W/System.err( 1177): 	at android.app.ActivityThread$H.handleMessage(ActivityThread.java:1196)
W/System.err( 1177): 	at android.os.Handler.dispatchMessage(Handler.java:102)
W/System.err( 1177): 	at android.os.Looper.loop(Looper.java:136)
W/System.err( 1177): 	at android.app.ActivityThread.main(ActivityThread.java:5001)
W/System.err( 1177): 	at java.lang.reflect.Method.invokeNative(Native Method)
W/System.err( 1177): 	at java.lang.reflect.Method.invoke(Method.java:515)
W/System.err( 1177): 	at com.android.internal.os.ZygoteInit$MethodAndArgsCaller.run(ZygoteInit.java:785)
W/System.err( 1177): 	at com.android.internal.os.ZygoteInit.main(ZygoteInit.java:601)
W/System.err( 1177): 	at dalvik.system.NativeStart.main(Native Method)
W/System.err( 1177): Caused by: libcore.io.ErrnoException: open failed: ENOENT (No such file or directory)
W/System.err( 1177): 	at libcore.io.Posix.open(Native Method)
W/System.err( 1177): 	at libcore.io.BlockGuardOs.open(BlockGuardOs.java:110)
W/System.err( 1177): 	at libcore.io.IoBridge.open(IoBridge.java:393)
W/System.err( 1177): 	... 17 more
D/dalvikvm( 1177): GC_CONCURRENT freed 1921K, 15% free 11507K/13484K, paused 56ms+58ms, total 257ms
W/System.err( 1177): java.io.FileNotFoundException: /storage/sdcard/joke/record: open failed: ENOENT (No such file or directory)
W/System.err( 1177): 	at libcore.io.IoBridge.open(IoBridge.java:409)
W/System.err( 1177): 	at java.io.FileInputStream.<init>(FileInputStream.java:78)
W/System.err( 1177): 	at com.hjj.lkk.jokeonejoke.util.ConfigUtil.ReadContentIndex(ConfigUtil.java:337)
W/System.err( 1177): 	at com.hjj.lkk.jokeonejoke.Page1Activity.onResume(Page1Activity.java:130)
W/System.err( 1177): 	at android.app.Instrumentation.callActivityOnResume(Instrumentation.java:1192)
W/System.err( 1177): 	at android.app.Activity.performResume(Activity.java:5310)
W/System.err( 1177): 	at android.app.ActivityThread.performResumeActivity(ActivityThread.java:2764)
W/System.err( 1177): 	at android.app.ActivityThread.handleResumeActivity(ActivityThread.java:2803)
W/System.err( 1177): 	at android.app.ActivityThread.handleLaunchActivity(ActivityThread.java:2238)
W/System.err( 1177): 	at android.app.ActivityThread.access$800(ActivityThread.java:135)
W/System.err( 1177): 	at android.app.ActivityThread$H.handleMessage(ActivityThread.java:1196)
W/System.err( 1177): 	at android.os.Handler.dispatchMessage(Handler.java:102)
W/System.err( 1177): 	at android.os.Looper.loop(Looper.java:136)
W/System.err( 1177): 	at android.app.ActivityThread.main(ActivityThread.java:5001)
W/System.err( 1177): 	at java.lang.reflect.Method.invokeNative(Native Method)
W/System.err( 1177): 	at java.lang.reflect.Method.invoke(Method.java:515)
W/System.err( 1177): 	at com.android.internal.os.ZygoteInit$MethodAndArgsCaller.run(ZygoteInit.java:785)
W/System.err( 1177): 	at com.android.internal.os.ZygoteInit.main(ZygoteInit.java:601)
W/System.err( 1177): 	at dalvik.system.NativeStart.main(Native Method)
W/System.err( 1177): Caused by: libcore.io.ErrnoException: open failed: ENOENT (No such file or directory)
W/System.err( 1177): 	at libcore.io.Posix.open(Native Method)
W/System.err( 1177): 	at libcore.io.BlockGuardOs.open(BlockGuardOs.java:110)
W/System.err( 1177): 	at libcore.io.IoBridge.open(IoBridge.java:393)
W/System.err( 1177): 	... 18 more
V/PhoneStatusBar(  457): setLightsOn(true)
I/Choreographer( 1177): Skipped 136 frames!  The application may be doing too much work on its main thread.
I/ActivityManager(  373): Displayed com.hjj.lkk.jokeonejoke/.Page1Activity: +3s696ms
D/AndroidRuntime( 1246): Shutting down VM
D/dalvikvm( 1246): GC_CONCURRENT freed 97K, 15% free 589K/692K, paused 2ms+2ms, total 35ms
I/Choreographer( 1177): Skipped 43 frames!  The application may be doing too much work on its main thread.
I/ARMAssembler(   57): generated scanline__00000077:03010104_00008002_00000000 [ 89 ipp] (110 ins) at [0xb5a9d8e0:0xb5a9da98] in 0 ns
W/SocketClient(   54): write error (Broken pipe)
D/dalvikvm( 1177): GC_CONCURRENT freed 1922K, 15% free 11529K/13516K, paused 12ms+14ms, total 79ms
W/SocketClient(   54): write error (Broken pipe)
D/AndroidRuntime( 1262): 
D/AndroidRuntime( 1262): >>>>>> AndroidRuntime START com.android.internal.os.RuntimeInit <<<<<<
D/AndroidRuntime( 1262): CheckJNI is ON
D/dalvikvm(  373): GC_CONCURRENT freed 655K, 56% free 5758K/13028K, paused 5ms+34ms, total 461ms
D/dalvikvm( 1262): Trying to load lib libjavacore.so 0x0
D/dalvikvm( 1262): Added shared lib libjavacore.so 0x0
D/dalvikvm( 1262): Trying to load lib libnativehelper.so 0x0
D/dalvikvm( 1262): Added shared lib libnativehelper.so 0x0
D/dalvikvm( 1262): No JNI_OnLoad found in libnativehelper.so 0x0, skipping init
D/dalvikvm( 1177): GC_CONCURRENT freed 1938K, 15% free 11554K/13536K, paused 6ms+52ms, total 180ms
D/dalvikvm( 1262): Note: class Landroid/app/ActivityManagerNative; has 179 unimplemented (abstract) methods
E/memtrack( 1262): Couldn't load memtrack module (No such file or directory)
E/android.os.Debug( 1262): failed to load memtrack module: -2
D/AndroidRuntime( 1262): Calling main entry com.android.commands.am.Am
I/ActivityManager(  373): START u0 {act=android.intent.action.MAIN cat=[android.intent.category.LAUNCHER] flg=0x10000000 cmp=com.hjj.lkk.jokeonejoke/.Page2Activity} from pid 1262
V/PhoneStatusBar(  457): setLightsOn(true)
I/Choreographer( 1177): Skipped 115 frames!  The application may be doing too much work on its main thread.
I/ActivityManager(  373): Displayed com.hjj.lkk.jokeonejoke/.Page2Activity: +2s473ms
D/AndroidRuntime( 1262): Shutting down VM
D/dalvikvm( 1262): GC_CONCURRENT freed 97K, 15% free 589K/692K, paused 2ms+1ms, total 21ms
W/SocketClient(   54): write error (Broken pipe)
D/dalvikvm( 1177): GC_CONCURRENT freed 1918K, 15% free 11595K/13576K, paused 4ms+18ms, total 105ms
W/SocketClient(   54): write error (Broken pipe)
D/dalvikvm( 1177): GC_CONCURRENT freed 1962K, 15% free 11611K/13612K, paused 5ms+5ms, total 123ms
D/AndroidRuntime( 1278): 
D/AndroidRuntime( 1278): >>>>>> AndroidRuntime START com.android.internal.os.RuntimeInit <<<<<<
D/AndroidRuntime( 1278): CheckJNI is ON
D/dalvikvm( 1278): Trying to load lib libjavacore.so 0x0
D/dalvikvm( 1278): Added shared lib libjavacore.so 0x0
D/dalvikvm( 1278): Trying to load lib libnativehelper.so 0x0
D/dalvikvm( 1278): Added shared lib libnativehelper.so 0x0
D/dalvikvm( 1278): No JNI_OnLoad found in libnativehelper.so 0x0, skipping init
D/dalvikvm(  373): GC_CONCURRENT freed 646K, 56% free 5763K/13028K, paused 33ms+5ms, total 370ms
D/dalvikvm( 1278): Note: class Landroid/app/ActivityManagerNative; has 179 unimplemented (abstract) methods
W/SocketClient(   54): write error (Broken pipe)
E/memtrack( 1278): Couldn't load memtrack module (No such file or directory)
E/android.os.Debug( 1278): failed to load memtrack module: -2
D/AndroidRuntime( 1278): Calling main entry com.android.commands.am.Am
I/ActivityManager(  373): START u0 {act=android.intent.action.MAIN cat=[android.intent.category.LAUNCHER] flg=0x10000000 cmp=com.hjj.lkk.jokeonejoke/.Page3Activity} from pid 1278
W/System.err( 1177): java.io.FileNotFoundException: /sdcard/weiwin/inspira/inspira: open failed: ENOENT (No such file or directory)
W/System.err( 1177): 	at libcore.io.IoBridge.open(IoBridge.java:409)
W/System.err( 1177): 	at java.io.FileInputStream.<init>(FileInputStream.java:78)
W/System.err( 1177): 	at com.hjj.lkk.jokeonejoke.util.SaveCollectToFile.ReadCollect(SaveCollectToFile.java:68)
W/System.err( 1177): 	at com.hjj.lkk.jokeonejoke.Page3Activity.onCreate(Page3Activity.java:47)
W/System.err( 1177): 	at android.app.Activity.performCreate(Activity.java:5231)
W/System.err( 1177): 	at android.app.Instrumentation.callActivityOnCreate(Instrumentation.java:1087)
W/System.err( 1177): 	at android.app.ActivityThread.performLaunchActivity(ActivityThread.java:2148)
W/System.err( 1177): 	at android.app.ActivityThread.handleLaunchActivity(ActivityThread.java:2233)
W/System.err( 1177): 	at android.app.ActivityThread.access$800(ActivityThread.java:135)
W/System.err( 1177): 	at android.app.ActivityThread$H.handleMessage(ActivityThread.java:1196)
W/System.err( 1177): 	at android.os.Handler.dispatchMessage(Handler.java:102)
W/System.err( 1177): 	at android.os.Looper.loop(Looper.java:136)
W/System.err( 1177): 	at android.app.ActivityThread.main(ActivityThread.java:5001)
W/System.err( 1177): 	at java.lang.reflect.Method.invokeNative(Native Method)
W/System.err( 1177): 	at java.lang.reflect.Method.invoke(Method.java:515)
W/System.err( 1177): 	at com.android.internal.os.ZygoteInit$MethodAndArgsCaller.run(ZygoteInit.java:785)
W/System.err( 1177): 	at com.android.internal.os.ZygoteInit.main(ZygoteInit.java:601)
W/System.err( 1177): 	at dalvik.system.NativeStart.main(Native Method)
W/System.err( 1177): Caused by: libcore.io.ErrnoException: open failed: ENOENT (No such file or directory)
W/System.err( 1177): 	at libcore.io.Posix.open(Native Method)
W/System.err( 1177): 	at libcore.io.BlockGuardOs.open(BlockGuardOs.java:110)
W/System.err( 1177): 	at libcore.io.IoBridge.open(IoBridge.java:393)
W/System.err( 1177): 	... 17 more
V/PhoneStatusBar(  457): setLightsOn(true)
I/ActivityManager(  373): Displayed com.hjj.lkk.jokeonejoke/.Page3Activity: +834ms
D/AndroidRuntime( 1278): Shutting down VM
D/dalvikvm( 1278): GC_CONCURRENT freed 97K, 15% free 589K/692K, paused 2ms+12ms, total 21ms
D/dalvikvm( 1177): GC_CONCURRENT freed 1917K, 15% free 11648K/13632K, paused 5ms+5ms, total 87ms
W/SocketClient(   54): write error (Broken pipe)
D/dalvikvm( 1177): GC_CONCURRENT freed 1946K, 15% free 11686K/13684K, paused 5ms+22ms, total 130ms
W/SocketClient(   54): write error (Broken pipe)
D/AndroidRuntime( 1293): 
D/AndroidRuntime( 1293): >>>>>> AndroidRuntime START com.android.internal.os.RuntimeInit <<<<<<
D/AndroidRuntime( 1293): CheckJNI is ON
W/SocketClient(   54): write error (Broken pipe)
D/dalvikvm( 1293): Trying to load lib libjavacore.so 0x0
D/dalvikvm( 1293): Added shared lib libjavacore.so 0x0
D/dalvikvm( 1293): Trying to load lib libnativehelper.so 0x0
D/dalvikvm( 1293): Added shared lib libnativehelper.so 0x0
D/dalvikvm( 1293): No JNI_OnLoad found in libnativehelper.so 0x0, skipping init
D/dalvikvm( 1293): Note: class Landroid/app/ActivityManagerNative; has 179 unimplemented (abstract) methods
D/dalvikvm(  373): GC_CONCURRENT freed 642K, 56% free 5767K/13028K, paused 5ms+4ms, total 259ms
E/memtrack( 1293): Couldn't load memtrack module (No such file or directory)
E/android.os.Debug( 1293): failed to load memtrack module: -2
D/AndroidRuntime( 1293): Calling main entry com.android.commands.am.Am
I/ActivityManager(  373): START u0 {act=android.intent.action.MAIN cat=[android.intent.category.LAUNCHER] flg=0x10000000 cmp=com.hjj.lkk.jokeonejoke/com.feiwo.banner.WebViewActivity} from pid 1293
V/WebViewChromiumFactoryProvider( 1177): Binding Chromium to main looper Looper (main, tid 1) {b2d02de8}
I/LibraryLoader( 1177): Expected native library version number "",actual native library version number ""
I/chromium( 1177): [INFO:library_loader_hooks.cc(116)] Chromium logging enabled: level = 0, default verbosity = 0
I/BrowserStartupController( 1177): Initializing chromium process, renderers=0
E/AudioManagerAndroid( 1177): BLUETOOTH permission is missing!
E/chromium( 1177): [ERROR:gl_surface_egl.cc(169)] No suitable EGL configs found.
E/chromium( 1177): [ERROR:gl_surface_egl.cc(702)] GLSurfaceEGL::InitializeOneOff failed.
E/chromium( 1177): [ERROR:gl_surface_egl.cc(169)] No suitable EGL configs found.
E/chromium( 1177): [ERROR:gl_surface_egl.cc(702)] GLSurfaceEGL::InitializeOneOff failed.
E/chromium( 1177): [ERROR:gpu_info_collector.cc(86)] gfx::GLSurface::InitializeOneOff() failed
D/dalvikvm( 1177): GC_CONCURRENT freed 1958K, 15% free 11696K/13708K, paused 6ms+15ms, total 268ms
W/chromium( 1177): [WARNING:mailbox_synchronizer.cc(36)] MailboxSync not supported due to missing EGL image/fence support
E/chromium( 1177): [ERROR:gl_surface_egl.cc(169)] No suitable EGL configs found.
E/chromium( 1177): [ERROR:gl_surface_egl.cc(702)] GLSurfaceEGL::InitializeOneOff failed.
W/chromium( 1177): [WARNING:proxy_service.cc(890)] PAC support disabled because there is no system implementation
W/InputMethodManagerService(  373): Window already focused, ignoring focus gain of: com.android.internal.view.IInputMethodClient$Stub$Proxy@b33ca588 attribute=null, token = android.os.BinderProxy@b33d1b98
W/SocketClient(   54): write error (Broken pipe)
W/SocketClient(   54): write error (Broken pipe)
D/dalvikvm( 1177): GC_CONCURRENT freed 1924K, 15% free 11724K/13728K, paused 5ms+14ms, total 99ms
W/SocketClient(   54): write error (Broken pipe)
D/dalvikvm( 1177): GC_CONCURRENT freed 1937K, 15% free 11750K/13740K, paused 4ms+22ms, total 99ms
D/dalvikvm(  373): GC_CONCURRENT freed 650K, 56% free 5769K/13028K, paused 15ms+31ms, total 165ms
W/SocketClient(   54): write error (Broken pipe)
D/dalvikvm( 1177): GC_CONCURRENT freed 1960K, 15% free 11756K/13752K, paused 5ms+6ms, total 105ms
W/SocketClient(   54): write error (Broken pipe)
D/dalvikvm( 1177): GC_CONCURRENT freed 1958K, 15% free 11760K/13756K, paused 5ms+4ms, total 102ms
W/SocketClient(   54): write error (Broken pipe)
D/dalvikvm(  373): GC_CONCURRENT freed 651K, 56% free 5768K/13028K, paused 7ms+3ms, total 142ms
D/dalvikvm( 1177): GC_CONCURRENT freed 1951K, 15% free 11752K/13772K, paused 13ms+13ms, total 78ms
W/SocketClient(   54): write error (Broken pipe)
D/dalvikvm( 1177): GC_CONCURRENT freed 1949K, 15% free 11756K/13772K, paused 5ms+18ms, total 86ms
W/SocketClient(   54): write error (Broken pipe)
D/dalvikvm( 1177): GC_CONCURRENT freed 1944K, 15% free 11768K/13772K, paused 4ms+11ms, total 85ms
D/dalvikvm(  373): GC_CONCURRENT freed 652K, 56% free 5767K/13028K, paused 6ms+4ms, total 176ms
D/dalvikvm( 1177): GC_CONCURRENT freed 1955K, 15% free 11779K/13788K, paused 4ms+5ms, total 103ms
W/SocketClient(   54): write error (Broken pipe)
D/dalvikvm( 1177): GC_CONCURRENT freed 1953K, 15% free 11790K/13800K, paused 5ms+5ms, total 107ms
W/SocketClient(   54): write error (Broken pipe)
D/dalvikvm(  373): GC_CONCURRENT freed 650K, 56% free 5768K/13028K, paused 14ms+22ms, total 167ms
W/SocketClient(   54): write error (Broken pipe)
D/dalvikvm( 1177): GC_CONCURRENT freed 1960K, 15% free 11807K/13808K, paused 5ms+4ms, total 126ms
W/SocketClient(   54): write error (Broken pipe)
D/dalvikvm( 1177): GC_CONCURRENT freed 1972K, 15% free 11800K/13832K, paused 5ms+7ms, total 106ms
W/SocketClient(   54): write error (Broken pipe)
W/SocketClient(   54): write error (Broken pipe)
D/dalvikvm( 1177): GC_CONCURRENT freed 1937K, 15% free 11812K/13852K, paused 4ms+12ms, total 82ms
D/dalvikvm(  373): GC_CONCURRENT freed 653K, 56% free 5768K/13028K, paused 5ms+4ms, total 180ms
W/SocketClient(   54): write error (Broken pipe)
D/dalvikvm( 1177): GC_CONCURRENT freed 1963K, 15% free 11819K/13852K, paused 4ms+16ms, total 112ms
W/SocketClient(   54): write error (Broken pipe)
D/dalvikvm( 1177): GC_CONCURRENT freed 1962K, 15% free 11832K/13852K, paused 5ms+4ms, total 124ms
D/dalvikvm(  373): GC_CONCURRENT freed 652K, 56% free 5769K/13028K, paused 5ms+33ms, total 177ms
D/dalvikvm( 1177): GC_CONCURRENT freed 1951K, 15% free 11829K/13852K, paused 3ms+12ms, total 85ms
W/SocketClient(   54): write error (Broken pipe)
D/dalvikvm( 1177): GC_CONCURRENT freed 1937K, 15% free 11867K/13852K, paused 13ms+12ms, total 116ms
W/SocketClient(   54): write error (Broken pipe)
W/SocketClient(   54): write error (Broken pipe)
D/dalvikvm( 1177): GC_CONCURRENT freed 1980K, 15% free 11863K/13880K, paused 5ms+7ms, total 127ms
D/dalvikvm(  373): GC_CONCURRENT freed 651K, 56% free 5770K/13028K, paused 27ms+16ms, total 161ms
W/SocketClient(   54): write error (Broken pipe)
D/dalvikvm( 1177): GC_CONCURRENT freed 1962K, 15% free 11852K/13880K, paused 4ms+4ms, total 89ms
W/SocketClient(   54): write error (Broken pipe)
W/SocketClient(   54): write error (Broken pipe)
D/dalvikvm( 1177): GC_CONCURRENT freed 1942K, 15% free 11874K/13880K, paused 14ms+31ms, total 111ms
W/SocketClient(   54): write error (Broken pipe)
D/dalvikvm(  373): GC_CONCURRENT freed 654K, 56% free 5768K/13028K, paused 22ms+4ms, total 167ms
D/dalvikvm( 1177): GC_CONCURRENT freed 1965K, 15% free 11870K/13900K, paused 4ms+16ms, total 107ms
D/dalvikvm( 1177): GC_CONCURRENT freed 1961K, 15% free 11880K/13904K, paused 3ms+22ms, total 112ms
W/SocketClient(   54): write error (Broken pipe)
D/dalvikvm( 1177): GC_CONCURRENT freed 1969K, 15% free 11887K/13908K, paused 5ms+5ms, total 115ms
D/dalvikvm(  373): GC_CONCURRENT freed 649K, 56% free 5767K/13028K, paused 14ms+12ms, total 125ms
W/SocketClient(   54): write error (Broken pipe)
D/dalvikvm( 1177): GC_CONCURRENT freed 1974K, 15% free 11895K/13920K, paused 5ms+5ms, total 131ms
W/SocketClient(   54): write error (Broken pipe)
D/dalvikvm( 1177): GC_CONCURRENT freed 1959K, 15% free 11911K/13920K, paused 5ms+4ms, total 126ms
D/dalvikvm(  373): GC_CONCURRENT freed 647K, 56% free 5769K/13028K, paused 6ms+31ms, total 133ms
W/SocketClient(   54): write error (Broken pipe)
D/dalvikvm( 1177): GC_CONCURRENT freed 1950K, 15% free 11917K/13920K, paused 12ms+6ms, total 93ms
W/SocketClient(   54): write error (Broken pipe)
D/dalvikvm( 1177): GC_CONCURRENT freed 1969K, 15% free 11918K/13952K, paused 5ms+21ms, total 111ms
W/SocketClient(   54): write error (Broken pipe)
D/dalvikvm( 1177): GC_CONCURRENT freed 1958K, 15% free 11928K/13952K, paused 5ms+5ms, total 118ms
D/dalvikvm(  373): GC_CONCURRENT freed 652K, 56% free 5770K/13028K, paused 14ms+7ms, total 190ms
W/SocketClient(   54): write error (Broken pipe)
D/dalvikvm( 1177): GC_CONCURRENT freed 1978K, 15% free 11928K/13956K, paused 14ms+5ms, total 126ms
W/SocketClient(   54): write error (Broken pipe)
D/dalvikvm( 1177): GC_CONCURRENT freed 1961K, 15% free 11927K/13956K, paused 5ms+6ms, total 101ms
D/dalvikvm(  373): GC_CONCURRENT freed 653K, 56% free 5768K/13028K, paused 4ms+12ms, total 157ms
W/SocketClient(   54): write error (Broken pipe)
D/dalvikvm( 1177): GC_CONCURRENT freed 1951K, 15% free 11952K/13956K, paused 5ms+5ms, total 122ms
W/SocketClient(   54): write error (Broken pipe)
D/dalvikvm( 1177): GC_CONCURRENT freed 1968K, 15% free 11976K/13968K, paused 13ms+7ms, total 148ms
W/SocketClient(   54): write error (Broken pipe)
D/dalvikvm( 1177): GC_CONCURRENT freed 1974K, 15% free 11976K/14004K, paused 16ms+11ms, total 120ms
D/dalvikvm(  373): GC_CONCURRENT freed 650K, 56% free 5770K/13028K, paused 6ms+5ms, total 167ms
W/SocketClient(   54): write error (Broken pipe)
D/dalvikvm( 1177): GC_CONCURRENT freed 1959K, 15% free 12011K/14004K, paused 11ms+6ms, total 142ms
W/SocketClient(   54): write error (Broken pipe)
W/SocketClient(   54): write error (Broken pipe)
D/dalvikvm( 1177): GC_CONCURRENT freed 1988K, 15% free 11990K/14036K, paused 4ms+21ms, total 113ms
W/SocketClient(   54): write error (Broken pipe)
D/dalvikvm(  373): GC_CONCURRENT freed 653K, 56% free 5768K/13028K, paused 11ms+11ms, total 140ms
D/dalvikvm( 1177): GC_CONCURRENT freed 1963K, 15% free 11986K/14036K, paused 3ms+14ms, total 104ms
W/SocketClient(   54): write error (Broken pipe)
W/SocketClient(   54): write error (Broken pipe)
D/dalvikvm( 1177): GC_CONCURRENT freed 1938K, 15% free 12023K/14036K, paused 5ms+34ms, total 118ms
W/SocketClient(   54): write error (Broken pipe)
D/dalvikvm( 1177): GC_CONCURRENT freed 1978K, 15% free 12030K/14044K, paused 4ms+5ms, total 136ms
D/dalvikvm(  373): GC_CONCURRENT freed 648K, 56% free 5769K/13028K, paused 6ms+5ms, total 148ms
W/SocketClient(   54): write error (Broken pipe)
D/dalvikvm( 1177): GC_CONCURRENT freed 1992K, 15% free 12034K/14064K, paused 4ms+5ms, total 147ms
W/SocketClient(   54): write error (Broken pipe)
D/dalvikvm( 1177): GC_CONCURRENT freed 1987K, 15% free 12031K/14084K, paused 3ms+25ms, total 135ms
D/dalvikvm(  373): GC_CONCURRENT freed 653K, 56% free 5770K/13028K, paused 4ms+33ms, total 156ms
D/dalvikvm( 1177): GC_CONCURRENT freed 1982K, 15% free 12045K/14084K, paused 3ms+25ms, total 123ms
W/SocketClient(   54): write error (Broken pipe)
D/dalvikvm( 1177): GC_CONCURRENT freed 2012K, 15% free 12044K/14104K, paused 22ms+6ms, total 146ms
W/SocketClient(   54): write error (Broken pipe)
D/dalvikvm(  373): GC_CONCURRENT freed 655K, 56% free 5770K/13028K, paused 12ms+22ms, total 154ms
D/dalvikvm( 1177): GC_CONCURRENT freed 1957K, 15% free 12091K/14104K, paused 11ms+6ms, total 145ms
W/SocketClient(   54): write error (Broken pipe)
D/dalvikvm( 1177): GC_CONCURRENT freed 2015K, 15% free 12058K/14132K, paused 33ms+21ms, total 170ms
W/SocketClient(   54): write error (Broken pipe)
D/dalvikvm( 1177): GC_CONCURRENT freed 1977K, 15% free 12091K/14132K, paused 4ms+6ms, total 151ms
W/SocketClient(   54): write error (Broken pipe)
D/dalvikvm(  373): GC_CONCURRENT freed 651K, 56% free 5770K/13028K, paused 5ms+19ms, total 132ms
D/dalvikvm( 1177): GC_CONCURRENT freed 2004K, 15% free 12090K/14132K, paused 15ms+5ms, total 137ms
W/SocketClient(   54): write error (Broken pipe)
W/SocketClient(   54): write error (Broken pipe)
D/dalvikvm( 1177): GC_CONCURRENT freed 1999K, 15% free 12095K/14132K, paused 5ms+5ms, total 153ms
W/SocketClient(   54): write error (Broken pipe)
D/dalvikvm(  373): GC_CONCURRENT freed 652K, 56% free 5770K/13028K, paused 10ms+24ms, total 141ms
D/dalvikvm( 1177): GC_CONCURRENT freed 2010K, 15% free 12115K/14148K, paused 23ms+7ms, total 168ms
W/SocketClient(   54): write error (Broken pipe)
D/dalvikvm( 1177): GC_CONCURRENT freed 1986K, 15% free 12091K/14148K, paused 4ms+15ms, total 86ms
W/SocketClient(   54): write error (Broken pipe)
D/dalvikvm( 1177): GC_CONCURRENT freed 1963K, 15% free 12117K/14148K, paused 4ms+22ms, total 134ms
W/SocketClient(   54): write error (Broken pipe)
D/dalvikvm(  373): GC_CONCURRENT freed 652K, 56% free 5768K/13028K, paused 14ms+13ms, total 134ms
D/dalvikvm( 1177): GC_CONCURRENT freed 1972K, 15% free 12123K/14152K, paused 5ms+34ms, total 106ms
W/SocketClient(   54): write error (Broken pipe)
D/dalvikvm( 1177): GC_CONCURRENT freed 2009K, 15% free 12144K/14168K, paused 12ms+8ms, total 175ms
W/SocketClient(   54): write error (Broken pipe)
D/dalvikvm(  373): GC_CONCURRENT freed 650K, 56% free 5771K/13028K, paused 13ms+33ms, total 149ms
D/dalvikvm( 1177): GC_CONCURRENT freed 2008K, 15% free 12123K/14180K, paused 5ms+6ms, total 130ms
W/SocketClient(   54): write error (Broken pipe)
D/dalvikvm( 1177): GC_CONCURRENT freed 1956K, 15% free 12132K/14180K, paused 5ms+12ms, total 92ms
W/SocketClient(   54): write error (Broken pipe)
D/dalvikvm( 1177): GC_CONCURRENT freed 1983K, 15% free 12133K/14180K, paused 4ms+5ms, total 117ms
W/SocketClient(   54): write error (Broken pipe)
D/dalvikvm(  373): GC_CONCURRENT freed 654K, 56% free 5769K/13028K, paused 14ms+14ms, total 133ms
D/dalvikvm( 1177): GC_CONCURRENT freed 1960K, 15% free 12162K/14180K, paused 4ms+5ms, total 128ms
D/dalvikvm( 1177): GC_CONCURRENT freed 1988K, 15% free 12158K/14188K, paused 4ms+7ms, total 122ms
D/dalvikvm(  373): GC_CONCURRENT freed 649K, 56% free 5768K/13028K, paused 14ms+13ms, total 112ms
W/SocketClient(   54): write error (Broken pipe)
D/dalvikvm( 1177): GC_CONCURRENT freed 1978K, 15% free 12190K/14188K, paused 5ms+7ms, total 150ms
W/SocketClient(   54): write error (Broken pipe)
D/dalvikvm( 1177): GC_CONCURRENT freed 1983K, 15% free 12191K/14228K, paused 5ms+41ms, total 124ms
W/SocketClient(   54): write error (Broken pipe)
D/dalvikvm( 1177): GC_CONCURRENT freed 2037K, 15% free 12183K/14256K, paused 18ms+7ms, total 161ms
D/dalvikvm(  373): GC_CONCURRENT freed 651K, 56% free 5771K/13028K, paused 7ms+4ms, total 169ms
W/SocketClient(   54): write error (Broken pipe)
D/dalvikvm( 1177): GC_CONCURRENT freed 1965K, 15% free 12187K/14256K, paused 5ms+7ms, total 99ms
W/SocketClient(   54): write error (Broken pipe)
D/dalvikvm( 1177): GC_CONCURRENT freed 1967K, 15% free 12177K/14256K, paused 5ms+11ms, total 83ms
D/dalvikvm(  373): GC_CONCURRENT freed 655K, 56% free 5771K/13028K, paused 5ms+5ms, total 158ms
W/SocketClient(   54): write error (Broken pipe)
D/dalvikvm( 1177): GC_CONCURRENT freed 1949K, 15% free 12184K/14256K, paused 4ms+11ms, total 84ms
W/SocketClient(   54): write error (Broken pipe)
D/dalvikvm( 1177): GC_CONCURRENT freed 1957K, 15% free 12207K/14256K, paused 5ms+12ms, total 116ms
W/SocketClient(   54): write error (Broken pipe)
D/dalvikvm( 1177): GC_CONCURRENT freed 1987K, 15% free 12206K/14256K, paused 23ms+5ms, total 117ms
D/dalvikvm(  373): GC_CONCURRENT freed 653K, 56% free 5768K/13028K, paused 5ms+5ms, total 126ms
W/SocketClient(   54): write error (Broken pipe)
D/dalvikvm( 1177): GC_CONCURRENT freed 1959K, 15% free 12245K/14256K, paused 13ms+6ms, total 139ms
D/dalvikvm( 1177): GC_CONCURRENT freed 2008K, 15% free 12221K/14276K, paused 4ms+7ms, total 121ms
W/SocketClient(   54): write error (Broken pipe)
D/dalvikvm(  373): GC_CONCURRENT freed 649K, 56% free 5770K/13028K, paused 6ms+15ms, total 130ms
W/SocketClient(   54): write error (Broken pipe)
D/dalvikvm( 1177): GC_CONCURRENT freed 1954K, 15% free 12242K/14276K, paused 4ms+22ms, total 114ms
D/dalvikvm( 1177): GC_CONCURRENT freed 1985K, 15% free 12258K/14276K, paused 4ms+7ms, total 141ms
W/SocketClient(   54): write error (Broken pipe)
D/dalvikvm( 1177): GC_CONCURRENT freed 1987K, 15% free 12249K/14284K, paused 11ms+6ms, total 109ms
D/dalvikvm(  373): GC_CONCURRENT freed 650K, 56% free 5769K/13028K, paused 24ms+12ms, total 114ms
W/SocketClient(   54): write error (Broken pipe)
D/dalvikvm( 1177): GC_CONCURRENT freed 1986K, 15% free 12280K/14284K, paused 4ms+6ms, total 160ms
W/SocketClient(   54): write error (Broken pipe)
D/dalvikvm( 1177): GC_CONCURRENT freed 1997K, 15% free 12252K/14308K, paused 13ms+16ms, total 109ms
W/SocketClient(   54): write error (Broken pipe)
D/dalvikvm(  373): GC_CONCURRENT freed 651K, 56% free 5769K/13028K, paused 6ms+4ms, total 138ms
D/dalvikvm( 1177): GC_CONCURRENT freed 1964K, 15% free 12259K/14308K, paused 14ms+5ms, total 120ms
W/SocketClient(   54): write error (Broken pipe)
D/dalvikvm( 1177): GC_CONCURRENT freed 1965K, 15% free 12323K/14376K, paused 3ms+5ms, total 169ms
W/SocketClient(   54): write error (Broken pipe)
D/dalvikvm( 1177): GC_CONCURRENT freed 1993K, 15% free 12303K/14376K, paused 4ms+5ms, total 159ms
D/dalvikvm(  373): GC_CONCURRENT freed 649K, 56% free 5769K/13028K, paused 21ms+9ms, total 175ms
W/SocketClient(   54): write error (Broken pipe)
D/dalvikvm( 1177): GC_CONCURRENT freed 1976K, 15% free 12307K/14376K, paused 5ms+13ms, total 122ms
W/SocketClient(   54): write error (Broken pipe)
D/dalvikvm( 1177): GC_CONCURRENT freed 1961K, 15% free 12338K/14376K, paused 5ms+23ms, total 128ms
W/SocketClient(   54): write error (Broken pipe)
D/dalvikvm(  373): GC_CONCURRENT freed 655K, 56% free 5768K/13028K, paused 12ms+13ms, total 163ms
W/SocketClient(   54): write error (Broken pipe)
D/dalvikvm( 1177): GC_CONCURRENT freed 1981K, 15% free 12332K/14376K, paused 20ms+17ms, total 117ms
W/SocketClient(   54): write error (Broken pipe)
D/dalvikvm( 1177): GC_CONCURRENT freed 2000K, 15% free 12332K/14396K, paused 4ms+12ms, total 142ms
W/SocketClient(   54): write error (Broken pipe)
D/dalvikvm(  373): GC_CONCURRENT freed 651K, 56% free 5768K/13028K, paused 5ms+13ms, total 135ms
D/dalvikvm( 1177): GC_CONCURRENT freed 1977K, 15% free 12351K/14396K, paused 11ms+5ms, total 126ms
W/SocketClient(   54): write error (Broken pipe)
D/dalvikvm( 1177): GC_CONCURRENT freed 1977K, 15% free 12359K/14396K, paused 5ms+6ms, total 122ms
W/SocketClient(   54): write error (Broken pipe)
D/dalvikvm( 1177): GC_CONCURRENT freed 1980K, 15% free 12371K/14396K, paused 5ms+7ms, total 154ms
W/SocketClient(   54): write error (Broken pipe)
D/dalvikvm(  373): GC_CONCURRENT freed 652K, 56% free 5770K/13028K, paused 14ms+23ms, total 153ms
D/dalvikvm( 1177): GC_CONCURRENT freed 1987K, 15% free 12379K/14404K, paused 5ms+13ms, total 133ms
W/SocketClient(   54): write error (Broken pipe)
D/dalvikvm( 1177): GC_CONCURRENT freed 2006K, 15% free 12364K/14432K, paused 14ms+15ms, total 141ms
W/SocketClient(   54): write error (Broken pipe)
D/dalvikvm(  373): GC_CONCURRENT freed 659K, 56% free 5770K/13028K, paused 14ms+5ms, total 203ms
D/dalvikvm( 1177): GC_CONCURRENT freed 1995K, 15% free 12397K/14432K, paused 3ms+5ms, total 170ms
W/SocketClient(   54): write error (Broken pipe)
D/dalvikvm( 1177): GC_CONCURRENT freed 1996K, 15% free 12385K/14436K, paused 5ms+16ms, total 124ms
W/SocketClient(   54): write error (Broken pipe)
D/dalvikvm( 1177): GC_CONCURRENT freed 1953K, 15% free 12403K/14436K, paused 4ms+10ms, total 107ms
W/SocketClient(   54): write error (Broken pipe)
D/dalvikvm(  373): GC_CONCURRENT freed 660K, 56% free 5771K/13028K, paused 5ms+6ms, total 222ms
W/SocketClient(   54): write error (Broken pipe)
D/dalvikvm( 1177): GC_CONCURRENT freed 1988K, 14% free 12433K/14436K, paused 4ms+7ms, total 163ms
W/SocketClient(   54): write error (Broken pipe)
D/dalvikvm( 1177): GC_CONCURRENT freed 2011K, 15% free 12429K/14472K, paused 7ms+5ms, total 154ms
W/SocketClient(   54): write error (Broken pipe)
D/dalvikvm(  373): GC_CONCURRENT freed 658K, 56% free 5768K/13028K, paused 5ms+14ms, total 176ms
D/dalvikvm( 1177): GC_CONCURRENT freed 1995K, 15% free 12414K/14472K, paused 5ms+15ms, total 122ms
W/SocketClient(   54): write error (Broken pipe)
D/dalvikvm( 1177): GC_CONCURRENT freed 1968K, 15% free 12433K/14472K, paused 5ms+5ms, total 132ms
W/SocketClient(   54): write error (Broken pipe)
D/dalvikvm( 1177): GC_CONCURRENT freed 1987K, 14% free 12446K/14472K, paused 4ms+7ms, total 152ms
W/SocketClient(   54): write error (Broken pipe)
D/dalvikvm(  373): GC_CONCURRENT freed 651K, 56% free 5772K/13028K, paused 5ms+4ms, total 170ms
D/dalvikvm( 1177): GC_CONCURRENT freed 1993K, 15% free 12435K/14484K, paused 14ms+15ms, total 123ms
W/SocketClient(   54): write error (Broken pipe)
D/dalvikvm( 1177): GC_CONCURRENT freed 1982K, 14% free 12480K/14484K, paused 5ms+6ms, total 172ms
W/SocketClient(   54): write error (Broken pipe)
D/dalvikvm(  373): GC_CONCURRENT freed 657K, 56% free 5770K/13028K, paused 12ms+22ms, total 151ms
D/dalvikvm( 1177): GC_CONCURRENT freed 2034K, 15% free 12472K/14532K, paused 4ms+6ms, total 167ms
W/SocketClient(   54): write error (Broken pipe)
D/dalvikvm( 1177): GC_CONCURRENT freed 1986K, 15% free 12457K/14532K, paused 4ms+14ms, total 106ms
W/SocketClient(   54): write error (Broken pipe)
D/dalvikvm( 1177): GC_CONCURRENT freed 1979K, 15% free 12479K/14532K, paused 4ms+7ms, total 144ms
W/SocketClient(   54): write error (Broken pipe)
D/dalvikvm(  373): GC_CONCURRENT freed 651K, 56% free 5771K/13028K, paused 14ms+22ms, total 133ms
D/dalvikvm( 1177): GC_CONCURRENT freed 1984K, 15% free 12468K/14532K, paused 5ms+10ms, total 113ms
W/SocketClient(   54): write error (Broken pipe)
W/SocketClient(   54): write error (Broken pipe)
D/dalvikvm( 1177): GC_CONCURRENT freed 1967K, 15% free 12489K/14532K, paused 3ms+15ms, total 132ms
W/SocketClient(   54): write error (Broken pipe)
D/dalvikvm(  373): GC_CONCURRENT freed 653K, 56% free 5771K/13028K, paused 5ms+23ms, total 156ms
D/dalvikvm( 1177): GC_CONCURRENT freed 2000K, 15% free 12479K/14544K, paused 4ms+15ms, total 141ms
W/SocketClient(   54): write error (Broken pipe)
D/dalvikvm( 1177): GC_CONCURRENT freed 1986K, 15% free 12493K/14544K, paused 5ms+7ms, total 146ms
W/SocketClient(   54): write error (Broken pipe)
D/dalvikvm( 1177): GC_CONCURRENT freed 1954K, 15% free 12494K/14544K, paused 13ms+12ms, total 99ms
E/FrameworkListener(   54): read() failed (Connection reset by peer)
D/dalvikvm(  373): GC_CONCURRENT freed 654K, 56% free 5769K/13028K, paused 4ms+15ms, total 147ms
W/SocketClient(   54): write error (Broken pipe)
D/dalvikvm( 1177): GC_CONCURRENT freed 1988K, 14% free 12539K/14548K, paused 6ms+7ms, total 188ms
W/SocketClient(   54): write error (Broken pipe)
D/dalvikvm( 1177): GC_CONCURRENT freed 1999K, 15% free 12513K/14572K, paused 14ms+13ms, total 120ms
W/SocketClient(   54): write error (Broken pipe)
D/dalvikvm(  373): GC_CONCURRENT freed 648K, 56% free 5772K/13028K, paused 11ms+34ms, total 131ms
D/dalvikvm( 1177): GC_CONCURRENT freed 1973K, 14% free 12558K/14572K, paused 5ms+5ms, total 165ms
W/SocketClient(   54): write error (Broken pipe)
D/dalvikvm( 1177): GC_CONCURRENT freed 1998K, 14% free 12552K/14580K, paused 24ms+6ms, total 146ms
W/SocketClient(   54): write error (Broken pipe)
D/dalvikvm( 1177): GC_CONCURRENT freed 1979K, 14% free 12556K/14580K, paused 3ms+7ms, total 123ms
D/dalvikvm(  373): GC_CONCURRENT freed 653K, 56% free 5771K/13028K, paused 10ms+31ms, total 149ms
W/SocketClient(   54): write error (Broken pipe)
D/dalvikvm( 1177): GC_CONCURRENT freed 2001K, 14% free 12574K/14596K, paused 6ms+5ms, total 164ms
W/SocketClient(   54): write error (Broken pipe)
D/dalvikvm( 1177): GC_CONCURRENT freed 2007K, 15% free 12558K/14612K, paused 5ms+5ms, total 133ms
W/SocketClient(   54): write error (Broken pipe)
D/dalvikvm(  373): GC_CONCURRENT freed 655K, 56% free 5770K/13028K, paused 17ms+4ms, total 138ms
D/dalvikvm( 1177): GC_CONCURRENT freed 1983K, 14% free 12572K/14612K, paused 5ms+15ms, total 136ms
W/SocketClient(   54): write error (Broken pipe)
D/dalvikvm( 1177): GC_CONCURRENT freed 1992K, 15% free 12561K/14612K, paused 5ms+14ms, total 123ms
W/SocketClient(   54): write error (Broken pipe)
D/dalvikvm( 1177): GC_CONCURRENT freed 1974K, 14% free 12580K/14612K, paused 5ms+6ms, total 135ms
D/dalvikvm(  373): GC_CONCURRENT freed 649K, 56% free 5770K/13028K, paused 4ms+5ms, total 115ms
W/SocketClient(   54): write error (Broken pipe)
D/dalvikvm( 1177): GC_CONCURRENT freed 1983K, 14% free 12583K/14620K, paused 4ms+16ms, total 126ms
W/SocketClient(   54): write error (Broken pipe)
D/dalvikvm( 1177): GC_CONCURRENT freed 1955K, 14% free 12598K/14620K, paused 11ms+7ms, total 108ms
D/dalvikvm(  373): GC_CONCURRENT freed 654K, 56% free 5769K/13028K, paused 19ms+5ms, total 152ms
W/SocketClient(   54): write error (Broken pipe)
D/dalvikvm( 1177): GC_CONCURRENT freed 1980K, 14% free 12606K/14640K, paused 3ms+20ms, total 127ms
D/dalvikvm( 1177): GC_CONCURRENT freed 1976K, 14% free 12618K/14640K, paused 5ms+6ms, total 136ms
W/SocketClient(   54): write error (Broken pipe)
D/dalvikvm( 1177): GC_CONCURRENT freed 2020K, 15% free 12619K/14684K, paused 5ms+8ms, total 208ms
D/dalvikvm(  373): GC_CONCURRENT freed 651K, 56% free 5771K/13028K, paused 22ms+32ms, total 192ms
W/SocketClient(   54): write error (Broken pipe)
D/dalvikvm( 1177): GC_CONCURRENT freed 2001K, 15% free 12617K/14684K, paused 5ms+5ms, total 142ms
W/SocketClient(   54): write error (Broken pipe)
D/dalvikvm( 1177): GC_CONCURRENT freed 1967K, 15% free 12627K/14684K, paused 5ms+6ms, total 125ms
D/dalvikvm(  373): GC_CONCURRENT freed 654K, 56% free 5769K/13028K, paused 4ms+14ms, total 147ms
W/SocketClient(   54): write error (Broken pipe)
D/dalvikvm( 1177): GC_CONCURRENT freed 1965K, 14% free 12644K/14684K, paused 4ms+24ms, total 125ms
W/SocketClient(   54): write error (Broken pipe)
D/dalvikvm( 1177): GC_CONCURRENT freed 1994K, 14% free 12645K/14700K, paused 5ms+27ms, total 147ms
W/SocketClient(   54): write error (Broken pipe)
D/dalvikvm(  373): GC_CONCURRENT freed 646K, 56% free 5772K/13028K, paused 13ms+32ms, total 123ms
D/dalvikvm( 1177): GC_CONCURRENT freed 1967K, 14% free 12659K/14700K, paused 4ms+16ms, total 127ms
W/SocketClient(   54): write error (Broken pipe)
W/SocketClient(   54): write error (Broken pipe)
D/dalvikvm( 1177): GC_CONCURRENT freed 1991K, 14% free 12672K/14716K, paused 3ms+34ms, total 152ms
W/SocketClient(   54): write error (Broken pipe)
D/dalvikvm( 1177): GC_CONCURRENT freed 1997K, 15% free 12651K/14716K, paused 5ms+14ms, total 134ms
D/dalvikvm(  373): GC_CONCURRENT freed 654K, 56% free 5773K/13028K, paused 6ms+34ms, total 170ms
W/SocketClient(   54): write error (Broken pipe)
D/dalvikvm( 1177): GC_CONCURRENT freed 2005K, 14% free 12690K/14720K, paused 5ms+6ms, total 202ms
W/SocketClient(   54): write error (Broken pipe)
D/dalvikvm( 1177): GC_CONCURRENT freed 2017K, 15% free 12677K/14744K, paused 3ms+24ms, total 151ms
W/SocketClient(   54): write error (Broken pipe)
D/dalvikvm(  373): GC_CONCURRENT freed 656K, 56% free 5773K/13028K, paused 12ms+5ms, total 178ms
D/dalvikvm( 1177): GC_CONCURRENT freed 1994K, 14% free 12682K/14744K, paused 5ms+8ms, total 150ms
W/SocketClient(   54): write error (Broken pipe)
W/SocketClient(   54): write error (Broken pipe)
D/dalvikvm( 1177): GC_CONCURRENT freed 2012K, 15% free 12679K/14752K, paused 4ms+28ms, total 168ms
W/SocketClient(   54): write error (Broken pipe)
D/dalvikvm( 1177): GC_CONCURRENT freed 1973K, 15% free 12672K/14752K, paused 12ms+11ms, total 119ms
D/dalvikvm(  373): GC_CONCURRENT freed 658K, 56% free 5770K/13028K, paused 11ms+12ms, total 160ms
W/SocketClient(   54): write error (Broken pipe)
D/dalvikvm( 1177): GC_CONCURRENT freed 1971K, 14% free 12717K/14752K, paused 13ms+7ms, total 166ms
W/SocketClient(   54): write error (Broken pipe)
D/dalvikvm( 1177): GC_CONCURRENT freed 2018K, 14% free 12690K/14756K, paused 5ms+7ms, total 138ms
W/SocketClient(   54): write error (Broken pipe)
D/dalvikvm(  373): GC_CONCURRENT freed 656K, 56% free 5774K/13028K, paused 5ms+5ms, total 214ms
D/dalvikvm( 1177): GC_CONCURRENT freed 1992K, 14% free 12700K/14756K, paused 4ms+15ms, total 154ms
W/SocketClient(   54): write error (Broken pipe)
W/SocketClient(   54): write error (Broken pipe)
D/dalvikvm( 1177): GC_CONCURRENT freed 1994K, 14% free 12691K/14756K, paused 5ms+14ms, total 135ms
W/SocketClient(   54): write error (Broken pipe)
D/dalvikvm( 1177): GC_CONCURRENT freed 1948K, 15% free 12686K/14756K, paused 4ms+14ms, total 97ms
D/dalvikvm(  373): GC_CONCURRENT freed 656K, 56% free 5772K/13028K, paused 4ms+33ms, total 155ms
W/SocketClient(   54): write error (Broken pipe)
D/dalvikvm( 1177): GC_CONCURRENT freed 1977K, 15% free 12684K/14756K, paused 15ms+29ms, total 205ms
W/SocketClient(   54): write error (Broken pipe)
D/dalvikvm( 1177): GC_CONCURRENT freed 1969K, 15% free 12687K/14756K, paused 4ms+8ms, total 118ms
W/SocketClient(   54): write error (Broken pipe)
D/dalvikvm(  373): GC_CONCURRENT freed 654K, 56% free 5770K/13028K, paused 4ms+14ms, total 136ms
D/dalvikvm( 1177): GC_CONCURRENT freed 1970K, 14% free 12699K/14756K, paused 3ms+13ms, total 121ms
W/SocketClient(   54): write error (Broken pipe)
D/dalvikvm( 1177): GC_CONCURRENT freed 2011K, 14% free 12744K/14772K, paused 5ms+8ms, total 222ms
W/SocketClient(   54): write error (Broken pipe)
D/dalvikvm( 1177): GC_CONCURRENT freed 2006K, 14% free 12721K/14772K, paused 13ms+7ms, total 128ms
D/dalvikvm(  373): GC_CONCURRENT freed 653K, 56% free 5770K/13028K, paused 4ms+15ms, total 158ms
W/SocketClient(   54): write error (Broken pipe)
D/dalvikvm( 1177): GC_CONCURRENT freed 1987K, 14% free 12707K/14772K, paused 15ms+6ms, total 118ms
W/SocketClient(   54): write error (Broken pipe)
D/dalvikvm( 1177): GC_CONCURRENT freed 1991K, 14% free 12720K/14772K, paused 5ms+21ms, total 153ms
W/SocketClient(   54): write error (Broken pipe)
D/dalvikvm(  373): GC_CONCURRENT freed 656K, 56% free 5773K/13028K, paused 15ms+4ms, total 220ms
W/SocketClient(   54): write error (Broken pipe)
D/dalvikvm( 1177): GC_CONCURRENT freed 1998K, 14% free 12716K/14776K, paused 8ms+12ms, total 147ms
W/SocketClient(   54): write error (Broken pipe)
D/dalvikvm( 1177): GC_CONCURRENT freed 1961K, 14% free 12743K/14776K, paused 8ms+19ms, total 194ms
W/SocketClient(   54): write error (Broken pipe)
D/dalvikvm( 1177): GC_CONCURRENT freed 2005K, 14% free 12721K/14784K, paused 6ms+14ms, total 128ms
D/dalvikvm(  373): GC_CONCURRENT freed 658K, 56% free 5771K/13028K, paused 5ms+6ms, total 179ms
D/dalvikvm( 1177): GC_CONCURRENT freed 2016K, 14% free 12748K/14792K, paused 3ms+6ms, total 198ms
W/SocketClient(   54): write error (Broken pipe)
W/SocketClient(   54): write error (Broken pipe)
D/dalvikvm( 1177): GC_CONCURRENT freed 2028K, 15% free 12730K/14816K, paused 5ms+26ms, total 158ms
D/dalvikvm(  373): GC_CONCURRENT freed 653K, 56% free 5774K/13028K, paused 4ms+4ms, total 178ms
D/dalvikvm( 1177): GC_CONCURRENT freed 1992K, 15% free 12729K/14816K, paused 4ms+6ms, total 137ms
D/dalvikvm( 1177): GC_CONCURRENT freed 1986K, 14% free 12764K/14816K, paused 5ms+24ms, total 178ms
W/SocketClient(   54): write error (Broken pipe)
D/dalvikvm( 1177): GC_CONCURRENT freed 2012K, 15% free 12724K/14816K, paused 4ms+12ms, total 115ms
W/SocketClient(   54): write error (Broken pipe)
D/dalvikvm(  373): GC_CONCURRENT freed 660K, 56% free 5774K/13028K, paused 4ms+5ms, total 207ms
W/SocketClient(   54): write error (Broken pipe)
D/dalvikvm( 1177): GC_CONCURRENT freed 1987K, 14% free 12752K/14816K, paused 23ms+10ms, total 173ms
W/SocketClient(   54): write error (Broken pipe)
D/dalvikvm( 1177): GC_CONCURRENT freed 2012K, 14% free 12744K/14816K, paused 5ms+11ms, total 155ms
W/SocketClient(   54): write error (Broken pipe)
D/dalvikvm(  373): GC_CONCURRENT freed 655K, 56% free 5771K/13028K, paused 5ms+13ms, total 137ms
D/dalvikvm( 1177): GC_CONCURRENT freed 1988K, 14% free 12744K/14816K, paused 4ms+22ms, total 135ms
D/dalvikvm( 1177): GC_CONCURRENT freed 1979K, 15% free 12739K/14816K, paused 4ms+9ms, total 134ms
W/SocketClient(   54): write error (Broken pipe)
D/dalvikvm( 1177): GC_CONCURRENT freed 1981K, 15% free 12735K/14816K, paused 4ms+15ms, total 127ms
D/dalvikvm(  373): GC_CONCURRENT freed 661K, 56% free 5775K/13028K, paused 4ms+5ms, total 262ms
W/SocketClient(   54): write error (Broken pipe)
D/dalvikvm( 1177): GC_CONCURRENT freed 1976K, 15% free 12731K/14816K, paused 4ms+14ms, total 119ms
W/SocketClient(   54): write error (Broken pipe)
D/dalvikvm( 1177): GC_CONCURRENT freed 1979K, 15% free 12736K/14816K, paused 5ms+14ms, total 128ms
W/SocketClient(   54): write error (Broken pipe)
D/dalvikvm(  373): GC_CONCURRENT freed 657K, 56% free 5771K/13028K, paused 4ms+12ms, total 145ms
D/dalvikvm( 1177): GC_CONCURRENT freed 1974K, 15% free 12728K/14816K, paused 15ms+15ms, total 131ms
W/SocketClient(   54): write error (Broken pipe)
D/dalvikvm( 1177): GC_CONCURRENT freed 1963K, 15% free 12735K/14816K, paused 5ms+15ms, total 125ms
W/SocketClient(   54): write error (Broken pipe)
D/dalvikvm( 1177): GC_CONCURRENT freed 1992K, 15% free 12741K/14816K, paused 5ms+11ms, total 143ms
D/dalvikvm(  373): GC_CONCURRENT freed 654K, 56% free 5770K/13028K, paused 4ms+13ms, total 145ms
W/SocketClient(   54): write error (Broken pipe)
D/dalvikvm( 1177): GC_CONCURRENT freed 1959K, 14% free 12775K/14816K, paused 9ms+7ms, total 143ms
W/SocketClient(   54): write error (Broken pipe)
W/SocketClient(   54): write error (Broken pipe)
D/dalvikvm( 1177): GC_CONCURRENT freed 2013K, 14% free 12762K/14816K, paused 4ms+7ms, total 159ms
D/dalvikvm(  373): GC_CONCURRENT freed 652K, 56% free 5771K/13028K, paused 13ms+4ms, total 140ms
W/SocketClient(   54): write error (Broken pipe)
D/dalvikvm( 1177): GC_CONCURRENT freed 2014K, 14% free 12752K/14816K, paused 10ms+10ms, total 147ms
W/SocketClient(   54): write error (Broken pipe)
D/dalvikvm( 1177): GC_CONCURRENT freed 2017K, 15% free 12740K/14824K, paused 5ms+12ms, total 159ms
W/SocketClient(   54): write error (Broken pipe)
D/dalvikvm( 1177): GC_CONCURRENT freed 1999K, 15% free 12742K/14824K, paused 3ms+10ms, total 151ms
W/SocketClient(   54): write error (Broken pipe)
D/dalvikvm(  373): GC_CONCURRENT freed 649K, 56% free 5779K/13028K, paused 12ms+33ms, total 186ms
W/SocketClient(   54): write error (Broken pipe)
D/dalvikvm( 1177): GC_CONCURRENT freed 1983K, 14% free 12766K/14824K, paused 5ms+46ms, total 158ms
W/SocketClient(   54): write error (Broken pipe)
D/dalvikvm( 1177): GC_CONCURRENT freed 2018K, 14% free 12762K/14824K, paused 5ms+6ms, total 168ms
W/SocketClient(   54): write error (Broken pipe)
D/dalvikvm(  373): GC_CONCURRENT freed 668K, 56% free 5770K/13028K, paused 33ms+4ms, total 190ms
D/dalvikvm( 1177): GC_CONCURRENT freed 2001K, 14% free 12775K/14824K, paused 15ms+7ms, total 171ms
W/SocketClient(   54): write error (Broken pipe)
D/dalvikvm( 1177): GC_CONCURRENT freed 2023K, 15% free 12769K/14856K, paused 31ms+41ms, total 170ms
W/SocketClient(   54): write error (Broken pipe)
W/SocketClient(   54): write error (Broken pipe)
D/dalvikvm( 1177): GC_CONCURRENT freed 1996K, 14% free 12778K/14856K, paused 5ms+5ms, total 158ms
D/dalvikvm(  373): GC_CONCURRENT freed 655K, 56% free 5772K/13028K, paused 5ms+34ms, total 189ms
W/SocketClient(   54): write error (Broken pipe)
D/dalvikvm( 1177): GC_CONCURRENT freed 2019K, 15% free 12753K/14856K, paused 6ms+15ms, total 149ms
W/SocketClient(   54): write error (Broken pipe)
D/dalvikvm( 1177): GC_CONCURRENT freed 2010K, 14% free 12788K/14856K, paused 5ms+7ms, total 204ms
W/SocketClient(   54): write error (Broken pipe)
D/dalvikvm(  373): GC_CONCURRENT freed 653K, 56% free 5770K/13028K, paused 13ms+5ms, total 141ms
D/dalvikvm( 1177): GC_CONCURRENT freed 2029K, 15% free 12751K/14856K, paused 3ms+11ms, total 142ms
W/SocketClient(   54): write error (Broken pipe)
W/SocketClient(   54): write error (Broken pipe)
D/dalvikvm( 1177): GC_CONCURRENT freed 1961K, 15% free 12776K/14856K, paused 13ms+17ms, total 137ms
W/SocketClient(   54): write error (Broken pipe)
D/dalvikvm( 1177): GC_CONCURRENT freed 2021K, 15% free 12778K/14864K, paused 13ms+56ms, total 214ms
D/dalvikvm(  373): GC_CONCURRENT freed 658K, 56% free 5770K/13028K, paused 21ms+5ms, total 256ms
W/SocketClient(   54): write error (Broken pipe)
D/dalvikvm( 1177): GC_CONCURRENT freed 2003K, 15% free 12765K/14864K, paused 5ms+25ms, total 146ms
W/SocketClient(   54): write error (Broken pipe)
D/dalvikvm( 1177): GC_CONCURRENT freed 1982K, 15% free 12755K/14864K, paused 5ms+11ms, total 123ms
W/SocketClient(   54): write error (Broken pipe)
D/dalvikvm(  373): GC_CONCURRENT freed 654K, 56% free 5772K/13028K, paused 14ms+34ms, total 193ms
W/SocketClient(   54): write error (Broken pipe)
D/dalvikvm( 1177): GC_CONCURRENT freed 1982K, 14% free 12792K/14864K, paused 5ms+7ms, total 181ms
W/SocketClient(   54): write error (Broken pipe)
D/dalvikvm( 1177): GC_CONCURRENT freed 2032K, 15% free 12787K/14872K, paused 4ms+33ms, total 186ms
W/SocketClient(   54): write error (Broken pipe)
D/dalvikvm(  373): GC_CONCURRENT freed 655K, 56% free 5770K/13028K, paused 6ms+24ms, total 179ms
D/dalvikvm( 1177): GC_CONCURRENT freed 2004K, 15% free 12783K/14872K, paused 5ms+7ms, total 185ms
W/SocketClient(   54): write error (Broken pipe)
D/dalvikvm( 1177): GC_CONCURRENT freed 2005K, 14% free 12798K/14872K, paused 4ms+34ms, total 176ms
W/SocketClient(   54): write error (Broken pipe)
W/SocketClient(   54): write error (Broken pipe)
D/dalvikvm( 1177): GC_CONCURRENT freed 2003K, 15% free 12779K/14872K, paused 4ms+25ms, total 157ms
D/dalvikvm(  373): GC_CONCURRENT freed 649K, 56% free 5771K/13028K, paused 6ms+20ms, total 140ms
W/SocketClient(   54): write error (Broken pipe)
D/dalvikvm( 1177): GC_CONCURRENT freed 1991K, 15% free 12786K/14872K, paused 5ms+15ms, total 146ms
W/SocketClient(   54): write error (Broken pipe)
D/dalvikvm( 1177): GC_CONCURRENT freed 1985K, 15% free 12781K/14872K, paused 4ms+25ms, total 138ms
W/SocketClient(   54): write error (Broken pipe)
D/dalvikvm(  373): GC_CONCURRENT freed 653K, 56% free 5774K/13028K, paused 6ms+43ms, total 178ms
D/dalvikvm( 1177): GC_CONCURRENT freed 1972K, 15% free 12779K/14872K, paused 23ms+17ms, total 119ms
W/SocketClient(   54): write error (Broken pipe)
W/SocketClient(   54): write error (Broken pipe)
D/dalvikvm( 1177): GC_CONCURRENT freed 1978K, 15% free 12774K/14872K, paused 4ms+16ms, total 142ms
W/SocketClient(   54): write error (Broken pipe)
D/dalvikvm( 1177): GC_CONCURRENT freed 1976K, 15% free 12788K/14872K, paused 13ms+20ms, total 142ms
D/dalvikvm(  373): GC_CONCURRENT freed 659K, 56% free 5771K/13028K, paused 6ms+22ms, total 179ms
W/SocketClient(   54): write error (Broken pipe)
D/dalvikvm( 1177): GC_CONCURRENT freed 1993K, 14% free 12801K/14872K, paused 4ms+7ms, total 183ms
W/SocketClient(   54): write error (Broken pipe)
D/dalvikvm( 1177): GC_CONCURRENT freed 1996K, 15% free 12769K/14872K, paused 5ms+12ms, total 115ms
W/SocketClient(   54): write error (Broken pipe)
D/dalvikvm(  373): GC_CONCURRENT freed 650K, 56% free 5773K/13028K, paused 5ms+14ms, total 150ms
W/SocketClient(   54): write error (Broken pipe)
D/dalvikvm( 1177): GC_CONCURRENT freed 1987K, 15% free 12784K/14872K, paused 5ms+10ms, total 162ms
W/SocketClient(   54): write error (Broken pipe)
D/dalvikvm( 1177): GC_CONCURRENT freed 2009K, 14% free 12820K/14872K, paused 6ms+5ms, total 205ms
W/SocketClient(   54): write error (Broken pipe)
D/dalvikvm( 1177): GC_CONCURRENT freed 2007K, 15% free 12781K/14872K, paused 5ms+13ms, total 116ms
W/SocketClient(   54): write error (Broken pipe)
D/dalvikvm(  373): GC_CONCURRENT freed 667K, 56% free 5771K/13028K, paused 55ms+49ms, total 400ms
W/SocketClient(   54): write error (Broken pipe)
D/dalvikvm( 1177): GC_CONCURRENT freed 2046K, 15% free 12776K/14880K, paused 5ms+26ms, total 293ms
W/SocketClient(   54): write error (Broken pipe)
