I/PackageManager(  378): /system/app/HTMLViewer.apk changed; collecting certs
D/dalvikvm(  378): GC_CONCURRENT freed 1266K, 68% free 4105K/12688K, paused 14ms+4ms, total 100ms
I/PackageManager(  378): /system/app/KeyChain.apk changed; collecting certs
I/PackageManager(  378): /system/app/LatinIME.apk changed; collecting certs
D/dalvikvm(  378): GC_CONCURRENT freed 504K, 68% free 4113K/12688K, paused 4ms+10ms, total 73ms
D/dalvikvm(  378): WAIT_FOR_CONCURRENT_GC blocked 10ms
D/dalvikvm(  378): GC_CONCURRENT freed 451K, 68% free 4160K/12688K, paused 5ms+2ms, total 39ms
D/dalvikvm(  378): WAIT_FOR_CONCURRENT_GC blocked 28ms
D/dalvikvm(  378): GC_FOR_ALLOC freed 309K, 67% free 4293K/12688K, paused 27ms, total 28ms
D/dalvikvm(  378): GC_CONCURRENT freed 244K, 65% free 4529K/12688K, paused 4ms+15ms, total 76ms
D/dalvikvm(  378): GC_CONCURRENT freed 318K, 63% free 4737K/12688K, paused 5ms+4ms, total 101ms
D/dalvikvm(  378): GC_CONCURRENT freed 193K, 61% free 4999K/12688K, paused 5ms+3ms, total 104ms
I/PackageManager(  378): /system/app/LegacyCamera.apk changed; collecting certs
D/dalvikvm(  378): GC_CONCURRENT freed 401K, 60% free 5155K/12688K, paused 5ms+10ms, total 42ms
D/dalvikvm(  378): WAIT_FOR_CONCURRENT_GC blocked 37ms
D/dalvikvm(  378): GC_CONCURRENT freed 1470K, 68% free 4179K/12688K, paused 4ms+2ms, total 46ms
D/dalvikvm(  378): WAIT_FOR_CONCURRENT_GC blocked 34ms
D/dalvikvm(  378): GC_CONCURRENT freed 272K, 66% free 4387K/12688K, paused 7ms+14ms, total 109ms
D/dalvikvm(  378): GC_CONCURRENT freed 292K, 64% free 4582K/12688K, paused 10ms+15ms, total 86ms
I/PackageManager(  378): /system/app/LiveWallpapersPicker.apk changed; collecting certs
D/dalvikvm(  378): GC_CONCURRENT freed 418K, 64% free 4675K/12688K, paused 4ms+8ms, total 73ms
D/dalvikvm(  378): WAIT_FOR_CONCURRENT_GC blocked 16ms
I/PackageManager(  378): /system/app/Music.apk changed; collecting certs
D/dalvikvm(  378): GC_CONCURRENT freed 1062K, 68% free 4125K/12688K, paused 5ms+12ms, total 88ms
D/dalvikvm(  378): WAIT_FOR_CONCURRENT_GC blocked 15ms
I/PackageManager(  378): /system/app/NetSpeed.apk changed; collecting certs
D/dalvikvm(  378): GC_CONCURRENT freed 411K, 68% free 4176K/12688K, paused 13ms+6ms, total 91ms
I/PackageManager(  378): /system/app/OpenWnn.apk changed; collecting certs
D/dalvikvm(  378): GC_CONCURRENT freed 489K, 68% free 4156K/12688K, paused 4ms+3ms, total 41ms
D/dalvikvm(  378): WAIT_FOR_CONCURRENT_GC blocked 28ms
D/dalvikvm(  378): GC_CONCURRENT freed 355K, 67% free 4282K/12688K, paused 4ms+12ms, total 72ms
D/dalvikvm(  378): GC_CONCURRENT freed 272K, 65% free 4529K/12688K, paused 13ms+5ms, total 98ms
I/PackageManager(  378): /system/app/PacProcessor.apk changed; collecting certs
I/PackageManager(  378): /system/app/PackageInstaller.apk changed; collecting certs
D/dalvikvm(  378): GC_CONCURRENT freed 414K, 64% free 4596K/12688K, paused 5ms+15ms, total 79ms
I/PackageManager(  378): /system/app/PicoTts.apk changed; collecting certs
I/PackageManager(  378): /system/app/PinyinIME.apk changed; collecting certs
D/dalvikvm(  378): GC_CONCURRENT freed 990K, 68% free 4117K/12688K, paused 5ms+11ms, total 78ms
D/dalvikvm(  378): WAIT_FOR_CONCURRENT_GC blocked 11ms
I/PackageManager(  378): /system/app/PrintSpooler.apk changed; collecting certs
I/PackageManager(  378): /system/app/Protips.apk changed; collecting certs
D/dalvikvm(  378): GC_CONCURRENT freed 420K, 67% free 4192K/12688K, paused 4ms+6ms, total 81ms
I/PackageManager(  378): /system/app/QuickSearchBox.apk changed; collecting certs
D/dalvikvm(  378): GC_CONCURRENT freed 487K, 67% free 4217K/12688K, paused 14ms+11ms, total 135ms
I/PackageManager(  378): /system/app/SdkSetup.apk changed; collecting certs
I/PackageManager(  378): /system/app/SoundRecorder.apk changed; collecting certs
D/dalvikvm(  378): GC_CONCURRENT freed 417K, 66% free 4363K/12688K, paused 15ms+7ms, total 101ms
I/PackageManager(  378): /system/app/SpeechRecorder.apk changed; collecting certs
I/PackageManager(  378): /system/app/TelephonyProvider.apk changed; collecting certs
I/PackageManager(  378): /system/app/UserDictionaryProvider.apk changed; collecting certs
D/PackageManager(  378): No files in app dir /vendor/app
D/dalvikvm(  378): GC_CONCURRENT freed 679K, 68% free 4122K/12688K, paused 5ms+4ms, total 70ms
W/PackageParser(  378): No actions in intent filter at /data/app/ApiDemos.apk Binary XML file line #2899
W/PackageParser(  378): No actions in intent filter at /data/app/ApiDemos.apk Binary XML file line #2905
I/PackageManager(  378): /data/app/ApiDemos.apk changed; collecting certs
D/dalvikvm(  378): GC_CONCURRENT freed 269K, 66% free 4393K/12688K, paused 12ms+6ms, total 89ms
D/dalvikvm(  378): WAIT_FOR_CONCURRENT_GC blocked 6ms
D/dalvikvm(  378): GC_CONCURRENT freed 288K, 65% free 4559K/12688K, paused 5ms+3ms, total 41ms
D/dalvikvm(  378): WAIT_FOR_CONCURRENT_GC blocked 29ms
D/dalvikvm(  378): GC_CONCURRENT freed 322K, 63% free 4755K/12688K, paused 5ms+5ms, total 86ms
D/dalvikvm(  378): WAIT_FOR_CONCURRENT_GC blocked 6ms
D/dalvikvm(  378): GC_CONCURRENT freed 306K, 62% free 4914K/12688K, paused 13ms+3ms, total 80ms
D/dalvikvm(  378): GC_CONCURRENT freed 641K, 63% free 4819K/12688K, paused 12ms+4ms, total 68ms
D/dalvikvm(  378): WAIT_FOR_CONCURRENT_GC blocked 31ms
D/dalvikvm(  378): GC_CONCURRENT freed 514K, 62% free 4827K/12688K, paused 5ms+3ms, total 80ms
D/dalvikvm(  378): WAIT_FOR_CONCURRENT_GC blocked 18ms
D/dalvikvm(  378): GC_CONCURRENT freed 525K, 62% free 4831K/12688K, paused 12ms+3ms, total 71ms
D/dalvikvm(  378): WAIT_FOR_CONCURRENT_GC blocked 30ms
D/dalvikvm(  378): GC_CONCURRENT freed 533K, 62% free 4830K/12688K, paused 5ms+3ms, total 60ms
D/dalvikvm(  378): WAIT_FOR_CONCURRENT_GC blocked 33ms
D/dalvikvm(  378): GC_CONCURRENT freed 522K, 62% free 4842K/12688K, paused 9ms+4ms, total 124ms
D/dalvikvm(  378): WAIT_FOR_CONCURRENT_GC blocked 45ms
D/dalvikvm(  378): GC_CONCURRENT freed 529K, 62% free 4844K/12688K, paused 11ms+3ms, total 72ms
D/dalvikvm(  378): WAIT_FOR_CONCURRENT_GC blocked 19ms
D/dalvikvm(  378): GC_CONCURRENT freed 529K, 62% free 4847K/12688K, paused 4ms+4ms, total 67ms
D/dalvikvm(  378): WAIT_FOR_CONCURRENT_GC blocked 28ms
D/dalvikvm(  378): GC_CONCURRENT freed 532K, 62% free 4852K/12688K, paused 5ms+4ms, total 67ms
D/dalvikvm(  378): WAIT_FOR_CONCURRENT_GC blocked 27ms
D/dalvikvm(  378): GC_CONCURRENT freed 530K, 62% free 4855K/12688K, paused 4ms+4ms, total 65ms
D/dalvikvm(  378): WAIT_FOR_CONCURRENT_GC blocked 27ms
W/PackageManager(  378): Package com.example.android.apis desires unavailable shared library com.example.will.never.exist; ignoring!
D/dalvikvm(  378): GC_CONCURRENT freed 513K, 62% free 4868K/12688K, paused 5ms+3ms, total 78ms
D/dalvikvm(  378): WAIT_FOR_CONCURRENT_GC blocked 15ms
I/PackageManager(  378): /data/app/CubeLiveWallpapers.apk changed; collecting certs
I/PackageManager(  378): /data/app/GestureBuilder.apk changed; collecting certs
D/dalvikvm(  378): GC_CONCURRENT freed 424K, 61% free 4979K/12688K, paused 13ms+8ms, total 77ms
D/dalvikvm(  378): WAIT_FOR_CONCURRENT_GC blocked 21ms
I/PackageManager(  378): /data/app/SmokeTest.apk changed; collecting certs
I/PackageManager(  378): /data/app/SmokeTestApp.apk changed; collecting certs
I/PackageManager(  378): /data/app/SoftKeyboard.apk changed; collecting certs
D/dalvikvm(  378): GC_CONCURRENT freed 1178K, 66% free 4370K/12688K, paused 15ms+4ms, total 81ms
D/dalvikvm(  378): WAIT_FOR_CONCURRENT_GC blocked 21ms
D/dalvikvm(  378): GC_CONCURRENT freed 413K, 66% free 4370K/12688K, paused 55ms+3ms, total 90ms
I/PackageManager(  378): /data/app/WidgetPreview.apk changed; collecting certs
W/PackageManager(  378): Package com.example.android.apis desires unavailable shared library com.example.will.never.exist; ignoring!
W/PackageManager(  378): Package com.android.camera desires unavailable shared library com.google.android.media.effects; ignoring!
I/PackageManager(  378): Time to scan packages: 24.243 seconds
W/PackageManager(  378): Not granting permission android.permission.GLOBAL_SEARCH to package com.android.quicksearchbox (protectionLevel=18 flags=0x8be45)
W/PackageManager(  378): Unknown permission com.android.smspush.WAPPUSH_MANAGER_BIND in package com.android.phone
W/PackageManager(  378): Unknown permission com.google.android.googleapps.permission.GOOGLE_AUTH in package com.android.providers.calendar
W/PackageManager(  378): Unknown permission com.google.android.googleapps.permission.GOOGLE_AUTH.cl in package com.android.providers.calendar
W/PackageManager(  378): Unknown permission com.google.android.googleapps.permission.GOOGLE_AUTH.mail in package com.android.calendar
W/PackageManager(  378): Not granting permission android.permission.ACCESS_DOWNLOAD_MANAGER to package com.android.browser (protectionLevel=18 flags=0x9be45)
W/PackageManager(  378): Not granting permission android.permission.SEND_DOWNLOAD_COMPLETED_INTENTS to package com.android.browser (protectionLevel=2 flags=0x9be45)
W/PackageManager(  378): Not granting permission android.permission.BIND_APPWIDGET to package com.android.widgetpreview (protectionLevel=18 flags=0x8be44)
W/PackageManager(  378): Unknown permission android.permission.INSTALL_DRM in package com.android.mms
W/PackageManager(  378): Unknown permission com.google.android.googleapps.permission.GOOGLE_AUTH in package com.android.settings
W/PackageManager(  378): Unknown permission com.google.android.googleapps.permission.ACCESS_GOOGLE_PASSWORD in package com.android.development
W/PackageManager(  378): Unknown permission com.google.android.googleapps.permission.GOOGLE_AUTH in package com.android.development
W/PackageManager(  378): Unknown permission com.google.android.googleapps.permission.GOOGLE_AUTH.ALL_SERVICES in package com.android.development
W/PackageManager(  378): Unknown permission com.google.android.googleapps.permission.GOOGLE_AUTH.YouTubeUser in package com.android.development
W/PackageManager(  378): Not granting permission android.permission.DELETE_PACKAGES to package com.svox.pico (protectionLevel=18 flags=0x8be45)
W/PackageManager(  378): Not granting permission android.permission.DEVICE_POWER to package com.android.deskclock (protectionLevel=2 flags=0x48be45)
D/dalvikvm(  378): GC_CONCURRENT freed 406K, 66% free 4421K/12688K, paused 5ms+5ms, total 84ms
D/dalvikvm(  378): GC_EXPLICIT freed 264K, 67% free 4279K/12688K, paused 4ms+3ms, total 50ms
I/SystemServer(  378): Entropy Mixer
W/EntropyMixer(  378): No existing entropy file -- first boot?
I/EntropyMixer(  378): Writing entropy...
I/SystemServer(  378): User Service
I/SystemServer(  378): Account Manager
I/SystemServer(  378): Content Manager
I/SystemServer(  378): System Content Providers
I/SyncManager(  378): No initial accounts
I/SyncManager(  378): No initial status
W/SyncManagerFile(  378): Error reading pending data.
W/SyncManagerFile(  378): java.io.FileNotFoundException: /data/system/sync/pending.xml: open failed: ENOENT (No such file or directory)
W/SyncManagerFile(  378): 	at libcore.io.IoBridge.open(IoBridge.java:409)
W/SyncManagerFile(  378): 	at java.io.FileInputStream.<init>(FileInputStream.java:78)
W/SyncManagerFile(  378): 	at android.util.AtomicFile.openRead(AtomicFile.java:199)
W/SyncManagerFile(  378): 	at com.android.server.content.SyncStorageEngine.readPendingOperationsLocked(SyncStorageEngine.java:2286)
W/SyncManagerFile(  378): 	at com.android.server.content.SyncStorageEngine.<init>(SyncStorageEngine.java:434)
W/SyncManagerFile(  378): 	at com.android.server.content.SyncStorageEngine.init(SyncStorageEngine.java:454)
W/SyncManagerFile(  378): 	at com.android.server.content.SyncManager.<init>(SyncManager.java:383)
W/SyncManagerFile(  378): 	at com.android.server.content.ContentService.getSyncManager(ContentService.java:75)
W/SyncManagerFile(  378): 	at com.android.server.content.ContentService.notifyChange(ContentService.java:283)
W/SyncManagerFile(  378): 	at android.content.ContentResolver.notifyChange(ContentResolver.java:1621)
W/SyncManagerFile(  378): 	at com.android.providers.settings.SettingsProvider.sendNotify(SettingsProvider.java:262)
W/SyncManagerFile(  378): 	at com.android.providers.settings.SettingsProvider.insertForUser(SettingsProvider.java:941)
W/SyncManagerFile(  378): 	at com.android.providers.settings.SettingsProvider.ensureAndroidIdIsSet(SettingsProvider.java:496)
W/SyncManagerFile(  378): 	at com.android.providers.settings.SettingsProvider.establishDbTracking(SettingsProvider.java:409)
W/SyncManagerFile(  378): 	at com.android.providers.settings.SettingsProvider.onCreate(SettingsProvider.java:335)
W/SyncManagerFile(  378): 	at android.content.ContentProvider.attachInfo(ContentProvider.java:1591)
W/SyncManagerFile(  378): 	at android.content.ContentProvider.attachInfo(ContentProvider.java:1562)
W/SyncManagerFile(  378): 	at android.app.ActivityThread.installProvider(ActivityThread.java:4774)
W/SyncManagerFile(  378): 	at android.app.ActivityThread.installContentProviders(ActivityThread.java:4369)
W/SyncManagerFile(  378): 	at android.app.ActivityThread.installSystemProviders(ActivityThread.java:4929)
W/SyncManagerFile(  378): 	at com.android.server.am.ActivityManagerService.installSystemProviders(ActivityManagerService.java:8081)
W/SyncManagerFile(  378): 	at com.android.server.ServerThread.initAndLoop(SystemServer.java:275)
W/SyncManagerFile(  378): 	at com.android.server.SystemServer.main(SystemServer.java:1179)
W/SyncManagerFile(  378): 	at java.lang.reflect.Method.invokeNative(Native Method)
W/SyncManagerFile(  378): 	at java.lang.reflect.Method.invoke(Method.java:515)
W/SyncManagerFile(  378): 	at com.android.internal.os.ZygoteInit$MethodAndArgsCaller.run(ZygoteInit.java:785)
W/SyncManagerFile(  378): 	at com.android.internal.os.ZygoteInit.main(ZygoteInit.java:601)
W/SyncManagerFile(  378): 	at dalvik.system.NativeStart.main(Native Method)
W/SyncManagerFile(  378): Caused by: libcore.io.ErrnoException: open failed: ENOENT (No such file or directory)
W/SyncManagerFile(  378): 	at libcore.io.Posix.open(Native Method)
W/SyncManagerFile(  378): 	at libcore.io.BlockGuardOs.open(BlockGuardOs.java:110)
W/SyncManagerFile(  378): 	at libcore.io.IoBridge.open(IoBridge.java:393)
W/SyncManagerFile(  378): 	... 27 more
I/SyncManager(  378): No initial statistics
D/SettingsProvider(  378): Generated and saved new ANDROID_ID [fbd2d2f970dc5289] for user 0
I/SystemServer(  378): Lights Service
I/SystemServer(  378): Battery Service
I/SystemServer(  378): Vibrator Service
I/SystemServer(  378): Consumer IR Service
E/ConsumerIrService(  378): Can't open consumer IR HW Module, error: -2
W/libsuspend(  378): Error writing 'on' to /sys/power/state: Invalid argument
E/libsuspend(  378): Error opening /sys/power/autosleep: No such file or directory
I/libsuspend(  378): Selected wakeup count
D/PermissionCache(   57): checking android.permission.ACCESS_SURFACE_FLINGER for uid=1000 => granted (2487 us)
D/SurfaceFlinger(   57): Screen acquired, type=0 flinger=0xb8681450
D/SurfaceFlinger(   57):  screen was previously acquired
I/SystemServer(  378): Alarm Manager
I/SystemServer(  378): Init Watchdog
I/SystemServer(  378): Input Manager
I/InputManager(  378): Initializing input manager, mUseDevInputEventForAudioJack=false
I/SystemServer(  378): Window Manager
I/WindowManager(  378): No existing display settings /data/system/display_settings.xml; starting empty
D/dalvikvm(  378): GC_CONCURRENT freed 267K, 65% free 4524K/12688K, paused 35ms+5ms, total 170ms
I/WindowManager(  378): No keyguard interface!
I/InputManager(  378): Starting input manager
I/SystemServer(  378): No Bluetooh Service (emulator)
I/SystemServer(  378): Input Method Service
E/EventHub(  378): could not get driver version for /dev/input/mouse0, Not a typewriter
W/EventHub(  378): Unable to disable kernel key repeat for /dev/input/event0: Function not implemented
I/EventHub(  378): New device: id=1, fd=93, path='/dev/input/event0', name='qwerty2', classes=0x2d, configuration='/system/usr/idc/qwerty2.idc', keyLayout='/system/usr/keylayout/qwerty.kl', keyCharacterMap='/system/usr/keychars/qwerty2.kcm', builtinKeyboard=true, usingSuspendBlockIoctl=true, usingClockIoctl=true
E/EventHub(  378): could not get driver version for /dev/input/mice, Not a typewriter
I/InputReader(  378): Device added: id=-1, name='Virtual', sources=0x00000301
I/InputReader(  378):   Touch device 'qwerty2' could not query the properties of its associated display.  The device will be inoperable until the display size becomes available.
I/InputReader(  378): Device added: id=0, name='qwerty2', sources=0x00011307
W/InputMethodManagerService(  378): No IME selected. Choose the most applicable IME.
I/InputMethodManagerService(  378): No default found, using com.android.inputmethod.latin/.LatinIME
I/SystemServer(  378): Accessibility Manager
I/ActivityManager(  378): Config changes=1df8 {1.0 ?mcc?mnc en_US ldltr sw480dp w480dp h864dp 160dpi lrg long port ?uimode ?night -touch -keyb/h/h tball/v s.2}
I/InputReader(  378): Reconfiguring input devices.  changes=0x00000004
I/InputReader(  378): Device reconfigured: id=0, name='qwerty2', size 480x864, orientation 0, mode 1, display id 0
I/ActivityManager(  378): Config changes=408 {1.0 ?mcc?mnc en_US ldltr sw480dp w480dp h839dp 160dpi lrg long port ?uimode ?night finger -keyb/h/h tball/v s.3}
I/SystemServer(  378): Mount Service
D/MountService(  378): got storage path: /storage/sdcard description: USB storage primary: true removable: false emulated: false mtpReserve: 0 allowMassStorage: false maxFileSize: 0
D/MountService(  378): addVolumeLocked() StorageVolume:
D/MountService(  378):     mStorageId=0 mPath=/storage/sdcard mDescriptionId=17040665 mPrimary=true 
D/MountService(  378):     mRemovable=false mEmulated=false mMtpReserveSpace=0 
D/MountService(  378):     mAllowMassStorage=false mMaxFileSize=0 mOwner=null mUuid=null 
D/MountService(  378):     mUserLabel=null mState=null 
I/SystemServer(  378): LockSettingsService
I/SystemServer(  378): Device Policy
I/SystemServer(  378): Status Bar
I/SystemServer(  378): Clipboard Service
I/SystemServer(  378): NetworkManagement Service
I/SystemServer(  378): Text Service Manager Service
I/SystemServer(  378): NetworkStats Service
I/SystemServer(  378): NetworkPolicy Service
W/MountService(  378): Duplicate state transition (unmounted -> unmounted) for /storage/sdcard
W/MountService(  378): getSecureContainerList() called when storage not mounted
I/PackageManager(  378): No secure containers on sdcard
I/SystemServer(  378): Wi-Fi P2pService
W/PackageManager(  378): Not granting permission android.permission.GLOBAL_SEARCH to package com.android.quicksearchbox (protectionLevel=18 flags=0x8be45)
W/PackageManager(  378): Unknown permission com.android.smspush.WAPPUSH_MANAGER_BIND in package com.android.phone
W/PackageManager(  378): Unknown permission com.google.android.googleapps.permission.GOOGLE_AUTH in package com.android.providers.calendar
W/PackageManager(  378): Unknown permission com.google.android.googleapps.permission.GOOGLE_AUTH.cl in package com.android.providers.calendar
W/PackageManager(  378): Unknown permission com.google.android.googleapps.permission.GOOGLE_AUTH.mail in package com.android.calendar
W/PackageManager(  378): Not granting permission android.permission.ACCESS_DOWNLOAD_MANAGER to package com.android.browser (protectionLevel=18 flags=0x9be45)
W/PackageManager(  378): Not granting permission android.permission.SEND_DOWNLOAD_COMPLETED_INTENTS to package com.android.browser (protectionLevel=2 flags=0x9be45)
W/PackageManager(  378): Not granting permission android.permission.BIND_APPWIDGET to package com.android.widgetpreview (protectionLevel=18 flags=0x8be44)
W/PackageManager(  378): Unknown permission android.permission.INSTALL_DRM in package com.android.mms
W/PackageManager(  378): Unknown permission com.google.android.googleapps.permission.GOOGLE_AUTH in package com.android.settings
W/PackageManager(  378): Unknown permission com.google.android.googleapps.permission.ACCESS_GOOGLE_PASSWORD in package com.android.development
W/PackageManager(  378): Unknown permission com.google.android.googleapps.permission.GOOGLE_AUTH in package com.android.development
W/PackageManager(  378): Unknown permission com.google.android.googleapps.permission.GOOGLE_AUTH.ALL_SERVICES in package com.android.development
W/PackageManager(  378): Unknown permission com.google.android.googleapps.permission.GOOGLE_AUTH.YouTubeUser in package com.android.development
W/PackageManager(  378): Not granting permission android.permission.DELETE_PACKAGES to package com.svox.pico (protectionLevel=18 flags=0x8be45)
W/PackageManager(  378): Not granting permission android.permission.DEVICE_POWER to package com.android.deskclock (protectionLevel=2 flags=0x48be45)
D/dalvikvm(  378): GC_CONCURRENT freed 310K, 64% free 4659K/12688K, paused 6ms+5ms, total 85ms
I/SystemServer(  378): Wi-Fi Service
D/WifiController(  378): isAirplaneModeOn = false, isWifiEnabled = false, isScanningAvailable = false
I/SystemServer(  378): Connectivity Service
D/ConnectivityService(  378): ConnectivityService starting up
D/ConnectivityService(  378): wifiOnly=false
E/MobileDataStateTracker(  378): default: Ignoring feature request because could not acquire PhoneService
E/MobileDataStateTracker(  378): default: Could not enable APN type "default"
I/WifiService(  378): WifiService starting up with Wi-Fi disabled
I/SystemServer(  378): Network Service Discovery Service
D/NsdService(  378): Network service discovery enabled true
I/SystemServer(  378): UpdateLock Service
I/SystemServer(  378): Notification Manager
I/SystemServer(  378): Device Storage Monitor
I/SystemServer(  378): Location Manager
I/SystemServer(  378): Country Detector
I/SystemServer(  378): Search Service
I/SystemServer(  378): DropBox Service
I/SystemServer(  378): Wallpaper Service
W/WallpaperService(  378): no current wallpaper -- first boot?
I/SystemServer(  378): Audio Service
D/dalvikvm(  378): GC_CONCURRENT freed 244K, 62% free 4859K/12688K, paused 24ms+55ms, total 144ms
I/SystemServer(  378): Dock Observer
W/DockObserver(  378): This kernel does not have dock station support
I/SystemServer(  378): Wired Accessory Manager
W/WiredAccessoryManager(  378): This kernel does not have wired headset support
W/WiredAccessoryManager(  378): This kernel does not have usb audio support
W/WiredAccessoryManager(  378): This kernel does not have HDMI audio support
I/SystemServer(  378): USB Service
I/SystemServer(  378): Serial Service
I/SystemServer(  378): Twilight Service
I/SystemServer(  378): UI Mode Manager Service
I/SystemServer(  378): Backup Service
V/BackupManagerService(  378): Initializing package tracking
V/BackupManagerService(  378): No ancestral data
V/BackupManagerService(  378): addPackageParticipantsLocked: all
I/BackupManagerService(  378): Scheduling backup for new app com.android.calendar
D/BackupManagerService(  378): Now staging backup of com.android.calendar
I/BackupManagerService(  378): Scheduling backup for new app com.android.browser
D/BackupManagerService(  378): Now staging backup of com.android.browser
I/BackupManagerService(  378): Scheduling backup for new app com.android.providers.userdictionary
D/BackupManagerService(  378): Now staging backup of com.android.providers.userdictionary
I/BackupManagerService(  378): Scheduling backup for new app com.android.sharedstoragebackup
D/BackupManagerService(  378): Now staging backup of com.android.sharedstoragebackup
I/BackupManagerService(  378): Scheduling backup for new app android
D/BackupManagerService(  378): Now staging backup of android
I/BackupManagerService(  378): Scheduling backup for new app com.android.dialer
D/BackupManagerService(  378): Now staging backup of com.android.dialer
I/BackupManagerService(  378): Scheduling backup for new app com.android.providers.settings
D/BackupManagerService(  378): Now staging backup of com.android.providers.settings
V/BackupManagerService(  378): Starting with transport android/com.android.internal.backup.LocalTransport
V/BackupManagerService(  378): Found transports: 1
I/BackupManagerService(  378): Binding to transport host ComponentInfo{android/com.android.internal.backup.LocalTransportService}
I/BackupManagerService(  378): Backup enabled => true
I/SystemServer(  378): AppWidget Service
I/SystemServer(  378): Recognition Service
I/SystemServer(  378): DiskStats Service
I/SystemServer(  378): SamplingProfiler Service
I/SystemServer(  378): NetworkTimeUpdateService
I/SystemServer(  378): CommonTimeManagementService
I/SystemServer(  378): CertBlacklister
I/SystemServer(  378): Dreams Service
I/SystemServer(  378): Assets Atlas Service
I/SystemServer(  378): IdleMaintenanceService
I/SystemServer(  378): Print Service
I/SystemServer(  378): Media Router Service
D/Atlas   (  378): Computing best atlas configuration...
D/Atlas   (  378): Running Thread-50
I/WindowManager(  378): SAFE MODE not enabled
D/Atlas   (  378): Found best atlas configuration in 0.08s
D/Atlas   (  378): Loaded configuration: SliceMinArea (768x768) flags=0x2 count=24
D/gralloc_goldfish(  378): Emulator without GPU emulation detected.
E/SQLiteLog(  378): (1) no such table: locksettings
I/LockSettingsService(  378): Migrated lock settings to new location
I/LockSettingsService(  378): Migrated per-user lock settings to new location
W/AssetAtlasService(  378): Could not find EGL configuration
I/Zygote  (  378): Process: zygote socket opened
D/Atlas   (  378): Rendered atlas in 13.88ms (10.12+3.76ms)
V/KeyguardServiceDelegate(  378): *** Keyguard started
V/KeyguardServiceDelegate(  378): onSystemReady() called before keyguard service was ready
I/ActivityManager(  378): Start proc com.android.systemui for service com.android.keyguard/.KeyguardService: pid=456 uid=10007 gids={50007, 1028, 1015, 1035, 3002, 3001}
F/SystemServer(  378): BOOT FAILURE making Package Manager Service ready
F/SystemServer(  378): java.lang.SecurityException: Unable to find app for caller android.app.ActivityThread$ApplicationThread@b3140768 (pid=378) when registering receiver android.app.LoadedApk$ReceiverDispatcher$InnerReceiver@b3142d38
F/SystemServer(  378): 	at com.android.server.am.ActivityManagerService.registerReceiver(ActivityManagerService.java:13021)
F/SystemServer(  378): 	at android.app.ContextImpl.registerReceiverInternal(ContextImpl.java:1450)
F/SystemServer(  378): 	at android.app.ContextImpl.registerReceiverAsUser(ContextImpl.java:1425)
F/SystemServer(  378): 	at com.android.internal.content.PackageMonitor.register(PackageMonitor.java:84)
F/SystemServer(  378): 	at com.android.server.pm.UserManagerService.systemReady(UserManagerService.java:237)
F/SystemServer(  378): 	at com.android.server.pm.PackageManagerService.systemReady(PackageManagerService.java:10476)
F/SystemServer(  378): 	at com.android.server.ServerThread.initAndLoop(SystemServer.java:893)
F/SystemServer(  378): 	at com.android.server.SystemServer.main(SystemServer.java:1179)
F/SystemServer(  378): 	at java.lang.reflect.Method.invokeNative(Native Method)
F/SystemServer(  378): 	at java.lang.reflect.Method.invoke(Method.java:515)
F/SystemServer(  378): 	at com.android.internal.os.ZygoteInit$MethodAndArgsCaller.run(ZygoteInit.java:785)
F/SystemServer(  378): 	at com.android.internal.os.ZygoteInit.main(ZygoteInit.java:601)
F/SystemServer(  378): 	at dalvik.system.NativeStart.main(Native Method)
W/SystemServer(  378): ***********************************************
D/dalvikvm(  378): GC_CONCURRENT freed 375K, 61% free 5026K/12688K, paused 23ms+14ms, total 211ms
D/dalvikvm(  378): WAIT_FOR_CONCURRENT_GC blocked 33ms
I/ActivityManager(  378): Sending system update to ComponentInfo{com.android.providers.calendar/com.android.providers.calendar.CalendarUpgradeReceiver} for user 0
I/ActivityManager(  378): Sending system update to ComponentInfo{com.android.providers.contacts/com.android.providers.contacts.ContactsUpgradeReceiver} for user 0
I/ActivityManager(  378): Sending system update to ComponentInfo{com.android.providers.media/com.android.providers.media.MediaUpgradeReceiver} for user 0
I/SystemServer(  378): Enabled StrictMode for system server main thread.
I/ActivityManager(  378): Start proc com.android.providers.calendar for broadcast com.android.providers.calendar/.CalendarUpgradeReceiver: pid=467 uid=10001 gids={50001, 3003, 1028, 1015}
I/Choreographer(  378): Skipped 60 frames!  The application may be doing too much work on its main thread.
W/InputMethodManagerService(  378): Focus gain on non-focused client android.view.inputmethod.InputMethodManager$1@b31d68f0 (uid=1000 pid=378)
V/BackupManagerService(  378): Connected to transport ComponentInfo{android/com.android.internal.backup.LocalTransportService}
V/BackupManagerService(  378): Registering transport android/com.android.internal.backup.LocalTransportService::android/com.android.internal.backup.LocalTransport = com.android.internal.backup.LocalTransport@b33cd590
I/ActivityManager(  378): Launching preboot mode app: ProcessRecord{b36137f8 467:com.android.providers.calendar/u0a1}
E/SoundPool(  456): error loading /system/media/audio/ui/Lock.ogg
W/KeyguardViewMediator(  456): failed to load lock sound from /system/media/audio/ui/Lock.ogg
E/SoundPool(  456): error loading /system/media/audio/ui/Unlock.ogg
W/KeyguardViewMediator(  456): failed to load unlock sound from /system/media/audio/ui/Unlock.ogg
V/KeyguardService(  456): onCreate()
V/KeyguardServiceDelegate(  378): *** Keyguard connected (yay!)
V/KeyguardServiceDelegate(  378): **** SHOWN CALLED ****
I/ActivityManager(  378): Start proc android.process.acore for broadcast com.android.providers.contacts/.ContactsUpgradeReceiver: pid=485 uid=10002 gids={50002, 3003, 1028, 1015}
I/ActivityManager(  378): Launching preboot mode app: ProcessRecord{b3615fe8 485:android.process.acore/u0a2}
I/ContactsUpgradeReceiver(  485): Creating or opening contacts database
D/dalvikvm(  485): GC_CONCURRENT freed 350K, 13% free 2811K/3220K, paused 5ms+3ms, total 42ms
I/ContactsDatabaseHelper(  485): Bootstrapping database version: 803
D/dalvikvm(  485): GC_CONCURRENT freed 331K, 12% free 2880K/3272K, paused 3ms+12ms, total 38ms
I/ContactsProviderV1(  485): Bootstrapping database legacy support
I/ContactsDatabaseHelper(  485): Bootstrapping database version: 803
D/dalvikvm(  485): GC_CONCURRENT freed 345K, 13% free 2932K/3340K, paused 3ms+4ms, total 39ms
I/ContactsProviderV1(  485): Bootstrapping database legacy support
I/ContactsProvider(  485): Locale has changed from null to en_US
D/dalvikvm(  485): GC_CONCURRENT freed 370K, 12% free 3025K/3436K, paused 4ms+3ms, total 41ms
I/ContactsDatabaseHelper(  485): Switching to locale en_US (ICU v51.1.0.1)
I/ContactsDatabaseHelper(  485): Locale change completed in 445ms
I/ContactsDatabaseHelper(  485): Switching to locale en_US (ICU v51.1.0.1)
D/dalvikvm(  485): GC_CONCURRENT freed 368K, 13% free 3059K/3484K, paused 3ms+4ms, total 56ms
I/ContactsDatabaseHelper(  485): Locale change completed in 532ms
I/ActivityManager(  378): Start proc android.process.media for broadcast com.android.providers.media/.MediaUpgradeReceiver: pid=503 uid=10005 gids={50005, 1028, 1015, 1023, 1024, 2001, 3003, 3007}
D/dalvikvm(  378): GC_CONCURRENT freed 448K, 60% free 5160K/12688K, paused 4ms+14ms, total 98ms
D/dalvikvm(  378): WAIT_FOR_CONCURRENT_GC blocked 59ms
I/ActivityManager(  378): Launching preboot mode app: ProcessRecord{b3224960 503:android.process.media/u0a5}
I/ActivityManager(  378): Writing new set of last done pre-boot receivers...
I/ActivityManager(  378): Removing system update proc: ProcessRecord{b36137f8 467:com.android.providers.calendar/u0a1}
I/ActivityManager(  378): Killing 467:com.android.providers.calendar/u0a1 (adj 13): system update done
I/ActivityManager(  378): Removing system update proc: ProcessRecord{b3615fe8 485:android.process.acore/u0a2}
I/ActivityManager(  378): Killing 485:android.process.acore/u0a2 (adj 11): system update done
I/ActivityManager(  378): Removing system update proc: ProcessRecord{b3224960 503:android.process.media/u0a5}
I/ActivityManager(  378): Killing 503:android.process.media/u0a5 (adj 9): system update done
I/ActivityManager(  378): System now ready
I/SystemServer(  378): Making services ready
D/NetworkManagementService(  378): enabling bandwidth control
I/Vold    (   52): /dev/block/vold/179:0 being considered for volume sdcard
D/Vold    (   52): Volume sdcard state changing 1 (Idle-Unmounted) -> 3 (Checking)
D/MountService(  378): volume state changed for /storage/sdcard (unmounted -> checking)
D/MountService(  378): sendStorageIntent Intent { act=android.intent.action.MEDIA_CHECKING dat=file:///storage/sdcard (has extras) } to UserHandle{-1}
D/SystemUIService(  456): loading: class com.android.systemui.recent.Recents
D/SystemUIService(  456): running: com.android.systemui.recent.Recents@b2d0b010
D/SystemUIService(  456): loading: class com.android.systemui.statusbar.SystemBars
D/SystemUIService(  456): running: com.android.systemui.statusbar.SystemBars@b2d0b5f8
D/SystemUIService(  456): loading: class com.android.systemui.usb.StorageNotification
D/SystemUIService(  456): running: com.android.systemui.usb.StorageNotification@b2d0d348
D/SystemUIService(  456): loading: class com.android.systemui.power.PowerUI
D/SystemUIService(  456): running: com.android.systemui.power.PowerUI@b2d0e9a8
D/SystemUIService(  456): loading: class com.android.systemui.media.RingtonePlayer
D/SystemUIService(  456): running: com.android.systemui.media.RingtonePlayer@b2d0f9e0
D/SystemUIService(  456): loading: class com.android.systemui.settings.SettingsUI
D/SystemUIService(  456): running: com.android.systemui.settings.SettingsUI@b2d10cc8
I/fsck_msdos(   52): ** /dev/block/vold/179:0
D/PhoneStatusBar(  456): mSettingsPanelGravity = 55
I/StatusBarManagerService(  378): registerStatusBar bar=com.android.internal.statusbar.IStatusBar$Stub$Proxy@b2d38510
I/fsck_msdos(   52): Invalid signature in fsinfo block
I/fsck_msdos(   52): FIXED
I/fsck_msdos(   52): ** Phase 1 - Read and Compare FATs
I/fsck_msdos(   52): Attempting to allocate 794 KB for FAT
I/fsck_msdos(   52): Attempting to allocate 794 KB for FAT
D/dalvikvm(  456): GC_CONCURRENT freed 284K, 11% free 2829K/3176K, paused 5ms+3ms, total 203ms
I/fsck_msdos(   52): ** Phase 2 - Check Cluster Chains
I/fsck_msdos(   52): ** Phase 3 - Checking Directories
I/fsck_msdos(   52): ** Phase 4 - Checking for Lost Files
I/fsck_msdos(   52): Free space in FSInfo block (201592) not correct (201591)
I/fsck_msdos(   52): FIXED
I/fsck_msdos(   52): 1 files, 100795 free (201591 clusters)
I/Vold    (   52): Filesystem check completed OK
W/Vold    (   52): blkid failed to identify /dev/block/vold/179:0
D/Vold    (   52): Volume sdcard state changing 3 (Checking) -> 4 (Mounted)
I/PackageManager(  378): Updating external media status from unmounted to mounted
E/VoldConnector(  378): NDC Command {3 volume mount /storage/sdcard} took too long (1129ms)
D/MountService(  378): volume state changed for /storage/sdcard (checking -> mounted)
I/PackageManager(  378): No secure containers on sdcard
D/MountService(  378): sendStorageIntent Intent { act=android.intent.action.MEDIA_MOUNTED dat=file:///storage/sdcard (has extras) } to UserHandle{-1}
D/dalvikvm(  456): GC_FOR_ALLOC freed 35K, 8% free 2947K/3176K, paused 86ms, total 88ms
W/PackageManager(  378): Not granting permission android.permission.GLOBAL_SEARCH to package com.android.quicksearchbox (protectionLevel=18 flags=0x88be45)
D/dalvikvm(  378): GC_CONCURRENT freed 574K, 60% free 5082K/12688K, paused 5ms+35ms, total 187ms
W/PackageManager(  378): Unknown permission com.android.smspush.WAPPUSH_MANAGER_BIND in package com.android.phone
W/PackageManager(  378): Unknown permission com.google.android.googleapps.permission.GOOGLE_AUTH in package com.android.providers.calendar
W/PackageManager(  378): Unknown permission com.google.android.googleapps.permission.GOOGLE_AUTH.cl in package com.android.providers.calendar
W/PackageManager(  378): Unknown permission com.google.android.googleapps.permission.GOOGLE_AUTH.mail in package com.android.calendar
W/PackageManager(  378): Not granting permission android.permission.ACCESS_DOWNLOAD_MANAGER to package com.android.browser (protectionLevel=18 flags=0x89be45)
W/PackageManager(  378): Not granting permission android.permission.SEND_DOWNLOAD_COMPLETED_INTENTS to package com.android.browser (protectionLevel=2 flags=0x89be45)
W/PackageManager(  378): Not granting permission android.permission.BIND_APPWIDGET to package com.android.widgetpreview (protectionLevel=18 flags=0x8be44)
W/PackageManager(  378): Unknown permission android.permission.INSTALL_DRM in package com.android.mms
W/PackageManager(  378): Unknown permission com.google.android.googleapps.permission.GOOGLE_AUTH in package com.android.settings
W/PackageManager(  378): Unknown permission com.google.android.googleapps.permission.ACCESS_GOOGLE_PASSWORD in package com.android.development
W/PackageManager(  378): Unknown permission com.google.android.googleapps.permission.GOOGLE_AUTH in package com.android.development
W/PackageManager(  378): Unknown permission com.google.android.googleapps.permission.GOOGLE_AUTH.ALL_SERVICES in package com.android.development
W/PackageManager(  378): Unknown permission com.google.android.googleapps.permission.GOOGLE_AUTH.YouTubeUser in package com.android.development
W/PackageManager(  378): Not granting permission android.permission.DELETE_PACKAGES to package com.svox.pico (protectionLevel=18 flags=0x88be45)
W/PackageManager(  378): Not granting permission android.permission.DEVICE_POWER to package com.android.deskclock (protectionLevel=2 flags=0xc8be45)
E/BluetoothAdapter(  456): Bluetooth binder is null
E/BluetoothAdapter(  456): Bluetooth binder is null
D/dalvikvm(  456): GC_CONCURRENT freed 54K, 5% free 3301K/3452K, paused 3ms+2ms, total 50ms
E/BluetoothAdapter(  456): Bluetooth binder is null
E/BluetoothAdapter(  456): Bluetooth binder is null
D/PhoneStatusBar(  456): disable: < expand icons alerts ticker system_info back home recent clock search >
E/NetdConnector(  378): NDC Command {1 bandwidth enable} took too long (3224ms)
I/ActivityManager(  378): Start proc android.process.acore for content provider com.android.providers.contacts/.ContactsProvider2: pid=555 uid=10002 gids={50002, 3003, 1028, 1015}
E/BluetoothAdapter(  456): Bluetooth binder is null
D/PhoneStatusBar(  456): heads up is disabled
I/Choreographer(  456): Skipped 411 frames!  The application may be doing too much work on its main thread.
E/NetdConnector(  378): NDC Command {2 firewall disable} took too long (618ms)
D/dalvikvm(  456): GC_CONCURRENT freed 139K, 6% free 3551K/3752K, paused 5ms+3ms, total 107ms
I/Choreographer(  456): Skipped 266 frames!  The application may be doing too much work on its main thread.
D/gralloc_goldfish(  456): Emulator without GPU emulation detected.
D/dalvikvm(  555): GC_CONCURRENT freed 196K, 9% free 2926K/3184K, paused 5ms+13ms, total 124ms
I/Choreographer(  456): Skipped 76 frames!  The application may be doing too much work on its main thread.
E/NetdConnector(  378): NDC Command {5 firewall disable} took too long (606ms)
I/ActivityManager(  378): Config changes=200 {1.0 ?mcc?mnc en_US ldltr sw480dp w480dp h839dp 160dpi lrg long port finger -keyb/h/h tball/v s.4}
W/RecognitionManagerService(  378): no available voice recognition services found for user 0
D/PhoneStatusBar(  456): mSettingsPanelGravity = 55
W/AppWidgetServiceImpl(  378): Failed to read state: java.io.FileNotFoundException: /data/system/users/0/appwidgets.xml: open failed: ENOENT (No such file or directory)
W/InputMethodManagerService(  378): Ignoring setImeWindowStatus of uid 1000 token: null
D/dalvikvm(  378): GC_CONCURRENT freed 477K, 59% free 5203K/12688K, paused 15ms+5ms, total 124ms
D/dalvikvm(  378): WAIT_FOR_CONCURRENT_GC blocked 21ms
D/dalvikvm(  378): WAIT_FOR_CONCURRENT_GC blocked 22ms
W/InputMethodUtils(  378): Found no subtypes in a system IME: com.android.inputmethod.pinyin
W/InputMethodManagerService(  378): Reset the default IME as "Resource" is ready here.
W/InputMethodUtils(  378): Found no subtypes in a system IME: com.android.inputmethod.pinyin
I/InputMethodManagerService(  378): Selected default: com.android.inputmethod.latin/.LatinIME
I/ActivityManager(  378): Config changes=20 {1.0 ?mcc?mnc en_US ldltr sw480dp w480dp h839dp 160dpi lrg long port finger -keyb/v/h tball/v s.5}
I/ActivityManager(  378): Start proc com.android.inputmethod.latin for service com.android.inputmethod.latin/.LatinIME: pid=593 uid=10029 gids={50029, 1028, 1015}
V/InputMethodManagerService(  378): Adding window token: android.os.Binder@b3132578
W/GpsLocationProvider(  378): Could not open GPS configuration file /etc/gps.conf
W/ServiceWatcher(  378): com.google.android.location not found
W/ServiceWatcher(  378): com.google.android.location not found
W/ServiceWatcher(  378): com.google.android.location not found
W/LocationManagerService(  378): no network location provider found
W/InputMethodManagerService(  378): Illegal subtype state: old subtype = null, new subtype = android.view.inputmethod.InputMethodSubtype@c9194f98
W/ServiceWatcher(  378): com.google.android.location not found
E/FlpHardwareProvider(  378): Error hw_get_module 'flp': -2
W/ServiceWatcher(  378): com.google.android.location not found
E/FlpHardwareProvider(  378): Error hw_get_module 'flp': -2
W/ServiceWatcher(  378): com.google.android.location not found
E/LocationManagerService(  378): no geocoder provider found
E/LocationManagerService(  378): No FusedProvider found.
D/dalvikvm(  456): GC_FOR_ALLOC freed 97K, 6% free 3562K/3752K, paused 107ms, total 107ms
I/CommonTimeManagementService(  378): No common time service detected on this platform.  Common time services will be unavailable.
E/LocationManagerService(  378): no geofence provider found
I/InputReader(  378): Reconfiguring input devices.  changes=0x00000020
I/InputReader(  378): Reconfiguring input devices.  changes=0x00000010
I/ActivityManager(  378): Start proc com.android.phone for added application com.android.phone: pid=604 uid=1001 gids={41001, 3002, 3001, 3003, 1028, 1015}
I/ActivityManager(  378): START u0 {act=android.intent.action.MAIN cat=[android.intent.category.HOME] flg=0x10000000 cmp=com.android.settings/.CryptKeeper} from pid 0
I/ActivityManager(  378): Start proc com.android.settings for activity com.android.settings/.CryptKeeper: pid=618 uid=1000 gids={41000, 1028, 1015, 3002, 3001, 3003}
I/ActivityManager(  378): Start proc android.process.media for broadcast com.android.providers.downloads/.DownloadReceiver: pid=623 uid=10005 gids={50005, 1028, 1015, 1023, 1024, 2001, 3003, 3007}
D/dalvikvm(   58): GC_EXPLICIT freed 37K, 4% free 2705K/2804K, paused 3ms+23ms, total 89ms
D/dalvikvm(   58): GC_EXPLICIT freed <1K, 4% free 2705K/2804K, paused 2ms+2ms, total 73ms
D/dalvikvm(   58): WAIT_FOR_CONCURRENT_GC blocked 1ms
D/dalvikvm(   58): GC_EXPLICIT freed <1K, 4% free 2705K/2804K, paused 2ms+12ms, total 42ms
I/dalvikvm-heap(  456): Grow heap (frag case) to 6.464MB for 3072016-byte allocation
D/dalvikvm(  456): GC_FOR_ALLOC freed 3K, 3% free 6558K/6756K, paused 134ms, total 134ms
D/dalvikvm(  456): GC_CONCURRENT freed 1K, 3% free 6561K/6756K, paused 3ms+63ms, total 120ms
D/dalvikvm(  378): GC_CONCURRENT freed 492K, 58% free 5339K/12688K, paused 43ms+85ms, total 339ms
D/dalvikvm(  378): WAIT_FOR_CONCURRENT_GC blocked 206ms
D/dalvikvm(  378): WAIT_FOR_CONCURRENT_GC blocked 162ms
D/dalvikvm(  378): WAIT_FOR_CONCURRENT_GC blocked 150ms
D/dalvikvm(  378): WAIT_FOR_CONCURRENT_GC blocked 114ms
D/dalvikvm(  378): WAIT_FOR_CONCURRENT_GC blocked 119ms
D/dalvikvm(  378): WAIT_FOR_CONCURRENT_GC blocked 26ms
D/dalvikvm(  456): GC_FOR_ALLOC freed 3001K, 6% free 3563K/3752K, paused 100ms, total 123ms
I/dalvikvm-heap(  456): Grow heap (frag case) to 6.464MB for 3072016-byte allocation
I/LatinIME(  593): Hardware accelerated drawing: true
D/dalvikvm(  456): GC_FOR_ALLOC freed <1K, 3% free 6563K/6756K, paused 98ms, total 98ms
D/dalvikvm(  456): GC_CONCURRENT freed <1K, 3% free 6563K/6756K, paused 5ms+62ms, total 151ms
W/WindowManager(  378): Window freeze timeout expired.
W/WindowManager(  378): Force clearing orientation change: Window{b3069690 u0 StatusBar}
W/WindowManager(  378): Force clearing orientation change: Window{b3175e60 u0 com.android.systemui.ImageWallpaper}
D/PhoneStatusBar(  456): mSettingsPanelGravity = 55
I/ActivityManager(  378): Start proc com.android.printspooler for service com.android.printspooler/.PrintSpoolerService: pid=653 uid=10039 gids={50039}
I/ActivityManager(  378): START u0 {act=android.intent.action.MAIN cat=[android.intent.category.HOME] flg=0x10000000 cmp=com.android.sdksetup/.DefaultActivity} from pid 0
W/InputAttributes(  593): No editor info for this field. Bug?
I/ActivityManager(  378): Start proc com.android.sdksetup for activity com.android.sdksetup/.DefaultActivity: pid=668 uid=10042 gids={50042}
V/StatusBar(  456): userId 0 is in the house
D/dalvikvm(  593): GC_CONCURRENT freed 221K, 9% free 2884K/3168K, paused 8ms+1ms, total 226ms
I/Choreographer(  456): Skipped 90 frames!  The application may be doing too much work on its main thread.
I/ResourceUtils(  593): Found default value: resource=keypress_vibration_durations build=[HARDWARE=goldfish MODEL=sdk BRAND=generic MANUFACTURER=unknown] default=-1
I/ResourceUtils(  593): Found default value: resource=keypress_volumes build=[HARDWARE=goldfish MODEL=sdk BRAND=generic MANUFACTURER=unknown] default=-1.0f
I/PrintSpoolerService(  653): No existing print spooler state.
I/LatinIME:LogUtils(  593): Dictionary info: dictionary = personalization.en_US.dict ; version = ? ; date = 1545810391
I/LatinIME:LogUtils(  593): Dictionary info: dictionary = PersonalizationPredictionDictio ; version = ? ; date = 1545810391
I/LatinIME:LogUtils(  593): Dictionary info: dictionary = UserHistoryDictionary.en_US.dic ; version = ? ; date = 1545810391
D/dalvikvm(  378): GC_CONCURRENT freed 549K, 58% free 5415K/12688K, paused 92ms+33ms, total 379ms
D/dalvikvm(  604): GC_CONCURRENT freed 179K, 8% free 2913K/3152K, paused 5ms+2ms, total 118ms
W/BackupManagerService(  378): dataChanged but no participant pkg='com.android.providers.settings' uid=1001
I/PackageManager(  378): Adding preferred activity ComponentInfo{com.android.mms/com.android.mms.ui.ComposeMessageActivity} for user 0 :
I/PackageManager(  378):   Action: "android.intent.action.SENDTO"
I/PackageManager(  378):   Category: "android.intent.category.DEFAULT"
I/PackageManager(  378):   Scheme: "sms"
I/LatinIME:LogUtils(  593): Dictionary info: dictionary = userunigram.en_US.dict ; version = ? ; date = ?
I/PackageManager(  378):   Action: "android.intent.action.SENDTO"
I/PackageManager(  378):   Category: "android.intent.category.DEFAULT"
I/PackageManager(  378):   Scheme: "smsto"
I/PackageManager(  378): Adding preferred activity ComponentInfo{com.android.mms/com.android.mms.ui.ComposeMessageActivity} for user 0 :
I/PackageManager(  378):   Action: "android.intent.action.SENDTO"
I/PackageManager(  378):   Category: "android.intent.category.DEFAULT"
I/PackageManager(  378):   Scheme: "mms"
I/PackageManager(  378): Adding preferred activity ComponentInfo{com.android.mms/com.android.mms.ui.ComposeMessageActivity} for user 0 :
I/PackageManager(  378):   Action: "android.intent.action.SENDTO"
I/PackageManager(  378):   Category: "android.intent.category.DEFAULT"
I/PackageManager(  378):   Scheme: "mmsto"
I/PackageManager(  378): Adding preferred activity ComponentInfo{com.android.mms/com.android.mms.ui.ComposeMessageActivity} for user 0 :
I/ActivityManager(  378): Force stopping com.android.sdksetup appid=10042 user=0: pkg changed
I/ActivityManager(  378): Killing 668:com.android.sdksetup/u0a42 (adj 0): stop com.android.sdksetup
I/PackageManager(  378):   Action: "android.intent.action.SENDTO"
I/PackageManager(  378):   Category: "android.intent.category.DEFAULT"
I/PackageManager(  378):   Scheme: "sms"
I/PackageManager(  378): Adding preferred activity ComponentInfo{com.android.mms/com.android.mms.ui.ComposeMessageActivity} for user 0 :
I/ActivityManager(  378):   Force finishing activity ActivityRecord{b3093458 u0 com.android.sdksetup/.DefaultActivity t2}
I/PackageManager(  378):   Action: "android.intent.action.SENDTO"
I/PackageManager(  378):   Category: "android.intent.category.DEFAULT"
I/PackageManager(  378):   Scheme: "smsto"
I/PackageManager(  378): Adding preferred activity ComponentInfo{com.android.mms/com.android.mms.ui.ComposeMessageActivity} for user 0 :
I/ActivityManager(  378): START u0 {act=android.intent.action.MAIN cat=[android.intent.category.HOME] flg=0x10000000 cmp=com.android.launcher/com.android.launcher2.Launcher} from pid 0
I/PackageManager(  378):   Action: "android.intent.action.SENDTO"
I/PackageManager(  378):   Category: "android.intent.category.DEFAULT"
I/PackageManager(  378):   Scheme: "mms"
I/PackageManager(  378): Adding preferred activity ComponentInfo{com.android.mms/com.android.mms.ui.ComposeMessageActivity} for user 0 :
I/ActivityManager(  378): Start proc com.android.launcher for activity com.android.launcher/com.android.launcher2.Launcher: pid=693 uid=10008 gids={50008}
I/InputReader(  378): Reconfiguring input devices.  changes=0x00000010
I/PackageManager(  378):   Action: "android.intent.action.SENDTO"
I/PackageManager(  378):   Category: "android.intent.category.DEFAULT"
I/PackageManager(  378):   Scheme: "mmsto"
I/PackageManager(  378): Adding preferred activity ComponentInfo{com.android.mms/com.android.mms.ui.ComposeMessageActivity} for user 0 :
E/BluetoothAdapter(  604): Bluetooth binder is null
E/BluetoothAdapter(  604): Bluetooth binder is null
D/dalvikvm(  378): GC_CONCURRENT freed 677K, 58% free 5408K/12688K, paused 34ms+5ms, total 314ms
