W/ActivityManager(  356): Unable to start service Intent { cmp=com.android.email/.service.AttachmentDownloadService } U=0: not found
D/dalvikvm(  913): GC_CONCURRENT freed 294K, 12% free 2909K/3272K, paused 3ms+2ms, total 39ms
I/Email   (  913): Observing account changes for notifications
I/MediaFocusControl(  356):   Remote Control   registerMediaButtonIntent() for PendingIntent{b2eb88e8: PendingIntentRecord{b2e5e788 com.android.music broadcastIntent}}
I/ActivityManager(  356): Start proc com.android.calendar for broadcast com.android.calendar/.widget.CalendarAppWidgetService$CalendarFactory: pid=953 uid=10016 gids={50016, 3003}
D/dalvikvm(  356): GC_CONCURRENT freed 527K, 53% free 5693K/11952K, paused 14ms+5ms, total 74ms
I/ContactDirectoryManager(  556): deleted 0 stale rows which don't have any relevant directory
D/ExtensionsFactory(  953): No custom extensions.
I/ContactDirectoryManager(  556): Discovered 0 contact directories in 5724ms
I/ActivityManager(  356): Start proc com.android.deskclock for broadcast com.android.deskclock/.AlarmInitReceiver: pid=971 uid=10020 gids={50020, 1028}
I/ContactsProvider(  556): Upgrading aggregation algorithm
I/ActivityManager(  356): Start proc com.android.providers.calendar for content provider com.android.providers.calendar/.CalendarProvider2: pid=975 uid=10001 gids={50001, 3003, 1028, 1015}
D/dalvikvm(   58): GC_EXPLICIT freed 40K, 4% free 2705K/2812K, paused 32ms+2ms, total 93ms
D/dalvikvm(   58): GC_EXPLICIT freed <1K, 4% free 2705K/2812K, paused 3ms+13ms, total 59ms
D/dalvikvm(   58): GC_EXPLICIT freed <1K, 4% free 2705K/2812K, paused 2ms+3ms, total 58ms
I/ContactAggregator(  556): Marked all visible contacts for aggregation: 0 raw contacts, 286 ms
I/ContactsProvider(  556): Aggregation algorithm upgraded for 0 raw contacts in 313ms
V/AlarmClock(  971): AlarmInitReceiver android.intent.action.TIMEZONE_CHANGED
I/CalendarDatabaseHelper(  975): Bootstrapping database
I/AlarmClock(  971): Alarms Table created
I/AlarmClock(  971): Instance table created
I/AlarmClock(  971): Cities table created
I/AlarmClock(  971): Inserting default alarms
I/AlarmClock(  971): Displaying next alarm time: ''
W/BackupManagerService(  356): dataChanged but no participant pkg='com.android.providers.settings' uid=10020
V/AlarmClock(  971): AlarmInitReceiver finished
E/logwrapper(  997): executing /system/bin/ip failed: No such file or directory
E/ConnectivityService(  356): Exception trying to add a route: java.lang.IllegalStateException: command '45 interface fwmark exempt add 10.0.2.2/32' failed with '400 45 Failed to add exemption rule (File exists)'
E/logwrapper(  998): executing /system/bin/ip failed: No such file or directory
E/ConnectivityService(  356): Exception trying to add a route: java.lang.IllegalStateException: command '47 interface fwmark exempt add 172.217.23.14/32' failed with '400 47 Failed to add exemption rule (File exists)'
D/ConnectivityService(  356): requestRouteToHostAddress ok=false
D/ConnectivityService(  356): [CheckMp] isMobileOk: could not establish route to hostAddr=clients3.google.com/172.217.23.14
E/BluetoothAdapter(  615): Bluetooth binder is null
E/BluetoothAdapter(  615): Bluetooth binder is null
I/CalendarProvider2(  975): Created com.android.providers.calendar.CalendarAlarmManager@b2d31788(com.android.providers.calendar.CalendarProvider2@b2d1de60)
I/ActivityManager(  356): Start proc com.android.dialer for broadcast com.android.dialer/.calllog.CallLogReceiver: pid=1000 uid=10004 gids={50004, 3003, 1028, 1015}
D/ExtensionsFactory( 1000): No custom extensions.
I/ContactsFTS(  556): Rebuild contact search index in 1046ms, 0 contacts
D/dalvikvm(  556): GC_CONCURRENT freed 259K, 10% free 3084K/3408K, paused 6ms+5ms, total 86ms
I/ActivityManager(  356): Delay finish: com.android.dialer/.calllog.CallLogReceiver
I/ActivityManager(  356): Resuming delayed broadcast
E/BluetoothAdapter(  356): Bluetooth binder is null
E/BluetoothAdapter(  356): Bluetooth binder is null
V/WiredAccessoryManager(  356): init()
I/PowerManagerService(  356): Boot animation finished.
E/SoundPool(  356): error loading /system/media/audio/ui/Effect_Tick.ogg
W/AudioService(  356): Soundpool could not load file: /system/media/audio/ui/Effect_Tick.ogg
E/SoundPool(  356): error loading /system/media/audio/ui/Effect_Tick.ogg
W/AudioService(  356): Soundpool could not load file: /system/media/audio/ui/Effect_Tick.ogg
E/SoundPool(  356): error loading /system/media/audio/ui/Effect_Tick.ogg
W/AudioService(  356): Soundpool could not load file: /system/media/audio/ui/Effect_Tick.ogg
E/SoundPool(  356): error loading /system/media/audio/ui/Effect_Tick.ogg
W/AudioService(  356): Soundpool could not load file: /system/media/audio/ui/Effect_Tick.ogg
E/SoundPool(  356): error loading /system/media/audio/ui/Effect_Tick.ogg
W/AudioService(  356): Soundpool could not load file: /system/media/audio/ui/Effect_Tick.ogg
E/SoundPool(  356): error loading /system/media/audio/ui/KeypressStandard.ogg
W/AudioService(  356): Soundpool could not load file: /system/media/audio/ui/KeypressStandard.ogg
E/SoundPool(  356): error loading /system/media/audio/ui/KeypressSpacebar.ogg
W/AudioService(  356): Soundpool could not load file: /system/media/audio/ui/KeypressSpacebar.ogg
E/SoundPool(  356): error loading /system/media/audio/ui/KeypressDelete.ogg
W/AudioService(  356): Soundpool could not load file: /system/media/audio/ui/KeypressDelete.ogg
E/SoundPool(  356): error loading /system/media/audio/ui/KeypressReturn.ogg
W/AudioService(  356): Soundpool could not load file: /system/media/audio/ui/KeypressReturn.ogg
E/SoundPool(  356): error loading /system/media/audio/ui/KeypressInvalid.ogg
W/AudioService(  356): Soundpool could not load file: /system/media/audio/ui/KeypressInvalid.ogg
W/AudioService(  356): onLoadSoundEffects(), Error -1 while loading samples
I/RecoverySystem(  356): No recovery log file
I/BootReceiver(  356): Copying audit failures to DropBox
I/BootReceiver(  356): Checking for fsck errors
I/ActivityManager(  356): Delay finish: com.android.providers.downloads/.DownloadReceiver
D/dalvikvm(  356): GC_CONCURRENT freed 589K, 52% free 5801K/11952K, paused 4ms+4ms, total 87ms
I/ActivityManager(  356): Resuming delayed broadcast
I/ActivityManager(  356): Delay finish: com.android.providers.media/.MediaScannerReceiver
I/CalendarProvider2(  975): Sending notification intent: Intent { act=android.intent.action.PROVIDER_CHANGED dat=content://com.android.calendar }
W/ContentResolver(  975): Failed to get type for: content://com.android.calendar (Unknown URL content://com.android.calendar)
I/ActivityManager(  356): Resuming delayed broadcast
I/ActivityManager(  356): Start proc com.android.mms for broadcast com.android.mms/.transaction.MmsSystemEventReceiver: pid=1028 uid=10009 gids={50009, 3003, 1028, 1015}
D/CountryDetector(  356): The first listener is added
V/MmsConfig( 1028): mnc/mcc: 310260
V/MmsConfig( 1028): tag: bool value: enabledMMS - true
V/MmsConfig( 1028): tag: int value: maxMessageSize - 307200
V/MmsConfig( 1028): tag: int value: maxImageHeight - 480
V/MmsConfig( 1028): tag: int value: maxImageWidth - 640
V/MmsConfig( 1028): tag: int value: defaultSMSMessagesPerThread - 10000
V/MmsConfig( 1028): tag: int value: defaultMMSMessagesPerThread - 1000
V/MmsConfig( 1028): tag: int value: minMessageCountPerThread - 10
V/MmsConfig( 1028): tag: int value: maxMessageCountPerThread - 5000
V/MmsConfig( 1028): tag: string value: uaProfUrl - http://www.google.com/oha/rdf/ua-profile-kila.xml
V/MmsConfig( 1028): tag: int value: recipientLimit - -1
V/MmsConfig( 1028): tag: bool value: enableMultipartSMS - true
V/MmsConfig( 1028): tag: int value: smsToMmsTextThreshold - -1
V/MmsConfig( 1028): tag: bool value: enableSlideDuration - true
V/MmsConfig( 1028): tag: int value: maxMessageTextSize - -1
I/ActivityManager(  356): Delay finish: com.android.mms/.transaction.MmsSystemEventReceiver
I/MediaProvider(  625): Upgrading media database from version 0 to 700, which will destroy all old data
D/Mms:app ( 1028): cancelNotification
I/ActivityManager(  356): Resuming delayed broadcast
I/ActivityManager(  356): Delay finish: com.android.mms/.transaction.SmsReceiver
D/MmsSmsDatabaseHelper(  603): [MmsSmsDb] tableName: threads hasAutoIncrement: CREATE TABLE threads (_id INTEGER PRIMARY KEY AUTOINCREMENT,date INTEGER DEFAULT 0,message_count INTEGER DEFAULT 0,recipient_ids TEXT,snippet TEXT,snippet_cs INTEGER DEFAULT 0,read INTEGER DEFAULT 1,type INTEGER DEFAULT 0,error INTEGER DEFAULT 0,has_attachment INTEGER DEFAULT 0) result: true
D/MmsSmsDatabaseHelper(  603): [MmsSmsDb] tableName: canonical_addresses hasAutoIncrement: CREATE TABLE canonical_addresses (_id INTEGER PRIMARY KEY AUTOINCREMENT,address TEXT) result: true
D/MmsSmsDatabaseHelper(  603): [MmsSmsDb] tableName: part hasAutoIncrement: CREATE TABLE part (_id INTEGER PRIMARY KEY AUTOINCREMENT,mid INTEGER,seq INTEGER DEFAULT 0,ct TEXT,name TEXT,chset INTEGER,cd TEXT,fn TEXT,cid TEXT,cl TEXT,ctt_s INTEGER,ctt_t TEXT,_data TEXT,text TEXT) result: true
D/MmsSmsDatabaseHelper(  603): [MmsSmsDb] tableName: pdu hasAutoIncrement: CREATE TABLE pdu (_id INTEGER PRIMARY KEY AUTOINCREMENT,thread_id INTEGER,date INTEGER,date_sent INTEGER DEFAULT 0,msg_box INTEGER,read INTEGER DEFAULT 0,m_id TEXT,sub TEXT,sub_cs INTEGER,ct_t TEXT,ct_l TEXT,exp INTEGER,m_cls TEXT,m_type INTEGER,v INTEGER,m_size INTEGER,pri INTEGER,rr INTEGER,rpt_a INTEGER,resp_st INTEGER,st INTEGER,tr_id TEXT,retr_st INTEGER,retr_txt TEXT,retr_txt_cs INTEGER,read_status INTEGER,ct_cls INTEGER,resp_txt TEXT,d_tm INTEGER,d_rpt INTEGER,locked INTEGER DEFAULT 0,seen INTEGER DEFAULT 0,text_only INTEGER DEFAULT 0) result: true
D/MmsSmsDatabaseHelper(  603): [getWritableDatabase] hasAutoIncrementThreads: true hasAutoIncrementAddresses: true hasAutoIncrementPart: true hasAutoIncrementPdu: true
D/Mms:app ( 1028): cancelNotification
I/ActivityManager(  356): Resuming delayed broadcast
D/AlertReceiver(  953): onReceive: a=android.intent.action.BOOT_COMPLETED Intent { act=android.intent.action.BOOT_COMPLETED flg=0x8000010 cmp=com.android.calendar/.alerts.AlertReceiver (has extras) }
I/ActivityManager(  356): Delay finish: com.android.calendar/.alerts.AlertReceiver
D/AlertUtils(  953): Flushing old alerts from shared prefs table
D/AlertService(  953): 0 Action = android.intent.action.BOOT_COMPLETED
D/AlertService(  953): Scheduling next alarm with AlarmScheduler. sEventReminderReceived: null
E/logwrapper( 1061): executing /system/bin/ip failed: No such file or directory
D/dalvikvm(  953): GC_CONCURRENT freed 309K, 12% free 2809K/3188K, paused 43ms+2ms, total 113ms
E/ConnectivityService(  356): Exception trying to add a route: java.lang.IllegalStateException: command '49 interface fwmark exempt add 10.0.2.2/32' failed with '400 49 Failed to add exemption rule (File exists)'
E/logwrapper( 1062): executing /system/bin/ip failed: No such file or directory
E/ConnectivityService(  356): Exception trying to add a route: java.lang.IllegalStateException: command '51 interface fwmark exempt add 172.217.23.14/32' failed with '400 51 Failed to add exemption rule (File exists)'
D/ConnectivityService(  356): requestRouteToHostAddress ok=false
D/ConnectivityService(  356): [CheckMp] isMobileOk: could not establish route to hostAddr=clients3.google.com/172.217.23.14
D/AlarmScheduler(  953): No events found starting within 1 week.
E/SQLiteLog(  625): (1) no such table: files
E/WVMExtractor(   60): Failed to open libwvm.so
D/dalvikvm(  625): GC_CONCURRENT freed 252K, 10% free 3029K/3344K, paused 4ms+3ms, total 39ms
V/MediaScanner(  625): pruneDeadThumbnailFiles... android.database.sqlite.SQLiteCursor@b2d58f48
V/MediaScanner(  625): /pruneDeadThumbnailFiles... android.database.sqlite.SQLiteCursor@b2d58f48
I/ActivityManager(  356): Resuming delayed broadcast
V/AlarmClock(  971): AlarmInitReceiver android.intent.action.BOOT_COMPLETED
V/AlarmClock(  971): AlarmInitReceiver - Reset timers and clear stopwatch data
V/AlarmClock(  971): AlarmInitReceiver - resetting volume button default
I/AlarmClock(  971): Displaying next alarm time: ''
D/dalvikvm(  971): GC_CONCURRENT freed 373K, 14% free 2835K/3276K, paused 5ms+4ms, total 94ms
D/dalvikvm(  971): WAIT_FOR_CONCURRENT_GC blocked 33ms
V/AlarmClock(  971): AlarmInitReceiver finished
I/ActivityManager(  356): Delay finish: com.android.email/.service.EmailUpgradeBroadcastReceiver
I/ActivityManager(  356): Resuming delayed broadcast
I/ActivityManager(  356): Delay finish: com.android.email/.service.EmailBroadcastReceiver
I/Email   (  913): Onetime initialization: 1
I/Email   (  913): Onetime initialization: 2
I/Email   (  913): Onetime initialization: completed.
I/ActivityManager(  356): Delaying start of: ServiceRecord{b3132770 u0 com.android.exchange/.service.EmailSyncAdapterService}
E/MetadataRetrieverClient(   60): failed to extract an album art
I/ActivityManager(  356): Resuming delayed broadcast
I/LauncherIconVisibilityManager(  590): Boot has been completed
I/LauncherIconVisibilityManager(  590): Disable activity: ComponentInfo{com.android.inputmethod.latin/com.android.inputmethod.latin.setup.SetupActivity}
D/dalvikvm(  590): GC_CONCURRENT freed 350K, 12% free 3109K/3524K, paused 5ms+2ms, total 48ms
E/BluetoothAdapter(  615): Bluetooth binder is null
I/ActivityManager(  356): Delay finish: com.android.settings/.widget.SettingsAppWidgetProvider
D/dalvikvm( 1028): GC_CONCURRENT freed 227K, 10% free 2879K/3172K, paused 5ms+4ms, total 124ms
E/StrictMode( 1028): A resource was acquired at attached stack trace but never released. See java.io.Closeable for information on avoiding resource leaks.
E/StrictMode( 1028): java.lang.Throwable: Explicit termination method 'release' not called
E/StrictMode( 1028): 	at dalvik.system.CloseGuard.open(CloseGuard.java:184)
E/StrictMode( 1028): 	at android.drm.DrmManagerClient.<init>(DrmManagerClient.java:258)
E/StrictMode( 1028): 	at com.google.android.mms.pdu.PduPersister.<init>(PduPersister.java:288)
E/StrictMode( 1028): 	at com.google.android.mms.pdu.PduPersister.getPduPersister(PduPersister.java:296)
E/StrictMode( 1028): 	at com.android.mms.transaction.TransactionService.onNewIntent(TransactionService.java:224)
E/StrictMode( 1028): 	at com.android.mms.transaction.TransactionService$ServiceHandler.handleMessage(TransactionService.java:621)
E/StrictMode( 1028): 	at android.os.Handler.dispatchMessage(Handler.java:102)
E/StrictMode( 1028): 	at android.os.Looper.loop(Looper.java:136)
E/StrictMode( 1028): 	at android.os.HandlerThread.run(HandlerThread.java:61)
I/ActivityManager(  356): Resuming delayed broadcast
W/BroadcastQueue(  356): Permission Denial: broadcasting Intent { act=android.appwidget.action.APPWIDGET_UPDATE_OPTIONS flg=0x10 cmp=com.android.settings/.widget.SettingsAppWidgetProvider (has extras) } from android (pid=678, uid=10008) is not exported from uid 1000 due to receiver com.android.settings/.widget.SettingsAppWidgetProvider
I/ActivityManager(  356): Delay finish: com.android.providers.contacts/.PackageIntentReceiver
I/ActivityManager(  356): Resuming delayed broadcast
I/ActivityManager(  356): Start proc com.svox.pico for broadcast com.svox.pico/.VoiceDataInstallerReceiver: pid=1078 uid=10037 gids={50037, 1028, 1015}
E/BluetoothAdapter(  615): Bluetooth binder is null
D/AlertReceiver(  953): onReceive: a=android.intent.action.PROVIDER_CHANGED Intent { act=android.intent.action.PROVIDER_CHANGED dat=content://com.android.calendar flg=0x10 cmp=com.android.calendar/.alerts.AlertReceiver }
I/ActivityManager(  356): Delay finish: com.android.calendar/.alerts.AlertReceiver
D/AlertService(  953): 0 Action = android.intent.action.PROVIDER_CHANGED
D/ConnectivityService(  356): [CheckMp] isMobileOk: too many loops tried - giving up
D/ConnectivityService(  356): [CheckMp] isMobileOk: X loops|timed out result=0
D/ConnectivityService(  356): [CheckMp] isMobileOk: F stop hipri
D/MobileDataStateTracker(  356): default: setEnableFailFastMobileData(enabled=0)
D/ConnectivityService(  356): stopUsingNetworkFeature: teardown net 0: enableHIPRI
D/MobileDataStateTracker(  356): hipri: Broadcast received: android.intent.action.ANY_DATA_STATE apnType=hipri
D/MobileDataStateTracker(  356): hipri: Received state=DISCONNECTED, old=CONNECTED, reason=dataDisabled
D/MobileDataStateTracker(  356): hipri: setDetailed state, old =CONNECTED and new state=DISCONNECTED
D/ConnectivityService(  356): ConnectivityChange for mobile_hipri: DISCONNECTED/DISCONNECTED
E/logwrapper( 1091): executing /system/bin/ip failed: No such file or directory
E/SecondaryTablController(   54): ip route del failed: /system/bin/ip route del 10.0.2.2/32 via 0.0.0.0 dev eth0 table 60
W/FrameworkListener(   54): Handler 'interface' error (No such device)
E/logwrapper( 1092): executing /system/bin/ip failed: No such file or directory
E/SecondaryTablController(   54): ip route del failed: /system/bin/ip route del 0.0.0.0/0 via 10.0.2.2 dev eth0 table 60
W/FrameworkListener(   54): Handler 'interface' error (No such device)
D/Nat464Xlat(  356): requiresClat: netType=5, hasIPv4Address=true
D/MobileDataStateTracker(  356): default: setPolicyDataEnable(enabled=true)
D/dalvikvm(  356): GC_CONCURRENT freed 742K, 52% free 5754K/11952K, paused 6ms+5ms, total 179ms
E/NetdConnector(  356): NDC Command {59 bandwidth removeiquota eth0} took too long (765ms)
E/NetdConnector(  356): NDC Command {60 bandwidth gettetherstats} took too long (713ms)
D/dalvikvm(  356): GC_CONCURRENT freed 692K, 53% free 5724K/11952K, paused 16ms+14ms, total 157ms
W/ProcessCpuTracker(  356): Skipping unknown process pid 1110
I/InputReader(  356): Reconfiguring input devices.  changes=0x00000010
I/InputReader(  356): Reconfiguring input devices.  changes=0x00000010
I/InputReader(  356): Reconfiguring input devices.  changes=0x00000010
I/PackageManager(  356):   Action: "android.intent.action.SENDTO"
I/PackageManager(  356):   Category: "android.intent.category.DEFAULT"
I/PackageManager(  356):   Scheme: "sms"
I/PackageManager(  356): Adding preferred activity ComponentInfo{com.android.mms/com.android.mms.ui.ComposeMessageActivity} for user 0 :
I/PackageManager(  356):   Action: "android.intent.action.SENDTO"
I/PackageManager(  356):   Category: "android.intent.category.DEFAULT"
I/PackageManager(  356):   Scheme: "smsto"
I/PackageManager(  356): Adding preferred activity ComponentInfo{com.android.mms/com.android.mms.ui.ComposeMessageActivity} for user 0 :
D/dalvikvm(  603): GC_CONCURRENT freed 440K, 13% free 3386K/3892K, paused 3ms+3ms, total 249ms
D/dalvikvm(  356): GC_CONCURRENT freed 714K, 52% free 5768K/11952K, paused 114ms+5ms, total 445ms
D/dalvikvm(  356): WAIT_FOR_CONCURRENT_GC blocked 122ms
I/PackageManager(  356):   Action: "android.intent.action.SENDTO"
I/PackageManager(  356):   Category: "android.intent.category.DEFAULT"
I/PackageManager(  356):   Scheme: "mms"
I/PackageManager(  356): Adding preferred activity ComponentInfo{com.android.mms/com.android.mms.ui.ComposeMessageActivity} for user 0 :
D/dalvikvm(  356): WAIT_FOR_CONCURRENT_GC blocked 129ms
D/dalvikvm(  356): WAIT_FOR_CONCURRENT_GC blocked 38ms
E/NetdConnector(  356): NDC Command {61 bandwidth setiquota eth0 9223372036854775807} took too long (2070ms)
I/PackageManager(  356):   Action: "android.intent.action.SENDTO"
I/PackageManager(  356):   Category: "android.intent.category.DEFAULT"
I/PackageManager(  356):   Scheme: "mmsto"
I/PackageManager(  356): Adding preferred activity ComponentInfo{com.android.mms/com.android.mms.ui.ComposeMessageActivity} for user 0 :
D/MobileDataStateTracker(  356): default: setPolicyDataEnable(enabled=true)
D/Tethering(  356): MasterInitialState.processMessage what=3
I/PackageManager(  356):   Action: "android.intent.action.SENDTO"
I/PackageManager(  356):   Category: "android.intent.category.DEFAULT"
I/PackageManager(  356):   Scheme: "sms"
I/PackageManager(  356): Adding preferred activity ComponentInfo{com.android.mms/com.android.mms.ui.ComposeMessageActivity} for user 0 :
D/CaptivePortalTracker(  356): NoActiveNetworkState{ when=-15ms what=1 obj=NetworkInfo: type: mobile_hipri[UMTS], state: DISCONNECTED/DISCONNECTED, reason: dataDisabled, extra: epc.tmobile.com, roaming: false, failover: false, isAvailable: true, isConnectedToProvisioningNetwork: false target=com.android.internal.util.StateMachine$SmHandler }
D/CaptivePortalTracker(  356): NoActiveNetworkState not a wifi connectivity change, ignore
D/Tethering(  356): MasterInitialState.processMessage what=3
D/CaptivePortalTracker(  356): NoActiveNetworkState{ when=-14ms what=1 obj=NetworkInfo: type: mobile[UMTS], state: CONNECTED/CONNECTED, reason: connected, extra: epc.tmobile.com, roaming: false, failover: false, isAvailable: true, isConnectedToProvisioningNetwork: false target=com.android.internal.util.StateMachine$SmHandler }
D/CaptivePortalTracker(  356): NoActiveNetworkState not a wifi connectivity change, ignore
I/PackageManager(  356):   Action: "android.intent.action.SENDTO"
I/PackageManager(  356):   Category: "android.intent.category.DEFAULT"
I/PackageManager(  356):   Scheme: "smsto"
I/PackageManager(  356): Adding preferred activity ComponentInfo{com.android.mms/com.android.mms.ui.ComposeMessageActivity} for user 0 :
I/PackageManager(  356):   Action: "android.intent.action.SENDTO"
I/PackageManager(  356):   Category: "android.intent.category.DEFAULT"
I/PackageManager(  356):   Scheme: "mms"
I/PackageManager(  356): Adding preferred activity ComponentInfo{com.android.mms/com.android.mms.ui.ComposeMessageActivity} for user 0 :
I/PackageManager(  356):   Action: "android.intent.action.SENDTO"
I/PackageManager(  356):   Category: "android.intent.category.DEFAULT"
I/PackageManager(  356):   Scheme: "mmsto"
I/PackageManager(  356): Adding preferred activity ComponentInfo{com.android.mms/com.android.mms.ui.ComposeMessageActivity} for user 0 :
I/PackageManager(  356):   Action: "android.intent.action.SENDTO"
I/PackageManager(  356):   Category: "android.intent.category.DEFAULT"
I/PackageManager(  356):   Scheme: "sms"
I/PackageManager(  356): Adding preferred activity ComponentInfo{com.android.mms/com.android.mms.ui.ComposeMessageActivity} for user 0 :
D/dalvikvm(  603): GC_CONCURRENT freed 505K, 16% free 3339K/3936K, paused 7ms+52ms, total 259ms
I/PackageManager(  356):   Action: "android.intent.action.SENDTO"
I/PackageManager(  356):   Category: "android.intent.category.DEFAULT"
I/PackageManager(  356):   Scheme: "smsto"
I/PackageManager(  356): Adding preferred activity ComponentInfo{com.android.mms/com.android.mms.ui.ComposeMessageActivity} for user 0 :
D/dalvikvm(  356): GC_CONCURRENT freed 763K, 52% free 5775K/11952K, paused 7ms+34ms, total 517ms
D/dalvikvm(  356): WAIT_FOR_CONCURRENT_GC blocked 18ms
E/NetdConnector(  356): NDC Command {62 bandwidth removeiquota eth0} took too long (1039ms)
I/PackageManager(  356):   Action: "android.intent.action.SENDTO"
I/PackageManager(  356):   Category: "android.intent.category.DEFAULT"
I/PackageManager(  356):   Scheme: "mms"
I/PackageManager(  356): Adding preferred activity ComponentInfo{com.android.mms/com.android.mms.ui.ComposeMessageActivity} for user 0 :
I/PackageManager(  356):   Action: "android.intent.action.SENDTO"
I/PackageManager(  356):   Category: "android.intent.category.DEFAULT"
I/PackageManager(  356):   Scheme: "mmsto"
I/PackageManager(  356): Adding preferred activity ComponentInfo{com.android.mms/com.android.mms.ui.ComposeMessageActivity} for user 0 :
I/PackageManager(  356):   Action: "android.intent.action.SENDTO"
I/PackageManager(  356):   Category: "android.intent.category.DEFAULT"
I/PackageManager(  356):   Scheme: "sms"
I/PackageManager(  356): Adding preferred activity ComponentInfo{com.android.mms/com.android.mms.ui.ComposeMessageActivity} for user 0 :
I/PackageManager(  356):   Action: "android.intent.action.SENDTO"
I/PackageManager(  356):   Category: "android.intent.category.DEFAULT"
I/PackageManager(  356):   Scheme: "smsto"
I/PackageManager(  356): Adding preferred activity ComponentInfo{com.android.mms/com.android.mms.ui.ComposeMessageActivity} for user 0 :
I/PackageManager(  356):   Action: "android.intent.action.SENDTO"
I/PackageManager(  356):   Category: "android.intent.category.DEFAULT"
I/PackageManager(  356):   Scheme: "mms"
I/PackageManager(  356): Adding preferred activity ComponentInfo{com.android.mms/com.android.mms.ui.ComposeMessageActivity} for user 0 :
D/dalvikvm(  603): GC_CONCURRENT freed 402K, 14% free 3388K/3936K, paused 4ms+2ms, total 101ms
I/PackageManager(  356):   Action: "android.intent.action.SENDTO"
I/PackageManager(  356):   Category: "android.intent.category.DEFAULT"
I/PackageManager(  356):   Scheme: "mmsto"
I/PackageManager(  356): Adding preferred activity ComponentInfo{com.android.mms/com.android.mms.ui.ComposeMessageActivity} for user 0 :
I/PackageManager(  356):   Action: "android.intent.action.SENDTO"
I/PackageManager(  356):   Category: "android.intent.category.DEFAULT"
I/PackageManager(  356):   Scheme: "sms"
I/PackageManager(  356): Adding preferred activity ComponentInfo{com.android.mms/com.android.mms.ui.ComposeMessageActivity} for user 0 :
D/dalvikvm(  356): GC_CONCURRENT freed 748K, 52% free 5797K/11952K, paused 78ms+15ms, total 348ms
D/dalvikvm(  356): WAIT_FOR_CONCURRENT_GC blocked 60ms
I/PackageManager(  356):   Action: "android.intent.action.SENDTO"
I/PackageManager(  356):   Category: "android.intent.category.DEFAULT"
I/PackageManager(  356):   Scheme: "smsto"
I/PackageManager(  356): Adding preferred activity ComponentInfo{com.android.mms/com.android.mms.ui.ComposeMessageActivity} for user 0 :
I/PackageManager(  356):   Action: "android.intent.action.SENDTO"
I/PackageManager(  356):   Category: "android.intent.category.DEFAULT"
I/PackageManager(  356):   Scheme: "mms"
I/PackageManager(  356): Adding preferred activity ComponentInfo{com.android.mms/com.android.mms.ui.ComposeMessageActivity} for user 0 :
I/PackageManager(  356):   Action: "android.intent.action.SENDTO"
I/PackageManager(  356):   Category: "android.intent.category.DEFAULT"
I/PackageManager(  356):   Scheme: "mmsto"
I/PackageManager(  356): Adding preferred activity ComponentInfo{com.android.mms/com.android.mms.ui.ComposeMessageActivity} for user 0 :
I/GlobalDismissManager(  953): no sender configured
D/AlertService(  953): Beginning updateAlertNotification
D/ConnectivityService(  356): [CheckMp] isMobileOk: X result=0
D/ConnectivityService(  356): [CheckMp] onPostExecute: result=0
D/ConnectivityService(  356): CheckMp.onComplete: result=0
D/ConnectivityService(  356): CheckMp.onComplete: ignore, connected or no connection
D/dalvikvm(  603): GC_CONCURRENT freed 459K, 15% free 3385K/3952K, paused 4ms+12ms, total 63ms
I/PackageManager(  356):   Action: "android.intent.action.SENDTO"
I/PackageManager(  356):   Category: "android.intent.category.DEFAULT"
I/PackageManager(  356):   Scheme: "sms"
I/PackageManager(  356): Adding preferred activity ComponentInfo{com.android.mms/com.android.mms.ui.ComposeMessageActivity} for user 0 :
I/PackageManager(  356):   Action: "android.intent.action.SENDTO"
I/PackageManager(  356):   Category: "android.intent.category.DEFAULT"
I/PackageManager(  356):   Scheme: "smsto"
I/PackageManager(  356): Adding preferred activity ComponentInfo{com.android.mms/com.android.mms.ui.ComposeMessageActivity} for user 0 :
I/PackageManager(  356):   Action: "android.intent.action.SENDTO"
I/PackageManager(  356):   Category: "android.intent.category.DEFAULT"
I/PackageManager(  356):   Scheme: "mms"
I/PackageManager(  356): Adding preferred activity ComponentInfo{com.android.mms/com.android.mms.ui.ComposeMessageActivity} for user 0 :
I/PackageManager(  356):   Action: "android.intent.action.SENDTO"
I/PackageManager(  356):   Category: "android.intent.category.DEFAULT"
I/PackageManager(  356):   Scheme: "mmsto"
I/PackageManager(  356): Adding preferred activity ComponentInfo{com.android.mms/com.android.mms.ui.ComposeMessageActivity} for user 0 :
D/dalvikvm(  356): GC_CONCURRENT freed 784K, 53% free 5734K/11952K, paused 27ms+15ms, total 197ms
E/NetdConnector(  356): NDC Command {63 bandwidth setiquota eth0 9223372036854775807} took too long (1520ms)
D/MobileDataStateTracker(  356): default: setPolicyDataEnable(enabled=true)
D/MobileDataStateTracker(  356): default: setPolicyDataEnable(enabled=true)
D/AlertService(  953): No fired or scheduled alerts
D/AlertService(  953): Scheduling next alarm with AlarmScheduler. sEventReminderReceived: null
D/AlarmScheduler(  953): No events found starting within 1 week.
I/ActivityManager(  356): Resuming delayed broadcast
V/SmsReceiverService( 1028): onStart: #1 mResultCode: -1 = Activity.RESULT_OK
I/ActivityManager(  356): Delay finish: com.android.mms/.transaction.SmsReceiver
I/ActivityManager(  356): Resuming delayed broadcast
D/MobileDataStateTracker(  356): default: setPolicyDataEnable(enabled=true)
I/ActivityManager(  356): Delay finish: com.android.providers.calendar/.CalendarProviderBroadcastReceiver
D/dalvikvm(  975): GC_CONCURRENT freed 224K, 10% free 2895K/3188K, paused 4ms+2ms, total 70ms
I/ActivityManager(  356): Resuming delayed broadcast
I/ActivityManager(  356): Waited long enough for: ServiceRecord{b2e945b0 u0 com.android.music/.MediaPlaybackService}
D/AndroidRuntime( 1152): 
D/AndroidRuntime( 1152): >>>>>> AndroidRuntime START com.android.internal.os.RuntimeInit <<<<<<
D/AndroidRuntime( 1152): CheckJNI is ON
D/dalvikvm( 1152): Trying to load lib libjavacore.so 0x0
D/dalvikvm( 1152): Added shared lib libjavacore.so 0x0
D/dalvikvm( 1152): Trying to load lib libnativehelper.so 0x0
D/dalvikvm( 1152): Added shared lib libnativehelper.so 0x0
D/dalvikvm( 1152): No JNI_OnLoad found in libnativehelper.so 0x0, skipping init
D/ConnectivityService(  356): Sampling interval elapsed, updating statistics ..
D/ConnectivityService(  356): Done.
D/ConnectivityService(  356): Setting timer for 720seconds
D/dalvikvm( 1152): Note: class Landroid/app/ActivityManagerNative; has 179 unimplemented (abstract) methods
I/ActivityManager(  356): Waited long enough for: ServiceRecord{b30a57d8 u0 com.android.calendar/.alerts.InitAlarmsService}
E/memtrack( 1152): Couldn't load memtrack module (No such file or directory)
E/android.os.Debug( 1152): failed to load memtrack module: -2
D/AndroidRuntime( 1152): Calling main entry com.android.commands.am.Am
I/ActivityManager(  356): START u0 {act=android.intent.action.MAIN cat=[android.intent.category.LAUNCHER] flg=0x10000000 cmp=com.wqx.blackjack/.Blackjack} from pid 1152
D/gralloc (   57): Registering a buffer in the process that created it. This may cause memory ordering problems.
E/libEGL  (   57): called unimplemented OpenGL ES API
E/libEGL  (   57): called unimplemented OpenGL ES API
E/libEGL  (   57): called unimplemented OpenGL ES API
E/libEGL  (   57): called unimplemented OpenGL ES API
E/SurfaceFlinger(   57): glCheckFramebufferStatusOES error -769229991
E/SurfaceFlinger(   57): got GL_FRAMEBUFFER_COMPLETE_OES error while taking screenshot
E/libEGL  (   57): called unimplemented OpenGL ES API
E/libEGL  (   57): called unimplemented OpenGL ES API
W/WindowManager(  356): Screenshot failure taking screenshot for (164x295) to layer 21005
I/ActivityManager(  356): Start proc com.wqx.blackjack for activity com.wqx.blackjack/.Blackjack: pid=1162 uid=10052 gids={50052, 3003, 1028, 1015}
I/dalvikvm( 1162): CheckJNI enabled: not enabling JNI app bug workarounds.
V/PhoneStatusBar(  450): setLightsOn(true)
I/ARMAssembler(   57): generated scanline__00000077:03515104_00009002_00000000 [127 ipp] (149 ins) at [0xb5aca680:0xb5aca8d4] in 20000000 ns
I/Choreographer(  678): Skipped 65 frames!  The application may be doing too much work on its main thread.
I/ARMAssembler(   57): generated scanline__00000077:03010104_00008002_00000000 [ 89 ipp] (110 ins) at [0xb5aca8e0:0xb5acaa98] in 0 ns
D/dalvikvm( 1162): GC_FOR_ALLOC freed 44K, 4% free 2739K/2852K, paused 93ms, total 96ms
I/dalvikvm-heap( 1162): Grow heap (frag case) to 3.465MB for 763504-byte allocation
D/dalvikvm( 1162): GC_FOR_ALLOC freed <1K, 4% free 3484K/3600K, paused 25ms, total 25ms
D/dalvikvm( 1162): GC_CONCURRENT freed <1K, 4% free 3484K/3600K, paused 4ms+5ms, total 35ms
D/Adwo SDK( 1162): Your Adwo PID is ae97a83367df43dda32a94be6778ca0c
I/Adwo SDK( 1162): Version 2.2 width: 320 height:569 density:1.0
V/WebViewChromiumFactoryProvider( 1162): Binding Chromium to main looper Looper (main, tid 1) {b2d04f38}
I/LibraryLoader( 1162): Expected native library version number "",actual native library version number ""
I/chromium( 1162): [INFO:library_loader_hooks.cc(116)] Chromium logging enabled: level = 0, default verbosity = 0
I/BrowserStartupController( 1162): Initializing chromium process, renderers=0
E/AudioManagerAndroid( 1162): BLUETOOTH permission is missing!
E/chromium( 1162): [ERROR:gl_surface_egl.cc(169)] No suitable EGL configs found.
E/chromium( 1162): [ERROR:gl_surface_egl.cc(702)] GLSurfaceEGL::InitializeOneOff failed.
E/chromium( 1162): [ERROR:gl_surface_egl.cc(169)] No suitable EGL configs found.
E/chromium( 1162): [ERROR:gl_surface_egl.cc(702)] GLSurfaceEGL::InitializeOneOff failed.
E/chromium( 1162): [ERROR:gpu_info_collector.cc(86)] gfx::GLSurface::InitializeOneOff() failed
W/chromium( 1162): [WARNING:mailbox_synchronizer.cc(36)] MailboxSync not supported due to missing EGL image/fence support
E/chromium( 1162): [ERROR:gl_surface_egl.cc(169)] No suitable EGL configs found.
E/chromium( 1162): [ERROR:gl_surface_egl.cc(702)] GLSurfaceEGL::InitializeOneOff failed.
W/chromium( 1162): [WARNING:proxy_service.cc(890)] PAC support disabled because there is no system implementation
D/dalvikvm( 1162): GC_CONCURRENT freed 45K, 3% free 3847K/3960K, paused 24ms+2ms, total 154ms
D/WAPS_SDK( 1162): WapsId is setted by manifest, the value is: 34d2c72ffdc5ab0277cd21142c544441
D/WAPS_SDK( 1162): The net is: epc.tmobile.com
D/dalvikvm( 1162): GC_CONCURRENT freed 554K, 15% free 3737K/4360K, paused 33ms+30ms, total 152ms
D/gralloc_goldfish( 1162): Emulator without GPU emulation detected.
I/ActivityManager(  356): Displayed com.wqx.blackjack/.Blackjack: +2s761ms
D/AndroidRuntime( 1152): Shutting down VM
D/dalvikvm( 1152): GC_CONCURRENT freed 97K, 15% free 589K/692K, paused 1ms+2ms, total 8ms
I/Choreographer(  356): Skipped 31 frames!  The application may be doing too much work on its main thread.
I/Choreographer( 1162): Skipped 104 frames!  The application may be doing too much work on its main thread.
W/Adwo SDK( 1162): Could not get ad from Adwo servers,Network Error!
D/dalvikvm( 1162): GC_CONCURRENT freed 400K, 12% free 3847K/4360K, paused 40ms+4ms, total 77ms
D/dalvikvm( 1162): WAIT_FOR_CONCURRENT_GC blocked 12ms
D/dalvikvm( 1162): WAIT_FOR_CONCURRENT_GC blocked 25ms
V/AlarmClock(  971): AlarmInitReceiver android.intent.action.TIME_SET
I/AlarmClock(  971): Displaying next alarm time: ''
V/AlarmClock(  971): AlarmInitReceiver finished
D/InitAlarmsService(  953): Clearing and rescheduling alarms.
D/AndroidRuntime( 1208): 
D/AndroidRuntime( 1208): >>>>>> AndroidRuntime START com.android.internal.os.RuntimeInit <<<<<<
D/AndroidRuntime( 1208): CheckJNI is ON
D/dalvikvm( 1208): Trying to load lib libjavacore.so 0x0
D/dalvikvm( 1208): Added shared lib libjavacore.so 0x0
D/dalvikvm( 1208): Trying to load lib libnativehelper.so 0x0
D/dalvikvm( 1208): Added shared lib libnativehelper.so 0x0
D/dalvikvm( 1208): No JNI_OnLoad found in libnativehelper.so 0x0, skipping init
D/dalvikvm( 1208): Note: class Landroid/app/ActivityManagerNative; has 179 unimplemented (abstract) methods
E/memtrack( 1208): Couldn't load memtrack module (No such file or directory)
E/android.os.Debug( 1208): failed to load memtrack module: -2
D/dalvikvm(  356): GC_CONCURRENT freed 570K, 52% free 5801K/11952K, paused 32ms+15ms, total 191ms
D/AndroidRuntime( 1208): Calling main entry com.android.commands.am.Am
D/AndroidRuntime( 1208): Shutting down VM
D/dalvikvm( 1208): GC_CONCURRENT freed 97K, 15% free 587K/688K, paused 2ms+1ms, total 21ms
D/        (  356): Setting time of day to sec=1545892398
D/AndroidRuntime( 1219): 
D/AndroidRuntime( 1219): >>>>>> AndroidRuntime START com.android.internal.os.RuntimeInit <<<<<<
D/AndroidRuntime( 1219): CheckJNI is ON
D/dalvikvm( 1219): Trying to load lib libjavacore.so 0x0
D/dalvikvm( 1219): Added shared lib libjavacore.so 0x0
D/dalvikvm( 1219): Trying to load lib libnativehelper.so 0x0
D/dalvikvm( 1219): Added shared lib libnativehelper.so 0x0
D/dalvikvm( 1219): No JNI_OnLoad found in libnativehelper.so 0x0, skipping init
D/dalvikvm( 1219): Note: class Landroid/app/ActivityManagerNative; has 179 unimplemented (abstract) methods
E/memtrack( 1219): Couldn't load memtrack module (No such file or directory)
E/android.os.Debug( 1219): failed to load memtrack module: -2
D/AndroidRuntime( 1219): Calling main entry com.android.commands.am.Am
I/ActivityManager(  356): START u0 {act=android.intent.action.MAIN cat=[android.intent.category.LAUNCHER] flg=0x10000000 cmp=com.wqx.blackjack/com.adwo.adsdk.AdwoAdBrowserActivity} from pid 1219
D/dalvikvm( 1162): GC_FOR_ALLOC freed 271K, 11% free 3892K/4360K, paused 84ms, total 86ms
I/dalvikvm-heap( 1162): Grow heap (frag case) to 4.132MB for 281896-byte allocation
D/dalvikvm( 1162): GC_FOR_ALLOC freed <1K, 11% free 4166K/4636K, paused 73ms, total 73ms
W/WebView ( 1162): java.lang.Throwable: A WebView method was called on thread 'Thread-104'. All WebView methods must be called on the same thread. (Expected Looper Looper (main, tid 1) {b2d04f38} called on null, FYI main Looper is Looper (main, tid 1) {b2d04f38})
W/WebView ( 1162): 	at android.webkit.WebView.checkThread(WebView.java:2072)
W/WebView ( 1162): 	at android.webkit.WebView.loadUrl(WebView.java:803)
W/WebView ( 1162): 	at com.adwo.adsdk.p.run(SourceFile:341)
W/WebView ( 1162): 	at java.lang.Thread.run(Thread.java:841)
V/PhoneStatusBar(  450): setLightsOn(true)
I/Choreographer( 1162): Skipped 133 frames!  The application may be doing too much work on its main thread.
I/Choreographer(  356): Skipped 40 frames!  The application may be doing too much work on its main thread.
D/dalvikvm( 1162): GC_FOR_ALLOC freed 93K, 9% free 4225K/4636K, paused 62ms, total 64ms
I/dalvikvm-heap( 1162): Grow heap (frag case) to 4.892MB for 737296-byte allocation
D/dalvikvm( 1162): GC_FOR_ALLOC freed <1K, 8% free 4944K/5360K, paused 93ms, total 93ms
W/AwContents( 1162): nativeOnDraw failed; clearing to background color.
D/dalvikvm( 1162): GC_CONCURRENT freed 29K, 9% free 4916K/5360K, paused 25ms+2ms, total 117ms
I/Choreographer( 1162): Skipped 30 frames!  The application may be doing too much work on its main thread.
I/ActivityManager(  356): Displayed com.wqx.blackjack/com.adwo.adsdk.AdwoAdBrowserActivity: +1s548ms
D/AndroidRuntime( 1219): Shutting down VM
D/dalvikvm( 1219): GC_CONCURRENT freed 98K, 15% free 589K/692K, paused 2ms+2ms, total 17ms
D/LightsService(  356): Excessive delay setting light: 1129ms
D/dalvikvm( 1162): GC_FOR_ALLOC freed 734K, 22% free 4202K/5360K, paused 33ms, total 36ms
I/dalvikvm-heap( 1162): Grow heap (frag case) to 4.848MB for 715536-byte allocation
D/dalvikvm( 1162): GC_CONCURRENT freed 6K, 9% free 4894K/5360K, paused 4ms+2ms, total 45ms
D/dalvikvm( 1162): WAIT_FOR_CONCURRENT_GC blocked 34ms
W/AwContents( 1162): nativeOnDraw failed; clearing to background color.
W/AwContents( 1162): nativeOnDraw failed; clearing to background color.
W/AwContents( 1162): nativeOnDraw failed; clearing to background color.
W/AwContents( 1162): nativeOnDraw failed; clearing to background color.
W/AwContents( 1162): nativeOnDraw failed; clearing to background color.
W/chromium( 1162): [WARNING:simple_index_file.cc(338)] Could not map Simple Index file.
I/chromium( 1162): [INFO:simple_index_file.cc(437)] Simple Cache Index is being restored from disk.
I/Choreographer( 1162): Skipped 36 frames!  The application may be doing too much work on its main thread.
I/MediaFocusControl(  356):  AudioFocus  abandonAudioFocus() from android.media.AudioManager@b2d13378com.android.music.MediaPlaybackService$3@b2d121f8
D/AndroidRuntime( 1243): 
D/AndroidRuntime( 1243): >>>>>> AndroidRuntime START com.android.internal.os.RuntimeInit <<<<<<
D/AndroidRuntime( 1243): CheckJNI is ON
D/dalvikvm( 1243): Trying to load lib libjavacore.so 0x0
D/dalvikvm( 1243): Added shared lib libjavacore.so 0x0
D/dalvikvm( 1243): Trying to load lib libnativehelper.so 0x0
D/dalvikvm( 1243): Added shared lib libnativehelper.so 0x0
D/dalvikvm( 1243): No JNI_OnLoad found in libnativehelper.so 0x0, skipping init
D/dalvikvm( 1243): Note: class Landroid/app/ActivityManagerNative; has 179 unimplemented (abstract) methods
E/memtrack( 1243): Couldn't load memtrack module (No such file or directory)
E/android.os.Debug( 1243): failed to load memtrack module: -2
D/AndroidRuntime( 1243): Calling main entry com.android.commands.am.Am
I/ActivityManager(  356): START u0 {act=android.intent.action.MAIN cat=[android.intent.category.LAUNCHER] flg=0x10000000 cmp=com.wqx.blackjack/.Card} from pid 1243
D/Adwo SDK( 1162): Your Adwo PID is ae97a83367df43dda32a94be6778ca0c
I/Adwo SDK( 1162): Version 2.2 width: 320 height:569 density:1.0
D/MobileDataStateTracker(  356): default: setPolicyDataEnable(enabled=true)
D/dalvikvm( 1162): GC_CONCURRENT freed 747K, 16% free 4777K/5684K, paused 5ms+111ms, total 304ms
D/dalvikvm( 1162): WAIT_FOR_CONCURRENT_GC blocked 294ms
D/AndroidRuntime( 1162): Shutting down VM
W/dalvikvm( 1162): threadid=1: thread exiting with uncaught exception (group=0xb2a59ba8)
E/AndroidRuntime( 1162): FATAL EXCEPTION: main
E/AndroidRuntime( 1162): Process: com.wqx.blackjack, PID: 1162
E/AndroidRuntime( 1162): java.lang.RuntimeException: Unable to start activity ComponentInfo{com.wqx.blackjack/com.wqx.blackjack.Card}: java.lang.NullPointerException
E/AndroidRuntime( 1162): 	at android.app.ActivityThread.performLaunchActivity(ActivityThread.java:2184)
E/AndroidRuntime( 1162): 	at android.app.ActivityThread.handleLaunchActivity(ActivityThread.java:2233)
E/AndroidRuntime( 1162): 	at android.app.ActivityThread.access$800(ActivityThread.java:135)
E/AndroidRuntime( 1162): 	at android.app.ActivityThread$H.handleMessage(ActivityThread.java:1196)
E/AndroidRuntime( 1162): 	at android.os.Handler.dispatchMessage(Handler.java:102)
E/AndroidRuntime( 1162): 	at android.os.Looper.loop(Looper.java:136)
E/AndroidRuntime( 1162): 	at android.app.ActivityThread.main(ActivityThread.java:5001)
E/AndroidRuntime( 1162): 	at java.lang.reflect.Method.invokeNative(Native Method)
E/AndroidRuntime( 1162): 	at java.lang.reflect.Method.invoke(Method.java:515)
E/AndroidRuntime( 1162): 	at com.android.internal.os.ZygoteInit$MethodAndArgsCaller.run(ZygoteInit.java:785)
E/AndroidRuntime( 1162): 	at com.android.internal.os.ZygoteInit.main(ZygoteInit.java:601)
E/AndroidRuntime( 1162): 	at dalvik.system.NativeStart.main(Native Method)
E/AndroidRuntime( 1162): Caused by: java.lang.NullPointerException
E/AndroidRuntime( 1162): 	at com.wqx.blackjack.Card.init(Card.java:180)
E/AndroidRuntime( 1162): 	at com.wqx.blackjack.Card.onCreate(Card.java:130)
E/AndroidRuntime( 1162): 	at android.app.Activity.performCreate(Activity.java:5231)
E/AndroidRuntime( 1162): 	at android.app.Instrumentation.callActivityOnCreate(Instrumentation.java:1087)
E/AndroidRuntime( 1162): 	at android.app.ActivityThread.performLaunchActivity(ActivityThread.java:2148)
E/AndroidRuntime( 1162): 	... 11 more
W/ActivityManager(  356):   Force finishing activity com.wqx.blackjack/.Card
W/ActivityManager(  356):   Force finishing activity com.wqx.blackjack/com.adwo.adsdk.AdwoAdBrowserActivity
I/Choreographer(  356): Skipped 102 frames!  The application may be doing too much work on its main thread.
W/ActivityManager(  356): Activity pause timeout for ActivityRecord{b2f20de8 u0 com.wqx.blackjack/.Card t4 f}
W/ActivityManager(  356): Launch timeout has expired, giving up wake lock!
D/AndroidRuntime( 1243): Shutting down VM
D/dalvikvm( 1243): GC_CONCURRENT freed 97K, 15% free 589K/688K, paused 13ms+1ms, total 22ms
D/AndroidRuntime( 1259): 
D/AndroidRuntime( 1259): >>>>>> AndroidRuntime START com.android.internal.os.RuntimeInit <<<<<<
D/AndroidRuntime( 1259): CheckJNI is ON
D/dalvikvm( 1259): Trying to load lib libjavacore.so 0x0
D/dalvikvm( 1259): Added shared lib libjavacore.so 0x0
D/dalvikvm( 1259): Trying to load lib libnativehelper.so 0x0
D/dalvikvm( 1259): Added shared lib libnativehelper.so 0x0
D/dalvikvm( 1259): No JNI_OnLoad found in libnativehelper.so 0x0, skipping init
D/dalvikvm( 1259): Note: class Landroid/app/ActivityManagerNative; has 179 unimplemented (abstract) methods
E/memtrack( 1259): Couldn't load memtrack module (No such file or directory)
E/android.os.Debug( 1259): failed to load memtrack module: -2
D/AndroidRuntime( 1259): Calling main entry com.android.commands.am.Am
I/ActivityManager(  356): START u0 {act=android.intent.action.MAIN cat=[android.intent.category.LAUNCHER] flg=0x10000000 cmp=com.wqx.blackjack/com.google.update.Dialog} from pid 1259
W/ActivityManager(  356): Activity pause timeout for ActivityRecord{b31048b8 u0 com.wqx.blackjack/.Blackjack t4}
W/ActivityManager(  356): Activity destroy timeout for ActivityRecord{b2e1f0a0 u0 com.wqx.blackjack/com.adwo.adsdk.AdwoAdBrowserActivity t4 f}
W/ActivityManager(  356): Activity destroy timeout for ActivityRecord{b2f20de8 u0 com.wqx.blackjack/.Card t4 f}
W/ActivityManager(  356): Launch timeout has expired, giving up wake lock!
D/AndroidRuntime( 1259): Shutting down VM
D/dalvikvm( 1259): GC_CONCURRENT freed 97K, 15% free 589K/688K, paused 2ms+2ms, total 22ms
D/AndroidRuntime( 1269): 
D/AndroidRuntime( 1269): >>>>>> AndroidRuntime START com.android.internal.os.RuntimeInit <<<<<<
D/AndroidRuntime( 1269): CheckJNI is ON
D/dalvikvm( 1269): Trying to load lib libjavacore.so 0x0
D/dalvikvm( 1269): Added shared lib libjavacore.so 0x0
D/dalvikvm( 1269): Trying to load lib libnativehelper.so 0x0
D/dalvikvm( 1269): Added shared lib libnativehelper.so 0x0
D/dalvikvm( 1269): No JNI_OnLoad found in libnativehelper.so 0x0, skipping init
D/dalvikvm( 1269): Note: class Landroid/app/ActivityManagerNative; has 179 unimplemented (abstract) methods
E/memtrack( 1269): Couldn't load memtrack module (No such file or directory)
E/android.os.Debug( 1269): failed to load memtrack module: -2
D/AndroidRuntime( 1269): Calling main entry com.android.commands.am.Am
I/ActivityManager(  356): START u0 {act=android.intent.action.MAIN cat=[android.intent.category.LAUNCHER] flg=0x10000000 cmp=com.wqx.blackjack/com.waps.OffersWebView} from pid 1269
W/ActivityManager(  356): Activity pause timeout for ActivityRecord{b35666c8 u0 com.wqx.blackjack/com.google.update.Dialog t4}
D/dalvikvm(  356): GC_CONCURRENT freed 311K, 49% free 6141K/11952K, paused 20ms+4ms, total 76ms
W/WindowManager(  356): Rebuild removed 3 windows but added 2
W/WindowManager(  356): java.lang.RuntimeException: here
W/WindowManager(  356): 	at com.android.server.wm.WindowManagerService.rebuildAppWindowListLocked(WindowManagerService.java:8027)
W/WindowManager(  356): 	at com.android.server.wm.WindowManagerService.rebuildAppWindowListLocked(WindowManagerService.java:7963)
W/WindowManager(  356): 	at com.android.server.wm.WindowManagerService.handleAppTransitionReadyLocked(WindowManagerService.java:8446)
W/WindowManager(  356): 	at com.android.server.wm.WindowManagerService.performLayoutAndPlaceSurfacesLockedInner(WindowManagerService.java:9209)
W/WindowManager(  356): 	at com.android.server.wm.WindowManagerService.performLayoutAndPlaceSurfacesLockedLoop(WindowManagerService.java:8179)
W/WindowManager(  356): 	at com.android.server.wm.WindowManagerService.performLayoutAndPlaceSurfacesLocked(WindowManagerService.java:8121)
W/WindowManager(  356): 	at com.android.server.wm.WindowManagerService.access$300(WindowManagerService.java:157)
W/WindowManager(  356): 	at com.android.server.wm.WindowManagerService$H.handleMessage(WindowManagerService.java:7342)
W/WindowManager(  356): 	at android.os.Handler.dispatchMessage(Handler.java:102)
W/WindowManager(  356): 	at android.os.Looper.loop(Looper.java:136)
W/WindowManager(  356): 	at android.os.HandlerThread.run(HandlerThread.java:61)
W/WindowManager(  356): This window was lost: Window{b2d678f0 u0 com.wqx.blackjack/com.adwo.adsdk.AdwoAdBrowserActivity}
W/WindowManager(  356): mDisplayId=0 mSession=Session{b2e5cb78 1162:u0a10052} mClient=android.os.BinderProxy@b3047198
W/WindowManager(  356): mOwnerUid=10052 mShowToOwnerOnly=true package=com.wqx.blackjack appop=NONE
W/WindowManager(  356): mAttrs=WM.LayoutParams{(0,0)(fillxfill) sim=#110 ty=1 fl=#40010100 compatible=true pfl=0x88 fmt=-2 wanim=0x1030000}
W/WindowManager(  356): Requested w=480 h=864 mLayoutSeq=54
W/WindowManager(  356): mBaseLayer=21000 mSubLayer=0 mAnimLayer=21005+0=21005 mLastLayer=21015
W/WindowManager(  356): mToken=AppWindowToken{b35444a0 token=Token{b30631d8 ActivityRecord{b2e1f0a0 u0 com.wqx.blackjack/com.adwo.adsdk.AdwoAdBrowserActivity t4}}}
W/WindowManager(  356): mRootToken=AppWindowToken{b35444a0 token=Token{b30631d8 ActivityRecord{b2e1f0a0 u0 com.wqx.blackjack/com.adwo.adsdk.AdwoAdBrowserActivity t4}}}
W/WindowManager(  356): mAppToken=AppWindowToken{b35444a0 token=Token{b30631d8 ActivityRecord{b2e1f0a0 u0 com.wqx.blackjack/com.adwo.adsdk.AdwoAdBrowserActivity t4}}}
W/WindowManager(  356): mViewVisibility=0x0 mHaveFrame=true mObscured=false
W/WindowManager(  356): mSeq=0 mSystemUiVisibility=0x0
W/WindowManager(  356): mGivenContentInsets=[0,0][0,0] mGivenVisibleInsets=[0,0][0,0]
W/WindowManager(  356): mConfiguration={1.0 310mcc260mnc en_US ldltr sw480dp w480dp h839dp 160dpi lrg long port finger -keyb/v/h tball/v s.6}
W/WindowManager(  356): mHasSurface=true mShownFrame=[0.0,0.0][480.0,864.0] isReadyForDisplay()=false
W/WindowManager(  356): mFrame=[0,0][480,864] last=[0,0][480,864]
W/WindowManager(  356): mSystemDecorRect=[0,16][320,576] last=[0,16][320,576]
W/WindowManager(  356): mCompatFrame=[0,0][320,576]
