D/dalvikvm(  347): GC_CONCURRENT freed 1154K, 68% free 4185K/12704K, paused 12ms+5ms, total 99ms
I/PackageManager(  347): /system/app/NetSpeed.apk changed; collecting certs
I/PackageManager(  347): /system/app/OpenWnn.apk changed; collecting certs
D/dalvikvm(  347): GC_CONCURRENT freed 368K, 67% free 4310K/12704K, paused 4ms+6ms, total 58ms
D/dalvikvm(  347): WAIT_FOR_CONCURRENT_GC blocked 19ms
D/dalvikvm(  347): GC_CONCURRENT freed 568K, 67% free 4253K/12704K, paused 5ms+4ms, total 53ms
D/dalvikvm(  347): WAIT_FOR_CONCURRENT_GC blocked 18ms
D/dalvikvm(  347): GC_CONCURRENT freed 342K, 66% free 4423K/12704K, paused 5ms+3ms, total 68ms
D/dalvikvm(  347): WAIT_FOR_CONCURRENT_GC blocked 23ms
I/PackageManager(  347): /system/app/PacProcessor.apk changed; collecting certs
D/dalvikvm(  347): GC_CONCURRENT freed 386K, 65% free 4523K/12704K, paused 5ms+14ms, total 77ms
I/PackageManager(  347): /system/app/PackageInstaller.apk changed; collecting certs
I/PackageManager(  347): /system/app/PicoTts.apk changed; collecting certs
I/PackageManager(  347): /system/app/PinyinIME.apk changed; collecting certs
D/dalvikvm(  347): GC_CONCURRENT freed 974K, 69% free 4060K/12704K, paused 15ms+4ms, total 54ms
D/dalvikvm(  347): WAIT_FOR_CONCURRENT_GC blocked 26ms
I/PackageManager(  347): /system/app/PrintSpooler.apk changed; collecting certs
I/PackageManager(  347): /system/app/Protips.apk changed; collecting certs
D/dalvikvm(  347): GC_CONCURRENT freed 384K, 68% free 4154K/12704K, paused 5ms+5ms, total 80ms
I/PackageManager(  347): /system/app/QuickSearchBox.apk changed; collecting certs
D/dalvikvm(  347): GC_CONCURRENT freed 482K, 68% free 4166K/12704K, paused 10ms+3ms, total 43ms
D/dalvikvm(  347): WAIT_FOR_CONCURRENT_GC blocked 33ms
D/dalvikvm(  347): GC_CONCURRENT freed 380K, 67% free 4284K/12704K, paused 13ms+5ms, total 98ms
I/PackageManager(  347): /system/app/SdkSetup.apk changed; collecting certs
I/PackageManager(  347): /system/app/SoundRecorder.apk changed; collecting certs
I/PackageManager(  347): /system/app/SpeechRecorder.apk changed; collecting certs
I/PackageManager(  347): /system/app/TelephonyProvider.apk changed; collecting certs
D/dalvikvm(  347): GC_CONCURRENT freed 395K, 66% free 4393K/12704K, paused 5ms+16ms, total 80ms
I/PackageManager(  347): /system/app/UserDictionaryProvider.apk changed; collecting certs
D/PackageManager(  347): No files in app dir /vendor/app
D/dalvikvm(  347): GC_CONCURRENT freed 653K, 67% free 4267K/12704K, paused 4ms+5ms, total 101ms
I/PackageManager(  347): /data/app/ApiDemos.apk changed; collecting certs
D/dalvikvm(  347): GC_CONCURRENT freed 233K, 65% free 4532K/12704K, paused 5ms+3ms, total 43ms
D/dalvikvm(  347): WAIT_FOR_CONCURRENT_GC blocked 26ms
D/dalvikvm(  347): GC_CONCURRENT freed 424K, 64% free 4652K/12704K, paused 5ms+6ms, total 102ms
D/dalvikvm(  347): GC_CONCURRENT freed 284K, 62% free 4883K/12704K, paused 5ms+8ms, total 96ms
D/dalvikvm(  347): GC_CONCURRENT freed 595K, 62% free 4830K/12704K, paused 5ms+2ms, total 65ms
D/dalvikvm(  347): WAIT_FOR_CONCURRENT_GC blocked 28ms
D/dalvikvm(  347): GC_CONCURRENT freed 528K, 62% free 4830K/12704K, paused 13ms+3ms, total 64ms
D/dalvikvm(  347): WAIT_FOR_CONCURRENT_GC blocked 29ms
D/dalvikvm(  347): GC_CONCURRENT freed 503K, 61% free 4978K/12704K, paused 4ms+4ms, total 115ms
D/dalvikvm(  347): GC_CONCURRENT freed 698K, 62% free 4846K/12704K, paused 5ms+3ms, total 69ms
D/dalvikvm(  347): WAIT_FOR_CONCURRENT_GC blocked 28ms
D/dalvikvm(  347): GC_CONCURRENT freed 531K, 62% free 4846K/12704K, paused 5ms+3ms, total 67ms
D/dalvikvm(  347): WAIT_FOR_CONCURRENT_GC blocked 26ms
D/dalvikvm(  347): GC_CONCURRENT freed 529K, 62% free 4849K/12704K, paused 5ms+3ms, total 67ms
D/dalvikvm(  347): WAIT_FOR_CONCURRENT_GC blocked 24ms
D/dalvikvm(  347): GC_CONCURRENT freed 529K, 62% free 4852K/12704K, paused 5ms+3ms, total 65ms
D/dalvikvm(  347): WAIT_FOR_CONCURRENT_GC blocked 28ms
D/dalvikvm(  347): GC_CONCURRENT freed 531K, 62% free 4856K/12704K, paused 5ms+3ms, total 67ms
D/dalvikvm(  347): WAIT_FOR_CONCURRENT_GC blocked 28ms
D/dalvikvm(  347): GC_CONCURRENT freed 537K, 62% free 4859K/12704K, paused 4ms+3ms, total 68ms
D/dalvikvm(  347): WAIT_FOR_CONCURRENT_GC blocked 26ms
D/dalvikvm(  347): GC_CONCURRENT freed 499K, 62% free 4864K/12704K, paused 4ms+5ms, total 86ms
I/PackageManager(  347): /data/app/CubeLiveWallpapers.apk changed; collecting certs
I/PackageManager(  347): /data/app/GestureBuilder.apk changed; collecting certs
D/dalvikvm(  347): GC_CONCURRENT freed 416K, 61% free 4984K/12704K, paused 14ms+8ms, total 74ms
D/dalvikvm(  347): WAIT_FOR_CONCURRENT_GC blocked 32ms
I/PackageManager(  347): /data/app/SmokeTest.apk changed; collecting certs
I/PackageManager(  347): /data/app/SmokeTestApp.apk changed; collecting certs
I/PackageManager(  347): /data/app/SoftKeyboard.apk changed; collecting certs
D/dalvikvm(  347): GC_CONCURRENT freed 1135K, 65% free 4481K/12704K, paused 5ms+5ms, total 108ms
I/PackageManager(  347): /data/app/WidgetPreview.apk changed; collecting certs
D/dalvikvm(  347): GC_CONCURRENT freed 595K, 66% free 4392K/12704K, paused 5ms+7ms, total 76ms
D/dalvikvm(  347): WAIT_FOR_CONCURRENT_GC blocked 10ms
D/dalvikvm(  347): GC_CONCURRENT freed 412K, 66% free 4372K/12704K, paused 5ms+3ms, total 44ms
D/dalvikvm(  347): WAIT_FOR_CONCURRENT_GC blocked 33ms
D/dalvikvm(  347): GC_EXPLICIT freed 97K, 67% free 4274K/12704K, paused 4ms+4ms, total 48ms
I/SyncManager(  347): No initial accounts
I/SyncManager(  347): No initial status
W/SyncManagerFile(  347): Error reading pending data.
W/SyncManagerFile(  347): java.io.FileNotFoundException: /data/system/sync/pending.xml: open failed: ENOENT (No such file or directory)
W/SyncManagerFile(  347): 	at libcore.io.IoBridge.open(IoBridge.java:409)
W/SyncManagerFile(  347): 	at java.io.FileInputStream.<init>(FileInputStream.java:78)
W/SyncManagerFile(  347): 	at android.util.AtomicFile.openRead(AtomicFile.java:199)
W/SyncManagerFile(  347): 	at com.android.server.content.SyncStorageEngine.readPendingOperationsLocked(SyncStorageEngine.java:2286)
W/SyncManagerFile(  347): 	at com.android.server.content.SyncStorageEngine.<init>(SyncStorageEngine.java:434)
W/SyncManagerFile(  347): 	at com.android.server.content.SyncStorageEngine.init(SyncStorageEngine.java:454)
W/SyncManagerFile(  347): 	at com.android.server.content.SyncManager.<init>(SyncManager.java:383)
W/SyncManagerFile(  347): 	at com.android.server.content.ContentService.getSyncManager(ContentService.java:75)
W/SyncManagerFile(  347): 	at com.android.server.content.ContentService.notifyChange(ContentService.java:283)
W/SyncManagerFile(  347): 	at android.content.ContentResolver.notifyChange(ContentResolver.java:1621)
W/SyncManagerFile(  347): 	at com.android.providers.settings.SettingsProvider.sendNotify(SettingsProvider.java:262)
W/SyncManagerFile(  347): 	at com.android.providers.settings.SettingsProvider.insertForUser(SettingsProvider.java:941)
W/SyncManagerFile(  347): 	at com.android.providers.settings.SettingsProvider.ensureAndroidIdIsSet(SettingsProvider.java:496)
W/SyncManagerFile(  347): 	at com.android.providers.settings.SettingsProvider.establishDbTracking(SettingsProvider.java:409)
W/SyncManagerFile(  347): 	at com.android.providers.settings.SettingsProvider.onCreate(SettingsProvider.java:335)
W/SyncManagerFile(  347): 	at android.content.ContentProvider.attachInfo(ContentProvider.java:1591)
W/SyncManagerFile(  347): 	at android.content.ContentProvider.attachInfo(ContentProvider.java:1562)
W/SyncManagerFile(  347): 	at android.app.ActivityThread.installProvider(ActivityThread.java:4774)
W/SyncManagerFile(  347): 	at android.app.ActivityThread.installContentProviders(ActivityThread.java:4369)
W/SyncManagerFile(  347): 	at android.app.ActivityThread.installSystemProviders(ActivityThread.java:4929)
W/SyncManagerFile(  347): 	at com.android.server.am.ActivityManagerService.installSystemProviders(ActivityManagerService.java:8081)
W/SyncManagerFile(  347): 	at com.android.server.ServerThread.initAndLoop(SystemServer.java:275)
W/SyncManagerFile(  347): 	at com.android.server.SystemServer.main(SystemServer.java:1179)
W/SyncManagerFile(  347): 	at java.lang.reflect.Method.invokeNative(Native Method)
W/SyncManagerFile(  347): 	at java.lang.reflect.Method.invoke(Method.java:515)
W/SyncManagerFile(  347): 	at com.android.internal.os.ZygoteInit$MethodAndArgsCaller.run(ZygoteInit.java:785)
W/SyncManagerFile(  347): 	at com.android.internal.os.ZygoteInit.main(ZygoteInit.java:601)
W/SyncManagerFile(  347): 	at dalvik.system.NativeStart.main(Native Method)
W/SyncManagerFile(  347): Caused by: libcore.io.ErrnoException: open failed: ENOENT (No such file or directory)
W/SyncManagerFile(  347): 	at libcore.io.Posix.open(Native Method)
W/SyncManagerFile(  347): 	at libcore.io.BlockGuardOs.open(BlockGuardOs.java:110)
W/SyncManagerFile(  347): 	at libcore.io.IoBridge.open(IoBridge.java:393)
W/SyncManagerFile(  347): 	... 27 more
I/SyncManager(  347): No initial statistics
E/ConsumerIrService(  347): Can't open consumer IR HW Module, error: -2
W/libsuspend(  347): Error writing 'on' to /sys/power/state: Invalid argument
E/libsuspend(  347): Error opening /sys/power/autosleep: No such file or directory
I/libsuspend(  347): Selected wakeup count
D/PermissionCache(   58): checking android.permission.ACCESS_SURFACE_FLINGER for uid=1000 => granted (2124 us)
D/SurfaceFlinger(   58): Screen acquired, type=0 flinger=0xb8d83450
D/SurfaceFlinger(   58):  screen was previously acquired
D/dalvikvm(  347): GC_CONCURRENT freed 260K, 65% free 4531K/12704K, paused 5ms+5ms, total 151ms
E/EventHub(  347): could not get driver version for /dev/input/mouse0, Not a typewriter
W/EventHub(  347): Unable to disable kernel key repeat for /dev/input/event0: Function not implemented
I/EventHub(  347): New device: id=1, fd=93, path='/dev/input/event0', name='qwerty2', classes=0x2d, configuration='/system/usr/idc/qwerty2.idc', keyLayout='/system/usr/keylayout/qwerty.kl', keyCharacterMap='/system/usr/keychars/qwerty2.kcm', builtinKeyboard=true, usingSuspendBlockIoctl=true, usingClockIoctl=true
E/EventHub(  347): could not get driver version for /dev/input/mice, Not a typewriter
I/InputReader(  347): Device added: id=-1, name='Virtual', sources=0x00000301
I/InputReader(  347):   Touch device 'qwerty2' could not query the properties of its associated display.  The device will be inoperable until the display size becomes available.
I/InputReader(  347): Device added: id=0, name='qwerty2', sources=0x00011307
D/SettingsProvider(  347): User 0 external modification to /data/data/com.android.providers.settings/databases/settings.db; event=2
D/SettingsProvider(  347): User 0 updating our caches for /data/data/com.android.providers.settings/databases/settings.db
I/InputReader(  347): Reconfiguring input devices.  changes=0x00000004
I/InputReader(  347): Device reconfigured: id=0, name='qwerty2', size 480x864, orientation 0, mode 1, display id 0
D/SettingsProvider(  347): User 0 external modification to /data/data/com.android.providers.settings/databases/settings.db; event=2
D/SettingsProvider(  347): User 0 updating our caches for /data/data/com.android.providers.settings/databases/settings.db
I/PackageManager(  347): No secure containers on sdcard
D/dalvikvm(  347): GC_CONCURRENT freed 314K, 64% free 4622K/12704K, paused 13ms+13ms, total 79ms
D/WifiController(  347): isAirplaneModeOn = false, isWifiEnabled = false, isScanningAvailable = false
D/dalvikvm(  347): GC_CONCURRENT freed 302K, 63% free 4757K/12704K, paused 25ms+5ms, total 95ms
I/WindowManager(  347): SAFE MODE not enabled
D/Atlas   (  347): Computing best atlas configuration...
D/Atlas   (  347): Running Thread-50
D/Atlas   (  347): Found best atlas configuration in 0.08s
D/Atlas   (  347): Loaded configuration: SliceMinArea (768x768) flags=0x2 count=24
D/gralloc_goldfish(  347): Emulator without GPU emulation detected.
D/dalvikvm(  347): GC_CONCURRENT freed 325K, 62% free 4949K/12704K, paused 5ms+4ms, total 133ms
D/dalvikvm(  347): WAIT_FOR_CONCURRENT_GC blocked 36ms
W/AssetAtlasService(  347): Could not find EGL configuration
E/SQLiteLog(  347): (1) no such table: locksettings
D/Atlas   (  347): Rendered atlas in 19.65ms (6.22+13.43ms)
I/Zygote  (  347): Process: zygote socket opened
V/KeyguardServiceDelegate(  347): *** Keyguard started
V/KeyguardServiceDelegate(  347): onSystemReady() called before keyguard service was ready
F/SystemServer(  347): BOOT FAILURE making Package Manager Service ready
F/SystemServer(  347): java.lang.SecurityException: Unable to find app for caller android.app.ActivityThread$ApplicationThread@b3088cd0 (pid=347) when registering receiver android.app.LoadedApk$ReceiverDispatcher$InnerReceiver@b30a2fc8
F/SystemServer(  347): 	at com.android.server.am.ActivityManagerService.registerReceiver(ActivityManagerService.java:13021)
F/SystemServer(  347): 	at android.app.ContextImpl.registerReceiverInternal(ContextImpl.java:1450)
F/SystemServer(  347): 	at android.app.ContextImpl.registerReceiverAsUser(ContextImpl.java:1425)
F/SystemServer(  347): 	at com.android.internal.content.PackageMonitor.register(PackageMonitor.java:84)
F/SystemServer(  347): 	at com.android.server.pm.UserManagerService.systemReady(UserManagerService.java:237)
F/SystemServer(  347): 	at com.android.server.pm.PackageManagerService.systemReady(PackageManagerService.java:10476)
F/SystemServer(  347): 	at com.android.server.ServerThread.initAndLoop(SystemServer.java:893)
F/SystemServer(  347): 	at com.android.server.SystemServer.main(SystemServer.java:1179)
F/SystemServer(  347): 	at java.lang.reflect.Method.invokeNative(Native Method)
F/SystemServer(  347): 	at java.lang.reflect.Method.invoke(Method.java:515)
F/SystemServer(  347): 	at com.android.internal.os.ZygoteInit$MethodAndArgsCaller.run(ZygoteInit.java:785)
F/SystemServer(  347): 	at com.android.internal.os.ZygoteInit.main(ZygoteInit.java:601)
F/SystemServer(  347): 	at dalvik.system.NativeStart.main(Native Method)
I/Choreographer(  347): Skipped 45 frames!  The application may be doing too much work on its main thread.
E/SoundPool(  446): error loading /system/media/audio/ui/Lock.ogg
W/KeyguardViewMediator(  446): failed to load lock sound from /system/media/audio/ui/Lock.ogg
E/SoundPool(  446): error loading /system/media/audio/ui/Unlock.ogg
W/KeyguardViewMediator(  446): failed to load unlock sound from /system/media/audio/ui/Unlock.ogg
V/KeyguardService(  446): onCreate()
V/KeyguardServiceDelegate(  347): *** Keyguard connected (yay!)
V/KeyguardServiceDelegate(  347): **** SHOWN CALLED ****
D/dalvikvm(  347): GC_CONCURRENT freed 299K, 60% free 5092K/12704K, paused 4ms+4ms, total 54ms
I/ContactsUpgradeReceiver(  477): Creating or opening contacts database
I/ContactsDatabaseHelper(  477): Bootstrapping database version: 803
D/dalvikvm(  477): GC_CONCURRENT freed 413K, 15% free 2796K/3280K, paused 38ms+1ms, total 66ms
D/dalvikvm(  477): WAIT_FOR_CONCURRENT_GC blocked 29ms
D/dalvikvm(  477): GC_CONCURRENT freed 315K, 13% free 2874K/3280K, paused 4ms+3ms, total 30ms
I/ContactsProviderV1(  477): Bootstrapping database legacy support
I/ContactsDatabaseHelper(  477): Bootstrapping database version: 803
D/dalvikvm(  477): GC_CONCURRENT freed 332K, 13% free 2932K/3336K, paused 4ms+3ms, total 30ms
I/ContactsProviderV1(  477): Bootstrapping database legacy support
I/ContactsProvider(  477): Locale has changed from null to en_US
I/ContactsDatabaseHelper(  477): Switching to locale en_US (ICU v51.1.0.1)
D/dalvikvm(  477): GC_CONCURRENT freed 346K, 13% free 3015K/3432K, paused 3ms+1ms, total 41ms
I/ContactsDatabaseHelper(  477): Locale change completed in 439ms
I/ContactsDatabaseHelper(  477): Switching to locale en_US (ICU v51.1.0.1)
D/dalvikvm(  477): GC_CONCURRENT freed 362K, 13% free 3052K/3488K, paused 14ms+1ms, total 41ms
I/ContactsDatabaseHelper(  477): Locale change completed in 439ms
D/SystemUIService(  446): loading: class com.android.systemui.recent.Recents
D/SystemUIService(  446): running: com.android.systemui.recent.Recents@b2d0d010
D/SystemUIService(  446): loading: class com.android.systemui.statusbar.SystemBars
D/SystemUIService(  446): running: com.android.systemui.statusbar.SystemBars@b2d0d5f8
I/fsck_msdos(   53): ** /dev/block/vold/179:0
I/fsck_msdos(   53): Invalid signature in fsinfo block
I/fsck_msdos(   53): FIXED
I/fsck_msdos(   53): ** Phase 1 - Read and Compare FATs
D/SystemUIService(  446): loading: class com.android.systemui.usb.StorageNotification
D/SystemUIService(  446): running: com.android.systemui.usb.StorageNotification@b2d0f348
D/SystemUIService(  446): loading: class com.android.systemui.power.PowerUI
D/SystemUIService(  446): running: com.android.systemui.power.PowerUI@b2d109a8
D/SystemUIService(  446): loading: class com.android.systemui.media.RingtonePlayer
D/SystemUIService(  446): running: com.android.systemui.media.RingtonePlayer@b2d11840
D/SystemUIService(  446): loading: class com.android.systemui.settings.SettingsUI
D/SystemUIService(  446): running: com.android.systemui.settings.SettingsUI@b2d12b28
I/fsck_msdos(   53): Attempting to allocate 794 KB for FAT
D/PhoneStatusBar(  446): mSettingsPanelGravity = 55
I/fsck_msdos(   53): Attempting to allocate 794 KB for FAT
D/dalvikvm(  446): GC_CONCURRENT freed 282K, 12% free 2821K/3180K, paused 12ms+7ms, total 173ms
I/fsck_msdos(   53): ** Phase 2 - Check Cluster Chains
I/fsck_msdos(   53): ** Phase 3 - Checking Directories
I/fsck_msdos(   53): ** Phase 4 - Checking for Lost Files
I/fsck_msdos(   53): Free space in FSInfo block (201592) not correct (201591)
I/fsck_msdos(   53): FIXED
I/fsck_msdos(   53): 1 files, 100795 free (201591 clusters)
W/Vold    (   53): blkid failed to identify /dev/block/vold/179:0
I/PackageManager(  347): Updating external media status from unmounted to mounted
D/dalvikvm(  446): GC_FOR_ALLOC freed 37K, 8% free 2947K/3180K, paused 57ms, total 59ms
D/dalvikvm(  347): GC_CONCURRENT freed 468K, 59% free 5223K/12704K, paused 3ms+31ms, total 248ms
E/BluetoothAdapter(  446): Bluetooth binder is null
E/BluetoothAdapter(  446): Bluetooth binder is null
E/BluetoothAdapter(  446): Bluetooth binder is null
D/dalvikvm(  446): GC_CONCURRENT freed 54K, 4% free 3365K/3504K, paused 4ms+81ms, total 130ms
I/PackageManager(  347): No secure containers on sdcard
E/BluetoothAdapter(  446): Bluetooth binder is null
D/PhoneStatusBar(  446): disable: < expand icons alerts ticker system_info back home recent clock search >
E/BluetoothAdapter(  446): Bluetooth binder is null
D/PhoneStatusBar(  446): heads up is disabled
I/Choreographer(  446): Skipped 473 frames!  The application may be doing too much work on its main thread.
D/dalvikvm(  547): GC_CONCURRENT freed 253K, 10% free 2956K/3280K, paused 5ms+43ms, total 209ms
D/dalvikvm(  547): WAIT_FOR_CONCURRENT_GC blocked 59ms
D/dalvikvm(  547): WAIT_FOR_CONCURRENT_GC blocked 116ms
D/dalvikvm(  547): WAIT_FOR_CONCURRENT_GC blocked 89ms
I/Choreographer(  446): Skipped 257 frames!  The application may be doing too much work on its main thread.
D/dalvikvm(  446): GC_CONCURRENT freed 186K, 7% free 3575K/3836K, paused 36ms+2ms, total 146ms
D/gralloc_goldfish(  446): Emulator without GPU emulation detected.
I/Choreographer(  446): Skipped 40 frames!  The application may be doing too much work on its main thread.
D/PhoneStatusBar(  446): mSettingsPanelGravity = 55
D/dalvikvm(  347): GC_CONCURRENT freed 646K, 59% free 5209K/12704K, paused 14ms+4ms, total 117ms
D/dalvikvm(  347): WAIT_FOR_CONCURRENT_GC blocked 28ms
D/dalvikvm(  347): WAIT_FOR_CONCURRENT_GC blocked 33ms
D/SettingsProvider(  347): User 0 external modification to /data/data/com.android.providers.settings/databases/settings.db; event=2
D/SettingsProvider(  347): User 0 updating our caches for /data/data/com.android.providers.settings/databases/settings.db
W/GpsLocationProvider(  347): Could not open GPS configuration file /etc/gps.conf
W/ServiceWatcher(  347): com.google.android.location not found
W/ServiceWatcher(  347): com.google.android.location not found
W/ServiceWatcher(  347): com.google.android.location not found
W/ServiceWatcher(  347): com.google.android.location not found
E/FlpHardwareProvider(  347): Error hw_get_module 'flp': -2
W/ServiceWatcher(  347): com.google.android.location not found
E/FlpHardwareProvider(  347): Error hw_get_module 'flp': -2
W/ServiceWatcher(  347): com.google.android.location not found
I/CommonTimeManagementService(  347): No common time service detected on this platform.  Common time services will be unavailable.
I/InputReader(  347): Reconfiguring input devices.  changes=0x00000020
I/InputReader(  347): Reconfiguring input devices.  changes=0x00000010
D/dalvikvm(  446): GC_FOR_ALLOC freed 50K, 8% free 3562K/3836K, paused 97ms, total 153ms
D/dalvikvm(   59): GC_EXPLICIT freed 38K, 4% free 2705K/2816K, paused 13ms+2ms, total 51ms
I/dalvikvm-heap(  446): Grow heap (frag case) to 6.475MB for 3072016-byte allocation
D/dalvikvm(   59): GC_EXPLICIT freed <1K, 4% free 2705K/2816K, paused 2ms+2ms, total 42ms
D/dalvikvm(   59): GC_EXPLICIT freed <1K, 4% free 2705K/2816K, paused 2ms+12ms, total 55ms
D/dalvikvm(  446): GC_FOR_ALLOC freed 3K, 5% free 6558K/6840K, paused 162ms, total 162ms
D/dalvikvm(  446): GC_CONCURRENT freed 1K, 5% free 6561K/6840K, paused 4ms+3ms, total 120ms
D/dalvikvm(  347): GC_CONCURRENT freed 511K, 59% free 5328K/12704K, paused 70ms+50ms, total 296ms
D/dalvikvm(  347): WAIT_FOR_CONCURRENT_GC blocked 73ms
D/dalvikvm(  347): WAIT_FOR_CONCURRENT_GC blocked 12ms
D/dalvikvm(  347): WAIT_FOR_CONCURRENT_GC blocked 15ms
D/dalvikvm(  347): WAIT_FOR_CONCURRENT_GC blocked 17ms
D/dalvikvm(  446): GC_FOR_ALLOC freed 3001K, 8% free 3563K/3836K, paused 93ms, total 98ms
I/dalvikvm-heap(  446): Grow heap (frag case) to 6.476MB for 3072016-byte allocation
D/dalvikvm(  446): GC_CONCURRENT freed <1K, 5% free 6562K/6840K, paused 3ms+2ms, total 40ms
I/LatinIME(  586): Hardware accelerated drawing: true
I/FusedLocation(  347): engine started (com.android.location.fused)
D/PhoneStatusBar(  446): mSettingsPanelGravity = 55
V/StatusBar(  446): userId 0 is in the house
W/InputAttributes(  586): No editor info for this field. Bug?
D/dalvikvm(  586): GC_CONCURRENT freed 217K, 10% free 2873K/3164K, paused 5ms+1ms, total 57ms
D/dalvikvm(  347): GC_CONCURRENT freed 580K, 58% free 5407K/12704K, paused 61ms+4ms, total 208ms
D/dalvikvm(  347): WAIT_FOR_CONCURRENT_GC blocked 95ms
D/dalvikvm(  347): WAIT_FOR_CONCURRENT_GC blocked 87ms
D/dalvikvm(  347): WAIT_FOR_CONCURRENT_GC blocked 64ms
D/dalvikvm(  347): WAIT_FOR_CONCURRENT_GC blocked 50ms
D/dalvikvm(  347): WAIT_FOR_CONCURRENT_GC blocked 46ms
I/Choreographer(  446): Skipped 105 frames!  The application may be doing too much work on its main thread.
I/ResourceUtils(  586): Found default value: resource=keypress_vibration_durations build=[HARDWARE=goldfish MODEL=sdk BRAND=generic MANUFACTURER=unknown] default=-1
I/ResourceUtils(  586): Found default value: resource=keypress_volumes build=[HARDWARE=goldfish MODEL=sdk BRAND=generic MANUFACTURER=unknown] default=-1.0f
I/InputReader(  347): Reconfiguring input devices.  changes=0x00000010
I/PrintSpoolerService(  658): No existing print spooler state.
I/LatinIME:LogUtils(  586): Dictionary info: dictionary = PersonalizationPredictionDictio ; version = ? ; date = 1545805222
I/LatinIME:LogUtils(  586): Dictionary info: dictionary = personalization.en_US.dict ; version = ? ; date = 1545805222
I/LatinIME:LogUtils(  586): Dictionary info: dictionary = UserHistoryDictionary.en_US.dic ; version = ? ; date = 1545805222
I/PackageManager(  347):   Action: "android.intent.action.SENDTO"
I/PackageManager(  347):   Category: "android.intent.category.DEFAULT"
I/PackageManager(  347):   Scheme: "sms"
I/PackageManager(  347):   Action: "android.intent.action.SENDTO"
I/PackageManager(  347):   Category: "android.intent.category.DEFAULT"
I/PackageManager(  347):   Scheme: "smsto"
I/PackageManager(  347):   Action: "android.intent.action.SENDTO"
I/PackageManager(  347):   Category: "android.intent.category.DEFAULT"
I/PackageManager(  347):   Scheme: "mms"
I/LatinIME:LogUtils(  586): Dictionary info: dictionary = userunigram.en_US.dict ; version = ? ; date = ?
I/PackageManager(  347):   Action: "android.intent.action.SENDTO"
I/PackageManager(  347):   Category: "android.intent.category.DEFAULT"
I/PackageManager(  347):   Scheme: "mmsto"
D/dalvikvm(  598): GC_CONCURRENT freed 189K, 9% free 2920K/3176K, paused 42ms+2ms, total 282ms
D/dalvikvm(  347): GC_CONCURRENT freed 610K, 57% free 5463K/12704K, paused 5ms+6ms, total 308ms
D/dalvikvm(  347): WAIT_FOR_CONCURRENT_GC blocked 164ms
D/dalvikvm(  347): WAIT_FOR_CONCURRENT_GC blocked 98ms
I/PackageManager(  347):   Action: "android.intent.action.SENDTO"
I/PackageManager(  347):   Category: "android.intent.category.DEFAULT"
I/PackageManager(  347):   Scheme: "sms"
I/PackageManager(  347):   Action: "android.intent.action.SENDTO"
I/PackageManager(  347):   Category: "android.intent.category.DEFAULT"
I/PackageManager(  347):   Scheme: "smsto"
I/PackageManager(  347):   Action: "android.intent.action.SENDTO"
I/PackageManager(  347):   Category: "android.intent.category.DEFAULT"
I/PackageManager(  347):   Scheme: "mms"
D/dalvikvm(  586): GC_CONCURRENT freed 298K, 12% free 2980K/3352K, paused 8ms+51ms, total 110ms
I/PackageManager(  347):   Action: "android.intent.action.SENDTO"
I/PackageManager(  347):   Category: "android.intent.category.DEFAULT"
I/PackageManager(  347):   Scheme: "mmsto"
E/BluetoothAdapter(  598): Bluetooth binder is null
E/BluetoothAdapter(  598): Bluetooth binder is null
D/CallNotifier(  598): CallNotifier: mSignalInfoToneGenerator created when toneplay
E/BluetoothAdapter(  598): Bluetooth binder is null
D/dalvikvm(  586): GC_CONCURRENT freed 490K, 17% free 2973K/3552K, paused 4ms+2ms, total 89ms
D/dalvikvm(  586): WAIT_FOR_CONCURRENT_GC blocked 41ms
D/TelephonyDebugService(  598): TelephonyDebugService()
D/dalvikvm(  598): GC_CONCURRENT freed 286K, 11% free 3041K/3400K, paused 45ms+23ms, total 130ms
D/AlarmManagerService(  347): Kernel timezone updated to 300 minutes west of GMT
I/LatinIME:LogUtils(  586): Dictionary info: dictionary = main:en ; version = 42 ; date = 1381226429
D/dalvikvm(  598): GC_CONCURRENT freed 277K, 10% free 3163K/3512K, paused 3ms+2ms, total 55ms
D/PermissionCache(   58): checking android.permission.READ_FRAME_BUFFER for uid=1000 => granted (2216 us)
D/gralloc (   58): Registering a buffer in the process that created it. This may cause memory ordering problems.
E/libEGL  (   58): called unimplemented OpenGL ES API
E/libEGL  (   58): called unimplemented OpenGL ES API
E/libEGL  (   58): called unimplemented OpenGL ES API
E/libEGL  (   58): called unimplemented OpenGL ES API
E/SurfaceFlinger(   58): glCheckFramebufferStatusOES error -16768259
E/SurfaceFlinger(   58): got GL_FRAMEBUFFER_COMPLETE_OES error while taking screenshot
E/libEGL  (   58): called unimplemented OpenGL ES API
E/libEGL  (   58): called unimplemented OpenGL ES API
D/PhoneStatusBar(  446): mSettingsPanelGravity = 55
D/dalvikvm(  674): GC_CONCURRENT freed 180K, 8% free 2973K/3232K, paused 16ms+52ms, total 248ms
I/ARMAssembler(   58): generated scanline__00000077:03515104_00008001_00000000 [113 ipp] (134 ins) at [0xb5a911f0:0xb5a91408] in 10000000 ns
D/dalvikvm(  598): GC_CONCURRENT freed 326K, 11% free 3295K/3696K, paused 4ms+2ms, total 36ms
D/dalvikvm(  347): GC_CONCURRENT freed 654K, 57% free 5502K/12704K, paused 138ms+5ms, total 220ms
D/dalvikvm(  347): WAIT_FOR_CONCURRENT_GC blocked 50ms
D/dalvikvm(  347): WAIT_FOR_CONCURRENT_GC blocked 49ms
D/dalvikvm(  347): GC_CONCURRENT freed 657K, 57% free 5549K/12704K, paused 5ms+4ms, total 60ms
D/dalvikvm(  347): WAIT_FOR_CONCURRENT_GC blocked 41ms
D/dalvikvm(  347): WAIT_FOR_CONCURRENT_GC blocked 39ms
D/dalvikvm(  598): GC_CONCURRENT freed 409K, 13% free 3274K/3756K, paused 3ms+2ms, total 39ms
D/dalvikvm(  674): GC_FOR_ALLOC freed 184K, 8% free 3112K/3372K, paused 33ms, total 44ms
I/dalvikvm-heap(  674): Grow heap (frag case) to 3.720MB for 640016-byte allocation
D/dalvikvm(  674): GC_CONCURRENT freed 4K, 7% free 3732K/4000K, paused 5ms+23ms, total 72ms
D/dalvikvm(  674): WAIT_FOR_CONCURRENT_GC blocked 41ms
D/dalvikvm(  598): GC_CONCURRENT freed 400K, 13% free 3290K/3760K, paused 31ms+4ms, total 153ms
D/dalvikvm(  347): GC_CONCURRENT freed 562K, 56% free 5618K/12704K, paused 109ms+11ms, total 367ms
W/Resources(  674): Converting to int: TypedValue{t=0x3/d=0x12 "4" a=-1}
W/Resources(  674): Converting to int: TypedValue{t=0x3/d=0xf "1" a=-1}
W/Resources(  674): Converting to int: TypedValue{t=0x3/d=0x15 "2" a=-1}
W/Resources(  674): Converting to int: TypedValue{t=0x3/d=0x15 "2" a=-1}
W/Launcher.LauncherProvider(  674): Unable to add favorite: com.android.camera2/com.android.camera.CameraLauncher
W/Launcher.LauncherProvider(  674): android.content.pm.PackageManager$NameNotFoundException: ComponentInfo{com.android.camera2/com.android.camera.CameraLauncher}
W/Launcher.LauncherProvider(  674): 	at android.app.ApplicationPackageManager.getActivityInfo(ApplicationPackageManager.java:242)
W/Launcher.LauncherProvider(  674): 	at com.android.launcher2.LauncherProvider$DatabaseHelper.addAppShortcut(LauncherProvider.java:959)
W/Launcher.LauncherProvider(  674): 	at com.android.launcher2.LauncherProvider$DatabaseHelper.loadFavorites(LauncherProvider.java:863)
W/Launcher.LauncherProvider(  674): 	at com.android.launcher2.LauncherProvider$DatabaseHelper.access$000(LauncherProvider.java:253)
W/Launcher.LauncherProvider(  674): 	at com.android.launcher2.LauncherProvider.loadDefaultFavoritesIfNecessary(LauncherProvider.java:237)
W/Launcher.LauncherProvider(  674): 	at com.android.launcher2.LauncherModel$LoaderTask.loadWorkspace(LauncherModel.java:1278)
W/Launcher.LauncherProvider(  674): 	at com.android.launcher2.LauncherModel$LoaderTask.loadAndBindWorkspace(LauncherModel.java:1020)
W/Launcher.LauncherProvider(  674): 	at com.android.launcher2.LauncherModel$LoaderTask.run(LauncherModel.java:1126)
W/Launcher.LauncherProvider(  674): 	at android.os.Handler.handleCallback(Handler.java:733)
W/Launcher.LauncherProvider(  674): 	at android.os.Handler.dispatchMessage(Handler.java:95)
W/Launcher.LauncherProvider(  674): 	at android.os.Looper.loop(Looper.java:136)
W/Launcher.LauncherProvider(  674): 	at android.os.HandlerThread.run(HandlerThread.java:61)
W/Launcher.LauncherProvider(  674): Unable to add favorite: com.android.gallery3d/com.android.gallery3d.app.Gallery
W/Launcher.LauncherProvider(  674): android.content.pm.PackageManager$NameNotFoundException: ComponentInfo{com.android.gallery3d/com.android.gallery3d.app.Gallery}
W/Launcher.LauncherProvider(  674): 	at android.app.ApplicationPackageManager.getActivityInfo(ApplicationPackageManager.java:242)
W/Launcher.LauncherProvider(  674): 	at com.android.launcher2.LauncherProvider$DatabaseHelper.addAppShortcut(LauncherProvider.java:959)
W/Launcher.LauncherProvider(  674): 	at com.android.launcher2.LauncherProvider$DatabaseHelper.loadFavorites(LauncherProvider.java:863)
W/Launcher.LauncherProvider(  674): 	at com.android.launcher2.LauncherProvider$DatabaseHelper.access$000(LauncherProvider.java:253)
W/Launcher.LauncherProvider(  674): 	at com.android.launcher2.LauncherProvider.loadDefaultFavoritesIfNecessary(LauncherProvider.java:237)
W/Launcher.LauncherProvider(  674): 	at com.android.launcher2.LauncherModel$LoaderTask.loadWorkspace(LauncherModel.java:1278)
W/Launcher.LauncherProvider(  674): 	at com.android.launcher2.LauncherModel$LoaderTask.loadAndBindWorkspace(LauncherModel.java:1020)
W/Launcher.LauncherProvider(  674): 	at com.android.launcher2.LauncherModel$LoaderTask.run(LauncherModel.java:1126)
W/Launcher.LauncherProvider(  674): 	at android.os.Handler.handleCallback(Handler.java:733)
W/Launcher.LauncherProvider(  674): 	at android.os.Handler.dispatchMessage(Handler.java:95)
W/Launcher.LauncherProvider(  674): 	at android.os.Looper.loop(Looper.java:136)
W/Launcher.LauncherProvider(  674): 	at android.os.HandlerThread.run(HandlerThread.java:61)
I/FusedLocation(  347): engine stopped (com.android.location.fused)
I/FusedLocation(  347): engine started (com.android.location.fused)
D/dalvikvm(  674): GC_CONCURRENT freed 237K, 8% free 3910K/4224K, paused 4ms+2ms, total 93ms
I/LatinIME:LogUtils(  586): Dictionary info: dictionary = main:en ; version = 42 ; date = 1381226429
I/LatinIME:LogUtils(  586): Dictionary info: dictionary = main:en ; version = 42 ; date = 1381226429
I/LatinIME:LogUtils(  586): Dictionary info: dictionary = main:en ; version = 42 ; date = 1381226429
I/LatinIME:LogUtils(  586): Dictionary info: dictionary = main:en ; version = 42 ; date = 1381226429
D/dalvikvm(  586): GC_CONCURRENT freed 331K, 14% free 3076K/3552K, paused 27ms+3ms, total 135ms
I/LatinIME:LogUtils(  586): Dictionary info: dictionary = main:en ; version = 42 ; date = 1381226429
I/LatinIME:LogUtils(  586): Dictionary info: dictionary = main:en ; version = 42 ; date = 1381226429
I/LatinIME:LogUtils(  586): Dictionary info: dictionary = main:en ; version = 42 ; date = 1381226429
D/dalvikvm(  347): GC_CONCURRENT freed 633K, 56% free 5599K/12704K, paused 15ms+5ms, total 185ms
I/MediaProvider(  619): Upgrading media database from version 0 to 700, which will destroy all old data
I/ARMAssembler(   58): generated scanline__00000077:03515104_00009001_00000000 [131 ipp] (153 ins) at [0xb5a91410:0xb5a91674] in 0 ns
I/Choreographer(  347): Skipped 30 frames!  The application may be doing too much work on its main thread.
I/SurfaceFlinger(   58): Boot is finished (69172 ms)
I/InputReader(  347): Reconfiguring input devices.  changes=0x00000010
I/PackageManager(  347):   Action: "android.intent.action.SENDTO"
I/PackageManager(  347):   Category: "android.intent.category.DEFAULT"
I/PackageManager(  347):   Scheme: "sms"
I/PackageManager(  347):   Action: "android.intent.action.SENDTO"
I/PackageManager(  347):   Category: "android.intent.category.DEFAULT"
I/PackageManager(  347):   Scheme: "smsto"
D/dalvikvm(  347): GC_CONCURRENT freed 697K, 56% free 5624K/12704K, paused 266ms+16ms, total 485ms
D/dalvikvm(  347): WAIT_FOR_CONCURRENT_GC blocked 80ms
W/Launcher.Model(  674): LoaderTask running with no launcher (loadAllAppsByBatch)
I/PackageManager(  347):   Action: "android.intent.action.SENDTO"
I/PackageManager(  347):   Category: "android.intent.category.DEFAULT"
I/PackageManager(  347):   Scheme: "mms"
I/PackageManager(  347):   Action: "android.intent.action.SENDTO"
I/PackageManager(  347):   Category: "android.intent.category.DEFAULT"
I/PackageManager(  347):   Scheme: "mmsto"
I/PackageManager(  347):   Action: "android.intent.action.SENDTO"
I/PackageManager(  347):   Category: "android.intent.category.DEFAULT"
I/PackageManager(  347):   Scheme: "sms"
D/dalvikvm(  598): GC_CONCURRENT freed 316K, 11% free 3383K/3776K, paused 5ms+2ms, total 99ms
I/PackageManager(  347):   Action: "android.intent.action.SENDTO"
I/PackageManager(  347):   Category: "android.intent.category.DEFAULT"
I/PackageManager(  347):   Scheme: "smsto"
I/PackageManager(  347):   Action: "android.intent.action.SENDTO"
I/PackageManager(  347):   Category: "android.intent.category.DEFAULT"
I/PackageManager(  347):   Scheme: "mms"
I/PackageManager(  347):   Action: "android.intent.action.SENDTO"
I/PackageManager(  347):   Category: "android.intent.category.DEFAULT"
I/PackageManager(  347):   Scheme: "mmsto"
D/dalvikvm(  347): GC_CONCURRENT freed 771K, 57% free 5586K/12704K, paused 59ms+5ms, total 279ms
D/dalvikvm(  347): WAIT_FOR_CONCURRENT_GC blocked 155ms
D/dalvikvm(  347): WAIT_FOR_CONCURRENT_GC blocked 130ms
D/dalvikvm(  347): GC_EXPLICIT freed 56K, 57% free 5532K/12704K, paused 16ms+15ms, total 142ms
D/dalvikvm(  347): WAIT_FOR_CONCURRENT_GC blocked 246ms
D/dalvikvm(  347): WAIT_FOR_CONCURRENT_GC blocked 260ms
D/Tethering(  347): MasterInitialState.processMessage what=3
D/CaptivePortalTracker(  347): NoActiveNetworkState{ when=0 what=1 obj=NetworkInfo: type: mobile[UMTS], state: CONNECTED/CONNECTED, reason: connected, extra: epc.tmobile.com, roaming: false, failover: false, isAvailable: true, isConnectedToProvisioningNetwork: false target=com.android.internal.util.StateMachine$SmHandler }
D/CaptivePortalTracker(  347): NoActiveNetworkState not a wifi connectivity change, ignore
D/dalvikvm(  598): GC_CONCURRENT freed 539K, 16% free 3340K/3956K, paused 10ms+61ms, total 153ms
E/logwrapper(  796): executing /system/bin/ip failed: No such file or directory
E/logwrapper(  797): executing /system/bin/ip failed: No such file or directory
E/logwrapper(  798): executing /system/bin/ip failed: No such file or directory
E/logwrapper(  799): executing /system/bin/ip failed: No such file or directory
E/logwrapper(  800): executing /system/bin/ip failed: No such file or directory
E/SecondaryTablController(   55): ip route add failed: /system/bin/ip route add 10.0.2.2/32 via 0.0.0.0 dev eth0 table 60
E/logwrapper(  801): executing /system/bin/ip failed: No such file or directory
E/SecondaryTablController(   55): ip route add failed: /system/bin/ip route add 0.0.0.0/0 via 10.0.2.2 dev eth0 table 60
E/SQLiteLog(  619): (1) no such table: album_info
D/dalvikvm(  347): GC_CONCURRENT freed 459K, 56% free 5656K/12704K, paused 35ms+14ms, total 131ms
D/Launcher.Model(  674): Reload apps on config change. curr_mcc:310 prevmcc:0
I/Choreographer(  674): Skipped 1179 frames!  The application may be doing too much work on its main thread.
I/Launcher(  674): Deferring update until onResume
I/Choreographer(  674): Skipped 44 frames!  The application may be doing too much work on its main thread.
D/gralloc_goldfish(  674): Emulator without GPU emulation detected.
I/DownloadManager(  619): Upgrading downloads database from version 0 to version 109, which will destroy all old data
D/dalvikvm(  674): GC_CONCURRENT freed 255K, 8% free 4057K/4392K, paused 6ms+54ms, total 124ms
D/dalvikvm(  674): WAIT_FOR_CONCURRENT_GC blocked 94ms
I/dalvikvm-heap(  674): Grow heap (frag case) to 5.569MB for 1610896-byte allocation
D/Tethering(  347): MasterInitialState.processMessage what=3
D/CaptivePortalTracker(  347): NoActiveNetworkState{ when=-53ms what=1 obj=NetworkInfo: type: mobile_hipri[UMTS], state: CONNECTED/CONNECTED, reason: dataEnabled, extra: epc.tmobile.com, roaming: false, failover: false, isAvailable: true, isConnectedToProvisioningNetwork: false target=com.android.internal.util.StateMachine$SmHandler }
D/CaptivePortalTracker(  347): NoActiveNetworkState not a wifi connectivity change, ignore
D/dalvikvm(  674): GC_FOR_ALLOC freed 12K, 6% free 5618K/5968K, paused 97ms, total 97ms
D/dalvikvm(  674): GC_CONCURRENT freed 19K, 7% free 5599K/5968K, paused 63ms+2ms, total 123ms
D/dalvikvm(  674): WAIT_FOR_CONCURRENT_GC blocked 60ms
I/dalvikvm-heap(  674): Grow heap (frag case) to 7.075MB for 1610896-byte allocation
D/dalvikvm(  674): GC_FOR_ALLOC freed <1K, 5% free 7172K/7544K, paused 60ms, total 60ms
D/ExternalStorage(  814): Missing UUID for /storage/sdcard; skipping
D/ExternalStorage(  814): After updating volumes, found 0 active roots
D/AndroidRuntime(  834): 
D/AndroidRuntime(  834): >>>>>> AndroidRuntime START com.android.internal.os.RuntimeInit <<<<<<
D/AndroidRuntime(  834): CheckJNI is ON
D/dalvikvm(  674): GC_CONCURRENT freed <1K, 5% free 7214K/7588K, paused 4ms+2ms, total 167ms
D/dalvikvm(  834): Trying to load lib libjavacore.so 0x0
D/dalvikvm(  834): Added shared lib libjavacore.so 0x0
D/dalvikvm(  834): Trying to load lib libnativehelper.so 0x0
D/dalvikvm(  834): Added shared lib libnativehelper.so 0x0
D/dalvikvm(  834): No JNI_OnLoad found in libnativehelper.so 0x0, skipping init
I/ActivityManager(  347): Displayed com.android.launcher/com.android.launcher2.Launcher: +15s314ms (total +17s985ms)
D/dalvikvm(  834): Note: class Landroid/app/ActivityManagerNative; has 179 unimplemented (abstract) methods
I/Choreographer(  347): Skipped 47 frames!  The application may be doing too much work on its main thread.
D/dalvikvm(  446): GC_FOR_ALLOC freed 3105K, 7% free 3586K/3836K, paused 101ms, total 195ms
I/dalvikvm-heap(  446): Grow heap (frag case) to 6.500MB for 3072016-byte allocation
D/dalvikvm(  446): GC_CONCURRENT freed 5K, 4% free 6581K/6840K, paused 5ms+2ms, total 263ms
E/memtrack(  834): Couldn't load memtrack module (No such file or directory)
E/android.os.Debug(  834): failed to load memtrack module: -2
I/ContactLocale(  547): AddressBook Labels [en_US]: [, A, B, C, D, E, F, G, H, I, J, K, L, M, N, O, P, Q, R, S, T, U, V, W, X, Y, Z, , , , , , , , , , , , , , , , , , , , , , , , , , , , , , , , , , , , , , , , , , , , , , , , , , , , , , , , , , , , , , , , , , , , , , , , , , , , , , , , , , , , , , , , , , , , , , , , , , , , , , , , , , , , , , , , , , , , , , , , , , , , , , , , , , , , , , , , , , , , , , , , , , , , , , , , , , , , , , , , , , , , , , , , , , , , , , , , , , , , , , #, ]
D/AndroidRuntime(  834): Calling main entry com.android.commands.pm.Pm
I/Choreographer(  674): Skipped 76 frames!  The application may be doing too much work on its main thread.
I/Choreographer(  674): Skipped 38 frames!  The application may be doing too much work on its main thread.
D/GpsLocationProvider(  347): NTP server returned: 1545805212984 (Wed Dec 26 01:20:12 EST 2018) reference: 71892 certainty: 10 system time offset: -27821
D/dalvikvm(  674): GC_CONCURRENT freed 2093K, 26% free 6501K/8676K, paused 14ms+3ms, total 44ms
D/dalvikvm(  347): GC_CONCURRENT freed 647K, 56% free 5639K/12700K, paused 6ms+34ms, total 92ms
D/dalvikvm(  619): GC_CONCURRENT freed 279K, 11% free 2914K/3264K, paused 3ms+2ms, total 44ms
D/dalvikvm(  347): GC_CONCURRENT freed 271K, 52% free 6100K/12700K, paused 6ms+4ms, total 60ms
D/dalvikvm(  347): WAIT_FOR_CONCURRENT_GC blocked 44ms
D/dalvikvm(  347): GC_CONCURRENT freed 694K, 52% free 6163K/12700K, paused 5ms+18ms, total 78ms
D/ExternalStorage(  814): Missing UUID for /storage/sdcard; skipping
D/ExternalStorage(  814): After updating volumes, found 0 active roots
D/dalvikvm(  347): GC_CONCURRENT freed 310K, 48% free 6643K/12700K, paused 5ms+9ms, total 83ms
D/dalvikvm(  347): GC_CONCURRENT freed 804K, 47% free 6741K/12700K, paused 6ms+4ms, total 70ms
D/dalvikvm(  347): GC_CONCURRENT freed 934K, 47% free 6741K/12700K, paused 6ms+5ms, total 69ms
D/dalvikvm(  347): GC_CONCURRENT freed 943K, 47% free 6742K/12700K, paused 6ms+4ms, total 80ms
D/dalvikvm(  347): GC_CONCURRENT freed 927K, 47% free 6856K/12700K, paused 6ms+6ms, total 93ms
D/dalvikvm(  347): GC_CONCURRENT freed 1041K, 47% free 6776K/12700K, paused 6ms+5ms, total 74ms
D/dalvikvm(  347): GC_CONCURRENT freed 954K, 47% free 6777K/12700K, paused 6ms+4ms, total 71ms
D/dalvikvm(  347): GC_CONCURRENT freed 950K, 47% free 6774K/12700K, paused 6ms+6ms, total 71ms
D/dalvikvm(  347): GC_CONCURRENT freed 932K, 47% free 6786K/12700K, paused 6ms+7ms, total 75ms
D/dalvikvm(  347): GC_CONCURRENT freed 944K, 47% free 6832K/12700K, paused 6ms+7ms, total 85ms
D/dalvikvm(  347): GC_CONCURRENT freed 984K, 47% free 6801K/12700K, paused 6ms+6ms, total 73ms
I/PackageManager(  347): Running dexopt on: exts.denmark
D/dalvikvm(  883): DexOpt: load 295ms, verify+opt 295ms, 1016548 bytes
D/MediaScannerReceiver(  619): action: android.intent.action.MEDIA_MOUNTED path: /storage/sdcard
I/PackageManager(  347):   Action: "android.intent.action.SENDTO"
I/PackageManager(  347):   Category: "android.intent.category.DEFAULT"
I/PackageManager(  347):   Scheme: "sms"
I/PackageManager(  347):   Action: "android.intent.action.SENDTO"
I/PackageManager(  347):   Category: "android.intent.category.DEFAULT"
I/PackageManager(  347):   Scheme: "smsto"
D/dalvikvm(  347): GC_EXPLICIT freed 971K, 46% free 6858K/12700K, paused 213ms+16ms, total 304ms
D/dalvikvm(  347): WAIT_FOR_CONCURRENT_GC blocked 102ms
D/dalvikvm(  347): WAIT_FOR_CONCURRENT_GC blocked 99ms
D/dalvikvm(  347): WAIT_FOR_CONCURRENT_GC blocked 78ms
D/dalvikvm(  347): WAIT_FOR_CONCURRENT_GC blocked 102ms
D/dalvikvm(  347): WAIT_FOR_CONCURRENT_GC blocked 88ms
D/dalvikvm(  347): WAIT_FOR_CONCURRENT_GC blocked 103ms
I/InputReader(  347): Reconfiguring input devices.  changes=0x00000010
D/dalvikvm(  347): WAIT_FOR_CONCURRENT_GC blocked 176ms
D/dalvikvm(  347): WAIT_FOR_CONCURRENT_GC blocked 178ms
D/dalvikvm(  347): WAIT_FOR_CONCURRENT_GC blocked 139ms
I/PackageManager(  347):   Action: "android.intent.action.SENDTO"
I/PackageManager(  347):   Category: "android.intent.category.DEFAULT"
I/PackageManager(  347):   Scheme: "mms"
I/PackageManager(  347):   Action: "android.intent.action.SENDTO"
I/PackageManager(  347):   Category: "android.intent.category.DEFAULT"
I/PackageManager(  347):   Scheme: "mmsto"
I/PackageManager(  347):   Action: "android.intent.action.SENDTO"
I/PackageManager(  347):   Category: "android.intent.category.DEFAULT"
I/PackageManager(  347):   Scheme: "sms"
I/PackageManager(  347):   Action: "android.intent.action.SENDTO"
I/PackageManager(  347):   Category: "android.intent.category.DEFAULT"
I/PackageManager(  347):   Scheme: "smsto"
I/PackageManager(  347):   Action: "android.intent.action.SENDTO"
I/PackageManager(  347):   Category: "android.intent.category.DEFAULT"
I/PackageManager(  347):   Scheme: "mms"
D/dalvikvm(  598): GC_CONCURRENT freed 370K, 13% free 3455K/3956K, paused 4ms+22ms, total 64ms
I/PackageManager(  347):   Action: "android.intent.action.SENDTO"
I/PackageManager(  347):   Category: "android.intent.category.DEFAULT"
I/PackageManager(  347):   Scheme: "mmsto"
D/AndroidRuntime(  834): Shutting down VM
D/dalvikvm(  834): GC_CONCURRENT freed 95K, 16% free 560K/660K, paused 3ms+3ms, total 25ms
D/dalvikvm(  347): GC_CONCURRENT freed 2150K, 56% free 5653K/12700K, paused 8ms+22ms, total 138ms
E/BluetoothAdapter(  605): Bluetooth binder is null
I/dalvikvm(  887): CheckJNI enabled: not enabling JNI app bug workarounds.
I/MediaFocusControl(  347):   Remote Control   registerMediaButtonIntent() for PendingIntent{b35a5818: PendingIntentRecord{b33c82d8 com.android.music broadcastIntent}}
I/ContactDirectoryManager(  547): deleted 0 stale rows which don't have any relevant directory
I/ContactDirectoryManager(  547): Discovered 0 contact directories in 7453ms
D/ExtensionsFactory(  913): No custom extensions.
D/dalvikvm(   59): GC_EXPLICIT freed 40K, 5% free 2705K/2820K, paused 2ms+13ms, total 58ms
D/dalvikvm(   59): GC_EXPLICIT freed <1K, 5% free 2705K/2820K, paused 3ms+2ms, total 55ms
D/dalvikvm(   59): GC_EXPLICIT freed <1K, 5% free 2705K/2820K, paused 2ms+2ms, total 43ms
I/CalendarDatabaseHelper(  934): Bootstrapping database
I/ContactsProvider(  547): Upgrading aggregation algorithm
I/CalendarProvider2(  934): Created com.android.providers.calendar.CalendarAlarmManager@b2cf2a10(com.android.providers.calendar.CalendarProvider2@b2cdf0e8)
I/ContactAggregator(  547): Marked all visible contacts for aggregation: 0 raw contacts, 127 ms
I/ContactsProvider(  547): Aggregation algorithm upgraded for 0 raw contacts in 237ms
V/MediaScanner(  619): pruneDeadThumbnailFiles... android.database.sqlite.SQLiteCursor@b2d06d48
V/MediaScanner(  619): /pruneDeadThumbnailFiles... android.database.sqlite.SQLiteCursor@b2d06d48
D/dalvikvm(  547): GC_CONCURRENT freed 261K, 10% free 3084K/3420K, paused 4ms+2ms, total 27ms
I/ContactsFTS(  547): Rebuild contact search index in 430ms, 0 contacts
D/dalvikvm(  901): GC_CONCURRENT freed 214K, 10% free 2887K/3176K, paused 13ms+2ms, total 53ms
V/AlarmClock(  939): AlarmInitReceiver android.intent.action.TIMEZONE_CHANGED
I/CalendarProvider2(  934): Sending notification intent: Intent { act=android.intent.action.PROVIDER_CHANGED dat=content://com.android.calendar }
W/ContentResolver(  934): Failed to get type for: content://com.android.calendar (Unknown URL content://com.android.calendar)
I/AlarmClock(  939): Alarms Table created
I/AlarmClock(  939): Instance table created
I/AlarmClock(  939): Cities table created
I/AlarmClock(  939): Inserting default alarms
I/AlarmClock(  939): Displaying next alarm time: ''
V/AlarmClock(  939): AlarmInitReceiver finished
E/BluetoothAdapter(  605): Bluetooth binder is null
E/BluetoothAdapter(  605): Bluetooth binder is null
I/Email   (  901): Observing account changes for notifications
D/ExtensionsFactory(  965): No custom extensions.
E/BluetoothAdapter(  347): Bluetooth binder is null
E/BluetoothAdapter(  347): Bluetooth binder is null
E/SoundPool(  347): error loading /system/media/audio/ui/Effect_Tick.ogg
W/AudioService(  347): Soundpool could not load file: /system/media/audio/ui/Effect_Tick.ogg
E/SoundPool(  347): error loading /system/media/audio/ui/Effect_Tick.ogg
W/AudioService(  347): Soundpool could not load file: /system/media/audio/ui/Effect_Tick.ogg
E/SoundPool(  347): error loading /system/media/audio/ui/Effect_Tick.ogg
W/AudioService(  347): Soundpool could not load file: /system/media/audio/ui/Effect_Tick.ogg
E/SoundPool(  347): error loading /system/media/audio/ui/Effect_Tick.ogg
W/AudioService(  347): Soundpool could not load file: /system/media/audio/ui/Effect_Tick.ogg
E/SoundPool(  347): error loading /system/media/audio/ui/Effect_Tick.ogg
W/AudioService(  347): Soundpool could not load file: /system/media/audio/ui/Effect_Tick.ogg
E/SoundPool(  347): error loading /system/media/audio/ui/KeypressStandard.ogg
W/AudioService(  347): Soundpool could not load file: /system/media/audio/ui/KeypressStandard.ogg
E/SoundPool(  347): error loading /system/media/audio/ui/KeypressSpacebar.ogg
W/AudioService(  347): Soundpool could not load file: /system/media/audio/ui/KeypressSpacebar.ogg
E/SoundPool(  347): error loading /system/media/audio/ui/KeypressDelete.ogg
W/AudioService(  347): Soundpool could not load file: /system/media/audio/ui/KeypressDelete.ogg
E/SoundPool(  347): error loading /system/media/audio/ui/KeypressReturn.ogg
W/AudioService(  347): Soundpool could not load file: /system/media/audio/ui/KeypressReturn.ogg
E/SoundPool(  347): error loading /system/media/audio/ui/KeypressInvalid.ogg
