D/dalvikvm(  354): GC_CONCURRENT freed 444K, 63% free 4975K/13220K, paused 14ms+9ms, total 74ms
D/dalvikvm(  354): WAIT_FOR_CONCURRENT_GC blocked 20ms
D/dalvikvm(  354): GC_FOR_ALLOC freed 1352K, 69% free 4182K/13220K, paused 36ms, total 37ms
D/dalvikvm(  354): GC_CONCURRENT freed 259K, 67% free 4366K/13220K, paused 5ms+5ms, total 79ms
D/dalvikvm(  354): GC_CONCURRENT freed 282K, 66% free 4566K/13220K, paused 13ms+4ms, total 70ms
D/dalvikvm(  354): WAIT_FOR_CONCURRENT_GC blocked 16ms
D/dalvikvm(  354): GC_CONCURRENT freed 291K, 64% free 4759K/13220K, paused 6ms+5ms, total 104ms
I/PackageManager(  354): /system/app/LiveWallpapersPicker.apk changed; collecting certs
I/PackageManager(  354): /system/app/Music.apk changed; collecting certs
D/dalvikvm(  354): GC_CONCURRENT freed 469K, 64% free 4791K/13220K, paused 14ms+9ms, total 53ms
D/dalvikvm(  354): WAIT_FOR_CONCURRENT_GC blocked 40ms
D/dalvikvm(  354): GC_CONCURRENT freed 1129K, 69% free 4170K/13220K, paused 5ms+12ms, total 102ms
I/PackageManager(  354): /system/app/NetSpeed.apk changed; collecting certs
I/PackageManager(  354): /system/app/OpenWnn.apk changed; collecting certs
D/dalvikvm(  354): GC_CONCURRENT freed 341K, 68% free 4312K/13220K, paused 13ms+5ms, total 61ms
D/dalvikvm(  354): WAIT_FOR_CONCURRENT_GC blocked 27ms
D/dalvikvm(  354): GC_CONCURRENT freed 599K, 69% free 4225K/13220K, paused 6ms+3ms, total 57ms
D/dalvikvm(  354): WAIT_FOR_CONCURRENT_GC blocked 19ms
D/dalvikvm(  354): GC_CONCURRENT freed 312K, 67% free 4425K/13220K, paused 5ms+3ms, total 71ms
D/dalvikvm(  354): WAIT_FOR_CONCURRENT_GC blocked 14ms
I/PackageManager(  354): /system/app/PacProcessor.apk changed; collecting certs
D/dalvikvm(  354): GC_CONCURRENT freed 389K, 66% free 4527K/13220K, paused 5ms+9ms, total 84ms
I/PackageManager(  354): /system/app/PackageInstaller.apk changed; collecting certs
I/PackageManager(  354): /system/app/PicoTts.apk changed; collecting certs
I/PackageManager(  354): /system/app/PinyinIME.apk changed; collecting certs
D/dalvikvm(  354): GC_CONCURRENT freed 959K, 70% free 4080K/13220K, paused 5ms+3ms, total 57ms
D/dalvikvm(  354): WAIT_FOR_CONCURRENT_GC blocked 23ms
I/PackageManager(  354): /system/app/PrintSpooler.apk changed; collecting certs
I/PackageManager(  354): /system/app/Protips.apk changed; collecting certs
D/dalvikvm(  354): GC_CONCURRENT freed 400K, 69% free 4139K/13220K, paused 6ms+12ms, total 79ms
I/PackageManager(  354): /system/app/QuickSearchBox.apk changed; collecting certs
D/dalvikvm(  354): GC_CONCURRENT freed 478K, 69% free 4168K/13220K, paused 11ms+4ms, total 45ms
D/dalvikvm(  354): WAIT_FOR_CONCURRENT_GC blocked 35ms
D/dalvikvm(  354): GC_CONCURRENT freed 378K, 68% free 4241K/13220K, paused 6ms+5ms, total 71ms
I/PackageManager(  354): /system/app/SdkSetup.apk changed; collecting certs
I/PackageManager(  354): /system/app/SoundRecorder.apk changed; collecting certs
I/PackageManager(  354): /system/app/SpeechRecorder.apk changed; collecting certs
I/PackageManager(  354): /system/app/TelephonyProvider.apk changed; collecting certs
D/dalvikvm(  354): GC_CONCURRENT freed 428K, 68% free 4324K/13220K, paused 5ms+9ms, total 87ms
D/dalvikvm(  354): WAIT_FOR_CONCURRENT_GC blocked 16ms
I/PackageManager(  354): /system/app/UserDictionaryProvider.apk changed; collecting certs
D/PackageManager(  354): No files in app dir /vendor/app
D/dalvikvm(  354): GC_CONCURRENT freed 613K, 69% free 4217K/13220K, paused 6ms+5ms, total 105ms
W/PackageParser(  354): No actions in intent filter at /data/app/ApiDemos.apk Binary XML file line #2899
W/PackageParser(  354): No actions in intent filter at /data/app/ApiDemos.apk Binary XML file line #2905
I/PackageManager(  354): /data/app/ApiDemos.apk changed; collecting certs
D/dalvikvm(  354): GC_CONCURRENT freed 239K, 67% free 4462K/13220K, paused 4ms+3ms, total 42ms
D/dalvikvm(  354): WAIT_FOR_CONCURRENT_GC blocked 33ms
D/dalvikvm(  354): GC_CONCURRENT freed 356K, 66% free 4604K/13220K, paused 6ms+13ms, total 92ms
D/dalvikvm(  354): GC_CONCURRENT freed 306K, 64% free 4809K/13220K, paused 4ms+6ms, total 99ms
D/dalvikvm(  354): WAIT_FOR_CONCURRENT_GC blocked 7ms
D/dalvikvm(  354): GC_CONCURRENT freed 499K, 64% free 4829K/13220K, paused 14ms+2ms, total 69ms
D/dalvikvm(  354): WAIT_FOR_CONCURRENT_GC blocked 30ms
D/dalvikvm(  354): GC_CONCURRENT freed 530K, 64% free 4825K/13220K, paused 5ms+3ms, total 66ms
D/dalvikvm(  354): WAIT_FOR_CONCURRENT_GC blocked 29ms
D/dalvikvm(  354): GC_CONCURRENT freed 516K, 64% free 4836K/13220K, paused 6ms+4ms, total 79ms
D/dalvikvm(  354): WAIT_FOR_CONCURRENT_GC blocked 16ms
D/dalvikvm(  354): GC_CONCURRENT freed 524K, 64% free 4841K/13220K, paused 14ms+3ms, total 70ms
D/dalvikvm(  354): WAIT_FOR_CONCURRENT_GC blocked 33ms
D/dalvikvm(  354): GC_CONCURRENT freed 529K, 64% free 4847K/13220K, paused 13ms+3ms, total 71ms
D/dalvikvm(  354): WAIT_FOR_CONCURRENT_GC blocked 33ms
D/dalvikvm(  354): GC_CONCURRENT freed 529K, 64% free 4850K/13220K, paused 5ms+3ms, total 71ms
D/dalvikvm(  354): WAIT_FOR_CONCURRENT_GC blocked 26ms
D/dalvikvm(  354): GC_CONCURRENT freed 529K, 64% free 4852K/13220K, paused 5ms+3ms, total 70ms
D/dalvikvm(  354): WAIT_FOR_CONCURRENT_GC blocked 26ms
D/dalvikvm(  354): GC_CONCURRENT freed 529K, 64% free 4855K/13220K, paused 14ms+3ms, total 71ms
D/dalvikvm(  354): WAIT_FOR_CONCURRENT_GC blocked 33ms
D/dalvikvm(  354): GC_CONCURRENT freed 531K, 64% free 4860K/13220K, paused 5ms+3ms, total 70ms
D/dalvikvm(  354): WAIT_FOR_CONCURRENT_GC blocked 27ms
D/dalvikvm(  354): GC_CONCURRENT freed 509K, 64% free 4868K/13220K, paused 4ms+3ms, total 120ms
W/PackageManager(  354): Package com.example.android.apis desires unavailable shared library com.example.will.never.exist; ignoring!
I/PackageManager(  354): /data/app/CubeLiveWallpapers.apk changed; collecting certs
D/dalvikvm(  354): GC_CONCURRENT freed 464K, 63% free 4946K/13220K, paused 5ms+9ms, total 81ms
D/dalvikvm(  354): WAIT_FOR_CONCURRENT_GC blocked 23ms
I/PackageManager(  354): /data/app/GestureBuilder.apk changed; collecting certs
I/PackageManager(  354): /data/app/SmokeTest.apk changed; collecting certs
D/dalvikvm(  354): GC_CONCURRENT freed 1136K, 67% free 4371K/13220K, paused 5ms+3ms, total 87ms
D/dalvikvm(  354): WAIT_FOR_CONCURRENT_GC blocked 19ms
I/PackageManager(  354): /data/app/SmokeTestApp.apk changed; collecting certs
I/PackageManager(  354): /data/app/SoftKeyboard.apk changed; collecting certs
D/dalvikvm(  354): GC_CONCURRENT freed 496K, 67% free 4386K/13220K, paused 5ms+3ms, total 68ms
D/dalvikvm(  354): WAIT_FOR_CONCURRENT_GC blocked 26ms
I/PackageManager(  354): /data/app/WidgetPreview.apk changed; collecting certs
W/PackageManager(  354): Package com.example.android.apis desires unavailable shared library com.example.will.never.exist; ignoring!
W/PackageManager(  354): Package com.android.camera desires unavailable shared library com.google.android.media.effects; ignoring!
I/PackageManager(  354): Time to scan packages: 23.35 seconds
W/PackageManager(  354): Not granting permission android.permission.GLOBAL_SEARCH to package com.android.quicksearchbox (protectionLevel=18 flags=0x8be45)
D/dalvikvm(  354): GC_CONCURRENT freed 479K, 67% free 4364K/13220K, paused 6ms+6ms, total 98ms
W/PackageManager(  354): Unknown permission com.android.smspush.WAPPUSH_MANAGER_BIND in package com.android.phone
W/PackageManager(  354): Unknown permission com.google.android.googleapps.permission.GOOGLE_AUTH in package com.android.providers.calendar
W/PackageManager(  354): Unknown permission com.google.android.googleapps.permission.GOOGLE_AUTH.cl in package com.android.providers.calendar
W/PackageManager(  354): Unknown permission com.google.android.googleapps.permission.GOOGLE_AUTH.mail in package com.android.calendar
W/PackageManager(  354): Not granting permission android.permission.ACCESS_DOWNLOAD_MANAGER to package com.android.browser (protectionLevel=18 flags=0x9be45)
W/PackageManager(  354): Not granting permission android.permission.SEND_DOWNLOAD_COMPLETED_INTENTS to package com.android.browser (protectionLevel=2 flags=0x9be45)
W/PackageManager(  354): Not granting permission android.permission.BIND_APPWIDGET to package com.android.widgetpreview (protectionLevel=18 flags=0x8be44)
W/PackageManager(  354): Unknown permission android.permission.INSTALL_DRM in package com.android.mms
W/PackageManager(  354): Unknown permission com.google.android.googleapps.permission.GOOGLE_AUTH in package com.android.settings
W/PackageManager(  354): Unknown permission com.google.android.googleapps.permission.ACCESS_GOOGLE_PASSWORD in package com.android.development
W/PackageManager(  354): Unknown permission com.google.android.googleapps.permission.GOOGLE_AUTH in package com.android.development
W/PackageManager(  354): Unknown permission com.google.android.googleapps.permission.GOOGLE_AUTH.ALL_SERVICES in package com.android.development
W/PackageManager(  354): Unknown permission com.google.android.googleapps.permission.GOOGLE_AUTH.YouTubeUser in package com.android.development
W/PackageManager(  354): Not granting permission android.permission.DELETE_PACKAGES to package com.svox.pico (protectionLevel=18 flags=0x8be45)
W/PackageManager(  354): Not granting permission android.permission.DEVICE_POWER to package com.android.deskclock (protectionLevel=2 flags=0x48be45)
D/dalvikvm(  354): GC_EXPLICIT freed 352K, 68% free 4309K/13220K, paused 4ms+4ms, total 55ms
I/SystemServer(  354): Entropy Mixer
W/EntropyMixer(  354): No existing entropy file -- first boot?
I/EntropyMixer(  354): Writing entropy...
I/SystemServer(  354): User Service
I/SystemServer(  354): Account Manager
I/SystemServer(  354): Content Manager
I/SystemServer(  354): System Content Providers
D/SettingsProvider(  354): User 0 external modification to /data/data/com.android.providers.settings/databases/settings.db; event=2
D/SettingsProvider(  354): User 0 updating our caches for /data/data/com.android.providers.settings/databases/settings.db
I/SyncManager(  354): No initial accounts
I/SyncManager(  354): No initial status
W/SyncManagerFile(  354): Error reading pending data.
W/SyncManagerFile(  354): java.io.FileNotFoundException: /data/system/sync/pending.xml: open failed: ENOENT (No such file or directory)
W/SyncManagerFile(  354): 	at libcore.io.IoBridge.open(IoBridge.java:409)
W/SyncManagerFile(  354): 	at java.io.FileInputStream.<init>(FileInputStream.java:78)
W/SyncManagerFile(  354): 	at android.util.AtomicFile.openRead(AtomicFile.java:199)
W/SyncManagerFile(  354): 	at com.android.server.content.SyncStorageEngine.readPendingOperationsLocked(SyncStorageEngine.java:2286)
W/SyncManagerFile(  354): 	at com.android.server.content.SyncStorageEngine.<init>(SyncStorageEngine.java:434)
W/SyncManagerFile(  354): 	at com.android.server.content.SyncStorageEngine.init(SyncStorageEngine.java:454)
W/SyncManagerFile(  354): 	at com.android.server.content.SyncManager.<init>(SyncManager.java:383)
W/SyncManagerFile(  354): 	at com.android.server.content.ContentService.getSyncManager(ContentService.java:75)
W/SyncManagerFile(  354): 	at com.android.server.content.ContentService.notifyChange(ContentService.java:283)
W/SyncManagerFile(  354): 	at android.content.ContentResolver.notifyChange(ContentResolver.java:1621)
W/SyncManagerFile(  354): 	at com.android.providers.settings.SettingsProvider.sendNotify(SettingsProvider.java:262)
W/SyncManagerFile(  354): 	at com.android.providers.settings.SettingsProvider.insertForUser(SettingsProvider.java:941)
W/SyncManagerFile(  354): 	at com.android.providers.settings.SettingsProvider.ensureAndroidIdIsSet(SettingsProvider.java:496)
W/SyncManagerFile(  354): 	at com.android.providers.settings.SettingsProvider.establishDbTracking(SettingsProvider.java:409)
W/SyncManagerFile(  354): 	at com.android.providers.settings.SettingsProvider.onCreate(SettingsProvider.java:335)
W/SyncManagerFile(  354): 	at android.content.ContentProvider.attachInfo(ContentProvider.java:1591)
W/SyncManagerFile(  354): 	at android.content.ContentProvider.attachInfo(ContentProvider.java:1562)
W/SyncManagerFile(  354): 	at android.app.ActivityThread.installProvider(ActivityThread.java:4774)
W/SyncManagerFile(  354): 	at android.app.ActivityThread.installContentProviders(ActivityThread.java:4369)
W/SyncManagerFile(  354): 	at android.app.ActivityThread.installSystemProviders(ActivityThread.java:4929)
W/SyncManagerFile(  354): 	at com.android.server.am.ActivityManagerService.installSystemProviders(ActivityManagerService.java:8081)
W/SyncManagerFile(  354): 	at com.android.server.ServerThread.initAndLoop(SystemServer.java:275)
W/SyncManagerFile(  354): 	at com.android.server.SystemServer.main(SystemServer.java:1179)
W/SyncManagerFile(  354): 	at java.lang.reflect.Method.invokeNative(Native Method)
W/SyncManagerFile(  354): 	at java.lang.reflect.Method.invoke(Method.java:515)
W/SyncManagerFile(  354): 	at com.android.internal.os.ZygoteInit$MethodAndArgsCaller.run(ZygoteInit.java:785)
W/SyncManagerFile(  354): 	at com.android.internal.os.ZygoteInit.main(ZygoteInit.java:601)
W/SyncManagerFile(  354): 	at dalvik.system.NativeStart.main(Native Method)
W/SyncManagerFile(  354): Caused by: libcore.io.ErrnoException: open failed: ENOENT (No such file or directory)
W/SyncManagerFile(  354): 	at libcore.io.Posix.open(Native Method)
W/SyncManagerFile(  354): 	at libcore.io.BlockGuardOs.open(BlockGuardOs.java:110)
W/SyncManagerFile(  354): 	at libcore.io.IoBridge.open(IoBridge.java:393)
W/SyncManagerFile(  354): 	... 27 more
I/SyncManager(  354): No initial statistics
D/SettingsProvider(  354): Generated and saved new ANDROID_ID [6a36ebbd279f8200] for user 0
I/SystemServer(  354): Lights Service
I/SystemServer(  354): Battery Service
I/SystemServer(  354): Vibrator Service
E/ConsumerIrService(  354): Can't open consumer IR HW Module, error: -2
I/SystemServer(  354): Consumer IR Service
W/libsuspend(  354): Error writing 'on' to /sys/power/state: Invalid argument
E/libsuspend(  354): Error opening /sys/power/autosleep: No such file or directory
I/libsuspend(  354): Selected wakeup count
D/PermissionCache(   57): checking android.permission.ACCESS_SURFACE_FLINGER for uid=1000 => granted (2330 us)
D/SurfaceFlinger(   57): Screen acquired, type=0 flinger=0xb6fb7450
D/SurfaceFlinger(   57):  screen was previously acquired
I/SystemServer(  354): Alarm Manager
I/SystemServer(  354): Init Watchdog
I/SystemServer(  354): Input Manager
I/InputManager(  354): Initializing input manager, mUseDevInputEventForAudioJack=false
I/SystemServer(  354): Window Manager
I/WindowManager(  354): No existing display settings /data/system/display_settings.xml; starting empty
D/dalvikvm(  354): GC_CONCURRENT freed 318K, 67% free 4459K/13220K, paused 14ms+16ms, total 152ms
I/WindowManager(  354): No keyguard interface!
I/InputManager(  354): Starting input manager
I/SystemServer(  354): No Bluetooh Service (emulator)
I/SystemServer(  354): Input Method Service
E/EventHub(  354): could not get driver version for /dev/input/mouse0, Not a typewriter
W/EventHub(  354): Unable to disable kernel key repeat for /dev/input/event0: Function not implemented
I/EventHub(  354): New device: id=1, fd=93, path='/dev/input/event0', name='qwerty2', classes=0x2d, configuration='/system/usr/idc/qwerty2.idc', keyLayout='/system/usr/keylayout/qwerty.kl', keyCharacterMap='/system/usr/keychars/qwerty2.kcm', builtinKeyboard=true, usingSuspendBlockIoctl=true, usingClockIoctl=true
E/EventHub(  354): could not get driver version for /dev/input/mice, Not a typewriter
I/InputReader(  354): Device added: id=-1, name='Virtual', sources=0x00000301
I/InputReader(  354):   Touch device 'qwerty2' could not query the properties of its associated display.  The device will be inoperable until the display size becomes available.
I/InputReader(  354): Device added: id=0, name='qwerty2', sources=0x00011307
W/InputMethodManagerService(  354): No IME selected. Choose the most applicable IME.
I/InputMethodManagerService(  354): No default found, using com.android.inputmethod.latin/.LatinIME
I/SystemServer(  354): Accessibility Manager
I/ActivityManager(  354): Config changes=1df8 {1.0 ?mcc?mnc en_US ldltr sw480dp w480dp h864dp 160dpi lrg long port ?uimode ?night -touch -keyb/h/h tball/v s.2}
I/InputReader(  354): Reconfiguring input devices.  changes=0x00000004
I/InputReader(  354): Device reconfigured: id=0, name='qwerty2', size 480x864, orientation 0, mode 1, display id 0
I/ActivityManager(  354): Config changes=408 {1.0 ?mcc?mnc en_US ldltr sw480dp w480dp h839dp 160dpi lrg long port ?uimode ?night finger -keyb/h/h tball/v s.3}
I/SystemServer(  354): Mount Service
D/MountService(  354): got storage path: /storage/sdcard description: USB storage primary: true removable: false emulated: false mtpReserve: 0 allowMassStorage: false maxFileSize: 0
D/MountService(  354): addVolumeLocked() StorageVolume:
D/MountService(  354):     mStorageId=0 mPath=/storage/sdcard mDescriptionId=17040665 mPrimary=true 
D/MountService(  354):     mRemovable=false mEmulated=false mMtpReserveSpace=0 
D/MountService(  354):     mAllowMassStorage=false mMaxFileSize=0 mOwner=null mUuid=null 
D/MountService(  354):     mUserLabel=null mState=null 
I/SystemServer(  354): LockSettingsService
I/SystemServer(  354): Device Policy
I/SystemServer(  354): Status Bar
I/SystemServer(  354): Clipboard Service
W/MountService(  354): Duplicate state transition (unmounted -> unmounted) for /storage/sdcard
W/MountService(  354): getSecureContainerList() called when storage not mounted
I/SystemServer(  354): NetworkManagement Service
I/SystemServer(  354): Text Service Manager Service
I/PackageManager(  354): No secure containers on sdcard
I/SystemServer(  354): NetworkStats Service
W/PackageManager(  354): Not granting permission android.permission.GLOBAL_SEARCH to package com.android.quicksearchbox (protectionLevel=18 flags=0x8be45)
I/SystemServer(  354): NetworkPolicy Service
I/SystemServer(  354): Wi-Fi P2pService
W/PackageManager(  354): Unknown permission com.android.smspush.WAPPUSH_MANAGER_BIND in package com.android.phone
W/PackageManager(  354): Unknown permission com.google.android.googleapps.permission.GOOGLE_AUTH in package com.android.providers.calendar
D/dalvikvm(  354): GC_CONCURRENT freed 239K, 66% free 4615K/13220K, paused 5ms+13ms, total 88ms
W/PackageManager(  354): Unknown permission com.google.android.googleapps.permission.GOOGLE_AUTH.cl in package com.android.providers.calendar
W/PackageManager(  354): Unknown permission com.google.android.googleapps.permission.GOOGLE_AUTH.mail in package com.android.calendar
W/PackageManager(  354): Not granting permission android.permission.ACCESS_DOWNLOAD_MANAGER to package com.android.browser (protectionLevel=18 flags=0x9be45)
W/PackageManager(  354): Not granting permission android.permission.SEND_DOWNLOAD_COMPLETED_INTENTS to package com.android.browser (protectionLevel=2 flags=0x9be45)
W/PackageManager(  354): Not granting permission android.permission.BIND_APPWIDGET to package com.android.widgetpreview (protectionLevel=18 flags=0x8be44)
W/PackageManager(  354): Unknown permission android.permission.INSTALL_DRM in package com.android.mms
W/PackageManager(  354): Unknown permission com.google.android.googleapps.permission.GOOGLE_AUTH in package com.android.settings
W/PackageManager(  354): Unknown permission com.google.android.googleapps.permission.ACCESS_GOOGLE_PASSWORD in package com.android.development
W/PackageManager(  354): Unknown permission com.google.android.googleapps.permission.GOOGLE_AUTH in package com.android.development
W/PackageManager(  354): Unknown permission com.google.android.googleapps.permission.GOOGLE_AUTH.ALL_SERVICES in package com.android.development
W/PackageManager(  354): Unknown permission com.google.android.googleapps.permission.GOOGLE_AUTH.YouTubeUser in package com.android.development
W/PackageManager(  354): Not granting permission android.permission.DELETE_PACKAGES to package com.svox.pico (protectionLevel=18 flags=0x8be45)
W/PackageManager(  354): Not granting permission android.permission.DEVICE_POWER to package com.android.deskclock (protectionLevel=2 flags=0x48be45)
I/SystemServer(  354): Wi-Fi Service
D/WifiController(  354): isAirplaneModeOn = false, isWifiEnabled = false, isScanningAvailable = false
I/SystemServer(  354): Connectivity Service
D/ConnectivityService(  354): ConnectivityService starting up
D/ConnectivityService(  354): wifiOnly=false
E/MobileDataStateTracker(  354): default: Ignoring feature request because could not acquire PhoneService
E/MobileDataStateTracker(  354): default: Could not enable APN type "default"
I/WifiService(  354): WifiService starting up with Wi-Fi disabled
I/SystemServer(  354): Network Service Discovery Service
D/NsdService(  354): Network service discovery enabled true
I/SystemServer(  354): UpdateLock Service
I/SystemServer(  354): Notification Manager
I/SystemServer(  354): Device Storage Monitor
I/SystemServer(  354): Location Manager
D/dalvikvm(  354): GC_CONCURRENT freed 308K, 64% free 4768K/13220K, paused 5ms+6ms, total 124ms
I/SystemServer(  354): Country Detector
I/SystemServer(  354): Search Service
I/SystemServer(  354): DropBox Service
I/SystemServer(  354): Wallpaper Service
W/WallpaperService(  354): no current wallpaper -- first boot?
I/SystemServer(  354): Audio Service
I/SystemServer(  354): Dock Observer
W/DockObserver(  354): This kernel does not have dock station support
I/SystemServer(  354): Wired Accessory Manager
W/WiredAccessoryManager(  354): This kernel does not have wired headset support
W/WiredAccessoryManager(  354): This kernel does not have usb audio support
W/WiredAccessoryManager(  354): This kernel does not have HDMI audio support
I/SystemServer(  354): USB Service
I/SystemServer(  354): Serial Service
I/SystemServer(  354): Twilight Service
I/SystemServer(  354): UI Mode Manager Service
I/SystemServer(  354): Backup Service
V/BackupManagerService(  354): Initializing package tracking
V/BackupManagerService(  354): No ancestral data
V/BackupManagerService(  354): addPackageParticipantsLocked: all
I/BackupManagerService(  354): Scheduling backup for new app com.android.calendar
D/BackupManagerService(  354): Now staging backup of com.android.calendar
I/BackupManagerService(  354): Scheduling backup for new app com.android.browser
D/BackupManagerService(  354): Now staging backup of com.android.browser
I/BackupManagerService(  354): Scheduling backup for new app com.android.providers.userdictionary
D/BackupManagerService(  354): Now staging backup of com.android.providers.userdictionary
I/BackupManagerService(  354): Scheduling backup for new app com.android.sharedstoragebackup
D/BackupManagerService(  354): Now staging backup of com.android.sharedstoragebackup
I/BackupManagerService(  354): Scheduling backup for new app android
D/BackupManagerService(  354): Now staging backup of android
I/BackupManagerService(  354): Scheduling backup for new app com.android.dialer
D/BackupManagerService(  354): Now staging backup of com.android.dialer
I/BackupManagerService(  354): Scheduling backup for new app com.android.providers.settings
D/BackupManagerService(  354): Now staging backup of com.android.providers.settings
V/BackupManagerService(  354): Starting with transport android/com.android.internal.backup.LocalTransport
V/BackupManagerService(  354): Found transports: 1
I/BackupManagerService(  354): Binding to transport host ComponentInfo{android/com.android.internal.backup.LocalTransportService}
I/BackupManagerService(  354): Backup enabled => true
I/SystemServer(  354): AppWidget Service
I/SystemServer(  354): Recognition Service
I/SystemServer(  354): DiskStats Service
I/SystemServer(  354): SamplingProfiler Service
I/SystemServer(  354): NetworkTimeUpdateService
I/SystemServer(  354): CommonTimeManagementService
I/SystemServer(  354): CertBlacklister
I/SystemServer(  354): Dreams Service
I/SystemServer(  354): Assets Atlas Service
I/SystemServer(  354): IdleMaintenanceService
I/SystemServer(  354): Print Service
I/SystemServer(  354): Media Router Service
D/Atlas   (  354): Computing best atlas configuration...
D/Atlas   (  354): Running Thread-50
I/WindowManager(  354): SAFE MODE not enabled
D/Atlas   (  354): Found best atlas configuration in 0.09s
D/Atlas   (  354): Loaded configuration: SliceMinArea (768x768) flags=0x2 count=24
E/SQLiteLog(  354): (1) no such table: locksettings
D/gralloc_goldfish(  354): Emulator without GPU emulation detected.
I/LockSettingsService(  354): Migrated lock settings to new location
D/dalvikvm(  354): GC_CONCURRENT freed 332K, 63% free 4956K/13220K, paused 15ms+16ms, total 185ms
D/dalvikvm(  354): WAIT_FOR_CONCURRENT_GC blocked 48ms
D/dalvikvm(  354): WAIT_FOR_CONCURRENT_GC blocked 26ms
I/LockSettingsService(  354): Migrated per-user lock settings to new location
I/Zygote  (  354): Process: zygote socket opened
W/AssetAtlasService(  354): Could not find EGL configuration
D/Atlas   (  354): Rendered atlas in 19.42ms (6.17+13.26ms)
V/KeyguardServiceDelegate(  354): *** Keyguard started
V/KeyguardServiceDelegate(  354): onSystemReady() called before keyguard service was ready
I/ActivityManager(  354): Start proc com.android.systemui for service com.android.keyguard/.KeyguardService: pid=452 uid=10007 gids={50007, 1028, 1015, 1035, 3002, 3001}
F/SystemServer(  354): BOOT FAILURE making Package Manager Service ready
F/SystemServer(  354): java.lang.SecurityException: Unable to find app for caller android.app.ActivityThread$ApplicationThread@b324c240 (pid=354) when registering receiver android.app.LoadedApk$ReceiverDispatcher$InnerReceiver@b305a788
F/SystemServer(  354): 	at com.android.server.am.ActivityManagerService.registerReceiver(ActivityManagerService.java:13021)
F/SystemServer(  354): 	at android.app.ContextImpl.registerReceiverInternal(ContextImpl.java:1450)
F/SystemServer(  354): 	at android.app.ContextImpl.registerReceiverAsUser(ContextImpl.java:1425)
F/SystemServer(  354): 	at com.android.internal.content.PackageMonitor.register(PackageMonitor.java:84)
F/SystemServer(  354): 	at com.android.server.pm.UserManagerService.systemReady(UserManagerService.java:237)
F/SystemServer(  354): 	at com.android.server.pm.PackageManagerService.systemReady(PackageManagerService.java:10476)
F/SystemServer(  354): 	at com.android.server.ServerThread.initAndLoop(SystemServer.java:893)
F/SystemServer(  354): 	at com.android.server.SystemServer.main(SystemServer.java:1179)
F/SystemServer(  354): 	at java.lang.reflect.Method.invokeNative(Native Method)
F/SystemServer(  354): 	at java.lang.reflect.Method.invoke(Method.java:515)
F/SystemServer(  354): 	at com.android.internal.os.ZygoteInit$MethodAndArgsCaller.run(ZygoteInit.java:785)
F/SystemServer(  354): 	at com.android.internal.os.ZygoteInit.main(ZygoteInit.java:601)
F/SystemServer(  354): 	at dalvik.system.NativeStart.main(Native Method)
W/SystemServer(  354): ***********************************************
I/ActivityManager(  354): Sending system update to ComponentInfo{com.android.providers.calendar/com.android.providers.calendar.CalendarUpgradeReceiver} for user 0
I/ActivityManager(  354): Sending system update to ComponentInfo{com.android.providers.contacts/com.android.providers.contacts.ContactsUpgradeReceiver} for user 0
I/ActivityManager(  354): Sending system update to ComponentInfo{com.android.providers.media/com.android.providers.media.MediaUpgradeReceiver} for user 0
I/SystemServer(  354): Enabled StrictMode for system server main thread.
I/ActivityManager(  354): Start proc com.android.providers.calendar for broadcast com.android.providers.calendar/.CalendarUpgradeReceiver: pid=463 uid=10001 gids={50001, 3003, 1028, 1015}
I/Choreographer(  354): Skipped 53 frames!  The application may be doing too much work on its main thread.
W/InputMethodManagerService(  354): Focus gain on non-focused client android.view.inputmethod.InputMethodManager$1@b3093c28 (uid=1000 pid=354)
V/BackupManagerService(  354): Connected to transport ComponentInfo{android/com.android.internal.backup.LocalTransportService}
V/BackupManagerService(  354): Registering transport android/com.android.internal.backup.LocalTransportService::android/com.android.internal.backup.LocalTransport = com.android.internal.backup.LocalTransport@b3311ec0
I/ActivityManager(  354): Launching preboot mode app: ProcessRecord{b34ed698 463:com.android.providers.calendar/u0a1}
E/SoundPool(  452): error loading /system/media/audio/ui/Lock.ogg
W/KeyguardViewMediator(  452): failed to load lock sound from /system/media/audio/ui/Lock.ogg
E/SoundPool(  452): error loading /system/media/audio/ui/Unlock.ogg
W/KeyguardViewMediator(  452): failed to load unlock sound from /system/media/audio/ui/Unlock.ogg
V/KeyguardService(  452): onCreate()
V/KeyguardServiceDelegate(  354): *** Keyguard connected (yay!)
V/KeyguardServiceDelegate(  354): **** SHOWN CALLED ****
I/ActivityManager(  354): Start proc android.process.acore for broadcast com.android.providers.contacts/.ContactsUpgradeReceiver: pid=483 uid=10002 gids={50002, 3003, 1028, 1015}
D/dalvikvm(  354): GC_CONCURRENT freed 334K, 62% free 5113K/13220K, paused 21ms+3ms, total 81ms
I/ActivityManager(  354): Launching preboot mode app: ProcessRecord{b33e4878 483:android.process.acore/u0a2}
I/ContactsUpgradeReceiver(  483): Creating or opening contacts database
I/ContactsDatabaseHelper(  483): Bootstrapping database version: 803
D/dalvikvm(  483): GC_CONCURRENT freed 368K, 14% free 2810K/3244K, paused 4ms+2ms, total 82ms
D/dalvikvm(  483): GC_CONCURRENT freed 329K, 13% free 2878K/3272K, paused 4ms+13ms, total 40ms
I/ContactsProviderV1(  483): Bootstrapping database legacy support
I/ContactsDatabaseHelper(  483): Bootstrapping database version: 803
D/dalvikvm(  483): GC_CONCURRENT freed 338K, 13% free 2930K/3332K, paused 4ms+2ms, total 30ms
I/ContactsProviderV1(  483): Bootstrapping database legacy support
I/ContactsProvider(  483): Locale has changed from null to en_US
I/ContactsDatabaseHelper(  483): Switching to locale en_US (ICU v51.1.0.1)
D/dalvikvm(  483): GC_CONCURRENT freed 344K, 12% free 3013K/3424K, paused 4ms+4ms, total 44ms
I/ContactsDatabaseHelper(  483): Locale change completed in 445ms
I/ContactsDatabaseHelper(  483): Switching to locale en_US (ICU v51.1.0.1)
D/dalvikvm(  483): GC_CONCURRENT freed 354K, 13% free 3055K/3476K, paused 4ms+12ms, total 41ms
I/ContactsDatabaseHelper(  483): Locale change completed in 450ms
I/ActivityManager(  354): Start proc android.process.media for broadcast com.android.providers.media/.MediaUpgradeReceiver: pid=501 uid=10005 gids={50005, 1028, 1015, 1023, 1024, 2001, 3003, 3007}
I/ActivityManager(  354): Launching preboot mode app: ProcessRecord{b30600e8 501:android.process.media/u0a5}
I/ActivityManager(  354): Writing new set of last done pre-boot receivers...
I/ActivityManager(  354): Removing system update proc: ProcessRecord{b34ed698 463:com.android.providers.calendar/u0a1}
I/ActivityManager(  354): Killing 463:com.android.providers.calendar/u0a1 (adj 13): system update done
I/ActivityManager(  354): Removing system update proc: ProcessRecord{b33e4878 483:android.process.acore/u0a2}
I/ActivityManager(  354): Killing 483:android.process.acore/u0a2 (adj 11): system update done
I/ActivityManager(  354): Removing system update proc: ProcessRecord{b30600e8 501:android.process.media/u0a5}
I/ActivityManager(  354): Killing 501:android.process.media/u0a5 (adj 9): system update done
I/ActivityManager(  354): System now ready
I/SystemServer(  354): Making services ready
D/NetworkManagementService(  354): enabling bandwidth control
I/Vold    (   52): /dev/block/vold/179:0 being considered for volume sdcard
D/Vold    (   52): Volume sdcard state changing 1 (Idle-Unmounted) -> 3 (Checking)
D/MountService(  354): volume state changed for /storage/sdcard (unmounted -> checking)
D/MountService(  354): sendStorageIntent Intent { act=android.intent.action.MEDIA_CHECKING dat=file:///storage/sdcard (has extras) } to UserHandle{-1}
D/SystemUIService(  452): loading: class com.android.systemui.recent.Recents
D/SystemUIService(  452): running: com.android.systemui.recent.Recents@b2d4a010
D/SystemUIService(  452): loading: class com.android.systemui.statusbar.SystemBars
D/SystemUIService(  452): running: com.android.systemui.statusbar.SystemBars@b2d4a5f8
D/SystemUIService(  452): loading: class com.android.systemui.usb.StorageNotification
D/SystemUIService(  452): running: com.android.systemui.usb.StorageNotification@b2d4c348
I/fsck_msdos(   52): ** /dev/block/vold/179:0
I/fsck_msdos(   52): Invalid signature in fsinfo block
I/fsck_msdos(   52): FIXED
I/fsck_msdos(   52): ** Phase 1 - Read and Compare FATs
I/fsck_msdos(   52): Attempting to allocate 794 KB for FAT
D/SystemUIService(  452): loading: class com.android.systemui.power.PowerUI
D/SystemUIService(  452): running: com.android.systemui.power.PowerUI@b2d4d9a8
D/SystemUIService(  452): loading: class com.android.systemui.media.RingtonePlayer
D/SystemUIService(  452): running: com.android.systemui.media.RingtonePlayer@b2d4e9e0
D/SystemUIService(  452): loading: class com.android.systemui.settings.SettingsUI
D/SystemUIService(  452): running: com.android.systemui.settings.SettingsUI@b2d4fcc8
D/PhoneStatusBar(  452): mSettingsPanelGravity = 55
I/StatusBarManagerService(  354): registerStatusBar bar=com.android.internal.statusbar.IStatusBar$Stub$Proxy@b33fff08
I/fsck_msdos(   52): Attempting to allocate 794 KB for FAT
I/fsck_msdos(   52): ** Phase 2 - Check Cluster Chains
I/fsck_msdos(   52): ** Phase 3 - Checking Directories
D/dalvikvm(  452): GC_CONCURRENT freed 293K, 12% free 2840K/3196K, paused 52ms+3ms, total 181ms
I/fsck_msdos(   52): ** Phase 4 - Checking for Lost Files
I/fsck_msdos(   52): Free space in FSInfo block (201592) not correct (201591)
I/fsck_msdos(   52): FIXED
I/fsck_msdos(   52): 1 files, 100795 free (201591 clusters)
I/Vold    (   52): Filesystem check completed OK
W/Vold    (   52): blkid failed to identify /dev/block/vold/179:0
D/Vold    (   52): Volume sdcard state changing 3 (Checking) -> 4 (Mounted)
D/MountService(  354): volume state changed for /storage/sdcard (checking -> mounted)
E/VoldConnector(  354): NDC Command {3 volume mount /storage/sdcard} took too long (769ms)
I/PackageManager(  354): Updating external media status from unmounted to mounted
D/MountService(  354): sendStorageIntent Intent { act=android.intent.action.MEDIA_MOUNTED dat=file:///storage/sdcard (has extras) } to UserHandle{-1}
I/PackageManager(  354): No secure containers on sdcard
D/dalvikvm(  452): GC_FOR_ALLOC freed 26K, 8% free 2947K/3196K, paused 73ms, total 75ms
W/PackageManager(  354): Not granting permission android.permission.GLOBAL_SEARCH to package com.android.quicksearchbox (protectionLevel=18 flags=0x88be45)
D/dalvikvm(  354): GC_CONCURRENT freed 421K, 61% free 5240K/13220K, paused 4ms+96ms, total 413ms
W/PackageManager(  354): Unknown permission com.android.smspush.WAPPUSH_MANAGER_BIND in package com.android.phone
W/PackageManager(  354): Unknown permission com.google.android.googleapps.permission.GOOGLE_AUTH in package com.android.providers.calendar
W/PackageManager(  354): Unknown permission com.google.android.googleapps.permission.GOOGLE_AUTH.cl in package com.android.providers.calendar
W/PackageManager(  354): Unknown permission com.google.android.googleapps.permission.GOOGLE_AUTH.mail in package com.android.calendar
W/PackageManager(  354): Not granting permission android.permission.ACCESS_DOWNLOAD_MANAGER to package com.android.browser (protectionLevel=18 flags=0x89be45)
W/PackageManager(  354): Not granting permission android.permission.SEND_DOWNLOAD_COMPLETED_INTENTS to package com.android.browser (protectionLevel=2 flags=0x89be45)
W/PackageManager(  354): Not granting permission android.permission.BIND_APPWIDGET to package com.android.widgetpreview (protectionLevel=18 flags=0x8be44)
W/PackageManager(  354): Unknown permission android.permission.INSTALL_DRM in package com.android.mms
W/PackageManager(  354): Unknown permission com.google.android.googleapps.permission.GOOGLE_AUTH in package com.android.settings
W/PackageManager(  354): Unknown permission com.google.android.googleapps.permission.ACCESS_GOOGLE_PASSWORD in package com.android.development
W/PackageManager(  354): Unknown permission com.google.android.googleapps.permission.GOOGLE_AUTH in package com.android.development
W/PackageManager(  354): Unknown permission com.google.android.googleapps.permission.GOOGLE_AUTH.ALL_SERVICES in package com.android.development
W/PackageManager(  354): Unknown permission com.google.android.googleapps.permission.GOOGLE_AUTH.YouTubeUser in package com.android.development
W/PackageManager(  354): Not granting permission android.permission.DELETE_PACKAGES to package com.svox.pico (protectionLevel=18 flags=0x88be45)
W/PackageManager(  354): Not granting permission android.permission.DEVICE_POWER to package com.android.deskclock (protectionLevel=2 flags=0xc8be45)
E/BluetoothAdapter(  452): Bluetooth binder is null
E/BluetoothAdapter(  452): Bluetooth binder is null
E/BluetoothAdapter(  452): Bluetooth binder is null
D/dalvikvm(  452): GC_CONCURRENT freed 54K, 5% free 3309K/3472K, paused 4ms+51ms, total 111ms
E/BluetoothAdapter(  452): Bluetooth binder is null
I/ActivityManager(  354): Start proc android.process.acore for content provider com.android.providers.contacts/.ContactsProvider2: pid=548 uid=10002 gids={50002, 3003, 1028, 1015}
D/PhoneStatusBar(  452): disable: < expand icons alerts ticker system_info back home recent clock search >
E/BluetoothAdapter(  452): Bluetooth binder is null
E/NetdConnector(  354): NDC Command {1 bandwidth enable} took too long (3235ms)
D/PhoneStatusBar(  452): heads up is disabled
I/Choreographer(  452): Skipped 468 frames!  The application may be doing too much work on its main thread.
D/dalvikvm(  452): GC_CONCURRENT freed 141K, 6% free 3555K/3760K, paused 4ms+4ms, total 126ms
E/NetdConnector(  354): NDC Command {2 firewall disable} took too long (527ms)
I/Choreographer(  452): Skipped 268 frames!  The application may be doing too much work on its main thread.
D/gralloc_goldfish(  452): Emulator without GPU emulation detected.
I/Choreographer(  452): Skipped 54 frames!  The application may be doing too much work on its main thread.
D/dalvikvm(  548): GC_CONCURRENT freed 251K, 10% free 2940K/3256K, paused 4ms+287ms, total 506ms
E/NetdConnector(  354): NDC Command {5 firewall disable} took too long (548ms)
I/ActivityManager(  354): Config changes=200 {1.0 ?mcc?mnc en_US ldltr sw480dp w480dp h839dp 160dpi lrg long port finger -keyb/h/h tball/v s.4}
W/RecognitionManagerService(  354): no available voice recognition services found for user 0
D/PhoneStatusBar(  452): mSettingsPanelGravity = 55
W/AppWidgetServiceImpl(  354): Failed to read state: java.io.FileNotFoundException: /data/system/users/0/appwidgets.xml: open failed: ENOENT (No such file or directory)
W/InputMethodManagerService(  354): Ignoring setImeWindowStatus of uid 1000 token: null
D/dalvikvm(  354): GC_CONCURRENT freed 634K, 61% free 5243K/13220K, paused 12ms+4ms, total 105ms
D/dalvikvm(  354): WAIT_FOR_CONCURRENT_GC blocked 37ms
D/dalvikvm(  354): WAIT_FOR_CONCURRENT_GC blocked 43ms
W/InputMethodUtils(  354): Found no subtypes in a system IME: com.android.inputmethod.pinyin
W/InputMethodManagerService(  354): Reset the default IME as "Resource" is ready here.
W/InputMethodUtils(  354): Found no subtypes in a system IME: com.android.inputmethod.pinyin
I/InputMethodManagerService(  354): Selected default: com.android.inputmethod.latin/.LatinIME
D/dalvikvm(  452): GC_FOR_ALLOC freed 95K, 6% free 3561K/3760K, paused 49ms, total 51ms
I/ActivityManager(  354): Config changes=20 {1.0 ?mcc?mnc en_US ldltr sw480dp w480dp h839dp 160dpi lrg long port finger -keyb/v/h tball/v s.5}
I/ActivityManager(  354): Start proc com.android.inputmethod.latin for service com.android.inputmethod.latin/.LatinIME: pid=591 uid=10029 gids={50029, 1028, 1015}
V/InputMethodManagerService(  354): Adding window token: android.os.Binder@b33faf50
W/GpsLocationProvider(  354): Could not open GPS configuration file /etc/gps.conf
W/InputMethodManagerService(  354): Illegal subtype state: old subtype = null, new subtype = android.view.inputmethod.InputMethodSubtype@c9194f98
W/ServiceWatcher(  354): com.google.android.location not found
W/ServiceWatcher(  354): com.google.android.location not found
W/ServiceWatcher(  354): com.google.android.location not found
W/LocationManagerService(  354): no network location provider found
W/ServiceWatcher(  354): com.google.android.location not found
E/FlpHardwareProvider(  354): Error hw_get_module 'flp': -2
W/ServiceWatcher(  354): com.google.android.location not found
E/FlpHardwareProvider(  354): Error hw_get_module 'flp': -2
W/ServiceWatcher(  354): com.google.android.location not found
E/LocationManagerService(  354): no geocoder provider found
E/LocationManagerService(  354): No FusedProvider found.
I/dalvikvm-heap(  452): Grow heap (frag case) to 6.467MB for 3072016-byte allocation
E/LocationManagerService(  354): no geofence provider found
I/CommonTimeManagementService(  354): No common time service detected on this platform.  Common time services will be unavailable.
I/InputReader(  354): Reconfiguring input devices.  changes=0x00000020
I/InputReader(  354): Reconfiguring input devices.  changes=0x00000010
I/ActivityManager(  354): Start proc com.android.phone for added application com.android.phone: pid=602 uid=1001 gids={41001, 3002, 3001, 3003, 1028, 1015}
I/ActivityManager(  354): START u0 {act=android.intent.action.MAIN cat=[android.intent.category.HOME] flg=0x10000000 cmp=com.android.settings/.CryptKeeper} from pid 0
D/dalvikvm(  452): GC_FOR_ALLOC freed 3K, 4% free 6558K/6764K, paused 146ms, total 146ms
I/ActivityManager(  354): Start proc com.android.settings for activity com.android.settings/.CryptKeeper: pid=610 uid=1000 gids={41000, 1028, 1015, 3002, 3001, 3003}
I/ActivityManager(  354): Start proc android.process.media for broadcast com.android.providers.downloads/.DownloadReceiver: pid=621 uid=10005 gids={50005, 1028, 1015, 1023, 1024, 2001, 3003, 3007}
D/dalvikvm(   58): GC_EXPLICIT freed 38K, 4% free 2705K/2808K, paused 2ms+13ms, total 59ms
D/dalvikvm(   58): GC_EXPLICIT freed <1K, 4% free 2705K/2808K, paused 2ms+2ms, total 43ms
D/dalvikvm(   58): GC_EXPLICIT freed <1K, 4% free 2705K/2808K, paused 12ms+12ms, total 54ms
D/dalvikvm(  452): GC_CONCURRENT freed <1K, 3% free 6563K/6764K, paused 4ms+89ms, total 397ms
D/dalvikvm(  452): GC_FOR_ALLOC freed 3003K, 6% free 3564K/3760K, paused 120ms, total 120ms
I/dalvikvm-heap(  452): Grow heap (frag case) to 6.469MB for 3072016-byte allocation
D/dalvikvm(  354): GC_CONCURRENT freed 553K, 60% free 5328K/13220K, paused 23ms+4ms, total 377ms
D/dalvikvm(  354): WAIT_FOR_CONCURRENT_GC blocked 111ms
D/dalvikvm(  354): WAIT_FOR_CONCURRENT_GC blocked 60ms
D/dalvikvm(  354): WAIT_FOR_CONCURRENT_GC blocked 61ms
D/dalvikvm(  452): GC_FOR_ALLOC freed <1K, 3% free 6563K/6764K, paused 131ms, total 131ms
D/dalvikvm(  452): GC_CONCURRENT freed <1K, 3% free 6564K/6764K, paused 4ms+42ms, total 139ms
I/LatinIME(  591): Hardware accelerated drawing: true
I/ActivityManager(  354): START u0 {act=android.intent.action.MAIN cat=[android.intent.category.HOME] flg=0x10000000 cmp=com.android.sdksetup/.DefaultActivity} from pid 0
I/ActivityManager(  354): Start proc com.android.sdksetup for activity com.android.sdksetup/.DefaultActivity: pid=648 uid=10042 gids={50042}
W/WindowManager(  354): Window freeze timeout expired.
W/WindowManager(  354): Force clearing orientation change: Window{b3583668 u0 StatusBar}
W/WindowManager(  354): Force clearing orientation change: Window{b31dd710 u0 com.android.systemui.ImageWallpaper}
D/PhoneStatusBar(  452): mSettingsPanelGravity = 55
I/ActivityManager(  354): Start proc com.android.printspooler for service com.android.printspooler/.PrintSpoolerService: pid=663 uid=10039 gids={50039}
W/InputAttributes(  591): No editor info for this field. Bug?
V/StatusBar(  452): userId 0 is in the house
I/Choreographer(  452): Skipped 142 frames!  The application may be doing too much work on its main thread.
D/dalvikvm(  591): GC_CONCURRENT freed 224K, 10% free 2890K/3180K, paused 4ms+38ms, total 208ms
I/ResourceUtils(  591): Found default value: resource=keypress_vibration_durations build=[HARDWARE=goldfish MODEL=sdk BRAND=generic MANUFACTURER=unknown] default=-1
I/ResourceUtils(  591): Found default value: resource=keypress_volumes build=[HARDWARE=goldfish MODEL=sdk BRAND=generic MANUFACTURER=unknown] default=-1.0f
I/Choreographer(  452): Skipped 90 frames!  The application may be doing too much work on its main thread.
I/ActivityManager(  354): Force stopping com.android.sdksetup appid=10042 user=0: pkg changed
I/ActivityManager(  354): Killing 648:com.android.sdksetup/u0a42 (adj 0): stop com.android.sdksetup
I/ActivityManager(  354):   Force finishing activity ActivityRecord{b2e525c0 u0 com.android.sdksetup/.DefaultActivity t2}
I/ActivityManager(  354): START u0 {act=android.intent.action.MAIN cat=[android.intent.category.HOME] flg=0x10000000 cmp=com.android.launcher/com.android.launcher2.Launcher} from pid 0
I/PrintSpoolerService(  663): No existing print spooler state.
I/ActivityManager(  354): Start proc com.android.launcher for activity com.android.launcher/com.android.launcher2.Launcher: pid=683 uid=10008 gids={50008}
D/dalvikvm(  354): GC_CONCURRENT freed 582K, 60% free 5405K/13220K, paused 36ms+5ms, total 428ms
D/dalvikvm(  354): WAIT_FOR_CONCURRENT_GC blocked 138ms
D/dalvikvm(  354): WAIT_FOR_CONCURRENT_GC blocked 138ms
I/InputReader(  354): Reconfiguring input devices.  changes=0x00000010
I/LatinIME:LogUtils(  591): Dictionary info: dictionary = personalization.en_US.dict ; version = ? ; date = 1545871517
I/LatinIME:LogUtils(  591): Dictionary info: dictionary = userunigram.en_US.dict ; version = ? ; date = ?
I/LatinIME:LogUtils(  591): Dictionary info: dictionary = UserHistoryDictionary.en_US.dic ; version = ? ; date = 1545871517
I/LatinIME:LogUtils(  591): Dictionary info: dictionary = PersonalizationPredictionDictio ; version = ? ; date = 1545871517
W/BackupManagerService(  354): dataChanged but no participant pkg='com.android.providers.settings' uid=1001
I/PackageManager(  354):   Action: "android.intent.action.SENDTO"
I/PackageManager(  354):   Category: "android.intent.category.DEFAULT"
I/PackageManager(  354):   Scheme: "sms"
I/PackageManager(  354): Adding preferred activity ComponentInfo{com.android.mms/com.android.mms.ui.ComposeMessageActivity} for user 0 :
D/dalvikvm(  602): GC_CONCURRENT freed 179K, 8% free 2928K/3172K, paused 4ms+2ms, total 174ms
D/dalvikvm(  591): GC_CONCURRENT freed 355K, 13% free 2970K/3388K, paused 4ms+2ms, total 41ms
I/PackageManager(  354):   Action: "android.intent.action.SENDTO"
I/PackageManager(  354):   Category: "android.intent.category.DEFAULT"
I/PackageManager(  354):   Scheme: "smsto"
I/PackageManager(  354): Adding preferred activity ComponentInfo{com.android.mms/com.android.mms.ui.ComposeMessageActivity} for user 0 :
I/PackageManager(  354):   Action: "android.intent.action.SENDTO"
I/PackageManager(  354):   Category: "android.intent.category.DEFAULT"
I/PackageManager(  354):   Scheme: "mms"
I/PackageManager(  354): Adding preferred activity ComponentInfo{com.android.mms/com.android.mms.ui.ComposeMessageActivity} for user 0 :
D/dalvikvm(  591): GC_CONCURRENT freed 444K, 17% free 2957K/3528K, paused 4ms+2ms, total 99ms
D/dalvikvm(  591): WAIT_FOR_CONCURRENT_GC blocked 85ms
I/PackageManager(  354):   Action: "android.intent.action.SENDTO"
I/PackageManager(  354):   Category: "android.intent.category.DEFAULT"
I/PackageManager(  354):   Scheme: "mmsto"
I/PackageManager(  354): Adding preferred activity ComponentInfo{com.android.mms/com.android.mms.ui.ComposeMessageActivity} for user 0 :
I/PackageManager(  354):   Action: "android.intent.action.SENDTO"
I/PackageManager(  354):   Category: "android.intent.category.DEFAULT"
I/PackageManager(  354):   Scheme: "sms"
I/PackageManager(  354): Adding preferred activity ComponentInfo{com.android.mms/com.android.mms.ui.ComposeMessageActivity} for user 0 :
D/dalvikvm(  354): GC_CONCURRENT freed 626K, 59% free 5456K/13220K, paused 43ms+30ms, total 236ms
D/dalvikvm(  354): WAIT_FOR_CONCURRENT_GC blocked 71ms
I/PackageManager(  354):   Action: "android.intent.action.SENDTO"
I/PackageManager(  354):   Category: "android.intent.category.DEFAULT"
I/PackageManager(  354):   Scheme: "smsto"
I/PackageManager(  354): Adding preferred activity ComponentInfo{com.android.mms/com.android.mms.ui.ComposeMessageActivity} for user 0 :
I/PackageManager(  354):   Action: "android.intent.action.SENDTO"
I/PackageManager(  354):   Category: "android.intent.category.DEFAULT"
I/PackageManager(  354):   Scheme: "mms"
I/PackageManager(  354): Adding preferred activity ComponentInfo{com.android.mms/com.android.mms.ui.ComposeMessageActivity} for user 0 :
I/PackageManager(  354):   Action: "android.intent.action.SENDTO"
I/PackageManager(  354):   Category: "android.intent.category.DEFAULT"
I/PackageManager(  354):   Scheme: "mmsto"
I/PackageManager(  354): Adding preferred activity ComponentInfo{com.android.mms/com.android.mms.ui.ComposeMessageActivity} for user 0 :
I/LatinIME:LogUtils(  591): Dictionary info: dictionary = main:en ; version = 42 ; date = 1381226429
I/LatinIME:LogUtils(  591): Dictionary info: dictionary = main:en ; version = 42 ; date = 1381226429
E/BluetoothAdapter(  602): Bluetooth binder is null
I/LatinIME:LogUtils(  591): Dictionary info: dictionary = main:en ; version = 42 ; date = 1381226429
I/LatinIME:LogUtils(  591): Dictionary info: dictionary = main:en ; version = 42 ; date = 1381226429
E/BluetoothAdapter(  602): Bluetooth binder is null
I/LatinIME:LogUtils(  591): Dictionary info: dictionary = main:en ; version = 42 ; date = 1381226429
