I/PackageManager(  361): Adding preferred activity ComponentInfo{com.android.mms/com.android.mms.ui.ComposeMessageActivity} for user 0 :
E/AppsCustomizePagedView(  704): Widget ComponentInfo{com.suishouxie.yemdssfhgfekeji/com.suishouxie.yemdssfhgfekeji.widget.WidgetProvider36} can not fit on this device (220, 442)
I/PackageManager(  361):   Action: "android.intent.action.SENDTO"
I/PackageManager(  361):   Category: "android.intent.category.DEFAULT"
I/PackageManager(  361):   Scheme: "mmsto"
I/PackageManager(  361): Adding preferred activity ComponentInfo{com.android.mms/com.android.mms.ui.ComposeMessageActivity} for user 0 :
E/AppsCustomizePagedView(  704): Widget ComponentInfo{com.suishouxie.yemdssfhgfekeji/com.suishouxie.yemdssfhgfekeji.widget.WidgetProvider46} can not fit on this device (294, 442)
E/AppsCustomizePagedView(  704): Widget ComponentInfo{com.suishouxie.yemdssfhgfekeji/com.suishouxie.yemdssfhgfekeji.widget.WidgetProvider55} can not fit on this device (368, 368)
E/BluetoothAdapter(  616): Bluetooth binder is null
D/dalvikvm(  361): GC_EXPLICIT freed 1100K, 53% free 5696K/12056K, paused 24ms+7ms, total 537ms
D/dalvikvm(  361): WAIT_FOR_CONCURRENT_GC blocked 366ms
D/dalvikvm(  361): WAIT_FOR_CONCURRENT_GC blocked 185ms
D/dalvikvm(  361): WAIT_FOR_CONCURRENT_GC blocked 114ms
D/dalvikvm(  361): WAIT_FOR_CONCURRENT_GC blocked 63ms
D/dalvikvm(  361): WAIT_FOR_CONCURRENT_GC blocked 121ms
I/ActivityManager(  361): Start proc com.android.music for broadcast com.android.music/.MediaButtonIntentReceiver: pid=934 uid=10032 gids={50032, 3003, 1028, 1015}
I/dalvikvm(  934): CheckJNI enabled: not enabling JNI app bug workarounds.
D/AndroidRuntime(  821): Shutting down VM
D/dalvikvm(  821): GC_CONCURRENT freed 95K, 16% free 560K/660K, paused 2ms+2ms, total 24ms
I/ActivityManager(  361): Start proc com.android.email for content provider com.android.email/.provider.EmailProvider: pid=946 uid=10024 gids={50024, 3003, 1028, 1015}
D/ActivityThread(  946): Loading provider com.android.email.provider;com.android.email.notifier: com.android.email.provider.EmailProvider
I/ContactDirectoryManager(  559): deleted 0 stale rows which don't have any relevant directory
I/ContactDirectoryManager(  559): Discovered 0 contact directories in 6493ms
I/ContactsProvider(  559): Upgrading aggregation algorithm
I/ContactAggregator(  559): Marked all visible contacts for aggregation: 0 raw contacts, 84 ms
I/ContactsProvider(  559): Aggregation algorithm upgraded for 0 raw contacts in 103ms
W/RecognitionManagerService(  361): no available voice recognition services found for user 0
D/dalvikvm(  559): GC_CONCURRENT freed 248K, 10% free 3074K/3392K, paused 4ms+2ms, total 32ms
V/MediaScanner(  622): pruneDeadThumbnailFiles... android.database.sqlite.SQLiteCursor@b2d83888
V/MediaScanner(  622): /pruneDeadThumbnailFiles... android.database.sqlite.SQLiteCursor@b2d83888
E/logwrapper(  964): executing /system/bin/ip failed: No such file or directory
E/ConnectivityService(  361): Exception trying to add a route: java.lang.IllegalStateException: command '49 interface fwmark exempt add 10.0.2.2/32' failed with '400 49 Failed to add exemption rule (File exists)'
E/logwrapper(  965): executing /system/bin/ip failed: No such file or directory
E/ConnectivityService(  361): Exception trying to add a route: java.lang.IllegalStateException: command '51 interface fwmark exempt add 172.217.23.14/32' failed with '400 51 Failed to add exemption rule (File exists)'
D/ConnectivityService(  361): requestRouteToHostAddress ok=false
D/ConnectivityService(  361): [CheckMp] isMobileOk: could not establish route to hostAddr=clients3.google.com/172.217.23.14
I/ContactsFTS(  559): Rebuild contact search index in 523ms, 0 contacts
D/dalvikvm(  946): GC_CONCURRENT freed 211K, 9% free 2887K/3172K, paused 5ms+5ms, total 47ms
E/BluetoothAdapter(  616): Bluetooth binder is null
I/MediaFocusControl(  361):   Remote Control   registerMediaButtonIntent() for PendingIntent{b2fa67a0: PendingIntentRecord{b3424b20 com.android.music broadcastIntent}}
I/ActivityManager(  361): Start proc com.android.calendar for broadcast com.android.calendar/.widget.CalendarAppWidgetService$CalendarFactory: pid=968 uid=10016 gids={50016, 3003}
D/ExtensionsFactory(  968): No custom extensions.
I/ActivityManager(  361): Start proc com.android.deskclock for broadcast com.android.deskclock/.AlarmInitReceiver: pid=987 uid=10020 gids={50020, 1028}
D/dalvikvm(   58): WAIT_FOR_CONCURRENT_GC blocked 1ms
I/ActivityManager(  361): Start proc com.android.providers.calendar for content provider com.android.providers.calendar/.CalendarProvider2: pid=992 uid=10001 gids={50001, 3003, 1028, 1015}
D/dalvikvm(   58): GC_EXPLICIT freed 40K, 4% free 2705K/2816K, paused 2ms+2ms, total 49ms
D/dalvikvm(   58): GC_EXPLICIT freed <1K, 4% free 2705K/2816K, paused 2ms+3ms, total 44ms
D/dalvikvm(   58): GC_EXPLICIT freed <1K, 4% free 2705K/2816K, paused 13ms+2ms, total 54ms
V/AlarmClock(  987): AlarmInitReceiver android.intent.action.TIMEZONE_CHANGED
I/CalendarDatabaseHelper(  992): Bootstrapping database
I/AlarmClock(  987): Alarms Table created
I/AlarmClock(  987): Instance table created
I/AlarmClock(  987): Cities table created
I/AlarmClock(  987): Inserting default alarms
I/AlarmClock(  987): Displaying next alarm time: ''
W/BackupManagerService(  361): dataChanged but no participant pkg='com.android.providers.settings' uid=10020
V/AlarmClock(  987): AlarmInitReceiver finished
E/BluetoothAdapter(  616): Bluetooth binder is null
I/ActivityManager(  361): Start proc com.android.dialer for broadcast com.android.dialer/.calllog.CallLogReceiver: pid=1013 uid=10004 gids={50004, 3003, 1028, 1015}
I/CalendarProvider2(  992): Created com.android.providers.calendar.CalendarAlarmManager@b2db5818(com.android.providers.calendar.CalendarProvider2@b2da1ef0)
W/ActivityManager(  361): Unable to start service Intent { cmp=com.android.email/.service.AttachmentDownloadService } U=0: not found
D/ExtensionsFactory( 1013): No custom extensions.
I/ActivityManager(  361): Delay finish: com.android.phone/.OtaStartupReceiver
W/ActivityManager(  361): Unable to start service Intent { cmp=com.android.email/.service.AttachmentDownloadService } U=0: not found
I/Email   (  946): Observing account changes for notifications
I/ActivityManager(  361): Resuming delayed broadcast
E/BluetoothAdapter(  361): Bluetooth binder is null
E/BluetoothAdapter(  361): Bluetooth binder is null
V/WiredAccessoryManager(  361): init()
I/PowerManagerService(  361): Boot animation finished.
E/SoundPool(  361): error loading /system/media/audio/ui/Effect_Tick.ogg
W/AudioService(  361): Soundpool could not load file: /system/media/audio/ui/Effect_Tick.ogg
E/SoundPool(  361): error loading /system/media/audio/ui/Effect_Tick.ogg
W/AudioService(  361): Soundpool could not load file: /system/media/audio/ui/Effect_Tick.ogg
E/SoundPool(  361): error loading /system/media/audio/ui/Effect_Tick.ogg
W/AudioService(  361): Soundpool could not load file: /system/media/audio/ui/Effect_Tick.ogg
E/SoundPool(  361): error loading /system/media/audio/ui/Effect_Tick.ogg
W/AudioService(  361): Soundpool could not load file: /system/media/audio/ui/Effect_Tick.ogg
E/SoundPool(  361): error loading /system/media/audio/ui/Effect_Tick.ogg
W/AudioService(  361): Soundpool could not load file: /system/media/audio/ui/Effect_Tick.ogg
E/SoundPool(  361): error loading /system/media/audio/ui/KeypressStandard.ogg
W/AudioService(  361): Soundpool could not load file: /system/media/audio/ui/KeypressStandard.ogg
E/SoundPool(  361): error loading /system/media/audio/ui/KeypressSpacebar.ogg
W/AudioService(  361): Soundpool could not load file: /system/media/audio/ui/KeypressSpacebar.ogg
E/SoundPool(  361): error loading /system/media/audio/ui/KeypressDelete.ogg
W/AudioService(  361): Soundpool could not load file: /system/media/audio/ui/KeypressDelete.ogg
E/SoundPool(  361): error loading /system/media/audio/ui/KeypressReturn.ogg
W/AudioService(  361): Soundpool could not load file: /system/media/audio/ui/KeypressReturn.ogg
E/SoundPool(  361): error loading /system/media/audio/ui/KeypressInvalid.ogg
W/AudioService(  361): Soundpool could not load file: /system/media/audio/ui/KeypressInvalid.ogg
W/AudioService(  361): onLoadSoundEffects(), Error -1 while loading samples
D/dalvikvm(  361): GC_CONCURRENT freed 599K, 52% free 5810K/12056K, paused 6ms+6ms, total 81ms
I/RecoverySystem(  361): No recovery log file
I/BootReceiver(  361): Copying audit failures to DropBox
I/BootReceiver(  361): Checking for fsck errors
D/ConnectivityService(  361): [CheckMp] isMobileOk: too many loops tried - giving up
D/ConnectivityService(  361): [CheckMp] isMobileOk: X loops|timed out result=0
D/ConnectivityService(  361): [CheckMp] isMobileOk: F stop hipri
D/MobileDataStateTracker(  361): default: setEnableFailFastMobileData(enabled=0)
D/ConnectivityService(  361): stopUsingNetworkFeature: teardown net 0: enableHIPRI
D/MobileDataStateTracker(  361): hipri: Broadcast received: android.intent.action.ANY_DATA_STATE apnType=hipri
D/MobileDataStateTracker(  361): hipri: Received state=DISCONNECTED, old=CONNECTED, reason=dataDisabled
D/MobileDataStateTracker(  361): hipri: setDetailed state, old =CONNECTED and new state=DISCONNECTED
D/ConnectivityService(  361): ConnectivityChange for mobile_hipri: DISCONNECTED/DISCONNECTED
E/logwrapper( 1036): executing /system/bin/ip failed: No such file or directory
E/SecondaryTablController(   54): ip route del failed: /system/bin/ip route del 10.0.2.2/32 via 0.0.0.0 dev eth0 table 60
W/FrameworkListener(   54): Handler 'interface' error (No such device)
E/logwrapper( 1037): executing /system/bin/ip failed: No such file or directory
E/SecondaryTablController(   54): ip route del failed: /system/bin/ip route del 0.0.0.0/0 via 10.0.2.2 dev eth0 table 60
W/FrameworkListener(   54): Handler 'interface' error (No such device)
D/Nat464Xlat(  361): requiresClat: netType=5, hasIPv4Address=true
D/MobileDataStateTracker(  361): default: setPolicyDataEnable(enabled=true)
D/dalvikvm(  612): GC_CONCURRENT freed 462K, 15% free 3295K/3852K, paused 2ms+3ms, total 258ms
I/CalendarProvider2(  992): Sending notification intent: Intent { act=android.intent.action.PROVIDER_CHANGED dat=content://com.android.calendar }
W/ContentResolver(  992): Failed to get type for: content://com.android.calendar (Unknown URL content://com.android.calendar)
D/dalvikvm(  361): GC_CONCURRENT freed 791K, 53% free 5696K/12056K, paused 6ms+4ms, total 166ms
I/ActivityManager(  361): Delay finish: com.android.providers.media/.MediaScannerReceiver
I/ActivityManager(  361): Resuming delayed broadcast
E/NetdConnector(  361): NDC Command {59 bandwidth removeiquota eth0} took too long (1052ms)
I/ActivityManager(  361): Start proc com.android.mms for broadcast com.android.mms/.transaction.MmsSystemEventReceiver: pid=1054 uid=10009 gids={50009, 3003, 1028, 1015}
E/NetdConnector(  361): NDC Command {60 bandwidth gettetherstats} took too long (938ms)
D/CountryDetector(  361): The first listener is added
V/MmsConfig( 1054): mnc/mcc: 310260
V/MmsConfig( 1054): tag: bool value: enabledMMS - true
V/MmsConfig( 1054): tag: int value: maxMessageSize - 307200
V/MmsConfig( 1054): tag: int value: maxImageHeight - 480
V/MmsConfig( 1054): tag: int value: maxImageWidth - 640
V/MmsConfig( 1054): tag: int value: defaultSMSMessagesPerThread - 10000
V/MmsConfig( 1054): tag: int value: defaultMMSMessagesPerThread - 1000
V/MmsConfig( 1054): tag: int value: minMessageCountPerThread - 10
V/MmsConfig( 1054): tag: int value: maxMessageCountPerThread - 5000
V/MmsConfig( 1054): tag: string value: uaProfUrl - http://www.google.com/oha/rdf/ua-profile-kila.xml
V/MmsConfig( 1054): tag: int value: recipientLimit - -1
V/MmsConfig( 1054): tag: bool value: enableMultipartSMS - true
V/MmsConfig( 1054): tag: int value: smsToMmsTextThreshold - -1
V/MmsConfig( 1054): tag: bool value: enableSlideDuration - true
V/MmsConfig( 1054): tag: int value: maxMessageTextSize - -1
I/MediaProvider(  622): Upgrading media database from version 0 to 700, which will destroy all old data
D/Tethering(  361): MasterInitialState.processMessage what=3
D/CaptivePortalTracker(  361): NoActiveNetworkState{ when=-15ms what=1 obj=NetworkInfo: type: mobile_hipri[UMTS], state: DISCONNECTED/DISCONNECTED, reason: dataDisabled, extra: epc.tmobile.com, roaming: false, failover: false, isAvailable: true, isConnectedToProvisioningNetwork: false target=com.android.internal.util.StateMachine$SmHandler }
D/CaptivePortalTracker(  361): NoActiveNetworkState not a wifi connectivity change, ignore
D/Tethering(  361): MasterInitialState.processMessage what=3
D/CaptivePortalTracker(  361): NoActiveNetworkState{ when=-2ms what=1 obj=NetworkInfo: type: mobile[UMTS], state: CONNECTED/CONNECTED, reason: connected, extra: epc.tmobile.com, roaming: false, failover: false, isAvailable: true, isConnectedToProvisioningNetwork: false target=com.android.internal.util.StateMachine$SmHandler }
D/CaptivePortalTracker(  361): NoActiveNetworkState not a wifi connectivity change, ignore
E/NetdConnector(  361): NDC Command {61 bandwidth setiquota eth0 9223372036854775807} took too long (1971ms)
D/MobileDataStateTracker(  361): default: setPolicyDataEnable(enabled=true)
D/dalvikvm(  361): GC_CONCURRENT freed 631K, 53% free 5716K/12056K, paused 34ms+12ms, total 174ms
E/NetdConnector(  361): NDC Command {62 bandwidth removeiquota eth0} took too long (970ms)
D/dalvikvm(  361): GC_CONCURRENT freed 635K, 53% free 5710K/12056K, paused 38ms+4ms, total 167ms
D/ConnectivityService(  361): [CheckMp] isMobileOk: X result=0
D/ConnectivityService(  361): [CheckMp] onPostExecute: result=0
D/ConnectivityService(  361): CheckMp.onComplete: result=0
D/ConnectivityService(  361): CheckMp.onComplete: ignore, connected or no connection
E/SQLiteLog(  622): (1) no such table: files
W/ProcessCpuTracker(  361): Skipping unknown process pid 1112
E/WVMExtractor(   60): Failed to open libwvm.so
E/NetdConnector(  361): NDC Command {63 bandwidth setiquota eth0 9223372036854775807} took too long (1594ms)
D/MobileDataStateTracker(  361): default: setPolicyDataEnable(enabled=true)
D/MobileDataStateTracker(  361): default: setPolicyDataEnable(enabled=true)
I/ActivityManager(  361): Delay finish: com.android.mms/.transaction.MmsSystemEventReceiver
D/dalvikvm(  622): GC_CONCURRENT freed 246K, 10% free 3033K/3348K, paused 10ms+24ms, total 63ms
D/Mms:app ( 1054): cancelNotification
I/ActivityManager(  361): Resuming delayed broadcast
I/ActivityManager(  361): Delay finish: com.android.mms/.transaction.SmsReceiver
D/MmsSmsDatabaseHelper(  612): [MmsSmsDb] tableName: threads hasAutoIncrement: CREATE TABLE threads (_id INTEGER PRIMARY KEY AUTOINCREMENT,date INTEGER DEFAULT 0,message_count INTEGER DEFAULT 0,recipient_ids TEXT,snippet TEXT,snippet_cs INTEGER DEFAULT 0,read INTEGER DEFAULT 1,type INTEGER DEFAULT 0,error INTEGER DEFAULT 0,has_attachment INTEGER DEFAULT 0) result: true
D/MmsSmsDatabaseHelper(  612): [MmsSmsDb] tableName: canonical_addresses hasAutoIncrement: CREATE TABLE canonical_addresses (_id INTEGER PRIMARY KEY AUTOINCREMENT,address TEXT) result: true
D/MmsSmsDatabaseHelper(  612): [MmsSmsDb] tableName: part hasAutoIncrement: CREATE TABLE part (_id INTEGER PRIMARY KEY AUTOINCREMENT,mid INTEGER,seq INTEGER DEFAULT 0,ct TEXT,name TEXT,chset INTEGER,cd TEXT,fn TEXT,cid TEXT,cl TEXT,ctt_s INTEGER,ctt_t TEXT,_data TEXT,text TEXT) result: true
D/MmsSmsDatabaseHelper(  612): [MmsSmsDb] tableName: pdu hasAutoIncrement: CREATE TABLE pdu (_id INTEGER PRIMARY KEY AUTOINCREMENT,thread_id INTEGER,date INTEGER,date_sent INTEGER DEFAULT 0,msg_box INTEGER,read INTEGER DEFAULT 0,m_id TEXT,sub TEXT,sub_cs INTEGER,ct_t TEXT,ct_l TEXT,exp INTEGER,m_cls TEXT,m_type INTEGER,v INTEGER,m_size INTEGER,pri INTEGER,rr INTEGER,rpt_a INTEGER,resp_st INTEGER,st INTEGER,tr_id TEXT,retr_st INTEGER,retr_txt TEXT,retr_txt_cs INTEGER,read_status INTEGER,ct_cls INTEGER,resp_txt TEXT,d_tm INTEGER,d_rpt INTEGER,locked INTEGER DEFAULT 0,seen INTEGER DEFAULT 0,text_only INTEGER DEFAULT 0) result: true
D/MmsSmsDatabaseHelper(  612): [getWritableDatabase] hasAutoIncrementThreads: true hasAutoIncrementAddresses: true hasAutoIncrementPart: true hasAutoIncrementPdu: true
D/Mms:app ( 1054): cancelNotification
I/ActivityManager(  361): Resuming delayed broadcast
D/AlertReceiver(  968): onReceive: a=android.intent.action.BOOT_COMPLETED Intent { act=android.intent.action.BOOT_COMPLETED flg=0x8000010 cmp=com.android.calendar/.alerts.AlertReceiver (has extras) }
V/MediaScanner(  622): pruneDeadThumbnailFiles... android.database.sqlite.SQLiteCursor@b2e0f4c8
V/MediaScanner(  622): /pruneDeadThumbnailFiles... android.database.sqlite.SQLiteCursor@b2e0f4c8
I/ActivityManager(  361): Delay finish: com.android.calendar/.alerts.AlertReceiver
D/AlertUtils(  968): Flushing old alerts from shared prefs table
I/ActivityManager(  361): Resuming delayed broadcast
V/AlarmClock(  987): AlarmInitReceiver android.intent.action.BOOT_COMPLETED
D/AlertService(  968): 0 Action = android.intent.action.BOOT_COMPLETED
D/AlertService(  968): Scheduling next alarm with AlarmScheduler. sEventReminderReceived: null
V/AlarmClock(  987): AlarmInitReceiver - Reset timers and clear stopwatch data
V/AlarmClock(  987): AlarmInitReceiver - resetting volume button default
I/AlarmClock(  987): Displaying next alarm time: ''
D/dalvikvm(  987): GC_CONCURRENT freed 376K, 14% free 2818K/3268K, paused 23ms+3ms, total 110ms
V/AlarmClock(  987): AlarmInitReceiver finished
I/ActivityManager(  361): Delay finish: com.android.deskclock/.AlarmInitReceiver
D/dalvikvm(  968): GC_CONCURRENT freed 307K, 12% free 2805K/3184K, paused 22ms+2ms, total 243ms
D/AlarmScheduler(  968): No events found starting within 1 week.
I/ActivityManager(  361): Resuming delayed broadcast
I/ActivityManager(  361): Delay finish: com.android.email/.service.EmailUpgradeBroadcastReceiver
E/MetadataRetrieverClient(   60): failed to extract an album art
I/ActivityManager(  361): Resuming delayed broadcast
I/ActivityManager(  361): Delay finish: com.android.email/.service.EmailBroadcastReceiver
I/Email   (  946): Onetime initialization: 1
I/Email   (  946): Onetime initialization: 2
I/Email   (  946): Onetime initialization: completed.
I/ActivityManager(  361): Delaying start of: ServiceRecord{b35bf358 u0 com.android.exchange/.service.EmailSyncAdapterService}
I/ActivityManager(  361): Resuming delayed broadcast
I/LauncherIconVisibilityManager(  600): Boot has been completed
I/LauncherIconVisibilityManager(  600): Disable activity: ComponentInfo{com.android.inputmethod.latin/com.android.inputmethod.latin.setup.SetupActivity}
D/dalvikvm(  361): GC_CONCURRENT freed 561K, 52% free 5789K/12056K, paused 14ms+5ms, total 132ms
E/BluetoothAdapter(  616): Bluetooth binder is null
I/ActivityManager(  361): Delay finish: com.android.settings/.widget.SettingsAppWidgetProvider
I/ActivityManager(  361): Resuming delayed broadcast
D/dalvikvm( 1054): GC_CONCURRENT freed 232K, 10% free 2881K/3180K, paused 4ms+2ms, total 227ms
E/StrictMode( 1054): A resource was acquired at attached stack trace but never released. See java.io.Closeable for information on avoiding resource leaks.
E/StrictMode( 1054): java.lang.Throwable: Explicit termination method 'release' not called
E/StrictMode( 1054): 	at dalvik.system.CloseGuard.open(CloseGuard.java:184)
E/StrictMode( 1054): 	at android.drm.DrmManagerClient.<init>(DrmManagerClient.java:258)
E/StrictMode( 1054): 	at com.google.android.mms.pdu.PduPersister.<init>(PduPersister.java:288)
E/StrictMode( 1054): 	at com.google.android.mms.pdu.PduPersister.getPduPersister(PduPersister.java:296)
E/StrictMode( 1054): 	at com.android.mms.transaction.TransactionService.onNewIntent(TransactionService.java:224)
E/StrictMode( 1054): 	at com.android.mms.transaction.TransactionService$ServiceHandler.handleMessage(TransactionService.java:621)
E/StrictMode( 1054): 	at android.os.Handler.dispatchMessage(Handler.java:102)
E/StrictMode( 1054): 	at android.os.Looper.loop(Looper.java:136)
E/StrictMode( 1054): 	at android.os.HandlerThread.run(HandlerThread.java:61)
I/ActivityManager(  361): Delay finish: com.android.deskclock/com.android.alarmclock.AnalogAppWidgetProvider
I/ActivityManager(  361): Resuming delayed broadcast
W/BroadcastQueue(  361): Permission Denial: broadcasting Intent { act=android.appwidget.action.APPWIDGET_UPDATE_OPTIONS flg=0x10 cmp=com.android.settings/.widget.SettingsAppWidgetProvider (has extras) } from android (pid=704, uid=10008) is not exported from uid 1000 due to receiver com.android.settings/.widget.SettingsAppWidgetProvider
I/ActivityManager(  361): Start proc com.svox.pico for broadcast com.svox.pico/.VoiceDataInstallerReceiver: pid=1141 uid=10037 gids={50037, 1028, 1015}
E/BluetoothAdapter(  616): Bluetooth binder is null
D/AlertReceiver(  968): onReceive: a=android.intent.action.PROVIDER_CHANGED Intent { act=android.intent.action.PROVIDER_CHANGED dat=content://com.android.calendar flg=0x10 cmp=com.android.calendar/.alerts.AlertReceiver }
I/ActivityManager(  361): Delay finish: com.android.calendar/.alerts.AlertReceiver
D/AlertService(  968): 0 Action = android.intent.action.PROVIDER_CHANGED
I/InputReader(  361): Reconfiguring input devices.  changes=0x00000010
I/InputReader(  361): Reconfiguring input devices.  changes=0x00000010
I/InputReader(  361): Reconfiguring input devices.  changes=0x00000010
I/PackageManager(  361):   Action: "android.intent.action.SENDTO"
I/PackageManager(  361):   Category: "android.intent.category.DEFAULT"
I/PackageManager(  361):   Scheme: "sms"
I/PackageManager(  361): Adding preferred activity ComponentInfo{com.android.mms/com.android.mms.ui.ComposeMessageActivity} for user 0 :
I/PackageManager(  361):   Action: "android.intent.action.SENDTO"
I/PackageManager(  361):   Category: "android.intent.category.DEFAULT"
I/PackageManager(  361):   Scheme: "smsto"
I/PackageManager(  361): Adding preferred activity ComponentInfo{com.android.mms/com.android.mms.ui.ComposeMessageActivity} for user 0 :
I/PackageManager(  361):   Action: "android.intent.action.SENDTO"
I/PackageManager(  361):   Category: "android.intent.category.DEFAULT"
I/PackageManager(  361):   Scheme: "mms"
I/PackageManager(  361): Adding preferred activity ComponentInfo{com.android.mms/com.android.mms.ui.ComposeMessageActivity} for user 0 :
I/PackageManager(  361):   Action: "android.intent.action.SENDTO"
I/PackageManager(  361):   Category: "android.intent.category.DEFAULT"
I/PackageManager(  361):   Scheme: "mmsto"
I/PackageManager(  361): Adding preferred activity ComponentInfo{com.android.mms/com.android.mms.ui.ComposeMessageActivity} for user 0 :
E/AppsCustomizePagedView(  704): Widget ComponentInfo{com.suishouxie.yemdssfhgfekeji/com.suishouxie.yemdssfhgfekeji.widget.WidgetProvider36} can not fit on this device (220, 442)
I/PackageManager(  361):   Action: "android.intent.action.SENDTO"
I/PackageManager(  361):   Category: "android.intent.category.DEFAULT"
I/PackageManager(  361):   Scheme: "sms"
I/PackageManager(  361): Adding preferred activity ComponentInfo{com.android.mms/com.android.mms.ui.ComposeMessageActivity} for user 0 :
D/dalvikvm(  612): GC_CONCURRENT freed 334K, 12% free 3408K/3848K, paused 41ms+3ms, total 72ms
D/dalvikvm(  361): GC_CONCURRENT freed 682K, 52% free 5882K/12056K, paused 32ms+5ms, total 197ms
D/dalvikvm(  361): WAIT_FOR_CONCURRENT_GC blocked 69ms
I/PackageManager(  361):   Action: "android.intent.action.SENDTO"
I/PackageManager(  361):   Category: "android.intent.category.DEFAULT"
I/PackageManager(  361):   Scheme: "smsto"
I/PackageManager(  361): Adding preferred activity ComponentInfo{com.android.mms/com.android.mms.ui.ComposeMessageActivity} for user 0 :
E/AppsCustomizePagedView(  704): Widget ComponentInfo{com.suishouxie.yemdssfhgfekeji/com.suishouxie.yemdssfhgfekeji.widget.WidgetProvider46} can not fit on this device (294, 442)
E/AppsCustomizePagedView(  704): Widget ComponentInfo{com.suishouxie.yemdssfhgfekeji/com.suishouxie.yemdssfhgfekeji.widget.WidgetProvider55} can not fit on this device (368, 368)
I/PackageManager(  361):   Action: "android.intent.action.SENDTO"
I/PackageManager(  361): Adding preferred activity ComponentInfo{com.android.mms/com.android.mms.ui.ComposeMessageActivity} for user 0 :
I/PackageManager(  361):   Category: "android.intent.category.DEFAULT"
I/PackageManager(  361):   Scheme: "mms"
I/PackageManager(  361):   Action: "android.intent.action.SENDTO"
I/PackageManager(  361):   Category: "android.intent.category.DEFAULT"
I/PackageManager(  361): Adding preferred activity ComponentInfo{com.android.mms/com.android.mms.ui.ComposeMessageActivity} for user 0 :
I/PackageManager(  361):   Scheme: "mmsto"
I/PackageManager(  361):   Action: "android.intent.action.SENDTO"
I/PackageManager(  361):   Category: "android.intent.category.DEFAULT"
I/PackageManager(  361):   Scheme: "sms"
I/PackageManager(  361): Adding preferred activity ComponentInfo{com.android.mms/com.android.mms.ui.ComposeMessageActivity} for user 0 :
E/AppsCustomizePagedView(  704): Widget ComponentInfo{com.suishouxie.yemdssfhgfekeji/com.suishouxie.yemdssfhgfekeji.widget.WidgetProvider36} can not fit on this device (220, 442)
E/AppsCustomizePagedView(  704): Widget ComponentInfo{com.suishouxie.yemdssfhgfekeji/com.suishouxie.yemdssfhgfekeji.widget.WidgetProvider46} can not fit on this device (294, 442)
E/AppsCustomizePagedView(  704): Widget ComponentInfo{com.suishouxie.yemdssfhgfekeji/com.suishouxie.yemdssfhgfekeji.widget.WidgetProvider55} can not fit on this device (368, 368)
I/PackageManager(  361):   Action: "android.intent.action.SENDTO"
I/PackageManager(  361):   Category: "android.intent.category.DEFAULT"
I/PackageManager(  361):   Scheme: "smsto"
I/PackageManager(  361): Adding preferred activity ComponentInfo{com.android.mms/com.android.mms.ui.ComposeMessageActivity} for user 0 :
I/PackageManager(  361):   Action: "android.intent.action.SENDTO"
I/PackageManager(  361):   Category: "android.intent.category.DEFAULT"
I/PackageManager(  361):   Scheme: "mms"
I/PackageManager(  361): Adding preferred activity ComponentInfo{com.android.mms/com.android.mms.ui.ComposeMessageActivity} for user 0 :
D/dalvikvm(  612): GC_CONCURRENT freed 501K, 16% free 3361K/3968K, paused 8ms+2ms, total 51ms
I/PackageManager(  361):   Action: "android.intent.action.SENDTO"
I/PackageManager(  361):   Category: "android.intent.category.DEFAULT"
I/PackageManager(  361):   Scheme: "mmsto"
I/PackageManager(  361): Adding preferred activity ComponentInfo{com.android.mms/com.android.mms.ui.ComposeMessageActivity} for user 0 :
I/PackageManager(  361):   Action: "android.intent.action.SENDTO"
I/PackageManager(  361):   Category: "android.intent.category.DEFAULT"
I/PackageManager(  361):   Scheme: "sms"
I/PackageManager(  361): Adding preferred activity ComponentInfo{com.android.mms/com.android.mms.ui.ComposeMessageActivity} for user 0 :
D/dalvikvm(  361): GC_CONCURRENT freed 847K, 52% free 5825K/12056K, paused 15ms+5ms, total 105ms
D/dalvikvm(  361): WAIT_FOR_CONCURRENT_GC blocked 38ms
I/PackageManager(  361):   Action: "android.intent.action.SENDTO"
I/PackageManager(  361):   Category: "android.intent.category.DEFAULT"
I/PackageManager(  361):   Scheme: "smsto"
I/PackageManager(  361): Adding preferred activity ComponentInfo{com.android.mms/com.android.mms.ui.ComposeMessageActivity} for user 0 :
I/PackageManager(  361):   Action: "android.intent.action.SENDTO"
I/PackageManager(  361):   Category: "android.intent.category.DEFAULT"
I/PackageManager(  361):   Scheme: "mms"
I/PackageManager(  361): Adding preferred activity ComponentInfo{com.android.mms/com.android.mms.ui.ComposeMessageActivity} for user 0 :
E/AppsCustomizePagedView(  704): Widget ComponentInfo{com.suishouxie.yemdssfhgfekeji/com.suishouxie.yemdssfhgfekeji.widget.WidgetProvider36} can not fit on this device (220, 442)
I/PackageManager(  361):   Action: "android.intent.action.SENDTO"
I/PackageManager(  361):   Category: "android.intent.category.DEFAULT"
I/PackageManager(  361):   Scheme: "mmsto"
I/PackageManager(  361): Adding preferred activity ComponentInfo{com.android.mms/com.android.mms.ui.ComposeMessageActivity} for user 0 :
E/AppsCustomizePagedView(  704): Widget ComponentInfo{com.suishouxie.yemdssfhgfekeji/com.suishouxie.yemdssfhgfekeji.widget.WidgetProvider46} can not fit on this device (294, 442)
E/AppsCustomizePagedView(  704): Widget ComponentInfo{com.suishouxie.yemdssfhgfekeji/com.suishouxie.yemdssfhgfekeji.widget.WidgetProvider55} can not fit on this device (368, 368)
D/dalvikvm(  612): GC_CONCURRENT freed 416K, 15% free 3390K/3968K, paused 4ms+5ms, total 35ms
I/PackageManager(  361):   Action: "android.intent.action.SENDTO"
I/PackageManager(  361):   Category: "android.intent.category.DEFAULT"
I/PackageManager(  361):   Scheme: "sms"
I/PackageManager(  361): Adding preferred activity ComponentInfo{com.android.mms/com.android.mms.ui.ComposeMessageActivity} for user 0 :
I/PackageManager(  361): Adding preferred activity ComponentInfo{com.android.mms/com.android.mms.ui.ComposeMessageActivity} for user 0 :
I/PackageManager(  361):   Action: "android.intent.action.SENDTO"
I/PackageManager(  361):   Category: "android.intent.category.DEFAULT"
I/PackageManager(  361):   Scheme: "smsto"
I/PackageManager(  361):   Action: "android.intent.action.SENDTO"
I/PackageManager(  361):   Category: "android.intent.category.DEFAULT"
I/PackageManager(  361):   Scheme: "mms"
I/PackageManager(  361): Adding preferred activity ComponentInfo{com.android.mms/com.android.mms.ui.ComposeMessageActivity} for user 0 :
I/PackageManager(  361):   Action: "android.intent.action.SENDTO"
I/PackageManager(  361):   Category: "android.intent.category.DEFAULT"
I/PackageManager(  361):   Scheme: "mmsto"
I/PackageManager(  361): Adding preferred activity ComponentInfo{com.android.mms/com.android.mms.ui.ComposeMessageActivity} for user 0 :
I/PackageManager(  361):   Action: "android.intent.action.SENDTO"
I/PackageManager(  361):   Category: "android.intent.category.DEFAULT"
I/PackageManager(  361):   Scheme: "sms"
I/PackageManager(  361): Adding preferred activity ComponentInfo{com.android.mms/com.android.mms.ui.ComposeMessageActivity} for user 0 :
D/dalvikvm(  361): GC_CONCURRENT freed 772K, 52% free 5837K/12056K, paused 16ms+20ms, total 152ms
D/dalvikvm(  361): WAIT_FOR_CONCURRENT_GC blocked 52ms
D/dalvikvm(  361): WAIT_FOR_CONCURRENT_GC blocked 10ms
I/PackageManager(  361):   Action: "android.intent.action.SENDTO"
I/PackageManager(  361):   Category: "android.intent.category.DEFAULT"
I/PackageManager(  361):   Scheme: "smsto"
I/PackageManager(  361): Adding preferred activity ComponentInfo{com.android.mms/com.android.mms.ui.ComposeMessageActivity} for user 0 :
D/dalvikvm(  612): GC_CONCURRENT freed 390K, 15% free 3393K/3968K, paused 4ms+2ms, total 44ms
I/PackageManager(  361):   Action: "android.intent.action.SENDTO"
I/PackageManager(  361):   Category: "android.intent.category.DEFAULT"
I/PackageManager(  361):   Scheme: "mms"
I/PackageManager(  361): Adding preferred activity ComponentInfo{com.android.mms/com.android.mms.ui.ComposeMessageActivity} for user 0 :
I/PackageManager(  361):   Action: "android.intent.action.SENDTO"
I/PackageManager(  361):   Category: "android.intent.category.DEFAULT"
I/PackageManager(  361):   Scheme: "mmsto"
I/PackageManager(  361): Adding preferred activity ComponentInfo{com.android.mms/com.android.mms.ui.ComposeMessageActivity} for user 0 :
I/ActivityManager(  361): Waited long enough for: ServiceRecord{b3408f08 u0 com.android.music/.MediaPlaybackService}
I/ActivityManager(  361): Resuming delayed broadcast
I/ActivityManager(  361): Delay finish: com.android.mms/.transaction.SmsReceiver
V/SmsReceiverService( 1054): onStart: #1 mResultCode: -1 = Activity.RESULT_OK
I/ActivityManager(  361): Resuming delayed broadcast
D/dalvikvm(  361): GC_CONCURRENT freed 763K, 53% free 5760K/12056K, paused 6ms+5ms, total 83ms
D/MobileDataStateTracker(  361): default: setPolicyDataEnable(enabled=true)
I/ActivityManager(  361): Delay finish: com.android.providers.calendar/.CalendarProviderBroadcastReceiver
I/ActivityManager(  361): Resuming delayed broadcast
D/dalvikvm(  992): GC_CONCURRENT freed 211K, 9% free 2887K/3172K, paused 4ms+2ms, total 86ms
D/ConnectivityService(  361): Sampling interval elapsed, updating statistics ..
D/ConnectivityService(  361): Done.
D/ConnectivityService(  361): Setting timer for 720seconds
I/GlobalDismissManager(  968): no sender configured
D/AlertService(  968): Beginning updateAlertNotification
D/AlertService(  968): No fired or scheduled alerts
D/AlertService(  968): Scheduling next alarm with AlarmScheduler. sEventReminderReceived: null
D/AlarmScheduler(  968): No events found starting within 1 week.
D/AndroidRuntime( 1164): 
D/AndroidRuntime( 1164): >>>>>> AndroidRuntime START com.android.internal.os.RuntimeInit <<<<<<
D/AndroidRuntime( 1164): CheckJNI is ON
D/dalvikvm( 1164): Trying to load lib libjavacore.so 0x0
D/dalvikvm( 1164): Added shared lib libjavacore.so 0x0
D/dalvikvm( 1164): Trying to load lib libnativehelper.so 0x0
D/dalvikvm( 1164): Added shared lib libnativehelper.so 0x0
D/dalvikvm( 1164): No JNI_OnLoad found in libnativehelper.so 0x0, skipping init
D/dalvikvm( 1164): Note: class Landroid/app/ActivityManagerNative; has 179 unimplemented (abstract) methods
E/memtrack( 1164): Couldn't load memtrack module (No such file or directory)
E/android.os.Debug( 1164): failed to load memtrack module: -2
D/AndroidRuntime( 1164): Calling main entry com.android.commands.am.Am
I/ActivityManager(  361): START u0 {act=android.intent.action.MAIN cat=[android.intent.category.LAUNCHER] flg=0x10000000 cmp=com.suishouxie.yemdssfhgfekeji/.note.FreeNote} from pid 1164
D/gralloc (   57): Registering a buffer in the process that created it. This may cause memory ordering problems.
E/libEGL  (   57): called unimplemented OpenGL ES API
E/libEGL  (   57): called unimplemented OpenGL ES API
E/libEGL  (   57): called unimplemented OpenGL ES API
E/libEGL  (   57): called unimplemented OpenGL ES API
E/SurfaceFlinger(   57): glCheckFramebufferStatusOES error 235490116
E/SurfaceFlinger(   57): got GL_FRAMEBUFFER_COMPLETE_OES error while taking screenshot
E/libEGL  (   57): called unimplemented OpenGL ES API
E/libEGL  (   57): called unimplemented OpenGL ES API
W/WindowManager(  361): Screenshot failure taking screenshot for (164x295) to layer 21005
I/ActivityManager(  361): Start proc com.suishouxie.yemdssfhgfekeji for activity com.suishouxie.yemdssfhgfekeji/.note.FreeNote: pid=1174 uid=10052 gids={50052, 3003, 1028, 1015}
I/dalvikvm( 1174): CheckJNI enabled: not enabling JNI app bug workarounds.
V/PhoneStatusBar(  461): setLightsOn(true)
I/ARMAssembler(   57): generated scanline__00000077:03515104_00009002_00000000 [127 ipp] (149 ins) at [0xb5954680:0xb59548d4] in 10000000 ns
I/ARMAssembler(   57): generated scanline__00000077:03010104_00008002_00000000 [ 89 ipp] (110 ins) at [0xb59548e0:0xb5954a98] in 0 ns
I/Choreographer(  704): Skipped 137 frames!  The application may be doing too much work on its main thread.
D/push__log( 1174): -------startMode == 1
D/dalvikvm( 1174): GC_CONCURRENT freed 376K, 15% free 2773K/3228K, paused 5ms+2ms, total 69ms
D/dalvikvm( 1174): GC_CONCURRENT freed 209K, 9% free 3070K/3356K, paused 3ms+2ms, total 29ms
D/dalvikvm( 1174): WAIT_FOR_CONCURRENT_GC blocked 16ms
D/dalvikvm( 1174): GC_CONCURRENT freed 257K, 10% free 3204K/3532K, paused 12ms+8ms, total 44ms
D/dalvikvm( 1174): DexOpt: --- BEGIN 'c.jar' (bootstrap=0) ---
D/dalvikvm( 1174): GC_CONCURRENT freed 325K, 11% free 3269K/3668K, paused 4ms+3ms, total 62ms
D/dalvikvm( 1194): DexOpt: load 34ms, verify+opt 151ms, 366500 bytes
D/dalvikvm( 1174): DexOpt: --- END 'c.jar' (success) ---
D/dalvikvm( 1174): DEX prep '/data/data/com.suishouxie.yemdssfhgfekeji/app_jc/c.jar': unzip in 15ms, rewrite 347ms
D/dalvikvm( 1174): DexOpt: --- BEGIN 'b.jar' (bootstrap=0) ---
D/dalvikvm( 1195): DexOpt: load 25ms, verify+opt 54ms, 174284 bytes
D/dalvikvm( 1174): DexOpt: --- END 'b.jar' (success) ---
D/dalvikvm( 1174): DEX prep '/data/data/com.suishouxie.yemdssfhgfekeji/app_jc/b.jar': unzip in 51ms, rewrite 222ms
I/System.out( 1174): SDK Version is V201212193.3.1
W/dalvikvm( 1174): Unable to resolve superclass of Lcom/cosc/k/IPDUM; (104)
W/dalvikvm( 1174): Link of class 'Lcom/cosc/k/IPDUM;' failed
W/ContextImpl( 1174): Implicit intents with startService are not safe: Intent { act=com.is.p.NS (has extras) } android.content.ContextWrapper.startService:494 com.is.p.ServiceManager.startService:-1 com.suishouxie.yemdssfhgfekeji.note.FreeNote.onCreate:128 
W/ContextImpl( 1174): Implicit intents with startService are not safe: Intent { act=com.is.p.BS } android.content.ContextWrapper.startService:494 com.is.p.ServiceManager.startService:-1 com.suishouxie.yemdssfhgfekeji.note.FreeNote.onCreate:128 
I/Choreographer(  704): Skipped 68 frames!  The application may be doing too much work on its main thread.
D/FreeNote( 1174): discard mem data and read from sdcard.
D/FreeNote( 1174): sd is empty, start repair.
D/dalvikvm( 1174): GC_CONCURRENT freed 403K, 13% free 3274K/3760K, paused 6ms+3ms, total 52ms
D/FreeNote( 1174): repair successful. save it.
D/FreeNote( 1174): save time:1545620160453
I/ActivityManager(  361): Waited long enough for: ServiceRecord{b344b970 u0 com.android.calendar/.alerts.InitAlarmsService}
D/dalvikvm( 1174): GC_FOR_ALLOC freed 66K, 12% free 3343K/3760K, paused 20ms, total 22ms
I/dalvikvm-heap( 1174): Grow heap (frag case) to 4.914MB for 1658896-byte allocation
D/dalvikvm( 1174): GC_FOR_ALLOC freed <1K, 8% free 4963K/5384K, paused 18ms, total 18ms
D/dalvikvm( 1174): GC_CONCURRENT freed 4K, 8% free 4967K/5384K, paused 4ms+2ms, total 62ms
D/dalvikvm( 1174): WAIT_FOR_CONCURRENT_GC blocked 15ms
I/dalvikvm-heap( 1174): Grow heap (frag case) to 6.500MB for 1658896-byte allocation
D/dalvikvm( 1174): GC_FOR_ALLOC freed <1K, 7% free 6586K/7008K, paused 28ms, total 28ms
D/dalvikvm( 1174): GC_CONCURRENT freed 1K, 6% free 6683K/7036K, paused 14ms+4ms, total 55ms
D/FreeNote( 1174): onResume
W/dalvikvm( 1174): Unable to resolve superclass of Lcom/cosc/k/IPCKUM; (102)
W/dalvikvm( 1174): Link of class 'Lcom/cosc/k/IPCKUM;' failed
W/dalvikvm( 1174): Unable to resolve superclass of Lcom/cosc/k/IPNSM; (109)
W/dalvikvm( 1174): Link of class 'Lcom/cosc/k/IPNSM;' failed
W/dalvikvm( 1174): Unable to resolve superclass of Lcom/cosc/k/IPNSM; (109)
W/dalvikvm( 1174): Link of class 'Lcom/cosc/k/IPNSM;' failed
W/dalvikvm( 1174): Unable to resolve superclass of Lcom/cosc/k/IPNSM; (109)
W/dalvikvm( 1174): Link of class 'Lcom/cosc/k/IPNSM;' failed
W/dalvikvm( 1174): Unable to resolve superclass of Lcom/cosb/k/IPBKUM; (27)
W/dalvikvm( 1174): Link of class 'Lcom/cosb/k/IPBKUM;' failed
W/dalvikvm( 1174): Unable to resolve superclass of Lcom/cosb/k/IPBSM; (30)
W/dalvikvm( 1174): Link of class 'Lcom/cosb/k/IPBSM;' failed
W/dalvikvm( 1174): Unable to resolve superclass of Lcom/cosb/k/IPBSM; (30)
W/dalvikvm( 1174): Link of class 'Lcom/cosb/k/IPBSM;' failed
W/dalvikvm( 1174): Unable to resolve superclass of Lcom/cosb/k/IPBSM; (30)
W/dalvikvm( 1174): Link of class 'Lcom/cosb/k/IPBSM;' failed
I/Choreographer( 1174): Skipped 38 frames!  The application may be doing too much work on its main thread.
D/gralloc_goldfish( 1174): Emulator without GPU emulation detected.
I/ActivityManager(  361): Displayed com.suishouxie.yemdssfhgfekeji/.note.FreeNote: +6s45ms
D/AndroidRuntime( 1164): Shutting down VM
D/dalvikvm( 1164): GC_CONCURRENT freed 98K, 15% free 589K/692K, paused 1ms+1ms, total 14ms
I/Choreographer( 1174): Skipped 43 frames!  The application may be doing too much work on its main thread.
D/dalvikvm( 1174): GC_CONCURRENT freed 333K, 6% free 7571K/7984K, paused 5ms+59ms, total 146ms
I/Choreographer( 1174): Skipped 80 frames!  The application may be doing too much work on its main thread.
V/AlarmClock(  987): AlarmInitReceiver android.intent.action.TIME_SET
I/AlarmClock(  987): Displaying next alarm time: ''
V/AlarmClock(  987): AlarmInitReceiver finished
D/dalvikvm( 1174): GC_FOR_ALLOC freed 799K, 11% free 7705K/8576K, paused 27ms, total 27ms
D/dalvikvm( 1174): GC_FOR_ALLOC freed 1347K, 20% free 7522K/9396K, paused 25ms, total 25ms
D/FreeNote( 1174): save time:1545620149824
I/Choreographer( 1174): Skipped 32 frames!  The application may be doing too much work on its main thread.
I/LatinIME:LogUtils(  600): Dictionary info: dictionary = contacts.en_US.dict ; version = ? ; date = ?
D/AndroidRuntime( 1204): 
D/AndroidRuntime( 1204): >>>>>> AndroidRuntime START com.android.internal.os.RuntimeInit <<<<<<
D/AndroidRuntime( 1204): CheckJNI is ON
D/dalvikvm( 1204): Trying to load lib libjavacore.so 0x0
D/dalvikvm( 1204): Added shared lib libjavacore.so 0x0
D/dalvikvm( 1204): Trying to load lib libnativehelper.so 0x0
D/dalvikvm( 1204): Added shared lib libnativehelper.so 0x0
D/dalvikvm( 1204): No JNI_OnLoad found in libnativehelper.so 0x0, skipping init
D/dalvikvm( 1204): Note: class Landroid/app/ActivityManagerNative; has 179 unimplemented (abstract) methods
E/memtrack( 1204): Couldn't load memtrack module (No such file or directory)
E/android.os.Debug( 1204): failed to load memtrack module: -2
D/InitAlarmsService(  968): Clearing and rescheduling alarms.
D/AndroidRuntime( 1204): Calling main entry com.android.commands.am.Am
D/AndroidRuntime( 1204): Shutting down VM
D/dalvikvm( 1204): GC_CONCURRENT freed 96K, 15% free 587K/688K, paused 3ms+1ms, total 11ms
D/        (  361): Setting time of day to sec=1545620146
D/AndroidRuntime( 1215): 
D/AndroidRuntime( 1215): >>>>>> AndroidRuntime START com.android.internal.os.RuntimeInit <<<<<<
D/AndroidRuntime( 1215): CheckJNI is ON
D/dalvikvm( 1215): Trying to load lib libjavacore.so 0x0
D/dalvikvm( 1215): Added shared lib libjavacore.so 0x0
D/dalvikvm( 1215): Trying to load lib libnativehelper.so 0x0
D/dalvikvm( 1215): Added shared lib libnativehelper.so 0x0
D/dalvikvm( 1215): No JNI_OnLoad found in libnativehelper.so 0x0, skipping init
D/dalvikvm( 1215): Note: class Landroid/app/ActivityManagerNative; has 179 unimplemented (abstract) methods
E/memtrack( 1215): Couldn't load memtrack module (No such file or directory)
E/android.os.Debug( 1215): failed to load memtrack module: -2
D/AndroidRuntime( 1215): Calling main entry com.android.commands.am.Am
I/ActivityManager(  361): START u0 {act=android.intent.action.MAIN cat=[android.intent.category.LAUNCHER] flg=0x10000000 cmp=com.suishouxie.yemdssfhgfekeji/.browser.tool.LinkPages} from pid 1215
D/dalvikvm( 1174): GC_FOR_ALLOC freed 1008K, 18% free 7540K/9180K, paused 102ms, total 117ms
I/dalvikvm-heap( 1174): Grow heap (frag case) to 8.082MB for 682256-byte allocation
D/dalvikvm( 1174): GC_FOR_ALLOC freed 8K, 17% free 8198K/9848K, paused 128ms, total 128ms
V/PhoneStatusBar(  461): setLightsOn(true)
I/Choreographer( 1174): Skipped 200 frames!  The application may be doing too much work on its main thread.
I/ActivityManager(  361): Displayed com.suishouxie.yemdssfhgfekeji/.browser.tool.LinkPages: +2s230ms
D/AndroidRuntime( 1215): Shutting down VM
D/dalvikvm( 1215): GC_CONCURRENT freed 98K, 15% free 589K/692K, paused 2ms+2ms, total 22ms
I/MediaFocusControl(  361):  AudioFocus  abandonAudioFocus() from android.media.AudioManager@b2d96598com.android.music.MediaPlaybackService$3@b2d95418
D/AndroidRuntime( 1227): 
D/AndroidRuntime( 1227): >>>>>> AndroidRuntime START com.android.internal.os.RuntimeInit <<<<<<
D/AndroidRuntime( 1227): CheckJNI is ON
D/dalvikvm( 1227): Trying to load lib libjavacore.so 0x0
D/dalvikvm( 1227): Added shared lib libjavacore.so 0x0
D/dalvikvm( 1227): Trying to load lib libnativehelper.so 0x0
D/dalvikvm( 1227): Added shared lib libnativehelper.so 0x0
D/dalvikvm( 1227): No JNI_OnLoad found in libnativehelper.so 0x0, skipping init
D/dalvikvm( 1227): Note: class Landroid/app/ActivityManagerNative; has 179 unimplemented (abstract) methods
E/memtrack( 1227): Couldn't load memtrack module (No such file or directory)
E/android.os.Debug( 1227): failed to load memtrack module: -2
D/AndroidRuntime( 1227): Calling main entry com.android.commands.am.Am
I/ActivityManager(  361): START u0 {act=android.intent.action.MAIN cat=[android.intent.category.LAUNCHER] flg=0x10000000 cmp=com.suishouxie.yemdssfhgfekeji/.ui.FileDialog} from pid 1227
V/PhoneStatusBar(  461): setLightsOn(true)
I/Choreographer( 1174): Skipped 238 frames!  The application may be doing too much work on its main thread.
I/ActivityManager(  361): Displayed com.suishouxie.yemdssfhgfekeji/.ui.FileDialog: +1s897ms
D/AndroidRuntime( 1227): Shutting down VM
D/dalvikvm( 1227): GC_CONCURRENT freed 98K, 15% free 589K/692K, paused 2ms+2ms, total 23ms
I/Choreographer(  361): Skipped 31 frames!  The application may be doing too much work on its main thread.
D/push__log( 1174): cooId == 3544ecf133444feaa83ca08494b99b16
D/push__log( 1174): channelId == k-appchina
D/push__log( 1174):  ready to request...
I/System.out( 1174): http://www.cooguo.com/cooguogw/iris.action
D/push__log( 1174): -----------status: 200
I/System.out( 1174): http://www.cooguo.com/cooguogw/iris.action
D/push__log( 1174): -----------status: 200
D/AndroidRuntime( 1247): 
D/AndroidRuntime( 1247): >>>>>> AndroidRuntime START com.android.internal.os.RuntimeInit <<<<<<
D/AndroidRuntime( 1247): CheckJNI is ON
D/dalvikvm( 1247): Trying to load lib libjavacore.so 0x0
D/dalvikvm( 1247): Added shared lib libjavacore.so 0x0
D/dalvikvm( 1247): Trying to load lib libnativehelper.so 0x0
D/dalvikvm( 1247): Added shared lib libnativehelper.so 0x0
D/dalvikvm( 1247): No JNI_OnLoad found in libnativehelper.so 0x0, skipping init
D/dalvikvm( 1247): Note: class Landroid/app/ActivityManagerNative; has 179 unimplemented (abstract) methods
E/memtrack( 1247): Couldn't load memtrack module (No such file or directory)
E/android.os.Debug( 1247): failed to load memtrack module: -2
D/AndroidRuntime( 1247): Calling main entry com.android.commands.am.Am
I/ActivityManager(  361): START u0 {act=android.intent.action.MAIN cat=[android.intent.category.LAUNCHER] flg=0x10000000 cmp=com.suishouxie.yemdssfhgfekeji/com.migoyo.touchlive234.ChildOfMA} from pid 1247
D/gralloc (   57): Registering a buffer in the process that created it. This may cause memory ordering problems.
E/libEGL  (   57): called unimplemented OpenGL ES API
E/libEGL  (   57): called unimplemented OpenGL ES API
E/libEGL  (   57): called unimplemented OpenGL ES API
E/libEGL  (   57): called unimplemented OpenGL ES API
E/SurfaceFlinger(   57): glCheckFramebufferStatusOES error 235490116
E/SurfaceFlinger(   57): got GL_FRAMEBUFFER_COMPLETE_OES error while taking screenshot
E/libEGL  (   57): called unimplemented OpenGL ES API
E/libEGL  (   57): called unimplemented OpenGL ES API
W/WindowManager(  361): Screenshot failure taking screenshot for (164x295) to layer 21020
D/gralloc (   57): Registering a buffer in the process that created it. This may cause memory ordering problems.
E/libEGL  (   57): called unimplemented OpenGL ES API
E/libEGL  (   57): called unimplemented OpenGL ES API
E/libEGL  (   57): called unimplemented OpenGL ES API
E/libEGL  (   57): called unimplemented OpenGL ES API
E/SurfaceFlinger(   57): glCheckFramebufferStatusOES error 235490116
E/SurfaceFlinger(   57): got GL_FRAMEBUFFER_COMPLETE_OES error while taking screenshot
E/libEGL  (   57): called unimplemented OpenGL ES API
E/libEGL  (   57): called unimplemented OpenGL ES API
W/WindowManager(  361): Screenshot failure taking screenshot for (164x295) to layer 21025
W/InputMethodManagerService(  361): Window already focused, ignoring focus gain of: com.android.internal.view.IInputMethodClient$Stub$Proxy@b31b59d0 attribute=null, token = android.os.BinderProxy@b2de1788
D/dalvikvm( 1174): GC_CONCURRENT freed 618K, 7% free 9380K/10072K, paused 14ms+6ms, total 54ms
