D/dalvikvm(  353): GC_CONCURRENT freed 466K, 69% free 4095K/13156K, paused 6ms+7ms, total 105ms
I/PackageManager(  353): /system/app/LatinIME.apk changed; collecting certs
D/dalvikvm(  353): GC_CONCURRENT freed 494K, 69% free 4111K/13156K, paused 13ms+3ms, total 49ms
D/dalvikvm(  353): WAIT_FOR_CONCURRENT_GC blocked 37ms
D/dalvikvm(  353): GC_FOR_ALLOC freed 335K, 68% free 4231K/13156K, paused 45ms, total 46ms
D/dalvikvm(  353): GC_CONCURRENT freed 264K, 67% free 4456K/13156K, paused 5ms+5ms, total 110ms
D/dalvikvm(  353): GC_CONCURRENT freed 278K, 65% free 4686K/13156K, paused 5ms+3ms, total 113ms
D/dalvikvm(  353): GC_CONCURRENT freed 333K, 64% free 4831K/13156K, paused 13ms+5ms, total 119ms
I/PackageManager(  353): /system/app/LegacyCamera.apk changed; collecting certs
D/dalvikvm(  353): GC_CONCURRENT freed 387K, 63% free 4925K/13156K, paused 15ms+14ms, total 92ms
D/dalvikvm(  353): GC_CONCURRENT freed 1215K, 68% free 4217K/13156K, paused 5ms+3ms, total 48ms
D/dalvikvm(  353): WAIT_FOR_CONCURRENT_GC blocked 32ms
D/dalvikvm(  353): GC_FOR_ALLOC freed 463K, 68% free 4245K/13156K, paused 44ms, total 45ms
D/dalvikvm(  353): GC_CONCURRENT freed 21K, 67% free 4379K/13156K, paused 5ms+12ms, total 104ms
D/dalvikvm(  353): GC_CONCURRENT freed 276K, 66% free 4568K/13156K, paused 5ms+3ms, total 82ms
D/dalvikvm(  353): WAIT_FOR_CONCURRENT_GC blocked 22ms
D/dalvikvm(  353): GC_CONCURRENT freed 291K, 64% free 4738K/13156K, paused 5ms+16ms, total 116ms
I/PackageManager(  353): /system/app/LiveWallpapersPicker.apk changed; collecting certs
I/PackageManager(  353): /system/app/Music.apk changed; collecting certs
D/dalvikvm(  353): GC_CONCURRENT freed 463K, 64% free 4785K/13156K, paused 16ms+9ms, total 79ms
D/dalvikvm(  353): WAIT_FOR_CONCURRENT_GC blocked 35ms
D/dalvikvm(  353): GC_CONCURRENT freed 1091K, 69% free 4194K/13156K, paused 5ms+5ms, total 115ms
I/PackageManager(  353): /system/app/NetSpeed.apk changed; collecting certs
I/PackageManager(  353): /system/app/OpenWnn.apk changed; collecting certs
D/dalvikvm(  353): GC_CONCURRENT freed 384K, 68% free 4315K/13156K, paused 26ms+6ms, total 89ms
D/dalvikvm(  353): WAIT_FOR_CONCURRENT_GC blocked 22ms
D/dalvikvm(  353): GC_CONCURRENT freed 570K, 68% free 4257K/13156K, paused 14ms+4ms, total 76ms
D/dalvikvm(  353): WAIT_FOR_CONCURRENT_GC blocked 39ms
D/dalvikvm(  353): GC_CONCURRENT freed 334K, 67% free 4429K/13156K, paused 13ms+14ms, total 89ms
I/PackageManager(  353): /system/app/PacProcessor.apk changed; collecting certs
D/dalvikvm(  353): GC_CONCURRENT freed 390K, 66% free 4528K/13156K, paused 5ms+15ms, total 194ms
I/PackageManager(  353): /system/app/PackageInstaller.apk changed; collecting certs
I/PackageManager(  353): /system/app/PicoTts.apk changed; collecting certs
I/PackageManager(  353): /system/app/PinyinIME.apk changed; collecting certs
D/dalvikvm(  353): GC_CONCURRENT freed 976K, 70% free 4063K/13156K, paused 5ms+4ms, total 72ms
D/dalvikvm(  353): WAIT_FOR_CONCURRENT_GC blocked 34ms
I/PackageManager(  353): /system/app/PrintSpooler.apk changed; collecting certs
I/PackageManager(  353): /system/app/Protips.apk changed; collecting certs
D/dalvikvm(  353): GC_CONCURRENT freed 382K, 69% free 4169K/13156K, paused 5ms+17ms, total 110ms
I/PackageManager(  353): /system/app/QuickSearchBox.apk changed; collecting certs
D/dalvikvm(  353): GC_CONCURRENT freed 510K, 69% free 4142K/13156K, paused 5ms+4ms, total 48ms
D/dalvikvm(  353): WAIT_FOR_CONCURRENT_GC blocked 31ms
D/dalvikvm(  353): GC_CONCURRENT freed 350K, 68% free 4258K/13156K, paused 26ms+6ms, total 115ms
I/PackageManager(  353): /system/app/SdkSetup.apk changed; collecting certs
I/PackageManager(  353): /system/app/SoundRecorder.apk changed; collecting certs
I/PackageManager(  353): /system/app/SpeechRecorder.apk changed; collecting certs
I/PackageManager(  353): /system/app/TelephonyProvider.apk changed; collecting certs
D/dalvikvm(  353): GC_CONCURRENT freed 397K, 67% free 4373K/13156K, paused 14ms+24ms, total 112ms
D/dalvikvm(  353): WAIT_FOR_CONCURRENT_GC blocked 11ms
I/PackageManager(  353): /system/app/UserDictionaryProvider.apk changed; collecting certs
D/PackageManager(  353): No files in app dir /vendor/app
D/dalvikvm(  353): GC_CONCURRENT freed 645K, 69% free 4203K/13156K, paused 24ms+14ms, total 115ms
I/PackageManager(  353): /data/app/ApiDemos.apk changed; collecting certs
W/PackageParser(  353): No actions in intent filter at /data/app/ApiDemos.apk Binary XML file line #2899
W/PackageParser(  353): No actions in intent filter at /data/app/ApiDemos.apk Binary XML file line #2905
D/dalvikvm(  353): GC_CONCURRENT freed 259K, 67% free 4445K/13156K, paused 6ms+3ms, total 62ms
D/dalvikvm(  353): WAIT_FOR_CONCURRENT_GC blocked 44ms
D/dalvikvm(  353): GC_CONCURRENT freed 328K, 65% free 4619K/13156K, paused 5ms+8ms, total 115ms
D/dalvikvm(  353): GC_CONCURRENT freed 320K, 64% free 4807K/13156K, paused 13ms+6ms, total 128ms
D/dalvikvm(  353): GC_CONCURRENT freed 502K, 64% free 4832K/13156K, paused 14ms+4ms, total 84ms
D/dalvikvm(  353): WAIT_FOR_CONCURRENT_GC blocked 44ms
D/dalvikvm(  353): GC_CONCURRENT freed 523K, 64% free 4836K/13156K, paused 5ms+3ms, total 83ms
D/dalvikvm(  353): WAIT_FOR_CONCURRENT_GC blocked 40ms
D/dalvikvm(  353): GC_CONCURRENT freed 531K, 64% free 4831K/13156K, paused 14ms+4ms, total 94ms
D/dalvikvm(  353): WAIT_FOR_CONCURRENT_GC blocked 23ms
D/dalvikvm(  353): GC_CONCURRENT freed 516K, 64% free 4844K/13156K, paused 6ms+3ms, total 87ms
D/dalvikvm(  353): WAIT_FOR_CONCURRENT_GC blocked 45ms
D/dalvikvm(  353): GC_CONCURRENT freed 528K, 64% free 4850K/13156K, paused 5ms+4ms, total 89ms
D/dalvikvm(  353): WAIT_FOR_CONCURRENT_GC blocked 28ms
D/dalvikvm(  353): GC_CONCURRENT freed 529K, 64% free 4852K/13156K, paused 14ms+3ms, total 85ms
D/dalvikvm(  353): WAIT_FOR_CONCURRENT_GC blocked 32ms
D/dalvikvm(  353): GC_CONCURRENT freed 529K, 64% free 4855K/13156K, paused 5ms+4ms, total 86ms
D/dalvikvm(  353): WAIT_FOR_CONCURRENT_GC blocked 31ms
D/dalvikvm(  353): GC_CONCURRENT freed 529K, 64% free 4858K/13156K, paused 16ms+4ms, total 87ms
D/dalvikvm(  353): WAIT_FOR_CONCURRENT_GC blocked 38ms
D/dalvikvm(  353): GC_CONCURRENT freed 531K, 64% free 4863K/13156K, paused 6ms+23ms, total 144ms
D/dalvikvm(  353): WAIT_FOR_CONCURRENT_GC blocked 91ms
D/dalvikvm(  353): GC_CONCURRENT freed 506K, 64% free 4863K/13156K, paused 5ms+20ms, total 135ms
W/PackageManager(  353): Package com.example.android.apis desires unavailable shared library com.example.will.never.exist; ignoring!
I/PackageManager(  353): /data/app/CubeLiveWallpapers.apk changed; collecting certs
D/dalvikvm(  353): GC_CONCURRENT freed 455K, 63% free 4948K/13156K, paused 5ms+9ms, total 96ms
D/dalvikvm(  353): WAIT_FOR_CONCURRENT_GC blocked 22ms
I/PackageManager(  353): /data/app/GestureBuilder.apk changed; collecting certs
I/PackageManager(  353): /data/app/SmokeTest.apk changed; collecting certs
D/dalvikvm(  353): GC_CONCURRENT freed 1102K, 67% free 4401K/13156K, paused 13ms+10ms, total 93ms
I/PackageManager(  353): /data/app/SmokeTestApp.apk changed; collecting certs
I/PackageManager(  353): /data/app/SoftKeyboard.apk changed; collecting certs
D/dalvikvm(  353): GC_CONCURRENT freed 539K, 67% free 4373K/13156K, paused 5ms+4ms, total 83ms
D/dalvikvm(  353): WAIT_FOR_CONCURRENT_GC blocked 22ms
I/PackageManager(  353): /data/app/WidgetPreview.apk changed; collecting certs
W/PackageManager(  353): Package com.example.android.apis desires unavailable shared library com.example.will.never.exist; ignoring!
W/PackageManager(  353): Package com.android.camera desires unavailable shared library com.google.android.media.effects; ignoring!
I/PackageManager(  353): Time to scan packages: 32.53 seconds
W/PackageManager(  353): Not granting permission android.permission.GLOBAL_SEARCH to package com.android.quicksearchbox (protectionLevel=18 flags=0x8be45)
D/dalvikvm(  353): GC_CONCURRENT freed 461K, 67% free 4374K/13156K, paused 5ms+8ms, total 113ms
W/PackageManager(  353): Unknown permission com.android.smspush.WAPPUSH_MANAGER_BIND in package com.android.phone
W/PackageManager(  353): Unknown permission com.google.android.googleapps.permission.GOOGLE_AUTH in package com.android.providers.calendar
W/PackageManager(  353): Unknown permission com.google.android.googleapps.permission.GOOGLE_AUTH.cl in package com.android.providers.calendar
W/PackageManager(  353): Unknown permission com.google.android.googleapps.permission.GOOGLE_AUTH.mail in package com.android.calendar
W/PackageManager(  353): Not granting permission android.permission.ACCESS_DOWNLOAD_MANAGER to package com.android.browser (protectionLevel=18 flags=0x9be45)
W/PackageManager(  353): Not granting permission android.permission.SEND_DOWNLOAD_COMPLETED_INTENTS to package com.android.browser (protectionLevel=2 flags=0x9be45)
W/PackageManager(  353): Not granting permission android.permission.BIND_APPWIDGET to package com.android.widgetpreview (protectionLevel=18 flags=0x8be44)
W/PackageManager(  353): Unknown permission android.permission.INSTALL_DRM in package com.android.mms
W/PackageManager(  353): Unknown permission com.google.android.googleapps.permission.GOOGLE_AUTH in package com.android.settings
W/PackageManager(  353): Unknown permission com.google.android.googleapps.permission.ACCESS_GOOGLE_PASSWORD in package com.android.development
W/PackageManager(  353): Unknown permission com.google.android.googleapps.permission.GOOGLE_AUTH in package com.android.development
W/PackageManager(  353): Unknown permission com.google.android.googleapps.permission.GOOGLE_AUTH.ALL_SERVICES in package com.android.development
W/PackageManager(  353): Unknown permission com.google.android.googleapps.permission.GOOGLE_AUTH.YouTubeUser in package com.android.development
W/PackageManager(  353): Not granting permission android.permission.DELETE_PACKAGES to package com.svox.pico (protectionLevel=18 flags=0x8be45)
W/PackageManager(  353): Not granting permission android.permission.DEVICE_POWER to package com.android.deskclock (protectionLevel=2 flags=0x48be45)
D/dalvikvm(  353): GC_EXPLICIT freed 363K, 68% free 4312K/13156K, paused 5ms+4ms, total 55ms
I/SystemServer(  353): Entropy Mixer
W/EntropyMixer(  353): No existing entropy file -- first boot?
I/EntropyMixer(  353): Writing entropy...
I/SystemServer(  353): User Service
I/SystemServer(  353): Account Manager
I/SystemServer(  353): Content Manager
I/SystemServer(  353): System Content Providers
I/SyncManager(  353): No initial accounts
I/SyncManager(  353): No initial status
W/SyncManagerFile(  353): Error reading pending data.
W/SyncManagerFile(  353): java.io.FileNotFoundException: /data/system/sync/pending.xml: open failed: ENOENT (No such file or directory)
W/SyncManagerFile(  353): 	at libcore.io.IoBridge.open(IoBridge.java:409)
W/SyncManagerFile(  353): 	at java.io.FileInputStream.<init>(FileInputStream.java:78)
W/SyncManagerFile(  353): 	at android.util.AtomicFile.openRead(AtomicFile.java:199)
W/SyncManagerFile(  353): 	at com.android.server.content.SyncStorageEngine.readPendingOperationsLocked(SyncStorageEngine.java:2286)
W/SyncManagerFile(  353): 	at com.android.server.content.SyncStorageEngine.<init>(SyncStorageEngine.java:434)
W/SyncManagerFile(  353): 	at com.android.server.content.SyncStorageEngine.init(SyncStorageEngine.java:454)
W/SyncManagerFile(  353): 	at com.android.server.content.SyncManager.<init>(SyncManager.java:383)
W/SyncManagerFile(  353): 	at com.android.server.content.ContentService.getSyncManager(ContentService.java:75)
W/SyncManagerFile(  353): 	at com.android.server.content.ContentService.notifyChange(ContentService.java:283)
W/SyncManagerFile(  353): 	at android.content.ContentResolver.notifyChange(ContentResolver.java:1621)
W/SyncManagerFile(  353): 	at com.android.providers.settings.SettingsProvider.sendNotify(SettingsProvider.java:262)
W/SyncManagerFile(  353): 	at com.android.providers.settings.SettingsProvider.insertForUser(SettingsProvider.java:941)
W/SyncManagerFile(  353): 	at com.android.providers.settings.SettingsProvider.ensureAndroidIdIsSet(SettingsProvider.java:496)
W/SyncManagerFile(  353): 	at com.android.providers.settings.SettingsProvider.establishDbTracking(SettingsProvider.java:409)
W/SyncManagerFile(  353): 	at com.android.providers.settings.SettingsProvider.onCreate(SettingsProvider.java:335)
W/SyncManagerFile(  353): 	at android.content.ContentProvider.attachInfo(ContentProvider.java:1591)
W/SyncManagerFile(  353): 	at android.content.ContentProvider.attachInfo(ContentProvider.java:1562)
W/SyncManagerFile(  353): 	at android.app.ActivityThread.installProvider(ActivityThread.java:4774)
W/SyncManagerFile(  353): 	at android.app.ActivityThread.installContentProviders(ActivityThread.java:4369)
W/SyncManagerFile(  353): 	at android.app.ActivityThread.installSystemProviders(ActivityThread.java:4929)
W/SyncManagerFile(  353): 	at com.android.server.am.ActivityManagerService.installSystemProviders(ActivityManagerService.java:8081)
W/SyncManagerFile(  353): 	at com.android.server.ServerThread.initAndLoop(SystemServer.java:275)
W/SyncManagerFile(  353): 	at com.android.server.SystemServer.main(SystemServer.java:1179)
W/SyncManagerFile(  353): 	at java.lang.reflect.Method.invokeNative(Native Method)
W/SyncManagerFile(  353): 	at java.lang.reflect.Method.invoke(Method.java:515)
W/SyncManagerFile(  353): 	at com.android.internal.os.ZygoteInit$MethodAndArgsCaller.run(ZygoteInit.java:785)
W/SyncManagerFile(  353): 	at com.android.internal.os.ZygoteInit.main(ZygoteInit.java:601)
W/SyncManagerFile(  353): 	at dalvik.system.NativeStart.main(Native Method)
W/SyncManagerFile(  353): Caused by: libcore.io.ErrnoException: open failed: ENOENT (No such file or directory)
W/SyncManagerFile(  353): 	at libcore.io.Posix.open(Native Method)
W/SyncManagerFile(  353): 	at libcore.io.BlockGuardOs.open(BlockGuardOs.java:110)
W/SyncManagerFile(  353): 	at libcore.io.IoBridge.open(IoBridge.java:393)
W/SyncManagerFile(  353): 	... 27 more
I/SyncManager(  353): No initial statistics
D/SettingsProvider(  353): Generated and saved new ANDROID_ID [2210dee8ef25e7d1] for user 0
I/SystemServer(  353): Lights Service
I/SystemServer(  353): Battery Service
E/ConsumerIrService(  353): Can't open consumer IR HW Module, error: -2
I/SystemServer(  353): Vibrator Service
I/SystemServer(  353): Consumer IR Service
W/libsuspend(  353): Error writing 'on' to /sys/power/state: Invalid argument
E/libsuspend(  353): Error opening /sys/power/autosleep: No such file or directory
I/libsuspend(  353): Selected wakeup count
D/PermissionCache(   57): checking android.permission.ACCESS_SURFACE_FLINGER for uid=1000 => granted (2066 us)
D/SurfaceFlinger(   57): Screen acquired, type=0 flinger=0xb8e24c58
D/SurfaceFlinger(   57):  screen was previously acquired
I/SystemServer(  353): Alarm Manager
I/SystemServer(  353): Init Watchdog
I/SystemServer(  353): Input Manager
I/InputManager(  353): Initializing input manager, mUseDevInputEventForAudioJack=false
I/SystemServer(  353): Window Manager
I/WindowManager(  353): No existing display settings /data/system/display_settings.xml; starting empty
I/WindowManager(  353): No keyguard interface!
D/dalvikvm(  353): GC_CONCURRENT freed 336K, 66% free 4511K/13156K, paused 14ms+5ms, total 200ms
I/InputManager(  353): Starting input manager
I/SystemServer(  353): No Bluetooh Service (emulator)
I/SystemServer(  353): Input Method Service
E/EventHub(  353): could not get driver version for /dev/input/mouse0, Not a typewriter
W/EventHub(  353): Unable to disable kernel key repeat for /dev/input/event0: Function not implemented
I/EventHub(  353): New device: id=1, fd=93, path='/dev/input/event0', name='qwerty2', classes=0x2d, configuration='/system/usr/idc/qwerty2.idc', keyLayout='/system/usr/keylayout/qwerty.kl', keyCharacterMap='/system/usr/keychars/qwerty2.kcm', builtinKeyboard=true, usingSuspendBlockIoctl=true, usingClockIoctl=true
E/EventHub(  353): could not get driver version for /dev/input/mice, Not a typewriter
I/InputReader(  353): Device added: id=-1, name='Virtual', sources=0x00000301
I/InputReader(  353):   Touch device 'qwerty2' could not query the properties of its associated display.  The device will be inoperable until the display size becomes available.
I/InputReader(  353): Device added: id=0, name='qwerty2', sources=0x00011307
W/InputMethodManagerService(  353): No IME selected. Choose the most applicable IME.
I/InputMethodManagerService(  353): No default found, using com.android.inputmethod.latin/.LatinIME
I/SystemServer(  353): Accessibility Manager
I/ActivityManager(  353): Config changes=1df8 {1.0 ?mcc?mnc en_US ldltr sw480dp w480dp h864dp 160dpi lrg long port ?uimode ?night -touch -keyb/h/h tball/v s.2}
I/InputReader(  353): Reconfiguring input devices.  changes=0x00000004
I/InputReader(  353): Device reconfigured: id=0, name='qwerty2', size 480x864, orientation 0, mode 1, display id 0
I/ActivityManager(  353): Config changes=408 {1.0 ?mcc?mnc en_US ldltr sw480dp w480dp h839dp 160dpi lrg long port ?uimode ?night finger -keyb/h/h tball/v s.3}
I/SystemServer(  353): Mount Service
D/MountService(  353): got storage path: /storage/sdcard description: USB storage primary: true removable: false emulated: false mtpReserve: 0 allowMassStorage: false maxFileSize: 0
D/MountService(  353): addVolumeLocked() StorageVolume:
D/MountService(  353):     mStorageId=0 mPath=/storage/sdcard mDescriptionId=17040665 mPrimary=true 
D/MountService(  353):     mRemovable=false mEmulated=false mMtpReserveSpace=0 
D/MountService(  353):     mAllowMassStorage=false mMaxFileSize=0 mOwner=null mUuid=null 
D/MountService(  353):     mUserLabel=null mState=null 
I/SystemServer(  353): LockSettingsService
I/SystemServer(  353): Device Policy
I/SystemServer(  353): Status Bar
I/SystemServer(  353): Clipboard Service
I/SystemServer(  353): NetworkManagement Service
I/SystemServer(  353): Text Service Manager Service
W/MountService(  353): Duplicate state transition (unmounted -> unmounted) for /storage/sdcard
W/MountService(  353): getSecureContainerList() called when storage not mounted
I/PackageManager(  353): No secure containers on sdcard
W/PackageManager(  353): Not granting permission android.permission.GLOBAL_SEARCH to package com.android.quicksearchbox (protectionLevel=18 flags=0x8be45)
I/SystemServer(  353): NetworkStats Service
I/SystemServer(  353): NetworkPolicy Service
I/SystemServer(  353): Wi-Fi P2pService
W/PackageManager(  353): Unknown permission com.android.smspush.WAPPUSH_MANAGER_BIND in package com.android.phone
W/PackageManager(  353): Unknown permission com.google.android.googleapps.permission.GOOGLE_AUTH in package com.android.providers.calendar
W/PackageManager(  353): Unknown permission com.google.android.googleapps.permission.GOOGLE_AUTH.cl in package com.android.providers.calendar
W/PackageManager(  353): Unknown permission com.google.android.googleapps.permission.GOOGLE_AUTH.mail in package com.android.calendar
W/PackageManager(  353): Not granting permission android.permission.ACCESS_DOWNLOAD_MANAGER to package com.android.browser (protectionLevel=18 flags=0x9be45)
W/PackageManager(  353): Not granting permission android.permission.SEND_DOWNLOAD_COMPLETED_INTENTS to package com.android.browser (protectionLevel=2 flags=0x9be45)
W/PackageManager(  353): Not granting permission android.permission.BIND_APPWIDGET to package com.android.widgetpreview (protectionLevel=18 flags=0x8be44)
W/PackageManager(  353): Unknown permission android.permission.INSTALL_DRM in package com.android.mms
W/PackageManager(  353): Unknown permission com.google.android.googleapps.permission.GOOGLE_AUTH in package com.android.settings
W/PackageManager(  353): Unknown permission com.google.android.googleapps.permission.ACCESS_GOOGLE_PASSWORD in package com.android.development
W/PackageManager(  353): Unknown permission com.google.android.googleapps.permission.GOOGLE_AUTH in package com.android.development
W/PackageManager(  353): Unknown permission com.google.android.googleapps.permission.GOOGLE_AUTH.ALL_SERVICES in package com.android.development
W/PackageManager(  353): Unknown permission com.google.android.googleapps.permission.GOOGLE_AUTH.YouTubeUser in package com.android.development
W/PackageManager(  353): Not granting permission android.permission.DELETE_PACKAGES to package com.svox.pico (protectionLevel=18 flags=0x8be45)
W/PackageManager(  353): Not granting permission android.permission.DEVICE_POWER to package com.android.deskclock (protectionLevel=2 flags=0x48be45)
D/dalvikvm(  353): GC_CONCURRENT freed 290K, 65% free 4663K/13156K, paused 5ms+15ms, total 118ms
I/SystemServer(  353): Wi-Fi Service
D/WifiController(  353): isAirplaneModeOn = false, isWifiEnabled = false, isScanningAvailable = false
I/SystemServer(  353): Connectivity Service
D/ConnectivityService(  353): ConnectivityService starting up
D/ConnectivityService(  353): wifiOnly=false
E/MobileDataStateTracker(  353): default: Ignoring feature request because could not acquire PhoneService
E/MobileDataStateTracker(  353): default: Could not enable APN type "default"
I/WifiService(  353): WifiService starting up with Wi-Fi disabled
I/SystemServer(  353): Network Service Discovery Service
D/NsdService(  353): Network service discovery enabled true
I/SystemServer(  353): UpdateLock Service
I/SystemServer(  353): Notification Manager
I/SystemServer(  353): Device Storage Monitor
I/SystemServer(  353): Location Manager
I/SystemServer(  353): Country Detector
I/SystemServer(  353): Search Service
I/SystemServer(  353): DropBox Service
I/SystemServer(  353): Wallpaper Service
W/WallpaperService(  353): no current wallpaper -- first boot?
I/SystemServer(  353): Audio Service
D/dalvikvm(  353): GC_CONCURRENT freed 239K, 64% free 4858K/13156K, paused 7ms+4ms, total 258ms
I/SystemServer(  353): Dock Observer
W/DockObserver(  353): This kernel does not have dock station support
I/SystemServer(  353): Wired Accessory Manager
W/WiredAccessoryManager(  353): This kernel does not have wired headset support
W/WiredAccessoryManager(  353): This kernel does not have usb audio support
W/WiredAccessoryManager(  353): This kernel does not have HDMI audio support
I/SystemServer(  353): USB Service
I/SystemServer(  353): Serial Service
I/SystemServer(  353): Twilight Service
I/SystemServer(  353): UI Mode Manager Service
I/SystemServer(  353): Backup Service
V/BackupManagerService(  353): Initializing package tracking
V/BackupManagerService(  353): No ancestral data
V/BackupManagerService(  353): addPackageParticipantsLocked: all
I/BackupManagerService(  353): Scheduling backup for new app com.android.calendar
D/BackupManagerService(  353): Now staging backup of com.android.calendar
I/BackupManagerService(  353): Scheduling backup for new app com.android.browser
D/BackupManagerService(  353): Now staging backup of com.android.browser
I/BackupManagerService(  353): Scheduling backup for new app com.android.providers.userdictionary
D/BackupManagerService(  353): Now staging backup of com.android.providers.userdictionary
I/BackupManagerService(  353): Scheduling backup for new app com.android.sharedstoragebackup
D/BackupManagerService(  353): Now staging backup of com.android.sharedstoragebackup
I/BackupManagerService(  353): Scheduling backup for new app android
D/BackupManagerService(  353): Now staging backup of android
I/BackupManagerService(  353): Scheduling backup for new app com.android.dialer
D/BackupManagerService(  353): Now staging backup of com.android.dialer
I/BackupManagerService(  353): Scheduling backup for new app com.android.providers.settings
D/BackupManagerService(  353): Now staging backup of com.android.providers.settings
V/BackupManagerService(  353): Starting with transport android/com.android.internal.backup.LocalTransport
V/BackupManagerService(  353): Found transports: 1
I/BackupManagerService(  353): Binding to transport host ComponentInfo{android/com.android.internal.backup.LocalTransportService}
I/BackupManagerService(  353): Backup enabled => true
I/SystemServer(  353): AppWidget Service
I/SystemServer(  353): Recognition Service
I/SystemServer(  353): DiskStats Service
I/SystemServer(  353): SamplingProfiler Service
I/SystemServer(  353): NetworkTimeUpdateService
I/SystemServer(  353): CommonTimeManagementService
I/SystemServer(  353): CertBlacklister
I/SystemServer(  353): Dreams Service
I/SystemServer(  353): Assets Atlas Service
I/SystemServer(  353): IdleMaintenanceService
I/SystemServer(  353): Print Service
I/SystemServer(  353): Media Router Service
I/WindowManager(  353): SAFE MODE not enabled
D/Atlas   (  353): Computing best atlas configuration...
D/Atlas   (  353): Running Thread-50
D/Atlas   (  353): Found best atlas configuration in 0.10s
D/Atlas   (  353): Loaded configuration: SliceMinArea (768x768) flags=0x2 count=24
E/SQLiteLog(  353): (1) no such table: locksettings
D/gralloc_goldfish(  353): Emulator without GPU emulation detected.
I/LockSettingsService(  353): Migrated lock settings to new location
I/LockSettingsService(  353): Migrated per-user lock settings to new location
W/AssetAtlasService(  353): Could not find EGL configuration
I/Zygote  (  353): Process: zygote socket opened
D/Atlas   (  353): Rendered atlas in 52.07ms (36.71+15.35ms)
I/ActivityManager(  353): Start proc com.android.systemui for service com.android.keyguard/.KeyguardService: pid=463 uid=10007 gids={50007, 1028, 1015, 1035, 3002, 3001}
V/KeyguardServiceDelegate(  353): *** Keyguard started
V/KeyguardServiceDelegate(  353): onSystemReady() called before keyguard service was ready
F/SystemServer(  353): BOOT FAILURE making Package Manager Service ready
F/SystemServer(  353): java.lang.SecurityException: Unable to find app for caller android.app.ActivityThread$ApplicationThread@b3274c60 (pid=353) when registering receiver android.app.LoadedApk$ReceiverDispatcher$InnerReceiver@b371b580
F/SystemServer(  353): 	at com.android.server.am.ActivityManagerService.registerReceiver(ActivityManagerService.java:13021)
F/SystemServer(  353): 	at android.app.ContextImpl.registerReceiverInternal(ContextImpl.java:1450)
F/SystemServer(  353): 	at android.app.ContextImpl.registerReceiverAsUser(ContextImpl.java:1425)
F/SystemServer(  353): 	at com.android.internal.content.PackageMonitor.register(PackageMonitor.java:84)
F/SystemServer(  353): 	at com.android.server.pm.UserManagerService.systemReady(UserManagerService.java:237)
F/SystemServer(  353): 	at com.android.server.pm.PackageManagerService.systemReady(PackageManagerService.java:10476)
F/SystemServer(  353): 	at com.android.server.ServerThread.initAndLoop(SystemServer.java:893)
F/SystemServer(  353): 	at com.android.server.SystemServer.main(SystemServer.java:1179)
F/SystemServer(  353): 	at java.lang.reflect.Method.invokeNative(Native Method)
F/SystemServer(  353): 	at java.lang.reflect.Method.invoke(Method.java:515)
F/SystemServer(  353): 	at com.android.internal.os.ZygoteInit$MethodAndArgsCaller.run(ZygoteInit.java:785)
F/SystemServer(  353): 	at com.android.internal.os.ZygoteInit.main(ZygoteInit.java:601)
F/SystemServer(  353): 	at dalvik.system.NativeStart.main(Native Method)
W/SystemServer(  353): ***********************************************
D/dalvikvm(  353): GC_CONCURRENT freed 368K, 62% free 5032K/13156K, paused 6ms+5ms, total 238ms
D/dalvikvm(  353): WAIT_FOR_CONCURRENT_GC blocked 58ms
D/dalvikvm(  353): WAIT_FOR_CONCURRENT_GC blocked 58ms
I/ActivityManager(  353): Sending system update to ComponentInfo{com.android.providers.calendar/com.android.providers.calendar.CalendarUpgradeReceiver} for user 0
I/ActivityManager(  353): Sending system update to ComponentInfo{com.android.providers.contacts/com.android.providers.contacts.ContactsUpgradeReceiver} for user 0
I/ActivityManager(  353): Sending system update to ComponentInfo{com.android.providers.media/com.android.providers.media.MediaUpgradeReceiver} for user 0
I/SystemServer(  353): Enabled StrictMode for system server main thread.
I/Choreographer(  353): Skipped 64 frames!  The application may be doing too much work on its main thread.
I/ActivityManager(  353): Start proc com.android.providers.calendar for broadcast com.android.providers.calendar/.CalendarUpgradeReceiver: pid=475 uid=10001 gids={50001, 3003, 1028, 1015}
W/InputMethodManagerService(  353): Focus gain on non-focused client android.view.inputmethod.InputMethodManager$1@b3316e58 (uid=1000 pid=353)
V/BackupManagerService(  353): Connected to transport ComponentInfo{android/com.android.internal.backup.LocalTransportService}
V/BackupManagerService(  353): Registering transport android/com.android.internal.backup.LocalTransportService::android/com.android.internal.backup.LocalTransport = com.android.internal.backup.LocalTransport@b34113d8
I/ActivityManager(  353): Launching preboot mode app: ProcessRecord{b362be60 475:com.android.providers.calendar/u0a1}
E/SoundPool(  463): error loading /system/media/audio/ui/Lock.ogg
W/KeyguardViewMediator(  463): failed to load lock sound from /system/media/audio/ui/Lock.ogg
E/SoundPool(  463): error loading /system/media/audio/ui/Unlock.ogg
W/KeyguardViewMediator(  463): failed to load unlock sound from /system/media/audio/ui/Unlock.ogg
V/KeyguardService(  463): onCreate()
V/KeyguardServiceDelegate(  353): *** Keyguard connected (yay!)
V/KeyguardServiceDelegate(  353): **** SHOWN CALLED ****
I/ActivityManager(  353): Start proc android.process.acore for broadcast com.android.providers.contacts/.ContactsUpgradeReceiver: pid=493 uid=10002 gids={50002, 3003, 1028, 1015}
I/ActivityManager(  353): Launching preboot mode app: ProcessRecord{b34fb9e8 493:android.process.acore/u0a2}
I/ContactsUpgradeReceiver(  493): Creating or opening contacts database
D/dalvikvm(  493): GC_CONCURRENT freed 364K, 14% free 2807K/3236K, paused 5ms+14ms, total 77ms
I/ContactsDatabaseHelper(  493): Bootstrapping database version: 803
D/dalvikvm(  493): GC_CONCURRENT freed 333K, 13% free 2871K/3272K, paused 15ms+4ms, total 44ms
I/ContactsProviderV1(  493): Bootstrapping database legacy support
I/ContactsDatabaseHelper(  493): Bootstrapping database version: 803
D/dalvikvm(  493): GC_CONCURRENT freed 340K, 13% free 2930K/3336K, paused 4ms+1ms, total 51ms
I/ContactsProviderV1(  493): Bootstrapping database legacy support
I/ContactsProvider(  493): Locale has changed from null to en_US
D/dalvikvm(  493): GC_CONCURRENT freed 342K, 12% free 3012K/3420K, paused 4ms+8ms, total 87ms
I/ContactsDatabaseHelper(  493): Switching to locale en_US (ICU v51.1.0.1)
I/ContactsDatabaseHelper(  493): Locale change completed in 592ms
I/ContactsDatabaseHelper(  493): Switching to locale en_US (ICU v51.1.0.1)
D/dalvikvm(  493): GC_CONCURRENT freed 359K, 13% free 3050K/3476K, paused 14ms+4ms, total 44ms
I/ContactsDatabaseHelper(  493): Locale change completed in 554ms
I/ActivityManager(  353): Start proc android.process.media for broadcast com.android.providers.media/.MediaUpgradeReceiver: pid=511 uid=10005 gids={50005, 1028, 1015, 1023, 1024, 2001, 3003, 3007}
I/ActivityManager(  353): Launching preboot mode app: ProcessRecord{b34a6cc0 511:android.process.media/u0a5}
D/dalvikvm(  353): GC_CONCURRENT freed 366K, 61% free 5133K/13156K, paused 14ms+4ms, total 72ms
I/ActivityManager(  353): Writing new set of last done pre-boot receivers...
I/ActivityManager(  353): Removing system update proc: ProcessRecord{b362be60 475:com.android.providers.calendar/u0a1}
I/ActivityManager(  353): Killing 475:com.android.providers.calendar/u0a1 (adj 13): system update done
I/ActivityManager(  353): Removing system update proc: ProcessRecord{b34fb9e8 493:android.process.acore/u0a2}
I/ActivityManager(  353): Killing 493:android.process.acore/u0a2 (adj 11): system update done
I/ActivityManager(  353): Removing system update proc: ProcessRecord{b34a6cc0 511:android.process.media/u0a5}
I/ActivityManager(  353): Killing 511:android.process.media/u0a5 (adj 9): system update done
I/ActivityManager(  353): System now ready
I/SystemServer(  353): Making services ready
D/NetworkManagementService(  353): enabling bandwidth control
I/Vold    (   52): /dev/block/vold/179:0 being considered for volume sdcard
D/Vold    (   52): Volume sdcard state changing 1 (Idle-Unmounted) -> 3 (Checking)
D/MountService(  353): volume state changed for /storage/sdcard (unmounted -> checking)
I/fsck_msdos(   52): ** /dev/block/vold/179:0
I/fsck_msdos(   52): Invalid signature in fsinfo block
I/fsck_msdos(   52): FIXED
I/fsck_msdos(   52): ** Phase 1 - Read and Compare FATs
I/fsck_msdos(   52): Attempting to allocate 794 KB for FAT
D/SystemUIService(  463): loading: class com.android.systemui.recent.Recents
D/SystemUIService(  463): running: com.android.systemui.recent.Recents@b2dd0010
D/SystemUIService(  463): loading: class com.android.systemui.statusbar.SystemBars
D/SystemUIService(  463): running: com.android.systemui.statusbar.SystemBars@b2dd05f8
D/SystemUIService(  463): loading: class com.android.systemui.usb.StorageNotification
D/SystemUIService(  463): running: com.android.systemui.usb.StorageNotification@b2dd2348
D/MountService(  353): sendStorageIntent Intent { act=android.intent.action.MEDIA_CHECKING dat=file:///storage/sdcard (has extras) } to UserHandle{-1}
I/fsck_msdos(   52): Attempting to allocate 794 KB for FAT
D/SystemUIService(  463): loading: class com.android.systemui.power.PowerUI
D/SystemUIService(  463): running: com.android.systemui.power.PowerUI@b2dd3a60
D/SystemUIService(  463): loading: class com.android.systemui.media.RingtonePlayer
D/SystemUIService(  463): running: com.android.systemui.media.RingtonePlayer@b2dd49e0
D/SystemUIService(  463): loading: class com.android.systemui.settings.SettingsUI
D/SystemUIService(  463): running: com.android.systemui.settings.SettingsUI@b2dd5cc8
I/fsck_msdos(   52): ** Phase 2 - Check Cluster Chains
I/fsck_msdos(   52): ** Phase 3 - Checking Directories
I/fsck_msdos(   52): ** Phase 4 - Checking for Lost Files
I/fsck_msdos(   52): Free space in FSInfo block (201592) not correct (201591)
I/fsck_msdos(   52): FIXED
I/fsck_msdos(   52): 1 files, 100795 free (201591 clusters)
I/Vold    (   52): Filesystem check completed OK
I/StatusBarManagerService(  353): registerStatusBar bar=com.android.internal.statusbar.IStatusBar$Stub$Proxy@b2db17f0
D/PhoneStatusBar(  463): mSettingsPanelGravity = 55
W/Vold    (   52): blkid failed to identify /dev/block/vold/179:0
D/Vold    (   52): Volume sdcard state changing 3 (Checking) -> 4 (Mounted)
I/PackageManager(  353): Updating external media status from unmounted to mounted
D/MountService(  353): volume state changed for /storage/sdcard (checking -> mounted)
E/VoldConnector(  353): NDC Command {3 volume mount /storage/sdcard} took too long (1006ms)
D/MountService(  353): sendStorageIntent Intent { act=android.intent.action.MEDIA_MOUNTED dat=file:///storage/sdcard (has extras) } to UserHandle{-1}
D/dalvikvm(  463): GC_CONCURRENT freed 286K, 11% free 2854K/3204K, paused 28ms+57ms, total 290ms
D/dalvikvm(  463): GC_FOR_ALLOC freed 33K, 8% free 2947K/3204K, paused 27ms, total 42ms
I/PackageManager(  353): No secure containers on sdcard
E/VoldConnector(  353): NDC Command {4 asec list} took too long (616ms)
E/BluetoothAdapter(  463): Bluetooth binder is null
E/BluetoothAdapter(  463): Bluetooth binder is null
W/PackageManager(  353): Not granting permission android.permission.GLOBAL_SEARCH to package com.android.quicksearchbox (protectionLevel=18 flags=0x88be45)
W/PackageManager(  353): Unknown permission com.android.smspush.WAPPUSH_MANAGER_BIND in package com.android.phone
W/PackageManager(  353): Unknown permission com.google.android.googleapps.permission.GOOGLE_AUTH in package com.android.providers.calendar
W/PackageManager(  353): Unknown permission com.google.android.googleapps.permission.GOOGLE_AUTH.cl in package com.android.providers.calendar
W/PackageManager(  353): Unknown permission com.google.android.googleapps.permission.GOOGLE_AUTH.mail in package com.android.calendar
W/PackageManager(  353): Not granting permission android.permission.ACCESS_DOWNLOAD_MANAGER to package com.android.browser (protectionLevel=18 flags=0x89be45)
W/PackageManager(  353): Not granting permission android.permission.SEND_DOWNLOAD_COMPLETED_INTENTS to package com.android.browser (protectionLevel=2 flags=0x89be45)
W/PackageManager(  353): Not granting permission android.permission.BIND_APPWIDGET to package com.android.widgetpreview (protectionLevel=18 flags=0x8be44)
W/PackageManager(  353): Unknown permission android.permission.INSTALL_DRM in package com.android.mms
W/PackageManager(  353): Unknown permission com.google.android.googleapps.permission.GOOGLE_AUTH in package com.android.settings
W/PackageManager(  353): Unknown permission com.google.android.googleapps.permission.ACCESS_GOOGLE_PASSWORD in package com.android.development
W/PackageManager(  353): Unknown permission com.google.android.googleapps.permission.GOOGLE_AUTH in package com.android.development
W/PackageManager(  353): Unknown permission com.google.android.googleapps.permission.GOOGLE_AUTH.ALL_SERVICES in package com.android.development
W/PackageManager(  353): Unknown permission com.google.android.googleapps.permission.GOOGLE_AUTH.YouTubeUser in package com.android.development
W/PackageManager(  353): Not granting permission android.permission.DELETE_PACKAGES to package com.svox.pico (protectionLevel=18 flags=0x88be45)
W/PackageManager(  353): Not granting permission android.permission.DEVICE_POWER to package com.android.deskclock (protectionLevel=2 flags=0xc8be45)
D/dalvikvm(  353): GC_CONCURRENT freed 529K, 62% free 5096K/13156K, paused 17ms+57ms, total 202ms
E/NetdConnector(  353): NDC Command {1 bandwidth enable} took too long (3364ms)
E/NetdConnector(  353): NDC Command {2 firewall disable} took too long (508ms)
D/dalvikvm(  463): GC_CONCURRENT freed 54K, 6% free 3301K/3480K, paused 13ms+2ms, total 96ms
E/BluetoothAdapter(  463): Bluetooth binder is null
E/BluetoothAdapter(  463): Bluetooth binder is null
I/ActivityManager(  353): Start proc android.process.acore for content provider com.android.providers.contacts/.ContactsProvider2: pid=574 uid=10002 gids={50002, 3003, 1028, 1015}
W/ProcessCpuTracker(  353): Skipping unknown process pid 573
D/PhoneStatusBar(  463): disable: < expand icons alerts ticker system_info back home recent clock search >
E/BluetoothAdapter(  463): Bluetooth binder is null
E/NetdConnector(  353): NDC Command {5 firewall disable} took too long (652ms)
I/ActivityManager(  353): Config changes=200 {1.0 ?mcc?mnc en_US ldltr sw480dp w480dp h839dp 160dpi lrg long port finger -keyb/h/h tball/v s.4}
W/RecognitionManagerService(  353): no available voice recognition services found for user 0
D/PhoneStatusBar(  463): heads up is disabled
I/Choreographer(  463): Skipped 896 frames!  The application may be doing too much work on its main thread.
W/AppWidgetServiceImpl(  353): Failed to read state: java.io.FileNotFoundException: /data/system/users/0/appwidgets.xml: open failed: ENOENT (No such file or directory)
W/InputMethodManagerService(  353): Ignoring setImeWindowStatus of uid 1000 token: null
W/InputMethodUtils(  353): Found no subtypes in a system IME: com.android.inputmethod.pinyin
W/InputMethodManagerService(  353): Reset the default IME as "Resource" is ready here.
W/InputMethodUtils(  353): Found no subtypes in a system IME: com.android.inputmethod.pinyin
I/InputMethodManagerService(  353): Selected default: com.android.inputmethod.latin/.LatinIME
I/ActivityManager(  353): Start proc com.android.inputmethod.latin for service com.android.inputmethod.latin/.LatinIME: pid=599 uid=10029 gids={50029, 1028, 1015}
V/InputMethodManagerService(  353): Adding window token: android.os.Binder@b3730a50
I/ActivityManager(  353): Config changes=20 {1.0 ?mcc?mnc en_US ldltr sw480dp w480dp h839dp 160dpi lrg long port finger -keyb/v/h tball/v s.5}
W/InputMethodManagerService(  353): Illegal subtype state: old subtype = null, new subtype = android.view.inputmethod.InputMethodSubtype@c9194f98
D/SettingsProvider(  353): User 0 external modification to /data/data/com.android.providers.settings/databases/settings.db; event=2
D/SettingsProvider(  353): User 0 updating our caches for /data/data/com.android.providers.settings/databases/settings.db
D/dalvikvm(  463): GC_CONCURRENT freed 138K, 6% free 3548K/3752K, paused 73ms+98ms, total 252ms
D/dalvikvm(  353): GC_CONCURRENT freed 478K, 61% free 5221K/13156K, paused 25ms+6ms, total 474ms
D/dalvikvm(  353): WAIT_FOR_CONCURRENT_GC blocked 154ms
D/dalvikvm(  353): WAIT_FOR_CONCURRENT_GC blocked 141ms
W/GpsLocationProvider(  353): Could not open GPS configuration file /etc/gps.conf
W/ServiceWatcher(  353): com.google.android.location not found
W/ServiceWatcher(  353): com.google.android.location not found
W/ServiceWatcher(  353): com.google.android.location not found
W/LocationManagerService(  353): no network location provider found
W/ServiceWatcher(  353): com.google.android.location not found
E/FlpHardwareProvider(  353): Error hw_get_module 'flp': -2
W/ServiceWatcher(  353): com.google.android.location not found
E/FlpHardwareProvider(  353): Error hw_get_module 'flp': -2
W/ServiceWatcher(  353): com.google.android.location not found
E/LocationManagerService(  353): no geocoder provider found
E/LocationManagerService(  353): No FusedProvider found.
D/SettingsProvider(  353): User 0 external modification to /data/data/com.android.providers.settings/databases/settings.db; event=2
D/SettingsProvider(  353): User 0 updating our caches for /data/data/com.android.providers.settings/databases/settings.db
E/LocationManagerService(  353): no geofence provider found
I/CommonTimeManagementService(  353): No common time service detected on this platform.  Common time services will be unavailable.
I/ActivityManager(  353): Start proc com.android.phone for added application com.android.phone: pid=612 uid=1001 gids={41001, 3002, 3001, 3003, 1028, 1015}
I/InputReader(  353): Reconfiguring input devices.  changes=0x00000020
I/InputReader(  353): Reconfiguring input devices.  changes=0x00000010
I/ActivityManager(  353): START u0 {act=android.intent.action.MAIN cat=[android.intent.category.HOME] flg=0x10000000 cmp=com.android.settings/.CryptKeeper} from pid 0
D/dalvikvm(  574): GC_CONCURRENT freed 200K, 7% free 3019K/3236K, paused 5ms+4ms, total 452ms
I/ActivityManager(  353): Start proc com.android.settings for activity com.android.settings/.CryptKeeper: pid=626 uid=1000 gids={41000, 1028, 1015, 3002, 3001, 3003}
D/dalvikvm(   58): GC_EXPLICIT freed 37K, 4% free 2705K/2808K, paused 3ms+2ms, total 59ms
I/ActivityManager(  353): Start proc android.process.media for broadcast com.android.providers.downloads/.DownloadReceiver: pid=639 uid=10005 gids={50005, 1028, 1015, 1023, 1024, 2001, 3003, 3007}
D/dalvikvm(   58): GC_EXPLICIT freed <1K, 4% free 2705K/2808K, paused 4ms+2ms, total 56ms
D/dalvikvm(   58): GC_EXPLICIT freed <1K, 4% free 2705K/2808K, paused 2ms+2ms, total 84ms
D/PhoneStatusBar(  463): mSettingsPanelGravity = 55
I/Choreographer(  463): Skipped 573 frames!  The application may be doing too much work on its main thread.
D/gralloc_goldfish(  463): Emulator without GPU emulation detected.
I/LatinIME(  599): Hardware accelerated drawing: true
D/dalvikvm(  353): GC_CONCURRENT freed 446K, 60% free 5355K/13156K, paused 7ms+12ms, total 507ms
V/StatusBar(  463): userId 0 is in the house
I/Choreographer(  463): Skipped 190 frames!  The application may be doing too much work on its main thread.
I/ActivityManager(  353): START u0 {act=android.intent.action.MAIN cat=[android.intent.category.HOME] flg=0x10000000 cmp=com.android.sdksetup/.DefaultActivity} from pid 0
I/ActivityManager(  353): Start proc com.android.sdksetup for activity com.android.sdksetup/.DefaultActivity: pid=659 uid=10042 gids={50042}
D/dalvikvm(  463): GC_FOR_ALLOC freed 116K, 5% free 3576K/3756K, paused 145ms, total 148ms
I/dalvikvm-heap(  463): Grow heap (frag case) to 6.481MB for 3072016-byte allocation
D/dalvikvm(  463): GC_CONCURRENT freed 4K, 3% free 6571K/6760K, paused 5ms+2ms, total 58ms
W/InputAttributes(  599): No editor info for this field. Bug?
D/dalvikvm(  599): GC_CONCURRENT freed 224K, 10% free 2891K/3180K, paused 5ms+16ms, total 240ms
I/ResourceUtils(  599): Found default value: resource=keypress_vibration_durations build=[HARDWARE=goldfish MODEL=sdk BRAND=generic MANUFACTURER=unknown] default=-1
I/ResourceUtils(  599): Found default value: resource=keypress_volumes build=[HARDWARE=goldfish MODEL=sdk BRAND=generic MANUFACTURER=unknown] default=-1.0f
I/LatinIME:LogUtils(  599): Dictionary info: dictionary = personalization.en_US.dict ; version = ? ; date = 1545867717
I/LatinIME:LogUtils(  599): Dictionary info: dictionary = PersonalizationPredictionDictio ; version = ? ; date = 1545867717
I/LatinIME:LogUtils(  599): Dictionary info: dictionary = UserHistoryDictionary.en_US.dic ; version = ? ; date = 1545867717
D/dalvikvm(  612): GC_CONCURRENT freed 168K, 8% free 2919K/3152K, paused 5ms+2ms, total 178ms
D/dalvikvm(  353): GC_CONCURRENT freed 574K, 59% free 5427K/13156K, paused 5ms+71ms, total 588ms
D/dalvikvm(  353): WAIT_FOR_CONCURRENT_GC blocked 33ms
I/ActivityManager(  353): Start proc com.android.printspooler for service com.android.printspooler/.PrintSpoolerService: pid=690 uid=10039 gids={50039}
I/PackageManager(  353):   Action: "android.intent.action.SENDTO"
I/PackageManager(  353):   Category: "android.intent.category.DEFAULT"
I/PackageManager(  353):   Scheme: "sms"
W/BackupManagerService(  353): dataChanged but no participant pkg='com.android.providers.settings' uid=1001
I/PackageManager(  353): Adding preferred activity ComponentInfo{com.android.mms/com.android.mms.ui.ComposeMessageActivity} for user 0 :
I/PackageManager(  353):   Action: "android.intent.action.SENDTO"
I/PackageManager(  353):   Category: "android.intent.category.DEFAULT"
I/PackageManager(  353):   Scheme: "smsto"
I/PackageManager(  353): Adding preferred activity ComponentInfo{com.android.mms/com.android.mms.ui.ComposeMessageActivity} for user 0 :
D/dalvikvm(  463): GC_FOR_ALLOC freed 3002K, 5% free 3574K/3756K, paused 343ms, total 344ms
I/LatinIME:LogUtils(  599): Dictionary info: dictionary = userunigram.en_US.dict ; version = ? ; date = ?
I/PackageManager(  353):   Action: "android.intent.action.SENDTO"
I/PackageManager(  353):   Category: "android.intent.category.DEFAULT"
I/PackageManager(  353):   Scheme: "mms"
I/PackageManager(  353): Adding preferred activity ComponentInfo{com.android.mms/com.android.mms.ui.ComposeMessageActivity} for user 0 :
I/ActivityManager(  353): Force stopping com.android.sdksetup appid=10042 user=0: pkg changed
I/ActivityManager(  353): Killing 659:com.android.sdksetup/u0a42 (adj 0): stop com.android.sdksetup
I/ActivityManager(  353):   Force finishing activity ActivityRecord{b339e5e8 u0 com.android.sdksetup/.DefaultActivity t2}
I/PackageManager(  353):   Action: "android.intent.action.SENDTO"
I/PackageManager(  353):   Category: "android.intent.category.DEFAULT"
I/PackageManager(  353):   Scheme: "mmsto"
I/PackageManager(  353): Adding preferred activity ComponentInfo{com.android.mms/com.android.mms.ui.ComposeMessageActivity} for user 0 :
I/ActivityManager(  353): START u0 {act=android.intent.action.MAIN cat=[android.intent.category.HOME] flg=0x10000000 cmp=com.android.launcher/com.android.launcher2.Launcher} from pid 0
I/dalvikvm-heap(  463): Grow heap (frag case) to 6.480MB for 3072016-byte allocation
I/PackageManager(  353):   Action: "android.intent.action.SENDTO"
I/PackageManager(  353):   Category: "android.intent.category.DEFAULT"
I/PackageManager(  353):   Scheme: "sms"
I/PackageManager(  353): Adding preferred activity ComponentInfo{com.android.mms/com.android.mms.ui.ComposeMessageActivity} for user 0 :
I/ActivityManager(  353): Start proc com.android.launcher for activity com.android.launcher/com.android.launcher2.Launcher: pid=704 uid=10008 gids={50008}
D/dalvikvm(  463): GC_CONCURRENT freed <1K, 3% free 6574K/6760K, paused 4ms+114ms, total 184ms
I/PackageManager(  353):   Action: "android.intent.action.SENDTO"
I/PackageManager(  353):   Category: "android.intent.category.DEFAULT"
I/PackageManager(  353):   Scheme: "smsto"
I/PackageManager(  353): Adding preferred activity ComponentInfo{com.android.mms/com.android.mms.ui.ComposeMessageActivity} for user 0 :
I/PackageManager(  353):   Action: "android.intent.action.SENDTO"
I/PackageManager(  353):   Category: "android.intent.category.DEFAULT"
I/PackageManager(  353):   Scheme: "mms"
I/PackageManager(  353): Adding preferred activity ComponentInfo{com.android.mms/com.android.mms.ui.ComposeMessageActivity} for user 0 :
I/InputReader(  353): Reconfiguring input devices.  changes=0x00000010
I/PackageManager(  353):   Action: "android.intent.action.SENDTO"
I/PackageManager(  353):   Category: "android.intent.category.DEFAULT"
I/PackageManager(  353):   Scheme: "mmsto"
I/PackageManager(  353): Adding preferred activity ComponentInfo{com.android.mms/com.android.mms.ui.ComposeMessageActivity} for user 0 :
D/dalvikvm(  353): GC_CONCURRENT freed 591K, 59% free 5520K/13156K, paused 6ms+65ms, total 280ms
D/dalvikvm(  353): WAIT_FOR_CONCURRENT_GC blocked 232ms
D/dalvikvm(  353): WAIT_FOR_CONCURRENT_GC blocked 234ms
D/dalvikvm(  353): WAIT_FOR_CONCURRENT_GC blocked 180ms
D/dalvikvm(  353): WAIT_FOR_CONCURRENT_GC blocked 167ms
I/PrintSpoolerService(  690): No existing print spooler state.
E/BluetoothAdapter(  612): Bluetooth binder is null
E/BluetoothAdapter(  612): Bluetooth binder is null
I/Choreographer(  463): Skipped 838 frames!  The application may be doing too much work on its main thread.
D/CallNotifier(  612): CallNotifier: mSignalInfoToneGenerator created when toneplay
E/BluetoothAdapter(  612): Bluetooth binder is null
D/dalvikvm(  599): GC_CONCURRENT freed 349K, 12% free 2977K/3364K, paused 53ms+96ms, total 302ms
