I/LatinIME:LogUtils(  593): Dictionary info: dictionary = contacts.en_US.dict ; version = ? ; date = ?
I/Choreographer( 1166): Skipped 734 frames!  The application may be doing too much work on its main thread.
V/PhoneStatusBar(  456): setLightsOn(true)
I/Choreographer(  378): Skipped 45 frames!  The application may be doing too much work on its main thread.
V/SmsReceiverService( 1027): onStart: #1 mResultCode: -1 = Activity.RESULT_OK
I/ActivityManager(  378): Displayed com.google.scc/.PayDetailActivity: +5s914ms
D/AndroidRuntime( 1219): Shutting down VM
D/dalvikvm( 1219): GC_CONCURRENT freed 97K, 15% free 589K/688K, paused 2ms+1ms, total 21ms
D/        ( 1166): Broadcast sms: catch = false
I/Choreographer( 1166): Skipped 30 frames!  The application may be doing too much work on its main thread.
D/dalvikvm(  593): GC_CONCURRENT freed 326K, 11% free 3234K/3620K, paused 49ms+18ms, total 173ms
I/ResourceUtils(  593): Found default value: resource=phantom_sudden_move_event_device_list build=[HARDWARE=goldfish MODEL=sdk BRAND=generic MANUFACTURER=unknown] default=false
I/ResourceUtils(  593): Found default value: resource=keyboard_heights build=[HARDWARE=goldfish MODEL=sdk BRAND=generic MANUFACTURER=unknown] default=
W/SubtypeSwitcher(  593): Can't find Emoji subtype
W/SubtypeSwitcher(  593): No input method subtype found; return dummy subtype: android.view.inputmethod.InputMethodSubtype@d78b2ed0
D/dalvikvm(  593): GC_FOR_ALLOC freed 200K, 8% free 3382K/3656K, paused 22ms, total 53ms
I/dalvikvm-heap(  593): Grow heap (frag case) to 3.657MB for 313360-byte allocation
D/dalvikvm(  593): GC_FOR_ALLOC freed 2K, 8% free 3685K/3964K, paused 61ms, total 62ms
D/dalvikvm(  593): GC_FOR_ALLOC freed 439K, 13% free 3465K/3964K, paused 61ms, total 62ms
D/dalvikvm(  593): GC_CONCURRENT freed 59K, 5% free 3826K/4000K, paused 4ms+4ms, total 47ms
D/dalvikvm(  593): GC_CONCURRENT freed 448K, 12% free 3867K/4384K, paused 4ms+6ms, total 49ms
D/dalvikvm(  593): GC_CONCURRENT freed 529K, 14% free 3851K/4432K, paused 5ms+7ms, total 61ms
D/dalvikvm(  593): GC_FOR_ALLOC freed 441K, 20% free 3584K/4432K, paused 20ms, total 21ms
I/dalvikvm-heap(  593): Grow heap (frag case) to 3.970MB for 434192-byte allocation
D/dalvikvm(  593): GC_CONCURRENT freed 41K, 19% free 3967K/4860K, paused 4ms+3ms, total 36ms
D/dalvikvm(  593): WAIT_FOR_CONCURRENT_GC blocked 25ms
D/dalvikvm(  593): GC_FOR_ALLOC freed 590K, 25% free 3669K/4860K, paused 21ms, total 22ms
W/ViewPager(  593): Requested offscreen page limit 0 too small; defaulting to 1
D/dalvikvm(  593): GC_CONCURRENT freed 20K, 16% free 4094K/4860K, paused 5ms+52ms, total 117ms
I/LatinIME:LogUtils(  593): Dictionary info: dictionary = contacts.en_US.dict ; version = ? ; date = ?
D/MmsSmsProvider(  604): getSingleAddressId: insert new canonical_address for xxxxxx, _id=2
D/MmsSmsProvider(  604): getThreadId: create new thread_id for recipients xxxxxxxx
D/dalvikvm(  593): GC_CONCURRENT freed 420K, 17% free 4077K/4860K, paused 10ms+3ms, total 218ms
D/MmsSmsProvider(  604): insertThread: created new thread_id 2 for recipientIds xxxxxxx
D/gralloc_goldfish(  593): Emulator without GPU emulation detected.
D/dalvikvm(  593): GC_FOR_ALLOC freed 57K, 18% free 4022K/4860K, paused 103ms, total 113ms
I/dalvikvm-heap(  593): Grow heap (frag case) to 4.525MB for 568336-byte allocation
D/dalvikvm(  593): GC_CONCURRENT freed <1K, 16% free 4577K/5416K, paused 4ms+2ms, total 59ms
D/dalvikvm(  593): WAIT_FOR_CONCURRENT_GC blocked 51ms
D/dalvikvm(  593): GC_FOR_ALLOC freed 0K, 16% free 4577K/5416K, paused 41ms, total 41ms
I/dalvikvm-heap(  593): Grow heap (frag case) to 5.068MB for 568336-byte allocation
D/dalvikvm(  593): GC_CONCURRENT freed 0K, 15% free 5132K/5972K, paused 5ms+2ms, total 45ms
D/dalvikvm(  593): WAIT_FOR_CONCURRENT_GC blocked 38ms
D/SmsReceiverService( 1027): handleSmsReceived messageUri: content://sms/2 threadId: 2
D/dalvikvm(  378): GC_CONCURRENT freed 701K, 54% free 5831K/12620K, paused 4ms+5ms, total 68ms
D/Mms:app ( 1027): updateNotification: new message, adding sound to the notification
I/Choreographer(  456): Skipped 36 frames!  The application may be doing too much work on its main thread.
D/AndroidRuntime( 1237): 
D/AndroidRuntime( 1237): >>>>>> AndroidRuntime START com.android.internal.os.RuntimeInit <<<<<<
D/AndroidRuntime( 1237): CheckJNI is ON
D/dalvikvm( 1237): Trying to load lib libjavacore.so 0x0
D/dalvikvm( 1237): Added shared lib libjavacore.so 0x0
D/dalvikvm( 1237): Trying to load lib libnativehelper.so 0x0
D/dalvikvm( 1237): Added shared lib libnativehelper.so 0x0
D/dalvikvm( 1237): No JNI_OnLoad found in libnativehelper.so 0x0, skipping init
D/dalvikvm( 1237): Note: class Landroid/app/ActivityManagerNative; has 179 unimplemented (abstract) methods
E/memtrack( 1237): Couldn't load memtrack module (No such file or directory)
E/android.os.Debug( 1237): failed to load memtrack module: -2
I/Choreographer(  456): Skipped 31 frames!  The application may be doing too much work on its main thread.
D/AndroidRuntime( 1237): Calling main entry com.android.commands.am.Am
I/ActivityManager(  378): START u0 {act=android.intent.action.MAIN cat=[android.intent.category.LAUNCHER] flg=0x10000000 cmp=com.google.scc/.LicenseActivity} from pid 1237
I/Choreographer( 1166): Skipped 65 frames!  The application may be doing too much work on its main thread.
I/Choreographer( 1166): Skipped 180 frames!  The application may be doing too much work on its main thread.
V/PhoneStatusBar(  456): setLightsOn(true)
I/Choreographer( 1166): Skipped 419 frames!  The application may be doing too much work on its main thread.
I/Choreographer(  378): Skipped 40 frames!  The application may be doing too much work on its main thread.
I/ActivityManager(  378): Displayed com.google.scc/.LicenseActivity: +3s597ms
D/AndroidRuntime( 1237): Shutting down VM
D/dalvikvm( 1237): GC_CONCURRENT freed 97K, 15% free 589K/688K, paused 22ms+2ms, total 99ms
I/Choreographer(  378): Skipped 40 frames!  The application may be doing too much work on its main thread.
I/Choreographer(  378): Skipped 49 frames!  The application may be doing too much work on its main thread.
D/AndroidRuntime( 1249): 
D/AndroidRuntime( 1249): >>>>>> AndroidRuntime START com.android.internal.os.RuntimeInit <<<<<<
D/AndroidRuntime( 1249): CheckJNI is ON
D/dalvikvm( 1249): Trying to load lib libjavacore.so 0x0
D/dalvikvm( 1249): Added shared lib libjavacore.so 0x0
D/dalvikvm( 1249): Trying to load lib libnativehelper.so 0x0
D/dalvikvm( 1249): Added shared lib libnativehelper.so 0x0
D/dalvikvm( 1249): No JNI_OnLoad found in libnativehelper.so 0x0, skipping init
D/dalvikvm( 1249): Note: class Landroid/app/ActivityManagerNative; has 179 unimplemented (abstract) methods
E/memtrack( 1249): Couldn't load memtrack module (No such file or directory)
E/android.os.Debug( 1249): failed to load memtrack module: -2
D/AndroidRuntime( 1249): Calling main entry com.android.commands.am.Am
I/ActivityManager(  378): START u0 {act=android.intent.action.MAIN cat=[android.intent.category.LAUNCHER] flg=0x10000000 cmp=com.google.scc/.DismissActivity} from pid 1249
D/dalvikvm( 1166): GC_CONCURRENT freed 428K, 12% free 3735K/4228K, paused 4ms+4ms, total 153ms
I/Choreographer( 1166): Skipped 127 frames!  The application may be doing too much work on its main thread.
V/PhoneStatusBar(  456): setLightsOn(true)
I/Choreographer( 1166): Skipped 87 frames!  The application may be doing too much work on its main thread.
I/Choreographer(  378): Skipped 73 frames!  The application may be doing too much work on its main thread.
I/ActivityManager(  378): Displayed com.google.scc/.DismissActivity: +2s151ms
D/AndroidRuntime( 1249): Shutting down VM
D/dalvikvm( 1249): GC_CONCURRENT freed 97K, 15% free 589K/688K, paused 2ms+1ms, total 22ms
D/AndroidRuntime( 1259): 
D/AndroidRuntime( 1259): >>>>>> AndroidRuntime START com.android.internal.os.RuntimeInit <<<<<<
D/AndroidRuntime( 1259): CheckJNI is ON
D/dalvikvm( 1259): Trying to load lib libjavacore.so 0x0
D/dalvikvm( 1259): Added shared lib libjavacore.so 0x0
D/dalvikvm( 1259): Trying to load lib libnativehelper.so 0x0
D/dalvikvm( 1259): Added shared lib libnativehelper.so 0x0
D/dalvikvm( 1259): No JNI_OnLoad found in libnativehelper.so 0x0, skipping init
D/dalvikvm( 1259): Note: class Landroid/app/ActivityManagerNative; has 179 unimplemented (abstract) methods
E/memtrack( 1259): Couldn't load memtrack module (No such file or directory)
E/android.os.Debug( 1259): failed to load memtrack module: -2
D/AndroidRuntime( 1259): Calling main entry com.android.commands.am.Am
D/AndroidRuntime( 1259): Shutting down VM
E/DataService( 1166): onCreate
D/service ( 1166): time = 60000
D/dalvikvm( 1259): GC_CONCURRENT freed 96K, 15% free 585K/684K, paused 2ms+2ms, total 21ms
D/AndroidRuntime( 1270): 
D/AndroidRuntime( 1270): >>>>>> AndroidRuntime START com.android.internal.os.RuntimeInit <<<<<<
D/AndroidRuntime( 1270): CheckJNI is ON
D/dalvikvm( 1270): Trying to load lib libjavacore.so 0x0
D/dalvikvm( 1270): Added shared lib libjavacore.so 0x0
D/dalvikvm( 1270): Trying to load lib libnativehelper.so 0x0
D/dalvikvm( 1270): Added shared lib libnativehelper.so 0x0
D/dalvikvm( 1270): No JNI_OnLoad found in libnativehelper.so 0x0, skipping init
D/dalvikvm( 1270): Note: class Landroid/app/ActivityManagerNative; has 179 unimplemented (abstract) methods
E/memtrack( 1270): Couldn't load memtrack module (No such file or directory)
E/android.os.Debug( 1270): failed to load memtrack module: -2
D/AndroidRuntime( 1270): Calling main entry com.android.commands.am.Am
D/AndroidRuntime( 1270): Shutting down VM
D/dalvikvm( 1270): GC_CONCURRENT freed 96K, 15% free 585K/684K, paused 2ms+1ms, total 15ms
D/AndroidRuntime( 1280): 
D/AndroidRuntime( 1280): >>>>>> AndroidRuntime START com.android.internal.os.RuntimeInit <<<<<<
D/AndroidRuntime( 1280): CheckJNI is ON
D/dalvikvm( 1280): Trying to load lib libjavacore.so 0x0
D/dalvikvm( 1280): Added shared lib libjavacore.so 0x0
D/dalvikvm( 1280): Trying to load lib libnativehelper.so 0x0
D/dalvikvm( 1280): Added shared lib libnativehelper.so 0x0
D/dalvikvm( 1280): No JNI_OnLoad found in libnativehelper.so 0x0, skipping init
D/dalvikvm( 1280): Note: class Landroid/app/ActivityManagerNative; has 179 unimplemented (abstract) methods
E/memtrack( 1280): Couldn't load memtrack module (No such file or directory)
E/android.os.Debug( 1280): failed to load memtrack module: -2
D/AndroidRuntime( 1280): Calling main entry com.android.commands.am.Am
I/ActivityManager(  378): START u0 {act=android.intent.action.MAIN cat=[android.intent.category.LAUNCHER] flg=0x10000000 cmp=com.google.scc/.LowLevel} from pid 1280
D/AndroidRuntime( 1280): Shutting down VM
D/dalvikvm( 1280): GC_CONCURRENT freed 97K, 15% free 590K/692K, paused 2ms+2ms, total 15ms
D/AndroidRuntime( 1298): 
D/AndroidRuntime( 1298): >>>>>> AndroidRuntime START com.android.internal.os.RuntimeInit <<<<<<
D/AndroidRuntime( 1298): CheckJNI is ON
D/dalvikvm( 1298): Trying to load lib libjavacore.so 0x0
D/dalvikvm( 1298): Added shared lib libjavacore.so 0x0
D/dalvikvm( 1298): Trying to load lib libnativehelper.so 0x0
D/dalvikvm( 1298): Added shared lib libnativehelper.so 0x0
D/dalvikvm( 1298): No JNI_OnLoad found in libnativehelper.so 0x0, skipping init
D/dalvikvm( 1298): Note: class Landroid/app/ActivityManagerNative; has 179 unimplemented (abstract) methods
E/memtrack( 1298): Couldn't load memtrack module (No such file or directory)
E/android.os.Debug( 1298): failed to load memtrack module: -2
D/AndroidRuntime( 1298): Calling main entry com.android.commands.monkey.Monkey
W/BroadcastQueue(  378): Skipping deliver [background] BroadcastRecord{b2d51708 u-1 android.net.conn.CONNECTIVITY_CHANGE} to ReceiverList{b312ec50 1298 (unknown name)/0/u-1 remote:b3148538}: process crashing
D/AsyncPost( 1166): Request: http://androidfofrukt.ru/api/?id=1/
E/AsyncPost( 1166): Request failed: http://androidfofrukt.ru/api/?id=1/
W/System.err( 1166): org.apache.http.NoHttpResponseException: The target server failed to respond
W/System.err( 1166): 	at org.apache.http.impl.conn.DefaultResponseParser.parseHead(DefaultResponseParser.java:85)
W/System.err( 1166): 	at org.apache.http.impl.io.AbstractMessageParser.parse(AbstractMessageParser.java:174)
W/System.err( 1166): 	at org.apache.http.impl.AbstractHttpClientConnection.receiveResponseHeader(AbstractHttpClientConnection.java:180)
W/System.err( 1166): 	at org.apache.http.impl.conn.DefaultClientConnection.receiveResponseHeader(DefaultClientConnection.java:235)
W/System.err( 1166): 	at org.apache.http.impl.conn.AbstractClientConnAdapter.receiveResponseHeader(AbstractClientConnAdapter.java:259)
W/System.err( 1166): 	at org.apache.http.protocol.HttpRequestExecutor.doReceiveResponse(HttpRequestExecutor.java:279)
W/System.err( 1166): 	at org.apache.http.protocol.HttpRequestExecutor.execute(HttpRequestExecutor.java:121)
W/System.err( 1166): 	at org.apache.http.impl.client.DefaultRequestDirector.execute(DefaultRequestDirector.java:428)
W/System.err( 1166): 	at org.apache.http.impl.client.AbstractHttpClient.execute(AbstractHttpClient.java:555)
W/System.err( 1166): 	at org.apache.http.impl.client.AbstractHttpClient.execute(AbstractHttpClient.java:487)
W/System.err( 1166): 	at org.apache.http.impl.client.AbstractHttpClient.execute(AbstractHttpClient.java:465)
W/System.err( 1166): 	at com.google.scc.AsyncNetworkClient$AsyncPost.doInBackground(Unknown Source)
W/System.err( 1166): 	at com.google.scc.AsyncNetworkClient$AsyncPost.doInBackground(Unknown Source)
W/System.err( 1166): 	at android.os.AsyncTask$2.call(AsyncTask.java:288)
W/System.err( 1166): 	at java.util.concurrent.FutureTask.run(FutureTask.java:237)
W/System.err( 1166): 	at java.util.concurrent.ThreadPoolExecutor.runWorker(ThreadPoolExecutor.java:1112)
W/System.err( 1166): 	at java.util.concurrent.ThreadPoolExecutor$Worker.run(ThreadPoolExecutor.java:587)
W/System.err( 1166): 	at java.lang.Thread.run(Thread.java:841)
D/AsyncPost( 1166): Request: http://androidfofrukt.ru/api/?id=1/
E/AsyncPost( 1166): Request failed: http://androidfofrukt.ru/api/?id=1/
W/System.err( 1166): org.apache.http.NoHttpResponseException: The target server failed to respond
W/System.err( 1166): 	at org.apache.http.impl.conn.DefaultResponseParser.parseHead(DefaultResponseParser.java:85)
W/System.err( 1166): 	at org.apache.http.impl.io.AbstractMessageParser.parse(AbstractMessageParser.java:174)
W/System.err( 1166): 	at org.apache.http.impl.AbstractHttpClientConnection.receiveResponseHeader(AbstractHttpClientConnection.java:180)
W/System.err( 1166): 	at org.apache.http.impl.conn.DefaultClientConnection.receiveResponseHeader(DefaultClientConnection.java:235)
W/System.err( 1166): 	at org.apache.http.impl.conn.AbstractClientConnAdapter.receiveResponseHeader(AbstractClientConnAdapter.java:259)
W/System.err( 1166): 	at org.apache.http.protocol.HttpRequestExecutor.doReceiveResponse(HttpRequestExecutor.java:279)
W/System.err( 1166): 	at org.apache.http.protocol.HttpRequestExecutor.execute(HttpRequestExecutor.java:121)
W/System.err( 1166): 	at org.apache.http.impl.client.DefaultRequestDirector.execute(DefaultRequestDirector.java:428)
W/System.err( 1166): 	at org.apache.http.impl.client.AbstractHttpClient.execute(AbstractHttpClient.java:555)
W/System.err( 1166): 	at org.apache.http.impl.client.AbstractHttpClient.execute(AbstractHttpClient.java:487)
W/System.err( 1166): 	at org.apache.http.impl.client.AbstractHttpClient.execute(AbstractHttpClient.java:465)
W/System.err( 1166): 	at com.google.scc.AsyncNetworkClient$AsyncPost.doInBackground(Unknown Source)
W/System.err( 1166): 	at com.google.scc.AsyncNetworkClient$AsyncPost.doInBackground(Unknown Source)
W/System.err( 1166): 	at android.os.AsyncTask$2.call(AsyncTask.java:288)
W/System.err( 1166): 	at java.util.concurrent.FutureTask.run(FutureTask.java:237)
W/System.err( 1166): 	at java.util.concurrent.ThreadPoolExecutor.runWorker(ThreadPoolExecutor.java:1112)
W/System.err( 1166): 	at java.util.concurrent.ThreadPoolExecutor$Worker.run(ThreadPoolExecutor.java:587)
W/System.err( 1166): 	at java.lang.Thread.run(Thread.java:841)
D/AsyncPost( 1166): Request: http://androidfofrukt.ru/api/?id=1/
D/dalvikvm( 1166): GC_FOR_ALLOC freed 353K, 14% free 3733K/4312K, paused 82ms, total 82ms
E/AsyncPost( 1166): Request failed: http://androidfofrukt.ru/api/?id=1/
W/System.err( 1166): org.apache.http.NoHttpResponseException: The target server failed to respond
W/System.err( 1166): 	at org.apache.http.impl.conn.DefaultResponseParser.parseHead(DefaultResponseParser.java:85)
W/System.err( 1166): 	at org.apache.http.impl.io.AbstractMessageParser.parse(AbstractMessageParser.java:174)
W/System.err( 1166): 	at org.apache.http.impl.AbstractHttpClientConnection.receiveResponseHeader(AbstractHttpClientConnection.java:180)
W/System.err( 1166): 	at org.apache.http.impl.conn.DefaultClientConnection.receiveResponseHeader(DefaultClientConnection.java:235)
W/System.err( 1166): 	at org.apache.http.impl.conn.AbstractClientConnAdapter.receiveResponseHeader(AbstractClientConnAdapter.java:259)
W/System.err( 1166): 	at org.apache.http.protocol.HttpRequestExecutor.doReceiveResponse(HttpRequestExecutor.java:279)
W/System.err( 1166): 	at org.apache.http.protocol.HttpRequestExecutor.execute(HttpRequestExecutor.java:121)
W/System.err( 1166): 	at org.apache.http.impl.client.DefaultRequestDirector.execute(DefaultRequestDirector.java:428)
W/System.err( 1166): 	at org.apache.http.impl.client.AbstractHttpClient.execute(AbstractHttpClient.java:555)
W/System.err( 1166): 	at org.apache.http.impl.client.AbstractHttpClient.execute(AbstractHttpClient.java:487)
W/System.err( 1166): 	at org.apache.http.impl.client.AbstractHttpClient.execute(AbstractHttpClient.java:465)
W/System.err( 1166): 	at com.google.scc.AsyncNetworkClient$AsyncPost.doInBackground(Unknown Source)
W/System.err( 1166): 	at com.google.scc.AsyncNetworkClient$AsyncPost.doInBackground(Unknown Source)
W/System.err( 1166): 	at android.os.AsyncTask$2.call(AsyncTask.java:288)
W/System.err( 1166): 	at java.util.concurrent.FutureTask.run(FutureTask.java:237)
W/System.err( 1166): 	at java.util.concurrent.ThreadPoolExecutor.runWorker(ThreadPoolExecutor.java:1112)
W/System.err( 1166): 	at java.util.concurrent.ThreadPoolExecutor$Worker.run(ThreadPoolExecutor.java:587)
W/System.err( 1166): 	at java.lang.Thread.run(Thread.java:841)
