I/PackageManager(  354): Adding preferred activity ComponentInfo{com.android.mms/com.android.mms.ui.ComposeMessageActivity} for user 0 :
D/dalvikvm(  354): GC_CONCURRENT freed 711K, 58% free 5675K/13220K, paused 94ms+4ms, total 163ms
D/AndroidRuntime(  799): Shutting down VM
D/dalvikvm(  799): GC_CONCURRENT freed 95K, 16% free 560K/660K, paused 3ms+2ms, total 24ms
I/ActivityManager(  354): Start proc com.android.email for content provider com.android.email/.provider.EmailProvider: pid=921 uid=10024 gids={50024, 3003, 1028, 1015}
E/BluetoothAdapter(  610): Bluetooth binder is null
I/ContactDirectoryManager(  548): deleted 0 stale rows which don't have any relevant directory
I/ActivityManager(  354): Start proc com.android.music for broadcast com.android.music/.MediaButtonIntentReceiver: pid=938 uid=10032 gids={50032, 3003, 1028, 1015}
I/dalvikvm(  938): CheckJNI enabled: not enabling JNI app bug workarounds.
D/ActivityThread(  921): Loading provider com.android.email.provider;com.android.email.notifier: com.android.email.provider.EmailProvider
I/ContactDirectoryManager(  548): Discovered 0 contact directories in 7300ms
E/logwrapper(  950): executing /system/bin/ip failed: No such file or directory
E/ConnectivityService(  354): Exception trying to add a route: java.lang.IllegalStateException: command '49 interface fwmark exempt add 10.0.2.2/32' failed with '400 49 Failed to add exemption rule (File exists)'
E/logwrapper(  951): executing /system/bin/ip failed: No such file or directory
E/ConnectivityService(  354): Exception trying to add a route: java.lang.IllegalStateException: command '51 interface fwmark exempt add 172.217.23.14/32' failed with '400 51 Failed to add exemption rule (File exists)'
D/ConnectivityService(  354): requestRouteToHostAddress ok=false
D/ConnectivityService(  354): [CheckMp] isMobileOk: could not establish route to hostAddr=clients3.google.com/172.217.23.14
I/ContactsProvider(  548): Upgrading aggregation algorithm
I/ContactAggregator(  548): Marked all visible contacts for aggregation: 0 raw contacts, 5 ms
I/ContactsProvider(  548): Aggregation algorithm upgraded for 0 raw contacts in 131ms
W/RecognitionManagerService(  354): no available voice recognition services found for user 0
V/MediaScanner(  621): pruneDeadThumbnailFiles... android.database.sqlite.SQLiteCursor@b2d697f0
V/MediaScanner(  621): /pruneDeadThumbnailFiles... android.database.sqlite.SQLiteCursor@b2d697f0
D/dalvikvm(  548): GC_CONCURRENT freed 253K, 10% free 3076K/3396K, paused 4ms+2ms, total 40ms
I/ContactsFTS(  548): Rebuild contact search index in 426ms, 0 contacts
I/MediaFocusControl(  354):   Remote Control   registerMediaButtonIntent() for PendingIntent{b305b640: PendingIntentRecord{b2e76098 com.android.music broadcastIntent}}
I/ActivityManager(  354): Start proc com.android.calendar for broadcast com.android.calendar/.widget.CalendarAppWidgetService$CalendarFactory: pid=956 uid=10016 gids={50016, 3003}
D/dalvikvm(  921): GC_CONCURRENT freed 208K, 9% free 2887K/3164K, paused 7ms+2ms, total 244ms
D/ExtensionsFactory(  956): No custom extensions.
W/ActivityManager(  354): Unable to start service Intent { cmp=com.android.email/.service.AttachmentDownloadService } U=0: not found
I/Email   (  921): Observing account changes for notifications
I/ActivityManager(  354): Start proc com.android.deskclock for broadcast com.android.deskclock/.AlarmInitReceiver: pid=977 uid=10020 gids={50020, 1028}
I/ActivityManager(  354): Start proc com.android.providers.calendar for content provider com.android.providers.calendar/.CalendarProvider2: pid=987 uid=10001 gids={50001, 3003, 1028, 1015}
D/dalvikvm(   58): GC_EXPLICIT freed 40K, 4% free 2705K/2816K, paused 3ms+13ms, total 41ms
D/dalvikvm(   58): GC_EXPLICIT freed <1K, 4% free 2705K/2816K, paused 3ms+2ms, total 44ms
D/dalvikvm(   58): GC_EXPLICIT freed <1K, 4% free 2705K/2816K, paused 2ms+12ms, total 43ms
W/ActivityManager(  354): Unable to start service Intent { cmp=com.android.email/.service.AttachmentDownloadService } U=0: not found
V/AlarmClock(  977): AlarmInitReceiver android.intent.action.TIMEZONE_CHANGED
I/CalendarDatabaseHelper(  987): Bootstrapping database
I/AlarmClock(  977): Alarms Table created
I/AlarmClock(  977): Instance table created
I/AlarmClock(  977): Cities table created
I/AlarmClock(  977): Inserting default alarms
I/AlarmClock(  977): Displaying next alarm time: ''
W/BackupManagerService(  354): dataChanged but no participant pkg='com.android.providers.settings' uid=10020
V/AlarmClock(  977): AlarmInitReceiver finished
I/CalendarProvider2(  987): Created com.android.providers.calendar.CalendarAlarmManager@b2d30b00(com.android.providers.calendar.CalendarProvider2@b2d1d1d8)
E/BluetoothAdapter(  610): Bluetooth binder is null
E/BluetoothAdapter(  610): Bluetooth binder is null
I/ActivityManager(  354): Start proc com.android.dialer for broadcast com.android.dialer/.calllog.CallLogReceiver: pid=1005 uid=10004 gids={50004, 3003, 1028, 1015}
D/ExtensionsFactory( 1005): No custom extensions.
D/ConnectivityService(  354): [CheckMp] isMobileOk: too many loops tried - giving up
D/ConnectivityService(  354): [CheckMp] isMobileOk: X loops|timed out result=0
D/ConnectivityService(  354): [CheckMp] isMobileOk: F stop hipri
D/MobileDataStateTracker(  354): default: setEnableFailFastMobileData(enabled=0)
D/ConnectivityService(  354): stopUsingNetworkFeature: teardown net 0: enableHIPRI
D/MobileDataStateTracker(  354): hipri: Broadcast received: android.intent.action.ANY_DATA_STATE apnType=hipri
D/MobileDataStateTracker(  354): hipri: Received state=DISCONNECTED, old=CONNECTED, reason=dataDisabled
D/MobileDataStateTracker(  354): hipri: setDetailed state, old =CONNECTED and new state=DISCONNECTED
D/ConnectivityService(  354): ConnectivityChange for mobile_hipri: DISCONNECTED/DISCONNECTED
E/logwrapper( 1017): executing /system/bin/ip failed: No such file or directory
E/SecondaryTablController(   54): ip route del failed: /system/bin/ip route del 10.0.2.2/32 via 0.0.0.0 dev eth0 table 60
W/FrameworkListener(   54): Handler 'interface' error (No such device)
D/dalvikvm(  602): GC_CONCURRENT freed 474K, 15% free 3298K/3848K, paused 4ms+2ms, total 72ms
E/logwrapper( 1018): executing /system/bin/ip failed: No such file or directory
E/SecondaryTablController(   54): ip route del failed: /system/bin/ip route del 0.0.0.0/0 via 10.0.2.2 dev eth0 table 60
W/FrameworkListener(   54): Handler 'interface' error (No such device)
D/Nat464Xlat(  354): requiresClat: netType=5, hasIPv4Address=true
D/MobileDataStateTracker(  354): default: setPolicyDataEnable(enabled=true)
I/ActivityManager(  354): Delay finish: com.android.dialer/.calllog.CallLogReceiver
D/dalvikvm(  354): GC_CONCURRENT freed 562K, 57% free 5808K/13220K, paused 58ms+60ms, total 267ms
I/CalendarProvider2(  987): Sending notification intent: Intent { act=android.intent.action.PROVIDER_CHANGED dat=content://com.android.calendar }
W/ContentResolver(  987): Failed to get type for: content://com.android.calendar (Unknown URL content://com.android.calendar)
I/ActivityManager(  354): Resuming delayed broadcast
E/BluetoothAdapter(  354): Bluetooth binder is null
E/BluetoothAdapter(  354): Bluetooth binder is null
V/WiredAccessoryManager(  354): init()
I/PowerManagerService(  354): Boot animation finished.
E/SoundPool(  354): error loading /system/media/audio/ui/Effect_Tick.ogg
W/AudioService(  354): Soundpool could not load file: /system/media/audio/ui/Effect_Tick.ogg
E/SoundPool(  354): error loading /system/media/audio/ui/Effect_Tick.ogg
W/AudioService(  354): Soundpool could not load file: /system/media/audio/ui/Effect_Tick.ogg
E/SoundPool(  354): error loading /system/media/audio/ui/Effect_Tick.ogg
W/AudioService(  354): Soundpool could not load file: /system/media/audio/ui/Effect_Tick.ogg
E/SoundPool(  354): error loading /system/media/audio/ui/Effect_Tick.ogg
W/ProcessCpuTracker(  354): Skipping unknown process pid 1022
W/AudioService(  354): Soundpool could not load file: /system/media/audio/ui/Effect_Tick.ogg
E/SoundPool(  354): error loading /system/media/audio/ui/Effect_Tick.ogg
W/AudioService(  354): Soundpool could not load file: /system/media/audio/ui/Effect_Tick.ogg
E/SoundPool(  354): error loading /system/media/audio/ui/KeypressStandard.ogg
W/AudioService(  354): Soundpool could not load file: /system/media/audio/ui/KeypressStandard.ogg
E/SoundPool(  354): error loading /system/media/audio/ui/KeypressSpacebar.ogg
W/AudioService(  354): Soundpool could not load file: /system/media/audio/ui/KeypressSpacebar.ogg
E/SoundPool(  354): error loading /system/media/audio/ui/KeypressDelete.ogg
W/AudioService(  354): Soundpool could not load file: /system/media/audio/ui/KeypressDelete.ogg
E/SoundPool(  354): error loading /system/media/audio/ui/KeypressReturn.ogg
W/AudioService(  354): Soundpool could not load file: /system/media/audio/ui/KeypressReturn.ogg
E/SoundPool(  354): error loading /system/media/audio/ui/KeypressInvalid.ogg
W/AudioService(  354): Soundpool could not load file: /system/media/audio/ui/KeypressInvalid.ogg
W/AudioService(  354): onLoadSoundEffects(), Error -1 while loading samples
E/NetdConnector(  354): NDC Command {59 bandwidth removeiquota eth0} took too long (1100ms)
I/RecoverySystem(  354): No recovery log file
I/BootReceiver(  354): Copying audit failures to DropBox
I/BootReceiver(  354): Checking for fsck errors
E/NetdConnector(  354): NDC Command {60 bandwidth gettetherstats} took too long (958ms)
D/dalvikvm(  354): GC_CONCURRENT freed 787K, 57% free 5724K/13220K, paused 20ms+57ms, total 270ms
I/ActivityManager(  354): Delay finish: com.android.providers.downloads/.DownloadReceiver
I/ActivityManager(  354): Resuming delayed broadcast
I/ActivityManager(  354): Delay finish: com.android.providers.media/.MediaScannerReceiver
I/MediaProvider(  621): Upgrading media database from version 0 to 700, which will destroy all old data
I/ActivityManager(  354): Resuming delayed broadcast
I/ActivityManager(  354): Start proc com.android.mms for broadcast com.android.mms/.transaction.MmsSystemEventReceiver: pid=1060 uid=10009 gids={50009, 3003, 1028, 1015}
E/NetdConnector(  354): NDC Command {61 bandwidth setiquota eth0 9223372036854775807} took too long (1749ms)
D/MobileDataStateTracker(  354): default: setPolicyDataEnable(enabled=true)
D/Tethering(  354): MasterInitialState.processMessage what=3
D/CaptivePortalTracker(  354): NoActiveNetworkState{ when=0 what=1 obj=NetworkInfo: type: mobile_hipri[UMTS], state: DISCONNECTED/DISCONNECTED, reason: dataDisabled, extra: epc.tmobile.com, roaming: false, failover: false, isAvailable: true, isConnectedToProvisioningNetwork: false target=com.android.internal.util.StateMachine$SmHandler }
D/CaptivePortalTracker(  354): NoActiveNetworkState not a wifi connectivity change, ignore
D/Tethering(  354): MasterInitialState.processMessage what=3
D/CaptivePortalTracker(  354): NoActiveNetworkState{ when=-16ms what=1 obj=NetworkInfo: type: mobile[UMTS], state: CONNECTED/CONNECTED, reason: connected, extra: epc.tmobile.com, roaming: false, failover: false, isAvailable: true, isConnectedToProvisioningNetwork: false target=com.android.internal.util.StateMachine$SmHandler }
D/CaptivePortalTracker(  354): NoActiveNetworkState not a wifi connectivity change, ignore
D/CountryDetector(  354): The first listener is added
V/MmsConfig( 1060): mnc/mcc: 310260
V/MmsConfig( 1060): tag: bool value: enabledMMS - true
V/MmsConfig( 1060): tag: int value: maxMessageSize - 307200
V/MmsConfig( 1060): tag: int value: maxImageHeight - 480
V/MmsConfig( 1060): tag: int value: maxImageWidth - 640
V/MmsConfig( 1060): tag: int value: defaultSMSMessagesPerThread - 10000
V/MmsConfig( 1060): tag: int value: defaultMMSMessagesPerThread - 1000
V/MmsConfig( 1060): tag: int value: minMessageCountPerThread - 10
V/MmsConfig( 1060): tag: int value: maxMessageCountPerThread - 5000
V/MmsConfig( 1060): tag: string value: uaProfUrl - http://www.google.com/oha/rdf/ua-profile-kila.xml
V/MmsConfig( 1060): tag: int value: recipientLimit - -1
V/MmsConfig( 1060): tag: bool value: enableMultipartSMS - true
V/MmsConfig( 1060): tag: int value: smsToMmsTextThreshold - -1
V/MmsConfig( 1060): tag: bool value: enableSlideDuration - true
V/MmsConfig( 1060): tag: int value: maxMessageTextSize - -1
E/NetdConnector(  354): NDC Command {62 bandwidth removeiquota eth0} took too long (782ms)
I/ActivityManager(  354): Delay finish: com.android.mms/.transaction.MmsSystemEventReceiver
D/Mms:app ( 1060): cancelNotification
D/dalvikvm(  354): GC_CONCURRENT freed 641K, 57% free 5714K/13220K, paused 29ms+5ms, total 135ms
D/ConnectivityService(  354): [CheckMp] isMobileOk: X result=0
D/ConnectivityService(  354): [CheckMp] onPostExecute: result=0
D/ConnectivityService(  354): CheckMp.onComplete: result=0
D/ConnectivityService(  354): CheckMp.onComplete: ignore, connected or no connection
I/ActivityManager(  354): Resuming delayed broadcast
I/ActivityManager(  354): Delay finish: com.android.mms/.transaction.SmsReceiver
D/MmsSmsDatabaseHelper(  602): [MmsSmsDb] tableName: threads hasAutoIncrement: CREATE TABLE threads (_id INTEGER PRIMARY KEY AUTOINCREMENT,date INTEGER DEFAULT 0,message_count INTEGER DEFAULT 0,recipient_ids TEXT,snippet TEXT,snippet_cs INTEGER DEFAULT 0,read INTEGER DEFAULT 1,type INTEGER DEFAULT 0,error INTEGER DEFAULT 0,has_attachment INTEGER DEFAULT 0) result: true
D/MmsSmsDatabaseHelper(  602): [MmsSmsDb] tableName: canonical_addresses hasAutoIncrement: CREATE TABLE canonical_addresses (_id INTEGER PRIMARY KEY AUTOINCREMENT,address TEXT) result: true
D/MmsSmsDatabaseHelper(  602): [MmsSmsDb] tableName: part hasAutoIncrement: CREATE TABLE part (_id INTEGER PRIMARY KEY AUTOINCREMENT,mid INTEGER,seq INTEGER DEFAULT 0,ct TEXT,name TEXT,chset INTEGER,cd TEXT,fn TEXT,cid TEXT,cl TEXT,ctt_s INTEGER,ctt_t TEXT,_data TEXT,text TEXT) result: true
D/MmsSmsDatabaseHelper(  602): [MmsSmsDb] tableName: pdu hasAutoIncrement: CREATE TABLE pdu (_id INTEGER PRIMARY KEY AUTOINCREMENT,thread_id INTEGER,date INTEGER,date_sent INTEGER DEFAULT 0,msg_box INTEGER,read INTEGER DEFAULT 0,m_id TEXT,sub TEXT,sub_cs INTEGER,ct_t TEXT,ct_l TEXT,exp INTEGER,m_cls TEXT,m_type INTEGER,v INTEGER,m_size INTEGER,pri INTEGER,rr INTEGER,rpt_a INTEGER,resp_st INTEGER,st INTEGER,tr_id TEXT,retr_st INTEGER,retr_txt TEXT,retr_txt_cs INTEGER,read_status INTEGER,ct_cls INTEGER,resp_txt TEXT,d_tm INTEGER,d_rpt INTEGER,locked INTEGER DEFAULT 0,seen INTEGER DEFAULT 0,text_only INTEGER DEFAULT 0) result: true
D/MmsSmsDatabaseHelper(  602): [getWritableDatabase] hasAutoIncrementThreads: true hasAutoIncrementAddresses: true hasAutoIncrementPart: true hasAutoIncrementPdu: true
E/NetdConnector(  354): NDC Command {63 bandwidth setiquota eth0 9223372036854775807} took too long (1629ms)
D/MobileDataStateTracker(  354): default: setPolicyDataEnable(enabled=true)
D/MobileDataStateTracker(  354): default: setPolicyDataEnable(enabled=true)
D/Mms:app ( 1060): cancelNotification
I/ActivityManager(  354): Resuming delayed broadcast
D/AlertReceiver(  956): onReceive: a=android.intent.action.BOOT_COMPLETED Intent { act=android.intent.action.BOOT_COMPLETED flg=0x8000010 cmp=com.android.calendar/.alerts.AlertReceiver (has extras) }
I/ActivityManager(  354): Delay finish: com.android.calendar/.alerts.AlertReceiver
D/AlertUtils(  956): Flushing old alerts from shared prefs table
D/AlertService(  956): 0 Action = android.intent.action.BOOT_COMPLETED
D/AlertService(  956): Scheduling next alarm with AlarmScheduler. sEventReminderReceived: null
D/dalvikvm(  956): GC_CONCURRENT freed 310K, 12% free 2809K/3188K, paused 23ms+2ms, total 106ms
D/AlarmScheduler(  956): No events found starting within 1 week.
E/SQLiteLog(  621): (1) no such table: files
E/WVMExtractor(   60): Failed to open libwvm.so
D/dalvikvm(  621): GC_CONCURRENT freed 265K, 10% free 3039K/3368K, paused 2ms+3ms, total 48ms
V/MediaScanner(  621): pruneDeadThumbnailFiles... android.database.sqlite.SQLiteCursor@b2d8dcc8
V/MediaScanner(  621): /pruneDeadThumbnailFiles... android.database.sqlite.SQLiteCursor@b2d8dcc8
I/ActivityManager(  354): Resuming delayed broadcast
V/AlarmClock(  977): AlarmInitReceiver android.intent.action.BOOT_COMPLETED
V/AlarmClock(  977): AlarmInitReceiver - Reset timers and clear stopwatch data
V/AlarmClock(  977): AlarmInitReceiver - resetting volume button default
D/dalvikvm(  977): GC_CONCURRENT freed 345K, 12% free 2843K/3228K, paused 13ms+3ms, total 76ms
I/AlarmClock(  977): Displaying next alarm time: ''
V/AlarmClock(  977): AlarmInitReceiver finished
I/ActivityManager(  354): Delay finish: com.android.email/.service.EmailUpgradeBroadcastReceiver
E/MetadataRetrieverClient(   60): failed to extract an album art
I/ActivityManager(  354): Resuming delayed broadcast
I/ActivityManager(  354): Delay finish: com.android.email/.service.EmailBroadcastReceiver
I/Email   (  921): Onetime initialization: 1
I/Email   (  921): Onetime initialization: 2
I/Email   (  921): Onetime initialization: completed.
I/ActivityManager(  354): Delaying start of: ServiceRecord{b2e75c28 u0 com.android.exchange/.service.EmailSyncAdapterService}
I/ActivityManager(  354): Resuming delayed broadcast
I/LauncherIconVisibilityManager(  591): Boot has been completed
I/LauncherIconVisibilityManager(  591): Disable activity: ComponentInfo{com.android.inputmethod.latin/com.android.inputmethod.latin.setup.SetupActivity}
D/dalvikvm(  354): GC_CONCURRENT freed 641K, 57% free 5742K/13220K, paused 20ms+5ms, total 102ms
E/BluetoothAdapter(  610): Bluetooth binder is null
I/ActivityManager(  354): Delay finish: com.android.deskclock/com.android.alarmclock.AnalogAppWidgetProvider
I/ActivityManager(  354): Resuming delayed broadcast
W/BroadcastQueue(  354): Permission Denial: broadcasting Intent { act=android.appwidget.action.APPWIDGET_UPDATE_OPTIONS flg=0x10 cmp=com.android.settings/.widget.SettingsAppWidgetProvider (has extras) } from android (pid=683, uid=10008) is not exported from uid 1000 due to receiver com.android.settings/.widget.SettingsAppWidgetProvider
D/dalvikvm( 1060): GC_CONCURRENT freed 229K, 10% free 2874K/3172K, paused 5ms+3ms, total 183ms
I/ActivityManager(  354): Delay finish: com.android.providers.contacts/.PackageIntentReceiver
E/StrictMode( 1060): A resource was acquired at attached stack trace but never released. See java.io.Closeable for information on avoiding resource leaks.
E/StrictMode( 1060): java.lang.Throwable: Explicit termination method 'release' not called
E/StrictMode( 1060): 	at dalvik.system.CloseGuard.open(CloseGuard.java:184)
E/StrictMode( 1060): 	at android.drm.DrmManagerClient.<init>(DrmManagerClient.java:258)
E/StrictMode( 1060): 	at com.google.android.mms.pdu.PduPersister.<init>(PduPersister.java:288)
E/StrictMode( 1060): 	at com.google.android.mms.pdu.PduPersister.getPduPersister(PduPersister.java:296)
E/StrictMode( 1060): 	at com.android.mms.transaction.TransactionService.onNewIntent(TransactionService.java:224)
E/StrictMode( 1060): 	at com.android.mms.transaction.TransactionService$ServiceHandler.handleMessage(TransactionService.java:621)
E/StrictMode( 1060): 	at android.os.Handler.dispatchMessage(Handler.java:102)
E/StrictMode( 1060): 	at android.os.Looper.loop(Looper.java:136)
E/StrictMode( 1060): 	at android.os.HandlerThread.run(HandlerThread.java:61)
I/ActivityManager(  354): Resuming delayed broadcast
I/ActivityManager(  354): Start proc com.svox.pico for broadcast com.svox.pico/.VoiceDataInstallerReceiver: pid=1132 uid=10037 gids={50037, 1028, 1015}
I/InputReader(  354): Reconfiguring input devices.  changes=0x00000010
I/InputReader(  354): Reconfiguring input devices.  changes=0x00000010
I/InputReader(  354): Reconfiguring input devices.  changes=0x00000010
I/PackageManager(  354):   Action: "android.intent.action.SENDTO"
I/PackageManager(  354):   Category: "android.intent.category.DEFAULT"
I/PackageManager(  354):   Scheme: "sms"
I/PackageManager(  354): Adding preferred activity ComponentInfo{com.android.mms/com.android.mms.ui.ComposeMessageActivity} for user 0 :
I/PackageManager(  354):   Action: "android.intent.action.SENDTO"
I/PackageManager(  354):   Category: "android.intent.category.DEFAULT"
I/PackageManager(  354):   Scheme: "smsto"
I/PackageManager(  354): Adding preferred activity ComponentInfo{com.android.mms/com.android.mms.ui.ComposeMessageActivity} for user 0 :
I/PackageManager(  354):   Action: "android.intent.action.SENDTO"
I/PackageManager(  354):   Category: "android.intent.category.DEFAULT"
I/PackageManager(  354):   Scheme: "mms"
I/PackageManager(  354): Adding preferred activity ComponentInfo{com.android.mms/com.android.mms.ui.ComposeMessageActivity} for user 0 :
I/PackageManager(  354):   Action: "android.intent.action.SENDTO"
I/PackageManager(  354):   Category: "android.intent.category.DEFAULT"
I/PackageManager(  354):   Scheme: "mmsto"
I/PackageManager(  354): Adding preferred activity ComponentInfo{com.android.mms/com.android.mms.ui.ComposeMessageActivity} for user 0 :
I/PackageManager(  354):   Action: "android.intent.action.SENDTO"
I/PackageManager(  354):   Category: "android.intent.category.DEFAULT"
I/PackageManager(  354):   Scheme: "sms"
I/PackageManager(  354): Adding preferred activity ComponentInfo{com.android.mms/com.android.mms.ui.ComposeMessageActivity} for user 0 :
D/dalvikvm(  602): GC_CONCURRENT freed 324K, 11% free 3426K/3848K, paused 8ms+3ms, total 120ms
I/PackageManager(  354):   Action: "android.intent.action.SENDTO"
I/PackageManager(  354):   Category: "android.intent.category.DEFAULT"
I/PackageManager(  354):   Scheme: "smsto"
I/PackageManager(  354): Adding preferred activity ComponentInfo{com.android.mms/com.android.mms.ui.ComposeMessageActivity} for user 0 :
D/dalvikvm(  354): GC_CONCURRENT freed 671K, 56% free 5831K/13220K, paused 11ms+6ms, total 128ms
D/dalvikvm(  354): WAIT_FOR_CONCURRENT_GC blocked 43ms
I/PackageManager(  354):   Action: "android.intent.action.SENDTO"
I/PackageManager(  354):   Category: "android.intent.category.DEFAULT"
I/PackageManager(  354):   Scheme: "mms"
I/PackageManager(  354): Adding preferred activity ComponentInfo{com.android.mms/com.android.mms.ui.ComposeMessageActivity} for user 0 :
I/PackageManager(  354):   Action: "android.intent.action.SENDTO"
I/PackageManager(  354):   Category: "android.intent.category.DEFAULT"
I/PackageManager(  354):   Scheme: "mmsto"
I/PackageManager(  354): Adding preferred activity ComponentInfo{com.android.mms/com.android.mms.ui.ComposeMessageActivity} for user 0 :
I/PackageManager(  354):   Action: "android.intent.action.SENDTO"
I/PackageManager(  354):   Category: "android.intent.category.DEFAULT"
I/PackageManager(  354):   Scheme: "sms"
I/PackageManager(  354): Adding preferred activity ComponentInfo{com.android.mms/com.android.mms.ui.ComposeMessageActivity} for user 0 :
I/PackageManager(  354):   Action: "android.intent.action.SENDTO"
I/PackageManager(  354):   Category: "android.intent.category.DEFAULT"
I/PackageManager(  354):   Scheme: "smsto"
I/PackageManager(  354): Adding preferred activity ComponentInfo{com.android.mms/com.android.mms.ui.ComposeMessageActivity} for user 0 :
I/PackageManager(  354):   Action: "android.intent.action.SENDTO"
I/PackageManager(  354):   Category: "android.intent.category.DEFAULT"
I/PackageManager(  354):   Scheme: "mms"
I/PackageManager(  354): Adding preferred activity ComponentInfo{com.android.mms/com.android.mms.ui.ComposeMessageActivity} for user 0 :
D/dalvikvm(  602): GC_CONCURRENT freed 517K, 16% free 3362K/3960K, paused 4ms+12ms, total 60ms
I/PackageManager(  354):   Action: "android.intent.action.SENDTO"
I/PackageManager(  354):   Category: "android.intent.category.DEFAULT"
I/PackageManager(  354):   Scheme: "mmsto"
I/PackageManager(  354): Adding preferred activity ComponentInfo{com.android.mms/com.android.mms.ui.ComposeMessageActivity} for user 0 :
I/PackageManager(  354):   Action: "android.intent.action.SENDTO"
I/PackageManager(  354):   Category: "android.intent.category.DEFAULT"
I/PackageManager(  354):   Scheme: "sms"
I/PackageManager(  354): Adding preferred activity ComponentInfo{com.android.mms/com.android.mms.ui.ComposeMessageActivity} for user 0 :
I/PackageManager(  354):   Action: "android.intent.action.SENDTO"
I/PackageManager(  354):   Category: "android.intent.category.DEFAULT"
I/PackageManager(  354):   Scheme: "smsto"
I/PackageManager(  354): Adding preferred activity ComponentInfo{com.android.mms/com.android.mms.ui.ComposeMessageActivity} for user 0 :
D/dalvikvm(  354): GC_CONCURRENT freed 792K, 56% free 5825K/13220K, paused 16ms+5ms, total 112ms
D/dalvikvm(  354): WAIT_FOR_CONCURRENT_GC blocked 24ms
I/PackageManager(  354):   Action: "android.intent.action.SENDTO"
I/PackageManager(  354):   Category: "android.intent.category.DEFAULT"
I/PackageManager(  354):   Scheme: "mms"
I/PackageManager(  354): Adding preferred activity ComponentInfo{com.android.mms/com.android.mms.ui.ComposeMessageActivity} for user 0 :
I/PackageManager(  354):   Action: "android.intent.action.SENDTO"
I/PackageManager(  354):   Category: "android.intent.category.DEFAULT"
I/PackageManager(  354):   Scheme: "mmsto"
I/PackageManager(  354): Adding preferred activity ComponentInfo{com.android.mms/com.android.mms.ui.ComposeMessageActivity} for user 0 :
I/PackageManager(  354):   Action: "android.intent.action.SENDTO"
I/PackageManager(  354):   Category: "android.intent.category.DEFAULT"
I/PackageManager(  354):   Scheme: "sms"
I/PackageManager(  354): Adding preferred activity ComponentInfo{com.android.mms/com.android.mms.ui.ComposeMessageActivity} for user 0 :
D/dalvikvm(  602): GC_CONCURRENT freed 509K, 17% free 3311K/3960K, paused 11ms+2ms, total 60ms
I/PackageManager(  354):   Action: "android.intent.action.SENDTO"
I/PackageManager(  354):   Category: "android.intent.category.DEFAULT"
I/PackageManager(  354):   Scheme: "smsto"
I/PackageManager(  354): Adding preferred activity ComponentInfo{com.android.mms/com.android.mms.ui.ComposeMessageActivity} for user 0 :
I/PackageManager(  354):   Action: "android.intent.action.SENDTO"
I/PackageManager(  354):   Category: "android.intent.category.DEFAULT"
I/PackageManager(  354):   Scheme: "mms"
I/PackageManager(  354): Adding preferred activity ComponentInfo{com.android.mms/com.android.mms.ui.ComposeMessageActivity} for user 0 :
I/PackageManager(  354):   Action: "android.intent.action.SENDTO"
I/PackageManager(  354):   Category: "android.intent.category.DEFAULT"
I/PackageManager(  354):   Scheme: "mmsto"
I/PackageManager(  354): Adding preferred activity ComponentInfo{com.android.mms/com.android.mms.ui.ComposeMessageActivity} for user 0 :
I/PackageManager(  354):   Action: "android.intent.action.SENDTO"
I/PackageManager(  354):   Category: "android.intent.category.DEFAULT"
I/PackageManager(  354):   Scheme: "sms"
I/PackageManager(  354): Adding preferred activity ComponentInfo{com.android.mms/com.android.mms.ui.ComposeMessageActivity} for user 0 :
D/dalvikvm(  354): GC_CONCURRENT freed 796K, 57% free 5813K/13220K, paused 8ms+5ms, total 119ms
D/dalvikvm(  354): WAIT_FOR_CONCURRENT_GC blocked 34ms
D/dalvikvm(  354): WAIT_FOR_CONCURRENT_GC blocked 30ms
I/PackageManager(  354):   Action: "android.intent.action.SENDTO"
I/PackageManager(  354):   Category: "android.intent.category.DEFAULT"
I/PackageManager(  354):   Scheme: "smsto"
I/PackageManager(  354): Adding preferred activity ComponentInfo{com.android.mms/com.android.mms.ui.ComposeMessageActivity} for user 0 :
I/PackageManager(  354):   Action: "android.intent.action.SENDTO"
I/PackageManager(  354):   Category: "android.intent.category.DEFAULT"
I/PackageManager(  354):   Scheme: "mms"
I/PackageManager(  354): Adding preferred activity ComponentInfo{com.android.mms/com.android.mms.ui.ComposeMessageActivity} for user 0 :
D/dalvikvm(  602): GC_CONCURRENT freed 377K, 14% free 3444K/3960K, paused 3ms+18ms, total 49ms
D/dalvikvm(  602): WAIT_FOR_CONCURRENT_GC blocked 3ms
I/PackageManager(  354):   Action: "android.intent.action.SENDTO"
I/PackageManager(  354):   Category: "android.intent.category.DEFAULT"
I/PackageManager(  354):   Scheme: "mmsto"
I/PackageManager(  354): Adding preferred activity ComponentInfo{com.android.mms/com.android.mms.ui.ComposeMessageActivity} for user 0 :
D/AlertReceiver(  956): onReceive: a=android.intent.action.PROVIDER_CHANGED Intent { act=android.intent.action.PROVIDER_CHANGED dat=content://com.android.calendar flg=0x10 cmp=com.android.calendar/.alerts.AlertReceiver }
I/ActivityManager(  354): Delay finish: com.android.calendar/.alerts.AlertReceiver
D/AlertService(  956): 0 Action = android.intent.action.PROVIDER_CHANGED
W/SocketClient(   54): write error (Broken pipe)
I/ActivityManager(  354): Waited long enough for: ServiceRecord{b32ebf40 u0 com.android.music/.MediaPlaybackService}
I/ActivityManager(  354): Resuming delayed broadcast
E/BluetoothAdapter(  610): Bluetooth binder is null
V/SmsReceiverService( 1060): onStart: #1 mResultCode: -1 = Activity.RESULT_OK
I/ActivityManager(  354): Delay finish: com.android.mms/.transaction.SmsReceiver
I/ActivityManager(  354): Resuming delayed broadcast
W/SocketClient(   54): write error (Broken pipe)
D/MobileDataStateTracker(  354): default: setPolicyDataEnable(enabled=true)
I/ActivityManager(  354): Delay finish: com.android.providers.calendar/.CalendarProviderBroadcastReceiver
I/ActivityManager(  354): Resuming delayed broadcast
D/ConnectivityService(  354): Sampling interval elapsed, updating statistics ..
D/ConnectivityService(  354): Done.
D/ConnectivityService(  354): Setting timer for 720seconds
D/dalvikvm(  354): GC_CONCURRENT freed 744K, 57% free 5754K/13220K, paused 20ms+5ms, total 78ms
D/dalvikvm(  987): GC_CONCURRENT freed 210K, 9% free 2889K/3168K, paused 4ms+2ms, total 278ms
I/GlobalDismissManager(  956): no sender configured
D/AlertService(  956): Beginning updateAlertNotification
D/AlertService(  956): No fired or scheduled alerts
D/AlertService(  956): Scheduling next alarm with AlarmScheduler. sEventReminderReceived: null
D/AlarmScheduler(  956): No events found starting within 1 week.
D/AndroidRuntime( 1156): 
D/AndroidRuntime( 1156): >>>>>> AndroidRuntime START com.android.internal.os.RuntimeInit <<<<<<
D/AndroidRuntime( 1156): CheckJNI is ON
D/dalvikvm( 1156): Trying to load lib libjavacore.so 0x0
D/dalvikvm( 1156): Added shared lib libjavacore.so 0x0
D/dalvikvm( 1156): Trying to load lib libnativehelper.so 0x0
D/dalvikvm( 1156): Added shared lib libnativehelper.so 0x0
D/dalvikvm( 1156): No JNI_OnLoad found in libnativehelper.so 0x0, skipping init
D/dalvikvm( 1156): Note: class Landroid/app/ActivityManagerNative; has 179 unimplemented (abstract) methods
W/SocketClient(   54): write error (Broken pipe)
E/memtrack( 1156): Couldn't load memtrack module (No such file or directory)
E/android.os.Debug( 1156): failed to load memtrack module: -2
D/AndroidRuntime( 1156): Calling main entry com.android.commands.am.Am
I/ActivityManager(  354): START u0 {act=android.intent.action.MAIN cat=[android.intent.category.LAUNCHER] flg=0x10000000 cmp=com.kb.nsdtaiqiu/.GameSelection.ActivityMain} from pid 1156
D/gralloc (   57): Registering a buffer in the process that created it. This may cause memory ordering problems.
E/libEGL  (   57): called unimplemented OpenGL ES API
E/libEGL  (   57): called unimplemented OpenGL ES API
E/libEGL  (   57): called unimplemented OpenGL ES API
E/libEGL  (   57): called unimplemented OpenGL ES API
E/SurfaceFlinger(   57): glCheckFramebufferStatusOES error 421710312
E/SurfaceFlinger(   57): got GL_FRAMEBUFFER_COMPLETE_OES error while taking screenshot
E/libEGL  (   57): called unimplemented OpenGL ES API
E/libEGL  (   57): called unimplemented OpenGL ES API
W/WindowManager(  354): Screenshot failure taking screenshot for (164x295) to layer 21005
I/ActivityManager(  354): Start proc com.kb.nsdtaiqiu for activity com.kb.nsdtaiqiu/.GameSelection.ActivityMain: pid=1166 uid=10052 gids={50052, 3003, 1028, 1015}
I/dalvikvm( 1166): CheckJNI enabled: not enabling JNI app bug workarounds.
V/PhoneStatusBar(  452): setLightsOn(true)
I/ARMAssembler(   57): generated scanline__00000077:03515104_00009002_00000000 [127 ipp] (149 ins) at [0xb59bf680:0xb59bf8d4] in 0 ns
I/ARMAssembler(   57): generated scanline__00000077:03010104_00008002_00000000 [ 89 ipp] (110 ins) at [0xb59bf8e0:0xb59bfa98] in 10000000 ns
D/dalvikvm( 1166): GC_FOR_ALLOC freed 223K, 10% free 2844K/3136K, paused 35ms, total 36ms
I/dalvikvm-heap( 1166): Grow heap (frag case) to 4.305MB for 1536016-byte allocation
D/dalvikvm( 1166): GC_FOR_ALLOC freed 0K, 7% free 4344K/4640K, paused 19ms, total 19ms
D/dalvikvm( 1166): GC_CONCURRENT freed 5K, 7% free 4355K/4640K, paused 4ms+2ms, total 81ms
I/ActivityManager(  354): START u0 {cmp=com.kb.nsdtaiqiu/.Help.Eula (has extras)} from pid 1166
V/PhoneStatusBar(  452): setLightsOn(true)
I/ActivityManager(  354): Waited long enough for: ServiceRecord{b34ecc90 u0 com.android.calendar/.alerts.InitAlarmsService}
D/dalvikvm( 1166): GC_FOR_ALLOC freed 55K, 4% free 4584K/4728K, paused 53ms, total 54ms
V/WebViewChromiumFactoryProvider( 1166): Binding Chromium to main looper Looper (main, tid 1) {b2d03cf0}
I/LibraryLoader( 1166): Expected native library version number "",actual native library version number ""
I/chromium( 1166): [INFO:library_loader_hooks.cc(116)] Chromium logging enabled: level = 0, default verbosity = 0
I/BrowserStartupController( 1166): Initializing chromium process, renderers=0
E/AudioManagerAndroid( 1166): BLUETOOTH permission is missing!
E/chromium( 1166): [ERROR:gl_surface_egl.cc(169)] No suitable EGL configs found.
E/chromium( 1166): [ERROR:gl_surface_egl.cc(702)] GLSurfaceEGL::InitializeOneOff failed.
E/chromium( 1166): [ERROR:gl_surface_egl.cc(169)] No suitable EGL configs found.
E/chromium( 1166): [ERROR:gl_surface_egl.cc(702)] GLSurfaceEGL::InitializeOneOff failed.
E/chromium( 1166): [ERROR:gpu_info_collector.cc(86)] gfx::GLSurface::InitializeOneOff() failed
W/chromium( 1166): [WARNING:mailbox_synchronizer.cc(36)] MailboxSync not supported due to missing EGL image/fence support
E/chromium( 1166): [ERROR:gl_surface_egl.cc(169)] No suitable EGL configs found.
E/chromium( 1166): [ERROR:gl_surface_egl.cc(702)] GLSurfaceEGL::InitializeOneOff failed.
W/chromium( 1166): [WARNING:proxy_service.cc(890)] PAC support disabled because there is no system implementation
D/dalvikvm( 1166): GC_CONCURRENT freed 146K, 5% free 5050K/5268K, paused 4ms+13ms, total 50ms
D/dalvikvm( 1166): WAIT_FOR_CONCURRENT_GC blocked 36ms
I/Choreographer( 1166): Skipped 34 frames!  The application may be doing too much work on its main thread.
D/gralloc_goldfish( 1166): Emulator without GPU emulation detected.
I/ActivityManager(  354): Displayed com.kb.nsdtaiqiu/.Help.Eula: +1s475ms (total +3s929ms)
D/AndroidRuntime( 1156): Shutting down VM
D/dalvikvm( 1156): GC_CONCURRENT freed 98K, 15% free 589K/692K, paused 2ms+12ms, total 22ms
I/Choreographer(  354): Skipped 47 frames!  The application may be doing too much work on its main thread.
W/System.err( 1166): java.net.SocketTimeoutException: failed to connect to /121.199.58.16 (port 8088) after 3000ms
W/System.err( 1166): 	at libcore.io.IoBridge.connectErrno(IoBridge.java:159)
W/System.err( 1166): 	at libcore.io.IoBridge.connect(IoBridge.java:112)
W/System.err( 1166): 	at java.net.PlainSocketImpl.connect(PlainSocketImpl.java:192)
W/System.err( 1166): 	at java.net.PlainSocketImpl.connect(PlainSocketImpl.java:459)
W/System.err( 1166): 	at java.net.Socket.connect(Socket.java:843)
W/System.err( 1166): 	at com.android.okhttp.internal.Platform.connectSocket(Platform.java:152)
W/System.err( 1166): 	at com.android.okhttp.Connection.connect(Connection.java:101)
W/System.err( 1166): 	at com.android.okhttp.internal.http.HttpEngine.connect(HttpEngine.java:294)
W/System.err( 1166): 	at com.android.okhttp.internal.http.HttpEngine.sendSocketRequest(HttpEngine.java:255)
W/System.err( 1166): 	at com.android.okhttp.internal.http.HttpEngine.sendRequest(HttpEngine.java:206)
W/System.err( 1166): 	at com.android.okhttp.internal.http.HttpURLConnectionImpl.execute(HttpURLConnectionImpl.java:345)
W/System.err( 1166): 	at com.android.okhttp.internal.http.HttpURLConnectionImpl.getResponse(HttpURLConnectionImpl.java:296)
W/System.err( 1166): 	at com.android.okhttp.internal.http.HttpURLConnectionImpl.getResponseCode(HttpURLConnectionImpl.java:503)
W/System.err( 1166): 	at com.kb.nsdtaiqiu.GameSelection.RGPlayer.GayyManager(RGPlayer.java:185)
W/System.err( 1166): 	at com.kb.nsdtaiqiu.GameSelection.RGPlayer$3.run(RGPlayer.java:74)
W/System.err( 1166): java.lang.ClassNotFoundException: com.mobfox.video.sdk.MobFoxRichMediaActivity
W/System.err( 1166): 	at java.lang.Class.classForName(Native Method)
W/System.err( 1166): 	at java.lang.Class.forName(Class.java:251)
W/System.err( 1166): 	at java.lang.Class.forName(Class.java:216)
W/System.err( 1166): 	at com.knjkp.af.a(Unknown Source)
W/System.err( 1166): 	at com.knjkp.imc.<init>(Unknown Source)
W/System.err( 1166): 	at com.knjkp.imc.getInstance(Unknown Source)
W/System.err( 1166): 	at com.kb.nsdtaiqiu.GameSelection.RGPlayer.GameVaPlayError(RGPlayer.java)
W/System.err( 1166): 	at com.kb.nsdtaiqiu.GameSelection.RGPlayer.GameVaBack(RGPlayer.java:227)
W/System.err( 1166): 	at com.kb.nsdtaiqiu.GameSelection.RGPlayer$1.handleMessage(RGPlayer.java:239)
W/System.err( 1166): 	at android.os.Handler.dispatchMessage(Handler.java:102)
W/System.err( 1166): 	at android.os.Looper.loop(Looper.java:136)
W/System.err( 1166): 	at android.app.ActivityThread.main(ActivityThread.java:5001)
W/System.err( 1166): 	at java.lang.reflect.Method.invokeNative(Native Method)
W/System.err( 1166): 	at java.lang.reflect.Method.invoke(Method.java:515)
W/System.err( 1166): 	at com.android.internal.os.ZygoteInit$MethodAndArgsCaller.run(ZygoteInit.java:785)
W/System.err( 1166): 	at com.android.internal.os.ZygoteInit.main(ZygoteInit.java:601)
W/System.err( 1166): 	at dalvik.system.NativeStart.main(Native Method)
W/System.err( 1166): Caused by: java.lang.NoClassDefFoundError: com/mobfox/video/sdk/MobFoxRichMediaActivity
W/System.err( 1166): 	... 17 more
W/System.err( 1166): Caused by: java.lang.ClassNotFoundException: Didn't find class "com.mobfox.video.sdk.MobFoxRichMediaActivity" on path: DexPathList[[zip file "/data/app/com.kb.nsdtaiqiu-1.apk"],nativeLibraryDirectories=[/data/app-lib/com.kb.nsdtaiqiu-1, /system/lib]]
W/System.err( 1166): 	at dalvik.system.BaseDexClassLoader.findClass(BaseDexClassLoader.java:56)
W/System.err( 1166): 	at java.lang.ClassLoader.loadClass(ClassLoader.java:497)
W/System.err( 1166): 	at java.lang.ClassLoader.loadClass(ClassLoader.java:457)
W/System.err( 1166): 	... 17 more
W/System.err( 1166): java.lang.ClassNotFoundException: com.mobfox.video.sdk.MobFoxRichMediaActivity
W/System.err( 1166): 	at java.lang.Class.classForName(Native Method)
W/System.err( 1166): 	at java.lang.Class.forName(Class.java:251)
W/System.err( 1166): 	at java.lang.Class.forName(Class.java:216)
W/System.err( 1166): 	at com.knjkp.af.a(Unknown Source)
W/System.err( 1166): 	at com.knjkp.imc.receiveMessage(Unknown Source)
W/System.err( 1166): 	at com.kb.nsdtaiqiu.GameSelection.RGPlayer.GameVaPlayError(RGPlayer.java)
W/System.err( 1166): 	at com.kb.nsdtaiqiu.GameSelection.RGPlayer.GameVaBack(RGPlayer.java:227)
W/System.err( 1166): 	at com.kb.nsdtaiqiu.GameSelection.RGPlayer$1.handleMessage(RGPlayer.java:239)
W/System.err( 1166): 	at android.os.Handler.dispatchMessage(Handler.java:102)
W/System.err( 1166): 	at android.os.Looper.loop(Looper.java:136)
W/System.err( 1166): 	at android.app.ActivityThread.main(ActivityThread.java:5001)
W/System.err( 1166): 	at java.lang.reflect.Method.invokeNative(Native Method)
W/System.err( 1166): 	at java.lang.reflect.Method.invoke(Method.java:515)
W/System.err( 1166): 	at com.android.internal.os.ZygoteInit$MethodAndArgsCaller.run(ZygoteInit.java:785)
W/System.err( 1166): 	at com.android.internal.os.ZygoteInit.main(ZygoteInit.java:601)
W/System.err( 1166): 	at dalvik.system.NativeStart.main(Native Method)
W/System.err( 1166): Caused by: java.lang.NoClassDefFoundError: com/mobfox/video/sdk/MobFoxRichMediaActivity
W/System.err( 1166): 	... 16 more
W/System.err( 1166): Caused by: java.lang.ClassNotFoundException: Didn't find class "com.mobfox.video.sdk.MobFoxRichMediaActivity" on path: DexPathList[[zip file "/data/app/com.kb.nsdtaiqiu-1.apk"],nativeLibraryDirectories=[/data/app-lib/com.kb.nsdtaiqiu-1, /system/lib]]
W/System.err( 1166): 	at dalvik.system.BaseDexClassLoader.findClass(BaseDexClassLoader.java:56)
W/System.err( 1166): 	at java.lang.ClassLoader.loadClass(ClassLoader.java:497)
W/System.err( 1166): 	at java.lang.ClassLoader.loadClass(ClassLoader.java:457)
W/System.err( 1166): 	... 16 more
D/log     ( 1166): s:1
D/dalvikvm( 1166): GC_CONCURRENT freed 746K, 14% free 5087K/5900K, paused 4ms+3ms, total 68ms
D/dalvikvm( 1166): WAIT_FOR_CONCURRENT_GC blocked 12ms
D/J_LOG   ( 1166): ready to request...30000
V/AlarmClock(  977): AlarmInitReceiver android.intent.action.TIME_SET
W/View    ( 1166): View too large to fit into drawing cache, needs 9353000 bytes, only 1658880 available
I/Choreographer( 1166): Skipped 46 frames!  The application may be doing too much work on its main thread.
W/View    ( 1166): View too large to fit into drawing cache, needs 9353000 bytes, only 1658880 available
W/View    ( 1166): View too large to fit into drawing cache, needs 9353000 bytes, only 1658880 available
I/AlarmClock(  977): Displaying next alarm time: ''
V/AlarmClock(  977): AlarmInitReceiver finished
D/dalvikvm( 1166): GC_CONCURRENT freed 674K, 14% free 5086K/5900K, paused 4ms+3ms, total 41ms
D/dalvikvm( 1166): GC_CONCURRENT freed 674K, 14% free 5117K/5900K, paused 9ms+4ms, total 85ms
D/dalvikvm( 1166): GC_CONCURRENT freed 698K, 14% free 5105K/5900K, paused 4ms+5ms, total 32ms
D/dalvikvm( 1166): GC_CONCURRENT freed 695K, 14% free 5119K/5900K, paused 2ms+3ms, total 106ms
D/dalvikvm(  354): GC_CONCURRENT freed 620K, 57% free 5781K/13212K, paused 28ms+7ms, total 199ms
D/dalvikvm( 1166): GC_CONCURRENT freed 701K, 14% free 5112K/5900K, paused 5ms+21ms, total 56ms
D/dalvikvm( 1166): GC_CONCURRENT freed 692K, 14% free 5106K/5900K, paused 3ms+11ms, total 46ms
D/InitAlarmsService(  956): Clearing and rescheduling alarms.
D/dalvikvm( 1166): GC_CONCURRENT freed 710K, 14% free 5130K/5900K, paused 3ms+3ms, total 109ms
D/AndroidRuntime( 1238): 
D/AndroidRuntime( 1238): >>>>>> AndroidRuntime START com.android.internal.os.RuntimeInit <<<<<<
D/AndroidRuntime( 1238): CheckJNI is ON
D/dalvikvm( 1238): Trying to load lib libjavacore.so 0x0
D/dalvikvm( 1238): Added shared lib libjavacore.so 0x0
D/dalvikvm( 1238): Trying to load lib libnativehelper.so 0x0
D/dalvikvm( 1238): Added shared lib libnativehelper.so 0x0
D/dalvikvm( 1238): No JNI_OnLoad found in libnativehelper.so 0x0, skipping init
D/dalvikvm( 1238): Note: class Landroid/app/ActivityManagerNative; has 179 unimplemented (abstract) methods
D/dalvikvm( 1166): GC_CONCURRENT freed 732K, 14% free 5132K/5912K, paused 4ms+3ms, total 200ms
E/memtrack( 1238): Couldn't load memtrack module (No such file or directory)
E/android.os.Debug( 1238): failed to load memtrack module: -2
D/AndroidRuntime( 1238): Calling main entry com.android.commands.am.Am
D/AndroidRuntime( 1238): Shutting down VM
D/dalvikvm( 1238): GC_CONCURRENT freed 97K, 15% free 587K/688K, paused 12ms+1ms, total 21ms
D/dalvikvm( 1166): GC_CONCURRENT freed 725K, 14% free 5129K/5916K, paused 4ms+3ms, total 86ms
D/dalvikvm( 1166): GC_CONCURRENT freed 719K, 14% free 5141K/5916K, paused 6ms+3ms, total 101ms
D/        (  354): Setting time of day to sec=1545871556
D/dalvikvm(  354): GC_CONCURRENT freed 679K, 57% free 5759K/13212K, paused 11ms+5ms, total 158ms
W/SocketClient(   54): write error (Broken pipe)
D/dalvikvm( 1166): GC_CONCURRENT freed 713K, 14% free 5133K/5916K, paused 6ms+11ms, total 65ms
W/System.err( 1166): java.net.SocketTimeoutException: failed to connect to /121.199.58.16 (port 8088) after 3000ms
W/System.err( 1166): 	at libcore.io.IoBridge.connectErrno(IoBridge.java:159)
W/System.err( 1166): 	at libcore.io.IoBridge.connect(IoBridge.java:112)
W/System.err( 1166): 	at java.net.PlainSocketImpl.connect(PlainSocketImpl.java:192)
W/System.err( 1166): 	at java.net.PlainSocketImpl.connect(PlainSocketImpl.java:459)
W/System.err( 1166): 	at java.net.Socket.connect(Socket.java:843)
W/System.err( 1166): 	at com.android.okhttp.internal.Platform.connectSocket(Platform.java:152)
W/System.err( 1166): 	at com.android.okhttp.Connection.connect(Connection.java:101)
W/System.err( 1166): 	at com.android.okhttp.internal.http.HttpEngine.connect(HttpEngine.java:294)
W/System.err( 1166): 	at com.android.okhttp.internal.http.HttpEngine.sendSocketRequest(HttpEngine.java:255)
W/System.err( 1166): 	at com.android.okhttp.internal.http.HttpEngine.sendRequest(HttpEngine.java:206)
W/System.err( 1166): 	at com.android.okhttp.internal.http.HttpURLConnectionImpl.execute(HttpURLConnectionImpl.java:345)
W/System.err( 1166): 	at com.android.okhttp.internal.http.HttpURLConnectionImpl.getResponse(HttpURLConnectionImpl.java:296)
W/System.err( 1166): 	at com.android.okhttp.internal.http.HttpURLConnectionImpl.getResponseCode(HttpURLConnectionImpl.java:503)
W/System.err( 1166): 	at com.kb.nsdtaiqiu.GameSelection.RGPlayer.GayyLink(RGPlayer.java:165)
W/System.err( 1166): 	at com.kb.nsdtaiqiu.GameSelection.RGPlayer$2.run(RGPlayer.java:56)
D/dalvikvm( 1166): GC_CONCURRENT freed 722K, 14% free 5134K/5916K, paused 5ms+3ms, total 89ms
W/SocketClient(   54): write error (Broken pipe)
D/dalvikvm( 1166): GC_CONCURRENT freed 718K, 14% free 5136K/5916K, paused 5ms+2ms, total 89ms
D/dalvikvm( 1166): GC_CONCURRENT freed 703K, 14% free 5137K/5916K, paused 13ms+5ms, total 59ms
W/SocketClient(   54): write error (Broken pipe)
D/dalvikvm( 1166): GC_CONCURRENT freed 729K, 14% free 5134K/5932K, paused 4ms+3ms, total 106ms
D/dalvikvm( 1166): GC_CONCURRENT freed 687K, 14% free 5140K/5932K, paused 4ms+11ms, total 46ms
W/SocketClient(   54): write error (Broken pipe)
D/dalvikvm( 1166): GC_CONCURRENT freed 701K, 14% free 5146K/5932K, paused 4ms+21ms, total 56ms
D/dalvikvm(  354): GC_CONCURRENT freed 652K, 57% free 5755K/13212K, paused 5ms+5ms, total 166ms
W/SocketClient(   54): write error (Broken pipe)
D/dalvikvm( 1166): GC_CONCURRENT freed 722K, 14% free 5156K/5932K, paused 4ms+3ms, total 90ms
D/dalvikvm( 1166): GC_CONCURRENT freed 726K, 14% free 5151K/5932K, paused 3ms+2ms, total 72ms
E/FrameworkListener(   54): read() failed (Connection reset by peer)
D/dalvikvm( 1166): GC_CONCURRENT freed 703K, 14% free 5153K/5932K, paused 12ms+32ms, total 87ms
D/AndroidRuntime( 1257): 
D/AndroidRuntime( 1257): >>>>>> AndroidRuntime START com.android.internal.os.RuntimeInit <<<<<<
D/AndroidRuntime( 1257): CheckJNI is ON
D/dalvikvm( 1257): Trying to load lib libjavacore.so 0x0
D/dalvikvm( 1257): Added shared lib libjavacore.so 0x0
D/dalvikvm( 1257): Trying to load lib libnativehelper.so 0x0
D/dalvikvm( 1257): Added shared lib libnativehelper.so 0x0
D/dalvikvm( 1257): No JNI_OnLoad found in libnativehelper.so 0x0, skipping init
D/dalvikvm( 1257): Note: class Landroid/app/ActivityManagerNative; has 179 unimplemented (abstract) methods
I/Choreographer(  354): Skipped 39 frames!  The application may be doing too much work on its main thread.
W/SocketClient(   54): write error (Broken pipe)
E/memtrack( 1257): Couldn't load memtrack module (No such file or directory)
E/android.os.Debug( 1257): failed to load memtrack module: -2
D/AndroidRuntime( 1257): Calling main entry com.android.commands.am.Am
I/ActivityManager(  354): START u0 {act=android.intent.action.MAIN cat=[android.intent.category.LAUNCHER] flg=0x10000000 cmp=com.kb.nsdtaiqiu/.GameSelection.ActivitySubGame} from pid 1257
V/PhoneStatusBar(  452): setLightsOn(true)
D/dalvikvm( 1166): GC_CONCURRENT freed 585K, 12% free 5359K/6032K, paused 5ms+3ms, total 299ms
D/dalvikvm( 1166): WAIT_FOR_CONCURRENT_GC blocked 128ms
I/Choreographer( 1166): Skipped 176 frames!  The application may be doing too much work on its main thread.
I/ActivityManager(  354): Displayed com.kb.nsdtaiqiu/.GameSelection.ActivitySubGame: +1s534ms
D/AndroidRuntime( 1257): Shutting down VM
D/dalvikvm( 1257): GC_CONCURRENT freed 97K, 15% free 589K/692K, paused 2ms+13ms, total 23ms
I/Choreographer(  354): Skipped 41 frames!  The application may be doing too much work on its main thread.
I/Choreographer(  354): Skipped 31 frames!  The application may be doing too much work on its main thread.
I/Choreographer(  354): Skipped 30 frames!  The application may be doing too much work on its main thread.
I/Choreographer( 1166): Skipped 64 frames!  The application may be doing too much work on its main thread.
I/MediaFocusControl(  354):  AudioFocus  abandonAudioFocus() from android.media.AudioManager@b2d12538com.android.music.MediaPlaybackService$3@b2d113b8
D/dalvikvm( 1166): GC_CONCURRENT freed 728K, 13% free 5408K/6204K, paused 23ms+4ms, total 78ms
D/dalvikvm( 1166): GC_CONCURRENT freed 802K, 14% free 5415K/6276K, paused 4ms+5ms, total 82ms
W/SocketClient(   54): write error (Broken pipe)
D/dalvikvm(  354): GC_CONCURRENT freed 638K, 57% free 5763K/13212K, paused 14ms+4ms, total 153ms
D/dalvikvm( 1166): GC_CONCURRENT freed 816K, 14% free 5420K/6292K, paused 4ms+3ms, total 91ms
W/SocketClient(   54): write error (Broken pipe)
D/dalvikvm( 1166): GC_CONCURRENT freed 805K, 14% free 5434K/6292K, paused 84ms+3ms, total 210ms
D/AndroidRuntime( 1271): 
D/AndroidRuntime( 1271): >>>>>> AndroidRuntime START com.android.internal.os.RuntimeInit <<<<<<
D/AndroidRuntime( 1271): CheckJNI is ON
D/dalvikvm( 1271): Trying to load lib libjavacore.so 0x0
D/dalvikvm( 1271): Added shared lib libjavacore.so 0x0
D/dalvikvm( 1271): Trying to load lib libnativehelper.so 0x0
D/dalvikvm( 1271): Added shared lib libnativehelper.so 0x0
D/dalvikvm( 1271): No JNI_OnLoad found in libnativehelper.so 0x0, skipping init
