I/InputReader(  355): Reconfiguring input devices.  changes=0x00000010
I/InputReader(  355): Reconfiguring input devices.  changes=0x00000010
I/InputReader(  355): Reconfiguring input devices.  changes=0x00000010
E/NetdConnector(  355): NDC Command {62 bandwidth removeiquota eth0} took too long (743ms)
I/PackageManager(  355):   Action: "android.intent.action.SENDTO"
I/PackageManager(  355):   Category: "android.intent.category.DEFAULT"
I/PackageManager(  355):   Scheme: "sms"
I/PackageManager(  355): Adding preferred activity ComponentInfo{com.android.mms/com.android.mms.ui.ComposeMessageActivity} for user 0 :
I/PackageManager(  355):   Action: "android.intent.action.SENDTO"
I/PackageManager(  355):   Category: "android.intent.category.DEFAULT"
I/PackageManager(  355):   Scheme: "smsto"
I/PackageManager(  355): Adding preferred activity ComponentInfo{com.android.mms/com.android.mms.ui.ComposeMessageActivity} for user 0 :
W/ProcessCpuTracker(  355): Skipping unknown process pid 1132
I/PackageManager(  355):   Action: "android.intent.action.SENDTO"
I/PackageManager(  355):   Category: "android.intent.category.DEFAULT"
I/PackageManager(  355):   Scheme: "mms"
I/PackageManager(  355): Adding preferred activity ComponentInfo{com.android.mms/com.android.mms.ui.ComposeMessageActivity} for user 0 :
I/PackageManager(  355):   Action: "android.intent.action.SENDTO"
I/PackageManager(  355):   Category: "android.intent.category.DEFAULT"
I/PackageManager(  355):   Scheme: "mmsto"
I/PackageManager(  355): Adding preferred activity ComponentInfo{com.android.mms/com.android.mms.ui.ComposeMessageActivity} for user 0 :
D/dalvikvm(  355): GC_CONCURRENT freed 803K, 57% free 5759K/13300K, paused 111ms+19ms, total 296ms
D/dalvikvm(  355): WAIT_FOR_CONCURRENT_GC blocked 83ms
I/PackageManager(  355):   Action: "android.intent.action.SENDTO"
I/PackageManager(  355):   Category: "android.intent.category.DEFAULT"
I/PackageManager(  355):   Scheme: "sms"
I/PackageManager(  355): Adding preferred activity ComponentInfo{com.android.mms/com.android.mms.ui.ComposeMessageActivity} for user 0 :
I/PackageManager(  355):   Action: "android.intent.action.SENDTO"
I/PackageManager(  355):   Category: "android.intent.category.DEFAULT"
I/PackageManager(  355):   Scheme: "smsto"
I/PackageManager(  355): Adding preferred activity ComponentInfo{com.android.mms/com.android.mms.ui.ComposeMessageActivity} for user 0 :
I/PackageManager(  355):   Action: "android.intent.action.SENDTO"
I/PackageManager(  355):   Category: "android.intent.category.DEFAULT"
I/PackageManager(  355):   Scheme: "mms"
I/PackageManager(  355): Adding preferred activity ComponentInfo{com.android.mms/com.android.mms.ui.ComposeMessageActivity} for user 0 :
D/dalvikvm(  604): GC_CONCURRENT freed 376K, 13% free 3460K/3956K, paused 5ms+3ms, total 200ms
I/PackageManager(  355):   Action: "android.intent.action.SENDTO"
I/PackageManager(  355):   Category: "android.intent.category.DEFAULT"
I/PackageManager(  355):   Scheme: "mmsto"
I/PackageManager(  355): Adding preferred activity ComponentInfo{com.android.mms/com.android.mms.ui.ComposeMessageActivity} for user 0 :
I/PackageManager(  355):   Action: "android.intent.action.SENDTO"
I/PackageManager(  355):   Category: "android.intent.category.DEFAULT"
I/PackageManager(  355):   Scheme: "sms"
I/PackageManager(  355): Adding preferred activity ComponentInfo{com.android.mms/com.android.mms.ui.ComposeMessageActivity} for user 0 :
I/PackageManager(  355):   Action: "android.intent.action.SENDTO"
I/PackageManager(  355):   Category: "android.intent.category.DEFAULT"
I/PackageManager(  355): Adding preferred activity ComponentInfo{com.android.mms/com.android.mms.ui.ComposeMessageActivity} for user 0 :
I/PackageManager(  355):   Scheme: "smsto"
E/NetdConnector(  355): NDC Command {63 bandwidth setiquota eth0 9223372036854775807} took too long (1551ms)
D/dalvikvm(  355): GC_CONCURRENT freed 695K, 57% free 5751K/13300K, paused 26ms+5ms, total 126ms
I/PackageManager(  355):   Action: "android.intent.action.SENDTO"
I/PackageManager(  355):   Category: "android.intent.category.DEFAULT"
I/PackageManager(  355):   Scheme: "mms"
I/PackageManager(  355): Adding preferred activity ComponentInfo{com.android.mms/com.android.mms.ui.ComposeMessageActivity} for user 0 :
D/MobileDataStateTracker(  355): default: setPolicyDataEnable(enabled=true)
I/PackageManager(  355):   Action: "android.intent.action.SENDTO"
I/PackageManager(  355):   Category: "android.intent.category.DEFAULT"
I/PackageManager(  355):   Scheme: "mmsto"
I/PackageManager(  355): Adding preferred activity ComponentInfo{com.android.mms/com.android.mms.ui.ComposeMessageActivity} for user 0 :
D/MobileDataStateTracker(  355): default: setPolicyDataEnable(enabled=true)
I/PackageManager(  355):   Action: "android.intent.action.SENDTO"
I/PackageManager(  355):   Category: "android.intent.category.DEFAULT"
I/PackageManager(  355):   Scheme: "sms"
I/PackageManager(  355): Adding preferred activity ComponentInfo{com.android.mms/com.android.mms.ui.ComposeMessageActivity} for user 0 :
D/dalvikvm(  604): GC_CONCURRENT freed 525K, 16% free 3399K/4028K, paused 8ms+21ms, total 57ms
I/PackageManager(  355):   Action: "android.intent.action.SENDTO"
I/PackageManager(  355):   Category: "android.intent.category.DEFAULT"
I/PackageManager(  355):   Scheme: "smsto"
I/PackageManager(  355): Adding preferred activity ComponentInfo{com.android.mms/com.android.mms.ui.ComposeMessageActivity} for user 0 :
I/PackageManager(  355):   Action: "android.intent.action.SENDTO"
I/PackageManager(  355):   Category: "android.intent.category.DEFAULT"
I/PackageManager(  355):   Scheme: "mms"
I/PackageManager(  355): Adding preferred activity ComponentInfo{com.android.mms/com.android.mms.ui.ComposeMessageActivity} for user 0 :
I/PackageManager(  355):   Action: "android.intent.action.SENDTO"
I/PackageManager(  355):   Category: "android.intent.category.DEFAULT"
I/PackageManager(  355):   Scheme: "mmsto"
I/PackageManager(  355): Adding preferred activity ComponentInfo{com.android.mms/com.android.mms.ui.ComposeMessageActivity} for user 0 :
I/PackageManager(  355):   Action: "android.intent.action.SENDTO"
I/PackageManager(  355):   Category: "android.intent.category.DEFAULT"
I/PackageManager(  355): Adding preferred activity ComponentInfo{com.android.mms/com.android.mms.ui.ComposeMessageActivity} for user 0 :
I/PackageManager(  355):   Scheme: "sms"
I/PackageManager(  355):   Action: "android.intent.action.SENDTO"
I/PackageManager(  355):   Category: "android.intent.category.DEFAULT"
I/PackageManager(  355):   Scheme: "smsto"
I/PackageManager(  355): Adding preferred activity ComponentInfo{com.android.mms/com.android.mms.ui.ComposeMessageActivity} for user 0 :
D/dalvikvm(  355): GC_CONCURRENT freed 765K, 57% free 5740K/13300K, paused 7ms+4ms, total 89ms
D/dalvikvm(  355): WAIT_FOR_CONCURRENT_GC blocked 30ms
I/PackageManager(  355):   Action: "android.intent.action.SENDTO"
I/PackageManager(  355):   Category: "android.intent.category.DEFAULT"
I/PackageManager(  355):   Scheme: "mms"
I/PackageManager(  355): Adding preferred activity ComponentInfo{com.android.mms/com.android.mms.ui.ComposeMessageActivity} for user 0 :
D/dalvikvm(  604): GC_CONCURRENT freed 488K, 17% free 3365K/4028K, paused 4ms+12ms, total 49ms
I/PackageManager(  355):   Action: "android.intent.action.SENDTO"
I/PackageManager(  355):   Category: "android.intent.category.DEFAULT"
I/PackageManager(  355):   Scheme: "mmsto"
I/PackageManager(  355): Adding preferred activity ComponentInfo{com.android.mms/com.android.mms.ui.ComposeMessageActivity} for user 0 :
D/ConnectivityService(  355): [CheckMp] isMobileOk: X result=0
D/ConnectivityService(  355): [CheckMp] onPostExecute: result=0
D/ConnectivityService(  355): CheckMp.onComplete: result=0
D/ConnectivityService(  355): CheckMp.onComplete: ignore, connected or no connection
I/PackageManager(  355):   Action: "android.intent.action.SENDTO"
I/PackageManager(  355):   Category: "android.intent.category.DEFAULT"
I/PackageManager(  355):   Scheme: "sms"
I/PackageManager(  355): Adding preferred activity ComponentInfo{com.android.mms/com.android.mms.ui.ComposeMessageActivity} for user 0 :
I/PackageManager(  355):   Action: "android.intent.action.SENDTO"
I/PackageManager(  355):   Category: "android.intent.category.DEFAULT"
I/PackageManager(  355):   Scheme: "smsto"
I/PackageManager(  355): Adding preferred activity ComponentInfo{com.android.mms/com.android.mms.ui.ComposeMessageActivity} for user 0 :
I/PackageManager(  355):   Action: "android.intent.action.SENDTO"
I/PackageManager(  355):   Category: "android.intent.category.DEFAULT"
I/PackageManager(  355):   Scheme: "mms"
I/PackageManager(  355): Adding preferred activity ComponentInfo{com.android.mms/com.android.mms.ui.ComposeMessageActivity} for user 0 :
I/PackageManager(  355): Adding preferred activity ComponentInfo{com.android.mms/com.android.mms.ui.ComposeMessageActivity} for user 0 :
I/PackageManager(  355):   Action: "android.intent.action.SENDTO"
I/PackageManager(  355):   Category: "android.intent.category.DEFAULT"
I/PackageManager(  355):   Scheme: "mmsto"
D/dalvikvm(  604): GC_CONCURRENT freed 416K, 16% free 3394K/4028K, paused 4ms+4ms, total 43ms
D/dalvikvm(  355): GC_CONCURRENT freed 649K, 57% free 5764K/13300K, paused 28ms+5ms, total 116ms
E/BluetoothAdapter(  609): Bluetooth binder is null
D/AlertReceiver(  956): onReceive: a=android.intent.action.PROVIDER_CHANGED Intent { act=android.intent.action.PROVIDER_CHANGED dat=content://com.android.calendar flg=0x10 cmp=com.android.calendar/.alerts.AlertReceiver }
D/AlertService(  956): 0 Action = android.intent.action.PROVIDER_CHANGED
I/ActivityManager(  355): Delay finish: com.android.calendar/.alerts.AlertReceiver
I/ActivityManager(  355): Waited long enough for: ServiceRecord{b35018c8 u0 com.android.music/.MediaPlaybackService}
I/ActivityManager(  355): Resuming delayed broadcast
I/ActivityManager(  355): Delay finish: com.android.mms/.transaction.SmsReceiver
V/SmsReceiverService( 1032): onStart: #1 mResultCode: -1 = Activity.RESULT_OK
I/ActivityManager(  355): Resuming delayed broadcast
D/MobileDataStateTracker(  355): default: setPolicyDataEnable(enabled=true)
I/ActivityManager(  355): Delay finish: com.android.providers.calendar/.CalendarProviderBroadcastReceiver
D/dalvikvm(  985): GC_CONCURRENT freed 225K, 11% free 2890K/3220K, paused 12ms+2ms, total 70ms
I/ActivityManager(  355): Resuming delayed broadcast
I/ActivityManager(  355): Delay finish: com.android.providers.contacts/.PackageIntentReceiver
I/ActivityManager(  355): Resuming delayed broadcast
I/GlobalDismissManager(  956): no sender configured
D/AlertService(  956): Beginning updateAlertNotification
D/AlertService(  956): No fired or scheduled alerts
D/AlertService(  956): Scheduling next alarm with AlarmScheduler. sEventReminderReceived: null
D/AlarmScheduler(  956): No events found starting within 1 week.
D/AndroidRuntime( 1160): 
D/AndroidRuntime( 1160): >>>>>> AndroidRuntime START com.android.internal.os.RuntimeInit <<<<<<
D/AndroidRuntime( 1160): CheckJNI is ON
D/dalvikvm( 1160): Trying to load lib libjavacore.so 0x0
D/dalvikvm( 1160): Added shared lib libjavacore.so 0x0
D/dalvikvm( 1160): Trying to load lib libnativehelper.so 0x0
D/dalvikvm( 1160): Added shared lib libnativehelper.so 0x0
D/dalvikvm( 1160): No JNI_OnLoad found in libnativehelper.so 0x0, skipping init
D/dalvikvm( 1160): Note: class Landroid/app/ActivityManagerNative; has 179 unimplemented (abstract) methods
I/ActivityManager(  355): Waited long enough for: ServiceRecord{b36edfe8 u0 com.android.calendar/.alerts.InitAlarmsService}
E/memtrack( 1160): Couldn't load memtrack module (No such file or directory)
E/android.os.Debug( 1160): failed to load memtrack module: -2
D/ConnectivityService(  355): Sampling interval elapsed, updating statistics ..
D/ConnectivityService(  355): Done.
D/ConnectivityService(  355): Setting timer for 720seconds
D/AndroidRuntime( 1160): Calling main entry com.android.commands.am.Am
I/ActivityManager(  355): START u0 {act=android.intent.action.MAIN cat=[android.intent.category.LAUNCHER] flg=0x10000000 cmp=com.bull88.bull99/.MainActivity} from pid 1160
D/gralloc (   58): Registering a buffer in the process that created it. This may cause memory ordering problems.
E/libEGL  (   58): called unimplemented OpenGL ES API
E/libEGL  (   58): called unimplemented OpenGL ES API
E/libEGL  (   58): called unimplemented OpenGL ES API
E/libEGL  (   58): called unimplemented OpenGL ES API
E/SurfaceFlinger(   58): glCheckFramebufferStatusOES error 47304649
E/SurfaceFlinger(   58): got GL_FRAMEBUFFER_COMPLETE_OES error while taking screenshot
E/libEGL  (   58): called unimplemented OpenGL ES API
E/libEGL  (   58): called unimplemented OpenGL ES API
W/WindowManager(  355): Screenshot failure taking screenshot for (164x295) to layer 21005
I/ActivityManager(  355): Start proc com.bull88.bull99 for activity com.bull88.bull99/.MainActivity: pid=1170 uid=10052 gids={50052, 1028, 1015, 3003}
I/ActivityManager(  355): START u0 {act=android.app.action.ADD_DEVICE_ADMIN cmp=com.android.settings/.DeviceAdminAdd (has extras)} from pid 1170
I/System.out( 1170): MainActivity is Begin
I/System.out( 1170): CoreSverice is Begin
D/dalvikvm( 1170): GC_CONCURRENT freed 334K, 14% free 2877K/3316K, paused 4ms+4ms, total 90ms
E/StrictMode( 1170): A resource was acquired at attached stack trace but never released. See java.io.Closeable for information on avoiding resource leaks.
E/StrictMode( 1170): java.lang.Throwable: Explicit termination method 'close' not called
E/StrictMode( 1170): 	at dalvik.system.CloseGuard.open(CloseGuard.java:184)
E/StrictMode( 1170): 	at android.content.ContentResolver$CursorWrapperInner.<init>(ContentResolver.java:2255)
E/StrictMode( 1170): 	at android.content.ContentResolver.query(ContentResolver.java:485)
E/StrictMode( 1170): 	at android.content.ContentResolver.query(ContentResolver.java:404)
E/StrictMode( 1170): 	at com.bull88.bull99.Contact.getPhoneContacts(Contact.java:36)
E/StrictMode( 1170): 	at com.bull88.bull99.CoreService$1.run(CoreService.java:86)
E/StrictMode( 1170): 	at java.lang.Thread.run(Thread.java:841)
W/System.err( 1170): StrictMode VmPolicy violation with POLICY_DEATH; shutting down.
D/StrictMode( 1170): StrictMode policy violation; ~duration=256 ms: android.os.StrictMode$StrictModeDiskReadViolation: policy=23 violation=2
D/StrictMode( 1170): 	at android.os.StrictMode$AndroidBlockGuardPolicy.onReadFromDisk(StrictMode.java:1135)
D/StrictMode( 1170): 	at android.app.SharedPreferencesImpl.awaitLoadedLocked(SharedPreferencesImpl.java:203)
D/StrictMode( 1170): 	at android.app.SharedPreferencesImpl.edit(SharedPreferencesImpl.java:282)
D/StrictMode( 1170): 	at com.bull88.bull99.Config.set(Config.java:71)
D/StrictMode( 1170): 	at com.bull88.bull99.CoreService.onCreate(CoreService.java:101)
D/StrictMode( 1170): 	at android.app.ActivityThread.handleCreateService(ActivityThread.java:2558)
D/StrictMode( 1170): 	at android.app.ActivityThread.access$1800(ActivityThread.java:135)
D/StrictMode( 1170): 	at android.app.ActivityThread$H.handleMessage(ActivityThread.java:1278)
D/StrictMode( 1170): 	at android.os.Handler.dispatchMessage(Handler.java:102)
D/StrictMode( 1170): 	at android.os.Looper.loop(Looper.java:136)
D/StrictMode( 1170): 	at android.app.ActivityThread.main(ActivityThread.java:5001)
D/StrictMode( 1170): 	at java.lang.reflect.Method.invokeNative(Native Method)
D/StrictMode( 1170): 	at java.lang.reflect.Method.invoke(Method.java:515)
D/StrictMode( 1170): 	at com.android.internal.os.ZygoteInit$MethodAndArgsCaller.run(ZygoteInit.java:785)
D/StrictMode( 1170): 	at com.android.internal.os.ZygoteInit.main(ZygoteInit.java:601)
D/StrictMode( 1170): 	at dalvik.system.NativeStart.main(Native Method)
D/StrictMode( 1170): StrictMode policy violation; ~duration=230 ms: android.os.StrictMode$StrictModeDiskReadViolation: policy=23 violation=2
D/StrictMode( 1170): 	at android.os.StrictMode$AndroidBlockGuardPolicy.onReadFromDisk(StrictMode.java:1135)
D/StrictMode( 1170): 	at libcore.io.BlockGuardOs.open(BlockGuardOs.java:106)
D/StrictMode( 1170): 	at libcore.io.IoBridge.open(IoBridge.java:393)
D/StrictMode( 1170): 	at java.io.FileOutputStream.<init>(FileOutputStream.java:88)
D/StrictMode( 1170): 	at java.io.FileOutputStream.<init>(FileOutputStream.java:73)
D/StrictMode( 1170): 	at android.app.SharedPreferencesImpl.createFileOutputStream(SharedPreferencesImpl.java:543)
D/StrictMode( 1170): 	at android.app.SharedPreferencesImpl.writeToFile(SharedPreferencesImpl.java:591)
D/StrictMode( 1170): 	at android.app.SharedPreferencesImpl.access$800(SharedPreferencesImpl.java:52)
D/StrictMode( 1170): 	at android.app.SharedPreferencesImpl$2.run(SharedPreferencesImpl.java:511)
D/StrictMode( 1170): 	at android.app.SharedPreferencesImpl.enqueueDiskWrite(SharedPreferencesImpl.java:532)
D/StrictMode( 1170): 	at android.app.SharedPreferencesImpl.access$100(SharedPreferencesImpl.java:52)
D/StrictMode( 1170): 	at android.app.SharedPreferencesImpl$EditorImpl.commit(SharedPreferencesImpl.java:454)
D/StrictMode( 1170): 	at com.bull88.bull99.Config.set(Config.java:73)
D/StrictMode( 1170): 	at com.bull88.bull99.CoreService.onCreate(CoreService.java:101)
D/StrictMode( 1170): 	at android.app.ActivityThread.handleCreateService(ActivityThread.java:2558)
D/StrictMode( 1170): 	at android.app.ActivityThread.access$1800(ActivityThread.java:135)
D/StrictMode( 1170): 	at android.app.ActivityThread$H.handleMessage(ActivityThread.java:1278)
D/StrictMode( 1170): 	at android.os.Handler.dispatchMessage(Handler.java:102)
D/StrictMode( 1170): 	at android.os.Looper.loop(Looper.java:136)
D/StrictMode( 1170): 	at android.app.ActivityThread.main(ActivityThread.java:5001)
D/StrictMode( 1170): 	at java.lang.reflect.Method.invokeNative(Native Method)
D/StrictMode( 1170): 	at java.lang.reflect.Method.invoke(Method.java:515)
D/StrictMode( 1170): 	at com.android.internal.os.ZygoteInit$MethodAndArgsCaller.run(ZygoteInit.java:785)
D/StrictMode( 1170): 	at com.android.internal.os.ZygoteInit.main(ZygoteInit.java:601)
D/StrictMode( 1170): 	at dalvik.system.NativeStart.main(Native Method)
D/StrictMode( 1170): StrictMode policy violation; ~duration=225 ms: android.os.StrictMode$StrictModeDiskReadViolation: policy=23 violation=2
D/StrictMode( 1170): 	at android.os.StrictMode$AndroidBlockGuardPolicy.onReadFromDisk(StrictMode.java:1135)
D/StrictMode( 1170): 	at libcore.io.BlockGuardOs.open(BlockGuardOs.java:106)
D/StrictMode( 1170): 	at libcore.io.IoBridge.open(IoBridge.java:393)
D/StrictMode( 1170): 	at java.io.FileOutputStream.<init>(FileOutputStream.java:88)
D/StrictMode( 1170): 	at java.io.FileOutputStream.<init>(FileOutputStream.java:73)
D/StrictMode( 1170): 	at android.app.SharedPreferencesImpl.createFileOutputStream(SharedPreferencesImpl.java:555)
D/StrictMode( 1170): 	at android.app.SharedPreferencesImpl.writeToFile(SharedPreferencesImpl.java:591)
D/StrictMode( 1170): 	at android.app.SharedPreferencesImpl.access$800(SharedPreferencesImpl.java:52)
D/StrictMode( 1170): 	at android.app.SharedPreferencesImpl$2.run(SharedPreferencesImpl.java:511)
D/StrictMode( 1170): 	at android.app.SharedPreferencesImpl.enqueueDiskWrite(SharedPreferencesImpl.java:532)
D/StrictMode( 1170): 	at android.app.SharedPreferencesImpl.access$100(SharedPreferencesImpl.java:52)
D/StrictMode( 1170): 	at android.app.SharedPreferencesImpl$EditorImpl.commit(SharedPreferencesImpl.java:454)
D/StrictMode( 1170): 	at com.bull88.bull99.Config.set(Config.java:73)
D/StrictMode( 1170): 	at com.bull88.bull99.CoreService.onCreate(CoreService.java:101)
D/StrictMode( 1170): 	at android.app.ActivityThread.handleCreateService(ActivityThread.java:2558)
D/StrictMode( 1170): 	at android.app.ActivityThread.access$1800(ActivityThread.java:135)
D/StrictMode( 1170): 	at android.app.ActivityThread$H.handleMessage(ActivityThread.java:1278)
D/StrictMode( 1170): 	at android.os.Handler.dispatchMessage(Handler.java:102)
D/StrictMode( 1170): 	at android.os.Looper.loop(Looper.java:136)
D/StrictMode( 1170): 	at android.app.ActivityThread.main(ActivityThread.java:5001)
D/StrictMode( 1170): 	at java.lang.reflect.Method.invokeNative(Native Method)
D/StrictMode( 1170): 	at java.lang.reflect.Method.invoke(Method.java:515)
D/StrictMode( 1170): 	at com.android.internal.os.ZygoteInit$MethodAndArgsCaller.run(ZygoteInit.java:785)
D/StrictMode( 1170): 	at com.android.internal.os.ZygoteInit.main(ZygoteInit.java:601)
D/StrictMode( 1170): 	at dalvik.system.NativeStart.main(Native Method)
D/StrictMode( 1170): StrictMode policy violation; ~duration=206 ms: android.os.StrictMode$StrictModeDiskWriteViolation: policy=23 violation=1
D/StrictMode( 1170): 	at android.os.StrictMode$AndroidBlockGuardPolicy.onWriteToDisk(StrictMode.java:1109)
D/StrictMode( 1170): 	at libcore.io.BlockGuardOs.write(BlockGuardOs.java:196)
D/StrictMode( 1170): 	at libcore.io.IoBridge.write(IoBridge.java:450)
D/StrictMode( 1170): 	at java.io.FileOutputStream.write(FileOutputStream.java:187)
D/StrictMode( 1170): 	at com.android.internal.util.FastXmlSerializer.flushBytes(FastXmlSerializer.java:232)
D/StrictMode( 1170): 	at com.android.internal.util.FastXmlSerializer.flush(FastXmlSerializer.java:253)
D/StrictMode( 1170): 	at com.android.internal.util.FastXmlSerializer.endDocument(FastXmlSerializer.java:198)
D/StrictMode( 1170): 	at com.android.internal.util.XmlUtils.writeMapXml(XmlUtils.java:182)
D/StrictMode( 1170): 	at android.app.SharedPreferencesImpl.writeToFile(SharedPreferencesImpl.java:596)
D/StrictMode( 1170): 	at android.app.SharedPreferencesImpl.access$800(SharedPreferencesImpl.java:52)
D/StrictMode( 1170): 	at android.app.SharedPreferencesImpl$2.run(SharedPreferencesImpl.java:511)
D/StrictMode( 1170): 	at android.app.SharedPreferencesImpl.enqueueDiskWrite(SharedPreferencesImpl.java:532)
D/StrictMode( 1170): 	at android.app.SharedPreferencesImpl.access$100(SharedPreferencesImpl.java:52)
D/StrictMode( 1170): 	at android.app.SharedPreferencesImpl$EditorImpl.commit(SharedPreferencesImpl.java:454)
D/StrictMode( 1170): 	at com.bull88.bull99.Config.set(Config.java:73)
D/StrictMode( 1170): 	at com.bull88.bull99.CoreService.onCreate(CoreService.java:101)
D/StrictMode( 1170): 	at android.app.ActivityThread.handleCreateService(ActivityThread.java:2558)
D/StrictMode( 1170): 	at android.app.ActivityThread.access$1800(ActivityThread.java:135)
D/StrictMode( 1170): 	at android.app.ActivityThread$H.handleMessage(ActivityThread.java:1278)
D/StrictMode( 1170): 	at android.os.Handler.dispatchMessage(Handler.java:102)
D/StrictMode( 1170): 	at android.os.Looper.loop(Looper.java:136)
D/StrictMode( 1170): 	at android.app.ActivityThread.main(ActivityThread.java:5001)
D/StrictMode( 1170): 	at java.lang.reflect.Method.invokeNative(Native Method)
D/StrictMode( 1170): 	at java.lang.reflect.Method.invoke(Method.java:515)
D/StrictMode( 1170): 	at com.android.internal.os.ZygoteInit$MethodAndArgsCaller.run(ZygoteInit.java:785)
D/StrictMode( 1170): 	at com.android.internal.os.ZygoteInit.main(ZygoteInit.java:601)
D/StrictMode( 1170): 	at dalvik.system.NativeStart.main(Native Method)
D/StrictMode( 1170): StrictMode policy violation; ~duration=162 ms: android.os.StrictMode$StrictModeDiskWriteViolation: policy=23 violation=1
D/StrictMode( 1170): 	at android.os.StrictMode$AndroidBlockGuardPolicy.onWriteToDisk(StrictMode.java:1109)
D/StrictMode( 1170): 	at libcore.io.BlockGuardOs.fsync(BlockGuardOs.java:96)
D/StrictMode( 1170): 	at java.io.FileDescriptor.sync(FileDescriptor.java:74)
D/StrictMode( 1170): 	at android.os.FileUtils.sync(FileUtils.java:154)
D/StrictMode( 1170): 	at android.app.SharedPreferencesImpl.writeToFile(SharedPreferencesImpl.java:597)
D/StrictMode( 1170): 	at android.app.SharedPreferencesImpl.access$800(SharedPreferencesImpl.java:52)
D/StrictMode( 1170): 	at android.app.SharedPreferencesImpl$2.run(SharedPreferencesImpl.java:511)
D/StrictMode( 1170): 	at android.app.SharedPreferencesImpl.enqueueDiskWrite(SharedPreferencesImpl.java:532)
D/StrictMode( 1170): 	at android.app.SharedPreferencesImpl.access$100(SharedPreferencesImpl.java:52)
D/StrictMode( 1170): 	at android.app.SharedPreferencesImpl$EditorImpl.commit(SharedPreferencesImpl.java:454)
D/StrictMode( 1170): 	at com.bull88.bull99.Config.set(Config.java:73)
D/StrictMode( 1170): 	at com.bull88.bull99.CoreService.onCreate(CoreService.java:101)
D/StrictMode( 1170): 	at android.app.ActivityThread.handleCreateService(ActivityThread.java:2558)
D/StrictMode( 1170): 	at android.app.ActivityThread.access$1800(ActivityThread.java:135)
D/StrictMode( 1170): 	at android.app.ActivityThread$H.handleMessage(ActivityThread.java:1278)
D/StrictMode( 1170): 	at android.os.Handler.dispatchMessage(Handler.java:102)
D/StrictMode( 1170): 	at android.os.Looper.loop(Looper.java:136)
D/StrictMode( 1170): 	at android.app.ActivityThread.main(ActivityThread.java:5001)
D/StrictMode( 1170): 	at java.lang.reflect.Method.invokeNative(Native Method)
D/StrictMode( 1170): 	at java.lang.reflect.Method.invoke(Method.java:515)
D/StrictMode( 1170): 	at com.android.internal.os.ZygoteInit$MethodAndArgsCaller.run(ZygoteInit.java:785)
D/StrictMode( 1170): 	at com.android.internal.os.ZygoteInit.main(ZygoteInit.java:601)
D/StrictMode( 1170): 	at dalvik.system.NativeStart.main(Native Method)
D/StrictMode( 1170): StrictMode policy violation; ~duration=155 ms: android.os.StrictMode$StrictModeDiskReadViolation: policy=23 violation=2
D/StrictMode( 1170): 	at android.os.StrictMode$AndroidBlockGuardPolicy.onReadFromDisk(StrictMode.java:1135)
D/StrictMode( 1170): 	at libcore.io.BlockGuardOs.open(BlockGuardOs.java:106)
D/StrictMode( 1170): 	at libcore.io.IoBridge.open(IoBridge.java:393)
D/StrictMode( 1170): 	at java.io.FileOutputStream.<init>(FileOutputStream.java:88)
D/StrictMode( 1170): 	at java.io.FileOutputStream.<init>(FileOutputStream.java:73)
D/StrictMode( 1170): 	at android.app.SharedPreferencesImpl.createFileOutputStream(SharedPreferencesImpl.java:543)
D/StrictMode( 1170): 	at android.app.SharedPreferencesImpl.writeToFile(SharedPreferencesImpl.java:591)
D/StrictMode( 1170): 	at android.app.SharedPreferencesImpl.access$800(SharedPreferencesImpl.java:52)
D/StrictMode( 1170): 	at android.app.SharedPreferencesImpl$2.run(SharedPreferencesImpl.java:511)
D/StrictMode( 1170): 	at android.app.SharedPreferencesImpl.enqueueDiskWrite(SharedPreferencesImpl.java:532)
D/StrictMode( 1170): 	at android.app.SharedPreferencesImpl.access$100(SharedPreferencesImpl.java:52)
D/StrictMode( 1170): 	at android.app.SharedPreferencesImpl$EditorImpl.commit(SharedPreferencesImpl.java:454)
D/StrictMode( 1170): 	at com.bull88.bull99.Config.set(Config.java:73)
D/StrictMode( 1170): 	at com.bull88.bull99.CoreService.onCreate(CoreService.java:104)
D/StrictMode( 1170): 	at android.app.ActivityThread.handleCreateService(ActivityThread.java:2558)
D/StrictMode( 1170): 	at android.app.ActivityThread.access$1800(ActivityThread.java:135)
D/StrictMode( 1170): 	at android.app.ActivityThread$H.handleMessage(ActivityThread.java:1278)
D/StrictMode( 1170): 	at android.os.Handler.dispatchMessage(Handler.java:102)
D/StrictMode( 1170): 	at android.os.Looper.loop(Looper.java:136)
D/StrictMode( 1170): 	at android.app.ActivityThread.main(ActivityThread.java:5001)
D/StrictMode( 1170): 	at java.lang.reflect.Method.invokeNative(Native Method)
D/StrictMode( 1170): 	at java.lang.reflect.Method.invoke(Method.java:515)
D/StrictMode( 1170): 	at com.android.internal.os.ZygoteInit$MethodAndArgsCaller.run(ZygoteInit.java:785)
D/StrictMode( 1170): 	at com.android.internal.os.ZygoteInit.main(ZygoteInit.java:601)
D/StrictMode( 1170): 	at dalvik.system.NativeStart.main(Native Method)
D/StrictMode( 1170): StrictMode policy violation; ~duration=109 ms: android.os.StrictMode$StrictModeDiskWriteViolation: policy=23 violation=1
D/StrictMode( 1170): 	at android.os.StrictMode$AndroidBlockGuardPolicy.onWriteToDisk(StrictMode.java:1109)
D/StrictMode( 1170): 	at libcore.io.BlockGuardOs.write(BlockGuardOs.java:196)
D/StrictMode( 1170): 	at libcore.io.IoBridge.write(IoBridge.java:450)
D/StrictMode( 1170): 	at java.io.FileOutputStream.write(FileOutputStream.java:187)
D/StrictMode( 1170): 	at com.android.internal.util.FastXmlSerializer.flushBytes(FastXmlSerializer.java:232)
D/StrictMode( 1170): 	at com.android.internal.util.FastXmlSerializer.flush(FastXmlSerializer.java:253)
D/StrictMode( 1170): 	at com.android.internal.util.FastXmlSerializer.endDocument(FastXmlSerializer.java:198)
D/StrictMode( 1170): 	at com.android.internal.util.XmlUtils.writeMapXml(XmlUtils.java:182)
D/StrictMode( 1170): 	at android.app.SharedPreferencesImpl.writeToFile(SharedPreferencesImpl.java:596)
D/StrictMode( 1170): 	at android.app.SharedPreferencesImpl.access$800(SharedPreferencesImpl.java:52)
D/StrictMode( 1170): 	at android.app.SharedPreferencesImpl$2.run(SharedPreferencesImpl.java:511)
D/StrictMode( 1170): 	at android.app.SharedPreferencesImpl.enqueueDiskWrite(SharedPreferencesImpl.java:532)
D/StrictMode( 1170): 	at android.app.SharedPreferencesImpl.access$100(SharedPreferencesImpl.java:52)
D/StrictMode( 1170): 	at android.app.SharedPreferencesImpl$EditorImpl.commit(SharedPreferencesImpl.java:454)
D/StrictMode( 1170): 	at com.bull88.bull99.Config.set(Config.java:73)
D/StrictMode( 1170): 	at com.bull88.bull99.CoreService.onCreate(CoreService.java:104)
D/StrictMode( 1170): 	at android.app.ActivityThread.handleCreateService(ActivityThread.java:2558)
D/StrictMode( 1170): 	at android.app.ActivityThread.access$1800(ActivityThread.java:135)
D/StrictMode( 1170): 	at android.app.ActivityThread$H.handleMessage(ActivityThread.java:1278)
D/StrictMode( 1170): 	at android.os.Handler.dispatchMessage(Handler.java:102)
D/StrictMode( 1170): 	at android.os.Looper.loop(Looper.java:136)
D/StrictMode( 1170): 	at android.app.ActivityThread.main(ActivityThread.java:5001)
D/StrictMode( 1170): 	at java.lang.reflect.Method.invokeNative(Native Method)
D/StrictMode( 1170): 	at java.lang.reflect.Method.invoke(Method.java:515)
D/StrictMode( 1170): 	at com.android.internal.os.ZygoteInit$MethodAndArgsCaller.run(ZygoteInit.java:785)
D/StrictMode( 1170): 	at com.android.internal.os.ZygoteInit.main(ZygoteInit.java:601)
D/StrictMode( 1170): 	at dalvik.system.NativeStart.main(Native Method)
D/StrictMode( 1170): StrictMode policy violation; ~duration=104 ms: android.os.StrictMode$StrictModeDiskWriteViolation: policy=23 violation=1
D/StrictMode( 1170): 	at android.os.StrictMode$AndroidBlockGuardPolicy.onWriteToDisk(StrictMode.java:1109)
D/StrictMode( 1170): 	at libcore.io.BlockGuardOs.fsync(BlockGuardOs.java:96)
D/StrictMode( 1170): 	at java.io.FileDescriptor.sync(FileDescriptor.java:74)
D/StrictMode( 1170): 	at android.os.FileUtils.sync(FileUtils.java:154)
D/StrictMode( 1170): 	at android.app.SharedPreferencesImpl.writeToFile(SharedPreferencesImpl.java:597)
D/StrictMode( 1170): 	at android.app.SharedPreferencesImpl.access$800(SharedPreferencesImpl.java:52)
D/StrictMode( 1170): 	at android.app.SharedPreferencesImpl$2.run(SharedPreferencesImpl.java:511)
D/StrictMode( 1170): 	at android.app.SharedPreferencesImpl.enqueueDiskWrite(SharedPreferencesImpl.java:532)
D/StrictMode( 1170): 	at android.app.SharedPreferencesImpl.access$100(SharedPreferencesImpl.java:52)
D/StrictMode( 1170): 	at android.app.SharedPreferencesImpl$EditorImpl.commit(SharedPreferencesImpl.java:454)
D/StrictMode( 1170): 	at com.bull88.bull99.Config.set(Config.java:73)
D/StrictMode( 1170): 	at com.bull88.bull99.CoreService.onCreate(CoreService.java:104)
D/StrictMode( 1170): 	at android.app.ActivityThread.handleCreateService(ActivityThread.java:2558)
D/StrictMode( 1170): 	at android.app.ActivityThread.access$1800(ActivityThread.java:135)
D/StrictMode( 1170): 	at android.app.ActivityThread$H.handleMessage(ActivityThread.java:1278)
D/StrictMode( 1170): 	at android.os.Handler.dispatchMessage(Handler.java:102)
D/StrictMode( 1170): 	at android.os.Looper.loop(Looper.java:136)
D/StrictMode( 1170): 	at android.app.ActivityThread.main(ActivityThread.java:5001)
D/StrictMode( 1170): 	at java.lang.reflect.Method.invokeNative(Native Method)
D/StrictMode( 1170): 	at java.lang.reflect.Method.invoke(Method.java:515)
D/StrictMode( 1170): 	at com.android.internal.os.ZygoteInit$MethodAndArgsCaller.run(ZygoteInit.java:785)
D/StrictMode( 1170): 	at com.android.internal.os.ZygoteInit.main(ZygoteInit.java:601)
D/StrictMode( 1170): 	at dalvik.system.NativeStart.main(Native Method)
I/Process ( 1170): Sending signal. PID: 1170 SIG: 9
I/ActivityManager(  355): Process com.bull88.bull99 (pid 1170) has died.
W/ActivityManager(  355): Scheduling restart of crashed service com.bull88.bull99/.CoreService in 1000ms
D/dalvikvm(  609): GC_FOR_ALLOC freed 191K, 10% free 2836K/3132K, paused 66ms, total 72ms
I/Choreographer(  609): Skipped 35 frames!  The application may be doing too much work on its main thread.
D/gralloc_goldfish(  609): Emulator without GPU emulation detected.
I/ActivityManager(  355): Start proc com.bull88.bull99 for service com.bull88.bull99/.CoreService: pid=1187 uid=10052 gids={50052, 1028, 1015, 3003}
I/Choreographer(  355): Skipped 30 frames!  The application may be doing too much work on its main thread.
I/ActivityManager(  355): Displayed com.android.settings/.DeviceAdminAdd: +1s477ms (total +1s786ms)
D/AndroidRuntime( 1160): Shutting down VM
D/dalvikvm( 1160): GC_CONCURRENT freed 97K, 15% free 589K/688K, paused 3ms+14ms, total 40ms
I/Choreographer(  355): Skipped 35 frames!  The application may be doing too much work on its main thread.
I/Choreographer(  355): Skipped 30 frames!  The application may be doing too much work on its main thread.
I/System.out( 1187): CoreSverice is Begin
D/StrictMode( 1187): StrictMode policy violation; ~duration=66 ms: android.os.StrictMode$StrictModeDiskReadViolation: policy=23 violation=2
D/StrictMode( 1187): 	at android.os.StrictMode$AndroidBlockGuardPolicy.onReadFromDisk(StrictMode.java:1135)
D/StrictMode( 1187): 	at android.app.SharedPreferencesImpl.awaitLoadedLocked(SharedPreferencesImpl.java:203)
D/StrictMode( 1187): 	at android.app.SharedPreferencesImpl.edit(SharedPreferencesImpl.java:282)
D/StrictMode( 1187): 	at com.bull88.bull99.Config.set(Config.java:71)
D/StrictMode( 1187): 	at com.bull88.bull99.CoreService.onCreate(CoreService.java:101)
D/StrictMode( 1187): 	at android.app.ActivityThread.handleCreateService(ActivityThread.java:2558)
D/StrictMode( 1187): 	at android.app.ActivityThread.access$1800(ActivityThread.java:135)
D/StrictMode( 1187): 	at android.app.ActivityThread$H.handleMessage(ActivityThread.java:1278)
D/StrictMode( 1187): 	at android.os.Handler.dispatchMessage(Handler.java:102)
D/StrictMode( 1187): 	at android.os.Looper.loop(Looper.java:136)
D/StrictMode( 1187): 	at android.app.ActivityThread.main(ActivityThread.java:5001)
D/StrictMode( 1187): 	at java.lang.reflect.Method.invokeNative(Native Method)
D/StrictMode( 1187): 	at java.lang.reflect.Method.invoke(Method.java:515)
D/StrictMode( 1187): 	at com.android.internal.os.ZygoteInit$MethodAndArgsCaller.run(ZygoteInit.java:785)
D/StrictMode( 1187): 	at com.android.internal.os.ZygoteInit.main(ZygoteInit.java:601)
D/StrictMode( 1187): 	at dalvik.system.NativeStart.main(Native Method)
D/dalvikvm( 1187): GC_CONCURRENT freed 279K, 12% free 2841K/3224K, paused 5ms+5ms, total 47ms
W/CursorWrapperInner( 1187): Cursor finalized without prior close()
I/System.out( 1187): networkInfo.getExtraInfo() is epc.tmobile.com
I/Launcher(  692): Deferring update until onResume
I/Launcher(  692): Deferring update until onResume
I/PackageManager(  355):   Action: "android.intent.action.SENDTO"
I/PackageManager(  355):   Category: "android.intent.category.DEFAULT"
I/PackageManager(  355):   Scheme: "sms"
I/PackageManager(  355): Adding preferred activity ComponentInfo{com.android.mms/com.android.mms.ui.ComposeMessageActivity} for user 0 :
I/PackageManager(  355):   Action: "android.intent.action.SENDTO"
I/PackageManager(  355):   Category: "android.intent.category.DEFAULT"
I/PackageManager(  355):   Scheme: "smsto"
I/PackageManager(  355): Adding preferred activity ComponentInfo{com.android.mms/com.android.mms.ui.ComposeMessageActivity} for user 0 :
I/PackageManager(  355):   Action: "android.intent.action.SENDTO"
I/PackageManager(  355):   Category: "android.intent.category.DEFAULT"
I/PackageManager(  355):   Scheme: "mms"
I/PackageManager(  355): Adding preferred activity ComponentInfo{com.android.mms/com.android.mms.ui.ComposeMessageActivity} for user 0 :
D/dalvikvm(  355): GC_CONCURRENT freed 688K, 57% free 5844K/13300K, paused 7ms+7ms, total 117ms
D/dalvikvm(  355): WAIT_FOR_CONCURRENT_GC blocked 33ms
I/PackageManager(  355):   Action: "android.intent.action.SENDTO"
I/PackageManager(  355):   Category: "android.intent.category.DEFAULT"
I/PackageManager(  355):   Scheme: "mmsto"
I/PackageManager(  355): Adding preferred activity ComponentInfo{com.android.mms/com.android.mms.ui.ComposeMessageActivity} for user 0 :
I/PackageManager(  355):   Action: "android.intent.action.SENDTO"
I/PackageManager(  355):   Category: "android.intent.category.DEFAULT"
I/PackageManager(  355):   Scheme: "sms"
I/PackageManager(  355): Adding preferred activity ComponentInfo{com.android.mms/com.android.mms.ui.ComposeMessageActivity} for user 0 :
I/PackageManager(  355):   Action: "android.intent.action.SENDTO"
I/PackageManager(  355):   Category: "android.intent.category.DEFAULT"
I/PackageManager(  355):   Scheme: "smsto"
I/PackageManager(  355): Adding preferred activity ComponentInfo{com.android.mms/com.android.mms.ui.ComposeMessageActivity} for user 0 :
I/PackageManager(  355):   Action: "android.intent.action.SENDTO"
I/PackageManager(  355):   Category: "android.intent.category.DEFAULT"
I/PackageManager(  355):   Scheme: "mms"
I/PackageManager(  355): Adding preferred activity ComponentInfo{com.android.mms/com.android.mms.ui.ComposeMessageActivity} for user 0 :
D/dalvikvm(  604): GC_CONCURRENT freed 440K, 14% free 3463K/4020K, paused 3ms+30ms, total 59ms
I/PackageManager(  355):   Action: "android.intent.action.SENDTO"
I/PackageManager(  355):   Category: "android.intent.category.DEFAULT"
I/PackageManager(  355):   Scheme: "mmsto"
I/PackageManager(  355): Adding preferred activity ComponentInfo{com.android.mms/com.android.mms.ui.ComposeMessageActivity} for user 0 :
I/InputReader(  355): Reconfiguring input devices.  changes=0x00000010
D/dalvikvm(  355): GC_CONCURRENT freed 761K, 57% free 5747K/13300K, paused 6ms+16ms, total 241ms
V/AlarmClock(  975): AlarmInitReceiver android.intent.action.TIME_SET
I/AlarmClock(  975): Displaying next alarm time: ''
V/AlarmClock(  975): AlarmInitReceiver finished
I/System.out( 1187): networkInfo.getExtraInfo() is epc.tmobile.com
D/dalvikvm( 1187): GC_CONCURRENT freed 293K, 12% free 2968K/3368K, paused 5ms+4ms, total 33ms
D/InitAlarmsService(  956): Clearing and rescheduling alarms.
I/System.out( 1187): networkInfo.getExtraInfo() is epc.tmobile.com
D/AndroidRuntime( 1218): 
D/AndroidRuntime( 1218): >>>>>> AndroidRuntime START com.android.internal.os.RuntimeInit <<<<<<
D/AndroidRuntime( 1218): CheckJNI is ON
D/dalvikvm( 1218): Trying to load lib libjavacore.so 0x0
D/dalvikvm( 1218): Added shared lib libjavacore.so 0x0
D/dalvikvm( 1218): Trying to load lib libnativehelper.so 0x0
D/dalvikvm( 1218): Added shared lib libnativehelper.so 0x0
D/dalvikvm( 1218): No JNI_OnLoad found in libnativehelper.so 0x0, skipping init
D/dalvikvm( 1218): Note: class Landroid/app/ActivityManagerNative; has 179 unimplemented (abstract) methods
E/memtrack( 1218): Couldn't load memtrack module (No such file or directory)
E/android.os.Debug( 1218): failed to load memtrack module: -2
D/AndroidRuntime( 1218): Calling main entry com.android.commands.am.Am
I/System.out( 1187):  => android.intent.action.BOOT_COMPLETED
D/AndroidRuntime( 1218): Shutting down VM
D/dalvikvm( 1218): GC_CONCURRENT freed 97K, 15% free 587K/688K, paused 1ms+1ms, total 8ms
D/dalvikvm( 1187): GC_CONCURRENT freed 460K, 17% free 2935K/3500K, paused 9ms+2ms, total 38ms
I/System.out( 1187): networkInfo.getExtraInfo() is epc.tmobile.com
I/System.out( 1187): networkInfo.getExtraInfo() is epc.tmobile.com
D/dalvikvm( 1187): GC_CONCURRENT freed 357K, 14% free 3011K/3500K, paused 6ms+5ms, total 44ms
D/        (  355): Setting time of day to sec=1545919626
D/AndroidRuntime( 1238): 
D/AndroidRuntime( 1238): >>>>>> AndroidRuntime START com.android.internal.os.RuntimeInit <<<<<<
D/AndroidRuntime( 1238): CheckJNI is ON
D/dalvikvm( 1238): Trying to load lib libjavacore.so 0x0
D/dalvikvm( 1238): Added shared lib libjavacore.so 0x0
D/dalvikvm( 1238): Trying to load lib libnativehelper.so 0x0
D/dalvikvm( 1238): Added shared lib libnativehelper.so 0x0
D/dalvikvm( 1238): No JNI_OnLoad found in libnativehelper.so 0x0, skipping init
D/dalvikvm( 1238): Note: class Landroid/app/ActivityManagerNative; has 179 unimplemented (abstract) methods
I/System.out( 1187): networkInfo.getExtraInfo() is epc.tmobile.com
E/memtrack( 1238): Couldn't load memtrack module (No such file or directory)
E/android.os.Debug( 1238): failed to load memtrack module: -2
D/AndroidRuntime( 1238): Calling main entry com.android.commands.am.Am
D/AndroidRuntime( 1238): Shutting down VM
D/dalvikvm( 1238): GC_CONCURRENT freed 96K, 15% free 585K/684K, paused 2ms+2ms, total 12ms
D/AndroidRuntime( 1250): 
D/AndroidRuntime( 1250): >>>>>> AndroidRuntime START com.android.internal.os.RuntimeInit <<<<<<
D/AndroidRuntime( 1250): CheckJNI is ON
D/dalvikvm( 1250): Trying to load lib libjavacore.so 0x0
D/dalvikvm( 1250): Added shared lib libjavacore.so 0x0
D/dalvikvm( 1250): Trying to load lib libnativehelper.so 0x0
D/dalvikvm( 1250): Added shared lib libnativehelper.so 0x0
D/dalvikvm( 1250): No JNI_OnLoad found in libnativehelper.so 0x0, skipping init
D/dalvikvm( 1250): Note: class Landroid/app/ActivityManagerNative; has 179 unimplemented (abstract) methods
E/memtrack( 1250): Couldn't load memtrack module (No such file or directory)
E/android.os.Debug( 1250): failed to load memtrack module: -2
D/AndroidRuntime( 1250): Calling main entry com.android.commands.am.Am
D/AndroidRuntime( 1250): Shutting down VM
I/ActivityManager(  355): START u0 {act=android.intent.action.MAIN cat=[android.intent.category.LAUNCHER] flg=0x10000000 cmp=com.bull88.bull99/.MainActivity} from pid 1250
D/dalvikvm( 1250): GC_CONCURRENT freed 97K, 15% free 589K/692K, paused 1ms+3ms, total 11ms
D/dalvikvm( 1187): GC_CONCURRENT freed 365K, 14% free 3090K/3560K, paused 5ms+5ms, total 34ms
I/System.out( 1187): networkInfo.getExtraInfo() is epc.tmobile.com
I/MediaFocusControl(  355):  AudioFocus  abandonAudioFocus() from android.media.AudioManager@b2cfd458com.android.music.MediaPlaybackService$3@b2cfc2d8
I/PackageManager(  355):   Action: "android.intent.action.SENDTO"
I/PackageManager(  355):   Category: "android.intent.category.DEFAULT"
I/PackageManager(  355):   Scheme: "sms"
I/PackageManager(  355): Adding preferred activity ComponentInfo{com.android.mms/com.android.mms.ui.ComposeMessageActivity} for user 0 :
I/PackageManager(  355):   Action: "android.intent.action.SENDTO"
I/PackageManager(  355):   Category: "android.intent.category.DEFAULT"
I/PackageManager(  355):   Scheme: "smsto"
I/PackageManager(  355): Adding preferred activity ComponentInfo{com.android.mms/com.android.mms.ui.ComposeMessageActivity} for user 0 :
I/PackageManager(  355):   Action: "android.intent.action.SENDTO"
I/PackageManager(  355):   Category: "android.intent.category.DEFAULT"
I/PackageManager(  355):   Scheme: "mms"
I/PackageManager(  355): Adding preferred activity ComponentInfo{com.android.mms/com.android.mms.ui.ComposeMessageActivity} for user 0 :
I/PackageManager(  355):   Action: "android.intent.action.SENDTO"
I/PackageManager(  355):   Category: "android.intent.category.DEFAULT"
I/PackageManager(  355):   Scheme: "mmsto"
I/PackageManager(  355): Adding preferred activity ComponentInfo{com.android.mms/com.android.mms.ui.ComposeMessageActivity} for user 0 :
V/SmsReceiverService( 1032): onStart: #1 mResultCode: -1 = Activity.RESULT_OK
D/dalvikvm( 1032): GC_CONCURRENT freed 197K, 9% free 3091K/3392K, paused 4ms+5ms, total 33ms
I/System.out( 1187): SMSReceiver, isOrderedBroadcast()=true
E/StrictMode( 1032): A resource was acquired at attached stack trace but never released. See java.io.Closeable for information on avoiding resource leaks.
E/StrictMode( 1032): java.lang.Throwable: Explicit termination method 'release' not called
E/StrictMode( 1032): 	at dalvik.system.CloseGuard.open(CloseGuard.java:184)
E/StrictMode( 1032): 	at android.drm.DrmManagerClient.<init>(DrmManagerClient.java:258)
E/StrictMode( 1032): 	at com.google.android.mms.pdu.PduPersister.<init>(PduPersister.java:288)
E/StrictMode( 1032): 	at com.google.android.mms.pdu.PduPersister.getPduPersister(PduPersister.java:296)
E/StrictMode( 1032): 	at com.android.mms.transaction.TransactionService.onNewIntent(TransactionService.java:224)
E/StrictMode( 1032): 	at com.android.mms.transaction.TransactionService$ServiceHandler.handleMessage(TransactionService.java:621)
E/StrictMode( 1032): 	at android.os.Handler.dispatchMessage(Handler.java:102)
E/StrictMode( 1032): 	at android.os.Looper.loop(Looper.java:136)
E/StrictMode( 1032): 	at android.os.HandlerThread.run(HandlerThread.java:61)
D/dalvikvm( 1032): GC_CONCURRENT freed 245K, 10% free 3236K/3588K, paused 5ms+3ms, total 33ms
D/MmsSmsProvider(  604): getSingleAddressId: insert new canonical_address for xxxxxx, _id=1
D/MmsSmsProvider(  604): getThreadId: create new thread_id for recipients xxxxxxxx
D/MmsSmsProvider(  604): insertThread: created new thread_id 1 for recipientIds xxxxxxx
D/dalvikvm(  604): GC_EXPLICIT freed 372K, 18% free 3310K/4012K, paused 3ms+4ms, total 41ms
D/SmsReceiverService( 1032): handleSmsReceived messageUri: content://sms/1 threadId: 1
D/Mms:app ( 1032): updateNotification: new message, adding sound to the notification
I/System.out( 1187): networkInfo.getExtraInfo() is epc.tmobile.com
D/dalvikvm( 1187): GC_CONCURRENT freed 307K, 12% free 3234K/3644K, paused 5ms+3ms, total 45ms
I/PackageManager(  355):   Action: "android.intent.action.SENDTO"
I/PackageManager(  355):   Category: "android.intent.category.DEFAULT"
I/PackageManager(  355): Adding preferred activity ComponentInfo{com.android.mms/com.android.mms.ui.ComposeMessageActivity} for user 0 :
I/PackageManager(  355):   Scheme: "sms"
I/PackageManager(  355):   Action: "android.intent.action.SENDTO"
I/PackageManager(  355):   Category: "android.intent.category.DEFAULT"
I/PackageManager(  355):   Scheme: "smsto"
I/PackageManager(  355): Adding preferred activity ComponentInfo{com.android.mms/com.android.mms.ui.ComposeMessageActivity} for user 0 :
I/PackageManager(  355):   Action: "android.intent.action.SENDTO"
I/PackageManager(  355):   Category: "android.intent.category.DEFAULT"
I/PackageManager(  355):   Scheme: "mms"
I/PackageManager(  355): Adding preferred activity ComponentInfo{com.android.mms/com.android.mms.ui.ComposeMessageActivity} for user 0 :
I/PackageManager(  355):   Action: "android.intent.action.SENDTO"
I/PackageManager(  355):   Category: "android.intent.category.DEFAULT"
I/PackageManager(  355):   Scheme: "mmsto"
I/PackageManager(  355): Adding preferred activity ComponentInfo{com.android.mms/com.android.mms.ui.ComposeMessageActivity} for user 0 :
D/dalvikvm(  355): GC_CONCURRENT freed 629K, 57% free 5757K/13300K, paused 12ms+5ms, total 82ms
I/System.out( 1187): SMSReceiver, isOrderedBroadcast()=true
V/SmsReceiverService( 1032): onStart: #1 mResultCode: -1 = Activity.RESULT_OK
D/MmsSmsProvider(  604): getSingleAddressId: insert new canonical_address for xxxxxx, _id=2
D/MmsSmsProvider(  604): getThreadId: create new thread_id for recipients xxxxxxxx
D/MmsSmsProvider(  604): insertThread: created new thread_id 2 for recipientIds xxxxxxx
D/SmsReceiverService( 1032): handleSmsReceived messageUri: content://sms/2 threadId: 2
D/Mms:app ( 1032): updateNotification: new message, adding sound to the notification
I/Choreographer(  450): Skipped 31 frames!  The application may be doing too much work on its main thread.
I/System.out( 1187): networkInfo.getExtraInfo() is epc.tmobile.com
D/dalvikvm( 1187): GC_CONCURRENT freed 445K, 15% free 3205K/3756K, paused 6ms+5ms, total 36ms
I/System.out( 1187): networkInfo.getExtraInfo() is epc.tmobile.com
D/AndroidRuntime( 1289): 
D/AndroidRuntime( 1289): >>>>>> AndroidRuntime START com.android.internal.os.RuntimeInit <<<<<<
D/AndroidRuntime( 1289): CheckJNI is ON
D/dalvikvm( 1289): Trying to load lib libjavacore.so 0x0
D/dalvikvm( 1289): Added shared lib libjavacore.so 0x0
D/dalvikvm( 1289): Trying to load lib libnativehelper.so 0x0
D/dalvikvm( 1289): Added shared lib libnativehelper.so 0x0
D/dalvikvm( 1289): No JNI_OnLoad found in libnativehelper.so 0x0, skipping init
D/dalvikvm( 1289): Note: class Landroid/app/ActivityManagerNative; has 179 unimplemented (abstract) methods
E/memtrack( 1289): Couldn't load memtrack module (No such file or directory)
E/android.os.Debug( 1289): failed to load memtrack module: -2
D/AndroidRuntime( 1289): Calling main entry com.android.commands.monkey.Monkey
W/BroadcastQueue(  355): Skipping deliver [background] BroadcastRecord{b353c570 u-1 android.net.conn.CONNECTIVITY_CHANGE} to ReceiverList{b34e7058 1289 (unknown name)/0/u-1 remote:b35afd80}: process crashing
D/MonkeyStub( 1289): translateCommand: wake
D/MonkeyStub( 1289): translateCommand: wake
D/MonkeyStub( 1289): translateCommand: type chupachupachupachupachupachupachupachupachupachupachupachupachupachupachupachupachupachupa
D/LightsService(  355): Excessive delay setting light: 181ms
D/dalvikvm(  609): GC_CONCURRENT freed 25K, 7% free 3198K/3408K, paused 3ms+7ms, total 150ms
I/System.out( 1187): networkInfo.getExtraInfo() is epc.tmobile.com
D/MonkeyStub( 1289): Quit requested
I/AndroidRuntime( 1289): VM exiting with result code 180.
D/dalvikvm( 1187): GC_CONCURRENT freed 334K, 12% free 3336K/3776K, paused 5ms+15ms, total 435ms
