E/ConnectivityService(  353): Exception trying to add a route: java.lang.IllegalStateException: command '47 interface fwmark exempt add 172.217.23.14/32' failed with '400 47 Failed to add exemption rule (File exists)'
D/ConnectivityService(  353): requestRouteToHostAddress ok=false
D/ConnectivityService(  353): [CheckMp] isMobileOk: could not establish route to hostAddr=clients3.google.com/172.217.23.14
I/ContactsFTS(  574): Rebuild contact search index in 419ms, 0 contacts
E/BluetoothAdapter(  626): Bluetooth binder is null
I/MediaFocusControl(  353):   Remote Control   registerMediaButtonIntent() for PendingIntent{b34f96a0: PendingIntentRecord{b34ef060 com.android.music broadcastIntent}}
I/ActivityManager(  353): Start proc com.android.calendar for broadcast com.android.calendar/.widget.CalendarAppWidgetService$CalendarFactory: pid=962 uid=10016 gids={50016, 3003}
D/dalvikvm(  574): GC_CONCURRENT freed 320K, 12% free 3087K/3472K, paused 28ms+7ms, total 69ms
D/ExtensionsFactory(  962): No custom extensions.
I/ActivityManager(  353): Start proc com.android.deskclock for broadcast com.android.deskclock/.AlarmInitReceiver: pid=981 uid=10020 gids={50020, 1028}
I/ActivityManager(  353): Start proc com.android.providers.calendar for content provider com.android.providers.calendar/.CalendarProvider2: pid=985 uid=10001 gids={50001, 3003, 1028, 1015}
D/dalvikvm(   58): GC_EXPLICIT freed 40K, 4% free 2705K/2812K, paused 2ms+2ms, total 58ms
D/dalvikvm(   58): GC_EXPLICIT freed <1K, 4% free 2705K/2812K, paused 2ms+3ms, total 45ms
D/dalvikvm(   58): GC_EXPLICIT freed <1K, 4% free 2705K/2812K, paused 12ms+12ms, total 55ms
D/dalvikvm(  933): GC_CONCURRENT freed 208K, 9% free 2889K/3164K, paused 94ms+2ms, total 469ms
V/AlarmClock(  981): AlarmInitReceiver android.intent.action.TIMEZONE_CHANGED
I/CalendarDatabaseHelper(  985): Bootstrapping database
D/dalvikvm(  353): GC_CONCURRENT freed 490K, 57% free 5745K/13156K, paused 17ms+5ms, total 69ms
I/CalendarProvider2(  985): Created com.android.providers.calendar.CalendarAlarmManager@b2db6850(com.android.providers.calendar.CalendarProvider2@b2da2f28)
I/AlarmClock(  981): Alarms Table created
I/AlarmClock(  981): Instance table created
I/AlarmClock(  981): Cities table created
I/AlarmClock(  981): Inserting default alarms
I/AlarmClock(  981): Displaying next alarm time: ''
W/BackupManagerService(  353): dataChanged but no participant pkg='com.android.providers.settings' uid=10020
V/AlarmClock(  981): AlarmInitReceiver finished
I/ActivityManager(  353): Start proc com.android.dialer for broadcast com.android.dialer/.calllog.CallLogReceiver: pid=1011 uid=10004 gids={50004, 3003, 1028, 1015}
D/ExtensionsFactory( 1011): No custom extensions.
W/ActivityManager(  353): Unable to start service Intent { cmp=com.android.email/.service.AttachmentDownloadService } U=0: not found
W/ActivityManager(  353): Unable to start service Intent { cmp=com.android.email/.service.AttachmentDownloadService } U=0: not found
I/Email   (  933): Observing account changes for notifications
W/ActivityManager(  353): Unable to start service Intent { cmp=com.android.email/.service.AttachmentDownloadService } U=0: not found
I/ActivityManager(  353): Delay finish: com.android.dialer/.calllog.CallLogReceiver
I/ActivityManager(  353): Resuming delayed broadcast
E/BluetoothAdapter(  353): Bluetooth binder is null
E/BluetoothAdapter(  353): Bluetooth binder is null
V/WiredAccessoryManager(  353): init()
E/SoundPool(  353): error loading /system/media/audio/ui/Effect_Tick.ogg
W/AudioService(  353): Soundpool could not load file: /system/media/audio/ui/Effect_Tick.ogg
E/SoundPool(  353): error loading /system/media/audio/ui/Effect_Tick.ogg
W/AudioService(  353): Soundpool could not load file: /system/media/audio/ui/Effect_Tick.ogg
E/SoundPool(  353): error loading /system/media/audio/ui/Effect_Tick.ogg
W/AudioService(  353): Soundpool could not load file: /system/media/audio/ui/Effect_Tick.ogg
E/SoundPool(  353): error loading /system/media/audio/ui/Effect_Tick.ogg
W/AudioService(  353): Soundpool could not load file: /system/media/audio/ui/Effect_Tick.ogg
E/SoundPool(  353): error loading /system/media/audio/ui/Effect_Tick.ogg
W/AudioService(  353): Soundpool could not load file: /system/media/audio/ui/Effect_Tick.ogg
E/SoundPool(  353): error loading /system/media/audio/ui/KeypressStandard.ogg
W/AudioService(  353): Soundpool could not load file: /system/media/audio/ui/KeypressStandard.ogg
E/SoundPool(  353): error loading /system/media/audio/ui/KeypressSpacebar.ogg
W/AudioService(  353): Soundpool could not load file: /system/media/audio/ui/KeypressSpacebar.ogg
E/SoundPool(  353): error loading /system/media/audio/ui/KeypressDelete.ogg
W/AudioService(  353): Soundpool could not load file: /system/media/audio/ui/KeypressDelete.ogg
E/SoundPool(  353): error loading /system/media/audio/ui/KeypressReturn.ogg
W/AudioService(  353): Soundpool could not load file: /system/media/audio/ui/KeypressReturn.ogg
E/SoundPool(  353): error loading /system/media/audio/ui/KeypressInvalid.ogg
W/AudioService(  353): Soundpool could not load file: /system/media/audio/ui/KeypressInvalid.ogg
W/AudioService(  353): onLoadSoundEffects(), Error -1 while loading samples
I/PowerManagerService(  353): Boot animation finished.
E/logwrapper( 1031): executing /system/bin/ip failed: No such file or directory
E/ConnectivityService(  353): Exception trying to add a route: java.lang.IllegalStateException: command '49 interface fwmark exempt add 10.0.2.2/32' failed with '400 49 Failed to add exemption rule (File exists)'
I/RecoverySystem(  353): No recovery log file
I/BootReceiver(  353): Copying audit failures to DropBox
I/BootReceiver(  353): Checking for fsck errors
I/CalendarProvider2(  985): Sending notification intent: Intent { act=android.intent.action.PROVIDER_CHANGED dat=content://com.android.calendar }
W/ContentResolver(  985): Failed to get type for: content://com.android.calendar (Unknown URL content://com.android.calendar)
E/logwrapper( 1037): executing /system/bin/ip failed: No such file or directory
E/ConnectivityService(  353): Exception trying to add a route: java.lang.IllegalStateException: command '51 interface fwmark exempt add 172.217.23.14/32' failed with '400 51 Failed to add exemption rule (File exists)'
D/ConnectivityService(  353): requestRouteToHostAddress ok=false
D/ConnectivityService(  353): [CheckMp] isMobileOk: could not establish route to hostAddr=clients3.google.com/172.217.23.14
I/ActivityManager(  353): Start proc com.android.mms for broadcast com.android.mms/.transaction.MmsSystemEventReceiver: pid=1041 uid=10009 gids={50009, 3003, 1028, 1015}
I/MediaProvider(  639): Upgrading media database from version 0 to 700, which will destroy all old data
D/CountryDetector(  353): The first listener is added
V/MmsConfig( 1041): mnc/mcc: 310260
V/MmsConfig( 1041): tag: bool value: enabledMMS - true
V/MmsConfig( 1041): tag: int value: maxMessageSize - 307200
V/MmsConfig( 1041): tag: int value: maxImageHeight - 480
V/MmsConfig( 1041): tag: int value: maxImageWidth - 640
V/MmsConfig( 1041): tag: int value: defaultSMSMessagesPerThread - 10000
V/MmsConfig( 1041): tag: int value: defaultMMSMessagesPerThread - 1000
V/MmsConfig( 1041): tag: int value: minMessageCountPerThread - 10
V/MmsConfig( 1041): tag: int value: maxMessageCountPerThread - 5000
V/MmsConfig( 1041): tag: string value: uaProfUrl - http://www.google.com/oha/rdf/ua-profile-kila.xml
V/MmsConfig( 1041): tag: int value: recipientLimit - -1
V/MmsConfig( 1041): tag: bool value: enableMultipartSMS - true
V/MmsConfig( 1041): tag: int value: smsToMmsTextThreshold - -1
V/MmsConfig( 1041): tag: bool value: enableSlideDuration - true
V/MmsConfig( 1041): tag: int value: maxMessageTextSize - -1
E/SQLiteLog(  639): (1) no such table: files
E/WVMExtractor(   60): Failed to open libwvm.so
I/ActivityManager(  353): Delay finish: com.android.mms/.transaction.MmsSystemEventReceiver
D/Mms:app ( 1041): cancelNotification
D/dalvikvm(  639): GC_CONCURRENT freed 245K, 10% free 3028K/3340K, paused 5ms+22ms, total 115ms
D/dalvikvm(  353): GC_CONCURRENT freed 708K, 57% free 5676K/13156K, paused 5ms+23ms, total 87ms
V/MediaScanner(  639): pruneDeadThumbnailFiles... android.database.sqlite.SQLiteCursor@b2df9818
V/MediaScanner(  639): /pruneDeadThumbnailFiles... android.database.sqlite.SQLiteCursor@b2df9818
I/ActivityManager(  353): Resuming delayed broadcast
E/MetadataRetrieverClient(   60): failed to extract an album art
D/AlertReceiver(  962): onReceive: a=android.intent.action.BOOT_COMPLETED Intent { act=android.intent.action.BOOT_COMPLETED flg=0x8000010 cmp=com.android.calendar/.alerts.AlertReceiver (has extras) }
I/ActivityManager(  353): Delay finish: com.android.calendar/.alerts.AlertReceiver
D/AlertUtils(  962): Flushing old alerts from shared prefs table
D/AlertService(  962): 0 Action = android.intent.action.BOOT_COMPLETED
D/AlertService(  962): Scheduling next alarm with AlarmScheduler. sEventReminderReceived: null
D/dalvikvm(  962): GC_CONCURRENT freed 308K, 12% free 2810K/3188K, paused 5ms+2ms, total 93ms
D/AlarmScheduler(  962): No events found starting within 1 week.
D/MmsSmsDatabaseHelper(  612): [MmsSmsDb] tableName: threads hasAutoIncrement: CREATE TABLE threads (_id INTEGER PRIMARY KEY AUTOINCREMENT,date INTEGER DEFAULT 0,message_count INTEGER DEFAULT 0,recipient_ids TEXT,snippet TEXT,snippet_cs INTEGER DEFAULT 0,read INTEGER DEFAULT 1,type INTEGER DEFAULT 0,error INTEGER DEFAULT 0,has_attachment INTEGER DEFAULT 0) result: true
D/MmsSmsDatabaseHelper(  612): [MmsSmsDb] tableName: canonical_addresses hasAutoIncrement: CREATE TABLE canonical_addresses (_id INTEGER PRIMARY KEY AUTOINCREMENT,address TEXT) result: true
D/MmsSmsDatabaseHelper(  612): [MmsSmsDb] tableName: part hasAutoIncrement: CREATE TABLE part (_id INTEGER PRIMARY KEY AUTOINCREMENT,mid INTEGER,seq INTEGER DEFAULT 0,ct TEXT,name TEXT,chset INTEGER,cd TEXT,fn TEXT,cid TEXT,cl TEXT,ctt_s INTEGER,ctt_t TEXT,_data TEXT,text TEXT) result: true
D/MmsSmsDatabaseHelper(  612): [MmsSmsDb] tableName: pdu hasAutoIncrement: CREATE TABLE pdu (_id INTEGER PRIMARY KEY AUTOINCREMENT,thread_id INTEGER,date INTEGER,date_sent INTEGER DEFAULT 0,msg_box INTEGER,read INTEGER DEFAULT 0,m_id TEXT,sub TEXT,sub_cs INTEGER,ct_t TEXT,ct_l TEXT,exp INTEGER,m_cls TEXT,m_type INTEGER,v INTEGER,m_size INTEGER,pri INTEGER,rr INTEGER,rpt_a INTEGER,resp_st INTEGER,st INTEGER,tr_id TEXT,retr_st INTEGER,retr_txt TEXT,retr_txt_cs INTEGER,read_status INTEGER,ct_cls INTEGER,resp_txt TEXT,d_tm INTEGER,d_rpt INTEGER,locked INTEGER DEFAULT 0,seen INTEGER DEFAULT 0,text_only INTEGER DEFAULT 0) result: true
D/MmsSmsDatabaseHelper(  612): [getWritableDatabase] hasAutoIncrementThreads: true hasAutoIncrementAddresses: true hasAutoIncrementPart: true hasAutoIncrementPdu: true
D/Mms:app ( 1041): cancelNotification
I/ActivityManager(  353): Resuming delayed broadcast
V/AlarmClock(  981): AlarmInitReceiver android.intent.action.BOOT_COMPLETED
V/AlarmClock(  981): AlarmInitReceiver - Reset timers and clear stopwatch data
V/AlarmClock(  981): AlarmInitReceiver - resetting volume button default
I/AlarmClock(  981): Displaying next alarm time: ''
D/dalvikvm(  981): GC_CONCURRENT freed 393K, 15% free 2816K/3280K, paused 4ms+5ms, total 84ms
V/AlarmClock(  981): AlarmInitReceiver finished
I/ActivityManager(  353): Delay finish: com.android.email/.service.EmailUpgradeBroadcastReceiver
D/ConnectivityService(  353): [CheckMp] isMobileOk: too many loops tried - giving up
D/ConnectivityService(  353): [CheckMp] isMobileOk: X loops|timed out result=0
D/ConnectivityService(  353): [CheckMp] isMobileOk: F stop hipri
D/MobileDataStateTracker(  353): default: setEnableFailFastMobileData(enabled=0)
D/ConnectivityService(  353): stopUsingNetworkFeature: teardown net 0: enableHIPRI
D/MobileDataStateTracker(  353): hipri: Broadcast received: android.intent.action.ANY_DATA_STATE apnType=hipri
D/MobileDataStateTracker(  353): hipri: Received state=DISCONNECTED, old=CONNECTED, reason=dataDisabled
D/MobileDataStateTracker(  353): hipri: setDetailed state, old =CONNECTED and new state=DISCONNECTED
D/ConnectivityService(  353): ConnectivityChange for mobile_hipri: DISCONNECTED/DISCONNECTED
E/logwrapper( 1074): executing /system/bin/ip failed: No such file or directory
E/SecondaryTablController(   54): ip route del failed: /system/bin/ip route del 10.0.2.2/32 via 0.0.0.0 dev eth0 table 60
W/FrameworkListener(   54): Handler 'interface' error (No such device)
D/dalvikvm(  612): GC_CONCURRENT freed 462K, 15% free 3342K/3916K, paused 14ms+2ms, total 93ms
E/logwrapper( 1075): executing /system/bin/ip failed: No such file or directory
E/SecondaryTablController(   54): ip route del failed: /system/bin/ip route del 0.0.0.0/0 via 10.0.2.2 dev eth0 table 60
W/FrameworkListener(   54): Handler 'interface' error (No such device)
D/Nat464Xlat(  353): requiresClat: netType=5, hasIPv4Address=true
D/MobileDataStateTracker(  353): default: setPolicyDataEnable(enabled=true)
I/ActivityManager(  353): Resuming delayed broadcast
I/ActivityManager(  353): Delay finish: com.android.email/.service.EmailBroadcastReceiver
I/Email   (  933): Onetime initialization: 1
I/Email   (  933): Onetime initialization: 2
I/Email   (  933): Onetime initialization: completed.
I/ActivityManager(  353): Delaying start of: ServiceRecord{b3116448 u0 com.android.exchange/.service.EmailSyncAdapterService}
I/ActivityManager(  353): Resuming delayed broadcast
I/LauncherIconVisibilityManager(  599): Boot has been completed
I/LauncherIconVisibilityManager(  599): Disable activity: ComponentInfo{com.android.inputmethod.latin/com.android.inputmethod.latin.setup.SetupActivity}
E/NetdConnector(  353): NDC Command {59 bandwidth removeiquota eth0} took too long (824ms)
D/dalvikvm(  353): GC_CONCURRENT freed 649K, 57% free 5738K/13156K, paused 79ms+16ms, total 266ms
E/NetdConnector(  353): NDC Command {60 bandwidth gettetherstats} took too long (822ms)
I/ActivityManager(  353): Delay finish: com.android.settings/.widget.SettingsAppWidgetProvider
D/dalvikvm( 1041): GC_CONCURRENT freed 230K, 10% free 2874K/3172K, paused 15ms+2ms, total 204ms
E/StrictMode( 1041): A resource was acquired at attached stack trace but never released. See java.io.Closeable for information on avoiding resource leaks.
E/StrictMode( 1041): java.lang.Throwable: Explicit termination method 'release' not called
E/StrictMode( 1041): 	at dalvik.system.CloseGuard.open(CloseGuard.java:184)
E/StrictMode( 1041): 	at android.drm.DrmManagerClient.<init>(DrmManagerClient.java:258)
E/StrictMode( 1041): 	at com.google.android.mms.pdu.PduPersister.<init>(PduPersister.java:288)
E/StrictMode( 1041): 	at com.google.android.mms.pdu.PduPersister.getPduPersister(PduPersister.java:296)
E/StrictMode( 1041): 	at com.android.mms.transaction.TransactionService.onNewIntent(TransactionService.java:224)
E/StrictMode( 1041): 	at com.android.mms.transaction.TransactionService$ServiceHandler.handleMessage(TransactionService.java:621)
E/StrictMode( 1041): 	at android.os.Handler.dispatchMessage(Handler.java:102)
E/StrictMode( 1041): 	at android.os.Looper.loop(Looper.java:136)
E/StrictMode( 1041): 	at android.os.HandlerThread.run(HandlerThread.java:61)
I/ActivityManager(  353): Resuming delayed broadcast
E/BluetoothAdapter(  626): Bluetooth binder is null
I/ActivityManager(  353): Delay finish: com.android.deskclock/com.android.alarmclock.AnalogAppWidgetProvider
I/ActivityManager(  353): Resuming delayed broadcast
W/BroadcastQueue(  353): Permission Denial: broadcasting Intent { act=android.appwidget.action.APPWIDGET_UPDATE_OPTIONS flg=0x10 cmp=com.android.settings/.widget.SettingsAppWidgetProvider (has extras) } from android (pid=704, uid=10008) is not exported from uid 1000 due to receiver com.android.settings/.widget.SettingsAppWidgetProvider
I/ActivityManager(  353): Start proc com.svox.pico for broadcast com.svox.pico/.VoiceDataInstallerReceiver: pid=1116 uid=10037 gids={50037, 1028, 1015}
E/NetdConnector(  353): NDC Command {61 bandwidth setiquota eth0 9223372036854775807} took too long (1779ms)
D/MobileDataStateTracker(  353): default: setPolicyDataEnable(enabled=true)
D/Tethering(  353): MasterInitialState.processMessage what=3
D/CaptivePortalTracker(  353): NoActiveNetworkState{ when=-4ms what=1 obj=NetworkInfo: type: mobile_hipri[UMTS], state: DISCONNECTED/DISCONNECTED, reason: dataDisabled, extra: epc.tmobile.com, roaming: false, failover: false, isAvailable: true, isConnectedToProvisioningNetwork: false target=com.android.internal.util.StateMachine$SmHandler }
D/Tethering(  353): MasterInitialState.processMessage what=3
D/CaptivePortalTracker(  353): NoActiveNetworkState not a wifi connectivity change, ignore
D/CaptivePortalTracker(  353): NoActiveNetworkState{ when=-15ms what=1 obj=NetworkInfo: type: mobile[UMTS], state: CONNECTED/CONNECTED, reason: connected, extra: epc.tmobile.com, roaming: false, failover: false, isAvailable: true, isConnectedToProvisioningNetwork: false target=com.android.internal.util.StateMachine$SmHandler }
D/CaptivePortalTracker(  353): NoActiveNetworkState not a wifi connectivity change, ignore
E/BluetoothAdapter(  626): Bluetooth binder is null
E/NetdConnector(  353): NDC Command {62 bandwidth removeiquota eth0} took too long (782ms)
D/AlertReceiver(  962): onReceive: a=android.intent.action.PROVIDER_CHANGED Intent { act=android.intent.action.PROVIDER_CHANGED dat=content://com.android.calendar flg=0x10 cmp=com.android.calendar/.alerts.AlertReceiver }
I/ActivityManager(  353): Delay finish: com.android.calendar/.alerts.AlertReceiver
D/AlertService(  962): 0 Action = android.intent.action.PROVIDER_CHANGED
D/dalvikvm(  353): GC_CONCURRENT freed 636K, 57% free 5747K/13156K, paused 17ms+6ms, total 297ms
W/ProcessCpuTracker(  353): Skipping unknown process pid 1140
E/NetdConnector(  353): NDC Command {63 bandwidth setiquota eth0 9223372036854775807} took too long (1181ms)
D/MobileDataStateTracker(  353): default: setPolicyDataEnable(enabled=true)
D/MobileDataStateTracker(  353): default: setPolicyDataEnable(enabled=true)
D/dalvikvm(  353): GC_CONCURRENT freed 716K, 57% free 5719K/13156K, paused 8ms+7ms, total 84ms
D/ConnectivityService(  353): [CheckMp] isMobileOk: X result=0
D/ConnectivityService(  353): [CheckMp] onPostExecute: result=0
D/ConnectivityService(  353): CheckMp.onComplete: result=0
D/ConnectivityService(  353): CheckMp.onComplete: ignore, connected or no connection
I/InputReader(  353): Reconfiguring input devices.  changes=0x00000010
I/InputReader(  353): Reconfiguring input devices.  changes=0x00000010
I/InputReader(  353): Reconfiguring input devices.  changes=0x00000010
I/PackageManager(  353):   Action: "android.intent.action.SENDTO"
I/PackageManager(  353):   Category: "android.intent.category.DEFAULT"
I/PackageManager(  353):   Scheme: "sms"
I/PackageManager(  353): Adding preferred activity ComponentInfo{com.android.mms/com.android.mms.ui.ComposeMessageActivity} for user 0 :
I/PackageManager(  353):   Action: "android.intent.action.SENDTO"
I/PackageManager(  353):   Category: "android.intent.category.DEFAULT"
I/PackageManager(  353):   Scheme: "smsto"
I/PackageManager(  353): Adding preferred activity ComponentInfo{com.android.mms/com.android.mms.ui.ComposeMessageActivity} for user 0 :
I/PackageManager(  353):   Action: "android.intent.action.SENDTO"
I/PackageManager(  353):   Category: "android.intent.category.DEFAULT"
I/PackageManager(  353):   Scheme: "mms"
I/PackageManager(  353): Adding preferred activity ComponentInfo{com.android.mms/com.android.mms.ui.ComposeMessageActivity} for user 0 :
D/dalvikvm(  353): GC_CONCURRENT freed 672K, 56% free 5805K/13156K, paused 15ms+5ms, total 143ms
D/dalvikvm(  353): WAIT_FOR_CONCURRENT_GC blocked 57ms
D/dalvikvm(  353): WAIT_FOR_CONCURRENT_GC blocked 60ms
D/dalvikvm(  353): WAIT_FOR_CONCURRENT_GC blocked 61ms
I/PackageManager(  353):   Action: "android.intent.action.SENDTO"
I/PackageManager(  353):   Category: "android.intent.category.DEFAULT"
I/PackageManager(  353):   Scheme: "mmsto"
I/PackageManager(  353): Adding preferred activity ComponentInfo{com.android.mms/com.android.mms.ui.ComposeMessageActivity} for user 0 :
I/PackageManager(  353):   Action: "android.intent.action.SENDTO"
I/PackageManager(  353):   Category: "android.intent.category.DEFAULT"
I/PackageManager(  353):   Scheme: "sms"
I/PackageManager(  353): Adding preferred activity ComponentInfo{com.android.mms/com.android.mms.ui.ComposeMessageActivity} for user 0 :
I/PackageManager(  353):   Action: "android.intent.action.SENDTO"
I/PackageManager(  353):   Category: "android.intent.category.DEFAULT"
I/PackageManager(  353):   Scheme: "smsto"
I/PackageManager(  353): Adding preferred activity ComponentInfo{com.android.mms/com.android.mms.ui.ComposeMessageActivity} for user 0 :
D/dalvikvm(  612): GC_CONCURRENT freed 384K, 13% free 3387K/3888K, paused 21ms+2ms, total 114ms
I/PackageManager(  353):   Action: "android.intent.action.SENDTO"
I/PackageManager(  353):   Category: "android.intent.category.DEFAULT"
I/PackageManager(  353):   Scheme: "mms"
I/PackageManager(  353): Adding preferred activity ComponentInfo{com.android.mms/com.android.mms.ui.ComposeMessageActivity} for user 0 :
I/PackageManager(  353):   Action: "android.intent.action.SENDTO"
I/PackageManager(  353):   Category: "android.intent.category.DEFAULT"
I/PackageManager(  353): Adding preferred activity ComponentInfo{com.android.mms/com.android.mms.ui.ComposeMessageActivity} for user 0 :
I/PackageManager(  353):   Scheme: "mmsto"
I/PackageManager(  353):   Action: "android.intent.action.SENDTO"
I/PackageManager(  353):   Category: "android.intent.category.DEFAULT"
I/PackageManager(  353):   Scheme: "sms"
I/PackageManager(  353): Adding preferred activity ComponentInfo{com.android.mms/com.android.mms.ui.ComposeMessageActivity} for user 0 :
I/PackageManager(  353):   Action: "android.intent.action.SENDTO"
I/PackageManager(  353):   Category: "android.intent.category.DEFAULT"
I/PackageManager(  353):   Scheme: "smsto"
I/PackageManager(  353): Adding preferred activity ComponentInfo{com.android.mms/com.android.mms.ui.ComposeMessageActivity} for user 0 :
I/PackageManager(  353):   Action: "android.intent.action.SENDTO"
I/PackageManager(  353):   Category: "android.intent.category.DEFAULT"
I/PackageManager(  353):   Scheme: "mms"
I/PackageManager(  353): Adding preferred activity ComponentInfo{com.android.mms/com.android.mms.ui.ComposeMessageActivity} for user 0 :
D/dalvikvm(  353): GC_CONCURRENT freed 811K, 57% free 5773K/13156K, paused 7ms+5ms, total 125ms
D/dalvikvm(  353): WAIT_FOR_CONCURRENT_GC blocked 42ms
D/dalvikvm(  612): GC_CONCURRENT freed 458K, 15% free 3379K/3960K, paused 4ms+2ms, total 28ms
D/dalvikvm(  612): WAIT_FOR_CONCURRENT_GC blocked 15ms
I/PackageManager(  353):   Action: "android.intent.action.SENDTO"
I/PackageManager(  353):   Category: "android.intent.category.DEFAULT"
I/PackageManager(  353):   Scheme: "mmsto"
I/PackageManager(  353): Adding preferred activity ComponentInfo{com.android.mms/com.android.mms.ui.ComposeMessageActivity} for user 0 :
I/PackageManager(  353):   Action: "android.intent.action.SENDTO"
I/PackageManager(  353):   Category: "android.intent.category.DEFAULT"
I/PackageManager(  353):   Scheme: "sms"
I/PackageManager(  353): Adding preferred activity ComponentInfo{com.android.mms/com.android.mms.ui.ComposeMessageActivity} for user 0 :
I/PackageManager(  353):   Action: "android.intent.action.SENDTO"
I/PackageManager(  353):   Category: "android.intent.category.DEFAULT"
I/PackageManager(  353):   Scheme: "smsto"
I/PackageManager(  353): Adding preferred activity ComponentInfo{com.android.mms/com.android.mms.ui.ComposeMessageActivity} for user 0 :
I/PackageManager(  353):   Action: "android.intent.action.SENDTO"
I/PackageManager(  353):   Category: "android.intent.category.DEFAULT"
I/PackageManager(  353):   Scheme: "mms"
I/PackageManager(  353): Adding preferred activity ComponentInfo{com.android.mms/com.android.mms.ui.ComposeMessageActivity} for user 0 :
I/PackageManager(  353):   Action: "android.intent.action.SENDTO"
I/PackageManager(  353):   Category: "android.intent.category.DEFAULT"
I/PackageManager(  353):   Scheme: "mmsto"
I/PackageManager(  353): Adding preferred activity ComponentInfo{com.android.mms/com.android.mms.ui.ComposeMessageActivity} for user 0 :
I/PackageManager(  353):   Action: "android.intent.action.SENDTO"
I/PackageManager(  353):   Category: "android.intent.category.DEFAULT"
I/PackageManager(  353):   Scheme: "sms"
I/PackageManager(  353): Adding preferred activity ComponentInfo{com.android.mms/com.android.mms.ui.ComposeMessageActivity} for user 0 :
D/dalvikvm(  612): GC_CONCURRENT freed 456K, 17% free 3314K/3960K, paused 11ms+2ms, total 47ms
I/PackageManager(  353):   Action: "android.intent.action.SENDTO"
I/PackageManager(  353):   Category: "android.intent.category.DEFAULT"
I/PackageManager(  353):   Scheme: "smsto"
I/PackageManager(  353): Adding preferred activity ComponentInfo{com.android.mms/com.android.mms.ui.ComposeMessageActivity} for user 0 :
D/dalvikvm(  353): GC_CONCURRENT freed 742K, 56% free 5801K/13156K, paused 19ms+5ms, total 113ms
D/dalvikvm(  353): WAIT_FOR_CONCURRENT_GC blocked 25ms
D/dalvikvm(  353): WAIT_FOR_CONCURRENT_GC blocked 1018ms
I/PackageManager(  353):   Action: "android.intent.action.SENDTO"
I/PackageManager(  353):   Category: "android.intent.category.DEFAULT"
I/PackageManager(  353):   Scheme: "mms"
I/PackageManager(  353): Adding preferred activity ComponentInfo{com.android.mms/com.android.mms.ui.ComposeMessageActivity} for user 0 :
I/PackageManager(  353):   Action: "android.intent.action.SENDTO"
I/PackageManager(  353):   Category: "android.intent.category.DEFAULT"
I/PackageManager(  353):   Scheme: "mmsto"
I/PackageManager(  353): Adding preferred activity ComponentInfo{com.android.mms/com.android.mms.ui.ComposeMessageActivity} for user 0 :
I/PackageManager(  353):   Action: "android.intent.action.SENDTO"
I/PackageManager(  353):   Category: "android.intent.category.DEFAULT"
I/PackageManager(  353):   Scheme: "sms"
I/PackageManager(  353): Adding preferred activity ComponentInfo{com.android.mms/com.android.mms.ui.ComposeMessageActivity} for user 0 :
I/PackageManager(  353):   Action: "android.intent.action.SENDTO"
I/PackageManager(  353):   Category: "android.intent.category.DEFAULT"
I/PackageManager(  353):   Scheme: "smsto"
I/PackageManager(  353): Adding preferred activity ComponentInfo{com.android.mms/com.android.mms.ui.ComposeMessageActivity} for user 0 :
I/PackageManager(  353):   Action: "android.intent.action.SENDTO"
I/PackageManager(  353):   Category: "android.intent.category.DEFAULT"
I/PackageManager(  353):   Scheme: "mms"
I/PackageManager(  353): Adding preferred activity ComponentInfo{com.android.mms/com.android.mms.ui.ComposeMessageActivity} for user 0 :
D/dalvikvm(  612): GC_CONCURRENT freed 380K, 14% free 3445K/3960K, paused 4ms+17ms, total 49ms
D/dalvikvm(  612): WAIT_FOR_CONCURRENT_GC blocked 3ms
I/PackageManager(  353):   Action: "android.intent.action.SENDTO"
I/PackageManager(  353):   Category: "android.intent.category.DEFAULT"
I/PackageManager(  353):   Scheme: "mmsto"
I/PackageManager(  353): Adding preferred activity ComponentInfo{com.android.mms/com.android.mms.ui.ComposeMessageActivity} for user 0 :
D/dalvikvm(  353): GC_CONCURRENT freed 733K, 57% free 5764K/13156K, paused 6ms+7ms, total 103ms
I/GlobalDismissManager(  962): no sender configured
D/AlertService(  962): Beginning updateAlertNotification
D/AlertService(  962): No fired or scheduled alerts
D/AlertService(  962): Scheduling next alarm with AlarmScheduler. sEventReminderReceived: null
I/ActivityManager(  353): Waited long enough for: ServiceRecord{b33687b0 u0 com.android.music/.MediaPlaybackService}
I/ActivityManager(  353): Resuming delayed broadcast
I/ActivityManager(  353): Delay finish: com.android.mms/.transaction.SmsReceiver
V/SmsReceiverService( 1041): onStart: #1 mResultCode: -1 = Activity.RESULT_OK
D/AlarmScheduler(  962): No events found starting within 1 week.
I/ActivityManager(  353): Resuming delayed broadcast
D/dalvikvm(  985): GC_CONCURRENT freed 208K, 9% free 2887K/3164K, paused 31ms+2ms, total 149ms
D/MobileDataStateTracker(  353): default: setPolicyDataEnable(enabled=true)
I/ActivityManager(  353): Delay finish: com.android.providers.contacts/.PackageIntentReceiver
I/ActivityManager(  353): Resuming delayed broadcast
D/ConnectivityService(  353): Sampling interval elapsed, updating statistics ..
D/ConnectivityService(  353): Done.
D/ConnectivityService(  353): Setting timer for 720seconds
D/AndroidRuntime( 1162): 
D/AndroidRuntime( 1162): >>>>>> AndroidRuntime START com.android.internal.os.RuntimeInit <<<<<<
D/AndroidRuntime( 1162): CheckJNI is ON
D/dalvikvm( 1162): Trying to load lib libjavacore.so 0x0
D/dalvikvm( 1162): Added shared lib libjavacore.so 0x0
D/dalvikvm( 1162): Trying to load lib libnativehelper.so 0x0
D/dalvikvm( 1162): Added shared lib libnativehelper.so 0x0
D/dalvikvm( 1162): No JNI_OnLoad found in libnativehelper.so 0x0, skipping init
D/dalvikvm( 1162): Note: class Landroid/app/ActivityManagerNative; has 179 unimplemented (abstract) methods
E/memtrack( 1162): Couldn't load memtrack module (No such file or directory)
E/android.os.Debug( 1162): failed to load memtrack module: -2
D/AndroidRuntime( 1162): Calling main entry com.android.commands.am.Am
I/ActivityManager(  353): START u0 {act=android.intent.action.MAIN cat=[android.intent.category.LAUNCHER] flg=0x10000000 cmp=ggican.timer/.StopWatchActivity} from pid 1162
D/gralloc (   57): Registering a buffer in the process that created it. This may cause memory ordering problems.
E/libEGL  (   57): called unimplemented OpenGL ES API
E/libEGL  (   57): called unimplemented OpenGL ES API
E/libEGL  (   57): called unimplemented OpenGL ES API
E/libEGL  (   57): called unimplemented OpenGL ES API
E/SurfaceFlinger(   57): glCheckFramebufferStatusOES error 1012877831
E/SurfaceFlinger(   57): got GL_FRAMEBUFFER_COMPLETE_OES error while taking screenshot
E/libEGL  (   57): called unimplemented OpenGL ES API
E/libEGL  (   57): called unimplemented OpenGL ES API
W/WindowManager(  353): Screenshot failure taking screenshot for (164x295) to layer 21005
I/ActivityManager(  353): Start proc ggican.timer for activity ggican.timer/.StopWatchActivity: pid=1172 uid=10052 gids={50052, 3003, 1028, 1015}
I/ActivityManager(  353): Waited long enough for: ServiceRecord{b336d978 u0 com.android.calendar/.alerts.InitAlarmsService}
D/dalvikvm( 1172): GC_CONCURRENT freed 50K, 4% free 3089K/3208K, paused 6ms+2ms, total 63ms
D/APP_SDK ( 1172): AppId is setted by manifest, the value is: 48d6c677fde9452c6ddc821161e79de2
D/APP_SDK ( 1172): AppId is setted by manifest, the value is: 48d6c677fde9452c6ddc821161e79de2
D/APP_SDK ( 1172): App_Pid is setted by manifest, the value is: qq
W/APP_SDK ( 1172): Permission.ACCESS_WIFI_STATE is not found or the device is Emulator, Please check it!
D/APP_SDK ( 1172): The net is: epc.tmobile.com
D/dalvikvm( 1172): GC_CONCURRENT freed 234K, 9% free 3279K/3580K, paused 4ms+20ms, total 49ms
D/APP_SDK ( 1172): AppId is setted by manifest, the value is: 48d6c677fde9452c6ddc821161e79de2
D/APP_SDK ( 1172): AppId is setted by manifest, the value is: 48d6c677fde9452c6ddc821161e79de2
D/gralloc_goldfish( 1172): Emulator without GPU emulation detected.
I/ActivityManager(  353): Displayed ggican.timer/.StopWatchActivity: +2s403ms
D/AndroidRuntime( 1162): Shutting down VM
D/dalvikvm( 1162): GC_CONCURRENT freed 97K, 15% free 589K/688K, paused 2ms+1ms, total 20ms
D/dalvikvm( 1172): GC_CONCURRENT freed 305K, 10% free 3416K/3792K, paused 3ms+4ms, total 33ms
V/AlarmClock(  981): AlarmInitReceiver android.intent.action.TIME_SET
I/AlarmClock(  981): Displaying next alarm time: ''
V/AlarmClock(  981): AlarmInitReceiver finished
D/InitAlarmsService(  962): Clearing and rescheduling alarms.
D/dalvikvm( 1172): GC_CONCURRENT freed 439K, 14% free 3364K/3872K, paused 7ms+2ms, total 48ms
D/AndroidRuntime( 1201): 
D/AndroidRuntime( 1201): >>>>>> AndroidRuntime START com.android.internal.os.RuntimeInit <<<<<<
D/AndroidRuntime( 1201): CheckJNI is ON
D/dalvikvm( 1201): Trying to load lib libjavacore.so 0x0
D/dalvikvm( 1201): Added shared lib libjavacore.so 0x0
D/dalvikvm( 1201): Trying to load lib libnativehelper.so 0x0
D/dalvikvm( 1201): Added shared lib libnativehelper.so 0x0
D/dalvikvm( 1201): No JNI_OnLoad found in libnativehelper.so 0x0, skipping init
D/dalvikvm( 1201): Note: class Landroid/app/ActivityManagerNative; has 179 unimplemented (abstract) methods
E/memtrack( 1201): Couldn't load memtrack module (No such file or directory)
E/android.os.Debug( 1201): failed to load memtrack module: -2
D/AndroidRuntime( 1201): Calling main entry com.android.commands.am.Am
D/AndroidRuntime( 1201): Shutting down VM
D/dalvikvm( 1201): GC_CONCURRENT freed 97K, 15% free 587K/688K, paused 1ms+2ms, total 20ms
D/        (  353): Setting time of day to sec=1545867756
D/AndroidRuntime( 1212): 
D/AndroidRuntime( 1212): >>>>>> AndroidRuntime START com.android.internal.os.RuntimeInit <<<<<<
D/AndroidRuntime( 1212): CheckJNI is ON
D/dalvikvm( 1212): Trying to load lib libjavacore.so 0x0
D/dalvikvm( 1212): Added shared lib libjavacore.so 0x0
D/dalvikvm( 1212): Trying to load lib libnativehelper.so 0x0
D/dalvikvm( 1212): Added shared lib libnativehelper.so 0x0
D/dalvikvm( 1212): No JNI_OnLoad found in libnativehelper.so 0x0, skipping init
D/dalvikvm( 1212): Note: class Landroid/app/ActivityManagerNative; has 179 unimplemented (abstract) methods
E/memtrack( 1212): Couldn't load memtrack module (No such file or directory)
E/android.os.Debug( 1212): failed to load memtrack module: -2
D/AndroidRuntime( 1212): Calling main entry com.android.commands.am.Am
I/ActivityManager(  353): START u0 {act=android.intent.action.MAIN cat=[android.intent.category.LAUNCHER] flg=0x10000000 cmp=ggican.timer/.TimerActivity} from pid 1212
D/dalvikvm( 1172): GC_CONCURRENT freed 244K, 10% free 3514K/3872K, paused 17ms+11ms, total 57ms
I/Choreographer( 1172): Skipped 82 frames!  The application may be doing too much work on its main thread.
D/Launcher.Model(  704): DbDebug    Add item (Stopwatch) to db, id: 13 (-100, 2, 0, 0)
I/Launcher(  704): setLoadOnResume
I/ActivityManager(  353): Displayed ggican.timer/.TimerActivity: +1s344ms
D/AndroidRuntime( 1212): Shutting down VM
D/dalvikvm( 1212): GC_CONCURRENT freed 97K, 15% free 589K/688K, paused 2ms+1ms, total 18ms
I/ARMAssembler(   57): generated scanline__00000077:03010104_00008001_00000000 [ 89 ipp] (110 ins) at [0xb61cf680:0xb61cf838] in 0 ns
D/dalvikvm(  353): GC_CONCURRENT freed 583K, 56% free 5823K/13156K, paused 9ms+7ms, total 96ms
I/MediaFocusControl(  353):  AudioFocus  abandonAudioFocus() from android.media.AudioManager@b2d983a8com.android.music.MediaPlaybackService$3@b2d97228
D/AndroidRuntime( 1226): 
D/AndroidRuntime( 1226): >>>>>> AndroidRuntime START com.android.internal.os.RuntimeInit <<<<<<
D/AndroidRuntime( 1226): CheckJNI is ON
D/dalvikvm( 1226): Trying to load lib libjavacore.so 0x0
D/dalvikvm( 1226): Added shared lib libjavacore.so 0x0
D/dalvikvm( 1226): Trying to load lib libnativehelper.so 0x0
D/dalvikvm( 1226): Added shared lib libnativehelper.so 0x0
D/dalvikvm( 1226): No JNI_OnLoad found in libnativehelper.so 0x0, skipping init
D/dalvikvm( 1226): Note: class Landroid/app/ActivityManagerNative; has 179 unimplemented (abstract) methods
E/memtrack( 1226): Couldn't load memtrack module (No such file or directory)
E/android.os.Debug( 1226): failed to load memtrack module: -2
D/AndroidRuntime( 1226): Calling main entry com.android.commands.am.Am
I/ActivityManager(  353): START u0 {act=android.intent.action.MAIN cat=[android.intent.category.LAUNCHER] flg=0x10000000 cmp=ggican.timer/.SettingsActivity} from pid 1226
I/Choreographer( 1172): Skipped 62 frames!  The application may be doing too much work on its main thread.
D/dalvikvm( 1172): GC_CONCURRENT freed 183K, 7% free 3724K/3976K, paused 5ms+5ms, total 99ms
I/ActivityManager(  353): Displayed ggican.timer/.SettingsActivity: +2s225ms
D/AndroidRuntime( 1226): Shutting down VM
D/dalvikvm( 1226): GC_CONCURRENT freed 97K, 15% free 589K/688K, paused 2ms+6ms, total 20ms
I/Choreographer( 1172): Skipped 136 frames!  The application may be doing too much work on its main thread.
D/AndroidRuntime( 1237): 
D/AndroidRuntime( 1237): >>>>>> AndroidRuntime START com.android.internal.os.RuntimeInit <<<<<<
D/AndroidRuntime( 1237): CheckJNI is ON
D/dalvikvm( 1237): Trying to load lib libjavacore.so 0x0
D/dalvikvm( 1237): Added shared lib libjavacore.so 0x0
D/dalvikvm( 1237): Trying to load lib libnativehelper.so 0x0
D/dalvikvm( 1237): Added shared lib libnativehelper.so 0x0
D/dalvikvm( 1237): No JNI_OnLoad found in libnativehelper.so 0x0, skipping init
D/dalvikvm( 1237): Note: class Landroid/app/ActivityManagerNative; has 179 unimplemented (abstract) methods
E/memtrack( 1237): Couldn't load memtrack module (No such file or directory)
E/android.os.Debug( 1237): failed to load memtrack module: -2
D/AndroidRuntime( 1237): Calling main entry com.android.commands.am.Am
I/ActivityManager(  353): START u0 {act=android.intent.action.MAIN cat=[android.intent.category.LAUNCHER] flg=0x10000000 cmp=ggican.timer/.AboutActivity} from pid 1237
I/Choreographer( 1172): Skipped 49 frames!  The application may be doing too much work on its main thread.
I/Choreographer( 1172): Skipped 118 frames!  The application may be doing too much work on its main thread.
I/ActivityManager(  353): Displayed ggican.timer/.AboutActivity: +1s456ms
D/AndroidRuntime( 1237): Shutting down VM
D/dalvikvm( 1237): GC_CONCURRENT freed 97K, 15% free 589K/688K, paused 2ms+2ms, total 15ms
D/AndroidRuntime( 1248): 
D/AndroidRuntime( 1248): >>>>>> AndroidRuntime START com.android.internal.os.RuntimeInit <<<<<<
D/AndroidRuntime( 1248): CheckJNI is ON
D/dalvikvm( 1248): Trying to load lib libjavacore.so 0x0
D/dalvikvm( 1248): Added shared lib libjavacore.so 0x0
D/dalvikvm( 1248): Trying to load lib libnativehelper.so 0x0
D/dalvikvm( 1248): Added shared lib libnativehelper.so 0x0
D/dalvikvm( 1248): No JNI_OnLoad found in libnativehelper.so 0x0, skipping init
D/dalvikvm( 1248): Note: class Landroid/app/ActivityManagerNative; has 179 unimplemented (abstract) methods
E/memtrack( 1248): Couldn't load memtrack module (No such file or directory)
E/android.os.Debug( 1248): failed to load memtrack module: -2
D/AndroidRuntime( 1248): Calling main entry com.android.commands.am.Am
I/ActivityManager(  353): START u0 {act=android.intent.action.MAIN cat=[android.intent.category.LAUNCHER] flg=0x10000000 cmp=ggican.timer/.StopWatchLandscape} from pid 1248
D/gralloc (   57): Registering a buffer in the process that created it. This may cause memory ordering problems.
E/libEGL  (   57): called unimplemented OpenGL ES API
E/libEGL  (   57): called unimplemented OpenGL ES API
E/libEGL  (   57): called unimplemented OpenGL ES API
E/libEGL  (   57): called unimplemented OpenGL ES API
E/SurfaceFlinger(   57): glCheckFramebufferStatusOES error 1012877831
E/SurfaceFlinger(   57): got GL_FRAMEBUFFER_COMPLETE_OES error while taking screenshot
E/libEGL  (   57): called unimplemented OpenGL ES API
E/libEGL  (   57): called unimplemented OpenGL ES API
I/ActivityManager(  353): Config changes=480 {1.0 310mcc260mnc en_US ldltr sw480dp w864dp h455dp 160dpi lrg long land finger -keyb/v/h tball/v s.7}
I/InputReader(  353): Reconfiguring input devices.  changes=0x00000004
I/InputReader(  353): Device reconfigured: id=0, name='qwerty2', size 480x864, orientation 1, mode 1, display id 0
D/PhoneStatusBar(  463): mSettingsPanelGravity = 55
I/Choreographer(  463): Skipped 31 frames!  The application may be doing too much work on its main thread.
I/Choreographer( 1172): Skipped 65 frames!  The application may be doing too much work on its main thread.
I/ActivityManager(  353): Displayed ggican.timer/.StopWatchLandscape: +1s45ms
D/AndroidRuntime( 1248): Shutting down VM
I/WindowManager(  353): Screen frozen for +1s63ms due to Window{b30f4410 u0 ggican.timer/ggican.timer.StopWatchLandscape}
D/dalvikvm( 1248): GC_CONCURRENT freed 97K, 15% free 589K/688K, paused 13ms+1ms, total 22ms
I/Choreographer(  353): Skipped 39 frames!  The application may be doing too much work on its main thread.
D/dalvikvm(  353): GC_EXPLICIT freed 187K, 57% free 5765K/13156K, paused 13ms+6ms, total 84ms
D/dalvikvm( 1172): GC_CONCURRENT freed 285K, 9% free 3825K/4180K, paused 3ms+3ms, total 27ms
D/AndroidRuntime( 1259): 
D/AndroidRuntime( 1259): >>>>>> AndroidRuntime START com.android.internal.os.RuntimeInit <<<<<<
D/AndroidRuntime( 1259): CheckJNI is ON
D/dalvikvm( 1259): Trying to load lib libjavacore.so 0x0
D/dalvikvm( 1259): Added shared lib libjavacore.so 0x0
D/dalvikvm( 1259): Trying to load lib libnativehelper.so 0x0
D/dalvikvm( 1259): Added shared lib libnativehelper.so 0x0
D/dalvikvm( 1259): No JNI_OnLoad found in libnativehelper.so 0x0, skipping init
D/dalvikvm( 1259): Note: class Landroid/app/ActivityManagerNative; has 179 unimplemented (abstract) methods
E/memtrack( 1259): Couldn't load memtrack module (No such file or directory)
E/android.os.Debug( 1259): failed to load memtrack module: -2
D/AndroidRuntime( 1259): Calling main entry com.android.commands.am.Am
I/ActivityManager(  353): START u0 {act=android.intent.action.MAIN cat=[android.intent.category.LAUNCHER] flg=0x10000000 cmp=ggican.timer/.TimerLandscape} from pid 1259
D/AndroidRuntime( 1172): Shutting down VM
W/dalvikvm( 1172): threadid=1: thread exiting with uncaught exception (group=0xb2adeba8)
V/Exception( 1172): java.lang.RuntimeException: Unable to start activity ComponentInfo{ggican.timer/ggican.timer.TimerLandscape}: java.lang.NullPointerException
V/Exception( 1172): 	at android.app.ActivityThread.performLaunchActivity(ActivityThread.java:2184)
V/Exception( 1172): 	at android.app.ActivityThread.handleLaunchActivity(ActivityThread.java:2233)
V/Exception( 1172): 	at android.app.ActivityThread.access$800(ActivityThread.java:135)
V/Exception( 1172): 	at android.app.ActivityThread$H.handleMessage(ActivityThread.java:1196)
V/Exception( 1172): 	at android.os.Handler.dispatchMessage(Handler.java:102)
V/Exception( 1172): 	at android.os.Looper.loop(Looper.java:136)
V/Exception( 1172): 	at android.app.ActivityThread.main(ActivityThread.java:5001)
V/Exception( 1172): 	at java.lang.reflect.Method.invokeNative(Native Method)
V/Exception( 1172): 	at java.lang.reflect.Method.invoke(Method.java:515)
V/Exception( 1172): 	at com.android.internal.os.ZygoteInit$MethodAndArgsCaller.run(ZygoteInit.java:785)
V/Exception( 1172): 	at com.android.internal.os.ZygoteInit.main(ZygoteInit.java:601)
V/Exception( 1172): 	at dalvik.system.NativeStart.main(Native Method)
V/Exception( 1172): Caused by: java.lang.NullPointerException
V/Exception( 1172): 	at ggican.timer.TimerLandscape.onCreate(TimerLandscape.java:63)
V/Exception( 1172): 	at android.app.Activity.performCreate(Activity.java:5231)
V/Exception( 1172): 	at android.app.Instrumentation.callActivityOnCreate(Instrumentation.java:1087)
V/Exception( 1172): 	at android.app.ActivityThread.performLaunchActivity(ActivityThread.java:2148)
V/Exception( 1172): 	... 11 more
V/Exception( 1172): java.lang.NullPointerException
V/Exception( 1172): 	at ggican.timer.TimerLandscape.onCreate(TimerLandscape.java:63)
V/Exception( 1172): 	at android.app.Activity.performCreate(Activity.java:5231)
V/Exception( 1172): 	at android.app.Instrumentation.callActivityOnCreate(Instrumentation.java:1087)
V/Exception( 1172): 	at android.app.ActivityThread.performLaunchActivity(ActivityThread.java:2148)
V/Exception( 1172): 	at android.app.ActivityThread.handleLaunchActivity(ActivityThread.java:2233)
V/Exception( 1172): 	at android.app.ActivityThread.access$800(ActivityThread.java:135)
V/Exception( 1172): 	at android.app.ActivityThread$H.handleMessage(ActivityThread.java:1196)
V/Exception( 1172): 	at android.os.Handler.dispatchMessage(Handler.java:102)
V/Exception( 1172): 	at android.os.Looper.loop(Looper.java:136)
V/Exception( 1172): 	at android.app.ActivityThread.main(ActivityThread.java:5001)
V/Exception( 1172): 	at java.lang.reflect.Method.invokeNative(Native Method)
V/Exception( 1172): 	at java.lang.reflect.Method.invoke(Method.java:515)
V/Exception( 1172): 	at com.android.internal.os.ZygoteInit$MethodAndArgsCaller.run(ZygoteInit.java:785)
V/Exception( 1172): 	at com.android.internal.os.ZygoteInit.main(ZygoteInit.java:601)
V/Exception( 1172): 	at dalvik.system.NativeStart.main(Native Method)
I/Process ( 1172): Sending signal. PID: 1172 SIG: 9
I/WindowState(  353): WIN DEATH: Window{b37894f8 u0 ggican.timer/ggican.timer.TimerActivity}
I/ActivityManager(  353): Process ggican.timer (pid 1172) has died.
W/ActivityManager(  353): Scheduling restart of crashed service ggican.timer/.StopwatchService in 1000ms
W/ActivityManager(  353): Scheduling restart of crashed service ggican.timer/.TimerService in 10999ms
W/ActivityManager(  353): Force removing ActivityRecord{b334f908 u0 ggican.timer/.StopWatchLandscape t4}: app died, no saved state
I/WindowState(  353): WIN DEATH: Window{b34b4248 u0 ggican.timer/ggican.timer.StopWatchActivity}
I/WindowState(  353): WIN DEATH: Window{b34a9058 u0 ggican.timer/ggican.timer.AboutActivity}
I/WindowState(  353): WIN DEATH: Window{b333c2d0 u0 ggican.timer/ggican.timer.SettingsActivity}
I/WindowState(  353): WIN DEATH: Window{b30f4410 u0 ggican.timer/ggican.timer.StopWatchLandscape}
I/WindowState(  353): WIN DEATH: Window{b33793c0 u0 Toast}
I/ActivityManager(  353): Start proc ggican.timer for activity ggican.timer/.TimerLandscape: pid=1274 uid=10052 gids={50052, 3003, 1028, 1015}
W/NotificationService(  353): Object died trying to hide notification android.app.ITransientNotification$Stub$Proxy@b36122c0 in package ggican.timer
D/AndroidRuntime( 1274): Shutting down VM
W/dalvikvm( 1274): threadid=1: thread exiting with uncaught exception (group=0xb2adeba8)
E/AndroidRuntime( 1274): FATAL EXCEPTION: main
E/AndroidRuntime( 1274): Process: ggican.timer, PID: 1274
E/AndroidRuntime( 1274): java.lang.RuntimeException: Unable to start activity ComponentInfo{ggican.timer/ggican.timer.TimerLandscape}: java.lang.NullPointerException
E/AndroidRuntime( 1274): 	at android.app.ActivityThread.performLaunchActivity(ActivityThread.java:2184)
E/AndroidRuntime( 1274): 	at android.app.ActivityThread.handleLaunchActivity(ActivityThread.java:2233)
E/AndroidRuntime( 1274): 	at android.app.ActivityThread.access$800(ActivityThread.java:135)
E/AndroidRuntime( 1274): 	at android.app.ActivityThread$H.handleMessage(ActivityThread.java:1196)
E/AndroidRuntime( 1274): 	at android.os.Handler.dispatchMessage(Handler.java:102)
E/AndroidRuntime( 1274): 	at android.os.Looper.loop(Looper.java:136)
E/AndroidRuntime( 1274): 	at android.app.ActivityThread.main(ActivityThread.java:5001)
E/AndroidRuntime( 1274): 	at java.lang.reflect.Method.invokeNative(Native Method)
E/AndroidRuntime( 1274): 	at java.lang.reflect.Method.invoke(Method.java:515)
E/AndroidRuntime( 1274): 	at com.android.internal.os.ZygoteInit$MethodAndArgsCaller.run(ZygoteInit.java:785)
E/AndroidRuntime( 1274): 	at com.android.internal.os.ZygoteInit.main(ZygoteInit.java:601)
E/AndroidRuntime( 1274): 	at dalvik.system.NativeStart.main(Native Method)
E/AndroidRuntime( 1274): Caused by: java.lang.NullPointerException
E/AndroidRuntime( 1274): 	at ggican.timer.TimerLandscape.onCreate(TimerLandscape.java:63)
E/AndroidRuntime( 1274): 	at android.app.Activity.performCreate(Activity.java:5231)
E/AndroidRuntime( 1274): 	at android.app.Instrumentation.callActivityOnCreate(Instrumentation.java:1087)
E/AndroidRuntime( 1274): 	at android.app.ActivityThread.performLaunchActivity(ActivityThread.java:2148)
E/AndroidRuntime( 1274): 	... 11 more
W/ActivityManager(  353):   Force finishing activity ggican.timer/.TimerLandscape
D/gralloc (   57): Registering a buffer in the process that created it. This may cause memory ordering problems.
E/libEGL  (   57): called unimplemented OpenGL ES API
E/libEGL  (   57): called unimplemented OpenGL ES API
E/libEGL  (   57): called unimplemented OpenGL ES API
E/libEGL  (   57): called unimplemented OpenGL ES API
E/SurfaceFlinger(   57): glCheckFramebufferStatusOES error 1012877831
E/SurfaceFlinger(   57): got GL_FRAMEBUFFER_COMPLETE_OES error while taking screenshot
E/libEGL  (   57): called unimplemented OpenGL ES API
E/libEGL  (   57): called unimplemented OpenGL ES API
I/ActivityManager(  353): Config changes=480 {1.0 310mcc260mnc en_US ldltr sw480dp w480dp h839dp 160dpi lrg long port finger -keyb/v/h tball/v s.8}
I/InputReader(  353): Reconfiguring input devices.  changes=0x00000004
I/InputReader(  353): Device reconfigured: id=0, name='qwerty2', size 480x864, orientation 0, mode 1, display id 0
D/PhoneStatusBar(  463): mSettingsPanelGravity = 55
I/Choreographer(  353): Skipped 93 frames!  The application may be doing too much work on its main thread.
I/WindowManager(  353): Screen frozen for +413ms due to Window{b30f4410 u0 ggican.timer/ggican.timer.StopWatchLandscape}
I/Choreographer(  463): Skipped 35 frames!  The application may be doing too much work on its main thread.
I/Choreographer(  353): Skipped 99 frames!  The application may be doing too much work on its main thread.
W/ActivityManager(  353): Activity pause timeout for ActivityRecord{b335ff60 u0 ggican.timer/.TimerLandscape t4 f}
D/dalvikvm(  353): GC_EXPLICIT freed 126K, 53% free 6186K/13156K, paused 5ms+10ms, total 84ms
W/ActivityManager(  353): Launch timeout has expired, giving up wake lock!
E/WindowManager(  353): Starting window AppWindowToken{b3491590 token=Token{b35c4a58 ActivityRecord{b335ff60 u0 ggican.timer/.TimerLandscape t4}}} timed out
D/AndroidRuntime( 1259): Shutting down VM
D/dalvikvm( 1259): GC_CONCURRENT freed 96K, 15% free 589K/688K, paused 2ms+1ms, total 22ms
