D/dalvikvm(  361): WAIT_FOR_CONCURRENT_GC blocked 233ms
D/dalvikvm(  361): WAIT_FOR_CONCURRENT_GC blocked 184ms
D/dalvikvm(  361): WAIT_FOR_CONCURRENT_GC blocked 19ms
I/PackageManager(  361):   Action: "android.intent.action.SENDTO"
I/PackageManager(  361):   Category: "android.intent.category.DEFAULT"
I/PackageManager(  361):   Scheme: "mms"
I/PackageManager(  361): Adding preferred activity ComponentInfo{com.android.mms/com.android.mms.ui.ComposeMessageActivity} for user 0 :
I/PackageManager(  361):   Action: "android.intent.action.SENDTO"
I/PackageManager(  361):   Category: "android.intent.category.DEFAULT"
I/PackageManager(  361):   Scheme: "mmsto"
I/PackageManager(  361): Adding preferred activity ComponentInfo{com.android.mms/com.android.mms.ui.ComposeMessageActivity} for user 0 :
D/dalvikvm(  600): GC_CONCURRENT freed 426K, 16% free 2990K/3548K, paused 3ms+13ms, total 43ms
I/FusedLocation(  361): engine started (com.android.location.fused)
E/BluetoothAdapter(  612): Bluetooth binder is null
I/LatinIME:LogUtils(  600): Dictionary info: dictionary = main:en ; version = 42 ; date = 1381226429
I/LatinIME:LogUtils(  600): Dictionary info: dictionary = main:en ; version = 42 ; date = 1381226429
E/BluetoothAdapter(  612): Bluetooth binder is null
I/LatinIME:LogUtils(  600): Dictionary info: dictionary = main:en ; version = 42 ; date = 1381226429
D/CallNotifier(  612): CallNotifier: mSignalInfoToneGenerator created when toneplay
E/BluetoothAdapter(  612): Bluetooth binder is null
I/LatinIME:LogUtils(  600): Dictionary info: dictionary = main:en ; version = 42 ; date = 1381226429
I/LatinIME:LogUtils(  600): Dictionary info: dictionary = main:en ; version = 42 ; date = 1381226429
I/LatinIME:LogUtils(  600): Dictionary info: dictionary = main:en ; version = 42 ; date = 1381226429
I/LatinIME:LogUtils(  600): Dictionary info: dictionary = main:en ; version = 42 ; date = 1381226429
I/LatinIME:LogUtils(  600): Dictionary info: dictionary = main:en ; version = 42 ; date = 1381226429
I/FusedLocation(  361): engine stopped (com.android.location.fused)
I/FusedLocation(  361): engine started (com.android.location.fused)
D/MobileDataStateTracker(  361): fota: Broadcast received: android.intent.action.ANY_DATA_STATE apnType=fota
D/MobileDataStateTracker(  361): fota: Received state=DISCONNECTED, old=DISCONNECTED, reason=radioTurnedOff
D/MobileDataStateTracker(  361): ia: Broadcast received: android.intent.action.ANY_DATA_STATE apnType=ia
D/dalvikvm(  612): GC_CONCURRENT freed 290K, 11% free 3038K/3396K, paused 3ms+2ms, total 70ms
D/MobileDataStateTracker(  361): ia: Received state=DISCONNECTED, old=DISCONNECTED, reason=radioTurnedOff
D/MobileDataStateTracker(  361): supl: Broadcast received: android.intent.action.ANY_DATA_STATE apnType=supl
D/MobileDataStateTracker(  361): supl: Received state=DISCONNECTED, old=DISCONNECTED, reason=radioTurnedOff
D/MobileDataStateTracker(  361): hipri: Broadcast received: android.intent.action.ANY_DATA_STATE apnType=hipri
D/MobileDataStateTracker(  361): hipri: Received state=DISCONNECTED, old=DISCONNECTED, reason=radioTurnedOff
D/MobileDataStateTracker(  361): ims: Broadcast received: android.intent.action.ANY_DATA_STATE apnType=ims
D/MobileDataStateTracker(  361): ims: Received state=DISCONNECTED, old=DISCONNECTED, reason=radioTurnedOff
D/MobileDataStateTracker(  361): default: Broadcast received: android.intent.action.ANY_DATA_STATE apnType=default
D/MobileDataStateTracker(  361): default: Received state=DISCONNECTED, old=DISCONNECTED, reason=radioTurnedOff
D/MobileDataStateTracker(  361): mms: Broadcast received: android.intent.action.ANY_DATA_STATE apnType=mms
D/MobileDataStateTracker(  361): mms: Received state=DISCONNECTED, old=DISCONNECTED, reason=radioTurnedOff
D/MobileDataStateTracker(  361): cbs: Broadcast received: android.intent.action.ANY_DATA_STATE apnType=cbs
D/MobileDataStateTracker(  361): cbs: Received state=DISCONNECTED, old=DISCONNECTED, reason=radioTurnedOff
D/MobileDataStateTracker(  361): fota: Broadcast received: android.intent.action.ANY_DATA_STATE apnType=fota
D/MobileDataStateTracker(  361): fota: Received state=DISCONNECTED, old=DISCONNECTED, reason=radioTurnedOff
D/MobileDataStateTracker(  361): ia: Broadcast received: android.intent.action.ANY_DATA_STATE apnType=ia
D/MobileDataStateTracker(  361): ia: Received state=DISCONNECTED, old=DISCONNECTED, reason=radioTurnedOff
D/MobileDataStateTracker(  361): supl: Broadcast received: android.intent.action.ANY_DATA_STATE apnType=supl
D/MobileDataStateTracker(  361): supl: Received state=DISCONNECTED, old=DISCONNECTED, reason=radioTurnedOff
D/MobileDataStateTracker(  361): hipri: Broadcast received: android.intent.action.ANY_DATA_STATE apnType=hipri
D/MobileDataStateTracker(  361): hipri: Received state=DISCONNECTED, old=DISCONNECTED, reason=radioTurnedOff
D/MobileDataStateTracker(  361): ims: Broadcast received: android.intent.action.ANY_DATA_STATE apnType=ims
D/MobileDataStateTracker(  361): ims: Received state=DISCONNECTED, old=DISCONNECTED, reason=radioTurnedOff
D/MobileDataStateTracker(  361): default: Broadcast received: android.intent.action.ANY_DATA_STATE apnType=default
D/MobileDataStateTracker(  361): default: Received state=DISCONNECTED, old=DISCONNECTED, reason=radioTurnedOff
D/MobileDataStateTracker(  361): mms: Broadcast received: android.intent.action.ANY_DATA_STATE apnType=mms
D/MobileDataStateTracker(  361): mms: Received state=DISCONNECTED, old=DISCONNECTED, reason=radioTurnedOff
D/MobileDataStateTracker(  361): cbs: Broadcast received: android.intent.action.ANY_DATA_STATE apnType=cbs
D/MobileDataStateTracker(  361): cbs: Received state=DISCONNECTED, old=DISCONNECTED, reason=radioTurnedOff
D/MobileDataStateTracker(  361): fota: Broadcast received: android.intent.action.ANY_DATA_STATE apnType=fota
D/MobileDataStateTracker(  361): fota: Received state=DISCONNECTED, old=DISCONNECTED, reason=dataDetached
D/MobileDataStateTracker(  361): ia: Broadcast received: android.intent.action.ANY_DATA_STATE apnType=ia
D/MobileDataStateTracker(  361): ia: Received state=DISCONNECTED, old=DISCONNECTED, reason=dataDetached
D/MobileDataStateTracker(  361): supl: Broadcast received: android.intent.action.ANY_DATA_STATE apnType=supl
D/MobileDataStateTracker(  361): supl: Received state=DISCONNECTED, old=DISCONNECTED, reason=dataDetached
D/MobileDataStateTracker(  361): hipri: Broadcast received: android.intent.action.ANY_DATA_STATE apnType=hipri
D/MobileDataStateTracker(  361): hipri: Received state=DISCONNECTED, old=DISCONNECTED, reason=dataDetached
D/MobileDataStateTracker(  361): ims: Broadcast received: android.intent.action.ANY_DATA_STATE apnType=ims
D/dalvikvm(  704): GC_CONCURRENT freed 175K, 8% free 2946K/3192K, paused 24ms+22ms, total 304ms
D/MobileDataStateTracker(  361): ims: Received state=DISCONNECTED, old=DISCONNECTED, reason=dataDetached
D/MobileDataStateTracker(  361): default: Broadcast received: android.intent.action.ANY_DATA_STATE apnType=default
D/MobileDataStateTracker(  361): default: Received state=DISCONNECTED, old=DISCONNECTED, reason=dataDetached
D/MobileDataStateTracker(  361): mms: Broadcast received: android.intent.action.ANY_DATA_STATE apnType=mms
D/TelephonyDebugService(  612): TelephonyDebugService()
D/MobileDataStateTracker(  361): mms: Received state=DISCONNECTED, old=DISCONNECTED, reason=dataDetached
D/MobileDataStateTracker(  361): cbs: Broadcast received: android.intent.action.ANY_DATA_STATE apnType=cbs
D/MobileDataStateTracker(  361): cbs: Received state=DISCONNECTED, old=DISCONNECTED, reason=dataDetached
D/MobileDataStateTracker(  361): fota: Broadcast received: android.intent.action.ANY_DATA_STATE apnType=fota
D/MobileDataStateTracker(  361): fota: Received state=DISCONNECTED, old=DISCONNECTED, reason=roamingOff
D/MobileDataStateTracker(  361): ia: Broadcast received: android.intent.action.ANY_DATA_STATE apnType=ia
D/MobileDataStateTracker(  361): ia: Received state=DISCONNECTED, old=DISCONNECTED, reason=roamingOff
D/MobileDataStateTracker(  361): supl: Broadcast received: android.intent.action.ANY_DATA_STATE apnType=supl
D/MobileDataStateTracker(  361): supl: Received state=DISCONNECTED, old=DISCONNECTED, reason=roamingOff
D/MobileDataStateTracker(  361): hipri: Broadcast received: android.intent.action.ANY_DATA_STATE apnType=hipri
D/MobileDataStateTracker(  361): hipri: Received state=DISCONNECTED, old=DISCONNECTED, reason=roamingOff
D/MobileDataStateTracker(  361): ims: Broadcast received: android.intent.action.ANY_DATA_STATE apnType=ims
D/MobileDataStateTracker(  361): ims: Received state=DISCONNECTED, old=DISCONNECTED, reason=roamingOff
D/MobileDataStateTracker(  361): default: Broadcast received: android.intent.action.ANY_DATA_STATE apnType=default
D/MobileDataStateTracker(  361): default: Received state=DISCONNECTED, old=DISCONNECTED, reason=roamingOff
D/dalvikvm(  361): GC_CONCURRENT freed 576K, 55% free 5460K/12056K, paused 6ms+42ms, total 269ms
D/MobileDataStateTracker(  361): mms: Broadcast received: android.intent.action.ANY_DATA_STATE apnType=mms
D/MobileDataStateTracker(  361): mms: Received state=DISCONNECTED, old=DISCONNECTED, reason=roamingOff
D/MobileDataStateTracker(  361): cbs: Broadcast received: android.intent.action.ANY_DATA_STATE apnType=cbs
D/MobileDataStateTracker(  361): cbs: Received state=DISCONNECTED, old=DISCONNECTED, reason=roamingOff
D/MobileDataStateTracker(  361): fota: Broadcast received: android.intent.action.ANY_DATA_STATE apnType=fota
D/MobileDataStateTracker(  361): fota: Received state=DISCONNECTED, old=DISCONNECTED, reason=roamingOff
D/MobileDataStateTracker(  361): ia: Broadcast received: android.intent.action.ANY_DATA_STATE apnType=ia
D/MobileDataStateTracker(  361): ia: Received state=DISCONNECTED, old=DISCONNECTED, reason=roamingOff
D/MobileDataStateTracker(  361): supl: Broadcast received: android.intent.action.ANY_DATA_STATE apnType=supl
D/MobileDataStateTracker(  361): supl: Received state=DISCONNECTED, old=DISCONNECTED, reason=roamingOff
D/MobileDataStateTracker(  361): hipri: Broadcast received: android.intent.action.ANY_DATA_STATE apnType=hipri
D/MobileDataStateTracker(  361): hipri: Received state=DISCONNECTED, old=DISCONNECTED, reason=roamingOff
D/MobileDataStateTracker(  361): ims: Broadcast received: android.intent.action.ANY_DATA_STATE apnType=ims
D/MccTable(  612): updateMccMncConfiguration: mcc=310, mnc=260
D/MobileDataStateTracker(  361): ims: Received state=DISCONNECTED, old=DISCONNECTED, reason=roamingOff
D/MobileDataStateTracker(  361): default: Broadcast received: android.intent.action.ANY_DATA_STATE apnType=default
D/MobileDataStateTracker(  361): default: Received state=DISCONNECTED, old=DISCONNECTED, reason=roamingOff
D/MobileDataStateTracker(  361): mms: Broadcast received: android.intent.action.ANY_DATA_STATE apnType=mms
D/MobileDataStateTracker(  361): mms: Received state=DISCONNECTED, old=DISCONNECTED, reason=roamingOff
D/AlarmManagerService(  361): Kernel timezone updated to 300 minutes west of GMT
D/MccTable(  612): timezone set to America/New_York
D/MccTable(  612): getLocaleFromMcc to en_us mcc=310
D/MobileDataStateTracker(  361): cbs: Broadcast received: android.intent.action.ANY_DATA_STATE apnType=cbs
D/MobileDataStateTracker(  361): cbs: Received state=DISCONNECTED, old=DISCONNECTED, reason=roamingOff
D/MccTable(  612): getLocaleForLanguageCountry: got match
D/MccTable(  612): getLocaleForLanguageCountry: X locale=en_US
D/MccTable(  612): WIFI_COUNTRY_CODE set to us
I/WifiService(  361): WifiService trying to set country code to us with persist set to true
D/MobileDataStateTracker(  361): fota: Broadcast received: android.intent.action.ANY_DATA_STATE apnType=fota
D/MobileDataStateTracker(  361): fota: Received state=DISCONNECTED, old=DISCONNECTED, reason=dataAttached
D/MobileDataStateTracker(  361): ia: Broadcast received: android.intent.action.ANY_DATA_STATE apnType=ia
D/MobileDataStateTracker(  361): ia: Received state=DISCONNECTED, old=DISCONNECTED, reason=dataAttached
D/MobileDataStateTracker(  361): supl: Broadcast received: android.intent.action.ANY_DATA_STATE apnType=supl
D/MobileDataStateTracker(  361): supl: Received state=DISCONNECTED, old=DISCONNECTED, reason=dataAttached
D/MobileDataStateTracker(  361): hipri: Broadcast received: android.intent.action.ANY_DATA_STATE apnType=hipri
D/MobileDataStateTracker(  361): hipri: Received state=DISCONNECTED, old=DISCONNECTED, reason=dataAttached
D/MobileDataStateTracker(  361): ims: Broadcast received: android.intent.action.ANY_DATA_STATE apnType=ims
D/MobileDataStateTracker(  361): ims: Received state=DISCONNECTED, old=DISCONNECTED, reason=dataAttached
D/MobileDataStateTracker(  361): mms: Broadcast received: android.intent.action.ANY_DATA_STATE apnType=mms
D/MobileDataStateTracker(  361): mms: Received state=DISCONNECTED, old=DISCONNECTED, reason=dataAttached
D/MobileDataStateTracker(  361): cbs: Broadcast received: android.intent.action.ANY_DATA_STATE apnType=cbs
D/MobileDataStateTracker(  361): cbs: Received state=DISCONNECTED, old=DISCONNECTED, reason=dataAttached
D/dalvikvm(  612): GC_CONCURRENT freed 292K, 11% free 3164K/3524K, paused 4ms+2ms, total 118ms
D/MobileDataStateTracker(  361): fota: Broadcast received: android.intent.action.ANY_DATA_STATE apnType=fota
D/MobileDataStateTracker(  361): fota: Received state=DISCONNECTED, old=DISCONNECTED, reason=dataAttached
D/MobileDataStateTracker(  361): ia: Broadcast received: android.intent.action.ANY_DATA_STATE apnType=ia
D/MobileDataStateTracker(  361): ia: Received state=DISCONNECTED, old=DISCONNECTED, reason=dataAttached
D/MobileDataStateTracker(  361): supl: Broadcast received: android.intent.action.ANY_DATA_STATE apnType=supl
D/MobileDataStateTracker(  361): supl: Received state=DISCONNECTED, old=DISCONNECTED, reason=dataAttached
D/MobileDataStateTracker(  361): hipri: Broadcast received: android.intent.action.ANY_DATA_STATE apnType=hipri
D/MobileDataStateTracker(  361): hipri: Received state=DISCONNECTED, old=DISCONNECTED, reason=dataAttached
D/MobileDataStateTracker(  361): ims: Broadcast received: android.intent.action.ANY_DATA_STATE apnType=ims
D/MobileDataStateTracker(  361): ims: Received state=DISCONNECTED, old=DISCONNECTED, reason=dataAttached
D/MobileDataStateTracker(  361): mms: Broadcast received: android.intent.action.ANY_DATA_STATE apnType=mms
D/MobileDataStateTracker(  361): mms: Received state=DISCONNECTED, old=DISCONNECTED, reason=dataAttached
D/MobileDataStateTracker(  361): cbs: Broadcast received: android.intent.action.ANY_DATA_STATE apnType=cbs
D/MobileDataStateTracker(  361): cbs: Received state=DISCONNECTED, old=DISCONNECTED, reason=dataAttached
D/MccTable(  612): updateMccMncConfiguration: mcc=310, mnc=260
D/MccTable(  612): getLocaleFromMcc to en_us mcc=310
D/MccTable(  612): getLocaleForLanguageCountry: got match
D/MccTable(  612): getLocaleForLanguageCountry: X locale=en_US
D/MccTable(  612): updateMccMncConfiguration updateConfig config={1.0 310mcc260mnc en_US ldltr ?swdp ?wdp ?hdp ?density ?lsize ?long ?orien ?uimode ?night ?touch ?keyb/?/? ?nav/?}
I/ActivityManager(  361): Config changes=3 {1.0 310mcc260mnc en_US ldltr sw480dp w480dp h839dp 160dpi lrg long port finger -keyb/v/h tball/v s.6}
D/PhoneStatusBar(  461): mSettingsPanelGravity = 55
D/PermissionCache(   57): checking android.permission.READ_FRAME_BUFFER for uid=1000 => granted (755 us)
D/dalvikvm(  600): GC_CONCURRENT freed 302K, 14% free 3079K/3548K, paused 2ms+5ms, total 73ms
D/gralloc (   57): Registering a buffer in the process that created it. This may cause memory ordering problems.
E/libEGL  (   57): called unimplemented OpenGL ES API
E/libEGL  (   57): called unimplemented OpenGL ES API
E/libEGL  (   57): called unimplemented OpenGL ES API
E/libEGL  (   57): called unimplemented OpenGL ES API
E/SurfaceFlinger(   57): glCheckFramebufferStatusOES error 235490116
E/SurfaceFlinger(   57): got GL_FRAMEBUFFER_COMPLETE_OES error while taking screenshot
E/libEGL  (   57): called unimplemented OpenGL ES API
E/libEGL  (   57): called unimplemented OpenGL ES API
I/ARMAssembler(   57): generated scanline__00000077:03515104_00008001_00000000 [113 ipp] (134 ins) at [0xb59541f0:0xb5954408] in 10000000 ns
I/Choreographer(  461): Skipped 55 frames!  The application may be doing too much work on its main thread.
D/MccTable(  612): updateMccMncConfiguration: mcc=310, mnc=260
D/MccTable(  612): getLocaleFromMcc to en_us mcc=310
D/MccTable(  612): getLocaleForLanguageCountry: skipping already persisted
D/MccTable(  612): getLocaleForLanguageCountry: X locale=null
D/MccTable(  612): updateMccMncConfiguration updateConfig config={1.0 310mcc260mnc ?locale ?layoutDir ?swdp ?wdp ?hdp ?density ?lsize ?long ?orien ?uimode ?night ?touch ?keyb/?/? ?nav/?}
D/dalvikvm(  612): GC_CONCURRENT freed 300K, 11% free 3288K/3660K, paused 5ms+3ms, total 65ms
D/dalvikvm(  612): GC_CONCURRENT freed 483K, 15% free 3282K/3836K, paused 15ms+3ms, total 55ms
D/MobileDataStateTracker(  361): fota: Broadcast received: android.intent.action.ANY_DATA_STATE apnType=fota
D/MobileDataStateTracker(  361): fota: Received state=DISCONNECTED, old=DISCONNECTED, reason=simLoaded
D/MobileDataStateTracker(  361): ia: Broadcast received: android.intent.action.ANY_DATA_STATE apnType=ia
D/MobileDataStateTracker(  361): ia: Received state=DISCONNECTED, old=DISCONNECTED, reason=simLoaded
D/MobileDataStateTracker(  361): supl: Broadcast received: android.intent.action.ANY_DATA_STATE apnType=supl
D/MobileDataStateTracker(  361): supl: Received state=DISCONNECTED, old=DISCONNECTED, reason=simLoaded
D/MobileDataStateTracker(  361): hipri: Broadcast received: android.intent.action.ANY_DATA_STATE apnType=hipri
D/MobileDataStateTracker(  361): hipri: Received state=DISCONNECTED, old=DISCONNECTED, reason=simLoaded
D/MobileDataStateTracker(  361): ims: Broadcast received: android.intent.action.ANY_DATA_STATE apnType=ims
D/MobileDataStateTracker(  361): ims: Received state=DISCONNECTED, old=DISCONNECTED, reason=simLoaded
D/MobileDataStateTracker(  361): mms: Broadcast received: android.intent.action.ANY_DATA_STATE apnType=mms
D/MobileDataStateTracker(  361): mms: Received state=DISCONNECTED, old=DISCONNECTED, reason=simLoaded
D/dalvikvm(  361): GC_CONCURRENT freed 586K, 54% free 5566K/12056K, paused 36ms+4ms, total 96ms
D/dalvikvm(  361): WAIT_FOR_CONCURRENT_GC blocked 54ms
D/dalvikvm(  361): WAIT_FOR_CONCURRENT_GC blocked 62ms
D/MobileDataStateTracker(  361): cbs: Broadcast received: android.intent.action.ANY_DATA_STATE apnType=cbs
D/MobileDataStateTracker(  361): cbs: Received state=DISCONNECTED, old=DISCONNECTED, reason=simLoaded
D/MobileDataStateTracker(  361): default: Broadcast received: android.intent.action.ANY_DATA_STATE apnType=default
D/MobileDataStateTracker(  361): default: Received state=CONNECTING, old=DISCONNECTED, reason=simLoaded
D/MobileDataStateTracker(  361): default: setDetailed state, old =IDLE and new state=CONNECTING
D/MobileDataStateTracker(  361): fota: Broadcast received: android.intent.action.ANY_DATA_STATE apnType=fota
D/MobileDataStateTracker(  361): fota: Received state=DISCONNECTED, old=DISCONNECTED, reason=simLoaded
D/MobileDataStateTracker(  361): ia: Broadcast received: android.intent.action.ANY_DATA_STATE apnType=ia
D/MobileDataStateTracker(  361): ia: Received state=DISCONNECTED, old=DISCONNECTED, reason=simLoaded
D/MobileDataStateTracker(  361): supl: Broadcast received: android.intent.action.ANY_DATA_STATE apnType=supl
D/MobileDataStateTracker(  361): supl: Received state=DISCONNECTED, old=DISCONNECTED, reason=simLoaded
D/MobileDataStateTracker(  361): hipri: Broadcast received: android.intent.action.ANY_DATA_STATE apnType=hipri
D/MobileDataStateTracker(  361): hipri: Received state=DISCONNECTED, old=DISCONNECTED, reason=simLoaded
D/MobileDataStateTracker(  361): ims: Broadcast received: android.intent.action.ANY_DATA_STATE apnType=ims
D/MobileDataStateTracker(  361): ims: Received state=DISCONNECTED, old=DISCONNECTED, reason=simLoaded
D/MobileDataStateTracker(  361): mms: Broadcast received: android.intent.action.ANY_DATA_STATE apnType=mms
D/MobileDataStateTracker(  361): mms: Received state=DISCONNECTED, old=DISCONNECTED, reason=simLoaded
D/MobileDataStateTracker(  361): cbs: Broadcast received: android.intent.action.ANY_DATA_STATE apnType=cbs
D/MobileDataStateTracker(  361): cbs: Received state=DISCONNECTED, old=DISCONNECTED, reason=simLoaded
D/MobileDataStateTracker(  361): default: Broadcast received: android.intent.action.ANY_DATA_STATE apnType=default
D/MobileDataStateTracker(  361): default: Received state=CONNECTED, old=CONNECTING, reason=connected
D/MobileDataStateTracker(  361): default: setDetailed state, old =CONNECTING and new state=CONNECTED
D/ConnectivityService(  361): ConnectivityChange for mobile: CONNECTED/CONNECTED
D/ConnectivityService(  361): ConnectivityChange checkMobileProvisioning for TYPE_MOBILE or ProvisioningNetwork
D/ConnectivityService(  361): checkMobileProvisioning: E suggestedTimeOutMs=60000
D/ConnectivityService(  361): setProvNotificationVisible: E visible=false networkType=5 extraInfo=null url=null
D/ConnectivityService(  361): checkMobileProvisioning: params={ url=http://clients3.google.com/generate_204 mTimeOutMs=60000 mCb=com.android.server.ConnectivityService$5@b33a4a68}
D/ConnectivityService(  361): checkMobileProvisioning: X
D/dalvikvm(  612): GC_CONCURRENT freed 404K, 14% free 3320K/3836K, paused 4ms+2ms, total 115ms
D/dalvikvm(  361): GC_CONCURRENT freed 688K, 54% free 5597K/12056K, paused 34ms+4ms, total 227ms
D/dalvikvm(  361): WAIT_FOR_CONCURRENT_GC blocked 89ms
D/dalvikvm(  361): WAIT_FOR_CONCURRENT_GC blocked 69ms
D/dalvikvm(  361): WAIT_FOR_CONCURRENT_GC blocked 70ms
D/Nat464Xlat(  361): requiresClat: netType=0, hasIPv4Address=true
I/NetworkPolicy(  361): no policy for active mobile network; generating default policy
D/MobileDataStateTracker(  361): default: setPolicyDataEnable(enabled=true)
D/MobileDataStateTracker(  361): default: isProvisioningNetwork: retVal=false
D/ConnectivityService(  361): [CheckMp] isMobileOk: isDefaultProvisioning=false
D/dalvikvm(  704): GC_FOR_ALLOC freed 189K, 8% free 3112K/3376K, paused 39ms, total 40ms
I/dalvikvm-heap(  704): Grow heap (frag case) to 3.716MB for 640016-byte allocation
D/MobileDataStateTracker(  361): hipri: isProvisioningNetwork: retVal=false
D/ConnectivityService(  361): [CheckMp] isMobileOk: isHipriProvisioning=false
D/ConnectivityService(  361): [CheckMp] isMobileOk: start hipri url=http://clients3.google.com/generate_204
D/dalvikvm(  704): GC_FOR_ALLOC freed 3K, 7% free 3734K/4004K, paused 152ms, total 152ms
D/dalvikvm(  704): GC_CONCURRENT freed 6K, 7% free 3727K/4004K, paused 7ms+42ms, total 112ms
W/Resources(  704): Converting to int: TypedValue{t=0x3/d=0x12 "4" a=-1}
W/Resources(  704): Converting to int: TypedValue{t=0x3/d=0xf "1" a=-1}
W/Resources(  704): Converting to int: TypedValue{t=0x3/d=0x15 "2" a=-1}
W/Resources(  704): Converting to int: TypedValue{t=0x3/d=0x15 "2" a=-1}
W/Launcher.LauncherProvider(  704): Unable to add favorite: com.android.camera2/com.android.camera.CameraLauncher
W/Launcher.LauncherProvider(  704): android.content.pm.PackageManager$NameNotFoundException: ComponentInfo{com.android.camera2/com.android.camera.CameraLauncher}
W/Launcher.LauncherProvider(  704): 	at android.app.ApplicationPackageManager.getActivityInfo(ApplicationPackageManager.java:242)
W/Launcher.LauncherProvider(  704): 	at com.android.launcher2.LauncherProvider$DatabaseHelper.addAppShortcut(LauncherProvider.java:959)
W/Launcher.LauncherProvider(  704): 	at com.android.launcher2.LauncherProvider$DatabaseHelper.loadFavorites(LauncherProvider.java:863)
W/Launcher.LauncherProvider(  704): 	at com.android.launcher2.LauncherProvider$DatabaseHelper.access$000(LauncherProvider.java:253)
W/Launcher.LauncherProvider(  704): 	at com.android.launcher2.LauncherProvider.loadDefaultFavoritesIfNecessary(LauncherProvider.java:237)
W/Launcher.LauncherProvider(  704): 	at com.android.launcher2.LauncherModel$LoaderTask.loadWorkspace(LauncherModel.java:1278)
W/Launcher.LauncherProvider(  704): 	at com.android.launcher2.LauncherModel$LoaderTask.loadAndBindWorkspace(LauncherModel.java:1020)
W/Launcher.LauncherProvider(  704): 	at com.android.launcher2.LauncherModel$LoaderTask.run(LauncherModel.java:1126)
W/Launcher.LauncherProvider(  704): 	at android.os.Handler.handleCallback(Handler.java:733)
W/Launcher.LauncherProvider(  704): 	at android.os.Handler.dispatchMessage(Handler.java:95)
W/Launcher.LauncherProvider(  704): 	at android.os.Looper.loop(Looper.java:136)
W/Launcher.LauncherProvider(  704): 	at android.os.HandlerThread.run(HandlerThread.java:61)
D/dalvikvm(  361): GC_CONCURRENT freed 641K, 54% free 5591K/12056K, paused 5ms+53ms, total 465ms
W/Launcher.LauncherProvider(  704): Unable to add favorite: com.android.gallery3d/com.android.gallery3d.app.Gallery
W/Launcher.LauncherProvider(  704): android.content.pm.PackageManager$NameNotFoundException: ComponentInfo{com.android.gallery3d/com.android.gallery3d.app.Gallery}
W/Launcher.LauncherProvider(  704): 	at android.app.ApplicationPackageManager.getActivityInfo(ApplicationPackageManager.java:242)
W/Launcher.LauncherProvider(  704): 	at com.android.launcher2.LauncherProvider$DatabaseHelper.addAppShortcut(LauncherProvider.java:959)
W/Launcher.LauncherProvider(  704): 	at com.android.launcher2.LauncherProvider$DatabaseHelper.loadFavorites(LauncherProvider.java:863)
W/Launcher.LauncherProvider(  704): 	at com.android.launcher2.LauncherProvider$DatabaseHelper.access$000(LauncherProvider.java:253)
W/Launcher.LauncherProvider(  704): 	at com.android.launcher2.LauncherProvider.loadDefaultFavoritesIfNecessary(LauncherProvider.java:237)
W/Launcher.LauncherProvider(  704): 	at com.android.launcher2.LauncherModel$LoaderTask.loadWorkspace(LauncherModel.java:1278)
W/Launcher.LauncherProvider(  704): 	at com.android.launcher2.LauncherModel$LoaderTask.loadAndBindWorkspace(LauncherModel.java:1020)
W/Launcher.LauncherProvider(  704): 	at com.android.launcher2.LauncherModel$LoaderTask.run(LauncherModel.java:1126)
W/Launcher.LauncherProvider(  704): 	at android.os.Handler.handleCallback(Handler.java:733)
W/Launcher.LauncherProvider(  704): 	at android.os.Handler.dispatchMessage(Handler.java:95)
W/Launcher.LauncherProvider(  704): 	at android.os.Looper.loop(Looper.java:136)
W/Launcher.LauncherProvider(  704): 	at android.os.HandlerThread.run(HandlerThread.java:61)
I/SurfaceFlinger(   57): Boot is finished (80175 ms)
E/NetdConnector(  361): NDC Command {12 bandwidth setiquota eth0 9223372036854775807} took too long (1931ms)
D/MobileDataStateTracker(  361): default: setPolicyDataEnable(enabled=true)
I/MediaProvider(  622): Upgrading media database from version 0 to 700, which will destroy all old data
W/ActivityManager(  361): Launch timeout has expired, giving up wake lock!
I/InputReader(  361): Reconfiguring input devices.  changes=0x00000010
D/dalvikvm(  361): GC_CONCURRENT freed 532K, 53% free 5694K/12056K, paused 80ms+15ms, total 251ms
I/PackageManager(  361):   Action: "android.intent.action.SENDTO"
I/PackageManager(  361):   Category: "android.intent.category.DEFAULT"
I/PackageManager(  361):   Scheme: "sms"
I/PackageManager(  361): Adding preferred activity ComponentInfo{com.android.mms/com.android.mms.ui.ComposeMessageActivity} for user 0 :
E/NetdConnector(  361): NDC Command {13 bandwidth removeiquota eth0} took too long (816ms)
I/PackageManager(  361):   Action: "android.intent.action.SENDTO"
I/PackageManager(  361):   Category: "android.intent.category.DEFAULT"
I/PackageManager(  361):   Scheme: "smsto"
I/PackageManager(  361): Adding preferred activity ComponentInfo{com.android.mms/com.android.mms.ui.ComposeMessageActivity} for user 0 :
D/Tethering(  361): MasterInitialState.processMessage what=3
D/CaptivePortalTracker(  361): NoActiveNetworkState{ when=-13ms what=1 obj=NetworkInfo: type: mobile[UMTS], state: CONNECTED/CONNECTED, reason: connected, extra: epc.tmobile.com, roaming: false, failover: false, isAvailable: true, isConnectedToProvisioningNetwork: false target=com.android.internal.util.StateMachine$SmHandler }
D/CaptivePortalTracker(  361): NoActiveNetworkState not a wifi connectivity change, ignore
W/WindowManager(  361): App freeze timeout expired.
W/WindowManager(  361): Force clearing freeze: AppWindowToken{b3627c58 token=Token{b348add8 ActivityRecord{b3000a88 u0 com.android.launcher/com.android.launcher2.Launcher t3}}}
I/WindowManager(  361): Screen frozen for +5s148ms due to AppWindowToken{b3627c58 token=Token{b348add8 ActivityRecord{b3000a88 u0 com.android.launcher/com.android.launcher2.Launcher t3}}}
I/PackageManager(  361):   Action: "android.intent.action.SENDTO"
I/PackageManager(  361):   Category: "android.intent.category.DEFAULT"
I/PackageManager(  361):   Scheme: "mms"
I/PackageManager(  361): Adding preferred activity ComponentInfo{com.android.mms/com.android.mms.ui.ComposeMessageActivity} for user 0 :
I/Choreographer(  361): Skipped 61 frames!  The application may be doing too much work on its main thread.
W/ProcessCpuTracker(  361): Skipping unknown process pid 795
W/ProcessCpuTracker(  361): Skipping unknown process pid 798
I/PackageManager(  361):   Action: "android.intent.action.SENDTO"
I/PackageManager(  361):   Category: "android.intent.category.DEFAULT"
I/PackageManager(  361):   Scheme: "mmsto"
I/PackageManager(  361): Adding preferred activity ComponentInfo{com.android.mms/com.android.mms.ui.ComposeMessageActivity} for user 0 :
I/Choreographer(  361): Skipped 30 frames!  The application may be doing too much work on its main thread.
I/ARMAssembler(   57): generated scanline__00000077:03515104_00009001_00000000 [131 ipp] (153 ins) at [0xb5954410:0xb5954674] in 10000000 ns
D/dalvikvm(  704): GC_CONCURRENT freed 311K, 10% free 3859K/4244K, paused 42ms+260ms, total 864ms
I/PackageManager(  361):   Action: "android.intent.action.SENDTO"
I/PackageManager(  361):   Category: "android.intent.category.DEFAULT"
I/PackageManager(  361):   Scheme: "sms"
I/PackageManager(  361): Adding preferred activity ComponentInfo{com.android.mms/com.android.mms.ui.ComposeMessageActivity} for user 0 :
I/PackageManager(  361):   Action: "android.intent.action.SENDTO"
I/PackageManager(  361):   Category: "android.intent.category.DEFAULT"
I/PackageManager(  361):   Scheme: "smsto"
I/PackageManager(  361): Adding preferred activity ComponentInfo{com.android.mms/com.android.mms.ui.ComposeMessageActivity} for user 0 :
D/dalvikvm(  612): GC_CONCURRENT freed 366K, 14% free 3363K/3868K, paused 53ms+2ms, total 133ms
E/NetdConnector(  361): NDC Command {14 bandwidth setiquota eth0 9223372036854775807} took too long (1587ms)
I/PackageManager(  361):   Action: "android.intent.action.SENDTO"
I/PackageManager(  361):   Category: "android.intent.category.DEFAULT"
I/PackageManager(  361):   Scheme: "mms"
I/PackageManager(  361): Adding preferred activity ComponentInfo{com.android.mms/com.android.mms.ui.ComposeMessageActivity} for user 0 :
D/MobileDataStateTracker(  361): default: setPolicyDataEnable(enabled=true)
D/dalvikvm(  361): GC_CONCURRENT freed 831K, 54% free 5614K/12056K, paused 191ms+9ms, total 385ms
D/dalvikvm(  361): WAIT_FOR_CONCURRENT_GC blocked 36ms
D/dalvikvm(  361): WAIT_FOR_CONCURRENT_GC blocked 18ms
I/PackageManager(  361):   Action: "android.intent.action.SENDTO"
I/PackageManager(  361):   Category: "android.intent.category.DEFAULT"
I/PackageManager(  361):   Scheme: "mmsto"
I/PackageManager(  361): Adding preferred activity ComponentInfo{com.android.mms/com.android.mms.ui.ComposeMessageActivity} for user 0 :
D/ConnectivityService(  361): startUsingNetworkFeature reconnecting to 0: enableHIPRI
D/ConnectivityService(  361): startUsingNetworkFeature X: return APN_REQUEST_STARTED
E/ConnectivityService(  361): startUsingNetworkFeature took too long: 4702ms
D/ConnectivityService(  361): [CheckMp] isMobileOk: hipri started
D/ConnectivityService(  361): [CheckMp] isMobileOk: not connected ni=NetworkInfo: type: mobile_hipri[UMTS], state: DISCONNECTED/IDLE, reason: (unspecified), extra: (none), roaming: false, failover: false, isAvailable: true, isConnectedToProvisioningNetwork: false
D/MobileDataStateTracker(  361): hipri: Broadcast received: android.intent.action.ANY_DATA_STATE apnType=hipri
D/MobileDataStateTracker(  361): hipri: Received state=CONNECTING, old=DISCONNECTED, reason=dataEnabled
D/MobileDataStateTracker(  361): hipri: setDetailed state, old =IDLE and new state=CONNECTING
D/MobileDataStateTracker(  361): fota: Broadcast received: android.intent.action.ANY_DATA_STATE apnType=fota
D/MobileDataStateTracker(  361): fota: Received state=DISCONNECTED, old=DISCONNECTED, reason=dataEnabled
D/MobileDataStateTracker(  361): ia: Broadcast received: android.intent.action.ANY_DATA_STATE apnType=ia
D/MobileDataStateTracker(  361): ia: Received state=DISCONNECTED, old=DISCONNECTED, reason=dataEnabled
D/MobileDataStateTracker(  361): supl: Broadcast received: android.intent.action.ANY_DATA_STATE apnType=supl
D/MobileDataStateTracker(  361): supl: Received state=DISCONNECTED, old=DISCONNECTED, reason=dataEnabled
D/MobileDataStateTracker(  361): ims: Broadcast received: android.intent.action.ANY_DATA_STATE apnType=ims
D/MobileDataStateTracker(  361): ims: Received state=DISCONNECTED, old=DISCONNECTED, reason=dataEnabled
D/MobileDataStateTracker(  361): mms: Broadcast received: android.intent.action.ANY_DATA_STATE apnType=mms
D/MobileDataStateTracker(  361): mms: Received state=DISCONNECTED, old=DISCONNECTED, reason=dataEnabled
D/MobileDataStateTracker(  361): cbs: Broadcast received: android.intent.action.ANY_DATA_STATE apnType=cbs
D/MobileDataStateTracker(  361): cbs: Received state=DISCONNECTED, old=DISCONNECTED, reason=dataEnabled
D/MobileDataStateTracker(  361): hipri: Broadcast received: android.intent.action.ANY_DATA_STATE apnType=hipri
D/MobileDataStateTracker(  361): hipri: Received state=CONNECTED, old=CONNECTING, reason=dataEnabled
D/MobileDataStateTracker(  361): hipri: setDetailed state, old =CONNECTING and new state=CONNECTED
D/ConnectivityService(  361): ConnectivityChange for mobile_hipri: CONNECTED/CONNECTED
D/dalvikvm(  612): GC_CONCURRENT freed 491K, 15% free 3294K/3868K, paused 4ms+2ms, total 133ms
E/logwrapper(  812): executing /system/bin/ip failed: No such file or directory
E/ConnectivityService(  361): Exception trying to add a route: java.lang.IllegalStateException: command '21 interface fwmark exempt add 10.0.2.2/32' failed with '400 21 Failed to add exemption rule (File exists)'
E/logwrapper(  813): executing /system/bin/ip failed: No such file or directory
E/ConnectivityService(  361): Exception trying to add a route: java.lang.IllegalStateException: command '23 interface fwmark exempt add 10.0.2.3/32' failed with '400 23 Failed to add exemption rule (File exists)'
E/logwrapper(  814): executing /system/bin/ip failed: No such file or directory
E/ConnectivityService(  361): Exception trying to add a route: java.lang.IllegalStateException: command '25 interface fwmark exempt add 10.0.2.2/32' failed with '400 25 Failed to add exemption rule (File exists)'
E/logwrapper(  815): executing /system/bin/ip failed: No such file or directory
E/ConnectivityService(  361): Exception trying to add a route: java.lang.IllegalStateException: command '27 interface fwmark exempt add 10.0.2.4/32' failed with '400 27 Failed to add exemption rule (File exists)'
E/logwrapper(  816): executing /system/bin/ip failed: No such file or directory
E/SecondaryTablController(   54): ip route add failed: /system/bin/ip route add 10.0.2.2/32 via 0.0.0.0 dev eth0 table 60
W/FrameworkListener(   54): Handler 'interface' error (No such device)
D/dalvikvm(  361): GC_EXPLICIT freed 579K, 54% free 5587K/12056K, paused 138ms+24ms, total 313ms
E/ConnectivityService(  361): Exception trying to add a route: java.lang.IllegalStateException: command '28 interface route add eth0 secondary 10.0.2.2 32 0.0.0.0' failed with '400 28 ip route modification failed (No such device)'
E/logwrapper(  818): executing /system/bin/ip failed: No such file or directory
E/SecondaryTablController(   54): ip route add failed: /system/bin/ip route add 0.0.0.0/0 via 10.0.2.2 dev eth0 table 60
W/FrameworkListener(   54): Handler 'interface' error (No such device)
E/ConnectivityService(  361): Exception trying to add a route: java.lang.IllegalStateException: command '29 interface route add eth0 secondary 0.0.0.0 0 10.0.2.2' failed with '400 29 ip route modification failed (No such device)'
D/Nat464Xlat(  361): requiresClat: netType=5, hasIPv4Address=true
D/MobileDataStateTracker(  361): default: setPolicyDataEnable(enabled=true)
W/NetworkPolicy(  361): shared quota unsupported; generating rule for each iface
D/MobileDataStateTracker(  361): hipri: isProvisioningNetwork: retVal=false
D/ConnectivityService(  361): [CheckMp] isMobileOk: isProvisioningNetwork is false, continue
D/ConnectivityService(  361): [CheckMp] isMobileOk: addresses=clients3.google.com/172.217.23.14
D/ConnectivityService(  361): [CheckMp] isMobileOk: linkHasIpv4=true linkHasIpv6=false
D/Launcher.Model(  704): Reload apps on config change. curr_mcc:310 prevmcc:0
I/Choreographer(  704): Skipped 1326 frames!  The application may be doing too much work on its main thread.
E/NetdConnector(  361): NDC Command {31 bandwidth removeiquota eth0} took too long (1480ms)
D/AndroidRuntime(  821): 
D/AndroidRuntime(  821): >>>>>> AndroidRuntime START com.android.internal.os.RuntimeInit <<<<<<
D/AndroidRuntime(  821): CheckJNI is ON
I/Choreographer(  704): Skipped 87 frames!  The application may be doing too much work on its main thread.
D/gralloc_goldfish(  704): Emulator without GPU emulation detected.
E/NetdConnector(  361): NDC Command {32 interface route add eth0 default 10.0.2.2 32 0.0.0.0} took too long (1493ms)
D/dalvikvm(  821): Trying to load lib libjavacore.so 0x0
D/dalvikvm(  821): Added shared lib libjavacore.so 0x0
D/dalvikvm(  821): Trying to load lib libnativehelper.so 0x0
D/dalvikvm(  821): Added shared lib libnativehelper.so 0x0
D/dalvikvm(  821): No JNI_OnLoad found in libnativehelper.so 0x0, skipping init
D/dalvikvm(  704): GC_CONCURRENT freed 344K, 10% free 3929K/4348K, paused 5ms+23ms, total 116ms
D/dalvikvm(  704): WAIT_FOR_CONCURRENT_GC blocked 86ms
I/dalvikvm-heap(  704): Grow heap (frag case) to 5.441MB for 1610896-byte allocation
D/dalvikvm(  704): GC_CONCURRENT freed 7K, 8% free 5495K/5924K, paused 4ms+2ms, total 62ms
D/dalvikvm(  704): WAIT_FOR_CONCURRENT_GC blocked 36ms
D/dalvikvm(  704): WAIT_FOR_CONCURRENT_GC blocked 36ms
D/dalvikvm(  704): GC_FOR_ALLOC freed 10K, 8% free 5486K/5924K, paused 64ms, total 64ms
I/dalvikvm-heap(  704): Grow heap (frag case) to 6.960MB for 1610896-byte allocation
D/Tethering(  361): MasterInitialState.processMessage what=3
D/CaptivePortalTracker(  361): NoActiveNetworkState{ when=-24ms what=1 obj=NetworkInfo: type: mobile_hipri[UMTS], state: CONNECTED/CONNECTED, reason: dataEnabled, extra: epc.tmobile.com, roaming: false, failover: false, isAvailable: true, isConnectedToProvisioningNetwork: false target=com.android.internal.util.StateMachine$SmHandler }
D/CaptivePortalTracker(  361): NoActiveNetworkState not a wifi connectivity change, ignore
D/dalvikvm(  704): GC_FOR_ALLOC freed 10K, 7% free 7049K/7500K, paused 129ms, total 129ms
D/dalvikvm(  821): Note: class Landroid/app/ActivityManagerNative; has 179 unimplemented (abstract) methods
D/dalvikvm(  704): GC_CONCURRENT freed <1K, 6% free 7091K/7544K, paused 4ms+53ms, total 207ms
I/Choreographer(  361): Skipped 51 frames!  The application may be doing too much work on its main thread.
I/ActivityManager(  361): Displayed com.android.launcher/com.android.launcher2.Launcher: +15s404ms (total +18s942ms)
D/dalvikvm(  461): GC_FOR_ALLOC freed 3124K, 48% free 3588K/6780K, paused 342ms, total 394ms
I/dalvikvm-heap(  461): Grow heap (frag case) to 6.497MB for 3072016-byte allocation
I/Choreographer(  361): Skipped 37 frames!  The application may be doing too much work on its main thread.
E/memtrack(  821): Couldn't load memtrack module (No such file or directory)
E/android.os.Debug(  821): failed to load memtrack module: -2
I/Choreographer(  361): Skipped 44 frames!  The application may be doing too much work on its main thread.
E/logwrapper(  854): executing /system/bin/ip failed: No such file or directory
E/NetdConnector(  361): NDC Command {33 bandwidth setiquota eth0 9223372036854775807} took too long (2786ms)
D/dalvikvm(  461): GC_CONCURRENT freed 4K, 3% free 6583K/6780K, paused 364ms+3ms, total 647ms
I/Choreographer(  361): Skipped 57 frames!  The application may be doing too much work on its main thread.
D/AndroidRuntime(  821): Calling main entry com.android.commands.pm.Pm
E/NetdConnector(  361): NDC Command {34 interface fwmark exempt add 10.0.2.2/32} took too long (2847ms)
E/ConnectivityService(  361): Exception trying to add a route: java.lang.IllegalStateException: command '34 interface fwmark exempt add 10.0.2.2/32' failed with '400 34 Failed to add exemption rule (File exists)'
I/ActivityManager(  361): Start proc com.android.defcontainer for service com.android.defcontainer/.DefaultContainerService: pid=861 uid=10003 gids={50003, 1028, 1015, 1023, 2001, 1035}
W/ActivityManager(  361): Activity destroy timeout for ActivityRecord{b33b12e8 u0 com.android.settings/.CryptKeeper t1 f}
E/NetdConnector(  361): NDC Command {35 bandwidth removeiquota eth0} took too long (1117ms)
E/NetdConnector(  361): NDC Command {36 interface route add eth0 default 172.217.23.14 32 10.0.2.2} took too long (521ms)
I/Choreographer(  704): Skipped 49 frames!  The application may be doing too much work on its main thread.
I/Choreographer(  704): Skipped 112 frames!  The application may be doing too much work on its main thread.
I/Choreographer(  704): Skipped 83 frames!  The application may be doing too much work on its main thread.
E/logwrapper(  895): executing /system/bin/ip failed: No such file or directory
E/NetdConnector(  361): NDC Command {37 bandwidth setiquota eth0 9223372036854775807} took too long (1729ms)
D/MobileDataStateTracker(  361): default: setPolicyDataEnable(enabled=true)
E/ConnectivityService(  361): Exception trying to add a route: java.lang.IllegalStateException: command '38 interface fwmark exempt add 172.217.23.14/32' failed with '400 38 Failed to add exemption rule (File exists)'
D/ConnectivityService(  361): requestRouteToHostAddress ok=false
D/ConnectivityService(  361): [CheckMp] isMobileOk: could not establish route to hostAddr=clients3.google.com/172.217.23.14
E/SQLiteLog(  622): (1) no such table: album_info
D/dalvikvm(  622): GC_CONCURRENT freed 227K, 10% free 2888K/3184K, paused 14ms+2ms, total 74ms
I/ActivityManager(  361): Start proc com.android.externalstorage for broadcast com.android.externalstorage/.MountReceiver: pid=898 uid=10006 gids={50006, 1028, 1015, 1023}
I/DownloadManager(  622): Upgrading downloads database from version 0 to version 109, which will destroy all old data
D/ExternalStorage(  898): Missing UUID for /storage/sdcard; skipping
D/ExternalStorage(  898): After updating volumes, found 0 active roots
W/ActivityManager(  361): No content provider found for permission revoke: file:///data/local/tmp/sample_for_analysis.apk
I/ContactLocale(  559): AddressBook Labels [en_US]: [, A, B, C, D, E, F, G, H, I, J, K, L, M, N, O, P, Q, R, S, T, U, V, W, X, Y, Z, , , , , , , , , , , , , , , , , , , , , , , , , , , , , , , , , , , , , , , , , , , , , , , , , , , , , , , , , , , , , , , , , , , , , , , , , , , , , , , , , , , , , , , , , , , , , , , , , , , , , , , , , , , , , , , , , , , , , , , , , , , , , , , , , , , , , , , , , , , , , , , , , , , , , , , , , , , , , , , , , , , , , , , , , , , , , , , , , , , , , , #, ]
W/ActivityManager(  361): No content provider found for permission revoke: file:///data/local/tmp/sample_for_analysis.apk
I/PackageManager(  361): Copying native libraries to /data/app-lib/vmdl-1162921082
D/dalvikvm(  704): GC_CONCURRENT freed 1906K, 24% free 6527K/8512K, paused 5ms+3ms, total 31ms
D/GpsLocationProvider(  361): NTP server returned: 1545620096372 (Sun Dec 23 21:54:56 EST 2018) reference: 83113 certainty: 9 system time offset: -30760
I/ActivityManager(  361): Start proc com.android.exchange for content provider com.android.exchange/.provider.ExchangeDirectoryProvider: pid=914 uid=10025 gids={50025, 3003, 1028, 1015}
E/logwrapper(  926): executing /system/bin/ip failed: No such file or directory
E/ConnectivityService(  361): Exception trying to add a route: java.lang.IllegalStateException: command '41 interface fwmark exempt add 10.0.2.2/32' failed with '400 41 Failed to add exemption rule (File exists)'
D/dalvikvm(  361): GC_CONCURRENT freed 575K, 54% free 5616K/12056K, paused 6ms+5ms, total 65ms
E/logwrapper(  927): executing /system/bin/ip failed: No such file or directory
E/ConnectivityService(  361): Exception trying to add a route: java.lang.IllegalStateException: command '43 interface fwmark exempt add 172.217.23.14/32' failed with '400 43 Failed to add exemption rule (File exists)'
D/ConnectivityService(  361): requestRouteToHostAddress ok=false
D/ConnectivityService(  361): [CheckMp] isMobileOk: could not establish route to hostAddr=clients3.google.com/172.217.23.14
D/ExternalStorage(  898): Missing UUID for /storage/sdcard; skipping
D/ExternalStorage(  898): After updating volumes, found 0 active roots
D/dalvikvm(  361): GC_CONCURRENT freed 357K, 52% free 5863K/12056K, paused 13ms+3ms, total 62ms
D/dalvikvm(  361): GC_CONCURRENT freed 652K, 51% free 5929K/12056K, paused 6ms+6ms, total 77ms
D/dalvikvm(  361): GC_CONCURRENT freed 734K, 51% free 5926K/12056K, paused 7ms+4ms, total 68ms
D/dalvikvm(  361): GC_CONCURRENT freed 687K, 51% free 5939K/12056K, paused 6ms+4ms, total 65ms
D/dalvikvm(  361): GC_CONCURRENT freed 730K, 51% free 5937K/12056K, paused 7ms+6ms, total 68ms
I/PackageManager(  361): Running dexopt on: com.suishouxie.yemdssfhgfekeji
D/dalvikvm(  928): DexOpt: load 310ms, verify+opt 1041ms, 1428188 bytes
E/logwrapper(  929): executing /system/bin/ip failed: No such file or directory
E/ConnectivityService(  361): Exception trying to add a route: java.lang.IllegalStateException: command '45 interface fwmark exempt add 10.0.2.2/32' failed with '400 45 Failed to add exemption rule (File exists)'
E/logwrapper(  930): executing /system/bin/ip failed: No such file or directory
E/ConnectivityService(  361): Exception trying to add a route: java.lang.IllegalStateException: command '47 interface fwmark exempt add 172.217.23.14/32' failed with '400 47 Failed to add exemption rule (File exists)'
D/ConnectivityService(  361): requestRouteToHostAddress ok=false
D/ConnectivityService(  361): [CheckMp] isMobileOk: could not establish route to hostAddr=clients3.google.com/172.217.23.14
W/PackageManager(  361): Unknown permission com.android.vending.BILLING in package com.suishouxie.yemdssfhgfekeji
I/ActivityManager(  361): Force stopping com.suishouxie.yemdssfhgfekeji appid=10052 user=-1: update pkg
D/MediaScannerReceiver(  622): action: android.intent.action.MEDIA_MOUNTED path: /storage/sdcard
I/InputReader(  361): Reconfiguring input devices.  changes=0x00000010
D/BackupManagerService(  361): Received broadcast Intent { act=android.intent.action.PACKAGE_ADDED dat=package:com.suishouxie.yemdssfhgfekeji flg=0x4000010 (has extras) }
I/PackageManager(  361):   Action: "android.intent.action.SENDTO"
I/PackageManager(  361):   Category: "android.intent.category.DEFAULT"
I/PackageManager(  361):   Scheme: "sms"
I/PackageManager(  361): Adding preferred activity ComponentInfo{com.android.mms/com.android.mms.ui.ComposeMessageActivity} for user 0 :
V/BackupManagerService(  361): addPackageParticipantsLocked: #1
I/PackageManager(  361):   Action: "android.intent.action.SENDTO"
I/PackageManager(  361):   Category: "android.intent.category.DEFAULT"
I/PackageManager(  361):   Scheme: "smsto"
I/PackageManager(  361): Adding preferred activity ComponentInfo{com.android.mms/com.android.mms.ui.ComposeMessageActivity} for user 0 :
I/PackageManager(  361):   Action: "android.intent.action.SENDTO"
I/PackageManager(  361): Adding preferred activity ComponentInfo{com.android.mms/com.android.mms.ui.ComposeMessageActivity} for user 0 :
I/PackageManager(  361):   Category: "android.intent.category.DEFAULT"
I/PackageManager(  361):   Scheme: "mms"
D/dalvikvm(  361): GC_CONCURRENT freed 774K, 51% free 5974K/12056K, paused 7ms+7ms, total 171ms
D/dalvikvm(  361): WAIT_FOR_CONCURRENT_GC blocked 30ms
D/dalvikvm(  361): WAIT_FOR_CONCURRENT_GC blocked 36ms
I/PackageManager(  361):   Action: "android.intent.action.SENDTO"
I/PackageManager(  361):   Category: "android.intent.category.DEFAULT"
I/PackageManager(  361):   Scheme: "mmsto"
I/PackageManager(  361): Adding preferred activity ComponentInfo{com.android.mms/com.android.mms.ui.ComposeMessageActivity} for user 0 :
I/PackageManager(  361):   Action: "android.intent.action.SENDTO"
I/PackageManager(  361):   Category: "android.intent.category.DEFAULT"
I/PackageManager(  361):   Scheme: "sms"
I/PackageManager(  361): Adding preferred activity ComponentInfo{com.android.mms/com.android.mms.ui.ComposeMessageActivity} for user 0 :
I/PackageManager(  361):   Action: "android.intent.action.SENDTO"
I/PackageManager(  361):   Category: "android.intent.category.DEFAULT"
I/PackageManager(  361):   Scheme: "smsto"
I/PackageManager(  361): Adding preferred activity ComponentInfo{com.android.mms/com.android.mms.ui.ComposeMessageActivity} for user 0 :
D/dalvikvm(  612): GC_CONCURRENT freed 344K, 13% free 3364K/3860K, paused 23ms+2ms, total 54ms
I/PackageManager(  361):   Action: "android.intent.action.SENDTO"
I/PackageManager(  361):   Category: "android.intent.category.DEFAULT"
I/PackageManager(  361):   Scheme: "mms"
