D/dalvikvm( 1271): Note: class Landroid/app/ActivityManagerNative; has 179 unimplemented (abstract) methods
W/SocketClient(   54): write error (Broken pipe)
E/memtrack( 1271): Couldn't load memtrack module (No such file or directory)
E/android.os.Debug( 1271): failed to load memtrack module: -2
D/AndroidRuntime( 1271): Calling main entry com.android.commands.am.Am
I/ActivityManager(  354): START u0 {act=android.intent.action.MAIN cat=[android.intent.category.LAUNCHER] flg=0x10000000 cmp=com.kb.nsdtaiqiu/.Carrom3DActivity} from pid 1271
D/dalvikvm( 1166): GC_CONCURRENT freed 849K, 15% free 5501K/6416K, paused 40ms+23ms, total 233ms
D/dalvikvm( 1166): WAIT_FOR_CONCURRENT_GC blocked 55ms
D/dalvikvm( 1166): WAIT_FOR_CONCURRENT_GC blocked 45ms
D/dalvikvm( 1166): GC_CONCURRENT freed 721K, 13% free 5612K/6448K, paused 38ms+14ms, total 245ms
V/PhoneStatusBar(  452): setLightsOn(true)
I/Choreographer( 1166): Skipped 96 frames!  The application may be doing too much work on its main thread.
E/libEGL  ( 1166): called unimplemented OpenGL ES API
D/dalvikvm( 1166): GC_FOR_ALLOC freed 598K, 12% free 5779K/6516K, paused 131ms, total 132ms
I/dalvikvm-heap( 1166): Grow heap (frag case) to 7.207MB for 1572880-byte allocation
D/dalvikvm( 1166): GC_FOR_ALLOC freed <1K, 10% free 7315K/8056K, paused 38ms, total 38ms
I/ActivityManager(  354): Displayed com.kb.nsdtaiqiu/.Carrom3DActivity: +7s64ms
D/AndroidRuntime( 1271): Shutting down VM
D/dalvikvm( 1271): GC_CONCURRENT freed 97K, 15% free 589K/688K, paused 2ms+2ms, total 15ms
I/Choreographer( 1166): Skipped 42 frames!  The application may be doing too much work on its main thread.
D/dalvikvm( 1166): GC_CONCURRENT freed 84K, 10% free 7301K/8056K, paused 79ms+4ms, total 498ms
I/Choreographer(  354): Skipped 47 frames!  The application may be doing too much work on its main thread.
D/dalvikvm( 1166): GC_FOR_ALLOC freed 26K, 10% free 7296K/8056K, paused 177ms, total 179ms
I/dalvikvm-heap( 1166): Grow heap (frag case) to 8.188MB for 1048592-byte allocation
D/dalvikvm( 1166): GC_FOR_ALLOC freed <1K, 9% free 8319K/9084K, paused 166ms, total 166ms
I/Choreographer( 1166): Skipped 31 frames!  The application may be doing too much work on its main thread.
D/dalvikvm( 1166): GC_FOR_ALLOC freed 3460K, 41% free 5784K/9804K, paused 55ms, total 56ms
D/dalvikvm( 1166): GC_CONCURRENT freed 7K, 31% free 6806K/9804K, paused 5ms+3ms, total 120ms
D/dalvikvm( 1166): WAIT_FOR_CONCURRENT_GC blocked 90ms
D/dalvikvm( 1166): WAIT_FOR_CONCURRENT_GC blocked 95ms
D/dalvikvm( 1166): WAIT_FOR_CONCURRENT_GC blocked 56ms
I/ARMAssembler( 1166): generated scanline__00000077:03010142_00009001_00000000 [114 ipp] (159 ins) at [0xa5f7f1f0:0xa5f7f46c] in 0 ns
I/ARMAssembler( 1166): generated scanline__000000B7:03545442_00009001_00000000 [153 ipp] (246 ins) at [0xa5f7f470:0xa5f7f848] in 10000000 ns
I/ARMAssembler( 1166): generated scanline__000000B7:03010142_00009001_00000000 [125 ipp] (206 ins) at [0xa5f7f850:0xa5f7fb88] in 10000000 ns
I/ARMAssembler( 1166): generated scanline__00000077:03080842_00009001_00000000 [129 ipp] (174 ins) at [0xa5f7fb90:0xa5f7fe48] in 10000000 ns
I/ARMAssembler( 1166): generated scanline__00000077:03545442_00009001_00000000 [142 ipp] (195 ins) at [0xa5f7fe50:0xa5f8015c] in 0 ns
D/dalvikvm(  354): GC_CONCURRENT freed 624K, 57% free 5791K/13212K, paused 5ms+5ms, total 618ms
D/AndroidRuntime( 1342): 
D/AndroidRuntime( 1342): >>>>>> AndroidRuntime START com.android.internal.os.RuntimeInit <<<<<<
D/AndroidRuntime( 1342): CheckJNI is ON
D/dalvikvm( 1342): Trying to load lib libjavacore.so 0x0
D/dalvikvm( 1342): Added shared lib libjavacore.so 0x0
D/dalvikvm( 1342): Trying to load lib libnativehelper.so 0x0
D/dalvikvm( 1342): Added shared lib libnativehelper.so 0x0
D/dalvikvm( 1342): No JNI_OnLoad found in libnativehelper.so 0x0, skipping init
D/dalvikvm( 1342): Note: class Landroid/app/ActivityManagerNative; has 179 unimplemented (abstract) methods
E/memtrack( 1342): Couldn't load memtrack module (No such file or directory)
E/android.os.Debug( 1342): failed to load memtrack module: -2
D/dalvikvm( 1166): GC_CONCURRENT freed 2241K, 41% free 5860K/9772K, paused 427ms+560ms, total 1242ms
D/AndroidRuntime( 1342): Calling main entry com.android.commands.am.Am
I/ActivityManager(  354): START u0 {act=android.intent.action.MAIN cat=[android.intent.category.LAUNCHER] flg=0x10000000 cmp=com.kb.nsdtaiqiu/.ScoresActivity} from pid 1342
V/PhoneStatusBar(  452): setLightsOn(true)
D/dalvikvm( 1166): GC_FOR_ALLOC freed 365K, 41% free 5819K/9772K, paused 198ms, total 199ms
I/dalvikvm-heap( 1166): Grow heap (frag case) to 7.328MB for 1658896-byte allocation
D/dalvikvm( 1166): GC_FOR_ALLOC freed 1K, 24% free 7437K/9772K, paused 88ms, total 88ms
W/AwContents( 1166): nativeOnDraw failed; clearing to background color.
D/dalvikvm( 1166): GC_CONCURRENT freed 90K, 24% free 7467K/9772K, paused 257ms+7ms, total 648ms
D/log     ( 1166): cId:be08bb07faef4b48bd66df97e8413f85
D/log     ( 1166): ch:webauto-az-21
D/J_LOG   ( 1166): jid=5ddefcf5a9b742779874ae3eebe6022f
D/J_LOG   ( 1166): channel=null
I/Choreographer( 1166): Skipped 34 frames!  The application may be doing too much work on its main thread.
W/AwContents( 1166): nativeOnDraw failed; clearing to background color.
I/Choreographer(  354): Skipped 37 frames!  The application may be doing too much work on its main thread.
I/ActivityManager(  354): Displayed com.kb.nsdtaiqiu/.ScoresActivity: +4s299ms
D/AndroidRuntime( 1342): Shutting down VM
I/Choreographer(  354): Skipped 43 frames!  The application may be doing too much work on its main thread.
D/dalvikvm( 1342): GC_CONCURRENT freed 97K, 15% free 589K/688K, paused 3ms+12ms, total 23ms
I/Choreographer(  354): Skipped 63 frames!  The application may be doing too much work on its main thread.
W/AwContents( 1166): nativeOnDraw failed; clearing to background color.
W/AwContents( 1166): nativeOnDraw failed; clearing to background color.
I/Choreographer( 1166): Skipped 57 frames!  The application may be doing too much work on its main thread.
D/dalvikvm( 1166): GC_CONCURRENT freed 1427K, 23% free 7540K/9768K, paused 71ms+139ms, total 285ms
D/log     ( 1166): rr
D/dalvikvm( 1166): GC_CONCURRENT freed 1462K, 23% free 7595K/9768K, paused 34ms+52ms, total 177ms
D/AndroidRuntime( 1372): 
D/AndroidRuntime( 1372): >>>>>> AndroidRuntime START com.android.internal.os.RuntimeInit <<<<<<
D/AndroidRuntime( 1372): CheckJNI is ON
D/dalvikvm( 1372): Trying to load lib libjavacore.so 0x0
D/dalvikvm( 1372): Added shared lib libjavacore.so 0x0
D/dalvikvm( 1372): Trying to load lib libnativehelper.so 0x0
D/dalvikvm( 1372): Added shared lib libnativehelper.so 0x0
D/dalvikvm( 1372): No JNI_OnLoad found in libnativehelper.so 0x0, skipping init
D/dalvikvm( 1372): Note: class Landroid/app/ActivityManagerNative; has 179 unimplemented (abstract) methods
D/log     ( 1166): status:200
E/memtrack( 1372): Couldn't load memtrack module (No such file or directory)
E/android.os.Debug( 1372): failed to load memtrack module: -2
D/AndroidRuntime( 1372): Calling main entry com.android.commands.am.Am
I/ActivityManager(  354): START u0 {act=android.intent.action.MAIN cat=[android.intent.category.LAUNCHER] flg=0x10000000 cmp=com.kb.nsdtaiqiu/.GameSelection.OpponentsActivity} from pid 1372
D/dalvikvm(  354): GC_CONCURRENT freed 647K, 57% free 5800K/13212K, paused 37ms+6ms, total 317ms
D/dalvikvm( 1166): GC_CONCURRENT freed 1495K, 22% free 7623K/9768K, paused 37ms+27ms, total 146ms
D/dalvikvm( 1166): GC_CONCURRENT freed 1516K, 22% free 7643K/9768K, paused 15ms+19ms, total 83ms
V/PhoneStatusBar(  452): setLightsOn(true)
I/Choreographer( 1166): Skipped 40 frames!  The application may be doing too much work on its main thread.
I/ActivityManager(  354): Displayed com.kb.nsdtaiqiu/.GameSelection.OpponentsActivity: +9s862ms
D/AndroidRuntime( 1372): Shutting down VM
D/dalvikvm( 1372): GC_CONCURRENT freed 98K, 15% free 589K/692K, paused 2ms+2ms, total 22ms
W/ActivityManager(  354): Launch timeout has expired, giving up wake lock!
D/dalvikvm( 1166): GC_CONCURRENT freed 1418K, 21% free 7763K/9768K, paused 30ms+8ms, total 218ms
D/J_LOG   ( 1166): ready to request...
D/J_LOG   ( 1166): 25764527
D/log     ( 1166): status:200
D/dalvikvm(  354): GC_CONCURRENT freed 659K, 57% free 5797K/13212K, paused 7ms+12ms, total 151ms
D/dalvikvm( 1166): GC_CONCURRENT freed 1545K, 21% free 7809K/9768K, paused 16ms+5ms, total 93ms
W/SocketClient(   54): write error (Broken pipe)
D/dalvikvm( 1166): GC_CONCURRENT freed 1616K, 21% free 7811K/9768K, paused 5ms+4ms, total 221ms
D/AndroidRuntime( 1404): 
D/AndroidRuntime( 1404): >>>>>> AndroidRuntime START com.android.internal.os.RuntimeInit <<<<<<
D/AndroidRuntime( 1404): CheckJNI is ON
D/dalvikvm( 1404): Trying to load lib libjavacore.so 0x0
D/dalvikvm( 1404): Added shared lib libjavacore.so 0x0
D/dalvikvm( 1404): Trying to load lib libnativehelper.so 0x0
D/dalvikvm( 1404): Added shared lib libnativehelper.so 0x0
D/dalvikvm( 1404): No JNI_OnLoad found in libnativehelper.so 0x0, skipping init
D/dalvikvm( 1404): Note: class Landroid/app/ActivityManagerNative; has 179 unimplemented (abstract) methods
E/memtrack( 1404): Couldn't load memtrack module (No such file or directory)
E/android.os.Debug( 1404): failed to load memtrack module: -2
D/AndroidRuntime( 1404): Calling main entry com.android.commands.am.Am
I/ActivityManager(  354): START u0 {act=android.intent.action.MAIN cat=[android.intent.category.LAUNCHER] flg=0x10000000 cmp=com.kb.nsdtaiqiu/.GameSelection.JoinNetwork} from pid 1404
I/ActivityManager(  354): START u0 {cmp=com.kb.nsdtaiqiu/.Help.ChatTerms} from pid 1166
V/PhoneStatusBar(  452): setLightsOn(true)
I/ActivityManager(  354): Displayed com.kb.nsdtaiqiu/.Help.ChatTerms: +624ms (total +1s3ms)
D/AndroidRuntime( 1404): Shutting down VM
D/dalvikvm( 1404): GC_CONCURRENT freed 97K, 15% free 589K/688K, paused 3ms+1ms, total 22ms
I/Choreographer(  354): Skipped 40 frames!  The application may be doing too much work on its main thread.
W/View    ( 1166): View too large to fit into drawing cache, needs 2577480 bytes, only 1658880 available
W/View    ( 1166): View too large to fit into drawing cache, needs 2577480 bytes, only 1658880 available
W/View    ( 1166): View too large to fit into drawing cache, needs 2577480 bytes, only 1658880 available
D/dalvikvm( 1166): GC_CONCURRENT freed 1376K, 17% free 8112K/9768K, paused 23ms+6ms, total 204ms
D/dalvikvm( 1166): GC_CONCURRENT freed 1782K, 19% free 8049K/9888K, paused 5ms+15ms, total 114ms
D/dalvikvm(  354): GC_CONCURRENT freed 652K, 57% free 5802K/13212K, paused 5ms+20ms, total 155ms
D/AndroidRuntime( 1423): 
D/AndroidRuntime( 1423): >>>>>> AndroidRuntime START com.android.internal.os.RuntimeInit <<<<<<
D/AndroidRuntime( 1423): CheckJNI is ON
W/SocketClient(   54): write error (Broken pipe)
D/dalvikvm( 1423): Trying to load lib libjavacore.so 0x0
D/dalvikvm( 1423): Added shared lib libjavacore.so 0x0
D/dalvikvm( 1423): Trying to load lib libnativehelper.so 0x0
D/dalvikvm( 1423): Added shared lib libnativehelper.so 0x0
D/dalvikvm( 1423): No JNI_OnLoad found in libnativehelper.so 0x0, skipping init
D/dalvikvm( 1423): Note: class Landroid/app/ActivityManagerNative; has 179 unimplemented (abstract) methods
E/memtrack( 1423): Couldn't load memtrack module (No such file or directory)
E/android.os.Debug( 1423): failed to load memtrack module: -2
D/AndroidRuntime( 1423): Calling main entry com.android.commands.am.Am
I/ActivityManager(  354): START u0 {act=android.intent.action.MAIN cat=[android.intent.category.LAUNCHER] flg=0x10000000 cmp=com.kb.nsdtaiqiu/.GameSelection.PlayersActivity} from pid 1423
V/PhoneStatusBar(  452): setLightsOn(true)
I/ActivityManager(  354): Displayed com.kb.nsdtaiqiu/.GameSelection.PlayersActivity: +369ms
D/AndroidRuntime( 1423): Shutting down VM
D/dalvikvm( 1423): GC_CONCURRENT freed 97K, 15% free 589K/692K, paused 1ms+2ms, total 22ms
I/Choreographer(  354): Skipped 37 frames!  The application may be doing too much work on its main thread.
D/dalvikvm( 1166): GC_CONCURRENT freed 1703K, 19% free 8058K/9888K, paused 13ms+5ms, total 461ms
D/dalvikvm( 1166): GC_CONCURRENT freed 1717K, 19% free 8055K/9888K, paused 22ms+5ms, total 133ms
W/SocketClient(   54): write error (Broken pipe)
D/dalvikvm(  354): GC_CONCURRENT freed 651K, 57% free 5810K/13212K, paused 34ms+7ms, total 311ms
W/SocketClient(   54): write error (Broken pipe)
D/AndroidRuntime( 1438): 
D/AndroidRuntime( 1438): >>>>>> AndroidRuntime START com.android.internal.os.RuntimeInit <<<<<<
D/AndroidRuntime( 1438): CheckJNI is ON
D/dalvikvm( 1438): Trying to load lib libjavacore.so 0x0
D/dalvikvm( 1438): Added shared lib libjavacore.so 0x0
D/dalvikvm( 1438): Trying to load lib libnativehelper.so 0x0
D/dalvikvm( 1438): Added shared lib libnativehelper.so 0x0
D/dalvikvm( 1438): No JNI_OnLoad found in libnativehelper.so 0x0, skipping init
D/dalvikvm( 1166): GC_CONCURRENT freed 1689K, 19% free 8049K/9888K, paused 31ms+4ms, total 160ms
D/dalvikvm( 1438): Note: class Landroid/app/ActivityManagerNative; has 179 unimplemented (abstract) methods
E/memtrack( 1438): Couldn't load memtrack module (No such file or directory)
E/android.os.Debug( 1438): failed to load memtrack module: -2
D/LightsService(  354): Excessive delay setting light: 290ms
W/SocketClient(   54): write error (Broken pipe)
D/AndroidRuntime( 1438): Calling main entry com.android.commands.am.Am
I/ActivityManager(  354): START u0 {act=android.intent.action.MAIN cat=[android.intent.category.LAUNCHER] flg=0x10000000 cmp=com.kb.nsdtaiqiu/.GameSelection.TableShape} from pid 1438
D/AndroidRuntime( 1166): Shutting down VM
W/dalvikvm( 1166): threadid=1: thread exiting with uncaught exception (group=0xb2a58ba8)
E/AndroidRuntime( 1166): FATAL EXCEPTION: main
E/AndroidRuntime( 1166): Process: com.kb.nsdtaiqiu, PID: 1166
E/AndroidRuntime( 1166): java.lang.RuntimeException: Unable to start activity ComponentInfo{com.kb.nsdtaiqiu/com.kb.nsdtaiqiu.GameSelection.TableShape}: java.lang.NullPointerException
E/AndroidRuntime( 1166): 	at android.app.ActivityThread.performLaunchActivity(ActivityThread.java:2184)
E/AndroidRuntime( 1166): 	at android.app.ActivityThread.handleLaunchActivity(ActivityThread.java:2233)
E/AndroidRuntime( 1166): 	at android.app.ActivityThread.access$800(ActivityThread.java:135)
E/AndroidRuntime( 1166): 	at android.app.ActivityThread$H.handleMessage(ActivityThread.java:1196)
E/AndroidRuntime( 1166): 	at android.os.Handler.dispatchMessage(Handler.java:102)
E/AndroidRuntime( 1166): 	at android.os.Looper.loop(Looper.java:136)
E/AndroidRuntime( 1166): 	at android.app.ActivityThread.main(ActivityThread.java:5001)
E/AndroidRuntime( 1166): 	at java.lang.reflect.Method.invokeNative(Native Method)
E/AndroidRuntime( 1166): 	at java.lang.reflect.Method.invoke(Method.java:515)
E/AndroidRuntime( 1166): 	at com.android.internal.os.ZygoteInit$MethodAndArgsCaller.run(ZygoteInit.java:785)
E/AndroidRuntime( 1166): 	at com.android.internal.os.ZygoteInit.main(ZygoteInit.java:601)
E/AndroidRuntime( 1166): 	at dalvik.system.NativeStart.main(Native Method)
E/AndroidRuntime( 1166): Caused by: java.lang.NullPointerException
E/AndroidRuntime( 1166): 	at com.kb.nsdtaiqiu.GameSelection.TableShape.createRows(TableShape.java:157)
E/AndroidRuntime( 1166): 	at com.kb.nsdtaiqiu.GameSelection.TableShape.onCreate(TableShape.java:47)
E/AndroidRuntime( 1166): 	at android.app.Activity.performCreate(Activity.java:5231)
E/AndroidRuntime( 1166): 	at android.app.Instrumentation.callActivityOnCreate(Instrumentation.java:1087)
E/AndroidRuntime( 1166): 	at android.app.ActivityThread.performLaunchActivity(ActivityThread.java:2148)
E/AndroidRuntime( 1166): 	... 11 more
W/ActivityManager(  354):   Force finishing activity com.kb.nsdtaiqiu/.GameSelection.TableShape
W/ActivityManager(  354):   Force finishing activity com.kb.nsdtaiqiu/.GameSelection.PlayersActivity
I/Choreographer(  354): Skipped 44 frames!  The application may be doing too much work on its main thread.
W/ActivityManager(  354): Activity pause timeout for ActivityRecord{b307fa08 u0 com.kb.nsdtaiqiu/.GameSelection.TableShape t4 f}
D/dalvikvm(  354): GC_CONCURRENT freed 284K, 54% free 6184K/13212K, paused 24ms+11ms, total 280ms
D/dalvikvm( 1166): GC_CONCURRENT freed 1645K, 19% free 8080K/9884K, paused 51ms+55ms, total 257ms
W/SocketClient(   54): write error (Broken pipe)
D/dalvikvm( 1166): GC_CONCURRENT freed 1705K, 18% free 8115K/9884K, paused 15ms+4ms, total 144ms
W/SocketClient(   54): write error (Broken pipe)
W/ActivityManager(  354): Launch timeout has expired, giving up wake lock!
D/AndroidRuntime( 1438): Shutting down VM
D/dalvikvm( 1438): GC_CONCURRENT freed 97K, 15% free 589K/688K, paused 2ms+2ms, total 19ms
D/dalvikvm( 1166): GC_CONCURRENT freed 1723K, 18% free 8117K/9892K, paused 5ms+34ms, total 117ms
W/SocketClient(   54): write error (Broken pipe)
W/SocketClient(   54): write error (Broken pipe)
D/dalvikvm( 1166): GC_CONCURRENT freed 1745K, 19% free 8103K/9900K, paused 5ms+4ms, total 157ms
D/dalvikvm(  354): GC_CONCURRENT freed 756K, 54% free 6184K/13212K, paused 32ms+8ms, total 241ms
W/SocketClient(   54): write error (Broken pipe)
D/AndroidRuntime( 1458): 
D/AndroidRuntime( 1458): >>>>>> AndroidRuntime START com.android.internal.os.RuntimeInit <<<<<<
D/AndroidRuntime( 1458): CheckJNI is ON
D/dalvikvm( 1458): Trying to load lib libjavacore.so 0x0
D/dalvikvm( 1458): Added shared lib libjavacore.so 0x0
D/dalvikvm( 1458): Trying to load lib libnativehelper.so 0x0
D/dalvikvm( 1458): Added shared lib libnativehelper.so 0x0
D/dalvikvm( 1458): No JNI_OnLoad found in libnativehelper.so 0x0, skipping init
D/dalvikvm( 1458): Note: class Landroid/app/ActivityManagerNative; has 179 unimplemented (abstract) methods
E/memtrack( 1458): Couldn't load memtrack module (No such file or directory)
E/android.os.Debug( 1458): failed to load memtrack module: -2
W/SocketClient(   54): write error (Broken pipe)
D/AndroidRuntime( 1458): Calling main entry com.android.commands.am.Am
I/ActivityManager(  354): START u0 {act=android.intent.action.MAIN cat=[android.intent.category.LAUNCHER] flg=0x10000000 cmp=com.kb.nsdtaiqiu/.GameSelection.TrajActivity} from pid 1458
D/dalvikvm( 1166): GC_CONCURRENT freed 1732K, 18% free 8124K/9900K, paused 5ms+6ms, total 158ms
W/ActivityManager(  354): Activity pause timeout for ActivityRecord{b305d1b8 u0 com.kb.nsdtaiqiu/.Help.ChatTerms t4}
W/ActivityManager(  354): Activity destroy timeout for ActivityRecord{b305bc68 u0 com.kb.nsdtaiqiu/.GameSelection.PlayersActivity t4 f}
W/ActivityManager(  354): Activity destroy timeout for ActivityRecord{b307fa08 u0 com.kb.nsdtaiqiu/.GameSelection.TableShape t4 f}
D/dalvikvm( 1166): GC_CONCURRENT freed 1730K, 19% free 8110K/9904K, paused 5ms+4ms, total 94ms
W/SocketClient(   54): write error (Broken pipe)
D/dalvikvm( 1166): GC_CONCURRENT freed 1708K, 18% free 8123K/9904K, paused 30ms+7ms, total 123ms
D/dalvikvm(  354): GC_CONCURRENT freed 751K, 54% free 6186K/13212K, paused 4ms+15ms, total 153ms
W/SocketClient(   54): write error (Broken pipe)
D/dalvikvm( 1166): GC_CONCURRENT freed 1726K, 19% free 8123K/9912K, paused 13ms+6ms, total 114ms
W/SocketClient(   54): write error (Broken pipe)
W/ActivityManager(  354): Launch timeout has expired, giving up wake lock!
D/AndroidRuntime( 1458): Shutting down VM
D/dalvikvm( 1458): GC_CONCURRENT freed 97K, 15% free 589K/692K, paused 2ms+1ms, total 20ms
D/dalvikvm( 1166): GC_CONCURRENT freed 1716K, 18% free 8132K/9912K, paused 13ms+4ms, total 102ms
D/dalvikvm( 1166): GC_CONCURRENT freed 1710K, 18% free 8167K/9928K, paused 5ms+43ms, total 133ms
D/dalvikvm(  354): GC_CONCURRENT freed 759K, 54% free 6183K/13212K, paused 7ms+14ms, total 160ms
W/SocketClient(   54): write error (Broken pipe)
D/AndroidRuntime( 1478): 
D/AndroidRuntime( 1478): >>>>>> AndroidRuntime START com.android.internal.os.RuntimeInit <<<<<<
D/AndroidRuntime( 1478): CheckJNI is ON
D/dalvikvm( 1478): Trying to load lib libjavacore.so 0x0
D/dalvikvm( 1478): Added shared lib libjavacore.so 0x0
D/dalvikvm( 1478): Trying to load lib libnativehelper.so 0x0
D/dalvikvm( 1478): Added shared lib libnativehelper.so 0x0
D/dalvikvm( 1478): No JNI_OnLoad found in libnativehelper.so 0x0, skipping init
D/dalvikvm( 1478): Note: class Landroid/app/ActivityManagerNative; has 179 unimplemented (abstract) methods
W/SocketClient(   54): write error (Broken pipe)
E/memtrack( 1478): Couldn't load memtrack module (No such file or directory)
E/android.os.Debug( 1478): failed to load memtrack module: -2
D/dalvikvm( 1166): GC_CONCURRENT freed 1759K, 19% free 8149K/9964K, paused 4ms+4ms, total 225ms
D/AndroidRuntime( 1478): Calling main entry com.android.commands.am.Am
I/ActivityManager(  354): START u0 {act=android.intent.action.MAIN cat=[android.intent.category.LAUNCHER] flg=0x10000000 cmp=com.kb.nsdtaiqiu/.GameSelection.AISkillActivity} from pid 1478
W/ActivityManager(  354): Activity pause timeout for ActivityRecord{b2f5cb80 u0 com.kb.nsdtaiqiu/.GameSelection.TrajActivity t4}
W/SocketClient(   54): write error (Broken pipe)
D/dalvikvm( 1166): GC_CONCURRENT freed 1707K, 18% free 8179K/9964K, paused 4ms+22ms, total 112ms
W/SocketClient(   54): write error (Broken pipe)
D/dalvikvm( 1166): GC_CONCURRENT freed 1742K, 18% free 8172K/9964K, paused 5ms+11ms, total 122ms
W/WindowManager(  354): Rebuild removed 10 windows but added 9
W/WindowManager(  354): java.lang.RuntimeException: here
W/WindowManager(  354): 	at com.android.server.wm.WindowManagerService.rebuildAppWindowListLocked(WindowManagerService.java:8027)
W/WindowManager(  354): 	at com.android.server.wm.WindowManagerService.rebuildAppWindowListLocked(WindowManagerService.java:7963)
W/WindowManager(  354): 	at com.android.server.wm.WindowManagerService.handleAppTransitionReadyLocked(WindowManagerService.java:8446)
W/WindowManager(  354): 	at com.android.server.wm.WindowManagerService.performLayoutAndPlaceSurfacesLockedInner(WindowManagerService.java:9209)
W/WindowManager(  354): 	at com.android.server.wm.WindowManagerService.performLayoutAndPlaceSurfacesLockedLoop(WindowManagerService.java:8179)
W/WindowManager(  354): 	at com.android.server.wm.WindowManagerService.performLayoutAndPlaceSurfacesLocked(WindowManagerService.java:8121)
W/WindowManager(  354): 	at com.android.server.wm.WindowManagerService.access$300(WindowManagerService.java:157)
W/WindowManager(  354): 	at com.android.server.wm.WindowManagerService$H.handleMessage(WindowManagerService.java:7342)
W/WindowManager(  354): 	at android.os.Handler.dispatchMessage(Handler.java:102)
W/WindowManager(  354): 	at android.os.Looper.loop(Looper.java:136)
W/WindowManager(  354): 	at android.os.HandlerThread.run(HandlerThread.java:61)
W/WindowManager(  354): This window was lost: Window{b321e4c0 u0 com.kb.nsdtaiqiu/com.kb.nsdtaiqiu.GameSelection.PlayersActivity}
W/WindowManager(  354): mDisplayId=0 mSession=Session{b323ffb0 1166:u0a10052} mClient=android.os.BinderProxy@b3061c90
W/WindowManager(  354): mOwnerUid=10052 mShowToOwnerOnly=true package=com.kb.nsdtaiqiu appop=NONE
W/WindowManager(  354): mAttrs=WM.LayoutParams{(0,0)(fillxfill) sim=#120 ty=1 fl=#40010100 pfl=0x8 wanim=0x1030001}
W/WindowManager(  354): Requested w=480 h=864 mLayoutSeq=107
W/WindowManager(  354): mBaseLayer=21000 mSubLayer=0 mAnimLayer=21005+0=21005 mLastLayer=21050
W/WindowManager(  354): mToken=AppWindowToken{b33c1f18 token=Token{b330f298 ActivityRecord{b305bc68 u0 com.kb.nsdtaiqiu/.GameSelection.PlayersActivity t4}}}
W/WindowManager(  354): mRootToken=AppWindowToken{b33c1f18 token=Token{b330f298 ActivityRecord{b305bc68 u0 com.kb.nsdtaiqiu/.GameSelection.PlayersActivity t4}}}
W/WindowManager(  354): mAppToken=AppWindowToken{b33c1f18 token=Token{b330f298 ActivityRecord{b305bc68 u0 com.kb.nsdtaiqiu/.GameSelection.PlayersActivity t4}}}
W/WindowManager(  354): mViewVisibility=0x0 mHaveFrame=true mObscured=false
W/WindowManager(  354): mSeq=0 mSystemUiVisibility=0x0
W/WindowManager(  354): mGivenContentInsets=[0,0][0,0] mGivenVisibleInsets=[0,0][0,0]
W/WindowManager(  354): mConfiguration={1.0 310mcc260mnc en_US ldltr sw480dp w480dp h839dp 160dpi lrg long port finger -keyb/v/h tball/v s.6}
W/WindowManager(  354): mHasSurface=true mShownFrame=[0.0,0.0][480.0,864.0] isReadyForDisplay()=false
W/WindowManager(  354): mFrame=[0,0][480,864] last=[0,0][480,864]
W/WindowManager(  354): mSystemDecorRect=[0,25][480,864] last=[0,25][480,864]
W/WindowManager(  354): Frames: containing=[0,0][480,864] parent=[0,0][480,864]
W/WindowManager(  354):     display=[0,0][480,864] overscan=[0,0][480,864]
W/WindowManager(  354):     content=[0,25][480,864] visible=[0,25][480,864]
W/WindowManager(  354):     decor=[0,25][480,864]
W/WindowManager(  354): Cur insets: overscan=[0,0][0,0] content=[0,25][0,0] visible=[0,25][0,0]
W/WindowManager(  354): Lst insets: overscan=[0,0][0,0] content=[0,25][0,0] visible=[0,25][0,0]
W/WindowManager(  354): WindowStateAnimator{b301fac0 com.kb.nsdtaiqiu/com.kb.nsdtaiqiu.GameSelection.PlayersActivity}:
W/WindowManager(  354):   mSurface=Surface(name=com.kb.nsdtaiqiu/com.kb.nsdtaiqiu.GameSelection.PlayersActivity)
W/WindowManager(  354):   mDrawState=HAS_DRAWN mLastHidden=true
W/WindowManager(  354):   Surface: shown=false layer=21050 alpha=0.0 rect=(0.0,0.0) 480.0 x 864.0
W/WindowManager(  354):   mShownAlpha=1.0 mAlpha=1.0 mLastAlpha=0.0
W/WindowManager(  354): Current app token list:
V/WindowManager(  354):   Display 0
V/WindowManager(  354):   #10: Token{b31b1de8 ActivityRecord{b307fa08 u0 com.kb.nsdtaiqiu/.GameSelection.AISkillActivity t4}}
V/WindowManager(  354):   #9: Token{b3083528 ActivityRecord{b2f5cb80 u0 com.kb.nsdtaiqiu/.GameSelection.TrajActivity t4}}
V/WindowManager(  354):   #8: Token{b2fad918 ActivityRecord{b305d1b8 u0 com.kb.nsdtaiqiu/.Help.ChatTerms t4}}
V/WindowManager(  354):   #7: Token{b31e3cf0 ActivityRecord{b3303d08 u0 com.kb.nsdtaiqiu/.GameSelection.JoinNetwork t4}}
V/WindowManager(  354):   #6: Token{b31ed628 ActivityRecord{b31ed4c8 u0 com.kb.nsdtaiqiu/.GameSelection.OpponentsActivity t4}}
V/WindowManager(  354):   #5: Token{b31b84a8 ActivityRecord{b3030738 u0 com.kb.nsdtaiqiu/.ScoresActivity t4}}
V/WindowManager(  354):   #4: Token{b3300660 ActivityRecord{b2e76290 u0 com.kb.nsdtaiqiu/.Carrom3DActivity t4}}
V/WindowManager(  354):   #3: Token{b31e28b0 ActivityRecord{b2facc38 u0 com.kb.nsdtaiqiu/.GameSelection.ActivitySubGame t4}}
V/WindowManager(  354):   #2: Token{b3094730 ActivityRecord{b307e0e0 u0 com.kb.nsdtaiqiu/.Help.Eula t4}}
V/WindowManager(  354):   #1: Token{b32e0fb8 ActivityRecord{b305a368 u0 com.kb.nsdtaiqiu/.GameSelection.ActivityMain t4}}
V/WindowManager(  354):   #0: Token{b32cc798 ActivityRecord{b3225f68 u0 com.android.launcher/com.android.launcher2.Launcher t3}}
W/WindowManager(  354): Final window list:
V/WindowManager(  354):   #0: Window{b3583668 u0 StatusBar}
V/WindowManager(  354):   #1: Window{b2e5ae60 u0 KeyguardScrim}
V/WindowManager(  354):   #2: Window{b3309448 u0 Application Error: com.kb.nsdtaiqiu}
V/WindowManager(  354):   #3: Window{b31eb770 u0 com.kb.nsdtaiqiu/com.kb.nsdtaiqiu.Help.ChatTerms}
V/WindowManager(  354):   #4: Window{b32c2f88 u0 com.kb.nsdtaiqiu/com.kb.nsdtaiqiu.GameSelection.OpponentsActivity}
V/WindowManager(  354):   #5: Window{b2f3d798 u0 com.kb.nsdtaiqiu/com.kb.nsdtaiqiu.ScoresActivity}
V/WindowManager(  354):   #6: Window{b31db2c8 u0 com.kb.nsdtaiqiu/com.kb.nsdtaiqiu.Carrom3DActivity}
V/WindowManager(  354):   #7: Window{b35a7fa0 u0 com.kb.nsdtaiqiu/com.kb.nsdtaiqiu.Carrom3DActivity}
V/WindowManager(  354):   #8: Window{b31e1468 u0 SurfaceView}
V/WindowManager(  354):   #9: Window{b305e4f8 u0 com.kb.nsdtaiqiu/com.kb.nsdtaiqiu.GameSelection.ActivitySubGame}
V/WindowManager(  354):   #10: Window{b31bbcd8 u0 com.kb.nsdtaiqiu/com.kb.nsdtaiqiu.Help.Eula}
V/WindowManager(  354):   #11: Window{b32c1960 u0 com.android.launcher/com.android.launcher2.Launcher}
V/WindowManager(  354):   #12: Window{b31dd710 u0 com.android.systemui.ImageWallpaper}
D/dalvikvm(  354): GC_CONCURRENT freed 749K, 54% free 6189K/13212K, paused 11ms+5ms, total 179ms
W/SocketClient(   54): write error (Broken pipe)
D/dalvikvm( 1166): GC_CONCURRENT freed 1726K, 18% free 8171K/9964K, paused 5ms+4ms, total 92ms
W/SocketClient(   54): write error (Broken pipe)
W/ActivityManager(  354): Launch timeout has expired, giving up wake lock!
D/AndroidRuntime( 1478): Shutting down VM
D/dalvikvm( 1478): GC_CONCURRENT freed 97K, 15% free 589K/688K, paused 2ms+10ms, total 22ms
D/dalvikvm( 1166): GC_CONCURRENT freed 1723K, 18% free 8184K/9964K, paused 5ms+31ms, total 136ms
W/SocketClient(   54): write error (Broken pipe)
D/dalvikvm( 1166): GC_CONCURRENT freed 1757K, 19% free 8190K/10004K, paused 6ms+23ms, total 131ms
D/dalvikvm(  354): GC_CONCURRENT freed 758K, 54% free 6191K/13212K, paused 5ms+22ms, total 211ms
W/SocketClient(   54): write error (Broken pipe)
D/dalvikvm( 1166): GC_CONCURRENT freed 1737K, 19% free 8189K/10004K, paused 32ms+12ms, total 194ms
D/AndroidRuntime( 1497): 
D/AndroidRuntime( 1497): >>>>>> AndroidRuntime START com.android.internal.os.RuntimeInit <<<<<<
D/AndroidRuntime( 1497): CheckJNI is ON
D/dalvikvm( 1497): Trying to load lib libjavacore.so 0x0
D/dalvikvm( 1497): Added shared lib libjavacore.so 0x0
D/dalvikvm( 1497): Trying to load lib libnativehelper.so 0x0
D/dalvikvm( 1497): Added shared lib libnativehelper.so 0x0
D/dalvikvm( 1497): No JNI_OnLoad found in libnativehelper.so 0x0, skipping init
W/SocketClient(   54): write error (Broken pipe)
D/dalvikvm( 1497): Note: class Landroid/app/ActivityManagerNative; has 179 unimplemented (abstract) methods
E/memtrack( 1497): Couldn't load memtrack module (No such file or directory)
E/android.os.Debug( 1497): failed to load memtrack module: -2
D/AndroidRuntime( 1497): Calling main entry com.android.commands.am.Am
I/ActivityManager(  354): START u0 {act=android.intent.action.MAIN cat=[android.intent.category.LAUNCHER] flg=0x10000000 cmp=com.kb.nsdtaiqiu/.GameSelection.FBActivity} from pid 1497
W/SocketClient(   54): write error (Broken pipe)
W/ActivityManager(  354): Activity pause timeout for ActivityRecord{b307fa08 u0 com.kb.nsdtaiqiu/.GameSelection.AISkillActivity t4}
D/dalvikvm( 1166): GC_CONCURRENT freed 1743K, 18% free 8207K/10004K, paused 5ms+7ms, total 119ms
W/SocketClient(   54): write error (Broken pipe)
D/dalvikvm( 1166): GC_CONCURRENT freed 1758K, 19% free 8221K/10032K, paused 5ms+32ms, total 133ms
D/dalvikvm(  354): GC_CONCURRENT freed 754K, 54% free 6191K/13212K, paused 11ms+13ms, total 132ms
W/SocketClient(   54): write error (Broken pipe)
D/dalvikvm( 1166): GC_CONCURRENT freed 1774K, 19% free 8210K/10048K, paused 13ms+17ms, total 117ms
W/SocketClient(   54): write error (Broken pipe)
D/dalvikvm( 1166): GC_CONCURRENT freed 1750K, 19% free 8232K/10048K, paused 5ms+22ms, total 135ms
W/ActivityManager(  354): Launch timeout has expired, giving up wake lock!
W/SocketClient(   54): write error (Broken pipe)
D/AndroidRuntime( 1497): Shutting down VM
D/dalvikvm( 1497): GC_CONCURRENT freed 97K, 15% free 589K/688K, paused 3ms+13ms, total 24ms
W/SocketClient(   54): write error (Broken pipe)
D/dalvikvm( 1166): GC_CONCURRENT freed 1769K, 19% free 8247K/10068K, paused 5ms+41ms, total 144ms
D/dalvikvm(  354): GC_CONCURRENT freed 757K, 54% free 6194K/13212K, paused 5ms+24ms, total 200ms
D/dalvikvm( 1166): GC_CONCURRENT freed 1769K, 19% free 8219K/10068K, paused 6ms+7ms, total 78ms
D/AndroidRuntime( 1516): 
D/AndroidRuntime( 1516): >>>>>> AndroidRuntime START com.android.internal.os.RuntimeInit <<<<<<
D/AndroidRuntime( 1516): CheckJNI is ON
D/dalvikvm( 1516): Trying to load lib libjavacore.so 0x0
D/dalvikvm( 1516): Added shared lib libjavacore.so 0x0
D/dalvikvm( 1516): Trying to load lib libnativehelper.so 0x0
D/dalvikvm( 1516): Added shared lib libnativehelper.so 0x0
D/dalvikvm( 1516): No JNI_OnLoad found in libnativehelper.so 0x0, skipping init
D/dalvikvm( 1516): Note: class Landroid/app/ActivityManagerNative; has 179 unimplemented (abstract) methods
E/memtrack( 1516): Couldn't load memtrack module (No such file or directory)
E/android.os.Debug( 1516): failed to load memtrack module: -2
W/SocketClient(   54): write error (Broken pipe)
D/AndroidRuntime( 1516): Calling main entry com.android.commands.am.Am
I/ActivityManager(  354): START u0 {act=android.intent.action.MAIN cat=[android.intent.category.LAUNCHER] flg=0x10000000 cmp=com.kb.nsdtaiqiu/.Help.HelpActivity} from pid 1516
W/ActivityManager(  354): Activity pause timeout for ActivityRecord{b31c6928 u0 com.kb.nsdtaiqiu/.GameSelection.FBActivity t4}
D/dalvikvm( 1166): GC_CONCURRENT freed 1742K, 19% free 8252K/10068K, paused 5ms+33ms, total 151ms
W/SocketClient(   54): write error (Broken pipe)
D/dalvikvm( 1166): GC_CONCURRENT freed 1767K, 19% free 8249K/10104K, paused 5ms+6ms, total 109ms
W/SocketClient(   54): write error (Broken pipe)
D/dalvikvm(  354): GC_CONCURRENT freed 755K, 54% free 6194K/13212K, paused 4ms+12ms, total 133ms
D/dalvikvm( 1166): GC_CONCURRENT freed 1753K, 19% free 8266K/10104K, paused 33ms+5ms, total 145ms
W/SocketClient(   54): write error (Broken pipe)
D/dalvikvm( 1166): GC_CONCURRENT freed 1791K, 19% free 8265K/10124K, paused 13ms+14ms, total 136ms
W/SocketClient(   54): write error (Broken pipe)
W/ActivityManager(  354): Launch timeout has expired, giving up wake lock!
D/AndroidRuntime( 1516): Shutting down VM
D/dalvikvm( 1516): GC_CONCURRENT freed 97K, 15% free 589K/688K, paused 12ms+3ms, total 23ms
W/SocketClient(   54): write error (Broken pipe)
D/dalvikvm( 1166): GC_CONCURRENT freed 1800K, 19% free 8300K/10136K, paused 5ms+5ms, total 171ms
W/SocketClient(   54): write error (Broken pipe)
D/dalvikvm(  354): GC_CONCURRENT freed 763K, 54% free 6194K/13212K, paused 5ms+4ms, total 193ms
D/dalvikvm( 1166): GC_CONCURRENT freed 1785K, 19% free 8297K/10136K, paused 3ms+6ms, total 97ms
W/SocketClient(   54): write error (Broken pipe)
D/AndroidRuntime( 1535): 
D/AndroidRuntime( 1535): >>>>>> AndroidRuntime START com.android.internal.os.RuntimeInit <<<<<<
D/AndroidRuntime( 1535): CheckJNI is ON
D/dalvikvm( 1535): Trying to load lib libjavacore.so 0x0
D/dalvikvm( 1535): Added shared lib libjavacore.so 0x0
D/dalvikvm( 1535): Trying to load lib libnativehelper.so 0x0
D/dalvikvm( 1535): Added shared lib libnativehelper.so 0x0
D/dalvikvm( 1535): No JNI_OnLoad found in libnativehelper.so 0x0, skipping init
D/dalvikvm( 1535): Note: class Landroid/app/ActivityManagerNative; has 179 unimplemented (abstract) methods
D/dalvikvm( 1166): GC_CONCURRENT freed 1805K, 19% free 8289K/10156K, paused 4ms+23ms, total 274ms
E/memtrack( 1535): Couldn't load memtrack module (No such file or directory)
E/android.os.Debug( 1535): failed to load memtrack module: -2
D/AndroidRuntime( 1535): Calling main entry com.android.commands.am.Am
I/ActivityManager(  354): START u0 {act=android.intent.action.MAIN cat=[android.intent.category.LAUNCHER] flg=0x10000000 cmp=com.kb.nsdtaiqiu/.Help.ShortcutsActivity} from pid 1535
W/ActivityManager(  354): Activity pause timeout for ActivityRecord{b31d0e90 u0 com.kb.nsdtaiqiu/.Help.HelpActivity t4}
W/SocketClient(   54): write error (Broken pipe)
D/dalvikvm( 1166): GC_CONCURRENT freed 1773K, 19% free 8314K/10156K, paused 5ms+8ms, total 120ms
W/SocketClient(   54): write error (Broken pipe)
D/dalvikvm(  354): GC_CONCURRENT freed 760K, 54% free 6197K/13212K, paused 4ms+5ms, total 214ms
D/dalvikvm( 1166): GC_CONCURRENT freed 1791K, 19% free 8305K/10156K, paused 6ms+14ms, total 117ms
D/dalvikvm( 1166): GC_CONCURRENT freed 1780K, 19% free 8318K/10160K, paused 14ms+15ms, total 118ms
W/SocketClient(   54): write error (Broken pipe)
D/dalvikvm( 1166): GC_CONCURRENT freed 1790K, 18% free 8359K/10172K, paused 5ms+7ms, total 154ms
W/SocketClient(   54): write error (Broken pipe)
W/ActivityManager(  354): Launch timeout has expired, giving up wake lock!
D/AndroidRuntime( 1535): Shutting down VM
D/dalvikvm( 1535): GC_CONCURRENT freed 97K, 15% free 589K/688K, paused 3ms+3ms, total 19ms
D/dalvikvm( 1166): GC_CONCURRENT freed 1857K, 19% free 8352K/10248K, paused 4ms+6ms, total 169ms
D/dalvikvm(  354): GC_CONCURRENT freed 762K, 54% free 6200K/13212K, paused 14ms+32ms, total 205ms
W/SocketClient(   54): write error (Broken pipe)
D/dalvikvm( 1166): GC_CONCURRENT freed 1812K, 19% free 8330K/10248K, paused 4ms+5ms, total 87ms
W/SocketClient(   54): write error (Broken pipe)
D/dalvikvm( 1166): GC_CONCURRENT freed 1787K, 19% free 8353K/10248K, paused 5ms+22ms, total 115ms
D/AndroidRuntime( 1559): 
D/AndroidRuntime( 1559): >>>>>> AndroidRuntime START com.android.internal.os.RuntimeInit <<<<<<
D/AndroidRuntime( 1559): CheckJNI is ON
D/dalvikvm( 1559): Trying to load lib libjavacore.so 0x0
D/dalvikvm( 1559): Added shared lib libjavacore.so 0x0
D/dalvikvm( 1559): Trying to load lib libnativehelper.so 0x0
D/dalvikvm( 1559): Added shared lib libnativehelper.so 0x0
D/dalvikvm( 1559): No JNI_OnLoad found in libnativehelper.so 0x0, skipping init
W/SocketClient(   54): write error (Broken pipe)
D/dalvikvm( 1559): Note: class Landroid/app/ActivityManagerNative; has 179 unimplemented (abstract) methods
E/memtrack( 1559): Couldn't load memtrack module (No such file or directory)
E/android.os.Debug( 1559): failed to load memtrack module: -2
D/AndroidRuntime( 1559): Calling main entry com.android.commands.am.Am
I/ActivityManager(  354): START u0 {act=android.intent.action.MAIN cat=[android.intent.category.LAUNCHER] flg=0x10000000 cmp=com.kb.nsdtaiqiu/.Help.About} from pid 1559
W/ActivityManager(  354): Activity pause timeout for ActivityRecord{b31e3b18 u0 com.kb.nsdtaiqiu/.Help.ShortcutsActivity t4}
W/SocketClient(   54): write error (Broken pipe)
D/dalvikvm( 1166): GC_CONCURRENT freed 1796K, 19% free 8376K/10248K, paused 4ms+33ms, total 123ms
D/dalvikvm(  354): GC_CONCURRENT freed 763K, 54% free 6198K/13212K, paused 11ms+5ms, total 157ms
W/SocketClient(   54): write error (Broken pipe)
D/dalvikvm( 1166): GC_CONCURRENT freed 1831K, 19% free 8361K/10252K, paused 5ms+10ms, total 103ms
W/SocketClient(   54): write error (Broken pipe)
D/dalvikvm( 1166): GC_CONCURRENT freed 1810K, 19% free 8392K/10252K, paused 7ms+7ms, total 163ms
W/SocketClient(   54): write error (Broken pipe)
D/dalvikvm( 1166): GC_CONCURRENT freed 1820K, 19% free 8377K/10256K, paused 5ms+7ms, total 92ms
D/dalvikvm(  354): GC_CONCURRENT freed 759K, 54% free 6198K/13212K, paused 4ms+17ms, total 162ms
W/SocketClient(   54): write error (Broken pipe)
W/ActivityManager(  354): Launch timeout has expired, giving up wake lock!
D/dalvikvm( 1166): GC_CONCURRENT freed 1828K, 19% free 8396K/10268K, paused 5ms+5ms, total 150ms
D/AndroidRuntime( 1559): Shutting down VM
D/dalvikvm( 1559): GC_CONCURRENT freed 96K, 15% free 589K/688K, paused 3ms+4ms, total 20ms
W/SocketClient(   54): write error (Broken pipe)
D/dalvikvm( 1166): GC_CONCURRENT freed 1827K, 19% free 8410K/10288K, paused 5ms+23ms, total 128ms
W/SocketClient(   54): write error (Broken pipe)
D/dalvikvm( 1166): GC_CONCURRENT freed 1845K, 19% free 8423K/10316K, paused 14ms+25ms, total 149ms
D/dalvikvm(  354): GC_CONCURRENT freed 764K, 54% free 6198K/13212K, paused 5ms+8ms, total 198ms
W/SocketClient(   54): write error (Broken pipe)
D/AndroidRuntime( 1578): 
D/AndroidRuntime( 1578): >>>>>> AndroidRuntime START com.android.internal.os.RuntimeInit <<<<<<
D/AndroidRuntime( 1578): CheckJNI is ON
D/dalvikvm( 1578): Trying to load lib libjavacore.so 0x0
D/dalvikvm( 1578): Added shared lib libjavacore.so 0x0
D/dalvikvm( 1578): Trying to load lib libnativehelper.so 0x0
D/dalvikvm( 1578): Added shared lib libnativehelper.so 0x0
D/dalvikvm( 1578): No JNI_OnLoad found in libnativehelper.so 0x0, skipping init
D/dalvikvm( 1578): Note: class Landroid/app/ActivityManagerNative; has 179 unimplemented (abstract) methods
E/memtrack( 1578): Couldn't load memtrack module (No such file or directory)
E/android.os.Debug( 1578): failed to load memtrack module: -2
D/AndroidRuntime( 1578): Calling main entry com.android.commands.am.Am
W/SocketClient(   54): write error (Broken pipe)
I/ActivityManager(  354): START u0 {act=android.intent.action.MAIN cat=[android.intent.category.LAUNCHER] flg=0x10000000 cmp=com.kb.nsdtaiqiu/.Help.Eula} from pid 1578
D/dalvikvm( 1166): GC_CONCURRENT freed 1856K, 19% free 8406K/10324K, paused 5ms+10ms, total 123ms
W/ActivityManager(  354): Activity pause timeout for ActivityRecord{b36ead08 u0 com.kb.nsdtaiqiu/.Help.About t4}
W/SocketClient(   54): write error (Broken pipe)
D/dalvikvm( 1166): GC_CONCURRENT freed 1808K, 19% free 8416K/10324K, paused 5ms+15ms, total 101ms
W/SocketClient(   54): write error (Broken pipe)
D/dalvikvm( 1166): GC_CONCURRENT freed 1819K, 19% free 8424K/10324K, paused 4ms+6ms, total 102ms
D/dalvikvm(  354): GC_CONCURRENT freed 758K, 54% free 6199K/13212K, paused 5ms+4ms, total 140ms
W/SocketClient(   54): write error (Broken pipe)
D/dalvikvm( 1166): GC_CONCURRENT freed 1842K, 19% free 8430K/10332K, paused 5ms+14ms, total 140ms
W/SocketClient(   54): write error (Broken pipe)
D/dalvikvm( 1166): GC_CONCURRENT freed 1840K, 19% free 8456K/10336K, paused 5ms+5ms, total 151ms
W/ActivityManager(  354): Launch timeout has expired, giving up wake lock!
W/SocketClient(   54): write error (Broken pipe)
D/AndroidRuntime( 1578): Shutting down VM
D/dalvikvm( 1578): GC_CONCURRENT freed 96K, 15% free 589K/688K, paused 3ms+2ms, total 28ms
D/dalvikvm( 1166): GC_CONCURRENT freed 1853K, 19% free 8456K/10352K, paused 5ms+6ms, total 121ms
W/SocketClient(   54): write error (Broken pipe)
D/dalvikvm(  354): GC_CONCURRENT freed 759K, 54% free 6199K/13212K, paused 14ms+20ms, total 149ms
W/SocketClient(   54): write error (Broken pipe)
D/dalvikvm( 1166): GC_CONCURRENT freed 1840K, 19% free 8478K/10360K, paused 15ms+25ms, total 129ms
W/SocketClient(   54): write error (Broken pipe)
D/AndroidRuntime( 1597): 
D/AndroidRuntime( 1597): >>>>>> AndroidRuntime START com.android.internal.os.RuntimeInit <<<<<<
D/AndroidRuntime( 1597): CheckJNI is ON
D/dalvikvm( 1597): Trying to load lib libjavacore.so 0x0
D/dalvikvm( 1597): Added shared lib libjavacore.so 0x0
D/dalvikvm( 1597): Trying to load lib libnativehelper.so 0x0
D/dalvikvm( 1597): Added shared lib libnativehelper.so 0x0
D/dalvikvm( 1597): No JNI_OnLoad found in libnativehelper.so 0x0, skipping init
D/dalvikvm( 1597): Note: class Landroid/app/ActivityManagerNative; has 179 unimplemented (abstract) methods
D/dalvikvm( 1166): GC_CONCURRENT freed 1881K, 19% free 8491K/10420K, paused 10ms+73ms, total 361ms
E/memtrack( 1597): Couldn't load memtrack module (No such file or directory)
E/android.os.Debug( 1597): failed to load memtrack module: -2
D/AndroidRuntime( 1597): Calling main entry com.android.commands.am.Am
I/ActivityManager(  354): START u0 {act=android.intent.action.MAIN cat=[android.intent.category.LAUNCHER] flg=0x10000000 cmp=com.kb.nsdtaiqiu/.Help.ChatTerms} from pid 1597
W/ActivityManager(  354): Activity pause timeout for ActivityRecord{b31b16c0 u0 com.kb.nsdtaiqiu/.Help.Eula t4}
D/dalvikvm( 1166): GC_CONCURRENT freed 1859K, 19% free 8468K/10420K, paused 6ms+12ms, total 97ms
D/dalvikvm(  354): GC_CONCURRENT freed 757K, 54% free 6201K/13212K, paused 5ms+12ms, total 139ms
W/SocketClient(   54): write error (Broken pipe)
D/dalvikvm( 1166): GC_CONCURRENT freed 1844K, 19% free 8476K/10420K, paused 4ms+17ms, total 113ms
W/SocketClient(   54): write error (Broken pipe)
D/dalvikvm( 1166): GC_CONCURRENT freed 1846K, 19% free 8488K/10420K, paused 5ms+7ms, total 123ms
W/SocketClient(   54): write error (Broken pipe)
D/dalvikvm( 1166): GC_CONCURRENT freed 1880K, 19% free 8485K/10424K, paused 5ms+8ms, total 141ms
W/SocketClient(   54): write error (Broken pipe)
D/dalvikvm(  354): GC_CONCURRENT freed 763K, 54% free 6203K/13212K, paused 14ms+5ms, total 192ms
W/ActivityManager(  354): Launch timeout has expired, giving up wake lock!
D/AndroidRuntime( 1597): Shutting down VM
D/dalvikvm( 1597): GC_CONCURRENT freed 97K, 15% free 589K/688K, paused 3ms+3ms, total 25ms
W/SocketClient(   54): write error (Broken pipe)
D/dalvikvm( 1166): GC_CONCURRENT freed 1866K, 19% free 8495K/10424K, paused 3ms+15ms, total 140ms
W/SocketClient(   54): write error (Broken pipe)
D/dalvikvm( 1166): GC_CONCURRENT freed 1868K, 19% free 8521K/10432K, paused 3ms+15ms, total 148ms
W/SocketClient(   54): write error (Broken pipe)
D/dalvikvm( 1166): GC_CONCURRENT freed 1858K, 19% free 8518K/10432K, paused 13ms+5ms, total 201ms
D/AndroidRuntime( 1617): 
D/AndroidRuntime( 1617): >>>>>> AndroidRuntime START com.android.internal.os.RuntimeInit <<<<<<
D/AndroidRuntime( 1617): CheckJNI is ON
D/dalvikvm( 1617): Trying to load lib libjavacore.so 0x0
D/dalvikvm( 1617): Added shared lib libjavacore.so 0x0
D/dalvikvm( 1617): Trying to load lib libnativehelper.so 0x0
D/dalvikvm( 1617): Added shared lib libnativehelper.so 0x0
D/dalvikvm( 1617): No JNI_OnLoad found in libnativehelper.so 0x0, skipping init
W/SocketClient(   54): write error (Broken pipe)
D/dalvikvm( 1617): Note: class Landroid/app/ActivityManagerNative; has 179 unimplemented (abstract) methods
D/dalvikvm(  354): GC_CONCURRENT freed 759K, 54% free 6204K/13212K, paused 5ms+53ms, total 287ms
E/memtrack( 1617): Couldn't load memtrack module (No such file or directory)
E/android.os.Debug( 1617): failed to load memtrack module: -2
D/AndroidRuntime( 1617): Calling main entry com.android.commands.am.Am
I/ActivityManager(  354): START u0 {act=android.intent.action.MAIN cat=[android.intent.category.LAUNCHER] flg=0x10000000 cmp=com.kb.nsdtaiqiu/.Help.WebViewActivity} from pid 1617
W/ActivityManager(  354): Activity pause timeout for ActivityRecord{b3529818 u0 com.kb.nsdtaiqiu/.Help.ChatTerms t4}
W/SocketClient(   54): write error (Broken pipe)
D/dalvikvm( 1166): GC_CONCURRENT freed 1864K, 19% free 8543K/10456K, paused 16ms+22ms, total 150ms
W/SocketClient(   54): write error (Broken pipe)
D/dalvikvm( 1166): GC_CONCURRENT freed 1890K, 19% free 8578K/10476K, paused 5ms+6ms, total 174ms
W/SocketClient(   54): write error (Broken pipe)
D/dalvikvm( 1166): GC_CONCURRENT freed 1905K, 19% free 8573K/10500K, paused 5ms+6ms, total 140ms
W/SocketClient(   54): write error (Broken pipe)
D/dalvikvm(  354): GC_CONCURRENT freed 760K, 54% free 6206K/13212K, paused 5ms+14ms, total 171ms
W/SocketClient(   54): write error (Broken pipe)
D/dalvikvm( 1166): GC_CONCURRENT freed 1918K, 19% free 8551K/10528K, paused 13ms+16ms, total 129ms
W/ActivityManager(  354): Launch timeout has expired, giving up wake lock!
D/AndroidRuntime( 1617): Shutting down VM
D/dalvikvm( 1617): GC_CONCURRENT freed 97K, 15% free 589K/688K, paused 3ms+14ms, total 33ms
W/SocketClient(   54): write error (Broken pipe)
D/dalvikvm( 1166): GC_CONCURRENT freed 1886K, 19% free 8569K/10528K, paused 5ms+24ms, total 152ms
W/SocketClient(   54): write error (Broken pipe)
D/dalvikvm( 1166): GC_CONCURRENT freed 1893K, 19% free 8575K/10528K, paused 4ms+6ms, total 134ms
D/dalvikvm(  354): GC_CONCURRENT freed 764K, 54% free 6205K/13212K, paused 5ms+4ms, total 180ms
W/SocketClient(   54): write error (Broken pipe)
W/SocketClient(   54): write error (Broken pipe)
D/AndroidRuntime( 1636): 
D/AndroidRuntime( 1636): >>>>>> AndroidRuntime START com.android.internal.os.RuntimeInit <<<<<<
D/AndroidRuntime( 1636): CheckJNI is ON
D/dalvikvm( 1636): Trying to load lib libjavacore.so 0x0
D/dalvikvm( 1636): Added shared lib libjavacore.so 0x0
D/dalvikvm( 1636): Trying to load lib libnativehelper.so 0x0
D/dalvikvm( 1636): Added shared lib libnativehelper.so 0x0
D/dalvikvm( 1636): No JNI_OnLoad found in libnativehelper.so 0x0, skipping init
D/dalvikvm( 1166): GC_CONCURRENT freed 1867K, 19% free 8602K/10596K, paused 12ms+7ms, total 255ms
D/dalvikvm( 1636): Note: class Landroid/app/ActivityManagerNative; has 179 unimplemented (abstract) methods
E/memtrack( 1636): Couldn't load memtrack module (No such file or directory)
E/android.os.Debug( 1636): failed to load memtrack module: -2
D/AndroidRuntime( 1636): Calling main entry com.android.commands.am.Am
I/ActivityManager(  354): START u0 {act=android.intent.action.MAIN cat=[android.intent.category.LAUNCHER] flg=0x10000000 cmp=com.kb.nsdtaiqiu/.InfoActivity} from pid 1636
W/ActivityManager(  354): Activity pause timeout for ActivityRecord{b31e4288 u0 com.kb.nsdtaiqiu/.Help.WebViewActivity t4}
D/dalvikvm( 1166): GC_CONCURRENT freed 1889K, 19% free 8626K/10596K, paused 13ms+12ms, total 145ms
W/SocketClient(   54): write error (Broken pipe)
W/SocketClient(   54): write error (Broken pipe)
D/dalvikvm( 1166): GC_CONCURRENT freed 1929K, 19% free 8619K/10612K, paused 6ms+16ms, total 144ms
D/dalvikvm(  354): GC_CONCURRENT freed 768K, 54% free 6208K/13212K, paused 13ms+4ms, total 221ms
W/SocketClient(   54): write error (Broken pipe)
D/dalvikvm( 1166): GC_CONCURRENT freed 1880K, 19% free 8633K/10612K, paused 5ms+16ms, total 115ms
W/SocketClient(   54): write error (Broken pipe)
D/dalvikvm( 1166): GC_CONCURRENT freed 1914K, 19% free 8658K/10616K, paused 4ms+24ms, total 163ms
W/ActivityManager(  354): Launch timeout has expired, giving up wake lock!
W/SocketClient(   54): write error (Broken pipe)
D/AndroidRuntime( 1636): Shutting down VM
D/dalvikvm( 1636): GC_CONCURRENT freed 96K, 15% free 589K/688K, paused 2ms+1ms, total 20ms
D/dalvikvm( 1166): GC_CONCURRENT freed 1933K, 19% free 8668K/10628K, paused 5ms+9ms, total 200ms
D/dalvikvm(  354): GC_CONCURRENT freed 767K, 54% free 6209K/13212K, paused 6ms+19ms, total 284ms
W/SocketClient(   54): write error (Broken pipe)
D/dalvikvm( 1166): GC_CONCURRENT freed 1930K, 19% free 8655K/10640K, paused 5ms+15ms, total 153ms
W/SocketClient(   54): write error (Broken pipe)
D/AndroidRuntime( 1655): 
D/AndroidRuntime( 1655): >>>>>> AndroidRuntime START com.android.internal.os.RuntimeInit <<<<<<
D/AndroidRuntime( 1655): CheckJNI is ON
D/dalvikvm( 1655): Trying to load lib libjavacore.so 0x0
D/dalvikvm( 1655): Added shared lib libjavacore.so 0x0
D/dalvikvm( 1655): Trying to load lib libnativehelper.so 0x0
D/dalvikvm( 1655): Added shared lib libnativehelper.so 0x0
D/dalvikvm( 1655): No JNI_OnLoad found in libnativehelper.so 0x0, skipping init
