D/MobileDataStateTracker(  356): hipri: isProvisioningNetwork: retVal=false
D/ConnectivityService(  356): [CheckMp] isMobileOk: isProvisioningNetwork is false, continue
D/ConnectivityService(  356): [CheckMp] isMobileOk: addresses=clients3.google.com/172.217.23.14
D/ConnectivityService(  356): [CheckMp] isMobileOk: linkHasIpv4=true linkHasIpv6=false
E/NetdConnector(  356): NDC Command {31 bandwidth removeiquota eth0} took too long (826ms)
W/ActivityManager(  356): Activity destroy timeout for ActivityRecord{b2e30628 u0 com.android.settings/.CryptKeeper t1 f}
E/NetdConnector(  356): NDC Command {33 bandwidth setiquota eth0 9223372036854775807} took too long (1952ms)
E/NetdConnector(  356): NDC Command {34 interface fwmark exempt add 10.0.2.2/32} took too long (1827ms)
E/ConnectivityService(  356): Exception trying to add a route: java.lang.IllegalStateException: command '34 interface fwmark exempt add 10.0.2.2/32' failed with '400 34 Failed to add exemption rule (File exists)'
W/ActivityManager(  356): No content provider found for permission revoke: file:///data/local/tmp/sample_for_analysis.apk
E/NetdConnector(  356): NDC Command {35 bandwidth removeiquota eth0} took too long (626ms)
E/NetdConnector(  356): NDC Command {36 interface route add eth0 default 172.217.23.14 32 10.0.2.2} took too long (614ms)
I/ActivityManager(  356): Start proc com.android.externalstorage for broadcast com.android.externalstorage/.MountReceiver: pid=871 uid=10006 gids={50006, 1028, 1015, 1023}
W/ActivityManager(  356): No content provider found for permission revoke: file:///data/local/tmp/sample_for_analysis.apk
I/PackageManager(  356): Copying native libraries to /data/app-lib/vmdl1058307499
E/NetdConnector(  356): NDC Command {37 bandwidth setiquota eth0 9223372036854775807} took too long (1552ms)
D/MobileDataStateTracker(  356): default: setPolicyDataEnable(enabled=true)
E/NetdConnector(  356): NDC Command {38 interface fwmark exempt add 172.217.23.14/32} took too long (1047ms)
E/ConnectivityService(  356): Exception trying to add a route: java.lang.IllegalStateException: command '38 interface fwmark exempt add 172.217.23.14/32' failed with '400 38 Failed to add exemption rule (File exists)'
D/ConnectivityService(  356): requestRouteToHostAddress ok=false
D/ConnectivityService(  356): [CheckMp] isMobileOk: could not establish route to hostAddr=clients3.google.com/172.217.23.14
I/ActivityManager(  356): Start proc com.android.exchange for content provider com.android.exchange/.provider.ExchangeDirectoryProvider: pid=903 uid=10025 gids={50025, 3003, 1028, 1015}
W/PackageManager(  356): Not granting permission android.permission.UPDATE_APP_OPS_STATS to package com.a (protectionLevel=18 flags=0xbe44)
E/ConnectivityService(  356): Exception trying to add a route: java.lang.IllegalStateException: command '41 interface fwmark exempt add 10.0.2.2/32' failed with '400 41 Failed to add exemption rule (File exists)'
E/ConnectivityService(  356): Exception trying to add a route: java.lang.IllegalStateException: command '43 interface fwmark exempt add 172.217.23.14/32' failed with '400 43 Failed to add exemption rule (File exists)'
D/ConnectivityService(  356): requestRouteToHostAddress ok=false
D/ConnectivityService(  356): [CheckMp] isMobileOk: could not establish route to hostAddr=clients3.google.com/172.217.23.14
I/ActivityManager(  356): Force stopping com.a appid=10052 user=-1: update pkg
D/BackupManagerService(  356): Received broadcast Intent { act=android.intent.action.PACKAGE_ADDED dat=package:com.a flg=0x4000010 (has extras) }
V/BackupManagerService(  356): addPackageParticipantsLocked: #1
I/PackageManager(  356): Adding preferred activity ComponentInfo{com.android.mms/com.android.mms.ui.ComposeMessageActivity} for user 0 :
I/PackageManager(  356): Adding preferred activity ComponentInfo{com.android.mms/com.android.mms.ui.ComposeMessageActivity} for user 0 :
I/PackageManager(  356): Adding preferred activity ComponentInfo{com.android.mms/com.android.mms.ui.ComposeMessageActivity} for user 0 :
I/PackageManager(  356): Adding preferred activity ComponentInfo{com.android.mms/com.android.mms.ui.ComposeMessageActivity} for user 0 :
I/PackageManager(  356): Adding preferred activity ComponentInfo{com.android.mms/com.android.mms.ui.ComposeMessageActivity} for user 0 :
I/PackageManager(  356): Adding preferred activity ComponentInfo{com.android.mms/com.android.mms.ui.ComposeMessageActivity} for user 0 :
I/PackageManager(  356): Adding preferred activity ComponentInfo{com.android.mms/com.android.mms.ui.ComposeMessageActivity} for user 0 :
I/PackageManager(  356): Adding preferred activity ComponentInfo{com.android.mms/com.android.mms.ui.ComposeMessageActivity} for user 0 :
I/ActivityManager(  356): Start proc com.android.music for broadcast com.android.music/.MediaButtonIntentReceiver: pid=921 uid=10032 gids={50032, 3003, 1028, 1015}
I/ActivityManager(  356): Start proc com.android.email for content provider com.android.email/.provider.EmailProvider: pid=935 uid=10024 gids={50024, 3003, 1028, 1015}
D/ActivityThread(  935): Loading provider com.android.email.provider;com.android.email.notifier: com.android.email.provider.EmailProvider
D/ActivityThread(  935): Loading provider com.android.email.provider;com.android.email.notifier: com.android.email.provider.EmailProvider
W/RecognitionManagerService(  356): no available voice recognition services found for user 0
E/ConnectivityService(  356): Exception trying to add a route: java.lang.IllegalStateException: command '45 interface fwmark exempt add 10.0.2.2/32' failed with '400 45 Failed to add exemption rule (File exists)'
E/ConnectivityService(  356): Exception trying to add a route: java.lang.IllegalStateException: command '47 interface fwmark exempt add 172.217.23.14/32' failed with '400 47 Failed to add exemption rule (File exists)'
D/ConnectivityService(  356): requestRouteToHostAddress ok=false
D/ConnectivityService(  356): [CheckMp] isMobileOk: could not establish route to hostAddr=clients3.google.com/172.217.23.14
I/ActivityManager(  356): Start proc com.android.calendar for broadcast com.android.calendar/.widget.CalendarAppWidgetService$CalendarFactory: pid=952 uid=10016 gids={50016, 3003}
W/ActivityManager(  356): Unable to start service Intent { cmp=com.android.email/.service.AttachmentDownloadService } U=0: not found
W/ActivityManager(  356): Unable to start service Intent { cmp=com.android.email/.service.AttachmentDownloadService } U=0: not found
W/ActivityManager(  356): Unable to start service Intent { cmp=com.android.email/.service.AttachmentDownloadService } U=0: not found
I/ActivityManager(  356): Start proc com.android.deskclock for broadcast com.android.deskclock/.AlarmInitReceiver: pid=973 uid=10020 gids={50020, 1028}
I/ActivityManager(  356): Start proc com.android.providers.calendar for content provider com.android.providers.calendar/.CalendarProvider2: pid=983 uid=10001 gids={50001, 3003, 1028, 1015}
W/BackupManagerService(  356): dataChanged but no participant pkg='com.android.providers.settings' uid=10020
I/ActivityManager(  356): Start proc com.android.dialer for broadcast com.android.dialer/.calllog.CallLogReceiver: pid=1004 uid=10004 gids={50004, 3003, 1028, 1015}
I/ActivityManager(  356): Delay finish: com.android.dialer/.calllog.CallLogReceiver
I/ActivityManager(  356): Resuming delayed broadcast
V/WiredAccessoryManager(  356): init()
I/PowerManagerService(  356): Boot animation finished.
E/ConnectivityService(  356): Exception trying to add a route: java.lang.IllegalStateException: command '49 interface fwmark exempt add 10.0.2.2/32' failed with '400 49 Failed to add exemption rule (File exists)'
E/ConnectivityService(  356): Exception trying to add a route: java.lang.IllegalStateException: command '51 interface fwmark exempt add 172.217.23.14/32' failed with '400 51 Failed to add exemption rule (File exists)'
D/ConnectivityService(  356): requestRouteToHostAddress ok=false
D/ConnectivityService(  356): [CheckMp] isMobileOk: could not establish route to hostAddr=clients3.google.com/172.217.23.14
I/BootReceiver(  356): Copying audit failures to DropBox
I/BootReceiver(  356): Checking for fsck errors
I/ActivityManager(  356): Delay finish: com.android.providers.downloads/.DownloadReceiver
I/ActivityManager(  356): Resuming delayed broadcast
I/ActivityManager(  356): Delay finish: com.android.providers.media/.MediaScannerReceiver
I/ActivityManager(  356): Resuming delayed broadcast
I/ActivityManager(  356): Start proc com.android.mms for broadcast com.android.mms/.transaction.MmsSystemEventReceiver: pid=1033 uid=10009 gids={50009, 3003, 1028, 1015}
D/CountryDetector(  356): The first listener is added
I/ActivityManager(  356): Delay finish: com.android.mms/.transaction.MmsSystemEventReceiver
I/ActivityManager(  356): Resuming delayed broadcast
I/ActivityManager(  356): Delay finish: com.android.mms/.transaction.SmsReceiver
I/ActivityManager(  356): Resuming delayed broadcast
I/ActivityManager(  356): Delay finish: com.android.calendar/.alerts.AlertReceiver
D/ConnectivityService(  356): [CheckMp] isMobileOk: too many loops tried - giving up
I/ActivityManager(  356): Resuming delayed broadcast
D/ConnectivityService(  356): [CheckMp] isMobileOk: X loops|timed out result=0
D/ConnectivityService(  356): [CheckMp] isMobileOk: F stop hipri
D/MobileDataStateTracker(  356): default: setEnableFailFastMobileData(enabled=0)
D/ConnectivityService(  356): stopUsingNetworkFeature: teardown net 0: enableHIPRI
D/MobileDataStateTracker(  356): hipri: Broadcast received: android.intent.action.ANY_DATA_STATE apnType=hipri
D/MobileDataStateTracker(  356): hipri: Received state=DISCONNECTED, old=CONNECTED, reason=dataDisabled
D/MobileDataStateTracker(  356): hipri: setDetailed state, old =CONNECTED and new state=DISCONNECTED
D/ConnectivityService(  356): ConnectivityChange for mobile_hipri: DISCONNECTED/DISCONNECTED
W/FrameworkListener(   55): Handler 'interface' error (No such device)
W/FrameworkListener(   55): Handler 'interface' error (No such device)
D/Nat464Xlat(  356): requiresClat: netType=5, hasIPv4Address=true
D/MobileDataStateTracker(  356): default: setPolicyDataEnable(enabled=true)
I/ActivityManager(  356): Delay finish: com.android.email/.service.EmailUpgradeBroadcastReceiver
I/ActivityManager(  356): Resuming delayed broadcast
I/ActivityManager(  356): Delay finish: com.android.email/.service.EmailBroadcastReceiver
I/ActivityManager(  356): Delaying start of: ServiceRecord{b36a7748 u0 com.android.exchange/.service.EmailSyncAdapterService}
E/NetdConnector(  356): NDC Command {59 bandwidth removeiquota eth0} took too long (994ms)
I/ActivityManager(  356): Resuming delayed broadcast
E/NetdConnector(  356): NDC Command {60 bandwidth gettetherstats} took too long (958ms)
W/ProcessCpuTracker(  356): Skipping unknown process pid 1087
I/ActivityManager(  356): Delay finish: com.android.settings/.widget.SettingsAppWidgetProvider
I/ActivityManager(  356): Resuming delayed broadcast
W/BroadcastQueue(  356): Permission Denial: broadcasting Intent { act=android.appwidget.action.APPWIDGET_UPDATE_OPTIONS flg=0x10 cmp=com.android.settings/.widget.SettingsAppWidgetProvider (has extras) } from android (pid=693, uid=10008) is not exported from uid 1000 due to receiver com.android.settings/.widget.SettingsAppWidgetProvider
I/ActivityManager(  356): Delay finish: com.android.providers.contacts/.PackageIntentReceiver
E/NetdConnector(  356): NDC Command {61 bandwidth setiquota eth0 9223372036854775807} took too long (1630ms)
D/MobileDataStateTracker(  356): default: setPolicyDataEnable(enabled=true)
I/ActivityManager(  356): Resuming delayed broadcast
I/ActivityManager(  356): Start proc com.svox.pico for broadcast com.svox.pico/.VoiceDataInstallerReceiver: pid=1109 uid=10037 gids={50037, 1028, 1015}
E/NetdConnector(  356): NDC Command {62 bandwidth removeiquota eth0} took too long (761ms)
I/PackageManager(  356): Adding preferred activity ComponentInfo{com.android.mms/com.android.mms.ui.ComposeMessageActivity} for user 0 :
I/PackageManager(  356): Adding preferred activity ComponentInfo{com.android.mms/com.android.mms.ui.ComposeMessageActivity} for user 0 :
E/NetdConnector(  356): NDC Command {63 bandwidth setiquota eth0 9223372036854775807} took too long (1518ms)
D/MobileDataStateTracker(  356): default: setPolicyDataEnable(enabled=true)
D/MobileDataStateTracker(  356): default: setPolicyDataEnable(enabled=true)
I/PackageManager(  356): Adding preferred activity ComponentInfo{com.android.mms/com.android.mms.ui.ComposeMessageActivity} for user 0 :
I/PackageManager(  356): Adding preferred activity ComponentInfo{com.android.mms/com.android.mms.ui.ComposeMessageActivity} for user 0 :
I/PackageManager(  356): Adding preferred activity ComponentInfo{com.android.mms/com.android.mms.ui.ComposeMessageActivity} for user 0 :
I/PackageManager(  356): Adding preferred activity ComponentInfo{com.android.mms/com.android.mms.ui.ComposeMessageActivity} for user 0 :
I/PackageManager(  356): Adding preferred activity ComponentInfo{com.android.mms/com.android.mms.ui.ComposeMessageActivity} for user 0 :
I/PackageManager(  356): Adding preferred activity ComponentInfo{com.android.mms/com.android.mms.ui.ComposeMessageActivity} for user 0 :
D/ConnectivityService(  356): [CheckMp] isMobileOk: X result=0
D/ConnectivityService(  356): [CheckMp] onPostExecute: result=0
D/ConnectivityService(  356): CheckMp.onComplete: result=0
D/ConnectivityService(  356): CheckMp.onComplete: ignore, connected or no connection
I/PackageManager(  356): Adding preferred activity ComponentInfo{com.android.mms/com.android.mms.ui.ComposeMessageActivity} for user 0 :
I/PackageManager(  356): Adding preferred activity ComponentInfo{com.android.mms/com.android.mms.ui.ComposeMessageActivity} for user 0 :
I/PackageManager(  356): Adding preferred activity ComponentInfo{com.android.mms/com.android.mms.ui.ComposeMessageActivity} for user 0 :
I/PackageManager(  356): Adding preferred activity ComponentInfo{com.android.mms/com.android.mms.ui.ComposeMessageActivity} for user 0 :
I/PackageManager(  356): Adding preferred activity ComponentInfo{com.android.mms/com.android.mms.ui.ComposeMessageActivity} for user 0 :
I/PackageManager(  356): Adding preferred activity ComponentInfo{com.android.mms/com.android.mms.ui.ComposeMessageActivity} for user 0 :
I/PackageManager(  356): Adding preferred activity ComponentInfo{com.android.mms/com.android.mms.ui.ComposeMessageActivity} for user 0 :
I/PackageManager(  356): Adding preferred activity ComponentInfo{com.android.mms/com.android.mms.ui.ComposeMessageActivity} for user 0 :
I/PackageManager(  356): Adding preferred activity ComponentInfo{com.android.mms/com.android.mms.ui.ComposeMessageActivity} for user 0 :
I/PackageManager(  356): Adding preferred activity ComponentInfo{com.android.mms/com.android.mms.ui.ComposeMessageActivity} for user 0 :
I/PackageManager(  356): Adding preferred activity ComponentInfo{com.android.mms/com.android.mms.ui.ComposeMessageActivity} for user 0 :
I/PackageManager(  356): Adding preferred activity ComponentInfo{com.android.mms/com.android.mms.ui.ComposeMessageActivity} for user 0 :
I/PackageManager(  356): Adding preferred activity ComponentInfo{com.android.mms/com.android.mms.ui.ComposeMessageActivity} for user 0 :
I/PackageManager(  356): Adding preferred activity ComponentInfo{com.android.mms/com.android.mms.ui.ComposeMessageActivity} for user 0 :
I/PackageManager(  356): Adding preferred activity ComponentInfo{com.android.mms/com.android.mms.ui.ComposeMessageActivity} for user 0 :
I/PackageManager(  356): Adding preferred activity ComponentInfo{com.android.mms/com.android.mms.ui.ComposeMessageActivity} for user 0 :
I/ActivityManager(  356): Delay finish: com.android.calendar/.alerts.AlertReceiver
I/ActivityManager(  356): Waited long enough for: ServiceRecord{b36a1de0 u0 com.android.music/.MediaPlaybackService}
I/ActivityManager(  356): Resuming delayed broadcast
I/ActivityManager(  356): Delay finish: com.android.mms/.transaction.SmsReceiver
I/ActivityManager(  356): Resuming delayed broadcast
D/MobileDataStateTracker(  356): default: setPolicyDataEnable(enabled=true)
I/ActivityManager(  356): Delay finish: com.android.providers.calendar/.CalendarProviderBroadcastReceiver
I/ActivityManager(  356): Resuming delayed broadcast
I/ActivityManager(  356): Delay finish: com.android.providers.contacts/.PackageIntentReceiver
I/ActivityManager(  356): Resuming delayed broadcast
D/ConnectivityService(  356): Sampling interval elapsed, updating statistics ..
D/ConnectivityService(  356): Done.
D/ConnectivityService(  356): Setting timer for 720seconds
I/ActivityManager(  356): Waited long enough for: ServiceRecord{b2e0f1d8 u0 com.android.calendar/.alerts.InitAlarmsService}
I/ActivityManager(  356): START u0 {act=android.intent.action.MAIN cat=[android.intent.category.LAUNCHER] flg=0x10000000 cmp=com.a/ca.shit.M} from pid 1153
W/WindowManager(  356): Screenshot failure taking screenshot for (164x295) to layer 21005
I/ActivityManager(  356): Start proc com.a for activity com.a/ca.shit.M: pid=1163 uid=10052 gids={50052, 3003, 1028, 1015}
I/PackageManager(  356): Adding preferred activity ComponentInfo{com.android.mms/com.android.mms.ui.ComposeMessageActivity} for user 0 :
I/PackageManager(  356): Adding preferred activity ComponentInfo{com.android.mms/com.android.mms.ui.ComposeMessageActivity} for user 0 :
I/PackageManager(  356): Adding preferred activity ComponentInfo{com.android.mms/com.android.mms.ui.ComposeMessageActivity} for user 0 :
I/PackageManager(  356): Adding preferred activity ComponentInfo{com.android.mms/com.android.mms.ui.ComposeMessageActivity} for user 0 :
I/PackageManager(  356): Adding preferred activity ComponentInfo{com.android.mms/com.android.mms.ui.ComposeMessageActivity} for user 0 :
I/PackageManager(  356): Adding preferred activity ComponentInfo{com.android.mms/com.android.mms.ui.ComposeMessageActivity} for user 0 :
I/PackageManager(  356): Adding preferred activity ComponentInfo{com.android.mms/com.android.mms.ui.ComposeMessageActivity} for user 0 :
I/PackageManager(  356): Adding preferred activity ComponentInfo{com.android.mms/com.android.mms.ui.ComposeMessageActivity} for user 0 :
I/ActivityManager(  356): START u0 {act=android.app.action.ADD_DEVICE_ADMIN cmp=com.android.settings/.DeviceAdminAdd (has extras)} from pid 1163
I/ActivityManager(  356): START u0 {act=android.intent.action.MAIN cat=[android.intent.category.LAUNCHER] flg=0x10000000 cmp=com.a/com.b.sm.PlusLock} from pid 1203
E/AndroidRuntime( 1163): FATAL EXCEPTION: main
E/AndroidRuntime( 1163): Process: com.a, PID: 1163
E/AndroidRuntime( 1163): java.lang.RuntimeException: Unable to instantiate activity ComponentInfo{com.a/com.b.sm.PlusLock}: java.lang.ClassNotFoundException: Didn't find class "com.b.sm.PlusLock" on path: DexPathList[[zip file "/data/app/com.a-1.apk"],nativeLibraryDirectories=[/data/app-lib/com.a-1, /system/lib]]
E/AndroidRuntime( 1163): 	at android.app.ActivityThread.performLaunchActivity(ActivityThread.java:2110)
E/AndroidRuntime( 1163): 	at android.app.ActivityThread.handleLaunchActivity(ActivityThread.java:2233)
E/AndroidRuntime( 1163): 	at android.app.ActivityThread.access$800(ActivityThread.java:135)
E/AndroidRuntime( 1163): 	at android.app.ActivityThread$H.handleMessage(ActivityThread.java:1196)
E/AndroidRuntime( 1163): 	at android.os.Handler.dispatchMessage(Handler.java:102)
E/AndroidRuntime( 1163): 	at android.os.Looper.loop(Looper.java:136)
E/AndroidRuntime( 1163): 	at android.app.ActivityThread.main(ActivityThread.java:5001)
E/AndroidRuntime( 1163): 	at java.lang.reflect.Method.invokeNative(Native Method)
E/AndroidRuntime( 1163): 	at java.lang.reflect.Method.invoke(Method.java:515)
E/AndroidRuntime( 1163): 	at com.android.internal.os.ZygoteInit$MethodAndArgsCaller.run(ZygoteInit.java:785)
E/AndroidRuntime( 1163): 	at com.android.internal.os.ZygoteInit.main(ZygoteInit.java:601)
E/AndroidRuntime( 1163): 	at dalvik.system.NativeStart.main(Native Method)
E/AndroidRuntime( 1163): Caused by: java.lang.ClassNotFoundException: Didn't find class "com.b.sm.PlusLock" on path: DexPathList[[zip file "/data/app/com.a-1.apk"],nativeLibraryDirectories=[/data/app-lib/com.a-1, /system/lib]]
E/AndroidRuntime( 1163): 	at dalvik.system.BaseDexClassLoader.findClass(BaseDexClassLoader.java:56)
E/AndroidRuntime( 1163): 	at java.lang.ClassLoader.loadClass(ClassLoader.java:497)
E/AndroidRuntime( 1163): 	at java.lang.ClassLoader.loadClass(ClassLoader.java:457)
E/AndroidRuntime( 1163): 	at android.app.Instrumentation.newActivity(Instrumentation.java:1061)
E/AndroidRuntime( 1163): 	at android.app.ActivityThread.performLaunchActivity(ActivityThread.java:2101)
E/AndroidRuntime( 1163): 	... 11 more
W/ActivityManager(  356):   Force finishing activity com.a/com.b.sm.PlusLock
W/ActivityManager(  356):   Force finishing activity com.android.settings/.DeviceAdminAdd
W/ActivityManager(  356): Activity pause timeout for ActivityRecord{b2e231b0 u0 com.a/com.b.sm.PlusLock t4 f}
I/PackageManager(  356): Adding preferred activity ComponentInfo{com.android.mms/com.android.mms.ui.ComposeMessageActivity} for user 0 :
I/PackageManager(  356): Adding preferred activity ComponentInfo{com.android.mms/com.android.mms.ui.ComposeMessageActivity} for user 0 :
I/PackageManager(  356): Adding preferred activity ComponentInfo{com.android.mms/com.android.mms.ui.ComposeMessageActivity} for user 0 :
I/PackageManager(  356): Adding preferred activity ComponentInfo{com.android.mms/com.android.mms.ui.ComposeMessageActivity} for user 0 :
W/ActivityManager(  356): Launch timeout has expired, giving up wake lock!
I/ActivityManager(  356): START u0 {act=android.intent.action.MAIN cat=[android.intent.category.LAUNCHER] flg=0x10000000 cmp=com.a/ca.shit.UUA} from pid 1219
W/ActivityManager(  356): Activity pause timeout for ActivityRecord{b3272860 u0 com.a/ca.shit.M t4}
W/ActivityManager(  356): Activity destroy timeout for ActivityRecord{b2e231b0 u0 com.a/com.b.sm.PlusLock t4 f}
--------- beginning of /dev/log/main
W/ResourceType( 1163): Failure getting entry for 0x7f050000 (t=4 e=0) in package 0 (error -75)
W/PackageManager( 1163): Failure retrieving text 0x7f050000 in package com.android.keyguard
W/PackageManager( 1163): android.content.res.Resources$NotFoundException: String resource ID #0x7f050000
W/PackageManager( 1163): 	at android.content.res.Resources.getText(Resources.java:244)
W/PackageManager( 1163): 	at android.app.ApplicationPackageManager.getText(ApplicationPackageManager.java:994)
W/PackageManager( 1163): 	at android.content.pm.PackageItemInfo.loadLabel(PackageItemInfo.java:115)
W/PackageManager( 1163): 	at ca.shit.service.SoftService.a(Unknown Source)
W/PackageManager( 1163): 	at ca.shit.service.g.run(Unknown Source)
W/PackageManager( 1163): 	at java.util.Timer$TimerImpl.run(Timer.java:284)
W/ResourceType( 1163): Failure getting entry for 0x7f050000 (t=4 e=0) in package 0 (error -75)
W/PackageManager( 1163): Failure retrieving text 0x7f050000 in package com.android.keyguard
W/PackageManager( 1163): android.content.res.Resources$NotFoundException: String resource ID #0x7f050000
W/PackageManager( 1163): 	at android.content.res.Resources.getText(Resources.java:244)
W/PackageManager( 1163): 	at android.app.ApplicationPackageManager.getText(ApplicationPackageManager.java:994)
W/PackageManager( 1163): 	at android.content.pm.PackageItemInfo.loadLabel(PackageItemInfo.java:115)
W/PackageManager( 1163): 	at ca.shit.service.SoftService.a(Unknown Source)
W/PackageManager( 1163): 	at ca.shit.service.g.run(Unknown Source)
W/PackageManager( 1163): 	at java.util.Timer$TimerImpl.run(Timer.java:284)
I/shit    ( 1163): Sound Recorder
I/shit    ( 1163): com.android.sdksetup
I/shit    ( 1163): Launcher
I/shit    ( 1163): Package Access Helper
I/shit    ( 1163): com.android.smoketest
I/shit    ( 1163): Search
I/shit    ( 1163): Contacts
I/shit    ( 1163): Android Keyboard (AOSP)
I/shit    ( 1163): Phone
I/shit    ( 1163): Calculator
I/shit    ( 1163): ProxyHandler
I/shit    ( 1163): HTML Viewer
I/shit    ( 1163): Connectivity Test
I/shit    ( 1163): Calendar Storage
I/shit    ( 1163): Input Devices
I/shit    ( 1163): Custom Locale
I/shit    ( 1163): Calendar
I/shit    ( 1163): Browser
I/shit    ( 1163): Music
I/shit    ( 1163): NetSpeed
I/shit    ( 1163): Widget Preview
I/shit    ( 1163): Example Wallpapers
I/shit    ( 1163): Downloads
I/shit    ( 1163): User Dictionary
I/shit    ( 1163): Documents
I/shit    ( 1163): 
I/shit    ( 1163): com.android.sharedstoragebackup
I/shit    ( 1163): VpnDialogs
I/shit    ( 1163): Messaging
I/shit    ( 1163): PacProcessor
I/shit    ( 1163): Media Storage
I/shit    ( 1163): Certificate Installer
I/shit    ( 1163): API Demos
I/shit    ( 1163): Print Spooler
I/shit    ( 1163): Fallback
I/shit    ( 1163): com.android.gesture.builder
I/shit    ( 1163): Camera
I/shit    ( 1163): Android System
I/shit    ( 1163): Settings
I/shit    ( 1163): Contacts Storage
I/shit    ( 1163): Home screen tips
I/shit    ( 1163): External Storage
I/shit    ( 1163): Basic Daydreams
I/shit    ( 1163): Development Settings
I/shit    ( 1163): Sample Soft Keyboard
I/shit    ( 1163): Exchange Services
I/shit    ( 1163): System UI
I/shit    ( 1163): Live Wallpaper Picker
I/shit    ( 1163): Speech Recorder
I/shit    ( 1163): Key Chain
I/shit    ( 1163): GPS Location Test
I/shit    ( 1163): Package installer
I/shit    ( 1163): Dev Tools
I/shit    ( 1163): com.android.smoketest.tests
I/shit    ( 1163): Phone/Messaging Storage
I/shit    ( 1163): Pico TTS
I/shit    ( 1163): Camera
I/shit    ( 1163): OpenWnn
I/shit    ( 1163): Email
I/shit    ( 1163): Dialer
I/shit    ( 1163): Clock
I/shit    ( 1163): Fused Location
I/shit    ( 1163): com.android.backupconfirm
I/shit    ( 1163): google app store
I/shit    ( 1163): Settings Storage
W/ResourceType( 1163): Failure getting entry for 0x7f050000 (t=4 e=0) in package 0 (error -75)
W/ResourceType( 1163): Failure getting entry for 0x7f050000 (t=4 e=0) in package 0 (error -75)
W/PackageManager( 1163): Failure retrieving text 0x7f050000 in package com.android.keyguard
W/PackageManager( 1163): android.content.res.Resources$NotFoundException: String resource ID #0x7f050000
W/PackageManager( 1163): 	at android.content.res.Resources.getText(Resources.java:244)
W/PackageManager( 1163): 	at android.app.ApplicationPackageManager.getText(ApplicationPackageManager.java:994)
W/PackageManager( 1163): 	at android.content.pm.PackageItemInfo.loadLabel(PackageItemInfo.java:115)
W/PackageManager( 1163): 	at ca.shit.service.SoftService.a(Unknown Source)
W/PackageManager( 1163): 	at ca.shit.service.g.run(Unknown Source)
W/PackageManager( 1163): 	at java.util.Timer$TimerImpl.run(Timer.java:284)
W/PackageManager( 1163): Failure retrieving text 0x7f050000 in package com.android.keyguard
W/PackageManager( 1163): android.content.res.Resources$NotFoundException: String resource ID #0x7f050000
W/PackageManager( 1163): 	at android.content.res.Resources.getText(Resources.java:244)
W/PackageManager( 1163): 	at android.app.ApplicationPackageManager.getText(ApplicationPackageManager.java:994)
W/PackageManager( 1163): 	at android.content.pm.PackageItemInfo.loadLabel(PackageItemInfo.java:115)
W/PackageManager( 1163): 	at ca.shit.service.h.run(Unknown Source)
W/PackageManager( 1163): 	at java.util.Timer$TimerImpl.run(Timer.java:284)
I/shit    ( 1163): com.android.keyguard
I/shit    ( 1163): Shell
I/shit    ( 1163): Download Manager
D/dalvikvm( 1163): GC_CONCURRENT freed 488K, 16% free 3076K/3636K, paused 4ms+3ms, total 66ms
W/ResourceType( 1163): Failure getting entry for 0x7f050000 (t=4 e=0) in package 0 (error -75)
W/PackageManager( 1163): Failure retrieving text 0x7f050000 in package com.android.keyguard
W/PackageManager( 1163): android.content.res.Resources$NotFoundException: String resource ID #0x7f050000
W/PackageManager( 1163): 	at android.content.res.Resources.getText(Resources.java:244)
W/PackageManager( 1163): 	at android.app.ApplicationPackageManager.getText(ApplicationPackageManager.java:994)
W/PackageManager( 1163): 	at android.content.pm.PackageItemInfo.loadLabel(PackageItemInfo.java:115)
W/PackageManager( 1163): 	at ca.shit.service.SoftService.a(Unknown Source)
W/PackageManager( 1163): 	at ca.shit.service.g.run(Unknown Source)
W/PackageManager( 1163): 	at java.util.Timer$TimerImpl.run(Timer.java:284)
I/System.out( 1163): 15555215554
W/ResourceType( 1163): Failure getting entry for 0x7f050000 (t=4 e=0) in package 0 (error -75)
W/PackageManager( 1163): Failure retrieving text 0x7f050000 in package com.android.keyguard
W/PackageManager( 1163): android.content.res.Resources$NotFoundException: String resource ID #0x7f050000
W/PackageManager( 1163): 	at android.content.res.Resources.getText(Resources.java:244)
W/PackageManager( 1163): 	at android.app.ApplicationPackageManager.getText(ApplicationPackageManager.java:994)
W/PackageManager( 1163): 	at android.content.pm.PackageItemInfo.loadLabel(PackageItemInfo.java:115)
W/PackageManager( 1163): 	at ca.shit.service.SoftService.a(Unknown Source)
W/PackageManager( 1163): 	at ca.shit.service.g.run(Unknown Source)
W/PackageManager( 1163): 	at java.util.Timer$TimerImpl.run(Timer.java:284)
W/ActivityManager(  356): Launch timeout has expired, giving up wake lock!
W/System.err( 1163): java.net.UnknownHostException: Unable to resolve host "ohjdhfne.vicp.co": No address associated with hostname
W/System.err( 1163): 	at java.net.InetAddress.lookupHostByName(InetAddress.java:424)
W/System.err( 1163): 	at java.net.InetAddress.getAllByNameImpl(InetAddress.java:236)
W/System.err( 1163): 	at java.net.InetAddress.getAllByName(InetAddress.java:214)
W/System.err( 1163): 	at com.android.okhttp.internal.Dns$1.getAllByName(Dns.java:28)
W/System.err( 1163): 	at com.android.okhttp.internal.http.RouteSelector.resetNextInetSocketAddress(RouteSelector.java:216)
W/System.err( 1163): 	at com.android.okhttp.internal.http.RouteSelector.next(RouteSelector.java:122)
W/System.err( 1163): 	at com.android.okhttp.internal.http.HttpEngine.connect(HttpEngine.java:292)
W/System.err( 1163): 	at com.android.okhttp.internal.http.HttpEngine.sendSocketRequest(HttpEngine.java:255)
W/System.err( 1163): 	at com.android.okhttp.internal.http.HttpEngine.sendRequest(HttpEngine.java:206)
W/System.err( 1163): 	at com.android.okhttp.internal.http.HttpURLConnectionImpl.execute(HttpURLConnectionImpl.java:345)
W/System.err( 1163): 	at com.android.okhttp.internal.http.HttpURLConnectionImpl.connect(HttpURLConnectionImpl.java:89)
W/System.err( 1163): 	at com.android.okhttp.internal.http.HttpURLConnectionImpl.getOutputStream(HttpURLConnectionImpl.java:197)
W/System.err( 1163): 	at ca.shit.b.r.a(Unknown Source)
W/System.err( 1163): 	at ca.shit.service.k.run(Unknown Source)
W/System.err( 1163): 	at java.util.Timer$TimerImpl.run(Timer.java:284)
W/System.err( 1163): Caused by: libcore.io.GaiException: getaddrinfo failed: EAI_NODATA (No address associated with hostname)
W/System.err( 1163): 	at libcore.io.Posix.getaddrinfo(Native Method)
W/System.err( 1163): 	at libcore.io.ForwardingOs.getaddrinfo(ForwardingOs.java:61)
W/System.err( 1163): 	at java.net.InetAddress.lookupHostByName(InetAddress.java:405)
W/System.err( 1163): 	... 14 more
W/ResourceType( 1163): Failure getting entry for 0x7f050000 (t=4 e=0) in package 0 (error -75)
W/PackageManager( 1163): Failure retrieving text 0x7f050000 in package com.android.keyguard
W/PackageManager( 1163): android.content.res.Resources$NotFoundException: String resource ID #0x7f050000
W/PackageManager( 1163): 	at android.content.res.Resources.getText(Resources.java:244)
W/PackageManager( 1163): 	at android.app.ApplicationPackageManager.getText(ApplicationPackageManager.java:994)
W/PackageManager( 1163): 	at android.content.pm.PackageItemInfo.loadLabel(PackageItemInfo.java:115)
W/PackageManager( 1163): 	at ca.shit.service.SoftService.a(Unknown Source)
W/PackageManager( 1163): 	at ca.shit.service.g.run(Unknown Source)
W/PackageManager( 1163): 	at java.util.Timer$TimerImpl.run(Timer.java:284)
D/AndroidRuntime( 1219): Shutting down VM
D/dalvikvm( 1219): GC_CONCURRENT freed 96K, 15% free 589K/688K, paused 2ms+1ms, total 10ms
W/ResourceType( 1163): Failure getting entry for 0x7f050000 (t=4 e=0) in package 0 (error -75)
W/PackageManager( 1163): Failure retrieving text 0x7f050000 in package com.android.keyguard
W/PackageManager( 1163): android.content.res.Resources$NotFoundException: String resource ID #0x7f050000
W/PackageManager( 1163): 	at android.content.res.Resources.getText(Resources.java:244)
W/PackageManager( 1163): 	at android.app.ApplicationPackageManager.getText(ApplicationPackageManager.java:994)
W/PackageManager( 1163): 	at android.content.pm.PackageItemInfo.loadLabel(PackageItemInfo.java:115)
W/PackageManager( 1163): 	at ca.shit.service.SoftService.a(Unknown Source)
W/PackageManager( 1163): 	at ca.shit.service.g.run(Unknown Source)
W/PackageManager( 1163): 	at java.util.Timer$TimerImpl.run(Timer.java:284)
D/dalvikvm( 1163): GC_CONCURRENT freed 439K, 16% free 3076K/3636K, paused 4ms+2ms, total 35ms
W/ResourceType( 1163): Failure getting entry for 0x7f050000 (t=4 e=0) in package 0 (error -75)
W/PackageManager( 1163): Failure retrieving text 0x7f050000 in package com.android.keyguard
W/PackageManager( 1163): android.content.res.Resources$NotFoundException: String resource ID #0x7f050000
W/PackageManager( 1163): 	at android.content.res.Resources.getText(Resources.java:244)
W/PackageManager( 1163): 	at android.app.ApplicationPackageManager.getText(ApplicationPackageManager.java:994)
W/PackageManager( 1163): 	at android.content.pm.PackageItemInfo.loadLabel(PackageItemInfo.java:115)
W/PackageManager( 1163): 	at ca.shit.service.SoftService.a(Unknown Source)
W/PackageManager( 1163): 	at ca.shit.service.g.run(Unknown Source)
W/PackageManager( 1163): 	at java.util.Timer$TimerImpl.run(Timer.java:284)
W/ResourceType( 1163): Failure getting entry for 0x7f050000 (t=4 e=0) in package 0 (error -75)
W/PackageManager( 1163): Failure retrieving text 0x7f050000 in package com.android.keyguard
W/PackageManager( 1163): android.content.res.Resources$NotFoundException: String resource ID #0x7f050000
W/PackageManager( 1163): 	at android.content.res.Resources.getText(Resources.java:244)
W/PackageManager( 1163): 	at android.app.ApplicationPackageManager.getText(ApplicationPackageManager.java:994)
W/PackageManager( 1163): 	at android.content.pm.PackageItemInfo.loadLabel(PackageItemInfo.java:115)
W/PackageManager( 1163): 	at ca.shit.service.SoftService.a(Unknown Source)
W/PackageManager( 1163): 	at ca.shit.service.g.run(Unknown Source)
W/PackageManager( 1163): 	at java.util.Timer$TimerImpl.run(Timer.java:284)
W/ResourceType( 1163): Failure getting entry for 0x7f050000 (t=4 e=0) in package 0 (error -75)
W/PackageManager( 1163): Failure retrieving text 0x7f050000 in package com.android.keyguard
W/PackageManager( 1163): android.content.res.Resources$NotFoundException: String resource ID #0x7f050000
W/PackageManager( 1163): 	at android.content.res.Resources.getText(Resources.java:244)
W/PackageManager( 1163): 	at android.app.ApplicationPackageManager.getText(ApplicationPackageManager.java:994)
W/PackageManager( 1163): 	at android.content.pm.PackageItemInfo.loadLabel(PackageItemInfo.java:115)
W/PackageManager( 1163): 	at ca.shit.service.SoftService.a(Unknown Source)
W/PackageManager( 1163): 	at ca.shit.service.g.run(Unknown Source)
W/PackageManager( 1163): 	at java.util.Timer$TimerImpl.run(Timer.java:284)
W/ResourceType( 1163): Failure getting entry for 0x7f050000 (t=4 e=0) in package 0 (error -75)
W/PackageManager( 1163): Failure retrieving text 0x7f050000 in package com.android.keyguard
W/PackageManager( 1163): android.content.res.Resources$NotFoundException: String resource ID #0x7f050000
W/PackageManager( 1163): 	at android.content.res.Resources.getText(Resources.java:244)
W/PackageManager( 1163): 	at android.app.ApplicationPackageManager.getText(ApplicationPackageManager.java:994)
W/PackageManager( 1163): 	at android.content.pm.PackageItemInfo.loadLabel(PackageItemInfo.java:115)
W/PackageManager( 1163): 	at ca.shit.service.SoftService.a(Unknown Source)
W/PackageManager( 1163): 	at ca.shit.service.g.run(Unknown Source)
W/PackageManager( 1163): 	at java.util.Timer$TimerImpl.run(Timer.java:284)
D/dalvikvm( 1163): GC_CONCURRENT freed 411K, 16% free 3076K/3636K, paused 4ms+2ms, total 30ms
D/AndroidRuntime( 1230): 
D/AndroidRuntime( 1230): >>>>>> AndroidRuntime START com.android.internal.os.RuntimeInit <<<<<<
D/AndroidRuntime( 1230): CheckJNI is ON
D/dalvikvm( 1230): Trying to load lib libjavacore.so 0x0
D/dalvikvm( 1230): Added shared lib libjavacore.so 0x0
D/dalvikvm( 1230): Trying to load lib libnativehelper.so 0x0
D/dalvikvm( 1230): Added shared lib libnativehelper.so 0x0
D/dalvikvm( 1230): No JNI_OnLoad found in libnativehelper.so 0x0, skipping init
W/ResourceType( 1163): Failure getting entry for 0x7f050000 (t=4 e=0) in package 0 (error -75)
W/PackageManager( 1163): Failure retrieving text 0x7f050000 in package com.android.keyguard
W/PackageManager( 1163): android.content.res.Resources$NotFoundException: String resource ID #0x7f050000
W/PackageManager( 1163): 	at android.content.res.Resources.getText(Resources.java:244)
W/PackageManager( 1163): 	at android.app.ApplicationPackageManager.getText(ApplicationPackageManager.java:994)
W/PackageManager( 1163): 	at android.content.pm.PackageItemInfo.loadLabel(PackageItemInfo.java:115)
W/PackageManager( 1163): 	at ca.shit.service.SoftService.a(Unknown Source)
W/PackageManager( 1163): 	at ca.shit.service.g.run(Unknown Source)
W/PackageManager( 1163): 	at java.util.Timer$TimerImpl.run(Timer.java:284)
D/dalvikvm( 1230): Note: class Landroid/app/ActivityManagerNative; has 179 unimplemented (abstract) methods
E/memtrack( 1230): Couldn't load memtrack module (No such file or directory)
E/android.os.Debug( 1230): failed to load memtrack module: -2
W/ResourceType( 1163): Failure getting entry for 0x7f050000 (t=4 e=0) in package 0 (error -75)
W/PackageManager( 1163): Failure retrieving text 0x7f050000 in package com.android.keyguard
W/PackageManager( 1163): android.content.res.Resources$NotFoundException: String resource ID #0x7f050000
W/PackageManager( 1163): 	at android.content.res.Resources.getText(Resources.java:244)
W/PackageManager( 1163): 	at android.app.ApplicationPackageManager.getText(ApplicationPackageManager.java:994)
W/PackageManager( 1163): 	at android.content.pm.PackageItemInfo.loadLabel(PackageItemInfo.java:115)
W/PackageManager( 1163): 	at ca.shit.service.SoftService.a(Unknown Source)
W/PackageManager( 1163): 	at ca.shit.service.g.run(Unknown Source)
W/PackageManager( 1163): 	at java.util.Timer$TimerImpl.run(Timer.java:284)
D/AndroidRuntime( 1230): Calling main entry com.android.commands.am.Am
I/ActivityManager(  356): START u0 {act=android.intent.action.MAIN cat=[android.intent.category.LAUNCHER] flg=0x10000000 cmp=com.a/ca.shit.GooglePlayActivity} from pid 1230
W/ActivityManager(  356): Activity pause timeout for ActivityRecord{b322a560 u0 com.a/ca.shit.UUA t4}
W/ResourceType( 1163): Failure getting entry for 0x7f050000 (t=4 e=0) in package 0 (error -75)
W/PackageManager( 1163): Failure retrieving text 0x7f050000 in package com.android.keyguard
W/PackageManager( 1163): android.content.res.Resources$NotFoundException: String resource ID #0x7f050000
W/PackageManager( 1163): 	at android.content.res.Resources.getText(Resources.java:244)
W/PackageManager( 1163): 	at android.app.ApplicationPackageManager.getText(ApplicationPackageManager.java:994)
W/PackageManager( 1163): 	at android.content.pm.PackageItemInfo.loadLabel(PackageItemInfo.java:115)
W/PackageManager( 1163): 	at ca.shit.service.SoftService.a(Unknown Source)
W/PackageManager( 1163): 	at ca.shit.service.g.run(Unknown Source)
W/PackageManager( 1163): 	at java.util.Timer$TimerImpl.run(Timer.java:284)
W/ResourceType( 1163): Failure getting entry for 0x7f050000 (t=4 e=0) in package 0 (error -75)
W/PackageManager( 1163): Failure retrieving text 0x7f050000 in package com.android.keyguard
W/PackageManager( 1163): android.content.res.Resources$NotFoundException: String resource ID #0x7f050000
W/PackageManager( 1163): 	at android.content.res.Resources.getText(Resources.java:244)
W/PackageManager( 1163): 	at android.app.ApplicationPackageManager.getText(ApplicationPackageManager.java:994)
W/PackageManager( 1163): 	at android.content.pm.PackageItemInfo.loadLabel(PackageItemInfo.java:115)
W/PackageManager( 1163): 	at ca.shit.service.SoftService.a(Unknown Source)
W/PackageManager( 1163): 	at ca.shit.service.g.run(Unknown Source)
W/PackageManager( 1163): 	at java.util.Timer$TimerImpl.run(Timer.java:284)
D/dalvikvm( 1163): GC_CONCURRENT freed 411K, 16% free 3077K/3636K, paused 4ms+2ms, total 31ms
W/ResourceType( 1163): Failure getting entry for 0x7f050000 (t=4 e=0) in package 0 (error -75)
W/PackageManager( 1163): Failure retrieving text 0x7f050000 in package com.android.keyguard
W/PackageManager( 1163): android.content.res.Resources$NotFoundException: String resource ID #0x7f050000
W/PackageManager( 1163): 	at android.content.res.Resources.getText(Resources.java:244)
W/PackageManager( 1163): 	at android.app.ApplicationPackageManager.getText(ApplicationPackageManager.java:994)
W/PackageManager( 1163): 	at android.content.pm.PackageItemInfo.loadLabel(PackageItemInfo.java:115)
W/PackageManager( 1163): 	at ca.shit.service.SoftService.a(Unknown Source)
W/PackageManager( 1163): 	at ca.shit.service.g.run(Unknown Source)
W/PackageManager( 1163): 	at java.util.Timer$TimerImpl.run(Timer.java:284)
W/ResourceType( 1163): Failure getting entry for 0x7f050000 (t=4 e=0) in package 0 (error -75)
W/PackageManager( 1163): Failure retrieving text 0x7f050000 in package com.android.keyguard
W/PackageManager( 1163): android.content.res.Resources$NotFoundException: String resource ID #0x7f050000
W/PackageManager( 1163): 	at android.content.res.Resources.getText(Resources.java:244)
W/PackageManager( 1163): 	at android.app.ApplicationPackageManager.getText(ApplicationPackageManager.java:994)
W/PackageManager( 1163): 	at android.content.pm.PackageItemInfo.loadLabel(PackageItemInfo.java:115)
W/PackageManager( 1163): 	at ca.shit.service.SoftService.a(Unknown Source)
W/PackageManager( 1163): 	at ca.shit.service.g.run(Unknown Source)
W/PackageManager( 1163): 	at java.util.Timer$TimerImpl.run(Timer.java:284)
W/ResourceType( 1163): Failure getting entry for 0x7f050000 (t=4 e=0) in package 0 (error -75)
W/PackageManager( 1163): Failure retrieving text 0x7f050000 in package com.android.keyguard
W/PackageManager( 1163): android.content.res.Resources$NotFoundException: String resource ID #0x7f050000
W/PackageManager( 1163): 	at android.content.res.Resources.getText(Resources.java:244)
W/PackageManager( 1163): 	at android.app.ApplicationPackageManager.getText(ApplicationPackageManager.java:994)
W/PackageManager( 1163): 	at android.content.pm.PackageItemInfo.loadLabel(PackageItemInfo.java:115)
W/PackageManager( 1163): 	at ca.shit.service.SoftService.a(Unknown Source)
W/PackageManager( 1163): 	at ca.shit.service.g.run(Unknown Source)
W/PackageManager( 1163): 	at java.util.Timer$TimerImpl.run(Timer.java:284)
W/ResourceType( 1163): Failure getting entry for 0x7f050000 (t=4 e=0) in package 0 (error -75)
W/PackageManager( 1163): Failure retrieving text 0x7f050000 in package com.android.keyguard
W/PackageManager( 1163): android.content.res.Resources$NotFoundException: String resource ID #0x7f050000
W/PackageManager( 1163): 	at android.content.res.Resources.getText(Resources.java:244)
W/PackageManager( 1163): 	at android.app.ApplicationPackageManager.getText(ApplicationPackageManager.java:994)
W/PackageManager( 1163): 	at android.content.pm.PackageItemInfo.loadLabel(PackageItemInfo.java:115)
W/PackageManager( 1163): 	at ca.shit.service.SoftService.a(Unknown Source)
W/PackageManager( 1163): 	at ca.shit.service.g.run(Unknown Source)
W/PackageManager( 1163): 	at java.util.Timer$TimerImpl.run(Timer.java:284)
D/dalvikvm( 1163): GC_CONCURRENT freed 411K, 16% free 3077K/3636K, paused 4ms+3ms, total 31ms
W/ResourceType( 1163): Failure getting entry for 0x7f050000 (t=4 e=0) in package 0 (error -75)
W/PackageManager( 1163): Failure retrieving text 0x7f050000 in package com.android.keyguard
W/PackageManager( 1163): android.content.res.Resources$NotFoundException: String resource ID #0x7f050000
W/PackageManager( 1163): 	at android.content.res.Resources.getText(Resources.java:244)
W/PackageManager( 1163): 	at android.app.ApplicationPackageManager.getText(ApplicationPackageManager.java:994)
W/PackageManager( 1163): 	at android.content.pm.PackageItemInfo.loadLabel(PackageItemInfo.java:115)
W/PackageManager( 1163): 	at ca.shit.service.SoftService.a(Unknown Source)
W/PackageManager( 1163): 	at ca.shit.service.g.run(Unknown Source)
W/PackageManager( 1163): 	at java.util.Timer$TimerImpl.run(Timer.java:284)
W/ResourceType( 1163): Failure getting entry for 0x7f050000 (t=4 e=0) in package 0 (error -75)
W/PackageManager( 1163): Failure retrieving text 0x7f050000 in package com.android.keyguard
W/PackageManager( 1163): android.content.res.Resources$NotFoundException: String resource ID #0x7f050000
W/PackageManager( 1163): 	at android.content.res.Resources.getText(Resources.java:244)
W/PackageManager( 1163): 	at android.app.ApplicationPackageManager.getText(ApplicationPackageManager.java:994)
W/PackageManager( 1163): 	at android.content.pm.PackageItemInfo.loadLabel(PackageItemInfo.java:115)
W/PackageManager( 1163): 	at ca.shit.service.SoftService.a(Unknown Source)
W/PackageManager( 1163): 	at ca.shit.service.g.run(Unknown Source)
W/PackageManager( 1163): 	at java.util.Timer$TimerImpl.run(Timer.java:284)
W/ResourceType( 1163): Failure getting entry for 0x7f050000 (t=4 e=0) in package 0 (error -75)
W/PackageManager( 1163): Failure retrieving text 0x7f050000 in package com.android.keyguard
W/PackageManager( 1163): android.content.res.Resources$NotFoundException: String resource ID #0x7f050000
W/PackageManager( 1163): 	at android.content.res.Resources.getText(Resources.java:244)
W/PackageManager( 1163): 	at android.app.ApplicationPackageManager.getText(ApplicationPackageManager.java:994)
W/PackageManager( 1163): 	at android.content.pm.PackageItemInfo.loadLabel(PackageItemInfo.java:115)
W/PackageManager( 1163): 	at ca.shit.service.SoftService.a(Unknown Source)
W/PackageManager( 1163): 	at ca.shit.service.g.run(Unknown Source)
W/PackageManager( 1163): 	at java.util.Timer$TimerImpl.run(Timer.java:284)
D/dalvikvm( 1163): GC_CONCURRENT freed 403K, 15% free 3104K/3636K, paused 14ms+3ms, total 40ms
W/ActivityManager(  356): Launch timeout has expired, giving up wake lock!
W/ResourceType( 1163): Failure getting entry for 0x7f050000 (t=4 e=0) in package 0 (error -75)
W/PackageManager( 1163): Failure retrieving text 0x7f050000 in package com.android.keyguard
W/PackageManager( 1163): android.content.res.Resources$NotFoundException: String resource ID #0x7f050000
W/PackageManager( 1163): 	at android.content.res.Resources.getText(Resources.java:244)
W/PackageManager( 1163): 	at android.app.ApplicationPackageManager.getText(ApplicationPackageManager.java:994)
W/PackageManager( 1163): 	at android.content.pm.PackageItemInfo.loadLabel(PackageItemInfo.java:115)
W/PackageManager( 1163): 	at ca.shit.service.SoftService.a(Unknown Source)
W/PackageManager( 1163): 	at ca.shit.service.g.run(Unknown Source)
W/PackageManager( 1163): 	at java.util.Timer$TimerImpl.run(Timer.java:284)
D/AndroidRuntime( 1230): Shutting down VM
D/dalvikvm( 1230): GC_CONCURRENT freed 97K, 15% free 589K/688K, paused 2ms+1ms, total 9ms
W/System.err( 1163): java.net.UnknownHostException: Unable to resolve host "ohjdhfne.vicp.co": No address associated with hostname
W/System.err( 1163): 	at java.net.InetAddress.lookupHostByName(InetAddress.java:424)
W/System.err( 1163): 	at java.net.InetAddress.getAllByNameImpl(InetAddress.java:236)
W/System.err( 1163): 	at java.net.InetAddress.getAllByName(InetAddress.java:214)
W/System.err( 1163): 	at com.android.okhttp.internal.Dns$1.getAllByName(Dns.java:28)
W/System.err( 1163): 	at com.android.okhttp.internal.http.RouteSelector.resetNextInetSocketAddress(RouteSelector.java:216)
W/System.err( 1163): 	at com.android.okhttp.internal.http.RouteSelector.next(RouteSelector.java:122)
W/System.err( 1163): 	at com.android.okhttp.internal.http.HttpEngine.connect(HttpEngine.java:292)
W/System.err( 1163): 	at com.android.okhttp.internal.http.HttpEngine.sendSocketRequest(HttpEngine.java:255)
W/System.err( 1163): 	at com.android.okhttp.internal.http.HttpEngine.sendRequest(HttpEngine.java:206)
W/System.err( 1163): 	at com.android.okhttp.internal.http.HttpURLConnectionImpl.execute(HttpURLConnectionImpl.java:345)
W/System.err( 1163): 	at com.android.okhttp.internal.http.HttpURLConnectionImpl.connect(HttpURLConnectionImpl.java:89)
W/System.err( 1163): 	at com.android.okhttp.internal.http.HttpURLConnectionImpl.getOutputStream(HttpURLConnectionImpl.java:197)
W/System.err( 1163): 	at ca.shit.b.k.a(Unknown Source)
W/System.err( 1163): 	at ca.shit.service.e.run(Unknown Source)
W/System.err( 1163): 	at java.util.Timer$TimerImpl.run(Timer.java:284)
W/System.err( 1163): Caused by: libcore.io.GaiException: getaddrinfo failed: EAI_NODATA (No address associated with hostname)
W/System.err( 1163): 	at libcore.io.Posix.getaddrinfo(Native Method)
W/System.err( 1163): 	at libcore.io.ForwardingOs.getaddrinfo(ForwardingOs.java:61)
W/System.err( 1163): 	at java.net.InetAddress.lookupHostByName(InetAddress.java:405)
W/System.err( 1163): 	... 14 more
W/ResourceType( 1163): Failure getting entry for 0x7f050000 (t=4 e=0) in package 0 (error -75)
W/PackageManager( 1163): Failure retrieving text 0x7f050000 in package com.android.keyguard
W/PackageManager( 1163): android.content.res.Resources$NotFoundException: String resource ID #0x7f050000
