D/dalvikvm(  599): GC_CONCURRENT freed 460K, 16% free 2991K/3544K, paused 4ms+3ms, total 52ms
I/FusedLocation(  353): engine started (com.android.location.fused)
I/FusedLocation(  353): engine stopped (com.android.location.fused)
I/FusedLocation(  353): engine started (com.android.location.fused)
D/MobileDataStateTracker(  353): fota: Broadcast received: android.intent.action.ANY_DATA_STATE apnType=fota
D/MobileDataStateTracker(  353): fota: Received state=DISCONNECTED, old=DISCONNECTED, reason=radioTurnedOff
D/MobileDataStateTracker(  353): ia: Broadcast received: android.intent.action.ANY_DATA_STATE apnType=ia
D/MobileDataStateTracker(  353): ia: Received state=DISCONNECTED, old=DISCONNECTED, reason=radioTurnedOff
D/MobileDataStateTracker(  353): supl: Broadcast received: android.intent.action.ANY_DATA_STATE apnType=supl
D/MobileDataStateTracker(  353): supl: Received state=DISCONNECTED, old=DISCONNECTED, reason=radioTurnedOff
D/MobileDataStateTracker(  353): hipri: Broadcast received: android.intent.action.ANY_DATA_STATE apnType=hipri
D/MobileDataStateTracker(  353): hipri: Received state=DISCONNECTED, old=DISCONNECTED, reason=radioTurnedOff
D/MobileDataStateTracker(  353): ims: Broadcast received: android.intent.action.ANY_DATA_STATE apnType=ims
D/MobileDataStateTracker(  353): ims: Received state=DISCONNECTED, old=DISCONNECTED, reason=radioTurnedOff
D/MobileDataStateTracker(  353): default: Broadcast received: android.intent.action.ANY_DATA_STATE apnType=default
D/MobileDataStateTracker(  353): default: Received state=DISCONNECTED, old=DISCONNECTED, reason=radioTurnedOff
D/MobileDataStateTracker(  353): mms: Broadcast received: android.intent.action.ANY_DATA_STATE apnType=mms
D/MobileDataStateTracker(  353): mms: Received state=DISCONNECTED, old=DISCONNECTED, reason=radioTurnedOff
D/MobileDataStateTracker(  353): cbs: Broadcast received: android.intent.action.ANY_DATA_STATE apnType=cbs
I/LatinIME:LogUtils(  599): Dictionary info: dictionary = main:en ; version = 42 ; date = 1381226429
D/MobileDataStateTracker(  353): cbs: Received state=DISCONNECTED, old=DISCONNECTED, reason=radioTurnedOff
D/MobileDataStateTracker(  353): fota: Broadcast received: android.intent.action.ANY_DATA_STATE apnType=fota
D/MobileDataStateTracker(  353): fota: Received state=DISCONNECTED, old=DISCONNECTED, reason=radioTurnedOff
D/MobileDataStateTracker(  353): ia: Broadcast received: android.intent.action.ANY_DATA_STATE apnType=ia
D/MobileDataStateTracker(  353): ia: Received state=DISCONNECTED, old=DISCONNECTED, reason=radioTurnedOff
D/MobileDataStateTracker(  353): supl: Broadcast received: android.intent.action.ANY_DATA_STATE apnType=supl
D/MobileDataStateTracker(  353): supl: Received state=DISCONNECTED, old=DISCONNECTED, reason=radioTurnedOff
D/MobileDataStateTracker(  353): hipri: Broadcast received: android.intent.action.ANY_DATA_STATE apnType=hipri
D/MobileDataStateTracker(  353): hipri: Received state=DISCONNECTED, old=DISCONNECTED, reason=radioTurnedOff
D/MobileDataStateTracker(  353): ims: Broadcast received: android.intent.action.ANY_DATA_STATE apnType=ims
D/MobileDataStateTracker(  353): ims: Received state=DISCONNECTED, old=DISCONNECTED, reason=radioTurnedOff
D/MobileDataStateTracker(  353): default: Broadcast received: android.intent.action.ANY_DATA_STATE apnType=default
D/MobileDataStateTracker(  353): default: Received state=DISCONNECTED, old=DISCONNECTED, reason=radioTurnedOff
D/MobileDataStateTracker(  353): mms: Broadcast received: android.intent.action.ANY_DATA_STATE apnType=mms
I/LatinIME:LogUtils(  599): Dictionary info: dictionary = main:en ; version = 42 ; date = 1381226429
D/MobileDataStateTracker(  353): mms: Received state=DISCONNECTED, old=DISCONNECTED, reason=radioTurnedOff
D/MobileDataStateTracker(  353): cbs: Broadcast received: android.intent.action.ANY_DATA_STATE apnType=cbs
D/MobileDataStateTracker(  353): cbs: Received state=DISCONNECTED, old=DISCONNECTED, reason=radioTurnedOff
D/MobileDataStateTracker(  353): fota: Broadcast received: android.intent.action.ANY_DATA_STATE apnType=fota
D/MobileDataStateTracker(  353): fota: Received state=DISCONNECTED, old=DISCONNECTED, reason=dataDetached
D/MobileDataStateTracker(  353): ia: Broadcast received: android.intent.action.ANY_DATA_STATE apnType=ia
D/MobileDataStateTracker(  353): ia: Received state=DISCONNECTED, old=DISCONNECTED, reason=dataDetached
D/MobileDataStateTracker(  353): supl: Broadcast received: android.intent.action.ANY_DATA_STATE apnType=supl
D/MobileDataStateTracker(  353): supl: Received state=DISCONNECTED, old=DISCONNECTED, reason=dataDetached
D/MobileDataStateTracker(  353): hipri: Broadcast received: android.intent.action.ANY_DATA_STATE apnType=hipri
D/MobileDataStateTracker(  353): hipri: Received state=DISCONNECTED, old=DISCONNECTED, reason=dataDetached
D/MobileDataStateTracker(  353): ims: Broadcast received: android.intent.action.ANY_DATA_STATE apnType=ims
D/dalvikvm(  612): GC_CONCURRENT freed 263K, 10% free 3048K/3376K, paused 58ms+2ms, total 90ms
I/LatinIME:LogUtils(  599): Dictionary info: dictionary = main:en ; version = 42 ; date = 1381226429
I/LatinIME:LogUtils(  599): Dictionary info: dictionary = main:en ; version = 42 ; date = 1381226429
I/LatinIME:LogUtils(  599): Dictionary info: dictionary = main:en ; version = 42 ; date = 1381226429
D/MobileDataStateTracker(  353): ims: Received state=DISCONNECTED, old=DISCONNECTED, reason=dataDetached
D/MobileDataStateTracker(  353): default: Broadcast received: android.intent.action.ANY_DATA_STATE apnType=default
D/MobileDataStateTracker(  353): default: Received state=DISCONNECTED, old=DISCONNECTED, reason=dataDetached
D/MobileDataStateTracker(  353): mms: Broadcast received: android.intent.action.ANY_DATA_STATE apnType=mms
D/MobileDataStateTracker(  353): mms: Received state=DISCONNECTED, old=DISCONNECTED, reason=dataDetached
D/MobileDataStateTracker(  353): cbs: Broadcast received: android.intent.action.ANY_DATA_STATE apnType=cbs
D/MobileDataStateTracker(  353): cbs: Received state=DISCONNECTED, old=DISCONNECTED, reason=dataDetached
D/MobileDataStateTracker(  353): fota: Broadcast received: android.intent.action.ANY_DATA_STATE apnType=fota
D/MobileDataStateTracker(  353): fota: Received state=DISCONNECTED, old=DISCONNECTED, reason=roamingOff
D/MobileDataStateTracker(  353): ia: Broadcast received: android.intent.action.ANY_DATA_STATE apnType=ia
D/MobileDataStateTracker(  353): ia: Received state=DISCONNECTED, old=DISCONNECTED, reason=roamingOff
D/MobileDataStateTracker(  353): supl: Broadcast received: android.intent.action.ANY_DATA_STATE apnType=supl
D/MobileDataStateTracker(  353): supl: Received state=DISCONNECTED, old=DISCONNECTED, reason=roamingOff
D/MobileDataStateTracker(  353): hipri: Broadcast received: android.intent.action.ANY_DATA_STATE apnType=hipri
D/MobileDataStateTracker(  353): hipri: Received state=DISCONNECTED, old=DISCONNECTED, reason=roamingOff
D/MobileDataStateTracker(  353): ims: Broadcast received: android.intent.action.ANY_DATA_STATE apnType=ims
D/MobileDataStateTracker(  353): ims: Received state=DISCONNECTED, old=DISCONNECTED, reason=roamingOff
D/MobileDataStateTracker(  353): default: Broadcast received: android.intent.action.ANY_DATA_STATE apnType=default
D/MobileDataStateTracker(  353): default: Received state=DISCONNECTED, old=DISCONNECTED, reason=roamingOff
D/MobileDataStateTracker(  353): mms: Broadcast received: android.intent.action.ANY_DATA_STATE apnType=mms
D/MobileDataStateTracker(  353): mms: Received state=DISCONNECTED, old=DISCONNECTED, reason=roamingOff
D/MobileDataStateTracker(  353): cbs: Broadcast received: android.intent.action.ANY_DATA_STATE apnType=cbs
D/MobileDataStateTracker(  353): cbs: Received state=DISCONNECTED, old=DISCONNECTED, reason=roamingOff
D/MobileDataStateTracker(  353): fota: Broadcast received: android.intent.action.ANY_DATA_STATE apnType=fota
D/MobileDataStateTracker(  353): fota: Received state=DISCONNECTED, old=DISCONNECTED, reason=roamingOff
D/MobileDataStateTracker(  353): ia: Broadcast received: android.intent.action.ANY_DATA_STATE apnType=ia
D/MobileDataStateTracker(  353): ia: Received state=DISCONNECTED, old=DISCONNECTED, reason=roamingOff
D/MobileDataStateTracker(  353): supl: Broadcast received: android.intent.action.ANY_DATA_STATE apnType=supl
D/MobileDataStateTracker(  353): supl: Received state=DISCONNECTED, old=DISCONNECTED, reason=roamingOff
D/MobileDataStateTracker(  353): hipri: Broadcast received: android.intent.action.ANY_DATA_STATE apnType=hipri
D/MobileDataStateTracker(  353): hipri: Received state=DISCONNECTED, old=DISCONNECTED, reason=roamingOff
D/MobileDataStateTracker(  353): ims: Broadcast received: android.intent.action.ANY_DATA_STATE apnType=ims
D/MobileDataStateTracker(  353): ims: Received state=DISCONNECTED, old=DISCONNECTED, reason=roamingOff
D/MobileDataStateTracker(  353): default: Broadcast received: android.intent.action.ANY_DATA_STATE apnType=default
D/TelephonyDebugService(  612): TelephonyDebugService()
D/MobileDataStateTracker(  353): default: Received state=DISCONNECTED, old=DISCONNECTED, reason=roamingOff
D/MobileDataStateTracker(  353): mms: Broadcast received: android.intent.action.ANY_DATA_STATE apnType=mms
D/MobileDataStateTracker(  353): mms: Received state=DISCONNECTED, old=DISCONNECTED, reason=roamingOff
D/MobileDataStateTracker(  353): cbs: Broadcast received: android.intent.action.ANY_DATA_STATE apnType=cbs
D/MobileDataStateTracker(  353): cbs: Received state=DISCONNECTED, old=DISCONNECTED, reason=roamingOff
I/LatinIME:LogUtils(  599): Dictionary info: dictionary = main:en ; version = 42 ; date = 1381226429
I/LatinIME:LogUtils(  599): Dictionary info: dictionary = main:en ; version = 42 ; date = 1381226429
I/LatinIME:LogUtils(  599): Dictionary info: dictionary = main:en ; version = 42 ; date = 1381226429
D/dalvikvm(  599): GC_CONCURRENT freed 321K, 14% free 3074K/3544K, paused 16ms+2ms, total 115ms
D/dalvikvm(  353): GC_CONCURRENT freed 717K, 59% free 5488K/13156K, paused 290ms+6ms, total 780ms
D/MccTable(  612): updateMccMncConfiguration: mcc=310, mnc=260
D/AlarmManagerService(  353): Kernel timezone updated to 300 minutes west of GMT
D/MccTable(  612): timezone set to America/New_York
D/MccTable(  612): getLocaleFromMcc to en_us mcc=310
D/MccTable(  612): getLocaleForLanguageCountry: got match
D/MccTable(  612): getLocaleForLanguageCountry: X locale=en_US
D/MccTable(  612): WIFI_COUNTRY_CODE set to us
I/WifiService(  353): WifiService trying to set country code to us with persist set to true
D/dalvikvm(  612): GC_CONCURRENT freed 287K, 11% free 3160K/3512K, paused 4ms+2ms, total 75ms
D/MobileDataStateTracker(  353): fota: Broadcast received: android.intent.action.ANY_DATA_STATE apnType=fota
D/MobileDataStateTracker(  353): fota: Received state=DISCONNECTED, old=DISCONNECTED, reason=dataAttached
D/MobileDataStateTracker(  353): ia: Broadcast received: android.intent.action.ANY_DATA_STATE apnType=ia
D/MobileDataStateTracker(  353): ia: Received state=DISCONNECTED, old=DISCONNECTED, reason=dataAttached
D/MobileDataStateTracker(  353): supl: Broadcast received: android.intent.action.ANY_DATA_STATE apnType=supl
D/MobileDataStateTracker(  353): supl: Received state=DISCONNECTED, old=DISCONNECTED, reason=dataAttached
D/MobileDataStateTracker(  353): hipri: Broadcast received: android.intent.action.ANY_DATA_STATE apnType=hipri
D/MobileDataStateTracker(  353): hipri: Received state=DISCONNECTED, old=DISCONNECTED, reason=dataAttached
D/MobileDataStateTracker(  353): ims: Broadcast received: android.intent.action.ANY_DATA_STATE apnType=ims
D/MobileDataStateTracker(  353): ims: Received state=DISCONNECTED, old=DISCONNECTED, reason=dataAttached
D/MobileDataStateTracker(  353): mms: Broadcast received: android.intent.action.ANY_DATA_STATE apnType=mms
D/MobileDataStateTracker(  353): mms: Received state=DISCONNECTED, old=DISCONNECTED, reason=dataAttached
D/MobileDataStateTracker(  353): cbs: Broadcast received: android.intent.action.ANY_DATA_STATE apnType=cbs
D/MobileDataStateTracker(  353): cbs: Received state=DISCONNECTED, old=DISCONNECTED, reason=dataAttached
D/MobileDataStateTracker(  353): fota: Broadcast received: android.intent.action.ANY_DATA_STATE apnType=fota
D/MobileDataStateTracker(  353): fota: Received state=DISCONNECTED, old=DISCONNECTED, reason=dataAttached
D/MobileDataStateTracker(  353): ia: Broadcast received: android.intent.action.ANY_DATA_STATE apnType=ia
D/MobileDataStateTracker(  353): ia: Received state=DISCONNECTED, old=DISCONNECTED, reason=dataAttached
D/MobileDataStateTracker(  353): supl: Broadcast received: android.intent.action.ANY_DATA_STATE apnType=supl
D/MobileDataStateTracker(  353): supl: Received state=DISCONNECTED, old=DISCONNECTED, reason=dataAttached
D/MobileDataStateTracker(  353): hipri: Broadcast received: android.intent.action.ANY_DATA_STATE apnType=hipri
D/MobileDataStateTracker(  353): hipri: Received state=DISCONNECTED, old=DISCONNECTED, reason=dataAttached
D/MobileDataStateTracker(  353): ims: Broadcast received: android.intent.action.ANY_DATA_STATE apnType=ims
D/MobileDataStateTracker(  353): ims: Received state=DISCONNECTED, old=DISCONNECTED, reason=dataAttached
D/MobileDataStateTracker(  353): mms: Broadcast received: android.intent.action.ANY_DATA_STATE apnType=mms
D/MobileDataStateTracker(  353): mms: Received state=DISCONNECTED, old=DISCONNECTED, reason=dataAttached
D/MobileDataStateTracker(  353): cbs: Broadcast received: android.intent.action.ANY_DATA_STATE apnType=cbs
D/MobileDataStateTracker(  353): cbs: Received state=DISCONNECTED, old=DISCONNECTED, reason=dataAttached
D/MccTable(  612): updateMccMncConfiguration: mcc=310, mnc=260
D/MccTable(  612): getLocaleFromMcc to en_us mcc=310
D/MccTable(  612): getLocaleForLanguageCountry: got match
D/MccTable(  612): getLocaleForLanguageCountry: X locale=en_US
D/MccTable(  612): updateMccMncConfiguration updateConfig config={1.0 310mcc260mnc en_US ldltr ?swdp ?wdp ?hdp ?density ?lsize ?long ?orien ?uimode ?night ?touch ?keyb/?/? ?nav/?}
I/ActivityManager(  353): Config changes=3 {1.0 310mcc260mnc en_US ldltr sw480dp w480dp h839dp 160dpi lrg long port finger -keyb/v/h tball/v s.6}
D/PermissionCache(   57): checking android.permission.READ_FRAME_BUFFER for uid=1000 => granted (1112 us)
D/PhoneStatusBar(  463): mSettingsPanelGravity = 55
D/gralloc (   57): Registering a buffer in the process that created it. This may cause memory ordering problems.
E/libEGL  (   57): called unimplemented OpenGL ES API
E/libEGL  (   57): called unimplemented OpenGL ES API
E/libEGL  (   57): called unimplemented OpenGL ES API
E/libEGL  (   57): called unimplemented OpenGL ES API
E/SurfaceFlinger(   57): glCheckFramebufferStatusOES error 1012877831
E/SurfaceFlinger(   57): got GL_FRAMEBUFFER_COMPLETE_OES error while taking screenshot
E/libEGL  (   57): called unimplemented OpenGL ES API
E/libEGL  (   57): called unimplemented OpenGL ES API
D/MccTable(  612): updateMccMncConfiguration: mcc=310, mnc=260
D/MccTable(  612): getLocaleFromMcc to en_us mcc=310
D/MccTable(  612): getLocaleForLanguageCountry: skipping already persisted
D/MccTable(  612): getLocaleForLanguageCountry: X locale=null
D/MccTable(  612): updateMccMncConfiguration updateConfig config={1.0 310mcc260mnc ?locale ?layoutDir ?swdp ?wdp ?hdp ?density ?lsize ?long ?orien ?uimode ?night ?touch ?keyb/?/? ?nav/?}
D/dalvikvm(  612): GC_CONCURRENT freed 331K, 11% free 3340K/3736K, paused 4ms+10ms, total 63ms
D/dalvikvm(  612): WAIT_FOR_CONCURRENT_GC blocked 5ms
D/MobileDataStateTracker(  353): fota: Broadcast received: android.intent.action.ANY_DATA_STATE apnType=fota
D/MobileDataStateTracker(  353): fota: Received state=DISCONNECTED, old=DISCONNECTED, reason=simLoaded
D/dalvikvm(  612): GC_CONCURRENT freed 455K, 14% free 3326K/3848K, paused 6ms+21ms, total 72ms
D/MobileDataStateTracker(  353): ia: Broadcast received: android.intent.action.ANY_DATA_STATE apnType=ia
D/MobileDataStateTracker(  353): ia: Received state=DISCONNECTED, old=DISCONNECTED, reason=simLoaded
D/MobileDataStateTracker(  353): supl: Broadcast received: android.intent.action.ANY_DATA_STATE apnType=supl
D/MobileDataStateTracker(  353): supl: Received state=DISCONNECTED, old=DISCONNECTED, reason=simLoaded
D/MobileDataStateTracker(  353): hipri: Broadcast received: android.intent.action.ANY_DATA_STATE apnType=hipri
D/MobileDataStateTracker(  353): hipri: Received state=DISCONNECTED, old=DISCONNECTED, reason=simLoaded
D/MobileDataStateTracker(  353): ims: Broadcast received: android.intent.action.ANY_DATA_STATE apnType=ims
D/MobileDataStateTracker(  353): ims: Received state=DISCONNECTED, old=DISCONNECTED, reason=simLoaded
D/MobileDataStateTracker(  353): mms: Broadcast received: android.intent.action.ANY_DATA_STATE apnType=mms
D/MobileDataStateTracker(  353): mms: Received state=DISCONNECTED, old=DISCONNECTED, reason=simLoaded
D/MobileDataStateTracker(  353): cbs: Broadcast received: android.intent.action.ANY_DATA_STATE apnType=cbs
D/MobileDataStateTracker(  353): cbs: Received state=DISCONNECTED, old=DISCONNECTED, reason=simLoaded
D/MobileDataStateTracker(  353): default: Broadcast received: android.intent.action.ANY_DATA_STATE apnType=default
D/MobileDataStateTracker(  353): default: Received state=CONNECTING, old=DISCONNECTED, reason=simLoaded
D/MobileDataStateTracker(  353): default: setDetailed state, old =IDLE and new state=CONNECTING
D/MobileDataStateTracker(  353): fota: Broadcast received: android.intent.action.ANY_DATA_STATE apnType=fota
D/MobileDataStateTracker(  353): fota: Received state=DISCONNECTED, old=DISCONNECTED, reason=simLoaded
D/MobileDataStateTracker(  353): ia: Broadcast received: android.intent.action.ANY_DATA_STATE apnType=ia
D/MobileDataStateTracker(  353): ia: Received state=DISCONNECTED, old=DISCONNECTED, reason=simLoaded
D/MobileDataStateTracker(  353): supl: Broadcast received: android.intent.action.ANY_DATA_STATE apnType=supl
D/MobileDataStateTracker(  353): supl: Received state=DISCONNECTED, old=DISCONNECTED, reason=simLoaded
D/MobileDataStateTracker(  353): hipri: Broadcast received: android.intent.action.ANY_DATA_STATE apnType=hipri
D/MobileDataStateTracker(  353): hipri: Received state=DISCONNECTED, old=DISCONNECTED, reason=simLoaded
D/MobileDataStateTracker(  353): ims: Broadcast received: android.intent.action.ANY_DATA_STATE apnType=ims
D/MobileDataStateTracker(  353): ims: Received state=DISCONNECTED, old=DISCONNECTED, reason=simLoaded
D/MobileDataStateTracker(  353): mms: Broadcast received: android.intent.action.ANY_DATA_STATE apnType=mms
D/MobileDataStateTracker(  353): mms: Received state=DISCONNECTED, old=DISCONNECTED, reason=simLoaded
D/MobileDataStateTracker(  353): cbs: Broadcast received: android.intent.action.ANY_DATA_STATE apnType=cbs
D/MobileDataStateTracker(  353): cbs: Received state=DISCONNECTED, old=DISCONNECTED, reason=simLoaded
D/MobileDataStateTracker(  353): default: Broadcast received: android.intent.action.ANY_DATA_STATE apnType=default
D/MobileDataStateTracker(  353): default: Received state=CONNECTED, old=CONNECTING, reason=connected
D/MobileDataStateTracker(  353): default: setDetailed state, old =CONNECTING and new state=CONNECTED
D/ConnectivityService(  353): ConnectivityChange for mobile: CONNECTED/CONNECTED
D/ConnectivityService(  353): ConnectivityChange checkMobileProvisioning for TYPE_MOBILE or ProvisioningNetwork
D/ConnectivityService(  353): checkMobileProvisioning: E suggestedTimeOutMs=60000
D/ConnectivityService(  353): setProvNotificationVisible: E visible=false networkType=5 extraInfo=null url=null
D/dalvikvm(  612): GC_CONCURRENT freed 428K, 15% free 3296K/3848K, paused 57ms+2ms, total 155ms
D/dalvikvm(  353): GC_CONCURRENT freed 542K, 58% free 5645K/13156K, paused 163ms+10ms, total 458ms
D/dalvikvm(  353): WAIT_FOR_CONCURRENT_GC blocked 85ms
D/dalvikvm(  353): WAIT_FOR_CONCURRENT_GC blocked 85ms
D/ConnectivityService(  353): checkMobileProvisioning: params={ url=http://clients3.google.com/generate_204 mTimeOutMs=60000 mCb=com.android.server.ConnectivityService$5@b374ce30}
D/ConnectivityService(  353): checkMobileProvisioning: X
D/Nat464Xlat(  353): requiresClat: netType=0, hasIPv4Address=true
I/NetworkPolicy(  353): no policy for active mobile network; generating default policy
D/MobileDataStateTracker(  353): default: setPolicyDataEnable(enabled=true)
I/SurfaceFlinger(   57): Boot is finished (86120 ms)
I/ARMAssembler(   57): generated scanline__00000077:03515104_00008001_00000000 [113 ipp] (134 ins) at [0xb61cf1f0:0xb61cf408] in 10000000 ns
D/dalvikvm(  704): GC_CONCURRENT freed 177K, 8% free 2952K/3196K, paused 5ms+5ms, total 194ms
W/ActivityManager(  353): Launch timeout has expired, giving up wake lock!
I/InputReader(  353): Reconfiguring input devices.  changes=0x00000010
I/MediaProvider(  639): Upgrading media database from version 0 to 700, which will destroy all old data
D/MobileDataStateTracker(  353): default: isProvisioningNetwork: retVal=false
D/ConnectivityService(  353): [CheckMp] isMobileOk: isDefaultProvisioning=false
I/PackageManager(  353):   Action: "android.intent.action.SENDTO"
I/PackageManager(  353):   Category: "android.intent.category.DEFAULT"
I/PackageManager(  353):   Scheme: "sms"
I/PackageManager(  353): Adding preferred activity ComponentInfo{com.android.mms/com.android.mms.ui.ComposeMessageActivity} for user 0 :
D/dalvikvm(  353): GC_CONCURRENT freed 741K, 58% free 5641K/13156K, paused 19ms+6ms, total 261ms
D/dalvikvm(  353): WAIT_FOR_CONCURRENT_GC blocked 92ms
D/dalvikvm(  353): WAIT_FOR_CONCURRENT_GC blocked 111ms
I/PackageManager(  353):   Action: "android.intent.action.SENDTO"
I/PackageManager(  353):   Category: "android.intent.category.DEFAULT"
I/PackageManager(  353):   Scheme: "smsto"
I/PackageManager(  353): Adding preferred activity ComponentInfo{com.android.mms/com.android.mms.ui.ComposeMessageActivity} for user 0 :
I/PackageManager(  353):   Action: "android.intent.action.SENDTO"
I/PackageManager(  353):   Category: "android.intent.category.DEFAULT"
I/PackageManager(  353):   Scheme: "mms"
I/PackageManager(  353): Adding preferred activity ComponentInfo{com.android.mms/com.android.mms.ui.ComposeMessageActivity} for user 0 :
I/PackageManager(  353):   Action: "android.intent.action.SENDTO"
I/PackageManager(  353):   Category: "android.intent.category.DEFAULT"
I/PackageManager(  353):   Scheme: "mmsto"
I/PackageManager(  353): Adding preferred activity ComponentInfo{com.android.mms/com.android.mms.ui.ComposeMessageActivity} for user 0 :
D/dalvikvm(  353): GC_CONCURRENT freed 742K, 58% free 5637K/13156K, paused 7ms+15ms, total 190ms
D/dalvikvm(  353): WAIT_FOR_CONCURRENT_GC blocked 70ms
D/dalvikvm(  353): WAIT_FOR_CONCURRENT_GC blocked 77ms
I/PackageManager(  353):   Action: "android.intent.action.SENDTO"
I/PackageManager(  353):   Category: "android.intent.category.DEFAULT"
I/PackageManager(  353):   Scheme: "sms"
I/PackageManager(  353): Adding preferred activity ComponentInfo{com.android.mms/com.android.mms.ui.ComposeMessageActivity} for user 0 :
E/NetdConnector(  353): NDC Command {12 bandwidth setiquota eth0 9223372036854775807} took too long (2227ms)
D/dalvikvm(  612): GC_FOR_ALLOC freed 327K, 13% free 3375K/3872K, paused 165ms, total 167ms
I/PackageManager(  353):   Action: "android.intent.action.SENDTO"
I/PackageManager(  353):   Category: "android.intent.category.DEFAULT"
I/PackageManager(  353):   Scheme: "smsto"
I/PackageManager(  353): Adding preferred activity ComponentInfo{com.android.mms/com.android.mms.ui.ComposeMessageActivity} for user 0 :
D/MobileDataStateTracker(  353): default: setPolicyDataEnable(enabled=true)
I/PackageManager(  353):   Action: "android.intent.action.SENDTO"
I/PackageManager(  353):   Category: "android.intent.category.DEFAULT"
I/PackageManager(  353):   Scheme: "mms"
I/PackageManager(  353): Adding preferred activity ComponentInfo{com.android.mms/com.android.mms.ui.ComposeMessageActivity} for user 0 :
D/dalvikvm(  612): GC_CONCURRENT freed 89K, 13% free 3384K/3872K, paused 4ms+2ms, total 113ms
D/dalvikvm(  704): GC_FOR_ALLOC freed 188K, 8% free 3113K/3368K, paused 41ms, total 43ms
I/dalvikvm-heap(  704): Grow heap (frag case) to 3.713MB for 640016-byte allocation
D/dalvikvm(  704): GC_FOR_ALLOC freed 3K, 7% free 3734K/3996K, paused 43ms, total 44ms
D/dalvikvm(  353): GC_CONCURRENT freed 784K, 58% free 5590K/13156K, paused 46ms+6ms, total 189ms
D/dalvikvm(  353): WAIT_FOR_CONCURRENT_GC blocked 111ms
D/dalvikvm(  353): WAIT_FOR_CONCURRENT_GC blocked 101ms
D/dalvikvm(  704): GC_CONCURRENT freed 5K, 7% free 3728K/3996K, paused 3ms+2ms, total 85ms
I/PackageManager(  353):   Action: "android.intent.action.SENDTO"
I/PackageManager(  353):   Category: "android.intent.category.DEFAULT"
I/PackageManager(  353):   Scheme: "mmsto"
I/PackageManager(  353): Adding preferred activity ComponentInfo{com.android.mms/com.android.mms.ui.ComposeMessageActivity} for user 0 :
D/Tethering(  353): MasterInitialState.processMessage what=3
D/CaptivePortalTracker(  353): NoActiveNetworkState{ when=-3ms what=1 obj=NetworkInfo: type: mobile[UMTS], state: CONNECTED/CONNECTED, reason: connected, extra: epc.tmobile.com, roaming: false, failover: false, isAvailable: true, isConnectedToProvisioningNetwork: false target=com.android.internal.util.StateMachine$SmHandler }
D/CaptivePortalTracker(  353): NoActiveNetworkState not a wifi connectivity change, ignore
W/WindowManager(  353): App freeze timeout expired.
W/WindowManager(  353): Force clearing freeze: AppWindowToken{b3641400 token=Token{b33368e8 ActivityRecord{b2f009f0 u0 com.android.launcher/com.android.launcher2.Launcher t3}}}
I/WindowManager(  353): Screen frozen for +5s60ms due to AppWindowToken{b3641400 token=Token{b33368e8 ActivityRecord{b2f009f0 u0 com.android.launcher/com.android.launcher2.Launcher t3}}}
I/Choreographer(  353): Skipped 49 frames!  The application may be doing too much work on its main thread.
I/ARMAssembler(   57): generated scanline__00000077:03515104_00009001_00000000 [131 ipp] (153 ins) at [0xb61cf410:0xb61cf674] in 10000000 ns
E/NetdConnector(  353): NDC Command {13 bandwidth removeiquota eth0} took too long (1166ms)
I/Choreographer(  353): Skipped 46 frames!  The application may be doing too much work on its main thread.
D/MobileDataStateTracker(  353): hipri: isProvisioningNetwork: retVal=false
D/ConnectivityService(  353): [CheckMp] isMobileOk: isHipriProvisioning=false
D/ConnectivityService(  353): [CheckMp] isMobileOk: start hipri url=http://clients3.google.com/generate_204
W/Resources(  704): Converting to int: TypedValue{t=0x3/d=0x12 "4" a=-1}
W/Resources(  704): Converting to int: TypedValue{t=0x3/d=0xf "1" a=-1}
W/Resources(  704): Converting to int: TypedValue{t=0x3/d=0x15 "2" a=-1}
W/Resources(  704): Converting to int: TypedValue{t=0x3/d=0x15 "2" a=-1}
W/Launcher.LauncherProvider(  704): Unable to add favorite: com.android.camera2/com.android.camera.CameraLauncher
W/Launcher.LauncherProvider(  704): android.content.pm.PackageManager$NameNotFoundException: ComponentInfo{com.android.camera2/com.android.camera.CameraLauncher}
W/Launcher.LauncherProvider(  704): 	at android.app.ApplicationPackageManager.getActivityInfo(ApplicationPackageManager.java:242)
W/Launcher.LauncherProvider(  704): 	at com.android.launcher2.LauncherProvider$DatabaseHelper.addAppShortcut(LauncherProvider.java:959)
W/Launcher.LauncherProvider(  704): 	at com.android.launcher2.LauncherProvider$DatabaseHelper.loadFavorites(LauncherProvider.java:863)
W/Launcher.LauncherProvider(  704): 	at com.android.launcher2.LauncherProvider$DatabaseHelper.access$000(LauncherProvider.java:253)
W/Launcher.LauncherProvider(  704): 	at com.android.launcher2.LauncherProvider.loadDefaultFavoritesIfNecessary(LauncherProvider.java:237)
W/Launcher.LauncherProvider(  704): 	at com.android.launcher2.LauncherModel$LoaderTask.loadWorkspace(LauncherModel.java:1278)
W/Launcher.LauncherProvider(  704): 	at com.android.launcher2.LauncherModel$LoaderTask.loadAndBindWorkspace(LauncherModel.java:1020)
W/Launcher.LauncherProvider(  704): 	at com.android.launcher2.LauncherModel$LoaderTask.run(LauncherModel.java:1126)
W/Launcher.LauncherProvider(  704): 	at android.os.Handler.handleCallback(Handler.java:733)
W/Launcher.LauncherProvider(  704): 	at android.os.Handler.dispatchMessage(Handler.java:95)
W/Launcher.LauncherProvider(  704): 	at android.os.Looper.loop(Looper.java:136)
W/Launcher.LauncherProvider(  704): 	at android.os.HandlerThread.run(HandlerThread.java:61)
W/Launcher.LauncherProvider(  704): Unable to add favorite: com.android.gallery3d/com.android.gallery3d.app.Gallery
W/Launcher.LauncherProvider(  704): android.content.pm.PackageManager$NameNotFoundException: ComponentInfo{com.android.gallery3d/com.android.gallery3d.app.Gallery}
W/Launcher.LauncherProvider(  704): 	at android.app.ApplicationPackageManager.getActivityInfo(ApplicationPackageManager.java:242)
W/Launcher.LauncherProvider(  704): 	at com.android.launcher2.LauncherProvider$DatabaseHelper.addAppShortcut(LauncherProvider.java:959)
W/Launcher.LauncherProvider(  704): 	at com.android.launcher2.LauncherProvider$DatabaseHelper.loadFavorites(LauncherProvider.java:863)
W/Launcher.LauncherProvider(  704): 	at com.android.launcher2.LauncherProvider$DatabaseHelper.access$000(LauncherProvider.java:253)
W/Launcher.LauncherProvider(  704): 	at com.android.launcher2.LauncherProvider.loadDefaultFavoritesIfNecessary(LauncherProvider.java:237)
W/Launcher.LauncherProvider(  704): 	at com.android.launcher2.LauncherModel$LoaderTask.loadWorkspace(LauncherModel.java:1278)
W/Launcher.LauncherProvider(  704): 	at com.android.launcher2.LauncherModel$LoaderTask.loadAndBindWorkspace(LauncherModel.java:1020)
W/Launcher.LauncherProvider(  704): 	at com.android.launcher2.LauncherModel$LoaderTask.run(LauncherModel.java:1126)
W/Launcher.LauncherProvider(  704): 	at android.os.Handler.handleCallback(Handler.java:733)
W/Launcher.LauncherProvider(  704): 	at android.os.Handler.dispatchMessage(Handler.java:95)
W/Launcher.LauncherProvider(  704): 	at android.os.Looper.loop(Looper.java:136)
W/Launcher.LauncherProvider(  704): 	at android.os.HandlerThread.run(HandlerThread.java:61)
D/AndroidRuntime(  792): 
D/AndroidRuntime(  792): >>>>>> AndroidRuntime START com.android.internal.os.RuntimeInit <<<<<<
D/AndroidRuntime(  792): CheckJNI is ON
D/dalvikvm(  353): GC_EXPLICIT freed 511K, 58% free 5579K/13156K, paused 5ms+28ms, total 335ms
D/dalvikvm(  792): Trying to load lib libjavacore.so 0x0
D/dalvikvm(  792): Added shared lib libjavacore.so 0x0
D/dalvikvm(  792): Trying to load lib libnativehelper.so 0x0
D/dalvikvm(  792): Added shared lib libnativehelper.so 0x0
D/dalvikvm(  792): No JNI_OnLoad found in libnativehelper.so 0x0, skipping init
E/NetdConnector(  353): NDC Command {14 bandwidth setiquota eth0 9223372036854775807} took too long (2219ms)
D/MobileDataStateTracker(  353): default: setPolicyDataEnable(enabled=true)
D/dalvikvm(  792): Note: class Landroid/app/ActivityManagerNative; has 179 unimplemented (abstract) methods
D/ConnectivityService(  353): startUsingNetworkFeature reconnecting to 0: enableHIPRI
D/ConnectivityService(  353): startUsingNetworkFeature X: return APN_REQUEST_STARTED
E/ConnectivityService(  353): startUsingNetworkFeature took too long: 2412ms
D/ConnectivityService(  353): [CheckMp] isMobileOk: hipri started
D/ConnectivityService(  353): [CheckMp] isMobileOk: not connected ni=NetworkInfo: type: mobile_hipri[UMTS], state: DISCONNECTED/IDLE, reason: (unspecified), extra: (none), roaming: false, failover: false, isAvailable: true, isConnectedToProvisioningNetwork: false
D/MobileDataStateTracker(  353): hipri: Broadcast received: android.intent.action.ANY_DATA_STATE apnType=hipri
D/MobileDataStateTracker(  353): hipri: Received state=CONNECTING, old=DISCONNECTED, reason=dataEnabled
D/MobileDataStateTracker(  353): hipri: setDetailed state, old =IDLE and new state=CONNECTING
D/dalvikvm(  704): GC_CONCURRENT freed 282K, 9% free 3882K/4232K, paused 2ms+37ms, total 252ms
D/MobileDataStateTracker(  353): fota: Broadcast received: android.intent.action.ANY_DATA_STATE apnType=fota
D/MobileDataStateTracker(  353): fota: Received state=DISCONNECTED, old=DISCONNECTED, reason=dataEnabled
D/MobileDataStateTracker(  353): ia: Broadcast received: android.intent.action.ANY_DATA_STATE apnType=ia
D/MobileDataStateTracker(  353): ia: Received state=DISCONNECTED, old=DISCONNECTED, reason=dataEnabled
D/MobileDataStateTracker(  353): supl: Broadcast received: android.intent.action.ANY_DATA_STATE apnType=supl
D/MobileDataStateTracker(  353): supl: Received state=DISCONNECTED, old=DISCONNECTED, reason=dataEnabled
D/MobileDataStateTracker(  353): ims: Broadcast received: android.intent.action.ANY_DATA_STATE apnType=ims
D/MobileDataStateTracker(  353): ims: Received state=DISCONNECTED, old=DISCONNECTED, reason=dataEnabled
D/MobileDataStateTracker(  353): mms: Broadcast received: android.intent.action.ANY_DATA_STATE apnType=mms
D/MobileDataStateTracker(  353): mms: Received state=DISCONNECTED, old=DISCONNECTED, reason=dataEnabled
D/MobileDataStateTracker(  353): cbs: Broadcast received: android.intent.action.ANY_DATA_STATE apnType=cbs
D/MobileDataStateTracker(  353): cbs: Received state=DISCONNECTED, old=DISCONNECTED, reason=dataEnabled
D/MobileDataStateTracker(  353): hipri: Broadcast received: android.intent.action.ANY_DATA_STATE apnType=hipri
D/MobileDataStateTracker(  353): hipri: Received state=CONNECTED, old=CONNECTING, reason=dataEnabled
D/MobileDataStateTracker(  353): hipri: setDetailed state, old =CONNECTING and new state=CONNECTED
D/ConnectivityService(  353): ConnectivityChange for mobile_hipri: CONNECTED/CONNECTED
E/logwrapper(  818): executing /system/bin/ip failed: No such file or directory
E/memtrack(  792): Couldn't load memtrack module (No such file or directory)
E/android.os.Debug(  792): failed to load memtrack module: -2
E/ConnectivityService(  353): Exception trying to add a route: java.lang.IllegalStateException: command '21 interface fwmark exempt add 10.0.2.2/32' failed with '400 21 Failed to add exemption rule (File exists)'
E/logwrapper(  819): executing /system/bin/ip failed: No such file or directory
E/ConnectivityService(  353): Exception trying to add a route: java.lang.IllegalStateException: command '23 interface fwmark exempt add 10.0.2.3/32' failed with '400 23 Failed to add exemption rule (File exists)'
E/logwrapper(  820): executing /system/bin/ip failed: No such file or directory
E/ConnectivityService(  353): Exception trying to add a route: java.lang.IllegalStateException: command '25 interface fwmark exempt add 10.0.2.2/32' failed with '400 25 Failed to add exemption rule (File exists)'
E/logwrapper(  821): executing /system/bin/ip failed: No such file or directory
E/ConnectivityService(  353): Exception trying to add a route: java.lang.IllegalStateException: command '27 interface fwmark exempt add 10.0.2.4/32' failed with '400 27 Failed to add exemption rule (File exists)'
E/logwrapper(  822): executing /system/bin/ip failed: No such file or directory
E/SecondaryTablController(   54): ip route add failed: /system/bin/ip route add 10.0.2.2/32 via 0.0.0.0 dev eth0 table 60
W/FrameworkListener(   54): Handler 'interface' error (No such device)
E/ConnectivityService(  353): Exception trying to add a route: java.lang.IllegalStateException: command '28 interface route add eth0 secondary 10.0.2.2 32 0.0.0.0' failed with '400 28 ip route modification failed (No such device)'
E/logwrapper(  824): executing /system/bin/ip failed: No such file or directory
E/SecondaryTablController(   54): ip route add failed: /system/bin/ip route add 0.0.0.0/0 via 10.0.2.2 dev eth0 table 60
W/FrameworkListener(   54): Handler 'interface' error (No such device)
E/ConnectivityService(  353): Exception trying to add a route: java.lang.IllegalStateException: command '29 interface route add eth0 secondary 0.0.0.0 0 10.0.2.2' failed with '400 29 ip route modification failed (No such device)'
D/Nat464Xlat(  353): requiresClat: netType=5, hasIPv4Address=true
D/MobileDataStateTracker(  353): default: setPolicyDataEnable(enabled=true)
D/AndroidRuntime(  792): Calling main entry com.android.commands.pm.Pm
W/NetworkPolicy(  353): shared quota unsupported; generating rule for each iface
D/MobileDataStateTracker(  353): hipri: isProvisioningNetwork: retVal=false
D/ConnectivityService(  353): [CheckMp] isMobileOk: isProvisioningNetwork is false, continue
I/ActivityManager(  353): Start proc com.android.defcontainer for service com.android.defcontainer/.DefaultContainerService: pid=829 uid=10003 gids={50003, 1028, 1015, 1023, 2001, 1035}
D/Launcher.Model(  704): Reload apps on config change. curr_mcc:310 prevmcc:0
D/dalvikvm(  353): GC_CONCURRENT freed 641K, 58% free 5534K/13156K, paused 7ms+53ms, total 261ms
D/ConnectivityService(  353): [CheckMp] isMobileOk: addresses=clients3.google.com/172.217.23.14
D/ConnectivityService(  353): [CheckMp] isMobileOk: linkHasIpv4=true linkHasIpv6=false
I/Choreographer(  704): Skipped 665 frames!  The application may be doing too much work on its main thread.
E/NetdConnector(  353): NDC Command {31 bandwidth removeiquota eth0} took too long (1290ms)
D/gralloc_goldfish(  704): Emulator without GPU emulation detected.
D/dalvikvm(  704): GC_FOR_ALLOC freed 206K, 7% free 4039K/4316K, paused 51ms, total 64ms
I/dalvikvm-heap(  704): Grow heap (frag case) to 5.543MB for 1610896-byte allocation
D/dalvikvm(  704): GC_FOR_ALLOC freed 4K, 5% free 5608K/5892K, paused 44ms, total 44ms
D/dalvikvm(  704): GC_CONCURRENT freed 24K, 6% free 5588K/5892K, paused 13ms+2ms, total 94ms
D/dalvikvm(  704): WAIT_FOR_CONCURRENT_GC blocked 40ms
I/dalvikvm-heap(  704): Grow heap (frag case) to 7.056MB for 1610896-byte allocation
D/dalvikvm(  704): GC_FOR_ALLOC freed 1K, 5% free 7160K/7468K, paused 43ms, total 43ms
I/ActivityManager(  353): Displayed com.android.launcher/com.android.launcher2.Launcher: +16s293ms (total +20s560ms)
D/dalvikvm(  463): GC_FOR_ALLOC freed 3095K, 5% free 3585K/3756K, paused 87ms, total 91ms
I/dalvikvm-heap(  463): Grow heap (frag case) to 6.490MB for 3072016-byte allocation
D/dalvikvm(  463): GC_CONCURRENT freed 3K, 3% free 6582K/6760K, paused 53ms+3ms, total 101ms
D/Tethering(  353): MasterInitialState.processMessage what=3
D/CaptivePortalTracker(  353): NoActiveNetworkState{ when=-3ms what=1 obj=NetworkInfo: type: mobile_hipri[UMTS], state: CONNECTED/CONNECTED, reason: dataEnabled, extra: epc.tmobile.com, roaming: false, failover: false, isAvailable: true, isConnectedToProvisioningNetwork: false target=com.android.internal.util.StateMachine$SmHandler }
D/CaptivePortalTracker(  353): NoActiveNetworkState not a wifi connectivity change, ignore
E/NetdConnector(  353): NDC Command {33 bandwidth setiquota eth0 9223372036854775807} took too long (2098ms)
E/NetdConnector(  353): NDC Command {32 interface route add eth0 default 10.0.2.2 32 0.0.0.0} took too long (2387ms)
I/Choreographer(  704): Skipped 110 frames!  The application may be doing too much work on its main thread.
E/logwrapper(  875): executing /system/bin/ip failed: No such file or directory
E/NetdConnector(  353): NDC Command {34 bandwidth removeiquota eth0} took too long (688ms)
E/NetdConnector(  353): NDC Command {35 interface fwmark exempt add 10.0.2.2/32} took too long (692ms)
E/ConnectivityService(  353): Exception trying to add a route: java.lang.IllegalStateException: command '35 interface fwmark exempt add 10.0.2.2/32' failed with '400 35 Failed to add exemption rule (File exists)'
W/ProcessCpuTracker(  353): Skipping unknown process pid 884
I/Choreographer(  704): Skipped 231 frames!  The application may be doing too much work on its main thread.
I/Choreographer(  704): Skipped 67 frames!  The application may be doing too much work on its main thread.
E/NetdConnector(  353): NDC Command {36 bandwidth setiquota eth0 9223372036854775807} took too long (1472ms)
D/MobileDataStateTracker(  353): default: setPolicyDataEnable(enabled=true)
E/NetdConnector(  353): NDC Command {37 interface route add eth0 default 172.217.23.14 32 10.0.2.2} took too long (1513ms)
E/logwrapper(  893): executing /system/bin/ip failed: No such file or directory
E/ConnectivityService(  353): Exception trying to add a route: java.lang.IllegalStateException: command '39 interface fwmark exempt add 172.217.23.14/32' failed with '400 39 Failed to add exemption rule (File exists)'
D/ConnectivityService(  353): requestRouteToHostAddress ok=false
D/ConnectivityService(  353): [CheckMp] isMobileOk: could not establish route to hostAddr=clients3.google.com/172.217.23.14
E/SQLiteLog(  639): (1) no such table: album_info
D/dalvikvm(  639): GC_CONCURRENT freed 227K, 10% free 2882K/3172K, paused 5ms+2ms, total 84ms
W/ActivityManager(  353): No content provider found for permission revoke: file:///data/local/tmp/sample_for_analysis.apk
W/ActivityManager(  353): No content provider found for permission revoke: file:///data/local/tmp/sample_for_analysis.apk
I/PackageManager(  353): Copying native libraries to /data/app-lib/vmdl-2109335735
I/ContactLocale(  574): AddressBook Labels [en_US]: [, A, B, C, D, E, F, G, H, I, J, K, L, M, N, O, P, Q, R, S, T, U, V, W, X, Y, Z, , , , , , , , , , , , , , , , , , , , , , , , , , , , , , , , , , , , , , , , , , , , , , , , , , , , , , , , , , , , , , , , , , , , , , , , , , , , , , , , , , , , , , , , , , , , , , , , , , , , , , , , , , , , , , , , , , , , , , , , , , , , , , , , , , , , , , , , , , , , , , , , , , , , , , , , , , , , , , , , , , , , , , , , , , , , , , , , , , , , , , #, ]
D/dalvikvm(  353): GC_CONCURRENT freed 433K, 57% free 5685K/13156K, paused 17ms+4ms, total 74ms
D/dalvikvm(  704): GC_CONCURRENT freed 2035K, 25% free 6493K/8600K, paused 4ms+4ms, total 61ms
D/GpsLocationProvider(  353): NTP server returned: 1545867707765 (Wed Dec 26 18:41:47 EST 2018) reference: 90614 certainty: 9 system time offset: -31539
D/dalvikvm(  353): GC_CONCURRENT freed 647K, 57% free 5664K/13156K, paused 17ms+5ms, total 66ms
I/ActivityManager(  353): Start proc com.android.externalstorage for broadcast com.android.externalstorage/.MountReceiver: pid=900 uid=10006 gids={50006, 1028, 1015, 1023}
I/PackageManager(  353): Running dexopt on: ggican.timer
I/DownloadManager(  639): Upgrading downloads database from version 0 to version 109, which will destroy all old data
D/dalvikvm(  912): DexOpt: 'Landroid/annotation/SuppressLint;' has an earlier definition; blocking out
D/dalvikvm(  912): DexOpt: 'Landroid/annotation/TargetApi;' has an earlier definition; blocking out
D/dalvikvm(  912): DexOpt: not verifying/optimizing 'Landroid/annotation/SuppressLint;': multiple definitions
D/dalvikvm(  912): DexOpt: not verifying/optimizing 'Landroid/annotation/TargetApi;': multiple definitions
D/dalvikvm(  912): DexOpt: load 88ms, verify+opt 338ms, 776860 bytes
E/logwrapper(  914): executing /system/bin/ip failed: No such file or directory
E/ConnectivityService(  353): Exception trying to add a route: java.lang.IllegalStateException: command '41 interface fwmark exempt add 10.0.2.2/32' failed with '400 41 Failed to add exemption rule (File exists)'
E/logwrapper(  915): executing /system/bin/ip failed: No such file or directory
E/ConnectivityService(  353): Exception trying to add a route: java.lang.IllegalStateException: command '43 interface fwmark exempt add 172.217.23.14/32' failed with '400 43 Failed to add exemption rule (File exists)'
D/ConnectivityService(  353): requestRouteToHostAddress ok=false
D/ConnectivityService(  353): [CheckMp] isMobileOk: could not establish route to hostAddr=clients3.google.com/172.217.23.14
I/ActivityManager(  353): Start proc com.android.exchange for content provider com.android.exchange/.provider.ExchangeDirectoryProvider: pid=916 uid=10025 gids={50025, 3003, 1028, 1015}
I/ActivityManager(  353): Force stopping ggican.timer appid=10052 user=-1: update pkg
I/InputReader(  353): Reconfiguring input devices.  changes=0x00000010
D/BackupManagerService(  353): Received broadcast Intent { act=android.intent.action.PACKAGE_ADDED dat=package:ggican.timer flg=0x4000010 (has extras) }
V/BackupManagerService(  353): addPackageParticipantsLocked: #1
I/PackageManager(  353):   Action: "android.intent.action.SENDTO"
I/PackageManager(  353):   Category: "android.intent.category.DEFAULT"
I/PackageManager(  353):   Scheme: "sms"
I/PackageManager(  353): Adding preferred activity ComponentInfo{com.android.mms/com.android.mms.ui.ComposeMessageActivity} for user 0 :
D/dalvikvm(  612): GC_CONCURRENT freed 472K, 14% free 3345K/3884K, paused 8ms+31ms, total 94ms
I/PackageManager(  353):   Action: "android.intent.action.SENDTO"
I/PackageManager(  353):   Category: "android.intent.category.DEFAULT"
I/PackageManager(  353):   Scheme: "smsto"
I/PackageManager(  353): Adding preferred activity ComponentInfo{com.android.mms/com.android.mms.ui.ComposeMessageActivity} for user 0 :
D/dalvikvm(  353): GC_EXPLICIT freed 724K, 57% free 5683K/13156K, paused 243ms+7ms, total 313ms
D/dalvikvm(  353): WAIT_FOR_CONCURRENT_GC blocked 73ms
D/AndroidRuntime(  792): Shutting down VM
D/dalvikvm(  353): WAIT_FOR_CONCURRENT_GC blocked 73ms
D/dalvikvm(  353): WAIT_FOR_CONCURRENT_GC blocked 84ms
D/dalvikvm(  353): WAIT_FOR_CONCURRENT_GC blocked 82ms
D/dalvikvm(  353): WAIT_FOR_CONCURRENT_GC blocked 88ms
D/dalvikvm(  353): WAIT_FOR_CONCURRENT_GC blocked 100ms
D/dalvikvm(  792): GC_CONCURRENT freed 95K, 16% free 560K/660K, paused 3ms+12ms, total 23ms
I/PackageManager(  353):   Action: "android.intent.action.SENDTO"
I/PackageManager(  353):   Category: "android.intent.category.DEFAULT"
I/PackageManager(  353):   Scheme: "mms"
I/PackageManager(  353): Adding preferred activity ComponentInfo{com.android.mms/com.android.mms.ui.ComposeMessageActivity} for user 0 :
I/PackageManager(  353):   Action: "android.intent.action.SENDTO"
I/PackageManager(  353):   Category: "android.intent.category.DEFAULT"
I/PackageManager(  353):   Scheme: "mmsto"
I/PackageManager(  353): Adding preferred activity ComponentInfo{com.android.mms/com.android.mms.ui.ComposeMessageActivity} for user 0 :
I/PackageManager(  353):   Action: "android.intent.action.SENDTO"
I/PackageManager(  353):   Category: "android.intent.category.DEFAULT"
I/PackageManager(  353):   Scheme: "sms"
I/PackageManager(  353): Adding preferred activity ComponentInfo{com.android.mms/com.android.mms.ui.ComposeMessageActivity} for user 0 :
I/PackageManager(  353):   Action: "android.intent.action.SENDTO"
I/PackageManager(  353):   Category: "android.intent.category.DEFAULT"
I/PackageManager(  353):   Scheme: "smsto"
I/PackageManager(  353): Adding preferred activity ComponentInfo{com.android.mms/com.android.mms.ui.ComposeMessageActivity} for user 0 :
D/dalvikvm(  612): GC_CONCURRENT freed 359K, 14% free 3371K/3916K, paused 4ms+2ms, total 45ms
D/dalvikvm(  612): WAIT_FOR_CONCURRENT_GC blocked 38ms
I/PackageManager(  353):   Action: "android.intent.action.SENDTO"
I/PackageManager(  353):   Category: "android.intent.category.DEFAULT"
I/PackageManager(  353):   Scheme: "mms"
I/PackageManager(  353): Adding preferred activity ComponentInfo{com.android.mms/com.android.mms.ui.ComposeMessageActivity} for user 0 :
I/PackageManager(  353):   Action: "android.intent.action.SENDTO"
I/PackageManager(  353):   Category: "android.intent.category.DEFAULT"
I/PackageManager(  353):   Scheme: "mmsto"
I/PackageManager(  353): Adding preferred activity ComponentInfo{com.android.mms/com.android.mms.ui.ComposeMessageActivity} for user 0 :
D/dalvikvm(  353): GC_CONCURRENT freed 767K, 58% free 5618K/13156K, paused 27ms+15ms, total 172ms
D/ExternalStorage(  900): Missing UUID for /storage/sdcard; skipping
D/ExternalStorage(  900): After updating volumes, found 0 active roots
D/ExternalStorage(  900): Missing UUID for /storage/sdcard; skipping
D/ExternalStorage(  900): After updating volumes, found 0 active roots
D/MediaScannerReceiver(  639): action: android.intent.action.MEDIA_MOUNTED path: /storage/sdcard
E/BluetoothAdapter(  626): Bluetooth binder is null
I/ActivityManager(  353): Start proc com.android.email for content provider com.android.email/.provider.EmailProvider: pid=933 uid=10024 gids={50024, 3003, 1028, 1015}
I/ActivityManager(  353): Start proc com.android.music for broadcast com.android.music/.MediaButtonIntentReceiver: pid=945 uid=10032 gids={50032, 3003, 1028, 1015}
I/dalvikvm(  945): CheckJNI enabled: not enabling JNI app bug workarounds.
D/ActivityThread(  933): Loading provider com.android.email.provider;com.android.email.notifier: com.android.email.provider.EmailProvider
D/ActivityThread(  933): Loading provider com.android.email.provider;com.android.email.notifier: com.android.email.provider.EmailProvider
W/RecognitionManagerService(  353): no available voice recognition services found for user 0
I/ContactDirectoryManager(  574): deleted 0 stale rows which don't have any relevant directory
I/ContactDirectoryManager(  574): Discovered 0 contact directories in 4028ms
I/ContactsProvider(  574): Upgrading aggregation algorithm
I/ContactAggregator(  574): Marked all visible contacts for aggregation: 0 raw contacts, 26 ms
V/MediaScanner(  639): pruneDeadThumbnailFiles... android.database.sqlite.SQLiteCursor@b2ddb0f0
V/MediaScanner(  639): /pruneDeadThumbnailFiles... android.database.sqlite.SQLiteCursor@b2ddb0f0
I/ContactsProvider(  574): Aggregation algorithm upgraded for 0 raw contacts in 64ms
E/logwrapper(  960): executing /system/bin/ip failed: No such file or directory
E/ConnectivityService(  353): Exception trying to add a route: java.lang.IllegalStateException: command '45 interface fwmark exempt add 10.0.2.2/32' failed with '400 45 Failed to add exemption rule (File exists)'
E/logwrapper(  961): executing /system/bin/ip failed: No such file or directory
