D/dalvikvm(  356): GC_CONCURRENT freed 502K, 67% free 4243K/12740K, paused 5ms+3ms, total 41ms
D/dalvikvm(  356): WAIT_FOR_CONCURRENT_GC blocked 31ms
D/dalvikvm(  356): GC_FOR_ALLOC freed 418K, 67% free 4232K/12740K, paused 28ms, total 29ms
D/dalvikvm(  356): GC_CONCURRENT freed 28K, 65% free 4547K/12740K, paused 5ms+6ms, total 97ms
D/dalvikvm(  356): GC_CONCURRENT freed 340K, 64% free 4673K/12740K, paused 6ms+5ms, total 71ms
D/dalvikvm(  356): GC_CONCURRENT freed 325K, 62% free 4865K/12740K, paused 5ms+6ms, total 103ms
I/PackageManager(  356): /system/app/LegacyCamera.apk changed; collecting certs
D/dalvikvm(  356): GC_CONCURRENT freed 434K, 61% free 4972K/12740K, paused 5ms+9ms, total 77ms
D/dalvikvm(  356): WAIT_FOR_CONCURRENT_GC blocked 18ms
D/dalvikvm(  356): GC_FOR_ALLOC freed 1317K, 68% free 4119K/12740K, paused 34ms, total 34ms
D/dalvikvm(  356): GC_CONCURRENT freed 249K, 66% free 4381K/12740K, paused 5ms+4ms, total 48ms
D/dalvikvm(  356): WAIT_FOR_CONCURRENT_GC blocked 16ms
D/dalvikvm(  356): GC_CONCURRENT freed 332K, 64% free 4671K/12740K, paused 6ms+6ms, total 102ms
D/dalvikvm(  356): GC_CONCURRENT freed 350K, 63% free 4807K/12740K, paused 4ms+4ms, total 93ms
I/PackageManager(  356): /system/app/LiveWallpapersPicker.apk changed; collecting certs
I/PackageManager(  356): /system/app/Music.apk changed; collecting certs
D/dalvikvm(  356): GC_CONCURRENT freed 494K, 63% free 4815K/12740K, paused 4ms+18ms, total 88ms
D/dalvikvm(  356): WAIT_FOR_CONCURRENT_GC blocked 62ms
D/dalvikvm(  356): GC_CONCURRENT freed 1106K, 68% free 4191K/12740K, paused 5ms+13ms, total 82ms
I/PackageManager(  356): /system/app/NetSpeed.apk changed; collecting certs
I/PackageManager(  356): /system/app/OpenWnn.apk changed; collecting certs
D/dalvikvm(  356): GC_CONCURRENT freed 319K, 67% free 4325K/12740K, paused 5ms+5ms, total 45ms
D/dalvikvm(  356): WAIT_FOR_CONCURRENT_GC blocked 30ms
D/dalvikvm(  356): GC_CONCURRENT freed 653K, 68% free 4184K/12740K, paused 5ms+5ms, total 69ms
D/dalvikvm(  356): WAIT_FOR_CONCURRENT_GC blocked 19ms
D/dalvikvm(  356): GC_CONCURRENT freed 201K, 65% free 4494K/12740K, paused 5ms+4ms, total 75ms
D/dalvikvm(  356): WAIT_FOR_CONCURRENT_GC blocked 13ms
I/PackageManager(  356): /system/app/PacProcessor.apk changed; collecting certs
I/PackageManager(  356): /system/app/PackageInstaller.apk changed; collecting certs
D/dalvikvm(  356): GC_CONCURRENT freed 409K, 64% free 4606K/12740K, paused 13ms+8ms, total 95ms
D/dalvikvm(  356): WAIT_FOR_CONCURRENT_GC blocked 7ms
I/PackageManager(  356): /system/app/PicoTts.apk changed; collecting certs
I/PackageManager(  356): /system/app/PinyinIME.apk changed; collecting certs
D/dalvikvm(  356): GC_CONCURRENT freed 993K, 68% free 4125K/12740K, paused 15ms+4ms, total 75ms
D/dalvikvm(  356): WAIT_FOR_CONCURRENT_GC blocked 17ms
I/PackageManager(  356): /system/app/PrintSpooler.apk changed; collecting certs
I/PackageManager(  356): /system/app/Protips.apk changed; collecting certs
D/dalvikvm(  356): GC_CONCURRENT freed 464K, 68% free 4146K/12740K, paused 5ms+13ms, total 78ms
I/PackageManager(  356): /system/app/QuickSearchBox.apk changed; collecting certs
D/dalvikvm(  356): GC_CONCURRENT freed 462K, 68% free 4196K/12740K, paused 14ms+4ms, total 56ms
D/dalvikvm(  356): WAIT_FOR_CONCURRENT_GC blocked 24ms
I/PackageManager(  356): /system/app/SdkSetup.apk changed; collecting certs
D/dalvikvm(  356): GC_CONCURRENT freed 386K, 67% free 4309K/12740K, paused 6ms+5ms, total 82ms
I/PackageManager(  356): /system/app/SoundRecorder.apk changed; collecting certs
I/PackageManager(  356): /system/app/SpeechRecorder.apk changed; collecting certs
I/PackageManager(  356): /system/app/TelephonyProvider.apk changed; collecting certs
I/PackageManager(  356): /system/app/UserDictionaryProvider.apk changed; collecting certs
D/dalvikvm(  356): GC_CONCURRENT freed 459K, 66% free 4418K/12740K, paused 13ms+6ms, total 100ms
D/PackageManager(  356): No files in app dir /vendor/app
I/PackageManager(  356): /data/app/ApiDemos.apk changed; collecting certs
W/PackageParser(  356): No actions in intent filter at /data/app/ApiDemos.apk Binary XML file line #2899
W/PackageParser(  356): No actions in intent filter at /data/app/ApiDemos.apk Binary XML file line #2905
D/dalvikvm(  356): GC_CONCURRENT freed 563K, 67% free 4331K/12740K, paused 5ms+12ms, total 81ms
D/dalvikvm(  356): GC_CONCURRENT freed 304K, 65% free 4507K/12740K, paused 5ms+2ms, total 41ms
D/dalvikvm(  356): WAIT_FOR_CONCURRENT_GC blocked 28ms
D/dalvikvm(  356): GC_CONCURRENT freed 332K, 64% free 4681K/12740K, paused 14ms+13ms, total 90ms
D/dalvikvm(  356): GC_CONCURRENT freed 273K, 62% free 4900K/12740K, paused 13ms+13ms, total 90ms
D/dalvikvm(  356): GC_CONCURRENT freed 621K, 63% free 4829K/12740K, paused 4ms+3ms, total 67ms
D/dalvikvm(  356): WAIT_FOR_CONCURRENT_GC blocked 28ms
D/dalvikvm(  356): GC_CONCURRENT freed 531K, 63% free 4829K/12740K, paused 5ms+3ms, total 76ms
D/dalvikvm(  356): WAIT_FOR_CONCURRENT_GC blocked 17ms
D/dalvikvm(  356): GC_CONCURRENT freed 504K, 62% free 4841K/12740K, paused 13ms+6ms, total 86ms
D/dalvikvm(  356): GC_CONCURRENT freed 535K, 62% free 4841K/12740K, paused 14ms+4ms, total 70ms
D/dalvikvm(  356): WAIT_FOR_CONCURRENT_GC blocked 31ms
D/dalvikvm(  356): GC_CONCURRENT freed 529K, 62% free 4844K/12740K, paused 13ms+3ms, total 69ms
D/dalvikvm(  356): WAIT_FOR_CONCURRENT_GC blocked 32ms
D/dalvikvm(  356): GC_CONCURRENT freed 529K, 62% free 4847K/12740K, paused 13ms+4ms, total 69ms
D/dalvikvm(  356): WAIT_FOR_CONCURRENT_GC blocked 32ms
D/dalvikvm(  356): GC_CONCURRENT freed 529K, 62% free 4850K/12740K, paused 13ms+3ms, total 70ms
D/dalvikvm(  356): WAIT_FOR_CONCURRENT_GC blocked 33ms
D/dalvikvm(  356): GC_CONCURRENT freed 531K, 62% free 4854K/12740K, paused 5ms+3ms, total 69ms
D/dalvikvm(  356): WAIT_FOR_CONCURRENT_GC blocked 26ms
D/dalvikvm(  356): GC_CONCURRENT freed 529K, 62% free 4857K/12740K, paused 5ms+3ms, total 71ms
D/dalvikvm(  356): WAIT_FOR_CONCURRENT_GC blocked 27ms
D/dalvikvm(  356): GC_CONCURRENT freed 546K, 62% free 4850K/12740K, paused 5ms+3ms, total 68ms
D/dalvikvm(  356): WAIT_FOR_CONCURRENT_GC blocked 27ms
W/PackageManager(  356): Package com.example.android.apis desires unavailable shared library com.example.will.never.exist; ignoring!
I/PackageManager(  356): /data/app/CubeLiveWallpapers.apk changed; collecting certs
I/PackageManager(  356): /data/app/GestureBuilder.apk changed; collecting certs
D/dalvikvm(  356): GC_CONCURRENT freed 324K, 61% free 5009K/12740K, paused 5ms+22ms, total 79ms
I/PackageManager(  356): /data/app/SmokeTest.apk changed; collecting certs
I/PackageManager(  356): /data/app/SmokeTestApp.apk changed; collecting certs
D/dalvikvm(  356): GC_CONCURRENT freed 1195K, 66% free 4385K/12740K, paused 13ms+8ms, total 82ms
D/dalvikvm(  356): WAIT_FOR_CONCURRENT_GC blocked 14ms
I/PackageManager(  356): /data/app/SoftKeyboard.apk changed; collecting certs
D/dalvikvm(  356): GC_CONCURRENT freed 537K, 66% free 4357K/12740K, paused 4ms+3ms, total 63ms
D/dalvikvm(  356): WAIT_FOR_CONCURRENT_GC blocked 22ms
I/PackageManager(  356): /data/app/WidgetPreview.apk changed; collecting certs
W/PackageManager(  356): Package com.example.android.apis desires unavailable shared library com.example.will.never.exist; ignoring!
W/PackageManager(  356): Package com.android.camera desires unavailable shared library com.google.android.media.effects; ignoring!
I/PackageManager(  356): Time to scan packages: 23.252 seconds
W/PackageManager(  356): Not granting permission android.permission.GLOBAL_SEARCH to package com.android.quicksearchbox (protectionLevel=18 flags=0x8be45)
W/PackageManager(  356): Unknown permission com.android.smspush.WAPPUSH_MANAGER_BIND in package com.android.phone
W/PackageManager(  356): Unknown permission com.google.android.googleapps.permission.GOOGLE_AUTH in package com.android.providers.calendar
W/PackageManager(  356): Unknown permission com.google.android.googleapps.permission.GOOGLE_AUTH.cl in package com.android.providers.calendar
W/PackageManager(  356): Unknown permission com.google.android.googleapps.permission.GOOGLE_AUTH.mail in package com.android.calendar
W/PackageManager(  356): Not granting permission android.permission.ACCESS_DOWNLOAD_MANAGER to package com.android.browser (protectionLevel=18 flags=0x9be45)
W/PackageManager(  356): Not granting permission android.permission.SEND_DOWNLOAD_COMPLETED_INTENTS to package com.android.browser (protectionLevel=2 flags=0x9be45)
W/PackageManager(  356): Not granting permission android.permission.BIND_APPWIDGET to package com.android.widgetpreview (protectionLevel=18 flags=0x8be44)
W/PackageManager(  356): Unknown permission android.permission.INSTALL_DRM in package com.android.mms
W/PackageManager(  356): Unknown permission com.google.android.googleapps.permission.GOOGLE_AUTH in package com.android.settings
W/PackageManager(  356): Unknown permission com.google.android.googleapps.permission.ACCESS_GOOGLE_PASSWORD in package com.android.development
W/PackageManager(  356): Unknown permission com.google.android.googleapps.permission.GOOGLE_AUTH in package com.android.development
W/PackageManager(  356): Unknown permission com.google.android.googleapps.permission.GOOGLE_AUTH.ALL_SERVICES in package com.android.development
W/PackageManager(  356): Unknown permission com.google.android.googleapps.permission.GOOGLE_AUTH.YouTubeUser in package com.android.development
W/PackageManager(  356): Not granting permission android.permission.DELETE_PACKAGES to package com.svox.pico (protectionLevel=18 flags=0x8be45)
W/PackageManager(  356): Not granting permission android.permission.DEVICE_POWER to package com.android.deskclock (protectionLevel=2 flags=0x48be45)
D/dalvikvm(  356): GC_CONCURRENT freed 397K, 66% free 4367K/12740K, paused 6ms+5ms, total 104ms
D/dalvikvm(  356): GC_EXPLICIT freed 286K, 67% free 4279K/12740K, paused 4ms+3ms, total 52ms
I/SystemServer(  356): Entropy Mixer
W/EntropyMixer(  356): No existing entropy file -- first boot?
I/EntropyMixer(  356): Writing entropy...
I/SystemServer(  356): User Service
I/SystemServer(  356): Account Manager
I/SystemServer(  356): Content Manager
I/SystemServer(  356): System Content Providers
I/SyncManager(  356): No initial accounts
I/SyncManager(  356): No initial status
W/SyncManagerFile(  356): Error reading pending data.
W/SyncManagerFile(  356): java.io.FileNotFoundException: /data/system/sync/pending.xml: open failed: ENOENT (No such file or directory)
W/SyncManagerFile(  356): 	at libcore.io.IoBridge.open(IoBridge.java:409)
W/SyncManagerFile(  356): 	at java.io.FileInputStream.<init>(FileInputStream.java:78)
W/SyncManagerFile(  356): 	at android.util.AtomicFile.openRead(AtomicFile.java:199)
W/SyncManagerFile(  356): 	at com.android.server.content.SyncStorageEngine.readPendingOperationsLocked(SyncStorageEngine.java:2286)
W/SyncManagerFile(  356): 	at com.android.server.content.SyncStorageEngine.<init>(SyncStorageEngine.java:434)
W/SyncManagerFile(  356): 	at com.android.server.content.SyncStorageEngine.init(SyncStorageEngine.java:454)
W/SyncManagerFile(  356): 	at com.android.server.content.SyncManager.<init>(SyncManager.java:383)
W/SyncManagerFile(  356): 	at com.android.server.content.ContentService.getSyncManager(ContentService.java:75)
W/SyncManagerFile(  356): 	at com.android.server.content.ContentService.notifyChange(ContentService.java:283)
W/SyncManagerFile(  356): 	at android.content.ContentResolver.notifyChange(ContentResolver.java:1621)
W/SyncManagerFile(  356): 	at com.android.providers.settings.SettingsProvider.sendNotify(SettingsProvider.java:262)
W/SyncManagerFile(  356): 	at com.android.providers.settings.SettingsProvider.insertForUser(SettingsProvider.java:941)
W/SyncManagerFile(  356): 	at com.android.providers.settings.SettingsProvider.ensureAndroidIdIsSet(SettingsProvider.java:496)
W/SyncManagerFile(  356): 	at com.android.providers.settings.SettingsProvider.establishDbTracking(SettingsProvider.java:409)
W/SyncManagerFile(  356): 	at com.android.providers.settings.SettingsProvider.onCreate(SettingsProvider.java:335)
W/SyncManagerFile(  356): 	at android.content.ContentProvider.attachInfo(ContentProvider.java:1591)
W/SyncManagerFile(  356): 	at android.content.ContentProvider.attachInfo(ContentProvider.java:1562)
W/SyncManagerFile(  356): 	at android.app.ActivityThread.installProvider(ActivityThread.java:4774)
W/SyncManagerFile(  356): 	at android.app.ActivityThread.installContentProviders(ActivityThread.java:4369)
W/SyncManagerFile(  356): 	at android.app.ActivityThread.installSystemProviders(ActivityThread.java:4929)
W/SyncManagerFile(  356): 	at com.android.server.am.ActivityManagerService.installSystemProviders(ActivityManagerService.java:8081)
W/SyncManagerFile(  356): 	at com.android.server.ServerThread.initAndLoop(SystemServer.java:275)
W/SyncManagerFile(  356): 	at com.android.server.SystemServer.main(SystemServer.java:1179)
W/SyncManagerFile(  356): 	at java.lang.reflect.Method.invokeNative(Native Method)
W/SyncManagerFile(  356): 	at java.lang.reflect.Method.invoke(Method.java:515)
W/SyncManagerFile(  356): 	at com.android.internal.os.ZygoteInit$MethodAndArgsCaller.run(ZygoteInit.java:785)
W/SyncManagerFile(  356): 	at com.android.internal.os.ZygoteInit.main(ZygoteInit.java:601)
W/SyncManagerFile(  356): 	at dalvik.system.NativeStart.main(Native Method)
W/SyncManagerFile(  356): Caused by: libcore.io.ErrnoException: open failed: ENOENT (No such file or directory)
W/SyncManagerFile(  356): 	at libcore.io.Posix.open(Native Method)
W/SyncManagerFile(  356): 	at libcore.io.BlockGuardOs.open(BlockGuardOs.java:110)
W/SyncManagerFile(  356): 	at libcore.io.IoBridge.open(IoBridge.java:393)
W/SyncManagerFile(  356): 	... 27 more
I/SyncManager(  356): No initial statistics
D/SettingsProvider(  356): Generated and saved new ANDROID_ID [fb0ddb753df71384] for user 0
I/SystemServer(  356): Lights Service
I/SystemServer(  356): Battery Service
E/ConsumerIrService(  356): Can't open consumer IR HW Module, error: -2
W/libsuspend(  356): Error writing 'on' to /sys/power/state: Invalid argument
I/SystemServer(  356): Vibrator Service
I/SystemServer(  356): Consumer IR Service
E/libsuspend(  356): Error opening /sys/power/autosleep: No such file or directory
I/libsuspend(  356): Selected wakeup count
D/PermissionCache(   58): checking android.permission.ACCESS_SURFACE_FLINGER for uid=1000 => granted (2632 us)
D/SurfaceFlinger(   58): Screen acquired, type=0 flinger=0xb838c450
D/SurfaceFlinger(   58):  screen was previously acquired
I/SystemServer(  356): Alarm Manager
I/SystemServer(  356): Init Watchdog
I/SystemServer(  356): Input Manager
I/InputManager(  356): Initializing input manager, mUseDevInputEventForAudioJack=false
I/SystemServer(  356): Window Manager
I/WindowManager(  356): No existing display settings /data/system/display_settings.xml; starting empty
D/dalvikvm(  356): GC_CONCURRENT freed 269K, 65% free 4517K/12740K, paused 36ms+6ms, total 150ms
I/WindowManager(  356): No keyguard interface!
I/InputManager(  356): Starting input manager
I/SystemServer(  356): No Bluetooh Service (emulator)
I/SystemServer(  356): Input Method Service
E/EventHub(  356): could not get driver version for /dev/input/mouse0, Not a typewriter
W/EventHub(  356): Unable to disable kernel key repeat for /dev/input/event0: Function not implemented
I/EventHub(  356): New device: id=1, fd=93, path='/dev/input/event0', name='qwerty2', classes=0x2d, configuration='/system/usr/idc/qwerty2.idc', keyLayout='/system/usr/keylayout/qwerty.kl', keyCharacterMap='/system/usr/keychars/qwerty2.kcm', builtinKeyboard=true, usingSuspendBlockIoctl=true, usingClockIoctl=true
E/EventHub(  356): could not get driver version for /dev/input/mice, Not a typewriter
I/InputReader(  356): Device added: id=-1, name='Virtual', sources=0x00000301
I/InputReader(  356):   Touch device 'qwerty2' could not query the properties of its associated display.  The device will be inoperable until the display size becomes available.
I/InputReader(  356): Device added: id=0, name='qwerty2', sources=0x00011307
W/InputMethodManagerService(  356): No IME selected. Choose the most applicable IME.
I/InputMethodManagerService(  356): No default found, using com.android.inputmethod.latin/.LatinIME
I/SystemServer(  356): Accessibility Manager
I/ActivityManager(  356): Config changes=1df8 {1.0 ?mcc?mnc en_US ldltr sw480dp w480dp h864dp 160dpi lrg long port ?uimode ?night -touch -keyb/h/h tball/v s.2}
I/InputReader(  356): Reconfiguring input devices.  changes=0x00000004
I/InputReader(  356): Device reconfigured: id=0, name='qwerty2', size 480x864, orientation 0, mode 1, display id 0
I/ActivityManager(  356): Config changes=408 {1.0 ?mcc?mnc en_US ldltr sw480dp w480dp h839dp 160dpi lrg long port ?uimode ?night finger -keyb/h/h tball/v s.3}
I/SystemServer(  356): Mount Service
D/MountService(  356): got storage path: /storage/sdcard description: USB storage primary: true removable: false emulated: false mtpReserve: 0 allowMassStorage: false maxFileSize: 0
D/MountService(  356): addVolumeLocked() StorageVolume:
D/MountService(  356):     mStorageId=0 mPath=/storage/sdcard mDescriptionId=17040665 mPrimary=true 
D/MountService(  356):     mRemovable=false mEmulated=false mMtpReserveSpace=0 
D/MountService(  356):     mAllowMassStorage=false mMaxFileSize=0 mOwner=null mUuid=null 
D/MountService(  356):     mUserLabel=null mState=null 
I/SystemServer(  356): LockSettingsService
I/SystemServer(  356): Device Policy
I/SystemServer(  356): Status Bar
I/SystemServer(  356): Clipboard Service
I/SystemServer(  356): NetworkManagement Service
I/SystemServer(  356): Text Service Manager Service
W/MountService(  356): Duplicate state transition (unmounted -> unmounted) for /storage/sdcard
W/MountService(  356): getSecureContainerList() called when storage not mounted
I/PackageManager(  356): No secure containers on sdcard
W/PackageManager(  356): Not granting permission android.permission.GLOBAL_SEARCH to package com.android.quicksearchbox (protectionLevel=18 flags=0x8be45)
I/SystemServer(  356): NetworkStats Service
I/SystemServer(  356): NetworkPolicy Service
I/SystemServer(  356): Wi-Fi P2pService
W/PackageManager(  356): Unknown permission com.android.smspush.WAPPUSH_MANAGER_BIND in package com.android.phone
W/PackageManager(  356): Unknown permission com.google.android.googleapps.permission.GOOGLE_AUTH in package com.android.providers.calendar
W/PackageManager(  356): Unknown permission com.google.android.googleapps.permission.GOOGLE_AUTH.cl in package com.android.providers.calendar
W/PackageManager(  356): Unknown permission com.google.android.googleapps.permission.GOOGLE_AUTH.mail in package com.android.calendar
W/PackageManager(  356): Not granting permission android.permission.ACCESS_DOWNLOAD_MANAGER to package com.android.browser (protectionLevel=18 flags=0x9be45)
W/PackageManager(  356): Not granting permission android.permission.SEND_DOWNLOAD_COMPLETED_INTENTS to package com.android.browser (protectionLevel=2 flags=0x9be45)
W/PackageManager(  356): Not granting permission android.permission.BIND_APPWIDGET to package com.android.widgetpreview (protectionLevel=18 flags=0x8be44)
W/PackageManager(  356): Unknown permission android.permission.INSTALL_DRM in package com.android.mms
W/PackageManager(  356): Unknown permission com.google.android.googleapps.permission.GOOGLE_AUTH in package com.android.settings
W/PackageManager(  356): Unknown permission com.google.android.googleapps.permission.ACCESS_GOOGLE_PASSWORD in package com.android.development
W/PackageManager(  356): Unknown permission com.google.android.googleapps.permission.GOOGLE_AUTH in package com.android.development
W/PackageManager(  356): Unknown permission com.google.android.googleapps.permission.GOOGLE_AUTH.ALL_SERVICES in package com.android.development
W/PackageManager(  356): Unknown permission com.google.android.googleapps.permission.GOOGLE_AUTH.YouTubeUser in package com.android.development
W/PackageManager(  356): Not granting permission android.permission.DELETE_PACKAGES to package com.svox.pico (protectionLevel=18 flags=0x8be45)
W/PackageManager(  356): Not granting permission android.permission.DEVICE_POWER to package com.android.deskclock (protectionLevel=2 flags=0x48be45)
D/dalvikvm(  356): GC_CONCURRENT freed 301K, 64% free 4610K/12740K, paused 5ms+15ms, total 85ms
I/SystemServer(  356): Wi-Fi Service
D/WifiController(  356): isAirplaneModeOn = false, isWifiEnabled = false, isScanningAvailable = false
I/SystemServer(  356): Connectivity Service
D/ConnectivityService(  356): ConnectivityService starting up
D/ConnectivityService(  356): wifiOnly=false
E/MobileDataStateTracker(  356): default: Ignoring feature request because could not acquire PhoneService
E/MobileDataStateTracker(  356): default: Could not enable APN type "default"
I/WifiService(  356): WifiService starting up with Wi-Fi disabled
I/SystemServer(  356): Network Service Discovery Service
D/NsdService(  356): Network service discovery enabled true
I/SystemServer(  356): UpdateLock Service
I/SystemServer(  356): Notification Manager
I/SystemServer(  356): Device Storage Monitor
I/SystemServer(  356): Location Manager
I/SystemServer(  356): Country Detector
I/SystemServer(  356): Search Service
I/SystemServer(  356): DropBox Service
I/SystemServer(  356): Wallpaper Service
W/WallpaperService(  356): no current wallpaper -- first boot?
I/SystemServer(  356): Audio Service
D/dalvikvm(  356): GC_CONCURRENT freed 247K, 63% free 4793K/12740K, paused 5ms+23ms, total 92ms
I/SystemServer(  356): Dock Observer
W/DockObserver(  356): This kernel does not have dock station support
I/SystemServer(  356): Wired Accessory Manager
W/WiredAccessoryManager(  356): This kernel does not have wired headset support
W/WiredAccessoryManager(  356): This kernel does not have usb audio support
W/WiredAccessoryManager(  356): This kernel does not have HDMI audio support
I/SystemServer(  356): USB Service
I/SystemServer(  356): Serial Service
I/SystemServer(  356): Twilight Service
I/SystemServer(  356): UI Mode Manager Service
I/SystemServer(  356): Backup Service
V/BackupManagerService(  356): Initializing package tracking
V/BackupManagerService(  356): No ancestral data
V/BackupManagerService(  356): addPackageParticipantsLocked: all
I/BackupManagerService(  356): Scheduling backup for new app com.android.calendar
D/BackupManagerService(  356): Now staging backup of com.android.calendar
I/BackupManagerService(  356): Scheduling backup for new app com.android.browser
D/BackupManagerService(  356): Now staging backup of com.android.browser
I/BackupManagerService(  356): Scheduling backup for new app com.android.providers.userdictionary
D/BackupManagerService(  356): Now staging backup of com.android.providers.userdictionary
I/BackupManagerService(  356): Scheduling backup for new app com.android.sharedstoragebackup
D/BackupManagerService(  356): Now staging backup of com.android.sharedstoragebackup
I/BackupManagerService(  356): Scheduling backup for new app android
D/BackupManagerService(  356): Now staging backup of android
I/BackupManagerService(  356): Scheduling backup for new app com.android.dialer
D/BackupManagerService(  356): Now staging backup of com.android.dialer
I/BackupManagerService(  356): Scheduling backup for new app com.android.providers.settings
D/BackupManagerService(  356): Now staging backup of com.android.providers.settings
V/BackupManagerService(  356): Starting with transport android/com.android.internal.backup.LocalTransport
V/BackupManagerService(  356): Found transports: 1
I/BackupManagerService(  356): Binding to transport host ComponentInfo{android/com.android.internal.backup.LocalTransportService}
I/BackupManagerService(  356): Backup enabled => true
I/SystemServer(  356): AppWidget Service
I/SystemServer(  356): Recognition Service
I/SystemServer(  356): DiskStats Service
I/SystemServer(  356): SamplingProfiler Service
I/SystemServer(  356): NetworkTimeUpdateService
I/SystemServer(  356): CommonTimeManagementService
I/SystemServer(  356): CertBlacklister
I/SystemServer(  356): Dreams Service
D/Atlas   (  356): Computing best atlas configuration...
D/Atlas   (  356): Running Thread-50
I/SystemServer(  356): Assets Atlas Service
I/WindowManager(  356): SAFE MODE not enabled
I/SystemServer(  356): IdleMaintenanceService
I/SystemServer(  356): Print Service
I/SystemServer(  356): Media Router Service
E/SQLiteLog(  356): (1) no such table: locksettings
I/LockSettingsService(  356): Migrated lock settings to new location
I/LockSettingsService(  356): Migrated per-user lock settings to new location
D/Atlas   (  356): Found best atlas configuration in 0.19s
D/Atlas   (  356): Loaded configuration: SliceMinArea (768x768) flags=0x2 count=24
D/gralloc_goldfish(  356): Emulator without GPU emulation detected.
D/dalvikvm(  356): GC_CONCURRENT freed 342K, 61% free 4976K/12740K, paused 26ms+6ms, total 181ms
D/dalvikvm(  356): WAIT_FOR_CONCURRENT_GC blocked 25ms
D/dalvikvm(  356): WAIT_FOR_CONCURRENT_GC blocked 21ms
I/Zygote  (  356): Process: zygote socket opened
V/KeyguardServiceDelegate(  356): *** Keyguard started
V/KeyguardServiceDelegate(  356): onSystemReady() called before keyguard service was ready
I/ActivityManager(  356): Start proc com.android.systemui for service com.android.keyguard/.KeyguardService: pid=448 uid=10007 gids={50007, 1028, 1015, 1035, 3002, 3001}
F/SystemServer(  356): BOOT FAILURE making Package Manager Service ready
F/SystemServer(  356): java.lang.SecurityException: Unable to find app for caller android.app.ActivityThread$ApplicationThread@b30e5370 (pid=356) when registering receiver android.app.LoadedApk$ReceiverDispatcher$InnerReceiver@b2da2098
F/SystemServer(  356): 	at com.android.server.am.ActivityManagerService.registerReceiver(ActivityManagerService.java:13021)
F/SystemServer(  356): 	at android.app.ContextImpl.registerReceiverInternal(ContextImpl.java:1450)
F/SystemServer(  356): 	at android.app.ContextImpl.registerReceiverAsUser(ContextImpl.java:1425)
F/SystemServer(  356): 	at com.android.internal.content.PackageMonitor.register(PackageMonitor.java:84)
F/SystemServer(  356): 	at com.android.server.pm.UserManagerService.systemReady(UserManagerService.java:237)
F/SystemServer(  356): 	at com.android.server.pm.PackageManagerService.systemReady(PackageManagerService.java:10476)
F/SystemServer(  356): 	at com.android.server.ServerThread.initAndLoop(SystemServer.java:893)
F/SystemServer(  356): 	at com.android.server.SystemServer.main(SystemServer.java:1179)
F/SystemServer(  356): 	at java.lang.reflect.Method.invokeNative(Native Method)
F/SystemServer(  356): 	at java.lang.reflect.Method.invoke(Method.java:515)
F/SystemServer(  356): 	at com.android.internal.os.ZygoteInit$MethodAndArgsCaller.run(ZygoteInit.java:785)
F/SystemServer(  356): 	at com.android.internal.os.ZygoteInit.main(ZygoteInit.java:601)
F/SystemServer(  356): 	at dalvik.system.NativeStart.main(Native Method)
W/SystemServer(  356): ***********************************************
W/AssetAtlasService(  356): Could not find EGL configuration
D/Atlas   (  356): Rendered atlas in 79.12ms (76.11+3.01ms)
I/ActivityManager(  356): Sending system update to ComponentInfo{com.android.providers.calendar/com.android.providers.calendar.CalendarUpgradeReceiver} for user 0
I/ActivityManager(  356): Sending system update to ComponentInfo{com.android.providers.contacts/com.android.providers.contacts.ContactsUpgradeReceiver} for user 0
I/ActivityManager(  356): Sending system update to ComponentInfo{com.android.providers.media/com.android.providers.media.MediaUpgradeReceiver} for user 0
I/SystemServer(  356): Enabled StrictMode for system server main thread.
I/ActivityManager(  356): Start proc com.android.providers.calendar for broadcast com.android.providers.calendar/.CalendarUpgradeReceiver: pid=461 uid=10001 gids={50001, 3003, 1028, 1015}
I/Choreographer(  356): Skipped 63 frames!  The application may be doing too much work on its main thread.
W/InputMethodManagerService(  356): Focus gain on non-focused client android.view.inputmethod.InputMethodManager$1@b35ff990 (uid=1000 pid=356)
V/BackupManagerService(  356): Connected to transport ComponentInfo{android/com.android.internal.backup.LocalTransportService}
V/BackupManagerService(  356): Registering transport android/com.android.internal.backup.LocalTransportService::android/com.android.internal.backup.LocalTransport = com.android.internal.backup.LocalTransport@b3666c80
I/ActivityManager(  356): Launching preboot mode app: ProcessRecord{b323e498 461:com.android.providers.calendar/u0a1}
E/SoundPool(  448): error loading /system/media/audio/ui/Lock.ogg
W/KeyguardViewMediator(  448): failed to load lock sound from /system/media/audio/ui/Lock.ogg
E/SoundPool(  448): error loading /system/media/audio/ui/Unlock.ogg
W/KeyguardViewMediator(  448): failed to load unlock sound from /system/media/audio/ui/Unlock.ogg
V/KeyguardService(  448): onCreate()
V/KeyguardServiceDelegate(  356): *** Keyguard connected (yay!)
V/KeyguardServiceDelegate(  356): **** SHOWN CALLED ****
I/ActivityManager(  356): Start proc android.process.acore for broadcast com.android.providers.contacts/.ContactsUpgradeReceiver: pid=479 uid=10002 gids={50002, 3003, 1028, 1015}
D/dalvikvm(  356): GC_CONCURRENT freed 331K, 60% free 5099K/12740K, paused 11ms+13ms, total 113ms
I/ActivityManager(  356): Launching preboot mode app: ProcessRecord{b36d71e0 479:android.process.acore/u0a2}
I/ContactsUpgradeReceiver(  479): Creating or opening contacts database
I/ContactsDatabaseHelper(  479): Bootstrapping database version: 803
D/dalvikvm(  479): GC_CONCURRENT freed 398K, 15% free 2811K/3276K, paused 183ms+2ms, total 211ms
D/dalvikvm(  479): WAIT_FOR_CONCURRENT_GC blocked 29ms
I/ContactsProviderV1(  479): Bootstrapping database legacy support
D/dalvikvm(  479): GC_CONCURRENT freed 348K, 13% free 2898K/3316K, paused 3ms+12ms, total 41ms
I/ContactsDatabaseHelper(  479): Bootstrapping database version: 803
D/dalvikvm(  479): GC_CONCURRENT freed 358K, 13% free 2931K/3360K, paused 4ms+2ms, total 28ms
I/ContactsProviderV1(  479): Bootstrapping database legacy support
I/ContactsProvider(  479): Locale has changed from null to en_US
I/ContactsDatabaseHelper(  479): Switching to locale en_US (ICU v51.1.0.1)
D/dalvikvm(  479): GC_CONCURRENT freed 291K, 11% free 3033K/3392K, paused 4ms+2ms, total 30ms
I/ContactsDatabaseHelper(  479): Locale change completed in 487ms
I/ContactsDatabaseHelper(  479): Switching to locale en_US (ICU v51.1.0.1)
D/dalvikvm(  479): GC_CONCURRENT freed 374K, 13% free 3057K/3500K, paused 4ms+11ms, total 41ms
I/ContactsDatabaseHelper(  479): Locale change completed in 464ms
I/ActivityManager(  356): Start proc android.process.media for broadcast com.android.providers.media/.MediaUpgradeReceiver: pid=495 uid=10005 gids={50005, 1028, 1015, 1023, 1024, 2001, 3003, 3007}
I/ActivityManager(  356): Launching preboot mode app: ProcessRecord{b2ef7778 495:android.process.media/u0a5}
I/ActivityManager(  356): Writing new set of last done pre-boot receivers...
I/ActivityManager(  356): Removing system update proc: ProcessRecord{b323e498 461:com.android.providers.calendar/u0a1}
I/ActivityManager(  356): Killing 461:com.android.providers.calendar/u0a1 (adj 13): system update done
I/ActivityManager(  356): Removing system update proc: ProcessRecord{b36d71e0 479:android.process.acore/u0a2}
I/ActivityManager(  356): Killing 479:android.process.acore/u0a2 (adj 11): system update done
I/ActivityManager(  356): Removing system update proc: ProcessRecord{b2ef7778 495:android.process.media/u0a5}
I/ActivityManager(  356): Killing 495:android.process.media/u0a5 (adj 9): system update done
I/ActivityManager(  356): System now ready
I/SystemServer(  356): Making services ready
D/NetworkManagementService(  356): enabling bandwidth control
I/Vold    (   52): /dev/block/vold/179:0 being considered for volume sdcard
D/Vold    (   52): Volume sdcard state changing 1 (Idle-Unmounted) -> 3 (Checking)
D/MountService(  356): volume state changed for /storage/sdcard (unmounted -> checking)
D/MountService(  356): sendStorageIntent Intent { act=android.intent.action.MEDIA_CHECKING dat=file:///storage/sdcard (has extras) } to UserHandle{-1}
I/fsck_msdos(   52): ** /dev/block/vold/179:0
I/fsck_msdos(   52): Invalid signature in fsinfo block
I/fsck_msdos(   52): FIXED
I/fsck_msdos(   52): ** Phase 1 - Read and Compare FATs
I/fsck_msdos(   52): Attempting to allocate 794 KB for FAT
D/SystemUIService(  448): loading: class com.android.systemui.recent.Recents
D/SystemUIService(  448): running: com.android.systemui.recent.Recents@b2d83010
D/SystemUIService(  448): loading: class com.android.systemui.statusbar.SystemBars
D/SystemUIService(  448): running: com.android.systemui.statusbar.SystemBars@b2d835f8
D/SystemUIService(  448): loading: class com.android.systemui.usb.StorageNotification
D/SystemUIService(  448): running: com.android.systemui.usb.StorageNotification@b2d85348
D/SystemUIService(  448): loading: class com.android.systemui.power.PowerUI
D/SystemUIService(  448): running: com.android.systemui.power.PowerUI@b2d869a8
D/SystemUIService(  448): loading: class com.android.systemui.media.RingtonePlayer
D/SystemUIService(  448): running: com.android.systemui.media.RingtonePlayer@b2d879e0
D/SystemUIService(  448): loading: class com.android.systemui.settings.SettingsUI
D/SystemUIService(  448): running: com.android.systemui.settings.SettingsUI@b2d88cc8
I/fsck_msdos(   52): Attempting to allocate 794 KB for FAT
D/PhoneStatusBar(  448): mSettingsPanelGravity = 55
I/StatusBarManagerService(  356): registerStatusBar bar=com.android.internal.statusbar.IStatusBar$Stub$Proxy@b3684e28
I/fsck_msdos(   52): ** Phase 2 - Check Cluster Chains
I/fsck_msdos(   52): ** Phase 3 - Checking Directories
I/fsck_msdos(   52): ** Phase 4 - Checking for Lost Files
I/fsck_msdos(   52): Free space in FSInfo block (201592) not correct (201591)
I/fsck_msdos(   52): FIXED
I/fsck_msdos(   52): 1 files, 100795 free (201591 clusters)
I/Vold    (   52): Filesystem check completed OK
D/dalvikvm(  448): GC_CONCURRENT freed 282K, 12% free 2808K/3160K, paused 5ms+6ms, total 124ms
W/Vold    (   52): blkid failed to identify /dev/block/vold/179:0
D/Vold    (   52): Volume sdcard state changing 3 (Checking) -> 4 (Mounted)
E/VoldConnector(  356): NDC Command {3 volume mount /storage/sdcard} took too long (720ms)
I/PackageManager(  356): Updating external media status from unmounted to mounted
D/MountService(  356): volume state changed for /storage/sdcard (checking -> mounted)
I/PackageManager(  356): No secure containers on sdcard
D/MountService(  356): sendStorageIntent Intent { act=android.intent.action.MEDIA_MOUNTED dat=file:///storage/sdcard (has extras) } to UserHandle{-1}
D/dalvikvm(  448): GC_FOR_ALLOC freed 37K, 7% free 2948K/3160K, paused 35ms, total 37ms
D/dalvikvm(  356): GC_CONCURRENT freed 397K, 59% free 5234K/12740K, paused 84ms+313ms, total 598ms
W/PackageManager(  356): Not granting permission android.permission.GLOBAL_SEARCH to package com.android.quicksearchbox (protectionLevel=18 flags=0x88be45)
W/PackageManager(  356): Unknown permission com.android.smspush.WAPPUSH_MANAGER_BIND in package com.android.phone
W/PackageManager(  356): Unknown permission com.google.android.googleapps.permission.GOOGLE_AUTH in package com.android.providers.calendar
W/PackageManager(  356): Unknown permission com.google.android.googleapps.permission.GOOGLE_AUTH.cl in package com.android.providers.calendar
W/PackageManager(  356): Unknown permission com.google.android.googleapps.permission.GOOGLE_AUTH.mail in package com.android.calendar
W/PackageManager(  356): Not granting permission android.permission.ACCESS_DOWNLOAD_MANAGER to package com.android.browser (protectionLevel=18 flags=0x89be45)
W/PackageManager(  356): Not granting permission android.permission.SEND_DOWNLOAD_COMPLETED_INTENTS to package com.android.browser (protectionLevel=2 flags=0x89be45)
W/PackageManager(  356): Not granting permission android.permission.BIND_APPWIDGET to package com.android.widgetpreview (protectionLevel=18 flags=0x8be44)
W/PackageManager(  356): Unknown permission android.permission.INSTALL_DRM in package com.android.mms
W/PackageManager(  356): Unknown permission com.google.android.googleapps.permission.GOOGLE_AUTH in package com.android.settings
W/PackageManager(  356): Unknown permission com.google.android.googleapps.permission.ACCESS_GOOGLE_PASSWORD in package com.android.development
W/PackageManager(  356): Unknown permission com.google.android.googleapps.permission.GOOGLE_AUTH in package com.android.development
W/PackageManager(  356): Unknown permission com.google.android.googleapps.permission.GOOGLE_AUTH.ALL_SERVICES in package com.android.development
W/PackageManager(  356): Unknown permission com.google.android.googleapps.permission.GOOGLE_AUTH.YouTubeUser in package com.android.development
W/PackageManager(  356): Not granting permission android.permission.DELETE_PACKAGES to package com.svox.pico (protectionLevel=18 flags=0x88be45)
W/PackageManager(  356): Not granting permission android.permission.DEVICE_POWER to package com.android.deskclock (protectionLevel=2 flags=0xc8be45)
E/BluetoothAdapter(  448): Bluetooth binder is null
E/BluetoothAdapter(  448): Bluetooth binder is null
E/BluetoothAdapter(  448): Bluetooth binder is null
D/dalvikvm(  448): GC_CONCURRENT freed 58K, 4% free 3302K/3436K, paused 34ms+2ms, total 81ms
E/BluetoothAdapter(  448): Bluetooth binder is null
I/ActivityManager(  356): Start proc android.process.acore for content provider com.android.providers.contacts/.ContactsProvider2: pid=547 uid=10002 gids={50002, 3003, 1028, 1015}
D/PhoneStatusBar(  448): disable: < expand icons alerts ticker system_info back home recent clock search >
E/NetdConnector(  356): NDC Command {1 bandwidth enable} took too long (2884ms)
E/BluetoothAdapter(  448): Bluetooth binder is null
D/PhoneStatusBar(  448): heads up is disabled
I/Choreographer(  448): Skipped 429 frames!  The application may be doing too much work on its main thread.
D/dalvikvm(  448): GC_CONCURRENT freed 137K, 6% free 3557K/3764K, paused 54ms+106ms, total 247ms
I/Choreographer(  448): Skipped 238 frames!  The application may be doing too much work on its main thread.
D/gralloc_goldfish(  448): Emulator without GPU emulation detected.
D/dalvikvm(  547): GC_CONCURRENT freed 255K, 10% free 2954K/3276K, paused 5ms+2ms, total 288ms
D/dalvikvm(  547): WAIT_FOR_CONCURRENT_GC blocked 20ms
D/dalvikvm(  547): WAIT_FOR_CONCURRENT_GC blocked 73ms
I/Choreographer(  448): Skipped 115 frames!  The application may be doing too much work on its main thread.
E/NetdConnector(  356): NDC Command {5 firewall disable} took too long (684ms)
I/ActivityManager(  356): Config changes=200 {1.0 ?mcc?mnc en_US ldltr sw480dp w480dp h839dp 160dpi lrg long port finger -keyb/h/h tball/v s.4}
W/RecognitionManagerService(  356): no available voice recognition services found for user 0
D/PhoneStatusBar(  448): mSettingsPanelGravity = 55
W/AppWidgetServiceImpl(  356): Failed to read state: java.io.FileNotFoundException: /data/system/users/0/appwidgets.xml: open failed: ENOENT (No such file or directory)
W/InputMethodManagerService(  356): Ignoring setImeWindowStatus of uid 1000 token: null
D/dalvikvm(  356): GC_CONCURRENT freed 644K, 59% free 5226K/12740K, paused 5ms+5ms, total 105ms
D/dalvikvm(  356): WAIT_FOR_CONCURRENT_GC blocked 36ms
D/dalvikvm(  356): WAIT_FOR_CONCURRENT_GC blocked 35ms
W/InputMethodUtils(  356): Found no subtypes in a system IME: com.android.inputmethod.pinyin
W/InputMethodManagerService(  356): Reset the default IME as "Resource" is ready here.
W/InputMethodUtils(  356): Found no subtypes in a system IME: com.android.inputmethod.pinyin
I/InputMethodManagerService(  356): Selected default: com.android.inputmethod.latin/.LatinIME
I/ActivityManager(  356): Start proc com.android.inputmethod.latin for service com.android.inputmethod.latin/.LatinIME: pid=587 uid=10029 gids={50029, 1028, 1015}
V/InputMethodManagerService(  356): Adding window token: android.os.Binder@b31b54a0
W/InputMethodManagerService(  356): Illegal subtype state: old subtype = null, new subtype = android.view.inputmethod.InputMethodSubtype@c9194f98
I/ActivityManager(  356): Config changes=20 {1.0 ?mcc?mnc en_US ldltr sw480dp w480dp h839dp 160dpi lrg long port finger -keyb/v/h tball/v s.5}
W/GpsLocationProvider(  356): Could not open GPS configuration file /etc/gps.conf
W/ServiceWatcher(  356): com.google.android.location not found
W/ServiceWatcher(  356): com.google.android.location not found
W/ServiceWatcher(  356): com.google.android.location not found
W/LocationManagerService(  356): no network location provider found
W/ServiceWatcher(  356): com.google.android.location not found
E/LocationManagerService(  356): no geocoder provider found
E/FlpHardwareProvider(  356): Error hw_get_module 'flp': -2
W/ServiceWatcher(  356): com.google.android.location not found
E/FlpHardwareProvider(  356): Error hw_get_module 'flp': -2
W/ServiceWatcher(  356): com.google.android.location not found
E/LocationManagerService(  356): No FusedProvider found.
E/LocationManagerService(  356): no geofence provider found
I/CommonTimeManagementService(  356): No common time service detected on this platform.  Common time services will be unavailable.
I/InputReader(  356): Reconfiguring input devices.  changes=0x00000020
I/InputReader(  356): Reconfiguring input devices.  changes=0x00000010
I/ActivityManager(  356): Start proc com.android.phone for added application com.android.phone: pid=600 uid=1001 gids={41001, 3002, 3001, 3003, 1028, 1015}
I/ActivityManager(  356): START u0 {act=android.intent.action.MAIN cat=[android.intent.category.HOME] flg=0x10000000 cmp=com.android.settings/.CryptKeeper} from pid 0
D/dalvikvm(  448): GC_FOR_ALLOC freed 95K, 6% free 3562K/3764K, paused 149ms, total 150ms
I/ActivityManager(  356): Start proc com.android.settings for activity com.android.settings/.CryptKeeper: pid=612 uid=1000 gids={41000, 1028, 1015, 3002, 3001, 3003}
I/dalvikvm-heap(  448): Grow heap (frag case) to 6.471MB for 3072016-byte allocation
I/ActivityManager(  356): Start proc android.process.media for broadcast com.android.providers.downloads/.DownloadReceiver: pid=616 uid=10005 gids={50005, 1028, 1015, 1023, 1024, 2001, 3003, 3007}
D/dalvikvm(   59): GC_EXPLICIT freed 38K, 4% free 2705K/2812K, paused 4ms+12ms, total 59ms
D/dalvikvm(   59): GC_EXPLICIT freed <1K, 4% free 2705K/2812K, paused 2ms+2ms, total 43ms
D/dalvikvm(   59): GC_EXPLICIT freed <1K, 4% free 2705K/2812K, paused 12ms+2ms, total 53ms
D/dalvikvm(  448): GC_FOR_ALLOC freed 4K, 4% free 6558K/6768K, paused 204ms, total 204ms
D/dalvikvm(  448): GC_CONCURRENT freed 1K, 4% free 6561K/6768K, paused 4ms+84ms, total 151ms
D/dalvikvm(  448): GC_FOR_ALLOC freed 3001K, 6% free 3563K/3764K, paused 138ms, total 142ms
D/dalvikvm(  356): GC_CONCURRENT freed 526K, 59% free 5334K/12740K, paused 73ms+41ms, total 434ms
I/dalvikvm-heap(  448): Grow heap (frag case) to 6.472MB for 3072016-byte allocation
D/dalvikvm(  448): GC_FOR_ALLOC freed <1K, 4% free 6562K/6768K, paused 44ms, total 44ms
D/dalvikvm(  448): GC_CONCURRENT freed <1K, 4% free 6563K/6768K, paused 4ms+33ms, total 71ms
D/dalvikvm(  356): WAIT_FOR_CONCURRENT_GC blocked 508ms
D/dalvikvm(  356): WAIT_FOR_CONCURRENT_GC blocked 480ms
I/ActivityManager(  356): START u0 {act=android.intent.action.MAIN cat=[android.intent.category.HOME] flg=0x10000000 cmp=com.android.sdksetup/.DefaultActivity} from pid 0
I/ActivityManager(  356): Start proc com.android.sdksetup for activity com.android.sdksetup/.DefaultActivity: pid=644 uid=10042 gids={50042}
W/WindowManager(  356): Window freeze timeout expired.
W/WindowManager(  356): Force clearing orientation change: Window{b344cd48 u0 StatusBar}
W/WindowManager(  356): Force clearing orientation change: Window{b36dcc10 u0 com.android.systemui.ImageWallpaper}
I/LatinIME(  587): Hardware accelerated drawing: true
D/PhoneStatusBar(  448): mSettingsPanelGravity = 55
I/FusedLocation(  356): engine started (com.android.location.fused)
V/StatusBar(  448): userId 0 is in the house
I/Choreographer(  448): Skipped 83 frames!  The application may be doing too much work on its main thread.
W/InputAttributes(  587): No editor info for this field. Bug?
I/Choreographer(  448): Skipped 59 frames!  The application may be doing too much work on its main thread.
I/PackageManager(  356):   Action: "android.intent.action.SENDTO"
I/PackageManager(  356):   Category: "android.intent.category.DEFAULT"
I/PackageManager(  356):   Scheme: "sms"
W/BackupManagerService(  356): dataChanged but no participant pkg='com.android.providers.settings' uid=1001
I/PackageManager(  356): Adding preferred activity ComponentInfo{com.android.mms/com.android.mms.ui.ComposeMessageActivity} for user 0 :
D/dalvikvm(  600): GC_CONCURRENT freed 180K, 8% free 2925K/3172K, paused 5ms+91ms, total 288ms
I/PackageManager(  356):   Action: "android.intent.action.SENDTO"
I/PackageManager(  356):   Category: "android.intent.category.DEFAULT"
I/PackageManager(  356):   Scheme: "smsto"
I/PackageManager(  356): Adding preferred activity ComponentInfo{com.android.mms/com.android.mms.ui.ComposeMessageActivity} for user 0 :
I/PackageManager(  356):   Action: "android.intent.action.SENDTO"
I/PackageManager(  356):   Category: "android.intent.category.DEFAULT"
I/PackageManager(  356):   Scheme: "mms"
I/PackageManager(  356): Adding preferred activity ComponentInfo{com.android.mms/com.android.mms.ui.ComposeMessageActivity} for user 0 :
I/ResourceUtils(  587): Found default value: resource=keypress_vibration_durations build=[HARDWARE=goldfish MODEL=sdk BRAND=generic MANUFACTURER=unknown] default=-1
I/ResourceUtils(  587): Found default value: resource=keypress_volumes build=[HARDWARE=goldfish MODEL=sdk BRAND=generic MANUFACTURER=unknown] default=-1.0f
I/Choreographer(  448): Skipped 40 frames!  The application may be doing too much work on its main thread.
I/PackageManager(  356):   Action: "android.intent.action.SENDTO"
I/PackageManager(  356):   Category: "android.intent.category.DEFAULT"
I/PackageManager(  356):   Scheme: "mmsto"
I/PackageManager(  356): Adding preferred activity ComponentInfo{com.android.mms/com.android.mms.ui.ComposeMessageActivity} for user 0 :
D/dalvikvm(  356): GC_CONCURRENT freed 608K, 58% free 5387K/12740K, paused 5ms+25ms, total 219ms
D/dalvikvm(  356): WAIT_FOR_CONCURRENT_GC blocked 62ms
D/dalvikvm(  356): WAIT_FOR_CONCURRENT_GC blocked 56ms
D/dalvikvm(  356): WAIT_FOR_CONCURRENT_GC blocked 15ms
I/PackageManager(  356): Adding preferred activity ComponentInfo{com.android.mms/com.android.mms.ui.ComposeMessageActivity} for user 0 :
D/dalvikvm(  587): GC_CONCURRENT freed 244K, 10% free 2918K/3232K, paused 65ms+67ms, total 444ms
I/PackageManager(  356):   Action: "android.intent.action.SENDTO"
I/PackageManager(  356):   Category: "android.intent.category.DEFAULT"
I/PackageManager(  356):   Scheme: "sms"
I/PackageManager(  356):   Action: "android.intent.action.SENDTO"
I/PackageManager(  356):   Category: "android.intent.category.DEFAULT"
I/PackageManager(  356):   Scheme: "smsto"
I/PackageManager(  356): Adding preferred activity ComponentInfo{com.android.mms/com.android.mms.ui.ComposeMessageActivity} for user 0 :
I/PackageManager(  356):   Action: "android.intent.action.SENDTO"
I/PackageManager(  356):   Category: "android.intent.category.DEFAULT"
I/PackageManager(  356):   Scheme: "mms"
I/PackageManager(  356): Adding preferred activity ComponentInfo{com.android.mms/com.android.mms.ui.ComposeMessageActivity} for user 0 :
I/LatinIME:LogUtils(  587): Dictionary info: dictionary = personalization.en_US.dict ; version = ? ; date = 1545891871
I/LatinIME:LogUtils(  587): Dictionary info: dictionary = UserHistoryDictionary.en_US.dic ; version = ? ; date = 1545891871
I/LatinIME:LogUtils(  587): Dictionary info: dictionary = PersonalizationPredictionDictio ; version = ? ; date = 1545891871
I/PackageManager(  356):   Action: "android.intent.action.SENDTO"
I/PackageManager(  356):   Category: "android.intent.category.DEFAULT"
I/PackageManager(  356):   Scheme: "mmsto"
I/PackageManager(  356): Adding preferred activity ComponentInfo{com.android.mms/com.android.mms.ui.ComposeMessageActivity} for user 0 :
I/ActivityManager(  356): Force stopping com.android.sdksetup appid=10042 user=0: pkg changed
I/ActivityManager(  356): Killing 644:com.android.sdksetup/u0a42 (adj 0): stop com.android.sdksetup
I/ActivityManager(  356):   Force finishing activity ActivityRecord{b3266108 u0 com.android.sdksetup/.DefaultActivity t2}
I/ActivityManager(  356): START u0 {act=android.intent.action.MAIN cat=[android.intent.category.HOME] flg=0x10000000 cmp=com.android.launcher/com.android.launcher2.Launcher} from pid 0
I/ActivityManager(  356): Start proc com.android.launcher for activity com.android.launcher/com.android.launcher2.Launcher: pid=675 uid=10008 gids={50008}
I/InputReader(  356): Reconfiguring input devices.  changes=0x00000010
D/dalvikvm(  356): GC_CONCURRENT freed 602K, 58% free 5460K/12740K, paused 6ms+56ms, total 360ms
D/dalvikvm(  356): WAIT_FOR_CONCURRENT_GC blocked 322ms
D/dalvikvm(  356): WAIT_FOR_CONCURRENT_GC blocked 270ms
D/dalvikvm(  356): WAIT_FOR_CONCURRENT_GC blocked 239ms
D/dalvikvm(  356): WAIT_FOR_CONCURRENT_GC blocked 50ms
I/LatinIME:LogUtils(  587): Dictionary info: dictionary = userunigram.en_US.dict ; version = ? ; date = ?
E/BluetoothAdapter(  600): Bluetooth binder is null
E/BluetoothAdapter(  600): Bluetooth binder is null
D/CallNotifier(  600): CallNotifier: mSignalInfoToneGenerator created when toneplay
E/BluetoothAdapter(  600): Bluetooth binder is null
D/dalvikvm(  587): GC_CONCURRENT freed 364K, 13% free 2967K/3400K, paused 24ms+2ms, total 43ms
