I/PackageManager(  361): /system/app/LatinIME.apk changed; collecting certs
D/dalvikvm(  361): GC_CONCURRENT freed 433K, 67% free 4095K/12056K, paused 5ms+15ms, total 80ms
D/dalvikvm(  361): GC_CONCURRENT freed 437K, 66% free 4163K/12056K, paused 5ms+3ms, total 42ms
D/dalvikvm(  361): WAIT_FOR_CONCURRENT_GC blocked 26ms
D/dalvikvm(  361): GC_FOR_ALLOC freed 310K, 65% free 4295K/12056K, paused 28ms, total 29ms
D/dalvikvm(  361): GC_CONCURRENT freed 13K, 64% free 4400K/12056K, paused 5ms+6ms, total 66ms
D/dalvikvm(  361): GC_CONCURRENT freed 261K, 62% free 4609K/12056K, paused 6ms+4ms, total 100ms
D/dalvikvm(  361): GC_CONCURRENT freed 312K, 61% free 4761K/12056K, paused 8ms+5ms, total 156ms
I/PackageManager(  361): /system/app/LegacyCamera.apk changed; collecting certs
D/dalvikvm(  361): GC_CONCURRENT freed 372K, 60% free 4845K/12056K, paused 5ms+4ms, total 93ms
D/dalvikvm(  361): GC_CONCURRENT freed 198K, 58% free 5156K/12056K, paused 4ms+10ms, total 42ms
D/dalvikvm(  361): WAIT_FOR_CONCURRENT_GC blocked 33ms
D/dalvikvm(  361): GC_FOR_ALLOC freed 1469K, 66% free 4181K/12056K, paused 34ms, total 35ms
D/dalvikvm(  361): GC_CONCURRENT freed 16K, 64% free 4399K/12056K, paused 4ms+5ms, total 65ms
D/dalvikvm(  361): GC_CONCURRENT freed 321K, 63% free 4574K/12056K, paused 14ms+5ms, total 98ms
D/dalvikvm(  361): GC_CONCURRENT freed 303K, 61% free 4719K/12056K, paused 13ms+16ms, total 90ms
I/PackageManager(  361): /system/app/LiveWallpapersPicker.apk changed; collecting certs
I/PackageManager(  361): /system/app/Music.apk changed; collecting certs
D/dalvikvm(  361): GC_CONCURRENT freed 408K, 61% free 4772K/12056K, paused 5ms+14ms, total 78ms
D/dalvikvm(  361): GC_CONCURRENT freed 1160K, 66% free 4110K/12056K, paused 5ms+13ms, total 80ms
I/PackageManager(  361): /system/app/NetSpeed.apk changed; collecting certs
I/PackageManager(  361): /system/app/OpenWnn.apk changed; collecting certs
D/dalvikvm(  361): GC_CONCURRENT freed 312K, 65% free 4301K/12056K, paused 5ms+8ms, total 172ms
D/dalvikvm(  361): GC_CONCURRENT freed 594K, 66% free 4212K/12056K, paused 5ms+2ms, total 42ms
D/dalvikvm(  361): WAIT_FOR_CONCURRENT_GC blocked 30ms
D/dalvikvm(  361): GC_CONCURRENT freed 252K, 63% free 4519K/12056K, paused 4ms+3ms, total 97ms
I/PackageManager(  361): /system/app/PacProcessor.apk changed; collecting certs
D/dalvikvm(  361): GC_CONCURRENT freed 434K, 63% free 4542K/12056K, paused 10ms+4ms, total 77ms
I/PackageManager(  361): /system/app/PackageInstaller.apk changed; collecting certs
I/PackageManager(  361): /system/app/PicoTts.apk changed; collecting certs
I/PackageManager(  361): /system/app/PinyinIME.apk changed; collecting certs
D/dalvikvm(  361): GC_CONCURRENT freed 338K, 62% free 4700K/12056K, paused 5ms+10ms, total 84ms
I/PackageManager(  361): /system/app/PrintSpooler.apk changed; collecting certs
D/dalvikvm(  361): GC_CONCURRENT freed 1038K, 66% free 4159K/12056K, paused 5ms+14ms, total 80ms
I/PackageManager(  361): /system/app/Protips.apk changed; collecting certs
I/PackageManager(  361): /system/app/QuickSearchBox.apk changed; collecting certs
D/dalvikvm(  361): GC_CONCURRENT freed 487K, 66% free 4155K/12056K, paused 5ms+4ms, total 45ms
D/dalvikvm(  361): WAIT_FOR_CONCURRENT_GC blocked 30ms
D/dalvikvm(  361): GC_CONCURRENT freed 359K, 65% free 4250K/12056K, paused 5ms+4ms, total 88ms
I/PackageManager(  361): /system/app/SdkSetup.apk changed; collecting certs
I/PackageManager(  361): /system/app/SoundRecorder.apk changed; collecting certs
D/dalvikvm(  361): GC_CONCURRENT freed 380K, 65% free 4294K/12056K, paused 5ms+14ms, total 69ms
I/PackageManager(  361): /system/app/SpeechRecorder.apk changed; collecting certs
I/PackageManager(  361): /system/app/TelephonyProvider.apk changed; collecting certs
I/PackageManager(  361): /system/app/UserDictionaryProvider.apk changed; collecting certs
D/PackageManager(  361): No files in app dir /vendor/app
D/dalvikvm(  361): GC_CONCURRENT freed 636K, 67% free 4071K/12056K, paused 5ms+4ms, total 83ms
W/PackageParser(  361): No actions in intent filter at /data/app/ApiDemos.apk Binary XML file line #2899
W/PackageParser(  361): No actions in intent filter at /data/app/ApiDemos.apk Binary XML file line #2905
I/PackageManager(  361): /data/app/ApiDemos.apk changed; collecting certs
D/dalvikvm(  361): GC_CONCURRENT freed 204K, 64% free 4374K/12056K, paused 5ms+6ms, total 101ms
D/dalvikvm(  361): GC_CONCURRENT freed 267K, 62% free 4592K/12056K, paused 5ms+2ms, total 43ms
D/dalvikvm(  361): WAIT_FOR_CONCURRENT_GC blocked 32ms
D/dalvikvm(  361): GC_CONCURRENT freed 341K, 61% free 4719K/12056K, paused 5ms+15ms, total 92ms
D/dalvikvm(  361): GC_CONCURRENT freed 262K, 60% free 4925K/12056K, paused 15ms+21ms, total 101ms
D/dalvikvm(  361): GC_CONCURRENT freed 650K, 60% free 4830K/12056K, paused 5ms+3ms, total 75ms
D/dalvikvm(  361): WAIT_FOR_CONCURRENT_GC blocked 30ms
D/dalvikvm(  361): GC_CONCURRENT freed 520K, 60% free 4830K/12056K, paused 14ms+5ms, total 84ms
D/dalvikvm(  361): GC_CONCURRENT freed 524K, 60% free 4835K/12056K, paused 5ms+3ms, total 84ms
D/dalvikvm(  361): WAIT_FOR_CONCURRENT_GC blocked 18ms
D/dalvikvm(  361): GC_CONCURRENT freed 525K, 60% free 4842K/12056K, paused 15ms+4ms, total 74ms
D/dalvikvm(  361): WAIT_FOR_CONCURRENT_GC blocked 20ms
D/dalvikvm(  361): GC_CONCURRENT freed 528K, 60% free 4845K/12056K, paused 10ms+3ms, total 135ms
D/dalvikvm(  361): WAIT_FOR_CONCURRENT_GC blocked 51ms
D/dalvikvm(  361): GC_CONCURRENT freed 529K, 60% free 4848K/12056K, paused 5ms+3ms, total 75ms
D/dalvikvm(  361): WAIT_FOR_CONCURRENT_GC blocked 28ms
D/dalvikvm(  361): GC_CONCURRENT freed 529K, 60% free 4850K/12056K, paused 14ms+5ms, total 74ms
D/dalvikvm(  361): WAIT_FOR_CONCURRENT_GC blocked 30ms
D/dalvikvm(  361): GC_CONCURRENT freed 531K, 60% free 4855K/12056K, paused 5ms+3ms, total 75ms
D/dalvikvm(  361): WAIT_FOR_CONCURRENT_GC blocked 29ms
D/dalvikvm(  361): GC_CONCURRENT freed 529K, 60% free 4858K/12056K, paused 13ms+3ms, total 74ms
D/dalvikvm(  361): WAIT_FOR_CONCURRENT_GC blocked 21ms
D/dalvikvm(  361): GC_CONCURRENT freed 547K, 60% free 4851K/12056K, paused 5ms+4ms, total 75ms
D/dalvikvm(  361): WAIT_FOR_CONCURRENT_GC blocked 29ms
W/PackageManager(  361): Package com.example.android.apis desires unavailable shared library com.example.will.never.exist; ignoring!
I/PackageManager(  361): /data/app/CubeLiveWallpapers.apk changed; collecting certs
I/PackageManager(  361): /data/app/GestureBuilder.apk changed; collecting certs
D/dalvikvm(  361): GC_CONCURRENT freed 424K, 59% free 4959K/12056K, paused 4ms+10ms, total 87ms
D/dalvikvm(  361): WAIT_FOR_CONCURRENT_GC blocked 9ms
I/PackageManager(  361): /data/app/SmokeTest.apk changed; collecting certs
I/PackageManager(  361): /data/app/SmokeTestApp.apk changed; collecting certs
I/PackageManager(  361): /data/app/SoftKeyboard.apk changed; collecting certs
D/dalvikvm(  361): GC_CONCURRENT freed 1144K, 64% free 4379K/12056K, paused 13ms+9ms, total 89ms
D/dalvikvm(  361): WAIT_FOR_CONCURRENT_GC blocked 13ms
I/PackageManager(  361): /data/app/WidgetPreview.apk changed; collecting certs
D/dalvikvm(  361): GC_CONCURRENT freed 488K, 64% free 4412K/12056K, paused 5ms+3ms, total 92ms
W/PackageManager(  361): Package com.example.android.apis desires unavailable shared library com.example.will.never.exist; ignoring!
W/PackageManager(  361): Package com.android.camera desires unavailable shared library com.google.android.media.effects; ignoring!
I/PackageManager(  361): Time to scan packages: 32.437 seconds
W/PackageManager(  361): Not granting permission android.permission.GLOBAL_SEARCH to package com.android.quicksearchbox (protectionLevel=18 flags=0x8be45)
W/PackageManager(  361): Unknown permission com.android.smspush.WAPPUSH_MANAGER_BIND in package com.android.phone
W/PackageManager(  361): Unknown permission com.google.android.googleapps.permission.GOOGLE_AUTH in package com.android.providers.calendar
W/PackageManager(  361): Unknown permission com.google.android.googleapps.permission.GOOGLE_AUTH.cl in package com.android.providers.calendar
W/PackageManager(  361): Unknown permission com.google.android.googleapps.permission.GOOGLE_AUTH.mail in package com.android.calendar
W/PackageManager(  361): Not granting permission android.permission.ACCESS_DOWNLOAD_MANAGER to package com.android.browser (protectionLevel=18 flags=0x9be45)
W/PackageManager(  361): Not granting permission android.permission.SEND_DOWNLOAD_COMPLETED_INTENTS to package com.android.browser (protectionLevel=2 flags=0x9be45)
W/PackageManager(  361): Not granting permission android.permission.BIND_APPWIDGET to package com.android.widgetpreview (protectionLevel=18 flags=0x8be44)
W/PackageManager(  361): Unknown permission android.permission.INSTALL_DRM in package com.android.mms
W/PackageManager(  361): Unknown permission com.google.android.googleapps.permission.GOOGLE_AUTH in package com.android.settings
W/PackageManager(  361): Unknown permission com.google.android.googleapps.permission.ACCESS_GOOGLE_PASSWORD in package com.android.development
W/PackageManager(  361): Unknown permission com.google.android.googleapps.permission.GOOGLE_AUTH in package com.android.development
W/PackageManager(  361): Unknown permission com.google.android.googleapps.permission.GOOGLE_AUTH.ALL_SERVICES in package com.android.development
W/PackageManager(  361): Unknown permission com.google.android.googleapps.permission.GOOGLE_AUTH.YouTubeUser in package com.android.development
W/PackageManager(  361): Not granting permission android.permission.DELETE_PACKAGES to package com.svox.pico (protectionLevel=18 flags=0x8be45)
W/PackageManager(  361): Not granting permission android.permission.DEVICE_POWER to package com.android.deskclock (protectionLevel=2 flags=0x48be45)
D/dalvikvm(  361): GC_CONCURRENT freed 396K, 64% free 4408K/12056K, paused 6ms+9ms, total 139ms
D/dalvikvm(  361): GC_EXPLICIT freed 238K, 65% free 4282K/12056K, paused 4ms+3ms, total 51ms
I/SystemServer(  361): Entropy Mixer
W/EntropyMixer(  361): No existing entropy file -- first boot?
I/EntropyMixer(  361): Writing entropy...
I/SystemServer(  361): User Service
I/SystemServer(  361): Account Manager
I/SystemServer(  361): Content Manager
I/SystemServer(  361): System Content Providers
I/SyncManager(  361): No initial accounts
I/SyncManager(  361): No initial status
W/SyncManagerFile(  361): Error reading pending data.
W/SyncManagerFile(  361): java.io.FileNotFoundException: /data/system/sync/pending.xml: open failed: ENOENT (No such file or directory)
W/SyncManagerFile(  361): 	at libcore.io.IoBridge.open(IoBridge.java:409)
W/SyncManagerFile(  361): 	at java.io.FileInputStream.<init>(FileInputStream.java:78)
W/SyncManagerFile(  361): 	at android.util.AtomicFile.openRead(AtomicFile.java:199)
W/SyncManagerFile(  361): 	at com.android.server.content.SyncStorageEngine.readPendingOperationsLocked(SyncStorageEngine.java:2286)
W/SyncManagerFile(  361): 	at com.android.server.content.SyncStorageEngine.<init>(SyncStorageEngine.java:434)
W/SyncManagerFile(  361): 	at com.android.server.content.SyncStorageEngine.init(SyncStorageEngine.java:454)
W/SyncManagerFile(  361): 	at com.android.server.content.SyncManager.<init>(SyncManager.java:383)
W/SyncManagerFile(  361): 	at com.android.server.content.ContentService.getSyncManager(ContentService.java:75)
W/SyncManagerFile(  361): 	at com.android.server.content.ContentService.notifyChange(ContentService.java:283)
W/SyncManagerFile(  361): 	at android.content.ContentResolver.notifyChange(ContentResolver.java:1621)
W/SyncManagerFile(  361): 	at com.android.providers.settings.SettingsProvider.sendNotify(SettingsProvider.java:262)
W/SyncManagerFile(  361): 	at com.android.providers.settings.SettingsProvider.insertForUser(SettingsProvider.java:941)
W/SyncManagerFile(  361): 	at com.android.providers.settings.SettingsProvider.ensureAndroidIdIsSet(SettingsProvider.java:496)
W/SyncManagerFile(  361): 	at com.android.providers.settings.SettingsProvider.establishDbTracking(SettingsProvider.java:409)
W/SyncManagerFile(  361): 	at com.android.providers.settings.SettingsProvider.onCreate(SettingsProvider.java:335)
W/SyncManagerFile(  361): 	at android.content.ContentProvider.attachInfo(ContentProvider.java:1591)
W/SyncManagerFile(  361): 	at android.content.ContentProvider.attachInfo(ContentProvider.java:1562)
W/SyncManagerFile(  361): 	at android.app.ActivityThread.installProvider(ActivityThread.java:4774)
W/SyncManagerFile(  361): 	at android.app.ActivityThread.installContentProviders(ActivityThread.java:4369)
W/SyncManagerFile(  361): 	at android.app.ActivityThread.installSystemProviders(ActivityThread.java:4929)
W/SyncManagerFile(  361): 	at com.android.server.am.ActivityManagerService.installSystemProviders(ActivityManagerService.java:8081)
W/SyncManagerFile(  361): 	at com.android.server.ServerThread.initAndLoop(SystemServer.java:275)
W/SyncManagerFile(  361): 	at com.android.server.SystemServer.main(SystemServer.java:1179)
W/SyncManagerFile(  361): 	at java.lang.reflect.Method.invokeNative(Native Method)
W/SyncManagerFile(  361): 	at java.lang.reflect.Method.invoke(Method.java:515)
W/SyncManagerFile(  361): 	at com.android.internal.os.ZygoteInit$MethodAndArgsCaller.run(ZygoteInit.java:785)
W/SyncManagerFile(  361): 	at com.android.internal.os.ZygoteInit.main(ZygoteInit.java:601)
W/SyncManagerFile(  361): 	at dalvik.system.NativeStart.main(Native Method)
W/SyncManagerFile(  361): Caused by: libcore.io.ErrnoException: open failed: ENOENT (No such file or directory)
W/SyncManagerFile(  361): 	at libcore.io.Posix.open(Native Method)
W/SyncManagerFile(  361): 	at libcore.io.BlockGuardOs.open(BlockGuardOs.java:110)
W/SyncManagerFile(  361): 	at libcore.io.IoBridge.open(IoBridge.java:393)
W/SyncManagerFile(  361): 	... 27 more
I/SyncManager(  361): No initial statistics
D/SettingsProvider(  361): Generated and saved new ANDROID_ID [aa16165512b7fb55] for user 0
I/SystemServer(  361): Lights Service
I/SystemServer(  361): Battery Service
I/SystemServer(  361): Vibrator Service
I/SystemServer(  361): Consumer IR Service
E/ConsumerIrService(  361): Can't open consumer IR HW Module, error: -2
W/libsuspend(  361): Error writing 'on' to /sys/power/state: Invalid argument
E/libsuspend(  361): Error opening /sys/power/autosleep: No such file or directory
I/libsuspend(  361): Selected wakeup count
D/PermissionCache(   57): checking android.permission.ACCESS_SURFACE_FLINGER for uid=1000 => granted (2996 us)
D/SurfaceFlinger(   57): Screen acquired, type=0 flinger=0xb78b5450
D/SurfaceFlinger(   57):  screen was previously acquired
I/SystemServer(  361): Alarm Manager
I/SystemServer(  361): Init Watchdog
I/SystemServer(  361): Input Manager
I/InputManager(  361): Initializing input manager, mUseDevInputEventForAudioJack=false
I/SystemServer(  361): Window Manager
I/WindowManager(  361): No existing display settings /data/system/display_settings.xml; starting empty
D/dalvikvm(  361): GC_CONCURRENT freed 264K, 63% free 4463K/12056K, paused 57ms+6ms, total 127ms
I/WindowManager(  361): No keyguard interface!
I/InputManager(  361): Starting input manager
I/SystemServer(  361): No Bluetooh Service (emulator)
I/SystemServer(  361): Input Method Service
E/EventHub(  361): could not get driver version for /dev/input/mouse0, Not a typewriter
W/EventHub(  361): Unable to disable kernel key repeat for /dev/input/event0: Function not implemented
I/EventHub(  361): New device: id=1, fd=93, path='/dev/input/event0', name='qwerty2', classes=0x2d, configuration='/system/usr/idc/qwerty2.idc', keyLayout='/system/usr/keylayout/qwerty.kl', keyCharacterMap='/system/usr/keychars/qwerty2.kcm', builtinKeyboard=true, usingSuspendBlockIoctl=true, usingClockIoctl=true
E/EventHub(  361): could not get driver version for /dev/input/mice, Not a typewriter
I/InputReader(  361): Device added: id=-1, name='Virtual', sources=0x00000301
I/InputReader(  361):   Touch device 'qwerty2' could not query the properties of its associated display.  The device will be inoperable until the display size becomes available.
I/InputReader(  361): Device added: id=0, name='qwerty2', sources=0x00011307
W/InputMethodManagerService(  361): No IME selected. Choose the most applicable IME.
I/InputMethodManagerService(  361): No default found, using com.android.inputmethod.latin/.LatinIME
I/SystemServer(  361): Accessibility Manager
I/ActivityManager(  361): Config changes=1df8 {1.0 ?mcc?mnc en_US ldltr sw480dp w480dp h864dp 160dpi lrg long port ?uimode ?night -touch -keyb/h/h tball/v s.2}
I/InputReader(  361): Reconfiguring input devices.  changes=0x00000004
I/InputReader(  361): Device reconfigured: id=0, name='qwerty2', size 480x864, orientation 0, mode 1, display id 0
I/InputReader(  361): Reconfiguring input devices.  changes=0x00000004
I/ActivityManager(  361): Config changes=408 {1.0 ?mcc?mnc en_US ldltr sw480dp w480dp h839dp 160dpi lrg long port ?uimode ?night finger -keyb/h/h tball/v s.3}
I/SystemServer(  361): Mount Service
D/MountService(  361): got storage path: /storage/sdcard description: USB storage primary: true removable: false emulated: false mtpReserve: 0 allowMassStorage: false maxFileSize: 0
D/MountService(  361): addVolumeLocked() StorageVolume:
D/MountService(  361):     mStorageId=0 mPath=/storage/sdcard mDescriptionId=17040665 mPrimary=true 
D/MountService(  361):     mRemovable=false mEmulated=false mMtpReserveSpace=0 
D/MountService(  361):     mAllowMassStorage=false mMaxFileSize=0 mOwner=null mUuid=null 
D/MountService(  361):     mUserLabel=null mState=null 
I/SystemServer(  361): LockSettingsService
I/SystemServer(  361): Device Policy
I/SystemServer(  361): Status Bar
I/SystemServer(  361): Clipboard Service
I/SystemServer(  361): NetworkManagement Service
I/SystemServer(  361): Text Service Manager Service
W/MountService(  361): Duplicate state transition (unmounted -> unmounted) for /storage/sdcard
W/MountService(  361): getSecureContainerList() called when storage not mounted
I/PackageManager(  361): No secure containers on sdcard
W/PackageManager(  361): Not granting permission android.permission.GLOBAL_SEARCH to package com.android.quicksearchbox (protectionLevel=18 flags=0x8be45)
I/SystemServer(  361): NetworkStats Service
D/SettingsProvider(  361): User 0 external modification to /data/data/com.android.providers.settings/databases/settings.db; event=2
D/SettingsProvider(  361): User 0 updating our caches for /data/data/com.android.providers.settings/databases/settings.db
I/SystemServer(  361): NetworkPolicy Service
I/SystemServer(  361): Wi-Fi P2pService
D/SettingsProvider(  361): User 0 external modification to /data/data/com.android.providers.settings/databases/settings.db; event=2
D/SettingsProvider(  361): User 0 updating our caches for /data/data/com.android.providers.settings/databases/settings.db
W/PackageManager(  361): Unknown permission com.android.smspush.WAPPUSH_MANAGER_BIND in package com.android.phone
W/PackageManager(  361): Unknown permission com.google.android.googleapps.permission.GOOGLE_AUTH in package com.android.providers.calendar
W/PackageManager(  361): Unknown permission com.google.android.googleapps.permission.GOOGLE_AUTH.cl in package com.android.providers.calendar
D/dalvikvm(  361): GC_CONCURRENT freed 297K, 62% free 4626K/12056K, paused 4ms+24ms, total 115ms
W/PackageManager(  361): Unknown permission com.google.android.googleapps.permission.GOOGLE_AUTH.mail in package com.android.calendar
W/PackageManager(  361): Not granting permission android.permission.ACCESS_DOWNLOAD_MANAGER to package com.android.browser (protectionLevel=18 flags=0x9be45)
W/PackageManager(  361): Not granting permission android.permission.SEND_DOWNLOAD_COMPLETED_INTENTS to package com.android.browser (protectionLevel=2 flags=0x9be45)
W/PackageManager(  361): Not granting permission android.permission.BIND_APPWIDGET to package com.android.widgetpreview (protectionLevel=18 flags=0x8be44)
W/PackageManager(  361): Unknown permission android.permission.INSTALL_DRM in package com.android.mms
W/PackageManager(  361): Unknown permission com.google.android.googleapps.permission.GOOGLE_AUTH in package com.android.settings
W/PackageManager(  361): Unknown permission com.google.android.googleapps.permission.ACCESS_GOOGLE_PASSWORD in package com.android.development
W/PackageManager(  361): Unknown permission com.google.android.googleapps.permission.GOOGLE_AUTH in package com.android.development
W/PackageManager(  361): Unknown permission com.google.android.googleapps.permission.GOOGLE_AUTH.ALL_SERVICES in package com.android.development
W/PackageManager(  361): Unknown permission com.google.android.googleapps.permission.GOOGLE_AUTH.YouTubeUser in package com.android.development
W/PackageManager(  361): Not granting permission android.permission.DELETE_PACKAGES to package com.svox.pico (protectionLevel=18 flags=0x8be45)
W/PackageManager(  361): Not granting permission android.permission.DEVICE_POWER to package com.android.deskclock (protectionLevel=2 flags=0x48be45)
I/SystemServer(  361): Wi-Fi Service
D/WifiController(  361): isAirplaneModeOn = false, isWifiEnabled = false, isScanningAvailable = false
I/SystemServer(  361): Connectivity Service
D/ConnectivityService(  361): ConnectivityService starting up
D/ConnectivityService(  361): wifiOnly=false
E/MobileDataStateTracker(  361): default: Ignoring feature request because could not acquire PhoneService
E/MobileDataStateTracker(  361): default: Could not enable APN type "default"
I/WifiService(  361): WifiService starting up with Wi-Fi disabled
I/SystemServer(  361): Network Service Discovery Service
D/SettingsProvider(  361): User 0 external modification to /data/data/com.android.providers.settings/databases/settings.db; event=2
D/SettingsProvider(  361): User 0 updating our caches for /data/data/com.android.providers.settings/databases/settings.db
D/NsdService(  361): Network service discovery enabled true
I/SystemServer(  361): UpdateLock Service
I/SystemServer(  361): Notification Manager
D/dalvikvm(  361): GC_CONCURRENT freed 370K, 61% free 4767K/12056K, paused 12ms+5ms, total 229ms
D/dalvikvm(  361): WAIT_FOR_CONCURRENT_GC blocked 12ms
D/dalvikvm(  361): WAIT_FOR_CONCURRENT_GC blocked 13ms
I/SystemServer(  361): Device Storage Monitor
I/SystemServer(  361): Location Manager
I/SystemServer(  361): Country Detector
I/SystemServer(  361): Search Service
I/SystemServer(  361): DropBox Service
I/SystemServer(  361): Wallpaper Service
W/WallpaperService(  361): no current wallpaper -- first boot?
I/SystemServer(  361): Audio Service
D/SettingsProvider(  361): User 0 external modification to /data/data/com.android.providers.settings/databases/settings.db; event=2
D/SettingsProvider(  361): User 0 updating our caches for /data/data/com.android.providers.settings/databases/settings.db
I/SystemServer(  361): Dock Observer
W/DockObserver(  361): This kernel does not have dock station support
I/SystemServer(  361): Wired Accessory Manager
W/WiredAccessoryManager(  361): This kernel does not have wired headset support
W/WiredAccessoryManager(  361): This kernel does not have usb audio support
W/WiredAccessoryManager(  361): This kernel does not have HDMI audio support
I/SystemServer(  361): USB Service
I/SystemServer(  361): Serial Service
I/SystemServer(  361): Twilight Service
I/SystemServer(  361): UI Mode Manager Service
I/SystemServer(  361): Backup Service
V/BackupManagerService(  361): Initializing package tracking
V/BackupManagerService(  361): No ancestral data
V/BackupManagerService(  361): addPackageParticipantsLocked: all
I/BackupManagerService(  361): Scheduling backup for new app com.android.calendar
D/BackupManagerService(  361): Now staging backup of com.android.calendar
I/BackupManagerService(  361): Scheduling backup for new app com.android.browser
D/BackupManagerService(  361): Now staging backup of com.android.browser
I/BackupManagerService(  361): Scheduling backup for new app com.android.providers.userdictionary
D/BackupManagerService(  361): Now staging backup of com.android.providers.userdictionary
I/BackupManagerService(  361): Scheduling backup for new app com.android.sharedstoragebackup
D/BackupManagerService(  361): Now staging backup of com.android.sharedstoragebackup
I/BackupManagerService(  361): Scheduling backup for new app android
D/BackupManagerService(  361): Now staging backup of android
I/BackupManagerService(  361): Scheduling backup for new app com.android.dialer
D/BackupManagerService(  361): Now staging backup of com.android.dialer
I/BackupManagerService(  361): Scheduling backup for new app com.android.providers.settings
D/BackupManagerService(  361): Now staging backup of com.android.providers.settings
V/BackupManagerService(  361): Starting with transport android/com.android.internal.backup.LocalTransport
V/BackupManagerService(  361): Found transports: 1
I/BackupManagerService(  361): Binding to transport host ComponentInfo{android/com.android.internal.backup.LocalTransportService}
I/BackupManagerService(  361): Backup enabled => true
I/SystemServer(  361): AppWidget Service
I/SystemServer(  361): Recognition Service
I/SystemServer(  361): DiskStats Service
I/SystemServer(  361): SamplingProfiler Service
I/SystemServer(  361): NetworkTimeUpdateService
I/SystemServer(  361): CommonTimeManagementService
I/SystemServer(  361): CertBlacklister
I/SystemServer(  361): Dreams Service
I/SystemServer(  361): Assets Atlas Service
I/SystemServer(  361): IdleMaintenanceService
I/SystemServer(  361): Print Service
D/Atlas   (  361): Computing best atlas configuration...
D/Atlas   (  361): Running Thread-50
I/WindowManager(  361): SAFE MODE not enabled
I/SystemServer(  361): Media Router Service
D/Atlas   (  361): Found best atlas configuration in 0.15s
D/Atlas   (  361): Loaded configuration: SliceMinArea (768x768) flags=0x2 count=24
D/dalvikvm(  361): GC_CONCURRENT freed 328K, 59% free 4984K/12056K, paused 6ms+6ms, total 150ms
E/SQLiteLog(  361): (1) no such table: locksettings
D/gralloc_goldfish(  361): Emulator without GPU emulation detected.
I/LockSettingsService(  361): Migrated lock settings to new location
I/LockSettingsService(  361): Migrated per-user lock settings to new location
W/AssetAtlasService(  361): Could not find EGL configuration
D/Atlas   (  361): Rendered atlas in 20.34ms (6.58+13.77ms)
I/Zygote  (  361): Process: zygote socket opened
V/KeyguardServiceDelegate(  361): *** Keyguard started
V/KeyguardServiceDelegate(  361): onSystemReady() called before keyguard service was ready
I/ActivityManager(  361): Start proc com.android.systemui for service com.android.keyguard/.KeyguardService: pid=461 uid=10007 gids={50007, 1028, 1015, 1035, 3002, 3001}
F/SystemServer(  361): BOOT FAILURE making Package Manager Service ready
F/SystemServer(  361): java.lang.SecurityException: Unable to find app for caller android.app.ActivityThread$ApplicationThread@b30c0050 (pid=361) when registering receiver android.app.LoadedApk$ReceiverDispatcher$InnerReceiver@b31702c0
F/SystemServer(  361): 	at com.android.server.am.ActivityManagerService.registerReceiver(ActivityManagerService.java:13021)
F/SystemServer(  361): 	at android.app.ContextImpl.registerReceiverInternal(ContextImpl.java:1450)
F/SystemServer(  361): 	at android.app.ContextImpl.registerReceiverAsUser(ContextImpl.java:1425)
F/SystemServer(  361): 	at com.android.internal.content.PackageMonitor.register(PackageMonitor.java:84)
F/SystemServer(  361): 	at com.android.server.pm.UserManagerService.systemReady(UserManagerService.java:237)
F/SystemServer(  361): 	at com.android.server.pm.PackageManagerService.systemReady(PackageManagerService.java:10476)
F/SystemServer(  361): 	at com.android.server.ServerThread.initAndLoop(SystemServer.java:893)
F/SystemServer(  361): 	at com.android.server.SystemServer.main(SystemServer.java:1179)
F/SystemServer(  361): 	at java.lang.reflect.Method.invokeNative(Native Method)
F/SystemServer(  361): 	at java.lang.reflect.Method.invoke(Method.java:515)
F/SystemServer(  361): 	at com.android.internal.os.ZygoteInit$MethodAndArgsCaller.run(ZygoteInit.java:785)
F/SystemServer(  361): 	at com.android.internal.os.ZygoteInit.main(ZygoteInit.java:601)
F/SystemServer(  361): 	at dalvik.system.NativeStart.main(Native Method)
W/SystemServer(  361): ***********************************************
I/ActivityManager(  361): Sending system update to ComponentInfo{com.android.providers.calendar/com.android.providers.calendar.CalendarUpgradeReceiver} for user 0
I/ActivityManager(  361): Sending system update to ComponentInfo{com.android.providers.contacts/com.android.providers.contacts.ContactsUpgradeReceiver} for user 0
I/ActivityManager(  361): Sending system update to ComponentInfo{com.android.providers.media/com.android.providers.media.MediaUpgradeReceiver} for user 0
I/SystemServer(  361): Enabled StrictMode for system server main thread.
I/ActivityManager(  361): Start proc com.android.providers.calendar for broadcast com.android.providers.calendar/.CalendarUpgradeReceiver: pid=472 uid=10001 gids={50001, 3003, 1028, 1015}
I/Choreographer(  361): Skipped 54 frames!  The application may be doing too much work on its main thread.
W/InputMethodManagerService(  361): Focus gain on non-focused client android.view.inputmethod.InputMethodManager$1@b35e2f40 (uid=1000 pid=361)
V/BackupManagerService(  361): Connected to transport ComponentInfo{android/com.android.internal.backup.LocalTransportService}
V/BackupManagerService(  361): Registering transport android/com.android.internal.backup.LocalTransportService::android/com.android.internal.backup.LocalTransport = com.android.internal.backup.LocalTransport@b2dac648
I/ActivityManager(  361): Launching preboot mode app: ProcessRecord{b30cf6b8 472:com.android.providers.calendar/u0a1}
E/SoundPool(  461): error loading /system/media/audio/ui/Lock.ogg
W/KeyguardViewMediator(  461): failed to load lock sound from /system/media/audio/ui/Lock.ogg
E/SoundPool(  461): error loading /system/media/audio/ui/Unlock.ogg
W/KeyguardViewMediator(  461): failed to load unlock sound from /system/media/audio/ui/Unlock.ogg
V/KeyguardService(  461): onCreate()
V/KeyguardServiceDelegate(  361): *** Keyguard connected (yay!)
V/KeyguardServiceDelegate(  361): **** SHOWN CALLED ****
I/ActivityManager(  361): Start proc android.process.acore for broadcast com.android.providers.contacts/.ContactsUpgradeReceiver: pid=490 uid=10002 gids={50002, 3003, 1028, 1015}
D/dalvikvm(  361): GC_CONCURRENT freed 337K, 58% free 5099K/12056K, paused 4ms+4ms, total 117ms
I/ActivityManager(  361): Launching preboot mode app: ProcessRecord{b344bfe8 490:android.process.acore/u0a2}
I/ContactsUpgradeReceiver(  490): Creating or opening contacts database
D/dalvikvm(  490): GC_CONCURRENT freed 390K, 15% free 2808K/3268K, paused 16ms+2ms, total 62ms
I/ContactsDatabaseHelper(  490): Bootstrapping database version: 803
D/dalvikvm(  490): GC_CONCURRENT freed 326K, 12% free 2880K/3268K, paused 4ms+4ms, total 41ms
I/ContactsProviderV1(  490): Bootstrapping database legacy support
I/ContactsDatabaseHelper(  490): Bootstrapping database version: 803
D/dalvikvm(  490): GC_CONCURRENT freed 339K, 13% free 2932K/3340K, paused 4ms+4ms, total 30ms
I/ContactsProviderV1(  490): Bootstrapping database legacy support
I/ContactsProvider(  490): Locale has changed from null to en_US
D/dalvikvm(  490): GC_CONCURRENT freed 350K, 13% free 3015K/3432K, paused 4ms+2ms, total 40ms
I/ContactsDatabaseHelper(  490): Switching to locale en_US (ICU v51.1.0.1)
I/ContactsDatabaseHelper(  490): Locale change completed in 516ms
I/ContactsDatabaseHelper(  490): Switching to locale en_US (ICU v51.1.0.1)
D/dalvikvm(  490): GC_CONCURRENT freed 359K, 13% free 3053K/3484K, paused 4ms+3ms, total 42ms
I/ContactsDatabaseHelper(  490): Locale change completed in 527ms
I/ActivityManager(  361): Start proc android.process.media for broadcast com.android.providers.media/.MediaUpgradeReceiver: pid=508 uid=10005 gids={50005, 1028, 1015, 1023, 1024, 2001, 3003, 3007}
I/ActivityManager(  361): Launching preboot mode app: ProcessRecord{b3179890 508:android.process.media/u0a5}
I/ActivityManager(  361): Writing new set of last done pre-boot receivers...
I/ActivityManager(  361): Removing system update proc: ProcessRecord{b30cf6b8 472:com.android.providers.calendar/u0a1}
I/ActivityManager(  361): Killing 472:com.android.providers.calendar/u0a1 (adj 13): system update done
I/ActivityManager(  361): Removing system update proc: ProcessRecord{b344bfe8 490:android.process.acore/u0a2}
I/ActivityManager(  361): Killing 490:android.process.acore/u0a2 (adj 11): system update done
I/ActivityManager(  361): Removing system update proc: ProcessRecord{b3179890 508:android.process.media/u0a5}
I/ActivityManager(  361): Killing 508:android.process.media/u0a5 (adj 9): system update done
I/ActivityManager(  361): System now ready
I/SystemServer(  361): Making services ready
D/NetworkManagementService(  361): enabling bandwidth control
I/Vold    (   52): /dev/block/vold/179:0 being considered for volume sdcard
D/Vold    (   52): Volume sdcard state changing 1 (Idle-Unmounted) -> 3 (Checking)
D/MountService(  361): volume state changed for /storage/sdcard (unmounted -> checking)
D/MountService(  361): sendStorageIntent Intent { act=android.intent.action.MEDIA_CHECKING dat=file:///storage/sdcard (has extras) } to UserHandle{-1}
D/SystemUIService(  461): loading: class com.android.systemui.recent.Recents
D/SystemUIService(  461): running: com.android.systemui.recent.Recents@b2dcf010
D/SystemUIService(  461): loading: class com.android.systemui.statusbar.SystemBars
D/SystemUIService(  461): running: com.android.systemui.statusbar.SystemBars@b2dcf5f8
D/SystemUIService(  461): loading: class com.android.systemui.usb.StorageNotification
D/SystemUIService(  461): running: com.android.systemui.usb.StorageNotification@b2dd1348
D/SystemUIService(  461): loading: class com.android.systemui.power.PowerUI
D/SystemUIService(  461): running: com.android.systemui.power.PowerUI@b2dd29a8
D/SystemUIService(  461): loading: class com.android.systemui.media.RingtonePlayer
D/SystemUIService(  461): running: com.android.systemui.media.RingtonePlayer@b2dd39e0
D/SystemUIService(  461): loading: class com.android.systemui.settings.SettingsUI
I/fsck_msdos(   52): ** /dev/block/vold/179:0
I/fsck_msdos(   52): Invalid signature in fsinfo block
I/fsck_msdos(   52): FIXED
I/fsck_msdos(   52): ** Phase 1 - Read and Compare FATs
I/fsck_msdos(   52): Attempting to allocate 794 KB for FAT
D/SystemUIService(  461): running: com.android.systemui.settings.SettingsUI@b2dd4cc8
I/fsck_msdos(   52): Attempting to allocate 794 KB for FAT
D/PhoneStatusBar(  461): mSettingsPanelGravity = 55
I/StatusBarManagerService(  361): registerStatusBar bar=com.android.internal.statusbar.IStatusBar$Stub$Proxy@b3173198
I/fsck_msdos(   52): ** Phase 2 - Check Cluster Chains
I/fsck_msdos(   52): ** Phase 3 - Checking Directories
I/fsck_msdos(   52): ** Phase 4 - Checking for Lost Files
I/fsck_msdos(   52): Free space in FSInfo block (201592) not correct (201591)
I/fsck_msdos(   52): FIXED
I/fsck_msdos(   52): 1 files, 100795 free (201591 clusters)
D/dalvikvm(  361): GC_CONCURRENT freed 443K, 57% free 5232K/12056K, paused 43ms+54ms, total 472ms
I/Vold    (   52): Filesystem check completed OK
W/Vold    (   52): blkid failed to identify /dev/block/vold/179:0
D/Vold    (   52): Volume sdcard state changing 3 (Checking) -> 4 (Mounted)
I/PackageManager(  361): Updating external media status from unmounted to mounted
D/MountService(  361): volume state changed for /storage/sdcard (checking -> mounted)
E/VoldConnector(  361): NDC Command {3 volume mount /storage/sdcard} took too long (945ms)
D/MountService(  361): sendStorageIntent Intent { act=android.intent.action.MEDIA_MOUNTED dat=file:///storage/sdcard (has extras) } to UserHandle{-1}
D/dalvikvm(  461): GC_CONCURRENT freed 284K, 12% free 2831K/3184K, paused 5ms+2ms, total 248ms
I/PackageManager(  361): No secure containers on sdcard
D/dalvikvm(  461): GC_FOR_ALLOC freed 35K, 8% free 2947K/3184K, paused 24ms, total 26ms
W/PackageManager(  361): Not granting permission android.permission.GLOBAL_SEARCH to package com.android.quicksearchbox (protectionLevel=18 flags=0x88be45)
W/PackageManager(  361): Unknown permission com.android.smspush.WAPPUSH_MANAGER_BIND in package com.android.phone
W/PackageManager(  361): Unknown permission com.google.android.googleapps.permission.GOOGLE_AUTH in package com.android.providers.calendar
W/PackageManager(  361): Unknown permission com.google.android.googleapps.permission.GOOGLE_AUTH.cl in package com.android.providers.calendar
W/PackageManager(  361): Unknown permission com.google.android.googleapps.permission.GOOGLE_AUTH.mail in package com.android.calendar
W/PackageManager(  361): Not granting permission android.permission.ACCESS_DOWNLOAD_MANAGER to package com.android.browser (protectionLevel=18 flags=0x89be45)
W/PackageManager(  361): Not granting permission android.permission.SEND_DOWNLOAD_COMPLETED_INTENTS to package com.android.browser (protectionLevel=2 flags=0x89be45)
W/PackageManager(  361): Not granting permission android.permission.BIND_APPWIDGET to package com.android.widgetpreview (protectionLevel=18 flags=0x8be44)
W/PackageManager(  361): Unknown permission android.permission.INSTALL_DRM in package com.android.mms
W/PackageManager(  361): Unknown permission com.google.android.googleapps.permission.GOOGLE_AUTH in package com.android.settings
W/PackageManager(  361): Unknown permission com.google.android.googleapps.permission.ACCESS_GOOGLE_PASSWORD in package com.android.development
W/PackageManager(  361): Unknown permission com.google.android.googleapps.permission.GOOGLE_AUTH in package com.android.development
W/PackageManager(  361): Unknown permission com.google.android.googleapps.permission.GOOGLE_AUTH.ALL_SERVICES in package com.android.development
W/PackageManager(  361): Unknown permission com.google.android.googleapps.permission.GOOGLE_AUTH.YouTubeUser in package com.android.development
W/PackageManager(  361): Not granting permission android.permission.DELETE_PACKAGES to package com.svox.pico (protectionLevel=18 flags=0x88be45)
W/PackageManager(  361): Not granting permission android.permission.DEVICE_POWER to package com.android.deskclock (protectionLevel=2 flags=0xc8be45)
E/BluetoothAdapter(  461): Bluetooth binder is null
E/BluetoothAdapter(  461): Bluetooth binder is null
E/BluetoothAdapter(  461): Bluetooth binder is null
D/dalvikvm(  461): GC_CONCURRENT freed 58K, 5% free 3301K/3460K, paused 35ms+2ms, total 82ms
E/BluetoothAdapter(  461): Bluetooth binder is null
I/ActivityManager(  361): Start proc android.process.acore for content provider com.android.providers.contacts/.ContactsProvider2: pid=559 uid=10002 gids={50002, 3003, 1028, 1015}
D/PhoneStatusBar(  461): disable: < expand icons alerts ticker system_info back home recent clock search >
E/NetdConnector(  361): NDC Command {1 bandwidth enable} took too long (3343ms)
E/BluetoothAdapter(  461): Bluetooth binder is null
D/PhoneStatusBar(  461): heads up is disabled
I/Choreographer(  461): Skipped 455 frames!  The application may be doing too much work on its main thread.
E/NetdConnector(  361): NDC Command {2 firewall disable} took too long (509ms)
D/dalvikvm(  461): GC_CONCURRENT freed 137K, 6% free 3554K/3760K, paused 5ms+4ms, total 124ms
I/Choreographer(  461): Skipped 278 frames!  The application may be doing too much work on its main thread.
D/gralloc_goldfish(  461): Emulator without GPU emulation detected.
I/Choreographer(  461): Skipped 65 frames!  The application may be doing too much work on its main thread.
I/Choreographer(  461): Skipped 51 frames!  The application may be doing too much work on its main thread.
D/dalvikvm(  559): GC_CONCURRENT freed 247K, 10% free 2931K/3252K, paused 5ms+28ms, total 345ms
E/NetdConnector(  361): NDC Command {5 firewall disable} took too long (794ms)
I/ActivityManager(  361): Config changes=200 {1.0 ?mcc?mnc en_US ldltr sw480dp w480dp h839dp 160dpi lrg long port finger -keyb/h/h tball/v s.4}
W/RecognitionManagerService(  361): no available voice recognition services found for user 0
D/PhoneStatusBar(  461): mSettingsPanelGravity = 55
W/AppWidgetServiceImpl(  361): Failed to read state: java.io.FileNotFoundException: /data/system/users/0/appwidgets.xml: open failed: ENOENT (No such file or directory)
W/InputMethodManagerService(  361): Ignoring setImeWindowStatus of uid 1000 token: null
D/dalvikvm(  361): GC_CONCURRENT freed 655K, 57% free 5212K/12056K, paused 12ms+5ms, total 118ms
D/dalvikvm(  361): WAIT_FOR_CONCURRENT_GC blocked 26ms
D/dalvikvm(  361): WAIT_FOR_CONCURRENT_GC blocked 29ms
W/InputMethodUtils(  361): Found no subtypes in a system IME: com.android.inputmethod.pinyin
W/InputMethodManagerService(  361): Reset the default IME as "Resource" is ready here.
W/InputMethodUtils(  361): Found no subtypes in a system IME: com.android.inputmethod.pinyin
I/InputMethodManagerService(  361): Selected default: com.android.inputmethod.latin/.LatinIME
I/ActivityManager(  361): Start proc com.android.inputmethod.latin for service com.android.inputmethod.latin/.LatinIME: pid=600 uid=10029 gids={50029, 1028, 1015}
V/InputMethodManagerService(  361): Adding window token: android.os.Binder@b3446878
I/ActivityManager(  361): Config changes=20 {1.0 ?mcc?mnc en_US ldltr sw480dp w480dp h839dp 160dpi lrg long port finger -keyb/v/h tball/v s.5}
W/InputMethodManagerService(  361): Illegal subtype state: old subtype = null, new subtype = android.view.inputmethod.InputMethodSubtype@c9194f98
W/GpsLocationProvider(  361): Could not open GPS configuration file /etc/gps.conf
W/ServiceWatcher(  361): com.google.android.location not found
W/ServiceWatcher(  361): com.google.android.location not found
W/ServiceWatcher(  361): com.google.android.location not found
W/LocationManagerService(  361): no network location provider found
W/ServiceWatcher(  361): com.google.android.location not found
E/FlpHardwareProvider(  361): Error hw_get_module 'flp': -2
W/ServiceWatcher(  361): com.google.android.location not found
E/FlpHardwareProvider(  361): Error hw_get_module 'flp': -2
W/ServiceWatcher(  361): com.google.android.location not found
E/LocationManagerService(  361): no geocoder provider found
E/LocationManagerService(  361): No FusedProvider found.
I/CommonTimeManagementService(  361): No common time service detected on this platform.  Common time services will be unavailable.
E/LocationManagerService(  361): no geofence provider found
D/dalvikvm(  461): GC_FOR_ALLOC freed 95K, 6% free 3562K/3760K, paused 88ms, total 90ms
I/InputReader(  361): Reconfiguring input devices.  changes=0x00000020
I/ActivityManager(  361): Start proc com.android.phone for added application com.android.phone: pid=612 uid=1001 gids={41001, 3002, 3001, 3003, 1028, 1015}
I/ActivityManager(  361): START u0 {act=android.intent.action.MAIN cat=[android.intent.category.HOME] flg=0x10000000 cmp=com.android.settings/.CryptKeeper} from pid 0
I/InputReader(  361): Reconfiguring input devices.  changes=0x00000010
I/ActivityManager(  361): Start proc com.android.settings for activity com.android.settings/.CryptKeeper: pid=616 uid=1000 gids={41000, 1028, 1015, 3002, 3001, 3003}
I/dalvikvm-heap(  461): Grow heap (frag case) to 6.471MB for 3072016-byte allocation
I/ActivityManager(  361): Start proc android.process.media for broadcast com.android.providers.downloads/.DownloadReceiver: pid=622 uid=10005 gids={50005, 1028, 1015, 1023, 1024, 2001, 3003, 3007}
D/dalvikvm(   58): GC_EXPLICIT freed 38K, 4% free 2705K/2812K, paused 2ms+3ms, total 48ms
D/dalvikvm(   58): GC_EXPLICIT freed <1K, 4% free 2705K/2812K, paused 13ms+12ms, total 53ms
D/dalvikvm(   58): GC_EXPLICIT freed <1K, 4% free 2705K/2812K, paused 2ms+2ms, total 44ms
D/dalvikvm(  461): GC_FOR_ALLOC freed 4K, 4% free 6558K/6764K, paused 217ms, total 217ms
D/dalvikvm(  461): GC_CONCURRENT freed 1K, 4% free 6561K/6764K, paused 3ms+83ms, total 142ms
D/dalvikvm(  361): GC_CONCURRENT freed 505K, 56% free 5337K/12056K, paused 22ms+5ms, total 286ms
D/dalvikvm(  361): WAIT_FOR_CONCURRENT_GC blocked 89ms
D/dalvikvm(  361): WAIT_FOR_CONCURRENT_GC blocked 81ms
D/dalvikvm(  461): GC_FOR_ALLOC freed 3001K, 6% free 3563K/3760K, paused 143ms, total 156ms
I/dalvikvm-heap(  461): Grow heap (frag case) to 6.472MB for 3072016-byte allocation
I/LatinIME(  600): Hardware accelerated drawing: true
D/dalvikvm(  461): GC_FOR_ALLOC freed <1K, 3% free 6562K/6764K, paused 210ms, total 210ms
D/dalvikvm(  461): GC_CONCURRENT freed <1K, 3% free 6564K/6764K, paused 6ms+47ms, total 125ms
W/WindowManager(  361): Window freeze timeout expired.
W/WindowManager(  361): Force clearing orientation change: Window{b315c610 u0 StatusBar}
W/WindowManager(  361): Force clearing orientation change: Window{b326e778 u0 com.android.systemui.ImageWallpaper}
D/PhoneStatusBar(  461): mSettingsPanelGravity = 55
I/ActivityManager(  361): Start proc com.android.printspooler for service com.android.printspooler/.PrintSpoolerService: pid=663 uid=10039 gids={50039}
W/ActivityManager(  361): Activity pause timeout for ActivityRecord{b33b12e8 u0 com.android.settings/.CryptKeeper t1 f}
W/InputAttributes(  600): No editor info for this field. Bug?
I/ActivityManager(  361): START u0 {act=android.intent.action.MAIN cat=[android.intent.category.HOME] flg=0x10000000 cmp=com.android.sdksetup/.DefaultActivity} from pid 0
I/ActivityManager(  361): Start proc com.android.sdksetup for activity com.android.sdksetup/.DefaultActivity: pid=675 uid=10042 gids={50042}
V/StatusBar(  461): userId 0 is in the house
I/Choreographer(  461): Skipped 76 frames!  The application may be doing too much work on its main thread.
I/ResourceUtils(  600): Found default value: resource=keypress_vibration_durations build=[HARDWARE=goldfish MODEL=sdk BRAND=generic MANUFACTURER=unknown] default=-1
I/ResourceUtils(  600): Found default value: resource=keypress_volumes build=[HARDWARE=goldfish MODEL=sdk BRAND=generic MANUFACTURER=unknown] default=-1.0f
D/dalvikvm(  600): GC_CONCURRENT freed 223K, 9% free 2901K/3180K, paused 31ms+46ms, total 306ms
I/PrintSpoolerService(  663): No existing print spooler state.
I/Choreographer(  461): Skipped 42 frames!  The application may be doing too much work on its main thread.
I/LatinIME:LogUtils(  600): Dictionary info: dictionary = UserHistoryDictionary.en_US.dic ; version = ? ; date = 1545620105
I/LatinIME:LogUtils(  600): Dictionary info: dictionary = PersonalizationPredictionDictio ; version = ? ; date = 1545620105
I/LatinIME:LogUtils(  600): Dictionary info: dictionary = personalization.en_US.dict ; version = ? ; date = 1545620105
I/LatinIME:LogUtils(  600): Dictionary info: dictionary = userunigram.en_US.dict ; version = ? ; date = ?
D/dalvikvm(  361): GC_CONCURRENT freed 550K, 55% free 5437K/12056K, paused 4ms+4ms, total 327ms
I/ActivityManager(  361): Force stopping com.android.sdksetup appid=10042 user=0: pkg changed
I/ActivityManager(  361): Killing 675:com.android.sdksetup/u0a42 (adj 0): stop com.android.sdksetup
I/ActivityManager(  361):   Force finishing activity ActivityRecord{b3469f18 u0 com.android.sdksetup/.DefaultActivity t2}
I/ActivityManager(  361): START u0 {act=android.intent.action.MAIN cat=[android.intent.category.HOME] flg=0x10000000 cmp=com.android.launcher/com.android.launcher2.Launcher} from pid 0
D/dalvikvm(  612): GC_CONCURRENT freed 169K, 8% free 2921K/3160K, paused 4ms+10ms, total 131ms
W/BackupManagerService(  361): dataChanged but no participant pkg='com.android.providers.settings' uid=1001
I/PackageManager(  361):   Action: "android.intent.action.SENDTO"
I/PackageManager(  361):   Category: "android.intent.category.DEFAULT"
I/PackageManager(  361):   Scheme: "sms"
I/PackageManager(  361): Adding preferred activity ComponentInfo{com.android.mms/com.android.mms.ui.ComposeMessageActivity} for user 0 :
I/ActivityManager(  361): Start proc com.android.launcher for activity com.android.launcher/com.android.launcher2.Launcher: pid=704 uid=10008 gids={50008}
I/PackageManager(  361):   Action: "android.intent.action.SENDTO"
I/PackageManager(  361):   Category: "android.intent.category.DEFAULT"
I/PackageManager(  361):   Scheme: "smsto"
I/PackageManager(  361): Adding preferred activity ComponentInfo{com.android.mms/com.android.mms.ui.ComposeMessageActivity} for user 0 :
I/PackageManager(  361):   Action: "android.intent.action.SENDTO"
I/PackageManager(  361):   Category: "android.intent.category.DEFAULT"
I/PackageManager(  361):   Scheme: "mms"
I/PackageManager(  361): Adding preferred activity ComponentInfo{com.android.mms/com.android.mms.ui.ComposeMessageActivity} for user 0 :
I/InputReader(  361): Reconfiguring input devices.  changes=0x00000010
I/PackageManager(  361):   Action: "android.intent.action.SENDTO"
I/PackageManager(  361):   Category: "android.intent.category.DEFAULT"
I/PackageManager(  361):   Scheme: "mmsto"
I/PackageManager(  361): Adding preferred activity ComponentInfo{com.android.mms/com.android.mms.ui.ComposeMessageActivity} for user 0 :
I/PackageManager(  361):   Action: "android.intent.action.SENDTO"
I/PackageManager(  361):   Category: "android.intent.category.DEFAULT"
I/PackageManager(  361):   Scheme: "sms"
I/PackageManager(  361): Adding preferred activity ComponentInfo{com.android.mms/com.android.mms.ui.ComposeMessageActivity} for user 0 :
I/PackageManager(  361):   Action: "android.intent.action.SENDTO"
I/PackageManager(  361):   Category: "android.intent.category.DEFAULT"
I/PackageManager(  361):   Scheme: "smsto"
I/PackageManager(  361): Adding preferred activity ComponentInfo{com.android.mms/com.android.mms.ui.ComposeMessageActivity} for user 0 :
D/dalvikvm(  600): GC_CONCURRENT freed 406K, 14% free 2973K/3448K, paused 38ms+2ms, total 130ms
D/dalvikvm(  361): GC_CONCURRENT freed 679K, 55% free 5445K/12056K, paused 48ms+34ms, total 323ms
