W/AudioService(  347): Soundpool could not load file: /system/media/audio/ui/KeypressInvalid.ogg
W/AudioService(  347): onLoadSoundEffects(), Error -1 while loading samples
D/dalvikvm(  347): GC_CONCURRENT freed 507K, 55% free 5796K/12700K, paused 6ms+5ms, total 68ms
I/RecoverySystem(  347): No recovery log file
V/MmsConfig(  992): mnc/mcc: 310260
V/MmsConfig(  992): tag: bool value: enabledMMS - true
V/MmsConfig(  992): tag: int value: maxMessageSize - 307200
V/MmsConfig(  992): tag: int value: maxImageHeight - 480
V/MmsConfig(  992): tag: int value: maxImageWidth - 640
V/MmsConfig(  992): tag: int value: defaultSMSMessagesPerThread - 10000
V/MmsConfig(  992): tag: int value: defaultMMSMessagesPerThread - 1000
V/MmsConfig(  992): tag: int value: minMessageCountPerThread - 10
V/MmsConfig(  992): tag: int value: maxMessageCountPerThread - 5000
V/MmsConfig(  992): tag: string value: uaProfUrl - http://www.google.com/oha/rdf/ua-profile-kila.xml
V/MmsConfig(  992): tag: int value: recipientLimit - -1
V/MmsConfig(  992): tag: bool value: enableMultipartSMS - true
V/MmsConfig(  992): tag: int value: smsToMmsTextThreshold - -1
V/MmsConfig(  992): tag: bool value: enableSlideDuration - true
V/MmsConfig(  992): tag: int value: maxMessageTextSize - -1
I/MediaProvider(  619): Upgrading media database from version 0 to 700, which will destroy all old data
D/Mms:app (  992): cancelNotification
D/MmsSmsDatabaseHelper(  598): [MmsSmsDb] tableName: threads hasAutoIncrement: CREATE TABLE threads (_id INTEGER PRIMARY KEY AUTOINCREMENT,date INTEGER DEFAULT 0,message_count INTEGER DEFAULT 0,recipient_ids TEXT,snippet TEXT,snippet_cs INTEGER DEFAULT 0,read INTEGER DEFAULT 1,type INTEGER DEFAULT 0,error INTEGER DEFAULT 0,has_attachment INTEGER DEFAULT 0) result: true
D/MmsSmsDatabaseHelper(  598): [MmsSmsDb] tableName: canonical_addresses hasAutoIncrement: CREATE TABLE canonical_addresses (_id INTEGER PRIMARY KEY AUTOINCREMENT,address TEXT) result: true
D/MmsSmsDatabaseHelper(  598): [MmsSmsDb] tableName: part hasAutoIncrement: CREATE TABLE part (_id INTEGER PRIMARY KEY AUTOINCREMENT,mid INTEGER,seq INTEGER DEFAULT 0,ct TEXT,name TEXT,chset INTEGER,cd TEXT,fn TEXT,cid TEXT,cl TEXT,ctt_s INTEGER,ctt_t TEXT,_data TEXT,text TEXT) result: true
D/MmsSmsDatabaseHelper(  598): [MmsSmsDb] tableName: pdu hasAutoIncrement: CREATE TABLE pdu (_id INTEGER PRIMARY KEY AUTOINCREMENT,thread_id INTEGER,date INTEGER,date_sent INTEGER DEFAULT 0,msg_box INTEGER,read INTEGER DEFAULT 0,m_id TEXT,sub TEXT,sub_cs INTEGER,ct_t TEXT,ct_l TEXT,exp INTEGER,m_cls TEXT,m_type INTEGER,v INTEGER,m_size INTEGER,pri INTEGER,rr INTEGER,rpt_a INTEGER,resp_st INTEGER,st INTEGER,tr_id TEXT,retr_st INTEGER,retr_txt TEXT,retr_txt_cs INTEGER,read_status INTEGER,ct_cls INTEGER,resp_txt TEXT,d_tm INTEGER,d_rpt INTEGER,locked INTEGER DEFAULT 0,seen INTEGER DEFAULT 0,text_only INTEGER DEFAULT 0) result: true
D/MmsSmsDatabaseHelper(  598): [getWritableDatabase] hasAutoIncrementThreads: true hasAutoIncrementAddresses: true hasAutoIncrementPart: true hasAutoIncrementPdu: true
D/Mms:app (  992): cancelNotification
D/AlertReceiver(  913): onReceive: a=android.intent.action.BOOT_COMPLETED Intent { act=android.intent.action.BOOT_COMPLETED flg=0x8000010 cmp=com.android.calendar/.alerts.AlertReceiver (has extras) }
D/AlertUtils(  913): Flushing old alerts from shared prefs table
D/AlertService(  913): 0 Action = android.intent.action.BOOT_COMPLETED
D/AlertService(  913): Scheduling next alarm with AlarmScheduler. sEventReminderReceived: null
D/dalvikvm(  913): GC_CONCURRENT freed 309K, 13% free 2809K/3196K, paused 14ms+3ms, total 77ms
D/AlarmScheduler(  913): No events found starting within 1 week.
E/SQLiteLog(  619): (1) no such table: files
E/WVMExtractor(   61): Failed to open libwvm.so
D/dalvikvm(  619): GC_CONCURRENT freed 264K, 10% free 3037K/3372K, paused 4ms+2ms, total 34ms
V/MediaScanner(  619): pruneDeadThumbnailFiles... android.database.sqlite.SQLiteCursor@b2d46488
V/MediaScanner(  619): /pruneDeadThumbnailFiles... android.database.sqlite.SQLiteCursor@b2d46488
V/AlarmClock(  939): AlarmInitReceiver android.intent.action.BOOT_COMPLETED
V/AlarmClock(  939): AlarmInitReceiver - Reset timers and clear stopwatch data
V/AlarmClock(  939): AlarmInitReceiver - resetting volume button default
D/dalvikvm(  939): GC_CONCURRENT freed 396K, 15% free 2794K/3268K, paused 4ms+25ms, total 76ms
I/AlarmClock(  939): Displaying next alarm time: ''
V/AlarmClock(  939): AlarmInitReceiver finished
E/MetadataRetrieverClient(   61): failed to extract an album art
I/Email   (  901): Onetime initialization: 1
I/Email   (  901): Onetime initialization: 2
I/Email   (  901): Onetime initialization: completed.
D/dalvikvm(  347): GC_CONCURRENT freed 765K, 56% free 5682K/12700K, paused 6ms+5ms, total 68ms
I/LauncherIconVisibilityManager(  586): Boot has been completed
I/LauncherIconVisibilityManager(  586): Disable activity: ComponentInfo{com.android.inputmethod.latin/com.android.inputmethod.latin.setup.SetupActivity}
E/BluetoothAdapter(  605): Bluetooth binder is null
D/dalvikvm(  992): GC_CONCURRENT freed 251K, 11% free 2877K/3204K, paused 2ms+3ms, total 302ms
E/StrictMode(  992): A resource was acquired at attached stack trace but never released. See java.io.Closeable for information on avoiding resource leaks.
E/StrictMode(  992): java.lang.Throwable: Explicit termination method 'release' not called
E/StrictMode(  992): 	at dalvik.system.CloseGuard.open(CloseGuard.java:184)
E/StrictMode(  992): 	at android.drm.DrmManagerClient.<init>(DrmManagerClient.java:258)
E/StrictMode(  992): 	at com.google.android.mms.pdu.PduPersister.<init>(PduPersister.java:288)
E/StrictMode(  992): 	at com.google.android.mms.pdu.PduPersister.getPduPersister(PduPersister.java:296)
E/StrictMode(  992): 	at com.android.mms.transaction.TransactionService.onNewIntent(TransactionService.java:224)
E/StrictMode(  992): 	at com.android.mms.transaction.TransactionService$ServiceHandler.handleMessage(TransactionService.java:621)
E/StrictMode(  992): 	at android.os.Handler.dispatchMessage(Handler.java:102)
E/StrictMode(  992): 	at android.os.Looper.loop(Looper.java:136)
E/StrictMode(  992): 	at android.os.HandlerThread.run(HandlerThread.java:61)
D/AlertReceiver(  913): onReceive: a=android.intent.action.PROVIDER_CHANGED Intent { act=android.intent.action.PROVIDER_CHANGED dat=content://com.android.calendar flg=0x10 cmp=com.android.calendar/.alerts.AlertReceiver }
D/AlertService(  913): 0 Action = android.intent.action.PROVIDER_CHANGED
I/GlobalDismissManager(  913): no sender configured
D/AlertService(  913): Beginning updateAlertNotification
D/AlertService(  913): No fired or scheduled alerts
D/AlertService(  913): Scheduling next alarm with AlarmScheduler. sEventReminderReceived: null
D/AlarmScheduler(  913): No events found starting within 1 week.
E/BluetoothAdapter(  605): Bluetooth binder is null
I/InputReader(  347): Reconfiguring input devices.  changes=0x00000010
I/InputReader(  347): Reconfiguring input devices.  changes=0x00000010
I/InputReader(  347): Reconfiguring input devices.  changes=0x00000010
I/PackageManager(  347):   Action: "android.intent.action.SENDTO"
I/PackageManager(  347):   Category: "android.intent.category.DEFAULT"
I/PackageManager(  347):   Scheme: "sms"
I/PackageManager(  347):   Action: "android.intent.action.SENDTO"
I/PackageManager(  347):   Category: "android.intent.category.DEFAULT"
I/PackageManager(  347):   Scheme: "smsto"
D/dalvikvm(  347): GC_CONCURRENT freed 658K, 55% free 5725K/12700K, paused 16ms+5ms, total 71ms
I/PackageManager(  347):   Action: "android.intent.action.SENDTO"
I/PackageManager(  347):   Category: "android.intent.category.DEFAULT"
I/PackageManager(  347):   Scheme: "mms"
D/dalvikvm(  598): GC_CONCURRENT freed 504K, 15% free 3383K/3960K, paused 42ms+3ms, total 112ms
I/PackageManager(  347):   Action: "android.intent.action.SENDTO"
I/PackageManager(  347):   Category: "android.intent.category.DEFAULT"
I/PackageManager(  347):   Scheme: "mmsto"
I/PackageManager(  347):   Action: "android.intent.action.SENDTO"
I/PackageManager(  347):   Category: "android.intent.category.DEFAULT"
I/PackageManager(  347):   Scheme: "sms"
I/PackageManager(  347):   Action: "android.intent.action.SENDTO"
I/PackageManager(  347):   Category: "android.intent.category.DEFAULT"
I/PackageManager(  347):   Scheme: "smsto"
I/PackageManager(  347):   Action: "android.intent.action.SENDTO"
I/PackageManager(  347):   Category: "android.intent.category.DEFAULT"
I/PackageManager(  347):   Scheme: "mms"
I/PackageManager(  347):   Action: "android.intent.action.SENDTO"
I/PackageManager(  347):   Category: "android.intent.category.DEFAULT"
I/PackageManager(  347):   Scheme: "mmsto"
I/PackageManager(  347):   Action: "android.intent.action.SENDTO"
I/PackageManager(  347):   Category: "android.intent.category.DEFAULT"
I/PackageManager(  347):   Scheme: "sms"
D/dalvikvm(  598): GC_CONCURRENT freed 531K, 16% free 3361K/3968K, paused 26ms+27ms, total 109ms
D/dalvikvm(  598): WAIT_FOR_CONCURRENT_GC blocked 4ms
I/PackageManager(  347):   Action: "android.intent.action.SENDTO"
I/PackageManager(  347):   Category: "android.intent.category.DEFAULT"
I/PackageManager(  347):   Scheme: "smsto"
D/dalvikvm(  347): GC_CONCURRENT freed 759K, 55% free 5721K/12700K, paused 6ms+4ms, total 96ms
D/dalvikvm(  347): WAIT_FOR_CONCURRENT_GC blocked 30ms
I/PackageManager(  347):   Action: "android.intent.action.SENDTO"
I/PackageManager(  347):   Category: "android.intent.category.DEFAULT"
I/PackageManager(  347):   Scheme: "mms"
I/PackageManager(  347):   Action: "android.intent.action.SENDTO"
I/PackageManager(  347):   Category: "android.intent.category.DEFAULT"
I/PackageManager(  347):   Scheme: "mmsto"
I/PackageManager(  347):   Action: "android.intent.action.SENDTO"
I/PackageManager(  347):   Category: "android.intent.category.DEFAULT"
I/PackageManager(  347):   Scheme: "sms"
I/PackageManager(  347):   Action: "android.intent.action.SENDTO"
I/PackageManager(  347):   Category: "android.intent.category.DEFAULT"
I/PackageManager(  347):   Scheme: "smsto"
I/PackageManager(  347):   Action: "android.intent.action.SENDTO"
I/PackageManager(  347):   Category: "android.intent.category.DEFAULT"
I/PackageManager(  347):   Scheme: "mms"
D/dalvikvm(  598): GC_CONCURRENT freed 427K, 15% free 3387K/3968K, paused 12ms+2ms, total 48ms
D/dalvikvm(  598): WAIT_FOR_CONCURRENT_GC blocked 19ms
I/PackageManager(  347):   Action: "android.intent.action.SENDTO"
I/PackageManager(  347):   Category: "android.intent.category.DEFAULT"
I/PackageManager(  347):   Scheme: "mmsto"
D/dalvikvm(  347): GC_CONCURRENT freed 640K, 55% free 5732K/12700K, paused 16ms+10ms, total 100ms
I/PackageManager(  347):   Action: "android.intent.action.SENDTO"
I/PackageManager(  347):   Category: "android.intent.category.DEFAULT"
I/PackageManager(  347):   Scheme: "sms"
I/PackageManager(  347):   Action: "android.intent.action.SENDTO"
I/PackageManager(  347):   Category: "android.intent.category.DEFAULT"
I/PackageManager(  347):   Scheme: "smsto"
I/PackageManager(  347):   Action: "android.intent.action.SENDTO"
I/PackageManager(  347):   Category: "android.intent.category.DEFAULT"
I/PackageManager(  347):   Scheme: "mms"
I/PackageManager(  347):   Action: "android.intent.action.SENDTO"
I/PackageManager(  347):   Category: "android.intent.category.DEFAULT"
I/PackageManager(  347):   Scheme: "mmsto"
I/PackageManager(  347):   Action: "android.intent.action.SENDTO"
I/PackageManager(  347):   Category: "android.intent.category.DEFAULT"
I/PackageManager(  347):   Scheme: "sms"
D/dalvikvm(  598): GC_CONCURRENT freed 427K, 16% free 3371K/3968K, paused 22ms+2ms, total 51ms
I/PackageManager(  347):   Action: "android.intent.action.SENDTO"
I/PackageManager(  347):   Category: "android.intent.category.DEFAULT"
I/PackageManager(  347):   Scheme: "smsto"
I/PackageManager(  347):   Action: "android.intent.action.SENDTO"
I/PackageManager(  347):   Category: "android.intent.category.DEFAULT"
I/PackageManager(  347):   Scheme: "mms"
I/PackageManager(  347):   Action: "android.intent.action.SENDTO"
I/PackageManager(  347):   Category: "android.intent.category.DEFAULT"
I/PackageManager(  347):   Scheme: "mmsto"
D/dalvikvm(  347): GC_CONCURRENT freed 758K, 55% free 5730K/12700K, paused 5ms+5ms, total 81ms
D/dalvikvm(  347): WAIT_FOR_CONCURRENT_GC blocked 39ms
V/SmsReceiverService(  992): onStart: #1 mResultCode: -1 = Activity.RESULT_OK
D/dalvikvm(  934): GC_CONCURRENT freed 216K, 10% free 2891K/3184K, paused 117ms+2ms, total 283ms
D/AndroidRuntime( 1061): 
D/AndroidRuntime( 1061): >>>>>> AndroidRuntime START com.android.internal.os.RuntimeInit <<<<<<
D/AndroidRuntime( 1061): CheckJNI is ON
D/dalvikvm( 1061): Trying to load lib libjavacore.so 0x0
D/dalvikvm( 1061): Added shared lib libjavacore.so 0x0
D/dalvikvm( 1061): Trying to load lib libnativehelper.so 0x0
D/dalvikvm( 1061): Added shared lib libnativehelper.so 0x0
D/dalvikvm( 1061): No JNI_OnLoad found in libnativehelper.so 0x0, skipping init
D/dalvikvm( 1061): Note: class Landroid/app/ActivityManagerNative; has 179 unimplemented (abstract) methods
E/memtrack( 1061): Couldn't load memtrack module (No such file or directory)
E/android.os.Debug( 1061): failed to load memtrack module: -2
D/AndroidRuntime( 1061): Calling main entry com.android.commands.am.Am
D/gralloc (   58): Registering a buffer in the process that created it. This may cause memory ordering problems.
E/libEGL  (   58): called unimplemented OpenGL ES API
E/libEGL  (   58): called unimplemented OpenGL ES API
E/libEGL  (   58): called unimplemented OpenGL ES API
E/libEGL  (   58): called unimplemented OpenGL ES API
E/SurfaceFlinger(   58): glCheckFramebufferStatusOES error -16768259
E/SurfaceFlinger(   58): got GL_FRAMEBUFFER_COMPLETE_OES error while taking screenshot
E/libEGL  (   58): called unimplemented OpenGL ES API
E/libEGL  (   58): called unimplemented OpenGL ES API
D/gralloc (   58): Registering a buffer in the process that created it. This may cause memory ordering problems.
E/libEGL  (   58): called unimplemented OpenGL ES API
E/libEGL  (   58): called unimplemented OpenGL ES API
E/libEGL  (   58): called unimplemented OpenGL ES API
E/libEGL  (   58): called unimplemented OpenGL ES API
E/SurfaceFlinger(   58): glCheckFramebufferStatusOES error -16768259
E/SurfaceFlinger(   58): got GL_FRAMEBUFFER_COMPLETE_OES error while taking screenshot
E/libEGL  (   58): called unimplemented OpenGL ES API
E/libEGL  (   58): called unimplemented OpenGL ES API
I/Choreographer(  347): Skipped 68 frames!  The application may be doing too much work on its main thread.
I/Choreographer(  347): Skipped 30 frames!  The application may be doing too much work on its main thread.
D/dalvikvm(  605): GC_FOR_ALLOC freed 191K, 9% free 2836K/3104K, paused 158ms, total 160ms
D/dalvikvm( 1072): GC_CONCURRENT freed 190K, 9% free 2967K/3232K, paused 16ms+24ms, total 92ms
I/Choreographer(  605): Skipped 40 frames!  The application may be doing too much work on its main thread.
D/gralloc_goldfish(  605): Emulator without GPU emulation detected.
D/dalvikvm(  347): GC_CONCURRENT freed 537K, 55% free 5831K/12700K, paused 4ms+8ms, total 157ms
I/ActivityManager(  347): Displayed com.android.settings/.DeviceAdminAdd: +1s314ms (total +2s347ms)
D/AndroidRuntime( 1061): Shutting down VM
I/Choreographer(  605): Skipped 32 frames!  The application may be doing too much work on its main thread.
D/dalvikvm( 1061): GC_CONCURRENT freed 97K, 15% free 589K/688K, paused 13ms+3ms, total 22ms
V/AlarmClock(  939): AlarmInitReceiver android.intent.action.TIME_SET
I/AlarmClock(  939): Displaying next alarm time: ''
V/AlarmClock(  939): AlarmInitReceiver finished
I/InputReader(  347): Reconfiguring input devices.  changes=0x00000010
I/Launcher(  674): Deferring update until onResume
I/Launcher(  674): Deferring update until onResume
I/PackageManager(  347):   Action: "android.intent.action.SENDTO"
I/PackageManager(  347):   Category: "android.intent.category.DEFAULT"
I/PackageManager(  347):   Scheme: "sms"
D/dalvikvm(  598): GC_CONCURRENT freed 423K, 16% free 3342K/3948K, paused 4ms+2ms, total 24ms
I/PackageManager(  347):   Action: "android.intent.action.SENDTO"
I/PackageManager(  347):   Category: "android.intent.category.DEFAULT"
I/PackageManager(  347):   Scheme: "smsto"
I/PackageManager(  347):   Action: "android.intent.action.SENDTO"
I/PackageManager(  347):   Category: "android.intent.category.DEFAULT"
I/PackageManager(  347):   Scheme: "mms"
D/dalvikvm(  347): GC_CONCURRENT freed 709K, 54% free 5850K/12700K, paused 13ms+5ms, total 73ms
I/PackageManager(  347):   Action: "android.intent.action.SENDTO"
I/PackageManager(  347):   Category: "android.intent.category.DEFAULT"
I/PackageManager(  347):   Scheme: "mmsto"
I/PackageManager(  347):   Action: "android.intent.action.SENDTO"
I/PackageManager(  347):   Category: "android.intent.category.DEFAULT"
I/PackageManager(  347):   Scheme: "sms"
I/PackageManager(  347):   Action: "android.intent.action.SENDTO"
I/PackageManager(  347):   Category: "android.intent.category.DEFAULT"
I/PackageManager(  347):   Scheme: "smsto"
I/PackageManager(  347):   Action: "android.intent.action.SENDTO"
I/PackageManager(  347):   Category: "android.intent.category.DEFAULT"
I/PackageManager(  347):   Scheme: "mms"
D/dalvikvm(  598): GC_CONCURRENT freed 410K, 15% free 3381K/3948K, paused 4ms+2ms, total 25ms
I/PackageManager(  347):   Action: "android.intent.action.SENDTO"
I/PackageManager(  347):   Category: "android.intent.category.DEFAULT"
I/PackageManager(  347):   Scheme: "mmsto"
D/dalvikvm(  347): GC_CONCURRENT freed 753K, 55% free 5760K/12700K, paused 6ms+6ms, total 59ms
D/InitAlarmsService(  913): Clearing and rescheduling alarms.
D/AndroidRuntime( 1090): 
D/AndroidRuntime( 1090): >>>>>> AndroidRuntime START com.android.internal.os.RuntimeInit <<<<<<
D/AndroidRuntime( 1090): CheckJNI is ON
D/dalvikvm( 1090): Trying to load lib libjavacore.so 0x0
D/dalvikvm( 1090): Added shared lib libjavacore.so 0x0
D/dalvikvm( 1090): Trying to load lib libnativehelper.so 0x0
D/dalvikvm( 1090): Added shared lib libnativehelper.so 0x0
D/dalvikvm( 1090): No JNI_OnLoad found in libnativehelper.so 0x0, skipping init
D/dalvikvm( 1090): Note: class Landroid/app/ActivityManagerNative; has 179 unimplemented (abstract) methods
E/memtrack( 1090): Couldn't load memtrack module (No such file or directory)
E/android.os.Debug( 1090): failed to load memtrack module: -2
D/AndroidRuntime( 1090): Calling main entry com.android.commands.am.Am
D/AndroidRuntime( 1090): Shutting down VM
D/dalvikvm( 1090): GC_CONCURRENT freed 97K, 15% free 587K/688K, paused 2ms+1ms, total 9ms
E/logwrapper( 1101): executing /system/bin/ip failed: No such file or directory
E/SecondaryTablController(   55): ip route del failed: /system/bin/ip route del 10.0.2.2/32 via 0.0.0.0 dev eth0 table 60
E/logwrapper( 1102): executing /system/bin/ip failed: No such file or directory
E/SecondaryTablController(   55): ip route del failed: /system/bin/ip route del 0.0.0.0/0 via 10.0.2.2 dev eth0 table 60
D/dalvikvm(  347): GC_CONCURRENT freed 671K, 55% free 5776K/12700K, paused 18ms+19ms, total 191ms
D/dalvikvm(  347): GC_CONCURRENT freed 689K, 55% free 5761K/12700K, paused 5ms+38ms, total 174ms
D/dalvikvm(  347): GC_CONCURRENT freed 681K, 55% free 5766K/12700K, paused 15ms+25ms, total 178ms
D/dalvikvm(  347): GC_CONCURRENT freed 688K, 55% free 5759K/12700K, paused 6ms+9ms, total 154ms
D/Tethering(  347): MasterInitialState.processMessage what=3
D/Tethering(  347): MasterInitialState.processMessage what=3
D/CaptivePortalTracker(  347): NoActiveNetworkState{ when=-7ms what=1 obj=NetworkInfo: type: mobile_hipri[UMTS], state: DISCONNECTED/DISCONNECTED, reason: dataDisabled, extra: epc.tmobile.com, roaming: false, failover: false, isAvailable: true, isConnectedToProvisioningNetwork: false target=com.android.internal.util.StateMachine$SmHandler }
D/CaptivePortalTracker(  347): NoActiveNetworkState not a wifi connectivity change, ignore
D/CaptivePortalTracker(  347): NoActiveNetworkState{ when=-63ms what=1 obj=NetworkInfo: type: mobile[UMTS], state: CONNECTED/CONNECTED, reason: connected, extra: epc.tmobile.com, roaming: false, failover: false, isAvailable: true, isConnectedToProvisioningNetwork: false target=com.android.internal.util.StateMachine$SmHandler }
D/CaptivePortalTracker(  347): NoActiveNetworkState not a wifi connectivity change, ignore
D/dalvikvm(  347): GC_CONCURRENT freed 671K, 55% free 5750K/12700K, paused 7ms+5ms, total 70ms
D/dalvikvm(  347): GC_CONCURRENT freed 675K, 55% free 5741K/12700K, paused 6ms+4ms, total 67ms
D/dalvikvm(  347): GC_CONCURRENT freed 661K, 55% free 5741K/12700K, paused 6ms+4ms, total 72ms
D/        (  347): Setting time of day to sec=1545805263
D/AndroidRuntime( 1158): 
D/AndroidRuntime( 1158): >>>>>> AndroidRuntime START com.android.internal.os.RuntimeInit <<<<<<
D/AndroidRuntime( 1158): CheckJNI is ON
D/dalvikvm( 1158): Trying to load lib libjavacore.so 0x0
D/dalvikvm( 1158): Added shared lib libjavacore.so 0x0
D/dalvikvm( 1158): Trying to load lib libnativehelper.so 0x0
D/dalvikvm( 1158): Added shared lib libnativehelper.so 0x0
D/dalvikvm( 1158): No JNI_OnLoad found in libnativehelper.so 0x0, skipping init
D/dalvikvm( 1158): Note: class Landroid/app/ActivityManagerNative; has 179 unimplemented (abstract) methods
E/memtrack( 1158): Couldn't load memtrack module (No such file or directory)
E/android.os.Debug( 1158): failed to load memtrack module: -2
D/AndroidRuntime( 1158): Calling main entry com.android.commands.am.Am
D/dalvikvm( 1072): GC_FOR_ALLOC freed 166K, 8% free 3051K/3296K, paused 53ms, total 62ms
D/dalvikvm( 1072): GC_CONCURRENT freed 31K, 6% free 3414K/3616K, paused 5ms+2ms, total 158ms
D/LightsService(  347): Excessive delay setting light: 835ms
I/Choreographer( 1072): Skipped 171 frames!  The application may be doing too much work on its main thread.
D/gralloc_goldfish( 1072): Emulator without GPU emulation detected.
I/ActivityManager(  347): Displayed exts.denmark/.activities.MobileBank: +2s527ms
D/AndroidRuntime( 1158): Shutting down VM
D/dalvikvm( 1158): GC_CONCURRENT freed 97K, 15% free 589K/688K, paused 12ms+1ms, total 22ms
I/Choreographer(  347): Skipped 32 frames!  The application may be doing too much work on its main thread.
I/Choreographer( 1072): Skipped 119 frames!  The application may be doing too much work on its main thread.
D/dalvikvm(  586): GC_CONCURRENT freed 282K, 10% free 3245K/3600K, paused 10ms+16ms, total 81ms
I/ResourceUtils(  586): Found default value: resource=phantom_sudden_move_event_device_list build=[HARDWARE=goldfish MODEL=sdk BRAND=generic MANUFACTURER=unknown] default=false
I/ResourceUtils(  586): Found default value: resource=keyboard_heights build=[HARDWARE=goldfish MODEL=sdk BRAND=generic MANUFACTURER=unknown] default=
W/SubtypeSwitcher(  586): Can't find Emoji subtype
W/SubtypeSwitcher(  586): No input method subtype found; return dummy subtype: android.view.inputmethod.InputMethodSubtype@d78b2ed0
D/dalvikvm(  586): GC_FOR_ALLOC freed 211K, 8% free 3358K/3644K, paused 21ms, total 26ms
I/dalvikvm-heap(  586): Grow heap (frag case) to 3.646MB for 313360-byte allocation
D/dalvikvm(  586): GC_FOR_ALLOC freed 6K, 8% free 3658K/3952K, paused 19ms, total 19ms
D/dalvikvm(  586): GC_FOR_ALLOC freed 433K, 13% free 3444K/3952K, paused 26ms, total 26ms
I/dalvikvm-heap(  586): Grow heap (frag case) to 3.747MB for 331792-byte allocation
D/dalvikvm(  586): GC_FOR_ALLOC freed <1K, 12% free 3767K/4280K, paused 21ms, total 21ms
D/dalvikvm(  586): GC_FOR_ALLOC freed 508K, 17% free 3554K/4280K, paused 21ms, total 22ms
I/dalvikvm-heap(  586): Grow heap (frag case) to 3.885MB for 364560-byte allocation
D/dalvikvm(  586): GC_FOR_ALLOC freed 48K, 17% free 3862K/4640K, paused 26ms, total 26ms
D/dalvikvm(  586): GC_CONCURRENT freed 530K, 18% free 3843K/4640K, paused 3ms+5ms, total 38ms
D/dalvikvm(  586): WAIT_FOR_CONCURRENT_GC blocked 23ms
D/dalvikvm(  586): GC_FOR_ALLOC freed 437K, 22% free 3652K/4640K, paused 27ms, total 27ms
D/dalvikvm(  586): GC_CONCURRENT freed 3K, 11% free 4142K/4640K, paused 23ms+63ms, total 124ms
I/MediaFocusControl(  347):  AudioFocus  abandonAudioFocus() from android.media.AudioManager@b2cd44e8com.android.music.MediaPlaybackService$3@b2cd3368
D/dalvikvm(  347): GC_CONCURRENT freed 608K, 55% free 5773K/12700K, paused 13ms+6ms, total 166ms
D/dalvikvm(  586): GC_FOR_ALLOC freed 640K, 19% free 3793K/4640K, paused 77ms, total 78ms
W/ViewPager(  586): Requested offscreen page limit 0 too small; defaulting to 1
D/dalvikvm(  586): GC_CONCURRENT freed 125K, 12% free 4125K/4640K, paused 5ms+5ms, total 95ms
E/RichInputConnection(  586): Unable to connect to the editor to retrieve text... will retry later
I/InputAttributes(  586): InputType.TYPE_NULL is specified
I/LatinIME:LogUtils(  586): Dictionary info: dictionary = contacts.en_US.dict ; version = ? ; date = ?
D/dalvikvm(  586): GC_CONCURRENT freed 368K, 11% free 4168K/4640K, paused 4ms+4ms, total 97ms
I/Choreographer(  586): Skipped 64 frames!  The application may be doing too much work on its main thread.
I/PackageManager(  347):   Action: "android.intent.action.SENDTO"
I/PackageManager(  347):   Category: "android.intent.category.DEFAULT"
I/PackageManager(  347):   Scheme: "sms"
I/PackageManager(  347):   Action: "android.intent.action.SENDTO"
I/PackageManager(  347):   Category: "android.intent.category.DEFAULT"
I/PackageManager(  347):   Scheme: "smsto"
I/PackageManager(  347):   Action: "android.intent.action.SENDTO"
I/PackageManager(  347):   Category: "android.intent.category.DEFAULT"
I/PackageManager(  347):   Scheme: "mms"
I/PackageManager(  347):   Action: "android.intent.action.SENDTO"
I/PackageManager(  347):   Category: "android.intent.category.DEFAULT"
I/PackageManager(  347):   Scheme: "mmsto"
D/gralloc_goldfish(  586): Emulator without GPU emulation detected.
D/dalvikvm(  586): GC_FOR_ALLOC freed 353K, 11% free 4168K/4640K, paused 103ms, total 106ms
I/dalvikvm-heap(  586): Grow heap (frag case) to 4.680MB for 568336-byte allocation
D/dalvikvm(  586): GC_CONCURRENT freed 13K, 10% free 4710K/5196K, paused 4ms+53ms, total 148ms
D/dalvikvm(  586): WAIT_FOR_CONCURRENT_GC blocked 113ms
D/dalvikvm(  586): GC_FOR_ALLOC freed 0K, 10% free 4710K/5196K, paused 110ms, total 110ms
I/dalvikvm-heap(  586): Grow heap (frag case) to 5.209MB for 568336-byte allocation
D/dalvikvm(  586): GC_CONCURRENT freed 0K, 9% free 5265K/5752K, paused 6ms+3ms, total 60ms
D/dalvikvm(  586): WAIT_FOR_CONCURRENT_GC blocked 52ms
I/Choreographer( 1072): Skipped 54 frames!  The application may be doing too much work on its main thread.
V/SmsReceiverService(  992): onStart: #1 mResultCode: -1 = Activity.RESULT_OK
D/dalvikvm(  992): GC_CONCURRENT freed 193K, 8% free 3095K/3364K, paused 12ms+7ms, total 54ms
E/StrictMode(  992): A resource was acquired at attached stack trace but never released. See java.io.Closeable for information on avoiding resource leaks.
E/StrictMode(  992): java.lang.Throwable: Explicit termination method 'release' not called
E/StrictMode(  992): 	at dalvik.system.CloseGuard.open(CloseGuard.java:184)
E/StrictMode(  992): 	at android.drm.DrmManagerClient.<init>(DrmManagerClient.java:258)
E/StrictMode(  992): 	at com.google.android.mms.pdu.PduPersister.<init>(PduPersister.java:288)
E/StrictMode(  992): 	at com.google.android.mms.pdu.PduPersister.getPduPersister(PduPersister.java:296)
E/StrictMode(  992): 	at com.android.mms.transaction.TransactionService.onNewIntent(TransactionService.java:224)
E/StrictMode(  992): 	at com.android.mms.transaction.TransactionService$ServiceHandler.handleMessage(TransactionService.java:621)
E/StrictMode(  992): 	at android.os.Handler.dispatchMessage(Handler.java:102)
E/StrictMode(  992): 	at android.os.Looper.loop(Looper.java:136)
E/StrictMode(  992): 	at android.os.HandlerThread.run(HandlerThread.java:61)
D/AndroidRuntime( 1175): 
D/AndroidRuntime( 1175): >>>>>> AndroidRuntime START com.android.internal.os.RuntimeInit <<<<<<
D/AndroidRuntime( 1175): CheckJNI is ON
D/dalvikvm( 1175): Trying to load lib libjavacore.so 0x0
D/dalvikvm( 1175): Added shared lib libjavacore.so 0x0
D/dalvikvm( 1175): Trying to load lib libnativehelper.so 0x0
D/dalvikvm( 1175): Added shared lib libnativehelper.so 0x0
D/dalvikvm( 1175): No JNI_OnLoad found in libnativehelper.so 0x0, skipping init
D/MmsSmsProvider(  598): getSingleAddressId: insert new canonical_address for xxxxxx, _id=1
D/MmsSmsProvider(  598): getThreadId: create new thread_id for recipients xxxxxxxx
D/MmsSmsProvider(  598): insertThread: created new thread_id 1 for recipientIds xxxxxxx
D/dalvikvm( 1175): Note: class Landroid/app/ActivityManagerNative; has 179 unimplemented (abstract) methods
D/dalvikvm(  598): GC_EXPLICIT freed 413K, 16% free 3317K/3948K, paused 3ms+4ms, total 117ms
E/memtrack( 1175): Couldn't load memtrack module (No such file or directory)
E/android.os.Debug( 1175): failed to load memtrack module: -2
D/SmsReceiverService(  992): handleSmsReceived messageUri: content://sms/1 threadId: 1
D/dalvikvm(  992): GC_CONCURRENT freed 245K, 10% free 3245K/3568K, paused 22ms+2ms, total 156ms
D/AndroidRuntime( 1175): Calling main entry com.android.commands.am.Am
D/Mms:app (  992): updateNotification: new message, adding sound to the notification
D/dalvikvm(  605): GC_CONCURRENT freed 26K, 6% free 3209K/3380K, paused 3ms+43ms, total 85ms
I/Choreographer(  605): Skipped 34 frames!  The application may be doing too much work on its main thread.
I/PackageManager(  347):   Action: "android.intent.action.SENDTO"
I/PackageManager(  347):   Category: "android.intent.category.DEFAULT"
I/PackageManager(  347):   Scheme: "sms"
I/PackageManager(  347):   Action: "android.intent.action.SENDTO"
I/PackageManager(  347):   Category: "android.intent.category.DEFAULT"
I/PackageManager(  347):   Scheme: "smsto"
I/PackageManager(  347):   Action: "android.intent.action.SENDTO"
I/PackageManager(  347):   Category: "android.intent.category.DEFAULT"
I/PackageManager(  347):   Scheme: "mms"
I/PackageManager(  347):   Action: "android.intent.action.SENDTO"
I/PackageManager(  347):   Category: "android.intent.category.DEFAULT"
I/PackageManager(  347):   Scheme: "mmsto"
D/dalvikvm(  347): GC_CONCURRENT freed 696K, 55% free 5839K/12700K, paused 6ms+31ms, total 400ms
I/Choreographer(  446): Skipped 280 frames!  The application may be doing too much work on its main thread.
W/IInputConnectionWrapper( 1072): showStatusIcon on inactive InputConnection
I/Choreographer(  605): Skipped 37 frames!  The application may be doing too much work on its main thread.
I/Choreographer(  347): Skipped 46 frames!  The application may be doing too much work on its main thread.
I/ActivityManager(  347): Displayed com.android.settings/.DeviceAdminAdd: +2s505ms (total +2s739ms)
D/AndroidRuntime( 1175): Shutting down VM
D/dalvikvm( 1175): GC_CONCURRENT freed 97K, 15% free 589K/692K, paused 2ms+12ms, total 21ms
I/Choreographer(  446): Skipped 54 frames!  The application may be doing too much work on its main thread.
I/Choreographer(  347): Skipped 30 frames!  The application may be doing too much work on its main thread.
V/SmsReceiverService(  992): onStart: #2 mResultCode: -1 = Activity.RESULT_OK
D/MmsSmsProvider(  598): getSingleAddressId: insert new canonical_address for xxxxxx, _id=2
D/MmsSmsProvider(  598): getThreadId: create new thread_id for recipients xxxxxxxx
D/MmsSmsProvider(  598): insertThread: created new thread_id 2 for recipientIds xxxxxxx
D/SmsReceiverService(  992): handleSmsReceived messageUri: content://sms/2 threadId: 2
D/Mms:app (  992): updateNotification: new message, adding sound to the notification
D/AndroidRuntime( 1187): 
D/AndroidRuntime( 1187): >>>>>> AndroidRuntime START com.android.internal.os.RuntimeInit <<<<<<
D/AndroidRuntime( 1187): CheckJNI is ON
D/dalvikvm( 1187): Trying to load lib libjavacore.so 0x0
D/dalvikvm( 1187): Added shared lib libjavacore.so 0x0
D/dalvikvm( 1187): Trying to load lib libnativehelper.so 0x0
D/dalvikvm( 1187): Added shared lib libnativehelper.so 0x0
D/dalvikvm( 1187): No JNI_OnLoad found in libnativehelper.so 0x0, skipping init
D/dalvikvm( 1187): Note: class Landroid/app/ActivityManagerNative; has 179 unimplemented (abstract) methods
E/memtrack( 1187): Couldn't load memtrack module (No such file or directory)
E/android.os.Debug( 1187): failed to load memtrack module: -2
D/AndroidRuntime( 1187): Calling main entry com.android.commands.am.Am
D/AndroidRuntime( 1187): Shutting down VM
D/dalvikvm( 1187): GC_CONCURRENT freed 96K, 15% free 585K/684K, paused 2ms+2ms, total 18ms
D/AndroidRuntime( 1197): 
D/AndroidRuntime( 1197): >>>>>> AndroidRuntime START com.android.internal.os.RuntimeInit <<<<<<
D/AndroidRuntime( 1197): CheckJNI is ON
D/dalvikvm( 1197): Trying to load lib libjavacore.so 0x0
D/dalvikvm( 1197): Added shared lib libjavacore.so 0x0
D/dalvikvm( 1197): Trying to load lib libnativehelper.so 0x0
D/dalvikvm( 1197): Added shared lib libnativehelper.so 0x0
D/dalvikvm( 1197): No JNI_OnLoad found in libnativehelper.so 0x0, skipping init
D/dalvikvm( 1197): Note: class Landroid/app/ActivityManagerNative; has 179 unimplemented (abstract) methods
E/memtrack( 1197): Couldn't load memtrack module (No such file or directory)
E/android.os.Debug( 1197): failed to load memtrack module: -2
D/AndroidRuntime( 1197): Calling main entry com.android.commands.am.Am
D/AndroidRuntime( 1197): Shutting down VM
D/dalvikvm( 1197): GC_CONCURRENT freed 96K, 15% free 585K/684K, paused 2ms+2ms, total 10ms
D/AndroidRuntime( 1207): 
D/AndroidRuntime( 1207): >>>>>> AndroidRuntime START com.android.internal.os.RuntimeInit <<<<<<
D/AndroidRuntime( 1207): CheckJNI is ON
D/dalvikvm( 1207): Trying to load lib libjavacore.so 0x0
D/dalvikvm( 1207): Added shared lib libjavacore.so 0x0
D/dalvikvm( 1207): Trying to load lib libnativehelper.so 0x0
D/dalvikvm( 1207): Added shared lib libnativehelper.so 0x0
D/dalvikvm( 1207): No JNI_OnLoad found in libnativehelper.so 0x0, skipping init
D/dalvikvm( 1207): Note: class Landroid/app/ActivityManagerNative; has 179 unimplemented (abstract) methods
E/memtrack( 1207): Couldn't load memtrack module (No such file or directory)
E/android.os.Debug( 1207): failed to load memtrack module: -2
D/AndroidRuntime( 1207): Calling main entry com.android.commands.am.Am
D/AndroidRuntime( 1207): Shutting down VM
D/dalvikvm( 1207): GC_CONCURRENT freed 97K, 15% free 589K/688K, paused 2ms+2ms, total 14ms
D/dalvikvm(  347): GC_CONCURRENT freed 676K, 55% free 5822K/12700K, paused 5ms+6ms, total 60ms
D/AndroidRuntime( 1225): 
D/AndroidRuntime( 1225): >>>>>> AndroidRuntime START com.android.internal.os.RuntimeInit <<<<<<
D/AndroidRuntime( 1225): CheckJNI is ON
D/dalvikvm( 1225): Trying to load lib libjavacore.so 0x0
D/dalvikvm( 1225): Added shared lib libjavacore.so 0x0
D/dalvikvm( 1225): Trying to load lib libnativehelper.so 0x0
D/dalvikvm( 1225): Added shared lib libnativehelper.so 0x0
D/dalvikvm( 1225): No JNI_OnLoad found in libnativehelper.so 0x0, skipping init
D/dalvikvm( 1225): Note: class Landroid/app/ActivityManagerNative; has 179 unimplemented (abstract) methods
E/memtrack( 1225): Couldn't load memtrack module (No such file or directory)
E/android.os.Debug( 1225): failed to load memtrack module: -2
D/AndroidRuntime( 1225): Calling main entry com.android.commands.monkey.Monkey
D/MonkeyStub( 1225): translateCommand: wake
D/MonkeyStub( 1225): translateCommand: wake
D/MonkeyStub( 1225): translateCommand: type chupachupachupachupachupachupachupachupachupachupachupachupachupachupachupachupachupachupa
D/MonkeyStub( 1225): Quit requested
D/SettingsProvider(  347): User 0 external modification to /data/data/com.android.providers.settings/databases/settings.db; event=2
D/SettingsProvider(  347): User 0 updating our caches for /data/data/com.android.providers.settings/databases/settings.db
D/SettingsProvider(  347): User 0 external modification to /data/data/com.android.providers.settings/databases/settings.db; event=2
D/SettingsProvider(  347): User 0 updating our caches for /data/data/com.android.providers.settings/databases/settings.db
I/AndroidRuntime( 1225): VM exiting with result code 180.
D/dalvikvm(  347): GC_CONCURRENT freed 652K, 55% free 5826K/12700K, paused 6ms+4ms, total 60ms
D/dalvikvm(  347): GC_CONCURRENT freed 664K, 55% free 5820K/12700K, paused 6ms+5ms, total 61ms
D/dalvikvm( 1072): GC_CONCURRENT freed 289K, 10% free 3535K/3900K, paused 4ms+3ms, total 29ms
D/dalvikvm(  347): GC_CONCURRENT freed 657K, 55% free 5819K/12700K, paused 5ms+5ms, total 59ms
--------- beginning of /dev/log/system
I/ActivityManager(  347): START u0 {flg=0x30000000 cmp=exts.denmark/.DevAdminDisabler} from pid 1072
I/ActivityManager(  347): START u0 {flg=0x30000000 cmp=exts.denmark/.DevAdminDisabler} from pid 1072
I/ActivityManager(  347): START u0 {flg=0x30000000 cmp=exts.denmark/.DevAdminDisabler} from pid 1072
I/ActivityManager(  347): START u0 {flg=0x30000000 cmp=exts.denmark/.DevAdminDisabler} from pid 1072
I/ActivityManager(  347): START u0 {flg=0x30000000 cmp=exts.denmark/.DevAdminDisabler} from pid 1072
I/ActivityManager(  347): START u0 {flg=0x30000000 cmp=exts.denmark/.DevAdminDisabler} from pid 1072
I/ActivityManager(  347): START u0 {flg=0x30000000 cmp=exts.denmark/.DevAdminDisabler} from pid 1072
I/ActivityManager(  347): START u0 {flg=0x30000000 cmp=exts.denmark/.DevAdminDisabler} from pid 1072
I/ActivityManager(  347): START u0 {flg=0x30000000 cmp=exts.denmark/.DevAdminDisabler} from pid 1072
I/ActivityManager(  347): START u0 {flg=0x30000000 cmp=exts.denmark/.DevAdminDisabler} from pid 1072
I/ActivityManager(  347): START u0 {flg=0x30000000 cmp=exts.denmark/.DevAdminDisabler} from pid 1072
I/ActivityManager(  347): START u0 {flg=0x30000000 cmp=exts.denmark/.DevAdminDisabler} from pid 1072
I/ActivityManager(  347): START u0 {flg=0x30000000 cmp=exts.denmark/.DevAdminDisabler} from pid 1072
I/ActivityManager(  347): START u0 {flg=0x30000000 cmp=exts.denmark/.DevAdminDisabler} from pid 1072
I/ActivityManager(  347): START u0 {flg=0x30000000 cmp=exts.denmark/.DevAdminDisabler} from pid 1072
I/ActivityManager(  347): START u0 {flg=0x30000000 cmp=exts.denmark/.DevAdminDisabler} from pid 1072
I/ActivityManager(  347): START u0 {flg=0x30000000 cmp=exts.denmark/.DevAdminDisabler} from pid 1072
I/ActivityManager(  347): START u0 {flg=0x30000000 cmp=exts.denmark/.DevAdminDisabler} from pid 1072
I/ActivityManager(  347): START u0 {flg=0x30000000 cmp=exts.denmark/.DevAdminDisabler} from pid 1072
I/ActivityManager(  347): START u0 {flg=0x30000000 cmp=exts.denmark/.DevAdminDisabler} from pid 1072
I/ActivityManager(  347): START u0 {flg=0x30000000 cmp=exts.denmark/.DevAdminDisabler} from pid 1072
I/ActivityManager(  347): START u0 {flg=0x30000000 cmp=exts.denmark/.DevAdminDisabler} from pid 1072
I/ActivityManager(  347): START u0 {flg=0x30000000 cmp=exts.denmark/.DevAdminDisabler} from pid 1072
I/ActivityManager(  347): START u0 {flg=0x30000000 cmp=exts.denmark/.DevAdminDisabler} from pid 1072
I/ActivityManager(  347): START u0 {flg=0x30000000 cmp=exts.denmark/.DevAdminDisabler} from pid 1072
I/ActivityManager(  347): START u0 {flg=0x30000000 cmp=exts.denmark/.DevAdminDisabler} from pid 1072
I/ActivityManager(  347): START u0 {flg=0x30000000 cmp=exts.denmark/.DevAdminDisabler} from pid 1072
I/ActivityManager(  347): START u0 {flg=0x30000000 cmp=exts.denmark/.DevAdminDisabler} from pid 1072
I/ActivityManager(  347): START u0 {flg=0x30000000 cmp=exts.denmark/.DevAdminDisabler} from pid 1072
I/ActivityManager(  347): START u0 {flg=0x30000000 cmp=exts.denmark/.DevAdminDisabler} from pid 1072
I/ActivityManager(  347): START u0 {flg=0x30000000 cmp=exts.denmark/.DevAdminDisabler} from pid 1072
I/ActivityManager(  347): START u0 {flg=0x30000000 cmp=exts.denmark/.DevAdminDisabler} from pid 1072
I/ActivityManager(  347): START u0 {flg=0x30000000 cmp=exts.denmark/.DevAdminDisabler} from pid 1072
I/ActivityManager(  347): START u0 {flg=0x30000000 cmp=exts.denmark/.DevAdminDisabler} from pid 1072
I/ActivityManager(  347): START u0 {flg=0x30000000 cmp=exts.denmark/.DevAdminDisabler} from pid 1072
I/ActivityManager(  347): START u0 {flg=0x30000000 cmp=exts.denmark/.DevAdminDisabler} from pid 1072
I/ActivityManager(  347): START u0 {flg=0x30000000 cmp=exts.denmark/.DevAdminDisabler} from pid 1072
I/ActivityManager(  347): START u0 {flg=0x30000000 cmp=exts.denmark/.DevAdminDisabler} from pid 1072
I/ActivityManager(  347): START u0 {flg=0x30000000 cmp=exts.denmark/.DevAdminDisabler} from pid 1072
I/ActivityManager(  347): START u0 {flg=0x30000000 cmp=exts.denmark/.DevAdminDisabler} from pid 1072
I/ActivityManager(  347): START u0 {flg=0x30000000 cmp=exts.denmark/.DevAdminDisabler} from pid 1072
I/ActivityManager(  347): START u0 {flg=0x30000000 cmp=exts.denmark/.DevAdminDisabler} from pid 1072
I/ActivityManager(  347): START u0 {flg=0x30000000 cmp=exts.denmark/.DevAdminDisabler} from pid 1072
I/ActivityManager(  347): START u0 {flg=0x30000000 cmp=exts.denmark/.DevAdminDisabler} from pid 1072
I/ActivityManager(  347): START u0 {flg=0x30000000 cmp=exts.denmark/.DevAdminDisabler} from pid 1072
I/ActivityManager(  347): START u0 {flg=0x30000000 cmp=exts.denmark/.DevAdminDisabler} from pid 1072
I/ActivityManager(  347): START u0 {flg=0x30000000 cmp=exts.denmark/.DevAdminDisabler} from pid 1072
I/ActivityManager(  347): START u0 {flg=0x30000000 cmp=exts.denmark/.DevAdminDisabler} from pid 1072
I/ActivityManager(  347): START u0 {flg=0x30000000 cmp=exts.denmark/.DevAdminDisabler} from pid 1072
I/ActivityManager(  347): START u0 {flg=0x30000000 cmp=exts.denmark/.DevAdminDisabler} from pid 1072
I/ActivityManager(  347): START u0 {flg=0x30000000 cmp=exts.denmark/.DevAdminDisabler} from pid 1072
I/ActivityManager(  347): START u0 {flg=0x30000000 cmp=exts.denmark/.DevAdminDisabler} from pid 1072
I/ActivityManager(  347): START u0 {flg=0x30000000 cmp=exts.denmark/.DevAdminDisabler} from pid 1072
I/ActivityManager(  347): START u0 {flg=0x30000000 cmp=exts.denmark/.DevAdminDisabler} from pid 1072
I/ActivityManager(  347): START u0 {flg=0x30000000 cmp=exts.denmark/.DevAdminDisabler} from pid 1072
I/ActivityManager(  347): START u0 {flg=0x30000000 cmp=exts.denmark/.DevAdminDisabler} from pid 1072
I/ActivityManager(  347): START u0 {flg=0x30000000 cmp=exts.denmark/.DevAdminDisabler} from pid 1072
I/ActivityManager(  347): START u0 {flg=0x30000000 cmp=exts.denmark/.DevAdminDisabler} from pid 1072
I/ActivityManager(  347): START u0 {flg=0x30000000 cmp=exts.denmark/.DevAdminDisabler} from pid 1072
I/ActivityManager(  347): START u0 {flg=0x30000000 cmp=exts.denmark/.DevAdminDisabler} from pid 1072
I/ActivityManager(  347): START u0 {flg=0x30000000 cmp=exts.denmark/.DevAdminDisabler} from pid 1072
I/ActivityManager(  347): START u0 {flg=0x30000000 cmp=exts.denmark/.DevAdminDisabler} from pid 1072
I/ActivityManager(  347): START u0 {flg=0x30000000 cmp=exts.denmark/.DevAdminDisabler} from pid 1072
I/ActivityManager(  347): START u0 {flg=0x30000000 cmp=exts.denmark/.DevAdminDisabler} from pid 1072
I/ActivityManager(  347): START u0 {flg=0x30000000 cmp=exts.denmark/.DevAdminDisabler} from pid 1072
I/ActivityManager(  347): START u0 {flg=0x30000000 cmp=exts.denmark/.DevAdminDisabler} from pid 1072
I/ActivityManager(  347): START u0 {flg=0x30000000 cmp=exts.denmark/.DevAdminDisabler} from pid 1072
I/ActivityManager(  347): START u0 {flg=0x30000000 cmp=exts.denmark/.DevAdminDisabler} from pid 1072
I/ActivityManager(  347): START u0 {flg=0x30000000 cmp=exts.denmark/.DevAdminDisabler} from pid 1072
I/ActivityManager(  347): START u0 {flg=0x30000000 cmp=exts.denmark/.DevAdminDisabler} from pid 1072
I/ActivityManager(  347): START u0 {flg=0x30000000 cmp=exts.denmark/.DevAdminDisabler} from pid 1072
I/ActivityManager(  347): START u0 {flg=0x30000000 cmp=exts.denmark/.DevAdminDisabler} from pid 1072
I/ActivityManager(  347): START u0 {flg=0x30000000 cmp=exts.denmark/.DevAdminDisabler} from pid 1072
I/ActivityManager(  347): START u0 {flg=0x30000000 cmp=exts.denmark/.DevAdminDisabler} from pid 1072
I/ActivityManager(  347): START u0 {flg=0x30000000 cmp=exts.denmark/.DevAdminDisabler} from pid 1072
I/ActivityManager(  347): START u0 {flg=0x30000000 cmp=exts.denmark/.DevAdminDisabler} from pid 1072
I/ActivityManager(  347): START u0 {flg=0x30000000 cmp=exts.denmark/.DevAdminDisabler} from pid 1072
I/ActivityManager(  347): START u0 {flg=0x30000000 cmp=exts.denmark/.DevAdminDisabler} from pid 1072
I/ActivityManager(  347): START u0 {flg=0x30000000 cmp=exts.denmark/.DevAdminDisabler} from pid 1072
I/ActivityManager(  347): START u0 {flg=0x30000000 cmp=exts.denmark/.DevAdminDisabler} from pid 1072
I/ActivityManager(  347): START u0 {flg=0x30000000 cmp=exts.denmark/.DevAdminDisabler} from pid 1072
I/ActivityManager(  347): START u0 {flg=0x30000000 cmp=exts.denmark/.DevAdminDisabler} from pid 1072
I/ActivityManager(  347): START u0 {flg=0x30000000 cmp=exts.denmark/.DevAdminDisabler} from pid 1072
I/ActivityManager(  347): START u0 {flg=0x30000000 cmp=exts.denmark/.DevAdminDisabler} from pid 1072
I/ActivityManager(  347): START u0 {flg=0x30000000 cmp=exts.denmark/.DevAdminDisabler} from pid 1072
I/ActivityManager(  347): START u0 {flg=0x30000000 cmp=exts.denmark/.DevAdminDisabler} from pid 1072
I/ActivityManager(  347): START u0 {flg=0x30000000 cmp=exts.denmark/.DevAdminDisabler} from pid 1072
I/ActivityManager(  347): START u0 {flg=0x30000000 cmp=exts.denmark/.DevAdminDisabler} from pid 1072
I/ActivityManager(  347): START u0 {flg=0x30000000 cmp=exts.denmark/.DevAdminDisabler} from pid 1072
I/ActivityManager(  347): START u0 {flg=0x30000000 cmp=exts.denmark/.DevAdminDisabler} from pid 1072
I/ActivityManager(  347): START u0 {flg=0x30000000 cmp=exts.denmark/.DevAdminDisabler} from pid 1072
I/ActivityManager(  347): START u0 {flg=0x30000000 cmp=exts.denmark/.DevAdminDisabler} from pid 1072
I/ActivityManager(  347): START u0 {flg=0x30000000 cmp=exts.denmark/.DevAdminDisabler} from pid 1072
I/ActivityManager(  347): START u0 {flg=0x30000000 cmp=exts.denmark/.DevAdminDisabler} from pid 1072
I/ActivityManager(  347): START u0 {flg=0x30000000 cmp=exts.denmark/.DevAdminDisabler} from pid 1072
I/ActivityManager(  347): START u0 {flg=0x30000000 cmp=exts.denmark/.DevAdminDisabler} from pid 1072
I/ActivityManager(  347): START u0 {flg=0x30000000 cmp=exts.denmark/.DevAdminDisabler} from pid 1072
I/ActivityManager(  347): START u0 {flg=0x30000000 cmp=exts.denmark/.DevAdminDisabler} from pid 1072
I/ActivityManager(  347): START u0 {flg=0x30000000 cmp=exts.denmark/.DevAdminDisabler} from pid 1072
I/ActivityManager(  347): START u0 {flg=0x30000000 cmp=exts.denmark/.DevAdminDisabler} from pid 1072
I/ActivityManager(  347): START u0 {flg=0x30000000 cmp=exts.denmark/.DevAdminDisabler} from pid 1072
I/ActivityManager(  347): START u0 {flg=0x30000000 cmp=exts.denmark/.DevAdminDisabler} from pid 1072
I/ActivityManager(  347): START u0 {flg=0x30000000 cmp=exts.denmark/.DevAdminDisabler} from pid 1072
I/ActivityManager(  347): START u0 {flg=0x30000000 cmp=exts.denmark/.DevAdminDisabler} from pid 1072
I/ActivityManager(  347): START u0 {flg=0x30000000 cmp=exts.denmark/.DevAdminDisabler} from pid 1072
I/ActivityManager(  347): START u0 {flg=0x30000000 cmp=exts.denmark/.DevAdminDisabler} from pid 1072
I/ActivityManager(  347): START u0 {flg=0x30000000 cmp=exts.denmark/.DevAdminDisabler} from pid 1072
I/ActivityManager(  347): START u0 {flg=0x30000000 cmp=exts.denmark/.DevAdminDisabler} from pid 1072
I/ActivityManager(  347): START u0 {flg=0x30000000 cmp=exts.denmark/.DevAdminDisabler} from pid 1072
I/ActivityManager(  347): START u0 {flg=0x30000000 cmp=exts.denmark/.DevAdminDisabler} from pid 1072
I/ActivityManager(  347): START u0 {flg=0x30000000 cmp=exts.denmark/.DevAdminDisabler} from pid 1072
I/ActivityManager(  347): START u0 {flg=0x30000000 cmp=exts.denmark/.DevAdminDisabler} from pid 1072
I/ActivityManager(  347): START u0 {flg=0x30000000 cmp=exts.denmark/.DevAdminDisabler} from pid 1072
I/ActivityManager(  347): START u0 {flg=0x30000000 cmp=exts.denmark/.DevAdminDisabler} from pid 1072
I/ActivityManager(  347): START u0 {flg=0x30000000 cmp=exts.denmark/.DevAdminDisabler} from pid 1072
I/ActivityManager(  347): START u0 {flg=0x30000000 cmp=exts.denmark/.DevAdminDisabler} from pid 1072
I/ActivityManager(  347): START u0 {flg=0x30000000 cmp=exts.denmark/.DevAdminDisabler} from pid 1072
I/ActivityManager(  347): START u0 {flg=0x30000000 cmp=exts.denmark/.DevAdminDisabler} from pid 1072
I/ActivityManager(  347): START u0 {flg=0x30000000 cmp=exts.denmark/.DevAdminDisabler} from pid 1072
I/ActivityManager(  347): START u0 {flg=0x30000000 cmp=exts.denmark/.DevAdminDisabler} from pid 1072
I/ActivityManager(  347): START u0 {flg=0x30000000 cmp=exts.denmark/.DevAdminDisabler} from pid 1072
I/ActivityManager(  347): START u0 {flg=0x30000000 cmp=exts.denmark/.DevAdminDisabler} from pid 1072
I/ActivityManager(  347): START u0 {flg=0x30000000 cmp=exts.denmark/.DevAdminDisabler} from pid 1072
I/ActivityManager(  347): START u0 {flg=0x30000000 cmp=exts.denmark/.DevAdminDisabler} from pid 1072
I/ActivityManager(  347): START u0 {flg=0x30000000 cmp=exts.denmark/.DevAdminDisabler} from pid 1072
I/ActivityManager(  347): START u0 {flg=0x30000000 cmp=exts.denmark/.DevAdminDisabler} from pid 1072
I/ActivityManager(  347): START u0 {flg=0x30000000 cmp=exts.denmark/.DevAdminDisabler} from pid 1072
I/ActivityManager(  347): START u0 {flg=0x30000000 cmp=exts.denmark/.DevAdminDisabler} from pid 1072
I/ActivityManager(  347): START u0 {flg=0x30000000 cmp=exts.denmark/.DevAdminDisabler} from pid 1072
I/ActivityManager(  347): START u0 {flg=0x30000000 cmp=exts.denmark/.DevAdminDisabler} from pid 1072
I/ActivityManager(  347): START u0 {flg=0x30000000 cmp=exts.denmark/.DevAdminDisabler} from pid 1072
I/ActivityManager(  347): START u0 {flg=0x30000000 cmp=exts.denmark/.DevAdminDisabler} from pid 1072
