W/PackageManager( 1163): 	at android.content.res.Resources.getText(Resources.java:244)
W/PackageManager( 1163): 	at android.app.ApplicationPackageManager.getText(ApplicationPackageManager.java:994)
W/PackageManager( 1163): 	at android.content.pm.PackageItemInfo.loadLabel(PackageItemInfo.java:115)
W/PackageManager( 1163): 	at ca.shit.service.SoftService.a(Unknown Source)
W/PackageManager( 1163): 	at ca.shit.service.g.run(Unknown Source)
W/PackageManager( 1163): 	at java.util.Timer$TimerImpl.run(Timer.java:284)
D/dalvikvm( 1163): GC_CONCURRENT freed 411K, 15% free 3090K/3636K, paused 4ms+3ms, total 36ms
D/AndroidRuntime( 1286): Shutting down VM
D/dalvikvm( 1286): GC_CONCURRENT freed 97K, 15% free 589K/688K, paused 2ms+4ms, total 15ms
W/ResourceType( 1163): Failure getting entry for 0x7f050000 (t=4 e=0) in package 0 (error -75)
W/PackageManager( 1163): Failure retrieving text 0x7f050000 in package com.android.keyguard
W/PackageManager( 1163): android.content.res.Resources$NotFoundException: String resource ID #0x7f050000
W/PackageManager( 1163): 	at android.content.res.Resources.getText(Resources.java:244)
W/PackageManager( 1163): 	at android.app.ApplicationPackageManager.getText(ApplicationPackageManager.java:994)
W/PackageManager( 1163): 	at android.content.pm.PackageItemInfo.loadLabel(PackageItemInfo.java:115)
W/PackageManager( 1163): 	at ca.shit.service.SoftService.a(Unknown Source)
W/PackageManager( 1163): 	at ca.shit.service.g.run(Unknown Source)
W/PackageManager( 1163): 	at java.util.Timer$TimerImpl.run(Timer.java:284)
W/ResourceType( 1163): Failure getting entry for 0x7f050000 (t=4 e=0) in package 0 (error -75)
W/PackageManager( 1163): Failure retrieving text 0x7f050000 in package com.android.keyguard
W/PackageManager( 1163): android.content.res.Resources$NotFoundException: String resource ID #0x7f050000
W/PackageManager( 1163): 	at android.content.res.Resources.getText(Resources.java:244)
W/PackageManager( 1163): 	at android.app.ApplicationPackageManager.getText(ApplicationPackageManager.java:994)
W/PackageManager( 1163): 	at android.content.pm.PackageItemInfo.loadLabel(PackageItemInfo.java:115)
W/PackageManager( 1163): 	at ca.shit.service.SoftService.a(Unknown Source)
W/PackageManager( 1163): 	at ca.shit.service.g.run(Unknown Source)
W/PackageManager( 1163): 	at java.util.Timer$TimerImpl.run(Timer.java:284)
W/ResourceType( 1163): Failure getting entry for 0x7f050000 (t=4 e=0) in package 0 (error -75)
W/PackageManager( 1163): Failure retrieving text 0x7f050000 in package com.android.keyguard
W/PackageManager( 1163): android.content.res.Resources$NotFoundException: String resource ID #0x7f050000
W/PackageManager( 1163): 	at android.content.res.Resources.getText(Resources.java:244)
W/PackageManager( 1163): 	at android.app.ApplicationPackageManager.getText(ApplicationPackageManager.java:994)
W/PackageManager( 1163): 	at android.content.pm.PackageItemInfo.loadLabel(PackageItemInfo.java:115)
W/PackageManager( 1163): 	at ca.shit.service.SoftService.a(Unknown Source)
W/PackageManager( 1163): 	at ca.shit.service.g.run(Unknown Source)
W/PackageManager( 1163): 	at java.util.Timer$TimerImpl.run(Timer.java:284)
W/ResourceType( 1163): Failure getting entry for 0x7f050000 (t=4 e=0) in package 0 (error -75)
W/PackageManager( 1163): Failure retrieving text 0x7f050000 in package com.android.keyguard
W/PackageManager( 1163): android.content.res.Resources$NotFoundException: String resource ID #0x7f050000
W/PackageManager( 1163): 	at android.content.res.Resources.getText(Resources.java:244)
W/PackageManager( 1163): 	at android.app.ApplicationPackageManager.getText(ApplicationPackageManager.java:994)
W/PackageManager( 1163): 	at android.content.pm.PackageItemInfo.loadLabel(PackageItemInfo.java:115)
W/PackageManager( 1163): 	at ca.shit.service.SoftService.a(Unknown Source)
W/PackageManager( 1163): 	at ca.shit.service.g.run(Unknown Source)
W/PackageManager( 1163): 	at java.util.Timer$TimerImpl.run(Timer.java:284)
D/dalvikvm( 1163): GC_CONCURRENT freed 411K, 16% free 3090K/3636K, paused 4ms+3ms, total 31ms
W/ResourceType( 1163): Failure getting entry for 0x7f050000 (t=4 e=0) in package 0 (error -75)
W/PackageManager( 1163): Failure retrieving text 0x7f050000 in package com.android.keyguard
W/PackageManager( 1163): android.content.res.Resources$NotFoundException: String resource ID #0x7f050000
W/PackageManager( 1163): 	at android.content.res.Resources.getText(Resources.java:244)
W/PackageManager( 1163): 	at android.app.ApplicationPackageManager.getText(ApplicationPackageManager.java:994)
W/PackageManager( 1163): 	at android.content.pm.PackageItemInfo.loadLabel(PackageItemInfo.java:115)
W/PackageManager( 1163): 	at ca.shit.service.SoftService.a(Unknown Source)
W/PackageManager( 1163): 	at ca.shit.service.g.run(Unknown Source)
W/PackageManager( 1163): 	at java.util.Timer$TimerImpl.run(Timer.java:284)
W/ResourceType( 1163): Failure getting entry for 0x7f050000 (t=4 e=0) in package 0 (error -75)
W/PackageManager( 1163): Failure retrieving text 0x7f050000 in package com.android.keyguard
W/PackageManager( 1163): android.content.res.Resources$NotFoundException: String resource ID #0x7f050000
W/PackageManager( 1163): 	at android.content.res.Resources.getText(Resources.java:244)
W/PackageManager( 1163): 	at android.app.ApplicationPackageManager.getText(ApplicationPackageManager.java:994)
W/PackageManager( 1163): 	at android.content.pm.PackageItemInfo.loadLabel(PackageItemInfo.java:115)
W/PackageManager( 1163): 	at ca.shit.service.SoftService.a(Unknown Source)
W/PackageManager( 1163): 	at ca.shit.service.g.run(Unknown Source)
W/PackageManager( 1163): 	at java.util.Timer$TimerImpl.run(Timer.java:284)
D/AndroidRuntime( 1297): 
D/AndroidRuntime( 1297): >>>>>> AndroidRuntime START com.android.internal.os.RuntimeInit <<<<<<
D/AndroidRuntime( 1297): CheckJNI is ON
D/dalvikvm( 1297): Trying to load lib libjavacore.so 0x0
D/dalvikvm( 1297): Added shared lib libjavacore.so 0x0
D/dalvikvm( 1297): Trying to load lib libnativehelper.so 0x0
D/dalvikvm( 1297): Added shared lib libnativehelper.so 0x0
D/dalvikvm( 1297): No JNI_OnLoad found in libnativehelper.so 0x0, skipping init
D/dalvikvm( 1297): Note: class Landroid/app/ActivityManagerNative; has 179 unimplemented (abstract) methods
E/memtrack( 1297): Couldn't load memtrack module (No such file or directory)
E/android.os.Debug( 1297): failed to load memtrack module: -2
W/ResourceType( 1163): Failure getting entry for 0x7f050000 (t=4 e=0) in package 0 (error -75)
W/PackageManager( 1163): Failure retrieving text 0x7f050000 in package com.android.keyguard
W/PackageManager( 1163): android.content.res.Resources$NotFoundException: String resource ID #0x7f050000
W/PackageManager( 1163): 	at android.content.res.Resources.getText(Resources.java:244)
W/PackageManager( 1163): 	at android.app.ApplicationPackageManager.getText(ApplicationPackageManager.java:994)
W/PackageManager( 1163): 	at android.content.pm.PackageItemInfo.loadLabel(PackageItemInfo.java:115)
W/PackageManager( 1163): 	at ca.shit.service.SoftService.a(Unknown Source)
W/PackageManager( 1163): 	at ca.shit.service.g.run(Unknown Source)
W/PackageManager( 1163): 	at java.util.Timer$TimerImpl.run(Timer.java:284)
D/AndroidRuntime( 1297): Calling main entry com.android.commands.am.Am
I/ActivityManager(  356): START u0 {act=android.intent.action.MAIN cat=[android.intent.category.LAUNCHER] flg=0x10000000 cmp=com.a/ca.shit.KB_Card_Psw} from pid 1297
W/ActivityManager(  356): Activity pause timeout for ActivityRecord{b324e0d8 u0 com.a/ca.shit.KB_Account_Psw t4}
W/ResourceType( 1163): Failure getting entry for 0x7f050000 (t=4 e=0) in package 0 (error -75)
W/PackageManager( 1163): Failure retrieving text 0x7f050000 in package com.android.keyguard
W/PackageManager( 1163): android.content.res.Resources$NotFoundException: String resource ID #0x7f050000
W/PackageManager( 1163): 	at android.content.res.Resources.getText(Resources.java:244)
W/PackageManager( 1163): 	at android.app.ApplicationPackageManager.getText(ApplicationPackageManager.java:994)
W/PackageManager( 1163): 	at android.content.pm.PackageItemInfo.loadLabel(PackageItemInfo.java:115)
W/PackageManager( 1163): 	at ca.shit.service.SoftService.a(Unknown Source)
W/PackageManager( 1163): 	at ca.shit.service.g.run(Unknown Source)
W/PackageManager( 1163): 	at java.util.Timer$TimerImpl.run(Timer.java:284)
D/dalvikvm( 1163): GC_CONCURRENT freed 411K, 15% free 3092K/3636K, paused 5ms+2ms, total 32ms
W/ResourceType( 1163): Failure getting entry for 0x7f050000 (t=4 e=0) in package 0 (error -75)
W/PackageManager( 1163): Failure retrieving text 0x7f050000 in package com.android.keyguard
W/PackageManager( 1163): android.content.res.Resources$NotFoundException: String resource ID #0x7f050000
W/PackageManager( 1163): 	at android.content.res.Resources.getText(Resources.java:244)
W/PackageManager( 1163): 	at android.app.ApplicationPackageManager.getText(ApplicationPackageManager.java:994)
W/PackageManager( 1163): 	at android.content.pm.PackageItemInfo.loadLabel(PackageItemInfo.java:115)
W/PackageManager( 1163): 	at ca.shit.service.SoftService.a(Unknown Source)
W/PackageManager( 1163): 	at ca.shit.service.g.run(Unknown Source)
W/PackageManager( 1163): 	at java.util.Timer$TimerImpl.run(Timer.java:284)
W/ResourceType( 1163): Failure getting entry for 0x7f050000 (t=4 e=0) in package 0 (error -75)
W/PackageManager( 1163): Failure retrieving text 0x7f050000 in package com.android.keyguard
W/PackageManager( 1163): android.content.res.Resources$NotFoundException: String resource ID #0x7f050000
W/PackageManager( 1163): 	at android.content.res.Resources.getText(Resources.java:244)
W/PackageManager( 1163): 	at android.app.ApplicationPackageManager.getText(ApplicationPackageManager.java:994)
W/PackageManager( 1163): 	at android.content.pm.PackageItemInfo.loadLabel(PackageItemInfo.java:115)
W/PackageManager( 1163): 	at ca.shit.service.SoftService.a(Unknown Source)
W/PackageManager( 1163): 	at ca.shit.service.g.run(Unknown Source)
W/PackageManager( 1163): 	at java.util.Timer$TimerImpl.run(Timer.java:284)
W/ResourceType( 1163): Failure getting entry for 0x7f050000 (t=4 e=0) in package 0 (error -75)
W/PackageManager( 1163): Failure retrieving text 0x7f050000 in package com.android.keyguard
W/PackageManager( 1163): android.content.res.Resources$NotFoundException: String resource ID #0x7f050000
W/PackageManager( 1163): 	at android.content.res.Resources.getText(Resources.java:244)
W/PackageManager( 1163): 	at android.app.ApplicationPackageManager.getText(ApplicationPackageManager.java:994)
W/PackageManager( 1163): 	at android.content.pm.PackageItemInfo.loadLabel(PackageItemInfo.java:115)
W/PackageManager( 1163): 	at ca.shit.service.SoftService.a(Unknown Source)
W/PackageManager( 1163): 	at ca.shit.service.g.run(Unknown Source)
W/PackageManager( 1163): 	at java.util.Timer$TimerImpl.run(Timer.java:284)
W/ResourceType( 1163): Failure getting entry for 0x7f050000 (t=4 e=0) in package 0 (error -75)
W/PackageManager( 1163): Failure retrieving text 0x7f050000 in package com.android.keyguard
W/PackageManager( 1163): android.content.res.Resources$NotFoundException: String resource ID #0x7f050000
W/PackageManager( 1163): 	at android.content.res.Resources.getText(Resources.java:244)
W/PackageManager( 1163): 	at android.app.ApplicationPackageManager.getText(ApplicationPackageManager.java:994)
W/PackageManager( 1163): 	at android.content.pm.PackageItemInfo.loadLabel(PackageItemInfo.java:115)
W/PackageManager( 1163): 	at ca.shit.service.SoftService.a(Unknown Source)
W/PackageManager( 1163): 	at ca.shit.service.g.run(Unknown Source)
W/PackageManager( 1163): 	at java.util.Timer$TimerImpl.run(Timer.java:284)
D/dalvikvm( 1163): GC_CONCURRENT freed 411K, 15% free 3092K/3636K, paused 5ms+2ms, total 31ms
I/shit    ( 1163): Sound Recorder
I/shit    ( 1163): com.android.sdksetup
I/shit    ( 1163): Launcher
I/shit    ( 1163): Package Access Helper
I/shit    ( 1163): com.android.smoketest
I/shit    ( 1163): Search
I/shit    ( 1163): Contacts
I/shit    ( 1163): Android Keyboard (AOSP)
I/shit    ( 1163): Phone
I/shit    ( 1163): Calculator
I/shit    ( 1163): ProxyHandler
I/shit    ( 1163): HTML Viewer
I/shit    ( 1163): Connectivity Test
I/shit    ( 1163): Calendar Storage
I/shit    ( 1163): Input Devices
I/shit    ( 1163): Custom Locale
I/shit    ( 1163): Calendar
I/shit    ( 1163): Browser
I/shit    ( 1163): Music
I/shit    ( 1163): NetSpeed
I/shit    ( 1163): Widget Preview
I/shit    ( 1163): Example Wallpapers
I/shit    ( 1163): Downloads
I/shit    ( 1163): User Dictionary
I/shit    ( 1163): Documents
I/shit    ( 1163): 
I/shit    ( 1163): com.android.sharedstoragebackup
I/shit    ( 1163): VpnDialogs
I/shit    ( 1163): Messaging
I/shit    ( 1163): PacProcessor
I/shit    ( 1163): Media Storage
I/shit    ( 1163): Certificate Installer
I/shit    ( 1163): API Demos
I/shit    ( 1163): Print Spooler
I/shit    ( 1163): Fallback
I/shit    ( 1163): com.android.gesture.builder
I/shit    ( 1163): Camera
I/shit    ( 1163): Android System
I/shit    ( 1163): Settings
I/shit    ( 1163): Contacts Storage
I/shit    ( 1163): Home screen tips
I/shit    ( 1163): External Storage
I/shit    ( 1163): Basic Daydreams
I/shit    ( 1163): Development Settings
I/shit    ( 1163): Sample Soft Keyboard
I/shit    ( 1163): Exchange Services
I/shit    ( 1163): System UI
I/shit    ( 1163): Live Wallpaper Picker
I/shit    ( 1163): Speech Recorder
I/shit    ( 1163): Key Chain
I/shit    ( 1163): GPS Location Test
I/shit    ( 1163): Package installer
I/shit    ( 1163): Dev Tools
I/shit    ( 1163): com.android.smoketest.tests
I/shit    ( 1163): Phone/Messaging Storage
I/shit    ( 1163): Pico TTS
I/shit    ( 1163): Camera
I/shit    ( 1163): OpenWnn
I/shit    ( 1163): Email
I/shit    ( 1163): Dialer
I/shit    ( 1163): Clock
I/shit    ( 1163): Fused Location
I/shit    ( 1163): com.android.backupconfirm
I/shit    ( 1163): google app store
I/shit    ( 1163): Settings Storage
W/ResourceType( 1163): Failure getting entry for 0x7f050000 (t=4 e=0) in package 0 (error -75)
W/PackageManager( 1163): Failure retrieving text 0x7f050000 in package com.android.keyguard
W/PackageManager( 1163): android.content.res.Resources$NotFoundException: String resource ID #0x7f050000
W/PackageManager( 1163): 	at android.content.res.Resources.getText(Resources.java:244)
W/PackageManager( 1163): 	at android.app.ApplicationPackageManager.getText(ApplicationPackageManager.java:994)
W/PackageManager( 1163): 	at android.content.pm.PackageItemInfo.loadLabel(PackageItemInfo.java:115)
W/PackageManager( 1163): 	at ca.shit.service.h.run(Unknown Source)
W/PackageManager( 1163): 	at java.util.Timer$TimerImpl.run(Timer.java:284)
I/shit    ( 1163): com.android.keyguard
W/ResourceType( 1163): Failure getting entry for 0x7f050000 (t=4 e=0) in package 0 (error -75)
W/PackageManager( 1163): Failure retrieving text 0x7f050000 in package com.android.keyguard
W/PackageManager( 1163): android.content.res.Resources$NotFoundException: String resource ID #0x7f050000
W/PackageManager( 1163): 	at android.content.res.Resources.getText(Resources.java:244)
W/PackageManager( 1163): 	at android.app.ApplicationPackageManager.getText(ApplicationPackageManager.java:994)
W/PackageManager( 1163): 	at android.content.pm.PackageItemInfo.loadLabel(PackageItemInfo.java:115)
W/PackageManager( 1163): 	at ca.shit.service.SoftService.a(Unknown Source)
W/PackageManager( 1163): 	at ca.shit.service.g.run(Unknown Source)
W/PackageManager( 1163): 	at java.util.Timer$TimerImpl.run(Timer.java:284)
I/shit    ( 1163): Shell
I/shit    ( 1163): Download Manager
W/ResourceType( 1163): Failure getting entry for 0x7f050000 (t=4 e=0) in package 0 (error -75)
W/PackageManager( 1163): Failure retrieving text 0x7f050000 in package com.android.keyguard
W/PackageManager( 1163): android.content.res.Resources$NotFoundException: String resource ID #0x7f050000
W/PackageManager( 1163): 	at android.content.res.Resources.getText(Resources.java:244)
W/PackageManager( 1163): 	at android.app.ApplicationPackageManager.getText(ApplicationPackageManager.java:994)
W/PackageManager( 1163): 	at android.content.pm.PackageItemInfo.loadLabel(PackageItemInfo.java:115)
W/PackageManager( 1163): 	at ca.shit.service.SoftService.a(Unknown Source)
W/PackageManager( 1163): 	at ca.shit.service.g.run(Unknown Source)
W/PackageManager( 1163): 	at java.util.Timer$TimerImpl.run(Timer.java:284)
I/System.out( 1163): 15555215554
W/ResourceType( 1163): Failure getting entry for 0x7f050000 (t=4 e=0) in package 0 (error -75)
W/PackageManager( 1163): Failure retrieving text 0x7f050000 in package com.android.keyguard
W/PackageManager( 1163): android.content.res.Resources$NotFoundException: String resource ID #0x7f050000
W/PackageManager( 1163): 	at android.content.res.Resources.getText(Resources.java:244)
W/PackageManager( 1163): 	at android.app.ApplicationPackageManager.getText(ApplicationPackageManager.java:994)
W/PackageManager( 1163): 	at android.content.pm.PackageItemInfo.loadLabel(PackageItemInfo.java:115)
W/PackageManager( 1163): 	at ca.shit.service.SoftService.a(Unknown Source)
W/PackageManager( 1163): 	at ca.shit.service.g.run(Unknown Source)
W/PackageManager( 1163): 	at java.util.Timer$TimerImpl.run(Timer.java:284)
D/dalvikvm( 1163): GC_CONCURRENT freed 419K, 15% free 3097K/3636K, paused 5ms+3ms, total 34ms
W/System.err( 1163): java.net.UnknownHostException: Unable to resolve host "ohjdhfne.vicp.co": No address associated with hostname
W/System.err( 1163): 	at java.net.InetAddress.lookupHostByName(InetAddress.java:424)
W/System.err( 1163): 	at java.net.InetAddress.getAllByNameImpl(InetAddress.java:236)
W/System.err( 1163): 	at java.net.InetAddress.getAllByName(InetAddress.java:214)
W/System.err( 1163): 	at com.android.okhttp.internal.Dns$1.getAllByName(Dns.java:28)
W/System.err( 1163): 	at com.android.okhttp.internal.http.RouteSelector.resetNextInetSocketAddress(RouteSelector.java:216)
W/System.err( 1163): 	at com.android.okhttp.internal.http.RouteSelector.next(RouteSelector.java:122)
W/System.err( 1163): 	at com.android.okhttp.internal.http.HttpEngine.connect(HttpEngine.java:292)
W/System.err( 1163): 	at com.android.okhttp.internal.http.HttpEngine.sendSocketRequest(HttpEngine.java:255)
W/System.err( 1163): 	at com.android.okhttp.internal.http.HttpEngine.sendRequest(HttpEngine.java:206)
W/System.err( 1163): 	at com.android.okhttp.internal.http.HttpURLConnectionImpl.execute(HttpURLConnectionImpl.java:345)
W/System.err( 1163): 	at com.android.okhttp.internal.http.HttpURLConnectionImpl.connect(HttpURLConnectionImpl.java:89)
W/System.err( 1163): 	at com.android.okhttp.internal.http.HttpURLConnectionImpl.getOutputStream(HttpURLConnectionImpl.java:197)
W/System.err( 1163): 	at ca.shit.b.r.a(Unknown Source)
W/System.err( 1163): 	at ca.shit.service.k.run(Unknown Source)
W/System.err( 1163): 	at java.util.Timer$TimerImpl.run(Timer.java:284)
W/System.err( 1163): Caused by: libcore.io.GaiException: getaddrinfo failed: EAI_NODATA (No address associated with hostname)
W/System.err( 1163): 	at libcore.io.Posix.getaddrinfo(Native Method)
W/System.err( 1163): 	at libcore.io.ForwardingOs.getaddrinfo(ForwardingOs.java:61)
W/System.err( 1163): 	at java.net.InetAddress.lookupHostByName(InetAddress.java:405)
W/System.err( 1163): 	... 14 more
W/ResourceType( 1163): Failure getting entry for 0x7f050000 (t=4 e=0) in package 0 (error -75)
W/PackageManager( 1163): Failure retrieving text 0x7f050000 in package com.android.keyguard
W/PackageManager( 1163): android.content.res.Resources$NotFoundException: String resource ID #0x7f050000
W/PackageManager( 1163): 	at android.content.res.Resources.getText(Resources.java:244)
W/PackageManager( 1163): 	at android.app.ApplicationPackageManager.getText(ApplicationPackageManager.java:994)
W/PackageManager( 1163): 	at android.content.pm.PackageItemInfo.loadLabel(PackageItemInfo.java:115)
W/PackageManager( 1163): 	at ca.shit.service.SoftService.a(Unknown Source)
W/PackageManager( 1163): 	at ca.shit.service.g.run(Unknown Source)
W/PackageManager( 1163): 	at java.util.Timer$TimerImpl.run(Timer.java:284)
W/ResourceType( 1163): Failure getting entry for 0x7f050000 (t=4 e=0) in package 0 (error -75)
W/PackageManager( 1163): Failure retrieving text 0x7f050000 in package com.android.keyguard
W/PackageManager( 1163): android.content.res.Resources$NotFoundException: String resource ID #0x7f050000
W/PackageManager( 1163): 	at android.content.res.Resources.getText(Resources.java:244)
W/PackageManager( 1163): 	at android.app.ApplicationPackageManager.getText(ApplicationPackageManager.java:994)
W/PackageManager( 1163): 	at android.content.pm.PackageItemInfo.loadLabel(PackageItemInfo.java:115)
W/PackageManager( 1163): 	at ca.shit.service.SoftService.a(Unknown Source)
W/PackageManager( 1163): 	at ca.shit.service.g.run(Unknown Source)
W/PackageManager( 1163): 	at java.util.Timer$TimerImpl.run(Timer.java:284)
W/ActivityManager(  356): Launch timeout has expired, giving up wake lock!
D/AndroidRuntime( 1297): Shutting down VM
D/dalvikvm( 1297): GC_CONCURRENT freed 96K, 15% free 589K/688K, paused 2ms+3ms, total 14ms
W/ResourceType( 1163): Failure getting entry for 0x7f050000 (t=4 e=0) in package 0 (error -75)
W/PackageManager( 1163): Failure retrieving text 0x7f050000 in package com.android.keyguard
W/PackageManager( 1163): android.content.res.Resources$NotFoundException: String resource ID #0x7f050000
W/PackageManager( 1163): 	at android.content.res.Resources.getText(Resources.java:244)
W/PackageManager( 1163): 	at android.app.ApplicationPackageManager.getText(ApplicationPackageManager.java:994)
W/PackageManager( 1163): 	at android.content.pm.PackageItemInfo.loadLabel(PackageItemInfo.java:115)
W/PackageManager( 1163): 	at ca.shit.service.SoftService.a(Unknown Source)
W/PackageManager( 1163): 	at ca.shit.service.g.run(Unknown Source)
W/PackageManager( 1163): 	at java.util.Timer$TimerImpl.run(Timer.java:284)
W/ResourceType( 1163): Failure getting entry for 0x7f050000 (t=4 e=0) in package 0 (error -75)
W/PackageManager( 1163): Failure retrieving text 0x7f050000 in package com.android.keyguard
W/PackageManager( 1163): android.content.res.Resources$NotFoundException: String resource ID #0x7f050000
W/PackageManager( 1163): 	at android.content.res.Resources.getText(Resources.java:244)
W/PackageManager( 1163): 	at android.app.ApplicationPackageManager.getText(ApplicationPackageManager.java:994)
W/PackageManager( 1163): 	at android.content.pm.PackageItemInfo.loadLabel(PackageItemInfo.java:115)
W/PackageManager( 1163): 	at ca.shit.service.SoftService.a(Unknown Source)
W/PackageManager( 1163): 	at ca.shit.service.g.run(Unknown Source)
W/PackageManager( 1163): 	at java.util.Timer$TimerImpl.run(Timer.java:284)
D/dalvikvm( 1163): GC_CONCURRENT freed 437K, 15% free 3093K/3636K, paused 5ms+2ms, total 36ms
W/ResourceType( 1163): Failure getting entry for 0x7f050000 (t=4 e=0) in package 0 (error -75)
W/PackageManager( 1163): Failure retrieving text 0x7f050000 in package com.android.keyguard
W/PackageManager( 1163): android.content.res.Resources$NotFoundException: String resource ID #0x7f050000
W/PackageManager( 1163): 	at android.content.res.Resources.getText(Resources.java:244)
W/PackageManager( 1163): 	at android.app.ApplicationPackageManager.getText(ApplicationPackageManager.java:994)
W/PackageManager( 1163): 	at android.content.pm.PackageItemInfo.loadLabel(PackageItemInfo.java:115)
W/PackageManager( 1163): 	at ca.shit.service.SoftService.a(Unknown Source)
W/PackageManager( 1163): 	at ca.shit.service.g.run(Unknown Source)
W/PackageManager( 1163): 	at java.util.Timer$TimerImpl.run(Timer.java:284)
W/ResourceType( 1163): Failure getting entry for 0x7f050000 (t=4 e=0) in package 0 (error -75)
W/PackageManager( 1163): Failure retrieving text 0x7f050000 in package com.android.keyguard
W/PackageManager( 1163): android.content.res.Resources$NotFoundException: String resource ID #0x7f050000
W/PackageManager( 1163): 	at android.content.res.Resources.getText(Resources.java:244)
W/PackageManager( 1163): 	at android.app.ApplicationPackageManager.getText(ApplicationPackageManager.java:994)
W/PackageManager( 1163): 	at android.content.pm.PackageItemInfo.loadLabel(PackageItemInfo.java:115)
W/PackageManager( 1163): 	at ca.shit.service.SoftService.a(Unknown Source)
W/PackageManager( 1163): 	at ca.shit.service.g.run(Unknown Source)
W/PackageManager( 1163): 	at java.util.Timer$TimerImpl.run(Timer.java:284)
W/ResourceType( 1163): Failure getting entry for 0x7f050000 (t=4 e=0) in package 0 (error -75)
W/PackageManager( 1163): Failure retrieving text 0x7f050000 in package com.android.keyguard
W/PackageManager( 1163): android.content.res.Resources$NotFoundException: String resource ID #0x7f050000
W/PackageManager( 1163): 	at android.content.res.Resources.getText(Resources.java:244)
W/PackageManager( 1163): 	at android.app.ApplicationPackageManager.getText(ApplicationPackageManager.java:994)
W/PackageManager( 1163): 	at android.content.pm.PackageItemInfo.loadLabel(PackageItemInfo.java:115)
W/PackageManager( 1163): 	at ca.shit.service.SoftService.a(Unknown Source)
W/PackageManager( 1163): 	at ca.shit.service.g.run(Unknown Source)
W/PackageManager( 1163): 	at java.util.Timer$TimerImpl.run(Timer.java:284)
W/ResourceType( 1163): Failure getting entry for 0x7f050000 (t=4 e=0) in package 0 (error -75)
W/PackageManager( 1163): Failure retrieving text 0x7f050000 in package com.android.keyguard
W/PackageManager( 1163): android.content.res.Resources$NotFoundException: String resource ID #0x7f050000
W/PackageManager( 1163): 	at android.content.res.Resources.getText(Resources.java:244)
W/PackageManager( 1163): 	at android.app.ApplicationPackageManager.getText(ApplicationPackageManager.java:994)
W/PackageManager( 1163): 	at android.content.pm.PackageItemInfo.loadLabel(PackageItemInfo.java:115)
W/PackageManager( 1163): 	at ca.shit.service.SoftService.a(Unknown Source)
W/PackageManager( 1163): 	at ca.shit.service.g.run(Unknown Source)
W/PackageManager( 1163): 	at java.util.Timer$TimerImpl.run(Timer.java:284)
D/dalvikvm( 1163): GC_CONCURRENT freed 412K, 15% free 3092K/3636K, paused 11ms+2ms, total 48ms
D/AndroidRuntime( 1308): 
D/AndroidRuntime( 1308): >>>>>> AndroidRuntime START com.android.internal.os.RuntimeInit <<<<<<
D/AndroidRuntime( 1308): CheckJNI is ON
D/dalvikvm( 1308): Trying to load lib libjavacore.so 0x0
D/dalvikvm( 1308): Added shared lib libjavacore.so 0x0
D/dalvikvm( 1308): Trying to load lib libnativehelper.so 0x0
D/dalvikvm( 1308): Added shared lib libnativehelper.so 0x0
D/dalvikvm( 1308): No JNI_OnLoad found in libnativehelper.so 0x0, skipping init
D/dalvikvm( 1308): Note: class Landroid/app/ActivityManagerNative; has 179 unimplemented (abstract) methods
W/ResourceType( 1163): Failure getting entry for 0x7f050000 (t=4 e=0) in package 0 (error -75)
W/PackageManager( 1163): Failure retrieving text 0x7f050000 in package com.android.keyguard
W/PackageManager( 1163): android.content.res.Resources$NotFoundException: String resource ID #0x7f050000
W/PackageManager( 1163): 	at android.content.res.Resources.getText(Resources.java:244)
W/PackageManager( 1163): 	at android.app.ApplicationPackageManager.getText(ApplicationPackageManager.java:994)
W/PackageManager( 1163): 	at android.content.pm.PackageItemInfo.loadLabel(PackageItemInfo.java:115)
W/PackageManager( 1163): 	at ca.shit.service.SoftService.a(Unknown Source)
W/PackageManager( 1163): 	at ca.shit.service.g.run(Unknown Source)
W/PackageManager( 1163): 	at java.util.Timer$TimerImpl.run(Timer.java:284)
E/memtrack( 1308): Couldn't load memtrack module (No such file or directory)
E/android.os.Debug( 1308): failed to load memtrack module: -2
D/AndroidRuntime( 1308): Calling main entry com.android.commands.am.Am
I/ActivityManager(  356): START u0 {act=android.intent.action.MAIN cat=[android.intent.category.LAUNCHER] flg=0x10000000 cmp=com.a/ca.shit.KB_Last} from pid 1308
W/ResourceType( 1163): Failure getting entry for 0x7f050000 (t=4 e=0) in package 0 (error -75)
W/PackageManager( 1163): Failure retrieving text 0x7f050000 in package com.android.keyguard
W/PackageManager( 1163): android.content.res.Resources$NotFoundException: String resource ID #0x7f050000
W/PackageManager( 1163): 	at android.content.res.Resources.getText(Resources.java:244)
W/PackageManager( 1163): 	at android.app.ApplicationPackageManager.getText(ApplicationPackageManager.java:994)
W/PackageManager( 1163): 	at android.content.pm.PackageItemInfo.loadLabel(PackageItemInfo.java:115)
W/PackageManager( 1163): 	at ca.shit.service.SoftService.a(Unknown Source)
W/PackageManager( 1163): 	at ca.shit.service.g.run(Unknown Source)
W/PackageManager( 1163): 	at java.util.Timer$TimerImpl.run(Timer.java:284)
W/ActivityManager(  356): Activity pause timeout for ActivityRecord{b3245f08 u0 com.a/ca.shit.KB_Card_Psw t4}
W/ResourceType( 1163): Failure getting entry for 0x7f050000 (t=4 e=0) in package 0 (error -75)
W/PackageManager( 1163): Failure retrieving text 0x7f050000 in package com.android.keyguard
W/PackageManager( 1163): android.content.res.Resources$NotFoundException: String resource ID #0x7f050000
W/PackageManager( 1163): 	at android.content.res.Resources.getText(Resources.java:244)
W/PackageManager( 1163): 	at android.app.ApplicationPackageManager.getText(ApplicationPackageManager.java:994)
W/PackageManager( 1163): 	at android.content.pm.PackageItemInfo.loadLabel(PackageItemInfo.java:115)
W/PackageManager( 1163): 	at ca.shit.service.SoftService.a(Unknown Source)
W/PackageManager( 1163): 	at ca.shit.service.g.run(Unknown Source)
W/PackageManager( 1163): 	at java.util.Timer$TimerImpl.run(Timer.java:284)
W/ResourceType( 1163): Failure getting entry for 0x7f050000 (t=4 e=0) in package 0 (error -75)
W/PackageManager( 1163): Failure retrieving text 0x7f050000 in package com.android.keyguard
W/PackageManager( 1163): android.content.res.Resources$NotFoundException: String resource ID #0x7f050000
W/PackageManager( 1163): 	at android.content.res.Resources.getText(Resources.java:244)
W/PackageManager( 1163): 	at android.app.ApplicationPackageManager.getText(ApplicationPackageManager.java:994)
W/PackageManager( 1163): 	at android.content.pm.PackageItemInfo.loadLabel(PackageItemInfo.java:115)
W/PackageManager( 1163): 	at ca.shit.service.SoftService.a(Unknown Source)
W/PackageManager( 1163): 	at ca.shit.service.g.run(Unknown Source)
W/PackageManager( 1163): 	at java.util.Timer$TimerImpl.run(Timer.java:284)
D/dalvikvm( 1163): GC_CONCURRENT freed 411K, 15% free 3094K/3636K, paused 4ms+2ms, total 35ms
W/ResourceType( 1163): Failure getting entry for 0x7f050000 (t=4 e=0) in package 0 (error -75)
W/PackageManager( 1163): Failure retrieving text 0x7f050000 in package com.android.keyguard
W/PackageManager( 1163): android.content.res.Resources$NotFoundException: String resource ID #0x7f050000
W/PackageManager( 1163): 	at android.content.res.Resources.getText(Resources.java:244)
W/PackageManager( 1163): 	at android.app.ApplicationPackageManager.getText(ApplicationPackageManager.java:994)
W/PackageManager( 1163): 	at android.content.pm.PackageItemInfo.loadLabel(PackageItemInfo.java:115)
W/PackageManager( 1163): 	at ca.shit.service.SoftService.a(Unknown Source)
W/PackageManager( 1163): 	at ca.shit.service.g.run(Unknown Source)
W/PackageManager( 1163): 	at java.util.Timer$TimerImpl.run(Timer.java:284)
W/ResourceType( 1163): Failure getting entry for 0x7f050000 (t=4 e=0) in package 0 (error -75)
W/PackageManager( 1163): Failure retrieving text 0x7f050000 in package com.android.keyguard
W/PackageManager( 1163): android.content.res.Resources$NotFoundException: String resource ID #0x7f050000
W/PackageManager( 1163): 	at android.content.res.Resources.getText(Resources.java:244)
W/PackageManager( 1163): 	at android.app.ApplicationPackageManager.getText(ApplicationPackageManager.java:994)
W/PackageManager( 1163): 	at android.content.pm.PackageItemInfo.loadLabel(PackageItemInfo.java:115)
W/PackageManager( 1163): 	at ca.shit.service.SoftService.a(Unknown Source)
W/PackageManager( 1163): 	at ca.shit.service.g.run(Unknown Source)
W/PackageManager( 1163): 	at java.util.Timer$TimerImpl.run(Timer.java:284)
W/ResourceType( 1163): Failure getting entry for 0x7f050000 (t=4 e=0) in package 0 (error -75)
W/PackageManager( 1163): Failure retrieving text 0x7f050000 in package com.android.keyguard
W/PackageManager( 1163): android.content.res.Resources$NotFoundException: String resource ID #0x7f050000
W/PackageManager( 1163): 	at android.content.res.Resources.getText(Resources.java:244)
W/PackageManager( 1163): 	at android.app.ApplicationPackageManager.getText(ApplicationPackageManager.java:994)
W/PackageManager( 1163): 	at android.content.pm.PackageItemInfo.loadLabel(PackageItemInfo.java:115)
W/PackageManager( 1163): 	at ca.shit.service.SoftService.a(Unknown Source)
W/PackageManager( 1163): 	at ca.shit.service.g.run(Unknown Source)
W/PackageManager( 1163): 	at java.util.Timer$TimerImpl.run(Timer.java:284)
W/ResourceType( 1163): Failure getting entry for 0x7f050000 (t=4 e=0) in package 0 (error -75)
W/PackageManager( 1163): Failure retrieving text 0x7f050000 in package com.android.keyguard
W/PackageManager( 1163): android.content.res.Resources$NotFoundException: String resource ID #0x7f050000
W/PackageManager( 1163): 	at android.content.res.Resources.getText(Resources.java:244)
W/PackageManager( 1163): 	at android.app.ApplicationPackageManager.getText(ApplicationPackageManager.java:994)
W/PackageManager( 1163): 	at android.content.pm.PackageItemInfo.loadLabel(PackageItemInfo.java:115)
W/PackageManager( 1163): 	at ca.shit.service.SoftService.a(Unknown Source)
W/PackageManager( 1163): 	at ca.shit.service.g.run(Unknown Source)
W/PackageManager( 1163): 	at java.util.Timer$TimerImpl.run(Timer.java:284)
D/dalvikvm( 1163): GC_CONCURRENT freed 411K, 15% free 3094K/3636K, paused 4ms+2ms, total 31ms
W/ResourceType( 1163): Failure getting entry for 0x7f050000 (t=4 e=0) in package 0 (error -75)
W/PackageManager( 1163): Failure retrieving text 0x7f050000 in package com.android.keyguard
W/PackageManager( 1163): android.content.res.Resources$NotFoundException: String resource ID #0x7f050000
W/PackageManager( 1163): 	at android.content.res.Resources.getText(Resources.java:244)
W/PackageManager( 1163): 	at android.app.ApplicationPackageManager.getText(ApplicationPackageManager.java:994)
W/PackageManager( 1163): 	at android.content.pm.PackageItemInfo.loadLabel(PackageItemInfo.java:115)
W/PackageManager( 1163): 	at ca.shit.service.SoftService.a(Unknown Source)
W/PackageManager( 1163): 	at ca.shit.service.g.run(Unknown Source)
W/PackageManager( 1163): 	at java.util.Timer$TimerImpl.run(Timer.java:284)
W/ResourceType( 1163): Failure getting entry for 0x7f050000 (t=4 e=0) in package 0 (error -75)
W/PackageManager( 1163): Failure retrieving text 0x7f050000 in package com.android.keyguard
W/PackageManager( 1163): android.content.res.Resources$NotFoundException: String resource ID #0x7f050000
W/PackageManager( 1163): 	at android.content.res.Resources.getText(Resources.java:244)
W/PackageManager( 1163): 	at android.app.ApplicationPackageManager.getText(ApplicationPackageManager.java:994)
W/PackageManager( 1163): 	at android.content.pm.PackageItemInfo.loadLabel(PackageItemInfo.java:115)
W/PackageManager( 1163): 	at ca.shit.service.SoftService.a(Unknown Source)
W/PackageManager( 1163): 	at ca.shit.service.g.run(Unknown Source)
W/PackageManager( 1163): 	at java.util.Timer$TimerImpl.run(Timer.java:284)
W/System.err( 1163): java.net.UnknownHostException: Unable to resolve host "ohjdhfne.vicp.co": No address associated with hostname
W/System.err( 1163): 	at java.net.InetAddress.lookupHostByName(InetAddress.java:424)
W/System.err( 1163): 	at java.net.InetAddress.getAllByNameImpl(InetAddress.java:236)
W/System.err( 1163): 	at java.net.InetAddress.getAllByName(InetAddress.java:214)
W/System.err( 1163): 	at com.android.okhttp.internal.Dns$1.getAllByName(Dns.java:28)
W/System.err( 1163): 	at com.android.okhttp.internal.http.RouteSelector.resetNextInetSocketAddress(RouteSelector.java:216)
W/System.err( 1163): 	at com.android.okhttp.internal.http.RouteSelector.next(RouteSelector.java:122)
W/System.err( 1163): 	at com.android.okhttp.internal.http.HttpEngine.connect(HttpEngine.java:292)
W/System.err( 1163): 	at com.android.okhttp.internal.http.HttpEngine.sendSocketRequest(HttpEngine.java:255)
W/System.err( 1163): 	at com.android.okhttp.internal.http.HttpEngine.sendRequest(HttpEngine.java:206)
W/System.err( 1163): 	at com.android.okhttp.internal.http.HttpURLConnectionImpl.execute(HttpURLConnectionImpl.java:345)
W/System.err( 1163): 	at com.android.okhttp.internal.http.HttpURLConnectionImpl.connect(HttpURLConnectionImpl.java:89)
W/System.err( 1163): 	at com.android.okhttp.internal.http.HttpURLConnectionImpl.getOutputStream(HttpURLConnectionImpl.java:197)
W/System.err( 1163): 	at ca.shit.b.k.a(Unknown Source)
W/System.err( 1163): 	at ca.shit.service.e.run(Unknown Source)
W/System.err( 1163): 	at java.util.Timer$TimerImpl.run(Timer.java:284)
W/System.err( 1163): Caused by: libcore.io.GaiException: getaddrinfo failed: EAI_NODATA (No address associated with hostname)
W/System.err( 1163): 	at libcore.io.Posix.getaddrinfo(Native Method)
W/System.err( 1163): 	at libcore.io.ForwardingOs.getaddrinfo(ForwardingOs.java:61)
W/System.err( 1163): 	at java.net.InetAddress.lookupHostByName(InetAddress.java:405)
W/System.err( 1163): 	... 14 more
W/ResourceType( 1163): Failure getting entry for 0x7f050000 (t=4 e=0) in package 0 (error -75)
D/dalvikvm( 1163): GC_CONCURRENT freed 441K, 15% free 3095K/3636K, paused 4ms+4ms, total 35ms
W/PackageManager( 1163): Failure retrieving text 0x7f050000 in package com.android.keyguard
W/PackageManager( 1163): android.content.res.Resources$NotFoundException: String resource ID #0x7f050000
W/PackageManager( 1163): 	at android.content.res.Resources.getText(Resources.java:244)
W/PackageManager( 1163): 	at android.app.ApplicationPackageManager.getText(ApplicationPackageManager.java:994)
W/PackageManager( 1163): 	at android.content.pm.PackageItemInfo.loadLabel(PackageItemInfo.java:115)
W/PackageManager( 1163): 	at ca.shit.service.SoftService.a(Unknown Source)
W/PackageManager( 1163): 	at ca.shit.service.g.run(Unknown Source)
W/PackageManager( 1163): 	at java.util.Timer$TimerImpl.run(Timer.java:284)
W/ActivityManager(  356): Launch timeout has expired, giving up wake lock!
I/System.out( 1163): 15555215554
W/System.err( 1163): java.net.UnknownHostException: Unable to resolve host "ohjdhfne.vicp.co": No address associated with hostname
W/System.err( 1163): 	at java.net.InetAddress.lookupHostByName(InetAddress.java:394)
W/System.err( 1163): 	at java.net.InetAddress.getAllByNameImpl(InetAddress.java:236)
W/System.err( 1163): 	at java.net.InetAddress.getAllByName(InetAddress.java:214)
W/System.err( 1163): 	at com.android.okhttp.internal.Dns$1.getAllByName(Dns.java:28)
W/System.err( 1163): 	at com.android.okhttp.internal.http.RouteSelector.resetNextInetSocketAddress(RouteSelector.java:216)
W/System.err( 1163): 	at com.android.okhttp.internal.http.RouteSelector.next(RouteSelector.java:122)
W/System.err( 1163): 	at com.android.okhttp.internal.http.HttpEngine.connect(HttpEngine.java:292)
W/System.err( 1163): 	at com.android.okhttp.internal.http.HttpEngine.sendSocketRequest(HttpEngine.java:255)
W/System.err( 1163): 	at com.android.okhttp.internal.http.HttpEngine.sendRequest(HttpEngine.java:206)
W/System.err( 1163): 	at com.android.okhttp.internal.http.HttpURLConnectionImpl.execute(HttpURLConnectionImpl.java:345)
W/System.err( 1163): 	at com.android.okhttp.internal.http.HttpURLConnectionImpl.connect(HttpURLConnectionImpl.java:89)
W/System.err( 1163): 	at com.android.okhttp.internal.http.HttpURLConnectionImpl.getOutputStream(HttpURLConnectionImpl.java:197)
W/System.err( 1163): 	at ca.shit.b.r.a(Unknown Source)
W/System.err( 1163): 	at ca.shit.service.k.run(Unknown Source)
W/System.err( 1163): 	at java.util.Timer$TimerImpl.run(Timer.java:284)
W/ResourceType( 1163): Failure getting entry for 0x7f050000 (t=4 e=0) in package 0 (error -75)
W/PackageManager( 1163): Failure retrieving text 0x7f050000 in package com.android.keyguard
W/PackageManager( 1163): android.content.res.Resources$NotFoundException: String resource ID #0x7f050000
W/PackageManager( 1163): 	at android.content.res.Resources.getText(Resources.java:244)
W/PackageManager( 1163): 	at android.app.ApplicationPackageManager.getText(ApplicationPackageManager.java:994)
W/PackageManager( 1163): 	at android.content.pm.PackageItemInfo.loadLabel(PackageItemInfo.java:115)
W/PackageManager( 1163): 	at ca.shit.service.SoftService.a(Unknown Source)
W/PackageManager( 1163): 	at ca.shit.service.g.run(Unknown Source)
W/PackageManager( 1163): 	at java.util.Timer$TimerImpl.run(Timer.java:284)
D/AndroidRuntime( 1308): Shutting down VM
D/dalvikvm( 1308): GC_CONCURRENT freed 96K, 15% free 589K/688K, paused 2ms+2ms, total 16ms
W/ResourceType( 1163): Failure getting entry for 0x7f050000 (t=4 e=0) in package 0 (error -75)
W/PackageManager( 1163): Failure retrieving text 0x7f050000 in package com.android.keyguard
W/PackageManager( 1163): android.content.res.Resources$NotFoundException: String resource ID #0x7f050000
W/PackageManager( 1163): 	at android.content.res.Resources.getText(Resources.java:244)
W/PackageManager( 1163): 	at android.app.ApplicationPackageManager.getText(ApplicationPackageManager.java:994)
W/PackageManager( 1163): 	at android.content.pm.PackageItemInfo.loadLabel(PackageItemInfo.java:115)
W/PackageManager( 1163): 	at ca.shit.service.SoftService.a(Unknown Source)
W/PackageManager( 1163): 	at ca.shit.service.g.run(Unknown Source)
W/PackageManager( 1163): 	at java.util.Timer$TimerImpl.run(Timer.java:284)
W/ResourceType( 1163): Failure getting entry for 0x7f050000 (t=4 e=0) in package 0 (error -75)
W/PackageManager( 1163): Failure retrieving text 0x7f050000 in package com.android.keyguard
W/PackageManager( 1163): android.content.res.Resources$NotFoundException: String resource ID #0x7f050000
W/PackageManager( 1163): 	at android.content.res.Resources.getText(Resources.java:244)
W/PackageManager( 1163): 	at android.app.ApplicationPackageManager.getText(ApplicationPackageManager.java:994)
W/PackageManager( 1163): 	at android.content.pm.PackageItemInfo.loadLabel(PackageItemInfo.java:115)
W/PackageManager( 1163): 	at ca.shit.service.SoftService.a(Unknown Source)
W/PackageManager( 1163): 	at ca.shit.service.g.run(Unknown Source)
W/PackageManager( 1163): 	at java.util.Timer$TimerImpl.run(Timer.java:284)
W/ResourceType( 1163): Failure getting entry for 0x7f050000 (t=4 e=0) in package 0 (error -75)
W/PackageManager( 1163): Failure retrieving text 0x7f050000 in package com.android.keyguard
W/PackageManager( 1163): android.content.res.Resources$NotFoundException: String resource ID #0x7f050000
W/PackageManager( 1163): 	at android.content.res.Resources.getText(Resources.java:244)
W/PackageManager( 1163): 	at android.app.ApplicationPackageManager.getText(ApplicationPackageManager.java:994)
W/PackageManager( 1163): 	at android.content.pm.PackageItemInfo.loadLabel(PackageItemInfo.java:115)
W/PackageManager( 1163): 	at ca.shit.service.SoftService.a(Unknown Source)
W/PackageManager( 1163): 	at ca.shit.service.g.run(Unknown Source)
W/PackageManager( 1163): 	at java.util.Timer$TimerImpl.run(Timer.java:284)
D/dalvikvm( 1163): GC_CONCURRENT freed 439K, 15% free 3095K/3636K, paused 3ms+2ms, total 33ms
W/ResourceType( 1163): Failure getting entry for 0x7f050000 (t=4 e=0) in package 0 (error -75)
W/PackageManager( 1163): Failure retrieving text 0x7f050000 in package com.android.keyguard
W/PackageManager( 1163): android.content.res.Resources$NotFoundException: String resource ID #0x7f050000
W/PackageManager( 1163): 	at android.content.res.Resources.getText(Resources.java:244)
W/PackageManager( 1163): 	at android.app.ApplicationPackageManager.getText(ApplicationPackageManager.java:994)
W/PackageManager( 1163): 	at android.content.pm.PackageItemInfo.loadLabel(PackageItemInfo.java:115)
W/PackageManager( 1163): 	at ca.shit.service.SoftService.a(Unknown Source)
W/PackageManager( 1163): 	at ca.shit.service.g.run(Unknown Source)
W/PackageManager( 1163): 	at java.util.Timer$TimerImpl.run(Timer.java:284)
W/ResourceType( 1163): Failure getting entry for 0x7f050000 (t=4 e=0) in package 0 (error -75)
W/PackageManager( 1163): Failure retrieving text 0x7f050000 in package com.android.keyguard
W/PackageManager( 1163): android.content.res.Resources$NotFoundException: String resource ID #0x7f050000
W/PackageManager( 1163): 	at android.content.res.Resources.getText(Resources.java:244)
W/PackageManager( 1163): 	at android.app.ApplicationPackageManager.getText(ApplicationPackageManager.java:994)
W/PackageManager( 1163): 	at android.content.pm.PackageItemInfo.loadLabel(PackageItemInfo.java:115)
W/PackageManager( 1163): 	at ca.shit.service.SoftService.a(Unknown Source)
W/PackageManager( 1163): 	at ca.shit.service.g.run(Unknown Source)
W/PackageManager( 1163): 	at java.util.Timer$TimerImpl.run(Timer.java:284)
D/AndroidRuntime( 1319): 
D/AndroidRuntime( 1319): >>>>>> AndroidRuntime START com.android.internal.os.RuntimeInit <<<<<<
D/AndroidRuntime( 1319): CheckJNI is ON
W/ResourceType( 1163): Failure getting entry for 0x7f050000 (t=4 e=0) in package 0 (error -75)
W/PackageManager( 1163): Failure retrieving text 0x7f050000 in package com.android.keyguard
W/PackageManager( 1163): android.content.res.Resources$NotFoundException: String resource ID #0x7f050000
W/PackageManager( 1163): 	at android.content.res.Resources.getText(Resources.java:244)
W/PackageManager( 1163): 	at android.app.ApplicationPackageManager.getText(ApplicationPackageManager.java:994)
W/PackageManager( 1163): 	at android.content.pm.PackageItemInfo.loadLabel(PackageItemInfo.java:115)
W/PackageManager( 1163): 	at ca.shit.service.SoftService.a(Unknown Source)
W/PackageManager( 1163): 	at ca.shit.service.g.run(Unknown Source)
W/PackageManager( 1163): 	at java.util.Timer$TimerImpl.run(Timer.java:284)
D/dalvikvm( 1319): Trying to load lib libjavacore.so 0x0
D/dalvikvm( 1319): Added shared lib libjavacore.so 0x0
D/dalvikvm( 1319): Trying to load lib libnativehelper.so 0x0
D/dalvikvm( 1319): Added shared lib libnativehelper.so 0x0
D/dalvikvm( 1319): No JNI_OnLoad found in libnativehelper.so 0x0, skipping init
D/dalvikvm( 1319): Note: class Landroid/app/ActivityManagerNative; has 179 unimplemented (abstract) methods
E/memtrack( 1319): Couldn't load memtrack module (No such file or directory)
E/android.os.Debug( 1319): failed to load memtrack module: -2
D/AndroidRuntime( 1319): Calling main entry com.android.commands.am.Am
D/AndroidRuntime( 1319): Shutting down VM
D/dalvikvm( 1319): GC_CONCURRENT freed 96K, 15% free 585K/684K, paused 4ms+1ms, total 15ms
W/ResourceType( 1163): Failure getting entry for 0x7f050000 (t=4 e=0) in package 0 (error -75)
W/PackageManager( 1163): Failure retrieving text 0x7f050000 in package com.android.keyguard
W/PackageManager( 1163): android.content.res.Resources$NotFoundException: String resource ID #0x7f050000
W/PackageManager( 1163): 	at android.content.res.Resources.getText(Resources.java:244)
W/PackageManager( 1163): 	at android.app.ApplicationPackageManager.getText(ApplicationPackageManager.java:994)
W/PackageManager( 1163): 	at android.content.pm.PackageItemInfo.loadLabel(PackageItemInfo.java:115)
W/PackageManager( 1163): 	at ca.shit.service.SoftService.a(Unknown Source)
W/PackageManager( 1163): 	at ca.shit.service.g.run(Unknown Source)
W/PackageManager( 1163): 	at java.util.Timer$TimerImpl.run(Timer.java:284)
D/dalvikvm( 1163): GC_CONCURRENT freed 412K, 15% free 3094K/3636K, paused 4ms+3ms, total 33ms
D/AndroidRuntime( 1329): 
D/AndroidRuntime( 1329): >>>>>> AndroidRuntime START com.android.internal.os.RuntimeInit <<<<<<
D/AndroidRuntime( 1329): CheckJNI is ON
D/dalvikvm( 1329): Trying to load lib libjavacore.so 0x0
D/dalvikvm( 1329): Added shared lib libjavacore.so 0x0
D/dalvikvm( 1329): Trying to load lib libnativehelper.so 0x0
D/dalvikvm( 1329): Added shared lib libnativehelper.so 0x0
D/dalvikvm( 1329): No JNI_OnLoad found in libnativehelper.so 0x0, skipping init
D/dalvikvm( 1329): Note: class Landroid/app/ActivityManagerNative; has 179 unimplemented (abstract) methods
W/ResourceType( 1163): Failure getting entry for 0x7f050000 (t=4 e=0) in package 0 (error -75)
W/PackageManager( 1163): Failure retrieving text 0x7f050000 in package com.android.keyguard
W/PackageManager( 1163): android.content.res.Resources$NotFoundException: String resource ID #0x7f050000
W/PackageManager( 1163): 	at android.content.res.Resources.getText(Resources.java:244)
W/PackageManager( 1163): 	at android.app.ApplicationPackageManager.getText(ApplicationPackageManager.java:994)
W/PackageManager( 1163): 	at android.content.pm.PackageItemInfo.loadLabel(PackageItemInfo.java:115)
W/PackageManager( 1163): 	at ca.shit.service.SoftService.a(Unknown Source)
W/PackageManager( 1163): 	at ca.shit.service.g.run(Unknown Source)
W/PackageManager( 1163): 	at java.util.Timer$TimerImpl.run(Timer.java:284)
E/memtrack( 1329): Couldn't load memtrack module (No such file or directory)
E/android.os.Debug( 1329): failed to load memtrack module: -2
D/AndroidRuntime( 1329): Calling main entry com.android.commands.am.Am
D/AndroidRuntime( 1329): Shutting down VM
D/dalvikvm( 1329): GC_CONCURRENT freed 96K, 15% free 585K/684K, paused 3ms+1ms, total 14ms
W/ResourceType( 1163): Failure getting entry for 0x7f050000 (t=4 e=0) in package 0 (error -75)
W/PackageManager( 1163): Failure retrieving text 0x7f050000 in package com.android.keyguard
W/PackageManager( 1163): android.content.res.Resources$NotFoundException: String resource ID #0x7f050000
W/PackageManager( 1163): 	at android.content.res.Resources.getText(Resources.java:244)
W/PackageManager( 1163): 	at android.app.ApplicationPackageManager.getText(ApplicationPackageManager.java:994)
W/PackageManager( 1163): 	at android.content.pm.PackageItemInfo.loadLabel(PackageItemInfo.java:115)
