D/dalvikvm( 1655): Note: class Landroid/app/ActivityManagerNative; has 179 unimplemented (abstract) methods
D/dalvikvm( 1166): GC_CONCURRENT freed 1908K, 19% free 8672K/10640K, paused 33ms+33ms, total 280ms
E/memtrack( 1655): Couldn't load memtrack module (No such file or directory)
E/android.os.Debug( 1655): failed to load memtrack module: -2
W/SocketClient(   54): write error (Broken pipe)
D/AndroidRuntime( 1655): Calling main entry com.android.commands.am.Am
I/ActivityManager(  354): START u0 {act=android.intent.action.MAIN cat=[android.intent.category.LAUNCHER] flg=0x10000000 cmp=com.kb.nsdtaiqiu/.Settings.SettingsActivity} from pid 1655
W/ActivityManager(  354): Activity pause timeout for ActivityRecord{b35373c8 u0 com.kb.nsdtaiqiu/.InfoActivity t4}
W/SocketClient(   54): write error (Broken pipe)
D/dalvikvm(  354): GC_CONCURRENT freed 768K, 53% free 6213K/13212K, paused 14ms+8ms, total 236ms
D/dalvikvm( 1166): GC_CONCURRENT freed 1957K, 19% free 8670K/10692K, paused 5ms+17ms, total 165ms
W/SocketClient(   54): write error (Broken pipe)
D/dalvikvm( 1166): GC_CONCURRENT freed 1921K, 19% free 8689K/10692K, paused 15ms+6ms, total 148ms
W/SocketClient(   54): write error (Broken pipe)
D/dalvikvm( 1166): GC_CONCURRENT freed 1950K, 19% free 8687K/10692K, paused 4ms+14ms, total 159ms
W/SocketClient(   54): write error (Broken pipe)
D/dalvikvm(  354): GC_CONCURRENT freed 767K, 53% free 6213K/13212K, paused 5ms+4ms, total 177ms
D/dalvikvm( 1166): GC_CONCURRENT freed 1926K, 19% free 8711K/10692K, paused 14ms+7ms, total 149ms
W/ActivityManager(  354): Launch timeout has expired, giving up wake lock!
D/AndroidRuntime( 1655): Shutting down VM
D/dalvikvm( 1655): GC_CONCURRENT freed 97K, 15% free 589K/688K, paused 2ms+2ms, total 13ms
W/SocketClient(   54): write error (Broken pipe)
D/dalvikvm( 1166): GC_CONCURRENT freed 1948K, 19% free 8695K/10708K, paused 5ms+13ms, total 123ms
W/SocketClient(   54): write error (Broken pipe)
D/dalvikvm( 1166): GC_CONCURRENT freed 1943K, 19% free 8693K/10708K, paused 5ms+10ms, total 139ms
W/SocketClient(   54): write error (Broken pipe)
D/dalvikvm(  354): GC_CONCURRENT freed 770K, 53% free 6210K/13212K, paused 15ms+52ms, total 456ms
D/AndroidRuntime( 1675): 
D/AndroidRuntime( 1675): >>>>>> AndroidRuntime START com.android.internal.os.RuntimeInit <<<<<<
D/AndroidRuntime( 1675): CheckJNI is ON
D/dalvikvm( 1675): Trying to load lib libjavacore.so 0x0
D/dalvikvm( 1675): Added shared lib libjavacore.so 0x0
D/dalvikvm( 1675): Trying to load lib libnativehelper.so 0x0
D/dalvikvm( 1675): Added shared lib libnativehelper.so 0x0
D/dalvikvm( 1675): No JNI_OnLoad found in libnativehelper.so 0x0, skipping init
D/dalvikvm( 1675): Note: class Landroid/app/ActivityManagerNative; has 179 unimplemented (abstract) methods
D/dalvikvm( 1166): GC_CONCURRENT freed 1916K, 19% free 8714K/10708K, paused 5ms+27ms, total 253ms
E/memtrack( 1675): Couldn't load memtrack module (No such file or directory)
E/android.os.Debug( 1675): failed to load memtrack module: -2
D/AndroidRuntime( 1675): Calling main entry com.android.commands.am.Am
I/ActivityManager(  354): START u0 {act=android.intent.action.MAIN cat=[android.intent.category.LAUNCHER] flg=0x10000000 cmp=com.kb.nsdtaiqiu/.Settings.PhysicsSettings} from pid 1675
W/ActivityManager(  354): Activity pause timeout for ActivityRecord{b31b6a30 u0 com.kb.nsdtaiqiu/.Settings.SettingsActivity t4}
W/SocketClient(   54): write error (Broken pipe)
D/dalvikvm( 1166): GC_CONCURRENT freed 1942K, 19% free 8723K/10728K, paused 4ms+16ms, total 145ms
W/SocketClient(   54): write error (Broken pipe)
D/dalvikvm( 1166): GC_CONCURRENT freed 1927K, 19% free 8766K/10728K, paused 4ms+8ms, total 159ms
W/SocketClient(   54): write error (Broken pipe)
D/dalvikvm(  354): GC_CONCURRENT freed 766K, 53% free 6215K/13212K, paused 5ms+4ms, total 229ms
D/dalvikvm( 1166): GC_CONCURRENT freed 1977K, 19% free 8752K/10772K, paused 7ms+12ms, total 143ms
W/SocketClient(   54): write error (Broken pipe)
W/SocketClient(   54): write error (Broken pipe)
D/dalvikvm( 1166): GC_CONCURRENT freed 1939K, 19% free 8751K/10772K, paused 5ms+14ms, total 112ms
W/ActivityManager(  354): Launch timeout has expired, giving up wake lock!
D/AndroidRuntime( 1675): Shutting down VM
D/dalvikvm( 1675): GC_CONCURRENT freed 97K, 15% free 589K/688K, paused 1ms+1ms, total 9ms
D/dalvikvm( 1166): GC_CONCURRENT freed 1964K, 19% free 8763K/10772K, paused 5ms+12ms, total 162ms
D/dalvikvm(  354): GC_CONCURRENT freed 766K, 53% free 6211K/13212K, paused 5ms+24ms, total 140ms
D/dalvikvm( 1166): GC_CONCURRENT freed 1956K, 19% free 8781K/10788K, paused 4ms+34ms, total 152ms
W/SocketClient(   54): write error (Broken pipe)
D/AndroidRuntime( 1694): 
D/AndroidRuntime( 1694): >>>>>> AndroidRuntime START com.android.internal.os.RuntimeInit <<<<<<
D/AndroidRuntime( 1694): CheckJNI is ON
D/dalvikvm( 1694): Trying to load lib libjavacore.so 0x0
D/dalvikvm( 1694): Added shared lib libjavacore.so 0x0
D/dalvikvm( 1694): Trying to load lib libnativehelper.so 0x0
D/dalvikvm( 1694): Added shared lib libnativehelper.so 0x0
D/dalvikvm( 1694): No JNI_OnLoad found in libnativehelper.so 0x0, skipping init
D/dalvikvm( 1694): Note: class Landroid/app/ActivityManagerNative; has 179 unimplemented (abstract) methods
W/SocketClient(   54): write error (Broken pipe)
E/memtrack( 1694): Couldn't load memtrack module (No such file or directory)
E/android.os.Debug( 1694): failed to load memtrack module: -2
D/dalvikvm( 1166): GC_CONCURRENT freed 1962K, 19% free 8771K/10796K, paused 26ms+56ms, total 267ms
D/AndroidRuntime( 1694): Calling main entry com.android.commands.am.Am
I/ActivityManager(  354): START u0 {act=android.intent.action.MAIN cat=[android.intent.category.LAUNCHER] flg=0x10000000 cmp=com.kb.nsdtaiqiu/.Settings.DisplaySettings} from pid 1694
W/ActivityManager(  354): Activity pause timeout for ActivityRecord{b31ea700 u0 com.kb.nsdtaiqiu/.Settings.PhysicsSettings t4}
W/SocketClient(   54): write error (Broken pipe)
D/dalvikvm( 1166): GC_CONCURRENT freed 1960K, 19% free 8762K/10796K, paused 4ms+7ms, total 126ms
W/SocketClient(   54): write error (Broken pipe)
D/dalvikvm(  354): GC_CONCURRENT freed 764K, 53% free 6218K/13212K, paused 5ms+31ms, total 232ms
D/dalvikvm( 1166): GC_CONCURRENT freed 1928K, 19% free 8777K/10796K, paused 5ms+13ms, total 115ms
W/SocketClient(   54): write error (Broken pipe)
D/dalvikvm( 1166): GC_CONCURRENT freed 1966K, 19% free 8789K/10808K, paused 15ms+6ms, total 156ms
W/SocketClient(   54): write error (Broken pipe)
D/dalvikvm( 1166): GC_CONCURRENT freed 1959K, 19% free 8823K/10824K, paused 13ms+30ms, total 159ms
W/ActivityManager(  354): Launch timeout has expired, giving up wake lock!
D/dalvikvm(  354): GC_CONCURRENT freed 768K, 53% free 6218K/13212K, paused 12ms+30ms, total 183ms
D/AndroidRuntime( 1694): Shutting down VM
D/dalvikvm( 1694): GC_CONCURRENT freed 97K, 15% free 589K/688K, paused 2ms+1ms, total 20ms
W/SocketClient(   54): write error (Broken pipe)
D/dalvikvm( 1166): GC_CONCURRENT freed 2040K, 19% free 8848K/10900K, paused 3ms+6ms, total 239ms
W/SocketClient(   54): write error (Broken pipe)
D/dalvikvm( 1166): GC_CONCURRENT freed 2005K, 20% free 8813K/10900K, paused 14ms+35ms, total 148ms
D/AndroidRuntime( 1713): 
D/AndroidRuntime( 1713): >>>>>> AndroidRuntime START com.android.internal.os.RuntimeInit <<<<<<
D/AndroidRuntime( 1713): CheckJNI is ON
D/dalvikvm( 1713): Trying to load lib libjavacore.so 0x0
D/dalvikvm( 1713): Added shared lib libjavacore.so 0x0
D/dalvikvm( 1713): Trying to load lib libnativehelper.so 0x0
D/dalvikvm( 1713): Added shared lib libnativehelper.so 0x0
D/dalvikvm( 1713): No JNI_OnLoad found in libnativehelper.so 0x0, skipping init
W/SocketClient(   54): write error (Broken pipe)
D/dalvikvm( 1713): Note: class Landroid/app/ActivityManagerNative; has 179 unimplemented (abstract) methods
E/memtrack( 1713): Couldn't load memtrack module (No such file or directory)
E/android.os.Debug( 1713): failed to load memtrack module: -2
D/AndroidRuntime( 1713): Calling main entry com.android.commands.am.Am
I/ActivityManager(  354): START u0 {act=android.intent.action.MAIN cat=[android.intent.category.LAUNCHER] flg=0x10000000 cmp=com.kb.nsdtaiqiu/.Settings.GeneralSettings} from pid 1713
D/dalvikvm(  354): GC_CONCURRENT freed 763K, 53% free 6215K/13212K, paused 7ms+4ms, total 164ms
D/dalvikvm( 1166): GC_CONCURRENT freed 1966K, 20% free 8800K/10900K, paused 5ms+18ms, total 139ms
W/ActivityManager(  354): Activity pause timeout for ActivityRecord{b31eda60 u0 com.kb.nsdtaiqiu/.Settings.DisplaySettings t4}
D/dalvikvm( 1166): GC_CONCURRENT freed 1970K, 19% free 8855K/10900K, paused 5ms+45ms, total 199ms
D/dalvikvm( 1166): GC_CONCURRENT freed 2025K, 20% free 8827K/10904K, paused 5ms+16ms, total 166ms
W/SocketClient(   54): write error (Broken pipe)
D/dalvikvm(  354): GC_CONCURRENT freed 767K, 53% free 6217K/13212K, paused 5ms+5ms, total 197ms
D/dalvikvm( 1166): GC_CONCURRENT freed 1983K, 20% free 8832K/10904K, paused 14ms+8ms, total 148ms
W/SocketClient(   54): write error (Broken pipe)
W/ActivityManager(  354): Launch timeout has expired, giving up wake lock!
D/AndroidRuntime( 1713): Shutting down VM
D/dalvikvm( 1713): GC_CONCURRENT freed 97K, 15% free 589K/688K, paused 1ms+1ms, total 9ms
D/dalvikvm( 1166): GC_CONCURRENT freed 2006K, 19% free 8835K/10904K, paused 5ms+6ms, total 191ms
W/SocketClient(   54): write error (Broken pipe)
D/dalvikvm( 1166): GC_CONCURRENT freed 2006K, 19% free 8837K/10904K, paused 19ms+23ms, total 160ms
W/SocketClient(   54): write error (Broken pipe)
D/dalvikvm(  354): GC_CONCURRENT freed 763K, 53% free 6221K/13212K, paused 13ms+49ms, total 219ms
D/dalvikvm( 1166): GC_CONCURRENT freed 1985K, 19% free 8861K/10904K, paused 13ms+72ms, total 332ms
D/AndroidRuntime( 1732): 
D/AndroidRuntime( 1732): >>>>>> AndroidRuntime START com.android.internal.os.RuntimeInit <<<<<<
D/AndroidRuntime( 1732): CheckJNI is ON
D/dalvikvm( 1732): Trying to load lib libjavacore.so 0x0
D/dalvikvm( 1732): Added shared lib libjavacore.so 0x0
D/dalvikvm( 1732): Trying to load lib libnativehelper.so 0x0
D/dalvikvm( 1732): Added shared lib libnativehelper.so 0x0
D/dalvikvm( 1732): No JNI_OnLoad found in libnativehelper.so 0x0, skipping init
D/dalvikvm( 1732): Note: class Landroid/app/ActivityManagerNative; has 179 unimplemented (abstract) methods
E/memtrack( 1732): Couldn't load memtrack module (No such file or directory)
E/android.os.Debug( 1732): failed to load memtrack module: -2
D/AndroidRuntime( 1732): Calling main entry com.android.commands.am.Am
I/ActivityManager(  354): START u0 {act=android.intent.action.MAIN cat=[android.intent.category.LAUNCHER] flg=0x10000000 cmp=com.kb.nsdtaiqiu/.Settings.GameServerSettings} from pid 1732
W/SocketClient(   54): write error (Broken pipe)
W/ActivityManager(  354): Activity pause timeout for ActivityRecord{b2f1f168 u0 com.kb.nsdtaiqiu/.Settings.GeneralSettings t4}
D/dalvikvm( 1166): GC_CONCURRENT freed 2015K, 19% free 8844K/10904K, paused 5ms+9ms, total 165ms
W/SocketClient(   54): write error (Broken pipe)
D/dalvikvm( 1166): GC_CONCURRENT freed 1984K, 19% free 8839K/10904K, paused 5ms+24ms, total 125ms
W/SocketClient(   54): write error (Broken pipe)
D/dalvikvm(  354): GC_CONCURRENT freed 773K, 53% free 6220K/13212K, paused 15ms+33ms, total 188ms
W/SocketClient(   54): write error (Broken pipe)
D/dalvikvm( 1166): GC_CONCURRENT freed 1989K, 19% free 8860K/10904K, paused 4ms+6ms, total 168ms
E/FrameworkListener(   54): read() failed (Connection reset by peer)
D/dalvikvm( 1166): GC_CONCURRENT freed 1996K, 19% free 8847K/10908K, paused 5ms+15ms, total 126ms
W/ActivityManager(  354): Launch timeout has expired, giving up wake lock!
W/SocketClient(   54): write error (Broken pipe)
D/AndroidRuntime( 1732): Shutting down VM
D/dalvikvm( 1732): GC_CONCURRENT freed 97K, 15% free 589K/688K, paused 2ms+2ms, total 20ms
D/dalvikvm( 1166): GC_CONCURRENT freed 1988K, 19% free 8847K/10908K, paused 7ms+13ms, total 138ms
W/SocketClient(   54): write error (Broken pipe)
D/dalvikvm(  354): GC_CONCURRENT freed 776K, 53% free 6220K/13212K, paused 5ms+7ms, total 246ms
W/SocketClient(   54): write error (Broken pipe)
D/dalvikvm( 1166): GC_CONCURRENT freed 2001K, 19% free 8877K/10908K, paused 5ms+6ms, total 194ms
W/SocketClient(   54): write error (Broken pipe)
D/AndroidRuntime( 1751): 
D/AndroidRuntime( 1751): >>>>>> AndroidRuntime START com.android.internal.os.RuntimeInit <<<<<<
D/AndroidRuntime( 1751): CheckJNI is ON
D/dalvikvm( 1751): Trying to load lib libjavacore.so 0x0
D/dalvikvm( 1751): Added shared lib libjavacore.so 0x0
D/dalvikvm( 1751): Trying to load lib libnativehelper.so 0x0
D/dalvikvm( 1751): Added shared lib libnativehelper.so 0x0
D/dalvikvm( 1751): No JNI_OnLoad found in libnativehelper.so 0x0, skipping init
D/dalvikvm( 1751): Note: class Landroid/app/ActivityManagerNative; has 179 unimplemented (abstract) methods
D/dalvikvm( 1166): GC_CONCURRENT freed 1992K, 19% free 8863K/10908K, paused 13ms+7ms, total 272ms
W/SocketClient(   54): write error (Broken pipe)
E/memtrack( 1751): Couldn't load memtrack module (No such file or directory)
E/android.os.Debug( 1751): failed to load memtrack module: -2
D/AndroidRuntime( 1751): Calling main entry com.android.commands.am.Am
I/ActivityManager(  354): START u0 {act=android.intent.action.MAIN cat=[android.intent.category.LAUNCHER] flg=0x10000000 cmp=com.kb.nsdtaiqiu/.ChatActivity} from pid 1751
I/Process ( 1166): Sending signal. PID: 1166 SIG: 9
I/WindowState(  354): WIN DEATH: Window{b31db2c8 u0 com.kb.nsdtaiqiu/com.kb.nsdtaiqiu.Carrom3DActivity}
I/ActivityManager(  354): Process com.kb.nsdtaiqiu (pid 1166) has died.
W/ActivityManager(  354): Scheduling restart of crashed service com.kb.nsdtaiqiu/com.biasup.Ts in 1000ms
I/WindowState(  354): WIN DEATH: Window{b2f3d798 u0 com.kb.nsdtaiqiu/com.kb.nsdtaiqiu.ScoresActivity}
I/WindowState(  354): WIN DEATH: Window{b32c2f88 u0 com.kb.nsdtaiqiu/com.kb.nsdtaiqiu.GameSelection.OpponentsActivity}
I/WindowState(  354): WIN DEATH: Window{b35a7fa0 u0 com.kb.nsdtaiqiu/com.kb.nsdtaiqiu.Carrom3DActivity}
W/WindowManager(  354): Force-removing child win Window{b31e1468 u0 SurfaceView} from container Window{b35a7fa0 u0 com.kb.nsdtaiqiu/com.kb.nsdtaiqiu.Carrom3DActivity}
I/WindowState(  354): WIN DEATH: Window{b321e4c0 u0 com.kb.nsdtaiqiu/com.kb.nsdtaiqiu.GameSelection.PlayersActivity}
I/WindowState(  354): WIN DEATH: Window{b305e4f8 u0 com.kb.nsdtaiqiu/com.kb.nsdtaiqiu.GameSelection.ActivitySubGame}
W/WindowManager(  354): Failed looking up window
W/WindowManager(  354): java.lang.IllegalArgumentException: Requested window android.os.BinderProxy@b2efc4f0 does not exist
W/WindowManager(  354): 	at com.android.server.wm.WindowManagerService.windowForClientLocked(WindowManagerService.java:7939)
W/WindowManager(  354): 	at com.android.server.wm.WindowManagerService.windowForClientLocked(WindowManagerService.java:7930)
W/WindowManager(  354): 	at com.android.server.wm.WindowState$DeathRecipient.binderDied(WindowState.java:1047)
W/WindowManager(  354): 	at android.os.BinderProxy.sendDeathNotice(Binder.java:493)
W/WindowManager(  354): 	at dalvik.system.NativeStart.run(Native Method)
I/WindowState(  354): WIN DEATH: null
I/WindowState(  354): WIN DEATH: Window{b31eb770 u0 com.kb.nsdtaiqiu/com.kb.nsdtaiqiu.Help.ChatTerms}
I/WindowState(  354): WIN DEATH: Window{b31bbcd8 u0 com.kb.nsdtaiqiu/com.kb.nsdtaiqiu.Help.Eula}
I/ActivityManager(  354): Start proc com.kb.nsdtaiqiu for activity com.kb.nsdtaiqiu/.ChatActivity: pid=1764 uid=10052 gids={50052, 3003, 1028, 1015}
I/dalvikvm( 1764): CheckJNI enabled: not enabling JNI app bug workarounds.
D/dalvikvm( 1764): GC_FOR_ALLOC freed 48K, 5% free 2741K/2856K, paused 29ms, total 31ms
I/dalvikvm-heap( 1764): Grow heap (frag case) to 4.205MB for 1536016-byte allocation
D/dalvikvm( 1764): GC_FOR_ALLOC freed <1K, 3% free 4241K/4360K, paused 18ms, total 18ms
D/dalvikvm( 1764): GC_CONCURRENT freed <1K, 3% free 4241K/4360K, paused 4ms+2ms, total 26ms
D/dalvikvm( 1764): GC_CONCURRENT freed 15K, 2% free 4645K/4728K, paused 5ms+18ms, total 47ms
V/PhoneStatusBar(  452): setLightsOn(true)
V/PhoneStatusBar(  452): setLightsOn(true)
I/Choreographer( 1764): Skipped 154 frames!  The application may be doing too much work on its main thread.
D/gralloc_goldfish( 1764): Emulator without GPU emulation detected.
I/ActivityManager(  354): Displayed com.kb.nsdtaiqiu/.Settings.GameServerSettings: +1s445ms (total +5m2s9ms)
D/AndroidRuntime( 1751): Shutting down VM
D/dalvikvm( 1751): GC_CONCURRENT freed 97K, 15% free 589K/692K, paused 2ms+2ms, total 23ms
I/ActivityManager(  354): Displayed com.kb.nsdtaiqiu/.ChatActivity: +1s719ms
W/InputMethodManagerService(  354): Got RemoteException sending setActive(false) notification to pid 1166 uid 10052
W/Binder  (  591): Caught a RuntimeException from the binder stub implementation.
W/Binder  (  591): java.lang.NullPointerException
W/Binder  (  591): 	at android.inputmethodservice.IInputMethodWrapper.setSessionEnabled(IInputMethodWrapper.java:280)
W/Binder  (  591): 	at com.android.internal.view.IInputMethod$Stub.onTransact(IInputMethod.java:129)
W/Binder  (  591): 	at android.os.Binder.execTransact(Binder.java:404)
W/Binder  (  591): 	at dalvik.system.NativeStart.run(Native Method)
D/dalvikvm(  591): GC_CONCURRENT freed 298K, 11% free 3205K/3568K, paused 4ms+3ms, total 64ms
I/ResourceUtils(  591): Found default value: resource=phantom_sudden_move_event_device_list build=[HARDWARE=goldfish MODEL=sdk BRAND=generic MANUFACTURER=unknown] default=false
I/ResourceUtils(  591): Found default value: resource=keyboard_heights build=[HARDWARE=goldfish MODEL=sdk BRAND=generic MANUFACTURER=unknown] default=
W/SubtypeSwitcher(  591): Can't find Emoji subtype
W/SubtypeSwitcher(  591): No input method subtype found; return dummy subtype: android.view.inputmethod.InputMethodSubtype@d78b2ed0
D/dalvikvm(  591): GC_FOR_ALLOC freed 195K, 8% free 3359K/3620K, paused 21ms, total 24ms
D/dalvikvm(  591): GC_CONCURRENT freed 378K, 13% free 3440K/3928K, paused 14ms+5ms, total 55ms
D/dalvikvm(  591): GC_FOR_ALLOC freed 62K, 13% free 3444K/3928K, paused 18ms, total 18ms
I/dalvikvm-heap(  591): Grow heap (frag case) to 3.739MB for 331792-byte allocation
D/dalvikvm(  591): GC_FOR_ALLOC freed <1K, 12% free 3768K/4256K, paused 19ms, total 19ms
D/dalvikvm(  591): GC_FOR_ALLOC freed 508K, 17% free 3554K/4256K, paused 19ms, total 20ms
D/dalvikvm(  591): GC_CONCURRENT freed 89K, 9% free 3901K/4256K, paused 3ms+4ms, total 45ms
D/dalvikvm(  591): GC_FOR_ALLOC freed 439K, 16% free 3586K/4256K, paused 20ms, total 20ms
D/dalvikvm(  591): GC_CONCURRENT freed 388K, 15% free 3640K/4256K, paused 33ms+14ms, total 75ms
D/dalvikvm(  591): GC_FOR_ALLOC freed 52K, 15% free 3629K/4256K, paused 20ms, total 21ms
I/dalvikvm-heap(  591): Grow heap (frag case) to 4.017MB for 434192-byte allocation
D/dalvikvm(  591): GC_CONCURRENT freed 91K, 16% free 3962K/4684K, paused 2ms+2ms, total 23ms
D/dalvikvm(  591): WAIT_FOR_CONCURRENT_GC blocked 21ms
D/dalvikvm(  591): GC_FOR_ALLOC freed 590K, 22% free 3663K/4684K, paused 23ms, total 24ms
W/ViewPager(  591): Requested offscreen page limit 0 too small; defaulting to 1
D/dalvikvm(  591): GC_CONCURRENT freed 27K, 13% free 4084K/4684K, paused 13ms+43ms, total 94ms
E/RichInputConnection(  591): Unable to connect to the editor to retrieve text... will retry later
I/InputAttributes(  591): InputType.TYPE_NULL is specified
I/LatinIME:LogUtils(  591): Dictionary info: dictionary = contacts.en_US.dict ; version = ? ; date = ?
D/dalvikvm(  591): GC_CONCURRENT freed 445K, 14% free 4058K/4684K, paused 4ms+5ms, total 118ms
I/Choreographer(  591): Skipped 66 frames!  The application may be doing too much work on its main thread.
I/Choreographer(  591): Skipped 65 frames!  The application may be doing too much work on its main thread.
D/gralloc_goldfish(  591): Emulator without GPU emulation detected.
D/dalvikvm(  591): GC_FOR_ALLOC freed 361K, 14% free 4071K/4684K, paused 66ms, total 67ms
I/dalvikvm-heap(  591): Grow heap (frag case) to 4.577MB for 568336-byte allocation
D/dalvikvm(  591): GC_CONCURRENT freed 21K, 13% free 4604K/5240K, paused 4ms+8ms, total 149ms
D/dalvikvm(  591): WAIT_FOR_CONCURRENT_GC blocked 143ms
D/dalvikvm(  591): GC_FOR_ALLOC freed <1K, 13% free 4604K/5240K, paused 137ms, total 137ms
I/dalvikvm-heap(  591): Grow heap (frag case) to 5.098MB for 568336-byte allocation
D/dalvikvm(  591): GC_CONCURRENT freed 0K, 11% free 5159K/5796K, paused 5ms+20ms, total 80ms
D/dalvikvm(  591): WAIT_FOR_CONCURRENT_GC blocked 68ms
D/AndroidRuntime( 1781): 
D/AndroidRuntime( 1781): >>>>>> AndroidRuntime START com.android.internal.os.RuntimeInit <<<<<<
D/AndroidRuntime( 1781): CheckJNI is ON
D/dalvikvm( 1781): Trying to load lib libjavacore.so 0x0
D/dalvikvm( 1781): Added shared lib libjavacore.so 0x0
D/dalvikvm( 1781): Trying to load lib libnativehelper.so 0x0
D/dalvikvm( 1781): Added shared lib libnativehelper.so 0x0
D/dalvikvm( 1781): No JNI_OnLoad found in libnativehelper.so 0x0, skipping init
D/dalvikvm( 1781): Note: class Landroid/app/ActivityManagerNative; has 179 unimplemented (abstract) methods
E/memtrack( 1781): Couldn't load memtrack module (No such file or directory)
E/android.os.Debug( 1781): failed to load memtrack module: -2
D/AndroidRuntime( 1781): Calling main entry com.android.commands.am.Am
I/ActivityManager(  354): START u0 {act=android.intent.action.MAIN cat=[android.intent.category.LAUNCHER] flg=0x10000000 cmp=com.kb.nsdtaiqiu/com.mobfox.video.sdk.MobFoxRichMediaActivity} from pid 1781
V/PhoneStatusBar(  452): setLightsOn(true)
D/AndroidRuntime( 1764): Shutting down VM
W/dalvikvm( 1764): threadid=1: thread exiting with uncaught exception (group=0xb2a58ba8)
E/AndroidRuntime( 1764): FATAL EXCEPTION: main
E/AndroidRuntime( 1764): Process: com.kb.nsdtaiqiu, PID: 1764
E/AndroidRuntime( 1764): java.lang.RuntimeException: Unable to instantiate activity ComponentInfo{com.kb.nsdtaiqiu/com.mobfox.video.sdk.MobFoxRichMediaActivity}: java.lang.ClassNotFoundException: Didn't find class "com.mobfox.video.sdk.MobFoxRichMediaActivity" on path: DexPathList[[zip file "/data/app/com.kb.nsdtaiqiu-1.apk"],nativeLibraryDirectories=[/data/app-lib/com.kb.nsdtaiqiu-1, /system/lib]]
E/AndroidRuntime( 1764): 	at android.app.ActivityThread.performLaunchActivity(ActivityThread.java:2110)
E/AndroidRuntime( 1764): 	at android.app.ActivityThread.handleLaunchActivity(ActivityThread.java:2233)
E/AndroidRuntime( 1764): 	at android.app.ActivityThread.access$800(ActivityThread.java:135)
E/AndroidRuntime( 1764): 	at android.app.ActivityThread$H.handleMessage(ActivityThread.java:1196)
E/AndroidRuntime( 1764): 	at android.os.Handler.dispatchMessage(Handler.java:102)
E/AndroidRuntime( 1764): 	at android.os.Looper.loop(Looper.java:136)
E/AndroidRuntime( 1764): 	at android.app.ActivityThread.main(ActivityThread.java:5001)
E/AndroidRuntime( 1764): 	at java.lang.reflect.Method.invokeNative(Native Method)
E/AndroidRuntime( 1764): 	at java.lang.reflect.Method.invoke(Method.java:515)
E/AndroidRuntime( 1764): 	at com.android.internal.os.ZygoteInit$MethodAndArgsCaller.run(ZygoteInit.java:785)
E/AndroidRuntime( 1764): 	at com.android.internal.os.ZygoteInit.main(ZygoteInit.java:601)
E/AndroidRuntime( 1764): 	at dalvik.system.NativeStart.main(Native Method)
E/AndroidRuntime( 1764): Caused by: java.lang.ClassNotFoundException: Didn't find class "com.mobfox.video.sdk.MobFoxRichMediaActivity" on path: DexPathList[[zip file "/data/app/com.kb.nsdtaiqiu-1.apk"],nativeLibraryDirectories=[/data/app-lib/com.kb.nsdtaiqiu-1, /system/lib]]
E/AndroidRuntime( 1764): 	at dalvik.system.BaseDexClassLoader.findClass(BaseDexClassLoader.java:56)
E/AndroidRuntime( 1764): 	at java.lang.ClassLoader.loadClass(ClassLoader.java:497)
E/AndroidRuntime( 1764): 	at java.lang.ClassLoader.loadClass(ClassLoader.java:457)
E/AndroidRuntime( 1764): 	at android.app.Instrumentation.newActivity(Instrumentation.java:1061)
E/AndroidRuntime( 1764): 	at android.app.ActivityThread.performLaunchActivity(ActivityThread.java:2101)
E/AndroidRuntime( 1764): 	... 11 more
W/ActivityManager(  354):   Force finishing activity com.kb.nsdtaiqiu/com.mobfox.video.sdk.MobFoxRichMediaActivity
W/ActivityManager(  354):   Force finishing activity com.kb.nsdtaiqiu/.ChatActivity
D/dalvikvm(  354): GC_CONCURRENT freed 717K, 53% free 6312K/13212K, paused 7ms+35ms, total 320ms
W/ActivityManager(  354): Activity pause timeout for ActivityRecord{b372aa68 u0 com.kb.nsdtaiqiu/com.mobfox.video.sdk.MobFoxRichMediaActivity t4 f}
W/ActivityManager(  354): Launch timeout has expired, giving up wake lock!
D/AndroidRuntime( 1781): Shutting down VM
D/dalvikvm( 1781): GC_CONCURRENT freed 98K, 15% free 589K/692K, paused 2ms+3ms, total 13ms
D/AndroidRuntime( 1792): 
D/AndroidRuntime( 1792): >>>>>> AndroidRuntime START com.android.internal.os.RuntimeInit <<<<<<
D/AndroidRuntime( 1792): CheckJNI is ON
D/dalvikvm( 1792): Trying to load lib libjavacore.so 0x0
D/dalvikvm( 1792): Added shared lib libjavacore.so 0x0
D/dalvikvm( 1792): Trying to load lib libnativehelper.so 0x0
D/dalvikvm( 1792): Added shared lib libnativehelper.so 0x0
D/dalvikvm( 1792): No JNI_OnLoad found in libnativehelper.so 0x0, skipping init
D/dalvikvm( 1792): Note: class Landroid/app/ActivityManagerNative; has 179 unimplemented (abstract) methods
E/memtrack( 1792): Couldn't load memtrack module (No such file or directory)
E/android.os.Debug( 1792): failed to load memtrack module: -2
D/AndroidRuntime( 1792): Calling main entry com.android.commands.am.Am
I/ActivityManager(  354): START u0 {act=android.intent.action.MAIN cat=[android.intent.category.LAUNCHER] flg=0x10000000 cmp=com.kb.nsdtaiqiu/com.knjkp.ia} from pid 1792
D/gralloc (   57): Registering a buffer in the process that created it. This may cause memory ordering problems.
E/libEGL  (   57): called unimplemented OpenGL ES API
E/libEGL  (   57): called unimplemented OpenGL ES API
E/libEGL  (   57): called unimplemented OpenGL ES API
E/libEGL  (   57): called unimplemented OpenGL ES API
E/SurfaceFlinger(   57): glCheckFramebufferStatusOES error 421710312
E/SurfaceFlinger(   57): got GL_FRAMEBUFFER_COMPLETE_OES error while taking screenshot
E/libEGL  (   57): called unimplemented OpenGL ES API
E/libEGL  (   57): called unimplemented OpenGL ES API
W/WindowManager(  354): Screenshot failure taking screenshot for (164x295) to layer 21015
W/ActivityManager(  354): Activity pause timeout for ActivityRecord{b3311640 u0 com.kb.nsdtaiqiu/.Settings.GameServerSettings t4}
W/ActivityManager(  354): Activity destroy timeout for ActivityRecord{b32aba50 u0 com.kb.nsdtaiqiu/.ChatActivity t4 f}
W/ActivityManager(  354): Activity destroy timeout for ActivityRecord{b372aa68 u0 com.kb.nsdtaiqiu/com.mobfox.video.sdk.MobFoxRichMediaActivity t4 f}
