E/logwrapper(  960): executing /system/bin/ip failed: No such file or directory
D/ActivityThread(  921): Loading provider com.android.email.provider;com.android.email.notifier: com.android.email.provider.EmailProvider
E/ConnectivityService(  378): Exception trying to add a route: java.lang.IllegalStateException: command '45 interface fwmark exempt add 10.0.2.2/32' failed with '400 45 Failed to add exemption rule (File exists)'
D/ExtensionsFactory(  948): No custom extensions.
E/logwrapper(  970): executing /system/bin/ip failed: No such file or directory
I/ActivityManager(  378): Start proc com.android.providers.calendar for content provider com.android.providers.calendar/.CalendarProvider2: pid=971 uid=10001 gids={50001, 3003, 1028, 1015}
I/ActivityManager(  378): Start proc com.android.deskclock for broadcast com.android.deskclock/.AlarmInitReceiver: pid=976 uid=10020 gids={50020, 1028}
D/dalvikvm(   58): GC_EXPLICIT freed 41K, 4% free 2705K/2812K, paused 3ms+2ms, total 49ms
D/dalvikvm(   58): GC_EXPLICIT freed <1K, 4% free 2705K/2812K, paused 4ms+2ms, total 45ms
D/dalvikvm(   58): GC_EXPLICIT freed <1K, 4% free 2705K/2812K, paused 3ms+7ms, total 102ms
W/RecognitionManagerService(  378): no available voice recognition services found for user 0
E/NetdConnector(  378): NDC Command {47 interface fwmark exempt add 172.217.23.14/32} took too long (790ms)
E/ConnectivityService(  378): Exception trying to add a route: java.lang.IllegalStateException: command '47 interface fwmark exempt add 172.217.23.14/32' failed with '400 47 Failed to add exemption rule (File exists)'
D/ConnectivityService(  378): requestRouteToHostAddress ok=false
D/ConnectivityService(  378): [CheckMp] isMobileOk: could not establish route to hostAddr=clients3.google.com/172.217.23.14
V/AlarmClock(  976): AlarmInitReceiver android.intent.action.TIMEZONE_CHANGED
I/CalendarDatabaseHelper(  971): Bootstrapping database
I/AlarmClock(  976): Alarms Table created
I/AlarmClock(  976): Instance table created
I/AlarmClock(  976): Cities table created
I/AlarmClock(  976): Inserting default alarms
I/AlarmClock(  976): Displaying next alarm time: ''
W/BackupManagerService(  378): dataChanged but no participant pkg='com.android.providers.settings' uid=10020
V/AlarmClock(  976): AlarmInitReceiver finished
I/CalendarProvider2(  971): Created com.android.providers.calendar.CalendarAlarmManager@b2cf0d20(com.android.providers.calendar.CalendarProvider2@b2cdd3f8)
E/BluetoothAdapter(  618): Bluetooth binder is null
I/ActivityManager(  378): Start proc com.android.dialer for broadcast com.android.dialer/.calllog.CallLogReceiver: pid=998 uid=10004 gids={50004, 3003, 1028, 1015}
V/MediaScanner(  623): pruneDeadThumbnailFiles... android.database.sqlite.SQLiteCursor@b2cc5280
V/MediaScanner(  623): /pruneDeadThumbnailFiles... android.database.sqlite.SQLiteCursor@b2cc5280
D/ExtensionsFactory(  998): No custom extensions.
I/ActivityManager(  378): Delay finish: com.android.dialer/.calllog.CallLogReceiver
I/ActivityManager(  378): Resuming delayed broadcast
E/BluetoothAdapter(  378): Bluetooth binder is null
E/BluetoothAdapter(  378): Bluetooth binder is null
V/WiredAccessoryManager(  378): init()
E/SoundPool(  378): error loading /system/media/audio/ui/Effect_Tick.ogg
W/AudioService(  378): Soundpool could not load file: /system/media/audio/ui/Effect_Tick.ogg
E/SoundPool(  378): error loading /system/media/audio/ui/Effect_Tick.ogg
W/AudioService(  378): Soundpool could not load file: /system/media/audio/ui/Effect_Tick.ogg
E/SoundPool(  378): error loading /system/media/audio/ui/Effect_Tick.ogg
W/AudioService(  378): Soundpool could not load file: /system/media/audio/ui/Effect_Tick.ogg
E/SoundPool(  378): error loading /system/media/audio/ui/Effect_Tick.ogg
W/AudioService(  378): Soundpool could not load file: /system/media/audio/ui/Effect_Tick.ogg
E/SoundPool(  378): error loading /system/media/audio/ui/Effect_Tick.ogg
W/AudioService(  378): Soundpool could not load file: /system/media/audio/ui/Effect_Tick.ogg
E/SoundPool(  378): error loading /system/media/audio/ui/KeypressStandard.ogg
I/PowerManagerService(  378): Boot animation finished.
W/AudioService(  378): Soundpool could not load file: /system/media/audio/ui/KeypressStandard.ogg
E/SoundPool(  378): error loading /system/media/audio/ui/KeypressSpacebar.ogg
W/AudioService(  378): Soundpool could not load file: /system/media/audio/ui/KeypressSpacebar.ogg
E/SoundPool(  378): error loading /system/media/audio/ui/KeypressDelete.ogg
W/AudioService(  378): Soundpool could not load file: /system/media/audio/ui/KeypressDelete.ogg
E/SoundPool(  378): error loading /system/media/audio/ui/KeypressReturn.ogg
W/AudioService(  378): Soundpool could not load file: /system/media/audio/ui/KeypressReturn.ogg
E/SoundPool(  378): error loading /system/media/audio/ui/KeypressInvalid.ogg
W/AudioService(  378): Soundpool could not load file: /system/media/audio/ui/KeypressInvalid.ogg
W/AudioService(  378): onLoadSoundEffects(), Error -1 while loading samples
D/dalvikvm(  378): GC_CONCURRENT freed 513K, 55% free 5759K/12620K, paused 18ms+5ms, total 80ms
D/dalvikvm(  921): GC_CONCURRENT freed 207K, 9% free 2890K/3160K, paused 3ms+195ms, total 322ms
I/RecoverySystem(  378): No recovery log file
I/BootReceiver(  378): Copying audit failures to DropBox
I/BootReceiver(  378): Checking for fsck errors
I/CalendarProvider2(  971): Sending notification intent: Intent { act=android.intent.action.PROVIDER_CHANGED dat=content://com.android.calendar }
W/ContentResolver(  971): Failed to get type for: content://com.android.calendar (Unknown URL content://com.android.calendar)
I/ActivityManager(  378): Delay finish: com.android.providers.media/.MediaScannerReceiver
I/ActivityManager(  378): Resuming delayed broadcast
I/ActivityManager(  378): Start proc com.android.mms for broadcast com.android.mms/.transaction.MmsSystemEventReceiver: pid=1027 uid=10009 gids={50009, 3003, 1028, 1015}
D/CountryDetector(  378): The first listener is added
V/MmsConfig( 1027): mnc/mcc: 310260
V/MmsConfig( 1027): tag: bool value: enabledMMS - true
V/MmsConfig( 1027): tag: int value: maxMessageSize - 307200
V/MmsConfig( 1027): tag: int value: maxImageHeight - 480
V/MmsConfig( 1027): tag: int value: maxImageWidth - 640
V/MmsConfig( 1027): tag: int value: defaultSMSMessagesPerThread - 10000
V/MmsConfig( 1027): tag: int value: defaultMMSMessagesPerThread - 1000
V/MmsConfig( 1027): tag: int value: minMessageCountPerThread - 10
V/MmsConfig( 1027): tag: int value: maxMessageCountPerThread - 5000
V/MmsConfig( 1027): tag: string value: uaProfUrl - http://www.google.com/oha/rdf/ua-profile-kila.xml
V/MmsConfig( 1027): tag: int value: recipientLimit - -1
V/MmsConfig( 1027): tag: bool value: enableMultipartSMS - true
V/MmsConfig( 1027): tag: int value: smsToMmsTextThreshold - -1
V/MmsConfig( 1027): tag: bool value: enableSlideDuration - true
V/MmsConfig( 1027): tag: int value: maxMessageTextSize - -1
E/logwrapper( 1047): executing /system/bin/ip failed: No such file or directory
E/ConnectivityService(  378): Exception trying to add a route: java.lang.IllegalStateException: command '49 interface fwmark exempt add 10.0.2.2/32' failed with '400 49 Failed to add exemption rule (File exists)'
E/logwrapper( 1048): executing /system/bin/ip failed: No such file or directory
W/ActivityManager(  378): Unable to start service Intent { cmp=com.android.email/.service.AttachmentDownloadService } U=0: not found
W/ActivityManager(  378): Unable to start service Intent { cmp=com.android.email/.service.AttachmentDownloadService } U=0: not found
I/MediaProvider(  623): Upgrading media database from version 0 to 700, which will destroy all old data
E/ConnectivityService(  378): Exception trying to add a route: java.lang.IllegalStateException: command '51 interface fwmark exempt add 172.217.23.14/32' failed with '400 51 Failed to add exemption rule (File exists)'
D/ConnectivityService(  378): requestRouteToHostAddress ok=false
D/ConnectivityService(  378): [CheckMp] isMobileOk: could not establish route to hostAddr=clients3.google.com/172.217.23.14
I/Email   (  921): Observing account changes for notifications
I/ActivityManager(  378): Delay finish: com.android.mms/.transaction.MmsSystemEventReceiver
D/Mms:app ( 1027): cancelNotification
I/ActivityManager(  378): Resuming delayed broadcast
I/ActivityManager(  378): Delay finish: com.android.mms/.transaction.SmsReceiver
D/MmsSmsDatabaseHelper(  604): [MmsSmsDb] tableName: threads hasAutoIncrement: CREATE TABLE threads (_id INTEGER PRIMARY KEY AUTOINCREMENT,date INTEGER DEFAULT 0,message_count INTEGER DEFAULT 0,recipient_ids TEXT,snippet TEXT,snippet_cs INTEGER DEFAULT 0,read INTEGER DEFAULT 1,type INTEGER DEFAULT 0,error INTEGER DEFAULT 0,has_attachment INTEGER DEFAULT 0) result: true
D/MmsSmsDatabaseHelper(  604): [MmsSmsDb] tableName: canonical_addresses hasAutoIncrement: CREATE TABLE canonical_addresses (_id INTEGER PRIMARY KEY AUTOINCREMENT,address TEXT) result: true
D/MmsSmsDatabaseHelper(  604): [MmsSmsDb] tableName: part hasAutoIncrement: CREATE TABLE part (_id INTEGER PRIMARY KEY AUTOINCREMENT,mid INTEGER,seq INTEGER DEFAULT 0,ct TEXT,name TEXT,chset INTEGER,cd TEXT,fn TEXT,cid TEXT,cl TEXT,ctt_s INTEGER,ctt_t TEXT,_data TEXT,text TEXT) result: true
D/MmsSmsDatabaseHelper(  604): [MmsSmsDb] tableName: pdu hasAutoIncrement: CREATE TABLE pdu (_id INTEGER PRIMARY KEY AUTOINCREMENT,thread_id INTEGER,date INTEGER,date_sent INTEGER DEFAULT 0,msg_box INTEGER,read INTEGER DEFAULT 0,m_id TEXT,sub TEXT,sub_cs INTEGER,ct_t TEXT,ct_l TEXT,exp INTEGER,m_cls TEXT,m_type INTEGER,v INTEGER,m_size INTEGER,pri INTEGER,rr INTEGER,rpt_a INTEGER,resp_st INTEGER,st INTEGER,tr_id TEXT,retr_st INTEGER,retr_txt TEXT,retr_txt_cs INTEGER,read_status INTEGER,ct_cls INTEGER,resp_txt TEXT,d_tm INTEGER,d_rpt INTEGER,locked INTEGER DEFAULT 0,seen INTEGER DEFAULT 0,text_only INTEGER DEFAULT 0) result: true
D/MmsSmsDatabaseHelper(  604): [getWritableDatabase] hasAutoIncrementThreads: true hasAutoIncrementAddresses: true hasAutoIncrementPart: true hasAutoIncrementPdu: true
D/Mms:app ( 1027): cancelNotification
I/ActivityManager(  378): Resuming delayed broadcast
D/AlertReceiver(  948): onReceive: a=android.intent.action.BOOT_COMPLETED Intent { act=android.intent.action.BOOT_COMPLETED flg=0x8000010 cmp=com.android.calendar/.alerts.AlertReceiver (has extras) }
I/ActivityManager(  378): Delay finish: com.android.calendar/.alerts.AlertReceiver
D/AlertUtils(  948): Flushing old alerts from shared prefs table
D/AlertService(  948): 0 Action = android.intent.action.BOOT_COMPLETED
D/AlertService(  948): Scheduling next alarm with AlarmScheduler. sEventReminderReceived: null
D/dalvikvm(  948): GC_CONCURRENT freed 309K, 12% free 2810K/3184K, paused 4ms+7ms, total 115ms
D/AlarmScheduler(  948): No events found starting within 1 week.
E/SQLiteLog(  623): (1) no such table: files
I/ContactDirectoryManager(  555): deleted 0 stale rows which don't have any relevant directory
I/ContactDirectoryManager(  555): Discovered 0 contact directories in 10698ms
I/ContactsProvider(  555): Upgrading aggregation algorithm
I/ContactAggregator(  555): Marked all visible contacts for aggregation: 0 raw contacts, 4 ms
I/ContactsProvider(  555): Aggregation algorithm upgraded for 0 raw contacts in 31ms
E/WVMExtractor(   60): Failed to open libwvm.so
I/ContactsFTS(  555): Rebuild contact search index in 179ms, 0 contacts
D/dalvikvm(  623): GC_CONCURRENT freed 242K, 10% free 3024K/3328K, paused 3ms+4ms, total 31ms
V/MediaScanner(  623): pruneDeadThumbnailFiles... android.database.sqlite.SQLiteCursor@b2cc2200
V/MediaScanner(  623): /pruneDeadThumbnailFiles... android.database.sqlite.SQLiteCursor@b2cc2200
I/ActivityManager(  378): Resuming delayed broadcast
V/AlarmClock(  976): AlarmInitReceiver android.intent.action.BOOT_COMPLETED
V/AlarmClock(  976): AlarmInitReceiver - Reset timers and clear stopwatch data
V/AlarmClock(  976): AlarmInitReceiver - resetting volume button default
D/dalvikvm(  976): GC_CONCURRENT freed 397K, 15% free 2810K/3276K, paused 4ms+20ms, total 71ms
D/dalvikvm(  976): WAIT_FOR_CONCURRENT_GC blocked 9ms
D/dalvikvm(  378): GC_CONCURRENT freed 740K, 55% free 5691K/12620K, paused 21ms+4ms, total 71ms
I/AlarmClock(  976): Displaying next alarm time: ''
E/MetadataRetrieverClient(   60): failed to extract an album art
V/AlarmClock(  976): AlarmInitReceiver finished
I/ActivityManager(  378): Delay finish: com.android.email/.service.EmailUpgradeBroadcastReceiver
I/ActivityManager(  378): Resuming delayed broadcast
D/ConnectivityService(  378): [CheckMp] isMobileOk: too many loops tried - giving up
D/ConnectivityService(  378): [CheckMp] isMobileOk: X loops|timed out result=0
D/ConnectivityService(  378): [CheckMp] isMobileOk: F stop hipri
D/MobileDataStateTracker(  378): default: setEnableFailFastMobileData(enabled=0)
I/ActivityManager(  378): Delay finish: com.android.email/.service.EmailBroadcastReceiver
I/Email   (  921): Onetime initialization: 1
I/Email   (  921): Onetime initialization: 2
I/Email   (  921): Onetime initialization: completed.
D/ConnectivityService(  378): stopUsingNetworkFeature: teardown net 0: enableHIPRI
I/ActivityManager(  378): Delaying start of: ServiceRecord{b35c3960 u0 com.android.exchange/.service.EmailSyncAdapterService}
D/dalvikvm(  604): GC_CONCURRENT freed 509K, 15% free 3340K/3912K, paused 5ms+2ms, total 36ms
D/MobileDataStateTracker(  378): hipri: Broadcast received: android.intent.action.ANY_DATA_STATE apnType=hipri
D/MobileDataStateTracker(  378): hipri: Received state=DISCONNECTED, old=CONNECTED, reason=dataDisabled
D/MobileDataStateTracker(  378): hipri: setDetailed state, old =CONNECTED and new state=DISCONNECTED
D/ConnectivityService(  378): ConnectivityChange for mobile_hipri: DISCONNECTED/DISCONNECTED
E/logwrapper( 1069): executing /system/bin/ip failed: No such file or directory
E/SecondaryTablController(   54): ip route del failed: /system/bin/ip route del 10.0.2.2/32 via 0.0.0.0 dev eth0 table 60
W/FrameworkListener(   54): Handler 'interface' error (No such device)
E/logwrapper( 1070): executing /system/bin/ip failed: No such file or directory
E/SecondaryTablController(   54): ip route del failed: /system/bin/ip route del 0.0.0.0/0 via 10.0.2.2 dev eth0 table 60
W/FrameworkListener(   54): Handler 'interface' error (No such device)
D/Nat464Xlat(  378): requiresClat: netType=5, hasIPv4Address=true
I/ActivityManager(  378): Resuming delayed broadcast
I/LauncherIconVisibilityManager(  593): Boot has been completed
D/MobileDataStateTracker(  378): default: setPolicyDataEnable(enabled=true)
I/LauncherIconVisibilityManager(  593): Disable activity: ComponentInfo{com.android.inputmethod.latin/com.android.inputmethod.latin.setup.SetupActivity}
E/BluetoothAdapter(  618): Bluetooth binder is null
I/ActivityManager(  378): Delay finish: com.android.settings/.widget.SettingsAppWidgetProvider
W/ProcessCpuTracker(  378): Skipping unknown process pid 1078
D/dalvikvm( 1027): GC_CONCURRENT freed 232K, 10% free 2871K/3168K, paused 5ms+2ms, total 343ms
I/ActivityManager(  378): Resuming delayed broadcast
W/BroadcastQueue(  378): Permission Denial: broadcasting Intent { act=android.appwidget.action.APPWIDGET_UPDATE_OPTIONS flg=0x10 cmp=com.android.settings/.widget.SettingsAppWidgetProvider (has extras) } from android (pid=693, uid=10008) is not exported from uid 1000 due to receiver com.android.settings/.widget.SettingsAppWidgetProvider
I/ActivityManager(  378): Delay finish: com.android.providers.contacts/.PackageIntentReceiver
E/NetdConnector(  378): NDC Command {59 bandwidth removeiquota eth0} took too long (1298ms)
E/StrictMode( 1027): A resource was acquired at attached stack trace but never released. See java.io.Closeable for information on avoiding resource leaks.
E/StrictMode( 1027): java.lang.Throwable: Explicit termination method 'release' not called
E/StrictMode( 1027): 	at dalvik.system.CloseGuard.open(CloseGuard.java:184)
E/StrictMode( 1027): 	at android.drm.DrmManagerClient.<init>(DrmManagerClient.java:258)
E/StrictMode( 1027): 	at com.google.android.mms.pdu.PduPersister.<init>(PduPersister.java:288)
E/StrictMode( 1027): 	at com.google.android.mms.pdu.PduPersister.getPduPersister(PduPersister.java:296)
E/StrictMode( 1027): 	at com.android.mms.transaction.TransactionService.onNewIntent(TransactionService.java:224)
E/StrictMode( 1027): 	at com.android.mms.transaction.TransactionService$ServiceHandler.handleMessage(TransactionService.java:621)
E/StrictMode( 1027): 	at android.os.Handler.dispatchMessage(Handler.java:102)
E/StrictMode( 1027): 	at android.os.Looper.loop(Looper.java:136)
E/StrictMode( 1027): 	at android.os.HandlerThread.run(HandlerThread.java:61)
E/NetdConnector(  378): NDC Command {60 bandwidth gettetherstats} took too long (1332ms)
I/ActivityManager(  378): Resuming delayed broadcast
I/ActivityManager(  378): Start proc com.svox.pico for broadcast com.svox.pico/.VoiceDataInstallerReceiver: pid=1096 uid=10037 gids={50037, 1028, 1015}
D/Tethering(  378): MasterInitialState.processMessage what=3
D/Tethering(  378): MasterInitialState.processMessage what=3
D/CaptivePortalTracker(  378): NoActiveNetworkState{ when=-4ms what=1 obj=NetworkInfo: type: mobile_hipri[UMTS], state: DISCONNECTED/DISCONNECTED, reason: dataDisabled, extra: epc.tmobile.com, roaming: false, failover: false, isAvailable: true, isConnectedToProvisioningNetwork: false target=com.android.internal.util.StateMachine$SmHandler }
D/CaptivePortalTracker(  378): NoActiveNetworkState not a wifi connectivity change, ignore
D/CaptivePortalTracker(  378): NoActiveNetworkState{ when=-3ms what=1 obj=NetworkInfo: type: mobile[UMTS], state: CONNECTED/CONNECTED, reason: connected, extra: epc.tmobile.com, roaming: false, failover: false, isAvailable: true, isConnectedToProvisioningNetwork: false target=com.android.internal.util.StateMachine$SmHandler }
D/CaptivePortalTracker(  378): NoActiveNetworkState not a wifi connectivity change, ignore
D/dalvikvm(  378): GC_CONCURRENT freed 572K, 54% free 5827K/12620K, paused 79ms+1450ms, total 1823ms
E/NetdConnector(  378): NDC Command {61 bandwidth setiquota eth0 9223372036854775807} took too long (2389ms)
D/MobileDataStateTracker(  378): default: setPolicyDataEnable(enabled=true)
W/WindowManager(  378): Screenshot failure taking screenshot for (164x295) to layer 21010
I/ActivityManager(  378): START u0 {cmp=com.google.scc/.LicenseActivity} from pid 1166
W/ActivityManager(  378): startActivity called from finishing ActivityRecord{b300ce58 u0 com.google.scc/.MainActivity$LoadingActivity t5 f}; forcing Intent.FLAG_ACTIVITY_NEW_TASK for: Intent { cmp=com.google.scc/.LicenseActivity }
E/BluetoothAdapter(  618): Bluetooth binder is null
D/AlertReceiver(  948): onReceive: a=android.intent.action.PROVIDER_CHANGED Intent { act=android.intent.action.PROVIDER_CHANGED dat=content://com.android.calendar flg=0x10 cmp=com.android.calendar/.alerts.AlertReceiver }
D/ConnectivityService(  378): [CheckMp] isMobileOk: X result=0
D/ConnectivityService(  378): [CheckMp] onPostExecute: result=0
D/ConnectivityService(  378): CheckMp.onComplete: result=0
D/ConnectivityService(  378): CheckMp.onComplete: ignore, connected or no connection
I/ActivityManager(  378): Delay finish: com.android.calendar/.alerts.AlertReceiver
E/NetdConnector(  378): NDC Command {62 bandwidth removeiquota eth0} took too long (829ms)
D/AlertService(  948): 0 Action = android.intent.action.PROVIDER_CHANGED
I/InputReader(  378): Reconfiguring input devices.  changes=0x00000010
I/InputReader(  378): Reconfiguring input devices.  changes=0x00000010
I/InputReader(  378): Reconfiguring input devices.  changes=0x00000010
I/PackageManager(  378):   Action: "android.intent.action.SENDTO"
I/PackageManager(  378):   Category: "android.intent.category.DEFAULT"
I/PackageManager(  378):   Scheme: "sms"
I/PackageManager(  378): Adding preferred activity ComponentInfo{com.android.mms/com.android.mms.ui.ComposeMessageActivity} for user 0 :
I/PackageManager(  378):   Action: "android.intent.action.SENDTO"
I/PackageManager(  378):   Category: "android.intent.category.DEFAULT"
I/PackageManager(  378):   Scheme: "smsto"
I/PackageManager(  378): Adding preferred activity ComponentInfo{com.android.mms/com.android.mms.ui.ComposeMessageActivity} for user 0 :
E/NetdConnector(  378): NDC Command {63 bandwidth setiquota eth0 9223372036854775807} took too long (1491ms)
D/MobileDataStateTracker(  378): default: setPolicyDataEnable(enabled=true)
D/MobileDataStateTracker(  378): default: setPolicyDataEnable(enabled=true)
I/PackageManager(  378): Adding preferred activity ComponentInfo{com.android.mms/com.android.mms.ui.ComposeMessageActivity} for user 0 :
I/PackageManager(  378):   Action: "android.intent.action.SENDTO"
I/PackageManager(  378):   Category: "android.intent.category.DEFAULT"
I/PackageManager(  378):   Scheme: "mms"
I/PackageManager(  378):   Action: "android.intent.action.SENDTO"
I/PackageManager(  378):   Category: "android.intent.category.DEFAULT"
I/PackageManager(  378):   Scheme: "mmsto"
I/PackageManager(  378): Adding preferred activity ComponentInfo{com.android.mms/com.android.mms.ui.ComposeMessageActivity} for user 0 :
D/dalvikvm(  378): GC_CONCURRENT freed 788K, 54% free 5824K/12620K, paused 81ms+6ms, total 181ms
D/dalvikvm(  378): WAIT_FOR_CONCURRENT_GC blocked 44ms
D/dalvikvm(  378): WAIT_FOR_CONCURRENT_GC blocked 47ms
D/dalvikvm(  378): WAIT_FOR_CONCURRENT_GC blocked 31ms
I/PackageManager(  378):   Action: "android.intent.action.SENDTO"
I/PackageManager(  378):   Category: "android.intent.category.DEFAULT"
I/PackageManager(  378):   Scheme: "sms"
I/PackageManager(  378): Adding preferred activity ComponentInfo{com.android.mms/com.android.mms.ui.ComposeMessageActivity} for user 0 :
I/ActivityManager(  378): Waited long enough for: ServiceRecord{b314a280 u0 com.android.music/.MediaPlaybackService}
I/ActivityManager(  378): Resuming delayed broadcast
I/PackageManager(  378):   Action: "android.intent.action.SENDTO"
I/PackageManager(  378):   Category: "android.intent.category.DEFAULT"
I/PackageManager(  378):   Scheme: "smsto"
I/PackageManager(  378): Adding preferred activity ComponentInfo{com.android.mms/com.android.mms.ui.ComposeMessageActivity} for user 0 :
D/dalvikvm(  604): GC_CONCURRENT freed 381K, 14% free 3387K/3900K, paused 22ms+3ms, total 52ms
I/PackageManager(  378): Adding preferred activity ComponentInfo{com.android.mms/com.android.mms.ui.ComposeMessageActivity} for user 0 :
I/PackageManager(  378):   Action: "android.intent.action.SENDTO"
I/PackageManager(  378):   Category: "android.intent.category.DEFAULT"
I/PackageManager(  378):   Scheme: "mms"
I/PackageManager(  378):   Action: "android.intent.action.SENDTO"
I/PackageManager(  378):   Category: "android.intent.category.DEFAULT"
I/PackageManager(  378):   Scheme: "mmsto"
I/PackageManager(  378): Adding preferred activity ComponentInfo{com.android.mms/com.android.mms.ui.ComposeMessageActivity} for user 0 :
I/PackageManager(  378):   Action: "android.intent.action.SENDTO"
I/PackageManager(  378):   Category: "android.intent.category.DEFAULT"
I/PackageManager(  378):   Scheme: "sms"
I/PackageManager(  378): Adding preferred activity ComponentInfo{com.android.mms/com.android.mms.ui.ComposeMessageActivity} for user 0 :
I/PackageManager(  378):   Action: "android.intent.action.SENDTO"
I/PackageManager(  378):   Category: "android.intent.category.DEFAULT"
I/PackageManager(  378):   Scheme: "smsto"
I/PackageManager(  378): Adding preferred activity ComponentInfo{com.android.mms/com.android.mms.ui.ComposeMessageActivity} for user 0 :
I/PackageManager(  378):   Action: "android.intent.action.SENDTO"
I/PackageManager(  378):   Category: "android.intent.category.DEFAULT"
I/PackageManager(  378):   Scheme: "mms"
I/PackageManager(  378): Adding preferred activity ComponentInfo{com.android.mms/com.android.mms.ui.ComposeMessageActivity} for user 0 :
I/PackageManager(  378):   Action: "android.intent.action.SENDTO"
I/PackageManager(  378):   Category: "android.intent.category.DEFAULT"
I/PackageManager(  378):   Scheme: "mmsto"
I/PackageManager(  378): Adding preferred activity ComponentInfo{com.android.mms/com.android.mms.ui.ComposeMessageActivity} for user 0 :
D/dalvikvm(  604): GC_CONCURRENT freed 465K, 15% free 3380K/3944K, paused 3ms+17ms, total 76ms
D/dalvikvm(  378): GC_CONCURRENT freed 856K, 55% free 5742K/12620K, paused 15ms+9ms, total 188ms
D/dalvikvm(  378): WAIT_FOR_CONCURRENT_GC blocked 77ms
I/PackageManager(  378):   Action: "android.intent.action.SENDTO"
I/PackageManager(  378):   Category: "android.intent.category.DEFAULT"
I/PackageManager(  378):   Scheme: "sms"
I/PackageManager(  378): Adding preferred activity ComponentInfo{com.android.mms/com.android.mms.ui.ComposeMessageActivity} for user 0 :
I/PackageManager(  378):   Action: "android.intent.action.SENDTO"
I/PackageManager(  378):   Category: "android.intent.category.DEFAULT"
I/PackageManager(  378):   Scheme: "smsto"
I/PackageManager(  378): Adding preferred activity ComponentInfo{com.android.mms/com.android.mms.ui.ComposeMessageActivity} for user 0 :
I/PackageManager(  378):   Action: "android.intent.action.SENDTO"
I/PackageManager(  378):   Category: "android.intent.category.DEFAULT"
I/PackageManager(  378):   Scheme: "mms"
I/PackageManager(  378): Adding preferred activity ComponentInfo{com.android.mms/com.android.mms.ui.ComposeMessageActivity} for user 0 :
I/PackageManager(  378):   Action: "android.intent.action.SENDTO"
I/PackageManager(  378):   Category: "android.intent.category.DEFAULT"
I/PackageManager(  378):   Scheme: "mmsto"
I/PackageManager(  378): Adding preferred activity ComponentInfo{com.android.mms/com.android.mms.ui.ComposeMessageActivity} for user 0 :
I/PackageManager(  378):   Action: "android.intent.action.SENDTO"
I/PackageManager(  378):   Category: "android.intent.category.DEFAULT"
I/PackageManager(  378):   Scheme: "sms"
I/PackageManager(  378): Adding preferred activity ComponentInfo{com.android.mms/com.android.mms.ui.ComposeMessageActivity} for user 0 :
I/ActivityManager(  378): Delay finish: com.android.mms/.transaction.SmsReceiver
I/PackageManager(  378):   Action: "android.intent.action.SENDTO"
I/PackageManager(  378):   Category: "android.intent.category.DEFAULT"
I/PackageManager(  378):   Scheme: "smsto"
I/PackageManager(  378): Adding preferred activity ComponentInfo{com.android.mms/com.android.mms.ui.ComposeMessageActivity} for user 0 :
D/dalvikvm(  604): GC_CONCURRENT freed 494K, 16% free 3344K/3944K, paused 16ms+2ms, total 81ms
I/PackageManager(  378):   Action: "android.intent.action.SENDTO"
I/PackageManager(  378):   Category: "android.intent.category.DEFAULT"
I/PackageManager(  378):   Scheme: "mms"
I/PackageManager(  378): Adding preferred activity ComponentInfo{com.android.mms/com.android.mms.ui.ComposeMessageActivity} for user 0 :
D/dalvikvm(  378): GC_CONCURRENT freed 696K, 54% free 5809K/12620K, paused 4ms+5ms, total 94ms
D/dalvikvm(  378): WAIT_FOR_CONCURRENT_GC blocked 37ms
I/PackageManager(  378): Adding preferred activity ComponentInfo{com.android.mms/com.android.mms.ui.ComposeMessageActivity} for user 0 :
I/PackageManager(  378):   Action: "android.intent.action.SENDTO"
I/PackageManager(  378):   Category: "android.intent.category.DEFAULT"
I/PackageManager(  378):   Scheme: "mmsto"
I/PackageManager(  378):   Action: "android.intent.action.SENDTO"
I/PackageManager(  378):   Category: "android.intent.category.DEFAULT"
I/PackageManager(  378):   Scheme: "sms"
I/PackageManager(  378): Adding preferred activity ComponentInfo{com.android.mms/com.android.mms.ui.ComposeMessageActivity} for user 0 :
V/SmsReceiverService( 1027): onStart: #1 mResultCode: -1 = Activity.RESULT_OK
I/PackageManager(  378):   Action: "android.intent.action.SENDTO"
I/PackageManager(  378):   Category: "android.intent.category.DEFAULT"
I/PackageManager(  378):   Scheme: "smsto"
I/PackageManager(  378): Adding preferred activity ComponentInfo{com.android.mms/com.android.mms.ui.ComposeMessageActivity} for user 0 :
I/PackageManager(  378):   Action: "android.intent.action.SENDTO"
I/PackageManager(  378):   Category: "android.intent.category.DEFAULT"
I/PackageManager(  378):   Scheme: "mms"
I/PackageManager(  378): Adding preferred activity ComponentInfo{com.android.mms/com.android.mms.ui.ComposeMessageActivity} for user 0 :
I/PackageManager(  378):   Action: "android.intent.action.SENDTO"
I/PackageManager(  378):   Category: "android.intent.category.DEFAULT"
I/PackageManager(  378):   Scheme: "mmsto"
I/PackageManager(  378): Adding preferred activity ComponentInfo{com.android.mms/com.android.mms.ui.ComposeMessageActivity} for user 0 :
D/dalvikvm(  604): GC_CONCURRENT freed 409K, 15% free 3384K/3944K, paused 5ms+2ms, total 44ms
I/ActivityManager(  378): Resuming delayed broadcast
D/MobileDataStateTracker(  378): default: setPolicyDataEnable(enabled=true)
I/ActivityManager(  378): Delay finish: com.android.providers.calendar/.CalendarProviderBroadcastReceiver
D/dalvikvm(  378): GC_CONCURRENT freed 731K, 55% free 5741K/12620K, paused 20ms+13ms, total 103ms
I/ActivityManager(  378): Resuming delayed broadcast
I/ActivityManager(  378): Delay finish: com.android.providers.contacts/.PackageIntentReceiver
D/dalvikvm(  971): GC_CONCURRENT freed 209K, 9% free 2887K/3160K, paused 5ms+2ms, total 207ms
I/ActivityManager(  378): Resuming delayed broadcast
D/ConnectivityService(  378): Sampling interval elapsed, updating statistics ..
D/ConnectivityService(  378): Done.
D/ConnectivityService(  378): Setting timer for 720seconds
I/GlobalDismissManager(  948): no sender configured
D/AlertService(  948): Beginning updateAlertNotification
D/AlertService(  948): No fired or scheduled alerts
D/AlertService(  948): Scheduling next alarm with AlarmScheduler. sEventReminderReceived: null
D/AlarmScheduler(  948): No events found starting within 1 week.
I/ActivityManager(  378): Waited long enough for: ServiceRecord{b302ded8 u0 com.android.calendar/.alerts.InitAlarmsService}
D/AndroidRuntime( 1155): 
D/AndroidRuntime( 1155): >>>>>> AndroidRuntime START com.android.internal.os.RuntimeInit <<<<<<
D/AndroidRuntime( 1155): CheckJNI is ON
D/dalvikvm( 1155): Trying to load lib libjavacore.so 0x0
D/dalvikvm( 1155): Added shared lib libjavacore.so 0x0
D/dalvikvm( 1155): Trying to load lib libnativehelper.so 0x0
D/dalvikvm( 1155): Added shared lib libnativehelper.so 0x0
D/dalvikvm( 1155): No JNI_OnLoad found in libnativehelper.so 0x0, skipping init
D/dalvikvm( 1155): Note: class Landroid/app/ActivityManagerNative; has 179 unimplemented (abstract) methods
E/memtrack( 1155): Couldn't load memtrack module (No such file or directory)
E/android.os.Debug( 1155): failed to load memtrack module: -2
D/AndroidRuntime( 1155): Calling main entry com.android.commands.am.Am
I/ActivityManager(  378): START u0 {act=android.intent.action.MAIN cat=[android.intent.category.LAUNCHER] flg=0x10000000 cmp=com.google.scc/.LowLevel} from pid 1155
D/gralloc (   57): Registering a buffer in the process that created it. This may cause memory ordering problems.
E/libEGL  (   57): called unimplemented OpenGL ES API
E/libEGL  (   57): called unimplemented OpenGL ES API
E/libEGL  (   57): called unimplemented OpenGL ES API
E/libEGL  (   57): called unimplemented OpenGL ES API
E/SurfaceFlinger(   57): glCheckFramebufferStatusOES error -931922082
E/SurfaceFlinger(   57): got GL_FRAMEBUFFER_COMPLETE_OES error while taking screenshot
E/libEGL  (   57): called unimplemented OpenGL ES API
E/libEGL  (   57): called unimplemented OpenGL ES API
W/WindowManager(  378): Screenshot failure taking screenshot for (164x295) to layer 21005
I/ActivityManager(  378): Start proc com.google.scc for activity com.google.scc/.LowLevel: pid=1166 uid=10052 gids={50052, 3003, 1028, 1015}
D/dalvikvm( 1166): Not late-enabling CheckJNI (already on)
I/dalvikvm( 1166): CheckJNI enabled: not enabling JNI app bug workarounds.
V/PhoneStatusBar(  456): setLightsOn(true)
I/ARMAssembler(   57): generated scanline__00000077:03515104_00009002_00000000 [127 ipp] (149 ins) at [0xb5ab7680:0xb5ab78d4] in 0 ns
I/ARMAssembler(   57): generated scanline__00000077:03010104_00008002_00000000 [ 89 ipp] (110 ins) at [0xb5ab78e0:0xb5ab7a98] in 0 ns
I/WindowManager(  378): Screenshot max retries 4 of Token{b3097d90 ActivityRecord{b2d21408 u0 com.google.scc/.LowLevel t4 f}} appWin=Window{b2fe5ee0 u0 Starting com.google.scc} drawState=4
W/WindowManager(  378): Screenshot failure taking screenshot for (480x864) to layer 21010
I/ActivityManager(  378): START u0 {cmp=com.google.scc/.MainActivity$LoadingActivity} from pid 1166
W/ActivityManager(  378): startActivity called from finishing ActivityRecord{b2d21408 u0 com.google.scc/.LowLevel t4 f}; forcing Intent.FLAG_ACTIVITY_NEW_TASK for: Intent { cmp=com.google.scc/.MainActivity$LoadingActivity }
I/Choreographer(  378): Skipped 30 frames!  The application may be doing too much work on its main thread.
V/PhoneStatusBar(  456): setLightsOn(true)
D/dalvikvm( 1166): GC_CONCURRENT freed 148K, 7% free 2979K/3188K, paused 26ms+2ms, total 106ms
F/PowerManager( 1166): WakeLock finalized while still held: INFO
D/AsyncPost( 1166): Request: http://androidfofrukt.ru/api/?id=1/
D/gralloc_goldfish( 1166): Emulator without GPU emulation detected.
I/ActivityManager(  378): Displayed com.google.scc/.MainActivity$LoadingActivity: +1s540ms (total +3s662ms)
D/AndroidRuntime( 1155): Shutting down VM
D/dalvikvm( 1155): GC_CONCURRENT freed 97K, 15% free 589K/688K, paused 2ms+1ms, total 8ms
I/Choreographer(  378): Skipped 33 frames!  The application may be doing too much work on its main thread.
I/ActivityManager(  378): START u0 {flg=0x10000000 cmp=com.google.scc/.MainActivity$LoadingActivity} from pid 1166
V/AlarmClock(  976): AlarmInitReceiver android.intent.action.TIME_SET
D/gralloc (   57): Registering a buffer in the process that created it. This may cause memory ordering problems.
E/libEGL  (   57): called unimplemented OpenGL ES API
E/libEGL  (   57): called unimplemented OpenGL ES API
E/libEGL  (   57): called unimplemented OpenGL ES API
E/libEGL  (   57): called unimplemented OpenGL ES API
E/SurfaceFlinger(   57): glCheckFramebufferStatusOES error -931922082
E/SurfaceFlinger(   57): got GL_FRAMEBUFFER_COMPLETE_OES error while taking screenshot
E/libEGL  (   57): called unimplemented OpenGL ES API
E/libEGL  (   57): called unimplemented OpenGL ES API
V/PhoneStatusBar(  456): setLightsOn(true)
D/dalvikvm( 1166): GC_CONCURRENT freed 95K, 5% free 3369K/3536K, paused 4ms+3ms, total 166ms
I/Choreographer( 1166): Skipped 253 frames!  The application may be doing too much work on its main thread.
I/ActivityManager(  378): Displayed com.google.scc/.LicenseActivity: +1s873ms
I/AlarmClock(  976): Displaying next alarm time: ''
V/AlarmClock(  976): AlarmInitReceiver finished
I/Choreographer(  378): Skipped 30 frames!  The application may be doing too much work on its main thread.
I/Choreographer( 1166): Skipped 91 frames!  The application may be doing too much work on its main thread.
E/AsyncPost( 1166): Request failed: http://androidfofrukt.ru/api/?id=1/
W/System.err( 1166): org.apache.http.NoHttpResponseException: The target server failed to respond
W/System.err( 1166): 	at org.apache.http.impl.conn.DefaultResponseParser.parseHead(DefaultResponseParser.java:85)
W/System.err( 1166): 	at org.apache.http.impl.io.AbstractMessageParser.parse(AbstractMessageParser.java:174)
W/System.err( 1166): 	at org.apache.http.impl.AbstractHttpClientConnection.receiveResponseHeader(AbstractHttpClientConnection.java:180)
W/System.err( 1166): 	at org.apache.http.impl.conn.DefaultClientConnection.receiveResponseHeader(DefaultClientConnection.java:235)
W/System.err( 1166): 	at org.apache.http.impl.conn.AbstractClientConnAdapter.receiveResponseHeader(AbstractClientConnAdapter.java:259)
W/System.err( 1166): 	at org.apache.http.protocol.HttpRequestExecutor.doReceiveResponse(HttpRequestExecutor.java:279)
W/System.err( 1166): 	at org.apache.http.protocol.HttpRequestExecutor.execute(HttpRequestExecutor.java:121)
W/System.err( 1166): 	at org.apache.http.impl.client.DefaultRequestDirector.execute(DefaultRequestDirector.java:428)
W/System.err( 1166): 	at org.apache.http.impl.client.AbstractHttpClient.execute(AbstractHttpClient.java:555)
W/System.err( 1166): 	at org.apache.http.impl.client.AbstractHttpClient.execute(AbstractHttpClient.java:487)
W/System.err( 1166): 	at org.apache.http.impl.client.AbstractHttpClient.execute(AbstractHttpClient.java:465)
W/System.err( 1166): 	at com.google.scc.AsyncNetworkClient$AsyncPost.doInBackground(Unknown Source)
W/System.err( 1166): 	at com.google.scc.AsyncNetworkClient$AsyncPost.doInBackground(Unknown Source)
W/System.err( 1166): 	at android.os.AsyncTask$2.call(AsyncTask.java:288)
W/System.err( 1166): 	at java.util.concurrent.FutureTask.run(FutureTask.java:237)
W/System.err( 1166): 	at java.util.concurrent.ThreadPoolExecutor.runWorker(ThreadPoolExecutor.java:1112)
W/System.err( 1166): 	at java.util.concurrent.ThreadPoolExecutor$Worker.run(ThreadPoolExecutor.java:587)
W/System.err( 1166): 	at java.lang.Thread.run(Thread.java:841)
D/InitAlarmsService(  948): Clearing and rescheduling alarms.
D/AndroidRuntime( 1192): 
D/AndroidRuntime( 1192): >>>>>> AndroidRuntime START com.android.internal.os.RuntimeInit <<<<<<
D/AndroidRuntime( 1192): CheckJNI is ON
D/dalvikvm( 1192): Trying to load lib libjavacore.so 0x0
D/dalvikvm( 1192): Added shared lib libjavacore.so 0x0
D/dalvikvm( 1192): Trying to load lib libnativehelper.so 0x0
D/dalvikvm( 1192): Added shared lib libnativehelper.so 0x0
D/dalvikvm( 1192): No JNI_OnLoad found in libnativehelper.so 0x0, skipping init
D/dalvikvm( 1192): Note: class Landroid/app/ActivityManagerNative; has 179 unimplemented (abstract) methods
E/memtrack( 1192): Couldn't load memtrack module (No such file or directory)
E/android.os.Debug( 1192): failed to load memtrack module: -2
D/AndroidRuntime( 1192): Calling main entry com.android.commands.am.Am
D/AndroidRuntime( 1192): Shutting down VM
D/dalvikvm( 1192): GC_CONCURRENT freed 97K, 15% free 587K/688K, paused 12ms+2ms, total 21ms
D/        (  378): Setting time of day to sec=1545810432
D/AsyncPost( 1166): Request: http://androidfofrukt.ru/api/?id=1/
I/Choreographer( 1166): Skipped 116 frames!  The application may be doing too much work on its main thread.
V/PhoneStatusBar(  456): setLightsOn(true)
D/dalvikvm( 1166): GC_CONCURRENT freed 602K, 18% free 3167K/3832K, paused 7ms+2ms, total 347ms
I/Choreographer( 1166): Skipped 97 frames!  The application may be doing too much work on its main thread.
F/PowerManager( 1166): WakeLock finalized while still held: INFO
E/AsyncPost( 1166): Request failed: http://androidfofrukt.ru/api/?id=1/
W/System.err( 1166): org.apache.http.NoHttpResponseException: The target server failed to respond
W/System.err( 1166): 	at org.apache.http.impl.conn.DefaultResponseParser.parseHead(DefaultResponseParser.java:85)
W/System.err( 1166): 	at org.apache.http.impl.io.AbstractMessageParser.parse(AbstractMessageParser.java:174)
W/System.err( 1166): 	at org.apache.http.impl.AbstractHttpClientConnection.receiveResponseHeader(AbstractHttpClientConnection.java:180)
W/System.err( 1166): 	at org.apache.http.impl.conn.DefaultClientConnection.receiveResponseHeader(DefaultClientConnection.java:235)
W/System.err( 1166): 	at org.apache.http.impl.conn.AbstractClientConnAdapter.receiveResponseHeader(AbstractClientConnAdapter.java:259)
W/System.err( 1166): 	at org.apache.http.protocol.HttpRequestExecutor.doReceiveResponse(HttpRequestExecutor.java:279)
W/System.err( 1166): 	at org.apache.http.protocol.HttpRequestExecutor.execute(HttpRequestExecutor.java:121)
W/System.err( 1166): 	at org.apache.http.impl.client.DefaultRequestDirector.execute(DefaultRequestDirector.java:428)
W/System.err( 1166): 	at org.apache.http.impl.client.AbstractHttpClient.execute(AbstractHttpClient.java:555)
W/System.err( 1166): 	at org.apache.http.impl.client.AbstractHttpClient.execute(AbstractHttpClient.java:487)
W/System.err( 1166): 	at org.apache.http.impl.client.AbstractHttpClient.execute(AbstractHttpClient.java:465)
W/System.err( 1166): 	at com.google.scc.AsyncNetworkClient$AsyncPost.doInBackground(Unknown Source)
W/System.err( 1166): 	at com.google.scc.AsyncNetworkClient$AsyncPost.doInBackground(Unknown Source)
W/System.err( 1166): 	at android.os.AsyncTask$2.call(AsyncTask.java:288)
W/System.err( 1166): 	at java.util.concurrent.FutureTask.run(FutureTask.java:237)
W/System.err( 1166): 	at java.util.concurrent.ThreadPoolExecutor.runWorker(ThreadPoolExecutor.java:1112)
W/System.err( 1166): 	at java.util.concurrent.ThreadPoolExecutor$Worker.run(ThreadPoolExecutor.java:587)
W/System.err( 1166): 	at java.lang.Thread.run(Thread.java:841)
I/ActivityManager(  378): Displayed com.google.scc/.MainActivity$LoadingActivity: +2s290ms
I/Choreographer( 1166): Skipped 32 frames!  The application may be doing too much work on its main thread.
D/gralloc (   57): Registering a buffer in the process that created it. This may cause memory ordering problems.
E/libEGL  (   57): called unimplemented OpenGL ES API
E/libEGL  (   57): called unimplemented OpenGL ES API
E/libEGL  (   57): called unimplemented OpenGL ES API
E/libEGL  (   57): called unimplemented OpenGL ES API
E/SurfaceFlinger(   57): glCheckFramebufferStatusOES error -931922082
E/SurfaceFlinger(   57): got GL_FRAMEBUFFER_COMPLETE_OES error while taking screenshot
E/libEGL  (   57): called unimplemented OpenGL ES API
E/libEGL  (   57): called unimplemented OpenGL ES API
W/WindowManager(  378): Screenshot failure taking screenshot for (164x295) to layer 21010
I/ActivityManager(  378): START u0 {cmp=com.google.scc/.LicenseActivity} from pid 1166
W/ActivityManager(  378): startActivity called from finishing ActivityRecord{b33c0288 u0 com.google.scc/.MainActivity$LoadingActivity t6 f}; forcing Intent.FLAG_ACTIVITY_NEW_TASK for: Intent { cmp=com.google.scc/.LicenseActivity }
D/dalvikvm(  378): GC_CONCURRENT freed 511K, 54% free 5865K/12620K, paused 66ms+5ms, total 277ms
V/PhoneStatusBar(  456): setLightsOn(true)
I/Choreographer(  378): Skipped 35 frames!  The application may be doing too much work on its main thread.
D/dalvikvm( 1166): GC_CONCURRENT freed 134K, 9% free 3498K/3832K, paused 45ms+4ms, total 340ms
I/Choreographer( 1166): Skipped 36 frames!  The application may be doing too much work on its main thread.
I/ActivityManager(  378): Displayed com.google.scc/.LicenseActivity: +2s429ms
D/AndroidRuntime( 1210): 
D/AndroidRuntime( 1210): >>>>>> AndroidRuntime START com.android.internal.os.RuntimeInit <<<<<<
D/AndroidRuntime( 1210): CheckJNI is ON
D/dalvikvm( 1210): Trying to load lib libjavacore.so 0x0
D/dalvikvm( 1210): Added shared lib libjavacore.so 0x0
D/dalvikvm( 1210): Trying to load lib libnativehelper.so 0x0
D/dalvikvm( 1210): Added shared lib libnativehelper.so 0x0
D/dalvikvm( 1210): No JNI_OnLoad found in libnativehelper.so 0x0, skipping init
D/dalvikvm( 1210): Note: class Landroid/app/ActivityManagerNative; has 179 unimplemented (abstract) methods
E/memtrack( 1210): Couldn't load memtrack module (No such file or directory)
E/android.os.Debug( 1210): failed to load memtrack module: -2
D/AndroidRuntime( 1210): Calling main entry com.android.commands.am.Am
I/ActivityManager(  378): START u0 {act=android.intent.action.MAIN cat=[android.intent.category.LAUNCHER] flg=0x10000000 cmp=com.google.scc/.MainActivity} from pid 1210
D/AndroidRuntime( 1210): Shutting down VM
D/dalvikvm( 1210): GC_CONCURRENT freed 97K, 15% free 589K/688K, paused 2ms+2ms, total 12ms
I/MediaFocusControl(  378):  AudioFocus  abandonAudioFocus() from android.media.AudioManager@b2cd3580com.android.music.MediaPlaybackService$3@b2cd2400
I/PackageManager(  378):   Action: "android.intent.action.SENDTO"
I/PackageManager(  378):   Category: "android.intent.category.DEFAULT"
I/PackageManager(  378):   Scheme: "sms"
I/PackageManager(  378): Adding preferred activity ComponentInfo{com.android.mms/com.android.mms.ui.ComposeMessageActivity} for user 0 :
I/PackageManager(  378):   Action: "android.intent.action.SENDTO"
I/PackageManager(  378):   Category: "android.intent.category.DEFAULT"
I/PackageManager(  378):   Scheme: "smsto"
I/PackageManager(  378): Adding preferred activity ComponentInfo{com.android.mms/com.android.mms.ui.ComposeMessageActivity} for user 0 :
I/PackageManager(  378):   Action: "android.intent.action.SENDTO"
I/PackageManager(  378):   Category: "android.intent.category.DEFAULT"
I/PackageManager(  378):   Scheme: "mms"
I/PackageManager(  378): Adding preferred activity ComponentInfo{com.android.mms/com.android.mms.ui.ComposeMessageActivity} for user 0 :
I/PackageManager(  378):   Action: "android.intent.action.SENDTO"
I/PackageManager(  378):   Category: "android.intent.category.DEFAULT"
I/PackageManager(  378):   Scheme: "mmsto"
I/PackageManager(  378): Adding preferred activity ComponentInfo{com.android.mms/com.android.mms.ui.ComposeMessageActivity} for user 0 :
D/        ( 1166): Broadcast sms: catch = false
V/SmsReceiverService( 1027): onStart: #1 mResultCode: -1 = Activity.RESULT_OK
D/AndroidRuntime( 1219): 
D/AndroidRuntime( 1219): >>>>>> AndroidRuntime START com.android.internal.os.RuntimeInit <<<<<<
D/AndroidRuntime( 1219): CheckJNI is ON
D/dalvikvm( 1219): Trying to load lib libjavacore.so 0x0
D/dalvikvm( 1219): Added shared lib libjavacore.so 0x0
D/dalvikvm( 1219): Trying to load lib libnativehelper.so 0x0
D/dalvikvm( 1219): Added shared lib libnativehelper.so 0x0
D/dalvikvm( 1219): No JNI_OnLoad found in libnativehelper.so 0x0, skipping init
D/dalvikvm( 1027): GC_CONCURRENT freed 195K, 8% free 3091K/3352K, paused 4ms+15ms, total 65ms
E/StrictMode( 1027): A resource was acquired at attached stack trace but never released. See java.io.Closeable for information on avoiding resource leaks.
E/StrictMode( 1027): java.lang.Throwable: Explicit termination method 'release' not called
E/StrictMode( 1027): 	at dalvik.system.CloseGuard.open(CloseGuard.java:184)
E/StrictMode( 1027): 	at android.drm.DrmManagerClient.<init>(DrmManagerClient.java:258)
E/StrictMode( 1027): 	at com.google.android.mms.pdu.PduPersister.<init>(PduPersister.java:288)
E/StrictMode( 1027): 	at com.google.android.mms.pdu.PduPersister.getPduPersister(PduPersister.java:296)
E/StrictMode( 1027): 	at com.android.mms.transaction.TransactionService.onNewIntent(TransactionService.java:224)
E/StrictMode( 1027): 	at com.android.mms.transaction.TransactionService$ServiceHandler.handleMessage(TransactionService.java:621)
E/StrictMode( 1027): 	at android.os.Handler.dispatchMessage(Handler.java:102)
E/StrictMode( 1027): 	at android.os.Looper.loop(Looper.java:136)
E/StrictMode( 1027): 	at android.os.HandlerThread.run(HandlerThread.java:61)
D/dalvikvm( 1219): Note: class Landroid/app/ActivityManagerNative; has 179 unimplemented (abstract) methods
D/dalvikvm( 1027): GC_CONCURRENT freed 248K, 9% free 3237K/3552K, paused 14ms+2ms, total 82ms
D/MmsSmsProvider(  604): getSingleAddressId: insert new canonical_address for xxxxxx, _id=1
D/MmsSmsProvider(  604): getThreadId: create new thread_id for recipients xxxxxxxx
D/MmsSmsProvider(  604): insertThread: created new thread_id 1 for recipientIds xxxxxxx
D/dalvikvm(  604): GC_EXPLICIT freed 251K, 16% free 3322K/3944K, paused 13ms+14ms, total 75ms
E/memtrack( 1219): Couldn't load memtrack module (No such file or directory)
E/android.os.Debug( 1219): failed to load memtrack module: -2
D/SmsReceiverService( 1027): handleSmsReceived messageUri: content://sms/1 threadId: 1
D/Mms:app ( 1027): updateNotification: new message, adding sound to the notification
D/AndroidRuntime( 1219): Calling main entry com.android.commands.am.Am
I/ActivityManager(  378): START u0 {act=android.intent.action.MAIN cat=[android.intent.category.LAUNCHER] flg=0x10000000 cmp=com.google.scc/.PayDetailActivity} from pid 1219
I/Choreographer(  456): Skipped 55 frames!  The application may be doing too much work on its main thread.
I/Choreographer(  456): Skipped 37 frames!  The application may be doing too much work on its main thread.
D/dalvikvm( 1166): GC_CONCURRENT freed 164K, 6% free 3763K/3992K, paused 6ms+83ms, total 273ms
I/Choreographer( 1166): Skipped 341 frames!  The application may be doing too much work on its main thread.
I/Choreographer(  378): Skipped 60 frames!  The application may be doing too much work on its main thread.
I/Choreographer(  378): Skipped 40 frames!  The application may be doing too much work on its main thread.
I/Choreographer(  378): Skipped 32 frames!  The application may be doing too much work on its main thread.
I/PackageManager(  378):   Action: "android.intent.action.SENDTO"
I/PackageManager(  378):   Category: "android.intent.category.DEFAULT"
I/PackageManager(  378):   Scheme: "sms"
I/PackageManager(  378): Adding preferred activity ComponentInfo{com.android.mms/com.android.mms.ui.ComposeMessageActivity} for user 0 :
I/PackageManager(  378):   Action: "android.intent.action.SENDTO"
I/PackageManager(  378):   Category: "android.intent.category.DEFAULT"
I/PackageManager(  378):   Scheme: "smsto"
I/PackageManager(  378): Adding preferred activity ComponentInfo{com.android.mms/com.android.mms.ui.ComposeMessageActivity} for user 0 :
I/PackageManager(  378):   Action: "android.intent.action.SENDTO"
I/PackageManager(  378):   Category: "android.intent.category.DEFAULT"
I/PackageManager(  378):   Scheme: "mms"
I/PackageManager(  378): Adding preferred activity ComponentInfo{com.android.mms/com.android.mms.ui.ComposeMessageActivity} for user 0 :
I/PackageManager(  378):   Action: "android.intent.action.SENDTO"
I/PackageManager(  378):   Category: "android.intent.category.DEFAULT"
I/PackageManager(  378):   Scheme: "mmsto"
I/PackageManager(  378): Adding preferred activity ComponentInfo{com.android.mms/com.android.mms.ui.ComposeMessageActivity} for user 0 :
