D/dalvikvm(   59): GC_EXPLICIT freed 39K, 4% free 2705K/2816K, paused 3ms+12ms, total 59ms
I/ActivityManager(  356): Start proc com.android.providers.calendar for content provider com.android.providers.calendar/.CalendarProvider2: pid=975 uid=10001 gids={50001, 3003, 1028, 1015}
D/dalvikvm(   59): GC_EXPLICIT freed <1K, 4% free 2705K/2816K, paused 2ms+2ms, total 43ms
D/dalvikvm(   59): GC_EXPLICIT freed <1K, 4% free 2705K/2816K, paused 14ms+12ms, total 54ms
E/logwrapper(  990): executing /system/bin/ip failed: No such file or directory
E/ConnectivityService(  356): Exception trying to add a route: java.lang.IllegalStateException: command '45 interface fwmark exempt add 10.0.2.2/32' failed with '400 45 Failed to add exemption rule (File exists)'
E/logwrapper(  991): executing /system/bin/ip failed: No such file or directory
E/ConnectivityService(  356): Exception trying to add a route: java.lang.IllegalStateException: command '47 interface fwmark exempt add 172.217.23.14/32' failed with '400 47 Failed to add exemption rule (File exists)'
D/ConnectivityService(  356): requestRouteToHostAddress ok=false
D/ConnectivityService(  356): [CheckMp] isMobileOk: could not establish route to hostAddr=clients3.google.com/172.217.23.14
I/CalendarDatabaseHelper(  975): Bootstrapping database
W/ActivityManager(  356): Unable to start service Intent { cmp=com.android.email/.service.AttachmentDownloadService } U=0: not found
W/ActivityManager(  356): Unable to start service Intent { cmp=com.android.email/.service.AttachmentDownloadService } U=0: not found
I/ContactsProvider(  547): Upgrading aggregation algorithm
I/CalendarProvider2(  975): Created com.android.providers.calendar.CalendarAlarmManager@b2d696f0(com.android.providers.calendar.CalendarProvider2@b2d55dc8)
D/dalvikvm(  930): GC_FOR_ALLOC freed 301K, 12% free 2911K/3284K, paused 168ms, total 168ms
W/ActivityManager(  356): Unable to start service Intent { cmp=com.android.email/.service.AttachmentDownloadService } U=0: not found
I/ContactAggregator(  547): Marked all visible contacts for aggregation: 0 raw contacts, 54 ms
I/ContactsProvider(  547): Aggregation algorithm upgraded for 0 raw contacts in 134ms
I/Email   (  930): Observing account changes for notifications
W/RecognitionManagerService(  356): no available voice recognition services found for user 0
D/GpsLocationProvider(  356): NTP server returned: 1545891861287 (Thu Dec 27 01:24:21 EST 2018) reference: 72083 certainty: 10 system time offset: -37784
D/dalvikvm(  547): GC_CONCURRENT freed 260K, 10% free 3084K/3412K, paused 3ms+2ms, total 45ms
D/dalvikvm(  930): GC_CONCURRENT freed 45K, 12% free 2901K/3284K, paused 22ms+4ms, total 53ms
I/ContactsFTS(  547): Rebuild contact search index in 387ms, 0 contacts
V/AlarmClock(  965): AlarmInitReceiver android.intent.action.TIMEZONE_CHANGED
D/dalvikvm(  356): GC_CONCURRENT freed 570K, 55% free 5739K/12732K, paused 5ms+5ms, total 65ms
I/AlarmClock(  965): Alarms Table created
I/AlarmClock(  965): Instance table created
I/AlarmClock(  965): Cities table created
I/AlarmClock(  965): Inserting default alarms
I/AlarmClock(  965): Displaying next alarm time: ''
W/BackupManagerService(  356): dataChanged but no participant pkg='com.android.providers.settings' uid=10020
V/AlarmClock(  965): AlarmInitReceiver finished
E/BluetoothAdapter(  612): Bluetooth binder is null
E/BluetoothAdapter(  612): Bluetooth binder is null
I/CalendarProvider2(  975): Sending notification intent: Intent { act=android.intent.action.PROVIDER_CHANGED dat=content://com.android.calendar }
W/ContentResolver(  975): Failed to get type for: content://com.android.calendar (Unknown URL content://com.android.calendar)
I/ActivityManager(  356): Start proc com.android.dialer for broadcast com.android.dialer/.calllog.CallLogReceiver: pid=1001 uid=10004 gids={50004, 3003, 1028, 1015}
D/ExtensionsFactory( 1001): No custom extensions.
E/BluetoothAdapter(  356): Bluetooth binder is null
E/BluetoothAdapter(  356): Bluetooth binder is null
V/WiredAccessoryManager(  356): init()
E/SoundPool(  356): error loading /system/media/audio/ui/Effect_Tick.ogg
W/AudioService(  356): Soundpool could not load file: /system/media/audio/ui/Effect_Tick.ogg
E/SoundPool(  356): error loading /system/media/audio/ui/Effect_Tick.ogg
W/AudioService(  356): Soundpool could not load file: /system/media/audio/ui/Effect_Tick.ogg
E/SoundPool(  356): error loading /system/media/audio/ui/Effect_Tick.ogg
W/AudioService(  356): Soundpool could not load file: /system/media/audio/ui/Effect_Tick.ogg
E/SoundPool(  356): error loading /system/media/audio/ui/Effect_Tick.ogg
W/AudioService(  356): Soundpool could not load file: /system/media/audio/ui/Effect_Tick.ogg
E/SoundPool(  356): error loading /system/media/audio/ui/Effect_Tick.ogg
W/AudioService(  356): Soundpool could not load file: /system/media/audio/ui/Effect_Tick.ogg
E/SoundPool(  356): error loading /system/media/audio/ui/KeypressStandard.ogg
W/AudioService(  356): Soundpool could not load file: /system/media/audio/ui/KeypressStandard.ogg
E/SoundPool(  356): error loading /system/media/audio/ui/KeypressSpacebar.ogg
W/AudioService(  356): Soundpool could not load file: /system/media/audio/ui/KeypressSpacebar.ogg
E/SoundPool(  356): error loading /system/media/audio/ui/KeypressDelete.ogg
W/AudioService(  356): Soundpool could not load file: /system/media/audio/ui/KeypressDelete.ogg
E/SoundPool(  356): error loading /system/media/audio/ui/KeypressReturn.ogg
W/AudioService(  356): Soundpool could not load file: /system/media/audio/ui/KeypressReturn.ogg
E/SoundPool(  356): error loading /system/media/audio/ui/KeypressInvalid.ogg
W/AudioService(  356): Soundpool could not load file: /system/media/audio/ui/KeypressInvalid.ogg
I/PowerManagerService(  356): Boot animation finished.
W/AudioService(  356): onLoadSoundEffects(), Error -1 while loading samples
I/RecoverySystem(  356): No recovery log file
I/BootReceiver(  356): Copying audit failures to DropBox
I/BootReceiver(  356): Checking for fsck errors
I/ActivityManager(  356): Start proc com.android.mms for broadcast com.android.mms/.transaction.MmsSystemEventReceiver: pid=1026 uid=10009 gids={50009, 3003, 1028, 1015}
I/MediaProvider(  616): Upgrading media database from version 0 to 700, which will destroy all old data
D/CountryDetector(  356): The first listener is added
V/MmsConfig( 1026): mnc/mcc: 310260
V/MmsConfig( 1026): tag: bool value: enabledMMS - true
V/MmsConfig( 1026): tag: int value: maxMessageSize - 307200
V/MmsConfig( 1026): tag: int value: maxImageHeight - 480
V/MmsConfig( 1026): tag: int value: maxImageWidth - 640
V/MmsConfig( 1026): tag: int value: defaultSMSMessagesPerThread - 10000
V/MmsConfig( 1026): tag: int value: defaultMMSMessagesPerThread - 1000
V/MmsConfig( 1026): tag: int value: minMessageCountPerThread - 10
V/MmsConfig( 1026): tag: int value: maxMessageCountPerThread - 5000
V/MmsConfig( 1026): tag: string value: uaProfUrl - http://www.google.com/oha/rdf/ua-profile-kila.xml
V/MmsConfig( 1026): tag: int value: recipientLimit - -1
V/MmsConfig( 1026): tag: bool value: enableMultipartSMS - true
V/MmsConfig( 1026): tag: int value: smsToMmsTextThreshold - -1
V/MmsConfig( 1026): tag: bool value: enableSlideDuration - true
V/MmsConfig( 1026): tag: int value: maxMessageTextSize - -1
I/ActivityManager(  356): Delay finish: com.android.mms/.transaction.MmsSystemEventReceiver
D/Mms:app ( 1026): cancelNotification
E/logwrapper( 1051): executing /system/bin/ip failed: No such file or directory
E/ConnectivityService(  356): Exception trying to add a route: java.lang.IllegalStateException: command '49 interface fwmark exempt add 10.0.2.2/32' failed with '400 49 Failed to add exemption rule (File exists)'
E/logwrapper( 1052): executing /system/bin/ip failed: No such file or directory
E/ConnectivityService(  356): Exception trying to add a route: java.lang.IllegalStateException: command '51 interface fwmark exempt add 172.217.23.14/32' failed with '400 51 Failed to add exemption rule (File exists)'
D/ConnectivityService(  356): requestRouteToHostAddress ok=false
D/ConnectivityService(  356): [CheckMp] isMobileOk: could not establish route to hostAddr=clients3.google.com/172.217.23.14
I/ActivityManager(  356): Resuming delayed broadcast
I/ActivityManager(  356): Delay finish: com.android.mms/.transaction.SmsReceiver
D/MmsSmsDatabaseHelper(  600): [MmsSmsDb] tableName: threads hasAutoIncrement: CREATE TABLE threads (_id INTEGER PRIMARY KEY AUTOINCREMENT,date INTEGER DEFAULT 0,message_count INTEGER DEFAULT 0,recipient_ids TEXT,snippet TEXT,snippet_cs INTEGER DEFAULT 0,read INTEGER DEFAULT 1,type INTEGER DEFAULT 0,error INTEGER DEFAULT 0,has_attachment INTEGER DEFAULT 0) result: true
D/MmsSmsDatabaseHelper(  600): [MmsSmsDb] tableName: canonical_addresses hasAutoIncrement: CREATE TABLE canonical_addresses (_id INTEGER PRIMARY KEY AUTOINCREMENT,address TEXT) result: true
D/MmsSmsDatabaseHelper(  600): [MmsSmsDb] tableName: part hasAutoIncrement: CREATE TABLE part (_id INTEGER PRIMARY KEY AUTOINCREMENT,mid INTEGER,seq INTEGER DEFAULT 0,ct TEXT,name TEXT,chset INTEGER,cd TEXT,fn TEXT,cid TEXT,cl TEXT,ctt_s INTEGER,ctt_t TEXT,_data TEXT,text TEXT) result: true
D/MmsSmsDatabaseHelper(  600): [MmsSmsDb] tableName: pdu hasAutoIncrement: CREATE TABLE pdu (_id INTEGER PRIMARY KEY AUTOINCREMENT,thread_id INTEGER,date INTEGER,date_sent INTEGER DEFAULT 0,msg_box INTEGER,read INTEGER DEFAULT 0,m_id TEXT,sub TEXT,sub_cs INTEGER,ct_t TEXT,ct_l TEXT,exp INTEGER,m_cls TEXT,m_type INTEGER,v INTEGER,m_size INTEGER,pri INTEGER,rr INTEGER,rpt_a INTEGER,resp_st INTEGER,st INTEGER,tr_id TEXT,retr_st INTEGER,retr_txt TEXT,retr_txt_cs INTEGER,read_status INTEGER,ct_cls INTEGER,resp_txt TEXT,d_tm INTEGER,d_rpt INTEGER,locked INTEGER DEFAULT 0,seen INTEGER DEFAULT 0,text_only INTEGER DEFAULT 0) result: true
D/MmsSmsDatabaseHelper(  600): [getWritableDatabase] hasAutoIncrementThreads: true hasAutoIncrementAddresses: true hasAutoIncrementPart: true hasAutoIncrementPdu: true
D/Mms:app ( 1026): cancelNotification
I/ActivityManager(  356): Resuming delayed broadcast
D/AlertReceiver(  943): onReceive: a=android.intent.action.BOOT_COMPLETED Intent { act=android.intent.action.BOOT_COMPLETED flg=0x8000010 cmp=com.android.calendar/.alerts.AlertReceiver (has extras) }
I/ActivityManager(  356): Delay finish: com.android.calendar/.alerts.AlertReceiver
D/AlertUtils(  943): Flushing old alerts from shared prefs table
D/dalvikvm(  356): GC_CONCURRENT freed 688K, 56% free 5686K/12732K, paused 16ms+4ms, total 75ms
D/AlertService(  943): 0 Action = android.intent.action.BOOT_COMPLETED
D/AlertService(  943): Scheduling next alarm with AlarmScheduler. sEventReminderReceived: null
D/dalvikvm(  943): GC_CONCURRENT freed 284K, 12% free 2833K/3192K, paused 5ms+2ms, total 166ms
D/AlarmScheduler(  943): No events found starting within 1 week.
E/SQLiteLog(  616): (1) no such table: files
E/WVMExtractor(   61): Failed to open libwvm.so
D/dalvikvm(  616): GC_CONCURRENT freed 248K, 10% free 3029K/3344K, paused 4ms+3ms, total 34ms
V/MediaScanner(  616): pruneDeadThumbnailFiles... android.database.sqlite.SQLiteCursor@b2dace30
V/MediaScanner(  616): /pruneDeadThumbnailFiles... android.database.sqlite.SQLiteCursor@b2dace30
E/MetadataRetrieverClient(   61): failed to extract an album art
I/ActivityManager(  356): Resuming delayed broadcast
V/AlarmClock(  965): AlarmInitReceiver android.intent.action.BOOT_COMPLETED
V/AlarmClock(  965): AlarmInitReceiver - Reset timers and clear stopwatch data
V/AlarmClock(  965): AlarmInitReceiver - resetting volume button default
I/AlarmClock(  965): Displaying next alarm time: ''
V/AlarmClock(  965): AlarmInitReceiver finished
D/dalvikvm(  965): GC_CONCURRENT freed 388K, 14% free 2821K/3280K, paused 4ms+5ms, total 105ms
D/dalvikvm(  965): WAIT_FOR_CONCURRENT_GC blocked 46ms
I/ActivityManager(  356): Delay finish: com.android.email/.service.EmailUpgradeBroadcastReceiver
I/ActivityManager(  356): Resuming delayed broadcast
I/Email   (  930): Onetime initialization: 1
I/Email   (  930): Onetime initialization: 2
I/ActivityManager(  356): Delay finish: com.android.email/.service.EmailBroadcastReceiver
I/Email   (  930): Onetime initialization: completed.
I/ActivityManager(  356): Delaying start of: ServiceRecord{b2db73f0 u0 com.android.exchange/.service.EmailSyncAdapterService}
I/ActivityManager(  356): Resuming delayed broadcast
I/LauncherIconVisibilityManager(  587): Boot has been completed
I/LauncherIconVisibilityManager(  587): Disable activity: ComponentInfo{com.android.inputmethod.latin/com.android.inputmethod.latin.setup.SetupActivity}
E/BluetoothAdapter(  612): Bluetooth binder is null
I/ActivityManager(  356): Delay finish: com.android.deskclock/com.android.alarmclock.AnalogAppWidgetProvider
I/ActivityManager(  356): Resuming delayed broadcast
W/BroadcastQueue(  356): Permission Denial: broadcasting Intent { act=android.appwidget.action.APPWIDGET_UPDATE_OPTIONS flg=0x10 cmp=com.android.settings/.widget.SettingsAppWidgetProvider (has extras) } from android (pid=675, uid=10008) is not exported from uid 1000 due to receiver com.android.settings/.widget.SettingsAppWidgetProvider
I/ActivityManager(  356): Delay finish: com.android.providers.contacts/.PackageIntentReceiver
D/dalvikvm( 1026): GC_CONCURRENT freed 228K, 10% free 2883K/3184K, paused 21ms+52ms, total 219ms
E/StrictMode( 1026): A resource was acquired at attached stack trace but never released. See java.io.Closeable for information on avoiding resource leaks.
E/StrictMode( 1026): java.lang.Throwable: Explicit termination method 'release' not called
E/StrictMode( 1026): 	at dalvik.system.CloseGuard.open(CloseGuard.java:184)
E/StrictMode( 1026): 	at android.drm.DrmManagerClient.<init>(DrmManagerClient.java:258)
E/StrictMode( 1026): 	at com.google.android.mms.pdu.PduPersister.<init>(PduPersister.java:288)
E/StrictMode( 1026): 	at com.google.android.mms.pdu.PduPersister.getPduPersister(PduPersister.java:296)
E/StrictMode( 1026): 	at com.android.mms.transaction.TransactionService.onNewIntent(TransactionService.java:224)
E/StrictMode( 1026): 	at com.android.mms.transaction.TransactionService$ServiceHandler.handleMessage(TransactionService.java:621)
E/StrictMode( 1026): 	at android.os.Handler.dispatchMessage(Handler.java:102)
E/StrictMode( 1026): 	at android.os.Looper.loop(Looper.java:136)
E/StrictMode( 1026): 	at android.os.HandlerThread.run(HandlerThread.java:61)
D/ConnectivityService(  356): [CheckMp] isMobileOk: too many loops tried - giving up
D/ConnectivityService(  356): [CheckMp] isMobileOk: X loops|timed out result=0
D/ConnectivityService(  356): [CheckMp] isMobileOk: F stop hipri
D/MobileDataStateTracker(  356): default: setEnableFailFastMobileData(enabled=0)
D/ConnectivityService(  356): stopUsingNetworkFeature: teardown net 0: enableHIPRI
D/MobileDataStateTracker(  356): hipri: Broadcast received: android.intent.action.ANY_DATA_STATE apnType=hipri
D/MobileDataStateTracker(  356): hipri: Received state=DISCONNECTED, old=CONNECTED, reason=dataDisabled
D/MobileDataStateTracker(  356): hipri: setDetailed state, old =CONNECTED and new state=DISCONNECTED
D/ConnectivityService(  356): ConnectivityChange for mobile_hipri: DISCONNECTED/DISCONNECTED
E/logwrapper( 1074): executing /system/bin/ip failed: No such file or directory
E/SecondaryTablController(   54): ip route del failed: /system/bin/ip route del 10.0.2.2/32 via 0.0.0.0 dev eth0 table 60
W/FrameworkListener(   54): Handler 'interface' error (No such device)
E/logwrapper( 1075): executing /system/bin/ip failed: No such file or directory
E/SecondaryTablController(   54): ip route del failed: /system/bin/ip route del 0.0.0.0/0 via 10.0.2.2 dev eth0 table 60
W/FrameworkListener(   54): Handler 'interface' error (No such device)
D/Nat464Xlat(  356): requiresClat: netType=5, hasIPv4Address=true
D/MobileDataStateTracker(  356): default: setPolicyDataEnable(enabled=true)
I/ActivityManager(  356): Resuming delayed broadcast
I/ActivityManager(  356): Start proc com.svox.pico for broadcast com.svox.pico/.VoiceDataInstallerReceiver: pid=1077 uid=10037 gids={50037, 1028, 1015}
D/AlertReceiver(  943): onReceive: a=android.intent.action.PROVIDER_CHANGED Intent { act=android.intent.action.PROVIDER_CHANGED dat=content://com.android.calendar flg=0x10 cmp=com.android.calendar/.alerts.AlertReceiver }
I/ActivityManager(  356): Delay finish: com.android.calendar/.alerts.AlertReceiver
D/AlertService(  943): 0 Action = android.intent.action.PROVIDER_CHANGED
E/NetdConnector(  356): NDC Command {59 bandwidth removeiquota eth0} took too long (921ms)
E/NetdConnector(  356): NDC Command {60 bandwidth gettetherstats} took too long (878ms)
D/dalvikvm(  356): GC_CONCURRENT freed 593K, 55% free 5800K/12732K, paused 6ms+6ms, total 287ms
D/dalvikvm(  356): GC_CONCURRENT freed 747K, 55% free 5757K/12732K, paused 7ms+16ms, total 177ms
E/NetdConnector(  356): NDC Command {61 bandwidth setiquota eth0 9223372036854775807} took too long (1618ms)
D/dalvikvm(  356): GC_CONCURRENT freed 712K, 56% free 5725K/12732K, paused 16ms+15ms, total 130ms
D/MobileDataStateTracker(  356): default: setPolicyDataEnable(enabled=true)
D/Tethering(  356): MasterInitialState.processMessage what=3
D/CaptivePortalTracker(  356): NoActiveNetworkState{ when=-3ms what=1 obj=NetworkInfo: type: mobile_hipri[UMTS], state: DISCONNECTED/DISCONNECTED, reason: dataDisabled, extra: epc.tmobile.com, roaming: false, failover: false, isAvailable: true, isConnectedToProvisioningNetwork: false target=com.android.internal.util.StateMachine$SmHandler }
D/CaptivePortalTracker(  356): NoActiveNetworkState not a wifi connectivity change, ignore
D/Tethering(  356): MasterInitialState.processMessage what=3
D/CaptivePortalTracker(  356): NoActiveNetworkState{ when=-1ms what=1 obj=NetworkInfo: type: mobile[UMTS], state: CONNECTED/CONNECTED, reason: connected, extra: epc.tmobile.com, roaming: false, failover: false, isAvailable: true, isConnectedToProvisioningNetwork: false target=com.android.internal.util.StateMachine$SmHandler }
D/CaptivePortalTracker(  356): NoActiveNetworkState not a wifi connectivity change, ignore
E/NetdConnector(  356): NDC Command {62 bandwidth removeiquota eth0} took too long (675ms)
D/dalvikvm(  356): GC_CONCURRENT freed 686K, 56% free 5696K/12732K, paused 20ms+4ms, total 153ms
I/InputReader(  356): Reconfiguring input devices.  changes=0x00000010
I/InputReader(  356): Reconfiguring input devices.  changes=0x00000010
I/InputReader(  356): Reconfiguring input devices.  changes=0x00000010
I/PackageManager(  356):   Action: "android.intent.action.SENDTO"
I/PackageManager(  356):   Category: "android.intent.category.DEFAULT"
I/PackageManager(  356):   Scheme: "sms"
I/PackageManager(  356): Adding preferred activity ComponentInfo{com.android.mms/com.android.mms.ui.ComposeMessageActivity} for user 0 :
D/dalvikvm(  600): GC_CONCURRENT freed 416K, 14% free 3350K/3872K, paused 5ms+2ms, total 191ms
I/PackageManager(  356):   Action: "android.intent.action.SENDTO"
I/PackageManager(  356):   Category: "android.intent.category.DEFAULT"
I/PackageManager(  356):   Scheme: "smsto"
I/PackageManager(  356): Adding preferred activity ComponentInfo{com.android.mms/com.android.mms.ui.ComposeMessageActivity} for user 0 :
I/PackageManager(  356):   Action: "android.intent.action.SENDTO"
I/PackageManager(  356):   Category: "android.intent.category.DEFAULT"
I/PackageManager(  356):   Scheme: "mms"
I/PackageManager(  356): Adding preferred activity ComponentInfo{com.android.mms/com.android.mms.ui.ComposeMessageActivity} for user 0 :
I/PackageManager(  356):   Action: "android.intent.action.SENDTO"
I/PackageManager(  356):   Category: "android.intent.category.DEFAULT"
I/PackageManager(  356):   Scheme: "mmsto"
I/PackageManager(  356): Adding preferred activity ComponentInfo{com.android.mms/com.android.mms.ui.ComposeMessageActivity} for user 0 :
D/dalvikvm(  356): GC_CONCURRENT freed 696K, 55% free 5760K/12732K, paused 63ms+31ms, total 408ms
D/dalvikvm(  356): WAIT_FOR_CONCURRENT_GC blocked 114ms
E/NetdConnector(  356): NDC Command {63 bandwidth setiquota eth0 9223372036854775807} took too long (1522ms)
I/PackageManager(  356):   Action: "android.intent.action.SENDTO"
I/PackageManager(  356):   Category: "android.intent.category.DEFAULT"
I/PackageManager(  356):   Scheme: "sms"
I/PackageManager(  356): Adding preferred activity ComponentInfo{com.android.mms/com.android.mms.ui.ComposeMessageActivity} for user 0 :
I/PackageManager(  356):   Action: "android.intent.action.SENDTO"
I/PackageManager(  356):   Category: "android.intent.category.DEFAULT"
I/PackageManager(  356):   Scheme: "smsto"
I/PackageManager(  356): Adding preferred activity ComponentInfo{com.android.mms/com.android.mms.ui.ComposeMessageActivity} for user 0 :
D/MobileDataStateTracker(  356): default: setPolicyDataEnable(enabled=true)
I/PackageManager(  356):   Action: "android.intent.action.SENDTO"
I/PackageManager(  356):   Category: "android.intent.category.DEFAULT"
I/PackageManager(  356):   Scheme: "mms"
I/PackageManager(  356): Adding preferred activity ComponentInfo{com.android.mms/com.android.mms.ui.ComposeMessageActivity} for user 0 :
D/MobileDataStateTracker(  356): default: setPolicyDataEnable(enabled=true)
D/dalvikvm(  600): GC_CONCURRENT freed 447K, 14% free 3403K/3928K, paused 5ms+2ms, total 85ms
D/dalvikvm(  600): WAIT_FOR_CONCURRENT_GC blocked 7ms
I/PackageManager(  356): Adding preferred activity ComponentInfo{com.android.mms/com.android.mms.ui.ComposeMessageActivity} for user 0 :
I/PackageManager(  356):   Action: "android.intent.action.SENDTO"
I/PackageManager(  356):   Category: "android.intent.category.DEFAULT"
I/PackageManager(  356):   Scheme: "mmsto"
I/PackageManager(  356):   Action: "android.intent.action.SENDTO"
I/PackageManager(  356):   Category: "android.intent.category.DEFAULT"
I/PackageManager(  356):   Scheme: "sms"
I/PackageManager(  356): Adding preferred activity ComponentInfo{com.android.mms/com.android.mms.ui.ComposeMessageActivity} for user 0 :
I/PackageManager(  356):   Action: "android.intent.action.SENDTO"
I/PackageManager(  356):   Category: "android.intent.category.DEFAULT"
I/PackageManager(  356):   Scheme: "smsto"
I/PackageManager(  356): Adding preferred activity ComponentInfo{com.android.mms/com.android.mms.ui.ComposeMessageActivity} for user 0 :
D/ConnectivityService(  356): [CheckMp] isMobileOk: X result=0
D/ConnectivityService(  356): [CheckMp] onPostExecute: result=0
D/ConnectivityService(  356): CheckMp.onComplete: result=0
D/ConnectivityService(  356): CheckMp.onComplete: ignore, connected or no connection
I/PackageManager(  356):   Action: "android.intent.action.SENDTO"
I/PackageManager(  356):   Category: "android.intent.category.DEFAULT"
I/PackageManager(  356):   Scheme: "mms"
I/PackageManager(  356): Adding preferred activity ComponentInfo{com.android.mms/com.android.mms.ui.ComposeMessageActivity} for user 0 :
D/dalvikvm(  356): GC_CONCURRENT freed 768K, 55% free 5757K/12732K, paused 8ms+5ms, total 104ms
D/dalvikvm(  356): WAIT_FOR_CONCURRENT_GC blocked 46ms
I/PackageManager(  356):   Action: "android.intent.action.SENDTO"
I/PackageManager(  356):   Category: "android.intent.category.DEFAULT"
I/PackageManager(  356):   Scheme: "mmsto"
I/PackageManager(  356): Adding preferred activity ComponentInfo{com.android.mms/com.android.mms.ui.ComposeMessageActivity} for user 0 :
I/PackageManager(  356):   Action: "android.intent.action.SENDTO"
I/PackageManager(  356):   Category: "android.intent.category.DEFAULT"
I/PackageManager(  356):   Scheme: "sms"
I/PackageManager(  356): Adding preferred activity ComponentInfo{com.android.mms/com.android.mms.ui.ComposeMessageActivity} for user 0 :
D/dalvikvm(  600): GC_CONCURRENT freed 445K, 15% free 3372K/3936K, paused 32ms+2ms, total 71ms
I/PackageManager(  356):   Action: "android.intent.action.SENDTO"
I/PackageManager(  356):   Category: "android.intent.category.DEFAULT"
I/PackageManager(  356):   Scheme: "smsto"
I/PackageManager(  356): Adding preferred activity ComponentInfo{com.android.mms/com.android.mms.ui.ComposeMessageActivity} for user 0 :
I/PackageManager(  356):   Action: "android.intent.action.SENDTO"
I/PackageManager(  356):   Category: "android.intent.category.DEFAULT"
I/PackageManager(  356):   Scheme: "mms"
I/PackageManager(  356): Adding preferred activity ComponentInfo{com.android.mms/com.android.mms.ui.ComposeMessageActivity} for user 0 :
I/PackageManager(  356):   Action: "android.intent.action.SENDTO"
I/PackageManager(  356):   Category: "android.intent.category.DEFAULT"
I/PackageManager(  356):   Scheme: "mmsto"
I/PackageManager(  356): Adding preferred activity ComponentInfo{com.android.mms/com.android.mms.ui.ComposeMessageActivity} for user 0 :
I/PackageManager(  356):   Action: "android.intent.action.SENDTO"
I/PackageManager(  356):   Category: "android.intent.category.DEFAULT"
I/PackageManager(  356):   Scheme: "sms"
I/PackageManager(  356): Adding preferred activity ComponentInfo{com.android.mms/com.android.mms.ui.ComposeMessageActivity} for user 0 :
I/PackageManager(  356):   Action: "android.intent.action.SENDTO"
I/PackageManager(  356):   Category: "android.intent.category.DEFAULT"
I/PackageManager(  356):   Scheme: "smsto"
I/PackageManager(  356): Adding preferred activity ComponentInfo{com.android.mms/com.android.mms.ui.ComposeMessageActivity} for user 0 :
I/PackageManager(  356):   Action: "android.intent.action.SENDTO"
I/PackageManager(  356):   Category: "android.intent.category.DEFAULT"
I/PackageManager(  356):   Scheme: "mms"
I/PackageManager(  356): Adding preferred activity ComponentInfo{com.android.mms/com.android.mms.ui.ComposeMessageActivity} for user 0 :
D/dalvikvm(  600): GC_CONCURRENT freed 464K, 15% free 3363K/3936K, paused 4ms+14ms, total 46ms
D/dalvikvm(  356): GC_CONCURRENT freed 757K, 55% free 5766K/12732K, paused 23ms+6ms, total 152ms
D/dalvikvm(  356): WAIT_FOR_CONCURRENT_GC blocked 60ms
I/PackageManager(  356):   Action: "android.intent.action.SENDTO"
I/PackageManager(  356):   Category: "android.intent.category.DEFAULT"
I/PackageManager(  356):   Scheme: "mmsto"
I/PackageManager(  356): Adding preferred activity ComponentInfo{com.android.mms/com.android.mms.ui.ComposeMessageActivity} for user 0 :
I/ActivityManager(  356): Waited long enough for: ServiceRecord{b36dbc60 u0 com.android.music/.MediaPlaybackService}
I/ActivityManager(  356): Resuming delayed broadcast
I/PackageManager(  356):   Action: "android.intent.action.SENDTO"
I/PackageManager(  356):   Category: "android.intent.category.DEFAULT"
I/PackageManager(  356):   Scheme: "sms"
I/PackageManager(  356): Adding preferred activity ComponentInfo{com.android.mms/com.android.mms.ui.ComposeMessageActivity} for user 0 :
I/PackageManager(  356):   Action: "android.intent.action.SENDTO"
I/PackageManager(  356):   Category: "android.intent.category.DEFAULT"
I/PackageManager(  356):   Scheme: "smsto"
I/PackageManager(  356): Adding preferred activity ComponentInfo{com.android.mms/com.android.mms.ui.ComposeMessageActivity} for user 0 :
I/PackageManager(  356):   Action: "android.intent.action.SENDTO"
I/PackageManager(  356):   Category: "android.intent.category.DEFAULT"
I/PackageManager(  356):   Scheme: "mms"
I/PackageManager(  356): Adding preferred activity ComponentInfo{com.android.mms/com.android.mms.ui.ComposeMessageActivity} for user 0 :
I/PackageManager(  356):   Action: "android.intent.action.SENDTO"
I/PackageManager(  356):   Category: "android.intent.category.DEFAULT"
I/PackageManager(  356):   Scheme: "mmsto"
I/PackageManager(  356): Adding preferred activity ComponentInfo{com.android.mms/com.android.mms.ui.ComposeMessageActivity} for user 0 :
D/dalvikvm(  356): WAIT_FOR_CONCURRENT_GC blocked 222ms
D/dalvikvm(  600): GC_CONCURRENT freed 426K, 15% free 3381K/3936K, paused 4ms+4ms, total 34ms
I/GlobalDismissManager(  943): no sender configured
D/AlertService(  943): Beginning updateAlertNotification
D/AlertService(  943): No fired or scheduled alerts
E/BluetoothAdapter(  612): Bluetooth binder is null
I/ActivityManager(  356): Delay finish: com.android.mms/.transaction.SmsReceiver
V/SmsReceiverService( 1026): onStart: #1 mResultCode: -1 = Activity.RESULT_OK
D/AlertService(  943): Scheduling next alarm with AlarmScheduler. sEventReminderReceived: null
D/dalvikvm(  356): GC_CONCURRENT freed 683K, 56% free 5724K/12732K, paused 15ms+5ms, total 65ms
D/AlarmScheduler(  943): No events found starting within 1 week.
I/ActivityManager(  356): Resuming delayed broadcast
I/ActivityManager(  356): Delay finish: com.android.providers.contacts/.PackageIntentReceiver
D/dalvikvm(  975): GC_CONCURRENT freed 213K, 9% free 2903K/3188K, paused 4ms+55ms, total 128ms
I/ActivityManager(  356): Resuming delayed broadcast
I/Choreographer(  675): Skipped 251 frames!  The application may be doing too much work on its main thread.
D/AndroidRuntime( 1147): 
D/AndroidRuntime( 1147): >>>>>> AndroidRuntime START com.android.internal.os.RuntimeInit <<<<<<
D/AndroidRuntime( 1147): CheckJNI is ON
D/dalvikvm( 1147): Trying to load lib libjavacore.so 0x0
D/dalvikvm( 1147): Added shared lib libjavacore.so 0x0
D/dalvikvm( 1147): Trying to load lib libnativehelper.so 0x0
D/dalvikvm( 1147): Added shared lib libnativehelper.so 0x0
D/dalvikvm( 1147): No JNI_OnLoad found in libnativehelper.so 0x0, skipping init
I/ActivityManager(  356): Waited long enough for: ServiceRecord{b3267d68 u0 com.android.calendar/.alerts.InitAlarmsService}
D/MobileDataStateTracker(  356): default: setPolicyDataEnable(enabled=true)
D/ConnectivityService(  356): Sampling interval elapsed, updating statistics ..
D/ConnectivityService(  356): Done.
D/ConnectivityService(  356): Setting timer for 720seconds
D/dalvikvm( 1147): Note: class Landroid/app/ActivityManagerNative; has 179 unimplemented (abstract) methods
E/memtrack( 1147): Couldn't load memtrack module (No such file or directory)
E/android.os.Debug( 1147): failed to load memtrack module: -2
D/AndroidRuntime( 1147): Calling main entry com.android.commands.am.Am
I/ActivityManager(  356): START u0 {act=android.intent.action.MAIN cat=[android.intent.category.LAUNCHER] flg=0x10000000 cmp=com.mobi.livewallpaper.xph4/.LaunchActivity} from pid 1147
D/gralloc (   58): Registering a buffer in the process that created it. This may cause memory ordering problems.
E/libEGL  (   58): called unimplemented OpenGL ES API
E/libEGL  (   58): called unimplemented OpenGL ES API
E/libEGL  (   58): called unimplemented OpenGL ES API
E/libEGL  (   58): called unimplemented OpenGL ES API
E/SurfaceFlinger(   58): glCheckFramebufferStatusOES error 700425810
E/SurfaceFlinger(   58): got GL_FRAMEBUFFER_COMPLETE_OES error while taking screenshot
E/libEGL  (   58): called unimplemented OpenGL ES API
E/libEGL  (   58): called unimplemented OpenGL ES API
W/WindowManager(  356): Screenshot failure taking screenshot for (164x295) to layer 21005
I/ActivityManager(  356): Start proc com.mobi.livewallpaper.xph4 for activity com.mobi.livewallpaper.xph4/.LaunchActivity: pid=1158 uid=10052 gids={50052, 3003, 1028, 1015}
I/dalvikvm( 1158): CheckJNI enabled: not enabling JNI app bug workarounds.
V/PhoneStatusBar(  448): setLightsOn(true)
I/ARMAssembler(   58): generated scanline__00000077:03515104_00009002_00000000 [127 ipp] (149 ins) at [0xb5a3e680:0xb5a3e8d4] in 10000000 ns
I/ARMAssembler(   58): generated scanline__00000077:03010104_00008002_00000000 [ 89 ipp] (110 ins) at [0xb5a3e8e0:0xb5a3ea98] in 0 ns
D/dalvikvm( 1158): GC_FOR_ALLOC freed 48K, 5% free 2744K/2864K, paused 37ms, total 39ms
I/dalvikvm-heap( 1158): Grow heap (frag case) to 3.397MB for 682256-byte allocation
D/dalvikvm( 1158): GC_FOR_ALLOC freed <1K, 4% free 3410K/3532K, paused 19ms, total 19ms
D/dalvikvm( 1158): GC_CONCURRENT freed <1K, 4% free 3410K/3532K, paused 4ms+3ms, total 28ms
D/dalvikvm( 1158): GC_CONCURRENT freed 22K, 3% free 3857K/3952K, paused 4ms+11ms, total 40ms
D/dalvikvm( 1158): GC_CONCURRENT freed 14K, 3% free 4303K/4392K, paused 5ms+10ms, total 38ms
D/dalvikvm( 1158): GC_CONCURRENT freed 21K, 2% free 4761K/4856K, paused 4ms+2ms, total 41ms
I/ww-wapsad( 1158): 
I/ww-wapsad( 1158): 
I/ww-wapsad( 1158): http://dwap.com/adXml.mobi?appId=2ed0716511b5cbf9c647ff3071852bc2&marketId=goapk&mobileId=000000000000000&version=3.0
I/( 1158): menu_data
I/( 1158): main_menu_data
I/( 1158): sub_menu_data
I/( 1158): sub_menu_data
I/( 1158): main_menu_data
I/( 1158): sub_menu_data
I/( 1158): sub_menu_data
I/( 1158): main_menu_data
I/( 1158): sub_menu_data
I/( 1158): sub_menu_data
I/( 1158): sub_menu_data
I/( 1158): main_menu_data
I/( 1158): sub_menu_data
I/( 1158): sub_menu_data
I/( 1158): sub_menu_data
I/( 1158): main_menu_data
I/( 1158): sub_menu_data
I/( 1158): sub_menu_data
I/( 1158): main_menu_data
I/( 1158): sub_menu_data
I/ww-wapsad( 1158): 
D/dalvikvm( 1158): GC_CONCURRENT freed 1214K, 24% free 4202K/5496K, paused 14ms+2ms, total 44ms
D/dalvikvm( 1158): GC_CONCURRENT freed 44K, 16% free 4669K/5496K, paused 3ms+14ms, total 53ms
D/dalvikvm( 1158): WAIT_FOR_CONCURRENT_GC blocked 4ms
I/Choreographer( 1158): Skipped 115 frames!  The application may be doing too much work on its main thread.
I/Choreographer( 1158): Skipped 52 frames!  The application may be doing too much work on its main thread.
D/gralloc_goldfish( 1158): Emulator without GPU emulation detected.
I/ActivityManager(  356): Displayed com.mobi.livewallpaper.xph4/.LaunchActivity: +3s231ms
D/AndroidRuntime( 1147): Shutting down VM
D/dalvikvm( 1147): GC_CONCURRENT freed 97K, 15% free 589K/692K, paused 1ms+1ms, total 19ms
I/Choreographer( 1158): Skipped 67 frames!  The application may be doing too much work on its main thread.
D/dalvikvm( 1158): GC_CONCURRENT freed 122K, 8% free 5080K/5496K, paused 5ms+13ms, total 49ms
V/AlarmClock(  965): AlarmInitReceiver android.intent.action.TIME_SET
I/AlarmClock(  965): Displaying next alarm time: ''
V/AlarmClock(  965): AlarmInitReceiver finished
D/InitAlarmsService(  943): Clearing and rescheduling alarms.
W/System.err( 1158): java.net.SocketTimeoutException
W/System.err( 1158): 	at java.net.PlainSocketImpl.read(PlainSocketImpl.java:491)
W/System.err( 1158): 	at java.net.PlainSocketImpl.access$000(PlainSocketImpl.java:46)
W/System.err( 1158): 	at java.net.PlainSocketImpl$PlainSocketInputStream.read(PlainSocketImpl.java:240)
W/System.err( 1158): 	at org.apache.http.impl.io.AbstractSessionInputBuffer.fillBuffer(AbstractSessionInputBuffer.java:103)
W/System.err( 1158): 	at org.apache.http.impl.io.AbstractSessionInputBuffer.readLine(AbstractSessionInputBuffer.java:191)
W/System.err( 1158): 	at org.apache.http.impl.conn.DefaultResponseParser.parseHead(DefaultResponseParser.java:82)
W/System.err( 1158): 	at org.apache.http.impl.io.AbstractMessageParser.parse(AbstractMessageParser.java:174)
W/System.err( 1158): 	at org.apache.http.impl.AbstractHttpClientConnection.receiveResponseHeader(AbstractHttpClientConnection.java:180)
W/System.err( 1158): 	at org.apache.http.impl.conn.DefaultClientConnection.receiveResponseHeader(DefaultClientConnection.java:235)
W/System.err( 1158): 	at org.apache.http.impl.conn.AbstractClientConnAdapter.receiveResponseHeader(AbstractClientConnAdapter.java:259)
W/System.err( 1158): 	at org.apache.http.protocol.HttpRequestExecutor.doReceiveResponse(HttpRequestExecutor.java:279)
W/System.err( 1158): 	at org.apache.http.protocol.HttpRequestExecutor.execute(HttpRequestExecutor.java:121)
W/System.err( 1158): 	at org.apache.http.impl.client.DefaultRequestDirector.execute(DefaultRequestDirector.java:428)
W/System.err( 1158): 	at org.apache.http.impl.client.AbstractHttpClient.execute(AbstractHttpClient.java:555)
W/System.err( 1158): 	at org.apache.http.impl.client.AbstractHttpClient.execute(AbstractHttpClient.java:653)
W/System.err( 1158): 	at org.apache.http.impl.client.AbstractHttpClient.execute(AbstractHttpClient.java:627)
W/System.err( 1158): 	at org.apache.http.impl.client.AbstractHttpClient.execute(AbstractHttpClient.java:616)
W/System.err( 1158): 	at com.mobi.d.f.a(Unknown Source)
W/System.err( 1158): 	at com.mobi.d.f.doInBackground(Unknown Source)
W/System.err( 1158): 	at android.os.AsyncTask$2.call(AsyncTask.java:288)
W/System.err( 1158): 	at java.util.concurrent.FutureTask.run(FutureTask.java:237)
W/System.err( 1158): 	at java.util.concurrent.ThreadPoolExecutor.runWorker(ThreadPoolExecutor.java:1112)
W/System.err( 1158): 	at java.util.concurrent.ThreadPoolExecutor$Worker.run(ThreadPoolExecutor.java:587)
W/System.err( 1158): 	at java.lang.Thread.run(Thread.java:841)
I/ww-wapsad( 1158): 
I/ww-wapsad( 1158): 1
W/System.err( 1158): org.apache.http.client.HttpResponseException: Not Found
W/System.err( 1158): 	at org.apache.http.impl.client.BasicResponseHandler.handleResponse(BasicResponseHandler.java:71)
W/System.err( 1158): 	at org.apache.http.impl.client.BasicResponseHandler.handleResponse(BasicResponseHandler.java:59)
W/System.err( 1158): 	at org.apache.http.impl.client.AbstractHttpClient.execute(AbstractHttpClient.java:657)
W/System.err( 1158): 	at org.apache.http.impl.client.AbstractHttpClient.execute(AbstractHttpClient.java:627)
W/System.err( 1158): 	at org.apache.http.impl.client.AbstractHttpClient.execute(AbstractHttpClient.java:616)
W/System.err( 1158): 	at com.mobi.d.f.a(Unknown Source)
W/System.err( 1158): 	at com.mobi.d.f.doInBackground(Unknown Source)
W/System.err( 1158): 	at android.os.AsyncTask$2.call(AsyncTask.java:288)
W/System.err( 1158): 	at java.util.concurrent.FutureTask.run(FutureTask.java:237)
W/System.err( 1158): 	at java.util.concurrent.ThreadPoolExecutor.runWorker(ThreadPoolExecutor.java:1112)
W/System.err( 1158): 	at java.util.concurrent.ThreadPoolExecutor$Worker.run(ThreadPoolExecutor.java:587)
W/System.err( 1158): 	at java.lang.Thread.run(Thread.java:841)
I/ww-wapsad( 1158): 1
I/ww-wapsad( 1158): 2
W/System.err( 1158): java.net.UnknownHostException: Unable to resolve host "623725950.zsh.cc": No address associated with hostname
W/System.err( 1158): 	at java.net.InetAddress.lookupHostByName(InetAddress.java:424)
W/System.err( 1158): 	at java.net.InetAddress.getAllByNameImpl(InetAddress.java:236)
W/System.err( 1158): 	at java.net.InetAddress.getAllByName(InetAddress.java:214)
W/System.err( 1158): 	at org.apache.http.impl.conn.DefaultClientConnectionOperator.openConnection(DefaultClientConnectionOperator.java:137)
W/System.err( 1158): 	at org.apache.http.impl.conn.AbstractPoolEntry.open(AbstractPoolEntry.java:164)
W/System.err( 1158): 	at org.apache.http.impl.conn.AbstractPooledConnAdapter.open(AbstractPooledConnAdapter.java:119)
W/System.err( 1158): 	at org.apache.http.impl.client.DefaultRequestDirector.execute(DefaultRequestDirector.java:360)
W/System.err( 1158): 	at org.apache.http.impl.client.AbstractHttpClient.execute(AbstractHttpClient.java:555)
W/System.err( 1158): 	at org.apache.http.impl.client.AbstractHttpClient.execute(AbstractHttpClient.java:653)
W/System.err( 1158): 	at org.apache.http.impl.client.AbstractHttpClient.execute(AbstractHttpClient.java:627)
W/System.err( 1158): 	at org.apache.http.impl.client.AbstractHttpClient.execute(AbstractHttpClient.java:616)
W/System.err( 1158): 	at com.mobi.d.f.a(Unknown Source)
W/System.err( 1158): 	at com.mobi.d.f.doInBackground(Unknown Source)
W/System.err( 1158): 	at android.os.AsyncTask$2.call(AsyncTask.java:288)
W/System.err( 1158): 	at java.util.concurrent.FutureTask.run(FutureTask.java:237)
W/System.err( 1158): 	at java.util.concurrent.ThreadPoolExecutor.runWorker(ThreadPoolExecutor.java:1112)
W/System.err( 1158): 	at java.util.concurrent.ThreadPoolExecutor$Worker.run(ThreadPoolExecutor.java:587)
W/System.err( 1158): 	at java.lang.Thread.run(Thread.java:841)
W/System.err( 1158): Caused by: libcore.io.GaiException: getaddrinfo failed: EAI_NODATA (No address associated with hostname)
W/System.err( 1158): 	at libcore.io.Posix.getaddrinfo(Native Method)
W/System.err( 1158): 	at libcore.io.ForwardingOs.getaddrinfo(ForwardingOs.java:61)
W/System.err( 1158): 	at java.net.InetAddress.lookupHostByName(InetAddress.java:405)
W/System.err( 1158): 	... 17 more
I/ww-wapsad( 1158): 2
I/ww-wapsad( 1158): 
I/ww-wapsad( 1158): 
I/ww-wapsad( 1158): 
D/AndroidRuntime( 1188): 
D/AndroidRuntime( 1188): >>>>>> AndroidRuntime START com.android.internal.os.RuntimeInit <<<<<<
D/AndroidRuntime( 1188): CheckJNI is ON
D/dalvikvm( 1188): Trying to load lib libjavacore.so 0x0
D/dalvikvm( 1188): Added shared lib libjavacore.so 0x0
D/dalvikvm( 1188): Trying to load lib libnativehelper.so 0x0
D/dalvikvm( 1188): Added shared lib libnativehelper.so 0x0
D/dalvikvm( 1188): No JNI_OnLoad found in libnativehelper.so 0x0, skipping init
D/dalvikvm( 1188): Note: class Landroid/app/ActivityManagerNative; has 179 unimplemented (abstract) methods
E/memtrack( 1188): Couldn't load memtrack module (No such file or directory)
E/android.os.Debug( 1188): failed to load memtrack module: -2
D/AndroidRuntime( 1188): Calling main entry com.android.commands.am.Am
D/AndroidRuntime( 1188): Shutting down VM
D/dalvikvm( 1188): GC_CONCURRENT freed 97K, 15% free 587K/688K, paused 12ms+1ms, total 20ms
D/        (  356): Setting time of day to sec=1545891911
D/AndroidRuntime( 1199): 
D/AndroidRuntime( 1199): >>>>>> AndroidRuntime START com.android.internal.os.RuntimeInit <<<<<<
D/AndroidRuntime( 1199): CheckJNI is ON
D/dalvikvm( 1199): Trying to load lib libjavacore.so 0x0
D/dalvikvm( 1199): Added shared lib libjavacore.so 0x0
D/dalvikvm( 1199): Trying to load lib libnativehelper.so 0x0
D/dalvikvm( 1199): Added shared lib libnativehelper.so 0x0
D/dalvikvm( 1199): No JNI_OnLoad found in libnativehelper.so 0x0, skipping init
D/dalvikvm( 1199): Note: class Landroid/app/ActivityManagerNative; has 179 unimplemented (abstract) methods
E/memtrack( 1199): Couldn't load memtrack module (No such file or directory)
E/android.os.Debug( 1199): failed to load memtrack module: -2
D/AndroidRuntime( 1199): Calling main entry com.android.commands.am.Am
I/ActivityManager(  356): START u0 {act=android.intent.action.MAIN cat=[android.intent.category.LAUNCHER] flg=0x10000000 cmp=com.mobi.livewallpaper.xph4/.ScreenSaverActivity} from pid 1199
D/dalvikvm( 1158): GC_FOR_ALLOC freed 547K, 11% free 5125K/5744K, paused 58ms, total 66ms
I/dalvikvm-heap( 1158): Grow heap (frag case) to 6.537MB for 1536016-byte allocation
D/dalvikvm( 1158): GC_FOR_ALLOC freed 32K, 10% free 6593K/7248K, paused 59ms, total 59ms
D/dalvikvm( 1158): GC_CONCURRENT freed 27K, 10% free 6566K/7248K, paused 5ms+18ms, total 139ms
D/dalvikvm( 1158): GC_FOR_ALLOC freed 25K, 3% free 7562K/7788K, paused 80ms, total 101ms
V/PhoneStatusBar(  448): setLightsOn(true)
I/Choreographer( 1158): Skipped 52 frames!  The application may be doing too much work on its main thread.
W/ViewRootImpl( 1158): Window type can not be changed after the window is added; ignoring change of com.android.internal.policy.impl.PhoneWindow$DecorView{b3019480 V.E..... R.....ID 0,0-480,864}
I/MediaFocusControl(  356):  AudioFocus  abandonAudioFocus() from android.media.AudioManager@b2d495b0com.android.music.MediaPlaybackService$3@b2d48430
I/ActivityManager(  356): Displayed com.mobi.livewallpaper.xph4/.ScreenSaverActivity: +2s737ms
D/AndroidRuntime( 1199): Shutting down VM
D/dalvikvm( 1199): GC_CONCURRENT freed 98K, 15% free 589K/692K, paused 2ms+12ms, total 21ms
D/AndroidRuntime( 1209): 
D/AndroidRuntime( 1209): >>>>>> AndroidRuntime START com.android.internal.os.RuntimeInit <<<<<<
D/AndroidRuntime( 1209): CheckJNI is ON
D/dalvikvm( 1209): Trying to load lib libjavacore.so 0x0
D/dalvikvm( 1209): Added shared lib libjavacore.so 0x0
D/dalvikvm( 1209): Trying to load lib libnativehelper.so 0x0
D/dalvikvm( 1209): Added shared lib libnativehelper.so 0x0
D/dalvikvm( 1209): No JNI_OnLoad found in libnativehelper.so 0x0, skipping init
D/dalvikvm( 1209): Note: class Landroid/app/ActivityManagerNative; has 179 unimplemented (abstract) methods
E/memtrack( 1209): Couldn't load memtrack module (No such file or directory)
E/android.os.Debug( 1209): failed to load memtrack module: -2
D/AndroidRuntime( 1209): Calling main entry com.android.commands.am.Am
I/ActivityManager(  356): START u0 {act=android.intent.action.MAIN cat=[android.intent.category.LAUNCHER] flg=0x10000000 cmp=com.mobi.livewallpaper.xph4/.BackgroundSelectActivity} from pid 1209
D/dalvikvm(  356): GC_CONCURRENT freed 540K, 55% free 5819K/12732K, paused 11ms+20ms, total 212ms
D/dalvikvm( 1158): GC_FOR_ALLOC freed 57K, 2% free 8550K/8700K, paused 47ms, total 49ms
I/dalvikvm-heap( 1158): Grow heap (frag case) to 11.345MB for 3072016-byte allocation
D/dalvikvm( 1158): GC_FOR_ALLOC freed 1K, 2% free 11548K/11704K, paused 76ms, total 77ms
D/dalvikvm( 1158): GC_CONCURRENT freed 3K, 2% free 11544K/11704K, paused 4ms+8ms, total 100ms
I/BackgroundSelectActivity( 1158): mImageIdscan get
D/dalvikvm( 1158): GC_EXPLICIT freed 3073K, 26% free 9239K/12480K, paused 4ms+4ms, total 153ms
V/PhoneStatusBar(  448): setLightsOn(true)
D/dalvikvm( 1158): GC_FOR_ALLOC freed 182K, 28% free 9062K/12480K, paused 67ms, total 84ms
I/dalvikvm-heap( 1158): Grow heap (frag case) to 11.909MB for 3072016-byte allocation
D/dalvikvm( 1158): GC_FOR_ALLOC freed <1K, 4% free 12062K/12480K, paused 116ms, total 131ms
D/dalvikvm( 1158): GC_CONCURRENT freed <1K, 4% free 12061K/12480K, paused 13ms+82ms, total 133ms
I/BackgroundSelectActivity( 1158): mImageIdscan get
D/dalvikvm( 1158): GC_EXPLICIT freed 3001K, 25% free 9828K/13072K, paused 3ms+4ms, total 108ms
V/BackgroundSelectActivity( 1158): start:-3
V/BackgroundSelectActivity( 1158): end:-2
D/dalvikvm( 1158): GC_EXPLICIT freed 182K, 27% free 9648K/13072K, paused 3ms+29ms, total 124ms
V/BackgroundSelectActivity( 1158): select id:0
I/Choreographer( 1158): Skipped 72 frames!  The application may be doing too much work on its main thread.
I/BackgroundSelectActivity( 1158): position0
D/dalvikvm( 1158): GC_EXPLICIT freed 29K, 24% free 10062K/13072K, paused 13ms+8ms, total 137ms
I/ActivityManager(  356): Displayed com.mobi.livewallpaper.xph4/.BackgroundSelectActivity: +4s471ms
D/AndroidRuntime( 1209): Shutting down VM
D/dalvikvm( 1209): GC_CONCURRENT freed 98K, 15% free 589K/692K, paused 2ms+2ms, total 14ms
I/BackgroundSelectActivity( 1158): position0
D/dalvikvm( 1158): GC_EXPLICIT freed 424K, 23% free 10072K/13072K, paused 2ms+4ms, total 39ms
D/AndroidRuntime( 1219): 
D/AndroidRuntime( 1219): >>>>>> AndroidRuntime START com.android.internal.os.RuntimeInit <<<<<<
D/AndroidRuntime( 1219): CheckJNI is ON
D/dalvikvm( 1219): Trying to load lib libjavacore.so 0x0
D/dalvikvm( 1219): Added shared lib libjavacore.so 0x0
D/dalvikvm( 1219): Trying to load lib libnativehelper.so 0x0
D/dalvikvm( 1219): Added shared lib libnativehelper.so 0x0
D/dalvikvm( 1219): No JNI_OnLoad found in libnativehelper.so 0x0, skipping init
D/dalvikvm( 1219): Note: class Landroid/app/ActivityManagerNative; has 179 unimplemented (abstract) methods
E/memtrack( 1219): Couldn't load memtrack module (No such file or directory)
E/android.os.Debug( 1219): failed to load memtrack module: -2
D/AndroidRuntime( 1219): Calling main entry com.android.commands.am.Am
I/ActivityManager(  356): START u0 {act=android.intent.action.MAIN cat=[android.intent.category.LAUNCHER] flg=0x10000000 cmp=com.mobi.livewallpaper.xph4/.HelpActivity} from pid 1219
D/AndroidRuntime( 1158): Shutting down VM
W/dalvikvm( 1158): threadid=1: thread exiting with uncaught exception (group=0xb2a90ba8)
E/AndroidRuntime( 1158): FATAL EXCEPTION: main
E/AndroidRuntime( 1158): Process: com.mobi.livewallpaper.xph4, PID: 1158
E/AndroidRuntime( 1158): java.lang.RuntimeException: Unable to instantiate activity ComponentInfo{com.mobi.livewallpaper.xph4/com.mobi.livewallpaper.xph4.HelpActivity}: java.lang.ClassNotFoundException: Didn't find class "com.mobi.livewallpaper.xph4.HelpActivity" on path: DexPathList[[zip file "/data/app/com.mobi.livewallpaper.xph4-1.apk"],nativeLibraryDirectories=[/data/app-lib/com.mobi.livewallpaper.xph4-1, /system/lib]]
E/AndroidRuntime( 1158): 	at android.app.ActivityThread.performLaunchActivity(ActivityThread.java:2110)
E/AndroidRuntime( 1158): 	at android.app.ActivityThread.handleLaunchActivity(ActivityThread.java:2233)
E/AndroidRuntime( 1158): 	at android.app.ActivityThread.access$800(ActivityThread.java:135)
E/AndroidRuntime( 1158): 	at android.app.ActivityThread$H.handleMessage(ActivityThread.java:1196)
E/AndroidRuntime( 1158): 	at android.os.Handler.dispatchMessage(Handler.java:102)
E/AndroidRuntime( 1158): 	at android.os.Looper.loop(Looper.java:136)
E/AndroidRuntime( 1158): 	at android.app.ActivityThread.main(ActivityThread.java:5001)
E/AndroidRuntime( 1158): 	at java.lang.reflect.Method.invokeNative(Native Method)
E/AndroidRuntime( 1158): 	at java.lang.reflect.Method.invoke(Method.java:515)
E/AndroidRuntime( 1158): 	at com.android.internal.os.ZygoteInit$MethodAndArgsCaller.run(ZygoteInit.java:785)
E/AndroidRuntime( 1158): 	at com.android.internal.os.ZygoteInit.main(ZygoteInit.java:601)
E/AndroidRuntime( 1158): 	at dalvik.system.NativeStart.main(Native Method)
E/AndroidRuntime( 1158): Caused by: java.lang.ClassNotFoundException: Didn't find class "com.mobi.livewallpaper.xph4.HelpActivity" on path: DexPathList[[zip file "/data/app/com.mobi.livewallpaper.xph4-1.apk"],nativeLibraryDirectories=[/data/app-lib/com.mobi.livewallpaper.xph4-1, /system/lib]]
E/AndroidRuntime( 1158): 	at dalvik.system.BaseDexClassLoader.findClass(BaseDexClassLoader.java:56)
E/AndroidRuntime( 1158): 	at java.lang.ClassLoader.loadClass(ClassLoader.java:497)
E/AndroidRuntime( 1158): 	at java.lang.ClassLoader.loadClass(ClassLoader.java:457)
E/AndroidRuntime( 1158): 	at android.app.Instrumentation.newActivity(Instrumentation.java:1061)
E/AndroidRuntime( 1158): 	at android.app.ActivityThread.performLaunchActivity(ActivityThread.java:2101)
E/AndroidRuntime( 1158): 	... 11 more
W/ActivityManager(  356):   Force finishing activity com.mobi.livewallpaper.xph4/.HelpActivity
