I/ActivityManager(  360): Start proc com.android.music for broadcast com.android.music/.MediaButtonIntentReceiver: pid=933 uid=10032 gids={50032, 3003, 1028, 1015}
I/dalvikvm(  933): CheckJNI enabled: not enabling JNI app bug workarounds.
I/ContactsProvider(  549): Upgrading aggregation algorithm
D/ActivityThread(  915): Loading provider com.android.email.provider;com.android.email.notifier: com.android.email.provider.EmailProvider
I/ContactAggregator(  549): Marked all visible contacts for aggregation: 0 raw contacts, 136 ms
D/ActivityThread(  915): Loading provider com.android.email.provider;com.android.email.notifier: com.android.email.provider.EmailProvider
I/ContactsProvider(  549): Aggregation algorithm upgraded for 0 raw contacts in 187ms
D/dalvikvm(  360): GC_EXPLICIT freed 122K, 55% free 5692K/12540K, paused 146ms+8ms, total 1009ms
D/AndroidRuntime(  800): Shutting down VM
D/dalvikvm(  800): GC_CONCURRENT freed 95K, 16% free 560K/660K, paused 2ms+2ms, total 23ms
W/RecognitionManagerService(  360): no available voice recognition services found for user 0
I/ContactsFTS(  549): Rebuild contact search index in 566ms, 0 contacts
D/dalvikvm(  549): GC_CONCURRENT freed 262K, 11% free 3083K/3444K, paused 4ms+26ms, total 112ms
E/logwrapper(  949): executing /system/bin/ip failed: No such file or directory
E/ConnectivityService(  360): Exception trying to add a route: java.lang.IllegalStateException: command '45 interface fwmark exempt add 10.0.2.2/32' failed with '400 45 Failed to add exemption rule (File exists)'
E/logwrapper(  950): executing /system/bin/ip failed: No such file or directory
E/ConnectivityService(  360): Exception trying to add a route: java.lang.IllegalStateException: command '47 interface fwmark exempt add 172.217.23.14/32' failed with '400 47 Failed to add exemption rule (File exists)'
D/ConnectivityService(  360): requestRouteToHostAddress ok=false
D/ConnectivityService(  360): [CheckMp] isMobileOk: could not establish route to hostAddr=clients3.google.com/172.217.23.14
V/MediaScanner(  629): pruneDeadThumbnailFiles... android.database.sqlite.SQLiteCursor@b2dccf40
V/MediaScanner(  629): /pruneDeadThumbnailFiles... android.database.sqlite.SQLiteCursor@b2dccf40
D/dalvikvm(  915): GC_CONCURRENT freed 208K, 10% free 2889K/3200K, paused 4ms+2ms, total 72ms
I/MediaFocusControl(  360):   Remote Control   registerMediaButtonIntent() for PendingIntent{b36e1de0: PendingIntentRecord{b337ef88 com.android.music broadcastIntent}}
E/BluetoothAdapter(  607): Bluetooth binder is null
I/ActivityManager(  360): Start proc com.android.calendar for broadcast com.android.calendar/.widget.CalendarAppWidgetService$CalendarFactory: pid=953 uid=10016 gids={50016, 3003}
W/ActivityManager(  360): Unable to start service Intent { cmp=com.android.email/.service.AttachmentDownloadService } U=0: not found
I/Email   (  915): Observing account changes for notifications
D/ExtensionsFactory(  953): No custom extensions.
I/ActivityManager(  360): Start proc com.android.providers.calendar for content provider com.android.providers.calendar/.CalendarProvider2: pid=972 uid=10001 gids={50001, 3003, 1028, 1015}
I/ActivityManager(  360): Start proc com.android.deskclock for broadcast com.android.deskclock/.AlarmInitReceiver: pid=981 uid=10020 gids={50020, 1028}
W/ActivityManager(  360): Unable to start service Intent { cmp=com.android.email/.service.AttachmentDownloadService } U=0: not found
D/dalvikvm(   58): GC_EXPLICIT freed 40K, 5% free 2705K/2844K, paused 3ms+2ms, total 60ms
D/dalvikvm(   58): GC_EXPLICIT freed <1K, 5% free 2705K/2844K, paused 2ms+2ms, total 42ms
D/dalvikvm(   58): GC_EXPLICIT freed <1K, 5% free 2705K/2844K, paused 2ms+12ms, total 41ms
W/ActivityManager(  360): Unable to start service Intent { cmp=com.android.email/.service.AttachmentDownloadService } U=0: not found
V/AlarmClock(  981): AlarmInitReceiver android.intent.action.TIMEZONE_CHANGED
I/CalendarDatabaseHelper(  972): Bootstrapping database
I/AlarmClock(  981): Alarms Table created
I/AlarmClock(  981): Instance table created
I/AlarmClock(  981): Cities table created
I/AlarmClock(  981): Inserting default alarms
I/AlarmClock(  981): Displaying next alarm time: ''
W/BackupManagerService(  360): dataChanged but no participant pkg='com.android.providers.settings' uid=10020
V/AlarmClock(  981): AlarmInitReceiver finished
I/CalendarProvider2(  972): Created com.android.providers.calendar.CalendarAlarmManager@b2da7ba8(com.android.providers.calendar.CalendarProvider2@b2d94280)
E/BluetoothAdapter(  607): Bluetooth binder is null
I/ActivityManager(  360): Start proc com.android.dialer for broadcast com.android.dialer/.calllog.CallLogReceiver: pid=1001 uid=10004 gids={50004, 3003, 1028, 1015}
D/ExtensionsFactory( 1001): No custom extensions.
I/ActivityManager(  360): Delay finish: com.android.dialer/.calllog.CallLogReceiver
I/ActivityManager(  360): Resuming delayed broadcast
E/BluetoothAdapter(  360): Bluetooth binder is null
E/BluetoothAdapter(  360): Bluetooth binder is null
V/WiredAccessoryManager(  360): init()
I/PowerManagerService(  360): Boot animation finished.
E/SoundPool(  360): error loading /system/media/audio/ui/Effect_Tick.ogg
W/AudioService(  360): Soundpool could not load file: /system/media/audio/ui/Effect_Tick.ogg
E/SoundPool(  360): error loading /system/media/audio/ui/Effect_Tick.ogg
W/AudioService(  360): Soundpool could not load file: /system/media/audio/ui/Effect_Tick.ogg
E/SoundPool(  360): error loading /system/media/audio/ui/Effect_Tick.ogg
W/AudioService(  360): Soundpool could not load file: /system/media/audio/ui/Effect_Tick.ogg
E/SoundPool(  360): error loading /system/media/audio/ui/Effect_Tick.ogg
W/AudioService(  360): Soundpool could not load file: /system/media/audio/ui/Effect_Tick.ogg
E/SoundPool(  360): error loading /system/media/audio/ui/Effect_Tick.ogg
W/AudioService(  360): Soundpool could not load file: /system/media/audio/ui/Effect_Tick.ogg
E/SoundPool(  360): error loading /system/media/audio/ui/KeypressStandard.ogg
W/AudioService(  360): Soundpool could not load file: /system/media/audio/ui/KeypressStandard.ogg
E/SoundPool(  360): error loading /system/media/audio/ui/KeypressSpacebar.ogg
W/AudioService(  360): Soundpool could not load file: /system/media/audio/ui/KeypressSpacebar.ogg
E/SoundPool(  360): error loading /system/media/audio/ui/KeypressDelete.ogg
W/AudioService(  360): Soundpool could not load file: /system/media/audio/ui/KeypressDelete.ogg
E/SoundPool(  360): error loading /system/media/audio/ui/KeypressReturn.ogg
W/AudioService(  360): Soundpool could not load file: /system/media/audio/ui/KeypressReturn.ogg
E/SoundPool(  360): error loading /system/media/audio/ui/KeypressInvalid.ogg
W/AudioService(  360): Soundpool could not load file: /system/media/audio/ui/KeypressInvalid.ogg
W/AudioService(  360): onLoadSoundEffects(), Error -1 while loading samples
I/RecoverySystem(  360): No recovery log file
I/BootReceiver(  360): Copying audit failures to DropBox
I/BootReceiver(  360): Checking for fsck errors
D/dalvikvm(  360): GC_CONCURRENT freed 598K, 54% free 5779K/12540K, paused 7ms+6ms, total 108ms
I/ActivityManager(  360): Delay finish: com.android.providers.downloads/.DownloadReceiver
I/CalendarProvider2(  972): Sending notification intent: Intent { act=android.intent.action.PROVIDER_CHANGED dat=content://com.android.calendar }
W/ContentResolver(  972): Failed to get type for: content://com.android.calendar (Unknown URL content://com.android.calendar)
I/ActivityManager(  360): Resuming delayed broadcast
I/ActivityManager(  360): Delay finish: com.android.providers.media/.MediaScannerReceiver
I/ActivityManager(  360): Resuming delayed broadcast
E/logwrapper( 1027): executing /system/bin/ip failed: No such file or directory
E/ConnectivityService(  360): Exception trying to add a route: java.lang.IllegalStateException: command '49 interface fwmark exempt add 10.0.2.2/32' failed with '400 49 Failed to add exemption rule (File exists)'
E/logwrapper( 1028): executing /system/bin/ip failed: No such file or directory
E/ConnectivityService(  360): Exception trying to add a route: java.lang.IllegalStateException: command '51 interface fwmark exempt add 172.217.23.14/32' failed with '400 51 Failed to add exemption rule (File exists)'
D/ConnectivityService(  360): requestRouteToHostAddress ok=false
D/ConnectivityService(  360): [CheckMp] isMobileOk: could not establish route to hostAddr=clients3.google.com/172.217.23.14
I/ActivityManager(  360): Start proc com.android.mms for broadcast com.android.mms/.transaction.MmsSystemEventReceiver: pid=1030 uid=10009 gids={50009, 3003, 1028, 1015}
I/MediaProvider(  629): Upgrading media database from version 0 to 700, which will destroy all old data
D/CountryDetector(  360): The first listener is added
V/MmsConfig( 1030): mnc/mcc: 310260
V/MmsConfig( 1030): tag: bool value: enabledMMS - true
V/MmsConfig( 1030): tag: int value: maxMessageSize - 307200
V/MmsConfig( 1030): tag: int value: maxImageHeight - 480
V/MmsConfig( 1030): tag: int value: maxImageWidth - 640
V/MmsConfig( 1030): tag: int value: defaultSMSMessagesPerThread - 10000
V/MmsConfig( 1030): tag: int value: defaultMMSMessagesPerThread - 1000
V/MmsConfig( 1030): tag: int value: minMessageCountPerThread - 10
V/MmsConfig( 1030): tag: int value: maxMessageCountPerThread - 5000
V/MmsConfig( 1030): tag: string value: uaProfUrl - http://www.google.com/oha/rdf/ua-profile-kila.xml
V/MmsConfig( 1030): tag: int value: recipientLimit - -1
V/MmsConfig( 1030): tag: bool value: enableMultipartSMS - true
V/MmsConfig( 1030): tag: int value: smsToMmsTextThreshold - -1
V/MmsConfig( 1030): tag: bool value: enableSlideDuration - true
V/MmsConfig( 1030): tag: int value: maxMessageTextSize - -1
I/ActivityManager(  360): Delay finish: com.android.mms/.transaction.MmsSystemEventReceiver
D/Mms:app ( 1030): cancelNotification
I/ActivityManager(  360): Resuming delayed broadcast
E/SQLiteLog(  629): (1) no such table: files
I/ActivityManager(  360): Delay finish: com.android.mms/.transaction.SmsReceiver
D/MmsSmsDatabaseHelper(  599): [MmsSmsDb] tableName: threads hasAutoIncrement: CREATE TABLE threads (_id INTEGER PRIMARY KEY AUTOINCREMENT,date INTEGER DEFAULT 0,message_count INTEGER DEFAULT 0,recipient_ids TEXT,snippet TEXT,snippet_cs INTEGER DEFAULT 0,read INTEGER DEFAULT 1,type INTEGER DEFAULT 0,error INTEGER DEFAULT 0,has_attachment INTEGER DEFAULT 0) result: true
D/MmsSmsDatabaseHelper(  599): [MmsSmsDb] tableName: canonical_addresses hasAutoIncrement: CREATE TABLE canonical_addresses (_id INTEGER PRIMARY KEY AUTOINCREMENT,address TEXT) result: true
D/MmsSmsDatabaseHelper(  599): [MmsSmsDb] tableName: part hasAutoIncrement: CREATE TABLE part (_id INTEGER PRIMARY KEY AUTOINCREMENT,mid INTEGER,seq INTEGER DEFAULT 0,ct TEXT,name TEXT,chset INTEGER,cd TEXT,fn TEXT,cid TEXT,cl TEXT,ctt_s INTEGER,ctt_t TEXT,_data TEXT,text TEXT) result: true
D/MmsSmsDatabaseHelper(  599): [MmsSmsDb] tableName: pdu hasAutoIncrement: CREATE TABLE pdu (_id INTEGER PRIMARY KEY AUTOINCREMENT,thread_id INTEGER,date INTEGER,date_sent INTEGER DEFAULT 0,msg_box INTEGER,read INTEGER DEFAULT 0,m_id TEXT,sub TEXT,sub_cs INTEGER,ct_t TEXT,ct_l TEXT,exp INTEGER,m_cls TEXT,m_type INTEGER,v INTEGER,m_size INTEGER,pri INTEGER,rr INTEGER,rpt_a INTEGER,resp_st INTEGER,st INTEGER,tr_id TEXT,retr_st INTEGER,retr_txt TEXT,retr_txt_cs INTEGER,read_status INTEGER,ct_cls INTEGER,resp_txt TEXT,d_tm INTEGER,d_rpt INTEGER,locked INTEGER DEFAULT 0,seen INTEGER DEFAULT 0,text_only INTEGER DEFAULT 0) result: true
D/MmsSmsDatabaseHelper(  599): [getWritableDatabase] hasAutoIncrementThreads: true hasAutoIncrementAddresses: true hasAutoIncrementPart: true hasAutoIncrementPdu: true
D/Mms:app ( 1030): cancelNotification
I/ActivityManager(  360): Resuming delayed broadcast
D/AlertReceiver(  953): onReceive: a=android.intent.action.BOOT_COMPLETED Intent { act=android.intent.action.BOOT_COMPLETED flg=0x8000010 cmp=com.android.calendar/.alerts.AlertReceiver (has extras) }
E/WVMExtractor(   60): Failed to open libwvm.so
I/ActivityManager(  360): Delay finish: com.android.calendar/.alerts.AlertReceiver
D/AlertUtils(  953): Flushing old alerts from shared prefs table
D/AlertService(  953): 0 Action = android.intent.action.BOOT_COMPLETED
D/dalvikvm(  953): GC_CONCURRENT freed 304K, 13% free 2802K/3212K, paused 5ms+4ms, total 64ms
D/AlertService(  953): Scheduling next alarm with AlarmScheduler. sEventReminderReceived: null
D/AlarmScheduler(  953): No events found starting within 1 week.
D/dalvikvm(  629): GC_CONCURRENT freed 245K, 11% free 3028K/3368K, paused 4ms+4ms, total 32ms
V/MediaScanner(  629): pruneDeadThumbnailFiles... android.database.sqlite.SQLiteCursor@b2dcdee0
V/MediaScanner(  629): /pruneDeadThumbnailFiles... android.database.sqlite.SQLiteCursor@b2dcdee0
I/ActivityManager(  360): Resuming delayed broadcast
V/AlarmClock(  981): AlarmInitReceiver android.intent.action.BOOT_COMPLETED
V/AlarmClock(  981): AlarmInitReceiver - Reset timers and clear stopwatch data
D/dalvikvm(  981): GC_CONCURRENT freed 397K, 16% free 2788K/3284K, paused 14ms+2ms, total 69ms
V/AlarmClock(  981): AlarmInitReceiver - resetting volume button default
D/ConnectivityService(  360): [CheckMp] isMobileOk: too many loops tried - giving up
D/ConnectivityService(  360): [CheckMp] isMobileOk: X loops|timed out result=0
D/ConnectivityService(  360): [CheckMp] isMobileOk: F stop hipri
D/MobileDataStateTracker(  360): default: setEnableFailFastMobileData(enabled=0)
I/AlarmClock(  981): Displaying next alarm time: ''
V/AlarmClock(  981): AlarmInitReceiver finished
I/ActivityManager(  360): Delay finish: com.android.email/.service.EmailUpgradeBroadcastReceiver
E/MetadataRetrieverClient(   60): failed to extract an album art
D/ConnectivityService(  360): stopUsingNetworkFeature: teardown net 0: enableHIPRI
D/MobileDataStateTracker(  360): hipri: Broadcast received: android.intent.action.ANY_DATA_STATE apnType=hipri
D/MobileDataStateTracker(  360): hipri: Received state=DISCONNECTED, old=CONNECTED, reason=dataDisabled
D/MobileDataStateTracker(  360): hipri: setDetailed state, old =CONNECTED and new state=DISCONNECTED
D/ConnectivityService(  360): ConnectivityChange for mobile_hipri: DISCONNECTED/DISCONNECTED
E/logwrapper( 1063): executing /system/bin/ip failed: No such file or directory
E/SecondaryTablController(   54): ip route del failed: /system/bin/ip route del 10.0.2.2/32 via 0.0.0.0 dev eth0 table 60
W/FrameworkListener(   54): Handler 'interface' error (No such device)
E/logwrapper( 1064): executing /system/bin/ip failed: No such file or directory
E/SecondaryTablController(   54): ip route del failed: /system/bin/ip route del 0.0.0.0/0 via 10.0.2.2 dev eth0 table 60
W/FrameworkListener(   54): Handler 'interface' error (No such device)
D/dalvikvm(  599): GC_CONCURRENT freed 484K, 15% free 3335K/3916K, paused 5ms+27ms, total 80ms
D/Nat464Xlat(  360): requiresClat: netType=5, hasIPv4Address=true
D/MobileDataStateTracker(  360): default: setPolicyDataEnable(enabled=true)
I/ActivityManager(  360): Resuming delayed broadcast
I/ActivityManager(  360): Delay finish: com.android.email/.service.EmailBroadcastReceiver
I/Email   (  915): Onetime initialization: 1
I/Email   (  915): Onetime initialization: 2
I/Email   (  915): Onetime initialization: completed.
I/ActivityManager(  360): Delaying start of: ServiceRecord{b2e0c690 u0 com.android.exchange/.service.EmailSyncAdapterService}
D/dalvikvm(  360): GC_CONCURRENT freed 733K, 55% free 5715K/12540K, paused 53ms+29ms, total 189ms
E/NetdConnector(  360): NDC Command {59 bandwidth removeiquota eth0} took too long (663ms)
I/ActivityManager(  360): Resuming delayed broadcast
I/LauncherIconVisibilityManager(  588): Boot has been completed
I/LauncherIconVisibilityManager(  588): Disable activity: ComponentInfo{com.android.inputmethod.latin/com.android.inputmethod.latin.setup.SetupActivity}
E/NetdConnector(  360): NDC Command {58 bandwidth gettetherstats} took too long (929ms)
E/BluetoothAdapter(  607): Bluetooth binder is null
I/ActivityManager(  360): Delay finish: com.android.deskclock/com.android.alarmclock.AnalogAppWidgetProvider
D/dalvikvm( 1030): GC_CONCURRENT freed 228K, 11% free 2876K/3204K, paused 16ms+50ms, total 175ms
E/StrictMode( 1030): A resource was acquired at attached stack trace but never released. See java.io.Closeable for information on avoiding resource leaks.
E/StrictMode( 1030): java.lang.Throwable: Explicit termination method 'release' not called
E/StrictMode( 1030): 	at dalvik.system.CloseGuard.open(CloseGuard.java:184)
E/StrictMode( 1030): 	at android.drm.DrmManagerClient.<init>(DrmManagerClient.java:258)
E/StrictMode( 1030): 	at com.google.android.mms.pdu.PduPersister.<init>(PduPersister.java:288)
E/StrictMode( 1030): 	at com.google.android.mms.pdu.PduPersister.getPduPersister(PduPersister.java:296)
E/StrictMode( 1030): 	at com.android.mms.transaction.TransactionService.onNewIntent(TransactionService.java:224)
E/StrictMode( 1030): 	at com.android.mms.transaction.TransactionService$ServiceHandler.handleMessage(TransactionService.java:621)
E/StrictMode( 1030): 	at android.os.Handler.dispatchMessage(Handler.java:102)
E/StrictMode( 1030): 	at android.os.Looper.loop(Looper.java:136)
E/StrictMode( 1030): 	at android.os.HandlerThread.run(HandlerThread.java:61)
I/ActivityManager(  360): Resuming delayed broadcast
W/BroadcastQueue(  360): Permission Denial: broadcasting Intent { act=android.appwidget.action.APPWIDGET_UPDATE_OPTIONS flg=0x10 cmp=com.android.settings/.widget.SettingsAppWidgetProvider (has extras) } from android (pid=680, uid=10008) is not exported from uid 1000 due to receiver com.android.settings/.widget.SettingsAppWidgetProvider
I/ActivityManager(  360): Delay finish: com.android.providers.contacts/.PackageIntentReceiver
E/NetdConnector(  360): NDC Command {60 bandwidth setiquota eth0 9223372036854775807} took too long (1638ms)
D/MobileDataStateTracker(  360): default: setPolicyDataEnable(enabled=true)
I/ActivityManager(  360): Resuming delayed broadcast
I/ActivityManager(  360): Start proc com.svox.pico for broadcast com.svox.pico/.VoiceDataInstallerReceiver: pid=1105 uid=10037 gids={50037, 1028, 1015}
E/NetdConnector(  360): NDC Command {61 bandwidth gettetherstats} took too long (1572ms)
D/Tethering(  360): MasterInitialState.processMessage what=3
D/CaptivePortalTracker(  360): NoActiveNetworkState{ when=-2ms what=1 obj=NetworkInfo: type: mobile_hipri[UMTS], state: DISCONNECTED/DISCONNECTED, reason: dataDisabled, extra: epc.tmobile.com, roaming: false, failover: false, isAvailable: true, isConnectedToProvisioningNetwork: false target=com.android.internal.util.StateMachine$SmHandler }
D/CaptivePortalTracker(  360): NoActiveNetworkState not a wifi connectivity change, ignore
D/Tethering(  360): MasterInitialState.processMessage what=3
D/CaptivePortalTracker(  360): NoActiveNetworkState{ when=0 what=1 obj=NetworkInfo: type: mobile[UMTS], state: CONNECTED/CONNECTED, reason: connected, extra: epc.tmobile.com, roaming: false, failover: false, isAvailable: true, isConnectedToProvisioningNetwork: false target=com.android.internal.util.StateMachine$SmHandler }
D/CaptivePortalTracker(  360): NoActiveNetworkState not a wifi connectivity change, ignore
E/NetdConnector(  360): NDC Command {62 bandwidth removeiquota eth0} took too long (763ms)
D/dalvikvm(  360): GC_CONCURRENT freed 605K, 55% free 5744K/12540K, paused 23ms+5ms, total 145ms
D/dalvikvm(  360): GC_CONCURRENT freed 712K, 55% free 5695K/12540K, paused 6ms+19ms, total 156ms
I/InputReader(  360): Reconfiguring input devices.  changes=0x00000010
I/InputReader(  360): Reconfiguring input devices.  changes=0x00000010
I/PackageManager(  360):   Action: "android.intent.action.SENDTO"
I/PackageManager(  360):   Category: "android.intent.category.DEFAULT"
I/PackageManager(  360):   Scheme: "sms"
I/PackageManager(  360): Adding preferred activity ComponentInfo{com.android.mms/com.android.mms.ui.ComposeMessageActivity} for user 0 :
I/InputReader(  360): Reconfiguring input devices.  changes=0x00000010
E/NetdConnector(  360): NDC Command {63 bandwidth setiquota eth0 9223372036854775807} took too long (1519ms)
D/MobileDataStateTracker(  360): default: setPolicyDataEnable(enabled=true)
I/PackageManager(  360):   Action: "android.intent.action.SENDTO"
I/PackageManager(  360):   Category: "android.intent.category.DEFAULT"
I/PackageManager(  360):   Scheme: "smsto"
I/PackageManager(  360): Adding preferred activity ComponentInfo{com.android.mms/com.android.mms.ui.ComposeMessageActivity} for user 0 :
I/PackageManager(  360):   Action: "android.intent.action.SENDTO"
I/PackageManager(  360): Adding preferred activity ComponentInfo{com.android.mms/com.android.mms.ui.ComposeMessageActivity} for user 0 :
I/PackageManager(  360):   Category: "android.intent.category.DEFAULT"
I/PackageManager(  360):   Scheme: "mms"
I/PackageManager(  360):   Action: "android.intent.action.SENDTO"
I/PackageManager(  360):   Category: "android.intent.category.DEFAULT"
I/PackageManager(  360):   Scheme: "mmsto"
I/PackageManager(  360): Adding preferred activity ComponentInfo{com.android.mms/com.android.mms.ui.ComposeMessageActivity} for user 0 :
D/MobileDataStateTracker(  360): default: setPolicyDataEnable(enabled=true)
I/PackageManager(  360):   Action: "android.intent.action.SENDTO"
I/PackageManager(  360):   Category: "android.intent.category.DEFAULT"
I/PackageManager(  360):   Scheme: "sms"
I/PackageManager(  360): Adding preferred activity ComponentInfo{com.android.mms/com.android.mms.ui.ComposeMessageActivity} for user 0 :
D/dalvikvm(  360): GC_CONCURRENT freed 700K, 55% free 5746K/12540K, paused 40ms+14ms, total 153ms
D/dalvikvm(  360): WAIT_FOR_CONCURRENT_GC blocked 52ms
D/ConnectivityService(  360): [CheckMp] isMobileOk: X result=0
D/dalvikvm(  360): WAIT_FOR_CONCURRENT_GC blocked 52ms
I/PackageManager(  360):   Action: "android.intent.action.SENDTO"
I/PackageManager(  360):   Category: "android.intent.category.DEFAULT"
I/PackageManager(  360):   Scheme: "smsto"
I/PackageManager(  360): Adding preferred activity ComponentInfo{com.android.mms/com.android.mms.ui.ComposeMessageActivity} for user 0 :
D/ConnectivityService(  360): [CheckMp] onPostExecute: result=0
D/ConnectivityService(  360): CheckMp.onComplete: result=0
D/ConnectivityService(  360): CheckMp.onComplete: ignore, connected or no connection
I/PackageManager(  360):   Action: "android.intent.action.SENDTO"
I/PackageManager(  360):   Category: "android.intent.category.DEFAULT"
I/PackageManager(  360):   Scheme: "mms"
I/PackageManager(  360): Adding preferred activity ComponentInfo{com.android.mms/com.android.mms.ui.ComposeMessageActivity} for user 0 :
D/dalvikvm(  599): GC_CONCURRENT freed 450K, 14% free 3397K/3944K, paused 3ms+2ms, total 162ms
D/dalvikvm(  599): WAIT_FOR_CONCURRENT_GC blocked 38ms
I/PackageManager(  360):   Action: "android.intent.action.SENDTO"
I/PackageManager(  360):   Category: "android.intent.category.DEFAULT"
I/PackageManager(  360):   Scheme: "mmsto"
I/PackageManager(  360): Adding preferred activity ComponentInfo{com.android.mms/com.android.mms.ui.ComposeMessageActivity} for user 0 :
I/PackageManager(  360):   Action: "android.intent.action.SENDTO"
I/PackageManager(  360):   Category: "android.intent.category.DEFAULT"
I/PackageManager(  360):   Scheme: "sms"
I/PackageManager(  360): Adding preferred activity ComponentInfo{com.android.mms/com.android.mms.ui.ComposeMessageActivity} for user 0 :
I/PackageManager(  360):   Action: "android.intent.action.SENDTO"
I/PackageManager(  360):   Category: "android.intent.category.DEFAULT"
I/PackageManager(  360):   Scheme: "smsto"
I/PackageManager(  360): Adding preferred activity ComponentInfo{com.android.mms/com.android.mms.ui.ComposeMessageActivity} for user 0 :
I/PackageManager(  360):   Action: "android.intent.action.SENDTO"
I/PackageManager(  360):   Category: "android.intent.category.DEFAULT"
I/PackageManager(  360):   Scheme: "mms"
I/PackageManager(  360): Adding preferred activity ComponentInfo{com.android.mms/com.android.mms.ui.ComposeMessageActivity} for user 0 :
I/PackageManager(  360):   Action: "android.intent.action.SENDTO"
I/PackageManager(  360):   Category: "android.intent.category.DEFAULT"
I/PackageManager(  360):   Scheme: "mmsto"
I/PackageManager(  360): Adding preferred activity ComponentInfo{com.android.mms/com.android.mms.ui.ComposeMessageActivity} for user 0 :
D/dalvikvm(  360): GC_CONCURRENT freed 733K, 55% free 5763K/12540K, paused 7ms+5ms, total 80ms
D/dalvikvm(  360): WAIT_FOR_CONCURRENT_GC blocked 36ms
I/PackageManager(  360):   Action: "android.intent.action.SENDTO"
I/PackageManager(  360):   Category: "android.intent.category.DEFAULT"
I/PackageManager(  360):   Scheme: "sms"
I/PackageManager(  360): Adding preferred activity ComponentInfo{com.android.mms/com.android.mms.ui.ComposeMessageActivity} for user 0 :
D/dalvikvm(  599): GC_CONCURRENT freed 473K, 16% free 3375K/3988K, paused 3ms+2ms, total 43ms
I/PackageManager(  360):   Action: "android.intent.action.SENDTO"
I/PackageManager(  360):   Category: "android.intent.category.DEFAULT"
I/PackageManager(  360):   Scheme: "smsto"
I/PackageManager(  360): Adding preferred activity ComponentInfo{com.android.mms/com.android.mms.ui.ComposeMessageActivity} for user 0 :
I/PackageManager(  360):   Action: "android.intent.action.SENDTO"
I/PackageManager(  360):   Category: "android.intent.category.DEFAULT"
I/PackageManager(  360):   Scheme: "mms"
I/PackageManager(  360): Adding preferred activity ComponentInfo{com.android.mms/com.android.mms.ui.ComposeMessageActivity} for user 0 :
I/PackageManager(  360):   Action: "android.intent.action.SENDTO"
I/PackageManager(  360):   Category: "android.intent.category.DEFAULT"
I/PackageManager(  360):   Scheme: "mmsto"
I/PackageManager(  360): Adding preferred activity ComponentInfo{com.android.mms/com.android.mms.ui.ComposeMessageActivity} for user 0 :
I/PackageManager(  360):   Action: "android.intent.action.SENDTO"
I/PackageManager(  360):   Category: "android.intent.category.DEFAULT"
I/PackageManager(  360):   Scheme: "sms"
I/PackageManager(  360): Adding preferred activity ComponentInfo{com.android.mms/com.android.mms.ui.ComposeMessageActivity} for user 0 :
I/PackageManager(  360):   Action: "android.intent.action.SENDTO"
I/PackageManager(  360):   Category: "android.intent.category.DEFAULT"
I/PackageManager(  360):   Scheme: "smsto"
I/PackageManager(  360): Adding preferred activity ComponentInfo{com.android.mms/com.android.mms.ui.ComposeMessageActivity} for user 0 :
I/PackageManager(  360):   Action: "android.intent.action.SENDTO"
I/PackageManager(  360):   Category: "android.intent.category.DEFAULT"
I/PackageManager(  360):   Scheme: "mms"
I/PackageManager(  360): Adding preferred activity ComponentInfo{com.android.mms/com.android.mms.ui.ComposeMessageActivity} for user 0 :
D/dalvikvm(  599): GC_CONCURRENT freed 468K, 16% free 3361K/3988K, paused 5ms+22ms, total 65ms
D/dalvikvm(  360): GC_CONCURRENT freed 766K, 55% free 5765K/12540K, paused 15ms+5ms, total 119ms
D/dalvikvm(  360): WAIT_FOR_CONCURRENT_GC blocked 29ms
D/dalvikvm(  360): WAIT_FOR_CONCURRENT_GC blocked 23ms
I/PackageManager(  360):   Action: "android.intent.action.SENDTO"
I/PackageManager(  360):   Category: "android.intent.category.DEFAULT"
I/PackageManager(  360):   Scheme: "mmsto"
I/PackageManager(  360): Adding preferred activity ComponentInfo{com.android.mms/com.android.mms.ui.ComposeMessageActivity} for user 0 :
I/PackageManager(  360):   Action: "android.intent.action.SENDTO"
I/PackageManager(  360):   Category: "android.intent.category.DEFAULT"
I/PackageManager(  360):   Scheme: "sms"
I/PackageManager(  360): Adding preferred activity ComponentInfo{com.android.mms/com.android.mms.ui.ComposeMessageActivity} for user 0 :
I/PackageManager(  360):   Action: "android.intent.action.SENDTO"
I/PackageManager(  360):   Category: "android.intent.category.DEFAULT"
I/PackageManager(  360):   Scheme: "smsto"
I/PackageManager(  360): Adding preferred activity ComponentInfo{com.android.mms/com.android.mms.ui.ComposeMessageActivity} for user 0 :
I/PackageManager(  360):   Action: "android.intent.action.SENDTO"
I/PackageManager(  360):   Category: "android.intent.category.DEFAULT"
I/PackageManager(  360):   Scheme: "mms"
I/PackageManager(  360): Adding preferred activity ComponentInfo{com.android.mms/com.android.mms.ui.ComposeMessageActivity} for user 0 :
I/PackageManager(  360):   Action: "android.intent.action.SENDTO"
I/PackageManager(  360):   Category: "android.intent.category.DEFAULT"
I/PackageManager(  360):   Scheme: "mmsto"
I/PackageManager(  360): Adding preferred activity ComponentInfo{com.android.mms/com.android.mms.ui.ComposeMessageActivity} for user 0 :
D/dalvikvm(  599): GC_CONCURRENT freed 424K, 16% free 3381K/3988K, paused 4ms+2ms, total 24ms
E/BluetoothAdapter(  607): Bluetooth binder is null
D/AlertReceiver(  953): onReceive: a=android.intent.action.PROVIDER_CHANGED Intent { act=android.intent.action.PROVIDER_CHANGED dat=content://com.android.calendar flg=0x10 cmp=com.android.calendar/.alerts.AlertReceiver }
I/ActivityManager(  360): Delay finish: com.android.calendar/.alerts.AlertReceiver
D/AlertService(  953): 0 Action = android.intent.action.PROVIDER_CHANGED
D/dalvikvm(  360): GC_CONCURRENT freed 728K, 55% free 5722K/12540K, paused 6ms+4ms, total 124ms
I/ActivityManager(  360): Waited long enough for: ServiceRecord{b36dbac0 u0 com.android.music/.MediaPlaybackService}
I/ActivityManager(  360): Resuming delayed broadcast
I/ActivityManager(  360): Delay finish: com.android.mms/.transaction.SmsReceiver
V/SmsReceiverService( 1030): onStart: #1 mResultCode: -1 = Activity.RESULT_OK
I/ActivityManager(  360): Resuming delayed broadcast
D/MobileDataStateTracker(  360): default: setPolicyDataEnable(enabled=true)
I/ActivityManager(  360): Delay finish: com.android.providers.calendar/.CalendarProviderBroadcastReceiver
I/ActivityManager(  360): Resuming delayed broadcast
D/dalvikvm(  972): GC_CONCURRENT freed 208K, 10% free 2887K/3196K, paused 14ms+44ms, total 171ms
I/ActivityManager(  360): Delay finish: com.android.providers.contacts/.PackageIntentReceiver
I/ActivityManager(  360): Resuming delayed broadcast
I/GlobalDismissManager(  953): no sender configured
D/AlertService(  953): Beginning updateAlertNotification
D/AlertService(  953): No fired or scheduled alerts
D/AlertService(  953): Scheduling next alarm with AlarmScheduler. sEventReminderReceived: null
D/AlarmScheduler(  953): No events found starting within 1 week.
I/ActivityManager(  360): Waited long enough for: ServiceRecord{b337f070 u0 com.android.calendar/.alerts.InitAlarmsService}
D/AndroidRuntime( 1151): 
D/AndroidRuntime( 1151): >>>>>> AndroidRuntime START com.android.internal.os.RuntimeInit <<<<<<
D/AndroidRuntime( 1151): CheckJNI is ON
D/dalvikvm( 1151): Trying to load lib libjavacore.so 0x0
D/dalvikvm( 1151): Added shared lib libjavacore.so 0x0
D/dalvikvm( 1151): Trying to load lib libnativehelper.so 0x0
D/dalvikvm( 1151): Added shared lib libnativehelper.so 0x0
D/dalvikvm( 1151): No JNI_OnLoad found in libnativehelper.so 0x0, skipping init
D/dalvikvm( 1151): Note: class Landroid/app/ActivityManagerNative; has 179 unimplemented (abstract) methods
E/memtrack( 1151): Couldn't load memtrack module (No such file or directory)
E/android.os.Debug( 1151): failed to load memtrack module: -2
D/AndroidRuntime( 1151): Calling main entry com.android.commands.am.Am
I/ActivityManager(  360): START u0 {act=android.intent.action.MAIN cat=[android.intent.category.LAUNCHER] flg=0x10000000 cmp=ps.wb.sign.zhongqiu2zhi/.LockSet} from pid 1151
D/gralloc (   57): Registering a buffer in the process that created it. This may cause memory ordering problems.
E/libEGL  (   57): called unimplemented OpenGL ES API
E/libEGL  (   57): called unimplemented OpenGL ES API
E/libEGL  (   57): called unimplemented OpenGL ES API
E/libEGL  (   57): called unimplemented OpenGL ES API
E/SurfaceFlinger(   57): glCheckFramebufferStatusOES error -2011851978
E/SurfaceFlinger(   57): got GL_FRAMEBUFFER_COMPLETE_OES error while taking screenshot
E/libEGL  (   57): called unimplemented OpenGL ES API
E/libEGL  (   57): called unimplemented OpenGL ES API
W/WindowManager(  360): Screenshot failure taking screenshot for (164x295) to layer 21005
D/ConnectivityService(  360): Sampling interval elapsed, updating statistics ..
D/ConnectivityService(  360): Done.
D/ConnectivityService(  360): Setting timer for 720seconds
I/ActivityManager(  360): Start proc ps.wb.sign.zhongqiu2zhi for activity ps.wb.sign.zhongqiu2zhi/.LockSet: pid=1161 uid=10052 gids={50052, 3003, 1028, 1015}
I/dalvikvm( 1161): CheckJNI enabled: not enabling JNI app bug workarounds.
V/PhoneStatusBar(  448): setLightsOn(true)
I/ARMAssembler(   57): generated scanline__00000077:03515104_00009002_00000000 [127 ipp] (149 ins) at [0xb5a7b680:0xb5a7b8d4] in 10000000 ns
D/WAPS_SDK( 1161): WapsId is setted by manifest, the value is: b6f0055b1d2744dde9dce6b3cf5d57b9
D/WAPS_SDK( 1161): The net is: epc.tmobile.com
D/dalvikvm( 1161): GC_CONCURRENT freed 304K, 13% free 2865K/3272K, paused 9ms+14ms, total 86ms
D/dalvikvm( 1161): GC_FOR_ALLOC freed 7K, 13% free 2859K/3272K, paused 15ms, total 15ms
I/dalvikvm-heap( 1161): Grow heap (frag case) to 3.155MB for 281896-byte allocation
D/dalvikvm( 1161): GC_FOR_ALLOC freed <1K, 12% free 3134K/3548K, paused 16ms, total 16ms
D/dalvikvm( 1161): GC_CONCURRENT freed 240K, 10% free 3311K/3652K, paused 11ms+2ms, total 33ms
E/WindowManager(  360): Starting window AppWindowToken{b3300b60 token=Token{b3238488 ActivityRecord{b2f2a0f0 u0 ps.wb.sign.zhongqiu2zhi/.LockSet t4}}} timed out
W/ActivityManager(  360): Launch timeout has expired, giving up wake lock!
D/AndroidRuntime( 1151): Shutting down VM
D/dalvikvm( 1151): GC_CONCURRENT freed 97K, 15% free 589K/688K, paused 3ms+1ms, total 16ms
V/AlarmClock(  981): AlarmInitReceiver android.intent.action.TIME_SET
I/AlarmClock(  981): Displaying next alarm time: ''
V/AlarmClock(  981): AlarmInitReceiver finished
D/InitAlarmsService(  953): Clearing and rescheduling alarms.
D/AndroidRuntime( 1188): 
D/AndroidRuntime( 1188): >>>>>> AndroidRuntime START com.android.internal.os.RuntimeInit <<<<<<
D/AndroidRuntime( 1188): CheckJNI is ON
D/dalvikvm( 1188): Trying to load lib libjavacore.so 0x0
D/dalvikvm( 1188): Added shared lib libjavacore.so 0x0
D/dalvikvm( 1188): Trying to load lib libnativehelper.so 0x0
D/dalvikvm( 1188): Added shared lib libnativehelper.so 0x0
D/dalvikvm( 1188): No JNI_OnLoad found in libnativehelper.so 0x0, skipping init
D/dalvikvm( 1188): Note: class Landroid/app/ActivityManagerNative; has 179 unimplemented (abstract) methods
E/memtrack( 1188): Couldn't load memtrack module (No such file or directory)
E/android.os.Debug( 1188): failed to load memtrack module: -2
D/AndroidRuntime( 1188): Calling main entry com.android.commands.am.Am
D/AndroidRuntime( 1188): Shutting down VM
D/dalvikvm( 1188): GC_CONCURRENT freed 97K, 15% free 587K/688K, paused 3ms+1ms, total 10ms
D/        (  360): Setting time of day to sec=1545660185
I/MediaFocusControl(  360):  AudioFocus  abandonAudioFocus() from android.media.AudioManager@b2d8a5d0com.android.music.MediaPlaybackService$3@b2d89450
D/AndroidRuntime( 1199): 
D/AndroidRuntime( 1199): >>>>>> AndroidRuntime START com.android.internal.os.RuntimeInit <<<<<<
D/AndroidRuntime( 1199): CheckJNI is ON
D/dalvikvm( 1199): Trying to load lib libjavacore.so 0x0
D/dalvikvm( 1199): Added shared lib libjavacore.so 0x0
D/dalvikvm( 1199): Trying to load lib libnativehelper.so 0x0
D/dalvikvm( 1199): Added shared lib libnativehelper.so 0x0
D/dalvikvm( 1199): No JNI_OnLoad found in libnativehelper.so 0x0, skipping init
D/dalvikvm( 1199): Note: class Landroid/app/ActivityManagerNative; has 179 unimplemented (abstract) methods
E/memtrack( 1199): Couldn't load memtrack module (No such file or directory)
E/android.os.Debug( 1199): failed to load memtrack module: -2
D/AndroidRuntime( 1199): Calling main entry com.android.commands.am.Am
I/ActivityManager(  360): START u0 {act=android.intent.action.MAIN cat=[android.intent.category.LAUNCHER] flg=0x10000000 cmp=ps.wb.sign.zhongqiu2zhi/com.waps.OffersWebView} from pid 1199
W/ActivityManager(  360): Activity pause timeout for ActivityRecord{b2f2a0f0 u0 ps.wb.sign.zhongqiu2zhi/.LockSet t4}
W/ActivityManager(  360): Launch timeout has expired, giving up wake lock!
D/AndroidRuntime( 1199): Shutting down VM
D/dalvikvm( 1199): GC_CONCURRENT freed 97K, 15% free 589K/692K, paused 1ms+1ms, total 9ms
D/AndroidRuntime( 1209): 
D/AndroidRuntime( 1209): >>>>>> AndroidRuntime START com.android.internal.os.RuntimeInit <<<<<<
D/AndroidRuntime( 1209): CheckJNI is ON
D/dalvikvm( 1209): Trying to load lib libjavacore.so 0x0
D/dalvikvm( 1209): Added shared lib libjavacore.so 0x0
D/dalvikvm( 1209): Trying to load lib libnativehelper.so 0x0
D/dalvikvm( 1209): Added shared lib libnativehelper.so 0x0
D/dalvikvm( 1209): No JNI_OnLoad found in libnativehelper.so 0x0, skipping init
D/dalvikvm( 1209): Note: class Landroid/app/ActivityManagerNative; has 179 unimplemented (abstract) methods
E/memtrack( 1209): Couldn't load memtrack module (No such file or directory)
E/android.os.Debug( 1209): failed to load memtrack module: -2
D/AndroidRuntime( 1209): Calling main entry com.android.commands.am.Am
I/ActivityManager(  360): START u0 {act=android.intent.action.MAIN cat=[android.intent.category.LAUNCHER] flg=0x10000000 cmp=ps.wb.sign.zhongqiu2zhi/.AutoUnlock} from pid 1209
W/ActivityManager(  360): Activity pause timeout for ActivityRecord{b2f5e9d0 u0 ps.wb.sign.zhongqiu2zhi/com.waps.OffersWebView t4}
W/ActivityManager(  360): Launch timeout has expired, giving up wake lock!
D/AndroidRuntime( 1209): Shutting down VM
D/dalvikvm( 1209): GC_CONCURRENT freed 97K, 15% free 589K/688K, paused 2ms+1ms, total 11ms
D/AndroidRuntime( 1220): 
D/AndroidRuntime( 1220): >>>>>> AndroidRuntime START com.android.internal.os.RuntimeInit <<<<<<
D/AndroidRuntime( 1220): CheckJNI is ON
D/dalvikvm( 1220): Trying to load lib libjavacore.so 0x0
D/dalvikvm( 1220): Added shared lib libjavacore.so 0x0
D/dalvikvm( 1220): Trying to load lib libnativehelper.so 0x0
D/dalvikvm( 1220): Added shared lib libnativehelper.so 0x0
D/dalvikvm( 1220): No JNI_OnLoad found in libnativehelper.so 0x0, skipping init
D/dalvikvm( 1220): Note: class Landroid/app/ActivityManagerNative; has 179 unimplemented (abstract) methods
E/memtrack( 1220): Couldn't load memtrack module (No such file or directory)
E/android.os.Debug( 1220): failed to load memtrack module: -2
D/AndroidRuntime( 1220): Calling main entry com.android.commands.am.Am
I/ActivityManager(  360): START u0 {act=android.intent.action.MAIN cat=[android.intent.category.LAUNCHER] flg=0x10000000 cmp=ps.wb.sign.zhongqiu2zhi/.BZ0001} from pid 1220
W/ActivityManager(  360): Activity pause timeout for ActivityRecord{b3133140 u0 ps.wb.sign.zhongqiu2zhi/.AutoUnlock t4}
W/ActivityManager(  360): Launch timeout has expired, giving up wake lock!
D/AndroidRuntime( 1220): Shutting down VM
D/dalvikvm( 1220): GC_CONCURRENT freed 97K, 15% free 589K/688K, paused 1ms+2ms, total 12ms
D/AndroidRuntime( 1230): 
D/AndroidRuntime( 1230): >>>>>> AndroidRuntime START com.android.internal.os.RuntimeInit <<<<<<
D/AndroidRuntime( 1230): CheckJNI is ON
D/dalvikvm( 1230): Trying to load lib libjavacore.so 0x0
D/dalvikvm( 1230): Added shared lib libjavacore.so 0x0
D/dalvikvm( 1230): Trying to load lib libnativehelper.so 0x0
D/dalvikvm( 1230): Added shared lib libnativehelper.so 0x0
D/dalvikvm( 1230): No JNI_OnLoad found in libnativehelper.so 0x0, skipping init
D/dalvikvm( 1230): Note: class Landroid/app/ActivityManagerNative; has 179 unimplemented (abstract) methods
E/memtrack( 1230): Couldn't load memtrack module (No such file or directory)
E/android.os.Debug( 1230): failed to load memtrack module: -2
D/AndroidRuntime( 1230): Calling main entry com.android.commands.am.Am
I/ActivityManager(  360): START u0 {act=android.intent.action.MAIN cat=[android.intent.category.LAUNCHER] flg=0x10000000 cmp=ps.wb.sign.zhongqiu2zhi/.Turntest} from pid 1230
W/ActivityManager(  360): Activity pause timeout for ActivityRecord{b36daec8 u0 ps.wb.sign.zhongqiu2zhi/.BZ0001 t4}
W/ActivityManager(  360): Launch timeout has expired, giving up wake lock!
D/AndroidRuntime( 1230): Shutting down VM
D/dalvikvm( 1230): GC_CONCURRENT freed 97K, 15% free 589K/688K, paused 2ms+4ms, total 14ms
D/AndroidRuntime( 1240): 
D/AndroidRuntime( 1240): >>>>>> AndroidRuntime START com.android.internal.os.RuntimeInit <<<<<<
D/AndroidRuntime( 1240): CheckJNI is ON
D/dalvikvm( 1240): Trying to load lib libjavacore.so 0x0
D/dalvikvm( 1240): Added shared lib libjavacore.so 0x0
D/dalvikvm( 1240): Trying to load lib libnativehelper.so 0x0
D/dalvikvm( 1240): Added shared lib libnativehelper.so 0x0
D/dalvikvm( 1240): No JNI_OnLoad found in libnativehelper.so 0x0, skipping init
D/dalvikvm( 1240): Note: class Landroid/app/ActivityManagerNative; has 179 unimplemented (abstract) methods
E/memtrack( 1240): Couldn't load memtrack module (No such file or directory)
E/android.os.Debug( 1240): failed to load memtrack module: -2
D/AndroidRuntime( 1240): Calling main entry com.android.commands.am.Am
D/AndroidRuntime( 1240): Shutting down VM
D/dalvikvm( 1240): GC_CONCURRENT freed 96K, 15% free 585K/684K, paused 1ms+2ms, total 17ms
D/AndroidRuntime( 1250): 
D/AndroidRuntime( 1250): >>>>>> AndroidRuntime START com.android.internal.os.RuntimeInit <<<<<<
D/AndroidRuntime( 1250): CheckJNI is ON
D/dalvikvm( 1250): Trying to load lib libjavacore.so 0x0
D/dalvikvm( 1250): Added shared lib libjavacore.so 0x0
D/dalvikvm( 1250): Trying to load lib libnativehelper.so 0x0
D/dalvikvm( 1250): Added shared lib libnativehelper.so 0x0
D/dalvikvm( 1250): No JNI_OnLoad found in libnativehelper.so 0x0, skipping init
D/dalvikvm( 1250): Note: class Landroid/app/ActivityManagerNative; has 179 unimplemented (abstract) methods
E/memtrack( 1250): Couldn't load memtrack module (No such file or directory)
E/android.os.Debug( 1250): failed to load memtrack module: -2
D/AndroidRuntime( 1250): Calling main entry com.android.commands.am.Am
I/ActivityManager(  360): START u0 {act=android.intent.action.MAIN cat=[android.intent.category.LAUNCHER] flg=0x10000000 cmp=ps.wb.sign.zhongqiu2zhi/.LockSet} from pid 1250
W/ActivityManager(  360): Timeout executing service: ServiceRecord{b2df4720 u0 ps.wb.sign.zhongqiu2zhi/.MyService}
I/Process (  360): Sending signal. PID: 1161 SIG: 3
I/dalvikvm( 1161): threadid=3: reacting to signal 3
I/dalvikvm( 1161): Wrote stack traces to '/data/anr/traces.txt'
I/Process (  360): Sending signal. PID: 360 SIG: 3
I/dalvikvm(  360): threadid=3: reacting to signal 3
I/dalvikvm(  360): Wrote stack traces to '/data/anr/traces.txt'
I/Process (  360): Sending signal. PID: 599 SIG: 3
I/dalvikvm(  599): threadid=3: reacting to signal 3
I/dalvikvm(  599): Wrote stack traces to '/data/anr/traces.txt'
I/Process (  360): Sending signal. PID: 448 SIG: 3
I/dalvikvm(  448): threadid=3: reacting to signal 3
I/dalvikvm(  448): Wrote stack traces to '/data/anr/traces.txt'
D/dalvikvm(  360): GC_CONCURRENT freed 596K, 54% free 5828K/12540K, paused 7ms+13ms, total 126ms
D/dalvikvm(  360): GC_EXPLICIT freed 506K, 53% free 5931K/12540K, paused 6ms+6ms, total 75ms
E/ActivityManager(  360): ANR in ps.wb.sign.zhongqiu2zhi
E/ActivityManager(  360): PID: 1161
E/ActivityManager(  360): Reason: Executing service ps.wb.sign.zhongqiu2zhi/.MyService
E/ActivityManager(  360): Load: 1.39 / 1.38 / 0.62
E/ActivityManager(  360): CPU usage from 22158ms to 402ms ago:
E/ActivityManager(  360):   0.5% 360/system_server: 0.5% user + 0% kernel / faults: 2 minor
E/ActivityManager(  360):   0.3% 599/com.android.phone: 0.2% user + 0.1% kernel
E/ActivityManager(  360):   0% 57/surfaceflinger: 0% user + 0% kernel / faults: 2 minor
E/ActivityManager(  360):   0% 69/adbd: 0% user + 0% kernel / faults: 25 minor
E/ActivityManager(  360):   0% 448/com.android.systemui: 0% user + 0% kernel
E/ActivityManager(  360):   0% 1161/ps.wb.sign.zhongqiu2zhi: 0% user + 0% kernel / faults: 1 minor
E/ActivityManager(  360):  +0% 1250/app_process: 0% user + 0% kernel
E/ActivityManager(  360): 13% TOTAL: 10% user + 2.8% kernel
E/ActivityManager(  360): CPU usage from 1777ms to 2320ms later:
E/ActivityManager(  360):   7.4% 360/system_server: 3.7% user + 3.7% kernel
E/ActivityManager(  360):     7.4% 377/ActivityManager: 3.7% user + 3.7% kernel
E/ActivityManager(  360):   1.1% 599/com.android.phone: 1.1% user + 0% kernel
E/ActivityManager(  360):     1.1% 599/m.android.phone: 1.1% user + 0% kernel
E/ActivityManager(  360): 9.2% TOTAL: 5.5% user + 3.7% kernel
D/dalvikvm(  360): GC_CONCURRENT freed 216K, 48% free 6524K/12540K, paused 9ms+5ms, total 144ms
D/dalvikvm(  360): WAIT_FOR_CONCURRENT_GC blocked 66ms
D/dalvikvm(  360): WAIT_FOR_CONCURRENT_GC blocked 26ms
D/dalvikvm(  360): GC_FOR_ALLOC freed 739K, 48% free 6540K/12540K, paused 73ms, total 74ms
I/Choreographer(  360): Skipped 41 frames!  The application may be doing too much work on its main thread.
D/AndroidRuntime( 1161): Shutting down VM
W/dalvikvm( 1161): threadid=1: thread exiting with uncaught exception (group=0xb2ac8ba8)
I/ActivityManager(  360): START u0 {cmp=ps.wb.sign.zhongqiu2zhi/LockSet} from pid 1161
E/AndroidRuntime( 1161): FATAL EXCEPTION: main
E/AndroidRuntime( 1161): Process: ps.wb.sign.zhongqiu2zhi, PID: 1161
E/AndroidRuntime( 1161): android.util.SuperNotCalledException: Activity {ps.wb.sign.zhongqiu2zhi/com.waps.OffersWebView} did not call through to super.onCreate()
E/AndroidRuntime( 1161): 	at android.app.ActivityThread.performLaunchActivity(ActivityThread.java:2150)
E/AndroidRuntime( 1161): 	at android.app.ActivityThread.handleLaunchActivity(ActivityThread.java:2233)
E/AndroidRuntime( 1161): 	at android.app.ActivityThread.access$800(ActivityThread.java:135)
E/AndroidRuntime( 1161): 	at android.app.ActivityThread$H.handleMessage(ActivityThread.java:1196)
E/AndroidRuntime( 1161): 	at android.os.Handler.dispatchMessage(Handler.java:102)
E/AndroidRuntime( 1161): 	at android.os.Looper.loop(Looper.java:136)
E/AndroidRuntime( 1161): 	at android.app.ActivityThread.main(ActivityThread.java:5001)
E/AndroidRuntime( 1161): 	at java.lang.reflect.Method.invokeNative(Native Method)
E/AndroidRuntime( 1161): 	at java.lang.reflect.Method.invoke(Method.java:515)
E/AndroidRuntime( 1161): 	at com.android.internal.os.ZygoteInit$MethodAndArgsCaller.run(ZygoteInit.java:785)
E/AndroidRuntime( 1161): 	at com.android.internal.os.ZygoteInit.main(ZygoteInit.java:601)
E/AndroidRuntime( 1161): 	at dalvik.system.NativeStart.main(Native Method)
W/ActivityManager(  360):   Force finishing activity ps.wb.sign.zhongqiu2zhi/.Turntest
W/ActivityManager(  360):   Force finishing activity ps.wb.sign.zhongqiu2zhi/.BZ0001
E/EE      ( 1161): ---------getUpdatePoints----------------->0
W/ActivityManager(  360): Activity pause timeout for ActivityRecord{b36f0ea0 u0 ps.wb.sign.zhongqiu2zhi/.Turntest t4 f}
D/dalvikvm( 1161): GC_CONCURRENT freed 395K, 13% free 3416K/3912K, paused 3ms+3ms, total 117ms
W/ActivityManager(  360): Launch timeout has expired, giving up wake lock!
W/ActivityManager(  360): Activity destroy timeout for ActivityRecord{b36daec8 u0 ps.wb.sign.zhongqiu2zhi/.BZ0001 t4 f}
W/ActivityManager(  360): Activity destroy timeout for ActivityRecord{b36f0ea0 u0 ps.wb.sign.zhongqiu2zhi/.Turntest t4 f}
