V/MediaScanner(  625): /pruneDeadThumbnailFiles... android.database.sqlite.SQLiteCursor@b2dbdfd0
I/ActivityManager(  361): Start proc com.android.calendar for broadcast com.android.calendar/.widget.CalendarAppWidgetService$CalendarFactory: pid=951 uid=10016 gids={50016, 3003}
D/dalvikvm(  916): GC_CONCURRENT freed 207K, 10% free 2888K/3188K, paused 6ms+1ms, total 232ms
I/MediaFocusControl(  361):   Remote Control   registerMediaButtonIntent() for PendingIntent{b3238150: PendingIntentRecord{b3238118 com.android.music broadcastIntent}}
D/ExtensionsFactory(  951): No custom extensions.
I/ActivityManager(  361): Start proc com.android.deskclock for broadcast com.android.deskclock/.AlarmInitReceiver: pid=970 uid=10020 gids={50020, 1028}
I/ActivityManager(  361): Start proc com.android.providers.calendar for content provider com.android.providers.calendar/.CalendarProvider2: pid=980 uid=10001 gids={50001, 3003, 1028, 1015}
D/dalvikvm(   58): GC_EXPLICIT freed 40K, 5% free 2705K/2836K, paused 2ms+12ms, total 62ms
D/dalvikvm(   58): GC_EXPLICIT freed <1K, 5% free 2705K/2836K, paused 2ms+2ms, total 58ms
D/dalvikvm(   58): GC_EXPLICIT freed <1K, 5% free 2705K/2836K, paused 2ms+2ms, total 59ms
V/AlarmClock(  970): AlarmInitReceiver android.intent.action.TIMEZONE_CHANGED
I/CalendarDatabaseHelper(  980): Bootstrapping database
I/AlarmClock(  970): Alarms Table created
I/AlarmClock(  970): Instance table created
I/AlarmClock(  970): Cities table created
I/AlarmClock(  970): Inserting default alarms
I/AlarmClock(  970): Displaying next alarm time: ''
W/BackupManagerService(  361): dataChanged but no participant pkg='com.android.providers.settings' uid=10020
V/AlarmClock(  970): AlarmInitReceiver finished
E/logwrapper(  996): executing /system/bin/ip failed: No such file or directory
E/ConnectivityService(  361): Exception trying to add a route: java.lang.IllegalStateException: command '45 interface fwmark exempt add 10.0.2.2/32' failed with '400 45 Failed to add exemption rule (File exists)'
E/BluetoothAdapter(  613): Bluetooth binder is null
I/CalendarProvider2(  980): Created com.android.providers.calendar.CalendarAlarmManager@b2d85820(com.android.providers.calendar.CalendarProvider2@b2d71ef8)
E/BluetoothAdapter(  613): Bluetooth binder is null
E/logwrapper(  998): executing /system/bin/ip failed: No such file or directory
E/ConnectivityService(  361): Exception trying to add a route: java.lang.IllegalStateException: command '47 interface fwmark exempt add 172.217.23.14/32' failed with '400 47 Failed to add exemption rule (File exists)'
D/ConnectivityService(  361): requestRouteToHostAddress ok=false
D/ConnectivityService(  361): [CheckMp] isMobileOk: could not establish route to hostAddr=clients3.google.com/172.217.23.14
I/ActivityManager(  361): Start proc com.android.dialer for broadcast com.android.dialer/.calllog.CallLogReceiver: pid=999 uid=10004 gids={50004, 3003, 1028, 1015}
D/ExtensionsFactory(  999): No custom extensions.
W/ActivityManager(  361): Unable to start service Intent { cmp=com.android.email/.service.AttachmentDownloadService } U=0: not found
I/ActivityManager(  361): Delay finish: com.android.dialer/.calllog.CallLogReceiver
W/ActivityManager(  361): Unable to start service Intent { cmp=com.android.email/.service.AttachmentDownloadService } U=0: not found
I/Email   (  916): Observing account changes for notifications
I/ActivityManager(  361): Resuming delayed broadcast
E/BluetoothAdapter(  361): Bluetooth binder is null
E/BluetoothAdapter(  361): Bluetooth binder is null
V/WiredAccessoryManager(  361): init()
E/SoundPool(  361): error loading /system/media/audio/ui/Effect_Tick.ogg
W/AudioService(  361): Soundpool could not load file: /system/media/audio/ui/Effect_Tick.ogg
E/SoundPool(  361): error loading /system/media/audio/ui/Effect_Tick.ogg
W/AudioService(  361): Soundpool could not load file: /system/media/audio/ui/Effect_Tick.ogg
E/SoundPool(  361): error loading /system/media/audio/ui/Effect_Tick.ogg
W/AudioService(  361): Soundpool could not load file: /system/media/audio/ui/Effect_Tick.ogg
E/SoundPool(  361): error loading /system/media/audio/ui/Effect_Tick.ogg
W/AudioService(  361): Soundpool could not load file: /system/media/audio/ui/Effect_Tick.ogg
E/SoundPool(  361): error loading /system/media/audio/ui/Effect_Tick.ogg
W/AudioService(  361): Soundpool could not load file: /system/media/audio/ui/Effect_Tick.ogg
E/SoundPool(  361): error loading /system/media/audio/ui/KeypressStandard.ogg
W/AudioService(  361): Soundpool could not load file: /system/media/audio/ui/KeypressStandard.ogg
E/SoundPool(  361): error loading /system/media/audio/ui/KeypressSpacebar.ogg
W/AudioService(  361): Soundpool could not load file: /system/media/audio/ui/KeypressSpacebar.ogg
E/SoundPool(  361): error loading /system/media/audio/ui/KeypressDelete.ogg
W/AudioService(  361): Soundpool could not load file: /system/media/audio/ui/KeypressDelete.ogg
E/SoundPool(  361): error loading /system/media/audio/ui/KeypressReturn.ogg
W/AudioService(  361): Soundpool could not load file: /system/media/audio/ui/KeypressReturn.ogg
E/SoundPool(  361): error loading /system/media/audio/ui/KeypressInvalid.ogg
W/AudioService(  361): Soundpool could not load file: /system/media/audio/ui/KeypressInvalid.ogg
W/AudioService(  361): onLoadSoundEffects(), Error -1 while loading samples
I/ContactDirectoryManager(  550): deleted 0 stale rows which don't have any relevant directory
I/ContactDirectoryManager(  550): Discovered 0 contact directories in 6097ms
I/PowerManagerService(  361): Boot animation finished.
I/ContactsProvider(  550): Upgrading aggregation algorithm
I/ContactAggregator(  550): Marked all visible contacts for aggregation: 0 raw contacts, 25 ms
I/RecoverySystem(  361): No recovery log file
I/ContactsProvider(  550): Aggregation algorithm upgraded for 0 raw contacts in 72ms
I/BootReceiver(  361): Copying audit failures to DropBox
I/BootReceiver(  361): Checking for fsck errors
D/dalvikvm(  361): GC_CONCURRENT freed 507K, 56% free 5879K/13272K, paused 13ms+5ms, total 101ms
I/CalendarProvider2(  980): Sending notification intent: Intent { act=android.intent.action.PROVIDER_CHANGED dat=content://com.android.calendar }
W/ContentResolver(  980): Failed to get type for: content://com.android.calendar (Unknown URL content://com.android.calendar)
I/ContactsFTS(  550): Rebuild contact search index in 169ms, 0 contacts
I/ActivityManager(  361): Start proc com.android.mms for broadcast com.android.mms/.transaction.MmsSystemEventReceiver: pid=1029 uid=10009 gids={50009, 3003, 1028, 1015}
D/dalvikvm(  550): GC_CONCURRENT freed 307K, 12% free 3085K/3480K, paused 5ms+2ms, total 193ms
D/CountryDetector(  361): The first listener is added
V/MmsConfig( 1029): mnc/mcc: 310260
V/MmsConfig( 1029): tag: bool value: enabledMMS - true
V/MmsConfig( 1029): tag: int value: maxMessageSize - 307200
V/MmsConfig( 1029): tag: int value: maxImageHeight - 480
V/MmsConfig( 1029): tag: int value: maxImageWidth - 640
V/MmsConfig( 1029): tag: int value: defaultSMSMessagesPerThread - 10000
V/MmsConfig( 1029): tag: int value: defaultMMSMessagesPerThread - 1000
V/MmsConfig( 1029): tag: int value: minMessageCountPerThread - 10
V/MmsConfig( 1029): tag: int value: maxMessageCountPerThread - 5000
V/MmsConfig( 1029): tag: string value: uaProfUrl - http://www.google.com/oha/rdf/ua-profile-kila.xml
V/MmsConfig( 1029): tag: int value: recipientLimit - -1
V/MmsConfig( 1029): tag: bool value: enableMultipartSMS - true
V/MmsConfig( 1029): tag: int value: smsToMmsTextThreshold - -1
V/MmsConfig( 1029): tag: bool value: enableSlideDuration - true
V/MmsConfig( 1029): tag: int value: maxMessageTextSize - -1
I/MediaProvider(  625): Upgrading media database from version 0 to 700, which will destroy all old data
I/ActivityManager(  361): Delay finish: com.android.mms/.transaction.MmsSystemEventReceiver
D/Mms:app ( 1029): cancelNotification
I/ActivityManager(  361): Resuming delayed broadcast
I/ActivityManager(  361): Delay finish: com.android.mms/.transaction.SmsReceiver
D/MmsSmsDatabaseHelper(  603): [MmsSmsDb] tableName: threads hasAutoIncrement: CREATE TABLE threads (_id INTEGER PRIMARY KEY AUTOINCREMENT,date INTEGER DEFAULT 0,message_count INTEGER DEFAULT 0,recipient_ids TEXT,snippet TEXT,snippet_cs INTEGER DEFAULT 0,read INTEGER DEFAULT 1,type INTEGER DEFAULT 0,error INTEGER DEFAULT 0,has_attachment INTEGER DEFAULT 0) result: true
D/MmsSmsDatabaseHelper(  603): [MmsSmsDb] tableName: canonical_addresses hasAutoIncrement: CREATE TABLE canonical_addresses (_id INTEGER PRIMARY KEY AUTOINCREMENT,address TEXT) result: true
D/MmsSmsDatabaseHelper(  603): [MmsSmsDb] tableName: part hasAutoIncrement: CREATE TABLE part (_id INTEGER PRIMARY KEY AUTOINCREMENT,mid INTEGER,seq INTEGER DEFAULT 0,ct TEXT,name TEXT,chset INTEGER,cd TEXT,fn TEXT,cid TEXT,cl TEXT,ctt_s INTEGER,ctt_t TEXT,_data TEXT,text TEXT) result: true
D/MmsSmsDatabaseHelper(  603): [MmsSmsDb] tableName: pdu hasAutoIncrement: CREATE TABLE pdu (_id INTEGER PRIMARY KEY AUTOINCREMENT,thread_id INTEGER,date INTEGER,date_sent INTEGER DEFAULT 0,msg_box INTEGER,read INTEGER DEFAULT 0,m_id TEXT,sub TEXT,sub_cs INTEGER,ct_t TEXT,ct_l TEXT,exp INTEGER,m_cls TEXT,m_type INTEGER,v INTEGER,m_size INTEGER,pri INTEGER,rr INTEGER,rpt_a INTEGER,resp_st INTEGER,st INTEGER,tr_id TEXT,retr_st INTEGER,retr_txt TEXT,retr_txt_cs INTEGER,read_status INTEGER,ct_cls INTEGER,resp_txt TEXT,d_tm INTEGER,d_rpt INTEGER,locked INTEGER DEFAULT 0,seen INTEGER DEFAULT 0,text_only INTEGER DEFAULT 0) result: true
D/MmsSmsDatabaseHelper(  603): [getWritableDatabase] hasAutoIncrementThreads: true hasAutoIncrementAddresses: true hasAutoIncrementPart: true hasAutoIncrementPdu: true
D/dalvikvm( 1029): GC_CONCURRENT freed 233K, 11% free 2865K/3188K, paused 23ms+2ms, total 78ms
D/Mms:app ( 1029): cancelNotification
E/logwrapper( 1056): executing /system/bin/ip failed: No such file or directory
E/ConnectivityService(  361): Exception trying to add a route: java.lang.IllegalStateException: command '49 interface fwmark exempt add 10.0.2.2/32' failed with '400 49 Failed to add exemption rule (File exists)'
I/ActivityManager(  361): Resuming delayed broadcast
E/logwrapper( 1057): executing /system/bin/ip failed: No such file or directory
D/AlertReceiver(  951): onReceive: a=android.intent.action.BOOT_COMPLETED Intent { act=android.intent.action.BOOT_COMPLETED flg=0x8000010 cmp=com.android.calendar/.alerts.AlertReceiver (has extras) }
I/ActivityManager(  361): Delay finish: com.android.calendar/.alerts.AlertReceiver
E/ConnectivityService(  361): Exception trying to add a route: java.lang.IllegalStateException: command '51 interface fwmark exempt add 172.217.23.14/32' failed with '400 51 Failed to add exemption rule (File exists)'
D/ConnectivityService(  361): requestRouteToHostAddress ok=false
D/ConnectivityService(  361): [CheckMp] isMobileOk: could not establish route to hostAddr=clients3.google.com/172.217.23.14
D/AlertUtils(  951): Flushing old alerts from shared prefs table
D/AlertService(  951): 0 Action = android.intent.action.BOOT_COMPLETED
D/AlertService(  951): Scheduling next alarm with AlarmScheduler. sEventReminderReceived: null
D/dalvikvm(  951): GC_CONCURRENT freed 308K, 13% free 2805K/3204K, paused 13ms+4ms, total 78ms
E/SQLiteLog(  625): (1) no such table: files
D/AlarmScheduler(  951): No events found starting within 1 week.
E/WVMExtractor(   60): Failed to open libwvm.so
D/dalvikvm(  625): GC_CONCURRENT freed 267K, 11% free 3039K/3396K, paused 5ms+3ms, total 54ms
V/MediaScanner(  625): pruneDeadThumbnailFiles... android.database.sqlite.SQLiteCursor@b2de4220
V/MediaScanner(  625): /pruneDeadThumbnailFiles... android.database.sqlite.SQLiteCursor@b2de4220
I/ActivityManager(  361): Resuming delayed broadcast
V/AlarmClock(  970): AlarmInitReceiver android.intent.action.BOOT_COMPLETED
V/AlarmClock(  970): AlarmInitReceiver - Reset timers and clear stopwatch data
V/AlarmClock(  970): AlarmInitReceiver - resetting volume button default
I/AlarmClock(  970): Displaying next alarm time: ''
D/dalvikvm(  970): GC_CONCURRENT freed 373K, 15% free 2834K/3300K, paused 23ms+2ms, total 107ms
D/dalvikvm(  970): WAIT_FOR_CONCURRENT_GC blocked 35ms
V/AlarmClock(  970): AlarmInitReceiver finished
I/ActivityManager(  361): Delay finish: com.android.email/.service.EmailUpgradeBroadcastReceiver
I/ActivityManager(  361): Resuming delayed broadcast
I/ActivityManager(  361): Delay finish: com.android.email/.service.EmailBroadcastReceiver
I/Email   (  916): Onetime initialization: 1
I/Email   (  916): Onetime initialization: 2
I/Email   (  916): Onetime initialization: completed.
E/MetadataRetrieverClient(   60): failed to extract an album art
I/ActivityManager(  361): Delaying start of: ServiceRecord{b2e759c8 u0 com.android.exchange/.service.EmailSyncAdapterService}
I/ActivityManager(  361): Resuming delayed broadcast
I/LauncherIconVisibilityManager(  591): Boot has been completed
I/LauncherIconVisibilityManager(  591): Disable activity: ComponentInfo{com.android.inputmethod.latin/com.android.inputmethod.latin.setup.SetupActivity}
D/dalvikvm(  591): GC_CONCURRENT freed 360K, 13% free 3130K/3580K, paused 14ms+32ms, total 115ms
E/BluetoothAdapter(  613): Bluetooth binder is null
D/dalvikvm(  361): GC_CONCURRENT freed 834K, 57% free 5733K/13272K, paused 13ms+6ms, total 142ms
I/ActivityManager(  361): Delay finish: com.android.deskclock/com.android.alarmclock.AnalogAppWidgetProvider
I/ActivityManager(  361): Resuming delayed broadcast
W/BroadcastQueue(  361): Permission Denial: broadcasting Intent { act=android.appwidget.action.APPWIDGET_UPDATE_OPTIONS flg=0x10 cmp=com.android.settings/.widget.SettingsAppWidgetProvider (has extras) } from android (pid=672, uid=10008) is not exported from uid 1000 due to receiver com.android.settings/.widget.SettingsAppWidgetProvider
I/ActivityManager(  361): Start proc com.svox.pico for broadcast com.svox.pico/.VoiceDataInstallerReceiver: pid=1074 uid=10037 gids={50037, 1028, 1015}
E/BluetoothAdapter(  613): Bluetooth binder is null
D/AlertReceiver(  951): onReceive: a=android.intent.action.PROVIDER_CHANGED Intent { act=android.intent.action.PROVIDER_CHANGED dat=content://com.android.calendar flg=0x10 cmp=com.android.calendar/.alerts.AlertReceiver }
I/ActivityManager(  361): Delay finish: com.android.calendar/.alerts.AlertReceiver
D/AlertService(  951): 0 Action = android.intent.action.PROVIDER_CHANGED
D/ConnectivityService(  361): [CheckMp] isMobileOk: too many loops tried - giving up
D/ConnectivityService(  361): [CheckMp] isMobileOk: X loops|timed out result=0
D/ConnectivityService(  361): [CheckMp] isMobileOk: F stop hipri
D/MobileDataStateTracker(  361): default: setEnableFailFastMobileData(enabled=0)
D/ConnectivityService(  361): stopUsingNetworkFeature: teardown net 0: enableHIPRI
D/MobileDataStateTracker(  361): hipri: Broadcast received: android.intent.action.ANY_DATA_STATE apnType=hipri
D/MobileDataStateTracker(  361): hipri: Received state=DISCONNECTED, old=CONNECTED, reason=dataDisabled
D/MobileDataStateTracker(  361): hipri: setDetailed state, old =CONNECTED and new state=DISCONNECTED
D/ConnectivityService(  361): ConnectivityChange for mobile_hipri: DISCONNECTED/DISCONNECTED
E/logwrapper( 1087): executing /system/bin/ip failed: No such file or directory
E/SecondaryTablController(   54): ip route del failed: /system/bin/ip route del 10.0.2.2/32 via 0.0.0.0 dev eth0 table 60
W/FrameworkListener(   54): Handler 'interface' error (No such device)
E/logwrapper( 1088): executing /system/bin/ip failed: No such file or directory
E/SecondaryTablController(   54): ip route del failed: /system/bin/ip route del 0.0.0.0/0 via 10.0.2.2 dev eth0 table 60
W/FrameworkListener(   54): Handler 'interface' error (No such device)
D/Nat464Xlat(  361): requiresClat: netType=5, hasIPv4Address=true
D/MobileDataStateTracker(  361): default: setPolicyDataEnable(enabled=true)
E/NetdConnector(  361): NDC Command {59 bandwidth removeiquota eth0} took too long (604ms)
E/NetdConnector(  361): NDC Command {60 bandwidth gettetherstats} took too long (555ms)
D/dalvikvm(  361): GC_CONCURRENT freed 645K, 57% free 5772K/13272K, paused 27ms+7ms, total 205ms
E/NetdConnector(  361): NDC Command {61 bandwidth setiquota eth0 9223372036854775807} took too long (1499ms)
D/MobileDataStateTracker(  361): default: setPolicyDataEnable(enabled=true)
D/dalvikvm(  361): GC_CONCURRENT freed 738K, 57% free 5742K/13272K, paused 16ms+14ms, total 191ms
D/dalvikvm(  361): GC_CONCURRENT freed 684K, 58% free 5703K/13272K, paused 6ms+16ms, total 163ms
E/NetdConnector(  361): NDC Command {62 bandwidth removeiquota eth0} took too long (784ms)
D/Tethering(  361): MasterInitialState.processMessage what=3
D/CaptivePortalTracker(  361): NoActiveNetworkState{ when=-3ms what=1 obj=NetworkInfo: type: mobile_hipri[UMTS], state: DISCONNECTED/DISCONNECTED, reason: dataDisabled, extra: epc.tmobile.com, roaming: false, failover: false, isAvailable: true, isConnectedToProvisioningNetwork: false target=com.android.internal.util.StateMachine$SmHandler }
D/CaptivePortalTracker(  361): NoActiveNetworkState not a wifi connectivity change, ignore
D/Tethering(  361): MasterInitialState.processMessage what=3
D/CaptivePortalTracker(  361): NoActiveNetworkState{ when=-1ms what=1 obj=NetworkInfo: type: mobile[UMTS], state: CONNECTED/CONNECTED, reason: connected, extra: epc.tmobile.com, roaming: false, failover: false, isAvailable: true, isConnectedToProvisioningNetwork: false target=com.android.internal.util.StateMachine$SmHandler }
D/CaptivePortalTracker(  361): NoActiveNetworkState not a wifi connectivity change, ignore
W/ProcessCpuTracker(  361): Skipping unknown process pid 1123
D/dalvikvm(  361): GC_CONCURRENT freed 645K, 57% free 5708K/13272K, paused 17ms+5ms, total 172ms
I/InputReader(  361): Reconfiguring input devices.  changes=0x00000010
I/InputReader(  361): Reconfiguring input devices.  changes=0x00000010
E/NetdConnector(  361): NDC Command {63 bandwidth setiquota eth0 9223372036854775807} took too long (1418ms)
I/InputReader(  361): Reconfiguring input devices.  changes=0x00000010
I/PackageManager(  361):   Action: "android.intent.action.SENDTO"
I/PackageManager(  361):   Category: "android.intent.category.DEFAULT"
I/PackageManager(  361):   Scheme: "sms"
I/PackageManager(  361): Adding preferred activity ComponentInfo{com.android.mms/com.android.mms.ui.ComposeMessageActivity} for user 0 :
D/MobileDataStateTracker(  361): default: setPolicyDataEnable(enabled=true)
D/MobileDataStateTracker(  361): default: setPolicyDataEnable(enabled=true)
D/dalvikvm(  603): GC_CONCURRENT freed 409K, 16% free 3356K/3964K, paused 4ms+10ms, total 142ms
I/PackageManager(  361):   Action: "android.intent.action.SENDTO"
I/PackageManager(  361):   Category: "android.intent.category.DEFAULT"
I/PackageManager(  361):   Scheme: "smsto"
I/PackageManager(  361): Adding preferred activity ComponentInfo{com.android.mms/com.android.mms.ui.ComposeMessageActivity} for user 0 :
I/GlobalDismissManager(  951): no sender configured
D/AlertService(  951): Beginning updateAlertNotification
I/PackageManager(  361):   Action: "android.intent.action.SENDTO"
I/PackageManager(  361):   Category: "android.intent.category.DEFAULT"
I/PackageManager(  361):   Scheme: "mms"
I/PackageManager(  361): Adding preferred activity ComponentInfo{com.android.mms/com.android.mms.ui.ComposeMessageActivity} for user 0 :
D/dalvikvm(  361): GC_CONCURRENT freed 668K, 56% free 5893K/13272K, paused 17ms+20ms, total 186ms
I/PackageManager(  361):   Action: "android.intent.action.SENDTO"
I/PackageManager(  361):   Category: "android.intent.category.DEFAULT"
I/PackageManager(  361): Adding preferred activity ComponentInfo{com.android.mms/com.android.mms.ui.ComposeMessageActivity} for user 0 :
I/PackageManager(  361):   Scheme: "mmsto"
I/PackageManager(  361):   Action: "android.intent.action.SENDTO"
I/PackageManager(  361):   Category: "android.intent.category.DEFAULT"
I/PackageManager(  361):   Scheme: "sms"
I/PackageManager(  361): Adding preferred activity ComponentInfo{com.android.mms/com.android.mms.ui.ComposeMessageActivity} for user 0 :
I/PackageManager(  361):   Action: "android.intent.action.SENDTO"
I/PackageManager(  361):   Category: "android.intent.category.DEFAULT"
I/PackageManager(  361):   Scheme: "smsto"
I/PackageManager(  361): Adding preferred activity ComponentInfo{com.android.mms/com.android.mms.ui.ComposeMessageActivity} for user 0 :
D/dalvikvm(  603): GC_CONCURRENT freed 365K, 13% free 3451K/3964K, paused 3ms+36ms, total 84ms
I/PackageManager(  361):   Action: "android.intent.action.SENDTO"
I/PackageManager(  361):   Category: "android.intent.category.DEFAULT"
I/PackageManager(  361):   Scheme: "mms"
I/PackageManager(  361): Adding preferred activity ComponentInfo{com.android.mms/com.android.mms.ui.ComposeMessageActivity} for user 0 :
I/PackageManager(  361):   Action: "android.intent.action.SENDTO"
I/PackageManager(  361):   Category: "android.intent.category.DEFAULT"
I/PackageManager(  361):   Scheme: "mmsto"
I/PackageManager(  361): Adding preferred activity ComponentInfo{com.android.mms/com.android.mms.ui.ComposeMessageActivity} for user 0 :
D/ConnectivityService(  361): [CheckMp] isMobileOk: X result=0
D/ConnectivityService(  361): [CheckMp] onPostExecute: result=0
D/ConnectivityService(  361): CheckMp.onComplete: result=0
D/ConnectivityService(  361): CheckMp.onComplete: ignore, connected or no connection
I/PackageManager(  361):   Action: "android.intent.action.SENDTO"
I/PackageManager(  361):   Category: "android.intent.category.DEFAULT"
I/PackageManager(  361):   Scheme: "sms"
I/PackageManager(  361): Adding preferred activity ComponentInfo{com.android.mms/com.android.mms.ui.ComposeMessageActivity} for user 0 :
I/PackageManager(  361):   Action: "android.intent.action.SENDTO"
I/PackageManager(  361):   Category: "android.intent.category.DEFAULT"
I/PackageManager(  361):   Scheme: "smsto"
I/PackageManager(  361): Adding preferred activity ComponentInfo{com.android.mms/com.android.mms.ui.ComposeMessageActivity} for user 0 :
I/PackageManager(  361):   Action: "android.intent.action.SENDTO"
I/PackageManager(  361): Adding preferred activity ComponentInfo{com.android.mms/com.android.mms.ui.ComposeMessageActivity} for user 0 :
I/PackageManager(  361):   Category: "android.intent.category.DEFAULT"
I/PackageManager(  361):   Scheme: "mms"
D/dalvikvm(  361): GC_CONCURRENT freed 890K, 57% free 5805K/13272K, paused 7ms+5ms, total 114ms
D/dalvikvm(  361): WAIT_FOR_CONCURRENT_GC blocked 46ms
I/PackageManager(  361):   Action: "android.intent.action.SENDTO"
I/PackageManager(  361):   Category: "android.intent.category.DEFAULT"
I/PackageManager(  361):   Scheme: "mmsto"
I/PackageManager(  361): Adding preferred activity ComponentInfo{com.android.mms/com.android.mms.ui.ComposeMessageActivity} for user 0 :
I/PackageManager(  361):   Action: "android.intent.action.SENDTO"
I/PackageManager(  361):   Category: "android.intent.category.DEFAULT"
I/PackageManager(  361):   Scheme: "sms"
I/PackageManager(  361): Adding preferred activity ComponentInfo{com.android.mms/com.android.mms.ui.ComposeMessageActivity} for user 0 :
D/dalvikvm(  603): GC_CONCURRENT freed 488K, 15% free 3455K/4044K, paused 2ms+5ms, total 104ms
I/PackageManager(  361):   Action: "android.intent.action.SENDTO"
I/PackageManager(  361):   Category: "android.intent.category.DEFAULT"
I/PackageManager(  361):   Scheme: "smsto"
I/PackageManager(  361): Adding preferred activity ComponentInfo{com.android.mms/com.android.mms.ui.ComposeMessageActivity} for user 0 :
I/PackageManager(  361):   Action: "android.intent.action.SENDTO"
I/PackageManager(  361):   Category: "android.intent.category.DEFAULT"
I/PackageManager(  361):   Scheme: "mms"
I/PackageManager(  361): Adding preferred activity ComponentInfo{com.android.mms/com.android.mms.ui.ComposeMessageActivity} for user 0 :
I/PackageManager(  361):   Action: "android.intent.action.SENDTO"
I/PackageManager(  361):   Category: "android.intent.category.DEFAULT"
I/PackageManager(  361):   Scheme: "mmsto"
I/PackageManager(  361): Adding preferred activity ComponentInfo{com.android.mms/com.android.mms.ui.ComposeMessageActivity} for user 0 :
I/PackageManager(  361):   Action: "android.intent.action.SENDTO"
I/PackageManager(  361):   Category: "android.intent.category.DEFAULT"
I/PackageManager(  361):   Scheme: "sms"
I/PackageManager(  361): Adding preferred activity ComponentInfo{com.android.mms/com.android.mms.ui.ComposeMessageActivity} for user 0 :
I/PackageManager(  361):   Action: "android.intent.action.SENDTO"
I/PackageManager(  361):   Category: "android.intent.category.DEFAULT"
I/PackageManager(  361):   Scheme: "smsto"
I/PackageManager(  361): Adding preferred activity ComponentInfo{com.android.mms/com.android.mms.ui.ComposeMessageActivity} for user 0 :
D/dalvikvm(  603): GC_CONCURRENT freed 516K, 18% free 3338K/4044K, paused 3ms+2ms, total 64ms
I/PackageManager(  361):   Action: "android.intent.action.SENDTO"
I/PackageManager(  361):   Category: "android.intent.category.DEFAULT"
I/PackageManager(  361):   Scheme: "mms"
I/PackageManager(  361): Adding preferred activity ComponentInfo{com.android.mms/com.android.mms.ui.ComposeMessageActivity} for user 0 :
D/dalvikvm(  361): GC_CONCURRENT freed 816K, 57% free 5766K/13272K, paused 10ms+5ms, total 129ms
D/dalvikvm(  361): WAIT_FOR_CONCURRENT_GC blocked 34ms
I/PackageManager(  361):   Action: "android.intent.action.SENDTO"
I/PackageManager(  361):   Category: "android.intent.category.DEFAULT"
I/PackageManager(  361):   Scheme: "mmsto"
I/PackageManager(  361): Adding preferred activity ComponentInfo{com.android.mms/com.android.mms.ui.ComposeMessageActivity} for user 0 :
I/PackageManager(  361): Adding preferred activity ComponentInfo{com.android.mms/com.android.mms.ui.ComposeMessageActivity} for user 0 :
I/PackageManager(  361):   Action: "android.intent.action.SENDTO"
I/PackageManager(  361):   Category: "android.intent.category.DEFAULT"
I/PackageManager(  361):   Scheme: "sms"
I/PackageManager(  361):   Action: "android.intent.action.SENDTO"
I/PackageManager(  361):   Category: "android.intent.category.DEFAULT"
I/PackageManager(  361):   Scheme: "smsto"
I/PackageManager(  361): Adding preferred activity ComponentInfo{com.android.mms/com.android.mms.ui.ComposeMessageActivity} for user 0 :
I/PackageManager(  361):   Action: "android.intent.action.SENDTO"
I/PackageManager(  361):   Category: "android.intent.category.DEFAULT"
I/PackageManager(  361):   Scheme: "mms"
I/PackageManager(  361): Adding preferred activity ComponentInfo{com.android.mms/com.android.mms.ui.ComposeMessageActivity} for user 0 :
D/dalvikvm(  603): GC_CONCURRENT freed 426K, 17% free 3378K/4044K, paused 11ms+3ms, total 57ms
I/PackageManager(  361):   Action: "android.intent.action.SENDTO"
I/PackageManager(  361):   Category: "android.intent.category.DEFAULT"
I/PackageManager(  361):   Scheme: "mmsto"
I/PackageManager(  361): Adding preferred activity ComponentInfo{com.android.mms/com.android.mms.ui.ComposeMessageActivity} for user 0 :
D/AlertService(  951): No fired or scheduled alerts
D/AlertService(  951): Scheduling next alarm with AlarmScheduler. sEventReminderReceived: null
D/AlarmScheduler(  951): No events found starting within 1 week.
I/ActivityManager(  361): Resuming delayed broadcast
I/ActivityManager(  361): Delay finish: com.android.mms/.transaction.SmsReceiver
V/SmsReceiverService( 1029): onStart: #1 mResultCode: -1 = Activity.RESULT_OK
I/ActivityManager(  361): Resuming delayed broadcast
D/dalvikvm(  361): GC_CONCURRENT freed 745K, 57% free 5765K/13272K, paused 7ms+34ms, total 241ms
I/ActivityManager(  361): Waited long enough for: ServiceRecord{b3632490 u0 com.android.music/.MediaPlaybackService}
D/MobileDataStateTracker(  361): default: setPolicyDataEnable(enabled=true)
D/dalvikvm(  980): GC_CONCURRENT freed 217K, 10% free 2894K/3204K, paused 4ms+7ms, total 145ms
I/ActivityManager(  361): Delay finish: com.android.providers.contacts/.PackageIntentReceiver
I/ActivityManager(  361): Resuming delayed broadcast
D/AndroidRuntime( 1149): 
D/AndroidRuntime( 1149): >>>>>> AndroidRuntime START com.android.internal.os.RuntimeInit <<<<<<
D/AndroidRuntime( 1149): CheckJNI is ON
D/dalvikvm( 1149): Trying to load lib libjavacore.so 0x0
D/dalvikvm( 1149): Added shared lib libjavacore.so 0x0
D/dalvikvm( 1149): Trying to load lib libnativehelper.so 0x0
D/dalvikvm( 1149): Added shared lib libnativehelper.so 0x0
D/dalvikvm( 1149): No JNI_OnLoad found in libnativehelper.so 0x0, skipping init
D/dalvikvm( 1149): Note: class Landroid/app/ActivityManagerNative; has 179 unimplemented (abstract) methods
I/ActivityManager(  361): Waited long enough for: ServiceRecord{b3372b80 u0 com.android.calendar/.alerts.InitAlarmsService}
E/memtrack( 1149): Couldn't load memtrack module (No such file or directory)
E/android.os.Debug( 1149): failed to load memtrack module: -2
D/AndroidRuntime( 1149): Calling main entry com.android.commands.am.Am
I/ActivityManager(  361): START u0 {act=android.intent.action.MAIN cat=[android.intent.category.LAUNCHER] flg=0x10000000 cmp=zzzzzz.xxxxxx.cccccc/.ActivityStart} from pid 1149
D/gralloc (   57): Registering a buffer in the process that created it. This may cause memory ordering problems.
E/libEGL  (   57): called unimplemented OpenGL ES API
E/libEGL  (   57): called unimplemented OpenGL ES API
E/libEGL  (   57): called unimplemented OpenGL ES API
E/libEGL  (   57): called unimplemented OpenGL ES API
E/SurfaceFlinger(   57): glCheckFramebufferStatusOES error 836969677
E/SurfaceFlinger(   57): got GL_FRAMEBUFFER_COMPLETE_OES error while taking screenshot
E/libEGL  (   57): called unimplemented OpenGL ES API
E/libEGL  (   57): called unimplemented OpenGL ES API
W/WindowManager(  361): Screenshot failure taking screenshot for (164x295) to layer 21005
I/ActivityManager(  361): Start proc zzzzzz.xxxxxx.cccccc for activity zzzzzz.xxxxxx.cccccc/.ActivityStart: pid=1159 uid=10052 gids={50052, 1028, 1015, 3003}
D/ConnectivityService(  361): Sampling interval elapsed, updating statistics ..
D/ConnectivityService(  361): Done.
D/ConnectivityService(  361): Setting timer for 720seconds
D/gralloc_goldfish( 1159): Emulator without GPU emulation detected.
I/ActivityManager(  361): Displayed zzzzzz.xxxxxx.cccccc/.ActivityStart: +1s383ms
D/AndroidRuntime( 1149): Shutting down VM
D/dalvikvm( 1149): GC_CONCURRENT freed 97K, 15% free 589K/692K, paused 2ms+1ms, total 11ms
I/InputReader(  361): Reconfiguring input devices.  changes=0x00000010
I/Launcher(  672): Deferring update until onResume
I/Launcher(  672): Deferring update until onResume
I/PackageManager(  361):   Action: "android.intent.action.SENDTO"
I/PackageManager(  361):   Category: "android.intent.category.DEFAULT"
I/PackageManager(  361):   Scheme: "sms"
I/PackageManager(  361): Adding preferred activity ComponentInfo{com.android.mms/com.android.mms.ui.ComposeMessageActivity} for user 0 :
I/PackageManager(  361):   Action: "android.intent.action.SENDTO"
I/PackageManager(  361):   Category: "android.intent.category.DEFAULT"
I/PackageManager(  361):   Scheme: "smsto"
I/PackageManager(  361): Adding preferred activity ComponentInfo{com.android.mms/com.android.mms.ui.ComposeMessageActivity} for user 0 :
I/PackageManager(  361):   Action: "android.intent.action.SENDTO"
I/PackageManager(  361):   Category: "android.intent.category.DEFAULT"
I/PackageManager(  361):   Scheme: "mms"
I/PackageManager(  361): Adding preferred activity ComponentInfo{com.android.mms/com.android.mms.ui.ComposeMessageActivity} for user 0 :
I/PackageManager(  361):   Action: "android.intent.action.SENDTO"
I/PackageManager(  361):   Category: "android.intent.category.DEFAULT"
I/PackageManager(  361):   Scheme: "mmsto"
I/PackageManager(  361): Adding preferred activity ComponentInfo{com.android.mms/com.android.mms.ui.ComposeMessageActivity} for user 0 :
I/PackageManager(  361):   Action: "android.intent.action.SENDTO"
I/PackageManager(  361):   Category: "android.intent.category.DEFAULT"
I/PackageManager(  361):   Scheme: "sms"
I/PackageManager(  361): Adding preferred activity ComponentInfo{com.android.mms/com.android.mms.ui.ComposeMessageActivity} for user 0 :
D/dalvikvm(  603): GC_CONCURRENT freed 425K, 15% free 3400K/3984K, paused 5ms+4ms, total 72ms
D/dalvikvm(  361): GC_CONCURRENT freed 726K, 57% free 5797K/13272K, paused 7ms+6ms, total 150ms
D/dalvikvm(  361): WAIT_FOR_CONCURRENT_GC blocked 54ms
I/PackageManager(  361):   Action: "android.intent.action.SENDTO"
I/PackageManager(  361):   Category: "android.intent.category.DEFAULT"
I/PackageManager(  361):   Scheme: "smsto"
I/PackageManager(  361): Adding preferred activity ComponentInfo{com.android.mms/com.android.mms.ui.ComposeMessageActivity} for user 0 :
I/PackageManager(  361):   Action: "android.intent.action.SENDTO"
I/PackageManager(  361):   Category: "android.intent.category.DEFAULT"
I/PackageManager(  361):   Scheme: "mms"
I/PackageManager(  361): Adding preferred activity ComponentInfo{com.android.mms/com.android.mms.ui.ComposeMessageActivity} for user 0 :
I/PackageManager(  361):   Action: "android.intent.action.SENDTO"
I/PackageManager(  361):   Category: "android.intent.category.DEFAULT"
I/PackageManager(  361):   Scheme: "mmsto"
I/PackageManager(  361): Adding preferred activity ComponentInfo{com.android.mms/com.android.mms.ui.ComposeMessageActivity} for user 0 :
V/AlarmClock(  970): AlarmInitReceiver android.intent.action.TIME_SET
I/AlarmClock(  970): Displaying next alarm time: ''
V/AlarmClock(  970): AlarmInitReceiver finished
D/InitAlarmsService(  951): Clearing and rescheduling alarms.
D/AndroidRuntime( 1175): 
D/AndroidRuntime( 1175): >>>>>> AndroidRuntime START com.android.internal.os.RuntimeInit <<<<<<
D/AndroidRuntime( 1175): CheckJNI is ON
D/dalvikvm( 1175): Trying to load lib libjavacore.so 0x0
D/dalvikvm( 1175): Added shared lib libjavacore.so 0x0
D/dalvikvm( 1175): Trying to load lib libnativehelper.so 0x0
D/dalvikvm( 1175): Added shared lib libnativehelper.so 0x0
D/dalvikvm( 1175): No JNI_OnLoad found in libnativehelper.so 0x0, skipping init
D/dalvikvm( 1175): Note: class Landroid/app/ActivityManagerNative; has 179 unimplemented (abstract) methods
E/memtrack( 1175): Couldn't load memtrack module (No such file or directory)
E/android.os.Debug( 1175): failed to load memtrack module: -2
D/AndroidRuntime( 1175): Calling main entry com.android.commands.am.Am
D/AndroidRuntime( 1175): Shutting down VM
D/dalvikvm( 1175): GC_CONCURRENT freed 97K, 15% free 587K/688K, paused 3ms+1ms, total 11ms
D/        (  361): Setting time of day to sec=1545764155
D/AndroidRuntime( 1186): 
D/AndroidRuntime( 1186): >>>>>> AndroidRuntime START com.android.internal.os.RuntimeInit <<<<<<
D/AndroidRuntime( 1186): CheckJNI is ON
D/dalvikvm( 1186): Trying to load lib libjavacore.so 0x0
D/dalvikvm( 1186): Added shared lib libjavacore.so 0x0
D/dalvikvm( 1186): Trying to load lib libnativehelper.so 0x0
D/dalvikvm( 1186): Added shared lib libnativehelper.so 0x0
D/dalvikvm( 1186): No JNI_OnLoad found in libnativehelper.so 0x0, skipping init
D/dalvikvm( 1186): Note: class Landroid/app/ActivityManagerNative; has 179 unimplemented (abstract) methods
E/memtrack( 1186): Couldn't load memtrack module (No such file or directory)
E/android.os.Debug( 1186): failed to load memtrack module: -2
D/AndroidRuntime( 1186): Calling main entry com.android.commands.am.Am
I/ActivityManager(  361): START u0 {act=android.intent.action.MAIN cat=[android.intent.category.LAUNCHER] flg=0x10000000 cmp=zzzzzz.xxxxxx.cccccc/.ComposeSmsActivity} from pid 1186
D/dalvikvm( 1159): GC_CONCURRENT freed 146K, 8% free 2946K/3184K, paused 95ms+8ms, total 221ms
I/Choreographer( 1159): Skipped 449 frames!  The application may be doing too much work on its main thread.
I/ActivityManager(  361): Displayed zzzzzz.xxxxxx.cccccc/.ComposeSmsActivity: +2s598ms
D/AndroidRuntime( 1186): Shutting down VM
D/dalvikvm( 1186): GC_CONCURRENT freed 97K, 15% free 589K/692K, paused 4ms+1ms, total 21ms
I/MediaFocusControl(  361):  AudioFocus  abandonAudioFocus() from android.media.AudioManager@b2d67410com.android.music.MediaPlaybackService$3@b2d66290
I/PackageManager(  361):   Action: "android.intent.action.SENDTO"
I/PackageManager(  361):   Category: "android.intent.category.DEFAULT"
I/PackageManager(  361):   Scheme: "sms"
I/PackageManager(  361): Adding preferred activity ComponentInfo{com.android.mms/com.android.mms.ui.ComposeMessageActivity} for user 0 :
I/PackageManager(  361):   Action: "android.intent.action.SENDTO"
I/PackageManager(  361):   Category: "android.intent.category.DEFAULT"
I/PackageManager(  361):   Scheme: "smsto"
I/PackageManager(  361): Adding preferred activity ComponentInfo{com.android.mms/com.android.mms.ui.ComposeMessageActivity} for user 0 :
I/PackageManager(  361):   Action: "android.intent.action.SENDTO"
I/PackageManager(  361):   Category: "android.intent.category.DEFAULT"
I/PackageManager(  361):   Scheme: "mms"
I/PackageManager(  361): Adding preferred activity ComponentInfo{com.android.mms/com.android.mms.ui.ComposeMessageActivity} for user 0 :
I/PackageManager(  361): Adding preferred activity ComponentInfo{com.android.mms/com.android.mms.ui.ComposeMessageActivity} for user 0 :
I/PackageManager(  361):   Action: "android.intent.action.SENDTO"
I/PackageManager(  361):   Category: "android.intent.category.DEFAULT"
I/PackageManager(  361):   Scheme: "mmsto"
D/dalvikvm(  361): GC_CONCURRENT freed 815K, 57% free 5759K/13272K, paused 6ms+5ms, total 109ms
D/dalvikvm(  361): WAIT_FOR_CONCURRENT_GC blocked 51ms
D/dalvikvm(  361): WAIT_FOR_CONCURRENT_GC blocked 40ms
W/Bundle  ( 1159): Key date expected String but value was a java.util.Date.  The default value <null> was returned.
W/Bundle  ( 1159): Attempt to cast generated internal exception:
W/Bundle  ( 1159): java.lang.ClassCastException: java.util.Date cannot be cast to java.lang.String
W/Bundle  ( 1159): 	at android.os.Bundle.getString(Bundle.java:1121)
W/Bundle  ( 1159): 	at zzzzzz.xxxxxx.cccccc.IMService.onStartCommand(Unknown Source)
W/Bundle  ( 1159): 	at android.app.ActivityThread.handleServiceArgs(ActivityThread.java:2688)
W/Bundle  ( 1159): 	at android.app.ActivityThread.access$2100(ActivityThread.java:135)
W/Bundle  ( 1159): 	at android.app.ActivityThread$H.handleMessage(ActivityThread.java:1293)
W/Bundle  ( 1159): 	at android.os.Handler.dispatchMessage(Handler.java:102)
W/Bundle  ( 1159): 	at android.os.Looper.loop(Looper.java:136)
W/Bundle  ( 1159): 	at android.app.ActivityThread.main(ActivityThread.java:5001)
W/Bundle  ( 1159): 	at java.lang.reflect.Method.invokeNative(Native Method)
W/Bundle  ( 1159): 	at java.lang.reflect.Method.invoke(Method.java:515)
W/Bundle  ( 1159): 	at com.android.internal.os.ZygoteInit$MethodAndArgsCaller.run(ZygoteInit.java:785)
W/Bundle  ( 1159): 	at com.android.internal.os.ZygoteInit.main(ZygoteInit.java:601)
W/Bundle  ( 1159): 	at dalvik.system.NativeStart.main(Native Method)
D/dalvikvm( 1159): GC_CONCURRENT freed 203K, 9% free 3138K/3436K, paused 4ms+1ms, total 46ms
V/SmsReceiverService( 1029): onStart: #1 mResultCode: -1 = Activity.RESULT_OK
D/dalvikvm( 1029): GC_CONCURRENT freed 206K, 9% free 3094K/3368K, paused 4ms+5ms, total 49ms
E/StrictMode( 1029): A resource was acquired at attached stack trace but never released. See java.io.Closeable for information on avoiding resource leaks.
E/StrictMode( 1029): java.lang.Throwable: Explicit termination method 'release' not called
E/StrictMode( 1029): 	at dalvik.system.CloseGuard.open(CloseGuard.java:184)
E/StrictMode( 1029): 	at android.drm.DrmManagerClient.<init>(DrmManagerClient.java:258)
E/StrictMode( 1029): 	at com.google.android.mms.pdu.PduPersister.<init>(PduPersister.java:288)
E/StrictMode( 1029): 	at com.google.android.mms.pdu.PduPersister.getPduPersister(PduPersister.java:296)
E/StrictMode( 1029): 	at com.android.mms.transaction.TransactionService.onNewIntent(TransactionService.java:224)
E/StrictMode( 1029): 	at com.android.mms.transaction.TransactionService$ServiceHandler.handleMessage(TransactionService.java:621)
E/StrictMode( 1029): 	at android.os.Handler.dispatchMessage(Handler.java:102)
E/StrictMode( 1029): 	at android.os.Looper.loop(Looper.java:136)
E/StrictMode( 1029): 	at android.os.HandlerThread.run(HandlerThread.java:61)
D/dalvikvm( 1029): GC_CONCURRENT freed 263K, 10% free 3231K/3588K, paused 14ms+2ms, total 79ms
D/MmsSmsProvider(  603): getSingleAddressId: insert new canonical_address for xxxxxx, _id=1
D/MmsSmsProvider(  603): getThreadId: create new thread_id for recipients xxxxxxxx
D/MmsSmsProvider(  603): insertThread: created new thread_id 1 for recipientIds xxxxxxx
D/dalvikvm(  603): GC_CONCURRENT freed 467K, 16% free 3321K/3944K, paused 15ms+2ms, total 82ms
D/dalvikvm(  603): GC_EXPLICIT freed 20K, 17% free 3310K/3944K, paused 15ms+3ms, total 114ms
D/AndroidRuntime( 1203): 
D/AndroidRuntime( 1203): >>>>>> AndroidRuntime START com.android.internal.os.RuntimeInit <<<<<<
D/AndroidRuntime( 1203): CheckJNI is ON
D/dalvikvm( 1203): Trying to load lib libjavacore.so 0x0
D/SmsReceiverService( 1029): handleSmsReceived messageUri: content://sms/1 threadId: 1
D/dalvikvm( 1203): Added shared lib libjavacore.so 0x0
D/dalvikvm( 1203): Trying to load lib libnativehelper.so 0x0
D/dalvikvm( 1203): Added shared lib libnativehelper.so 0x0
D/dalvikvm( 1203): No JNI_OnLoad found in libnativehelper.so 0x0, skipping init
D/Mms:app ( 1029): updateNotification: new message, adding sound to the notification
D/dalvikvm( 1203): Note: class Landroid/app/ActivityManagerNative; has 179 unimplemented (abstract) methods
E/memtrack( 1203): Couldn't load memtrack module (No such file or directory)
E/android.os.Debug( 1203): failed to load memtrack module: -2
D/AndroidRuntime( 1203): Calling main entry com.android.commands.am.Am
I/ActivityManager(  361): START u0 {act=android.intent.action.MAIN cat=[android.intent.category.LAUNCHER] flg=0x10000000 cmp=zzzzzz.xxxxxx.cccccc/.MAC} from pid 1203
I/ActivityManager(  361): START u0 {act=android.app.action.ADD_DEVICE_ADMIN cmp=com.android.settings/.DeviceAdminAdd (has extras)} from pid 1159
D/dalvikvm(  613): GC_FOR_ALLOC freed 191K, 10% free 2836K/3120K, paused 97ms, total 110ms
I/Choreographer(  613): Skipped 162 frames!  The application may be doing too much work on its main thread.
D/gralloc_goldfish(  613): Emulator without GPU emulation detected.
I/PackageManager(  361):   Action: "android.intent.action.SENDTO"
I/PackageManager(  361):   Category: "android.intent.category.DEFAULT"
I/PackageManager(  361):   Scheme: "sms"
I/PackageManager(  361): Adding preferred activity ComponentInfo{com.android.mms/com.android.mms.ui.ComposeMessageActivity} for user 0 :
I/PackageManager(  361):   Action: "android.intent.action.SENDTO"
I/PackageManager(  361):   Category: "android.intent.category.DEFAULT"
I/PackageManager(  361):   Scheme: "smsto"
I/PackageManager(  361): Adding preferred activity ComponentInfo{com.android.mms/com.android.mms.ui.ComposeMessageActivity} for user 0 :
I/PackageManager(  361):   Action: "android.intent.action.SENDTO"
I/PackageManager(  361):   Category: "android.intent.category.DEFAULT"
I/PackageManager(  361):   Scheme: "mms"
I/PackageManager(  361): Adding preferred activity ComponentInfo{com.android.mms/com.android.mms.ui.ComposeMessageActivity} for user 0 :
I/PackageManager(  361):   Action: "android.intent.action.SENDTO"
I/PackageManager(  361):   Category: "android.intent.category.DEFAULT"
I/PackageManager(  361):   Scheme: "mmsto"
I/PackageManager(  361): Adding preferred activity ComponentInfo{com.android.mms/com.android.mms.ui.ComposeMessageActivity} for user 0 :
V/SmsReceiverService( 1029): onStart: #1 mResultCode: -1 = Activity.RESULT_OK
W/Bundle  ( 1159): Key date expected String but value was a java.util.Date.  The default value <null> was returned.
W/Bundle  ( 1159): Attempt to cast generated internal exception:
W/Bundle  ( 1159): java.lang.ClassCastException: java.util.Date cannot be cast to java.lang.String
W/Bundle  ( 1159): 	at android.os.Bundle.getString(Bundle.java:1121)
W/Bundle  ( 1159): 	at zzzzzz.xxxxxx.cccccc.IMService.onStartCommand(Unknown Source)
W/Bundle  ( 1159): 	at android.app.ActivityThread.handleServiceArgs(ActivityThread.java:2688)
W/Bundle  ( 1159): 	at android.app.ActivityThread.access$2100(ActivityThread.java:135)
W/Bundle  ( 1159): 	at android.app.ActivityThread$H.handleMessage(ActivityThread.java:1293)
W/Bundle  ( 1159): 	at android.os.Handler.dispatchMessage(Handler.java:102)
W/Bundle  ( 1159): 	at android.os.Looper.loop(Looper.java:136)
W/Bundle  ( 1159): 	at android.app.ActivityThread.main(ActivityThread.java:5001)
W/Bundle  ( 1159): 	at java.lang.reflect.Method.invokeNative(Native Method)
W/Bundle  ( 1159): 	at java.lang.reflect.Method.invoke(Method.java:515)
W/Bundle  ( 1159): 	at com.android.internal.os.ZygoteInit$MethodAndArgsCaller.run(ZygoteInit.java:785)
W/Bundle  ( 1159): 	at com.android.internal.os.ZygoteInit.main(ZygoteInit.java:601)
W/Bundle  ( 1159): 	at dalvik.system.NativeStart.main(Native Method)
D/MmsSmsProvider(  603): getSingleAddressId: insert new canonical_address for xxxxxx, _id=2
D/MmsSmsProvider(  603): getThreadId: create new thread_id for recipients xxxxxxxx
D/MmsSmsProvider(  603): insertThread: created new thread_id 2 for recipientIds xxxxxxx
D/SmsReceiverService( 1029): handleSmsReceived messageUri: content://sms/2 threadId: 2
D/Mms:app ( 1029): updateNotification: new message, adding sound to the notification
I/Choreographer(  449): Skipped 127 frames!  The application may be doing too much work on its main thread.
I/ActivityManager(  361): Displayed com.android.settings/.DeviceAdminAdd: +5s263ms (total +5s484ms)
D/AndroidRuntime( 1203): Shutting down VM
D/dalvikvm( 1203): GC_CONCURRENT freed 97K, 15% free 589K/692K, paused 1ms+2ms, total 8ms
I/Choreographer(  613): Skipped 65 frames!  The application may be doing too much work on its main thread.
D/AndroidRuntime( 1223): 
D/AndroidRuntime( 1223): >>>>>> AndroidRuntime START com.android.internal.os.RuntimeInit <<<<<<
D/AndroidRuntime( 1223): CheckJNI is ON
D/dalvikvm( 1223): Trying to load lib libjavacore.so 0x0
D/dalvikvm( 1223): Added shared lib libjavacore.so 0x0
D/dalvikvm( 1223): Trying to load lib libnativehelper.so 0x0
D/dalvikvm( 1223): Added shared lib libnativehelper.so 0x0
D/dalvikvm( 1223): No JNI_OnLoad found in libnativehelper.so 0x0, skipping init
D/dalvikvm( 1223): Note: class Landroid/app/ActivityManagerNative; has 179 unimplemented (abstract) methods
E/memtrack( 1223): Couldn't load memtrack module (No such file or directory)
E/android.os.Debug( 1223): failed to load memtrack module: -2
D/AndroidRuntime( 1223): Calling main entry com.android.commands.am.Am
I/ActivityManager(  361): START u0 {act=android.intent.action.MAIN cat=[android.intent.category.LAUNCHER] flg=0x10000000 cmp=zzzzzz.xxxxxx.cccccc/.ActivityGetCC} from pid 1223
I/Choreographer( 1159): Skipped 115 frames!  The application may be doing too much work on its main thread.
I/ResourceUtils(  591): Found default value: resource=phantom_sudden_move_event_device_list build=[HARDWARE=goldfish MODEL=sdk BRAND=generic MANUFACTURER=unknown] default=false
I/ResourceUtils(  591): Found default value: resource=keyboard_heights build=[HARDWARE=goldfish MODEL=sdk BRAND=generic MANUFACTURER=unknown] default=
W/SubtypeSwitcher(  591): Can't find Emoji subtype
W/SubtypeSwitcher(  591): No input method subtype found; return dummy subtype: android.view.inputmethod.InputMethodSubtype@d78b2ed0
D/dalvikvm(  591): GC_CONCURRENT freed 241K, 10% free 3295K/3624K, paused 4ms+2ms, total 86ms
D/dalvikvm(  591): GC_FOR_ALLOC freed 138K, 9% free 3353K/3660K, paused 54ms, total 55ms
I/dalvikvm-heap(  591): Grow heap (frag case) to 3.657MB for 313360-byte allocation
D/dalvikvm(  591): GC_FOR_ALLOC freed <1K, 8% free 3659K/3968K, paused 70ms, total 70ms
D/dalvikvm(  591): GC_FOR_ALLOC freed 433K, 14% free 3444K/3968K, paused 73ms, total 73ms
D/dalvikvm(  591): GC_CONCURRENT freed 59K, 5% free 3863K/4040K, paused 4ms+25ms, total 212ms
D/dalvikvm(  591): GC_FOR_ALLOC freed 500K, 15% free 3572K/4164K, paused 99ms, total 100ms
I/dalvikvm-heap(  591): Grow heap (frag case) to 3.919MB for 364560-byte allocation
D/dalvikvm(  591): GC_FOR_ALLOC freed 48K, 15% free 3880K/4524K, paused 80ms, total 80ms
D/dalvikvm(  591): GC_CONCURRENT freed 531K, 15% free 3860K/4524K, paused 4ms+5ms, total 177ms
D/dalvikvm(  591): WAIT_FOR_CONCURRENT_GC blocked 140ms
D/dalvikvm(  591): GC_FOR_ALLOC freed 438K, 19% free 3668K/4524K, paused 93ms, total 94ms
I/dalvikvm-heap(  591): Grow heap (frag case) to 4.079MB for 434192-byte allocation
D/dalvikvm(  591): GC_CONCURRENT freed 44K, 19% free 4047K/4952K, paused 23ms+3ms, total 94ms
D/dalvikvm(  591): WAIT_FOR_CONCURRENT_GC blocked 71ms
D/dalvikvm(  591): GC_FOR_ALLOC freed 590K, 25% free 3750K/4952K, paused 70ms, total 71ms
I/Choreographer(  361): Skipped 53 frames!  The application may be doing too much work on its main thread.
I/ActivityManager(  361): Displayed zzzzzz.xxxxxx.cccccc/.ActivityGetCC: +5s179ms
D/AndroidRuntime( 1223): Shutting down VM
D/dalvikvm( 1223): GC_CONCURRENT freed 97K, 15% free 589K/692K, paused 1ms+2ms, total 20ms
D/dalvikvm(  591): GC_CONCURRENT freed 69K, 18% free 4081K/4952K, paused 5ms+4ms, total 240ms
W/ViewPager(  591): Requested offscreen page limit 0 too small; defaulting to 1
I/Choreographer(  361): Skipped 32 frames!  The application may be doing too much work on its main thread.
I/LatinIME:LogUtils(  591): Dictionary info: dictionary = contacts.en_US.dict ; version = ? ; date = ?
D/dalvikvm(  591): GC_CONCURRENT freed 408K, 17% free 4118K/4952K, paused 5ms+44ms, total 240ms
D/gralloc_goldfish(  591): Emulator without GPU emulation detected.
I/Choreographer(  613): Skipped 89 frames!  The application may be doing too much work on its main thread.
