I/CalendarDatabaseHelper(  926): Bootstrapping database
D/ActivityThread(  940): Loading provider com.android.email.provider;com.android.email.notifier: com.android.email.provider.EmailProvider
I/AlarmClock(  914): Alarms Table created
I/AlarmClock(  914): Instance table created
I/AlarmClock(  914): Cities table created
I/AlarmClock(  914): Inserting default alarms
I/AlarmClock(  914): Displaying next alarm time: ''
W/BackupManagerService(  358): dataChanged but no participant pkg='com.android.providers.settings' uid=10020
V/AlarmClock(  914): AlarmInitReceiver finished
D/ConnectivityService(  358): [CheckMp] isMobileOk: not connected ni=NetworkInfo: type: mobile_hipri[UMTS], state: DISCONNECTED/IDLE, reason: (unspecified), extra: (none), roaming: false, failover: false, isAvailable: true, isConnectedToProvisioningNetwork: false
E/BluetoothAdapter(  613): Bluetooth binder is null
I/CalendarProvider2(  926): Created com.android.providers.calendar.CalendarAlarmManager@b2d039b8(com.android.providers.calendar.CalendarProvider2@b2cf0090)
I/ActivityManager(  358): Start proc com.android.dialer for broadcast com.android.dialer/.calllog.CallLogReceiver: pid=961 uid=10004 gids={50004, 3003, 1028, 1015}
I/ContactDirectoryManager(  549): deleted 0 stale rows which don't have any relevant directory
D/ExtensionsFactory(  961): No custom extensions.
I/ContactDirectoryManager(  549): Discovered 0 contact directories in 5597ms
I/ContactsProvider(  549): Upgrading aggregation algorithm
I/ContactAggregator(  549): Marked all visible contacts for aggregation: 0 raw contacts, 4 ms
W/RecognitionManagerService(  358): no available voice recognition services found for user 0
I/ContactsProvider(  549): Aggregation algorithm upgraded for 0 raw contacts in 146ms
D/ConnectivityService(  358): [CheckMp] isMobileOk: not connected ni=NetworkInfo: type: mobile_hipri[UMTS], state: DISCONNECTED/IDLE, reason: (unspecified), extra: (none), roaming: false, failover: false, isAvailable: true, isConnectedToProvisioningNetwork: false
D/dalvikvm(  549): GC_CONCURRENT freed 263K, 10% free 3082K/3412K, paused 4ms+2ms, total 63ms
I/ContactsFTS(  549): Rebuild contact search index in 375ms, 0 contacts
D/dalvikvm(  940): GC_CONCURRENT freed 213K, 10% free 2885K/3172K, paused 2ms+2ms, total 59ms
I/ActivityManager(  358): Delay finish: com.android.dialer/.calllog.CallLogReceiver
I/CalendarProvider2(  926): Sending notification intent: Intent { act=android.intent.action.PROVIDER_CHANGED dat=content://com.android.calendar }
W/ContentResolver(  926): Failed to get type for: content://com.android.calendar (Unknown URL content://com.android.calendar)
I/ActivityManager(  358): Resuming delayed broadcast
E/BluetoothAdapter(  358): Bluetooth binder is null
E/BluetoothAdapter(  358): Bluetooth binder is null
V/WiredAccessoryManager(  358): init()
I/PowerManagerService(  358): Boot animation finished.
E/SoundPool(  358): error loading /system/media/audio/ui/Effect_Tick.ogg
W/AudioService(  358): Soundpool could not load file: /system/media/audio/ui/Effect_Tick.ogg
E/SoundPool(  358): error loading /system/media/audio/ui/Effect_Tick.ogg
W/AudioService(  358): Soundpool could not load file: /system/media/audio/ui/Effect_Tick.ogg
E/SoundPool(  358): error loading /system/media/audio/ui/Effect_Tick.ogg
W/AudioService(  358): Soundpool could not load file: /system/media/audio/ui/Effect_Tick.ogg
E/SoundPool(  358): error loading /system/media/audio/ui/Effect_Tick.ogg
W/AudioService(  358): Soundpool could not load file: /system/media/audio/ui/Effect_Tick.ogg
E/SoundPool(  358): error loading /system/media/audio/ui/Effect_Tick.ogg
W/AudioService(  358): Soundpool could not load file: /system/media/audio/ui/Effect_Tick.ogg
E/SoundPool(  358): error loading /system/media/audio/ui/KeypressStandard.ogg
W/AudioService(  358): Soundpool could not load file: /system/media/audio/ui/KeypressStandard.ogg
E/SoundPool(  358): error loading /system/media/audio/ui/KeypressSpacebar.ogg
W/AudioService(  358): Soundpool could not load file: /system/media/audio/ui/KeypressSpacebar.ogg
E/SoundPool(  358): error loading /system/media/audio/ui/KeypressDelete.ogg
W/AudioService(  358): Soundpool could not load file: /system/media/audio/ui/KeypressDelete.ogg
E/SoundPool(  358): error loading /system/media/audio/ui/KeypressReturn.ogg
W/AudioService(  358): Soundpool could not load file: /system/media/audio/ui/KeypressReturn.ogg
E/SoundPool(  358): error loading /system/media/audio/ui/KeypressInvalid.ogg
W/AudioService(  358): Soundpool could not load file: /system/media/audio/ui/KeypressInvalid.ogg
W/AudioService(  358): onLoadSoundEffects(), Error -1 while loading samples
I/RecoverySystem(  358): No recovery log file
I/BootReceiver(  358): Copying audit failures to DropBox
I/BootReceiver(  358): Checking for fsck errors
W/ActivityManager(  358): Unable to start service Intent { cmp=com.android.email/.service.AttachmentDownloadService } U=0: not found
I/Email   (  940): Observing account changes for notifications
D/ConnectivityService(  358): [CheckMp] isMobileOk: not connected ni=NetworkInfo: type: mobile_hipri[UMTS], state: DISCONNECTED/IDLE, reason: (unspecified), extra: (none), roaming: false, failover: false, isAvailable: true, isConnectedToProvisioningNetwork: false
W/ActivityManager(  358): Unable to start service Intent { cmp=com.android.email/.service.AttachmentDownloadService } U=0: not found
I/ActivityManager(  358): Start proc com.android.mms for broadcast com.android.mms/.transaction.MmsSystemEventReceiver: pid=992 uid=10009 gids={50009, 3003, 1028, 1015}
D/CountryDetector(  358): The first listener is added
V/MmsConfig(  992): mnc/mcc: 310260
V/MmsConfig(  992): tag: bool value: enabledMMS - true
V/MmsConfig(  992): tag: int value: maxMessageSize - 307200
V/MmsConfig(  992): tag: int value: maxImageHeight - 480
V/MmsConfig(  992): tag: int value: maxImageWidth - 640
V/MmsConfig(  992): tag: int value: defaultSMSMessagesPerThread - 10000
V/MmsConfig(  992): tag: int value: defaultMMSMessagesPerThread - 1000
V/MmsConfig(  992): tag: int value: minMessageCountPerThread - 10
V/MmsConfig(  992): tag: int value: maxMessageCountPerThread - 5000
V/MmsConfig(  992): tag: string value: uaProfUrl - http://www.google.com/oha/rdf/ua-profile-kila.xml
V/MmsConfig(  992): tag: int value: recipientLimit - -1
V/MmsConfig(  992): tag: bool value: enableMultipartSMS - true
V/MmsConfig(  992): tag: int value: smsToMmsTextThreshold - -1
V/MmsConfig(  992): tag: bool value: enableSlideDuration - true
V/MmsConfig(  992): tag: int value: maxMessageTextSize - -1
I/MediaProvider(  624): Upgrading media database from version 0 to 700, which will destroy all old data
D/ConnectivityService(  358): [CheckMp] isMobileOk: not connected ni=NetworkInfo: type: mobile_hipri[UMTS], state: DISCONNECTED/IDLE, reason: (unspecified), extra: (none), roaming: false, failover: false, isAvailable: true, isConnectedToProvisioningNetwork: false
I/ActivityManager(  358): Delay finish: com.android.mms/.transaction.MmsSystemEventReceiver
E/SQLiteLog(  624): (1) no such table: files
D/Mms:app (  992): cancelNotification
E/WVMExtractor(   61): Failed to open libwvm.so
D/dalvikvm(  624): GC_CONCURRENT freed 244K, 10% free 3027K/3340K, paused 4ms+3ms, total 33ms
D/dalvikvm(  358): GC_CONCURRENT freed 642K, 52% free 5834K/11952K, paused 7ms+5ms, total 80ms
D/ConnectivityService(  358): [CheckMp] isMobileOk: not connected ni=NetworkInfo: type: mobile_hipri[UMTS], state: DISCONNECTED/IDLE, reason: (unspecified), extra: (none), roaming: false, failover: false, isAvailable: true, isConnectedToProvisioningNetwork: false
V/MediaScanner(  624): pruneDeadThumbnailFiles... android.database.sqlite.SQLiteCursor@b2d34ef0
V/MediaScanner(  624): /pruneDeadThumbnailFiles... android.database.sqlite.SQLiteCursor@b2d34ef0
E/MetadataRetrieverClient(   61): failed to extract an album art
I/ActivityManager(  358): Resuming delayed broadcast
D/AlertReceiver(  881): onReceive: a=android.intent.action.BOOT_COMPLETED Intent { act=android.intent.action.BOOT_COMPLETED flg=0x8000010 cmp=com.android.calendar/.alerts.AlertReceiver (has extras) }
I/ActivityManager(  358): Delay finish: com.android.calendar/.alerts.AlertReceiver
D/AlertUtils(  881): Flushing old alerts from shared prefs table
D/AlertService(  881): 0 Action = android.intent.action.BOOT_COMPLETED
D/AlertService(  881): Scheduling next alarm with AlarmScheduler. sEventReminderReceived: null
D/dalvikvm(  881): GC_CONCURRENT freed 302K, 12% free 2809K/3184K, paused 14ms+2ms, total 76ms
D/MmsSmsDatabaseHelper(  603): [MmsSmsDb] tableName: threads hasAutoIncrement: CREATE TABLE threads (_id INTEGER PRIMARY KEY AUTOINCREMENT,date INTEGER DEFAULT 0,message_count INTEGER DEFAULT 0,recipient_ids TEXT,snippet TEXT,snippet_cs INTEGER DEFAULT 0,read INTEGER DEFAULT 1,type INTEGER DEFAULT 0,error INTEGER DEFAULT 0,has_attachment INTEGER DEFAULT 0) result: true
D/MmsSmsDatabaseHelper(  603): [MmsSmsDb] tableName: canonical_addresses hasAutoIncrement: CREATE TABLE canonical_addresses (_id INTEGER PRIMARY KEY AUTOINCREMENT,address TEXT) result: true
D/MmsSmsDatabaseHelper(  603): [MmsSmsDb] tableName: part hasAutoIncrement: CREATE TABLE part (_id INTEGER PRIMARY KEY AUTOINCREMENT,mid INTEGER,seq INTEGER DEFAULT 0,ct TEXT,name TEXT,chset INTEGER,cd TEXT,fn TEXT,cid TEXT,cl TEXT,ctt_s INTEGER,ctt_t TEXT,_data TEXT,text TEXT) result: true
D/MmsSmsDatabaseHelper(  603): [MmsSmsDb] tableName: pdu hasAutoIncrement: CREATE TABLE pdu (_id INTEGER PRIMARY KEY AUTOINCREMENT,thread_id INTEGER,date INTEGER,date_sent INTEGER DEFAULT 0,msg_box INTEGER,read INTEGER DEFAULT 0,m_id TEXT,sub TEXT,sub_cs INTEGER,ct_t TEXT,ct_l TEXT,exp INTEGER,m_cls TEXT,m_type INTEGER,v INTEGER,m_size INTEGER,pri INTEGER,rr INTEGER,rpt_a INTEGER,resp_st INTEGER,st INTEGER,tr_id TEXT,retr_st INTEGER,retr_txt TEXT,retr_txt_cs INTEGER,read_status INTEGER,ct_cls INTEGER,resp_txt TEXT,d_tm INTEGER,d_rpt INTEGER,locked INTEGER DEFAULT 0,seen INTEGER DEFAULT 0,text_only INTEGER DEFAULT 0) result: true
D/MmsSmsDatabaseHelper(  603): [getWritableDatabase] hasAutoIncrementThreads: true hasAutoIncrementAddresses: true hasAutoIncrementPart: true hasAutoIncrementPdu: true
D/AlarmScheduler(  881): No events found starting within 1 week.
D/Mms:app (  992): cancelNotification
I/ActivityManager(  358): Resuming delayed broadcast
V/AlarmClock(  914): AlarmInitReceiver android.intent.action.BOOT_COMPLETED
V/AlarmClock(  914): AlarmInitReceiver - Reset timers and clear stopwatch data
V/AlarmClock(  914): AlarmInitReceiver - resetting volume button default
I/AlarmClock(  914): Displaying next alarm time: ''
V/AlarmClock(  914): AlarmInitReceiver finished
D/dalvikvm(  914): GC_CONCURRENT freed 382K, 14% free 2823K/3280K, paused 4ms+20ms, total 140ms
D/dalvikvm(  914): WAIT_FOR_CONCURRENT_GC blocked 72ms
I/ActivityManager(  358): Delay finish: com.android.email/.service.EmailUpgradeBroadcastReceiver
D/ConnectivityService(  358): [CheckMp] isMobileOk: not connected ni=NetworkInfo: type: mobile_hipri[UMTS], state: DISCONNECTED/IDLE, reason: (unspecified), extra: (none), roaming: false, failover: false, isAvailable: true, isConnectedToProvisioningNetwork: false
I/ActivityManager(  358): Resuming delayed broadcast
I/ActivityManager(  358): Delay finish: com.android.email/.service.EmailBroadcastReceiver
I/Email   (  940): Onetime initialization: 1
I/Email   (  940): Onetime initialization: 2
I/Email   (  940): Onetime initialization: completed.
I/ActivityManager(  358): Delaying start of: ServiceRecord{b305c438 u0 com.android.exchange/.service.EmailSyncAdapterService}
I/ActivityManager(  358): Resuming delayed broadcast
I/LauncherIconVisibilityManager(  589): Boot has been completed
I/LauncherIconVisibilityManager(  589): Disable activity: ComponentInfo{com.android.inputmethod.latin/com.android.inputmethod.latin.setup.SetupActivity}
E/BluetoothAdapter(  613): Bluetooth binder is null
I/ActivityManager(  358): Delay finish: com.android.deskclock/com.android.alarmclock.AnalogAppWidgetProvider
D/dalvikvm(  992): GC_CONCURRENT freed 232K, 10% free 2870K/3176K, paused 5ms+2ms, total 74ms
I/ActivityManager(  358): Resuming delayed broadcast
W/BroadcastQueue(  358): Permission Denial: broadcasting Intent { act=android.appwidget.action.APPWIDGET_UPDATE_OPTIONS flg=0x10 cmp=com.android.settings/.widget.SettingsAppWidgetProvider (has extras) } from android (pid=696, uid=10008) is not exported from uid 1000 due to receiver com.android.settings/.widget.SettingsAppWidgetProvider
E/StrictMode(  992): A resource was acquired at attached stack trace but never released. See java.io.Closeable for information on avoiding resource leaks.
E/StrictMode(  992): java.lang.Throwable: Explicit termination method 'release' not called
E/StrictMode(  992): 	at dalvik.system.CloseGuard.open(CloseGuard.java:184)
E/StrictMode(  992): 	at android.drm.DrmManagerClient.<init>(DrmManagerClient.java:258)
E/StrictMode(  992): 	at com.google.android.mms.pdu.PduPersister.<init>(PduPersister.java:288)
E/StrictMode(  992): 	at com.google.android.mms.pdu.PduPersister.getPduPersister(PduPersister.java:296)
E/StrictMode(  992): 	at com.android.mms.transaction.TransactionService.onNewIntent(TransactionService.java:224)
E/StrictMode(  992): 	at com.android.mms.transaction.TransactionService$ServiceHandler.handleMessage(TransactionService.java:621)
E/StrictMode(  992): 	at android.os.Handler.dispatchMessage(Handler.java:102)
E/StrictMode(  992): 	at android.os.Looper.loop(Looper.java:136)
E/StrictMode(  992): 	at android.os.HandlerThread.run(HandlerThread.java:61)
I/ActivityManager(  358): Delay finish: com.android.providers.contacts/.PackageIntentReceiver
I/ActivityManager(  358): Resuming delayed broadcast
I/ActivityManager(  358): Start proc com.svox.pico for broadcast com.svox.pico/.VoiceDataInstallerReceiver: pid=1039 uid=10037 gids={50037, 1028, 1015}
D/ConnectivityService(  358): [CheckMp] isMobileOk: not connected ni=NetworkInfo: type: mobile_hipri[UMTS], state: DISCONNECTED/IDLE, reason: (unspecified), extra: (none), roaming: false, failover: false, isAvailable: true, isConnectedToProvisioningNetwork: false
D/AlertReceiver(  881): onReceive: a=android.intent.action.PROVIDER_CHANGED Intent { act=android.intent.action.PROVIDER_CHANGED dat=content://com.android.calendar flg=0x10 cmp=com.android.calendar/.alerts.AlertReceiver }
I/ActivityManager(  358): Delay finish: com.android.calendar/.alerts.AlertReceiver
D/AlertService(  881): 0 Action = android.intent.action.PROVIDER_CHANGED
D/ConnectivityService(  358): [CheckMp] isMobileOk: not connected ni=NetworkInfo: type: mobile_hipri[UMTS], state: DISCONNECTED/IDLE, reason: (unspecified), extra: (none), roaming: false, failover: false, isAvailable: true, isConnectedToProvisioningNetwork: false
D/ConnectivityService(  358): [CheckMp] isMobileOk: not connected ni=NetworkInfo: type: mobile_hipri[UMTS], state: DISCONNECTED/IDLE, reason: (unspecified), extra: (none), roaming: false, failover: false, isAvailable: true, isConnectedToProvisioningNetwork: false
I/ActivityManager(  358): Waited long enough for: ServiceRecord{b2f72b00 u0 com.android.music/.MediaPlaybackService}
I/ActivityManager(  358): Resuming delayed broadcast
E/BluetoothAdapter(  613): Bluetooth binder is null
V/SmsReceiverService(  992): onStart: #1 mResultCode: -1 = Activity.RESULT_OK
I/ActivityManager(  358): Delay finish: com.android.mms/.transaction.SmsReceiver
I/ActivityManager(  358): Resuming delayed broadcast
I/ActivityManager(  358): Delay finish: com.android.providers.calendar/.CalendarProviderBroadcastReceiver
I/ActivityManager(  358): Resuming delayed broadcast
D/dalvikvm(  926): GC_CONCURRENT freed 219K, 10% free 2892K/3184K, paused 14ms+4ms, total 83ms
D/ConnectivityService(  358): [CheckMp] isMobileOk: not connected ni=NetworkInfo: type: mobile_hipri[UMTS], state: DISCONNECTED/IDLE, reason: (unspecified), extra: (none), roaming: false, failover: false, isAvailable: true, isConnectedToProvisioningNetwork: false
D/ConnectivityService(  358): [CheckMp] isMobileOk: not connected ni=NetworkInfo: type: mobile_hipri[UMTS], state: DISCONNECTED/IDLE, reason: (unspecified), extra: (none), roaming: false, failover: false, isAvailable: true, isConnectedToProvisioningNetwork: false
D/ConnectivityService(  358): [CheckMp] isMobileOk: not connected ni=NetworkInfo: type: mobile_hipri[UMTS], state: DISCONNECTED/IDLE, reason: (unspecified), extra: (none), roaming: false, failover: false, isAvailable: true, isConnectedToProvisioningNetwork: false
I/GlobalDismissManager(  881): no sender configured
D/AlertService(  881): Beginning updateAlertNotification
D/AlertService(  881): No fired or scheduled alerts
D/AlertService(  881): Scheduling next alarm with AlarmScheduler. sEventReminderReceived: null
D/AlarmScheduler(  881): No events found starting within 1 week.
I/InputReader(  358): Reconfiguring input devices.  changes=0x00000010
I/PackageManager(  358):   Action: "android.intent.action.SENDTO"
I/PackageManager(  358):   Category: "android.intent.category.DEFAULT"
I/PackageManager(  358):   Scheme: "sms"
I/PackageManager(  358): Adding preferred activity ComponentInfo{com.android.mms/com.android.mms.ui.ComposeMessageActivity} for user 0 :
I/InputReader(  358): Reconfiguring input devices.  changes=0x00000010
D/dalvikvm(  358): GC_CONCURRENT freed 833K, 52% free 5787K/11952K, paused 13ms+6ms, total 164ms
D/dalvikvm(  358): WAIT_FOR_CONCURRENT_GC blocked 47ms
D/dalvikvm(  358): WAIT_FOR_CONCURRENT_GC blocked 49ms
I/InputReader(  358): Reconfiguring input devices.  changes=0x00000010
I/PackageManager(  358):   Action: "android.intent.action.SENDTO"
I/PackageManager(  358):   Category: "android.intent.category.DEFAULT"
I/PackageManager(  358):   Scheme: "smsto"
I/PackageManager(  358): Adding preferred activity ComponentInfo{com.android.mms/com.android.mms.ui.ComposeMessageActivity} for user 0 :
D/dalvikvm(  603): GC_CONCURRENT freed 423K, 13% free 3398K/3892K, paused 3ms+61ms, total 126ms
I/PackageManager(  358):   Action: "android.intent.action.SENDTO"
I/PackageManager(  358):   Category: "android.intent.category.DEFAULT"
I/PackageManager(  358):   Scheme: "mms"
I/PackageManager(  358): Adding preferred activity ComponentInfo{com.android.mms/com.android.mms.ui.ComposeMessageActivity} for user 0 :
I/PackageManager(  358):   Action: "android.intent.action.SENDTO"
I/PackageManager(  358):   Category: "android.intent.category.DEFAULT"
I/PackageManager(  358):   Scheme: "mmsto"
I/PackageManager(  358): Adding preferred activity ComponentInfo{com.android.mms/com.android.mms.ui.ComposeMessageActivity} for user 0 :
I/PackageManager(  358):   Action: "android.intent.action.SENDTO"
I/PackageManager(  358):   Category: "android.intent.category.DEFAULT"
I/PackageManager(  358):   Scheme: "sms"
I/PackageManager(  358): Adding preferred activity ComponentInfo{com.android.mms/com.android.mms.ui.ComposeMessageActivity} for user 0 :
I/PackageManager(  358):   Action: "android.intent.action.SENDTO"
I/PackageManager(  358):   Category: "android.intent.category.DEFAULT"
I/PackageManager(  358):   Scheme: "smsto"
I/PackageManager(  358): Adding preferred activity ComponentInfo{com.android.mms/com.android.mms.ui.ComposeMessageActivity} for user 0 :
I/PackageManager(  358):   Action: "android.intent.action.SENDTO"
I/PackageManager(  358):   Category: "android.intent.category.DEFAULT"
I/PackageManager(  358):   Scheme: "mms"
I/PackageManager(  358): Adding preferred activity ComponentInfo{com.android.mms/com.android.mms.ui.ComposeMessageActivity} for user 0 :
I/PackageManager(  358):   Action: "android.intent.action.SENDTO"
I/PackageManager(  358):   Category: "android.intent.category.DEFAULT"
I/PackageManager(  358):   Scheme: "mmsto"
I/PackageManager(  358): Adding preferred activity ComponentInfo{com.android.mms/com.android.mms.ui.ComposeMessageActivity} for user 0 :
D/dalvikvm(  603): GC_CONCURRENT freed 452K, 15% free 3374K/3948K, paused 22ms+2ms, total 60ms
D/dalvikvm(  358): GC_CONCURRENT freed 755K, 52% free 5806K/11952K, paused 12ms+5ms, total 130ms
D/dalvikvm(  358): WAIT_FOR_CONCURRENT_GC blocked 25ms
I/PackageManager(  358):   Action: "android.intent.action.SENDTO"
I/PackageManager(  358):   Category: "android.intent.category.DEFAULT"
I/PackageManager(  358):   Scheme: "sms"
I/PackageManager(  358): Adding preferred activity ComponentInfo{com.android.mms/com.android.mms.ui.ComposeMessageActivity} for user 0 :
I/PackageManager(  358):   Action: "android.intent.action.SENDTO"
I/PackageManager(  358):   Category: "android.intent.category.DEFAULT"
I/PackageManager(  358):   Scheme: "smsto"
I/PackageManager(  358): Adding preferred activity ComponentInfo{com.android.mms/com.android.mms.ui.ComposeMessageActivity} for user 0 :
I/PackageManager(  358):   Action: "android.intent.action.SENDTO"
I/PackageManager(  358):   Category: "android.intent.category.DEFAULT"
I/PackageManager(  358):   Scheme: "mms"
I/PackageManager(  358): Adding preferred activity ComponentInfo{com.android.mms/com.android.mms.ui.ComposeMessageActivity} for user 0 :
I/PackageManager(  358):   Action: "android.intent.action.SENDTO"
I/PackageManager(  358):   Category: "android.intent.category.DEFAULT"
I/PackageManager(  358):   Scheme: "mmsto"
I/PackageManager(  358): Adding preferred activity ComponentInfo{com.android.mms/com.android.mms.ui.ComposeMessageActivity} for user 0 :
I/PackageManager(  358):   Action: "android.intent.action.SENDTO"
I/PackageManager(  358):   Category: "android.intent.category.DEFAULT"
I/PackageManager(  358):   Scheme: "sms"
I/PackageManager(  358): Adding preferred activity ComponentInfo{com.android.mms/com.android.mms.ui.ComposeMessageActivity} for user 0 :
D/dalvikvm(  603): GC_CONCURRENT freed 389K, 15% free 3374K/3948K, paused 3ms+12ms, total 47ms
I/PackageManager(  358):   Action: "android.intent.action.SENDTO"
I/PackageManager(  358):   Category: "android.intent.category.DEFAULT"
I/PackageManager(  358):   Scheme: "smsto"
I/PackageManager(  358): Adding preferred activity ComponentInfo{com.android.mms/com.android.mms.ui.ComposeMessageActivity} for user 0 :
I/PackageManager(  358):   Action: "android.intent.action.SENDTO"
I/PackageManager(  358):   Category: "android.intent.category.DEFAULT"
I/PackageManager(  358):   Scheme: "mms"
I/PackageManager(  358): Adding preferred activity ComponentInfo{com.android.mms/com.android.mms.ui.ComposeMessageActivity} for user 0 :
D/dalvikvm(  358): GC_CONCURRENT freed 771K, 52% free 5746K/11952K, paused 6ms+5ms, total 65ms
I/PackageManager(  358):   Action: "android.intent.action.SENDTO"
I/PackageManager(  358):   Category: "android.intent.category.DEFAULT"
I/PackageManager(  358):   Scheme: "mmsto"
I/PackageManager(  358): Adding preferred activity ComponentInfo{com.android.mms/com.android.mms.ui.ComposeMessageActivity} for user 0 :
I/PackageManager(  358):   Action: "android.intent.action.SENDTO"
I/PackageManager(  358):   Category: "android.intent.category.DEFAULT"
I/PackageManager(  358):   Scheme: "sms"
I/PackageManager(  358): Adding preferred activity ComponentInfo{com.android.mms/com.android.mms.ui.ComposeMessageActivity} for user 0 :
I/PackageManager(  358):   Action: "android.intent.action.SENDTO"
I/PackageManager(  358):   Category: "android.intent.category.DEFAULT"
I/PackageManager(  358):   Scheme: "smsto"
I/PackageManager(  358): Adding preferred activity ComponentInfo{com.android.mms/com.android.mms.ui.ComposeMessageActivity} for user 0 :
D/ConnectivityService(  358): [CheckMp] isMobileOk: not connected ni=NetworkInfo: type: mobile_hipri[UMTS], state: DISCONNECTED/IDLE, reason: (unspecified), extra: (none), roaming: false, failover: false, isAvailable: true, isConnectedToProvisioningNetwork: false
D/dalvikvm(  603): GC_CONCURRENT freed 459K, 15% free 3361K/3948K, paused 8ms+2ms, total 31ms
D/dalvikvm(  603): WAIT_FOR_CONCURRENT_GC blocked 18ms
I/PackageManager(  358):   Action: "android.intent.action.SENDTO"
I/PackageManager(  358):   Category: "android.intent.category.DEFAULT"
I/PackageManager(  358):   Scheme: "mms"
I/PackageManager(  358): Adding preferred activity ComponentInfo{com.android.mms/com.android.mms.ui.ComposeMessageActivity} for user 0 :
I/PackageManager(  358):   Action: "android.intent.action.SENDTO"
I/PackageManager(  358):   Category: "android.intent.category.DEFAULT"
I/PackageManager(  358):   Scheme: "mmsto"
I/PackageManager(  358): Adding preferred activity ComponentInfo{com.android.mms/com.android.mms.ui.ComposeMessageActivity} for user 0 :
I/PackageManager(  358):   Action: "android.intent.action.SENDTO"
I/PackageManager(  358):   Category: "android.intent.category.DEFAULT"
I/PackageManager(  358):   Scheme: "sms"
I/PackageManager(  358): Adding preferred activity ComponentInfo{com.android.mms/com.android.mms.ui.ComposeMessageActivity} for user 0 :
I/PackageManager(  358):   Action: "android.intent.action.SENDTO"
I/PackageManager(  358):   Category: "android.intent.category.DEFAULT"
I/PackageManager(  358):   Scheme: "smsto"
I/PackageManager(  358): Adding preferred activity ComponentInfo{com.android.mms/com.android.mms.ui.ComposeMessageActivity} for user 0 :
D/dalvikvm(  358): GC_CONCURRENT freed 686K, 52% free 5748K/11952K, paused 6ms+4ms, total 57ms
I/PackageManager(  358):   Action: "android.intent.action.SENDTO"
I/PackageManager(  358):   Category: "android.intent.category.DEFAULT"
I/PackageManager(  358):   Scheme: "mms"
I/PackageManager(  358): Adding preferred activity ComponentInfo{com.android.mms/com.android.mms.ui.ComposeMessageActivity} for user 0 :
I/PackageManager(  358):   Action: "android.intent.action.SENDTO"
I/PackageManager(  358):   Category: "android.intent.category.DEFAULT"
I/PackageManager(  358):   Scheme: "mmsto"
I/PackageManager(  358): Adding preferred activity ComponentInfo{com.android.mms/com.android.mms.ui.ComposeMessageActivity} for user 0 :
D/dalvikvm(  603): GC_CONCURRENT freed 432K, 15% free 3382K/3948K, paused 4ms+12ms, total 42ms
D/ConnectivityService(  358): [CheckMp] isMobileOk: not connected ni=NetworkInfo: type: mobile_hipri[UMTS], state: DISCONNECTED/IDLE, reason: (unspecified), extra: (none), roaming: false, failover: false, isAvailable: true, isConnectedToProvisioningNetwork: false
D/ConnectivityService(  358): [CheckMp] isMobileOk: not connected ni=NetworkInfo: type: mobile_hipri[UMTS], state: DISCONNECTED/IDLE, reason: (unspecified), extra: (none), roaming: false, failover: false, isAvailable: true, isConnectedToProvisioningNetwork: false
D/ConnectivityService(  358): [CheckMp] isMobileOk: not connected ni=NetworkInfo: type: mobile_hipri[UMTS], state: DISCONNECTED/IDLE, reason: (unspecified), extra: (none), roaming: false, failover: false, isAvailable: true, isConnectedToProvisioningNetwork: false
D/ConnectivityService(  358): [CheckMp] isMobileOk: not connected ni=NetworkInfo: type: mobile_hipri[UMTS], state: DISCONNECTED/IDLE, reason: (unspecified), extra: (none), roaming: false, failover: false, isAvailable: true, isConnectedToProvisioningNetwork: false
D/ConnectivityService(  358): [CheckMp] isMobileOk: not connected ni=NetworkInfo: type: mobile_hipri[UMTS], state: DISCONNECTED/IDLE, reason: (unspecified), extra: (none), roaming: false, failover: false, isAvailable: true, isConnectedToProvisioningNetwork: false
D/ConnectivityService(  358): [CheckMp] isMobileOk: not connected ni=NetworkInfo: type: mobile_hipri[UMTS], state: DISCONNECTED/IDLE, reason: (unspecified), extra: (none), roaming: false, failover: false, isAvailable: true, isConnectedToProvisioningNetwork: false
I/ActivityManager(  358): Waited long enough for: ServiceRecord{b32f6c10 u0 com.android.calendar/.alerts.InitAlarmsService}
D/ConnectivityService(  358): [CheckMp] isMobileOk: not connected ni=NetworkInfo: type: mobile_hipri[UMTS], state: DISCONNECTED/IDLE, reason: (unspecified), extra: (none), roaming: false, failover: false, isAvailable: true, isConnectedToProvisioningNetwork: false
D/AndroidRuntime( 1055): 
D/AndroidRuntime( 1055): >>>>>> AndroidRuntime START com.android.internal.os.RuntimeInit <<<<<<
D/AndroidRuntime( 1055): CheckJNI is ON
D/MobileDataStateTracker(  358): default: setPolicyDataEnable(enabled=true)
D/dalvikvm( 1055): Trying to load lib libjavacore.so 0x0
D/dalvikvm( 1055): Added shared lib libjavacore.so 0x0
D/ConnectivityService(  358): Sampling interval elapsed, updating statistics ..
D/ConnectivityService(  358): Done.
D/dalvikvm( 1055): Trying to load lib libnativehelper.so 0x0
D/dalvikvm( 1055): Added shared lib libnativehelper.so 0x0
D/dalvikvm( 1055): No JNI_OnLoad found in libnativehelper.so 0x0, skipping init
D/ConnectivityService(  358): Setting timer for 720seconds
D/dalvikvm( 1055): Note: class Landroid/app/ActivityManagerNative; has 179 unimplemented (abstract) methods
D/ConnectivityService(  358): [CheckMp] isMobileOk: not connected ni=NetworkInfo: type: mobile_hipri[UMTS], state: DISCONNECTED/IDLE, reason: (unspecified), extra: (none), roaming: false, failover: false, isAvailable: true, isConnectedToProvisioningNetwork: false
E/memtrack( 1055): Couldn't load memtrack module (No such file or directory)
E/android.os.Debug( 1055): failed to load memtrack module: -2
D/AndroidRuntime( 1055): Calling main entry com.android.commands.am.Am
I/ActivityManager(  358): START u0 {act=android.intent.action.MAIN cat=[android.intent.category.LAUNCHER] flg=0x10000000 cmp=com.iqeadmcuzf.jdjgl/.MainActivity} from pid 1055
D/gralloc (   58): Registering a buffer in the process that created it. This may cause memory ordering problems.
E/libEGL  (   58): called unimplemented OpenGL ES API
E/libEGL  (   58): called unimplemented OpenGL ES API
E/libEGL  (   58): called unimplemented OpenGL ES API
E/libEGL  (   58): called unimplemented OpenGL ES API
E/SurfaceFlinger(   58): glCheckFramebufferStatusOES error -790622172
E/SurfaceFlinger(   58): got GL_FRAMEBUFFER_COMPLETE_OES error while taking screenshot
E/libEGL  (   58): called unimplemented OpenGL ES API
E/libEGL  (   58): called unimplemented OpenGL ES API
W/WindowManager(  358): Screenshot failure taking screenshot for (164x295) to layer 21005
I/ActivityManager(  358): Start proc com.iqeadmcuzf.jdjgl for activity com.iqeadmcuzf.jdjgl/.MainActivity: pid=1066 uid=10052 gids={50052, 1028, 1015, 3003}
D/ConnectivityService(  358): [CheckMp] isMobileOk: not connected ni=NetworkInfo: type: mobile_hipri[UMTS], state: DISCONNECTED/IDLE, reason: (unspecified), extra: (none), roaming: false, failover: false, isAvailable: true, isConnectedToProvisioningNetwork: false
V/PhoneStatusBar(  448): setLightsOn(true)
I/ARMAssembler(   58): generated scanline__00000077:03515104_00009002_00000000 [127 ipp] (149 ins) at [0xb5a7c410:0xb5a7c664] in 10000000 ns
I/ARMAssembler(   58): generated scanline__00000077:03010104_00008002_00000000 [ 89 ipp] (110 ins) at [0xb5a7c670:0xb5a7c828] in 0 ns
D/ConnectivityService(  358): [CheckMp] isMobileOk: not connected ni=NetworkInfo: type: mobile_hipri[UMTS], state: DISCONNECTED/IDLE, reason: (unspecified), extra: (none), roaming: false, failover: false, isAvailable: true, isConnectedToProvisioningNetwork: false
D/dalvikvm( 1066): DexOpt: --- BEGIN 'hjmprkoi.jar' (bootstrap=0) ---
D/dalvikvm( 1079): DexOpt: load 51ms, verify+opt 59ms, 248116 bytes
D/dalvikvm( 1066): DexOpt: --- END 'hjmprkoi.jar' (success) ---
D/dalvikvm( 1066): DEX prep '/data/data/com.iqeadmcuzf.jdjgl/app_dvsgc/hjmprkoi.jar': unzip in 2ms, rewrite 278ms
I/System.out( 1066): -AV-
D/dalvikvm( 1066): GC_CONCURRENT freed 331K, 13% free 2787K/3192K, paused 5ms+2ms, total 77ms
I/System.out( 1066): -AV-
I/ActivityManager(  358): START u0 {act=android.app.action.ADD_DEVICE_ADMIN cmp=com.android.settings/.DeviceAdminAdd (has extras)} from pid 1066
V/PhoneStatusBar(  448): setLightsOn(true)
D/gralloc_goldfish( 1066): Emulator without GPU emulation detected.
I/ActivityManager(  358): Displayed com.iqeadmcuzf.jdjgl/.MainActivity: +2s589ms
D/AndroidRuntime( 1055): Shutting down VM
D/dalvikvm( 1055): GC_CONCURRENT freed 97K, 15% free 589K/692K, paused 2ms+2ms, total 31ms
D/dalvikvm(  613): GC_FOR_ALLOC freed 191K, 9% free 2836K/3100K, paused 185ms, total 189ms
D/ConnectivityService(  358): [CheckMp] isMobileOk: not connected ni=NetworkInfo: type: mobile_hipri[UMTS], state: DISCONNECTED/IDLE, reason: (unspecified), extra: (none), roaming: false, failover: false, isAvailable: true, isConnectedToProvisioningNetwork: false
D/ConnectivityService(  358): [CheckMp] isMobileOk: not connected ni=NetworkInfo: type: mobile_hipri[UMTS], state: DISCONNECTED/IDLE, reason: (unspecified), extra: (none), roaming: false, failover: false, isAvailable: true, isConnectedToProvisioningNetwork: false
I/Choreographer(  613): Skipped 33 frames!  The application may be doing too much work on its main thread.
D/gralloc_goldfish(  613): Emulator without GPU emulation detected.
I/ActivityManager(  358): Displayed com.android.settings/.DeviceAdminAdd: +1s24ms
I/System.out( 1066): -AV-
D/dalvikvm(  358): GC_CONCURRENT freed 613K, 52% free 5775K/11952K, paused 6ms+73ms, total 358ms
I/Choreographer(  358): Skipped 37 frames!  The application may be doing too much work on its main thread.
I/Choreographer(  613): Skipped 146 frames!  The application may be doing too much work on its main thread.
D/ConnectivityService(  358): [CheckMp] isMobileOk: not connected ni=NetworkInfo: type: mobile_hipri[UMTS], state: DISCONNECTED/IDLE, reason: (unspecified), extra: (none), roaming: false, failover: false, isAvailable: true, isConnectedToProvisioningNetwork: false
D/ConnectivityService(  358): [CheckMp] isMobileOk: timed out
D/ConnectivityService(  358): [CheckMp] isMobileOk: F stop hipri
D/MobileDataStateTracker(  358): default: setEnableFailFastMobileData(enabled=0)
D/ConnectivityService(  358): stopUsingNetworkFeature: teardown net 0: enableHIPRI
D/MobileDataStateTracker(  358): hipri: Broadcast received: android.intent.action.ANY_DATA_STATE apnType=hipri
D/MobileDataStateTracker(  358): hipri: Received state=DISCONNECTED, old=CONNECTED, reason=dataDisabled
D/MobileDataStateTracker(  358): hipri: setDetailed state, old =IDLE and new state=DISCONNECTED
D/ConnectivityService(  358): ConnectivityChange for mobile_hipri: DISCONNECTED/DISCONNECTED
W/FrameworkListener(   55): Handler 'interface' error (No such device)
W/FrameworkListener(   55): Handler 'interface' error (No such device)
D/Nat464Xlat(  358): requiresClat: netType=5, hasIPv4Address=true
D/MobileDataStateTracker(  358): default: setPolicyDataEnable(enabled=true)
D/ConnectivityService(  358): [CheckMp] isMobileOk: not connected ni=NetworkInfo: type: mobile_hipri[UMTS], state: DISCONNECTED/IDLE, reason: (unspecified), extra: (none), roaming: false, failover: false, isAvailable: true, isConnectedToProvisioningNetwork: false
E/NetdConnector(  358): NDC Command {43 bandwidth removeiquota eth0} took too long (635ms)
E/NetdConnector(  358): NDC Command {42 bandwidth gettetherstats} took too long (738ms)
D/ConnectivityService(  358): [CheckMp] isMobileOk: not connected ni=NetworkInfo: type: mobile_hipri[UMTS], state: DISCONNECTED/IDLE, reason: (unspecified), extra: (none), roaming: false, failover: false, isAvailable: true, isConnectedToProvisioningNetwork: false
E/NetdConnector(  358): NDC Command {44 bandwidth setiquota eth0 9223372036854775807} took too long (1158ms)
D/MobileDataStateTracker(  358): default: setPolicyDataEnable(enabled=true)
E/NetdConnector(  358): NDC Command {45 bandwidth gettetherstats} took too long (1103ms)
D/ConnectivityService(  358): [CheckMp] isMobileOk: not connected ni=NetworkInfo: type: mobile_hipri[UMTS], state: DISCONNECTED/IDLE, reason: (unspecified), extra: (none), roaming: false, failover: false, isAvailable: true, isConnectedToProvisioningNetwork: false
E/NetdConnector(  358): NDC Command {46 bandwidth removeiquota eth0} took too long (572ms)
W/ProcessCpuTracker(  358): Skipping unknown process pid 1133
D/ConnectivityService(  358): [CheckMp] isMobileOk: not connected ni=NetworkInfo: type: mobile_hipri[UMTS], state: DISCONNECTED/IDLE, reason: (unspecified), extra: (none), roaming: false, failover: false, isAvailable: true, isConnectedToProvisioningNetwork: false
E/NetdConnector(  358): NDC Command {47 bandwidth setiquota eth0 9223372036854775807} took too long (1198ms)
D/MobileDataStateTracker(  358): default: setPolicyDataEnable(enabled=true)
D/MobileDataStateTracker(  358): default: setPolicyDataEnable(enabled=true)
I/ActivityManager(  358): Delay finish: com.android.providers.calendar/.CalendarProviderBroadcastReceiver
I/ActivityManager(  358): Resuming delayed broadcast
D/ConnectivityService(  358): [CheckMp] isMobileOk: not connected ni=NetworkInfo: type: mobile_hipri[UMTS], state: DISCONNECTED/IDLE, reason: (unspecified), extra: (none), roaming: false, failover: false, isAvailable: true, isConnectedToProvisioningNetwork: false
D/ConnectivityService(  358): [CheckMp] isMobileOk: X result=0
D/ConnectivityService(  358): [CheckMp] onPostExecute: result=0
D/ConnectivityService(  358): CheckMp.onComplete: result=0
D/ConnectivityService(  358): CheckMp.onComplete: ignore, connected or no connection
D/ConnectivityService(  358): [CheckMp] isMobileOk: not connected ni=NetworkInfo: type: mobile_hipri[UMTS], state: DISCONNECTED/IDLE, reason: (unspecified), extra: (none), roaming: false, failover: false, isAvailable: true, isConnectedToProvisioningNetwork: false
D/ConnectivityService(  358): [CheckMp] isMobileOk: not connected ni=NetworkInfo: type: mobile_hipri[UMTS], state: DISCONNECTED/IDLE, reason: (unspecified), extra: (none), roaming: false, failover: false, isAvailable: true, isConnectedToProvisioningNetwork: false
D/ConnectivityService(  358): [CheckMp] isMobileOk: not connected ni=NetworkInfo: type: mobile_hipri[UMTS], state: DISCONNECTED/IDLE, reason: (unspecified), extra: (none), roaming: false, failover: false, isAvailable: true, isConnectedToProvisioningNetwork: false
D/ConnectivityService(  358): [CheckMp] isMobileOk: not connected ni=NetworkInfo: type: mobile_hipri[UMTS], state: DISCONNECTED/IDLE, reason: (unspecified), extra: (none), roaming: false, failover: false, isAvailable: true, isConnectedToProvisioningNetwork: false
D/InitAlarmsService(  881): Clearing and rescheduling alarms.
D/ConnectivityService(  358): [CheckMp] isMobileOk: not connected ni=NetworkInfo: type: mobile_hipri[UMTS], state: DISCONNECTED/IDLE, reason: (unspecified), extra: (none), roaming: false, failover: false, isAvailable: true, isConnectedToProvisioningNetwork: false
D/ConnectivityService(  358): [CheckMp] isMobileOk: not connected ni=NetworkInfo: type: mobile_hipri[UMTS], state: DISCONNECTED/IDLE, reason: (unspecified), extra: (none), roaming: false, failover: false, isAvailable: true, isConnectedToProvisioningNetwork: false
D/ConnectivityService(  358): [CheckMp] isMobileOk: not connected ni=NetworkInfo: type: mobile_hipri[UMTS], state: DISCONNECTED/IDLE, reason: (unspecified), extra: (none), roaming: false, failover: false, isAvailable: true, isConnectedToProvisioningNetwork: false
D/ConnectivityService(  358): [CheckMp] isMobileOk: not connected ni=NetworkInfo: type: mobile_hipri[UMTS], state: DISCONNECTED/IDLE, reason: (unspecified), extra: (none), roaming: false, failover: false, isAvailable: true, isConnectedToProvisioningNetwork: false
D/ConnectivityService(  358): [CheckMp] isMobileOk: not connected ni=NetworkInfo: type: mobile_hipri[UMTS], state: DISCONNECTED/IDLE, reason: (unspecified), extra: (none), roaming: false, failover: false, isAvailable: true, isConnectedToProvisioningNetwork: false
V/AlarmClock(  914): AlarmInitReceiver android.intent.action.TIME_SET
I/AlarmClock(  914): Displaying next alarm time: ''
V/AlarmClock(  914): AlarmInitReceiver finished
D/AndroidRuntime( 1084): 
D/AndroidRuntime( 1084): >>>>>> AndroidRuntime START com.android.internal.os.RuntimeInit <<<<<<
D/AndroidRuntime( 1084): CheckJNI is ON
D/dalvikvm( 1084): Trying to load lib libjavacore.so 0x0
D/dalvikvm( 1084): Added shared lib libjavacore.so 0x0
D/dalvikvm( 1084): Trying to load lib libnativehelper.so 0x0
D/dalvikvm( 1084): Added shared lib libnativehelper.so 0x0
D/dalvikvm( 1084): No JNI_OnLoad found in libnativehelper.so 0x0, skipping init
D/dalvikvm( 1084): Note: class Landroid/app/ActivityManagerNative; has 179 unimplemented (abstract) methods
E/memtrack( 1084): Couldn't load memtrack module (No such file or directory)
E/android.os.Debug( 1084): failed to load memtrack module: -2
E/logwrapper( 1095): executing /system/bin/ip failed: No such file or directory
E/SecondaryTablController(   55): ip route del failed: /system/bin/ip route del 10.0.2.2/32 via 0.0.0.0 dev eth0 table 60
E/logwrapper( 1096): executing /system/bin/ip failed: No such file or directory
E/SecondaryTablController(   55): ip route del failed: /system/bin/ip route del 0.0.0.0/0 via 10.0.2.2 dev eth0 table 60
D/AndroidRuntime( 1084): Calling main entry com.android.commands.am.Am
D/AndroidRuntime( 1084): Shutting down VM
D/dalvikvm( 1084): GC_CONCURRENT freed 97K, 15% free 587K/688K, paused 2ms+1ms, total 20ms
D/dalvikvm(  358): GC_CONCURRENT freed 684K, 52% free 5781K/11952K, paused 7ms+6ms, total 206ms
D/dalvikvm(  358): GC_CONCURRENT freed 690K, 52% free 5758K/11952K, paused 17ms+6ms, total 156ms
D/dalvikvm(  358): GC_CONCURRENT freed 685K, 52% free 5761K/11952K, paused 64ms+17ms, total 183ms
D/dalvikvm(  358): GC_CONCURRENT freed 666K, 52% free 5757K/11952K, paused 7ms+6ms, total 131ms
D/Tethering(  358): MasterInitialState.processMessage what=3
D/CaptivePortalTracker(  358): NoActiveNetworkState{ when=0 what=1 obj=NetworkInfo: type: mobile_hipri[UMTS], state: DISCONNECTED/DISCONNECTED, reason: dataDisabled, extra: epc.tmobile.com, roaming: false, failover: false, isAvailable: true, isConnectedToProvisioningNetwork: false target=com.android.internal.util.StateMachine$SmHandler }
D/CaptivePortalTracker(  358): NoActiveNetworkState not a wifi connectivity change, ignore
D/Tethering(  358): MasterInitialState.processMessage what=3
D/CaptivePortalTracker(  358): NoActiveNetworkState{ when=0 what=1 obj=NetworkInfo: type: mobile[UMTS], state: CONNECTED/CONNECTED, reason: connected, extra: epc.tmobile.com, roaming: false, failover: false, isAvailable: true, isConnectedToProvisioningNetwork: false target=com.android.internal.util.StateMachine$SmHandler }
D/CaptivePortalTracker(  358): NoActiveNetworkState not a wifi connectivity change, ignore
D/dalvikvm(  358): GC_CONCURRENT freed 670K, 52% free 5751K/11952K, paused 8ms+5ms, total 69ms
I/MediaFocusControl(  358):  AudioFocus  abandonAudioFocus() from android.media.AudioManager@b2ce45a8com.android.music.MediaPlaybackService$3@b2ce3428
D/AndroidRuntime( 1155): 
D/AndroidRuntime( 1155): >>>>>> AndroidRuntime START com.android.internal.os.RuntimeInit <<<<<<
D/AndroidRuntime( 1155): CheckJNI is ON
D/dalvikvm( 1155): Trying to load lib libjavacore.so 0x0
D/dalvikvm( 1155): Added shared lib libjavacore.so 0x0
D/dalvikvm( 1155): Trying to load lib libnativehelper.so 0x0
D/dalvikvm( 1155): Added shared lib libnativehelper.so 0x0
D/dalvikvm( 1155): No JNI_OnLoad found in libnativehelper.so 0x0, skipping init
D/dalvikvm( 1155): Note: class Landroid/app/ActivityManagerNative; has 179 unimplemented (abstract) methods
D/        (  358): Setting time of day to sec=1545862466
E/memtrack( 1155): Couldn't load memtrack module (No such file or directory)
E/android.os.Debug( 1155): failed to load memtrack module: -2
D/AndroidRuntime( 1155): Calling main entry com.android.commands.am.Am
D/AndroidRuntime( 1155): Shutting down VM
D/dalvikvm( 1155): GC_CONCURRENT freed 96K, 15% free 585K/684K, paused 2ms+1ms, total 12ms
D/AndroidRuntime( 1165): 
D/AndroidRuntime( 1165): >>>>>> AndroidRuntime START com.android.internal.os.RuntimeInit <<<<<<
D/AndroidRuntime( 1165): CheckJNI is ON
D/dalvikvm( 1165): Trying to load lib libjavacore.so 0x0
D/dalvikvm( 1165): Added shared lib libjavacore.so 0x0
D/dalvikvm( 1165): Trying to load lib libnativehelper.so 0x0
D/dalvikvm( 1165): Added shared lib libnativehelper.so 0x0
D/dalvikvm( 1165): No JNI_OnLoad found in libnativehelper.so 0x0, skipping init
D/dalvikvm( 1165): Note: class Landroid/app/ActivityManagerNative; has 179 unimplemented (abstract) methods
E/memtrack( 1165): Couldn't load memtrack module (No such file or directory)
E/android.os.Debug( 1165): failed to load memtrack module: -2
D/AndroidRuntime( 1165): Calling main entry com.android.commands.am.Am
D/AndroidRuntime( 1165): Shutting down VM
D/dalvikvm( 1165): GC_CONCURRENT freed 96K, 15% free 585K/684K, paused 1ms+1ms, total 10ms
D/dalvikvm(  358): GC_CONCURRENT freed 644K, 52% free 5744K/11952K, paused 38ms+4ms, total 90ms
D/AndroidRuntime( 1176): 
D/AndroidRuntime( 1176): >>>>>> AndroidRuntime START com.android.internal.os.RuntimeInit <<<<<<
D/AndroidRuntime( 1176): CheckJNI is ON
D/dalvikvm( 1176): Trying to load lib libjavacore.so 0x0
D/dalvikvm( 1176): Added shared lib libjavacore.so 0x0
D/dalvikvm( 1176): Trying to load lib libnativehelper.so 0x0
D/dalvikvm( 1176): Added shared lib libnativehelper.so 0x0
D/dalvikvm( 1176): No JNI_OnLoad found in libnativehelper.so 0x0, skipping init
D/dalvikvm( 1176): Note: class Landroid/app/ActivityManagerNative; has 179 unimplemented (abstract) methods
E/memtrack( 1176): Couldn't load memtrack module (No such file or directory)
E/android.os.Debug( 1176): failed to load memtrack module: -2
D/AndroidRuntime( 1176): Calling main entry com.android.commands.am.Am
D/AndroidRuntime( 1066): Shutting down VM
W/dalvikvm( 1066): threadid=1: thread exiting with uncaught exception (group=0xb2a2bba8)
D/AndroidRuntime( 1176): Shutting down VM
D/dalvikvm( 1176): GC_CONCURRENT freed 96K, 15% free 585K/684K, paused 7ms+1ms, total 19ms
E/AndroidRuntime( 1066): FATAL EXCEPTION: main
E/AndroidRuntime( 1066): Process: com.iqeadmcuzf.jdjgl, PID: 1066
E/AndroidRuntime( 1066): java.lang.RuntimeException: Unable to instantiate service com.iqeadmcuzf.jdjgl.ugemrgpmnz: java.lang.ClassNotFoundException: Didn't find class "com.iqeadmcuzf.jdjgl.ugemrgpmnz" on path: DexPathList[[zip file "/data/data/com.iqeadmcuzf.jdjgl/app_dvsgc/hjmprkoi.jar"],nativeLibraryDirectories=[/system/lib]]
E/AndroidRuntime( 1066): 	at android.app.ActivityThread.handleCreateService(ActivityThread.java:2543)
E/AndroidRuntime( 1066): 	at android.app.ActivityThread.access$1800(ActivityThread.java:135)
E/AndroidRuntime( 1066): 	at android.app.ActivityThread$H.handleMessage(ActivityThread.java:1278)
E/AndroidRuntime( 1066): 	at android.os.Handler.dispatchMessage(Handler.java:102)
E/AndroidRuntime( 1066): 	at android.os.Looper.loop(Looper.java:136)
E/AndroidRuntime( 1066): 	at android.app.ActivityThread.main(ActivityThread.java:5001)
E/AndroidRuntime( 1066): 	at java.lang.reflect.Method.invokeNative(Native Method)
E/AndroidRuntime( 1066): 	at java.lang.reflect.Method.invoke(Method.java:515)
E/AndroidRuntime( 1066): 	at com.android.internal.os.ZygoteInit$MethodAndArgsCaller.run(ZygoteInit.java:785)
E/AndroidRuntime( 1066): 	at com.android.internal.os.ZygoteInit.main(ZygoteInit.java:601)
E/AndroidRuntime( 1066): 	at dalvik.system.NativeStart.main(Native Method)
E/AndroidRuntime( 1066): Caused by: java.lang.ClassNotFoundException: Didn't find class "com.iqeadmcuzf.jdjgl.ugemrgpmnz" on path: DexPathList[[zip file "/data/data/com.iqeadmcuzf.jdjgl/app_dvsgc/hjmprkoi.jar"],nativeLibraryDirectories=[/system/lib]]
E/AndroidRuntime( 1066): 	at dalvik.system.BaseDexClassLoader.findClass(BaseDexClassLoader.java:56)
E/AndroidRuntime( 1066): 	at java.lang.ClassLoader.loadClass(ClassLoader.java:497)
E/AndroidRuntime( 1066): 	at java.lang.ClassLoader.loadClass(ClassLoader.java:457)
E/AndroidRuntime( 1066): 	at android.app.ActivityThread.handleCreateService(ActivityThread.java:2540)
E/AndroidRuntime( 1066): 	... 10 more
D/dalvikvm( 1066): GC_CONCURRENT freed 255K, 11% free 2950K/3280K, paused 5ms+2ms, total 85ms
I/Choreographer(  358): Skipped 57 frames!  The application may be doing too much work on its main thread.
I/ARMAssembler(   58): generated scanline__00000077:03515104_00009001_00000000 [131 ipp] (153 ins) at [0xb5a7c830:0xb5a7ca94] in 10000000 ns
I/Choreographer(  358): Skipped 41 frames!  The application may be doing too much work on its main thread.
D/AndroidRuntime( 1187): 
D/AndroidRuntime( 1187): >>>>>> AndroidRuntime START com.android.internal.os.RuntimeInit <<<<<<
D/AndroidRuntime( 1187): CheckJNI is ON
D/dalvikvm( 1187): Trying to load lib libjavacore.so 0x0
D/dalvikvm( 1187): Added shared lib libjavacore.so 0x0
D/dalvikvm( 1187): Trying to load lib libnativehelper.so 0x0
D/dalvikvm( 1187): Added shared lib libnativehelper.so 0x0
D/dalvikvm( 1187): No JNI_OnLoad found in libnativehelper.so 0x0, skipping init
D/dalvikvm( 1187): Note: class Landroid/app/ActivityManagerNative; has 179 unimplemented (abstract) methods
E/memtrack( 1187): Couldn't load memtrack module (No such file or directory)
E/android.os.Debug( 1187): failed to load memtrack module: -2
D/AndroidRuntime( 1187): Calling main entry com.android.commands.am.Am
D/AndroidRuntime( 1187): Shutting down VM
D/dalvikvm( 1187): GC_CONCURRENT freed 96K, 15% free 585K/684K, paused 3ms+2ms, total 12ms
I/PackageManager(  358):   Action: "android.intent.action.SENDTO"
I/PackageManager(  358):   Category: "android.intent.category.DEFAULT"
I/PackageManager(  358):   Scheme: "sms"
I/PackageManager(  358): Adding preferred activity ComponentInfo{com.android.mms/com.android.mms.ui.ComposeMessageActivity} for user 0 :
I/PackageManager(  358):   Action: "android.intent.action.SENDTO"
I/PackageManager(  358):   Category: "android.intent.category.DEFAULT"
I/PackageManager(  358):   Scheme: "smsto"
I/PackageManager(  358): Adding preferred activity ComponentInfo{com.android.mms/com.android.mms.ui.ComposeMessageActivity} for user 0 :
I/PackageManager(  358):   Action: "android.intent.action.SENDTO"
I/PackageManager(  358):   Category: "android.intent.category.DEFAULT"
