--------- beginning of /dev/log/system
I/Vold    (   52): Vold 2.1 (the revenge) firing up
D/Vold    (   52): Volume sdcard state changing -1 (Initializing) -> 0 (No-Media)
D/Vold    (   52): Volume sdcard state changing 0 (No-Media) -> 1 (Idle-Unmounted)
I/SystemServer(  353): Entered the Android system server!
I/SystemServer(  353): Waiting for installd to be ready.
I/Installer(  353): connecting...
I/SystemServer(  353): Power Manager
I/SystemServer(  353): Activity Manager
I/SystemServer(  353): Enabled StrictMode logging for WM Looper
I/ActivityManager(  353): Memory class: 48
I/AppOps  (  353): No existing app ops /data/system/appops.xml; starting empty
W/ProcessCpuTracker(  353): Skipping unknown process pid 372
I/UiThread(  353): Enabled StrictMode logging for UI thread
I/IntentFirewall(  353): Read new rules (A:0 B:0 S:0)
I/ActivityManager(  353): Enabled StrictMode logging for AThread's Looper
I/SystemServer(  353): Display Manager
I/SystemServer(  353): Telephony Registry
I/SystemServer(  353): Scheduling Policy
I/DisplayManagerService(  353): Display device added: DisplayDeviceInfo{"Built-in Screen": 480 x 864, 241.12602 fps, density 160, 160.0 x 160.0 dpi, touch INTERNAL, rotation 0, type BUILT_IN, FLAG_DEFAULT_DISPLAY, FLAG_ROTATES_WITH_CONTENT, FLAG_SECURE, FLAG_SUPPORTS_PROTECTED_BUFFERS}
I/SystemServer(  353): Package Manager
W/FileUtils(  353): Failed to chmod(/data/system/packages.list): libcore.io.ErrnoException: chmod failed: ENOENT (No such file or directory)
D/SELinuxMMAC(  353): Couldn't find install policy /data/security/mac_permissions.xml
D/SELinuxMMAC(  353): Using install policy file /system/etc/security/mac_permissions.xml
I/PackageManager(  353): No settings file; creating initial state
W/PackageManager(  353): Running ENG build: no pre-dexopt!
W/PackageParser(  353): No actions in intent filter at /system/priv-app/Contacts.apk Binary XML file line #375
W/PackageParser(  353): No actions in intent filter at /system/priv-app/Dialer.apk Binary XML file line #163
W/PackageParser(  353): No actions in intent filter at /data/app/ApiDemos.apk Binary XML file line #2899
W/PackageParser(  353): No actions in intent filter at /data/app/ApiDemos.apk Binary XML file line #2905
W/PackageManager(  353): Package com.example.android.apis desires unavailable shared library com.example.will.never.exist; ignoring!
W/PackageManager(  353): Package com.example.android.apis desires unavailable shared library com.example.will.never.exist; ignoring!
W/PackageManager(  353): Package com.android.camera desires unavailable shared library com.google.android.media.effects; ignoring!
I/PackageManager(  353): Time to scan packages: 23.55 seconds
W/PackageManager(  353): Not granting permission android.permission.GLOBAL_SEARCH to package com.android.quicksearchbox (protectionLevel=18 flags=0x8be45)
W/PackageManager(  353): Unknown permission com.android.smspush.WAPPUSH_MANAGER_BIND in package com.android.phone
W/PackageManager(  353): Unknown permission com.google.android.googleapps.permission.GOOGLE_AUTH in package com.android.providers.calendar
W/PackageManager(  353): Unknown permission com.google.android.googleapps.permission.GOOGLE_AUTH.cl in package com.android.providers.calendar
W/PackageManager(  353): Unknown permission com.google.android.googleapps.permission.GOOGLE_AUTH.mail in package com.android.calendar
W/PackageManager(  353): Not granting permission android.permission.ACCESS_DOWNLOAD_MANAGER to package com.android.browser (protectionLevel=18 flags=0x9be45)
W/PackageManager(  353): Not granting permission android.permission.SEND_DOWNLOAD_COMPLETED_INTENTS to package com.android.browser (protectionLevel=2 flags=0x9be45)
W/PackageManager(  353): Not granting permission android.permission.BIND_APPWIDGET to package com.android.widgetpreview (protectionLevel=18 flags=0x8be44)
W/PackageManager(  353): Unknown permission android.permission.INSTALL_DRM in package com.android.mms
W/PackageManager(  353): Unknown permission com.google.android.googleapps.permission.GOOGLE_AUTH in package com.android.settings
W/PackageManager(  353): Unknown permission com.google.android.googleapps.permission.ACCESS_GOOGLE_PASSWORD in package com.android.development
W/PackageManager(  353): Unknown permission com.google.android.googleapps.permission.GOOGLE_AUTH in package com.android.development
W/PackageManager(  353): Unknown permission com.google.android.googleapps.permission.GOOGLE_AUTH.ALL_SERVICES in package com.android.development
W/PackageManager(  353): Unknown permission com.google.android.googleapps.permission.GOOGLE_AUTH.YouTubeUser in package com.android.development
W/PackageManager(  353): Not granting permission android.permission.DELETE_PACKAGES to package com.svox.pico (protectionLevel=18 flags=0x8be45)
W/PackageManager(  353): Not granting permission android.permission.DEVICE_POWER to package com.android.deskclock (protectionLevel=2 flags=0x48be45)
I/SystemServer(  353): Entropy Mixer
W/EntropyMixer(  353): No existing entropy file -- first boot?
I/EntropyMixer(  353): Writing entropy...
I/SystemServer(  353): User Service
I/SystemServer(  353): Account Manager
I/SystemServer(  353): Content Manager
I/SystemServer(  353): System Content Providers
D/SettingsProvider(  353): Generated and saved new ANDROID_ID [a1bd32a7c639d05a] for user 0
I/SystemServer(  353): Lights Service
I/SystemServer(  353): Battery Service
I/SystemServer(  353): Vibrator Service
I/SystemServer(  353): Consumer IR Service
I/SystemServer(  353): Alarm Manager
I/SystemServer(  353): Init Watchdog
I/SystemServer(  353): Input Manager
I/InputManager(  353): Initializing input manager, mUseDevInputEventForAudioJack=false
I/SystemServer(  353): Window Manager
I/WindowManager(  353): No existing display settings /data/system/display_settings.xml; starting empty
I/WindowManager(  353): No keyguard interface!
I/InputManager(  353): Starting input manager
I/SystemServer(  353): No Bluetooh Service (emulator)
I/SystemServer(  353): Input Method Service
W/InputMethodManagerService(  353): No IME selected. Choose the most applicable IME.
I/InputMethodManagerService(  353): No default found, using com.android.inputmethod.latin/.LatinIME
I/SystemServer(  353): Accessibility Manager
I/ActivityManager(  353): Config changes=1df8 {1.0 ?mcc?mnc en_US ldltr sw480dp w480dp h864dp 160dpi lrg long port ?uimode ?night -touch -keyb/h/h tball/v s.2}
I/ActivityManager(  353): Config changes=408 {1.0 ?mcc?mnc en_US ldltr sw480dp w480dp h839dp 160dpi lrg long port ?uimode ?night finger -keyb/h/h tball/v s.3}
I/SystemServer(  353): Mount Service
D/MountService(  353): got storage path: /storage/sdcard description: USB storage primary: true removable: false emulated: false mtpReserve: 0 allowMassStorage: false maxFileSize: 0
D/MountService(  353): addVolumeLocked() StorageVolume:
D/MountService(  353):     mStorageId=0 mPath=/storage/sdcard mDescriptionId=17040665 mPrimary=true 
D/MountService(  353):     mRemovable=false mEmulated=false mMtpReserveSpace=0 
D/MountService(  353):     mAllowMassStorage=false mMaxFileSize=0 mOwner=null mUuid=null 
D/MountService(  353):     mUserLabel=null mState=null 
I/SystemServer(  353): LockSettingsService
I/SystemServer(  353): Device Policy
I/SystemServer(  353): Status Bar
I/SystemServer(  353): Clipboard Service
I/SystemServer(  353): NetworkManagement Service
I/SystemServer(  353): Text Service Manager Service
W/MountService(  353): Duplicate state transition (unmounted -> unmounted) for /storage/sdcard
W/MountService(  353): getSecureContainerList() called when storage not mounted
I/SystemServer(  353): NetworkStats Service
W/PackageManager(  353): Not granting permission android.permission.GLOBAL_SEARCH to package com.android.quicksearchbox (protectionLevel=18 flags=0x8be45)
I/SystemServer(  353): NetworkPolicy Service
I/SystemServer(  353): Wi-Fi P2pService
W/PackageManager(  353): Unknown permission com.android.smspush.WAPPUSH_MANAGER_BIND in package com.android.phone
W/PackageManager(  353): Unknown permission com.google.android.googleapps.permission.GOOGLE_AUTH in package com.android.providers.calendar
W/PackageManager(  353): Unknown permission com.google.android.googleapps.permission.GOOGLE_AUTH.cl in package com.android.providers.calendar
W/PackageManager(  353): Unknown permission com.google.android.googleapps.permission.GOOGLE_AUTH.mail in package com.android.calendar
W/PackageManager(  353): Not granting permission android.permission.ACCESS_DOWNLOAD_MANAGER to package com.android.browser (protectionLevel=18 flags=0x9be45)
W/PackageManager(  353): Not granting permission android.permission.SEND_DOWNLOAD_COMPLETED_INTENTS to package com.android.browser (protectionLevel=2 flags=0x9be45)
W/PackageManager(  353): Not granting permission android.permission.BIND_APPWIDGET to package com.android.widgetpreview (protectionLevel=18 flags=0x8be44)
W/PackageManager(  353): Unknown permission android.permission.INSTALL_DRM in package com.android.mms
W/PackageManager(  353): Unknown permission com.google.android.googleapps.permission.GOOGLE_AUTH in package com.android.settings
W/PackageManager(  353): Unknown permission com.google.android.googleapps.permission.ACCESS_GOOGLE_PASSWORD in package com.android.development
W/PackageManager(  353): Unknown permission com.google.android.googleapps.permission.GOOGLE_AUTH in package com.android.development
W/PackageManager(  353): Unknown permission com.google.android.googleapps.permission.GOOGLE_AUTH.ALL_SERVICES in package com.android.development
W/PackageManager(  353): Unknown permission com.google.android.googleapps.permission.GOOGLE_AUTH.YouTubeUser in package com.android.development
W/PackageManager(  353): Not granting permission android.permission.DELETE_PACKAGES to package com.svox.pico (protectionLevel=18 flags=0x8be45)
W/PackageManager(  353): Not granting permission android.permission.DEVICE_POWER to package com.android.deskclock (protectionLevel=2 flags=0x48be45)
I/SystemServer(  353): Wi-Fi Service
I/SystemServer(  353): Connectivity Service
D/ConnectivityService(  353): ConnectivityService starting up
D/ConnectivityService(  353): wifiOnly=false
E/MobileDataStateTracker(  353): default: Ignoring feature request because could not acquire PhoneService
E/MobileDataStateTracker(  353): default: Could not enable APN type "default"
I/WifiService(  353): WifiService starting up with Wi-Fi disabled
I/SystemServer(  353): Network Service Discovery Service
D/NsdService(  353): Network service discovery enabled true
I/SystemServer(  353): UpdateLock Service
I/SystemServer(  353): Notification Manager
I/SystemServer(  353): Device Storage Monitor
I/SystemServer(  353): Location Manager
I/SystemServer(  353): Country Detector
I/SystemServer(  353): Search Service
I/SystemServer(  353): DropBox Service
I/SystemServer(  353): Wallpaper Service
W/WallpaperService(  353): no current wallpaper -- first boot?
I/SystemServer(  353): Audio Service
I/SystemServer(  353): Dock Observer
W/DockObserver(  353): This kernel does not have dock station support
I/SystemServer(  353): Wired Accessory Manager
W/WiredAccessoryManager(  353): This kernel does not have wired headset support
W/WiredAccessoryManager(  353): This kernel does not have usb audio support
W/WiredAccessoryManager(  353): This kernel does not have HDMI audio support
I/SystemServer(  353): USB Service
I/SystemServer(  353): Serial Service
I/SystemServer(  353): Twilight Service
I/SystemServer(  353): UI Mode Manager Service
I/SystemServer(  353): Backup Service
V/BackupManagerService(  353): Initializing package tracking
V/BackupManagerService(  353): No ancestral data
V/BackupManagerService(  353): addPackageParticipantsLocked: all
I/BackupManagerService(  353): Scheduling backup for new app com.android.calendar
D/BackupManagerService(  353): Now staging backup of com.android.calendar
I/BackupManagerService(  353): Scheduling backup for new app com.android.browser
D/BackupManagerService(  353): Now staging backup of com.android.browser
I/BackupManagerService(  353): Scheduling backup for new app com.android.providers.userdictionary
D/BackupManagerService(  353): Now staging backup of com.android.providers.userdictionary
I/BackupManagerService(  353): Scheduling backup for new app com.android.sharedstoragebackup
D/BackupManagerService(  353): Now staging backup of com.android.sharedstoragebackup
I/BackupManagerService(  353): Scheduling backup for new app android
D/BackupManagerService(  353): Now staging backup of android
I/BackupManagerService(  353): Scheduling backup for new app com.android.dialer
D/BackupManagerService(  353): Now staging backup of com.android.dialer
I/BackupManagerService(  353): Scheduling backup for new app com.android.providers.settings
D/BackupManagerService(  353): Now staging backup of com.android.providers.settings
V/BackupManagerService(  353): Starting with transport android/com.android.internal.backup.LocalTransport
V/BackupManagerService(  353): Found transports: 1
I/BackupManagerService(  353): Binding to transport host ComponentInfo{android/com.android.internal.backup.LocalTransportService}
I/BackupManagerService(  353): Backup enabled => true
I/SystemServer(  353): AppWidget Service
I/SystemServer(  353): Recognition Service
I/SystemServer(  353): DiskStats Service
I/SystemServer(  353): SamplingProfiler Service
I/SystemServer(  353): NetworkTimeUpdateService
I/SystemServer(  353): CommonTimeManagementService
I/SystemServer(  353): CertBlacklister
I/SystemServer(  353): Dreams Service
I/SystemServer(  353): Assets Atlas Service
I/SystemServer(  353): IdleMaintenanceService
I/SystemServer(  353): Print Service
I/SystemServer(  353): Media Router Service
I/LockSettingsService(  353): Migrated lock settings to new location
I/LockSettingsService(  353): Migrated per-user lock settings to new location
I/ActivityManager(  353): Start proc com.android.systemui for service com.android.keyguard/.KeyguardService: pid=448 uid=10007 gids={50007, 1028, 1015, 1035, 3002, 3001}
W/SystemServer(  353): ***********************************************
I/ActivityManager(  353): Sending system update to ComponentInfo{com.android.providers.calendar/com.android.providers.calendar.CalendarUpgradeReceiver} for user 0
I/ActivityManager(  353): Sending system update to ComponentInfo{com.android.providers.contacts/com.android.providers.contacts.ContactsUpgradeReceiver} for user 0
I/ActivityManager(  353): Sending system update to ComponentInfo{com.android.providers.media/com.android.providers.media.MediaUpgradeReceiver} for user 0
I/SystemServer(  353): Enabled StrictMode for system server main thread.
I/ActivityManager(  353): Start proc com.android.providers.calendar for broadcast com.android.providers.calendar/.CalendarUpgradeReceiver: pid=460 uid=10001 gids={50001, 3003, 1028, 1015}
W/InputMethodManagerService(  353): Focus gain on non-focused client android.view.inputmethod.InputMethodManager$1@b32163a0 (uid=1000 pid=353)
V/BackupManagerService(  353): Connected to transport ComponentInfo{android/com.android.internal.backup.LocalTransportService}
V/BackupManagerService(  353): Registering transport android/com.android.internal.backup.LocalTransportService::android/com.android.internal.backup.LocalTransport = com.android.internal.backup.LocalTransport@b32a61a0
I/ActivityManager(  353): Launching preboot mode app: ProcessRecord{b3322ce0 460:com.android.providers.calendar/u0a1}
I/ActivityManager(  353): Start proc android.process.acore for broadcast com.android.providers.contacts/.ContactsUpgradeReceiver: pid=481 uid=10002 gids={50002, 3003, 1028, 1015}
I/ActivityManager(  353): Launching preboot mode app: ProcessRecord{b32cd478 481:android.process.acore/u0a2}
I/ActivityManager(  353): Start proc android.process.media for broadcast com.android.providers.media/.MediaUpgradeReceiver: pid=497 uid=10005 gids={50005, 1028, 1015, 1023, 1024, 2001, 3003, 3007}
I/ActivityManager(  353): Launching preboot mode app: ProcessRecord{b35ae688 497:android.process.media/u0a5}
I/ActivityManager(  353): Writing new set of last done pre-boot receivers...
I/ActivityManager(  353): Removing system update proc: ProcessRecord{b3322ce0 460:com.android.providers.calendar/u0a1}
I/ActivityManager(  353): Killing 460:com.android.providers.calendar/u0a1 (adj 13): system update done
I/ActivityManager(  353): Removing system update proc: ProcessRecord{b32cd478 481:android.process.acore/u0a2}
I/ActivityManager(  353): Killing 481:android.process.acore/u0a2 (adj 11): system update done
I/ActivityManager(  353): Removing system update proc: ProcessRecord{b35ae688 497:android.process.media/u0a5}
I/ActivityManager(  353): Killing 497:android.process.media/u0a5 (adj 9): system update done
I/ActivityManager(  353): System now ready
I/SystemServer(  353): Making services ready
D/NetworkManagementService(  353): enabling bandwidth control
I/Vold    (   52): /dev/block/vold/179:0 being considered for volume sdcard
D/Vold    (   52): Volume sdcard state changing 1 (Idle-Unmounted) -> 3 (Checking)
D/MountService(  353): volume state changed for /storage/sdcard (unmounted -> checking)
D/MountService(  353): sendStorageIntent Intent { act=android.intent.action.MEDIA_CHECKING dat=file:///storage/sdcard (has extras) } to UserHandle{-1}
I/StatusBarManagerService(  353): registerStatusBar bar=com.android.internal.statusbar.IStatusBar$Stub$Proxy@b3286888
I/Vold    (   52): Filesystem check completed OK
D/Vold    (   52): Volume sdcard state changing 3 (Checking) -> 4 (Mounted)
D/MountService(  353): volume state changed for /storage/sdcard (checking -> mounted)
D/MountService(  353): sendStorageIntent Intent { act=android.intent.action.MEDIA_MOUNTED dat=file:///storage/sdcard (has extras) } to UserHandle{-1}
E/VoldConnector(  353): NDC Command {3 volume mount /storage/sdcard} took too long (909ms)
W/PackageManager(  353): Not granting permission android.permission.GLOBAL_SEARCH to package com.android.quicksearchbox (protectionLevel=18 flags=0x88be45)
W/PackageManager(  353): Unknown permission com.android.smspush.WAPPUSH_MANAGER_BIND in package com.android.phone
W/PackageManager(  353): Unknown permission com.google.android.googleapps.permission.GOOGLE_AUTH in package com.android.providers.calendar
W/PackageManager(  353): Unknown permission com.google.android.googleapps.permission.GOOGLE_AUTH.cl in package com.android.providers.calendar
W/PackageManager(  353): Unknown permission com.google.android.googleapps.permission.GOOGLE_AUTH.mail in package com.android.calendar
W/PackageManager(  353): Not granting permission android.permission.ACCESS_DOWNLOAD_MANAGER to package com.android.browser (protectionLevel=18 flags=0x89be45)
W/PackageManager(  353): Not granting permission android.permission.SEND_DOWNLOAD_COMPLETED_INTENTS to package com.android.browser (protectionLevel=2 flags=0x89be45)
W/PackageManager(  353): Not granting permission android.permission.BIND_APPWIDGET to package com.android.widgetpreview (protectionLevel=18 flags=0x8be44)
W/PackageManager(  353): Unknown permission android.permission.INSTALL_DRM in package com.android.mms
W/PackageManager(  353): Unknown permission com.google.android.googleapps.permission.GOOGLE_AUTH in package com.android.settings
W/PackageManager(  353): Unknown permission com.google.android.googleapps.permission.ACCESS_GOOGLE_PASSWORD in package com.android.development
W/PackageManager(  353): Unknown permission com.google.android.googleapps.permission.GOOGLE_AUTH in package com.android.development
W/PackageManager(  353): Unknown permission com.google.android.googleapps.permission.GOOGLE_AUTH.ALL_SERVICES in package com.android.development
W/PackageManager(  353): Unknown permission com.google.android.googleapps.permission.GOOGLE_AUTH.YouTubeUser in package com.android.development
W/PackageManager(  353): Not granting permission android.permission.DELETE_PACKAGES to package com.svox.pico (protectionLevel=18 flags=0x88be45)
W/PackageManager(  353): Not granting permission android.permission.DEVICE_POWER to package com.android.deskclock (protectionLevel=2 flags=0xc8be45)
I/ActivityManager(  353): Start proc android.process.acore for content provider com.android.providers.contacts/.ContactsProvider2: pid=549 uid=10002 gids={50002, 3003, 1028, 1015}
W/ProcessCpuTracker(  353): Skipping unknown process pid 548
E/NetdConnector(  353): NDC Command {1 bandwidth enable} took too long (3114ms)
E/NetdConnector(  353): NDC Command {2 firewall disable} took too long (586ms)
E/NetdConnector(  353): NDC Command {5 firewall disable} took too long (573ms)
I/ActivityManager(  353): Config changes=200 {1.0 ?mcc?mnc en_US ldltr sw480dp w480dp h839dp 160dpi lrg long port finger -keyb/h/h tball/v s.4}
W/RecognitionManagerService(  353): no available voice recognition services found for user 0
W/AppWidgetServiceImpl(  353): Failed to read state: java.io.FileNotFoundException: /data/system/users/0/appwidgets.xml: open failed: ENOENT (No such file or directory)
W/InputMethodManagerService(  353): Ignoring setImeWindowStatus of uid 1000 token: null
W/InputMethodUtils(  353): Found no subtypes in a system IME: com.android.inputmethod.pinyin
W/InputMethodManagerService(  353): Reset the default IME as "Resource" is ready here.
W/InputMethodUtils(  353): Found no subtypes in a system IME: com.android.inputmethod.pinyin
I/InputMethodManagerService(  353): Selected default: com.android.inputmethod.latin/.LatinIME
I/ActivityManager(  353): Config changes=20 {1.0 ?mcc?mnc en_US ldltr sw480dp w480dp h839dp 160dpi lrg long port finger -keyb/v/h tball/v s.5}
I/ActivityManager(  353): Start proc com.android.inputmethod.latin for service com.android.inputmethod.latin/.LatinIME: pid=591 uid=10029 gids={50029, 1028, 1015}
V/InputMethodManagerService(  353): Adding window token: android.os.Binder@b2d893a0
W/LocationManagerService(  353): no network location provider found
W/InputMethodManagerService(  353): Illegal subtype state: old subtype = null, new subtype = android.view.inputmethod.InputMethodSubtype@c9194f98
E/LocationManagerService(  353): no geocoder provider found
E/LocationManagerService(  353): No FusedProvider found.
E/LocationManagerService(  353): no geofence provider found
I/ActivityManager(  353): Start proc com.android.phone for added application com.android.phone: pid=603 uid=1001 gids={41001, 3002, 3001, 3003, 1028, 1015}
I/ActivityManager(  353): START u0 {act=android.intent.action.MAIN cat=[android.intent.category.HOME] flg=0x10000000 cmp=com.android.settings/.CryptKeeper} from pid 0
I/ActivityManager(  353): Start proc com.android.settings for activity com.android.settings/.CryptKeeper: pid=614 uid=1000 gids={41000, 1028, 1015, 3002, 3001, 3003}
I/ActivityManager(  353): Start proc android.process.media for broadcast com.android.providers.downloads/.DownloadReceiver: pid=626 uid=10005 gids={50005, 1028, 1015, 1023, 1024, 2001, 3003, 3007}
W/WindowManager(  353): Window freeze timeout expired.
W/WindowManager(  353): Force clearing orientation change: Window{b35ddc10 u0 StatusBar}
W/WindowManager(  353): Force clearing orientation change: Window{b35ca178 u0 com.android.systemui.ImageWallpaper}
I/ActivityManager(  353): START u0 {act=android.intent.action.MAIN cat=[android.intent.category.HOME] flg=0x10000000 cmp=com.android.sdksetup/.DefaultActivity} from pid 0
I/ActivityManager(  353): Start proc com.android.sdksetup for activity com.android.sdksetup/.DefaultActivity: pid=647 uid=10042 gids={50042}
I/ActivityManager(  353): Start proc com.android.printspooler for service com.android.printspooler/.PrintSpoolerService: pid=663 uid=10039 gids={50039}
I/ActivityManager(  353): Force stopping com.android.sdksetup appid=10042 user=0: pkg changed
I/ActivityManager(  353): Killing 647:com.android.sdksetup/u0a42 (adj 0): stop com.android.sdksetup
I/ActivityManager(  353):   Force finishing activity ActivityRecord{b3266050 u0 com.android.sdksetup/.DefaultActivity t2}
I/ActivityManager(  353): START u0 {act=android.intent.action.MAIN cat=[android.intent.category.HOME] flg=0x10000000 cmp=com.android.launcher/com.android.launcher2.Launcher} from pid 0
I/ActivityManager(  353): Start proc com.android.launcher for activity com.android.launcher/com.android.launcher2.Launcher: pid=688 uid=10008 gids={50008}
W/BackupManagerService(  353): dataChanged but no participant pkg='com.android.providers.settings' uid=1001
I/PackageManager(  353): Adding preferred activity ComponentInfo{com.android.mms/com.android.mms.ui.ComposeMessageActivity} for user 0 :
I/PackageManager(  353): Adding preferred activity ComponentInfo{com.android.mms/com.android.mms.ui.ComposeMessageActivity} for user 0 :
I/PackageManager(  353): Adding preferred activity ComponentInfo{com.android.mms/com.android.mms.ui.ComposeMessageActivity} for user 0 :
I/PackageManager(  353): Adding preferred activity ComponentInfo{com.android.mms/com.android.mms.ui.ComposeMessageActivity} for user 0 :
I/PackageManager(  353): Adding preferred activity ComponentInfo{com.android.mms/com.android.mms.ui.ComposeMessageActivity} for user 0 :
I/PackageManager(  353): Adding preferred activity ComponentInfo{com.android.mms/com.android.mms.ui.ComposeMessageActivity} for user 0 :
I/PackageManager(  353): Adding preferred activity ComponentInfo{com.android.mms/com.android.mms.ui.ComposeMessageActivity} for user 0 :
I/PackageManager(  353): Adding preferred activity ComponentInfo{com.android.mms/com.android.mms.ui.ComposeMessageActivity} for user 0 :
D/MobileDataStateTracker(  353): fota: Broadcast received: android.intent.action.ANY_DATA_STATE apnType=fota
D/MobileDataStateTracker(  353): fota: Received state=DISCONNECTED, old=DISCONNECTED, reason=radioTurnedOff
D/MobileDataStateTracker(  353): ia: Broadcast received: android.intent.action.ANY_DATA_STATE apnType=ia
D/MobileDataStateTracker(  353): ia: Received state=DISCONNECTED, old=DISCONNECTED, reason=radioTurnedOff
D/MobileDataStateTracker(  353): supl: Broadcast received: android.intent.action.ANY_DATA_STATE apnType=supl
D/MobileDataStateTracker(  353): supl: Received state=DISCONNECTED, old=DISCONNECTED, reason=radioTurnedOff
D/MobileDataStateTracker(  353): hipri: Broadcast received: android.intent.action.ANY_DATA_STATE apnType=hipri
D/MobileDataStateTracker(  353): hipri: Received state=DISCONNECTED, old=DISCONNECTED, reason=radioTurnedOff
D/MobileDataStateTracker(  353): ims: Broadcast received: android.intent.action.ANY_DATA_STATE apnType=ims
D/MobileDataStateTracker(  353): ims: Received state=DISCONNECTED, old=DISCONNECTED, reason=radioTurnedOff
D/MobileDataStateTracker(  353): default: Broadcast received: android.intent.action.ANY_DATA_STATE apnType=default
D/MobileDataStateTracker(  353): default: Received state=DISCONNECTED, old=DISCONNECTED, reason=radioTurnedOff
D/MobileDataStateTracker(  353): mms: Broadcast received: android.intent.action.ANY_DATA_STATE apnType=mms
D/MobileDataStateTracker(  353): mms: Received state=DISCONNECTED, old=DISCONNECTED, reason=radioTurnedOff
D/MobileDataStateTracker(  353): cbs: Broadcast received: android.intent.action.ANY_DATA_STATE apnType=cbs
D/MobileDataStateTracker(  353): cbs: Received state=DISCONNECTED, old=DISCONNECTED, reason=radioTurnedOff
D/MobileDataStateTracker(  353): fota: Broadcast received: android.intent.action.ANY_DATA_STATE apnType=fota
D/MobileDataStateTracker(  353): fota: Received state=DISCONNECTED, old=DISCONNECTED, reason=radioTurnedOff
D/MobileDataStateTracker(  353): ia: Broadcast received: android.intent.action.ANY_DATA_STATE apnType=ia
D/MobileDataStateTracker(  353): ia: Received state=DISCONNECTED, old=DISCONNECTED, reason=radioTurnedOff
D/MobileDataStateTracker(  353): supl: Broadcast received: android.intent.action.ANY_DATA_STATE apnType=supl
D/MobileDataStateTracker(  353): supl: Received state=DISCONNECTED, old=DISCONNECTED, reason=radioTurnedOff
D/MobileDataStateTracker(  353): hipri: Broadcast received: android.intent.action.ANY_DATA_STATE apnType=hipri
D/MobileDataStateTracker(  353): hipri: Received state=DISCONNECTED, old=DISCONNECTED, reason=radioTurnedOff
D/MobileDataStateTracker(  353): ims: Broadcast received: android.intent.action.ANY_DATA_STATE apnType=ims
D/MobileDataStateTracker(  353): ims: Received state=DISCONNECTED, old=DISCONNECTED, reason=radioTurnedOff
D/MobileDataStateTracker(  353): default: Broadcast received: android.intent.action.ANY_DATA_STATE apnType=default
D/MobileDataStateTracker(  353): default: Received state=DISCONNECTED, old=DISCONNECTED, reason=radioTurnedOff
D/MobileDataStateTracker(  353): mms: Broadcast received: android.intent.action.ANY_DATA_STATE apnType=mms
D/MobileDataStateTracker(  353): mms: Received state=DISCONNECTED, old=DISCONNECTED, reason=radioTurnedOff
D/MobileDataStateTracker(  353): cbs: Broadcast received: android.intent.action.ANY_DATA_STATE apnType=cbs
D/MobileDataStateTracker(  353): cbs: Received state=DISCONNECTED, old=DISCONNECTED, reason=radioTurnedOff
D/MobileDataStateTracker(  353): fota: Broadcast received: android.intent.action.ANY_DATA_STATE apnType=fota
D/MobileDataStateTracker(  353): fota: Received state=DISCONNECTED, old=DISCONNECTED, reason=dataDetached
D/MobileDataStateTracker(  353): ia: Broadcast received: android.intent.action.ANY_DATA_STATE apnType=ia
D/MobileDataStateTracker(  353): ia: Received state=DISCONNECTED, old=DISCONNECTED, reason=dataDetached
D/MobileDataStateTracker(  353): supl: Broadcast received: android.intent.action.ANY_DATA_STATE apnType=supl
D/MobileDataStateTracker(  353): supl: Received state=DISCONNECTED, old=DISCONNECTED, reason=dataDetached
D/MobileDataStateTracker(  353): hipri: Broadcast received: android.intent.action.ANY_DATA_STATE apnType=hipri
D/MobileDataStateTracker(  353): hipri: Received state=DISCONNECTED, old=DISCONNECTED, reason=dataDetached
D/MobileDataStateTracker(  353): ims: Broadcast received: android.intent.action.ANY_DATA_STATE apnType=ims
D/MobileDataStateTracker(  353): ims: Received state=DISCONNECTED, old=DISCONNECTED, reason=dataDetached
D/MobileDataStateTracker(  353): default: Broadcast received: android.intent.action.ANY_DATA_STATE apnType=default
D/MobileDataStateTracker(  353): default: Received state=DISCONNECTED, old=DISCONNECTED, reason=dataDetached
D/MobileDataStateTracker(  353): mms: Broadcast received: android.intent.action.ANY_DATA_STATE apnType=mms
D/MobileDataStateTracker(  353): mms: Received state=DISCONNECTED, old=DISCONNECTED, reason=dataDetached
D/MobileDataStateTracker(  353): cbs: Broadcast received: android.intent.action.ANY_DATA_STATE apnType=cbs
D/MobileDataStateTracker(  353): cbs: Received state=DISCONNECTED, old=DISCONNECTED, reason=dataDetached
D/MobileDataStateTracker(  353): fota: Broadcast received: android.intent.action.ANY_DATA_STATE apnType=fota
D/MobileDataStateTracker(  353): fota: Received state=DISCONNECTED, old=DISCONNECTED, reason=roamingOff
D/MobileDataStateTracker(  353): ia: Broadcast received: android.intent.action.ANY_DATA_STATE apnType=ia
D/MobileDataStateTracker(  353): ia: Received state=DISCONNECTED, old=DISCONNECTED, reason=roamingOff
D/MobileDataStateTracker(  353): supl: Broadcast received: android.intent.action.ANY_DATA_STATE apnType=supl
D/MobileDataStateTracker(  353): supl: Received state=DISCONNECTED, old=DISCONNECTED, reason=roamingOff
D/MobileDataStateTracker(  353): hipri: Broadcast received: android.intent.action.ANY_DATA_STATE apnType=hipri
D/MobileDataStateTracker(  353): hipri: Received state=DISCONNECTED, old=DISCONNECTED, reason=roamingOff
D/MobileDataStateTracker(  353): ims: Broadcast received: android.intent.action.ANY_DATA_STATE apnType=ims
D/MobileDataStateTracker(  353): ims: Received state=DISCONNECTED, old=DISCONNECTED, reason=roamingOff
D/MobileDataStateTracker(  353): default: Broadcast received: android.intent.action.ANY_DATA_STATE apnType=default
D/MobileDataStateTracker(  353): default: Received state=DISCONNECTED, old=DISCONNECTED, reason=roamingOff
D/MobileDataStateTracker(  353): mms: Broadcast received: android.intent.action.ANY_DATA_STATE apnType=mms
D/MobileDataStateTracker(  353): mms: Received state=DISCONNECTED, old=DISCONNECTED, reason=roamingOff
D/MobileDataStateTracker(  353): cbs: Broadcast received: android.intent.action.ANY_DATA_STATE apnType=cbs
D/MobileDataStateTracker(  353): cbs: Received state=DISCONNECTED, old=DISCONNECTED, reason=roamingOff
D/MobileDataStateTracker(  353): fota: Broadcast received: android.intent.action.ANY_DATA_STATE apnType=fota
D/MobileDataStateTracker(  353): fota: Received state=DISCONNECTED, old=DISCONNECTED, reason=roamingOff
D/MobileDataStateTracker(  353): ia: Broadcast received: android.intent.action.ANY_DATA_STATE apnType=ia
D/MobileDataStateTracker(  353): ia: Received state=DISCONNECTED, old=DISCONNECTED, reason=roamingOff
D/MobileDataStateTracker(  353): supl: Broadcast received: android.intent.action.ANY_DATA_STATE apnType=supl
D/MobileDataStateTracker(  353): supl: Received state=DISCONNECTED, old=DISCONNECTED, reason=roamingOff
D/MobileDataStateTracker(  353): hipri: Broadcast received: android.intent.action.ANY_DATA_STATE apnType=hipri
D/MobileDataStateTracker(  353): hipri: Received state=DISCONNECTED, old=DISCONNECTED, reason=roamingOff
D/MobileDataStateTracker(  353): ims: Broadcast received: android.intent.action.ANY_DATA_STATE apnType=ims
D/MobileDataStateTracker(  353): ims: Received state=DISCONNECTED, old=DISCONNECTED, reason=roamingOff
D/MobileDataStateTracker(  353): default: Broadcast received: android.intent.action.ANY_DATA_STATE apnType=default
D/MobileDataStateTracker(  353): default: Received state=DISCONNECTED, old=DISCONNECTED, reason=roamingOff
D/MobileDataStateTracker(  353): mms: Broadcast received: android.intent.action.ANY_DATA_STATE apnType=mms
D/MobileDataStateTracker(  353): mms: Received state=DISCONNECTED, old=DISCONNECTED, reason=roamingOff
D/MobileDataStateTracker(  353): cbs: Broadcast received: android.intent.action.ANY_DATA_STATE apnType=cbs
D/MobileDataStateTracker(  353): cbs: Received state=DISCONNECTED, old=DISCONNECTED, reason=roamingOff
D/MccTable(  603): updateMccMncConfiguration: mcc=310, mnc=260
D/MccTable(  603): timezone set to America/New_York
D/MccTable(  603): getLocaleFromMcc to en_us mcc=310
D/MccTable(  603): getLocaleForLanguageCountry: got match
D/MccTable(  603): getLocaleForLanguageCountry: X locale=en_US
D/MccTable(  603): WIFI_COUNTRY_CODE set to us
I/WifiService(  353): WifiService trying to set country code to us with persist set to true
D/MobileDataStateTracker(  353): fota: Broadcast received: android.intent.action.ANY_DATA_STATE apnType=fota
D/MobileDataStateTracker(  353): fota: Received state=DISCONNECTED, old=DISCONNECTED, reason=dataAttached
D/MobileDataStateTracker(  353): ia: Broadcast received: android.intent.action.ANY_DATA_STATE apnType=ia
D/MobileDataStateTracker(  353): ia: Received state=DISCONNECTED, old=DISCONNECTED, reason=dataAttached
D/MobileDataStateTracker(  353): supl: Broadcast received: android.intent.action.ANY_DATA_STATE apnType=supl
D/MobileDataStateTracker(  353): supl: Received state=DISCONNECTED, old=DISCONNECTED, reason=dataAttached
D/MobileDataStateTracker(  353): hipri: Broadcast received: android.intent.action.ANY_DATA_STATE apnType=hipri
D/MobileDataStateTracker(  353): hipri: Received state=DISCONNECTED, old=DISCONNECTED, reason=dataAttached
D/MobileDataStateTracker(  353): ims: Broadcast received: android.intent.action.ANY_DATA_STATE apnType=ims
D/MobileDataStateTracker(  353): ims: Received state=DISCONNECTED, old=DISCONNECTED, reason=dataAttached
D/MobileDataStateTracker(  353): mms: Broadcast received: android.intent.action.ANY_DATA_STATE apnType=mms
D/MobileDataStateTracker(  353): mms: Received state=DISCONNECTED, old=DISCONNECTED, reason=dataAttached
D/MobileDataStateTracker(  353): cbs: Broadcast received: android.intent.action.ANY_DATA_STATE apnType=cbs
D/MobileDataStateTracker(  353): cbs: Received state=DISCONNECTED, old=DISCONNECTED, reason=dataAttached
D/MobileDataStateTracker(  353): fota: Broadcast received: android.intent.action.ANY_DATA_STATE apnType=fota
D/MobileDataStateTracker(  353): fota: Received state=DISCONNECTED, old=DISCONNECTED, reason=dataAttached
D/MobileDataStateTracker(  353): ia: Broadcast received: android.intent.action.ANY_DATA_STATE apnType=ia
D/MobileDataStateTracker(  353): ia: Received state=DISCONNECTED, old=DISCONNECTED, reason=dataAttached
D/MobileDataStateTracker(  353): supl: Broadcast received: android.intent.action.ANY_DATA_STATE apnType=supl
D/MobileDataStateTracker(  353): supl: Received state=DISCONNECTED, old=DISCONNECTED, reason=dataAttached
D/MobileDataStateTracker(  353): hipri: Broadcast received: android.intent.action.ANY_DATA_STATE apnType=hipri
D/MobileDataStateTracker(  353): hipri: Received state=DISCONNECTED, old=DISCONNECTED, reason=dataAttached
D/MobileDataStateTracker(  353): ims: Broadcast received: android.intent.action.ANY_DATA_STATE apnType=ims
D/MobileDataStateTracker(  353): ims: Received state=DISCONNECTED, old=DISCONNECTED, reason=dataAttached
D/MobileDataStateTracker(  353): mms: Broadcast received: android.intent.action.ANY_DATA_STATE apnType=mms
D/MobileDataStateTracker(  353): mms: Received state=DISCONNECTED, old=DISCONNECTED, reason=dataAttached
D/MobileDataStateTracker(  353): cbs: Broadcast received: android.intent.action.ANY_DATA_STATE apnType=cbs
D/MobileDataStateTracker(  353): cbs: Received state=DISCONNECTED, old=DISCONNECTED, reason=dataAttached
D/MccTable(  603): updateMccMncConfiguration: mcc=310, mnc=260
D/MccTable(  603): getLocaleFromMcc to en_us mcc=310
D/MccTable(  603): getLocaleForLanguageCountry: got match
D/MccTable(  603): getLocaleForLanguageCountry: X locale=en_US
D/MccTable(  603): updateMccMncConfiguration updateConfig config={1.0 310mcc260mnc en_US ldltr ?swdp ?wdp ?hdp ?density ?lsize ?long ?orien ?uimode ?night ?touch ?keyb/?/? ?nav/?}
I/ActivityManager(  353): Config changes=3 {1.0 310mcc260mnc en_US ldltr sw480dp w480dp h839dp 160dpi lrg long port finger -keyb/v/h tball/v s.6}
D/MccTable(  603): updateMccMncConfiguration: mcc=310, mnc=260
D/MccTable(  603): getLocaleFromMcc to en_us mcc=310
D/MccTable(  603): getLocaleForLanguageCountry: skipping already persisted
D/MccTable(  603): getLocaleForLanguageCountry: X locale=null
D/MccTable(  603): updateMccMncConfiguration updateConfig config={1.0 310mcc260mnc ?locale ?layoutDir ?swdp ?wdp ?hdp ?density ?lsize ?long ?orien ?uimode ?night ?touch ?keyb/?/? ?nav/?}
D/MobileDataStateTracker(  353): fota: Broadcast received: android.intent.action.ANY_DATA_STATE apnType=fota
D/MobileDataStateTracker(  353): fota: Received state=DISCONNECTED, old=DISCONNECTED, reason=simLoaded
D/MobileDataStateTracker(  353): ia: Broadcast received: android.intent.action.ANY_DATA_STATE apnType=ia
D/MobileDataStateTracker(  353): ia: Received state=DISCONNECTED, old=DISCONNECTED, reason=simLoaded
D/MobileDataStateTracker(  353): supl: Broadcast received: android.intent.action.ANY_DATA_STATE apnType=supl
D/MobileDataStateTracker(  353): supl: Received state=DISCONNECTED, old=DISCONNECTED, reason=simLoaded
D/MobileDataStateTracker(  353): hipri: Broadcast received: android.intent.action.ANY_DATA_STATE apnType=hipri
D/MobileDataStateTracker(  353): hipri: Received state=DISCONNECTED, old=DISCONNECTED, reason=simLoaded
D/MobileDataStateTracker(  353): ims: Broadcast received: android.intent.action.ANY_DATA_STATE apnType=ims
D/MobileDataStateTracker(  353): ims: Received state=DISCONNECTED, old=DISCONNECTED, reason=simLoaded
D/MobileDataStateTracker(  353): mms: Broadcast received: android.intent.action.ANY_DATA_STATE apnType=mms
D/MobileDataStateTracker(  353): mms: Received state=DISCONNECTED, old=DISCONNECTED, reason=simLoaded
D/MobileDataStateTracker(  353): cbs: Broadcast received: android.intent.action.ANY_DATA_STATE apnType=cbs
D/MobileDataStateTracker(  353): cbs: Received state=DISCONNECTED, old=DISCONNECTED, reason=simLoaded
D/MobileDataStateTracker(  353): default: Broadcast received: android.intent.action.ANY_DATA_STATE apnType=default
D/MobileDataStateTracker(  353): default: Received state=CONNECTING, old=DISCONNECTED, reason=simLoaded
D/MobileDataStateTracker(  353): default: setDetailed state, old =IDLE and new state=CONNECTING
D/MobileDataStateTracker(  353): fota: Broadcast received: android.intent.action.ANY_DATA_STATE apnType=fota
D/MobileDataStateTracker(  353): fota: Received state=DISCONNECTED, old=DISCONNECTED, reason=simLoaded
D/MobileDataStateTracker(  353): ia: Broadcast received: android.intent.action.ANY_DATA_STATE apnType=ia
D/MobileDataStateTracker(  353): ia: Received state=DISCONNECTED, old=DISCONNECTED, reason=simLoaded
D/MobileDataStateTracker(  353): supl: Broadcast received: android.intent.action.ANY_DATA_STATE apnType=supl
D/MobileDataStateTracker(  353): supl: Received state=DISCONNECTED, old=DISCONNECTED, reason=simLoaded
D/MobileDataStateTracker(  353): hipri: Broadcast received: android.intent.action.ANY_DATA_STATE apnType=hipri
D/MobileDataStateTracker(  353): hipri: Received state=DISCONNECTED, old=DISCONNECTED, reason=simLoaded
D/MobileDataStateTracker(  353): ims: Broadcast received: android.intent.action.ANY_DATA_STATE apnType=ims
D/MobileDataStateTracker(  353): ims: Received state=DISCONNECTED, old=DISCONNECTED, reason=simLoaded
D/MobileDataStateTracker(  353): mms: Broadcast received: android.intent.action.ANY_DATA_STATE apnType=mms
D/MobileDataStateTracker(  353): mms: Received state=DISCONNECTED, old=DISCONNECTED, reason=simLoaded
D/MobileDataStateTracker(  353): cbs: Broadcast received: android.intent.action.ANY_DATA_STATE apnType=cbs
D/MobileDataStateTracker(  353): cbs: Received state=DISCONNECTED, old=DISCONNECTED, reason=simLoaded
D/MobileDataStateTracker(  353): default: Broadcast received: android.intent.action.ANY_DATA_STATE apnType=default
D/MobileDataStateTracker(  353): default: Received state=CONNECTED, old=CONNECTING, reason=connected
D/MobileDataStateTracker(  353): default: setDetailed state, old =CONNECTING and new state=CONNECTED
D/ConnectivityService(  353): ConnectivityChange for mobile: CONNECTED/CONNECTED
D/ConnectivityService(  353): ConnectivityChange checkMobileProvisioning for TYPE_MOBILE or ProvisioningNetwork
D/ConnectivityService(  353): checkMobileProvisioning: E suggestedTimeOutMs=60000
D/ConnectivityService(  353): setProvNotificationVisible: E visible=false networkType=5 extraInfo=null url=null
D/ConnectivityService(  353): checkMobileProvisioning: params={ url=http://clients3.google.com/generate_204 mTimeOutMs=60000 mCb=com.android.server.ConnectivityService$5@b35edff0}
D/ConnectivityService(  353): checkMobileProvisioning: X
D/Nat464Xlat(  353): requiresClat: netType=0, hasIPv4Address=true
I/NetworkPolicy(  353): no policy for active mobile network; generating default policy
D/MobileDataStateTracker(  353): default: setPolicyDataEnable(enabled=true)
D/MobileDataStateTracker(  353): default: isProvisioningNetwork: retVal=false
D/ConnectivityService(  353): [CheckMp] isMobileOk: isDefaultProvisioning=false
D/MobileDataStateTracker(  353): hipri: isProvisioningNetwork: retVal=false
D/ConnectivityService(  353): [CheckMp] isMobileOk: isHipriProvisioning=false
D/ConnectivityService(  353): [CheckMp] isMobileOk: start hipri url=http://clients3.google.com/generate_204
W/ProcessCpuTracker(  353): Skipping unknown process pid 767
E/NetdConnector(  353): NDC Command {12 bandwidth setiquota eth0 9223372036854775807} took too long (1622ms)
D/MobileDataStateTracker(  353): default: setPolicyDataEnable(enabled=true)
W/ActivityManager(  353): Launch timeout has expired, giving up wake lock!
E/NetdConnector(  353): NDC Command {13 bandwidth removeiquota eth0} took too long (900ms)
W/WindowManager(  353): App freeze timeout expired.
W/WindowManager(  353): Force clearing freeze: AppWindowToken{b33ed9d8 token=Token{b33ebd68 ActivityRecord{b33ebc08 u0 com.android.launcher/com.android.launcher2.Launcher t3}}}
I/PackageManager(  353): Adding preferred activity ComponentInfo{com.android.mms/com.android.mms.ui.ComposeMessageActivity} for user 0 :
E/NetdConnector(  353): NDC Command {14 bandwidth setiquota eth0 9223372036854775807} took too long (1609ms)
D/MobileDataStateTracker(  353): default: setPolicyDataEnable(enabled=true)
W/WindowManager(  353): Window freeze timeout expired.
W/WindowManager(  353): Force clearing orientation change: Window{b35ca178 u0 com.android.systemui.ImageWallpaper}
I/WindowManager(  353): Screen frozen for +6s649ms due to Window{b35ca178 u0 com.android.systemui.ImageWallpaper}
D/ConnectivityService(  353): startUsingNetworkFeature reconnecting to 0: enableHIPRI
D/ConnectivityService(  353): startUsingNetworkFeature X: return APN_REQUEST_STARTED
E/ConnectivityService(  353): startUsingNetworkFeature took too long: 4527ms
D/ConnectivityService(  353): [CheckMp] isMobileOk: hipri started
D/ConnectivityService(  353): [CheckMp] isMobileOk: not connected ni=NetworkInfo: type: mobile_hipri[UMTS], state: DISCONNECTED/IDLE, reason: (unspecified), extra: (none), roaming: false, failover: false, isAvailable: true, isConnectedToProvisioningNetwork: false
I/PackageManager(  353): Adding preferred activity ComponentInfo{com.android.mms/com.android.mms.ui.ComposeMessageActivity} for user 0 :
I/PackageManager(  353): Adding preferred activity ComponentInfo{com.android.mms/com.android.mms.ui.ComposeMessageActivity} for user 0 :
I/PackageManager(  353): Adding preferred activity ComponentInfo{com.android.mms/com.android.mms.ui.ComposeMessageActivity} for user 0 :
I/PackageManager(  353): Adding preferred activity ComponentInfo{com.android.mms/com.android.mms.ui.ComposeMessageActivity} for user 0 :
I/PackageManager(  353): Adding preferred activity ComponentInfo{com.android.mms/com.android.mms.ui.ComposeMessageActivity} for user 0 :
I/PackageManager(  353): Adding preferred activity ComponentInfo{com.android.mms/com.android.mms.ui.ComposeMessageActivity} for user 0 :
I/PackageManager(  353): Adding preferred activity ComponentInfo{com.android.mms/com.android.mms.ui.ComposeMessageActivity} for user 0 :
D/MobileDataStateTracker(  353): hipri: Broadcast received: android.intent.action.ANY_DATA_STATE apnType=hipri
D/MobileDataStateTracker(  353): hipri: Received state=CONNECTING, old=DISCONNECTED, reason=dataEnabled
D/MobileDataStateTracker(  353): hipri: setDetailed state, old =IDLE and new state=CONNECTING
D/MobileDataStateTracker(  353): fota: Broadcast received: android.intent.action.ANY_DATA_STATE apnType=fota
D/MobileDataStateTracker(  353): fota: Received state=DISCONNECTED, old=DISCONNECTED, reason=dataEnabled
D/MobileDataStateTracker(  353): ia: Broadcast received: android.intent.action.ANY_DATA_STATE apnType=ia
D/MobileDataStateTracker(  353): ia: Received state=DISCONNECTED, old=DISCONNECTED, reason=dataEnabled
D/MobileDataStateTracker(  353): supl: Broadcast received: android.intent.action.ANY_DATA_STATE apnType=supl
D/MobileDataStateTracker(  353): supl: Received state=DISCONNECTED, old=DISCONNECTED, reason=dataEnabled
D/MobileDataStateTracker(  353): ims: Broadcast received: android.intent.action.ANY_DATA_STATE apnType=ims
D/MobileDataStateTracker(  353): ims: Received state=DISCONNECTED, old=DISCONNECTED, reason=dataEnabled
D/MobileDataStateTracker(  353): mms: Broadcast received: android.intent.action.ANY_DATA_STATE apnType=mms
D/MobileDataStateTracker(  353): mms: Received state=DISCONNECTED, old=DISCONNECTED, reason=dataEnabled
D/MobileDataStateTracker(  353): cbs: Broadcast received: android.intent.action.ANY_DATA_STATE apnType=cbs
D/MobileDataStateTracker(  353): cbs: Received state=DISCONNECTED, old=DISCONNECTED, reason=dataEnabled
D/MobileDataStateTracker(  353): hipri: Broadcast received: android.intent.action.ANY_DATA_STATE apnType=hipri
D/MobileDataStateTracker(  353): hipri: Received state=CONNECTED, old=CONNECTING, reason=dataEnabled
D/MobileDataStateTracker(  353): hipri: setDetailed state, old =CONNECTING and new state=CONNECTED
D/ConnectivityService(  353): ConnectivityChange for mobile_hipri: CONNECTED/CONNECTED
E/ConnectivityService(  353): Exception trying to add a route: java.lang.IllegalStateException: command '21 interface fwmark exempt add 10.0.2.2/32' failed with '400 21 Failed to add exemption rule (File exists)'
E/ConnectivityService(  353): Exception trying to add a route: java.lang.IllegalStateException: command '23 interface fwmark exempt add 10.0.2.3/32' failed with '400 23 Failed to add exemption rule (File exists)'
W/ProcessCpuTracker(  353): Skipping unknown process pid 800
E/ConnectivityService(  353): Exception trying to add a route: java.lang.IllegalStateException: command '25 interface fwmark exempt add 10.0.2.2/32' failed with '400 25 Failed to add exemption rule (File exists)'
D/MobileDataStateTracker(  353): hipri: isProvisioningNetwork: retVal=false
D/ConnectivityService(  353): [CheckMp] isMobileOk: isProvisioningNetwork is false, continue
E/ConnectivityService(  353): Exception trying to add a route: java.lang.IllegalStateException: command '27 interface fwmark exempt add 10.0.2.4/32' failed with '400 27 Failed to add exemption rule (File exists)'
D/ConnectivityService(  353): [CheckMp] isMobileOk: addresses=clients3.google.com/172.217.23.14
D/ConnectivityService(  353): [CheckMp] isMobileOk: linkHasIpv4=true linkHasIpv6=false
W/FrameworkListener(   54): Handler 'interface' error (No such device)
E/ConnectivityService(  353): Exception trying to add a route: java.lang.IllegalStateException: command '28 interface route add eth0 secondary 10.0.2.2 32 0.0.0.0' failed with '400 28 ip route modification failed (No such device)'
W/FrameworkListener(   54): Handler 'interface' error (No such device)
