I/PackageManager(  358): Adding preferred activity ComponentInfo{com.android.mms/com.android.mms.ui.ComposeMessageActivity} for user 0 :
I/ContactDirectoryManager(  550): deleted 0 stale rows which don't have any relevant directory
D/ConnectivityService(  358): [CheckMp] isMobileOk: not connected ni=NetworkInfo: type: mobile_hipri[UMTS], state: DISCONNECTED/IDLE, reason: (unspecified), extra: (none), roaming: false, failover: false, isAvailable: true, isConnectedToProvisioningNetwork: false
D/dalvikvm(  358): GC_CONCURRENT freed 799K, 56% free 5635K/12712K, paused 35ms+14ms, total 195ms
D/dalvikvm(  358): WAIT_FOR_CONCURRENT_GC blocked 129ms
I/PackageManager(  358):   Action: "android.intent.action.SENDTO"
I/PackageManager(  358):   Category: "android.intent.category.DEFAULT"
I/PackageManager(  358):   Scheme: "sms"
I/PackageManager(  358): Adding preferred activity ComponentInfo{com.android.mms/com.android.mms.ui.ComposeMessageActivity} for user 0 :
I/PackageManager(  358):   Action: "android.intent.action.SENDTO"
I/PackageManager(  358):   Category: "android.intent.category.DEFAULT"
I/PackageManager(  358):   Scheme: "smsto"
I/PackageManager(  358): Adding preferred activity ComponentInfo{com.android.mms/com.android.mms.ui.ComposeMessageActivity} for user 0 :
D/dalvikvm(  602): GC_CONCURRENT freed 328K, 13% free 3360K/3852K, paused 2ms+2ms, total 58ms
I/PackageManager(  358):   Action: "android.intent.action.SENDTO"
I/PackageManager(  358):   Category: "android.intent.category.DEFAULT"
I/PackageManager(  358):   Scheme: "mms"
I/PackageManager(  358): Adding preferred activity ComponentInfo{com.android.mms/com.android.mms.ui.ComposeMessageActivity} for user 0 :
I/PackageManager(  358):   Action: "android.intent.action.SENDTO"
I/PackageManager(  358): Adding preferred activity ComponentInfo{com.android.mms/com.android.mms.ui.ComposeMessageActivity} for user 0 :
I/PackageManager(  358):   Category: "android.intent.category.DEFAULT"
I/PackageManager(  358):   Scheme: "mmsto"
E/BluetoothAdapter(  613): Bluetooth binder is null
I/ActivityManager(  358): Start proc com.android.music for broadcast com.android.music/.MediaButtonIntentReceiver: pid=908 uid=10032 gids={50032, 3003, 1028, 1015}
I/dalvikvm(  908): CheckJNI enabled: not enabling JNI app bug workarounds.
I/ContactDirectoryManager(  550): Discovered 0 contact directories in 9744ms
D/dalvikvm(  358): GC_EXPLICIT freed 680K, 56% free 5692K/12712K, paused 8ms+8ms, total 804ms
D/dalvikvm(  358): WAIT_FOR_CONCURRENT_GC blocked 115ms
D/dalvikvm(  358): WAIT_FOR_CONCURRENT_GC blocked 82ms
D/dalvikvm(  358): WAIT_FOR_CONCURRENT_GC blocked 71ms
D/dalvikvm(  358): WAIT_FOR_CONCURRENT_GC blocked 50ms
D/AndroidRuntime(  808): Shutting down VM
D/dalvikvm(  808): GC_CONCURRENT freed 95K, 16% free 560K/660K, paused 2ms+3ms, total 24ms
D/ConnectivityService(  358): [CheckMp] isMobileOk: not connected ni=NetworkInfo: type: mobile_hipri[UMTS], state: DISCONNECTED/IDLE, reason: (unspecified), extra: (none), roaming: false, failover: false, isAvailable: true, isConnectedToProvisioningNetwork: false
I/ContactsProvider(  550): Upgrading aggregation algorithm
I/ContactAggregator(  550): Marked all visible contacts for aggregation: 0 raw contacts, 4 ms
I/ContactsProvider(  550): Aggregation algorithm upgraded for 0 raw contacts in 67ms
V/MediaScanner(  625): pruneDeadThumbnailFiles... android.database.sqlite.SQLiteCursor@b2d70c00
V/MediaScanner(  625): /pruneDeadThumbnailFiles... android.database.sqlite.SQLiteCursor@b2d70c00
D/ConnectivityService(  358): [CheckMp] isMobileOk: not connected ni=NetworkInfo: type: mobile_hipri[UMTS], state: DISCONNECTED/IDLE, reason: (unspecified), extra: (none), roaming: false, failover: false, isAvailable: true, isConnectedToProvisioningNetwork: false
W/RecognitionManagerService(  358): no available voice recognition services found for user 0
I/ContactsFTS(  550): Rebuild contact search index in 583ms, 0 contacts
D/dalvikvm(  550): GC_CONCURRENT freed 304K, 12% free 3083K/3476K, paused 4ms+4ms, total 43ms
I/MediaFocusControl(  358):   Remote Control   registerMediaButtonIntent() for PendingIntent{b3131ab8: PendingIntentRecord{b340c858 com.android.music broadcastIntent}}
E/BluetoothAdapter(  613): Bluetooth binder is null
D/ConnectivityService(  358): [CheckMp] isMobileOk: not connected ni=NetworkInfo: type: mobile_hipri[UMTS], state: DISCONNECTED/IDLE, reason: (unspecified), extra: (none), roaming: false, failover: false, isAvailable: true, isConnectedToProvisioningNetwork: false
E/BluetoothAdapter(  613): Bluetooth binder is null
I/ActivityManager(  358): Start proc com.android.deskclock for broadcast com.android.deskclock/com.android.alarmclock.AnalogAppWidgetProvider: pid=923 uid=10020 gids={50020, 1028}
I/ActivityManager(  358): Start proc com.android.calendar for broadcast com.android.calendar/.widget.CalendarAppWidgetService$CalendarFactory: pid=936 uid=10016 gids={50016, 3003}
D/ConnectivityService(  358): [CheckMp] isMobileOk: not connected ni=NetworkInfo: type: mobile_hipri[UMTS], state: DISCONNECTED/IDLE, reason: (unspecified), extra: (none), roaming: false, failover: false, isAvailable: true, isConnectedToProvisioningNetwork: false
D/ExtensionsFactory(  936): No custom extensions.
V/AlarmClock(  923): AlarmInitReceiver android.intent.action.TIMEZONE_CHANGED
D/dalvikvm(   58): GC_EXPLICIT freed 40K, 5% free 2705K/2836K, paused 13ms+2ms, total 60ms
I/ActivityManager(  358): Start proc com.android.providers.calendar for content provider com.android.providers.calendar/.CalendarProvider2: pid=953 uid=10001 gids={50001, 3003, 1028, 1015}
D/dalvikvm(   58): GC_EXPLICIT freed <1K, 5% free 2705K/2836K, paused 4ms+2ms, total 36ms
D/dalvikvm(   58): GC_EXPLICIT freed <1K, 5% free 2705K/2836K, paused 13ms+12ms, total 56ms
D/ConnectivityService(  358): [CheckMp] isMobileOk: not connected ni=NetworkInfo: type: mobile_hipri[UMTS], state: DISCONNECTED/IDLE, reason: (unspecified), extra: (none), roaming: false, failover: false, isAvailable: true, isConnectedToProvisioningNetwork: false
I/AlarmClock(  923): Alarms Table created
I/AlarmClock(  923): Instance table created
I/CalendarDatabaseHelper(  953): Bootstrapping database
I/AlarmClock(  923): Cities table created
I/AlarmClock(  923): Inserting default alarms
I/AlarmClock(  923): Displaying next alarm time: ''
W/BackupManagerService(  358): dataChanged but no participant pkg='com.android.providers.settings' uid=10020
V/AlarmClock(  923): AlarmInitReceiver finished
I/ActivityManager(  358): Start proc com.android.dialer for broadcast com.android.dialer/.calllog.CallLogReceiver: pid=967 uid=10004 gids={50004, 3003, 1028, 1015}
D/ConnectivityService(  358): [CheckMp] isMobileOk: not connected ni=NetworkInfo: type: mobile_hipri[UMTS], state: DISCONNECTED/IDLE, reason: (unspecified), extra: (none), roaming: false, failover: false, isAvailable: true, isConnectedToProvisioningNetwork: false
I/CalendarProvider2(  953): Created com.android.providers.calendar.CalendarAlarmManager@b2da1848(com.android.providers.calendar.CalendarProvider2@b2d8de60)
D/ExtensionsFactory(  967): No custom extensions.
I/InputReader(  358): Reconfiguring input devices.  changes=0x00000010
I/PackageManager(  358):   Action: "android.intent.action.SENDTO"
I/PackageManager(  358):   Category: "android.intent.category.DEFAULT"
I/PackageManager(  358):   Scheme: "sms"
I/PackageManager(  358): Adding preferred activity ComponentInfo{com.android.mms/com.android.mms.ui.ComposeMessageActivity} for user 0 :
I/PackageManager(  358):   Action: "android.intent.action.SENDTO"
I/PackageManager(  358):   Category: "android.intent.category.DEFAULT"
I/PackageManager(  358):   Scheme: "smsto"
I/PackageManager(  358): Adding preferred activity ComponentInfo{com.android.mms/com.android.mms.ui.ComposeMessageActivity} for user 0 :
I/PackageManager(  358):   Action: "android.intent.action.SENDTO"
I/PackageManager(  358):   Category: "android.intent.category.DEFAULT"
I/PackageManager(  358):   Scheme: "mms"
I/PackageManager(  358): Adding preferred activity ComponentInfo{com.android.mms/com.android.mms.ui.ComposeMessageActivity} for user 0 :
D/dalvikvm(  602): GC_CONCURRENT freed 414K, 15% free 3332K/3900K, paused 4ms+2ms, total 24ms
I/PackageManager(  358):   Action: "android.intent.action.SENDTO"
I/PackageManager(  358):   Category: "android.intent.category.DEFAULT"
I/PackageManager(  358):   Scheme: "mmsto"
I/PackageManager(  358): Adding preferred activity ComponentInfo{com.android.mms/com.android.mms.ui.ComposeMessageActivity} for user 0 :
D/dalvikvm(  358): GC_CONCURRENT freed 635K, 55% free 5808K/12712K, paused 6ms+6ms, total 146ms
D/dalvikvm(  358): WAIT_FOR_CONCURRENT_GC blocked 45ms
D/dalvikvm(  358): WAIT_FOR_CONCURRENT_GC blocked 39ms
I/PackageManager(  358):   Action: "android.intent.action.SENDTO"
I/PackageManager(  358):   Category: "android.intent.category.DEFAULT"
I/PackageManager(  358):   Scheme: "sms"
I/PackageManager(  358): Adding preferred activity ComponentInfo{com.android.mms/com.android.mms.ui.ComposeMessageActivity} for user 0 :
I/PackageManager(  358):   Action: "android.intent.action.SENDTO"
I/PackageManager(  358):   Category: "android.intent.category.DEFAULT"
I/PackageManager(  358):   Scheme: "smsto"
I/PackageManager(  358): Adding preferred activity ComponentInfo{com.android.mms/com.android.mms.ui.ComposeMessageActivity} for user 0 :
I/PackageManager(  358):   Action: "android.intent.action.SENDTO"
I/PackageManager(  358):   Category: "android.intent.category.DEFAULT"
I/PackageManager(  358):   Scheme: "mms"
I/PackageManager(  358): Adding preferred activity ComponentInfo{com.android.mms/com.android.mms.ui.ComposeMessageActivity} for user 0 :
I/PackageManager(  358):   Action: "android.intent.action.SENDTO"
I/PackageManager(  358):   Category: "android.intent.category.DEFAULT"
I/PackageManager(  358):   Scheme: "mmsto"
I/PackageManager(  358): Adding preferred activity ComponentInfo{com.android.mms/com.android.mms.ui.ComposeMessageActivity} for user 0 :
D/dalvikvm(  358): WAIT_FOR_CONCURRENT_GC blocked 186ms
D/ConnectivityService(  358): [CheckMp] isMobileOk: not connected ni=NetworkInfo: type: mobile_hipri[UMTS], state: DISCONNECTED/IDLE, reason: (unspecified), extra: (none), roaming: false, failover: false, isAvailable: true, isConnectedToProvisioningNetwork: false
D/dalvikvm(  358): WAIT_FOR_CONCURRENT_GC blocked 214ms
D/dalvikvm(  602): GC_CONCURRENT freed 406K, 15% free 3370K/3928K, paused 4ms+4ms, total 33ms
D/ConnectivityService(  358): [CheckMp] isMobileOk: not connected ni=NetworkInfo: type: mobile_hipri[UMTS], state: DISCONNECTED/IDLE, reason: (unspecified), extra: (none), roaming: false, failover: false, isAvailable: true, isConnectedToProvisioningNetwork: false
I/ActivityManager(  358): Delay finish: com.android.dialer/.calllog.CallLogReceiver
I/CalendarProvider2(  953): Sending notification intent: Intent { act=android.intent.action.PROVIDER_CHANGED dat=content://com.android.calendar }
W/ContentResolver(  953): Failed to get type for: content://com.android.calendar (Unknown URL content://com.android.calendar)
I/ActivityManager(  358): Resuming delayed broadcast
E/BluetoothAdapter(  358): Bluetooth binder is null
E/BluetoothAdapter(  358): Bluetooth binder is null
V/WiredAccessoryManager(  358): init()
E/SoundPool(  358): error loading /system/media/audio/ui/Effect_Tick.ogg
W/AudioService(  358): Soundpool could not load file: /system/media/audio/ui/Effect_Tick.ogg
E/SoundPool(  358): error loading /system/media/audio/ui/Effect_Tick.ogg
W/AudioService(  358): Soundpool could not load file: /system/media/audio/ui/Effect_Tick.ogg
E/SoundPool(  358): error loading /system/media/audio/ui/Effect_Tick.ogg
W/AudioService(  358): Soundpool could not load file: /system/media/audio/ui/Effect_Tick.ogg
E/SoundPool(  358): error loading /system/media/audio/ui/Effect_Tick.ogg
W/AudioService(  358): Soundpool could not load file: /system/media/audio/ui/Effect_Tick.ogg
E/SoundPool(  358): error loading /system/media/audio/ui/Effect_Tick.ogg
W/AudioService(  358): Soundpool could not load file: /system/media/audio/ui/Effect_Tick.ogg
I/PowerManagerService(  358): Boot animation finished.
E/SoundPool(  358): error loading /system/media/audio/ui/KeypressStandard.ogg
W/AudioService(  358): Soundpool could not load file: /system/media/audio/ui/KeypressStandard.ogg
E/SoundPool(  358): error loading /system/media/audio/ui/KeypressSpacebar.ogg
W/AudioService(  358): Soundpool could not load file: /system/media/audio/ui/KeypressSpacebar.ogg
E/SoundPool(  358): error loading /system/media/audio/ui/KeypressDelete.ogg
W/AudioService(  358): Soundpool could not load file: /system/media/audio/ui/KeypressDelete.ogg
E/SoundPool(  358): error loading /system/media/audio/ui/KeypressReturn.ogg
W/AudioService(  358): Soundpool could not load file: /system/media/audio/ui/KeypressReturn.ogg
E/SoundPool(  358): error loading /system/media/audio/ui/KeypressInvalid.ogg
W/AudioService(  358): Soundpool could not load file: /system/media/audio/ui/KeypressInvalid.ogg
W/AudioService(  358): onLoadSoundEffects(), Error -1 while loading samples
D/dalvikvm(  358): GC_CONCURRENT freed 743K, 55% free 5779K/12712K, paused 6ms+4ms, total 82ms
I/RecoverySystem(  358): No recovery log file
I/BootReceiver(  358): Copying audit failures to DropBox
I/BootReceiver(  358): Checking for fsck errors
I/ActivityManager(  358): Waited long enough for: ServiceRecord{b342f9d0 u0 com.android.calendar/.alerts.InitAlarmsService}
D/ConnectivityService(  358): [CheckMp] isMobileOk: not connected ni=NetworkInfo: type: mobile_hipri[UMTS], state: DISCONNECTED/IDLE, reason: (unspecified), extra: (none), roaming: false, failover: false, isAvailable: true, isConnectedToProvisioningNetwork: false
I/ActivityManager(  358): Start proc com.android.mms for broadcast com.android.mms/.transaction.MmsSystemEventReceiver: pid=995 uid=10009 gids={50009, 3003, 1028, 1015}
D/ConnectivityService(  358): [CheckMp] isMobileOk: not connected ni=NetworkInfo: type: mobile_hipri[UMTS], state: DISCONNECTED/IDLE, reason: (unspecified), extra: (none), roaming: false, failover: false, isAvailable: true, isConnectedToProvisioningNetwork: false
D/CountryDetector(  358): The first listener is added
I/MediaProvider(  625): Upgrading media database from version 0 to 700, which will destroy all old data
V/MmsConfig(  995): mnc/mcc: 310260
V/MmsConfig(  995): tag: bool value: enabledMMS - true
V/MmsConfig(  995): tag: int value: maxMessageSize - 307200
V/MmsConfig(  995): tag: int value: maxImageHeight - 480
V/MmsConfig(  995): tag: int value: maxImageWidth - 640
V/MmsConfig(  995): tag: int value: defaultSMSMessagesPerThread - 10000
V/MmsConfig(  995): tag: int value: defaultMMSMessagesPerThread - 1000
V/MmsConfig(  995): tag: int value: minMessageCountPerThread - 10
V/MmsConfig(  995): tag: int value: maxMessageCountPerThread - 5000
V/MmsConfig(  995): tag: string value: uaProfUrl - http://www.google.com/oha/rdf/ua-profile-kila.xml
V/MmsConfig(  995): tag: int value: recipientLimit - -1
V/MmsConfig(  995): tag: bool value: enableMultipartSMS - true
V/MmsConfig(  995): tag: int value: smsToMmsTextThreshold - -1
V/MmsConfig(  995): tag: bool value: enableSlideDuration - true
V/MmsConfig(  995): tag: int value: maxMessageTextSize - -1
I/ActivityManager(  358): Delay finish: com.android.mms/.transaction.MmsSystemEventReceiver
I/ActivityManager(  358): Resuming delayed broadcast
I/ActivityManager(  358): Delay finish: com.android.mms/.transaction.SmsReceiver
D/Mms:app (  995): cancelNotification
D/MmsSmsDatabaseHelper(  602): [MmsSmsDb] tableName: threads hasAutoIncrement: CREATE TABLE threads (_id INTEGER PRIMARY KEY AUTOINCREMENT,date INTEGER DEFAULT 0,message_count INTEGER DEFAULT 0,recipient_ids TEXT,snippet TEXT,snippet_cs INTEGER DEFAULT 0,read INTEGER DEFAULT 1,type INTEGER DEFAULT 0,error INTEGER DEFAULT 0,has_attachment INTEGER DEFAULT 0) result: true
D/MmsSmsDatabaseHelper(  602): [MmsSmsDb] tableName: canonical_addresses hasAutoIncrement: CREATE TABLE canonical_addresses (_id INTEGER PRIMARY KEY AUTOINCREMENT,address TEXT) result: true
D/MmsSmsDatabaseHelper(  602): [MmsSmsDb] tableName: part hasAutoIncrement: CREATE TABLE part (_id INTEGER PRIMARY KEY AUTOINCREMENT,mid INTEGER,seq INTEGER DEFAULT 0,ct TEXT,name TEXT,chset INTEGER,cd TEXT,fn TEXT,cid TEXT,cl TEXT,ctt_s INTEGER,ctt_t TEXT,_data TEXT,text TEXT) result: true
D/MmsSmsDatabaseHelper(  602): [MmsSmsDb] tableName: pdu hasAutoIncrement: CREATE TABLE pdu (_id INTEGER PRIMARY KEY AUTOINCREMENT,thread_id INTEGER,date INTEGER,date_sent INTEGER DEFAULT 0,msg_box INTEGER,read INTEGER DEFAULT 0,m_id TEXT,sub TEXT,sub_cs INTEGER,ct_t TEXT,ct_l TEXT,exp INTEGER,m_cls TEXT,m_type INTEGER,v INTEGER,m_size INTEGER,pri INTEGER,rr INTEGER,rpt_a INTEGER,resp_st INTEGER,st INTEGER,tr_id TEXT,retr_st INTEGER,retr_txt TEXT,retr_txt_cs INTEGER,read_status INTEGER,ct_cls INTEGER,resp_txt TEXT,d_tm INTEGER,d_rpt INTEGER,locked INTEGER DEFAULT 0,seen INTEGER DEFAULT 0,text_only INTEGER DEFAULT 0) result: true
D/MmsSmsDatabaseHelper(  602): [getWritableDatabase] hasAutoIncrementThreads: true hasAutoIncrementAddresses: true hasAutoIncrementPart: true hasAutoIncrementPdu: true
D/ConnectivityService(  358): [CheckMp] isMobileOk: not connected ni=NetworkInfo: type: mobile_hipri[UMTS], state: DISCONNECTED/IDLE, reason: (unspecified), extra: (none), roaming: false, failover: false, isAvailable: true, isConnectedToProvisioningNetwork: false
D/Mms:app (  995): cancelNotification
I/ActivityManager(  358): Resuming delayed broadcast
D/AlertReceiver(  936): onReceive: a=android.intent.action.BOOT_COMPLETED Intent { act=android.intent.action.BOOT_COMPLETED flg=0x8000010 cmp=com.android.calendar/.alerts.AlertReceiver (has extras) }
I/ActivityManager(  358): Delay finish: com.android.calendar/.alerts.AlertReceiver
D/AlertUtils(  936): Flushing old alerts from shared prefs table
D/ConnectivityService(  358): [CheckMp] isMobileOk: not connected ni=NetworkInfo: type: mobile_hipri[UMTS], state: DISCONNECTED/IDLE, reason: (unspecified), extra: (none), roaming: false, failover: false, isAvailable: true, isConnectedToProvisioningNetwork: false
D/AlertService(  936): 0 Action = android.intent.action.BOOT_COMPLETED
D/AlertService(  936): Scheduling next alarm with AlarmScheduler. sEventReminderReceived: null
D/dalvikvm(  936): GC_CONCURRENT freed 310K, 13% free 2805K/3208K, paused 12ms+4ms, total 69ms
D/AlarmScheduler(  936): No events found starting within 1 week.
E/SQLiteLog(  625): (1) no such table: files
E/WVMExtractor(   60): Failed to open libwvm.so
I/ActivityManager(  358): START u0 {act=android.intent.action.MAIN cat=[android.intent.category.LAUNCHER] flg=0x10000000 cmp=com.opgermany.iqtest/.MainActivity} from pid 1059
D/dalvikvm(  625): GC_CONCURRENT freed 239K, 10% free 3027K/3356K, paused 4ms+2ms, total 35ms
D/ConnectivityService(  358): [CheckMp] isMobileOk: not connected ni=NetworkInfo: type: mobile_hipri[UMTS], state: DISCONNECTED/IDLE, reason: (unspecified), extra: (none), roaming: false, failover: false, isAvailable: true, isConnectedToProvisioningNetwork: false
W/WindowManager(  358): Screenshot failure taking screenshot for (164x295) to layer 21005
I/ActivityManager(  358): Start proc com.opgermany.iqtest for activity com.opgermany.iqtest/.MainActivity: pid=1070 uid=10052 gids={50052, 1028, 1015, 3003}
V/MediaScanner(  625): pruneDeadThumbnailFiles... android.database.sqlite.SQLiteCursor@b2d71f50
V/MediaScanner(  625): /pruneDeadThumbnailFiles... android.database.sqlite.SQLiteCursor@b2d71f50
I/ActivityManager(  358): Resuming delayed broadcast
V/AlarmClock(  923): AlarmInitReceiver android.intent.action.BOOT_COMPLETED
V/AlarmClock(  923): AlarmInitReceiver - Reset timers and clear stopwatch data
V/AlarmClock(  923): AlarmInitReceiver - resetting volume button default
I/AlarmClock(  923): Displaying next alarm time: ''
D/dalvikvm(  923): GC_CONCURRENT freed 396K, 15% free 2817K/3308K, paused 4ms+2ms, total 83ms
V/AlarmClock(  923): AlarmInitReceiver finished
I/ActivityManager(  358): Delay finish: com.android.email/.service.EmailUpgradeBroadcastReceiver
E/MetadataRetrieverClient(   60): failed to extract an album art
I/ActivityManager(  358): Resuming delayed broadcast
I/ActivityManager(  358): Delay finish: com.android.email/.service.EmailBroadcastReceiver
I/Email   (  871): Onetime initialization: 1
I/Email   (  871): Onetime initialization: 2
I/Email   (  871): Onetime initialization: completed.
D/ConnectivityService(  358): [CheckMp] isMobileOk: not connected ni=NetworkInfo: type: mobile_hipri[UMTS], state: DISCONNECTED/IDLE, reason: (unspecified), extra: (none), roaming: false, failover: false, isAvailable: true, isConnectedToProvisioningNetwork: false
I/ActivityManager(  358): Delaying start of: ServiceRecord{b327c0b8 u0 com.android.exchange/.service.EmailSyncAdapterService}
I/ActivityManager(  358): Resuming delayed broadcast
I/LauncherIconVisibilityManager(  591): Boot has been completed
D/ConnectivityService(  358): [CheckMp] isMobileOk: not connected ni=NetworkInfo: type: mobile_hipri[UMTS], state: DISCONNECTED/IDLE, reason: (unspecified), extra: (none), roaming: false, failover: false, isAvailable: true, isConnectedToProvisioningNetwork: false
I/LauncherIconVisibilityManager(  591): Disable activity: ComponentInfo{com.android.inputmethod.latin/com.android.inputmethod.latin.setup.SetupActivity}
D/dalvikvm(  358): GC_CONCURRENT freed 817K, 55% free 5729K/12712K, paused 16ms+6ms, total 143ms
D/dalvikvm(  358): WAIT_FOR_CONCURRENT_GC blocked 18ms
E/BluetoothAdapter(  613): Bluetooth binder is null
W/BroadcastQueue(  358): Permission Denial: broadcasting Intent { act=android.appwidget.action.APPWIDGET_UPDATE_OPTIONS flg=0x10 cmp=com.android.settings/.widget.SettingsAppWidgetProvider (has extras) } from android (pid=686, uid=10008) is not exported from uid 1000 due to receiver com.android.settings/.widget.SettingsAppWidgetProvider
I/ActivityManager(  358): Delay finish: com.android.email/.provider.WidgetProvider
D/dalvikvm(  995): GC_CONCURRENT freed 225K, 10% free 2878K/3196K, paused 6ms+3ms, total 95ms
E/StrictMode(  995): A resource was acquired at attached stack trace but never released. See java.io.Closeable for information on avoiding resource leaks.
E/StrictMode(  995): java.lang.Throwable: Explicit termination method 'release' not called
E/StrictMode(  995): 	at dalvik.system.CloseGuard.open(CloseGuard.java:184)
E/StrictMode(  995): 	at android.drm.DrmManagerClient.<init>(DrmManagerClient.java:258)
E/StrictMode(  995): 	at com.google.android.mms.pdu.PduPersister.<init>(PduPersister.java:288)
E/StrictMode(  995): 	at com.google.android.mms.pdu.PduPersister.getPduPersister(PduPersister.java:296)
E/StrictMode(  995): 	at com.android.mms.transaction.TransactionService.onNewIntent(TransactionService.java:224)
E/StrictMode(  995): 	at com.android.mms.transaction.TransactionService$ServiceHandler.handleMessage(TransactionService.java:621)
E/StrictMode(  995): 	at android.os.Handler.dispatchMessage(Handler.java:102)
E/StrictMode(  995): 	at android.os.Looper.loop(Looper.java:136)
E/StrictMode(  995): 	at android.os.HandlerThread.run(HandlerThread.java:61)
I/ActivityManager(  358): Resuming delayed broadcast
I/ActivityManager(  358): Start proc com.svox.pico for broadcast com.svox.pico/.VoiceDataInstallerReceiver: pid=1039 uid=10037 gids={50037, 1028, 1015}
D/ConnectivityService(  358): [CheckMp] isMobileOk: not connected ni=NetworkInfo: type: mobile_hipri[UMTS], state: DISCONNECTED/IDLE, reason: (unspecified), extra: (none), roaming: false, failover: false, isAvailable: true, isConnectedToProvisioningNetwork: false
D/AlertReceiver(  936): onReceive: a=android.intent.action.PROVIDER_CHANGED Intent { act=android.intent.action.PROVIDER_CHANGED dat=content://com.android.calendar flg=0x10 cmp=com.android.calendar/.alerts.AlertReceiver }
D/AlertService(  936): 0 Action = android.intent.action.PROVIDER_CHANGED
I/ActivityManager(  358): Delay finish: com.android.calendar/.alerts.AlertReceiver
D/ConnectivityService(  358): [CheckMp] isMobileOk: not connected ni=NetworkInfo: type: mobile_hipri[UMTS], state: DISCONNECTED/IDLE, reason: (unspecified), extra: (none), roaming: false, failover: false, isAvailable: true, isConnectedToProvisioningNetwork: false
D/ConnectivityService(  358): [CheckMp] isMobileOk: not connected ni=NetworkInfo: type: mobile_hipri[UMTS], state: DISCONNECTED/IDLE, reason: (unspecified), extra: (none), roaming: false, failover: false, isAvailable: true, isConnectedToProvisioningNetwork: false
D/ConnectivityService(  358): [CheckMp] isMobileOk: not connected ni=NetworkInfo: type: mobile_hipri[UMTS], state: DISCONNECTED/IDLE, reason: (unspecified), extra: (none), roaming: false, failover: false, isAvailable: true, isConnectedToProvisioningNetwork: false
D/ConnectivityService(  358): [CheckMp] isMobileOk: not connected ni=NetworkInfo: type: mobile_hipri[UMTS], state: DISCONNECTED/IDLE, reason: (unspecified), extra: (none), roaming: false, failover: false, isAvailable: true, isConnectedToProvisioningNetwork: false
D/ConnectivityService(  358): [CheckMp] isMobileOk: not connected ni=NetworkInfo: type: mobile_hipri[UMTS], state: DISCONNECTED/IDLE, reason: (unspecified), extra: (none), roaming: false, failover: false, isAvailable: true, isConnectedToProvisioningNetwork: false
D/ConnectivityService(  358): [CheckMp] isMobileOk: not connected ni=NetworkInfo: type: mobile_hipri[UMTS], state: DISCONNECTED/IDLE, reason: (unspecified), extra: (none), roaming: false, failover: false, isAvailable: true, isConnectedToProvisioningNetwork: false
D/ConnectivityService(  358): [CheckMp] isMobileOk: not connected ni=NetworkInfo: type: mobile_hipri[UMTS], state: DISCONNECTED/IDLE, reason: (unspecified), extra: (none), roaming: false, failover: false, isAvailable: true, isConnectedToProvisioningNetwork: false
D/ConnectivityService(  358): [CheckMp] isMobileOk: not connected ni=NetworkInfo: type: mobile_hipri[UMTS], state: DISCONNECTED/IDLE, reason: (unspecified), extra: (none), roaming: false, failover: false, isAvailable: true, isConnectedToProvisioningNetwork: false
D/ConnectivityService(  358): [CheckMp] isMobileOk: not connected ni=NetworkInfo: type: mobile_hipri[UMTS], state: DISCONNECTED/IDLE, reason: (unspecified), extra: (none), roaming: false, failover: false, isAvailable: true, isConnectedToProvisioningNetwork: false
D/ConnectivityService(  358): [CheckMp] isMobileOk: not connected ni=NetworkInfo: type: mobile_hipri[UMTS], state: DISCONNECTED/IDLE, reason: (unspecified), extra: (none), roaming: false, failover: false, isAvailable: true, isConnectedToProvisioningNetwork: false
I/GlobalDismissManager(  936): no sender configured
D/AlertService(  936): Beginning updateAlertNotification
D/AlertService(  936): No fired or scheduled alerts
D/ConnectivityService(  358): [CheckMp] isMobileOk: not connected ni=NetworkInfo: type: mobile_hipri[UMTS], state: DISCONNECTED/IDLE, reason: (unspecified), extra: (none), roaming: false, failover: false, isAvailable: true, isConnectedToProvisioningNetwork: false
D/AlertService(  936): Scheduling next alarm with AlarmScheduler. sEventReminderReceived: null
D/AlarmScheduler(  936): No events found starting within 1 week.
I/ActivityManager(  358): Resuming delayed broadcast
E/BluetoothAdapter(  613): Bluetooth binder is null
D/dalvikvm(  953): GC_CONCURRENT freed 209K, 10% free 2886K/3188K, paused 4ms+2ms, total 138ms
D/MobileDataStateTracker(  358): default: setPolicyDataEnable(enabled=true)
I/InputReader(  358): Reconfiguring input devices.  changes=0x00000010
I/InputReader(  358): Reconfiguring input devices.  changes=0x00000010
I/InputReader(  358): Reconfiguring input devices.  changes=0x00000010
I/PackageManager(  358):   Action: "android.intent.action.SENDTO"
I/PackageManager(  358):   Category: "android.intent.category.DEFAULT"
I/PackageManager(  358):   Scheme: "sms"
I/PackageManager(  358): Adding preferred activity ComponentInfo{com.android.mms/com.android.mms.ui.ComposeMessageActivity} for user 0 :
I/PackageManager(  358):   Action: "android.intent.action.SENDTO"
I/PackageManager(  358):   Category: "android.intent.category.DEFAULT"
I/PackageManager(  358):   Scheme: "smsto"
I/PackageManager(  358): Adding preferred activity ComponentInfo{com.android.mms/com.android.mms.ui.ComposeMessageActivity} for user 0 :
I/PackageManager(  358):   Action: "android.intent.action.SENDTO"
I/PackageManager(  358):   Category: "android.intent.category.DEFAULT"
I/PackageManager(  358):   Scheme: "mms"
I/PackageManager(  358): Adding preferred activity ComponentInfo{com.android.mms/com.android.mms.ui.ComposeMessageActivity} for user 0 :
D/ConnectivityService(  358): [CheckMp] isMobileOk: not connected ni=NetworkInfo: type: mobile_hipri[UMTS], state: DISCONNECTED/IDLE, reason: (unspecified), extra: (none), roaming: false, failover: false, isAvailable: true, isConnectedToProvisioningNetwork: false
D/ConnectivityService(  358): Sampling interval elapsed, updating statistics ..
D/ConnectivityService(  358): Done.
D/ConnectivityService(  358): Setting timer for 720seconds
I/PackageManager(  358):   Action: "android.intent.action.SENDTO"
I/PackageManager(  358):   Category: "android.intent.category.DEFAULT"
I/PackageManager(  358):   Scheme: "mmsto"
I/PackageManager(  358): Adding preferred activity ComponentInfo{com.android.mms/com.android.mms.ui.ComposeMessageActivity} for user 0 :
D/dalvikvm(  358): GC_CONCURRENT freed 757K, 55% free 5732K/12712K, paused 6ms+6ms, total 176ms
D/dalvikvm(  358): WAIT_FOR_CONCURRENT_GC blocked 48ms
D/dalvikvm(  358): WAIT_FOR_CONCURRENT_GC blocked 50ms
D/dalvikvm(  358): WAIT_FOR_CONCURRENT_GC blocked 33ms
D/dalvikvm(  602): GC_CONCURRENT freed 405K, 13% free 3409K/3904K, paused 3ms+51ms, total 74ms
I/PackageManager(  358):   Action: "android.intent.action.SENDTO"
I/PackageManager(  358):   Category: "android.intent.category.DEFAULT"
I/PackageManager(  358):   Scheme: "sms"
I/PackageManager(  358): Adding preferred activity ComponentInfo{com.android.mms/com.android.mms.ui.ComposeMessageActivity} for user 0 :
I/PackageManager(  358):   Action: "android.intent.action.SENDTO"
I/PackageManager(  358):   Category: "android.intent.category.DEFAULT"
I/PackageManager(  358):   Scheme: "smsto"
I/PackageManager(  358): Adding preferred activity ComponentInfo{com.android.mms/com.android.mms.ui.ComposeMessageActivity} for user 0 :
I/PackageManager(  358):   Action: "android.intent.action.SENDTO"
I/PackageManager(  358): Adding preferred activity ComponentInfo{com.android.mms/com.android.mms.ui.ComposeMessageActivity} for user 0 :
I/PackageManager(  358):   Category: "android.intent.category.DEFAULT"
I/PackageManager(  358):   Scheme: "mms"
I/PackageManager(  358):   Action: "android.intent.action.SENDTO"
I/PackageManager(  358):   Category: "android.intent.category.DEFAULT"
I/PackageManager(  358):   Scheme: "mmsto"
I/PackageManager(  358): Adding preferred activity ComponentInfo{com.android.mms/com.android.mms.ui.ComposeMessageActivity} for user 0 :
I/PackageManager(  358):   Action: "android.intent.action.SENDTO"
I/PackageManager(  358):   Category: "android.intent.category.DEFAULT"
I/PackageManager(  358):   Scheme: "sms"
I/PackageManager(  358): Adding preferred activity ComponentInfo{com.android.mms/com.android.mms.ui.ComposeMessageActivity} for user 0 :
I/PackageManager(  358):   Action: "android.intent.action.SENDTO"
I/PackageManager(  358):   Category: "android.intent.category.DEFAULT"
I/PackageManager(  358):   Scheme: "smsto"
I/PackageManager(  358): Adding preferred activity ComponentInfo{com.android.mms/com.android.mms.ui.ComposeMessageActivity} for user 0 :
D/ConnectivityService(  358): [CheckMp] isMobileOk: not connected ni=NetworkInfo: type: mobile_hipri[UMTS], state: DISCONNECTED/IDLE, reason: (unspecified), extra: (none), roaming: false, failover: false, isAvailable: true, isConnectedToProvisioningNetwork: false
I/PackageManager(  358):   Action: "android.intent.action.SENDTO"
I/PackageManager(  358):   Category: "android.intent.category.DEFAULT"
I/PackageManager(  358):   Scheme: "mms"
I/PackageManager(  358): Adding preferred activity ComponentInfo{com.android.mms/com.android.mms.ui.ComposeMessageActivity} for user 0 :
D/dalvikvm(  602): GC_CONCURRENT freed 502K, 16% free 3361K/3964K, paused 6ms+23ms, total 67ms
D/dalvikvm(  358): GC_CONCURRENT freed 725K, 55% free 5767K/12712K, paused 6ms+5ms, total 244ms
D/dalvikvm(  358): WAIT_FOR_CONCURRENT_GC blocked 27ms
I/PackageManager(  358):   Action: "android.intent.action.SENDTO"
I/PackageManager(  358):   Category: "android.intent.category.DEFAULT"
I/PackageManager(  358):   Scheme: "mmsto"
I/PackageManager(  358): Adding preferred activity ComponentInfo{com.android.mms/com.android.mms.ui.ComposeMessageActivity} for user 0 :
I/ActivityManager(  358): Delay finish: com.android.mms/.transaction.SmsReceiver
I/PackageManager(  358):   Action: "android.intent.action.SENDTO"
I/PackageManager(  358):   Category: "android.intent.category.DEFAULT"
I/PackageManager(  358):   Scheme: "sms"
I/PackageManager(  358): Adding preferred activity ComponentInfo{com.android.mms/com.android.mms.ui.ComposeMessageActivity} for user 0 :
I/PackageManager(  358):   Action: "android.intent.action.SENDTO"
I/PackageManager(  358):   Category: "android.intent.category.DEFAULT"
I/PackageManager(  358):   Scheme: "smsto"
I/PackageManager(  358): Adding preferred activity ComponentInfo{com.android.mms/com.android.mms.ui.ComposeMessageActivity} for user 0 :
V/SmsReceiverService(  995): onStart: #1 mResultCode: -1 = Activity.RESULT_OK
I/PackageManager(  358):   Action: "android.intent.action.SENDTO"
I/PackageManager(  358):   Category: "android.intent.category.DEFAULT"
I/PackageManager(  358):   Scheme: "mms"
I/PackageManager(  358): Adding preferred activity ComponentInfo{com.android.mms/com.android.mms.ui.ComposeMessageActivity} for user 0 :
I/PackageManager(  358):   Action: "android.intent.action.SENDTO"
I/PackageManager(  358):   Category: "android.intent.category.DEFAULT"
I/PackageManager(  358):   Scheme: "mmsto"
I/PackageManager(  358): Adding preferred activity ComponentInfo{com.android.mms/com.android.mms.ui.ComposeMessageActivity} for user 0 :
D/dalvikvm(  602): GC_CONCURRENT freed 423K, 15% free 3387K/3964K, paused 4ms+2ms, total 46ms
D/ConnectivityService(  358): [CheckMp] isMobileOk: not connected ni=NetworkInfo: type: mobile_hipri[UMTS], state: DISCONNECTED/IDLE, reason: (unspecified), extra: (none), roaming: false, failover: false, isAvailable: true, isConnectedToProvisioningNetwork: false
I/PackageManager(  358):   Action: "android.intent.action.SENDTO"
I/PackageManager(  358):   Category: "android.intent.category.DEFAULT"
I/PackageManager(  358):   Scheme: "sms"
I/PackageManager(  358): Adding preferred activity ComponentInfo{com.android.mms/com.android.mms.ui.ComposeMessageActivity} for user 0 :
I/PackageManager(  358):   Action: "android.intent.action.SENDTO"
I/PackageManager(  358):   Category: "android.intent.category.DEFAULT"
I/PackageManager(  358):   Scheme: "smsto"
I/PackageManager(  358): Adding preferred activity ComponentInfo{com.android.mms/com.android.mms.ui.ComposeMessageActivity} for user 0 :
I/PackageManager(  358):   Action: "android.intent.action.SENDTO"
I/PackageManager(  358):   Category: "android.intent.category.DEFAULT"
I/PackageManager(  358):   Scheme: "mms"
I/PackageManager(  358): Adding preferred activity ComponentInfo{com.android.mms/com.android.mms.ui.ComposeMessageActivity} for user 0 :
D/dalvikvm(  358): GC_CONCURRENT freed 829K, 56% free 5706K/12712K, paused 6ms+5ms, total 98ms
D/dalvikvm(  358): WAIT_FOR_CONCURRENT_GC blocked 45ms
I/PackageManager(  358):   Action: "android.intent.action.SENDTO"
I/PackageManager(  358):   Category: "android.intent.category.DEFAULT"
I/PackageManager(  358):   Scheme: "mmsto"
I/PackageManager(  358): Adding preferred activity ComponentInfo{com.android.mms/com.android.mms.ui.ComposeMessageActivity} for user 0 :
I/PackageManager(  358):   Action: "android.intent.action.SENDTO"
I/PackageManager(  358):   Category: "android.intent.category.DEFAULT"
I/PackageManager(  358):   Scheme: "sms"
I/PackageManager(  358): Adding preferred activity ComponentInfo{com.android.mms/com.android.mms.ui.ComposeMessageActivity} for user 0 :
I/PackageManager(  358):   Action: "android.intent.action.SENDTO"
I/PackageManager(  358):   Category: "android.intent.category.DEFAULT"
I/PackageManager(  358):   Scheme: "smsto"
I/PackageManager(  358): Adding preferred activity ComponentInfo{com.android.mms/com.android.mms.ui.ComposeMessageActivity} for user 0 :
D/dalvikvm(  602): GC_CONCURRENT freed 405K, 14% free 3439K/3964K, paused 13ms+2ms, total 54ms
I/PackageManager(  358):   Action: "android.intent.action.SENDTO"
I/PackageManager(  358):   Category: "android.intent.category.DEFAULT"
I/PackageManager(  358):   Scheme: "mms"
I/PackageManager(  358): Adding preferred activity ComponentInfo{com.android.mms/com.android.mms.ui.ComposeMessageActivity} for user 0 :
I/PackageManager(  358):   Action: "android.intent.action.SENDTO"
I/PackageManager(  358):   Category: "android.intent.category.DEFAULT"
I/PackageManager(  358):   Scheme: "mmsto"
I/PackageManager(  358): Adding preferred activity ComponentInfo{com.android.mms/com.android.mms.ui.ComposeMessageActivity} for user 0 :
I/ActivityManager(  358): Resuming delayed broadcast
I/ActivityManager(  358): Delay finish: com.android.providers.calendar/.CalendarProviderBroadcastReceiver
D/ConnectivityService(  358): [CheckMp] isMobileOk: not connected ni=NetworkInfo: type: mobile_hipri[UMTS], state: DISCONNECTED/IDLE, reason: (unspecified), extra: (none), roaming: false, failover: false, isAvailable: true, isConnectedToProvisioningNetwork: false
I/ActivityManager(  358): Waited long enough for: ServiceRecord{b3103770 u0 com.android.music/.MediaPlaybackService}
I/ActivityManager(  358): Resuming delayed broadcast
D/dalvikvm(  358): GC_CONCURRENT freed 633K, 56% free 5706K/12712K, paused 6ms+36ms, total 241ms
V/AlarmClock(  923): AlarmInitReceiver android.intent.action.TIME_SET
I/AlarmClock(  923): Displaying next alarm time: ''
V/AlarmClock(  923): AlarmInitReceiver finished
D/AndroidRuntime( 1059): 
D/AndroidRuntime( 1059): >>>>>> AndroidRuntime START com.android.internal.os.RuntimeInit <<<<<<
D/AndroidRuntime( 1059): CheckJNI is ON
D/dalvikvm( 1059): Trying to load lib libjavacore.so 0x0
D/dalvikvm( 1059): Added shared lib libjavacore.so 0x0
D/dalvikvm( 1059): Trying to load lib libnativehelper.so 0x0
D/dalvikvm( 1059): Added shared lib libnativehelper.so 0x0
D/dalvikvm( 1059): No JNI_OnLoad found in libnativehelper.so 0x0, skipping init
D/dalvikvm( 1059): Note: class Landroid/app/ActivityManagerNative; has 179 unimplemented (abstract) methods
E/memtrack( 1059): Couldn't load memtrack module (No such file or directory)
E/android.os.Debug( 1059): failed to load memtrack module: -2
D/AndroidRuntime( 1059): Calling main entry com.android.commands.am.Am
D/gralloc (   57): Registering a buffer in the process that created it. This may cause memory ordering problems.
E/libEGL  (   57): called unimplemented OpenGL ES API
E/libEGL  (   57): called unimplemented OpenGL ES API
E/libEGL  (   57): called unimplemented OpenGL ES API
E/libEGL  (   57): called unimplemented OpenGL ES API
E/SurfaceFlinger(   57): glCheckFramebufferStatusOES error -113462463
E/SurfaceFlinger(   57): got GL_FRAMEBUFFER_COMPLETE_OES error while taking screenshot
E/libEGL  (   57): called unimplemented OpenGL ES API
E/libEGL  (   57): called unimplemented OpenGL ES API
I/ARMAssembler(   57): generated scanline__00000077:03515104_00009001_00000000 [131 ipp] (153 ins) at [0xb56be410:0xb56be674] in 0 ns
I/ARMAssembler(   57): generated scanline__00000077:03010104_00008001_00000000 [ 89 ipp] (110 ins) at [0xb56be680:0xb56be838] in 0 ns
V/WebViewChromiumFactoryProvider( 1070): Binding Chromium to main looper Looper (main, tid 1) {b2d74eb0}
I/LibraryLoader( 1070): Expected native library version number "",actual native library version number ""
I/chromium( 1070): [INFO:library_loader_hooks.cc(116)] Chromium logging enabled: level = 0, default verbosity = 0
I/BrowserStartupController( 1070): Initializing chromium process, renderers=0
E/AudioManagerAndroid( 1070): BLUETOOTH permission is missing!
E/chromium( 1070): [ERROR:gl_surface_egl.cc(169)] No suitable EGL configs found.
E/chromium( 1070): [ERROR:gl_surface_egl.cc(702)] GLSurfaceEGL::InitializeOneOff failed.
E/chromium( 1070): [ERROR:gl_surface_egl.cc(169)] No suitable EGL configs found.
E/chromium( 1070): [ERROR:gl_surface_egl.cc(702)] GLSurfaceEGL::InitializeOneOff failed.
E/chromium( 1070): [ERROR:gpu_info_collector.cc(86)] gfx::GLSurface::InitializeOneOff() failed
W/chromium( 1070): [WARNING:mailbox_synchronizer.cc(36)] MailboxSync not supported due to missing EGL image/fence support
E/chromium( 1070): [ERROR:gl_surface_egl.cc(169)] No suitable EGL configs found.
E/chromium( 1070): [ERROR:gl_surface_egl.cc(702)] GLSurfaceEGL::InitializeOneOff failed.
W/chromium( 1070): [WARNING:proxy_service.cc(890)] PAC support disabled because there is no system implementation
D/dalvikvm( 1070): GC_CONCURRENT freed 83K, 6% free 3091K/3268K, paused 35ms+2ms, total 233ms
D/dalvikvm( 1070): GC_FOR_ALLOC freed 28K, 6% free 3107K/3288K, paused 14ms, total 15ms
I/dalvikvm-heap( 1070): Grow heap (frag case) to 9.072MB for 6240016-byte allocation
D/dalvikvm( 1070): GC_FOR_ALLOC freed <1K, 2% free 9201K/9384K, paused 38ms, total 38ms
D/dalvikvm( 1070): GC_CONCURRENT freed <1K, 2% free 9200K/9384K, paused 4ms+2ms, total 91ms
D/gralloc_goldfish( 1070): Emulator without GPU emulation detected.
I/ActivityManager(  358): Displayed com.opgermany.iqtest/.MainActivity: +3s16ms
D/AndroidRuntime( 1059): Shutting down VM
D/dalvikvm( 1059): GC_CONCURRENT freed 97K, 15% free 589K/692K, paused 12ms+3ms, total 25ms
I/Choreographer( 1070): Skipped 56 frames!  The application may be doing too much work on its main thread.
I/Choreographer( 1070): Skipped 39 frames!  The application may be doing too much work on its main thread.
W/AwContents( 1070): nativeOnDraw failed; clearing to background color.
W/AwContents( 1070): nativeOnDraw failed; clearing to background color.
W/AwContents( 1070): nativeOnDraw failed; clearing to background color.
W/AwContents( 1070): nativeOnDraw failed; clearing to background color.
W/AwContents( 1070): nativeOnDraw failed; clearing to background color.
W/AwContents( 1070): nativeOnDraw failed; clearing to background color.
W/AwContents( 1070): nativeOnDraw failed; clearing to background color.
W/AwContents( 1070): nativeOnDraw failed; clearing to background color.
W/AwContents( 1070): nativeOnDraw failed; clearing to background color.
W/AwContents( 1070): nativeOnDraw failed; clearing to background color.
W/AwContents( 1070): nativeOnDraw failed; clearing to background color.
W/AwContents( 1070): nativeOnDraw failed; clearing to background color.
W/AwContents( 1070): nativeOnDraw failed; clearing to background color.
W/AwContents( 1070): nativeOnDraw failed; clearing to background color.
W/AwContents( 1070): nativeOnDraw failed; clearing to background color.
W/AwContents( 1070): nativeOnDraw failed; clearing to background color.
W/AwContents( 1070): nativeOnDraw failed; clearing to background color.
W/AwContents( 1070): nativeOnDraw failed; clearing to background color.
W/AwContents( 1070): nativeOnDraw failed; clearing to background color.
W/AwContents( 1070): nativeOnDraw failed; clearing to background color.
W/AwContents( 1070): nativeOnDraw failed; clearing to background color.
W/AwContents( 1070): nativeOnDraw failed; clearing to background color.
W/AwContents( 1070): nativeOnDraw failed; clearing to background color.
W/AwContents( 1070): nativeOnDraw failed; clearing to background color.
W/AwContents( 1070): nativeOnDraw failed; clearing to background color.
W/AwContents( 1070): nativeOnDraw failed; clearing to background color.
W/AwContents( 1070): nativeOnDraw failed; clearing to background color.
W/AwContents( 1070): nativeOnDraw failed; clearing to background color.
W/AwContents( 1070): nativeOnDraw failed; clearing to background color.
W/AwContents( 1070): nativeOnDraw failed; clearing to background color.
W/AwContents( 1070): nativeOnDraw failed; clearing to background color.
W/AwContents( 1070): nativeOnDraw failed; clearing to background color.
W/AwContents( 1070): nativeOnDraw failed; clearing to background color.
W/AwContents( 1070): nativeOnDraw failed; clearing to background color.
W/AwContents( 1070): nativeOnDraw failed; clearing to background color.
W/AwContents( 1070): nativeOnDraw failed; clearing to background color.
W/AwContents( 1070): nativeOnDraw failed; clearing to background color.
W/AwContents( 1070): nativeOnDraw failed; clearing to background color.
W/AwContents( 1070): nativeOnDraw failed; clearing to background color.
W/AwContents( 1070): nativeOnDraw failed; clearing to background color.
W/AwContents( 1070): nativeOnDraw failed; clearing to background color.
W/AwContents( 1070): nativeOnDraw failed; clearing to background color.
W/AwContents( 1070): nativeOnDraw failed; clearing to background color.
W/AwContents( 1070): nativeOnDraw failed; clearing to background color.
W/AwContents( 1070): nativeOnDraw failed; clearing to background color.
W/AwContents( 1070): nativeOnDraw failed; clearing to background color.
W/AwContents( 1070): nativeOnDraw failed; clearing to background color.
W/AwContents( 1070): nativeOnDraw failed; clearing to background color.
W/AwContents( 1070): nativeOnDraw failed; clearing to background color.
W/AwContents( 1070): nativeOnDraw failed; clearing to background color.
W/AwContents( 1070): nativeOnDraw failed; clearing to background color.
W/AwContents( 1070): nativeOnDraw failed; clearing to background color.
W/AwContents( 1070): nativeOnDraw failed; clearing to background color.
W/AwContents( 1070): nativeOnDraw failed; clearing to background color.
W/AwContents( 1070): nativeOnDraw failed; clearing to background color.
W/AwContents( 1070): nativeOnDraw failed; clearing to background color.
W/AwContents( 1070): nativeOnDraw failed; clearing to background color.
W/AwContents( 1070): nativeOnDraw failed; clearing to background color.
W/AwContents( 1070): nativeOnDraw failed; clearing to background color.
W/AwContents( 1070): nativeOnDraw failed; clearing to background color.
W/AwContents( 1070): nativeOnDraw failed; clearing to background color.
W/AwContents( 1070): nativeOnDraw failed; clearing to background color.
W/AwContents( 1070): nativeOnDraw failed; clearing to background color.
W/AwContents( 1070): nativeOnDraw failed; clearing to background color.
W/AwContents( 1070): nativeOnDraw failed; clearing to background color.
W/AwContents( 1070): nativeOnDraw failed; clearing to background color.
W/AwContents( 1070): nativeOnDraw failed; clearing to background color.
W/AwContents( 1070): nativeOnDraw failed; clearing to background color.
W/AwContents( 1070): nativeOnDraw failed; clearing to background color.
W/AwContents( 1070): nativeOnDraw failed; clearing to background color.
W/AwContents( 1070): nativeOnDraw failed; clearing to background color.
W/AwContents( 1070): nativeOnDraw failed; clearing to background color.
W/AwContents( 1070): nativeOnDraw failed; clearing to background color.
W/AwContents( 1070): nativeOnDraw failed; clearing to background color.
W/AwContents( 1070): nativeOnDraw failed; clearing to background color.
W/AwContents( 1070): nativeOnDraw failed; clearing to background color.
W/AwContents( 1070): nativeOnDraw failed; clearing to background color.
W/AwContents( 1070): nativeOnDraw failed; clearing to background color.
W/AwContents( 1070): nativeOnDraw failed; clearing to background color.
W/AwContents( 1070): nativeOnDraw failed; clearing to background color.
W/AwContents( 1070): nativeOnDraw failed; clearing to background color.
W/AwContents( 1070): nativeOnDraw failed; clearing to background color.
W/AwContents( 1070): nativeOnDraw failed; clearing to background color.
W/AwContents( 1070): nativeOnDraw failed; clearing to background color.
W/AwContents( 1070): nativeOnDraw failed; clearing to background color.
W/AwContents( 1070): nativeOnDraw failed; clearing to background color.
W/AwContents( 1070): nativeOnDraw failed; clearing to background color.
W/AwContents( 1070): nativeOnDraw failed; clearing to background color.
W/AwContents( 1070): nativeOnDraw failed; clearing to background color.
W/AwContents( 1070): nativeOnDraw failed; clearing to background color.
W/AwContents( 1070): nativeOnDraw failed; clearing to background color.
W/AwContents( 1070): nativeOnDraw failed; clearing to background color.
W/AwContents( 1070): nativeOnDraw failed; clearing to background color.
W/AwContents( 1070): nativeOnDraw failed; clearing to background color.
W/AwContents( 1070): nativeOnDraw failed; clearing to background color.
W/AwContents( 1070): nativeOnDraw failed; clearing to background color.
W/AwContents( 1070): nativeOnDraw failed; clearing to background color.
W/AwContents( 1070): nativeOnDraw failed; clearing to background color.
W/AwContents( 1070): nativeOnDraw failed; clearing to background color.
W/AwContents( 1070): nativeOnDraw failed; clearing to background color.
W/AwContents( 1070): nativeOnDraw failed; clearing to background color.
W/AwContents( 1070): nativeOnDraw failed; clearing to background color.
W/AwContents( 1070): nativeOnDraw failed; clearing to background color.
W/AwContents( 1070): nativeOnDraw failed; clearing to background color.
W/AwContents( 1070): nativeOnDraw failed; clearing to background color.
W/AwContents( 1070): nativeOnDraw failed; clearing to background color.
W/AwContents( 1070): nativeOnDraw failed; clearing to background color.
W/AwContents( 1070): nativeOnDraw failed; clearing to background color.
