D/dalvikvm(  591): GC_FOR_ALLOC freed 63K, 18% free 4062K/4952K, paused 113ms, total 115ms
I/dalvikvm-heap(  591): Grow heap (frag case) to 4.591MB for 568336-byte allocation
D/dalvikvm(  591): GC_FOR_ALLOC freed <1K, 17% free 4616K/5508K, paused 27ms, total 27ms
D/dalvikvm(  591): GC_FOR_ALLOC freed 0K, 17% free 4616K/5508K, paused 28ms, total 28ms
I/dalvikvm-heap(  591): Grow heap (frag case) to 5.132MB for 568336-byte allocation
D/dalvikvm(  591): GC_FOR_ALLOC freed 0K, 15% free 5171K/6064K, paused 29ms, total 29ms
D/dalvikvm(  591): GC_CONCURRENT freed 1K, 15% free 5174K/6064K, paused 5ms+48ms, total 164ms
D/AndroidRuntime( 1236): 
D/AndroidRuntime( 1236): >>>>>> AndroidRuntime START com.android.internal.os.RuntimeInit <<<<<<
D/AndroidRuntime( 1236): CheckJNI is ON
D/dalvikvm( 1236): Trying to load lib libjavacore.so 0x0
D/dalvikvm( 1236): Added shared lib libjavacore.so 0x0
D/dalvikvm( 1236): Trying to load lib libnativehelper.so 0x0
D/dalvikvm( 1236): Added shared lib libnativehelper.so 0x0
D/dalvikvm( 1236): No JNI_OnLoad found in libnativehelper.so 0x0, skipping init
D/dalvikvm( 1236): Note: class Landroid/app/ActivityManagerNative; has 179 unimplemented (abstract) methods
E/memtrack( 1236): Couldn't load memtrack module (No such file or directory)
E/android.os.Debug( 1236): failed to load memtrack module: -2
D/AndroidRuntime( 1236): Calling main entry com.android.commands.am.Am
D/AndroidRuntime( 1236): Shutting down VM
D/dalvikvm( 1236): GC_CONCURRENT freed 96K, 15% free 585K/684K, paused 1ms+1ms, total 14ms
D/AndroidRuntime( 1247): 
D/AndroidRuntime( 1247): >>>>>> AndroidRuntime START com.android.internal.os.RuntimeInit <<<<<<
D/AndroidRuntime( 1247): CheckJNI is ON
D/dalvikvm( 1247): Trying to load lib libjavacore.so 0x0
D/dalvikvm( 1247): Added shared lib libjavacore.so 0x0
D/dalvikvm( 1247): Trying to load lib libnativehelper.so 0x0
D/dalvikvm( 1247): Added shared lib libnativehelper.so 0x0
D/dalvikvm( 1247): No JNI_OnLoad found in libnativehelper.so 0x0, skipping init
D/dalvikvm( 1247): Note: class Landroid/app/ActivityManagerNative; has 179 unimplemented (abstract) methods
E/memtrack( 1247): Couldn't load memtrack module (No such file or directory)
E/android.os.Debug( 1247): failed to load memtrack module: -2
D/AndroidRuntime( 1247): Calling main entry com.android.commands.am.Am
D/AndroidRuntime( 1247): Shutting down VM
D/dalvikvm( 1247): GC_CONCURRENT freed 96K, 15% free 585K/684K, paused 2ms+2ms, total 22ms
I/ActivityManager(  361): START u0 {flg=0x10000000 cmp=zzzzzz.xxxxxx.cccccc/.MAC} from pid 1159
I/ActivityManager(  361): START u0 {act=android.app.action.ADD_DEVICE_ADMIN cmp=com.android.settings/.DeviceAdminAdd (has extras)} from pid 1159
I/ActivityManager(  361): START u0 {flg=0x10000000 cmp=zzzzzz.xxxxxx.cccccc/.MAC} from pid 1159
I/ActivityManager(  361): START u0 {flg=0x10000000 cmp=zzzzzz.xxxxxx.cccccc/.MAC} from pid 1159
I/ActivityManager(  361): START u0 {act=android.app.action.ADD_DEVICE_ADMIN cmp=com.android.settings/.DeviceAdminAdd (has extras)} from pid 1159
D/dalvikvm(  613): GC_CONCURRENT freed 25K, 6% free 3239K/3428K, paused 61ms+113ms, total 479ms
D/AndroidRuntime( 1258): 
D/AndroidRuntime( 1258): >>>>>> AndroidRuntime START com.android.internal.os.RuntimeInit <<<<<<
D/AndroidRuntime( 1258): CheckJNI is ON
D/dalvikvm( 1258): Trying to load lib libjavacore.so 0x0
D/dalvikvm( 1258): Added shared lib libjavacore.so 0x0
D/dalvikvm( 1258): Trying to load lib libnativehelper.so 0x0
D/dalvikvm( 1258): Added shared lib libnativehelper.so 0x0
D/dalvikvm( 1258): No JNI_OnLoad found in libnativehelper.so 0x0, skipping init
I/Choreographer(  613): Skipped 125 frames!  The application may be doing too much work on its main thread.
D/dalvikvm( 1258): Note: class Landroid/app/ActivityManagerNative; has 179 unimplemented (abstract) methods
I/Choreographer(  361): Skipped 32 frames!  The application may be doing too much work on its main thread.
I/Choreographer(  361): Skipped 32 frames!  The application may be doing too much work on its main thread.
E/memtrack( 1258): Couldn't load memtrack module (No such file or directory)
E/android.os.Debug( 1258): failed to load memtrack module: -2
D/AndroidRuntime( 1258): Calling main entry com.android.commands.am.Am
D/AndroidRuntime( 1258): Shutting down VM
D/dalvikvm( 1258): GC_CONCURRENT freed 96K, 15% free 585K/684K, paused 2ms+2ms, total 22ms
D/AndroidRuntime( 1159): Shutting down VM
W/dalvikvm( 1159): threadid=1: thread exiting with uncaught exception (group=0xb2aa7ba8)
E/AndroidRuntime( 1159): FATAL EXCEPTION: main
E/AndroidRuntime( 1159): Process: zzzzzz.xxxxxx.cccccc, PID: 1159
E/AndroidRuntime( 1159): java.lang.RuntimeException: Unable to start service zzzzzz.xxxxxx.cccccc.IMService@b2db4120 with Intent { act=android.intent.action.MAIN cat=[android.intent.category.LAUNCHER] cmp=zzzzzz.xxxxxx.cccccc/.IMService }: java.lang.NullPointerException
E/AndroidRuntime( 1159): 	at android.app.ActivityThread.handleServiceArgs(ActivityThread.java:2705)
E/AndroidRuntime( 1159): 	at android.app.ActivityThread.access$2100(ActivityThread.java:135)
E/AndroidRuntime( 1159): 	at android.app.ActivityThread$H.handleMessage(ActivityThread.java:1293)
E/AndroidRuntime( 1159): 	at android.os.Handler.dispatchMessage(Handler.java:102)
E/AndroidRuntime( 1159): 	at android.os.Looper.loop(Looper.java:136)
E/AndroidRuntime( 1159): 	at android.app.ActivityThread.main(ActivityThread.java:5001)
E/AndroidRuntime( 1159): 	at java.lang.reflect.Method.invokeNative(Native Method)
E/AndroidRuntime( 1159): 	at java.lang.reflect.Method.invoke(Method.java:515)
E/AndroidRuntime( 1159): 	at com.android.internal.os.ZygoteInit$MethodAndArgsCaller.run(ZygoteInit.java:785)
E/AndroidRuntime( 1159): 	at com.android.internal.os.ZygoteInit.main(ZygoteInit.java:601)
E/AndroidRuntime( 1159): 	at dalvik.system.NativeStart.main(Native Method)
E/AndroidRuntime( 1159): Caused by: java.lang.NullPointerException
E/AndroidRuntime( 1159): 	at zzzzzz.xxxxxx.cccccc.IMService.onStartCommand(Unknown Source)
E/AndroidRuntime( 1159): 	at android.app.ActivityThread.handleServiceArgs(ActivityThread.java:2688)
E/AndroidRuntime( 1159): 	... 10 more
I/Choreographer(  361): Skipped 32 frames!  The application may be doing too much work on its main thread.
D/dalvikvm( 1159): GC_CONCURRENT freed 223K, 9% free 3346K/3660K, paused 53ms+112ms, total 188ms
I/Choreographer(  361): Skipped 30 frames!  The application may be doing too much work on its main thread.
D/AndroidRuntime( 1268): 
D/AndroidRuntime( 1268): >>>>>> AndroidRuntime START com.android.internal.os.RuntimeInit <<<<<<
D/AndroidRuntime( 1268): CheckJNI is ON
D/dalvikvm( 1268): Trying to load lib libjavacore.so 0x0
D/dalvikvm( 1268): Added shared lib libjavacore.so 0x0
D/dalvikvm( 1268): Trying to load lib libnativehelper.so 0x0
D/dalvikvm( 1268): Added shared lib libnativehelper.so 0x0
D/dalvikvm( 1268): No JNI_OnLoad found in libnativehelper.so 0x0, skipping init
D/dalvikvm( 1268): Note: class Landroid/app/ActivityManagerNative; has 179 unimplemented (abstract) methods
I/Choreographer(  361): Skipped 37 frames!  The application may be doing too much work on its main thread.
E/memtrack( 1268): Couldn't load memtrack module (No such file or directory)
E/android.os.Debug( 1268): failed to load memtrack module: -2
I/Choreographer(  361): Skipped 81 frames!  The application may be doing too much work on its main thread.
D/AndroidRuntime( 1268): Calling main entry com.android.commands.am.Am
D/dalvikvm(  361): GC_CONCURRENT freed 562K, 56% free 5883K/13272K, paused 166ms+7ms, total 406ms
D/dalvikvm(  361): WAIT_FOR_CONCURRENT_GC blocked 82ms
I/Choreographer(  361): Skipped 80 frames!  The application may be doing too much work on its main thread.
D/AndroidRuntime( 1268): Shutting down VM
I/ActivityManager(  361): Displayed com.android.settings/.DeviceAdminAdd: +5s763ms (total +6s163ms)
D/dalvikvm( 1268): GC_CONCURRENT freed 97K, 15% free 585K/684K, paused 12ms+2ms, total 21ms
I/Choreographer(  361): Skipped 30 frames!  The application may be doing too much work on its main thread.
I/Choreographer(  613): Skipped 159 frames!  The application may be doing too much work on its main thread.
I/Choreographer(  361): Skipped 37 frames!  The application may be doing too much work on its main thread.
I/Choreographer(  613): Skipped 103 frames!  The application may be doing too much work on its main thread.
I/Choreographer(  361): Skipped 244 frames!  The application may be doing too much work on its main thread.
I/Choreographer(  613): Skipped 38 frames!  The application may be doing too much work on its main thread.
D/AndroidRuntime( 1280): 
D/AndroidRuntime( 1280): >>>>>> AndroidRuntime START com.android.internal.os.RuntimeInit <<<<<<
D/AndroidRuntime( 1280): CheckJNI is ON
I/Choreographer(  361): Skipped 32 frames!  The application may be doing too much work on its main thread.
I/Choreographer(  361): Skipped 32 frames!  The application may be doing too much work on its main thread.
D/dalvikvm( 1280): Trying to load lib libjavacore.so 0x0
D/dalvikvm( 1280): Added shared lib libjavacore.so 0x0
D/dalvikvm( 1280): Trying to load lib libnativehelper.so 0x0
D/dalvikvm( 1280): Added shared lib libnativehelper.so 0x0
D/dalvikvm( 1280): No JNI_OnLoad found in libnativehelper.so 0x0, skipping init
D/dalvikvm( 1280): Note: class Landroid/app/ActivityManagerNative; has 179 unimplemented (abstract) methods
I/Choreographer(  361): Skipped 45 frames!  The application may be doing too much work on its main thread.
I/Choreographer(  361): Skipped 38 frames!  The application may be doing too much work on its main thread.
I/Choreographer(  361): Skipped 115 frames!  The application may be doing too much work on its main thread.
E/memtrack( 1280): Couldn't load memtrack module (No such file or directory)
E/android.os.Debug( 1280): failed to load memtrack module: -2
D/AndroidRuntime( 1280): Calling main entry com.android.commands.am.Am
D/AndroidRuntime( 1280): Shutting down VM
I/ActivityManager(  361): START u0 {act=android.intent.action.MAIN cat=[android.intent.category.LAUNCHER] flg=0x10000000 cmp=zzzzzz.xxxxxx.cccccc/.ActivityStart} from pid 1280
D/dalvikvm( 1280): GC_CONCURRENT freed 97K, 15% free 589K/692K, paused 1ms+2ms, total 13ms
W/ActivityManager(  361): Activity stop timeout for ActivityRecord{b2fac720 u0 zzzzzz.xxxxxx.cccccc/.ActivityGetCC t4}
W/SocketClient(   54): write error (Broken pipe)
W/ActivityManager(  361): Timeout executing service: ServiceRecord{b33e41b8 u0 zzzzzz.xxxxxx.cccccc/.IMService}
I/ActivityManager(  361): Crashing app skipping ANR: ProcessRecord{b2f34c28 1159:zzzzzz.xxxxxx.cccccc/u0a52} Executing service zzzzzz.xxxxxx.cccccc/.IMService
W/SocketClient(   54): write error (Broken pipe)
D/AndroidRuntime( 1304): 
D/AndroidRuntime( 1304): >>>>>> AndroidRuntime START com.android.internal.os.RuntimeInit <<<<<<
D/AndroidRuntime( 1304): CheckJNI is ON
D/dalvikvm( 1304): Trying to load lib libjavacore.so 0x0
D/dalvikvm( 1304): Added shared lib libjavacore.so 0x0
D/dalvikvm( 1304): Trying to load lib libnativehelper.so 0x0
D/dalvikvm( 1304): Added shared lib libnativehelper.so 0x0
D/dalvikvm( 1304): No JNI_OnLoad found in libnativehelper.so 0x0, skipping init
D/dalvikvm( 1304): Note: class Landroid/app/ActivityManagerNative; has 179 unimplemented (abstract) methods
E/memtrack( 1304): Couldn't load memtrack module (No such file or directory)
E/android.os.Debug( 1304): failed to load memtrack module: -2
D/AndroidRuntime( 1304): Calling main entry com.android.commands.monkey.Monkey
W/BroadcastQueue(  361): Skipping deliver [background] BroadcastRecord{b32427b0 u-1 android.net.conn.CONNECTIVITY_CHANGE} to ReceiverList{b2faee88 1304 (unknown name)/0/u-1 remote:b2fa7cc8}: process crashing
D/MonkeyStub( 1304): translateCommand: wake
D/MonkeyStub( 1304): translateCommand: wake
D/MonkeyStub( 1304): translateCommand: type chupachupachupachupachupachupachupachupachupachupachupachupachupachupachupachupachupachupa
D/LightsService(  361): Excessive delay setting light: 132ms
D/MonkeyStub( 1304): Quit requested
D/SettingsProvider(  361): User 0 external modification to /data/data/com.android.providers.settings/databases/settings.db; event=2
D/SettingsProvider(  361): User 0 updating our caches for /data/data/com.android.providers.settings/databases/settings.db
I/AndroidRuntime( 1304): VM exiting with result code 180.
D/dalvikvm(  361): GC_CONCURRENT freed 362K, 54% free 6202K/13272K, paused 33ms+5ms, total 131ms
D/dalvikvm( 1159): GC_CONCURRENT freed 400K, 13% free 3330K/3824K, paused 4ms+2ms, total 31ms
W/SocketClient(   54): write error (Broken pipe)
W/SocketClient(   54): write error (Broken pipe)
W/SocketClient(   54): write error (Broken pipe)
D/dalvikvm( 1159): GC_CONCURRENT freed 418K, 14% free 3343K/3860K, paused 5ms+2ms, total 55ms
W/SocketClient(   54): write error (Broken pipe)
W/SocketClient(   54): write error (Broken pipe)
W/SocketClient(   54): write error (Broken pipe)
D/dalvikvm( 1159): GC_CONCURRENT freed 401K, 14% free 3329K/3852K, paused 3ms+2ms, total 29ms
W/SocketClient(   54): write error (Broken pipe)
W/SocketClient(   54): write error (Broken pipe)
W/SocketClient(   54): write error (Broken pipe)
D/dalvikvm( 1159): GC_CONCURRENT freed 384K, 13% free 3330K/3820K, paused 4ms+2ms, total 27ms
W/SocketClient(   54): write error (Broken pipe)
W/SocketClient(   54): write error (Broken pipe)
W/SocketClient(   54): write error (Broken pipe)
D/dalvikvm(  361): GC_CONCURRENT freed 765K, 54% free 6188K/13272K, paused 5ms+5ms, total 71ms
D/dalvikvm( 1159): GC_CONCURRENT freed 388K, 13% free 3330K/3820K, paused 3ms+2ms, total 25ms
W/SocketClient(   54): write error (Broken pipe)
W/SocketClient(   54): write error (Broken pipe)
W/SocketClient(   54): write error (Broken pipe)
D/dalvikvm( 1159): GC_CONCURRENT freed 383K, 13% free 3331K/3820K, paused 2ms+2ms, total 24ms
W/SocketClient(   54): write error (Broken pipe)
