I/PackageManager(  360): Adding preferred activity ComponentInfo{com.android.mms/com.android.mms.ui.ComposeMessageActivity} for user 0 :
I/PackageManager(  360):   Action: "android.intent.action.SENDTO"
I/PackageManager(  360):   Category: "android.intent.category.DEFAULT"
I/PackageManager(  360):   Scheme: "smsto"
I/PackageManager(  360): Adding preferred activity ComponentInfo{com.android.mms/com.android.mms.ui.ComposeMessageActivity} for user 0 :
I/PackageManager(  360):   Action: "android.intent.action.SENDTO"
I/PackageManager(  360):   Category: "android.intent.category.DEFAULT"
I/PackageManager(  360):   Scheme: "mms"
I/PackageManager(  360): Adding preferred activity ComponentInfo{com.android.mms/com.android.mms.ui.ComposeMessageActivity} for user 0 :
I/PackageManager(  360):   Action: "android.intent.action.SENDTO"
I/PackageManager(  360):   Category: "android.intent.category.DEFAULT"
I/PackageManager(  360):   Scheme: "mmsto"
I/PackageManager(  360): Adding preferred activity ComponentInfo{com.android.mms/com.android.mms.ui.ComposeMessageActivity} for user 0 :
D/dalvikvm(  588): GC_CONCURRENT freed 373K, 14% free 3034K/3508K, paused 53ms+52ms, total 167ms
E/BluetoothAdapter(  599): Bluetooth binder is null
E/BluetoothAdapter(  599): Bluetooth binder is null
D/CallNotifier(  599): CallNotifier: mSignalInfoToneGenerator created when toneplay
E/BluetoothAdapter(  599): Bluetooth binder is null
D/dalvikvm(  588): GC_CONCURRENT freed 476K, 18% free 2958K/3588K, paused 4ms+6ms, total 44ms
I/LatinIME:LogUtils(  588): Dictionary info: dictionary = main:en ; version = 42 ; date = 1381226429
I/LatinIME:LogUtils(  588): Dictionary info: dictionary = main:en ; version = 42 ; date = 1381226429
I/LatinIME:LogUtils(  588): Dictionary info: dictionary = main:en ; version = 42 ; date = 1381226429
I/LatinIME:LogUtils(  588): Dictionary info: dictionary = main:en ; version = 42 ; date = 1381226429
I/LatinIME:LogUtils(  588): Dictionary info: dictionary = main:en ; version = 42 ; date = 1381226429
I/LatinIME:LogUtils(  588): Dictionary info: dictionary = main:en ; version = 42 ; date = 1381226429
I/LatinIME:LogUtils(  588): Dictionary info: dictionary = main:en ; version = 42 ; date = 1381226429
I/LatinIME:LogUtils(  588): Dictionary info: dictionary = main:en ; version = 42 ; date = 1381226429
I/FusedLocation(  360): engine started (com.android.location.fused)
I/FusedLocation(  360): engine stopped (com.android.location.fused)
I/FusedLocation(  360): engine started (com.android.location.fused)
D/MobileDataStateTracker(  360): fota: Broadcast received: android.intent.action.ANY_DATA_STATE apnType=fota
D/MobileDataStateTracker(  360): fota: Received state=DISCONNECTED, old=DISCONNECTED, reason=radioTurnedOff
D/MobileDataStateTracker(  360): ia: Broadcast received: android.intent.action.ANY_DATA_STATE apnType=ia
D/MobileDataStateTracker(  360): ia: Received state=DISCONNECTED, old=DISCONNECTED, reason=radioTurnedOff
D/MobileDataStateTracker(  360): supl: Broadcast received: android.intent.action.ANY_DATA_STATE apnType=supl
D/MobileDataStateTracker(  360): supl: Received state=DISCONNECTED, old=DISCONNECTED, reason=radioTurnedOff
D/MobileDataStateTracker(  360): hipri: Broadcast received: android.intent.action.ANY_DATA_STATE apnType=hipri
D/MobileDataStateTracker(  360): hipri: Received state=DISCONNECTED, old=DISCONNECTED, reason=radioTurnedOff
D/MobileDataStateTracker(  360): ims: Broadcast received: android.intent.action.ANY_DATA_STATE apnType=ims
D/MobileDataStateTracker(  360): ims: Received state=DISCONNECTED, old=DISCONNECTED, reason=radioTurnedOff
D/MobileDataStateTracker(  360): default: Broadcast received: android.intent.action.ANY_DATA_STATE apnType=default
D/MobileDataStateTracker(  360): default: Received state=DISCONNECTED, old=DISCONNECTED, reason=radioTurnedOff
D/MobileDataStateTracker(  360): mms: Broadcast received: android.intent.action.ANY_DATA_STATE apnType=mms
D/MobileDataStateTracker(  360): mms: Received state=DISCONNECTED, old=DISCONNECTED, reason=radioTurnedOff
D/MobileDataStateTracker(  360): cbs: Broadcast received: android.intent.action.ANY_DATA_STATE apnType=cbs
D/MobileDataStateTracker(  360): cbs: Received state=DISCONNECTED, old=DISCONNECTED, reason=radioTurnedOff
D/MobileDataStateTracker(  360): fota: Broadcast received: android.intent.action.ANY_DATA_STATE apnType=fota
D/MobileDataStateTracker(  360): fota: Received state=DISCONNECTED, old=DISCONNECTED, reason=radioTurnedOff
D/MobileDataStateTracker(  360): ia: Broadcast received: android.intent.action.ANY_DATA_STATE apnType=ia
D/MobileDataStateTracker(  360): ia: Received state=DISCONNECTED, old=DISCONNECTED, reason=radioTurnedOff
D/MobileDataStateTracker(  360): supl: Broadcast received: android.intent.action.ANY_DATA_STATE apnType=supl
D/MobileDataStateTracker(  360): supl: Received state=DISCONNECTED, old=DISCONNECTED, reason=radioTurnedOff
D/MobileDataStateTracker(  360): hipri: Broadcast received: android.intent.action.ANY_DATA_STATE apnType=hipri
D/MobileDataStateTracker(  360): hipri: Received state=DISCONNECTED, old=DISCONNECTED, reason=radioTurnedOff
D/MobileDataStateTracker(  360): ims: Broadcast received: android.intent.action.ANY_DATA_STATE apnType=ims
D/MobileDataStateTracker(  360): ims: Received state=DISCONNECTED, old=DISCONNECTED, reason=radioTurnedOff
D/MobileDataStateTracker(  360): default: Broadcast received: android.intent.action.ANY_DATA_STATE apnType=default
D/MobileDataStateTracker(  360): default: Received state=DISCONNECTED, old=DISCONNECTED, reason=radioTurnedOff
D/MobileDataStateTracker(  360): mms: Broadcast received: android.intent.action.ANY_DATA_STATE apnType=mms
D/MobileDataStateTracker(  360): mms: Received state=DISCONNECTED, old=DISCONNECTED, reason=radioTurnedOff
D/MobileDataStateTracker(  360): cbs: Broadcast received: android.intent.action.ANY_DATA_STATE apnType=cbs
D/MobileDataStateTracker(  360): cbs: Received state=DISCONNECTED, old=DISCONNECTED, reason=radioTurnedOff
D/MobileDataStateTracker(  360): fota: Broadcast received: android.intent.action.ANY_DATA_STATE apnType=fota
D/MobileDataStateTracker(  360): fota: Received state=DISCONNECTED, old=DISCONNECTED, reason=dataDetached
D/MobileDataStateTracker(  360): ia: Broadcast received: android.intent.action.ANY_DATA_STATE apnType=ia
D/MobileDataStateTracker(  360): ia: Received state=DISCONNECTED, old=DISCONNECTED, reason=dataDetached
D/MobileDataStateTracker(  360): supl: Broadcast received: android.intent.action.ANY_DATA_STATE apnType=supl
D/MobileDataStateTracker(  360): supl: Received state=DISCONNECTED, old=DISCONNECTED, reason=dataDetached
D/MobileDataStateTracker(  360): hipri: Broadcast received: android.intent.action.ANY_DATA_STATE apnType=hipri
D/dalvikvm(  680): GC_CONCURRENT freed 177K, 9% free 2956K/3236K, paused 62ms+5ms, total 230ms
D/MobileDataStateTracker(  360): hipri: Received state=DISCONNECTED, old=DISCONNECTED, reason=dataDetached
D/MobileDataStateTracker(  360): ims: Broadcast received: android.intent.action.ANY_DATA_STATE apnType=ims
D/MobileDataStateTracker(  360): ims: Received state=DISCONNECTED, old=DISCONNECTED, reason=dataDetached
D/MobileDataStateTracker(  360): default: Broadcast received: android.intent.action.ANY_DATA_STATE apnType=default
D/MobileDataStateTracker(  360): default: Received state=DISCONNECTED, old=DISCONNECTED, reason=dataDetached
D/MobileDataStateTracker(  360): mms: Broadcast received: android.intent.action.ANY_DATA_STATE apnType=mms
D/MobileDataStateTracker(  360): mms: Received state=DISCONNECTED, old=DISCONNECTED, reason=dataDetached
D/MobileDataStateTracker(  360): cbs: Broadcast received: android.intent.action.ANY_DATA_STATE apnType=cbs
D/MobileDataStateTracker(  360): cbs: Received state=DISCONNECTED, old=DISCONNECTED, reason=dataDetached
D/MobileDataStateTracker(  360): fota: Broadcast received: android.intent.action.ANY_DATA_STATE apnType=fota
D/MobileDataStateTracker(  360): fota: Received state=DISCONNECTED, old=DISCONNECTED, reason=roamingOff
D/MobileDataStateTracker(  360): ia: Broadcast received: android.intent.action.ANY_DATA_STATE apnType=ia
D/MobileDataStateTracker(  360): ia: Received state=DISCONNECTED, old=DISCONNECTED, reason=roamingOff
D/MobileDataStateTracker(  360): supl: Broadcast received: android.intent.action.ANY_DATA_STATE apnType=supl
D/MobileDataStateTracker(  360): supl: Received state=DISCONNECTED, old=DISCONNECTED, reason=roamingOff
D/MobileDataStateTracker(  360): hipri: Broadcast received: android.intent.action.ANY_DATA_STATE apnType=hipri
D/MobileDataStateTracker(  360): hipri: Received state=DISCONNECTED, old=DISCONNECTED, reason=roamingOff
D/MobileDataStateTracker(  360): ims: Broadcast received: android.intent.action.ANY_DATA_STATE apnType=ims
D/dalvikvm(  599): GC_CONCURRENT freed 267K, 11% free 3048K/3412K, paused 3ms+2ms, total 42ms
D/dalvikvm(  360): GC_CONCURRENT freed 590K, 57% free 5495K/12732K, paused 343ms+4ms, total 578ms
D/dalvikvm(  360): WAIT_FOR_CONCURRENT_GC blocked 61ms
D/dalvikvm(  360): WAIT_FOR_CONCURRENT_GC blocked 65ms
D/dalvikvm(  360): WAIT_FOR_CONCURRENT_GC blocked 67ms
D/dalvikvm(  360): WAIT_FOR_CONCURRENT_GC blocked 67ms
D/dalvikvm(  360): WAIT_FOR_CONCURRENT_GC blocked 67ms
D/MobileDataStateTracker(  360): ims: Received state=DISCONNECTED, old=DISCONNECTED, reason=roamingOff
D/MobileDataStateTracker(  360): default: Broadcast received: android.intent.action.ANY_DATA_STATE apnType=default
D/MobileDataStateTracker(  360): default: Received state=DISCONNECTED, old=DISCONNECTED, reason=roamingOff
D/MobileDataStateTracker(  360): mms: Broadcast received: android.intent.action.ANY_DATA_STATE apnType=mms
D/MobileDataStateTracker(  360): mms: Received state=DISCONNECTED, old=DISCONNECTED, reason=roamingOff
D/MobileDataStateTracker(  360): cbs: Broadcast received: android.intent.action.ANY_DATA_STATE apnType=cbs
D/MobileDataStateTracker(  360): cbs: Received state=DISCONNECTED, old=DISCONNECTED, reason=roamingOff
D/MobileDataStateTracker(  360): fota: Broadcast received: android.intent.action.ANY_DATA_STATE apnType=fota
D/dalvikvm(  588): GC_CONCURRENT freed 272K, 15% free 3069K/3588K, paused 2ms+2ms, total 66ms
D/MobileDataStateTracker(  360): fota: Received state=DISCONNECTED, old=DISCONNECTED, reason=roamingOff
I/LatinIME:LogUtils(  588): Dictionary info: dictionary = userunigram.en_US.dict ; version = ? ; date = ?
D/MobileDataStateTracker(  360): ia: Broadcast received: android.intent.action.ANY_DATA_STATE apnType=ia
D/MobileDataStateTracker(  360): ia: Received state=DISCONNECTED, old=DISCONNECTED, reason=roamingOff
D/MobileDataStateTracker(  360): supl: Broadcast received: android.intent.action.ANY_DATA_STATE apnType=supl
D/MobileDataStateTracker(  360): supl: Received state=DISCONNECTED, old=DISCONNECTED, reason=roamingOff
D/MobileDataStateTracker(  360): hipri: Broadcast received: android.intent.action.ANY_DATA_STATE apnType=hipri
D/MobileDataStateTracker(  360): hipri: Received state=DISCONNECTED, old=DISCONNECTED, reason=roamingOff
D/MobileDataStateTracker(  360): ims: Broadcast received: android.intent.action.ANY_DATA_STATE apnType=ims
D/MobileDataStateTracker(  360): ims: Received state=DISCONNECTED, old=DISCONNECTED, reason=roamingOff
D/MobileDataStateTracker(  360): default: Broadcast received: android.intent.action.ANY_DATA_STATE apnType=default
D/MobileDataStateTracker(  360): default: Received state=DISCONNECTED, old=DISCONNECTED, reason=roamingOff
D/MobileDataStateTracker(  360): mms: Broadcast received: android.intent.action.ANY_DATA_STATE apnType=mms
D/MobileDataStateTracker(  360): mms: Received state=DISCONNECTED, old=DISCONNECTED, reason=roamingOff
D/MobileDataStateTracker(  360): cbs: Broadcast received: android.intent.action.ANY_DATA_STATE apnType=cbs
D/MobileDataStateTracker(  360): cbs: Received state=DISCONNECTED, old=DISCONNECTED, reason=roamingOff
D/TelephonyDebugService(  599): TelephonyDebugService()
D/MccTable(  599): updateMccMncConfiguration: mcc=310, mnc=260
D/AlarmManagerService(  360): Kernel timezone updated to 300 minutes west of GMT
D/MccTable(  599): timezone set to America/New_York
D/MccTable(  599): getLocaleFromMcc to en_us mcc=310
D/MccTable(  599): getLocaleForLanguageCountry: got match
D/MccTable(  599): getLocaleForLanguageCountry: X locale=en_US
D/MccTable(  599): WIFI_COUNTRY_CODE set to us
D/dalvikvm(  360): GC_CONCURRENT freed 660K, 57% free 5536K/12732K, paused 6ms+4ms, total 166ms
D/dalvikvm(  360): WAIT_FOR_CONCURRENT_GC blocked 55ms
D/dalvikvm(  360): WAIT_FOR_CONCURRENT_GC blocked 31ms
D/dalvikvm(  360): WAIT_FOR_CONCURRENT_GC blocked 31ms
I/WifiService(  360): WifiService trying to set country code to us with persist set to true
D/dalvikvm(  599): GC_CONCURRENT freed 269K, 11% free 3173K/3540K, paused 4ms+21ms, total 54ms
D/dalvikvm(  680): GC_FOR_ALLOC freed 188K, 9% free 3111K/3400K, paused 58ms, total 60ms
I/dalvikvm-heap(  680): Grow heap (frag case) to 3.743MB for 640016-byte allocation
D/MobileDataStateTracker(  360): fota: Broadcast received: android.intent.action.ANY_DATA_STATE apnType=fota
D/MobileDataStateTracker(  360): fota: Received state=DISCONNECTED, old=DISCONNECTED, reason=dataAttached
D/dalvikvm(  680): GC_FOR_ALLOC freed 4K, 8% free 3732K/4028K, paused 33ms, total 33ms
D/MobileDataStateTracker(  360): ia: Broadcast received: android.intent.action.ANY_DATA_STATE apnType=ia
D/MobileDataStateTracker(  360): ia: Received state=DISCONNECTED, old=DISCONNECTED, reason=dataAttached
D/MobileDataStateTracker(  360): supl: Broadcast received: android.intent.action.ANY_DATA_STATE apnType=supl
D/MobileDataStateTracker(  360): supl: Received state=DISCONNECTED, old=DISCONNECTED, reason=dataAttached
D/MobileDataStateTracker(  360): hipri: Broadcast received: android.intent.action.ANY_DATA_STATE apnType=hipri
D/MobileDataStateTracker(  360): hipri: Received state=DISCONNECTED, old=DISCONNECTED, reason=dataAttached
D/MobileDataStateTracker(  360): ims: Broadcast received: android.intent.action.ANY_DATA_STATE apnType=ims
D/MobileDataStateTracker(  360): ims: Received state=DISCONNECTED, old=DISCONNECTED, reason=dataAttached
D/MobileDataStateTracker(  360): mms: Broadcast received: android.intent.action.ANY_DATA_STATE apnType=mms
D/MobileDataStateTracker(  360): mms: Received state=DISCONNECTED, old=DISCONNECTED, reason=dataAttached
D/MobileDataStateTracker(  360): cbs: Broadcast received: android.intent.action.ANY_DATA_STATE apnType=cbs
D/MobileDataStateTracker(  360): cbs: Received state=DISCONNECTED, old=DISCONNECTED, reason=dataAttached
D/MobileDataStateTracker(  360): fota: Broadcast received: android.intent.action.ANY_DATA_STATE apnType=fota
D/MobileDataStateTracker(  360): fota: Received state=DISCONNECTED, old=DISCONNECTED, reason=dataAttached
D/dalvikvm(  680): GC_CONCURRENT freed 5K, 8% free 3726K/4028K, paused 4ms+2ms, total 124ms
D/MobileDataStateTracker(  360): ia: Broadcast received: android.intent.action.ANY_DATA_STATE apnType=ia
D/MobileDataStateTracker(  360): ia: Received state=DISCONNECTED, old=DISCONNECTED, reason=dataAttached
D/MobileDataStateTracker(  360): supl: Broadcast received: android.intent.action.ANY_DATA_STATE apnType=supl
D/MobileDataStateTracker(  360): supl: Received state=DISCONNECTED, old=DISCONNECTED, reason=dataAttached
D/MobileDataStateTracker(  360): hipri: Broadcast received: android.intent.action.ANY_DATA_STATE apnType=hipri
D/MobileDataStateTracker(  360): hipri: Received state=DISCONNECTED, old=DISCONNECTED, reason=dataAttached
D/MobileDataStateTracker(  360): ims: Broadcast received: android.intent.action.ANY_DATA_STATE apnType=ims
D/MobileDataStateTracker(  360): ims: Received state=DISCONNECTED, old=DISCONNECTED, reason=dataAttached
D/MobileDataStateTracker(  360): mms: Broadcast received: android.intent.action.ANY_DATA_STATE apnType=mms
D/MobileDataStateTracker(  360): mms: Received state=DISCONNECTED, old=DISCONNECTED, reason=dataAttached
D/MobileDataStateTracker(  360): cbs: Broadcast received: android.intent.action.ANY_DATA_STATE apnType=cbs
D/MobileDataStateTracker(  360): cbs: Received state=DISCONNECTED, old=DISCONNECTED, reason=dataAttached
D/MccTable(  599): updateMccMncConfiguration: mcc=310, mnc=260
D/MccTable(  599): getLocaleFromMcc to en_us mcc=310
D/MccTable(  599): getLocaleForLanguageCountry: got match
D/MccTable(  599): getLocaleForLanguageCountry: X locale=en_US
D/MccTable(  599): updateMccMncConfiguration updateConfig config={1.0 310mcc260mnc en_US ldltr ?swdp ?wdp ?hdp ?density ?lsize ?long ?orien ?uimode ?night ?touch ?keyb/?/? ?nav/?}
I/ActivityManager(  360): Config changes=3 {1.0 310mcc260mnc en_US ldltr sw480dp w480dp h839dp 160dpi lrg long port finger -keyb/v/h tball/v s.6}
D/PermissionCache(   57): checking android.permission.READ_FRAME_BUFFER for uid=1000 => granted (4904 us)
D/gralloc (   57): Registering a buffer in the process that created it. This may cause memory ordering problems.
E/libEGL  (   57): called unimplemented OpenGL ES API
E/libEGL  (   57): called unimplemented OpenGL ES API
E/libEGL  (   57): called unimplemented OpenGL ES API
E/libEGL  (   57): called unimplemented OpenGL ES API
E/SurfaceFlinger(   57): glCheckFramebufferStatusOES error -2011851978
E/SurfaceFlinger(   57): got GL_FRAMEBUFFER_COMPLETE_OES error while taking screenshot
E/libEGL  (   57): called unimplemented OpenGL ES API
E/libEGL  (   57): called unimplemented OpenGL ES API
I/ARMAssembler(   57): generated scanline__00000077:03515104_00008001_00000000 [113 ipp] (134 ins) at [0xb5a7b1f0:0xb5a7b408] in 0 ns
W/Resources(  680): Converting to int: TypedValue{t=0x3/d=0x12 "4" a=-1}
W/Resources(  680): Converting to int: TypedValue{t=0x3/d=0xf "1" a=-1}
W/Resources(  680): Converting to int: TypedValue{t=0x3/d=0x15 "2" a=-1}
W/Resources(  680): Converting to int: TypedValue{t=0x3/d=0x15 "2" a=-1}
D/PhoneStatusBar(  448): mSettingsPanelGravity = 55
W/Launcher.LauncherProvider(  680): Unable to add favorite: com.android.camera2/com.android.camera.CameraLauncher
W/Launcher.LauncherProvider(  680): android.content.pm.PackageManager$NameNotFoundException: ComponentInfo{com.android.camera2/com.android.camera.CameraLauncher}
W/Launcher.LauncherProvider(  680): 	at android.app.ApplicationPackageManager.getActivityInfo(ApplicationPackageManager.java:242)
W/Launcher.LauncherProvider(  680): 	at com.android.launcher2.LauncherProvider$DatabaseHelper.addAppShortcut(LauncherProvider.java:959)
W/Launcher.LauncherProvider(  680): 	at com.android.launcher2.LauncherProvider$DatabaseHelper.loadFavorites(LauncherProvider.java:863)
W/Launcher.LauncherProvider(  680): 	at com.android.launcher2.LauncherProvider$DatabaseHelper.access$000(LauncherProvider.java:253)
W/Launcher.LauncherProvider(  680): 	at com.android.launcher2.LauncherProvider.loadDefaultFavoritesIfNecessary(LauncherProvider.java:237)
W/Launcher.LauncherProvider(  680): 	at com.android.launcher2.LauncherModel$LoaderTask.loadWorkspace(LauncherModel.java:1278)
W/Launcher.LauncherProvider(  680): 	at com.android.launcher2.LauncherModel$LoaderTask.loadAndBindWorkspace(LauncherModel.java:1020)
W/Launcher.LauncherProvider(  680): 	at com.android.launcher2.LauncherModel$LoaderTask.run(LauncherModel.java:1126)
W/Launcher.LauncherProvider(  680): 	at android.os.Handler.handleCallback(Handler.java:733)
W/Launcher.LauncherProvider(  680): 	at android.os.Handler.dispatchMessage(Handler.java:95)
W/Launcher.LauncherProvider(  680): 	at android.os.Looper.loop(Looper.java:136)
W/Launcher.LauncherProvider(  680): 	at android.os.HandlerThread.run(HandlerThread.java:61)
W/Launcher.LauncherProvider(  680): Unable to add favorite: com.android.gallery3d/com.android.gallery3d.app.Gallery
W/Launcher.LauncherProvider(  680): android.content.pm.PackageManager$NameNotFoundException: ComponentInfo{com.android.gallery3d/com.android.gallery3d.app.Gallery}
W/Launcher.LauncherProvider(  680): 	at android.app.ApplicationPackageManager.getActivityInfo(ApplicationPackageManager.java:242)
W/Launcher.LauncherProvider(  680): 	at com.android.launcher2.LauncherProvider$DatabaseHelper.addAppShortcut(LauncherProvider.java:959)
W/Launcher.LauncherProvider(  680): 	at com.android.launcher2.LauncherProvider$DatabaseHelper.loadFavorites(LauncherProvider.java:863)
W/Launcher.LauncherProvider(  680): 	at com.android.launcher2.LauncherProvider$DatabaseHelper.access$000(LauncherProvider.java:253)
W/Launcher.LauncherProvider(  680): 	at com.android.launcher2.LauncherProvider.loadDefaultFavoritesIfNecessary(LauncherProvider.java:237)
W/Launcher.LauncherProvider(  680): 	at com.android.launcher2.LauncherModel$LoaderTask.loadWorkspace(LauncherModel.java:1278)
W/Launcher.LauncherProvider(  680): 	at com.android.launcher2.LauncherModel$LoaderTask.loadAndBindWorkspace(LauncherModel.java:1020)
W/Launcher.LauncherProvider(  680): 	at com.android.launcher2.LauncherModel$LoaderTask.run(LauncherModel.java:1126)
W/Launcher.LauncherProvider(  680): 	at android.os.Handler.handleCallback(Handler.java:733)
W/Launcher.LauncherProvider(  680): 	at android.os.Handler.dispatchMessage(Handler.java:95)
W/Launcher.LauncherProvider(  680): 	at android.os.Looper.loop(Looper.java:136)
W/Launcher.LauncherProvider(  680): 	at android.os.HandlerThread.run(HandlerThread.java:61)
D/MccTable(  599): updateMccMncConfiguration: mcc=310, mnc=260
D/MccTable(  599): getLocaleFromMcc to en_us mcc=310
D/MccTable(  599): getLocaleForLanguageCountry: skipping already persisted
D/MccTable(  599): getLocaleForLanguageCountry: X locale=null
D/MccTable(  599): updateMccMncConfiguration updateConfig config={1.0 310mcc260mnc ?locale ?layoutDir ?swdp ?wdp ?hdp ?density ?lsize ?long ?orien ?uimode ?night ?touch ?keyb/?/? ?nav/?}
D/dalvikvm(  599): GC_CONCURRENT freed 351K, 12% free 3341K/3780K, paused 4ms+2ms, total 78ms
D/dalvikvm(  599): WAIT_FOR_CONCURRENT_GC blocked 10ms
D/dalvikvm(  360): GC_CONCURRENT freed 696K, 57% free 5506K/12732K, paused 6ms+7ms, total 282ms
D/dalvikvm(  680): GC_CONCURRENT freed 239K, 9% free 3907K/4252K, paused 7ms+6ms, total 77ms
D/dalvikvm(  599): GC_CONCURRENT freed 450K, 15% free 3311K/3860K, paused 9ms+12ms, total 43ms
D/MobileDataStateTracker(  360): fota: Broadcast received: android.intent.action.ANY_DATA_STATE apnType=fota
D/MobileDataStateTracker(  360): fota: Received state=DISCONNECTED, old=DISCONNECTED, reason=simLoaded
D/MobileDataStateTracker(  360): ia: Broadcast received: android.intent.action.ANY_DATA_STATE apnType=ia
D/MobileDataStateTracker(  360): ia: Received state=DISCONNECTED, old=DISCONNECTED, reason=simLoaded
D/MobileDataStateTracker(  360): supl: Broadcast received: android.intent.action.ANY_DATA_STATE apnType=supl
D/MobileDataStateTracker(  360): supl: Received state=DISCONNECTED, old=DISCONNECTED, reason=simLoaded
D/MobileDataStateTracker(  360): hipri: Broadcast received: android.intent.action.ANY_DATA_STATE apnType=hipri
D/MobileDataStateTracker(  360): hipri: Received state=DISCONNECTED, old=DISCONNECTED, reason=simLoaded
D/MobileDataStateTracker(  360): ims: Broadcast received: android.intent.action.ANY_DATA_STATE apnType=ims
D/MobileDataStateTracker(  360): ims: Received state=DISCONNECTED, old=DISCONNECTED, reason=simLoaded
D/MobileDataStateTracker(  360): mms: Broadcast received: android.intent.action.ANY_DATA_STATE apnType=mms
D/MobileDataStateTracker(  360): mms: Received state=DISCONNECTED, old=DISCONNECTED, reason=simLoaded
D/MobileDataStateTracker(  360): cbs: Broadcast received: android.intent.action.ANY_DATA_STATE apnType=cbs
D/MobileDataStateTracker(  360): cbs: Received state=DISCONNECTED, old=DISCONNECTED, reason=simLoaded
W/Launcher.Model(  680): LoaderTask running with no launcher (loadAllAppsByBatch)
D/MobileDataStateTracker(  360): default: Broadcast received: android.intent.action.ANY_DATA_STATE apnType=default
D/MobileDataStateTracker(  360): default: Received state=CONNECTING, old=DISCONNECTED, reason=simLoaded
D/MobileDataStateTracker(  360): default: setDetailed state, old =IDLE and new state=CONNECTING
D/MobileDataStateTracker(  360): fota: Broadcast received: android.intent.action.ANY_DATA_STATE apnType=fota
D/dalvikvm(  360): GC_CONCURRENT freed 514K, 56% free 5622K/12732K, paused 6ms+73ms, total 169ms
D/MobileDataStateTracker(  360): fota: Received state=DISCONNECTED, old=DISCONNECTED, reason=simLoaded
D/MobileDataStateTracker(  360): ia: Broadcast received: android.intent.action.ANY_DATA_STATE apnType=ia
D/MobileDataStateTracker(  360): ia: Received state=DISCONNECTED, old=DISCONNECTED, reason=simLoaded
D/MobileDataStateTracker(  360): supl: Broadcast received: android.intent.action.ANY_DATA_STATE apnType=supl
D/MobileDataStateTracker(  360): supl: Received state=DISCONNECTED, old=DISCONNECTED, reason=simLoaded
D/MobileDataStateTracker(  360): hipri: Broadcast received: android.intent.action.ANY_DATA_STATE apnType=hipri
D/MobileDataStateTracker(  360): hipri: Received state=DISCONNECTED, old=DISCONNECTED, reason=simLoaded
D/MobileDataStateTracker(  360): ims: Broadcast received: android.intent.action.ANY_DATA_STATE apnType=ims
D/MobileDataStateTracker(  360): ims: Received state=DISCONNECTED, old=DISCONNECTED, reason=simLoaded
D/MobileDataStateTracker(  360): mms: Broadcast received: android.intent.action.ANY_DATA_STATE apnType=mms
D/MobileDataStateTracker(  360): mms: Received state=DISCONNECTED, old=DISCONNECTED, reason=simLoaded
D/MobileDataStateTracker(  360): cbs: Broadcast received: android.intent.action.ANY_DATA_STATE apnType=cbs
D/MobileDataStateTracker(  360): cbs: Received state=DISCONNECTED, old=DISCONNECTED, reason=simLoaded
D/MobileDataStateTracker(  360): default: Broadcast received: android.intent.action.ANY_DATA_STATE apnType=default
D/MobileDataStateTracker(  360): default: Received state=CONNECTED, old=CONNECTING, reason=connected
D/MobileDataStateTracker(  360): default: setDetailed state, old =CONNECTING and new state=CONNECTED
D/ConnectivityService(  360): ConnectivityChange for mobile: CONNECTED/CONNECTED
D/ConnectivityService(  360): ConnectivityChange checkMobileProvisioning for TYPE_MOBILE or ProvisioningNetwork
D/ConnectivityService(  360): checkMobileProvisioning: E suggestedTimeOutMs=60000
D/ConnectivityService(  360): setProvNotificationVisible: E visible=false networkType=5 extraInfo=null url=null
D/ConnectivityService(  360): checkMobileProvisioning: params={ url=http://clients3.google.com/generate_204 mTimeOutMs=60000 mCb=com.android.server.ConnectivityService$5@b3389fc0}
D/ConnectivityService(  360): checkMobileProvisioning: X
D/dalvikvm(  599): GC_CONCURRENT freed 449K, 15% free 3295K/3860K, paused 4ms+2ms, total 88ms
D/Nat464Xlat(  360): requiresClat: netType=0, hasIPv4Address=true
I/NetworkPolicy(  360): no policy for active mobile network; generating default policy
D/MobileDataStateTracker(  360): default: setPolicyDataEnable(enabled=true)
D/MobileDataStateTracker(  360): default: isProvisioningNetwork: retVal=false
D/ConnectivityService(  360): [CheckMp] isMobileOk: isDefaultProvisioning=false
D/MobileDataStateTracker(  360): hipri: isProvisioningNetwork: retVal=false
D/ConnectivityService(  360): [CheckMp] isMobileOk: isHipriProvisioning=false
D/ConnectivityService(  360): [CheckMp] isMobileOk: start hipri url=http://clients3.google.com/generate_204
I/MediaProvider(  629): Upgrading media database from version 0 to 700, which will destroy all old data
W/ProcessCpuTracker(  360): Skipping unknown process pid 754
I/SurfaceFlinger(   57): Boot is finished (68427 ms)
D/Launcher.Model(  680): Reload apps on config change. curr_mcc:310 prevmcc:0
I/Choreographer(  680): Skipped 614 frames!  The application may be doing too much work on its main thread.
I/Choreographer(  680): Skipped 39 frames!  The application may be doing too much work on its main thread.
D/gralloc_goldfish(  680): Emulator without GPU emulation detected.
W/ActivityManager(  360): Launch timeout has expired, giving up wake lock!
E/NetdConnector(  360): NDC Command {12 bandwidth setiquota eth0 9223372036854775807} took too long (1652ms)
D/MobileDataStateTracker(  360): default: setPolicyDataEnable(enabled=true)
I/InputReader(  360): Reconfiguring input devices.  changes=0x00000010
I/PackageManager(  360):   Action: "android.intent.action.SENDTO"
I/PackageManager(  360):   Category: "android.intent.category.DEFAULT"
I/PackageManager(  360):   Scheme: "sms"
I/PackageManager(  360): Adding preferred activity ComponentInfo{com.android.mms/com.android.mms.ui.ComposeMessageActivity} for user 0 :
I/PackageManager(  360):   Action: "android.intent.action.SENDTO"
I/PackageManager(  360):   Category: "android.intent.category.DEFAULT"
I/PackageManager(  360):   Scheme: "smsto"
I/PackageManager(  360): Adding preferred activity ComponentInfo{com.android.mms/com.android.mms.ui.ComposeMessageActivity} for user 0 :
I/PackageManager(  360):   Action: "android.intent.action.SENDTO"
I/PackageManager(  360):   Category: "android.intent.category.DEFAULT"
I/PackageManager(  360):   Scheme: "mms"
I/PackageManager(  360): Adding preferred activity ComponentInfo{com.android.mms/com.android.mms.ui.ComposeMessageActivity} for user 0 :
D/dalvikvm(  680): GC_FOR_ALLOC freed 250K, 9% free 4023K/4376K, paused 404ms, total 416ms
I/dalvikvm-heap(  680): Grow heap (frag case) to 5.560MB for 1610896-byte allocation
D/dalvikvm(  680): GC_FOR_ALLOC freed 4K, 7% free 5592K/5952K, paused 29ms, total 29ms
D/dalvikvm(  680): GC_CONCURRENT freed 27K, 7% free 5569K/5952K, paused 15ms+3ms, total 93ms
D/dalvikvm(  680): WAIT_FOR_CONCURRENT_GC blocked 57ms
I/dalvikvm-heap(  680): Grow heap (frag case) to 7.069MB for 1610896-byte allocation
D/dalvikvm(  680): GC_FOR_ALLOC freed <1K, 6% free 7142K/7528K, paused 48ms, total 48ms
E/NetdConnector(  360): NDC Command {13 bandwidth removeiquota eth0} took too long (690ms)
D/dalvikvm(  360): GC_CONCURRENT freed 630K, 55% free 5730K/12732K, paused 6ms+5ms, total 491ms
D/dalvikvm(  360): WAIT_FOR_CONCURRENT_GC blocked 357ms
D/dalvikvm(  360): WAIT_FOR_CONCURRENT_GC blocked 308ms
D/dalvikvm(  360): WAIT_FOR_CONCURRENT_GC blocked 222ms
I/PackageManager(  360):   Action: "android.intent.action.SENDTO"
I/PackageManager(  360):   Category: "android.intent.category.DEFAULT"
I/PackageManager(  360):   Scheme: "mmsto"
I/PackageManager(  360): Adding preferred activity ComponentInfo{com.android.mms/com.android.mms.ui.ComposeMessageActivity} for user 0 :
W/WindowManager(  360): App freeze timeout expired.
W/WindowManager(  360): Force clearing freeze: AppWindowToken{b323fad8 token=Token{b323ea00 ActivityRecord{b323e8a0 u0 com.android.launcher/com.android.launcher2.Launcher t3}}}
D/dalvikvm(  680): GC_CONCURRENT freed <1K, 6% free 7184K/7572K, paused 15ms+71ms, total 332ms
I/PackageManager(  360):   Action: "android.intent.action.SENDTO"
I/PackageManager(  360):   Category: "android.intent.category.DEFAULT"
I/PackageManager(  360):   Scheme: "sms"
I/PackageManager(  360): Adding preferred activity ComponentInfo{com.android.mms/com.android.mms.ui.ComposeMessageActivity} for user 0 :
D/Tethering(  360): MasterInitialState.processMessage what=3
D/CaptivePortalTracker(  360): NoActiveNetworkState{ when=-3ms what=1 obj=NetworkInfo: type: mobile[UMTS], state: CONNECTED/CONNECTED, reason: connected, extra: epc.tmobile.com, roaming: false, failover: false, isAvailable: true, isConnectedToProvisioningNetwork: false target=com.android.internal.util.StateMachine$SmHandler }
D/CaptivePortalTracker(  360): NoActiveNetworkState not a wifi connectivity change, ignore
I/PackageManager(  360):   Action: "android.intent.action.SENDTO"
I/PackageManager(  360):   Category: "android.intent.category.DEFAULT"
I/PackageManager(  360):   Scheme: "smsto"
I/PackageManager(  360): Adding preferred activity ComponentInfo{com.android.mms/com.android.mms.ui.ComposeMessageActivity} for user 0 :
D/dalvikvm(  599): GC_CONCURRENT freed 325K, 14% free 3382K/3888K, paused 5ms+62ms, total 117ms
I/PackageManager(  360):   Action: "android.intent.action.SENDTO"
I/PackageManager(  360):   Category: "android.intent.category.DEFAULT"
I/PackageManager(  360):   Scheme: "mms"
I/PackageManager(  360): Adding preferred activity ComponentInfo{com.android.mms/com.android.mms.ui.ComposeMessageActivity} for user 0 :
I/ActivityManager(  360): Displayed com.android.launcher/com.android.launcher2.Launcher: +10s317ms (total +13s227ms)
W/WindowManager(  360): Window freeze timeout expired.
W/WindowManager(  360): Force clearing orientation change: Window{b3249d28 u0 com.android.systemui.ImageWallpaper}
I/PackageManager(  360):   Action: "android.intent.action.SENDTO"
I/PackageManager(  360):   Category: "android.intent.category.DEFAULT"
I/PackageManager(  360):   Scheme: "mmsto"
I/PackageManager(  360): Adding preferred activity ComponentInfo{com.android.mms/com.android.mms.ui.ComposeMessageActivity} for user 0 :
I/WindowManager(  360): Screen frozen for +5s938ms due to Window{b3249d28 u0 com.android.systemui.ImageWallpaper}
E/NetdConnector(  360): NDC Command {14 bandwidth setiquota eth0 9223372036854775807} took too long (1672ms)
D/dalvikvm(  448): GC_FOR_ALLOC freed 3120K, 48% free 3587K/6804K, paused 928ms, total 961ms
I/dalvikvm-heap(  448): Grow heap (frag case) to 6.523MB for 3072016-byte allocation
I/ARMAssembler(   57): generated scanline__00000077:03515104_00009001_00000000 [131 ipp] (153 ins) at [0xb5a7b410:0xb5a7b674] in 0 ns
D/dalvikvm(  360): GC_CONCURRENT freed 797K, 56% free 5693K/12732K, paused 4ms+5ms, total 625ms
D/dalvikvm(  360): WAIT_FOR_CONCURRENT_GC blocked 541ms
D/dalvikvm(  360): WAIT_FOR_CONCURRENT_GC blocked 212ms
D/dalvikvm(  360): WAIT_FOR_CONCURRENT_GC blocked 187ms
D/MobileDataStateTracker(  360): default: setPolicyDataEnable(enabled=true)
I/Choreographer(  360): Skipped 34 frames!  The application may be doing too much work on its main thread.
D/dalvikvm(  448): GC_CONCURRENT freed 5K, 4% free 6582K/6804K, paused 68ms+104ms, total 383ms
D/dalvikvm(  360): WAIT_FOR_CONCURRENT_GC blocked 2461ms
D/ConnectivityService(  360): startUsingNetworkFeature reconnecting to 0: enableHIPRI
D/ConnectivityService(  360): startUsingNetworkFeature X: return APN_REQUEST_STARTED
I/Choreographer(  360): Skipped 37 frames!  The application may be doing too much work on its main thread.
D/MobileDataStateTracker(  360): hipri: Broadcast received: android.intent.action.ANY_DATA_STATE apnType=hipri
D/MobileDataStateTracker(  360): hipri: Received state=CONNECTING, old=DISCONNECTED, reason=dataEnabled
D/MobileDataStateTracker(  360): hipri: setDetailed state, old =IDLE and new state=CONNECTING
D/MobileDataStateTracker(  360): fota: Broadcast received: android.intent.action.ANY_DATA_STATE apnType=fota
D/MobileDataStateTracker(  360): fota: Received state=DISCONNECTED, old=DISCONNECTED, reason=dataEnabled
D/MobileDataStateTracker(  360): ia: Broadcast received: android.intent.action.ANY_DATA_STATE apnType=ia
D/MobileDataStateTracker(  360): ia: Received state=DISCONNECTED, old=DISCONNECTED, reason=dataEnabled
D/MobileDataStateTracker(  360): supl: Broadcast received: android.intent.action.ANY_DATA_STATE apnType=supl
D/MobileDataStateTracker(  360): supl: Received state=DISCONNECTED, old=DISCONNECTED, reason=dataEnabled
D/MobileDataStateTracker(  360): ims: Broadcast received: android.intent.action.ANY_DATA_STATE apnType=ims
D/MobileDataStateTracker(  360): ims: Received state=DISCONNECTED, old=DISCONNECTED, reason=dataEnabled
D/MobileDataStateTracker(  360): mms: Broadcast received: android.intent.action.ANY_DATA_STATE apnType=mms
D/MobileDataStateTracker(  360): mms: Received state=DISCONNECTED, old=DISCONNECTED, reason=dataEnabled
D/MobileDataStateTracker(  360): cbs: Broadcast received: android.intent.action.ANY_DATA_STATE apnType=cbs
D/MobileDataStateTracker(  360): cbs: Received state=DISCONNECTED, old=DISCONNECTED, reason=dataEnabled
D/dalvikvm(  599): GC_CONCURRENT freed 492K, 16% free 3297K/3888K, paused 14ms+2ms, total 251ms
E/ConnectivityService(  360): startUsingNetworkFeature took too long: 4413ms
D/ConnectivityService(  360): [CheckMp] isMobileOk: hipri started
D/MobileDataStateTracker(  360): hipri: Broadcast received: android.intent.action.ANY_DATA_STATE apnType=hipri
D/MobileDataStateTracker(  360): hipri: Received state=CONNECTED, old=CONNECTING, reason=dataEnabled
D/MobileDataStateTracker(  360): hipri: setDetailed state, old =CONNECTING and new state=CONNECTED
D/ConnectivityService(  360): ConnectivityChange for mobile_hipri: CONNECTED/CONNECTED
E/logwrapper(  802): executing /system/bin/ip failed: No such file or directory
E/ConnectivityService(  360): Exception trying to add a route: java.lang.IllegalStateException: command '21 interface fwmark exempt add 10.0.2.2/32' failed with '400 21 Failed to add exemption rule (File exists)'
D/MobileDataStateTracker(  360): hipri: isProvisioningNetwork: retVal=false
D/ConnectivityService(  360): [CheckMp] isMobileOk: isProvisioningNetwork is false, continue
E/logwrapper(  804): executing /system/bin/ip failed: No such file or directory
E/ConnectivityService(  360): Exception trying to add a route: java.lang.IllegalStateException: command '23 interface fwmark exempt add 10.0.2.3/32' failed with '400 23 Failed to add exemption rule (File exists)'
D/ConnectivityService(  360): [CheckMp] isMobileOk: addresses=clients3.google.com/172.217.23.14
D/ConnectivityService(  360): [CheckMp] isMobileOk: linkHasIpv4=true linkHasIpv6=false
E/logwrapper(  805): executing /system/bin/ip failed: No such file or directory
E/ConnectivityService(  360): Exception trying to add a route: java.lang.IllegalStateException: command '25 interface fwmark exempt add 10.0.2.2/32' failed with '400 25 Failed to add exemption rule (File exists)'
E/logwrapper(  806): executing /system/bin/ip failed: No such file or directory
E/ConnectivityService(  360): Exception trying to add a route: java.lang.IllegalStateException: command '27 interface fwmark exempt add 10.0.2.4/32' failed with '400 27 Failed to add exemption rule (File exists)'
E/logwrapper(  807): executing /system/bin/ip failed: No such file or directory
E/SecondaryTablController(   54): ip route add failed: /system/bin/ip route add 10.0.2.2/32 via 0.0.0.0 dev eth0 table 60
W/FrameworkListener(   54): Handler 'interface' error (No such device)
E/ConnectivityService(  360): Exception trying to add a route: java.lang.IllegalStateException: command '28 interface route add eth0 secondary 10.0.2.2 32 0.0.0.0' failed with '400 28 ip route modification failed (No such device)'
D/AndroidRuntime(  800): 
D/AndroidRuntime(  800): >>>>>> AndroidRuntime START com.android.internal.os.RuntimeInit <<<<<<
E/logwrapper(  808): executing /system/bin/ip failed: No such file or directory
D/AndroidRuntime(  800): CheckJNI is ON
E/SecondaryTablController(   54): ip route add failed: /system/bin/ip route add 0.0.0.0/0 via 10.0.2.2 dev eth0 table 60
W/FrameworkListener(   54): Handler 'interface' error (No such device)
E/ConnectivityService(  360): Exception trying to add a route: java.lang.IllegalStateException: command '29 interface route add eth0 secondary 0.0.0.0 0 10.0.2.2' failed with '400 29 ip route modification failed (No such device)'
D/dalvikvm(  360): GC_EXPLICIT freed 518K, 57% free 5589K/12732K, paused 5ms+15ms, total 215ms
D/dalvikvm(  800): Trying to load lib libjavacore.so 0x0
D/dalvikvm(  800): Added shared lib libjavacore.so 0x0
D/dalvikvm(  800): Trying to load lib libnativehelper.so 0x0
D/dalvikvm(  800): Added shared lib libnativehelper.so 0x0
D/dalvikvm(  800): No JNI_OnLoad found in libnativehelper.so 0x0, skipping init
I/Choreographer(  680): Skipped 58 frames!  The application may be doing too much work on its main thread.
D/dalvikvm(  800): Note: class Landroid/app/ActivityManagerNative; has 179 unimplemented (abstract) methods
I/Choreographer(  680): Skipped 96 frames!  The application may be doing too much work on its main thread.
I/Choreographer(  680): Skipped 62 frames!  The application may be doing too much work on its main thread.
E/memtrack(  800): Couldn't load memtrack module (No such file or directory)
E/android.os.Debug(  800): failed to load memtrack module: -2
E/logwrapper(  816): executing /system/bin/ip failed: No such file or directory
D/Nat464Xlat(  360): requiresClat: netType=5, hasIPv4Address=true
E/ConnectivityService(  360): Exception trying to add a route: java.lang.IllegalStateException: command '31 interface fwmark exempt add 10.0.2.2/32' failed with '400 31 Failed to add exemption rule (File exists)'
D/MobileDataStateTracker(  360): default: setPolicyDataEnable(enabled=true)
W/NetworkPolicy(  360): shared quota unsupported; generating rule for each iface
D/AndroidRuntime(  800): Calling main entry com.android.commands.pm.Pm
I/ActivityManager(  360): Start proc com.android.defcontainer for service com.android.defcontainer/.DefaultContainerService: pid=819 uid=10003 gids={50003, 1028, 1015, 1023, 2001, 1035}
E/NetdConnector(  360): NDC Command {33 bandwidth gettetherstats} took too long (910ms)
I/ContactLocale(  549): AddressBook Labels [en_US]: [, A, B, C, D, E, F, G, H, I, J, K, L, M, N, O, P, Q, R, S, T, U, V, W, X, Y, Z, , , , , , , , , , , , , , , , , , , , , , , , , , , , , , , , , , , , , , , , , , , , , , , , , , , , , , , , , , , , , , , , , , , , , , , , , , , , , , , , , , , , , , , , , , , , , , , , , , , , , , , , , , , , , , , , , , , , , , , , , , , , , , , , , , , , , , , , , , , , , , , , , , , , , , , , , , , , , , , , , , , , , , , , , , , , , , , , , , , , , , #, ]
E/SQLiteLog(  629): (1) no such table: album_info
E/NetdConnector(  360): NDC Command {34 bandwidth removeiquota eth0} took too long (1623ms)
E/NetdConnector(  360): NDC Command {32 interface route add eth0 default 172.217.23.14 32 10.0.2.2} took too long (1785ms)
W/ActivityManager(  360): No content provider found for permission revoke: file:///data/local/tmp/sample_for_analysis.apk
D/dalvikvm(  680): GC_CONCURRENT freed 2123K, 26% free 6474K/8696K, paused 4ms+3ms, total 124ms
W/ActivityManager(  360): Activity destroy timeout for ActivityRecord{b337a8f8 u0 com.android.settings/.CryptKeeper t1 f}
W/ActivityManager(  360): No content provider found for permission revoke: file:///data/local/tmp/sample_for_analysis.apk
I/PackageManager(  360): Copying native libraries to /data/app-lib/vmdl-1332322381
D/Tethering(  360): MasterInitialState.processMessage what=3
D/CaptivePortalTracker(  360): NoActiveNetworkState{ when=-3ms what=1 obj=NetworkInfo: type: mobile_hipri[UMTS], state: CONNECTED/CONNECTED, reason: dataEnabled, extra: epc.tmobile.com, roaming: false, failover: false, isAvailable: true, isConnectedToProvisioningNetwork: false target=com.android.internal.util.StateMachine$SmHandler }
D/CaptivePortalTracker(  360): NoActiveNetworkState not a wifi connectivity change, ignore
D/GpsLocationProvider(  360): NTP server returned: 1545660135464 (Mon Dec 24 09:02:15 EST 2018) reference: 72123 certainty: 11 system time offset: -27821
E/logwrapper(  859): executing /system/bin/ip failed: No such file or directory
E/NetdConnector(  360): NDC Command {35 bandwidth setiquota eth0 9223372036854775807} took too long (1485ms)
E/NetdConnector(  360): NDC Command {36 interface fwmark exempt add 172.217.23.14/32} took too long (1365ms)
E/ConnectivityService(  360): Exception trying to add a route: java.lang.IllegalStateException: command '36 interface fwmark exempt add 172.217.23.14/32' failed with '400 36 Failed to add exemption rule (File exists)'
D/ConnectivityService(  360): requestRouteToHostAddress ok=false
D/ConnectivityService(  360): [CheckMp] isMobileOk: could not establish route to hostAddr=clients3.google.com/172.217.23.14
D/dalvikvm(  360): GC_CONCURRENT freed 534K, 55% free 5658K/12540K, paused 16ms+4ms, total 268ms
E/NetdConnector(  360): NDC Command {37 bandwidth removeiquota eth0} took too long (839ms)
I/PackageManager(  360): Running dexopt on: ps.wb.sign.zhongqiu2zhi
I/ActivityManager(  360): Start proc com.android.exchange for content provider com.android.exchange/.provider.ExchangeDirectoryProvider: pid=876 uid=10025 gids={50025, 3003, 1028, 1015}
W/ProcessCpuTracker(  360): Skipping unknown process pid 882
D/dalvikvm(  629): GC_CONCURRENT freed 227K, 11% free 2882K/3204K, paused 3ms+3ms, total 446ms
E/NetdConnector(  360): NDC Command {38 bandwidth setiquota eth0 9223372036854775807} took too long (1840ms)
D/MobileDataStateTracker(  360): default: setPolicyDataEnable(enabled=true)
D/dalvikvm(  881): DexOpt: load 152ms, verify+opt 522ms, 721244 bytes
D/dalvikvm(  360): GC_CONCURRENT freed 609K, 55% free 5679K/12540K, paused 6ms+7ms, total 76ms
E/logwrapper(  901): executing /system/bin/ip failed: No such file or directory
E/ConnectivityService(  360): Exception trying to add a route: java.lang.IllegalStateException: command '41 interface fwmark exempt add 10.0.2.2/32' failed with '400 41 Failed to add exemption rule (File exists)'
E/logwrapper(  902): executing /system/bin/ip failed: No such file or directory
E/ConnectivityService(  360): Exception trying to add a route: java.lang.IllegalStateException: command '43 interface fwmark exempt add 172.217.23.14/32' failed with '400 43 Failed to add exemption rule (File exists)'
D/ConnectivityService(  360): requestRouteToHostAddress ok=false
D/ConnectivityService(  360): [CheckMp] isMobileOk: could not establish route to hostAddr=clients3.google.com/172.217.23.14
W/PackageManager(  360): Not granting permission android.permission.INTERNAL_SYSTEM_WINDOW to package ps.wb.sign.zhongqiu2zhi (protectionLevel=2 flags=0xbe44)
I/ActivityManager(  360): Force stopping ps.wb.sign.zhongqiu2zhi appid=10052 user=-1: update pkg
I/ActivityManager(  360): Start proc com.android.externalstorage for broadcast com.android.externalstorage/.MountReceiver: pid=903 uid=10006 gids={50006, 1028, 1015, 1023}
I/ActivityManager(  360): Start proc com.android.email for content provider com.android.email/.provider.EmailProvider: pid=915 uid=10024 gids={50024, 3003, 1028, 1015}
I/ContactDirectoryManager(  549): deleted 0 stale rows which don't have any relevant directory
I/InputReader(  360): Reconfiguring input devices.  changes=0x00000010
D/BackupManagerService(  360): Received broadcast Intent { act=android.intent.action.PACKAGE_ADDED dat=package:ps.wb.sign.zhongqiu2zhi flg=0x4000010 (has extras) }
I/PackageManager(  360):   Action: "android.intent.action.SENDTO"
I/PackageManager(  360):   Category: "android.intent.category.DEFAULT"
I/PackageManager(  360):   Scheme: "sms"
I/PackageManager(  360): Adding preferred activity ComponentInfo{com.android.mms/com.android.mms.ui.ComposeMessageActivity} for user 0 :
V/BackupManagerService(  360): addPackageParticipantsLocked: #1
I/PackageManager(  360):   Action: "android.intent.action.SENDTO"
I/PackageManager(  360):   Category: "android.intent.category.DEFAULT"
I/PackageManager(  360):   Scheme: "smsto"
I/PackageManager(  360): Adding preferred activity ComponentInfo{com.android.mms/com.android.mms.ui.ComposeMessageActivity} for user 0 :
I/PackageManager(  360):   Action: "android.intent.action.SENDTO"
I/PackageManager(  360):   Category: "android.intent.category.DEFAULT"
I/PackageManager(  360):   Scheme: "mms"
I/PackageManager(  360): Adding preferred activity ComponentInfo{com.android.mms/com.android.mms.ui.ComposeMessageActivity} for user 0 :
I/PackageManager(  360):   Action: "android.intent.action.SENDTO"
I/PackageManager(  360):   Category: "android.intent.category.DEFAULT"
I/PackageManager(  360):   Scheme: "mmsto"
I/PackageManager(  360): Adding preferred activity ComponentInfo{com.android.mms/com.android.mms.ui.ComposeMessageActivity} for user 0 :
D/dalvikvm(  360): GC_CONCURRENT freed 759K, 55% free 5667K/12540K, paused 7ms+4ms, total 87ms
D/dalvikvm(  360): WAIT_FOR_CONCURRENT_GC blocked 43ms
I/PackageManager(  360):   Action: "android.intent.action.SENDTO"
I/PackageManager(  360):   Category: "android.intent.category.DEFAULT"
I/PackageManager(  360):   Scheme: "sms"
I/PackageManager(  360): Adding preferred activity ComponentInfo{com.android.mms/com.android.mms.ui.ComposeMessageActivity} for user 0 :
I/PackageManager(  360):   Action: "android.intent.action.SENDTO"
I/PackageManager(  360):   Category: "android.intent.category.DEFAULT"
I/PackageManager(  360):   Scheme: "smsto"
I/PackageManager(  360): Adding preferred activity ComponentInfo{com.android.mms/com.android.mms.ui.ComposeMessageActivity} for user 0 :
D/dalvikvm(  599): GC_CONCURRENT freed 393K, 14% free 3378K/3904K, paused 13ms+2ms, total 51ms
D/dalvikvm(  599): WAIT_FOR_CONCURRENT_GC blocked 13ms
I/PackageManager(  360):   Action: "android.intent.action.SENDTO"
I/PackageManager(  360):   Category: "android.intent.category.DEFAULT"
I/PackageManager(  360):   Scheme: "mms"
I/PackageManager(  360): Adding preferred activity ComponentInfo{com.android.mms/com.android.mms.ui.ComposeMessageActivity} for user 0 :
I/PackageManager(  360):   Action: "android.intent.action.SENDTO"
I/PackageManager(  360):   Category: "android.intent.category.DEFAULT"
I/PackageManager(  360):   Scheme: "mmsto"
I/PackageManager(  360): Adding preferred activity ComponentInfo{com.android.mms/com.android.mms.ui.ComposeMessageActivity} for user 0 :
I/DownloadManager(  629): Upgrading downloads database from version 0 to version 109, which will destroy all old data
D/dalvikvm(  360): GC_CONCURRENT freed 720K, 55% free 5649K/12540K, paused 97ms+4ms, total 144ms
D/dalvikvm(  360): WAIT_FOR_CONCURRENT_GC blocked 1ms
I/ContactDirectoryManager(  549): Discovered 0 contact directories in 3247ms
D/ExternalStorage(  903): Missing UUID for /storage/sdcard; skipping
D/ExternalStorage(  903): After updating volumes, found 0 active roots
D/ExternalStorage(  903): Missing UUID for /storage/sdcard; skipping
D/ExternalStorage(  903): After updating volumes, found 0 active roots
D/MediaScannerReceiver(  629): action: android.intent.action.MEDIA_MOUNTED path: /storage/sdcard
E/BluetoothAdapter(  607): Bluetooth binder is null
