W/AudioService(  366): Soundpool could not load file: /system/media/audio/ui/Effect_Tick.ogg
E/SoundPool(  366): error loading /system/media/audio/ui/Effect_Tick.ogg
W/AudioService(  366): Soundpool could not load file: /system/media/audio/ui/Effect_Tick.ogg
E/SoundPool(  366): error loading /system/media/audio/ui/Effect_Tick.ogg
W/AudioService(  366): Soundpool could not load file: /system/media/audio/ui/Effect_Tick.ogg
E/SoundPool(  366): error loading /system/media/audio/ui/Effect_Tick.ogg
W/AudioService(  366): Soundpool could not load file: /system/media/audio/ui/Effect_Tick.ogg
E/SoundPool(  366): error loading /system/media/audio/ui/KeypressStandard.ogg
W/AudioService(  366): Soundpool could not load file: /system/media/audio/ui/KeypressStandard.ogg
E/SoundPool(  366): error loading /system/media/audio/ui/KeypressSpacebar.ogg
W/AudioService(  366): Soundpool could not load file: /system/media/audio/ui/KeypressSpacebar.ogg
E/SoundPool(  366): error loading /system/media/audio/ui/KeypressDelete.ogg
W/AudioService(  366): Soundpool could not load file: /system/media/audio/ui/KeypressDelete.ogg
E/SoundPool(  366): error loading /system/media/audio/ui/KeypressReturn.ogg
W/AudioService(  366): Soundpool could not load file: /system/media/audio/ui/KeypressReturn.ogg
E/SoundPool(  366): error loading /system/media/audio/ui/KeypressInvalid.ogg
W/AudioService(  366): Soundpool could not load file: /system/media/audio/ui/KeypressInvalid.ogg
W/AudioService(  366): onLoadSoundEffects(), Error -1 while loading samples
E/NetdConnector(  366): NDC Command {63 bandwidth setiquota eth0 9223372036854775807} took too long (1458ms)
D/MobileDataStateTracker(  366): default: setPolicyDataEnable(enabled=true)
D/MobileDataStateTracker(  366): default: setPolicyDataEnable(enabled=true)
D/dalvikvm(  594): GC_CONCURRENT freed 446K, 17% free 3295K/3944K, paused 3ms+23ms, total 90ms
I/RecoverySystem(  366): No recovery log file
I/BootReceiver(  366): Copying audit failures to DropBox
I/BootReceiver(  366): Checking for fsck errors
I/ActivityManager(  366): Waited long enough for: ServiceRecord{b3293718 u0 com.android.calendar/.alerts.InitAlarmsService}
I/ActivityManager(  366): Start proc com.android.mms for broadcast com.android.mms/.transaction.MmsSystemEventReceiver: pid=1072 uid=10009 gids={50009, 3003, 1028, 1015}
D/ConnectivityService(  366): [CheckMp] isMobileOk: X result=0
D/ConnectivityService(  366): [CheckMp] onPostExecute: result=0
D/ConnectivityService(  366): CheckMp.onComplete: result=0
D/ConnectivityService(  366): CheckMp.onComplete: ignore, connected or no connection
D/dalvikvm(  366): GC_CONCURRENT freed 693K, 54% free 5784K/12520K, paused 14ms+75ms, total 245ms
D/CountryDetector(  366): The first listener is added
V/MmsConfig( 1072): mnc/mcc: 310260
V/MmsConfig( 1072): tag: bool value: enabledMMS - true
V/MmsConfig( 1072): tag: int value: maxMessageSize - 307200
V/MmsConfig( 1072): tag: int value: maxImageHeight - 480
V/MmsConfig( 1072): tag: int value: maxImageWidth - 640
V/MmsConfig( 1072): tag: int value: defaultSMSMessagesPerThread - 10000
V/MmsConfig( 1072): tag: int value: defaultMMSMessagesPerThread - 1000
V/MmsConfig( 1072): tag: int value: minMessageCountPerThread - 10
V/MmsConfig( 1072): tag: int value: maxMessageCountPerThread - 5000
V/MmsConfig( 1072): tag: string value: uaProfUrl - http://www.google.com/oha/rdf/ua-profile-kila.xml
V/MmsConfig( 1072): tag: int value: recipientLimit - -1
V/MmsConfig( 1072): tag: bool value: enableMultipartSMS - true
V/MmsConfig( 1072): tag: int value: smsToMmsTextThreshold - -1
V/MmsConfig( 1072): tag: bool value: enableSlideDuration - true
V/MmsConfig( 1072): tag: int value: maxMessageTextSize - -1
I/MediaProvider(  613): Upgrading media database from version 0 to 700, which will destroy all old data
I/ActivityManager(  366): Delay finish: com.android.mms/.transaction.SmsReceiver
D/MmsSmsDatabaseHelper(  594): [MmsSmsDb] tableName: threads hasAutoIncrement: CREATE TABLE threads (_id INTEGER PRIMARY KEY AUTOINCREMENT,date INTEGER DEFAULT 0,message_count INTEGER DEFAULT 0,recipient_ids TEXT,snippet TEXT,snippet_cs INTEGER DEFAULT 0,read INTEGER DEFAULT 1,type INTEGER DEFAULT 0,error INTEGER DEFAULT 0,has_attachment INTEGER DEFAULT 0) result: true
D/MmsSmsDatabaseHelper(  594): [MmsSmsDb] tableName: canonical_addresses hasAutoIncrement: CREATE TABLE canonical_addresses (_id INTEGER PRIMARY KEY AUTOINCREMENT,address TEXT) result: true
D/MmsSmsDatabaseHelper(  594): [MmsSmsDb] tableName: part hasAutoIncrement: CREATE TABLE part (_id INTEGER PRIMARY KEY AUTOINCREMENT,mid INTEGER,seq INTEGER DEFAULT 0,ct TEXT,name TEXT,chset INTEGER,cd TEXT,fn TEXT,cid TEXT,cl TEXT,ctt_s INTEGER,ctt_t TEXT,_data TEXT,text TEXT) result: true
D/MmsSmsDatabaseHelper(  594): [MmsSmsDb] tableName: pdu hasAutoIncrement: CREATE TABLE pdu (_id INTEGER PRIMARY KEY AUTOINCREMENT,thread_id INTEGER,date INTEGER,date_sent INTEGER DEFAULT 0,msg_box INTEGER,read INTEGER DEFAULT 0,m_id TEXT,sub TEXT,sub_cs INTEGER,ct_t TEXT,ct_l TEXT,exp INTEGER,m_cls TEXT,m_type INTEGER,v INTEGER,m_size INTEGER,pri INTEGER,rr INTEGER,rpt_a INTEGER,resp_st INTEGER,st INTEGER,tr_id TEXT,retr_st INTEGER,retr_txt TEXT,retr_txt_cs INTEGER,read_status INTEGER,ct_cls INTEGER,resp_txt TEXT,d_tm INTEGER,d_rpt INTEGER,locked INTEGER DEFAULT 0,seen INTEGER DEFAULT 0,text_only INTEGER DEFAULT 0) result: true
D/MmsSmsDatabaseHelper(  594): [getWritableDatabase] hasAutoIncrementThreads: true hasAutoIncrementAddresses: true hasAutoIncrementPart: true hasAutoIncrementPdu: true
D/Mms:app ( 1072): cancelNotification
I/ActivityManager(  366): Resuming delayed broadcast
D/AlertReceiver(  933): onReceive: a=android.intent.action.BOOT_COMPLETED Intent { act=android.intent.action.BOOT_COMPLETED flg=0x8000010 cmp=com.android.calendar/.alerts.AlertReceiver (has extras) }
I/ActivityManager(  366): Delay finish: com.android.calendar/.alerts.AlertReceiver
D/AlertUtils(  933): Flushing old alerts from shared prefs table
D/AlertService(  933): 0 Action = android.intent.action.BOOT_COMPLETED
D/AlertService(  933): Scheduling next alarm with AlarmScheduler. sEventReminderReceived: null
D/dalvikvm(  933): GC_CONCURRENT freed 308K, 12% free 2807K/3184K, paused 5ms+2ms, total 68ms
D/Mms:app ( 1072): cancelNotification
D/AlarmScheduler(  933): No events found starting within 1 week.
I/ActivityManager(  366): Resuming delayed broadcast
I/ActivityManager(  366): START u0 {act=android.intent.action.MAIN cat=[android.intent.category.LAUNCHER] flg=0x10000000 cmp=com.herocraft.game.scrubs.freemium/com.herocraft.sdk.android.Application} from pid 1139
V/AlarmClock(  953): AlarmInitReceiver android.intent.action.BOOT_COMPLETED
V/AlarmClock(  953): AlarmInitReceiver - Reset timers and clear stopwatch data
V/AlarmClock(  953): AlarmInitReceiver - resetting volume button default
D/dalvikvm(  953): GC_CONCURRENT freed 371K, 14% free 2831K/3276K, paused 5ms+3ms, total 78ms
D/dalvikvm(  953): WAIT_FOR_CONCURRENT_GC blocked 18ms
I/AlarmClock(  953): Displaying next alarm time: ''
V/AlarmClock(  953): AlarmInitReceiver finished
I/ActivityManager(  366): Delay finish: com.android.email/.service.EmailUpgradeBroadcastReceiver
W/WindowManager(  366): Screenshot failure taking screenshot for (164x295) to layer 21005
I/ActivityManager(  366): Resuming delayed broadcast
I/ActivityManager(  366): Delay finish: com.android.email/.service.EmailBroadcastReceiver
I/ActivityManager(  366): Start proc com.herocraft.game.scrubs.freemium for activity com.herocraft.game.scrubs.freemium/com.herocraft.sdk.android.Application: pid=1151 uid=10052 gids={50052, 3003, 1028, 1015}
I/Email   (  901): Onetime initialization: 1
I/Email   (  901): Onetime initialization: 2
I/Email   (  901): Onetime initialization: completed.
I/ActivityManager(  366): Delaying start of: ServiceRecord{b3271210 u0 com.android.exchange/.service.EmailSyncAdapterService}
I/ActivityManager(  366): Resuming delayed broadcast
I/LauncherIconVisibilityManager(  580): Boot has been completed
I/LauncherIconVisibilityManager(  580): Disable activity: ComponentInfo{com.android.inputmethod.latin/com.android.inputmethod.latin.setup.SetupActivity}
E/BluetoothAdapter(  606): Bluetooth binder is null
I/ActivityManager(  366): Config changes=480 {1.0 310mcc260mnc en_US ldltr sw480dp w864dp h455dp 160dpi lrg long land finger -keyb/v/h tball/v s.7}
D/dalvikvm( 1072): GC_CONCURRENT freed 218K, 10% free 2874K/3160K, paused 8ms+2ms, total 43ms
I/ActivityManager(  366): Delay finish: com.android.deskclock/com.android.alarmclock.AnalogAppWidgetProvider
I/ActivityManager(  366): Resuming delayed broadcast
W/BroadcastQueue(  366): Permission Denial: broadcasting Intent { act=android.appwidget.action.APPWIDGET_UPDATE_OPTIONS flg=0x10 cmp=com.android.settings/.widget.SettingsAppWidgetProvider (has extras) } from android (pid=680, uid=10008) is not exported from uid 1000 due to receiver com.android.settings/.widget.SettingsAppWidgetProvider
D/AlertReceiver(  933): onReceive: a=android.intent.action.PROVIDER_CHANGED Intent { act=android.intent.action.PROVIDER_CHANGED dat=content://com.android.calendar flg=0x10 cmp=com.android.calendar/.alerts.AlertReceiver }
I/ActivityManager(  366): Delay finish: com.android.calendar/.alerts.AlertReceiver
D/AlertService(  933): 0 Action = android.intent.action.PROVIDER_CHANGED
E/SQLiteLog(  613): (1) no such table: files
E/WVMExtractor(   61): Failed to open libwvm.so
D/dalvikvm(  613): GC_CONCURRENT freed 258K, 10% free 3047K/3372K, paused 5ms+22ms, total 66ms
V/MediaScanner(  613): pruneDeadThumbnailFiles... android.database.sqlite.SQLiteCursor@b2d7a7f8
V/MediaScanner(  613): /pruneDeadThumbnailFiles... android.database.sqlite.SQLiteCursor@b2d7a7f8
I/ActivityManager(  366): Resuming delayed broadcast
I/ActivityManager(  366): Start proc com.svox.pico for broadcast com.svox.pico/.VoiceDataInstallerReceiver: pid=1116 uid=10037 gids={50037, 1028, 1015}
E/MetadataRetrieverClient(   61): failed to extract an album art
W/WindowManager(  366): Window freeze timeout expired.
W/WindowManager(  366): Force clearing orientation change: Window{b3392420 u0 Starting com.herocraft.game.scrubs.freemium}
W/WindowManager(  366): Force clearing orientation change: Window{b30ea6f0 u0 com.android.systemui.ImageWallpaper}
D/MobileDataStateTracker(  366): default: setPolicyDataEnable(enabled=true)
D/ConnectivityService(  366): Sampling interval elapsed, updating statistics ..
D/ConnectivityService(  366): Done.
D/ConnectivityService(  366): Setting timer for 720seconds
I/ActivityManager(  366): Delay finish: com.android.settings/.widget.SettingsAppWidgetProvider
I/ActivityManager(  366): Resuming delayed broadcast
E/BluetoothAdapter(  606): Bluetooth binder is null
V/SmsReceiverService( 1072): onStart: #1 mResultCode: -1 = Activity.RESULT_OK
I/ActivityManager(  366): Delay finish: com.android.mms/.transaction.SmsReceiver
I/ActivityManager(  366): Resuming delayed broadcast
I/ActivityManager(  366): Delay finish: com.android.providers.calendar/.CalendarProviderBroadcastReceiver
I/ActivityManager(  366): Resuming delayed broadcast
D/dalvikvm(  957): GC_CONCURRENT freed 225K, 10% free 2890K/3184K, paused 4ms+2ms, total 88ms
D/dalvikvm(  366): GC_CONCURRENT freed 717K, 54% free 5769K/12520K, paused 5ms+5ms, total 240ms
V/AlarmClock(  953): AlarmInitReceiver android.intent.action.TIME_SET
I/AlarmClock(  953): Displaying next alarm time: ''
V/AlarmClock(  953): AlarmInitReceiver finished
I/GlobalDismissManager(  933): no sender configured
D/AlertService(  933): Beginning updateAlertNotification
D/AlertService(  933): No fired or scheduled alerts
D/AlertService(  933): Scheduling next alarm with AlarmScheduler. sEventReminderReceived: null
D/AlarmScheduler(  933): No events found starting within 1 week.
I/InputReader(  366): Reconfiguring input devices.  changes=0x00000010
I/InputReader(  366): Reconfiguring input devices.  changes=0x00000010
I/InputReader(  366): Reconfiguring input devices.  changes=0x00000010
I/PackageManager(  366):   Action: "android.intent.action.SENDTO"
I/PackageManager(  366):   Category: "android.intent.category.DEFAULT"
I/PackageManager(  366):   Scheme: "sms"
I/PackageManager(  366):   Action: "android.intent.action.SENDTO"
I/PackageManager(  366):   Category: "android.intent.category.DEFAULT"
I/PackageManager(  366):   Scheme: "smsto"
I/PackageManager(  366):   Action: "android.intent.action.SENDTO"
I/PackageManager(  366):   Category: "android.intent.category.DEFAULT"
I/PackageManager(  366):   Scheme: "mms"
I/PackageManager(  366):   Action: "android.intent.action.SENDTO"
I/PackageManager(  366):   Category: "android.intent.category.DEFAULT"
I/PackageManager(  366):   Scheme: "mmsto"
D/dalvikvm(  594): GC_CONCURRENT freed 269K, 12% free 3483K/3932K, paused 13ms+21ms, total 73ms
I/PackageManager(  366):   Action: "android.intent.action.SENDTO"
I/PackageManager(  366):   Category: "android.intent.category.DEFAULT"
I/PackageManager(  366):   Scheme: "sms"
I/PackageManager(  366):   Action: "android.intent.action.SENDTO"
I/PackageManager(  366):   Category: "android.intent.category.DEFAULT"
I/PackageManager(  366):   Scheme: "smsto"
D/dalvikvm(  366): GC_CONCURRENT freed 774K, 54% free 5765K/12520K, paused 7ms+15ms, total 144ms
D/dalvikvm(  366): WAIT_FOR_CONCURRENT_GC blocked 56ms
I/PackageManager(  366):   Action: "android.intent.action.SENDTO"
I/PackageManager(  366):   Category: "android.intent.category.DEFAULT"
I/PackageManager(  366):   Scheme: "mms"
I/PackageManager(  366):   Action: "android.intent.action.SENDTO"
I/PackageManager(  366):   Category: "android.intent.category.DEFAULT"
I/PackageManager(  366):   Scheme: "mmsto"
I/PackageManager(  366):   Action: "android.intent.action.SENDTO"
I/PackageManager(  366):   Category: "android.intent.category.DEFAULT"
I/PackageManager(  366):   Scheme: "sms"
I/PackageManager(  366):   Action: "android.intent.action.SENDTO"
I/PackageManager(  366):   Category: "android.intent.category.DEFAULT"
I/PackageManager(  366):   Scheme: "smsto"
I/PackageManager(  366):   Action: "android.intent.action.SENDTO"
I/PackageManager(  366):   Category: "android.intent.category.DEFAULT"
I/PackageManager(  366):   Scheme: "mms"
I/PackageManager(  366):   Action: "android.intent.action.SENDTO"
I/PackageManager(  366):   Category: "android.intent.category.DEFAULT"
I/PackageManager(  366):   Scheme: "mmsto"
D/dalvikvm(  594): GC_CONCURRENT freed 579K, 15% free 3439K/4012K, paused 5ms+2ms, total 110ms
I/PackageManager(  366):   Action: "android.intent.action.SENDTO"
I/PackageManager(  366):   Category: "android.intent.category.DEFAULT"
I/PackageManager(  366):   Scheme: "sms"
D/dalvikvm(  366): GC_CONCURRENT freed 751K, 54% free 5783K/12520K, paused 7ms+5ms, total 119ms
D/dalvikvm(  366): WAIT_FOR_CONCURRENT_GC blocked 43ms
I/PackageManager(  366):   Action: "android.intent.action.SENDTO"
I/PackageManager(  366):   Category: "android.intent.category.DEFAULT"
I/PackageManager(  366):   Scheme: "smsto"
I/PackageManager(  366):   Action: "android.intent.action.SENDTO"
I/PackageManager(  366):   Category: "android.intent.category.DEFAULT"
I/PackageManager(  366):   Scheme: "mms"
I/PackageManager(  366):   Action: "android.intent.action.SENDTO"
I/PackageManager(  366):   Category: "android.intent.category.DEFAULT"
I/PackageManager(  366):   Scheme: "mmsto"
I/PackageManager(  366):   Action: "android.intent.action.SENDTO"
I/PackageManager(  366):   Category: "android.intent.category.DEFAULT"
I/PackageManager(  366):   Scheme: "sms"
I/PackageManager(  366):   Action: "android.intent.action.SENDTO"
I/PackageManager(  366):   Category: "android.intent.category.DEFAULT"
I/PackageManager(  366):   Scheme: "smsto"
D/dalvikvm(  594): GC_CONCURRENT freed 550K, 17% free 3347K/4012K, paused 4ms+2ms, total 51ms
I/PackageManager(  366):   Action: "android.intent.action.SENDTO"
I/PackageManager(  366):   Category: "android.intent.category.DEFAULT"
I/PackageManager(  366):   Scheme: "mms"
I/PackageManager(  366):   Action: "android.intent.action.SENDTO"
I/PackageManager(  366):   Category: "android.intent.category.DEFAULT"
I/PackageManager(  366):   Scheme: "mmsto"
D/dalvikvm(  366): GC_CONCURRENT freed 720K, 54% free 5767K/12520K, paused 7ms+5ms, total 77ms
I/PackageManager(  366):   Action: "android.intent.action.SENDTO"
I/PackageManager(  366):   Category: "android.intent.category.DEFAULT"
I/PackageManager(  366):   Scheme: "sms"
I/PackageManager(  366):   Action: "android.intent.action.SENDTO"
I/PackageManager(  366):   Category: "android.intent.category.DEFAULT"
I/PackageManager(  366):   Scheme: "smsto"
I/PackageManager(  366):   Action: "android.intent.action.SENDTO"
I/PackageManager(  366):   Category: "android.intent.category.DEFAULT"
I/PackageManager(  366):   Scheme: "mms"
I/PackageManager(  366):   Action: "android.intent.action.SENDTO"
I/PackageManager(  366):   Category: "android.intent.category.DEFAULT"
I/PackageManager(  366):   Scheme: "mmsto"
D/dalvikvm(  594): GC_CONCURRENT freed 409K, 14% free 3458K/4012K, paused 4ms+2ms, total 67ms
D/AndroidRuntime( 1139): 
D/AndroidRuntime( 1139): >>>>>> AndroidRuntime START com.android.internal.os.RuntimeInit <<<<<<
D/AndroidRuntime( 1139): CheckJNI is ON
D/dalvikvm( 1139): Trying to load lib libjavacore.so 0x0
D/dalvikvm( 1139): Added shared lib libjavacore.so 0x0
D/dalvikvm( 1139): Trying to load lib libnativehelper.so 0x0
D/dalvikvm( 1139): Added shared lib libnativehelper.so 0x0
D/dalvikvm( 1139): No JNI_OnLoad found in libnativehelper.so 0x0, skipping init
D/dalvikvm( 1139): Note: class Landroid/app/ActivityManagerNative; has 179 unimplemented (abstract) methods
E/memtrack( 1139): Couldn't load memtrack module (No such file or directory)
E/android.os.Debug( 1139): failed to load memtrack module: -2
D/AndroidRuntime( 1139): Calling main entry com.android.commands.am.Am
D/gralloc (   58): Registering a buffer in the process that created it. This may cause memory ordering problems.
E/libEGL  (   58): called unimplemented OpenGL ES API
E/libEGL  (   58): called unimplemented OpenGL ES API
E/libEGL  (   58): called unimplemented OpenGL ES API
E/libEGL  (   58): called unimplemented OpenGL ES API
E/SurfaceFlinger(   58): glCheckFramebufferStatusOES error 153191099
E/SurfaceFlinger(   58): got GL_FRAMEBUFFER_COMPLETE_OES error while taking screenshot
E/libEGL  (   58): called unimplemented OpenGL ES API
E/libEGL  (   58): called unimplemented OpenGL ES API
I/dalvikvm( 1151): CheckJNI enabled: not enabling JNI app bug workarounds.
D/dalvikvm(  366): GC_CONCURRENT freed 691K, 54% free 5760K/12520K, paused 6ms+17ms, total 517ms
D/gralloc (   58): Registering a buffer in the process that created it. This may cause memory ordering problems.
E/libEGL  (   58): called unimplemented OpenGL ES API
E/libEGL  (   58): called unimplemented OpenGL ES API
E/libEGL  (   58): called unimplemented OpenGL ES API
E/libEGL  (   58): called unimplemented OpenGL ES API
E/SurfaceFlinger(   58): glCheckFramebufferStatusOES error 153191099
E/SurfaceFlinger(   58): got GL_FRAMEBUFFER_COMPLETE_OES error while taking screenshot
E/libEGL  (   58): called unimplemented OpenGL ES API
E/libEGL  (   58): called unimplemented OpenGL ES API
I/InputReader(  366): Reconfiguring input devices.  changes=0x00000004
I/InputReader(  366): Device reconfigured: id=0, name='qwerty2', size 480x864, orientation 1, mode 1, display id 0
D/PhoneStatusBar(  442): mSettingsPanelGravity = 55
I/Choreographer(  442): Skipped 88 frames!  The application may be doing too much work on its main thread.
V/PhoneStatusBar(  442): setLightsOn(true)
D/dalvikvm(  442): GC_FOR_ALLOC freed 3097K, 48% free 3574K/6764K, paused 181ms, total 192ms
I/dalvikvm-heap(  442): Grow heap (frag case) to 6.480MB for 3072016-byte allocation
D/dalvikvm(  442): GC_CONCURRENT freed 7K, 3% free 6566K/6764K, paused 4ms+2ms, total 75ms
D/dalvikvm( 1151): GC_FOR_ALLOC freed 72K, 5% free 2912K/3056K, paused 90ms, total 92ms
D/dalvikvm( 1151): GC_CONCURRENT freed 40K, 4% free 3266K/3388K, paused 20ms+3ms, total 83ms
D/dalvikvm( 1151): GC_CONCURRENT freed 108K, 6% free 3602K/3816K, paused 4ms+2ms, total 23ms
D/dalvikvm( 1151): WAIT_FOR_CONCURRENT_GC blocked 19ms
I/Choreographer(  442): Skipped 358 frames!  The application may be doing too much work on its main thread.
V/WebViewChromiumFactoryProvider( 1151): Binding Chromium to main looper Looper (main, tid 1) {b2d4df80}
I/LibraryLoader( 1151): Expected native library version number "",actual native library version number ""
I/chromium( 1151): [INFO:library_loader_hooks.cc(116)] Chromium logging enabled: level = 0, default verbosity = 0
I/BrowserStartupController( 1151): Initializing chromium process, renderers=0
D/dalvikvm( 1151): GC_CONCURRENT freed 91K, 4% free 3896K/4056K, paused 3ms+12ms, total 54ms
E/AudioManagerAndroid( 1151): BLUETOOTH permission is missing!
E/chromium( 1151): [ERROR:gl_surface_egl.cc(169)] No suitable EGL configs found.
E/chromium( 1151): [ERROR:gl_surface_egl.cc(702)] GLSurfaceEGL::InitializeOneOff failed.
E/chromium( 1151): [ERROR:gl_surface_egl.cc(169)] No suitable EGL configs found.
E/chromium( 1151): [ERROR:gl_surface_egl.cc(702)] GLSurfaceEGL::InitializeOneOff failed.
E/chromium( 1151): [ERROR:gpu_info_collector.cc(86)] gfx::GLSurface::InitializeOneOff() failed
E/chromium( 1151): [ERROR:gl_surface_egl.cc(169)] No suitable EGL configs found.
E/chromium( 1151): [ERROR:gl_surface_egl.cc(702)] GLSurfaceEGL::InitializeOneOff failed.
W/chromium( 1151): [WARNING:mailbox_synchronizer.cc(36)] MailboxSync not supported due to missing EGL image/fence support
W/chromium( 1151): [WARNING:proxy_service.cc(890)] PAC support disabled because there is no system implementation
I/Choreographer( 1151): Skipped 50 frames!  The application may be doing too much work on its main thread.
D/gralloc_goldfish( 1151): Emulator without GPU emulation detected.
D/dalvikvm( 1151): GC_EXPLICIT freed 68K, 4% free 3925K/4076K, paused 72ms+81ms, total 248ms
D/        (  366): Setting time of day to sec=1545783000
I/ActivityManager(  366): Displayed com.herocraft.game.scrubs.freemium/com.herocraft.sdk.android.Application: +4s567ms
D/AndroidRuntime( 1139): Shutting down VM
I/System.out( 1151): initWH 864 480
I/System.out( 1151): >>>>>>>>>>> HCLib.init
D/dalvikvm( 1139): GC_CONCURRENT freed 99K, 15% free 589K/692K, paused 2ms+1ms, total 22ms
I/WindowManager(  366): Screen frozen for +4s488ms due to Window{b35f8e80 u0 com.herocraft.game.scrubs.freemium/com.herocraft.sdk.android.Application}
W/IInputConnectionWrapper(  680): showStatusIcon on inactive InputConnection
D/dalvikvm( 1151): GC_CONCURRENT freed 252K, 8% free 4188K/4508K, paused 166ms+23ms, total 488ms
D/dalvikvm( 1151): WAIT_FOR_CONCURRENT_GC blocked 322ms
I/Choreographer(  366): Skipped 30 frames!  The application may be doing too much work on its main thread.
I/Choreographer(  366): Skipped 43 frames!  The application may be doing too much work on its main thread.
I/Choreographer(  366): Skipped 42 frames!  The application may be doing too much work on its main thread.
D/dalvikvm( 1151): GC_CONCURRENT freed 238K, 7% free 4462K/4768K, paused 4ms+5ms, total 68ms
D/dalvikvm( 1151): WAIT_FOR_CONCURRENT_GC blocked 10ms
D/dalvikvm( 1151): GC_CONCURRENT freed 1482K, 31% free 3570K/5120K, paused 11ms+2ms, total 37ms
D/dalvikvm( 1151): WAIT_FOR_CONCURRENT_GC blocked 15ms
D/dalvikvm( 1151): GC_CONCURRENT freed 512K, 31% free 3576K/5120K, paused 4ms+2ms, total 30ms
D/dalvikvm( 1151): WAIT_FOR_CONCURRENT_GC blocked 18ms
I/System.out( 1151): >>>>>>>>>>> ServerAd.init
D/dalvikvm( 1151): GC_CONCURRENT freed 462K, 30% free 3625K/5120K, paused 19ms+2ms, total 44ms
D/dalvikvm( 1151): WAIT_FOR_CONCURRENT_GC blocked 27ms
D/dalvikvm( 1151): WAIT_FOR_CONCURRENT_GC blocked 37ms
D/dalvikvm( 1151): GC_FOR_ALLOC freed 508K, 30% free 3629K/5120K, paused 26ms, total 26ms
D/dalvikvm( 1151): GC_CONCURRENT freed 504K, 29% free 3636K/5120K, paused 63ms+8ms, total 110ms
D/dalvikvm( 1151): WAIT_FOR_CONCURRENT_GC blocked 20ms
D/dalvikvm( 1151): WAIT_FOR_CONCURRENT_GC blocked 22ms
D/dalvikvm(  366): GC_EXPLICIT freed 93K, 55% free 5747K/12520K, paused 5ms+6ms, total 154ms
D/dalvikvm( 1151): GC_CONCURRENT freed 491K, 29% free 3657K/5120K, paused 41ms+2ms, total 96ms
D/dalvikvm( 1151): WAIT_FOR_CONCURRENT_GC blocked 55ms
D/dalvikvm( 1151): WAIT_FOR_CONCURRENT_GC blocked 59ms
D/dalvikvm( 1151): WAIT_FOR_CONCURRENT_GC blocked 69ms
D/dalvikvm( 1151): WAIT_FOR_CONCURRENT_GC blocked 36ms
D/dalvikvm( 1151): GC_FOR_ALLOC freed 549K, 30% free 3619K/5120K, paused 27ms, total 28ms
D/dalvikvm( 1151): GC_CONCURRENT freed 508K, 30% free 3622K/5120K, paused 4ms+2ms, total 70ms
D/dalvikvm( 1151): WAIT_FOR_CONCURRENT_GC blocked 45ms
D/dalvikvm( 1151): WAIT_FOR_CONCURRENT_GC blocked 50ms
D/dalvikvm( 1151): GC_FOR_ALLOC freed 515K, 30% free 3619K/5120K, paused 26ms, total 26ms
D/dalvikvm( 1151): WAIT_FOR_CONCURRENT_GC blocked 75ms
D/dalvikvm( 1151): GC_CONCURRENT freed 508K, 30% free 3622K/5120K, paused 4ms+2ms, total 29ms
D/dalvikvm( 1151): WAIT_FOR_CONCURRENT_GC blocked 21ms
D/dalvikvm( 1151): WAIT_FOR_CONCURRENT_GC blocked 29ms
D/dalvikvm( 1151): GC_FOR_ALLOC freed 512K, 30% free 3621K/5120K, paused 26ms, total 26ms
D/dalvikvm( 1151): GC_CONCURRENT freed 508K, 30% free 3625K/5120K, paused 4ms+3ms, total 42ms
D/dalvikvm( 1151): WAIT_FOR_CONCURRENT_GC blocked 18ms
D/dalvikvm( 1151): GC_FOR_ALLOC freed 517K, 30% free 3618K/5120K, paused 24ms, total 24ms
D/dalvikvm( 1151): WAIT_FOR_CONCURRENT_GC blocked 50ms
D/dalvikvm( 1151): GC_CONCURRENT freed 505K, 30% free 3625K/5120K, paused 5ms+2ms, total 29ms
D/dalvikvm( 1151): WAIT_FOR_CONCURRENT_GC blocked 20ms
D/dalvikvm( 1151): GC_FOR_ALLOC freed 514K, 30% free 3620K/5120K, paused 23ms, total 23ms
D/dalvikvm( 1151): WAIT_FOR_CONCURRENT_GC blocked 52ms
D/dalvikvm( 1151): GC_CONCURRENT freed 502K, 30% free 3629K/5120K, paused 4ms+2ms, total 27ms
D/dalvikvm( 1151): WAIT_FOR_CONCURRENT_GC blocked 19ms
D/dalvikvm( 1151): WAIT_FOR_CONCURRENT_GC blocked 19ms
D/dalvikvm( 1151): GC_CONCURRENT freed 427K, 28% free 3713K/5120K, paused 4ms+2ms, total 32ms
D/dalvikvm( 1151): WAIT_FOR_CONCURRENT_GC blocked 23ms
D/dalvikvm( 1151): WAIT_FOR_CONCURRENT_GC blocked 29ms
D/dalvikvm( 1151): GC_FOR_ALLOC freed 513K, 28% free 3712K/5120K, paused 28ms, total 29ms
D/dalvikvm( 1151): GC_CONCURRENT freed 508K, 28% free 3714K/5120K, paused 4ms+2ms, total 31ms
D/dalvikvm( 1151): WAIT_FOR_CONCURRENT_GC blocked 22ms
D/dalvikvm( 1151): WAIT_FOR_CONCURRENT_GC blocked 28ms
D/dalvikvm( 1151): GC_FOR_ALLOC freed 489K, 28% free 3735K/5120K, paused 25ms, total 25ms
D/dalvikvm( 1151): GC_CONCURRENT freed 480K, 27% free 3766K/5120K, paused 5ms+7ms, total 46ms
D/dalvikvm( 1151): WAIT_FOR_CONCURRENT_GC blocked 28ms
D/dalvikvm( 1151): GC_FOR_ALLOC freed 518K, 27% free 3758K/5120K, paused 24ms, total 25ms
D/dalvikvm( 1151): WAIT_FOR_CONCURRENT_GC blocked 59ms
D/dalvikvm( 1151): GC_CONCURRENT freed 434K, 26% free 3836K/5120K, paused 4ms+2ms, total 27ms
D/dalvikvm( 1151): WAIT_FOR_CONCURRENT_GC blocked 19ms
D/dalvikvm( 1151): GC_FOR_ALLOC freed 527K, 26% free 3820K/5120K, paused 23ms, total 23ms
D/dalvikvm( 1151): WAIT_FOR_CONCURRENT_GC blocked 48ms
D/dalvikvm( 1151): GC_CONCURRENT freed 494K, 26% free 3838K/5120K, paused 4ms+2ms, total 28ms
D/dalvikvm( 1151): WAIT_FOR_CONCURRENT_GC blocked 19ms
D/dalvikvm( 1151): GC_FOR_ALLOC freed 525K, 26% free 3823K/5120K, paused 24ms, total 24ms
D/dalvikvm( 1151): WAIT_FOR_CONCURRENT_GC blocked 48ms
D/dalvikvm( 1151): GC_CONCURRENT freed 487K, 25% free 3848K/5120K, paused 3ms+2ms, total 27ms
D/dalvikvm( 1151): WAIT_FOR_CONCURRENT_GC blocked 19ms
D/dalvikvm( 1151): WAIT_FOR_CONCURRENT_GC blocked 19ms
D/dalvikvm( 1151): GC_CONCURRENT freed 493K, 25% free 3865K/5120K, paused 4ms+2ms, total 28ms
D/dalvikvm( 1151): WAIT_FOR_CONCURRENT_GC blocked 19ms
D/dalvikvm( 1151): WAIT_FOR_CONCURRENT_GC blocked 19ms
D/dalvikvm( 1151): GC_CONCURRENT freed 502K, 25% free 3875K/5120K, paused 4ms+3ms, total 29ms
D/dalvikvm( 1151): WAIT_FOR_CONCURRENT_GC blocked 20ms
D/dalvikvm( 1151): GC_FOR_ALLOC freed 515K, 25% free 3868K/5120K, paused 25ms, total 25ms
D/dalvikvm( 1151): WAIT_FOR_CONCURRENT_GC blocked 48ms
D/dalvikvm( 1151): GC_CONCURRENT freed 496K, 25% free 3883K/5120K, paused 5ms+2ms, total 30ms
D/dalvikvm( 1151): WAIT_FOR_CONCURRENT_GC blocked 21ms
D/dalvikvm( 1151): GC_FOR_ALLOC freed 521K, 25% free 3873K/5120K, paused 22ms, total 22ms
D/dalvikvm( 1151): WAIT_FOR_CONCURRENT_GC blocked 47ms
D/dalvikvm( 1151): GC_CONCURRENT freed 493K, 24% free 3891K/5120K, paused 4ms+2ms, total 29ms
D/dalvikvm( 1151): WAIT_FOR_CONCURRENT_GC blocked 20ms
D/dalvikvm( 1151): GC_FOR_ALLOC freed 518K, 25% free 3883K/5120K, paused 22ms, total 22ms
D/dalvikvm( 1151): WAIT_FOR_CONCURRENT_GC blocked 46ms
D/dalvikvm( 1151): GC_CONCURRENT freed 495K, 24% free 3900K/5120K, paused 4ms+1ms, total 27ms
D/dalvikvm( 1151): WAIT_FOR_CONCURRENT_GC blocked 18ms
D/dalvikvm( 1151): WAIT_FOR_CONCURRENT_GC blocked 18ms
D/dalvikvm( 1151): GC_CONCURRENT freed 487K, 24% free 3924K/5120K, paused 5ms+2ms, total 45ms
D/dalvikvm( 1151): WAIT_FOR_CONCURRENT_GC blocked 28ms
D/dalvikvm( 1151): WAIT_FOR_CONCURRENT_GC blocked 24ms
D/dalvikvm( 1151): GC_CONCURRENT freed 489K, 23% free 3947K/5120K, paused 4ms+3ms, total 31ms
D/dalvikvm( 1151): WAIT_FOR_CONCURRENT_GC blocked 21ms
D/dalvikvm( 1151): GC_FOR_ALLOC freed 530K, 24% free 3926K/5120K, paused 22ms, total 23ms
D/dalvikvm( 1151): WAIT_FOR_CONCURRENT_GC blocked 45ms
D/dalvikvm( 1151): GC_CONCURRENT freed 486K, 23% free 3951K/5120K, paused 4ms+2ms, total 31ms
D/dalvikvm( 1151): WAIT_FOR_CONCURRENT_GC blocked 21ms
D/dalvikvm( 1151): GC_FOR_ALLOC freed 530K, 24% free 3930K/5120K, paused 22ms, total 22ms
D/dalvikvm( 1151): WAIT_FOR_CONCURRENT_GC blocked 46ms
D/dalvikvm( 1151): GC_CONCURRENT freed 485K, 23% free 3956K/5120K, paused 3ms+2ms, total 33ms
D/dalvikvm( 1151): WAIT_FOR_CONCURRENT_GC blocked 21ms
D/dalvikvm( 1151): GC_FOR_ALLOC freed 524K, 23% free 3942K/5120K, paused 22ms, total 22ms
D/dalvikvm( 1151): WAIT_FOR_CONCURRENT_GC blocked 42ms
D/dalvikvm( 1151): GC_CONCURRENT freed 494K, 23% free 3960K/5120K, paused 3ms+3ms, total 31ms
D/dalvikvm( 1151): WAIT_FOR_CONCURRENT_GC blocked 24ms
D/dalvikvm( 1151): GC_FOR_ALLOC freed 519K, 23% free 3948K/5120K, paused 22ms, total 22ms
D/dalvikvm( 1151): WAIT_FOR_CONCURRENT_GC blocked 44ms
D/dalvikvm( 1151): GC_CONCURRENT freed 487K, 23% free 3973K/5120K, paused 4ms+2ms, total 28ms
D/dalvikvm( 1151): WAIT_FOR_CONCURRENT_GC blocked 20ms
D/dalvikvm( 1151): WAIT_FOR_CONCURRENT_GC blocked 19ms
D/dalvikvm( 1151): GC_CONCURRENT freed 503K, 23% free 3981K/5120K, paused 4ms+2ms, total 31ms
D/dalvikvm( 1151): WAIT_FOR_CONCURRENT_GC blocked 22ms
D/dalvikvm( 1151): GC_FOR_ALLOC freed 522K, 23% free 3969K/5120K, paused 24ms, total 24ms
D/dalvikvm( 1151): WAIT_FOR_CONCURRENT_GC blocked 48ms
D/dalvikvm( 1151): GC_CONCURRENT freed 485K, 22% free 3996K/5120K, paused 4ms+2ms, total 31ms
D/dalvikvm( 1151): WAIT_FOR_CONCURRENT_GC blocked 22ms
D/dalvikvm( 1151): GC_FOR_ALLOC freed 523K, 23% free 3981K/5120K, paused 23ms, total 23ms
D/dalvikvm( 1151): WAIT_FOR_CONCURRENT_GC blocked 46ms
D/dalvikvm( 1151): GC_CONCURRENT freed 487K, 22% free 4005K/5120K, paused 4ms+3ms, total 32ms
D/dalvikvm( 1151): WAIT_FOR_CONCURRENT_GC blocked 24ms
D/dalvikvm( 1151): GC_FOR_ALLOC freed 531K, 23% free 3983K/5120K, paused 23ms, total 23ms
D/dalvikvm( 1151): WAIT_FOR_CONCURRENT_GC blocked 44ms
D/dalvikvm( 1151): GC_CONCURRENT freed 486K, 22% free 4008K/5120K, paused 4ms+2ms, total 27ms
D/dalvikvm( 1151): WAIT_FOR_CONCURRENT_GC blocked 18ms
D/dalvikvm( 1151): WAIT_FOR_CONCURRENT_GC blocked 19ms
D/dalvikvm( 1151): GC_CONCURRENT freed 496K, 22% free 4023K/5120K, paused 5ms+3ms, total 43ms
D/dalvikvm( 1151): WAIT_FOR_CONCURRENT_GC blocked 22ms
D/dalvikvm( 1151): GC_FOR_ALLOC freed 518K, 22% free 4011K/5120K, paused 23ms, total 24ms
D/dalvikvm( 1151): WAIT_FOR_CONCURRENT_GC blocked 47ms
D/dalvikvm( 1151): GC_CONCURRENT freed 484K, 22% free 4039K/5120K, paused 4ms+2ms, total 29ms
D/dalvikvm( 1151): WAIT_FOR_CONCURRENT_GC blocked 20ms
D/dalvikvm( 1151): GC_FOR_ALLOC freed 536K, 22% free 4012K/5120K, paused 22ms, total 22ms
D/dalvikvm( 1151): WAIT_FOR_CONCURRENT_GC blocked 44ms
D/dalvikvm( 1151): GC_CONCURRENT freed 477K, 21% free 4047K/5120K, paused 4ms+2ms, total 31ms
D/dalvikvm( 1151): WAIT_FOR_CONCURRENT_GC blocked 22ms
D/dalvikvm( 1151): GC_FOR_ALLOC freed 529K, 22% free 4025K/5120K, paused 23ms, total 23ms
D/dalvikvm( 1151): WAIT_FOR_CONCURRENT_GC blocked 47ms
D/dalvikvm( 1151): GC_CONCURRENT freed 486K, 21% free 4051K/5120K, paused 6ms+3ms, total 52ms
D/dalvikvm( 1151): WAIT_FOR_CONCURRENT_GC blocked 43ms
D/dalvikvm( 1151): GC_FOR_ALLOC freed 526K, 22% free 4031K/5120K, paused 23ms, total 24ms
D/dalvikvm( 1151): WAIT_FOR_CONCURRENT_GC blocked 57ms
D/dalvikvm( 1151): GC_CONCURRENT freed 481K, 21% free 4062K/5120K, paused 3ms+15ms, total 41ms
D/dalvikvm( 1151): WAIT_FOR_CONCURRENT_GC blocked 32ms
D/dalvikvm( 1151): GC_FOR_ALLOC freed 530K, 22% free 4039K/5120K, paused 44ms, total 44ms
D/dalvikvm( 1151): WAIT_FOR_CONCURRENT_GC blocked 81ms
D/dalvikvm( 1151): GC_CONCURRENT freed 482K, 21% free 4069K/5120K, paused 3ms+3ms, total 30ms
D/dalvikvm( 1151): WAIT_FOR_CONCURRENT_GC blocked 24ms
D/dalvikvm( 1151): GC_FOR_ALLOC freed 525K, 21% free 4050K/5120K, paused 23ms, total 24ms
D/dalvikvm( 1151): WAIT_FOR_CONCURRENT_GC blocked 49ms
D/dalvikvm( 1151): GC_CONCURRENT freed 484K, 21% free 4077K/5120K, paused 4ms+3ms, total 33ms
D/dalvikvm( 1151): WAIT_FOR_CONCURRENT_GC blocked 24ms
D/dalvikvm( 1151): GC_FOR_ALLOC freed 521K, 21% free 4065K/5120K, paused 24ms, total 24ms
D/dalvikvm( 1151): WAIT_FOR_CONCURRENT_GC blocked 49ms
D/dalvikvm( 1151): GC_CONCURRENT freed 475K, 20% free 4101K/5120K, paused 4ms+3ms, total 35ms
D/dalvikvm( 1151): WAIT_FOR_CONCURRENT_GC blocked 27ms
D/dalvikvm( 1151): WAIT_FOR_CONCURRENT_GC blocked 23ms
D/dalvikvm( 1151): GC_FOR_ALLOC freed 515K, 20% free 4097K/5120K, paused 28ms, total 28ms
D/dalvikvm( 1151): GC_CONCURRENT freed 491K, 20% free 4117K/5120K, paused 4ms+3ms, total 46ms
D/dalvikvm( 1151): WAIT_FOR_CONCURRENT_GC blocked 23ms
D/dalvikvm( 1151): GC_FOR_ALLOC freed 526K, 20% free 4102K/5120K, paused 24ms, total 24ms
D/dalvikvm( 1151): WAIT_FOR_CONCURRENT_GC blocked 44ms
D/dalvikvm( 1151): GC_CONCURRENT freed 478K, 20% free 4136K/5120K, paused 4ms+2ms, total 38ms
D/dalvikvm( 1151): WAIT_FOR_CONCURRENT_GC blocked 29ms
D/dalvikvm( 1151): WAIT_FOR_CONCURRENT_GC blocked 21ms
D/dalvikvm( 1151): GC_CONCURRENT freed 482K, 19% free 4165K/5120K, paused 4ms+2ms, total 36ms
D/dalvikvm( 1151): WAIT_FOR_CONCURRENT_GC blocked 27ms
D/dalvikvm( 1151): WAIT_FOR_CONCURRENT_GC blocked 25ms
D/dalvikvm( 1151): GC_CONCURRENT freed 501K, 19% free 4175K/5120K, paused 5ms+2ms, total 60ms
D/dalvikvm( 1151): WAIT_FOR_CONCURRENT_GC blocked 20ms
D/dalvikvm( 1151): GC_FOR_ALLOC freed 520K, 19% free 4165K/5120K, paused 25ms, total 25ms
D/dalvikvm( 1151): WAIT_FOR_CONCURRENT_GC blocked 48ms
D/dalvikvm( 1151): GC_CONCURRENT freed 479K, 19% free 4198K/5120K, paused 4ms+1ms, total 28ms
D/dalvikvm( 1151): WAIT_FOR_CONCURRENT_GC blocked 19ms
D/dalvikvm( 1151): WAIT_FOR_CONCURRENT_GC blocked 20ms
D/dalvikvm( 1151): GC_CONCURRENT freed 497K, 18% free 4212K/5120K, paused 5ms+2ms, total 33ms
D/dalvikvm( 1151): WAIT_FOR_CONCURRENT_GC blocked 23ms
D/dalvikvm( 1151): GC_FOR_ALLOC freed 532K, 19% free 4186K/5120K, paused 29ms, total 29ms
D/dalvikvm( 1151): WAIT_FOR_CONCURRENT_GC blocked 53ms
D/dalvikvm( 1151): GC_CONCURRENT freed 490K, 18% free 4208K/5120K, paused 5ms+3ms, total 34ms
D/dalvikvm( 1151): WAIT_FOR_CONCURRENT_GC blocked 27ms
D/dalvikvm( 1151): WAIT_FOR_CONCURRENT_GC blocked 25ms
D/dalvikvm( 1151): GC_CONCURRENT freed 498K, 18% free 4221K/5120K, paused 4ms+2ms, total 42ms
D/dalvikvm( 1151): WAIT_FOR_CONCURRENT_GC blocked 22ms
D/dalvikvm( 1151): GC_FOR_ALLOC freed 527K, 18% free 4198K/5120K, paused 24ms, total 25ms
D/dalvikvm( 1151): WAIT_FOR_CONCURRENT_GC blocked 47ms
D/dalvikvm( 1151): GC_CONCURRENT freed 482K, 18% free 4227K/5120K, paused 4ms+3ms, total 35ms
D/dalvikvm( 1151): WAIT_FOR_CONCURRENT_GC blocked 26ms
D/dalvikvm( 1151): GC_FOR_ALLOC freed 534K, 18% free 4204K/5120K, paused 24ms, total 25ms
D/dalvikvm( 1151): WAIT_FOR_CONCURRENT_GC blocked 48ms
D/dalvikvm( 1151): GC_CONCURRENT freed 478K, 18% free 4238K/5120K, paused 4ms+3ms, total 35ms
D/dalvikvm( 1151): WAIT_FOR_CONCURRENT_GC blocked 25ms
D/dalvikvm( 1151): GC_FOR_ALLOC freed 534K, 18% free 4212K/5120K, paused 25ms, total 25ms
D/dalvikvm( 1151): WAIT_FOR_CONCURRENT_GC blocked 50ms
D/dalvikvm( 1151): GC_CONCURRENT freed 490K, 18% free 4233K/5120K, paused 4ms+4ms, total 34ms
D/dalvikvm( 1151): WAIT_FOR_CONCURRENT_GC blocked 26ms
D/dalvikvm( 1151): WAIT_FOR_CONCURRENT_GC blocked 28ms
D/dalvikvm( 1151): GC_FOR_ALLOC freed 527K, 18% free 4218K/5120K, paused 58ms, total 58ms
D/dalvikvm( 1151): GC_CONCURRENT freed 493K, 18% free 4236K/5120K, paused 4ms+4ms, total 41ms
D/dalvikvm( 1151): WAIT_FOR_CONCURRENT_GC blocked 34ms
D/dalvikvm( 1151): GC_FOR_ALLOC freed 525K, 18% free 4220K/5120K, paused 26ms, total 26ms
D/dalvikvm( 1151): WAIT_FOR_CONCURRENT_GC blocked 55ms
D/dalvikvm( 1151): GC_CONCURRENT freed 481K, 17% free 4250K/5120K, paused 4ms+3ms, total 34ms
D/dalvikvm( 1151): WAIT_FOR_CONCURRENT_GC blocked 25ms
D/dalvikvm( 1151): GC_FOR_ALLOC freed 539K, 18% free 4227K/5120K, paused 24ms, total 25ms
D/dalvikvm( 1151): WAIT_FOR_CONCURRENT_GC blocked 50ms
D/dalvikvm( 1151): GC_CONCURRENT freed 493K, 18% free 4245K/5120K, paused 4ms+4ms, total 33ms
D/dalvikvm( 1151): WAIT_FOR_CONCURRENT_GC blocked 24ms
D/dalvikvm( 1151): GC_FOR_ALLOC freed 528K, 18% free 4231K/5120K, paused 25ms, total 26ms
D/dalvikvm( 1151): WAIT_FOR_CONCURRENT_GC blocked 52ms
D/dalvikvm( 1151): GC_FOR_ALLOC freed 14K, 18% free 4238K/5120K, paused 30ms, total 31ms
I/dalvikvm-heap( 1151): Grow heap (frag case) to 5.301MB for 1151716-byte allocation
D/dalvikvm( 1151): GC_FOR_ALLOC freed 6K, 15% free 5356K/6248K, paused 49ms, total 49ms
D/dalvikvm( 1151): GC_CONCURRENT freed 789K, 15% free 5374K/6308K, paused 5ms+2ms, total 85ms
D/dalvikvm( 1151): WAIT_FOR_CONCURRENT_GC blocked 72ms
D/dalvikvm( 1151): GC_FOR_ALLOC freed 830K, 16% free 5353K/6336K, paused 25ms, total 25ms
D/dalvikvm( 1151): WAIT_FOR_CONCURRENT_GC blocked 42ms
D/dalvikvm( 1151): GC_FOR_ALLOC freed <1K, 15% free 5399K/6336K, paused 31ms, total 31ms
I/dalvikvm-heap( 1151): Grow heap (frag case) to 5.996MB for 691036-byte allocation
D/dalvikvm( 1151): GC_FOR_ALLOC freed 6K, 14% free 6067K/7012K, paused 26ms, total 27ms
D/dalvikvm( 1151): GC_CONCURRENT freed 1016K, 17% free 6088K/7252K, paused 33ms+5ms, total 183ms
D/dalvikvm( 1151): WAIT_FOR_CONCURRENT_GC blocked 237ms
D/dalvikvm( 1151): GC_FOR_ALLOC freed 1085K, 17% free 6057K/7284K, paused 55ms, total 55ms
D/dalvikvm( 1151): GC_CONCURRENT freed 1055K, 17% free 6093K/7284K, paused 5ms+32ms, total 150ms
D/dalvikvm( 1151): WAIT_FOR_CONCURRENT_GC blocked 144ms
D/dalvikvm( 1151): GC_FOR_ALLOC freed 1078K, 17% free 6057K/7292K, paused 53ms, total 53ms
D/dalvikvm( 1151): GC_CONCURRENT freed 1054K, 17% free 6094K/7292K, paused 4ms+5ms, total 122ms
D/dalvikvm( 1151): WAIT_FOR_CONCURRENT_GC blocked 116ms
D/dalvikvm( 1151): GC_CONCURRENT freed 1032K, 17% free 6083K/7292K, paused 4ms+34ms, total 152ms
D/dalvikvm( 1151): WAIT_FOR_CONCURRENT_GC blocked 143ms
D/dalvikvm( 1151): GC_FOR_ALLOC freed 1062K, 17% free 6065K/7292K, paused 53ms, total 53ms
D/InitAlarmsService(  933): Clearing and rescheduling alarms.
D/dalvikvm( 1151): GC_CONCURRENT freed 1054K, 17% free 6091K/7292K, paused 4ms+6ms, total 142ms
D/dalvikvm( 1151): WAIT_FOR_CONCURRENT_GC blocked 140ms
D/dalvikvm( 1151): GC_FOR_ALLOC freed 1065K, 17% free 6065K/7292K, paused 56ms, total 56ms
D/dalvikvm( 1151): GC_CONCURRENT freed 1049K, 17% free 6084K/7292K, paused 6ms+7ms, total 127ms
D/dalvikvm( 1151): WAIT_FOR_CONCURRENT_GC blocked 108ms
D/dalvikvm( 1151): GC_CONCURRENT freed 1059K, 17% free 6093K/7292K, paused 4ms+6ms, total 123ms
D/dalvikvm( 1151): WAIT_FOR_CONCURRENT_GC blocked 116ms
D/dalvikvm( 1151): GC_CONCURRENT freed 1023K, 17% free 6085K/7292K, paused 4ms+5ms, total 124ms
D/dalvikvm( 1151): WAIT_FOR_CONCURRENT_GC blocked 120ms
D/dalvikvm( 1151): GC_FOR_ALLOC freed 1044K, 17% free 6066K/7292K, paused 66ms, total 66ms
D/dalvikvm( 1151): GC_CONCURRENT freed 1042K, 17% free 6098K/7292K, paused 4ms+34ms, total 152ms
D/dalvikvm( 1151): WAIT_FOR_CONCURRENT_GC blocked 140ms
D/dalvikvm( 1151): GC_FOR_ALLOC freed 1063K, 17% free 6066K/7292K, paused 53ms, total 53ms
D/dalvikvm( 1151): GC_CONCURRENT freed 1053K, 17% free 6087K/7292K, paused 4ms+5ms, total 122ms
D/dalvikvm( 1151): WAIT_FOR_CONCURRENT_GC blocked 120ms
D/dalvikvm( 1151): GC_FOR_ALLOC freed 1070K, 17% free 6070K/7292K, paused 66ms, total 66ms
D/dalvikvm( 1151): GC_CONCURRENT freed 1034K, 17% free 6095K/7292K, paused 5ms+34ms, total 152ms
D/dalvikvm( 1151): WAIT_FOR_CONCURRENT_GC blocked 140ms
D/dalvikvm( 1151): GC_FOR_ALLOC freed 1059K, 17% free 6071K/7292K, paused 54ms, total 54ms
D/dalvikvm( 1151): GC_CONCURRENT freed 1022K, 17% free 6096K/7292K, paused 4ms+32ms, total 149ms
D/dalvikvm( 1151): WAIT_FOR_CONCURRENT_GC blocked 142ms
D/dalvikvm( 1151): GC_FOR_ALLOC freed 1047K, 17% free 6071K/7292K, paused 55ms, total 55ms
D/dalvikvm( 1151): GC_CONCURRENT freed 1039K, 17% free 6088K/7292K, paused 4ms+6ms, total 123ms
D/dalvikvm( 1151): WAIT_FOR_CONCURRENT_GC blocked 119ms
D/dalvikvm( 1151): GC_FOR_ALLOC freed 1056K, 17% free 6067K/7292K, paused 66ms, total 66ms
D/dalvikvm( 1151): GC_CONCURRENT freed 1042K, 17% free 6102K/7292K, paused 4ms+34ms, total 152ms
D/dalvikvm( 1151): WAIT_FOR_CONCURRENT_GC blocked 139ms
D/dalvikvm( 1151): GC_FOR_ALLOC freed 1063K, 17% free 6067K/7292K, paused 53ms, total 53ms
D/dalvikvm( 1151): GC_CONCURRENT freed 1027K, 17% free 6103K/7292K, paused 4ms+32ms, total 148ms
D/dalvikvm( 1151): WAIT_FOR_CONCURRENT_GC blocked 142ms
D/dalvikvm( 1151): GC_FOR_ALLOC freed 1079K, 18% free 6059K/7308K, paused 53ms, total 53ms
D/dalvikvm( 1151): GC_CONCURRENT freed 1065K, 17% free 6090K/7308K, paused 4ms+5ms, total 122ms
D/dalvikvm( 1151): WAIT_FOR_CONCURRENT_GC blocked 120ms
D/dalvikvm( 1151): GC_FOR_ALLOC freed 1073K, 18% free 6059K/7308K, paused 66ms, total 66ms
D/dalvikvm( 1151): GC_CONCURRENT freed 1049K, 17% free 6100K/7308K, paused 4ms+35ms, total 152ms
D/dalvikvm( 1151): WAIT_FOR_CONCURRENT_GC blocked 139ms
D/dalvikvm( 1151): GC_FOR_ALLOC freed 1088K, 18% free 6059K/7308K, paused 74ms, total 74ms
D/dalvikvm( 1151): GC_CONCURRENT freed 1064K, 17% free 6091K/7308K, paused 5ms+5ms, total 153ms
D/dalvikvm( 1151): WAIT_FOR_CONCURRENT_GC blocked 149ms
D/dalvikvm( 1151): GC_FOR_ALLOC freed 1072K, 17% free 6068K/7308K, paused 65ms, total 65ms
D/dalvikvm( 1151): GC_CONCURRENT freed 1047K, 17% free 6101K/7308K, paused 4ms+4ms, total 113ms
D/dalvikvm( 1151): WAIT_FOR_CONCURRENT_GC blocked 100ms
D/dalvikvm( 1151): GC_FOR_ALLOC freed 1089K, 17% free 6066K/7308K, paused 26ms, total 26ms
D/dalvikvm( 1151): WAIT_FOR_CONCURRENT_GC blocked 42ms
I/dalvikvm-heap( 1151): Grow heap (frag case) to 6.396MB for 413836-byte allocation
D/dalvikvm( 1151): GC_FOR_ALLOC freed 0K, 16% free 6484K/7716K, paused 27ms, total 27ms
D/dalvikvm( 1151): GC_CONCURRENT freed 2995K, 41% free 4663K/7812K, paused 8ms+3ms, total 43ms
D/dalvikvm( 1151): WAIT_FOR_CONCURRENT_GC blocked 35ms
D/dalvikvm( 1151): GC_FOR_ALLOC freed 667K, 41% free 4639K/7812K, paused 34ms, total 35ms
D/dalvikvm( 1151): GC_CONCURRENT freed 602K, 41% free 4672K/7812K, paused 3ms+4ms, total 30ms
D/dalvikvm( 1151): WAIT_FOR_CONCURRENT_GC blocked 22ms
D/dalvikvm( 1151): GC_FOR_ALLOC freed 681K, 41% free 4644K/7812K, paused 43ms, total 43ms
D/dalvikvm( 1151): GC_CONCURRENT freed 607K, 41% free 4678K/7812K, paused 5ms+3ms, total 31ms
D/dalvikvm( 1151): WAIT_FOR_CONCURRENT_GC blocked 22ms
D/dalvikvm( 1151): GC_FOR_ALLOC freed 701K, 41% free 4629K/7812K, paused 32ms, total 32ms
D/dalvikvm( 1151): GC_CONCURRENT freed 587K, 41% free 4678K/7812K, paused 3ms+3ms, total 29ms
D/dalvikvm( 1151): WAIT_FOR_CONCURRENT_GC blocked 27ms
D/dalvikvm( 1151): GC_CONCURRENT freed 672K, 41% free 4664K/7812K, paused 4ms+3ms, total 31ms
D/dalvikvm( 1151): WAIT_FOR_CONCURRENT_GC blocked 23ms
D/dalvikvm( 1151): GC_FOR_ALLOC freed 685K, 41% free 4630K/7812K, paused 32ms, total 32ms
D/dalvikvm( 1151): GC_CONCURRENT freed 594K, 41% free 4679K/7812K, paused 4ms+7ms, total 37ms
D/dalvikvm( 1151): WAIT_FOR_CONCURRENT_GC blocked 27ms
D/dalvikvm( 1151): GC_CONCURRENT freed 655K, 41% free 4679K/7812K, paused 4ms+4ms, total 30ms
D/dalvikvm( 1151): WAIT_FOR_CONCURRENT_GC blocked 20ms
D/dalvikvm( 1151): GC_FOR_ALLOC freed 693K, 41% free 4645K/7812K, paused 24ms, total 24ms
D/dalvikvm( 1151): GC_CONCURRENT freed 616K, 41% free 4674K/7812K, paused 5ms+3ms, total 31ms
D/dalvikvm( 1151): WAIT_FOR_CONCURRENT_GC blocked 20ms
D/dalvikvm( 1151): GC_CONCURRENT freed 663K, 41% free 4665K/7812K, paused 4ms+4ms, total 30ms
D/dalvikvm( 1151): WAIT_FOR_CONCURRENT_GC blocked 21ms
D/dalvikvm( 1151): GC_FOR_ALLOC freed 675K, 41% free 4645K/7812K, paused 34ms, total 34ms
D/dalvikvm( 1151): GC_CONCURRENT freed 622K, 41% free 4665K/7812K, paused 6ms+3ms, total 37ms
D/dalvikvm( 1151): WAIT_FOR_CONCURRENT_GC blocked 27ms
D/dalvikvm( 1151): GC_CONCURRENT freed 635K, 41% free 4675K/7812K, paused 4ms+4ms, total 31ms
D/dalvikvm( 1151): WAIT_FOR_CONCURRENT_GC blocked 21ms
D/dalvikvm( 1151): GC_FOR_ALLOC freed 682K, 41% free 4645K/7812K, paused 36ms, total 36ms
D/dalvikvm( 1151): GC_CONCURRENT freed 614K, 41% free 4681K/7812K, paused 4ms+4ms, total 30ms
D/dalvikvm( 1151): WAIT_FOR_CONCURRENT_GC blocked 23ms
D/dalvikvm( 1151): GC_FOR_ALLOC freed 692K, 41% free 4640K/7812K, paused 32ms, total 32ms
D/dalvikvm( 1151): GC_CONCURRENT freed 608K, 41% free 4676K/7812K, paused 5ms+4ms, total 31ms
D/dalvikvm( 1151): WAIT_FOR_CONCURRENT_GC blocked 26ms
D/dalvikvm( 1151): GC_FOR_ALLOC freed 682K, 41% free 4640K/7812K, paused 25ms, total 25ms
D/dalvikvm( 1151): GC_CONCURRENT freed 612K, 41% free 4676K/7812K, paused 4ms+4ms, total 37ms
D/dalvikvm( 1151): WAIT_FOR_CONCURRENT_GC blocked 26ms
D/dalvikvm( 1151): GC_CONCURRENT freed 661K, 41% free 4666K/7812K, paused 4ms+4ms, total 30ms
D/dalvikvm( 1151): WAIT_FOR_CONCURRENT_GC blocked 20ms
D/dalvikvm( 1151): GC_FOR_ALLOC freed 678K, 41% free 4640K/7812K, paused 25ms, total 25ms
D/dalvikvm( 1151): GC_CONCURRENT freed 618K, 41% free 4667K/7812K, paused 3ms+4ms, total 30ms
D/dalvikvm( 1151): WAIT_FOR_CONCURRENT_GC blocked 20ms
D/dalvikvm( 1151): GC_FOR_ALLOC freed 667K, 41% free 4646K/7812K, paused 25ms, total 26ms
D/dalvikvm( 1151): GC_CONCURRENT freed 612K, 41% free 4677K/7812K, paused 4ms+3ms, total 31ms
D/dalvikvm( 1151): WAIT_FOR_CONCURRENT_GC blocked 22ms
D/dalvikvm( 1151): GC_FOR_ALLOC freed 698K, 41% free 4630K/7812K, paused 25ms, total 25ms
D/dalvikvm( 1151): GC_CONCURRENT freed 590K, 41% free 4678K/7812K, paused 5ms+4ms, total 31ms
D/dalvikvm( 1151): WAIT_FOR_CONCURRENT_GC blocked 24ms
D/dalvikvm( 1151): GC_FOR_ALLOC freed 703K, 41% free 4630K/7812K, paused 26ms, total 26ms
D/dalvikvm( 1151): GC_CONCURRENT freed 594K, 41% free 4678K/7812K, paused 4ms+3ms, total 32ms
D/dalvikvm( 1151): WAIT_FOR_CONCURRENT_GC blocked 27ms
D/dalvikvm( 1151): GC_CONCURRENT freed 680K, 41% free 4657K/7812K, paused 4ms+3ms, total 31ms
D/dalvikvm( 1151): WAIT_FOR_CONCURRENT_GC blocked 21ms
D/dalvikvm( 1151): GC_FOR_ALLOC freed 661K, 41% free 4641K/7812K, paused 29ms, total 29ms
D/dalvikvm( 1151): GC_CONCURRENT freed 599K, 41% free 4679K/7812K, paused 4ms+4ms, total 30ms
D/dalvikvm( 1151): WAIT_FOR_CONCURRENT_GC blocked 25ms
D/dalvikvm( 1151): GC_FOR_ALLOC freed 687K, 41% free 4647K/7812K, paused 25ms, total 25ms
D/dalvikvm( 1151): GC_CONCURRENT freed 603K, 41% free 4684K/7812K, paused 4ms+3ms, total 30ms
D/dalvikvm( 1151): WAIT_FOR_CONCURRENT_GC blocked 25ms
D/dalvikvm( 1151): GC_FOR_ALLOC freed 707K, 41% free 4631K/7812K, paused 24ms, total 24ms
D/dalvikvm( 1151): GC_CONCURRENT freed 607K, 41% free 4669K/7812K, paused 4ms+5ms, total 33ms
D/dalvikvm( 1151): WAIT_FOR_CONCURRENT_GC blocked 27ms
D/dalvikvm( 1151): GC_CONCURRENT freed 647K, 41% free 4680K/7812K, paused 4ms+3ms, total 29ms
D/dalvikvm( 1151): WAIT_FOR_CONCURRENT_GC blocked 20ms
D/dalvikvm( 1151): GC_CONCURRENT freed 649K, 41% free 4680K/7812K, paused 4ms+4ms, total 30ms
D/dalvikvm( 1151): WAIT_FOR_CONCURRENT_GC blocked 22ms
D/dalvikvm( 1151): GC_FOR_ALLOC freed 689K, 41% free 4642K/7812K, paused 25ms, total 25ms
D/dalvikvm( 1151): GC_CONCURRENT freed 614K, 41% free 4669K/7812K, paused 4ms+3ms, total 30ms
D/dalvikvm( 1151): WAIT_FOR_CONCURRENT_GC blocked 23ms
D/dalvikvm( 1151): GC_FOR_ALLOC freed 693K, 41% free 4631K/7812K, paused 25ms, total 25ms
D/dalvikvm( 1151): GC_CONCURRENT freed 579K, 41% free 4680K/7812K, paused 4ms+4ms, total 31ms
D/dalvikvm( 1151): WAIT_FOR_CONCURRENT_GC blocked 24ms
D/dalvikvm( 1151): GC_FOR_ALLOC freed 697K, 41% free 4642K/7812K, paused 26ms, total 26ms
D/dalvikvm( 1151): GC_CONCURRENT freed 594K, 41% free 4686K/7812K, paused 4ms+4ms, total 31ms
D/dalvikvm( 1151): WAIT_FOR_CONCURRENT_GC blocked 25ms
D/dalvikvm( 1151): GC_FOR_ALLOC freed 701K, 41% free 4648K/7812K, paused 26ms, total 26ms
D/dalvikvm( 1151): GC_CONCURRENT freed 614K, 41% free 4681K/7812K, paused 5ms+4ms, total 31ms
D/dalvikvm( 1151): WAIT_FOR_CONCURRENT_GC blocked 27ms
D/dalvikvm( 1151): GC_CONCURRENT freed 677K, 41% free 4659K/7812K, paused 4ms+3ms, total 30ms
D/dalvikvm( 1151): WAIT_FOR_CONCURRENT_GC blocked 22ms
D/dalvikvm( 1151): GC_FOR_ALLOC freed 657K, 41% free 4642K/7812K, paused 26ms, total 26ms
D/dalvikvm( 1151): GC_CONCURRENT freed 602K, 40% free 4687K/7812K, paused 5ms+4ms, total 32ms
D/dalvikvm( 1151): WAIT_FOR_CONCURRENT_GC blocked 23ms
D/dalvikvm( 1151): GC_FOR_ALLOC freed 700K, 41% free 4642K/7812K, paused 26ms, total 26ms
D/dalvikvm( 1151): GC_CONCURRENT freed 595K, 41% free 4682K/7812K, paused 4ms+3ms, total 32ms
D/dalvikvm( 1151): WAIT_FOR_CONCURRENT_GC blocked 26ms
