I/PackageManager(  358):   Action: "android.intent.action.SENDTO"
I/PackageManager(  358):   Category: "android.intent.category.DEFAULT"
I/PackageManager(  358):   Scheme: "smsto"
I/PackageManager(  358): Adding preferred activity ComponentInfo{com.android.mms/com.android.mms.ui.ComposeMessageActivity} for user 0 :
I/PackageManager(  358):   Action: "android.intent.action.SENDTO"
I/PackageManager(  358):   Category: "android.intent.category.DEFAULT"
I/PackageManager(  358):   Scheme: "mms"
I/PackageManager(  358): Adding preferred activity ComponentInfo{com.android.mms/com.android.mms.ui.ComposeMessageActivity} for user 0 :
I/PackageManager(  358):   Action: "android.intent.action.SENDTO"
I/PackageManager(  358):   Category: "android.intent.category.DEFAULT"
I/PackageManager(  358):   Scheme: "mmsto"
I/PackageManager(  358): Adding preferred activity ComponentInfo{com.android.mms/com.android.mms.ui.ComposeMessageActivity} for user 0 :
I/LatinIME:LogUtils(  591): Dictionary info: dictionary = main:en ; version = 42 ; date = 1381226429
I/LatinIME:LogUtils(  591): Dictionary info: dictionary = main:en ; version = 42 ; date = 1381226429
I/LatinIME:LogUtils(  591): Dictionary info: dictionary = main:en ; version = 42 ; date = 1381226429
I/LatinIME:LogUtils(  591): Dictionary info: dictionary = main:en ; version = 42 ; date = 1381226429
I/LatinIME:LogUtils(  591): Dictionary info: dictionary = main:en ; version = 42 ; date = 1381226429
I/LatinIME:LogUtils(  591): Dictionary info: dictionary = main:en ; version = 42 ; date = 1381226429
I/LatinIME:LogUtils(  591): Dictionary info: dictionary = main:en ; version = 42 ; date = 1381226429
I/LatinIME:LogUtils(  591): Dictionary info: dictionary = main:en ; version = 42 ; date = 1381226429
D/dalvikvm(  591): GC_CONCURRENT freed 304K, 14% free 3073K/3560K, paused 18ms+3ms, total 51ms
E/BluetoothAdapter(  602): Bluetooth binder is null
E/BluetoothAdapter(  602): Bluetooth binder is null
D/CallNotifier(  602): CallNotifier: mSignalInfoToneGenerator created when toneplay
E/BluetoothAdapter(  602): Bluetooth binder is null
D/MobileDataStateTracker(  358): fota: Broadcast received: android.intent.action.ANY_DATA_STATE apnType=fota
D/MobileDataStateTracker(  358): fota: Received state=DISCONNECTED, old=DISCONNECTED, reason=radioTurnedOff
D/MobileDataStateTracker(  358): ia: Broadcast received: android.intent.action.ANY_DATA_STATE apnType=ia
D/MobileDataStateTracker(  358): ia: Received state=DISCONNECTED, old=DISCONNECTED, reason=radioTurnedOff
D/MobileDataStateTracker(  358): supl: Broadcast received: android.intent.action.ANY_DATA_STATE apnType=supl
D/MobileDataStateTracker(  358): supl: Received state=DISCONNECTED, old=DISCONNECTED, reason=radioTurnedOff
D/MobileDataStateTracker(  358): hipri: Broadcast received: android.intent.action.ANY_DATA_STATE apnType=hipri
D/MobileDataStateTracker(  358): hipri: Received state=DISCONNECTED, old=DISCONNECTED, reason=radioTurnedOff
D/MobileDataStateTracker(  358): ims: Broadcast received: android.intent.action.ANY_DATA_STATE apnType=ims
D/MobileDataStateTracker(  358): ims: Received state=DISCONNECTED, old=DISCONNECTED, reason=radioTurnedOff
D/MobileDataStateTracker(  358): default: Broadcast received: android.intent.action.ANY_DATA_STATE apnType=default
D/MobileDataStateTracker(  358): default: Received state=DISCONNECTED, old=DISCONNECTED, reason=radioTurnedOff
D/MobileDataStateTracker(  358): mms: Broadcast received: android.intent.action.ANY_DATA_STATE apnType=mms
D/MobileDataStateTracker(  358): mms: Received state=DISCONNECTED, old=DISCONNECTED, reason=radioTurnedOff
D/MobileDataStateTracker(  358): cbs: Broadcast received: android.intent.action.ANY_DATA_STATE apnType=cbs
D/MobileDataStateTracker(  358): cbs: Received state=DISCONNECTED, old=DISCONNECTED, reason=radioTurnedOff
D/MobileDataStateTracker(  358): fota: Broadcast received: android.intent.action.ANY_DATA_STATE apnType=fota
D/MobileDataStateTracker(  358): fota: Received state=DISCONNECTED, old=DISCONNECTED, reason=radioTurnedOff
D/MobileDataStateTracker(  358): ia: Broadcast received: android.intent.action.ANY_DATA_STATE apnType=ia
D/MobileDataStateTracker(  358): ia: Received state=DISCONNECTED, old=DISCONNECTED, reason=radioTurnedOff
D/MobileDataStateTracker(  358): supl: Broadcast received: android.intent.action.ANY_DATA_STATE apnType=supl
D/MobileDataStateTracker(  358): supl: Received state=DISCONNECTED, old=DISCONNECTED, reason=radioTurnedOff
D/MobileDataStateTracker(  358): hipri: Broadcast received: android.intent.action.ANY_DATA_STATE apnType=hipri
D/MobileDataStateTracker(  358): hipri: Received state=DISCONNECTED, old=DISCONNECTED, reason=radioTurnedOff
D/MobileDataStateTracker(  358): ims: Broadcast received: android.intent.action.ANY_DATA_STATE apnType=ims
D/MobileDataStateTracker(  358): ims: Received state=DISCONNECTED, old=DISCONNECTED, reason=radioTurnedOff
D/MobileDataStateTracker(  358): default: Broadcast received: android.intent.action.ANY_DATA_STATE apnType=default
D/MobileDataStateTracker(  358): default: Received state=DISCONNECTED, old=DISCONNECTED, reason=radioTurnedOff
D/MobileDataStateTracker(  358): mms: Broadcast received: android.intent.action.ANY_DATA_STATE apnType=mms
D/MobileDataStateTracker(  358): mms: Received state=DISCONNECTED, old=DISCONNECTED, reason=radioTurnedOff
D/MobileDataStateTracker(  358): cbs: Broadcast received: android.intent.action.ANY_DATA_STATE apnType=cbs
D/MobileDataStateTracker(  358): cbs: Received state=DISCONNECTED, old=DISCONNECTED, reason=radioTurnedOff
D/MobileDataStateTracker(  358): fota: Broadcast received: android.intent.action.ANY_DATA_STATE apnType=fota
D/MobileDataStateTracker(  358): fota: Received state=DISCONNECTED, old=DISCONNECTED, reason=dataDetached
D/MobileDataStateTracker(  358): ia: Broadcast received: android.intent.action.ANY_DATA_STATE apnType=ia
D/MobileDataStateTracker(  358): ia: Received state=DISCONNECTED, old=DISCONNECTED, reason=dataDetached
D/MobileDataStateTracker(  358): supl: Broadcast received: android.intent.action.ANY_DATA_STATE apnType=supl
D/MobileDataStateTracker(  358): supl: Received state=DISCONNECTED, old=DISCONNECTED, reason=dataDetached
D/MobileDataStateTracker(  358): hipri: Broadcast received: android.intent.action.ANY_DATA_STATE apnType=hipri
D/MobileDataStateTracker(  358): hipri: Received state=DISCONNECTED, old=DISCONNECTED, reason=dataDetached
D/MobileDataStateTracker(  358): ims: Broadcast received: android.intent.action.ANY_DATA_STATE apnType=ims
D/MobileDataStateTracker(  358): ims: Received state=DISCONNECTED, old=DISCONNECTED, reason=dataDetached
D/MobileDataStateTracker(  358): default: Broadcast received: android.intent.action.ANY_DATA_STATE apnType=default
D/MobileDataStateTracker(  358): default: Received state=DISCONNECTED, old=DISCONNECTED, reason=dataDetached
D/MobileDataStateTracker(  358): mms: Broadcast received: android.intent.action.ANY_DATA_STATE apnType=mms
D/MobileDataStateTracker(  358): mms: Received state=DISCONNECTED, old=DISCONNECTED, reason=dataDetached
D/MobileDataStateTracker(  358): cbs: Broadcast received: android.intent.action.ANY_DATA_STATE apnType=cbs
D/MobileDataStateTracker(  358): cbs: Received state=DISCONNECTED, old=DISCONNECTED, reason=dataDetached
D/MobileDataStateTracker(  358): fota: Broadcast received: android.intent.action.ANY_DATA_STATE apnType=fota
D/MobileDataStateTracker(  358): fota: Received state=DISCONNECTED, old=DISCONNECTED, reason=roamingOff
D/MobileDataStateTracker(  358): ia: Broadcast received: android.intent.action.ANY_DATA_STATE apnType=ia
D/MobileDataStateTracker(  358): ia: Received state=DISCONNECTED, old=DISCONNECTED, reason=roamingOff
D/MobileDataStateTracker(  358): supl: Broadcast received: android.intent.action.ANY_DATA_STATE apnType=supl
D/MobileDataStateTracker(  358): supl: Received state=DISCONNECTED, old=DISCONNECTED, reason=roamingOff
D/MobileDataStateTracker(  358): hipri: Broadcast received: android.intent.action.ANY_DATA_STATE apnType=hipri
D/MobileDataStateTracker(  358): hipri: Received state=DISCONNECTED, old=DISCONNECTED, reason=roamingOff
D/MobileDataStateTracker(  358): ims: Broadcast received: android.intent.action.ANY_DATA_STATE apnType=ims
D/MobileDataStateTracker(  358): ims: Received state=DISCONNECTED, old=DISCONNECTED, reason=roamingOff
D/MobileDataStateTracker(  358): default: Broadcast received: android.intent.action.ANY_DATA_STATE apnType=default
D/MobileDataStateTracker(  358): default: Received state=DISCONNECTED, old=DISCONNECTED, reason=roamingOff
D/MobileDataStateTracker(  358): mms: Broadcast received: android.intent.action.ANY_DATA_STATE apnType=mms
D/MobileDataStateTracker(  358): mms: Received state=DISCONNECTED, old=DISCONNECTED, reason=roamingOff
D/MobileDataStateTracker(  358): cbs: Broadcast received: android.intent.action.ANY_DATA_STATE apnType=cbs
D/MobileDataStateTracker(  358): cbs: Received state=DISCONNECTED, old=DISCONNECTED, reason=roamingOff
D/MobileDataStateTracker(  358): fota: Broadcast received: android.intent.action.ANY_DATA_STATE apnType=fota
D/MobileDataStateTracker(  358): fota: Received state=DISCONNECTED, old=DISCONNECTED, reason=roamingOff
D/MobileDataStateTracker(  358): ia: Broadcast received: android.intent.action.ANY_DATA_STATE apnType=ia
D/MobileDataStateTracker(  358): ia: Received state=DISCONNECTED, old=DISCONNECTED, reason=roamingOff
D/MobileDataStateTracker(  358): supl: Broadcast received: android.intent.action.ANY_DATA_STATE apnType=supl
D/MobileDataStateTracker(  358): supl: Received state=DISCONNECTED, old=DISCONNECTED, reason=roamingOff
D/MobileDataStateTracker(  358): hipri: Broadcast received: android.intent.action.ANY_DATA_STATE apnType=hipri
D/dalvikvm(  602): GC_CONCURRENT freed 278K, 11% free 3064K/3420K, paused 6ms+2ms, total 161ms
D/MobileDataStateTracker(  358): hipri: Received state=DISCONNECTED, old=DISCONNECTED, reason=roamingOff
D/MobileDataStateTracker(  358): ims: Broadcast received: android.intent.action.ANY_DATA_STATE apnType=ims
D/MobileDataStateTracker(  358): ims: Received state=DISCONNECTED, old=DISCONNECTED, reason=roamingOff
D/MobileDataStateTracker(  358): default: Broadcast received: android.intent.action.ANY_DATA_STATE apnType=default
D/MobileDataStateTracker(  358): default: Received state=DISCONNECTED, old=DISCONNECTED, reason=roamingOff
D/MobileDataStateTracker(  358): mms: Broadcast received: android.intent.action.ANY_DATA_STATE apnType=mms
D/MobileDataStateTracker(  358): mms: Received state=DISCONNECTED, old=DISCONNECTED, reason=roamingOff
D/MobileDataStateTracker(  358): cbs: Broadcast received: android.intent.action.ANY_DATA_STATE apnType=cbs
D/MobileDataStateTracker(  358): cbs: Received state=DISCONNECTED, old=DISCONNECTED, reason=roamingOff
D/dalvikvm(  358): GC_CONCURRENT freed 666K, 58% free 5447K/12728K, paused 4ms+15ms, total 421ms
D/dalvikvm(  686): GC_CONCURRENT freed 178K, 9% free 2948K/3220K, paused 5ms+3ms, total 64ms
D/dalvikvm(  358): GC_CONCURRENT freed 635K, 57% free 5502K/12728K, paused 6ms+4ms, total 74ms
D/dalvikvm(  358): WAIT_FOR_CONCURRENT_GC blocked 40ms
D/dalvikvm(  358): WAIT_FOR_CONCURRENT_GC blocked 43ms
I/MediaProvider(  625): Upgrading media database from version 0 to 700, which will destroy all old data
D/dalvikvm(  686): GC_FOR_ALLOC freed 186K, 9% free 3111K/3388K, paused 16ms, total 18ms
I/dalvikvm-heap(  686): Grow heap (frag case) to 3.735MB for 640016-byte allocation
D/dalvikvm(  686): GC_FOR_ALLOC freed 3K, 8% free 3733K/4016K, paused 23ms, total 23ms
D/dalvikvm(  686): GC_CONCURRENT freed 7K, 8% free 3726K/4016K, paused 4ms+2ms, total 41ms
W/Resources(  686): Converting to int: TypedValue{t=0x3/d=0x12 "4" a=-1}
W/Resources(  686): Converting to int: TypedValue{t=0x3/d=0xf "1" a=-1}
W/Resources(  686): Converting to int: TypedValue{t=0x3/d=0x15 "2" a=-1}
W/Resources(  686): Converting to int: TypedValue{t=0x3/d=0x15 "2" a=-1}
W/Launcher.LauncherProvider(  686): Unable to add favorite: com.android.camera2/com.android.camera.CameraLauncher
W/Launcher.LauncherProvider(  686): android.content.pm.PackageManager$NameNotFoundException: ComponentInfo{com.android.camera2/com.android.camera.CameraLauncher}
W/Launcher.LauncherProvider(  686): 	at android.app.ApplicationPackageManager.getActivityInfo(ApplicationPackageManager.java:242)
W/Launcher.LauncherProvider(  686): 	at com.android.launcher2.LauncherProvider$DatabaseHelper.addAppShortcut(LauncherProvider.java:959)
W/Launcher.LauncherProvider(  686): 	at com.android.launcher2.LauncherProvider$DatabaseHelper.loadFavorites(LauncherProvider.java:863)
W/Launcher.LauncherProvider(  686): 	at com.android.launcher2.LauncherProvider$DatabaseHelper.access$000(LauncherProvider.java:253)
W/Launcher.LauncherProvider(  686): 	at com.android.launcher2.LauncherProvider.loadDefaultFavoritesIfNecessary(LauncherProvider.java:237)
W/Launcher.LauncherProvider(  686): 	at com.android.launcher2.LauncherModel$LoaderTask.loadWorkspace(LauncherModel.java:1278)
W/Launcher.LauncherProvider(  686): 	at com.android.launcher2.LauncherModel$LoaderTask.loadAndBindWorkspace(LauncherModel.java:1020)
W/Launcher.LauncherProvider(  686): 	at com.android.launcher2.LauncherModel$LoaderTask.run(LauncherModel.java:1126)
W/Launcher.LauncherProvider(  686): 	at android.os.Handler.handleCallback(Handler.java:733)
W/Launcher.LauncherProvider(  686): 	at android.os.Handler.dispatchMessage(Handler.java:95)
W/Launcher.LauncherProvider(  686): 	at android.os.Looper.loop(Looper.java:136)
W/Launcher.LauncherProvider(  686): 	at android.os.HandlerThread.run(HandlerThread.java:61)
W/Launcher.LauncherProvider(  686): Unable to add favorite: com.android.gallery3d/com.android.gallery3d.app.Gallery
W/Launcher.LauncherProvider(  686): android.content.pm.PackageManager$NameNotFoundException: ComponentInfo{com.android.gallery3d/com.android.gallery3d.app.Gallery}
W/Launcher.LauncherProvider(  686): 	at android.app.ApplicationPackageManager.getActivityInfo(ApplicationPackageManager.java:242)
W/Launcher.LauncherProvider(  686): 	at com.android.launcher2.LauncherProvider$DatabaseHelper.addAppShortcut(LauncherProvider.java:959)
W/Launcher.LauncherProvider(  686): 	at com.android.launcher2.LauncherProvider$DatabaseHelper.loadFavorites(LauncherProvider.java:863)
W/Launcher.LauncherProvider(  686): 	at com.android.launcher2.LauncherProvider$DatabaseHelper.access$000(LauncherProvider.java:253)
W/Launcher.LauncherProvider(  686): 	at com.android.launcher2.LauncherProvider.loadDefaultFavoritesIfNecessary(LauncherProvider.java:237)
W/Launcher.LauncherProvider(  686): 	at com.android.launcher2.LauncherModel$LoaderTask.loadWorkspace(LauncherModel.java:1278)
W/Launcher.LauncherProvider(  686): 	at com.android.launcher2.LauncherModel$LoaderTask.loadAndBindWorkspace(LauncherModel.java:1020)
W/Launcher.LauncherProvider(  686): 	at com.android.launcher2.LauncherModel$LoaderTask.run(LauncherModel.java:1126)
W/Launcher.LauncherProvider(  686): 	at android.os.Handler.handleCallback(Handler.java:733)
W/Launcher.LauncherProvider(  686): 	at android.os.Handler.dispatchMessage(Handler.java:95)
W/Launcher.LauncherProvider(  686): 	at android.os.Looper.loop(Looper.java:136)
W/Launcher.LauncherProvider(  686): 	at android.os.HandlerThread.run(HandlerThread.java:61)
D/dalvikvm(  686): GC_CONCURRENT freed 214K, 8% free 3933K/4240K, paused 5ms+11ms, total 46ms
D/TelephonyDebugService(  602): TelephonyDebugService()
D/MccTable(  602): updateMccMncConfiguration: mcc=310, mnc=260
D/dalvikvm(  358): GC_CONCURRENT freed 633K, 57% free 5571K/12728K, paused 6ms+4ms, total 221ms
D/dalvikvm(  358): WAIT_FOR_CONCURRENT_GC blocked 99ms
D/dalvikvm(  358): WAIT_FOR_CONCURRENT_GC blocked 21ms
D/AlarmManagerService(  358): Kernel timezone updated to 300 minutes west of GMT
I/Choreographer(  686): Skipped 60 frames!  The application may be doing too much work on its main thread.
D/MccTable(  602): timezone set to America/New_York
D/MccTable(  602): getLocaleFromMcc to en_us mcc=310
D/MccTable(  602): getLocaleForLanguageCountry: got match
D/MccTable(  602): getLocaleForLanguageCountry: X locale=en_US
D/MccTable(  602): WIFI_COUNTRY_CODE set to us
I/WifiService(  358): WifiService trying to set country code to us with persist set to true
I/Choreographer(  686): Skipped 51 frames!  The application may be doing too much work on its main thread.
D/gralloc_goldfish(  686): Emulator without GPU emulation detected.
D/MobileDataStateTracker(  358): fota: Broadcast received: android.intent.action.ANY_DATA_STATE apnType=fota
D/MobileDataStateTracker(  358): fota: Received state=DISCONNECTED, old=DISCONNECTED, reason=dataAttached
D/MobileDataStateTracker(  358): ia: Broadcast received: android.intent.action.ANY_DATA_STATE apnType=ia
D/MobileDataStateTracker(  358): ia: Received state=DISCONNECTED, old=DISCONNECTED, reason=dataAttached
D/MobileDataStateTracker(  358): supl: Broadcast received: android.intent.action.ANY_DATA_STATE apnType=supl
D/MobileDataStateTracker(  358): supl: Received state=DISCONNECTED, old=DISCONNECTED, reason=dataAttached
D/MobileDataStateTracker(  358): hipri: Broadcast received: android.intent.action.ANY_DATA_STATE apnType=hipri
D/MobileDataStateTracker(  358): hipri: Received state=DISCONNECTED, old=DISCONNECTED, reason=dataAttached
D/MobileDataStateTracker(  358): ims: Broadcast received: android.intent.action.ANY_DATA_STATE apnType=ims
D/MobileDataStateTracker(  358): ims: Received state=DISCONNECTED, old=DISCONNECTED, reason=dataAttached
D/MobileDataStateTracker(  358): mms: Broadcast received: android.intent.action.ANY_DATA_STATE apnType=mms
D/MobileDataStateTracker(  358): mms: Received state=DISCONNECTED, old=DISCONNECTED, reason=dataAttached
D/MobileDataStateTracker(  358): cbs: Broadcast received: android.intent.action.ANY_DATA_STATE apnType=cbs
D/MobileDataStateTracker(  358): cbs: Received state=DISCONNECTED, old=DISCONNECTED, reason=dataAttached
D/MobileDataStateTracker(  358): fota: Broadcast received: android.intent.action.ANY_DATA_STATE apnType=fota
D/MobileDataStateTracker(  358): fota: Received state=DISCONNECTED, old=DISCONNECTED, reason=dataAttached
D/MobileDataStateTracker(  358): ia: Broadcast received: android.intent.action.ANY_DATA_STATE apnType=ia
D/MobileDataStateTracker(  358): ia: Received state=DISCONNECTED, old=DISCONNECTED, reason=dataAttached
D/MobileDataStateTracker(  358): supl: Broadcast received: android.intent.action.ANY_DATA_STATE apnType=supl
D/MobileDataStateTracker(  358): supl: Received state=DISCONNECTED, old=DISCONNECTED, reason=dataAttached
D/MobileDataStateTracker(  358): hipri: Broadcast received: android.intent.action.ANY_DATA_STATE apnType=hipri
D/MobileDataStateTracker(  358): hipri: Received state=DISCONNECTED, old=DISCONNECTED, reason=dataAttached
D/MobileDataStateTracker(  358): ims: Broadcast received: android.intent.action.ANY_DATA_STATE apnType=ims
D/MobileDataStateTracker(  358): ims: Received state=DISCONNECTED, old=DISCONNECTED, reason=dataAttached
D/MobileDataStateTracker(  358): mms: Broadcast received: android.intent.action.ANY_DATA_STATE apnType=mms
D/MobileDataStateTracker(  358): mms: Received state=DISCONNECTED, old=DISCONNECTED, reason=dataAttached
D/MobileDataStateTracker(  358): cbs: Broadcast received: android.intent.action.ANY_DATA_STATE apnType=cbs
D/MobileDataStateTracker(  358): cbs: Received state=DISCONNECTED, old=DISCONNECTED, reason=dataAttached
D/dalvikvm(  602): GC_CONCURRENT freed 301K, 12% free 3163K/3556K, paused 4ms+2ms, total 128ms
D/dalvikvm(  686): GC_FOR_ALLOC freed 96K, 9% free 3899K/4240K, paused 209ms, total 211ms
I/dalvikvm-heap(  686): Grow heap (frag case) to 5.430MB for 1610896-byte allocation
D/MccTable(  602): updateMccMncConfiguration: mcc=310, mnc=260
D/MccTable(  602): getLocaleFromMcc to en_us mcc=310
D/MccTable(  602): getLocaleForLanguageCountry: got match
D/MccTable(  602): getLocaleForLanguageCountry: X locale=en_US
D/MccTable(  602): updateMccMncConfiguration updateConfig config={1.0 310mcc260mnc en_US ldltr ?swdp ?wdp ?hdp ?density ?lsize ?long ?orien ?uimode ?night ?touch ?keyb/?/? ?nav/?}
D/dalvikvm(  686): GC_FOR_ALLOC freed 1K, 6% free 5470K/5816K, paused 103ms, total 110ms
D/dalvikvm(  686): GC_CONCURRENT freed 5K, 7% free 5466K/5816K, paused 10ms+2ms, total 28ms
D/dalvikvm(  686): WAIT_FOR_CONCURRENT_GC blocked 20ms
I/dalvikvm-heap(  686): Grow heap (frag case) to 6.960MB for 1610896-byte allocation
D/dalvikvm(  686): GC_FOR_ALLOC freed <1K, 5% free 7039K/7392K, paused 19ms, total 19ms
D/dalvikvm(  686): GC_CONCURRENT freed <1K, 5% free 7081K/7436K, paused 4ms+2ms, total 46ms
D/dalvikvm(  450): GC_FOR_ALLOC freed 3075K, 7% free 3576K/3844K, paused 39ms, total 41ms
I/dalvikvm-heap(  450): Grow heap (frag case) to 6.505MB for 3072016-byte allocation
D/dalvikvm(  450): GC_FOR_ALLOC freed 3K, 5% free 6573K/6848K, paused 19ms, total 19ms
D/dalvikvm(  450): GC_CONCURRENT freed 0K, 5% free 6573K/6848K, paused 4ms+23ms, total 71ms
I/Choreographer(  686): Skipped 272 frames!  The application may be doing too much work on its main thread.
I/ActivityManager(  358): Config changes=3 {1.0 310mcc260mnc en_US ldltr sw480dp w480dp h839dp 160dpi lrg long port finger -keyb/v/h tball/v s.6}
D/PermissionCache(   57): checking android.permission.READ_FRAME_BUFFER for uid=1000 => granted (915 us)
D/gralloc (   57): Registering a buffer in the process that created it. This may cause memory ordering problems.
E/libEGL  (   57): called unimplemented OpenGL ES API
E/libEGL  (   57): called unimplemented OpenGL ES API
E/libEGL  (   57): called unimplemented OpenGL ES API
E/libEGL  (   57): called unimplemented OpenGL ES API
E/SurfaceFlinger(   57): glCheckFramebufferStatusOES error -113462463
E/SurfaceFlinger(   57): got GL_FRAMEBUFFER_COMPLETE_OES error while taking screenshot
E/libEGL  (   57): called unimplemented OpenGL ES API
E/libEGL  (   57): called unimplemented OpenGL ES API
I/ARMAssembler(   57): generated scanline__00000077:03515104_00008001_00000000 [113 ipp] (134 ins) at [0xb56be1f0:0xb56be408] in 10000000 ns
D/PhoneStatusBar(  450): mSettingsPanelGravity = 55
I/Choreographer(  358): Skipped 139 frames!  The application may be doing too much work on its main thread.
W/WindowManager(  358): Window freeze timeout expired.
W/WindowManager(  358): Force clearing orientation change: Window{b312aa58 u0 com.android.launcher/com.android.launcher2.Launcher}
D/MccTable(  602): updateMccMncConfiguration: mcc=310, mnc=260
D/MccTable(  602): getLocaleFromMcc to en_us mcc=310
D/MccTable(  602): getLocaleForLanguageCountry: skipping already persisted
D/MccTable(  602): getLocaleForLanguageCountry: X locale=null
D/MccTable(  602): updateMccMncConfiguration updateConfig config={1.0 310mcc260mnc ?locale ?layoutDir ?swdp ?wdp ?hdp ?density ?lsize ?long ?orien ?uimode ?night ?touch ?keyb/?/? ?nav/?}
D/dalvikvm(  602): GC_CONCURRENT freed 366K, 13% free 3304K/3760K, paused 23ms+2ms, total 64ms
D/dalvikvm(  602): WAIT_FOR_CONCURRENT_GC blocked 10ms
D/MobileDataStateTracker(  358): fota: Broadcast received: android.intent.action.ANY_DATA_STATE apnType=fota
D/MobileDataStateTracker(  358): fota: Received state=DISCONNECTED, old=DISCONNECTED, reason=simLoaded
D/MobileDataStateTracker(  358): ia: Broadcast received: android.intent.action.ANY_DATA_STATE apnType=ia
D/MobileDataStateTracker(  358): ia: Received state=DISCONNECTED, old=DISCONNECTED, reason=simLoaded
D/dalvikvm(  602): GC_CONCURRENT freed 429K, 14% free 3277K/3796K, paused 14ms+38ms, total 82ms
D/MobileDataStateTracker(  358): supl: Broadcast received: android.intent.action.ANY_DATA_STATE apnType=supl
D/MobileDataStateTracker(  358): supl: Received state=DISCONNECTED, old=DISCONNECTED, reason=simLoaded
D/MobileDataStateTracker(  358): hipri: Broadcast received: android.intent.action.ANY_DATA_STATE apnType=hipri
D/MobileDataStateTracker(  358): hipri: Received state=DISCONNECTED, old=DISCONNECTED, reason=simLoaded
D/MobileDataStateTracker(  358): ims: Broadcast received: android.intent.action.ANY_DATA_STATE apnType=ims
D/MobileDataStateTracker(  358): ims: Received state=DISCONNECTED, old=DISCONNECTED, reason=simLoaded
D/MobileDataStateTracker(  358): mms: Broadcast received: android.intent.action.ANY_DATA_STATE apnType=mms
D/MobileDataStateTracker(  358): mms: Received state=DISCONNECTED, old=DISCONNECTED, reason=simLoaded
D/MobileDataStateTracker(  358): cbs: Broadcast received: android.intent.action.ANY_DATA_STATE apnType=cbs
D/MobileDataStateTracker(  358): cbs: Received state=DISCONNECTED, old=DISCONNECTED, reason=simLoaded
D/MobileDataStateTracker(  358): default: Broadcast received: android.intent.action.ANY_DATA_STATE apnType=default
D/MobileDataStateTracker(  358): default: Received state=CONNECTING, old=DISCONNECTED, reason=simLoaded
D/MobileDataStateTracker(  358): default: setDetailed state, old =IDLE and new state=CONNECTING
D/MobileDataStateTracker(  358): fota: Broadcast received: android.intent.action.ANY_DATA_STATE apnType=fota
D/MobileDataStateTracker(  358): fota: Received state=DISCONNECTED, old=DISCONNECTED, reason=simLoaded
D/MobileDataStateTracker(  358): ia: Broadcast received: android.intent.action.ANY_DATA_STATE apnType=ia
D/MobileDataStateTracker(  358): ia: Received state=DISCONNECTED, old=DISCONNECTED, reason=simLoaded
D/MobileDataStateTracker(  358): supl: Broadcast received: android.intent.action.ANY_DATA_STATE apnType=supl
D/MobileDataStateTracker(  358): supl: Received state=DISCONNECTED, old=DISCONNECTED, reason=simLoaded
D/MobileDataStateTracker(  358): hipri: Broadcast received: android.intent.action.ANY_DATA_STATE apnType=hipri
D/MobileDataStateTracker(  358): hipri: Received state=DISCONNECTED, old=DISCONNECTED, reason=simLoaded
D/MobileDataStateTracker(  358): ims: Broadcast received: android.intent.action.ANY_DATA_STATE apnType=ims
D/MobileDataStateTracker(  358): ims: Received state=DISCONNECTED, old=DISCONNECTED, reason=simLoaded
D/MobileDataStateTracker(  358): mms: Broadcast received: android.intent.action.ANY_DATA_STATE apnType=mms
D/MobileDataStateTracker(  358): mms: Received state=DISCONNECTED, old=DISCONNECTED, reason=simLoaded
D/MobileDataStateTracker(  358): cbs: Broadcast received: android.intent.action.ANY_DATA_STATE apnType=cbs
D/MobileDataStateTracker(  358): cbs: Received state=DISCONNECTED, old=DISCONNECTED, reason=simLoaded
D/dalvikvm(  358): GC_CONCURRENT freed 688K, 57% free 5568K/12728K, paused 20ms+23ms, total 422ms
D/MobileDataStateTracker(  358): default: Broadcast received: android.intent.action.ANY_DATA_STATE apnType=default
D/MobileDataStateTracker(  358): default: Received state=CONNECTED, old=CONNECTING, reason=connected
D/MobileDataStateTracker(  358): default: setDetailed state, old =CONNECTING and new state=CONNECTED
D/ConnectivityService(  358): ConnectivityChange for mobile: CONNECTED/CONNECTED
D/ConnectivityService(  358): ConnectivityChange checkMobileProvisioning for TYPE_MOBILE or ProvisioningNetwork
D/ConnectivityService(  358): checkMobileProvisioning: E suggestedTimeOutMs=60000
D/ConnectivityService(  358): setProvNotificationVisible: E visible=false networkType=5 extraInfo=null url=null
D/ConnectivityService(  358): checkMobileProvisioning: params={ url=http://clients3.google.com/generate_204 mTimeOutMs=60000 mCb=com.android.server.ConnectivityService$5@b362a5a0}
D/ConnectivityService(  358): checkMobileProvisioning: X
W/ActivityManager(  358): Launch timeout has expired, giving up wake lock!
D/dalvikvm(  602): GC_CONCURRENT freed 382K, 13% free 3318K/3796K, paused 4ms+2ms, total 171ms
D/Nat464Xlat(  358): requiresClat: netType=0, hasIPv4Address=true
I/NetworkPolicy(  358): no policy for active mobile network; generating default policy
I/InputReader(  358): Reconfiguring input devices.  changes=0x00000010
D/MobileDataStateTracker(  358): default: setPolicyDataEnable(enabled=true)
I/PackageManager(  358):   Action: "android.intent.action.SENDTO"
I/PackageManager(  358):   Category: "android.intent.category.DEFAULT"
I/PackageManager(  358):   Scheme: "sms"
I/PackageManager(  358): Adding preferred activity ComponentInfo{com.android.mms/com.android.mms.ui.ComposeMessageActivity} for user 0 :
I/PackageManager(  358):   Action: "android.intent.action.SENDTO"
I/PackageManager(  358):   Category: "android.intent.category.DEFAULT"
I/PackageManager(  358):   Scheme: "smsto"
I/PackageManager(  358): Adding preferred activity ComponentInfo{com.android.mms/com.android.mms.ui.ComposeMessageActivity} for user 0 :
I/PackageManager(  358):   Action: "android.intent.action.SENDTO"
I/PackageManager(  358):   Category: "android.intent.category.DEFAULT"
I/PackageManager(  358):   Scheme: "mms"
I/PackageManager(  358): Adding preferred activity ComponentInfo{com.android.mms/com.android.mms.ui.ComposeMessageActivity} for user 0 :
I/PackageManager(  358):   Action: "android.intent.action.SENDTO"
I/PackageManager(  358):   Category: "android.intent.category.DEFAULT"
I/PackageManager(  358):   Scheme: "mmsto"
I/PackageManager(  358): Adding preferred activity ComponentInfo{com.android.mms/com.android.mms.ui.ComposeMessageActivity} for user 0 :
D/dalvikvm(  358): GC_CONCURRENT freed 665K, 56% free 5622K/12728K, paused 158ms+5ms, total 359ms
D/dalvikvm(  358): WAIT_FOR_CONCURRENT_GC blocked 86ms
I/PackageManager(  358):   Action: "android.intent.action.SENDTO"
I/PackageManager(  358):   Category: "android.intent.category.DEFAULT"
I/PackageManager(  358):   Scheme: "sms"
I/PackageManager(  358): Adding preferred activity ComponentInfo{com.android.mms/com.android.mms.ui.ComposeMessageActivity} for user 0 :
I/PackageManager(  358):   Action: "android.intent.action.SENDTO"
I/PackageManager(  358):   Category: "android.intent.category.DEFAULT"
I/PackageManager(  358):   Scheme: "smsto"
I/PackageManager(  358): Adding preferred activity ComponentInfo{com.android.mms/com.android.mms.ui.ComposeMessageActivity} for user 0 :
D/dalvikvm(  602): GC_CONCURRENT freed 389K, 14% free 3393K/3912K, paused 4ms+3ms, total 102ms
D/dalvikvm(  602): WAIT_FOR_CONCURRENT_GC blocked 20ms
I/PackageManager(  358):   Action: "android.intent.action.SENDTO"
I/PackageManager(  358):   Category: "android.intent.category.DEFAULT"
I/PackageManager(  358):   Scheme: "mms"
I/PackageManager(  358): Adding preferred activity ComponentInfo{com.android.mms/com.android.mms.ui.ComposeMessageActivity} for user 0 :
I/PackageManager(  358):   Action: "android.intent.action.SENDTO"
I/PackageManager(  358):   Category: "android.intent.category.DEFAULT"
I/PackageManager(  358):   Scheme: "mmsto"
I/PackageManager(  358): Adding preferred activity ComponentInfo{com.android.mms/com.android.mms.ui.ComposeMessageActivity} for user 0 :
I/Choreographer(  686): Skipped 918 frames!  The application may be doing too much work on its main thread.
D/dalvikvm(  358): GC_CONCURRENT freed 677K, 56% free 5637K/12728K, paused 33ms+4ms, total 356ms
D/dalvikvm(  358): WAIT_FOR_CONCURRENT_GC blocked 246ms
E/NetdConnector(  358): NDC Command {12 bandwidth setiquota eth0 9223372036854775807} took too long (1688ms)
D/MobileDataStateTracker(  358): default: setPolicyDataEnable(enabled=true)
D/MobileDataStateTracker(  358): default: isProvisioningNetwork: retVal=false
W/WindowManager(  358): App freeze timeout expired.
W/WindowManager(  358): Force clearing freeze: AppWindowToken{b30fd9b8 token=Token{b342b240 ActivityRecord{b342b0e0 u0 com.android.launcher/com.android.launcher2.Launcher t3}}}
D/CaptivePortalTracker(  358): NoActiveNetworkState{ when=-14ms what=1 obj=NetworkInfo: type: mobile[UMTS], state: CONNECTED/CONNECTED, reason: connected, extra: epc.tmobile.com, roaming: false, failover: false, isAvailable: true, isConnectedToProvisioningNetwork: false target=com.android.internal.util.StateMachine$SmHandler }
D/CaptivePortalTracker(  358): NoActiveNetworkState not a wifi connectivity change, ignore
D/Tethering(  358): MasterInitialState.processMessage what=3
I/SurfaceFlinger(   57): Boot is finished (75259 ms)
I/WindowManager(  358): Screen frozen for +5s856ms due to Window{b312aa58 u0 com.android.launcher/com.android.launcher2.Launcher}
I/Choreographer(  358): Skipped 67 frames!  The application may be doing too much work on its main thread.
W/ProcessCpuTracker(  358): Skipping unknown process pid 779
W/Launcher.Model(  686): LoaderTask running with no launcher (loadAllAppsByBatch)
E/NetdConnector(  358): NDC Command {13 bandwidth removeiquota eth0} took too long (4431ms)
D/dalvikvm(  358): WAIT_FOR_CONCURRENT_GC blocked 1ms
D/ConnectivityService(  358): [CheckMp] isMobileOk: isDefaultProvisioning=false
D/dalvikvm(  358): GC_EXPLICIT freed 441K, 57% free 5491K/12712K, paused 1019ms+110ms, total 2044ms
W/ActivityManager(  358): Activity destroy timeout for ActivityRecord{b2e01c18 u0 com.android.settings/.CryptKeeper t1 f}
W/ProcessCpuTracker(  358): Skipping unknown process pid 786
D/MobileDataStateTracker(  358): hipri: isProvisioningNetwork: retVal=false
D/ConnectivityService(  358): [CheckMp] isMobileOk: isHipriProvisioning=false
D/ConnectivityService(  358): [CheckMp] isMobileOk: start hipri url=http://clients3.google.com/generate_204
E/NetdConnector(  358): NDC Command {14 bandwidth setiquota eth0 9223372036854775807} took too long (8225ms)
D/MobileDataStateTracker(  358): default: setPolicyDataEnable(enabled=true)
D/ConnectivityService(  358): startUsingNetworkFeature reconnecting to 0: enableHIPRI
D/MobileDataStateTracker(  358): hipri: Broadcast received: android.intent.action.ANY_DATA_STATE apnType=hipri
D/MobileDataStateTracker(  358): hipri: Received state=CONNECTING, old=DISCONNECTED, reason=dataEnabled
D/MobileDataStateTracker(  358): hipri: setDetailed state, old =IDLE and new state=CONNECTING
D/MobileDataStateTracker(  358): fota: Broadcast received: android.intent.action.ANY_DATA_STATE apnType=fota
D/MobileDataStateTracker(  358): fota: Received state=DISCONNECTED, old=DISCONNECTED, reason=dataEnabled
D/MobileDataStateTracker(  358): ia: Broadcast received: android.intent.action.ANY_DATA_STATE apnType=ia
D/MobileDataStateTracker(  358): ia: Received state=DISCONNECTED, old=DISCONNECTED, reason=dataEnabled
D/MobileDataStateTracker(  358): supl: Broadcast received: android.intent.action.ANY_DATA_STATE apnType=supl
D/MobileDataStateTracker(  358): supl: Received state=DISCONNECTED, old=DISCONNECTED, reason=dataEnabled
D/MobileDataStateTracker(  358): ims: Broadcast received: android.intent.action.ANY_DATA_STATE apnType=ims
D/MobileDataStateTracker(  358): ims: Received state=DISCONNECTED, old=DISCONNECTED, reason=dataEnabled
D/MobileDataStateTracker(  358): mms: Broadcast received: android.intent.action.ANY_DATA_STATE apnType=mms
D/MobileDataStateTracker(  358): mms: Received state=DISCONNECTED, old=DISCONNECTED, reason=dataEnabled
D/MobileDataStateTracker(  358): cbs: Broadcast received: android.intent.action.ANY_DATA_STATE apnType=cbs
D/MobileDataStateTracker(  358): cbs: Received state=DISCONNECTED, old=DISCONNECTED, reason=dataEnabled
D/MobileDataStateTracker(  358): hipri: Broadcast received: android.intent.action.ANY_DATA_STATE apnType=hipri
D/MobileDataStateTracker(  358): hipri: Received state=CONNECTED, old=CONNECTING, reason=dataEnabled
D/MobileDataStateTracker(  358): hipri: setDetailed state, old =CONNECTING and new state=CONNECTED
D/ConnectivityService(  358): ConnectivityChange for mobile_hipri: CONNECTED/CONNECTED
E/logwrapper(  800): executing /system/bin/ip failed: No such file or directory
D/ConnectivityService(  358): startUsingNetworkFeature X: return APN_REQUEST_STARTED
E/ConnectivityService(  358): startUsingNetworkFeature took too long: 5695ms
D/ConnectivityService(  358): [CheckMp] isMobileOk: hipri started
D/ConnectivityService(  358): [CheckMp] isMobileOk: not connected ni=NetworkInfo: type: mobile_hipri[UMTS], state: DISCONNECTED/IDLE, reason: (unspecified), extra: (none), roaming: false, failover: false, isAvailable: true, isConnectedToProvisioningNetwork: false
E/ConnectivityService(  358): Exception trying to add a route: java.lang.IllegalStateException: command '21 interface fwmark exempt add 10.0.2.2/32' failed with '400 21 Failed to add exemption rule (File exists)'
E/logwrapper(  801): executing /system/bin/ip failed: No such file or directory
E/ConnectivityService(  358): Exception trying to add a route: java.lang.IllegalStateException: command '23 interface fwmark exempt add 10.0.2.3/32' failed with '400 23 Failed to add exemption rule (File exists)'
E/logwrapper(  802): executing /system/bin/ip failed: No such file or directory
E/ConnectivityService(  358): Exception trying to add a route: java.lang.IllegalStateException: command '25 interface fwmark exempt add 10.0.2.2/32' failed with '400 25 Failed to add exemption rule (File exists)'
E/logwrapper(  803): executing /system/bin/ip failed: No such file or directory
I/ContactLocale(  550): AddressBook Labels [en_US]: [, A, B, C, D, E, F, G, H, I, J, K, L, M, N, O, P, Q, R, S, T, U, V, W, X, Y, Z, , , , , , , , , , , , , , , , , , , , , , , , , , , , , , , , , , , , , , , , , , , , , , , , , , , , , , , , , , , , , , , , , , , , , , , , , , , , , , , , , , , , , , , , , , , , , , , , , , , , , , , , , , , , , , , , , , , , , , , , , , , , , , , , , , , , , , , , , , , , , , , , , , , , , , , , , , , , , , , , , , , , , , , , , , , , , , , , , , , , , , #, ]
E/ConnectivityService(  358): Exception trying to add a route: java.lang.IllegalStateException: command '27 interface fwmark exempt add 10.0.2.4/32' failed with '400 27 Failed to add exemption rule (File exists)'
E/logwrapper(  804): executing /system/bin/ip failed: No such file or directory
E/SecondaryTablController(   54): ip route add failed: /system/bin/ip route add 10.0.2.2/32 via 0.0.0.0 dev eth0 table 60
W/FrameworkListener(   54): Handler 'interface' error (No such device)
E/ConnectivityService(  358): Exception trying to add a route: java.lang.IllegalStateException: command '28 interface route add eth0 secondary 10.0.2.2 32 0.0.0.0' failed with '400 28 ip route modification failed (No such device)'
E/logwrapper(  805): executing /system/bin/ip failed: No such file or directory
E/SecondaryTablController(   54): ip route add failed: /system/bin/ip route add 0.0.0.0/0 via 10.0.2.2 dev eth0 table 60
W/FrameworkListener(   54): Handler 'interface' error (No such device)
E/ConnectivityService(  358): Exception trying to add a route: java.lang.IllegalStateException: command '29 interface route add eth0 secondary 0.0.0.0 0 10.0.2.2' failed with '400 29 ip route modification failed (No such device)'
D/Nat464Xlat(  358): requiresClat: netType=5, hasIPv4Address=true
D/MobileDataStateTracker(  358): default: setPolicyDataEnable(enabled=true)
D/ConnectivityService(  358): [CheckMp] isMobileOk: not connected ni=NetworkInfo: type: mobile_hipri[UMTS], state: DISCONNECTED/IDLE, reason: (unspecified), extra: (none), roaming: false, failover: false, isAvailable: true, isConnectedToProvisioningNetwork: false
E/NetdConnector(  358): NDC Command {30 bandwidth gettetherstats} took too long (583ms)
D/Launcher.Model(  686): Reload apps on config change. curr_mcc:310 prevmcc:0
I/Launcher(  686): Deferring update until onResume
I/Choreographer(  686): Skipped 3937 frames!  The application may be doing too much work on its main thread.
D/dalvikvm(  686): GC_FOR_ALLOC freed 4100K, 51% free 4111K/8308K, paused 67ms, total 90ms
I/dalvikvm-heap(  686): Grow heap (frag case) to 5.637MB for 1610896-byte allocation
D/dalvikvm(  686): GC_CONCURRENT freed 15K, 32% free 5669K/8308K, paused 5ms+3ms, total 96ms
D/dalvikvm(  686): WAIT_FOR_CONCURRENT_GC blocked 69ms
D/dalvikvm(  686): WAIT_FOR_CONCURRENT_GC blocked 84ms
D/ConnectivityService(  358): [CheckMp] isMobileOk: not connected ni=NetworkInfo: type: mobile_hipri[UMTS], state: DISCONNECTED/IDLE, reason: (unspecified), extra: (none), roaming: false, failover: false, isAvailable: true, isConnectedToProvisioningNetwork: false
D/dalvikvm(  686): GC_FOR_ALLOC freed 11K, 32% free 5658K/8308K, paused 118ms, total 119ms
I/dalvikvm-heap(  686): Grow heap (frag case) to 7.148MB for 1610896-byte allocation
E/NetdConnector(  358): NDC Command {31 bandwidth removeiquota eth0} took too long (1900ms)
D/dalvikvm(  686): GC_CONCURRENT freed 4K, 14% free 7227K/8308K, paused 4ms+3ms, total 95ms
D/dalvikvm(  686): WAIT_FOR_CONCURRENT_GC blocked 68ms
D/dalvikvm(  686): WAIT_FOR_CONCURRENT_GC blocked 90ms
D/AndroidRuntime(  808): 
D/AndroidRuntime(  808): >>>>>> AndroidRuntime START com.android.internal.os.RuntimeInit <<<<<<
I/ActivityManager(  358): Displayed com.android.launcher/com.android.launcher2.Launcher: +29s305ms (total +32s224ms)
D/AndroidRuntime(  808): CheckJNI is ON
E/SQLiteLog(  625): (1) no such table: album_info
D/ConnectivityService(  358): [CheckMp] isMobileOk: not connected ni=NetworkInfo: type: mobile_hipri[UMTS], state: DISCONNECTED/IDLE, reason: (unspecified), extra: (none), roaming: false, failover: false, isAvailable: true, isConnectedToProvisioningNetwork: false
D/dalvikvm(  808): Trying to load lib libjavacore.so 0x0
D/dalvikvm(  808): Added shared lib libjavacore.so 0x0
D/dalvikvm(  808): Trying to load lib libnativehelper.so 0x0
D/dalvikvm(  808): Added shared lib libnativehelper.so 0x0
D/dalvikvm(  808): No JNI_OnLoad found in libnativehelper.so 0x0, skipping init
D/Tethering(  358): MasterInitialState.processMessage what=3
D/CaptivePortalTracker(  358): NoActiveNetworkState{ when=-23ms what=1 obj=NetworkInfo: type: mobile_hipri[UMTS], state: CONNECTED/CONNECTED, reason: dataEnabled, extra: epc.tmobile.com, roaming: false, failover: false, isAvailable: true, isConnectedToProvisioningNetwork: false target=com.android.internal.util.StateMachine$SmHandler }
D/CaptivePortalTracker(  358): NoActiveNetworkState not a wifi connectivity change, ignore
D/dalvikvm(  808): Note: class Landroid/app/ActivityManagerNative; has 179 unimplemented (abstract) methods
I/Choreographer(  686): Skipped 82 frames!  The application may be doing too much work on its main thread.
I/Choreographer(  686): Skipped 96 frames!  The application may be doing too much work on its main thread.
E/NetdConnector(  358): NDC Command {32 bandwidth setiquota eth0 9223372036854775807} took too long (2797ms)
D/ConnectivityService(  358): [CheckMp] isMobileOk: not connected ni=NetworkInfo: type: mobile_hipri[UMTS], state: DISCONNECTED/IDLE, reason: (unspecified), extra: (none), roaming: false, failover: false, isAvailable: true, isConnectedToProvisioningNetwork: false
E/memtrack(  808): Couldn't load memtrack module (No such file or directory)
E/android.os.Debug(  808): failed to load memtrack module: -2
D/MobileDataStateTracker(  358): default: setPolicyDataEnable(enabled=true)
I/Choreographer(  686): Skipped 113 frames!  The application may be doing too much work on its main thread.
D/AndroidRuntime(  808): Calling main entry com.android.commands.pm.Pm
I/ActivityManager(  358): Start proc com.android.defcontainer for service com.android.defcontainer/.DefaultContainerService: pid=844 uid=10003 gids={50003, 1028, 1015, 1023, 2001, 1035}
D/ConnectivityService(  358): [CheckMp] isMobileOk: not connected ni=NetworkInfo: type: mobile_hipri[UMTS], state: DISCONNECTED/IDLE, reason: (unspecified), extra: (none), roaming: false, failover: false, isAvailable: true, isConnectedToProvisioningNetwork: false
W/ActivityManager(  358): No content provider found for permission revoke: file:///data/local/tmp/sample_for_analysis.apk
D/dalvikvm(  686): GC_CONCURRENT freed 2107K, 26% free 6510K/8716K, paused 4ms+4ms, total 40ms
D/GpsLocationProvider(  358): NTP server returned: 1545855793604 (Wed Dec 26 15:23:13 EST 2018) reference: 76793 certainty: 69 system time offset: -40959
I/ActivityManager(  358): Start proc com.android.exchange for content provider com.android.exchange/.provider.ExchangeDirectoryProvider: pid=858 uid=10025 gids={50025, 3003, 1028, 1015}
D/ConnectivityService(  358): [CheckMp] isMobileOk: not connected ni=NetworkInfo: type: mobile_hipri[UMTS], state: DISCONNECTED/IDLE, reason: (unspecified), extra: (none), roaming: false, failover: false, isAvailable: true, isConnectedToProvisioningNetwork: false
I/ActivityManager(  358): Start proc com.android.email for content provider com.android.email/.provider.EmailProvider: pid=871 uid=10024 gids={50024, 3003, 1028, 1015}
D/dalvikvm(  358): GC_CONCURRENT freed 489K, 57% free 5574K/12712K, paused 6ms+5ms, total 78ms
D/ActivityThread(  871): Loading provider com.android.email.provider;com.android.email.notifier: com.android.email.provider.EmailProvider
D/dalvikvm(  625): GC_CONCURRENT freed 227K, 10% free 2882K/3196K, paused 2ms+2ms, total 99ms
I/ActivityManager(  358): Start proc com.android.externalstorage for broadcast com.android.externalstorage/.MountReceiver: pid=888 uid=10006 gids={50006, 1028, 1015, 1023}
D/ConnectivityService(  358): [CheckMp] isMobileOk: not connected ni=NetworkInfo: type: mobile_hipri[UMTS], state: DISCONNECTED/IDLE, reason: (unspecified), extra: (none), roaming: false, failover: false, isAvailable: true, isConnectedToProvisioningNetwork: false
I/DownloadManager(  625): Upgrading downloads database from version 0 to version 109, which will destroy all old data
D/ExternalStorage(  888): Missing UUID for /storage/sdcard; skipping
D/ExternalStorage(  888): After updating volumes, found 0 active roots
D/dalvikvm(  602): GC_CONCURRENT freed 485K, 16% free 3293K/3912K, paused 4ms+2ms, total 30ms
D/ConnectivityService(  358): [CheckMp] isMobileOk: not connected ni=NetworkInfo: type: mobile_hipri[UMTS], state: DISCONNECTED/IDLE, reason: (unspecified), extra: (none), roaming: false, failover: false, isAvailable: true, isConnectedToProvisioningNetwork: false
W/ActivityManager(  358): Unable to start service Intent { cmp=com.android.email/.service.AttachmentDownloadService } U=0: not found
I/Email   (  871): Observing account changes for notifications
W/ActivityManager(  358): Unable to start service Intent { cmp=com.android.email/.service.AttachmentDownloadService } U=0: not found
D/dalvikvm(  871): GC_FOR_ALLOC freed 293K, 12% free 2911K/3296K, paused 31ms, total 31ms
D/ConnectivityService(  358): [CheckMp] isMobileOk: not connected ni=NetworkInfo: type: mobile_hipri[UMTS], state: DISCONNECTED/IDLE, reason: (unspecified), extra: (none), roaming: false, failover: false, isAvailable: true, isConnectedToProvisioningNetwork: false
D/dalvikvm(  871): GC_CONCURRENT freed 26K, 12% free 2911K/3296K, paused 2ms+2ms, total 78ms
W/ActivityManager(  358): No content provider found for permission revoke: file:///data/local/tmp/sample_for_analysis.apk
I/PackageManager(  358): Copying native libraries to /data/app-lib/vmdl1493488011
D/ExternalStorage(  888): Missing UUID for /storage/sdcard; skipping
D/ExternalStorage(  888): After updating volumes, found 0 active roots
D/ConnectivityService(  358): [CheckMp] isMobileOk: not connected ni=NetworkInfo: type: mobile_hipri[UMTS], state: DISCONNECTED/IDLE, reason: (unspecified), extra: (none), roaming: false, failover: false, isAvailable: true, isConnectedToProvisioningNetwork: false
D/dalvikvm(  358): GC_CONCURRENT freed 466K, 56% free 5708K/12712K, paused 13ms+4ms, total 67ms
D/ConnectivityService(  358): [CheckMp] isMobileOk: not connected ni=NetworkInfo: type: mobile_hipri[UMTS], state: DISCONNECTED/IDLE, reason: (unspecified), extra: (none), roaming: false, failover: false, isAvailable: true, isConnectedToProvisioningNetwork: false
D/dalvikvm(  358): GC_CONCURRENT freed 626K, 55% free 5722K/12712K, paused 6ms+6ms, total 69ms
D/ConnectivityService(  358): [CheckMp] isMobileOk: not connected ni=NetworkInfo: type: mobile_hipri[UMTS], state: DISCONNECTED/IDLE, reason: (unspecified), extra: (none), roaming: false, failover: false, isAvailable: true, isConnectedToProvisioningNetwork: false
I/PackageManager(  358): Running dexopt on: com.opgermany.iqtest
D/ConnectivityService(  358): [CheckMp] isMobileOk: not connected ni=NetworkInfo: type: mobile_hipri[UMTS], state: DISCONNECTED/IDLE, reason: (unspecified), extra: (none), roaming: false, failover: false, isAvailable: true, isConnectedToProvisioningNetwork: false
D/dalvikvm(  904): DexOpt: load 49ms, verify+opt 82ms, 302092 bytes
D/dalvikvm(  358): GC_CONCURRENT freed 619K, 55% free 5741K/12712K, paused 6ms+6ms, total 68ms
D/MediaScannerReceiver(  625): action: android.intent.action.MEDIA_MOUNTED path: /storage/sdcard
I/ActivityManager(  358): Force stopping com.opgermany.iqtest appid=10052 user=-1: update pkg
I/InputReader(  358): Reconfiguring input devices.  changes=0x00000010
I/PackageManager(  358):   Action: "android.intent.action.SENDTO"
I/PackageManager(  358):   Category: "android.intent.category.DEFAULT"
I/PackageManager(  358):   Scheme: "sms"
I/PackageManager(  358): Adding preferred activity ComponentInfo{com.android.mms/com.android.mms.ui.ComposeMessageActivity} for user 0 :
I/PackageManager(  358):   Action: "android.intent.action.SENDTO"
I/PackageManager(  358):   Category: "android.intent.category.DEFAULT"
I/PackageManager(  358):   Scheme: "smsto"
D/BackupManagerService(  358): Received broadcast Intent { act=android.intent.action.PACKAGE_ADDED dat=package:com.opgermany.iqtest flg=0x4000010 (has extras) }
I/PackageManager(  358): Adding preferred activity ComponentInfo{com.android.mms/com.android.mms.ui.ComposeMessageActivity} for user 0 :
V/BackupManagerService(  358): addPackageParticipantsLocked: #1
I/PackageManager(  358):   Action: "android.intent.action.SENDTO"
I/PackageManager(  358):   Category: "android.intent.category.DEFAULT"
I/PackageManager(  358):   Scheme: "mms"
I/PackageManager(  358): Adding preferred activity ComponentInfo{com.android.mms/com.android.mms.ui.ComposeMessageActivity} for user 0 :
I/PackageManager(  358):   Action: "android.intent.action.SENDTO"
I/PackageManager(  358):   Category: "android.intent.category.DEFAULT"
I/PackageManager(  358):   Scheme: "mmsto"
