I/ActivityManager(  361): Start proc com.android.printspooler for service com.android.printspooler/.PrintSpoolerService: pid=694 uid=10039 gids={50039}
I/LatinIME:LogUtils(  591): Dictionary info: dictionary = PersonalizationPredictionDictio ; version = ? ; date = 1545764116
I/LatinIME:LogUtils(  591): Dictionary info: dictionary = UserHistoryDictionary.en_US.dic ; version = ? ; date = 1545764116
I/LatinIME:LogUtils(  591): Dictionary info: dictionary = personalization.en_US.dict ; version = ? ; date = 1545764116
D/dalvikvm(  591): GC_CONCURRENT freed 411K, 15% free 3005K/3504K, paused 54ms+64ms, total 302ms
I/LatinIME:LogUtils(  591): Dictionary info: dictionary = userunigram.en_US.dict ; version = ? ; date = ?
I/PrintSpoolerService(  694): No existing print spooler state.
D/dalvikvm(  361): GC_CONCURRENT freed 715K, 60% free 5447K/13288K, paused 141ms+17ms, total 429ms
D/dalvikvm(  361): WAIT_FOR_CONCURRENT_GC blocked 163ms
D/dalvikvm(  361): WAIT_FOR_CONCURRENT_GC blocked 83ms
D/dalvikvm(  361): WAIT_FOR_CONCURRENT_GC blocked 97ms
D/dalvikvm(  361): WAIT_FOR_CONCURRENT_GC blocked 87ms
D/dalvikvm(  361): WAIT_FOR_CONCURRENT_GC blocked 85ms
D/MobileDataStateTracker(  361): fota: Broadcast received: android.intent.action.ANY_DATA_STATE apnType=fota
D/dalvikvm(  361): WAIT_FOR_CONCURRENT_GC blocked 78ms
D/dalvikvm(  361): WAIT_FOR_CONCURRENT_GC blocked 76ms
D/MobileDataStateTracker(  361): fota: Received state=DISCONNECTED, old=DISCONNECTED, reason=radioTurnedOff
D/MobileDataStateTracker(  361): ia: Broadcast received: android.intent.action.ANY_DATA_STATE apnType=ia
D/MobileDataStateTracker(  361): ia: Received state=DISCONNECTED, old=DISCONNECTED, reason=radioTurnedOff
D/MobileDataStateTracker(  361): supl: Broadcast received: android.intent.action.ANY_DATA_STATE apnType=supl
D/MobileDataStateTracker(  361): supl: Received state=DISCONNECTED, old=DISCONNECTED, reason=radioTurnedOff
D/MobileDataStateTracker(  361): hipri: Broadcast received: android.intent.action.ANY_DATA_STATE apnType=hipri
D/MobileDataStateTracker(  361): hipri: Received state=DISCONNECTED, old=DISCONNECTED, reason=radioTurnedOff
D/MobileDataStateTracker(  361): ims: Broadcast received: android.intent.action.ANY_DATA_STATE apnType=ims
D/MobileDataStateTracker(  361): ims: Received state=DISCONNECTED, old=DISCONNECTED, reason=radioTurnedOff
D/MobileDataStateTracker(  361): default: Broadcast received: android.intent.action.ANY_DATA_STATE apnType=default
D/MobileDataStateTracker(  361): default: Received state=DISCONNECTED, old=DISCONNECTED, reason=radioTurnedOff
D/MobileDataStateTracker(  361): mms: Broadcast received: android.intent.action.ANY_DATA_STATE apnType=mms
D/MobileDataStateTracker(  361): mms: Received state=DISCONNECTED, old=DISCONNECTED, reason=radioTurnedOff
I/LatinIME:LogUtils(  591): Dictionary info: dictionary = main:en ; version = 42 ; date = 1381226429
I/LatinIME:LogUtils(  591): Dictionary info: dictionary = main:en ; version = 42 ; date = 1381226429
D/MobileDataStateTracker(  361): cbs: Broadcast received: android.intent.action.ANY_DATA_STATE apnType=cbs
D/MobileDataStateTracker(  361): cbs: Received state=DISCONNECTED, old=DISCONNECTED, reason=radioTurnedOff
D/MobileDataStateTracker(  361): fota: Broadcast received: android.intent.action.ANY_DATA_STATE apnType=fota
I/LatinIME:LogUtils(  591): Dictionary info: dictionary = main:en ; version = 42 ; date = 1381226429
D/MobileDataStateTracker(  361): fota: Received state=DISCONNECTED, old=DISCONNECTED, reason=radioTurnedOff
D/MobileDataStateTracker(  361): ia: Broadcast received: android.intent.action.ANY_DATA_STATE apnType=ia
D/MobileDataStateTracker(  361): ia: Received state=DISCONNECTED, old=DISCONNECTED, reason=radioTurnedOff
D/MobileDataStateTracker(  361): supl: Broadcast received: android.intent.action.ANY_DATA_STATE apnType=supl
D/MobileDataStateTracker(  361): supl: Received state=DISCONNECTED, old=DISCONNECTED, reason=radioTurnedOff
D/MobileDataStateTracker(  361): hipri: Broadcast received: android.intent.action.ANY_DATA_STATE apnType=hipri
D/MobileDataStateTracker(  361): hipri: Received state=DISCONNECTED, old=DISCONNECTED, reason=radioTurnedOff
D/MobileDataStateTracker(  361): ims: Broadcast received: android.intent.action.ANY_DATA_STATE apnType=ims
D/MobileDataStateTracker(  361): ims: Received state=DISCONNECTED, old=DISCONNECTED, reason=radioTurnedOff
D/MobileDataStateTracker(  361): default: Broadcast received: android.intent.action.ANY_DATA_STATE apnType=default
D/MobileDataStateTracker(  361): default: Received state=DISCONNECTED, old=DISCONNECTED, reason=radioTurnedOff
D/MobileDataStateTracker(  361): mms: Broadcast received: android.intent.action.ANY_DATA_STATE apnType=mms
D/MobileDataStateTracker(  361): mms: Received state=DISCONNECTED, old=DISCONNECTED, reason=radioTurnedOff
D/MobileDataStateTracker(  361): cbs: Broadcast received: android.intent.action.ANY_DATA_STATE apnType=cbs
D/MobileDataStateTracker(  361): cbs: Received state=DISCONNECTED, old=DISCONNECTED, reason=radioTurnedOff
D/MobileDataStateTracker(  361): fota: Broadcast received: android.intent.action.ANY_DATA_STATE apnType=fota
D/MobileDataStateTracker(  361): fota: Received state=DISCONNECTED, old=DISCONNECTED, reason=dataDetached
D/MobileDataStateTracker(  361): ia: Broadcast received: android.intent.action.ANY_DATA_STATE apnType=ia
D/MobileDataStateTracker(  361): ia: Received state=DISCONNECTED, old=DISCONNECTED, reason=dataDetached
D/MobileDataStateTracker(  361): supl: Broadcast received: android.intent.action.ANY_DATA_STATE apnType=supl
D/MobileDataStateTracker(  361): supl: Received state=DISCONNECTED, old=DISCONNECTED, reason=dataDetached
D/MobileDataStateTracker(  361): hipri: Broadcast received: android.intent.action.ANY_DATA_STATE apnType=hipri
D/MobileDataStateTracker(  361): hipri: Received state=DISCONNECTED, old=DISCONNECTED, reason=dataDetached
D/MobileDataStateTracker(  361): ims: Broadcast received: android.intent.action.ANY_DATA_STATE apnType=ims
D/MobileDataStateTracker(  361): ims: Received state=DISCONNECTED, old=DISCONNECTED, reason=dataDetached
D/MobileDataStateTracker(  361): default: Broadcast received: android.intent.action.ANY_DATA_STATE apnType=default
D/MobileDataStateTracker(  361): default: Received state=DISCONNECTED, old=DISCONNECTED, reason=dataDetached
D/MobileDataStateTracker(  361): mms: Broadcast received: android.intent.action.ANY_DATA_STATE apnType=mms
D/MobileDataStateTracker(  361): mms: Received state=DISCONNECTED, old=DISCONNECTED, reason=dataDetached
I/LatinIME:LogUtils(  591): Dictionary info: dictionary = main:en ; version = 42 ; date = 1381226429
D/MobileDataStateTracker(  361): cbs: Broadcast received: android.intent.action.ANY_DATA_STATE apnType=cbs
D/MobileDataStateTracker(  361): cbs: Received state=DISCONNECTED, old=DISCONNECTED, reason=dataDetached
D/MobileDataStateTracker(  361): fota: Broadcast received: android.intent.action.ANY_DATA_STATE apnType=fota
D/MobileDataStateTracker(  361): fota: Received state=DISCONNECTED, old=DISCONNECTED, reason=roamingOff
D/MobileDataStateTracker(  361): ia: Broadcast received: android.intent.action.ANY_DATA_STATE apnType=ia
D/MobileDataStateTracker(  361): ia: Received state=DISCONNECTED, old=DISCONNECTED, reason=roamingOff
D/MobileDataStateTracker(  361): supl: Broadcast received: android.intent.action.ANY_DATA_STATE apnType=supl
D/MobileDataStateTracker(  361): supl: Received state=DISCONNECTED, old=DISCONNECTED, reason=roamingOff
D/MobileDataStateTracker(  361): hipri: Broadcast received: android.intent.action.ANY_DATA_STATE apnType=hipri
D/MobileDataStateTracker(  361): hipri: Received state=DISCONNECTED, old=DISCONNECTED, reason=roamingOff
D/MobileDataStateTracker(  361): ims: Broadcast received: android.intent.action.ANY_DATA_STATE apnType=ims
D/MobileDataStateTracker(  361): ims: Received state=DISCONNECTED, old=DISCONNECTED, reason=roamingOff
D/MobileDataStateTracker(  361): default: Broadcast received: android.intent.action.ANY_DATA_STATE apnType=default
D/MobileDataStateTracker(  361): default: Received state=DISCONNECTED, old=DISCONNECTED, reason=roamingOff
D/MobileDataStateTracker(  361): mms: Broadcast received: android.intent.action.ANY_DATA_STATE apnType=mms
D/MobileDataStateTracker(  361): mms: Received state=DISCONNECTED, old=DISCONNECTED, reason=roamingOff
D/MobileDataStateTracker(  361): cbs: Broadcast received: android.intent.action.ANY_DATA_STATE apnType=cbs
D/MobileDataStateTracker(  361): cbs: Received state=DISCONNECTED, old=DISCONNECTED, reason=roamingOff
D/MobileDataStateTracker(  361): fota: Broadcast received: android.intent.action.ANY_DATA_STATE apnType=fota
D/MobileDataStateTracker(  361): fota: Received state=DISCONNECTED, old=DISCONNECTED, reason=roamingOff
I/LatinIME:LogUtils(  591): Dictionary info: dictionary = main:en ; version = 42 ; date = 1381226429
I/LatinIME:LogUtils(  591): Dictionary info: dictionary = main:en ; version = 42 ; date = 1381226429
D/dalvikvm(  603): GC_CONCURRENT freed 290K, 12% free 3056K/3436K, paused 6ms+17ms, total 88ms
D/MobileDataStateTracker(  361): ia: Broadcast received: android.intent.action.ANY_DATA_STATE apnType=ia
D/MobileDataStateTracker(  361): ia: Received state=DISCONNECTED, old=DISCONNECTED, reason=roamingOff
D/MobileDataStateTracker(  361): supl: Broadcast received: android.intent.action.ANY_DATA_STATE apnType=supl
D/MobileDataStateTracker(  361): supl: Received state=DISCONNECTED, old=DISCONNECTED, reason=roamingOff
D/MobileDataStateTracker(  361): hipri: Broadcast received: android.intent.action.ANY_DATA_STATE apnType=hipri
I/LatinIME:LogUtils(  591): Dictionary info: dictionary = main:en ; version = 42 ; date = 1381226429
D/MobileDataStateTracker(  361): hipri: Received state=DISCONNECTED, old=DISCONNECTED, reason=roamingOff
D/MobileDataStateTracker(  361): ims: Broadcast received: android.intent.action.ANY_DATA_STATE apnType=ims
D/MobileDataStateTracker(  361): ims: Received state=DISCONNECTED, old=DISCONNECTED, reason=roamingOff
D/MobileDataStateTracker(  361): default: Broadcast received: android.intent.action.ANY_DATA_STATE apnType=default
D/TelephonyDebugService(  603): TelephonyDebugService()
D/MobileDataStateTracker(  361): default: Received state=DISCONNECTED, old=DISCONNECTED, reason=roamingOff
D/MobileDataStateTracker(  361): mms: Broadcast received: android.intent.action.ANY_DATA_STATE apnType=mms
D/MobileDataStateTracker(  361): mms: Received state=DISCONNECTED, old=DISCONNECTED, reason=roamingOff
D/MobileDataStateTracker(  361): cbs: Broadcast received: android.intent.action.ANY_DATA_STATE apnType=cbs
D/MobileDataStateTracker(  361): cbs: Received state=DISCONNECTED, old=DISCONNECTED, reason=roamingOff
D/MccTable(  603): updateMccMncConfiguration: mcc=310, mnc=260
D/AlarmManagerService(  361): Kernel timezone updated to 300 minutes west of GMT
D/MccTable(  603): timezone set to America/New_York
D/MccTable(  603): getLocaleFromMcc to en_us mcc=310
D/MccTable(  603): getLocaleForLanguageCountry: got match
D/MccTable(  603): getLocaleForLanguageCountry: X locale=en_US
D/MccTable(  603): WIFI_COUNTRY_CODE set to us
I/WifiService(  361): WifiService trying to set country code to us with persist set to true
D/dalvikvm(  672): GC_CONCURRENT freed 175K, 9% free 2969K/3236K, paused 5ms+6ms, total 112ms
I/FusedLocation(  361): engine stopped (com.android.location.fused)
I/FusedLocation(  361): engine started (com.android.location.fused)
I/FusedLocation(  361): engine started (com.android.location.fused)
D/MobileDataStateTracker(  361): fota: Broadcast received: android.intent.action.ANY_DATA_STATE apnType=fota
D/MobileDataStateTracker(  361): fota: Received state=DISCONNECTED, old=DISCONNECTED, reason=dataAttached
D/MobileDataStateTracker(  361): ia: Broadcast received: android.intent.action.ANY_DATA_STATE apnType=ia
D/MobileDataStateTracker(  361): ia: Received state=DISCONNECTED, old=DISCONNECTED, reason=dataAttached
D/MobileDataStateTracker(  361): supl: Broadcast received: android.intent.action.ANY_DATA_STATE apnType=supl
D/MobileDataStateTracker(  361): supl: Received state=DISCONNECTED, old=DISCONNECTED, reason=dataAttached
D/MobileDataStateTracker(  361): hipri: Broadcast received: android.intent.action.ANY_DATA_STATE apnType=hipri
D/MobileDataStateTracker(  361): hipri: Received state=DISCONNECTED, old=DISCONNECTED, reason=dataAttached
D/MobileDataStateTracker(  361): ims: Broadcast received: android.intent.action.ANY_DATA_STATE apnType=ims
D/MobileDataStateTracker(  361): ims: Received state=DISCONNECTED, old=DISCONNECTED, reason=dataAttached
D/MobileDataStateTracker(  361): mms: Broadcast received: android.intent.action.ANY_DATA_STATE apnType=mms
D/MobileDataStateTracker(  361): mms: Received state=DISCONNECTED, old=DISCONNECTED, reason=dataAttached
D/MobileDataStateTracker(  361): cbs: Broadcast received: android.intent.action.ANY_DATA_STATE apnType=cbs
D/MobileDataStateTracker(  361): cbs: Received state=DISCONNECTED, old=DISCONNECTED, reason=dataAttached
D/MobileDataStateTracker(  361): fota: Broadcast received: android.intent.action.ANY_DATA_STATE apnType=fota
D/MobileDataStateTracker(  361): fota: Received state=DISCONNECTED, old=DISCONNECTED, reason=dataAttached
D/MobileDataStateTracker(  361): ia: Broadcast received: android.intent.action.ANY_DATA_STATE apnType=ia
D/MobileDataStateTracker(  361): ia: Received state=DISCONNECTED, old=DISCONNECTED, reason=dataAttached
D/MobileDataStateTracker(  361): supl: Broadcast received: android.intent.action.ANY_DATA_STATE apnType=supl
D/MobileDataStateTracker(  361): supl: Received state=DISCONNECTED, old=DISCONNECTED, reason=dataAttached
D/MobileDataStateTracker(  361): hipri: Broadcast received: android.intent.action.ANY_DATA_STATE apnType=hipri
D/MobileDataStateTracker(  361): hipri: Received state=DISCONNECTED, old=DISCONNECTED, reason=dataAttached
D/MobileDataStateTracker(  361): ims: Broadcast received: android.intent.action.ANY_DATA_STATE apnType=ims
D/MobileDataStateTracker(  361): ims: Received state=DISCONNECTED, old=DISCONNECTED, reason=dataAttached
D/MobileDataStateTracker(  361): mms: Broadcast received: android.intent.action.ANY_DATA_STATE apnType=mms
D/MobileDataStateTracker(  361): mms: Received state=DISCONNECTED, old=DISCONNECTED, reason=dataAttached
D/MobileDataStateTracker(  361): cbs: Broadcast received: android.intent.action.ANY_DATA_STATE apnType=cbs
D/MobileDataStateTracker(  361): cbs: Received state=DISCONNECTED, old=DISCONNECTED, reason=dataAttached
D/dalvikvm(  603): GC_CONCURRENT freed 306K, 12% free 3174K/3568K, paused 4ms+34ms, total 197ms
D/MccTable(  603): updateMccMncConfiguration: mcc=310, mnc=260
D/MccTable(  603): getLocaleFromMcc to en_us mcc=310
D/MccTable(  603): getLocaleForLanguageCountry: got match
D/MccTable(  603): getLocaleForLanguageCountry: X locale=en_US
D/MccTable(  603): updateMccMncConfiguration updateConfig config={1.0 310mcc260mnc en_US ldltr ?swdp ?wdp ?hdp ?density ?lsize ?long ?orien ?uimode ?night ?touch ?keyb/?/? ?nav/?}
D/dalvikvm(  361): GC_CONCURRENT freed 614K, 59% free 5522K/13288K, paused 6ms+5ms, total 234ms
D/dalvikvm(  361): WAIT_FOR_CONCURRENT_GC blocked 175ms
D/dalvikvm(  361): WAIT_FOR_CONCURRENT_GC blocked 125ms
D/dalvikvm(  361): WAIT_FOR_CONCURRENT_GC blocked 116ms
I/ActivityManager(  361): Config changes=3 {1.0 310mcc260mnc en_US ldltr sw480dp w480dp h839dp 160dpi lrg long port finger -keyb/v/h tball/v s.6}
D/PermissionCache(   57): checking android.permission.READ_FRAME_BUFFER for uid=1000 => granted (1952 us)
D/gralloc (   57): Registering a buffer in the process that created it. This may cause memory ordering problems.
E/libEGL  (   57): called unimplemented OpenGL ES API
E/libEGL  (   57): called unimplemented OpenGL ES API
E/libEGL  (   57): called unimplemented OpenGL ES API
E/libEGL  (   57): called unimplemented OpenGL ES API
E/SurfaceFlinger(   57): glCheckFramebufferStatusOES error 836969677
E/SurfaceFlinger(   57): got GL_FRAMEBUFFER_COMPLETE_OES error while taking screenshot
E/libEGL  (   57): called unimplemented OpenGL ES API
E/libEGL  (   57): called unimplemented OpenGL ES API
I/ARMAssembler(   57): generated scanline__00000077:03515104_00008001_00000000 [113 ipp] (134 ins) at [0xb594c1f0:0xb594c408] in 20000000 ns
D/PhoneStatusBar(  449): mSettingsPanelGravity = 55
D/MccTable(  603): updateMccMncConfiguration: mcc=310, mnc=260
D/MccTable(  603): getLocaleFromMcc to en_us mcc=310
D/MccTable(  603): getLocaleForLanguageCountry: skipping already persisted
D/MccTable(  603): getLocaleForLanguageCountry: X locale=null
D/MccTable(  603): updateMccMncConfiguration updateConfig config={1.0 310mcc260mnc ?locale ?layoutDir ?swdp ?wdp ?hdp ?density ?lsize ?long ?orien ?uimode ?night ?touch ?keyb/?/? ?nav/?}
D/dalvikvm(  361): GC_CONCURRENT freed 705K, 59% free 5525K/13288K, paused 6ms+5ms, total 227ms
D/dalvikvm(  361): WAIT_FOR_CONCURRENT_GC blocked 102ms
D/dalvikvm(  603): GC_CONCURRENT freed 372K, 13% free 3310K/3772K, paused 5ms+14ms, total 78ms
D/dalvikvm(  603): WAIT_FOR_CONCURRENT_GC blocked 34ms
D/dalvikvm(  672): GC_FOR_ALLOC freed 187K, 9% free 3111K/3392K, paused 52ms, total 54ms
I/dalvikvm-heap(  672): Grow heap (frag case) to 3.735MB for 640016-byte allocation
D/dalvikvm(  672): GC_FOR_ALLOC freed 2K, 8% free 3733K/4020K, paused 34ms, total 34ms
D/dalvikvm(  672): GC_CONCURRENT freed 5K, 8% free 3727K/4020K, paused 4ms+2ms, total 68ms
D/MobileDataStateTracker(  361): fota: Broadcast received: android.intent.action.ANY_DATA_STATE apnType=fota
D/MobileDataStateTracker(  361): fota: Received state=DISCONNECTED, old=DISCONNECTED, reason=simLoaded
D/MobileDataStateTracker(  361): ia: Broadcast received: android.intent.action.ANY_DATA_STATE apnType=ia
D/MobileDataStateTracker(  361): ia: Received state=DISCONNECTED, old=DISCONNECTED, reason=simLoaded
D/MobileDataStateTracker(  361): supl: Broadcast received: android.intent.action.ANY_DATA_STATE apnType=supl
D/MobileDataStateTracker(  361): supl: Received state=DISCONNECTED, old=DISCONNECTED, reason=simLoaded
D/MobileDataStateTracker(  361): hipri: Broadcast received: android.intent.action.ANY_DATA_STATE apnType=hipri
D/MobileDataStateTracker(  361): hipri: Received state=DISCONNECTED, old=DISCONNECTED, reason=simLoaded
D/MobileDataStateTracker(  361): ims: Broadcast received: android.intent.action.ANY_DATA_STATE apnType=ims
D/MobileDataStateTracker(  361): ims: Received state=DISCONNECTED, old=DISCONNECTED, reason=simLoaded
D/MobileDataStateTracker(  361): mms: Broadcast received: android.intent.action.ANY_DATA_STATE apnType=mms
D/MobileDataStateTracker(  361): mms: Received state=DISCONNECTED, old=DISCONNECTED, reason=simLoaded
D/MobileDataStateTracker(  361): cbs: Broadcast received: android.intent.action.ANY_DATA_STATE apnType=cbs
D/MobileDataStateTracker(  361): cbs: Received state=DISCONNECTED, old=DISCONNECTED, reason=simLoaded
D/dalvikvm(  603): GC_CONCURRENT freed 497K, 16% free 3296K/3880K, paused 4ms+23ms, total 123ms
D/MobileDataStateTracker(  361): default: Broadcast received: android.intent.action.ANY_DATA_STATE apnType=default
D/MobileDataStateTracker(  361): default: Received state=CONNECTING, old=DISCONNECTED, reason=simLoaded
D/MobileDataStateTracker(  361): default: setDetailed state, old =IDLE and new state=CONNECTING
D/MobileDataStateTracker(  361): fota: Broadcast received: android.intent.action.ANY_DATA_STATE apnType=fota
D/MobileDataStateTracker(  361): fota: Received state=DISCONNECTED, old=DISCONNECTED, reason=simLoaded
D/MobileDataStateTracker(  361): ia: Broadcast received: android.intent.action.ANY_DATA_STATE apnType=ia
W/Resources(  672): Converting to int: TypedValue{t=0x3/d=0x12 "4" a=-1}
W/Resources(  672): Converting to int: TypedValue{t=0x3/d=0xf "1" a=-1}
D/MobileDataStateTracker(  361): ia: Received state=DISCONNECTED, old=DISCONNECTED, reason=simLoaded
D/MobileDataStateTracker(  361): supl: Broadcast received: android.intent.action.ANY_DATA_STATE apnType=supl
W/Resources(  672): Converting to int: TypedValue{t=0x3/d=0x15 "2" a=-1}
W/Resources(  672): Converting to int: TypedValue{t=0x3/d=0x15 "2" a=-1}
D/MobileDataStateTracker(  361): supl: Received state=DISCONNECTED, old=DISCONNECTED, reason=simLoaded
D/MobileDataStateTracker(  361): hipri: Broadcast received: android.intent.action.ANY_DATA_STATE apnType=hipri
D/MobileDataStateTracker(  361): hipri: Received state=DISCONNECTED, old=DISCONNECTED, reason=simLoaded
D/MobileDataStateTracker(  361): ims: Broadcast received: android.intent.action.ANY_DATA_STATE apnType=ims
D/MobileDataStateTracker(  361): ims: Received state=DISCONNECTED, old=DISCONNECTED, reason=simLoaded
D/MobileDataStateTracker(  361): mms: Broadcast received: android.intent.action.ANY_DATA_STATE apnType=mms
D/MobileDataStateTracker(  361): mms: Received state=DISCONNECTED, old=DISCONNECTED, reason=simLoaded
W/Launcher.LauncherProvider(  672): Unable to add favorite: com.android.camera2/com.android.camera.CameraLauncher
W/Launcher.LauncherProvider(  672): android.content.pm.PackageManager$NameNotFoundException: ComponentInfo{com.android.camera2/com.android.camera.CameraLauncher}
W/Launcher.LauncherProvider(  672): 	at android.app.ApplicationPackageManager.getActivityInfo(ApplicationPackageManager.java:242)
W/Launcher.LauncherProvider(  672): 	at com.android.launcher2.LauncherProvider$DatabaseHelper.addAppShortcut(LauncherProvider.java:959)
W/Launcher.LauncherProvider(  672): 	at com.android.launcher2.LauncherProvider$DatabaseHelper.loadFavorites(LauncherProvider.java:863)
W/Launcher.LauncherProvider(  672): 	at com.android.launcher2.LauncherProvider$DatabaseHelper.access$000(LauncherProvider.java:253)
W/Launcher.LauncherProvider(  672): 	at com.android.launcher2.LauncherProvider.loadDefaultFavoritesIfNecessary(LauncherProvider.java:237)
W/Launcher.LauncherProvider(  672): 	at com.android.launcher2.LauncherModel$LoaderTask.loadWorkspace(LauncherModel.java:1278)
W/Launcher.LauncherProvider(  672): 	at com.android.launcher2.LauncherModel$LoaderTask.loadAndBindWorkspace(LauncherModel.java:1020)
W/Launcher.LauncherProvider(  672): 	at com.android.launcher2.LauncherModel$LoaderTask.run(LauncherModel.java:1126)
W/Launcher.LauncherProvider(  672): 	at android.os.Handler.handleCallback(Handler.java:733)
W/Launcher.LauncherProvider(  672): 	at android.os.Handler.dispatchMessage(Handler.java:95)
W/Launcher.LauncherProvider(  672): 	at android.os.Looper.loop(Looper.java:136)
W/Launcher.LauncherProvider(  672): 	at android.os.HandlerThread.run(HandlerThread.java:61)
D/MobileDataStateTracker(  361): cbs: Broadcast received: android.intent.action.ANY_DATA_STATE apnType=cbs
D/MobileDataStateTracker(  361): cbs: Received state=DISCONNECTED, old=DISCONNECTED, reason=simLoaded
W/Launcher.LauncherProvider(  672): Unable to add favorite: com.android.gallery3d/com.android.gallery3d.app.Gallery
W/Launcher.LauncherProvider(  672): android.content.pm.PackageManager$NameNotFoundException: ComponentInfo{com.android.gallery3d/com.android.gallery3d.app.Gallery}
W/Launcher.LauncherProvider(  672): 	at android.app.ApplicationPackageManager.getActivityInfo(ApplicationPackageManager.java:242)
W/Launcher.LauncherProvider(  672): 	at com.android.launcher2.LauncherProvider$DatabaseHelper.addAppShortcut(LauncherProvider.java:959)
W/Launcher.LauncherProvider(  672): 	at com.android.launcher2.LauncherProvider$DatabaseHelper.loadFavorites(LauncherProvider.java:863)
W/Launcher.LauncherProvider(  672): 	at com.android.launcher2.LauncherProvider$DatabaseHelper.access$000(LauncherProvider.java:253)
W/Launcher.LauncherProvider(  672): 	at com.android.launcher2.LauncherProvider.loadDefaultFavoritesIfNecessary(LauncherProvider.java:237)
W/Launcher.LauncherProvider(  672): 	at com.android.launcher2.LauncherModel$LoaderTask.loadWorkspace(LauncherModel.java:1278)
W/Launcher.LauncherProvider(  672): 	at com.android.launcher2.LauncherModel$LoaderTask.loadAndBindWorkspace(LauncherModel.java:1020)
W/Launcher.LauncherProvider(  672): 	at com.android.launcher2.LauncherModel$LoaderTask.run(LauncherModel.java:1126)
W/Launcher.LauncherProvider(  672): 	at android.os.Handler.handleCallback(Handler.java:733)
W/Launcher.LauncherProvider(  672): 	at android.os.Handler.dispatchMessage(Handler.java:95)
W/Launcher.LauncherProvider(  672): 	at android.os.Looper.loop(Looper.java:136)
W/Launcher.LauncherProvider(  672): 	at android.os.HandlerThread.run(HandlerThread.java:61)
D/MobileDataStateTracker(  361): default: Broadcast received: android.intent.action.ANY_DATA_STATE apnType=default
D/MobileDataStateTracker(  361): default: Received state=CONNECTED, old=CONNECTING, reason=connected
D/MobileDataStateTracker(  361): default: setDetailed state, old =CONNECTING and new state=CONNECTED
D/ConnectivityService(  361): ConnectivityChange for mobile: CONNECTED/CONNECTED
D/ConnectivityService(  361): ConnectivityChange checkMobileProvisioning for TYPE_MOBILE or ProvisioningNetwork
D/ConnectivityService(  361): checkMobileProvisioning: E suggestedTimeOutMs=60000
D/ConnectivityService(  361): setProvNotificationVisible: E visible=false networkType=5 extraInfo=null url=null
D/ConnectivityService(  361): checkMobileProvisioning: params={ url=http://clients3.google.com/generate_204 mTimeOutMs=60000 mCb=com.android.server.ConnectivityService$5@b2f9f558}
D/ConnectivityService(  361): checkMobileProvisioning: X
D/dalvikvm(  361): GC_CONCURRENT freed 655K, 59% free 5579K/13288K, paused 36ms+14ms, total 444ms
D/dalvikvm(  361): WAIT_FOR_CONCURRENT_GC blocked 46ms
D/dalvikvm(  361): WAIT_FOR_CONCURRENT_GC blocked 36ms
D/dalvikvm(  361): WAIT_FOR_CONCURRENT_GC blocked 35ms
D/dalvikvm(  361): WAIT_FOR_CONCURRENT_GC blocked 28ms
D/Nat464Xlat(  361): requiresClat: netType=0, hasIPv4Address=true
I/NetworkPolicy(  361): no policy for active mobile network; generating default policy
D/MobileDataStateTracker(  361): default: setPolicyDataEnable(enabled=true)
W/ProcessCpuTracker(  361): Skipping unknown process pid 751
D/dalvikvm(  672): GC_CONCURRENT freed 250K, 9% free 3907K/4252K, paused 2ms+51ms, total 273ms
W/Launcher.Model(  672): LoaderTask running with no launcher (loadAllAppsByBatch)
D/MobileDataStateTracker(  361): default: isProvisioningNetwork: retVal=false
D/ConnectivityService(  361): [CheckMp] isMobileOk: isDefaultProvisioning=false
D/MobileDataStateTracker(  361): hipri: isProvisioningNetwork: retVal=false
D/ConnectivityService(  361): [CheckMp] isMobileOk: isHipriProvisioning=false
D/ConnectivityService(  361): [CheckMp] isMobileOk: start hipri url=http://clients3.google.com/generate_204
I/MediaProvider(  625): Upgrading media database from version 0 to 700, which will destroy all old data
I/SurfaceFlinger(   57): Boot is finished (71770 ms)
D/dalvikvm(  361): GC_CONCURRENT freed 628K, 59% free 5561K/13288K, paused 6ms+4ms, total 149ms
W/ActivityManager(  361): Launch timeout has expired, giving up wake lock!
I/InputReader(  361): Reconfiguring input devices.  changes=0x00000010
I/PackageManager(  361):   Action: "android.intent.action.SENDTO"
I/PackageManager(  361):   Category: "android.intent.category.DEFAULT"
I/PackageManager(  361):   Scheme: "sms"
I/PackageManager(  361): Adding preferred activity ComponentInfo{com.android.mms/com.android.mms.ui.ComposeMessageActivity} for user 0 :
I/PackageManager(  361):   Action: "android.intent.action.SENDTO"
I/PackageManager(  361):   Category: "android.intent.category.DEFAULT"
I/PackageManager(  361):   Scheme: "smsto"
I/PackageManager(  361): Adding preferred activity ComponentInfo{com.android.mms/com.android.mms.ui.ComposeMessageActivity} for user 0 :
E/NetdConnector(  361): NDC Command {12 bandwidth setiquota eth0 9223372036854775807} took too long (1669ms)
D/dalvikvm(  603): GC_CONCURRENT freed 387K, 15% free 3329K/3880K, paused 3ms+2ms, total 114ms
D/MobileDataStateTracker(  361): default: setPolicyDataEnable(enabled=true)
I/PackageManager(  361):   Action: "android.intent.action.SENDTO"
I/PackageManager(  361):   Category: "android.intent.category.DEFAULT"
I/PackageManager(  361):   Scheme: "mms"
I/PackageManager(  361): Adding preferred activity ComponentInfo{com.android.mms/com.android.mms.ui.ComposeMessageActivity} for user 0 :
I/PackageManager(  361):   Action: "android.intent.action.SENDTO"
I/PackageManager(  361):   Category: "android.intent.category.DEFAULT"
I/PackageManager(  361):   Scheme: "mmsto"
I/PackageManager(  361): Adding preferred activity ComponentInfo{com.android.mms/com.android.mms.ui.ComposeMessageActivity} for user 0 :
I/PackageManager(  361):   Action: "android.intent.action.SENDTO"
I/PackageManager(  361):   Category: "android.intent.category.DEFAULT"
I/PackageManager(  361):   Scheme: "sms"
I/PackageManager(  361): Adding preferred activity ComponentInfo{com.android.mms/com.android.mms.ui.ComposeMessageActivity} for user 0 :
I/PackageManager(  361):   Action: "android.intent.action.SENDTO"
I/PackageManager(  361):   Category: "android.intent.category.DEFAULT"
I/PackageManager(  361):   Scheme: "smsto"
I/PackageManager(  361): Adding preferred activity ComponentInfo{com.android.mms/com.android.mms.ui.ComposeMessageActivity} for user 0 :
I/PackageManager(  361): Adding preferred activity ComponentInfo{com.android.mms/com.android.mms.ui.ComposeMessageActivity} for user 0 :
D/dalvikvm(  361): GC_CONCURRENT freed 677K, 58% free 5601K/13288K, paused 26ms+6ms, total 372ms
D/dalvikvm(  361): WAIT_FOR_CONCURRENT_GC blocked 119ms
I/PackageManager(  361):   Action: "android.intent.action.SENDTO"
I/PackageManager(  361):   Category: "android.intent.category.DEFAULT"
I/PackageManager(  361):   Scheme: "mms"
E/NetdConnector(  361): NDC Command {13 bandwidth removeiquota eth0} took too long (867ms)
W/WindowManager(  361): App freeze timeout expired.
W/WindowManager(  361): Force clearing freeze: AppWindowToken{b33b3cd8 token=Token{b3715f78 ActivityRecord{b3585830 u0 com.android.launcher/com.android.launcher2.Launcher t3}}}
I/WindowManager(  361): Screen frozen for +5s48ms due to AppWindowToken{b33b3cd8 token=Token{b3715f78 ActivityRecord{b3585830 u0 com.android.launcher/com.android.launcher2.Launcher t3}}}
D/Tethering(  361): MasterInitialState.processMessage what=3
D/CaptivePortalTracker(  361): NoActiveNetworkState{ when=-3ms what=1 obj=NetworkInfo: type: mobile[UMTS], state: CONNECTED/CONNECTED, reason: connected, extra: epc.tmobile.com, roaming: false, failover: false, isAvailable: true, isConnectedToProvisioningNetwork: false target=com.android.internal.util.StateMachine$SmHandler }
D/CaptivePortalTracker(  361): NoActiveNetworkState not a wifi connectivity change, ignore
D/dalvikvm(  603): GC_CONCURRENT freed 376K, 14% free 3378K/3928K, paused 80ms+2ms, total 297ms
D/dalvikvm(  603): WAIT_FOR_CONCURRENT_GC blocked 217ms
I/PackageManager(  361):   Action: "android.intent.action.SENDTO"
I/PackageManager(  361):   Category: "android.intent.category.DEFAULT"
I/PackageManager(  361):   Scheme: "mmsto"
I/PackageManager(  361): Adding preferred activity ComponentInfo{com.android.mms/com.android.mms.ui.ComposeMessageActivity} for user 0 :
I/Choreographer(  361): Skipped 39 frames!  The application may be doing too much work on its main thread.
I/Choreographer(  361): Skipped 35 frames!  The application may be doing too much work on its main thread.
I/ARMAssembler(   57): generated scanline__00000077:03515104_00009001_00000000 [131 ipp] (153 ins) at [0xb594c410:0xb594c674] in 10000000 ns
I/Choreographer(  361): Skipped 30 frames!  The application may be doing too much work on its main thread.
E/NetdConnector(  361): NDC Command {14 bandwidth setiquota eth0 9223372036854775807} took too long (1327ms)
D/MobileDataStateTracker(  361): default: setPolicyDataEnable(enabled=true)
D/dalvikvm(  361): GC_CONCURRENT freed 578K, 58% free 5632K/13288K, paused 15ms+5ms, total 90ms
D/ConnectivityService(  361): startUsingNetworkFeature reconnecting to 0: enableHIPRI
D/ConnectivityService(  361): startUsingNetworkFeature X: return APN_REQUEST_STARTED
E/ConnectivityService(  361): startUsingNetworkFeature took too long: 3558ms
D/ConnectivityService(  361): [CheckMp] isMobileOk: hipri started
D/ConnectivityService(  361): [CheckMp] isMobileOk: not connected ni=NetworkInfo: type: mobile_hipri[UMTS], state: DISCONNECTED/IDLE, reason: (unspecified), extra: (none), roaming: false, failover: false, isAvailable: true, isConnectedToProvisioningNetwork: false
D/MobileDataStateTracker(  361): hipri: Broadcast received: android.intent.action.ANY_DATA_STATE apnType=hipri
D/MobileDataStateTracker(  361): hipri: Received state=CONNECTING, old=DISCONNECTED, reason=dataEnabled
D/MobileDataStateTracker(  361): hipri: setDetailed state, old =IDLE and new state=CONNECTING
D/MobileDataStateTracker(  361): fota: Broadcast received: android.intent.action.ANY_DATA_STATE apnType=fota
D/MobileDataStateTracker(  361): fota: Received state=DISCONNECTED, old=DISCONNECTED, reason=dataEnabled
D/MobileDataStateTracker(  361): ia: Broadcast received: android.intent.action.ANY_DATA_STATE apnType=ia
D/MobileDataStateTracker(  361): ia: Received state=DISCONNECTED, old=DISCONNECTED, reason=dataEnabled
D/MobileDataStateTracker(  361): supl: Broadcast received: android.intent.action.ANY_DATA_STATE apnType=supl
D/MobileDataStateTracker(  361): supl: Received state=DISCONNECTED, old=DISCONNECTED, reason=dataEnabled
D/MobileDataStateTracker(  361): ims: Broadcast received: android.intent.action.ANY_DATA_STATE apnType=ims
D/MobileDataStateTracker(  361): ims: Received state=DISCONNECTED, old=DISCONNECTED, reason=dataEnabled
D/MobileDataStateTracker(  361): mms: Broadcast received: android.intent.action.ANY_DATA_STATE apnType=mms
D/MobileDataStateTracker(  361): mms: Received state=DISCONNECTED, old=DISCONNECTED, reason=dataEnabled
D/MobileDataStateTracker(  361): cbs: Broadcast received: android.intent.action.ANY_DATA_STATE apnType=cbs
D/MobileDataStateTracker(  361): cbs: Received state=DISCONNECTED, old=DISCONNECTED, reason=dataEnabled
D/MobileDataStateTracker(  361): hipri: Broadcast received: android.intent.action.ANY_DATA_STATE apnType=hipri
D/MobileDataStateTracker(  361): hipri: Received state=CONNECTED, old=CONNECTING, reason=dataEnabled
D/MobileDataStateTracker(  361): hipri: setDetailed state, old =CONNECTING and new state=CONNECTED
D/ConnectivityService(  361): ConnectivityChange for mobile_hipri: CONNECTED/CONNECTED
E/logwrapper(  802): executing /system/bin/ip failed: No such file or directory
E/ConnectivityService(  361): Exception trying to add a route: java.lang.IllegalStateException: command '21 interface fwmark exempt add 10.0.2.2/32' failed with '400 21 Failed to add exemption rule (File exists)'
E/logwrapper(  803): executing /system/bin/ip failed: No such file or directory
E/ConnectivityService(  361): Exception trying to add a route: java.lang.IllegalStateException: command '23 interface fwmark exempt add 10.0.2.3/32' failed with '400 23 Failed to add exemption rule (File exists)'
E/logwrapper(  804): executing /system/bin/ip failed: No such file or directory
E/ConnectivityService(  361): Exception trying to add a route: java.lang.IllegalStateException: command '25 interface fwmark exempt add 10.0.2.2/32' failed with '400 25 Failed to add exemption rule (File exists)'
E/logwrapper(  805): executing /system/bin/ip failed: No such file or directory
E/ConnectivityService(  361): Exception trying to add a route: java.lang.IllegalStateException: command '27 interface fwmark exempt add 10.0.2.4/32' failed with '400 27 Failed to add exemption rule (File exists)'
E/logwrapper(  806): executing /system/bin/ip failed: No such file or directory
E/SecondaryTablController(   54): ip route add failed: /system/bin/ip route add 10.0.2.2/32 via 0.0.0.0 dev eth0 table 60
W/FrameworkListener(   54): Handler 'interface' error (No such device)
E/ConnectivityService(  361): Exception trying to add a route: java.lang.IllegalStateException: command '28 interface route add eth0 secondary 10.0.2.2 32 0.0.0.0' failed with '400 28 ip route modification failed (No such device)'
E/logwrapper(  807): executing /system/bin/ip failed: No such file or directory
E/SecondaryTablController(   54): ip route add failed: /system/bin/ip route add 0.0.0.0/0 via 10.0.2.2 dev eth0 table 60
W/FrameworkListener(   54): Handler 'interface' error (No such device)
E/ConnectivityService(  361): Exception trying to add a route: java.lang.IllegalStateException: command '29 interface route add eth0 secondary 0.0.0.0 0 10.0.2.2' failed with '400 29 ip route modification failed (No such device)'
D/Nat464Xlat(  361): requiresClat: netType=5, hasIPv4Address=true
D/MobileDataStateTracker(  361): default: setPolicyDataEnable(enabled=true)
W/NetworkPolicy(  361): shared quota unsupported; generating rule for each iface
D/dalvikvm(  361): GC_EXPLICIT freed 154K, 58% free 5660K/13288K, paused 60ms+26ms, total 389ms
D/AndroidRuntime(  800): 
D/AndroidRuntime(  800): >>>>>> AndroidRuntime START com.android.internal.os.RuntimeInit <<<<<<
D/AndroidRuntime(  800): CheckJNI is ON
D/MobileDataStateTracker(  361): hipri: isProvisioningNetwork: retVal=false
D/ConnectivityService(  361): [CheckMp] isMobileOk: isProvisioningNetwork is false, continue
D/ConnectivityService(  361): [CheckMp] isMobileOk: addresses=clients3.google.com/172.217.23.14
D/ConnectivityService(  361): [CheckMp] isMobileOk: linkHasIpv4=true linkHasIpv6=false
D/dalvikvm(  800): Trying to load lib libjavacore.so 0x0
D/dalvikvm(  800): Added shared lib libjavacore.so 0x0
D/dalvikvm(  800): Trying to load lib libnativehelper.so 0x0
D/dalvikvm(  800): Added shared lib libnativehelper.so 0x0
D/dalvikvm(  800): No JNI_OnLoad found in libnativehelper.so 0x0, skipping init
D/Launcher.Model(  672): Reload apps on config change. curr_mcc:310 prevmcc:0
I/Choreographer(  672): Skipped 1502 frames!  The application may be doing too much work on its main thread.
W/ProcessCpuTracker(  361): Skipping unknown process pid 817
E/NetdConnector(  361): NDC Command {31 bandwidth removeiquota eth0} took too long (1600ms)
D/dalvikvm(  800): Note: class Landroid/app/ActivityManagerNative; has 179 unimplemented (abstract) methods
E/NetdConnector(  361): NDC Command {32 interface route add eth0 default 10.0.2.2 32 0.0.0.0} took too long (1100ms)
I/Launcher(  672): Deferring update until onResume
I/Choreographer(  672): Skipped 42 frames!  The application may be doing too much work on its main thread.
D/gralloc_goldfish(  672): Emulator without GPU emulation detected.
E/SQLiteLog(  625): (1) no such table: album_info
D/dalvikvm(  672): GC_FOR_ALLOC freed 249K, 8% free 4042K/4388K, paused 155ms, total 159ms
I/dalvikvm-heap(  672): Grow heap (frag case) to 5.570MB for 1610896-byte allocation
D/dalvikvm(  672): GC_FOR_ALLOC freed 5K, 6% free 5610K/5964K, paused 64ms, total 64ms
D/dalvikvm(  672): GC_FOR_ALLOC freed <1K, 6% free 5610K/5964K, paused 92ms, total 92ms
I/dalvikvm-heap(  672): Grow heap (frag case) to 7.101MB for 1610896-byte allocation
D/dalvikvm(  672): GC_FOR_ALLOC freed 0K, 5% free 7183K/7540K, paused 64ms, total 65ms
D/Tethering(  361): MasterInitialState.processMessage what=3
D/CaptivePortalTracker(  361): NoActiveNetworkState{ when=-24ms what=1 obj=NetworkInfo: type: mobile_hipri[UMTS], state: CONNECTED/CONNECTED, reason: dataEnabled, extra: epc.tmobile.com, roaming: false, failover: false, isAvailable: true, isConnectedToProvisioningNetwork: false target=com.android.internal.util.StateMachine$SmHandler }
D/CaptivePortalTracker(  361): NoActiveNetworkState not a wifi connectivity change, ignore
E/memtrack(  800): Couldn't load memtrack module (No such file or directory)
E/android.os.Debug(  800): failed to load memtrack module: -2
D/dalvikvm(  672): GC_CONCURRENT freed 23K, 6% free 7202K/7584K, paused 24ms+2ms, total 170ms
I/ActivityManager(  361): Displayed com.android.launcher/com.android.launcher2.Launcher: +16s53ms (total +18s657ms)
D/AndroidRuntime(  800): Calling main entry com.android.commands.pm.Pm
E/logwrapper(  843): executing /system/bin/ip failed: No such file or directory
E/NetdConnector(  361): NDC Command {33 bandwidth setiquota eth0 9223372036854775807} took too long (2360ms)
I/Choreographer(  361): Skipped 45 frames!  The application may be doing too much work on its main thread.
D/dalvikvm(  449): GC_FOR_ALLOC freed 3127K, 48% free 3587K/6804K, paused 734ms, total 739ms
I/dalvikvm-heap(  449): Grow heap (frag case) to 6.516MB for 3072016-byte allocation
D/dalvikvm(  449): GC_CONCURRENT freed 5K, 4% free 6582K/6804K, paused 113ms+2ms, total 288ms
E/NetdConnector(  361): NDC Command {34 interface fwmark exempt add 10.0.2.2/32} took too long (2807ms)
E/ConnectivityService(  361): Exception trying to add a route: java.lang.IllegalStateException: command '34 interface fwmark exempt add 10.0.2.2/32' failed with '400 34 Failed to add exemption rule (File exists)'
I/ActivityManager(  361): Start proc com.android.defcontainer for service com.android.defcontainer/.DefaultContainerService: pid=852 uid=10003 gids={50003, 1028, 1015, 1023, 2001, 1035}
E/NetdConnector(  361): NDC Command {35 bandwidth removeiquota eth0} took too long (774ms)
E/NetdConnector(  361): NDC Command {36 interface route add eth0 default 172.217.23.14 32 10.0.2.2} took too long (836ms)
I/Choreographer(  672): Skipped 46 frames!  The application may be doing too much work on its main thread.
I/Choreographer(  672): Skipped 95 frames!  The application may be doing too much work on its main thread.
E/logwrapper(  883): executing /system/bin/ip failed: No such file or directory
E/NetdConnector(  361): NDC Command {37 bandwidth setiquota eth0 9223372036854775807} took too long (1734ms)
D/MobileDataStateTracker(  361): default: setPolicyDataEnable(enabled=true)
I/Choreographer(  672): Skipped 63 frames!  The application may be doing too much work on its main thread.
E/NetdConnector(  361): NDC Command {38 interface fwmark exempt add 172.217.23.14/32} took too long (1187ms)
I/ActivityManager(  361): Start proc com.android.externalstorage for broadcast com.android.externalstorage/.MountReceiver: pid=885 uid=10006 gids={50006, 1028, 1015, 1023}
E/ConnectivityService(  361): Exception trying to add a route: java.lang.IllegalStateException: command '38 interface fwmark exempt add 172.217.23.14/32' failed with '400 38 Failed to add exemption rule (File exists)'
D/ConnectivityService(  361): requestRouteToHostAddress ok=false
D/ConnectivityService(  361): [CheckMp] isMobileOk: could not establish route to hostAddr=clients3.google.com/172.217.23.14
D/ExternalStorage(  885): Missing UUID for /storage/sdcard; skipping
I/DownloadManager(  625): Upgrading downloads database from version 0 to version 109, which will destroy all old data
D/ExternalStorage(  885): After updating volumes, found 0 active roots
I/ContactLocale(  550): AddressBook Labels [en_US]: [, A, B, C, D, E, F, G, H, I, J, K, L, M, N, O, P, Q, R, S, T, U, V, W, X, Y, Z, , , , , , , , , , , , , , , , , , , , , , , , , , , , , , , , , , , , , , , , , , , , , , , , , , , , , , , , , , , , , , , , , , , , , , , , , , , , , , , , , , , , , , , , , , , , , , , , , , , , , , , , , , , , , , , , , , , , , , , , , , , , , , , , , , , , , , , , , , , , , , , , , , , , , , , , , , , , , , , , , , , , , , , , , , , , , , , , , , , , , , #, ]
W/ActivityManager(  361): No content provider found for permission revoke: file:///data/local/tmp/sample_for_analysis.apk
W/ActivityManager(  361): No content provider found for permission revoke: file:///data/local/tmp/sample_for_analysis.apk
I/PackageManager(  361): Copying native libraries to /data/app-lib/vmdl-1584588416
D/dalvikvm(  361): GC_CONCURRENT freed 639K, 58% free 5661K/13272K, paused 14ms+5ms, total 84ms
D/GpsLocationProvider(  361): NTP server returned: 1545764105611 (Tue Dec 25 13:55:05 EST 2018) reference: 75572 certainty: 10 system time offset: -29351
D/dalvikvm(  672): GC_CONCURRENT freed 2069K, 25% free 6511K/8676K, paused 14ms+3ms, total 50ms
I/PackageManager(  361): Running dexopt on: zzzzzz.xxxxxx.cccccc
D/dalvikvm(  625): GC_CONCURRENT freed 280K, 12% free 2914K/3284K, paused 140ms+2ms, total 278ms
I/ActivityManager(  361): Start proc com.android.exchange for content provider com.android.exchange/.provider.ExchangeDirectoryProvider: pid=902 uid=10025 gids={50025, 3003, 1028, 1015}
D/dalvikvm(  900): DexOpt: load 116ms, verify+opt 187ms, 381652 bytes
I/ActivityManager(  361): Force stopping zzzzzz.xxxxxx.cccccc appid=10052 user=-1: update pkg
D/ExternalStorage(  885): Missing UUID for /storage/sdcard; skipping
D/ExternalStorage(  885): After updating volumes, found 0 active roots
D/dalvikvm(  361): GC_CONCURRENT freed 657K, 58% free 5646K/13272K, paused 9ms+5ms, total 75ms
D/MediaScannerReceiver(  625): action: android.intent.action.MEDIA_MOUNTED path: /storage/sdcard
I/InputReader(  361): Reconfiguring input devices.  changes=0x00000010
I/PackageManager(  361):   Action: "android.intent.action.SENDTO"
I/PackageManager(  361):   Category: "android.intent.category.DEFAULT"
I/PackageManager(  361):   Scheme: "sms"
D/BackupManagerService(  361): Received broadcast Intent { act=android.intent.action.PACKAGE_ADDED dat=package:zzzzzz.xxxxxx.cccccc flg=0x4000010 (has extras) }
V/BackupManagerService(  361): addPackageParticipantsLocked: #1
I/PackageManager(  361): Adding preferred activity ComponentInfo{com.android.mms/com.android.mms.ui.ComposeMessageActivity} for user 0 :
I/PackageManager(  361):   Action: "android.intent.action.SENDTO"
I/PackageManager(  361):   Category: "android.intent.category.DEFAULT"
I/PackageManager(  361):   Scheme: "smsto"
I/PackageManager(  361): Adding preferred activity ComponentInfo{com.android.mms/com.android.mms.ui.ComposeMessageActivity} for user 0 :
I/PackageManager(  361):   Action: "android.intent.action.SENDTO"
I/PackageManager(  361):   Category: "android.intent.category.DEFAULT"
I/PackageManager(  361):   Scheme: "mms"
I/PackageManager(  361): Adding preferred activity ComponentInfo{com.android.mms/com.android.mms.ui.ComposeMessageActivity} for user 0 :
D/dalvikvm(  603): GC_CONCURRENT freed 523K, 16% free 3354K/3968K, paused 3ms+13ms, total 105ms
I/PackageManager(  361):   Action: "android.intent.action.SENDTO"
I/PackageManager(  361):   Category: "android.intent.category.DEFAULT"
I/PackageManager(  361):   Scheme: "mmsto"
I/PackageManager(  361): Adding preferred activity ComponentInfo{com.android.mms/com.android.mms.ui.ComposeMessageActivity} for user 0 :
I/PackageManager(  361):   Action: "android.intent.action.SENDTO"
I/PackageManager(  361):   Category: "android.intent.category.DEFAULT"
I/PackageManager(  361):   Scheme: "sms"
I/PackageManager(  361): Adding preferred activity ComponentInfo{com.android.mms/com.android.mms.ui.ComposeMessageActivity} for user 0 :
I/PackageManager(  361):   Action: "android.intent.action.SENDTO"
I/PackageManager(  361):   Category: "android.intent.category.DEFAULT"
I/PackageManager(  361):   Scheme: "smsto"
I/PackageManager(  361): Adding preferred activity ComponentInfo{com.android.mms/com.android.mms.ui.ComposeMessageActivity} for user 0 :
I/PackageManager(  361):   Action: "android.intent.action.SENDTO"
I/PackageManager(  361):   Category: "android.intent.category.DEFAULT"
I/PackageManager(  361):   Scheme: "mms"
I/PackageManager(  361): Adding preferred activity ComponentInfo{com.android.mms/com.android.mms.ui.ComposeMessageActivity} for user 0 :
E/NetdConnector(  361): NDC Command {40 interface route add eth0 default 10.0.2.2 32 0.0.0.0} took too long (523ms)
E/logwrapper(  914): executing /system/bin/ip failed: No such file or directory
D/dalvikvm(  361): GC_EXPLICIT freed 759K, 58% free 5625K/13272K, paused 453ms+9ms, total 550ms
D/dalvikvm(  361): WAIT_FOR_CONCURRENT_GC blocked 113ms
D/dalvikvm(  361): WAIT_FOR_CONCURRENT_GC blocked 87ms
E/ConnectivityService(  361): Exception trying to add a route: java.lang.IllegalStateException: command '41 interface fwmark exempt add 10.0.2.2/32' failed with '400 41 Failed to add exemption rule (File exists)'
E/logwrapper(  915): executing /system/bin/ip failed: No such file or directory
I/ActivityManager(  361): Start proc com.android.email for content provider com.android.email/.provider.EmailProvider: pid=916 uid=10024 gids={50024, 3003, 1028, 1015}
I/PackageManager(  361):   Action: "android.intent.action.SENDTO"
I/PackageManager(  361):   Category: "android.intent.category.DEFAULT"
I/PackageManager(  361):   Scheme: "mmsto"
I/PackageManager(  361): Adding preferred activity ComponentInfo{com.android.mms/com.android.mms.ui.ComposeMessageActivity} for user 0 :
D/dalvikvm(  603): GC_CONCURRENT freed 380K, 16% free 3362K/3968K, paused 14ms+3ms, total 94ms
E/ConnectivityService(  361): Exception trying to add a route: java.lang.IllegalStateException: command '43 interface fwmark exempt add 172.217.23.14/32' failed with '400 43 Failed to add exemption rule (File exists)'
D/ConnectivityService(  361): requestRouteToHostAddress ok=false
D/ConnectivityService(  361): [CheckMp] isMobileOk: could not establish route to hostAddr=clients3.google.com/172.217.23.14
D/AndroidRuntime(  800): Shutting down VM
D/dalvikvm(  800): GC_CONCURRENT freed 95K, 16% free 560K/660K, paused 2ms+1ms, total 21ms
E/BluetoothAdapter(  613): Bluetooth binder is null
I/ActivityManager(  361): Start proc com.android.music for broadcast com.android.music/.MediaButtonIntentReceiver: pid=931 uid=10032 gids={50032, 3003, 1028, 1015}
I/dalvikvm(  931): CheckJNI enabled: not enabling JNI app bug workarounds.
D/dalvikvm(  361): GC_CONCURRENT freed 542K, 58% free 5690K/13272K, paused 55ms+6ms, total 179ms
D/ActivityThread(  916): Loading provider com.android.email.provider;com.android.email.notifier: com.android.email.provider.EmailProvider
W/RecognitionManagerService(  361): no available voice recognition services found for user 0
V/MediaScanner(  625): pruneDeadThumbnailFiles... android.database.sqlite.SQLiteCursor@b2dbdfd0
