D/dalvikvm(  360): GC_CONCURRENT freed 1201K, 68% free 4143K/12732K, paused 14ms+6ms, total 103ms
I/PackageManager(  360): /system/app/GpsLocationTest.apk changed; collecting certs
I/PackageManager(  360): /system/app/HTMLViewer.apk changed; collecting certs
I/PackageManager(  360): /system/app/KeyChain.apk changed; collecting certs
I/PackageManager(  360): /system/app/LatinIME.apk changed; collecting certs
D/dalvikvm(  360): GC_CONCURRENT freed 417K, 67% free 4210K/12732K, paused 15ms+7ms, total 122ms
D/dalvikvm(  360): GC_CONCURRENT freed 447K, 67% free 4209K/12732K, paused 5ms+3ms, total 41ms
D/dalvikvm(  360): WAIT_FOR_CONCURRENT_GC blocked 33ms
D/dalvikvm(  360): GC_FOR_ALLOC freed 379K, 67% free 4285K/12732K, paused 30ms, total 30ms
D/dalvikvm(  360): GC_CONCURRENT freed 264K, 65% free 4468K/12732K, paused 5ms+6ms, total 66ms
D/dalvikvm(  360): GC_CONCURRENT freed 274K, 63% free 4729K/12732K, paused 5ms+5ms, total 100ms
D/dalvikvm(  360): GC_CONCURRENT freed 336K, 62% free 4886K/12732K, paused 13ms+12ms, total 89ms
I/PackageManager(  360): /system/app/LegacyCamera.apk changed; collecting certs
D/dalvikvm(  360): GC_CONCURRENT freed 400K, 61% free 5049K/12732K, paused 5ms+10ms, total 84ms
D/dalvikvm(  360): GC_CONCURRENT freed 1330K, 67% free 4205K/12732K, paused 5ms+2ms, total 41ms
D/dalvikvm(  360): WAIT_FOR_CONCURRENT_GC blocked 33ms
D/dalvikvm(  360): GC_CONCURRENT freed 467K, 67% free 4250K/12732K, paused 5ms+3ms, total 38ms
D/dalvikvm(  360): WAIT_FOR_CONCURRENT_GC blocked 23ms
D/dalvikvm(  360): GC_CONCURRENT freed 145K, 64% free 4644K/12732K, paused 4ms+5ms, total 90ms
D/dalvikvm(  360): WAIT_FOR_CONCURRENT_GC blocked 3ms
D/dalvikvm(  360): GC_CONCURRENT freed 321K, 63% free 4819K/12732K, paused 13ms+13ms, total 90ms
I/PackageManager(  360): /system/app/LiveWallpapersPicker.apk changed; collecting certs
I/PackageManager(  360): /system/app/Music.apk changed; collecting certs
D/dalvikvm(  360): GC_CONCURRENT freed 431K, 62% free 4890K/12732K, paused 10ms+8ms, total 48ms
D/dalvikvm(  360): WAIT_FOR_CONCURRENT_GC blocked 38ms
D/dalvikvm(  360): GC_CONCURRENT freed 1187K, 67% free 4257K/12732K, paused 5ms+4ms, total 102ms
I/PackageManager(  360): /system/app/NetSpeed.apk changed; collecting certs
I/PackageManager(  360): /system/app/OpenWnn.apk changed; collecting certs
D/dalvikvm(  360): GC_CONCURRENT freed 328K, 66% free 4381K/12732K, paused 5ms+4ms, total 48ms
D/dalvikvm(  360): WAIT_FOR_CONCURRENT_GC blocked 33ms
D/dalvikvm(  360): GC_CONCURRENT freed 589K, 67% free 4304K/12732K, paused 3ms+5ms, total 103ms
D/dalvikvm(  360): WAIT_FOR_CONCURRENT_GC blocked 15ms
D/dalvikvm(  360): GC_CONCURRENT freed 264K, 65% free 4551K/12732K, paused 15ms+3ms, total 73ms
D/dalvikvm(  360): WAIT_FOR_CONCURRENT_GC blocked 14ms
I/PackageManager(  360): /system/app/PacProcessor.apk changed; collecting certs
D/dalvikvm(  360): GC_CONCURRENT freed 408K, 64% free 4605K/12732K, paused 5ms+11ms, total 75ms
I/PackageManager(  360): /system/app/PackageInstaller.apk changed; collecting certs
I/PackageManager(  360): /system/app/PicoTts.apk changed; collecting certs
I/PackageManager(  360): /system/app/PinyinIME.apk changed; collecting certs
D/dalvikvm(  360): GC_CONCURRENT freed 980K, 68% free 4136K/12732K, paused 5ms+4ms, total 56ms
D/dalvikvm(  360): WAIT_FOR_CONCURRENT_GC blocked 22ms
I/PackageManager(  360): /system/app/PrintSpooler.apk changed; collecting certs
I/PackageManager(  360): /system/app/Protips.apk changed; collecting certs
D/dalvikvm(  360): GC_CONCURRENT freed 404K, 67% free 4306K/12732K, paused 12ms+7ms, total 98ms
I/PackageManager(  360): /system/app/QuickSearchBox.apk changed; collecting certs
D/dalvikvm(  360): GC_CONCURRENT freed 522K, 67% free 4296K/12732K, paused 16ms+4ms, total 68ms
D/dalvikvm(  360): WAIT_FOR_CONCURRENT_GC blocked 25ms
I/PackageManager(  360): /system/app/SdkSetup.apk changed; collecting certs
I/PackageManager(  360): /system/app/SoundRecorder.apk changed; collecting certs
D/dalvikvm(  360): GC_CONCURRENT freed 529K, 67% free 4311K/12732K, paused 6ms+6ms, total 92ms
I/PackageManager(  360): /system/app/SpeechRecorder.apk changed; collecting certs
I/PackageManager(  360): /system/app/TelephonyProvider.apk changed; collecting certs
I/PackageManager(  360): /system/app/UserDictionaryProvider.apk changed; collecting certs
D/dalvikvm(  360): GC_CONCURRENT freed 610K, 67% free 4209K/12732K, paused 6ms+6ms, total 84ms
D/PackageManager(  360): No files in app dir /vendor/app
W/PackageParser(  360): No actions in intent filter at /data/app/ApiDemos.apk Binary XML file line #2899
I/PackageManager(  360): /data/app/ApiDemos.apk changed; collecting certs
W/PackageParser(  360): No actions in intent filter at /data/app/ApiDemos.apk Binary XML file line #2905
D/dalvikvm(  360): GC_CONCURRENT freed 301K, 66% free 4419K/12732K, paused 15ms+11ms, total 89ms
D/dalvikvm(  360): WAIT_FOR_CONCURRENT_GC blocked 8ms
D/dalvikvm(  360): GC_CONCURRENT freed 289K, 64% free 4633K/12732K, paused 5ms+3ms, total 41ms
D/dalvikvm(  360): WAIT_FOR_CONCURRENT_GC blocked 27ms
D/dalvikvm(  360): GC_CONCURRENT freed 352K, 63% free 4786K/12732K, paused 6ms+14ms, total 99ms
D/dalvikvm(  360): GC_CONCURRENT freed 318K, 61% free 4987K/12732K, paused 4ms+4ms, total 102ms
D/dalvikvm(  360): GC_CONCURRENT freed 673K, 62% free 4880K/12732K, paused 12ms+4ms, total 68ms
D/dalvikvm(  360): WAIT_FOR_CONCURRENT_GC blocked 31ms
D/dalvikvm(  360): GC_CONCURRENT freed 537K, 62% free 4888K/12732K, paused 5ms+3ms, total 73ms
D/dalvikvm(  360): WAIT_FOR_CONCURRENT_GC blocked 28ms
D/dalvikvm(  360): GC_CONCURRENT freed 535K, 62% free 4892K/12732K, paused 15ms+4ms, total 65ms
D/dalvikvm(  360): WAIT_FOR_CONCURRENT_GC blocked 28ms
D/dalvikvm(  360): GC_CONCURRENT freed 538K, 62% free 4899K/12732K, paused 4ms+4ms, total 67ms
D/dalvikvm(  360): WAIT_FOR_CONCURRENT_GC blocked 28ms
D/dalvikvm(  360): GC_CONCURRENT freed 539K, 62% free 4902K/12732K, paused 4ms+4ms, total 65ms
D/dalvikvm(  360): WAIT_FOR_CONCURRENT_GC blocked 28ms
D/dalvikvm(  360): GC_CONCURRENT freed 557K, 62% free 4896K/12732K, paused 4ms+3ms, total 67ms
D/dalvikvm(  360): WAIT_FOR_CONCURRENT_GC blocked 24ms
D/dalvikvm(  360): GC_CONCURRENT freed 533K, 62% free 4908K/12732K, paused 4ms+4ms, total 68ms
D/dalvikvm(  360): WAIT_FOR_CONCURRENT_GC blocked 25ms
D/dalvikvm(  360): GC_CONCURRENT freed 542K, 62% free 4913K/12732K, paused 15ms+3ms, total 71ms
D/dalvikvm(  360): WAIT_FOR_CONCURRENT_GC blocked 32ms
D/dalvikvm(  360): GC_CONCURRENT freed 554K, 62% free 4907K/12732K, paused 5ms+3ms, total 78ms
D/dalvikvm(  360): WAIT_FOR_CONCURRENT_GC blocked 18ms
W/PackageManager(  360): Package com.example.android.apis desires unavailable shared library com.example.will.never.exist; ignoring!
I/PackageManager(  360): /data/app/CubeLiveWallpapers.apk changed; collecting certs
D/dalvikvm(  360): GC_CONCURRENT freed 458K, 61% free 5000K/12732K, paused 5ms+9ms, total 87ms
D/dalvikvm(  360): WAIT_FOR_CONCURRENT_GC blocked 22ms
I/PackageManager(  360): /data/app/GestureBuilder.apk changed; collecting certs
I/PackageManager(  360): /data/app/SmokeTest.apk changed; collecting certs
D/dalvikvm(  360): GC_CONCURRENT freed 1126K, 66% free 4447K/12732K, paused 6ms+8ms, total 90ms
D/dalvikvm(  360): WAIT_FOR_CONCURRENT_GC blocked 14ms
I/PackageManager(  360): /data/app/SmokeTestApp.apk changed; collecting certs
I/PackageManager(  360): /data/app/SoftKeyboard.apk changed; collecting certs
D/dalvikvm(  360): GC_CONCURRENT freed 485K, 64% free 4592K/12732K, paused 5ms+6ms, total 126ms
I/PackageManager(  360): /data/app/WidgetPreview.apk changed; collecting certs
W/PackageManager(  360): Package com.example.android.apis desires unavailable shared library com.example.will.never.exist; ignoring!
W/PackageManager(  360): Package com.android.camera desires unavailable shared library com.google.android.media.effects; ignoring!
I/PackageManager(  360): Time to scan packages: 22.64 seconds
W/PackageManager(  360): Not granting permission android.permission.GLOBAL_SEARCH to package com.android.quicksearchbox (protectionLevel=18 flags=0x8be45)
D/dalvikvm(  360): GC_CONCURRENT freed 565K, 66% free 4455K/12732K, paused 5ms+5ms, total 95ms
W/PackageManager(  360): Unknown permission com.android.smspush.WAPPUSH_MANAGER_BIND in package com.android.phone
W/PackageManager(  360): Unknown permission com.google.android.googleapps.permission.GOOGLE_AUTH in package com.android.providers.calendar
W/PackageManager(  360): Unknown permission com.google.android.googleapps.permission.GOOGLE_AUTH.cl in package com.android.providers.calendar
W/PackageManager(  360): Unknown permission com.google.android.googleapps.permission.GOOGLE_AUTH.mail in package com.android.calendar
W/PackageManager(  360): Not granting permission android.permission.ACCESS_DOWNLOAD_MANAGER to package com.android.browser (protectionLevel=18 flags=0x9be45)
W/PackageManager(  360): Not granting permission android.permission.SEND_DOWNLOAD_COMPLETED_INTENTS to package com.android.browser (protectionLevel=2 flags=0x9be45)
W/PackageManager(  360): Not granting permission android.permission.BIND_APPWIDGET to package com.android.widgetpreview (protectionLevel=18 flags=0x8be44)
W/PackageManager(  360): Unknown permission android.permission.INSTALL_DRM in package com.android.mms
W/PackageManager(  360): Unknown permission com.google.android.googleapps.permission.GOOGLE_AUTH in package com.android.settings
W/PackageManager(  360): Unknown permission com.google.android.googleapps.permission.ACCESS_GOOGLE_PASSWORD in package com.android.development
W/PackageManager(  360): Unknown permission com.google.android.googleapps.permission.GOOGLE_AUTH in package com.android.development
W/PackageManager(  360): Unknown permission com.google.android.googleapps.permission.GOOGLE_AUTH.ALL_SERVICES in package com.android.development
W/PackageManager(  360): Unknown permission com.google.android.googleapps.permission.GOOGLE_AUTH.YouTubeUser in package com.android.development
W/PackageManager(  360): Not granting permission android.permission.DELETE_PACKAGES to package com.svox.pico (protectionLevel=18 flags=0x8be45)
W/PackageManager(  360): Not granting permission android.permission.DEVICE_POWER to package com.android.deskclock (protectionLevel=2 flags=0x48be45)
D/dalvikvm(  360): GC_EXPLICIT freed 388K, 66% free 4365K/12732K, paused 4ms+3ms, total 51ms
I/SystemServer(  360): Entropy Mixer
W/EntropyMixer(  360): No existing entropy file -- first boot?
I/EntropyMixer(  360): Writing entropy...
I/SystemServer(  360): User Service
I/SystemServer(  360): Account Manager
I/SystemServer(  360): Content Manager
I/SystemServer(  360): System Content Providers
I/SyncManager(  360): No initial accounts
I/SyncManager(  360): No initial status
W/SyncManagerFile(  360): Error reading pending data.
W/SyncManagerFile(  360): java.io.FileNotFoundException: /data/system/sync/pending.xml: open failed: ENOENT (No such file or directory)
W/SyncManagerFile(  360): 	at libcore.io.IoBridge.open(IoBridge.java:409)
W/SyncManagerFile(  360): 	at java.io.FileInputStream.<init>(FileInputStream.java:78)
W/SyncManagerFile(  360): 	at android.util.AtomicFile.openRead(AtomicFile.java:199)
W/SyncManagerFile(  360): 	at com.android.server.content.SyncStorageEngine.readPendingOperationsLocked(SyncStorageEngine.java:2286)
W/SyncManagerFile(  360): 	at com.android.server.content.SyncStorageEngine.<init>(SyncStorageEngine.java:434)
W/SyncManagerFile(  360): 	at com.android.server.content.SyncStorageEngine.init(SyncStorageEngine.java:454)
W/SyncManagerFile(  360): 	at com.android.server.content.SyncManager.<init>(SyncManager.java:383)
W/SyncManagerFile(  360): 	at com.android.server.content.ContentService.getSyncManager(ContentService.java:75)
W/SyncManagerFile(  360): 	at com.android.server.content.ContentService.notifyChange(ContentService.java:283)
W/SyncManagerFile(  360): 	at android.content.ContentResolver.notifyChange(ContentResolver.java:1621)
W/SyncManagerFile(  360): 	at com.android.providers.settings.SettingsProvider.sendNotify(SettingsProvider.java:262)
W/SyncManagerFile(  360): 	at com.android.providers.settings.SettingsProvider.insertForUser(SettingsProvider.java:941)
W/SyncManagerFile(  360): 	at com.android.providers.settings.SettingsProvider.ensureAndroidIdIsSet(SettingsProvider.java:496)
W/SyncManagerFile(  360): 	at com.android.providers.settings.SettingsProvider.establishDbTracking(SettingsProvider.java:409)
W/SyncManagerFile(  360): 	at com.android.providers.settings.SettingsProvider.onCreate(SettingsProvider.java:335)
W/SyncManagerFile(  360): 	at android.content.ContentProvider.attachInfo(ContentProvider.java:1591)
W/SyncManagerFile(  360): 	at android.content.ContentProvider.attachInfo(ContentProvider.java:1562)
W/SyncManagerFile(  360): 	at android.app.ActivityThread.installProvider(ActivityThread.java:4774)
W/SyncManagerFile(  360): 	at android.app.ActivityThread.installContentProviders(ActivityThread.java:4369)
W/SyncManagerFile(  360): 	at android.app.ActivityThread.installSystemProviders(ActivityThread.java:4929)
W/SyncManagerFile(  360): 	at com.android.server.am.ActivityManagerService.installSystemProviders(ActivityManagerService.java:8081)
W/SyncManagerFile(  360): 	at com.android.server.ServerThread.initAndLoop(SystemServer.java:275)
W/SyncManagerFile(  360): 	at com.android.server.SystemServer.main(SystemServer.java:1179)
W/SyncManagerFile(  360): 	at java.lang.reflect.Method.invokeNative(Native Method)
W/SyncManagerFile(  360): 	at java.lang.reflect.Method.invoke(Method.java:515)
W/SyncManagerFile(  360): 	at com.android.internal.os.ZygoteInit$MethodAndArgsCaller.run(ZygoteInit.java:785)
W/SyncManagerFile(  360): 	at com.android.internal.os.ZygoteInit.main(ZygoteInit.java:601)
W/SyncManagerFile(  360): 	at dalvik.system.NativeStart.main(Native Method)
W/SyncManagerFile(  360): Caused by: libcore.io.ErrnoException: open failed: ENOENT (No such file or directory)
W/SyncManagerFile(  360): 	at libcore.io.Posix.open(Native Method)
W/SyncManagerFile(  360): 	at libcore.io.BlockGuardOs.open(BlockGuardOs.java:110)
W/SyncManagerFile(  360): 	at libcore.io.IoBridge.open(IoBridge.java:393)
W/SyncManagerFile(  360): 	... 27 more
I/SyncManager(  360): No initial statistics
D/SettingsProvider(  360): Generated and saved new ANDROID_ID [145ddc29a02c1d5b] for user 0
I/SystemServer(  360): Lights Service
I/SystemServer(  360): Battery Service
I/SystemServer(  360): Vibrator Service
E/ConsumerIrService(  360): Can't open consumer IR HW Module, error: -2
W/libsuspend(  360): Error writing 'on' to /sys/power/state: Invalid argument
E/libsuspend(  360): Error opening /sys/power/autosleep: No such file or directory
I/libsuspend(  360): Selected wakeup count
I/SystemServer(  360): Consumer IR Service
D/PermissionCache(   57): checking android.permission.ACCESS_SURFACE_FLINGER for uid=1000 => granted (2648 us)
D/SurfaceFlinger(   57): Screen acquired, type=0 flinger=0xb722b450
D/SurfaceFlinger(   57):  screen was previously acquired
I/SystemServer(  360): Alarm Manager
I/SystemServer(  360): Init Watchdog
I/SystemServer(  360): Input Manager
I/InputManager(  360): Initializing input manager, mUseDevInputEventForAudioJack=false
I/SystemServer(  360): Window Manager
I/WindowManager(  360): No existing display settings /data/system/display_settings.xml; starting empty
D/dalvikvm(  360): GC_CONCURRENT freed 286K, 65% free 4528K/12732K, paused 5ms+15ms, total 135ms
I/WindowManager(  360): No keyguard interface!
I/InputManager(  360): Starting input manager
I/SystemServer(  360): No Bluetooh Service (emulator)
I/SystemServer(  360): Input Method Service
E/EventHub(  360): could not get driver version for /dev/input/mouse0, Not a typewriter
W/EventHub(  360): Unable to disable kernel key repeat for /dev/input/event0: Function not implemented
I/EventHub(  360): New device: id=1, fd=93, path='/dev/input/event0', name='qwerty2', classes=0x2d, configuration='/system/usr/idc/qwerty2.idc', keyLayout='/system/usr/keylayout/qwerty.kl', keyCharacterMap='/system/usr/keychars/qwerty2.kcm', builtinKeyboard=true, usingSuspendBlockIoctl=true, usingClockIoctl=true
E/EventHub(  360): could not get driver version for /dev/input/mice, Not a typewriter
I/InputReader(  360): Device added: id=-1, name='Virtual', sources=0x00000301
I/InputReader(  360):   Touch device 'qwerty2' could not query the properties of its associated display.  The device will be inoperable until the display size becomes available.
I/InputReader(  360): Device added: id=0, name='qwerty2', sources=0x00011307
W/InputMethodManagerService(  360): No IME selected. Choose the most applicable IME.
I/InputMethodManagerService(  360): No default found, using com.android.inputmethod.latin/.LatinIME
I/SystemServer(  360): Accessibility Manager
I/InputReader(  360): Reconfiguring input devices.  changes=0x00000004
I/InputReader(  360): Device reconfigured: id=0, name='qwerty2', size 480x864, orientation 0, mode 1, display id 0
I/ActivityManager(  360): Config changes=1df8 {1.0 ?mcc?mnc en_US ldltr sw480dp w480dp h864dp 160dpi lrg long port ?uimode ?night -touch -keyb/h/h tball/v s.2}
I/ActivityManager(  360): Config changes=408 {1.0 ?mcc?mnc en_US ldltr sw480dp w480dp h839dp 160dpi lrg long port ?uimode ?night finger -keyb/h/h tball/v s.3}
I/SystemServer(  360): Mount Service
D/MountService(  360): got storage path: /storage/sdcard description: USB storage primary: true removable: false emulated: false mtpReserve: 0 allowMassStorage: false maxFileSize: 0
D/MountService(  360): addVolumeLocked() StorageVolume:
D/MountService(  360):     mStorageId=0 mPath=/storage/sdcard mDescriptionId=17040665 mPrimary=true 
D/MountService(  360):     mRemovable=false mEmulated=false mMtpReserveSpace=0 
D/MountService(  360):     mAllowMassStorage=false mMaxFileSize=0 mOwner=null mUuid=null 
D/MountService(  360):     mUserLabel=null mState=null 
I/SystemServer(  360): LockSettingsService
I/SystemServer(  360): Device Policy
I/SystemServer(  360): Status Bar
I/SystemServer(  360): Clipboard Service
I/SystemServer(  360): NetworkManagement Service
I/SystemServer(  360): Text Service Manager Service
W/MountService(  360): Duplicate state transition (unmounted -> unmounted) for /storage/sdcard
W/MountService(  360): getSecureContainerList() called when storage not mounted
I/SystemServer(  360): NetworkStats Service
I/PackageManager(  360): No secure containers on sdcard
D/SettingsProvider(  360): User 0 external modification to /data/data/com.android.providers.settings/databases/settings.db; event=2
D/SettingsProvider(  360): User 0 updating our caches for /data/data/com.android.providers.settings/databases/settings.db
I/SystemServer(  360): NetworkPolicy Service
I/SystemServer(  360): Wi-Fi P2pService
D/SettingsProvider(  360): User 0 external modification to /data/data/com.android.providers.settings/databases/settings.db; event=2
D/SettingsProvider(  360): User 0 updating our caches for /data/data/com.android.providers.settings/databases/settings.db
W/PackageManager(  360): Not granting permission android.permission.GLOBAL_SEARCH to package com.android.quicksearchbox (protectionLevel=18 flags=0x8be45)
D/dalvikvm(  360): GC_CONCURRENT freed 294K, 64% free 4668K/12732K, paused 6ms+6ms, total 87ms
W/PackageManager(  360): Unknown permission com.android.smspush.WAPPUSH_MANAGER_BIND in package com.android.phone
W/PackageManager(  360): Unknown permission com.google.android.googleapps.permission.GOOGLE_AUTH in package com.android.providers.calendar
W/PackageManager(  360): Unknown permission com.google.android.googleapps.permission.GOOGLE_AUTH.cl in package com.android.providers.calendar
W/PackageManager(  360): Unknown permission com.google.android.googleapps.permission.GOOGLE_AUTH.mail in package com.android.calendar
W/PackageManager(  360): Not granting permission android.permission.ACCESS_DOWNLOAD_MANAGER to package com.android.browser (protectionLevel=18 flags=0x9be45)
W/PackageManager(  360): Not granting permission android.permission.SEND_DOWNLOAD_COMPLETED_INTENTS to package com.android.browser (protectionLevel=2 flags=0x9be45)
W/PackageManager(  360): Not granting permission android.permission.BIND_APPWIDGET to package com.android.widgetpreview (protectionLevel=18 flags=0x8be44)
W/PackageManager(  360): Unknown permission android.permission.INSTALL_DRM in package com.android.mms
W/PackageManager(  360): Unknown permission com.google.android.googleapps.permission.GOOGLE_AUTH in package com.android.settings
W/PackageManager(  360): Unknown permission com.google.android.googleapps.permission.ACCESS_GOOGLE_PASSWORD in package com.android.development
W/PackageManager(  360): Unknown permission com.google.android.googleapps.permission.GOOGLE_AUTH in package com.android.development
W/PackageManager(  360): Unknown permission com.google.android.googleapps.permission.GOOGLE_AUTH.ALL_SERVICES in package com.android.development
W/PackageManager(  360): Unknown permission com.google.android.googleapps.permission.GOOGLE_AUTH.YouTubeUser in package com.android.development
W/PackageManager(  360): Not granting permission android.permission.DELETE_PACKAGES to package com.svox.pico (protectionLevel=18 flags=0x8be45)
W/PackageManager(  360): Not granting permission android.permission.DEVICE_POWER to package com.android.deskclock (protectionLevel=2 flags=0x48be45)
I/SystemServer(  360): Wi-Fi Service
D/WifiController(  360): isAirplaneModeOn = false, isWifiEnabled = false, isScanningAvailable = false
I/SystemServer(  360): Connectivity Service
D/ConnectivityService(  360): ConnectivityService starting up
D/ConnectivityService(  360): wifiOnly=false
E/MobileDataStateTracker(  360): default: Ignoring feature request because could not acquire PhoneService
E/MobileDataStateTracker(  360): default: Could not enable APN type "default"
I/WifiService(  360): WifiService starting up with Wi-Fi disabled
D/dalvikvm(  360): GC_CONCURRENT freed 370K, 63% free 4736K/12732K, paused 6ms+6ms, total 105ms
I/SystemServer(  360): Network Service Discovery Service
D/NsdService(  360): Network service discovery enabled true
I/SystemServer(  360): UpdateLock Service
I/SystemServer(  360): Notification Manager
I/SystemServer(  360): Device Storage Monitor
I/SystemServer(  360): Location Manager
I/SystemServer(  360): Country Detector
I/SystemServer(  360): Search Service
I/SystemServer(  360): DropBox Service
I/SystemServer(  360): Wallpaper Service
W/WallpaperService(  360): no current wallpaper -- first boot?
I/SystemServer(  360): Audio Service
I/SystemServer(  360): Dock Observer
W/DockObserver(  360): This kernel does not have dock station support
I/SystemServer(  360): Wired Accessory Manager
W/WiredAccessoryManager(  360): This kernel does not have wired headset support
W/WiredAccessoryManager(  360): This kernel does not have usb audio support
W/WiredAccessoryManager(  360): This kernel does not have HDMI audio support
I/SystemServer(  360): USB Service
I/SystemServer(  360): Serial Service
I/SystemServer(  360): Twilight Service
I/SystemServer(  360): UI Mode Manager Service
I/SystemServer(  360): Backup Service
V/BackupManagerService(  360): Initializing package tracking
V/BackupManagerService(  360): No ancestral data
V/BackupManagerService(  360): addPackageParticipantsLocked: all
I/BackupManagerService(  360): Scheduling backup for new app com.android.calendar
D/BackupManagerService(  360): Now staging backup of com.android.calendar
I/BackupManagerService(  360): Scheduling backup for new app com.android.browser
D/BackupManagerService(  360): Now staging backup of com.android.browser
I/BackupManagerService(  360): Scheduling backup for new app com.android.providers.userdictionary
D/BackupManagerService(  360): Now staging backup of com.android.providers.userdictionary
I/BackupManagerService(  360): Scheduling backup for new app com.android.sharedstoragebackup
D/BackupManagerService(  360): Now staging backup of com.android.sharedstoragebackup
I/BackupManagerService(  360): Scheduling backup for new app android
D/BackupManagerService(  360): Now staging backup of android
I/BackupManagerService(  360): Scheduling backup for new app com.android.dialer
D/BackupManagerService(  360): Now staging backup of com.android.dialer
I/BackupManagerService(  360): Scheduling backup for new app com.android.providers.settings
D/BackupManagerService(  360): Now staging backup of com.android.providers.settings
V/BackupManagerService(  360): Starting with transport android/com.android.internal.backup.LocalTransport
V/BackupManagerService(  360): Found transports: 1
I/BackupManagerService(  360): Binding to transport host ComponentInfo{android/com.android.internal.backup.LocalTransportService}
I/BackupManagerService(  360): Backup enabled => true
I/SystemServer(  360): AppWidget Service
I/SystemServer(  360): Recognition Service
I/SystemServer(  360): DiskStats Service
I/SystemServer(  360): SamplingProfiler Service
I/SystemServer(  360): NetworkTimeUpdateService
I/SystemServer(  360): CommonTimeManagementService
I/SystemServer(  360): CertBlacklister
I/SystemServer(  360): Dreams Service
I/SystemServer(  360): Assets Atlas Service
I/SystemServer(  360): IdleMaintenanceService
I/SystemServer(  360): Print Service
D/Atlas   (  360): Computing best atlas configuration...
D/Atlas   (  360): Running Thread-50
I/WindowManager(  360): SAFE MODE not enabled
I/SystemServer(  360): Media Router Service
D/dalvikvm(  360): GC_CONCURRENT freed 299K, 62% free 4949K/12732K, paused 21ms+4ms, total 116ms
D/dalvikvm(  360): WAIT_FOR_CONCURRENT_GC blocked 37ms
D/dalvikvm(  360): WAIT_FOR_CONCURRENT_GC blocked 27ms
D/Atlas   (  360): Found best atlas configuration in 0.12s
D/Atlas   (  360): Loaded configuration: SliceMinArea (768x768) flags=0x2 count=24
E/SQLiteLog(  360): (1) no such table: locksettings
D/gralloc_goldfish(  360): Emulator without GPU emulation detected.
I/LockSettingsService(  360): Migrated lock settings to new location
I/LockSettingsService(  360): Migrated per-user lock settings to new location
W/AssetAtlasService(  360): Could not find EGL configuration
D/Atlas   (  360): Rendered atlas in 19.29ms (16.31+2.98ms)
I/Zygote  (  360): Process: zygote socket opened
I/ActivityManager(  360): Start proc com.android.systemui for service com.android.keyguard/.KeyguardService: pid=448 uid=10007 gids={50007, 1028, 1015, 1035, 3002, 3001}
V/KeyguardServiceDelegate(  360): *** Keyguard started
V/KeyguardServiceDelegate(  360): onSystemReady() called before keyguard service was ready
F/SystemServer(  360): BOOT FAILURE making Package Manager Service ready
F/SystemServer(  360): java.lang.SecurityException: Unable to find app for caller android.app.ActivityThread$ApplicationThread@b33da2f0 (pid=360) when registering receiver android.app.LoadedApk$ReceiverDispatcher$InnerReceiver@b340a9d0
F/SystemServer(  360): 	at com.android.server.am.ActivityManagerService.registerReceiver(ActivityManagerService.java:13021)
F/SystemServer(  360): 	at android.app.ContextImpl.registerReceiverInternal(ContextImpl.java:1450)
F/SystemServer(  360): 	at android.app.ContextImpl.registerReceiverAsUser(ContextImpl.java:1425)
F/SystemServer(  360): 	at com.android.internal.content.PackageMonitor.register(PackageMonitor.java:84)
F/SystemServer(  360): 	at com.android.server.pm.UserManagerService.systemReady(UserManagerService.java:237)
F/SystemServer(  360): 	at com.android.server.pm.PackageManagerService.systemReady(PackageManagerService.java:10476)
F/SystemServer(  360): 	at com.android.server.ServerThread.initAndLoop(SystemServer.java:893)
F/SystemServer(  360): 	at com.android.server.SystemServer.main(SystemServer.java:1179)
F/SystemServer(  360): 	at java.lang.reflect.Method.invokeNative(Native Method)
F/SystemServer(  360): 	at java.lang.reflect.Method.invoke(Method.java:515)
F/SystemServer(  360): 	at com.android.internal.os.ZygoteInit$MethodAndArgsCaller.run(ZygoteInit.java:785)
F/SystemServer(  360): 	at com.android.internal.os.ZygoteInit.main(ZygoteInit.java:601)
F/SystemServer(  360): 	at dalvik.system.NativeStart.main(Native Method)
W/SystemServer(  360): ***********************************************
I/ActivityManager(  360): Sending system update to ComponentInfo{com.android.providers.calendar/com.android.providers.calendar.CalendarUpgradeReceiver} for user 0
I/ActivityManager(  360): Sending system update to ComponentInfo{com.android.providers.contacts/com.android.providers.contacts.ContactsUpgradeReceiver} for user 0
I/ActivityManager(  360): Sending system update to ComponentInfo{com.android.providers.media/com.android.providers.media.MediaUpgradeReceiver} for user 0
I/SystemServer(  360): Enabled StrictMode for system server main thread.
I/ActivityManager(  360): Start proc com.android.providers.calendar for broadcast com.android.providers.calendar/.CalendarUpgradeReceiver: pid=459 uid=10001 gids={50001, 3003, 1028, 1015}
I/Choreographer(  360): Skipped 44 frames!  The application may be doing too much work on its main thread.
W/InputMethodManagerService(  360): Focus gain on non-focused client android.view.inputmethod.InputMethodManager$1@b3643b80 (uid=1000 pid=360)
V/BackupManagerService(  360): Connected to transport ComponentInfo{android/com.android.internal.backup.LocalTransportService}
V/BackupManagerService(  360): Registering transport android/com.android.internal.backup.LocalTransportService::android/com.android.internal.backup.LocalTransport = com.android.internal.backup.LocalTransport@b36cddd0
I/ActivityManager(  360): Launching preboot mode app: ProcessRecord{b35feee0 459:com.android.providers.calendar/u0a1}
E/SoundPool(  448): error loading /system/media/audio/ui/Lock.ogg
W/KeyguardViewMediator(  448): failed to load lock sound from /system/media/audio/ui/Lock.ogg
E/SoundPool(  448): error loading /system/media/audio/ui/Unlock.ogg
W/KeyguardViewMediator(  448): failed to load unlock sound from /system/media/audio/ui/Unlock.ogg
V/KeyguardService(  448): onCreate()
V/KeyguardServiceDelegate(  360): *** Keyguard connected (yay!)
V/KeyguardServiceDelegate(  360): **** SHOWN CALLED ****
D/dalvikvm(  360): GC_CONCURRENT freed 342K, 60% free 5096K/12732K, paused 3ms+5ms, total 101ms
I/ActivityManager(  360): Start proc android.process.acore for broadcast com.android.providers.contacts/.ContactsUpgradeReceiver: pid=480 uid=10002 gids={50002, 3003, 1028, 1015}
I/ActivityManager(  360): Launching preboot mode app: ProcessRecord{b3293f68 480:android.process.acore/u0a2}
I/ContactsUpgradeReceiver(  480): Creating or opening contacts database
D/dalvikvm(  480): GC_CONCURRENT freed 364K, 15% free 2806K/3268K, paused 11ms+1ms, total 58ms
I/ContactsDatabaseHelper(  480): Bootstrapping database version: 803
D/dalvikvm(  480): GC_CONCURRENT freed 325K, 13% free 2872K/3292K, paused 4ms+4ms, total 30ms
I/ContactsProviderV1(  480): Bootstrapping database legacy support
I/ContactsDatabaseHelper(  480): Bootstrapping database version: 803
D/dalvikvm(  480): GC_CONCURRENT freed 340K, 13% free 2930K/3368K, paused 14ms+2ms, total 39ms
I/ContactsProviderV1(  480): Bootstrapping database legacy support
D/dalvikvm(  480): GC_CONCURRENT freed 347K, 13% free 3011K/3456K, paused 4ms+1ms, total 31ms
I/ContactsProvider(  480): Locale has changed from null to en_US
I/ContactsDatabaseHelper(  480): Switching to locale en_US (ICU v51.1.0.1)
I/ContactsDatabaseHelper(  480): Locale change completed in 446ms
I/ContactsDatabaseHelper(  480): Switching to locale en_US (ICU v51.1.0.1)
D/dalvikvm(  480): GC_CONCURRENT freed 359K, 14% free 3050K/3508K, paused 13ms+3ms, total 41ms
I/ContactsDatabaseHelper(  480): Locale change completed in 455ms
I/ActivityManager(  360): Start proc android.process.media for broadcast com.android.providers.media/.MediaUpgradeReceiver: pid=496 uid=10005 gids={50005, 1028, 1015, 1023, 1024, 2001, 3003, 3007}
I/ActivityManager(  360): Launching preboot mode app: ProcessRecord{b32a8e40 496:android.process.media/u0a5}
I/ActivityManager(  360): Writing new set of last done pre-boot receivers...
I/ActivityManager(  360): Removing system update proc: ProcessRecord{b35feee0 459:com.android.providers.calendar/u0a1}
I/ActivityManager(  360): Killing 459:com.android.providers.calendar/u0a1 (adj 13): system update done
I/ActivityManager(  360): Removing system update proc: ProcessRecord{b3293f68 480:android.process.acore/u0a2}
I/ActivityManager(  360): Killing 480:android.process.acore/u0a2 (adj 11): system update done
I/ActivityManager(  360): Removing system update proc: ProcessRecord{b32a8e40 496:android.process.media/u0a5}
I/ActivityManager(  360): Killing 496:android.process.media/u0a5 (adj 9): system update done
I/ActivityManager(  360): System now ready
W/ActivityManager(  360): Can't find mystery application for StrictMode from pid=496 uid=10005: android.os.BinderProxy@b33771d0
I/SystemServer(  360): Making services ready
W/ProcessCpuTracker(  360): Skipping unknown process pid 459
W/ProcessCpuTracker(  360): Skipping unknown process pid 480
W/ProcessCpuTracker(  360): Skipping unknown process pid 496
D/NetworkManagementService(  360): enabling bandwidth control
I/Vold    (   52): /dev/block/vold/179:0 being considered for volume sdcard
D/Vold    (   52): Volume sdcard state changing 1 (Idle-Unmounted) -> 3 (Checking)
D/MountService(  360): volume state changed for /storage/sdcard (unmounted -> checking)
D/MountService(  360): sendStorageIntent Intent { act=android.intent.action.MEDIA_CHECKING dat=file:///storage/sdcard (has extras) } to UserHandle{-1}
D/SystemUIService(  448): loading: class com.android.systemui.recent.Recents
D/SystemUIService(  448): running: com.android.systemui.recent.Recents@b2dc2010
D/SystemUIService(  448): loading: class com.android.systemui.statusbar.SystemBars
D/SystemUIService(  448): running: com.android.systemui.statusbar.SystemBars@b2dc25f8
I/fsck_msdos(   52): ** /dev/block/vold/179:0
I/fsck_msdos(   52): Invalid signature in fsinfo block
I/fsck_msdos(   52): FIXED
I/fsck_msdos(   52): ** Phase 1 - Read and Compare FATs
I/fsck_msdos(   52): Attempting to allocate 794 KB for FAT
D/SystemUIService(  448): loading: class com.android.systemui.usb.StorageNotification
D/SystemUIService(  448): running: com.android.systemui.usb.StorageNotification@b2dc4348
D/SystemUIService(  448): loading: class com.android.systemui.power.PowerUI
D/SystemUIService(  448): running: com.android.systemui.power.PowerUI@b2dc5c00
D/SystemUIService(  448): loading: class com.android.systemui.media.RingtonePlayer
D/SystemUIService(  448): running: com.android.systemui.media.RingtonePlayer@b2dc69e0
D/SystemUIService(  448): loading: class com.android.systemui.settings.SettingsUI
D/SystemUIService(  448): running: com.android.systemui.settings.SettingsUI@b2dc7cc8
I/fsck_msdos(   52): Attempting to allocate 794 KB for FAT
I/StatusBarManagerService(  360): registerStatusBar bar=com.android.internal.statusbar.IStatusBar$Stub$Proxy@b3389c70
D/PhoneStatusBar(  448): mSettingsPanelGravity = 55
I/fsck_msdos(   52): ** Phase 2 - Check Cluster Chains
I/fsck_msdos(   52): ** Phase 3 - Checking Directories
I/fsck_msdos(   52): ** Phase 4 - Checking for Lost Files
I/fsck_msdos(   52): Free space in FSInfo block (201592) not correct (201591)
I/fsck_msdos(   52): FIXED
I/fsck_msdos(   52): 1 files, 100795 free (201591 clusters)
I/Vold    (   52): Filesystem check completed OK
D/dalvikvm(  448): GC_CONCURRENT freed 284K, 12% free 2830K/3212K, paused 63ms+4ms, total 202ms
W/Vold    (   52): blkid failed to identify /dev/block/vold/179:0
D/Vold    (   52): Volume sdcard state changing 3 (Checking) -> 4 (Mounted)
I/PackageManager(  360): Updating external media status from unmounted to mounted
D/MountService(  360): volume state changed for /storage/sdcard (checking -> mounted)
E/VoldConnector(  360): NDC Command {3 volume mount /storage/sdcard} took too long (1008ms)
D/dalvikvm(  360): GC_CONCURRENT freed 463K, 59% free 5235K/12732K, paused 5ms+33ms, total 250ms
D/dalvikvm(  360): WAIT_FOR_CONCURRENT_GC blocked 139ms
D/dalvikvm(  360): WAIT_FOR_CONCURRENT_GC blocked 198ms
D/MountService(  360): sendStorageIntent Intent { act=android.intent.action.MEDIA_MOUNTED dat=file:///storage/sdcard (has extras) } to UserHandle{-1}
D/dalvikvm(  360): WAIT_FOR_CONCURRENT_GC blocked 145ms
D/dalvikvm(  448): GC_FOR_ALLOC freed 35K, 9% free 2947K/3212K, paused 35ms, total 37ms
E/BluetoothAdapter(  448): Bluetooth binder is null
E/BluetoothAdapter(  448): Bluetooth binder is null
I/PackageManager(  360): No secure containers on sdcard
E/VoldConnector(  360): NDC Command {4 asec list} took too long (721ms)
D/dalvikvm(  448): GC_CONCURRENT freed 54K, 6% free 3301K/3488K, paused 13ms+2ms, total 81ms
W/PackageManager(  360): Not granting permission android.permission.GLOBAL_SEARCH to package com.android.quicksearchbox (protectionLevel=18 flags=0x88be45)
W/PackageManager(  360): Unknown permission com.android.smspush.WAPPUSH_MANAGER_BIND in package com.android.phone
W/PackageManager(  360): Unknown permission com.google.android.googleapps.permission.GOOGLE_AUTH in package com.android.providers.calendar
W/PackageManager(  360): Unknown permission com.google.android.googleapps.permission.GOOGLE_AUTH.cl in package com.android.providers.calendar
W/PackageManager(  360): Unknown permission com.google.android.googleapps.permission.GOOGLE_AUTH.mail in package com.android.calendar
W/PackageManager(  360): Not granting permission android.permission.ACCESS_DOWNLOAD_MANAGER to package com.android.browser (protectionLevel=18 flags=0x89be45)
W/PackageManager(  360): Not granting permission android.permission.SEND_DOWNLOAD_COMPLETED_INTENTS to package com.android.browser (protectionLevel=2 flags=0x89be45)
W/PackageManager(  360): Not granting permission android.permission.BIND_APPWIDGET to package com.android.widgetpreview (protectionLevel=18 flags=0x8be44)
W/PackageManager(  360): Unknown permission android.permission.INSTALL_DRM in package com.android.mms
W/PackageManager(  360): Unknown permission com.google.android.googleapps.permission.GOOGLE_AUTH in package com.android.settings
W/PackageManager(  360): Unknown permission com.google.android.googleapps.permission.ACCESS_GOOGLE_PASSWORD in package com.android.development
W/PackageManager(  360): Unknown permission com.google.android.googleapps.permission.GOOGLE_AUTH in package com.android.development
W/PackageManager(  360): Unknown permission com.google.android.googleapps.permission.GOOGLE_AUTH.ALL_SERVICES in package com.android.development
W/PackageManager(  360): Unknown permission com.google.android.googleapps.permission.GOOGLE_AUTH.YouTubeUser in package com.android.development
W/PackageManager(  360): Not granting permission android.permission.DELETE_PACKAGES to package com.svox.pico (protectionLevel=18 flags=0x88be45)
W/PackageManager(  360): Not granting permission android.permission.DEVICE_POWER to package com.android.deskclock (protectionLevel=2 flags=0xc8be45)
E/BluetoothAdapter(  448): Bluetooth binder is null
E/BluetoothAdapter(  448): Bluetooth binder is null
I/ActivityManager(  360): Start proc android.process.acore for content provider com.android.providers.contacts/.ContactsProvider2: pid=549 uid=10002 gids={50002, 3003, 1028, 1015}
D/PhoneStatusBar(  448): disable: < expand icons alerts ticker system_info back home recent clock search >
E/NetdConnector(  360): NDC Command {1 bandwidth enable} took too long (3257ms)
E/BluetoothAdapter(  448): Bluetooth binder is null
D/PhoneStatusBar(  448): heads up is disabled
I/Choreographer(  448): Skipped 431 frames!  The application may be doing too much work on its main thread.
D/dalvikvm(  448): GC_CONCURRENT freed 139K, 7% free 3552K/3788K, paused 5ms+49ms, total 152ms
I/Choreographer(  448): Skipped 230 frames!  The application may be doing too much work on its main thread.
D/gralloc_goldfish(  448): Emulator without GPU emulation detected.
I/Choreographer(  448): Skipped 103 frames!  The application may be doing too much work on its main thread.
D/dalvikvm(  549): GC_CONCURRENT freed 252K, 11% free 2947K/3296K, paused 5ms+205ms, total 376ms
E/NetdConnector(  360): NDC Command {5 firewall disable} took too long (539ms)
I/ActivityManager(  360): Config changes=200 {1.0 ?mcc?mnc en_US ldltr sw480dp w480dp h839dp 160dpi lrg long port finger -keyb/h/h tball/v s.4}
W/RecognitionManagerService(  360): no available voice recognition services found for user 0
D/PhoneStatusBar(  448): mSettingsPanelGravity = 55
W/AppWidgetServiceImpl(  360): Failed to read state: java.io.FileNotFoundException: /data/system/users/0/appwidgets.xml: open failed: ENOENT (No such file or directory)
W/InputMethodManagerService(  360): Ignoring setImeWindowStatus of uid 1000 token: null
D/dalvikvm(  360): GC_CONCURRENT freed 657K, 60% free 5214K/12732K, paused 5ms+5ms, total 112ms
D/dalvikvm(  360): WAIT_FOR_CONCURRENT_GC blocked 38ms
D/dalvikvm(  360): WAIT_FOR_CONCURRENT_GC blocked 38ms
W/InputMethodUtils(  360): Found no subtypes in a system IME: com.android.inputmethod.pinyin
W/InputMethodManagerService(  360): Reset the default IME as "Resource" is ready here.
W/InputMethodUtils(  360): Found no subtypes in a system IME: com.android.inputmethod.pinyin
I/InputMethodManagerService(  360): Selected default: com.android.inputmethod.latin/.LatinIME
I/ActivityManager(  360): Config changes=20 {1.0 ?mcc?mnc en_US ldltr sw480dp w480dp h839dp 160dpi lrg long port finger -keyb/v/h tball/v s.5}
D/dalvikvm(  448): GC_FOR_ALLOC freed 97K, 6% free 3562K/3788K, paused 38ms, total 39ms
I/ActivityManager(  360): Start proc com.android.inputmethod.latin for service com.android.inputmethod.latin/.LatinIME: pid=588 uid=10029 gids={50029, 1028, 1015}
V/InputMethodManagerService(  360): Adding window token: android.os.Binder@b2f6bd70
W/InputMethodManagerService(  360): Illegal subtype state: old subtype = null, new subtype = android.view.inputmethod.InputMethodSubtype@c9194f98
W/GpsLocationProvider(  360): Could not open GPS configuration file /etc/gps.conf
I/dalvikvm-heap(  448): Grow heap (frag case) to 6.499MB for 3072016-byte allocation
W/ServiceWatcher(  360): com.google.android.location not found
W/ServiceWatcher(  360): com.google.android.location not found
W/ServiceWatcher(  360): com.google.android.location not found
W/LocationManagerService(  360): no network location provider found
W/ServiceWatcher(  360): com.google.android.location not found
E/FlpHardwareProvider(  360): Error hw_get_module 'flp': -2
W/ServiceWatcher(  360): com.google.android.location not found
E/FlpHardwareProvider(  360): Error hw_get_module 'flp': -2
W/ServiceWatcher(  360): com.google.android.location not found
E/LocationManagerService(  360): no geocoder provider found
E/LocationManagerService(  360): No FusedProvider found.
E/LocationManagerService(  360): no geofence provider found
I/CommonTimeManagementService(  360): No common time service detected on this platform.  Common time services will be unavailable.
I/InputReader(  360): Reconfiguring input devices.  changes=0x00000020
I/InputReader(  360): Reconfiguring input devices.  changes=0x00000010
I/ActivityManager(  360): Start proc com.android.phone for added application com.android.phone: pid=599 uid=1001 gids={41001, 3002, 3001, 3003, 1028, 1015}
I/ActivityManager(  360): START u0 {act=android.intent.action.MAIN cat=[android.intent.category.HOME] flg=0x10000000 cmp=com.android.settings/.CryptKeeper} from pid 0
D/dalvikvm(  448): GC_FOR_ALLOC freed 3K, 4% free 6558K/6792K, paused 213ms, total 213ms
I/ActivityManager(  360): Start proc com.android.settings for activity com.android.settings/.CryptKeeper: pid=607 uid=1000 gids={41000, 1028, 1015, 3002, 3001, 3003}
D/dalvikvm(  448): GC_CONCURRENT freed <1K, 4% free 6560K/6792K, paused 89ms+39ms, total 182ms
I/ActivityManager(  360): Start proc android.process.media for broadcast com.android.providers.downloads/.DownloadReceiver: pid=629 uid=10005 gids={50005, 1028, 1015, 1023, 1024, 2001, 3003, 3007}
D/dalvikvm(   58): GC_EXPLICIT freed 38K, 5% free 2705K/2840K, paused 3ms+11ms, total 57ms
D/dalvikvm(   58): GC_EXPLICIT freed <1K, 5% free 2705K/2840K, paused 3ms+2ms, total 42ms
D/dalvikvm(   58): GC_EXPLICIT freed <1K, 5% free 2705K/2840K, paused 13ms+2ms, total 53ms
D/dalvikvm(  448): GC_FOR_ALLOC freed 3002K, 6% free 3563K/3788K, paused 47ms, total 48ms
I/dalvikvm-heap(  448): Grow heap (frag case) to 6.500MB for 3072016-byte allocation
D/dalvikvm(  448): GC_FOR_ALLOC freed <1K, 4% free 6563K/6792K, paused 133ms, total 133ms
D/dalvikvm(  448): GC_CONCURRENT freed 0K, 4% free 6563K/6792K, paused 3ms+2ms, total 33ms
D/PhoneStatusBar(  448): mSettingsPanelGravity = 55
D/dalvikvm(  360): GC_CONCURRENT freed 489K, 58% free 5356K/12732K, paused 315ms+4ms, total 470ms
D/dalvikvm(  360): WAIT_FOR_CONCURRENT_GC blocked 78ms
D/dalvikvm(  360): WAIT_FOR_CONCURRENT_GC blocked 48ms
D/dalvikvm(  360): WAIT_FOR_CONCURRENT_GC blocked 47ms
D/dalvikvm(  360): WAIT_FOR_CONCURRENT_GC blocked 42ms
D/dalvikvm(  360): WAIT_FOR_CONCURRENT_GC blocked 49ms
V/StatusBar(  448): userId 0 is in the house
W/WindowManager(  360): Window freeze timeout expired.
W/WindowManager(  360): Force clearing orientation change: Window{b2dd0bc8 u0 StatusBar}
W/WindowManager(  360): Force clearing orientation change: Window{b3249d28 u0 com.android.systemui.ImageWallpaper}
I/Choreographer(  448): Skipped 112 frames!  The application may be doing too much work on its main thread.
I/ActivityManager(  360): START u0 {act=android.intent.action.MAIN cat=[android.intent.category.HOME] flg=0x10000000 cmp=com.android.sdksetup/.DefaultActivity} from pid 0
I/LatinIME(  588): Hardware accelerated drawing: true
I/ActivityManager(  360): Start proc com.android.sdksetup for activity com.android.sdksetup/.DefaultActivity: pid=645 uid=10042 gids={50042}
I/Choreographer(  448): Skipped 33 frames!  The application may be doing too much work on its main thread.
I/ActivityManager(  360): Start proc com.android.printspooler for service com.android.printspooler/.PrintSpoolerService: pid=661 uid=10039 gids={50039}
W/InputAttributes(  588): No editor info for this field. Bug?
I/PrintSpoolerService(  661): No existing print spooler state.
I/ResourceUtils(  588): Found default value: resource=keypress_vibration_durations build=[HARDWARE=goldfish MODEL=sdk BRAND=generic MANUFACTURER=unknown] default=-1
I/ResourceUtils(  588): Found default value: resource=keypress_volumes build=[HARDWARE=goldfish MODEL=sdk BRAND=generic MANUFACTURER=unknown] default=-1.0f
D/dalvikvm(  588): GC_CONCURRENT freed 223K, 10% free 2902K/3208K, paused 15ms+4ms, total 249ms
I/ActivityManager(  360): Force stopping com.android.sdksetup appid=10042 user=0: pkg changed
I/ActivityManager(  360): Killing 645:com.android.sdksetup/u0a42 (adj 0): stop com.android.sdksetup
I/ActivityManager(  360):   Force finishing activity ActivityRecord{b3304c70 u0 com.android.sdksetup/.DefaultActivity t2}
I/ActivityManager(  360): START u0 {act=android.intent.action.MAIN cat=[android.intent.category.HOME] flg=0x10000000 cmp=com.android.launcher/com.android.launcher2.Launcher} from pid 0
I/ActivityManager(  360): Start proc com.android.launcher for activity com.android.launcher/com.android.launcher2.Launcher: pid=680 uid=10008 gids={50008}
I/LatinIME:LogUtils(  588): Dictionary info: dictionary = personalization.en_US.dict ; version = ? ; date = 1545660145
I/LatinIME:LogUtils(  588): Dictionary info: dictionary = UserHistoryDictionary.en_US.dic ; version = ? ; date = 1545660145
I/LatinIME:LogUtils(  588): Dictionary info: dictionary = PersonalizationPredictionDictio ; version = ? ; date = 1545660145
D/dalvikvm(  360): GC_CONCURRENT freed 642K, 58% free 5381K/12732K, paused 35ms+45ms, total 392ms
D/dalvikvm(  360): WAIT_FOR_CONCURRENT_GC blocked 328ms
D/dalvikvm(  360): WAIT_FOR_CONCURRENT_GC blocked 131ms
D/dalvikvm(  360): WAIT_FOR_CONCURRENT_GC blocked 139ms
D/dalvikvm(  360): WAIT_FOR_CONCURRENT_GC blocked 139ms
D/dalvikvm(  360): WAIT_FOR_CONCURRENT_GC blocked 117ms
D/dalvikvm(  360): WAIT_FOR_CONCURRENT_GC blocked 57ms
I/InputReader(  360): Reconfiguring input devices.  changes=0x00000010
D/dalvikvm(  599): GC_CONCURRENT freed 172K, 9% free 2927K/3196K, paused 3ms+29ms, total 208ms
W/BackupManagerService(  360): dataChanged but no participant pkg='com.android.providers.settings' uid=1001
I/PackageManager(  360):   Action: "android.intent.action.SENDTO"
I/PackageManager(  360):   Category: "android.intent.category.DEFAULT"
I/PackageManager(  360):   Scheme: "sms"
I/PackageManager(  360): Adding preferred activity ComponentInfo{com.android.mms/com.android.mms.ui.ComposeMessageActivity} for user 0 :
I/PackageManager(  360):   Action: "android.intent.action.SENDTO"
I/PackageManager(  360):   Category: "android.intent.category.DEFAULT"
I/PackageManager(  360):   Scheme: "smsto"
I/PackageManager(  360): Adding preferred activity ComponentInfo{com.android.mms/com.android.mms.ui.ComposeMessageActivity} for user 0 :
I/PackageManager(  360):   Action: "android.intent.action.SENDTO"
I/PackageManager(  360):   Category: "android.intent.category.DEFAULT"
I/PackageManager(  360):   Scheme: "mms"
I/PackageManager(  360): Adding preferred activity ComponentInfo{com.android.mms/com.android.mms.ui.ComposeMessageActivity} for user 0 :
I/PackageManager(  360):   Action: "android.intent.action.SENDTO"
I/PackageManager(  360):   Category: "android.intent.category.DEFAULT"
I/PackageManager(  360):   Scheme: "mmsto"
I/PackageManager(  360): Adding preferred activity ComponentInfo{com.android.mms/com.android.mms.ui.ComposeMessageActivity} for user 0 :
D/dalvikvm(  360): GC_CONCURRENT freed 640K, 58% free 5406K/12732K, paused 37ms+25ms, total 327ms
D/dalvikvm(  360): WAIT_FOR_CONCURRENT_GC blocked 155ms
I/PackageManager(  360):   Action: "android.intent.action.SENDTO"
I/PackageManager(  360):   Category: "android.intent.category.DEFAULT"
I/PackageManager(  360):   Scheme: "sms"
