D/dalvikvm(  356): WAIT_FOR_CONCURRENT_GC blocked 78ms
D/dalvikvm(  356): WAIT_FOR_CONCURRENT_GC blocked 66ms
D/dalvikvm(  356): WAIT_FOR_CONCURRENT_GC blocked 65ms
D/dalvikvm(  356): WAIT_FOR_CONCURRENT_GC blocked 63ms
D/dalvikvm(  356): WAIT_FOR_CONCURRENT_GC blocked 84ms
D/dalvikvm(  356): WAIT_FOR_CONCURRENT_GC blocked 82ms
D/dalvikvm(  356): WAIT_FOR_CONCURRENT_GC blocked 98ms
E/NetdConnector(  356): NDC Command {42 interface route add eth0 default 172.217.23.14 32 10.0.2.2} took too long (574ms)
E/logwrapper(  915): executing /system/bin/ip failed: No such file or directory
I/PackageManager(  356):   Action: "android.intent.action.SENDTO"
I/PackageManager(  356):   Category: "android.intent.category.DEFAULT"
I/PackageManager(  356):   Scheme: "mmsto"
I/PackageManager(  356): Adding preferred activity ComponentInfo{com.android.mms/com.android.mms.ui.ComposeMessageActivity} for user 0 :
E/ConnectivityService(  356): Exception trying to add a route: java.lang.IllegalStateException: command '43 interface fwmark exempt add 172.217.23.14/32' failed with '400 43 Failed to add exemption rule (File exists)'
D/ConnectivityService(  356): requestRouteToHostAddress ok=false
D/ConnectivityService(  356): [CheckMp] isMobileOk: could not establish route to hostAddr=clients3.google.com/172.217.23.14
D/AndroidRuntime(  792): Shutting down VM
D/dalvikvm(  792): GC_CONCURRENT freed 95K, 16% free 560K/660K, paused 3ms+2ms, total 23ms
E/BluetoothAdapter(  611): Bluetooth binder is null
I/ActivityManager(  356): Start proc com.android.music for broadcast com.android.music/.MediaButtonIntentReceiver: pid=918 uid=10032 gids={50032, 3003, 1028, 1015}
I/dalvikvm(  918): CheckJNI enabled: not enabling JNI app bug workarounds.
I/ActivityManager(  356): Start proc com.android.email for content provider com.android.email/.provider.EmailProvider: pid=932 uid=10024 gids={50024, 3003, 1028, 1015}
I/ActivityManager(  356): Start proc com.android.calendar for broadcast com.android.calendar/.widget.CalendarAppWidgetService$CalendarFactory: pid=944 uid=10016 gids={50016, 3003}
D/dalvikvm(  356): GC_CONCURRENT freed 562K, 56% free 5678K/12732K, paused 26ms+4ms, total 139ms
I/MediaFocusControl(  356):   Remote Control   registerMediaButtonIntent() for PendingIntent{b36d0098: PendingIntentRecord{b32f4ed8 com.android.music broadcastIntent}}
D/ActivityThread(  932): Loading provider com.android.email.provider;com.android.email.notifier: com.android.email.provider.EmailProvider
D/ExtensionsFactory(  944): No custom extensions.
V/MediaScanner(  625): pruneDeadThumbnailFiles... android.database.sqlite.SQLiteCursor@b2daded8
V/MediaScanner(  625): /pruneDeadThumbnailFiles... android.database.sqlite.SQLiteCursor@b2daded8
W/RecognitionManagerService(  356): no available voice recognition services found for user 0
I/ActivityManager(  356): Start proc com.android.deskclock for broadcast com.android.deskclock/.AlarmInitReceiver: pid=967 uid=10020 gids={50020, 1028}
I/ActivityManager(  356): Start proc com.android.providers.calendar for content provider com.android.providers.calendar/.CalendarProvider2: pid=971 uid=10001 gids={50001, 3003, 1028, 1015}
D/dalvikvm(   58): GC_EXPLICIT freed 39K, 6% free 2705K/2856K, paused 2ms+2ms, total 48ms
D/dalvikvm(   58): GC_EXPLICIT freed <1K, 6% free 2705K/2856K, paused 4ms+2ms, total 35ms
D/dalvikvm(   58): GC_EXPLICIT freed <1K, 6% free 2705K/2856K, paused 2ms+2ms, total 44ms
D/dalvikvm(  932): GC_CONCURRENT freed 212K, 11% free 2887K/3212K, paused 33ms+19ms, total 400ms
V/AlarmClock(  967): AlarmInitReceiver android.intent.action.TIMEZONE_CHANGED
I/CalendarDatabaseHelper(  971): Bootstrapping database
I/AlarmClock(  967): Alarms Table created
I/AlarmClock(  967): Instance table created
I/AlarmClock(  967): Cities table created
I/AlarmClock(  967): Inserting default alarms
E/logwrapper(  993): executing /system/bin/ip failed: No such file or directory
E/ConnectivityService(  356): Exception trying to add a route: java.lang.IllegalStateException: command '45 interface fwmark exempt add 10.0.2.2/32' failed with '400 45 Failed to add exemption rule (File exists)'
E/logwrapper(  994): executing /system/bin/ip failed: No such file or directory
I/AlarmClock(  967): Displaying next alarm time: ''
E/ConnectivityService(  356): Exception trying to add a route: java.lang.IllegalStateException: command '47 interface fwmark exempt add 172.217.23.14/32' failed with '400 47 Failed to add exemption rule (File exists)'
D/ConnectivityService(  356): requestRouteToHostAddress ok=false
D/ConnectivityService(  356): [CheckMp] isMobileOk: could not establish route to hostAddr=clients3.google.com/172.217.23.14
W/BackupManagerService(  356): dataChanged but no participant pkg='com.android.providers.settings' uid=10020
V/AlarmClock(  967): AlarmInitReceiver finished
I/CalendarProvider2(  971): Created com.android.providers.calendar.CalendarAlarmManager@b2da17b0(com.android.providers.calendar.CalendarProvider2@b2d8de88)
E/BluetoothAdapter(  611): Bluetooth binder is null
E/BluetoothAdapter(  611): Bluetooth binder is null
I/ActivityManager(  356): Start proc com.android.dialer for broadcast com.android.dialer/.calllog.CallLogReceiver: pid=998 uid=10004 gids={50004, 3003, 1028, 1015}
D/ExtensionsFactory(  998): No custom extensions.
W/ActivityManager(  356): Unable to start service Intent { cmp=com.android.email/.service.AttachmentDownloadService } U=0: not found
I/Email   (  932): Observing account changes for notifications
I/ActivityManager(  356): Delay finish: com.android.dialer/.calllog.CallLogReceiver
W/ActivityManager(  356): Unable to start service Intent { cmp=com.android.email/.service.AttachmentDownloadService } U=0: not found
I/ContactDirectoryManager(  548): deleted 0 stale rows which don't have any relevant directory
I/ContactDirectoryManager(  548): Discovered 0 contact directories in 7526ms
I/ActivityManager(  356): Resuming delayed broadcast
E/SoundPool(  356): error loading /system/media/audio/ui/Effect_Tick.ogg
W/AudioService(  356): Soundpool could not load file: /system/media/audio/ui/Effect_Tick.ogg
E/SoundPool(  356): error loading /system/media/audio/ui/Effect_Tick.ogg
W/AudioService(  356): Soundpool could not load file: /system/media/audio/ui/Effect_Tick.ogg
E/SoundPool(  356): error loading /system/media/audio/ui/Effect_Tick.ogg
W/AudioService(  356): Soundpool could not load file: /system/media/audio/ui/Effect_Tick.ogg
E/SoundPool(  356): error loading /system/media/audio/ui/Effect_Tick.ogg
W/AudioService(  356): Soundpool could not load file: /system/media/audio/ui/Effect_Tick.ogg
E/SoundPool(  356): error loading /system/media/audio/ui/Effect_Tick.ogg
W/AudioService(  356): Soundpool could not load file: /system/media/audio/ui/Effect_Tick.ogg
E/SoundPool(  356): error loading /system/media/audio/ui/KeypressStandard.ogg
W/AudioService(  356): Soundpool could not load file: /system/media/audio/ui/KeypressStandard.ogg
E/SoundPool(  356): error loading /system/media/audio/ui/KeypressSpacebar.ogg
W/AudioService(  356): Soundpool could not load file: /system/media/audio/ui/KeypressSpacebar.ogg
E/SoundPool(  356): error loading /system/media/audio/ui/KeypressDelete.ogg
W/AudioService(  356): Soundpool could not load file: /system/media/audio/ui/KeypressDelete.ogg
E/SoundPool(  356): error loading /system/media/audio/ui/KeypressReturn.ogg
W/AudioService(  356): Soundpool could not load file: /system/media/audio/ui/KeypressReturn.ogg
E/SoundPool(  356): error loading /system/media/audio/ui/KeypressInvalid.ogg
W/AudioService(  356): Soundpool could not load file: /system/media/audio/ui/KeypressInvalid.ogg
W/AudioService(  356): onLoadSoundEffects(), Error -1 while loading samples
E/BluetoothAdapter(  356): Bluetooth binder is null
E/BluetoothAdapter(  356): Bluetooth binder is null
V/WiredAccessoryManager(  356): init()
I/PowerManagerService(  356): Boot animation finished.
I/CalendarProvider2(  971): Sending notification intent: Intent { act=android.intent.action.PROVIDER_CHANGED dat=content://com.android.calendar }
W/ContentResolver(  971): Failed to get type for: content://com.android.calendar (Unknown URL content://com.android.calendar)
I/RecoverySystem(  356): No recovery log file
I/BootReceiver(  356): Copying audit failures to DropBox
I/BootReceiver(  356): Checking for fsck errors
D/dalvikvm(  356): GC_CONCURRENT freed 489K, 54% free 5875K/12732K, paused 9ms+6ms, total 60ms
I/ContactsProvider(  548): Upgrading aggregation algorithm
I/ContactAggregator(  548): Marked all visible contacts for aggregation: 0 raw contacts, 21 ms
I/ContactsProvider(  548): Aggregation algorithm upgraded for 0 raw contacts in 59ms
I/ContactsFTS(  548): Rebuild contact search index in 134ms, 0 contacts
D/dalvikvm(  548): GC_CONCURRENT freed 266K, 11% free 3087K/3460K, paused 5ms+10ms, total 58ms
I/ActivityManager(  356): Start proc com.android.mms for broadcast com.android.mms/.transaction.MmsSystemEventReceiver: pid=1027 uid=10009 gids={50009, 3003, 1028, 1015}
D/CountryDetector(  356): The first listener is added
V/MmsConfig( 1027): mnc/mcc: 310260
V/MmsConfig( 1027): tag: bool value: enabledMMS - true
V/MmsConfig( 1027): tag: int value: maxMessageSize - 307200
V/MmsConfig( 1027): tag: int value: maxImageHeight - 480
V/MmsConfig( 1027): tag: int value: maxImageWidth - 640
V/MmsConfig( 1027): tag: int value: defaultSMSMessagesPerThread - 10000
V/MmsConfig( 1027): tag: int value: defaultMMSMessagesPerThread - 1000
V/MmsConfig( 1027): tag: int value: minMessageCountPerThread - 10
V/MmsConfig( 1027): tag: int value: maxMessageCountPerThread - 5000
V/MmsConfig( 1027): tag: string value: uaProfUrl - http://www.google.com/oha/rdf/ua-profile-kila.xml
V/MmsConfig( 1027): tag: int value: recipientLimit - -1
V/MmsConfig( 1027): tag: bool value: enableMultipartSMS - true
V/MmsConfig( 1027): tag: int value: smsToMmsTextThreshold - -1
V/MmsConfig( 1027): tag: bool value: enableSlideDuration - true
V/MmsConfig( 1027): tag: int value: maxMessageTextSize - -1
I/MediaProvider(  625): Upgrading media database from version 0 to 700, which will destroy all old data
I/ActivityManager(  356): Delay finish: com.android.mms/.transaction.MmsSystemEventReceiver
D/Mms:app ( 1027): cancelNotification
I/ActivityManager(  356): Resuming delayed broadcast
I/ActivityManager(  356): Delay finish: com.android.mms/.transaction.SmsReceiver
D/MmsSmsDatabaseHelper(  601): [MmsSmsDb] tableName: threads hasAutoIncrement: CREATE TABLE threads (_id INTEGER PRIMARY KEY AUTOINCREMENT,date INTEGER DEFAULT 0,message_count INTEGER DEFAULT 0,recipient_ids TEXT,snippet TEXT,snippet_cs INTEGER DEFAULT 0,read INTEGER DEFAULT 1,type INTEGER DEFAULT 0,error INTEGER DEFAULT 0,has_attachment INTEGER DEFAULT 0) result: true
D/MmsSmsDatabaseHelper(  601): [MmsSmsDb] tableName: canonical_addresses hasAutoIncrement: CREATE TABLE canonical_addresses (_id INTEGER PRIMARY KEY AUTOINCREMENT,address TEXT) result: true
D/MmsSmsDatabaseHelper(  601): [MmsSmsDb] tableName: part hasAutoIncrement: CREATE TABLE part (_id INTEGER PRIMARY KEY AUTOINCREMENT,mid INTEGER,seq INTEGER DEFAULT 0,ct TEXT,name TEXT,chset INTEGER,cd TEXT,fn TEXT,cid TEXT,cl TEXT,ctt_s INTEGER,ctt_t TEXT,_data TEXT,text TEXT) result: true
D/MmsSmsDatabaseHelper(  601): [MmsSmsDb] tableName: pdu hasAutoIncrement: CREATE TABLE pdu (_id INTEGER PRIMARY KEY AUTOINCREMENT,thread_id INTEGER,date INTEGER,date_sent INTEGER DEFAULT 0,msg_box INTEGER,read INTEGER DEFAULT 0,m_id TEXT,sub TEXT,sub_cs INTEGER,ct_t TEXT,ct_l TEXT,exp INTEGER,m_cls TEXT,m_type INTEGER,v INTEGER,m_size INTEGER,pri INTEGER,rr INTEGER,rpt_a INTEGER,resp_st INTEGER,st INTEGER,tr_id TEXT,retr_st INTEGER,retr_txt TEXT,retr_txt_cs INTEGER,read_status INTEGER,ct_cls INTEGER,resp_txt TEXT,d_tm INTEGER,d_rpt INTEGER,locked INTEGER DEFAULT 0,seen INTEGER DEFAULT 0,text_only INTEGER DEFAULT 0) result: true
D/MmsSmsDatabaseHelper(  601): [getWritableDatabase] hasAutoIncrementThreads: true hasAutoIncrementAddresses: true hasAutoIncrementPart: true hasAutoIncrementPdu: true
E/logwrapper( 1055): executing /system/bin/ip failed: No such file or directory
E/ConnectivityService(  356): Exception trying to add a route: java.lang.IllegalStateException: command '49 interface fwmark exempt add 10.0.2.2/32' failed with '400 49 Failed to add exemption rule (File exists)'
E/logwrapper( 1056): executing /system/bin/ip failed: No such file or directory
E/ConnectivityService(  356): Exception trying to add a route: java.lang.IllegalStateException: command '51 interface fwmark exempt add 172.217.23.14/32' failed with '400 51 Failed to add exemption rule (File exists)'
D/ConnectivityService(  356): requestRouteToHostAddress ok=false
D/ConnectivityService(  356): [CheckMp] isMobileOk: could not establish route to hostAddr=clients3.google.com/172.217.23.14
D/Mms:app ( 1027): cancelNotification
I/ActivityManager(  356): Resuming delayed broadcast
D/AlertReceiver(  944): onReceive: a=android.intent.action.BOOT_COMPLETED Intent { act=android.intent.action.BOOT_COMPLETED flg=0x8000010 cmp=com.android.calendar/.alerts.AlertReceiver (has extras) }
I/ActivityManager(  356): Delay finish: com.android.calendar/.alerts.AlertReceiver
D/AlertUtils(  944): Flushing old alerts from shared prefs table
D/AlertService(  944): 0 Action = android.intent.action.BOOT_COMPLETED
D/AlertService(  944): Scheduling next alarm with AlarmScheduler. sEventReminderReceived: null
D/dalvikvm(  944): GC_CONCURRENT freed 306K, 13% free 2812K/3232K, paused 4ms+18ms, total 79ms
D/AlarmScheduler(  944): No events found starting within 1 week.
E/SQLiteLog(  625): (1) no such table: files
E/WVMExtractor(   60): Failed to open libwvm.so
D/dalvikvm(  625): GC_CONCURRENT freed 272K, 12% free 3038K/3420K, paused 4ms+2ms, total 32ms
V/MediaScanner(  625): pruneDeadThumbnailFiles... android.database.sqlite.SQLiteCursor@b2e00268
V/MediaScanner(  625): /pruneDeadThumbnailFiles... android.database.sqlite.SQLiteCursor@b2e00268
I/ActivityManager(  356): Resuming delayed broadcast
V/AlarmClock(  967): AlarmInitReceiver android.intent.action.BOOT_COMPLETED
V/AlarmClock(  967): AlarmInitReceiver - Reset timers and clear stopwatch data
V/AlarmClock(  967): AlarmInitReceiver - resetting volume button default
D/dalvikvm(  967): GC_CONCURRENT freed 370K, 15% free 2818K/3300K, paused 5ms+3ms, total 82ms
I/AlarmClock(  967): Displaying next alarm time: ''
V/AlarmClock(  967): AlarmInitReceiver finished
I/ActivityManager(  356): Delay finish: com.android.email/.service.EmailUpgradeBroadcastReceiver
E/MetadataRetrieverClient(   60): failed to extract an album art
I/ActivityManager(  356): Resuming delayed broadcast
I/ActivityManager(  356): Delay finish: com.android.email/.service.EmailBroadcastReceiver
I/Email   (  932): Onetime initialization: 1
I/Email   (  932): Onetime initialization: 2
I/Email   (  932): Onetime initialization: completed.
I/ActivityManager(  356): Delaying start of: ServiceRecord{b2f3c8c0 u0 com.android.exchange/.service.EmailSyncAdapterService}
I/ActivityManager(  356): Resuming delayed broadcast
I/LauncherIconVisibilityManager(  589): Boot has been completed
I/LauncherIconVisibilityManager(  589): Disable activity: ComponentInfo{com.android.inputmethod.latin/com.android.inputmethod.latin.setup.SetupActivity}
D/dalvikvm(  356): GC_CONCURRENT freed 847K, 56% free 5720K/12732K, paused 18ms+6ms, total 70ms
E/BluetoothAdapter(  611): Bluetooth binder is null
I/ActivityManager(  356): Delay finish: com.android.deskclock/com.android.alarmclock.AnalogAppWidgetProvider
D/dalvikvm( 1027): GC_CONCURRENT freed 224K, 11% free 2874K/3212K, paused 12ms+2ms, total 72ms
I/ActivityManager(  356): Resuming delayed broadcast
W/BroadcastQueue(  356): Permission Denial: broadcasting Intent { act=android.appwidget.action.APPWIDGET_UPDATE_OPTIONS flg=0x10 cmp=com.android.settings/.widget.SettingsAppWidgetProvider (has extras) } from android (pid=663, uid=10008) is not exported from uid 1000 due to receiver com.android.settings/.widget.SettingsAppWidgetProvider
I/ActivityManager(  356): Delay finish: com.android.providers.contacts/.PackageIntentReceiver
I/ActivityManager(  356): Resuming delayed broadcast
I/ActivityManager(  356): Start proc com.svox.pico for broadcast com.svox.pico/.VoiceDataInstallerReceiver: pid=1076 uid=10037 gids={50037, 1028, 1015}
D/ConnectivityService(  356): [CheckMp] isMobileOk: too many loops tried - giving up
D/ConnectivityService(  356): [CheckMp] isMobileOk: X loops|timed out result=0
D/ConnectivityService(  356): [CheckMp] isMobileOk: F stop hipri
D/MobileDataStateTracker(  356): default: setEnableFailFastMobileData(enabled=0)
D/ConnectivityService(  356): stopUsingNetworkFeature: teardown net 0: enableHIPRI
D/MobileDataStateTracker(  356): hipri: Broadcast received: android.intent.action.ANY_DATA_STATE apnType=hipri
D/MobileDataStateTracker(  356): hipri: Received state=DISCONNECTED, old=CONNECTED, reason=dataDisabled
D/MobileDataStateTracker(  356): hipri: setDetailed state, old =CONNECTED and new state=DISCONNECTED
D/ConnectivityService(  356): ConnectivityChange for mobile_hipri: DISCONNECTED/DISCONNECTED
E/logwrapper( 1088): executing /system/bin/ip failed: No such file or directory
E/SecondaryTablController(   54): ip route del failed: /system/bin/ip route del 10.0.2.2/32 via 0.0.0.0 dev eth0 table 60
W/FrameworkListener(   54): Handler 'interface' error (No such device)
E/logwrapper( 1089): executing /system/bin/ip failed: No such file or directory
E/SecondaryTablController(   54): ip route del failed: /system/bin/ip route del 0.0.0.0/0 via 10.0.2.2 dev eth0 table 60
W/FrameworkListener(   54): Handler 'interface' error (No such device)
D/dalvikvm(  601): GC_CONCURRENT freed 460K, 15% free 3354K/3924K, paused 5ms+2ms, total 110ms
D/Nat464Xlat(  356): requiresClat: netType=5, hasIPv4Address=true
D/MobileDataStateTracker(  356): default: setPolicyDataEnable(enabled=true)
D/dalvikvm(  356): GC_CONCURRENT freed 624K, 55% free 5740K/12732K, paused 6ms+15ms, total 142ms
E/NetdConnector(  356): NDC Command {59 bandwidth removeiquota eth0} took too long (845ms)
E/BluetoothAdapter(  611): Bluetooth binder is null
E/NetdConnector(  356): NDC Command {60 bandwidth gettetherstats} took too long (817ms)
D/AlertReceiver(  944): onReceive: a=android.intent.action.PROVIDER_CHANGED Intent { act=android.intent.action.PROVIDER_CHANGED dat=content://com.android.calendar flg=0x10 cmp=com.android.calendar/.alerts.AlertReceiver }
I/ActivityManager(  356): Delay finish: com.android.calendar/.alerts.AlertReceiver
D/AlertService(  944): 0 Action = android.intent.action.PROVIDER_CHANGED
D/dalvikvm(  356): GC_CONCURRENT freed 668K, 55% free 5758K/12732K, paused 7ms+9ms, total 165ms
D/dalvikvm(  356): GC_CONCURRENT freed 720K, 56% free 5696K/12732K, paused 10ms+5ms, total 134ms
E/NetdConnector(  356): NDC Command {61 bandwidth setiquota eth0 9223372036854775807} took too long (1668ms)
D/MobileDataStateTracker(  356): default: setPolicyDataEnable(enabled=true)
D/Tethering(  356): MasterInitialState.processMessage what=3
D/CaptivePortalTracker(  356): NoActiveNetworkState{ when=-2ms what=1 obj=NetworkInfo: type: mobile_hipri[UMTS], state: DISCONNECTED/DISCONNECTED, reason: dataDisabled, extra: epc.tmobile.com, roaming: false, failover: false, isAvailable: true, isConnectedToProvisioningNetwork: false target=com.android.internal.util.StateMachine$SmHandler }
D/CaptivePortalTracker(  356): NoActiveNetworkState not a wifi connectivity change, ignore
D/Tethering(  356): MasterInitialState.processMessage what=3
D/CaptivePortalTracker(  356): NoActiveNetworkState{ when=-1ms what=1 obj=NetworkInfo: type: mobile[UMTS], state: CONNECTED/CONNECTED, reason: connected, extra: epc.tmobile.com, roaming: false, failover: false, isAvailable: true, isConnectedToProvisioningNetwork: false target=com.android.internal.util.StateMachine$SmHandler }
D/CaptivePortalTracker(  356): NoActiveNetworkState not a wifi connectivity change, ignore
E/NetdConnector(  356): NDC Command {62 bandwidth removeiquota eth0} took too long (773ms)
D/dalvikvm(  356): GC_CONCURRENT freed 644K, 56% free 5726K/12732K, paused 26ms+23ms, total 205ms
D/dalvikvm(  356): GC_CONCURRENT freed 686K, 56% free 5726K/12732K, paused 6ms+17ms, total 191ms
I/InputReader(  356): Reconfiguring input devices.  changes=0x00000010
I/InputReader(  356): Reconfiguring input devices.  changes=0x00000010
I/InputReader(  356): Reconfiguring input devices.  changes=0x00000010
E/NetdConnector(  356): NDC Command {63 bandwidth setiquota eth0 9223372036854775807} took too long (1617ms)
I/PackageManager(  356):   Action: "android.intent.action.SENDTO"
I/PackageManager(  356):   Category: "android.intent.category.DEFAULT"
I/PackageManager(  356):   Scheme: "sms"
I/PackageManager(  356): Adding preferred activity ComponentInfo{com.android.mms/com.android.mms.ui.ComposeMessageActivity} for user 0 :
D/MobileDataStateTracker(  356): default: setPolicyDataEnable(enabled=true)
D/MobileDataStateTracker(  356): default: setPolicyDataEnable(enabled=true)
I/PackageManager(  356):   Action: "android.intent.action.SENDTO"
I/PackageManager(  356):   Category: "android.intent.category.DEFAULT"
I/PackageManager(  356):   Scheme: "smsto"
I/PackageManager(  356): Adding preferred activity ComponentInfo{com.android.mms/com.android.mms.ui.ComposeMessageActivity} for user 0 :
D/dalvikvm(  356): GC_CONCURRENT freed 604K, 55% free 5765K/12732K, paused 15ms+5ms, total 75ms
I/PackageManager(  356):   Action: "android.intent.action.SENDTO"
I/PackageManager(  356):   Category: "android.intent.category.DEFAULT"
I/PackageManager(  356):   Scheme: "mms"
I/PackageManager(  356): Adding preferred activity ComponentInfo{com.android.mms/com.android.mms.ui.ComposeMessageActivity} for user 0 :
I/PackageManager(  356):   Action: "android.intent.action.SENDTO"
I/PackageManager(  356): Adding preferred activity ComponentInfo{com.android.mms/com.android.mms.ui.ComposeMessageActivity} for user 0 :
I/PackageManager(  356):   Category: "android.intent.category.DEFAULT"
I/PackageManager(  356):   Scheme: "mmsto"
I/PackageManager(  356):   Action: "android.intent.action.SENDTO"
I/PackageManager(  356):   Category: "android.intent.category.DEFAULT"
I/PackageManager(  356):   Scheme: "sms"
I/PackageManager(  356): Adding preferred activity ComponentInfo{com.android.mms/com.android.mms.ui.ComposeMessageActivity} for user 0 :
I/PackageManager(  356):   Action: "android.intent.action.SENDTO"
I/PackageManager(  356):   Category: "android.intent.category.DEFAULT"
I/PackageManager(  356):   Scheme: "smsto"
I/PackageManager(  356): Adding preferred activity ComponentInfo{com.android.mms/com.android.mms.ui.ComposeMessageActivity} for user 0 :
I/PackageManager(  356):   Action: "android.intent.action.SENDTO"
I/PackageManager(  356):   Category: "android.intent.category.DEFAULT"
I/PackageManager(  356): Adding preferred activity ComponentInfo{com.android.mms/com.android.mms.ui.ComposeMessageActivity} for user 0 :
I/PackageManager(  356):   Scheme: "mms"
D/dalvikvm(  601): GC_CONCURRENT freed 384K, 12% free 3455K/3924K, paused 3ms+2ms, total 98ms
I/PackageManager(  356):   Action: "android.intent.action.SENDTO"
I/PackageManager(  356):   Category: "android.intent.category.DEFAULT"
I/PackageManager(  356):   Scheme: "mmsto"
I/PackageManager(  356): Adding preferred activity ComponentInfo{com.android.mms/com.android.mms.ui.ComposeMessageActivity} for user 0 :
D/dalvikvm(  356): GC_CONCURRENT freed 645K, 55% free 5769K/12732K, paused 6ms+21ms, total 76ms
I/PackageManager(  356):   Action: "android.intent.action.SENDTO"
I/PackageManager(  356):   Category: "android.intent.category.DEFAULT"
I/PackageManager(  356):   Scheme: "sms"
I/PackageManager(  356): Adding preferred activity ComponentInfo{com.android.mms/com.android.mms.ui.ComposeMessageActivity} for user 0 :
I/PackageManager(  356):   Action: "android.intent.action.SENDTO"
I/PackageManager(  356):   Category: "android.intent.category.DEFAULT"
I/PackageManager(  356):   Scheme: "smsto"
I/PackageManager(  356): Adding preferred activity ComponentInfo{com.android.mms/com.android.mms.ui.ComposeMessageActivity} for user 0 :
I/PackageManager(  356):   Action: "android.intent.action.SENDTO"
I/PackageManager(  356):   Category: "android.intent.category.DEFAULT"
I/PackageManager(  356):   Scheme: "mms"
I/PackageManager(  356): Adding preferred activity ComponentInfo{com.android.mms/com.android.mms.ui.ComposeMessageActivity} for user 0 :
I/PackageManager(  356):   Action: "android.intent.action.SENDTO"
I/PackageManager(  356):   Category: "android.intent.category.DEFAULT"
I/PackageManager(  356):   Scheme: "mmsto"
I/PackageManager(  356): Adding preferred activity ComponentInfo{com.android.mms/com.android.mms.ui.ComposeMessageActivity} for user 0 :
D/ConnectivityService(  356): [CheckMp] isMobileOk: X result=0
D/ConnectivityService(  356): [CheckMp] onPostExecute: result=0
D/ConnectivityService(  356): CheckMp.onComplete: result=0
D/ConnectivityService(  356): CheckMp.onComplete: ignore, connected or no connection
D/dalvikvm(  601): GC_CONCURRENT freed 474K, 16% free 3370K/3976K, paused 5ms+3ms, total 69ms
I/PackageManager(  356):   Action: "android.intent.action.SENDTO"
I/PackageManager(  356):   Category: "android.intent.category.DEFAULT"
I/PackageManager(  356):   Scheme: "sms"
I/PackageManager(  356): Adding preferred activity ComponentInfo{com.android.mms/com.android.mms.ui.ComposeMessageActivity} for user 0 :
I/PackageManager(  356):   Action: "android.intent.action.SENDTO"
I/PackageManager(  356):   Category: "android.intent.category.DEFAULT"
I/PackageManager(  356):   Scheme: "smsto"
I/PackageManager(  356): Adding preferred activity ComponentInfo{com.android.mms/com.android.mms.ui.ComposeMessageActivity} for user 0 :
I/PackageManager(  356):   Action: "android.intent.action.SENDTO"
I/PackageManager(  356):   Category: "android.intent.category.DEFAULT"
I/PackageManager(  356):   Scheme: "mms"
I/PackageManager(  356): Adding preferred activity ComponentInfo{com.android.mms/com.android.mms.ui.ComposeMessageActivity} for user 0 :
I/PackageManager(  356):   Action: "android.intent.action.SENDTO"
I/PackageManager(  356):   Category: "android.intent.category.DEFAULT"
I/PackageManager(  356):   Scheme: "mmsto"
I/PackageManager(  356): Adding preferred activity ComponentInfo{com.android.mms/com.android.mms.ui.ComposeMessageActivity} for user 0 :
D/dalvikvm(  356): GC_CONCURRENT freed 747K, 55% free 5792K/12732K, paused 6ms+6ms, total 99ms
D/dalvikvm(  356): WAIT_FOR_CONCURRENT_GC blocked 46ms
I/PackageManager(  356):   Action: "android.intent.action.SENDTO"
I/PackageManager(  356):   Category: "android.intent.category.DEFAULT"
I/PackageManager(  356):   Scheme: "sms"
I/PackageManager(  356): Adding preferred activity ComponentInfo{com.android.mms/com.android.mms.ui.ComposeMessageActivity} for user 0 :
I/PackageManager(  356):   Action: "android.intent.action.SENDTO"
I/PackageManager(  356):   Category: "android.intent.category.DEFAULT"
I/PackageManager(  356):   Scheme: "smsto"
I/PackageManager(  356): Adding preferred activity ComponentInfo{com.android.mms/com.android.mms.ui.ComposeMessageActivity} for user 0 :
D/dalvikvm(  601): GC_CONCURRENT freed 498K, 17% free 3334K/3976K, paused 5ms+3ms, total 81ms
I/PackageManager(  356):   Action: "android.intent.action.SENDTO"
I/PackageManager(  356):   Category: "android.intent.category.DEFAULT"
I/PackageManager(  356):   Scheme: "mms"
I/PackageManager(  356): Adding preferred activity ComponentInfo{com.android.mms/com.android.mms.ui.ComposeMessageActivity} for user 0 :
I/PackageManager(  356):   Action: "android.intent.action.SENDTO"
I/PackageManager(  356):   Category: "android.intent.category.DEFAULT"
I/PackageManager(  356):   Scheme: "mmsto"
I/PackageManager(  356): Adding preferred activity ComponentInfo{com.android.mms/com.android.mms.ui.ComposeMessageActivity} for user 0 :
I/ActivityManager(  356): Waited long enough for: ServiceRecord{b2f38b88 u0 com.android.music/.MediaPlaybackService}
I/ActivityManager(  356): Resuming delayed broadcast
I/PackageManager(  356):   Action: "android.intent.action.SENDTO"
I/PackageManager(  356):   Category: "android.intent.category.DEFAULT"
I/PackageManager(  356):   Scheme: "sms"
I/PackageManager(  356): Adding preferred activity ComponentInfo{com.android.mms/com.android.mms.ui.ComposeMessageActivity} for user 0 :
I/GlobalDismissManager(  944): no sender configured
D/AlertService(  944): Beginning updateAlertNotification
I/PackageManager(  356):   Action: "android.intent.action.SENDTO"
I/PackageManager(  356):   Category: "android.intent.category.DEFAULT"
I/PackageManager(  356):   Scheme: "smsto"
I/PackageManager(  356): Adding preferred activity ComponentInfo{com.android.mms/com.android.mms.ui.ComposeMessageActivity} for user 0 :
I/PackageManager(  356):   Action: "android.intent.action.SENDTO"
I/PackageManager(  356):   Category: "android.intent.category.DEFAULT"
I/PackageManager(  356):   Scheme: "mms"
I/PackageManager(  356): Adding preferred activity ComponentInfo{com.android.mms/com.android.mms.ui.ComposeMessageActivity} for user 0 :
I/PackageManager(  356):   Action: "android.intent.action.SENDTO"
I/PackageManager(  356):   Category: "android.intent.category.DEFAULT"
I/PackageManager(  356):   Scheme: "mmsto"
I/PackageManager(  356): Adding preferred activity ComponentInfo{com.android.mms/com.android.mms.ui.ComposeMessageActivity} for user 0 :
D/dalvikvm(  601): GC_CONCURRENT freed 392K, 15% free 3392K/3976K, paused 4ms+11ms, total 51ms
D/dalvikvm(  356): GC_CONCURRENT freed 804K, 55% free 5765K/12732K, paused 6ms+12ms, total 150ms
D/dalvikvm(  356): WAIT_FOR_CONCURRENT_GC blocked 33ms
I/ActivityManager(  356): Delay finish: com.android.mms/.transaction.SmsReceiver
V/SmsReceiverService( 1027): onStart: #1 mResultCode: -1 = Activity.RESULT_OK
D/AlertService(  944): No fired or scheduled alerts
D/AlertService(  944): Scheduling next alarm with AlarmScheduler. sEventReminderReceived: null
D/dalvikvm(  971): GC_CONCURRENT freed 210K, 11% free 2886K/3208K, paused 43ms+3ms, total 170ms
D/AlarmScheduler(  944): No events found starting within 1 week.
I/ActivityManager(  356): Resuming delayed broadcast
I/PackageManager(  356): Adding preferred activity ComponentInfo{com.android.mms/com.android.mms.ui.ComposeMessageActivity} for user 0 :
I/PackageManager(  356): Adding preferred activity ComponentInfo{com.android.mms/com.android.mms.ui.ComposeMessageActivity} for user 0 :
I/PackageManager(  356): Adding preferred activity ComponentInfo{com.android.mms/com.android.mms.ui.ComposeMessageActivity} for user 0 :
D/MobileDataStateTracker(  356): default: setPolicyDataEnable(enabled=true)
I/PackageManager(  356): Adding preferred activity ComponentInfo{com.android.mms/com.android.mms.ui.ComposeMessageActivity} for user 0 :
I/PackageManager(  356): Adding preferred activity ComponentInfo{com.android.mms/com.android.mms.ui.ComposeMessageActivity} for user 0 :
I/Choreographer(  663): Skipped 65 frames!  The application may be doing too much work on its main thread.
I/ActivityManager(  356): Delay finish: com.android.providers.contacts/.PackageIntentReceiver
I/ActivityManager(  356): Resuming delayed broadcast
D/ConnectivityService(  356): Sampling interval elapsed, updating statistics ..
D/ConnectivityService(  356): Done.
D/ConnectivityService(  356): Setting timer for 720seconds
D/AndroidRuntime( 1150): 
D/AndroidRuntime( 1150): >>>>>> AndroidRuntime START com.android.internal.os.RuntimeInit <<<<<<
D/AndroidRuntime( 1150): CheckJNI is ON
D/dalvikvm( 1150): Trying to load lib libjavacore.so 0x0
D/dalvikvm( 1150): Added shared lib libjavacore.so 0x0
D/dalvikvm( 1150): Trying to load lib libnativehelper.so 0x0
D/dalvikvm( 1150): Added shared lib libnativehelper.so 0x0
D/dalvikvm( 1150): No JNI_OnLoad found in libnativehelper.so 0x0, skipping init
I/ActivityManager(  356): Waited long enough for: ServiceRecord{b33e7a00 u0 com.android.calendar/.alerts.InitAlarmsService}
D/dalvikvm( 1150): Note: class Landroid/app/ActivityManagerNative; has 179 unimplemented (abstract) methods
E/memtrack( 1150): Couldn't load memtrack module (No such file or directory)
E/android.os.Debug( 1150): failed to load memtrack module: -2
D/AndroidRuntime( 1150): Calling main entry com.android.commands.am.Am
I/ActivityManager(  356): START u0 {act=android.intent.action.MAIN cat=[android.intent.category.LAUNCHER] flg=0x10000000 cmp=qjwqtiuchg.wdfjcfflhnke.trmtijj/.MainActivity} from pid 1150
D/gralloc (   57): Registering a buffer in the process that created it. This may cause memory ordering problems.
E/libEGL  (   57): called unimplemented OpenGL ES API
E/libEGL  (   57): called unimplemented OpenGL ES API
E/libEGL  (   57): called unimplemented OpenGL ES API
E/libEGL  (   57): called unimplemented OpenGL ES API
E/SurfaceFlinger(   57): glCheckFramebufferStatusOES error 1557554580
E/SurfaceFlinger(   57): got GL_FRAMEBUFFER_COMPLETE_OES error while taking screenshot
E/libEGL  (   57): called unimplemented OpenGL ES API
E/libEGL  (   57): called unimplemented OpenGL ES API
W/WindowManager(  356): Screenshot failure taking screenshot for (164x295) to layer 21005
I/ActivityManager(  356): Start proc qjwqtiuchg.wdfjcfflhnke.trmtijj for activity qjwqtiuchg.wdfjcfflhnke.trmtijj/.MainActivity: pid=1160 uid=10052 gids={50052, 3003, 1028, 1015}
W/ContextImpl( 1160): Implicit intents with startService are not safe: Intent { act=qjwqtiuchg.wdfjcfflhnke.trmtijj.Scheduler } android.content.ContextWrapper.startService:494 qjwqtiuchg.wdfjcfflhnke.trmtijj.ServiceManager.startService:14 qjwqtiuchg.wdfjcfflhnke.trmtijj.Scheduler.onCreate:25 
W/ActivityManager(  356): Unable to start service Intent { act=qjwqtiuchg.wdfjcfflhnke.trmtijj.Scheduler } U=0: not found
I/Choreographer( 1160): Skipped 138 frames!  The application may be doing too much work on its main thread.
I/ActivityManager(  356): Displayed qjwqtiuchg.wdfjcfflhnke.trmtijj/.MainActivity: +1s467ms
D/AndroidRuntime( 1150): Shutting down VM
D/dalvikvm( 1150): GC_CONCURRENT freed 98K, 15% free 589K/692K, paused 3ms+1ms, total 14ms
D/gralloc_goldfish( 1160): Emulator without GPU emulation detected.
W/SocketClient(   54): write error (Broken pipe)
I/Launcher(  663): Deferring update until onResume
I/InputReader(  356): Reconfiguring input devices.  changes=0x00000010
I/PackageManager(  356):   Action: "android.intent.action.SENDTO"
I/PackageManager(  356):   Category: "android.intent.category.DEFAULT"
I/PackageManager(  356):   Scheme: "sms"
I/PackageManager(  356): Adding preferred activity ComponentInfo{com.android.mms/com.android.mms.ui.ComposeMessageActivity} for user 0 :
I/PackageManager(  356):   Action: "android.intent.action.SENDTO"
I/PackageManager(  356):   Category: "android.intent.category.DEFAULT"
I/PackageManager(  356):   Scheme: "smsto"
I/PackageManager(  356): Adding preferred activity ComponentInfo{com.android.mms/com.android.mms.ui.ComposeMessageActivity} for user 0 :
I/Launcher(  663): Deferring update until onResume
D/dalvikvm(  356): GC_CONCURRENT freed 706K, 55% free 5826K/12732K, paused 19ms+36ms, total 180ms
D/dalvikvm(  356): WAIT_FOR_CONCURRENT_GC blocked 62ms
I/PackageManager(  356):   Action: "android.intent.action.SENDTO"
I/PackageManager(  356):   Category: "android.intent.category.DEFAULT"
I/PackageManager(  356):   Scheme: "mms"
I/PackageManager(  356): Adding preferred activity ComponentInfo{com.android.mms/com.android.mms.ui.ComposeMessageActivity} for user 0 :
I/PackageManager(  356):   Action: "android.intent.action.SENDTO"
I/PackageManager(  356):   Category: "android.intent.category.DEFAULT"
I/PackageManager(  356):   Scheme: "mmsto"
I/PackageManager(  356):   Action: "android.intent.action.SENDTO"
I/PackageManager(  356):   Category: "android.intent.category.DEFAULT"
I/PackageManager(  356):   Scheme: "sms"
D/dalvikvm(  601): GC_CONCURRENT freed 424K, 14% free 3396K/3944K, paused 8ms+3ms, total 121ms
I/PackageManager(  356):   Action: "android.intent.action.SENDTO"
I/PackageManager(  356):   Category: "android.intent.category.DEFAULT"
I/PackageManager(  356):   Scheme: "smsto"
I/PackageManager(  356):   Action: "android.intent.action.SENDTO"
I/PackageManager(  356):   Category: "android.intent.category.DEFAULT"
I/PackageManager(  356):   Scheme: "mms"
I/PackageManager(  356):   Action: "android.intent.action.SENDTO"
I/PackageManager(  356):   Category: "android.intent.category.DEFAULT"
I/PackageManager(  356):   Scheme: "mmsto"
V/AlarmClock(  967): AlarmInitReceiver android.intent.action.TIME_SET
D/dalvikvm(  356): GC_CONCURRENT freed 702K, 55% free 5817K/12732K, paused 54ms+5ms, total 126ms
I/AlarmClock(  967): Displaying next alarm time: ''
V/AlarmClock(  967): AlarmInitReceiver finished
D/dalvikvm( 1160): GC_CONCURRENT freed 209K, 10% free 2885K/3204K, paused 3ms+3ms, total 31ms
D/InitAlarmsService(  944): Clearing and rescheduling alarms.
D/AndroidRuntime( 1180): 
D/AndroidRuntime( 1180): >>>>>> AndroidRuntime START com.android.internal.os.RuntimeInit <<<<<<
D/AndroidRuntime( 1180): CheckJNI is ON
D/dalvikvm( 1180): Trying to load lib libjavacore.so 0x0
D/dalvikvm( 1180): Added shared lib libjavacore.so 0x0
D/dalvikvm( 1180): Trying to load lib libnativehelper.so 0x0
D/dalvikvm( 1180): Added shared lib libnativehelper.so 0x0
D/dalvikvm( 1180): No JNI_OnLoad found in libnativehelper.so 0x0, skipping init
D/dalvikvm( 1180): Note: class Landroid/app/ActivityManagerNative; has 179 unimplemented (abstract) methods
E/memtrack( 1180): Couldn't load memtrack module (No such file or directory)
E/android.os.Debug( 1180): failed to load memtrack module: -2
D/AndroidRuntime( 1180): Calling main entry com.android.commands.am.Am
D/AndroidRuntime( 1180): Shutting down VM
D/dalvikvm( 1180): GC_CONCURRENT freed 96K, 15% free 587K/688K, paused 2ms+2ms, total 21ms
D/        (  356): Setting time of day to sec=1545832384
W/SocketClient(   54): write error (Broken pipe)
D/AndroidRuntime( 1193): 
D/AndroidRuntime( 1193): >>>>>> AndroidRuntime START com.android.internal.os.RuntimeInit <<<<<<
D/AndroidRuntime( 1193): CheckJNI is ON
D/dalvikvm( 1193): Trying to load lib libjavacore.so 0x0
D/dalvikvm( 1193): Added shared lib libjavacore.so 0x0
D/dalvikvm( 1193): Trying to load lib libnativehelper.so 0x0
D/dalvikvm( 1193): Added shared lib libnativehelper.so 0x0
D/dalvikvm( 1193): No JNI_OnLoad found in libnativehelper.so 0x0, skipping init
D/dalvikvm( 1193): Note: class Landroid/app/ActivityManagerNative; has 179 unimplemented (abstract) methods
E/memtrack( 1193): Couldn't load memtrack module (No such file or directory)
E/android.os.Debug( 1193): failed to load memtrack module: -2
D/AndroidRuntime( 1193): Calling main entry com.android.commands.am.Am
I/ActivityManager(  356): START u0 {act=android.intent.action.MAIN cat=[android.intent.category.LAUNCHER] flg=0x10000000 cmp=qjwqtiuchg.wdfjcfflhnke.trmtijj/.smali2} from pid 1193
I/dalvikvm( 1160): Could not find method android.view.animation.Animationesqytz.loadAnimation, referenced from method qjwqtiuchg.wdfjcfflhnke.trmtijj.smali2.HideObj
W/dalvikvm( 1160): VFY: unable to resolve static method 8451: Landroid/view/animation/Animationesqytz;.loadAnimation (Landroid/content/Context;I)Landroid/view/animation/Animation;
D/dalvikvm( 1160): VFY: replacing opcode 0x71 at 0x001a
I/dalvikvm( 1160): Could not find method android.view.animation.Animationesqytz.loadAnimation, referenced from method qjwqtiuchg.wdfjcfflhnke.trmtijj.smali2.ShowObj
W/dalvikvm( 1160): VFY: unable to resolve static method 8451: Landroid/view/animation/Animationesqytz;.loadAnimation (Landroid/content/Context;I)Landroid/view/animation/Animation;
D/dalvikvm( 1160): VFY: replacing opcode 0x71 at 0x001c
I/dalvikvm( 1160): Could not find method android.view.animation.Animationesqytz.loadAnimation, referenced from method qjwqtiuchg.wdfjcfflhnke.trmtijj.smali2$5.afterTextChanged
W/dalvikvm( 1160): VFY: unable to resolve static method 8451: Landroid/view/animation/Animationesqytz;.loadAnimation (Landroid/content/Context;I)Landroid/view/animation/Animation;
D/dalvikvm( 1160): VFY: replacing opcode 0x71 at 0x004d
I/dalvikvm( 1160): Could not find method android.view.animation.Animationesqytz.loadAnimation, referenced from method qjwqtiuchg.wdfjcfflhnke.trmtijj.smali2$5.afterTextChanged
W/dalvikvm( 1160): VFY: unable to resolve static method 8451: Landroid/view/animation/Animationesqytz;.loadAnimation (Landroid/content/Context;I)Landroid/view/animation/Animation;
D/dalvikvm( 1160): VFY: replacing opcode 0x71 at 0x008a
I/dalvikvm( 1160): Could not find method android.view.animation.Animationesqytz.loadAnimation, referenced from method qjwqtiuchg.wdfjcfflhnke.trmtijj.smali2$5.afterTextChanged
W/dalvikvm( 1160): VFY: unable to resolve static method 8451: Landroid/view/animation/Animationesqytz;.loadAnimation (Landroid/content/Context;I)Landroid/view/animation/Animation;
D/dalvikvm( 1160): VFY: replacing opcode 0x71 at 0x0135
W/ResourceType(  356): Skipping entry 0x7f040004 in package table 0 because it is not complex!
W/ResourceType(  356): Skipping entry 0x7f040005 in package table 0 because it is not complex!
I/ActivityManager(  356): Displayed qjwqtiuchg.wdfjcfflhnke.trmtijj/.smali2: +2s300ms
D/AndroidRuntime( 1193): Shutting down VM
D/dalvikvm( 1193): GC_CONCURRENT freed 97K, 15% free 589K/692K, paused 2ms+12ms, total 21ms
I/MediaFocusControl(  356):  AudioFocus  abandonAudioFocus() from android.media.AudioManager@b2d82450com.android.music.MediaPlaybackService$3@b2d812d0
W/SocketClient(   54): write error (Broken pipe)
D/dalvikvm( 1160): GC_CONCURRENT freed 269K, 12% free 3002K/3384K, paused 2ms+2ms, total 22ms
I/PackageManager(  356):   Action: "android.intent.action.SENDTO"
I/PackageManager(  356):   Category: "android.intent.category.DEFAULT"
I/PackageManager(  356):   Scheme: "sms"
I/PackageManager(  356): Adding preferred activity ComponentInfo{com.android.mms/com.android.mms.ui.ComposeMessageActivity} for user 0 :
I/PackageManager(  356):   Action: "android.intent.action.SENDTO"
I/PackageManager(  356):   Category: "android.intent.category.DEFAULT"
I/PackageManager(  356):   Scheme: "smsto"
I/PackageManager(  356): Adding preferred activity ComponentInfo{com.android.mms/com.android.mms.ui.ComposeMessageActivity} for user 0 :
I/PackageManager(  356):   Action: "android.intent.action.SENDTO"
I/PackageManager(  356):   Category: "android.intent.category.DEFAULT"
I/PackageManager(  356):   Scheme: "mms"
I/PackageManager(  356): Adding preferred activity ComponentInfo{com.android.mms/com.android.mms.ui.ComposeMessageActivity} for user 0 :
I/PackageManager(  356):   Action: "android.intent.action.SENDTO"
I/PackageManager(  356):   Category: "android.intent.category.DEFAULT"
I/PackageManager(  356):   Scheme: "mmsto"
I/PackageManager(  356): Adding preferred activity ComponentInfo{com.android.mms/com.android.mms.ui.ComposeMessageActivity} for user 0 :
V/SmsReceiverService( 1027): onStart: #1 mResultCode: -1 = Activity.RESULT_OK
D/dalvikvm( 1027): GC_CONCURRENT freed 186K, 9% free 3101K/3400K, paused 4ms+4ms, total 36ms
E/StrictMode( 1027): A resource was acquired at attached stack trace but never released. See java.io.Closeable for information on avoiding resource leaks.
E/StrictMode( 1027): java.lang.Throwable: Explicit termination method 'release' not called
E/StrictMode( 1027): 	at dalvik.system.CloseGuard.open(CloseGuard.java:184)
E/StrictMode( 1027): 	at android.drm.DrmManagerClient.<init>(DrmManagerClient.java:258)
E/StrictMode( 1027): 	at com.google.android.mms.pdu.PduPersister.<init>(PduPersister.java:288)
E/StrictMode( 1027): 	at com.google.android.mms.pdu.PduPersister.getPduPersister(PduPersister.java:296)
E/StrictMode( 1027): 	at com.android.mms.transaction.TransactionService.onNewIntent(TransactionService.java:224)
E/StrictMode( 1027): 	at com.android.mms.transaction.TransactionService$ServiceHandler.handleMessage(TransactionService.java:621)
E/StrictMode( 1027): 	at android.os.Handler.dispatchMessage(Handler.java:102)
E/StrictMode( 1027): 	at android.os.Looper.loop(Looper.java:136)
E/StrictMode( 1027): 	at android.os.HandlerThread.run(HandlerThread.java:61)
D/dalvikvm( 1027): GC_CONCURRENT freed 262K, 11% free 3236K/3612K, paused 5ms+6ms, total 39ms
D/MmsSmsProvider(  601): getSingleAddressId: insert new canonical_address for xxxxxx, _id=1
D/MmsSmsProvider(  601): getThreadId: create new thread_id for recipients xxxxxxxx
D/MmsSmsProvider(  601): insertThread: created new thread_id 1 for recipientIds xxxxxxx
D/dalvikvm(  601): GC_EXPLICIT freed 456K, 16% free 3316K/3924K, paused 16ms+3ms, total 195ms
D/SmsReceiverService( 1027): handleSmsReceived messageUri: content://sms/1 threadId: 1
D/Mms:app ( 1027): updateNotification: new message, adding sound to the notification
D/AndroidRuntime( 1209): 
D/AndroidRuntime( 1209): >>>>>> AndroidRuntime START com.android.internal.os.RuntimeInit <<<<<<
D/AndroidRuntime( 1209): CheckJNI is ON
D/dalvikvm( 1209): Trying to load lib libjavacore.so 0x0
D/dalvikvm( 1209): Added shared lib libjavacore.so 0x0
D/dalvikvm( 1209): Trying to load lib libnativehelper.so 0x0
D/dalvikvm( 1209): Added shared lib libnativehelper.so 0x0
D/dalvikvm( 1209): No JNI_OnLoad found in libnativehelper.so 0x0, skipping init
D/dalvikvm( 1209): Note: class Landroid/app/ActivityManagerNative; has 179 unimplemented (abstract) methods
E/memtrack( 1209): Couldn't load memtrack module (No such file or directory)
E/android.os.Debug( 1209): failed to load memtrack module: -2
D/AndroidRuntime( 1209): Calling main entry com.android.commands.am.Am
I/ActivityManager(  356): START u0 {act=android.intent.action.MAIN cat=[android.intent.category.LAUNCHER] flg=0x10000000 cmp=qjwqtiuchg.wdfjcfflhnke.trmtijj/.AdminRequestor} from pid 1209
I/ActivityManager(  356): START u0 {act=android.app.action.ADD_DEVICE_ADMIN cmp=com.android.settings/.DeviceAdminAdd (has extras)} from pid 1160
D/dalvikvm(  611): GC_FOR_ALLOC freed 191K, 10% free 2838K/3140K, paused 157ms, total 160ms
I/Choreographer(  611): Skipped 120 frames!  The application may be doing too much work on its main thread.
D/gralloc_goldfish(  611): Emulator without GPU emulation detected.
I/PackageManager(  356):   Action: "android.intent.action.SENDTO"
I/PackageManager(  356):   Category: "android.intent.category.DEFAULT"
I/PackageManager(  356):   Scheme: "sms"
I/PackageManager(  356): Adding preferred activity ComponentInfo{com.android.mms/com.android.mms.ui.ComposeMessageActivity} for user 0 :
I/PackageManager(  356):   Action: "android.intent.action.SENDTO"
I/PackageManager(  356):   Category: "android.intent.category.DEFAULT"
I/PackageManager(  356):   Scheme: "smsto"
I/PackageManager(  356): Adding preferred activity ComponentInfo{com.android.mms/com.android.mms.ui.ComposeMessageActivity} for user 0 :
I/Choreographer(  356): Skipped 57 frames!  The application may be doing too much work on its main thread.
I/PackageManager(  356):   Action: "android.intent.action.SENDTO"
I/PackageManager(  356):   Category: "android.intent.category.DEFAULT"
I/PackageManager(  356):   Scheme: "mms"
I/PackageManager(  356): Adding preferred activity ComponentInfo{com.android.mms/com.android.mms.ui.ComposeMessageActivity} for user 0 :
I/PackageManager(  356):   Action: "android.intent.action.SENDTO"
I/PackageManager(  356):   Category: "android.intent.category.DEFAULT"
I/PackageManager(  356):   Scheme: "mmsto"
I/PackageManager(  356): Adding preferred activity ComponentInfo{com.android.mms/com.android.mms.ui.ComposeMessageActivity} for user 0 :
D/dalvikvm(  356): GC_CONCURRENT freed 727K, 54% free 5871K/12732K, paused 169ms+25ms, total 510ms
D/dalvikvm(  356): WAIT_FOR_CONCURRENT_GC blocked 190ms
D/dalvikvm(  356): WAIT_FOR_CONCURRENT_GC blocked 191ms
D/dalvikvm(  356): WAIT_FOR_CONCURRENT_GC blocked 181ms
I/ActivityManager(  356): Displayed com.android.settings/.DeviceAdminAdd: +2s236ms (total +2s387ms)
I/Choreographer(  356): Skipped 62 frames!  The application may be doing too much work on its main thread.
D/dalvikvm(  356): WAIT_FOR_CONCURRENT_GC blocked 180ms
D/AndroidRuntime( 1209): Shutting down VM
D/dalvikvm( 1209): GC_CONCURRENT freed 98K, 15% free 589K/692K, paused 12ms+2ms, total 31ms
V/SmsReceiverService( 1027): onStart: #1 mResultCode: -1 = Activity.RESULT_OK
I/PackageManager(  356):   Action: "android.intent.action.SENDTO"
I/PackageManager(  356):   Category: "android.intent.category.DEFAULT"
I/PackageManager(  356):   Scheme: "sms"
I/PackageManager(  356): Adding preferred activity ComponentInfo{com.android.mms/com.android.mms.ui.ComposeMessageActivity} for user 0 :
I/PackageManager(  356):   Action: "android.intent.action.SENDTO"
I/PackageManager(  356):   Category: "android.intent.category.DEFAULT"
I/PackageManager(  356):   Scheme: "smsto"
I/PackageManager(  356): Adding preferred activity ComponentInfo{com.android.mms/com.android.mms.ui.ComposeMessageActivity} for user 0 :
I/PackageManager(  356):   Action: "android.intent.action.SENDTO"
I/PackageManager(  356):   Category: "android.intent.category.DEFAULT"
I/PackageManager(  356):   Scheme: "mms"
I/PackageManager(  356): Adding preferred activity ComponentInfo{com.android.mms/com.android.mms.ui.ComposeMessageActivity} for user 0 :
I/PackageManager(  356):   Action: "android.intent.action.SENDTO"
I/PackageManager(  356):   Category: "android.intent.category.DEFAULT"
I/PackageManager(  356):   Scheme: "mmsto"
I/PackageManager(  356): Adding preferred activity ComponentInfo{com.android.mms/com.android.mms.ui.ComposeMessageActivity} for user 0 :
V/SmsReceiverService( 1027): onStart: #2 mResultCode: -1 = Activity.RESULT_OK
D/MmsSmsProvider(  601): getSingleAddressId: insert new canonical_address for xxxxxx, _id=2
D/MmsSmsProvider(  601): getThreadId: create new thread_id for recipients xxxxxxxx
D/MmsSmsProvider(  601): insertThread: created new thread_id 2 for recipientIds xxxxxxx
