E/ConnectivityService(  361): Exception trying to add a route: java.lang.IllegalStateException: command '43 interface fwmark exempt add 172.217.23.14/32' failed with '400 43 Failed to add exemption rule (File exists)'
D/ConnectivityService(  361): requestRouteToHostAddress ok=false
D/ConnectivityService(  361): [CheckMp] isMobileOk: could not establish route to hostAddr=clients3.google.com/172.217.23.14
D/ExternalStorage(  887): Missing UUID for /storage/sdcard; skipping
D/ExternalStorage(  887): After updating volumes, found 0 active roots
D/ExternalStorage(  887): Missing UUID for /storage/sdcard; skipping
D/ExternalStorage(  887): After updating volumes, found 0 active roots
I/ContactDirectoryManager(  536): deleted 0 stale rows which don't have any relevant directory
W/ActivityManager(  361): Unable to start service Intent { cmp=com.android.email/.service.AttachmentDownloadService } U=0: not found
D/MediaScannerReceiver(  610): action: android.intent.action.MEDIA_MOUNTED path: /storage/sdcard
I/Email   (  903): Observing account changes for notifications
I/ContactDirectoryManager(  536): Discovered 0 contact directories in 3801ms
E/BluetoothAdapter(  600): Bluetooth binder is null
I/ActivityManager(  361): Start proc com.android.music for broadcast com.android.music/.MediaButtonIntentReceiver: pid=927 uid=10032 gids={50032, 3003, 1028, 1015}
D/dalvikvm(  361): GC_CONCURRENT freed 572K, 56% free 5688K/12880K, paused 7ms+16ms, total 132ms
I/dalvikvm(  927): CheckJNI enabled: not enabling JNI app bug workarounds.
I/ContactsProvider(  536): Upgrading aggregation algorithm
I/ContactAggregator(  536): Marked all visible contacts for aggregation: 0 raw contacts, 5 ms
I/ContactsProvider(  536): Aggregation algorithm upgraded for 0 raw contacts in 142ms
W/RecognitionManagerService(  361): no available voice recognition services found for user 0
V/MediaScanner(  610): pruneDeadThumbnailFiles... android.database.sqlite.SQLiteCursor@b2d15258
V/MediaScanner(  610): /pruneDeadThumbnailFiles... android.database.sqlite.SQLiteCursor@b2d15258
D/dalvikvm(  536): GC_CONCURRENT freed 251K, 10% free 3077K/3396K, paused 5ms+2ms, total 57ms
I/ContactsFTS(  536): Rebuild contact search index in 417ms, 0 contacts
I/MediaFocusControl(  361):   Remote Control   registerMediaButtonIntent() for PendingIntent{b31423e8: PendingIntentRecord{b3143788 com.android.music broadcastIntent}}
E/BluetoothAdapter(  600): Bluetooth binder is null
I/ActivityManager(  361): Start proc com.android.calendar for broadcast com.android.calendar/.widget.CalendarAppWidgetService$CalendarFactory: pid=940 uid=10016 gids={50016, 3003}
D/ExtensionsFactory(  940): No custom extensions.
I/ActivityManager(  361): Start proc com.android.deskclock for broadcast com.android.deskclock/.AlarmInitReceiver: pid=958 uid=10020 gids={50020, 1028}
I/ActivityManager(  361): Start proc com.android.providers.calendar for content provider com.android.providers.calendar/.CalendarProvider2: pid=962 uid=10001 gids={50001, 3003, 1028, 1015}
D/dalvikvm(   58): GC_EXPLICIT freed 40K, 4% free 2705K/2816K, paused 2ms+2ms, total 59ms
D/dalvikvm(   58): GC_EXPLICIT freed <1K, 4% free 2705K/2816K, paused 2ms+2ms, total 43ms
D/dalvikvm(   58): GC_EXPLICIT freed <1K, 4% free 2705K/2816K, paused 13ms+12ms, total 55ms
I/CalendarDatabaseHelper(  962): Bootstrapping database
I/CalendarProvider2(  962): Created com.android.providers.calendar.CalendarAlarmManager@b2cf0978(com.android.providers.calendar.CalendarProvider2@b2cdd050)
V/AlarmClock(  958): AlarmInitReceiver android.intent.action.TIMEZONE_CHANGED
I/AlarmClock(  958): Alarms Table created
I/AlarmClock(  958): Instance table created
I/AlarmClock(  958): Cities table created
I/AlarmClock(  958): Inserting default alarms
I/AlarmClock(  958): Displaying next alarm time: ''
W/BackupManagerService(  361): dataChanged but no participant pkg='com.android.providers.settings' uid=10020
V/AlarmClock(  958): AlarmInitReceiver finished
E/BluetoothAdapter(  600): Bluetooth binder is null
E/logwrapper(  988): executing /system/bin/ip failed: No such file or directory
E/ConnectivityService(  361): Exception trying to add a route: java.lang.IllegalStateException: command '45 interface fwmark exempt add 10.0.2.2/32' failed with '400 45 Failed to add exemption rule (File exists)'
E/logwrapper(  990): executing /system/bin/ip failed: No such file or directory
I/ActivityManager(  361): Start proc com.android.dialer for broadcast com.android.dialer/.calllog.CallLogReceiver: pid=989 uid=10004 gids={50004, 3003, 1028, 1015}
E/ConnectivityService(  361): Exception trying to add a route: java.lang.IllegalStateException: command '47 interface fwmark exempt add 172.217.23.14/32' failed with '400 47 Failed to add exemption rule (File exists)'
D/ConnectivityService(  361): requestRouteToHostAddress ok=false
D/ConnectivityService(  361): [CheckMp] isMobileOk: could not establish route to hostAddr=clients3.google.com/172.217.23.14
D/ExtensionsFactory(  989): No custom extensions.
I/ActivityManager(  361): Delay finish: com.android.dialer/.calllog.CallLogReceiver
I/ActivityManager(  361): Resuming delayed broadcast
E/BluetoothAdapter(  361): Bluetooth binder is null
E/BluetoothAdapter(  361): Bluetooth binder is null
V/WiredAccessoryManager(  361): init()
E/SoundPool(  361): error loading /system/media/audio/ui/Effect_Tick.ogg
W/AudioService(  361): Soundpool could not load file: /system/media/audio/ui/Effect_Tick.ogg
E/SoundPool(  361): error loading /system/media/audio/ui/Effect_Tick.ogg
W/AudioService(  361): Soundpool could not load file: /system/media/audio/ui/Effect_Tick.ogg
E/SoundPool(  361): error loading /system/media/audio/ui/Effect_Tick.ogg
W/AudioService(  361): Soundpool could not load file: /system/media/audio/ui/Effect_Tick.ogg
E/SoundPool(  361): error loading /system/media/audio/ui/Effect_Tick.ogg
W/AudioService(  361): Soundpool could not load file: /system/media/audio/ui/Effect_Tick.ogg
E/SoundPool(  361): error loading /system/media/audio/ui/Effect_Tick.ogg
W/AudioService(  361): Soundpool could not load file: /system/media/audio/ui/Effect_Tick.ogg
E/SoundPool(  361): error loading /system/media/audio/ui/KeypressStandard.ogg
W/AudioService(  361): Soundpool could not load file: /system/media/audio/ui/KeypressStandard.ogg
E/SoundPool(  361): error loading /system/media/audio/ui/KeypressSpacebar.ogg
W/AudioService(  361): Soundpool could not load file: /system/media/audio/ui/KeypressSpacebar.ogg
E/SoundPool(  361): error loading /system/media/audio/ui/KeypressDelete.ogg
W/AudioService(  361): Soundpool could not load file: /system/media/audio/ui/KeypressDelete.ogg
E/SoundPool(  361): error loading /system/media/audio/ui/KeypressReturn.ogg
W/AudioService(  361): Soundpool could not load file: /system/media/audio/ui/KeypressReturn.ogg
E/SoundPool(  361): error loading /system/media/audio/ui/KeypressInvalid.ogg
W/AudioService(  361): Soundpool could not load file: /system/media/audio/ui/KeypressInvalid.ogg
W/AudioService(  361): onLoadSoundEffects(), Error -1 while loading samples
I/CalendarProvider2(  962): Sending notification intent: Intent { act=android.intent.action.PROVIDER_CHANGED dat=content://com.android.calendar }
W/ContentResolver(  962): Failed to get type for: content://com.android.calendar (Unknown URL content://com.android.calendar)
I/PowerManagerService(  361): Boot animation finished.
D/dalvikvm(  361): GC_CONCURRENT freed 612K, 56% free 5704K/12880K, paused 6ms+5ms, total 73ms
I/RecoverySystem(  361): No recovery log file
I/BootReceiver(  361): Copying audit failures to DropBox
I/BootReceiver(  361): Checking for fsck errors
I/ActivityManager(  361): Delay finish: com.android.providers.media/.MediaScannerReceiver
I/ActivityManager(  361): Resuming delayed broadcast
I/ActivityManager(  361): Start proc com.android.mms for broadcast com.android.mms/.transaction.MmsSystemEventReceiver: pid=1016 uid=10009 gids={50009, 3003, 1028, 1015}
D/CountryDetector(  361): The first listener is added
V/MmsConfig( 1016): mnc/mcc: 310260
V/MmsConfig( 1016): tag: bool value: enabledMMS - true
V/MmsConfig( 1016): tag: int value: maxMessageSize - 307200
V/MmsConfig( 1016): tag: int value: maxImageHeight - 480
V/MmsConfig( 1016): tag: int value: maxImageWidth - 640
V/MmsConfig( 1016): tag: int value: defaultSMSMessagesPerThread - 10000
V/MmsConfig( 1016): tag: int value: defaultMMSMessagesPerThread - 1000
V/MmsConfig( 1016): tag: int value: minMessageCountPerThread - 10
V/MmsConfig( 1016): tag: int value: maxMessageCountPerThread - 5000
V/MmsConfig( 1016): tag: string value: uaProfUrl - http://www.google.com/oha/rdf/ua-profile-kila.xml
V/MmsConfig( 1016): tag: int value: recipientLimit - -1
V/MmsConfig( 1016): tag: bool value: enableMultipartSMS - true
V/MmsConfig( 1016): tag: int value: smsToMmsTextThreshold - -1
V/MmsConfig( 1016): tag: bool value: enableSlideDuration - true
V/MmsConfig( 1016): tag: int value: maxMessageTextSize - -1
I/ActivityManager(  361): Delay finish: com.android.mms/.transaction.MmsSystemEventReceiver
D/Mms:app ( 1016): cancelNotification
I/MediaProvider(  610): Upgrading media database from version 0 to 700, which will destroy all old data
I/ActivityManager(  361): Resuming delayed broadcast
I/ActivityManager(  361): Delay finish: com.android.mms/.transaction.SmsReceiver
D/MmsSmsDatabaseHelper(  589): [MmsSmsDb] tableName: threads hasAutoIncrement: CREATE TABLE threads (_id INTEGER PRIMARY KEY AUTOINCREMENT,date INTEGER DEFAULT 0,message_count INTEGER DEFAULT 0,recipient_ids TEXT,snippet TEXT,snippet_cs INTEGER DEFAULT 0,read INTEGER DEFAULT 1,type INTEGER DEFAULT 0,error INTEGER DEFAULT 0,has_attachment INTEGER DEFAULT 0) result: true
D/MmsSmsDatabaseHelper(  589): [MmsSmsDb] tableName: canonical_addresses hasAutoIncrement: CREATE TABLE canonical_addresses (_id INTEGER PRIMARY KEY AUTOINCREMENT,address TEXT) result: true
D/MmsSmsDatabaseHelper(  589): [MmsSmsDb] tableName: part hasAutoIncrement: CREATE TABLE part (_id INTEGER PRIMARY KEY AUTOINCREMENT,mid INTEGER,seq INTEGER DEFAULT 0,ct TEXT,name TEXT,chset INTEGER,cd TEXT,fn TEXT,cid TEXT,cl TEXT,ctt_s INTEGER,ctt_t TEXT,_data TEXT,text TEXT) result: true
D/MmsSmsDatabaseHelper(  589): [MmsSmsDb] tableName: pdu hasAutoIncrement: CREATE TABLE pdu (_id INTEGER PRIMARY KEY AUTOINCREMENT,thread_id INTEGER,date INTEGER,date_sent INTEGER DEFAULT 0,msg_box INTEGER,read INTEGER DEFAULT 0,m_id TEXT,sub TEXT,sub_cs INTEGER,ct_t TEXT,ct_l TEXT,exp INTEGER,m_cls TEXT,m_type INTEGER,v INTEGER,m_size INTEGER,pri INTEGER,rr INTEGER,rpt_a INTEGER,resp_st INTEGER,st INTEGER,tr_id TEXT,retr_st INTEGER,retr_txt TEXT,retr_txt_cs INTEGER,read_status INTEGER,ct_cls INTEGER,resp_txt TEXT,d_tm INTEGER,d_rpt INTEGER,locked INTEGER DEFAULT 0,seen INTEGER DEFAULT 0,text_only INTEGER DEFAULT 0) result: true
D/MmsSmsDatabaseHelper(  589): [getWritableDatabase] hasAutoIncrementThreads: true hasAutoIncrementAddresses: true hasAutoIncrementPart: true hasAutoIncrementPdu: true
D/Mms:app ( 1016): cancelNotification
I/ActivityManager(  361): Resuming delayed broadcast
D/AlertReceiver(  940): onReceive: a=android.intent.action.BOOT_COMPLETED Intent { act=android.intent.action.BOOT_COMPLETED flg=0x8000010 cmp=com.android.calendar/.alerts.AlertReceiver (has extras) }
I/ActivityManager(  361): Delay finish: com.android.calendar/.alerts.AlertReceiver
D/AlertUtils(  940): Flushing old alerts from shared prefs table
D/AlertService(  940): 0 Action = android.intent.action.BOOT_COMPLETED
D/AlertService(  940): Scheduling next alarm with AlarmScheduler. sEventReminderReceived: null
D/dalvikvm(  940): GC_CONCURRENT freed 309K, 12% free 2809K/3192K, paused 49ms+2ms, total 79ms
D/AlarmScheduler(  940): No events found starting within 1 week.
E/SQLiteLog(  610): (1) no such table: files
E/WVMExtractor(   60): Failed to open libwvm.so
D/dalvikvm(  610): GC_CONCURRENT freed 245K, 10% free 3029K/3344K, paused 4ms+5ms, total 36ms
E/logwrapper( 1047): executing /system/bin/ip failed: No such file or directory
E/ConnectivityService(  361): Exception trying to add a route: java.lang.IllegalStateException: command '49 interface fwmark exempt add 10.0.2.2/32' failed with '400 49 Failed to add exemption rule (File exists)'
E/logwrapper( 1048): executing /system/bin/ip failed: No such file or directory
E/ConnectivityService(  361): Exception trying to add a route: java.lang.IllegalStateException: command '51 interface fwmark exempt add 172.217.23.14/32' failed with '400 51 Failed to add exemption rule (File exists)'
D/ConnectivityService(  361): requestRouteToHostAddress ok=false
D/ConnectivityService(  361): [CheckMp] isMobileOk: could not establish route to hostAddr=clients3.google.com/172.217.23.14
V/MediaScanner(  610): pruneDeadThumbnailFiles... android.database.sqlite.SQLiteCursor@b2d346b0
V/MediaScanner(  610): /pruneDeadThumbnailFiles... android.database.sqlite.SQLiteCursor@b2d346b0
I/ActivityManager(  361): Resuming delayed broadcast
V/AlarmClock(  958): AlarmInitReceiver android.intent.action.BOOT_COMPLETED
V/AlarmClock(  958): AlarmInitReceiver - Reset timers and clear stopwatch data
V/AlarmClock(  958): AlarmInitReceiver - resetting volume button default
I/AlarmClock(  958): Displaying next alarm time: ''
V/AlarmClock(  958): AlarmInitReceiver finished
D/dalvikvm(  958): GC_CONCURRENT freed 388K, 14% free 2821K/3280K, paused 16ms+2ms, total 111ms
D/dalvikvm(  958): WAIT_FOR_CONCURRENT_GC blocked 64ms
I/ActivityManager(  361): Delay finish: com.android.email/.service.EmailUpgradeBroadcastReceiver
I/ActivityManager(  361): Resuming delayed broadcast
E/MetadataRetrieverClient(   60): failed to extract an album art
I/ActivityManager(  361): Delay finish: com.android.email/.service.EmailBroadcastReceiver
I/Email   (  903): Onetime initialization: 1
I/Email   (  903): Onetime initialization: 2
I/Email   (  903): Onetime initialization: completed.
I/ActivityManager(  361): Delaying start of: ServiceRecord{b328cab0 u0 com.android.exchange/.service.EmailSyncAdapterService}
I/ActivityManager(  361): Resuming delayed broadcast
I/LauncherIconVisibilityManager(  576): Boot has been completed
I/LauncherIconVisibilityManager(  576): Disable activity: ComponentInfo{com.android.inputmethod.latin/com.android.inputmethod.latin.setup.SetupActivity}
D/dalvikvm(  361): GC_CONCURRENT freed 590K, 56% free 5777K/12880K, paused 17ms+5ms, total 145ms
E/BluetoothAdapter(  600): Bluetooth binder is null
I/ActivityManager(  361): Delay finish: com.android.settings/.widget.SettingsAppWidgetProvider
I/ActivityManager(  361): Resuming delayed broadcast
W/BroadcastQueue(  361): Permission Denial: broadcasting Intent { act=android.appwidget.action.APPWIDGET_UPDATE_OPTIONS flg=0x10 cmp=com.android.settings/.widget.SettingsAppWidgetProvider (has extras) } from android (pid=679, uid=10008) is not exported from uid 1000 due to receiver com.android.settings/.widget.SettingsAppWidgetProvider
I/ActivityManager(  361): Delay finish: com.android.providers.contacts/.PackageIntentReceiver
D/dalvikvm( 1016): GC_CONCURRENT freed 234K, 10% free 2873K/3180K, paused 24ms+3ms, total 183ms
E/StrictMode( 1016): A resource was acquired at attached stack trace but never released. See java.io.Closeable for information on avoiding resource leaks.
E/StrictMode( 1016): java.lang.Throwable: Explicit termination method 'release' not called
E/StrictMode( 1016): 	at dalvik.system.CloseGuard.open(CloseGuard.java:184)
E/StrictMode( 1016): 	at android.drm.DrmManagerClient.<init>(DrmManagerClient.java:258)
E/StrictMode( 1016): 	at com.google.android.mms.pdu.PduPersister.<init>(PduPersister.java:288)
E/StrictMode( 1016): 	at com.google.android.mms.pdu.PduPersister.getPduPersister(PduPersister.java:296)
E/StrictMode( 1016): 	at com.android.mms.transaction.TransactionService.onNewIntent(TransactionService.java:224)
E/StrictMode( 1016): 	at com.android.mms.transaction.TransactionService$ServiceHandler.handleMessage(TransactionService.java:621)
E/StrictMode( 1016): 	at android.os.Handler.dispatchMessage(Handler.java:102)
E/StrictMode( 1016): 	at android.os.Looper.loop(Looper.java:136)
E/StrictMode( 1016): 	at android.os.HandlerThread.run(HandlerThread.java:61)
I/ActivityManager(  361): Resuming delayed broadcast
I/ActivityManager(  361): Start proc com.svox.pico for broadcast com.svox.pico/.VoiceDataInstallerReceiver: pid=1065 uid=10037 gids={50037, 1028, 1015}
E/BluetoothAdapter(  600): Bluetooth binder is null
D/AlertReceiver(  940): onReceive: a=android.intent.action.PROVIDER_CHANGED Intent { act=android.intent.action.PROVIDER_CHANGED dat=content://com.android.calendar flg=0x10 cmp=com.android.calendar/.alerts.AlertReceiver }
D/AlertService(  940): 0 Action = android.intent.action.PROVIDER_CHANGED
I/ActivityManager(  361): Delay finish: com.android.calendar/.alerts.AlertReceiver
D/ConnectivityService(  361): [CheckMp] isMobileOk: too many loops tried - giving up
D/ConnectivityService(  361): [CheckMp] isMobileOk: X loops|timed out result=0
D/ConnectivityService(  361): [CheckMp] isMobileOk: F stop hipri
D/MobileDataStateTracker(  361): default: setEnableFailFastMobileData(enabled=0)
D/ConnectivityService(  361): stopUsingNetworkFeature: teardown net 0: enableHIPRI
D/MobileDataStateTracker(  361): hipri: Broadcast received: android.intent.action.ANY_DATA_STATE apnType=hipri
D/MobileDataStateTracker(  361): hipri: Received state=DISCONNECTED, old=CONNECTED, reason=dataDisabled
D/MobileDataStateTracker(  361): hipri: setDetailed state, old =CONNECTED and new state=DISCONNECTED
D/ConnectivityService(  361): ConnectivityChange for mobile_hipri: DISCONNECTED/DISCONNECTED
E/logwrapper( 1078): executing /system/bin/ip failed: No such file or directory
E/SecondaryTablController(   54): ip route del failed: /system/bin/ip route del 10.0.2.2/32 via 0.0.0.0 dev eth0 table 60
W/FrameworkListener(   54): Handler 'interface' error (No such device)
E/logwrapper( 1079): executing /system/bin/ip failed: No such file or directory
E/SecondaryTablController(   54): ip route del failed: /system/bin/ip route del 0.0.0.0/0 via 10.0.2.2 dev eth0 table 60
W/FrameworkListener(   54): Handler 'interface' error (No such device)
D/Nat464Xlat(  361): requiresClat: netType=5, hasIPv4Address=true
D/MobileDataStateTracker(  361): default: setPolicyDataEnable(enabled=true)
D/dalvikvm(  589): GC_CONCURRENT freed 525K, 16% free 3350K/3944K, paused 4ms+54ms, total 161ms
E/NetdConnector(  361): NDC Command {59 bandwidth removeiquota eth0} took too long (694ms)
I/InputReader(  361): Reconfiguring input devices.  changes=0x00000010
I/InputReader(  361): Reconfiguring input devices.  changes=0x00000010
E/NetdConnector(  361): NDC Command {60 bandwidth gettetherstats} took too long (676ms)
I/InputReader(  361): Reconfiguring input devices.  changes=0x00000010
I/PackageManager(  361):   Action: "android.intent.action.SENDTO"
I/PackageManager(  361):   Category: "android.intent.category.DEFAULT"
I/PackageManager(  361):   Scheme: "sms"
I/PackageManager(  361): Adding preferred activity ComponentInfo{com.android.mms/com.android.mms.ui.ComposeMessageActivity} for user 0 :
I/PackageManager(  361):   Action: "android.intent.action.SENDTO"
I/PackageManager(  361):   Category: "android.intent.category.DEFAULT"
I/PackageManager(  361):   Scheme: "smsto"
I/PackageManager(  361): Adding preferred activity ComponentInfo{com.android.mms/com.android.mms.ui.ComposeMessageActivity} for user 0 :
D/dalvikvm(  361): GC_CONCURRENT freed 691K, 55% free 5844K/12880K, paused 40ms+28ms, total 221ms
I/PackageManager(  361):   Action: "android.intent.action.SENDTO"
I/PackageManager(  361):   Category: "android.intent.category.DEFAULT"
I/PackageManager(  361):   Scheme: "mms"
I/PackageManager(  361): Adding preferred activity ComponentInfo{com.android.mms/com.android.mms.ui.ComposeMessageActivity} for user 0 :
I/PackageManager(  361):   Action: "android.intent.action.SENDTO"
I/PackageManager(  361):   Category: "android.intent.category.DEFAULT"
I/PackageManager(  361):   Scheme: "mmsto"
I/PackageManager(  361): Adding preferred activity ComponentInfo{com.android.mms/com.android.mms.ui.ComposeMessageActivity} for user 0 :
I/PackageManager(  361):   Action: "android.intent.action.SENDTO"
I/PackageManager(  361):   Category: "android.intent.category.DEFAULT"
I/PackageManager(  361):   Scheme: "sms"
I/PackageManager(  361): Adding preferred activity ComponentInfo{com.android.mms/com.android.mms.ui.ComposeMessageActivity} for user 0 :
I/PackageManager(  361):   Action: "android.intent.action.SENDTO"
I/PackageManager(  361):   Category: "android.intent.category.DEFAULT"
I/PackageManager(  361):   Scheme: "smsto"
I/PackageManager(  361): Adding preferred activity ComponentInfo{com.android.mms/com.android.mms.ui.ComposeMessageActivity} for user 0 :
D/dalvikvm(  589): GC_CONCURRENT freed 367K, 15% free 3378K/3944K, paused 130ms+2ms, total 241ms
I/PackageManager(  361):   Action: "android.intent.action.SENDTO"
I/PackageManager(  361):   Category: "android.intent.category.DEFAULT"
I/PackageManager(  361):   Scheme: "mms"
I/PackageManager(  361): Adding preferred activity ComponentInfo{com.android.mms/com.android.mms.ui.ComposeMessageActivity} for user 0 :
I/PackageManager(  361):   Action: "android.intent.action.SENDTO"
I/PackageManager(  361):   Category: "android.intent.category.DEFAULT"
I/PackageManager(  361):   Scheme: "mmsto"
I/PackageManager(  361): Adding preferred activity ComponentInfo{com.android.mms/com.android.mms.ui.ComposeMessageActivity} for user 0 :
E/NetdConnector(  361): NDC Command {61 bandwidth setiquota eth0 9223372036854775807} took too long (1778ms)
D/MobileDataStateTracker(  361): default: setPolicyDataEnable(enabled=true)
I/PackageManager(  361):   Action: "android.intent.action.SENDTO"
I/PackageManager(  361):   Category: "android.intent.category.DEFAULT"
I/PackageManager(  361):   Scheme: "sms"
I/PackageManager(  361): Adding preferred activity ComponentInfo{com.android.mms/com.android.mms.ui.ComposeMessageActivity} for user 0 :
D/dalvikvm(  361): GC_CONCURRENT freed 774K, 55% free 5857K/12880K, paused 39ms+19ms, total 260ms
I/PackageManager(  361):   Action: "android.intent.action.SENDTO"
I/PackageManager(  361):   Category: "android.intent.category.DEFAULT"
I/PackageManager(  361):   Scheme: "smsto"
I/PackageManager(  361): Adding preferred activity ComponentInfo{com.android.mms/com.android.mms.ui.ComposeMessageActivity} for user 0 :
I/PackageManager(  361):   Action: "android.intent.action.SENDTO"
I/PackageManager(  361):   Category: "android.intent.category.DEFAULT"
I/PackageManager(  361):   Scheme: "mms"
I/PackageManager(  361): Adding preferred activity ComponentInfo{com.android.mms/com.android.mms.ui.ComposeMessageActivity} for user 0 :
I/PackageManager(  361):   Action: "android.intent.action.SENDTO"
I/PackageManager(  361):   Category: "android.intent.category.DEFAULT"
I/PackageManager(  361):   Scheme: "mmsto"
I/PackageManager(  361): Adding preferred activity ComponentInfo{com.android.mms/com.android.mms.ui.ComposeMessageActivity} for user 0 :
D/dalvikvm(  589): GC_CONCURRENT freed 454K, 15% free 3382K/3952K, paused 4ms+2ms, total 89ms
I/PackageManager(  361):   Action: "android.intent.action.SENDTO"
I/PackageManager(  361):   Category: "android.intent.category.DEFAULT"
I/PackageManager(  361):   Scheme: "sms"
I/PackageManager(  361): Adding preferred activity ComponentInfo{com.android.mms/com.android.mms.ui.ComposeMessageActivity} for user 0 :
D/Tethering(  361): MasterInitialState.processMessage what=3
D/CaptivePortalTracker(  361): NoActiveNetworkState{ when=-2ms what=1 obj=NetworkInfo: type: mobile_hipri[UMTS], state: DISCONNECTED/DISCONNECTED, reason: dataDisabled, extra: epc.tmobile.com, roaming: false, failover: false, isAvailable: true, isConnectedToProvisioningNetwork: false target=com.android.internal.util.StateMachine$SmHandler }
D/CaptivePortalTracker(  361): NoActiveNetworkState not a wifi connectivity change, ignore
D/Tethering(  361): MasterInitialState.processMessage what=3
D/CaptivePortalTracker(  361): NoActiveNetworkState{ when=-1ms what=1 obj=NetworkInfo: type: mobile[UMTS], state: CONNECTED/CONNECTED, reason: connected, extra: epc.tmobile.com, roaming: false, failover: false, isAvailable: true, isConnectedToProvisioningNetwork: false target=com.android.internal.util.StateMachine$SmHandler }
D/CaptivePortalTracker(  361): NoActiveNetworkState not a wifi connectivity change, ignore
I/PackageManager(  361):   Action: "android.intent.action.SENDTO"
I/PackageManager(  361):   Category: "android.intent.category.DEFAULT"
I/PackageManager(  361):   Scheme: "smsto"
I/PackageManager(  361): Adding preferred activity ComponentInfo{com.android.mms/com.android.mms.ui.ComposeMessageActivity} for user 0 :
I/PackageManager(  361):   Action: "android.intent.action.SENDTO"
I/PackageManager(  361):   Category: "android.intent.category.DEFAULT"
I/PackageManager(  361):   Scheme: "mms"
I/PackageManager(  361): Adding preferred activity ComponentInfo{com.android.mms/com.android.mms.ui.ComposeMessageActivity} for user 0 :
I/PackageManager(  361):   Action: "android.intent.action.SENDTO"
I/PackageManager(  361):   Category: "android.intent.category.DEFAULT"
I/PackageManager(  361):   Scheme: "mmsto"
I/PackageManager(  361): Adding preferred activity ComponentInfo{com.android.mms/com.android.mms.ui.ComposeMessageActivity} for user 0 :
E/NetdConnector(  361): NDC Command {62 bandwidth removeiquota eth0} took too long (674ms)
I/PackageManager(  361):   Action: "android.intent.action.SENDTO"
I/PackageManager(  361):   Category: "android.intent.category.DEFAULT"
I/PackageManager(  361):   Scheme: "sms"
I/PackageManager(  361): Adding preferred activity ComponentInfo{com.android.mms/com.android.mms.ui.ComposeMessageActivity} for user 0 :
D/dalvikvm(  361): GC_CONCURRENT freed 857K, 56% free 5792K/12880K, paused 7ms+17ms, total 272ms
D/dalvikvm(  361): WAIT_FOR_CONCURRENT_GC blocked 57ms
I/PackageManager(  361):   Action: "android.intent.action.SENDTO"
I/PackageManager(  361):   Category: "android.intent.category.DEFAULT"
I/PackageManager(  361):   Scheme: "smsto"
I/PackageManager(  361): Adding preferred activity ComponentInfo{com.android.mms/com.android.mms.ui.ComposeMessageActivity} for user 0 :
D/dalvikvm(  589): GC_CONCURRENT freed 493K, 16% free 3347K/3952K, paused 4ms+2ms, total 109ms
I/PackageManager(  361):   Action: "android.intent.action.SENDTO"
I/PackageManager(  361):   Category: "android.intent.category.DEFAULT"
I/PackageManager(  361):   Scheme: "mms"
I/PackageManager(  361): Adding preferred activity ComponentInfo{com.android.mms/com.android.mms.ui.ComposeMessageActivity} for user 0 :
I/PackageManager(  361):   Action: "android.intent.action.SENDTO"
I/PackageManager(  361):   Category: "android.intent.category.DEFAULT"
I/PackageManager(  361):   Scheme: "mmsto"
I/PackageManager(  361): Adding preferred activity ComponentInfo{com.android.mms/com.android.mms.ui.ComposeMessageActivity} for user 0 :
I/PackageManager(  361):   Action: "android.intent.action.SENDTO"
I/PackageManager(  361):   Category: "android.intent.category.DEFAULT"
I/PackageManager(  361):   Scheme: "sms"
I/PackageManager(  361): Adding preferred activity ComponentInfo{com.android.mms/com.android.mms.ui.ComposeMessageActivity} for user 0 :
I/PackageManager(  361):   Action: "android.intent.action.SENDTO"
I/PackageManager(  361):   Category: "android.intent.category.DEFAULT"
I/PackageManager(  361):   Scheme: "smsto"
I/PackageManager(  361): Adding preferred activity ComponentInfo{com.android.mms/com.android.mms.ui.ComposeMessageActivity} for user 0 :
I/PackageManager(  361):   Action: "android.intent.action.SENDTO"
I/PackageManager(  361):   Category: "android.intent.category.DEFAULT"
I/PackageManager(  361):   Scheme: "mms"
I/PackageManager(  361): Adding preferred activity ComponentInfo{com.android.mms/com.android.mms.ui.ComposeMessageActivity} for user 0 :
I/GlobalDismissManager(  940): no sender configured
I/PackageManager(  361):   Action: "android.intent.action.SENDTO"
I/PackageManager(  361):   Category: "android.intent.category.DEFAULT"
I/PackageManager(  361):   Scheme: "mmsto"
I/PackageManager(  361): Adding preferred activity ComponentInfo{com.android.mms/com.android.mms.ui.ComposeMessageActivity} for user 0 :
D/dalvikvm(  589): GC_CONCURRENT freed 451K, 14% free 3408K/3952K, paused 4ms+3ms, total 170ms
D/dalvikvm(  589): WAIT_FOR_CONCURRENT_GC blocked 53ms
D/dalvikvm(  361): GC_CONCURRENT freed 799K, 56% free 5722K/12880K, paused 5ms+17ms, total 233ms
D/AlertService(  940): Beginning updateAlertNotification
D/AlertService(  940): No fired or scheduled alerts
D/AlertService(  940): Scheduling next alarm with AlarmScheduler. sEventReminderReceived: null
E/NetdConnector(  361): NDC Command {63 bandwidth setiquota eth0 9223372036854775807} took too long (1640ms)
D/AlarmScheduler(  940): No events found starting within 1 week.
D/ConnectivityService(  361): [CheckMp] isMobileOk: X result=0
D/ConnectivityService(  361): [CheckMp] onPostExecute: result=0
D/ConnectivityService(  361): CheckMp.onComplete: result=0
D/ConnectivityService(  361): CheckMp.onComplete: ignore, connected or no connection
D/MobileDataStateTracker(  361): default: setPolicyDataEnable(enabled=true)
I/ActivityManager(  361): Resuming delayed broadcast
D/MobileDataStateTracker(  361): default: setPolicyDataEnable(enabled=true)
I/ActivityManager(  361): Delay finish: com.android.mms/.transaction.SmsReceiver
V/SmsReceiverService( 1016): onStart: #1 mResultCode: -1 = Activity.RESULT_OK
D/dalvikvm(  962): GC_CONCURRENT freed 209K, 9% free 2886K/3168K, paused 5ms+2ms, total 220ms
I/ActivityManager(  361): Resuming delayed broadcast
I/ActivityManager(  361): Delay finish: com.android.providers.calendar/.CalendarProviderBroadcastReceiver
I/ActivityManager(  361): Resuming delayed broadcast
I/ActivityManager(  361): Waited long enough for: ServiceRecord{b364cfa0 u0 com.android.music/.MediaPlaybackService}
I/ActivityManager(  361): Process com.kaka010.taotao010 (pid 1186) has died.
W/ActivityManager(  361): Scheduling restart of crashed service com.kaka010.taotao010/.CoreService in 16000ms
D/AndroidRuntime( 1138): 
D/AndroidRuntime( 1138): >>>>>> AndroidRuntime START com.android.internal.os.RuntimeInit <<<<<<
D/AndroidRuntime( 1138): CheckJNI is ON
D/dalvikvm( 1138): Trying to load lib libjavacore.so 0x0
D/dalvikvm( 1138): Added shared lib libjavacore.so 0x0
D/dalvikvm( 1138): Trying to load lib libnativehelper.so 0x0
D/dalvikvm( 1138): Added shared lib libnativehelper.so 0x0
D/dalvikvm( 1138): No JNI_OnLoad found in libnativehelper.so 0x0, skipping init
I/ActivityManager(  361): Waited long enough for: ServiceRecord{b2ea1aa0 u0 com.android.calendar/.alerts.InitAlarmsService}
D/dalvikvm( 1138): Note: class Landroid/app/ActivityManagerNative; has 179 unimplemented (abstract) methods
D/MobileDataStateTracker(  361): default: setPolicyDataEnable(enabled=true)
D/ConnectivityService(  361): Sampling interval elapsed, updating statistics ..
D/ConnectivityService(  361): Done.
D/ConnectivityService(  361): Setting timer for 720seconds
E/memtrack( 1138): Couldn't load memtrack module (No such file or directory)
E/android.os.Debug( 1138): failed to load memtrack module: -2
D/AndroidRuntime( 1138): Calling main entry com.android.commands.am.Am
I/ActivityManager(  361): START u0 {act=android.intent.action.MAIN cat=[android.intent.category.LAUNCHER] flg=0x10000000 cmp=com.kaka010.taotao010/.MainActivity} from pid 1138
D/gralloc (   57): Registering a buffer in the process that created it. This may cause memory ordering problems.
E/libEGL  (   57): called unimplemented OpenGL ES API
E/libEGL  (   57): called unimplemented OpenGL ES API
E/libEGL  (   57): called unimplemented OpenGL ES API
E/libEGL  (   57): called unimplemented OpenGL ES API
E/SurfaceFlinger(   57): glCheckFramebufferStatusOES error 331698773
E/SurfaceFlinger(   57): got GL_FRAMEBUFFER_COMPLETE_OES error while taking screenshot
E/libEGL  (   57): called unimplemented OpenGL ES API
E/libEGL  (   57): called unimplemented OpenGL ES API
W/WindowManager(  361): Screenshot failure taking screenshot for (164x295) to layer 21005
I/ActivityManager(  361): Start proc com.kaka010.taotao010 for activity com.kaka010.taotao010/.MainActivity: pid=1149 uid=10052 gids={50052, 1028, 1015, 3003}
I/ActivityManager(  361): START u0 {act=android.app.action.ADD_DEVICE_ADMIN cmp=com.android.settings/.DeviceAdminAdd (has extras)} from pid 1149
I/System.out( 1149): MainActivity is Begin
I/System.out( 1149): CoreSverice is Begin
D/StrictMode( 1149): StrictMode policy violation; ~duration=177 ms: android.os.StrictMode$StrictModeDiskReadViolation: policy=23 violation=2
D/StrictMode( 1149): 	at android.os.StrictMode$AndroidBlockGuardPolicy.onReadFromDisk(StrictMode.java:1135)
D/StrictMode( 1149): 	at android.app.SharedPreferencesImpl.awaitLoadedLocked(SharedPreferencesImpl.java:203)
D/StrictMode( 1149): 	at android.app.SharedPreferencesImpl.edit(SharedPreferencesImpl.java:282)
D/StrictMode( 1149): 	at com.kaka010.taotao010.Config.set(Config.java:71)
D/StrictMode( 1149): 	at com.kaka010.taotao010.CoreService.onCreate(CoreService.java:101)
D/StrictMode( 1149): 	at android.app.ActivityThread.handleCreateService(ActivityThread.java:2558)
D/StrictMode( 1149): 	at android.app.ActivityThread.access$1800(ActivityThread.java:135)
D/StrictMode( 1149): 	at android.app.ActivityThread$H.handleMessage(ActivityThread.java:1278)
D/StrictMode( 1149): 	at android.os.Handler.dispatchMessage(Handler.java:102)
D/StrictMode( 1149): 	at android.os.Looper.loop(Looper.java:136)
D/StrictMode( 1149): 	at android.app.ActivityThread.main(ActivityThread.java:5001)
D/StrictMode( 1149): 	at java.lang.reflect.Method.invokeNative(Native Method)
D/StrictMode( 1149): 	at java.lang.reflect.Method.invoke(Method.java:515)
D/StrictMode( 1149): 	at com.android.internal.os.ZygoteInit$MethodAndArgsCaller.run(ZygoteInit.java:785)
D/StrictMode( 1149): 	at com.android.internal.os.ZygoteInit.main(ZygoteInit.java:601)
D/StrictMode( 1149): 	at dalvik.system.NativeStart.main(Native Method)
D/StrictMode( 1149): StrictMode policy violation; ~duration=136 ms: android.os.StrictMode$StrictModeDiskReadViolation: policy=23 violation=2
D/StrictMode( 1149): 	at android.os.StrictMode$AndroidBlockGuardPolicy.onReadFromDisk(StrictMode.java:1135)
D/StrictMode( 1149): 	at libcore.io.BlockGuardOs.open(BlockGuardOs.java:106)
D/StrictMode( 1149): 	at libcore.io.IoBridge.open(IoBridge.java:393)
D/StrictMode( 1149): 	at java.io.FileOutputStream.<init>(FileOutputStream.java:88)
D/StrictMode( 1149): 	at java.io.FileOutputStream.<init>(FileOutputStream.java:73)
D/StrictMode( 1149): 	at android.app.SharedPreferencesImpl.createFileOutputStream(SharedPreferencesImpl.java:543)
D/StrictMode( 1149): 	at android.app.SharedPreferencesImpl.writeToFile(SharedPreferencesImpl.java:591)
D/StrictMode( 1149): 	at android.app.SharedPreferencesImpl.access$800(SharedPreferencesImpl.java:52)
D/StrictMode( 1149): 	at android.app.SharedPreferencesImpl$2.run(SharedPreferencesImpl.java:511)
D/StrictMode( 1149): 	at android.app.SharedPreferencesImpl.enqueueDiskWrite(SharedPreferencesImpl.java:532)
D/StrictMode( 1149): 	at android.app.SharedPreferencesImpl.access$100(SharedPreferencesImpl.java:52)
D/StrictMode( 1149): 	at android.app.SharedPreferencesImpl$EditorImpl.commit(SharedPreferencesImpl.java:454)
D/StrictMode( 1149): 	at com.kaka010.taotao010.Config.set(Config.java:73)
D/StrictMode( 1149): 	at com.kaka010.taotao010.CoreService.onCreate(CoreService.java:101)
D/StrictMode( 1149): 	at android.app.ActivityThread.handleCreateService(ActivityThread.java:2558)
D/StrictMode( 1149): 	at android.app.ActivityThread.access$1800(ActivityThread.java:135)
D/StrictMode( 1149): 	at android.app.ActivityThread$H.handleMessage(ActivityThread.java:1278)
D/StrictMode( 1149): 	at android.os.Handler.dispatchMessage(Handler.java:102)
D/StrictMode( 1149): 	at android.os.Looper.loop(Looper.java:136)
D/StrictMode( 1149): 	at android.app.ActivityThread.main(ActivityThread.java:5001)
D/StrictMode( 1149): 	at java.lang.reflect.Method.invokeNative(Native Method)
D/StrictMode( 1149): 	at java.lang.reflect.Method.invoke(Method.java:515)
D/StrictMode( 1149): 	at com.android.internal.os.ZygoteInit$MethodAndArgsCaller.run(ZygoteInit.java:785)
D/StrictMode( 1149): 	at com.android.internal.os.ZygoteInit.main(ZygoteInit.java:601)
D/StrictMode( 1149): 	at dalvik.system.NativeStart.main(Native Method)
D/StrictMode( 1149): StrictMode policy violation; ~duration=90 ms: android.os.StrictMode$StrictModeDiskReadViolation: policy=23 violation=2
D/StrictMode( 1149): 	at android.os.StrictMode$AndroidBlockGuardPolicy.onReadFromDisk(StrictMode.java:1135)
D/StrictMode( 1149): 	at libcore.io.BlockGuardOs.open(BlockGuardOs.java:106)
D/StrictMode( 1149): 	at libcore.io.IoBridge.open(IoBridge.java:393)
D/StrictMode( 1149): 	at java.io.FileOutputStream.<init>(FileOutputStream.java:88)
D/StrictMode( 1149): 	at java.io.FileOutputStream.<init>(FileOutputStream.java:73)
D/StrictMode( 1149): 	at android.app.SharedPreferencesImpl.createFileOutputStream(SharedPreferencesImpl.java:555)
D/StrictMode( 1149): 	at android.app.SharedPreferencesImpl.writeToFile(SharedPreferencesImpl.java:591)
D/StrictMode( 1149): 	at android.app.SharedPreferencesImpl.access$800(SharedPreferencesImpl.java:52)
D/StrictMode( 1149): 	at android.app.SharedPreferencesImpl$2.run(SharedPreferencesImpl.java:511)
D/StrictMode( 1149): 	at android.app.SharedPreferencesImpl.enqueueDiskWrite(SharedPreferencesImpl.java:532)
D/StrictMode( 1149): 	at android.app.SharedPreferencesImpl.access$100(SharedPreferencesImpl.java:52)
D/StrictMode( 1149): 	at android.app.SharedPreferencesImpl$EditorImpl.commit(SharedPreferencesImpl.java:454)
D/StrictMode( 1149): 	at com.kaka010.taotao010.Config.set(Config.java:73)
D/StrictMode( 1149): 	at com.kaka010.taotao010.CoreService.onCreate(CoreService.java:101)
D/StrictMode( 1149): 	at android.app.ActivityThread.handleCreateService(ActivityThread.java:2558)
D/StrictMode( 1149): 	at android.app.ActivityThread.access$1800(ActivityThread.java:135)
D/StrictMode( 1149): 	at android.app.ActivityThread$H.handleMessage(ActivityThread.java:1278)
D/StrictMode( 1149): 	at android.os.Handler.dispatchMessage(Handler.java:102)
D/StrictMode( 1149): 	at android.os.Looper.loop(Looper.java:136)
D/StrictMode( 1149): 	at android.app.ActivityThread.main(ActivityThread.java:5001)
D/StrictMode( 1149): 	at java.lang.reflect.Method.invokeNative(Native Method)
D/StrictMode( 1149): 	at java.lang.reflect.Method.invoke(Method.java:515)
D/StrictMode( 1149): 	at com.android.internal.os.ZygoteInit$MethodAndArgsCaller.run(ZygoteInit.java:785)
D/StrictMode( 1149): 	at com.android.internal.os.ZygoteInit.main(ZygoteInit.java:601)
D/StrictMode( 1149): 	at dalvik.system.NativeStart.main(Native Method)
D/StrictMode( 1149): StrictMode policy violation; ~duration=71 ms: android.os.StrictMode$StrictModeDiskWriteViolation: policy=23 violation=1
D/StrictMode( 1149): 	at android.os.StrictMode$AndroidBlockGuardPolicy.onWriteToDisk(StrictMode.java:1109)
D/StrictMode( 1149): 	at libcore.io.BlockGuardOs.write(BlockGuardOs.java:196)
D/StrictMode( 1149): 	at libcore.io.IoBridge.write(IoBridge.java:450)
D/StrictMode( 1149): 	at java.io.FileOutputStream.write(FileOutputStream.java:187)
D/StrictMode( 1149): 	at com.android.internal.util.FastXmlSerializer.flushBytes(FastXmlSerializer.java:232)
D/StrictMode( 1149): 	at com.android.internal.util.FastXmlSerializer.flush(FastXmlSerializer.java:253)
D/StrictMode( 1149): 	at com.android.internal.util.FastXmlSerializer.endDocument(FastXmlSerializer.java:198)
D/StrictMode( 1149): 	at com.android.internal.util.XmlUtils.writeMapXml(XmlUtils.java:182)
D/StrictMode( 1149): 	at android.app.SharedPreferencesImpl.writeToFile(SharedPreferencesImpl.java:596)
D/StrictMode( 1149): 	at android.app.SharedPreferencesImpl.access$800(SharedPreferencesImpl.java:52)
D/StrictMode( 1149): 	at android.app.SharedPreferencesImpl$2.run(SharedPreferencesImpl.java:511)
D/StrictMode( 1149): 	at android.app.SharedPreferencesImpl.enqueueDiskWrite(SharedPreferencesImpl.java:532)
D/StrictMode( 1149): 	at android.app.SharedPreferencesImpl.access$100(SharedPreferencesImpl.java:52)
D/StrictMode( 1149): 	at android.app.SharedPreferencesImpl$EditorImpl.commit(SharedPreferencesImpl.java:454)
D/StrictMode( 1149): 	at com.kaka010.taotao010.Config.set(Config.java:73)
D/StrictMode( 1149): 	at com.kaka010.taotao010.CoreService.onCreate(CoreService.java:101)
D/StrictMode( 1149): 	at android.app.ActivityThread.handleCreateService(ActivityThread.java:2558)
D/StrictMode( 1149): 	at android.app.ActivityThread.access$1800(ActivityThread.java:135)
D/StrictMode( 1149): 	at android.app.ActivityThread$H.handleMessage(ActivityThread.java:1278)
D/StrictMode( 1149): 	at android.os.Handler.dispatchMessage(Handler.java:102)
D/StrictMode( 1149): 	at android.os.Looper.loop(Looper.java:136)
D/StrictMode( 1149): 	at android.app.ActivityThread.main(ActivityThread.java:5001)
D/StrictMode( 1149): 	at java.lang.reflect.Method.invokeNative(Native Method)
D/StrictMode( 1149): 	at java.lang.reflect.Method.invoke(Method.java:515)
D/StrictMode( 1149): 	at com.android.internal.os.ZygoteInit$MethodAndArgsCaller.run(ZygoteInit.java:785)
D/StrictMode( 1149): 	at com.android.internal.os.ZygoteInit.main(ZygoteInit.java:601)
D/StrictMode( 1149): 	at dalvik.system.NativeStart.main(Native Method)
D/StrictMode( 1149): StrictMode policy violation; ~duration=66 ms: android.os.StrictMode$StrictModeDiskWriteViolation: policy=23 violation=1
D/StrictMode( 1149): 	at android.os.StrictMode$AndroidBlockGuardPolicy.onWriteToDisk(StrictMode.java:1109)
D/StrictMode( 1149): 	at libcore.io.BlockGuardOs.fsync(BlockGuardOs.java:96)
D/StrictMode( 1149): 	at java.io.FileDescriptor.sync(FileDescriptor.java:74)
D/StrictMode( 1149): 	at android.os.FileUtils.sync(FileUtils.java:154)
D/StrictMode( 1149): 	at android.app.SharedPreferencesImpl.writeToFile(SharedPreferencesImpl.java:597)
D/StrictMode( 1149): 	at android.app.SharedPreferencesImpl.access$800(SharedPreferencesImpl.java:52)
D/StrictMode( 1149): 	at android.app.SharedPreferencesImpl$2.run(SharedPreferencesImpl.java:511)
D/StrictMode( 1149): 	at android.app.SharedPreferencesImpl.enqueueDiskWrite(SharedPreferencesImpl.java:532)
D/StrictMode( 1149): 	at android.app.SharedPreferencesImpl.access$100(SharedPreferencesImpl.java:52)
D/StrictMode( 1149): 	at android.app.SharedPreferencesImpl$EditorImpl.commit(SharedPreferencesImpl.java:454)
D/StrictMode( 1149): 	at com.kaka010.taotao010.Config.set(Config.java:73)
D/StrictMode( 1149): 	at com.kaka010.taotao010.CoreService.onCreate(CoreService.java:101)
D/StrictMode( 1149): 	at android.app.ActivityThread.handleCreateService(ActivityThread.java:2558)
D/StrictMode( 1149): 	at android.app.ActivityThread.access$1800(ActivityThread.java:135)
D/StrictMode( 1149): 	at android.app.ActivityThread$H.handleMessage(ActivityThread.java:1278)
D/StrictMode( 1149): 	at android.os.Handler.dispatchMessage(Handler.java:102)
D/StrictMode( 1149): 	at android.os.Looper.loop(Looper.java:136)
D/StrictMode( 1149): 	at android.app.ActivityThread.main(ActivityThread.java:5001)
D/StrictMode( 1149): 	at java.lang.reflect.Method.invokeNative(Native Method)
D/StrictMode( 1149): 	at java.lang.reflect.Method.invoke(Method.java:515)
D/StrictMode( 1149): 	at com.android.internal.os.ZygoteInit$MethodAndArgsCaller.run(ZygoteInit.java:785)
D/StrictMode( 1149): 	at com.android.internal.os.ZygoteInit.main(ZygoteInit.java:601)
D/StrictMode( 1149): 	at dalvik.system.NativeStart.main(Native Method)
D/StrictMode( 1149): StrictMode policy violation; ~duration=59 ms: android.os.StrictMode$StrictModeDiskReadViolation: policy=23 violation=2
D/StrictMode( 1149): 	at android.os.StrictMode$AndroidBlockGuardPolicy.onReadFromDisk(StrictMode.java:1135)
D/StrictMode( 1149): 	at libcore.io.BlockGuardOs.open(BlockGuardOs.java:106)
D/StrictMode( 1149): 	at libcore.io.IoBridge.open(IoBridge.java:393)
D/StrictMode( 1149): 	at java.io.FileOutputStream.<init>(FileOutputStream.java:88)
D/StrictMode( 1149): 	at java.io.FileOutputStream.<init>(FileOutputStream.java:73)
D/StrictMode( 1149): 	at android.app.SharedPreferencesImpl.createFileOutputStream(SharedPreferencesImpl.java:543)
D/StrictMode( 1149): 	at android.app.SharedPreferencesImpl.writeToFile(SharedPreferencesImpl.java:591)
D/StrictMode( 1149): 	at android.app.SharedPreferencesImpl.access$800(SharedPreferencesImpl.java:52)
D/StrictMode( 1149): 	at android.app.SharedPreferencesImpl$2.run(SharedPreferencesImpl.java:511)
D/StrictMode( 1149): 	at android.app.SharedPreferencesImpl.enqueueDiskWrite(SharedPreferencesImpl.java:532)
D/StrictMode( 1149): 	at android.app.SharedPreferencesImpl.access$100(SharedPreferencesImpl.java:52)
D/StrictMode( 1149): 	at android.app.SharedPreferencesImpl$EditorImpl.commit(SharedPreferencesImpl.java:454)
D/StrictMode( 1149): 	at com.kaka010.taotao010.Config.set(Config.java:73)
D/StrictMode( 1149): 	at com.kaka010.taotao010.CoreService.onCreate(CoreService.java:104)
D/StrictMode( 1149): 	at android.app.ActivityThread.handleCreateService(ActivityThread.java:2558)
D/StrictMode( 1149): 	at android.app.ActivityThread.access$1800(ActivityThread.java:135)
D/StrictMode( 1149): 	at android.app.ActivityThread$H.handleMessage(ActivityThread.java:1278)
D/StrictMode( 1149): 	at android.os.Handler.dispatchMessage(Handler.java:102)
D/StrictMode( 1149): 	at android.os.Looper.loop(Looper.java:136)
D/StrictMode( 1149): 	at android.app.ActivityThread.main(ActivityThread.java:5001)
D/StrictMode( 1149): 	at java.lang.reflect.Method.invokeNative(Native Method)
D/StrictMode( 1149): 	at java.lang.reflect.Method.invoke(Method.java:515)
D/StrictMode( 1149): 	at com.android.internal.os.ZygoteInit$MethodAndArgsCaller.run(ZygoteInit.java:785)
D/StrictMode( 1149): 	at com.android.internal.os.ZygoteInit.main(ZygoteInit.java:601)
D/StrictMode( 1149): 	at dalvik.system.NativeStart.main(Native Method)
D/StrictMode( 1149): StrictMode policy violation; ~duration=42 ms: android.os.StrictMode$StrictModeDiskWriteViolation: policy=23 violation=1
D/StrictMode( 1149): 	at android.os.StrictMode$AndroidBlockGuardPolicy.onWriteToDisk(StrictMode.java:1109)
D/StrictMode( 1149): 	at libcore.io.BlockGuardOs.write(BlockGuardOs.java:196)
D/StrictMode( 1149): 	at libcore.io.IoBridge.write(IoBridge.java:450)
D/StrictMode( 1149): 	at java.io.FileOutputStream.write(FileOutputStream.java:187)
D/StrictMode( 1149): 	at com.android.internal.util.FastXmlSerializer.flushBytes(FastXmlSerializer.java:232)
D/StrictMode( 1149): 	at com.android.internal.util.FastXmlSerializer.flush(FastXmlSerializer.java:253)
D/StrictMode( 1149): 	at com.android.internal.util.FastXmlSerializer.endDocument(FastXmlSerializer.java:198)
D/StrictMode( 1149): 	at com.android.internal.util.XmlUtils.writeMapXml(XmlUtils.java:182)
D/StrictMode( 1149): 	at android.app.SharedPreferencesImpl.writeToFile(SharedPreferencesImpl.java:596)
D/StrictMode( 1149): 	at android.app.SharedPreferencesImpl.access$800(SharedPreferencesImpl.java:52)
D/StrictMode( 1149): 	at android.app.SharedPreferencesImpl$2.run(SharedPreferencesImpl.java:511)
D/StrictMode( 1149): 	at android.app.SharedPreferencesImpl.enqueueDiskWrite(SharedPreferencesImpl.java:532)
D/StrictMode( 1149): 	at android.app.SharedPreferencesImpl.access$100(SharedPreferencesImpl.java:52)
D/StrictMode( 1149): 	at android.app.SharedPreferencesImpl$EditorImpl.commit(SharedPreferencesImpl.java:454)
D/StrictMode( 1149): 	at com.kaka010.taotao010.Config.set(Config.java:73)
D/StrictMode( 1149): 	at com.kaka010.taotao010.CoreService.onCreate(CoreService.java:104)
D/StrictMode( 1149): 	at android.app.ActivityThread.handleCreateService(ActivityThread.java:2558)
D/StrictMode( 1149): 	at android.app.ActivityThread.access$1800(ActivityThread.java:135)
D/StrictMode( 1149): 	at android.app.ActivityThread$H.handleMessage(ActivityThread.java:1278)
D/StrictMode( 1149): 	at android.os.Handler.dispatchMessage(Handler.java:102)
D/StrictMode( 1149): 	at android.os.Looper.loop(Looper.java:136)
D/StrictMode( 1149): 	at android.app.ActivityThread.main(ActivityThread.java:5001)
D/StrictMode( 1149): 	at java.lang.reflect.Method.invokeNative(Native Method)
D/StrictMode( 1149): 	at java.lang.reflect.Method.invoke(Method.java:515)
D/StrictMode( 1149): 	at com.android.internal.os.ZygoteInit$MethodAndArgsCaller.run(ZygoteInit.java:785)
D/StrictMode( 1149): 	at com.android.internal.os.ZygoteInit.main(ZygoteInit.java:601)
D/StrictMode( 1149): 	at dalvik.system.NativeStart.main(Native Method)
D/StrictMode( 1149): StrictMode policy violation; ~duration=38 ms: android.os.StrictMode$StrictModeDiskWriteViolation: policy=23 violation=1
D/StrictMode( 1149): 	at android.os.StrictMode$AndroidBlockGuardPolicy.onWriteToDisk(StrictMode.java:1109)
D/StrictMode( 1149): 	at libcore.io.BlockGuardOs.fsync(BlockGuardOs.java:96)
D/StrictMode( 1149): 	at java.io.FileDescriptor.sync(FileDescriptor.java:74)
D/StrictMode( 1149): 	at android.os.FileUtils.sync(FileUtils.java:154)
D/StrictMode( 1149): 	at android.app.SharedPreferencesImpl.writeToFile(SharedPreferencesImpl.java:597)
D/StrictMode( 1149): 	at android.app.SharedPreferencesImpl.access$800(SharedPreferencesImpl.java:52)
D/StrictMode( 1149): 	at android.app.SharedPreferencesImpl$2.run(SharedPreferencesImpl.java:511)
D/StrictMode( 1149): 	at android.app.SharedPreferencesImpl.enqueueDiskWrite(SharedPreferencesImpl.java:532)
D/StrictMode( 1149): 	at android.app.SharedPreferencesImpl.access$100(SharedPreferencesImpl.java:52)
D/StrictMode( 1149): 	at android.app.SharedPreferencesImpl$EditorImpl.commit(SharedPreferencesImpl.java:454)
D/StrictMode( 1149): 	at com.kaka010.taotao010.Config.set(Config.java:73)
D/StrictMode( 1149): 	at com.kaka010.taotao010.CoreService.onCreate(CoreService.java:104)
D/StrictMode( 1149): 	at android.app.ActivityThread.handleCreateService(ActivityThread.java:2558)
