I/PackageManager(  342): /system/app/NetSpeed.apk changed; collecting certs
I/PackageManager(  342): /system/app/OpenWnn.apk changed; collecting certs
D/dalvikvm(  342): GC_CONCURRENT freed 374K, 66% free 4326K/12720K, paused 15ms+5ms, total 55ms
D/dalvikvm(  342): WAIT_FOR_CONCURRENT_GC blocked 24ms
D/dalvikvm(  342): GC_CONCURRENT freed 656K, 68% free 4181K/12720K, paused 5ms+5ms, total 65ms
D/dalvikvm(  342): WAIT_FOR_CONCURRENT_GC blocked 20ms
D/dalvikvm(  342): GC_CONCURRENT freed 201K, 65% free 4492K/12720K, paused 5ms+3ms, total 74ms
D/dalvikvm(  342): WAIT_FOR_CONCURRENT_GC blocked 13ms
I/PackageManager(  342): /system/app/PacProcessor.apk changed; collecting certs
I/PackageManager(  342): /system/app/PackageInstaller.apk changed; collecting certs
D/dalvikvm(  342): GC_CONCURRENT freed 408K, 64% free 4595K/12720K, paused 5ms+39ms, total 137ms
D/dalvikvm(  342): WAIT_FOR_CONCURRENT_GC blocked 8ms
I/PackageManager(  342): /system/app/PicoTts.apk changed; collecting certs
I/PackageManager(  342): /system/app/PinyinIME.apk changed; collecting certs
D/dalvikvm(  342): GC_CONCURRENT freed 990K, 68% free 4116K/12720K, paused 5ms+8ms, total 76ms
D/dalvikvm(  342): WAIT_FOR_CONCURRENT_GC blocked 12ms
I/PackageManager(  342): /system/app/PrintSpooler.apk changed; collecting certs
I/PackageManager(  342): /system/app/Protips.apk changed; collecting certs
D/dalvikvm(  342): GC_CONCURRENT freed 438K, 68% free 4166K/12720K, paused 5ms+14ms, total 81ms
I/PackageManager(  342): /system/app/QuickSearchBox.apk changed; collecting certs
D/dalvikvm(  342): GC_CONCURRENT freed 470K, 67% free 4208K/12720K, paused 13ms+4ms, total 56ms
D/dalvikvm(  342): WAIT_FOR_CONCURRENT_GC blocked 24ms
I/PackageManager(  342): /system/app/SdkSetup.apk changed; collecting certs
D/dalvikvm(  342): GC_CONCURRENT freed 415K, 66% free 4334K/12720K, paused 5ms+5ms, total 104ms
I/PackageManager(  342): /system/app/SoundRecorder.apk changed; collecting certs
I/PackageManager(  342): /system/app/SpeechRecorder.apk changed; collecting certs
I/PackageManager(  342): /system/app/TelephonyProvider.apk changed; collecting certs
I/PackageManager(  342): /system/app/UserDictionaryProvider.apk changed; collecting certs
D/dalvikvm(  342): GC_CONCURRENT freed 436K, 65% free 4453K/12720K, paused 15ms+6ms, total 103ms
D/PackageManager(  342): No files in app dir /vendor/app
I/PackageManager(  342): /data/app/ApiDemos.apk changed; collecting certs
D/dalvikvm(  342): GC_CONCURRENT freed 591K, 66% free 4378K/12720K, paused 5ms+6ms, total 93ms
D/dalvikvm(  342): WAIT_FOR_CONCURRENT_GC blocked 9ms
D/dalvikvm(  342): GC_FOR_ALLOC freed 392K, 65% free 4494K/12720K, paused 34ms, total 34ms
D/dalvikvm(  342): GC_CONCURRENT freed 76K, 64% free 4677K/12720K, paused 5ms+7ms, total 104ms
D/dalvikvm(  342): GC_CONCURRENT freed 361K, 63% free 4780K/12720K, paused 5ms+11ms, total 79ms
D/dalvikvm(  342): GC_CONCURRENT freed 485K, 63% free 4815K/12720K, paused 14ms+3ms, total 72ms
D/dalvikvm(  342): WAIT_FOR_CONCURRENT_GC blocked 32ms
D/dalvikvm(  342): GC_CONCURRENT freed 516K, 63% free 4827K/12720K, paused 4ms+3ms, total 129ms
D/dalvikvm(  342): WAIT_FOR_CONCURRENT_GC blocked 45ms
D/dalvikvm(  342): GC_CONCURRENT freed 532K, 63% free 4822K/12720K, paused 15ms+4ms, total 73ms
D/dalvikvm(  342): WAIT_FOR_CONCURRENT_GC blocked 32ms
D/dalvikvm(  342): GC_CONCURRENT freed 515K, 62% free 4835K/12720K, paused 5ms+3ms, total 68ms
D/dalvikvm(  342): WAIT_FOR_CONCURRENT_GC blocked 28ms
D/dalvikvm(  342): GC_CONCURRENT freed 536K, 62% free 4833K/12720K, paused 5ms+4ms, total 69ms
D/dalvikvm(  342): WAIT_FOR_CONCURRENT_GC blocked 28ms
D/dalvikvm(  342): GC_CONCURRENT freed 521K, 62% free 4844K/12720K, paused 4ms+4ms, total 71ms
D/dalvikvm(  342): WAIT_FOR_CONCURRENT_GC blocked 30ms
D/dalvikvm(  342): GC_CONCURRENT freed 529K, 62% free 4847K/12720K, paused 15ms+3ms, total 70ms
D/dalvikvm(  342): WAIT_FOR_CONCURRENT_GC blocked 33ms
D/dalvikvm(  342): GC_CONCURRENT freed 529K, 62% free 4850K/12720K, paused 14ms+3ms, total 70ms
D/dalvikvm(  342): WAIT_FOR_CONCURRENT_GC blocked 33ms
D/dalvikvm(  342): GC_CONCURRENT freed 531K, 62% free 4854K/12720K, paused 13ms+4ms, total 71ms
D/dalvikvm(  342): WAIT_FOR_CONCURRENT_GC blocked 33ms
D/dalvikvm(  342): GC_CONCURRENT freed 530K, 62% free 4863K/12720K, paused 15ms+3ms, total 112ms
I/PackageManager(  342): /data/app/CubeLiveWallpapers.apk changed; collecting certs
D/dalvikvm(  342): GC_CONCURRENT freed 463K, 62% free 4941K/12720K, paused 5ms+8ms, total 78ms
D/dalvikvm(  342): WAIT_FOR_CONCURRENT_GC blocked 19ms
I/PackageManager(  342): /data/app/GestureBuilder.apk changed; collecting certs
I/PackageManager(  342): /data/app/SmokeTest.apk changed; collecting certs
D/dalvikvm(  342): GC_CONCURRENT freed 1134K, 66% free 4367K/12720K, paused 15ms+4ms, total 83ms
D/dalvikvm(  342): WAIT_FOR_CONCURRENT_GC blocked 21ms
I/PackageManager(  342): /data/app/SmokeTestApp.apk changed; collecting certs
I/PackageManager(  342): /data/app/SoftKeyboard.apk changed; collecting certs
D/dalvikvm(  342): GC_CONCURRENT freed 507K, 66% free 4365K/12720K, paused 4ms+4ms, total 66ms
D/dalvikvm(  342): WAIT_FOR_CONCURRENT_GC blocked 27ms
I/PackageManager(  342): /data/app/WidgetPreview.apk changed; collecting certs
D/dalvikvm(  342): GC_CONCURRENT freed 451K, 66% free 4374K/12720K, paused 5ms+5ms, total 84ms
--------- beginning of /dev/log/system
W/PackageManager(  342): Unknown permission com.google.android.googleapps.permission.GOOGLE_AUTH.ALL_SERVICES in package com.android.development
W/PackageManager(  342): Unknown permission com.google.android.googleapps.permission.GOOGLE_AUTH.YouTubeUser in package com.android.development
W/PackageManager(  342): Not granting permission android.permission.DELETE_PACKAGES to package com.svox.pico (protectionLevel=18 flags=0x8be45)
W/PackageManager(  342): Not granting permission android.permission.DEVICE_POWER to package com.android.deskclock (protectionLevel=2 flags=0x48be45)
D/dalvikvm(  342): GC_EXPLICIT freed 376K, 67% free 4304K/12720K, paused 3ms+4ms, total 54ms
I/SystemServer(  342): Entropy Mixer
W/EntropyMixer(  342): No existing entropy file -- first boot?
I/EntropyMixer(  342): Writing entropy...
I/SystemServer(  342): User Service
I/SystemServer(  342): Account Manager
I/SystemServer(  342): Content Manager
I/SystemServer(  342): System Content Providers
I/SyncManager(  342): No initial accounts
I/SyncManager(  342): No initial status
W/SyncManagerFile(  342): Error reading pending data.
W/SyncManagerFile(  342): java.io.FileNotFoundException: /data/system/sync/pending.xml: open failed: ENOENT (No such file or directory)
W/SyncManagerFile(  342): 	at libcore.io.IoBridge.open(IoBridge.java:409)
W/SyncManagerFile(  342): 	at java.io.FileInputStream.<init>(FileInputStream.java:78)
W/SyncManagerFile(  342): 	at android.util.AtomicFile.openRead(AtomicFile.java:199)
W/SyncManagerFile(  342): 	at com.android.server.content.SyncStorageEngine.readPendingOperationsLocked(SyncStorageEngine.java:2286)
W/SyncManagerFile(  342): 	at com.android.server.content.SyncStorageEngine.<init>(SyncStorageEngine.java:434)
W/SyncManagerFile(  342): 	at com.android.server.content.SyncStorageEngine.init(SyncStorageEngine.java:454)
W/SyncManagerFile(  342): 	at com.android.server.content.SyncManager.<init>(SyncManager.java:383)
W/SyncManagerFile(  342): 	at com.android.server.content.ContentService.getSyncManager(ContentService.java:75)
W/SyncManagerFile(  342): 	at com.android.server.content.ContentService.notifyChange(ContentService.java:283)
W/SyncManagerFile(  342): 	at android.content.ContentResolver.notifyChange(ContentResolver.java:1621)
W/SyncManagerFile(  342): 	at com.android.providers.settings.SettingsProvider.sendNotify(SettingsProvider.java:262)
W/SyncManagerFile(  342): 	at com.android.providers.settings.SettingsProvider.insertForUser(SettingsProvider.java:941)
W/SyncManagerFile(  342): 	at com.android.providers.settings.SettingsProvider.ensureAndroidIdIsSet(SettingsProvider.java:496)
W/SyncManagerFile(  342): 	at com.android.providers.settings.SettingsProvider.establishDbTracking(SettingsProvider.java:409)
W/SyncManagerFile(  342): 	at com.android.providers.settings.SettingsProvider.onCreate(SettingsProvider.java:335)
W/SyncManagerFile(  342): 	at android.content.ContentProvider.attachInfo(ContentProvider.java:1591)
W/SyncManagerFile(  342): 	at android.content.ContentProvider.attachInfo(ContentProvider.java:1562)
W/SyncManagerFile(  342): 	at android.app.ActivityThread.installProvider(ActivityThread.java:4774)
W/SyncManagerFile(  342): 	at android.app.ActivityThread.installContentProviders(ActivityThread.java:4369)
W/SyncManagerFile(  342): 	at android.app.ActivityThread.installSystemProviders(ActivityThread.java:4929)
W/SyncManagerFile(  342): 	at com.android.server.am.ActivityManagerService.installSystemProviders(ActivityManagerService.java:8081)
W/SyncManagerFile(  342): 	at com.android.server.ServerThread.initAndLoop(SystemServer.java:275)
W/SyncManagerFile(  342): 	at com.android.server.SystemServer.main(SystemServer.java:1179)
W/SyncManagerFile(  342): 	at java.lang.reflect.Method.invokeNative(Native Method)
W/SyncManagerFile(  342): 	at java.lang.reflect.Method.invoke(Method.java:515)
W/SyncManagerFile(  342): 	at com.android.internal.os.ZygoteInit$MethodAndArgsCaller.run(ZygoteInit.java:785)
W/SyncManagerFile(  342): 	at com.android.internal.os.ZygoteInit.main(ZygoteInit.java:601)
W/SyncManagerFile(  342): 	at dalvik.system.NativeStart.main(Native Method)
W/SyncManagerFile(  342): Caused by: libcore.io.ErrnoException: open failed: ENOENT (No such file or directory)
W/SyncManagerFile(  342): 	at libcore.io.Posix.open(Native Method)
W/SyncManagerFile(  342): 	at libcore.io.BlockGuardOs.open(BlockGuardOs.java:110)
W/SyncManagerFile(  342): 	at libcore.io.IoBridge.open(IoBridge.java:393)
W/SyncManagerFile(  342): 	... 27 more
I/SyncManager(  342): No initial statistics
D/SettingsProvider(  342): Generated and saved new ANDROID_ID [84da9650504c0d26] for user 0
I/SystemServer(  342): Lights Service
I/SystemServer(  342): Battery Service
E/ConsumerIrService(  342): Can't open consumer IR HW Module, error: -2
W/libsuspend(  342): Error writing 'on' to /sys/power/state: Invalid argument
I/SystemServer(  342): Vibrator Service
I/SystemServer(  342): Consumer IR Service
E/libsuspend(  342): Error opening /sys/power/autosleep: No such file or directory
I/libsuspend(  342): Selected wakeup count
D/PermissionCache(   57): checking android.permission.ACCESS_SURFACE_FLINGER for uid=1000 => granted (2569 us)
D/SurfaceFlinger(   57): Screen acquired, type=0 flinger=0xb8b55450
D/SurfaceFlinger(   57):  screen was previously acquired
I/SystemServer(  342): Alarm Manager
I/SystemServer(  342): Init Watchdog
I/SystemServer(  342): Input Manager
I/InputManager(  342): Initializing input manager, mUseDevInputEventForAudioJack=false
I/SystemServer(  342): Window Manager
I/WindowManager(  342): No existing display settings /data/system/display_settings.xml; starting empty
D/dalvikvm(  342): GC_CONCURRENT freed 291K, 65% free 4529K/12720K, paused 5ms+4ms, total 156ms
I/WindowManager(  342): No keyguard interface!
I/InputManager(  342): Starting input manager
I/SystemServer(  342): No Bluetooh Service (emulator)
I/SystemServer(  342): Input Method Service
E/EventHub(  342): could not get driver version for /dev/input/mouse0, Not a typewriter
W/EventHub(  342): Unable to disable kernel key repeat for /dev/input/event0: Function not implemented
I/EventHub(  342): New device: id=1, fd=93, path='/dev/input/event0', name='qwerty2', classes=0x2d, configuration='/system/usr/idc/qwerty2.idc', keyLayout='/system/usr/keylayout/qwerty.kl', keyCharacterMap='/system/usr/keychars/qwerty2.kcm', builtinKeyboard=true, usingSuspendBlockIoctl=true, usingClockIoctl=true
E/EventHub(  342): could not get driver version for /dev/input/mice, Not a typewriter
I/InputReader(  342): Device added: id=-1, name='Virtual', sources=0x00000301
I/InputReader(  342):   Touch device 'qwerty2' could not query the properties of its associated display.  The device will be inoperable until the display size becomes available.
I/InputReader(  342): Device added: id=0, name='qwerty2', sources=0x00011307
W/InputMethodManagerService(  342): No IME selected. Choose the most applicable IME.
I/InputMethodManagerService(  342): No default found, using com.android.inputmethod.latin/.LatinIME
I/SystemServer(  342): Accessibility Manager
D/SettingsProvider(  342): User 0 external modification to /data/data/com.android.providers.settings/databases/settings.db; event=2
D/SettingsProvider(  342): User 0 updating our caches for /data/data/com.android.providers.settings/databases/settings.db
I/ActivityManager(  342): Config changes=1df8 {1.0 ?mcc?mnc en_US ldltr sw480dp w480dp h864dp 160dpi lrg long port ?uimode ?night -touch -keyb/h/h tball/v s.2}
I/InputReader(  342): Reconfiguring input devices.  changes=0x00000004
I/InputReader(  342): Device reconfigured: id=0, name='qwerty2', size 480x864, orientation 0, mode 1, display id 0
I/InputReader(  342): Reconfiguring input devices.  changes=0x00000004
I/ActivityManager(  342): Config changes=408 {1.0 ?mcc?mnc en_US ldltr sw480dp w480dp h839dp 160dpi lrg long port ?uimode ?night finger -keyb/h/h tball/v s.3}
I/SystemServer(  342): Mount Service
D/SettingsProvider(  342): User 0 external modification to /data/data/com.android.providers.settings/databases/settings.db; event=2
D/SettingsProvider(  342): User 0 updating our caches for /data/data/com.android.providers.settings/databases/settings.db
D/MountService(  342): got storage path: /storage/sdcard description: USB storage primary: true removable: false emulated: false mtpReserve: 0 allowMassStorage: false maxFileSize: 0
D/MountService(  342): addVolumeLocked() StorageVolume:
D/MountService(  342):     mStorageId=0 mPath=/storage/sdcard mDescriptionId=17040665 mPrimary=true 
D/MountService(  342):     mRemovable=false mEmulated=false mMtpReserveSpace=0 
D/MountService(  342):     mAllowMassStorage=false mMaxFileSize=0 mOwner=null mUuid=null 
D/MountService(  342):     mUserLabel=null mState=null 
I/SystemServer(  342): LockSettingsService
I/SystemServer(  342): Device Policy
I/SystemServer(  342): Status Bar
I/SystemServer(  342): Clipboard Service
I/SystemServer(  342): NetworkManagement Service
I/SystemServer(  342): Text Service Manager Service
W/MountService(  342): Duplicate state transition (unmounted -> unmounted) for /storage/sdcard
W/MountService(  342): getSecureContainerList() called when storage not mounted
I/PackageManager(  342): No secure containers on sdcard
W/PackageManager(  342): Not granting permission android.permission.GLOBAL_SEARCH to package com.android.quicksearchbox (protectionLevel=18 flags=0x8be45)
I/SystemServer(  342): NetworkStats Service
I/SystemServer(  342): NetworkPolicy Service
I/SystemServer(  342): Wi-Fi P2pService
W/PackageManager(  342): Unknown permission com.android.smspush.WAPPUSH_MANAGER_BIND in package com.android.phone
W/PackageManager(  342): Unknown permission com.google.android.googleapps.permission.GOOGLE_AUTH in package com.android.providers.calendar
W/PackageManager(  342): Unknown permission com.google.android.googleapps.permission.GOOGLE_AUTH.cl in package com.android.providers.calendar
W/PackageManager(  342): Unknown permission com.google.android.googleapps.permission.GOOGLE_AUTH.mail in package com.android.calendar
W/PackageManager(  342): Not granting permission android.permission.ACCESS_DOWNLOAD_MANAGER to package com.android.browser (protectionLevel=18 flags=0x9be45)
W/PackageManager(  342): Not granting permission android.permission.SEND_DOWNLOAD_COMPLETED_INTENTS to package com.android.browser (protectionLevel=2 flags=0x9be45)
W/PackageManager(  342): Not granting permission android.permission.BIND_APPWIDGET to package com.android.widgetpreview (protectionLevel=18 flags=0x8be44)
W/PackageManager(  342): Unknown permission android.permission.INSTALL_DRM in package com.android.mms
D/dalvikvm(  342): GC_CONCURRENT freed 318K, 64% free 4623K/12720K, paused 22ms+6ms, total 93ms
W/PackageManager(  342): Unknown permission com.google.android.googleapps.permission.GOOGLE_AUTH in package com.android.settings
W/PackageManager(  342): Unknown permission com.google.android.googleapps.permission.ACCESS_GOOGLE_PASSWORD in package com.android.development
W/PackageManager(  342): Unknown permission com.google.android.googleapps.permission.GOOGLE_AUTH in package com.android.development
W/PackageManager(  342): Unknown permission com.google.android.googleapps.permission.GOOGLE_AUTH.ALL_SERVICES in package com.android.development
W/PackageManager(  342): Unknown permission com.google.android.googleapps.permission.GOOGLE_AUTH.YouTubeUser in package com.android.development
W/PackageManager(  342): Not granting permission android.permission.DELETE_PACKAGES to package com.svox.pico (protectionLevel=18 flags=0x8be45)
W/PackageManager(  342): Not granting permission android.permission.DEVICE_POWER to package com.android.deskclock (protectionLevel=2 flags=0x48be45)
I/SystemServer(  342): Wi-Fi Service
D/WifiController(  342): isAirplaneModeOn = false, isWifiEnabled = false, isScanningAvailable = false
I/SystemServer(  342): Connectivity Service
D/ConnectivityService(  342): ConnectivityService starting up
D/ConnectivityService(  342): wifiOnly=false
E/MobileDataStateTracker(  342): default: Ignoring feature request because could not acquire PhoneService
E/MobileDataStateTracker(  342): default: Could not enable APN type "default"
I/WifiService(  342): WifiService starting up with Wi-Fi disabled
I/SystemServer(  342): Network Service Discovery Service
D/NsdService(  342): Network service discovery enabled true
I/SystemServer(  342): UpdateLock Service
I/SystemServer(  342): Notification Manager
I/SystemServer(  342): Device Storage Monitor
I/SystemServer(  342): Location Manager
I/SystemServer(  342): Country Detector
I/SystemServer(  342): Search Service
I/SystemServer(  342): DropBox Service
I/SystemServer(  342): Wallpaper Service
D/dalvikvm(  342): GC_CONCURRENT freed 305K, 63% free 4784K/12720K, paused 6ms+25ms, total 136ms
W/WallpaperService(  342): no current wallpaper -- first boot?
I/SystemServer(  342): Audio Service
I/SystemServer(  342): Dock Observer
W/DockObserver(  342): This kernel does not have dock station support
I/SystemServer(  342): Wired Accessory Manager
W/WiredAccessoryManager(  342): This kernel does not have wired headset support
W/WiredAccessoryManager(  342): This kernel does not have usb audio support
W/WiredAccessoryManager(  342): This kernel does not have HDMI audio support
I/SystemServer(  342): USB Service
I/SystemServer(  342): Serial Service
I/SystemServer(  342): Twilight Service
I/SystemServer(  342): UI Mode Manager Service
I/SystemServer(  342): Backup Service
V/BackupManagerService(  342): Initializing package tracking
V/BackupManagerService(  342): No ancestral data
V/BackupManagerService(  342): addPackageParticipantsLocked: all
I/BackupManagerService(  342): Scheduling backup for new app com.android.calendar
D/BackupManagerService(  342): Now staging backup of com.android.calendar
I/BackupManagerService(  342): Scheduling backup for new app com.android.browser
D/BackupManagerService(  342): Now staging backup of com.android.browser
I/BackupManagerService(  342): Scheduling backup for new app com.android.providers.userdictionary
D/BackupManagerService(  342): Now staging backup of com.android.providers.userdictionary
I/BackupManagerService(  342): Scheduling backup for new app com.android.sharedstoragebackup
D/BackupManagerService(  342): Now staging backup of com.android.sharedstoragebackup
I/BackupManagerService(  342): Scheduling backup for new app android
D/BackupManagerService(  342): Now staging backup of android
I/BackupManagerService(  342): Scheduling backup for new app com.android.dialer
D/BackupManagerService(  342): Now staging backup of com.android.dialer
I/BackupManagerService(  342): Scheduling backup for new app com.android.providers.settings
D/BackupManagerService(  342): Now staging backup of com.android.providers.settings
V/BackupManagerService(  342): Starting with transport android/com.android.internal.backup.LocalTransport
V/BackupManagerService(  342): Found transports: 1
I/BackupManagerService(  342): Binding to transport host ComponentInfo{android/com.android.internal.backup.LocalTransportService}
I/BackupManagerService(  342): Backup enabled => true
I/SystemServer(  342): AppWidget Service
I/SystemServer(  342): Recognition Service
I/SystemServer(  342): DiskStats Service
I/SystemServer(  342): SamplingProfiler Service
I/SystemServer(  342): NetworkTimeUpdateService
I/SystemServer(  342): CommonTimeManagementService
I/SystemServer(  342): CertBlacklister
I/SystemServer(  342): Dreams Service
I/SystemServer(  342): Assets Atlas Service
I/SystemServer(  342): IdleMaintenanceService
I/SystemServer(  342): Print Service
I/SystemServer(  342): Media Router Service
D/Atlas   (  342): Computing best atlas configuration...
D/Atlas   (  342): Running Thread-50
I/WindowManager(  342): SAFE MODE not enabled
D/Atlas   (  342): Found best atlas configuration in 0.12s
D/Atlas   (  342): Loaded configuration: SliceMinArea (768x768) flags=0x2 count=24
D/gralloc_goldfish(  342): Emulator without GPU emulation detected.
E/SQLiteLog(  342): (1) no such table: locksettings
I/LockSettingsService(  342): Migrated lock settings to new location
D/dalvikvm(  342): GC_CONCURRENT freed 330K, 62% free 4957K/12720K, paused 26ms+4ms, total 188ms
W/AssetAtlasService(  342): Could not find EGL configuration
D/Atlas   (  342): Rendered atlas in 9.45ms (6.40+3.05ms)
I/LockSettingsService(  342): Migrated per-user lock settings to new location
I/Zygote  (  342): Process: zygote socket opened
V/KeyguardServiceDelegate(  342): *** Keyguard started
V/KeyguardServiceDelegate(  342): onSystemReady() called before keyguard service was ready
I/ActivityManager(  342): Start proc com.android.systemui for service com.android.keyguard/.KeyguardService: pid=450 uid=10007 gids={50007, 1028, 1015, 1035, 3002, 3001}
F/SystemServer(  342): BOOT FAILURE making Package Manager Service ready
F/SystemServer(  342): java.lang.SecurityException: Unable to find app for caller android.app.ActivityThread$ApplicationThread@b2dfd608 (pid=342) when registering receiver android.app.LoadedApk$ReceiverDispatcher$InnerReceiver@b3285730
F/SystemServer(  342): 	at com.android.server.am.ActivityManagerService.registerReceiver(ActivityManagerService.java:13021)
F/SystemServer(  342): 	at android.app.ContextImpl.registerReceiverInternal(ContextImpl.java:1450)
F/SystemServer(  342): 	at android.app.ContextImpl.registerReceiverAsUser(ContextImpl.java:1425)
F/SystemServer(  342): 	at com.android.internal.content.PackageMonitor.register(PackageMonitor.java:84)
F/SystemServer(  342): 	at com.android.server.pm.UserManagerService.systemReady(UserManagerService.java:237)
F/SystemServer(  342): 	at com.android.server.pm.PackageManagerService.systemReady(PackageManagerService.java:10476)
F/SystemServer(  342): 	at com.android.server.ServerThread.initAndLoop(SystemServer.java:893)
F/SystemServer(  342): 	at com.android.server.SystemServer.main(SystemServer.java:1179)
F/SystemServer(  342): 	at java.lang.reflect.Method.invokeNative(Native Method)
F/SystemServer(  342): 	at java.lang.reflect.Method.invoke(Method.java:515)
F/SystemServer(  342): 	at com.android.internal.os.ZygoteInit$MethodAndArgsCaller.run(ZygoteInit.java:785)
F/SystemServer(  342): 	at com.android.internal.os.ZygoteInit.main(ZygoteInit.java:601)
F/SystemServer(  342): 	at dalvik.system.NativeStart.main(Native Method)
W/SystemServer(  342): ***********************************************
I/ActivityManager(  342): Sending system update to ComponentInfo{com.android.providers.calendar/com.android.providers.calendar.CalendarUpgradeReceiver} for user 0
I/ActivityManager(  342): Sending system update to ComponentInfo{com.android.providers.contacts/com.android.providers.contacts.ContactsUpgradeReceiver} for user 0
I/ActivityManager(  342): Sending system update to ComponentInfo{com.android.providers.media/com.android.providers.media.MediaUpgradeReceiver} for user 0
I/SystemServer(  342): Enabled StrictMode for system server main thread.
I/ActivityManager(  342): Start proc com.android.providers.calendar for broadcast com.android.providers.calendar/.CalendarUpgradeReceiver: pid=461 uid=10001 gids={50001, 3003, 1028, 1015}
I/Choreographer(  342): Skipped 46 frames!  The application may be doing too much work on its main thread.
W/InputMethodManagerService(  342): Focus gain on non-focused client android.view.inputmethod.InputMethodManager$1@b31639c0 (uid=1000 pid=342)
V/BackupManagerService(  342): Connected to transport ComponentInfo{android/com.android.internal.backup.LocalTransportService}
V/BackupManagerService(  342): Registering transport android/com.android.internal.backup.LocalTransportService::android/com.android.internal.backup.LocalTransport = com.android.internal.backup.LocalTransport@b332eec0
I/ActivityManager(  342): Launching preboot mode app: ProcessRecord{b33a19e0 461:com.android.providers.calendar/u0a1}
E/SoundPool(  450): error loading /system/media/audio/ui/Lock.ogg
W/KeyguardViewMediator(  450): failed to load lock sound from /system/media/audio/ui/Lock.ogg
E/SoundPool(  450): error loading /system/media/audio/ui/Unlock.ogg
W/KeyguardViewMediator(  450): failed to load unlock sound from /system/media/audio/ui/Unlock.ogg
V/KeyguardService(  450): onCreate()
V/KeyguardServiceDelegate(  342): *** Keyguard connected (yay!)
V/KeyguardServiceDelegate(  342): **** SHOWN CALLED ****
I/ActivityManager(  342): Start proc android.process.acore for broadcast com.android.providers.contacts/.ContactsUpgradeReceiver: pid=480 uid=10002 gids={50002, 3003, 1028, 1015}
D/dalvikvm(  342): GC_CONCURRENT freed 339K, 60% free 5110K/12720K, paused 6ms+4ms, total 80ms
I/ActivityManager(  342): Launching preboot mode app: ProcessRecord{b3693850 480:android.process.acore/u0a2}
I/ContactsUpgradeReceiver(  480): Creating or opening contacts database
D/dalvikvm(  480): GC_CONCURRENT freed 390K, 14% free 2808K/3260K, paused 7ms+9ms, total 65ms
I/ContactsDatabaseHelper(  480): Bootstrapping database version: 803
D/dalvikvm(  480): GC_CONCURRENT freed 327K, 12% free 2874K/3260K, paused 4ms+3ms, total 31ms
I/ContactsProviderV1(  480): Bootstrapping database legacy support
I/ContactsDatabaseHelper(  480): Bootstrapping database version: 803
D/dalvikvm(  480): GC_CONCURRENT freed 332K, 12% free 2933K/3324K, paused 4ms+3ms, total 31ms
I/ContactsProviderV1(  480): Bootstrapping database legacy support
D/dalvikvm(  480): GC_CONCURRENT freed 331K, 11% free 3032K/3380K, paused 4ms+2ms, total 54ms
I/ContactsProvider(  480): Locale has changed from null to en_US
I/ContactsDatabaseHelper(  480): Switching to locale en_US (ICU v51.1.0.1)
I/ContactsDatabaseHelper(  480): Locale change completed in 499ms
I/ContactsDatabaseHelper(  480): Switching to locale en_US (ICU v51.1.0.1)
D/dalvikvm(  480): GC_CONCURRENT freed 376K, 13% free 3053K/3492K, paused 4ms+4ms, total 43ms
I/ContactsDatabaseHelper(  480): Locale change completed in 475ms
I/ActivityManager(  342): Start proc android.process.media for broadcast com.android.providers.media/.MediaUpgradeReceiver: pid=498 uid=10005 gids={50005, 1028, 1015, 1023, 1024, 2001, 3003, 3007}
I/ActivityManager(  342): Launching preboot mode app: ProcessRecord{b36a05d8 498:android.process.media/u0a5}
I/ActivityManager(  342): Writing new set of last done pre-boot receivers...
I/ActivityManager(  342): Removing system update proc: ProcessRecord{b33a19e0 461:com.android.providers.calendar/u0a1}
I/ActivityManager(  342): Killing 461:com.android.providers.calendar/u0a1 (adj 13): system update done
I/ActivityManager(  342): Removing system update proc: ProcessRecord{b3693850 480:android.process.acore/u0a2}
I/ActivityManager(  342): Killing 480:android.process.acore/u0a2 (adj 11): system update done
I/ActivityManager(  342): Removing system update proc: ProcessRecord{b36a05d8 498:android.process.media/u0a5}
I/ActivityManager(  342): Killing 498:android.process.media/u0a5 (adj 9): system update done
I/ActivityManager(  342): System now ready
I/SystemServer(  342): Making services ready
D/NetworkManagementService(  342): enabling bandwidth control
I/Vold    (   52): /dev/block/vold/179:0 being considered for volume sdcard
D/Vold    (   52): Volume sdcard state changing 1 (Idle-Unmounted) -> 3 (Checking)
D/MountService(  342): volume state changed for /storage/sdcard (unmounted -> checking)
D/MountService(  342): sendStorageIntent Intent { act=android.intent.action.MEDIA_CHECKING dat=file:///storage/sdcard (has extras) } to UserHandle{-1}
I/fsck_msdos(   52): ** /dev/block/vold/179:0
I/fsck_msdos(   52): Invalid signature in fsinfo block
I/fsck_msdos(   52): FIXED
I/fsck_msdos(   52): ** Phase 1 - Read and Compare FATs
I/fsck_msdos(   52): Attempting to allocate 794 KB for FAT
D/SystemUIService(  450): loading: class com.android.systemui.recent.Recents
D/SystemUIService(  450): running: com.android.systemui.recent.Recents@b2da7010
D/SystemUIService(  450): loading: class com.android.systemui.statusbar.SystemBars
D/SystemUIService(  450): running: com.android.systemui.statusbar.SystemBars@b2da75f8
D/SystemUIService(  450): loading: class com.android.systemui.usb.StorageNotification
D/SystemUIService(  450): running: com.android.systemui.usb.StorageNotification@b2da9348
I/fsck_msdos(   52): Attempting to allocate 794 KB for FAT
D/SystemUIService(  450): loading: class com.android.systemui.power.PowerUI
D/SystemUIService(  450): running: com.android.systemui.power.PowerUI@b2daac00
D/dalvikvm(  342): GC_CONCURRENT freed 393K, 59% free 5231K/12720K, paused 6ms+5ms, total 334ms
D/SystemUIService(  450): loading: class com.android.systemui.media.RingtonePlayer
D/SystemUIService(  450): running: com.android.systemui.media.RingtonePlayer@b2dab9e0
D/SystemUIService(  450): loading: class com.android.systemui.settings.SettingsUI
D/SystemUIService(  450): running: com.android.systemui.settings.SettingsUI@b2daccc8
I/fsck_msdos(   52): ** Phase 2 - Check Cluster Chains
I/fsck_msdos(   52): ** Phase 3 - Checking Directories
I/fsck_msdos(   52): ** Phase 4 - Checking for Lost Files
I/StatusBarManagerService(  342): registerStatusBar bar=com.android.internal.statusbar.IStatusBar$Stub$Proxy@b36389b0
I/fsck_msdos(   52): Free space in FSInfo block (201592) not correct (201591)
I/fsck_msdos(   52): FIXED
I/fsck_msdos(   52): 1 files, 100795 free (201591 clusters)
I/Vold    (   52): Filesystem check completed OK
D/PhoneStatusBar(  450): mSettingsPanelGravity = 55
W/Vold    (   52): blkid failed to identify /dev/block/vold/179:0
D/Vold    (   52): Volume sdcard state changing 3 (Checking) -> 4 (Mounted)
I/PackageManager(  342): Updating external media status from unmounted to mounted
D/MountService(  342): volume state changed for /storage/sdcard (checking -> mounted)
E/VoldConnector(  342): NDC Command {3 volume mount /storage/sdcard} took too long (959ms)
I/PackageManager(  342): No secure containers on sdcard
D/dalvikvm(  450): GC_CONCURRENT freed 282K, 11% free 2828K/3172K, paused 4ms+144ms, total 321ms
D/MountService(  342): sendStorageIntent Intent { act=android.intent.action.MEDIA_MOUNTED dat=file:///storage/sdcard (has extras) } to UserHandle{-1}
D/dalvikvm(  450): GC_FOR_ALLOC freed 37K, 8% free 2948K/3172K, paused 37ms, total 39ms
W/PackageManager(  342): Not granting permission android.permission.GLOBAL_SEARCH to package com.android.quicksearchbox (protectionLevel=18 flags=0x88be45)
W/PackageManager(  342): Unknown permission com.android.smspush.WAPPUSH_MANAGER_BIND in package com.android.phone
W/PackageManager(  342): Unknown permission com.google.android.googleapps.permission.GOOGLE_AUTH in package com.android.providers.calendar
W/PackageManager(  342): Unknown permission com.google.android.googleapps.permission.GOOGLE_AUTH.cl in package com.android.providers.calendar
W/PackageManager(  342): Unknown permission com.google.android.googleapps.permission.GOOGLE_AUTH.mail in package com.android.calendar
W/PackageManager(  342): Not granting permission android.permission.ACCESS_DOWNLOAD_MANAGER to package com.android.browser (protectionLevel=18 flags=0x89be45)
W/PackageManager(  342): Not granting permission android.permission.SEND_DOWNLOAD_COMPLETED_INTENTS to package com.android.browser (protectionLevel=2 flags=0x89be45)
W/PackageManager(  342): Not granting permission android.permission.BIND_APPWIDGET to package com.android.widgetpreview (protectionLevel=18 flags=0x8be44)
W/PackageManager(  342): Unknown permission android.permission.INSTALL_DRM in package com.android.mms
W/PackageManager(  342): Unknown permission com.google.android.googleapps.permission.GOOGLE_AUTH in package com.android.settings
W/PackageManager(  342): Unknown permission com.google.android.googleapps.permission.ACCESS_GOOGLE_PASSWORD in package com.android.development
W/PackageManager(  342): Unknown permission com.google.android.googleapps.permission.GOOGLE_AUTH in package com.android.development
W/PackageManager(  342): Unknown permission com.google.android.googleapps.permission.GOOGLE_AUTH.ALL_SERVICES in package com.android.development
W/PackageManager(  342): Unknown permission com.google.android.googleapps.permission.GOOGLE_AUTH.YouTubeUser in package com.android.development
W/PackageManager(  342): Not granting permission android.permission.DELETE_PACKAGES to package com.svox.pico (protectionLevel=18 flags=0x88be45)
W/PackageManager(  342): Not granting permission android.permission.DEVICE_POWER to package com.android.deskclock (protectionLevel=2 flags=0xc8be45)
E/BluetoothAdapter(  450): Bluetooth binder is null
E/BluetoothAdapter(  450): Bluetooth binder is null
E/BluetoothAdapter(  450): Bluetooth binder is null
D/dalvikvm(  450): GC_CONCURRENT freed 59K, 5% free 3303K/3448K, paused 32ms+2ms, total 102ms
E/BluetoothAdapter(  450): Bluetooth binder is null
E/NetdConnector(  342): NDC Command {1 bandwidth enable} took too long (3154ms)
I/ActivityManager(  342): Start proc android.process.acore for content provider com.android.providers.contacts/.ContactsProvider2: pid=553 uid=10002 gids={50002, 3003, 1028, 1015}
D/PhoneStatusBar(  450): disable: < expand icons alerts ticker system_info back home recent clock search >
E/BluetoothAdapter(  450): Bluetooth binder is null
D/PhoneStatusBar(  450): heads up is disabled
I/Choreographer(  450): Skipped 511 frames!  The application may be doing too much work on its main thread.
D/dalvikvm(  342): GC_CONCURRENT freed 635K, 60% free 5118K/12720K, paused 6ms+32ms, total 192ms
D/dalvikvm(  450): GC_CONCURRENT freed 136K, 6% free 3557K/3752K, paused 43ms+2ms, total 173ms
I/Choreographer(  450): Skipped 272 frames!  The application may be doing too much work on its main thread.
E/NetdConnector(  342): NDC Command {5 firewall disable} took too long (533ms)
I/ActivityManager(  342): Config changes=200 {1.0 ?mcc?mnc en_US ldltr sw480dp w480dp h839dp 160dpi lrg long port finger -keyb/h/h tball/v s.4}
D/gralloc_goldfish(  450): Emulator without GPU emulation detected.
W/RecognitionManagerService(  342): no available voice recognition services found for user 0
I/Choreographer(  450): Skipped 74 frames!  The application may be doing too much work on its main thread.
W/AppWidgetServiceImpl(  342): Failed to read state: java.io.FileNotFoundException: /data/system/users/0/appwidgets.xml: open failed: ENOENT (No such file or directory)
D/PhoneStatusBar(  450): mSettingsPanelGravity = 55
W/InputMethodManagerService(  342): Ignoring setImeWindowStatus of uid 1000 token: null
W/InputMethodUtils(  342): Found no subtypes in a system IME: com.android.inputmethod.pinyin
W/InputMethodManagerService(  342): Reset the default IME as "Resource" is ready here.
W/InputMethodUtils(  342): Found no subtypes in a system IME: com.android.inputmethod.pinyin
I/InputMethodManagerService(  342): Selected default: com.android.inputmethod.latin/.LatinIME
I/ActivityManager(  342): Start proc com.android.inputmethod.latin for service com.android.inputmethod.latin/.LatinIME: pid=589 uid=10029 gids={50029, 1028, 1015}
V/InputMethodManagerService(  342): Adding window token: android.os.Binder@b360f328
I/ActivityManager(  342): Config changes=20 {1.0 ?mcc?mnc en_US ldltr sw480dp w480dp h839dp 160dpi lrg long port finger -keyb/v/h tball/v s.5}
W/InputMethodManagerService(  342): Illegal subtype state: old subtype = null, new subtype = android.view.inputmethod.InputMethodSubtype@c9194f98
W/GpsLocationProvider(  342): Could not open GPS configuration file /etc/gps.conf
W/ServiceWatcher(  342): com.google.android.location not found
W/ServiceWatcher(  342): com.google.android.location not found
W/ServiceWatcher(  342): com.google.android.location not found
W/LocationManagerService(  342): no network location provider found
D/dalvikvm(  450): GC_FOR_ALLOC freed 95K, 6% free 3558K/3752K, paused 125ms, total 127ms
W/ServiceWatcher(  342): com.google.android.location not found
E/FlpHardwareProvider(  342): Error hw_get_module 'flp': -2
W/ServiceWatcher(  342): com.google.android.location not found
E/FlpHardwareProvider(  342): Error hw_get_module 'flp': -2
W/ServiceWatcher(  342): com.google.android.location not found
E/LocationManagerService(  342): no geocoder provider found
E/LocationManagerService(  342): No FusedProvider found.
E/LocationManagerService(  342): no geofence provider found
I/CommonTimeManagementService(  342): No common time service detected on this platform.  Common time services will be unavailable.
I/InputReader(  342): Reconfiguring input devices.  changes=0x00000020
I/dalvikvm-heap(  450): Grow heap (frag case) to 6.459MB for 3072016-byte allocation
D/dalvikvm(  450): GC_FOR_ALLOC freed 4K, 3% free 6554K/6756K, paused 55ms, total 55ms
D/dalvikvm(  342): GC_CONCURRENT freed 435K, 59% free 5290K/12720K, paused 6ms+5ms, total 313ms
D/dalvikvm(  342): WAIT_FOR_CONCURRENT_GC blocked 108ms
D/dalvikvm(  342): WAIT_FOR_CONCURRENT_GC blocked 112ms
D/dalvikvm(  342): WAIT_FOR_CONCURRENT_GC blocked 120ms
D/dalvikvm(  342): WAIT_FOR_CONCURRENT_GC blocked 103ms
I/ActivityManager(  342): Start proc com.android.phone for added application com.android.phone: pid=605 uid=1001 gids={41001, 3002, 3001, 3003, 1028, 1015}
I/InputReader(  342): Reconfiguring input devices.  changes=0x00000010
I/ActivityManager(  342): START u0 {act=android.intent.action.MAIN cat=[android.intent.category.HOME] flg=0x10000000 cmp=com.android.settings/.CryptKeeper} from pid 0
W/dalvikvm(  553): threadid=2: spin on suspend #1 threadid=10 (pcf=0)
D/dalvikvm(  553): Temporarily moving tid 585 to fg (was 0)
D/dalvikvm(  553): Temporarily raised priority on tid 585 (10 -> 0)
W/dalvikvm(  553): threadid=2: spin on suspend resolved in 1007 msec
D/dalvikvm(  553): Restored policy of 585 to 0
D/dalvikvm(  553): Restored priority on 585 to 10
D/dalvikvm(  553): GC_CONCURRENT freed 254K, 10% free 2956K/3268K, paused 4ms+1010ms, total 1232ms
D/dalvikvm(  553): WAIT_FOR_CONCURRENT_GC blocked 1018ms
I/ActivityManager(  342): Start proc com.android.settings for activity com.android.settings/.CryptKeeper: pid=616 uid=1000 gids={41000, 1028, 1015, 3002, 3001, 3003}
D/dalvikvm(  450): GC_CONCURRENT freed 0K, 3% free 6555K/6756K, paused 5ms+183ms, total 223ms
D/dalvikvm(   58): GC_EXPLICIT freed 38K, 4% free 2705K/2804K, paused 2ms+2ms, total 60ms
I/ActivityManager(  342): Start proc android.process.media for broadcast com.android.providers.downloads/.DownloadReceiver: pid=626 uid=10005 gids={50005, 1028, 1015, 1023, 1024, 2001, 3003, 3007}
D/dalvikvm(   58): GC_EXPLICIT freed <1K, 4% free 2705K/2804K, paused 2ms+2ms, total 44ms
D/dalvikvm(   58): GC_EXPLICIT freed <1K, 4% free 2705K/2804K, paused 2ms+2ms, total 54ms
I/FusedLocation(  342): engine started (com.android.location.fused)
D/dalvikvm(  450): GC_FOR_ALLOC freed 3003K, 6% free 3559K/3752K, paused 59ms, total 60ms
I/dalvikvm-heap(  450): Grow heap (frag case) to 6.460MB for 3072016-byte allocation
D/dalvikvm(  450): GC_CONCURRENT freed <1K, 3% free 6559K/6756K, paused 30ms+3ms, total 66ms
D/PhoneStatusBar(  450): mSettingsPanelGravity = 55
V/StatusBar(  450): userId 0 is in the house
I/Choreographer(  450): Skipped 105 frames!  The application may be doing too much work on its main thread.
W/WindowManager(  342): Window freeze timeout expired.
W/WindowManager(  342): Force clearing orientation change: Window{b3451410 u0 StatusBar}
W/WindowManager(  342): Force clearing orientation change: Window{b2e97780 u0 com.android.systemui.ImageWallpaper}
I/LatinIME(  589): Hardware accelerated drawing: true
D/dalvikvm(  342): GC_CONCURRENT freed 569K, 58% free 5372K/12720K, paused 32ms+5ms, total 97ms
D/dalvikvm(  342): WAIT_FOR_CONCURRENT_GC blocked 49ms
D/dalvikvm(  342): WAIT_FOR_CONCURRENT_GC blocked 52ms
I/ActivityManager(  342): START u0 {act=android.intent.action.MAIN cat=[android.intent.category.HOME] flg=0x10000000 cmp=com.android.sdksetup/.DefaultActivity} from pid 0
D/dalvikvm(  342): WAIT_FOR_CONCURRENT_GC blocked 43ms
I/ActivityManager(  342): Start proc com.android.sdksetup for activity com.android.sdksetup/.DefaultActivity: pid=653 uid=10042 gids={50042}
I/ActivityManager(  342): Start proc com.android.printspooler for service com.android.printspooler/.PrintSpoolerService: pid=665 uid=10039 gids={50039}
W/InputAttributes(  589): No editor info for this field. Bug?
D/dalvikvm(  589): GC_CONCURRENT freed 223K, 9% free 2889K/3172K, paused 8ms+2ms, total 176ms
I/ResourceUtils(  589): Found default value: resource=keypress_vibration_durations build=[HARDWARE=goldfish MODEL=sdk BRAND=generic MANUFACTURER=unknown] default=-1
I/ResourceUtils(  589): Found default value: resource=keypress_volumes build=[HARDWARE=goldfish MODEL=sdk BRAND=generic MANUFACTURER=unknown] default=-1.0f
I/PrintSpoolerService(  665): No existing print spooler state.
I/LatinIME:LogUtils(  589): Dictionary info: dictionary = personalization.en_US.dict ; version = ? ; date = 1545859495
I/LatinIME:LogUtils(  589): Dictionary info: dictionary = PersonalizationPredictionDictio ; version = ? ; date = 1545859495
I/LatinIME:LogUtils(  589): Dictionary info: dictionary = UserHistoryDictionary.en_US.dic ; version = ? ; date = 1545859495
I/FusedLocation(  342): engine stopped (com.android.location.fused)
I/FusedLocation(  342): engine started (com.android.location.fused)
I/ActivityManager(  342): Force stopping com.android.sdksetup appid=10042 user=0: pkg changed
I/ActivityManager(  342): Killing 653:com.android.sdksetup/u0a42 (adj 0): stop com.android.sdksetup
I/ActivityManager(  342):   Force finishing activity ActivityRecord{b2ddb0e8 u0 com.android.sdksetup/.DefaultActivity t2}
I/ActivityManager(  342): START u0 {act=android.intent.action.MAIN cat=[android.intent.category.HOME] flg=0x10000000 cmp=com.android.launcher/com.android.launcher2.Launcher} from pid 0
I/ActivityManager(  342): Start proc com.android.launcher for activity com.android.launcher/com.android.launcher2.Launcher: pid=692 uid=10008 gids={50008}
I/LatinIME:LogUtils(  589): Dictionary info: dictionary = userunigram.en_US.dict ; version = ? ; date = ?
D/dalvikvm(  605): GC_CONCURRENT freed 176K, 8% free 2925K/3160K, paused 3ms+15ms, total 224ms
W/BackupManagerService(  342): dataChanged but no participant pkg='com.android.providers.settings' uid=1001
I/PackageManager(  342):   Action: "android.intent.action.SENDTO"
I/PackageManager(  342):   Category: "android.intent.category.DEFAULT"
I/PackageManager(  342):   Scheme: "sms"
I/PackageManager(  342): Adding preferred activity ComponentInfo{com.android.mms/com.android.mms.ui.ComposeMessageActivity} for user 0 :
D/dalvikvm(  589): GC_CONCURRENT freed 351K, 13% free 3002K/3416K, paused 4ms+22ms, total 66ms
I/PackageManager(  342):   Action: "android.intent.action.SENDTO"
I/PackageManager(  342):   Category: "android.intent.category.DEFAULT"
I/PackageManager(  342):   Scheme: "smsto"
I/PackageManager(  342): Adding preferred activity ComponentInfo{com.android.mms/com.android.mms.ui.ComposeMessageActivity} for user 0 :
I/PackageManager(  342):   Action: "android.intent.action.SENDTO"
I/PackageManager(  342):   Category: "android.intent.category.DEFAULT"
I/PackageManager(  342):   Scheme: "mms"
I/PackageManager(  342): Adding preferred activity ComponentInfo{com.android.mms/com.android.mms.ui.ComposeMessageActivity} for user 0 :
D/dalvikvm(  589): GC_CONCURRENT freed 455K, 17% free 2974K/3556K, paused 4ms+16ms, total 54ms
D/dalvikvm(  589): WAIT_FOR_CONCURRENT_GC blocked 32ms
D/dalvikvm(  342): GC_CONCURRENT freed 633K, 58% free 5401K/12720K, paused 538ms+15ms, total 701ms
D/dalvikvm(  342): WAIT_FOR_CONCURRENT_GC blocked 66ms
I/PackageManager(  342):   Action: "android.intent.action.SENDTO"
I/PackageManager(  342):   Category: "android.intent.category.DEFAULT"
I/PackageManager(  342):   Scheme: "mmsto"
I/PackageManager(  342): Adding preferred activity ComponentInfo{com.android.mms/com.android.mms.ui.ComposeMessageActivity} for user 0 :
I/PackageManager(  342):   Action: "android.intent.action.SENDTO"
I/PackageManager(  342):   Category: "android.intent.category.DEFAULT"
I/PackageManager(  342):   Scheme: "sms"
I/PackageManager(  342): Adding preferred activity ComponentInfo{com.android.mms/com.android.mms.ui.ComposeMessageActivity} for user 0 :
I/PackageManager(  342):   Action: "android.intent.action.SENDTO"
I/PackageManager(  342):   Category: "android.intent.category.DEFAULT"
I/PackageManager(  342):   Scheme: "smsto"
I/PackageManager(  342): Adding preferred activity ComponentInfo{com.android.mms/com.android.mms.ui.ComposeMessageActivity} for user 0 :
I/PackageManager(  342):   Action: "android.intent.action.SENDTO"
I/PackageManager(  342):   Category: "android.intent.category.DEFAULT"
I/PackageManager(  342):   Scheme: "mms"
I/PackageManager(  342): Adding preferred activity ComponentInfo{com.android.mms/com.android.mms.ui.ComposeMessageActivity} for user 0 :
I/PackageManager(  342):   Action: "android.intent.action.SENDTO"
I/PackageManager(  342):   Category: "android.intent.category.DEFAULT"
I/PackageManager(  342):   Scheme: "mmsto"
I/PackageManager(  342): Adding preferred activity ComponentInfo{com.android.mms/com.android.mms.ui.ComposeMessageActivity} for user 0 :
E/BluetoothAdapter(  605): Bluetooth binder is null
E/BluetoothAdapter(  605): Bluetooth binder is null
D/CallNotifier(  605): CallNotifier: mSignalInfoToneGenerator created when toneplay
E/BluetoothAdapter(  605): Bluetooth binder is null
I/LatinIME:LogUtils(  589): Dictionary info: dictionary = main:en ; version = 42 ; date = 1381226429
I/InputReader(  342): Reconfiguring input devices.  changes=0x00000010
I/LatinIME:LogUtils(  589): Dictionary info: dictionary = main:en ; version = 42 ; date = 1381226429
I/LatinIME:LogUtils(  589): Dictionary info: dictionary = main:en ; version = 42 ; date = 1381226429
I/LatinIME:LogUtils(  589): Dictionary info: dictionary = main:en ; version = 42 ; date = 1381226429
I/LatinIME:LogUtils(  589): Dictionary info: dictionary = main:en ; version = 42 ; date = 1381226429
I/LatinIME:LogUtils(  589): Dictionary info: dictionary = main:en ; version = 42 ; date = 1381226429
I/LatinIME:LogUtils(  589): Dictionary info: dictionary = main:en ; version = 42 ; date = 1381226429
I/LatinIME:LogUtils(  589): Dictionary info: dictionary = main:en ; version = 42 ; date = 1381226429
D/dalvikvm(  342): GC_CONCURRENT freed 599K, 58% free 5442K/12720K, paused 87ms+56ms, total 451ms
D/dalvikvm(  589): GC_CONCURRENT freed 328K, 14% free 3078K/3556K, paused 16ms+3ms, total 117ms
D/dalvikvm(  605): GC_CONCURRENT freed 284K, 10% free 3063K/3396K, paused 5ms+2ms, total 112ms
D/TelephonyDebugService(  605): TelephonyDebugService()
D/MccTable(  605): updateMccMncConfiguration: mcc=310, mnc=260
D/AlarmManagerService(  342): Kernel timezone updated to 300 minutes west of GMT
D/MccTable(  605): timezone set to America/New_York
D/MccTable(  605): getLocaleFromMcc to en_us mcc=310
D/MccTable(  605): getLocaleForLanguageCountry: got match
D/MccTable(  605): getLocaleForLanguageCountry: X locale=en_US
D/MccTable(  605): WIFI_COUNTRY_CODE set to us
I/WifiService(  342): WifiService trying to set country code to us with persist set to true
D/dalvikvm(  605): GC_CONCURRENT freed 300K, 10% free 3174K/3524K, paused 2ms+2ms, total 114ms
D/MccTable(  605): updateMccMncConfiguration: mcc=310, mnc=260
D/MccTable(  605): getLocaleFromMcc to en_us mcc=310
D/MccTable(  605): getLocaleForLanguageCountry: got match
D/MccTable(  605): getLocaleForLanguageCountry: X locale=en_US
D/MccTable(  605): updateMccMncConfiguration updateConfig config={1.0 310mcc260mnc en_US ldltr ?swdp ?wdp ?hdp ?density ?lsize ?long ?orien ?uimode ?night ?touch ?keyb/?/? ?nav/?}
I/ActivityManager(  342): Config changes=3 {1.0 310mcc260mnc en_US ldltr sw480dp w480dp h839dp 160dpi lrg long port finger -keyb/v/h tball/v s.6}
D/PermissionCache(   57): checking android.permission.READ_FRAME_BUFFER for uid=1000 => granted (830 us)
D/gralloc (   57): Registering a buffer in the process that created it. This may cause memory ordering problems.
E/libEGL  (   57): called unimplemented OpenGL ES API
E/libEGL  (   57): called unimplemented OpenGL ES API
E/libEGL  (   57): called unimplemented OpenGL ES API
E/libEGL  (   57): called unimplemented OpenGL ES API
E/SurfaceFlinger(   57): glCheckFramebufferStatusOES error 1416853184
E/SurfaceFlinger(   57): got GL_FRAMEBUFFER_COMPLETE_OES error while taking screenshot
E/libEGL  (   57): called unimplemented OpenGL ES API
E/libEGL  (   57): called unimplemented OpenGL ES API
I/ARMAssembler(   57): generated scanline__00000077:03515104_00008001_00000000 [113 ipp] (134 ins) at [0xb5ae11f0:0xb5ae1408] in 10000000 ns
