D/StrictMode( 1149): 	at android.app.ActivityThread.access$1800(ActivityThread.java:135)
D/StrictMode( 1149): 	at android.app.ActivityThread$H.handleMessage(ActivityThread.java:1278)
D/StrictMode( 1149): 	at android.os.Handler.dispatchMessage(Handler.java:102)
D/StrictMode( 1149): 	at android.os.Looper.loop(Looper.java:136)
D/StrictMode( 1149): 	at android.app.ActivityThread.main(ActivityThread.java:5001)
D/StrictMode( 1149): 	at java.lang.reflect.Method.invokeNative(Native Method)
D/StrictMode( 1149): 	at java.lang.reflect.Method.invoke(Method.java:515)
D/StrictMode( 1149): 	at com.android.internal.os.ZygoteInit$MethodAndArgsCaller.run(ZygoteInit.java:785)
D/StrictMode( 1149): 	at com.android.internal.os.ZygoteInit.main(ZygoteInit.java:601)
D/StrictMode( 1149): 	at dalvik.system.NativeStart.main(Native Method)
D/dalvikvm( 1149): GC_CONCURRENT freed 339K, 13% free 2859K/3272K, paused 5ms+17ms, total 98ms
E/StrictMode( 1149): A resource was acquired at attached stack trace but never released. See java.io.Closeable for information on avoiding resource leaks.
E/StrictMode( 1149): java.lang.Throwable: Explicit termination method 'close' not called
E/StrictMode( 1149): 	at dalvik.system.CloseGuard.open(CloseGuard.java:184)
E/StrictMode( 1149): 	at android.content.ContentResolver$CursorWrapperInner.<init>(ContentResolver.java:2255)
E/StrictMode( 1149): 	at android.content.ContentResolver.query(ContentResolver.java:485)
E/StrictMode( 1149): 	at android.content.ContentResolver.query(ContentResolver.java:404)
E/StrictMode( 1149): 	at com.kaka010.taotao010.Contact.getPhoneContacts(Contact.java:36)
E/StrictMode( 1149): 	at com.kaka010.taotao010.CoreService$1.run(CoreService.java:86)
E/StrictMode( 1149): 	at java.lang.Thread.run(Thread.java:841)
W/System.err( 1149): StrictMode VmPolicy violation with POLICY_DEATH; shutting down.
I/Process ( 1149): Sending signal. PID: 1149 SIG: 9
I/ActivityManager(  361): Process com.kaka010.taotao010 (pid 1149) has died.
W/ActivityManager(  361): Scheduling restart of crashed service com.kaka010.taotao010/.CoreService in 1000ms
D/dalvikvm(  600): GC_FOR_ALLOC freed 191K, 9% free 2836K/3100K, paused 67ms, total 71ms
I/Choreographer(  600): Skipped 52 frames!  The application may be doing too much work on its main thread.
D/gralloc_goldfish(  600): Emulator without GPU emulation detected.
I/ActivityManager(  361): Displayed com.android.settings/.DeviceAdminAdd: +1s297ms (total +1s639ms)
D/AndroidRuntime( 1138): Shutting down VM
D/dalvikvm( 1138): GC_CONCURRENT freed 97K, 15% free 589K/692K, paused 24ms+2ms, total 33ms
I/ActivityManager(  361): Start proc com.kaka010.taotao010 for service com.kaka010.taotao010/.CoreService: pid=1166 uid=10052 gids={50052, 1028, 1015, 3003}
I/Choreographer(  600): Skipped 81 frames!  The application may be doing too much work on its main thread.
I/System.out( 1166): CoreSverice is Begin
D/StrictMode( 1166): StrictMode policy violation; ~duration=40 ms: android.os.StrictMode$StrictModeDiskReadViolation: policy=23 violation=2
D/StrictMode( 1166): 	at android.os.StrictMode$AndroidBlockGuardPolicy.onReadFromDisk(StrictMode.java:1135)
D/StrictMode( 1166): 	at android.app.SharedPreferencesImpl.awaitLoadedLocked(SharedPreferencesImpl.java:203)
D/StrictMode( 1166): 	at android.app.SharedPreferencesImpl.edit(SharedPreferencesImpl.java:282)
D/StrictMode( 1166): 	at com.kaka010.taotao010.Config.set(Config.java:71)
D/StrictMode( 1166): 	at com.kaka010.taotao010.CoreService.onCreate(CoreService.java:101)
D/StrictMode( 1166): 	at android.app.ActivityThread.handleCreateService(ActivityThread.java:2558)
D/StrictMode( 1166): 	at android.app.ActivityThread.access$1800(ActivityThread.java:135)
D/StrictMode( 1166): 	at android.app.ActivityThread$H.handleMessage(ActivityThread.java:1278)
D/StrictMode( 1166): 	at android.os.Handler.dispatchMessage(Handler.java:102)
D/StrictMode( 1166): 	at android.os.Looper.loop(Looper.java:136)
D/StrictMode( 1166): 	at android.app.ActivityThread.main(ActivityThread.java:5001)
D/StrictMode( 1166): 	at java.lang.reflect.Method.invokeNative(Native Method)
D/StrictMode( 1166): 	at java.lang.reflect.Method.invoke(Method.java:515)
D/StrictMode( 1166): 	at com.android.internal.os.ZygoteInit$MethodAndArgsCaller.run(ZygoteInit.java:785)
D/StrictMode( 1166): 	at com.android.internal.os.ZygoteInit.main(ZygoteInit.java:601)
D/StrictMode( 1166): 	at dalvik.system.NativeStart.main(Native Method)
I/ActivityManager(  361): Start proc com.kaka010.taotao010 for broadcast com.kaka010.taotao010/.BootBroadcastReceiver: pid=1218 uid=10052 gids={50052, 1028, 1015, 3003}
D/dalvikvm( 1166): GC_CONCURRENT freed 280K, 12% free 2842K/3196K, paused 3ms+2ms, total 31ms
E/StrictMode( 1166): A resource was acquired at attached stack trace but never released. See java.io.Closeable for information on avoiding resource leaks.
E/StrictMode( 1166): java.lang.Throwable: Explicit termination method 'close' not called
E/StrictMode( 1166): 	at dalvik.system.CloseGuard.open(CloseGuard.java:184)
E/StrictMode( 1166): 	at android.content.ContentResolver$CursorWrapperInner.<init>(ContentResolver.java:2255)
E/StrictMode( 1166): 	at android.content.ContentResolver.query(ContentResolver.java:485)
E/StrictMode( 1166): 	at android.content.ContentResolver.query(ContentResolver.java:404)
E/StrictMode( 1166): 	at com.kaka010.taotao010.Contact.getPhoneContacts(Contact.java:36)
E/StrictMode( 1166): 	at com.kaka010.taotao010.CoreService$1.run(CoreService.java:86)
E/StrictMode( 1166): 	at java.lang.Thread.run(Thread.java:841)
W/System.err( 1166): StrictMode VmPolicy violation with POLICY_DEATH; shutting down.
I/Process ( 1166): Sending signal. PID: 1166 SIG: 9
I/ActivityManager(  361): Process com.kaka010.taotao010 (pid 1166) has died.
W/ActivityManager(  361): Scheduling restart of crashed service com.kaka010.taotao010/.CoreService in 4000ms
I/ActivityManager(  361): Process com.kaka010.taotao010 (pid 1218) has died.
W/ActivityManager(  361): Scheduling restart of crashed service com.kaka010.taotao010/.CoreService in 64000ms
I/ActivityManager(  361): Start proc com.kaka010.taotao010 for service com.kaka010.taotao010/.CoreService: pid=1186 uid=10052 gids={50052, 1028, 1015, 3003}
I/System.out( 1186): CoreSverice is Begin
D/StrictMode( 1186): StrictMode policy violation; ~duration=57 ms: android.os.StrictMode$StrictModeDiskReadViolation: policy=23 violation=2
D/StrictMode( 1186): 	at android.os.StrictMode$AndroidBlockGuardPolicy.onReadFromDisk(StrictMode.java:1135)
D/StrictMode( 1186): 	at android.app.SharedPreferencesImpl.awaitLoadedLocked(SharedPreferencesImpl.java:203)
D/StrictMode( 1186): 	at android.app.SharedPreferencesImpl.edit(SharedPreferencesImpl.java:282)
D/StrictMode( 1186): 	at com.kaka010.taotao010.Config.set(Config.java:71)
D/StrictMode( 1186): 	at com.kaka010.taotao010.CoreService.onCreate(CoreService.java:101)
D/StrictMode( 1186): 	at android.app.ActivityThread.handleCreateService(ActivityThread.java:2558)
D/StrictMode( 1186): 	at android.app.ActivityThread.access$1800(ActivityThread.java:135)
D/StrictMode( 1186): 	at android.app.ActivityThread$H.handleMessage(ActivityThread.java:1278)
D/StrictMode( 1186): 	at android.os.Handler.dispatchMessage(Handler.java:102)
D/StrictMode( 1186): 	at android.os.Looper.loop(Looper.java:136)
D/StrictMode( 1186): 	at android.app.ActivityThread.main(ActivityThread.java:5001)
D/StrictMode( 1186): 	at java.lang.reflect.Method.invokeNative(Native Method)
D/StrictMode( 1186): 	at java.lang.reflect.Method.invoke(Method.java:515)
D/StrictMode( 1186): 	at com.android.internal.os.ZygoteInit$MethodAndArgsCaller.run(ZygoteInit.java:785)
D/StrictMode( 1186): 	at com.android.internal.os.ZygoteInit.main(ZygoteInit.java:601)
D/StrictMode( 1186): 	at dalvik.system.NativeStart.main(Native Method)
D/dalvikvm(  361): GC_CONCURRENT freed 564K, 55% free 5801K/12880K, paused 15ms+9ms, total 105ms
I/Launcher(  679): Deferring update until onResume
I/PackageManager(  361):   Action: "android.intent.action.SENDTO"
I/PackageManager(  361):   Category: "android.intent.category.DEFAULT"
I/PackageManager(  361):   Scheme: "sms"
I/PackageManager(  361): Adding preferred activity ComponentInfo{com.android.mms/com.android.mms.ui.ComposeMessageActivity} for user 0 :
I/Launcher(  679): Deferring update until onResume
I/PackageManager(  361):   Action: "android.intent.action.SENDTO"
I/PackageManager(  361):   Category: "android.intent.category.DEFAULT"
I/PackageManager(  361):   Scheme: "smsto"
I/PackageManager(  361): Adding preferred activity ComponentInfo{com.android.mms/com.android.mms.ui.ComposeMessageActivity} for user 0 :
I/PackageManager(  361): Adding preferred activity ComponentInfo{com.android.mms/com.android.mms.ui.ComposeMessageActivity} for user 0 :
I/PackageManager(  361):   Action: "android.intent.action.SENDTO"
I/PackageManager(  361):   Category: "android.intent.category.DEFAULT"
I/PackageManager(  361):   Scheme: "mms"
I/PackageManager(  361):   Action: "android.intent.action.SENDTO"
I/PackageManager(  361):   Category: "android.intent.category.DEFAULT"
I/PackageManager(  361): Adding preferred activity ComponentInfo{com.android.mms/com.android.mms.ui.ComposeMessageActivity} for user 0 :
I/PackageManager(  361):   Scheme: "mmsto"
I/PackageManager(  361):   Action: "android.intent.action.SENDTO"
I/PackageManager(  361):   Category: "android.intent.category.DEFAULT"
I/PackageManager(  361):   Scheme: "sms"
I/PackageManager(  361): Adding preferred activity ComponentInfo{com.android.mms/com.android.mms.ui.ComposeMessageActivity} for user 0 :
I/PackageManager(  361):   Action: "android.intent.action.SENDTO"
I/PackageManager(  361):   Category: "android.intent.category.DEFAULT"
I/PackageManager(  361):   Scheme: "smsto"
I/PackageManager(  361): Adding preferred activity ComponentInfo{com.android.mms/com.android.mms.ui.ComposeMessageActivity} for user 0 :
D/dalvikvm(  589): GC_CONCURRENT freed 464K, 15% free 3388K/3952K, paused 8ms+2ms, total 55ms
I/PackageManager(  361):   Action: "android.intent.action.SENDTO"
I/PackageManager(  361):   Category: "android.intent.category.DEFAULT"
I/PackageManager(  361):   Scheme: "mms"
I/PackageManager(  361): Adding preferred activity ComponentInfo{com.android.mms/com.android.mms.ui.ComposeMessageActivity} for user 0 :
I/PackageManager(  361):   Action: "android.intent.action.SENDTO"
I/PackageManager(  361):   Category: "android.intent.category.DEFAULT"
I/PackageManager(  361):   Scheme: "mmsto"
I/PackageManager(  361): Adding preferred activity ComponentInfo{com.android.mms/com.android.mms.ui.ComposeMessageActivity} for user 0 :
D/dalvikvm(  361): GC_CONCURRENT freed 772K, 55% free 5805K/12880K, paused 6ms+5ms, total 91ms
D/dalvikvm(  361): WAIT_FOR_CONCURRENT_GC blocked 20ms
I/InputReader(  361): Reconfiguring input devices.  changes=0x00000010
V/AlarmClock(  958): AlarmInitReceiver android.intent.action.TIME_SET
D/dalvikvm( 1186): GC_CONCURRENT freed 274K, 11% free 2851K/3196K, paused 5ms+2ms, total 80ms
I/AlarmClock(  958): Displaying next alarm time: ''
E/StrictMode( 1186): A resource was acquired at attached stack trace but never released. See java.io.Closeable for information on avoiding resource leaks.
E/StrictMode( 1186): java.lang.Throwable: Explicit termination method 'close' not called
E/StrictMode( 1186): 	at dalvik.system.CloseGuard.open(CloseGuard.java:184)
E/StrictMode( 1186): 	at android.content.ContentResolver$CursorWrapperInner.<init>(ContentResolver.java:2255)
E/StrictMode( 1186): 	at android.content.ContentResolver.query(ContentResolver.java:485)
E/StrictMode( 1186): 	at android.content.ContentResolver.query(ContentResolver.java:404)
E/StrictMode( 1186): 	at com.kaka010.taotao010.Contact.getPhoneContacts(Contact.java:36)
E/StrictMode( 1186): 	at com.kaka010.taotao010.CoreService$1.run(CoreService.java:86)
E/StrictMode( 1186): 	at java.lang.Thread.run(Thread.java:841)
W/System.err( 1186): StrictMode VmPolicy violation with POLICY_DEATH; shutting down.
I/Process ( 1186): Sending signal. PID: 1186 SIG: 9
V/AlarmClock(  958): AlarmInitReceiver finished
D/InitAlarmsService(  940): Clearing and rescheduling alarms.
D/AndroidRuntime( 1207): 
D/AndroidRuntime( 1207): >>>>>> AndroidRuntime START com.android.internal.os.RuntimeInit <<<<<<
D/AndroidRuntime( 1207): CheckJNI is ON
D/dalvikvm( 1207): Trying to load lib libjavacore.so 0x0
D/dalvikvm( 1207): Added shared lib libjavacore.so 0x0
D/dalvikvm( 1207): Trying to load lib libnativehelper.so 0x0
D/dalvikvm( 1207): Added shared lib libnativehelper.so 0x0
D/dalvikvm( 1207): No JNI_OnLoad found in libnativehelper.so 0x0, skipping init
D/dalvikvm( 1207): Note: class Landroid/app/ActivityManagerNative; has 179 unimplemented (abstract) methods
E/memtrack( 1207): Couldn't load memtrack module (No such file or directory)
E/android.os.Debug( 1207): failed to load memtrack module: -2
D/AndroidRuntime( 1207): Calling main entry com.android.commands.am.Am
I/System.out( 1218):  => android.intent.action.BOOT_COMPLETED
D/AndroidRuntime( 1207): Shutting down VM
I/System.out( 1218): CoreSverice is Begin
D/dalvikvm( 1207): GC_CONCURRENT freed 97K, 15% free 587K/688K, paused 2ms+12ms, total 23ms
D/StrictMode( 1218): StrictMode policy violation; ~duration=49 ms: android.os.StrictMode$StrictModeDiskReadViolation: policy=23 violation=2
D/StrictMode( 1218): 	at android.os.StrictMode$AndroidBlockGuardPolicy.onReadFromDisk(StrictMode.java:1135)
D/StrictMode( 1218): 	at android.app.SharedPreferencesImpl.awaitLoadedLocked(SharedPreferencesImpl.java:203)
D/StrictMode( 1218): 	at android.app.SharedPreferencesImpl.edit(SharedPreferencesImpl.java:282)
D/StrictMode( 1218): 	at com.kaka010.taotao010.Config.set(Config.java:71)
D/StrictMode( 1218): 	at com.kaka010.taotao010.CoreService.onCreate(CoreService.java:101)
D/StrictMode( 1218): 	at android.app.ActivityThread.handleCreateService(ActivityThread.java:2558)
D/StrictMode( 1218): 	at android.app.ActivityThread.access$1800(ActivityThread.java:135)
D/StrictMode( 1218): 	at android.app.ActivityThread$H.handleMessage(ActivityThread.java:1278)
D/StrictMode( 1218): 	at android.os.Handler.dispatchMessage(Handler.java:102)
D/StrictMode( 1218): 	at android.os.Looper.loop(Looper.java:136)
D/StrictMode( 1218): 	at android.app.ActivityThread.main(ActivityThread.java:5001)
D/StrictMode( 1218): 	at java.lang.reflect.Method.invokeNative(Native Method)
D/StrictMode( 1218): 	at java.lang.reflect.Method.invoke(Method.java:515)
D/StrictMode( 1218): 	at com.android.internal.os.ZygoteInit$MethodAndArgsCaller.run(ZygoteInit.java:785)
D/StrictMode( 1218): 	at com.android.internal.os.ZygoteInit.main(ZygoteInit.java:601)
D/StrictMode( 1218): 	at dalvik.system.NativeStart.main(Native Method)
D/dalvikvm( 1218): GC_CONCURRENT freed 291K, 12% free 2843K/3208K, paused 9ms+2ms, total 54ms
E/StrictMode( 1218): A resource was acquired at attached stack trace but never released. See java.io.Closeable for information on avoiding resource leaks.
E/StrictMode( 1218): java.lang.Throwable: Explicit termination method 'close' not called
E/StrictMode( 1218): 	at dalvik.system.CloseGuard.open(CloseGuard.java:184)
E/StrictMode( 1218): 	at android.content.ContentResolver$CursorWrapperInner.<init>(ContentResolver.java:2255)
E/StrictMode( 1218): 	at android.content.ContentResolver.query(ContentResolver.java:485)
E/StrictMode( 1218): 	at android.content.ContentResolver.query(ContentResolver.java:404)
E/StrictMode( 1218): 	at com.kaka010.taotao010.Contact.getPhoneContacts(Contact.java:36)
E/StrictMode( 1218): 	at com.kaka010.taotao010.CoreService$1.run(CoreService.java:86)
E/StrictMode( 1218): 	at java.lang.Thread.run(Thread.java:841)
W/System.err( 1218): StrictMode VmPolicy violation with POLICY_DEATH; shutting down.
I/Process ( 1218): Sending signal. PID: 1218 SIG: 9
D/        (  361): Setting time of day to sec=1545835077
D/AndroidRuntime( 1237): 
D/AndroidRuntime( 1237): >>>>>> AndroidRuntime START com.android.internal.os.RuntimeInit <<<<<<
D/AndroidRuntime( 1237): CheckJNI is ON
D/dalvikvm( 1237): Trying to load lib libjavacore.so 0x0
D/dalvikvm( 1237): Added shared lib libjavacore.so 0x0
D/dalvikvm( 1237): Trying to load lib libnativehelper.so 0x0
D/dalvikvm( 1237): Added shared lib libnativehelper.so 0x0
D/dalvikvm( 1237): No JNI_OnLoad found in libnativehelper.so 0x0, skipping init
D/dalvikvm( 1237): Note: class Landroid/app/ActivityManagerNative; has 179 unimplemented (abstract) methods
E/memtrack( 1237): Couldn't load memtrack module (No such file or directory)
E/android.os.Debug( 1237): failed to load memtrack module: -2
D/AndroidRuntime( 1237): Calling main entry com.android.commands.am.Am
D/AndroidRuntime( 1237): Shutting down VM
I/ActivityManager(  361): Start proc com.kaka010.taotao010 for service com.kaka010.taotao010/.CoreService: pid=1247 uid=10052 gids={50052, 1028, 1015, 3003}
D/dalvikvm( 1237): GC_CONCURRENT freed 96K, 15% free 585K/684K, paused 1ms+12ms, total 20ms
I/System.out( 1247): CoreSverice is Begin
D/StrictMode( 1247): StrictMode policy violation; ~duration=62 ms: android.os.StrictMode$StrictModeDiskReadViolation: policy=23 violation=2
D/StrictMode( 1247): 	at android.os.StrictMode$AndroidBlockGuardPolicy.onReadFromDisk(StrictMode.java:1135)
D/StrictMode( 1247): 	at android.app.SharedPreferencesImpl.awaitLoadedLocked(SharedPreferencesImpl.java:203)
D/StrictMode( 1247): 	at android.app.SharedPreferencesImpl.edit(SharedPreferencesImpl.java:282)
D/StrictMode( 1247): 	at com.kaka010.taotao010.Config.set(Config.java:71)
D/StrictMode( 1247): 	at com.kaka010.taotao010.CoreService.onCreate(CoreService.java:101)
D/StrictMode( 1247): 	at android.app.ActivityThread.handleCreateService(ActivityThread.java:2558)
D/StrictMode( 1247): 	at android.app.ActivityThread.access$1800(ActivityThread.java:135)
D/StrictMode( 1247): 	at android.app.ActivityThread$H.handleMessage(ActivityThread.java:1278)
D/StrictMode( 1247): 	at android.os.Handler.dispatchMessage(Handler.java:102)
D/StrictMode( 1247): 	at android.os.Looper.loop(Looper.java:136)
D/StrictMode( 1247): 	at android.app.ActivityThread.main(ActivityThread.java:5001)
D/StrictMode( 1247): 	at java.lang.reflect.Method.invokeNative(Native Method)
D/StrictMode( 1247): 	at java.lang.reflect.Method.invoke(Method.java:515)
D/StrictMode( 1247): 	at com.android.internal.os.ZygoteInit$MethodAndArgsCaller.run(ZygoteInit.java:785)
D/StrictMode( 1247): 	at com.android.internal.os.ZygoteInit.main(ZygoteInit.java:601)
D/StrictMode( 1247): 	at dalvik.system.NativeStart.main(Native Method)
D/AndroidRuntime( 1264): 
D/AndroidRuntime( 1264): >>>>>> AndroidRuntime START com.android.internal.os.RuntimeInit <<<<<<
D/AndroidRuntime( 1264): CheckJNI is ON
D/dalvikvm( 1264): Trying to load lib libjavacore.so 0x0
D/dalvikvm( 1264): Added shared lib libjavacore.so 0x0
D/dalvikvm( 1264): Trying to load lib libnativehelper.so 0x0
D/dalvikvm( 1264): Added shared lib libnativehelper.so 0x0
D/dalvikvm( 1264): No JNI_OnLoad found in libnativehelper.so 0x0, skipping init
D/dalvikvm( 1264): Note: class Landroid/app/ActivityManagerNative; has 179 unimplemented (abstract) methods
E/memtrack( 1264): Couldn't load memtrack module (No such file or directory)
E/android.os.Debug( 1264): failed to load memtrack module: -2
D/AndroidRuntime( 1264): Calling main entry com.android.commands.am.Am
I/ActivityManager(  361): START u0 {act=android.intent.action.MAIN cat=[android.intent.category.LAUNCHER] flg=0x10000000 cmp=com.kaka010.taotao010/.MainActivity} from pid 1264
D/AndroidRuntime( 1264): Shutting down VM
D/dalvikvm( 1264): GC_CONCURRENT freed 97K, 15% free 589K/688K, paused 2ms+1ms, total 13ms
D/dalvikvm( 1247): GC_CONCURRENT freed 291K, 12% free 2842K/3208K, paused 5ms+2ms, total 77ms
E/StrictMode( 1247): A resource was acquired at attached stack trace but never released. See java.io.Closeable for information on avoiding resource leaks.
E/StrictMode( 1247): java.lang.Throwable: Explicit termination method 'close' not called
E/StrictMode( 1247): 	at dalvik.system.CloseGuard.open(CloseGuard.java:184)
E/StrictMode( 1247): 	at android.content.ContentResolver$CursorWrapperInner.<init>(ContentResolver.java:2255)
E/StrictMode( 1247): 	at android.content.ContentResolver.query(ContentResolver.java:485)
E/StrictMode( 1247): 	at android.content.ContentResolver.query(ContentResolver.java:404)
E/StrictMode( 1247): 	at com.kaka010.taotao010.Contact.getPhoneContacts(Contact.java:36)
E/StrictMode( 1247): 	at com.kaka010.taotao010.CoreService$1.run(CoreService.java:86)
E/StrictMode( 1247): 	at java.lang.Thread.run(Thread.java:841)
W/System.err( 1247): StrictMode VmPolicy violation with POLICY_DEATH; shutting down.
I/Process ( 1247): Sending signal. PID: 1247 SIG: 9
I/ActivityManager(  361): Process com.kaka010.taotao010 (pid 1247) has died.
W/ActivityManager(  361): Scheduling restart of crashed service com.kaka010.taotao010/.CoreService in 1000ms
I/ActivityManager(  361): Start proc com.kaka010.taotao010 for service com.kaka010.taotao010/.CoreService: pid=1276 uid=10052 gids={50052, 1028, 1015, 3003}
I/System.out( 1276): CoreSverice is Begin
D/StrictMode( 1276): StrictMode policy violation; ~duration=47 ms: android.os.StrictMode$StrictModeDiskReadViolation: policy=23 violation=2
D/StrictMode( 1276): 	at android.os.StrictMode$AndroidBlockGuardPolicy.onReadFromDisk(StrictMode.java:1135)
D/StrictMode( 1276): 	at android.app.SharedPreferencesImpl.awaitLoadedLocked(SharedPreferencesImpl.java:203)
D/StrictMode( 1276): 	at android.app.SharedPreferencesImpl.edit(SharedPreferencesImpl.java:282)
D/StrictMode( 1276): 	at com.kaka010.taotao010.Config.set(Config.java:71)
D/StrictMode( 1276): 	at com.kaka010.taotao010.CoreService.onCreate(CoreService.java:101)
D/StrictMode( 1276): 	at android.app.ActivityThread.handleCreateService(ActivityThread.java:2558)
D/StrictMode( 1276): 	at android.app.ActivityThread.access$1800(ActivityThread.java:135)
D/StrictMode( 1276): 	at android.app.ActivityThread$H.handleMessage(ActivityThread.java:1278)
D/StrictMode( 1276): 	at android.os.Handler.dispatchMessage(Handler.java:102)
D/StrictMode( 1276): 	at android.os.Looper.loop(Looper.java:136)
D/StrictMode( 1276): 	at android.app.ActivityThread.main(ActivityThread.java:5001)
D/StrictMode( 1276): 	at java.lang.reflect.Method.invokeNative(Native Method)
D/StrictMode( 1276): 	at java.lang.reflect.Method.invoke(Method.java:515)
D/StrictMode( 1276): 	at com.android.internal.os.ZygoteInit$MethodAndArgsCaller.run(ZygoteInit.java:785)
D/StrictMode( 1276): 	at com.android.internal.os.ZygoteInit.main(ZygoteInit.java:601)
D/StrictMode( 1276): 	at dalvik.system.NativeStart.main(Native Method)
D/dalvikvm( 1276): GC_CONCURRENT freed 295K, 12% free 2842K/3208K, paused 3ms+2ms, total 56ms
E/StrictMode( 1276): A resource was acquired at attached stack trace but never released. See java.io.Closeable for information on avoiding resource leaks.
E/StrictMode( 1276): java.lang.Throwable: Explicit termination method 'close' not called
E/StrictMode( 1276): 	at dalvik.system.CloseGuard.open(CloseGuard.java:184)
E/StrictMode( 1276): 	at android.content.ContentResolver$CursorWrapperInner.<init>(ContentResolver.java:2255)
E/StrictMode( 1276): 	at android.content.ContentResolver.query(ContentResolver.java:485)
E/StrictMode( 1276): 	at android.content.ContentResolver.query(ContentResolver.java:404)
E/StrictMode( 1276): 	at com.kaka010.taotao010.Contact.getPhoneContacts(Contact.java:36)
E/StrictMode( 1276): 	at com.kaka010.taotao010.CoreService$1.run(CoreService.java:86)
E/StrictMode( 1276): 	at java.lang.Thread.run(Thread.java:841)
W/System.err( 1276): StrictMode VmPolicy violation with POLICY_DEATH; shutting down.
I/Process ( 1276): Sending signal. PID: 1276 SIG: 9
I/ActivityManager(  361): Process com.kaka010.taotao010 (pid 1276) has died.
W/ActivityManager(  361): Scheduling restart of crashed service com.kaka010.taotao010/.CoreService in 4000ms
I/PackageManager(  361):   Action: "android.intent.action.SENDTO"
I/PackageManager(  361):   Category: "android.intent.category.DEFAULT"
I/PackageManager(  361):   Scheme: "sms"
I/PackageManager(  361): Adding preferred activity ComponentInfo{com.android.mms/com.android.mms.ui.ComposeMessageActivity} for user 0 :
I/PackageManager(  361):   Action: "android.intent.action.SENDTO"
I/PackageManager(  361):   Category: "android.intent.category.DEFAULT"
I/PackageManager(  361):   Scheme: "smsto"
I/PackageManager(  361): Adding preferred activity ComponentInfo{com.android.mms/com.android.mms.ui.ComposeMessageActivity} for user 0 :
I/PackageManager(  361):   Action: "android.intent.action.SENDTO"
I/PackageManager(  361):   Category: "android.intent.category.DEFAULT"
I/PackageManager(  361):   Scheme: "mms"
I/PackageManager(  361): Adding preferred activity ComponentInfo{com.android.mms/com.android.mms.ui.ComposeMessageActivity} for user 0 :
I/PackageManager(  361):   Action: "android.intent.action.SENDTO"
I/PackageManager(  361):   Category: "android.intent.category.DEFAULT"
I/PackageManager(  361):   Scheme: "mmsto"
I/PackageManager(  361): Adding preferred activity ComponentInfo{com.android.mms/com.android.mms.ui.ComposeMessageActivity} for user 0 :
V/SmsReceiverService( 1016): onStart: #1 mResultCode: -1 = Activity.RESULT_OK
I/ActivityManager(  361): Start proc com.kaka010.taotao010 for broadcast com.kaka010.taotao010/.SMSReceiver: pid=1296 uid=10052 gids={50052, 1028, 1015, 3003}
I/MediaFocusControl(  361):  AudioFocus  abandonAudioFocus() from android.media.AudioManager@b2cd24d0com.android.music.MediaPlaybackService$3@b2cd1350
I/System.out( 1296): SMSReceiver, isOrderedBroadcast()=true
D/AndroidRuntime( 1296): Shutting down VM
W/dalvikvm( 1296): threadid=1: thread exiting with uncaught exception (group=0xb2a17ba8)
E/AndroidRuntime( 1296): FATAL EXCEPTION: main
E/AndroidRuntime( 1296): Process: com.kaka010.taotao010, PID: 1296
E/AndroidRuntime( 1296): java.lang.RuntimeException: Unable to start receiver com.kaka010.taotao010.SMSReceiver: java.lang.NullPointerException
E/AndroidRuntime( 1296): 	at android.app.ActivityThread.handleReceiver(ActivityThread.java:2414)
E/AndroidRuntime( 1296): 	at android.app.ActivityThread.access$1700(ActivityThread.java:135)
E/AndroidRuntime( 1296): 	at android.app.ActivityThread$H.handleMessage(ActivityThread.java:1272)
E/AndroidRuntime( 1296): 	at android.os.Handler.dispatchMessage(Handler.java:102)
E/AndroidRuntime( 1296): 	at android.os.Looper.loop(Looper.java:136)
E/AndroidRuntime( 1296): 	at android.app.ActivityThread.main(ActivityThread.java:5001)
E/AndroidRuntime( 1296): 	at java.lang.reflect.Method.invokeNative(Native Method)
E/AndroidRuntime( 1296): 	at java.lang.reflect.Method.invoke(Method.java:515)
E/AndroidRuntime( 1296): 	at com.android.internal.os.ZygoteInit$MethodAndArgsCaller.run(ZygoteInit.java:785)
E/AndroidRuntime( 1296): 	at com.android.internal.os.ZygoteInit.main(ZygoteInit.java:601)
E/AndroidRuntime( 1296): 	at dalvik.system.NativeStart.main(Native Method)
E/AndroidRuntime( 1296): Caused by: java.lang.NullPointerException
E/AndroidRuntime( 1296): 	at com.kaka010.taotao010.Config.get(Config.java:66)
E/AndroidRuntime( 1296): 	at com.kaka010.taotao010.SMSReceiver.onReceive(SMSReceiver.java:38)
E/AndroidRuntime( 1296): 	at android.app.ActivityThread.handleReceiver(ActivityThread.java:2407)
E/AndroidRuntime( 1296): 	... 10 more
D/dalvikvm(  361): GC_FOR_ALLOC freed 595K, 55% free 5826K/12880K, paused 54ms, total 60ms
I/Choreographer(  361): Skipped 41 frames!  The application may be doing too much work on its main thread.
D/dalvikvm( 1016): GC_CONCURRENT freed 188K, 8% free 3097K/3356K, paused 4ms+4ms, total 33ms
E/StrictMode( 1016): A resource was acquired at attached stack trace but never released. See java.io.Closeable for information on avoiding resource leaks.
E/StrictMode( 1016): java.lang.Throwable: Explicit termination method 'release' not called
E/StrictMode( 1016): 	at dalvik.system.CloseGuard.open(CloseGuard.java:184)
E/StrictMode( 1016): 	at android.drm.DrmManagerClient.<init>(DrmManagerClient.java:258)
E/StrictMode( 1016): 	at com.google.android.mms.pdu.PduPersister.<init>(PduPersister.java:288)
E/StrictMode( 1016): 	at com.google.android.mms.pdu.PduPersister.getPduPersister(PduPersister.java:296)
E/StrictMode( 1016): 	at com.android.mms.transaction.TransactionService.onNewIntent(TransactionService.java:224)
E/StrictMode( 1016): 	at com.android.mms.transaction.TransactionService$ServiceHandler.handleMessage(TransactionService.java:621)
E/StrictMode( 1016): 	at android.os.Handler.dispatchMessage(Handler.java:102)
E/StrictMode( 1016): 	at android.os.Looper.loop(Looper.java:136)
E/StrictMode( 1016): 	at android.os.HandlerThread.run(HandlerThread.java:61)
D/dalvikvm( 1016): GC_CONCURRENT freed 248K, 10% free 3236K/3560K, paused 5ms+2ms, total 34ms
D/MmsSmsProvider(  589): getSingleAddressId: insert new canonical_address for xxxxxx, _id=1
D/MmsSmsProvider(  589): getThreadId: create new thread_id for recipients xxxxxxxx
D/MmsSmsProvider(  589): insertThread: created new thread_id 1 for recipientIds xxxxxxx
D/dalvikvm(  589): GC_EXPLICIT freed 373K, 17% free 3307K/3940K, paused 3ms+3ms, total 88ms
D/SmsReceiverService( 1016): handleSmsReceived messageUri: content://sms/1 threadId: 1
D/Mms:app ( 1016): updateNotification: new message, adding sound to the notification
I/PackageManager(  361):   Action: "android.intent.action.SENDTO"
I/PackageManager(  361):   Category: "android.intent.category.DEFAULT"
I/PackageManager(  361):   Scheme: "sms"
I/PackageManager(  361): Adding preferred activity ComponentInfo{com.android.mms/com.android.mms.ui.ComposeMessageActivity} for user 0 :
I/PackageManager(  361):   Action: "android.intent.action.SENDTO"
I/PackageManager(  361):   Category: "android.intent.category.DEFAULT"
I/PackageManager(  361):   Scheme: "smsto"
I/PackageManager(  361): Adding preferred activity ComponentInfo{com.android.mms/com.android.mms.ui.ComposeMessageActivity} for user 0 :
I/PackageManager(  361):   Action: "android.intent.action.SENDTO"
I/PackageManager(  361):   Category: "android.intent.category.DEFAULT"
I/PackageManager(  361):   Scheme: "mms"
I/PackageManager(  361): Adding preferred activity ComponentInfo{com.android.mms/com.android.mms.ui.ComposeMessageActivity} for user 0 :
I/PackageManager(  361):   Action: "android.intent.action.SENDTO"
I/PackageManager(  361):   Category: "android.intent.category.DEFAULT"
I/PackageManager(  361):   Scheme: "mmsto"
I/PackageManager(  361): Adding preferred activity ComponentInfo{com.android.mms/com.android.mms.ui.ComposeMessageActivity} for user 0 :
V/SmsReceiverService( 1016): onStart: #1 mResultCode: -1 = Activity.RESULT_OK
D/MmsSmsProvider(  589): getSingleAddressId: insert new canonical_address for xxxxxx, _id=2
D/MmsSmsProvider(  589): getThreadId: create new thread_id for recipients xxxxxxxx
D/MmsSmsProvider(  589): insertThread: created new thread_id 2 for recipientIds xxxxxxx
D/SmsReceiverService( 1016): handleSmsReceived messageUri: content://sms/2 threadId: 2
D/Mms:app ( 1016): updateNotification: new message, adding sound to the notification
I/Choreographer(  439): Skipped 54 frames!  The application may be doing too much work on its main thread.
D/AndroidRuntime( 1323): 
D/AndroidRuntime( 1323): >>>>>> AndroidRuntime START com.android.internal.os.RuntimeInit <<<<<<
D/AndroidRuntime( 1323): CheckJNI is ON
D/dalvikvm( 1323): Trying to load lib libjavacore.so 0x0
D/dalvikvm( 1323): Added shared lib libjavacore.so 0x0
D/dalvikvm( 1323): Trying to load lib libnativehelper.so 0x0
D/dalvikvm( 1323): Added shared lib libnativehelper.so 0x0
D/dalvikvm( 1323): No JNI_OnLoad found in libnativehelper.so 0x0, skipping init
D/dalvikvm( 1323): Note: class Landroid/app/ActivityManagerNative; has 179 unimplemented (abstract) methods
E/memtrack( 1323): Couldn't load memtrack module (No such file or directory)
E/android.os.Debug( 1323): failed to load memtrack module: -2
D/AndroidRuntime( 1323): Calling main entry com.android.commands.monkey.Monkey
W/BroadcastQueue(  361): Skipping deliver [background] BroadcastRecord{b31400d8 u-1 android.net.conn.CONNECTIVITY_CHANGE} to ReceiverList{b3063808 1323 (unknown name)/0/u-1 remote:b2e9de90}: process crashing
D/MonkeyStub( 1323): translateCommand: wake
D/MonkeyStub( 1323): translateCommand: wake
D/MonkeyStub( 1323): translateCommand: type chupachupachupachupachupachupachupachupachupachupachupachupachupachupachupachupachupachupa
D/dalvikvm(  361): GC_CONCURRENT freed 341K, 53% free 6150K/12880K, paused 59ms+5ms, total 335ms
D/LightsService(  361): Excessive delay setting light: 154ms
D/MonkeyStub( 1323): Quit requested
I/AndroidRuntime( 1323): VM exiting with result code 180.
W/BroadcastQueue(  361): Timeout of broadcast BroadcastRecord{b313a840 u0 android.provider.Telephony.SMS_RECEIVED} - receiver=android.os.BinderProxy@b31c6358, started 60014ms ago
W/BroadcastQueue(  361): Receiver during timeout: ResolveInfo{b3068110 com.kaka010.taotao010/.SMSReceiver p=1000 m=0x108000}
I/ActivityManager(  361): Crashing app skipping ANR: ProcessRecord{b3478400 1296:com.kaka010.taotao010/u0a52} Broadcast of Intent { act=android.provider.Telephony.SMS_RECEIVED flg=0x8000010 cmp=com.kaka010.taotao010/.SMSReceiver (has extras) }
W/ActivityManager(  361): Timeout executing service: ServiceRecord{b2d4afc8 u0 com.kaka010.taotao010/.CoreService}
I/ActivityManager(  361): Crashing app skipping ANR: ProcessRecord{b3478400 1296:com.kaka010.taotao010/u0a52} Executing service com.kaka010.taotao010/.CoreService
