I/PackageManager(  356):   Action: "android.intent.action.SENDTO"
I/PackageManager(  356):   Category: "android.intent.category.DEFAULT"
I/PackageManager(  356):   Scheme: "smsto"
I/PackageManager(  356): Adding preferred activity ComponentInfo{com.android.mms/com.android.mms.ui.ComposeMessageActivity} for user 0 :
D/dalvikvm(  601): GC_CONCURRENT freed 363K, 15% free 3363K/3944K, paused 17ms+3ms, total 53ms
D/dalvikvm(  356): GC_EXPLICIT freed 758K, 56% free 5646K/12708K, paused 260ms+9ms, total 350ms
D/dalvikvm(  356): WAIT_FOR_CONCURRENT_GC blocked 121ms
D/dalvikvm(  356): WAIT_FOR_CONCURRENT_GC blocked 86ms
D/dalvikvm(  356): WAIT_FOR_CONCURRENT_GC blocked 85ms
D/dalvikvm(  356): WAIT_FOR_CONCURRENT_GC blocked 78ms
D/dalvikvm(  356): WAIT_FOR_CONCURRENT_GC blocked 71ms
V/BackupManagerService(  356): addPackageParticipantsLocked: #1
D/dalvikvm(  356): WAIT_FOR_CONCURRENT_GC blocked 128ms
I/PackageManager(  356):   Action: "android.intent.action.SENDTO"
I/PackageManager(  356):   Category: "android.intent.category.DEFAULT"
I/PackageManager(  356):   Scheme: "mms"
I/PackageManager(  356): Adding preferred activity ComponentInfo{com.android.mms/com.android.mms.ui.ComposeMessageActivity} for user 0 :
I/PackageManager(  356):   Action: "android.intent.action.SENDTO"
I/PackageManager(  356):   Category: "android.intent.category.DEFAULT"
I/PackageManager(  356):   Scheme: "mmsto"
I/PackageManager(  356): Adding preferred activity ComponentInfo{com.android.mms/com.android.mms.ui.ComposeMessageActivity} for user 0 :
D/AndroidRuntime(  784): Shutting down VM
D/dalvikvm(  784): GC_CONCURRENT freed 95K, 16% free 560K/660K, paused 2ms+23ms, total 33ms
D/ExternalStorage(  904): Missing UUID for /storage/sdcard; skipping
D/ExternalStorage(  904): After updating volumes, found 0 active roots
D/ExternalStorage(  904): Missing UUID for /storage/sdcard; skipping
D/ExternalStorage(  904): After updating volumes, found 0 active roots
D/MediaScannerReceiver(  625): action: android.intent.action.MEDIA_MOUNTED path: /storage/sdcard
I/ActivityManager(  356): Start proc com.android.email for content provider com.android.email/.provider.EmailProvider: pid=920 uid=10024 gids={50024, 3003, 1028, 1015}
D/dalvikvm(  356): GC_CONCURRENT freed 601K, 56% free 5668K/12708K, paused 35ms+35ms, total 222ms
E/BluetoothAdapter(  614): Bluetooth binder is null
I/ActivityManager(  356): Start proc com.android.music for broadcast com.android.music/.MediaButtonIntentReceiver: pid=935 uid=10032 gids={50032, 3003, 1028, 1015}
I/dalvikvm(  935): CheckJNI enabled: not enabling JNI app bug workarounds.
D/ActivityThread(  920): Loading provider com.android.email.provider;com.android.email.notifier: com.android.email.provider.EmailProvider
D/ActivityThread(  920): Loading provider com.android.email.provider;com.android.email.notifier: com.android.email.provider.EmailProvider
W/RecognitionManagerService(  356): no available voice recognition services found for user 0
E/logwrapper(  950): executing /system/bin/ip failed: No such file or directory
E/ConnectivityService(  356): Exception trying to add a route: java.lang.IllegalStateException: command '45 interface fwmark exempt add 10.0.2.2/32' failed with '400 45 Failed to add exemption rule (File exists)'
E/logwrapper(  951): executing /system/bin/ip failed: No such file or directory
E/ConnectivityService(  356): Exception trying to add a route: java.lang.IllegalStateException: command '47 interface fwmark exempt add 172.217.23.14/32' failed with '400 47 Failed to add exemption rule (File exists)'
D/ConnectivityService(  356): requestRouteToHostAddress ok=false
D/ConnectivityService(  356): [CheckMp] isMobileOk: could not establish route to hostAddr=clients3.google.com/172.217.23.14
I/ContactDirectoryManager(  545): deleted 0 stale rows which don't have any relevant directory
I/ContactDirectoryManager(  545): Discovered 0 contact directories in 3849ms
I/ContactsProvider(  545): Upgrading aggregation algorithm
I/ContactAggregator(  545): Marked all visible contacts for aggregation: 0 raw contacts, 5 ms
V/MediaScanner(  625): pruneDeadThumbnailFiles... android.database.sqlite.SQLiteCursor@b2d45100
V/MediaScanner(  625): /pruneDeadThumbnailFiles... android.database.sqlite.SQLiteCursor@b2d45100
I/ContactsProvider(  545): Aggregation algorithm upgraded for 0 raw contacts in 186ms
I/ContactsFTS(  545): Rebuild contact search index in 277ms, 0 contacts
D/dalvikvm(  545): GC_CONCURRENT freed 304K, 11% free 3084K/3456K, paused 4ms+2ms, total 60ms
D/dalvikvm(  920): GC_CONCURRENT freed 205K, 9% free 2887K/3164K, paused 31ms+2ms, total 71ms
I/MediaFocusControl(  356):   Remote Control   registerMediaButtonIntent() for PendingIntent{b3071408: PendingIntentRecord{b30713a8 com.android.music broadcastIntent}}
E/BluetoothAdapter(  614): Bluetooth binder is null
I/ActivityManager(  356): Start proc com.android.calendar for broadcast com.android.calendar/.widget.CalendarAppWidgetService$CalendarFactory: pid=954 uid=10016 gids={50016, 3003}
D/ExtensionsFactory(  954): No custom extensions.
I/ActivityManager(  356): Start proc com.android.deskclock for broadcast com.android.deskclock/.AlarmInitReceiver: pid=972 uid=10020 gids={50020, 1028}
I/ActivityManager(  356): Start proc com.android.providers.calendar for content provider com.android.providers.calendar/.CalendarProvider2: pid=977 uid=10001 gids={50001, 3003, 1028, 1015}
D/dalvikvm(   58): GC_EXPLICIT freed 40K, 4% free 2705K/2816K, paused 13ms+2ms, total 72ms
D/dalvikvm(   58): GC_EXPLICIT freed <1K, 4% free 2705K/2816K, paused 2ms+2ms, total 44ms
D/dalvikvm(   58): GC_EXPLICIT freed <1K, 4% free 2705K/2816K, paused 12ms+12ms, total 54ms
W/ActivityManager(  356): Unable to start service Intent { cmp=com.android.email/.service.AttachmentDownloadService } U=0: not found
I/CalendarDatabaseHelper(  977): Bootstrapping database
I/Email   (  920): Observing account changes for notifications
W/ActivityManager(  356): Unable to start service Intent { cmp=com.android.email/.service.AttachmentDownloadService } U=0: not found
W/ActivityManager(  356): Unable to start service Intent { cmp=com.android.email/.service.AttachmentDownloadService } U=0: not found
I/CalendarProvider2(  977): Created com.android.providers.calendar.CalendarAlarmManager@b2d20980(com.android.providers.calendar.CalendarProvider2@b2d0d058)
V/AlarmClock(  972): AlarmInitReceiver android.intent.action.TIMEZONE_CHANGED
I/AlarmClock(  972): Alarms Table created
I/AlarmClock(  972): Instance table created
I/AlarmClock(  972): Cities table created
I/AlarmClock(  972): Inserting default alarms
I/AlarmClock(  972): Displaying next alarm time: ''
W/BackupManagerService(  356): dataChanged but no participant pkg='com.android.providers.settings' uid=10020
V/AlarmClock(  972): AlarmInitReceiver finished
E/BluetoothAdapter(  614): Bluetooth binder is null
E/logwrapper( 1004): executing /system/bin/ip failed: No such file or directory
E/ConnectivityService(  356): Exception trying to add a route: java.lang.IllegalStateException: command '49 interface fwmark exempt add 10.0.2.2/32' failed with '400 49 Failed to add exemption rule (File exists)'
I/ActivityManager(  356): Start proc com.android.dialer for broadcast com.android.dialer/.calllog.CallLogReceiver: pid=1005 uid=10004 gids={50004, 3003, 1028, 1015}
E/logwrapper( 1013): executing /system/bin/ip failed: No such file or directory
E/ConnectivityService(  356): Exception trying to add a route: java.lang.IllegalStateException: command '51 interface fwmark exempt add 172.217.23.14/32' failed with '400 51 Failed to add exemption rule (File exists)'
D/ConnectivityService(  356): requestRouteToHostAddress ok=false
D/ConnectivityService(  356): [CheckMp] isMobileOk: could not establish route to hostAddr=clients3.google.com/172.217.23.14
D/ExtensionsFactory( 1005): No custom extensions.
I/ActivityManager(  356): Delay finish: com.android.dialer/.calllog.CallLogReceiver
D/dalvikvm(  356): GC_CONCURRENT freed 535K, 55% free 5787K/12708K, paused 4ms+18ms, total 97ms
I/CalendarProvider2(  977): Sending notification intent: Intent { act=android.intent.action.PROVIDER_CHANGED dat=content://com.android.calendar }
W/ContentResolver(  977): Failed to get type for: content://com.android.calendar (Unknown URL content://com.android.calendar)
I/ActivityManager(  356): Resuming delayed broadcast
E/BluetoothAdapter(  356): Bluetooth binder is null
E/BluetoothAdapter(  356): Bluetooth binder is null
V/WiredAccessoryManager(  356): init()
I/PowerManagerService(  356): Boot animation finished.
E/SoundPool(  356): error loading /system/media/audio/ui/Effect_Tick.ogg
W/AudioService(  356): Soundpool could not load file: /system/media/audio/ui/Effect_Tick.ogg
E/SoundPool(  356): error loading /system/media/audio/ui/Effect_Tick.ogg
W/AudioService(  356): Soundpool could not load file: /system/media/audio/ui/Effect_Tick.ogg
E/SoundPool(  356): error loading /system/media/audio/ui/Effect_Tick.ogg
W/AudioService(  356): Soundpool could not load file: /system/media/audio/ui/Effect_Tick.ogg
E/SoundPool(  356): error loading /system/media/audio/ui/Effect_Tick.ogg
W/AudioService(  356): Soundpool could not load file: /system/media/audio/ui/Effect_Tick.ogg
E/SoundPool(  356): error loading /system/media/audio/ui/Effect_Tick.ogg
W/AudioService(  356): Soundpool could not load file: /system/media/audio/ui/Effect_Tick.ogg
E/SoundPool(  356): error loading /system/media/audio/ui/KeypressStandard.ogg
W/AudioService(  356): Soundpool could not load file: /system/media/audio/ui/KeypressStandard.ogg
E/SoundPool(  356): error loading /system/media/audio/ui/KeypressSpacebar.ogg
W/AudioService(  356): Soundpool could not load file: /system/media/audio/ui/KeypressSpacebar.ogg
E/SoundPool(  356): error loading /system/media/audio/ui/KeypressDelete.ogg
W/AudioService(  356): Soundpool could not load file: /system/media/audio/ui/KeypressDelete.ogg
E/SoundPool(  356): error loading /system/media/audio/ui/KeypressReturn.ogg
W/AudioService(  356): Soundpool could not load file: /system/media/audio/ui/KeypressReturn.ogg
E/SoundPool(  356): error loading /system/media/audio/ui/KeypressInvalid.ogg
W/AudioService(  356): Soundpool could not load file: /system/media/audio/ui/KeypressInvalid.ogg
W/AudioService(  356): onLoadSoundEffects(), Error -1 while loading samples
I/RecoverySystem(  356): No recovery log file
I/BootReceiver(  356): Copying audit failures to DropBox
I/BootReceiver(  356): Checking for fsck errors
I/ActivityManager(  356): Delay finish: com.android.providers.media/.MediaScannerReceiver
I/ActivityManager(  356): Resuming delayed broadcast
I/ActivityManager(  356): Start proc com.android.mms for broadcast com.android.mms/.transaction.MmsSystemEventReceiver: pid=1032 uid=10009 gids={50009, 3003, 1028, 1015}
I/MediaProvider(  625): Upgrading media database from version 0 to 700, which will destroy all old data
D/CountryDetector(  356): The first listener is added
V/MmsConfig( 1032): mnc/mcc: 310260
V/MmsConfig( 1032): tag: bool value: enabledMMS - true
V/MmsConfig( 1032): tag: int value: maxMessageSize - 307200
V/MmsConfig( 1032): tag: int value: maxImageHeight - 480
V/MmsConfig( 1032): tag: int value: maxImageWidth - 640
V/MmsConfig( 1032): tag: int value: defaultSMSMessagesPerThread - 10000
V/MmsConfig( 1032): tag: int value: defaultMMSMessagesPerThread - 1000
V/MmsConfig( 1032): tag: int value: minMessageCountPerThread - 10
V/MmsConfig( 1032): tag: int value: maxMessageCountPerThread - 5000
V/MmsConfig( 1032): tag: string value: uaProfUrl - http://www.google.com/oha/rdf/ua-profile-kila.xml
V/MmsConfig( 1032): tag: int value: recipientLimit - -1
V/MmsConfig( 1032): tag: bool value: enableMultipartSMS - true
V/MmsConfig( 1032): tag: int value: smsToMmsTextThreshold - -1
V/MmsConfig( 1032): tag: bool value: enableSlideDuration - true
V/MmsConfig( 1032): tag: int value: maxMessageTextSize - -1
I/ActivityManager(  356): Delay finish: com.android.mms/.transaction.MmsSystemEventReceiver
E/SQLiteLog(  625): (1) no such table: files
D/Mms:app ( 1032): cancelNotification
I/ActivityManager(  356): Resuming delayed broadcast
I/ActivityManager(  356): Delay finish: com.android.mms/.transaction.SmsReceiver
D/MmsSmsDatabaseHelper(  601): [MmsSmsDb] tableName: threads hasAutoIncrement: CREATE TABLE threads (_id INTEGER PRIMARY KEY AUTOINCREMENT,date INTEGER DEFAULT 0,message_count INTEGER DEFAULT 0,recipient_ids TEXT,snippet TEXT,snippet_cs INTEGER DEFAULT 0,read INTEGER DEFAULT 1,type INTEGER DEFAULT 0,error INTEGER DEFAULT 0,has_attachment INTEGER DEFAULT 0) result: true
D/MmsSmsDatabaseHelper(  601): [MmsSmsDb] tableName: canonical_addresses hasAutoIncrement: CREATE TABLE canonical_addresses (_id INTEGER PRIMARY KEY AUTOINCREMENT,address TEXT) result: true
D/MmsSmsDatabaseHelper(  601): [MmsSmsDb] tableName: part hasAutoIncrement: CREATE TABLE part (_id INTEGER PRIMARY KEY AUTOINCREMENT,mid INTEGER,seq INTEGER DEFAULT 0,ct TEXT,name TEXT,chset INTEGER,cd TEXT,fn TEXT,cid TEXT,cl TEXT,ctt_s INTEGER,ctt_t TEXT,_data TEXT,text TEXT) result: true
D/MmsSmsDatabaseHelper(  601): [MmsSmsDb] tableName: pdu hasAutoIncrement: CREATE TABLE pdu (_id INTEGER PRIMARY KEY AUTOINCREMENT,thread_id INTEGER,date INTEGER,date_sent INTEGER DEFAULT 0,msg_box INTEGER,read INTEGER DEFAULT 0,m_id TEXT,sub TEXT,sub_cs INTEGER,ct_t TEXT,ct_l TEXT,exp INTEGER,m_cls TEXT,m_type INTEGER,v INTEGER,m_size INTEGER,pri INTEGER,rr INTEGER,rpt_a INTEGER,resp_st INTEGER,st INTEGER,tr_id TEXT,retr_st INTEGER,retr_txt TEXT,retr_txt_cs INTEGER,read_status INTEGER,ct_cls INTEGER,resp_txt TEXT,d_tm INTEGER,d_rpt INTEGER,locked INTEGER DEFAULT 0,seen INTEGER DEFAULT 0,text_only INTEGER DEFAULT 0) result: true
D/MmsSmsDatabaseHelper(  601): [getWritableDatabase] hasAutoIncrementThreads: true hasAutoIncrementAddresses: true hasAutoIncrementPart: true hasAutoIncrementPdu: true
E/WVMExtractor(   60): Failed to open libwvm.so
D/Mms:app ( 1032): cancelNotification
I/ActivityManager(  356): Resuming delayed broadcast
D/AlertReceiver(  954): onReceive: a=android.intent.action.BOOT_COMPLETED Intent { act=android.intent.action.BOOT_COMPLETED flg=0x8000010 cmp=com.android.calendar/.alerts.AlertReceiver (has extras) }
I/ActivityManager(  356): Delay finish: com.android.calendar/.alerts.AlertReceiver
D/AlertUtils(  954): Flushing old alerts from shared prefs table
D/AlertService(  954): 0 Action = android.intent.action.BOOT_COMPLETED
D/AlertService(  954): Scheduling next alarm with AlarmScheduler. sEventReminderReceived: null
D/dalvikvm(  954): GC_CONCURRENT freed 309K, 12% free 2809K/3192K, paused 5ms+2ms, total 89ms
D/AlarmScheduler(  954): No events found starting within 1 week.
D/ConnectivityService(  356): [CheckMp] isMobileOk: too many loops tried - giving up
D/ConnectivityService(  356): [CheckMp] isMobileOk: X loops|timed out result=0
D/ConnectivityService(  356): [CheckMp] isMobileOk: F stop hipri
D/MobileDataStateTracker(  356): default: setEnableFailFastMobileData(enabled=0)
D/ConnectivityService(  356): stopUsingNetworkFeature: teardown net 0: enableHIPRI
D/MobileDataStateTracker(  356): hipri: Broadcast received: android.intent.action.ANY_DATA_STATE apnType=hipri
D/MobileDataStateTracker(  356): hipri: Received state=DISCONNECTED, old=CONNECTED, reason=dataDisabled
D/MobileDataStateTracker(  356): hipri: setDetailed state, old =CONNECTED and new state=DISCONNECTED
D/ConnectivityService(  356): ConnectivityChange for mobile_hipri: DISCONNECTED/DISCONNECTED
E/logwrapper( 1062): executing /system/bin/ip failed: No such file or directory
E/SecondaryTablController(   54): ip route del failed: /system/bin/ip route del 10.0.2.2/32 via 0.0.0.0 dev eth0 table 60
W/FrameworkListener(   54): Handler 'interface' error (No such device)
D/dalvikvm(  601): GC_CONCURRENT freed 508K, 16% free 3345K/3944K, paused 5ms+27ms, total 81ms
E/logwrapper( 1063): executing /system/bin/ip failed: No such file or directory
E/SecondaryTablController(   54): ip route del failed: /system/bin/ip route del 0.0.0.0/0 via 10.0.2.2 dev eth0 table 60
W/FrameworkListener(   54): Handler 'interface' error (No such device)
D/Nat464Xlat(  356): requiresClat: netType=5, hasIPv4Address=true
D/MobileDataStateTracker(  356): default: setPolicyDataEnable(enabled=true)
D/dalvikvm(  356): GC_CONCURRENT freed 739K, 56% free 5713K/12708K, paused 24ms+21ms, total 195ms
D/dalvikvm(  625): GC_CONCURRENT freed 244K, 10% free 3028K/3340K, paused 5ms+13ms, total 65ms
E/NetdConnector(  356): NDC Command {59 bandwidth removeiquota eth0} took too long (845ms)
E/NetdConnector(  356): NDC Command {60 bandwidth gettetherstats} took too long (777ms)
D/dalvikvm(  356): GC_CONCURRENT freed 633K, 56% free 5708K/12708K, paused 63ms+5ms, total 168ms
V/MediaScanner(  625): pruneDeadThumbnailFiles... android.database.sqlite.SQLiteCursor@b2d22f00
V/MediaScanner(  625): /pruneDeadThumbnailFiles... android.database.sqlite.SQLiteCursor@b2d22f00
I/ActivityManager(  356): Resuming delayed broadcast
V/AlarmClock(  972): AlarmInitReceiver android.intent.action.BOOT_COMPLETED
E/MetadataRetrieverClient(   60): failed to extract an album art
V/AlarmClock(  972): AlarmInitReceiver - Reset timers and clear stopwatch data
V/AlarmClock(  972): AlarmInitReceiver - resetting volume button default
E/NetdConnector(  356): NDC Command {61 bandwidth setiquota eth0 9223372036854775807} took too long (1969ms)
D/dalvikvm(  972): GC_CONCURRENT freed 408K, 15% free 2800K/3288K, paused 15ms+4ms, total 150ms
D/MobileDataStateTracker(  356): default: setPolicyDataEnable(enabled=true)
D/Tethering(  356): MasterInitialState.processMessage what=3
D/Tethering(  356): MasterInitialState.processMessage what=3
D/CaptivePortalTracker(  356): NoActiveNetworkState{ when=-17ms what=1 obj=NetworkInfo: type: mobile_hipri[UMTS], state: DISCONNECTED/DISCONNECTED, reason: dataDisabled, extra: epc.tmobile.com, roaming: false, failover: false, isAvailable: true, isConnectedToProvisioningNetwork: false target=com.android.internal.util.StateMachine$SmHandler }
D/CaptivePortalTracker(  356): NoActiveNetworkState not a wifi connectivity change, ignore
D/CaptivePortalTracker(  356): NoActiveNetworkState{ when=-1ms what=1 obj=NetworkInfo: type: mobile[UMTS], state: CONNECTED/CONNECTED, reason: connected, extra: epc.tmobile.com, roaming: false, failover: false, isAvailable: true, isConnectedToProvisioningNetwork: false target=com.android.internal.util.StateMachine$SmHandler }
D/CaptivePortalTracker(  356): NoActiveNetworkState not a wifi connectivity change, ignore
I/AlarmClock(  972): Displaying next alarm time: ''
V/AlarmClock(  972): AlarmInitReceiver finished
I/ActivityManager(  356): Delay finish: com.android.email/.service.EmailUpgradeBroadcastReceiver
I/ActivityManager(  356): Resuming delayed broadcast
I/ActivityManager(  356): Delay finish: com.android.email/.service.EmailBroadcastReceiver
I/Email   (  920): Onetime initialization: 1
I/Email   (  920): Onetime initialization: 2
E/NetdConnector(  356): NDC Command {62 bandwidth removeiquota eth0} took too long (668ms)
I/Email   (  920): Onetime initialization: completed.
I/ActivityManager(  356): Delaying start of: ServiceRecord{b35f9e30 u0 com.android.exchange/.service.EmailSyncAdapterService}
D/dalvikvm(  356): GC_CONCURRENT freed 630K, 56% free 5706K/12708K, paused 14ms+5ms, total 133ms
I/ActivityManager(  356): Resuming delayed broadcast
I/LauncherIconVisibilityManager(  589): Boot has been completed
I/LauncherIconVisibilityManager(  589): Disable activity: ComponentInfo{com.android.inputmethod.latin/com.android.inputmethod.latin.setup.SetupActivity}
E/BluetoothAdapter(  614): Bluetooth binder is null
I/ActivityManager(  356): Delay finish: com.android.settings/.widget.SettingsAppWidgetProvider
D/dalvikvm( 1032): GC_CONCURRENT freed 232K, 10% free 2866K/3172K, paused 3ms+2ms, total 183ms
D/ConnectivityService(  356): [CheckMp] isMobileOk: X result=0
D/ConnectivityService(  356): [CheckMp] onPostExecute: result=0
D/ConnectivityService(  356): CheckMp.onComplete: result=0
D/ConnectivityService(  356): CheckMp.onComplete: ignore, connected or no connection
I/ActivityManager(  356): Resuming delayed broadcast
W/BroadcastQueue(  356): Permission Denial: broadcasting Intent { act=android.appwidget.action.APPWIDGET_UPDATE_OPTIONS flg=0x10 cmp=com.android.settings/.widget.SettingsAppWidgetProvider (has extras) } from android (pid=676, uid=10008) is not exported from uid 1000 due to receiver com.android.settings/.widget.SettingsAppWidgetProvider
E/NetdConnector(  356): NDC Command {63 bandwidth setiquota eth0 9223372036854775807} took too long (1508ms)
D/MobileDataStateTracker(  356): default: setPolicyDataEnable(enabled=true)
D/MobileDataStateTracker(  356): default: setPolicyDataEnable(enabled=true)
I/ActivityManager(  356): Delay finish: com.android.providers.contacts/.PackageIntentReceiver
I/ActivityManager(  356): Resuming delayed broadcast
I/ActivityManager(  356): Start proc com.svox.pico for broadcast com.svox.pico/.VoiceDataInstallerReceiver: pid=1130 uid=10037 gids={50037, 1028, 1015}
I/InputReader(  356): Reconfiguring input devices.  changes=0x00000010
I/InputReader(  356): Reconfiguring input devices.  changes=0x00000010
I/InputReader(  356): Reconfiguring input devices.  changes=0x00000010
I/PackageManager(  356):   Action: "android.intent.action.SENDTO"
I/PackageManager(  356):   Category: "android.intent.category.DEFAULT"
I/PackageManager(  356):   Scheme: "sms"
I/PackageManager(  356): Adding preferred activity ComponentInfo{com.android.mms/com.android.mms.ui.ComposeMessageActivity} for user 0 :
I/PackageManager(  356):   Action: "android.intent.action.SENDTO"
I/PackageManager(  356):   Category: "android.intent.category.DEFAULT"
I/PackageManager(  356):   Scheme: "smsto"
I/PackageManager(  356): Adding preferred activity ComponentInfo{com.android.mms/com.android.mms.ui.ComposeMessageActivity} for user 0 :
I/PackageManager(  356):   Action: "android.intent.action.SENDTO"
I/PackageManager(  356):   Category: "android.intent.category.DEFAULT"
I/PackageManager(  356):   Scheme: "mms"
I/PackageManager(  356): Adding preferred activity ComponentInfo{com.android.mms/com.android.mms.ui.ComposeMessageActivity} for user 0 :
D/dalvikvm(  356): GC_CONCURRENT freed 656K, 55% free 5793K/12708K, paused 8ms+5ms, total 128ms
D/dalvikvm(  356): WAIT_FOR_CONCURRENT_GC blocked 33ms
I/PackageManager(  356):   Action: "android.intent.action.SENDTO"
I/PackageManager(  356):   Category: "android.intent.category.DEFAULT"
I/PackageManager(  356):   Scheme: "mmsto"
I/PackageManager(  356): Adding preferred activity ComponentInfo{com.android.mms/com.android.mms.ui.ComposeMessageActivity} for user 0 :
I/PackageManager(  356): Adding preferred activity ComponentInfo{com.android.mms/com.android.mms.ui.ComposeMessageActivity} for user 0 :
I/PackageManager(  356):   Action: "android.intent.action.SENDTO"
I/PackageManager(  356):   Category: "android.intent.category.DEFAULT"
I/PackageManager(  356):   Scheme: "sms"
I/PackageManager(  356):   Action: "android.intent.action.SENDTO"
I/PackageManager(  356):   Category: "android.intent.category.DEFAULT"
I/PackageManager(  356):   Scheme: "smsto"
I/PackageManager(  356): Adding preferred activity ComponentInfo{com.android.mms/com.android.mms.ui.ComposeMessageActivity} for user 0 :
D/dalvikvm(  601): GC_CONCURRENT freed 386K, 15% free 3387K/3944K, paused 13ms+2ms, total 92ms
I/PackageManager(  356):   Action: "android.intent.action.SENDTO"
I/PackageManager(  356):   Category: "android.intent.category.DEFAULT"
I/PackageManager(  356):   Scheme: "mms"
I/PackageManager(  356): Adding preferred activity ComponentInfo{com.android.mms/com.android.mms.ui.ComposeMessageActivity} for user 0 :
I/PackageManager(  356):   Action: "android.intent.action.SENDTO"
I/PackageManager(  356):   Category: "android.intent.category.DEFAULT"
I/PackageManager(  356):   Scheme: "mmsto"
I/PackageManager(  356): Adding preferred activity ComponentInfo{com.android.mms/com.android.mms.ui.ComposeMessageActivity} for user 0 :
I/PackageManager(  356):   Action: "android.intent.action.SENDTO"
I/PackageManager(  356):   Category: "android.intent.category.DEFAULT"
I/PackageManager(  356): Adding preferred activity ComponentInfo{com.android.mms/com.android.mms.ui.ComposeMessageActivity} for user 0 :
I/PackageManager(  356):   Scheme: "sms"
I/PackageManager(  356):   Action: "android.intent.action.SENDTO"
I/PackageManager(  356):   Category: "android.intent.category.DEFAULT"
I/PackageManager(  356):   Scheme: "smsto"
I/PackageManager(  356): Adding preferred activity ComponentInfo{com.android.mms/com.android.mms.ui.ComposeMessageActivity} for user 0 :
I/PackageManager(  356): Adding preferred activity ComponentInfo{com.android.mms/com.android.mms.ui.ComposeMessageActivity} for user 0 :
D/dalvikvm(  356): GC_CONCURRENT freed 775K, 55% free 5794K/12708K, paused 24ms+5ms, total 169ms
D/dalvikvm(  356): WAIT_FOR_CONCURRENT_GC blocked 26ms
I/PackageManager(  356):   Action: "android.intent.action.SENDTO"
I/PackageManager(  356):   Category: "android.intent.category.DEFAULT"
I/PackageManager(  356):   Scheme: "mms"
D/dalvikvm(  356): WAIT_FOR_CONCURRENT_GC blocked 30ms
D/dalvikvm(  356): WAIT_FOR_CONCURRENT_GC blocked 31ms
D/dalvikvm(  601): GC_CONCURRENT freed 443K, 16% free 3367K/3968K, paused 5ms+2ms, total 32ms
D/dalvikvm(  601): WAIT_FOR_CONCURRENT_GC blocked 15ms
I/PackageManager(  356):   Action: "android.intent.action.SENDTO"
I/PackageManager(  356):   Category: "android.intent.category.DEFAULT"
I/PackageManager(  356):   Scheme: "mmsto"
I/PackageManager(  356): Adding preferred activity ComponentInfo{com.android.mms/com.android.mms.ui.ComposeMessageActivity} for user 0 :
I/PackageManager(  356):   Action: "android.intent.action.SENDTO"
I/PackageManager(  356):   Category: "android.intent.category.DEFAULT"
I/PackageManager(  356): Adding preferred activity ComponentInfo{com.android.mms/com.android.mms.ui.ComposeMessageActivity} for user 0 :
I/PackageManager(  356):   Scheme: "sms"
I/PackageManager(  356):   Action: "android.intent.action.SENDTO"
I/PackageManager(  356):   Category: "android.intent.category.DEFAULT"
I/PackageManager(  356):   Scheme: "smsto"
I/PackageManager(  356): Adding preferred activity ComponentInfo{com.android.mms/com.android.mms.ui.ComposeMessageActivity} for user 0 :
I/PackageManager(  356):   Action: "android.intent.action.SENDTO"
I/PackageManager(  356):   Category: "android.intent.category.DEFAULT"
I/PackageManager(  356):   Scheme: "mms"
I/PackageManager(  356): Adding preferred activity ComponentInfo{com.android.mms/com.android.mms.ui.ComposeMessageActivity} for user 0 :
I/PackageManager(  356):   Action: "android.intent.action.SENDTO"
I/PackageManager(  356):   Category: "android.intent.category.DEFAULT"
I/PackageManager(  356):   Scheme: "mmsto"
I/PackageManager(  356): Adding preferred activity ComponentInfo{com.android.mms/com.android.mms.ui.ComposeMessageActivity} for user 0 :
D/dalvikvm(  601): GC_CONCURRENT freed 382K, 15% free 3389K/3968K, paused 4ms+3ms, total 33ms
D/AlertReceiver(  954): onReceive: a=android.intent.action.PROVIDER_CHANGED Intent { act=android.intent.action.PROVIDER_CHANGED dat=content://com.android.calendar flg=0x10 cmp=com.android.calendar/.alerts.AlertReceiver }
I/PackageManager(  356):   Action: "android.intent.action.SENDTO"
I/PackageManager(  356):   Category: "android.intent.category.DEFAULT"
I/PackageManager(  356):   Scheme: "sms"
I/PackageManager(  356): Adding preferred activity ComponentInfo{com.android.mms/com.android.mms.ui.ComposeMessageActivity} for user 0 :
I/ActivityManager(  356): Delay finish: com.android.calendar/.alerts.AlertReceiver
I/PackageManager(  356):   Action: "android.intent.action.SENDTO"
I/PackageManager(  356):   Category: "android.intent.category.DEFAULT"
I/PackageManager(  356):   Scheme: "smsto"
I/PackageManager(  356): Adding preferred activity ComponentInfo{com.android.mms/com.android.mms.ui.ComposeMessageActivity} for user 0 :
D/dalvikvm(  356): GC_CONCURRENT freed 750K, 55% free 5818K/12708K, paused 5ms+4ms, total 94ms
D/dalvikvm(  356): WAIT_FOR_CONCURRENT_GC blocked 28ms
I/PackageManager(  356):   Action: "android.intent.action.SENDTO"
I/PackageManager(  356):   Category: "android.intent.category.DEFAULT"
I/PackageManager(  356):   Scheme: "mms"
I/PackageManager(  356): Adding preferred activity ComponentInfo{com.android.mms/com.android.mms.ui.ComposeMessageActivity} for user 0 :
I/PackageManager(  356):   Action: "android.intent.action.SENDTO"
I/PackageManager(  356):   Category: "android.intent.category.DEFAULT"
I/PackageManager(  356):   Scheme: "mmsto"
I/PackageManager(  356): Adding preferred activity ComponentInfo{com.android.mms/com.android.mms.ui.ComposeMessageActivity} for user 0 :
I/PackageManager(  356):   Action: "android.intent.action.SENDTO"
I/PackageManager(  356):   Category: "android.intent.category.DEFAULT"
I/PackageManager(  356):   Scheme: "sms"
I/PackageManager(  356): Adding preferred activity ComponentInfo{com.android.mms/com.android.mms.ui.ComposeMessageActivity} for user 0 :
I/PackageManager(  356):   Action: "android.intent.action.SENDTO"
I/PackageManager(  356):   Category: "android.intent.category.DEFAULT"
I/PackageManager(  356):   Scheme: "smsto"
I/PackageManager(  356): Adding preferred activity ComponentInfo{com.android.mms/com.android.mms.ui.ComposeMessageActivity} for user 0 :
D/dalvikvm(  601): GC_CONCURRENT freed 421K, 15% free 3385K/3968K, paused 3ms+2ms, total 48ms
D/dalvikvm(  601): WAIT_FOR_CONCURRENT_GC blocked 12ms
I/PackageManager(  356):   Action: "android.intent.action.SENDTO"
I/PackageManager(  356):   Category: "android.intent.category.DEFAULT"
I/PackageManager(  356):   Scheme: "mms"
I/PackageManager(  356): Adding preferred activity ComponentInfo{com.android.mms/com.android.mms.ui.ComposeMessageActivity} for user 0 :
I/PackageManager(  356):   Action: "android.intent.action.SENDTO"
I/PackageManager(  356):   Category: "android.intent.category.DEFAULT"
I/PackageManager(  356):   Scheme: "mmsto"
I/PackageManager(  356): Adding preferred activity ComponentInfo{com.android.mms/com.android.mms.ui.ComposeMessageActivity} for user 0 :
D/AlertService(  954): 0 Action = android.intent.action.PROVIDER_CHANGED
D/dalvikvm(  356): GC_CONCURRENT freed 719K, 55% free 5761K/12708K, paused 5ms+5ms, total 66ms
E/WindowManager(  356): Starting window AppWindowToken{b2d65310 token=Token{b3697ca8 ActivityRecord{b3697b48 u0 com.caf.fmradio/.MainActivity t4}}} timed out
I/ActivityManager(  356): Waited long enough for: ServiceRecord{b36741e8 u0 com.android.music/.MediaPlaybackService}
I/ActivityManager(  356): Resuming delayed broadcast
E/BluetoothAdapter(  614): Bluetooth binder is null
I/ActivityManager(  356): Delay finish: com.android.mms/.transaction.SmsReceiver
V/SmsReceiverService( 1032): onStart: #1 mResultCode: -1 = Activity.RESULT_OK
I/ActivityManager(  356): Resuming delayed broadcast
I/ActivityManager(  356): Delay finish: com.android.providers.calendar/.CalendarProviderBroadcastReceiver
D/dalvikvm(  977): GC_CONCURRENT freed 221K, 10% free 2895K/3188K, paused 4ms+11ms, total 61ms
I/ActivityManager(  356): Resuming delayed broadcast
I/ActivityManager(  356): Delay finish: com.android.deskclock/com.android.alarmclock.DigitalAppWidgetProvider
I/ActivityManager(  356): Resuming delayed broadcast
I/GlobalDismissManager(  954): no sender configured
D/AlertService(  954): Beginning updateAlertNotification
D/AlertService(  954): No fired or scheduled alerts
D/AlertService(  954): Scheduling next alarm with AlarmScheduler. sEventReminderReceived: null
D/AlarmScheduler(  954): No events found starting within 1 week.
D/MobileDataStateTracker(  356): default: setPolicyDataEnable(enabled=true)
D/ConnectivityService(  356): Sampling interval elapsed, updating statistics ..
D/ConnectivityService(  356): Done.
D/ConnectivityService(  356): Setting timer for 720seconds
D/AndroidRuntime( 1154): 
D/AndroidRuntime( 1154): >>>>>> AndroidRuntime START com.android.internal.os.RuntimeInit <<<<<<
D/AndroidRuntime( 1154): CheckJNI is ON
D/dalvikvm( 1154): Trying to load lib libjavacore.so 0x0
D/dalvikvm( 1154): Added shared lib libjavacore.so 0x0
D/dalvikvm( 1154): Trying to load lib libnativehelper.so 0x0
D/dalvikvm( 1154): Added shared lib libnativehelper.so 0x0
D/dalvikvm( 1154): No JNI_OnLoad found in libnativehelper.so 0x0, skipping init
D/dalvikvm( 1154): Note: class Landroid/app/ActivityManagerNative; has 179 unimplemented (abstract) methods
E/memtrack( 1154): Couldn't load memtrack module (No such file or directory)
E/android.os.Debug( 1154): failed to load memtrack module: -2
D/AndroidRuntime( 1154): Calling main entry com.android.commands.am.Am
I/ActivityManager(  356): Waited long enough for: ServiceRecord{b35abbc8 u0 com.android.calendar/.alerts.InitAlarmsService}
I/ActivityManager(  356): START u0 {act=android.intent.action.MAIN cat=[android.intent.category.LAUNCHER] flg=0x10000000 cmp=com.caf.fmradio/.MainActivity} from pid 1154
D/gralloc (   57): Registering a buffer in the process that created it. This may cause memory ordering problems.
E/libEGL  (   57): called unimplemented OpenGL ES API
E/libEGL  (   57): called unimplemented OpenGL ES API
E/libEGL  (   57): called unimplemented OpenGL ES API
E/libEGL  (   57): called unimplemented OpenGL ES API
E/SurfaceFlinger(   57): glCheckFramebufferStatusOES error 37070214
E/SurfaceFlinger(   57): got GL_FRAMEBUFFER_COMPLETE_OES error while taking screenshot
E/libEGL  (   57): called unimplemented OpenGL ES API
E/libEGL  (   57): called unimplemented OpenGL ES API
W/WindowManager(  356): Screenshot failure taking screenshot for (164x295) to layer 21005
I/ActivityManager(  356): Start proc com.caf.fmradio for activity com.caf.fmradio/.MainActivity: pid=1165 uid=10052 gids={50052}
D/dalvikvm( 1165): Not late-enabling CheckJNI (already on)
I/ActivityManager(  356): START u0 {act=android.intent.action.MAIN cat=[android.intent.category.HOME] cmp=com.android.launcher/com.android.launcher2.Launcher} from pid 1165
I/ARMAssembler(   57): generated scanline__00000077:03010104_00008001_00000000 [ 89 ipp] (110 ins) at [0xb5ae5680:0xb5ae5838] in 0 ns
D/gralloc (   57): Registering a buffer in the process that created it. This may cause memory ordering problems.
E/libEGL  (   57): called unimplemented OpenGL ES API
E/libEGL  (   57): called unimplemented OpenGL ES API
E/libEGL  (   57): called unimplemented OpenGL ES API
E/libEGL  (   57): called unimplemented OpenGL ES API
E/SurfaceFlinger(   57): glCheckFramebufferStatusOES error 37070214
E/SurfaceFlinger(   57): got GL_FRAMEBUFFER_COMPLETE_OES error while taking screenshot
E/libEGL  (   57): called unimplemented OpenGL ES API
E/libEGL  (   57): called unimplemented OpenGL ES API
W/WindowManager(  356): Screenshot failure taking screenshot for (164x295) to layer 21010
W/ActivityManager(  356): Activity pause timeout for ActivityRecord{b3697b48 u0 com.caf.fmradio/.MainActivity t4}
W/InputMethodManagerService(  356): Window already focused, ignoring focus gain of: com.android.internal.view.IInputMethodClient$Stub$Proxy@b31d0610 attribute=null, token = android.os.BinderProxy@b33f8268
W/ActivityManager(  356): Unable to start service Intent { cmp=com.caf.fmradio/.MainActivity } U=0: not found
I/Choreographer(  676): Skipped 94 frames!  The application may be doing too much work on its main thread.
I/SoftAAC2(   60): Reconfiguring decoder: 0->44100 Hz, 0->2 channels
D/AudioSink(   60): bufferCount (4) is too small and increased to 12
E/AudioSink(   60): received unknown event type: 1 inside CallbackWrapper !
I/Choreographer( 1165): Skipped 576 frames!  The application may be doing too much work on its main thread.
I/Choreographer(  676): Skipped 35 frames!  The application may be doing too much work on its main thread.
E/MediaPlayer( 1165): Should have subtitle controller already set
V/AlarmClock(  972): AlarmInitReceiver android.intent.action.TIME_SET
D/dalvikvm(  356): GC_CONCURRENT freed 535K, 54% free 5877K/12708K, paused 15ms+7ms, total 77ms
I/AlarmClock(  972): Displaying next alarm time: ''
V/AlarmClock(  972): AlarmInitReceiver finished
D/InitAlarmsService(  954): Clearing and rescheduling alarms.
D/AndroidRuntime( 1184): 
D/AndroidRuntime( 1184): >>>>>> AndroidRuntime START com.android.internal.os.RuntimeInit <<<<<<
D/AndroidRuntime( 1184): CheckJNI is ON
D/dalvikvm( 1184): Trying to load lib libjavacore.so 0x0
D/dalvikvm( 1184): Added shared lib libjavacore.so 0x0
D/dalvikvm( 1184): Trying to load lib libnativehelper.so 0x0
D/dalvikvm( 1184): Added shared lib libnativehelper.so 0x0
D/dalvikvm( 1184): No JNI_OnLoad found in libnativehelper.so 0x0, skipping init
D/dalvikvm( 1184): Note: class Landroid/app/ActivityManagerNative; has 179 unimplemented (abstract) methods
E/memtrack( 1184): Couldn't load memtrack module (No such file or directory)
E/android.os.Debug( 1184): failed to load memtrack module: -2
D/AndroidRuntime( 1184): Calling main entry com.android.commands.am.Am
D/AndroidRuntime( 1184): Shutting down VM
D/dalvikvm( 1184): GC_CONCURRENT freed 97K, 15% free 587K/688K, paused 2ms+1ms, total 9ms
W/InputMethodManagerService(  356): Starting input on non-focused client com.android.internal.view.IInputMethodClient$Stub$Proxy@b35abff0 (uid=10008 pid=676)
D/gralloc_goldfish( 1165): Emulator without GPU emulation detected.
D/        (  356): Setting time of day to sec=1545857545
D/LightsService(  356): Excessive delay setting light: 62ms
I/MediaFocusControl(  356):  AudioFocus  abandonAudioFocus() from android.media.AudioManager@b2d023b8com.android.music.MediaPlaybackService$3@b2d01238
