W/AwContents( 1070): nativeOnDraw failed; clearing to background color.
W/AwContents( 1070): nativeOnDraw failed; clearing to background color.
W/AwContents( 1070): nativeOnDraw failed; clearing to background color.
W/AwContents( 1070): nativeOnDraw failed; clearing to background color.
W/AwContents( 1070): nativeOnDraw failed; clearing to background color.
W/AwContents( 1070): nativeOnDraw failed; clearing to background color.
W/AwContents( 1070): nativeOnDraw failed; clearing to background color.
W/AwContents( 1070): nativeOnDraw failed; clearing to background color.
W/AwContents( 1070): nativeOnDraw failed; clearing to background color.
W/AwContents( 1070): nativeOnDraw failed; clearing to background color.
W/AwContents( 1070): nativeOnDraw failed; clearing to background color.
W/AwContents( 1070): nativeOnDraw failed; clearing to background color.
W/AwContents( 1070): nativeOnDraw failed; clearing to background color.
W/AwContents( 1070): nativeOnDraw failed; clearing to background color.
W/AwContents( 1070): nativeOnDraw failed; clearing to background color.
W/AwContents( 1070): nativeOnDraw failed; clearing to background color.
W/AwContents( 1070): nativeOnDraw failed; clearing to background color.
W/AwContents( 1070): nativeOnDraw failed; clearing to background color.
W/AwContents( 1070): nativeOnDraw failed; clearing to background color.
W/AwContents( 1070): nativeOnDraw failed; clearing to background color.
W/AwContents( 1070): nativeOnDraw failed; clearing to background color.
W/AwContents( 1070): nativeOnDraw failed; clearing to background color.
W/AwContents( 1070): nativeOnDraw failed; clearing to background color.
W/AwContents( 1070): nativeOnDraw failed; clearing to background color.
W/AwContents( 1070): nativeOnDraw failed; clearing to background color.
W/AwContents( 1070): nativeOnDraw failed; clearing to background color.
W/AwContents( 1070): nativeOnDraw failed; clearing to background color.
W/AwContents( 1070): nativeOnDraw failed; clearing to background color.
W/AwContents( 1070): nativeOnDraw failed; clearing to background color.
W/AwContents( 1070): nativeOnDraw failed; clearing to background color.
W/AwContents( 1070): nativeOnDraw failed; clearing to background color.
W/AwContents( 1070): nativeOnDraw failed; clearing to background color.
W/AwContents( 1070): nativeOnDraw failed; clearing to background color.
W/AwContents( 1070): nativeOnDraw failed; clearing to background color.
W/AwContents( 1070): nativeOnDraw failed; clearing to background color.
W/AwContents( 1070): nativeOnDraw failed; clearing to background color.
W/AwContents( 1070): nativeOnDraw failed; clearing to background color.
W/AwContents( 1070): nativeOnDraw failed; clearing to background color.
W/AwContents( 1070): nativeOnDraw failed; clearing to background color.
W/AwContents( 1070): nativeOnDraw failed; clearing to background color.
W/AwContents( 1070): nativeOnDraw failed; clearing to background color.
W/AwContents( 1070): nativeOnDraw failed; clearing to background color.
W/AwContents( 1070): nativeOnDraw failed; clearing to background color.
W/AwContents( 1070): nativeOnDraw failed; clearing to background color.
W/AwContents( 1070): nativeOnDraw failed; clearing to background color.
W/AwContents( 1070): nativeOnDraw failed; clearing to background color.
W/AwContents( 1070): nativeOnDraw failed; clearing to background color.
W/AwContents( 1070): nativeOnDraw failed; clearing to background color.
W/AwContents( 1070): nativeOnDraw failed; clearing to background color.
W/AwContents( 1070): nativeOnDraw failed; clearing to background color.
W/AwContents( 1070): nativeOnDraw failed; clearing to background color.
W/AwContents( 1070): nativeOnDraw failed; clearing to background color.
W/AwContents( 1070): nativeOnDraw failed; clearing to background color.
W/AwContents( 1070): nativeOnDraw failed; clearing to background color.
W/AwContents( 1070): nativeOnDraw failed; clearing to background color.
W/AwContents( 1070): nativeOnDraw failed; clearing to background color.
W/AwContents( 1070): nativeOnDraw failed; clearing to background color.
W/AwContents( 1070): nativeOnDraw failed; clearing to background color.
W/AwContents( 1070): nativeOnDraw failed; clearing to background color.
W/AwContents( 1070): nativeOnDraw failed; clearing to background color.
W/AwContents( 1070): nativeOnDraw failed; clearing to background color.
W/AwContents( 1070): nativeOnDraw failed; clearing to background color.
W/AwContents( 1070): nativeOnDraw failed; clearing to background color.
W/AwContents( 1070): nativeOnDraw failed; clearing to background color.
W/AwContents( 1070): nativeOnDraw failed; clearing to background color.
W/AwContents( 1070): nativeOnDraw failed; clearing to background color.
W/AwContents( 1070): nativeOnDraw failed; clearing to background color.
W/AwContents( 1070): nativeOnDraw failed; clearing to background color.
W/AwContents( 1070): nativeOnDraw failed; clearing to background color.
W/AwContents( 1070): nativeOnDraw failed; clearing to background color.
W/AwContents( 1070): nativeOnDraw failed; clearing to background color.
W/AwContents( 1070): nativeOnDraw failed; clearing to background color.
W/AwContents( 1070): nativeOnDraw failed; clearing to background color.
W/AwContents( 1070): nativeOnDraw failed; clearing to background color.
W/AwContents( 1070): nativeOnDraw failed; clearing to background color.
W/AwContents( 1070): nativeOnDraw failed; clearing to background color.
W/AwContents( 1070): nativeOnDraw failed; clearing to background color.
W/AwContents( 1070): nativeOnDraw failed; clearing to background color.
W/AwContents( 1070): nativeOnDraw failed; clearing to background color.
D/        (  358): Setting time of day to sec=1545855844
W/AwContents( 1070): nativeOnDraw failed; clearing to background color.
W/AwContents( 1070): nativeOnDraw failed; clearing to background color.
W/AwContents( 1070): nativeOnDraw failed; clearing to background color.
W/AwContents( 1070): nativeOnDraw failed; clearing to background color.
W/AwContents( 1070): nativeOnDraw failed; clearing to background color.
W/AwContents( 1070): nativeOnDraw failed; clearing to background color.
W/AwContents( 1070): nativeOnDraw failed; clearing to background color.
W/AwContents( 1070): nativeOnDraw failed; clearing to background color.
W/AwContents( 1070): nativeOnDraw failed; clearing to background color.
W/AwContents( 1070): nativeOnDraw failed; clearing to background color.
W/AwContents( 1070): nativeOnDraw failed; clearing to background color.
W/AwContents( 1070): nativeOnDraw failed; clearing to background color.
W/AwContents( 1070): nativeOnDraw failed; clearing to background color.
W/AwContents( 1070): nativeOnDraw failed; clearing to background color.
W/AwContents( 1070): nativeOnDraw failed; clearing to background color.
W/AwContents( 1070): nativeOnDraw failed; clearing to background color.
W/AwContents( 1070): nativeOnDraw failed; clearing to background color.
D/ConnectivityService(  358): [CheckMp] isMobileOk: not connected ni=NetworkInfo: type: mobile_hipri[UMTS], state: DISCONNECTED/IDLE, reason: (unspecified), extra: (none), roaming: false, failover: false, isAvailable: true, isConnectedToProvisioningNetwork: false
W/AwContents( 1070): nativeOnDraw failed; clearing to background color.
W/AwContents( 1070): nativeOnDraw failed; clearing to background color.
W/AwContents( 1070): nativeOnDraw failed; clearing to background color.
W/AwContents( 1070): nativeOnDraw failed; clearing to background color.
W/AwContents( 1070): nativeOnDraw failed; clearing to background color.
W/AwContents( 1070): nativeOnDraw failed; clearing to background color.
W/AwContents( 1070): nativeOnDraw failed; clearing to background color.
W/AwContents( 1070): nativeOnDraw failed; clearing to background color.
W/ActivityManager(  358): Launch timeout has expired, giving up wake lock!
W/AwContents( 1070): nativeOnDraw failed; clearing to background color.
W/AwContents( 1070): nativeOnDraw failed; clearing to background color.
W/AwContents( 1070): nativeOnDraw failed; clearing to background color.
W/AwContents( 1070): nativeOnDraw failed; clearing to background color.
W/AwContents( 1070): nativeOnDraw failed; clearing to background color.
W/AwContents( 1070): nativeOnDraw failed; clearing to background color.
W/AwContents( 1070): nativeOnDraw failed; clearing to background color.
W/AwContents( 1070): nativeOnDraw failed; clearing to background color.
W/AwContents( 1070): nativeOnDraw failed; clearing to background color.
W/AwContents( 1070): nativeOnDraw failed; clearing to background color.
W/AwContents( 1070): nativeOnDraw failed; clearing to background color.
W/AwContents( 1070): nativeOnDraw failed; clearing to background color.
W/AwContents( 1070): nativeOnDraw failed; clearing to background color.
W/AwContents( 1070): nativeOnDraw failed; clearing to background color.
W/AwContents( 1070): nativeOnDraw failed; clearing to background color.
W/AwContents( 1070): nativeOnDraw failed; clearing to background color.
W/AwContents( 1070): nativeOnDraw failed; clearing to background color.
W/AwContents( 1070): nativeOnDraw failed; clearing to background color.
W/AwContents( 1070): nativeOnDraw failed; clearing to background color.
W/AwContents( 1070): nativeOnDraw failed; clearing to background color.
W/AwContents( 1070): nativeOnDraw failed; clearing to background color.
W/AwContents( 1070): nativeOnDraw failed; clearing to background color.
W/AwContents( 1070): nativeOnDraw failed; clearing to background color.
W/AwContents( 1070): nativeOnDraw failed; clearing to background color.
W/AwContents( 1070): nativeOnDraw failed; clearing to background color.
W/AwContents( 1070): nativeOnDraw failed; clearing to background color.
W/AwContents( 1070): nativeOnDraw failed; clearing to background color.
W/AwContents( 1070): nativeOnDraw failed; clearing to background color.
W/AwContents( 1070): nativeOnDraw failed; clearing to background color.
W/AwContents( 1070): nativeOnDraw failed; clearing to background color.
W/AwContents( 1070): nativeOnDraw failed; clearing to background color.
W/AwContents( 1070): nativeOnDraw failed; clearing to background color.
W/AwContents( 1070): nativeOnDraw failed; clearing to background color.
W/AwContents( 1070): nativeOnDraw failed; clearing to background color.
W/AwContents( 1070): nativeOnDraw failed; clearing to background color.
W/AwContents( 1070): nativeOnDraw failed; clearing to background color.
W/AwContents( 1070): nativeOnDraw failed; clearing to background color.
D/ConnectivityService(  358): [CheckMp] isMobileOk: not connected ni=NetworkInfo: type: mobile_hipri[UMTS], state: DISCONNECTED/IDLE, reason: (unspecified), extra: (none), roaming: false, failover: false, isAvailable: true, isConnectedToProvisioningNetwork: false
D/InitAlarmsService(  936): Clearing and rescheduling alarms.
D/ConnectivityService(  358): [CheckMp] isMobileOk: not connected ni=NetworkInfo: type: mobile_hipri[UMTS], state: DISCONNECTED/IDLE, reason: (unspecified), extra: (none), roaming: false, failover: false, isAvailable: true, isConnectedToProvisioningNetwork: false
D/ConnectivityService(  358): [CheckMp] isMobileOk: timed out
D/ConnectivityService(  358): [CheckMp] isMobileOk: F stop hipri
D/MobileDataStateTracker(  358): default: setEnableFailFastMobileData(enabled=0)
I/Choreographer( 1070): Skipped 61 frames!  The application may be doing too much work on its main thread.
D/AndroidRuntime( 1106): 
D/AndroidRuntime( 1106): >>>>>> AndroidRuntime START com.android.internal.os.RuntimeInit <<<<<<
D/AndroidRuntime( 1106): CheckJNI is ON
D/dalvikvm( 1106): Trying to load lib libjavacore.so 0x0
D/dalvikvm( 1106): Added shared lib libjavacore.so 0x0
D/dalvikvm( 1106): Trying to load lib libnativehelper.so 0x0
D/dalvikvm( 1106): Added shared lib libnativehelper.so 0x0
D/dalvikvm( 1106): No JNI_OnLoad found in libnativehelper.so 0x0, skipping init
D/dalvikvm( 1106): Note: class Landroid/app/ActivityManagerNative; has 179 unimplemented (abstract) methods
E/memtrack( 1106): Couldn't load memtrack module (No such file or directory)
E/android.os.Debug( 1106): failed to load memtrack module: -2
D/AndroidRuntime( 1106): Calling main entry com.android.commands.am.Am
I/Choreographer( 1070): Skipped 35 frames!  The application may be doing too much work on its main thread.
D/AndroidRuntime( 1106): Shutting down VM
D/dalvikvm( 1106): GC_CONCURRENT freed 97K, 15% free 587K/688K, paused 2ms+1ms, total 21ms
E/NetdConnector(  358): NDC Command {36 resolver clearifaceforpid 358} took too long (5516ms)
D/ConnectivityService(  358): stopUsingNetworkFeature: teardown net 0: enableHIPRI
D/MobileDataStateTracker(  358): hipri: Broadcast received: android.intent.action.ANY_DATA_STATE apnType=hipri
D/MobileDataStateTracker(  358): hipri: Received state=DISCONNECTED, old=CONNECTED, reason=dataDisabled
D/MobileDataStateTracker(  358): hipri: setDetailed state, old =IDLE and new state=DISCONNECTED
D/ConnectivityService(  358): ConnectivityChange for mobile_hipri: DISCONNECTED/DISCONNECTED
E/logwrapper( 1118): executing /system/bin/ip failed: No such file or directory
E/SecondaryTablController(   54): ip route del failed: /system/bin/ip route del 10.0.2.2/32 via 0.0.0.0 dev eth0 table 60
W/FrameworkListener(   54): Handler 'interface' error (No such device)
E/logwrapper( 1119): executing /system/bin/ip failed: No such file or directory
E/SecondaryTablController(   54): ip route del failed: /system/bin/ip route del 0.0.0.0/0 via 10.0.2.2 dev eth0 table 60
W/FrameworkListener(   54): Handler 'interface' error (No such device)
D/Nat464Xlat(  358): requiresClat: netType=5, hasIPv4Address=true
D/MobileDataStateTracker(  358): default: setPolicyDataEnable(enabled=true)
I/Choreographer( 1070): Skipped 123 frames!  The application may be doing too much work on its main thread.
E/NetdConnector(  358): NDC Command {43 bandwidth removeiquota eth0} took too long (613ms)
D/dalvikvm(  358): GC_CONCURRENT freed 617K, 55% free 5777K/12712K, paused 147ms+7ms, total 1308ms
E/NetdConnector(  358): NDC Command {45 bandwidth setiquota eth0 9223372036854775807} took too long (1310ms)
D/MobileDataStateTracker(  358): default: setPolicyDataEnable(enabled=true)
I/Choreographer( 1070): Skipped 31 frames!  The application may be doing too much work on its main thread.
W/ProcessCpuTracker(  358): Skipping unknown process pid 1148
E/NetdConnector(  358): NDC Command {46 bandwidth removeiquota eth0} took too long (809ms)
D/Tethering(  358): MasterInitialState.processMessage what=3
D/CaptivePortalTracker(  358): NoActiveNetworkState{ when=-18ms what=1 obj=NetworkInfo: type: mobile_hipri[UMTS], state: DISCONNECTED/DISCONNECTED, reason: dataDisabled, extra: epc.tmobile.com, roaming: false, failover: false, isAvailable: true, isConnectedToProvisioningNetwork: false target=com.android.internal.util.StateMachine$SmHandler }
D/CaptivePortalTracker(  358): NoActiveNetworkState not a wifi connectivity change, ignore
I/Choreographer( 1070): Skipped 31 frames!  The application may be doing too much work on its main thread.
D/Tethering(  358): MasterInitialState.processMessage what=3
D/CaptivePortalTracker(  358): NoActiveNetworkState{ when=-2ms what=1 obj=NetworkInfo: type: mobile[UMTS], state: CONNECTED/CONNECTED, reason: connected, extra: epc.tmobile.com, roaming: false, failover: false, isAvailable: true, isConnectedToProvisioningNetwork: false target=com.android.internal.util.StateMachine$SmHandler }
D/CaptivePortalTracker(  358): NoActiveNetworkState not a wifi connectivity change, ignore
E/NetdConnector(  358): NDC Command {47 bandwidth setiquota eth0 9223372036854775807} took too long (1348ms)
D/MobileDataStateTracker(  358): default: setPolicyDataEnable(enabled=true)
D/MobileDataStateTracker(  358): default: setPolicyDataEnable(enabled=true)
I/Choreographer( 1070): Skipped 53 frames!  The application may be doing too much work on its main thread.
I/Choreographer( 1070): Skipped 48 frames!  The application may be doing too much work on its main thread.
D/ConnectivityService(  358): [CheckMp] isMobileOk: X result=0
D/ConnectivityService(  358): [CheckMp] onPostExecute: result=0
D/ConnectivityService(  358): CheckMp.onComplete: result=0
D/ConnectivityService(  358): CheckMp.onComplete: ignore, connected or no connection
I/Choreographer( 1070): Skipped 56 frames!  The application may be doing too much work on its main thread.
I/Choreographer( 1070): Skipped 58 frames!  The application may be doing too much work on its main thread.
I/Choreographer( 1070): Skipped 57 frames!  The application may be doing too much work on its main thread.
I/Choreographer(  358): Skipped 30 frames!  The application may be doing too much work on its main thread.
I/Choreographer( 1070): Skipped 32 frames!  The application may be doing too much work on its main thread.
D/AndroidRuntime( 1173): 
D/AndroidRuntime( 1173): >>>>>> AndroidRuntime START com.android.internal.os.RuntimeInit <<<<<<
D/AndroidRuntime( 1173): CheckJNI is ON
D/dalvikvm( 1173): Trying to load lib libjavacore.so 0x0
D/dalvikvm( 1173): Added shared lib libjavacore.so 0x0
D/dalvikvm( 1173): Trying to load lib libnativehelper.so 0x0
D/dalvikvm( 1173): Added shared lib libnativehelper.so 0x0
D/dalvikvm( 1173): No JNI_OnLoad found in libnativehelper.so 0x0, skipping init
D/dalvikvm( 1173): Note: class Landroid/app/ActivityManagerNative; has 179 unimplemented (abstract) methods
E/memtrack( 1173): Couldn't load memtrack module (No such file or directory)
E/android.os.Debug( 1173): failed to load memtrack module: -2
D/AndroidRuntime( 1173): Calling main entry com.android.commands.am.Am
I/ActivityManager(  358): START u0 {act=android.intent.action.MAIN cat=[android.intent.category.LAUNCHER] flg=0x10000000 cmp=com.opgermany.iqtest/.MainActivity} from pid 1173
D/AndroidRuntime( 1173): Shutting down VM
D/dalvikvm( 1173): GC_CONCURRENT freed 97K, 15% free 590K/692K, paused 2ms+2ms, total 22ms
I/ActivityManager(  358): Waited long enough for: ServiceRecord{b3707d18 u0 com.android.providers.downloads/.DownloadService}
I/Choreographer( 1070): Skipped 58 frames!  The application may be doing too much work on its main thread.
I/ActivityManager(  358): Waited long enough for: ServiceRecord{b3128958 u0 com.android.mms/.transaction.TransactionService}
I/Choreographer( 1070): Skipped 56 frames!  The application may be doing too much work on its main thread.
I/MediaFocusControl(  358):  AudioFocus  abandonAudioFocus() from android.media.AudioManager@b2d833b8com.android.music.MediaPlaybackService$3@b2d82238
I/Choreographer( 1070): Skipped 33 frames!  The application may be doing too much work on its main thread.
I/Choreographer( 1070): Skipped 54 frames!  The application may be doing too much work on its main thread.
I/Choreographer( 1070): Skipped 34 frames!  The application may be doing too much work on its main thread.
I/Choreographer( 1070): Skipped 45 frames!  The application may be doing too much work on its main thread.
D/AndroidRuntime( 1193): 
D/AndroidRuntime( 1193): >>>>>> AndroidRuntime START com.android.internal.os.RuntimeInit <<<<<<
D/AndroidRuntime( 1193): CheckJNI is ON
D/dalvikvm( 1193): Trying to load lib libjavacore.so 0x0
D/dalvikvm( 1193): Added shared lib libjavacore.so 0x0
D/dalvikvm( 1193): Trying to load lib libnativehelper.so 0x0
D/dalvikvm( 1193): Added shared lib libnativehelper.so 0x0
D/dalvikvm( 1193): No JNI_OnLoad found in libnativehelper.so 0x0, skipping init
I/Choreographer( 1070): Skipped 30 frames!  The application may be doing too much work on its main thread.
D/dalvikvm( 1193): Note: class Landroid/app/ActivityManagerNative; has 179 unimplemented (abstract) methods
E/memtrack( 1193): Couldn't load memtrack module (No such file or directory)
E/android.os.Debug( 1193): failed to load memtrack module: -2
D/AndroidRuntime( 1193): Calling main entry com.android.commands.monkey.Monkey
W/BroadcastQueue(  358): Skipping deliver [background] BroadcastRecord{b312b820 u-1 android.net.conn.CONNECTIVITY_CHANGE} to ReceiverList{b344d928 1193 (unknown name)/0/u-1 remote:b344e588}: process crashing
D/MonkeyStub( 1193): translateCommand: wake
D/MonkeyStub( 1193): translateCommand: wake
D/MonkeyStub( 1193): translateCommand: type chupachupachupachupachupachupachupachupachupachupachupachupachupachupachupachupachupachupa
I/Choreographer( 1070): Skipped 35 frames!  The application may be doing too much work on its main thread.
I/Choreographer( 1070): Skipped 37 frames!  The application may be doing too much work on its main thread.
I/Choreographer( 1070): Skipped 41 frames!  The application may be doing too much work on its main thread.
I/Choreographer( 1070): Skipped 43 frames!  The application may be doing too much work on its main thread.
I/Choreographer( 1070): Skipped 32 frames!  The application may be doing too much work on its main thread.
D/MonkeyStub( 1193): Quit requested
I/AndroidRuntime( 1193): VM exiting with result code 180.
D/dalvikvm(  602): GC_CONCURRENT freed 511K, 17% free 3316K/3956K, paused 50ms+2ms, total 308ms
I/Choreographer( 1070): Skipped 77 frames!  The application may be doing too much work on its main thread.
