E/SoundPool(  342): error loading /system/media/audio/ui/Effect_Tick.ogg
W/AudioService(  342): Soundpool could not load file: /system/media/audio/ui/Effect_Tick.ogg
E/SoundPool(  342): error loading /system/media/audio/ui/Effect_Tick.ogg
W/AudioService(  342): Soundpool could not load file: /system/media/audio/ui/Effect_Tick.ogg
E/SoundPool(  342): error loading /system/media/audio/ui/Effect_Tick.ogg
W/AudioService(  342): Soundpool could not load file: /system/media/audio/ui/Effect_Tick.ogg
E/SoundPool(  342): error loading /system/media/audio/ui/Effect_Tick.ogg
W/AudioService(  342): Soundpool could not load file: /system/media/audio/ui/Effect_Tick.ogg
E/SoundPool(  342): error loading /system/media/audio/ui/Effect_Tick.ogg
W/AudioService(  342): Soundpool could not load file: /system/media/audio/ui/Effect_Tick.ogg
E/SoundPool(  342): error loading /system/media/audio/ui/KeypressStandard.ogg
W/AudioService(  342): Soundpool could not load file: /system/media/audio/ui/KeypressStandard.ogg
E/SoundPool(  342): error loading /system/media/audio/ui/KeypressSpacebar.ogg
W/AudioService(  342): Soundpool could not load file: /system/media/audio/ui/KeypressSpacebar.ogg
E/SoundPool(  342): error loading /system/media/audio/ui/KeypressDelete.ogg
W/AudioService(  342): Soundpool could not load file: /system/media/audio/ui/KeypressDelete.ogg
E/SoundPool(  342): error loading /system/media/audio/ui/KeypressReturn.ogg
W/AudioService(  342): Soundpool could not load file: /system/media/audio/ui/KeypressReturn.ogg
E/SoundPool(  342): error loading /system/media/audio/ui/KeypressInvalid.ogg
W/AudioService(  342): Soundpool could not load file: /system/media/audio/ui/KeypressInvalid.ogg
W/AudioService(  342): onLoadSoundEffects(), Error -1 while loading samples
I/RecoverySystem(  342): No recovery log file
I/BootReceiver(  342): Copying audit failures to DropBox
I/BootReceiver(  342): Checking for fsck errors
D/dalvikvm(  342): GC_CONCURRENT freed 710K, 56% free 5660K/12716K, paused 26ms+6ms, total 99ms
D/dalvikvm(  342): WAIT_FOR_CONCURRENT_GC blocked 55ms
I/ActivityManager(  342): Delay finish: com.android.providers.calendar/.CalendarReceiver
I/ContactsFTS(  553): Rebuild contact search index in 1437ms, 0 contacts
D/dalvikvm(  553): GC_CONCURRENT freed 261K, 10% free 3087K/3408K, paused 4ms+2ms, total 40ms
I/ActivityManager(  342): Resuming delayed broadcast
I/ActivityManager(  342): Delay finish: com.android.providers.downloads/.DownloadReceiver
I/ActivityManager(  342): Resuming delayed broadcast
I/ActivityManager(  342): Delay finish: com.android.providers.media/.MediaScannerReceiver
I/MediaProvider(  626): Upgrading media database from version 0 to 700, which will destroy all old data
E/logwrapper( 1027): executing /system/bin/ip failed: No such file or directory
I/CalendarProvider2(  982): Sending notification intent: Intent { act=android.intent.action.PROVIDER_CHANGED dat=content://com.android.calendar }
W/ContentResolver(  982): Failed to get type for: content://com.android.calendar (Unknown URL content://com.android.calendar)
E/ConnectivityService(  342): Exception trying to add a route: java.lang.IllegalStateException: command '49 interface fwmark exempt add 10.0.2.2/32' failed with '400 49 Failed to add exemption rule (File exists)'
I/ActivityManager(  342): Resuming delayed broadcast
I/ActivityManager(  342): Start proc com.android.mms for broadcast com.android.mms/.transaction.MmsSystemEventReceiver: pid=1028 uid=10009 gids={50009, 3003, 1028, 1015}
E/logwrapper( 1030): executing /system/bin/ip failed: No such file or directory
E/ConnectivityService(  342): Exception trying to add a route: java.lang.IllegalStateException: command '51 interface fwmark exempt add 172.217.23.14/32' failed with '400 51 Failed to add exemption rule (File exists)'
D/ConnectivityService(  342): requestRouteToHostAddress ok=false
D/ConnectivityService(  342): [CheckMp] isMobileOk: could not establish route to hostAddr=clients3.google.com/172.217.23.14
D/CountryDetector(  342): The first listener is added
V/MmsConfig( 1028): mnc/mcc: 310260
V/MmsConfig( 1028): tag: bool value: enabledMMS - true
V/MmsConfig( 1028): tag: int value: maxMessageSize - 307200
V/MmsConfig( 1028): tag: int value: maxImageHeight - 480
V/MmsConfig( 1028): tag: int value: maxImageWidth - 640
V/MmsConfig( 1028): tag: int value: defaultSMSMessagesPerThread - 10000
V/MmsConfig( 1028): tag: int value: defaultMMSMessagesPerThread - 1000
V/MmsConfig( 1028): tag: int value: minMessageCountPerThread - 10
V/MmsConfig( 1028): tag: int value: maxMessageCountPerThread - 5000
V/MmsConfig( 1028): tag: string value: uaProfUrl - http://www.google.com/oha/rdf/ua-profile-kila.xml
V/MmsConfig( 1028): tag: int value: recipientLimit - -1
V/MmsConfig( 1028): tag: bool value: enableMultipartSMS - true
V/MmsConfig( 1028): tag: int value: smsToMmsTextThreshold - -1
V/MmsConfig( 1028): tag: bool value: enableSlideDuration - true
V/MmsConfig( 1028): tag: int value: maxMessageTextSize - -1
E/SQLiteLog(  626): (1) no such table: files
E/WVMExtractor(   60): Failed to open libwvm.so
I/ActivityManager(  342): Delay finish: com.android.mms/.transaction.MmsSystemEventReceiver
D/dalvikvm(  626): GC_CONCURRENT freed 239K, 10% free 3028K/3328K, paused 15ms+3ms, total 73ms
D/Mms:app ( 1028): cancelNotification
I/ActivityManager(  342): Resuming delayed broadcast
I/ActivityManager(  342): Delay finish: com.android.mms/.transaction.SmsReceiver
D/MmsSmsDatabaseHelper(  605): [MmsSmsDb] tableName: threads hasAutoIncrement: CREATE TABLE threads (_id INTEGER PRIMARY KEY AUTOINCREMENT,date INTEGER DEFAULT 0,message_count INTEGER DEFAULT 0,recipient_ids TEXT,snippet TEXT,snippet_cs INTEGER DEFAULT 0,read INTEGER DEFAULT 1,type INTEGER DEFAULT 0,error INTEGER DEFAULT 0,has_attachment INTEGER DEFAULT 0) result: true
D/MmsSmsDatabaseHelper(  605): [MmsSmsDb] tableName: canonical_addresses hasAutoIncrement: CREATE TABLE canonical_addresses (_id INTEGER PRIMARY KEY AUTOINCREMENT,address TEXT) result: true
D/MmsSmsDatabaseHelper(  605): [MmsSmsDb] tableName: part hasAutoIncrement: CREATE TABLE part (_id INTEGER PRIMARY KEY AUTOINCREMENT,mid INTEGER,seq INTEGER DEFAULT 0,ct TEXT,name TEXT,chset INTEGER,cd TEXT,fn TEXT,cid TEXT,cl TEXT,ctt_s INTEGER,ctt_t TEXT,_data TEXT,text TEXT) result: true
V/MediaScanner(  626): pruneDeadThumbnailFiles... android.database.sqlite.SQLiteCursor@b2dd25a0
V/MediaScanner(  626): /pruneDeadThumbnailFiles... android.database.sqlite.SQLiteCursor@b2dd25a0
D/MmsSmsDatabaseHelper(  605): [MmsSmsDb] tableName: pdu hasAutoIncrement: CREATE TABLE pdu (_id INTEGER PRIMARY KEY AUTOINCREMENT,thread_id INTEGER,date INTEGER,date_sent INTEGER DEFAULT 0,msg_box INTEGER,read INTEGER DEFAULT 0,m_id TEXT,sub TEXT,sub_cs INTEGER,ct_t TEXT,ct_l TEXT,exp INTEGER,m_cls TEXT,m_type INTEGER,v INTEGER,m_size INTEGER,pri INTEGER,rr INTEGER,rpt_a INTEGER,resp_st INTEGER,st INTEGER,tr_id TEXT,retr_st INTEGER,retr_txt TEXT,retr_txt_cs INTEGER,read_status INTEGER,ct_cls INTEGER,resp_txt TEXT,d_tm INTEGER,d_rpt INTEGER,locked INTEGER DEFAULT 0,seen INTEGER DEFAULT 0,text_only INTEGER DEFAULT 0) result: true
D/MmsSmsDatabaseHelper(  605): [getWritableDatabase] hasAutoIncrementThreads: true hasAutoIncrementAddresses: true hasAutoIncrementPart: true hasAutoIncrementPdu: true
I/ActivityManager(  342): Resuming delayed broadcast
D/AlertReceiver(  952): onReceive: a=android.intent.action.BOOT_COMPLETED Intent { act=android.intent.action.BOOT_COMPLETED flg=0x8000010 cmp=com.android.calendar/.alerts.AlertReceiver (has extras) }
I/ActivityManager(  342): Delay finish: com.android.calendar/.alerts.AlertReceiver
D/AlertUtils(  952): Flushing old alerts from shared prefs table
D/dalvikvm( 1028): GC_CONCURRENT freed 229K, 10% free 2863K/3156K, paused 16ms+2ms, total 120ms
D/dalvikvm(  952): GC_CONCURRENT freed 278K, 11% free 2826K/3172K, paused 5ms+20ms, total 85ms
D/AlertService(  952): 0 Action = android.intent.action.BOOT_COMPLETED
D/AlertService(  952): Scheduling next alarm with AlarmScheduler. sEventReminderReceived: null
D/Mms:app ( 1028): cancelNotification
D/AlarmScheduler(  952): No events found starting within 1 week.
E/MetadataRetrieverClient(   60): failed to extract an album art
I/ActivityManager(  342): Resuming delayed broadcast
V/AlarmClock(  972): AlarmInitReceiver android.intent.action.BOOT_COMPLETED
V/AlarmClock(  972): AlarmInitReceiver - Reset timers and clear stopwatch data
V/AlarmClock(  972): AlarmInitReceiver - resetting volume button default
D/dalvikvm(  972): GC_CONCURRENT freed 376K, 14% free 2832K/3272K, paused 4ms+11ms, total 84ms
D/dalvikvm(  972): WAIT_FOR_CONCURRENT_GC blocked 22ms
I/AlarmClock(  972): Displaying next alarm time: ''
V/AlarmClock(  972): AlarmInitReceiver finished
I/ActivityManager(  342): Delay finish: com.android.email/.service.EmailUpgradeBroadcastReceiver
I/ActivityManager(  342): Resuming delayed broadcast
I/Email   (  918): Onetime initialization: 1
I/ActivityManager(  342): Delay finish: com.android.email/.service.EmailBroadcastReceiver
I/Email   (  918): Onetime initialization: 2
I/Email   (  918): Onetime initialization: completed.
I/ActivityManager(  342): Delaying start of: ServiceRecord{b32d07e8 u0 com.android.exchange/.service.EmailSyncAdapterService}
I/ActivityManager(  342): Resuming delayed broadcast
I/LauncherIconVisibilityManager(  589): Boot has been completed
I/LauncherIconVisibilityManager(  589): Disable activity: ComponentInfo{com.android.inputmethod.latin/com.android.inputmethod.latin.setup.SetupActivity}
D/ConnectivityService(  342): [CheckMp] isMobileOk: too many loops tried - giving up
D/ConnectivityService(  342): [CheckMp] isMobileOk: X loops|timed out result=0
D/ConnectivityService(  342): [CheckMp] isMobileOk: F stop hipri
D/MobileDataStateTracker(  342): default: setEnableFailFastMobileData(enabled=0)
D/dalvikvm(  342): GC_CONCURRENT freed 550K, 55% free 5828K/12716K, paused 13ms+4ms, total 139ms
D/ConnectivityService(  342): stopUsingNetworkFeature: teardown net 0: enableHIPRI
E/BluetoothAdapter(  616): Bluetooth binder is null
D/MobileDataStateTracker(  342): hipri: Broadcast received: android.intent.action.ANY_DATA_STATE apnType=hipri
D/MobileDataStateTracker(  342): hipri: Received state=DISCONNECTED, old=CONNECTED, reason=dataDisabled
D/MobileDataStateTracker(  342): hipri: setDetailed state, old =CONNECTED and new state=DISCONNECTED
D/ConnectivityService(  342): ConnectivityChange for mobile_hipri: DISCONNECTED/DISCONNECTED
E/logwrapper( 1064): executing /system/bin/ip failed: No such file or directory
E/SecondaryTablController(   54): ip route del failed: /system/bin/ip route del 10.0.2.2/32 via 0.0.0.0 dev eth0 table 60
D/dalvikvm(  605): GC_CONCURRENT freed 530K, 16% free 3344K/3936K, paused 12ms+3ms, total 94ms
W/FrameworkListener(   54): Handler 'interface' error (No such device)
E/logwrapper( 1065): executing /system/bin/ip failed: No such file or directory
E/SecondaryTablController(   54): ip route del failed: /system/bin/ip route del 0.0.0.0/0 via 10.0.2.2 dev eth0 table 60
W/FrameworkListener(   54): Handler 'interface' error (No such device)
D/Nat464Xlat(  342): requiresClat: netType=5, hasIPv4Address=true
D/MobileDataStateTracker(  342): default: setPolicyDataEnable(enabled=true)
I/ActivityManager(  342): Delay finish: com.android.deskclock/com.android.alarmclock.AnalogAppWidgetProvider
I/ActivityManager(  342): Resuming delayed broadcast
W/BroadcastQueue(  342): Permission Denial: broadcasting Intent { act=android.appwidget.action.APPWIDGET_UPDATE_OPTIONS flg=0x10 cmp=com.android.settings/.widget.SettingsAppWidgetProvider (has extras) } from android (pid=692, uid=10008) is not exported from uid 1000 due to receiver com.android.settings/.widget.SettingsAppWidgetProvider
W/ProcessCpuTracker(  342): Skipping unknown process pid 1080
I/ActivityManager(  342): Delay finish: com.android.providers.contacts/.PackageIntentReceiver
E/NetdConnector(  342): NDC Command {59 bandwidth removeiquota eth0} took too long (1006ms)
E/NetdConnector(  342): NDC Command {60 bandwidth gettetherstats} took too long (890ms)
I/ActivityManager(  342): Resuming delayed broadcast
I/ActivityManager(  342): Start proc com.svox.pico for broadcast com.svox.pico/.VoiceDataInstallerReceiver: pid=1088 uid=10037 gids={50037, 1028, 1015}
D/dalvikvm(  342): GC_CONCURRENT freed 801K, 56% free 5705K/12716K, paused 15ms+14ms, total 151ms
E/NetdConnector(  342): NDC Command {61 bandwidth setiquota eth0 9223372036854775807} took too long (1709ms)
I/InputReader(  342): Reconfiguring input devices.  changes=0x00000010
D/MobileDataStateTracker(  342): default: setPolicyDataEnable(enabled=true)
I/InputReader(  342): Reconfiguring input devices.  changes=0x00000010
I/PackageManager(  342):   Action: "android.intent.action.SENDTO"
I/PackageManager(  342):   Category: "android.intent.category.DEFAULT"
I/PackageManager(  342):   Scheme: "sms"
I/PackageManager(  342): Adding preferred activity ComponentInfo{com.android.mms/com.android.mms.ui.ComposeMessageActivity} for user 0 :
D/dalvikvm(  342): GC_CONCURRENT freed 710K, 55% free 5748K/12716K, paused 6ms+15ms, total 290ms
D/dalvikvm(  342): WAIT_FOR_CONCURRENT_GC blocked 82ms
D/dalvikvm(  342): WAIT_FOR_CONCURRENT_GC blocked 80ms
I/InputReader(  342): Reconfiguring input devices.  changes=0x00000010
D/Tethering(  342): MasterInitialState.processMessage what=3
D/Tethering(  342): MasterInitialState.processMessage what=3
D/CaptivePortalTracker(  342): NoActiveNetworkState{ when=-13ms what=1 obj=NetworkInfo: type: mobile_hipri[UMTS], state: DISCONNECTED/DISCONNECTED, reason: dataDisabled, extra: epc.tmobile.com, roaming: false, failover: false, isAvailable: true, isConnectedToProvisioningNetwork: false target=com.android.internal.util.StateMachine$SmHandler }
D/CaptivePortalTracker(  342): NoActiveNetworkState not a wifi connectivity change, ignore
D/CaptivePortalTracker(  342): NoActiveNetworkState{ when=-1ms what=1 obj=NetworkInfo: type: mobile[UMTS], state: CONNECTED/CONNECTED, reason: connected, extra: epc.tmobile.com, roaming: false, failover: false, isAvailable: true, isConnectedToProvisioningNetwork: false target=com.android.internal.util.StateMachine$SmHandler }
D/CaptivePortalTracker(  342): NoActiveNetworkState not a wifi connectivity change, ignore
I/PackageManager(  342):   Action: "android.intent.action.SENDTO"
I/PackageManager(  342):   Category: "android.intent.category.DEFAULT"
I/PackageManager(  342):   Scheme: "smsto"
I/PackageManager(  342): Adding preferred activity ComponentInfo{com.android.mms/com.android.mms.ui.ComposeMessageActivity} for user 0 :
I/PackageManager(  342):   Action: "android.intent.action.SENDTO"
I/PackageManager(  342):   Category: "android.intent.category.DEFAULT"
I/PackageManager(  342):   Scheme: "mms"
I/PackageManager(  342): Adding preferred activity ComponentInfo{com.android.mms/com.android.mms.ui.ComposeMessageActivity} for user 0 :
I/PackageManager(  342):   Action: "android.intent.action.SENDTO"
I/PackageManager(  342):   Category: "android.intent.category.DEFAULT"
I/PackageManager(  342):   Scheme: "mmsto"
I/PackageManager(  342): Adding preferred activity ComponentInfo{com.android.mms/com.android.mms.ui.ComposeMessageActivity} for user 0 :
I/PackageManager(  342):   Action: "android.intent.action.SENDTO"
I/PackageManager(  342):   Category: "android.intent.category.DEFAULT"
I/PackageManager(  342):   Scheme: "sms"
I/PackageManager(  342): Adding preferred activity ComponentInfo{com.android.mms/com.android.mms.ui.ComposeMessageActivity} for user 0 :
E/NetdConnector(  342): NDC Command {62 bandwidth removeiquota eth0} took too long (899ms)
I/PackageManager(  342): Adding preferred activity ComponentInfo{com.android.mms/com.android.mms.ui.ComposeMessageActivity} for user 0 :
I/PackageManager(  342):   Action: "android.intent.action.SENDTO"
I/PackageManager(  342):   Category: "android.intent.category.DEFAULT"
I/PackageManager(  342):   Scheme: "smsto"
D/dalvikvm(  605): GC_CONCURRENT freed 379K, 14% free 3408K/3936K, paused 5ms+2ms, total 101ms
I/PackageManager(  342):   Action: "android.intent.action.SENDTO"
I/PackageManager(  342):   Category: "android.intent.category.DEFAULT"
I/PackageManager(  342):   Scheme: "mms"
I/PackageManager(  342): Adding preferred activity ComponentInfo{com.android.mms/com.android.mms.ui.ComposeMessageActivity} for user 0 :
I/PackageManager(  342):   Action: "android.intent.action.SENDTO"
I/PackageManager(  342):   Category: "android.intent.category.DEFAULT"
I/PackageManager(  342):   Scheme: "mmsto"
I/PackageManager(  342): Adding preferred activity ComponentInfo{com.android.mms/com.android.mms.ui.ComposeMessageActivity} for user 0 :
D/dalvikvm(  342): GC_CONCURRENT freed 723K, 55% free 5790K/12716K, paused 54ms+5ms, total 240ms
D/dalvikvm(  342): WAIT_FOR_CONCURRENT_GC blocked 62ms
I/PackageManager(  342):   Action: "android.intent.action.SENDTO"
I/PackageManager(  342):   Category: "android.intent.category.DEFAULT"
I/PackageManager(  342):   Scheme: "sms"
I/PackageManager(  342): Adding preferred activity ComponentInfo{com.android.mms/com.android.mms.ui.ComposeMessageActivity} for user 0 :
I/PackageManager(  342):   Action: "android.intent.action.SENDTO"
I/PackageManager(  342):   Category: "android.intent.category.DEFAULT"
I/PackageManager(  342):   Scheme: "smsto"
I/PackageManager(  342): Adding preferred activity ComponentInfo{com.android.mms/com.android.mms.ui.ComposeMessageActivity} for user 0 :
I/PackageManager(  342):   Action: "android.intent.action.SENDTO"
I/PackageManager(  342):   Category: "android.intent.category.DEFAULT"
I/PackageManager(  342):   Scheme: "mms"
I/PackageManager(  342): Adding preferred activity ComponentInfo{com.android.mms/com.android.mms.ui.ComposeMessageActivity} for user 0 :
D/dalvikvm(  605): GC_CONCURRENT freed 458K, 15% free 3357K/3936K, paused 3ms+2ms, total 105ms
I/PackageManager(  342):   Action: "android.intent.action.SENDTO"
I/PackageManager(  342):   Category: "android.intent.category.DEFAULT"
I/PackageManager(  342):   Scheme: "mmsto"
I/PackageManager(  342): Adding preferred activity ComponentInfo{com.android.mms/com.android.mms.ui.ComposeMessageActivity} for user 0 :
I/PackageManager(  342):   Action: "android.intent.action.SENDTO"
I/PackageManager(  342):   Category: "android.intent.category.DEFAULT"
I/PackageManager(  342):   Scheme: "sms"
I/PackageManager(  342): Adding preferred activity ComponentInfo{com.android.mms/com.android.mms.ui.ComposeMessageActivity} for user 0 :
I/PackageManager(  342):   Action: "android.intent.action.SENDTO"
I/PackageManager(  342):   Category: "android.intent.category.DEFAULT"
I/PackageManager(  342):   Scheme: "smsto"
I/PackageManager(  342): Adding preferred activity ComponentInfo{com.android.mms/com.android.mms.ui.ComposeMessageActivity} for user 0 :
I/PackageManager(  342):   Action: "android.intent.action.SENDTO"
I/PackageManager(  342):   Category: "android.intent.category.DEFAULT"
I/PackageManager(  342):   Scheme: "mms"
I/PackageManager(  342): Adding preferred activity ComponentInfo{com.android.mms/com.android.mms.ui.ComposeMessageActivity} for user 0 :
D/dalvikvm(  342): GC_CONCURRENT freed 771K, 55% free 5795K/12716K, paused 33ms+26ms, total 224ms
D/dalvikvm(  342): WAIT_FOR_CONCURRENT_GC blocked 67ms
I/PackageManager(  342):   Action: "android.intent.action.SENDTO"
I/PackageManager(  342):   Category: "android.intent.category.DEFAULT"
I/PackageManager(  342):   Scheme: "mmsto"
I/PackageManager(  342): Adding preferred activity ComponentInfo{com.android.mms/com.android.mms.ui.ComposeMessageActivity} for user 0 :
D/dalvikvm(  605): GC_CONCURRENT freed 366K, 15% free 3380K/3936K, paused 4ms+2ms, total 119ms
I/PackageManager(  342):   Action: "android.intent.action.SENDTO"
I/PackageManager(  342):   Category: "android.intent.category.DEFAULT"
I/PackageManager(  342):   Scheme: "sms"
I/PackageManager(  342): Adding preferred activity ComponentInfo{com.android.mms/com.android.mms.ui.ComposeMessageActivity} for user 0 :
I/PackageManager(  342):   Action: "android.intent.action.SENDTO"
I/PackageManager(  342):   Category: "android.intent.category.DEFAULT"
I/PackageManager(  342):   Scheme: "smsto"
I/PackageManager(  342): Adding preferred activity ComponentInfo{com.android.mms/com.android.mms.ui.ComposeMessageActivity} for user 0 :
I/PackageManager(  342):   Action: "android.intent.action.SENDTO"
I/PackageManager(  342):   Category: "android.intent.category.DEFAULT"
I/PackageManager(  342):   Scheme: "mms"
I/PackageManager(  342): Adding preferred activity ComponentInfo{com.android.mms/com.android.mms.ui.ComposeMessageActivity} for user 0 :
I/PackageManager(  342):   Action: "android.intent.action.SENDTO"
I/PackageManager(  342):   Category: "android.intent.category.DEFAULT"
I/PackageManager(  342):   Scheme: "mmsto"
I/PackageManager(  342): Adding preferred activity ComponentInfo{com.android.mms/com.android.mms.ui.ComposeMessageActivity} for user 0 :
E/NetdConnector(  342): NDC Command {63 bandwidth setiquota eth0 9223372036854775807} took too long (1858ms)
I/PackageManager(  342):   Action: "android.intent.action.SENDTO"
I/PackageManager(  342):   Category: "android.intent.category.DEFAULT"
I/PackageManager(  342):   Scheme: "sms"
I/PackageManager(  342): Adding preferred activity ComponentInfo{com.android.mms/com.android.mms.ui.ComposeMessageActivity} for user 0 :
D/MobileDataStateTracker(  342): default: setPolicyDataEnable(enabled=true)
D/MobileDataStateTracker(  342): default: setPolicyDataEnable(enabled=true)
D/dalvikvm(  605): GC_CONCURRENT freed 415K, 15% free 3378K/3936K, paused 2ms+22ms, total 92ms
I/PackageManager(  342):   Action: "android.intent.action.SENDTO"
I/PackageManager(  342):   Category: "android.intent.category.DEFAULT"
I/PackageManager(  342):   Scheme: "smsto"
I/PackageManager(  342): Adding preferred activity ComponentInfo{com.android.mms/com.android.mms.ui.ComposeMessageActivity} for user 0 :
I/PackageManager(  342):   Action: "android.intent.action.SENDTO"
I/PackageManager(  342):   Category: "android.intent.category.DEFAULT"
I/PackageManager(  342):   Scheme: "mms"
I/PackageManager(  342): Adding preferred activity ComponentInfo{com.android.mms/com.android.mms.ui.ComposeMessageActivity} for user 0 :
D/dalvikvm(  342): GC_CONCURRENT freed 834K, 55% free 5735K/12716K, paused 6ms+5ms, total 114ms
D/dalvikvm(  342): WAIT_FOR_CONCURRENT_GC blocked 35ms
D/ConnectivityService(  342): [CheckMp] isMobileOk: X result=0
D/ConnectivityService(  342): [CheckMp] onPostExecute: result=0
D/ConnectivityService(  342): CheckMp.onComplete: result=0
D/ConnectivityService(  342): CheckMp.onComplete: ignore, connected or no connection
I/PackageManager(  342):   Action: "android.intent.action.SENDTO"
I/PackageManager(  342):   Category: "android.intent.category.DEFAULT"
I/PackageManager(  342):   Scheme: "mmsto"
I/PackageManager(  342): Adding preferred activity ComponentInfo{com.android.mms/com.android.mms.ui.ComposeMessageActivity} for user 0 :
E/BluetoothAdapter(  616): Bluetooth binder is null
D/AlertReceiver(  952): onReceive: a=android.intent.action.PROVIDER_CHANGED Intent { act=android.intent.action.PROVIDER_CHANGED dat=content://com.android.calendar flg=0x10 cmp=com.android.calendar/.alerts.AlertReceiver }
I/ActivityManager(  342): Delay finish: com.android.calendar/.alerts.AlertReceiver
D/AlertService(  952): 0 Action = android.intent.action.PROVIDER_CHANGED
I/ActivityManager(  342): Start proc ru.jdhndtpk.iypwqbmltdwdk:starter for broadcast ru.jdhndtpk.iypwqbmltdwdk/.czujjjp.wOfWHDs: pid=1175 uid=10052 gids={50052, 3003}
I/ActivityManager(  342): Waited long enough for: ServiceRecord{b36cf0e8 u0 com.android.music/.MediaPlaybackService}
I/ActivityManager(  342): Resuming delayed broadcast
I/ActivityManager(  342): Delay finish: com.android.mms/.transaction.SmsReceiver
V/SmsReceiverService( 1028): onStart: #1 mResultCode: -1 = Activity.RESULT_OK
I/ActivityManager(  342): Resuming delayed broadcast
D/MobileDataStateTracker(  342): default: setPolicyDataEnable(enabled=true)
I/ActivityManager(  342): Delay finish: com.android.providers.calendar/.CalendarProviderBroadcastReceiver
D/dalvikvm(  982): GC_CONCURRENT freed 222K, 10% free 2893K/3180K, paused 4ms+2ms, total 63ms
I/ActivityManager(  342): Resuming delayed broadcast
I/PackageManager(  342): Adding preferred activity ComponentInfo{com.android.mms/com.android.mms.ui.ComposeMessageActivity} for user 0 :
I/PackageManager(  342): Adding preferred activity ComponentInfo{com.android.mms/com.android.mms.ui.ComposeMessageActivity} for user 0 :
I/PackageManager(  342): Adding preferred activity ComponentInfo{com.android.mms/com.android.mms.ui.ComposeMessageActivity} for user 0 :
I/PackageManager(  342): Adding preferred activity ComponentInfo{com.android.mms/com.android.mms.ui.ComposeMessageActivity} for user 0 :
I/PackageManager(  342): Adding preferred activity ComponentInfo{com.android.mms/com.android.mms.ui.ComposeMessageActivity} for user 0 :
I/PackageManager(  342): Adding preferred activity ComponentInfo{com.android.mms/com.android.mms.ui.ComposeMessageActivity} for user 0 :
I/PackageManager(  342): Adding preferred activity ComponentInfo{com.android.mms/com.android.mms.ui.ComposeMessageActivity} for user 0 :
I/PackageManager(  342): Adding preferred activity ComponentInfo{com.android.mms/com.android.mms.ui.ComposeMessageActivity} for user 0 :
D/ConnectivityService(  342): Sampling interval elapsed, updating statistics ..
D/ConnectivityService(  342): Done.
D/ConnectivityService(  342): Setting timer for 720seconds
I/GlobalDismissManager(  952): no sender configured
D/AlertService(  952): Beginning updateAlertNotification
D/AlertService(  952): No fired or scheduled alerts
D/AlertService(  952): Scheduling next alarm with AlarmScheduler. sEventReminderReceived: null
D/AlarmScheduler(  952): No events found starting within 1 week.
D/AndroidRuntime( 1148): 
D/AndroidRuntime( 1148): >>>>>> AndroidRuntime START com.android.internal.os.RuntimeInit <<<<<<
D/AndroidRuntime( 1148): CheckJNI is ON
D/dalvikvm( 1148): Trying to load lib libjavacore.so 0x0
D/dalvikvm( 1148): Added shared lib libjavacore.so 0x0
D/dalvikvm( 1148): Trying to load lib libnativehelper.so 0x0
D/dalvikvm( 1148): Added shared lib libnativehelper.so 0x0
D/dalvikvm( 1148): No JNI_OnLoad found in libnativehelper.so 0x0, skipping init
D/dalvikvm( 1148): Note: class Landroid/app/ActivityManagerNative; has 179 unimplemented (abstract) methods
E/memtrack( 1148): Couldn't load memtrack module (No such file or directory)
E/android.os.Debug( 1148): failed to load memtrack module: -2
D/AndroidRuntime( 1148): Calling main entry com.android.commands.am.Am
I/ActivityManager(  342): START u0 {act=android.intent.action.MAIN cat=[android.intent.category.LAUNCHER] flg=0x10000000 cmp=ru.jdhndtpk.iypwqbmltdwdk/.jag.kpPFzOQS} from pid 1148
D/gralloc (   57): Registering a buffer in the process that created it. This may cause memory ordering problems.
E/libEGL  (   57): called unimplemented OpenGL ES API
E/libEGL  (   57): called unimplemented OpenGL ES API
E/libEGL  (   57): called unimplemented OpenGL ES API
E/libEGL  (   57): called unimplemented OpenGL ES API
E/SurfaceFlinger(   57): glCheckFramebufferStatusOES error 1416853184
E/SurfaceFlinger(   57): got GL_FRAMEBUFFER_COMPLETE_OES error while taking screenshot
E/libEGL  (   57): called unimplemented OpenGL ES API
E/libEGL  (   57): called unimplemented OpenGL ES API
W/WindowManager(  342): Screenshot failure taking screenshot for (164x295) to layer 21005
I/ActivityManager(  342): Waited long enough for: ServiceRecord{b360c030 u0 com.android.calendar/.alerts.InitAlarmsService}
I/ActivityManager(  342): Start proc ru.jdhndtpk.iypwqbmltdwdk for activity ru.jdhndtpk.iypwqbmltdwdk/.jag.kpPFzOQS: pid=1158 uid=10052 gids={50052, 3003}
W/InputMethodManagerService(  342): Window already focused, ignoring focus gain of: com.android.internal.view.IInputMethodClient$Stub$Proxy@b31fb518 attribute=null, token = android.os.BinderProxy@b2de2850
I/ActivityManager(  342): START u0 {cat=[android.intent.category.LAUNCHER] flg=0x30010000 cmp=ru.jdhndtpk.iypwqbmltdwdk/.jag.SunefBh} from pid 1158
D/gralloc (   57): Registering a buffer in the process that created it. This may cause memory ordering problems.
E/libEGL  (   57): called unimplemented OpenGL ES API
E/libEGL  (   57): called unimplemented OpenGL ES API
E/libEGL  (   57): called unimplemented OpenGL ES API
E/libEGL  (   57): called unimplemented OpenGL ES API
E/SurfaceFlinger(   57): glCheckFramebufferStatusOES error 1416853184
E/SurfaceFlinger(   57): got GL_FRAMEBUFFER_COMPLETE_OES error while taking screenshot
E/libEGL  (   57): called unimplemented OpenGL ES API
E/libEGL  (   57): called unimplemented OpenGL ES API
W/WindowManager(  342): Screenshot failure taking screenshot for (164x295) to layer 21005
I/ActivityManager(  342): START u0 {act=android.app.action.ADD_DEVICE_ADMIN cmp=com.android.settings/.DeviceAdminAdd (has extras)} from pid 1158
D/dalvikvm(  616): GC_FOR_ALLOC freed 191K, 9% free 2837K/3092K, paused 30ms, total 43ms
D/dalvikvm(  342): GC_CONCURRENT freed 604K, 55% free 5765K/12716K, paused 10ms+17ms, total 131ms
I/Choreographer(  616): Skipped 42 frames!  The application may be doing too much work on its main thread.
D/gralloc_goldfish(  616): Emulator without GPU emulation detected.
I/ActivityManager(  342): Displayed com.android.settings/.DeviceAdminAdd: +1s298ms (total +1s408ms)
D/AndroidRuntime( 1148): Shutting down VM
D/dalvikvm( 1148): GC_CONCURRENT freed 97K, 15% free 589K/692K, paused 2ms+1ms, total 21ms
W/ProcessCpuTracker(  342): Skipping unknown process pid 1148
V/AlarmClock(  972): AlarmInitReceiver android.intent.action.TIME_SET
I/AlarmClock(  972): Displaying next alarm time: ''
V/AlarmClock(  972): AlarmInitReceiver finished
I/InputReader(  342): Reconfiguring input devices.  changes=0x00000010
I/Launcher(  692): Deferring update until onResume
I/Launcher(  692): Deferring update until onResume
I/PackageManager(  342):   Action: "android.intent.action.SENDTO"
I/PackageManager(  342):   Category: "android.intent.category.DEFAULT"
I/PackageManager(  342):   Scheme: "sms"
I/PackageManager(  342):   Action: "android.intent.action.SENDTO"
I/PackageManager(  342):   Category: "android.intent.category.DEFAULT"
I/PackageManager(  342):   Scheme: "smsto"
D/dalvikvm(  605): GC_CONCURRENT freed 462K, 15% free 3359K/3924K, paused 10ms+3ms, total 51ms
I/PackageManager(  342):   Action: "android.intent.action.SENDTO"
I/PackageManager(  342):   Category: "android.intent.category.DEFAULT"
I/PackageManager(  342):   Scheme: "mms"
I/PackageManager(  342):   Action: "android.intent.action.SENDTO"
I/PackageManager(  342):   Category: "android.intent.category.DEFAULT"
I/PackageManager(  342):   Scheme: "mmsto"
I/PackageManager(  342):   Action: "android.intent.action.SENDTO"
I/PackageManager(  342):   Category: "android.intent.category.DEFAULT"
I/PackageManager(  342):   Scheme: "sms"
I/PackageManager(  342):   Action: "android.intent.action.SENDTO"
I/PackageManager(  342):   Category: "android.intent.category.DEFAULT"
I/PackageManager(  342):   Scheme: "smsto"
D/dalvikvm(  342): GC_CONCURRENT freed 727K, 55% free 5799K/12716K, paused 7ms+5ms, total 100ms
D/dalvikvm(  342): WAIT_FOR_CONCURRENT_GC blocked 31ms
I/PackageManager(  342):   Action: "android.intent.action.SENDTO"
I/PackageManager(  342):   Category: "android.intent.category.DEFAULT"
I/PackageManager(  342):   Scheme: "mms"
D/dalvikvm(  605): GC_CONCURRENT freed 370K, 13% free 3440K/3928K, paused 4ms+31ms, total 63ms
I/PackageManager(  342):   Action: "android.intent.action.SENDTO"
I/PackageManager(  342):   Category: "android.intent.category.DEFAULT"
I/PackageManager(  342):   Scheme: "mmsto"
D/InitAlarmsService(  952): Clearing and rescheduling alarms.
D/AndroidRuntime( 1190): 
D/AndroidRuntime( 1190): >>>>>> AndroidRuntime START com.android.internal.os.RuntimeInit <<<<<<
D/AndroidRuntime( 1190): CheckJNI is ON
D/dalvikvm( 1190): Trying to load lib libjavacore.so 0x0
D/dalvikvm( 1190): Added shared lib libjavacore.so 0x0
D/dalvikvm( 1190): Trying to load lib libnativehelper.so 0x0
D/dalvikvm( 1190): Added shared lib libnativehelper.so 0x0
D/dalvikvm( 1190): No JNI_OnLoad found in libnativehelper.so 0x0, skipping init
D/dalvikvm( 1190): Note: class Landroid/app/ActivityManagerNative; has 179 unimplemented (abstract) methods
E/memtrack( 1190): Couldn't load memtrack module (No such file or directory)
E/android.os.Debug( 1190): failed to load memtrack module: -2
D/AndroidRuntime( 1190): Calling main entry com.android.commands.am.Am
D/AndroidRuntime( 1190): Shutting down VM
D/dalvikvm( 1190): GC_CONCURRENT freed 97K, 15% free 587K/688K, paused 2ms+1ms, total 8ms
D/        (  342): Setting time of day to sec=1545859535
D/dalvikvm( 1158): GC_CONCURRENT freed 233K, 10% free 2857K/3156K, paused 5ms+2ms, total 36ms
F/PowerManager( 1158): WakeLock finalized while still held: t
F/PowerManager( 1158): WakeLock finalized while still held: t
D/AndroidRuntime( 1203): 
D/AndroidRuntime( 1203): >>>>>> AndroidRuntime START com.android.internal.os.RuntimeInit <<<<<<
D/AndroidRuntime( 1203): CheckJNI is ON
D/dalvikvm( 1203): Trying to load lib libjavacore.so 0x0
D/dalvikvm( 1203): Added shared lib libjavacore.so 0x0
D/dalvikvm( 1203): Trying to load lib libnativehelper.so 0x0
D/dalvikvm( 1203): Added shared lib libnativehelper.so 0x0
D/dalvikvm( 1203): No JNI_OnLoad found in libnativehelper.so 0x0, skipping init
D/dalvikvm( 1203): Note: class Landroid/app/ActivityManagerNative; has 179 unimplemented (abstract) methods
E/memtrack( 1203): Couldn't load memtrack module (No such file or directory)
E/android.os.Debug( 1203): failed to load memtrack module: -2
D/AndroidRuntime( 1203): Calling main entry com.android.commands.am.Am
I/ActivityManager(  342): START u0 {act=android.intent.action.MAIN cat=[android.intent.category.LAUNCHER] flg=0x10000000 cmp=ru.jdhndtpk.iypwqbmltdwdk/.jag.SunefBh} from pid 1203
I/ActivityManager(  342): START u0 {act=android.app.action.ADD_DEVICE_ADMIN cmp=com.android.settings/.DeviceAdminAdd (has extras)} from pid 1158
D/dalvikvm(  616): GC_CONCURRENT freed 24K, 5% free 3208K/3368K, paused 4ms+2ms, total 31ms
I/Choreographer(  616): Skipped 35 frames!  The application may be doing too much work on its main thread.
I/Choreographer(  342): Skipped 31 frames!  The application may be doing too much work on its main thread.
I/ActivityManager(  342): Displayed com.android.settings/.DeviceAdminAdd: +686ms (total +804ms)
D/AndroidRuntime( 1203): Shutting down VM
D/dalvikvm( 1203): GC_CONCURRENT freed 97K, 15% free 589K/692K, paused 2ms+12ms, total 21ms
I/Choreographer(  342): Skipped 30 frames!  The application may be doing too much work on its main thread.
I/MediaFocusControl(  342):  AudioFocus  abandonAudioFocus() from android.media.AudioManager@b2d6f410com.android.music.MediaPlaybackService$3@b2d6e290
I/PackageManager(  342):   Action: "android.intent.action.SENDTO"
I/PackageManager(  342):   Category: "android.intent.category.DEFAULT"
I/PackageManager(  342):   Scheme: "sms"
I/PackageManager(  342): Adding preferred activity ComponentInfo{com.android.mms/com.android.mms.ui.ComposeMessageActivity} for user 0 :
I/PackageManager(  342):   Action: "android.intent.action.SENDTO"
I/PackageManager(  342):   Category: "android.intent.category.DEFAULT"
I/PackageManager(  342):   Scheme: "smsto"
I/PackageManager(  342): Adding preferred activity ComponentInfo{com.android.mms/com.android.mms.ui.ComposeMessageActivity} for user 0 :
I/PackageManager(  342):   Action: "android.intent.action.SENDTO"
I/PackageManager(  342):   Category: "android.intent.category.DEFAULT"
I/PackageManager(  342):   Scheme: "mms"
I/PackageManager(  342): Adding preferred activity ComponentInfo{com.android.mms/com.android.mms.ui.ComposeMessageActivity} for user 0 :
I/PackageManager(  342):   Action: "android.intent.action.SENDTO"
I/PackageManager(  342):   Category: "android.intent.category.DEFAULT"
I/PackageManager(  342):   Scheme: "mmsto"
I/PackageManager(  342): Adding preferred activity ComponentInfo{com.android.mms/com.android.mms.ui.ComposeMessageActivity} for user 0 :
D/dalvikvm(  342): GC_CONCURRENT freed 779K, 55% free 5796K/12716K, paused 43ms+5ms, total 297ms
I/Choreographer(  342): Skipped 73 frames!  The application may be doing too much work on its main thread.
D/AndroidRuntime( 1213): 
D/AndroidRuntime( 1213): >>>>>> AndroidRuntime START com.android.internal.os.RuntimeInit <<<<<<
D/AndroidRuntime( 1213): CheckJNI is ON
V/SmsReceiverService( 1028): onStart: #1 mResultCode: -1 = Activity.RESULT_OK
D/dalvikvm( 1213): Trying to load lib libjavacore.so 0x0
D/dalvikvm( 1213): Added shared lib libjavacore.so 0x0
D/dalvikvm( 1213): Trying to load lib libnativehelper.so 0x0
D/dalvikvm( 1213): Added shared lib libnativehelper.so 0x0
D/dalvikvm( 1213): No JNI_OnLoad found in libnativehelper.so 0x0, skipping init
D/dalvikvm( 1213): Note: class Landroid/app/ActivityManagerNative; has 179 unimplemented (abstract) methods
D/dalvikvm( 1028): GC_CONCURRENT freed 215K, 9% free 3063K/3344K, paused 14ms+4ms, total 62ms
E/StrictMode( 1028): A resource was acquired at attached stack trace but never released. See java.io.Closeable for information on avoiding resource leaks.
E/StrictMode( 1028): java.lang.Throwable: Explicit termination method 'release' not called
E/StrictMode( 1028): 	at dalvik.system.CloseGuard.open(CloseGuard.java:184)
E/StrictMode( 1028): 	at android.drm.DrmManagerClient.<init>(DrmManagerClient.java:258)
E/StrictMode( 1028): 	at com.google.android.mms.pdu.PduPersister.<init>(PduPersister.java:288)
E/StrictMode( 1028): 	at com.google.android.mms.pdu.PduPersister.getPduPersister(PduPersister.java:296)
E/StrictMode( 1028): 	at com.android.mms.transaction.TransactionService.onNewIntent(TransactionService.java:224)
E/StrictMode( 1028): 	at com.android.mms.transaction.TransactionService$ServiceHandler.handleMessage(TransactionService.java:621)
E/StrictMode( 1028): 	at android.os.Handler.dispatchMessage(Handler.java:102)
E/StrictMode( 1028): 	at android.os.Looper.loop(Looper.java:136)
E/StrictMode( 1028): 	at android.os.HandlerThread.run(HandlerThread.java:61)
D/dalvikvm( 1028): GC_CONCURRENT freed 257K, 10% free 3213K/3536K, paused 4ms+12ms, total 61ms
E/memtrack( 1213): Couldn't load memtrack module (No such file or directory)
E/android.os.Debug( 1213): failed to load memtrack module: -2
D/MmsSmsProvider(  605): getSingleAddressId: insert new canonical_address for xxxxxx, _id=1
D/MmsSmsProvider(  605): getThreadId: create new thread_id for recipients xxxxxxxx
D/MmsSmsProvider(  605): insertThread: created new thread_id 1 for recipientIds xxxxxxx
D/dalvikvm(  605): GC_EXPLICIT freed 314K, 16% free 3307K/3928K, paused 4ms+3ms, total 83ms
D/AndroidRuntime( 1213): Calling main entry com.android.commands.am.Am
I/ActivityManager(  342): START u0 {act=android.intent.action.MAIN cat=[android.intent.category.LAUNCHER] flg=0x10000000 cmp=ru.jdhndtpk.iypwqbmltdwdk/.jag.dZzkQtv} from pid 1213
I/dalvikvm( 1158): Could not find method ru.jdhndtpk.iypwqbmltdwdk.jag.dZzkQtv.requestPermissions, referenced from method ru.jdhndtpk.iypwqbmltdwdk.jag.dZzkQtv.c
W/dalvikvm( 1158): VFY: unable to resolve virtual method 3037: Lru/jdhndtpk/iypwqbmltdwdk/jag/dZzkQtv;.requestPermissions ([Ljava/lang/String;I)V
D/dalvikvm( 1158): VFY: replacing opcode 0x6e at 0x0012
I/ActivityManager(  342): START u0 {cat=[android.intent.category.LAUNCHER] flg=0x30010000 cmp=ru.jdhndtpk.iypwqbmltdwdk/.jag.SunefBh} from pid 1158
I/ActivityManager(  342): Displayed ru.jdhndtpk.iypwqbmltdwdk/.jag.dZzkQtv: +592ms
D/AndroidRuntime( 1213): Shutting down VM
D/dalvikvm( 1213): GC_CONCURRENT freed 97K, 15% free 589K/692K, paused 2ms+1ms, total 21ms
I/ActivityManager(  342): START u0 {cat=[android.intent.category.LAUNCHER] flg=0x30010000 cmp=ru.jdhndtpk.iypwqbmltdwdk/.jag.SunefBh} from pid 1158
D/SmsReceiverService( 1028): handleSmsReceived messageUri: content://sms/1 threadId: 1
D/Mms:app ( 1028): updateNotification: new message, adding sound to the notification
I/ActivityManager(  342): START u0 {cat=[android.intent.category.LAUNCHER] flg=0x30010000 cmp=ru.jdhndtpk.iypwqbmltdwdk/.jag.SunefBh} from pid 1158
I/ActivityManager(  342): START u0 {cat=[android.intent.category.LAUNCHER] flg=0x30010000 cmp=ru.jdhndtpk.iypwqbmltdwdk/.jag.SunefBh} from pid 1158
I/ActivityManager(  342): START u0 {cat=[android.intent.category.LAUNCHER] flg=0x30010000 cmp=ru.jdhndtpk.iypwqbmltdwdk/.jag.SunefBh} from pid 1158
I/ActivityManager(  342): START u0 {cat=[android.intent.category.LAUNCHER] flg=0x30010000 cmp=ru.jdhndtpk.iypwqbmltdwdk/.jag.SunefBh} from pid 1158
I/PackageManager(  342):   Action: "android.intent.action.SENDTO"
I/PackageManager(  342):   Category: "android.intent.category.DEFAULT"
I/PackageManager(  342):   Scheme: "sms"
I/PackageManager(  342): Adding preferred activity ComponentInfo{com.android.mms/com.android.mms.ui.ComposeMessageActivity} for user 0 :
I/PackageManager(  342):   Action: "android.intent.action.SENDTO"
I/PackageManager(  342):   Category: "android.intent.category.DEFAULT"
I/PackageManager(  342):   Scheme: "smsto"
I/PackageManager(  342): Adding preferred activity ComponentInfo{com.android.mms/com.android.mms.ui.ComposeMessageActivity} for user 0 :
I/ActivityManager(  342): START u0 {cat=[android.intent.category.LAUNCHER] flg=0x30010000 cmp=ru.jdhndtpk.iypwqbmltdwdk/.jag.SunefBh} from pid 1158
I/PackageManager(  342):   Action: "android.intent.action.SENDTO"
I/PackageManager(  342):   Category: "android.intent.category.DEFAULT"
I/PackageManager(  342):   Scheme: "mms"
I/PackageManager(  342): Adding preferred activity ComponentInfo{com.android.mms/com.android.mms.ui.ComposeMessageActivity} for user 0 :
I/PackageManager(  342):   Action: "android.intent.action.SENDTO"
I/PackageManager(  342):   Category: "android.intent.category.DEFAULT"
I/PackageManager(  342):   Scheme: "mmsto"
I/PackageManager(  342): Adding preferred activity ComponentInfo{com.android.mms/com.android.mms.ui.ComposeMessageActivity} for user 0 :
V/SmsReceiverService( 1028): onStart: #1 mResultCode: -1 = Activity.RESULT_OK
I/ActivityManager(  342): START u0 {cat=[android.intent.category.LAUNCHER] flg=0x30010000 cmp=ru.jdhndtpk.iypwqbmltdwdk/.jag.SunefBh} from pid 1158
D/MmsSmsProvider(  605): getSingleAddressId: insert new canonical_address for xxxxxx, _id=2
D/MmsSmsProvider(  605): getThreadId: create new thread_id for recipients xxxxxxxx
D/MmsSmsProvider(  605): insertThread: created new thread_id 2 for recipientIds xxxxxxx
D/SmsReceiverService( 1028): handleSmsReceived messageUri: content://sms/2 threadId: 2
I/ActivityManager(  342): START u0 {cat=[android.intent.category.LAUNCHER] flg=0x30010000 cmp=ru.jdhndtpk.iypwqbmltdwdk/.jag.SunefBh} from pid 1158
D/Mms:app ( 1028): updateNotification: new message, adding sound to the notification
I/ActivityManager(  342): START u0 {cat=[android.intent.category.LAUNCHER] flg=0x30010000 cmp=ru.jdhndtpk.iypwqbmltdwdk/.jag.SunefBh} from pid 1158
I/ActivityManager(  342): START u0 {cat=[android.intent.category.LAUNCHER] flg=0x30010000 cmp=ru.jdhndtpk.iypwqbmltdwdk/.jag.SunefBh} from pid 1158
D/dalvikvm( 1028): GC_CONCURRENT freed 267K, 9% free 3334K/3664K, paused 4ms+2ms, total 375ms
I/ActivityManager(  342): START u0 {cat=[android.intent.category.LAUNCHER] flg=0x30010000 cmp=ru.jdhndtpk.iypwqbmltdwdk/.jag.SunefBh} from pid 1158
I/ActivityManager(  342): START u0 {cat=[android.intent.category.LAUNCHER] flg=0x30010000 cmp=ru.jdhndtpk.iypwqbmltdwdk/.jag.SunefBh} from pid 1158
I/ActivityManager(  342): START u0 {cat=[android.intent.category.LAUNCHER] flg=0x30010000 cmp=ru.jdhndtpk.iypwqbmltdwdk/.jag.SunefBh} from pid 1158
I/ActivityManager(  342): START u0 {cat=[android.intent.category.LAUNCHER] flg=0x30010000 cmp=ru.jdhndtpk.iypwqbmltdwdk/.jag.SunefBh} from pid 1158
I/ActivityManager(  342): START u0 {cat=[android.intent.category.LAUNCHER] flg=0x30010000 cmp=ru.jdhndtpk.iypwqbmltdwdk/.jag.SunefBh} from pid 1158
I/ActivityManager(  342): START u0 {cat=[android.intent.category.LAUNCHER] flg=0x30010000 cmp=ru.jdhndtpk.iypwqbmltdwdk/.jag.SunefBh} from pid 1158
I/ActivityManager(  342): START u0 {cat=[android.intent.category.LAUNCHER] flg=0x30010000 cmp=ru.jdhndtpk.iypwqbmltdwdk/.jag.SunefBh} from pid 1158
I/ActivityManager(  342): START u0 {cat=[android.intent.category.LAUNCHER] flg=0x30010000 cmp=ru.jdhndtpk.iypwqbmltdwdk/.jag.SunefBh} from pid 1158
I/ActivityManager(  342): START u0 {cat=[android.intent.category.LAUNCHER] flg=0x30010000 cmp=ru.jdhndtpk.iypwqbmltdwdk/.jag.SunefBh} from pid 1158
I/ActivityManager(  342): START u0 {cat=[android.intent.category.LAUNCHER] flg=0x30010000 cmp=ru.jdhndtpk.iypwqbmltdwdk/.jag.SunefBh} from pid 1158
I/ActivityManager(  342): START u0 {cat=[android.intent.category.LAUNCHER] flg=0x30010000 cmp=ru.jdhndtpk.iypwqbmltdwdk/.jag.SunefBh} from pid 1158
I/ActivityManager(  342): START u0 {cat=[android.intent.category.LAUNCHER] flg=0x30010000 cmp=ru.jdhndtpk.iypwqbmltdwdk/.jag.SunefBh} from pid 1158
D/AndroidRuntime( 1231): 
D/AndroidRuntime( 1231): >>>>>> AndroidRuntime START com.android.internal.os.RuntimeInit <<<<<<
D/AndroidRuntime( 1231): CheckJNI is ON
I/ActivityManager(  342): START u0 {cat=[android.intent.category.LAUNCHER] flg=0x30010000 cmp=ru.jdhndtpk.iypwqbmltdwdk/.jag.SunefBh} from pid 1158
D/dalvikvm( 1231): Trying to load lib libjavacore.so 0x0
D/dalvikvm( 1231): Added shared lib libjavacore.so 0x0
D/dalvikvm( 1231): Trying to load lib libnativehelper.so 0x0
D/dalvikvm( 1231): Added shared lib libnativehelper.so 0x0
D/dalvikvm( 1231): No JNI_OnLoad found in libnativehelper.so 0x0, skipping init
D/dalvikvm( 1231): Note: class Landroid/app/ActivityManagerNative; has 179 unimplemented (abstract) methods
I/ActivityManager(  342): START u0 {cat=[android.intent.category.LAUNCHER] flg=0x30010000 cmp=ru.jdhndtpk.iypwqbmltdwdk/.jag.SunefBh} from pid 1158
I/ActivityManager(  342): START u0 {cat=[android.intent.category.LAUNCHER] flg=0x30010000 cmp=ru.jdhndtpk.iypwqbmltdwdk/.jag.SunefBh} from pid 1158
E/memtrack( 1231): Couldn't load memtrack module (No such file or directory)
E/android.os.Debug( 1231): failed to load memtrack module: -2
I/ActivityManager(  342): START u0 {cat=[android.intent.category.LAUNCHER] flg=0x30010000 cmp=ru.jdhndtpk.iypwqbmltdwdk/.jag.SunefBh} from pid 1158
D/AndroidRuntime( 1231): Calling main entry com.android.commands.am.Am
I/ActivityManager(  342): START u0 {act=android.intent.action.MAIN cat=[android.intent.category.LAUNCHER] flg=0x10000000 cmp=ru.jdhndtpk.iypwqbmltdwdk/.jag.RJejvmK} from pid 1231
I/ActivityManager(  342): START u0 {cat=[android.intent.category.LAUNCHER] flg=0x30010000 cmp=ru.jdhndtpk.iypwqbmltdwdk/.jag.SunefBh} from pid 1158
D/dalvikvm( 1158): GC_FOR_ALLOC freed 225K, 9% free 3010K/3304K, paused 39ms, total 49ms
F/PowerManager( 1158): WakeLock finalized while still held: t
I/ActivityManager(  342): START u0 {cat=[android.intent.category.LAUNCHER] flg=0x30010000 cmp=ru.jdhndtpk.iypwqbmltdwdk/.jag.SunefBh} from pid 1158
D/dalvikvm( 1158): GC_FOR_ALLOC freed 50K, 10% free 3254K/3580K, paused 59ms, total 60ms
W/ActivityManager(  342): Activity pause timeout for ActivityRecord{b3459280 u0 ru.jdhndtpk.iypwqbmltdwdk/.jag.RJejvmK t5 f}
I/ActivityManager(  342): START u0 {cat=[android.intent.category.LAUNCHER] flg=0x30010000 cmp=ru.jdhndtpk.iypwqbmltdwdk/.jag.SunefBh} from pid 1158
W/InputMethodManagerService(  342): Window already focused, ignoring focus gain of: com.android.internal.view.IInputMethodClient$Stub$Proxy@b2ea1b38 attribute=null, token = android.os.BinderProxy@b2f2b650
E/WindowManager( 1158): 
E/WindowManager( 1158): android.view.WindowLeaked: Activity ru.jdhndtpk.iypwqbmltdwdk.jag.RJejvmK has leaked window com.android.internal.policy.impl.PhoneWindow$DecorView{b2dd31e0 V.E..... R.....ID 0,0-412,220} that was originally added here
E/WindowManager( 1158): 	at android.view.ViewRootImpl.<init>(ViewRootImpl.java:346)
E/WindowManager( 1158): 	at android.view.WindowManagerGlobal.addView(WindowManagerGlobal.java:248)
E/WindowManager( 1158): 	at android.view.WindowManagerImpl.addView(WindowManagerImpl.java:69)
E/WindowManager( 1158): 	at android.app.Dialog.show(Dialog.java:286)
E/WindowManager( 1158): 	at ru.jdhndtpk.iypwqbmltdwdk.jag.RJejvmK.b(Unknown Source)
E/WindowManager( 1158): 	at ru.jdhndtpk.iypwqbmltdwdk.jag.RJejvmK.onCreate(Unknown Source)
E/WindowManager( 1158): 	at android.app.Activity.performCreate(Activity.java:5231)
E/WindowManager( 1158): 	at android.app.Instrumentation.callActivityOnCreate(Instrumentation.java:1087)
E/WindowManager( 1158): 	at android.app.ActivityThread.performLaunchActivity(ActivityThread.java:2148)
E/WindowManager( 1158): 	at android.app.ActivityThread.handleLaunchActivity(ActivityThread.java:2233)
E/WindowManager( 1158): 	at android.app.ActivityThread.access$800(ActivityThread.java:135)
E/WindowManager( 1158): 	at android.app.ActivityThread$H.handleMessage(ActivityThread.java:1196)
E/WindowManager( 1158): 	at android.os.Handler.dispatchMessage(Handler.java:102)
E/WindowManager( 1158): 	at android.os.Looper.loop(Looper.java:136)
E/WindowManager( 1158): 	at android.app.ActivityThread.main(ActivityThread.java:5001)
E/WindowManager( 1158): 	at java.lang.reflect.Method.invokeNative(Native Method)
E/WindowManager( 1158): 	at java.lang.reflect.Method.invoke(Method.java:515)
E/WindowManager( 1158): 	at com.android.internal.os.ZygoteInit$MethodAndArgsCaller.run(ZygoteInit.java:785)
E/WindowManager( 1158): 	at com.android.internal.os.ZygoteInit.main(ZygoteInit.java:601)
E/WindowManager( 1158): 	at dalvik.system.NativeStart.main(Native Method)
I/ActivityManager(  342): START u0 {cat=[android.intent.category.LAUNCHER] flg=0x30010000 cmp=ru.jdhndtpk.iypwqbmltdwdk/.jag.SunefBh} from pid 1158
