I/PackageManager(  358):   Scheme: "mms"
I/PackageManager(  358): Adding preferred activity ComponentInfo{com.android.mms/com.android.mms.ui.ComposeMessageActivity} for user 0 :
I/PackageManager(  358):   Action: "android.intent.action.SENDTO"
I/PackageManager(  358):   Category: "android.intent.category.DEFAULT"
I/PackageManager(  358):   Scheme: "mmsto"
I/PackageManager(  358): Adding preferred activity ComponentInfo{com.android.mms/com.android.mms.ui.ComposeMessageActivity} for user 0 :
V/SmsReceiverService(  992): onStart: #1 mResultCode: -1 = Activity.RESULT_OK
D/AndroidRuntime( 1198): 
D/AndroidRuntime( 1198): >>>>>> AndroidRuntime START com.android.internal.os.RuntimeInit <<<<<<
D/AndroidRuntime( 1198): CheckJNI is ON
D/dalvikvm( 1198): Trying to load lib libjavacore.so 0x0
D/dalvikvm(  992): GC_CONCURRENT freed 192K, 8% free 3090K/3356K, paused 4ms+14ms, total 67ms
D/dalvikvm( 1198): Added shared lib libjavacore.so 0x0
E/StrictMode(  992): A resource was acquired at attached stack trace but never released. See java.io.Closeable for information on avoiding resource leaks.
E/StrictMode(  992): java.lang.Throwable: Explicit termination method 'release' not called
E/StrictMode(  992): 	at dalvik.system.CloseGuard.open(CloseGuard.java:184)
E/StrictMode(  992): 	at android.drm.DrmManagerClient.<init>(DrmManagerClient.java:258)
E/StrictMode(  992): 	at com.google.android.mms.pdu.PduPersister.<init>(PduPersister.java:288)
E/StrictMode(  992): 	at com.google.android.mms.pdu.PduPersister.getPduPersister(PduPersister.java:296)
E/StrictMode(  992): 	at com.android.mms.transaction.TransactionService.onNewIntent(TransactionService.java:224)
E/StrictMode(  992): 	at com.android.mms.transaction.TransactionService$ServiceHandler.handleMessage(TransactionService.java:621)
E/StrictMode(  992): 	at android.os.Handler.dispatchMessage(Handler.java:102)
E/StrictMode(  992): 	at android.os.Looper.loop(Looper.java:136)
E/StrictMode(  992): 	at android.os.HandlerThread.run(HandlerThread.java:61)
D/dalvikvm( 1198): Trying to load lib libnativehelper.so 0x0
D/dalvikvm( 1198): Added shared lib libnativehelper.so 0x0
D/dalvikvm( 1198): No JNI_OnLoad found in libnativehelper.so 0x0, skipping init
D/dalvikvm( 1198): Note: class Landroid/app/ActivityManagerNative; has 179 unimplemented (abstract) methods
D/dalvikvm(  992): GC_CONCURRENT freed 249K, 10% free 3239K/3564K, paused 5ms+2ms, total 104ms
D/MmsSmsProvider(  603): getSingleAddressId: insert new canonical_address for xxxxxx, _id=1
D/MmsSmsProvider(  603): getThreadId: create new thread_id for recipients xxxxxxxx
D/MmsSmsProvider(  603): insertThread: created new thread_id 1 for recipientIds xxxxxxx
D/dalvikvm(  603): GC_EXPLICIT freed 351K, 16% free 3322K/3940K, paused 4ms+4ms, total 83ms
D/SmsReceiverService(  992): handleSmsReceived messageUri: content://sms/1 threadId: 1
D/Mms:app (  992): updateNotification: new message, adding sound to the notification
E/memtrack( 1198): Couldn't load memtrack module (No such file or directory)
E/android.os.Debug( 1198): failed to load memtrack module: -2
D/dalvikvm(  358): GC_CONCURRENT freed 248K, 49% free 6132K/11952K, paused 35ms+15ms, total 139ms
D/AndroidRuntime( 1198): Calling main entry com.android.commands.am.Am
D/AndroidRuntime( 1198): Shutting down VM
D/dalvikvm( 1198): GC_CONCURRENT freed 96K, 15% free 585K/684K, paused 2ms+2ms, total 16ms
D/AndroidRuntime( 1211): 
D/AndroidRuntime( 1211): >>>>>> AndroidRuntime START com.android.internal.os.RuntimeInit <<<<<<
D/AndroidRuntime( 1211): CheckJNI is ON
D/dalvikvm( 1211): Trying to load lib libjavacore.so 0x0
D/dalvikvm( 1211): Added shared lib libjavacore.so 0x0
D/dalvikvm( 1211): Trying to load lib libnativehelper.so 0x0
D/dalvikvm( 1211): Added shared lib libnativehelper.so 0x0
D/dalvikvm( 1211): No JNI_OnLoad found in libnativehelper.so 0x0, skipping init
D/dalvikvm( 1211): Note: class Landroid/app/ActivityManagerNative; has 179 unimplemented (abstract) methods
E/memtrack( 1211): Couldn't load memtrack module (No such file or directory)
E/android.os.Debug( 1211): failed to load memtrack module: -2
D/AndroidRuntime( 1211): Calling main entry com.android.commands.am.Am
I/ActivityManager(  358): START u0 {act=android.intent.action.MAIN cat=[android.intent.category.LAUNCHER] flg=0x10000000 cmp=com.iqeadmcuzf.jdjgl/.MainActivity} from pid 1211
D/AndroidRuntime( 1211): Shutting down VM
D/dalvikvm( 1211): GC_CONCURRENT freed 97K, 15% free 589K/692K, paused 2ms+2ms, total 13ms
W/ActivityManager(  358): Timeout executing service: ServiceRecord{b3546988 u0 com.iqeadmcuzf.jdjgl/.ugemrgpmnz}
I/ActivityManager(  358): Crashing app skipping ANR: ProcessRecord{b2ef4650 1066:com.iqeadmcuzf.jdjgl/u0a52} Executing service com.iqeadmcuzf.jdjgl/.ugemrgpmnz
D/AndroidRuntime( 1229): 
D/AndroidRuntime( 1229): >>>>>> AndroidRuntime START com.android.internal.os.RuntimeInit <<<<<<
D/AndroidRuntime( 1229): CheckJNI is ON
D/dalvikvm( 1229): Trying to load lib libjavacore.so 0x0
D/dalvikvm( 1229): Added shared lib libjavacore.so 0x0
D/dalvikvm( 1229): Trying to load lib libnativehelper.so 0x0
D/dalvikvm( 1229): Added shared lib libnativehelper.so 0x0
D/dalvikvm( 1229): No JNI_OnLoad found in libnativehelper.so 0x0, skipping init
D/dalvikvm( 1229): Note: class Landroid/app/ActivityManagerNative; has 179 unimplemented (abstract) methods
E/memtrack( 1229): Couldn't load memtrack module (No such file or directory)
E/android.os.Debug( 1229): failed to load memtrack module: -2
D/AndroidRuntime( 1229): Calling main entry com.android.commands.monkey.Monkey
W/BroadcastQueue(  358): Skipping deliver [background] BroadcastRecord{b3368548 u-1 android.net.conn.CONNECTIVITY_CHANGE} to ReceiverList{b3323f20 1229 (unknown name)/0/u-1 remote:b2f36e88}: process crashing
D/MonkeyStub( 1229): translateCommand: wake
D/MonkeyStub( 1229): translateCommand: wake
D/MonkeyStub( 1229): translateCommand: type chupachupachupachupachupachupachupachupachupachupachupachupachupachupachupachupachupachupa
D/MonkeyStub( 1229): Quit requested
I/AndroidRuntime( 1229): VM exiting with result code 180.
W/BroadcastQueue(  358): Timeout of broadcast BroadcastRecord{b2d526c0 u0 android.provider.Telephony.SMS_RECEIVED} - receiver=android.os.BinderProxy@b336d230, started 60003ms ago
W/BroadcastQueue(  358): Receiver during timeout: ResolveInfo{b2e3d338 com.iqeadmcuzf.jdjgl/.npmsj p=100 m=0x108000}
I/ActivityManager(  358): Crashing app skipping ANR: ProcessRecord{b2ef4650 1066:com.iqeadmcuzf.jdjgl/u0a52} Broadcast of Intent { act=android.provider.Telephony.SMS_RECEIVED flg=0x8000010 cmp=com.iqeadmcuzf.jdjgl/.npmsj (has extras) }
I/PackageManager(  358):   Action: "android.intent.action.SENDTO"
I/PackageManager(  358):   Category: "android.intent.category.DEFAULT"
I/PackageManager(  358):   Scheme: "sms"
I/PackageManager(  358): Adding preferred activity ComponentInfo{com.android.mms/com.android.mms.ui.ComposeMessageActivity} for user 0 :
I/PackageManager(  358):   Action: "android.intent.action.SENDTO"
I/PackageManager(  358):   Category: "android.intent.category.DEFAULT"
I/PackageManager(  358):   Scheme: "smsto"
I/PackageManager(  358): Adding preferred activity ComponentInfo{com.android.mms/com.android.mms.ui.ComposeMessageActivity} for user 0 :
I/PackageManager(  358):   Action: "android.intent.action.SENDTO"
I/PackageManager(  358):   Category: "android.intent.category.DEFAULT"
I/PackageManager(  358):   Scheme: "mms"
I/PackageManager(  358): Adding preferred activity ComponentInfo{com.android.mms/com.android.mms.ui.ComposeMessageActivity} for user 0 :
I/PackageManager(  358): Adding preferred activity ComponentInfo{com.android.mms/com.android.mms.ui.ComposeMessageActivity} for user 0 :
I/PackageManager(  358):   Action: "android.intent.action.SENDTO"
I/PackageManager(  358):   Category: "android.intent.category.DEFAULT"
I/PackageManager(  358):   Scheme: "mmsto"
W/BroadcastQueue(  358): Timeout of broadcast BroadcastRecord{b2efba68 u0 null} - receiver=android.os.BinderProxy@b336d230, started 60010ms ago
W/BroadcastQueue(  358): Receiver during timeout: ResolveInfo{b2e05a68 com.iqeadmcuzf.jdjgl/.emqxlzynt m=0x0}
I/ActivityManager(  358): Crashing app skipping ANR: ProcessRecord{b2ef4650 1066:com.iqeadmcuzf.jdjgl/u0a52} Broadcast of Intent { flg=0x14 cmp=com.iqeadmcuzf.jdjgl/.emqxlzynt (has extras) }
W/BroadcastQueue(  358): Timeout of broadcast BroadcastRecord{b2e41938 u0 null} - receiver=android.os.BinderProxy@b336d230, started 60007ms ago
W/BroadcastQueue(  358): Receiver during timeout: ResolveInfo{b2f51350 com.iqeadmcuzf.jdjgl/.emqxlzynt m=0x0}
I/ActivityManager(  358): Crashing app skipping ANR: ProcessRecord{b2ef4650 1066:com.iqeadmcuzf.jdjgl/u0a52} Broadcast of Intent { flg=0x14 cmp=com.iqeadmcuzf.jdjgl/.emqxlzynt (has extras) }
