D/dalvikvm(  361): GC_CONCURRENT freed 466K, 69% free 4102K/12884K, paused 12ms+5ms, total 100ms
I/PackageManager(  361): /system/app/LatinIME.apk changed; collecting certs
D/dalvikvm(  361): GC_CONCURRENT freed 478K, 69% free 4116K/12884K, paused 5ms+3ms, total 44ms
D/dalvikvm(  361): WAIT_FOR_CONCURRENT_GC blocked 30ms
D/dalvikvm(  361): GC_FOR_ALLOC freed 342K, 68% free 4228K/12884K, paused 31ms, total 32ms
D/dalvikvm(  361): GC_CONCURRENT freed 269K, 66% free 4470K/12884K, paused 15ms+6ms, total 97ms
D/dalvikvm(  361): GC_CONCURRENT freed 285K, 64% free 4686K/12884K, paused 15ms+11ms, total 89ms
D/dalvikvm(  361): WAIT_FOR_CONCURRENT_GC blocked 7ms
D/dalvikvm(  361): GC_CONCURRENT freed 331K, 63% free 4874K/12884K, paused 6ms+6ms, total 105ms
I/PackageManager(  361): /system/app/LegacyCamera.apk changed; collecting certs
D/dalvikvm(  361): GC_CONCURRENT freed 443K, 62% free 4975K/12884K, paused 5ms+11ms, total 84ms
D/dalvikvm(  361): WAIT_FOR_CONCURRENT_GC blocked 21ms
D/dalvikvm(  361): GC_CONCURRENT freed 1277K, 68% free 4148K/12884K, paused 5ms+3ms, total 46ms
D/dalvikvm(  361): WAIT_FOR_CONCURRENT_GC blocked 35ms
D/dalvikvm(  361): GC_CONCURRENT freed 467K, 68% free 4192K/12884K, paused 5ms+3ms, total 44ms
D/dalvikvm(  361): WAIT_FOR_CONCURRENT_GC blocked 27ms
D/dalvikvm(  361): GC_CONCURRENT freed 142K, 65% free 4559K/12884K, paused 5ms+12ms, total 134ms
D/dalvikvm(  361): GC_CONCURRENT freed 312K, 64% free 4738K/12884K, paused 5ms+14ms, total 94ms
I/PackageManager(  361): /system/app/LiveWallpapersPicker.apk changed; collecting certs
I/PackageManager(  361): /system/app/Music.apk changed; collecting certs
D/dalvikvm(  361): GC_CONCURRENT freed 465K, 63% free 4783K/12884K, paused 5ms+9ms, total 60ms
D/dalvikvm(  361): WAIT_FOR_CONCURRENT_GC blocked 23ms
D/dalvikvm(  361): GC_CONCURRENT freed 1094K, 68% free 4219K/12884K, paused 5ms+5ms, total 105ms
I/PackageManager(  361): /system/app/NetSpeed.apk changed; collecting certs
I/PackageManager(  361): /system/app/OpenWnn.apk changed; collecting certs
D/dalvikvm(  361): GC_CONCURRENT freed 394K, 67% free 4327K/12884K, paused 13ms+6ms, total 59ms
D/dalvikvm(  361): WAIT_FOR_CONCURRENT_GC blocked 28ms
D/dalvikvm(  361): GC_CONCURRENT freed 586K, 68% free 4248K/12884K, paused 3ms+13ms, total 67ms
D/dalvikvm(  361): GC_CONCURRENT freed 319K, 66% free 4441K/12884K, paused 5ms+3ms, total 77ms
D/dalvikvm(  361): WAIT_FOR_CONCURRENT_GC blocked 16ms
I/PackageManager(  361): /system/app/PacProcessor.apk changed; collecting certs
I/PackageManager(  361): /system/app/PackageInstaller.apk changed; collecting certs
D/dalvikvm(  361): GC_CONCURRENT freed 374K, 65% free 4578K/12884K, paused 14ms+24ms, total 99ms
D/dalvikvm(  361): WAIT_FOR_CONCURRENT_GC blocked 9ms
I/PackageManager(  361): /system/app/PicoTts.apk changed; collecting certs
I/PackageManager(  361): /system/app/PinyinIME.apk changed; collecting certs
D/dalvikvm(  361): GC_CONCURRENT freed 975K, 69% free 4115K/12884K, paused 5ms+4ms, total 74ms
D/dalvikvm(  361): WAIT_FOR_CONCURRENT_GC blocked 17ms
I/PackageManager(  361): /system/app/PrintSpooler.apk changed; collecting certs
I/PackageManager(  361): /system/app/Protips.apk changed; collecting certs
D/dalvikvm(  361): GC_CONCURRENT freed 477K, 68% free 4139K/12884K, paused 5ms+6ms, total 80ms
D/dalvikvm(  361): WAIT_FOR_CONCURRENT_GC blocked 17ms
I/PackageManager(  361): /system/app/QuickSearchBox.apk changed; collecting certs
D/dalvikvm(  361): GC_CONCURRENT freed 451K, 68% free 4199K/12884K, paused 6ms+5ms, total 63ms
D/dalvikvm(  361): WAIT_FOR_CONCURRENT_GC blocked 26ms
I/PackageManager(  361): /system/app/SdkSetup.apk changed; collecting certs
D/dalvikvm(  361): GC_CONCURRENT freed 405K, 67% free 4324K/12884K, paused 4ms+3ms, total 95ms
I/PackageManager(  361): /system/app/SoundRecorder.apk changed; collecting certs
I/PackageManager(  361): /system/app/SpeechRecorder.apk changed; collecting certs
I/PackageManager(  361): /system/app/TelephonyProvider.apk changed; collecting certs
I/PackageManager(  361): /system/app/UserDictionaryProvider.apk changed; collecting certs
D/dalvikvm(  361): GC_CONCURRENT freed 420K, 66% free 4419K/12884K, paused 14ms+6ms, total 93ms
D/dalvikvm(  361): WAIT_FOR_CONCURRENT_GC blocked 10ms
D/PackageManager(  361): No files in app dir /vendor/app
I/PackageManager(  361): /data/app/ApiDemos.apk changed; collecting certs
W/PackageParser(  361): No actions in intent filter at /data/app/ApiDemos.apk Binary XML file line #2899
W/PackageParser(  361): No actions in intent filter at /data/app/ApiDemos.apk Binary XML file line #2905
D/dalvikvm(  361): GC_CONCURRENT freed 581K, 67% free 4332K/12884K, paused 13ms+16ms, total 93ms
D/dalvikvm(  361): GC_CONCURRENT freed 302K, 66% free 4507K/12884K, paused 5ms+3ms, total 43ms
D/dalvikvm(  361): WAIT_FOR_CONCURRENT_GC blocked 33ms
D/dalvikvm(  361): GC_CONCURRENT freed 329K, 64% free 4700K/12884K, paused 13ms+5ms, total 104ms
D/dalvikvm(  361): GC_CONCURRENT freed 296K, 62% free 4915K/12884K, paused 14ms+4ms, total 101ms
D/dalvikvm(  361): WAIT_FOR_CONCURRENT_GC blocked 12ms
D/dalvikvm(  361): GC_CONCURRENT freed 640K, 63% free 4829K/12884K, paused 5ms+3ms, total 69ms
D/dalvikvm(  361): WAIT_FOR_CONCURRENT_GC blocked 29ms
D/dalvikvm(  361): GC_CONCURRENT freed 532K, 63% free 4830K/12884K, paused 13ms+4ms, total 83ms
D/dalvikvm(  361): WAIT_FOR_CONCURRENT_GC blocked 22ms
D/dalvikvm(  361): GC_CONCURRENT freed 533K, 63% free 4826K/12884K, paused 6ms+4ms, total 80ms
D/dalvikvm(  361): WAIT_FOR_CONCURRENT_GC blocked 15ms
D/dalvikvm(  361): GC_CONCURRENT freed 517K, 63% free 4841K/12884K, paused 12ms+4ms, total 71ms
D/dalvikvm(  361): WAIT_FOR_CONCURRENT_GC blocked 34ms
D/dalvikvm(  361): GC_CONCURRENT freed 529K, 63% free 4844K/12884K, paused 5ms+4ms, total 72ms
D/dalvikvm(  361): WAIT_FOR_CONCURRENT_GC blocked 28ms
D/dalvikvm(  361): GC_CONCURRENT freed 529K, 63% free 4846K/12884K, paused 33ms+4ms, total 93ms
D/dalvikvm(  361): WAIT_FOR_CONCURRENT_GC blocked 45ms
D/dalvikvm(  361): GC_CONCURRENT freed 529K, 63% free 4849K/12884K, paused 10ms+4ms, total 70ms
D/dalvikvm(  361): WAIT_FOR_CONCURRENT_GC blocked 32ms
D/dalvikvm(  361): GC_CONCURRENT freed 531K, 63% free 4854K/12884K, paused 5ms+4ms, total 72ms
D/dalvikvm(  361): WAIT_FOR_CONCURRENT_GC blocked 33ms
D/dalvikvm(  361): GC_CONCURRENT freed 529K, 63% free 4857K/12884K, paused 16ms+4ms, total 72ms
D/dalvikvm(  361): WAIT_FOR_CONCURRENT_GC blocked 35ms
D/dalvikvm(  361): GC_CONCURRENT freed 546K, 63% free 4849K/12884K, paused 15ms+3ms, total 81ms
D/dalvikvm(  361): WAIT_FOR_CONCURRENT_GC blocked 24ms
W/PackageManager(  361): Package com.example.android.apis desires unavailable shared library com.example.will.never.exist; ignoring!
I/PackageManager(  361): /data/app/CubeLiveWallpapers.apk changed; collecting certs
I/PackageManager(  361): /data/app/GestureBuilder.apk changed; collecting certs
D/dalvikvm(  361): GC_CONCURRENT freed 427K, 62% free 4955K/12884K, paused 12ms+9ms, total 79ms
D/dalvikvm(  361): WAIT_FOR_CONCURRENT_GC blocked 24ms
I/PackageManager(  361): /data/app/SmokeTest.apk changed; collecting certs
I/PackageManager(  361): /data/app/SmokeTestApp.apk changed; collecting certs
I/PackageManager(  361): /data/app/SoftKeyboard.apk changed; collecting certs
D/dalvikvm(  361): GC_CONCURRENT freed 1116K, 66% free 4401K/12884K, paused 14ms+13ms, total 84ms
D/dalvikvm(  361): WAIT_FOR_CONCURRENT_GC blocked 11ms
I/PackageManager(  361): /data/app/WidgetPreview.apk changed; collecting certs
D/dalvikvm(  361): GC_CONCURRENT freed 531K, 66% free 4382K/12884K, paused 5ms+4ms, total 79ms
D/dalvikvm(  361): WAIT_FOR_CONCURRENT_GC blocked 16ms
W/PackageManager(  361): Package com.example.android.apis desires unavailable shared library com.example.will.never.exist; ignoring!
W/PackageManager(  361): Package com.android.camera desires unavailable shared library com.google.android.media.effects; ignoring!
I/PackageManager(  361): Time to scan packages: 23.982 seconds
W/PackageManager(  361): Not granting permission android.permission.GLOBAL_SEARCH to package com.android.quicksearchbox (protectionLevel=18 flags=0x8be45)
W/PackageManager(  361): Unknown permission com.android.smspush.WAPPUSH_MANAGER_BIND in package com.android.phone
W/PackageManager(  361): Unknown permission com.google.android.googleapps.permission.GOOGLE_AUTH in package com.android.providers.calendar
W/PackageManager(  361): Unknown permission com.google.android.googleapps.permission.GOOGLE_AUTH.cl in package com.android.providers.calendar
W/PackageManager(  361): Unknown permission com.google.android.googleapps.permission.GOOGLE_AUTH.mail in package com.android.calendar
W/PackageManager(  361): Not granting permission android.permission.ACCESS_DOWNLOAD_MANAGER to package com.android.browser (protectionLevel=18 flags=0x9be45)
W/PackageManager(  361): Not granting permission android.permission.SEND_DOWNLOAD_COMPLETED_INTENTS to package com.android.browser (protectionLevel=2 flags=0x9be45)
W/PackageManager(  361): Not granting permission android.permission.BIND_APPWIDGET to package com.android.widgetpreview (protectionLevel=18 flags=0x8be44)
W/PackageManager(  361): Unknown permission android.permission.INSTALL_DRM in package com.android.mms
W/PackageManager(  361): Unknown permission com.google.android.googleapps.permission.GOOGLE_AUTH in package com.android.settings
W/PackageManager(  361): Unknown permission com.google.android.googleapps.permission.ACCESS_GOOGLE_PASSWORD in package com.android.development
W/PackageManager(  361): Unknown permission com.google.android.googleapps.permission.GOOGLE_AUTH in package com.android.development
W/PackageManager(  361): Unknown permission com.google.android.googleapps.permission.GOOGLE_AUTH.ALL_SERVICES in package com.android.development
W/PackageManager(  361): Unknown permission com.google.android.googleapps.permission.GOOGLE_AUTH.YouTubeUser in package com.android.development
W/PackageManager(  361): Not granting permission android.permission.DELETE_PACKAGES to package com.svox.pico (protectionLevel=18 flags=0x8be45)
W/PackageManager(  361): Not granting permission android.permission.DEVICE_POWER to package com.android.deskclock (protectionLevel=2 flags=0x48be45)
D/dalvikvm(  361): GC_CONCURRENT freed 377K, 66% free 4416K/12884K, paused 12ms+14ms, total 91ms
D/dalvikvm(  361): GC_EXPLICIT freed 235K, 67% free 4279K/12884K, paused 4ms+3ms, total 54ms
I/SystemServer(  361): Entropy Mixer
W/EntropyMixer(  361): No existing entropy file -- first boot?
I/EntropyMixer(  361): Writing entropy...
I/SystemServer(  361): User Service
I/SystemServer(  361): Account Manager
I/SystemServer(  361): Content Manager
I/SystemServer(  361): System Content Providers
I/SyncManager(  361): No initial accounts
I/SyncManager(  361): No initial status
W/SyncManagerFile(  361): Error reading pending data.
W/SyncManagerFile(  361): java.io.FileNotFoundException: /data/system/sync/pending.xml: open failed: ENOENT (No such file or directory)
W/SyncManagerFile(  361): 	at libcore.io.IoBridge.open(IoBridge.java:409)
W/SyncManagerFile(  361): 	at java.io.FileInputStream.<init>(FileInputStream.java:78)
W/SyncManagerFile(  361): 	at android.util.AtomicFile.openRead(AtomicFile.java:199)
W/SyncManagerFile(  361): 	at com.android.server.content.SyncStorageEngine.readPendingOperationsLocked(SyncStorageEngine.java:2286)
W/SyncManagerFile(  361): 	at com.android.server.content.SyncStorageEngine.<init>(SyncStorageEngine.java:434)
W/SyncManagerFile(  361): 	at com.android.server.content.SyncStorageEngine.init(SyncStorageEngine.java:454)
W/SyncManagerFile(  361): 	at com.android.server.content.SyncManager.<init>(SyncManager.java:383)
W/SyncManagerFile(  361): 	at com.android.server.content.ContentService.getSyncManager(ContentService.java:75)
W/SyncManagerFile(  361): 	at com.android.server.content.ContentService.notifyChange(ContentService.java:283)
W/SyncManagerFile(  361): 	at android.content.ContentResolver.notifyChange(ContentResolver.java:1621)
W/SyncManagerFile(  361): 	at com.android.providers.settings.SettingsProvider.sendNotify(SettingsProvider.java:262)
W/SyncManagerFile(  361): 	at com.android.providers.settings.SettingsProvider.insertForUser(SettingsProvider.java:941)
W/SyncManagerFile(  361): 	at com.android.providers.settings.SettingsProvider.ensureAndroidIdIsSet(SettingsProvider.java:496)
W/SyncManagerFile(  361): 	at com.android.providers.settings.SettingsProvider.establishDbTracking(SettingsProvider.java:409)
W/SyncManagerFile(  361): 	at com.android.providers.settings.SettingsProvider.onCreate(SettingsProvider.java:335)
W/SyncManagerFile(  361): 	at android.content.ContentProvider.attachInfo(ContentProvider.java:1591)
W/SyncManagerFile(  361): 	at android.content.ContentProvider.attachInfo(ContentProvider.java:1562)
W/SyncManagerFile(  361): 	at android.app.ActivityThread.installProvider(ActivityThread.java:4774)
W/SyncManagerFile(  361): 	at android.app.ActivityThread.installContentProviders(ActivityThread.java:4369)
W/SyncManagerFile(  361): 	at android.app.ActivityThread.installSystemProviders(ActivityThread.java:4929)
W/SyncManagerFile(  361): 	at com.android.server.am.ActivityManagerService.installSystemProviders(ActivityManagerService.java:8081)
W/SyncManagerFile(  361): 	at com.android.server.ServerThread.initAndLoop(SystemServer.java:275)
W/SyncManagerFile(  361): 	at com.android.server.SystemServer.main(SystemServer.java:1179)
W/SyncManagerFile(  361): 	at java.lang.reflect.Method.invokeNative(Native Method)
W/SyncManagerFile(  361): 	at java.lang.reflect.Method.invoke(Method.java:515)
W/SyncManagerFile(  361): 	at com.android.internal.os.ZygoteInit$MethodAndArgsCaller.run(ZygoteInit.java:785)
W/SyncManagerFile(  361): 	at com.android.internal.os.ZygoteInit.main(ZygoteInit.java:601)
W/SyncManagerFile(  361): 	at dalvik.system.NativeStart.main(Native Method)
W/SyncManagerFile(  361): Caused by: libcore.io.ErrnoException: open failed: ENOENT (No such file or directory)
W/SyncManagerFile(  361): 	at libcore.io.Posix.open(Native Method)
W/SyncManagerFile(  361): 	at libcore.io.BlockGuardOs.open(BlockGuardOs.java:110)
W/SyncManagerFile(  361): 	at libcore.io.IoBridge.open(IoBridge.java:393)
W/SyncManagerFile(  361): 	... 27 more
I/SyncManager(  361): No initial statistics
D/SettingsProvider(  361): Generated and saved new ANDROID_ID [c8eb9f8f12ca84f6] for user 0
I/SystemServer(  361): Lights Service
I/SystemServer(  361): Battery Service
E/ConsumerIrService(  361): Can't open consumer IR HW Module, error: -2
I/SystemServer(  361): Vibrator Service
I/SystemServer(  361): Consumer IR Service
W/libsuspend(  361): Error writing 'on' to /sys/power/state: Invalid argument
E/libsuspend(  361): Error opening /sys/power/autosleep: No such file or directory
I/libsuspend(  361): Selected wakeup count
D/PermissionCache(   57): checking android.permission.ACCESS_SURFACE_FLINGER for uid=1000 => granted (2166 us)
D/SurfaceFlinger(   57): Screen acquired, type=0 flinger=0xb8c65450
D/SurfaceFlinger(   57):  screen was previously acquired
I/SystemServer(  361): Alarm Manager
I/SystemServer(  361): Init Watchdog
I/SystemServer(  361): Input Manager
I/InputManager(  361): Initializing input manager, mUseDevInputEventForAudioJack=false
I/SystemServer(  361): Window Manager
I/WindowManager(  361): No existing display settings /data/system/display_settings.xml; starting empty
D/dalvikvm(  361): GC_CONCURRENT freed 312K, 66% free 4478K/12884K, paused 27ms+8ms, total 147ms
D/dalvikvm(  361): WAIT_FOR_CONCURRENT_GC blocked 7ms
I/WindowManager(  361): No keyguard interface!
I/InputManager(  361): Starting input manager
I/SystemServer(  361): No Bluetooh Service (emulator)
I/SystemServer(  361): Input Method Service
E/EventHub(  361): could not get driver version for /dev/input/mouse0, Not a typewriter
W/EventHub(  361): Unable to disable kernel key repeat for /dev/input/event0: Function not implemented
I/EventHub(  361): New device: id=1, fd=93, path='/dev/input/event0', name='qwerty2', classes=0x2d, configuration='/system/usr/idc/qwerty2.idc', keyLayout='/system/usr/keylayout/qwerty.kl', keyCharacterMap='/system/usr/keychars/qwerty2.kcm', builtinKeyboard=true, usingSuspendBlockIoctl=true, usingClockIoctl=true
E/EventHub(  361): could not get driver version for /dev/input/mice, Not a typewriter
I/InputReader(  361): Device added: id=-1, name='Virtual', sources=0x00000301
I/InputReader(  361):   Touch device 'qwerty2' could not query the properties of its associated display.  The device will be inoperable until the display size becomes available.
I/InputReader(  361): Device added: id=0, name='qwerty2', sources=0x00011307
W/InputMethodManagerService(  361): No IME selected. Choose the most applicable IME.
I/InputMethodManagerService(  361): No default found, using com.android.inputmethod.latin/.LatinIME
I/SystemServer(  361): Accessibility Manager
I/InputReader(  361): Reconfiguring input devices.  changes=0x00000004
I/InputReader(  361): Device reconfigured: id=0, name='qwerty2', size 480x864, orientation 0, mode 1, display id 0
I/ActivityManager(  361): Config changes=1df8 {1.0 ?mcc?mnc en_US ldltr sw480dp w480dp h864dp 160dpi lrg long port ?uimode ?night -touch -keyb/h/h tball/v s.2}
I/ActivityManager(  361): Config changes=408 {1.0 ?mcc?mnc en_US ldltr sw480dp w480dp h839dp 160dpi lrg long port ?uimode ?night finger -keyb/h/h tball/v s.3}
I/SystemServer(  361): Mount Service
D/MountService(  361): got storage path: /storage/sdcard description: USB storage primary: true removable: false emulated: false mtpReserve: 0 allowMassStorage: false maxFileSize: 0
D/MountService(  361): addVolumeLocked() StorageVolume:
D/MountService(  361):     mStorageId=0 mPath=/storage/sdcard mDescriptionId=17040665 mPrimary=true 
D/MountService(  361):     mRemovable=false mEmulated=false mMtpReserveSpace=0 
D/MountService(  361):     mAllowMassStorage=false mMaxFileSize=0 mOwner=null mUuid=null 
D/MountService(  361):     mUserLabel=null mState=null 
I/SystemServer(  361): LockSettingsService
I/SystemServer(  361): Device Policy
I/SystemServer(  361): Status Bar
I/SystemServer(  361): Clipboard Service
I/SystemServer(  361): NetworkManagement Service
W/MountService(  361): Duplicate state transition (unmounted -> unmounted) for /storage/sdcard
W/MountService(  361): getSecureContainerList() called when storage not mounted
I/SystemServer(  361): Text Service Manager Service
I/PackageManager(  361): No secure containers on sdcard
I/SystemServer(  361): NetworkStats Service
W/PackageManager(  361): Not granting permission android.permission.GLOBAL_SEARCH to package com.android.quicksearchbox (protectionLevel=18 flags=0x8be45)
I/SystemServer(  361): NetworkPolicy Service
I/SystemServer(  361): Wi-Fi P2pService
W/PackageManager(  361): Unknown permission com.android.smspush.WAPPUSH_MANAGER_BIND in package com.android.phone
W/PackageManager(  361): Unknown permission com.google.android.googleapps.permission.GOOGLE_AUTH in package com.android.providers.calendar
W/PackageManager(  361): Unknown permission com.google.android.googleapps.permission.GOOGLE_AUTH.cl in package com.android.providers.calendar
W/PackageManager(  361): Unknown permission com.google.android.googleapps.permission.GOOGLE_AUTH.mail in package com.android.calendar
W/PackageManager(  361): Not granting permission android.permission.ACCESS_DOWNLOAD_MANAGER to package com.android.browser (protectionLevel=18 flags=0x9be45)
W/PackageManager(  361): Not granting permission android.permission.SEND_DOWNLOAD_COMPLETED_INTENTS to package com.android.browser (protectionLevel=2 flags=0x9be45)
W/PackageManager(  361): Not granting permission android.permission.BIND_APPWIDGET to package com.android.widgetpreview (protectionLevel=18 flags=0x8be44)
W/PackageManager(  361): Unknown permission android.permission.INSTALL_DRM in package com.android.mms
W/PackageManager(  361): Unknown permission com.google.android.googleapps.permission.GOOGLE_AUTH in package com.android.settings
W/PackageManager(  361): Unknown permission com.google.android.googleapps.permission.ACCESS_GOOGLE_PASSWORD in package com.android.development
W/PackageManager(  361): Unknown permission com.google.android.googleapps.permission.GOOGLE_AUTH in package com.android.development
W/PackageManager(  361): Unknown permission com.google.android.googleapps.permission.GOOGLE_AUTH.ALL_SERVICES in package com.android.development
W/PackageManager(  361): Unknown permission com.google.android.googleapps.permission.GOOGLE_AUTH.YouTubeUser in package com.android.development
W/PackageManager(  361): Not granting permission android.permission.DELETE_PACKAGES to package com.svox.pico (protectionLevel=18 flags=0x8be45)
W/PackageManager(  361): Not granting permission android.permission.DEVICE_POWER to package com.android.deskclock (protectionLevel=2 flags=0x48be45)
D/dalvikvm(  361): GC_CONCURRENT freed 265K, 64% free 4650K/12884K, paused 14ms+5ms, total 86ms
I/SystemServer(  361): Wi-Fi Service
D/WifiController(  361): isAirplaneModeOn = false, isWifiEnabled = false, isScanningAvailable = false
I/SystemServer(  361): Connectivity Service
D/ConnectivityService(  361): ConnectivityService starting up
D/ConnectivityService(  361): wifiOnly=false
E/MobileDataStateTracker(  361): default: Ignoring feature request because could not acquire PhoneService
E/MobileDataStateTracker(  361): default: Could not enable APN type "default"
I/WifiService(  361): WifiService starting up with Wi-Fi disabled
I/SystemServer(  361): Network Service Discovery Service
D/NsdService(  361): Network service discovery enabled true
I/SystemServer(  361): UpdateLock Service
I/SystemServer(  361): Notification Manager
I/SystemServer(  361): Device Storage Monitor
I/SystemServer(  361): Location Manager
I/SystemServer(  361): Country Detector
I/SystemServer(  361): Search Service
I/SystemServer(  361): DropBox Service
I/SystemServer(  361): Wallpaper Service
W/WallpaperService(  361): no current wallpaper -- first boot?
I/SystemServer(  361): Audio Service
D/dalvikvm(  361): GC_CONCURRENT freed 263K, 63% free 4848K/12884K, paused 23ms+6ms, total 117ms
D/SettingsProvider(  361): User 0 external modification to /data/data/com.android.providers.settings/databases/settings.db; event=2
D/SettingsProvider(  361): User 0 updating our caches for /data/data/com.android.providers.settings/databases/settings.db
I/SystemServer(  361): Dock Observer
W/DockObserver(  361): This kernel does not have dock station support
I/SystemServer(  361): Wired Accessory Manager
W/WiredAccessoryManager(  361): This kernel does not have wired headset support
W/WiredAccessoryManager(  361): This kernel does not have usb audio support
W/WiredAccessoryManager(  361): This kernel does not have HDMI audio support
I/SystemServer(  361): USB Service
I/SystemServer(  361): Serial Service
I/SystemServer(  361): Twilight Service
I/SystemServer(  361): UI Mode Manager Service
I/SystemServer(  361): Backup Service
V/BackupManagerService(  361): Initializing package tracking
V/BackupManagerService(  361): No ancestral data
V/BackupManagerService(  361): addPackageParticipantsLocked: all
I/BackupManagerService(  361): Scheduling backup for new app com.android.calendar
D/BackupManagerService(  361): Now staging backup of com.android.calendar
I/BackupManagerService(  361): Scheduling backup for new app com.android.browser
D/BackupManagerService(  361): Now staging backup of com.android.browser
I/BackupManagerService(  361): Scheduling backup for new app com.android.providers.userdictionary
D/BackupManagerService(  361): Now staging backup of com.android.providers.userdictionary
I/BackupManagerService(  361): Scheduling backup for new app com.android.sharedstoragebackup
D/BackupManagerService(  361): Now staging backup of com.android.sharedstoragebackup
I/BackupManagerService(  361): Scheduling backup for new app android
D/BackupManagerService(  361): Now staging backup of android
I/BackupManagerService(  361): Scheduling backup for new app com.android.dialer
D/BackupManagerService(  361): Now staging backup of com.android.dialer
I/BackupManagerService(  361): Scheduling backup for new app com.android.providers.settings
D/BackupManagerService(  361): Now staging backup of com.android.providers.settings
V/BackupManagerService(  361): Starting with transport android/com.android.internal.backup.LocalTransport
V/BackupManagerService(  361): Found transports: 1
I/BackupManagerService(  361): Binding to transport host ComponentInfo{android/com.android.internal.backup.LocalTransportService}
I/BackupManagerService(  361): Backup enabled => true
I/SystemServer(  361): AppWidget Service
I/SystemServer(  361): Recognition Service
I/SystemServer(  361): DiskStats Service
I/SystemServer(  361): SamplingProfiler Service
I/SystemServer(  361): NetworkTimeUpdateService
I/SystemServer(  361): CommonTimeManagementService
I/SystemServer(  361): CertBlacklister
I/SystemServer(  361): Dreams Service
I/SystemServer(  361): Assets Atlas Service
I/WindowManager(  361): SAFE MODE not enabled
I/SystemServer(  361): IdleMaintenanceService
I/SystemServer(  361): Print Service
I/SystemServer(  361): Media Router Service
D/Atlas   (  361): Computing best atlas configuration...
D/Atlas   (  361): Running Thread-50
D/Atlas   (  361): Found best atlas configuration in 0.15s
E/SQLiteLog(  361): (1) no such table: locksettings
D/Atlas   (  361): Loaded configuration: SliceMinArea (768x768) flags=0x2 count=24
I/LockSettingsService(  361): Migrated lock settings to new location
D/gralloc_goldfish(  361): Emulator without GPU emulation detected.
I/LockSettingsService(  361): Migrated per-user lock settings to new location
D/dalvikvm(  361): GC_CONCURRENT freed 346K, 62% free 4989K/12884K, paused 6ms+4ms, total 184ms
W/AssetAtlasService(  361): Could not find EGL configuration
D/Atlas   (  361): Rendered atlas in 29.76ms (6.43+23.33ms)
I/Zygote  (  361): Process: zygote socket opened
V/KeyguardServiceDelegate(  361): *** Keyguard started
V/KeyguardServiceDelegate(  361): onSystemReady() called before keyguard service was ready
I/ActivityManager(  361): Start proc com.android.systemui for service com.android.keyguard/.KeyguardService: pid=439 uid=10007 gids={50007, 1028, 1015, 1035, 3002, 3001}
F/SystemServer(  361): BOOT FAILURE making Package Manager Service ready
F/SystemServer(  361): java.lang.SecurityException: Unable to find app for caller android.app.ActivityThread$ApplicationThread@b2fd0738 (pid=361) when registering receiver android.app.LoadedApk$ReceiverDispatcher$InnerReceiver@b31ec530
F/SystemServer(  361): 	at com.android.server.am.ActivityManagerService.registerReceiver(ActivityManagerService.java:13021)
F/SystemServer(  361): 	at android.app.ContextImpl.registerReceiverInternal(ContextImpl.java:1450)
F/SystemServer(  361): 	at android.app.ContextImpl.registerReceiverAsUser(ContextImpl.java:1425)
F/SystemServer(  361): 	at com.android.internal.content.PackageMonitor.register(PackageMonitor.java:84)
F/SystemServer(  361): 	at com.android.server.pm.UserManagerService.systemReady(UserManagerService.java:237)
F/SystemServer(  361): 	at com.android.server.pm.PackageManagerService.systemReady(PackageManagerService.java:10476)
F/SystemServer(  361): 	at com.android.server.ServerThread.initAndLoop(SystemServer.java:893)
F/SystemServer(  361): 	at com.android.server.SystemServer.main(SystemServer.java:1179)
F/SystemServer(  361): 	at java.lang.reflect.Method.invokeNative(Native Method)
F/SystemServer(  361): 	at java.lang.reflect.Method.invoke(Method.java:515)
F/SystemServer(  361): 	at com.android.internal.os.ZygoteInit$MethodAndArgsCaller.run(ZygoteInit.java:785)
F/SystemServer(  361): 	at com.android.internal.os.ZygoteInit.main(ZygoteInit.java:601)
F/SystemServer(  361): 	at dalvik.system.NativeStart.main(Native Method)
W/SystemServer(  361): ***********************************************
I/ActivityManager(  361): Sending system update to ComponentInfo{com.android.providers.calendar/com.android.providers.calendar.CalendarUpgradeReceiver} for user 0
I/ActivityManager(  361): Sending system update to ComponentInfo{com.android.providers.contacts/com.android.providers.contacts.ContactsUpgradeReceiver} for user 0
I/ActivityManager(  361): Sending system update to ComponentInfo{com.android.providers.media/com.android.providers.media.MediaUpgradeReceiver} for user 0
I/SystemServer(  361): Enabled StrictMode for system server main thread.
I/ActivityManager(  361): Start proc com.android.providers.calendar for broadcast com.android.providers.calendar/.CalendarUpgradeReceiver: pid=450 uid=10001 gids={50001, 3003, 1028, 1015}
I/Choreographer(  361): Skipped 53 frames!  The application may be doing too much work on its main thread.
W/InputMethodManagerService(  361): Focus gain on non-focused client android.view.inputmethod.InputMethodManager$1@b35baa58 (uid=1000 pid=361)
V/BackupManagerService(  361): Connected to transport ComponentInfo{android/com.android.internal.backup.LocalTransportService}
V/BackupManagerService(  361): Registering transport android/com.android.internal.backup.LocalTransportService::android/com.android.internal.backup.LocalTransport = com.android.internal.backup.LocalTransport@b324b640
I/ActivityManager(  361): Launching preboot mode app: ProcessRecord{b31c62e8 450:com.android.providers.calendar/u0a1}
E/SoundPool(  439): error loading /system/media/audio/ui/Lock.ogg
W/KeyguardViewMediator(  439): failed to load lock sound from /system/media/audio/ui/Lock.ogg
E/SoundPool(  439): error loading /system/media/audio/ui/Unlock.ogg
W/KeyguardViewMediator(  439): failed to load unlock sound from /system/media/audio/ui/Unlock.ogg
V/KeyguardService(  439): onCreate()
V/KeyguardServiceDelegate(  361): *** Keyguard connected (yay!)
V/KeyguardServiceDelegate(  361): **** SHOWN CALLED ****
I/ActivityManager(  361): Start proc android.process.acore for broadcast com.android.providers.contacts/.ContactsUpgradeReceiver: pid=468 uid=10002 gids={50002, 3003, 1028, 1015}
D/dalvikvm(  361): GC_CONCURRENT freed 340K, 61% free 5103K/12884K, paused 14ms+3ms, total 109ms
I/ActivityManager(  361): Launching preboot mode app: ProcessRecord{b2e1ee88 468:android.process.acore/u0a2}
I/ContactsUpgradeReceiver(  468): Creating or opening contacts database
D/dalvikvm(  468): GC_CONCURRENT freed 390K, 15% free 2808K/3268K, paused 14ms+1ms, total 62ms
I/ContactsDatabaseHelper(  468): Bootstrapping database version: 803
D/dalvikvm(  468): GC_CONCURRENT freed 327K, 12% free 2881K/3268K, paused 5ms+1ms, total 42ms
I/ContactsProviderV1(  468): Bootstrapping database legacy support
I/ContactsDatabaseHelper(  468): Bootstrapping database version: 803
D/dalvikvm(  468): GC_CONCURRENT freed 340K, 13% free 2932K/3340K, paused 4ms+4ms, total 31ms
I/ContactsProviderV1(  468): Bootstrapping database legacy support
I/ContactsProvider(  468): Locale has changed from null to en_US
I/ContactsDatabaseHelper(  468): Switching to locale en_US (ICU v51.1.0.1)
D/dalvikvm(  468): GC_CONCURRENT freed 349K, 13% free 3015K/3432K, paused 10ms+2ms, total 38ms
I/ContactsDatabaseHelper(  468): Locale change completed in 454ms
I/ContactsDatabaseHelper(  468): Switching to locale en_US (ICU v51.1.0.1)
D/dalvikvm(  468): GC_CONCURRENT freed 356K, 13% free 3058K/3480K, paused 4ms+2ms, total 43ms
I/ContactsDatabaseHelper(  468): Locale change completed in 503ms
I/ActivityManager(  361): Start proc android.process.media for broadcast com.android.providers.media/.MediaUpgradeReceiver: pid=486 uid=10005 gids={50005, 1028, 1015, 1023, 1024, 2001, 3003, 3007}
I/ActivityManager(  361): Launching preboot mode app: ProcessRecord{b35bdb88 486:android.process.media/u0a5}
I/ActivityManager(  361): Writing new set of last done pre-boot receivers...
I/ActivityManager(  361): Removing system update proc: ProcessRecord{b31c62e8 450:com.android.providers.calendar/u0a1}
I/ActivityManager(  361): Killing 450:com.android.providers.calendar/u0a1 (adj 13): system update done
I/ActivityManager(  361): Removing system update proc: ProcessRecord{b2e1ee88 468:android.process.acore/u0a2}
I/ActivityManager(  361): Killing 468:android.process.acore/u0a2 (adj 11): system update done
I/ActivityManager(  361): Removing system update proc: ProcessRecord{b35bdb88 486:android.process.media/u0a5}
I/ActivityManager(  361): Killing 486:android.process.media/u0a5 (adj 9): system update done
W/ActivityManager(  361): Can't find mystery application for StrictMode from pid=486 uid=10005: android.os.BinderProxy@b356e6f8
I/ActivityManager(  361): System now ready
I/SystemServer(  361): Making services ready
D/NetworkManagementService(  361): enabling bandwidth control
I/Vold    (   52): /dev/block/vold/179:0 being considered for volume sdcard
D/Vold    (   52): Volume sdcard state changing 1 (Idle-Unmounted) -> 3 (Checking)
D/MountService(  361): volume state changed for /storage/sdcard (unmounted -> checking)
D/MountService(  361): sendStorageIntent Intent { act=android.intent.action.MEDIA_CHECKING dat=file:///storage/sdcard (has extras) } to UserHandle{-1}
D/SystemUIService(  439): loading: class com.android.systemui.recent.Recents
D/SystemUIService(  439): running: com.android.systemui.recent.Recents@b2d0a0a8
D/SystemUIService(  439): loading: class com.android.systemui.statusbar.SystemBars
D/SystemUIService(  439): running: com.android.systemui.statusbar.SystemBars@b2d0a690
I/fsck_msdos(   52): ** /dev/block/vold/179:0
D/SystemUIService(  439): loading: class com.android.systemui.usb.StorageNotification
D/SystemUIService(  439): running: com.android.systemui.usb.StorageNotification@b2d0c3e0
I/fsck_msdos(   52): Invalid signature in fsinfo block
I/fsck_msdos(   52): FIXED
I/fsck_msdos(   52): ** Phase 1 - Read and Compare FATs
I/fsck_msdos(   52): Attempting to allocate 794 KB for FAT
D/dalvikvm(  361): GC_CONCURRENT freed 388K, 60% free 5228K/12884K, paused 6ms+4ms, total 246ms
D/SystemUIService(  439): loading: class com.android.systemui.power.PowerUI
D/SystemUIService(  439): running: com.android.systemui.power.PowerUI@b2d0da40
D/SystemUIService(  439): loading: class com.android.systemui.media.RingtonePlayer
D/SystemUIService(  439): running: com.android.systemui.media.RingtonePlayer@b2d0e820
D/SystemUIService(  439): loading: class com.android.systemui.settings.SettingsUI
D/SystemUIService(  439): running: com.android.systemui.settings.SettingsUI@b2d0fd60
I/fsck_msdos(   52): Attempting to allocate 794 KB for FAT
D/PhoneStatusBar(  439): mSettingsPanelGravity = 55
I/StatusBarManagerService(  361): registerStatusBar bar=com.android.internal.statusbar.IStatusBar$Stub$Proxy@b3691438
I/fsck_msdos(   52): ** Phase 2 - Check Cluster Chains
I/fsck_msdos(   52): ** Phase 3 - Checking Directories
I/fsck_msdos(   52): ** Phase 4 - Checking for Lost Files
I/fsck_msdos(   52): Free space in FSInfo block (201592) not correct (201591)
I/fsck_msdos(   52): FIXED
I/fsck_msdos(   52): 1 files, 100795 free (201591 clusters)
I/Vold    (   52): Filesystem check completed OK
D/dalvikvm(  439): GC_CONCURRENT freed 282K, 12% free 2830K/3180K, paused 10ms+83ms, total 220ms
W/Vold    (   52): blkid failed to identify /dev/block/vold/179:0
I/PackageManager(  361): Updating external media status from unmounted to mounted
D/Vold    (   52): Volume sdcard state changing 3 (Checking) -> 4 (Mounted)
D/MountService(  361): volume state changed for /storage/sdcard (checking -> mounted)
E/VoldConnector(  361): NDC Command {3 volume mount /storage/sdcard} took too long (842ms)
D/MountService(  361): sendStorageIntent Intent { act=android.intent.action.MEDIA_MOUNTED dat=file:///storage/sdcard (has extras) } to UserHandle{-1}
D/dalvikvm(  439): GC_FOR_ALLOC freed 37K, 8% free 2947K/3180K, paused 37ms, total 39ms
I/PackageManager(  361): No secure containers on sdcard
W/PackageManager(  361): Not granting permission android.permission.GLOBAL_SEARCH to package com.android.quicksearchbox (protectionLevel=18 flags=0x88be45)
W/PackageManager(  361): Unknown permission com.android.smspush.WAPPUSH_MANAGER_BIND in package com.android.phone
W/PackageManager(  361): Unknown permission com.google.android.googleapps.permission.GOOGLE_AUTH in package com.android.providers.calendar
W/PackageManager(  361): Unknown permission com.google.android.googleapps.permission.GOOGLE_AUTH.cl in package com.android.providers.calendar
W/PackageManager(  361): Unknown permission com.google.android.googleapps.permission.GOOGLE_AUTH.mail in package com.android.calendar
W/PackageManager(  361): Not granting permission android.permission.ACCESS_DOWNLOAD_MANAGER to package com.android.browser (protectionLevel=18 flags=0x89be45)
W/PackageManager(  361): Not granting permission android.permission.SEND_DOWNLOAD_COMPLETED_INTENTS to package com.android.browser (protectionLevel=2 flags=0x89be45)
W/PackageManager(  361): Not granting permission android.permission.BIND_APPWIDGET to package com.android.widgetpreview (protectionLevel=18 flags=0x8be44)
W/PackageManager(  361): Unknown permission android.permission.INSTALL_DRM in package com.android.mms
W/PackageManager(  361): Unknown permission com.google.android.googleapps.permission.GOOGLE_AUTH in package com.android.settings
W/PackageManager(  361): Unknown permission com.google.android.googleapps.permission.ACCESS_GOOGLE_PASSWORD in package com.android.development
W/PackageManager(  361): Unknown permission com.google.android.googleapps.permission.GOOGLE_AUTH in package com.android.development
W/PackageManager(  361): Unknown permission com.google.android.googleapps.permission.GOOGLE_AUTH.ALL_SERVICES in package com.android.development
W/PackageManager(  361): Unknown permission com.google.android.googleapps.permission.GOOGLE_AUTH.YouTubeUser in package com.android.development
W/PackageManager(  361): Not granting permission android.permission.DELETE_PACKAGES to package com.svox.pico (protectionLevel=18 flags=0x88be45)
W/PackageManager(  361): Not granting permission android.permission.DEVICE_POWER to package com.android.deskclock (protectionLevel=2 flags=0xc8be45)
E/BluetoothAdapter(  439): Bluetooth binder is null
E/BluetoothAdapter(  439): Bluetooth binder is null
D/dalvikvm(  439): GC_CONCURRENT freed 58K, 5% free 3302K/3456K, paused 3ms+2ms, total 82ms
E/BluetoothAdapter(  439): Bluetooth binder is null
E/BluetoothAdapter(  439): Bluetooth binder is null
I/ActivityManager(  361): Start proc android.process.acore for content provider com.android.providers.contacts/.ContactsProvider2: pid=536 uid=10002 gids={50002, 3003, 1028, 1015}
D/PhoneStatusBar(  439): disable: < expand icons alerts ticker system_info back home recent clock search >
E/NetdConnector(  361): NDC Command {1 bandwidth enable} took too long (3123ms)
E/BluetoothAdapter(  439): Bluetooth binder is null
D/PhoneStatusBar(  439): heads up is disabled
I/Choreographer(  439): Skipped 456 frames!  The application may be doing too much work on its main thread.
D/dalvikvm(  361): GC_CONCURRENT freed 622K, 61% free 5121K/12884K, paused 34ms+18ms, total 295ms
D/dalvikvm(  439): GC_CONCURRENT freed 136K, 6% free 3554K/3760K, paused 24ms+41ms, total 165ms
I/Choreographer(  439): Skipped 294 frames!  The application may be doing too much work on its main thread.
D/gralloc_goldfish(  439): Emulator without GPU emulation detected.
I/Choreographer(  439): Skipped 92 frames!  The application may be doing too much work on its main thread.
D/dalvikvm(  536): GC_CONCURRENT freed 254K, 10% free 2942K/3264K, paused 5ms+188ms, total 379ms
E/NetdConnector(  361): NDC Command {5 firewall disable} took too long (510ms)
I/ActivityManager(  361): Config changes=200 {1.0 ?mcc?mnc en_US ldltr sw480dp w480dp h839dp 160dpi lrg long port finger -keyb/h/h tball/v s.4}
W/RecognitionManagerService(  361): no available voice recognition services found for user 0
D/PhoneStatusBar(  439): mSettingsPanelGravity = 55
W/AppWidgetServiceImpl(  361): Failed to read state: java.io.FileNotFoundException: /data/system/users/0/appwidgets.xml: open failed: ENOENT (No such file or directory)
W/InputMethodManagerService(  361): Ignoring setImeWindowStatus of uid 1000 token: null
W/InputMethodUtils(  361): Found no subtypes in a system IME: com.android.inputmethod.pinyin
W/InputMethodManagerService(  361): Reset the default IME as "Resource" is ready here.
W/InputMethodUtils(  361): Found no subtypes in a system IME: com.android.inputmethod.pinyin
I/InputMethodManagerService(  361): Selected default: com.android.inputmethod.latin/.LatinIME
I/ActivityManager(  361): Start proc com.android.inputmethod.latin for service com.android.inputmethod.latin/.LatinIME: pid=576 uid=10029 gids={50029, 1028, 1015}
V/InputMethodManagerService(  361): Adding window token: android.os.Binder@b328fc40
W/InputMethodManagerService(  361): Illegal subtype state: old subtype = null, new subtype = android.view.inputmethod.InputMethodSubtype@c9194f98
I/ActivityManager(  361): Config changes=20 {1.0 ?mcc?mnc en_US ldltr sw480dp w480dp h839dp 160dpi lrg long port finger -keyb/v/h tball/v s.5}
W/GpsLocationProvider(  361): Could not open GPS configuration file /etc/gps.conf
W/ServiceWatcher(  361): com.google.android.location not found
W/ServiceWatcher(  361): com.google.android.location not found
W/ServiceWatcher(  361): com.google.android.location not found
W/LocationManagerService(  361): no network location provider found
W/ServiceWatcher(  361): com.google.android.location not found
E/FlpHardwareProvider(  361): Error hw_get_module 'flp': -2
W/ServiceWatcher(  361): com.google.android.location not found
E/FlpHardwareProvider(  361): Error hw_get_module 'flp': -2
W/ServiceWatcher(  361): com.google.android.location not found
E/LocationManagerService(  361): no geocoder provider found
E/LocationManagerService(  361): No FusedProvider found.
E/LocationManagerService(  361): no geofence provider found
I/CommonTimeManagementService(  361): No common time service detected on this platform.  Common time services will be unavailable.
I/InputReader(  361): Reconfiguring input devices.  changes=0x00000020
D/dalvikvm(  439): GC_FOR_ALLOC freed 95K, 6% free 3558K/3760K, paused 109ms, total 111ms
I/dalvikvm-heap(  439): Grow heap (frag case) to 6.467MB for 3072016-byte allocation
D/dalvikvm(  361): GC_CONCURRENT freed 454K, 60% free 5274K/12884K, paused 9ms+26ms, total 296ms
D/dalvikvm(  361): WAIT_FOR_CONCURRENT_GC blocked 112ms
D/dalvikvm(  361): WAIT_FOR_CONCURRENT_GC blocked 120ms
D/dalvikvm(  361): WAIT_FOR_CONCURRENT_GC blocked 129ms
D/dalvikvm(  361): WAIT_FOR_CONCURRENT_GC blocked 156ms
D/dalvikvm(  361): WAIT_FOR_CONCURRENT_GC blocked 158ms
I/InputReader(  361): Reconfiguring input devices.  changes=0x00000010
I/ActivityManager(  361): Start proc com.android.phone for added application com.android.phone: pid=589 uid=1001 gids={41001, 3002, 3001, 3003, 1028, 1015}
I/ActivityManager(  361): START u0 {act=android.intent.action.MAIN cat=[android.intent.category.HOME] flg=0x10000000 cmp=com.android.settings/.CryptKeeper} from pid 0
I/ActivityManager(  361): Start proc com.android.settings for activity com.android.settings/.CryptKeeper: pid=600 uid=1000 gids={41000, 1028, 1015, 3002, 3001, 3003}
I/ActivityManager(  361): Start proc android.process.media for broadcast com.android.providers.downloads/.DownloadReceiver: pid=610 uid=10005 gids={50005, 1028, 1015, 1023, 1024, 2001, 3003, 3007}
D/dalvikvm(   58): GC_EXPLICIT freed 38K, 4% free 2705K/2812K, paused 3ms+2ms, total 100ms
D/dalvikvm(   58): GC_EXPLICIT freed <1K, 4% free 2705K/2812K, paused 2ms+2ms, total 65ms
D/dalvikvm(   58): GC_EXPLICIT freed <1K, 4% free 2705K/2812K, paused 3ms+2ms, total 75ms
D/dalvikvm(  439): GC_CONCURRENT freed 4K, 4% free 6554K/6764K, paused 91ms+3ms, total 583ms
D/dalvikvm(  439): WAIT_FOR_CONCURRENT_GC blocked 352ms
D/dalvikvm(  439): GC_FOR_ALLOC freed 3003K, 6% free 3563K/3760K, paused 84ms, total 84ms
I/dalvikvm-heap(  439): Grow heap (frag case) to 6.473MB for 3072016-byte allocation
D/dalvikvm(  439): GC_CONCURRENT freed <1K, 3% free 6563K/6764K, paused 4ms+53ms, total 93ms
I/LatinIME(  576): Hardware accelerated drawing: true
W/WindowManager(  361): Window freeze timeout expired.
W/WindowManager(  361): Force clearing orientation change: Window{b3650050 u0 StatusBar}
W/WindowManager(  361): Force clearing orientation change: Window{b346dd08 u0 com.android.systemui.ImageWallpaper}
D/dalvikvm(  361): GC_CONCURRENT freed 538K, 59% free 5382K/12884K, paused 6ms+15ms, total 142ms
D/dalvikvm(  361): WAIT_FOR_CONCURRENT_GC blocked 108ms
D/dalvikvm(  361): WAIT_FOR_CONCURRENT_GC blocked 98ms
D/dalvikvm(  361): WAIT_FOR_CONCURRENT_GC blocked 100ms
I/ActivityManager(  361): START u0 {act=android.intent.action.MAIN cat=[android.intent.category.HOME] flg=0x10000000 cmp=com.android.sdksetup/.DefaultActivity} from pid 0
I/ActivityManager(  361): Start proc com.android.sdksetup for activity com.android.sdksetup/.DefaultActivity: pid=636 uid=10042 gids={50042}
I/ActivityManager(  361): Start proc com.android.printspooler for service com.android.printspooler/.PrintSpoolerService: pid=645 uid=10039 gids={50039}
D/PhoneStatusBar(  439): mSettingsPanelGravity = 55
V/StatusBar(  439): userId 0 is in the house
W/InputAttributes(  576): No editor info for this field. Bug?
I/Choreographer(  439): Skipped 112 frames!  The application may be doing too much work on its main thread.
D/dalvikvm(  576): GC_CONCURRENT freed 224K, 10% free 2889K/3180K, paused 14ms+2ms, total 241ms
I/ResourceUtils(  576): Found default value: resource=keypress_vibration_durations build=[HARDWARE=goldfish MODEL=sdk BRAND=generic MANUFACTURER=unknown] default=-1
I/ResourceUtils(  576): Found default value: resource=keypress_volumes build=[HARDWARE=goldfish MODEL=sdk BRAND=generic MANUFACTURER=unknown] default=-1.0f
I/PrintSpoolerService(  645): No existing print spooler state.
D/dalvikvm(  589): GC_CONCURRENT freed 172K, 8% free 2931K/3168K, paused 15ms+2ms, total 410ms
I/LatinIME:LogUtils(  576): Dictionary info: dictionary = UserHistoryDictionary.en_US.dic ; version = ? ; date = 1545835037
I/PackageManager(  361):   Action: "android.intent.action.SENDTO"
I/PackageManager(  361):   Category: "android.intent.category.DEFAULT"
I/PackageManager(  361):   Scheme: "sms"
W/BackupManagerService(  361): dataChanged but no participant pkg='com.android.providers.settings' uid=1001
I/PackageManager(  361): Adding preferred activity ComponentInfo{com.android.mms/com.android.mms.ui.ComposeMessageActivity} for user 0 :
I/LatinIME:LogUtils(  576): Dictionary info: dictionary = personalization.en_US.dict ; version = ? ; date = 1545835037
I/LatinIME:LogUtils(  576): Dictionary info: dictionary = PersonalizationPredictionDictio ; version = ? ; date = 1545835037
I/PackageManager(  361):   Action: "android.intent.action.SENDTO"
I/PackageManager(  361):   Category: "android.intent.category.DEFAULT"
I/PackageManager(  361):   Scheme: "smsto"
I/PackageManager(  361): Adding preferred activity ComponentInfo{com.android.mms/com.android.mms.ui.ComposeMessageActivity} for user 0 :
I/PackageManager(  361):   Action: "android.intent.action.SENDTO"
I/PackageManager(  361):   Category: "android.intent.category.DEFAULT"
I/PackageManager(  361):   Scheme: "mms"
I/PackageManager(  361): Adding preferred activity ComponentInfo{com.android.mms/com.android.mms.ui.ComposeMessageActivity} for user 0 :
I/PackageManager(  361):   Action: "android.intent.action.SENDTO"
I/PackageManager(  361):   Category: "android.intent.category.DEFAULT"
I/PackageManager(  361):   Scheme: "mmsto"
I/PackageManager(  361): Adding preferred activity ComponentInfo{com.android.mms/com.android.mms.ui.ComposeMessageActivity} for user 0 :
I/PackageManager(  361):   Action: "android.intent.action.SENDTO"
I/PackageManager(  361):   Category: "android.intent.category.DEFAULT"
I/PackageManager(  361):   Scheme: "sms"
I/PackageManager(  361): Adding preferred activity ComponentInfo{com.android.mms/com.android.mms.ui.ComposeMessageActivity} for user 0 :
I/PackageManager(  361):   Action: "android.intent.action.SENDTO"
I/PackageManager(  361):   Category: "android.intent.category.DEFAULT"
I/PackageManager(  361):   Scheme: "smsto"
I/PackageManager(  361): Adding preferred activity ComponentInfo{com.android.mms/com.android.mms.ui.ComposeMessageActivity} for user 0 :
I/LatinIME:LogUtils(  576): Dictionary info: dictionary = userunigram.en_US.dict ; version = ? ; date = ?
D/dalvikvm(  361): GC_CONCURRENT freed 621K, 58% free 5433K/12884K, paused 74ms+5ms, total 310ms
D/dalvikvm(  361): WAIT_FOR_CONCURRENT_GC blocked 94ms
I/PackageManager(  361):   Action: "android.intent.action.SENDTO"
I/PackageManager(  361):   Category: "android.intent.category.DEFAULT"
I/PackageManager(  361):   Scheme: "mms"
I/PackageManager(  361): Adding preferred activity ComponentInfo{com.android.mms/com.android.mms.ui.ComposeMessageActivity} for user 0 :
I/ActivityManager(  361): Force stopping com.android.sdksetup appid=10042 user=0: pkg changed
I/ActivityManager(  361): Killing 636:com.android.sdksetup/u0a42 (adj 0): stop com.android.sdksetup
I/ActivityManager(  361):   Force finishing activity ActivityRecord{b344ffa8 u0 com.android.sdksetup/.DefaultActivity t2}
I/PackageManager(  361):   Action: "android.intent.action.SENDTO"
I/PackageManager(  361):   Category: "android.intent.category.DEFAULT"
I/PackageManager(  361):   Scheme: "mmsto"
I/PackageManager(  361): Adding preferred activity ComponentInfo{com.android.mms/com.android.mms.ui.ComposeMessageActivity} for user 0 :
I/ActivityManager(  361): START u0 {act=android.intent.action.MAIN cat=[android.intent.category.HOME] flg=0x10000000 cmp=com.android.launcher/com.android.launcher2.Launcher} from pid 0
I/ActivityManager(  361): Start proc com.android.launcher for activity com.android.launcher/com.android.launcher2.Launcher: pid=679 uid=10008 gids={50008}
I/InputReader(  361): Reconfiguring input devices.  changes=0x00000010
