I/PackageManager(  358): /system/app/LatinIME.apk changed; collecting certs
D/dalvikvm(  358): GC_CONCURRENT freed 493K, 66% free 4072K/11952K, paused 8ms+4ms, total 118ms
D/dalvikvm(  358): WAIT_FOR_CONCURRENT_GC blocked 37ms
D/dalvikvm(  358): GC_CONCURRENT freed 363K, 66% free 4163K/11952K, paused 6ms+2ms, total 36ms
D/dalvikvm(  358): WAIT_FOR_CONCURRENT_GC blocked 26ms
D/dalvikvm(  358): GC_FOR_ALLOC freed 309K, 65% free 4296K/11952K, paused 27ms, total 27ms
D/dalvikvm(  358): GC_CONCURRENT freed 23K, 63% free 4446K/11952K, paused 5ms+14ms, total 73ms
D/dalvikvm(  358): GC_CONCURRENT freed 273K, 62% free 4652K/11952K, paused 5ms+13ms, total 76ms
D/dalvikvm(  358): GC_CONCURRENT freed 320K, 60% free 4787K/11952K, paused 5ms+5ms, total 70ms
I/PackageManager(  358): /system/app/LegacyCamera.apk changed; collecting certs
D/dalvikvm(  358): GC_CONCURRENT freed 396K, 59% free 4913K/11952K, paused 12ms+10ms, total 78ms
D/dalvikvm(  358): WAIT_FOR_CONCURRENT_GC blocked 17ms
D/dalvikvm(  358): GC_CONCURRENT freed 1216K, 65% free 4214K/11952K, paused 9ms+2ms, total 43ms
D/dalvikvm(  358): WAIT_FOR_CONCURRENT_GC blocked 34ms
D/dalvikvm(  358): GC_FOR_ALLOC freed 463K, 65% free 4242K/11952K, paused 27ms, total 28ms
D/dalvikvm(  358): GC_CONCURRENT freed 32K, 63% free 4430K/11952K, paused 14ms+7ms, total 96ms
D/dalvikvm(  358): GC_CONCURRENT freed 410K, 63% free 4531K/11952K, paused 5ms+3ms, total 61ms
D/dalvikvm(  358): WAIT_FOR_CONCURRENT_GC blocked 20ms
D/dalvikvm(  358): GC_CONCURRENT freed 204K, 60% free 4796K/11952K, paused 5ms+4ms, total 80ms
I/PackageManager(  358): /system/app/LiveWallpapersPicker.apk changed; collecting certs
I/PackageManager(  358): /system/app/Music.apk changed; collecting certs
D/dalvikvm(  358): GC_CONCURRENT freed 491K, 60% free 4828K/11952K, paused 5ms+8ms, total 46ms
D/dalvikvm(  358): WAIT_FOR_CONCURRENT_GC blocked 31ms
I/PackageManager(  358): /system/app/NetSpeed.apk changed; collecting certs
D/dalvikvm(  358): GC_CONCURRENT freed 1145K, 65% free 4274K/11952K, paused 15ms+3ms, total 101ms
I/PackageManager(  358): /system/app/OpenWnn.apk changed; collecting certs
D/dalvikvm(  358): GC_CONCURRENT freed 320K, 63% free 4437K/11952K, paused 9ms+5ms, total 41ms
D/dalvikvm(  358): WAIT_FOR_CONCURRENT_GC blocked 32ms
D/dalvikvm(  358): GC_CONCURRENT freed 636K, 64% free 4323K/11952K, paused 14ms+11ms, total 136ms
D/dalvikvm(  358): GC_CONCURRENT freed 285K, 62% free 4569K/11952K, paused 5ms+5ms, total 101ms
I/PackageManager(  358): /system/app/PacProcessor.apk changed; collecting certs
I/PackageManager(  358): /system/app/PackageInstaller.apk changed; collecting certs
I/PackageManager(  358): /system/app/PicoTts.apk changed; collecting certs
D/dalvikvm(  358): GC_CONCURRENT freed 398K, 61% free 4670K/11952K, paused 5ms+9ms, total 83ms
I/PackageManager(  358): /system/app/PinyinIME.apk changed; collecting certs
D/dalvikvm(  358): GC_CONCURRENT freed 996K, 66% free 4165K/11952K, paused 5ms+6ms, total 82ms
I/PackageManager(  358): /system/app/PrintSpooler.apk changed; collecting certs
I/PackageManager(  358): /system/app/Protips.apk changed; collecting certs
I/PackageManager(  358): /system/app/QuickSearchBox.apk changed; collecting certs
D/dalvikvm(  358): GC_CONCURRENT freed 435K, 64% free 4321K/11952K, paused 15ms+7ms, total 106ms
D/dalvikvm(  358): WAIT_FOR_CONCURRENT_GC blocked 6ms
D/dalvikvm(  358): GC_CONCURRENT freed 579K, 65% free 4254K/11952K, paused 15ms+4ms, total 72ms
D/dalvikvm(  358): WAIT_FOR_CONCURRENT_GC blocked 14ms
I/PackageManager(  358): /system/app/SdkSetup.apk changed; collecting certs
I/PackageManager(  358): /system/app/SoundRecorder.apk changed; collecting certs
I/PackageManager(  358): /system/app/SpeechRecorder.apk changed; collecting certs
D/dalvikvm(  358): GC_CONCURRENT freed 395K, 64% free 4361K/11952K, paused 5ms+15ms, total 79ms
I/PackageManager(  358): /system/app/TelephonyProvider.apk changed; collecting certs
I/PackageManager(  358): /system/app/UserDictionaryProvider.apk changed; collecting certs
D/PackageManager(  358): No files in app dir /vendor/app
D/dalvikvm(  358): GC_CONCURRENT freed 701K, 66% free 4180K/11952K, paused 14ms+15ms, total 101ms
W/PackageParser(  358): No actions in intent filter at /data/app/ApiDemos.apk Binary XML file line #2899
W/PackageParser(  358): No actions in intent filter at /data/app/ApiDemos.apk Binary XML file line #2905
I/PackageManager(  358): /data/app/ApiDemos.apk changed; collecting certs
D/dalvikvm(  358): GC_CONCURRENT freed 267K, 64% free 4398K/11952K, paused 5ms+3ms, total 57ms
D/dalvikvm(  358): WAIT_FOR_CONCURRENT_GC blocked 23ms
D/dalvikvm(  358): GC_CONCURRENT freed 363K, 62% free 4547K/11952K, paused 5ms+4ms, total 55ms
D/dalvikvm(  358): WAIT_FOR_CONCURRENT_GC blocked 19ms
D/dalvikvm(  358): GC_CONCURRENT freed 287K, 60% free 4807K/11952K, paused 5ms+4ms, total 104ms
D/dalvikvm(  358): GC_CONCURRENT freed 507K, 60% free 4826K/11952K, paused 5ms+2ms, total 65ms
D/dalvikvm(  358): WAIT_FOR_CONCURRENT_GC blocked 29ms
D/dalvikvm(  358): GC_CONCURRENT freed 525K, 60% free 4832K/11952K, paused 5ms+3ms, total 65ms
D/dalvikvm(  358): WAIT_FOR_CONCURRENT_GC blocked 23ms
D/dalvikvm(  358): GC_CONCURRENT freed 524K, 60% free 4835K/11952K, paused 5ms+4ms, total 67ms
D/dalvikvm(  358): WAIT_FOR_CONCURRENT_GC blocked 26ms
D/dalvikvm(  358): GC_CONCURRENT freed 522K, 60% free 4840K/11952K, paused 4ms+4ms, total 66ms
D/dalvikvm(  358): WAIT_FOR_CONCURRENT_GC blocked 24ms
D/dalvikvm(  358): GC_CONCURRENT freed 528K, 60% free 4846K/11952K, paused 5ms+4ms, total 66ms
D/dalvikvm(  358): WAIT_FOR_CONCURRENT_GC blocked 29ms
D/dalvikvm(  358): GC_CONCURRENT freed 529K, 60% free 4849K/11952K, paused 5ms+4ms, total 68ms
D/dalvikvm(  358): WAIT_FOR_CONCURRENT_GC blocked 25ms
D/dalvikvm(  358): GC_CONCURRENT freed 529K, 60% free 4851K/11952K, paused 5ms+3ms, total 66ms
D/dalvikvm(  358): WAIT_FOR_CONCURRENT_GC blocked 29ms
D/dalvikvm(  358): GC_CONCURRENT freed 529K, 60% free 4854K/11952K, paused 6ms+3ms, total 67ms
D/dalvikvm(  358): WAIT_FOR_CONCURRENT_GC blocked 23ms
D/dalvikvm(  358): GC_CONCURRENT freed 531K, 60% free 4859K/11952K, paused 6ms+3ms, total 67ms
D/dalvikvm(  358): WAIT_FOR_CONCURRENT_GC blocked 27ms
D/dalvikvm(  358): GC_CONCURRENT freed 539K, 60% free 4859K/11952K, paused 5ms+4ms, total 84ms
D/dalvikvm(  358): WAIT_FOR_CONCURRENT_GC blocked 22ms
W/PackageManager(  358): Package com.example.android.apis desires unavailable shared library com.example.will.never.exist; ignoring!
I/PackageManager(  358): /data/app/CubeLiveWallpapers.apk changed; collecting certs
D/dalvikvm(  358): GC_CONCURRENT freed 473K, 59% free 4926K/11952K, paused 14ms+8ms, total 74ms
D/dalvikvm(  358): WAIT_FOR_CONCURRENT_GC blocked 31ms
I/PackageManager(  358): /data/app/GestureBuilder.apk changed; collecting certs
I/PackageManager(  358): /data/app/SmokeTest.apk changed; collecting certs
D/dalvikvm(  358): GC_CONCURRENT freed 1093K, 64% free 4389K/11952K, paused 6ms+4ms, total 73ms
D/dalvikvm(  358): WAIT_FOR_CONCURRENT_GC blocked 31ms
I/PackageManager(  358): /data/app/SmokeTestApp.apk changed; collecting certs
I/PackageManager(  358): /data/app/SoftKeyboard.apk changed; collecting certs
D/dalvikvm(  358): GC_CONCURRENT freed 530K, 64% free 4371K/11952K, paused 5ms+4ms, total 69ms
D/dalvikvm(  358): WAIT_FOR_CONCURRENT_GC blocked 27ms
I/PackageManager(  358): /data/app/WidgetPreview.apk changed; collecting certs
W/PackageManager(  358): Package com.example.android.apis desires unavailable shared library com.example.will.never.exist; ignoring!
W/PackageManager(  358): Package com.android.camera desires unavailable shared library com.google.android.media.effects; ignoring!
I/PackageManager(  358): Time to scan packages: 22.161 seconds
W/PackageManager(  358): Not granting permission android.permission.GLOBAL_SEARCH to package com.android.quicksearchbox (protectionLevel=18 flags=0x8be45)
D/dalvikvm(  358): GC_CONCURRENT freed 463K, 64% free 4375K/11952K, paused 5ms+5ms, total 150ms
W/PackageManager(  358): Unknown permission com.android.smspush.WAPPUSH_MANAGER_BIND in package com.android.phone
W/PackageManager(  358): Unknown permission com.google.android.googleapps.permission.GOOGLE_AUTH in package com.android.providers.calendar
W/PackageManager(  358): Unknown permission com.google.android.googleapps.permission.GOOGLE_AUTH.cl in package com.android.providers.calendar
W/PackageManager(  358): Unknown permission com.google.android.googleapps.permission.GOOGLE_AUTH.mail in package com.android.calendar
W/PackageManager(  358): Not granting permission android.permission.ACCESS_DOWNLOAD_MANAGER to package com.android.browser (protectionLevel=18 flags=0x9be45)
W/PackageManager(  358): Not granting permission android.permission.SEND_DOWNLOAD_COMPLETED_INTENTS to package com.android.browser (protectionLevel=2 flags=0x9be45)
W/PackageManager(  358): Not granting permission android.permission.BIND_APPWIDGET to package com.android.widgetpreview (protectionLevel=18 flags=0x8be44)
W/PackageManager(  358): Unknown permission android.permission.INSTALL_DRM in package com.android.mms
W/PackageManager(  358): Unknown permission com.google.android.googleapps.permission.GOOGLE_AUTH in package com.android.settings
W/PackageManager(  358): Unknown permission com.google.android.googleapps.permission.ACCESS_GOOGLE_PASSWORD in package com.android.development
W/PackageManager(  358): Unknown permission com.google.android.googleapps.permission.GOOGLE_AUTH in package com.android.development
W/PackageManager(  358): Unknown permission com.google.android.googleapps.permission.GOOGLE_AUTH.ALL_SERVICES in package com.android.development
W/PackageManager(  358): Unknown permission com.google.android.googleapps.permission.GOOGLE_AUTH.YouTubeUser in package com.android.development
W/PackageManager(  358): Not granting permission android.permission.DELETE_PACKAGES to package com.svox.pico (protectionLevel=18 flags=0x8be45)
W/PackageManager(  358): Not granting permission android.permission.DEVICE_POWER to package com.android.deskclock (protectionLevel=2 flags=0x48be45)
D/dalvikvm(  358): GC_EXPLICIT freed 370K, 64% free 4311K/11952K, paused 4ms+3ms, total 51ms
I/SystemServer(  358): Entropy Mixer
W/EntropyMixer(  358): No existing entropy file -- first boot?
I/EntropyMixer(  358): Writing entropy...
I/SystemServer(  358): User Service
I/SystemServer(  358): Account Manager
I/SystemServer(  358): Content Manager
I/SystemServer(  358): System Content Providers
I/SyncManager(  358): No initial accounts
I/SyncManager(  358): No initial status
W/SyncManagerFile(  358): Error reading pending data.
W/SyncManagerFile(  358): java.io.FileNotFoundException: /data/system/sync/pending.xml: open failed: ENOENT (No such file or directory)
W/SyncManagerFile(  358): 	at libcore.io.IoBridge.open(IoBridge.java:409)
W/SyncManagerFile(  358): 	at java.io.FileInputStream.<init>(FileInputStream.java:78)
W/SyncManagerFile(  358): 	at android.util.AtomicFile.openRead(AtomicFile.java:199)
W/SyncManagerFile(  358): 	at com.android.server.content.SyncStorageEngine.readPendingOperationsLocked(SyncStorageEngine.java:2286)
W/SyncManagerFile(  358): 	at com.android.server.content.SyncStorageEngine.<init>(SyncStorageEngine.java:434)
W/SyncManagerFile(  358): 	at com.android.server.content.SyncStorageEngine.init(SyncStorageEngine.java:454)
W/SyncManagerFile(  358): 	at com.android.server.content.SyncManager.<init>(SyncManager.java:383)
W/SyncManagerFile(  358): 	at com.android.server.content.ContentService.getSyncManager(ContentService.java:75)
W/SyncManagerFile(  358): 	at com.android.server.content.ContentService.notifyChange(ContentService.java:283)
W/SyncManagerFile(  358): 	at android.content.ContentResolver.notifyChange(ContentResolver.java:1621)
W/SyncManagerFile(  358): 	at com.android.providers.settings.SettingsProvider.sendNotify(SettingsProvider.java:262)
W/SyncManagerFile(  358): 	at com.android.providers.settings.SettingsProvider.insertForUser(SettingsProvider.java:941)
W/SyncManagerFile(  358): 	at com.android.providers.settings.SettingsProvider.ensureAndroidIdIsSet(SettingsProvider.java:496)
W/SyncManagerFile(  358): 	at com.android.providers.settings.SettingsProvider.establishDbTracking(SettingsProvider.java:409)
W/SyncManagerFile(  358): 	at com.android.providers.settings.SettingsProvider.onCreate(SettingsProvider.java:335)
W/SyncManagerFile(  358): 	at android.content.ContentProvider.attachInfo(ContentProvider.java:1591)
W/SyncManagerFile(  358): 	at android.content.ContentProvider.attachInfo(ContentProvider.java:1562)
W/SyncManagerFile(  358): 	at android.app.ActivityThread.installProvider(ActivityThread.java:4774)
W/SyncManagerFile(  358): 	at android.app.ActivityThread.installContentProviders(ActivityThread.java:4369)
W/SyncManagerFile(  358): 	at android.app.ActivityThread.installSystemProviders(ActivityThread.java:4929)
W/SyncManagerFile(  358): 	at com.android.server.am.ActivityManagerService.installSystemProviders(ActivityManagerService.java:8081)
W/SyncManagerFile(  358): 	at com.android.server.ServerThread.initAndLoop(SystemServer.java:275)
W/SyncManagerFile(  358): 	at com.android.server.SystemServer.main(SystemServer.java:1179)
W/SyncManagerFile(  358): 	at java.lang.reflect.Method.invokeNative(Native Method)
W/SyncManagerFile(  358): 	at java.lang.reflect.Method.invoke(Method.java:515)
W/SyncManagerFile(  358): 	at com.android.internal.os.ZygoteInit$MethodAndArgsCaller.run(ZygoteInit.java:785)
W/SyncManagerFile(  358): 	at com.android.internal.os.ZygoteInit.main(ZygoteInit.java:601)
W/SyncManagerFile(  358): 	at dalvik.system.NativeStart.main(Native Method)
W/SyncManagerFile(  358): Caused by: libcore.io.ErrnoException: open failed: ENOENT (No such file or directory)
W/SyncManagerFile(  358): 	at libcore.io.Posix.open(Native Method)
W/SyncManagerFile(  358): 	at libcore.io.BlockGuardOs.open(BlockGuardOs.java:110)
W/SyncManagerFile(  358): 	at libcore.io.IoBridge.open(IoBridge.java:393)
W/SyncManagerFile(  358): 	... 27 more
I/SyncManager(  358): No initial statistics
D/SettingsProvider(  358): Generated and saved new ANDROID_ID [cbcc72d52f351bd6] for user 0
I/SystemServer(  358): Lights Service
I/SystemServer(  358): Battery Service
I/SystemServer(  358): Vibrator Service
I/SystemServer(  358): Consumer IR Service
E/ConsumerIrService(  358): Can't open consumer IR HW Module, error: -2
W/libsuspend(  358): Error writing 'on' to /sys/power/state: Invalid argument
E/libsuspend(  358): Error opening /sys/power/autosleep: No such file or directory
I/libsuspend(  358): Selected wakeup count
D/PermissionCache(   58): checking android.permission.ACCESS_SURFACE_FLINGER for uid=1000 => granted (2150 us)
D/SurfaceFlinger(   58): Screen acquired, type=0 flinger=0xb7ccd450
D/SurfaceFlinger(   58):  screen was previously acquired
I/SystemServer(  358): Alarm Manager
I/SystemServer(  358): Init Watchdog
I/SystemServer(  358): Input Manager
I/InputManager(  358): Initializing input manager, mUseDevInputEventForAudioJack=false
I/SystemServer(  358): Window Manager
I/WindowManager(  358): No existing display settings /data/system/display_settings.xml; starting empty
D/dalvikvm(  358): GC_CONCURRENT freed 294K, 63% free 4524K/11952K, paused 29ms+6ms, total 141ms
I/WindowManager(  358): No keyguard interface!
I/InputManager(  358): Starting input manager
E/EventHub(  358): could not get driver version for /dev/input/mouse0, Not a typewriter
W/EventHub(  358): Unable to disable kernel key repeat for /dev/input/event0: Function not implemented
I/EventHub(  358): New device: id=1, fd=93, path='/dev/input/event0', name='qwerty2', classes=0x2d, configuration='/system/usr/idc/qwerty2.idc', keyLayout='/system/usr/keylayout/qwerty.kl', keyCharacterMap='/system/usr/keychars/qwerty2.kcm', builtinKeyboard=true, usingSuspendBlockIoctl=true, usingClockIoctl=true
E/EventHub(  358): could not get driver version for /dev/input/mice, Not a typewriter
I/SystemServer(  358): No Bluetooh Service (emulator)
I/SystemServer(  358): Input Method Service
I/InputReader(  358): Device added: id=-1, name='Virtual', sources=0x00000301
I/InputReader(  358):   Touch device 'qwerty2' could not query the properties of its associated display.  The device will be inoperable until the display size becomes available.
I/InputReader(  358): Device added: id=0, name='qwerty2', sources=0x00011307
W/InputMethodManagerService(  358): No IME selected. Choose the most applicable IME.
I/InputMethodManagerService(  358): No default found, using com.android.inputmethod.latin/.LatinIME
I/SystemServer(  358): Accessibility Manager
I/ActivityManager(  358): Config changes=1df8 {1.0 ?mcc?mnc en_US ldltr sw480dp w480dp h864dp 160dpi lrg long port ?uimode ?night -touch -keyb/h/h tball/v s.2}
I/InputReader(  358): Reconfiguring input devices.  changes=0x00000004
I/InputReader(  358): Device reconfigured: id=0, name='qwerty2', size 480x864, orientation 0, mode 1, display id 0
I/ActivityManager(  358): Config changes=408 {1.0 ?mcc?mnc en_US ldltr sw480dp w480dp h839dp 160dpi lrg long port ?uimode ?night finger -keyb/h/h tball/v s.3}
I/SystemServer(  358): Mount Service
D/MountService(  358): got storage path: /storage/sdcard description: USB storage primary: true removable: false emulated: false mtpReserve: 0 allowMassStorage: false maxFileSize: 0
D/MountService(  358): addVolumeLocked() StorageVolume:
D/MountService(  358):     mStorageId=0 mPath=/storage/sdcard mDescriptionId=17040665 mPrimary=true 
D/MountService(  358):     mRemovable=false mEmulated=false mMtpReserveSpace=0 
D/MountService(  358):     mAllowMassStorage=false mMaxFileSize=0 mOwner=null mUuid=null 
D/MountService(  358):     mUserLabel=null mState=null 
I/SystemServer(  358): LockSettingsService
I/SystemServer(  358): Device Policy
I/SystemServer(  358): Status Bar
I/SystemServer(  358): Clipboard Service
I/SystemServer(  358): NetworkManagement Service
I/SystemServer(  358): Text Service Manager Service
I/SystemServer(  358): NetworkStats Service
I/SystemServer(  358): NetworkPolicy Service
W/MountService(  358): Duplicate state transition (unmounted -> unmounted) for /storage/sdcard
W/MountService(  358): getSecureContainerList() called when storage not mounted
I/SystemServer(  358): Wi-Fi P2pService
I/PackageManager(  358): No secure containers on sdcard
W/PackageManager(  358): Not granting permission android.permission.GLOBAL_SEARCH to package com.android.quicksearchbox (protectionLevel=18 flags=0x8be45)
W/PackageManager(  358): Unknown permission com.android.smspush.WAPPUSH_MANAGER_BIND in package com.android.phone
W/PackageManager(  358): Unknown permission com.google.android.googleapps.permission.GOOGLE_AUTH in package com.android.providers.calendar
W/PackageManager(  358): Unknown permission com.google.android.googleapps.permission.GOOGLE_AUTH.cl in package com.android.providers.calendar
W/PackageManager(  358): Unknown permission com.google.android.googleapps.permission.GOOGLE_AUTH.mail in package com.android.calendar
W/PackageManager(  358): Not granting permission android.permission.ACCESS_DOWNLOAD_MANAGER to package com.android.browser (protectionLevel=18 flags=0x9be45)
W/PackageManager(  358): Not granting permission android.permission.SEND_DOWNLOAD_COMPLETED_INTENTS to package com.android.browser (protectionLevel=2 flags=0x9be45)
W/PackageManager(  358): Not granting permission android.permission.BIND_APPWIDGET to package com.android.widgetpreview (protectionLevel=18 flags=0x8be44)
W/PackageManager(  358): Unknown permission android.permission.INSTALL_DRM in package com.android.mms
W/PackageManager(  358): Unknown permission com.google.android.googleapps.permission.GOOGLE_AUTH in package com.android.settings
W/PackageManager(  358): Unknown permission com.google.android.googleapps.permission.ACCESS_GOOGLE_PASSWORD in package com.android.development
W/PackageManager(  358): Unknown permission com.google.android.googleapps.permission.GOOGLE_AUTH in package com.android.development
W/PackageManager(  358): Unknown permission com.google.android.googleapps.permission.GOOGLE_AUTH.ALL_SERVICES in package com.android.development
W/PackageManager(  358): Unknown permission com.google.android.googleapps.permission.GOOGLE_AUTH.YouTubeUser in package com.android.development
W/PackageManager(  358): Not granting permission android.permission.DELETE_PACKAGES to package com.svox.pico (protectionLevel=18 flags=0x8be45)
W/PackageManager(  358): Not granting permission android.permission.DEVICE_POWER to package com.android.deskclock (protectionLevel=2 flags=0x48be45)
D/dalvikvm(  358): GC_CONCURRENT freed 301K, 62% free 4652K/11952K, paused 17ms+14ms, total 84ms
I/SystemServer(  358): Wi-Fi Service
D/WifiController(  358): isAirplaneModeOn = false, isWifiEnabled = false, isScanningAvailable = false
I/SystemServer(  358): Connectivity Service
D/ConnectivityService(  358): ConnectivityService starting up
D/ConnectivityService(  358): wifiOnly=false
E/MobileDataStateTracker(  358): default: Ignoring feature request because could not acquire PhoneService
E/MobileDataStateTracker(  358): default: Could not enable APN type "default"
I/WifiService(  358): WifiService starting up with Wi-Fi disabled
I/SystemServer(  358): Network Service Discovery Service
D/NsdService(  358): Network service discovery enabled true
I/SystemServer(  358): UpdateLock Service
I/SystemServer(  358): Notification Manager
I/SystemServer(  358): Device Storage Monitor
I/SystemServer(  358): Location Manager
I/SystemServer(  358): Country Detector
I/SystemServer(  358): Search Service
I/SystemServer(  358): DropBox Service
I/SystemServer(  358): Wallpaper Service
W/WallpaperService(  358): no current wallpaper -- first boot?
I/SystemServer(  358): Audio Service
D/dalvikvm(  358): GC_CONCURRENT freed 261K, 60% free 4858K/11952K, paused 23ms+22ms, total 109ms
D/SettingsProvider(  358): User 0 external modification to /data/data/com.android.providers.settings/databases/settings.db; event=2
D/SettingsProvider(  358): User 0 updating our caches for /data/data/com.android.providers.settings/databases/settings.db
I/SystemServer(  358): Dock Observer
W/DockObserver(  358): This kernel does not have dock station support
I/SystemServer(  358): Wired Accessory Manager
W/WiredAccessoryManager(  358): This kernel does not have wired headset support
W/WiredAccessoryManager(  358): This kernel does not have usb audio support
W/WiredAccessoryManager(  358): This kernel does not have HDMI audio support
I/SystemServer(  358): USB Service
I/SystemServer(  358): Serial Service
I/SystemServer(  358): Twilight Service
I/SystemServer(  358): UI Mode Manager Service
I/SystemServer(  358): Backup Service
V/BackupManagerService(  358): Initializing package tracking
V/BackupManagerService(  358): No ancestral data
V/BackupManagerService(  358): addPackageParticipantsLocked: all
I/BackupManagerService(  358): Scheduling backup for new app com.android.calendar
D/BackupManagerService(  358): Now staging backup of com.android.calendar
I/BackupManagerService(  358): Scheduling backup for new app com.android.browser
D/BackupManagerService(  358): Now staging backup of com.android.browser
I/BackupManagerService(  358): Scheduling backup for new app com.android.providers.userdictionary
D/BackupManagerService(  358): Now staging backup of com.android.providers.userdictionary
I/BackupManagerService(  358): Scheduling backup for new app com.android.sharedstoragebackup
D/BackupManagerService(  358): Now staging backup of com.android.sharedstoragebackup
I/BackupManagerService(  358): Scheduling backup for new app android
D/BackupManagerService(  358): Now staging backup of android
I/BackupManagerService(  358): Scheduling backup for new app com.android.dialer
D/BackupManagerService(  358): Now staging backup of com.android.dialer
I/BackupManagerService(  358): Scheduling backup for new app com.android.providers.settings
D/BackupManagerService(  358): Now staging backup of com.android.providers.settings
V/BackupManagerService(  358): Starting with transport android/com.android.internal.backup.LocalTransport
V/BackupManagerService(  358): Found transports: 1
I/BackupManagerService(  358): Binding to transport host ComponentInfo{android/com.android.internal.backup.LocalTransportService}
I/BackupManagerService(  358): Backup enabled => true
I/SystemServer(  358): AppWidget Service
I/SystemServer(  358): Recognition Service
I/SystemServer(  358): DiskStats Service
I/SystemServer(  358): SamplingProfiler Service
I/SystemServer(  358): NetworkTimeUpdateService
I/SystemServer(  358): CommonTimeManagementService
I/SystemServer(  358): CertBlacklister
I/SystemServer(  358): Dreams Service
I/SystemServer(  358): Assets Atlas Service
I/SystemServer(  358): IdleMaintenanceService
I/SystemServer(  358): Print Service
D/Atlas   (  358): Computing best atlas configuration...
D/Atlas   (  358): Running Thread-49
I/WindowManager(  358): SAFE MODE not enabled
I/SystemServer(  358): Media Router Service
D/Atlas   (  358): Found best atlas configuration in 0.07s
D/Atlas   (  358): Loaded configuration: SliceMinArea (768x768) flags=0x2 count=24
D/gralloc_goldfish(  358): Emulator without GPU emulation detected.
E/SQLiteLog(  358): (1) no such table: locksettings
D/dalvikvm(  358): GC_CONCURRENT freed 323K, 59% free 4974K/11952K, paused 7ms+14ms, total 123ms
I/LockSettingsService(  358): Migrated lock settings to new location
W/AssetAtlasService(  358): Could not find EGL configuration
D/Atlas   (  358): Rendered atlas in 30.09ms (27.23+2.86ms)
I/LockSettingsService(  358): Migrated per-user lock settings to new location
I/Zygote  (  358): Process: zygote socket opened
V/KeyguardServiceDelegate(  358): *** Keyguard started
V/KeyguardServiceDelegate(  358): onSystemReady() called before keyguard service was ready
I/ActivityManager(  358): Start proc com.android.systemui for service com.android.keyguard/.KeyguardService: pid=448 uid=10007 gids={50007, 1028, 1015, 1035, 3002, 3001}
F/SystemServer(  358): BOOT FAILURE making Package Manager Service ready
F/SystemServer(  358): java.lang.SecurityException: Unable to find app for caller android.app.ActivityThread$ApplicationThread@b2f43ad8 (pid=358) when registering receiver android.app.LoadedApk$ReceiverDispatcher$InnerReceiver@b32c31a8
F/SystemServer(  358): 	at com.android.server.am.ActivityManagerService.registerReceiver(ActivityManagerService.java:13021)
F/SystemServer(  358): 	at android.app.ContextImpl.registerReceiverInternal(ContextImpl.java:1450)
F/SystemServer(  358): 	at android.app.ContextImpl.registerReceiverAsUser(ContextImpl.java:1425)
F/SystemServer(  358): 	at com.android.internal.content.PackageMonitor.register(PackageMonitor.java:84)
F/SystemServer(  358): 	at com.android.server.pm.UserManagerService.systemReady(UserManagerService.java:237)
F/SystemServer(  358): 	at com.android.server.pm.PackageManagerService.systemReady(PackageManagerService.java:10476)
F/SystemServer(  358): 	at com.android.server.ServerThread.initAndLoop(SystemServer.java:893)
F/SystemServer(  358): 	at com.android.server.SystemServer.main(SystemServer.java:1179)
F/SystemServer(  358): 	at java.lang.reflect.Method.invokeNative(Native Method)
F/SystemServer(  358): 	at java.lang.reflect.Method.invoke(Method.java:515)
F/SystemServer(  358): 	at com.android.internal.os.ZygoteInit$MethodAndArgsCaller.run(ZygoteInit.java:785)
F/SystemServer(  358): 	at com.android.internal.os.ZygoteInit.main(ZygoteInit.java:601)
F/SystemServer(  358): 	at dalvik.system.NativeStart.main(Native Method)
W/SystemServer(  358): ***********************************************
I/ActivityManager(  358): Sending system update to ComponentInfo{com.android.providers.calendar/com.android.providers.calendar.CalendarUpgradeReceiver} for user 0
I/ActivityManager(  358): Sending system update to ComponentInfo{com.android.providers.contacts/com.android.providers.contacts.ContactsUpgradeReceiver} for user 0
I/ActivityManager(  358): Sending system update to ComponentInfo{com.android.providers.media/com.android.providers.media.MediaUpgradeReceiver} for user 0
I/SystemServer(  358): Enabled StrictMode for system server main thread.
I/ActivityManager(  358): Start proc com.android.providers.calendar for broadcast com.android.providers.calendar/.CalendarUpgradeReceiver: pid=459 uid=10001 gids={50001, 3003, 1028, 1015}
I/Choreographer(  358): Skipped 42 frames!  The application may be doing too much work on its main thread.
W/InputMethodManagerService(  358): Focus gain on non-focused client android.view.inputmethod.InputMethodManager$1@b2edc1c8 (uid=1000 pid=358)
V/BackupManagerService(  358): Connected to transport ComponentInfo{android/com.android.internal.backup.LocalTransportService}
V/BackupManagerService(  358): Registering transport android/com.android.internal.backup.LocalTransportService::android/com.android.internal.backup.LocalTransport = com.android.internal.backup.LocalTransport@b2e3a580
I/ActivityManager(  358): Launching preboot mode app: ProcessRecord{b305ca48 459:com.android.providers.calendar/u0a1}
E/SoundPool(  448): error loading /system/media/audio/ui/Lock.ogg
W/KeyguardViewMediator(  448): failed to load lock sound from /system/media/audio/ui/Lock.ogg
E/SoundPool(  448): error loading /system/media/audio/ui/Unlock.ogg
W/KeyguardViewMediator(  448): failed to load unlock sound from /system/media/audio/ui/Unlock.ogg
V/KeyguardService(  448): onCreate()
V/KeyguardServiceDelegate(  358): *** Keyguard connected (yay!)
V/KeyguardServiceDelegate(  358): **** SHOWN CALLED ****
I/ActivityManager(  358): Start proc android.process.acore for broadcast com.android.providers.contacts/.ContactsUpgradeReceiver: pid=479 uid=10002 gids={50002, 3003, 1028, 1015}
D/dalvikvm(  358): GC_CONCURRENT freed 327K, 57% free 5149K/11952K, paused 6ms+4ms, total 109ms
I/ActivityManager(  358): Launching preboot mode app: ProcessRecord{b35013d8 479:android.process.acore/u0a2}
I/ContactsUpgradeReceiver(  479): Creating or opening contacts database
I/ContactsDatabaseHelper(  479): Bootstrapping database version: 803
D/dalvikvm(  479): GC_CONCURRENT freed 410K, 15% free 2794K/3272K, paused 5ms+3ms, total 53ms
D/dalvikvm(  479): GC_CONCURRENT freed 311K, 12% free 2880K/3272K, paused 3ms+3ms, total 39ms
I/ContactsProviderV1(  479): Bootstrapping database legacy support
I/ContactsDatabaseHelper(  479): Bootstrapping database version: 803
D/dalvikvm(  479): GC_CONCURRENT freed 337K, 13% free 2932K/3340K, paused 4ms+2ms, total 28ms
I/ContactsProviderV1(  479): Bootstrapping database legacy support
D/dalvikvm(  479): GC_CONCURRENT freed 344K, 13% free 3013K/3428K, paused 4ms+2ms, total 31ms
I/ContactsProvider(  479): Locale has changed from null to en_US
I/ContactsDatabaseHelper(  479): Switching to locale en_US (ICU v51.1.0.1)
I/ContactsDatabaseHelper(  479): Locale change completed in 522ms
I/ContactsDatabaseHelper(  479): Switching to locale en_US (ICU v51.1.0.1)
D/dalvikvm(  479): GC_CONCURRENT freed 357K, 13% free 3053K/3480K, paused 13ms+2ms, total 41ms
I/ContactsDatabaseHelper(  479): Locale change completed in 430ms
I/ActivityManager(  358): Start proc android.process.media for broadcast com.android.providers.media/.MediaUpgradeReceiver: pid=497 uid=10005 gids={50005, 1028, 1015, 1023, 1024, 2001, 3003, 3007}
I/ActivityManager(  358): Launching preboot mode app: ProcessRecord{b2d46f10 497:android.process.media/u0a5}
I/ActivityManager(  358): Writing new set of last done pre-boot receivers...
I/ActivityManager(  358): Removing system update proc: ProcessRecord{b305ca48 459:com.android.providers.calendar/u0a1}
I/ActivityManager(  358): Killing 459:com.android.providers.calendar/u0a1 (adj 13): system update done
I/ActivityManager(  358): Removing system update proc: ProcessRecord{b35013d8 479:android.process.acore/u0a2}
I/ActivityManager(  358): Killing 479:android.process.acore/u0a2 (adj 11): system update done
I/ActivityManager(  358): Removing system update proc: ProcessRecord{b2d46f10 497:android.process.media/u0a5}
I/ActivityManager(  358): Killing 497:android.process.media/u0a5 (adj 9): system update done
I/ActivityManager(  358): System now ready
I/SystemServer(  358): Making services ready
D/NetworkManagementService(  358): enabling bandwidth control
I/Vold    (   53): /dev/block/vold/179:0 being considered for volume sdcard
D/Vold    (   53): Volume sdcard state changing 1 (Idle-Unmounted) -> 3 (Checking)
D/MountService(  358): volume state changed for /storage/sdcard (unmounted -> checking)
D/MountService(  358): sendStorageIntent Intent { act=android.intent.action.MEDIA_CHECKING dat=file:///storage/sdcard (has extras) } to UserHandle{-1}
I/fsck_msdos(   53): ** /dev/block/vold/179:0
I/fsck_msdos(   53): Invalid signature in fsinfo block
I/fsck_msdos(   53): FIXED
I/fsck_msdos(   53): ** Phase 1 - Read and Compare FATs
I/fsck_msdos(   53): Attempting to allocate 794 KB for FAT
D/SystemUIService(  448): loading: class com.android.systemui.recent.Recents
D/SystemUIService(  448): running: com.android.systemui.recent.Recents@b2d1e010
D/SystemUIService(  448): loading: class com.android.systemui.statusbar.SystemBars
D/SystemUIService(  448): running: com.android.systemui.statusbar.SystemBars@b2d1e5f8
D/SystemUIService(  448): loading: class com.android.systemui.usb.StorageNotification
D/SystemUIService(  448): running: com.android.systemui.usb.StorageNotification@b2d20348
D/SystemUIService(  448): loading: class com.android.systemui.power.PowerUI
D/SystemUIService(  448): running: com.android.systemui.power.PowerUI@b2d219a8
D/SystemUIService(  448): loading: class com.android.systemui.media.RingtonePlayer
D/SystemUIService(  448): running: com.android.systemui.media.RingtonePlayer@b2d229e0
D/SystemUIService(  448): loading: class com.android.systemui.settings.SettingsUI
D/SystemUIService(  448): running: com.android.systemui.settings.SettingsUI@b2d23cc8
I/fsck_msdos(   53): Attempting to allocate 794 KB for FAT
D/PhoneStatusBar(  448): mSettingsPanelGravity = 55
I/StatusBarManagerService(  358): registerStatusBar bar=com.android.internal.statusbar.IStatusBar$Stub$Proxy@b3054c50
I/fsck_msdos(   53): ** Phase 2 - Check Cluster Chains
I/fsck_msdos(   53): ** Phase 3 - Checking Directories
I/fsck_msdos(   53): ** Phase 4 - Checking for Lost Files
I/fsck_msdos(   53): Free space in FSInfo block (201592) not correct (201591)
I/fsck_msdos(   53): FIXED
I/fsck_msdos(   53): 1 files, 100795 free (201591 clusters)
I/Vold    (   53): Filesystem check completed OK
D/dalvikvm(  448): GC_CONCURRENT freed 284K, 12% free 2832K/3184K, paused 4ms+3ms, total 194ms
W/Vold    (   53): blkid failed to identify /dev/block/vold/179:0
D/Vold    (   53): Volume sdcard state changing 3 (Checking) -> 4 (Mounted)
E/VoldConnector(  358): NDC Command {3 volume mount /storage/sdcard} took too long (728ms)
I/PackageManager(  358): Updating external media status from unmounted to mounted
D/MountService(  358): volume state changed for /storage/sdcard (checking -> mounted)
D/MountService(  358): sendStorageIntent Intent { act=android.intent.action.MEDIA_MOUNTED dat=file:///storage/sdcard (has extras) } to UserHandle{-1}
I/PackageManager(  358): No secure containers on sdcard
D/dalvikvm(  448): GC_FOR_ALLOC freed 34K, 8% free 2947K/3184K, paused 56ms, total 58ms
W/PackageManager(  358): Not granting permission android.permission.GLOBAL_SEARCH to package com.android.quicksearchbox (protectionLevel=18 flags=0x88be45)
D/dalvikvm(  358): GC_CONCURRENT freed 455K, 57% free 5249K/11952K, paused 350ms+6ms, total 546ms
W/PackageManager(  358): Unknown permission com.android.smspush.WAPPUSH_MANAGER_BIND in package com.android.phone
W/PackageManager(  358): Unknown permission com.google.android.googleapps.permission.GOOGLE_AUTH in package com.android.providers.calendar
W/PackageManager(  358): Unknown permission com.google.android.googleapps.permission.GOOGLE_AUTH.cl in package com.android.providers.calendar
W/PackageManager(  358): Unknown permission com.google.android.googleapps.permission.GOOGLE_AUTH.mail in package com.android.calendar
W/PackageManager(  358): Not granting permission android.permission.ACCESS_DOWNLOAD_MANAGER to package com.android.browser (protectionLevel=18 flags=0x89be45)
W/PackageManager(  358): Not granting permission android.permission.SEND_DOWNLOAD_COMPLETED_INTENTS to package com.android.browser (protectionLevel=2 flags=0x89be45)
W/PackageManager(  358): Not granting permission android.permission.BIND_APPWIDGET to package com.android.widgetpreview (protectionLevel=18 flags=0x8be44)
W/PackageManager(  358): Unknown permission android.permission.INSTALL_DRM in package com.android.mms
W/PackageManager(  358): Unknown permission com.google.android.googleapps.permission.GOOGLE_AUTH in package com.android.settings
W/PackageManager(  358): Unknown permission com.google.android.googleapps.permission.ACCESS_GOOGLE_PASSWORD in package com.android.development
W/PackageManager(  358): Unknown permission com.google.android.googleapps.permission.GOOGLE_AUTH in package com.android.development
W/PackageManager(  358): Unknown permission com.google.android.googleapps.permission.GOOGLE_AUTH.ALL_SERVICES in package com.android.development
W/PackageManager(  358): Unknown permission com.google.android.googleapps.permission.GOOGLE_AUTH.YouTubeUser in package com.android.development
W/PackageManager(  358): Not granting permission android.permission.DELETE_PACKAGES to package com.svox.pico (protectionLevel=18 flags=0x88be45)
W/PackageManager(  358): Not granting permission android.permission.DEVICE_POWER to package com.android.deskclock (protectionLevel=2 flags=0xc8be45)
E/BluetoothAdapter(  448): Bluetooth binder is null
E/BluetoothAdapter(  448): Bluetooth binder is null
E/BluetoothAdapter(  448): Bluetooth binder is null
D/dalvikvm(  448): GC_CONCURRENT freed 60K, 5% free 3306K/3460K, paused 4ms+3ms, total 111ms
E/BluetoothAdapter(  448): Bluetooth binder is null
I/ActivityManager(  358): Start proc android.process.acore for content provider com.android.providers.contacts/.ContactsProvider2: pid=549 uid=10002 gids={50002, 3003, 1028, 1015}
D/PhoneStatusBar(  448): disable: < expand icons alerts ticker system_info back home recent clock search >
E/NetdConnector(  358): NDC Command {1 bandwidth enable} took too long (2993ms)
E/BluetoothAdapter(  448): Bluetooth binder is null
D/PhoneStatusBar(  448): heads up is disabled
I/Choreographer(  448): Skipped 417 frames!  The application may be doing too much work on its main thread.
E/NetdConnector(  358): NDC Command {2 firewall disable} took too long (536ms)
D/dalvikvm(  448): GC_CONCURRENT freed 149K, 6% free 3558K/3776K, paused 44ms+53ms, total 267ms
I/Choreographer(  448): Skipped 285 frames!  The application may be doing too much work on its main thread.
D/gralloc_goldfish(  448): Emulator without GPU emulation detected.
I/Choreographer(  448): Skipped 40 frames!  The application may be doing too much work on its main thread.
D/dalvikvm(  549): GC_CONCURRENT freed 252K, 10% free 2947K/3268K, paused 5ms+286ms, total 466ms
E/NetdConnector(  358): NDC Command {5 firewall disable} took too long (563ms)
I/ActivityManager(  358): Config changes=200 {1.0 ?mcc?mnc en_US ldltr sw480dp w480dp h839dp 160dpi lrg long port finger -keyb/h/h tball/v s.4}
W/RecognitionManagerService(  358): no available voice recognition services found for user 0
D/PhoneStatusBar(  448): mSettingsPanelGravity = 55
W/AppWidgetServiceImpl(  358): Failed to read state: java.io.FileNotFoundException: /data/system/users/0/appwidgets.xml: open failed: ENOENT (No such file or directory)
W/InputMethodManagerService(  358): Ignoring setImeWindowStatus of uid 1000 token: null
D/dalvikvm(  358): GC_CONCURRENT freed 652K, 57% free 5237K/11952K, paused 6ms+4ms, total 119ms
D/dalvikvm(  358): WAIT_FOR_CONCURRENT_GC blocked 31ms
D/dalvikvm(  358): WAIT_FOR_CONCURRENT_GC blocked 33ms
W/InputMethodUtils(  358): Found no subtypes in a system IME: com.android.inputmethod.pinyin
W/InputMethodManagerService(  358): Reset the default IME as "Resource" is ready here.
W/InputMethodUtils(  358): Found no subtypes in a system IME: com.android.inputmethod.pinyin
I/InputMethodManagerService(  358): Selected default: com.android.inputmethod.latin/.LatinIME
I/ActivityManager(  358): Config changes=20 {1.0 ?mcc?mnc en_US ldltr sw480dp w480dp h839dp 160dpi lrg long port finger -keyb/v/h tball/v s.5}
I/ActivityManager(  358): Start proc com.android.inputmethod.latin for service com.android.inputmethod.latin/.LatinIME: pid=589 uid=10029 gids={50029, 1028, 1015}
V/InputMethodManagerService(  358): Adding window token: android.os.Binder@b2edbe38
W/GpsLocationProvider(  358): Could not open GPS configuration file /etc/gps.conf
W/InputMethodManagerService(  358): Illegal subtype state: old subtype = null, new subtype = android.view.inputmethod.InputMethodSubtype@c9194f98
W/ServiceWatcher(  358): com.google.android.location not found
W/ServiceWatcher(  358): com.google.android.location not found
W/ServiceWatcher(  358): com.google.android.location not found
W/LocationManagerService(  358): no network location provider found
W/ServiceWatcher(  358): com.google.android.location not found
E/FlpHardwareProvider(  358): Error hw_get_module 'flp': -2
W/ServiceWatcher(  358): com.google.android.location not found
E/FlpHardwareProvider(  358): Error hw_get_module 'flp': -2
W/ServiceWatcher(  358): com.google.android.location not found
E/LocationManagerService(  358): no geocoder provider found
E/LocationManagerService(  358): No FusedProvider found.
I/CommonTimeManagementService(  358): No common time service detected on this platform.  Common time services will be unavailable.
E/LocationManagerService(  358): no geofence provider found
D/dalvikvm(  448): GC_FOR_ALLOC freed 81K, 6% free 3562K/3776K, paused 118ms, total 119ms
I/InputReader(  358): Reconfiguring input devices.  changes=0x00000020
I/InputReader(  358): Reconfiguring input devices.  changes=0x00000010
I/ActivityManager(  358): Start proc com.android.phone for added application com.android.phone: pid=603 uid=1001 gids={41001, 3002, 3001, 3003, 1028, 1015}
I/ActivityManager(  358): START u0 {act=android.intent.action.MAIN cat=[android.intent.category.HOME] flg=0x10000000 cmp=com.android.settings/.CryptKeeper} from pid 0
I/dalvikvm-heap(  448): Grow heap (frag case) to 6.471MB for 3072016-byte allocation
I/ActivityManager(  358): Start proc com.android.settings for activity com.android.settings/.CryptKeeper: pid=613 uid=1000 gids={41000, 1028, 1015, 3002, 3001, 3003}
I/ActivityManager(  358): Start proc android.process.media for broadcast com.android.providers.downloads/.DownloadReceiver: pid=624 uid=10005 gids={50005, 1028, 1015, 1023, 1024, 2001, 3003, 3007}
D/dalvikvm(   59): GC_EXPLICIT freed 38K, 4% free 2705K/2812K, paused 3ms+2ms, total 49ms
D/dalvikvm(   59): WAIT_FOR_CONCURRENT_GC blocked 1ms
D/dalvikvm(  448): GC_CONCURRENT freed 3K, 4% free 6558K/6780K, paused 4ms+121ms, total 200ms
D/dalvikvm(  448): WAIT_FOR_CONCURRENT_GC blocked 3ms
D/dalvikvm(   59): GC_EXPLICIT freed <1K, 4% free 2705K/2812K, paused 22ms+12ms, total 63ms
D/dalvikvm(   59): GC_EXPLICIT freed <1K, 4% free 2705K/2812K, paused 2ms+2ms, total 43ms
D/dalvikvm(  448): GC_FOR_ALLOC freed 3003K, 6% free 3562K/3772K, paused 171ms, total 172ms
I/dalvikvm-heap(  448): Grow heap (frag case) to 6.472MB for 3072016-byte allocation
D/dalvikvm(  448): GC_FOR_ALLOC freed <1K, 4% free 6562K/6776K, paused 26ms, total 26ms
D/dalvikvm(  448): GC_CONCURRENT freed <1K, 4% free 6563K/6776K, paused 4ms+3ms, total 40ms
D/dalvikvm(  358): GC_CONCURRENT freed 540K, 56% free 5347K/11952K, paused 25ms+256ms, total 718ms
D/dalvikvm(  358): WAIT_FOR_CONCURRENT_GC blocked 369ms
D/dalvikvm(  358): WAIT_FOR_CONCURRENT_GC blocked 370ms
D/PhoneStatusBar(  448): mSettingsPanelGravity = 55
I/LatinIME(  589): Hardware accelerated drawing: true
W/WindowManager(  358): Window freeze timeout expired.
W/WindowManager(  358): Force clearing orientation change: Window{b2f80ff8 u0 StatusBar}
W/WindowManager(  358): Force clearing orientation change: Window{b2f44d68 u0 com.android.systemui.ImageWallpaper}
I/ActivityManager(  358): Start proc com.android.printspooler for service com.android.printspooler/.PrintSpoolerService: pid=642 uid=10039 gids={50039}
W/InputAttributes(  589): No editor info for this field. Bug?
I/PrintSpoolerService(  642): No existing print spooler state.
V/StatusBar(  448): userId 0 is in the house
I/ActivityManager(  358): START u0 {act=android.intent.action.MAIN cat=[android.intent.category.HOME] flg=0x10000000 cmp=com.android.sdksetup/.DefaultActivity} from pid 0
I/Choreographer(  448): Skipped 178 frames!  The application may be doing too much work on its main thread.
I/ResourceUtils(  589): Found default value: resource=keypress_vibration_durations build=[HARDWARE=goldfish MODEL=sdk BRAND=generic MANUFACTURER=unknown] default=-1
D/dalvikvm(  589): GC_CONCURRENT freed 228K, 10% free 2893K/3192K, paused 36ms+4ms, total 301ms
I/ResourceUtils(  589): Found default value: resource=keypress_volumes build=[HARDWARE=goldfish MODEL=sdk BRAND=generic MANUFACTURER=unknown] default=-1.0f
I/ActivityManager(  358): Start proc com.android.sdksetup for activity com.android.sdksetup/.DefaultActivity: pid=661 uid=10042 gids={50042}
I/Choreographer(  448): Skipped 62 frames!  The application may be doing too much work on its main thread.
I/LatinIME:LogUtils(  589): Dictionary info: dictionary = PersonalizationPredictionDictio ; version = ? ; date = 1545862416
I/LatinIME:LogUtils(  589): Dictionary info: dictionary = UserHistoryDictionary.en_US.dic ; version = ? ; date = 1545862416
I/LatinIME:LogUtils(  589): Dictionary info: dictionary = personalization.en_US.dict ; version = ? ; date = 1545862416
I/LatinIME:LogUtils(  589): Dictionary info: dictionary = userunigram.en_US.dict ; version = ? ; date = ?
D/dalvikvm(  358): GC_CONCURRENT freed 504K, 55% free 5391K/11952K, paused 31ms+5ms, total 255ms
D/dalvikvm(  589): GC_CONCURRENT freed 408K, 14% free 2966K/3444K, paused 19ms+7ms, total 60ms
D/dalvikvm(  603): GC_CONCURRENT freed 175K, 8% free 2918K/3160K, paused 5ms+3ms, total 153ms
D/dalvikvm(  589): GC_CONCURRENT freed 422K, 17% free 2974K/3544K, paused 4ms+2ms, total 28ms
I/FusedLocation(  358): engine started (com.android.location.fused)
I/FusedLocation(  358): engine stopped (com.android.location.fused)
I/FusedLocation(  358): engine started (com.android.location.fused)
W/BackupManagerService(  358): dataChanged but no participant pkg='com.android.providers.settings' uid=1001
I/LatinIME:LogUtils(  589): Dictionary info: dictionary = main:en ; version = 42 ; date = 1381226429
I/LatinIME:LogUtils(  589): Dictionary info: dictionary = main:en ; version = 42 ; date = 1381226429
I/ActivityManager(  358): Force stopping com.android.sdksetup appid=10042 user=0: pkg changed
I/ActivityManager(  358): Killing 661:com.android.sdksetup/u0a42 (adj 0): stop com.android.sdksetup
I/PackageManager(  358):   Action: "android.intent.action.SENDTO"
I/PackageManager(  358):   Category: "android.intent.category.DEFAULT"
I/PackageManager(  358):   Scheme: "sms"
I/PackageManager(  358): Adding preferred activity ComponentInfo{com.android.mms/com.android.mms.ui.ComposeMessageActivity} for user 0 :
I/ActivityManager(  358):   Force finishing activity ActivityRecord{b33ccce0 u0 com.android.sdksetup/.DefaultActivity t2}
I/PackageManager(  358):   Action: "android.intent.action.SENDTO"
I/PackageManager(  358):   Category: "android.intent.category.DEFAULT"
I/PackageManager(  358):   Scheme: "smsto"
I/PackageManager(  358): Adding preferred activity ComponentInfo{com.android.mms/com.android.mms.ui.ComposeMessageActivity} for user 0 :
I/ActivityManager(  358): START u0 {act=android.intent.action.MAIN cat=[android.intent.category.HOME] flg=0x10000000 cmp=com.android.launcher/com.android.launcher2.Launcher} from pid 0
I/PackageManager(  358):   Action: "android.intent.action.SENDTO"
I/PackageManager(  358):   Category: "android.intent.category.DEFAULT"
I/PackageManager(  358):   Scheme: "mms"
I/PackageManager(  358): Adding preferred activity ComponentInfo{com.android.mms/com.android.mms.ui.ComposeMessageActivity} for user 0 :
I/ActivityManager(  358): Start proc com.android.launcher for activity com.android.launcher/com.android.launcher2.Launcher: pid=696 uid=10008 gids={50008}
I/LatinIME:LogUtils(  589): Dictionary info: dictionary = main:en ; version = 42 ; date = 1381226429
I/LatinIME:LogUtils(  589): Dictionary info: dictionary = main:en ; version = 42 ; date = 1381226429
I/InputReader(  358): Reconfiguring input devices.  changes=0x00000010
I/PackageManager(  358):   Action: "android.intent.action.SENDTO"
I/PackageManager(  358):   Category: "android.intent.category.DEFAULT"
I/PackageManager(  358):   Scheme: "mmsto"
I/PackageManager(  358): Adding preferred activity ComponentInfo{com.android.mms/com.android.mms.ui.ComposeMessageActivity} for user 0 :
I/LatinIME:LogUtils(  589): Dictionary info: dictionary = main:en ; version = 42 ; date = 1381226429
I/LatinIME:LogUtils(  589): Dictionary info: dictionary = main:en ; version = 42 ; date = 1381226429
I/LatinIME:LogUtils(  589): Dictionary info: dictionary = main:en ; version = 42 ; date = 1381226429
I/LatinIME:LogUtils(  589): Dictionary info: dictionary = main:en ; version = 42 ; date = 1381226429
D/dalvikvm(  589): GC_CONCURRENT freed 298K, 14% free 3074K/3544K, paused 3ms+37ms, total 135ms
D/dalvikvm(  358): GC_CONCURRENT freed 619K, 55% free 5449K/11952K, paused 51ms+4ms, total 352ms
D/dalvikvm(  358): WAIT_FOR_CONCURRENT_GC blocked 302ms
D/dalvikvm(  358): WAIT_FOR_CONCURRENT_GC blocked 293ms
I/PackageManager(  358):   Action: "android.intent.action.SENDTO"
I/PackageManager(  358):   Category: "android.intent.category.DEFAULT"
I/PackageManager(  358):   Scheme: "sms"
