I/SystemServer(  366): NetworkManagement Service
I/SystemServer(  366): Text Service Manager Service
I/SystemServer(  366): NetworkStats Service
W/MountService(  366): Duplicate state transition (unmounted -> unmounted) for /storage/sdcard
W/MountService(  366): getSecureContainerList() called when storage not mounted
I/SystemServer(  366): NetworkPolicy Service
I/PackageManager(  366): No secure containers on sdcard
I/SystemServer(  366): Wi-Fi P2pService
W/PackageManager(  366): Not granting permission android.permission.GLOBAL_SEARCH to package com.android.quicksearchbox (protectionLevel=18 flags=0x8be45)
W/PackageManager(  366): Unknown permission com.android.smspush.WAPPUSH_MANAGER_BIND in package com.android.phone
W/PackageManager(  366): Unknown permission com.google.android.googleapps.permission.GOOGLE_AUTH in package com.android.providers.calendar
W/PackageManager(  366): Unknown permission com.google.android.googleapps.permission.GOOGLE_AUTH.cl in package com.android.providers.calendar
W/PackageManager(  366): Unknown permission com.google.android.googleapps.permission.GOOGLE_AUTH.mail in package com.android.calendar
W/PackageManager(  366): Not granting permission android.permission.ACCESS_DOWNLOAD_MANAGER to package com.android.browser (protectionLevel=18 flags=0x9be45)
W/PackageManager(  366): Not granting permission android.permission.SEND_DOWNLOAD_COMPLETED_INTENTS to package com.android.browser (protectionLevel=2 flags=0x9be45)
W/PackageManager(  366): Not granting permission android.permission.BIND_APPWIDGET to package com.android.widgetpreview (protectionLevel=18 flags=0x8be44)
W/PackageManager(  366): Unknown permission android.permission.INSTALL_DRM in package com.android.mms
W/PackageManager(  366): Unknown permission com.google.android.googleapps.permission.GOOGLE_AUTH in package com.android.settings
D/dalvikvm(  366): GC_CONCURRENT freed 260K, 64% free 4616K/12732K, paused 5ms+6ms, total 99ms
W/PackageManager(  366): Unknown permission com.google.android.googleapps.permission.ACCESS_GOOGLE_PASSWORD in package com.android.development
W/PackageManager(  366): Unknown permission com.google.android.googleapps.permission.GOOGLE_AUTH in package com.android.development
W/PackageManager(  366): Unknown permission com.google.android.googleapps.permission.GOOGLE_AUTH.ALL_SERVICES in package com.android.development
W/PackageManager(  366): Unknown permission com.google.android.googleapps.permission.GOOGLE_AUTH.YouTubeUser in package com.android.development
W/PackageManager(  366): Not granting permission android.permission.DELETE_PACKAGES to package com.svox.pico (protectionLevel=18 flags=0x8be45)
W/PackageManager(  366): Not granting permission android.permission.DEVICE_POWER to package com.android.deskclock (protectionLevel=2 flags=0x48be45)
I/SystemServer(  366): Wi-Fi Service
D/WifiController(  366): isAirplaneModeOn = false, isWifiEnabled = false, isScanningAvailable = false
I/SystemServer(  366): Connectivity Service
D/ConnectivityService(  366): ConnectivityService starting up
D/ConnectivityService(  366): wifiOnly=false
E/MobileDataStateTracker(  366): default: Ignoring feature request because could not acquire PhoneService
E/MobileDataStateTracker(  366): default: Could not enable APN type "default"
I/WifiService(  366): WifiService starting up with Wi-Fi disabled
I/SystemServer(  366): Network Service Discovery Service
D/NsdService(  366): Network service discovery enabled true
I/SystemServer(  366): UpdateLock Service
I/SystemServer(  366): Notification Manager
I/SystemServer(  366): Device Storage Monitor
D/dalvikvm(  366): GC_CONCURRENT freed 281K, 63% free 4780K/12732K, paused 6ms+4ms, total 111ms
I/SystemServer(  366): Location Manager
I/SystemServer(  366): Country Detector
I/SystemServer(  366): Search Service
I/SystemServer(  366): DropBox Service
I/SystemServer(  366): Wallpaper Service
W/WallpaperService(  366): no current wallpaper -- first boot?
I/SystemServer(  366): Audio Service
I/SystemServer(  366): Dock Observer
W/DockObserver(  366): This kernel does not have dock station support
I/SystemServer(  366): Wired Accessory Manager
W/WiredAccessoryManager(  366): This kernel does not have wired headset support
W/WiredAccessoryManager(  366): This kernel does not have usb audio support
W/WiredAccessoryManager(  366): This kernel does not have HDMI audio support
I/SystemServer(  366): USB Service
I/SystemServer(  366): Serial Service
I/SystemServer(  366): Twilight Service
I/SystemServer(  366): UI Mode Manager Service
I/SystemServer(  366): Backup Service
V/BackupManagerService(  366): Initializing package tracking
V/BackupManagerService(  366): No ancestral data
V/BackupManagerService(  366): addPackageParticipantsLocked: all
I/BackupManagerService(  366): Scheduling backup for new app com.android.calendar
D/BackupManagerService(  366): Now staging backup of com.android.calendar
I/BackupManagerService(  366): Scheduling backup for new app com.android.browser
D/BackupManagerService(  366): Now staging backup of com.android.browser
I/BackupManagerService(  366): Scheduling backup for new app com.android.providers.userdictionary
D/BackupManagerService(  366): Now staging backup of com.android.providers.userdictionary
I/BackupManagerService(  366): Scheduling backup for new app com.android.sharedstoragebackup
D/BackupManagerService(  366): Now staging backup of com.android.sharedstoragebackup
I/BackupManagerService(  366): Scheduling backup for new app android
D/BackupManagerService(  366): Now staging backup of android
I/BackupManagerService(  366): Scheduling backup for new app com.android.dialer
D/BackupManagerService(  366): Now staging backup of com.android.dialer
I/BackupManagerService(  366): Scheduling backup for new app com.android.providers.settings
D/BackupManagerService(  366): Now staging backup of com.android.providers.settings
V/BackupManagerService(  366): Starting with transport android/com.android.internal.backup.LocalTransport
V/BackupManagerService(  366): Found transports: 1
I/BackupManagerService(  366): Binding to transport host ComponentInfo{android/com.android.internal.backup.LocalTransportService}
I/BackupManagerService(  366): Backup enabled => true
I/SystemServer(  366): AppWidget Service
I/SystemServer(  366): Recognition Service
I/SystemServer(  366): DiskStats Service
I/SystemServer(  366): SamplingProfiler Service
I/SystemServer(  366): NetworkTimeUpdateService
I/SystemServer(  366): CommonTimeManagementService
I/SystemServer(  366): CertBlacklister
I/SystemServer(  366): Dreams Service
I/SystemServer(  366): Assets Atlas Service
I/SystemServer(  366): IdleMaintenanceService
I/SystemServer(  366): Print Service
D/Atlas   (  366): Computing best atlas configuration...
D/Atlas   (  366): Running Thread-50
I/WindowManager(  366): SAFE MODE not enabled
I/SystemServer(  366): Media Router Service
D/Atlas   (  366): Found best atlas configuration in 0.10s
D/Atlas   (  366): Loaded configuration: SliceMinArea (768x768) flags=0x2 count=24
D/gralloc_goldfish(  366): Emulator without GPU emulation detected.
E/SQLiteLog(  366): (1) no such table: locksettings
I/LockSettingsService(  366): Migrated lock settings to new location
D/dalvikvm(  366): GC_CONCURRENT freed 333K, 62% free 4965K/12732K, paused 15ms+31ms, total 171ms
W/AssetAtlasService(  366): Could not find EGL configuration
D/Atlas   (  366): Rendered atlas in 20.29ms (16.83+3.46ms)
I/LockSettingsService(  366): Migrated per-user lock settings to new location
I/Zygote  (  366): Process: zygote socket opened
V/KeyguardServiceDelegate(  366): *** Keyguard started
V/KeyguardServiceDelegate(  366): onSystemReady() called before keyguard service was ready
I/ActivityManager(  366): Start proc com.android.systemui for service com.android.keyguard/.KeyguardService: pid=442 uid=10007 gids={50007, 1028, 1015, 1035, 3002, 3001}
F/SystemServer(  366): BOOT FAILURE making Package Manager Service ready
F/SystemServer(  366): java.lang.SecurityException: Unable to find app for caller android.app.ActivityThread$ApplicationThread@b326e120 (pid=366) when registering receiver android.app.LoadedApk$ReceiverDispatcher$InnerReceiver@b338e520
F/SystemServer(  366): 	at com.android.server.am.ActivityManagerService.registerReceiver(ActivityManagerService.java:13021)
F/SystemServer(  366): 	at android.app.ContextImpl.registerReceiverInternal(ContextImpl.java:1450)
F/SystemServer(  366): 	at android.app.ContextImpl.registerReceiverAsUser(ContextImpl.java:1425)
F/SystemServer(  366): 	at com.android.internal.content.PackageMonitor.register(PackageMonitor.java:84)
F/SystemServer(  366): 	at com.android.server.pm.UserManagerService.systemReady(UserManagerService.java:237)
F/SystemServer(  366): 	at com.android.server.pm.PackageManagerService.systemReady(PackageManagerService.java:10476)
F/SystemServer(  366): 	at com.android.server.ServerThread.initAndLoop(SystemServer.java:893)
F/SystemServer(  366): 	at com.android.server.SystemServer.main(SystemServer.java:1179)
F/SystemServer(  366): 	at java.lang.reflect.Method.invokeNative(Native Method)
F/SystemServer(  366): 	at java.lang.reflect.Method.invoke(Method.java:515)
F/SystemServer(  366): 	at com.android.internal.os.ZygoteInit$MethodAndArgsCaller.run(ZygoteInit.java:785)
F/SystemServer(  366): 	at com.android.internal.os.ZygoteInit.main(ZygoteInit.java:601)
F/SystemServer(  366): 	at dalvik.system.NativeStart.main(Native Method)
W/SystemServer(  366): ***********************************************
I/ActivityManager(  366): Sending system update to ComponentInfo{com.android.providers.calendar/com.android.providers.calendar.CalendarUpgradeReceiver} for user 0
I/ActivityManager(  366): Sending system update to ComponentInfo{com.android.providers.contacts/com.android.providers.contacts.ContactsUpgradeReceiver} for user 0
I/ActivityManager(  366): Sending system update to ComponentInfo{com.android.providers.media/com.android.providers.media.MediaUpgradeReceiver} for user 0
I/SystemServer(  366): Enabled StrictMode for system server main thread.
I/ActivityManager(  366): Start proc com.android.providers.calendar for broadcast com.android.providers.calendar/.CalendarUpgradeReceiver: pid=449 uid=10001 gids={50001, 3003, 1028, 1015}
I/Choreographer(  366): Skipped 42 frames!  The application may be doing too much work on its main thread.
W/InputMethodManagerService(  366): Focus gain on non-focused client android.view.inputmethod.InputMethodManager$1@b3148528 (uid=1000 pid=366)
V/BackupManagerService(  366): Connected to transport ComponentInfo{android/com.android.internal.backup.LocalTransportService}
V/BackupManagerService(  366): Registering transport android/com.android.internal.backup.LocalTransportService::android/com.android.internal.backup.LocalTransport = com.android.internal.backup.LocalTransport@b3600788
I/ActivityManager(  366): Launching preboot mode app: ProcessRecord{b326c9d8 449:com.android.providers.calendar/u0a1}
E/SoundPool(  442): error loading /system/media/audio/ui/Lock.ogg
W/KeyguardViewMediator(  442): failed to load lock sound from /system/media/audio/ui/Lock.ogg
E/SoundPool(  442): error loading /system/media/audio/ui/Unlock.ogg
W/KeyguardViewMediator(  442): failed to load unlock sound from /system/media/audio/ui/Unlock.ogg
V/KeyguardService(  442): onCreate()
V/KeyguardServiceDelegate(  366): *** Keyguard connected (yay!)
V/KeyguardServiceDelegate(  366): **** SHOWN CALLED ****
I/ActivityManager(  366): Start proc android.process.acore for broadcast com.android.providers.contacts/.ContactsUpgradeReceiver: pid=471 uid=10002 gids={50002, 3003, 1028, 1015}
I/ActivityManager(  366): Launching preboot mode app: ProcessRecord{b35ee998 471:android.process.acore/u0a2}
D/dalvikvm(  366): GC_CONCURRENT freed 310K, 60% free 5097K/12732K, paused 4ms+5ms, total 51ms
I/ContactsUpgradeReceiver(  471): Creating or opening contacts database
I/ContactsDatabaseHelper(  471): Bootstrapping database version: 803
D/dalvikvm(  471): GC_CONCURRENT freed 386K, 14% free 2795K/3244K, paused 15ms+2ms, total 79ms
D/dalvikvm(  471): GC_CONCURRENT freed 324K, 12% free 2878K/3268K, paused 4ms+12ms, total 52ms
I/ContactsProviderV1(  471): Bootstrapping database legacy support
I/ContactsDatabaseHelper(  471): Bootstrapping database version: 803
D/dalvikvm(  471): GC_CONCURRENT freed 342K, 12% free 2936K/3336K, paused 4ms+1ms, total 44ms
I/ContactsProviderV1(  471): Bootstrapping database legacy support
I/ContactsProvider(  471): Locale has changed from null to en_US
I/ContactsDatabaseHelper(  471): Switching to locale en_US (ICU v51.1.0.1)
D/dalvikvm(  471): GC_CONCURRENT freed 328K, 12% free 3013K/3404K, paused 4ms+2ms, total 45ms
I/ContactsDatabaseHelper(  471): Locale change completed in 516ms
I/ContactsDatabaseHelper(  471): Switching to locale en_US (ICU v51.1.0.1)
D/dalvikvm(  471): GC_CONCURRENT freed 355K, 13% free 3049K/3472K, paused 4ms+3ms, total 37ms
I/ContactsDatabaseHelper(  471): Locale change completed in 472ms
I/ActivityManager(  366): Start proc android.process.media for broadcast com.android.providers.media/.MediaUpgradeReceiver: pid=489 uid=10005 gids={50005, 1028, 1015, 1023, 1024, 2001, 3003, 3007}
I/ActivityManager(  366): Launching preboot mode app: ProcessRecord{b32ad4e0 489:android.process.media/u0a5}
I/ActivityManager(  366): Writing new set of last done pre-boot receivers...
I/ActivityManager(  366): Removing system update proc: ProcessRecord{b326c9d8 449:com.android.providers.calendar/u0a1}
I/ActivityManager(  366): Killing 449:com.android.providers.calendar/u0a1 (adj 13): system update done
I/ActivityManager(  366): Removing system update proc: ProcessRecord{b35ee998 471:android.process.acore/u0a2}
I/ActivityManager(  366): Killing 471:android.process.acore/u0a2 (adj 11): system update done
I/ActivityManager(  366): Removing system update proc: ProcessRecord{b32ad4e0 489:android.process.media/u0a5}
I/ActivityManager(  366): Killing 489:android.process.media/u0a5 (adj 9): system update done
W/ActivityManager(  366): Can't find mystery application for StrictMode from pid=489 uid=10005: android.os.BinderProxy@b335f770
I/ActivityManager(  366): System now ready
W/ProcessCpuTracker(  366): Skipping unknown process pid 471
W/ProcessCpuTracker(  366): Skipping unknown process pid 489
I/SystemServer(  366): Making services ready
D/NetworkManagementService(  366): enabling bandwidth control
I/Vold    (   53): /dev/block/vold/179:0 being considered for volume sdcard
D/Vold    (   53): Volume sdcard state changing 1 (Idle-Unmounted) -> 3 (Checking)
D/MountService(  366): volume state changed for /storage/sdcard (unmounted -> checking)
D/MountService(  366): sendStorageIntent Intent { act=android.intent.action.MEDIA_CHECKING dat=file:///storage/sdcard (has extras) } to UserHandle{-1}
D/SystemUIService(  442): loading: class com.android.systemui.recent.Recents
D/SystemUIService(  442): running: com.android.systemui.recent.Recents@b2d94010
D/SystemUIService(  442): loading: class com.android.systemui.statusbar.SystemBars
D/SystemUIService(  442): running: com.android.systemui.statusbar.SystemBars@b2d945f8
D/SystemUIService(  442): loading: class com.android.systemui.usb.StorageNotification
D/SystemUIService(  442): running: com.android.systemui.usb.StorageNotification@b2d96348
D/SystemUIService(  442): loading: class com.android.systemui.power.PowerUI
D/SystemUIService(  442): running: com.android.systemui.power.PowerUI@b2d979a8
D/SystemUIService(  442): loading: class com.android.systemui.media.RingtonePlayer
D/SystemUIService(  442): running: com.android.systemui.media.RingtonePlayer@b2d989e0
I/fsck_msdos(   53): ** /dev/block/vold/179:0
I/fsck_msdos(   53): Invalid signature in fsinfo block
I/fsck_msdos(   53): FIXED
I/fsck_msdos(   53): ** Phase 1 - Read and Compare FATs
I/fsck_msdos(   53): Attempting to allocate 794 KB for FAT
D/SystemUIService(  442): loading: class com.android.systemui.settings.SettingsUI
D/SystemUIService(  442): running: com.android.systemui.settings.SettingsUI@b2d99cc8
D/PhoneStatusBar(  442): mSettingsPanelGravity = 55
I/StatusBarManagerService(  366): registerStatusBar bar=com.android.internal.statusbar.IStatusBar$Stub$Proxy@b32f9960
I/fsck_msdos(   53): Attempting to allocate 794 KB for FAT
I/fsck_msdos(   53): ** Phase 2 - Check Cluster Chains
I/fsck_msdos(   53): ** Phase 3 - Checking Directories
I/fsck_msdos(   53): ** Phase 4 - Checking for Lost Files
I/fsck_msdos(   53): Free space in FSInfo block (201592) not correct (201591)
I/fsck_msdos(   53): FIXED
I/fsck_msdos(   53): 1 files, 100795 free (201591 clusters)
D/dalvikvm(  442): GC_CONCURRENT freed 293K, 12% free 2843K/3200K, paused 6ms+4ms, total 242ms
I/Vold    (   53): Filesystem check completed OK
W/Vold    (   53): blkid failed to identify /dev/block/vold/179:0
I/PackageManager(  366): Updating external media status from unmounted to mounted
D/Vold    (   53): Volume sdcard state changing 3 (Checking) -> 4 (Mounted)
D/MountService(  366): volume state changed for /storage/sdcard (checking -> mounted)
I/PackageManager(  366): No secure containers on sdcard
D/MountService(  366): sendStorageIntent Intent { act=android.intent.action.MEDIA_MOUNTED dat=file:///storage/sdcard (has extras) } to UserHandle{-1}
D/dalvikvm(  442): GC_FOR_ALLOC freed 25K, 8% free 2947K/3200K, paused 70ms, total 72ms
E/VoldConnector(  366): NDC Command {3 volume mount /storage/sdcard} took too long (827ms)
W/PackageManager(  366): Not granting permission android.permission.GLOBAL_SEARCH to package com.android.quicksearchbox (protectionLevel=18 flags=0x88be45)
D/dalvikvm(  366): GC_CONCURRENT freed 460K, 59% free 5231K/12732K, paused 295ms+62ms, total 608ms
W/PackageManager(  366): Unknown permission com.android.smspush.WAPPUSH_MANAGER_BIND in package com.android.phone
W/PackageManager(  366): Unknown permission com.google.android.googleapps.permission.GOOGLE_AUTH in package com.android.providers.calendar
W/PackageManager(  366): Unknown permission com.google.android.googleapps.permission.GOOGLE_AUTH.cl in package com.android.providers.calendar
W/PackageManager(  366): Unknown permission com.google.android.googleapps.permission.GOOGLE_AUTH.mail in package com.android.calendar
W/PackageManager(  366): Not granting permission android.permission.ACCESS_DOWNLOAD_MANAGER to package com.android.browser (protectionLevel=18 flags=0x89be45)
W/PackageManager(  366): Not granting permission android.permission.SEND_DOWNLOAD_COMPLETED_INTENTS to package com.android.browser (protectionLevel=2 flags=0x89be45)
W/PackageManager(  366): Not granting permission android.permission.BIND_APPWIDGET to package com.android.widgetpreview (protectionLevel=18 flags=0x8be44)
W/PackageManager(  366): Unknown permission android.permission.INSTALL_DRM in package com.android.mms
W/PackageManager(  366): Unknown permission com.google.android.googleapps.permission.GOOGLE_AUTH in package com.android.settings
W/PackageManager(  366): Unknown permission com.google.android.googleapps.permission.ACCESS_GOOGLE_PASSWORD in package com.android.development
W/PackageManager(  366): Unknown permission com.google.android.googleapps.permission.GOOGLE_AUTH in package com.android.development
W/PackageManager(  366): Unknown permission com.google.android.googleapps.permission.GOOGLE_AUTH.ALL_SERVICES in package com.android.development
W/PackageManager(  366): Unknown permission com.google.android.googleapps.permission.GOOGLE_AUTH.YouTubeUser in package com.android.development
W/PackageManager(  366): Not granting permission android.permission.DELETE_PACKAGES to package com.svox.pico (protectionLevel=18 flags=0x88be45)
W/PackageManager(  366): Not granting permission android.permission.DEVICE_POWER to package com.android.deskclock (protectionLevel=2 flags=0xc8be45)
E/BluetoothAdapter(  442): Bluetooth binder is null
E/BluetoothAdapter(  442): Bluetooth binder is null
D/dalvikvm(  442): GC_CONCURRENT freed 54K, 5% free 3306K/3476K, paused 11ms+31ms, total 93ms
E/BluetoothAdapter(  442): Bluetooth binder is null
E/BluetoothAdapter(  442): Bluetooth binder is null
I/ActivityManager(  366): Start proc android.process.acore for content provider com.android.providers.contacts/.ContactsProvider2: pid=541 uid=10002 gids={50002, 3003, 1028, 1015}
E/NetdConnector(  366): NDC Command {1 bandwidth enable} took too long (2983ms)
D/PhoneStatusBar(  442): disable: < expand icons alerts ticker system_info back home recent clock search >
E/BluetoothAdapter(  442): Bluetooth binder is null
D/PhoneStatusBar(  442): heads up is disabled
I/Choreographer(  442): Skipped 432 frames!  The application may be doing too much work on its main thread.
E/NetdConnector(  366): NDC Command {2 firewall disable} took too long (562ms)
D/dalvikvm(  442): GC_CONCURRENT freed 141K, 6% free 3553K/3760K, paused 3ms+3ms, total 108ms
I/Choreographer(  442): Skipped 265 frames!  The application may be doing too much work on its main thread.
D/gralloc_goldfish(  442): Emulator without GPU emulation detected.
I/Choreographer(  442): Skipped 73 frames!  The application may be doing too much work on its main thread.
E/NetdConnector(  366): NDC Command {5 firewall disable} took too long (567ms)
I/ActivityManager(  366): Config changes=200 {1.0 ?mcc?mnc en_US ldltr sw480dp w480dp h839dp 160dpi lrg long port finger -keyb/h/h tball/v s.4}
D/dalvikvm(  541): GC_CONCURRENT freed 258K, 10% free 2949K/3272K, paused 4ms+257ms, total 510ms
W/RecognitionManagerService(  366): no available voice recognition services found for user 0
D/PhoneStatusBar(  442): mSettingsPanelGravity = 55
W/AppWidgetServiceImpl(  366): Failed to read state: java.io.FileNotFoundException: /data/system/users/0/appwidgets.xml: open failed: ENOENT (No such file or directory)
W/InputMethodManagerService(  366): Ignoring setImeWindowStatus of uid 1000 token: null
D/dalvikvm(  366): GC_CONCURRENT freed 623K, 59% free 5242K/12732K, paused 6ms+5ms, total 104ms
D/dalvikvm(  366): WAIT_FOR_CONCURRENT_GC blocked 37ms
D/dalvikvm(  366): WAIT_FOR_CONCURRENT_GC blocked 39ms
W/InputMethodUtils(  366): Found no subtypes in a system IME: com.android.inputmethod.pinyin
W/InputMethodManagerService(  366): Reset the default IME as "Resource" is ready here.
W/InputMethodUtils(  366): Found no subtypes in a system IME: com.android.inputmethod.pinyin
I/InputMethodManagerService(  366): Selected default: com.android.inputmethod.latin/.LatinIME
I/ActivityManager(  366): Start proc com.android.inputmethod.latin for service com.android.inputmethod.latin/.LatinIME: pid=580 uid=10029 gids={50029, 1028, 1015}
I/ActivityManager(  366): Config changes=20 {1.0 ?mcc?mnc en_US ldltr sw480dp w480dp h839dp 160dpi lrg long port finger -keyb/v/h tball/v s.5}
V/InputMethodManagerService(  366): Adding window token: android.os.Binder@b328e6d8
W/GpsLocationProvider(  366): Could not open GPS configuration file /etc/gps.conf
W/ServiceWatcher(  366): com.google.android.location not found
W/ServiceWatcher(  366): com.google.android.location not found
W/ServiceWatcher(  366): com.google.android.location not found
W/LocationManagerService(  366): no network location provider found
W/ServiceWatcher(  366): com.google.android.location not found
E/LocationManagerService(  366): no geocoder provider found
W/InputMethodManagerService(  366): Illegal subtype state: old subtype = null, new subtype = android.view.inputmethod.InputMethodSubtype@c9194f98
D/dalvikvm(  442): GC_FOR_ALLOC freed 95K, 6% free 3561K/3760K, paused 173ms, total 175ms
E/FlpHardwareProvider(  366): Error hw_get_module 'flp': -2
W/ServiceWatcher(  366): com.google.android.location not found
E/FlpHardwareProvider(  366): Error hw_get_module 'flp': -2
W/ServiceWatcher(  366): com.google.android.location not found
E/LocationManagerService(  366): No FusedProvider found.
E/LocationManagerService(  366): no geofence provider found
I/CommonTimeManagementService(  366): No common time service detected on this platform.  Common time services will be unavailable.
I/InputReader(  366): Reconfiguring input devices.  changes=0x00000020
I/InputReader(  366): Reconfiguring input devices.  changes=0x00000010
I/ActivityManager(  366): Start proc com.android.phone for added application com.android.phone: pid=594 uid=1001 gids={41001, 3002, 3001, 3003, 1028, 1015}
I/ActivityManager(  366): START u0 {act=android.intent.action.MAIN cat=[android.intent.category.HOME] flg=0x10000000 cmp=com.android.settings/.CryptKeeper} from pid 0
I/dalvikvm-heap(  442): Grow heap (frag case) to 6.466MB for 3072016-byte allocation
I/ActivityManager(  366): Start proc com.android.settings for activity com.android.settings/.CryptKeeper: pid=606 uid=1000 gids={41000, 1028, 1015, 3002, 3001, 3003}
I/ActivityManager(  366): Start proc android.process.media for broadcast com.android.providers.downloads/.DownloadReceiver: pid=613 uid=10005 gids={50005, 1028, 1015, 1023, 1024, 2001, 3003, 3007}
D/dalvikvm(   59): GC_EXPLICIT freed 38K, 4% free 2705K/2808K, paused 2ms+2ms, total 85ms
D/dalvikvm(  442): GC_FOR_ALLOC freed 3K, 4% free 6557K/6764K, paused 200ms, total 200ms
D/dalvikvm(   59): GC_EXPLICIT freed <1K, 4% free 2705K/2808K, paused 2ms+2ms, total 67ms
D/dalvikvm(   59): GC_EXPLICIT freed <1K, 4% free 2705K/2808K, paused 3ms+2ms, total 67ms
D/dalvikvm(  442): GC_CONCURRENT freed <1K, 4% free 6559K/6764K, paused 7ms+15ms, total 301ms
I/LatinIME(  580): Hardware accelerated drawing: true
D/dalvikvm(  442): GC_FOR_ALLOC freed 3002K, 6% free 3563K/3760K, paused 180ms, total 181ms
I/dalvikvm-heap(  442): Grow heap (frag case) to 6.468MB for 3072016-byte allocation
D/dalvikvm(  366): GC_CONCURRENT freed 543K, 59% free 5347K/12732K, paused 74ms+25ms, total 475ms
D/dalvikvm(  366): WAIT_FOR_CONCURRENT_GC blocked 136ms
D/dalvikvm(  366): WAIT_FOR_CONCURRENT_GC blocked 108ms
D/dalvikvm(  366): WAIT_FOR_CONCURRENT_GC blocked 87ms
D/dalvikvm(  442): GC_FOR_ALLOC freed <1K, 3% free 6562K/6764K, paused 157ms, total 157ms
D/dalvikvm(  442): GC_CONCURRENT freed <1K, 3% free 6563K/6764K, paused 4ms+2ms, total 95ms
W/WindowManager(  366): Window freeze timeout expired.
W/WindowManager(  366): Force clearing orientation change: Window{b3250910 u0 StatusBar}
W/WindowManager(  366): Force clearing orientation change: Window{b30ea6f0 u0 com.android.systemui.ImageWallpaper}
I/ActivityManager(  366): START u0 {act=android.intent.action.MAIN cat=[android.intent.category.HOME] flg=0x10000000 cmp=com.android.sdksetup/.DefaultActivity} from pid 0
I/ActivityManager(  366): Start proc com.android.sdksetup for activity com.android.sdksetup/.DefaultActivity: pid=639 uid=10042 gids={50042}
D/PhoneStatusBar(  442): mSettingsPanelGravity = 55
I/ActivityManager(  366): Start proc com.android.printspooler for service com.android.printspooler/.PrintSpoolerService: pid=650 uid=10039 gids={50039}
W/InputAttributes(  580): No editor info for this field. Bug?
V/StatusBar(  442): userId 0 is in the house
I/Choreographer(  442): Skipped 76 frames!  The application may be doing too much work on its main thread.
D/dalvikvm(  580): GC_CONCURRENT freed 223K, 10% free 2892K/3180K, paused 3ms+56ms, total 261ms
I/ResourceUtils(  580): Found default value: resource=keypress_vibration_durations build=[HARDWARE=goldfish MODEL=sdk BRAND=generic MANUFACTURER=unknown] default=-1
I/Choreographer(  442): Skipped 42 frames!  The application may be doing too much work on its main thread.
I/ResourceUtils(  580): Found default value: resource=keypress_volumes build=[HARDWARE=goldfish MODEL=sdk BRAND=generic MANUFACTURER=unknown] default=-1.0f
I/PrintSpoolerService(  650): No existing print spooler state.
I/LatinIME:LogUtils(  580): Dictionary info: dictionary = PersonalizationPredictionDictio ; version = ? ; date = 1545782959
I/LatinIME:LogUtils(  580): Dictionary info: dictionary = UserHistoryDictionary.en_US.dic ; version = ? ; date = 1545782959
I/LatinIME:LogUtils(  580): Dictionary info: dictionary = personalization.en_US.dict ; version = ? ; date = 1545782959
D/dalvikvm(  366): GC_CONCURRENT freed 586K, 58% free 5421K/12732K, paused 161ms+4ms, total 396ms
D/dalvikvm(  366): WAIT_FOR_CONCURRENT_GC blocked 147ms
I/ActivityManager(  366): Force stopping com.android.sdksetup appid=10042 user=0: pkg changed
I/ActivityManager(  366): Killing 639:com.android.sdksetup/u0a42 (adj 0): stop com.android.sdksetup
I/ActivityManager(  366):   Force finishing activity ActivityRecord{b326ac28 u0 com.android.sdksetup/.DefaultActivity t2}
I/ActivityManager(  366): START u0 {act=android.intent.action.MAIN cat=[android.intent.category.HOME] flg=0x10000000 cmp=com.android.launcher/com.android.launcher2.Launcher} from pid 0
I/ActivityManager(  366): Start proc com.android.launcher for activity com.android.launcher/com.android.launcher2.Launcher: pid=680 uid=10008 gids={50008}
I/InputReader(  366): Reconfiguring input devices.  changes=0x00000010
W/BackupManagerService(  366): dataChanged but no participant pkg='com.android.providers.settings' uid=1001
I/PackageManager(  366):   Action: "android.intent.action.SENDTO"
I/PackageManager(  366):   Category: "android.intent.category.DEFAULT"
I/PackageManager(  366):   Scheme: "sms"
I/PackageManager(  366): Adding preferred activity ComponentInfo{com.android.mms/com.android.mms.ui.ComposeMessageActivity} for user 0 :
I/LatinIME:LogUtils(  580): Dictionary info: dictionary = userunigram.en_US.dict ; version = ? ; date = ?
I/PackageManager(  366):   Action: "android.intent.action.SENDTO"
I/PackageManager(  366):   Category: "android.intent.category.DEFAULT"
I/PackageManager(  366):   Scheme: "smsto"
I/PackageManager(  366): Adding preferred activity ComponentInfo{com.android.mms/com.android.mms.ui.ComposeMessageActivity} for user 0 :
D/dalvikvm(  594): GC_CONCURRENT freed 193K, 9% free 2932K/3188K, paused 46ms+2ms, total 359ms
I/PackageManager(  366):   Action: "android.intent.action.SENDTO"
I/PackageManager(  366):   Category: "android.intent.category.DEFAULT"
I/PackageManager(  366):   Scheme: "mms"
I/PackageManager(  366): Adding preferred activity ComponentInfo{com.android.mms/com.android.mms.ui.ComposeMessageActivity} for user 0 :
I/PackageManager(  366):   Action: "android.intent.action.SENDTO"
I/PackageManager(  366):   Category: "android.intent.category.DEFAULT"
I/PackageManager(  366):   Scheme: "mmsto"
I/PackageManager(  366): Adding preferred activity ComponentInfo{com.android.mms/com.android.mms.ui.ComposeMessageActivity} for user 0 :
D/dalvikvm(  580): GC_CONCURRENT freed 408K, 14% free 2997K/3468K, paused 9ms+40ms, total 147ms
D/dalvikvm(  580): WAIT_FOR_CONCURRENT_GC blocked 11ms
I/PackageManager(  366):   Action: "android.intent.action.SENDTO"
I/PackageManager(  366):   Category: "android.intent.category.DEFAULT"
I/PackageManager(  366):   Scheme: "sms"
I/PackageManager(  366): Adding preferred activity ComponentInfo{com.android.mms/com.android.mms.ui.ComposeMessageActivity} for user 0 :
I/PackageManager(  366):   Action: "android.intent.action.SENDTO"
I/PackageManager(  366):   Category: "android.intent.category.DEFAULT"
I/PackageManager(  366):   Scheme: "smsto"
I/PackageManager(  366): Adding preferred activity ComponentInfo{com.android.mms/com.android.mms.ui.ComposeMessageActivity} for user 0 :
I/PackageManager(  366):   Action: "android.intent.action.SENDTO"
I/PackageManager(  366):   Category: "android.intent.category.DEFAULT"
I/PackageManager(  366):   Scheme: "mms"
I/PackageManager(  366): Adding preferred activity ComponentInfo{com.android.mms/com.android.mms.ui.ComposeMessageActivity} for user 0 :
I/PackageManager(  366):   Action: "android.intent.action.SENDTO"
I/PackageManager(  366):   Category: "android.intent.category.DEFAULT"
I/PackageManager(  366):   Scheme: "mmsto"
I/PackageManager(  366): Adding preferred activity ComponentInfo{com.android.mms/com.android.mms.ui.ComposeMessageActivity} for user 0 :
E/BluetoothAdapter(  594): Bluetooth binder is null
E/BluetoothAdapter(  594): Bluetooth binder is null
D/dalvikvm(  366): GC_CONCURRENT freed 669K, 58% free 5426K/12732K, paused 5ms+57ms, total 347ms
D/dalvikvm(  366): WAIT_FOR_CONCURRENT_GC blocked 15ms
D/CallNotifier(  594): CallNotifier: mSignalInfoToneGenerator created when toneplay
E/BluetoothAdapter(  594): Bluetooth binder is null
D/MobileDataStateTracker(  366): fota: Broadcast received: android.intent.action.ANY_DATA_STATE apnType=fota
D/MobileDataStateTracker(  366): fota: Received state=DISCONNECTED, old=DISCONNECTED, reason=radioTurnedOff
D/MobileDataStateTracker(  366): ia: Broadcast received: android.intent.action.ANY_DATA_STATE apnType=ia
D/MobileDataStateTracker(  366): ia: Received state=DISCONNECTED, old=DISCONNECTED, reason=radioTurnedOff
D/MobileDataStateTracker(  366): supl: Broadcast received: android.intent.action.ANY_DATA_STATE apnType=supl
D/MobileDataStateTracker(  366): supl: Received state=DISCONNECTED, old=DISCONNECTED, reason=radioTurnedOff
D/MobileDataStateTracker(  366): hipri: Broadcast received: android.intent.action.ANY_DATA_STATE apnType=hipri
D/MobileDataStateTracker(  366): hipri: Received state=DISCONNECTED, old=DISCONNECTED, reason=radioTurnedOff
D/dalvikvm(  580): GC_CONCURRENT freed 434K, 17% free 2991K/3568K, paused 5ms+20ms, total 300ms
D/MobileDataStateTracker(  366): ims: Broadcast received: android.intent.action.ANY_DATA_STATE apnType=ims
D/MobileDataStateTracker(  366): ims: Received state=DISCONNECTED, old=DISCONNECTED, reason=radioTurnedOff
D/MobileDataStateTracker(  366): default: Broadcast received: android.intent.action.ANY_DATA_STATE apnType=default
D/MobileDataStateTracker(  366): default: Received state=DISCONNECTED, old=DISCONNECTED, reason=radioTurnedOff
D/MobileDataStateTracker(  366): mms: Broadcast received: android.intent.action.ANY_DATA_STATE apnType=mms
D/MobileDataStateTracker(  366): mms: Received state=DISCONNECTED, old=DISCONNECTED, reason=radioTurnedOff
D/MobileDataStateTracker(  366): cbs: Broadcast received: android.intent.action.ANY_DATA_STATE apnType=cbs
D/MobileDataStateTracker(  366): cbs: Received state=DISCONNECTED, old=DISCONNECTED, reason=radioTurnedOff
W/ProcessCpuTracker(  366): Skipping unknown process pid 699
D/MobileDataStateTracker(  366): fota: Broadcast received: android.intent.action.ANY_DATA_STATE apnType=fota
D/MobileDataStateTracker(  366): fota: Received state=DISCONNECTED, old=DISCONNECTED, reason=radioTurnedOff
D/MobileDataStateTracker(  366): ia: Broadcast received: android.intent.action.ANY_DATA_STATE apnType=ia
D/MobileDataStateTracker(  366): ia: Received state=DISCONNECTED, old=DISCONNECTED, reason=radioTurnedOff
D/MobileDataStateTracker(  366): supl: Broadcast received: android.intent.action.ANY_DATA_STATE apnType=supl
D/MobileDataStateTracker(  366): supl: Received state=DISCONNECTED, old=DISCONNECTED, reason=radioTurnedOff
D/MobileDataStateTracker(  366): hipri: Broadcast received: android.intent.action.ANY_DATA_STATE apnType=hipri
D/MobileDataStateTracker(  366): hipri: Received state=DISCONNECTED, old=DISCONNECTED, reason=radioTurnedOff
D/MobileDataStateTracker(  366): ims: Broadcast received: android.intent.action.ANY_DATA_STATE apnType=ims
D/MobileDataStateTracker(  366): ims: Received state=DISCONNECTED, old=DISCONNECTED, reason=radioTurnedOff
D/MobileDataStateTracker(  366): default: Broadcast received: android.intent.action.ANY_DATA_STATE apnType=default
D/MobileDataStateTracker(  366): default: Received state=DISCONNECTED, old=DISCONNECTED, reason=radioTurnedOff
D/MobileDataStateTracker(  366): mms: Broadcast received: android.intent.action.ANY_DATA_STATE apnType=mms
D/MobileDataStateTracker(  366): mms: Received state=DISCONNECTED, old=DISCONNECTED, reason=radioTurnedOff
D/MobileDataStateTracker(  366): cbs: Broadcast received: android.intent.action.ANY_DATA_STATE apnType=cbs
D/MobileDataStateTracker(  366): cbs: Received state=DISCONNECTED, old=DISCONNECTED, reason=radioTurnedOff
D/MobileDataStateTracker(  366): fota: Broadcast received: android.intent.action.ANY_DATA_STATE apnType=fota
D/MobileDataStateTracker(  366): fota: Received state=DISCONNECTED, old=DISCONNECTED, reason=dataDetached
D/MobileDataStateTracker(  366): ia: Broadcast received: android.intent.action.ANY_DATA_STATE apnType=ia
D/MobileDataStateTracker(  366): ia: Received state=DISCONNECTED, old=DISCONNECTED, reason=dataDetached
D/MobileDataStateTracker(  366): supl: Broadcast received: android.intent.action.ANY_DATA_STATE apnType=supl
D/MobileDataStateTracker(  366): supl: Received state=DISCONNECTED, old=DISCONNECTED, reason=dataDetached
D/MobileDataStateTracker(  366): hipri: Broadcast received: android.intent.action.ANY_DATA_STATE apnType=hipri
D/MobileDataStateTracker(  366): hipri: Received state=DISCONNECTED, old=DISCONNECTED, reason=dataDetached
D/MobileDataStateTracker(  366): ims: Broadcast received: android.intent.action.ANY_DATA_STATE apnType=ims
D/MobileDataStateTracker(  366): ims: Received state=DISCONNECTED, old=DISCONNECTED, reason=dataDetached
D/MobileDataStateTracker(  366): default: Broadcast received: android.intent.action.ANY_DATA_STATE apnType=default
D/MobileDataStateTracker(  366): default: Received state=DISCONNECTED, old=DISCONNECTED, reason=dataDetached
D/MobileDataStateTracker(  366): mms: Broadcast received: android.intent.action.ANY_DATA_STATE apnType=mms
D/MobileDataStateTracker(  366): mms: Received state=DISCONNECTED, old=DISCONNECTED, reason=dataDetached
D/MobileDataStateTracker(  366): cbs: Broadcast received: android.intent.action.ANY_DATA_STATE apnType=cbs
D/MobileDataStateTracker(  366): cbs: Received state=DISCONNECTED, old=DISCONNECTED, reason=dataDetached
D/MobileDataStateTracker(  366): fota: Broadcast received: android.intent.action.ANY_DATA_STATE apnType=fota
I/LatinIME:LogUtils(  580): Dictionary info: dictionary = main:en ; version = 42 ; date = 1381226429
D/MobileDataStateTracker(  366): fota: Received state=DISCONNECTED, old=DISCONNECTED, reason=roamingOff
D/MobileDataStateTracker(  366): ia: Broadcast received: android.intent.action.ANY_DATA_STATE apnType=ia
D/MobileDataStateTracker(  366): ia: Received state=DISCONNECTED, old=DISCONNECTED, reason=roamingOff
D/MobileDataStateTracker(  366): supl: Broadcast received: android.intent.action.ANY_DATA_STATE apnType=supl
D/MobileDataStateTracker(  366): supl: Received state=DISCONNECTED, old=DISCONNECTED, reason=roamingOff
D/MobileDataStateTracker(  366): hipri: Broadcast received: android.intent.action.ANY_DATA_STATE apnType=hipri
D/MobileDataStateTracker(  366): hipri: Received state=DISCONNECTED, old=DISCONNECTED, reason=roamingOff
D/MobileDataStateTracker(  366): ims: Broadcast received: android.intent.action.ANY_DATA_STATE apnType=ims
D/MobileDataStateTracker(  366): ims: Received state=DISCONNECTED, old=DISCONNECTED, reason=roamingOff
D/MobileDataStateTracker(  366): default: Broadcast received: android.intent.action.ANY_DATA_STATE apnType=default
I/LatinIME:LogUtils(  580): Dictionary info: dictionary = main:en ; version = 42 ; date = 1381226429
D/MobileDataStateTracker(  366): default: Received state=DISCONNECTED, old=DISCONNECTED, reason=roamingOff
D/MobileDataStateTracker(  366): mms: Broadcast received: android.intent.action.ANY_DATA_STATE apnType=mms
D/MobileDataStateTracker(  366): mms: Received state=DISCONNECTED, old=DISCONNECTED, reason=roamingOff
D/MobileDataStateTracker(  366): cbs: Broadcast received: android.intent.action.ANY_DATA_STATE apnType=cbs
D/MobileDataStateTracker(  366): cbs: Received state=DISCONNECTED, old=DISCONNECTED, reason=roamingOff
D/MobileDataStateTracker(  366): fota: Broadcast received: android.intent.action.ANY_DATA_STATE apnType=fota
D/MobileDataStateTracker(  366): fota: Received state=DISCONNECTED, old=DISCONNECTED, reason=roamingOff
D/MobileDataStateTracker(  366): ia: Broadcast received: android.intent.action.ANY_DATA_STATE apnType=ia
D/MobileDataStateTracker(  366): ia: Received state=DISCONNECTED, old=DISCONNECTED, reason=roamingOff
D/MobileDataStateTracker(  366): supl: Broadcast received: android.intent.action.ANY_DATA_STATE apnType=supl
D/MobileDataStateTracker(  366): supl: Received state=DISCONNECTED, old=DISCONNECTED, reason=roamingOff
D/MobileDataStateTracker(  366): hipri: Broadcast received: android.intent.action.ANY_DATA_STATE apnType=hipri
I/LatinIME:LogUtils(  580): Dictionary info: dictionary = main:en ; version = 42 ; date = 1381226429
D/TelephonyDebugService(  594): TelephonyDebugService()
D/MobileDataStateTracker(  366): hipri: Received state=DISCONNECTED, old=DISCONNECTED, reason=roamingOff
D/MobileDataStateTracker(  366): ims: Broadcast received: android.intent.action.ANY_DATA_STATE apnType=ims
D/MobileDataStateTracker(  366): ims: Received state=DISCONNECTED, old=DISCONNECTED, reason=roamingOff
D/MobileDataStateTracker(  366): default: Broadcast received: android.intent.action.ANY_DATA_STATE apnType=default
I/LatinIME:LogUtils(  580): Dictionary info: dictionary = main:en ; version = 42 ; date = 1381226429
D/dalvikvm(  594): GC_CONCURRENT freed 285K, 11% free 3051K/3400K, paused 40ms+11ms, total 263ms
D/MobileDataStateTracker(  366): default: Received state=DISCONNECTED, old=DISCONNECTED, reason=roamingOff
D/MobileDataStateTracker(  366): mms: Broadcast received: android.intent.action.ANY_DATA_STATE apnType=mms
D/MobileDataStateTracker(  366): mms: Received state=DISCONNECTED, old=DISCONNECTED, reason=roamingOff
D/MobileDataStateTracker(  366): cbs: Broadcast received: android.intent.action.ANY_DATA_STATE apnType=cbs
D/MobileDataStateTracker(  366): cbs: Received state=DISCONNECTED, old=DISCONNECTED, reason=roamingOff
I/LatinIME:LogUtils(  580): Dictionary info: dictionary = main:en ; version = 42 ; date = 1381226429
I/LatinIME:LogUtils(  580): Dictionary info: dictionary = main:en ; version = 42 ; date = 1381226429
I/LatinIME:LogUtils(  580): Dictionary info: dictionary = main:en ; version = 42 ; date = 1381226429
I/LatinIME:LogUtils(  580): Dictionary info: dictionary = main:en ; version = 42 ; date = 1381226429
D/dalvikvm(  680): GC_CONCURRENT freed 176K, 8% free 2951K/3196K, paused 12ms+5ms, total 67ms
D/dalvikvm(  366): GC_CONCURRENT freed 553K, 58% free 5457K/12732K, paused 17ms+4ms, total 70ms
D/AlarmManagerService(  366): Kernel timezone updated to 300 minutes west of GMT
D/MccTable(  594): updateMccMncConfiguration: mcc=310, mnc=260
D/MccTable(  594): timezone set to America/New_York
D/MccTable(  594): getLocaleFromMcc to en_us mcc=310
D/MccTable(  594): getLocaleForLanguageCountry: got match
D/MccTable(  594): getLocaleForLanguageCountry: X locale=en_US
D/MccTable(  594): WIFI_COUNTRY_CODE set to us
I/WifiService(  366): WifiService trying to set country code to us with persist set to true
D/dalvikvm(  366): GC_CONCURRENT freed 673K, 57% free 5475K/12732K, paused 48ms+6ms, total 223ms
D/dalvikvm(  366): WAIT_FOR_CONCURRENT_GC blocked 73ms
D/dalvikvm(  366): WAIT_FOR_CONCURRENT_GC blocked 32ms
D/dalvikvm(  594): GC_CONCURRENT freed 299K, 10% free 3179K/3528K, paused 43ms+2ms, total 253ms
D/MccTable(  594): updateMccMncConfiguration: mcc=310, mnc=260
D/MccTable(  594): getLocaleFromMcc to en_us mcc=310
I/FusedLocation(  366): engine stopped (com.android.location.fused)
I/FusedLocation(  366): engine started (com.android.location.fused)
I/FusedLocation(  366): engine started (com.android.location.fused)
D/MccTable(  594): getLocaleForLanguageCountry: got match
D/MccTable(  594): getLocaleForLanguageCountry: X locale=en_US
D/MccTable(  594): updateMccMncConfiguration updateConfig config={1.0 310mcc260mnc en_US ldltr ?swdp ?wdp ?hdp ?density ?lsize ?long ?orien ?uimode ?night ?touch ?keyb/?/? ?nav/?}
I/ActivityManager(  366): Config changes=3 {1.0 310mcc260mnc en_US ldltr sw480dp w480dp h839dp 160dpi lrg long port finger -keyb/v/h tball/v s.6}
D/PermissionCache(   58): checking android.permission.READ_FRAME_BUFFER for uid=1000 => granted (8532 us)
D/gralloc (   58): Registering a buffer in the process that created it. This may cause memory ordering problems.
E/libEGL  (   58): called unimplemented OpenGL ES API
E/libEGL  (   58): called unimplemented OpenGL ES API
E/libEGL  (   58): called unimplemented OpenGL ES API
E/libEGL  (   58): called unimplemented OpenGL ES API
E/SurfaceFlinger(   58): glCheckFramebufferStatusOES error 153191099
E/SurfaceFlinger(   58): got GL_FRAMEBUFFER_COMPLETE_OES error while taking screenshot
E/libEGL  (   58): called unimplemented OpenGL ES API
E/libEGL  (   58): called unimplemented OpenGL ES API
D/PhoneStatusBar(  442): mSettingsPanelGravity = 55
I/ARMAssembler(   58): generated scanline__00000077:03515104_00008001_00000000 [113 ipp] (134 ins) at [0xb5a451f0:0xb5a45408] in 10000000 ns
D/MobileDataStateTracker(  366): fota: Broadcast received: android.intent.action.ANY_DATA_STATE apnType=fota
D/MobileDataStateTracker(  366): fota: Received state=DISCONNECTED, old=DISCONNECTED, reason=dataAttached
D/MobileDataStateTracker(  366): ia: Broadcast received: android.intent.action.ANY_DATA_STATE apnType=ia
D/MobileDataStateTracker(  366): ia: Received state=DISCONNECTED, old=DISCONNECTED, reason=dataAttached
D/MobileDataStateTracker(  366): supl: Broadcast received: android.intent.action.ANY_DATA_STATE apnType=supl
D/MobileDataStateTracker(  366): supl: Received state=DISCONNECTED, old=DISCONNECTED, reason=dataAttached
D/MobileDataStateTracker(  366): hipri: Broadcast received: android.intent.action.ANY_DATA_STATE apnType=hipri
D/MobileDataStateTracker(  366): hipri: Received state=DISCONNECTED, old=DISCONNECTED, reason=dataAttached
D/dalvikvm(  680): GC_FOR_ALLOC freed 188K, 8% free 3111K/3368K, paused 236ms, total 238ms
D/MobileDataStateTracker(  366): ims: Broadcast received: android.intent.action.ANY_DATA_STATE apnType=ims
D/MobileDataStateTracker(  366): ims: Received state=DISCONNECTED, old=DISCONNECTED, reason=dataAttached
D/MobileDataStateTracker(  366): mms: Broadcast received: android.intent.action.ANY_DATA_STATE apnType=mms
D/MobileDataStateTracker(  366): mms: Received state=DISCONNECTED, old=DISCONNECTED, reason=dataAttached
D/MobileDataStateTracker(  366): cbs: Broadcast received: android.intent.action.ANY_DATA_STATE apnType=cbs
D/MobileDataStateTracker(  366): cbs: Received state=DISCONNECTED, old=DISCONNECTED, reason=dataAttached
D/MobileDataStateTracker(  366): fota: Broadcast received: android.intent.action.ANY_DATA_STATE apnType=fota
D/MobileDataStateTracker(  366): fota: Received state=DISCONNECTED, old=DISCONNECTED, reason=dataAttached
I/dalvikvm-heap(  680): Grow heap (frag case) to 3.711MB for 640016-byte allocation
D/MobileDataStateTracker(  366): ia: Broadcast received: android.intent.action.ANY_DATA_STATE apnType=ia
D/MobileDataStateTracker(  366): ia: Received state=DISCONNECTED, old=DISCONNECTED, reason=dataAttached
D/MobileDataStateTracker(  366): supl: Broadcast received: android.intent.action.ANY_DATA_STATE apnType=supl
D/MobileDataStateTracker(  366): supl: Received state=DISCONNECTED, old=DISCONNECTED, reason=dataAttached
D/MobileDataStateTracker(  366): hipri: Broadcast received: android.intent.action.ANY_DATA_STATE apnType=hipri
D/MobileDataStateTracker(  366): hipri: Received state=DISCONNECTED, old=DISCONNECTED, reason=dataAttached
D/MobileDataStateTracker(  366): ims: Broadcast received: android.intent.action.ANY_DATA_STATE apnType=ims
D/MccTable(  594): updateMccMncConfiguration: mcc=310, mnc=260
D/MccTable(  594): getLocaleFromMcc to en_us mcc=310
D/MccTable(  594): getLocaleForLanguageCountry: skipping already persisted
D/MccTable(  594): getLocaleForLanguageCountry: X locale=null
D/MccTable(  594): updateMccMncConfiguration updateConfig config={1.0 310mcc260mnc ?locale ?layoutDir ?swdp ?wdp ?hdp ?density ?lsize ?long ?orien ?uimode ?night ?touch ?keyb/?/? ?nav/?}
D/MobileDataStateTracker(  366): ims: Received state=DISCONNECTED, old=DISCONNECTED, reason=dataAttached
D/MobileDataStateTracker(  366): mms: Broadcast received: android.intent.action.ANY_DATA_STATE apnType=mms
D/dalvikvm(  680): GC_FOR_ALLOC freed 3K, 7% free 3733K/3996K, paused 90ms, total 90ms
D/MobileDataStateTracker(  366): mms: Received state=DISCONNECTED, old=DISCONNECTED, reason=dataAttached
D/MobileDataStateTracker(  366): cbs: Broadcast received: android.intent.action.ANY_DATA_STATE apnType=cbs
D/dalvikvm(  680): GC_CONCURRENT freed 7K, 7% free 3727K/3996K, paused 5ms+69ms, total 135ms
D/MobileDataStateTracker(  366): cbs: Received state=DISCONNECTED, old=DISCONNECTED, reason=dataAttached
D/dalvikvm(  366): GC_CONCURRENT freed 609K, 58% free 5471K/12732K, paused 186ms+5ms, total 340ms
D/dalvikvm(  594): GC_CONCURRENT freed 379K, 12% free 3312K/3756K, paused 4ms+3ms, total 61ms
D/dalvikvm(  594): WAIT_FOR_CONCURRENT_GC blocked 16ms
W/Resources(  680): Converting to int: TypedValue{t=0x3/d=0x12 "4" a=-1}
W/Resources(  680): Converting to int: TypedValue{t=0x3/d=0xf "1" a=-1}
W/Resources(  680): Converting to int: TypedValue{t=0x3/d=0x15 "2" a=-1}
W/Resources(  680): Converting to int: TypedValue{t=0x3/d=0x15 "2" a=-1}
W/Launcher.LauncherProvider(  680): Unable to add favorite: com.android.camera2/com.android.camera.CameraLauncher
W/Launcher.LauncherProvider(  680): android.content.pm.PackageManager$NameNotFoundException: ComponentInfo{com.android.camera2/com.android.camera.CameraLauncher}
W/Launcher.LauncherProvider(  680): 	at android.app.ApplicationPackageManager.getActivityInfo(ApplicationPackageManager.java:242)
W/Launcher.LauncherProvider(  680): 	at com.android.launcher2.LauncherProvider$DatabaseHelper.addAppShortcut(LauncherProvider.java:959)
W/Launcher.LauncherProvider(  680): 	at com.android.launcher2.LauncherProvider$DatabaseHelper.loadFavorites(LauncherProvider.java:863)
W/Launcher.LauncherProvider(  680): 	at com.android.launcher2.LauncherProvider$DatabaseHelper.access$000(LauncherProvider.java:253)
W/Launcher.LauncherProvider(  680): 	at com.android.launcher2.LauncherProvider.loadDefaultFavoritesIfNecessary(LauncherProvider.java:237)
