I/PackageManager(  361): /system/app/KeyChain.apk changed; collecting certs
I/PackageManager(  361): /system/app/LatinIME.apk changed; collecting certs
D/dalvikvm(  361): GC_CONCURRENT freed 387K, 69% free 4151K/13288K, paused 6ms+22ms, total 107ms
D/dalvikvm(  361): GC_CONCURRENT freed 445K, 69% free 4153K/13288K, paused 4ms+3ms, total 49ms
D/dalvikvm(  361): WAIT_FOR_CONCURRENT_GC blocked 35ms
D/dalvikvm(  361): GC_FOR_ALLOC freed 379K, 69% free 4229K/13288K, paused 36ms, total 37ms
D/dalvikvm(  361): GC_CONCURRENT freed 271K, 67% free 4465K/13288K, paused 15ms+23ms, total 99ms
D/dalvikvm(  361): GC_CONCURRENT freed 286K, 65% free 4683K/13288K, paused 12ms+5ms, total 96ms
D/dalvikvm(  361): WAIT_FOR_CONCURRENT_GC blocked 15ms
D/dalvikvm(  361): GC_CONCURRENT freed 340K, 64% free 4855K/13288K, paused 10ms+9ms, total 112ms
D/dalvikvm(  361): WAIT_FOR_CONCURRENT_GC blocked 7ms
I/PackageManager(  361): /system/app/LegacyCamera.apk changed; collecting certs
D/dalvikvm(  361): GC_CONCURRENT freed 418K, 63% free 4976K/13288K, paused 5ms+12ms, total 87ms
D/dalvikvm(  361): WAIT_FOR_CONCURRENT_GC blocked 26ms
D/dalvikvm(  361): GC_FOR_ALLOC freed 1319K, 69% free 4120K/13288K, paused 44ms, total 45ms
D/dalvikvm(  361): GC_CONCURRENT freed 250K, 68% free 4382K/13288K, paused 5ms+3ms, total 58ms
D/dalvikvm(  361): WAIT_FOR_CONCURRENT_GC blocked 26ms
D/dalvikvm(  361): GC_CONCURRENT freed 337K, 66% free 4556K/13288K, paused 6ms+4ms, total 98ms
D/dalvikvm(  361): WAIT_FOR_CONCURRENT_GC blocked 14ms
D/dalvikvm(  361): GC_CONCURRENT freed 320K, 65% free 4748K/13288K, paused 4ms+4ms, total 108ms
D/dalvikvm(  361): WAIT_FOR_CONCURRENT_GC blocked 13ms
I/PackageManager(  361): /system/app/LiveWallpapersPicker.apk changed; collecting certs
I/PackageManager(  361): /system/app/Music.apk changed; collecting certs
D/dalvikvm(  361): GC_CONCURRENT freed 458K, 64% free 4791K/13288K, paused 6ms+10ms, total 63ms
D/dalvikvm(  361): WAIT_FOR_CONCURRENT_GC blocked 32ms
D/dalvikvm(  361): GC_CONCURRENT freed 1140K, 69% free 4176K/13288K, paused 5ms+5ms, total 111ms
I/PackageManager(  361): /system/app/NetSpeed.apk changed; collecting certs
I/PackageManager(  361): /system/app/OpenWnn.apk changed; collecting certs
D/dalvikvm(  361): GC_CONCURRENT freed 340K, 68% free 4327K/13288K, paused 6ms+6ms, total 62ms
D/dalvikvm(  361): WAIT_FOR_CONCURRENT_GC blocked 30ms
D/dalvikvm(  361): GC_CONCURRENT freed 656K, 69% free 4183K/13288K, paused 5ms+5ms, total 76ms
D/dalvikvm(  361): WAIT_FOR_CONCURRENT_GC blocked 29ms
D/dalvikvm(  361): GC_CONCURRENT freed 200K, 67% free 4494K/13288K, paused 4ms+4ms, total 84ms
D/dalvikvm(  361): WAIT_FOR_CONCURRENT_GC blocked 20ms
I/PackageManager(  361): /system/app/PacProcessor.apk changed; collecting certs
I/PackageManager(  361): /system/app/PackageInstaller.apk changed; collecting certs
D/dalvikvm(  361): GC_CONCURRENT freed 406K, 66% free 4599K/13288K, paused 11ms+27ms, total 104ms
D/dalvikvm(  361): WAIT_FOR_CONCURRENT_GC blocked 8ms
I/PackageManager(  361): /system/app/PicoTts.apk changed; collecting certs
I/PackageManager(  361): /system/app/PinyinIME.apk changed; collecting certs
D/dalvikvm(  361): GC_CONCURRENT freed 1012K, 70% free 4099K/13288K, paused 6ms+5ms, total 78ms
D/dalvikvm(  361): WAIT_FOR_CONCURRENT_GC blocked 32ms
I/PackageManager(  361): /system/app/PrintSpooler.apk changed; collecting certs
I/PackageManager(  361): /system/app/Protips.apk changed; collecting certs
D/dalvikvm(  361): GC_CONCURRENT freed 448K, 69% free 4148K/13288K, paused 14ms+6ms, total 88ms
D/dalvikvm(  361): WAIT_FOR_CONCURRENT_GC blocked 25ms
I/PackageManager(  361): /system/app/QuickSearchBox.apk changed; collecting certs
D/dalvikvm(  361): GC_CONCURRENT freed 460K, 69% free 4200K/13288K, paused 5ms+5ms, total 68ms
D/dalvikvm(  361): WAIT_FOR_CONCURRENT_GC blocked 28ms
I/PackageManager(  361): /system/app/SdkSetup.apk changed; collecting certs
D/dalvikvm(  361): GC_CONCURRENT freed 436K, 68% free 4276K/13288K, paused 15ms+4ms, total 95ms
D/dalvikvm(  361): WAIT_FOR_CONCURRENT_GC blocked 15ms
I/PackageManager(  361): /system/app/SoundRecorder.apk changed; collecting certs
I/PackageManager(  361): /system/app/SpeechRecorder.apk changed; collecting certs
I/PackageManager(  361): /system/app/TelephonyProvider.apk changed; collecting certs
I/PackageManager(  361): /system/app/UserDictionaryProvider.apk changed; collecting certs
D/dalvikvm(  361): GC_CONCURRENT freed 397K, 67% free 4387K/13288K, paused 5ms+13ms, total 98ms
D/dalvikvm(  361): WAIT_FOR_CONCURRENT_GC blocked 9ms
D/PackageManager(  361): No files in app dir /vendor/app
W/PackageParser(  361): No actions in intent filter at /data/app/ApiDemos.apk Binary XML file line #2899
W/PackageParser(  361): No actions in intent filter at /data/app/ApiDemos.apk Binary XML file line #2905
I/PackageManager(  361): /data/app/ApiDemos.apk changed; collecting certs
D/dalvikvm(  361): GC_CONCURRENT freed 579K, 68% free 4320K/13288K, paused 6ms+5ms, total 109ms
D/dalvikvm(  361): WAIT_FOR_CONCURRENT_GC blocked 15ms
D/dalvikvm(  361): GC_CONCURRENT freed 298K, 67% free 4508K/13288K, paused 5ms+3ms, total 50ms
D/dalvikvm(  361): WAIT_FOR_CONCURRENT_GC blocked 41ms
D/dalvikvm(  361): GC_CONCURRENT freed 338K, 65% free 4682K/13288K, paused 14ms+6ms, total 105ms
D/dalvikvm(  361): WAIT_FOR_CONCURRENT_GC blocked 17ms
D/dalvikvm(  361): GC_CONCURRENT freed 282K, 64% free 4912K/13288K, paused 5ms+5ms, total 126ms
D/dalvikvm(  361): WAIT_FOR_CONCURRENT_GC blocked 28ms
D/dalvikvm(  361): GC_CONCURRENT freed 627K, 64% free 4831K/13288K, paused 6ms+3ms, total 79ms
D/dalvikvm(  361): WAIT_FOR_CONCURRENT_GC blocked 35ms
D/dalvikvm(  361): GC_CONCURRENT freed 530K, 64% free 4831K/13288K, paused 6ms+4ms, total 89ms
D/dalvikvm(  361): WAIT_FOR_CONCURRENT_GC blocked 24ms
D/dalvikvm(  361): GC_CONCURRENT freed 532K, 64% free 4827K/13288K, paused 12ms+4ms, total 92ms
D/dalvikvm(  361): WAIT_FOR_CONCURRENT_GC blocked 41ms
D/dalvikvm(  361): GC_CONCURRENT freed 517K, 64% free 4842K/13288K, paused 14ms+4ms, total 80ms
D/dalvikvm(  361): WAIT_FOR_CONCURRENT_GC blocked 41ms
D/dalvikvm(  361): GC_CONCURRENT freed 530K, 64% free 4845K/13288K, paused 5ms+4ms, total 79ms
D/dalvikvm(  361): WAIT_FOR_CONCURRENT_GC blocked 37ms
D/dalvikvm(  361): GC_CONCURRENT freed 530K, 64% free 4848K/13288K, paused 13ms+4ms, total 80ms
D/dalvikvm(  361): WAIT_FOR_CONCURRENT_GC blocked 42ms
D/dalvikvm(  361): GC_CONCURRENT freed 530K, 64% free 4851K/13288K, paused 5ms+4ms, total 79ms
D/dalvikvm(  361): WAIT_FOR_CONCURRENT_GC blocked 36ms
D/dalvikvm(  361): GC_CONCURRENT freed 532K, 64% free 4856K/13288K, paused 12ms+4ms, total 82ms
D/dalvikvm(  361): WAIT_FOR_CONCURRENT_GC blocked 42ms
D/dalvikvm(  361): GC_CONCURRENT freed 530K, 64% free 4858K/13288K, paused 4ms+3ms, total 79ms
D/dalvikvm(  361): WAIT_FOR_CONCURRENT_GC blocked 40ms
D/dalvikvm(  361): GC_CONCURRENT freed 547K, 64% free 4852K/13288K, paused 15ms+4ms, total 80ms
D/dalvikvm(  361): WAIT_FOR_CONCURRENT_GC blocked 42ms
W/PackageManager(  361): Package com.example.android.apis desires unavailable shared library com.example.will.never.exist; ignoring!
I/PackageManager(  361): /data/app/CubeLiveWallpapers.apk changed; collecting certs
I/PackageManager(  361): /data/app/GestureBuilder.apk changed; collecting certs
D/dalvikvm(  361): GC_CONCURRENT freed 426K, 63% free 4958K/13288K, paused 15ms+10ms, total 89ms
D/dalvikvm(  361): WAIT_FOR_CONCURRENT_GC blocked 33ms
I/PackageManager(  361): /data/app/SmokeTest.apk changed; collecting certs
I/PackageManager(  361): /data/app/SmokeTestApp.apk changed; collecting certs
I/PackageManager(  361): /data/app/SoftKeyboard.apk changed; collecting certs
D/dalvikvm(  361): GC_CONCURRENT freed 1160K, 68% free 4358K/13288K, paused 6ms+4ms, total 156ms
D/dalvikvm(  361): WAIT_FOR_CONCURRENT_GC blocked 38ms
I/PackageManager(  361): /data/app/WidgetPreview.apk changed; collecting certs
D/dalvikvm(  361): GC_CONCURRENT freed 506K, 68% free 4363K/13288K, paused 15ms+4ms, total 94ms
D/dalvikvm(  361): WAIT_FOR_CONCURRENT_GC blocked 18ms
W/PackageManager(  361): Package com.example.android.apis desires unavailable shared library com.example.will.never.exist; ignoring!
W/PackageManager(  361): Package com.android.camera desires unavailable shared library com.google.android.media.effects; ignoring!
I/PackageManager(  361): Time to scan packages: 24.772 seconds
W/PackageManager(  361): Not granting permission android.permission.GLOBAL_SEARCH to package com.android.quicksearchbox (protectionLevel=18 flags=0x8be45)
W/PackageManager(  361): Unknown permission com.android.smspush.WAPPUSH_MANAGER_BIND in package com.android.phone
W/PackageManager(  361): Unknown permission com.google.android.googleapps.permission.GOOGLE_AUTH in package com.android.providers.calendar
W/PackageManager(  361): Unknown permission com.google.android.googleapps.permission.GOOGLE_AUTH.cl in package com.android.providers.calendar
W/PackageManager(  361): Unknown permission com.google.android.googleapps.permission.GOOGLE_AUTH.mail in package com.android.calendar
W/PackageManager(  361): Not granting permission android.permission.ACCESS_DOWNLOAD_MANAGER to package com.android.browser (protectionLevel=18 flags=0x9be45)
W/PackageManager(  361): Not granting permission android.permission.SEND_DOWNLOAD_COMPLETED_INTENTS to package com.android.browser (protectionLevel=2 flags=0x9be45)
W/PackageManager(  361): Not granting permission android.permission.BIND_APPWIDGET to package com.android.widgetpreview (protectionLevel=18 flags=0x8be44)
W/PackageManager(  361): Unknown permission android.permission.INSTALL_DRM in package com.android.mms
W/PackageManager(  361): Unknown permission com.google.android.googleapps.permission.GOOGLE_AUTH in package com.android.settings
W/PackageManager(  361): Unknown permission com.google.android.googleapps.permission.ACCESS_GOOGLE_PASSWORD in package com.android.development
W/PackageManager(  361): Unknown permission com.google.android.googleapps.permission.GOOGLE_AUTH in package com.android.development
W/PackageManager(  361): Unknown permission com.google.android.googleapps.permission.GOOGLE_AUTH.ALL_SERVICES in package com.android.development
W/PackageManager(  361): Unknown permission com.google.android.googleapps.permission.GOOGLE_AUTH.YouTubeUser in package com.android.development
W/PackageManager(  361): Not granting permission android.permission.DELETE_PACKAGES to package com.svox.pico (protectionLevel=18 flags=0x8be45)
W/PackageManager(  361): Not granting permission android.permission.DEVICE_POWER to package com.android.deskclock (protectionLevel=2 flags=0x48be45)
D/dalvikvm(  361): GC_CONCURRENT freed 385K, 67% free 4421K/13288K, paused 14ms+17ms, total 133ms
D/dalvikvm(  361): GC_EXPLICIT freed 231K, 68% free 4280K/13288K, paused 4ms+4ms, total 59ms
I/SystemServer(  361): Entropy Mixer
W/EntropyMixer(  361): No existing entropy file -- first boot?
I/EntropyMixer(  361): Writing entropy...
I/SystemServer(  361): User Service
I/SystemServer(  361): Account Manager
I/SystemServer(  361): Content Manager
I/SystemServer(  361): System Content Providers
I/SyncManager(  361): No initial accounts
I/SyncManager(  361): No initial status
W/SyncManagerFile(  361): Error reading pending data.
W/SyncManagerFile(  361): java.io.FileNotFoundException: /data/system/sync/pending.xml: open failed: ENOENT (No such file or directory)
W/SyncManagerFile(  361): 	at libcore.io.IoBridge.open(IoBridge.java:409)
W/SyncManagerFile(  361): 	at java.io.FileInputStream.<init>(FileInputStream.java:78)
W/SyncManagerFile(  361): 	at android.util.AtomicFile.openRead(AtomicFile.java:199)
W/SyncManagerFile(  361): 	at com.android.server.content.SyncStorageEngine.readPendingOperationsLocked(SyncStorageEngine.java:2286)
W/SyncManagerFile(  361): 	at com.android.server.content.SyncStorageEngine.<init>(SyncStorageEngine.java:434)
W/SyncManagerFile(  361): 	at com.android.server.content.SyncStorageEngine.init(SyncStorageEngine.java:454)
W/SyncManagerFile(  361): 	at com.android.server.content.SyncManager.<init>(SyncManager.java:383)
W/SyncManagerFile(  361): 	at com.android.server.content.ContentService.getSyncManager(ContentService.java:75)
W/SyncManagerFile(  361): 	at com.android.server.content.ContentService.notifyChange(ContentService.java:283)
W/SyncManagerFile(  361): 	at android.content.ContentResolver.notifyChange(ContentResolver.java:1621)
W/SyncManagerFile(  361): 	at com.android.providers.settings.SettingsProvider.sendNotify(SettingsProvider.java:262)
W/SyncManagerFile(  361): 	at com.android.providers.settings.SettingsProvider.insertForUser(SettingsProvider.java:941)
W/SyncManagerFile(  361): 	at com.android.providers.settings.SettingsProvider.ensureAndroidIdIsSet(SettingsProvider.java:496)
W/SyncManagerFile(  361): 	at com.android.providers.settings.SettingsProvider.establishDbTracking(SettingsProvider.java:409)
W/SyncManagerFile(  361): 	at com.android.providers.settings.SettingsProvider.onCreate(SettingsProvider.java:335)
W/SyncManagerFile(  361): 	at android.content.ContentProvider.attachInfo(ContentProvider.java:1591)
W/SyncManagerFile(  361): 	at android.content.ContentProvider.attachInfo(ContentProvider.java:1562)
W/SyncManagerFile(  361): 	at android.app.ActivityThread.installProvider(ActivityThread.java:4774)
W/SyncManagerFile(  361): 	at android.app.ActivityThread.installContentProviders(ActivityThread.java:4369)
W/SyncManagerFile(  361): 	at android.app.ActivityThread.installSystemProviders(ActivityThread.java:4929)
W/SyncManagerFile(  361): 	at com.android.server.am.ActivityManagerService.installSystemProviders(ActivityManagerService.java:8081)
W/SyncManagerFile(  361): 	at com.android.server.ServerThread.initAndLoop(SystemServer.java:275)
W/SyncManagerFile(  361): 	at com.android.server.SystemServer.main(SystemServer.java:1179)
W/SyncManagerFile(  361): 	at java.lang.reflect.Method.invokeNative(Native Method)
W/SyncManagerFile(  361): 	at java.lang.reflect.Method.invoke(Method.java:515)
W/SyncManagerFile(  361): 	at com.android.internal.os.ZygoteInit$MethodAndArgsCaller.run(ZygoteInit.java:785)
W/SyncManagerFile(  361): 	at com.android.internal.os.ZygoteInit.main(ZygoteInit.java:601)
W/SyncManagerFile(  361): 	at dalvik.system.NativeStart.main(Native Method)
W/SyncManagerFile(  361): Caused by: libcore.io.ErrnoException: open failed: ENOENT (No such file or directory)
W/SyncManagerFile(  361): 	at libcore.io.Posix.open(Native Method)
W/SyncManagerFile(  361): 	at libcore.io.BlockGuardOs.open(BlockGuardOs.java:110)
W/SyncManagerFile(  361): 	at libcore.io.IoBridge.open(IoBridge.java:393)
W/SyncManagerFile(  361): 	... 27 more
I/SyncManager(  361): No initial statistics
D/SettingsProvider(  361): Generated and saved new ANDROID_ID [f937c584d6058f4b] for user 0
I/SystemServer(  361): Lights Service
I/SystemServer(  361): Battery Service
E/ConsumerIrService(  361): Can't open consumer IR HW Module, error: -2
I/SystemServer(  361): Vibrator Service
I/SystemServer(  361): Consumer IR Service
W/libsuspend(  361): Error writing 'on' to /sys/power/state: Invalid argument
E/libsuspend(  361): Error opening /sys/power/autosleep: No such file or directory
I/libsuspend(  361): Selected wakeup count
D/PermissionCache(   57): checking android.permission.ACCESS_SURFACE_FLINGER for uid=1000 => granted (2176 us)
D/SurfaceFlinger(   57): Screen acquired, type=0 flinger=0xb86a6450
D/SurfaceFlinger(   57):  screen was previously acquired
I/SystemServer(  361): Alarm Manager
I/SystemServer(  361): Init Watchdog
I/SystemServer(  361): Input Manager
I/InputManager(  361): Initializing input manager, mUseDevInputEventForAudioJack=false
I/SystemServer(  361): Window Manager
I/WindowManager(  361): No existing display settings /data/system/display_settings.xml; starting empty
D/dalvikvm(  361): GC_CONCURRENT freed 314K, 67% free 4477K/13288K, paused 9ms+5ms, total 157ms
D/dalvikvm(  361): WAIT_FOR_CONCURRENT_GC blocked 23ms
I/WindowManager(  361): No keyguard interface!
I/InputManager(  361): Starting input manager
I/SystemServer(  361): No Bluetooh Service (emulator)
I/SystemServer(  361): Input Method Service
E/EventHub(  361): could not get driver version for /dev/input/mouse0, Not a typewriter
W/EventHub(  361): Unable to disable kernel key repeat for /dev/input/event0: Function not implemented
I/EventHub(  361): New device: id=1, fd=93, path='/dev/input/event0', name='qwerty2', classes=0x2d, configuration='/system/usr/idc/qwerty2.idc', keyLayout='/system/usr/keylayout/qwerty.kl', keyCharacterMap='/system/usr/keychars/qwerty2.kcm', builtinKeyboard=true, usingSuspendBlockIoctl=true, usingClockIoctl=true
E/EventHub(  361): could not get driver version for /dev/input/mice, Not a typewriter
I/InputReader(  361): Device added: id=-1, name='Virtual', sources=0x00000301
I/InputReader(  361):   Touch device 'qwerty2' could not query the properties of its associated display.  The device will be inoperable until the display size becomes available.
I/InputReader(  361): Device added: id=0, name='qwerty2', sources=0x00011307
W/InputMethodManagerService(  361): No IME selected. Choose the most applicable IME.
I/InputMethodManagerService(  361): No default found, using com.android.inputmethod.latin/.LatinIME
I/SystemServer(  361): Accessibility Manager
I/InputReader(  361): Reconfiguring input devices.  changes=0x00000004
I/InputReader(  361): Device reconfigured: id=0, name='qwerty2', size 480x864, orientation 0, mode 1, display id 0
I/ActivityManager(  361): Config changes=1df8 {1.0 ?mcc?mnc en_US ldltr sw480dp w480dp h864dp 160dpi lrg long port ?uimode ?night -touch -keyb/h/h tball/v s.2}
I/ActivityManager(  361): Config changes=408 {1.0 ?mcc?mnc en_US ldltr sw480dp w480dp h839dp 160dpi lrg long port ?uimode ?night finger -keyb/h/h tball/v s.3}
I/SystemServer(  361): Mount Service
D/MountService(  361): got storage path: /storage/sdcard description: USB storage primary: true removable: false emulated: false mtpReserve: 0 allowMassStorage: false maxFileSize: 0
D/MountService(  361): addVolumeLocked() StorageVolume:
D/MountService(  361):     mStorageId=0 mPath=/storage/sdcard mDescriptionId=17040665 mPrimary=true 
D/MountService(  361):     mRemovable=false mEmulated=false mMtpReserveSpace=0 
D/MountService(  361):     mAllowMassStorage=false mMaxFileSize=0 mOwner=null mUuid=null 
D/MountService(  361):     mUserLabel=null mState=null 
I/SystemServer(  361): LockSettingsService
I/SystemServer(  361): Device Policy
I/SystemServer(  361): Status Bar
I/SystemServer(  361): Clipboard Service
I/SystemServer(  361): NetworkManagement Service
I/SystemServer(  361): Text Service Manager Service
W/MountService(  361): Duplicate state transition (unmounted -> unmounted) for /storage/sdcard
I/PackageManager(  361): No secure containers on sdcard
W/MountService(  361): getSecureContainerList() called when storage not mounted
I/SystemServer(  361): NetworkStats Service
I/SystemServer(  361): NetworkPolicy Service
I/SystemServer(  361): Wi-Fi P2pService
W/PackageManager(  361): Not granting permission android.permission.GLOBAL_SEARCH to package com.android.quicksearchbox (protectionLevel=18 flags=0x8be45)
W/PackageManager(  361): Unknown permission com.android.smspush.WAPPUSH_MANAGER_BIND in package com.android.phone
W/PackageManager(  361): Unknown permission com.google.android.googleapps.permission.GOOGLE_AUTH in package com.android.providers.calendar
W/PackageManager(  361): Unknown permission com.google.android.googleapps.permission.GOOGLE_AUTH.cl in package com.android.providers.calendar
W/PackageManager(  361): Unknown permission com.google.android.googleapps.permission.GOOGLE_AUTH.mail in package com.android.calendar
W/PackageManager(  361): Not granting permission android.permission.ACCESS_DOWNLOAD_MANAGER to package com.android.browser (protectionLevel=18 flags=0x9be45)
W/PackageManager(  361): Not granting permission android.permission.SEND_DOWNLOAD_COMPLETED_INTENTS to package com.android.browser (protectionLevel=2 flags=0x9be45)
W/PackageManager(  361): Not granting permission android.permission.BIND_APPWIDGET to package com.android.widgetpreview (protectionLevel=18 flags=0x8be44)
W/PackageManager(  361): Unknown permission android.permission.INSTALL_DRM in package com.android.mms
W/PackageManager(  361): Unknown permission com.google.android.googleapps.permission.GOOGLE_AUTH in package com.android.settings
W/PackageManager(  361): Unknown permission com.google.android.googleapps.permission.ACCESS_GOOGLE_PASSWORD in package com.android.development
W/PackageManager(  361): Unknown permission com.google.android.googleapps.permission.GOOGLE_AUTH in package com.android.development
W/PackageManager(  361): Unknown permission com.google.android.googleapps.permission.GOOGLE_AUTH.ALL_SERVICES in package com.android.development
W/PackageManager(  361): Unknown permission com.google.android.googleapps.permission.GOOGLE_AUTH.YouTubeUser in package com.android.development
W/PackageManager(  361): Not granting permission android.permission.DELETE_PACKAGES to package com.svox.pico (protectionLevel=18 flags=0x8be45)
W/PackageManager(  361): Not granting permission android.permission.DEVICE_POWER to package com.android.deskclock (protectionLevel=2 flags=0x48be45)
D/dalvikvm(  361): GC_CONCURRENT freed 281K, 66% free 4646K/13288K, paused 14ms+7ms, total 198ms
I/SystemServer(  361): Wi-Fi Service
D/WifiController(  361): isAirplaneModeOn = false, isWifiEnabled = false, isScanningAvailable = false
I/SystemServer(  361): Connectivity Service
D/ConnectivityService(  361): ConnectivityService starting up
D/ConnectivityService(  361): wifiOnly=false
E/MobileDataStateTracker(  361): default: Ignoring feature request because could not acquire PhoneService
E/MobileDataStateTracker(  361): default: Could not enable APN type "default"
I/WifiService(  361): WifiService starting up with Wi-Fi disabled
I/SystemServer(  361): Network Service Discovery Service
D/NsdService(  361): Network service discovery enabled true
I/SystemServer(  361): UpdateLock Service
I/SystemServer(  361): Notification Manager
I/SystemServer(  361): Device Storage Monitor
I/SystemServer(  361): Location Manager
I/SystemServer(  361): Country Detector
I/SystemServer(  361): Search Service
I/SystemServer(  361): DropBox Service
I/SystemServer(  361): Wallpaper Service
W/WallpaperService(  361): no current wallpaper -- first boot?
I/SystemServer(  361): Audio Service
D/dalvikvm(  361): GC_CONCURRENT freed 252K, 64% free 4880K/13288K, paused 6ms+4ms, total 183ms
I/SystemServer(  361): Dock Observer
W/DockObserver(  361): This kernel does not have dock station support
I/SystemServer(  361): Wired Accessory Manager
W/WiredAccessoryManager(  361): This kernel does not have wired headset support
W/WiredAccessoryManager(  361): This kernel does not have usb audio support
W/WiredAccessoryManager(  361): This kernel does not have HDMI audio support
I/SystemServer(  361): USB Service
I/SystemServer(  361): Serial Service
I/SystemServer(  361): Twilight Service
I/SystemServer(  361): UI Mode Manager Service
I/SystemServer(  361): Backup Service
V/BackupManagerService(  361): Initializing package tracking
V/BackupManagerService(  361): No ancestral data
V/BackupManagerService(  361): addPackageParticipantsLocked: all
I/BackupManagerService(  361): Scheduling backup for new app com.android.calendar
D/BackupManagerService(  361): Now staging backup of com.android.calendar
I/BackupManagerService(  361): Scheduling backup for new app com.android.browser
D/BackupManagerService(  361): Now staging backup of com.android.browser
I/BackupManagerService(  361): Scheduling backup for new app com.android.providers.userdictionary
D/BackupManagerService(  361): Now staging backup of com.android.providers.userdictionary
I/BackupManagerService(  361): Scheduling backup for new app com.android.sharedstoragebackup
D/BackupManagerService(  361): Now staging backup of com.android.sharedstoragebackup
I/BackupManagerService(  361): Scheduling backup for new app android
D/BackupManagerService(  361): Now staging backup of android
I/BackupManagerService(  361): Scheduling backup for new app com.android.dialer
D/BackupManagerService(  361): Now staging backup of com.android.dialer
I/BackupManagerService(  361): Scheduling backup for new app com.android.providers.settings
D/BackupManagerService(  361): Now staging backup of com.android.providers.settings
V/BackupManagerService(  361): Starting with transport android/com.android.internal.backup.LocalTransport
V/BackupManagerService(  361): Found transports: 1
I/BackupManagerService(  361): Binding to transport host ComponentInfo{android/com.android.internal.backup.LocalTransportService}
I/BackupManagerService(  361): Backup enabled => true
I/SystemServer(  361): AppWidget Service
I/SystemServer(  361): Recognition Service
I/SystemServer(  361): DiskStats Service
I/SystemServer(  361): SamplingProfiler Service
I/SystemServer(  361): NetworkTimeUpdateService
I/SystemServer(  361): CommonTimeManagementService
I/SystemServer(  361): CertBlacklister
I/SystemServer(  361): Dreams Service
I/SystemServer(  361): Assets Atlas Service
I/SystemServer(  361): IdleMaintenanceService
I/SystemServer(  361): Print Service
I/SystemServer(  361): Media Router Service
D/Atlas   (  361): Computing best atlas configuration...
D/Atlas   (  361): Running Thread-49
I/WindowManager(  361): SAFE MODE not enabled
D/Atlas   (  361): Found best atlas configuration in 0.08s
D/Atlas   (  361): Loaded configuration: SliceMinArea (768x768) flags=0x2 count=24
D/gralloc_goldfish(  361): Emulator without GPU emulation detected.
E/SQLiteLog(  361): (1) no such table: locksettings
I/LockSettingsService(  361): Migrated lock settings to new location
I/LockSettingsService(  361): Migrated per-user lock settings to new location
W/AssetAtlasService(  361): Could not find EGL configuration
D/Atlas   (  361): Rendered atlas in 32.80ms (28.20+4.60ms)
I/Zygote  (  361): Process: zygote socket opened
V/KeyguardServiceDelegate(  361): *** Keyguard started
V/KeyguardServiceDelegate(  361): onSystemReady() called before keyguard service was ready
I/ActivityManager(  361): Start proc com.android.systemui for service com.android.keyguard/.KeyguardService: pid=449 uid=10007 gids={50007, 1028, 1015, 1035, 3002, 3001}
F/SystemServer(  361): BOOT FAILURE making Package Manager Service ready
F/SystemServer(  361): java.lang.SecurityException: Unable to find app for caller android.app.ActivityThread$ApplicationThread@b33de6c0 (pid=361) when registering receiver android.app.LoadedApk$ReceiverDispatcher$InnerReceiver@b33e2d20
F/SystemServer(  361): 	at com.android.server.am.ActivityManagerService.registerReceiver(ActivityManagerService.java:13021)
F/SystemServer(  361): 	at android.app.ContextImpl.registerReceiverInternal(ContextImpl.java:1450)
F/SystemServer(  361): 	at android.app.ContextImpl.registerReceiverAsUser(ContextImpl.java:1425)
F/SystemServer(  361): 	at com.android.internal.content.PackageMonitor.register(PackageMonitor.java:84)
F/SystemServer(  361): 	at com.android.server.pm.UserManagerService.systemReady(UserManagerService.java:237)
F/SystemServer(  361): 	at com.android.server.pm.PackageManagerService.systemReady(PackageManagerService.java:10476)
F/SystemServer(  361): 	at com.android.server.ServerThread.initAndLoop(SystemServer.java:893)
F/SystemServer(  361): 	at com.android.server.SystemServer.main(SystemServer.java:1179)
F/SystemServer(  361): 	at java.lang.reflect.Method.invokeNative(Native Method)
F/SystemServer(  361): 	at java.lang.reflect.Method.invoke(Method.java:515)
F/SystemServer(  361): 	at com.android.internal.os.ZygoteInit$MethodAndArgsCaller.run(ZygoteInit.java:785)
F/SystemServer(  361): 	at com.android.internal.os.ZygoteInit.main(ZygoteInit.java:601)
F/SystemServer(  361): 	at dalvik.system.NativeStart.main(Native Method)
W/SystemServer(  361): ***********************************************
I/ActivityManager(  361): Sending system update to ComponentInfo{com.android.providers.calendar/com.android.providers.calendar.CalendarUpgradeReceiver} for user 0
I/ActivityManager(  361): Sending system update to ComponentInfo{com.android.providers.contacts/com.android.providers.contacts.ContactsUpgradeReceiver} for user 0
I/ActivityManager(  361): Sending system update to ComponentInfo{com.android.providers.media/com.android.providers.media.MediaUpgradeReceiver} for user 0
I/SystemServer(  361): Enabled StrictMode for system server main thread.
I/ActivityManager(  361): Start proc com.android.providers.calendar for broadcast com.android.providers.calendar/.CalendarUpgradeReceiver: pid=460 uid=10001 gids={50001, 3003, 1028, 1015}
D/dalvikvm(  361): GC_CONCURRENT freed 362K, 62% free 5078K/13288K, paused 18ms+14ms, total 237ms
I/Choreographer(  361): Skipped 59 frames!  The application may be doing too much work on its main thread.
W/InputMethodManagerService(  361): Focus gain on non-focused client android.view.inputmethod.InputMethodManager$1@b2fbce20 (uid=1000 pid=361)
V/BackupManagerService(  361): Connected to transport ComponentInfo{android/com.android.internal.backup.LocalTransportService}
V/BackupManagerService(  361): Registering transport android/com.android.internal.backup.LocalTransportService::android/com.android.internal.backup.LocalTransport = com.android.internal.backup.LocalTransport@b35e7408
I/ActivityManager(  361): Launching preboot mode app: ProcessRecord{b2d7e3e8 460:com.android.providers.calendar/u0a1}
E/SoundPool(  449): error loading /system/media/audio/ui/Lock.ogg
W/KeyguardViewMediator(  449): failed to load lock sound from /system/media/audio/ui/Lock.ogg
E/SoundPool(  449): error loading /system/media/audio/ui/Unlock.ogg
W/KeyguardViewMediator(  449): failed to load unlock sound from /system/media/audio/ui/Unlock.ogg
V/KeyguardService(  449): onCreate()
V/KeyguardServiceDelegate(  361): *** Keyguard connected (yay!)
V/KeyguardServiceDelegate(  361): **** SHOWN CALLED ****
I/ActivityManager(  361): Start proc android.process.acore for broadcast com.android.providers.contacts/.ContactsUpgradeReceiver: pid=482 uid=10002 gids={50002, 3003, 1028, 1015}
I/ActivityManager(  361): Launching preboot mode app: ProcessRecord{b3453f38 482:android.process.acore/u0a2}
I/ContactsUpgradeReceiver(  482): Creating or opening contacts database
D/dalvikvm(  482): GC_CONCURRENT freed 390K, 15% free 2809K/3288K, paused 5ms+2ms, total 67ms
I/ContactsDatabaseHelper(  482): Bootstrapping database version: 803
D/dalvikvm(  482): GC_CONCURRENT freed 337K, 13% free 2874K/3300K, paused 4ms+3ms, total 53ms
I/ContactsProviderV1(  482): Bootstrapping database legacy support
I/ContactsDatabaseHelper(  482): Bootstrapping database version: 803
D/dalvikvm(  482): GC_CONCURRENT freed 336K, 13% free 2932K/3360K, paused 13ms+2ms, total 42ms
I/ContactsProviderV1(  482): Bootstrapping database legacy support
I/ContactsProvider(  482): Locale has changed from null to en_US
I/ContactsDatabaseHelper(  482): Switching to locale en_US (ICU v51.1.0.1)
D/dalvikvm(  482): GC_CONCURRENT freed 342K, 13% free 3015K/3444K, paused 3ms+2ms, total 46ms
I/ContactsDatabaseHelper(  482): Locale change completed in 459ms
I/ContactsDatabaseHelper(  482): Switching to locale en_US (ICU v51.1.0.1)
D/dalvikvm(  482): GC_CONCURRENT freed 362K, 13% free 3052K/3504K, paused 4ms+3ms, total 48ms
I/ContactsDatabaseHelper(  482): Locale change completed in 469ms
I/ActivityManager(  361): Start proc android.process.media for broadcast com.android.providers.media/.MediaUpgradeReceiver: pid=498 uid=10005 gids={50005, 1028, 1015, 1023, 1024, 2001, 3003, 3007}
I/ActivityManager(  361): Launching preboot mode app: ProcessRecord{b35a5070 498:android.process.media/u0a5}
D/dalvikvm(  361): GC_CONCURRENT freed 433K, 62% free 5162K/13288K, paused 5ms+4ms, total 57ms
I/ActivityManager(  361): Writing new set of last done pre-boot receivers...
I/ActivityManager(  361): Removing system update proc: ProcessRecord{b2d7e3e8 460:com.android.providers.calendar/u0a1}
I/ActivityManager(  361): Killing 460:com.android.providers.calendar/u0a1 (adj 13): system update done
I/ActivityManager(  361): Removing system update proc: ProcessRecord{b3453f38 482:android.process.acore/u0a2}
I/ActivityManager(  361): Killing 482:android.process.acore/u0a2 (adj 11): system update done
I/ActivityManager(  361): Removing system update proc: ProcessRecord{b35a5070 498:android.process.media/u0a5}
I/ActivityManager(  361): Killing 498:android.process.media/u0a5 (adj 9): system update done
I/ActivityManager(  361): System now ready
I/SystemServer(  361): Making services ready
D/NetworkManagementService(  361): enabling bandwidth control
I/Vold    (   52): /dev/block/vold/179:0 being considered for volume sdcard
D/Vold    (   52): Volume sdcard state changing 1 (Idle-Unmounted) -> 3 (Checking)
D/MountService(  361): volume state changed for /storage/sdcard (unmounted -> checking)
D/MountService(  361): sendStorageIntent Intent { act=android.intent.action.MEDIA_CHECKING dat=file:///storage/sdcard (has extras) } to UserHandle{-1}
D/SystemUIService(  449): loading: class com.android.systemui.recent.Recents
D/SystemUIService(  449): running: com.android.systemui.recent.Recents@b2d9f010
D/SystemUIService(  449): loading: class com.android.systemui.statusbar.SystemBars
D/SystemUIService(  449): running: com.android.systemui.statusbar.SystemBars@b2d9f5f8
I/fsck_msdos(   52): ** /dev/block/vold/179:0
I/fsck_msdos(   52): Invalid signature in fsinfo block
I/fsck_msdos(   52): FIXED
D/SystemUIService(  449): loading: class com.android.systemui.usb.StorageNotification
D/SystemUIService(  449): running: com.android.systemui.usb.StorageNotification@b2da1348
I/fsck_msdos(   52): ** Phase 1 - Read and Compare FATs
I/fsck_msdos(   52): Attempting to allocate 794 KB for FAT
D/SystemUIService(  449): loading: class com.android.systemui.power.PowerUI
D/SystemUIService(  449): running: com.android.systemui.power.PowerUI@b2da29a8
D/SystemUIService(  449): loading: class com.android.systemui.media.RingtonePlayer
D/SystemUIService(  449): running: com.android.systemui.media.RingtonePlayer@b2da3788
D/SystemUIService(  449): loading: class com.android.systemui.settings.SettingsUI
D/SystemUIService(  449): running: com.android.systemui.settings.SettingsUI@b2da4a70
I/fsck_msdos(   52): Attempting to allocate 794 KB for FAT
D/PhoneStatusBar(  449): mSettingsPanelGravity = 55
I/StatusBarManagerService(  361): registerStatusBar bar=com.android.internal.statusbar.IStatusBar$Stub$Proxy@b33e56e8
I/fsck_msdos(   52): ** Phase 2 - Check Cluster Chains
I/fsck_msdos(   52): ** Phase 3 - Checking Directories
I/fsck_msdos(   52): ** Phase 4 - Checking for Lost Files
I/fsck_msdos(   52): Free space in FSInfo block (201592) not correct (201591)
I/fsck_msdos(   52): FIXED
I/fsck_msdos(   52): 1 files, 100795 free (201591 clusters)
I/Vold    (   52): Filesystem check completed OK
D/dalvikvm(  449): GC_CONCURRENT freed 284K, 12% free 2829K/3200K, paused 5ms+4ms, total 198ms
W/Vold    (   52): blkid failed to identify /dev/block/vold/179:0
D/Vold    (   52): Volume sdcard state changing 3 (Checking) -> 4 (Mounted)
I/PackageManager(  361): Updating external media status from unmounted to mounted
D/MountService(  361): volume state changed for /storage/sdcard (checking -> mounted)
E/VoldConnector(  361): NDC Command {3 volume mount /storage/sdcard} took too long (715ms)
D/MountService(  361): sendStorageIntent Intent { act=android.intent.action.MEDIA_MOUNTED dat=file:///storage/sdcard (has extras) } to UserHandle{-1}
I/PackageManager(  361): No secure containers on sdcard
D/dalvikvm(  449): GC_FOR_ALLOC freed 35K, 8% free 2947K/3200K, paused 41ms, total 52ms
W/PackageManager(  361): Not granting permission android.permission.GLOBAL_SEARCH to package com.android.quicksearchbox (protectionLevel=18 flags=0x88be45)
W/PackageManager(  361): Unknown permission com.android.smspush.WAPPUSH_MANAGER_BIND in package com.android.phone
W/PackageManager(  361): Unknown permission com.google.android.googleapps.permission.GOOGLE_AUTH in package com.android.providers.calendar
W/PackageManager(  361): Unknown permission com.google.android.googleapps.permission.GOOGLE_AUTH.cl in package com.android.providers.calendar
W/PackageManager(  361): Unknown permission com.google.android.googleapps.permission.GOOGLE_AUTH.mail in package com.android.calendar
W/PackageManager(  361): Not granting permission android.permission.ACCESS_DOWNLOAD_MANAGER to package com.android.browser (protectionLevel=18 flags=0x89be45)
W/PackageManager(  361): Not granting permission android.permission.SEND_DOWNLOAD_COMPLETED_INTENTS to package com.android.browser (protectionLevel=2 flags=0x89be45)
W/PackageManager(  361): Not granting permission android.permission.BIND_APPWIDGET to package com.android.widgetpreview (protectionLevel=18 flags=0x8be44)
W/PackageManager(  361): Unknown permission android.permission.INSTALL_DRM in package com.android.mms
W/PackageManager(  361): Unknown permission com.google.android.googleapps.permission.GOOGLE_AUTH in package com.android.settings
W/PackageManager(  361): Unknown permission com.google.android.googleapps.permission.ACCESS_GOOGLE_PASSWORD in package com.android.development
W/PackageManager(  361): Unknown permission com.google.android.googleapps.permission.GOOGLE_AUTH in package com.android.development
W/PackageManager(  361): Unknown permission com.google.android.googleapps.permission.GOOGLE_AUTH.ALL_SERVICES in package com.android.development
W/PackageManager(  361): Unknown permission com.google.android.googleapps.permission.GOOGLE_AUTH.YouTubeUser in package com.android.development
W/PackageManager(  361): Not granting permission android.permission.DELETE_PACKAGES to package com.svox.pico (protectionLevel=18 flags=0x88be45)
W/PackageManager(  361): Not granting permission android.permission.DEVICE_POWER to package com.android.deskclock (protectionLevel=2 flags=0xc8be45)
D/dalvikvm(  361): GC_CONCURRENT freed 530K, 62% free 5127K/13288K, paused 6ms+5ms, total 192ms
E/BluetoothAdapter(  449): Bluetooth binder is null
E/BluetoothAdapter(  449): Bluetooth binder is null
D/dalvikvm(  449): GC_CONCURRENT freed 58K, 6% free 3301K/3476K, paused 6ms+2ms, total 89ms
E/BluetoothAdapter(  449): Bluetooth binder is null
E/BluetoothAdapter(  449): Bluetooth binder is null
I/ActivityManager(  361): Start proc android.process.acore for content provider com.android.providers.contacts/.ContactsProvider2: pid=550 uid=10002 gids={50002, 3003, 1028, 1015}
D/PhoneStatusBar(  449): disable: < expand icons alerts ticker system_info back home recent clock search >
E/BluetoothAdapter(  449): Bluetooth binder is null
E/NetdConnector(  361): NDC Command {1 bandwidth enable} took too long (3206ms)
D/PhoneStatusBar(  449): heads up is disabled
I/Choreographer(  449): Skipped 489 frames!  The application may be doing too much work on its main thread.
E/NetdConnector(  361): NDC Command {2 firewall disable} took too long (515ms)
D/dalvikvm(  449): GC_CONCURRENT freed 136K, 6% free 3554K/3780K, paused 25ms+51ms, total 149ms
I/Choreographer(  449): Skipped 269 frames!  The application may be doing too much work on its main thread.
D/gralloc_goldfish(  449): Emulator without GPU emulation detected.
I/Choreographer(  449): Skipped 73 frames!  The application may be doing too much work on its main thread.
D/dalvikvm(  550): GC_CONCURRENT freed 214K, 10% free 2995K/3296K, paused 17ms+253ms, total 554ms
D/dalvikvm(  550): WAIT_FOR_CONCURRENT_GC blocked 319ms
D/dalvikvm(  550): WAIT_FOR_CONCURRENT_GC blocked 304ms
E/NetdConnector(  361): NDC Command {5 firewall disable} took too long (569ms)
I/ActivityManager(  361): Config changes=200 {1.0 ?mcc?mnc en_US ldltr sw480dp w480dp h839dp 160dpi lrg long port finger -keyb/h/h tball/v s.4}
W/RecognitionManagerService(  361): no available voice recognition services found for user 0
D/PhoneStatusBar(  449): mSettingsPanelGravity = 55
W/AppWidgetServiceImpl(  361): Failed to read state: java.io.FileNotFoundException: /data/system/users/0/appwidgets.xml: open failed: ENOENT (No such file or directory)
W/InputMethodManagerService(  361): Ignoring setImeWindowStatus of uid 1000 token: null
W/InputMethodUtils(  361): Found no subtypes in a system IME: com.android.inputmethod.pinyin
W/InputMethodManagerService(  361): Reset the default IME as "Resource" is ready here.
W/InputMethodUtils(  361): Found no subtypes in a system IME: com.android.inputmethod.pinyin
I/InputMethodManagerService(  361): Selected default: com.android.inputmethod.latin/.LatinIME
I/ActivityManager(  361): Config changes=20 {1.0 ?mcc?mnc en_US ldltr sw480dp w480dp h839dp 160dpi lrg long port finger -keyb/v/h tball/v s.5}
D/SettingsProvider(  361): User 0 external modification to /data/data/com.android.providers.settings/databases/settings.db; event=2
D/SettingsProvider(  361): User 0 updating our caches for /data/data/com.android.providers.settings/databases/settings.db
D/dalvikvm(  361): GC_CONCURRENT freed 492K, 61% free 5244K/13288K, paused 25ms+16ms, total 224ms
D/dalvikvm(  361): WAIT_FOR_CONCURRENT_GC blocked 65ms
D/dalvikvm(  361): WAIT_FOR_CONCURRENT_GC blocked 67ms
D/dalvikvm(  361): WAIT_FOR_CONCURRENT_GC blocked 82ms
D/dalvikvm(  449): GC_FOR_ALLOC freed 95K, 6% free 3562K/3780K, paused 52ms, total 86ms
I/ActivityManager(  361): Start proc com.android.inputmethod.latin for service com.android.inputmethod.latin/.LatinIME: pid=591 uid=10029 gids={50029, 1028, 1015}
V/InputMethodManagerService(  361): Adding window token: android.os.Binder@b2dc6730
W/GpsLocationProvider(  361): Could not open GPS configuration file /etc/gps.conf
W/ServiceWatcher(  361): com.google.android.location not found
W/ServiceWatcher(  361): com.google.android.location not found
W/ServiceWatcher(  361): com.google.android.location not found
W/LocationManagerService(  361): no network location provider found
W/ServiceWatcher(  361): com.google.android.location not found
E/FlpHardwareProvider(  361): Error hw_get_module 'flp': -2
W/ServiceWatcher(  361): com.google.android.location not found
E/FlpHardwareProvider(  361): Error hw_get_module 'flp': -2
W/ServiceWatcher(  361): com.google.android.location not found
E/LocationManagerService(  361): no geocoder provider found
E/LocationManagerService(  361): No FusedProvider found.
E/LocationManagerService(  361): no geofence provider found
W/InputMethodManagerService(  361): Illegal subtype state: old subtype = null, new subtype = android.view.inputmethod.InputMethodSubtype@c9194f98
I/CommonTimeManagementService(  361): No common time service detected on this platform.  Common time services will be unavailable.
I/InputReader(  361): Reconfiguring input devices.  changes=0x00000020
I/InputReader(  361): Reconfiguring input devices.  changes=0x00000010
I/ActivityManager(  361): Start proc com.android.phone for added application com.android.phone: pid=603 uid=1001 gids={41001, 3002, 3001, 3003, 1028, 1015}
I/dalvikvm-heap(  449): Grow heap (frag case) to 6.491MB for 3072016-byte allocation
I/ActivityManager(  361): START u0 {act=android.intent.action.MAIN cat=[android.intent.category.HOME] flg=0x10000000 cmp=com.android.settings/.CryptKeeper} from pid 0
I/ActivityManager(  361): Start proc com.android.settings for activity com.android.settings/.CryptKeeper: pid=613 uid=1000 gids={41000, 1028, 1015, 3002, 3001, 3003}
I/ActivityManager(  361): Start proc android.process.media for broadcast com.android.providers.downloads/.DownloadReceiver: pid=625 uid=10005 gids={50005, 1028, 1015, 1023, 1024, 2001, 3003, 3007}
D/dalvikvm(   58): GC_EXPLICIT freed 38K, 5% free 2705K/2832K, paused 14ms+13ms, total 74ms
D/dalvikvm(   58): GC_EXPLICIT freed <1K, 5% free 2705K/2832K, paused 3ms+12ms, total 58ms
D/dalvikvm(   58): GC_EXPLICIT freed <1K, 5% free 2705K/2832K, paused 3ms+2ms, total 68ms
D/dalvikvm(  449): GC_FOR_ALLOC freed 4K, 4% free 6558K/6784K, paused 392ms, total 392ms
D/dalvikvm(  449): GC_CONCURRENT freed 1K, 4% free 6561K/6784K, paused 4ms+3ms, total 117ms
D/dalvikvm(  449): GC_FOR_ALLOC freed 3001K, 6% free 3563K/3780K, paused 57ms, total 58ms
I/dalvikvm-heap(  449): Grow heap (frag case) to 6.493MB for 3072016-byte allocation
I/ActivityManager(  361): START u0 {act=android.intent.action.MAIN cat=[android.intent.category.HOME] flg=0x10000000 cmp=com.android.sdksetup/.DefaultActivity} from pid 0
D/dalvikvm(  449): GC_CONCURRENT freed <1K, 4% free 6563K/6784K, paused 73ms+3ms, total 214ms
I/ActivityManager(  361): Start proc com.android.sdksetup for activity com.android.sdksetup/.DefaultActivity: pid=648 uid=10042 gids={50042}
W/WindowManager(  361): Window freeze timeout expired.
W/WindowManager(  361): Force clearing orientation change: Window{b335b0b8 u0 StatusBar}
W/WindowManager(  361): Force clearing orientation change: Window{b344bb28 u0 com.android.systemui.ImageWallpaper}
D/PhoneStatusBar(  449): mSettingsPanelGravity = 55
V/StatusBar(  449): userId 0 is in the house
D/dalvikvm(  361): GC_CONCURRENT freed 496K, 59% free 5474K/13288K, paused 158ms+17ms, total 631ms
I/Choreographer(  449): Skipped 77 frames!  The application may be doing too much work on its main thread.
I/LatinIME(  591): Hardware accelerated drawing: true
I/ActivityManager(  361): Force stopping com.android.sdksetup appid=10042 user=0: pkg changed
I/ActivityManager(  361): Killing 648:com.android.sdksetup/u0a42 (adj 0): stop com.android.sdksetup
I/ActivityManager(  361):   Force finishing activity ActivityRecord{b33a00e8 u0 com.android.sdksetup/.DefaultActivity t2}
I/ActivityManager(  361): START u0 {act=android.intent.action.MAIN cat=[android.intent.category.HOME] flg=0x10000000 cmp=com.android.launcher/com.android.launcher2.Launcher} from pid 0
I/ActivityManager(  361): Start proc com.android.launcher for activity com.android.launcher/com.android.launcher2.Launcher: pid=672 uid=10008 gids={50008}
W/BackupManagerService(  361): dataChanged but no participant pkg='com.android.providers.settings' uid=1001
I/InputReader(  361): Reconfiguring input devices.  changes=0x00000010
I/PackageManager(  361):   Action: "android.intent.action.SENDTO"
I/PackageManager(  361):   Category: "android.intent.category.DEFAULT"
I/PackageManager(  361):   Scheme: "sms"
I/PackageManager(  361): Adding preferred activity ComponentInfo{com.android.mms/com.android.mms.ui.ComposeMessageActivity} for user 0 :
I/PackageManager(  361):   Action: "android.intent.action.SENDTO"
I/PackageManager(  361):   Category: "android.intent.category.DEFAULT"
I/PackageManager(  361):   Scheme: "smsto"
I/PackageManager(  361): Adding preferred activity ComponentInfo{com.android.mms/com.android.mms.ui.ComposeMessageActivity} for user 0 :
I/PackageManager(  361):   Action: "android.intent.action.SENDTO"
I/PackageManager(  361):   Category: "android.intent.category.DEFAULT"
I/PackageManager(  361):   Scheme: "mms"
I/PackageManager(  361): Adding preferred activity ComponentInfo{com.android.mms/com.android.mms.ui.ComposeMessageActivity} for user 0 :
D/dalvikvm(  603): GC_CONCURRENT freed 179K, 9% free 2935K/3196K, paused 6ms+38ms, total 435ms
D/dalvikvm(  361): GC_CONCURRENT freed 702K, 59% free 5467K/13288K, paused 10ms+5ms, total 342ms
D/dalvikvm(  361): WAIT_FOR_CONCURRENT_GC blocked 310ms
D/dalvikvm(  361): WAIT_FOR_CONCURRENT_GC blocked 311ms
D/dalvikvm(  361): WAIT_FOR_CONCURRENT_GC blocked 314ms
D/dalvikvm(  361): WAIT_FOR_CONCURRENT_GC blocked 197ms
I/PackageManager(  361):   Action: "android.intent.action.SENDTO"
I/PackageManager(  361):   Category: "android.intent.category.DEFAULT"
I/PackageManager(  361):   Scheme: "mmsto"
I/PackageManager(  361): Adding preferred activity ComponentInfo{com.android.mms/com.android.mms.ui.ComposeMessageActivity} for user 0 :
I/PackageManager(  361):   Action: "android.intent.action.SENDTO"
I/PackageManager(  361):   Category: "android.intent.category.DEFAULT"
I/PackageManager(  361):   Scheme: "sms"
I/PackageManager(  361): Adding preferred activity ComponentInfo{com.android.mms/com.android.mms.ui.ComposeMessageActivity} for user 0 :
I/PackageManager(  361):   Action: "android.intent.action.SENDTO"
I/PackageManager(  361):   Category: "android.intent.category.DEFAULT"
I/PackageManager(  361):   Scheme: "smsto"
I/PackageManager(  361): Adding preferred activity ComponentInfo{com.android.mms/com.android.mms.ui.ComposeMessageActivity} for user 0 :
I/PackageManager(  361):   Action: "android.intent.action.SENDTO"
I/PackageManager(  361):   Category: "android.intent.category.DEFAULT"
I/PackageManager(  361):   Scheme: "mms"
I/PackageManager(  361): Adding preferred activity ComponentInfo{com.android.mms/com.android.mms.ui.ComposeMessageActivity} for user 0 :
I/PackageManager(  361):   Action: "android.intent.action.SENDTO"
I/PackageManager(  361):   Category: "android.intent.category.DEFAULT"
I/PackageManager(  361):   Scheme: "mmsto"
I/PackageManager(  361): Adding preferred activity ComponentInfo{com.android.mms/com.android.mms.ui.ComposeMessageActivity} for user 0 :
E/BluetoothAdapter(  603): Bluetooth binder is null
W/InputAttributes(  591): No editor info for this field. Bug?
E/BluetoothAdapter(  603): Bluetooth binder is null
I/ResourceUtils(  591): Found default value: resource=keypress_vibration_durations build=[HARDWARE=goldfish MODEL=sdk BRAND=generic MANUFACTURER=unknown] default=-1
I/ResourceUtils(  591): Found default value: resource=keypress_volumes build=[HARDWARE=goldfish MODEL=sdk BRAND=generic MANUFACTURER=unknown] default=-1.0f
D/dalvikvm(  591): GC_CONCURRENT freed 230K, 10% free 2899K/3220K, paused 43ms+32ms, total 223ms
D/CallNotifier(  603): CallNotifier: mSignalInfoToneGenerator created when toneplay
E/BluetoothAdapter(  603): Bluetooth binder is null
D/dalvikvm(  591): GC_CONCURRENT freed 424K, 15% free 2954K/3468K, paused 3ms+2ms, total 57ms
