W/Launcher.LauncherProvider(  680): 	at com.android.launcher2.LauncherModel$LoaderTask.loadWorkspace(LauncherModel.java:1278)
W/Launcher.LauncherProvider(  680): 	at com.android.launcher2.LauncherModel$LoaderTask.loadAndBindWorkspace(LauncherModel.java:1020)
W/Launcher.LauncherProvider(  680): 	at com.android.launcher2.LauncherModel$LoaderTask.run(LauncherModel.java:1126)
W/Launcher.LauncherProvider(  680): 	at android.os.Handler.handleCallback(Handler.java:733)
W/Launcher.LauncherProvider(  680): 	at android.os.Handler.dispatchMessage(Handler.java:95)
W/Launcher.LauncherProvider(  680): 	at android.os.Looper.loop(Looper.java:136)
W/Launcher.LauncherProvider(  680): 	at android.os.HandlerThread.run(HandlerThread.java:61)
W/Launcher.LauncherProvider(  680): Unable to add favorite: com.android.gallery3d/com.android.gallery3d.app.Gallery
W/Launcher.LauncherProvider(  680): android.content.pm.PackageManager$NameNotFoundException: ComponentInfo{com.android.gallery3d/com.android.gallery3d.app.Gallery}
W/Launcher.LauncherProvider(  680): 	at android.app.ApplicationPackageManager.getActivityInfo(ApplicationPackageManager.java:242)
W/Launcher.LauncherProvider(  680): 	at com.android.launcher2.LauncherProvider$DatabaseHelper.addAppShortcut(LauncherProvider.java:959)
W/Launcher.LauncherProvider(  680): 	at com.android.launcher2.LauncherProvider$DatabaseHelper.loadFavorites(LauncherProvider.java:863)
W/Launcher.LauncherProvider(  680): 	at com.android.launcher2.LauncherProvider$DatabaseHelper.access$000(LauncherProvider.java:253)
W/Launcher.LauncherProvider(  680): 	at com.android.launcher2.LauncherProvider.loadDefaultFavoritesIfNecessary(LauncherProvider.java:237)
W/Launcher.LauncherProvider(  680): 	at com.android.launcher2.LauncherModel$LoaderTask.loadWorkspace(LauncherModel.java:1278)
W/Launcher.LauncherProvider(  680): 	at com.android.launcher2.LauncherModel$LoaderTask.loadAndBindWorkspace(LauncherModel.java:1020)
W/Launcher.LauncherProvider(  680): 	at com.android.launcher2.LauncherModel$LoaderTask.run(LauncherModel.java:1126)
W/Launcher.LauncherProvider(  680): 	at android.os.Handler.handleCallback(Handler.java:733)
W/Launcher.LauncherProvider(  680): 	at android.os.Handler.dispatchMessage(Handler.java:95)
W/Launcher.LauncherProvider(  680): 	at android.os.Looper.loop(Looper.java:136)
W/Launcher.LauncherProvider(  680): 	at android.os.HandlerThread.run(HandlerThread.java:61)
D/MobileDataStateTracker(  366): fota: Broadcast received: android.intent.action.ANY_DATA_STATE apnType=fota
D/MobileDataStateTracker(  366): fota: Received state=DISCONNECTED, old=DISCONNECTED, reason=simLoaded
D/MobileDataStateTracker(  366): ia: Broadcast received: android.intent.action.ANY_DATA_STATE apnType=ia
D/MobileDataStateTracker(  366): ia: Received state=DISCONNECTED, old=DISCONNECTED, reason=simLoaded
D/MobileDataStateTracker(  366): supl: Broadcast received: android.intent.action.ANY_DATA_STATE apnType=supl
D/MobileDataStateTracker(  366): supl: Received state=DISCONNECTED, old=DISCONNECTED, reason=simLoaded
D/MobileDataStateTracker(  366): hipri: Broadcast received: android.intent.action.ANY_DATA_STATE apnType=hipri
D/MobileDataStateTracker(  366): hipri: Received state=DISCONNECTED, old=DISCONNECTED, reason=simLoaded
D/MobileDataStateTracker(  366): ims: Broadcast received: android.intent.action.ANY_DATA_STATE apnType=ims
D/MobileDataStateTracker(  366): ims: Received state=DISCONNECTED, old=DISCONNECTED, reason=simLoaded
D/MobileDataStateTracker(  366): mms: Broadcast received: android.intent.action.ANY_DATA_STATE apnType=mms
D/MobileDataStateTracker(  366): mms: Received state=DISCONNECTED, old=DISCONNECTED, reason=simLoaded
D/MobileDataStateTracker(  366): cbs: Broadcast received: android.intent.action.ANY_DATA_STATE apnType=cbs
D/MobileDataStateTracker(  366): cbs: Received state=DISCONNECTED, old=DISCONNECTED, reason=simLoaded
D/dalvikvm(  680): GC_CONCURRENT freed 244K, 8% free 3907K/4220K, paused 2ms+71ms, total 215ms
D/dalvikvm(  594): GC_CONCURRENT freed 467K, 14% free 3307K/3840K, paused 80ms+34ms, total 150ms
D/MobileDataStateTracker(  366): default: Broadcast received: android.intent.action.ANY_DATA_STATE apnType=default
D/MobileDataStateTracker(  366): default: Received state=CONNECTING, old=DISCONNECTED, reason=simLoaded
D/MobileDataStateTracker(  366): default: setDetailed state, old =IDLE and new state=CONNECTING
D/MobileDataStateTracker(  366): fota: Broadcast received: android.intent.action.ANY_DATA_STATE apnType=fota
D/MobileDataStateTracker(  366): fota: Received state=DISCONNECTED, old=DISCONNECTED, reason=simLoaded
D/MobileDataStateTracker(  366): ia: Broadcast received: android.intent.action.ANY_DATA_STATE apnType=ia
D/MobileDataStateTracker(  366): ia: Received state=DISCONNECTED, old=DISCONNECTED, reason=simLoaded
D/MobileDataStateTracker(  366): supl: Broadcast received: android.intent.action.ANY_DATA_STATE apnType=supl
D/MobileDataStateTracker(  366): supl: Received state=DISCONNECTED, old=DISCONNECTED, reason=simLoaded
D/MobileDataStateTracker(  366): hipri: Broadcast received: android.intent.action.ANY_DATA_STATE apnType=hipri
D/MobileDataStateTracker(  366): hipri: Received state=DISCONNECTED, old=DISCONNECTED, reason=simLoaded
D/MobileDataStateTracker(  366): ims: Broadcast received: android.intent.action.ANY_DATA_STATE apnType=ims
D/MobileDataStateTracker(  366): ims: Received state=DISCONNECTED, old=DISCONNECTED, reason=simLoaded
D/MobileDataStateTracker(  366): mms: Broadcast received: android.intent.action.ANY_DATA_STATE apnType=mms
D/MobileDataStateTracker(  366): mms: Received state=DISCONNECTED, old=DISCONNECTED, reason=simLoaded
D/MobileDataStateTracker(  366): cbs: Broadcast received: android.intent.action.ANY_DATA_STATE apnType=cbs
D/MobileDataStateTracker(  366): cbs: Received state=DISCONNECTED, old=DISCONNECTED, reason=simLoaded
D/dalvikvm(  366): GC_CONCURRENT freed 488K, 57% free 5569K/12732K, paused 4ms+4ms, total 167ms
D/dalvikvm(  366): WAIT_FOR_CONCURRENT_GC blocked 100ms
D/MobileDataStateTracker(  366): default: Broadcast received: android.intent.action.ANY_DATA_STATE apnType=default
D/MobileDataStateTracker(  366): default: Received state=CONNECTED, old=CONNECTING, reason=connected
D/MobileDataStateTracker(  366): default: setDetailed state, old =CONNECTING and new state=CONNECTED
D/ConnectivityService(  366): ConnectivityChange for mobile: CONNECTED/CONNECTED
D/ConnectivityService(  366): ConnectivityChange checkMobileProvisioning for TYPE_MOBILE or ProvisioningNetwork
D/ConnectivityService(  366): checkMobileProvisioning: E suggestedTimeOutMs=60000
D/ConnectivityService(  366): setProvNotificationVisible: E visible=false networkType=5 extraInfo=null url=null
D/ConnectivityService(  366): checkMobileProvisioning: params={ url=http://clients3.google.com/generate_204 mTimeOutMs=60000 mCb=com.android.server.ConnectivityService$5@b33b14c0}
D/ConnectivityService(  366): checkMobileProvisioning: X
D/Nat464Xlat(  366): requiresClat: netType=0, hasIPv4Address=true
I/NetworkPolicy(  366): no policy for active mobile network; generating default policy
D/MobileDataStateTracker(  366): default: setPolicyDataEnable(enabled=true)
D/MobileDataStateTracker(  366): default: isProvisioningNetwork: retVal=false
D/ConnectivityService(  366): [CheckMp] isMobileOk: isDefaultProvisioning=false
D/MobileDataStateTracker(  366): hipri: isProvisioningNetwork: retVal=false
D/ConnectivityService(  366): [CheckMp] isMobileOk: isHipriProvisioning=false
D/ConnectivityService(  366): [CheckMp] isMobileOk: start hipri url=http://clients3.google.com/generate_204
D/Launcher.Model(  680): Reload apps on config change. curr_mcc:310 prevmcc:0
I/Choreographer(  680): Skipped 310 frames!  The application may be doing too much work on its main thread.
I/Choreographer(  680): Skipped 71 frames!  The application may be doing too much work on its main thread.
D/gralloc_goldfish(  680): Emulator without GPU emulation detected.
D/dalvikvm(  580): GC_CONCURRENT freed 298K, 14% free 3078K/3552K, paused 2ms+20ms, total 127ms
D/dalvikvm(  680): GC_FOR_ALLOC freed 236K, 8% free 4042K/4352K, paused 64ms, total 86ms
I/dalvikvm-heap(  680): Grow heap (frag case) to 5.546MB for 1610896-byte allocation
W/ActivityManager(  366): Launch timeout has expired, giving up wake lock!
D/dalvikvm(  680): GC_FOR_ALLOC freed 5K, 6% free 5610K/5928K, paused 97ms, total 97ms
E/NetdConnector(  366): NDC Command {11 bandwidth setiquota eth0 9223372036854775807} took too long (1732ms)
D/dalvikvm(  680): GC_CONCURRENT freed 25K, 6% free 5585K/5928K, paused 6ms+2ms, total 224ms
D/dalvikvm(  680): WAIT_FOR_CONCURRENT_GC blocked 156ms
I/dalvikvm-heap(  680): Grow heap (frag case) to 7.054MB for 1610896-byte allocation
D/dalvikvm(  680): GC_FOR_ALLOC freed <1K, 5% free 7158K/7504K, paused 55ms, total 55ms
D/dalvikvm(  680): GC_CONCURRENT freed <1K, 5% free 7200K/7548K, paused 5ms+13ms, total 67ms
I/InputReader(  366): Reconfiguring input devices.  changes=0x00000010
D/MobileDataStateTracker(  366): default: setPolicyDataEnable(enabled=true)
I/PackageManager(  366):   Action: "android.intent.action.SENDTO"
I/PackageManager(  366):   Category: "android.intent.category.DEFAULT"
I/PackageManager(  366):   Scheme: "sms"
I/PackageManager(  366): Adding preferred activity ComponentInfo{com.android.mms/com.android.mms.ui.ComposeMessageActivity} for user 0 :
D/dalvikvm(  442): GC_FOR_ALLOC freed 3112K, 47% free 3586K/6764K, paused 133ms, total 135ms
I/dalvikvm-heap(  442): Grow heap (frag case) to 6.491MB for 3072016-byte allocation
D/dalvikvm(  366): GC_CONCURRENT freed 557K, 55% free 5732K/12732K, paused 438ms+15ms, total 584ms
D/dalvikvm(  366): WAIT_FOR_CONCURRENT_GC blocked 87ms
D/dalvikvm(  366): WAIT_FOR_CONCURRENT_GC blocked 91ms
D/dalvikvm(  366): WAIT_FOR_CONCURRENT_GC blocked 91ms
D/dalvikvm(  366): WAIT_FOR_CONCURRENT_GC blocked 84ms
D/dalvikvm(  366): WAIT_FOR_CONCURRENT_GC blocked 83ms
D/dalvikvm(  366): WAIT_FOR_CONCURRENT_GC blocked 86ms
I/ActivityManager(  366): Displayed com.android.launcher/com.android.launcher2.Launcher: +9s68ms (total +12s467ms)
W/WindowManager(  366): App freeze timeout expired.
E/NetdConnector(  366): NDC Command {12 bandwidth gettetherstats} took too long (2089ms)
I/PackageManager(  366):   Action: "android.intent.action.SENDTO"
I/PackageManager(  366):   Category: "android.intent.category.DEFAULT"
I/PackageManager(  366):   Scheme: "smsto"
I/PackageManager(  366): Adding preferred activity ComponentInfo{com.android.mms/com.android.mms.ui.ComposeMessageActivity} for user 0 :
W/WindowManager(  366): Window freeze timeout expired.
W/WindowManager(  366): Force clearing orientation change: Window{b30ea6f0 u0 com.android.systemui.ImageWallpaper}
I/WindowManager(  366): Screen frozen for +5s461ms due to Window{b30ea6f0 u0 com.android.systemui.ImageWallpaper}
D/dalvikvm(  442): GC_FOR_ALLOC freed 2K, 3% free 6583K/6764K, paused 510ms, total 510ms
D/dalvikvm(  594): GC_CONCURRENT freed 399K, 14% free 3335K/3840K, paused 14ms+2ms, total 382ms
D/Tethering(  366): MasterInitialState.processMessage what=3
D/CaptivePortalTracker(  366): NoActiveNetworkState{ when=-3ms what=1 obj=NetworkInfo: type: mobile[UMTS], state: CONNECTED/CONNECTED, reason: connected, extra: epc.tmobile.com, roaming: false, failover: false, isAvailable: true, isConnectedToProvisioningNetwork: false target=com.android.internal.util.StateMachine$SmHandler }
D/CaptivePortalTracker(  366): NoActiveNetworkState not a wifi connectivity change, ignore
I/PackageManager(  366):   Action: "android.intent.action.SENDTO"
I/PackageManager(  366):   Category: "android.intent.category.DEFAULT"
I/PackageManager(  366):   Scheme: "mms"
I/PackageManager(  366): Adding preferred activity ComponentInfo{com.android.mms/com.android.mms.ui.ComposeMessageActivity} for user 0 :
D/dalvikvm(  442): GC_CONCURRENT freed 2K, 3% free 6581K/6764K, paused 4ms+3ms, total 437ms
E/NetdConnector(  366): NDC Command {13 bandwidth removeiquota eth0} took too long (911ms)
I/Choreographer(  366): Skipped 50 frames!  The application may be doing too much work on its main thread.
I/Choreographer(  366): Skipped 39 frames!  The application may be doing too much work on its main thread.
I/ARMAssembler(   58): generated scanline__00000077:03515104_00009001_00000000 [131 ipp] (153 ins) at [0xb5a45410:0xb5a45674] in 10000000 ns
I/PackageManager(  366):   Action: "android.intent.action.SENDTO"
I/PackageManager(  366):   Category: "android.intent.category.DEFAULT"
I/PackageManager(  366):   Scheme: "mmsto"
I/PackageManager(  366): Adding preferred activity ComponentInfo{com.android.mms/com.android.mms.ui.ComposeMessageActivity} for user 0 :
I/PackageManager(  366):   Action: "android.intent.action.SENDTO"
I/PackageManager(  366):   Category: "android.intent.category.DEFAULT"
I/PackageManager(  366):   Scheme: "sms"
I/PackageManager(  366): Adding preferred activity ComponentInfo{com.android.mms/com.android.mms.ui.ComposeMessageActivity} for user 0 :
I/PackageManager(  366):   Action: "android.intent.action.SENDTO"
I/PackageManager(  366):   Category: "android.intent.category.DEFAULT"
I/PackageManager(  366):   Scheme: "smsto"
I/PackageManager(  366): Adding preferred activity ComponentInfo{com.android.mms/com.android.mms.ui.ComposeMessageActivity} for user 0 :
I/PackageManager(  366):   Action: "android.intent.action.SENDTO"
I/PackageManager(  366):   Category: "android.intent.category.DEFAULT"
I/PackageManager(  366):   Scheme: "mms"
I/PackageManager(  366): Adding preferred activity ComponentInfo{com.android.mms/com.android.mms.ui.ComposeMessageActivity} for user 0 :
D/dalvikvm(  366): GC_EXPLICIT freed 808K, 57% free 5601K/12732K, paused 7ms+27ms, total 690ms
I/SurfaceFlinger(   58): Boot is finished (75322 ms)
D/dalvikvm(  594): GC_CONCURRENT freed 382K, 14% free 3378K/3912K, paused 162ms+60ms, total 1463ms
D/dalvikvm(  594): WAIT_FOR_CONCURRENT_GC blocked 1277ms
W/ProcessCpuTracker(  366): Skipping unknown process pid 782
I/Choreographer(  366): Skipped 121 frames!  The application may be doing too much work on its main thread.
I/PackageManager(  366):   Action: "android.intent.action.SENDTO"
I/PackageManager(  366):   Category: "android.intent.category.DEFAULT"
I/PackageManager(  366):   Scheme: "mmsto"
I/PackageManager(  366): Adding preferred activity ComponentInfo{com.android.mms/com.android.mms.ui.ComposeMessageActivity} for user 0 :
E/NetdConnector(  366): NDC Command {14 bandwidth setiquota eth0 9223372036854775807} took too long (4998ms)
D/MobileDataStateTracker(  366): default: setPolicyDataEnable(enabled=true)
D/ConnectivityService(  366): startUsingNetworkFeature reconnecting to 0: enableHIPRI
D/ConnectivityService(  366): startUsingNetworkFeature X: return APN_REQUEST_STARTED
E/ConnectivityService(  366): startUsingNetworkFeature took too long: 8375ms
D/ConnectivityService(  366): [CheckMp] isMobileOk: hipri started
D/ConnectivityService(  366): [CheckMp] isMobileOk: not connected ni=NetworkInfo: type: mobile_hipri[UMTS], state: DISCONNECTED/IDLE, reason: (unspecified), extra: (none), roaming: false, failover: false, isAvailable: true, isConnectedToProvisioningNetwork: false
D/MobileDataStateTracker(  366): hipri: Broadcast received: android.intent.action.ANY_DATA_STATE apnType=hipri
D/MobileDataStateTracker(  366): hipri: Received state=CONNECTING, old=DISCONNECTED, reason=dataEnabled
D/MobileDataStateTracker(  366): hipri: setDetailed state, old =IDLE and new state=CONNECTING
D/MobileDataStateTracker(  366): fota: Broadcast received: android.intent.action.ANY_DATA_STATE apnType=fota
D/MobileDataStateTracker(  366): fota: Received state=DISCONNECTED, old=DISCONNECTED, reason=dataEnabled
D/MobileDataStateTracker(  366): ia: Broadcast received: android.intent.action.ANY_DATA_STATE apnType=ia
D/MobileDataStateTracker(  366): ia: Received state=DISCONNECTED, old=DISCONNECTED, reason=dataEnabled
D/MobileDataStateTracker(  366): supl: Broadcast received: android.intent.action.ANY_DATA_STATE apnType=supl
D/MobileDataStateTracker(  366): supl: Received state=DISCONNECTED, old=DISCONNECTED, reason=dataEnabled
D/MobileDataStateTracker(  366): ims: Broadcast received: android.intent.action.ANY_DATA_STATE apnType=ims
D/MobileDataStateTracker(  366): ims: Received state=DISCONNECTED, old=DISCONNECTED, reason=dataEnabled
D/MobileDataStateTracker(  366): mms: Broadcast received: android.intent.action.ANY_DATA_STATE apnType=mms
D/MobileDataStateTracker(  366): mms: Received state=DISCONNECTED, old=DISCONNECTED, reason=dataEnabled
D/MobileDataStateTracker(  366): cbs: Broadcast received: android.intent.action.ANY_DATA_STATE apnType=cbs
D/MobileDataStateTracker(  366): cbs: Received state=DISCONNECTED, old=DISCONNECTED, reason=dataEnabled
D/MobileDataStateTracker(  366): hipri: Broadcast received: android.intent.action.ANY_DATA_STATE apnType=hipri
D/MobileDataStateTracker(  366): hipri: Received state=CONNECTED, old=CONNECTING, reason=dataEnabled
D/MobileDataStateTracker(  366): hipri: setDetailed state, old =CONNECTING and new state=CONNECTED
D/ConnectivityService(  366): ConnectivityChange for mobile_hipri: CONNECTED/CONNECTED
E/logwrapper(  788): executing /system/bin/ip failed: No such file or directory
I/MediaProvider(  613): Upgrading media database from version 0 to 700, which will destroy all old data
E/ConnectivityService(  366): Exception trying to add a route: java.lang.IllegalStateException: command '21 interface fwmark exempt add 10.0.2.2/32' failed with '400 21 Failed to add exemption rule (File exists)'
E/logwrapper(  789): executing /system/bin/ip failed: No such file or directory
E/ConnectivityService(  366): Exception trying to add a route: java.lang.IllegalStateException: command '23 interface fwmark exempt add 10.0.2.3/32' failed with '400 23 Failed to add exemption rule (File exists)'
D/MobileDataStateTracker(  366): hipri: isProvisioningNetwork: retVal=false
E/logwrapper(  790): executing /system/bin/ip failed: No such file or directory
E/ConnectivityService(  366): Exception trying to add a route: java.lang.IllegalStateException: command '25 interface fwmark exempt add 10.0.2.2/32' failed with '400 25 Failed to add exemption rule (File exists)'
E/logwrapper(  791): executing /system/bin/ip failed: No such file or directory
E/ConnectivityService(  366): Exception trying to add a route: java.lang.IllegalStateException: command '27 interface fwmark exempt add 10.0.2.4/32' failed with '400 27 Failed to add exemption rule (File exists)'
E/logwrapper(  792): executing /system/bin/ip failed: No such file or directory
E/SecondaryTablController(   55): ip route add failed: /system/bin/ip route add 10.0.2.2/32 via 0.0.0.0 dev eth0 table 60
W/FrameworkListener(   55): Handler 'interface' error (No such device)
E/ConnectivityService(  366): Exception trying to add a route: java.lang.IllegalStateException: command '28 interface route add eth0 secondary 10.0.2.2 32 0.0.0.0' failed with '400 28 ip route modification failed (No such device)'
E/logwrapper(  793): executing /system/bin/ip failed: No such file or directory
E/SecondaryTablController(   55): ip route add failed: /system/bin/ip route add 0.0.0.0/0 via 10.0.2.2 dev eth0 table 60
W/FrameworkListener(   55): Handler 'interface' error (No such device)
E/ConnectivityService(  366): Exception trying to add a route: java.lang.IllegalStateException: command '29 interface route add eth0 secondary 0.0.0.0 0 10.0.2.2' failed with '400 29 ip route modification failed (No such device)'
D/Nat464Xlat(  366): requiresClat: netType=5, hasIPv4Address=true
D/MobileDataStateTracker(  366): default: setPolicyDataEnable(enabled=true)
W/ActivityManager(  366): Activity destroy timeout for ActivityRecord{b344ab30 u0 com.android.settings/.CryptKeeper t1 f}
W/NetworkPolicy(  366): shared quota unsupported; generating rule for each iface
E/NetdConnector(  366): NDC Command {30 bandwidth gettetherstats} took too long (790ms)
D/dalvikvm(  366): GC_CONCURRENT freed 654K, 56% free 5592K/12520K, paused 10ms+5ms, total 1253ms
D/ConnectivityService(  366): [CheckMp] isMobileOk: isProvisioningNetwork is false, continue
D/Tethering(  366): MasterInitialState.processMessage what=3
D/CaptivePortalTracker(  366): NoActiveNetworkState{ when=-17ms what=1 obj=NetworkInfo: type: mobile_hipri[UMTS], state: CONNECTED/CONNECTED, reason: dataEnabled, extra: epc.tmobile.com, roaming: false, failover: false, isAvailable: true, isConnectedToProvisioningNetwork: false target=com.android.internal.util.StateMachine$SmHandler }
D/CaptivePortalTracker(  366): NoActiveNetworkState not a wifi connectivity change, ignore
I/Choreographer(  680): Skipped 248 frames!  The application may be doing too much work on its main thread.
D/ConnectivityService(  366): [CheckMp] isMobileOk: addresses=clients3.google.com/172.217.23.14
D/ConnectivityService(  366): [CheckMp] isMobileOk: linkHasIpv4=true linkHasIpv6=false
E/NetdConnector(  366): NDC Command {31 bandwidth removeiquota eth0} took too long (4362ms)
I/Choreographer(  680): Skipped 508 frames!  The application may be doing too much work on its main thread.
E/NetdConnector(  366): NDC Command {32 interface route add eth0 default 10.0.2.2 32 0.0.0.0} took too long (1319ms)
I/Choreographer(  680): Skipped 95 frames!  The application may be doing too much work on its main thread.
D/AndroidRuntime(  805): 
D/AndroidRuntime(  805): >>>>>> AndroidRuntime START com.android.internal.os.RuntimeInit <<<<<<
D/AndroidRuntime(  805): CheckJNI is ON
D/dalvikvm(  805): Trying to load lib libjavacore.so 0x0
D/dalvikvm(  805): Added shared lib libjavacore.so 0x0
E/logwrapper(  823): executing /system/bin/ip failed: No such file or directory
E/NetdConnector(  366): NDC Command {33 bandwidth setiquota eth0 9223372036854775807} took too long (2220ms)
D/dalvikvm(  805): Trying to load lib libnativehelper.so 0x0
D/dalvikvm(  805): Added shared lib libnativehelper.so 0x0
D/dalvikvm(  805): No JNI_OnLoad found in libnativehelper.so 0x0, skipping init
E/NetdConnector(  366): NDC Command {34 interface fwmark exempt add 10.0.2.2/32} took too long (1870ms)
E/ConnectivityService(  366): Exception trying to add a route: java.lang.IllegalStateException: command '34 interface fwmark exempt add 10.0.2.2/32' failed with '400 34 Failed to add exemption rule (File exists)'
D/dalvikvm(  805): Note: class Landroid/app/ActivityManagerNative; has 179 unimplemented (abstract) methods
E/NetdConnector(  366): NDC Command {35 bandwidth removeiquota eth0} took too long (1002ms)
E/NetdConnector(  366): NDC Command {36 interface route add eth0 default 172.217.23.14 32 10.0.2.2} took too long (1009ms)
E/SQLiteLog(  613): (1) no such table: album_info
E/memtrack(  805): Couldn't load memtrack module (No such file or directory)
E/android.os.Debug(  805): failed to load memtrack module: -2
I/ActivityManager(  366): Start proc com.android.externalstorage for broadcast com.android.externalstorage/.MountReceiver: pid=851 uid=10006 gids={50006, 1028, 1015, 1023}
D/AndroidRuntime(  805): Calling main entry com.android.commands.pm.Pm
I/ActivityManager(  366): Start proc com.android.defcontainer for service com.android.defcontainer/.DefaultContainerService: pid=869 uid=10003 gids={50003, 1028, 1015, 1023, 2001, 1035}
E/logwrapper(  886): executing /system/bin/ip failed: No such file or directory
E/NetdConnector(  366): NDC Command {37 bandwidth setiquota eth0 9223372036854775807} took too long (2293ms)
D/MobileDataStateTracker(  366): default: setPolicyDataEnable(enabled=true)
E/NetdConnector(  366): NDC Command {38 interface fwmark exempt add 172.217.23.14/32} took too long (2325ms)
E/ConnectivityService(  366): Exception trying to add a route: java.lang.IllegalStateException: command '38 interface fwmark exempt add 172.217.23.14/32' failed with '400 38 Failed to add exemption rule (File exists)'
D/ConnectivityService(  366): requestRouteToHostAddress ok=false
D/ConnectivityService(  366): [CheckMp] isMobileOk: could not establish route to hostAddr=clients3.google.com/172.217.23.14
D/ExternalStorage(  851): Missing UUID for /storage/sdcard; skipping
D/ExternalStorage(  851): After updating volumes, found 0 active roots
I/DownloadManager(  613): Upgrading downloads database from version 0 to version 109, which will destroy all old data
D/dalvikvm(  680): GC_CONCURRENT freed 2112K, 26% free 6475K/8656K, paused 4ms+3ms, total 50ms
W/ActivityManager(  366): No content provider found for permission revoke: file:///data/local/tmp/sample_for_analysis.apk
I/ContactLocale(  541): AddressBook Labels [en_US]: [, A, B, C, D, E, F, G, H, I, J, K, L, M, N, O, P, Q, R, S, T, U, V, W, X, Y, Z, , , , , , , , , , , , , , , , , , , , , , , , , , , , , , , , , , , , , , , , , , , , , , , , , , , , , , , , , , , , , , , , , , , , , , , , , , , , , , , , , , , , , , , , , , , , , , , , , , , , , , , , , , , , , , , , , , , , , , , , , , , , , , , , , , , , , , , , , , , , , , , , , , , , , , , , , , , , , , , , , , , , , , , , , , , , , , , , , , , , , , #, ]
D/dalvikvm(  613): GC_CONCURRENT freed 279K, 11% free 2914K/3260K, paused 23ms+32ms, total 231ms
D/GpsLocationProvider(  366): NTP server returned: 1545782950501 (Tue Dec 25 19:09:10 EST 2018) reference: 72823 certainty: 27 system time offset: -39134
I/ActivityManager(  366): Start proc com.android.exchange for content provider com.android.exchange/.provider.ExchangeDirectoryProvider: pid=889 uid=10025 gids={50025, 3003, 1028, 1015}
I/ActivityManager(  366): Start proc com.android.email for content provider com.android.email/.provider.EmailProvider: pid=901 uid=10024 gids={50024, 3003, 1028, 1015}
E/logwrapper(  913): executing /system/bin/ip failed: No such file or directory
E/ConnectivityService(  366): Exception trying to add a route: java.lang.IllegalStateException: command '41 interface fwmark exempt add 10.0.2.2/32' failed with '400 41 Failed to add exemption rule (File exists)'
E/logwrapper(  914): executing /system/bin/ip failed: No such file or directory
E/ConnectivityService(  366): Exception trying to add a route: java.lang.IllegalStateException: command '43 interface fwmark exempt add 172.217.23.14/32' failed with '400 43 Failed to add exemption rule (File exists)'
D/ConnectivityService(  366): requestRouteToHostAddress ok=false
D/ConnectivityService(  366): [CheckMp] isMobileOk: could not establish route to hostAddr=clients3.google.com/172.217.23.14
D/ActivityThread(  901): Loading provider com.android.email.provider;com.android.email.notifier: com.android.email.provider.EmailProvider
D/ExternalStorage(  851): Missing UUID for /storage/sdcard; skipping
D/ExternalStorage(  851): After updating volumes, found 0 active roots
D/MediaScannerReceiver(  613): action: android.intent.action.MEDIA_MOUNTED path: /storage/sdcard
E/BluetoothAdapter(  606): Bluetooth binder is null
I/ActivityManager(  366): Start proc com.android.music for broadcast com.android.music/.MediaButtonIntentReceiver: pid=921 uid=10032 gids={50032, 3003, 1028, 1015}
D/dalvikvm(  366): GC_CONCURRENT freed 655K, 56% free 5588K/12520K, paused 6ms+16ms, total 157ms
I/dalvikvm(  921): CheckJNI enabled: not enabling JNI app bug workarounds.
I/ActivityManager(  366): Start proc com.android.calendar for broadcast com.android.calendar/.widget.CalendarAppWidgetService$CalendarFactory: pid=933 uid=10016 gids={50016, 3003}
I/MediaFocusControl(  366):   Remote Control   registerMediaButtonIntent() for PendingIntent{b361b8a0: PendingIntentRecord{b35feeb8 com.android.music broadcastIntent}}
D/ExtensionsFactory(  933): No custom extensions.
I/ActivityManager(  366): Start proc com.android.deskclock for broadcast com.android.deskclock/.AlarmInitReceiver: pid=953 uid=10020 gids={50020, 1028}
I/ActivityManager(  366): Start proc com.android.providers.calendar for content provider com.android.providers.calendar/.CalendarProvider2: pid=957 uid=10001 gids={50001, 3003, 1028, 1015}
D/dalvikvm(   59): GC_EXPLICIT freed 40K, 4% free 2705K/2812K, paused 2ms+12ms, total 42ms
D/dalvikvm(   59): GC_EXPLICIT freed <1K, 4% free 2705K/2812K, paused 2ms+3ms, total 57ms
D/dalvikvm(   59): GC_EXPLICIT freed <1K, 4% free 2705K/2812K, paused 2ms+2ms, total 46ms
I/CalendarDatabaseHelper(  957): Bootstrapping database
D/dalvikvm(  901): GC_CONCURRENT freed 269K, 11% free 2893K/3232K, paused 3ms+2ms, total 96ms
W/ActivityManager(  366): No content provider found for permission revoke: file:///data/local/tmp/sample_for_analysis.apk
I/PackageManager(  366): Copying native libraries to /data/app-lib/vmdl1473984395
E/logwrapper(  978): executing /system/bin/ip failed: No such file or directory
E/ConnectivityService(  366): Exception trying to add a route: java.lang.IllegalStateException: command '45 interface fwmark exempt add 10.0.2.2/32' failed with '400 45 Failed to add exemption rule (File exists)'
I/CalendarProvider2(  957): Created com.android.providers.calendar.CalendarAlarmManager@b2d7a8e0(com.android.providers.calendar.CalendarProvider2@b2d66fb8)
I/ContactDirectoryManager(  541): deleted 0 stale rows which don't have any relevant directory
I/ContactDirectoryManager(  541): Discovered 0 contact directories in 3947ms
E/logwrapper(  980): executing /system/bin/ip failed: No such file or directory
E/ConnectivityService(  366): Exception trying to add a route: java.lang.IllegalStateException: command '47 interface fwmark exempt add 172.217.23.14/32' failed with '400 47 Failed to add exemption rule (File exists)'
D/ConnectivityService(  366): requestRouteToHostAddress ok=false
D/ConnectivityService(  366): [CheckMp] isMobileOk: could not establish route to hostAddr=clients3.google.com/172.217.23.14
W/ActivityManager(  366): Unable to start service Intent { cmp=com.android.email/.service.AttachmentDownloadService } U=0: not found
W/ActivityManager(  366): Unable to start service Intent { cmp=com.android.email/.service.AttachmentDownloadService } U=0: not found
I/Email   (  901): Observing account changes for notifications
I/ContactsProvider(  541): Upgrading aggregation algorithm
I/ContactAggregator(  541): Marked all visible contacts for aggregation: 0 raw contacts, 5 ms
D/dalvikvm(  366): GC_CONCURRENT freed 374K, 53% free 5918K/12520K, paused 24ms+5ms, total 143ms
D/dalvikvm(  366): WAIT_FOR_CONCURRENT_GC blocked 105ms
V/MediaScanner(  613): pruneDeadThumbnailFiles... android.database.sqlite.SQLiteCursor@b2d87248
V/MediaScanner(  613): /pruneDeadThumbnailFiles... android.database.sqlite.SQLiteCursor@b2d87248
V/AlarmClock(  953): AlarmInitReceiver android.intent.action.TIMEZONE_CHANGED
I/ContactsProvider(  541): Aggregation algorithm upgraded for 0 raw contacts in 692ms
D/dalvikvm(  366): GC_CONCURRENT freed 518K, 51% free 6177K/12520K, paused 6ms+4ms, total 72ms
D/dalvikvm(  366): WAIT_FOR_CONCURRENT_GC blocked 68ms
I/AlarmClock(  953): Alarms Table created
I/AlarmClock(  953): Instance table created
I/AlarmClock(  953): Cities table created
I/AlarmClock(  953): Inserting default alarms
I/CalendarProvider2(  957): Sending notification intent: Intent { act=android.intent.action.PROVIDER_CHANGED dat=content://com.android.calendar }
W/ContentResolver(  957): Failed to get type for: content://com.android.calendar (Unknown URL content://com.android.calendar)
I/AlarmClock(  953): Displaying next alarm time: ''
W/BackupManagerService(  366): dataChanged but no participant pkg='com.android.providers.settings' uid=10020
V/AlarmClock(  953): AlarmInitReceiver finished
I/ContactsFTS(  541): Rebuild contact search index in 427ms, 0 contacts
D/dalvikvm(  541): GC_CONCURRENT freed 258K, 10% free 3084K/3408K, paused 13ms+2ms, total 52ms
D/dalvikvm(  366): GC_CONCURRENT freed 460K, 49% free 6501K/12520K, paused 5ms+7ms, total 76ms
D/dalvikvm(  366): GC_CONCURRENT freed 431K, 45% free 6943K/12520K, paused 7ms+7ms, total 92ms
D/dalvikvm(  366): GC_CONCURRENT freed 1102K, 46% free 6806K/12520K, paused 7ms+5ms, total 81ms
E/logwrapper(  988): executing /system/bin/ip failed: No such file or directory
E/ConnectivityService(  366): Exception trying to add a route: java.lang.IllegalStateException: command '49 interface fwmark exempt add 10.0.2.2/32' failed with '400 49 Failed to add exemption rule (File exists)'
D/dalvikvm(  366): GC_CONCURRENT freed 917K, 46% free 6813K/12520K, paused 6ms+4ms, total 80ms
E/logwrapper(  989): executing /system/bin/ip failed: No such file or directory
E/ConnectivityService(  366): Exception trying to add a route: java.lang.IllegalStateException: command '51 interface fwmark exempt add 172.217.23.14/32' failed with '400 51 Failed to add exemption rule (File exists)'
D/ConnectivityService(  366): requestRouteToHostAddress ok=false
D/ConnectivityService(  366): [CheckMp] isMobileOk: could not establish route to hostAddr=clients3.google.com/172.217.23.14
D/dalvikvm(  366): GC_CONCURRENT freed 918K, 46% free 6811K/12520K, paused 5ms+4ms, total 79ms
D/dalvikvm(  366): GC_CONCURRENT freed 934K, 46% free 6812K/12520K, paused 6ms+6ms, total 82ms
D/dalvikvm(  366): GC_CONCURRENT freed 932K, 46% free 6815K/12520K, paused 6ms+7ms, total 84ms
D/dalvikvm(  366): GC_CONCURRENT freed 930K, 46% free 6841K/12520K, paused 6ms+7ms, total 92ms
D/dalvikvm(  366): GC_CONCURRENT freed 953K, 46% free 6835K/12520K, paused 5ms+6ms, total 81ms
D/dalvikvm(  366): GC_CONCURRENT freed 956K, 46% free 6841K/12520K, paused 6ms+7ms, total 116ms
D/dalvikvm(  366): GC_CONCURRENT freed 957K, 46% free 6816K/12520K, paused 4ms+5ms, total 69ms
D/ConnectivityService(  366): [CheckMp] isMobileOk: too many loops tried - giving up
D/ConnectivityService(  366): [CheckMp] isMobileOk: X loops|timed out result=0
D/ConnectivityService(  366): [CheckMp] isMobileOk: F stop hipri
D/MobileDataStateTracker(  366): default: setEnableFailFastMobileData(enabled=0)
D/dalvikvm(  366): GC_CONCURRENT freed 938K, 46% free 6884K/12520K, paused 6ms+7ms, total 100ms
D/dalvikvm(  366): GC_CONCURRENT freed 1010K, 46% free 6837K/12520K, paused 7ms+5ms, total 82ms
I/PackageManager(  366): Running dexopt on: com.herocraft.game.scrubs.freemium
D/dalvikvm(  991): DexOpt: 'Lorg/xmlpull/v1/XmlPullParser;' has an earlier definition; blocking out
D/dalvikvm(  991): DexOpt: 'Lorg/xmlpull/v1/XmlPullParserException;' has an earlier definition; blocking out
D/dalvikvm(  991): DexOpt: not verifying/optimizing 'Lorg/xmlpull/v1/XmlPullParser;': multiple definitions
D/dalvikvm(  991): DexOpt: not verifying/optimizing 'Lorg/xmlpull/v1/XmlPullParserException;': multiple definitions
I/dalvikvm(  991): DexOpt: not resolving ambiguous class 'Lorg/xmlpull/v1/XmlPullParser;'
I/dalvikvm(  991): DexOpt: not resolving ambiguous class 'Lorg/xmlpull/v1/XmlPullParser;'
I/dalvikvm(  991): DexOpt: not resolving ambiguous class 'Lorg/xmlpull/v1/XmlPullParser;'
I/dalvikvm(  991): DexOpt: not resolving ambiguous class 'Lorg/xmlpull/v1/XmlPullParser;'
I/dalvikvm(  991): DexOpt: not resolving ambiguous class 'Lorg/xmlpull/v1/XmlPullParser;'
I/dalvikvm(  991): DexOpt: not resolving ambiguous class 'Lorg/xmlpull/v1/XmlPullParser;'
I/dalvikvm(  991): DexOpt: not resolving ambiguous class 'Lorg/xmlpull/v1/XmlPullParser;'
I/dalvikvm(  991): DexOpt: not resolving ambiguous class 'Lorg/xmlpull/v1/XmlPullParser;'
I/dalvikvm(  991): DexOpt: not resolving ambiguous class 'Lorg/xmlpull/v1/XmlPullParser;'
I/dalvikvm(  991): DexOpt: not resolving ambiguous class 'Lorg/xmlpull/v1/XmlPullParser;'
I/dalvikvm(  991): DexOpt: not resolving ambiguous class 'Lorg/xmlpull/v1/XmlPullParser;'
I/dalvikvm(  991): DexOpt: not resolving ambiguous class 'Lorg/xmlpull/v1/XmlPullParser;'
I/dalvikvm(  991): DexOpt: not resolving ambiguous class 'Lorg/xmlpull/v1/XmlPullParserException;'
D/dalvikvm(  991): DexOpt: load 258ms, verify+opt 1533ms, 1927372 bytes
I/PackageManager(  366): Adding preferred activity ComponentInfo{com.android.mms/com.android.mms.ui.ComposeMessageActivity} for user 0 :
W/PackageManager(  366): Unknown permission archos.permission.FULLSCREEN.FULL in package com.herocraft.game.scrubs.freemium
W/PackageManager(  366): Not granting permission android.permission.WRITE_MEDIA_STORAGE to package com.herocraft.game.scrubs.freemium (protectionLevel=18 flags=0x8be44)
I/PackageManager(  366): Adding preferred activity ComponentInfo{com.android.mms/com.android.mms.ui.ComposeMessageActivity} for user 0 :
I/PackageManager(  366): Adding preferred activity ComponentInfo{com.android.mms/com.android.mms.ui.ComposeMessageActivity} for user 0 :
I/PackageManager(  366): Adding preferred activity ComponentInfo{com.android.mms/com.android.mms.ui.ComposeMessageActivity} for user 0 :
I/PackageManager(  366): Adding preferred activity ComponentInfo{com.android.mms/com.android.mms.ui.ComposeMessageActivity} for user 0 :
I/ActivityManager(  366): Force stopping com.herocraft.game.scrubs.freemium appid=10052 user=-1: update pkg
I/PackageManager(  366): Adding preferred activity ComponentInfo{com.android.mms/com.android.mms.ui.ComposeMessageActivity} for user 0 :
I/PackageManager(  366): Adding preferred activity ComponentInfo{com.android.mms/com.android.mms.ui.ComposeMessageActivity} for user 0 :
I/PackageManager(  366): Adding preferred activity ComponentInfo{com.android.mms/com.android.mms.ui.ComposeMessageActivity} for user 0 :
D/dalvikvm(  366): GC_CONCURRENT freed 922K, 46% free 6830K/12520K, paused 9ms+25ms, total 242ms
D/ConnectivityService(  366): stopUsingNetworkFeature: teardown net 0: enableHIPRI
I/PackageManager(  366): Adding preferred activity ComponentInfo{com.android.mms/com.android.mms.ui.ComposeMessageActivity} for user 0 :
I/PackageManager(  366): Adding preferred activity ComponentInfo{com.android.mms/com.android.mms.ui.ComposeMessageActivity} for user 0 :
D/dalvikvm(  594): GC_CONCURRENT freed 570K, 17% free 3307K/3944K, paused 4ms+3ms, total 49ms
I/PackageManager(  366): Adding preferred activity ComponentInfo{com.android.mms/com.android.mms.ui.ComposeMessageActivity} for user 0 :
I/InputReader(  366): Reconfiguring input devices.  changes=0x00000010
I/PackageManager(  366): Adding preferred activity ComponentInfo{com.android.mms/com.android.mms.ui.ComposeMessageActivity} for user 0 :
D/BackupManagerService(  366): Received broadcast Intent { act=android.intent.action.PACKAGE_ADDED dat=package:com.herocraft.game.scrubs.freemium flg=0x4000010 (has extras) }
V/BackupManagerService(  366): addPackageParticipantsLocked: #1
I/PackageManager(  366):   Action: "android.intent.action.SENDTO"
I/PackageManager(  366):   Category: "android.intent.category.DEFAULT"
I/PackageManager(  366):   Scheme: "sms"
I/PackageManager(  366): Adding preferred activity ComponentInfo{com.android.mms/com.android.mms.ui.ComposeMessageActivity} for user 0 :
I/PackageManager(  366): Adding preferred activity ComponentInfo{com.android.mms/com.android.mms.ui.ComposeMessageActivity} for user 0 :
D/MobileDataStateTracker(  366): hipri: Broadcast received: android.intent.action.ANY_DATA_STATE apnType=hipri
D/MobileDataStateTracker(  366): hipri: Received state=DISCONNECTED, old=CONNECTED, reason=dataDisabled
D/MobileDataStateTracker(  366): hipri: setDetailed state, old =CONNECTED and new state=DISCONNECTED
D/ConnectivityService(  366): ConnectivityChange for mobile_hipri: DISCONNECTED/DISCONNECTED
E/logwrapper(  993): executing /system/bin/ip failed: No such file or directory
E/SecondaryTablController(   55): ip route del failed: /system/bin/ip route del 10.0.2.2/32 via 0.0.0.0 dev eth0 table 60
W/FrameworkListener(   55): Handler 'interface' error (No such device)
I/PackageManager(  366): Adding preferred activity ComponentInfo{com.android.mms/com.android.mms.ui.ComposeMessageActivity} for user 0 :
E/logwrapper(  994): executing /system/bin/ip failed: No such file or directory
I/PackageManager(  366):   Action: "android.intent.action.SENDTO"
I/PackageManager(  366):   Category: "android.intent.category.DEFAULT"
I/PackageManager(  366):   Scheme: "smsto"
I/PackageManager(  366): Adding preferred activity ComponentInfo{com.android.mms/com.android.mms.ui.ComposeMessageActivity} for user 0 :
E/SecondaryTablController(   55): ip route del failed: /system/bin/ip route del 0.0.0.0/0 via 10.0.2.2 dev eth0 table 60
W/FrameworkListener(   55): Handler 'interface' error (No such device)
I/PackageManager(  366): Adding preferred activity ComponentInfo{com.android.mms/com.android.mms.ui.ComposeMessageActivity} for user 0 :
D/Nat464Xlat(  366): requiresClat: netType=5, hasIPv4Address=true
I/PackageManager(  366): Adding preferred activity ComponentInfo{com.android.mms/com.android.mms.ui.ComposeMessageActivity} for user 0 :
D/MobileDataStateTracker(  366): default: setPolicyDataEnable(enabled=true)
I/PackageManager(  366): Adding preferred activity ComponentInfo{com.android.mms/com.android.mms.ui.ComposeMessageActivity} for user 0 :
I/PackageManager(  366):   Action: "android.intent.action.SENDTO"
I/PackageManager(  366):   Category: "android.intent.category.DEFAULT"
I/PackageManager(  366):   Scheme: "mms"
I/PackageManager(  366): Adding preferred activity ComponentInfo{com.android.mms/com.android.mms.ui.ComposeMessageActivity} for user 0 :
I/PackageManager(  366): Adding preferred activity ComponentInfo{com.android.mms/com.android.mms.ui.ComposeMessageActivity} for user 0 :
I/PackageManager(  366):   Action: "android.intent.action.SENDTO"
I/PackageManager(  366):   Category: "android.intent.category.DEFAULT"
I/PackageManager(  366):   Scheme: "mmsto"
I/PackageManager(  366): Adding preferred activity ComponentInfo{com.android.mms/com.android.mms.ui.ComposeMessageActivity} for user 0 :
I/PackageManager(  366): Adding preferred activity ComponentInfo{com.android.mms/com.android.mms.ui.ComposeMessageActivity} for user 0 :
I/PackageManager(  366): Adding preferred activity ComponentInfo{com.android.mms/com.android.mms.ui.ComposeMessageActivity} for user 0 :
I/PackageManager(  366):   Action: "android.intent.action.SENDTO"
I/PackageManager(  366):   Category: "android.intent.category.DEFAULT"
I/PackageManager(  366):   Scheme: "sms"
I/PackageManager(  366): Adding preferred activity ComponentInfo{com.android.mms/com.android.mms.ui.ComposeMessageActivity} for user 0 :
I/PackageManager(  366): Adding preferred activity ComponentInfo{com.android.mms/com.android.mms.ui.ComposeMessageActivity} for user 0 :
I/PackageManager(  366): Adding preferred activity ComponentInfo{com.android.mms/com.android.mms.ui.ComposeMessageActivity} for user 0 :
I/PackageManager(  366): Adding preferred activity ComponentInfo{com.android.mms/com.android.mms.ui.ComposeMessageActivity} for user 0 :
I/PackageManager(  366):   Action: "android.intent.action.SENDTO"
I/PackageManager(  366):   Category: "android.intent.category.DEFAULT"
I/PackageManager(  366):   Scheme: "smsto"
I/PackageManager(  366): Adding preferred activity ComponentInfo{com.android.mms/com.android.mms.ui.ComposeMessageActivity} for user 0 :
I/PackageManager(  366): Adding preferred activity ComponentInfo{com.android.mms/com.android.mms.ui.ComposeMessageActivity} for user 0 :
I/PackageManager(  366):   Action: "android.intent.action.SENDTO"
I/PackageManager(  366):   Category: "android.intent.category.DEFAULT"
I/PackageManager(  366):   Scheme: "mms"
I/PackageManager(  366): Adding preferred activity ComponentInfo{com.android.mms/com.android.mms.ui.ComposeMessageActivity} for user 0 :
D/dalvikvm(  594): GC_CONCURRENT freed 413K, 15% free 3362K/3944K, paused 3ms+2ms, total 193ms
I/PackageManager(  366):   Action: "android.intent.action.SENDTO"
I/PackageManager(  366):   Category: "android.intent.category.DEFAULT"
I/PackageManager(  366):   Scheme: "mmsto"
I/PackageManager(  366): Adding preferred activity ComponentInfo{com.android.mms/com.android.mms.ui.ComposeMessageActivity} for user 0 :
D/dalvikvm(  366): GC_EXPLICIT freed 2179K, 55% free 5687K/12520K, paused 952ms+39ms, total 1297ms
D/dalvikvm(  366): WAIT_FOR_CONCURRENT_GC blocked 345ms
D/dalvikvm(  366): WAIT_FOR_CONCURRENT_GC blocked 326ms
D/dalvikvm(  366): WAIT_FOR_CONCURRENT_GC blocked 281ms
E/NetdConnector(  366): NDC Command {59 bandwidth removeiquota eth0} took too long (980ms)
D/dalvikvm(  366): WAIT_FOR_CONCURRENT_GC blocked 378ms
D/dalvikvm(  366): WAIT_FOR_CONCURRENT_GC blocked 443ms
E/BluetoothAdapter(  606): Bluetooth binder is null
E/NetdConnector(  366): NDC Command {60 bandwidth gettetherstats} took too long (730ms)
D/AndroidRuntime(  805): Shutting down VM
D/dalvikvm(  805): GC_CONCURRENT freed 95K, 16% free 560K/660K, paused 2ms+13ms, total 23ms
I/PackageManager(  366):   Action: "android.intent.action.SENDTO"
I/PackageManager(  366):   Category: "android.intent.category.DEFAULT"
I/PackageManager(  366):   Scheme: "sms"
I/PackageManager(  366): Adding preferred activity ComponentInfo{com.android.mms/com.android.mms.ui.ComposeMessageActivity} for user 0 :
I/PackageManager(  366):   Action: "android.intent.action.SENDTO"
I/PackageManager(  366):   Category: "android.intent.category.DEFAULT"
I/PackageManager(  366):   Scheme: "smsto"
I/PackageManager(  366): Adding preferred activity ComponentInfo{com.android.mms/com.android.mms.ui.ComposeMessageActivity} for user 0 :
I/PackageManager(  366):   Action: "android.intent.action.SENDTO"
I/PackageManager(  366):   Category: "android.intent.category.DEFAULT"
I/PackageManager(  366):   Scheme: "mms"
I/PackageManager(  366): Adding preferred activity ComponentInfo{com.android.mms/com.android.mms.ui.ComposeMessageActivity} for user 0 :
I/InputReader(  366): Reconfiguring input devices.  changes=0x00000010
I/PackageManager(  366):   Action: "android.intent.action.SENDTO"
I/PackageManager(  366):   Category: "android.intent.category.DEFAULT"
I/PackageManager(  366):   Scheme: "mmsto"
I/PackageManager(  366): Adding preferred activity ComponentInfo{com.android.mms/com.android.mms.ui.ComposeMessageActivity} for user 0 :
D/dalvikvm(  594): GC_CONCURRENT freed 395K, 15% free 3355K/3944K, paused 3ms+3ms, total 146ms
D/dalvikvm(  366): GC_CONCURRENT freed 617K, 54% free 5818K/12520K, paused 63ms+16ms, total 468ms
D/dalvikvm(  366): WAIT_FOR_CONCURRENT_GC blocked 136ms
I/PackageManager(  366):   Action: "android.intent.action.SENDTO"
I/PackageManager(  366):   Category: "android.intent.category.DEFAULT"
I/PackageManager(  366):   Scheme: "sms"
I/PackageManager(  366): Adding preferred activity ComponentInfo{com.android.mms/com.android.mms.ui.ComposeMessageActivity} for user 0 :
I/PackageManager(  366):   Action: "android.intent.action.SENDTO"
I/PackageManager(  366): Adding preferred activity ComponentInfo{com.android.mms/com.android.mms.ui.ComposeMessageActivity} for user 0 :
I/PackageManager(  366):   Category: "android.intent.category.DEFAULT"
I/PackageManager(  366):   Scheme: "smsto"
I/PackageManager(  366):   Action: "android.intent.action.SENDTO"
I/PackageManager(  366):   Category: "android.intent.category.DEFAULT"
I/PackageManager(  366):   Scheme: "mms"
I/PackageManager(  366): Adding preferred activity ComponentInfo{com.android.mms/com.android.mms.ui.ComposeMessageActivity} for user 0 :
I/PackageManager(  366):   Action: "android.intent.action.SENDTO"
I/PackageManager(  366):   Category: "android.intent.category.DEFAULT"
I/PackageManager(  366):   Scheme: "mmsto"
I/PackageManager(  366): Adding preferred activity ComponentInfo{com.android.mms/com.android.mms.ui.ComposeMessageActivity} for user 0 :
E/BluetoothAdapter(  606): Bluetooth binder is null
E/NetdConnector(  366): NDC Command {61 bandwidth setiquota eth0 9223372036854775807} took too long (1653ms)
D/MobileDataStateTracker(  366): default: setPolicyDataEnable(enabled=true)
I/ActivityManager(  366): Waited long enough for: ServiceRecord{b369ade8 u0 com.android.music/.MediaPlaybackService}
I/ActivityManager(  366): Start proc com.android.dialer for broadcast com.android.dialer/.calllog.CallLogReceiver: pid=1026 uid=10004 gids={50004, 3003, 1028, 1015}
I/Choreographer(  680): Skipped 36 frames!  The application may be doing too much work on its main thread.
D/Tethering(  366): MasterInitialState.processMessage what=3
D/CaptivePortalTracker(  366): NoActiveNetworkState{ when=-38ms what=1 obj=NetworkInfo: type: mobile_hipri[UMTS], state: DISCONNECTED/DISCONNECTED, reason: dataDisabled, extra: epc.tmobile.com, roaming: false, failover: false, isAvailable: true, isConnectedToProvisioningNetwork: false target=com.android.internal.util.StateMachine$SmHandler }
D/CaptivePortalTracker(  366): NoActiveNetworkState not a wifi connectivity change, ignore
D/Tethering(  366): MasterInitialState.processMessage what=3
D/CaptivePortalTracker(  366): NoActiveNetworkState{ when=-13ms what=1 obj=NetworkInfo: type: mobile[UMTS], state: CONNECTED/CONNECTED, reason: connected, extra: epc.tmobile.com, roaming: false, failover: false, isAvailable: true, isConnectedToProvisioningNetwork: false target=com.android.internal.util.StateMachine$SmHandler }
D/CaptivePortalTracker(  366): NoActiveNetworkState not a wifi connectivity change, ignore
D/dalvikvm(  366): GC_CONCURRENT freed 767K, 55% free 5729K/12520K, paused 6ms+5ms, total 161ms
E/NetdConnector(  366): NDC Command {62 bandwidth removeiquota eth0} took too long (905ms)
D/ExtensionsFactory( 1026): No custom extensions.
W/RecognitionManagerService(  366): no available voice recognition services found for user 0
I/Choreographer(  680): Skipped 32 frames!  The application may be doing too much work on its main thread.
W/ProcessCpuTracker(  366): Skipping unknown process pid 1051
D/dalvikvm(  366): GC_CONCURRENT freed 664K, 55% free 5752K/12520K, paused 27ms+54ms, total 207ms
E/BluetoothAdapter(  366): Bluetooth binder is null
E/BluetoothAdapter(  366): Bluetooth binder is null
V/WiredAccessoryManager(  366): init()
I/PowerManagerService(  366): Boot animation finished.
E/SoundPool(  366): error loading /system/media/audio/ui/Effect_Tick.ogg
W/AudioService(  366): Soundpool could not load file: /system/media/audio/ui/Effect_Tick.ogg
E/SoundPool(  366): error loading /system/media/audio/ui/Effect_Tick.ogg
