D/dalvikvm( 1151): GC_FOR_ALLOC freed 687K, 41% free 4648K/7812K, paused 25ms, total 25ms
D/dalvikvm( 1151): GC_CONCURRENT freed 626K, 41% free 4671K/7812K, paused 5ms+3ms, total 32ms
D/dalvikvm( 1151): WAIT_FOR_CONCURRENT_GC blocked 27ms
D/dalvikvm( 1151): GC_CONCURRENT freed 639K, 41% free 4683K/7812K, paused 5ms+4ms, total 31ms
D/dalvikvm( 1151): WAIT_FOR_CONCURRENT_GC blocked 22ms
D/dalvikvm( 1151): GC_FOR_ALLOC freed 693K, 41% free 4648K/7812K, paused 25ms, total 25ms
D/dalvikvm( 1151): GC_CONCURRENT freed 603K, 40% free 4689K/7812K, paused 5ms+4ms, total 35ms
D/dalvikvm( 1151): WAIT_FOR_CONCURRENT_GC blocked 27ms
D/dalvikvm( 1151): GC_EXPLICIT freed 1141K, 19% free 4204K/5140K, paused 4ms+6ms, total 46ms
D/dalvikvm( 1151): WAIT_FOR_CONCURRENT_GC blocked 16ms
D/dalvikvm( 1151): GC_CONCURRENT freed 496K, 18% free 4221K/5140K, paused 4ms+3ms, total 81ms
D/dalvikvm( 1151): WAIT_FOR_CONCURRENT_GC blocked 39ms
D/dalvikvm( 1151): GC_FOR_ALLOC freed 567K, 19% free 4181K/5140K, paused 45ms, total 45ms
D/dalvikvm( 1151): GC_CONCURRENT freed 479K, 18% free 4216K/5140K, paused 13ms+4ms, total 92ms
D/dalvikvm( 1151): WAIT_FOR_CONCURRENT_GC blocked 61ms
D/dalvikvm( 1151): GC_FOR_ALLOC freed 569K, 19% free 4164K/5140K, paused 43ms, total 44ms
D/dalvikvm( 1151): WAIT_FOR_CONCURRENT_GC blocked 65ms
D/dalvikvm( 1151): GC_CONCURRENT freed 298K, 15% free 4375K/5140K, paused 15ms+3ms, total 135ms
D/dalvikvm( 1151): WAIT_FOR_CONCURRENT_GC blocked 62ms
D/dalvikvm( 1151): GC_FOR_ALLOC freed 560K, 17% free 4317K/5140K, paused 45ms, total 46ms
D/dalvikvm( 1151): GC_CONCURRENT freed 503K, 15% free 4375K/5140K, paused 5ms+3ms, total 59ms
D/dalvikvm( 1151): WAIT_FOR_CONCURRENT_GC blocked 40ms
D/dalvikvm( 1151): GC_FOR_ALLOC freed 533K, 16% free 4334K/5140K, paused 42ms, total 43ms
D/dalvikvm( 1151): GC_CONCURRENT freed 522K, 15% free 4370K/5140K, paused 16ms+3ms, total 78ms
D/dalvikvm( 1151): WAIT_FOR_CONCURRENT_GC blocked 44ms
D/dalvikvm( 1151): GC_FOR_ALLOC freed 547K, 16% free 4334K/5140K, paused 53ms, total 54ms
D/dalvikvm( 1151): GC_CONCURRENT freed 495K, 15% free 4376K/5140K, paused 6ms+47ms, total 94ms
D/dalvikvm( 1151): WAIT_FOR_CONCURRENT_GC blocked 87ms
D/dalvikvm( 1151): GC_CONCURRENT freed 525K, 16% free 4358K/5140K, paused 4ms+3ms, total 49ms
D/dalvikvm( 1151): WAIT_FOR_CONCURRENT_GC blocked 29ms
D/AndroidRuntime( 1199): 
D/AndroidRuntime( 1199): >>>>>> AndroidRuntime START com.android.internal.os.RuntimeInit <<<<<<
D/AndroidRuntime( 1199): CheckJNI is ON
D/dalvikvm( 1151): GC_CONCURRENT freed 509K, 15% free 4376K/5140K, paused 3ms+14ms, total 59ms
D/dalvikvm( 1151): WAIT_FOR_CONCURRENT_GC blocked 43ms
D/dalvikvm( 1151): GC_FOR_ALLOC freed 539K, 16% free 4335K/5140K, paused 43ms, total 43ms
D/dalvikvm( 1151): GC_CONCURRENT freed 529K, 15% free 4370K/5140K, paused 12ms+3ms, total 77ms
D/dalvikvm( 1151): WAIT_FOR_CONCURRENT_GC blocked 47ms
D/dalvikvm( 1199): Trying to load lib libjavacore.so 0x0
D/dalvikvm( 1199): Added shared lib libjavacore.so 0x0
D/dalvikvm( 1199): Trying to load lib libnativehelper.so 0x0
D/dalvikvm( 1199): Added shared lib libnativehelper.so 0x0
D/dalvikvm( 1199): No JNI_OnLoad found in libnativehelper.so 0x0, skipping init
D/dalvikvm( 1151): GC_FOR_ALLOC freed 542K, 16% free 4329K/5140K, paused 53ms, total 53ms
D/dalvikvm( 1151): GC_CONCURRENT freed 513K, 15% free 4377K/5140K, paused 4ms+3ms, total 63ms
D/dalvikvm( 1151): WAIT_FOR_CONCURRENT_GC blocked 41ms
D/dalvikvm( 1151): GC_FOR_ALLOC freed 544K, 16% free 4335K/5140K, paused 51ms, total 51ms
D/dalvikvm( 1151): GC_CONCURRENT freed 503K, 15% free 4377K/5140K, paused 4ms+13ms, total 59ms
D/dalvikvm( 1151): WAIT_FOR_CONCURRENT_GC blocked 42ms
D/dalvikvm( 1151): GC_FOR_ALLOC freed 546K, 16% free 4335K/5140K, paused 44ms, total 44ms
D/dalvikvm( 1199): Note: class Landroid/app/ActivityManagerNative; has 179 unimplemented (abstract) methods
D/dalvikvm( 1151): GC_CONCURRENT freed 505K, 15% free 4377K/5140K, paused 13ms+3ms, total 58ms
D/dalvikvm( 1151): WAIT_FOR_CONCURRENT_GC blocked 27ms
D/dalvikvm( 1151): GC_FOR_ALLOC freed 548K, 16% free 4335K/5140K, paused 54ms, total 54ms
D/dalvikvm( 1151): GC_CONCURRENT freed 507K, 15% free 4378K/5140K, paused 4ms+13ms, total 79ms
D/dalvikvm( 1151): WAIT_FOR_CONCURRENT_GC blocked 63ms
D/dalvikvm( 1151): GC_FOR_ALLOC freed 538K, 16% free 4317K/5140K, paused 43ms, total 43ms
D/dalvikvm( 1151): GC_CONCURRENT freed 509K, 16% free 4360K/5140K, paused 4ms+3ms, total 60ms
D/dalvikvm( 1151): WAIT_FOR_CONCURRENT_GC blocked 40ms
D/dalvikvm( 1151): GC_FOR_ALLOC freed 522K, 16% free 4335K/5140K, paused 44ms, total 44ms
D/dalvikvm( 1151): GC_CONCURRENT freed 499K, 16% free 4360K/5140K, paused 14ms+3ms, total 112ms
D/dalvikvm( 1151): WAIT_FOR_CONCURRENT_GC blocked 80ms
D/dalvikvm( 1151): GC_FOR_ALLOC freed 555K, 16% free 4317K/5140K, paused 45ms, total 45ms
D/dalvikvm( 1151): GC_CONCURRENT freed 513K, 16% free 4360K/5140K, paused 12ms+4ms, total 77ms
D/dalvikvm( 1151): WAIT_FOR_CONCURRENT_GC blocked 46ms
D/dalvikvm( 1151): GC_FOR_ALLOC freed 527K, 16% free 4336K/5140K, paused 54ms, total 54ms
D/dalvikvm( 1151): GC_CONCURRENT freed 503K, 15% free 4373K/5140K, paused 4ms+13ms, total 59ms
D/dalvikvm( 1151): WAIT_FOR_CONCURRENT_GC blocked 44ms
D/dalvikvm( 1151): GC_FOR_ALLOC freed 559K, 16% free 4317K/5140K, paused 43ms, total 43ms
E/memtrack( 1199): Couldn't load memtrack module (No such file or directory)
E/android.os.Debug( 1199): failed to load memtrack module: -2
D/dalvikvm( 1151): GC_CONCURRENT freed 517K, 16% free 4361K/5140K, paused 4ms+3ms, total 64ms
D/dalvikvm( 1151): WAIT_FOR_CONCURRENT_GC blocked 40ms
D/dalvikvm( 1151): GC_FOR_ALLOC freed 531K, 16% free 4336K/5140K, paused 54ms, total 54ms
D/dalvikvm( 1151): GC_CONCURRENT freed 660K, 19% free 4208K/5140K, paused 4ms+3ms, total 60ms
D/dalvikvm( 1151): WAIT_FOR_CONCURRENT_GC blocked 42ms
D/dalvikvm( 1151): GC_EXPLICIT freed 43K, 19% free 4165K/5140K, paused 3ms+4ms, total 80ms
D/dalvikvm( 1151): WAIT_FOR_CONCURRENT_GC blocked 122ms
D/dalvikvm( 1151): GC_FOR_ALLOC freed 489K, 19% free 4183K/5140K, paused 45ms, total 45ms
D/dalvikvm( 1151): GC_FOR_ALLOC freed 509K, 19% free 4177K/5140K, paused 64ms, total 64ms
D/AndroidRuntime( 1199): Calling main entry com.android.commands.am.Am
D/dalvikvm( 1151): GC_CONCURRENT freed 479K, 19% free 4208K/5140K, paused 16ms+3ms, total 74ms
D/dalvikvm( 1151): WAIT_FOR_CONCURRENT_GC blocked 58ms
D/dalvikvm( 1151): GC_FOR_ALLOC freed 567K, 19% free 4165K/5140K, paused 44ms, total 44ms
D/AndroidRuntime( 1199): Shutting down VM
D/dalvikvm( 1199): GC_CONCURRENT freed 96K, 15% free 587K/688K, paused 12ms+1ms, total 20ms
D/dalvikvm( 1151): GC_CONCURRENT freed 441K, 18% free 4223K/5140K, paused 47ms+3ms, total 72ms
D/dalvikvm( 1151): WAIT_FOR_CONCURRENT_GC blocked 47ms
D/dalvikvm( 1151): GC_FOR_ALLOC freed 569K, 19% free 4179K/5140K, paused 24ms, total 24ms
D/dalvikvm( 1151): WAIT_FOR_CONCURRENT_GC blocked 52ms
D/dalvikvm( 1151): GC_CONCURRENT freed 406K, 17% free 4289K/5140K, paused 5ms+3ms, total 32ms
D/dalvikvm( 1151): WAIT_FOR_CONCURRENT_GC blocked 23ms
D/dalvikvm( 1151): GC_FOR_ALLOC freed 572K, 18% free 4256K/5140K, paused 23ms, total 23ms
D/dalvikvm( 1151): WAIT_FOR_CONCURRENT_GC blocked 47ms
D/dalvikvm( 1151): GC_CONCURRENT freed 432K, 16% free 4365K/5140K, paused 4ms+3ms, total 31ms
D/dalvikvm( 1151): WAIT_FOR_CONCURRENT_GC blocked 22ms
D/dalvikvm( 1151): GC_FOR_ALLOC freed 561K, 17% free 4314K/5140K, paused 40ms, total 40ms
D/dalvikvm( 1151): WAIT_FOR_CONCURRENT_GC blocked 64ms
D/dalvikvm( 1151): GC_CONCURRENT freed 460K, 15% free 4415K/5140K, paused 4ms+4ms, total 31ms
D/dalvikvm( 1151): WAIT_FOR_CONCURRENT_GC blocked 23ms
D/dalvikvm( 1151): GC_FOR_ALLOC freed 530K, 16% free 4359K/5140K, paused 35ms, total 35ms
D/dalvikvm( 1151): WAIT_FOR_CONCURRENT_GC blocked 58ms
D/dalvikvm( 1151): GC_CONCURRENT freed 460K, 13% free 4474K/5140K, paused 4ms+3ms, total 32ms
D/dalvikvm( 1151): WAIT_FOR_CONCURRENT_GC blocked 23ms
D/dalvikvm( 1151): GC_FOR_ALLOC freed 533K, 16% free 4429K/5212K, paused 25ms, total 25ms
D/dalvikvm( 1151): WAIT_FOR_CONCURRENT_GC blocked 48ms
D/dalvikvm( 1151): GC_CONCURRENT freed 490K, 13% free 4537K/5212K, paused 4ms+4ms, total 31ms
D/dalvikvm( 1151): WAIT_FOR_CONCURRENT_GC blocked 23ms
D/dalvikvm( 1151): GC_FOR_ALLOC freed 534K, 15% free 4505K/5300K, paused 30ms, total 30ms
D/dalvikvm( 1151): WAIT_FOR_CONCURRENT_GC blocked 55ms
D/dalvikvm( 1151): GC_CONCURRENT freed 516K, 13% free 4613K/5300K, paused 4ms+4ms, total 32ms
D/dalvikvm( 1151): WAIT_FOR_CONCURRENT_GC blocked 24ms
D/dalvikvm( 1151): GC_FOR_ALLOC freed 580K, 16% free 4568K/5404K, paused 27ms, total 27ms
D/dalvikvm( 1151): WAIT_FOR_CONCURRENT_GC blocked 53ms
D/dalvikvm( 1151): GC_CONCURRENT freed 534K, 14% free 4679K/5404K, paused 4ms+3ms, total 34ms
D/dalvikvm( 1151): WAIT_FOR_CONCURRENT_GC blocked 26ms
D/dalvikvm( 1151): GC_FOR_ALLOC freed 583K, 16% free 4633K/5492K, paused 37ms, total 37ms
D/dalvikvm( 1151): WAIT_FOR_CONCURRENT_GC blocked 63ms
D/dalvikvm( 1151): GC_CONCURRENT freed 563K, 14% free 4737K/5492K, paused 4ms+4ms, total 33ms
D/dalvikvm( 1151): WAIT_FOR_CONCURRENT_GC blocked 23ms
D/dalvikvm( 1151): GC_FOR_ALLOC freed 597K, 16% free 4711K/5564K, paused 27ms, total 27ms
D/dalvikvm( 1151): WAIT_FOR_CONCURRENT_GC blocked 53ms
D/dalvikvm( 1151): GC_CONCURRENT freed 600K, 14% free 4804K/5564K, paused 4ms+3ms, total 33ms
D/dalvikvm( 1151): WAIT_FOR_CONCURRENT_GC blocked 24ms
D/dalvikvm( 1151): GC_FOR_ALLOC freed 632K, 16% free 4772K/5652K, paused 27ms, total 27ms
D/dalvikvm( 1151): WAIT_FOR_CONCURRENT_GC blocked 55ms
D/dalvikvm( 1151): GC_CONCURRENT freed 592K, 14% free 4892K/5652K, paused 4ms+4ms, total 36ms
D/dalvikvm( 1151): WAIT_FOR_CONCURRENT_GC blocked 27ms
D/dalvikvm( 1151): WAIT_FOR_CONCURRENT_GC blocked 28ms
D/dalvikvm( 1151): GC_CONCURRENT freed 715K, 15% free 4923K/5780K, paused 5ms+5ms, total 57ms
D/dalvikvm( 1151): WAIT_FOR_CONCURRENT_GC blocked 26ms
D/dalvikvm( 1151): WAIT_FOR_CONCURRENT_GC blocked 28ms
D/dalvikvm( 1151): GC_FOR_ALLOC freed 609K, 16% free 4935K/5816K, paused 30ms, total 30ms
D/dalvikvm( 1151): GC_CONCURRENT freed 640K, 14% free 5052K/5836K, paused 4ms+4ms, total 45ms
D/dalvikvm( 1151): WAIT_FOR_CONCURRENT_GC blocked 37ms
D/dalvikvm( 1151): WAIT_FOR_CONCURRENT_GC blocked 33ms
D/dalvikvm( 1151): GC_CONCURRENT freed 714K, 15% free 5132K/5992K, paused 5ms+4ms, total 60ms
D/dalvikvm( 1151): WAIT_FOR_CONCURRENT_GC blocked 30ms
D/dalvikvm( 1151): WAIT_FOR_CONCURRENT_GC blocked 29ms
D/dalvikvm( 1151): GC_CONCURRENT freed 602K, 13% free 5346K/6096K, paused 7ms+4ms, total 47ms
D/dalvikvm( 1151): WAIT_FOR_CONCURRENT_GC blocked 39ms
D/dalvikvm( 1151): WAIT_FOR_CONCURRENT_GC blocked 34ms
D/dalvikvm( 1151): GC_CONCURRENT freed 728K, 14% free 5504K/6384K, paused 4ms+4ms, total 46ms
D/dalvikvm( 1151): WAIT_FOR_CONCURRENT_GC blocked 39ms
D/dalvikvm( 1151): GC_FOR_ALLOC freed 733K, 17% free 5458K/6576K, paused 37ms, total 37ms
D/dalvikvm( 1151): WAIT_FOR_CONCURRENT_GC blocked 75ms
D/dalvikvm( 1151): GC_CONCURRENT freed 768K, 15% free 5632K/6576K, paused 4ms+14ms, total 54ms
D/dalvikvm( 1151): WAIT_FOR_CONCURRENT_GC blocked 45ms
D/dalvikvm( 1151): GC_FOR_ALLOC freed 750K, 17% free 5605K/6752K, paused 34ms, total 34ms
D/dalvikvm( 1151): WAIT_FOR_CONCURRENT_GC blocked 81ms
D/dalvikvm( 1151): GC_CONCURRENT freed 874K, 16% free 5720K/6752K, paused 4ms+4ms, total 60ms
D/dalvikvm( 1151): WAIT_FOR_CONCURRENT_GC blocked 52ms
D/dalvikvm( 1151): GC_FOR_ALLOC freed 832K, 18% free 5687K/6872K, paused 34ms, total 34ms
D/dalvikvm( 1151): WAIT_FOR_CONCURRENT_GC blocked 72ms
D/dalvikvm( 1151): GC_CONCURRENT freed 865K, 17% free 5768K/6872K, paused 4ms+4ms, total 136ms
D/dalvikvm( 1151): WAIT_FOR_CONCURRENT_GC blocked 128ms
D/dalvikvm( 1151): WAIT_FOR_CONCURRENT_GC blocked 72ms
D/dalvikvm( 1151): GC_FOR_ALLOC freed 745K, 15% free 5907K/6944K, paused 138ms, total 139ms
D/dalvikvm( 1151): GC_FOR_ALLOC freed 886K, 18% free 5907K/7120K, paused 273ms, total 274ms
D/dalvikvm( 1151): GC_FOR_ALLOC freed 888K, 18% free 5907K/7120K, paused 132ms, total 132ms
D/dalvikvm( 1151): GC_FOR_ALLOC freed 890K, 18% free 5907K/7120K, paused 165ms, total 165ms
D/dalvikvm( 1151): GC_EXPLICIT freed 1008K, 19% free 5809K/7120K, paused 5ms+6ms, total 100ms
D/dalvikvm( 1151): WAIT_FOR_CONCURRENT_GC blocked 87ms
I/System.out( 1151): Pallet (0,48,0,48,0,96,256,0)
D/dalvikvm( 1151): GC_CONCURRENT freed 989K, 18% free 5879K/7120K, paused 5ms+4ms, total 127ms
D/dalvikvm( 1151): WAIT_FOR_CONCURRENT_GC blocked 119ms
D/dalvikvm( 1151): GC_FOR_ALLOC freed 993K, 19% free 5831K/7120K, paused 48ms, total 48ms
D/dalvikvm( 1151): WAIT_FOR_CONCURRENT_GC blocked 158ms
D/dalvikvm( 1151): GC_CONCURRENT freed 1008K, 18% free 5888K/7120K, paused 6ms+4ms, total 98ms
D/dalvikvm( 1151): WAIT_FOR_CONCURRENT_GC blocked 92ms
D/dalvikvm( 1151): GC_FOR_ALLOC freed 1000K, 19% free 5825K/7120K, paused 38ms, total 38ms
D/dalvikvm( 1151): WAIT_FOR_CONCURRENT_GC blocked 106ms
D/dalvikvm( 1151): GC_CONCURRENT freed 1006K, 18% free 5883K/7120K, paused 5ms+5ms, total 93ms
D/dalvikvm( 1151): WAIT_FOR_CONCURRENT_GC blocked 86ms
D/dalvikvm( 1151): GC_FOR_ALLOC freed 1006K, 19% free 5833K/7120K, paused 38ms, total 38ms
D/dalvikvm( 1151): WAIT_FOR_CONCURRENT_GC blocked 120ms
D/dalvikvm( 1151): GC_CONCURRENT freed 1010K, 18% free 5890K/7120K, paused 5ms+3ms, total 90ms
D/dalvikvm( 1151): WAIT_FOR_CONCURRENT_GC blocked 83ms
D/dalvikvm( 1151): GC_FOR_ALLOC freed 977K, 18% free 5861K/7120K, paused 38ms, total 38ms
D/dalvikvm( 1151): WAIT_FOR_CONCURRENT_GC blocked 118ms
D/dalvikvm( 1151): GC_CONCURRENT freed 1009K, 17% free 5928K/7120K, paused 4ms+10ms, total 135ms
D/dalvikvm( 1151): WAIT_FOR_CONCURRENT_GC blocked 127ms
D/dalvikvm( 1151): WAIT_FOR_CONCURRENT_GC blocked 68ms
D/dalvikvm( 1151): GC_FOR_ALLOC freed 1055K, 18% free 5872K/7160K, paused 100ms, total 100ms
D/dalvikvm( 1151): GC_CONCURRENT freed 1004K, 17% free 5948K/7160K, paused 4ms+4ms, total 182ms
D/dalvikvm( 1151): WAIT_FOR_CONCURRENT_GC blocked 162ms
D/dalvikvm( 1151): GC_FOR_ALLOC freed 975K, 18% free 5897K/7176K, paused 49ms, total 49ms
D/dalvikvm( 1151): WAIT_FOR_CONCURRENT_GC blocked 115ms
D/dalvikvm( 1151): GC_CONCURRENT freed 1023K, 17% free 5962K/7176K, paused 25ms+2ms, total 152ms
D/dalvikvm( 1151): WAIT_FOR_CONCURRENT_GC blocked 124ms
D/dalvikvm( 1151): GC_FOR_ALLOC freed 994K, 18% free 5918K/7200K, paused 38ms, total 38ms
D/dalvikvm( 1151): WAIT_FOR_CONCURRENT_GC blocked 110ms
D/dalvikvm( 1151): GC_CONCURRENT freed 1045K, 18% free 5967K/7200K, paused 67ms+5ms, total 192ms
D/dalvikvm( 1151): WAIT_FOR_CONCURRENT_GC blocked 184ms
D/dalvikvm( 1151): GC_FOR_ALLOC freed 955K, 18% free 5925K/7200K, paused 39ms, total 39ms
D/dalvikvm( 1151): WAIT_FOR_CONCURRENT_GC blocked 123ms
I/MediaFocusControl(  366):  AudioFocus  abandonAudioFocus() from android.media.AudioManager@b2d5c378com.android.music.MediaPlaybackService$3@b2d5b1f8
D/dalvikvm( 1151): GC_FOR_ALLOC freed 963K, 18% free 5931K/7200K, paused 78ms, total 78ms
D/dalvikvm( 1151): GC_FOR_ALLOC freed 1020K, 19% free 5859K/7200K, paused 71ms, total 72ms
D/dalvikvm( 1151): GC_CONCURRENT freed 937K, 17% free 5997K/7200K, paused 4ms+4ms, total 91ms
D/dalvikvm( 1151): WAIT_FOR_CONCURRENT_GC blocked 82ms
D/dalvikvm( 1151): GC_FOR_ALLOC freed 961K, 18% free 5952K/7240K, paused 44ms, total 44ms
D/dalvikvm( 1151): WAIT_FOR_CONCURRENT_GC blocked 117ms
D/dalvikvm( 1151): GC_CONCURRENT freed 1046K, 17% free 6012K/7240K, paused 7ms+14ms, total 144ms
D/dalvikvm( 1151): WAIT_FOR_CONCURRENT_GC blocked 136ms
D/dalvikvm( 1151): GC_FOR_ALLOC freed 952K, 19% free 5959K/7272K, paused 39ms, total 39ms
D/dalvikvm( 1151): WAIT_FOR_CONCURRENT_GC blocked 127ms
D/dalvikvm( 1151): GC_CONCURRENT freed 1057K, 18% free 6012K/7272K, paused 7ms+5ms, total 199ms
D/dalvikvm( 1151): WAIT_FOR_CONCURRENT_GC blocked 191ms
D/dalvikvm( 1151): GC_FOR_ALLOC freed 956K, 18% free 5981K/7272K, paused 39ms, total 39ms
D/dalvikvm( 1151): WAIT_FOR_CONCURRENT_GC blocked 126ms
D/dalvikvm( 1151): GC_CONCURRENT freed 1105K, 18% free 5992K/7272K, paused 67ms+9ms, total 209ms
D/dalvikvm( 1151): WAIT_FOR_CONCURRENT_GC blocked 195ms
D/dalvikvm( 1151): GC_FOR_ALLOC freed 925K, 18% free 5996K/7272K, paused 51ms, total 51ms
D/dalvikvm( 1151): WAIT_FOR_CONCURRENT_GC blocked 133ms
D/dalvikvm( 1151): GC_FOR_ALLOC freed 961K, 18% free 6002K/7272K, paused 84ms, total 84ms
D/dalvikvm( 1151): GC_FOR_ALLOC freed 938K, 18% free 5999K/7272K, paused 78ms, total 78ms
D/dalvikvm( 1151): GC_FOR_ALLOC freed 990K, 18% free 6004K/7272K, paused 79ms, total 79ms
D/dalvikvm( 1151): GC_FOR_ALLOC freed 972K, 18% free 6011K/7272K, paused 90ms, total 90ms
D/dalvikvm( 1151): GC_FOR_ALLOC freed 974K, 18% free 6016K/7272K, paused 78ms, total 78ms
D/dalvikvm( 1151): GC_FOR_ALLOC freed 977K, 18% free 6019K/7272K, paused 79ms, total 79ms
D/dalvikvm( 1151): GC_FOR_ALLOC freed 980K, 18% free 6010K/7272K, paused 83ms, total 83ms
D/dalvikvm( 1151): GC_FOR_ALLOC freed 919K, 17% free 6039K/7272K, paused 77ms, total 77ms
D/dalvikvm( 1151): GC_FOR_ALLOC freed 1007K, 19% free 5951K/7288K, paused 70ms, total 71ms
I/System.out( 1151): Pallet (256,0,256,0,256,0,128,0)
D/dalvikvm( 1151): GC_FOR_ALLOC freed 914K, 19% free 5954K/7288K, paused 88ms, total 89ms
I/System.out( 1151): Pallet (0,255,0,0,0,0,256,0)
D/dalvikvm( 1151): GC_FOR_ALLOC freed 928K, 19% free 5965K/7288K, paused 78ms, total 79ms
D/dalvikvm( 1151): GC_FOR_ALLOC freed 940K, 19% free 5946K/7288K, paused 72ms, total 72ms
I/System.out( 1151): Pallet (0,0,0,0,0,0,256,0)
D/dalvikvm( 1151): GC_FOR_ALLOC freed 907K, 19% free 5967K/7288K, paused 48ms, total 49ms
D/dalvikvm( 1151): GC_FOR_ALLOC freed 918K, 19% free 5967K/7288K, paused 104ms, total 105ms
D/dalvikvm( 1151): GC_FOR_ALLOC freed 958K, 19% free 5947K/7288K, paused 109ms, total 110ms
D/dalvikvm( 1151): GC_CONCURRENT freed 967K, 17% free 6083K/7288K, paused 67ms+6ms, total 314ms
D/dalvikvm( 1151): WAIT_FOR_CONCURRENT_GC blocked 275ms
D/dalvikvm( 1151): WAIT_FOR_CONCURRENT_GC blocked 88ms
D/dalvikvm( 1151): GC_FOR_ALLOC freed 988K, 19% free 5995K/7368K, paused 72ms, total 73ms
D/dalvikvm( 1151): GC_FOR_ALLOC freed 905K, 19% free 6017K/7368K, paused 83ms, total 84ms
D/dalvikvm( 1151): GC_FOR_ALLOC freed 901K, 19% free 6018K/7368K, paused 81ms, total 82ms
D/dalvikvm( 1151): GC_FOR_ALLOC freed 911K, 19% free 6024K/7368K, paused 100ms, total 101ms
D/dalvikvm( 1151): GC_FOR_ALLOC freed 905K, 19% free 6026K/7368K, paused 81ms, total 82ms
D/dalvikvm( 1151): GC_FOR_ALLOC freed 911K, 19% free 6030K/7368K, paused 73ms, total 74ms
D/dalvikvm( 1151): GC_FOR_ALLOC freed 908K, 19% free 6032K/7368K, paused 79ms, total 80ms
D/dalvikvm( 1151): GC_FOR_ALLOC freed 910K, 19% free 6034K/7368K, paused 79ms, total 80ms
D/dalvikvm( 1151): GC_FOR_ALLOC freed 918K, 19% free 6039K/7368K, paused 103ms, total 104ms
D/dalvikvm( 1151): GC_FOR_ALLOC freed 915K, 19% free 6039K/7368K, paused 79ms, total 79ms
D/dalvikvm( 1151): GC_FOR_ALLOC freed 920K, 18% free 6044K/7368K, paused 77ms, total 78ms
D/dalvikvm( 1151): GC_FOR_ALLOC freed 923K, 19% free 6034K/7368K, paused 97ms, total 98ms
D/dalvikvm( 1151): GC_FOR_ALLOC freed 922K, 19% free 6035K/7368K, paused 86ms, total 87ms
D/dalvikvm( 1151): GC_FOR_ALLOC freed 889K, 18% free 6062K/7368K, paused 97ms, total 98ms
D/dalvikvm( 1151): GC_FOR_ALLOC freed 853K, 18% free 6054K/7368K, paused 72ms, total 73ms
D/dalvikvm( 1151): GC_FOR_ALLOC freed 872K, 18% free 6056K/7368K, paused 80ms, total 81ms
D/dalvikvm( 1151): GC_FOR_ALLOC freed 874K, 18% free 6043K/7368K, paused 97ms, total 98ms
D/dalvikvm( 1151): GC_FOR_ALLOC freed 876K, 18% free 6061K/7368K, paused 112ms, total 113ms
D/dalvikvm( 1151): GC_FOR_ALLOC freed 893K, 18% free 6055K/7368K, paused 125ms, total 126ms
D/dalvikvm( 1151): GC_FOR_ALLOC freed 879K, 18% free 6057K/7368K, paused 89ms, total 89ms
D/dalvikvm( 1151): GC_FOR_ALLOC freed 882K, 18% free 6059K/7368K, paused 80ms, total 81ms
D/dalvikvm( 1151): GC_FOR_ALLOC freed 883K, 18% free 6061K/7368K, paused 77ms, total 78ms
D/dalvikvm( 1151): GC_FOR_ALLOC freed 889K, 18% free 6066K/7368K, paused 91ms, total 92ms
D/dalvikvm( 1151): GC_FOR_ALLOC freed 853K, 18% free 6093K/7368K, paused 83ms, total 84ms
D/dalvikvm( 1151): GC_FOR_ALLOC freed 877K, 18% free 6074K/7368K, paused 85ms, total 86ms
D/dalvikvm( 1151): GC_FOR_ALLOC freed 835K, 18% free 6092K/7368K, paused 85ms, total 86ms
D/dalvikvm( 1151): GC_FOR_ALLOC freed 859K, 18% free 6105K/7368K, paused 67ms, total 68ms
D/dalvikvm( 1151): GC_FOR_ALLOC freed 883K, 18% free 6100K/7384K, paused 84ms, total 84ms
D/dalvikvm( 1151): GC_FOR_ALLOC freed 838K, 18% free 6103K/7384K, paused 83ms, total 84ms
D/dalvikvm( 1151): GC_FOR_ALLOC freed 860K, 18% free 6113K/7384K, paused 83ms, total 84ms
D/dalvikvm( 1151): GC_FOR_ALLOC freed 881K, 18% free 6092K/7400K, paused 80ms, total 81ms
D/dalvikvm( 1151): GC_FOR_ALLOC freed 858K, 18% free 6116K/7400K, paused 75ms, total 76ms
D/dalvikvm( 1151): GC_FOR_ALLOC freed 892K, 18% free 6113K/7400K, paused 83ms, total 84ms
D/dalvikvm( 1151): GC_FOR_ALLOC freed 862K, 18% free 6123K/7400K, paused 84ms, total 84ms
D/dalvikvm( 1151): GC_FOR_ALLOC freed 894K, 18% free 6120K/7400K, paused 95ms, total 95ms
D/dalvikvm( 1151): GC_FOR_ALLOC freed 870K, 18% free 6130K/7400K, paused 83ms, total 84ms
D/dalvikvm( 1151): GC_FOR_ALLOC freed 890K, 18% free 6108K/7420K, paused 78ms, total 79ms
D/dalvikvm( 1151): GC_FOR_ALLOC freed 932K, 18% free 6136K/7416K, paused 185ms, total 187ms
D/dalvikvm( 1151): GC_FOR_ALLOC freed 912K, 18% free 6138K/7436K, paused 171ms, total 172ms
D/AndroidRuntime( 1210): 
D/AndroidRuntime( 1210): >>>>>> AndroidRuntime START com.android.internal.os.RuntimeInit <<<<<<
D/AndroidRuntime( 1210): CheckJNI is ON
D/dalvikvm( 1151): GC_FOR_ALLOC freed 921K, 18% free 6143K/7436K, paused 206ms, total 207ms
D/dalvikvm( 1210): Trying to load lib libjavacore.so 0x0
D/dalvikvm( 1210): Added shared lib libjavacore.so 0x0
D/dalvikvm( 1210): Trying to load lib libnativehelper.so 0x0
D/dalvikvm( 1210): Added shared lib libnativehelper.so 0x0
D/dalvikvm( 1210): No JNI_OnLoad found in libnativehelper.so 0x0, skipping init
D/dalvikvm( 1210): Note: class Landroid/app/ActivityManagerNative; has 179 unimplemented (abstract) methods
D/dalvikvm( 1151): GC_FOR_ALLOC freed 936K, 18% free 6137K/7436K, paused 294ms, total 295ms
D/dalvikvm( 1151): GC_FOR_ALLOC freed 917K, 18% free 6137K/7436K, paused 234ms, total 235ms
E/memtrack( 1210): Couldn't load memtrack module (No such file or directory)
E/android.os.Debug( 1210): failed to load memtrack module: -2
D/dalvikvm( 1151): GC_FOR_ALLOC freed 921K, 18% free 6142K/7436K, paused 228ms, total 229ms
D/dalvikvm( 1151): GC_FOR_ALLOC freed 924K, 18% free 6146K/7436K, paused 233ms, total 234ms
D/AndroidRuntime( 1210): Calling main entry com.android.commands.am.Am
D/dalvikvm( 1151): GC_FOR_ALLOC freed 876K, 18% free 6171K/7436K, paused 110ms, total 111ms
I/ActivityManager(  366): START u0 {act=android.intent.action.MAIN cat=[android.intent.category.LAUNCHER] flg=0x10000000 cmp=com.herocraft.game.scrubs.freemium/com.inneractive.api.ads.InneractiveFullScreenView} from pid 1210
D/dalvikvm( 1151): GC_FOR_ALLOC freed 913K, 18% free 6169K/7464K, paused 98ms, total 99ms
I/System.out( 1151): paused()
D/dalvikvm( 1151): GC_FOR_ALLOC freed 887K, 18% free 6180K/7464K, paused 107ms, total 108ms
I/System.out( 1151): paused()
D/gralloc (   58): Registering a buffer in the process that created it. This may cause memory ordering problems.
E/libEGL  (   58): called unimplemented OpenGL ES API
E/libEGL  (   58): called unimplemented OpenGL ES API
E/libEGL  (   58): called unimplemented OpenGL ES API
E/libEGL  (   58): called unimplemented OpenGL ES API
E/SurfaceFlinger(   58): glCheckFramebufferStatusOES error 153191099
E/SurfaceFlinger(   58): got GL_FRAMEBUFFER_COMPLETE_OES error while taking screenshot
E/libEGL  (   58): called unimplemented OpenGL ES API
E/libEGL  (   58): called unimplemented OpenGL ES API
I/ActivityManager(  366): Config changes=480 {1.0 310mcc260mnc en_US ldltr sw480dp w480dp h839dp 160dpi lrg long port finger -keyb/v/h tball/v s.8}
I/InputReader(  366): Reconfiguring input devices.  changes=0x00000004
I/InputReader(  366): Device reconfigured: id=0, name='qwerty2', size 480x864, orientation 0, mode 1, display id 0
I/InputReader(  366): Reconfiguring input devices.  changes=0x00000004
D/PhoneStatusBar(  442): mSettingsPanelGravity = 55
D/dalvikvm( 1151): GC_FOR_ALLOC freed 938K, 18% free 6169K/7484K, paused 321ms, total 322ms
I/Choreographer(  442): Skipped 32 frames!  The application may be doing too much work on its main thread.
D/dalvikvm( 1151): GC_FOR_ALLOC freed 898K, 18% free 6201K/7484K, paused 175ms, total 176ms
I/System.out( 1151): initWH 480 864
D/dalvikvm( 1151): GC_FOR_ALLOC freed 921K, 18% free 6201K/7504K, paused 61ms, total 62ms
D/dalvikvm( 1151): GC_FOR_ALLOC freed 943K, 18% free 6216K/7524K, paused 43ms, total 44ms
D/dalvikvm( 1151): GC_FOR_ALLOC freed 944K, 18% free 6225K/7524K, paused 58ms, total 59ms
D/dalvikvm( 1151): GC_FOR_ALLOC freed 984K, 18% free 6261K/7552K, paused 47ms, total 47ms
D/dalvikvm( 1151): GC_FOR_ALLOC freed 1018K, 18% free 6269K/7600K, paused 66ms, total 67ms
D/dalvikvm( 1151): GC_FOR_ALLOC freed 992K, 18% free 6294K/7600K, paused 51ms, total 51ms
D/dalvikvm( 1151): GC_FOR_ALLOC freed 1001K, 18% free 6298K/7648K, paused 71ms, total 72ms
D/dalvikvm( 1151): GC_FOR_ALLOC freed 1005K, 18% free 6289K/7648K, paused 46ms, total 47ms
D/dalvikvm( 1151): GC_FOR_ALLOC freed 1002K, 18% free 6323K/7648K, paused 51ms, total 51ms
D/dalvikvm( 1151): GC_FOR_ALLOC freed 1017K, 19% free 6275K/7676K, paused 48ms, total 49ms
D/dalvikvm( 1151): GC_FOR_ALLOC freed 1031K, 18% free 6304K/7676K, paused 55ms, total 56ms
V/PhoneStatusBar(  442): setLightsOn(true)
D/dalvikvm( 1151): GC_FOR_ALLOC freed 1010K, 18% free 6306K/7676K, paused 203ms, total 204ms
D/dalvikvm( 1151): GC_FOR_ALLOC freed 1014K, 18% free 6310K/7676K, paused 103ms, total 104ms
W/WebView ( 1151): java.lang.Throwable: A WebView method was called on thread 'Thread-110'. All WebView methods must be called on the same thread. (Expected Looper Looper (main, tid 1) {b2d4df80} called on null, FYI main Looper is Looper (main, tid 1) {b2d4df80})
W/WebView ( 1151): 	at android.webkit.WebView.checkThread(WebView.java:2072)
W/WebView ( 1151): 	at android.webkit.WebView.loadDataWithBaseURL(WebView.java:886)
W/WebView ( 1151): 	at com.inneractive.api.ads.InneractiveAdView$2.run(Unknown Source)
I/Choreographer( 1151): Skipped 32 frames!  The application may be doing too much work on its main thread.
D/dalvikvm( 1151): GC_FOR_ALLOC freed 838K, 16% free 6473K/7676K, paused 49ms, total 50ms
W/AwContents( 1151): nativeOnDraw failed; clearing to background color.
I/ActivityManager(  366): Displayed com.herocraft.game.scrubs.freemium/com.inneractive.api.ads.InneractiveFullScreenView: +2s338ms
I/WindowManager(  366): Screen frozen for +2s341ms due to Window{b2ddfb90 u0 com.herocraft.game.scrubs.freemium/com.inneractive.api.ads.InneractiveFullScreenView}
D/AndroidRuntime( 1210): Shutting down VM
D/dalvikvm( 1210): GC_CONCURRENT freed 99K, 15% free 589K/692K, paused 3ms+1ms, total 13ms
W/AwContents( 1151): nativeOnDraw failed; clearing to background color.
D/dalvikvm( 1151): GC_FOR_ALLOC freed 998K, 18% free 6515K/7880K, paused 244ms, total 245ms
I/Choreographer(  366): Skipped 106 frames!  The application may be doing too much work on its main thread.
I/ARMAssembler(   58): generated scanline__00000077:03010104_00008002_00000000 [ 89 ipp] (110 ins) at [0xb5a45680:0xb5a45838] in 20000000 ns
D/dalvikvm( 1151): GC_FOR_ALLOC freed 1083K, 18% free 6501K/7928K, paused 246ms, total 247ms
I/Choreographer( 1151): Skipped 64 frames!  The application may be doing too much work on its main thread.
I/Choreographer(  366): Skipped 40 frames!  The application may be doing too much work on its main thread.
D/dalvikvm( 1151): GC_FOR_ALLOC freed 1017K, 18% free 6531K/7928K, paused 208ms, total 209ms
I/Choreographer(  366): Skipped 44 frames!  The application may be doing too much work on its main thread.
W/AwContents( 1151): nativeOnDraw failed; clearing to background color.
D/dalvikvm( 1151): GC_FOR_ALLOC freed 1086K, 19% free 6519K/7956K, paused 249ms, total 250ms
D/dalvikvm( 1151): GC_FOR_ALLOC freed 1092K, 19% free 6523K/7956K, paused 207ms, total 208ms
D/dalvikvm( 1151): GC_FOR_ALLOC freed 1088K, 18% free 6526K/7956K, paused 77ms, total 78ms
D/dalvikvm( 1151): GC_FOR_ALLOC freed 1053K, 18% free 6560K/7956K, paused 59ms, total 60ms
D/dalvikvm( 1151): GC_FOR_ALLOC freed 1078K, 19% free 6556K/7996K, paused 86ms, total 86ms
D/dalvikvm( 1151): GC_FOR_ALLOC freed 1098K, 18% free 6561K/7996K, paused 83ms, total 83ms
I/Choreographer( 1151): Skipped 268 frames!  The application may be doing too much work on its main thread.
W/AwContents( 1151): nativeOnDraw failed; clearing to background color.
W/AwContents( 1151): nativeOnDraw failed; clearing to background color.
D/dalvikvm( 1151): GC_FOR_ALLOC freed 1204K, 20% free 6456K/7996K, paused 136ms, total 137ms
D/dalvikvm( 1151): GC_CONCURRENT freed 1175K, 19% free 6554K/7996K, paused 5ms+4ms, total 312ms
D/dalvikvm( 1151): WAIT_FOR_CONCURRENT_GC blocked 303ms
D/dalvikvm(  366): GC_EXPLICIT freed 144K, 55% free 5735K/12520K, paused 5ms+16ms, total 147ms
D/dalvikvm( 1151): GC_FOR_ALLOC freed 1085K, 19% free 6502K/7996K, paused 179ms, total 181ms
D/dalvikvm( 1151): WAIT_FOR_CONCURRENT_GC blocked 219ms
D/dalvikvm( 1151): GC_FOR_ALLOC freed 1128K, 19% free 6519K/7996K, paused 113ms, total 114ms
D/dalvikvm( 1151): GC_FOR_ALLOC freed 1146K, 19% free 6496K/7996K, paused 97ms, total 98ms
D/dalvikvm( 1151): GC_FOR_ALLOC freed 1123K, 19% free 6524K/7996K, paused 98ms, total 99ms
D/dalvikvm( 1151): GC_FOR_ALLOC freed 1095K, 19% free 6519K/7996K, paused 94ms, total 95ms
D/dalvikvm( 1151): GC_FOR_ALLOC freed 1115K, 19% free 6524K/7996K, paused 84ms, total 85ms
D/dalvikvm( 1151): GC_FOR_ALLOC freed 1117K, 19% free 6511K/7996K, paused 89ms, total 90ms
D/dalvikvm( 1151): GC_FOR_ALLOC freed 1119K, 19% free 6516K/7996K, paused 83ms, total 84ms
D/dalvikvm( 1151): GC_FOR_ALLOC freed 1117K, 19% free 6518K/7996K, paused 107ms, total 108ms
D/dalvikvm( 1151): GC_FOR_ALLOC freed 1119K, 19% free 6520K/7996K, paused 86ms, total 87ms
D/dalvikvm( 1151): GC_FOR_ALLOC freed 1121K, 19% free 6522K/7996K, paused 69ms, total 70ms
D/dalvikvm( 1151): GC_FOR_ALLOC freed 1127K, 19% free 6526K/7996K, paused 77ms, total 78ms
D/dalvikvm( 1151): GC_FOR_ALLOC freed 1072K, 19% free 6551K/7996K, paused 108ms, total 108ms
D/dalvikvm( 1151): GC_FOR_ALLOC freed 1065K, 19% free 6553K/7996K, paused 106ms, total 107ms
D/dalvikvm( 1151): GC_FOR_ALLOC freed 1072K, 18% free 6558K/7996K, paused 119ms, total 119ms
D/dalvikvm( 1151): GC_FOR_ALLOC freed 1070K, 18% free 6560K/7996K, paused 107ms, total 108ms
D/dalvikvm( 1151): GC_FOR_ALLOC freed 1075K, 19% free 6547K/7996K, paused 107ms, total 108ms
D/dalvikvm( 1151): GC_FOR_ALLOC freed 1078K, 19% free 6550K/7996K, paused 127ms, total 128ms
D/dalvikvm( 1151): GC_FOR_ALLOC freed 1034K, 18% free 6581K/7996K, paused 91ms, total 92ms
D/dalvikvm( 1151): GC_FOR_ALLOC freed 1064K, 19% free 6558K/8016K, paused 107ms, total 108ms
D/dalvikvm( 1151): GC_FOR_ALLOC freed 1083K, 18% free 6580K/8016K, paused 116ms, total 117ms
D/dalvikvm( 1151): GC_FOR_ALLOC freed 1085K, 19% free 6568K/8016K, paused 57ms, total 58ms
D/dalvikvm( 1151): GC_FOR_ALLOC freed 1093K, 18% free 6575K/8016K, paused 157ms, total 158ms
D/dalvikvm( 1151): GC_FOR_ALLOC freed 1016K, 18% free 6593K/8016K, paused 178ms, total 179ms
I/Choreographer( 1151): Skipped 58 frames!  The application may be doing too much work on its main thread.
D/dalvikvm( 1151): GC_FOR_ALLOC freed 1029K, 18% free 6598K/8036K, paused 128ms, total 128ms
I/Choreographer( 1151): Skipped 69 frames!  The application may be doing too much work on its main thread.
W/chromium( 1151): [WARNING:simple_index_file.cc(338)] Could not map Simple Index file.
I/chromium( 1151): [INFO:simple_index_file.cc(437)] Simple Cache Index is being restored from disk.
D/dalvikvm( 1151): GC_FOR_ALLOC freed 1031K, 18% free 6602K/8036K, paused 157ms, total 158ms
D/AndroidRuntime( 1232): 
D/AndroidRuntime( 1232): >>>>>> AndroidRuntime START com.android.internal.os.RuntimeInit <<<<<<
D/AndroidRuntime( 1232): CheckJNI is ON
D/dalvikvm( 1151): GC_FOR_ALLOC freed 1026K, 18% free 6604K/8036K, paused 197ms, total 198ms
D/dalvikvm( 1232): Trying to load lib libjavacore.so 0x0
D/dalvikvm( 1232): Added shared lib libjavacore.so 0x0
D/dalvikvm( 1232): Trying to load lib libnativehelper.so 0x0
D/dalvikvm( 1232): Added shared lib libnativehelper.so 0x0
D/dalvikvm( 1232): No JNI_OnLoad found in libnativehelper.so 0x0, skipping init
D/dalvikvm( 1151): GC_FOR_ALLOC freed 1037K, 18% free 6610K/8036K, paused 157ms, total 158ms
D/dalvikvm( 1232): Note: class Landroid/app/ActivityManagerNative; has 179 unimplemented (abstract) methods
D/dalvikvm( 1151): GC_FOR_ALLOC freed 1052K, 18% free 6622K/8064K, paused 138ms, total 138ms
D/dalvikvm( 1151): GC_FOR_ALLOC freed 1085K, 18% free 6619K/8064K, paused 178ms, total 179ms
D/dalvikvm( 1151): GC_FOR_ALLOC freed 1055K, 18% free 6631K/8064K, paused 446ms, total 447ms
E/memtrack( 1232): Couldn't load memtrack module (No such file or directory)
E/android.os.Debug( 1232): failed to load memtrack module: -2
D/dalvikvm( 1151): GC_FOR_ALLOC freed 1108K, 18% free 6637K/8084K, paused 179ms, total 180ms
D/AndroidRuntime( 1232): Calling main entry com.android.commands.am.Am
I/ActivityManager(  366): START u0 {act=android.intent.action.MAIN cat=[android.intent.category.LAUNCHER] flg=0x10000000 cmp=com.herocraft.game.scrubs.freemium/com.sponsorpay.sdk.android.publisher.OfferWallActivity} from pid 1232
D/dalvikvm( 1151): GC_FOR_ALLOC freed 1086K, 19% free 6631K/8104K, paused 163ms, total 164ms
D/dalvikvm( 1151): GC_FOR_ALLOC freed 1106K, 19% free 6617K/8104K, paused 235ms, total 236ms
D/dalvikvm( 1151): GC_FOR_ALLOC freed 1107K, 19% free 6640K/8104K, paused 205ms, total 206ms
I/Choreographer(  680): Skipped 344 frames!  The application may be doing too much work on its main thread.
D/dalvikvm( 1151): GC_FOR_ALLOC freed 1080K, 18% free 6703K/8104K, paused 182ms, total 184ms
V/PhoneStatusBar(  442): setLightsOn(true)
D/dalvikvm( 1151): GC_FOR_ALLOC freed 1066K, 17% free 6845K/8172K, paused 185ms, total 187ms
D/OfferWallActivity( 1151): Offerwall request url: http://iframe.sponsorpay.com/mobile?mac_address=&android_id=179a0a1c0680000c&phone_version=unknown_sdk&sdk_version=1.7.0&appid=4456&device_id=000000000000000&language=en_US&os_version=Android%20OS%204.4.4
D/dalvikvm( 1151): GC_FOR_ALLOC freed 1197K, 18% free 6860K/8356K, paused 187ms, total 187ms
I/Choreographer( 1151): Skipped 136 frames!  The application may be doing too much work on its main thread.
D/dalvikvm( 1151): GC_FOR_ALLOC freed 1249K, 19% free 6849K/8404K, paused 143ms, total 148ms
I/chromium( 1151): [INFO:CONSOLE(1376)] "Uncaught SyntaxError: Unexpected token ,", source: about:blank (1376)
I/Choreographer( 1151): Skipped 67 frames!  The application may be doing too much work on its main thread.
D/dalvikvm( 1151): GC_FOR_ALLOC freed 1216K, 19% free 6888K/8404K, paused 159ms, total 160ms
W/AwContents( 1151): nativeOnDraw failed; clearing to background color.
D/dalvikvm( 1151): GC_FOR_ALLOC freed 1232K, 19% free 6882K/8424K, paused 180ms, total 181ms
D/dalvikvm( 1151): GC_FOR_ALLOC freed 1257K, 19% free 6887K/8424K, paused 130ms, total 131ms
I/ActivityManager(  366): Displayed com.herocraft.game.scrubs.freemium/com.sponsorpay.sdk.android.publisher.OfferWallActivity: +2s564ms
D/AndroidRuntime( 1232): Shutting down VM
D/dalvikvm( 1232): GC_CONCURRENT freed 99K, 15% free 589K/692K, paused 1ms+12ms, total 21ms
I/ARMAssembler(   58): generated scanline__00000077:03515104_00009002_00000000 [127 ipp] (149 ins) at [0xb5a45840:0xb5a45a94] in 10000000 ns
I/Choreographer(  366): Skipped 37 frames!  The application may be doing too much work on its main thread.
D/dalvikvm( 1151): GC_FOR_ALLOC freed 1277K, 19% free 6898K/8424K, paused 358ms, total 359ms
D/dalvikvm( 1151): GC_FOR_ALLOC freed 1263K, 19% free 6903K/8444K, paused 272ms, total 273ms
D/dalvikvm( 1151): GC_FOR_ALLOC freed 1262K, 19% free 6889K/8444K, paused 106ms, total 107ms
D/dalvikvm( 1151): GC_FOR_ALLOC freed 1264K, 19% free 6911K/8444K, paused 76ms, total 77ms
W/AwContents( 1151): nativeOnDraw failed; clearing to background color.
D/dalvikvm( 1151): GC_FOR_ALLOC freed 1267K, 19% free 6916K/8464K, paused 55ms, total 56ms
I/Choreographer( 1151): Skipped 83 frames!  The application may be doing too much work on its main thread.
W/AwContents( 1151): nativeOnDraw failed; clearing to background color.
D/dalvikvm( 1151): GC_FOR_ALLOC freed 1240K, 18% free 6956K/8464K, paused 98ms, total 98ms
I/Choreographer( 1151): Skipped 52 frames!  The application may be doing too much work on its main thread.
D/dalvikvm( 1151): GC_FOR_ALLOC freed 1244K, 19% free 6947K/8516K, paused 105ms, total 106ms
I/Choreographer( 1151): Skipped 35 frames!  The application may be doing too much work on its main thread.
D/dalvikvm( 1151): GC_FOR_ALLOC freed 1298K, 19% free 6941K/8516K, paused 83ms, total 84ms
I/Choreographer( 1151): Skipped 44 frames!  The application may be doing too much work on its main thread.
D/dalvikvm( 1151): GC_FOR_ALLOC freed 1297K, 19% free 6951K/8516K, paused 108ms, total 109ms
D/dalvikvm( 1151): GC_FOR_ALLOC freed 1252K, 18% free 6992K/8516K, paused 150ms, total 151ms
D/dalvikvm( 1151): GC_FOR_ALLOC freed 1253K, 19% free 6982K/8568K, paused 111ms, total 112ms
I/chromium( 1151): [INFO:CONSOLE(6)] "The key "viewport-fit" is not recognized and ignored.", source: http://offer.fyber.com/mobile?mac_address=&android_id=179a0a1c0680000c&phone_version=unknown_sdk&sdk_version=1.7.0&appid=4456&device_id=000000000000000&language=en_US&os_version=Android%20OS%204.4.4 (6)
D/dalvikvm( 1151): GC_CONCURRENT freed 1416K, 19% free 7009K/8568K, paused 65ms+5ms, total 277ms
D/dalvikvm( 1151): WAIT_FOR_CONCURRENT_GC blocked 239ms
D/dalvikvm( 1151): WAIT_FOR_CONCURRENT_GC blocked 139ms
I/chromium( 1151): [INFO:CONSOLE(30)] "Uncaught SyntaxError: Unexpected identifier", source: http://offer.fyber.com/mobile?mac_address=&android_id=179a0a1c0680000c&phone_version=unknown_sdk&sdk_version=1.7.0&appid=4456&device_id=000000000000000&language=en_US&os_version=Android%20OS%204.4.4 (30)
D/dalvikvm( 1151): GC_CONCURRENT freed 1376K, 18% free 7075K/8600K, paused 5ms+4ms, total 350ms
D/dalvikvm( 1151): WAIT_FOR_CONCURRENT_GC blocked 337ms
D/dalvikvm( 1151): WAIT_FOR_CONCURRENT_GC blocked 312ms
D/dalvikvm( 1151): GC_CONCURRENT freed 1479K, 19% free 7067K/8688K, paused 5ms+17ms, total 254ms
D/dalvikvm( 1151): WAIT_FOR_CONCURRENT_GC blocked 245ms
D/dalvikvm( 1151): WAIT_FOR_CONCURRENT_GC blocked 227ms
D/dalvikvm( 1151): WAIT_FOR_CONCURRENT_GC blocked 33ms
D/dalvikvm( 1151): GC_EXPLICIT freed 1424K, 19% free 7062K/8688K, paused 14ms+8ms, total 110ms
D/dalvikvm( 1151): WAIT_FOR_CONCURRENT_GC blocked 54ms
D/dalvikvm( 1151): GC_FOR_ALLOC freed 1435K, 20% free 7025K/8688K, paused 75ms, total 76ms
D/dalvikvm( 1151): GC_CONCURRENT freed 1204K, 17% free 7285K/8688K, paused 75ms+8ms, total 309ms
D/dalvikvm( 1151): WAIT_FOR_CONCURRENT_GC blocked 123ms
D/dalvikvm( 1151): WAIT_FOR_CONCURRENT_GC blocked 128ms
D/dalvikvm( 1151): WAIT_FOR_CONCURRENT_GC blocked 120ms
D/dalvikvm( 1151): WAIT_FOR_CONCURRENT_GC blocked 40ms
D/dalvikvm( 1151): GC_CONCURRENT freed 1583K, 20% free 7247K/8968K, paused 5ms+3ms, total 298ms
D/dalvikvm( 1151): WAIT_FOR_CONCURRENT_GC blocked 90ms
D/dalvikvm( 1151): WAIT_FOR_CONCURRENT_GC blocked 110ms
D/dalvikvm( 1151): WAIT_FOR_CONCURRENT_GC blocked 130ms
D/dalvikvm( 1151): WAIT_FOR_CONCURRENT_GC blocked 122ms
D/AndroidRuntime( 1252): 
D/AndroidRuntime( 1252): >>>>>> AndroidRuntime START com.android.internal.os.RuntimeInit <<<<<<
D/AndroidRuntime( 1252): CheckJNI is ON
D/dalvikvm( 1151): GC_FOR_ALLOC freed 1533K, 20% free 7226K/8968K, paused 238ms, total 238ms
I/Choreographer( 1151): Skipped 52 frames!  The application may be doing too much work on its main thread.
D/dalvikvm( 1252): Trying to load lib libjavacore.so 0x0
D/dalvikvm( 1252): Added shared lib libjavacore.so 0x0
D/dalvikvm( 1252): Trying to load lib libnativehelper.so 0x0
D/dalvikvm( 1252): Added shared lib libnativehelper.so 0x0
D/dalvikvm( 1252): No JNI_OnLoad found in libnativehelper.so 0x0, skipping init
D/dalvikvm( 1252): Note: class Landroid/app/ActivityManagerNative; has 179 unimplemented (abstract) methods
D/dalvikvm( 1151): GC_CONCURRENT freed 1487K, 20% free 7242K/8968K, paused 6ms+6ms, total 911ms
D/dalvikvm( 1151): WAIT_FOR_CONCURRENT_GC blocked 884ms
D/dalvikvm( 1151): WAIT_FOR_CONCURRENT_GC blocked 910ms
E/memtrack( 1252): Couldn't load memtrack module (No such file or directory)
E/android.os.Debug( 1252): failed to load memtrack module: -2
D/dalvikvm( 1151): GC_EXPLICIT freed 1493K, 20% free 7226K/8968K, paused 5ms+7ms, total 400ms
D/dalvikvm( 1151): WAIT_FOR_CONCURRENT_GC blocked 263ms
D/AndroidRuntime( 1252): Calling main entry com.android.commands.am.Am
I/ActivityManager(  366): START u0 {act=android.intent.action.MAIN cat=[android.intent.category.LAUNCHER] flg=0x10000000 cmp=com.herocraft.game.scrubs.freemium/.a} from pid 1252
D/dalvikvm( 1151): GC_CONCURRENT freed 1475K, 20% free 7245K/8968K, paused 5ms+16ms, total 354ms
D/dalvikvm( 1151): WAIT_FOR_CONCURRENT_GC blocked 328ms
D/dalvikvm( 1151): WAIT_FOR_CONCURRENT_GC blocked 46ms
D/dalvikvm( 1151): GC_EXPLICIT freed 792K, 18% free 7400K/8968K, paused 4ms+6ms, total 77ms
W/ActivityManager(  366): Activity pause timeout for ActivityRecord{b328c670 u0 com.herocraft.game.scrubs.freemium/com.sponsorpay.sdk.android.publisher.OfferWallActivity t4}
D/dalvikvm( 1151): GC_EXPLICIT freed 422K, 17% free 7449K/8968K, paused 4ms+6ms, total 75ms
D/dalvikvm( 1151): GC_EXPLICIT freed 328K, 17% free 7494K/8968K, paused 3ms+6ms, total 73ms
D/dalvikvm( 1151): GC_FOR_ALLOC freed 29K, 16% free 7742K/9216K, paused 52ms, total 52ms
W/SurfaceFlinger(   58): couldn't log to binary event log: overflow.
V/PhoneStatusBar(  442): setLightsOn(true)
I/Choreographer( 1151): Skipped 37 frames!  The application may be doing too much work on its main thread.
D/dalvikvm( 1151): GC_FOR_ALLOC freed 280K, 12% free 8391K/9484K, paused 59ms, total 65ms
I/Choreographer(  366): Skipped 246 frames!  The application may be doing too much work on its main thread.
I/ActivityManager(  366): Displayed com.herocraft.game.scrubs.freemium/.a: +2s85ms
D/AndroidRuntime( 1252): Shutting down VM
D/dalvikvm( 1252): GC_CONCURRENT freed 97K, 15% free 589K/692K, paused 3ms+2ms, total 33ms
I/Choreographer(  366): Skipped 44 frames!  The application may be doing too much work on its main thread.
I/Choreographer(  366): Skipped 38 frames!  The application may be doing too much work on its main thread.
W/SurfaceFlinger(   58): couldn't log to binary event log: overflow.
E/MediaPlayer( 1151): Should have subtitle controller already set
E/MediaPlayer( 1151): Should have subtitle controller already set
E/MediaPlayer( 1151): Should have subtitle controller already set
E/MediaPlayer( 1151): Should have subtitle controller already set
D/AndroidRuntime( 1297): 
D/AndroidRuntime( 1297): >>>>>> AndroidRuntime START com.android.internal.os.RuntimeInit <<<<<<
D/AndroidRuntime( 1297): CheckJNI is ON
D/dalvikvm( 1297): Trying to load lib libjavacore.so 0x0
D/dalvikvm( 1297): Added shared lib libjavacore.so 0x0
D/dalvikvm( 1297): Trying to load lib libnativehelper.so 0x0
D/dalvikvm( 1297): Added shared lib libnativehelper.so 0x0
D/dalvikvm( 1297): No JNI_OnLoad found in libnativehelper.so 0x0, skipping init
D/dalvikvm( 1297): Note: class Landroid/app/ActivityManagerNative; has 179 unimplemented (abstract) methods
E/memtrack( 1297): Couldn't load memtrack module (No such file or directory)
E/android.os.Debug( 1297): failed to load memtrack module: -2
D/AndroidRuntime( 1297): Calling main entry com.android.commands.am.Am
I/ActivityManager(  366): START u0 {act=android.intent.action.MAIN cat=[android.intent.category.LAUNCHER] flg=0x10000000 cmp=com.herocraft.game.scrubs.freemium/com.herocraft.sdk.android.Application} from pid 1297
D/AndroidRuntime( 1297): Shutting down VM
D/dalvikvm( 1297): GC_CONCURRENT freed 98K, 15% free 590K/692K, paused 2ms+2ms, total 10ms
E/MediaPlayer( 1151): Should have subtitle controller already set
E/MediaPlayer( 1151): Should have subtitle controller already set
E/MediaPlayer( 1151): Should have subtitle controller already set
D/AndroidRuntime( 1485): 
D/AndroidRuntime( 1485): >>>>>> AndroidRuntime START com.android.internal.os.RuntimeInit <<<<<<
D/AndroidRuntime( 1485): CheckJNI is ON
D/dalvikvm( 1485): Trying to load lib libjavacore.so 0x0
D/dalvikvm( 1485): Added shared lib libjavacore.so 0x0
D/dalvikvm( 1485): Trying to load lib libnativehelper.so 0x0
D/dalvikvm( 1485): Added shared lib libnativehelper.so 0x0
D/dalvikvm( 1485): No JNI_OnLoad found in libnativehelper.so 0x0, skipping init
D/dalvikvm( 1485): Note: class Landroid/app/ActivityManagerNative; has 179 unimplemented (abstract) methods
E/memtrack( 1485): Couldn't load memtrack module (No such file or directory)
E/android.os.Debug( 1485): failed to load memtrack module: -2
D/AndroidRuntime( 1485): Calling main entry com.android.commands.monkey.Monkey
W/BroadcastQueue(  366): Skipping deliver [background] BroadcastRecord{b339dfe8 u-1 android.net.conn.CONNECTIVITY_CHANGE} to ReceiverList{b3193d80 1485 (unknown name)/0/u-1 remote:b32c14f8}: process crashing
D/MonkeyStub( 1485): translateCommand: wake
D/MonkeyStub( 1485): translateCommand: wake
D/MonkeyStub( 1485): translateCommand: type chupachupachupachupachupachupachupachupachupachupachupachupachupachupachupachupachupachupa
D/MonkeyStub( 1485): Quit requested
I/AndroidRuntime( 1485): VM exiting with result code 180.
E/MediaPlayer( 1151): Should have subtitle controller already set
D/dalvikvm( 1151): GC_EXPLICIT freed 973K, 17% free 8109K/9744K, paused 5ms+7ms, total 83ms
I/System.out( 1151): 000000000000000
I/Choreographer( 1151): Skipped 48 frames!  The application may be doing too much work on its main thread.
W/WebView ( 1151): java.lang.Throwable: A WebView method was called on thread 'Thread-125'. All WebView methods must be called on the same thread. (Expected Looper Looper (main, tid 1) {b2d4df80} called on null, FYI main Looper is Looper (main, tid 1) {b2d4df80})
W/WebView ( 1151): 	at android.webkit.WebView.checkThread(WebView.java:2072)
W/WebView ( 1151): 	at android.webkit.WebView.loadDataWithBaseURL(WebView.java:886)
W/WebView ( 1151): 	at com.inneractive.api.ads.InneractiveAdView$2.run(Unknown Source)
W/WebView ( 1151): java.lang.Throwable: A WebView method was called on thread 'Thread-128'. All WebView methods must be called on the same thread. (Expected Looper Looper (main, tid 1) {b2d4df80} called on null, FYI main Looper is Looper (main, tid 1) {b2d4df80})
W/WebView ( 1151): 	at android.webkit.WebView.checkThread(WebView.java:2072)
W/WebView ( 1151): 	at android.webkit.WebView.loadDataWithBaseURL(WebView.java:886)
W/WebView ( 1151): 	at com.inneractive.api.ads.InneractiveAdView$2.run(Unknown Source)
W/WebView ( 1151): java.lang.Throwable: A WebView method was called on thread 'Thread-130'. All WebView methods must be called on the same thread. (Expected Looper Looper (main, tid 1) {b2d4df80} called on null, FYI main Looper is Looper (main, tid 1) {b2d4df80})
W/WebView ( 1151): 	at android.webkit.WebView.checkThread(WebView.java:2072)
W/WebView ( 1151): 	at android.webkit.WebView.loadDataWithBaseURL(WebView.java:886)
W/WebView ( 1151): 	at com.inneractive.api.ads.InneractiveAdView$2.run(Unknown Source)
D/dalvikvm( 1151): GC_CONCURRENT freed 1515K, 17% free 8377K/10052K, paused 3ms+5ms, total 70ms
D/dalvikvm( 1151): WAIT_FOR_CONCURRENT_GC blocked 33ms
I/ActivityManager(  366): START u0 {cmp=com.herocraft.game.scrubs.freemium/.a} from pid 1151
V/PhoneStatusBar(  442): setLightsOn(true)
I/Choreographer(  366): Skipped 32 frames!  The application may be doing too much work on its main thread.
I/ActivityManager(  366): Displayed com.herocraft.game.scrubs.freemium/.a: +716ms
W/WebView ( 1151): java.lang.Throwable: A WebView method was called on thread 'Thread-132'. All WebView methods must be called on the same thread. (Expected Looper Looper (main, tid 1) {b2d4df80} called on null, FYI main Looper is Looper (main, tid 1) {b2d4df80})
W/WebView ( 1151): 	at android.webkit.WebView.checkThread(WebView.java:2072)
W/WebView ( 1151): 	at android.webkit.WebView.loadDataWithBaseURL(WebView.java:886)
W/WebView ( 1151): 	at com.inneractive.api.ads.InneractiveAdView$2.run(Unknown Source)
