I/PackageManager(  356): Adding preferred activity ComponentInfo{com.android.mms/com.android.mms.ui.ComposeMessageActivity} for user 0 :
I/LatinIME:LogUtils(  589): Dictionary info: dictionary = personalization.en_US.dict ; version = ? ; date = 1545832343
I/LatinIME:LogUtils(  589): Dictionary info: dictionary = PersonalizationPredictionDictio ; version = ? ; date = 1545832343
I/PackageManager(  356):   Action: "android.intent.action.SENDTO"
I/PackageManager(  356):   Category: "android.intent.category.DEFAULT"
I/PackageManager(  356):   Scheme: "smsto"
I/PackageManager(  356): Adding preferred activity ComponentInfo{com.android.mms/com.android.mms.ui.ComposeMessageActivity} for user 0 :
I/PackageManager(  356):   Action: "android.intent.action.SENDTO"
I/PackageManager(  356):   Category: "android.intent.category.DEFAULT"
I/PackageManager(  356):   Scheme: "mms"
I/PackageManager(  356): Adding preferred activity ComponentInfo{com.android.mms/com.android.mms.ui.ComposeMessageActivity} for user 0 :
D/dalvikvm(  356): GC_CONCURRENT freed 666K, 58% free 5414K/12744K, paused 6ms+51ms, total 297ms
D/dalvikvm(  356): WAIT_FOR_CONCURRENT_GC blocked 197ms
I/PackageManager(  356):   Action: "android.intent.action.SENDTO"
I/PackageManager(  356):   Category: "android.intent.category.DEFAULT"
I/PackageManager(  356):   Scheme: "mmsto"
I/PackageManager(  356): Adding preferred activity ComponentInfo{com.android.mms/com.android.mms.ui.ComposeMessageActivity} for user 0 :
D/dalvikvm(  589): GC_CONCURRENT freed 367K, 14% free 2992K/3468K, paused 4ms+2ms, total 44ms
D/dalvikvm(  589): GC_CONCURRENT freed 428K, 17% free 2991K/3568K, paused 4ms+2ms, total 41ms
I/ActivityManager(  356): Start proc com.android.printspooler for service com.android.printspooler/.PrintSpoolerService: pid=691 uid=10039 gids={50039}
I/LatinIME:LogUtils(  589): Dictionary info: dictionary = userunigram.en_US.dict ; version = ? ; date = ?
E/BluetoothAdapter(  601): Bluetooth binder is null
E/BluetoothAdapter(  601): Bluetooth binder is null
W/ProcessCpuTracker(  356): Skipping unknown process pid 707
I/PrintSpoolerService(  691): No existing print spooler state.
D/CallNotifier(  601): CallNotifier: mSignalInfoToneGenerator created when toneplay
E/BluetoothAdapter(  601): Bluetooth binder is null
I/LatinIME:LogUtils(  589): Dictionary info: dictionary = main:en ; version = 42 ; date = 1381226429
I/LatinIME:LogUtils(  589): Dictionary info: dictionary = main:en ; version = 42 ; date = 1381226429
I/LatinIME:LogUtils(  589): Dictionary info: dictionary = main:en ; version = 42 ; date = 1381226429
I/LatinIME:LogUtils(  589): Dictionary info: dictionary = main:en ; version = 42 ; date = 1381226429
I/LatinIME:LogUtils(  589): Dictionary info: dictionary = main:en ; version = 42 ; date = 1381226429
I/LatinIME:LogUtils(  589): Dictionary info: dictionary = main:en ; version = 42 ; date = 1381226429
I/LatinIME:LogUtils(  589): Dictionary info: dictionary = main:en ; version = 42 ; date = 1381226429
D/dalvikvm(  589): GC_CONCURRENT freed 335K, 14% free 3079K/3568K, paused 5ms+4ms, total 133ms
I/LatinIME:LogUtils(  589): Dictionary info: dictionary = main:en ; version = 42 ; date = 1381226429
D/MobileDataStateTracker(  356): fota: Broadcast received: android.intent.action.ANY_DATA_STATE apnType=fota
D/MobileDataStateTracker(  356): fota: Received state=DISCONNECTED, old=DISCONNECTED, reason=radioTurnedOff
D/MobileDataStateTracker(  356): ia: Broadcast received: android.intent.action.ANY_DATA_STATE apnType=ia
D/MobileDataStateTracker(  356): ia: Received state=DISCONNECTED, old=DISCONNECTED, reason=radioTurnedOff
D/MobileDataStateTracker(  356): supl: Broadcast received: android.intent.action.ANY_DATA_STATE apnType=supl
D/MobileDataStateTracker(  356): supl: Received state=DISCONNECTED, old=DISCONNECTED, reason=radioTurnedOff
D/MobileDataStateTracker(  356): hipri: Broadcast received: android.intent.action.ANY_DATA_STATE apnType=hipri
D/MobileDataStateTracker(  356): hipri: Received state=DISCONNECTED, old=DISCONNECTED, reason=radioTurnedOff
D/MobileDataStateTracker(  356): ims: Broadcast received: android.intent.action.ANY_DATA_STATE apnType=ims
D/MobileDataStateTracker(  356): ims: Received state=DISCONNECTED, old=DISCONNECTED, reason=radioTurnedOff
D/MobileDataStateTracker(  356): default: Broadcast received: android.intent.action.ANY_DATA_STATE apnType=default
D/MobileDataStateTracker(  356): default: Received state=DISCONNECTED, old=DISCONNECTED, reason=radioTurnedOff
D/MobileDataStateTracker(  356): mms: Broadcast received: android.intent.action.ANY_DATA_STATE apnType=mms
D/MobileDataStateTracker(  356): mms: Received state=DISCONNECTED, old=DISCONNECTED, reason=radioTurnedOff
D/MobileDataStateTracker(  356): cbs: Broadcast received: android.intent.action.ANY_DATA_STATE apnType=cbs
D/MobileDataStateTracker(  356): cbs: Received state=DISCONNECTED, old=DISCONNECTED, reason=radioTurnedOff
D/MobileDataStateTracker(  356): fota: Broadcast received: android.intent.action.ANY_DATA_STATE apnType=fota
D/MobileDataStateTracker(  356): fota: Received state=DISCONNECTED, old=DISCONNECTED, reason=radioTurnedOff
D/MobileDataStateTracker(  356): ia: Broadcast received: android.intent.action.ANY_DATA_STATE apnType=ia
D/MobileDataStateTracker(  356): ia: Received state=DISCONNECTED, old=DISCONNECTED, reason=radioTurnedOff
D/MobileDataStateTracker(  356): supl: Broadcast received: android.intent.action.ANY_DATA_STATE apnType=supl
D/MobileDataStateTracker(  356): supl: Received state=DISCONNECTED, old=DISCONNECTED, reason=radioTurnedOff
D/MobileDataStateTracker(  356): hipri: Broadcast received: android.intent.action.ANY_DATA_STATE apnType=hipri
D/MobileDataStateTracker(  356): hipri: Received state=DISCONNECTED, old=DISCONNECTED, reason=radioTurnedOff
D/MobileDataStateTracker(  356): ims: Broadcast received: android.intent.action.ANY_DATA_STATE apnType=ims
D/MobileDataStateTracker(  356): ims: Received state=DISCONNECTED, old=DISCONNECTED, reason=radioTurnedOff
D/MobileDataStateTracker(  356): default: Broadcast received: android.intent.action.ANY_DATA_STATE apnType=default
D/MobileDataStateTracker(  356): default: Received state=DISCONNECTED, old=DISCONNECTED, reason=radioTurnedOff
D/MobileDataStateTracker(  356): mms: Broadcast received: android.intent.action.ANY_DATA_STATE apnType=mms
D/MobileDataStateTracker(  356): mms: Received state=DISCONNECTED, old=DISCONNECTED, reason=radioTurnedOff
D/MobileDataStateTracker(  356): cbs: Broadcast received: android.intent.action.ANY_DATA_STATE apnType=cbs
D/MobileDataStateTracker(  356): cbs: Received state=DISCONNECTED, old=DISCONNECTED, reason=radioTurnedOff
D/MobileDataStateTracker(  356): fota: Broadcast received: android.intent.action.ANY_DATA_STATE apnType=fota
D/MobileDataStateTracker(  356): fota: Received state=DISCONNECTED, old=DISCONNECTED, reason=dataDetached
D/MobileDataStateTracker(  356): ia: Broadcast received: android.intent.action.ANY_DATA_STATE apnType=ia
D/dalvikvm(  663): GC_CONCURRENT freed 171K, 9% free 2933K/3216K, paused 10ms+8ms, total 82ms
D/MobileDataStateTracker(  356): ia: Received state=DISCONNECTED, old=DISCONNECTED, reason=dataDetached
D/MobileDataStateTracker(  356): supl: Broadcast received: android.intent.action.ANY_DATA_STATE apnType=supl
D/MobileDataStateTracker(  356): supl: Received state=DISCONNECTED, old=DISCONNECTED, reason=dataDetached
D/MobileDataStateTracker(  356): hipri: Broadcast received: android.intent.action.ANY_DATA_STATE apnType=hipri
D/MobileDataStateTracker(  356): hipri: Received state=DISCONNECTED, old=DISCONNECTED, reason=dataDetached
D/MobileDataStateTracker(  356): ims: Broadcast received: android.intent.action.ANY_DATA_STATE apnType=ims
D/MobileDataStateTracker(  356): ims: Received state=DISCONNECTED, old=DISCONNECTED, reason=dataDetached
D/MobileDataStateTracker(  356): default: Broadcast received: android.intent.action.ANY_DATA_STATE apnType=default
D/MobileDataStateTracker(  356): default: Received state=DISCONNECTED, old=DISCONNECTED, reason=dataDetached
D/MobileDataStateTracker(  356): mms: Broadcast received: android.intent.action.ANY_DATA_STATE apnType=mms
D/MobileDataStateTracker(  356): mms: Received state=DISCONNECTED, old=DISCONNECTED, reason=dataDetached
D/MobileDataStateTracker(  356): cbs: Broadcast received: android.intent.action.ANY_DATA_STATE apnType=cbs
D/MobileDataStateTracker(  356): cbs: Received state=DISCONNECTED, old=DISCONNECTED, reason=dataDetached
D/MobileDataStateTracker(  356): fota: Broadcast received: android.intent.action.ANY_DATA_STATE apnType=fota
D/MobileDataStateTracker(  356): fota: Received state=DISCONNECTED, old=DISCONNECTED, reason=roamingOff
D/MobileDataStateTracker(  356): ia: Broadcast received: android.intent.action.ANY_DATA_STATE apnType=ia
D/MobileDataStateTracker(  356): ia: Received state=DISCONNECTED, old=DISCONNECTED, reason=roamingOff
D/MobileDataStateTracker(  356): supl: Broadcast received: android.intent.action.ANY_DATA_STATE apnType=supl
D/MobileDataStateTracker(  356): supl: Received state=DISCONNECTED, old=DISCONNECTED, reason=roamingOff
D/MobileDataStateTracker(  356): hipri: Broadcast received: android.intent.action.ANY_DATA_STATE apnType=hipri
D/MobileDataStateTracker(  356): hipri: Received state=DISCONNECTED, old=DISCONNECTED, reason=roamingOff
D/MobileDataStateTracker(  356): ims: Broadcast received: android.intent.action.ANY_DATA_STATE apnType=ims
D/MobileDataStateTracker(  356): ims: Received state=DISCONNECTED, old=DISCONNECTED, reason=roamingOff
D/MobileDataStateTracker(  356): default: Broadcast received: android.intent.action.ANY_DATA_STATE apnType=default
D/MobileDataStateTracker(  356): default: Received state=DISCONNECTED, old=DISCONNECTED, reason=roamingOff
D/MobileDataStateTracker(  356): mms: Broadcast received: android.intent.action.ANY_DATA_STATE apnType=mms
D/MobileDataStateTracker(  356): mms: Received state=DISCONNECTED, old=DISCONNECTED, reason=roamingOff
D/MobileDataStateTracker(  356): cbs: Broadcast received: android.intent.action.ANY_DATA_STATE apnType=cbs
D/MobileDataStateTracker(  356): cbs: Received state=DISCONNECTED, old=DISCONNECTED, reason=roamingOff
D/MobileDataStateTracker(  356): fota: Broadcast received: android.intent.action.ANY_DATA_STATE apnType=fota
D/MobileDataStateTracker(  356): fota: Received state=DISCONNECTED, old=DISCONNECTED, reason=roamingOff
D/MobileDataStateTracker(  356): ia: Broadcast received: android.intent.action.ANY_DATA_STATE apnType=ia
D/MobileDataStateTracker(  356): ia: Received state=DISCONNECTED, old=DISCONNECTED, reason=roamingOff
D/MobileDataStateTracker(  356): supl: Broadcast received: android.intent.action.ANY_DATA_STATE apnType=supl
D/MobileDataStateTracker(  356): supl: Received state=DISCONNECTED, old=DISCONNECTED, reason=roamingOff
D/MobileDataStateTracker(  356): hipri: Broadcast received: android.intent.action.ANY_DATA_STATE apnType=hipri
D/dalvikvm(  601): GC_CONCURRENT freed 281K, 12% free 3046K/3436K, paused 21ms+2ms, total 80ms
D/MobileDataStateTracker(  356): hipri: Received state=DISCONNECTED, old=DISCONNECTED, reason=roamingOff
D/MobileDataStateTracker(  356): ims: Broadcast received: android.intent.action.ANY_DATA_STATE apnType=ims
D/MobileDataStateTracker(  356): ims: Received state=DISCONNECTED, old=DISCONNECTED, reason=roamingOff
D/MobileDataStateTracker(  356): default: Broadcast received: android.intent.action.ANY_DATA_STATE apnType=default
D/MobileDataStateTracker(  356): default: Received state=DISCONNECTED, old=DISCONNECTED, reason=roamingOff
D/MobileDataStateTracker(  356): mms: Broadcast received: android.intent.action.ANY_DATA_STATE apnType=mms
D/MobileDataStateTracker(  356): mms: Received state=DISCONNECTED, old=DISCONNECTED, reason=roamingOff
D/MobileDataStateTracker(  356): cbs: Broadcast received: android.intent.action.ANY_DATA_STATE apnType=cbs
D/MobileDataStateTracker(  356): cbs: Received state=DISCONNECTED, old=DISCONNECTED, reason=roamingOff
D/TelephonyDebugService(  601): TelephonyDebugService()
D/dalvikvm(  356): GC_CONCURRENT freed 513K, 58% free 5469K/12744K, paused 29ms+23ms, total 256ms
D/MccTable(  601): updateMccMncConfiguration: mcc=310, mnc=260
D/AlarmManagerService(  356): Kernel timezone updated to 300 minutes west of GMT
D/MccTable(  601): timezone set to America/New_York
D/MccTable(  601): getLocaleFromMcc to en_us mcc=310
D/MccTable(  601): getLocaleForLanguageCountry: got match
D/MccTable(  601): getLocaleForLanguageCountry: X locale=en_US
D/MccTable(  601): WIFI_COUNTRY_CODE set to us
I/WifiService(  356): WifiService trying to set country code to us with persist set to true
D/dalvikvm(  356): GC_CONCURRENT freed 635K, 57% free 5529K/12744K, paused 5ms+5ms, total 225ms
D/dalvikvm(  356): WAIT_FOR_CONCURRENT_GC blocked 96ms
D/dalvikvm(  356): WAIT_FOR_CONCURRENT_GC blocked 63ms
D/dalvikvm(  601): GC_CONCURRENT freed 297K, 12% free 3162K/3568K, paused 3ms+2ms, total 85ms
D/dalvikvm(  663): GC_FOR_ALLOC freed 190K, 9% free 3111K/3412K, paused 16ms, total 17ms
I/dalvikvm-heap(  663): Grow heap (frag case) to 3.754MB for 640016-byte allocation
D/dalvikvm(  663): GC_FOR_ALLOC freed 2K, 8% free 3734K/4040K, paused 88ms, total 88ms
D/dalvikvm(  663): GC_CONCURRENT freed 7K, 8% free 3726K/4040K, paused 6ms+2ms, total 55ms
D/MccTable(  601): updateMccMncConfiguration: mcc=310, mnc=260
D/MccTable(  601): getLocaleFromMcc to en_us mcc=310
D/MccTable(  601): getLocaleForLanguageCountry: got match
D/MccTable(  601): getLocaleForLanguageCountry: X locale=en_US
D/MccTable(  601): updateMccMncConfiguration updateConfig config={1.0 310mcc260mnc en_US ldltr ?swdp ?wdp ?hdp ?density ?lsize ?long ?orien ?uimode ?night ?touch ?keyb/?/? ?nav/?}
I/ActivityManager(  356): Config changes=3 {1.0 310mcc260mnc en_US ldltr sw480dp w480dp h839dp 160dpi lrg long port finger -keyb/v/h tball/v s.6}
D/PermissionCache(   57): checking android.permission.READ_FRAME_BUFFER for uid=1000 => granted (844 us)
D/gralloc (   57): Registering a buffer in the process that created it. This may cause memory ordering problems.
E/libEGL  (   57): called unimplemented OpenGL ES API
E/libEGL  (   57): called unimplemented OpenGL ES API
E/libEGL  (   57): called unimplemented OpenGL ES API
E/libEGL  (   57): called unimplemented OpenGL ES API
E/SurfaceFlinger(   57): glCheckFramebufferStatusOES error 1557554580
E/SurfaceFlinger(   57): got GL_FRAMEBUFFER_COMPLETE_OES error while taking screenshot
E/libEGL  (   57): called unimplemented OpenGL ES API
E/libEGL  (   57): called unimplemented OpenGL ES API
D/PhoneStatusBar(  450): mSettingsPanelGravity = 55
I/ARMAssembler(   57): generated scanline__00000077:03515104_00008001_00000000 [113 ipp] (134 ins) at [0xb5a7b1f0:0xb5a7b408] in 0 ns
D/MccTable(  601): updateMccMncConfiguration: mcc=310, mnc=260
D/MccTable(  601): getLocaleFromMcc to en_us mcc=310
D/MccTable(  601): getLocaleForLanguageCountry: skipping already persisted
D/MccTable(  601): getLocaleForLanguageCountry: X locale=null
D/MccTable(  601): updateMccMncConfiguration updateConfig config={1.0 310mcc260mnc ?locale ?layoutDir ?swdp ?wdp ?hdp ?density ?lsize ?long ?orien ?uimode ?night ?touch ?keyb/?/? ?nav/?}
I/FusedLocation(  356): engine stopped (com.android.location.fused)
I/FusedLocation(  356): engine started (com.android.location.fused)
W/Resources(  663): Converting to int: TypedValue{t=0x3/d=0x12 "4" a=-1}
W/Resources(  663): Converting to int: TypedValue{t=0x3/d=0xf "1" a=-1}
D/dalvikvm(  601): GC_CONCURRENT freed 369K, 13% free 3303K/3780K, paused 14ms+6ms, total 205ms
D/dalvikvm(  601): WAIT_FOR_CONCURRENT_GC blocked 149ms
D/dalvikvm(  356): GC_CONCURRENT freed 613K, 57% free 5521K/12744K, paused 157ms+14ms, total 246ms
D/MobileDataStateTracker(  356): fota: Broadcast received: android.intent.action.ANY_DATA_STATE apnType=fota
D/MobileDataStateTracker(  356): fota: Received state=DISCONNECTED, old=DISCONNECTED, reason=dataAttached
D/MobileDataStateTracker(  356): ia: Broadcast received: android.intent.action.ANY_DATA_STATE apnType=ia
D/MobileDataStateTracker(  356): ia: Received state=DISCONNECTED, old=DISCONNECTED, reason=dataAttached
D/MobileDataStateTracker(  356): supl: Broadcast received: android.intent.action.ANY_DATA_STATE apnType=supl
D/MobileDataStateTracker(  356): supl: Received state=DISCONNECTED, old=DISCONNECTED, reason=dataAttached
D/MobileDataStateTracker(  356): hipri: Broadcast received: android.intent.action.ANY_DATA_STATE apnType=hipri
D/MobileDataStateTracker(  356): hipri: Received state=DISCONNECTED, old=DISCONNECTED, reason=dataAttached
D/MobileDataStateTracker(  356): ims: Broadcast received: android.intent.action.ANY_DATA_STATE apnType=ims
D/MobileDataStateTracker(  356): ims: Received state=DISCONNECTED, old=DISCONNECTED, reason=dataAttached
D/MobileDataStateTracker(  356): mms: Broadcast received: android.intent.action.ANY_DATA_STATE apnType=mms
D/MobileDataStateTracker(  356): mms: Received state=DISCONNECTED, old=DISCONNECTED, reason=dataAttached
D/MobileDataStateTracker(  356): cbs: Broadcast received: android.intent.action.ANY_DATA_STATE apnType=cbs
D/MobileDataStateTracker(  356): cbs: Received state=DISCONNECTED, old=DISCONNECTED, reason=dataAttached
D/MobileDataStateTracker(  356): fota: Broadcast received: android.intent.action.ANY_DATA_STATE apnType=fota
D/MobileDataStateTracker(  356): fota: Received state=DISCONNECTED, old=DISCONNECTED, reason=dataAttached
D/MobileDataStateTracker(  356): ia: Broadcast received: android.intent.action.ANY_DATA_STATE apnType=ia
D/MobileDataStateTracker(  356): ia: Received state=DISCONNECTED, old=DISCONNECTED, reason=dataAttached
D/MobileDataStateTracker(  356): supl: Broadcast received: android.intent.action.ANY_DATA_STATE apnType=supl
D/MobileDataStateTracker(  356): supl: Received state=DISCONNECTED, old=DISCONNECTED, reason=dataAttached
D/MobileDataStateTracker(  356): hipri: Broadcast received: android.intent.action.ANY_DATA_STATE apnType=hipri
D/MobileDataStateTracker(  356): hipri: Received state=DISCONNECTED, old=DISCONNECTED, reason=dataAttached
D/MobileDataStateTracker(  356): ims: Broadcast received: android.intent.action.ANY_DATA_STATE apnType=ims
D/MobileDataStateTracker(  356): ims: Received state=DISCONNECTED, old=DISCONNECTED, reason=dataAttached
D/MobileDataStateTracker(  356): mms: Broadcast received: android.intent.action.ANY_DATA_STATE apnType=mms
D/MobileDataStateTracker(  356): mms: Received state=DISCONNECTED, old=DISCONNECTED, reason=dataAttached
D/MobileDataStateTracker(  356): cbs: Broadcast received: android.intent.action.ANY_DATA_STATE apnType=cbs
D/MobileDataStateTracker(  356): cbs: Received state=DISCONNECTED, old=DISCONNECTED, reason=dataAttached
D/MobileDataStateTracker(  356): fota: Broadcast received: android.intent.action.ANY_DATA_STATE apnType=fota
D/MobileDataStateTracker(  356): fota: Received state=DISCONNECTED, old=DISCONNECTED, reason=simLoaded
D/MobileDataStateTracker(  356): ia: Broadcast received: android.intent.action.ANY_DATA_STATE apnType=ia
D/MobileDataStateTracker(  356): ia: Received state=DISCONNECTED, old=DISCONNECTED, reason=simLoaded
D/dalvikvm(  601): GC_CONCURRENT freed 416K, 14% free 3279K/3804K, paused 12ms+16ms, total 95ms
D/MobileDataStateTracker(  356): supl: Broadcast received: android.intent.action.ANY_DATA_STATE apnType=supl
D/MobileDataStateTracker(  356): supl: Received state=DISCONNECTED, old=DISCONNECTED, reason=simLoaded
D/MobileDataStateTracker(  356): hipri: Broadcast received: android.intent.action.ANY_DATA_STATE apnType=hipri
D/MobileDataStateTracker(  356): hipri: Received state=DISCONNECTED, old=DISCONNECTED, reason=simLoaded
D/MobileDataStateTracker(  356): ims: Broadcast received: android.intent.action.ANY_DATA_STATE apnType=ims
D/MobileDataStateTracker(  356): ims: Received state=DISCONNECTED, old=DISCONNECTED, reason=simLoaded
D/MobileDataStateTracker(  356): mms: Broadcast received: android.intent.action.ANY_DATA_STATE apnType=mms
D/MobileDataStateTracker(  356): mms: Received state=DISCONNECTED, old=DISCONNECTED, reason=simLoaded
D/MobileDataStateTracker(  356): cbs: Broadcast received: android.intent.action.ANY_DATA_STATE apnType=cbs
D/MobileDataStateTracker(  356): cbs: Received state=DISCONNECTED, old=DISCONNECTED, reason=simLoaded
W/Resources(  663): Converting to int: TypedValue{t=0x3/d=0x15 "2" a=-1}
W/Resources(  663): Converting to int: TypedValue{t=0x3/d=0x15 "2" a=-1}
D/MobileDataStateTracker(  356): default: Broadcast received: android.intent.action.ANY_DATA_STATE apnType=default
D/MobileDataStateTracker(  356): default: Received state=CONNECTING, old=DISCONNECTED, reason=simLoaded
D/MobileDataStateTracker(  356): default: setDetailed state, old =IDLE and new state=CONNECTING
D/MobileDataStateTracker(  356): fota: Broadcast received: android.intent.action.ANY_DATA_STATE apnType=fota
D/MobileDataStateTracker(  356): fota: Received state=DISCONNECTED, old=DISCONNECTED, reason=simLoaded
D/MobileDataStateTracker(  356): ia: Broadcast received: android.intent.action.ANY_DATA_STATE apnType=ia
D/MobileDataStateTracker(  356): ia: Received state=DISCONNECTED, old=DISCONNECTED, reason=simLoaded
D/MobileDataStateTracker(  356): supl: Broadcast received: android.intent.action.ANY_DATA_STATE apnType=supl
D/MobileDataStateTracker(  356): supl: Received state=DISCONNECTED, old=DISCONNECTED, reason=simLoaded
D/MobileDataStateTracker(  356): hipri: Broadcast received: android.intent.action.ANY_DATA_STATE apnType=hipri
D/MobileDataStateTracker(  356): hipri: Received state=DISCONNECTED, old=DISCONNECTED, reason=simLoaded
D/MobileDataStateTracker(  356): ims: Broadcast received: android.intent.action.ANY_DATA_STATE apnType=ims
D/MobileDataStateTracker(  356): ims: Received state=DISCONNECTED, old=DISCONNECTED, reason=simLoaded
D/MobileDataStateTracker(  356): mms: Broadcast received: android.intent.action.ANY_DATA_STATE apnType=mms
D/MobileDataStateTracker(  356): mms: Received state=DISCONNECTED, old=DISCONNECTED, reason=simLoaded
D/MobileDataStateTracker(  356): cbs: Broadcast received: android.intent.action.ANY_DATA_STATE apnType=cbs
W/Launcher.LauncherProvider(  663): Unable to add favorite: com.android.camera2/com.android.camera.CameraLauncher
W/Launcher.LauncherProvider(  663): android.content.pm.PackageManager$NameNotFoundException: ComponentInfo{com.android.camera2/com.android.camera.CameraLauncher}
W/Launcher.LauncherProvider(  663): 	at android.app.ApplicationPackageManager.getActivityInfo(ApplicationPackageManager.java:242)
W/Launcher.LauncherProvider(  663): 	at com.android.launcher2.LauncherProvider$DatabaseHelper.addAppShortcut(LauncherProvider.java:959)
W/Launcher.LauncherProvider(  663): 	at com.android.launcher2.LauncherProvider$DatabaseHelper.loadFavorites(LauncherProvider.java:863)
W/Launcher.LauncherProvider(  663): 	at com.android.launcher2.LauncherProvider$DatabaseHelper.access$000(LauncherProvider.java:253)
W/Launcher.LauncherProvider(  663): 	at com.android.launcher2.LauncherProvider.loadDefaultFavoritesIfNecessary(LauncherProvider.java:237)
W/Launcher.LauncherProvider(  663): 	at com.android.launcher2.LauncherModel$LoaderTask.loadWorkspace(LauncherModel.java:1278)
W/Launcher.LauncherProvider(  663): 	at com.android.launcher2.LauncherModel$LoaderTask.loadAndBindWorkspace(LauncherModel.java:1020)
W/Launcher.LauncherProvider(  663): 	at com.android.launcher2.LauncherModel$LoaderTask.run(LauncherModel.java:1126)
W/Launcher.LauncherProvider(  663): 	at android.os.Handler.handleCallback(Handler.java:733)
W/Launcher.LauncherProvider(  663): 	at android.os.Handler.dispatchMessage(Handler.java:95)
W/Launcher.LauncherProvider(  663): 	at android.os.Looper.loop(Looper.java:136)
W/Launcher.LauncherProvider(  663): 	at android.os.HandlerThread.run(HandlerThread.java:61)
D/MobileDataStateTracker(  356): cbs: Received state=DISCONNECTED, old=DISCONNECTED, reason=simLoaded
D/dalvikvm(  356): GC_CONCURRENT freed 517K, 56% free 5654K/12744K, paused 53ms+65ms, total 399ms
D/dalvikvm(  356): WAIT_FOR_CONCURRENT_GC blocked 132ms
W/Launcher.LauncherProvider(  663): Unable to add favorite: com.android.gallery3d/com.android.gallery3d.app.Gallery
W/Launcher.LauncherProvider(  663): android.content.pm.PackageManager$NameNotFoundException: ComponentInfo{com.android.gallery3d/com.android.gallery3d.app.Gallery}
W/Launcher.LauncherProvider(  663): 	at android.app.ApplicationPackageManager.getActivityInfo(ApplicationPackageManager.java:242)
W/Launcher.LauncherProvider(  663): 	at com.android.launcher2.LauncherProvider$DatabaseHelper.addAppShortcut(LauncherProvider.java:959)
W/Launcher.LauncherProvider(  663): 	at com.android.launcher2.LauncherProvider$DatabaseHelper.loadFavorites(LauncherProvider.java:863)
W/Launcher.LauncherProvider(  663): 	at com.android.launcher2.LauncherProvider$DatabaseHelper.access$000(LauncherProvider.java:253)
W/Launcher.LauncherProvider(  663): 	at com.android.launcher2.LauncherProvider.loadDefaultFavoritesIfNecessary(LauncherProvider.java:237)
W/Launcher.LauncherProvider(  663): 	at com.android.launcher2.LauncherModel$LoaderTask.loadWorkspace(LauncherModel.java:1278)
W/Launcher.LauncherProvider(  663): 	at com.android.launcher2.LauncherModel$LoaderTask.loadAndBindWorkspace(LauncherModel.java:1020)
W/Launcher.LauncherProvider(  663): 	at com.android.launcher2.LauncherModel$LoaderTask.run(LauncherModel.java:1126)
W/Launcher.LauncherProvider(  663): 	at android.os.Handler.handleCallback(Handler.java:733)
W/Launcher.LauncherProvider(  663): 	at android.os.Handler.dispatchMessage(Handler.java:95)
W/Launcher.LauncherProvider(  663): 	at android.os.Looper.loop(Looper.java:136)
W/Launcher.LauncherProvider(  663): 	at android.os.HandlerThread.run(HandlerThread.java:61)
D/dalvikvm(  663): GC_CONCURRENT freed 257K, 9% free 3885K/4256K, paused 9ms+9ms, total 73ms
D/MobileDataStateTracker(  356): default: Broadcast received: android.intent.action.ANY_DATA_STATE apnType=default
D/MobileDataStateTracker(  356): default: Received state=CONNECTED, old=CONNECTING, reason=connected
D/MobileDataStateTracker(  356): default: setDetailed state, old =CONNECTING and new state=CONNECTED
D/ConnectivityService(  356): ConnectivityChange for mobile: CONNECTED/CONNECTED
D/ConnectivityService(  356): ConnectivityChange checkMobileProvisioning for TYPE_MOBILE or ProvisioningNetwork
D/ConnectivityService(  356): checkMobileProvisioning: E suggestedTimeOutMs=60000
D/ConnectivityService(  356): setProvNotificationVisible: E visible=false networkType=5 extraInfo=null url=null
D/ConnectivityService(  356): checkMobileProvisioning: params={ url=http://clients3.google.com/generate_204 mTimeOutMs=60000 mCb=com.android.server.ConnectivityService$5@b33381d8}
D/ConnectivityService(  356): checkMobileProvisioning: X
D/dalvikvm(  601): GC_CONCURRENT freed 426K, 15% free 3293K/3836K, paused 3ms+5ms, total 319ms
D/Nat464Xlat(  356): requiresClat: netType=0, hasIPv4Address=true
I/NetworkPolicy(  356): no policy for active mobile network; generating default policy
D/MobileDataStateTracker(  356): default: setPolicyDataEnable(enabled=true)
D/MobileDataStateTracker(  356): default: isProvisioningNetwork: retVal=false
D/ConnectivityService(  356): [CheckMp] isMobileOk: isDefaultProvisioning=false
D/MobileDataStateTracker(  356): hipri: isProvisioningNetwork: retVal=false
D/ConnectivityService(  356): [CheckMp] isMobileOk: isHipriProvisioning=false
I/SurfaceFlinger(   57): Boot is finished (70066 ms)
I/MediaProvider(  625): Upgrading media database from version 0 to 700, which will destroy all old data
D/ConnectivityService(  356): [CheckMp] isMobileOk: start hipri url=http://clients3.google.com/generate_204
W/ActivityManager(  356): Launch timeout has expired, giving up wake lock!
I/InputReader(  356): Reconfiguring input devices.  changes=0x00000010
I/PackageManager(  356):   Action: "android.intent.action.SENDTO"
I/PackageManager(  356):   Category: "android.intent.category.DEFAULT"
I/PackageManager(  356):   Scheme: "sms"
I/PackageManager(  356): Adding preferred activity ComponentInfo{com.android.mms/com.android.mms.ui.ComposeMessageActivity} for user 0 :
I/PackageManager(  356):   Action: "android.intent.action.SENDTO"
I/PackageManager(  356): Adding preferred activity ComponentInfo{com.android.mms/com.android.mms.ui.ComposeMessageActivity} for user 0 :
I/PackageManager(  356):   Category: "android.intent.category.DEFAULT"
I/PackageManager(  356):   Scheme: "smsto"
D/dalvikvm(  356): GC_CONCURRENT freed 808K, 57% free 5587K/12744K, paused 16ms+5ms, total 250ms
D/dalvikvm(  356): WAIT_FOR_CONCURRENT_GC blocked 37ms
I/PackageManager(  356):   Action: "android.intent.action.SENDTO"
I/PackageManager(  356):   Category: "android.intent.category.DEFAULT"
I/PackageManager(  356):   Scheme: "mms"
I/PackageManager(  356): Adding preferred activity ComponentInfo{com.android.mms/com.android.mms.ui.ComposeMessageActivity} for user 0 :
I/PackageManager(  356):   Action: "android.intent.action.SENDTO"
I/PackageManager(  356):   Category: "android.intent.category.DEFAULT"
I/PackageManager(  356):   Scheme: "mmsto"
I/PackageManager(  356): Adding preferred activity ComponentInfo{com.android.mms/com.android.mms.ui.ComposeMessageActivity} for user 0 :
I/PackageManager(  356):   Action: "android.intent.action.SENDTO"
I/PackageManager(  356):   Category: "android.intent.category.DEFAULT"
I/PackageManager(  356):   Scheme: "sms"
I/PackageManager(  356): Adding preferred activity ComponentInfo{com.android.mms/com.android.mms.ui.ComposeMessageActivity} for user 0 :
E/NetdConnector(  356): NDC Command {12 bandwidth setiquota eth0 9223372036854775807} took too long (1578ms)
I/PackageManager(  356):   Action: "android.intent.action.SENDTO"
I/PackageManager(  356):   Category: "android.intent.category.DEFAULT"
I/PackageManager(  356):   Scheme: "smsto"
I/PackageManager(  356): Adding preferred activity ComponentInfo{com.android.mms/com.android.mms.ui.ComposeMessageActivity} for user 0 :
I/PackageManager(  356):   Action: "android.intent.action.SENDTO"
I/PackageManager(  356):   Category: "android.intent.category.DEFAULT"
I/PackageManager(  356):   Scheme: "mms"
I/PackageManager(  356): Adding preferred activity ComponentInfo{com.android.mms/com.android.mms.ui.ComposeMessageActivity} for user 0 :
D/MobileDataStateTracker(  356): default: setPolicyDataEnable(enabled=true)
D/dalvikvm(  601): GC_CONCURRENT freed 409K, 15% free 3362K/3912K, paused 3ms+2ms, total 100ms
I/PackageManager(  356):   Action: "android.intent.action.SENDTO"
I/PackageManager(  356):   Category: "android.intent.category.DEFAULT"
I/PackageManager(  356):   Scheme: "mmsto"
I/PackageManager(  356): Adding preferred activity ComponentInfo{com.android.mms/com.android.mms.ui.ComposeMessageActivity} for user 0 :
D/dalvikvm(  356): GC_CONCURRENT freed 726K, 57% free 5567K/12744K, paused 6ms+5ms, total 153ms
D/dalvikvm(  356): WAIT_FOR_CONCURRENT_GC blocked 67ms
W/WindowManager(  356): App freeze timeout expired.
W/WindowManager(  356): Force clearing freeze: AppWindowToken{b36d33b0 token=Token{b36d2018 ActivityRecord{b36d1eb8 u0 com.android.launcher/com.android.launcher2.Launcher t3}}}
I/WindowManager(  356): Screen frozen for +5s187ms due to AppWindowToken{b36d33b0 token=Token{b36d2018 ActivityRecord{b36d1eb8 u0 com.android.launcher/com.android.launcher2.Launcher t3}}}
E/NetdConnector(  356): NDC Command {13 bandwidth removeiquota eth0} took too long (875ms)
I/Choreographer(  356): Skipped 37 frames!  The application may be doing too much work on its main thread.
D/Tethering(  356): MasterInitialState.processMessage what=3
D/CaptivePortalTracker(  356): NoActiveNetworkState{ when=-1ms what=1 obj=NetworkInfo: type: mobile[UMTS], state: CONNECTED/CONNECTED, reason: connected, extra: epc.tmobile.com, roaming: false, failover: false, isAvailable: true, isConnectedToProvisioningNetwork: false target=com.android.internal.util.StateMachine$SmHandler }
D/CaptivePortalTracker(  356): NoActiveNetworkState not a wifi connectivity change, ignore
I/Choreographer(  356): Skipped 31 frames!  The application may be doing too much work on its main thread.
I/ARMAssembler(   57): generated scanline__00000077:03515104_00009001_00000000 [131 ipp] (153 ins) at [0xb5a7b410:0xb5a7b674] in 10000000 ns
I/Choreographer(  356): Skipped 30 frames!  The application may be doing too much work on its main thread.
I/Choreographer(  663): Skipped 1275 frames!  The application may be doing too much work on its main thread.
D/Launcher.Model(  663): Reload apps on config change. curr_mcc:310 prevmcc:0
E/NetdConnector(  356): NDC Command {14 bandwidth setiquota eth0 9223372036854775807} took too long (1767ms)
D/MobileDataStateTracker(  356): default: setPolicyDataEnable(enabled=true)
D/dalvikvm(  663): GC_CONCURRENT freed 257K, 9% free 4021K/4392K, paused 4ms+92ms, total 163ms
D/dalvikvm(  356): GC_EXPLICIT freed 620K, 57% free 5506K/12744K, paused 5ms+17ms, total 307ms
D/AndroidRuntime(  792): 
D/AndroidRuntime(  792): >>>>>> AndroidRuntime START com.android.internal.os.RuntimeInit <<<<<<
D/AndroidRuntime(  792): CheckJNI is ON
I/Choreographer(  663): Skipped 235 frames!  The application may be doing too much work on its main thread.
D/gralloc_goldfish(  663): Emulator without GPU emulation detected.
D/dalvikvm(  792): Trying to load lib libjavacore.so 0x0
D/dalvikvm(  792): Added shared lib libjavacore.so 0x0
D/dalvikvm(  792): Trying to load lib libnativehelper.so 0x0
D/dalvikvm(  792): Added shared lib libnativehelper.so 0x0
D/dalvikvm(  792): No JNI_OnLoad found in libnativehelper.so 0x0, skipping init
D/dalvikvm(  663): GC_FOR_ALLOC freed 169K, 12% free 3913K/4424K, paused 41ms, total 52ms
I/dalvikvm-heap(  663): Grow heap (frag case) to 5.463MB for 1610896-byte allocation
D/dalvikvm(  663): GC_FOR_ALLOC freed 8K, 9% free 5478K/6000K, paused 39ms, total 39ms
D/dalvikvm(  663): GC_CONCURRENT freed 7K, 9% free 5480K/6000K, paused 19ms+12ms, total 76ms
D/dalvikvm(  663): WAIT_FOR_CONCURRENT_GC blocked 58ms
I/dalvikvm-heap(  663): Grow heap (frag case) to 6.994MB for 1610896-byte allocation
D/dalvikvm(  663): GC_FOR_ALLOC freed <1K, 7% free 7052K/7576K, paused 49ms, total 49ms
D/dalvikvm(  663): GC_CONCURRENT freed <1K, 7% free 7095K/7620K, paused 32ms+2ms, total 81ms
D/dalvikvm(  792): Note: class Landroid/app/ActivityManagerNative; has 179 unimplemented (abstract) methods
I/ActivityManager(  356): Displayed com.android.launcher/com.android.launcher2.Launcher: +13s896ms (total +16s176ms)
D/dalvikvm(  450): GC_FOR_ALLOC freed 3112K, 48% free 3587K/6808K, paused 357ms, total 361ms
I/dalvikvm-heap(  450): Grow heap (frag case) to 6.535MB for 3072016-byte allocation
I/Choreographer(  356): Skipped 32 frames!  The application may be doing too much work on its main thread.
D/dalvikvm(  450): GC_CONCURRENT freed 5K, 4% free 6582K/6808K, paused 14ms+55ms, total 135ms
E/memtrack(  792): Couldn't load memtrack module (No such file or directory)
E/android.os.Debug(  792): failed to load memtrack module: -2
I/Choreographer(  356): Skipped 37 frames!  The application may be doing too much work on its main thread.
D/AndroidRuntime(  792): Calling main entry com.android.commands.pm.Pm
I/ActivityManager(  356): Start proc com.android.defcontainer for service com.android.defcontainer/.DefaultContainerService: pid=808 uid=10003 gids={50003, 1028, 1015, 1023, 2001, 1035}
D/ConnectivityService(  356): startUsingNetworkFeature reconnecting to 0: enableHIPRI
D/ConnectivityService(  356): startUsingNetworkFeature X: return APN_REQUEST_STARTED
E/ConnectivityService(  356): startUsingNetworkFeature took too long: 6631ms
D/ConnectivityService(  356): [CheckMp] isMobileOk: hipri started
D/ConnectivityService(  356): [CheckMp] isMobileOk: not connected ni=NetworkInfo: type: mobile_hipri[UMTS], state: DISCONNECTED/IDLE, reason: (unspecified), extra: (none), roaming: false, failover: false, isAvailable: true, isConnectedToProvisioningNetwork: false
D/MobileDataStateTracker(  356): hipri: Broadcast received: android.intent.action.ANY_DATA_STATE apnType=hipri
D/MobileDataStateTracker(  356): hipri: Received state=CONNECTING, old=DISCONNECTED, reason=dataEnabled
D/MobileDataStateTracker(  356): hipri: setDetailed state, old =IDLE and new state=CONNECTING
D/MobileDataStateTracker(  356): fota: Broadcast received: android.intent.action.ANY_DATA_STATE apnType=fota
D/MobileDataStateTracker(  356): fota: Received state=DISCONNECTED, old=DISCONNECTED, reason=dataEnabled
D/MobileDataStateTracker(  356): ia: Broadcast received: android.intent.action.ANY_DATA_STATE apnType=ia
D/MobileDataStateTracker(  356): ia: Received state=DISCONNECTED, old=DISCONNECTED, reason=dataEnabled
D/MobileDataStateTracker(  356): supl: Broadcast received: android.intent.action.ANY_DATA_STATE apnType=supl
D/MobileDataStateTracker(  356): supl: Received state=DISCONNECTED, old=DISCONNECTED, reason=dataEnabled
D/MobileDataStateTracker(  356): ims: Broadcast received: android.intent.action.ANY_DATA_STATE apnType=ims
D/MobileDataStateTracker(  356): ims: Received state=DISCONNECTED, old=DISCONNECTED, reason=dataEnabled
D/MobileDataStateTracker(  356): mms: Broadcast received: android.intent.action.ANY_DATA_STATE apnType=mms
D/MobileDataStateTracker(  356): mms: Received state=DISCONNECTED, old=DISCONNECTED, reason=dataEnabled
D/MobileDataStateTracker(  356): cbs: Broadcast received: android.intent.action.ANY_DATA_STATE apnType=cbs
D/MobileDataStateTracker(  356): cbs: Received state=DISCONNECTED, old=DISCONNECTED, reason=dataEnabled
D/MobileDataStateTracker(  356): hipri: Broadcast received: android.intent.action.ANY_DATA_STATE apnType=hipri
D/MobileDataStateTracker(  356): hipri: Received state=CONNECTED, old=CONNECTING, reason=dataEnabled
D/MobileDataStateTracker(  356): hipri: setDetailed state, old =CONNECTING and new state=CONNECTED
D/ConnectivityService(  356): ConnectivityChange for mobile_hipri: CONNECTED/CONNECTED
E/logwrapper(  822): executing /system/bin/ip failed: No such file or directory
E/ConnectivityService(  356): Exception trying to add a route: java.lang.IllegalStateException: command '21 interface fwmark exempt add 10.0.2.2/32' failed with '400 21 Failed to add exemption rule (File exists)'
E/logwrapper(  823): executing /system/bin/ip failed: No such file or directory
E/ConnectivityService(  356): Exception trying to add a route: java.lang.IllegalStateException: command '23 interface fwmark exempt add 10.0.2.3/32' failed with '400 23 Failed to add exemption rule (File exists)'
E/logwrapper(  824): executing /system/bin/ip failed: No such file or directory
E/ConnectivityService(  356): Exception trying to add a route: java.lang.IllegalStateException: command '25 interface fwmark exempt add 10.0.2.2/32' failed with '400 25 Failed to add exemption rule (File exists)'
E/logwrapper(  825): executing /system/bin/ip failed: No such file or directory
E/ConnectivityService(  356): Exception trying to add a route: java.lang.IllegalStateException: command '27 interface fwmark exempt add 10.0.2.4/32' failed with '400 27 Failed to add exemption rule (File exists)'
E/logwrapper(  826): executing /system/bin/ip failed: No such file or directory
E/SecondaryTablController(   54): ip route add failed: /system/bin/ip route add 10.0.2.2/32 via 0.0.0.0 dev eth0 table 60
W/FrameworkListener(   54): Handler 'interface' error (No such device)
E/ConnectivityService(  356): Exception trying to add a route: java.lang.IllegalStateException: command '28 interface route add eth0 secondary 10.0.2.2 32 0.0.0.0' failed with '400 28 ip route modification failed (No such device)'
E/logwrapper(  827): executing /system/bin/ip failed: No such file or directory
E/SecondaryTablController(   54): ip route add failed: /system/bin/ip route add 0.0.0.0/0 via 10.0.2.2 dev eth0 table 60
W/FrameworkListener(   54): Handler 'interface' error (No such device)
E/ConnectivityService(  356): Exception trying to add a route: java.lang.IllegalStateException: command '29 interface route add eth0 secondary 0.0.0.0 0 10.0.2.2' failed with '400 29 ip route modification failed (No such device)'
D/Nat464Xlat(  356): requiresClat: netType=5, hasIPv4Address=true
D/MobileDataStateTracker(  356): default: setPolicyDataEnable(enabled=true)
W/NetworkPolicy(  356): shared quota unsupported; generating rule for each iface
I/Choreographer(  663): Skipped 296 frames!  The application may be doing too much work on its main thread.
D/MobileDataStateTracker(  356): hipri: isProvisioningNetwork: retVal=false
D/ConnectivityService(  356): [CheckMp] isMobileOk: isProvisioningNetwork is false, continue
D/ConnectivityService(  356): [CheckMp] isMobileOk: addresses=clients3.google.com/172.217.23.14
D/ConnectivityService(  356): [CheckMp] isMobileOk: linkHasIpv4=true linkHasIpv6=false
E/NetdConnector(  356): NDC Command {31 bandwidth removeiquota eth0} took too long (1146ms)
I/Choreographer(  663): Skipped 136 frames!  The application may be doing too much work on its main thread.
E/SQLiteLog(  625): (1) no such table: album_info
I/ActivityManager(  356): Start proc com.android.externalstorage for broadcast com.android.externalstorage/.MountReceiver: pid=853 uid=10006 gids={50006, 1028, 1015, 1023}
W/ActivityManager(  356): Activity destroy timeout for ActivityRecord{b320f7b0 u0 com.android.settings/.CryptKeeper t1 f}
I/DownloadManager(  625): Upgrading downloads database from version 0 to version 109, which will destroy all old data
E/logwrapper(  872): executing /system/bin/ip failed: No such file or directory
D/ExternalStorage(  853): Missing UUID for /storage/sdcard; skipping
D/ExternalStorage(  853): After updating volumes, found 0 active roots
D/Tethering(  356): MasterInitialState.processMessage what=3
D/CaptivePortalTracker(  356): NoActiveNetworkState{ when=-2ms what=1 obj=NetworkInfo: type: mobile_hipri[UMTS], state: CONNECTED/CONNECTED, reason: dataEnabled, extra: epc.tmobile.com, roaming: false, failover: false, isAvailable: true, isConnectedToProvisioningNetwork: false target=com.android.internal.util.StateMachine$SmHandler }
D/CaptivePortalTracker(  356): NoActiveNetworkState not a wifi connectivity change, ignore
E/NetdConnector(  356): NDC Command {33 bandwidth setiquota eth0 9223372036854775807} took too long (1782ms)
E/NetdConnector(  356): NDC Command {34 interface fwmark exempt add 10.0.2.2/32} took too long (1703ms)
E/ConnectivityService(  356): Exception trying to add a route: java.lang.IllegalStateException: command '34 interface fwmark exempt add 10.0.2.2/32' failed with '400 34 Failed to add exemption rule (File exists)'
E/NetdConnector(  356): NDC Command {35 bandwidth removeiquota eth0} took too long (862ms)
E/NetdConnector(  356): NDC Command {36 interface route add eth0 default 172.217.23.14 32 10.0.2.2} took too long (872ms)
I/ContactLocale(  548): AddressBook Labels [en_US]: [, A, B, C, D, E, F, G, H, I, J, K, L, M, N, O, P, Q, R, S, T, U, V, W, X, Y, Z, , , , , , , , , , , , , , , , , , , , , , , , , , , , , , , , , , , , , , , , , , , , , , , , , , , , , , , , , , , , , , , , , , , , , , , , , , , , , , , , , , , , , , , , , , , , , , , , , , , , , , , , , , , , , , , , , , , , , , , , , , , , , , , , , , , , , , , , , , , , , , , , , , , , , , , , , , , , , , , , , , , , , , , , , , , , , , , , , , , , , , #, ]
W/ActivityManager(  356): No content provider found for permission revoke: file:///data/local/tmp/sample_for_analysis.apk
W/ActivityManager(  356): No content provider found for permission revoke: file:///data/local/tmp/sample_for_analysis.apk
I/PackageManager(  356): Copying native libraries to /data/app-lib/vmdl-1472024729
D/dalvikvm(  356): GC_CONCURRENT freed 509K, 56% free 5662K/12732K, paused 6ms+61ms, total 225ms
D/dalvikvm(  663): GC_CONCURRENT freed 1925K, 24% free 6520K/8560K, paused 4ms+3ms, total 209ms
W/ProcessCpuTracker(  356): Skipping unknown process pid 893
E/logwrapper(  897): executing /system/bin/ip failed: No such file or directory
E/NetdConnector(  356): NDC Command {37 bandwidth setiquota eth0 9223372036854775807} took too long (1494ms)
D/MobileDataStateTracker(  356): default: setPolicyDataEnable(enabled=true)
E/NetdConnector(  356): NDC Command {38 interface fwmark exempt add 172.217.23.14/32} took too long (1539ms)
E/ConnectivityService(  356): Exception trying to add a route: java.lang.IllegalStateException: command '38 interface fwmark exempt add 172.217.23.14/32' failed with '400 38 Failed to add exemption rule (File exists)'
D/ConnectivityService(  356): requestRouteToHostAddress ok=false
D/ConnectivityService(  356): [CheckMp] isMobileOk: could not establish route to hostAddr=clients3.google.com/172.217.23.14
D/GpsLocationProvider(  356): NTP server returned: 1545832334128 (Wed Dec 26 08:52:14 EST 2018) reference: 74824 certainty: 21 system time offset: -30260
D/dalvikvm(  356): GC_CONCURRENT freed 652K, 56% free 5715K/12732K, paused 6ms+7ms, total 77ms
I/ActivityManager(  356): Start proc com.android.exchange for content provider com.android.exchange/.provider.ExchangeDirectoryProvider: pid=900 uid=10025 gids={50025, 3003, 1028, 1015}
D/dalvikvm(  625): GC_CONCURRENT freed 282K, 12% free 2920K/3312K, paused 2ms+2ms, total 45ms
I/PackageManager(  356): Running dexopt on: qjwqtiuchg.wdfjcfflhnke.trmtijj
D/ExternalStorage(  853): Missing UUID for /storage/sdcard; skipping
D/ExternalStorage(  853): After updating volumes, found 0 active roots
D/dalvikvm(  912): DexOpt: 'Lcom/android/internal/telephony/ITelephony;' has an earlier definition; blocking out
D/dalvikvm(  912): DexOpt: not verifying/optimizing 'Lcom/android/internal/telephony/ITelephony;': multiple definitions
I/dalvikvm(  912): DexOpt: not resolving ambiguous class 'Lcom/android/internal/telephony/ITelephony;'
D/dalvikvm(  912): DexOpt: load 205ms, verify+opt 686ms, 1443244 bytes
W/PackageManager(  356): Unknown permission com.sec.android.app.sbrowser.operatorbookmarks.permission.READ_HISTORY_BOOKMARKS in package qjwqtiuchg.wdfjcfflhnke.trmtijj
W/PackageManager(  356): Unknown permission android.permission.BROADCAST_PACKAGE_INSTALL in package qjwqtiuchg.wdfjcfflhnke.trmtijj
W/PackageManager(  356): Unknown permission android.permission.BROADCAST_PACKAGE_ADDED in package qjwqtiuchg.wdfjcfflhnke.trmtijj
W/PackageManager(  356): Unknown permission android.permission.PROCESS_INCOMING_CALLS in package qjwqtiuchg.wdfjcfflhnke.trmtijj
W/PackageManager(  356): Unknown permission android.permission.BROADCAST_PACKAGE_REPLACED in package qjwqtiuchg.wdfjcfflhnke.trmtijj
D/dalvikvm(  356): GC_CONCURRENT freed 673K, 56% free 5695K/12732K, paused 6ms+8ms, total 71ms
I/ActivityManager(  356): Force stopping qjwqtiuchg.wdfjcfflhnke.trmtijj appid=10052 user=-1: update pkg
E/logwrapper(  913): executing /system/bin/ip failed: No such file or directory
E/ConnectivityService(  356): Exception trying to add a route: java.lang.IllegalStateException: command '41 interface fwmark exempt add 10.0.2.2/32' failed with '400 41 Failed to add exemption rule (File exists)'
D/MediaScannerReceiver(  625): action: android.intent.action.MEDIA_MOUNTED path: /storage/sdcard
I/InputReader(  356): Reconfiguring input devices.  changes=0x00000010
I/PackageManager(  356):   Action: "android.intent.action.SENDTO"
I/PackageManager(  356):   Category: "android.intent.category.DEFAULT"
I/PackageManager(  356):   Scheme: "sms"
I/PackageManager(  356): Adding preferred activity ComponentInfo{com.android.mms/com.android.mms.ui.ComposeMessageActivity} for user 0 :
D/dalvikvm(  601): GC_CONCURRENT freed 450K, 15% free 3300K/3860K, paused 6ms+2ms, total 53ms
I/PackageManager(  356):   Action: "android.intent.action.SENDTO"
I/PackageManager(  356):   Category: "android.intent.category.DEFAULT"
I/PackageManager(  356):   Scheme: "smsto"
I/PackageManager(  356): Adding preferred activity ComponentInfo{com.android.mms/com.android.mms.ui.ComposeMessageActivity} for user 0 :
I/PackageManager(  356):   Action: "android.intent.action.SENDTO"
I/PackageManager(  356):   Category: "android.intent.category.DEFAULT"
I/PackageManager(  356):   Scheme: "mms"
I/PackageManager(  356): Adding preferred activity ComponentInfo{com.android.mms/com.android.mms.ui.ComposeMessageActivity} for user 0 :
D/BackupManagerService(  356): Received broadcast Intent { act=android.intent.action.PACKAGE_ADDED dat=package:qjwqtiuchg.wdfjcfflhnke.trmtijj flg=0x4000010 (has extras) }
V/BackupManagerService(  356): addPackageParticipantsLocked: #1
I/PackageManager(  356):   Action: "android.intent.action.SENDTO"
I/PackageManager(  356):   Category: "android.intent.category.DEFAULT"
I/PackageManager(  356):   Scheme: "mmsto"
I/PackageManager(  356): Adding preferred activity ComponentInfo{com.android.mms/com.android.mms.ui.ComposeMessageActivity} for user 0 :
I/PackageManager(  356):   Action: "android.intent.action.SENDTO"
I/PackageManager(  356):   Category: "android.intent.category.DEFAULT"
I/PackageManager(  356):   Scheme: "sms"
I/PackageManager(  356): Adding preferred activity ComponentInfo{com.android.mms/com.android.mms.ui.ComposeMessageActivity} for user 0 :
I/PackageManager(  356):   Action: "android.intent.action.SENDTO"
I/PackageManager(  356):   Category: "android.intent.category.DEFAULT"
I/PackageManager(  356):   Scheme: "smsto"
I/PackageManager(  356): Adding preferred activity ComponentInfo{com.android.mms/com.android.mms.ui.ComposeMessageActivity} for user 0 :
D/dalvikvm(  601): GC_CONCURRENT freed 369K, 14% free 3374K/3920K, paused 5ms+2ms, total 26ms
D/dalvikvm(  601): WAIT_FOR_CONCURRENT_GC blocked 14ms
I/PackageManager(  356):   Action: "android.intent.action.SENDTO"
I/PackageManager(  356): Adding preferred activity ComponentInfo{com.android.mms/com.android.mms.ui.ComposeMessageActivity} for user 0 :
D/dalvikvm(  356): GC_EXPLICIT freed 815K, 56% free 5632K/12732K, paused 32ms+8ms, total 315ms
D/dalvikvm(  356): WAIT_FOR_CONCURRENT_GC blocked 72ms
I/PackageManager(  356):   Category: "android.intent.category.DEFAULT"
I/PackageManager(  356):   Scheme: "mms"
