W/AudioService(  357): Soundpool could not load file: /system/media/audio/ui/Effect_Tick.ogg
E/SoundPool(  357): error loading /system/media/audio/ui/KeypressStandard.ogg
W/AudioService(  357): Soundpool could not load file: /system/media/audio/ui/KeypressStandard.ogg
E/SoundPool(  357): error loading /system/media/audio/ui/KeypressSpacebar.ogg
W/AudioService(  357): Soundpool could not load file: /system/media/audio/ui/KeypressSpacebar.ogg
E/SoundPool(  357): error loading /system/media/audio/ui/KeypressDelete.ogg
W/AudioService(  357): Soundpool could not load file: /system/media/audio/ui/KeypressDelete.ogg
E/SoundPool(  357): error loading /system/media/audio/ui/KeypressReturn.ogg
W/AudioService(  357): Soundpool could not load file: /system/media/audio/ui/KeypressReturn.ogg
E/SoundPool(  357): error loading /system/media/audio/ui/KeypressInvalid.ogg
W/AudioService(  357): Soundpool could not load file: /system/media/audio/ui/KeypressInvalid.ogg
W/AudioService(  357): onLoadSoundEffects(), Error -1 while loading samples
I/RecoverySystem(  357): No recovery log file
D/dalvikvm(  357): GC_CONCURRENT freed 590K, 57% free 5693K/13096K, paused 34ms+5ms, total 142ms
D/Tethering(  357): MasterInitialState.processMessage what=3
D/CaptivePortalTracker(  357): NoActiveNetworkState{ when=-5ms what=1 obj=NetworkInfo: type: mobile_hipri[UMTS], state: DISCONNECTED/DISCONNECTED, reason: dataDisabled, extra: epc.tmobile.com, roaming: false, failover: false, isAvailable: true, isConnectedToProvisioningNetwork: false target=com.android.internal.util.StateMachine$SmHandler }
D/CaptivePortalTracker(  357): NoActiveNetworkState not a wifi connectivity change, ignore
D/CaptivePortalTracker(  357): NoActiveNetworkState{ when=-5ms what=1 obj=NetworkInfo: type: mobile[UMTS], state: CONNECTED/CONNECTED, reason: connected, extra: epc.tmobile.com, roaming: false, failover: false, isAvailable: true, isConnectedToProvisioningNetwork: false target=com.android.internal.util.StateMachine$SmHandler }
D/CaptivePortalTracker(  357): NoActiveNetworkState not a wifi connectivity change, ignore
D/Tethering(  357): MasterInitialState.processMessage what=3
V/MmsConfig( 1065): mnc/mcc: 310260
V/MmsConfig( 1065): tag: bool value: enabledMMS - true
V/MmsConfig( 1065): tag: int value: maxMessageSize - 307200
V/MmsConfig( 1065): tag: int value: maxImageHeight - 480
V/MmsConfig( 1065): tag: int value: maxImageWidth - 640
V/MmsConfig( 1065): tag: int value: defaultSMSMessagesPerThread - 10000
V/MmsConfig( 1065): tag: int value: defaultMMSMessagesPerThread - 1000
V/MmsConfig( 1065): tag: int value: minMessageCountPerThread - 10
V/MmsConfig( 1065): tag: int value: maxMessageCountPerThread - 5000
V/MmsConfig( 1065): tag: string value: uaProfUrl - http://www.google.com/oha/rdf/ua-profile-kila.xml
V/MmsConfig( 1065): tag: int value: recipientLimit - -1
V/MmsConfig( 1065): tag: bool value: enableMultipartSMS - true
V/MmsConfig( 1065): tag: int value: smsToMmsTextThreshold - -1
V/MmsConfig( 1065): tag: bool value: enableSlideDuration - true
V/MmsConfig( 1065): tag: int value: maxMessageTextSize - -1
I/MediaProvider(  616): Upgrading media database from version 0 to 700, which will destroy all old data
D/Mms:app ( 1065): cancelNotification
D/dalvikvm(  357): GC_CONCURRENT freed 615K, 57% free 5701K/13096K, paused 6ms+4ms, total 58ms
D/MmsSmsDatabaseHelper(  601): [MmsSmsDb] tableName: threads hasAutoIncrement: CREATE TABLE threads (_id INTEGER PRIMARY KEY AUTOINCREMENT,date INTEGER DEFAULT 0,message_count INTEGER DEFAULT 0,recipient_ids TEXT,snippet TEXT,snippet_cs INTEGER DEFAULT 0,read INTEGER DEFAULT 1,type INTEGER DEFAULT 0,error INTEGER DEFAULT 0,has_attachment INTEGER DEFAULT 0) result: true
D/MmsSmsDatabaseHelper(  601): [MmsSmsDb] tableName: canonical_addresses hasAutoIncrement: CREATE TABLE canonical_addresses (_id INTEGER PRIMARY KEY AUTOINCREMENT,address TEXT) result: true
D/MmsSmsDatabaseHelper(  601): [MmsSmsDb] tableName: part hasAutoIncrement: CREATE TABLE part (_id INTEGER PRIMARY KEY AUTOINCREMENT,mid INTEGER,seq INTEGER DEFAULT 0,ct TEXT,name TEXT,chset INTEGER,cd TEXT,fn TEXT,cid TEXT,cl TEXT,ctt_s INTEGER,ctt_t TEXT,_data TEXT,text TEXT) result: true
D/MmsSmsDatabaseHelper(  601): [MmsSmsDb] tableName: pdu hasAutoIncrement: CREATE TABLE pdu (_id INTEGER PRIMARY KEY AUTOINCREMENT,thread_id INTEGER,date INTEGER,date_sent INTEGER DEFAULT 0,msg_box INTEGER,read INTEGER DEFAULT 0,m_id TEXT,sub TEXT,sub_cs INTEGER,ct_t TEXT,ct_l TEXT,exp INTEGER,m_cls TEXT,m_type INTEGER,v INTEGER,m_size INTEGER,pri INTEGER,rr INTEGER,rpt_a INTEGER,resp_st INTEGER,st INTEGER,tr_id TEXT,retr_st INTEGER,retr_txt TEXT,retr_txt_cs INTEGER,read_status INTEGER,ct_cls INTEGER,resp_txt TEXT,d_tm INTEGER,d_rpt INTEGER,locked INTEGER DEFAULT 0,seen INTEGER DEFAULT 0,text_only INTEGER DEFAULT 0) result: true
D/MmsSmsDatabaseHelper(  601): [getWritableDatabase] hasAutoIncrementThreads: true hasAutoIncrementAddresses: true hasAutoIncrementPart: true hasAutoIncrementPdu: true
D/Mms:app ( 1065): cancelNotification
D/AlertReceiver(  952): onReceive: a=android.intent.action.BOOT_COMPLETED Intent { act=android.intent.action.BOOT_COMPLETED flg=0x8000010 cmp=com.android.calendar/.alerts.AlertReceiver (has extras) }
D/AlertUtils(  952): Flushing old alerts from shared prefs table
D/AlertService(  952): 0 Action = android.intent.action.BOOT_COMPLETED
D/dalvikvm(  952): GC_CONCURRENT freed 305K, 13% free 2804K/3208K, paused 33ms+2ms, total 69ms
D/AlertService(  952): Scheduling next alarm with AlarmScheduler. sEventReminderReceived: null
D/AlarmScheduler(  952): No events found starting within 1 week.
E/SQLiteLog(  616): (1) no such table: files
E/WVMExtractor(   60): Failed to open libwvm.so
D/dalvikvm(  616): GC_CONCURRENT freed 272K, 11% free 3038K/3408K, paused 4ms+4ms, total 38ms
V/MediaScanner(  616): pruneDeadThumbnailFiles... android.database.sqlite.SQLiteCursor@b2e0e350
V/MediaScanner(  616): /pruneDeadThumbnailFiles... android.database.sqlite.SQLiteCursor@b2e0e350
V/AlarmClock(  979): AlarmInitReceiver android.intent.action.BOOT_COMPLETED
V/AlarmClock(  979): AlarmInitReceiver - Reset timers and clear stopwatch data
D/dalvikvm(  979): GC_CONCURRENT freed 371K, 15% free 2813K/3284K, paused 6ms+2ms, total 78ms
V/AlarmClock(  979): AlarmInitReceiver - resetting volume button default
I/AlarmClock(  979): Displaying next alarm time: ''
V/AlarmClock(  979): AlarmInitReceiver finished
E/MetadataRetrieverClient(   60): failed to extract an album art
I/Email   (  913): Onetime initialization: 1
I/Email   (  913): Onetime initialization: 2
I/Email   (  913): Onetime initialization: completed.
I/LauncherIconVisibilityManager(  586): Boot has been completed
I/LauncherIconVisibilityManager(  586): Disable activity: ComponentInfo{com.android.inputmethod.latin/com.android.inputmethod.latin.setup.SetupActivity}
I/InputReader(  357): Reconfiguring input devices.  changes=0x00000010
I/InputReader(  357): Reconfiguring input devices.  changes=0x00000010
I/InputReader(  357): Reconfiguring input devices.  changes=0x00000010
I/PackageManager(  357):   Action: "android.intent.action.SENDTO"
I/PackageManager(  357):   Category: "android.intent.category.DEFAULT"
I/PackageManager(  357):   Scheme: "sms"
D/dalvikvm( 1065): GC_CONCURRENT freed 222K, 11% free 2869K/3192K, paused 167ms+2ms, total 194ms
I/PackageManager(  357):   Action: "android.intent.action.SENDTO"
I/PackageManager(  357):   Category: "android.intent.category.DEFAULT"
I/PackageManager(  357):   Scheme: "smsto"
D/dalvikvm(  357): GC_CONCURRENT freed 663K, 56% free 5790K/13096K, paused 91ms+5ms, total 205ms
D/dalvikvm(  357): WAIT_FOR_CONCURRENT_GC blocked 34ms
I/PackageManager(  357):   Action: "android.intent.action.SENDTO"
I/PackageManager(  357):   Category: "android.intent.category.DEFAULT"
I/PackageManager(  357):   Scheme: "mms"
I/PackageManager(  357):   Action: "android.intent.action.SENDTO"
I/PackageManager(  357):   Category: "android.intent.category.DEFAULT"
I/PackageManager(  357):   Scheme: "mmsto"
I/PackageManager(  357):   Action: "android.intent.action.SENDTO"
I/PackageManager(  357):   Category: "android.intent.category.DEFAULT"
I/PackageManager(  357):   Scheme: "sms"
D/dalvikvm(  601): GC_CONCURRENT freed 329K, 12% free 3401K/3852K, paused 23ms+2ms, total 95ms
I/PackageManager(  357):   Action: "android.intent.action.SENDTO"
I/PackageManager(  357):   Category: "android.intent.category.DEFAULT"
I/PackageManager(  357):   Scheme: "smsto"
I/PackageManager(  357):   Action: "android.intent.action.SENDTO"
I/PackageManager(  357):   Category: "android.intent.category.DEFAULT"
I/PackageManager(  357):   Scheme: "mms"
I/PackageManager(  357):   Action: "android.intent.action.SENDTO"
I/PackageManager(  357):   Category: "android.intent.category.DEFAULT"
I/PackageManager(  357):   Scheme: "mmsto"
D/dalvikvm(  357): GC_CONCURRENT freed 699K, 56% free 5795K/13096K, paused 14ms+57ms, total 137ms
I/PackageManager(  357):   Action: "android.intent.action.SENDTO"
I/PackageManager(  357):   Category: "android.intent.category.DEFAULT"
I/PackageManager(  357):   Scheme: "sms"
I/PackageManager(  357):   Action: "android.intent.action.SENDTO"
I/PackageManager(  357):   Category: "android.intent.category.DEFAULT"
I/PackageManager(  357):   Scheme: "smsto"
I/PackageManager(  357):   Action: "android.intent.action.SENDTO"
I/PackageManager(  357):   Category: "android.intent.category.DEFAULT"
I/PackageManager(  357):   Scheme: "mms"
D/dalvikvm(  601): GC_CONCURRENT freed 496K, 16% free 3360K/3996K, paused 4ms+13ms, total 44ms
I/PackageManager(  357):   Action: "android.intent.action.SENDTO"
I/PackageManager(  357):   Category: "android.intent.category.DEFAULT"
I/PackageManager(  357):   Scheme: "mmsto"
I/PackageManager(  357):   Action: "android.intent.action.SENDTO"
I/PackageManager(  357):   Category: "android.intent.category.DEFAULT"
I/PackageManager(  357):   Scheme: "sms"
I/PackageManager(  357):   Action: "android.intent.action.SENDTO"
I/PackageManager(  357):   Category: "android.intent.category.DEFAULT"
I/PackageManager(  357):   Scheme: "smsto"
I/PackageManager(  357):   Action: "android.intent.action.SENDTO"
I/PackageManager(  357):   Category: "android.intent.category.DEFAULT"
I/PackageManager(  357):   Scheme: "mms"
I/PackageManager(  357):   Action: "android.intent.action.SENDTO"
I/PackageManager(  357):   Category: "android.intent.category.DEFAULT"
I/PackageManager(  357):   Scheme: "mmsto"
D/dalvikvm(  357): GC_CONCURRENT freed 738K, 56% free 5832K/13096K, paused 7ms+5ms, total 87ms
D/dalvikvm(  357): WAIT_FOR_CONCURRENT_GC blocked 30ms
D/dalvikvm(  601): GC_CONCURRENT freed 424K, 16% free 3380K/3996K, paused 4ms+2ms, total 25ms
I/PackageManager(  357):   Action: "android.intent.action.SENDTO"
I/PackageManager(  357):   Category: "android.intent.category.DEFAULT"
I/PackageManager(  357):   Scheme: "sms"
I/PackageManager(  357):   Action: "android.intent.action.SENDTO"
I/PackageManager(  357):   Category: "android.intent.category.DEFAULT"
I/PackageManager(  357):   Scheme: "smsto"
I/PackageManager(  357):   Action: "android.intent.action.SENDTO"
I/PackageManager(  357):   Category: "android.intent.category.DEFAULT"
I/PackageManager(  357):   Scheme: "mms"
I/PackageManager(  357):   Action: "android.intent.action.SENDTO"
I/PackageManager(  357):   Category: "android.intent.category.DEFAULT"
I/PackageManager(  357):   Scheme: "mmsto"
I/PackageManager(  357):   Action: "android.intent.action.SENDTO"
I/PackageManager(  357):   Category: "android.intent.category.DEFAULT"
I/PackageManager(  357):   Scheme: "sms"
I/PackageManager(  357):   Action: "android.intent.action.SENDTO"
I/PackageManager(  357):   Category: "android.intent.category.DEFAULT"
I/PackageManager(  357):   Scheme: "smsto"
D/dalvikvm(  601): GC_CONCURRENT freed 401K, 16% free 3373K/3996K, paused 3ms+2ms, total 43ms
I/PackageManager(  357):   Action: "android.intent.action.SENDTO"
I/PackageManager(  357):   Category: "android.intent.category.DEFAULT"
I/PackageManager(  357):   Scheme: "mms"
I/PackageManager(  357):   Action: "android.intent.action.SENDTO"
I/PackageManager(  357):   Category: "android.intent.category.DEFAULT"
I/PackageManager(  357):   Scheme: "mmsto"
D/dalvikvm(  357): GC_CONCURRENT freed 801K, 56% free 5817K/13096K, paused 8ms+5ms, total 96ms
D/dalvikvm(  357): WAIT_FOR_CONCURRENT_GC blocked 42ms
E/BluetoothAdapter(  607): Bluetooth binder is null
I/Choreographer(  683): Skipped 67 frames!  The application may be doing too much work on its main thread.
D/AlertReceiver(  952): onReceive: a=android.intent.action.PROVIDER_CHANGED Intent { act=android.intent.action.PROVIDER_CHANGED dat=content://com.android.calendar flg=0x10 cmp=com.android.calendar/.alerts.AlertReceiver }
D/AlertService(  952): 0 Action = android.intent.action.PROVIDER_CHANGED
E/BluetoothAdapter(  607): Bluetooth binder is null
V/SmsReceiverService( 1065): onStart: #1 mResultCode: -1 = Activity.RESULT_OK
D/dalvikvm(  972): GC_CONCURRENT freed 207K, 10% free 2887K/3196K, paused 4ms+5ms, total 54ms
I/GlobalDismissManager(  952): no sender configured
D/AlertService(  952): Beginning updateAlertNotification
D/AlertService(  952): No fired or scheduled alerts
D/AlertService(  952): Scheduling next alarm with AlarmScheduler. sEventReminderReceived: null
D/AlarmScheduler(  952): No events found starting within 1 week.
D/AndroidRuntime( 1150): 
D/AndroidRuntime( 1150): >>>>>> AndroidRuntime START com.android.internal.os.RuntimeInit <<<<<<
D/AndroidRuntime( 1150): CheckJNI is ON
D/dalvikvm( 1150): Trying to load lib libjavacore.so 0x0
D/dalvikvm( 1150): Added shared lib libjavacore.so 0x0
D/dalvikvm( 1150): Trying to load lib libnativehelper.so 0x0
D/dalvikvm( 1150): Added shared lib libnativehelper.so 0x0
D/dalvikvm( 1150): No JNI_OnLoad found in libnativehelper.so 0x0, skipping init
D/dalvikvm( 1150): Note: class Landroid/app/ActivityManagerNative; has 179 unimplemented (abstract) methods
E/memtrack( 1150): Couldn't load memtrack module (No such file or directory)
E/android.os.Debug( 1150): failed to load memtrack module: -2
D/AndroidRuntime( 1150): Calling main entry com.android.commands.am.Am
D/AndroidRuntime( 1150): Shutting down VM
D/dalvikvm( 1150): GC_CONCURRENT freed 98K, 15% free 589K/692K, paused 3ms+1ms, total 13ms
V/AlarmClock(  979): AlarmInitReceiver android.intent.action.TIME_SET
I/AlarmClock(  979): Displaying next alarm time: ''
V/AlarmClock(  979): AlarmInitReceiver finished
D/InitAlarmsService(  952): Clearing and rescheduling alarms.
D/AndroidRuntime( 1163): 
D/AndroidRuntime( 1163): >>>>>> AndroidRuntime START com.android.internal.os.RuntimeInit <<<<<<
D/AndroidRuntime( 1163): CheckJNI is ON
D/dalvikvm( 1163): Trying to load lib libjavacore.so 0x0
D/dalvikvm( 1163): Added shared lib libjavacore.so 0x0
D/dalvikvm( 1163): Trying to load lib libnativehelper.so 0x0
D/dalvikvm( 1163): Added shared lib libnativehelper.so 0x0
D/dalvikvm( 1163): No JNI_OnLoad found in libnativehelper.so 0x0, skipping init
D/dalvikvm( 1163): Note: class Landroid/app/ActivityManagerNative; has 179 unimplemented (abstract) methods
E/memtrack( 1163): Couldn't load memtrack module (No such file or directory)
E/android.os.Debug( 1163): failed to load memtrack module: -2
D/AndroidRuntime( 1163): Calling main entry com.android.commands.am.Am
D/AndroidRuntime( 1163): Shutting down VM
D/dalvikvm( 1163): GC_CONCURRENT freed 97K, 15% free 587K/688K, paused 1ms+2ms, total 7ms
D/        (  357): Setting time of day to sec=1545823169
D/AndroidRuntime( 1174): 
D/AndroidRuntime( 1174): >>>>>> AndroidRuntime START com.android.internal.os.RuntimeInit <<<<<<
D/AndroidRuntime( 1174): CheckJNI is ON
D/dalvikvm( 1174): Trying to load lib libjavacore.so 0x0
D/dalvikvm( 1174): Added shared lib libjavacore.so 0x0
D/dalvikvm( 1174): Trying to load lib libnativehelper.so 0x0
D/dalvikvm( 1174): Added shared lib libnativehelper.so 0x0
D/dalvikvm( 1174): No JNI_OnLoad found in libnativehelper.so 0x0, skipping init
D/dalvikvm( 1174): Note: class Landroid/app/ActivityManagerNative; has 179 unimplemented (abstract) methods
E/memtrack( 1174): Couldn't load memtrack module (No such file or directory)
E/android.os.Debug( 1174): failed to load memtrack module: -2
D/AndroidRuntime( 1174): Calling main entry com.android.commands.am.Am
D/gralloc (   57): Registering a buffer in the process that created it. This may cause memory ordering problems.
E/libEGL  (   57): called unimplemented OpenGL ES API
E/libEGL  (   57): called unimplemented OpenGL ES API
E/libEGL  (   57): called unimplemented OpenGL ES API
E/libEGL  (   57): called unimplemented OpenGL ES API
E/SurfaceFlinger(   57): glCheckFramebufferStatusOES error -1096563576
E/SurfaceFlinger(   57): got GL_FRAMEBUFFER_COMPLETE_OES error while taking screenshot
E/libEGL  (   57): called unimplemented OpenGL ES API
E/libEGL  (   57): called unimplemented OpenGL ES API
D/dalvikvm( 1184): Not late-enabling CheckJNI (already on)
D/dalvikvm(  357): GC_CONCURRENT freed 691K, 56% free 5852K/13096K, paused 48ms+21ms, total 359ms
I/Choreographer(  683): Skipped 31 frames!  The application may be doing too much work on its main thread.
I/Choreographer(  357): Skipped 30 frames!  The application may be doing too much work on its main thread.
D/dalvikvm( 1184): GC_CONCURRENT freed 199K, 10% free 2925K/3224K, paused 5ms+46ms, total 182ms
I/Choreographer(  357): Skipped 34 frames!  The application may be doing too much work on its main thread.
I/ARMAssembler(   57): generated scanline__00000077:03010104_00008001_00000000 [ 89 ipp] (110 ins) at [0xb5973680:0xb5973838] in 0 ns
D/dalvikvm(  607): GC_FOR_ALLOC freed 191K, 10% free 2836K/3128K, paused 263ms, total 267ms
D/gralloc_goldfish(  607): Emulator without GPU emulation detected.
I/ActivityManager(  357): Displayed com.android.settings/.DeviceAdminAdd: +1s676ms (total +4s521ms)
D/AndroidRuntime( 1174): Shutting down VM
D/dalvikvm( 1174): GC_CONCURRENT freed 97K, 15% free 589K/692K, paused 2ms+1ms, total 11ms
I/Choreographer(  357): Skipped 32 frames!  The application may be doing too much work on its main thread.
I/MediaFocusControl(  357):  AudioFocus  abandonAudioFocus() from android.media.AudioManager@b2d913a8com.android.music.MediaPlaybackService$3@b2d90228
I/PackageManager(  357):   Action: "android.intent.action.SENDTO"
I/PackageManager(  357):   Category: "android.intent.category.DEFAULT"
I/PackageManager(  357):   Scheme: "sms"
I/PackageManager(  357):   Action: "android.intent.action.SENDTO"
I/PackageManager(  357):   Category: "android.intent.category.DEFAULT"
I/PackageManager(  357):   Scheme: "smsto"
I/PackageManager(  357):   Action: "android.intent.action.SENDTO"
I/PackageManager(  357):   Category: "android.intent.category.DEFAULT"
I/PackageManager(  357):   Scheme: "mms"
I/PackageManager(  357):   Action: "android.intent.action.SENDTO"
I/PackageManager(  357):   Category: "android.intent.category.DEFAULT"
I/PackageManager(  357):   Scheme: "mmsto"
D/dalvikvm(  357): GC_CONCURRENT freed 606K, 55% free 5916K/13096K, paused 9ms+7ms, total 101ms
V/SmsReceiverService( 1065): onStart: #1 mResultCode: -1 = Activity.RESULT_OK
D/dalvikvm(  601): GC_EXPLICIT freed 387K, 17% free 3317K/3972K, paused 4ms+3ms, total 41ms
D/dalvikvm( 1065): GC_CONCURRENT freed 175K, 9% free 3107K/3384K, paused 9ms+4ms, total 37ms
E/StrictMode( 1065): A resource was acquired at attached stack trace but never released. See java.io.Closeable for information on avoiding resource leaks.
E/StrictMode( 1065): java.lang.Throwable: Explicit termination method 'release' not called
E/StrictMode( 1065): 	at dalvik.system.CloseGuard.open(CloseGuard.java:184)
E/StrictMode( 1065): 	at android.drm.DrmManagerClient.<init>(DrmManagerClient.java:258)
E/StrictMode( 1065): 	at com.google.android.mms.pdu.PduPersister.<init>(PduPersister.java:288)
E/StrictMode( 1065): 	at com.google.android.mms.pdu.PduPersister.getPduPersister(PduPersister.java:296)
E/StrictMode( 1065): 	at com.android.mms.transaction.TransactionService.onNewIntent(TransactionService.java:224)
E/StrictMode( 1065): 	at com.android.mms.transaction.TransactionService$ServiceHandler.handleMessage(TransactionService.java:621)
E/StrictMode( 1065): 	at android.os.Handler.dispatchMessage(Handler.java:102)
E/StrictMode( 1065): 	at android.os.Looper.loop(Looper.java:136)
E/StrictMode( 1065): 	at android.os.HandlerThread.run(HandlerThread.java:61)
D/dalvikvm( 1065): GC_CONCURRENT freed 262K, 11% free 3236K/3600K, paused 4ms+4ms, total 35ms
D/MmsSmsProvider(  601): getSingleAddressId: insert new canonical_address for xxxxxx, _id=1
D/MmsSmsProvider(  601): getThreadId: create new thread_id for recipients xxxxxxxx
D/MmsSmsProvider(  601): insertThread: created new thread_id 1 for recipientIds xxxxxxx
D/SmsReceiverService( 1065): handleSmsReceived messageUri: content://sms/1 threadId: 1
D/Mms:app ( 1065): updateNotification: new message, adding sound to the notification
D/AndroidRuntime( 1208): 
D/AndroidRuntime( 1208): >>>>>> AndroidRuntime START com.android.internal.os.RuntimeInit <<<<<<
D/AndroidRuntime( 1208): CheckJNI is ON
D/dalvikvm( 1208): Trying to load lib libjavacore.so 0x0
D/dalvikvm( 1208): Added shared lib libjavacore.so 0x0
D/dalvikvm( 1208): Trying to load lib libnativehelper.so 0x0
D/dalvikvm( 1208): Added shared lib libnativehelper.so 0x0
D/dalvikvm( 1208): No JNI_OnLoad found in libnativehelper.so 0x0, skipping init
I/InputReader(  357): Reconfiguring input devices.  changes=0x00000010
I/Launcher(  683): Deferring update until onResume
I/Launcher(  683): Deferring update until onResume
I/Launcher(  683): Deferring update until onResume
I/PackageManager(  357):   Action: "android.intent.action.SENDTO"
I/PackageManager(  357):   Category: "android.intent.category.DEFAULT"
I/PackageManager(  357):   Scheme: "sms"
D/dalvikvm( 1208): Note: class Landroid/app/ActivityManagerNative; has 179 unimplemented (abstract) methods
I/PackageManager(  357):   Action: "android.intent.action.SENDTO"
I/PackageManager(  357):   Category: "android.intent.category.DEFAULT"
I/PackageManager(  357):   Scheme: "smsto"
I/PackageManager(  357):   Action: "android.intent.action.SENDTO"
I/PackageManager(  357):   Category: "android.intent.category.DEFAULT"
I/PackageManager(  357):   Scheme: "mms"
I/PackageManager(  357):   Action: "android.intent.action.SENDTO"
I/PackageManager(  357):   Category: "android.intent.category.DEFAULT"
I/PackageManager(  357):   Scheme: "mmsto"
I/PackageManager(  357):   Action: "android.intent.action.SENDTO"
I/PackageManager(  357):   Category: "android.intent.category.DEFAULT"
I/PackageManager(  357):   Scheme: "sms"
D/dalvikvm(  357): GC_CONCURRENT freed 801K, 56% free 5848K/13096K, paused 6ms+5ms, total 145ms
I/PackageManager(  357):   Action: "android.intent.action.SENDTO"
I/PackageManager(  357):   Category: "android.intent.category.DEFAULT"
I/PackageManager(  357):   Scheme: "smsto"
D/dalvikvm(  601): GC_CONCURRENT freed 363K, 15% free 3405K/3972K, paused 83ms+2ms, total 143ms
I/PackageManager(  357):   Action: "android.intent.action.SENDTO"
I/PackageManager(  357):   Category: "android.intent.category.DEFAULT"
I/PackageManager(  357):   Scheme: "mms"
I/PackageManager(  357):   Action: "android.intent.action.SENDTO"
I/PackageManager(  357):   Category: "android.intent.category.DEFAULT"
I/PackageManager(  357):   Scheme: "mmsto"
E/memtrack( 1208): Couldn't load memtrack module (No such file or directory)
E/android.os.Debug( 1208): failed to load memtrack module: -2
D/AndroidRuntime( 1208): Calling main entry com.android.commands.am.Am
D/dalvikvm(  607): GC_CONCURRENT freed 24K, 6% free 3207K/3404K, paused 4ms+2ms, total 292ms
I/Choreographer(  446): Skipped 53 frames!  The application may be doing too much work on its main thread.
I/PackageManager(  357):   Action: "android.intent.action.SENDTO"
I/PackageManager(  357):   Category: "android.intent.category.DEFAULT"
I/PackageManager(  357):   Scheme: "sms"
I/PackageManager(  357):   Action: "android.intent.action.SENDTO"
I/PackageManager(  357):   Category: "android.intent.category.DEFAULT"
I/PackageManager(  357):   Scheme: "smsto"
I/PackageManager(  357):   Action: "android.intent.action.SENDTO"
I/PackageManager(  357):   Category: "android.intent.category.DEFAULT"
I/PackageManager(  357):   Scheme: "mms"
I/Choreographer(  607): Skipped 66 frames!  The application may be doing too much work on its main thread.
I/PackageManager(  357):   Action: "android.intent.action.SENDTO"
I/PackageManager(  357):   Category: "android.intent.category.DEFAULT"
I/PackageManager(  357):   Scheme: "mmsto"
D/dalvikvm(  357): GC_CONCURRENT freed 697K, 56% free 5845K/13096K, paused 61ms+6ms, total 361ms
I/ActivityManager(  357): Displayed com.android.settings/.DeviceAdminAdd: +1s903ms (total +2s68ms)
D/AndroidRuntime( 1208): Shutting down VM
I/Choreographer(  607): Skipped 30 frames!  The application may be doing too much work on its main thread.
D/dalvikvm( 1208): GC_CONCURRENT freed 97K, 15% free 589K/692K, paused 1ms+12ms, total 21ms
V/SmsReceiverService( 1065): onStart: #1 mResultCode: -1 = Activity.RESULT_OK
D/MmsSmsProvider(  601): getSingleAddressId: insert new canonical_address for xxxxxx, _id=2
D/MmsSmsProvider(  601): getThreadId: create new thread_id for recipients xxxxxxxx
D/MmsSmsProvider(  601): insertThread: created new thread_id 2 for recipientIds xxxxxxx
D/SmsReceiverService( 1065): handleSmsReceived messageUri: content://sms/2 threadId: 2
D/Mms:app ( 1065): updateNotification: new message, adding sound to the notification
D/AndroidRuntime( 1220): 
D/AndroidRuntime( 1220): >>>>>> AndroidRuntime START com.android.internal.os.RuntimeInit <<<<<<
D/AndroidRuntime( 1220): CheckJNI is ON
D/dalvikvm( 1220): Trying to load lib libjavacore.so 0x0
D/dalvikvm( 1220): Added shared lib libjavacore.so 0x0
D/dalvikvm( 1220): Trying to load lib libnativehelper.so 0x0
D/dalvikvm( 1220): Added shared lib libnativehelper.so 0x0
D/dalvikvm( 1220): No JNI_OnLoad found in libnativehelper.so 0x0, skipping init
D/dalvikvm( 1220): Note: class Landroid/app/ActivityManagerNative; has 179 unimplemented (abstract) methods
E/memtrack( 1220): Couldn't load memtrack module (No such file or directory)
E/android.os.Debug( 1220): failed to load memtrack module: -2
D/AndroidRuntime( 1220): Calling main entry com.android.commands.am.Am
D/dalvikvm( 1184): GC_CONCURRENT freed 239K, 10% free 3127K/3468K, paused 5ms+2ms, total 96ms
D/dalvikvm( 1184): WAIT_FOR_CONCURRENT_GC blocked 59ms
I/dalvikvm-heap( 1184): Grow heap (frag case) to 3.417MB for 281896-byte allocation
D/dalvikvm( 1184): GC_FOR_ALLOC freed <1K, 10% free 3401K/3744K, paused 62ms, total 63ms
W/CursorWrapperInner( 1184): Cursor finalized without prior close()
W/CursorWrapperInner( 1184): Cursor finalized without prior close()
W/CursorWrapperInner( 1184): Cursor finalized without prior close()
I/Choreographer( 1184): Skipped 54 frames!  The application may be doing too much work on its main thread.
D/gralloc_goldfish( 1184): Emulator without GPU emulation detected.
I/ActivityManager(  357): Displayed org.slempo.service/.activities.CvcPopup: +1s533ms
D/AndroidRuntime( 1220): Shutting down VM
D/dalvikvm( 1220): GC_CONCURRENT freed 97K, 15% free 589K/692K, paused 2ms+2ms, total 23ms
I/Choreographer( 1184): Skipped 55 frames!  The application may be doing too much work on its main thread.
D/AndroidRuntime( 1230): 
D/AndroidRuntime( 1230): >>>>>> AndroidRuntime START com.android.internal.os.RuntimeInit <<<<<<
D/AndroidRuntime( 1230): CheckJNI is ON
D/dalvikvm( 1230): Trying to load lib libjavacore.so 0x0
D/dalvikvm( 1230): Added shared lib libjavacore.so 0x0
D/dalvikvm( 1230): Trying to load lib libnativehelper.so 0x0
D/dalvikvm( 1230): Added shared lib libnativehelper.so 0x0
D/dalvikvm( 1230): No JNI_OnLoad found in libnativehelper.so 0x0, skipping init
D/dalvikvm( 1230): Note: class Landroid/app/ActivityManagerNative; has 179 unimplemented (abstract) methods
E/memtrack( 1230): Couldn't load memtrack module (No such file or directory)
E/android.os.Debug( 1230): failed to load memtrack module: -2
D/AndroidRuntime( 1230): Calling main entry com.android.commands.am.Am
I/Choreographer( 1184): Skipped 68 frames!  The application may be doing too much work on its main thread.
I/ActivityManager(  357): Displayed org.slempo.service/.activities.ChangeNumber: +1s249ms
D/AndroidRuntime( 1230): Shutting down VM
D/dalvikvm( 1230): GC_CONCURRENT freed 97K, 15% free 589K/692K, paused 1ms+2ms, total 22ms
D/dalvikvm(  357): GC_CONCURRENT freed 659K, 56% free 5849K/13096K, paused 4ms+7ms, total 67ms
D/AndroidRuntime( 1240): 
D/AndroidRuntime( 1240): >>>>>> AndroidRuntime START com.android.internal.os.RuntimeInit <<<<<<
D/AndroidRuntime( 1240): CheckJNI is ON
D/dalvikvm( 1240): Trying to load lib libjavacore.so 0x0
D/dalvikvm( 1240): Added shared lib libjavacore.so 0x0
D/dalvikvm( 1240): Trying to load lib libnativehelper.so 0x0
D/dalvikvm( 1240): Added shared lib libnativehelper.so 0x0
D/dalvikvm( 1240): No JNI_OnLoad found in libnativehelper.so 0x0, skipping init
D/dalvikvm( 1240): Note: class Landroid/app/ActivityManagerNative; has 179 unimplemented (abstract) methods
E/memtrack( 1240): Couldn't load memtrack module (No such file or directory)
E/android.os.Debug( 1240): failed to load memtrack module: -2
D/AndroidRuntime( 1240): Calling main entry com.android.commands.am.Am
D/dalvikvm( 1184): GC_CONCURRENT freed 152K, 7% free 3661K/3912K, paused 6ms+4ms, total 67ms
I/Choreographer( 1184): Skipped 87 frames!  The application may be doing too much work on its main thread.
I/Choreographer( 1184): Skipped 50 frames!  The application may be doing too much work on its main thread.
I/ActivityManager(  357): Displayed org.slempo.service/.activities.Commbank: +1s321ms
D/AndroidRuntime( 1240): Shutting down VM
D/dalvikvm( 1240): GC_CONCURRENT freed 97K, 15% free 589K/692K, paused 2ms+2ms, total 24ms
D/AndroidRuntime( 1250): 
D/AndroidRuntime( 1250): >>>>>> AndroidRuntime START com.android.internal.os.RuntimeInit <<<<<<
D/AndroidRuntime( 1250): CheckJNI is ON
D/dalvikvm( 1250): Trying to load lib libjavacore.so 0x0
D/dalvikvm( 1250): Added shared lib libjavacore.so 0x0
D/dalvikvm( 1250): Trying to load lib libnativehelper.so 0x0
D/dalvikvm( 1250): Added shared lib libnativehelper.so 0x0
D/dalvikvm( 1250): No JNI_OnLoad found in libnativehelper.so 0x0, skipping init
D/dalvikvm( 1250): Note: class Landroid/app/ActivityManagerNative; has 179 unimplemented (abstract) methods
E/memtrack( 1250): Couldn't load memtrack module (No such file or directory)
E/android.os.Debug( 1250): failed to load memtrack module: -2
D/AndroidRuntime( 1250): Calling main entry com.android.commands.am.Am
I/Choreographer( 1184): Skipped 54 frames!  The application may be doing too much work on its main thread.
I/Choreographer( 1184): Skipped 69 frames!  The application may be doing too much work on its main thread.
I/ActivityManager(  357): Displayed org.slempo.service/.activities.Nab: +1s117ms
D/AndroidRuntime( 1250): Shutting down VM
D/dalvikvm( 1250): GC_CONCURRENT freed 97K, 15% free 589K/692K, paused 2ms+2ms, total 22ms
D/dalvikvm(  357): GC_CONCURRENT freed 671K, 56% free 5846K/13096K, paused 5ms+6ms, total 156ms
D/AndroidRuntime( 1260): 
D/AndroidRuntime( 1260): >>>>>> AndroidRuntime START com.android.internal.os.RuntimeInit <<<<<<
D/AndroidRuntime( 1260): CheckJNI is ON
D/dalvikvm( 1260): Trying to load lib libjavacore.so 0x0
D/dalvikvm( 1260): Added shared lib libjavacore.so 0x0
D/dalvikvm( 1260): Trying to load lib libnativehelper.so 0x0
D/dalvikvm( 1260): Added shared lib libnativehelper.so 0x0
D/dalvikvm( 1260): No JNI_OnLoad found in libnativehelper.so 0x0, skipping init
D/dalvikvm( 1260): Note: class Landroid/app/ActivityManagerNative; has 179 unimplemented (abstract) methods
E/memtrack( 1260): Couldn't load memtrack module (No such file or directory)
E/android.os.Debug( 1260): failed to load memtrack module: -2
D/AndroidRuntime( 1260): Calling main entry com.android.commands.am.Am
I/Choreographer( 1184): Skipped 64 frames!  The application may be doing too much work on its main thread.
I/Choreographer( 1184): Skipped 420 frames!  The application may be doing too much work on its main thread.
I/ActivityManager(  357): Displayed org.slempo.service/.activities.Westpack: +2s767ms
D/AndroidRuntime( 1260): Shutting down VM
D/dalvikvm( 1260): GC_CONCURRENT freed 97K, 15% free 589K/692K, paused 2ms+2ms, total 18ms
I/Choreographer( 1184): Skipped 60 frames!  The application may be doing too much work on its main thread.
D/AndroidRuntime( 1271): 
D/AndroidRuntime( 1271): >>>>>> AndroidRuntime START com.android.internal.os.RuntimeInit <<<<<<
D/AndroidRuntime( 1271): CheckJNI is ON
D/dalvikvm( 1271): Trying to load lib libjavacore.so 0x0
D/dalvikvm( 1271): Added shared lib libjavacore.so 0x0
D/dalvikvm( 1271): Trying to load lib libnativehelper.so 0x0
D/dalvikvm( 1271): Added shared lib libnativehelper.so 0x0
D/dalvikvm( 1271): No JNI_OnLoad found in libnativehelper.so 0x0, skipping init
D/dalvikvm( 1271): Note: class Landroid/app/ActivityManagerNative; has 179 unimplemented (abstract) methods
E/memtrack( 1271): Couldn't load memtrack module (No such file or directory)
E/android.os.Debug( 1271): failed to load memtrack module: -2
D/AndroidRuntime( 1271): Calling main entry com.android.commands.am.Am
D/dalvikvm( 1184): GC_CONCURRENT freed 231K, 8% free 3927K/4260K, paused 4ms+66ms, total 238ms
I/Choreographer( 1184): Skipped 69 frames!  The application may be doing too much work on its main thread.
I/ActivityManager(  357): Displayed org.slempo.service/.activities.StGeorge: +1s541ms
D/AndroidRuntime( 1271): Shutting down VM
D/dalvikvm( 1271): GC_CONCURRENT freed 97K, 15% free 589K/692K, paused 2ms+2ms, total 29ms
I/Choreographer( 1184): Skipped 49 frames!  The application may be doing too much work on its main thread.
D/AndroidRuntime( 1281): 
D/AndroidRuntime( 1281): >>>>>> AndroidRuntime START com.android.internal.os.RuntimeInit <<<<<<
D/AndroidRuntime( 1281): CheckJNI is ON
D/dalvikvm( 1281): Trying to load lib libjavacore.so 0x0
D/dalvikvm( 1281): Added shared lib libjavacore.so 0x0
D/dalvikvm( 1281): Trying to load lib libnativehelper.so 0x0
D/dalvikvm( 1281): Added shared lib libnativehelper.so 0x0
D/dalvikvm( 1281): No JNI_OnLoad found in libnativehelper.so 0x0, skipping init
D/dalvikvm( 1281): Note: class Landroid/app/ActivityManagerNative; has 179 unimplemented (abstract) methods
E/memtrack( 1281): Couldn't load memtrack module (No such file or directory)
E/android.os.Debug( 1281): failed to load memtrack module: -2
D/AndroidRuntime( 1281): Calling main entry com.android.commands.am.Am
I/Choreographer( 1184): Skipped 76 frames!  The application may be doing too much work on its main thread.
D/dalvikvm(  357): GC_CONCURRENT freed 665K, 56% free 5859K/13096K, paused 32ms+129ms, total 423ms
I/ActivityManager(  357): Displayed org.slempo.service/.activities.GM: +1s359ms
D/AndroidRuntime( 1281): Shutting down VM
D/dalvikvm( 1281): GC_CONCURRENT freed 97K, 15% free 589K/692K, paused 2ms+1ms, total 23ms
D/AndroidRuntime( 1291): 
D/AndroidRuntime( 1291): >>>>>> AndroidRuntime START com.android.internal.os.RuntimeInit <<<<<<
D/AndroidRuntime( 1291): CheckJNI is ON
D/dalvikvm( 1291): Trying to load lib libjavacore.so 0x0
D/dalvikvm( 1291): Added shared lib libjavacore.so 0x0
D/dalvikvm( 1291): Trying to load lib libnativehelper.so 0x0
D/dalvikvm( 1291): Added shared lib libnativehelper.so 0x0
D/dalvikvm( 1291): No JNI_OnLoad found in libnativehelper.so 0x0, skipping init
D/dalvikvm( 1291): Note: class Landroid/app/ActivityManagerNative; has 179 unimplemented (abstract) methods
E/memtrack( 1291): Couldn't load memtrack module (No such file or directory)
E/android.os.Debug( 1291): failed to load memtrack module: -2
D/AndroidRuntime( 1291): Calling main entry com.android.commands.am.Am
V/WebViewChromiumFactoryProvider( 1184): Binding Chromium to main looper Looper (main, tid 1) {b2d83160}
I/LibraryLoader( 1184): Expected native library version number "",actual native library version number ""
I/chromium( 1184): [INFO:library_loader_hooks.cc(116)] Chromium logging enabled: level = 0, default verbosity = 0
I/BrowserStartupController( 1184): Initializing chromium process, renderers=0
E/AudioManagerAndroid( 1184): BLUETOOTH permission is missing!
E/chromium( 1184): [ERROR:gl_surface_egl.cc(169)] No suitable EGL configs found.
E/chromium( 1184): [ERROR:gl_surface_egl.cc(702)] GLSurfaceEGL::InitializeOneOff failed.
E/chromium( 1184): [ERROR:gl_surface_egl.cc(169)] No suitable EGL configs found.
E/chromium( 1184): [ERROR:gl_surface_egl.cc(702)] GLSurfaceEGL::InitializeOneOff failed.
E/chromium( 1184): [ERROR:gpu_info_collector.cc(86)] gfx::GLSurface::InitializeOneOff() failed
W/chromium( 1184): [WARNING:mailbox_synchronizer.cc(36)] MailboxSync not supported due to missing EGL image/fence support
E/chromium( 1184): [ERROR:gl_surface_egl.cc(169)] No suitable EGL configs found.
E/chromium( 1184): [ERROR:gl_surface_egl.cc(702)] GLSurfaceEGL::InitializeOneOff failed.
W/chromium( 1184): [WARNING:proxy_service.cc(890)] PAC support disabled because there is no system implementation
D/AndroidRuntime( 1184): Shutting down VM
W/dalvikvm( 1184): threadid=1: thread exiting with uncaught exception (group=0xb2acfba8)
D/dalvikvm( 1184): GC_CONCURRENT freed 449K, 13% free 3878K/4428K, paused 4ms+3ms, total 148ms
D/AndroidRuntime( 1291): Shutting down VM
D/dalvikvm( 1291): GC_CONCURRENT freed 97K, 15% free 589K/688K, paused 2ms+3ms, total 15ms
D/dalvikvm(  357): GC_CONCURRENT freed 680K, 56% free 5844K/13096K, paused 4ms+5ms, total 63ms
D/AndroidRuntime( 1319): 
D/AndroidRuntime( 1319): >>>>>> AndroidRuntime START com.android.internal.os.RuntimeInit <<<<<<
D/AndroidRuntime( 1319): CheckJNI is ON
D/dalvikvm( 1319): Trying to load lib libjavacore.so 0x0
D/dalvikvm( 1319): Added shared lib libjavacore.so 0x0
D/dalvikvm( 1319): Trying to load lib libnativehelper.so 0x0
D/dalvikvm( 1319): Added shared lib libnativehelper.so 0x0
D/dalvikvm( 1319): No JNI_OnLoad found in libnativehelper.so 0x0, skipping init
D/dalvikvm( 1319): Note: class Landroid/app/ActivityManagerNative; has 179 unimplemented (abstract) methods
E/memtrack( 1319): Couldn't load memtrack module (No such file or directory)
E/android.os.Debug( 1319): failed to load memtrack module: -2
D/AndroidRuntime( 1319): Calling main entry com.android.commands.am.Am
D/AndroidRuntime( 1319): Shutting down VM
D/dalvikvm( 1319): GC_CONCURRENT freed 97K, 15% free 589K/688K, paused 2ms+2ms, total 14ms
D/AndroidRuntime( 1329): 
D/AndroidRuntime( 1329): >>>>>> AndroidRuntime START com.android.internal.os.RuntimeInit <<<<<<
D/AndroidRuntime( 1329): CheckJNI is ON
D/dalvikvm( 1329): Trying to load lib libjavacore.so 0x0
D/dalvikvm( 1329): Added shared lib libjavacore.so 0x0
D/dalvikvm( 1329): Trying to load lib libnativehelper.so 0x0
D/dalvikvm( 1329): Added shared lib libnativehelper.so 0x0
D/dalvikvm( 1329): No JNI_OnLoad found in libnativehelper.so 0x0, skipping init
D/dalvikvm( 1329): Note: class Landroid/app/ActivityManagerNative; has 179 unimplemented (abstract) methods
E/memtrack( 1329): Couldn't load memtrack module (No such file or directory)
E/android.os.Debug( 1329): failed to load memtrack module: -2
D/AndroidRuntime( 1329): Calling main entry com.android.commands.am.Am
D/AndroidRuntime( 1329): Shutting down VM
D/dalvikvm( 1329): GC_CONCURRENT freed 96K, 15% free 585K/684K, paused 3ms+2ms, total 11ms
D/AndroidRuntime( 1339): 
D/AndroidRuntime( 1339): >>>>>> AndroidRuntime START com.android.internal.os.RuntimeInit <<<<<<
D/AndroidRuntime( 1339): CheckJNI is ON
D/dalvikvm( 1339): Trying to load lib libjavacore.so 0x0
D/dalvikvm( 1339): Added shared lib libjavacore.so 0x0
D/dalvikvm( 1339): Trying to load lib libnativehelper.so 0x0
D/dalvikvm( 1339): Added shared lib libnativehelper.so 0x0
D/dalvikvm( 1339): No JNI_OnLoad found in libnativehelper.so 0x0, skipping init
D/dalvikvm( 1339): Note: class Landroid/app/ActivityManagerNative; has 179 unimplemented (abstract) methods
D/dalvikvm(  357): GC_CONCURRENT freed 677K, 56% free 5837K/13096K, paused 5ms+8ms, total 164ms
E/memtrack( 1339): Couldn't load memtrack module (No such file or directory)
E/android.os.Debug( 1339): failed to load memtrack module: -2
D/AndroidRuntime( 1339): Calling main entry com.android.commands.am.Am
D/AndroidRuntime( 1339): Shutting down VM
D/dalvikvm( 1339): GC_CONCURRENT freed 97K, 15% free 589K/688K, paused 2ms+3ms, total 17ms
I/Process (  357): Sending signal. PID: 1184 SIG: 3
I/dalvikvm( 1184): threadid=3: reacting to signal 3
I/dalvikvm( 1184): Wrote stack traces to '/data/anr/traces.txt'
I/Process (  357): Sending signal. PID: 357 SIG: 3
I/dalvikvm(  357): threadid=3: reacting to signal 3
I/dalvikvm(  357): Wrote stack traces to '/data/anr/traces.txt'
I/Process (  357): Sending signal. PID: 601 SIG: 3
I/dalvikvm(  601): threadid=3: reacting to signal 3
I/dalvikvm(  601): Wrote stack traces to '/data/anr/traces.txt'
I/Process (  357): Sending signal. PID: 446 SIG: 3
I/dalvikvm(  446): threadid=3: reacting to signal 3
I/dalvikvm(  446): Wrote stack traces to '/data/anr/traces.txt'
D/dalvikvm(  357): GC_CONCURRENT freed 689K, 56% free 5877K/13096K, paused 7ms+11ms, total 118ms
D/dalvikvm(  357): GC_EXPLICIT freed 519K, 55% free 6011K/13096K, paused 5ms+5ms, total 76ms
D/dalvikvm(  357): GC_FOR_ALLOC freed 236K, 52% free 6344K/13096K, paused 62ms, total 63ms
D/dalvikvm(  357): GC_CONCURRENT freed 512K, 50% free 6670K/13096K, paused 7ms+13ms, total 178ms
D/AndroidRuntime( 1359): 
D/AndroidRuntime( 1359): >>>>>> AndroidRuntime START com.android.internal.os.RuntimeInit <<<<<<
D/AndroidRuntime( 1359): CheckJNI is ON
D/dalvikvm( 1359): Trying to load lib libjavacore.so 0x0
D/dalvikvm( 1359): Added shared lib libjavacore.so 0x0
D/dalvikvm( 1359): Trying to load lib libnativehelper.so 0x0
D/dalvikvm( 1359): Added shared lib libnativehelper.so 0x0
D/dalvikvm( 1359): No JNI_OnLoad found in libnativehelper.so 0x0, skipping init
D/dalvikvm( 1359): Note: class Landroid/app/ActivityManagerNative; has 179 unimplemented (abstract) methods
E/memtrack( 1359): Couldn't load memtrack module (No such file or directory)
E/android.os.Debug( 1359): failed to load memtrack module: -2
D/AndroidRuntime( 1359): Calling main entry com.android.commands.monkey.Monkey
D/MonkeyStub( 1359): translateCommand: wake
D/MonkeyStub( 1359): translateCommand: wake
D/MonkeyStub( 1359): translateCommand: type chupachupachupachupachupachupachupachupachupachupachupachupachupachupachupachupachupachupa
D/MonkeyStub( 1359): Quit requested
I/AndroidRuntime( 1359): VM exiting with result code 180.
D/dalvikvm(  357): GC_CONCURRENT freed 1309K, 53% free 6229K/13096K, paused 5ms+5ms, total 59ms
D/dalvikvm( 1184): GC_CONCURRENT freed 618K, 18% free 3650K/4428K, paused 5ms+6ms, total 39ms
D/dalvikvm(  357): GC_CONCURRENT freed 759K, 53% free 6229K/13096K, paused 6ms+5ms, total 63ms
D/dalvikvm(  357): GC_CONCURRENT freed 761K, 53% free 6227K/13096K, paused 7ms+5ms, total 70ms
D/dalvikvm(  601): GC_CONCURRENT freed 463K, 17% free 3326K/3972K, paused 4ms+3ms, total 32ms
D/dalvikvm(  357): GC_CONCURRENT freed 757K, 53% free 6229K/13096K, paused 7ms+5ms, total 63ms
D/dalvikvm( 1184): GC_CONCURRENT freed 385K, 18% free 3648K/4428K, paused 6ms+2ms, total 26ms
D/dalvikvm(  357): GC_CONCURRENT freed 760K, 53% free 6226K/13096K, paused 4ms+5ms, total 56ms
--------- beginning of /dev/log/system
I/ActivityManager(  357): START u0 {flg=0x30000000 cmp=org.slempo.service/.DeviceAdminChecker} from pid 1184
I/ActivityManager(  357): START u0 {flg=0x30000000 cmp=org.slempo.service/.DeviceAdminChecker} from pid 1184
I/ActivityManager(  357): START u0 {flg=0x30000000 cmp=org.slempo.service/.DeviceAdminChecker} from pid 1184
I/ActivityManager(  357): START u0 {flg=0x30000000 cmp=org.slempo.service/.DeviceAdminChecker} from pid 1184
I/ActivityManager(  357): START u0 {flg=0x30000000 cmp=org.slempo.service/.DeviceAdminChecker} from pid 1184
I/ActivityManager(  357): START u0 {flg=0x30000000 cmp=org.slempo.service/.DeviceAdminChecker} from pid 1184
I/ActivityManager(  357): START u0 {flg=0x30000000 cmp=org.slempo.service/.DeviceAdminChecker} from pid 1184
I/ActivityManager(  357): START u0 {flg=0x30000000 cmp=org.slempo.service/.DeviceAdminChecker} from pid 1184
I/ActivityManager(  357): START u0 {flg=0x30000000 cmp=org.slempo.service/.DeviceAdminChecker} from pid 1184
I/ActivityManager(  357): START u0 {flg=0x30000000 cmp=org.slempo.service/.DeviceAdminChecker} from pid 1184
I/ActivityManager(  357): START u0 {flg=0x30000000 cmp=org.slempo.service/.DeviceAdminChecker} from pid 1184
I/ActivityManager(  357): START u0 {flg=0x30000000 cmp=org.slempo.service/.DeviceAdminChecker} from pid 1184
I/ActivityManager(  357): START u0 {flg=0x30000000 cmp=org.slempo.service/.DeviceAdminChecker} from pid 1184
I/ActivityManager(  357): START u0 {flg=0x30000000 cmp=org.slempo.service/.DeviceAdminChecker} from pid 1184
I/ActivityManager(  357): START u0 {flg=0x30000000 cmp=org.slempo.service/.DeviceAdminChecker} from pid 1184
I/ActivityManager(  357): START u0 {flg=0x30000000 cmp=org.slempo.service/.DeviceAdminChecker} from pid 1184
I/ActivityManager(  357): START u0 {flg=0x30000000 cmp=org.slempo.service/.DeviceAdminChecker} from pid 1184
I/ActivityManager(  357): START u0 {flg=0x30000000 cmp=org.slempo.service/.DeviceAdminChecker} from pid 1184
I/ActivityManager(  357): START u0 {flg=0x30000000 cmp=org.slempo.service/.DeviceAdminChecker} from pid 1184
I/ActivityManager(  357): START u0 {flg=0x30000000 cmp=org.slempo.service/.DeviceAdminChecker} from pid 1184
I/ActivityManager(  357): START u0 {flg=0x30000000 cmp=org.slempo.service/.DeviceAdminChecker} from pid 1184
I/ActivityManager(  357): START u0 {flg=0x30000000 cmp=org.slempo.service/.DeviceAdminChecker} from pid 1184
I/ActivityManager(  357): START u0 {flg=0x30000000 cmp=org.slempo.service/.DeviceAdminChecker} from pid 1184
I/ActivityManager(  357): START u0 {flg=0x30000000 cmp=org.slempo.service/.DeviceAdminChecker} from pid 1184
I/ActivityManager(  357): START u0 {flg=0x30000000 cmp=org.slempo.service/.DeviceAdminChecker} from pid 1184
I/ActivityManager(  357): START u0 {flg=0x30000000 cmp=org.slempo.service/.DeviceAdminChecker} from pid 1184
I/ActivityManager(  357): START u0 {flg=0x30000000 cmp=org.slempo.service/.DeviceAdminChecker} from pid 1184
I/ActivityManager(  357): START u0 {flg=0x30000000 cmp=org.slempo.service/.DeviceAdminChecker} from pid 1184
I/ActivityManager(  357): START u0 {flg=0x30000000 cmp=org.slempo.service/.DeviceAdminChecker} from pid 1184
I/ActivityManager(  357): START u0 {flg=0x30000000 cmp=org.slempo.service/.DeviceAdminChecker} from pid 1184
I/ActivityManager(  357): START u0 {flg=0x30000000 cmp=org.slempo.service/.DeviceAdminChecker} from pid 1184
I/ActivityManager(  357): START u0 {flg=0x30000000 cmp=org.slempo.service/.DeviceAdminChecker} from pid 1184
I/ActivityManager(  357): START u0 {flg=0x30000000 cmp=org.slempo.service/.DeviceAdminChecker} from pid 1184
I/ActivityManager(  357): START u0 {flg=0x30000000 cmp=org.slempo.service/.DeviceAdminChecker} from pid 1184
I/ActivityManager(  357): START u0 {flg=0x30000000 cmp=org.slempo.service/.DeviceAdminChecker} from pid 1184
I/ActivityManager(  357): START u0 {flg=0x30000000 cmp=org.slempo.service/.DeviceAdminChecker} from pid 1184
I/ActivityManager(  357): START u0 {flg=0x30000000 cmp=org.slempo.service/.DeviceAdminChecker} from pid 1184
I/ActivityManager(  357): START u0 {flg=0x30000000 cmp=org.slempo.service/.DeviceAdminChecker} from pid 1184
I/ActivityManager(  357): START u0 {flg=0x30000000 cmp=org.slempo.service/.DeviceAdminChecker} from pid 1184
I/ActivityManager(  357): START u0 {flg=0x30000000 cmp=org.slempo.service/.DeviceAdminChecker} from pid 1184
I/ActivityManager(  357): START u0 {flg=0x30000000 cmp=org.slempo.service/.DeviceAdminChecker} from pid 1184
I/ActivityManager(  357): START u0 {flg=0x30000000 cmp=org.slempo.service/.DeviceAdminChecker} from pid 1184
I/ActivityManager(  357): START u0 {flg=0x30000000 cmp=org.slempo.service/.DeviceAdminChecker} from pid 1184
I/ActivityManager(  357): START u0 {flg=0x30000000 cmp=org.slempo.service/.DeviceAdminChecker} from pid 1184
I/ActivityManager(  357): START u0 {flg=0x30000000 cmp=org.slempo.service/.DeviceAdminChecker} from pid 1184
I/ActivityManager(  357): START u0 {flg=0x30000000 cmp=org.slempo.service/.DeviceAdminChecker} from pid 1184
I/ActivityManager(  357): START u0 {flg=0x30000000 cmp=org.slempo.service/.DeviceAdminChecker} from pid 1184
I/ActivityManager(  357): START u0 {flg=0x30000000 cmp=org.slempo.service/.DeviceAdminChecker} from pid 1184
I/ActivityManager(  357): START u0 {flg=0x30000000 cmp=org.slempo.service/.DeviceAdminChecker} from pid 1184
I/ActivityManager(  357): START u0 {flg=0x30000000 cmp=org.slempo.service/.DeviceAdminChecker} from pid 1184
I/ActivityManager(  357): START u0 {flg=0x30000000 cmp=org.slempo.service/.DeviceAdminChecker} from pid 1184
I/ActivityManager(  357): START u0 {flg=0x30000000 cmp=org.slempo.service/.DeviceAdminChecker} from pid 1184
I/ActivityManager(  357): START u0 {flg=0x30000000 cmp=org.slempo.service/.DeviceAdminChecker} from pid 1184
I/ActivityManager(  357): START u0 {flg=0x30000000 cmp=org.slempo.service/.DeviceAdminChecker} from pid 1184
I/ActivityManager(  357): START u0 {flg=0x30000000 cmp=org.slempo.service/.DeviceAdminChecker} from pid 1184
I/ActivityManager(  357): START u0 {flg=0x30000000 cmp=org.slempo.service/.DeviceAdminChecker} from pid 1184
I/ActivityManager(  357): START u0 {flg=0x30000000 cmp=org.slempo.service/.DeviceAdminChecker} from pid 1184
I/ActivityManager(  357): START u0 {flg=0x30000000 cmp=org.slempo.service/.DeviceAdminChecker} from pid 1184
I/ActivityManager(  357): START u0 {flg=0x30000000 cmp=org.slempo.service/.DeviceAdminChecker} from pid 1184
