D/AndroidRuntime( 1211): >>>>>> AndroidRuntime START com.android.internal.os.RuntimeInit <<<<<<
D/AndroidRuntime( 1211): CheckJNI is ON
D/dalvikvm( 1211): Trying to load lib libjavacore.so 0x0
D/dalvikvm( 1211): Added shared lib libjavacore.so 0x0
D/dalvikvm(  589): GC_FOR_ALLOC freed 638K, 18% free 3791K/4620K, paused 42ms, total 53ms
D/dalvikvm( 1211): Trying to load lib libnativehelper.so 0x0
D/dalvikvm( 1211): Added shared lib libnativehelper.so 0x0
D/dalvikvm( 1211): No JNI_OnLoad found in libnativehelper.so 0x0, skipping init
W/ViewPager(  589): Requested offscreen page limit 0 too small; defaulting to 1
D/dalvikvm(  589): GC_CONCURRENT freed 122K, 11% free 4119K/4620K, paused 34ms+53ms, total 139ms
D/dalvikvm( 1211): Note: class Landroid/app/ActivityManagerNative; has 179 unimplemented (abstract) methods
W/IInputConnectionWrapper( 1154): getTextBeforeCursor on inactive InputConnection
E/RichInputConnection(  589): Unable to connect to the editor to retrieve text... will retry later
I/LatinIME:LogUtils(  589): Dictionary info: dictionary = contacts.en_US.dict ; version = ? ; date = ?
W/IInputConnectionWrapper( 1154): getTextBeforeCursor on inactive InputConnection
W/IInputConnectionWrapper( 1154): getTextBeforeCursor on inactive InputConnection
D/dalvikvm(  589): GC_CONCURRENT freed 385K, 11% free 4153K/4620K, paused 5ms+74ms, total 225ms
E/memtrack( 1211): Couldn't load memtrack module (No such file or directory)
E/android.os.Debug( 1211): failed to load memtrack module: -2
I/Choreographer(  589): Skipped 89 frames!  The application may be doing too much work on its main thread.
D/AndroidRuntime( 1211): Calling main entry com.android.commands.am.Am
I/ActivityManager(  355): START u0 {act=android.intent.action.MAIN cat=[android.intent.category.LAUNCHER] flg=0x10000000 cmp=com.hakogksk9.abc/.Post1Activity} from pid 1211
D/MmsSmsProvider(  601): getSingleAddressId: insert new canonical_address for xxxxxx, _id=2
I/Choreographer( 1154): Skipped 172 frames!  The application may be doing too much work on its main thread.
D/MmsSmsProvider(  601): getThreadId: create new thread_id for recipients xxxxxxxx
D/MmsSmsProvider(  601): insertThread: created new thread_id 2 for recipientIds xxxxxxx
I/ActivityManager(  355): Displayed com.hakogksk9.abc/.Post1Activity: +1s862ms
D/AndroidRuntime( 1211): Shutting down VM
D/dalvikvm( 1211): GC_CONCURRENT freed 97K, 15% free 589K/692K, paused 2ms+2ms, total 23ms
I/Choreographer( 1154): Skipped 59 frames!  The application may be doing too much work on its main thread.
D/SmsReceiverService( 1029): handleSmsReceived messageUri: content://sms/2 threadId: 2
D/Mms:app ( 1029): updateNotification: new message, adding sound to the notification
D/AndroidRuntime( 1224): 
D/AndroidRuntime( 1224): >>>>>> AndroidRuntime START com.android.internal.os.RuntimeInit <<<<<<
D/AndroidRuntime( 1224): CheckJNI is ON
D/dalvikvm( 1224): Trying to load lib libjavacore.so 0x0
D/dalvikvm( 1224): Added shared lib libjavacore.so 0x0
D/dalvikvm( 1224): Trying to load lib libnativehelper.so 0x0
D/dalvikvm( 1224): Added shared lib libnativehelper.so 0x0
D/dalvikvm( 1224): No JNI_OnLoad found in libnativehelper.so 0x0, skipping init
D/dalvikvm( 1224): Note: class Landroid/app/ActivityManagerNative; has 179 unimplemented (abstract) methods
E/memtrack( 1224): Couldn't load memtrack module (No such file or directory)
E/android.os.Debug( 1224): failed to load memtrack module: -2
D/AndroidRuntime( 1224): Calling main entry com.android.commands.am.Am
I/ActivityManager(  355): START u0 {act=android.intent.action.MAIN cat=[android.intent.category.LAUNCHER] flg=0x10000000 cmp=com.hakogksk9.abc/.Post2Activity} from pid 1224
I/Choreographer( 1154): Skipped 204 frames!  The application may be doing too much work on its main thread.
D/dalvikvm( 1154): GC_CONCURRENT freed 222K, 6% free 5281K/5576K, paused 9ms+6ms, total 139ms
I/Choreographer( 1154): Skipped 281 frames!  The application may be doing too much work on its main thread.
I/ActivityManager(  355): Displayed com.hakogksk9.abc/.Post2Activity: +2s893ms
D/AndroidRuntime( 1224): Shutting down VM
D/dalvikvm( 1224): GC_CONCURRENT freed 97K, 15% free 589K/692K, paused 2ms+2ms, total 18ms
I/Choreographer( 1154): Skipped 58 frames!  The application may be doing too much work on its main thread.
D/AndroidRuntime( 1234): 
D/AndroidRuntime( 1234): >>>>>> AndroidRuntime START com.android.internal.os.RuntimeInit <<<<<<
D/AndroidRuntime( 1234): CheckJNI is ON
D/dalvikvm( 1234): Trying to load lib libjavacore.so 0x0
D/dalvikvm( 1234): Added shared lib libjavacore.so 0x0
D/dalvikvm( 1234): Trying to load lib libnativehelper.so 0x0
D/dalvikvm( 1234): Added shared lib libnativehelper.so 0x0
D/dalvikvm( 1234): No JNI_OnLoad found in libnativehelper.so 0x0, skipping init
D/dalvikvm( 1234): Note: class Landroid/app/ActivityManagerNative; has 179 unimplemented (abstract) methods
E/memtrack( 1234): Couldn't load memtrack module (No such file or directory)
E/android.os.Debug( 1234): failed to load memtrack module: -2
D/AndroidRuntime( 1234): Calling main entry com.android.commands.am.Am
I/ActivityManager(  355): START u0 {act=android.intent.action.MAIN cat=[android.intent.category.LAUNCHER] flg=0x10000000 cmp=com.hakogksk9.abc/.EnActivity} from pid 1234
D/AndroidRuntime( 1154): Shutting down VM
W/dalvikvm( 1154): threadid=1: thread exiting with uncaught exception (group=0xb29f0ba8)
E/AndroidRuntime( 1154): FATAL EXCEPTION: main
E/AndroidRuntime( 1154): Process: com.hakogksk9.abc, PID: 1154
E/AndroidRuntime( 1154): java.lang.RuntimeException: Unable to start activity ComponentInfo{com.hakogksk9.abc/com.hakogksk9.abc.EnActivity}: java.lang.NullPointerException
E/AndroidRuntime( 1154): 	at android.app.ActivityThread.performLaunchActivity(ActivityThread.java:2184)
E/AndroidRuntime( 1154): 	at android.app.ActivityThread.handleLaunchActivity(ActivityThread.java:2233)
E/AndroidRuntime( 1154): 	at android.app.ActivityThread.access$800(ActivityThread.java:135)
E/AndroidRuntime( 1154): 	at android.app.ActivityThread$H.handleMessage(ActivityThread.java:1196)
E/AndroidRuntime( 1154): 	at android.os.Handler.dispatchMessage(Handler.java:102)
E/AndroidRuntime( 1154): 	at android.os.Looper.loop(Looper.java:136)
E/AndroidRuntime( 1154): 	at android.app.ActivityThread.main(ActivityThread.java:5001)
E/AndroidRuntime( 1154): 	at java.lang.reflect.Method.invokeNative(Native Method)
E/AndroidRuntime( 1154): 	at java.lang.reflect.Method.invoke(Method.java:515)
E/AndroidRuntime( 1154): 	at com.android.internal.os.ZygoteInit$MethodAndArgsCaller.run(ZygoteInit.java:785)
E/AndroidRuntime( 1154): 	at com.android.internal.os.ZygoteInit.main(ZygoteInit.java:601)
E/AndroidRuntime( 1154): 	at dalvik.system.NativeStart.main(Native Method)
E/AndroidRuntime( 1154): Caused by: java.lang.NullPointerException
E/AndroidRuntime( 1154): 	at com.hakogksk9.abc.EnActivity.onCreate(EnActivity.java:45)
E/AndroidRuntime( 1154): 	at android.app.Activity.performCreate(Activity.java:5231)
E/AndroidRuntime( 1154): 	at android.app.Instrumentation.callActivityOnCreate(Instrumentation.java:1087)
E/AndroidRuntime( 1154): 	at android.app.ActivityThread.performLaunchActivity(ActivityThread.java:2148)
E/AndroidRuntime( 1154): 	... 11 more
W/ActivityManager(  355):   Force finishing activity com.hakogksk9.abc/.EnActivity
W/ActivityManager(  355):   Force finishing activity com.hakogksk9.abc/.Post2Activity
D/dalvikvm(  355): GC_FOR_ALLOC freed 586K, 54% free 5868K/12520K, paused 57ms, total 71ms
W/ActivityManager(  355): Activity pause timeout for ActivityRecord{b35ae780 u0 com.hakogksk9.abc/.EnActivity t4 f}
I/Choreographer(  355): Skipped 38 frames!  The application may be doing too much work on its main thread.
W/ActivityManager(  355): Launch timeout has expired, giving up wake lock!
D/AndroidRuntime( 1234): Shutting down VM
D/dalvikvm( 1234): GC_CONCURRENT freed 97K, 15% free 589K/688K, paused 2ms+3ms, total 12ms
D/AndroidRuntime( 1245): 
D/AndroidRuntime( 1245): >>>>>> AndroidRuntime START com.android.internal.os.RuntimeInit <<<<<<
D/AndroidRuntime( 1245): CheckJNI is ON
D/dalvikvm( 1245): Trying to load lib libjavacore.so 0x0
D/dalvikvm( 1245): Added shared lib libjavacore.so 0x0
D/dalvikvm( 1245): Trying to load lib libnativehelper.so 0x0
D/dalvikvm( 1245): Added shared lib libnativehelper.so 0x0
D/dalvikvm( 1245): No JNI_OnLoad found in libnativehelper.so 0x0, skipping init
D/dalvikvm( 1245): Note: class Landroid/app/ActivityManagerNative; has 179 unimplemented (abstract) methods
E/memtrack( 1245): Couldn't load memtrack module (No such file or directory)
E/android.os.Debug( 1245): failed to load memtrack module: -2
D/AndroidRuntime( 1245): Calling main entry com.android.commands.am.Am
I/ActivityManager(  355): START u0 {act=android.intent.action.MAIN cat=[android.intent.category.LAUNCHER] flg=0x10000000 cmp=com.hakogksk9.abc/.NumActivity} from pid 1245
W/ActivityManager(  355): Activity pause timeout for ActivityRecord{b35cce90 u0 com.hakogksk9.abc/.Post1Activity t4}
W/ActivityManager(  355): Activity destroy timeout for ActivityRecord{b2d0eaa0 u0 com.hakogksk9.abc/.Post2Activity t4 f}
W/ActivityManager(  355): Activity destroy timeout for ActivityRecord{b35ae780 u0 com.hakogksk9.abc/.EnActivity t4 f}
W/ActivityManager(  355): Launch timeout has expired, giving up wake lock!
D/AndroidRuntime( 1245): Shutting down VM
D/dalvikvm( 1245): GC_CONCURRENT freed 97K, 15% free 589K/688K, paused 2ms+4ms, total 14ms
D/AndroidRuntime( 1255): 
D/AndroidRuntime( 1255): >>>>>> AndroidRuntime START com.android.internal.os.RuntimeInit <<<<<<
D/AndroidRuntime( 1255): CheckJNI is ON
D/dalvikvm( 1255): Trying to load lib libjavacore.so 0x0
D/dalvikvm( 1255): Added shared lib libjavacore.so 0x0
D/dalvikvm( 1255): Trying to load lib libnativehelper.so 0x0
D/dalvikvm( 1255): Added shared lib libnativehelper.so 0x0
D/dalvikvm( 1255): No JNI_OnLoad found in libnativehelper.so 0x0, skipping init
D/dalvikvm( 1255): Note: class Landroid/app/ActivityManagerNative; has 179 unimplemented (abstract) methods
E/memtrack( 1255): Couldn't load memtrack module (No such file or directory)
E/android.os.Debug( 1255): failed to load memtrack module: -2
D/AndroidRuntime( 1255): Calling main entry com.android.commands.am.Am
D/AndroidRuntime( 1255): Shutting down VM
D/dalvikvm( 1255): GC_CONCURRENT freed 96K, 15% free 585K/684K, paused 2ms+3ms, total 13ms
D/AndroidRuntime( 1265): 
D/AndroidRuntime( 1265): >>>>>> AndroidRuntime START com.android.internal.os.RuntimeInit <<<<<<
D/AndroidRuntime( 1265): CheckJNI is ON
D/dalvikvm( 1265): Trying to load lib libjavacore.so 0x0
D/dalvikvm( 1265): Added shared lib libjavacore.so 0x0
D/dalvikvm( 1265): Trying to load lib libnativehelper.so 0x0
D/dalvikvm( 1265): Added shared lib libnativehelper.so 0x0
D/dalvikvm( 1265): No JNI_OnLoad found in libnativehelper.so 0x0, skipping init
D/dalvikvm( 1265): Note: class Landroid/app/ActivityManagerNative; has 179 unimplemented (abstract) methods
E/memtrack( 1265): Couldn't load memtrack module (No such file or directory)
E/android.os.Debug( 1265): failed to load memtrack module: -2
D/AndroidRuntime( 1265): Calling main entry com.android.commands.am.Am
I/ActivityManager(  355): START u0 {act=android.intent.action.MAIN cat=[android.intent.category.LAUNCHER] flg=0x10000000 cmp=com.hakogksk9.abc/.MainActivity} from pid 1265
W/ActivityManager(  355): Timeout executing service: ServiceRecord{b31c5720 u0 com.hakogksk9.abc/.CoreService}
I/ActivityManager(  355): Crashing app skipping ANR: ProcessRecord{b3027048 1154:com.hakogksk9.abc/u0a52} Executing service com.hakogksk9.abc/.CoreService
I/System.out( 1154): java.io.EOFException
E/Conncet ( 1154): IOException
I/System.out( 1154): java.io.EOFException
E/Conncet ( 1154): IOException
