I/PackageManager(  362):   Action: "android.intent.action.SENDTO"
I/PackageManager(  362):   Category: "android.intent.category.DEFAULT"
I/PackageManager(  362):   Scheme: "mmsto"
I/PackageManager(  362): Adding preferred activity ComponentInfo{com.android.mms/com.android.mms.ui.ComposeMessageActivity} for user 0 :
E/BluetoothAdapter(  605): Bluetooth binder is null
E/BluetoothAdapter(  605): Bluetooth binder is null
D/dalvikvm(  598): GC_CONCURRENT freed 434K, 17% free 2971K/3540K, paused 4ms+2ms, total 64ms
D/CallNotifier(  605): CallNotifier: mSignalInfoToneGenerator created when toneplay
E/BluetoothAdapter(  605): Bluetooth binder is null
I/FusedLocation(  362): engine started (com.android.location.fused)
I/FusedLocation(  362): engine stopped (com.android.location.fused)
I/FusedLocation(  362): engine started (com.android.location.fused)
I/LatinIME:LogUtils(  598): Dictionary info: dictionary = userunigram.en_US.dict ; version = ? ; date = ?
I/LatinIME:LogUtils(  598): Dictionary info: dictionary = main:en ; version = 42 ; date = 1381226429
D/MobileDataStateTracker(  362): fota: Broadcast received: android.intent.action.ANY_DATA_STATE apnType=fota
D/MobileDataStateTracker(  362): fota: Received state=DISCONNECTED, old=DISCONNECTED, reason=radioTurnedOff
D/MobileDataStateTracker(  362): ia: Broadcast received: android.intent.action.ANY_DATA_STATE apnType=ia
D/MobileDataStateTracker(  362): ia: Received state=DISCONNECTED, old=DISCONNECTED, reason=radioTurnedOff
D/MobileDataStateTracker(  362): supl: Broadcast received: android.intent.action.ANY_DATA_STATE apnType=supl
D/MobileDataStateTracker(  362): supl: Received state=DISCONNECTED, old=DISCONNECTED, reason=radioTurnedOff
I/LatinIME:LogUtils(  598): Dictionary info: dictionary = main:en ; version = 42 ; date = 1381226429
D/MobileDataStateTracker(  362): hipri: Broadcast received: android.intent.action.ANY_DATA_STATE apnType=hipri
I/LatinIME:LogUtils(  598): Dictionary info: dictionary = main:en ; version = 42 ; date = 1381226429
D/MobileDataStateTracker(  362): hipri: Received state=DISCONNECTED, old=DISCONNECTED, reason=radioTurnedOff
D/MobileDataStateTracker(  362): ims: Broadcast received: android.intent.action.ANY_DATA_STATE apnType=ims
D/MobileDataStateTracker(  362): ims: Received state=DISCONNECTED, old=DISCONNECTED, reason=radioTurnedOff
D/MobileDataStateTracker(  362): default: Broadcast received: android.intent.action.ANY_DATA_STATE apnType=default
D/MobileDataStateTracker(  362): default: Received state=DISCONNECTED, old=DISCONNECTED, reason=radioTurnedOff
D/MobileDataStateTracker(  362): mms: Broadcast received: android.intent.action.ANY_DATA_STATE apnType=mms
D/MobileDataStateTracker(  362): mms: Received state=DISCONNECTED, old=DISCONNECTED, reason=radioTurnedOff
D/MobileDataStateTracker(  362): cbs: Broadcast received: android.intent.action.ANY_DATA_STATE apnType=cbs
D/MobileDataStateTracker(  362): cbs: Received state=DISCONNECTED, old=DISCONNECTED, reason=radioTurnedOff
D/MobileDataStateTracker(  362): fota: Broadcast received: android.intent.action.ANY_DATA_STATE apnType=fota
D/MobileDataStateTracker(  362): fota: Received state=DISCONNECTED, old=DISCONNECTED, reason=radioTurnedOff
I/LatinIME:LogUtils(  598): Dictionary info: dictionary = main:en ; version = 42 ; date = 1381226429
D/MobileDataStateTracker(  362): ia: Broadcast received: android.intent.action.ANY_DATA_STATE apnType=ia
D/MobileDataStateTracker(  362): ia: Received state=DISCONNECTED, old=DISCONNECTED, reason=radioTurnedOff
D/MobileDataStateTracker(  362): supl: Broadcast received: android.intent.action.ANY_DATA_STATE apnType=supl
D/MobileDataStateTracker(  362): supl: Received state=DISCONNECTED, old=DISCONNECTED, reason=radioTurnedOff
D/MobileDataStateTracker(  362): hipri: Broadcast received: android.intent.action.ANY_DATA_STATE apnType=hipri
D/MobileDataStateTracker(  362): hipri: Received state=DISCONNECTED, old=DISCONNECTED, reason=radioTurnedOff
D/MobileDataStateTracker(  362): ims: Broadcast received: android.intent.action.ANY_DATA_STATE apnType=ims
D/MobileDataStateTracker(  362): ims: Received state=DISCONNECTED, old=DISCONNECTED, reason=radioTurnedOff
D/MobileDataStateTracker(  362): default: Broadcast received: android.intent.action.ANY_DATA_STATE apnType=default
D/MobileDataStateTracker(  362): default: Received state=DISCONNECTED, old=DISCONNECTED, reason=radioTurnedOff
D/MobileDataStateTracker(  362): mms: Broadcast received: android.intent.action.ANY_DATA_STATE apnType=mms
D/MobileDataStateTracker(  362): mms: Received state=DISCONNECTED, old=DISCONNECTED, reason=radioTurnedOff
D/MobileDataStateTracker(  362): cbs: Broadcast received: android.intent.action.ANY_DATA_STATE apnType=cbs
D/MobileDataStateTracker(  362): cbs: Received state=DISCONNECTED, old=DISCONNECTED, reason=radioTurnedOff
D/MobileDataStateTracker(  362): fota: Broadcast received: android.intent.action.ANY_DATA_STATE apnType=fota
D/MobileDataStateTracker(  362): fota: Received state=DISCONNECTED, old=DISCONNECTED, reason=dataDetached
D/MobileDataStateTracker(  362): ia: Broadcast received: android.intent.action.ANY_DATA_STATE apnType=ia
D/MobileDataStateTracker(  362): ia: Received state=DISCONNECTED, old=DISCONNECTED, reason=dataDetached
D/MobileDataStateTracker(  362): supl: Broadcast received: android.intent.action.ANY_DATA_STATE apnType=supl
D/MobileDataStateTracker(  362): supl: Received state=DISCONNECTED, old=DISCONNECTED, reason=dataDetached
D/MobileDataStateTracker(  362): hipri: Broadcast received: android.intent.action.ANY_DATA_STATE apnType=hipri
D/MobileDataStateTracker(  362): hipri: Received state=DISCONNECTED, old=DISCONNECTED, reason=dataDetached
D/MobileDataStateTracker(  362): ims: Broadcast received: android.intent.action.ANY_DATA_STATE apnType=ims
D/MobileDataStateTracker(  362): ims: Received state=DISCONNECTED, old=DISCONNECTED, reason=dataDetached
I/LatinIME:LogUtils(  598): Dictionary info: dictionary = main:en ; version = 42 ; date = 1381226429
D/MobileDataStateTracker(  362): default: Broadcast received: android.intent.action.ANY_DATA_STATE apnType=default
D/MobileDataStateTracker(  362): default: Received state=DISCONNECTED, old=DISCONNECTED, reason=dataDetached
D/MobileDataStateTracker(  362): mms: Broadcast received: android.intent.action.ANY_DATA_STATE apnType=mms
D/MobileDataStateTracker(  362): mms: Received state=DISCONNECTED, old=DISCONNECTED, reason=dataDetached
D/MobileDataStateTracker(  362): cbs: Broadcast received: android.intent.action.ANY_DATA_STATE apnType=cbs
D/MobileDataStateTracker(  362): cbs: Received state=DISCONNECTED, old=DISCONNECTED, reason=dataDetached
D/MobileDataStateTracker(  362): fota: Broadcast received: android.intent.action.ANY_DATA_STATE apnType=fota
D/dalvikvm(  362): GC_CONCURRENT freed 795K, 58% free 5441K/12700K, paused 5ms+9ms, total 514ms
D/MobileDataStateTracker(  362): fota: Received state=DISCONNECTED, old=DISCONNECTED, reason=roamingOff
D/MobileDataStateTracker(  362): ia: Broadcast received: android.intent.action.ANY_DATA_STATE apnType=ia
D/MobileDataStateTracker(  362): ia: Received state=DISCONNECTED, old=DISCONNECTED, reason=roamingOff
D/MobileDataStateTracker(  362): supl: Broadcast received: android.intent.action.ANY_DATA_STATE apnType=supl
D/MobileDataStateTracker(  362): supl: Received state=DISCONNECTED, old=DISCONNECTED, reason=roamingOff
D/MobileDataStateTracker(  362): hipri: Broadcast received: android.intent.action.ANY_DATA_STATE apnType=hipri
D/MobileDataStateTracker(  362): hipri: Received state=DISCONNECTED, old=DISCONNECTED, reason=roamingOff
D/MobileDataStateTracker(  362): ims: Broadcast received: android.intent.action.ANY_DATA_STATE apnType=ims
D/MobileDataStateTracker(  362): ims: Received state=DISCONNECTED, old=DISCONNECTED, reason=roamingOff
D/MobileDataStateTracker(  362): default: Broadcast received: android.intent.action.ANY_DATA_STATE apnType=default
D/MobileDataStateTracker(  362): default: Received state=DISCONNECTED, old=DISCONNECTED, reason=roamingOff
D/MobileDataStateTracker(  362): mms: Broadcast received: android.intent.action.ANY_DATA_STATE apnType=mms
D/MobileDataStateTracker(  362): mms: Received state=DISCONNECTED, old=DISCONNECTED, reason=roamingOff
D/MobileDataStateTracker(  362): cbs: Broadcast received: android.intent.action.ANY_DATA_STATE apnType=cbs
D/MobileDataStateTracker(  362): cbs: Received state=DISCONNECTED, old=DISCONNECTED, reason=roamingOff
D/MobileDataStateTracker(  362): fota: Broadcast received: android.intent.action.ANY_DATA_STATE apnType=fota
D/MobileDataStateTracker(  362): fota: Received state=DISCONNECTED, old=DISCONNECTED, reason=roamingOff
D/MobileDataStateTracker(  362): ia: Broadcast received: android.intent.action.ANY_DATA_STATE apnType=ia
D/MobileDataStateTracker(  362): ia: Received state=DISCONNECTED, old=DISCONNECTED, reason=roamingOff
D/MobileDataStateTracker(  362): supl: Broadcast received: android.intent.action.ANY_DATA_STATE apnType=supl
D/dalvikvm(  598): GC_CONCURRENT freed 300K, 14% free 3065K/3540K, paused 39ms+74ms, total 151ms
I/LatinIME:LogUtils(  598): Dictionary info: dictionary = main:en ; version = 42 ; date = 1381226429
I/LatinIME:LogUtils(  598): Dictionary info: dictionary = main:en ; version = 42 ; date = 1381226429
D/MobileDataStateTracker(  362): supl: Received state=DISCONNECTED, old=DISCONNECTED, reason=roamingOff
I/LatinIME:LogUtils(  598): Dictionary info: dictionary = main:en ; version = 42 ; date = 1381226429
D/MobileDataStateTracker(  362): hipri: Broadcast received: android.intent.action.ANY_DATA_STATE apnType=hipri
D/MobileDataStateTracker(  362): hipri: Received state=DISCONNECTED, old=DISCONNECTED, reason=roamingOff
D/MobileDataStateTracker(  362): ims: Broadcast received: android.intent.action.ANY_DATA_STATE apnType=ims
D/MobileDataStateTracker(  362): ims: Received state=DISCONNECTED, old=DISCONNECTED, reason=roamingOff
D/MobileDataStateTracker(  362): default: Broadcast received: android.intent.action.ANY_DATA_STATE apnType=default
D/MobileDataStateTracker(  362): default: Received state=DISCONNECTED, old=DISCONNECTED, reason=roamingOff
D/MobileDataStateTracker(  362): mms: Broadcast received: android.intent.action.ANY_DATA_STATE apnType=mms
D/MobileDataStateTracker(  362): mms: Received state=DISCONNECTED, old=DISCONNECTED, reason=roamingOff
D/dalvikvm(  605): GC_CONCURRENT freed 284K, 11% free 3050K/3400K, paused 4ms+2ms, total 167ms
D/MobileDataStateTracker(  362): cbs: Broadcast received: android.intent.action.ANY_DATA_STATE apnType=cbs
D/TelephonyDebugService(  605): TelephonyDebugService()
D/MobileDataStateTracker(  362): cbs: Received state=DISCONNECTED, old=DISCONNECTED, reason=roamingOff
D/MccTable(  605): updateMccMncConfiguration: mcc=310, mnc=260
D/AlarmManagerService(  362): Kernel timezone updated to 300 minutes west of GMT
D/MccTable(  605): timezone set to America/New_York
D/MccTable(  605): getLocaleFromMcc to en_us mcc=310
D/MccTable(  605): getLocaleForLanguageCountry: got match
D/MccTable(  605): getLocaleForLanguageCountry: X locale=en_US
D/MccTable(  605): WIFI_COUNTRY_CODE set to us
I/WifiService(  362): WifiService trying to set country code to us with persist set to true
D/MobileDataStateTracker(  362): fota: Broadcast received: android.intent.action.ANY_DATA_STATE apnType=fota
D/MobileDataStateTracker(  362): fota: Received state=DISCONNECTED, old=DISCONNECTED, reason=dataAttached
D/MobileDataStateTracker(  362): ia: Broadcast received: android.intent.action.ANY_DATA_STATE apnType=ia
D/MobileDataStateTracker(  362): ia: Received state=DISCONNECTED, old=DISCONNECTED, reason=dataAttached
D/MobileDataStateTracker(  362): supl: Broadcast received: android.intent.action.ANY_DATA_STATE apnType=supl
D/MobileDataStateTracker(  362): supl: Received state=DISCONNECTED, old=DISCONNECTED, reason=dataAttached
D/MobileDataStateTracker(  362): hipri: Broadcast received: android.intent.action.ANY_DATA_STATE apnType=hipri
D/MobileDataStateTracker(  362): hipri: Received state=DISCONNECTED, old=DISCONNECTED, reason=dataAttached
D/MobileDataStateTracker(  362): ims: Broadcast received: android.intent.action.ANY_DATA_STATE apnType=ims
D/MobileDataStateTracker(  362): ims: Received state=DISCONNECTED, old=DISCONNECTED, reason=dataAttached
D/MobileDataStateTracker(  362): mms: Broadcast received: android.intent.action.ANY_DATA_STATE apnType=mms
D/MobileDataStateTracker(  362): mms: Received state=DISCONNECTED, old=DISCONNECTED, reason=dataAttached
D/MobileDataStateTracker(  362): cbs: Broadcast received: android.intent.action.ANY_DATA_STATE apnType=cbs
D/MobileDataStateTracker(  362): cbs: Received state=DISCONNECTED, old=DISCONNECTED, reason=dataAttached
D/MobileDataStateTracker(  362): fota: Broadcast received: android.intent.action.ANY_DATA_STATE apnType=fota
D/MobileDataStateTracker(  362): fota: Received state=DISCONNECTED, old=DISCONNECTED, reason=dataAttached
D/MobileDataStateTracker(  362): ia: Broadcast received: android.intent.action.ANY_DATA_STATE apnType=ia
D/MobileDataStateTracker(  362): ia: Received state=DISCONNECTED, old=DISCONNECTED, reason=dataAttached
D/MobileDataStateTracker(  362): supl: Broadcast received: android.intent.action.ANY_DATA_STATE apnType=supl
D/dalvikvm(  605): GC_CONCURRENT freed 283K, 11% free 3163K/3516K, paused 3ms+15ms, total 105ms
D/MobileDataStateTracker(  362): supl: Received state=DISCONNECTED, old=DISCONNECTED, reason=dataAttached
D/MobileDataStateTracker(  362): hipri: Broadcast received: android.intent.action.ANY_DATA_STATE apnType=hipri
D/MobileDataStateTracker(  362): hipri: Received state=DISCONNECTED, old=DISCONNECTED, reason=dataAttached
D/MobileDataStateTracker(  362): ims: Broadcast received: android.intent.action.ANY_DATA_STATE apnType=ims
D/MobileDataStateTracker(  362): ims: Received state=DISCONNECTED, old=DISCONNECTED, reason=dataAttached
D/MobileDataStateTracker(  362): mms: Broadcast received: android.intent.action.ANY_DATA_STATE apnType=mms
D/MobileDataStateTracker(  362): mms: Received state=DISCONNECTED, old=DISCONNECTED, reason=dataAttached
D/MobileDataStateTracker(  362): cbs: Broadcast received: android.intent.action.ANY_DATA_STATE apnType=cbs
D/MobileDataStateTracker(  362): cbs: Received state=DISCONNECTED, old=DISCONNECTED, reason=dataAttached
D/dalvikvm(  693): GC_CONCURRENT freed 171K, 8% free 2936K/3180K, paused 25ms+43ms, total 236ms
D/MccTable(  605): updateMccMncConfiguration: mcc=310, mnc=260
D/MccTable(  605): getLocaleFromMcc to en_us mcc=310
D/MccTable(  605): getLocaleForLanguageCountry: got match
D/MccTable(  605): getLocaleForLanguageCountry: X locale=en_US
D/MccTable(  605): updateMccMncConfiguration updateConfig config={1.0 310mcc260mnc en_US ldltr ?swdp ?wdp ?hdp ?density ?lsize ?long ?orien ?uimode ?night ?touch ?keyb/?/? ?nav/?}
I/ActivityManager(  362): Config changes=3 {1.0 310mcc260mnc en_US ldltr sw480dp w480dp h839dp 160dpi lrg long port finger -keyb/v/h tball/v s.6}
D/PermissionCache(   57): checking android.permission.READ_FRAME_BUFFER for uid=1000 => granted (755 us)
D/gralloc (   57): Registering a buffer in the process that created it. This may cause memory ordering problems.
E/libEGL  (   57): called unimplemented OpenGL ES API
E/libEGL  (   57): called unimplemented OpenGL ES API
E/libEGL  (   57): called unimplemented OpenGL ES API
E/libEGL  (   57): called unimplemented OpenGL ES API
E/SurfaceFlinger(   57): glCheckFramebufferStatusOES error -1070777372
E/SurfaceFlinger(   57): got GL_FRAMEBUFFER_COMPLETE_OES error while taking screenshot
E/libEGL  (   57): called unimplemented OpenGL ES API
E/libEGL  (   57): called unimplemented OpenGL ES API
D/PhoneStatusBar(  460): mSettingsPanelGravity = 55
D/MccTable(  605): updateMccMncConfiguration: mcc=310, mnc=260
D/MccTable(  605): getLocaleFromMcc to en_us mcc=310
D/MccTable(  605): getLocaleForLanguageCountry: skipping already persisted
D/MccTable(  605): getLocaleForLanguageCountry: X locale=null
D/MccTable(  605): updateMccMncConfiguration updateConfig config={1.0 310mcc260mnc ?locale ?layoutDir ?swdp ?wdp ?hdp ?density ?lsize ?long ?orien ?uimode ?night ?touch ?keyb/?/? ?nav/?}
D/dalvikvm(  605): GC_CONCURRENT freed 369K, 12% free 3305K/3744K, paused 26ms+3ms, total 99ms
D/dalvikvm(  605): WAIT_FOR_CONCURRENT_GC blocked 37ms
D/dalvikvm(  362): GC_CONCURRENT freed 635K, 57% free 5493K/12700K, paused 6ms+4ms, total 119ms
D/dalvikvm(  362): WAIT_FOR_CONCURRENT_GC blocked 75ms
D/dalvikvm(  362): GC_CONCURRENT freed 705K, 57% free 5488K/12700K, paused 8ms+4ms, total 86ms
D/dalvikvm(  362): WAIT_FOR_CONCURRENT_GC blocked 36ms
D/dalvikvm(  362): WAIT_FOR_CONCURRENT_GC blocked 37ms
D/MobileDataStateTracker(  362): fota: Broadcast received: android.intent.action.ANY_DATA_STATE apnType=fota
D/MobileDataStateTracker(  362): fota: Received state=DISCONNECTED, old=DISCONNECTED, reason=simLoaded
D/MobileDataStateTracker(  362): ia: Broadcast received: android.intent.action.ANY_DATA_STATE apnType=ia
D/MobileDataStateTracker(  362): ia: Received state=DISCONNECTED, old=DISCONNECTED, reason=simLoaded
D/MobileDataStateTracker(  362): supl: Broadcast received: android.intent.action.ANY_DATA_STATE apnType=supl
D/MobileDataStateTracker(  362): supl: Received state=DISCONNECTED, old=DISCONNECTED, reason=simLoaded
D/MobileDataStateTracker(  362): hipri: Broadcast received: android.intent.action.ANY_DATA_STATE apnType=hipri
D/MobileDataStateTracker(  362): hipri: Received state=DISCONNECTED, old=DISCONNECTED, reason=simLoaded
D/MobileDataStateTracker(  362): ims: Broadcast received: android.intent.action.ANY_DATA_STATE apnType=ims
D/MobileDataStateTracker(  362): ims: Received state=DISCONNECTED, old=DISCONNECTED, reason=simLoaded
D/MobileDataStateTracker(  362): mms: Broadcast received: android.intent.action.ANY_DATA_STATE apnType=mms
D/MobileDataStateTracker(  362): mms: Received state=DISCONNECTED, old=DISCONNECTED, reason=simLoaded
D/MobileDataStateTracker(  362): cbs: Broadcast received: android.intent.action.ANY_DATA_STATE apnType=cbs
D/MobileDataStateTracker(  362): cbs: Received state=DISCONNECTED, old=DISCONNECTED, reason=simLoaded
D/dalvikvm(  605): GC_CONCURRENT freed 425K, 11% free 3378K/3780K, paused 7ms+2ms, total 176ms
D/MobileDataStateTracker(  362): default: Broadcast received: android.intent.action.ANY_DATA_STATE apnType=default
D/MobileDataStateTracker(  362): default: Received state=CONNECTING, old=DISCONNECTED, reason=simLoaded
D/MobileDataStateTracker(  362): default: setDetailed state, old =IDLE and new state=CONNECTING
D/dalvikvm(  693): GC_FOR_ALLOC freed 193K, 8% free 3112K/3376K, paused 110ms, total 112ms
D/MobileDataStateTracker(  362): fota: Broadcast received: android.intent.action.ANY_DATA_STATE apnType=fota
D/MobileDataStateTracker(  362): fota: Received state=DISCONNECTED, old=DISCONNECTED, reason=simLoaded
I/dalvikvm-heap(  693): Grow heap (frag case) to 3.717MB for 640016-byte allocation
D/MobileDataStateTracker(  362): ia: Broadcast received: android.intent.action.ANY_DATA_STATE apnType=ia
D/MobileDataStateTracker(  362): ia: Received state=DISCONNECTED, old=DISCONNECTED, reason=simLoaded
D/MobileDataStateTracker(  362): supl: Broadcast received: android.intent.action.ANY_DATA_STATE apnType=supl
D/MobileDataStateTracker(  362): supl: Received state=DISCONNECTED, old=DISCONNECTED, reason=simLoaded
D/MobileDataStateTracker(  362): hipri: Broadcast received: android.intent.action.ANY_DATA_STATE apnType=hipri
D/MobileDataStateTracker(  362): hipri: Received state=DISCONNECTED, old=DISCONNECTED, reason=simLoaded
D/MobileDataStateTracker(  362): ims: Broadcast received: android.intent.action.ANY_DATA_STATE apnType=ims
D/MobileDataStateTracker(  362): ims: Received state=DISCONNECTED, old=DISCONNECTED, reason=simLoaded
D/MobileDataStateTracker(  362): mms: Broadcast received: android.intent.action.ANY_DATA_STATE apnType=mms
D/MobileDataStateTracker(  362): mms: Received state=DISCONNECTED, old=DISCONNECTED, reason=simLoaded
D/MobileDataStateTracker(  362): cbs: Broadcast received: android.intent.action.ANY_DATA_STATE apnType=cbs
D/MobileDataStateTracker(  362): cbs: Received state=DISCONNECTED, old=DISCONNECTED, reason=simLoaded
D/dalvikvm(  693): GC_FOR_ALLOC freed 2K, 7% free 3734K/4004K, paused 167ms, total 167ms
I/SurfaceFlinger(   57): Boot is finished (81338 ms)
I/ARMAssembler(   57): generated scanline__00000077:03515104_00008001_00000000 [113 ipp] (134 ins) at [0xb61681f0:0xb6168408] in 10000000 ns
D/dalvikvm(  693): GC_CONCURRENT freed 7K, 7% free 3727K/4004K, paused 4ms+2ms, total 239ms
D/MobileDataStateTracker(  362): default: Broadcast received: android.intent.action.ANY_DATA_STATE apnType=default
D/MobileDataStateTracker(  362): default: Received state=CONNECTED, old=CONNECTING, reason=connected
D/MobileDataStateTracker(  362): default: setDetailed state, old =CONNECTING and new state=CONNECTED
D/ConnectivityService(  362): ConnectivityChange for mobile: CONNECTED/CONNECTED
D/ConnectivityService(  362): ConnectivityChange checkMobileProvisioning for TYPE_MOBILE or ProvisioningNetwork
D/ConnectivityService(  362): checkMobileProvisioning: E suggestedTimeOutMs=60000
D/ConnectivityService(  362): setProvNotificationVisible: E visible=false networkType=5 extraInfo=null url=null
D/ConnectivityService(  362): checkMobileProvisioning: params={ url=http://clients3.google.com/generate_204 mTimeOutMs=60000 mCb=com.android.server.ConnectivityService$5@b3097aa8}
D/ConnectivityService(  362): checkMobileProvisioning: X
D/Nat464Xlat(  362): requiresClat: netType=0, hasIPv4Address=true
I/NetworkPolicy(  362): no policy for active mobile network; generating default policy
D/dalvikvm(  362): GC_CONCURRENT freed 532K, 57% free 5575K/12700K, paused 6ms+5ms, total 363ms
W/Resources(  693): Converting to int: TypedValue{t=0x3/d=0x12 "4" a=-1}
W/Resources(  693): Converting to int: TypedValue{t=0x3/d=0xf "1" a=-1}
W/Resources(  693): Converting to int: TypedValue{t=0x3/d=0x15 "2" a=-1}
W/Resources(  693): Converting to int: TypedValue{t=0x3/d=0x15 "2" a=-1}
D/MobileDataStateTracker(  362): default: setPolicyDataEnable(enabled=true)
W/Launcher.LauncherProvider(  693): Unable to add favorite: com.android.camera2/com.android.camera.CameraLauncher
W/Launcher.LauncherProvider(  693): android.content.pm.PackageManager$NameNotFoundException: ComponentInfo{com.android.camera2/com.android.camera.CameraLauncher}
W/Launcher.LauncherProvider(  693): 	at android.app.ApplicationPackageManager.getActivityInfo(ApplicationPackageManager.java:242)
W/Launcher.LauncherProvider(  693): 	at com.android.launcher2.LauncherProvider$DatabaseHelper.addAppShortcut(LauncherProvider.java:959)
W/Launcher.LauncherProvider(  693): 	at com.android.launcher2.LauncherProvider$DatabaseHelper.loadFavorites(LauncherProvider.java:863)
W/Launcher.LauncherProvider(  693): 	at com.android.launcher2.LauncherProvider$DatabaseHelper.access$000(LauncherProvider.java:253)
W/Launcher.LauncherProvider(  693): 	at com.android.launcher2.LauncherProvider.loadDefaultFavoritesIfNecessary(LauncherProvider.java:237)
W/Launcher.LauncherProvider(  693): 	at com.android.launcher2.LauncherModel$LoaderTask.loadWorkspace(LauncherModel.java:1278)
W/Launcher.LauncherProvider(  693): 	at com.android.launcher2.LauncherModel$LoaderTask.loadAndBindWorkspace(LauncherModel.java:1020)
W/Launcher.LauncherProvider(  693): 	at com.android.launcher2.LauncherModel$LoaderTask.run(LauncherModel.java:1126)
W/Launcher.LauncherProvider(  693): 	at android.os.Handler.handleCallback(Handler.java:733)
W/Launcher.LauncherProvider(  693): 	at android.os.Handler.dispatchMessage(Handler.java:95)
W/Launcher.LauncherProvider(  693): 	at android.os.Looper.loop(Looper.java:136)
W/Launcher.LauncherProvider(  693): 	at android.os.HandlerThread.run(HandlerThread.java:61)
W/Launcher.LauncherProvider(  693): Unable to add favorite: com.android.gallery3d/com.android.gallery3d.app.Gallery
W/Launcher.LauncherProvider(  693): android.content.pm.PackageManager$NameNotFoundException: ComponentInfo{com.android.gallery3d/com.android.gallery3d.app.Gallery}
W/Launcher.LauncherProvider(  693): 	at android.app.ApplicationPackageManager.getActivityInfo(ApplicationPackageManager.java:242)
W/Launcher.LauncherProvider(  693): 	at com.android.launcher2.LauncherProvider$DatabaseHelper.addAppShortcut(LauncherProvider.java:959)
W/Launcher.LauncherProvider(  693): 	at com.android.launcher2.LauncherProvider$DatabaseHelper.loadFavorites(LauncherProvider.java:863)
W/Launcher.LauncherProvider(  693): 	at com.android.launcher2.LauncherProvider$DatabaseHelper.access$000(LauncherProvider.java:253)
W/Launcher.LauncherProvider(  693): 	at com.android.launcher2.LauncherProvider.loadDefaultFavoritesIfNecessary(LauncherProvider.java:237)
W/Launcher.LauncherProvider(  693): 	at com.android.launcher2.LauncherModel$LoaderTask.loadWorkspace(LauncherModel.java:1278)
W/Launcher.LauncherProvider(  693): 	at com.android.launcher2.LauncherModel$LoaderTask.loadAndBindWorkspace(LauncherModel.java:1020)
W/Launcher.LauncherProvider(  693): 	at com.android.launcher2.LauncherModel$LoaderTask.run(LauncherModel.java:1126)
W/Launcher.LauncherProvider(  693): 	at android.os.Handler.handleCallback(Handler.java:733)
W/Launcher.LauncherProvider(  693): 	at android.os.Handler.dispatchMessage(Handler.java:95)
W/Launcher.LauncherProvider(  693): 	at android.os.Looper.loop(Looper.java:136)
W/Launcher.LauncherProvider(  693): 	at android.os.HandlerThread.run(HandlerThread.java:61)
W/ActivityManager(  362): Launch timeout has expired, giving up wake lock!
I/InputReader(  362): Reconfiguring input devices.  changes=0x00000010
W/Launcher.Model(  693): Desktop items loading interrupted:
W/Launcher.Model(  693): java.lang.NullPointerException
W/Launcher.Model(  693): 	at com.android.launcher2.LauncherModel$LoaderTask.checkItemPlacement(LauncherModel.java:1226)
W/Launcher.Model(  693): 	at com.android.launcher2.LauncherModel$LoaderTask.loadWorkspace(LauncherModel.java:1383)
W/Launcher.Model(  693): 	at com.android.launcher2.LauncherModel$LoaderTask.loadAndBindWorkspace(LauncherModel.java:1020)
W/Launcher.Model(  693): 	at com.android.launcher2.LauncherModel$LoaderTask.run(LauncherModel.java:1126)
W/Launcher.Model(  693): 	at android.os.Handler.handleCallback(Handler.java:733)
W/Launcher.Model(  693): 	at android.os.Handler.dispatchMessage(Handler.java:95)
W/Launcher.Model(  693): 	at android.os.Looper.loop(Looper.java:136)
W/Launcher.Model(  693): 	at android.os.HandlerThread.run(HandlerThread.java:61)
I/PackageManager(  362):   Action: "android.intent.action.SENDTO"
I/PackageManager(  362):   Category: "android.intent.category.DEFAULT"
I/PackageManager(  362):   Scheme: "sms"
I/PackageManager(  362): Adding preferred activity ComponentInfo{com.android.mms/com.android.mms.ui.ComposeMessageActivity} for user 0 :
D/dalvikvm(  693): GC_CONCURRENT freed 281K, 9% free 3847K/4200K, paused 6ms+3ms, total 290ms
I/PackageManager(  362):   Action: "android.intent.action.SENDTO"
I/PackageManager(  362):   Category: "android.intent.category.DEFAULT"
I/PackageManager(  362):   Scheme: "smsto"
I/PackageManager(  362): Adding preferred activity ComponentInfo{com.android.mms/com.android.mms.ui.ComposeMessageActivity} for user 0 :
D/dalvikvm(  605): GC_CONCURRENT freed 472K, 14% free 3335K/3876K, paused 2ms+33ms, total 128ms
I/PackageManager(  362):   Action: "android.intent.action.SENDTO"
I/PackageManager(  362):   Category: "android.intent.category.DEFAULT"
I/PackageManager(  362):   Scheme: "mms"
I/PackageManager(  362): Adding preferred activity ComponentInfo{com.android.mms/com.android.mms.ui.ComposeMessageActivity} for user 0 :
D/dalvikvm(  362): GC_FOR_ALLOC freed 645K, 56% free 5625K/12700K, paused 119ms, total 124ms
E/NetdConnector(  362): NDC Command {12 bandwidth setiquota eth0 9223372036854775807} took too long (1701ms)
I/PackageManager(  362):   Action: "android.intent.action.SENDTO"
I/PackageManager(  362):   Category: "android.intent.category.DEFAULT"
I/PackageManager(  362):   Scheme: "mmsto"
I/PackageManager(  362): Adding preferred activity ComponentInfo{com.android.mms/com.android.mms.ui.ComposeMessageActivity} for user 0 :
D/MobileDataStateTracker(  362): default: setPolicyDataEnable(enabled=true)
W/WindowManager(  362): App freeze timeout expired.
W/WindowManager(  362): Force clearing freeze: AppWindowToken{b3106cd8 token=Token{b310cf58 ActivityRecord{b2d9dc20 u0 com.android.launcher/com.android.launcher2.Launcher t3}}}
I/WindowManager(  362): Screen frozen for +5s69ms due to AppWindowToken{b3106cd8 token=Token{b310cf58 ActivityRecord{b2d9dc20 u0 com.android.launcher/com.android.launcher2.Launcher t3}}}
I/ARMAssembler(   57): generated scanline__00000077:03515104_00009001_00000000 [131 ipp] (153 ins) at [0xb6168410:0xb6168674] in 0 ns
I/PackageManager(  362):   Action: "android.intent.action.SENDTO"
I/PackageManager(  362):   Category: "android.intent.category.DEFAULT"
I/PackageManager(  362):   Scheme: "sms"
I/PackageManager(  362): Adding preferred activity ComponentInfo{com.android.mms/com.android.mms.ui.ComposeMessageActivity} for user 0 :
I/Choreographer(  362): Skipped 51 frames!  The application may be doing too much work on its main thread.
D/dalvikvm(  362): GC_CONCURRENT freed 286K, 56% free 5665K/12700K, paused 105ms+121ms, total 1769ms
D/Tethering(  362): MasterInitialState.processMessage what=3
D/CaptivePortalTracker(  362): NoActiveNetworkState{ when=-23ms what=1 obj=NetworkInfo: type: mobile[UMTS], state: CONNECTED/CONNECTED, reason: connected, extra: epc.tmobile.com, roaming: false, failover: false, isAvailable: true, isConnectedToProvisioningNetwork: false target=com.android.internal.util.StateMachine$SmHandler }
D/CaptivePortalTracker(  362): NoActiveNetworkState not a wifi connectivity change, ignore
I/PackageManager(  362):   Action: "android.intent.action.SENDTO"
I/PackageManager(  362):   Category: "android.intent.category.DEFAULT"
I/PackageManager(  362):   Scheme: "smsto"
I/PackageManager(  362): Adding preferred activity ComponentInfo{com.android.mms/com.android.mms.ui.ComposeMessageActivity} for user 0 :
E/NetdConnector(  362): NDC Command {13 bandwidth removeiquota eth0} took too long (1515ms)
I/PackageManager(  362):   Action: "android.intent.action.SENDTO"
I/PackageManager(  362):   Category: "android.intent.category.DEFAULT"
I/PackageManager(  362):   Scheme: "mms"
I/PackageManager(  362): Adding preferred activity ComponentInfo{com.android.mms/com.android.mms.ui.ComposeMessageActivity} for user 0 :
D/dalvikvm(  605): GC_FOR_ALLOC freed 403K, 14% free 3373K/3916K, paused 59ms, total 60ms
I/PackageManager(  362):   Action: "android.intent.action.SENDTO"
I/PackageManager(  362):   Category: "android.intent.category.DEFAULT"
I/PackageManager(  362):   Scheme: "mmsto"
I/PackageManager(  362): Adding preferred activity ComponentInfo{com.android.mms/com.android.mms.ui.ComposeMessageActivity} for user 0 :
D/AndroidRuntime(  787): 
D/AndroidRuntime(  787): >>>>>> AndroidRuntime START com.android.internal.os.RuntimeInit <<<<<<
D/AndroidRuntime(  787): CheckJNI is ON
D/dalvikvm(  605): GC_CONCURRENT freed 3K, 12% free 3448K/3916K, paused 4ms+112ms, total 181ms
D/dalvikvm(  362): GC_CONCURRENT freed 804K, 57% free 5545K/12700K, paused 4ms+25ms, total 205ms
D/dalvikvm(  362): WAIT_FOR_CONCURRENT_GC blocked 120ms
D/dalvikvm(  787): Trying to load lib libjavacore.so 0x0
D/MobileDataStateTracker(  362): default: isProvisioningNetwork: retVal=false
D/ConnectivityService(  362): [CheckMp] isMobileOk: isDefaultProvisioning=false
D/MobileDataStateTracker(  362): hipri: isProvisioningNetwork: retVal=false
D/ConnectivityService(  362): [CheckMp] isMobileOk: isHipriProvisioning=false
D/ConnectivityService(  362): [CheckMp] isMobileOk: start hipri url=http://clients3.google.com/generate_204
D/dalvikvm(  787): Added shared lib libjavacore.so 0x0
D/dalvikvm(  787): Trying to load lib libnativehelper.so 0x0
D/dalvikvm(  787): Added shared lib libnativehelper.so 0x0
D/dalvikvm(  787): No JNI_OnLoad found in libnativehelper.so 0x0, skipping init
D/dalvikvm(  362): GC_EXPLICIT freed 116K, 57% free 5550K/12700K, paused 26ms+26ms, total 251ms
W/ProcessCpuTracker(  362): Skipping unknown process pid 805
D/dalvikvm(  787): Note: class Landroid/app/ActivityManagerNative; has 179 unimplemented (abstract) methods
D/Launcher.Model(  693): Reload apps on config change. curr_mcc:310 prevmcc:0
I/Choreographer(  693): Skipped 1225 frames!  The application may be doing too much work on its main thread.
I/Choreographer(  693): Skipped 45 frames!  The application may be doing too much work on its main thread.
E/NetdConnector(  362): NDC Command {14 bandwidth setiquota eth0 9223372036854775807} took too long (2545ms)
D/gralloc_goldfish(  693): Emulator without GPU emulation detected.
D/MobileDataStateTracker(  362): default: setPolicyDataEnable(enabled=true)
E/memtrack(  787): Couldn't load memtrack module (No such file or directory)
E/android.os.Debug(  787): failed to load memtrack module: -2
D/dalvikvm(  693): GC_FOR_ALLOC freed 199K, 7% free 3995K/4268K, paused 39ms, total 56ms
I/dalvikvm-heap(  693): Grow heap (frag case) to 5.504MB for 1610896-byte allocation
D/dalvikvm(  693): GC_CONCURRENT freed 6K, 5% free 5561K/5844K, paused 13ms+2ms, total 40ms
D/dalvikvm(  693): WAIT_FOR_CONCURRENT_GC blocked 29ms
D/dalvikvm(  693): WAIT_FOR_CONCURRENT_GC blocked 29ms
D/ConnectivityService(  362): startUsingNetworkFeature reconnecting to 0: enableHIPRI
D/dalvikvm(  693): GC_FOR_ALLOC freed <1K, 5% free 5561K/5844K, paused 48ms, total 48ms
I/dalvikvm-heap(  693): Grow heap (frag case) to 7.035MB for 1610896-byte allocation
D/dalvikvm(  693): GC_FOR_ALLOC freed 131K, 6% free 7003K/7420K, paused 40ms, total 40ms
D/AndroidRuntime(  787): Calling main entry com.android.commands.pm.Pm
D/ConnectivityService(  362): startUsingNetworkFeature X: return APN_REQUEST_STARTED
E/ConnectivityService(  362): startUsingNetworkFeature took too long: 2257ms
D/ConnectivityService(  362): [CheckMp] isMobileOk: hipri started
D/ConnectivityService(  362): [CheckMp] isMobileOk: not connected ni=NetworkInfo: type: mobile_hipri[UMTS], state: DISCONNECTED/IDLE, reason: (unspecified), extra: (none), roaming: false, failover: false, isAvailable: true, isConnectedToProvisioningNetwork: false
D/MobileDataStateTracker(  362): hipri: Broadcast received: android.intent.action.ANY_DATA_STATE apnType=hipri
D/MobileDataStateTracker(  362): hipri: Received state=CONNECTING, old=DISCONNECTED, reason=dataEnabled
D/MobileDataStateTracker(  362): hipri: setDetailed state, old =IDLE and new state=CONNECTING
D/MobileDataStateTracker(  362): fota: Broadcast received: android.intent.action.ANY_DATA_STATE apnType=fota
D/MobileDataStateTracker(  362): fota: Received state=DISCONNECTED, old=DISCONNECTED, reason=dataEnabled
D/MobileDataStateTracker(  362): ia: Broadcast received: android.intent.action.ANY_DATA_STATE apnType=ia
D/MobileDataStateTracker(  362): ia: Received state=DISCONNECTED, old=DISCONNECTED, reason=dataEnabled
D/dalvikvm(  693): GC_CONCURRENT freed <1K, 6% free 7046K/7464K, paused 4ms+2ms, total 177ms
D/MobileDataStateTracker(  362): supl: Broadcast received: android.intent.action.ANY_DATA_STATE apnType=supl
D/MobileDataStateTracker(  362): supl: Received state=DISCONNECTED, old=DISCONNECTED, reason=dataEnabled
D/MobileDataStateTracker(  362): ims: Broadcast received: android.intent.action.ANY_DATA_STATE apnType=ims
D/MobileDataStateTracker(  362): ims: Received state=DISCONNECTED, old=DISCONNECTED, reason=dataEnabled
D/MobileDataStateTracker(  362): mms: Broadcast received: android.intent.action.ANY_DATA_STATE apnType=mms
D/MobileDataStateTracker(  362): mms: Received state=DISCONNECTED, old=DISCONNECTED, reason=dataEnabled
D/MobileDataStateTracker(  362): cbs: Broadcast received: android.intent.action.ANY_DATA_STATE apnType=cbs
D/MobileDataStateTracker(  362): cbs: Received state=DISCONNECTED, old=DISCONNECTED, reason=dataEnabled
D/MobileDataStateTracker(  362): hipri: Broadcast received: android.intent.action.ANY_DATA_STATE apnType=hipri
D/MobileDataStateTracker(  362): hipri: Received state=CONNECTED, old=CONNECTING, reason=dataEnabled
D/MobileDataStateTracker(  362): hipri: setDetailed state, old =CONNECTING and new state=CONNECTED
D/ConnectivityService(  362): ConnectivityChange for mobile_hipri: CONNECTED/CONNECTED
E/logwrapper(  822): executing /system/bin/ip failed: No such file or directory
E/ConnectivityService(  362): Exception trying to add a route: java.lang.IllegalStateException: command '21 interface fwmark exempt add 10.0.2.2/32' failed with '400 21 Failed to add exemption rule (File exists)'
E/logwrapper(  823): executing /system/bin/ip failed: No such file or directory
E/ConnectivityService(  362): Exception trying to add a route: java.lang.IllegalStateException: command '23 interface fwmark exempt add 10.0.2.3/32' failed with '400 23 Failed to add exemption rule (File exists)'
E/logwrapper(  824): executing /system/bin/ip failed: No such file or directory
E/ConnectivityService(  362): Exception trying to add a route: java.lang.IllegalStateException: command '25 interface fwmark exempt add 10.0.2.2/32' failed with '400 25 Failed to add exemption rule (File exists)'
E/logwrapper(  825): executing /system/bin/ip failed: No such file or directory
E/ConnectivityService(  362): Exception trying to add a route: java.lang.IllegalStateException: command '27 interface fwmark exempt add 10.0.2.4/32' failed with '400 27 Failed to add exemption rule (File exists)'
E/logwrapper(  826): executing /system/bin/ip failed: No such file or directory
E/SecondaryTablController(   54): ip route add failed: /system/bin/ip route add 10.0.2.2/32 via 0.0.0.0 dev eth0 table 60
W/FrameworkListener(   54): Handler 'interface' error (No such device)
E/ConnectivityService(  362): Exception trying to add a route: java.lang.IllegalStateException: command '28 interface route add eth0 secondary 10.0.2.2 32 0.0.0.0' failed with '400 28 ip route modification failed (No such device)'
E/logwrapper(  827): executing /system/bin/ip failed: No such file or directory
E/SecondaryTablController(   54): ip route add failed: /system/bin/ip route add 0.0.0.0/0 via 10.0.2.2 dev eth0 table 60
W/FrameworkListener(   54): Handler 'interface' error (No such device)
E/ConnectivityService(  362): Exception trying to add a route: java.lang.IllegalStateException: command '29 interface route add eth0 secondary 0.0.0.0 0 10.0.2.2' failed with '400 29 ip route modification failed (No such device)'
D/Nat464Xlat(  362): requiresClat: netType=5, hasIPv4Address=true
D/MobileDataStateTracker(  362): default: setPolicyDataEnable(enabled=true)
W/NetworkPolicy(  362): shared quota unsupported; generating rule for each iface
I/ActivityManager(  362): Displayed com.android.launcher/com.android.launcher2.Launcher: +15s441ms (total +19s300ms)
D/dalvikvm(  460): GC_FOR_ALLOC freed 3090K, 5% free 3585K/3768K, paused 228ms, total 231ms
I/ActivityManager(  362): Start proc com.android.defcontainer for service com.android.defcontainer/.DefaultContainerService: pid=831 uid=10003 gids={50003, 1028, 1015, 1023, 2001, 1035}
I/dalvikvm-heap(  460): Grow heap (frag case) to 6.495MB for 3072016-byte allocation
D/dalvikvm(  460): GC_CONCURRENT freed 2K, 3% free 6582K/6772K, paused 13ms+2ms, total 100ms
E/NetdConnector(  362): NDC Command {31 bandwidth removeiquota eth0} took too long (891ms)
I/Choreographer(  362): Skipped 30 frames!  The application may be doing too much work on its main thread.
I/Choreographer(  362): Skipped 33 frames!  The application may be doing too much work on its main thread.
I/MediaProvider(  634): Upgrading media database from version 0 to 700, which will destroy all old data
W/ActivityManager(  362): Activity destroy timeout for ActivityRecord{b30a4228 u0 com.android.settings/.CryptKeeper t1 f}
I/Choreographer(  693): Skipped 280 frames!  The application may be doing too much work on its main thread.
E/NetdConnector(  362): NDC Command {32 bandwidth setiquota eth0 9223372036854775807} took too long (1548ms)
D/MobileDataStateTracker(  362): hipri: isProvisioningNetwork: retVal=false
D/ConnectivityService(  362): [CheckMp] isMobileOk: isProvisioningNetwork is false, continue
I/Choreographer(  693): Skipped 111 frames!  The application may be doing too much work on its main thread.
D/Tethering(  362): MasterInitialState.processMessage what=3
D/CaptivePortalTracker(  362): NoActiveNetworkState{ when=-1ms what=1 obj=NetworkInfo: type: mobile_hipri[UMTS], state: CONNECTED/CONNECTED, reason: dataEnabled, extra: epc.tmobile.com, roaming: false, failover: false, isAvailable: true, isConnectedToProvisioningNetwork: false target=com.android.internal.util.StateMachine$SmHandler }
D/CaptivePortalTracker(  362): NoActiveNetworkState not a wifi connectivity change, ignore
E/NetdConnector(  362): NDC Command {33 bandwidth removeiquota eth0} took too long (738ms)
I/Choreographer(  693): Skipped 100 frames!  The application may be doing too much work on its main thread.
D/ConnectivityService(  362): [CheckMp] isMobileOk: addresses=clients3.google.com/172.217.23.14
D/ConnectivityService(  362): [CheckMp] isMobileOk: linkHasIpv4=true linkHasIpv6=false
E/NetdConnector(  362): NDC Command {34 bandwidth setiquota eth0 9223372036854775807} took too long (1685ms)
D/MobileDataStateTracker(  362): default: setPolicyDataEnable(enabled=true)
E/NetdConnector(  362): NDC Command {35 interface route add eth0 default 10.0.2.2 32 0.0.0.0} took too long (1233ms)
E/logwrapper(  892): executing /system/bin/ip failed: No such file or directory
E/ConnectivityService(  362): Exception trying to add a route: java.lang.IllegalStateException: command '37 interface fwmark exempt add 10.0.2.2/32' failed with '400 37 Failed to add exemption rule (File exists)'
E/logwrapper(  894): executing /system/bin/ip failed: No such file or directory
D/dalvikvm(  362): GC_CONCURRENT freed 586K, 57% free 5558K/12636K, paused 139ms+5ms, total 222ms
E/ConnectivityService(  362): Exception trying to add a route: java.lang.IllegalStateException: command '39 interface fwmark exempt add 172.217.23.14/32' failed with '400 39 Failed to add exemption rule (File exists)'
D/ConnectivityService(  362): requestRouteToHostAddress ok=false
D/ConnectivityService(  362): [CheckMp] isMobileOk: could not establish route to hostAddr=clients3.google.com/172.217.23.14
I/Choreographer(  693): Skipped 72 frames!  The application may be doing too much work on its main thread.
E/SQLiteLog(  634): (1) no such table: album_info
W/ActivityManager(  362): No content provider found for permission revoke: file:///data/local/tmp/sample_for_analysis.apk
D/dalvikvm(  693): GC_CONCURRENT freed 1926K, 24% free 6472K/8480K, paused 5ms+3ms, total 40ms
I/ContactLocale(  575): AddressBook Labels [en_US]: [, A, B, C, D, E, F, G, H, I, J, K, L, M, N, O, P, Q, R, S, T, U, V, W, X, Y, Z, , , , , , , , , , , , , , , , , , , , , , , , , , , , , , , , , , , , , , , , , , , , , , , , , , , , , , , , , , , , , , , , , , , , , , , , , , , , , , , , , , , , , , , , , , , , , , , , , , , , , , , , , , , , , , , , , , , , , , , , , , , , , , , , , , , , , , , , , , , , , , , , , , , , , , , , , , , , , , , , , , , , , , , , , , , , , , , , , , , , , , #, ]
W/ActivityManager(  362): No content provider found for permission revoke: file:///data/local/tmp/sample_for_analysis.apk
I/PackageManager(  362): Copying native libraries to /data/app-lib/vmdl1599360778
D/GpsLocationProvider(  362): NTP server returned: 1545736465606 (Tue Dec 25 06:14:25 EST 2018) reference: 86754 certainty: 11 system time offset: -30139
D/dalvikvm(  362): GC_CONCURRENT freed 389K, 55% free 5770K/12636K, paused 9ms+25ms, total 131ms
I/ActivityManager(  362): Start proc com.android.exchange for content provider com.android.exchange/.provider.ExchangeDirectoryProvider: pid=899 uid=10025 gids={50025, 3003, 1028, 1015}
D/dalvikvm(  362): GC_CONCURRENT freed 700K, 55% free 5753K/12636K, paused 5ms+6ms, total 67ms
D/dalvikvm(  362): GC_CONCURRENT freed 660K, 55% free 5774K/12636K, paused 6ms+6ms, total 69ms
I/PackageManager(  362): Running dexopt on: com.hananewbank
D/dalvikvm(  634): GC_CONCURRENT freed 227K, 10% free 2881K/3176K, paused 278ms+2ms, total 467ms
E/logwrapper(  914): executing /system/bin/ip failed: No such file or directory
E/ConnectivityService(  362): Exception trying to add a route: java.lang.IllegalStateException: command '41 interface fwmark exempt add 10.0.2.2/32' failed with '400 41 Failed to add exemption rule (File exists)'
E/logwrapper(  915): executing /system/bin/ip failed: No such file or directory
E/ConnectivityService(  362): Exception trying to add a route: java.lang.IllegalStateException: command '43 interface fwmark exempt add 172.217.23.14/32' failed with '400 43 Failed to add exemption rule (File exists)'
D/ConnectivityService(  362): requestRouteToHostAddress ok=false
D/ConnectivityService(  362): [CheckMp] isMobileOk: could not establish route to hostAddr=clients3.google.com/172.217.23.14
D/dalvikvm(  911): DexOpt: load 112ms, verify+opt 432ms, 928444 bytes
I/ActivityManager(  362): Start proc com.android.externalstorage for broadcast com.android.externalstorage/.MountReceiver: pid=916 uid=10006 gids={50006, 1028, 1015, 1023}
I/ActivityManager(  362): Force stopping com.hananewbank appid=10052 user=-1: update pkg
I/ActivityManager(  362): Start proc com.android.email for content provider com.android.email/.provider.EmailProvider: pid=928 uid=10024 gids={50024, 3003, 1028, 1015}
D/BackupManagerService(  362): Received broadcast Intent { act=android.intent.action.PACKAGE_ADDED dat=package:com.hananewbank flg=0x4000010 (has extras) }
V/BackupManagerService(  362): addPackageParticipantsLocked: #1
I/DownloadManager(  634): Upgrading downloads database from version 0 to version 109, which will destroy all old data
I/InputReader(  362): Reconfiguring input devices.  changes=0x00000010
D/dalvikvm(  362): GC_CONCURRENT freed 657K, 55% free 5791K/12636K, paused 183ms+6ms, total 233ms
D/ActivityThread(  928): Loading provider com.android.email.provider;com.android.email.notifier: com.android.email.provider.EmailProvider
D/ActivityThread(  928): Loading provider com.android.email.provider;com.android.email.notifier: com.android.email.provider.EmailProvider
I/PackageManager(  362):   Action: "android.intent.action.SENDTO"
I/PackageManager(  362):   Category: "android.intent.category.DEFAULT"
I/PackageManager(  362):   Scheme: "sms"
I/PackageManager(  362): Adding preferred activity ComponentInfo{com.android.mms/com.android.mms.ui.ComposeMessageActivity} for user 0 :
I/ContactDirectoryManager(  575): deleted 0 stale rows which don't have any relevant directory
I/PackageManager(  362):   Action: "android.intent.action.SENDTO"
I/PackageManager(  362):   Category: "android.intent.category.DEFAULT"
I/PackageManager(  362):   Scheme: "smsto"
I/PackageManager(  362): Adding preferred activity ComponentInfo{com.android.mms/com.android.mms.ui.ComposeMessageActivity} for user 0 :
D/dalvikvm(  605): GC_CONCURRENT freed 506K, 15% free 3338K/3916K, paused 25ms+2ms, total 44ms
I/PackageManager(  362):   Action: "android.intent.action.SENDTO"
I/PackageManager(  362):   Category: "android.intent.category.DEFAULT"
I/PackageManager(  362):   Scheme: "mms"
I/PackageManager(  362): Adding preferred activity ComponentInfo{com.android.mms/com.android.mms.ui.ComposeMessageActivity} for user 0 :
I/PackageManager(  362):   Action: "android.intent.action.SENDTO"
I/PackageManager(  362):   Category: "android.intent.category.DEFAULT"
I/PackageManager(  362):   Scheme: "mmsto"
I/PackageManager(  362): Adding preferred activity ComponentInfo{com.android.mms/com.android.mms.ui.ComposeMessageActivity} for user 0 :
I/PackageManager(  362):   Action: "android.intent.action.SENDTO"
I/PackageManager(  362):   Category: "android.intent.category.DEFAULT"
I/PackageManager(  362):   Scheme: "sms"
I/PackageManager(  362): Adding preferred activity ComponentInfo{com.android.mms/com.android.mms.ui.ComposeMessageActivity} for user 0 :
I/PackageManager(  362):   Action: "android.intent.action.SENDTO"
I/PackageManager(  362):   Category: "android.intent.category.DEFAULT"
I/PackageManager(  362):   Scheme: "smsto"
I/PackageManager(  362): Adding preferred activity ComponentInfo{com.android.mms/com.android.mms.ui.ComposeMessageActivity} for user 0 :
I/PackageManager(  362):   Action: "android.intent.action.SENDTO"
I/PackageManager(  362):   Category: "android.intent.category.DEFAULT"
I/PackageManager(  362):   Scheme: "mms"
I/PackageManager(  362): Adding preferred activity ComponentInfo{com.android.mms/com.android.mms.ui.ComposeMessageActivity} for user 0 :
I/PackageManager(  362):   Action: "android.intent.action.SENDTO"
I/PackageManager(  362):   Category: "android.intent.category.DEFAULT"
I/PackageManager(  362):   Scheme: "mmsto"
I/PackageManager(  362): Adding preferred activity ComponentInfo{com.android.mms/com.android.mms.ui.ComposeMessageActivity} for user 0 :
I/ContactDirectoryManager(  575): Discovered 0 contact directories in 3917ms
I/ContactsProvider(  575): Upgrading aggregation algorithm
D/dalvikvm(  928): GC_CONCURRENT freed 258K, 11% free 2895K/3224K, paused 5ms+2ms, total 76ms
D/dalvikvm(  362): GC_EXPLICIT freed 961K, 56% free 5606K/12636K, paused 36ms+27ms, total 1354ms
D/dalvikvm(  362): WAIT_FOR_CONCURRENT_GC blocked 623ms
D/dalvikvm(  362): WAIT_FOR_CONCURRENT_GC blocked 342ms
D/dalvikvm(  362): WAIT_FOR_CONCURRENT_GC blocked 85ms
D/dalvikvm(  362): WAIT_FOR_CONCURRENT_GC blocked 57ms
D/dalvikvm(  362): WAIT_FOR_CONCURRENT_GC blocked 19ms
D/dalvikvm(  362): WAIT_FOR_CONCURRENT_GC blocked 360ms
D/dalvikvm(  362): WAIT_FOR_CONCURRENT_GC blocked 164ms
D/dalvikvm(  605): GC_CONCURRENT freed 401K, 14% free 3371K/3916K, paused 4ms+2ms, total 24ms
D/dalvikvm(  605): WAIT_FOR_CONCURRENT_GC blocked 13ms
