I/LatinIME:LogUtils(  586): Dictionary info: dictionary = main:en ; version = 42 ; date = 1381226429
D/CallNotifier(  597): CallNotifier: mSignalInfoToneGenerator created when toneplay
E/BluetoothAdapter(  597): Bluetooth binder is null
I/LatinIME:LogUtils(  586): Dictionary info: dictionary = main:en ; version = 42 ; date = 1381226429
I/LatinIME:LogUtils(  586): Dictionary info: dictionary = main:en ; version = 42 ; date = 1381226429
D/MobileDataStateTracker(  352): fota: Broadcast received: android.intent.action.ANY_DATA_STATE apnType=fota
D/MobileDataStateTracker(  352): fota: Received state=DISCONNECTED, old=DISCONNECTED, reason=radioTurnedOff
D/MobileDataStateTracker(  352): ia: Broadcast received: android.intent.action.ANY_DATA_STATE apnType=ia
D/MobileDataStateTracker(  352): ia: Received state=DISCONNECTED, old=DISCONNECTED, reason=radioTurnedOff
D/MobileDataStateTracker(  352): supl: Broadcast received: android.intent.action.ANY_DATA_STATE apnType=supl
D/MobileDataStateTracker(  352): supl: Received state=DISCONNECTED, old=DISCONNECTED, reason=radioTurnedOff
D/MobileDataStateTracker(  352): hipri: Broadcast received: android.intent.action.ANY_DATA_STATE apnType=hipri
D/MobileDataStateTracker(  352): hipri: Received state=DISCONNECTED, old=DISCONNECTED, reason=radioTurnedOff
D/MobileDataStateTracker(  352): ims: Broadcast received: android.intent.action.ANY_DATA_STATE apnType=ims
D/MobileDataStateTracker(  352): ims: Received state=DISCONNECTED, old=DISCONNECTED, reason=radioTurnedOff
D/MobileDataStateTracker(  352): default: Broadcast received: android.intent.action.ANY_DATA_STATE apnType=default
D/MobileDataStateTracker(  352): default: Received state=DISCONNECTED, old=DISCONNECTED, reason=radioTurnedOff
D/MobileDataStateTracker(  352): mms: Broadcast received: android.intent.action.ANY_DATA_STATE apnType=mms
I/LatinIME:LogUtils(  586): Dictionary info: dictionary = main:en ; version = 42 ; date = 1381226429
I/LatinIME:LogUtils(  586): Dictionary info: dictionary = main:en ; version = 42 ; date = 1381226429
I/LatinIME:LogUtils(  586): Dictionary info: dictionary = main:en ; version = 42 ; date = 1381226429
D/MobileDataStateTracker(  352): mms: Received state=DISCONNECTED, old=DISCONNECTED, reason=radioTurnedOff
D/MobileDataStateTracker(  352): cbs: Broadcast received: android.intent.action.ANY_DATA_STATE apnType=cbs
D/MobileDataStateTracker(  352): cbs: Received state=DISCONNECTED, old=DISCONNECTED, reason=radioTurnedOff
D/MobileDataStateTracker(  352): fota: Broadcast received: android.intent.action.ANY_DATA_STATE apnType=fota
D/MobileDataStateTracker(  352): fota: Received state=DISCONNECTED, old=DISCONNECTED, reason=radioTurnedOff
D/MobileDataStateTracker(  352): ia: Broadcast received: android.intent.action.ANY_DATA_STATE apnType=ia
D/MobileDataStateTracker(  352): ia: Received state=DISCONNECTED, old=DISCONNECTED, reason=radioTurnedOff
D/MobileDataStateTracker(  352): supl: Broadcast received: android.intent.action.ANY_DATA_STATE apnType=supl
D/MobileDataStateTracker(  352): supl: Received state=DISCONNECTED, old=DISCONNECTED, reason=radioTurnedOff
D/MobileDataStateTracker(  352): hipri: Broadcast received: android.intent.action.ANY_DATA_STATE apnType=hipri
D/MobileDataStateTracker(  352): hipri: Received state=DISCONNECTED, old=DISCONNECTED, reason=radioTurnedOff
D/MobileDataStateTracker(  352): ims: Broadcast received: android.intent.action.ANY_DATA_STATE apnType=ims
D/MobileDataStateTracker(  352): ims: Received state=DISCONNECTED, old=DISCONNECTED, reason=radioTurnedOff
D/MobileDataStateTracker(  352): default: Broadcast received: android.intent.action.ANY_DATA_STATE apnType=default
I/LatinIME:LogUtils(  586): Dictionary info: dictionary = main:en ; version = 42 ; date = 1381226429
D/MobileDataStateTracker(  352): default: Received state=DISCONNECTED, old=DISCONNECTED, reason=radioTurnedOff
D/MobileDataStateTracker(  352): mms: Broadcast received: android.intent.action.ANY_DATA_STATE apnType=mms
D/MobileDataStateTracker(  352): mms: Received state=DISCONNECTED, old=DISCONNECTED, reason=radioTurnedOff
D/MobileDataStateTracker(  352): cbs: Broadcast received: android.intent.action.ANY_DATA_STATE apnType=cbs
D/MobileDataStateTracker(  352): cbs: Received state=DISCONNECTED, old=DISCONNECTED, reason=radioTurnedOff
D/MobileDataStateTracker(  352): fota: Broadcast received: android.intent.action.ANY_DATA_STATE apnType=fota
D/MobileDataStateTracker(  352): fota: Received state=DISCONNECTED, old=DISCONNECTED, reason=dataDetached
D/MobileDataStateTracker(  352): ia: Broadcast received: android.intent.action.ANY_DATA_STATE apnType=ia
D/MobileDataStateTracker(  352): ia: Received state=DISCONNECTED, old=DISCONNECTED, reason=dataDetached
D/MobileDataStateTracker(  352): supl: Broadcast received: android.intent.action.ANY_DATA_STATE apnType=supl
D/MobileDataStateTracker(  352): supl: Received state=DISCONNECTED, old=DISCONNECTED, reason=dataDetached
D/MobileDataStateTracker(  352): hipri: Broadcast received: android.intent.action.ANY_DATA_STATE apnType=hipri
D/dalvikvm(  586): GC_CONCURRENT freed 291K, 14% free 3072K/3540K, paused 4ms+3ms, total 96ms
D/MobileDataStateTracker(  352): hipri: Received state=DISCONNECTED, old=DISCONNECTED, reason=dataDetached
D/MobileDataStateTracker(  352): ims: Broadcast received: android.intent.action.ANY_DATA_STATE apnType=ims
D/MobileDataStateTracker(  352): ims: Received state=DISCONNECTED, old=DISCONNECTED, reason=dataDetached
D/MobileDataStateTracker(  352): default: Broadcast received: android.intent.action.ANY_DATA_STATE apnType=default
D/MobileDataStateTracker(  352): default: Received state=DISCONNECTED, old=DISCONNECTED, reason=dataDetached
D/MobileDataStateTracker(  352): mms: Broadcast received: android.intent.action.ANY_DATA_STATE apnType=mms
D/MobileDataStateTracker(  352): mms: Received state=DISCONNECTED, old=DISCONNECTED, reason=dataDetached
D/MobileDataStateTracker(  352): cbs: Broadcast received: android.intent.action.ANY_DATA_STATE apnType=cbs
D/MobileDataStateTracker(  352): cbs: Received state=DISCONNECTED, old=DISCONNECTED, reason=dataDetached
D/MobileDataStateTracker(  352): fota: Broadcast received: android.intent.action.ANY_DATA_STATE apnType=fota
D/MobileDataStateTracker(  352): fota: Received state=DISCONNECTED, old=DISCONNECTED, reason=roamingOff
D/MobileDataStateTracker(  352): ia: Broadcast received: android.intent.action.ANY_DATA_STATE apnType=ia
D/MobileDataStateTracker(  352): ia: Received state=DISCONNECTED, old=DISCONNECTED, reason=roamingOff
D/MobileDataStateTracker(  352): supl: Broadcast received: android.intent.action.ANY_DATA_STATE apnType=supl
D/MobileDataStateTracker(  352): supl: Received state=DISCONNECTED, old=DISCONNECTED, reason=roamingOff
D/MobileDataStateTracker(  352): hipri: Broadcast received: android.intent.action.ANY_DATA_STATE apnType=hipri
D/MobileDataStateTracker(  352): hipri: Received state=DISCONNECTED, old=DISCONNECTED, reason=roamingOff
D/MobileDataStateTracker(  352): ims: Broadcast received: android.intent.action.ANY_DATA_STATE apnType=ims
D/MobileDataStateTracker(  352): ims: Received state=DISCONNECTED, old=DISCONNECTED, reason=roamingOff
D/MobileDataStateTracker(  352): default: Broadcast received: android.intent.action.ANY_DATA_STATE apnType=default
D/MobileDataStateTracker(  352): default: Received state=DISCONNECTED, old=DISCONNECTED, reason=roamingOff
D/MobileDataStateTracker(  352): mms: Broadcast received: android.intent.action.ANY_DATA_STATE apnType=mms
D/MobileDataStateTracker(  352): mms: Received state=DISCONNECTED, old=DISCONNECTED, reason=roamingOff
D/MobileDataStateTracker(  352): cbs: Broadcast received: android.intent.action.ANY_DATA_STATE apnType=cbs
D/dalvikvm(  597): GC_CONCURRENT freed 290K, 11% free 3055K/3416K, paused 2ms+2ms, total 160ms
D/MobileDataStateTracker(  352): cbs: Received state=DISCONNECTED, old=DISCONNECTED, reason=roamingOff
D/MobileDataStateTracker(  352): fota: Broadcast received: android.intent.action.ANY_DATA_STATE apnType=fota
D/MobileDataStateTracker(  352): fota: Received state=DISCONNECTED, old=DISCONNECTED, reason=roamingOff
D/MobileDataStateTracker(  352): ia: Broadcast received: android.intent.action.ANY_DATA_STATE apnType=ia
D/MobileDataStateTracker(  352): ia: Received state=DISCONNECTED, old=DISCONNECTED, reason=roamingOff
D/MobileDataStateTracker(  352): supl: Broadcast received: android.intent.action.ANY_DATA_STATE apnType=supl
D/MobileDataStateTracker(  352): supl: Received state=DISCONNECTED, old=DISCONNECTED, reason=roamingOff
D/MobileDataStateTracker(  352): hipri: Broadcast received: android.intent.action.ANY_DATA_STATE apnType=hipri
D/MobileDataStateTracker(  352): hipri: Received state=DISCONNECTED, old=DISCONNECTED, reason=roamingOff
D/MobileDataStateTracker(  352): ims: Broadcast received: android.intent.action.ANY_DATA_STATE apnType=ims
D/MobileDataStateTracker(  352): ims: Received state=DISCONNECTED, old=DISCONNECTED, reason=roamingOff
D/MobileDataStateTracker(  352): default: Broadcast received: android.intent.action.ANY_DATA_STATE apnType=default
D/MobileDataStateTracker(  352): default: Received state=DISCONNECTED, old=DISCONNECTED, reason=roamingOff
D/MobileDataStateTracker(  352): mms: Broadcast received: android.intent.action.ANY_DATA_STATE apnType=mms
D/MobileDataStateTracker(  352): mms: Received state=DISCONNECTED, old=DISCONNECTED, reason=roamingOff
D/MobileDataStateTracker(  352): cbs: Broadcast received: android.intent.action.ANY_DATA_STATE apnType=cbs
D/MobileDataStateTracker(  352): cbs: Received state=DISCONNECTED, old=DISCONNECTED, reason=roamingOff
D/TelephonyDebugService(  597): TelephonyDebugService()
D/dalvikvm(  352): GC_CONCURRENT freed 705K, 59% free 5425K/13144K, paused 40ms+25ms, total 414ms
D/MccTable(  597): updateMccMncConfiguration: mcc=310, mnc=260
D/AlarmManagerService(  352): Kernel timezone updated to 300 minutes west of GMT
D/MccTable(  597): timezone set to America/New_York
D/MccTable(  597): getLocaleFromMcc to en_us mcc=310
D/MccTable(  597): getLocaleForLanguageCountry: got match
D/MccTable(  597): getLocaleForLanguageCountry: X locale=en_US
D/MccTable(  597): WIFI_COUNTRY_CODE set to us
I/WifiService(  352): WifiService trying to set country code to us with persist set to true
D/dalvikvm(  597): GC_CONCURRENT freed 290K, 11% free 3158K/3520K, paused 20ms+2ms, total 55ms
D/dalvikvm(  685): GC_CONCURRENT freed 175K, 8% free 2937K/3188K, paused 4ms+9ms, total 109ms
D/MccTable(  597): updateMccMncConfiguration: mcc=310, mnc=260
D/MccTable(  597): getLocaleFromMcc to en_us mcc=310
D/MccTable(  597): getLocaleForLanguageCountry: got match
D/MccTable(  597): getLocaleForLanguageCountry: X locale=en_US
D/MccTable(  597): updateMccMncConfiguration updateConfig config={1.0 310mcc260mnc en_US ldltr ?swdp ?wdp ?hdp ?density ?lsize ?long ?orien ?uimode ?night ?touch ?keyb/?/? ?nav/?}
I/ActivityManager(  352): Config changes=3 {1.0 310mcc260mnc en_US ldltr sw480dp w480dp h839dp 160dpi lrg long port finger -keyb/v/h tball/v s.6}
D/PermissionCache(   57): checking android.permission.READ_FRAME_BUFFER for uid=1000 => granted (1058 us)
D/PhoneStatusBar(  444): mSettingsPanelGravity = 55
D/gralloc (   57): Registering a buffer in the process that created it. This may cause memory ordering problems.
E/libEGL  (   57): called unimplemented OpenGL ES API
E/libEGL  (   57): called unimplemented OpenGL ES API
E/libEGL  (   57): called unimplemented OpenGL ES API
E/libEGL  (   57): called unimplemented OpenGL ES API
E/SurfaceFlinger(   57): glCheckFramebufferStatusOES error -1493252484
E/SurfaceFlinger(   57): got GL_FRAMEBUFFER_COMPLETE_OES error while taking screenshot
E/libEGL  (   57): called unimplemented OpenGL ES API
E/libEGL  (   57): called unimplemented OpenGL ES API
I/ARMAssembler(   57): generated scanline__00000077:03515104_00008001_00000000 [113 ipp] (134 ins) at [0xb594f1f0:0xb594f408] in 20000000 ns
D/MccTable(  597): updateMccMncConfiguration: mcc=310, mnc=260
D/MccTable(  597): getLocaleFromMcc to en_us mcc=310
D/MccTable(  597): getLocaleForLanguageCountry: skipping already persisted
D/MccTable(  597): getLocaleForLanguageCountry: X locale=null
D/MccTable(  597): updateMccMncConfiguration updateConfig config={1.0 310mcc260mnc ?locale ?layoutDir ?swdp ?wdp ?hdp ?density ?lsize ?long ?orien ?uimode ?night ?touch ?keyb/?/? ?nav/?}
D/dalvikvm(  597): GC_CONCURRENT freed 367K, 12% free 3304K/3740K, paused 23ms+3ms, total 53ms
D/dalvikvm(  597): WAIT_FOR_CONCURRENT_GC blocked 13ms
D/dalvikvm(  352): GC_CONCURRENT freed 629K, 59% free 5480K/13144K, paused 18ms+4ms, total 87ms
D/dalvikvm(  352): WAIT_FOR_CONCURRENT_GC blocked 53ms
D/dalvikvm(  352): WAIT_FOR_CONCURRENT_GC blocked 28ms
D/dalvikvm(  352): GC_CONCURRENT freed 642K, 58% free 5536K/13144K, paused 9ms+4ms, total 104ms
D/dalvikvm(  352): WAIT_FOR_CONCURRENT_GC blocked 25ms
D/dalvikvm(  352): WAIT_FOR_CONCURRENT_GC blocked 31ms
D/dalvikvm(  685): GC_FOR_ALLOC freed 189K, 8% free 3112K/3372K, paused 15ms, total 16ms
I/dalvikvm-heap(  685): Grow heap (frag case) to 3.716MB for 640016-byte allocation
D/dalvikvm(  685): GC_FOR_ALLOC freed 3K, 7% free 3734K/4000K, paused 158ms, total 158ms
D/dalvikvm(  597): GC_CONCURRENT freed 490K, 15% free 3283K/3844K, paused 3ms+8ms, total 164ms
D/dalvikvm(  685): GC_CONCURRENT freed 7K, 7% free 3727K/4000K, paused 6ms+2ms, total 68ms
W/Resources(  685): Converting to int: TypedValue{t=0x3/d=0x12 "4" a=-1}
W/Resources(  685): Converting to int: TypedValue{t=0x3/d=0xf "1" a=-1}
W/Resources(  685): Converting to int: TypedValue{t=0x3/d=0x15 "2" a=-1}
W/Resources(  685): Converting to int: TypedValue{t=0x3/d=0x15 "2" a=-1}
W/Launcher.LauncherProvider(  685): Unable to add favorite: com.android.camera2/com.android.camera.CameraLauncher
W/Launcher.LauncherProvider(  685): android.content.pm.PackageManager$NameNotFoundException: ComponentInfo{com.android.camera2/com.android.camera.CameraLauncher}
W/Launcher.LauncherProvider(  685): 	at android.app.ApplicationPackageManager.getActivityInfo(ApplicationPackageManager.java:242)
W/Launcher.LauncherProvider(  685): 	at com.android.launcher2.LauncherProvider$DatabaseHelper.addAppShortcut(LauncherProvider.java:959)
W/Launcher.LauncherProvider(  685): 	at com.android.launcher2.LauncherProvider$DatabaseHelper.loadFavorites(LauncherProvider.java:863)
W/Launcher.LauncherProvider(  685): 	at com.android.launcher2.LauncherProvider$DatabaseHelper.access$000(LauncherProvider.java:253)
W/Launcher.LauncherProvider(  685): 	at com.android.launcher2.LauncherProvider.loadDefaultFavoritesIfNecessary(LauncherProvider.java:237)
W/Launcher.LauncherProvider(  685): 	at com.android.launcher2.LauncherModel$LoaderTask.loadWorkspace(LauncherModel.java:1278)
W/Launcher.LauncherProvider(  685): 	at com.android.launcher2.LauncherModel$LoaderTask.loadAndBindWorkspace(LauncherModel.java:1020)
W/Launcher.LauncherProvider(  685): 	at com.android.launcher2.LauncherModel$LoaderTask.run(LauncherModel.java:1126)
W/Launcher.LauncherProvider(  685): 	at android.os.Handler.handleCallback(Handler.java:733)
W/Launcher.LauncherProvider(  685): 	at android.os.Handler.dispatchMessage(Handler.java:95)
W/Launcher.LauncherProvider(  685): 	at android.os.Looper.loop(Looper.java:136)
W/Launcher.LauncherProvider(  685): 	at android.os.HandlerThread.run(HandlerThread.java:61)
W/Launcher.LauncherProvider(  685): Unable to add favorite: com.android.gallery3d/com.android.gallery3d.app.Gallery
W/Launcher.LauncherProvider(  685): android.content.pm.PackageManager$NameNotFoundException: ComponentInfo{com.android.gallery3d/com.android.gallery3d.app.Gallery}
W/Launcher.LauncherProvider(  685): 	at android.app.ApplicationPackageManager.getActivityInfo(ApplicationPackageManager.java:242)
W/Launcher.LauncherProvider(  685): 	at com.android.launcher2.LauncherProvider$DatabaseHelper.addAppShortcut(LauncherProvider.java:959)
W/Launcher.LauncherProvider(  685): 	at com.android.launcher2.LauncherProvider$DatabaseHelper.loadFavorites(LauncherProvider.java:863)
W/Launcher.LauncherProvider(  685): 	at com.android.launcher2.LauncherProvider$DatabaseHelper.access$000(LauncherProvider.java:253)
W/Launcher.LauncherProvider(  685): 	at com.android.launcher2.LauncherProvider.loadDefaultFavoritesIfNecessary(LauncherProvider.java:237)
W/Launcher.LauncherProvider(  685): 	at com.android.launcher2.LauncherModel$LoaderTask.loadWorkspace(LauncherModel.java:1278)
W/Launcher.LauncherProvider(  685): 	at com.android.launcher2.LauncherModel$LoaderTask.loadAndBindWorkspace(LauncherModel.java:1020)
W/Launcher.LauncherProvider(  685): 	at com.android.launcher2.LauncherModel$LoaderTask.run(LauncherModel.java:1126)
W/Launcher.LauncherProvider(  685): 	at android.os.Handler.handleCallback(Handler.java:733)
W/Launcher.LauncherProvider(  685): 	at android.os.Handler.dispatchMessage(Handler.java:95)
W/Launcher.LauncherProvider(  685): 	at android.os.Looper.loop(Looper.java:136)
W/Launcher.LauncherProvider(  685): 	at android.os.HandlerThread.run(HandlerThread.java:61)
I/FusedLocation(  352): engine stopped (com.android.location.fused)
I/FusedLocation(  352): engine started (com.android.location.fused)
D/MobileDataStateTracker(  352): fota: Broadcast received: android.intent.action.ANY_DATA_STATE apnType=fota
D/MobileDataStateTracker(  352): fota: Received state=DISCONNECTED, old=DISCONNECTED, reason=dataAttached
D/MobileDataStateTracker(  352): ia: Broadcast received: android.intent.action.ANY_DATA_STATE apnType=ia
D/MobileDataStateTracker(  352): ia: Received state=DISCONNECTED, old=DISCONNECTED, reason=dataAttached
D/MobileDataStateTracker(  352): supl: Broadcast received: android.intent.action.ANY_DATA_STATE apnType=supl
D/MobileDataStateTracker(  352): supl: Received state=DISCONNECTED, old=DISCONNECTED, reason=dataAttached
D/MobileDataStateTracker(  352): hipri: Broadcast received: android.intent.action.ANY_DATA_STATE apnType=hipri
D/MobileDataStateTracker(  352): hipri: Received state=DISCONNECTED, old=DISCONNECTED, reason=dataAttached
D/MobileDataStateTracker(  352): ims: Broadcast received: android.intent.action.ANY_DATA_STATE apnType=ims
D/MobileDataStateTracker(  352): ims: Received state=DISCONNECTED, old=DISCONNECTED, reason=dataAttached
D/MobileDataStateTracker(  352): mms: Broadcast received: android.intent.action.ANY_DATA_STATE apnType=mms
D/MobileDataStateTracker(  352): mms: Received state=DISCONNECTED, old=DISCONNECTED, reason=dataAttached
D/MobileDataStateTracker(  352): cbs: Broadcast received: android.intent.action.ANY_DATA_STATE apnType=cbs
D/MobileDataStateTracker(  352): cbs: Received state=DISCONNECTED, old=DISCONNECTED, reason=dataAttached
D/MobileDataStateTracker(  352): fota: Broadcast received: android.intent.action.ANY_DATA_STATE apnType=fota
D/MobileDataStateTracker(  352): fota: Received state=DISCONNECTED, old=DISCONNECTED, reason=dataAttached
D/dalvikvm(  685): GC_CONCURRENT freed 232K, 8% free 3921K/4224K, paused 5ms+2ms, total 175ms
D/MobileDataStateTracker(  352): ia: Broadcast received: android.intent.action.ANY_DATA_STATE apnType=ia
D/MobileDataStateTracker(  352): ia: Received state=DISCONNECTED, old=DISCONNECTED, reason=dataAttached
D/MobileDataStateTracker(  352): supl: Broadcast received: android.intent.action.ANY_DATA_STATE apnType=supl
D/MobileDataStateTracker(  352): supl: Received state=DISCONNECTED, old=DISCONNECTED, reason=dataAttached
D/MobileDataStateTracker(  352): hipri: Broadcast received: android.intent.action.ANY_DATA_STATE apnType=hipri
D/MobileDataStateTracker(  352): hipri: Received state=DISCONNECTED, old=DISCONNECTED, reason=dataAttached
D/MobileDataStateTracker(  352): ims: Broadcast received: android.intent.action.ANY_DATA_STATE apnType=ims
D/MobileDataStateTracker(  352): ims: Received state=DISCONNECTED, old=DISCONNECTED, reason=dataAttached
D/MobileDataStateTracker(  352): mms: Broadcast received: android.intent.action.ANY_DATA_STATE apnType=mms
D/MobileDataStateTracker(  352): mms: Received state=DISCONNECTED, old=DISCONNECTED, reason=dataAttached
D/MobileDataStateTracker(  352): cbs: Broadcast received: android.intent.action.ANY_DATA_STATE apnType=cbs
D/MobileDataStateTracker(  352): cbs: Received state=DISCONNECTED, old=DISCONNECTED, reason=dataAttached
D/MobileDataStateTracker(  352): fota: Broadcast received: android.intent.action.ANY_DATA_STATE apnType=fota
D/MobileDataStateTracker(  352): fota: Received state=DISCONNECTED, old=DISCONNECTED, reason=simLoaded
D/MobileDataStateTracker(  352): ia: Broadcast received: android.intent.action.ANY_DATA_STATE apnType=ia
D/MobileDataStateTracker(  352): ia: Received state=DISCONNECTED, old=DISCONNECTED, reason=simLoaded
D/MobileDataStateTracker(  352): supl: Broadcast received: android.intent.action.ANY_DATA_STATE apnType=supl
D/MobileDataStateTracker(  352): supl: Received state=DISCONNECTED, old=DISCONNECTED, reason=simLoaded
D/MobileDataStateTracker(  352): hipri: Broadcast received: android.intent.action.ANY_DATA_STATE apnType=hipri
D/MobileDataStateTracker(  352): hipri: Received state=DISCONNECTED, old=DISCONNECTED, reason=simLoaded
D/MobileDataStateTracker(  352): ims: Broadcast received: android.intent.action.ANY_DATA_STATE apnType=ims
D/MobileDataStateTracker(  352): ims: Received state=DISCONNECTED, old=DISCONNECTED, reason=simLoaded
D/MobileDataStateTracker(  352): mms: Broadcast received: android.intent.action.ANY_DATA_STATE apnType=mms
D/MobileDataStateTracker(  352): mms: Received state=DISCONNECTED, old=DISCONNECTED, reason=simLoaded
D/MobileDataStateTracker(  352): cbs: Broadcast received: android.intent.action.ANY_DATA_STATE apnType=cbs
D/MobileDataStateTracker(  352): cbs: Received state=DISCONNECTED, old=DISCONNECTED, reason=simLoaded
D/MobileDataStateTracker(  352): default: Broadcast received: android.intent.action.ANY_DATA_STATE apnType=default
D/MobileDataStateTracker(  352): default: Received state=CONNECTING, old=DISCONNECTED, reason=simLoaded
D/MobileDataStateTracker(  352): default: setDetailed state, old =IDLE and new state=CONNECTING
D/MobileDataStateTracker(  352): fota: Broadcast received: android.intent.action.ANY_DATA_STATE apnType=fota
D/MobileDataStateTracker(  352): fota: Received state=DISCONNECTED, old=DISCONNECTED, reason=simLoaded
D/MobileDataStateTracker(  352): ia: Broadcast received: android.intent.action.ANY_DATA_STATE apnType=ia
D/MobileDataStateTracker(  352): ia: Received state=DISCONNECTED, old=DISCONNECTED, reason=simLoaded
D/MobileDataStateTracker(  352): supl: Broadcast received: android.intent.action.ANY_DATA_STATE apnType=supl
D/MobileDataStateTracker(  352): supl: Received state=DISCONNECTED, old=DISCONNECTED, reason=simLoaded
D/MobileDataStateTracker(  352): hipri: Broadcast received: android.intent.action.ANY_DATA_STATE apnType=hipri
D/MobileDataStateTracker(  352): hipri: Received state=DISCONNECTED, old=DISCONNECTED, reason=simLoaded
D/MobileDataStateTracker(  352): ims: Broadcast received: android.intent.action.ANY_DATA_STATE apnType=ims
D/MobileDataStateTracker(  352): ims: Received state=DISCONNECTED, old=DISCONNECTED, reason=simLoaded
D/MobileDataStateTracker(  352): mms: Broadcast received: android.intent.action.ANY_DATA_STATE apnType=mms
D/MobileDataStateTracker(  352): mms: Received state=DISCONNECTED, old=DISCONNECTED, reason=simLoaded
D/MobileDataStateTracker(  352): cbs: Broadcast received: android.intent.action.ANY_DATA_STATE apnType=cbs
D/MobileDataStateTracker(  352): cbs: Received state=DISCONNECTED, old=DISCONNECTED, reason=simLoaded
D/MobileDataStateTracker(  352): default: Broadcast received: android.intent.action.ANY_DATA_STATE apnType=default
D/MobileDataStateTracker(  352): default: Received state=CONNECTED, old=CONNECTING, reason=connected
D/MobileDataStateTracker(  352): default: setDetailed state, old =CONNECTING and new state=CONNECTED
D/ConnectivityService(  352): ConnectivityChange for mobile: CONNECTED/CONNECTED
D/ConnectivityService(  352): ConnectivityChange checkMobileProvisioning for TYPE_MOBILE or ProvisioningNetwork
D/ConnectivityService(  352): checkMobileProvisioning: E suggestedTimeOutMs=60000
D/ConnectivityService(  352): setProvNotificationVisible: E visible=false networkType=5 extraInfo=null url=null
D/dalvikvm(  352): GC_CONCURRENT freed 524K, 57% free 5680K/13144K, paused 113ms+68ms, total 434ms
D/ConnectivityService(  352): checkMobileProvisioning: params={ url=http://clients3.google.com/generate_204 mTimeOutMs=60000 mCb=com.android.server.ConnectivityService$5@b377e520}
D/ConnectivityService(  352): checkMobileProvisioning: X
D/Nat464Xlat(  352): requiresClat: netType=0, hasIPv4Address=true
I/NetworkPolicy(  352): no policy for active mobile network; generating default policy
D/MobileDataStateTracker(  352): default: setPolicyDataEnable(enabled=true)
W/ProcessCpuTracker(  352): Skipping unknown process pid 742
D/MobileDataStateTracker(  352): default: isProvisioningNetwork: retVal=false
D/ConnectivityService(  352): [CheckMp] isMobileOk: isDefaultProvisioning=false
D/MobileDataStateTracker(  352): hipri: isProvisioningNetwork: retVal=false
D/ConnectivityService(  352): [CheckMp] isMobileOk: isHipriProvisioning=false
D/ConnectivityService(  352): [CheckMp] isMobileOk: start hipri url=http://clients3.google.com/generate_204
I/MediaProvider(  618): Upgrading media database from version 0 to 700, which will destroy all old data
I/SurfaceFlinger(   57): Boot is finished (70629 ms)
I/ContactLocale(  548): AddressBook Labels [en_US]: [, A, B, C, D, E, F, G, H, I, J, K, L, M, N, O, P, Q, R, S, T, U, V, W, X, Y, Z, , , , , , , , , , , , , , , , , , , , , , , , , , , , , , , , , , , , , , , , , , , , , , , , , , , , , , , , , , , , , , , , , , , , , , , , , , , , , , , , , , , , , , , , , , , , , , , , , , , , , , , , , , , , , , , , , , , , , , , , , , , , , , , , , , , , , , , , , , , , , , , , , , , , , , , , , , , , , , , , , , , , , , , , , , , , , , , , , , , , , , #, ]
E/NetdConnector(  352): NDC Command {12 bandwidth setiquota eth0 9223372036854775807} took too long (1589ms)
D/MobileDataStateTracker(  352): default: setPolicyDataEnable(enabled=true)
W/ActivityManager(  352): Launch timeout has expired, giving up wake lock!
I/InputReader(  352): Reconfiguring input devices.  changes=0x00000010
I/PackageManager(  352):   Action: "android.intent.action.SENDTO"
I/PackageManager(  352):   Category: "android.intent.category.DEFAULT"
I/PackageManager(  352):   Scheme: "sms"
I/PackageManager(  352): Adding preferred activity ComponentInfo{com.android.mms/com.android.mms.ui.ComposeMessageActivity} for user 0 :
W/WindowManager(  352): App freeze timeout expired.
W/WindowManager(  352): Force clearing freeze: AppWindowToken{b331def0 token=Token{b2da7910 ActivityRecord{b3088870 u0 com.android.launcher/com.android.launcher2.Launcher t3}}}
I/WindowManager(  352): Screen frozen for +5s45ms due to AppWindowToken{b331def0 token=Token{b2da7910 ActivityRecord{b3088870 u0 com.android.launcher/com.android.launcher2.Launcher t3}}}
I/PackageManager(  352):   Action: "android.intent.action.SENDTO"
I/PackageManager(  352):   Category: "android.intent.category.DEFAULT"
I/PackageManager(  352):   Scheme: "smsto"
I/PackageManager(  352): Adding preferred activity ComponentInfo{com.android.mms/com.android.mms.ui.ComposeMessageActivity} for user 0 :
E/NetdConnector(  352): NDC Command {13 bandwidth removeiquota eth0} took too long (715ms)
D/dalvikvm(  597): GC_CONCURRENT freed 408K, 14% free 3332K/3844K, paused 3ms+2ms, total 233ms
D/dalvikvm(  352): GC_CONCURRENT freed 809K, 58% free 5619K/13144K, paused 73ms+15ms, total 493ms
D/dalvikvm(  352): WAIT_FOR_CONCURRENT_GC blocked 55ms
I/PackageManager(  352):   Action: "android.intent.action.SENDTO"
I/PackageManager(  352):   Category: "android.intent.category.DEFAULT"
I/PackageManager(  352):   Scheme: "mms"
I/PackageManager(  352): Adding preferred activity ComponentInfo{com.android.mms/com.android.mms.ui.ComposeMessageActivity} for user 0 :
I/PackageManager(  352):   Action: "android.intent.action.SENDTO"
I/PackageManager(  352):   Category: "android.intent.category.DEFAULT"
I/PackageManager(  352):   Scheme: "mmsto"
I/PackageManager(  352): Adding preferred activity ComponentInfo{com.android.mms/com.android.mms.ui.ComposeMessageActivity} for user 0 :
I/PackageManager(  352):   Action: "android.intent.action.SENDTO"
I/PackageManager(  352):   Category: "android.intent.category.DEFAULT"
I/PackageManager(  352):   Scheme: "sms"
I/PackageManager(  352): Adding preferred activity ComponentInfo{com.android.mms/com.android.mms.ui.ComposeMessageActivity} for user 0 :
I/Choreographer(  352): Skipped 111 frames!  The application may be doing too much work on its main thread.
I/Choreographer(  685): Skipped 937 frames!  The application may be doing too much work on its main thread.
I/Choreographer(  352): Skipped 35 frames!  The application may be doing too much work on its main thread.
I/ARMAssembler(   57): generated scanline__00000077:03515104_00009001_00000000 [131 ipp] (153 ins) at [0xb594f410:0xb594f674] in 0 ns
I/PackageManager(  352):   Action: "android.intent.action.SENDTO"
I/PackageManager(  352):   Category: "android.intent.category.DEFAULT"
I/PackageManager(  352):   Scheme: "smsto"
I/PackageManager(  352): Adding preferred activity ComponentInfo{com.android.mms/com.android.mms.ui.ComposeMessageActivity} for user 0 :
I/Choreographer(  352): Skipped 50 frames!  The application may be doing too much work on its main thread.
I/PackageManager(  352):   Action: "android.intent.action.SENDTO"
I/PackageManager(  352):   Category: "android.intent.category.DEFAULT"
I/PackageManager(  352):   Scheme: "mms"
I/PackageManager(  352): Adding preferred activity ComponentInfo{com.android.mms/com.android.mms.ui.ComposeMessageActivity} for user 0 :
D/dalvikvm(  597): GC_CONCURRENT freed 383K, 14% free 3378K/3912K, paused 4ms+2ms, total 91ms
D/dalvikvm(  597): WAIT_FOR_CONCURRENT_GC blocked 70ms
I/PackageManager(  352):   Action: "android.intent.action.SENDTO"
I/PackageManager(  352):   Category: "android.intent.category.DEFAULT"
I/PackageManager(  352):   Scheme: "mmsto"
I/PackageManager(  352): Adding preferred activity ComponentInfo{com.android.mms/com.android.mms.ui.ComposeMessageActivity} for user 0 :
D/Launcher.Model(  685): Reload apps on config change. curr_mcc:310 prevmcc:0
D/Tethering(  352): MasterInitialState.processMessage what=3
D/CaptivePortalTracker(  352): NoActiveNetworkState{ when=-3ms what=1 obj=NetworkInfo: type: mobile[UMTS], state: CONNECTED/CONNECTED, reason: connected, extra: epc.tmobile.com, roaming: false, failover: false, isAvailable: true, isConnectedToProvisioningNetwork: false target=com.android.internal.util.StateMachine$SmHandler }
D/CaptivePortalTracker(  352): NoActiveNetworkState not a wifi connectivity change, ignore
D/dalvikvm(  352): GC_CONCURRENT freed 754K, 58% free 5583K/13144K, paused 20ms+305ms, total 651ms
D/dalvikvm(  352): WAIT_FOR_CONCURRENT_GC blocked 367ms
D/dalvikvm(  352): WAIT_FOR_CONCURRENT_GC blocked 60ms
E/NetdConnector(  352): NDC Command {14 bandwidth setiquota eth0 9223372036854775807} took too long (1958ms)
D/MobileDataStateTracker(  352): default: setPolicyDataEnable(enabled=true)
D/dalvikvm(  352): GC_EXPLICIT freed 180K, 58% free 5601K/13144K, paused 7ms+6ms, total 167ms
I/Choreographer(  685): Skipped 171 frames!  The application may be doing too much work on its main thread.
D/gralloc_goldfish(  685): Emulator without GPU emulation detected.
D/dalvikvm(  685): GC_CONCURRENT freed 292K, 9% free 4043K/4412K, paused 5ms+2ms, total 34ms
D/dalvikvm(  685): WAIT_FOR_CONCURRENT_GC blocked 20ms
I/dalvikvm-heap(  685): Grow heap (frag case) to 5.551MB for 1610896-byte allocation
D/dalvikvm(  685): GC_FOR_ALLOC freed 5K, 7% free 5611K/5988K, paused 19ms, total 19ms
D/ConnectivityService(  352): startUsingNetworkFeature reconnecting to 0: enableHIPRI
D/dalvikvm(  685): GC_CONCURRENT freed 27K, 7% free 5584K/5988K, paused 4ms+3ms, total 31ms
D/dalvikvm(  685): WAIT_FOR_CONCURRENT_GC blocked 12ms
I/dalvikvm-heap(  685): Grow heap (frag case) to 7.056MB for 1610896-byte allocation
D/dalvikvm(  685): GC_FOR_ALLOC freed <1K, 6% free 7157K/7564K, paused 20ms, total 20ms
D/MobileDataStateTracker(  352): hipri: Broadcast received: android.intent.action.ANY_DATA_STATE apnType=hipri
D/MobileDataStateTracker(  352): hipri: Received state=CONNECTING, old=DISCONNECTED, reason=dataEnabled
D/MobileDataStateTracker(  352): hipri: setDetailed state, old =IDLE and new state=CONNECTING
D/MobileDataStateTracker(  352): fota: Broadcast received: android.intent.action.ANY_DATA_STATE apnType=fota
D/MobileDataStateTracker(  352): fota: Received state=DISCONNECTED, old=DISCONNECTED, reason=dataEnabled
D/MobileDataStateTracker(  352): ia: Broadcast received: android.intent.action.ANY_DATA_STATE apnType=ia
D/MobileDataStateTracker(  352): ia: Received state=DISCONNECTED, old=DISCONNECTED, reason=dataEnabled
D/MobileDataStateTracker(  352): supl: Broadcast received: android.intent.action.ANY_DATA_STATE apnType=supl
D/MobileDataStateTracker(  352): supl: Received state=DISCONNECTED, old=DISCONNECTED, reason=dataEnabled
D/MobileDataStateTracker(  352): ims: Broadcast received: android.intent.action.ANY_DATA_STATE apnType=ims
D/MobileDataStateTracker(  352): ims: Received state=DISCONNECTED, old=DISCONNECTED, reason=dataEnabled
D/MobileDataStateTracker(  352): mms: Broadcast received: android.intent.action.ANY_DATA_STATE apnType=mms
D/MobileDataStateTracker(  352): mms: Received state=DISCONNECTED, old=DISCONNECTED, reason=dataEnabled
D/MobileDataStateTracker(  352): cbs: Broadcast received: android.intent.action.ANY_DATA_STATE apnType=cbs
D/MobileDataStateTracker(  352): cbs: Received state=DISCONNECTED, old=DISCONNECTED, reason=dataEnabled
D/dalvikvm(  685): GC_CONCURRENT freed <1K, 6% free 7199K/7608K, paused 8ms+115ms, total 156ms
D/MobileDataStateTracker(  352): hipri: Broadcast received: android.intent.action.ANY_DATA_STATE apnType=hipri
D/MobileDataStateTracker(  352): hipri: Received state=CONNECTED, old=CONNECTING, reason=dataEnabled
D/MobileDataStateTracker(  352): hipri: setDetailed state, old =CONNECTING and new state=CONNECTED
D/ConnectivityService(  352): ConnectivityChange for mobile_hipri: CONNECTED/CONNECTED
E/logwrapper(  792): executing /system/bin/ip failed: No such file or directory
E/ConnectivityService(  352): Exception trying to add a route: java.lang.IllegalStateException: command '21 interface fwmark exempt add 10.0.2.2/32' failed with '400 21 Failed to add exemption rule (File exists)'
E/logwrapper(  793): executing /system/bin/ip failed: No such file or directory
E/ConnectivityService(  352): Exception trying to add a route: java.lang.IllegalStateException: command '23 interface fwmark exempt add 10.0.2.3/32' failed with '400 23 Failed to add exemption rule (File exists)'
E/logwrapper(  794): executing /system/bin/ip failed: No such file or directory
E/ConnectivityService(  352): Exception trying to add a route: java.lang.IllegalStateException: command '25 interface fwmark exempt add 10.0.2.2/32' failed with '400 25 Failed to add exemption rule (File exists)'
E/logwrapper(  795): executing /system/bin/ip failed: No such file or directory
E/ConnectivityService(  352): Exception trying to add a route: java.lang.IllegalStateException: command '27 interface fwmark exempt add 10.0.2.4/32' failed with '400 27 Failed to add exemption rule (File exists)'
E/logwrapper(  796): executing /system/bin/ip failed: No such file or directory
E/SecondaryTablController(   54): ip route add failed: /system/bin/ip route add 10.0.2.2/32 via 0.0.0.0 dev eth0 table 60
W/FrameworkListener(   54): Handler 'interface' error (No such device)
E/ConnectivityService(  352): Exception trying to add a route: java.lang.IllegalStateException: command '28 interface route add eth0 secondary 10.0.2.2 32 0.0.0.0' failed with '400 28 ip route modification failed (No such device)'
E/logwrapper(  797): executing /system/bin/ip failed: No such file or directory
E/SecondaryTablController(   54): ip route add failed: /system/bin/ip route add 0.0.0.0/0 via 10.0.2.2 dev eth0 table 60
W/FrameworkListener(   54): Handler 'interface' error (No such device)
E/ConnectivityService(  352): Exception trying to add a route: java.lang.IllegalStateException: command '29 interface route add eth0 secondary 0.0.0.0 0 10.0.2.2' failed with '400 29 ip route modification failed (No such device)'
D/Nat464Xlat(  352): requiresClat: netType=5, hasIPv4Address=true
D/MobileDataStateTracker(  352): default: setPolicyDataEnable(enabled=true)
W/NetworkPolicy(  352): shared quota unsupported; generating rule for each iface
I/ActivityManager(  352): Displayed com.android.launcher/com.android.launcher2.Launcher: +11s870ms (total +15s109ms)
E/NetdConnector(  352): NDC Command {30 bandwidth gettetherstats} took too long (868ms)
I/Choreographer(  352): Skipped 162 frames!  The application may be doing too much work on its main thread.
D/dalvikvm(  444): GC_FOR_ALLOC freed 3109K, 5% free 3587K/3772K, paused 1038ms, total 1042ms
I/Choreographer(  352): Skipped 48 frames!  The application may be doing too much work on its main thread.
I/dalvikvm-heap(  444): Grow heap (frag case) to 6.496MB for 3072016-byte allocation
D/dalvikvm(  444): GC_CONCURRENT freed 5K, 3% free 6582K/6776K, paused 111ms+2ms, total 309ms
W/ProcessCpuTracker(  352): Skipping unknown process pid 802
D/Tethering(  352): MasterInitialState.processMessage what=3
D/CaptivePortalTracker(  352): NoActiveNetworkState{ when=-4ms what=1 obj=NetworkInfo: type: mobile_hipri[UMTS], state: CONNECTED/CONNECTED, reason: dataEnabled, extra: epc.tmobile.com, roaming: false, failover: false, isAvailable: true, isConnectedToProvisioningNetwork: false target=com.android.internal.util.StateMachine$SmHandler }
D/CaptivePortalTracker(  352): NoActiveNetworkState not a wifi connectivity change, ignore
E/NetdConnector(  352): NDC Command {31 bandwidth removeiquota eth0} took too long (3847ms)
D/ConnectivityService(  352): startUsingNetworkFeature X: return APN_REQUEST_STARTED
E/ConnectivityService(  352): startUsingNetworkFeature took too long: 8464ms
D/ConnectivityService(  352): [CheckMp] isMobileOk: hipri started
D/ConnectivityService(  352): [CheckMp] isMobileOk: not connected ni=NetworkInfo: type: mobile_hipri[UMTS], state: DISCONNECTED/IDLE, reason: (unspecified), extra: (none), roaming: false, failover: false, isAvailable: true, isConnectedToProvisioningNetwork: false
D/ConnectivityService(  352): [CheckMp] isMobileOk: not connected ni=NetworkInfo: type: mobile_hipri[UMTS], state: DISCONNECTED/IDLE, reason: (unspecified), extra: (none), roaming: false, failover: false, isAvailable: true, isConnectedToProvisioningNetwork: false
D/AndroidRuntime(  807): 
D/AndroidRuntime(  807): >>>>>> AndroidRuntime START com.android.internal.os.RuntimeInit <<<<<<
D/AndroidRuntime(  807): CheckJNI is ON
E/SQLiteLog(  618): (1) no such table: album_info
D/dalvikvm(  807): Trying to load lib libjavacore.so 0x0
D/dalvikvm(  807): Added shared lib libjavacore.so 0x0
D/dalvikvm(  807): Trying to load lib libnativehelper.so 0x0
D/dalvikvm(  807): Added shared lib libnativehelper.so 0x0
D/dalvikvm(  807): No JNI_OnLoad found in libnativehelper.so 0x0, skipping init
W/ActivityManager(  352): Activity destroy timeout for ActivityRecord{b310e768 u0 com.android.settings/.CryptKeeper t1 f}
I/Choreographer(  685): Skipped 92 frames!  The application may be doing too much work on its main thread.
E/NetdConnector(  352): NDC Command {32 bandwidth setiquota eth0 9223372036854775807} took too long (2337ms)
D/dalvikvm(  807): Note: class Landroid/app/ActivityManagerNative; has 179 unimplemented (abstract) methods
D/ConnectivityService(  352): [CheckMp] isMobileOk: not connected ni=NetworkInfo: type: mobile_hipri[UMTS], state: DISCONNECTED/IDLE, reason: (unspecified), extra: (none), roaming: false, failover: false, isAvailable: true, isConnectedToProvisioningNetwork: false
I/Choreographer(  685): Skipped 161 frames!  The application may be doing too much work on its main thread.
E/NetdConnector(  352): NDC Command {33 bandwidth removeiquota eth0} took too long (1139ms)
I/Choreographer(  685): Skipped 103 frames!  The application may be doing too much work on its main thread.
E/memtrack(  807): Couldn't load memtrack module (No such file or directory)
E/android.os.Debug(  807): failed to load memtrack module: -2
D/ConnectivityService(  352): [CheckMp] isMobileOk: not connected ni=NetworkInfo: type: mobile_hipri[UMTS], state: DISCONNECTED/IDLE, reason: (unspecified), extra: (none), roaming: false, failover: false, isAvailable: true, isConnectedToProvisioningNetwork: false
D/dalvikvm(  618): GC_CONCURRENT freed 223K, 9% free 2887K/3172K, paused 88ms+1ms, total 2091ms
I/ActivityManager(  352): Start proc com.android.externalstorage for broadcast com.android.externalstorage/.MountReceiver: pid=851 uid=10006 gids={50006, 1028, 1015, 1023}
D/AndroidRuntime(  807): Calling main entry com.android.commands.pm.Pm
W/ProcessCpuTracker(  352): Skipping unknown process pid 861
I/ActivityManager(  352): Start proc com.android.defcontainer for service com.android.defcontainer/.DefaultContainerService: pid=869 uid=10003 gids={50003, 1028, 1015, 1023, 2001, 1035}
D/ConnectivityService(  352): [CheckMp] isMobileOk: not connected ni=NetworkInfo: type: mobile_hipri[UMTS], state: DISCONNECTED/IDLE, reason: (unspecified), extra: (none), roaming: false, failover: false, isAvailable: true, isConnectedToProvisioningNetwork: false
D/ExternalStorage(  851): Missing UUID for /storage/sdcard; skipping
D/ExternalStorage(  851): After updating volumes, found 0 active roots
I/DownloadManager(  618): Upgrading downloads database from version 0 to version 109, which will destroy all old data
E/NetdConnector(  352): NDC Command {34 bandwidth setiquota eth0 9223372036854775807} took too long (2118ms)
D/dalvikvm(  352): GC_CONCURRENT freed 642K, 58% free 5575K/13060K, paused 7ms+133ms, total 283ms
D/MobileDataStateTracker(  352): default: setPolicyDataEnable(enabled=true)
D/ConnectivityService(  352): [CheckMp] isMobileOk: not connected ni=NetworkInfo: type: mobile_hipri[UMTS], state: DISCONNECTED/IDLE, reason: (unspecified), extra: (none), roaming: false, failover: false, isAvailable: true, isConnectedToProvisioningNetwork: false
W/ActivityManager(  352): No content provider found for permission revoke: file:///data/local/tmp/sample_for_analysis.apk
D/dalvikvm(  685): GC_CONCURRENT freed 2103K, 26% free 6516K/8696K, paused 4ms+3ms, total 55ms
I/ActivityManager(  352): Start proc com.android.exchange for content provider com.android.exchange/.provider.ExchangeDirectoryProvider: pid=891 uid=10025 gids={50025, 3003, 1028, 1015}
I/ActivityManager(  352): Start proc com.android.email for content provider com.android.email/.provider.EmailProvider: pid=903 uid=10024 gids={50024, 3003, 1028, 1015}
D/ConnectivityService(  352): [CheckMp] isMobileOk: not connected ni=NetworkInfo: type: mobile_hipri[UMTS], state: DISCONNECTED/IDLE, reason: (unspecified), extra: (none), roaming: false, failover: false, isAvailable: true, isConnectedToProvisioningNetwork: false
D/ActivityThread(  903): Loading provider com.android.email.provider;com.android.email.notifier: com.android.email.provider.EmailProvider
D/ActivityThread(  903): Loading provider com.android.email.provider;com.android.email.notifier: com.android.email.provider.EmailProvider
D/GpsLocationProvider(  352): NTP server returned: 1545904505686 (Thu Dec 27 04:55:05 EST 2018) reference: 74793 certainty: 26 system time offset: -32842
I/ContactDirectoryManager(  548): deleted 0 stale rows which don't have any relevant directory
I/ContactDirectoryManager(  548): Discovered 0 contact directories in 1654ms
D/dalvikvm(  903): GC_CONCURRENT freed 209K, 9% free 2889K/3172K, paused 4ms+3ms, total 51ms
D/ConnectivityService(  352): [CheckMp] isMobileOk: not connected ni=NetworkInfo: type: mobile_hipri[UMTS], state: DISCONNECTED/IDLE, reason: (unspecified), extra: (none), roaming: false, failover: false, isAvailable: true, isConnectedToProvisioningNetwork: false
I/ContactsProvider(  548): Upgrading aggregation algorithm
I/ContactAggregator(  548): Marked all visible contacts for aggregation: 0 raw contacts, 46 ms
W/ActivityManager(  352): No content provider found for permission revoke: file:///data/local/tmp/sample_for_analysis.apk
I/PackageManager(  352): Copying native libraries to /data/app-lib/vmdl2062386010
I/ContactsProvider(  548): Aggregation algorithm upgraded for 0 raw contacts in 139ms
I/ContactsFTS(  548): Rebuild contact search index in 258ms, 0 contacts
D/dalvikvm(  548): GC_CONCURRENT freed 286K, 11% free 3083K/3440K, paused 4ms+24ms, total 80ms
W/ActivityManager(  352): Unable to start service Intent { cmp=com.android.email/.service.AttachmentDownloadService } U=0: not found
W/ActivityManager(  352): Unable to start service Intent { cmp=com.android.email/.service.AttachmentDownloadService } U=0: not found
I/Email   (  903): Observing account changes for notifications
W/ActivityManager(  352): Unable to start service Intent { cmp=com.android.email/.service.AttachmentDownloadService } U=0: not found
W/PackageParser(  352): Unknown element under <manifest>: meta-data at /data/app/vmdl2062386010.tmp Binary XML file line #80
W/PackageParser(  352): Unknown element under <manifest>: meta-data at /data/app/vmdl2062386010.tmp Binary XML file line #89
D/ConnectivityService(  352): [CheckMp] isMobileOk: not connected ni=NetworkInfo: type: mobile_hipri[UMTS], state: DISCONNECTED/IDLE, reason: (unspecified), extra: (none), roaming: false, failover: false, isAvailable: true, isConnectedToProvisioningNetwork: false
D/dalvikvm(  352): GC_CONCURRENT freed 426K, 56% free 5849K/13060K, paused 7ms+5ms, total 68ms
D/dalvikvm(  352): WAIT_FOR_CONCURRENT_GC blocked 52ms
D/ExternalStorage(  851): Missing UUID for /storage/sdcard; skipping
D/ExternalStorage(  851): After updating volumes, found 0 active roots
D/dalvikvm(  352): GC_CONCURRENT freed 547K, 55% free 5989K/13060K, paused 7ms+7ms, total 68ms
D/dalvikvm(  352): GC_CONCURRENT freed 659K, 54% free 6069K/13060K, paused 7ms+5ms, total 71ms
D/dalvikvm(  352): GC_CONCURRENT freed 765K, 54% free 6068K/13060K, paused 7ms+5ms, total 71ms
D/ConnectivityService(  352): [CheckMp] isMobileOk: not connected ni=NetworkInfo: type: mobile_hipri[UMTS], state: DISCONNECTED/IDLE, reason: (unspecified), extra: (none), roaming: false, failover: false, isAvailable: true, isConnectedToProvisioningNetwork: false
D/dalvikvm(  352): GC_CONCURRENT freed 717K, 54% free 6081K/13060K, paused 7ms+5ms, total 68ms
D/dalvikvm(  352): GC_CONCURRENT freed 757K, 54% free 6077K/13060K, paused 6ms+6ms, total 69ms
D/ConnectivityService(  352): [CheckMp] isMobileOk: not connected ni=NetworkInfo: type: mobile_hipri[UMTS], state: DISCONNECTED/IDLE, reason: (unspecified), extra: (none), roaming: false, failover: false, isAvailable: true, isConnectedToProvisioningNetwork: false
D/dalvikvm(  352): GC_CONCURRENT freed 760K, 54% free 6112K/13060K, paused 7ms+6ms, total 76ms
I/PackageManager(  352): Running dexopt on: com.wolf.jackpot.slots
D/ConnectivityService(  352): [CheckMp] isMobileOk: not connected ni=NetworkInfo: type: mobile_hipri[UMTS], state: DISCONNECTED/IDLE, reason: (unspecified), extra: (none), roaming: false, failover: false, isAvailable: true, isConnectedToProvisioningNetwork: false
D/dalvikvm(  921): DexOpt: 'Landroid/annotation/SuppressLint;' has an earlier definition; blocking out
D/dalvikvm(  921): DexOpt: 'Landroid/annotation/TargetApi;' has an earlier definition; blocking out
W/dalvikvm(  921): Superclass of 'Lcom/google/ads/searchads/SearchAdRequest;' is final 'Lcom/google/ads/AdRequest;'
W/dalvikvm(  921): Superclass of 'Lcom/google/android/gms/cast/RemoteMediaPlayer$1;' is final 'Lcom/google/android/gms/internal/dl;'
W/dalvikvm(  921): Class 'Lcom/google/android/gms/cast/RemoteMediaPlayer$a;' implements non-interface 'Lcom/google/android/gms/internal/dm;'
W/dalvikvm(  921): Class 'Lcom/google/android/gms/cast/RemoteMediaPlayer$b$1;' implements non-interface 'Lcom/google/android/gms/internal/dn;'
W/dalvikvm(  921): Superclass of 'Lcom/google/android/gms/games/multiplayer/turnbased/TurnBasedMatchBuffer;' is final 'Lcom/google/android/gms/common/data/d;'
W/dalvikvm(  921): Class 'Lcom/google/android/gms/internal/am$1;' implements non-interface 'Lcom/google/android/gms/internal/an;'
W/dalvikvm(  921): Class 'Lcom/google/android/gms/internal/am$2;' implements non-interface 'Lcom/google/android/gms/internal/an;'
W/dalvikvm(  921): Class 'Lcom/google/android/gms/internal/am$3;' implements non-interface 'Lcom/google/android/gms/internal/an;'
W/dalvikvm(  921): Class 'Lcom/google/android/gms/internal/am$4;' implements non-interface 'Lcom/google/android/gms/internal/an;'
W/dalvikvm(  921): Class 'Lcom/google/android/gms/internal/am$5;' implements non-interface 'Lcom/google/android/gms/internal/an;'
W/dalvikvm(  921): Class 'Lcom/google/android/gms/internal/am$6;' implements non-interface 'Lcom/google/android/gms/internal/an;'
W/dalvikvm(  921): Class 'Lcom/google/android/gms/internal/am$7;' implements non-interface 'Lcom/google/android/gms/internal/an;'
W/dalvikvm(  921): Class 'Lcom/google/android/gms/internal/bb$a$a;' implements non-interface 'Lcom/google/android/gms/internal/bb;'
W/dalvikvm(  921): Class 'Lcom/google/android/gms/internal/bb$a;' implements non-interface 'Lcom/google/android/gms/internal/bb;'
W/dalvikvm(  921): Class 'Lcom/google/android/gms/internal/bc$a$a;' implements non-interface 'Lcom/google/android/gms/internal/bc;'
W/dalvikvm(  921): Class 'Lcom/google/android/gms/internal/bc$a;' implements non-interface 'Lcom/google/android/gms/internal/bc;'
W/dalvikvm(  921): Class 'Lcom/google/android/gms/internal/bd$a$a;' implements non-interface 'Lcom/google/android/gms/internal/bd;'
