D/MmsSmsDatabaseHelper(  603): [MmsSmsDb] tableName: threads hasAutoIncrement: CREATE TABLE threads (_id INTEGER PRIMARY KEY AUTOINCREMENT,date INTEGER DEFAULT 0,message_count INTEGER DEFAULT 0,recipient_ids TEXT,snippet TEXT,snippet_cs INTEGER DEFAULT 0,read INTEGER DEFAULT 1,type INTEGER DEFAULT 0,error INTEGER DEFAULT 0,has_attachment INTEGER DEFAULT 0) result: true
D/MmsSmsDatabaseHelper(  603): [MmsSmsDb] tableName: canonical_addresses hasAutoIncrement: CREATE TABLE canonical_addresses (_id INTEGER PRIMARY KEY AUTOINCREMENT,address TEXT) result: true
D/MmsSmsDatabaseHelper(  603): [MmsSmsDb] tableName: part hasAutoIncrement: CREATE TABLE part (_id INTEGER PRIMARY KEY AUTOINCREMENT,mid INTEGER,seq INTEGER DEFAULT 0,ct TEXT,name TEXT,chset INTEGER,cd TEXT,fn TEXT,cid TEXT,cl TEXT,ctt_s INTEGER,ctt_t TEXT,_data TEXT,text TEXT) result: true
D/MmsSmsDatabaseHelper(  603): [MmsSmsDb] tableName: pdu hasAutoIncrement: CREATE TABLE pdu (_id INTEGER PRIMARY KEY AUTOINCREMENT,thread_id INTEGER,date INTEGER,date_sent INTEGER DEFAULT 0,msg_box INTEGER,read INTEGER DEFAULT 0,m_id TEXT,sub TEXT,sub_cs INTEGER,ct_t TEXT,ct_l TEXT,exp INTEGER,m_cls TEXT,m_type INTEGER,v INTEGER,m_size INTEGER,pri INTEGER,rr INTEGER,rpt_a INTEGER,resp_st INTEGER,st INTEGER,tr_id TEXT,retr_st INTEGER,retr_txt TEXT,retr_txt_cs INTEGER,read_status INTEGER,ct_cls INTEGER,resp_txt TEXT,d_tm INTEGER,d_rpt INTEGER,locked INTEGER DEFAULT 0,seen INTEGER DEFAULT 0,text_only INTEGER DEFAULT 0) result: true
D/MmsSmsDatabaseHelper(  603): [getWritableDatabase] hasAutoIncrementThreads: true hasAutoIncrementAddresses: true hasAutoIncrementPart: true hasAutoIncrementPdu: true
D/Mms:app (  989): cancelNotification
D/dalvikvm(  989): GC_CONCURRENT freed 227K, 10% free 2868K/3168K, paused 3ms+2ms, total 61ms
D/AlertReceiver(  913): onReceive: a=android.intent.action.BOOT_COMPLETED Intent { act=android.intent.action.BOOT_COMPLETED flg=0x8000010 cmp=com.android.calendar/.alerts.AlertReceiver (has extras) }
D/AlertUtils(  913): Flushing old alerts from shared prefs table
D/AlertService(  913): 0 Action = android.intent.action.BOOT_COMPLETED
D/AlertService(  913): Scheduling next alarm with AlarmScheduler. sEventReminderReceived: null
D/dalvikvm(  913): GC_CONCURRENT freed 308K, 12% free 2805K/3184K, paused 13ms+2ms, total 72ms
D/AlarmScheduler(  913): No events found starting within 1 week.
E/SQLiteLog(  621): (1) no such table: files
E/WVMExtractor(   60): Failed to open libwvm.so
D/dalvikvm(  621): GC_CONCURRENT freed 250K, 10% free 3028K/3348K, paused 4ms+3ms, total 42ms
V/MediaScanner(  621): pruneDeadThumbnailFiles... android.database.sqlite.SQLiteCursor@b2da04f0
V/MediaScanner(  621): /pruneDeadThumbnailFiles... android.database.sqlite.SQLiteCursor@b2da04f0
V/AlarmClock(  931): AlarmInitReceiver android.intent.action.BOOT_COMPLETED
V/AlarmClock(  931): AlarmInitReceiver - Reset timers and clear stopwatch data
V/AlarmClock(  931): AlarmInitReceiver - resetting volume button default
E/MetadataRetrieverClient(   60): failed to extract an album art
D/dalvikvm(  931): GC_CONCURRENT freed 396K, 15% free 2820K/3288K, paused 4ms+14ms, total 90ms
I/AlarmClock(  931): Displaying next alarm time: ''
V/AlarmClock(  931): AlarmInitReceiver finished
I/Email   (  878): Onetime initialization: 1
I/Email   (  878): Onetime initialization: 2
I/Email   (  878): Onetime initialization: completed.
I/LauncherIconVisibilityManager(  591): Boot has been completed
I/LauncherIconVisibilityManager(  591): Disable activity: ComponentInfo{com.android.inputmethod.latin/com.android.inputmethod.latin.setup.SetupActivity}
D/dalvikvm(  591): GC_CONCURRENT freed 379K, 13% free 3122K/3568K, paused 2ms+3ms, total 95ms
D/dalvikvm(  591): WAIT_FOR_CONCURRENT_GC blocked 15ms
E/BluetoothAdapter(  614): Bluetooth binder is null
E/BluetoothAdapter(  614): Bluetooth binder is null
D/AlertReceiver(  913): onReceive: a=android.intent.action.PROVIDER_CHANGED Intent { act=android.intent.action.PROVIDER_CHANGED dat=content://com.android.calendar flg=0x10 cmp=com.android.calendar/.alerts.AlertReceiver }
D/AlertService(  913): 0 Action = android.intent.action.PROVIDER_CHANGED
I/GlobalDismissManager(  913): no sender configured
D/AlertService(  913): Beginning updateAlertNotification
D/AlertService(  913): No fired or scheduled alerts
D/AlertService(  913): Scheduling next alarm with AlarmScheduler. sEventReminderReceived: null
D/AlarmScheduler(  913): No events found starting within 1 week.
V/SmsReceiverService(  989): onStart: #1 mResultCode: -1 = Activity.RESULT_OK
D/dalvikvm(  356): GC_CONCURRENT freed 763K, 56% free 5699K/12692K, paused 7ms+6ms, total 108ms
D/dalvikvm(  935): GC_CONCURRENT freed 210K, 9% free 2886K/3168K, paused 4ms+2ms, total 214ms
I/InputReader(  356): Reconfiguring input devices.  changes=0x00000010
I/InputReader(  356): Reconfiguring input devices.  changes=0x00000010
I/InputReader(  356): Reconfiguring input devices.  changes=0x00000010
I/PackageManager(  356):   Action: "android.intent.action.SENDTO"
I/PackageManager(  356):   Category: "android.intent.category.DEFAULT"
I/PackageManager(  356):   Scheme: "sms"
I/PackageManager(  356):   Action: "android.intent.action.SENDTO"
I/PackageManager(  356):   Category: "android.intent.category.DEFAULT"
I/PackageManager(  356):   Scheme: "smsto"
I/PackageManager(  356):   Action: "android.intent.action.SENDTO"
I/PackageManager(  356):   Category: "android.intent.category.DEFAULT"
I/PackageManager(  356):   Scheme: "mms"
I/PackageManager(  356):   Action: "android.intent.action.SENDTO"
I/PackageManager(  356):   Category: "android.intent.category.DEFAULT"
I/PackageManager(  356):   Scheme: "mmsto"
D/dalvikvm(  603): GC_CONCURRENT freed 395K, 13% free 3417K/3912K, paused 8ms+11ms, total 72ms
I/PackageManager(  356):   Action: "android.intent.action.SENDTO"
I/PackageManager(  356):   Category: "android.intent.category.DEFAULT"
I/PackageManager(  356):   Scheme: "sms"
D/dalvikvm(  356): GC_CONCURRENT freed 589K, 55% free 5750K/12692K, paused 11ms+5ms, total 97ms
I/PackageManager(  356):   Action: "android.intent.action.SENDTO"
I/PackageManager(  356):   Category: "android.intent.category.DEFAULT"
I/PackageManager(  356):   Scheme: "smsto"
I/PackageManager(  356):   Action: "android.intent.action.SENDTO"
I/PackageManager(  356):   Category: "android.intent.category.DEFAULT"
I/PackageManager(  356):   Scheme: "mms"
I/PackageManager(  356):   Action: "android.intent.action.SENDTO"
I/PackageManager(  356):   Category: "android.intent.category.DEFAULT"
I/PackageManager(  356):   Scheme: "mmsto"
I/PackageManager(  356):   Action: "android.intent.action.SENDTO"
I/PackageManager(  356):   Category: "android.intent.category.DEFAULT"
I/PackageManager(  356):   Scheme: "sms"
D/dalvikvm(  603): GC_CONCURRENT freed 502K, 16% free 3318K/3912K, paused 5ms+2ms, total 72ms
I/PackageManager(  356):   Action: "android.intent.action.SENDTO"
I/PackageManager(  356):   Category: "android.intent.category.DEFAULT"
I/PackageManager(  356):   Scheme: "smsto"
I/PackageManager(  356):   Action: "android.intent.action.SENDTO"
I/PackageManager(  356):   Category: "android.intent.category.DEFAULT"
I/PackageManager(  356):   Scheme: "mms"
I/PackageManager(  356):   Action: "android.intent.action.SENDTO"
I/PackageManager(  356):   Category: "android.intent.category.DEFAULT"
I/PackageManager(  356):   Scheme: "mmsto"
I/PackageManager(  356):   Action: "android.intent.action.SENDTO"
I/PackageManager(  356):   Category: "android.intent.category.DEFAULT"
I/PackageManager(  356):   Scheme: "sms"
D/dalvikvm(  356): GC_CONCURRENT freed 779K, 55% free 5722K/12692K, paused 14ms+5ms, total 128ms
D/dalvikvm(  356): WAIT_FOR_CONCURRENT_GC blocked 46ms
I/PackageManager(  356):   Action: "android.intent.action.SENDTO"
I/PackageManager(  356):   Category: "android.intent.category.DEFAULT"
I/PackageManager(  356):   Scheme: "smsto"
I/PackageManager(  356):   Action: "android.intent.action.SENDTO"
I/PackageManager(  356):   Category: "android.intent.category.DEFAULT"
I/PackageManager(  356):   Scheme: "mms"
D/dalvikvm(  603): GC_CONCURRENT freed 404K, 14% free 3381K/3912K, paused 8ms+2ms, total 96ms
I/PackageManager(  356):   Action: "android.intent.action.SENDTO"
I/PackageManager(  356):   Category: "android.intent.category.DEFAULT"
I/PackageManager(  356):   Scheme: "mmsto"
I/PackageManager(  356):   Action: "android.intent.action.SENDTO"
I/PackageManager(  356):   Category: "android.intent.category.DEFAULT"
I/PackageManager(  356):   Scheme: "sms"
I/PackageManager(  356):   Action: "android.intent.action.SENDTO"
I/PackageManager(  356):   Category: "android.intent.category.DEFAULT"
I/PackageManager(  356):   Scheme: "smsto"
I/PackageManager(  356):   Action: "android.intent.action.SENDTO"
I/PackageManager(  356):   Category: "android.intent.category.DEFAULT"
I/PackageManager(  356):   Scheme: "mms"
I/PackageManager(  356):   Action: "android.intent.action.SENDTO"
I/PackageManager(  356):   Category: "android.intent.category.DEFAULT"
I/PackageManager(  356):   Scheme: "mmsto"
D/dalvikvm(  603): GC_CONCURRENT freed 407K, 14% free 3384K/3912K, paused 5ms+2ms, total 50ms
D/dalvikvm(  356): GC_CONCURRENT freed 717K, 55% free 5763K/12692K, paused 29ms+6ms, total 152ms
D/dalvikvm(  356): WAIT_FOR_CONCURRENT_GC blocked 57ms
D/dalvikvm(  356): WAIT_FOR_CONCURRENT_GC blocked 12ms
I/PackageManager(  356):   Action: "android.intent.action.SENDTO"
I/PackageManager(  356):   Category: "android.intent.category.DEFAULT"
I/PackageManager(  356):   Scheme: "sms"
I/PackageManager(  356):   Action: "android.intent.action.SENDTO"
I/PackageManager(  356):   Category: "android.intent.category.DEFAULT"
I/PackageManager(  356):   Scheme: "smsto"
I/PackageManager(  356):   Action: "android.intent.action.SENDTO"
I/PackageManager(  356):   Category: "android.intent.category.DEFAULT"
I/PackageManager(  356):   Scheme: "mms"
I/PackageManager(  356):   Action: "android.intent.action.SENDTO"
I/PackageManager(  356):   Category: "android.intent.category.DEFAULT"
I/PackageManager(  356):   Scheme: "mmsto"
D/dalvikvm(  356): GC_CONCURRENT freed 694K, 55% free 5723K/12692K, paused 6ms+5ms, total 77ms
D/AndroidRuntime( 1046): 
D/AndroidRuntime( 1046): >>>>>> AndroidRuntime START com.android.internal.os.RuntimeInit <<<<<<
D/AndroidRuntime( 1046): CheckJNI is ON
D/dalvikvm( 1046): Trying to load lib libjavacore.so 0x0
D/dalvikvm( 1046): Added shared lib libjavacore.so 0x0
D/dalvikvm( 1046): Trying to load lib libnativehelper.so 0x0
D/dalvikvm( 1046): Added shared lib libnativehelper.so 0x0
D/dalvikvm( 1046): No JNI_OnLoad found in libnativehelper.so 0x0, skipping init
D/dalvikvm( 1046): Note: class Landroid/app/ActivityManagerNative; has 179 unimplemented (abstract) methods
E/memtrack( 1046): Couldn't load memtrack module (No such file or directory)
E/android.os.Debug( 1046): failed to load memtrack module: -2
D/AndroidRuntime( 1046): Calling main entry com.android.commands.am.Am
D/gralloc (   57): Registering a buffer in the process that created it. This may cause memory ordering problems.
E/libEGL  (   57): called unimplemented OpenGL ES API
E/libEGL  (   57): called unimplemented OpenGL ES API
E/libEGL  (   57): called unimplemented OpenGL ES API
E/libEGL  (   57): called unimplemented OpenGL ES API
E/SurfaceFlinger(   57): glCheckFramebufferStatusOES error 1897694250
E/SurfaceFlinger(   57): got GL_FRAMEBUFFER_COMPLETE_OES error while taking screenshot
E/libEGL  (   57): called unimplemented OpenGL ES API
E/libEGL  (   57): called unimplemented OpenGL ES API
I/Choreographer( 1056): Skipped 103 frames!  The application may be doing too much work on its main thread.
D/gralloc_goldfish( 1056): Emulator without GPU emulation detected.
I/ActivityManager(  356): Displayed zzzzzz.xxxxxx.cccccc/.ActivityStart: +1s557ms
D/AndroidRuntime( 1046): Shutting down VM
D/dalvikvm( 1046): GC_CONCURRENT freed 97K, 15% free 589K/692K, paused 3ms+2ms, total 15ms
D/dalvikvm(  603): GC_CONCURRENT freed 467K, 16% free 3303K/3896K, paused 4ms+2ms, total 35ms
I/Launcher(  689): Deferring update until onResume
I/Launcher(  689): Deferring update until onResume
I/InputReader(  356): Reconfiguring input devices.  changes=0x00000010
I/PackageManager(  356):   Action: "android.intent.action.SENDTO"
I/PackageManager(  356):   Category: "android.intent.category.DEFAULT"
I/PackageManager(  356):   Scheme: "sms"
I/PackageManager(  356):   Action: "android.intent.action.SENDTO"
I/PackageManager(  356):   Category: "android.intent.category.DEFAULT"
I/PackageManager(  356):   Scheme: "smsto"
I/PackageManager(  356):   Action: "android.intent.action.SENDTO"
I/PackageManager(  356):   Category: "android.intent.category.DEFAULT"
I/PackageManager(  356):   Scheme: "mms"
I/PackageManager(  356):   Action: "android.intent.action.SENDTO"
I/PackageManager(  356):   Category: "android.intent.category.DEFAULT"
I/PackageManager(  356):   Scheme: "mmsto"
D/dalvikvm(  356): GC_CONCURRENT freed 658K, 55% free 5753K/12692K, paused 7ms+5ms, total 87ms
I/PackageManager(  356):   Action: "android.intent.action.SENDTO"
I/PackageManager(  356):   Category: "android.intent.category.DEFAULT"
I/PackageManager(  356):   Scheme: "sms"
I/PackageManager(  356):   Action: "android.intent.action.SENDTO"
I/PackageManager(  356):   Category: "android.intent.category.DEFAULT"
I/PackageManager(  356):   Scheme: "smsto"
D/dalvikvm(  603): GC_CONCURRENT freed 341K, 14% free 3381K/3896K, paused 11ms+2ms, total 58ms
I/PackageManager(  356):   Action: "android.intent.action.SENDTO"
I/PackageManager(  356):   Category: "android.intent.category.DEFAULT"
I/PackageManager(  356):   Scheme: "mms"
I/PackageManager(  356):   Action: "android.intent.action.SENDTO"
I/PackageManager(  356):   Category: "android.intent.category.DEFAULT"
I/PackageManager(  356):   Scheme: "mmsto"
D/InitAlarmsService(  913): Clearing and rescheduling alarms.
D/AndroidRuntime( 1068): 
D/AndroidRuntime( 1068): >>>>>> AndroidRuntime START com.android.internal.os.RuntimeInit <<<<<<
D/AndroidRuntime( 1068): CheckJNI is ON
D/dalvikvm( 1068): Trying to load lib libjavacore.so 0x0
D/dalvikvm( 1068): Added shared lib libjavacore.so 0x0
D/dalvikvm( 1068): Trying to load lib libnativehelper.so 0x0
D/dalvikvm( 1068): Added shared lib libnativehelper.so 0x0
D/dalvikvm( 1068): No JNI_OnLoad found in libnativehelper.so 0x0, skipping init
D/dalvikvm( 1068): Note: class Landroid/app/ActivityManagerNative; has 179 unimplemented (abstract) methods
E/memtrack( 1068): Couldn't load memtrack module (No such file or directory)
E/android.os.Debug( 1068): failed to load memtrack module: -2
D/AndroidRuntime( 1068): Calling main entry com.android.commands.am.Am
V/AlarmClock(  931): AlarmInitReceiver android.intent.action.TIME_SET
I/AlarmClock(  931): Displaying next alarm time: ''
V/AlarmClock(  931): AlarmInitReceiver finished
D/AndroidRuntime( 1068): Shutting down VM
D/dalvikvm( 1068): GC_CONCURRENT freed 97K, 15% free 587K/688K, paused 12ms+2ms, total 21ms
D/dalvikvm(  603): GC_CONCURRENT freed 468K, 15% free 3310K/3880K, paused 5ms+50ms, total 118ms
D/dalvikvm(  356): GC_CONCURRENT freed 658K, 55% free 5744K/12692K, paused 6ms+5ms, total 197ms
D/dalvikvm(  356): GC_CONCURRENT freed 725K, 55% free 5748K/12692K, paused 17ms+17ms, total 246ms
D/dalvikvm(  356): GC_CONCURRENT freed 704K, 56% free 5707K/12692K, paused 37ms+19ms, total 180ms
D/dalvikvm(  356): GC_CONCURRENT freed 656K, 55% free 5731K/12692K, paused 17ms+7ms, total 199ms
D/Tethering(  356): MasterInitialState.processMessage what=3
D/CaptivePortalTracker(  356): NoActiveNetworkState{ when=-5ms what=1 obj=NetworkInfo: type: mobile_hipri[UMTS], state: DISCONNECTED/DISCONNECTED, reason: dataDisabled, extra: epc.tmobile.com, roaming: false, failover: false, isAvailable: true, isConnectedToProvisioningNetwork: false target=com.android.internal.util.StateMachine$SmHandler }
D/CaptivePortalTracker(  356): NoActiveNetworkState not a wifi connectivity change, ignore
D/Tethering(  356): MasterInitialState.processMessage what=3
D/CaptivePortalTracker(  356): NoActiveNetworkState{ when=-1ms what=1 obj=NetworkInfo: type: mobile[UMTS], state: CONNECTED/CONNECTED, reason: connected, extra: epc.tmobile.com, roaming: false, failover: false, isAvailable: true, isConnectedToProvisioningNetwork: false target=com.android.internal.util.StateMachine$SmHandler }
D/CaptivePortalTracker(  356): NoActiveNetworkState not a wifi connectivity change, ignore
D/dalvikvm(  356): GC_CONCURRENT freed 676K, 56% free 5711K/12692K, paused 6ms+4ms, total 78ms
D/dalvikvm(  356): GC_CONCURRENT freed 661K, 56% free 5704K/12692K, paused 7ms+5ms, total 79ms
D/dalvikvm(  356): GC_CONCURRENT freed 652K, 56% free 5703K/12692K, paused 6ms+6ms, total 77ms
D/dalvikvm(  356): GC_CONCURRENT freed 651K, 55% free 5729K/12692K, paused 6ms+7ms, total 90ms
D/AndroidRuntime( 1137): 
D/AndroidRuntime( 1137): >>>>>> AndroidRuntime START com.android.internal.os.RuntimeInit <<<<<<
D/AndroidRuntime( 1137): CheckJNI is ON
D/dalvikvm( 1137): Trying to load lib libjavacore.so 0x0
D/dalvikvm( 1137): Added shared lib libjavacore.so 0x0
D/dalvikvm( 1137): Trying to load lib libnativehelper.so 0x0
D/dalvikvm( 1137): Added shared lib libnativehelper.so 0x0
D/dalvikvm( 1137): No JNI_OnLoad found in libnativehelper.so 0x0, skipping init
D/dalvikvm( 1137): Note: class Landroid/app/ActivityManagerNative; has 179 unimplemented (abstract) methods
E/memtrack( 1137): Couldn't load memtrack module (No such file or directory)
E/android.os.Debug( 1137): failed to load memtrack module: -2
D/AndroidRuntime( 1137): Calling main entry com.android.commands.am.Am
I/Choreographer( 1056): Skipped 31 frames!  The application may be doing too much work on its main thread.
I/ActivityManager(  356): Displayed zzzzzz.xxxxxx.cccccc/.ComposeSmsActivity: +2s207ms
D/AndroidRuntime( 1137): Shutting down VM
D/dalvikvm( 1137): GC_CONCURRENT freed 97K, 15% free 589K/692K, paused 2ms+1ms, total 22ms
D/        (  356): Setting time of day to sec=1545839017
I/MediaFocusControl(  356):  AudioFocus  abandonAudioFocus() from android.media.AudioManager@b2d75378com.android.music.MediaPlaybackService$3@b2d741f8
I/PackageManager(  356):   Action: "android.intent.action.SENDTO"
I/PackageManager(  356):   Category: "android.intent.category.DEFAULT"
I/PackageManager(  356):   Scheme: "sms"
I/PackageManager(  356):   Action: "android.intent.action.SENDTO"
I/PackageManager(  356):   Category: "android.intent.category.DEFAULT"
I/PackageManager(  356):   Scheme: "smsto"
I/PackageManager(  356):   Action: "android.intent.action.SENDTO"
I/PackageManager(  356):   Category: "android.intent.category.DEFAULT"
I/PackageManager(  356):   Scheme: "mms"
I/PackageManager(  356):   Action: "android.intent.action.SENDTO"
I/PackageManager(  356):   Category: "android.intent.category.DEFAULT"
I/PackageManager(  356):   Scheme: "mmsto"
V/SmsReceiverService(  989): onStart: #1 mResultCode: -1 = Activity.RESULT_OK
D/dalvikvm( 1056): GC_CONCURRENT freed 103K, 6% free 3052K/3228K, paused 5ms+2ms, total 282ms
W/Bundle  ( 1056): Key date expected String but value was a java.util.Date.  The default value <null> was returned.
W/Bundle  ( 1056): Attempt to cast generated internal exception:
W/Bundle  ( 1056): java.lang.ClassCastException: java.util.Date cannot be cast to java.lang.String
W/Bundle  ( 1056): 	at android.os.Bundle.getString(Bundle.java:1121)
W/Bundle  ( 1056): 	at zzzzzz.xxxxxx.cccccc.IMService.onStartCommand(Unknown Source)
W/Bundle  ( 1056): 	at android.app.ActivityThread.handleServiceArgs(ActivityThread.java:2688)
W/Bundle  ( 1056): 	at android.app.ActivityThread.access$2100(ActivityThread.java:135)
W/Bundle  ( 1056): 	at android.app.ActivityThread$H.handleMessage(ActivityThread.java:1293)
W/Bundle  ( 1056): 	at android.os.Handler.dispatchMessage(Handler.java:102)
W/Bundle  ( 1056): 	at android.os.Looper.loop(Looper.java:136)
W/Bundle  ( 1056): 	at android.app.ActivityThread.main(ActivityThread.java:5001)
W/Bundle  ( 1056): 	at java.lang.reflect.Method.invokeNative(Native Method)
W/Bundle  ( 1056): 	at java.lang.reflect.Method.invoke(Method.java:515)
W/Bundle  ( 1056): 	at com.android.internal.os.ZygoteInit$MethodAndArgsCaller.run(ZygoteInit.java:785)
W/Bundle  ( 1056): 	at com.android.internal.os.ZygoteInit.main(ZygoteInit.java:601)
W/Bundle  ( 1056): 	at dalvik.system.NativeStart.main(Native Method)
D/AndroidRuntime( 1149): 
D/AndroidRuntime( 1149): >>>>>> AndroidRuntime START com.android.internal.os.RuntimeInit <<<<<<
D/AndroidRuntime( 1149): CheckJNI is ON
D/dalvikvm( 1149): Trying to load lib libjavacore.so 0x0
D/dalvikvm( 1149): Added shared lib libjavacore.so 0x0
D/dalvikvm( 1149): Trying to load lib libnativehelper.so 0x0
D/dalvikvm( 1149): Added shared lib libnativehelper.so 0x0
D/dalvikvm( 1149): No JNI_OnLoad found in libnativehelper.so 0x0, skipping init
D/dalvikvm( 1149): Note: class Landroid/app/ActivityManagerNative; has 179 unimplemented (abstract) methods
D/dalvikvm(  989): GC_CONCURRENT freed 208K, 9% free 3072K/3352K, paused 18ms+11ms, total 411ms
E/StrictMode(  989): A resource was acquired at attached stack trace but never released. See java.io.Closeable for information on avoiding resource leaks.
E/StrictMode(  989): java.lang.Throwable: Explicit termination method 'release' not called
E/StrictMode(  989): 	at dalvik.system.CloseGuard.open(CloseGuard.java:184)
E/StrictMode(  989): 	at android.drm.DrmManagerClient.<init>(DrmManagerClient.java:258)
E/StrictMode(  989): 	at com.google.android.mms.pdu.PduPersister.<init>(PduPersister.java:288)
E/StrictMode(  989): 	at com.google.android.mms.pdu.PduPersister.getPduPersister(PduPersister.java:296)
E/StrictMode(  989): 	at com.android.mms.transaction.TransactionService.onNewIntent(TransactionService.java:224)
E/StrictMode(  989): 	at com.android.mms.transaction.TransactionService$ServiceHandler.handleMessage(TransactionService.java:621)
E/StrictMode(  989): 	at android.os.Handler.dispatchMessage(Handler.java:102)
E/StrictMode(  989): 	at android.os.Looper.loop(Looper.java:136)
E/StrictMode(  989): 	at android.os.HandlerThread.run(HandlerThread.java:61)
D/dalvikvm(  989): GC_CONCURRENT freed 253K, 10% free 3224K/3552K, paused 22ms+2ms, total 77ms
E/memtrack( 1149): Couldn't load memtrack module (No such file or directory)
E/android.os.Debug( 1149): failed to load memtrack module: -2
D/MmsSmsProvider(  603): getSingleAddressId: insert new canonical_address for xxxxxx, _id=1
D/MmsSmsProvider(  603): getThreadId: create new thread_id for recipients xxxxxxxx
D/MmsSmsProvider(  603): insertThread: created new thread_id 1 for recipientIds xxxxxxx
D/dalvikvm(  603): GC_EXPLICIT freed 116K, 15% free 3318K/3880K, paused 15ms+14ms, total 97ms
D/AndroidRuntime( 1149): Calling main entry com.android.commands.am.Am
D/dalvikvm(  614): GC_FOR_ALLOC freed 191K, 9% free 2837K/3100K, paused 169ms, total 174ms
D/SmsReceiverService(  989): handleSmsReceived messageUri: content://sms/1 threadId: 1
D/dalvikvm(  614): GC_CONCURRENT freed 14K, 6% free 3222K/3408K, paused 37ms+12ms, total 120ms
I/Choreographer(  614): Skipped 224 frames!  The application may be doing too much work on its main thread.
D/gralloc_goldfish(  614): Emulator without GPU emulation detected.
I/Choreographer(  356): Skipped 30 frames!  The application may be doing too much work on its main thread.
I/ActivityManager(  356): Displayed com.android.settings/.DeviceAdminAdd: +3s386ms (total +3s605ms)
D/AndroidRuntime( 1149): Shutting down VM
D/dalvikvm( 1149): GC_CONCURRENT freed 97K, 15% free 589K/692K, paused 2ms+1ms, total 21ms
I/PackageManager(  356):   Action: "android.intent.action.SENDTO"
I/PackageManager(  356):   Category: "android.intent.category.DEFAULT"
I/PackageManager(  356):   Scheme: "sms"
I/PackageManager(  356):   Action: "android.intent.action.SENDTO"
I/PackageManager(  356):   Category: "android.intent.category.DEFAULT"
I/PackageManager(  356):   Scheme: "smsto"
I/PackageManager(  356):   Action: "android.intent.action.SENDTO"
I/PackageManager(  356):   Category: "android.intent.category.DEFAULT"
I/PackageManager(  356):   Scheme: "mms"
I/PackageManager(  356):   Action: "android.intent.action.SENDTO"
I/PackageManager(  356):   Category: "android.intent.category.DEFAULT"
I/PackageManager(  356):   Scheme: "mmsto"
D/dalvikvm(  356): GC_CONCURRENT freed 681K, 55% free 5795K/12692K, paused 5ms+6ms, total 384ms
D/dalvikvm(  356): WAIT_FOR_CONCURRENT_GC blocked 113ms
V/SmsReceiverService(  989): onStart: #2 mResultCode: -1 = Activity.RESULT_OK
W/Bundle  ( 1056): Key date expected String but value was a java.util.Date.  The default value <null> was returned.
W/Bundle  ( 1056): Attempt to cast generated internal exception:
W/Bundle  ( 1056): java.lang.ClassCastException: java.util.Date cannot be cast to java.lang.String
W/Bundle  ( 1056): 	at android.os.Bundle.getString(Bundle.java:1121)
W/Bundle  ( 1056): 	at zzzzzz.xxxxxx.cccccc.IMService.onStartCommand(Unknown Source)
W/Bundle  ( 1056): 	at android.app.ActivityThread.handleServiceArgs(ActivityThread.java:2688)
W/Bundle  ( 1056): 	at android.app.ActivityThread.access$2100(ActivityThread.java:135)
W/Bundle  ( 1056): 	at android.app.ActivityThread$H.handleMessage(ActivityThread.java:1293)
W/Bundle  ( 1056): 	at android.os.Handler.dispatchMessage(Handler.java:102)
W/Bundle  ( 1056): 	at android.os.Looper.loop(Looper.java:136)
W/Bundle  ( 1056): 	at android.app.ActivityThread.main(ActivityThread.java:5001)
W/Bundle  ( 1056): 	at java.lang.reflect.Method.invokeNative(Native Method)
W/Bundle  ( 1056): 	at java.lang.reflect.Method.invoke(Method.java:515)
W/Bundle  ( 1056): 	at com.android.internal.os.ZygoteInit$MethodAndArgsCaller.run(ZygoteInit.java:785)
W/Bundle  ( 1056): 	at com.android.internal.os.ZygoteInit.main(ZygoteInit.java:601)
W/Bundle  ( 1056): 	at dalvik.system.NativeStart.main(Native Method)
D/Mms:app (  989): updateNotification: new message, adding sound to the notification
D/MmsSmsProvider(  603): getSingleAddressId: insert new canonical_address for xxxxxx, _id=2
D/MmsSmsProvider(  603): getThreadId: create new thread_id for recipients xxxxxxxx
D/MmsSmsProvider(  603): insertThread: created new thread_id 2 for recipientIds xxxxxxx
D/SmsReceiverService(  989): handleSmsReceived messageUri: content://sms/2 threadId: 2
D/Mms:app (  989): updateNotification: new message, adding sound to the notification
D/SettingsProvider(  356): User 0 external modification to /data/data/com.android.providers.settings/databases/settings.db; event=2
D/SettingsProvider(  356): User 0 updating our caches for /data/data/com.android.providers.settings/databases/settings.db
D/AndroidRuntime( 1174): 
D/AndroidRuntime( 1174): >>>>>> AndroidRuntime START com.android.internal.os.RuntimeInit <<<<<<
D/AndroidRuntime( 1174): CheckJNI is ON
D/dalvikvm( 1174): Trying to load lib libjavacore.so 0x0
D/dalvikvm( 1174): Added shared lib libjavacore.so 0x0
D/dalvikvm( 1174): Trying to load lib libnativehelper.so 0x0
D/dalvikvm( 1174): Added shared lib libnativehelper.so 0x0
D/dalvikvm( 1174): No JNI_OnLoad found in libnativehelper.so 0x0, skipping init
D/dalvikvm( 1174): Note: class Landroid/app/ActivityManagerNative; has 179 unimplemented (abstract) methods
E/memtrack( 1174): Couldn't load memtrack module (No such file or directory)
E/android.os.Debug( 1174): failed to load memtrack module: -2
D/AndroidRuntime( 1174): Calling main entry com.android.commands.am.Am
D/dalvikvm( 1056): GC_CONCURRENT freed 249K, 9% free 3302K/3624K, paused 4ms+23ms, total 189ms
I/Choreographer( 1056): Skipped 574 frames!  The application may be doing too much work on its main thread.
I/ResourceUtils(  591): Found default value: resource=phantom_sudden_move_event_device_list build=[HARDWARE=goldfish MODEL=sdk BRAND=generic MANUFACTURER=unknown] default=false
I/ResourceUtils(  591): Found default value: resource=keyboard_heights build=[HARDWARE=goldfish MODEL=sdk BRAND=generic MANUFACTURER=unknown] default=
W/SubtypeSwitcher(  591): Can't find Emoji subtype
W/SubtypeSwitcher(  591): No input method subtype found; return dummy subtype: android.view.inputmethod.InputMethodSubtype@d78b2ed0
D/dalvikvm(  591): GC_CONCURRENT freed 254K, 9% free 3363K/3692K, paused 6ms+20ms, total 199ms
D/dalvikvm(  591): GC_FOR_ALLOC freed 124K, 10% free 3353K/3692K, paused 52ms, total 53ms
I/dalvikvm-heap(  591): Grow heap (frag case) to 3.636MB for 313360-byte allocation
D/dalvikvm(  591): GC_FOR_ALLOC freed <1K, 9% free 3659K/4000K, paused 90ms, total 90ms
D/dalvikvm(  591): GC_FOR_ALLOC freed 433K, 14% free 3445K/4000K, paused 66ms, total 67ms
D/dalvikvm(  591): GC_FOR_ALLOC freed <1K, 6% free 3797K/4000K, paused 81ms, total 81ms
D/dalvikvm(  591): GC_FOR_ALLOC freed 508K, 14% free 3555K/4132K, paused 120ms, total 121ms
D/dalvikvm(  591): GC_CONCURRENT freed 60K, 5% free 3943K/4132K, paused 5ms+17ms, total 186ms
I/ActivityManager(  356): Displayed zzzzzz.xxxxxx.cccccc/.ActivityGetCC: +5s734ms
D/AndroidRuntime( 1174): Shutting down VM
D/dalvikvm( 1174): GC_CONCURRENT freed 97K, 15% free 589K/692K, paused 2ms+2ms, total 18ms
D/dalvikvm(  591): GC_CONCURRENT freed 476K, 12% free 3935K/4456K, paused 4ms+22ms, total 306ms
D/dalvikvm(  591): GC_FOR_ALLOC freed 379K, 18% free 3682K/4456K, paused 32ms, total 33ms
I/dalvikvm-heap(  591): Grow heap (frag case) to 4.073MB for 434192-byte allocation
D/dalvikvm(  591): GC_CONCURRENT freed 44K, 17% free 4062K/4884K, paused 6ms+7ms, total 65ms
D/dalvikvm(  591): WAIT_FOR_CONCURRENT_GC blocked 57ms
D/dalvikvm(  591): GC_FOR_ALLOC freed 640K, 23% free 3782K/4884K, paused 31ms, total 33ms
W/ViewPager(  591): Requested offscreen page limit 0 too small; defaulting to 1
D/dalvikvm(  591): GC_CONCURRENT freed 161K, 17% free 4076K/4884K, paused 71ms+8ms, total 160ms
I/LatinIME:LogUtils(  591): Dictionary info: dictionary = contacts.en_US.dict ; version = ? ; date = ?
D/dalvikvm(  591): GC_CONCURRENT freed 343K, 16% free 4126K/4884K, paused 3ms+35ms, total 162ms
D/gralloc_goldfish(  591): Emulator without GPU emulation detected.
D/dalvikvm(  591): GC_FOR_ALLOC freed 38K, 17% free 4095K/4884K, paused 30ms, total 32ms
I/dalvikvm-heap(  591): Grow heap (frag case) to 4.604MB for 568336-byte allocation
D/dalvikvm(  591): GC_CONCURRENT freed <1K, 15% free 4650K/5440K, paused 6ms+3ms, total 48ms
D/dalvikvm(  591): WAIT_FOR_CONCURRENT_GC blocked 30ms
D/dalvikvm(  591): GC_FOR_ALLOC freed 0K, 15% free 4650K/5440K, paused 38ms, total 38ms
I/dalvikvm-heap(  591): Grow heap (frag case) to 5.146MB for 568336-byte allocation
D/dalvikvm(  591): GC_CONCURRENT freed 0K, 14% free 5205K/5996K, paused 5ms+42ms, total 71ms
D/dalvikvm(  591): WAIT_FOR_CONCURRENT_GC blocked 67ms
D/AndroidRuntime( 1188): 
D/AndroidRuntime( 1188): >>>>>> AndroidRuntime START com.android.internal.os.RuntimeInit <<<<<<
D/AndroidRuntime( 1188): CheckJNI is ON
D/dalvikvm( 1188): Trying to load lib libjavacore.so 0x0
D/dalvikvm( 1188): Added shared lib libjavacore.so 0x0
D/dalvikvm( 1188): Trying to load lib libnativehelper.so 0x0
D/dalvikvm( 1188): Added shared lib libnativehelper.so 0x0
D/dalvikvm( 1188): No JNI_OnLoad found in libnativehelper.so 0x0, skipping init
D/dalvikvm( 1188): Note: class Landroid/app/ActivityManagerNative; has 179 unimplemented (abstract) methods
E/memtrack( 1188): Couldn't load memtrack module (No such file or directory)
E/android.os.Debug( 1188): failed to load memtrack module: -2
D/AndroidRuntime( 1188): Calling main entry com.android.commands.am.Am
D/AndroidRuntime( 1188): Shutting down VM
D/dalvikvm( 1188): GC_CONCURRENT freed 96K, 15% free 585K/684K, paused 2ms+1ms, total 30ms
D/AndroidRuntime( 1199): 
D/AndroidRuntime( 1199): >>>>>> AndroidRuntime START com.android.internal.os.RuntimeInit <<<<<<
D/AndroidRuntime( 1199): CheckJNI is ON
D/dalvikvm( 1199): Trying to load lib libjavacore.so 0x0
D/dalvikvm( 1199): Added shared lib libjavacore.so 0x0
D/dalvikvm( 1199): Trying to load lib libnativehelper.so 0x0
D/dalvikvm( 1199): Added shared lib libnativehelper.so 0x0
D/dalvikvm( 1199): No JNI_OnLoad found in libnativehelper.so 0x0, skipping init
D/dalvikvm( 1199): Note: class Landroid/app/ActivityManagerNative; has 179 unimplemented (abstract) methods
E/memtrack( 1199): Couldn't load memtrack module (No such file or directory)
E/android.os.Debug( 1199): failed to load memtrack module: -2
D/AndroidRuntime( 1199): Calling main entry com.android.commands.am.Am
D/AndroidRuntime( 1199): Shutting down VM
D/dalvikvm( 1199): GC_CONCURRENT freed 96K, 15% free 585K/684K, paused 2ms+2ms, total 15ms
I/Choreographer(  356): Skipped 36 frames!  The application may be doing too much work on its main thread.
D/AndroidRuntime( 1210): 
D/AndroidRuntime( 1210): >>>>>> AndroidRuntime START com.android.internal.os.RuntimeInit <<<<<<
D/AndroidRuntime( 1210): CheckJNI is ON
D/dalvikvm( 1210): Trying to load lib libjavacore.so 0x0
D/dalvikvm( 1210): Added shared lib libjavacore.so 0x0
D/dalvikvm( 1210): Trying to load lib libnativehelper.so 0x0
D/dalvikvm( 1210): Added shared lib libnativehelper.so 0x0
D/dalvikvm( 1210): No JNI_OnLoad found in libnativehelper.so 0x0, skipping init
D/dalvikvm( 1210): Note: class Landroid/app/ActivityManagerNative; has 179 unimplemented (abstract) methods
E/memtrack( 1210): Couldn't load memtrack module (No such file or directory)
E/android.os.Debug( 1210): failed to load memtrack module: -2
D/AndroidRuntime( 1210): Calling main entry com.android.commands.am.Am
D/AndroidRuntime( 1210): Shutting down VM
D/AndroidRuntime( 1056): Shutting down VM
W/dalvikvm( 1056): threadid=1: thread exiting with uncaught exception (group=0xb2ababa8)
D/dalvikvm( 1210): GC_CONCURRENT freed 96K, 15% free 585K/684K, paused 1ms+13ms, total 22ms
I/Choreographer(  614): Skipped 420 frames!  The application may be doing too much work on its main thread.
D/dalvikvm(  356): GC_CONCURRENT freed 438K, 52% free 6134K/12692K, paused 66ms+39ms, total 843ms
D/dalvikvm(  356): WAIT_FOR_CONCURRENT_GC blocked 661ms
D/dalvikvm(  356): WAIT_FOR_CONCURRENT_GC blocked 662ms
D/AndroidRuntime( 1221): 
D/AndroidRuntime( 1221): >>>>>> AndroidRuntime START com.android.internal.os.RuntimeInit <<<<<<
D/AndroidRuntime( 1221): CheckJNI is ON
D/dalvikvm( 1221): Trying to load lib libjavacore.so 0x0
D/dalvikvm( 1221): Added shared lib libjavacore.so 0x0
D/dalvikvm( 1221): Trying to load lib libnativehelper.so 0x0
D/dalvikvm( 1221): Added shared lib libnativehelper.so 0x0
D/dalvikvm( 1221): No JNI_OnLoad found in libnativehelper.so 0x0, skipping init
D/dalvikvm( 1221): Note: class Landroid/app/ActivityManagerNative; has 179 unimplemented (abstract) methods
I/Choreographer(  356): Skipped 32 frames!  The application may be doing too much work on its main thread.
I/Choreographer(  356): Skipped 216 frames!  The application may be doing too much work on its main thread.
I/Choreographer(  356): Skipped 44 frames!  The application may be doing too much work on its main thread.
E/memtrack( 1221): Couldn't load memtrack module (No such file or directory)
E/android.os.Debug( 1221): failed to load memtrack module: -2
I/Choreographer(  356): Skipped 32 frames!  The application may be doing too much work on its main thread.
I/Choreographer(  356): Skipped 33 frames!  The application may be doing too much work on its main thread.
D/AndroidRuntime( 1221): Calling main entry com.android.commands.am.Am
D/AndroidRuntime( 1221): Shutting down VM
D/dalvikvm( 1221): GC_CONCURRENT freed 97K, 15% free 585K/684K, paused 2ms+1ms, total 23ms
I/Choreographer(  614): Skipped 1079 frames!  The application may be doing too much work on its main thread.
I/Choreographer(  356): Skipped 41 frames!  The application may be doing too much work on its main thread.
I/Choreographer(  356): Skipped 48 frames!  The application may be doing too much work on its main thread.
D/dalvikvm(  614): GC_CONCURRENT freed 60K, 4% free 3572K/3700K, paused 17ms+117ms, total 476ms
I/Choreographer(  356): Skipped 37 frames!  The application may be doing too much work on its main thread.
D/AndroidRuntime( 1232): 
D/AndroidRuntime( 1232): >>>>>> AndroidRuntime START com.android.internal.os.RuntimeInit <<<<<<
D/AndroidRuntime( 1232): CheckJNI is ON
D/dalvikvm( 1232): Trying to load lib libjavacore.so 0x0
D/dalvikvm( 1232): Added shared lib libjavacore.so 0x0
D/dalvikvm( 1232): Trying to load lib libnativehelper.so 0x0
D/dalvikvm( 1232): Added shared lib libnativehelper.so 0x0
D/dalvikvm( 1232): No JNI_OnLoad found in libnativehelper.so 0x0, skipping init
I/Choreographer(  356): Skipped 30 frames!  The application may be doing too much work on its main thread.
D/dalvikvm( 1232): Note: class Landroid/app/ActivityManagerNative; has 179 unimplemented (abstract) methods
I/Choreographer(  356): Skipped 965 frames!  The application may be doing too much work on its main thread.
I/Choreographer(  614): Skipped 508 frames!  The application may be doing too much work on its main thread.
I/Choreographer(  356): Skipped 42 frames!  The application may be doing too much work on its main thread.
I/Choreographer(  356): Skipped 32 frames!  The application may be doing too much work on its main thread.
E/memtrack( 1232): Couldn't load memtrack module (No such file or directory)
E/android.os.Debug( 1232): failed to load memtrack module: -2
D/AndroidRuntime( 1232): Calling main entry com.android.commands.am.Am
I/Choreographer(  356): Skipped 31 frames!  The application may be doing too much work on its main thread.
D/AndroidRuntime( 1232): Shutting down VM
D/dalvikvm( 1232): GC_CONCURRENT freed 97K, 15% free 589K/692K, paused 2ms+2ms, total 11ms
I/Choreographer(  356): Skipped 31 frames!  The application may be doing too much work on its main thread.
I/Choreographer(  356): Skipped 219 frames!  The application may be doing too much work on its main thread.
I/Choreographer(  356): Skipped 31 frames!  The application may be doing too much work on its main thread.
I/Choreographer(  356): Skipped 70 frames!  The application may be doing too much work on its main thread.
I/Choreographer(  356): Skipped 47 frames!  The application may be doing too much work on its main thread.
I/Choreographer(  356): Skipped 39 frames!  The application may be doing too much work on its main thread.
I/Choreographer(  356): Skipped 30 frames!  The application may be doing too much work on its main thread.
I/Choreographer(  356): Skipped 30 frames!  The application may be doing too much work on its main thread.
I/Choreographer(  356): Skipped 47 frames!  The application may be doing too much work on its main thread.
I/Choreographer(  356): Skipped 49 frames!  The application may be doing too much work on its main thread.
D/AndroidRuntime( 1256): 
D/AndroidRuntime( 1256): >>>>>> AndroidRuntime START com.android.internal.os.RuntimeInit <<<<<<
D/AndroidRuntime( 1256): CheckJNI is ON
D/dalvikvm( 1256): Trying to load lib libjavacore.so 0x0
D/dalvikvm( 1256): Added shared lib libjavacore.so 0x0
D/dalvikvm( 1256): Trying to load lib libnativehelper.so 0x0
D/dalvikvm( 1256): Added shared lib libnativehelper.so 0x0
D/dalvikvm( 1256): No JNI_OnLoad found in libnativehelper.so 0x0, skipping init
D/dalvikvm( 1256): Note: class Landroid/app/ActivityManagerNative; has 179 unimplemented (abstract) methods
I/Choreographer(  356): Skipped 39 frames!  The application may be doing too much work on its main thread.
E/memtrack( 1256): Couldn't load memtrack module (No such file or directory)
E/android.os.Debug( 1256): failed to load memtrack module: -2
D/AndroidRuntime( 1256): Calling main entry com.android.commands.monkey.Monkey
D/MonkeyStub( 1256): translateCommand: wake
I/Choreographer(  356): Skipped 32 frames!  The application may be doing too much work on its main thread.
D/MonkeyStub( 1256): translateCommand: wake
D/MonkeyStub( 1256): translateCommand: type chupachupachupachupachupachupachupachupachupachupachupachupachupachupachupachupachupachupa
I/Choreographer(  356): Skipped 30 frames!  The application may be doing too much work on its main thread.
I/Choreographer(  356): Skipped 144 frames!  The application may be doing too much work on its main thread.
I/Choreographer(  356): Skipped 33 frames!  The application may be doing too much work on its main thread.
I/Choreographer(  356): Skipped 31 frames!  The application may be doing too much work on its main thread.
I/InputDispatcher(  356): Window 'Window{b2ee16b8 u0 Application Error: zzzzzz.xxxxxx.cccccc}' spent 3518.8ms processing the last input event: KeyEvent(deviceId=-1, source=0x00000101, action=0, flags=0x00000000, keyCode=49, scanCode=0, metaState=0x00000000, repeatCount=0), policyFlags=0x4b000000
I/Choreographer(  356): Skipped 30 frames!  The application may be doing too much work on its main thread.
I/Choreographer(  356): Skipped 35 frames!  The application may be doing too much work on its main thread.
I/InputDispatcher(  356): Dropped event because it is stale.
I/InputDispatcher(  356): Dropped event because it is stale.
I/InputDispatcher(  356): Dropped event because it is stale.
I/InputDispatcher(  356): Dropped event because it is stale.
I/InputDispatcher(  356): Dropped event because it is stale.
I/InputDispatcher(  356): Dropped event because it is stale.
I/InputDispatcher(  356): Dropped event because it is stale.
I/InputDispatcher(  356): Dropped event because it is stale.
I/InputDispatcher(  356): Dropped event because it is stale.
I/InputDispatcher(  356): Dropped event because it is stale.
I/InputDispatcher(  356): Dropped event because it is stale.
I/InputDispatcher(  356): Dropped event because it is stale.
I/InputDispatcher(  356): Dropped event because it is stale.
I/InputDispatcher(  356): Dropped event because it is stale.
I/InputDispatcher(  356): Dropped event because it is stale.
I/InputDispatcher(  356): Dropped event because it is stale.
I/InputDispatcher(  356): Dropped event because it is stale.
I/InputDispatcher(  356): Dropped event because it is stale.
I/InputDispatcher(  356): Dropped event because it is stale.
I/InputDispatcher(  356): Dropped event because it is stale.
I/InputDispatcher(  356): Dropped event because it is stale.
I/InputDispatcher(  356): Dropped event because it is stale.
I/InputDispatcher(  356): Dropped event because it is stale.
I/InputDispatcher(  356): Dropped event because it is stale.
I/InputDispatcher(  356): Dropped event because it is stale.
I/InputDispatcher(  356): Dropped event because it is stale.
I/InputDispatcher(  356): Dropped event because it is stale.
I/InputDispatcher(  356): Dropped event because it is stale.
I/InputDispatcher(  356): Dropped event because it is stale.
I/InputDispatcher(  356): Dropped event because it is stale.
I/InputDispatcher(  356): Dropped event because it is stale.
I/InputDispatcher(  356): Dropped event because it is stale.
I/InputDispatcher(  356): Dropped event because it is stale.
I/InputDispatcher(  356): Dropped event because it is stale.
I/InputDispatcher(  356): Dropped event because it is stale.
I/Choreographer(  356): Skipped 37 frames!  The application may be doing too much work on its main thread.
I/InputDispatcher(  356): Dropped event because it is stale.
I/InputDispatcher(  356): Dropped event because it is stale.
I/InputDispatcher(  356): Dropped event because it is stale.
I/InputDispatcher(  356): Dropped event because it is stale.
I/InputDispatcher(  356): Dropped event because it is stale.
I/InputDispatcher(  356): Dropped event because it is stale.
I/InputDispatcher(  356): Dropped event because it is stale.
I/InputDispatcher(  356): Dropped event because it is stale.
I/InputDispatcher(  356): Dropped event because it is stale.
I/InputDispatcher(  356): Dropped event because it is stale.
I/InputDispatcher(  356): Dropped event because it is stale.
I/InputDispatcher(  356): Dropped event because it is stale.
I/InputDispatcher(  356): Dropped event because it is stale.
I/InputDispatcher(  356): Dropped event because it is stale.
I/InputDispatcher(  356): Dropped event because it is stale.
I/InputDispatcher(  356): Dropped event because it is stale.
I/InputDispatcher(  356): Dropped event because it is stale.
I/InputDispatcher(  356): Dropped event because it is stale.
I/InputDispatcher(  356): Dropped event because it is stale.
I/InputDispatcher(  356): Dropped event because it is stale.
I/InputDispatcher(  356): Dropped event because it is stale.
I/InputDispatcher(  356): Dropped event because it is stale.
I/InputDispatcher(  356): Dropped event because it is stale.
I/InputDispatcher(  356): Dropped event because it is stale.
I/InputDispatcher(  356): Dropped event because it is stale.
I/InputDispatcher(  356): Dropped event because it is stale.
I/InputDispatcher(  356): Dropped event because it is stale.
I/InputDispatcher(  356): Dropped event because it is stale.
I/InputDispatcher(  356): Dropped event because it is stale.
I/InputDispatcher(  356): Dropped event because it is stale.
I/InputDispatcher(  356): Dropped event because it is stale.
I/InputDispatcher(  356): Dropped event because it is stale.
I/InputDispatcher(  356): Dropped event because it is stale.
I/InputDispatcher(  356): Dropped event because it is stale.
I/InputDispatcher(  356): Dropped event because it is stale.
I/InputDispatcher(  356): Dropped event because it is stale.
I/InputDispatcher(  356): Dropped event because it is stale.
I/InputDispatcher(  356): Dropped event because it is stale.
I/InputDispatcher(  356): Dropped event because it is stale.
I/InputDispatcher(  356): Dropped event because it is stale.
I/InputDispatcher(  356): Dropped event because it is stale.
I/InputDispatcher(  356): Dropped event because it is stale.
I/InputDispatcher(  356): Dropped event because it is stale.
I/InputDispatcher(  356): Dropped event because it is stale.
I/InputDispatcher(  356): Dropped event because it is stale.
I/InputDispatcher(  356): Dropped event because it is stale.
I/InputDispatcher(  356): Dropped event because it is stale.
I/InputDispatcher(  356): Dropped event because it is stale.
I/InputDispatcher(  356): Dropped event because it is stale.
I/InputDispatcher(  356): Dropped event because it is stale.
I/InputDispatcher(  356): Dropped event because it is stale.
I/InputDispatcher(  356): Dropped event because it is stale.
I/InputDispatcher(  356): Dropped event because it is stale.
I/InputDispatcher(  356): Dropped event because it is stale.
I/InputDispatcher(  356): Dropped event because it is stale.
I/InputDispatcher(  356): Dropped event because it is stale.
I/InputDispatcher(  356): Dropped event because it is stale.
I/InputDispatcher(  356): Dropped event because it is stale.
I/InputDispatcher(  356): Dropped event because it is stale.
I/InputDispatcher(  356): Dropped event because it is stale.
I/InputDispatcher(  356): Dropped event because it is stale.
I/InputDispatcher(  356): Dropped event because it is stale.
I/InputDispatcher(  356): Dropped event because it is stale.
I/InputDispatcher(  356): Dropped event because it is stale.
I/InputDispatcher(  356): Dropped event because it is stale.
I/InputDispatcher(  356): Dropped event because it is stale.
I/InputDispatcher(  356): Dropped event because it is stale.
I/InputDispatcher(  356): Dropped event because it is stale.
I/InputDispatcher(  356): Dropped event because it is stale.
I/InputDispatcher(  356): Dropped event because it is stale.
I/InputDispatcher(  356): Dropped event because it is stale.
I/InputDispatcher(  356): Dropped event because it is stale.
I/InputDispatcher(  356): Dropped event because it is stale.
I/InputDispatcher(  356): Dropped event because it is stale.
I/InputDispatcher(  356): Dropped event because it is stale.
I/InputDispatcher(  356): Dropped event because it is stale.
I/InputDispatcher(  356): Dropped event because it is stale.
I/InputDispatcher(  356): Dropped event because it is stale.
I/InputDispatcher(  356): Dropped event because it is stale.
I/InputDispatcher(  356): Dropped event because it is stale.
I/InputDispatcher(  356): Dropped event because it is stale.
I/InputDispatcher(  356): Dropped event because it is stale.
D/MonkeyStub( 1256): Quit requested
D/dalvikvm( 1056): GC_CONCURRENT freed 310K, 11% free 3382K/3764K, paused 5ms+3ms, total 66ms
I/AndroidRuntime( 1256): VM exiting with result code 180.
I/Choreographer(  356): Skipped 33 frames!  The application may be doing too much work on its main thread.
D/dalvikvm(  356): GC_CONCURRENT freed 579K, 51% free 6302K/12692K, paused 14ms+11ms, total 184ms
--------- beginning of /dev/log/system
I/ActivityManager(  356): START u0 {flg=0x10000000 cmp=zzzzzz.xxxxxx.cccccc/.MAC} from pid 1056
I/ActivityManager(  356): START u0 {flg=0x10000000 cmp=zzzzzz.xxxxxx.cccccc/.MAC} from pid 1056
I/ActivityManager(  356): START u0 {flg=0x10000000 cmp=zzzzzz.xxxxxx.cccccc/.MAC} from pid 1056
W/ActivityManager(  356): Activity pause timeout for ActivityRecord{b2ef1a68 u0 zzzzzz.xxxxxx.cccccc/.MAC t4}
I/ActivityManager(  356): START u0 {flg=0x10000000 cmp=zzzzzz.xxxxxx.cccccc/.MAC} from pid 1056
I/ActivityManager(  356): START u0 {flg=0x10000000 cmp=zzzzzz.xxxxxx.cccccc/.MAC} from pid 1056
I/ActivityManager(  356): START u0 {flg=0x10000000 cmp=zzzzzz.xxxxxx.cccccc/.MAC} from pid 1056
I/ActivityManager(  356): START u0 {flg=0x10000000 cmp=zzzzzz.xxxxxx.cccccc/.MAC} from pid 1056
I/ActivityManager(  356): START u0 {flg=0x10000000 cmp=zzzzzz.xxxxxx.cccccc/.MAC} from pid 1056
I/ActivityManager(  356): START u0 {flg=0x10000000 cmp=zzzzzz.xxxxxx.cccccc/.MAC} from pid 1056
W/ActivityManager(  356): Activity pause timeout for ActivityRecord{b3456d08 u0 zzzzzz.xxxxxx.cccccc/.MAC t4}
I/ActivityManager(  356): START u0 {flg=0x10000000 cmp=zzzzzz.xxxxxx.cccccc/.MAC} from pid 1056
I/ActivityManager(  356): START u0 {flg=0x10000000 cmp=zzzzzz.xxxxxx.cccccc/.MAC} from pid 1056
I/ActivityManager(  356): START u0 {flg=0x10000000 cmp=zzzzzz.xxxxxx.cccccc/.MAC} from pid 1056
I/ActivityManager(  356): START u0 {flg=0x10000000 cmp=zzzzzz.xxxxxx.cccccc/.MAC} from pid 1056
