D/dalvikvm(  354): WAIT_FOR_CONCURRENT_GC blocked 38ms
D/dalvikvm(  354): GC_CONCURRENT freed 494K, 59% free 5247K/12704K, paused 5ms+5ms, total 76ms
D/dalvikvm(  354): WAIT_FOR_CONCURRENT_GC blocked 14ms
D/dalvikvm(  354): GC_CONCURRENT freed 180K, 56% free 5657K/12704K, paused 4ms+3ms, total 64ms
D/dalvikvm(  354): WAIT_FOR_CONCURRENT_GC blocked 25ms
I/PackageManager(  354): /system/app/LegacyCamera.apk changed; collecting certs
D/dalvikvm(  354): GC_CONCURRENT freed 416K, 53% free 5981K/12704K, paused 5ms+18ms, total 115ms
D/dalvikvm(  354): WAIT_FOR_CONCURRENT_GC blocked 7ms
D/dalvikvm(  354): GC_CONCURRENT freed 621K, 53% free 6070K/12704K, paused 7ms+9ms, total 50ms
D/dalvikvm(  354): WAIT_FOR_CONCURRENT_GC blocked 44ms
D/dalvikvm(  354): GC_CONCURRENT freed 1534K, 58% free 5371K/12704K, paused 4ms+15ms, total 100ms
D/dalvikvm(  354): GC_CONCURRENT freed 352K, 56% free 5645K/12704K, paused 4ms+5ms, total 88ms
I/PackageManager(  354): /system/app/LiveWallpapersPicker.apk changed; collecting certs
I/PackageManager(  354): /system/app/Music.apk changed; collecting certs
D/dalvikvm(  354): GC_CONCURRENT freed 557K, 55% free 5826K/12704K, paused 5ms+9ms, total 59ms
D/dalvikvm(  354): WAIT_FOR_CONCURRENT_GC blocked 30ms
I/PackageManager(  354): /system/app/NetSpeed.apk changed; collecting certs
I/PackageManager(  354): /system/app/OpenWnn.apk changed; collecting certs
D/dalvikvm(  354): GC_CONCURRENT freed 1373K, 59% free 5234K/12704K, paused 6ms+6ms, total 85ms
D/dalvikvm(  354): WAIT_FOR_CONCURRENT_GC blocked 24ms
D/dalvikvm(  354): GC_CONCURRENT freed 648K, 59% free 5259K/12704K, paused 15ms+7ms, total 109ms
D/dalvikvm(  354): GC_CONCURRENT freed 401K, 57% free 5496K/12704K, paused 14ms+3ms, total 100ms
D/dalvikvm(  354): WAIT_FOR_CONCURRENT_GC blocked 11ms
I/PackageManager(  354): /system/app/PacProcessor.apk changed; collecting certs
I/PackageManager(  354): /system/app/PackageInstaller.apk changed; collecting certs
I/PackageManager(  354): /system/app/PicoTts.apk changed; collecting certs
I/PackageManager(  354): /system/app/PinyinIME.apk changed; collecting certs
D/dalvikvm(  354): GC_CONCURRENT freed 583K, 56% free 5613K/12704K, paused 5ms+8ms, total 72ms
D/dalvikvm(  354): WAIT_FOR_CONCURRENT_GC blocked 27ms
I/PackageManager(  354): /system/app/PrintSpooler.apk changed; collecting certs
I/PackageManager(  354): /system/app/Protips.apk changed; collecting certs
I/PackageManager(  354): /system/app/QuickSearchBox.apk changed; collecting certs
D/dalvikvm(  354): GC_CONCURRENT freed 1222K, 60% free 5160K/12704K, paused 5ms+4ms, total 111ms
D/dalvikvm(  354): GC_CONCURRENT freed 580K, 60% free 5195K/12704K, paused 15ms+4ms, total 82ms
D/dalvikvm(  354): WAIT_FOR_CONCURRENT_GC blocked 22ms
I/PackageManager(  354): /system/app/SdkSetup.apk changed; collecting certs
I/PackageManager(  354): /system/app/SoundRecorder.apk changed; collecting certs
I/PackageManager(  354): /system/app/SpeechRecorder.apk changed; collecting certs
I/PackageManager(  354): /system/app/TelephonyProvider.apk changed; collecting certs
D/dalvikvm(  354): GC_CONCURRENT freed 504K, 58% free 5365K/12704K, paused 10ms+8ms, total 105ms
I/PackageManager(  354): /system/app/UserDictionaryProvider.apk changed; collecting certs
D/PackageManager(  354): No files in app dir /vendor/app
W/PackageParser(  354): No actions in intent filter at /data/app/ApiDemos.apk Binary XML file line #2899
W/PackageParser(  354): No actions in intent filter at /data/app/ApiDemos.apk Binary XML file line #2905
I/PackageManager(  354): /data/app/ApiDemos.apk changed; collecting certs
D/dalvikvm(  354): GC_CONCURRENT freed 689K, 58% free 5342K/12704K, paused 5ms+10ms, total 94ms
D/dalvikvm(  354): WAIT_FOR_CONCURRENT_GC blocked 10ms
D/dalvikvm(  354): GC_CONCURRENT freed 426K, 57% free 5576K/12704K, paused 5ms+4ms, total 68ms
D/dalvikvm(  354): WAIT_FOR_CONCURRENT_GC blocked 24ms
D/dalvikvm(  354): GC_CONCURRENT freed 479K, 55% free 5814K/12704K, paused 4ms+4ms, total 103ms
D/dalvikvm(  354): WAIT_FOR_CONCURRENT_GC blocked 13ms
D/dalvikvm(  354): GC_CONCURRENT freed 829K, 55% free 5764K/12704K, paused 5ms+3ms, total 60ms
D/dalvikvm(  354): WAIT_FOR_CONCURRENT_GC blocked 29ms
D/dalvikvm(  354): GC_CONCURRENT freed 750K, 55% free 5775K/12704K, paused 5ms+3ms, total 96ms
D/dalvikvm(  354): WAIT_FOR_CONCURRENT_GC blocked 15ms
D/dalvikvm(  354): GC_CONCURRENT freed 754K, 55% free 5785K/12704K, paused 4ms+3ms, total 75ms
D/dalvikvm(  354): WAIT_FOR_CONCURRENT_GC blocked 34ms
D/dalvikvm(  354): GC_CONCURRENT freed 764K, 55% free 5790K/12704K, paused 6ms+3ms, total 76ms
D/dalvikvm(  354): WAIT_FOR_CONCURRENT_GC blocked 31ms
D/dalvikvm(  354): GC_CONCURRENT freed 765K, 55% free 5794K/12704K, paused 5ms+4ms, total 76ms
D/dalvikvm(  354): WAIT_FOR_CONCURRENT_GC blocked 38ms
D/dalvikvm(  354): GC_CONCURRENT freed 1707K, 62% free 4861K/12704K, paused 5ms+3ms, total 75ms
D/dalvikvm(  354): WAIT_FOR_CONCURRENT_GC blocked 37ms
D/dalvikvm(  354): GC_CONCURRENT freed 536K, 62% free 4857K/12704K, paused 5ms+4ms, total 72ms
D/dalvikvm(  354): WAIT_FOR_CONCURRENT_GC blocked 29ms
W/PackageManager(  354): Package com.example.android.apis desires unavailable shared library com.example.will.never.exist; ignoring!
I/PackageManager(  354): /data/app/CubeLiveWallpapers.apk changed; collecting certs
D/dalvikvm(  354): GC_CONCURRENT freed 471K, 61% free 4958K/12704K, paused 4ms+11ms, total 85ms
D/dalvikvm(  354): WAIT_FOR_CONCURRENT_GC blocked 8ms
I/PackageManager(  354): /data/app/GestureBuilder.apk changed; collecting certs
I/PackageManager(  354): /data/app/SmokeTest.apk changed; collecting certs
D/dalvikvm(  354): GC_CONCURRENT freed 1145K, 66% free 4378K/12704K, paused 16ms+17ms, total 112ms
D/dalvikvm(  354): WAIT_FOR_CONCURRENT_GC blocked 25ms
I/PackageManager(  354): /data/app/SmokeTestApp.apk changed; collecting certs
I/PackageManager(  354): /data/app/SoftKeyboard.apk changed; collecting certs
D/dalvikvm(  354): GC_CONCURRENT freed 514K, 66% free 4369K/12704K, paused 5ms+3ms, total 65ms
D/dalvikvm(  354): WAIT_FOR_CONCURRENT_GC blocked 28ms
I/PackageManager(  354): /data/app/WidgetPreview.apk changed; collecting certs
W/PackageManager(  354): Package com.example.android.apis desires unavailable shared library com.example.will.never.exist; ignoring!
W/PackageManager(  354): Package com.android.camera desires unavailable shared library com.google.android.media.effects; ignoring!
I/PackageManager(  354): Time to scan packages: 22.714 seconds
W/PackageManager(  354): Not granting permission android.permission.GLOBAL_SEARCH to package com.android.quicksearchbox (protectionLevel=18 flags=0x8be45)
D/dalvikvm(  354): GC_CONCURRENT freed 466K, 66% free 4372K/12704K, paused 15ms+26ms, total 103ms
W/PackageManager(  354): Unknown permission com.android.smspush.WAPPUSH_MANAGER_BIND in package com.android.phone
W/PackageManager(  354): Unknown permission com.google.android.googleapps.permission.GOOGLE_AUTH in package com.android.providers.calendar
W/PackageManager(  354): Unknown permission com.google.android.googleapps.permission.GOOGLE_AUTH.cl in package com.android.providers.calendar
W/PackageManager(  354): Unknown permission com.google.android.googleapps.permission.GOOGLE_AUTH.mail in package com.android.calendar
W/PackageManager(  354): Not granting permission android.permission.ACCESS_DOWNLOAD_MANAGER to package com.android.browser (protectionLevel=18 flags=0x9be45)
W/PackageManager(  354): Not granting permission android.permission.SEND_DOWNLOAD_COMPLETED_INTENTS to package com.android.browser (protectionLevel=2 flags=0x9be45)
W/PackageManager(  354): Not granting permission android.permission.BIND_APPWIDGET to package com.android.widgetpreview (protectionLevel=18 flags=0x8be44)
W/PackageManager(  354): Unknown permission android.permission.INSTALL_DRM in package com.android.mms
W/PackageManager(  354): Unknown permission com.google.android.googleapps.permission.GOOGLE_AUTH in package com.android.settings
W/PackageManager(  354): Unknown permission com.google.android.googleapps.permission.ACCESS_GOOGLE_PASSWORD in package com.android.development
W/PackageManager(  354): Unknown permission com.google.android.googleapps.permission.GOOGLE_AUTH in package com.android.development
W/PackageManager(  354): Unknown permission com.google.android.googleapps.permission.GOOGLE_AUTH.ALL_SERVICES in package com.android.development
W/PackageManager(  354): Unknown permission com.google.android.googleapps.permission.GOOGLE_AUTH.YouTubeUser in package com.android.development
W/PackageManager(  354): Not granting permission android.permission.DELETE_PACKAGES to package com.svox.pico (protectionLevel=18 flags=0x8be45)
W/PackageManager(  354): Not granting permission android.permission.DEVICE_POWER to package com.android.deskclock (protectionLevel=2 flags=0x48be45)
D/dalvikvm(  354): GC_EXPLICIT freed 362K, 67% free 4307K/12704K, paused 4ms+3ms, total 50ms
I/SystemServer(  354): Entropy Mixer
W/EntropyMixer(  354): No existing entropy file -- first boot?
I/EntropyMixer(  354): Writing entropy...
I/SystemServer(  354): User Service
I/SystemServer(  354): Account Manager
I/SystemServer(  354): Content Manager
I/SystemServer(  354): System Content Providers
I/SyncManager(  354): No initial accounts
I/SyncManager(  354): No initial status
W/SyncManagerFile(  354): Error reading pending data.
W/SyncManagerFile(  354): java.io.FileNotFoundException: /data/system/sync/pending.xml: open failed: ENOENT (No such file or directory)
W/SyncManagerFile(  354): 	at libcore.io.IoBridge.open(IoBridge.java:409)
W/SyncManagerFile(  354): 	at java.io.FileInputStream.<init>(FileInputStream.java:78)
W/SyncManagerFile(  354): 	at android.util.AtomicFile.openRead(AtomicFile.java:199)
W/SyncManagerFile(  354): 	at com.android.server.content.SyncStorageEngine.readPendingOperationsLocked(SyncStorageEngine.java:2286)
W/SyncManagerFile(  354): 	at com.android.server.content.SyncStorageEngine.<init>(SyncStorageEngine.java:434)
W/SyncManagerFile(  354): 	at com.android.server.content.SyncStorageEngine.init(SyncStorageEngine.java:454)
W/SyncManagerFile(  354): 	at com.android.server.content.SyncManager.<init>(SyncManager.java:383)
W/SyncManagerFile(  354): 	at com.android.server.content.ContentService.getSyncManager(ContentService.java:75)
W/SyncManagerFile(  354): 	at com.android.server.content.ContentService.notifyChange(ContentService.java:283)
W/SyncManagerFile(  354): 	at android.content.ContentResolver.notifyChange(ContentResolver.java:1621)
W/SyncManagerFile(  354): 	at com.android.providers.settings.SettingsProvider.sendNotify(SettingsProvider.java:262)
W/SyncManagerFile(  354): 	at com.android.providers.settings.SettingsProvider.insertForUser(SettingsProvider.java:941)
W/SyncManagerFile(  354): 	at com.android.providers.settings.SettingsProvider.ensureAndroidIdIsSet(SettingsProvider.java:496)
W/SyncManagerFile(  354): 	at com.android.providers.settings.SettingsProvider.establishDbTracking(SettingsProvider.java:409)
W/SyncManagerFile(  354): 	at com.android.providers.settings.SettingsProvider.onCreate(SettingsProvider.java:335)
W/SyncManagerFile(  354): 	at android.content.ContentProvider.attachInfo(ContentProvider.java:1591)
W/SyncManagerFile(  354): 	at android.content.ContentProvider.attachInfo(ContentProvider.java:1562)
W/SyncManagerFile(  354): 	at android.app.ActivityThread.installProvider(ActivityThread.java:4774)
W/SyncManagerFile(  354): 	at android.app.ActivityThread.installContentProviders(ActivityThread.java:4369)
W/SyncManagerFile(  354): 	at android.app.ActivityThread.installSystemProviders(ActivityThread.java:4929)
W/SyncManagerFile(  354): 	at com.android.server.am.ActivityManagerService.installSystemProviders(ActivityManagerService.java:8081)
W/SyncManagerFile(  354): 	at com.android.server.ServerThread.initAndLoop(SystemServer.java:275)
W/SyncManagerFile(  354): 	at com.android.server.SystemServer.main(SystemServer.java:1179)
W/SyncManagerFile(  354): 	at java.lang.reflect.Method.invokeNative(Native Method)
W/SyncManagerFile(  354): 	at java.lang.reflect.Method.invoke(Method.java:515)
W/SyncManagerFile(  354): 	at com.android.internal.os.ZygoteInit$MethodAndArgsCaller.run(ZygoteInit.java:785)
W/SyncManagerFile(  354): 	at com.android.internal.os.ZygoteInit.main(ZygoteInit.java:601)
W/SyncManagerFile(  354): 	at dalvik.system.NativeStart.main(Native Method)
W/SyncManagerFile(  354): Caused by: libcore.io.ErrnoException: open failed: ENOENT (No such file or directory)
W/SyncManagerFile(  354): 	at libcore.io.Posix.open(Native Method)
W/SyncManagerFile(  354): 	at libcore.io.BlockGuardOs.open(BlockGuardOs.java:110)
W/SyncManagerFile(  354): 	at libcore.io.IoBridge.open(IoBridge.java:393)
W/SyncManagerFile(  354): 	... 27 more
I/SyncManager(  354): No initial statistics
D/SettingsProvider(  354): Generated and saved new ANDROID_ID [4662ba0aff006c0f] for user 0
I/SystemServer(  354): Lights Service
I/SystemServer(  354): Battery Service
E/ConsumerIrService(  354): Can't open consumer IR HW Module, error: -2
I/SystemServer(  354): Vibrator Service
I/SystemServer(  354): Consumer IR Service
W/libsuspend(  354): Error writing 'on' to /sys/power/state: Invalid argument
E/libsuspend(  354): Error opening /sys/power/autosleep: No such file or directory
I/libsuspend(  354): Selected wakeup count
D/PermissionCache(   58): checking android.permission.ACCESS_SURFACE_FLINGER for uid=1000 => granted (2268 us)
D/SurfaceFlinger(   58): Screen acquired, type=0 flinger=0xb8d46450
D/SurfaceFlinger(   58):  screen was previously acquired
I/SystemServer(  354): Alarm Manager
I/SystemServer(  354): Init Watchdog
I/SystemServer(  354): Input Manager
I/InputManager(  354): Initializing input manager, mUseDevInputEventForAudioJack=false
I/SystemServer(  354): Window Manager
I/WindowManager(  354): No existing display settings /data/system/display_settings.xml; starting empty
D/dalvikvm(  354): GC_CONCURRENT freed 286K, 65% free 4539K/12704K, paused 5ms+4ms, total 142ms
I/WindowManager(  354): No keyguard interface!
I/InputManager(  354): Starting input manager
E/EventHub(  354): could not get driver version for /dev/input/mouse0, Not a typewriter
I/SystemServer(  354): No Bluetooh Service (emulator)
I/SystemServer(  354): Input Method Service
W/EventHub(  354): Unable to disable kernel key repeat for /dev/input/event0: Function not implemented
I/EventHub(  354): New device: id=1, fd=93, path='/dev/input/event0', name='qwerty2', classes=0x2d, configuration='/system/usr/idc/qwerty2.idc', keyLayout='/system/usr/keylayout/qwerty.kl', keyCharacterMap='/system/usr/keychars/qwerty2.kcm', builtinKeyboard=true, usingSuspendBlockIoctl=true, usingClockIoctl=true
E/EventHub(  354): could not get driver version for /dev/input/mice, Not a typewriter
I/InputReader(  354): Device added: id=-1, name='Virtual', sources=0x00000301
I/InputReader(  354):   Touch device 'qwerty2' could not query the properties of its associated display.  The device will be inoperable until the display size becomes available.
I/InputReader(  354): Device added: id=0, name='qwerty2', sources=0x00011307
W/InputMethodManagerService(  354): No IME selected. Choose the most applicable IME.
I/InputMethodManagerService(  354): No default found, using com.android.inputmethod.latin/.LatinIME
I/SystemServer(  354): Accessibility Manager
I/InputReader(  354): Reconfiguring input devices.  changes=0x00000004
I/InputReader(  354): Device reconfigured: id=0, name='qwerty2', size 480x864, orientation 0, mode 1, display id 0
I/ActivityManager(  354): Config changes=1df8 {1.0 ?mcc?mnc en_US ldltr sw480dp w480dp h864dp 160dpi lrg long port ?uimode ?night -touch -keyb/h/h tball/v s.2}
I/ActivityManager(  354): Config changes=408 {1.0 ?mcc?mnc en_US ldltr sw480dp w480dp h839dp 160dpi lrg long port ?uimode ?night finger -keyb/h/h tball/v s.3}
I/SystemServer(  354): Mount Service
D/MountService(  354): got storage path: /storage/sdcard description: USB storage primary: true removable: false emulated: false mtpReserve: 0 allowMassStorage: false maxFileSize: 0
D/MountService(  354): addVolumeLocked() StorageVolume:
D/MountService(  354):     mStorageId=0 mPath=/storage/sdcard mDescriptionId=17040665 mPrimary=true 
D/MountService(  354):     mRemovable=false mEmulated=false mMtpReserveSpace=0 
D/MountService(  354):     mAllowMassStorage=false mMaxFileSize=0 mOwner=null mUuid=null 
D/MountService(  354):     mUserLabel=null mState=null 
I/SystemServer(  354): LockSettingsService
I/SystemServer(  354): Device Policy
I/SystemServer(  354): Status Bar
I/SystemServer(  354): Clipboard Service
I/SystemServer(  354): NetworkManagement Service
I/SystemServer(  354): Text Service Manager Service
W/MountService(  354): Duplicate state transition (unmounted -> unmounted) for /storage/sdcard
W/MountService(  354): getSecureContainerList() called when storage not mounted
I/PackageManager(  354): No secure containers on sdcard
I/SystemServer(  354): NetworkStats Service
I/SystemServer(  354): NetworkPolicy Service
I/SystemServer(  354): Wi-Fi P2pService
W/PackageManager(  354): Not granting permission android.permission.GLOBAL_SEARCH to package com.android.quicksearchbox (protectionLevel=18 flags=0x8be45)
W/PackageManager(  354): Unknown permission com.android.smspush.WAPPUSH_MANAGER_BIND in package com.android.phone
W/PackageManager(  354): Unknown permission com.google.android.googleapps.permission.GOOGLE_AUTH in package com.android.providers.calendar
W/PackageManager(  354): Unknown permission com.google.android.googleapps.permission.GOOGLE_AUTH.cl in package com.android.providers.calendar
W/PackageManager(  354): Unknown permission com.google.android.googleapps.permission.GOOGLE_AUTH.mail in package com.android.calendar
W/PackageManager(  354): Not granting permission android.permission.ACCESS_DOWNLOAD_MANAGER to package com.android.browser (protectionLevel=18 flags=0x9be45)
W/PackageManager(  354): Not granting permission android.permission.SEND_DOWNLOAD_COMPLETED_INTENTS to package com.android.browser (protectionLevel=2 flags=0x9be45)
W/PackageManager(  354): Not granting permission android.permission.BIND_APPWIDGET to package com.android.widgetpreview (protectionLevel=18 flags=0x8be44)
W/PackageManager(  354): Unknown permission android.permission.INSTALL_DRM in package com.android.mms
W/PackageManager(  354): Unknown permission com.google.android.googleapps.permission.GOOGLE_AUTH in package com.android.settings
W/PackageManager(  354): Unknown permission com.google.android.googleapps.permission.ACCESS_GOOGLE_PASSWORD in package com.android.development
W/PackageManager(  354): Unknown permission com.google.android.googleapps.permission.GOOGLE_AUTH in package com.android.development
W/PackageManager(  354): Unknown permission com.google.android.googleapps.permission.GOOGLE_AUTH.ALL_SERVICES in package com.android.development
W/PackageManager(  354): Unknown permission com.google.android.googleapps.permission.GOOGLE_AUTH.YouTubeUser in package com.android.development
W/PackageManager(  354): Not granting permission android.permission.DELETE_PACKAGES to package com.svox.pico (protectionLevel=18 flags=0x8be45)
W/PackageManager(  354): Not granting permission android.permission.DEVICE_POWER to package com.android.deskclock (protectionLevel=2 flags=0x48be45)
D/dalvikvm(  354): GC_CONCURRENT freed 318K, 64% free 4663K/12704K, paused 4ms+5ms, total 75ms
I/SystemServer(  354): Wi-Fi Service
D/WifiController(  354): isAirplaneModeOn = false, isWifiEnabled = false, isScanningAvailable = false
I/SystemServer(  354): Connectivity Service
D/ConnectivityService(  354): ConnectivityService starting up
D/ConnectivityService(  354): wifiOnly=false
E/MobileDataStateTracker(  354): default: Ignoring feature request because could not acquire PhoneService
E/MobileDataStateTracker(  354): default: Could not enable APN type "default"
I/WifiService(  354): WifiService starting up with Wi-Fi disabled
I/SystemServer(  354): Network Service Discovery Service
D/NsdService(  354): Network service discovery enabled true
I/SystemServer(  354): UpdateLock Service
I/SystemServer(  354): Notification Manager
I/SystemServer(  354): Device Storage Monitor
I/SystemServer(  354): Location Manager
I/SystemServer(  354): Country Detector
I/SystemServer(  354): Search Service
I/SystemServer(  354): DropBox Service
I/SystemServer(  354): Wallpaper Service
W/WallpaperService(  354): no current wallpaper -- first boot?
I/SystemServer(  354): Audio Service
D/dalvikvm(  354): GC_CONCURRENT freed 262K, 62% free 4853K/12704K, paused 28ms+4ms, total 135ms
I/SystemServer(  354): Dock Observer
W/DockObserver(  354): This kernel does not have dock station support
I/SystemServer(  354): Wired Accessory Manager
W/WiredAccessoryManager(  354): This kernel does not have wired headset support
W/WiredAccessoryManager(  354): This kernel does not have usb audio support
W/WiredAccessoryManager(  354): This kernel does not have HDMI audio support
I/SystemServer(  354): USB Service
I/SystemServer(  354): Serial Service
I/SystemServer(  354): Twilight Service
I/SystemServer(  354): UI Mode Manager Service
I/SystemServer(  354): Backup Service
V/BackupManagerService(  354): Initializing package tracking
V/BackupManagerService(  354): No ancestral data
V/BackupManagerService(  354): addPackageParticipantsLocked: all
I/BackupManagerService(  354): Scheduling backup for new app com.android.calendar
D/BackupManagerService(  354): Now staging backup of com.android.calendar
I/BackupManagerService(  354): Scheduling backup for new app com.android.browser
D/BackupManagerService(  354): Now staging backup of com.android.browser
I/BackupManagerService(  354): Scheduling backup for new app com.android.providers.userdictionary
D/BackupManagerService(  354): Now staging backup of com.android.providers.userdictionary
I/BackupManagerService(  354): Scheduling backup for new app com.android.sharedstoragebackup
D/BackupManagerService(  354): Now staging backup of com.android.sharedstoragebackup
I/BackupManagerService(  354): Scheduling backup for new app android
D/BackupManagerService(  354): Now staging backup of android
I/BackupManagerService(  354): Scheduling backup for new app com.android.dialer
D/BackupManagerService(  354): Now staging backup of com.android.dialer
I/BackupManagerService(  354): Scheduling backup for new app com.android.providers.settings
D/BackupManagerService(  354): Now staging backup of com.android.providers.settings
V/BackupManagerService(  354): Starting with transport android/com.android.internal.backup.LocalTransport
V/BackupManagerService(  354): Found transports: 1
I/BackupManagerService(  354): Binding to transport host ComponentInfo{android/com.android.internal.backup.LocalTransportService}
I/BackupManagerService(  354): Backup enabled => true
I/SystemServer(  354): AppWidget Service
I/SystemServer(  354): Recognition Service
I/SystemServer(  354): DiskStats Service
I/SystemServer(  354): SamplingProfiler Service
I/SystemServer(  354): NetworkTimeUpdateService
I/SystemServer(  354): CommonTimeManagementService
I/SystemServer(  354): CertBlacklister
I/SystemServer(  354): Dreams Service
I/SystemServer(  354): Assets Atlas Service
I/SystemServer(  354): IdleMaintenanceService
I/SystemServer(  354): Print Service
I/SystemServer(  354): Media Router Service
D/Atlas   (  354): Computing best atlas configuration...
D/Atlas   (  354): Running Thread-49
I/WindowManager(  354): SAFE MODE not enabled
D/Atlas   (  354): Found best atlas configuration in 0.08s
D/Atlas   (  354): Loaded configuration: SliceMinArea (768x768) flags=0x2 count=24
E/SQLiteLog(  354): (1) no such table: locksettings
D/gralloc_goldfish(  354): Emulator without GPU emulation detected.
I/LockSettingsService(  354): Migrated lock settings to new location
I/LockSettingsService(  354): Migrated per-user lock settings to new location
W/AssetAtlasService(  354): Could not find EGL configuration
D/Atlas   (  354): Rendered atlas in 41.21ms (36.16+5.04ms)
I/Zygote  (  354): Process: zygote socket opened
V/KeyguardServiceDelegate(  354): *** Keyguard started
V/KeyguardServiceDelegate(  354): onSystemReady() called before keyguard service was ready
I/ActivityManager(  354): Start proc com.android.systemui for service com.android.keyguard/.KeyguardService: pid=448 uid=10007 gids={50007, 1028, 1015, 1035, 3002, 3001}
F/SystemServer(  354): BOOT FAILURE making Package Manager Service ready
F/SystemServer(  354): java.lang.SecurityException: Unable to find app for caller android.app.ActivityThread$ApplicationThread@b3574f98 (pid=354) when registering receiver android.app.LoadedApk$ReceiverDispatcher$InnerReceiver@b333e560
F/SystemServer(  354): 	at com.android.server.am.ActivityManagerService.registerReceiver(ActivityManagerService.java:13021)
F/SystemServer(  354): 	at android.app.ContextImpl.registerReceiverInternal(ContextImpl.java:1450)
F/SystemServer(  354): 	at android.app.ContextImpl.registerReceiverAsUser(ContextImpl.java:1425)
F/SystemServer(  354): 	at com.android.internal.content.PackageMonitor.register(PackageMonitor.java:84)
F/SystemServer(  354): 	at com.android.server.pm.UserManagerService.systemReady(UserManagerService.java:237)
F/SystemServer(  354): 	at com.android.server.pm.PackageManagerService.systemReady(PackageManagerService.java:10476)
F/SystemServer(  354): 	at com.android.server.ServerThread.initAndLoop(SystemServer.java:893)
F/SystemServer(  354): 	at com.android.server.SystemServer.main(SystemServer.java:1179)
F/SystemServer(  354): 	at java.lang.reflect.Method.invokeNative(Native Method)
F/SystemServer(  354): 	at java.lang.reflect.Method.invoke(Method.java:515)
F/SystemServer(  354): 	at com.android.internal.os.ZygoteInit$MethodAndArgsCaller.run(ZygoteInit.java:785)
F/SystemServer(  354): 	at com.android.internal.os.ZygoteInit.main(ZygoteInit.java:601)
F/SystemServer(  354): 	at dalvik.system.NativeStart.main(Native Method)
W/SystemServer(  354): ***********************************************
D/dalvikvm(  354): GC_CONCURRENT freed 329K, 61% free 5063K/12704K, paused 5ms+81ms, total 195ms
D/dalvikvm(  354): WAIT_FOR_CONCURRENT_GC blocked 19ms
I/ActivityManager(  354): Sending system update to ComponentInfo{com.android.providers.calendar/com.android.providers.calendar.CalendarUpgradeReceiver} for user 0
I/ActivityManager(  354): Sending system update to ComponentInfo{com.android.providers.contacts/com.android.providers.contacts.ContactsUpgradeReceiver} for user 0
I/ActivityManager(  354): Sending system update to ComponentInfo{com.android.providers.media/com.android.providers.media.MediaUpgradeReceiver} for user 0
I/SystemServer(  354): Enabled StrictMode for system server main thread.
I/ActivityManager(  354): Start proc com.android.providers.calendar for broadcast com.android.providers.calendar/.CalendarUpgradeReceiver: pid=459 uid=10001 gids={50001, 3003, 1028, 1015}
I/Choreographer(  354): Skipped 51 frames!  The application may be doing too much work on its main thread.
W/InputMethodManagerService(  354): Focus gain on non-focused client android.view.inputmethod.InputMethodManager$1@b308b490 (uid=1000 pid=354)
V/BackupManagerService(  354): Connected to transport ComponentInfo{android/com.android.internal.backup.LocalTransportService}
V/BackupManagerService(  354): Registering transport android/com.android.internal.backup.LocalTransportService::android/com.android.internal.backup.LocalTransport = com.android.internal.backup.LocalTransport@b33260e8
I/ActivityManager(  354): Launching preboot mode app: ProcessRecord{b31c41f8 459:com.android.providers.calendar/u0a1}
E/SoundPool(  448): error loading /system/media/audio/ui/Lock.ogg
W/KeyguardViewMediator(  448): failed to load lock sound from /system/media/audio/ui/Lock.ogg
E/SoundPool(  448): error loading /system/media/audio/ui/Unlock.ogg
W/KeyguardViewMediator(  448): failed to load unlock sound from /system/media/audio/ui/Unlock.ogg
V/KeyguardService(  448): onCreate()
V/KeyguardServiceDelegate(  354): *** Keyguard connected (yay!)
V/KeyguardServiceDelegate(  354): **** SHOWN CALLED ****
I/ActivityManager(  354): Start proc android.process.acore for broadcast com.android.providers.contacts/.ContactsUpgradeReceiver: pid=481 uid=10002 gids={50002, 3003, 1028, 1015}
I/ActivityManager(  354): Launching preboot mode app: ProcessRecord{b31c8648 481:android.process.acore/u0a2}
I/ContactsUpgradeReceiver(  481): Creating or opening contacts database
D/dalvikvm(  481): GC_CONCURRENT freed 364K, 14% free 2807K/3236K, paused 5ms+2ms, total 65ms
I/ContactsDatabaseHelper(  481): Bootstrapping database version: 803
D/dalvikvm(  481): GC_CONCURRENT freed 329K, 13% free 2871K/3264K, paused 4ms+2ms, total 29ms
I/ContactsProviderV1(  481): Bootstrapping database legacy support
I/ContactsDatabaseHelper(  481): Bootstrapping database version: 803
D/dalvikvm(  481): GC_CONCURRENT freed 334K, 12% free 2930K/3328K, paused 4ms+3ms, total 30ms
I/ContactsProviderV1(  481): Bootstrapping database legacy support
I/ContactsProvider(  481): Locale has changed from null to en_US
I/ContactsDatabaseHelper(  481): Switching to locale en_US (ICU v51.1.0.1)
D/dalvikvm(  481): GC_CONCURRENT freed 352K, 13% free 3012K/3428K, paused 13ms+1ms, total 40ms
I/ContactsDatabaseHelper(  481): Locale change completed in 431ms
I/ContactsDatabaseHelper(  481): Switching to locale en_US (ICU v51.1.0.1)
D/dalvikvm(  481): GC_CONCURRENT freed 362K, 13% free 3049K/3480K, paused 14ms+2ms, total 42ms
I/ContactsDatabaseHelper(  481): Locale change completed in 437ms
I/ActivityManager(  354): Start proc android.process.media for broadcast com.android.providers.media/.MediaUpgradeReceiver: pid=497 uid=10005 gids={50005, 1028, 1015, 1023, 1024, 2001, 3003, 3007}
D/dalvikvm(  354): GC_CONCURRENT freed 487K, 60% free 5158K/12704K, paused 8ms+17ms, total 103ms
I/ActivityManager(  354): Launching preboot mode app: ProcessRecord{b31f0d38 497:android.process.media/u0a5}
I/ActivityManager(  354): Writing new set of last done pre-boot receivers...
I/ActivityManager(  354): Removing system update proc: ProcessRecord{b31c41f8 459:com.android.providers.calendar/u0a1}
I/ActivityManager(  354): Killing 459:com.android.providers.calendar/u0a1 (adj 13): system update done
I/ActivityManager(  354): Removing system update proc: ProcessRecord{b31c8648 481:android.process.acore/u0a2}
I/ActivityManager(  354): Killing 481:android.process.acore/u0a2 (adj 11): system update done
I/ActivityManager(  354): Removing system update proc: ProcessRecord{b31f0d38 497:android.process.media/u0a5}
I/ActivityManager(  354): Killing 497:android.process.media/u0a5 (adj 9): system update done
I/ActivityManager(  354): System now ready
W/ActivityManager(  354): Can't find mystery application for StrictMode from pid=497 uid=10005: android.os.BinderProxy@b3652810
I/SystemServer(  354): Making services ready
D/NetworkManagementService(  354): enabling bandwidth control
W/ProcessCpuTracker(  354): Skipping unknown process pid 459
I/Vold    (   53): /dev/block/vold/179:0 being considered for volume sdcard
D/Vold    (   53): Volume sdcard state changing 1 (Idle-Unmounted) -> 3 (Checking)
D/MountService(  354): volume state changed for /storage/sdcard (unmounted -> checking)
D/MountService(  354): sendStorageIntent Intent { act=android.intent.action.MEDIA_CHECKING dat=file:///storage/sdcard (has extras) } to UserHandle{-1}
D/SystemUIService(  448): loading: class com.android.systemui.recent.Recents
D/SystemUIService(  448): running: com.android.systemui.recent.Recents@b2d1b010
D/SystemUIService(  448): loading: class com.android.systemui.statusbar.SystemBars
D/SystemUIService(  448): running: com.android.systemui.statusbar.SystemBars@b2d1b5f8
D/SystemUIService(  448): loading: class com.android.systemui.usb.StorageNotification
D/SystemUIService(  448): running: com.android.systemui.usb.StorageNotification@b2d1d348
D/SystemUIService(  448): loading: class com.android.systemui.power.PowerUI
D/SystemUIService(  448): running: com.android.systemui.power.PowerUI@b2d1e9a8
I/fsck_msdos(   53): ** /dev/block/vold/179:0
I/fsck_msdos(   53): Invalid signature in fsinfo block
I/fsck_msdos(   53): FIXED
I/fsck_msdos(   53): ** Phase 1 - Read and Compare FATs
I/fsck_msdos(   53): Attempting to allocate 794 KB for FAT
D/SystemUIService(  448): loading: class com.android.systemui.media.RingtonePlayer
D/SystemUIService(  448): running: com.android.systemui.media.RingtonePlayer@b2d1f9e0
D/SystemUIService(  448): loading: class com.android.systemui.settings.SettingsUI
D/SystemUIService(  448): running: com.android.systemui.settings.SettingsUI@b2d20cc8
D/PhoneStatusBar(  448): mSettingsPanelGravity = 55
I/StatusBarManagerService(  354): registerStatusBar bar=com.android.internal.statusbar.IStatusBar$Stub$Proxy@b32438a0
I/fsck_msdos(   53): Attempting to allocate 794 KB for FAT
D/dalvikvm(  448): GC_CONCURRENT freed 282K, 11% free 2829K/3176K, paused 4ms+51ms, total 222ms
I/fsck_msdos(   53): ** Phase 2 - Check Cluster Chains
I/fsck_msdos(   53): ** Phase 3 - Checking Directories
I/fsck_msdos(   53): ** Phase 4 - Checking for Lost Files
I/fsck_msdos(   53): Free space in FSInfo block (201592) not correct (201591)
I/fsck_msdos(   53): FIXED
I/fsck_msdos(   53): 1 files, 100795 free (201591 clusters)
I/Vold    (   53): Filesystem check completed OK
W/Vold    (   53): blkid failed to identify /dev/block/vold/179:0
D/Vold    (   53): Volume sdcard state changing 3 (Checking) -> 4 (Mounted)
I/PackageManager(  354): Updating external media status from unmounted to mounted
D/MountService(  354): volume state changed for /storage/sdcard (checking -> mounted)
I/PackageManager(  354): No secure containers on sdcard
D/dalvikvm(  448): GC_FOR_ALLOC freed 37K, 8% free 2946K/3176K, paused 166ms, total 168ms
E/VoldConnector(  354): NDC Command {3 volume mount /storage/sdcard} took too long (1046ms)
D/MountService(  354): sendStorageIntent Intent { act=android.intent.action.MEDIA_MOUNTED dat=file:///storage/sdcard (has extras) } to UserHandle{-1}
W/PackageManager(  354): Not granting permission android.permission.GLOBAL_SEARCH to package com.android.quicksearchbox (protectionLevel=18 flags=0x88be45)
W/PackageManager(  354): Unknown permission com.android.smspush.WAPPUSH_MANAGER_BIND in package com.android.phone
W/PackageManager(  354): Unknown permission com.google.android.googleapps.permission.GOOGLE_AUTH in package com.android.providers.calendar
W/PackageManager(  354): Unknown permission com.google.android.googleapps.permission.GOOGLE_AUTH.cl in package com.android.providers.calendar
W/PackageManager(  354): Unknown permission com.google.android.googleapps.permission.GOOGLE_AUTH.mail in package com.android.calendar
W/PackageManager(  354): Not granting permission android.permission.ACCESS_DOWNLOAD_MANAGER to package com.android.browser (protectionLevel=18 flags=0x89be45)
W/PackageManager(  354): Not granting permission android.permission.SEND_DOWNLOAD_COMPLETED_INTENTS to package com.android.browser (protectionLevel=2 flags=0x89be45)
W/PackageManager(  354): Not granting permission android.permission.BIND_APPWIDGET to package com.android.widgetpreview (protectionLevel=18 flags=0x8be44)
W/PackageManager(  354): Unknown permission android.permission.INSTALL_DRM in package com.android.mms
W/PackageManager(  354): Unknown permission com.google.android.googleapps.permission.GOOGLE_AUTH in package com.android.settings
W/PackageManager(  354): Unknown permission com.google.android.googleapps.permission.ACCESS_GOOGLE_PASSWORD in package com.android.development
W/PackageManager(  354): Unknown permission com.google.android.googleapps.permission.GOOGLE_AUTH in package com.android.development
W/PackageManager(  354): Unknown permission com.google.android.googleapps.permission.GOOGLE_AUTH.ALL_SERVICES in package com.android.development
W/PackageManager(  354): Unknown permission com.google.android.googleapps.permission.GOOGLE_AUTH.YouTubeUser in package com.android.development
W/PackageManager(  354): Not granting permission android.permission.DELETE_PACKAGES to package com.svox.pico (protectionLevel=18 flags=0x88be45)
W/PackageManager(  354): Not granting permission android.permission.DEVICE_POWER to package com.android.deskclock (protectionLevel=2 flags=0xc8be45)
D/dalvikvm(  354): GC_CONCURRENT freed 525K, 60% free 5127K/12704K, paused 16ms+5ms, total 153ms
E/BluetoothAdapter(  448): Bluetooth binder is null
E/BluetoothAdapter(  448): Bluetooth binder is null
D/dalvikvm(  448): GC_CONCURRENT freed 56K, 5% free 3301K/3452K, paused 33ms+1ms, total 81ms
E/BluetoothAdapter(  448): Bluetooth binder is null
E/BluetoothAdapter(  448): Bluetooth binder is null
I/ActivityManager(  354): Start proc android.process.acore for content provider com.android.providers.contacts/.ContactsProvider2: pid=550 uid=10002 gids={50002, 3003, 1028, 1015}
E/NetdConnector(  354): NDC Command {1 bandwidth enable} took too long (3163ms)
D/PhoneStatusBar(  448): disable: < expand icons alerts ticker system_info back home recent clock search >
E/BluetoothAdapter(  448): Bluetooth binder is null
D/PhoneStatusBar(  448): heads up is disabled
I/Choreographer(  448): Skipped 487 frames!  The application may be doing too much work on its main thread.
D/dalvikvm(  448): GC_CONCURRENT freed 138K, 6% free 3549K/3752K, paused 3ms+3ms, total 89ms
I/Choreographer(  448): Skipped 263 frames!  The application may be doing too much work on its main thread.
D/gralloc_goldfish(  448): Emulator without GPU emulation detected.
I/Choreographer(  448): Skipped 41 frames!  The application may be doing too much work on its main thread.
D/dalvikvm(  550): GC_CONCURRENT freed 257K, 10% free 2948K/3268K, paused 43ms+297ms, total 507ms
E/NetdConnector(  354): NDC Command {5 firewall disable} took too long (625ms)
I/ActivityManager(  354): Config changes=200 {1.0 ?mcc?mnc en_US ldltr sw480dp w480dp h839dp 160dpi lrg long port finger -keyb/h/h tball/v s.4}
W/RecognitionManagerService(  354): no available voice recognition services found for user 0
D/PhoneStatusBar(  448): mSettingsPanelGravity = 55
W/AppWidgetServiceImpl(  354): Failed to read state: java.io.FileNotFoundException: /data/system/users/0/appwidgets.xml: open failed: ENOENT (No such file or directory)
W/InputMethodManagerService(  354): Ignoring setImeWindowStatus of uid 1000 token: null
W/InputMethodUtils(  354): Found no subtypes in a system IME: com.android.inputmethod.pinyin
W/InputMethodManagerService(  354): Reset the default IME as "Resource" is ready here.
W/InputMethodUtils(  354): Found no subtypes in a system IME: com.android.inputmethod.pinyin
I/InputMethodManagerService(  354): Selected default: com.android.inputmethod.latin/.LatinIME
I/ActivityManager(  354): Config changes=20 {1.0 ?mcc?mnc en_US ldltr sw480dp w480dp h839dp 160dpi lrg long port finger -keyb/v/h tball/v s.5}
D/SettingsProvider(  354): User 0 external modification to /data/data/com.android.providers.settings/databases/settings.db; event=2
D/SettingsProvider(  354): User 0 updating our caches for /data/data/com.android.providers.settings/databases/settings.db
D/dalvikvm(  354): GC_CONCURRENT freed 490K, 59% free 5247K/12704K, paused 6ms+4ms, total 148ms
D/dalvikvm(  354): WAIT_FOR_CONCURRENT_GC blocked 42ms
D/dalvikvm(  354): WAIT_FOR_CONCURRENT_GC blocked 50ms
D/dalvikvm(  354): WAIT_FOR_CONCURRENT_GC blocked 51ms
D/dalvikvm(  354): WAIT_FOR_CONCURRENT_GC blocked 39ms
I/ActivityManager(  354): Start proc com.android.inputmethod.latin for service com.android.inputmethod.latin/.LatinIME: pid=589 uid=10029 gids={50029, 1028, 1015}
V/InputMethodManagerService(  354): Adding window token: android.os.Binder@b30692f0
W/InputMethodManagerService(  354): Illegal subtype state: old subtype = null, new subtype = android.view.inputmethod.InputMethodSubtype@c9194f98
D/dalvikvm(  448): GC_FOR_ALLOC freed 95K, 6% free 3562K/3752K, paused 90ms, total 96ms
W/GpsLocationProvider(  354): Could not open GPS configuration file /etc/gps.conf
W/ServiceWatcher(  354): com.google.android.location not found
W/ServiceWatcher(  354): com.google.android.location not found
W/ServiceWatcher(  354): com.google.android.location not found
W/LocationManagerService(  354): no network location provider found
W/ServiceWatcher(  354): com.google.android.location not found
E/FlpHardwareProvider(  354): Error hw_get_module 'flp': -2
W/ServiceWatcher(  354): com.google.android.location not found
E/FlpHardwareProvider(  354): Error hw_get_module 'flp': -2
W/ServiceWatcher(  354): com.google.android.location not found
E/LocationManagerService(  354): no geocoder provider found
E/LocationManagerService(  354): No FusedProvider found.
E/LocationManagerService(  354): no geofence provider found
I/dalvikvm-heap(  448): Grow heap (frag case) to 6.467MB for 3072016-byte allocation
I/CommonTimeManagementService(  354): No common time service detected on this platform.  Common time services will be unavailable.
I/InputReader(  354): Reconfiguring input devices.  changes=0x00000020
I/ActivityManager(  354): Start proc com.android.phone for added application com.android.phone: pid=601 uid=1001 gids={41001, 3002, 3001, 3003, 1028, 1015}
I/InputReader(  354): Reconfiguring input devices.  changes=0x00000010
I/ActivityManager(  354): START u0 {act=android.intent.action.MAIN cat=[android.intent.category.HOME] flg=0x10000000 cmp=com.android.settings/.CryptKeeper} from pid 0
D/dalvikvm(  448): GC_CONCURRENT freed 3K, 3% free 6558K/6756K, paused 124ms+2ms, total 191ms
I/FusedLocation(  354): engine started (com.android.location.fused)
I/ActivityManager(  354): Start proc com.android.settings for activity com.android.settings/.CryptKeeper: pid=612 uid=1000 gids={41000, 1028, 1015, 3002, 3001, 3003}
I/ActivityManager(  354): Start proc android.process.media for broadcast com.android.providers.downloads/.DownloadReceiver: pid=616 uid=10005 gids={50005, 1028, 1015, 1023, 1024, 2001, 3003, 3007}
D/dalvikvm(   59): GC_EXPLICIT freed 38K, 4% free 2705K/2808K, paused 13ms+2ms, total 60ms
D/dalvikvm(   59): GC_EXPLICIT freed <1K, 4% free 2705K/2808K, paused 2ms+12ms, total 42ms
D/dalvikvm(   59): GC_EXPLICIT freed <1K, 4% free 2705K/2808K, paused 2ms+2ms, total 42ms
D/dalvikvm(  448): GC_FOR_ALLOC freed 3003K, 6% free 3562K/3752K, paused 34ms, total 35ms
I/dalvikvm-heap(  448): Grow heap (frag case) to 6.468MB for 3072016-byte allocation
D/dalvikvm(  448): GC_CONCURRENT freed <1K, 3% free 6562K/6756K, paused 3ms+2ms, total 40ms
D/PhoneStatusBar(  448): mSettingsPanelGravity = 55
V/StatusBar(  448): userId 0 is in the house
D/dalvikvm(  354): GC_CONCURRENT freed 485K, 58% free 5338K/12704K, paused 256ms+17ms, total 627ms
I/Choreographer(  448): Skipped 74 frames!  The application may be doing too much work on its main thread.
I/Choreographer(  448): Skipped 51 frames!  The application may be doing too much work on its main thread.
I/ActivityManager(  354): START u0 {act=android.intent.action.MAIN cat=[android.intent.category.HOME] flg=0x10000000 cmp=com.android.sdksetup/.DefaultActivity} from pid 0
I/LatinIME(  589): Hardware accelerated drawing: true
I/ActivityManager(  354): Start proc com.android.sdksetup for activity com.android.sdksetup/.DefaultActivity: pid=645 uid=10042 gids={50042}
I/ActivityManager(  354): Force stopping com.android.sdksetup appid=10042 user=0: pkg changed
I/ActivityManager(  354): Killing 645:com.android.sdksetup/u0a42 (adj 0): stop com.android.sdksetup
I/ActivityManager(  354):   Force finishing activity ActivityRecord{b31c6e00 u0 com.android.sdksetup/.DefaultActivity t2}
I/ActivityManager(  354): START u0 {act=android.intent.action.MAIN cat=[android.intent.category.HOME] flg=0x10000000 cmp=com.android.launcher/com.android.launcher2.Launcher} from pid 0
I/ActivityManager(  354): Start proc com.android.launcher for activity com.android.launcher/com.android.launcher2.Launcher: pid=666 uid=10008 gids={50008}
I/InputReader(  354): Reconfiguring input devices.  changes=0x00000010
D/dalvikvm(  354): GC_CONCURRENT freed 602K, 58% free 5398K/12704K, paused 55ms+5ms, total 213ms
D/dalvikvm(  354): WAIT_FOR_CONCURRENT_GC blocked 80ms
D/dalvikvm(  354): WAIT_FOR_CONCURRENT_GC blocked 50ms
D/dalvikvm(  354): WAIT_FOR_CONCURRENT_GC blocked 68ms
W/BackupManagerService(  354): dataChanged but no participant pkg='com.android.providers.settings' uid=1001
I/PackageManager(  354):   Action: "android.intent.action.SENDTO"
I/PackageManager(  354):   Category: "android.intent.category.DEFAULT"
I/PackageManager(  354):   Scheme: "sms"
I/PackageManager(  354): Adding preferred activity ComponentInfo{com.android.mms/com.android.mms.ui.ComposeMessageActivity} for user 0 :
I/PackageManager(  354):   Action: "android.intent.action.SENDTO"
I/PackageManager(  354):   Category: "android.intent.category.DEFAULT"
I/PackageManager(  354):   Scheme: "smsto"
I/PackageManager(  354): Adding preferred activity ComponentInfo{com.android.mms/com.android.mms.ui.ComposeMessageActivity} for user 0 :
I/PackageManager(  354):   Action: "android.intent.action.SENDTO"
I/PackageManager(  354):   Category: "android.intent.category.DEFAULT"
I/PackageManager(  354):   Scheme: "mms"
I/PackageManager(  354): Adding preferred activity ComponentInfo{com.android.mms/com.android.mms.ui.ComposeMessageActivity} for user 0 :
W/InputAttributes(  589): No editor info for this field. Bug?
I/PackageManager(  354):   Action: "android.intent.action.SENDTO"
I/PackageManager(  354):   Category: "android.intent.category.DEFAULT"
I/PackageManager(  354):   Scheme: "mmsto"
I/PackageManager(  354): Adding preferred activity ComponentInfo{com.android.mms/com.android.mms.ui.ComposeMessageActivity} for user 0 :
D/dalvikvm(  601): GC_CONCURRENT freed 186K, 8% free 2929K/3180K, paused 3ms+73ms, total 309ms
I/ResourceUtils(  589): Found default value: resource=keypress_vibration_durations build=[HARDWARE=goldfish MODEL=sdk BRAND=generic MANUFACTURER=unknown] default=-1
I/ResourceUtils(  589): Found default value: resource=keypress_volumes build=[HARDWARE=goldfish MODEL=sdk BRAND=generic MANUFACTURER=unknown] default=-1.0f
I/PackageManager(  354):   Action: "android.intent.action.SENDTO"
I/PackageManager(  354):   Category: "android.intent.category.DEFAULT"
I/PackageManager(  354):   Scheme: "sms"
I/PackageManager(  354): Adding preferred activity ComponentInfo{com.android.mms/com.android.mms.ui.ComposeMessageActivity} for user 0 :
D/dalvikvm(  589): GC_CONCURRENT freed 230K, 10% free 2893K/3188K, paused 24ms+46ms, total 245ms
I/PackageManager(  354):   Action: "android.intent.action.SENDTO"
I/PackageManager(  354):   Category: "android.intent.category.DEFAULT"
I/PackageManager(  354):   Scheme: "smsto"
I/PackageManager(  354): Adding preferred activity ComponentInfo{com.android.mms/com.android.mms.ui.ComposeMessageActivity} for user 0 :
I/PackageManager(  354):   Action: "android.intent.action.SENDTO"
I/PackageManager(  354):   Category: "android.intent.category.DEFAULT"
I/PackageManager(  354):   Scheme: "mms"
I/PackageManager(  354): Adding preferred activity ComponentInfo{com.android.mms/com.android.mms.ui.ComposeMessageActivity} for user 0 :
I/PackageManager(  354):   Action: "android.intent.action.SENDTO"
I/PackageManager(  354):   Category: "android.intent.category.DEFAULT"
I/PackageManager(  354):   Scheme: "mmsto"
I/PackageManager(  354): Adding preferred activity ComponentInfo{com.android.mms/com.android.mms.ui.ComposeMessageActivity} for user 0 :
D/dalvikvm(  354): GC_CONCURRENT freed 642K, 58% free 5426K/12704K, paused 43ms+25ms, total 294ms
I/ActivityManager(  354): Start proc com.android.printspooler for service com.android.printspooler/.PrintSpoolerService: pid=683 uid=10039 gids={50039}
I/LatinIME:LogUtils(  589): Dictionary info: dictionary = personalization.en_US.dict ; version = ? ; date = 1545756357
I/LatinIME:LogUtils(  589): Dictionary info: dictionary = UserHistoryDictionary.en_US.dic ; version = ? ; date = 1545756357
I/LatinIME:LogUtils(  589): Dictionary info: dictionary = PersonalizationPredictionDictio ; version = ? ; date = 1545756357
E/BluetoothAdapter(  601): Bluetooth binder is null
E/BluetoothAdapter(  601): Bluetooth binder is null
I/PrintSpoolerService(  683): No existing print spooler state.
I/LatinIME:LogUtils(  589): Dictionary info: dictionary = userunigram.en_US.dict ; version = ? ; date = ?
D/CallNotifier(  601): CallNotifier: mSignalInfoToneGenerator created when toneplay
E/BluetoothAdapter(  601): Bluetooth binder is null
D/dalvikvm(  589): GC_CONCURRENT freed 382K, 14% free 2966K/3412K, paused 4ms+12ms, total 103ms
D/MobileDataStateTracker(  354): fota: Broadcast received: android.intent.action.ANY_DATA_STATE apnType=fota
D/MobileDataStateTracker(  354): fota: Received state=DISCONNECTED, old=DISCONNECTED, reason=radioTurnedOff
D/MobileDataStateTracker(  354): ia: Broadcast received: android.intent.action.ANY_DATA_STATE apnType=ia
D/MobileDataStateTracker(  354): ia: Received state=DISCONNECTED, old=DISCONNECTED, reason=radioTurnedOff
D/MobileDataStateTracker(  354): supl: Broadcast received: android.intent.action.ANY_DATA_STATE apnType=supl
D/MobileDataStateTracker(  354): supl: Received state=DISCONNECTED, old=DISCONNECTED, reason=radioTurnedOff
D/MobileDataStateTracker(  354): hipri: Broadcast received: android.intent.action.ANY_DATA_STATE apnType=hipri
D/MobileDataStateTracker(  354): hipri: Received state=DISCONNECTED, old=DISCONNECTED, reason=radioTurnedOff
D/MobileDataStateTracker(  354): ims: Broadcast received: android.intent.action.ANY_DATA_STATE apnType=ims
D/MobileDataStateTracker(  354): ims: Received state=DISCONNECTED, old=DISCONNECTED, reason=radioTurnedOff
D/MobileDataStateTracker(  354): default: Broadcast received: android.intent.action.ANY_DATA_STATE apnType=default
D/MobileDataStateTracker(  354): default: Received state=DISCONNECTED, old=DISCONNECTED, reason=radioTurnedOff
