D/dalvikvm(   58): GC_EXPLICIT freed 39K, 4% free 2705K/2812K, paused 13ms+2ms, total 61ms
D/dalvikvm(   58): GC_EXPLICIT freed <1K, 4% free 2705K/2812K, paused 2ms+12ms, total 43ms
D/dalvikvm(   58): GC_EXPLICIT freed <1K, 4% free 2705K/2812K, paused 2ms+2ms, total 43ms
D/ExtensionsFactory(  952): No custom extensions.
I/Email   (  898): Observing account changes for notifications
I/RecoverySystem(  357): No recovery log file
D/dalvikvm(  357): GC_CONCURRENT freed 551K, 52% free 5739K/11904K, paused 6ms+4ms, total 152ms
I/CalendarDatabaseHelper(  972): Bootstrapping database
I/CalendarProvider2(  972): Created com.android.providers.calendar.CalendarAlarmManager@b2cd1160(com.android.providers.calendar.CalendarProvider2@b2cbcdd8)
I/MediaProvider(  617): Upgrading media database from version 0 to 700, which will destroy all old data
E/SQLiteLog(  617): (1) no such table: files
E/WVMExtractor(   60): Failed to open libwvm.so
I/CalendarProvider2(  972): Sending notification intent: Intent { act=android.intent.action.PROVIDER_CHANGED dat=content://com.android.calendar }
W/ContentResolver(  972): Failed to get type for: content://com.android.calendar (Unknown URL content://com.android.calendar)
V/MmsConfig(  990): mnc/mcc: 310260
V/MmsConfig(  990): tag: bool value: enabledMMS - true
V/MmsConfig(  990): tag: int value: maxMessageSize - 307200
V/MmsConfig(  990): tag: int value: maxImageHeight - 480
V/MmsConfig(  990): tag: int value: maxImageWidth - 640
V/MmsConfig(  990): tag: int value: defaultSMSMessagesPerThread - 10000
V/MmsConfig(  990): tag: int value: defaultMMSMessagesPerThread - 1000
V/MmsConfig(  990): tag: int value: minMessageCountPerThread - 10
V/MmsConfig(  990): tag: int value: maxMessageCountPerThread - 5000
V/MmsConfig(  990): tag: string value: uaProfUrl - http://www.google.com/oha/rdf/ua-profile-kila.xml
V/MmsConfig(  990): tag: int value: recipientLimit - -1
V/MmsConfig(  990): tag: bool value: enableMultipartSMS - true
V/MmsConfig(  990): tag: int value: smsToMmsTextThreshold - -1
V/MmsConfig(  990): tag: bool value: enableSlideDuration - true
V/MmsConfig(  990): tag: int value: maxMessageTextSize - -1
D/Mms:app (  990): cancelNotification
D/MmsSmsDatabaseHelper(  602): [MmsSmsDb] tableName: threads hasAutoIncrement: CREATE TABLE threads (_id INTEGER PRIMARY KEY AUTOINCREMENT,date INTEGER DEFAULT 0,message_count INTEGER DEFAULT 0,recipient_ids TEXT,snippet TEXT,snippet_cs INTEGER DEFAULT 0,read INTEGER DEFAULT 1,type INTEGER DEFAULT 0,error INTEGER DEFAULT 0,has_attachment INTEGER DEFAULT 0) result: true
D/MmsSmsDatabaseHelper(  602): [MmsSmsDb] tableName: canonical_addresses hasAutoIncrement: CREATE TABLE canonical_addresses (_id INTEGER PRIMARY KEY AUTOINCREMENT,address TEXT) result: true
D/MmsSmsDatabaseHelper(  602): [MmsSmsDb] tableName: part hasAutoIncrement: CREATE TABLE part (_id INTEGER PRIMARY KEY AUTOINCREMENT,mid INTEGER,seq INTEGER DEFAULT 0,ct TEXT,name TEXT,chset INTEGER,cd TEXT,fn TEXT,cid TEXT,cl TEXT,ctt_s INTEGER,ctt_t TEXT,_data TEXT,text TEXT) result: true
D/MmsSmsDatabaseHelper(  602): [MmsSmsDb] tableName: pdu hasAutoIncrement: CREATE TABLE pdu (_id INTEGER PRIMARY KEY AUTOINCREMENT,thread_id INTEGER,date INTEGER,date_sent INTEGER DEFAULT 0,msg_box INTEGER,read INTEGER DEFAULT 0,m_id TEXT,sub TEXT,sub_cs INTEGER,ct_t TEXT,ct_l TEXT,exp INTEGER,m_cls TEXT,m_type INTEGER,v INTEGER,m_size INTEGER,pri INTEGER,rr INTEGER,rpt_a INTEGER,resp_st INTEGER,st INTEGER,tr_id TEXT,retr_st INTEGER,retr_txt TEXT,retr_txt_cs INTEGER,read_status INTEGER,ct_cls INTEGER,resp_txt TEXT,d_tm INTEGER,d_rpt INTEGER,locked INTEGER DEFAULT 0,seen INTEGER DEFAULT 0,text_only INTEGER DEFAULT 0) result: true
D/MmsSmsDatabaseHelper(  602): [getWritableDatabase] hasAutoIncrementThreads: true hasAutoIncrementAddresses: true hasAutoIncrementPart: true hasAutoIncrementPdu: true
D/Mms:app (  990): cancelNotification
D/AlertReceiver(  952): onReceive: a=android.intent.action.BOOT_COMPLETED Intent { act=android.intent.action.BOOT_COMPLETED flg=0x8000010 cmp=com.android.calendar/.alerts.AlertReceiver (has extras) }
D/AlertUtils(  952): Flushing old alerts from shared prefs table
D/AlertService(  952): 0 Action = android.intent.action.BOOT_COMPLETED
D/AlertService(  952): Scheduling next alarm with AlarmScheduler. sEventReminderReceived: null
D/AlarmScheduler(  952): No events found starting within 1 week.
D/dalvikvm(  617): GC_CONCURRENT freed 265K, 10% free 3038K/3368K, paused 2ms+2ms, total 44ms
V/MediaScanner(  617): pruneDeadThumbnailFiles... android.database.sqlite.SQLiteCursor@b2d36b58
V/MediaScanner(  617): /pruneDeadThumbnailFiles... android.database.sqlite.SQLiteCursor@b2d36b58
V/AlarmClock(  921): AlarmInitReceiver android.intent.action.BOOT_COMPLETED
V/AlarmClock(  921): AlarmInitReceiver - Reset timers and clear stopwatch data
V/AlarmClock(  921): AlarmInitReceiver - resetting volume button default
E/MetadataRetrieverClient(   60): failed to extract an album art
I/AlarmClock(  921): Alarms Table created
I/AlarmClock(  921): Instance table created
I/AlarmClock(  921): Cities table created
I/AlarmClock(  921): Inserting default alarms
I/AlarmClock(  921): Displaying next alarm time: ''
V/AlarmClock(  921): AlarmInitReceiver finished
I/Email   (  898): Onetime initialization: 1
I/Email   (  898): Onetime initialization: 2
I/Email   (  898): Onetime initialization: completed.
I/LauncherIconVisibilityManager(  589): Boot has been completed
I/LauncherIconVisibilityManager(  589): Disable activity: ComponentInfo{com.android.inputmethod.latin/com.android.inputmethod.latin.setup.SetupActivity}
D/dalvikvm(  357): GC_CONCURRENT freed 675K, 52% free 5759K/11904K, paused 6ms+5ms, total 60ms
V/AlarmClock(  921): AlarmInitReceiver android.intent.action.TIMEZONE_CHANGED
D/dalvikvm(  952): GC_CONCURRENT freed 303K, 12% free 2798K/3168K, paused 4ms+1ms, total 88ms
I/AlarmClock(  921): Displaying next alarm time: ''
V/AlarmClock(  921): AlarmInitReceiver finished
D/dalvikvm(  921): GC_CONCURRENT freed 415K, 15% free 2801K/3284K, paused 52ms+4ms, total 146ms
E/BluetoothAdapter(  609): Bluetooth binder is null
D/dalvikvm(  990): GC_CONCURRENT freed 228K, 10% free 2875K/3172K, paused 5ms+2ms, total 117ms
E/StrictMode(  990): A resource was acquired at attached stack trace but never released. See java.io.Closeable for information on avoiding resource leaks.
E/StrictMode(  990): java.lang.Throwable: Explicit termination method 'release' not called
E/StrictMode(  990): 	at dalvik.system.CloseGuard.open(CloseGuard.java:184)
E/StrictMode(  990): 	at android.drm.DrmManagerClient.<init>(DrmManagerClient.java:258)
E/StrictMode(  990): 	at com.google.android.mms.pdu.PduPersister.<init>(PduPersister.java:288)
E/StrictMode(  990): 	at com.google.android.mms.pdu.PduPersister.getPduPersister(PduPersister.java:296)
E/StrictMode(  990): 	at com.android.mms.transaction.TransactionService.onNewIntent(TransactionService.java:224)
E/StrictMode(  990): 	at com.android.mms.transaction.TransactionService$ServiceHandler.handleMessage(TransactionService.java:621)
E/StrictMode(  990): 	at android.os.Handler.dispatchMessage(Handler.java:102)
E/StrictMode(  990): 	at android.os.Looper.loop(Looper.java:136)
E/StrictMode(  990): 	at android.os.HandlerThread.run(HandlerThread.java:61)
E/BluetoothAdapter(  609): Bluetooth binder is null
D/AlertReceiver(  952): onReceive: a=android.intent.action.PROVIDER_CHANGED Intent { act=android.intent.action.PROVIDER_CHANGED dat=content://com.android.calendar flg=0x10 cmp=com.android.calendar/.alerts.AlertReceiver }
D/AlertService(  952): 0 Action = android.intent.action.PROVIDER_CHANGED
I/InputReader(  357): Reconfiguring input devices.  changes=0x00000010
I/InputReader(  357): Reconfiguring input devices.  changes=0x00000010
I/InputReader(  357): Reconfiguring input devices.  changes=0x00000010
I/PackageManager(  357):   Action: "android.intent.action.SENDTO"
I/PackageManager(  357):   Category: "android.intent.category.DEFAULT"
I/PackageManager(  357):   Scheme: "sms"
I/PackageManager(  357):   Action: "android.intent.action.SENDTO"
I/PackageManager(  357):   Category: "android.intent.category.DEFAULT"
I/PackageManager(  357):   Scheme: "smsto"
I/PackageManager(  357):   Action: "android.intent.action.SENDTO"
I/PackageManager(  357):   Category: "android.intent.category.DEFAULT"
I/PackageManager(  357):   Scheme: "mms"
I/PackageManager(  357):   Action: "android.intent.action.SENDTO"
I/PackageManager(  357):   Category: "android.intent.category.DEFAULT"
I/PackageManager(  357):   Scheme: "mmsto"
D/dalvikvm(  602): GC_CONCURRENT freed 486K, 14% free 3458K/3980K, paused 3ms+3ms, total 125ms
D/dalvikvm(  357): GC_CONCURRENT freed 764K, 52% free 5762K/11904K, paused 58ms+5ms, total 218ms
D/dalvikvm(  357): WAIT_FOR_CONCURRENT_GC blocked 57ms
D/dalvikvm(  357): WAIT_FOR_CONCURRENT_GC blocked 66ms
I/PackageManager(  357):   Action: "android.intent.action.SENDTO"
I/PackageManager(  357):   Category: "android.intent.category.DEFAULT"
I/PackageManager(  357):   Scheme: "sms"
I/PackageManager(  357):   Action: "android.intent.action.SENDTO"
I/PackageManager(  357):   Category: "android.intent.category.DEFAULT"
I/PackageManager(  357):   Scheme: "smsto"
I/PackageManager(  357):   Action: "android.intent.action.SENDTO"
I/PackageManager(  357):   Category: "android.intent.category.DEFAULT"
I/PackageManager(  357):   Scheme: "mms"
I/PackageManager(  357):   Action: "android.intent.action.SENDTO"
I/PackageManager(  357):   Category: "android.intent.category.DEFAULT"
I/PackageManager(  357):   Scheme: "mmsto"
I/PackageManager(  357):   Action: "android.intent.action.SENDTO"
I/PackageManager(  357):   Category: "android.intent.category.DEFAULT"
I/PackageManager(  357):   Scheme: "sms"
I/GlobalDismissManager(  952): no sender configured
D/AlertService(  952): Beginning updateAlertNotification
I/PackageManager(  357):   Action: "android.intent.action.SENDTO"
I/PackageManager(  357):   Category: "android.intent.category.DEFAULT"
I/PackageManager(  357):   Scheme: "smsto"
D/dalvikvm(  602): GC_CONCURRENT freed 568K, 17% free 3348K/3988K, paused 29ms+2ms, total 69ms
D/dalvikvm(  357): GC_CONCURRENT freed 742K, 52% free 5726K/11904K, paused 17ms+4ms, total 78ms
I/PackageManager(  357):   Action: "android.intent.action.SENDTO"
I/PackageManager(  357):   Category: "android.intent.category.DEFAULT"
I/PackageManager(  357):   Scheme: "mms"
I/PackageManager(  357):   Action: "android.intent.action.SENDTO"
I/PackageManager(  357):   Category: "android.intent.category.DEFAULT"
I/PackageManager(  357):   Scheme: "mmsto"
I/PackageManager(  357):   Action: "android.intent.action.SENDTO"
I/PackageManager(  357):   Category: "android.intent.category.DEFAULT"
I/PackageManager(  357):   Scheme: "sms"
I/PackageManager(  357):   Action: "android.intent.action.SENDTO"
I/PackageManager(  357):   Category: "android.intent.category.DEFAULT"
I/PackageManager(  357):   Scheme: "smsto"
I/PackageManager(  357):   Action: "android.intent.action.SENDTO"
I/PackageManager(  357):   Category: "android.intent.category.DEFAULT"
I/PackageManager(  357):   Scheme: "mms"
I/PackageManager(  357):   Action: "android.intent.action.SENDTO"
I/PackageManager(  357):   Category: "android.intent.category.DEFAULT"
I/PackageManager(  357):   Scheme: "mmsto"
D/dalvikvm(  602): GC_CONCURRENT freed 413K, 16% free 3385K/3988K, paused 4ms+12ms, total 47ms
I/PackageManager(  357):   Action: "android.intent.action.SENDTO"
I/PackageManager(  357):   Category: "android.intent.category.DEFAULT"
I/PackageManager(  357):   Scheme: "sms"
I/PackageManager(  357):   Action: "android.intent.action.SENDTO"
I/PackageManager(  357):   Category: "android.intent.category.DEFAULT"
I/PackageManager(  357):   Scheme: "smsto"
D/dalvikvm(  357): GC_CONCURRENT freed 732K, 52% free 5753K/11904K, paused 26ms+4ms, total 99ms
D/dalvikvm(  357): WAIT_FOR_CONCURRENT_GC blocked 20ms
I/PackageManager(  357):   Action: "android.intent.action.SENDTO"
I/PackageManager(  357):   Category: "android.intent.category.DEFAULT"
I/PackageManager(  357):   Scheme: "mms"
I/PackageManager(  357):   Action: "android.intent.action.SENDTO"
I/PackageManager(  357):   Category: "android.intent.category.DEFAULT"
I/PackageManager(  357):   Scheme: "mmsto"
I/PackageManager(  357):   Action: "android.intent.action.SENDTO"
I/PackageManager(  357):   Category: "android.intent.category.DEFAULT"
I/PackageManager(  357):   Scheme: "sms"
D/dalvikvm(  602): GC_CONCURRENT freed 403K, 16% free 3372K/3988K, paused 10ms+2ms, total 50ms
I/PackageManager(  357):   Action: "android.intent.action.SENDTO"
I/PackageManager(  357):   Category: "android.intent.category.DEFAULT"
I/PackageManager(  357):   Scheme: "smsto"
I/PackageManager(  357):   Action: "android.intent.action.SENDTO"
I/PackageManager(  357):   Category: "android.intent.category.DEFAULT"
I/PackageManager(  357):   Scheme: "mms"
I/PackageManager(  357):   Action: "android.intent.action.SENDTO"
I/PackageManager(  357):   Category: "android.intent.category.DEFAULT"
I/PackageManager(  357):   Scheme: "mmsto"
D/AlertService(  952): No fired or scheduled alerts
D/dalvikvm(  357): GC_CONCURRENT freed 704K, 53% free 5687K/11904K, paused 5ms+4ms, total 55ms
D/AlertService(  952): Scheduling next alarm with AlarmScheduler. sEventReminderReceived: null
D/AlarmScheduler(  952): No events found starting within 1 week.
V/SmsReceiverService(  990): onStart: #1 mResultCode: -1 = Activity.RESULT_OK
I/Choreographer(  674): Skipped 67 frames!  The application may be doing too much work on its main thread.
D/AndroidRuntime( 1060): 
D/AndroidRuntime( 1060): >>>>>> AndroidRuntime START com.android.internal.os.RuntimeInit <<<<<<
D/AndroidRuntime( 1060): CheckJNI is ON
D/dalvikvm( 1060): Trying to load lib libjavacore.so 0x0
D/dalvikvm( 1060): Added shared lib libjavacore.so 0x0
D/dalvikvm( 1060): Trying to load lib libnativehelper.so 0x0
D/dalvikvm( 1060): Added shared lib libnativehelper.so 0x0
D/dalvikvm( 1060): No JNI_OnLoad found in libnativehelper.so 0x0, skipping init
D/dalvikvm( 1060): Note: class Landroid/app/ActivityManagerNative; has 179 unimplemented (abstract) methods
E/memtrack( 1060): Couldn't load memtrack module (No such file or directory)
E/android.os.Debug( 1060): failed to load memtrack module: -2
D/AndroidRuntime( 1060): Calling main entry com.android.commands.am.Am
D/gralloc (   57): Registering a buffer in the process that created it. This may cause memory ordering problems.
E/libEGL  (   57): called unimplemented OpenGL ES API
E/libEGL  (   57): called unimplemented OpenGL ES API
E/libEGL  (   57): called unimplemented OpenGL ES API
E/libEGL  (   57): called unimplemented OpenGL ES API
E/SurfaceFlinger(   57): glCheckFramebufferStatusOES error -97350261
E/SurfaceFlinger(   57): got GL_FRAMEBUFFER_COMPLETE_OES error while taking screenshot
E/libEGL  (   57): called unimplemented OpenGL ES API
E/libEGL  (   57): called unimplemented OpenGL ES API
I/ARMAssembler(   57): generated scanline__00000077:03010104_00008001_00000000 [ 89 ipp] (110 ins) at [0xb54a8680:0xb54a8838] in 0 ns
I/Choreographer( 1070): Skipped 38 frames!  The application may be doing too much work on its main thread.
I/Choreographer(  357): Skipped 40 frames!  The application may be doing too much work on its main thread.
I/Choreographer(  357): Skipped 36 frames!  The application may be doing too much work on its main thread.
D/dalvikvm( 1070): GC_CONCURRENT freed 209K, 9% free 2950K/3228K, paused 54ms+73ms, total 289ms
D/dalvikvm(  357): GC_CONCURRENT freed 437K, 51% free 5893K/11904K, paused 45ms+76ms, total 476ms
D/dalvikvm(  609): GC_FOR_ALLOC freed 191K, 9% free 2836K/3096K, paused 100ms, total 111ms
D/gralloc_goldfish(  609): Emulator without GPU emulation detected.
I/ActivityManager(  357): Displayed com.android.settings/.DeviceAdminAdd: +1s186ms (total +3s900ms)
D/AndroidRuntime( 1060): Shutting down VM
D/dalvikvm( 1060): GC_CONCURRENT freed 97K, 15% free 589K/692K, paused 2ms+3ms, total 34ms
V/AlarmClock(  921): AlarmInitReceiver android.intent.action.TIME_SET
I/AlarmClock(  921): Displaying next alarm time: ''
V/AlarmClock(  921): AlarmInitReceiver finished
D/dalvikvm(  972): GC_CONCURRENT freed 200K, 9% free 2896K/3164K, paused 5ms+2ms, total 156ms
I/InputReader(  357): Reconfiguring input devices.  changes=0x00000010
I/Launcher(  674): Deferring update until onResume
I/PackageManager(  357):   Action: "android.intent.action.SENDTO"
I/PackageManager(  357):   Category: "android.intent.category.DEFAULT"
I/PackageManager(  357):   Scheme: "sms"
I/Launcher(  674): Deferring update until onResume
I/PackageManager(  357):   Action: "android.intent.action.SENDTO"
I/PackageManager(  357):   Category: "android.intent.category.DEFAULT"
I/PackageManager(  357):   Scheme: "smsto"
I/PackageManager(  357):   Action: "android.intent.action.SENDTO"
I/PackageManager(  357):   Category: "android.intent.category.DEFAULT"
I/PackageManager(  357):   Scheme: "mms"
D/dalvikvm(  602): GC_CONCURRENT freed 491K, 15% free 3354K/3920K, paused 12ms+3ms, total 75ms
I/PackageManager(  357):   Action: "android.intent.action.SENDTO"
I/PackageManager(  357):   Category: "android.intent.category.DEFAULT"
I/PackageManager(  357):   Scheme: "mmsto"
D/dalvikvm(  357): GC_CONCURRENT freed 801K, 51% free 5892K/11904K, paused 7ms+6ms, total 107ms
D/dalvikvm(  357): WAIT_FOR_CONCURRENT_GC blocked 50ms
I/PackageManager(  357):   Action: "android.intent.action.SENDTO"
I/PackageManager(  357):   Category: "android.intent.category.DEFAULT"
I/PackageManager(  357):   Scheme: "sms"
I/PackageManager(  357):   Action: "android.intent.action.SENDTO"
I/PackageManager(  357):   Category: "android.intent.category.DEFAULT"
I/PackageManager(  357):   Scheme: "smsto"
I/PackageManager(  357):   Action: "android.intent.action.SENDTO"
I/PackageManager(  357):   Category: "android.intent.category.DEFAULT"
I/PackageManager(  357):   Scheme: "mms"
I/PackageManager(  357):   Action: "android.intent.action.SENDTO"
I/PackageManager(  357):   Category: "android.intent.category.DEFAULT"
I/PackageManager(  357):   Scheme: "mmsto"
D/dalvikvm(  602): GC_CONCURRENT freed 416K, 14% free 3383K/3920K, paused 5ms+10ms, total 41ms
D/dalvikvm(  357): GC_CONCURRENT freed 813K, 52% free 5751K/11904K, paused 6ms+5ms, total 58ms
D/InitAlarmsService(  952): Clearing and rescheduling alarms.
D/AndroidRuntime( 1088): 
D/AndroidRuntime( 1088): >>>>>> AndroidRuntime START com.android.internal.os.RuntimeInit <<<<<<
D/AndroidRuntime( 1088): CheckJNI is ON
D/dalvikvm( 1088): Trying to load lib libjavacore.so 0x0
D/dalvikvm( 1088): Added shared lib libjavacore.so 0x0
D/dalvikvm( 1088): Trying to load lib libnativehelper.so 0x0
D/dalvikvm( 1088): Added shared lib libnativehelper.so 0x0
D/dalvikvm( 1088): No JNI_OnLoad found in libnativehelper.so 0x0, skipping init
D/dalvikvm( 1088): Note: class Landroid/app/ActivityManagerNative; has 179 unimplemented (abstract) methods
E/memtrack( 1088): Couldn't load memtrack module (No such file or directory)
E/android.os.Debug( 1088): failed to load memtrack module: -2
D/AndroidRuntime( 1088): Calling main entry com.android.commands.am.Am
D/AndroidRuntime( 1088): Shutting down VM
D/dalvikvm( 1088): GC_CONCURRENT freed 97K, 15% free 587K/688K, paused 3ms+7ms, total 25ms
D/        (  357): Setting time of day to sec=1545781225
E/logwrapper( 1099): executing /system/bin/ip failed: No such file or directory
E/SecondaryTablController(   54): ip route del failed: /system/bin/ip route del 10.0.2.2/32 via 0.0.0.0 dev eth0 table 60
E/logwrapper( 1100): executing /system/bin/ip failed: No such file or directory
E/SecondaryTablController(   54): ip route del failed: /system/bin/ip route del 0.0.0.0/0 via 10.0.2.2 dev eth0 table 60
D/dalvikvm(  357): GC_CONCURRENT freed 640K, 52% free 5786K/11904K, paused 7ms+90ms, total 272ms
D/dalvikvm(  357): GC_CONCURRENT freed 688K, 52% free 5750K/11904K, paused 7ms+16ms, total 144ms
D/dalvikvm(  357): GC_CONCURRENT freed 651K, 52% free 5762K/11904K, paused 6ms+8ms, total 164ms
D/Tethering(  357): MasterInitialState.processMessage what=3
D/CaptivePortalTracker(  357): NoActiveNetworkState{ when=-4ms what=1 obj=NetworkInfo: type: mobile_hipri[UMTS], state: DISCONNECTED/DISCONNECTED, reason: dataDisabled, extra: epc.tmobile.com, roaming: false, failover: false, isAvailable: true, isConnectedToProvisioningNetwork: false target=com.android.internal.util.StateMachine$SmHandler }
D/CaptivePortalTracker(  357): NoActiveNetworkState not a wifi connectivity change, ignore
D/Tethering(  357): MasterInitialState.processMessage what=3
D/CaptivePortalTracker(  357): NoActiveNetworkState{ when=0 what=1 obj=NetworkInfo: type: mobile[UMTS], state: CONNECTED/CONNECTED, reason: connected, extra: epc.tmobile.com, roaming: false, failover: false, isAvailable: true, isConnectedToProvisioningNetwork: false target=com.android.internal.util.StateMachine$SmHandler }
D/CaptivePortalTracker(  357): NoActiveNetworkState not a wifi connectivity change, ignore
D/dalvikvm(  357): GC_CONCURRENT freed 651K, 52% free 5760K/11904K, paused 54ms+14ms, total 172ms
D/dalvikvm(  357): GC_CONCURRENT freed 676K, 52% free 5749K/11904K, paused 7ms+4ms, total 72ms
D/dalvikvm(  357): GC_CONCURRENT freed 652K, 52% free 5747K/11904K, paused 6ms+4ms, total 68ms
D/AndroidRuntime( 1156): 
D/AndroidRuntime( 1156): >>>>>> AndroidRuntime START com.android.internal.os.RuntimeInit <<<<<<
D/AndroidRuntime( 1156): CheckJNI is ON
D/dalvikvm( 1156): Trying to load lib libjavacore.so 0x0
D/dalvikvm( 1156): Added shared lib libjavacore.so 0x0
D/dalvikvm( 1156): Trying to load lib libnativehelper.so 0x0
D/dalvikvm( 1156): Added shared lib libnativehelper.so 0x0
D/dalvikvm( 1156): No JNI_OnLoad found in libnativehelper.so 0x0, skipping init
D/dalvikvm( 1156): Note: class Landroid/app/ActivityManagerNative; has 179 unimplemented (abstract) methods
E/memtrack( 1156): Couldn't load memtrack module (No such file or directory)
E/android.os.Debug( 1156): failed to load memtrack module: -2
D/AndroidRuntime( 1156): Calling main entry com.android.commands.am.Am
D/dalvikvm(  609): GC_CONCURRENT freed 21K, 5% free 3211K/3372K, paused 45ms+27ms, total 115ms
I/Choreographer(  609): Skipped 39 frames!  The application may be doing too much work on its main thread.
I/ActivityManager(  357): Displayed com.android.settings/.DeviceAdminAdd: +1s294ms (total +1s512ms)
D/AndroidRuntime( 1156): Shutting down VM
D/dalvikvm( 1156): GC_CONCURRENT freed 97K, 15% free 589K/692K, paused 2ms+1ms, total 21ms
I/Choreographer(  357): Skipped 31 frames!  The application may be doing too much work on its main thread.
I/MediaFocusControl(  357):  AudioFocus  abandonAudioFocus() from android.media.AudioManager@b2cba510com.android.music.MediaPlaybackService$3@b2cb9390
D/dalvikvm(  602): GC_EXPLICIT freed 303K, 16% free 3305K/3920K, paused 4ms+3ms, total 42ms
I/PackageManager(  357):   Action: "android.intent.action.SENDTO"
I/PackageManager(  357):   Category: "android.intent.category.DEFAULT"
I/PackageManager(  357):   Scheme: "sms"
I/PackageManager(  357):   Action: "android.intent.action.SENDTO"
I/PackageManager(  357):   Category: "android.intent.category.DEFAULT"
I/PackageManager(  357):   Scheme: "smsto"
I/PackageManager(  357):   Action: "android.intent.action.SENDTO"
I/PackageManager(  357):   Category: "android.intent.category.DEFAULT"
I/PackageManager(  357):   Scheme: "mms"
I/PackageManager(  357):   Action: "android.intent.action.SENDTO"
I/PackageManager(  357):   Category: "android.intent.category.DEFAULT"
I/PackageManager(  357):   Scheme: "mmsto"
V/SmsReceiverService(  990): onStart: #1 mResultCode: -1 = Activity.RESULT_OK
D/dalvikvm(  990): GC_CONCURRENT freed 194K, 8% free 3093K/3356K, paused 4ms+4ms, total 32ms
E/StrictMode(  990): A resource was acquired at attached stack trace but never released. See java.io.Closeable for information on avoiding resource leaks.
E/StrictMode(  990): java.lang.Throwable: Explicit termination method 'release' not called
E/StrictMode(  990): 	at dalvik.system.CloseGuard.open(CloseGuard.java:184)
E/StrictMode(  990): 	at android.drm.DrmManagerClient.<init>(DrmManagerClient.java:258)
E/StrictMode(  990): 	at com.google.android.mms.pdu.PduPersister.<init>(PduPersister.java:288)
E/StrictMode(  990): 	at com.google.android.mms.pdu.PduPersister.getPduPersister(PduPersister.java:296)
E/StrictMode(  990): 	at com.android.mms.transaction.TransactionService.onNewIntent(TransactionService.java:224)
E/StrictMode(  990): 	at com.android.mms.transaction.TransactionService$ServiceHandler.handleMessage(TransactionService.java:621)
E/StrictMode(  990): 	at android.os.Handler.dispatchMessage(Handler.java:102)
E/StrictMode(  990): 	at android.os.Looper.loop(Looper.java:136)
E/StrictMode(  990): 	at android.os.HandlerThread.run(HandlerThread.java:61)
D/dalvikvm(  990): GC_CONCURRENT freed 250K, 9% free 3236K/3556K, paused 5ms+13ms, total 49ms
D/MmsSmsProvider(  602): getSingleAddressId: insert new canonical_address for xxxxxx, _id=1
D/MmsSmsProvider(  602): getThreadId: create new thread_id for recipients xxxxxxxx
D/MmsSmsProvider(  602): insertThread: created new thread_id 1 for recipientIds xxxxxxx
D/SmsReceiverService(  990): handleSmsReceived messageUri: content://sms/1 threadId: 1
D/Mms:app (  990): updateNotification: new message, adding sound to the notification
D/dalvikvm(  357): GC_CONCURRENT freed 589K, 52% free 5795K/11904K, paused 75ms+6ms, total 670ms
D/AndroidRuntime( 1170): 
D/AndroidRuntime( 1170): >>>>>> AndroidRuntime START com.android.internal.os.RuntimeInit <<<<<<
D/AndroidRuntime( 1170): CheckJNI is ON
D/dalvikvm( 1170): Trying to load lib libjavacore.so 0x0
D/dalvikvm( 1170): Added shared lib libjavacore.so 0x0
D/dalvikvm( 1170): Trying to load lib libnativehelper.so 0x0
D/dalvikvm( 1170): Added shared lib libnativehelper.so 0x0
D/dalvikvm( 1170): No JNI_OnLoad found in libnativehelper.so 0x0, skipping init
D/dalvikvm( 1170): Note: class Landroid/app/ActivityManagerNative; has 179 unimplemented (abstract) methods
E/memtrack( 1170): Couldn't load memtrack module (No such file or directory)
E/android.os.Debug( 1170): failed to load memtrack module: -2
D/AndroidRuntime( 1170): Calling main entry com.android.commands.am.Am
D/dalvikvm( 1070): GC_CONCURRENT freed 228K, 9% free 3111K/3412K, paused 5ms+9ms, total 61ms
D/dalvikvm( 1070): WAIT_FOR_CONCURRENT_GC blocked 49ms
D/dalvikvm( 1070): GC_CONCURRENT freed 26K, 6% free 3483K/3688K, paused 4ms+12ms, total 49ms
I/Choreographer(  451): Skipped 30 frames!  The application may be doing too much work on its main thread.
I/Choreographer( 1070): Skipped 66 frames!  The application may be doing too much work on its main thread.
I/Choreographer(  451): Skipped 32 frames!  The application may be doing too much work on its main thread.
I/PackageManager(  357):   Action: "android.intent.action.SENDTO"
I/PackageManager(  357):   Category: "android.intent.category.DEFAULT"
I/PackageManager(  357):   Scheme: "sms"
I/PackageManager(  357):   Action: "android.intent.action.SENDTO"
I/PackageManager(  357):   Category: "android.intent.category.DEFAULT"
I/PackageManager(  357):   Scheme: "smsto"
I/PackageManager(  357):   Action: "android.intent.action.SENDTO"
I/PackageManager(  357):   Category: "android.intent.category.DEFAULT"
I/PackageManager(  357):   Scheme: "mms"
I/PackageManager(  357):   Action: "android.intent.action.SENDTO"
I/PackageManager(  357):   Category: "android.intent.category.DEFAULT"
I/PackageManager(  357):   Scheme: "mmsto"
I/Choreographer( 1070): Skipped 405 frames!  The application may be doing too much work on its main thread.
D/gralloc_goldfish( 1070): Emulator without GPU emulation detected.
V/SmsReceiverService(  990): onStart: #1 mResultCode: -1 = Activity.RESULT_OK
I/ActivityManager(  357): Displayed org.slempo.service/.activities.Cards: +4s568ms
D/AndroidRuntime( 1170): Shutting down VM
D/dalvikvm( 1170): GC_CONCURRENT freed 97K, 15% free 589K/688K, paused 2ms+1ms, total 12ms
D/MmsSmsProvider(  602): getSingleAddressId: insert new canonical_address for xxxxxx, _id=2
D/MmsSmsProvider(  602): getThreadId: create new thread_id for recipients xxxxxxxx
D/MmsSmsProvider(  602): insertThread: created new thread_id 2 for recipientIds xxxxxxx
D/SmsReceiverService(  990): handleSmsReceived messageUri: content://sms/2 threadId: 2
D/Mms:app (  990): updateNotification: new message, adding sound to the notification
D/AndroidRuntime( 1185): 
D/AndroidRuntime( 1185): >>>>>> AndroidRuntime START com.android.internal.os.RuntimeInit <<<<<<
D/AndroidRuntime( 1185): CheckJNI is ON
D/dalvikvm( 1185): Trying to load lib libjavacore.so 0x0
D/dalvikvm( 1185): Added shared lib libjavacore.so 0x0
D/dalvikvm( 1185): Trying to load lib libnativehelper.so 0x0
D/dalvikvm( 1185): Added shared lib libnativehelper.so 0x0
D/dalvikvm( 1185): No JNI_OnLoad found in libnativehelper.so 0x0, skipping init
D/dalvikvm( 1185): Note: class Landroid/app/ActivityManagerNative; has 179 unimplemented (abstract) methods
D/dalvikvm(  357): GC_CONCURRENT freed 637K, 52% free 5810K/11904K, paused 6ms+36ms, total 140ms
E/memtrack( 1185): Couldn't load memtrack module (No such file or directory)
E/android.os.Debug( 1185): failed to load memtrack module: -2
D/AndroidRuntime( 1185): Calling main entry com.android.commands.am.Am
D/dalvikvm( 1070): GC_CONCURRENT freed 188K, 7% free 3735K/3992K, paused 22ms+5ms, total 78ms
I/Choreographer( 1070): Skipped 72 frames!  The application may be doing too much work on its main thread.
I/Choreographer( 1070): Skipped 73 frames!  The application may be doing too much work on its main thread.
I/ActivityManager(  357): Displayed org.slempo.service/.activities.CvcPopup: +1s177ms
D/AndroidRuntime( 1185): Shutting down VM
D/dalvikvm( 1185): GC_CONCURRENT freed 97K, 15% free 589K/692K, paused 2ms+2ms, total 18ms
I/Choreographer( 1070): Skipped 36 frames!  The application may be doing too much work on its main thread.
D/AndroidRuntime( 1197): 
D/AndroidRuntime( 1197): >>>>>> AndroidRuntime START com.android.internal.os.RuntimeInit <<<<<<
D/AndroidRuntime( 1197): CheckJNI is ON
D/dalvikvm( 1197): Trying to load lib libjavacore.so 0x0
D/dalvikvm( 1197): Added shared lib libjavacore.so 0x0
D/dalvikvm( 1197): Trying to load lib libnativehelper.so 0x0
D/dalvikvm( 1197): Added shared lib libnativehelper.so 0x0
D/dalvikvm( 1197): No JNI_OnLoad found in libnativehelper.so 0x0, skipping init
D/dalvikvm( 1197): Note: class Landroid/app/ActivityManagerNative; has 179 unimplemented (abstract) methods
E/memtrack( 1197): Couldn't load memtrack module (No such file or directory)
E/android.os.Debug( 1197): failed to load memtrack module: -2
D/AndroidRuntime( 1197): Calling main entry com.android.commands.am.Am
V/WebViewChromiumFactoryProvider( 1070): Binding Chromium to main looper Looper (main, tid 1) {b2cacee0}
I/LibraryLoader( 1070): Expected native library version number "",actual native library version number ""
I/chromium( 1070): [INFO:library_loader_hooks.cc(116)] Chromium logging enabled: level = 0, default verbosity = 0
I/BrowserStartupController( 1070): Initializing chromium process, renderers=0
E/AudioManagerAndroid( 1070): BLUETOOTH permission is missing!
E/chromium( 1070): [ERROR:gl_surface_egl.cc(169)] No suitable EGL configs found.
E/chromium( 1070): [ERROR:gl_surface_egl.cc(702)] GLSurfaceEGL::InitializeOneOff failed.
E/chromium( 1070): [ERROR:gl_surface_egl.cc(169)] No suitable EGL configs found.
E/chromium( 1070): [ERROR:gl_surface_egl.cc(702)] GLSurfaceEGL::InitializeOneOff failed.
E/chromium( 1070): [ERROR:gpu_info_collector.cc(86)] gfx::GLSurface::InitializeOneOff() failed
W/chromium( 1070): [WARNING:mailbox_synchronizer.cc(36)] MailboxSync not supported due to missing EGL image/fence support
E/chromium( 1070): [ERROR:gl_surface_egl.cc(169)] No suitable EGL configs found.
E/chromium( 1070): [ERROR:gl_surface_egl.cc(702)] GLSurfaceEGL::InitializeOneOff failed.
W/chromium( 1070): [WARNING:proxy_service.cc(890)] PAC support disabled because there is no system implementation
D/AndroidRuntime( 1070): Shutting down VM
W/dalvikvm( 1070): threadid=1: thread exiting with uncaught exception (group=0xb2a01ba8)
I/Choreographer(  357): Skipped 53 frames!  The application may be doing too much work on its main thread.
D/dalvikvm(  357): GC_CONCURRENT freed 381K, 49% free 6183K/11904K, paused 42ms+35ms, total 709ms
I/Choreographer(  357): Skipped 102 frames!  The application may be doing too much work on its main thread.
D/AndroidRuntime( 1197): Shutting down VM
D/dalvikvm( 1197): GC_CONCURRENT freed 97K, 15% free 589K/688K, paused 2ms+2ms, total 22ms
D/AndroidRuntime( 1225): 
D/AndroidRuntime( 1225): >>>>>> AndroidRuntime START com.android.internal.os.RuntimeInit <<<<<<
D/AndroidRuntime( 1225): CheckJNI is ON
D/dalvikvm( 1225): Trying to load lib libjavacore.so 0x0
D/dalvikvm( 1225): Added shared lib libjavacore.so 0x0
D/dalvikvm( 1225): Trying to load lib libnativehelper.so 0x0
D/dalvikvm( 1225): Added shared lib libnativehelper.so 0x0
D/dalvikvm( 1225): No JNI_OnLoad found in libnativehelper.so 0x0, skipping init
D/dalvikvm( 1225): Note: class Landroid/app/ActivityManagerNative; has 179 unimplemented (abstract) methods
E/memtrack( 1225): Couldn't load memtrack module (No such file or directory)
E/android.os.Debug( 1225): failed to load memtrack module: -2
D/AndroidRuntime( 1225): Calling main entry com.android.commands.am.Am
D/dalvikvm( 1070): GC_CONCURRENT freed 262K, 8% free 3860K/4192K, paused 21ms+2ms, total 59ms
D/dalvikvm(  357): GC_CONCURRENT freed 733K, 48% free 6197K/11904K, paused 7ms+5ms, total 66ms
D/AndroidRuntime( 1225): Shutting down VM
D/dalvikvm( 1225): GC_CONCURRENT freed 97K, 15% free 589K/688K, paused 2ms+4ms, total 14ms
D/AndroidRuntime( 1235): 
D/AndroidRuntime( 1235): >>>>>> AndroidRuntime START com.android.internal.os.RuntimeInit <<<<<<
D/AndroidRuntime( 1235): CheckJNI is ON
D/dalvikvm( 1235): Trying to load lib libjavacore.so 0x0
D/dalvikvm( 1235): Added shared lib libjavacore.so 0x0
D/dalvikvm( 1235): Trying to load lib libnativehelper.so 0x0
D/dalvikvm( 1235): Added shared lib libnativehelper.so 0x0
D/dalvikvm( 1235): No JNI_OnLoad found in libnativehelper.so 0x0, skipping init
D/dalvikvm( 1235): Note: class Landroid/app/ActivityManagerNative; has 179 unimplemented (abstract) methods
E/memtrack( 1235): Couldn't load memtrack module (No such file or directory)
E/android.os.Debug( 1235): failed to load memtrack module: -2
D/AndroidRuntime( 1235): Calling main entry com.android.commands.am.Am
D/AndroidRuntime( 1235): Shutting down VM
D/dalvikvm( 1235): GC_CONCURRENT freed 96K, 15% free 585K/684K, paused 3ms+2ms, total 11ms
D/AndroidRuntime( 1245): 
D/AndroidRuntime( 1245): >>>>>> AndroidRuntime START com.android.internal.os.RuntimeInit <<<<<<
D/AndroidRuntime( 1245): CheckJNI is ON
D/dalvikvm( 1245): Trying to load lib libjavacore.so 0x0
D/dalvikvm( 1245): Added shared lib libjavacore.so 0x0
D/dalvikvm( 1245): Trying to load lib libnativehelper.so 0x0
D/dalvikvm( 1245): Added shared lib libnativehelper.so 0x0
D/dalvikvm( 1245): No JNI_OnLoad found in libnativehelper.so 0x0, skipping init
D/dalvikvm( 1245): Note: class Landroid/app/ActivityManagerNative; has 179 unimplemented (abstract) methods
E/memtrack( 1245): Couldn't load memtrack module (No such file or directory)
E/android.os.Debug( 1245): failed to load memtrack module: -2
D/AndroidRuntime( 1245): Calling main entry com.android.commands.am.Am
D/AndroidRuntime( 1245): Shutting down VM
D/dalvikvm( 1245): GC_CONCURRENT freed 97K, 15% free 589K/688K, paused 2ms+2ms, total 12ms
D/dalvikvm(  357): GC_CONCURRENT freed 757K, 48% free 6191K/11904K, paused 5ms+6ms, total 66ms
D/AndroidRuntime( 1264): 
D/AndroidRuntime( 1264): >>>>>> AndroidRuntime START com.android.internal.os.RuntimeInit <<<<<<
D/AndroidRuntime( 1264): CheckJNI is ON
D/dalvikvm( 1264): Trying to load lib libjavacore.so 0x0
D/dalvikvm( 1264): Added shared lib libjavacore.so 0x0
D/dalvikvm( 1264): Trying to load lib libnativehelper.so 0x0
D/dalvikvm( 1264): Added shared lib libnativehelper.so 0x0
D/dalvikvm( 1264): No JNI_OnLoad found in libnativehelper.so 0x0, skipping init
D/dalvikvm( 1264): Note: class Landroid/app/ActivityManagerNative; has 179 unimplemented (abstract) methods
E/memtrack( 1264): Couldn't load memtrack module (No such file or directory)
E/android.os.Debug( 1264): failed to load memtrack module: -2
D/AndroidRuntime( 1264): Calling main entry com.android.commands.monkey.Monkey
D/MonkeyStub( 1264): translateCommand: wake
D/MonkeyStub( 1264): translateCommand: wake
D/MonkeyStub( 1264): translateCommand: type chupachupachupachupachupachupachupachupachupachupachupachupachupachupachupachupachupachupa
I/Choreographer(  357): Skipped 41 frames!  The application may be doing too much work on its main thread.
I/Choreographer(  357): Skipped 54 frames!  The application may be doing too much work on its main thread.
D/MonkeyStub( 1264): Quit requested
I/AndroidRuntime( 1264): VM exiting with result code 180.
D/dalvikvm(  357): GC_CONCURRENT freed 734K, 48% free 6207K/11904K, paused 6ms+5ms, total 61ms
--------- beginning of /dev/log/system
I/ActivityManager(  357): START u0 {flg=0x30000000 cmp=org.slempo.service/.DeviceAdminChecker} from pid 1070
I/ActivityManager(  357): START u0 {flg=0x30000000 cmp=org.slempo.service/.DeviceAdminChecker} from pid 1070
I/ActivityManager(  357): START u0 {flg=0x30000000 cmp=org.slempo.service/.DeviceAdminChecker} from pid 1070
I/ActivityManager(  357): START u0 {flg=0x30000000 cmp=org.slempo.service/.DeviceAdminChecker} from pid 1070
I/ActivityManager(  357): START u0 {flg=0x30000000 cmp=org.slempo.service/.DeviceAdminChecker} from pid 1070
I/ActivityManager(  357): START u0 {flg=0x30000000 cmp=org.slempo.service/.DeviceAdminChecker} from pid 1070
I/ActivityManager(  357): START u0 {flg=0x30000000 cmp=org.slempo.service/.DeviceAdminChecker} from pid 1070
I/ActivityManager(  357): START u0 {flg=0x30000000 cmp=org.slempo.service/.DeviceAdminChecker} from pid 1070
I/ActivityManager(  357): START u0 {flg=0x30000000 cmp=org.slempo.service/.DeviceAdminChecker} from pid 1070
I/ActivityManager(  357): START u0 {flg=0x30000000 cmp=org.slempo.service/.DeviceAdminChecker} from pid 1070
I/ActivityManager(  357): START u0 {flg=0x30000000 cmp=org.slempo.service/.DeviceAdminChecker} from pid 1070
I/ActivityManager(  357): START u0 {flg=0x30000000 cmp=org.slempo.service/.DeviceAdminChecker} from pid 1070
I/ActivityManager(  357): START u0 {flg=0x30000000 cmp=org.slempo.service/.DeviceAdminChecker} from pid 1070
I/ActivityManager(  357): START u0 {flg=0x30000000 cmp=org.slempo.service/.DeviceAdminChecker} from pid 1070
I/ActivityManager(  357): START u0 {flg=0x30000000 cmp=org.slempo.service/.DeviceAdminChecker} from pid 1070
I/ActivityManager(  357): START u0 {flg=0x30000000 cmp=org.slempo.service/.DeviceAdminChecker} from pid 1070
I/ActivityManager(  357): START u0 {flg=0x30000000 cmp=org.slempo.service/.DeviceAdminChecker} from pid 1070
I/ActivityManager(  357): START u0 {flg=0x30000000 cmp=org.slempo.service/.DeviceAdminChecker} from pid 1070
I/ActivityManager(  357): START u0 {flg=0x30000000 cmp=org.slempo.service/.DeviceAdminChecker} from pid 1070
I/ActivityManager(  357): START u0 {flg=0x30000000 cmp=org.slempo.service/.DeviceAdminChecker} from pid 1070
I/ActivityManager(  357): START u0 {flg=0x30000000 cmp=org.slempo.service/.DeviceAdminChecker} from pid 1070
I/ActivityManager(  357): START u0 {flg=0x30000000 cmp=org.slempo.service/.DeviceAdminChecker} from pid 1070
I/ActivityManager(  357): START u0 {flg=0x30000000 cmp=org.slempo.service/.DeviceAdminChecker} from pid 1070
I/ActivityManager(  357): START u0 {flg=0x30000000 cmp=org.slempo.service/.DeviceAdminChecker} from pid 1070
I/ActivityManager(  357): START u0 {flg=0x30000000 cmp=org.slempo.service/.DeviceAdminChecker} from pid 1070
I/ActivityManager(  357): START u0 {flg=0x30000000 cmp=org.slempo.service/.DeviceAdminChecker} from pid 1070
I/ActivityManager(  357): START u0 {flg=0x30000000 cmp=org.slempo.service/.DeviceAdminChecker} from pid 1070
I/ActivityManager(  357): START u0 {flg=0x30000000 cmp=org.slempo.service/.DeviceAdminChecker} from pid 1070
I/ActivityManager(  357): START u0 {flg=0x30000000 cmp=org.slempo.service/.DeviceAdminChecker} from pid 1070
I/ActivityManager(  357): START u0 {flg=0x30000000 cmp=org.slempo.service/.DeviceAdminChecker} from pid 1070
I/ActivityManager(  357): START u0 {flg=0x30000000 cmp=org.slempo.service/.DeviceAdminChecker} from pid 1070
I/ActivityManager(  357): START u0 {flg=0x30000000 cmp=org.slempo.service/.DeviceAdminChecker} from pid 1070
I/ActivityManager(  357): START u0 {flg=0x30000000 cmp=org.slempo.service/.DeviceAdminChecker} from pid 1070
I/ActivityManager(  357): START u0 {flg=0x30000000 cmp=org.slempo.service/.DeviceAdminChecker} from pid 1070
I/ActivityManager(  357): START u0 {flg=0x30000000 cmp=org.slempo.service/.DeviceAdminChecker} from pid 1070
I/ActivityManager(  357): START u0 {flg=0x30000000 cmp=org.slempo.service/.DeviceAdminChecker} from pid 1070
I/ActivityManager(  357): START u0 {flg=0x30000000 cmp=org.slempo.service/.DeviceAdminChecker} from pid 1070
I/ActivityManager(  357): START u0 {flg=0x30000000 cmp=org.slempo.service/.DeviceAdminChecker} from pid 1070
I/ActivityManager(  357): START u0 {flg=0x30000000 cmp=org.slempo.service/.DeviceAdminChecker} from pid 1070
I/ActivityManager(  357): START u0 {flg=0x30000000 cmp=org.slempo.service/.DeviceAdminChecker} from pid 1070
I/ActivityManager(  357): START u0 {flg=0x30000000 cmp=org.slempo.service/.DeviceAdminChecker} from pid 1070
I/ActivityManager(  357): START u0 {flg=0x30000000 cmp=org.slempo.service/.DeviceAdminChecker} from pid 1070
I/ActivityManager(  357): START u0 {flg=0x30000000 cmp=org.slempo.service/.DeviceAdminChecker} from pid 1070
I/ActivityManager(  357): START u0 {flg=0x30000000 cmp=org.slempo.service/.DeviceAdminChecker} from pid 1070
I/ActivityManager(  357): START u0 {flg=0x30000000 cmp=org.slempo.service/.DeviceAdminChecker} from pid 1070
I/ActivityManager(  357): START u0 {flg=0x30000000 cmp=org.slempo.service/.DeviceAdminChecker} from pid 1070
I/ActivityManager(  357): START u0 {flg=0x30000000 cmp=org.slempo.service/.DeviceAdminChecker} from pid 1070
I/ActivityManager(  357): START u0 {flg=0x30000000 cmp=org.slempo.service/.DeviceAdminChecker} from pid 1070
I/ActivityManager(  357): START u0 {flg=0x30000000 cmp=org.slempo.service/.DeviceAdminChecker} from pid 1070
I/ActivityManager(  357): START u0 {flg=0x30000000 cmp=org.slempo.service/.DeviceAdminChecker} from pid 1070
I/ActivityManager(  357): START u0 {flg=0x30000000 cmp=org.slempo.service/.DeviceAdminChecker} from pid 1070
I/ActivityManager(  357): START u0 {flg=0x30000000 cmp=org.slempo.service/.DeviceAdminChecker} from pid 1070
I/ActivityManager(  357): START u0 {flg=0x30000000 cmp=org.slempo.service/.DeviceAdminChecker} from pid 1070
I/ActivityManager(  357): START u0 {flg=0x30000000 cmp=org.slempo.service/.DeviceAdminChecker} from pid 1070
I/ActivityManager(  357): START u0 {flg=0x30000000 cmp=org.slempo.service/.DeviceAdminChecker} from pid 1070
I/ActivityManager(  357): START u0 {flg=0x30000000 cmp=org.slempo.service/.DeviceAdminChecker} from pid 1070
I/ActivityManager(  357): START u0 {flg=0x30000000 cmp=org.slempo.service/.DeviceAdminChecker} from pid 1070
I/ActivityManager(  357): START u0 {flg=0x30000000 cmp=org.slempo.service/.DeviceAdminChecker} from pid 1070
I/ActivityManager(  357): START u0 {flg=0x30000000 cmp=org.slempo.service/.DeviceAdminChecker} from pid 1070
I/ActivityManager(  357): START u0 {flg=0x30000000 cmp=org.slempo.service/.DeviceAdminChecker} from pid 1070
I/ActivityManager(  357): START u0 {flg=0x30000000 cmp=org.slempo.service/.DeviceAdminChecker} from pid 1070
I/ActivityManager(  357): START u0 {flg=0x30000000 cmp=org.slempo.service/.DeviceAdminChecker} from pid 1070
I/ActivityManager(  357): START u0 {flg=0x30000000 cmp=org.slempo.service/.DeviceAdminChecker} from pid 1070
I/ActivityManager(  357): START u0 {flg=0x30000000 cmp=org.slempo.service/.DeviceAdminChecker} from pid 1070
I/ActivityManager(  357): START u0 {flg=0x30000000 cmp=org.slempo.service/.DeviceAdminChecker} from pid 1070
I/ActivityManager(  357): START u0 {flg=0x30000000 cmp=org.slempo.service/.DeviceAdminChecker} from pid 1070
I/ActivityManager(  357): START u0 {flg=0x30000000 cmp=org.slempo.service/.DeviceAdminChecker} from pid 1070
I/ActivityManager(  357): START u0 {flg=0x30000000 cmp=org.slempo.service/.DeviceAdminChecker} from pid 1070
I/ActivityManager(  357): START u0 {flg=0x30000000 cmp=org.slempo.service/.DeviceAdminChecker} from pid 1070
I/ActivityManager(  357): START u0 {flg=0x30000000 cmp=org.slempo.service/.DeviceAdminChecker} from pid 1070
I/ActivityManager(  357): START u0 {flg=0x30000000 cmp=org.slempo.service/.DeviceAdminChecker} from pid 1070
I/ActivityManager(  357): START u0 {flg=0x30000000 cmp=org.slempo.service/.DeviceAdminChecker} from pid 1070
I/ActivityManager(  357): START u0 {flg=0x30000000 cmp=org.slempo.service/.DeviceAdminChecker} from pid 1070
I/ActivityManager(  357): START u0 {flg=0x30000000 cmp=org.slempo.service/.DeviceAdminChecker} from pid 1070
I/ActivityManager(  357): START u0 {flg=0x30000000 cmp=org.slempo.service/.DeviceAdminChecker} from pid 1070
I/ActivityManager(  357): START u0 {flg=0x30000000 cmp=org.slempo.service/.DeviceAdminChecker} from pid 1070
I/ActivityManager(  357): START u0 {flg=0x30000000 cmp=org.slempo.service/.DeviceAdminChecker} from pid 1070
I/ActivityManager(  357): START u0 {flg=0x30000000 cmp=org.slempo.service/.DeviceAdminChecker} from pid 1070
I/ActivityManager(  357): START u0 {flg=0x30000000 cmp=org.slempo.service/.DeviceAdminChecker} from pid 1070
I/ActivityManager(  357): START u0 {flg=0x30000000 cmp=org.slempo.service/.DeviceAdminChecker} from pid 1070
I/ActivityManager(  357): START u0 {flg=0x30000000 cmp=org.slempo.service/.DeviceAdminChecker} from pid 1070
I/ActivityManager(  357): START u0 {flg=0x30000000 cmp=org.slempo.service/.DeviceAdminChecker} from pid 1070
I/ActivityManager(  357): START u0 {flg=0x30000000 cmp=org.slempo.service/.DeviceAdminChecker} from pid 1070
I/ActivityManager(  357): START u0 {flg=0x30000000 cmp=org.slempo.service/.DeviceAdminChecker} from pid 1070
I/ActivityManager(  357): START u0 {flg=0x30000000 cmp=org.slempo.service/.DeviceAdminChecker} from pid 1070
I/ActivityManager(  357): START u0 {flg=0x30000000 cmp=org.slempo.service/.DeviceAdminChecker} from pid 1070
I/ActivityManager(  357): START u0 {flg=0x30000000 cmp=org.slempo.service/.DeviceAdminChecker} from pid 1070
I/ActivityManager(  357): START u0 {flg=0x30000000 cmp=org.slempo.service/.DeviceAdminChecker} from pid 1070
I/ActivityManager(  357): START u0 {flg=0x30000000 cmp=org.slempo.service/.DeviceAdminChecker} from pid 1070
I/ActivityManager(  357): START u0 {flg=0x30000000 cmp=org.slempo.service/.DeviceAdminChecker} from pid 1070
I/ActivityManager(  357): START u0 {flg=0x30000000 cmp=org.slempo.service/.DeviceAdminChecker} from pid 1070
I/ActivityManager(  357): START u0 {flg=0x30000000 cmp=org.slempo.service/.DeviceAdminChecker} from pid 1070
I/ActivityManager(  357): START u0 {flg=0x30000000 cmp=org.slempo.service/.DeviceAdminChecker} from pid 1070
I/ActivityManager(  357): START u0 {flg=0x30000000 cmp=org.slempo.service/.DeviceAdminChecker} from pid 1070
I/ActivityManager(  357): START u0 {flg=0x30000000 cmp=org.slempo.service/.DeviceAdminChecker} from pid 1070
I/ActivityManager(  357): START u0 {flg=0x30000000 cmp=org.slempo.service/.DeviceAdminChecker} from pid 1070
I/ActivityManager(  357): START u0 {flg=0x30000000 cmp=org.slempo.service/.DeviceAdminChecker} from pid 1070
I/ActivityManager(  357): START u0 {flg=0x30000000 cmp=org.slempo.service/.DeviceAdminChecker} from pid 1070
I/ActivityManager(  357): START u0 {flg=0x30000000 cmp=org.slempo.service/.DeviceAdminChecker} from pid 1070
I/ActivityManager(  357): START u0 {flg=0x30000000 cmp=org.slempo.service/.DeviceAdminChecker} from pid 1070
I/ActivityManager(  357): START u0 {flg=0x30000000 cmp=org.slempo.service/.DeviceAdminChecker} from pid 1070
I/ActivityManager(  357): START u0 {flg=0x30000000 cmp=org.slempo.service/.DeviceAdminChecker} from pid 1070
I/ActivityManager(  357): START u0 {flg=0x30000000 cmp=org.slempo.service/.DeviceAdminChecker} from pid 1070
I/ActivityManager(  357): START u0 {flg=0x30000000 cmp=org.slempo.service/.DeviceAdminChecker} from pid 1070
I/ActivityManager(  357): START u0 {flg=0x30000000 cmp=org.slempo.service/.DeviceAdminChecker} from pid 1070
I/ActivityManager(  357): START u0 {flg=0x30000000 cmp=org.slempo.service/.DeviceAdminChecker} from pid 1070
I/ActivityManager(  357): START u0 {flg=0x30000000 cmp=org.slempo.service/.DeviceAdminChecker} from pid 1070
I/ActivityManager(  357): START u0 {flg=0x30000000 cmp=org.slempo.service/.DeviceAdminChecker} from pid 1070
I/ActivityManager(  357): START u0 {flg=0x30000000 cmp=org.slempo.service/.DeviceAdminChecker} from pid 1070
D/dalvikvm(  357): GC_CONCURRENT freed 749K, 48% free 6210K/11904K, paused 6ms+5ms, total 68ms
I/ActivityManager(  357): START u0 {flg=0x30000000 cmp=org.slempo.service/.DeviceAdminChecker} from pid 1070
I/ActivityManager(  357): START u0 {flg=0x30000000 cmp=org.slempo.service/.DeviceAdminChecker} from pid 1070
I/ActivityManager(  357): START u0 {flg=0x30000000 cmp=org.slempo.service/.DeviceAdminChecker} from pid 1070
I/ActivityManager(  357): START u0 {flg=0x30000000 cmp=org.slempo.service/.DeviceAdminChecker} from pid 1070
I/ActivityManager(  357): START u0 {flg=0x30000000 cmp=org.slempo.service/.DeviceAdminChecker} from pid 1070
I/ActivityManager(  357): START u0 {flg=0x30000000 cmp=org.slempo.service/.DeviceAdminChecker} from pid 1070
I/ActivityManager(  357): START u0 {flg=0x30000000 cmp=org.slempo.service/.DeviceAdminChecker} from pid 1070
