I/PackageManager(  356): Adding preferred activity ComponentInfo{com.android.mms/com.android.mms.ui.ComposeMessageActivity} for user 0 :
D/dalvikvm(  356): GC_CONCURRENT freed 615K, 57% free 5481K/12484K, paused 48ms+5ms, total 231ms
D/dalvikvm(  356): WAIT_FOR_CONCURRENT_GC blocked 125ms
D/dalvikvm(  356): WAIT_FOR_CONCURRENT_GC blocked 127ms
D/dalvikvm(  356): WAIT_FOR_CONCURRENT_GC blocked 79ms
D/dalvikvm(  604): GC_CONCURRENT freed 407K, 17% free 2977K/3548K, paused 4ms+4ms, total 97ms
E/BluetoothAdapter(  615): Bluetooth binder is null
E/BluetoothAdapter(  615): Bluetooth binder is null
I/LatinIME:LogUtils(  604): Dictionary info: dictionary = main:en ; version = 42 ; date = 1381226429
D/CallNotifier(  615): CallNotifier: mSignalInfoToneGenerator created when toneplay
E/BluetoothAdapter(  615): Bluetooth binder is null
I/LatinIME:LogUtils(  604): Dictionary info: dictionary = main:en ; version = 42 ; date = 1381226429
I/LatinIME:LogUtils(  604): Dictionary info: dictionary = main:en ; version = 42 ; date = 1381226429
I/LatinIME:LogUtils(  604): Dictionary info: dictionary = main:en ; version = 42 ; date = 1381226429
I/LatinIME:LogUtils(  604): Dictionary info: dictionary = main:en ; version = 42 ; date = 1381226429
I/LatinIME:LogUtils(  604): Dictionary info: dictionary = main:en ; version = 42 ; date = 1381226429
I/LatinIME:LogUtils(  604): Dictionary info: dictionary = main:en ; version = 42 ; date = 1381226429
D/MobileDataStateTracker(  356): fota: Broadcast received: android.intent.action.ANY_DATA_STATE apnType=fota
D/MobileDataStateTracker(  356): fota: Received state=DISCONNECTED, old=DISCONNECTED, reason=radioTurnedOff
D/MobileDataStateTracker(  356): ia: Broadcast received: android.intent.action.ANY_DATA_STATE apnType=ia
D/MobileDataStateTracker(  356): ia: Received state=DISCONNECTED, old=DISCONNECTED, reason=radioTurnedOff
D/MobileDataStateTracker(  356): supl: Broadcast received: android.intent.action.ANY_DATA_STATE apnType=supl
D/MobileDataStateTracker(  356): supl: Received state=DISCONNECTED, old=DISCONNECTED, reason=radioTurnedOff
D/MobileDataStateTracker(  356): hipri: Broadcast received: android.intent.action.ANY_DATA_STATE apnType=hipri
D/MobileDataStateTracker(  356): hipri: Received state=DISCONNECTED, old=DISCONNECTED, reason=radioTurnedOff
D/MobileDataStateTracker(  356): ims: Broadcast received: android.intent.action.ANY_DATA_STATE apnType=ims
D/MobileDataStateTracker(  356): ims: Received state=DISCONNECTED, old=DISCONNECTED, reason=radioTurnedOff
D/MobileDataStateTracker(  356): default: Broadcast received: android.intent.action.ANY_DATA_STATE apnType=default
D/MobileDataStateTracker(  356): default: Received state=DISCONNECTED, old=DISCONNECTED, reason=radioTurnedOff
D/MobileDataStateTracker(  356): mms: Broadcast received: android.intent.action.ANY_DATA_STATE apnType=mms
D/MobileDataStateTracker(  356): mms: Received state=DISCONNECTED, old=DISCONNECTED, reason=radioTurnedOff
D/MobileDataStateTracker(  356): cbs: Broadcast received: android.intent.action.ANY_DATA_STATE apnType=cbs
D/MobileDataStateTracker(  356): cbs: Received state=DISCONNECTED, old=DISCONNECTED, reason=radioTurnedOff
D/MobileDataStateTracker(  356): fota: Broadcast received: android.intent.action.ANY_DATA_STATE apnType=fota
D/MobileDataStateTracker(  356): fota: Received state=DISCONNECTED, old=DISCONNECTED, reason=radioTurnedOff
D/MobileDataStateTracker(  356): ia: Broadcast received: android.intent.action.ANY_DATA_STATE apnType=ia
D/MobileDataStateTracker(  356): ia: Received state=DISCONNECTED, old=DISCONNECTED, reason=radioTurnedOff
D/MobileDataStateTracker(  356): supl: Broadcast received: android.intent.action.ANY_DATA_STATE apnType=supl
D/MobileDataStateTracker(  356): supl: Received state=DISCONNECTED, old=DISCONNECTED, reason=radioTurnedOff
D/MobileDataStateTracker(  356): hipri: Broadcast received: android.intent.action.ANY_DATA_STATE apnType=hipri
D/MobileDataStateTracker(  356): hipri: Received state=DISCONNECTED, old=DISCONNECTED, reason=radioTurnedOff
D/MobileDataStateTracker(  356): ims: Broadcast received: android.intent.action.ANY_DATA_STATE apnType=ims
D/MobileDataStateTracker(  356): ims: Received state=DISCONNECTED, old=DISCONNECTED, reason=radioTurnedOff
D/MobileDataStateTracker(  356): default: Broadcast received: android.intent.action.ANY_DATA_STATE apnType=default
I/LatinIME:LogUtils(  604): Dictionary info: dictionary = main:en ; version = 42 ; date = 1381226429
D/MobileDataStateTracker(  356): default: Received state=DISCONNECTED, old=DISCONNECTED, reason=radioTurnedOff
D/MobileDataStateTracker(  356): mms: Broadcast received: android.intent.action.ANY_DATA_STATE apnType=mms
D/MobileDataStateTracker(  356): mms: Received state=DISCONNECTED, old=DISCONNECTED, reason=radioTurnedOff
D/MobileDataStateTracker(  356): cbs: Broadcast received: android.intent.action.ANY_DATA_STATE apnType=cbs
D/MobileDataStateTracker(  356): cbs: Received state=DISCONNECTED, old=DISCONNECTED, reason=radioTurnedOff
D/MobileDataStateTracker(  356): fota: Broadcast received: android.intent.action.ANY_DATA_STATE apnType=fota
D/MobileDataStateTracker(  356): fota: Received state=DISCONNECTED, old=DISCONNECTED, reason=dataDetached
D/MobileDataStateTracker(  356): ia: Broadcast received: android.intent.action.ANY_DATA_STATE apnType=ia
D/MobileDataStateTracker(  356): ia: Received state=DISCONNECTED, old=DISCONNECTED, reason=dataDetached
D/MobileDataStateTracker(  356): supl: Broadcast received: android.intent.action.ANY_DATA_STATE apnType=supl
D/MobileDataStateTracker(  356): supl: Received state=DISCONNECTED, old=DISCONNECTED, reason=dataDetached
D/MobileDataStateTracker(  356): hipri: Broadcast received: android.intent.action.ANY_DATA_STATE apnType=hipri
D/MobileDataStateTracker(  356): hipri: Received state=DISCONNECTED, old=DISCONNECTED, reason=dataDetached
D/MobileDataStateTracker(  356): ims: Broadcast received: android.intent.action.ANY_DATA_STATE apnType=ims
D/MobileDataStateTracker(  356): ims: Received state=DISCONNECTED, old=DISCONNECTED, reason=dataDetached
D/MobileDataStateTracker(  356): default: Broadcast received: android.intent.action.ANY_DATA_STATE apnType=default
D/MobileDataStateTracker(  356): default: Received state=DISCONNECTED, old=DISCONNECTED, reason=dataDetached
D/MobileDataStateTracker(  356): mms: Broadcast received: android.intent.action.ANY_DATA_STATE apnType=mms
D/MobileDataStateTracker(  356): mms: Received state=DISCONNECTED, old=DISCONNECTED, reason=dataDetached
D/MobileDataStateTracker(  356): cbs: Broadcast received: android.intent.action.ANY_DATA_STATE apnType=cbs
D/MobileDataStateTracker(  356): cbs: Received state=DISCONNECTED, old=DISCONNECTED, reason=dataDetached
D/MobileDataStateTracker(  356): fota: Broadcast received: android.intent.action.ANY_DATA_STATE apnType=fota
D/MobileDataStateTracker(  356): fota: Received state=DISCONNECTED, old=DISCONNECTED, reason=roamingOff
D/MobileDataStateTracker(  356): ia: Broadcast received: android.intent.action.ANY_DATA_STATE apnType=ia
D/MobileDataStateTracker(  356): ia: Received state=DISCONNECTED, old=DISCONNECTED, reason=roamingOff
I/FusedLocation(  356): engine stopped (com.android.location.fused)
I/FusedLocation(  356): engine started (com.android.location.fused)
D/MobileDataStateTracker(  356): supl: Broadcast received: android.intent.action.ANY_DATA_STATE apnType=supl
D/MobileDataStateTracker(  356): supl: Received state=DISCONNECTED, old=DISCONNECTED, reason=roamingOff
D/MobileDataStateTracker(  356): hipri: Broadcast received: android.intent.action.ANY_DATA_STATE apnType=hipri
D/dalvikvm(  615): GC_CONCURRENT freed 284K, 11% free 3046K/3396K, paused 5ms+9ms, total 41ms
D/MobileDataStateTracker(  356): hipri: Received state=DISCONNECTED, old=DISCONNECTED, reason=roamingOff
D/MobileDataStateTracker(  356): ims: Broadcast received: android.intent.action.ANY_DATA_STATE apnType=ims
D/MobileDataStateTracker(  356): ims: Received state=DISCONNECTED, old=DISCONNECTED, reason=roamingOff
D/MobileDataStateTracker(  356): default: Broadcast received: android.intent.action.ANY_DATA_STATE apnType=default
D/MobileDataStateTracker(  356): default: Received state=DISCONNECTED, old=DISCONNECTED, reason=roamingOff
D/MobileDataStateTracker(  356): mms: Broadcast received: android.intent.action.ANY_DATA_STATE apnType=mms
D/MobileDataStateTracker(  356): mms: Received state=DISCONNECTED, old=DISCONNECTED, reason=roamingOff
D/MobileDataStateTracker(  356): cbs: Broadcast received: android.intent.action.ANY_DATA_STATE apnType=cbs
D/MobileDataStateTracker(  356): cbs: Received state=DISCONNECTED, old=DISCONNECTED, reason=roamingOff
D/MobileDataStateTracker(  356): fota: Broadcast received: android.intent.action.ANY_DATA_STATE apnType=fota
D/MobileDataStateTracker(  356): fota: Received state=DISCONNECTED, old=DISCONNECTED, reason=roamingOff
D/MobileDataStateTracker(  356): ia: Broadcast received: android.intent.action.ANY_DATA_STATE apnType=ia
D/MobileDataStateTracker(  356): ia: Received state=DISCONNECTED, old=DISCONNECTED, reason=roamingOff
D/MobileDataStateTracker(  356): supl: Broadcast received: android.intent.action.ANY_DATA_STATE apnType=supl
D/MobileDataStateTracker(  356): supl: Received state=DISCONNECTED, old=DISCONNECTED, reason=roamingOff
D/MobileDataStateTracker(  356): hipri: Broadcast received: android.intent.action.ANY_DATA_STATE apnType=hipri
D/MobileDataStateTracker(  356): hipri: Received state=DISCONNECTED, old=DISCONNECTED, reason=roamingOff
D/MobileDataStateTracker(  356): ims: Broadcast received: android.intent.action.ANY_DATA_STATE apnType=ims
D/MobileDataStateTracker(  356): ims: Received state=DISCONNECTED, old=DISCONNECTED, reason=roamingOff
D/MobileDataStateTracker(  356): default: Broadcast received: android.intent.action.ANY_DATA_STATE apnType=default
D/MobileDataStateTracker(  356): default: Received state=DISCONNECTED, old=DISCONNECTED, reason=roamingOff
D/MobileDataStateTracker(  356): mms: Broadcast received: android.intent.action.ANY_DATA_STATE apnType=mms
D/MobileDataStateTracker(  356): mms: Received state=DISCONNECTED, old=DISCONNECTED, reason=roamingOff
D/MobileDataStateTracker(  356): cbs: Broadcast received: android.intent.action.ANY_DATA_STATE apnType=cbs
D/MobileDataStateTracker(  356): cbs: Received state=DISCONNECTED, old=DISCONNECTED, reason=roamingOff
D/TelephonyDebugService(  615): TelephonyDebugService()
D/MccTable(  615): updateMccMncConfiguration: mcc=310, mnc=260
D/AlarmManagerService(  356): Kernel timezone updated to 300 minutes west of GMT
D/MccTable(  615): timezone set to America/New_York
D/MccTable(  615): getLocaleFromMcc to en_us mcc=310
D/MccTable(  615): getLocaleForLanguageCountry: got match
D/MccTable(  615): getLocaleForLanguageCountry: X locale=en_US
D/MccTable(  615): WIFI_COUNTRY_CODE set to us
I/WifiService(  356): WifiService trying to set country code to us with persist set to true
D/MobileDataStateTracker(  356): fota: Broadcast received: android.intent.action.ANY_DATA_STATE apnType=fota
D/MobileDataStateTracker(  356): fota: Received state=DISCONNECTED, old=DISCONNECTED, reason=dataAttached
D/MobileDataStateTracker(  356): ia: Broadcast received: android.intent.action.ANY_DATA_STATE apnType=ia
D/MobileDataStateTracker(  356): ia: Received state=DISCONNECTED, old=DISCONNECTED, reason=dataAttached
D/MobileDataStateTracker(  356): supl: Broadcast received: android.intent.action.ANY_DATA_STATE apnType=supl
D/MobileDataStateTracker(  356): supl: Received state=DISCONNECTED, old=DISCONNECTED, reason=dataAttached
D/MobileDataStateTracker(  356): hipri: Broadcast received: android.intent.action.ANY_DATA_STATE apnType=hipri
D/MobileDataStateTracker(  356): hipri: Received state=DISCONNECTED, old=DISCONNECTED, reason=dataAttached
D/MobileDataStateTracker(  356): ims: Broadcast received: android.intent.action.ANY_DATA_STATE apnType=ims
D/MobileDataStateTracker(  356): ims: Received state=DISCONNECTED, old=DISCONNECTED, reason=dataAttached
D/MobileDataStateTracker(  356): mms: Broadcast received: android.intent.action.ANY_DATA_STATE apnType=mms
D/MobileDataStateTracker(  356): mms: Received state=DISCONNECTED, old=DISCONNECTED, reason=dataAttached
D/MobileDataStateTracker(  356): cbs: Broadcast received: android.intent.action.ANY_DATA_STATE apnType=cbs
D/MobileDataStateTracker(  356): cbs: Received state=DISCONNECTED, old=DISCONNECTED, reason=dataAttached
D/MobileDataStateTracker(  356): fota: Broadcast received: android.intent.action.ANY_DATA_STATE apnType=fota
D/MobileDataStateTracker(  356): fota: Received state=DISCONNECTED, old=DISCONNECTED, reason=dataAttached
D/MobileDataStateTracker(  356): ia: Broadcast received: android.intent.action.ANY_DATA_STATE apnType=ia
D/MobileDataStateTracker(  356): ia: Received state=DISCONNECTED, old=DISCONNECTED, reason=dataAttached
D/MobileDataStateTracker(  356): supl: Broadcast received: android.intent.action.ANY_DATA_STATE apnType=supl
D/MobileDataStateTracker(  356): supl: Received state=DISCONNECTED, old=DISCONNECTED, reason=dataAttached
D/MobileDataStateTracker(  356): hipri: Broadcast received: android.intent.action.ANY_DATA_STATE apnType=hipri
D/MobileDataStateTracker(  356): hipri: Received state=DISCONNECTED, old=DISCONNECTED, reason=dataAttached
D/MobileDataStateTracker(  356): ims: Broadcast received: android.intent.action.ANY_DATA_STATE apnType=ims
D/dalvikvm(  615): GC_CONCURRENT freed 311K, 11% free 3164K/3540K, paused 5ms+2ms, total 186ms
D/MobileDataStateTracker(  356): ims: Received state=DISCONNECTED, old=DISCONNECTED, reason=dataAttached
D/MobileDataStateTracker(  356): mms: Broadcast received: android.intent.action.ANY_DATA_STATE apnType=mms
D/MobileDataStateTracker(  356): mms: Received state=DISCONNECTED, old=DISCONNECTED, reason=dataAttached
D/MobileDataStateTracker(  356): cbs: Broadcast received: android.intent.action.ANY_DATA_STATE apnType=cbs
D/MobileDataStateTracker(  356): cbs: Received state=DISCONNECTED, old=DISCONNECTED, reason=dataAttached
D/dalvikvm(  356): GC_CONCURRENT freed 642K, 56% free 5494K/12484K, paused 4ms+59ms, total 385ms
D/MccTable(  615): updateMccMncConfiguration: mcc=310, mnc=260
D/MccTable(  615): getLocaleFromMcc to en_us mcc=310
D/MccTable(  615): getLocaleForLanguageCountry: got match
D/MccTable(  615): getLocaleForLanguageCountry: X locale=en_US
D/MccTable(  615): updateMccMncConfiguration updateConfig config={1.0 310mcc260mnc en_US ldltr ?swdp ?wdp ?hdp ?density ?lsize ?long ?orien ?uimode ?night ?touch ?keyb/?/? ?nav/?}
I/ActivityManager(  356): Config changes=3 {1.0 310mcc260mnc en_US ldltr sw480dp w480dp h839dp 160dpi lrg long port finger -keyb/v/h tball/v s.6}
D/PermissionCache(   58): checking android.permission.READ_FRAME_BUFFER for uid=1000 => granted (770 us)
D/gralloc (   58): Registering a buffer in the process that created it. This may cause memory ordering problems.
E/libEGL  (   58): called unimplemented OpenGL ES API
E/libEGL  (   58): called unimplemented OpenGL ES API
E/libEGL  (   58): called unimplemented OpenGL ES API
E/libEGL  (   58): called unimplemented OpenGL ES API
E/SurfaceFlinger(   58): glCheckFramebufferStatusOES error 1194966496
E/SurfaceFlinger(   58): got GL_FRAMEBUFFER_COMPLETE_OES error while taking screenshot
E/libEGL  (   58): called unimplemented OpenGL ES API
E/libEGL  (   58): called unimplemented OpenGL ES API
I/ARMAssembler(   58): generated scanline__00000077:03515104_00008001_00000000 [113 ipp] (134 ins) at [0xb5ace1f0:0xb5ace408] in 10000000 ns
D/dalvikvm(  604): GC_CONCURRENT freed 295K, 14% free 3075K/3548K, paused 66ms+135ms, total 230ms
D/PhoneStatusBar(  464): mSettingsPanelGravity = 55
D/MccTable(  615): updateMccMncConfiguration: mcc=310, mnc=260
D/MccTable(  615): getLocaleFromMcc to en_us mcc=310
D/MccTable(  615): getLocaleForLanguageCountry: skipping already persisted
D/MccTable(  615): getLocaleForLanguageCountry: X locale=null
D/MccTable(  615): updateMccMncConfiguration updateConfig config={1.0 310mcc260mnc ?locale ?layoutDir ?swdp ?wdp ?hdp ?density ?lsize ?long ?orien ?uimode ?night ?touch ?keyb/?/? ?nav/?}
D/dalvikvm(  615): GC_CONCURRENT freed 294K, 10% free 3281K/3640K, paused 5ms+4ms, total 54ms
D/dalvikvm(  615): GC_CONCURRENT freed 455K, 14% free 3277K/3800K, paused 33ms+2ms, total 82ms
D/MobileDataStateTracker(  356): fota: Broadcast received: android.intent.action.ANY_DATA_STATE apnType=fota
D/MobileDataStateTracker(  356): fota: Received state=DISCONNECTED, old=DISCONNECTED, reason=simLoaded
D/MobileDataStateTracker(  356): ia: Broadcast received: android.intent.action.ANY_DATA_STATE apnType=ia
D/MobileDataStateTracker(  356): ia: Received state=DISCONNECTED, old=DISCONNECTED, reason=simLoaded
D/MobileDataStateTracker(  356): supl: Broadcast received: android.intent.action.ANY_DATA_STATE apnType=supl
D/MobileDataStateTracker(  356): supl: Received state=DISCONNECTED, old=DISCONNECTED, reason=simLoaded
D/MobileDataStateTracker(  356): hipri: Broadcast received: android.intent.action.ANY_DATA_STATE apnType=hipri
D/MobileDataStateTracker(  356): hipri: Received state=DISCONNECTED, old=DISCONNECTED, reason=simLoaded
D/MobileDataStateTracker(  356): ims: Broadcast received: android.intent.action.ANY_DATA_STATE apnType=ims
D/MobileDataStateTracker(  356): ims: Received state=DISCONNECTED, old=DISCONNECTED, reason=simLoaded
D/MobileDataStateTracker(  356): mms: Broadcast received: android.intent.action.ANY_DATA_STATE apnType=mms
D/MobileDataStateTracker(  356): mms: Received state=DISCONNECTED, old=DISCONNECTED, reason=simLoaded
D/MobileDataStateTracker(  356): cbs: Broadcast received: android.intent.action.ANY_DATA_STATE apnType=cbs
D/MobileDataStateTracker(  356): cbs: Received state=DISCONNECTED, old=DISCONNECTED, reason=simLoaded
D/MobileDataStateTracker(  356): default: Broadcast received: android.intent.action.ANY_DATA_STATE apnType=default
D/MobileDataStateTracker(  356): default: Received state=CONNECTING, old=DISCONNECTED, reason=simLoaded
D/MobileDataStateTracker(  356): default: setDetailed state, old =IDLE and new state=CONNECTING
D/MobileDataStateTracker(  356): fota: Broadcast received: android.intent.action.ANY_DATA_STATE apnType=fota
D/MobileDataStateTracker(  356): fota: Received state=DISCONNECTED, old=DISCONNECTED, reason=simLoaded
D/MobileDataStateTracker(  356): ia: Broadcast received: android.intent.action.ANY_DATA_STATE apnType=ia
D/MobileDataStateTracker(  356): ia: Received state=DISCONNECTED, old=DISCONNECTED, reason=simLoaded
D/MobileDataStateTracker(  356): supl: Broadcast received: android.intent.action.ANY_DATA_STATE apnType=supl
D/MobileDataStateTracker(  356): supl: Received state=DISCONNECTED, old=DISCONNECTED, reason=simLoaded
D/MobileDataStateTracker(  356): hipri: Broadcast received: android.intent.action.ANY_DATA_STATE apnType=hipri
D/MobileDataStateTracker(  356): hipri: Received state=DISCONNECTED, old=DISCONNECTED, reason=simLoaded
D/MobileDataStateTracker(  356): ims: Broadcast received: android.intent.action.ANY_DATA_STATE apnType=ims
D/MobileDataStateTracker(  356): ims: Received state=DISCONNECTED, old=DISCONNECTED, reason=simLoaded
D/MobileDataStateTracker(  356): mms: Broadcast received: android.intent.action.ANY_DATA_STATE apnType=mms
D/MobileDataStateTracker(  356): mms: Received state=DISCONNECTED, old=DISCONNECTED, reason=simLoaded
D/MobileDataStateTracker(  356): cbs: Broadcast received: android.intent.action.ANY_DATA_STATE apnType=cbs
D/MobileDataStateTracker(  356): cbs: Received state=DISCONNECTED, old=DISCONNECTED, reason=simLoaded
D/MobileDataStateTracker(  356): default: Broadcast received: android.intent.action.ANY_DATA_STATE apnType=default
D/MobileDataStateTracker(  356): default: Received state=CONNECTED, old=CONNECTING, reason=connected
D/MobileDataStateTracker(  356): default: setDetailed state, old =CONNECTING and new state=CONNECTED
D/ConnectivityService(  356): ConnectivityChange for mobile: CONNECTED/CONNECTED
D/ConnectivityService(  356): ConnectivityChange checkMobileProvisioning for TYPE_MOBILE or ProvisioningNetwork
D/ConnectivityService(  356): checkMobileProvisioning: E suggestedTimeOutMs=60000
D/ConnectivityService(  356): setProvNotificationVisible: E visible=false networkType=5 extraInfo=null url=null
D/ConnectivityService(  356): checkMobileProvisioning: params={ url=http://clients3.google.com/generate_204 mTimeOutMs=60000 mCb=com.android.server.ConnectivityService$5@b328aed8}
D/ConnectivityService(  356): checkMobileProvisioning: X
D/dalvikvm(  615): GC_CONCURRENT freed 452K, 14% free 3294K/3820K, paused 4ms+4ms, total 154ms
D/dalvikvm(  706): GC_CONCURRENT freed 175K, 8% free 2942K/3184K, paused 53ms+35ms, total 196ms
D/dalvikvm(  356): GC_CONCURRENT freed 587K, 56% free 5608K/12484K, paused 256ms+5ms, total 397ms
D/dalvikvm(  356): WAIT_FOR_CONCURRENT_GC blocked 88ms
D/dalvikvm(  356): WAIT_FOR_CONCURRENT_GC blocked 52ms
D/dalvikvm(  356): WAIT_FOR_CONCURRENT_GC blocked 60ms
D/dalvikvm(  356): WAIT_FOR_CONCURRENT_GC blocked 62ms
D/dalvikvm(  356): WAIT_FOR_CONCURRENT_GC blocked 67ms
D/Nat464Xlat(  356): requiresClat: netType=0, hasIPv4Address=true
D/dalvikvm(  356): WAIT_FOR_CONCURRENT_GC blocked 211ms
D/dalvikvm(  356): GC_CONCURRENT freed 799K, 57% free 5490K/12484K, paused 6ms+16ms, total 121ms
I/NetworkPolicy(  356): no policy for active mobile network; generating default policy
D/MobileDataStateTracker(  356): default: setPolicyDataEnable(enabled=true)
D/dalvikvm(  356): WAIT_FOR_CONCURRENT_GC blocked 560ms
D/dalvikvm(  356): GC_CONCURRENT freed 615K, 56% free 5501K/12484K, paused 10ms+5ms, total 226ms
D/dalvikvm(  706): GC_FOR_ALLOC freed 189K, 8% free 3112K/3372K, paused 42ms, total 43ms
I/dalvikvm-heap(  706): Grow heap (frag case) to 3.712MB for 640016-byte allocation
D/dalvikvm(  706): GC_FOR_ALLOC freed 2K, 7% free 3734K/4000K, paused 48ms, total 48ms
D/dalvikvm(  706): GC_CONCURRENT freed 7K, 7% free 3727K/4000K, paused 3ms+2ms, total 49ms
W/Resources(  706): Converting to int: TypedValue{t=0x3/d=0x12 "4" a=-1}
W/Resources(  706): Converting to int: TypedValue{t=0x3/d=0xf "1" a=-1}
W/Resources(  706): Converting to int: TypedValue{t=0x3/d=0x15 "2" a=-1}
W/Resources(  706): Converting to int: TypedValue{t=0x3/d=0x15 "2" a=-1}
W/Launcher.LauncherProvider(  706): Unable to add favorite: com.android.camera2/com.android.camera.CameraLauncher
W/Launcher.LauncherProvider(  706): android.content.pm.PackageManager$NameNotFoundException: ComponentInfo{com.android.camera2/com.android.camera.CameraLauncher}
W/Launcher.LauncherProvider(  706): 	at android.app.ApplicationPackageManager.getActivityInfo(ApplicationPackageManager.java:242)
W/Launcher.LauncherProvider(  706): 	at com.android.launcher2.LauncherProvider$DatabaseHelper.addAppShortcut(LauncherProvider.java:959)
W/Launcher.LauncherProvider(  706): 	at com.android.launcher2.LauncherProvider$DatabaseHelper.loadFavorites(LauncherProvider.java:863)
W/Launcher.LauncherProvider(  706): 	at com.android.launcher2.LauncherProvider$DatabaseHelper.access$000(LauncherProvider.java:253)
W/Launcher.LauncherProvider(  706): 	at com.android.launcher2.LauncherProvider.loadDefaultFavoritesIfNecessary(LauncherProvider.java:237)
W/Launcher.LauncherProvider(  706): 	at com.android.launcher2.LauncherModel$LoaderTask.loadWorkspace(LauncherModel.java:1278)
W/Launcher.LauncherProvider(  706): 	at com.android.launcher2.LauncherModel$LoaderTask.loadAndBindWorkspace(LauncherModel.java:1020)
W/Launcher.LauncherProvider(  706): 	at com.android.launcher2.LauncherModel$LoaderTask.run(LauncherModel.java:1126)
W/Launcher.LauncherProvider(  706): 	at android.os.Handler.handleCallback(Handler.java:733)
W/Launcher.LauncherProvider(  706): 	at android.os.Handler.dispatchMessage(Handler.java:95)
W/Launcher.LauncherProvider(  706): 	at android.os.Looper.loop(Looper.java:136)
W/Launcher.LauncherProvider(  706): 	at android.os.HandlerThread.run(HandlerThread.java:61)
W/ProcessCpuTracker(  356): Skipping unknown process pid 775
W/Launcher.LauncherProvider(  706): Unable to add favorite: com.android.gallery3d/com.android.gallery3d.app.Gallery
W/Launcher.LauncherProvider(  706): android.content.pm.PackageManager$NameNotFoundException: ComponentInfo{com.android.gallery3d/com.android.gallery3d.app.Gallery}
W/Launcher.LauncherProvider(  706): 	at android.app.ApplicationPackageManager.getActivityInfo(ApplicationPackageManager.java:242)
W/Launcher.LauncherProvider(  706): 	at com.android.launcher2.LauncherProvider$DatabaseHelper.addAppShortcut(LauncherProvider.java:959)
W/Launcher.LauncherProvider(  706): 	at com.android.launcher2.LauncherProvider$DatabaseHelper.loadFavorites(LauncherProvider.java:863)
W/Launcher.LauncherProvider(  706): 	at com.android.launcher2.LauncherProvider$DatabaseHelper.access$000(LauncherProvider.java:253)
W/Launcher.LauncherProvider(  706): 	at com.android.launcher2.LauncherProvider.loadDefaultFavoritesIfNecessary(LauncherProvider.java:237)
W/Launcher.LauncherProvider(  706): 	at com.android.launcher2.LauncherModel$LoaderTask.loadWorkspace(LauncherModel.java:1278)
W/Launcher.LauncherProvider(  706): 	at com.android.launcher2.LauncherModel$LoaderTask.loadAndBindWorkspace(LauncherModel.java:1020)
W/Launcher.LauncherProvider(  706): 	at com.android.launcher2.LauncherModel$LoaderTask.run(LauncherModel.java:1126)
W/Launcher.LauncherProvider(  706): 	at android.os.Handler.handleCallback(Handler.java:733)
W/Launcher.LauncherProvider(  706): 	at android.os.Handler.dispatchMessage(Handler.java:95)
W/Launcher.LauncherProvider(  706): 	at android.os.Looper.loop(Looper.java:136)
W/Launcher.LauncherProvider(  706): 	at android.os.HandlerThread.run(HandlerThread.java:61)
I/SurfaceFlinger(   58): Boot is finished (85842 ms)
E/NetdConnector(  356): NDC Command {12 bandwidth setiquota eth0 9223372036854775807} took too long (1638ms)
D/MobileDataStateTracker(  356): default: setPolicyDataEnable(enabled=true)
D/dalvikvm(  706): GC_CONCURRENT freed 333K, 10% free 3830K/4232K, paused 22ms+4ms, total 135ms
D/MobileDataStateTracker(  356): default: isProvisioningNetwork: retVal=false
D/ConnectivityService(  356): [CheckMp] isMobileOk: isDefaultProvisioning=false
D/MobileDataStateTracker(  356): hipri: isProvisioningNetwork: retVal=false
D/ConnectivityService(  356): [CheckMp] isMobileOk: isHipriProvisioning=false
D/ConnectivityService(  356): [CheckMp] isMobileOk: start hipri url=http://clients3.google.com/generate_204
W/ActivityManager(  356): Launch timeout has expired, giving up wake lock!
E/NetdConnector(  356): NDC Command {13 bandwidth removeiquota eth0} took too long (934ms)
I/InputReader(  356): Reconfiguring input devices.  changes=0x00000010
W/WindowManager(  356): App freeze timeout expired.
W/WindowManager(  356): Force clearing freeze: AppWindowToken{b35b96f0 token=Token{b35b78f8 ActivityRecord{b2e5a180 u0 com.android.launcher/com.android.launcher2.Launcher t3}}}
I/WindowManager(  356): Screen frozen for +5s49ms due to AppWindowToken{b35b96f0 token=Token{b35b78f8 ActivityRecord{b2e5a180 u0 com.android.launcher/com.android.launcher2.Launcher t3}}}
I/MediaProvider(  632): Upgrading media database from version 0 to 700, which will destroy all old data
I/PackageManager(  356):   Action: "android.intent.action.SENDTO"
I/PackageManager(  356):   Category: "android.intent.category.DEFAULT"
I/PackageManager(  356):   Scheme: "sms"
I/PackageManager(  356): Adding preferred activity ComponentInfo{com.android.mms/com.android.mms.ui.ComposeMessageActivity} for user 0 :
I/PackageManager(  356):   Action: "android.intent.action.SENDTO"
I/PackageManager(  356):   Category: "android.intent.category.DEFAULT"
I/PackageManager(  356):   Scheme: "smsto"
I/PackageManager(  356): Adding preferred activity ComponentInfo{com.android.mms/com.android.mms.ui.ComposeMessageActivity} for user 0 :
I/Choreographer(  356): Skipped 35 frames!  The application may be doing too much work on its main thread.
I/Choreographer(  356): Skipped 36 frames!  The application may be doing too much work on its main thread.
I/ARMAssembler(   58): generated scanline__00000077:03515104_00009001_00000000 [131 ipp] (153 ins) at [0xb5ace410:0xb5ace674] in 10000000 ns
I/PackageManager(  356):   Action: "android.intent.action.SENDTO"
I/PackageManager(  356):   Category: "android.intent.category.DEFAULT"
I/PackageManager(  356):   Scheme: "mms"
I/PackageManager(  356): Adding preferred activity ComponentInfo{com.android.mms/com.android.mms.ui.ComposeMessageActivity} for user 0 :
D/Launcher.Model(  706): Reload apps on config change. curr_mcc:310 prevmcc:0
D/dalvikvm(  356): GC_CONCURRENT freed 595K, 56% free 5608K/12484K, paused 6ms+15ms, total 359ms
D/dalvikvm(  356): WAIT_FOR_CONCURRENT_GC blocked 223ms
I/PackageManager(  356):   Action: "android.intent.action.SENDTO"
I/PackageManager(  356):   Category: "android.intent.category.DEFAULT"
I/PackageManager(  356):   Scheme: "mmsto"
I/PackageManager(  356): Adding preferred activity ComponentInfo{com.android.mms/com.android.mms.ui.ComposeMessageActivity} for user 0 :
I/PackageManager(  356):   Action: "android.intent.action.SENDTO"
I/PackageManager(  356):   Category: "android.intent.category.DEFAULT"
I/PackageManager(  356):   Scheme: "sms"
I/PackageManager(  356): Adding preferred activity ComponentInfo{com.android.mms/com.android.mms.ui.ComposeMessageActivity} for user 0 :
I/Choreographer(  706): Skipped 542 frames!  The application may be doing too much work on its main thread.
I/PackageManager(  356):   Action: "android.intent.action.SENDTO"
I/PackageManager(  356):   Category: "android.intent.category.DEFAULT"
I/PackageManager(  356):   Scheme: "smsto"
I/PackageManager(  356): Adding preferred activity ComponentInfo{com.android.mms/com.android.mms.ui.ComposeMessageActivity} for user 0 :
D/dalvikvm(  615): GC_CONCURRENT freed 373K, 13% free 3376K/3872K, paused 2ms+2ms, total 124ms
D/dalvikvm(  615): WAIT_FOR_CONCURRENT_GC blocked 25ms
I/PackageManager(  356):   Action: "android.intent.action.SENDTO"
I/PackageManager(  356):   Category: "android.intent.category.DEFAULT"
I/PackageManager(  356):   Scheme: "mms"
I/PackageManager(  356): Adding preferred activity ComponentInfo{com.android.mms/com.android.mms.ui.ComposeMessageActivity} for user 0 :
I/PackageManager(  356):   Action: "android.intent.action.SENDTO"
I/PackageManager(  356):   Category: "android.intent.category.DEFAULT"
I/PackageManager(  356):   Scheme: "mmsto"
I/PackageManager(  356): Adding preferred activity ComponentInfo{com.android.mms/com.android.mms.ui.ComposeMessageActivity} for user 0 :
I/Choreographer(  706): Skipped 52 frames!  The application may be doing too much work on its main thread.
E/NetdConnector(  356): NDC Command {14 bandwidth setiquota eth0 9223372036854775807} took too long (1985ms)
D/MobileDataStateTracker(  356): default: setPolicyDataEnable(enabled=true)
D/gralloc_goldfish(  706): Emulator without GPU emulation detected.
D/dalvikvm(  356): GC_CONCURRENT freed 705K, 56% free 5568K/12484K, paused 170ms+28ms, total 328ms
D/dalvikvm(  356): WAIT_FOR_CONCURRENT_GC blocked 151ms
D/dalvikvm(  706): GC_FOR_ALLOC freed 161K, 6% free 4030K/4264K, paused 19ms, total 20ms
I/dalvikvm-heap(  706): Grow heap (frag case) to 5.535MB for 1610896-byte allocation
D/dalvikvm(  706): GC_FOR_ALLOC freed 1K, 5% free 5602K/5840K, paused 30ms, total 30ms
D/Tethering(  356): MasterInitialState.processMessage what=3
D/CaptivePortalTracker(  356): NoActiveNetworkState{ when=-3ms what=1 obj=NetworkInfo: type: mobile[UMTS], state: CONNECTED/CONNECTED, reason: connected, extra: epc.tmobile.com, roaming: false, failover: false, isAvailable: true, isConnectedToProvisioningNetwork: false target=com.android.internal.util.StateMachine$SmHandler }
D/CaptivePortalTracker(  356): NoActiveNetworkState not a wifi connectivity change, ignore
D/dalvikvm(  706): GC_CONCURRENT freed 19K, 5% free 5583K/5840K, paused 4ms+3ms, total 40ms
D/dalvikvm(  706): WAIT_FOR_CONCURRENT_GC blocked 9ms
I/dalvikvm-heap(  706): Grow heap (frag case) to 7.052MB for 1610896-byte allocation
D/dalvikvm(  706): GC_FOR_ALLOC freed <1K, 4% free 7156K/7416K, paused 21ms, total 21ms
D/dalvikvm(  706): GC_CONCURRENT freed <1K, 4% free 7199K/7460K, paused 5ms+3ms, total 48ms
D/ConnectivityService(  356): startUsingNetworkFeature reconnecting to 0: enableHIPRI
D/dalvikvm(  356): GC_EXPLICIT freed 285K, 55% free 5625K/12484K, paused 5ms+4ms, total 84ms
I/ActivityManager(  356): Displayed com.android.launcher/com.android.launcher2.Launcher: +10s781ms (total +14s321ms)
D/dalvikvm(  464): GC_FOR_ALLOC freed 3130K, 48% free 3587K/6780K, paused 106ms, total 114ms
I/dalvikvm-heap(  464): Grow heap (frag case) to 6.492MB for 3072016-byte allocation
I/Choreographer(  356): Skipped 47 frames!  The application may be doing too much work on its main thread.
D/dalvikvm(  464): GC_CONCURRENT freed 5K, 3% free 6581K/6780K, paused 4ms+59ms, total 331ms
I/Choreographer(  356): Skipped 32 frames!  The application may be doing too much work on its main thread.
D/ConnectivityService(  356): startUsingNetworkFeature X: return APN_REQUEST_STARTED
E/ConnectivityService(  356): startUsingNetworkFeature took too long: 3761ms
D/ConnectivityService(  356): [CheckMp] isMobileOk: hipri started
D/ConnectivityService(  356): [CheckMp] isMobileOk: not connected ni=NetworkInfo: type: mobile_hipri[UMTS], state: DISCONNECTED/IDLE, reason: (unspecified), extra: (none), roaming: false, failover: false, isAvailable: true, isConnectedToProvisioningNetwork: false
D/MobileDataStateTracker(  356): hipri: Broadcast received: android.intent.action.ANY_DATA_STATE apnType=hipri
D/MobileDataStateTracker(  356): hipri: Received state=CONNECTING, old=DISCONNECTED, reason=dataEnabled
D/MobileDataStateTracker(  356): hipri: setDetailed state, old =IDLE and new state=CONNECTING
D/MobileDataStateTracker(  356): fota: Broadcast received: android.intent.action.ANY_DATA_STATE apnType=fota
D/MobileDataStateTracker(  356): fota: Received state=DISCONNECTED, old=DISCONNECTED, reason=dataEnabled
D/MobileDataStateTracker(  356): ia: Broadcast received: android.intent.action.ANY_DATA_STATE apnType=ia
D/MobileDataStateTracker(  356): ia: Received state=DISCONNECTED, old=DISCONNECTED, reason=dataEnabled
D/MobileDataStateTracker(  356): supl: Broadcast received: android.intent.action.ANY_DATA_STATE apnType=supl
D/MobileDataStateTracker(  356): supl: Received state=DISCONNECTED, old=DISCONNECTED, reason=dataEnabled
D/MobileDataStateTracker(  356): ims: Broadcast received: android.intent.action.ANY_DATA_STATE apnType=ims
D/MobileDataStateTracker(  356): ims: Received state=DISCONNECTED, old=DISCONNECTED, reason=dataEnabled
D/MobileDataStateTracker(  356): mms: Broadcast received: android.intent.action.ANY_DATA_STATE apnType=mms
D/MobileDataStateTracker(  356): mms: Received state=DISCONNECTED, old=DISCONNECTED, reason=dataEnabled
D/MobileDataStateTracker(  356): cbs: Broadcast received: android.intent.action.ANY_DATA_STATE apnType=cbs
D/MobileDataStateTracker(  356): cbs: Received state=DISCONNECTED, old=DISCONNECTED, reason=dataEnabled
D/MobileDataStateTracker(  356): hipri: Broadcast received: android.intent.action.ANY_DATA_STATE apnType=hipri
D/AndroidRuntime(  815): 
D/AndroidRuntime(  815): >>>>>> AndroidRuntime START com.android.internal.os.RuntimeInit <<<<<<
D/MobileDataStateTracker(  356): hipri: Received state=CONNECTED, old=CONNECTING, reason=dataEnabled
D/MobileDataStateTracker(  356): hipri: setDetailed state, old =CONNECTING and new state=CONNECTED
D/ConnectivityService(  356): ConnectivityChange for mobile_hipri: CONNECTED/CONNECTED
D/AndroidRuntime(  815): CheckJNI is ON
E/logwrapper(  817): executing /system/bin/ip failed: No such file or directory
E/ConnectivityService(  356): Exception trying to add a route: java.lang.IllegalStateException: command '21 interface fwmark exempt add 10.0.2.2/32' failed with '400 21 Failed to add exemption rule (File exists)'
D/dalvikvm(  815): Trying to load lib libjavacore.so 0x0
D/dalvikvm(  815): Added shared lib libjavacore.so 0x0
E/logwrapper(  818): executing /system/bin/ip failed: No such file or directory
E/ConnectivityService(  356): Exception trying to add a route: java.lang.IllegalStateException: command '23 interface fwmark exempt add 10.0.2.3/32' failed with '400 23 Failed to add exemption rule (File exists)'
D/dalvikvm(  815): Trying to load lib libnativehelper.so 0x0
D/dalvikvm(  815): Added shared lib libnativehelper.so 0x0
D/dalvikvm(  815): No JNI_OnLoad found in libnativehelper.so 0x0, skipping init
E/logwrapper(  819): executing /system/bin/ip failed: No such file or directory
E/ConnectivityService(  356): Exception trying to add a route: java.lang.IllegalStateException: command '25 interface fwmark exempt add 10.0.2.2/32' failed with '400 25 Failed to add exemption rule (File exists)'
E/logwrapper(  820): executing /system/bin/ip failed: No such file or directory
E/ConnectivityService(  356): Exception trying to add a route: java.lang.IllegalStateException: command '27 interface fwmark exempt add 10.0.2.4/32' failed with '400 27 Failed to add exemption rule (File exists)'
E/logwrapper(  821): executing /system/bin/ip failed: No such file or directory
E/SecondaryTablController(   55): ip route add failed: /system/bin/ip route add 10.0.2.2/32 via 0.0.0.0 dev eth0 table 60
W/FrameworkListener(   55): Handler 'interface' error (No such device)
E/ConnectivityService(  356): Exception trying to add a route: java.lang.IllegalStateException: command '28 interface route add eth0 secondary 10.0.2.2 32 0.0.0.0' failed with '400 28 ip route modification failed (No such device)'
E/logwrapper(  822): executing /system/bin/ip failed: No such file or directory
E/SecondaryTablController(   55): ip route add failed: /system/bin/ip route add 0.0.0.0/0 via 10.0.2.2 dev eth0 table 60
W/FrameworkListener(   55): Handler 'interface' error (No such device)
E/ConnectivityService(  356): Exception trying to add a route: java.lang.IllegalStateException: command '29 interface route add eth0 secondary 0.0.0.0 0 10.0.2.2' failed with '400 29 ip route modification failed (No such device)'
D/Nat464Xlat(  356): requiresClat: netType=5, hasIPv4Address=true
D/MobileDataStateTracker(  356): default: setPolicyDataEnable(enabled=true)
W/NetworkPolicy(  356): shared quota unsupported; generating rule for each iface
D/MobileDataStateTracker(  356): hipri: isProvisioningNetwork: retVal=false
D/ConnectivityService(  356): [CheckMp] isMobileOk: isProvisioningNetwork is false, continue
D/dalvikvm(  815): Note: class Landroid/app/ActivityManagerNative; has 179 unimplemented (abstract) methods
D/ConnectivityService(  356): [CheckMp] isMobileOk: addresses=clients3.google.com/172.217.23.14
D/ConnectivityService(  356): [CheckMp] isMobileOk: linkHasIpv4=true linkHasIpv6=false
I/Choreographer(  706): Skipped 75 frames!  The application may be doing too much work on its main thread.
E/NetdConnector(  356): NDC Command {31 bandwidth removeiquota eth0} took too long (1456ms)
E/memtrack(  815): Couldn't load memtrack module (No such file or directory)
E/android.os.Debug(  815): failed to load memtrack module: -2
E/NetdConnector(  356): NDC Command {32 interface route add eth0 default 10.0.2.2 32 0.0.0.0} took too long (1527ms)
I/Choreographer(  706): Skipped 158 frames!  The application may be doing too much work on its main thread.
D/AndroidRuntime(  815): Calling main entry com.android.commands.pm.Pm
I/Choreographer(  706): Skipped 68 frames!  The application may be doing too much work on its main thread.
I/ActivityManager(  356): Start proc com.android.defcontainer for service com.android.defcontainer/.DefaultContainerService: pid=850 uid=10003 gids={50003, 1028, 1015, 1023, 2001, 1035}
D/Tethering(  356): MasterInitialState.processMessage what=3
D/CaptivePortalTracker(  356): NoActiveNetworkState{ when=-15ms what=1 obj=NetworkInfo: type: mobile_hipri[UMTS], state: CONNECTED/CONNECTED, reason: dataEnabled, extra: epc.tmobile.com, roaming: false, failover: false, isAvailable: true, isConnectedToProvisioningNetwork: false target=com.android.internal.util.StateMachine$SmHandler }
D/CaptivePortalTracker(  356): NoActiveNetworkState not a wifi connectivity change, ignore
E/logwrapper(  871): executing /system/bin/ip failed: No such file or directory
E/NetdConnector(  356): NDC Command {33 bandwidth setiquota eth0 9223372036854775807} took too long (1681ms)
E/NetdConnector(  356): NDC Command {34 interface fwmark exempt add 10.0.2.2/32} took too long (1520ms)
E/ConnectivityService(  356): Exception trying to add a route: java.lang.IllegalStateException: command '34 interface fwmark exempt add 10.0.2.2/32' failed with '400 34 Failed to add exemption rule (File exists)'
E/NetdConnector(  356): NDC Command {35 bandwidth removeiquota eth0} took too long (642ms)
E/NetdConnector(  356): NDC Command {36 interface route add eth0 default 172.217.23.14 32 10.0.2.2} took too long (601ms)
W/ActivityManager(  356): Activity destroy timeout for ActivityRecord{b32abf08 u0 com.android.settings/.CryptKeeper t1 f}
E/SQLiteLog(  632): (1) no such table: album_info
I/Choreographer(  706): Skipped 49 frames!  The application may be doing too much work on its main thread.
W/ProcessCpuTracker(  356): Skipping unknown process pid 891
D/dalvikvm(  356): GC_CONCURRENT freed 641K, 54% free 5593K/11952K, paused 6ms+14ms, total 139ms
I/ContactLocale(  563): AddressBook Labels [en_US]: [, A, B, C, D, E, F, G, H, I, J, K, L, M, N, O, P, Q, R, S, T, U, V, W, X, Y, Z, , , , , , , , , , , , , , , , , , , , , , , , , , , , , , , , , , , , , , , , , , , , , , , , , , , , , , , , , , , , , , , , , , , , , , , , , , , , , , , , , , , , , , , , , , , , , , , , , , , , , , , , , , , , , , , , , , , , , , , , , , , , , , , , , , , , , , , , , , , , , , , , , , , , , , , , , , , , , , , , , , , , , , , , , , , , , , , , , , , , , , #, ]
E/logwrapper(  898): executing /system/bin/ip failed: No such file or directory
E/NetdConnector(  356): NDC Command {37 bandwidth setiquota eth0 9223372036854775807} took too long (1574ms)
D/MobileDataStateTracker(  356): default: setPolicyDataEnable(enabled=true)
D/dalvikvm(  632): GC_CONCURRENT freed 223K, 10% free 2881K/3168K, paused 5ms+2ms, total 183ms
I/ActivityManager(  356): Start proc com.android.externalstorage for broadcast com.android.externalstorage/.MountReceiver: pid=902 uid=10006 gids={50006, 1028, 1015, 1023}
I/DownloadManager(  632): Upgrading downloads database from version 0 to version 109, which will destroy all old data
E/NetdConnector(  356): NDC Command {38 interface fwmark exempt add 172.217.23.14/32} took too long (1953ms)
E/ConnectivityService(  356): Exception trying to add a route: java.lang.IllegalStateException: command '38 interface fwmark exempt add 172.217.23.14/32' failed with '400 38 Failed to add exemption rule (File exists)'
D/ConnectivityService(  356): requestRouteToHostAddress ok=false
D/ConnectivityService(  356): [CheckMp] isMobileOk: could not establish route to hostAddr=clients3.google.com/172.217.23.14
D/ExternalStorage(  902): Missing UUID for /storage/sdcard; skipping
D/ExternalStorage(  902): After updating volumes, found 0 active roots
D/dalvikvm(  706): GC_CONCURRENT freed 2113K, 26% free 6477K/8664K, paused 4ms+3ms, total 45ms
W/ActivityManager(  356): No content provider found for permission revoke: file:///data/local/tmp/sample_for_analysis.apk
W/ActivityManager(  356): No content provider found for permission revoke: file:///data/local/tmp/sample_for_analysis.apk
I/PackageManager(  356): Copying native libraries to /data/app-lib/vmdl-767329335
D/dalvikvm(  615): GC_CONCURRENT freed 469K, 15% free 3295K/3872K, paused 5ms+2ms, total 36ms
D/GpsLocationProvider(  356): NTP server returned: 1545699665828 (Mon Dec 24 20:01:05 EST 2018) reference: 88770 certainty: 9 system time offset: -30438
I/ActivityManager(  356): Start proc com.android.exchange for content provider com.android.exchange/.provider.ExchangeDirectoryProvider: pid=915 uid=10025 gids={50025, 3003, 1028, 1015}
D/dalvikvm(  356): GC_CONCURRENT freed 490K, 53% free 5703K/11952K, paused 6ms+4ms, total 135ms
D/dalvikvm(  356): GC_CONCURRENT freed 665K, 53% free 5709K/11952K, paused 5ms+5ms, total 63ms
I/PackageManager(  356): Running dexopt on: com.nhnewbank
D/ExternalStorage(  902): Missing UUID for /storage/sdcard; skipping
D/ExternalStorage(  902): After updating volumes, found 0 active roots
D/dalvikvm(  927): DexOpt: load 145ms, verify+opt 336ms, 921868 bytes
E/logwrapper(  928): executing /system/bin/ip failed: No such file or directory
E/ConnectivityService(  356): Exception trying to add a route: java.lang.IllegalStateException: command '41 interface fwmark exempt add 10.0.2.2/32' failed with '400 41 Failed to add exemption rule (File exists)'
I/ActivityManager(  356): Force stopping com.nhnewbank appid=10052 user=-1: update pkg
D/MediaScannerReceiver(  632): action: android.intent.action.MEDIA_MOUNTED path: /storage/sdcard
E/logwrapper(  929): executing /system/bin/ip failed: No such file or directory
D/dalvikvm(  356): GC_CONCURRENT freed 635K, 53% free 5725K/11952K, paused 32ms+30ms, total 206ms
I/PackageManager(  356): Adding preferred activity ComponentInfo{com.android.mms/com.android.mms.ui.ComposeMessageActivity} for user 0 :
I/InputReader(  356): Reconfiguring input devices.  changes=0x00000010
I/PackageManager(  356):   Action: "android.intent.action.SENDTO"
I/PackageManager(  356):   Category: "android.intent.category.DEFAULT"
I/PackageManager(  356):   Scheme: "sms"
I/PackageManager(  356): Adding preferred activity ComponentInfo{com.android.mms/com.android.mms.ui.ComposeMessageActivity} for user 0 :
I/PackageManager(  356):   Action: "android.intent.action.SENDTO"
I/PackageManager(  356):   Category: "android.intent.category.DEFAULT"
I/PackageManager(  356):   Scheme: "smsto"
D/BackupManagerService(  356): Received broadcast Intent { act=android.intent.action.PACKAGE_ADDED dat=package:com.nhnewbank flg=0x4000010 (has extras) }
V/BackupManagerService(  356): addPackageParticipantsLocked: #1
I/PackageManager(  356):   Action: "android.intent.action.SENDTO"
I/PackageManager(  356):   Category: "android.intent.category.DEFAULT"
I/PackageManager(  356):   Scheme: "mms"
I/PackageManager(  356): Adding preferred activity ComponentInfo{com.android.mms/com.android.mms.ui.ComposeMessageActivity} for user 0 :
I/PackageManager(  356):   Action: "android.intent.action.SENDTO"
I/PackageManager(  356):   Category: "android.intent.category.DEFAULT"
I/PackageManager(  356):   Scheme: "mmsto"
I/PackageManager(  356): Adding preferred activity ComponentInfo{com.android.mms/com.android.mms.ui.ComposeMessageActivity} for user 0 :
I/ActivityManager(  356): Start proc com.android.email for content provider com.android.email/.provider.EmailProvider: pid=930 uid=10024 gids={50024, 3003, 1028, 1015}
I/PackageManager(  356):   Action: "android.intent.action.SENDTO"
I/PackageManager(  356):   Category: "android.intent.category.DEFAULT"
I/PackageManager(  356):   Scheme: "sms"
I/PackageManager(  356): Adding preferred activity ComponentInfo{com.android.mms/com.android.mms.ui.ComposeMessageActivity} for user 0 :
I/PackageManager(  356):   Action: "android.intent.action.SENDTO"
I/PackageManager(  356):   Category: "android.intent.category.DEFAULT"
I/PackageManager(  356):   Scheme: "smsto"
I/PackageManager(  356): Adding preferred activity ComponentInfo{com.android.mms/com.android.mms.ui.ComposeMessageActivity} for user 0 :
D/dalvikvm(  615): GC_CONCURRENT freed 330K, 14% free 3362K/3872K, paused 2ms+2ms, total 52ms
I/PackageManager(  356):   Action: "android.intent.action.SENDTO"
I/PackageManager(  356):   Category: "android.intent.category.DEFAULT"
I/PackageManager(  356):   Scheme: "mms"
I/PackageManager(  356): Adding preferred activity ComponentInfo{com.android.mms/com.android.mms.ui.ComposeMessageActivity} for user 0 :
D/dalvikvm(  356): GC_CONCURRENT freed 789K, 53% free 5713K/11952K, paused 44ms+15ms, total 186ms
D/dalvikvm(  356): WAIT_FOR_CONCURRENT_GC blocked 61ms
D/dalvikvm(  356): WAIT_FOR_CONCURRENT_GC blocked 58ms
I/PackageManager(  356):   Action: "android.intent.action.SENDTO"
I/PackageManager(  356):   Category: "android.intent.category.DEFAULT"
I/PackageManager(  356):   Scheme: "mmsto"
I/PackageManager(  356): Adding preferred activity ComponentInfo{com.android.mms/com.android.mms.ui.ComposeMessageActivity} for user 0 :
D/dalvikvm(  356): WAIT_FOR_CONCURRENT_GC blocked 986ms
E/NetdConnector(  356): NDC Command {43 interface fwmark exempt add 172.217.23.14/32} took too long (1215ms)
E/ConnectivityService(  356): Exception trying to add a route: java.lang.IllegalStateException: command '43 interface fwmark exempt add 172.217.23.14/32' failed with '400 43 Failed to add exemption rule (File exists)'
D/ConnectivityService(  356): requestRouteToHostAddress ok=false
D/ConnectivityService(  356): [CheckMp] isMobileOk: could not establish route to hostAddr=clients3.google.com/172.217.23.14
E/BluetoothAdapter(  628): Bluetooth binder is null
I/ActivityManager(  356): Start proc com.android.music for broadcast com.android.music/.MediaButtonIntentReceiver: pid=949 uid=10032 gids={50032, 3003, 1028, 1015}
I/dalvikvm(  949): CheckJNI enabled: not enabling JNI app bug workarounds.
D/dalvikvm(  356): GC_EXPLICIT freed 537K, 53% free 5711K/11952K, paused 55ms+7ms, total 1080ms
D/AndroidRuntime(  815): Shutting down VM
D/dalvikvm(  815): GC_CONCURRENT freed 95K, 16% free 560K/660K, paused 12ms+3ms, total 22ms
W/RecognitionManagerService(  356): no available voice recognition services found for user 0
D/dalvikvm(  930): GC_CONCURRENT freed 275K, 11% free 2898K/3240K, paused 6ms+2ms, total 59ms
I/MediaFocusControl(  356):   Remote Control   registerMediaButtonIntent() for PendingIntent{b2dd0a48: PendingIntentRecord{b2db6680 com.android.music broadcastIntent}}
V/MediaScanner(  632): pruneDeadThumbnailFiles... android.database.sqlite.SQLiteCursor@b2d91f70
