D/dalvikvm(  357): GC_CONCURRENT freed 408K, 66% free 4563K/13176K, paused 6ms+13ms, total 81ms
I/PackageManager(  357): /system/app/PicoTts.apk changed; collecting certs
I/PackageManager(  357): /system/app/PinyinIME.apk changed; collecting certs
D/dalvikvm(  357): GC_CONCURRENT freed 978K, 69% free 4096K/13176K, paused 5ms+4ms, total 63ms
D/dalvikvm(  357): WAIT_FOR_CONCURRENT_GC blocked 27ms
I/PackageManager(  357): /system/app/PrintSpooler.apk changed; collecting certs
I/PackageManager(  357): /system/app/Protips.apk changed; collecting certs
D/dalvikvm(  357): GC_CONCURRENT freed 389K, 69% free 4189K/13176K, paused 5ms+4ms, total 79ms
I/PackageManager(  357): /system/app/QuickSearchBox.apk changed; collecting certs
D/dalvikvm(  357): GC_CONCURRENT freed 484K, 69% free 4203K/13176K, paused 5ms+3ms, total 43ms
D/dalvikvm(  357): WAIT_FOR_CONCURRENT_GC blocked 32ms
I/PackageManager(  357): /system/app/SdkSetup.apk changed; collecting certs
D/dalvikvm(  357): GC_CONCURRENT freed 421K, 68% free 4315K/13176K, paused 13ms+3ms, total 99ms
I/PackageManager(  357): /system/app/SoundRecorder.apk changed; collecting certs
I/PackageManager(  357): /system/app/SpeechRecorder.apk changed; collecting certs
I/PackageManager(  357): /system/app/TelephonyProvider.apk changed; collecting certs
I/PackageManager(  357): /system/app/UserDictionaryProvider.apk changed; collecting certs
D/dalvikvm(  357): GC_CONCURRENT freed 476K, 67% free 4371K/13176K, paused 4ms+14ms, total 109ms
D/PackageManager(  357): No files in app dir /vendor/app
D/dalvikvm(  357): GC_CONCURRENT freed 575K, 68% free 4291K/13176K, paused 8ms+6ms, total 133ms
I/PackageManager(  357): /data/app/ApiDemos.apk changed; collecting certs
D/dalvikvm(  357): GC_CONCURRENT freed 237K, 66% free 4519K/13176K, paused 6ms+3ms, total 45ms
D/dalvikvm(  357): WAIT_FOR_CONCURRENT_GC blocked 32ms
D/dalvikvm(  357): GC_CONCURRENT freed 386K, 65% free 4668K/13176K, paused 6ms+7ms, total 103ms
D/dalvikvm(  357): GC_CONCURRENT freed 282K, 63% free 4914K/13176K, paused 5ms+5ms, total 105ms
D/dalvikvm(  357): GC_CONCURRENT freed 630K, 64% free 4830K/13176K, paused 5ms+4ms, total 68ms
D/dalvikvm(  357): WAIT_FOR_CONCURRENT_GC blocked 30ms
D/dalvikvm(  357): GC_CONCURRENT freed 529K, 64% free 4830K/13176K, paused 13ms+3ms, total 75ms
D/dalvikvm(  357): WAIT_FOR_CONCURRENT_GC blocked 20ms
D/dalvikvm(  357): GC_CONCURRENT freed 521K, 64% free 4836K/13176K, paused 5ms+5ms, total 89ms
D/dalvikvm(  357): WAIT_FOR_CONCURRENT_GC blocked 8ms
D/dalvikvm(  357): GC_CONCURRENT freed 526K, 64% free 4842K/13176K, paused 13ms+3ms, total 69ms
D/dalvikvm(  357): WAIT_FOR_CONCURRENT_GC blocked 32ms
D/dalvikvm(  357): GC_CONCURRENT freed 528K, 64% free 4845K/13176K, paused 4ms+3ms, total 65ms
D/dalvikvm(  357): WAIT_FOR_CONCURRENT_GC blocked 28ms
D/dalvikvm(  357): GC_CONCURRENT freed 528K, 64% free 4848K/13176K, paused 5ms+3ms, total 67ms
D/dalvikvm(  357): WAIT_FOR_CONCURRENT_GC blocked 28ms
D/dalvikvm(  357): GC_CONCURRENT freed 528K, 64% free 4850K/13176K, paused 6ms+3ms, total 69ms
D/dalvikvm(  357): WAIT_FOR_CONCURRENT_GC blocked 27ms
D/dalvikvm(  357): GC_CONCURRENT freed 530K, 64% free 4855K/13176K, paused 13ms+3ms, total 69ms
D/dalvikvm(  357): WAIT_FOR_CONCURRENT_GC blocked 32ms
D/dalvikvm(  357): GC_CONCURRENT freed 537K, 64% free 4857K/13176K, paused 5ms+3ms, total 112ms
D/dalvikvm(  357): WAIT_FOR_CONCURRENT_GC blocked 44ms
D/dalvikvm(  357): GC_CONCURRENT freed 530K, 64% free 4859K/13176K, paused 5ms+3ms, total 67ms
D/dalvikvm(  357): WAIT_FOR_CONCURRENT_GC blocked 28ms
I/PackageManager(  357): /data/app/CubeLiveWallpapers.apk changed; collecting certs
I/PackageManager(  357): /data/app/GestureBuilder.apk changed; collecting certs
D/dalvikvm(  357): GC_CONCURRENT freed 435K, 63% free 4964K/13176K, paused 6ms+10ms, total 79ms
D/dalvikvm(  357): WAIT_FOR_CONCURRENT_GC blocked 9ms
I/PackageManager(  357): /data/app/SmokeTest.apk changed; collecting certs
I/PackageManager(  357): /data/app/SmokeTestApp.apk changed; collecting certs
I/PackageManager(  357): /data/app/SoftKeyboard.apk changed; collecting certs
D/dalvikvm(  357): GC_CONCURRENT freed 1141K, 67% free 4390K/13176K, paused 15ms+13ms, total 85ms
D/dalvikvm(  357): WAIT_FOR_CONCURRENT_GC blocked 12ms
I/PackageManager(  357): /data/app/WidgetPreview.apk changed; collecting certs
D/dalvikvm(  357): GC_CONCURRENT freed 538K, 67% free 4362K/13176K, paused 5ms+3ms, total 83ms
D/dalvikvm(  357): WAIT_FOR_CONCURRENT_GC blocked 15ms
D/dalvikvm(  357): GC_CONCURRENT freed 379K, 67% free 4406K/13176K, paused 6ms+14ms, total 94ms
D/dalvikvm(  357): GC_EXPLICIT freed 241K, 68% free 4278K/13176K, paused 4ms+3ms, total 53ms
D/SettingsProvider(  357): User 0 external modification to /data/data/com.android.providers.settings/databases/settings.db; event=2
D/SettingsProvider(  357): User 0 updating our caches for /data/data/com.android.providers.settings/databases/settings.db
I/SyncManager(  357): No initial accounts
I/SyncManager(  357): No initial status
W/SyncManagerFile(  357): Error reading pending data.
W/SyncManagerFile(  357): java.io.FileNotFoundException: /data/system/sync/pending.xml: open failed: ENOENT (No such file or directory)
W/SyncManagerFile(  357): 	at libcore.io.IoBridge.open(IoBridge.java:409)
W/SyncManagerFile(  357): 	at java.io.FileInputStream.<init>(FileInputStream.java:78)
W/SyncManagerFile(  357): 	at android.util.AtomicFile.openRead(AtomicFile.java:199)
W/SyncManagerFile(  357): 	at com.android.server.content.SyncStorageEngine.readPendingOperationsLocked(SyncStorageEngine.java:2286)
W/SyncManagerFile(  357): 	at com.android.server.content.SyncStorageEngine.<init>(SyncStorageEngine.java:434)
W/SyncManagerFile(  357): 	at com.android.server.content.SyncStorageEngine.init(SyncStorageEngine.java:454)
W/SyncManagerFile(  357): 	at com.android.server.content.SyncManager.<init>(SyncManager.java:383)
W/SyncManagerFile(  357): 	at com.android.server.content.ContentService.getSyncManager(ContentService.java:75)
W/SyncManagerFile(  357): 	at com.android.server.content.ContentService.notifyChange(ContentService.java:283)
W/SyncManagerFile(  357): 	at android.content.ContentResolver.notifyChange(ContentResolver.java:1621)
W/SyncManagerFile(  357): 	at com.android.providers.settings.SettingsProvider.sendNotify(SettingsProvider.java:262)
W/SyncManagerFile(  357): 	at com.android.providers.settings.SettingsProvider.insertForUser(SettingsProvider.java:941)
W/SyncManagerFile(  357): 	at com.android.providers.settings.SettingsProvider.ensureAndroidIdIsSet(SettingsProvider.java:496)
W/SyncManagerFile(  357): 	at com.android.providers.settings.SettingsProvider.establishDbTracking(SettingsProvider.java:409)
W/SyncManagerFile(  357): 	at com.android.providers.settings.SettingsProvider.onCreate(SettingsProvider.java:335)
W/SyncManagerFile(  357): 	at android.content.ContentProvider.attachInfo(ContentProvider.java:1591)
W/SyncManagerFile(  357): 	at android.content.ContentProvider.attachInfo(ContentProvider.java:1562)
W/SyncManagerFile(  357): 	at android.app.ActivityThread.installProvider(ActivityThread.java:4774)
W/SyncManagerFile(  357): 	at android.app.ActivityThread.installContentProviders(ActivityThread.java:4369)
W/SyncManagerFile(  357): 	at android.app.ActivityThread.installSystemProviders(ActivityThread.java:4929)
W/SyncManagerFile(  357): 	at com.android.server.am.ActivityManagerService.installSystemProviders(ActivityManagerService.java:8081)
W/SyncManagerFile(  357): 	at com.android.server.ServerThread.initAndLoop(SystemServer.java:275)
W/SyncManagerFile(  357): 	at com.android.server.SystemServer.main(SystemServer.java:1179)
W/SyncManagerFile(  357): 	at java.lang.reflect.Method.invokeNative(Native Method)
W/SyncManagerFile(  357): 	at java.lang.reflect.Method.invoke(Method.java:515)
W/SyncManagerFile(  357): 	at com.android.internal.os.ZygoteInit$MethodAndArgsCaller.run(ZygoteInit.java:785)
W/SyncManagerFile(  357): 	at com.android.internal.os.ZygoteInit.main(ZygoteInit.java:601)
W/SyncManagerFile(  357): 	at dalvik.system.NativeStart.main(Native Method)
W/SyncManagerFile(  357): Caused by: libcore.io.ErrnoException: open failed: ENOENT (No such file or directory)
W/SyncManagerFile(  357): 	at libcore.io.Posix.open(Native Method)
W/SyncManagerFile(  357): 	at libcore.io.BlockGuardOs.open(BlockGuardOs.java:110)
W/SyncManagerFile(  357): 	at libcore.io.IoBridge.open(IoBridge.java:393)
W/SyncManagerFile(  357): 	... 27 more
I/SyncManager(  357): No initial statistics
D/SettingsProvider(  357): User 0 external modification to /data/data/com.android.providers.settings/databases/settings.db; event=2
D/SettingsProvider(  357): User 0 updating our caches for /data/data/com.android.providers.settings/databases/settings.db
E/ConsumerIrService(  357): Can't open consumer IR HW Module, error: -2
W/libsuspend(  357): Error writing 'on' to /sys/power/state: Invalid argument
E/libsuspend(  357): Error opening /sys/power/autosleep: No such file or directory
I/libsuspend(  357): Selected wakeup count
D/PermissionCache(   57): checking android.permission.ACCESS_SURFACE_FLINGER for uid=1000 => granted (2639 us)
D/SurfaceFlinger(   57): Screen acquired, type=0 flinger=0xb89ed450
D/SurfaceFlinger(   57):  screen was previously acquired
D/dalvikvm(  357): GC_CONCURRENT freed 300K, 67% free 4469K/13176K, paused 5ms+35ms, total 129ms
E/EventHub(  357): could not get driver version for /dev/input/mouse0, Not a typewriter
W/EventHub(  357): Unable to disable kernel key repeat for /dev/input/event0: Function not implemented
I/EventHub(  357): New device: id=1, fd=93, path='/dev/input/event0', name='qwerty2', classes=0x2d, configuration='/system/usr/idc/qwerty2.idc', keyLayout='/system/usr/keylayout/qwerty.kl', keyCharacterMap='/system/usr/keychars/qwerty2.kcm', builtinKeyboard=true, usingSuspendBlockIoctl=true, usingClockIoctl=true
E/EventHub(  357): could not get driver version for /dev/input/mice, Not a typewriter
I/InputReader(  357): Device added: id=-1, name='Virtual', sources=0x00000301
I/InputReader(  357):   Touch device 'qwerty2' could not query the properties of its associated display.  The device will be inoperable until the display size becomes available.
I/InputReader(  357): Device added: id=0, name='qwerty2', sources=0x00011307
I/InputReader(  357): Reconfiguring input devices.  changes=0x00000004
I/InputReader(  357): Device reconfigured: id=0, name='qwerty2', size 480x864, orientation 0, mode 1, display id 0
I/PackageManager(  357): No secure containers on sdcard
D/dalvikvm(  357): GC_CONCURRENT freed 264K, 65% free 4611K/13176K, paused 16ms+14ms, total 103ms
D/WifiController(  357): isAirplaneModeOn = false, isWifiEnabled = false, isScanningAvailable = false
D/SettingsProvider(  357): User 0 external modification to /data/data/com.android.providers.settings/databases/settings.db; event=2
D/SettingsProvider(  357): User 0 updating our caches for /data/data/com.android.providers.settings/databases/settings.db
D/SettingsProvider(  357): User 0 external modification to /data/data/com.android.providers.settings/databases/settings.db; event=2
D/SettingsProvider(  357): User 0 updating our caches for /data/data/com.android.providers.settings/databases/settings.db
D/dalvikvm(  357): GC_CONCURRENT freed 322K, 64% free 4801K/13176K, paused 5ms+34ms, total 149ms
D/dalvikvm(  357): WAIT_FOR_CONCURRENT_GC blocked 10ms
D/dalvikvm(  357): WAIT_FOR_CONCURRENT_GC blocked 17ms
D/dalvikvm(  357): WAIT_FOR_CONCURRENT_GC blocked 16ms
D/Atlas   (  357): Computing best atlas configuration...
D/Atlas   (  357): Running Thread-49
I/WindowManager(  357): SAFE MODE not enabled
D/Atlas   (  357): Found best atlas configuration in 0.14s
D/dalvikvm(  357): GC_CONCURRENT freed 366K, 63% free 4962K/13176K, paused 6ms+16ms, total 128ms
D/dalvikvm(  357): WAIT_FOR_CONCURRENT_GC blocked 11ms
D/Atlas   (  357): Loaded configuration: SliceMinArea (768x768) flags=0x2 count=24
D/gralloc_goldfish(  357): Emulator without GPU emulation detected.
E/SQLiteLog(  357): (1) no such table: locksettings
W/AssetAtlasService(  357): Could not find EGL configuration
D/Atlas   (  357): Rendered atlas in 29.65ms (26.67+2.97ms)
I/Zygote  (  357): Process: zygote socket opened
V/KeyguardServiceDelegate(  357): *** Keyguard started
V/KeyguardServiceDelegate(  357): onSystemReady() called before keyguard service was ready
F/SystemServer(  357): BOOT FAILURE making Package Manager Service ready
F/SystemServer(  357): java.lang.SecurityException: Unable to find app for caller android.app.ActivityThread$ApplicationThread@b338e360 (pid=357) when registering receiver android.app.LoadedApk$ReceiverDispatcher$InnerReceiver@b2dd32c0
F/SystemServer(  357): 	at com.android.server.am.ActivityManagerService.registerReceiver(ActivityManagerService.java:13021)
F/SystemServer(  357): 	at android.app.ContextImpl.registerReceiverInternal(ContextImpl.java:1450)
F/SystemServer(  357): 	at android.app.ContextImpl.registerReceiverAsUser(ContextImpl.java:1425)
F/SystemServer(  357): 	at com.android.internal.content.PackageMonitor.register(PackageMonitor.java:84)
F/SystemServer(  357): 	at com.android.server.pm.UserManagerService.systemReady(UserManagerService.java:237)
F/SystemServer(  357): 	at com.android.server.pm.PackageManagerService.systemReady(PackageManagerService.java:10476)
F/SystemServer(  357): 	at com.android.server.ServerThread.initAndLoop(SystemServer.java:893)
F/SystemServer(  357): 	at com.android.server.SystemServer.main(SystemServer.java:1179)
F/SystemServer(  357): 	at java.lang.reflect.Method.invokeNative(Native Method)
F/SystemServer(  357): 	at java.lang.reflect.Method.invoke(Method.java:515)
F/SystemServer(  357): 	at com.android.internal.os.ZygoteInit$MethodAndArgsCaller.run(ZygoteInit.java:785)
F/SystemServer(  357): 	at com.android.internal.os.ZygoteInit.main(ZygoteInit.java:601)
F/SystemServer(  357): 	at dalvik.system.NativeStart.main(Native Method)
I/Choreographer(  357): Skipped 53 frames!  The application may be doing too much work on its main thread.
E/SoundPool(  446): error loading /system/media/audio/ui/Lock.ogg
W/KeyguardViewMediator(  446): failed to load lock sound from /system/media/audio/ui/Lock.ogg
E/SoundPool(  446): error loading /system/media/audio/ui/Unlock.ogg
W/KeyguardViewMediator(  446): failed to load unlock sound from /system/media/audio/ui/Unlock.ogg
V/KeyguardService(  446): onCreate()
V/KeyguardServiceDelegate(  357): *** Keyguard connected (yay!)
V/KeyguardServiceDelegate(  357): **** SHOWN CALLED ****
D/dalvikvm(  357): GC_CONCURRENT freed 332K, 62% free 5093K/13176K, paused 13ms+5ms, total 92ms
I/ContactsUpgradeReceiver(  479): Creating or opening contacts database
I/ContactsDatabaseHelper(  479): Bootstrapping database version: 803
D/dalvikvm(  479): GC_CONCURRENT freed 386K, 15% free 2793K/3276K, paused 15ms+2ms, total 63ms
D/dalvikvm(  479): GC_CONCURRENT freed 320K, 13% free 2872K/3288K, paused 14ms+5ms, total 42ms
I/ContactsProviderV1(  479): Bootstrapping database legacy support
I/ContactsDatabaseHelper(  479): Bootstrapping database version: 803
D/dalvikvm(  479): GC_CONCURRENT freed 338K, 13% free 2930K/3364K, paused 8ms+1ms, total 43ms
I/ContactsProviderV1(  479): Bootstrapping database legacy support
I/ContactsProvider(  479): Locale has changed from null to en_US
I/ContactsDatabaseHelper(  479): Switching to locale en_US (ICU v51.1.0.1)
D/dalvikvm(  479): GC_CONCURRENT freed 336K, 13% free 3013K/3444K, paused 3ms+2ms, total 41ms
I/ContactsDatabaseHelper(  479): Locale change completed in 430ms
I/ContactsDatabaseHelper(  479): Switching to locale en_US (ICU v51.1.0.1)
D/dalvikvm(  479): GC_CONCURRENT freed 355K, 13% free 3056K/3504K, paused 4ms+1ms, total 41ms
I/ContactsDatabaseHelper(  479): Locale change completed in 431ms
I/fsck_msdos(   52): ** /dev/block/vold/179:0
I/fsck_msdos(   52): Invalid signature in fsinfo block
I/fsck_msdos(   52): FIXED
I/fsck_msdos(   52): ** Phase 1 - Read and Compare FATs
I/fsck_msdos(   52): Attempting to allocate 794 KB for FAT
D/SystemUIService(  446): loading: class com.android.systemui.recent.Recents
D/SystemUIService(  446): running: com.android.systemui.recent.Recents@b2dc9010
D/SystemUIService(  446): loading: class com.android.systemui.statusbar.SystemBars
D/SystemUIService(  446): running: com.android.systemui.statusbar.SystemBars@b2dc95f8
D/SystemUIService(  446): loading: class com.android.systemui.usb.StorageNotification
D/SystemUIService(  446): running: com.android.systemui.usb.StorageNotification@b2dcb348
D/dalvikvm(  357): GC_CONCURRENT freed 446K, 61% free 5231K/13176K, paused 61ms+6ms, total 425ms
D/SystemUIService(  446): loading: class com.android.systemui.power.PowerUI
D/SystemUIService(  446): running: com.android.systemui.power.PowerUI@b2dccc00
D/SystemUIService(  446): loading: class com.android.systemui.media.RingtonePlayer
D/SystemUIService(  446): running: com.android.systemui.media.RingtonePlayer@b2dcd9e0
D/SystemUIService(  446): loading: class com.android.systemui.settings.SettingsUI
D/SystemUIService(  446): running: com.android.systemui.settings.SettingsUI@b2dcecc8
I/fsck_msdos(   52): Attempting to allocate 794 KB for FAT
D/PhoneStatusBar(  446): mSettingsPanelGravity = 55
I/fsck_msdos(   52): ** Phase 2 - Check Cluster Chains
I/fsck_msdos(   52): ** Phase 3 - Checking Directories
I/fsck_msdos(   52): ** Phase 4 - Checking for Lost Files
I/fsck_msdos(   52): Free space in FSInfo block (201592) not correct (201591)
I/fsck_msdos(   52): FIXED
I/fsck_msdos(   52): 1 files, 100795 free (201591 clusters)
D/dalvikvm(  446): GC_CONCURRENT freed 282K, 12% free 2822K/3204K, paused 5ms+3ms, total 132ms
W/Vold    (   52): blkid failed to identify /dev/block/vold/179:0
I/PackageManager(  357): Updating external media status from unmounted to mounted
D/dalvikvm(  446): GC_FOR_ALLOC freed 37K, 9% free 2947K/3204K, paused 26ms, total 28ms
E/BluetoothAdapter(  446): Bluetooth binder is null
E/BluetoothAdapter(  446): Bluetooth binder is null
I/PackageManager(  357): No secure containers on sdcard
E/BluetoothAdapter(  446): Bluetooth binder is null
D/dalvikvm(  446): GC_CONCURRENT freed 59K, 6% free 3302K/3480K, paused 4ms+4ms, total 72ms
E/BluetoothAdapter(  446): Bluetooth binder is null
D/PhoneStatusBar(  446): disable: < expand icons alerts ticker system_info back home recent clock search >
E/BluetoothAdapter(  446): Bluetooth binder is null
D/PhoneStatusBar(  446): heads up is disabled
I/Choreographer(  446): Skipped 485 frames!  The application may be doing too much work on its main thread.
D/dalvikvm(  357): GC_CONCURRENT freed 626K, 62% free 5120K/13176K, paused 6ms+4ms, total 352ms
D/dalvikvm(  446): GC_CONCURRENT freed 136K, 7% free 3554K/3788K, paused 34ms+51ms, total 149ms
I/Choreographer(  446): Skipped 270 frames!  The application may be doing too much work on its main thread.
D/dalvikvm(  545): GC_CONCURRENT freed 255K, 11% free 2954K/3304K, paused 4ms+38ms, total 238ms
D/dalvikvm(  545): WAIT_FOR_CONCURRENT_GC blocked 44ms
D/dalvikvm(  545): WAIT_FOR_CONCURRENT_GC blocked 80ms
D/gralloc_goldfish(  446): Emulator without GPU emulation detected.
I/Choreographer(  446): Skipped 44 frames!  The application may be doing too much work on its main thread.
D/PhoneStatusBar(  446): mSettingsPanelGravity = 55
D/dalvikvm(  446): GC_FOR_ALLOC freed 95K, 6% free 3561K/3788K, paused 57ms, total 80ms
I/dalvikvm-heap(  446): Grow heap (frag case) to 6.498MB for 3072016-byte allocation
D/dalvikvm(  446): GC_FOR_ALLOC freed 4K, 4% free 6557K/6792K, paused 23ms, total 23ms
W/GpsLocationProvider(  357): Could not open GPS configuration file /etc/gps.conf
W/ServiceWatcher(  357): com.google.android.location not found
W/ServiceWatcher(  357): com.google.android.location not found
W/ServiceWatcher(  357): com.google.android.location not found
D/dalvikvm(  446): GC_CONCURRENT freed 0K, 4% free 6558K/6792K, paused 12ms+3ms, total 99ms
W/ServiceWatcher(  357): com.google.android.location not found
E/FlpHardwareProvider(  357): Error hw_get_module 'flp': -2
W/ServiceWatcher(  357): com.google.android.location not found
E/FlpHardwareProvider(  357): Error hw_get_module 'flp': -2
W/ServiceWatcher(  357): com.google.android.location not found
D/dalvikvm(  357): GC_CONCURRENT freed 460K, 61% free 5269K/13176K, paused 130ms+6ms, total 324ms
D/dalvikvm(  357): WAIT_FOR_CONCURRENT_GC blocked 98ms
D/dalvikvm(  357): WAIT_FOR_CONCURRENT_GC blocked 100ms
D/dalvikvm(  357): WAIT_FOR_CONCURRENT_GC blocked 51ms
I/CommonTimeManagementService(  357): No common time service detected on this platform.  Common time services will be unavailable.
I/InputReader(  357): Reconfiguring input devices.  changes=0x00000020
I/InputReader(  357): Reconfiguring input devices.  changes=0x00000010
D/dalvikvm(   58): GC_EXPLICIT freed 38K, 5% free 2705K/2840K, paused 2ms+2ms, total 58ms
D/dalvikvm(   58): GC_EXPLICIT freed <1K, 5% free 2705K/2840K, paused 2ms+2ms, total 43ms
D/dalvikvm(   58): GC_EXPLICIT freed <1K, 5% free 2705K/2840K, paused 2ms+2ms, total 43ms
D/dalvikvm(  446): GC_FOR_ALLOC freed 3001K, 7% free 3559K/3788K, paused 77ms, total 78ms
I/dalvikvm-heap(  446): Grow heap (frag case) to 6.497MB for 3072016-byte allocation
D/dalvikvm(  446): GC_FOR_ALLOC freed <1K, 4% free 6559K/6792K, paused 127ms, total 127ms
D/dalvikvm(  446): GC_CONCURRENT freed 1K, 4% free 6562K/6792K, paused 4ms+53ms, total 121ms
I/LatinIME(  586): Hardware accelerated drawing: true
I/FusedLocation(  357): engine started (com.android.location.fused)
D/PhoneStatusBar(  446): mSettingsPanelGravity = 55
D/dalvikvm(  357): GC_CONCURRENT freed 573K, 60% free 5340K/13176K, paused 5ms+23ms, total 211ms
D/dalvikvm(  357): WAIT_FOR_CONCURRENT_GC blocked 9ms
D/dalvikvm(  357): WAIT_FOR_CONCURRENT_GC blocked 9ms
V/StatusBar(  446): userId 0 is in the house
W/InputAttributes(  586): No editor info for this field. Bug?
I/ResourceUtils(  586): Found default value: resource=keypress_vibration_durations build=[HARDWARE=goldfish MODEL=sdk BRAND=generic MANUFACTURER=unknown] default=-1
I/ResourceUtils(  586): Found default value: resource=keypress_volumes build=[HARDWARE=goldfish MODEL=sdk BRAND=generic MANUFACTURER=unknown] default=-1.0f
D/dalvikvm(  586): GC_CONCURRENT freed 230K, 11% free 2894K/3220K, paused 5ms+3ms, total 157ms
I/LatinIME:LogUtils(  586): Dictionary info: dictionary = personalization.en_US.dict ; version = ? ; date = 1545823128
I/LatinIME:LogUtils(  586): Dictionary info: dictionary = UserHistoryDictionary.en_US.dic ; version = ? ; date = 1545823128
I/LatinIME:LogUtils(  586): Dictionary info: dictionary = PersonalizationPredictionDictio ; version = ? ; date = 1545823128
I/InputReader(  357): Reconfiguring input devices.  changes=0x00000010
I/PackageManager(  357):   Action: "android.intent.action.SENDTO"
I/PackageManager(  357):   Category: "android.intent.category.DEFAULT"
I/PackageManager(  357):   Scheme: "sms"
I/LatinIME:LogUtils(  586): Dictionary info: dictionary = userunigram.en_US.dict ; version = ? ; date = ?
D/dalvikvm(  601): GC_CONCURRENT freed 181K, 9% free 2927K/3204K, paused 62ms+37ms, total 513ms
D/dalvikvm(  357): GC_CONCURRENT freed 521K, 59% free 5482K/13176K, paused 78ms+14ms, total 391ms
D/dalvikvm(  357): WAIT_FOR_CONCURRENT_GC blocked 313ms
D/dalvikvm(  357): WAIT_FOR_CONCURRENT_GC blocked 295ms
D/dalvikvm(  357): WAIT_FOR_CONCURRENT_GC blocked 166ms
D/dalvikvm(  357): WAIT_FOR_CONCURRENT_GC blocked 51ms
I/PackageManager(  357):   Action: "android.intent.action.SENDTO"
I/PackageManager(  357):   Category: "android.intent.category.DEFAULT"
I/PackageManager(  357):   Scheme: "smsto"
I/PackageManager(  357):   Action: "android.intent.action.SENDTO"
I/PackageManager(  357):   Category: "android.intent.category.DEFAULT"
I/PackageManager(  357):   Scheme: "mms"
I/PackageManager(  357):   Action: "android.intent.action.SENDTO"
I/PackageManager(  357):   Category: "android.intent.category.DEFAULT"
I/PackageManager(  357):   Scheme: "mmsto"
I/PackageManager(  357):   Action: "android.intent.action.SENDTO"
I/PackageManager(  357):   Category: "android.intent.category.DEFAULT"
I/PackageManager(  357):   Scheme: "sms"
I/PrintSpoolerService(  667): No existing print spooler state.
I/PackageManager(  357):   Action: "android.intent.action.SENDTO"
I/PackageManager(  357):   Category: "android.intent.category.DEFAULT"
I/PackageManager(  357):   Scheme: "smsto"
I/PackageManager(  357):   Action: "android.intent.action.SENDTO"
I/PackageManager(  357):   Category: "android.intent.category.DEFAULT"
I/PackageManager(  357):   Scheme: "mms"
I/PackageManager(  357):   Action: "android.intent.action.SENDTO"
I/PackageManager(  357):   Category: "android.intent.category.DEFAULT"
I/PackageManager(  357):   Scheme: "mmsto"
E/BluetoothAdapter(  601): Bluetooth binder is null
D/dalvikvm(  586): GC_CONCURRENT freed 384K, 14% free 3016K/3468K, paused 43ms+38ms, total 205ms
D/dalvikvm(  357): GC_CONCURRENT freed 668K, 59% free 5426K/13176K, paused 35ms+8ms, total 270ms
E/BluetoothAdapter(  601): Bluetooth binder is null
D/CallNotifier(  601): CallNotifier: mSignalInfoToneGenerator created when toneplay
E/BluetoothAdapter(  601): Bluetooth binder is null
D/dalvikvm(  586): GC_CONCURRENT freed 448K, 18% free 2976K/3588K, paused 4ms+3ms, total 31ms
I/FusedLocation(  357): engine stopped (com.android.location.fused)
I/FusedLocation(  357): engine started (com.android.location.fused)
I/LatinIME:LogUtils(  586): Dictionary info: dictionary = main:en ; version = 42 ; date = 1381226429
I/LatinIME:LogUtils(  586): Dictionary info: dictionary = main:en ; version = 42 ; date = 1381226429
I/LatinIME:LogUtils(  586): Dictionary info: dictionary = main:en ; version = 42 ; date = 1381226429
D/dalvikvm(  601): GC_CONCURRENT freed 286K, 12% free 3055K/3436K, paused 5ms+90ms, total 154ms
I/LatinIME:LogUtils(  586): Dictionary info: dictionary = main:en ; version = 42 ; date = 1381226429
I/LatinIME:LogUtils(  586): Dictionary info: dictionary = main:en ; version = 42 ; date = 1381226429
I/LatinIME:LogUtils(  586): Dictionary info: dictionary = main:en ; version = 42 ; date = 1381226429
D/TelephonyDebugService(  601): TelephonyDebugService()
I/LatinIME:LogUtils(  586): Dictionary info: dictionary = main:en ; version = 42 ; date = 1381226429
I/LatinIME:LogUtils(  586): Dictionary info: dictionary = main:en ; version = 42 ; date = 1381226429
D/dalvikvm(  586): GC_CONCURRENT freed 295K, 15% free 3072K/3588K, paused 5ms+13ms, total 114ms
D/AlarmManagerService(  357): Kernel timezone updated to 300 minutes west of GMT
D/dalvikvm(  601): GC_CONCURRENT freed 285K, 11% free 3164K/3548K, paused 4ms+2ms, total 62ms
D/PhoneStatusBar(  446): mSettingsPanelGravity = 55
D/PermissionCache(   57): checking android.permission.READ_FRAME_BUFFER for uid=1000 => granted (742 us)
D/gralloc (   57): Registering a buffer in the process that created it. This may cause memory ordering problems.
E/libEGL  (   57): called unimplemented OpenGL ES API
E/libEGL  (   57): called unimplemented OpenGL ES API
E/libEGL  (   57): called unimplemented OpenGL ES API
E/libEGL  (   57): called unimplemented OpenGL ES API
E/SurfaceFlinger(   57): glCheckFramebufferStatusOES error -1096563576
E/SurfaceFlinger(   57): got GL_FRAMEBUFFER_COMPLETE_OES error while taking screenshot
E/libEGL  (   57): called unimplemented OpenGL ES API
E/libEGL  (   57): called unimplemented OpenGL ES API
I/ARMAssembler(   57): generated scanline__00000077:03515104_00008001_00000000 [113 ipp] (134 ins) at [0xb59731f0:0xb5973408] in 10000000 ns
I/Choreographer(  446): Skipped 30 frames!  The application may be doing too much work on its main thread.
D/dalvikvm(  601): GC_CONCURRENT freed 301K, 11% free 3282K/3680K, paused 23ms+4ms, total 63ms
D/dalvikvm(  357): GC_CONCURRENT freed 607K, 59% free 5474K/13176K, paused 32ms+5ms, total 82ms
D/dalvikvm(  357): WAIT_FOR_CONCURRENT_GC blocked 53ms
D/dalvikvm(  601): GC_CONCURRENT freed 455K, 14% free 3314K/3832K, paused 12ms+5ms, total 54ms
D/dalvikvm(  601): GC_CONCURRENT freed 452K, 15% free 3296K/3848K, paused 10ms+93ms, total 182ms
D/dalvikvm(  683): GC_CONCURRENT freed 176K, 9% free 2941K/3220K, paused 15ms+3ms, total 153ms
D/dalvikvm(  357): GC_CONCURRENT freed 504K, 58% free 5565K/13176K, paused 5ms+4ms, total 329ms
D/dalvikvm(  357): GC_CONCURRENT freed 780K, 59% free 5503K/13176K, paused 6ms+26ms, total 200ms
D/dalvikvm(  357): WAIT_FOR_CONCURRENT_GC blocked 134ms
D/dalvikvm(  683): GC_FOR_ALLOC freed 189K, 9% free 3112K/3400K, paused 25ms, total 36ms
I/dalvikvm-heap(  683): Grow heap (frag case) to 3.744MB for 640016-byte allocation
D/dalvikvm(  683): GC_CONCURRENT freed 3K, 8% free 3734K/4028K, paused 34ms+2ms, total 128ms
D/dalvikvm(  683): WAIT_FOR_CONCURRENT_GC blocked 113ms
W/Resources(  683): Converting to int: TypedValue{t=0x3/d=0x12 "4" a=-1}
W/Resources(  683): Converting to int: TypedValue{t=0x3/d=0xf "1" a=-1}
W/Resources(  683): Converting to int: TypedValue{t=0x3/d=0x15 "2" a=-1}
W/Resources(  683): Converting to int: TypedValue{t=0x3/d=0x15 "2" a=-1}
W/Launcher.LauncherProvider(  683): Unable to add favorite: com.android.camera2/com.android.camera.CameraLauncher
W/Launcher.LauncherProvider(  683): android.content.pm.PackageManager$NameNotFoundException: ComponentInfo{com.android.camera2/com.android.camera.CameraLauncher}
W/Launcher.LauncherProvider(  683): 	at android.app.ApplicationPackageManager.getActivityInfo(ApplicationPackageManager.java:242)
W/Launcher.LauncherProvider(  683): 	at com.android.launcher2.LauncherProvider$DatabaseHelper.addAppShortcut(LauncherProvider.java:959)
W/Launcher.LauncherProvider(  683): 	at com.android.launcher2.LauncherProvider$DatabaseHelper.loadFavorites(LauncherProvider.java:863)
W/Launcher.LauncherProvider(  683): 	at com.android.launcher2.LauncherProvider$DatabaseHelper.access$000(LauncherProvider.java:253)
W/Launcher.LauncherProvider(  683): 	at com.android.launcher2.LauncherProvider.loadDefaultFavoritesIfNecessary(LauncherProvider.java:237)
W/Launcher.LauncherProvider(  683): 	at com.android.launcher2.LauncherModel$LoaderTask.loadWorkspace(LauncherModel.java:1278)
W/Launcher.LauncherProvider(  683): 	at com.android.launcher2.LauncherModel$LoaderTask.loadAndBindWorkspace(LauncherModel.java:1020)
W/Launcher.LauncherProvider(  683): 	at com.android.launcher2.LauncherModel$LoaderTask.run(LauncherModel.java:1126)
W/Launcher.LauncherProvider(  683): 	at android.os.Handler.handleCallback(Handler.java:733)
W/Launcher.LauncherProvider(  683): 	at android.os.Handler.dispatchMessage(Handler.java:95)
W/Launcher.LauncherProvider(  683): 	at android.os.Looper.loop(Looper.java:136)
W/Launcher.LauncherProvider(  683): 	at android.os.HandlerThread.run(HandlerThread.java:61)
W/Launcher.LauncherProvider(  683): Unable to add favorite: com.android.gallery3d/com.android.gallery3d.app.Gallery
W/Launcher.LauncherProvider(  683): android.content.pm.PackageManager$NameNotFoundException: ComponentInfo{com.android.gallery3d/com.android.gallery3d.app.Gallery}
W/Launcher.LauncherProvider(  683): 	at android.app.ApplicationPackageManager.getActivityInfo(ApplicationPackageManager.java:242)
W/Launcher.LauncherProvider(  683): 	at com.android.launcher2.LauncherProvider$DatabaseHelper.addAppShortcut(LauncherProvider.java:959)
W/Launcher.LauncherProvider(  683): 	at com.android.launcher2.LauncherProvider$DatabaseHelper.loadFavorites(LauncherProvider.java:863)
W/Launcher.LauncherProvider(  683): 	at com.android.launcher2.LauncherProvider$DatabaseHelper.access$000(LauncherProvider.java:253)
W/Launcher.LauncherProvider(  683): 	at com.android.launcher2.LauncherProvider.loadDefaultFavoritesIfNecessary(LauncherProvider.java:237)
W/Launcher.LauncherProvider(  683): 	at com.android.launcher2.LauncherModel$LoaderTask.loadWorkspace(LauncherModel.java:1278)
W/Launcher.LauncherProvider(  683): 	at com.android.launcher2.LauncherModel$LoaderTask.loadAndBindWorkspace(LauncherModel.java:1020)
W/Launcher.LauncherProvider(  683): 	at com.android.launcher2.LauncherModel$LoaderTask.run(LauncherModel.java:1126)
W/Launcher.LauncherProvider(  683): 	at android.os.Handler.handleCallback(Handler.java:733)
W/Launcher.LauncherProvider(  683): 	at android.os.Handler.dispatchMessage(Handler.java:95)
W/Launcher.LauncherProvider(  683): 	at android.os.Looper.loop(Looper.java:136)
W/Launcher.LauncherProvider(  683): 	at android.os.HandlerThread.run(HandlerThread.java:61)
I/SurfaceFlinger(   57): Boot is finished (69212 ms)
D/Tethering(  357): MasterInitialState.processMessage what=3
D/CaptivePortalTracker(  357): NoActiveNetworkState{ when=-3ms what=1 obj=NetworkInfo: type: mobile[UMTS], state: CONNECTED/CONNECTED, reason: connected, extra: epc.tmobile.com, roaming: false, failover: false, isAvailable: true, isConnectedToProvisioningNetwork: false target=com.android.internal.util.StateMachine$SmHandler }
D/CaptivePortalTracker(  357): NoActiveNetworkState not a wifi connectivity change, ignore
I/Choreographer(  357): Skipped 39 frames!  The application may be doing too much work on its main thread.
I/ARMAssembler(   57): generated scanline__00000077:03515104_00009001_00000000 [131 ipp] (153 ins) at [0xb5973410:0xb5973674] in 0 ns
I/Choreographer(  357): Skipped 32 frames!  The application may be doing too much work on its main thread.
I/Choreographer(  357): Skipped 41 frames!  The application may be doing too much work on its main thread.
D/dalvikvm(  357): GC_CONCURRENT freed 598K, 59% free 5512K/13176K, paused 77ms+55ms, total 830ms
D/dalvikvm(  683): GC_CONCURRENT freed 221K, 8% free 3935K/4252K, paused 4ms+111ms, total 284ms
I/InputReader(  357): Reconfiguring input devices.  changes=0x00000010
W/Launcher.Model(  683): LoaderTask running with no launcher (loadAllAppsByBatch)
I/PackageManager(  357):   Action: "android.intent.action.SENDTO"
I/PackageManager(  357):   Category: "android.intent.category.DEFAULT"
I/PackageManager(  357):   Scheme: "sms"
I/PackageManager(  357):   Action: "android.intent.action.SENDTO"
I/PackageManager(  357):   Category: "android.intent.category.DEFAULT"
I/PackageManager(  357):   Scheme: "smsto"
I/PackageManager(  357):   Action: "android.intent.action.SENDTO"
I/PackageManager(  357):   Category: "android.intent.category.DEFAULT"
I/PackageManager(  357):   Scheme: "mms"
I/PackageManager(  357):   Action: "android.intent.action.SENDTO"
I/PackageManager(  357):   Category: "android.intent.category.DEFAULT"
I/PackageManager(  357):   Scheme: "mmsto"
I/PackageManager(  357):   Action: "android.intent.action.SENDTO"
I/PackageManager(  357):   Category: "android.intent.category.DEFAULT"
I/PackageManager(  357):   Scheme: "sms"
D/dalvikvm(  357): GC_CONCURRENT freed 596K, 58% free 5621K/13176K, paused 7ms+5ms, total 96ms
D/dalvikvm(  357): WAIT_FOR_CONCURRENT_GC blocked 31ms
I/PackageManager(  357):   Action: "android.intent.action.SENDTO"
I/PackageManager(  357):   Category: "android.intent.category.DEFAULT"
I/PackageManager(  357):   Scheme: "smsto"
D/dalvikvm(  601): GC_CONCURRENT freed 320K, 13% free 3384K/3880K, paused 4ms+3ms, total 35ms
I/PackageManager(  357):   Action: "android.intent.action.SENDTO"
I/PackageManager(  357):   Category: "android.intent.category.DEFAULT"
I/PackageManager(  357):   Scheme: "mms"
I/PackageManager(  357):   Action: "android.intent.action.SENDTO"
I/PackageManager(  357):   Category: "android.intent.category.DEFAULT"
I/PackageManager(  357):   Scheme: "mmsto"
D/dalvikvm(  601): GC_CONCURRENT freed 476K, 16% free 3296K/3880K, paused 4ms+2ms, total 42ms
D/dalvikvm(  357): GC_CONCURRENT freed 598K, 57% free 5741K/13176K, paused 6ms+5ms, total 175ms
E/logwrapper(  791): executing /system/bin/ip failed: No such file or directory
E/logwrapper(  792): executing /system/bin/ip failed: No such file or directory
E/logwrapper(  793): executing /system/bin/ip failed: No such file or directory
E/logwrapper(  794): executing /system/bin/ip failed: No such file or directory
E/logwrapper(  795): executing /system/bin/ip failed: No such file or directory
E/SecondaryTablController(   54): ip route add failed: /system/bin/ip route add 10.0.2.2/32 via 0.0.0.0 dev eth0 table 60
E/logwrapper(  796): executing /system/bin/ip failed: No such file or directory
E/SecondaryTablController(   54): ip route add failed: /system/bin/ip route add 0.0.0.0/0 via 10.0.2.2 dev eth0 table 60
D/dalvikvm(  357): GC_EXPLICIT freed 316K, 57% free 5666K/13176K, paused 15ms+45ms, total 360ms
I/Choreographer(  683): Skipped 426 frames!  The application may be doing too much work on its main thread.
D/gralloc_goldfish(  683): Emulator without GPU emulation detected.
D/dalvikvm(  683): GC_FOR_ALLOC freed 252K, 9% free 4039K/4396K, paused 61ms, total 82ms
I/dalvikvm-heap(  683): Grow heap (frag case) to 5.576MB for 1610896-byte allocation
D/dalvikvm(  683): GC_FOR_ALLOC freed 13K, 7% free 5599K/5972K, paused 95ms, total 96ms
D/dalvikvm(  683): GC_CONCURRENT freed 18K, 7% free 5581K/5972K, paused 77ms+13ms, total 137ms
D/dalvikvm(  683): WAIT_FOR_CONCURRENT_GC blocked 60ms
I/dalvikvm-heap(  683): Grow heap (frag case) to 7.082MB for 1610896-byte allocation
D/dalvikvm(  683): GC_FOR_ALLOC freed <1K, 6% free 7154K/7548K, paused 60ms, total 60ms
D/dalvikvm(  683): GC_CONCURRENT freed <1K, 6% free 7196K/7592K, paused 53ms+2ms, total 143ms
I/ActivityManager(  357): Displayed com.android.launcher/com.android.launcher2.Launcher: +13s203ms (total +16s85ms)
D/Tethering(  357): MasterInitialState.processMessage what=3
D/CaptivePortalTracker(  357): NoActiveNetworkState{ when=-23ms what=1 obj=NetworkInfo: type: mobile_hipri[UMTS], state: CONNECTED/CONNECTED, reason: dataEnabled, extra: epc.tmobile.com, roaming: false, failover: false, isAvailable: true, isConnectedToProvisioningNetwork: false target=com.android.internal.util.StateMachine$SmHandler }
D/CaptivePortalTracker(  357): NoActiveNetworkState not a wifi connectivity change, ignore
I/Choreographer(  357): Skipped 68 frames!  The application may be doing too much work on its main thread.
D/dalvikvm(  446): GC_FOR_ALLOC freed 3124K, 48% free 3587K/6808K, paused 189ms, total 210ms
I/dalvikvm-heap(  446): Grow heap (frag case) to 6.523MB for 3072016-byte allocation
I/Choreographer(  357): Skipped 43 frames!  The application may be doing too much work on its main thread.
D/AndroidRuntime(  817): 
D/AndroidRuntime(  817): >>>>>> AndroidRuntime START com.android.internal.os.RuntimeInit <<<<<<
D/AndroidRuntime(  817): CheckJNI is ON
D/dalvikvm(  817): Trying to load lib libjavacore.so 0x0
D/dalvikvm(  817): Added shared lib libjavacore.so 0x0
D/dalvikvm(  817): Trying to load lib libnativehelper.so 0x0
D/dalvikvm(  817): Added shared lib libnativehelper.so 0x0
D/dalvikvm(  817): No JNI_OnLoad found in libnativehelper.so 0x0, skipping init
D/dalvikvm(  446): GC_FOR_ALLOC freed <1K, 4% free 6587K/6808K, paused 753ms, total 753ms
I/Choreographer(  683): Skipped 143 frames!  The application may be doing too much work on its main thread.
D/dalvikvm(  446): GC_CONCURRENT freed 5K, 4% free 6581K/6808K, paused 5ms+2ms, total 332ms
D/dalvikvm(  817): Note: class Landroid/app/ActivityManagerNative; has 179 unimplemented (abstract) methods
I/Choreographer(  683): Skipped 235 frames!  The application may be doing too much work on its main thread.
E/memtrack(  817): Couldn't load memtrack module (No such file or directory)
E/android.os.Debug(  817): failed to load memtrack module: -2
I/Choreographer(  683): Skipped 66 frames!  The application may be doing too much work on its main thread.
I/MediaProvider(  616): Upgrading media database from version 0 to 700, which will destroy all old data
D/AndroidRuntime(  817): Calling main entry com.android.commands.pm.Pm
E/logwrapper(  875): executing /system/bin/ip failed: No such file or directory
E/logwrapper(  876): executing /system/bin/ip failed: No such file or directory
E/SQLiteLog(  616): (1) no such table: album_info
D/ExternalStorage(  880): Missing UUID for /storage/sdcard; skipping
D/ExternalStorage(  880): After updating volumes, found 0 active roots
I/DownloadManager(  616): Upgrading downloads database from version 0 to version 109, which will destroy all old data
I/ContactLocale(  545): AddressBook Labels [en_US]: [, A, B, C, D, E, F, G, H, I, J, K, L, M, N, O, P, Q, R, S, T, U, V, W, X, Y, Z, , , , , , , , , , , , , , , , , , , , , , , , , , , , , , , , , , , , , , , , , , , , , , , , , , , , , , , , , , , , , , , , , , , , , , , , , , , , , , , , , , , , , , , , , , , , , , , , , , , , , , , , , , , , , , , , , , , , , , , , , , , , , , , , , , , , , , , , , , , , , , , , , , , , , , , , , , , , , , , , , , , , , , , , , , , , , , , , , , , , , , #, ]
D/GpsLocationProvider(  357): NTP server returned: 1545823117675 (Wed Dec 26 06:18:37 EST 2018) reference: 71173 certainty: 58 system time offset: -31074
D/dalvikvm(  683): GC_CONCURRENT freed 2033K, 25% free 6558K/8696K, paused 4ms+3ms, total 40ms
D/dalvikvm(  357): GC_CONCURRENT freed 663K, 57% free 5682K/13096K, paused 7ms+21ms, total 94ms
D/dalvikvm(  357): GC_CONCURRENT freed 294K, 54% free 6039K/13096K, paused 7ms+5ms, total 65ms
D/dalvikvm(  357): WAIT_FOR_CONCURRENT_GC blocked 50ms
D/dalvikvm(  616): GC_CONCURRENT freed 282K, 12% free 2919K/3300K, paused 73ms+2ms, total 101ms
D/dalvikvm(  357): GC_CONCURRENT freed 559K, 52% free 6317K/13096K, paused 6ms+6ms, total 65ms
D/dalvikvm(  357): WAIT_FOR_CONCURRENT_GC blocked 46ms
E/logwrapper(  907): executing /system/bin/ip failed: No such file or directory
E/logwrapper(  908): executing /system/bin/ip failed: No such file or directory
D/dalvikvm(  357): GC_CONCURRENT freed 381K, 49% free 6763K/13096K, paused 6ms+7ms, total 82ms
D/ExternalStorage(  880): Missing UUID for /storage/sdcard; skipping
D/ExternalStorage(  880): After updating volumes, found 0 active roots
D/dalvikvm(  357): GC_CONCURRENT freed 493K, 46% free 7182K/13096K, paused 14ms+9ms, total 85ms
D/dalvikvm(  357): GC_CONCURRENT freed 1312K, 48% free 6925K/13096K, paused 6ms+5ms, total 73ms
D/dalvikvm(  357): GC_CONCURRENT freed 981K, 47% free 6980K/13096K, paused 7ms+7ms, total 86ms
D/dalvikvm(  357): GC_CONCURRENT freed 1044K, 48% free 6936K/13096K, paused 6ms+5ms, total 74ms
D/dalvikvm(  357): GC_CONCURRENT freed 972K, 47% free 6944K/13096K, paused 6ms+7ms, total 75ms
D/dalvikvm(  357): GC_CONCURRENT freed 969K, 47% free 6955K/13096K, paused 7ms+5ms, total 75ms
D/dalvikvm(  357): GC_CONCURRENT freed 981K, 47% free 6962K/13096K, paused 7ms+6ms, total 76ms
D/dalvikvm(  357): GC_CONCURRENT freed 982K, 47% free 6970K/13096K, paused 6ms+8ms, total 76ms
D/dalvikvm(  357): GC_CONCURRENT freed 993K, 47% free 6971K/13096K, paused 6ms+7ms, total 76ms
E/logwrapper(  909): executing /system/bin/ip failed: No such file or directory
E/logwrapper(  910): executing /system/bin/ip failed: No such file or directory
D/dalvikvm(  357): GC_CONCURRENT freed 978K, 47% free 6987K/13096K, paused 6ms+6ms, total 76ms
D/dalvikvm(  357): GC_CONCURRENT freed 991K, 47% free 6993K/13096K, paused 6ms+7ms, total 76ms
I/PackageManager(  357): Running dexopt on: org.slempo.service
D/dalvikvm(  911): DexOpt: load 248ms, verify+opt 439ms, 1101220 bytes
D/dalvikvm(  357): GC_CONCURRENT freed 911K, 47% free 7040K/13096K, paused 7ms+14ms, total 76ms
I/InputReader(  357): Reconfiguring input devices.  changes=0x00000010
I/PackageManager(  357):   Action: "android.intent.action.SENDTO"
I/PackageManager(  357):   Category: "android.intent.category.DEFAULT"
I/PackageManager(  357):   Scheme: "sms"
I/PackageManager(  357):   Action: "android.intent.action.SENDTO"
I/PackageManager(  357):   Category: "android.intent.category.DEFAULT"
I/PackageManager(  357):   Scheme: "smsto"
I/PackageManager(  357):   Action: "android.intent.action.SENDTO"
I/PackageManager(  357):   Category: "android.intent.category.DEFAULT"
I/PackageManager(  357):   Scheme: "mms"
I/PackageManager(  357):   Action: "android.intent.action.SENDTO"
I/PackageManager(  357):   Category: "android.intent.category.DEFAULT"
I/PackageManager(  357):   Scheme: "mmsto"
I/PackageManager(  357):   Action: "android.intent.action.SENDTO"
I/PackageManager(  357):   Category: "android.intent.category.DEFAULT"
I/PackageManager(  357):   Scheme: "sms"
D/MediaScannerReceiver(  616): action: android.intent.action.MEDIA_MOUNTED path: /storage/sdcard
I/PackageManager(  357):   Action: "android.intent.action.SENDTO"
I/PackageManager(  357):   Category: "android.intent.category.DEFAULT"
I/PackageManager(  357):   Scheme: "smsto"
D/dalvikvm(  601): GC_CONCURRENT freed 380K, 14% free 3364K/3876K, paused 20ms+22ms, total 78ms
I/PackageManager(  357):   Action: "android.intent.action.SENDTO"
I/PackageManager(  357):   Category: "android.intent.category.DEFAULT"
I/PackageManager(  357):   Scheme: "mms"
I/PackageManager(  357):   Action: "android.intent.action.SENDTO"
I/PackageManager(  357):   Category: "android.intent.category.DEFAULT"
I/PackageManager(  357):   Scheme: "mmsto"
I/ContactDirectoryManager(  545): deleted 0 stale rows which don't have any relevant directory
I/ContactDirectoryManager(  545): Discovered 0 contact directories in 6680ms
D/dalvikvm(  357): GC_EXPLICIT freed 2470K, 57% free 5658K/13096K, paused 402ms+7ms, total 599ms
D/dalvikvm(  357): WAIT_FOR_CONCURRENT_GC blocked 299ms
D/dalvikvm(  357): WAIT_FOR_CONCURRENT_GC blocked 210ms
D/dalvikvm(  357): WAIT_FOR_CONCURRENT_GC blocked 179ms
D/dalvikvm(  357): WAIT_FOR_CONCURRENT_GC blocked 107ms
D/dalvikvm(  357): WAIT_FOR_CONCURRENT_GC blocked 74ms
D/dalvikvm(  357): WAIT_FOR_CONCURRENT_GC blocked 74ms
D/dalvikvm(  357): WAIT_FOR_CONCURRENT_GC blocked 75ms
D/dalvikvm(  357): WAIT_FOR_CONCURRENT_GC blocked 221ms
D/dalvikvm(  357): WAIT_FOR_CONCURRENT_GC blocked 182ms
D/AndroidRuntime(  817): Shutting down VM
E/BluetoothAdapter(  607): Bluetooth binder is null
D/dalvikvm(  817): GC_CONCURRENT freed 95K, 16% free 560K/660K, paused 2ms+2ms, total 45ms
I/dalvikvm(  932): CheckJNI enabled: not enabling JNI app bug workarounds.
E/logwrapper(  946): executing /system/bin/ip failed: No such file or directory
I/ContactsProvider(  545): Upgrading aggregation algorithm
E/logwrapper(  947): executing /system/bin/ip failed: No such file or directory
I/ContactAggregator(  545): Marked all visible contacts for aggregation: 0 raw contacts, 48 ms
I/ContactsProvider(  545): Aggregation algorithm upgraded for 0 raw contacts in 131ms
I/ContactsFTS(  545): Rebuild contact search index in 432ms, 0 contacts
D/dalvikvm(  545): GC_CONCURRENT freed 259K, 11% free 3083K/3440K, paused 4ms+2ms, total 43ms
V/MediaScanner(  616): pruneDeadThumbnailFiles... android.database.sqlite.SQLiteCursor@b2dca068
V/MediaScanner(  616): /pruneDeadThumbnailFiles... android.database.sqlite.SQLiteCursor@b2dca068
D/dalvikvm(  913): GC_CONCURRENT freed 213K, 10% free 2893K/3208K, paused 3ms+2ms, total 42ms
I/Email   (  913): Observing account changes for notifications
E/BluetoothAdapter(  607): Bluetooth binder is null
I/MediaFocusControl(  357):   Remote Control   registerMediaButtonIntent() for PendingIntent{b3408158: PendingIntentRecord{b30334a0 com.android.music broadcastIntent}}
D/ExtensionsFactory(  952): No custom extensions.
D/dalvikvm(   58): GC_EXPLICIT freed 39K, 5% free 2705K/2844K, paused 3ms+2ms, total 61ms
D/dalvikvm(   58): GC_EXPLICIT freed <1K, 5% free 2705K/2844K, paused 3ms+3ms, total 45ms
D/dalvikvm(   58): GC_EXPLICIT freed <1K, 5% free 2705K/2844K, paused 13ms+12ms, total 54ms
V/AlarmClock(  979): AlarmInitReceiver android.intent.action.TIMEZONE_CHANGED
I/CalendarDatabaseHelper(  972): Bootstrapping database
D/dalvikvm(  357): GC_CONCURRENT freed 550K, 57% free 5723K/13096K, paused 27ms+5ms, total 80ms
I/AlarmClock(  979): Alarms Table created
I/AlarmClock(  979): Instance table created
I/AlarmClock(  979): Cities table created
I/AlarmClock(  979): Inserting default alarms
I/AlarmClock(  979): Displaying next alarm time: ''
V/AlarmClock(  979): AlarmInitReceiver finished
I/CalendarProvider2(  972): Created com.android.providers.calendar.CalendarAlarmManager@b2dae8b8(com.android.providers.calendar.CalendarProvider2@b2d9af90)
E/BluetoothAdapter(  607): Bluetooth binder is null
E/logwrapper( 1003): executing /system/bin/ip failed: No such file or directory
E/SecondaryTablController(   54): ip route del failed: /system/bin/ip route del 10.0.2.2/32 via 0.0.0.0 dev eth0 table 60
D/dalvikvm(  601): GC_CONCURRENT freed 459K, 15% free 3296K/3876K, paused 4ms+2ms, total 70ms
E/logwrapper( 1004): executing /system/bin/ip failed: No such file or directory
E/SecondaryTablController(   54): ip route del failed: /system/bin/ip route del 0.0.0.0/0 via 10.0.2.2 dev eth0 table 60
I/CalendarProvider2(  972): Sending notification intent: Intent { act=android.intent.action.PROVIDER_CHANGED dat=content://com.android.calendar }
W/ContentResolver(  972): Failed to get type for: content://com.android.calendar (Unknown URL content://com.android.calendar)
D/ExtensionsFactory( 1005): No custom extensions.
D/dalvikvm(  357): GC_CONCURRENT freed 637K, 57% free 5742K/13096K, paused 16ms+5ms, total 152ms
D/dalvikvm(  357): GC_CONCURRENT freed 761K, 57% free 5640K/13096K, paused 15ms+4ms, total 140ms
E/BluetoothAdapter(  357): Bluetooth binder is null
E/BluetoothAdapter(  357): Bluetooth binder is null
E/SoundPool(  357): error loading /system/media/audio/ui/Effect_Tick.ogg
W/AudioService(  357): Soundpool could not load file: /system/media/audio/ui/Effect_Tick.ogg
E/SoundPool(  357): error loading /system/media/audio/ui/Effect_Tick.ogg
W/AudioService(  357): Soundpool could not load file: /system/media/audio/ui/Effect_Tick.ogg
E/SoundPool(  357): error loading /system/media/audio/ui/Effect_Tick.ogg
W/AudioService(  357): Soundpool could not load file: /system/media/audio/ui/Effect_Tick.ogg
E/SoundPool(  357): error loading /system/media/audio/ui/Effect_Tick.ogg
W/AudioService(  357): Soundpool could not load file: /system/media/audio/ui/Effect_Tick.ogg
E/SoundPool(  357): error loading /system/media/audio/ui/Effect_Tick.ogg
