D/dalvikvm(  356): WAIT_FOR_CONCURRENT_GC blocked 79ms
D/dalvikvm(  356): WAIT_FOR_CONCURRENT_GC blocked 67ms
D/dalvikvm(  589): GC_CONCURRENT freed 430K, 15% free 2971K/3468K, paused 22ms+2ms, total 142ms
D/dalvikvm(  589): GC_CONCURRENT freed 419K, 16% free 2979K/3528K, paused 4ms+3ms, total 46ms
E/BluetoothAdapter(  601): Bluetooth binder is null
I/LatinIME:LogUtils(  589): Dictionary info: dictionary = main:en ; version = 42 ; date = 1381226429
I/LatinIME:LogUtils(  589): Dictionary info: dictionary = main:en ; version = 42 ; date = 1381226429
I/LatinIME:LogUtils(  589): Dictionary info: dictionary = main:en ; version = 42 ; date = 1381226429
I/LatinIME:LogUtils(  589): Dictionary info: dictionary = main:en ; version = 42 ; date = 1381226429
I/LatinIME:LogUtils(  589): Dictionary info: dictionary = main:en ; version = 42 ; date = 1381226429
I/LatinIME:LogUtils(  589): Dictionary info: dictionary = main:en ; version = 42 ; date = 1381226429
I/LatinIME:LogUtils(  589): Dictionary info: dictionary = main:en ; version = 42 ; date = 1381226429
I/LatinIME:LogUtils(  589): Dictionary info: dictionary = main:en ; version = 42 ; date = 1381226429
I/MediaProvider(  624): Upgrading media database from version 0 to 700, which will destroy all old data
D/dalvikvm(  690): GC_CONCURRENT freed 179K, 8% free 2952K/3200K, paused 139ms+3ms, total 209ms
D/CallNotifier(  601): CallNotifier: mSignalInfoToneGenerator created when toneplay
E/BluetoothAdapter(  601): Bluetooth binder is null
D/dalvikvm(  356): GC_CONCURRENT freed 613K, 57% free 5463K/12704K, paused 13ms+5ms, total 150ms
D/dalvikvm(  356): WAIT_FOR_CONCURRENT_GC blocked 45ms
I/PackageManager(  356):   Action: "android.intent.action.SENDTO"
I/PackageManager(  356):   Category: "android.intent.category.DEFAULT"
I/PackageManager(  356):   Scheme: "sms"
I/PackageManager(  356): Adding preferred activity ComponentInfo{com.android.mms/com.android.mms.ui.ComposeMessageActivity} for user 0 :
D/dalvikvm(  601): GC_CONCURRENT freed 287K, 11% free 3052K/3404K, paused 40ms+2ms, total 88ms
I/PackageManager(  356):   Action: "android.intent.action.SENDTO"
I/PackageManager(  356):   Category: "android.intent.category.DEFAULT"
I/PackageManager(  356):   Scheme: "smsto"
I/PackageManager(  356): Adding preferred activity ComponentInfo{com.android.mms/com.android.mms.ui.ComposeMessageActivity} for user 0 :
D/dalvikvm(  356): GC_CONCURRENT freed 642K, 57% free 5515K/12704K, paused 24ms+5ms, total 105ms
D/dalvikvm(  356): WAIT_FOR_CONCURRENT_GC blocked 53ms
D/dalvikvm(  356): WAIT_FOR_CONCURRENT_GC blocked 65ms
I/PackageManager(  356):   Action: "android.intent.action.SENDTO"
I/PackageManager(  356):   Category: "android.intent.category.DEFAULT"
I/PackageManager(  356):   Scheme: "mms"
I/PackageManager(  356): Adding preferred activity ComponentInfo{com.android.mms/com.android.mms.ui.ComposeMessageActivity} for user 0 :
I/PackageManager(  356):   Action: "android.intent.action.SENDTO"
I/PackageManager(  356):   Category: "android.intent.category.DEFAULT"
I/PackageManager(  356):   Scheme: "mmsto"
I/PackageManager(  356): Adding preferred activity ComponentInfo{com.android.mms/com.android.mms.ui.ComposeMessageActivity} for user 0 :
I/PackageManager(  356):   Action: "android.intent.action.SENDTO"
I/PackageManager(  356):   Category: "android.intent.category.DEFAULT"
I/PackageManager(  356):   Scheme: "sms"
I/PackageManager(  356): Adding preferred activity ComponentInfo{com.android.mms/com.android.mms.ui.ComposeMessageActivity} for user 0 :
I/PackageManager(  356):   Action: "android.intent.action.SENDTO"
I/PackageManager(  356):   Category: "android.intent.category.DEFAULT"
I/PackageManager(  356):   Scheme: "smsto"
I/PackageManager(  356): Adding preferred activity ComponentInfo{com.android.mms/com.android.mms.ui.ComposeMessageActivity} for user 0 :
D/dalvikvm(  356): GC_CONCURRENT freed 724K, 57% free 5494K/12704K, paused 5ms+4ms, total 90ms
D/dalvikvm(  356): WAIT_FOR_CONCURRENT_GC blocked 43ms
I/PackageManager(  356):   Action: "android.intent.action.SENDTO"
I/PackageManager(  356):   Category: "android.intent.category.DEFAULT"
I/PackageManager(  356):   Scheme: "mms"
I/PackageManager(  356): Adding preferred activity ComponentInfo{com.android.mms/com.android.mms.ui.ComposeMessageActivity} for user 0 :
D/dalvikvm(  601): GC_CONCURRENT freed 430K, 14% free 3127K/3624K, paused 21ms+2ms, total 76ms
D/dalvikvm(  601): WAIT_FOR_CONCURRENT_GC blocked 9ms
I/PackageManager(  356):   Action: "android.intent.action.SENDTO"
I/PackageManager(  356):   Category: "android.intent.category.DEFAULT"
I/PackageManager(  356): Adding preferred activity ComponentInfo{com.android.mms/com.android.mms.ui.ComposeMessageActivity} for user 0 :
I/PackageManager(  356):   Scheme: "mmsto"
D/dalvikvm(  690): GC_FOR_ALLOC freed 185K, 8% free 3111K/3364K, paused 24ms, total 25ms
I/dalvikvm-heap(  690): Grow heap (frag case) to 3.711MB for 640016-byte allocation
D/dalvikvm(  356): WAIT_FOR_CONCURRENT_GC blocked 425ms
D/dalvikvm(  690): GC_FOR_ALLOC freed <1K, 7% free 3735K/3992K, paused 55ms, total 56ms
D/dalvikvm(  690): GC_CONCURRENT freed 9K, 7% free 3726K/3992K, paused 4ms+2ms, total 29ms
D/dalvikvm(  356): GC_CONCURRENT freed 596K, 57% free 5580K/12704K, paused 255ms+5ms, total 463ms
W/Resources(  690): Converting to int: TypedValue{t=0x3/d=0x12 "4" a=-1}
W/Resources(  690): Converting to int: TypedValue{t=0x3/d=0xf "1" a=-1}
D/TelephonyDebugService(  601): TelephonyDebugService()
D/MccTable(  601): updateMccMncConfiguration: mcc=310, mnc=260
D/AlarmManagerService(  356): Kernel timezone updated to 300 minutes west of GMT
D/MccTable(  601): timezone set to America/New_York
D/MccTable(  601): getLocaleFromMcc to en_us mcc=310
W/Resources(  690): Converting to int: TypedValue{t=0x3/d=0x15 "2" a=-1}
W/Resources(  690): Converting to int: TypedValue{t=0x3/d=0x15 "2" a=-1}
I/FusedLocation(  356): engine stopped (com.android.location.fused)
I/FusedLocation(  356): engine started (com.android.location.fused)
I/FusedLocation(  356): engine started (com.android.location.fused)
D/MobileDataStateTracker(  356): fota: Broadcast received: android.intent.action.ANY_DATA_STATE apnType=fota
D/MobileDataStateTracker(  356): fota: Received state=DISCONNECTED, old=DISCONNECTED, reason=radioTurnedOff
D/MobileDataStateTracker(  356): ia: Broadcast received: android.intent.action.ANY_DATA_STATE apnType=ia
D/MobileDataStateTracker(  356): ia: Received state=DISCONNECTED, old=DISCONNECTED, reason=radioTurnedOff
D/MobileDataStateTracker(  356): supl: Broadcast received: android.intent.action.ANY_DATA_STATE apnType=supl
D/MobileDataStateTracker(  356): supl: Received state=DISCONNECTED, old=DISCONNECTED, reason=radioTurnedOff
D/MobileDataStateTracker(  356): hipri: Broadcast received: android.intent.action.ANY_DATA_STATE apnType=hipri
D/MccTable(  601): getLocaleForLanguageCountry: got match
D/MccTable(  601): getLocaleForLanguageCountry: X locale=en_US
D/MccTable(  601): WIFI_COUNTRY_CODE set to us
W/Launcher.LauncherProvider(  690): Unable to add favorite: com.android.camera2/com.android.camera.CameraLauncher
W/Launcher.LauncherProvider(  690): android.content.pm.PackageManager$NameNotFoundException: ComponentInfo{com.android.camera2/com.android.camera.CameraLauncher}
W/Launcher.LauncherProvider(  690): 	at android.app.ApplicationPackageManager.getActivityInfo(ApplicationPackageManager.java:242)
W/Launcher.LauncherProvider(  690): 	at com.android.launcher2.LauncherProvider$DatabaseHelper.addAppShortcut(LauncherProvider.java:959)
W/Launcher.LauncherProvider(  690): 	at com.android.launcher2.LauncherProvider$DatabaseHelper.loadFavorites(LauncherProvider.java:863)
W/Launcher.LauncherProvider(  690): 	at com.android.launcher2.LauncherProvider$DatabaseHelper.access$000(LauncherProvider.java:253)
W/Launcher.LauncherProvider(  690): 	at com.android.launcher2.LauncherProvider.loadDefaultFavoritesIfNecessary(LauncherProvider.java:237)
W/Launcher.LauncherProvider(  690): 	at com.android.launcher2.LauncherModel$LoaderTask.loadWorkspace(LauncherModel.java:1278)
W/Launcher.LauncherProvider(  690): 	at com.android.launcher2.LauncherModel$LoaderTask.loadAndBindWorkspace(LauncherModel.java:1020)
W/Launcher.LauncherProvider(  690): 	at com.android.launcher2.LauncherModel$LoaderTask.run(LauncherModel.java:1126)
W/Launcher.LauncherProvider(  690): 	at android.os.Handler.handleCallback(Handler.java:733)
W/Launcher.LauncherProvider(  690): 	at android.os.Handler.dispatchMessage(Handler.java:95)
W/Launcher.LauncherProvider(  690): 	at android.os.Looper.loop(Looper.java:136)
W/Launcher.LauncherProvider(  690): 	at android.os.HandlerThread.run(HandlerThread.java:61)
D/MobileDataStateTracker(  356): hipri: Received state=DISCONNECTED, old=DISCONNECTED, reason=radioTurnedOff
D/MobileDataStateTracker(  356): ims: Broadcast received: android.intent.action.ANY_DATA_STATE apnType=ims
D/MobileDataStateTracker(  356): ims: Received state=DISCONNECTED, old=DISCONNECTED, reason=radioTurnedOff
D/MobileDataStateTracker(  356): default: Broadcast received: android.intent.action.ANY_DATA_STATE apnType=default
D/MobileDataStateTracker(  356): default: Received state=DISCONNECTED, old=DISCONNECTED, reason=radioTurnedOff
D/MobileDataStateTracker(  356): mms: Broadcast received: android.intent.action.ANY_DATA_STATE apnType=mms
D/MobileDataStateTracker(  356): mms: Received state=DISCONNECTED, old=DISCONNECTED, reason=radioTurnedOff
D/MobileDataStateTracker(  356): cbs: Broadcast received: android.intent.action.ANY_DATA_STATE apnType=cbs
D/MobileDataStateTracker(  356): cbs: Received state=DISCONNECTED, old=DISCONNECTED, reason=radioTurnedOff
D/MobileDataStateTracker(  356): fota: Broadcast received: android.intent.action.ANY_DATA_STATE apnType=fota
D/MobileDataStateTracker(  356): fota: Received state=DISCONNECTED, old=DISCONNECTED, reason=radioTurnedOff
D/MobileDataStateTracker(  356): ia: Broadcast received: android.intent.action.ANY_DATA_STATE apnType=ia
D/MobileDataStateTracker(  356): ia: Received state=DISCONNECTED, old=DISCONNECTED, reason=radioTurnedOff
D/MobileDataStateTracker(  356): supl: Broadcast received: android.intent.action.ANY_DATA_STATE apnType=supl
D/MobileDataStateTracker(  356): supl: Received state=DISCONNECTED, old=DISCONNECTED, reason=radioTurnedOff
D/MobileDataStateTracker(  356): hipri: Broadcast received: android.intent.action.ANY_DATA_STATE apnType=hipri
D/MobileDataStateTracker(  356): hipri: Received state=DISCONNECTED, old=DISCONNECTED, reason=radioTurnedOff
D/MobileDataStateTracker(  356): ims: Broadcast received: android.intent.action.ANY_DATA_STATE apnType=ims
I/WifiService(  356): WifiService trying to set country code to us with persist set to true
W/Launcher.LauncherProvider(  690): Unable to add favorite: com.android.gallery3d/com.android.gallery3d.app.Gallery
W/Launcher.LauncherProvider(  690): android.content.pm.PackageManager$NameNotFoundException: ComponentInfo{com.android.gallery3d/com.android.gallery3d.app.Gallery}
W/Launcher.LauncherProvider(  690): 	at android.app.ApplicationPackageManager.getActivityInfo(ApplicationPackageManager.java:242)
W/Launcher.LauncherProvider(  690): 	at com.android.launcher2.LauncherProvider$DatabaseHelper.addAppShortcut(LauncherProvider.java:959)
W/Launcher.LauncherProvider(  690): 	at com.android.launcher2.LauncherProvider$DatabaseHelper.loadFavorites(LauncherProvider.java:863)
W/Launcher.LauncherProvider(  690): 	at com.android.launcher2.LauncherProvider$DatabaseHelper.access$000(LauncherProvider.java:253)
W/Launcher.LauncherProvider(  690): 	at com.android.launcher2.LauncherProvider.loadDefaultFavoritesIfNecessary(LauncherProvider.java:237)
W/Launcher.LauncherProvider(  690): 	at com.android.launcher2.LauncherModel$LoaderTask.loadWorkspace(LauncherModel.java:1278)
W/Launcher.LauncherProvider(  690): 	at com.android.launcher2.LauncherModel$LoaderTask.loadAndBindWorkspace(LauncherModel.java:1020)
W/Launcher.LauncherProvider(  690): 	at com.android.launcher2.LauncherModel$LoaderTask.run(LauncherModel.java:1126)
W/Launcher.LauncherProvider(  690): 	at android.os.Handler.handleCallback(Handler.java:733)
W/Launcher.LauncherProvider(  690): 	at android.os.Handler.dispatchMessage(Handler.java:95)
W/Launcher.LauncherProvider(  690): 	at android.os.Looper.loop(Looper.java:136)
W/Launcher.LauncherProvider(  690): 	at android.os.HandlerThread.run(HandlerThread.java:61)
D/MobileDataStateTracker(  356): ims: Received state=DISCONNECTED, old=DISCONNECTED, reason=radioTurnedOff
D/MobileDataStateTracker(  356): default: Broadcast received: android.intent.action.ANY_DATA_STATE apnType=default
D/MobileDataStateTracker(  356): default: Received state=DISCONNECTED, old=DISCONNECTED, reason=radioTurnedOff
D/MobileDataStateTracker(  356): mms: Broadcast received: android.intent.action.ANY_DATA_STATE apnType=mms
D/MobileDataStateTracker(  356): mms: Received state=DISCONNECTED, old=DISCONNECTED, reason=radioTurnedOff
D/MobileDataStateTracker(  356): cbs: Broadcast received: android.intent.action.ANY_DATA_STATE apnType=cbs
D/MobileDataStateTracker(  356): cbs: Received state=DISCONNECTED, old=DISCONNECTED, reason=radioTurnedOff
D/MobileDataStateTracker(  356): fota: Broadcast received: android.intent.action.ANY_DATA_STATE apnType=fota
D/MobileDataStateTracker(  356): fota: Received state=DISCONNECTED, old=DISCONNECTED, reason=dataDetached
D/MobileDataStateTracker(  356): ia: Broadcast received: android.intent.action.ANY_DATA_STATE apnType=ia
D/MobileDataStateTracker(  356): ia: Received state=DISCONNECTED, old=DISCONNECTED, reason=dataDetached
D/MobileDataStateTracker(  356): supl: Broadcast received: android.intent.action.ANY_DATA_STATE apnType=supl
D/MobileDataStateTracker(  356): supl: Received state=DISCONNECTED, old=DISCONNECTED, reason=dataDetached
D/MobileDataStateTracker(  356): hipri: Broadcast received: android.intent.action.ANY_DATA_STATE apnType=hipri
D/MobileDataStateTracker(  356): hipri: Received state=DISCONNECTED, old=DISCONNECTED, reason=dataDetached
D/MobileDataStateTracker(  356): ims: Broadcast received: android.intent.action.ANY_DATA_STATE apnType=ims
D/MobileDataStateTracker(  356): ims: Received state=DISCONNECTED, old=DISCONNECTED, reason=dataDetached
D/MobileDataStateTracker(  356): default: Broadcast received: android.intent.action.ANY_DATA_STATE apnType=default
D/MobileDataStateTracker(  356): default: Received state=DISCONNECTED, old=DISCONNECTED, reason=dataDetached
D/MobileDataStateTracker(  356): mms: Broadcast received: android.intent.action.ANY_DATA_STATE apnType=mms
D/MobileDataStateTracker(  356): mms: Received state=DISCONNECTED, old=DISCONNECTED, reason=dataDetached
D/MobileDataStateTracker(  356): cbs: Broadcast received: android.intent.action.ANY_DATA_STATE apnType=cbs
D/MobileDataStateTracker(  356): cbs: Received state=DISCONNECTED, old=DISCONNECTED, reason=dataDetached
D/MobileDataStateTracker(  356): fota: Broadcast received: android.intent.action.ANY_DATA_STATE apnType=fota
D/MobileDataStateTracker(  356): fota: Received state=DISCONNECTED, old=DISCONNECTED, reason=roamingOff
D/MobileDataStateTracker(  356): ia: Broadcast received: android.intent.action.ANY_DATA_STATE apnType=ia
D/MobileDataStateTracker(  356): ia: Received state=DISCONNECTED, old=DISCONNECTED, reason=roamingOff
D/MobileDataStateTracker(  356): supl: Broadcast received: android.intent.action.ANY_DATA_STATE apnType=supl
D/MobileDataStateTracker(  356): supl: Received state=DISCONNECTED, old=DISCONNECTED, reason=roamingOff
D/MobileDataStateTracker(  356): hipri: Broadcast received: android.intent.action.ANY_DATA_STATE apnType=hipri
D/MobileDataStateTracker(  356): hipri: Received state=DISCONNECTED, old=DISCONNECTED, reason=roamingOff
D/MobileDataStateTracker(  356): ims: Broadcast received: android.intent.action.ANY_DATA_STATE apnType=ims
D/MobileDataStateTracker(  356): ims: Received state=DISCONNECTED, old=DISCONNECTED, reason=roamingOff
D/MobileDataStateTracker(  356): default: Broadcast received: android.intent.action.ANY_DATA_STATE apnType=default
D/MobileDataStateTracker(  356): default: Received state=DISCONNECTED, old=DISCONNECTED, reason=roamingOff
D/MobileDataStateTracker(  356): mms: Broadcast received: android.intent.action.ANY_DATA_STATE apnType=mms
D/MobileDataStateTracker(  356): mms: Received state=DISCONNECTED, old=DISCONNECTED, reason=roamingOff
D/MobileDataStateTracker(  356): cbs: Broadcast received: android.intent.action.ANY_DATA_STATE apnType=cbs
D/MobileDataStateTracker(  356): cbs: Received state=DISCONNECTED, old=DISCONNECTED, reason=roamingOff
D/MobileDataStateTracker(  356): fota: Broadcast received: android.intent.action.ANY_DATA_STATE apnType=fota
D/MobileDataStateTracker(  356): fota: Received state=DISCONNECTED, old=DISCONNECTED, reason=roamingOff
D/MobileDataStateTracker(  356): ia: Broadcast received: android.intent.action.ANY_DATA_STATE apnType=ia
D/MobileDataStateTracker(  356): ia: Received state=DISCONNECTED, old=DISCONNECTED, reason=roamingOff
D/MobileDataStateTracker(  356): supl: Broadcast received: android.intent.action.ANY_DATA_STATE apnType=supl
D/MobileDataStateTracker(  356): supl: Received state=DISCONNECTED, old=DISCONNECTED, reason=roamingOff
D/MobileDataStateTracker(  356): hipri: Broadcast received: android.intent.action.ANY_DATA_STATE apnType=hipri
D/MobileDataStateTracker(  356): hipri: Received state=DISCONNECTED, old=DISCONNECTED, reason=roamingOff
D/MobileDataStateTracker(  356): ims: Broadcast received: android.intent.action.ANY_DATA_STATE apnType=ims
D/MobileDataStateTracker(  356): ims: Received state=DISCONNECTED, old=DISCONNECTED, reason=roamingOff
D/MobileDataStateTracker(  356): default: Broadcast received: android.intent.action.ANY_DATA_STATE apnType=default
D/MobileDataStateTracker(  356): default: Received state=DISCONNECTED, old=DISCONNECTED, reason=roamingOff
D/MobileDataStateTracker(  356): mms: Broadcast received: android.intent.action.ANY_DATA_STATE apnType=mms
D/MobileDataStateTracker(  356): mms: Received state=DISCONNECTED, old=DISCONNECTED, reason=roamingOff
D/MobileDataStateTracker(  356): cbs: Broadcast received: android.intent.action.ANY_DATA_STATE apnType=cbs
D/MobileDataStateTracker(  356): cbs: Received state=DISCONNECTED, old=DISCONNECTED, reason=roamingOff
D/dalvikvm(  601): GC_CONCURRENT freed 375K, 13% free 3157K/3624K, paused 2ms+2ms, total 97ms
D/dalvikvm(  690): GC_CONCURRENT freed 232K, 8% free 3916K/4216K, paused 8ms+6ms, total 62ms
I/Choreographer(  690): Skipped 35 frames!  The application may be doing too much work on its main thread.
D/MobileDataStateTracker(  356): fota: Broadcast received: android.intent.action.ANY_DATA_STATE apnType=fota
D/MobileDataStateTracker(  356): fota: Received state=DISCONNECTED, old=DISCONNECTED, reason=dataAttached
D/MobileDataStateTracker(  356): ia: Broadcast received: android.intent.action.ANY_DATA_STATE apnType=ia
D/MobileDataStateTracker(  356): ia: Received state=DISCONNECTED, old=DISCONNECTED, reason=dataAttached
D/MobileDataStateTracker(  356): supl: Broadcast received: android.intent.action.ANY_DATA_STATE apnType=supl
D/MobileDataStateTracker(  356): supl: Received state=DISCONNECTED, old=DISCONNECTED, reason=dataAttached
D/MobileDataStateTracker(  356): hipri: Broadcast received: android.intent.action.ANY_DATA_STATE apnType=hipri
D/MobileDataStateTracker(  356): hipri: Received state=DISCONNECTED, old=DISCONNECTED, reason=dataAttached
D/MobileDataStateTracker(  356): ims: Broadcast received: android.intent.action.ANY_DATA_STATE apnType=ims
D/MobileDataStateTracker(  356): ims: Received state=DISCONNECTED, old=DISCONNECTED, reason=dataAttached
D/MobileDataStateTracker(  356): mms: Broadcast received: android.intent.action.ANY_DATA_STATE apnType=mms
D/MobileDataStateTracker(  356): mms: Received state=DISCONNECTED, old=DISCONNECTED, reason=dataAttached
D/MobileDataStateTracker(  356): cbs: Broadcast received: android.intent.action.ANY_DATA_STATE apnType=cbs
I/Choreographer(  690): Skipped 82 frames!  The application may be doing too much work on its main thread.
D/MobileDataStateTracker(  356): cbs: Received state=DISCONNECTED, old=DISCONNECTED, reason=dataAttached
D/MobileDataStateTracker(  356): fota: Broadcast received: android.intent.action.ANY_DATA_STATE apnType=fota
D/MobileDataStateTracker(  356): fota: Received state=DISCONNECTED, old=DISCONNECTED, reason=dataAttached
D/MobileDataStateTracker(  356): ia: Broadcast received: android.intent.action.ANY_DATA_STATE apnType=ia
D/MobileDataStateTracker(  356): ia: Received state=DISCONNECTED, old=DISCONNECTED, reason=dataAttached
D/MobileDataStateTracker(  356): supl: Broadcast received: android.intent.action.ANY_DATA_STATE apnType=supl
D/MobileDataStateTracker(  356): supl: Received state=DISCONNECTED, old=DISCONNECTED, reason=dataAttached
D/MobileDataStateTracker(  356): hipri: Broadcast received: android.intent.action.ANY_DATA_STATE apnType=hipri
D/MobileDataStateTracker(  356): hipri: Received state=DISCONNECTED, old=DISCONNECTED, reason=dataAttached
D/MobileDataStateTracker(  356): ims: Broadcast received: android.intent.action.ANY_DATA_STATE apnType=ims
D/MobileDataStateTracker(  356): ims: Received state=DISCONNECTED, old=DISCONNECTED, reason=dataAttached
D/MobileDataStateTracker(  356): mms: Broadcast received: android.intent.action.ANY_DATA_STATE apnType=mms
D/gralloc_goldfish(  690): Emulator without GPU emulation detected.
D/MobileDataStateTracker(  356): mms: Received state=DISCONNECTED, old=DISCONNECTED, reason=dataAttached
D/MobileDataStateTracker(  356): cbs: Broadcast received: android.intent.action.ANY_DATA_STATE apnType=cbs
D/MobileDataStateTracker(  356): cbs: Received state=DISCONNECTED, old=DISCONNECTED, reason=dataAttached
D/dalvikvm(  356): GC_CONCURRENT freed 618K, 56% free 5616K/12704K, paused 315ms+41ms, total 644ms
D/MccTable(  601): updateMccMncConfiguration: mcc=310, mnc=260
D/MccTable(  601): getLocaleFromMcc to en_us mcc=310
D/MccTable(  601): getLocaleForLanguageCountry: got match
D/MccTable(  601): getLocaleForLanguageCountry: X locale=en_US
D/MccTable(  601): updateMccMncConfiguration updateConfig config={1.0 310mcc260mnc en_US ldltr ?swdp ?wdp ?hdp ?density ?lsize ?long ?orien ?uimode ?night ?touch ?keyb/?/? ?nav/?}
D/dalvikvm(  690): GC_FOR_ALLOC freed 104K, 8% free 3900K/4232K, paused 79ms, total 81ms
I/ActivityManager(  356): Config changes=3 {1.0 310mcc260mnc en_US ldltr sw480dp w480dp h839dp 160dpi lrg long port finger -keyb/v/h tball/v s.6}
I/dalvikvm-heap(  690): Grow heap (frag case) to 5.408MB for 1610896-byte allocation
D/PermissionCache(   57): checking android.permission.READ_FRAME_BUFFER for uid=1000 => granted (758 us)
D/gralloc (   57): Registering a buffer in the process that created it. This may cause memory ordering problems.
E/libEGL  (   57): called unimplemented OpenGL ES API
E/libEGL  (   57): called unimplemented OpenGL ES API
E/libEGL  (   57): called unimplemented OpenGL ES API
E/libEGL  (   57): called unimplemented OpenGL ES API
E/SurfaceFlinger(   57): glCheckFramebufferStatusOES error -1021642157
E/SurfaceFlinger(   57): got GL_FRAMEBUFFER_COMPLETE_OES error while taking screenshot
E/libEGL  (   57): called unimplemented OpenGL ES API
E/libEGL  (   57): called unimplemented OpenGL ES API
I/ARMAssembler(   57): generated scanline__00000077:03515104_00008001_00000000 [113 ipp] (134 ins) at [0xb592f1f0:0xb592f408] in 10000000 ns
D/PhoneStatusBar(  449): mSettingsPanelGravity = 55
D/dalvikvm(  690): GC_FOR_ALLOC freed 1K, 6% free 5471K/5808K, paused 252ms, total 252ms
I/Choreographer(  449): Skipped 30 frames!  The application may be doing too much work on its main thread.
D/dalvikvm(  589): GC_CONCURRENT freed 293K, 13% free 3074K/3528K, paused 52ms+3ms, total 341ms
D/dalvikvm(  690): GC_CONCURRENT freed 5K, 6% free 5467K/5808K, paused 7ms+2ms, total 260ms
D/dalvikvm(  690): WAIT_FOR_CONCURRENT_GC blocked 247ms
I/dalvikvm-heap(  690): Grow heap (frag case) to 6.938MB for 1610896-byte allocation
D/dalvikvm(  690): GC_FOR_ALLOC freed <1K, 5% free 7040K/7384K, paused 31ms, total 31ms
D/MccTable(  601): updateMccMncConfiguration: mcc=310, mnc=260
D/MccTable(  601): getLocaleFromMcc to en_us mcc=310
D/MccTable(  601): getLocaleForLanguageCountry: skipping already persisted
D/MccTable(  601): getLocaleForLanguageCountry: X locale=null
D/MccTable(  601): updateMccMncConfiguration updateConfig config={1.0 310mcc260mnc ?locale ?layoutDir ?swdp ?wdp ?hdp ?density ?lsize ?long ?orien ?uimode ?night ?touch ?keyb/?/? ?nav/?}
D/dalvikvm(  690): GC_CONCURRENT freed <1K, 5% free 7082K/7428K, paused 4ms+34ms, total 166ms
D/dalvikvm(  601): GC_CONCURRENT freed 289K, 11% free 3259K/3624K, paused 4ms+30ms, total 63ms
D/dalvikvm(  449): GC_FOR_ALLOC freed 3109K, 5% free 3581K/3764K, paused 90ms, total 94ms
I/Choreographer(  690): Skipped 386 frames!  The application may be doing too much work on its main thread.
I/dalvikvm-heap(  449): Grow heap (frag case) to 6.486MB for 3072016-byte allocation
D/dalvikvm(  449): GC_CONCURRENT freed 5K, 3% free 6575K/6768K, paused 4ms+2ms, total 60ms
W/WindowManager(  356): Window freeze timeout expired.
W/WindowManager(  356): Force clearing orientation change: Window{b355bd28 u0 com.android.launcher/com.android.launcher2.Launcher}
W/Launcher.Model(  690): LoaderTask running with no launcher (loadAllAppsByBatch)
D/dalvikvm(  601): GC_CONCURRENT freed 363K, 12% free 3331K/3760K, paused 4ms+3ms, total 43ms
D/MobileDataStateTracker(  356): fota: Broadcast received: android.intent.action.ANY_DATA_STATE apnType=fota
D/MobileDataStateTracker(  356): fota: Received state=DISCONNECTED, old=DISCONNECTED, reason=simLoaded
D/MobileDataStateTracker(  356): ia: Broadcast received: android.intent.action.ANY_DATA_STATE apnType=ia
D/MobileDataStateTracker(  356): ia: Received state=DISCONNECTED, old=DISCONNECTED, reason=simLoaded
D/MobileDataStateTracker(  356): supl: Broadcast received: android.intent.action.ANY_DATA_STATE apnType=supl
D/MobileDataStateTracker(  356): supl: Received state=DISCONNECTED, old=DISCONNECTED, reason=simLoaded
D/MobileDataStateTracker(  356): hipri: Broadcast received: android.intent.action.ANY_DATA_STATE apnType=hipri
D/MobileDataStateTracker(  356): hipri: Received state=DISCONNECTED, old=DISCONNECTED, reason=simLoaded
D/MobileDataStateTracker(  356): ims: Broadcast received: android.intent.action.ANY_DATA_STATE apnType=ims
D/MobileDataStateTracker(  356): ims: Received state=DISCONNECTED, old=DISCONNECTED, reason=simLoaded
D/MobileDataStateTracker(  356): mms: Broadcast received: android.intent.action.ANY_DATA_STATE apnType=mms
D/MobileDataStateTracker(  356): mms: Received state=DISCONNECTED, old=DISCONNECTED, reason=simLoaded
D/MobileDataStateTracker(  356): cbs: Broadcast received: android.intent.action.ANY_DATA_STATE apnType=cbs
D/MobileDataStateTracker(  356): cbs: Received state=DISCONNECTED, old=DISCONNECTED, reason=simLoaded
D/MobileDataStateTracker(  356): default: Broadcast received: android.intent.action.ANY_DATA_STATE apnType=default
D/MobileDataStateTracker(  356): default: Received state=CONNECTING, old=DISCONNECTED, reason=simLoaded
D/MobileDataStateTracker(  356): default: setDetailed state, old =IDLE and new state=CONNECTING
D/MobileDataStateTracker(  356): fota: Broadcast received: android.intent.action.ANY_DATA_STATE apnType=fota
D/MobileDataStateTracker(  356): fota: Received state=DISCONNECTED, old=DISCONNECTED, reason=simLoaded
D/MobileDataStateTracker(  356): ia: Broadcast received: android.intent.action.ANY_DATA_STATE apnType=ia
D/MobileDataStateTracker(  356): ia: Received state=DISCONNECTED, old=DISCONNECTED, reason=simLoaded
D/MobileDataStateTracker(  356): supl: Broadcast received: android.intent.action.ANY_DATA_STATE apnType=supl
D/MobileDataStateTracker(  356): supl: Received state=DISCONNECTED, old=DISCONNECTED, reason=simLoaded
D/MobileDataStateTracker(  356): hipri: Broadcast received: android.intent.action.ANY_DATA_STATE apnType=hipri
D/MobileDataStateTracker(  356): hipri: Received state=DISCONNECTED, old=DISCONNECTED, reason=simLoaded
D/MobileDataStateTracker(  356): ims: Broadcast received: android.intent.action.ANY_DATA_STATE apnType=ims
D/MobileDataStateTracker(  356): ims: Received state=DISCONNECTED, old=DISCONNECTED, reason=simLoaded
D/MobileDataStateTracker(  356): mms: Broadcast received: android.intent.action.ANY_DATA_STATE apnType=mms
D/dalvikvm(  601): GC_CONCURRENT freed 529K, 16% free 3306K/3900K, paused 4ms+15ms, total 97ms
D/MobileDataStateTracker(  356): mms: Received state=DISCONNECTED, old=DISCONNECTED, reason=simLoaded
D/MobileDataStateTracker(  356): cbs: Broadcast received: android.intent.action.ANY_DATA_STATE apnType=cbs
D/MobileDataStateTracker(  356): cbs: Received state=DISCONNECTED, old=DISCONNECTED, reason=simLoaded
D/MobileDataStateTracker(  356): default: Broadcast received: android.intent.action.ANY_DATA_STATE apnType=default
D/MobileDataStateTracker(  356): default: Received state=CONNECTED, old=CONNECTING, reason=connected
D/MobileDataStateTracker(  356): default: setDetailed state, old =CONNECTING and new state=CONNECTED
D/ConnectivityService(  356): ConnectivityChange for mobile: CONNECTED/CONNECTED
D/ConnectivityService(  356): ConnectivityChange checkMobileProvisioning for TYPE_MOBILE or ProvisioningNetwork
D/ConnectivityService(  356): checkMobileProvisioning: E suggestedTimeOutMs=60000
D/ConnectivityService(  356): setProvNotificationVisible: E visible=false networkType=5 extraInfo=null url=null
D/dalvikvm(  356): GC_CONCURRENT freed 872K, 57% free 5474K/12704K, paused 44ms+5ms, total 239ms
D/dalvikvm(  356): WAIT_FOR_CONCURRENT_GC blocked 87ms
D/dalvikvm(  356): WAIT_FOR_CONCURRENT_GC blocked 89ms
D/dalvikvm(  356): WAIT_FOR_CONCURRENT_GC blocked 89ms
D/dalvikvm(  356): WAIT_FOR_CONCURRENT_GC blocked 75ms
D/ConnectivityService(  356): checkMobileProvisioning: params={ url=http://clients3.google.com/generate_204 mTimeOutMs=60000 mCb=com.android.server.ConnectivityService$5@b35fcf30}
D/ConnectivityService(  356): checkMobileProvisioning: X
D/Nat464Xlat(  356): requiresClat: netType=0, hasIPv4Address=true
W/ActivityManager(  356): Launch timeout has expired, giving up wake lock!
I/InputReader(  356): Reconfiguring input devices.  changes=0x00000010
I/PackageManager(  356):   Action: "android.intent.action.SENDTO"
I/PackageManager(  356):   Category: "android.intent.category.DEFAULT"
I/PackageManager(  356):   Scheme: "sms"
I/PackageManager(  356): Adding preferred activity ComponentInfo{com.android.mms/com.android.mms.ui.ComposeMessageActivity} for user 0 :
I/NetworkPolicy(  356): no policy for active mobile network; generating default policy
I/PackageManager(  356):   Action: "android.intent.action.SENDTO"
I/PackageManager(  356):   Category: "android.intent.category.DEFAULT"
I/PackageManager(  356):   Scheme: "smsto"
I/PackageManager(  356): Adding preferred activity ComponentInfo{com.android.mms/com.android.mms.ui.ComposeMessageActivity} for user 0 :
D/MobileDataStateTracker(  356): default: setPolicyDataEnable(enabled=true)
I/PackageManager(  356):   Action: "android.intent.action.SENDTO"
I/PackageManager(  356):   Category: "android.intent.category.DEFAULT"
I/PackageManager(  356):   Scheme: "mms"
I/PackageManager(  356): Adding preferred activity ComponentInfo{com.android.mms/com.android.mms.ui.ComposeMessageActivity} for user 0 :
I/PackageManager(  356):   Action: "android.intent.action.SENDTO"
I/PackageManager(  356):   Category: "android.intent.category.DEFAULT"
I/PackageManager(  356):   Scheme: "mmsto"
I/PackageManager(  356): Adding preferred activity ComponentInfo{com.android.mms/com.android.mms.ui.ComposeMessageActivity} for user 0 :
I/SurfaceFlinger(   57): Boot is finished (70234 ms)
I/PackageManager(  356):   Action: "android.intent.action.SENDTO"
I/PackageManager(  356):   Category: "android.intent.category.DEFAULT"
I/PackageManager(  356):   Scheme: "sms"
I/PackageManager(  356): Adding preferred activity ComponentInfo{com.android.mms/com.android.mms.ui.ComposeMessageActivity} for user 0 :
D/dalvikvm(  601): GC_CONCURRENT freed 368K, 14% free 3362K/3900K, paused 3ms+2ms, total 111ms
D/dalvikvm(  356): GC_CONCURRENT freed 613K, 57% free 5552K/12704K, paused 158ms+5ms, total 524ms
D/dalvikvm(  356): WAIT_FOR_CONCURRENT_GC blocked 195ms
I/PackageManager(  356):   Action: "android.intent.action.SENDTO"
I/PackageManager(  356):   Category: "android.intent.category.DEFAULT"
I/PackageManager(  356):   Scheme: "smsto"
I/PackageManager(  356): Adding preferred activity ComponentInfo{com.android.mms/com.android.mms.ui.ComposeMessageActivity} for user 0 :
I/PackageManager(  356):   Action: "android.intent.action.SENDTO"
I/PackageManager(  356):   Category: "android.intent.category.DEFAULT"
I/PackageManager(  356):   Scheme: "mms"
I/PackageManager(  356): Adding preferred activity ComponentInfo{com.android.mms/com.android.mms.ui.ComposeMessageActivity} for user 0 :
I/PackageManager(  356):   Action: "android.intent.action.SENDTO"
I/PackageManager(  356):   Category: "android.intent.category.DEFAULT"
I/PackageManager(  356):   Scheme: "mmsto"
I/PackageManager(  356): Adding preferred activity ComponentInfo{com.android.mms/com.android.mms.ui.ComposeMessageActivity} for user 0 :
E/SQLiteLog(  624): (1) no such table: album_info
D/MobileDataStateTracker(  356): default: isProvisioningNetwork: retVal=false
D/ConnectivityService(  356): [CheckMp] isMobileOk: isDefaultProvisioning=false
D/MobileDataStateTracker(  356): hipri: isProvisioningNetwork: retVal=false
D/ConnectivityService(  356): [CheckMp] isMobileOk: isHipriProvisioning=false
D/ConnectivityService(  356): [CheckMp] isMobileOk: start hipri url=http://clients3.google.com/generate_204
I/ContactLocale(  553): AddressBook Labels [en_US]: [, A, B, C, D, E, F, G, H, I, J, K, L, M, N, O, P, Q, R, S, T, U, V, W, X, Y, Z, , , , , , , , , , , , , , , , , , , , , , , , , , , , , , , , , , , , , , , , , , , , , , , , , , , , , , , , , , , , , , , , , , , , , , , , , , , , , , , , , , , , , , , , , , , , , , , , , , , , , , , , , , , , , , , , , , , , , , , , , , , , , , , , , , , , , , , , , , , , , , , , , , , , , , , , , , , , , , , , , , , , , , , , , , , , , , , , , , , , , , #, ]
E/NetdConnector(  356): NDC Command {12 bandwidth setiquota eth0 9223372036854775807} took too long (1545ms)
D/MobileDataStateTracker(  356): default: setPolicyDataEnable(enabled=true)
D/Launcher.Model(  690): Reload apps on config change. curr_mcc:310 prevmcc:0
I/Choreographer(  690): Skipped 872 frames!  The application may be doing too much work on its main thread.
W/WindowManager(  356): App freeze timeout expired.
W/WindowManager(  356): Force clearing freeze: AppWindowToken{b3220000 token=Token{b3604f20 ActivityRecord{b326b4d8 u0 com.android.launcher/com.android.launcher2.Launcher t3}}}
D/Tethering(  356): MasterInitialState.processMessage what=3
E/NetdConnector(  356): NDC Command {13 bandwidth removeiquota eth0} took too long (926ms)
D/CaptivePortalTracker(  356): NoActiveNetworkState{ when=-4ms what=1 obj=NetworkInfo: type: mobile[UMTS], state: CONNECTED/CONNECTED, reason: connected, extra: epc.tmobile.com, roaming: false, failover: false, isAvailable: true, isConnectedToProvisioningNetwork: false target=com.android.internal.util.StateMachine$SmHandler }
D/CaptivePortalTracker(  356): NoActiveNetworkState not a wifi connectivity change, ignore
D/dalvikvm(  690): GC_FOR_ALLOC freed 3407K, 47% free 4084K/7564K, paused 209ms, total 215ms
I/dalvikvm-heap(  690): Grow heap (frag case) to 5.587MB for 1610896-byte allocation
D/dalvikvm(  690): GC_FOR_ALLOC freed 15K, 26% free 5641K/7560K, paused 61ms, total 61ms
D/dalvikvm(  690): GC_FOR_ALLOC freed 15K, 26% free 5627K/7560K, paused 75ms, total 76ms
I/dalvikvm-heap(  690): Grow heap (frag case) to 7.094MB for 1610896-byte allocation
D/dalvikvm(  690): GC_FOR_ALLOC freed <1K, 5% free 7199K/7560K, paused 61ms, total 61ms
D/dalvikvm(  690): GC_CONCURRENT freed <1K, 5% free 7247K/7560K, paused 3ms+2ms, total 153ms
I/ActivityManager(  356): Displayed com.android.launcher/com.android.launcher2.Launcher: +12s484ms (total +15s964ms)
I/WindowManager(  356): Screen frozen for +6s705ms due to Window{b355f898 u0 com.android.launcher/com.android.launcher2.Launcher}
D/AndroidRuntime(  780): 
D/AndroidRuntime(  780): >>>>>> AndroidRuntime START com.android.internal.os.RuntimeInit <<<<<<
D/AndroidRuntime(  780): CheckJNI is ON
I/Choreographer(  356): Skipped 168 frames!  The application may be doing too much work on its main thread.
D/dalvikvm(  780): Trying to load lib libjavacore.so 0x0
D/dalvikvm(  780): Added shared lib libjavacore.so 0x0
I/Choreographer(  356): Skipped 58 frames!  The application may be doing too much work on its main thread.
D/dalvikvm(  780): Trying to load lib libnativehelper.so 0x0
D/dalvikvm(  780): Added shared lib libnativehelper.so 0x0
D/dalvikvm(  780): No JNI_OnLoad found in libnativehelper.so 0x0, skipping init
I/Choreographer(  356): Skipped 89 frames!  The application may be doing too much work on its main thread.
W/ProcessCpuTracker(  356): Skipping unknown process pid 796
I/ARMAssembler(   57): generated scanline__00000077:03515104_00009001_00000000 [131 ipp] (153 ins) at [0xb592f410:0xb592f674] in 0 ns
D/dalvikvm(  780): Note: class Landroid/app/ActivityManagerNative; has 179 unimplemented (abstract) methods
E/NetdConnector(  356): NDC Command {14 bandwidth setiquota eth0 9223372036854775807} took too long (2559ms)
D/MobileDataStateTracker(  356): default: setPolicyDataEnable(enabled=true)
D/dalvikvm(  356): GC_CONCURRENT freed 638K, 57% free 5522K/12704K, paused 209ms+5ms, total 660ms
D/ConnectivityService(  356): startUsingNetworkFeature reconnecting to 0: enableHIPRI
D/ConnectivityService(  356): startUsingNetworkFeature X: return APN_REQUEST_STARTED
E/ConnectivityService(  356): startUsingNetworkFeature took too long: 4385ms
D/ConnectivityService(  356): [CheckMp] isMobileOk: hipri started
D/ConnectivityService(  356): [CheckMp] isMobileOk: not connected ni=NetworkInfo: type: mobile_hipri[UMTS], state: DISCONNECTED/IDLE, reason: (unspecified), extra: (none), roaming: false, failover: false, isAvailable: true, isConnectedToProvisioningNetwork: false
D/MobileDataStateTracker(  356): hipri: Broadcast received: android.intent.action.ANY_DATA_STATE apnType=hipri
D/MobileDataStateTracker(  356): hipri: Received state=CONNECTING, old=DISCONNECTED, reason=dataEnabled
D/MobileDataStateTracker(  356): hipri: setDetailed state, old =IDLE and new state=CONNECTING
D/MobileDataStateTracker(  356): fota: Broadcast received: android.intent.action.ANY_DATA_STATE apnType=fota
D/MobileDataStateTracker(  356): fota: Received state=DISCONNECTED, old=DISCONNECTED, reason=dataEnabled
D/MobileDataStateTracker(  356): ia: Broadcast received: android.intent.action.ANY_DATA_STATE apnType=ia
D/MobileDataStateTracker(  356): ia: Received state=DISCONNECTED, old=DISCONNECTED, reason=dataEnabled
D/MobileDataStateTracker(  356): supl: Broadcast received: android.intent.action.ANY_DATA_STATE apnType=supl
D/MobileDataStateTracker(  356): supl: Received state=DISCONNECTED, old=DISCONNECTED, reason=dataEnabled
D/MobileDataStateTracker(  356): ims: Broadcast received: android.intent.action.ANY_DATA_STATE apnType=ims
D/MobileDataStateTracker(  356): ims: Received state=DISCONNECTED, old=DISCONNECTED, reason=dataEnabled
D/MobileDataStateTracker(  356): mms: Broadcast received: android.intent.action.ANY_DATA_STATE apnType=mms
D/MobileDataStateTracker(  356): mms: Received state=DISCONNECTED, old=DISCONNECTED, reason=dataEnabled
D/dalvikvm(  601): GC_CONCURRENT freed 523K, 16% free 3308K/3900K, paused 38ms+2ms, total 207ms
D/MobileDataStateTracker(  356): cbs: Broadcast received: android.intent.action.ANY_DATA_STATE apnType=cbs
D/MobileDataStateTracker(  356): cbs: Received state=DISCONNECTED, old=DISCONNECTED, reason=dataEnabled
D/MobileDataStateTracker(  356): hipri: Broadcast received: android.intent.action.ANY_DATA_STATE apnType=hipri
D/MobileDataStateTracker(  356): hipri: Received state=CONNECTED, old=CONNECTING, reason=dataEnabled
D/MobileDataStateTracker(  356): hipri: setDetailed state, old =CONNECTING and new state=CONNECTED
D/ConnectivityService(  356): ConnectivityChange for mobile_hipri: CONNECTED/CONNECTED
E/logwrapper(  807): executing /system/bin/ip failed: No such file or directory
E/ConnectivityService(  356): Exception trying to add a route: java.lang.IllegalStateException: command '21 interface fwmark exempt add 10.0.2.2/32' failed with '400 21 Failed to add exemption rule (File exists)'
E/logwrapper(  808): executing /system/bin/ip failed: No such file or directory
E/memtrack(  780): Couldn't load memtrack module (No such file or directory)
E/android.os.Debug(  780): failed to load memtrack module: -2
E/ConnectivityService(  356): Exception trying to add a route: java.lang.IllegalStateException: command '23 interface fwmark exempt add 10.0.2.3/32' failed with '400 23 Failed to add exemption rule (File exists)'
E/logwrapper(  809): executing /system/bin/ip failed: No such file or directory
E/ConnectivityService(  356): Exception trying to add a route: java.lang.IllegalStateException: command '25 interface fwmark exempt add 10.0.2.2/32' failed with '400 25 Failed to add exemption rule (File exists)'
E/logwrapper(  810): executing /system/bin/ip failed: No such file or directory
E/ConnectivityService(  356): Exception trying to add a route: java.lang.IllegalStateException: command '27 interface fwmark exempt add 10.0.2.4/32' failed with '400 27 Failed to add exemption rule (File exists)'
E/logwrapper(  811): executing /system/bin/ip failed: No such file or directory
E/SecondaryTablController(   54): ip route add failed: /system/bin/ip route add 10.0.2.2/32 via 0.0.0.0 dev eth0 table 60
W/FrameworkListener(   54): Handler 'interface' error (No such device)
E/ConnectivityService(  356): Exception trying to add a route: java.lang.IllegalStateException: command '28 interface route add eth0 secondary 10.0.2.2 32 0.0.0.0' failed with '400 28 ip route modification failed (No such device)'
E/logwrapper(  812): executing /system/bin/ip failed: No such file or directory
E/SecondaryTablController(   54): ip route add failed: /system/bin/ip route add 0.0.0.0/0 via 10.0.2.2 dev eth0 table 60
W/FrameworkListener(   54): Handler 'interface' error (No such device)
E/ConnectivityService(  356): Exception trying to add a route: java.lang.IllegalStateException: command '29 interface route add eth0 secondary 0.0.0.0 0 10.0.2.2' failed with '400 29 ip route modification failed (No such device)'
D/Nat464Xlat(  356): requiresClat: netType=5, hasIPv4Address=true
D/MobileDataStateTracker(  356): default: setPolicyDataEnable(enabled=true)
D/dalvikvm(  356): GC_EXPLICIT freed 181K, 57% free 5510K/12704K, paused 4ms+25ms, total 293ms
W/NetworkPolicy(  356): shared quota unsupported; generating rule for each iface
D/AndroidRuntime(  780): Calling main entry com.android.commands.pm.Pm
D/MobileDataStateTracker(  356): hipri: isProvisioningNetwork: retVal=false
D/ConnectivityService(  356): [CheckMp] isMobileOk: isProvisioningNetwork is false, continue
D/ConnectivityService(  356): [CheckMp] isMobileOk: addresses=clients3.google.com/172.217.23.14
D/ConnectivityService(  356): [CheckMp] isMobileOk: linkHasIpv4=true linkHasIpv6=false
I/ActivityManager(  356): Start proc com.android.defcontainer for service com.android.defcontainer/.DefaultContainerService: pid=818 uid=10003 gids={50003, 1028, 1015, 1023, 2001, 1035}
E/NetdConnector(  356): NDC Command {31 bandwidth removeiquota eth0} took too long (852ms)
I/Choreographer(  690): Skipped 42 frames!  The application may be doing too much work on its main thread.
E/NetdConnector(  356): NDC Command {32 interface route add eth0 default 10.0.2.2 32 0.0.0.0} took too long (1188ms)
I/Choreographer(  690): Skipped 103 frames!  The application may be doing too much work on its main thread.
W/ActivityManager(  356): Activity destroy timeout for ActivityRecord{b2fd17d0 u0 com.android.settings/.CryptKeeper t1 f}
I/Choreographer(  690): Skipped 65 frames!  The application may be doing too much work on its main thread.
E/logwrapper(  855): executing /system/bin/ip failed: No such file or directory
E/NetdConnector(  356): NDC Command {33 bandwidth setiquota eth0 9223372036854775807} took too long (1579ms)
E/NetdConnector(  356): NDC Command {34 interface fwmark exempt add 10.0.2.2/32} took too long (1204ms)
E/ConnectivityService(  356): Exception trying to add a route: java.lang.IllegalStateException: command '34 interface fwmark exempt add 10.0.2.2/32' failed with '400 34 Failed to add exemption rule (File exists)'
D/Tethering(  356): MasterInitialState.processMessage what=3
D/CaptivePortalTracker(  356): NoActiveNetworkState{ when=-3ms what=1 obj=NetworkInfo: type: mobile_hipri[UMTS], state: CONNECTED/CONNECTED, reason: dataEnabled, extra: epc.tmobile.com, roaming: false, failover: false, isAvailable: true, isConnectedToProvisioningNetwork: false target=com.android.internal.util.StateMachine$SmHandler }
D/CaptivePortalTracker(  356): NoActiveNetworkState not a wifi connectivity change, ignore
D/GpsLocationProvider(  356): NTP server returned: 1545717596395 (Tue Dec 25 00:59:56 EST 2018) reference: 74423 certainty: 10 system time offset: -25977
W/ActivityManager(  356): No content provider found for permission revoke: file:///data/local/tmp/sample_for_analysis.apk
W/ActivityManager(  356): No content provider found for permission revoke: file:///data/local/tmp/sample_for_analysis.apk
I/PackageManager(  356): Copying native libraries to /data/app-lib/vmdl1611902372
E/NetdConnector(  356): NDC Command {35 bandwidth removeiquota eth0} took too long (820ms)
E/NetdConnector(  356): NDC Command {36 interface route add eth0 default 172.217.23.14 32 10.0.2.2} took too long (882ms)
I/ActivityManager(  356): Start proc com.android.exchange for content provider com.android.exchange/.provider.ExchangeDirectoryProvider: pid=875 uid=10025 gids={50025, 3003, 1028, 1015}
D/dalvikvm(  356): GC_CONCURRENT freed 477K, 56% free 5645K/12692K, paused 6ms+4ms, total 153ms
I/PackageManager(  356): Running dexopt on: jgywwv.jvyjsd.sordvd
D/dalvikvm(  624): GC_CONCURRENT freed 228K, 10% free 2882K/3176K, paused 3ms+22ms, total 223ms
E/NetdConnector(  356): NDC Command {37 bandwidth setiquota eth0 9223372036854775807} took too long (1548ms)
E/logwrapper(  896): executing /system/bin/ip failed: No such file or directory
W/ProcessCpuTracker(  356): Skipping unknown process pid 893
D/MobileDataStateTracker(  356): default: setPolicyDataEnable(enabled=true)
E/NetdConnector(  356): NDC Command {38 interface fwmark exempt add 172.217.23.14/32} took too long (1562ms)
E/ConnectivityService(  356): Exception trying to add a route: java.lang.IllegalStateException: command '38 interface fwmark exempt add 172.217.23.14/32' failed with '400 38 Failed to add exemption rule (File exists)'
D/ConnectivityService(  356): requestRouteToHostAddress ok=false
D/ConnectivityService(  356): [CheckMp] isMobileOk: could not establish route to hostAddr=clients3.google.com/172.217.23.14
D/dalvikvm(  690): GC_CONCURRENT freed 2117K, 26% free 6530K/8716K, paused 14ms+3ms, total 110ms
D/dalvikvm(  892): DexOpt: load 115ms, verify+opt 322ms, 467652 bytes
I/ActivityManager(  356): Force stopping jgywwv.jvyjsd.sordvd appid=10052 user=-1: update pkg
I/ActivityManager(  356): Start proc com.android.externalstorage for broadcast com.android.externalstorage/.MountReceiver: pid=901 uid=10006 gids={50006, 1028, 1015, 1023}
I/ActivityManager(  356): Start proc com.android.email for content provider com.android.email/.provider.EmailProvider: pid=913 uid=10024 gids={50024, 3003, 1028, 1015}
D/BackupManagerService(  356): Received broadcast Intent { act=android.intent.action.PACKAGE_ADDED dat=package:jgywwv.jvyjsd.sordvd flg=0x4000010 (has extras) }
V/BackupManagerService(  356): addPackageParticipantsLocked: #1
I/InputReader(  356): Reconfiguring input devices.  changes=0x00000010
I/PackageManager(  356):   Action: "android.intent.action.SENDTO"
I/PackageManager(  356):   Category: "android.intent.category.DEFAULT"
I/PackageManager(  356):   Scheme: "sms"
I/PackageManager(  356): Adding preferred activity ComponentInfo{com.android.mms/com.android.mms.ui.ComposeMessageActivity} for user 0 :
I/PackageManager(  356):   Action: "android.intent.action.SENDTO"
I/PackageManager(  356):   Category: "android.intent.category.DEFAULT"
I/PackageManager(  356):   Scheme: "smsto"
I/PackageManager(  356): Adding preferred activity ComponentInfo{com.android.mms/com.android.mms.ui.ComposeMessageActivity} for user 0 :
I/PackageManager(  356):   Action: "android.intent.action.SENDTO"
I/PackageManager(  356):   Category: "android.intent.category.DEFAULT"
I/PackageManager(  356):   Scheme: "mms"
I/PackageManager(  356): Adding preferred activity ComponentInfo{com.android.mms/com.android.mms.ui.ComposeMessageActivity} for user 0 :
D/dalvikvm(  356): GC_CONCURRENT freed 769K, 56% free 5614K/12692K, paused 16ms+5ms, total 101ms
D/dalvikvm(  356): WAIT_FOR_CONCURRENT_GC blocked 31ms
I/PackageManager(  356):   Action: "android.intent.action.SENDTO"
I/PackageManager(  356):   Category: "android.intent.category.DEFAULT"
I/PackageManager(  356): Adding preferred activity ComponentInfo{com.android.mms/com.android.mms.ui.ComposeMessageActivity} for user 0 :
I/PackageManager(  356):   Scheme: "mmsto"
I/PackageManager(  356): Adding preferred activity ComponentInfo{com.android.mms/com.android.mms.ui.ComposeMessageActivity} for user 0 :
I/PackageManager(  356):   Action: "android.intent.action.SENDTO"
I/PackageManager(  356):   Category: "android.intent.category.DEFAULT"
I/PackageManager(  356):   Scheme: "sms"
D/dalvikvm(  601): GC_CONCURRENT freed 333K, 14% free 3367K/3900K, paused 11ms+3ms, total 42ms
