D/dalvikvm(  355): GC_CONCURRENT freed 1169K, 68% free 4061K/12664K, paused 4ms+6ms, total 92ms
I/PackageManager(  355): /system/app/GpsLocationTest.apk changed; collecting certs
I/PackageManager(  355): /system/app/HTMLViewer.apk changed; collecting certs
I/PackageManager(  355): /system/app/KeyChain.apk changed; collecting certs
D/dalvikvm(  355): GC_CONCURRENT freed 424K, 68% free 4098K/12664K, paused 13ms+5ms, total 88ms
I/PackageManager(  355): /system/app/LatinIME.apk changed; collecting certs
D/dalvikvm(  355): GC_CONCURRENT freed 491K, 68% free 4108K/12664K, paused 12ms+3ms, total 44ms
D/dalvikvm(  355): WAIT_FOR_CONCURRENT_GC blocked 32ms
D/dalvikvm(  355): GC_FOR_ALLOC freed 335K, 67% free 4227K/12664K, paused 38ms, total 38ms
D/dalvikvm(  355): GC_CONCURRENT freed 263K, 65% free 4432K/12664K, paused 5ms+15ms, total 76ms
D/dalvikvm(  355): GC_CONCURRENT freed 279K, 63% free 4691K/12664K, paused 5ms+5ms, total 100ms
D/dalvikvm(  355): GC_CONCURRENT freed 340K, 62% free 4840K/12664K, paused 14ms+13ms, total 89ms
I/PackageManager(  355): /system/app/LegacyCamera.apk changed; collecting certs
D/dalvikvm(  355): GC_CONCURRENT freed 401K, 61% free 4975K/12664K, paused 14ms+13ms, total 85ms
D/dalvikvm(  355): WAIT_FOR_CONCURRENT_GC blocked 8ms
D/dalvikvm(  355): GC_CONCURRENT freed 1321K, 68% free 4148K/12664K, paused 9ms+2ms, total 76ms
D/dalvikvm(  355): WAIT_FOR_CONCURRENT_GC blocked 58ms
D/dalvikvm(  355): GC_CONCURRENT freed 467K, 67% free 4193K/12664K, paused 9ms+3ms, total 38ms
D/dalvikvm(  355): WAIT_FOR_CONCURRENT_GC blocked 29ms
D/dalvikvm(  355): GC_CONCURRENT freed 136K, 65% free 4509K/12664K, paused 5ms+6ms, total 71ms
D/dalvikvm(  355): GC_CONCURRENT freed 296K, 63% free 4707K/12664K, paused 15ms+14ms, total 90ms
I/PackageManager(  355): /system/app/LiveWallpapersPicker.apk changed; collecting certs
I/PackageManager(  355): /system/app/Music.apk changed; collecting certs
D/dalvikvm(  355): GC_CONCURRENT freed 445K, 63% free 4772K/12664K, paused 5ms+9ms, total 73ms
D/dalvikvm(  355): WAIT_FOR_CONCURRENT_GC blocked 27ms
D/dalvikvm(  355): GC_CONCURRENT freed 1156K, 67% free 4179K/12664K, paused 5ms+4ms, total 102ms
I/PackageManager(  355): /system/app/NetSpeed.apk changed; collecting certs
I/PackageManager(  355): /system/app/OpenWnn.apk changed; collecting certs
D/dalvikvm(  355): GC_CONCURRENT freed 362K, 66% free 4310K/12664K, paused 5ms+6ms, total 62ms
D/dalvikvm(  355): WAIT_FOR_CONCURRENT_GC blocked 18ms
D/dalvikvm(  355): GC_CONCURRENT freed 661K, 68% free 4161K/12664K, paused 5ms+4ms, total 52ms
D/dalvikvm(  355): WAIT_FOR_CONCURRENT_GC blocked 18ms
D/dalvikvm(  355): GC_CONCURRENT freed 248K, 66% free 4422K/12664K, paused 5ms+4ms, total 70ms
I/PackageManager(  355): /system/app/PacProcessor.apk changed; collecting certs
I/PackageManager(  355): /system/app/PackageInstaller.apk changed; collecting certs
D/dalvikvm(  355): GC_CONCURRENT freed 395K, 65% free 4548K/12664K, paused 4ms+8ms, total 91ms
D/dalvikvm(  355): WAIT_FOR_CONCURRENT_GC blocked 7ms
I/PackageManager(  355): /system/app/PicoTts.apk changed; collecting certs
I/PackageManager(  355): /system/app/PinyinIME.apk changed; collecting certs
D/dalvikvm(  355): GC_CONCURRENT freed 960K, 68% free 4099K/12664K, paused 5ms+4ms, total 68ms
D/dalvikvm(  355): WAIT_FOR_CONCURRENT_GC blocked 21ms
I/PackageManager(  355): /system/app/PrintSpooler.apk changed; collecting certs
I/PackageManager(  355): /system/app/Protips.apk changed; collecting certs
D/dalvikvm(  355): GC_CONCURRENT freed 460K, 68% free 4151K/12664K, paused 5ms+9ms, total 113ms
D/dalvikvm(  355): WAIT_FOR_CONCURRENT_GC blocked 20ms
I/PackageManager(  355): /system/app/QuickSearchBox.apk changed; collecting certs
D/dalvikvm(  355): GC_CONCURRENT freed 468K, 67% free 4195K/12664K, paused 5ms+4ms, total 58ms
D/dalvikvm(  355): WAIT_FOR_CONCURRENT_GC blocked 19ms
I/PackageManager(  355): /system/app/SdkSetup.apk changed; collecting certs
D/dalvikvm(  355): GC_CONCURRENT freed 383K, 67% free 4291K/12664K, paused 4ms+10ms, total 76ms
I/PackageManager(  355): /system/app/SoundRecorder.apk changed; collecting certs
I/PackageManager(  355): /system/app/SpeechRecorder.apk changed; collecting certs
I/PackageManager(  355): /system/app/TelephonyProvider.apk changed; collecting certs
D/dalvikvm(  355): GC_CONCURRENT freed 452K, 66% free 4357K/12664K, paused 13ms+7ms, total 92ms
I/PackageManager(  355): /system/app/UserDictionaryProvider.apk changed; collecting certs
D/PackageManager(  355): No files in app dir /vendor/app
D/dalvikvm(  355): GC_CONCURRENT freed 566K, 67% free 4259K/12664K, paused 6ms+5ms, total 84ms
W/PackageParser(  355): No actions in intent filter at /data/app/ApiDemos.apk Binary XML file line #2899
W/PackageParser(  355): No actions in intent filter at /data/app/ApiDemos.apk Binary XML file line #2905
I/PackageManager(  355): /data/app/ApiDemos.apk changed; collecting certs
D/dalvikvm(  355): GC_CONCURRENT freed 215K, 65% free 4550K/12664K, paused 6ms+3ms, total 46ms
D/dalvikvm(  355): WAIT_FOR_CONCURRENT_GC blocked 26ms
D/dalvikvm(  355): GC_CONCURRENT freed 369K, 64% free 4675K/12664K, paused 12ms+13ms, total 88ms
D/dalvikvm(  355): GC_CONCURRENT freed 313K, 62% free 4859K/12664K, paused 5ms+14ms, total 94ms
D/dalvikvm(  355): GC_CONCURRENT freed 566K, 62% free 4830K/12664K, paused 5ms+3ms, total 68ms
D/dalvikvm(  355): WAIT_FOR_CONCURRENT_GC blocked 28ms
D/dalvikvm(  355): GC_CONCURRENT freed 529K, 62% free 4830K/12664K, paused 5ms+3ms, total 67ms
D/dalvikvm(  355): WAIT_FOR_CONCURRENT_GC blocked 25ms
D/dalvikvm(  355): GC_CONCURRENT freed 531K, 62% free 4826K/12664K, paused 5ms+3ms, total 89ms
D/dalvikvm(  355): WAIT_FOR_CONCURRENT_GC blocked 23ms
D/dalvikvm(  355): GC_CONCURRENT freed 511K, 62% free 4840K/12664K, paused 15ms+3ms, total 69ms
D/dalvikvm(  355): WAIT_FOR_CONCURRENT_GC blocked 31ms
D/dalvikvm(  355): GC_CONCURRENT freed 528K, 62% free 4845K/12664K, paused 11ms+3ms, total 108ms
D/dalvikvm(  355): WAIT_FOR_CONCURRENT_GC blocked 26ms
D/dalvikvm(  355): GC_CONCURRENT freed 529K, 62% free 4848K/12664K, paused 5ms+4ms, total 68ms
D/dalvikvm(  355): WAIT_FOR_CONCURRENT_GC blocked 27ms
D/dalvikvm(  355): GC_CONCURRENT freed 528K, 62% free 4851K/12664K, paused 4ms+3ms, total 68ms
D/dalvikvm(  355): WAIT_FOR_CONCURRENT_GC blocked 27ms
D/dalvikvm(  355): GC_CONCURRENT freed 530K, 62% free 4856K/12664K, paused 5ms+3ms, total 69ms
D/dalvikvm(  355): WAIT_FOR_CONCURRENT_GC blocked 27ms
D/dalvikvm(  355): GC_CONCURRENT freed 529K, 62% free 4858K/12664K, paused 5ms+3ms, total 66ms
D/dalvikvm(  355): WAIT_FOR_CONCURRENT_GC blocked 28ms
D/dalvikvm(  355): GC_CONCURRENT freed 546K, 62% free 4852K/12664K, paused 13ms+3ms, total 68ms
D/dalvikvm(  355): WAIT_FOR_CONCURRENT_GC blocked 31ms
W/PackageManager(  355): Package com.example.android.apis desires unavailable shared library com.example.will.never.exist; ignoring!
I/PackageManager(  355): /data/app/CubeLiveWallpapers.apk changed; collecting certs
I/PackageManager(  355): /data/app/GestureBuilder.apk changed; collecting certs
D/dalvikvm(  355): GC_CONCURRENT freed 421K, 61% free 4942K/12664K, paused 12ms+15ms, total 81ms
I/PackageManager(  355): /data/app/SmokeTest.apk changed; collecting certs
I/PackageManager(  355): /data/app/SmokeTestApp.apk changed; collecting certs
D/dalvikvm(  355): GC_CONCURRENT freed 1040K, 65% free 4465K/12664K, paused 4ms+4ms, total 85ms
I/PackageManager(  355): /data/app/SoftKeyboard.apk changed; collecting certs
D/dalvikvm(  355): GC_CONCURRENT freed 611K, 66% free 4360K/12664K, paused 12ms+3ms, total 62ms
D/dalvikvm(  355): WAIT_FOR_CONCURRENT_GC blocked 27ms
I/PackageManager(  355): /data/app/WidgetPreview.apk changed; collecting certs
W/PackageManager(  355): Package com.example.android.apis desires unavailable shared library com.example.will.never.exist; ignoring!
W/PackageManager(  355): Package com.android.camera desires unavailable shared library com.google.android.media.effects; ignoring!
I/PackageManager(  355): Time to scan packages: 23.597 seconds
W/PackageManager(  355): Not granting permission android.permission.GLOBAL_SEARCH to package com.android.quicksearchbox (protectionLevel=18 flags=0x8be45)
W/PackageManager(  355): Unknown permission com.android.smspush.WAPPUSH_MANAGER_BIND in package com.android.phone
W/PackageManager(  355): Unknown permission com.google.android.googleapps.permission.GOOGLE_AUTH in package com.android.providers.calendar
W/PackageManager(  355): Unknown permission com.google.android.googleapps.permission.GOOGLE_AUTH.cl in package com.android.providers.calendar
W/PackageManager(  355): Unknown permission com.google.android.googleapps.permission.GOOGLE_AUTH.mail in package com.android.calendar
W/PackageManager(  355): Not granting permission android.permission.ACCESS_DOWNLOAD_MANAGER to package com.android.browser (protectionLevel=18 flags=0x9be45)
W/PackageManager(  355): Not granting permission android.permission.SEND_DOWNLOAD_COMPLETED_INTENTS to package com.android.browser (protectionLevel=2 flags=0x9be45)
W/PackageManager(  355): Not granting permission android.permission.BIND_APPWIDGET to package com.android.widgetpreview (protectionLevel=18 flags=0x8be44)
W/PackageManager(  355): Unknown permission android.permission.INSTALL_DRM in package com.android.mms
W/PackageManager(  355): Unknown permission com.google.android.googleapps.permission.GOOGLE_AUTH in package com.android.settings
D/dalvikvm(  355): GC_CONCURRENT freed 412K, 66% free 4356K/12664K, paused 5ms+5ms, total 83ms
W/PackageManager(  355): Unknown permission com.google.android.googleapps.permission.ACCESS_GOOGLE_PASSWORD in package com.android.development
W/PackageManager(  355): Unknown permission com.google.android.googleapps.permission.GOOGLE_AUTH in package com.android.development
W/PackageManager(  355): Unknown permission com.google.android.googleapps.permission.GOOGLE_AUTH.ALL_SERVICES in package com.android.development
W/PackageManager(  355): Unknown permission com.google.android.googleapps.permission.GOOGLE_AUTH.YouTubeUser in package com.android.development
W/PackageManager(  355): Not granting permission android.permission.DELETE_PACKAGES to package com.svox.pico (protectionLevel=18 flags=0x8be45)
W/PackageManager(  355): Not granting permission android.permission.DEVICE_POWER to package com.android.deskclock (protectionLevel=2 flags=0x48be45)
D/dalvikvm(  355): GC_EXPLICIT freed 330K, 67% free 4280K/12664K, paused 4ms+3ms, total 59ms
I/SystemServer(  355): Entropy Mixer
W/EntropyMixer(  355): No existing entropy file -- first boot?
I/EntropyMixer(  355): Writing entropy...
I/SystemServer(  355): User Service
I/SystemServer(  355): Account Manager
I/SystemServer(  355): Content Manager
I/SystemServer(  355): System Content Providers
D/SettingsProvider(  355): User 0 external modification to /data/data/com.android.providers.settings/databases/settings.db; event=2
D/SettingsProvider(  355): User 0 updating our caches for /data/data/com.android.providers.settings/databases/settings.db
I/SyncManager(  355): No initial accounts
I/SyncManager(  355): No initial status
W/SyncManagerFile(  355): Error reading pending data.
W/SyncManagerFile(  355): java.io.FileNotFoundException: /data/system/sync/pending.xml: open failed: ENOENT (No such file or directory)
W/SyncManagerFile(  355): 	at libcore.io.IoBridge.open(IoBridge.java:409)
W/SyncManagerFile(  355): 	at java.io.FileInputStream.<init>(FileInputStream.java:78)
W/SyncManagerFile(  355): 	at android.util.AtomicFile.openRead(AtomicFile.java:199)
W/SyncManagerFile(  355): 	at com.android.server.content.SyncStorageEngine.readPendingOperationsLocked(SyncStorageEngine.java:2286)
W/SyncManagerFile(  355): 	at com.android.server.content.SyncStorageEngine.<init>(SyncStorageEngine.java:434)
W/SyncManagerFile(  355): 	at com.android.server.content.SyncStorageEngine.init(SyncStorageEngine.java:454)
W/SyncManagerFile(  355): 	at com.android.server.content.SyncManager.<init>(SyncManager.java:383)
W/SyncManagerFile(  355): 	at com.android.server.content.ContentService.getSyncManager(ContentService.java:75)
W/SyncManagerFile(  355): 	at com.android.server.content.ContentService.notifyChange(ContentService.java:283)
W/SyncManagerFile(  355): 	at android.content.ContentResolver.notifyChange(ContentResolver.java:1621)
W/SyncManagerFile(  355): 	at com.android.providers.settings.SettingsProvider.sendNotify(SettingsProvider.java:262)
W/SyncManagerFile(  355): 	at com.android.providers.settings.SettingsProvider.insertForUser(SettingsProvider.java:941)
W/SyncManagerFile(  355): 	at com.android.providers.settings.SettingsProvider.ensureAndroidIdIsSet(SettingsProvider.java:496)
W/SyncManagerFile(  355): 	at com.android.providers.settings.SettingsProvider.establishDbTracking(SettingsProvider.java:409)
W/SyncManagerFile(  355): 	at com.android.providers.settings.SettingsProvider.onCreate(SettingsProvider.java:335)
W/SyncManagerFile(  355): 	at android.content.ContentProvider.attachInfo(ContentProvider.java:1591)
W/SyncManagerFile(  355): 	at android.content.ContentProvider.attachInfo(ContentProvider.java:1562)
W/SyncManagerFile(  355): 	at android.app.ActivityThread.installProvider(ActivityThread.java:4774)
W/SyncManagerFile(  355): 	at android.app.ActivityThread.installContentProviders(ActivityThread.java:4369)
W/SyncManagerFile(  355): 	at android.app.ActivityThread.installSystemProviders(ActivityThread.java:4929)
W/SyncManagerFile(  355): 	at com.android.server.am.ActivityManagerService.installSystemProviders(ActivityManagerService.java:8081)
W/SyncManagerFile(  355): 	at com.android.server.ServerThread.initAndLoop(SystemServer.java:275)
W/SyncManagerFile(  355): 	at com.android.server.SystemServer.main(SystemServer.java:1179)
W/SyncManagerFile(  355): 	at java.lang.reflect.Method.invokeNative(Native Method)
W/SyncManagerFile(  355): 	at java.lang.reflect.Method.invoke(Method.java:515)
W/SyncManagerFile(  355): 	at com.android.internal.os.ZygoteInit$MethodAndArgsCaller.run(ZygoteInit.java:785)
W/SyncManagerFile(  355): 	at com.android.internal.os.ZygoteInit.main(ZygoteInit.java:601)
W/SyncManagerFile(  355): 	at dalvik.system.NativeStart.main(Native Method)
W/SyncManagerFile(  355): Caused by: libcore.io.ErrnoException: open failed: ENOENT (No such file or directory)
W/SyncManagerFile(  355): 	at libcore.io.Posix.open(Native Method)
W/SyncManagerFile(  355): 	at libcore.io.BlockGuardOs.open(BlockGuardOs.java:110)
W/SyncManagerFile(  355): 	at libcore.io.IoBridge.open(IoBridge.java:393)
W/SyncManagerFile(  355): 	... 27 more
I/SyncManager(  355): No initial statistics
D/SettingsProvider(  355): User 0 external modification to /data/data/com.android.providers.settings/databases/settings.db; event=2
D/SettingsProvider(  355): User 0 updating our caches for /data/data/com.android.providers.settings/databases/settings.db
D/SettingsProvider(  355): Generated and saved new ANDROID_ID [42e350dd246d21c0] for user 0
I/SystemServer(  355): Lights Service
I/SystemServer(  355): Battery Service
E/ConsumerIrService(  355): Can't open consumer IR HW Module, error: -2
W/libsuspend(  355): Error writing 'on' to /sys/power/state: Invalid argument
E/libsuspend(  355): Error opening /sys/power/autosleep: No such file or directory
I/SystemServer(  355): Vibrator Service
I/SystemServer(  355): Consumer IR Service
I/libsuspend(  355): Selected wakeup count
D/PermissionCache(   58): checking android.permission.ACCESS_SURFACE_FLINGER for uid=1000 => granted (2218 us)
D/SurfaceFlinger(   58): Screen acquired, type=0 flinger=0xb81ce450
D/SurfaceFlinger(   58):  screen was previously acquired
I/SystemServer(  355): Alarm Manager
I/SystemServer(  355): Init Watchdog
I/SystemServer(  355): Input Manager
I/InputManager(  355): Initializing input manager, mUseDevInputEventForAudioJack=false
I/SystemServer(  355): Window Manager
I/WindowManager(  355): No existing display settings /data/system/display_settings.xml; starting empty
D/dalvikvm(  355): GC_CONCURRENT freed 322K, 65% free 4461K/12664K, paused 6ms+37ms, total 175ms
I/WindowManager(  355): No keyguard interface!
I/InputManager(  355): Starting input manager
E/EventHub(  355): could not get driver version for /dev/input/mouse0, Not a typewriter
W/EventHub(  355): Unable to disable kernel key repeat for /dev/input/event0: Function not implemented
I/EventHub(  355): New device: id=1, fd=93, path='/dev/input/event0', name='qwerty2', classes=0x2d, configuration='/system/usr/idc/qwerty2.idc', keyLayout='/system/usr/keylayout/qwerty.kl', keyCharacterMap='/system/usr/keychars/qwerty2.kcm', builtinKeyboard=true, usingSuspendBlockIoctl=true, usingClockIoctl=true
E/EventHub(  355): could not get driver version for /dev/input/mice, Not a typewriter
I/InputReader(  355): Device added: id=-1, name='Virtual', sources=0x00000301
I/SystemServer(  355): No Bluetooh Service (emulator)
I/SystemServer(  355): Input Method Service
I/InputReader(  355):   Touch device 'qwerty2' could not query the properties of its associated display.  The device will be inoperable until the display size becomes available.
I/InputReader(  355): Device added: id=0, name='qwerty2', sources=0x00011307
W/InputMethodManagerService(  355): No IME selected. Choose the most applicable IME.
I/InputMethodManagerService(  355): No default found, using com.android.inputmethod.latin/.LatinIME
I/SystemServer(  355): Accessibility Manager
I/ActivityManager(  355): Config changes=1df8 {1.0 ?mcc?mnc en_US ldltr sw480dp w480dp h864dp 160dpi lrg long port ?uimode ?night -touch -keyb/h/h tball/v s.2}
I/InputReader(  355): Reconfiguring input devices.  changes=0x00000004
I/InputReader(  355): Device reconfigured: id=0, name='qwerty2', size 480x864, orientation 0, mode 1, display id 0
I/InputReader(  355): Reconfiguring input devices.  changes=0x00000004
I/ActivityManager(  355): Config changes=408 {1.0 ?mcc?mnc en_US ldltr sw480dp w480dp h839dp 160dpi lrg long port ?uimode ?night finger -keyb/h/h tball/v s.3}
I/SystemServer(  355): Mount Service
D/MountService(  355): got storage path: /storage/sdcard description: USB storage primary: true removable: false emulated: false mtpReserve: 0 allowMassStorage: false maxFileSize: 0
D/MountService(  355): addVolumeLocked() StorageVolume:
D/MountService(  355):     mStorageId=0 mPath=/storage/sdcard mDescriptionId=17040665 mPrimary=true 
D/MountService(  355):     mRemovable=false mEmulated=false mMtpReserveSpace=0 
D/MountService(  355):     mAllowMassStorage=false mMaxFileSize=0 mOwner=null mUuid=null 
D/MountService(  355):     mUserLabel=null mState=null 
I/SystemServer(  355): LockSettingsService
I/SystemServer(  355): Device Policy
I/SystemServer(  355): Status Bar
I/SystemServer(  355): Clipboard Service
I/SystemServer(  355): NetworkManagement Service
I/SystemServer(  355): Text Service Manager Service
W/MountService(  355): Duplicate state transition (unmounted -> unmounted) for /storage/sdcard
W/MountService(  355): getSecureContainerList() called when storage not mounted
I/SystemServer(  355): NetworkStats Service
I/SystemServer(  355): NetworkPolicy Service
I/SystemServer(  355): Wi-Fi P2pService
I/PackageManager(  355): No secure containers on sdcard
W/PackageManager(  355): Not granting permission android.permission.GLOBAL_SEARCH to package com.android.quicksearchbox (protectionLevel=18 flags=0x8be45)
I/SystemServer(  355): Wi-Fi Service
D/dalvikvm(  355): GC_CONCURRENT freed 246K, 64% free 4638K/12664K, paused 6ms+35ms, total 154ms
W/PackageManager(  355): Unknown permission com.android.smspush.WAPPUSH_MANAGER_BIND in package com.android.phone
W/PackageManager(  355): Unknown permission com.google.android.googleapps.permission.GOOGLE_AUTH in package com.android.providers.calendar
W/PackageManager(  355): Unknown permission com.google.android.googleapps.permission.GOOGLE_AUTH.cl in package com.android.providers.calendar
W/PackageManager(  355): Unknown permission com.google.android.googleapps.permission.GOOGLE_AUTH.mail in package com.android.calendar
W/PackageManager(  355): Not granting permission android.permission.ACCESS_DOWNLOAD_MANAGER to package com.android.browser (protectionLevel=18 flags=0x9be45)
W/PackageManager(  355): Not granting permission android.permission.SEND_DOWNLOAD_COMPLETED_INTENTS to package com.android.browser (protectionLevel=2 flags=0x9be45)
W/PackageManager(  355): Not granting permission android.permission.BIND_APPWIDGET to package com.android.widgetpreview (protectionLevel=18 flags=0x8be44)
W/PackageManager(  355): Unknown permission android.permission.INSTALL_DRM in package com.android.mms
W/PackageManager(  355): Unknown permission com.google.android.googleapps.permission.GOOGLE_AUTH in package com.android.settings
W/PackageManager(  355): Unknown permission com.google.android.googleapps.permission.ACCESS_GOOGLE_PASSWORD in package com.android.development
W/PackageManager(  355): Unknown permission com.google.android.googleapps.permission.GOOGLE_AUTH in package com.android.development
W/PackageManager(  355): Unknown permission com.google.android.googleapps.permission.GOOGLE_AUTH.ALL_SERVICES in package com.android.development
W/PackageManager(  355): Unknown permission com.google.android.googleapps.permission.GOOGLE_AUTH.YouTubeUser in package com.android.development
W/PackageManager(  355): Not granting permission android.permission.DELETE_PACKAGES to package com.svox.pico (protectionLevel=18 flags=0x8be45)
W/PackageManager(  355): Not granting permission android.permission.DEVICE_POWER to package com.android.deskclock (protectionLevel=2 flags=0x48be45)
D/WifiController(  355): isAirplaneModeOn = false, isWifiEnabled = false, isScanningAvailable = false
I/SystemServer(  355): Connectivity Service
D/ConnectivityService(  355): ConnectivityService starting up
D/ConnectivityService(  355): wifiOnly=false
E/MobileDataStateTracker(  355): default: Ignoring feature request because could not acquire PhoneService
E/MobileDataStateTracker(  355): default: Could not enable APN type "default"
I/WifiService(  355): WifiService starting up with Wi-Fi disabled
I/SystemServer(  355): Network Service Discovery Service
D/NsdService(  355): Network service discovery enabled true
I/SystemServer(  355): UpdateLock Service
D/dalvikvm(  355): GC_CONCURRENT freed 304K, 63% free 4747K/12664K, paused 5ms+24ms, total 86ms
I/SystemServer(  355): Notification Manager
I/SystemServer(  355): Device Storage Monitor
I/SystemServer(  355): Location Manager
I/SystemServer(  355): Country Detector
I/SystemServer(  355): Search Service
I/SystemServer(  355): DropBox Service
I/SystemServer(  355): Wallpaper Service
W/WallpaperService(  355): no current wallpaper -- first boot?
I/SystemServer(  355): Audio Service
W/ProcessCpuTracker(  355): Skipping unknown process pid 440
I/SystemServer(  355): Dock Observer
W/DockObserver(  355): This kernel does not have dock station support
I/SystemServer(  355): Wired Accessory Manager
W/WiredAccessoryManager(  355): This kernel does not have wired headset support
W/WiredAccessoryManager(  355): This kernel does not have usb audio support
W/WiredAccessoryManager(  355): This kernel does not have HDMI audio support
I/SystemServer(  355): USB Service
I/SystemServer(  355): Serial Service
I/SystemServer(  355): Twilight Service
I/SystemServer(  355): UI Mode Manager Service
I/SystemServer(  355): Backup Service
V/BackupManagerService(  355): Initializing package tracking
V/BackupManagerService(  355): No ancestral data
V/BackupManagerService(  355): addPackageParticipantsLocked: all
I/BackupManagerService(  355): Scheduling backup for new app com.android.calendar
D/BackupManagerService(  355): Now staging backup of com.android.calendar
I/BackupManagerService(  355): Scheduling backup for new app com.android.browser
D/BackupManagerService(  355): Now staging backup of com.android.browser
I/BackupManagerService(  355): Scheduling backup for new app com.android.providers.userdictionary
D/BackupManagerService(  355): Now staging backup of com.android.providers.userdictionary
I/BackupManagerService(  355): Scheduling backup for new app com.android.sharedstoragebackup
D/BackupManagerService(  355): Now staging backup of com.android.sharedstoragebackup
I/BackupManagerService(  355): Scheduling backup for new app android
D/BackupManagerService(  355): Now staging backup of android
I/BackupManagerService(  355): Scheduling backup for new app com.android.dialer
D/BackupManagerService(  355): Now staging backup of com.android.dialer
I/BackupManagerService(  355): Scheduling backup for new app com.android.providers.settings
D/BackupManagerService(  355): Now staging backup of com.android.providers.settings
V/BackupManagerService(  355): Starting with transport android/com.android.internal.backup.LocalTransport
V/BackupManagerService(  355): Found transports: 1
I/BackupManagerService(  355): Binding to transport host ComponentInfo{android/com.android.internal.backup.LocalTransportService}
I/BackupManagerService(  355): Backup enabled => true
I/SystemServer(  355): AppWidget Service
I/SystemServer(  355): Recognition Service
I/SystemServer(  355): DiskStats Service
I/SystemServer(  355): SamplingProfiler Service
I/SystemServer(  355): NetworkTimeUpdateService
I/SystemServer(  355): CommonTimeManagementService
I/SystemServer(  355): CertBlacklister
I/SystemServer(  355): Dreams Service
I/SystemServer(  355): Assets Atlas Service
I/WindowManager(  355): SAFE MODE not enabled
I/SystemServer(  355): IdleMaintenanceService
I/SystemServer(  355): Print Service
I/SystemServer(  355): Media Router Service
D/Atlas   (  355): Computing best atlas configuration...
D/Atlas   (  355): Running Thread-49
D/Atlas   (  355): Found best atlas configuration in 0.10s
D/dalvikvm(  355): GC_CONCURRENT freed 309K, 61% free 4950K/12664K, paused 6ms+15ms, total 129ms
D/dalvikvm(  355): WAIT_FOR_CONCURRENT_GC blocked 13ms
D/Atlas   (  355): Loaded configuration: SliceMinArea (768x768) flags=0x2 count=24
D/gralloc_goldfish(  355): Emulator without GPU emulation detected.
E/SQLiteLog(  355): (1) no such table: locksettings
I/LockSettingsService(  355): Migrated lock settings to new location
W/AssetAtlasService(  355): Could not find EGL configuration
D/Atlas   (  355): Rendered atlas in 19.97ms (6.20+13.77ms)
I/LockSettingsService(  355): Migrated per-user lock settings to new location
I/Zygote  (  355): Process: zygote socket opened
V/KeyguardServiceDelegate(  355): *** Keyguard started
V/KeyguardServiceDelegate(  355): onSystemReady() called before keyguard service was ready
I/ActivityManager(  355): Start proc com.android.systemui for service com.android.keyguard/.KeyguardService: pid=448 uid=10007 gids={50007, 1028, 1015, 1035, 3002, 3001}
F/SystemServer(  355): BOOT FAILURE making Package Manager Service ready
F/SystemServer(  355): java.lang.SecurityException: Unable to find app for caller android.app.ActivityThread$ApplicationThread@b2cb3858 (pid=355) when registering receiver android.app.LoadedApk$ReceiverDispatcher$InnerReceiver@b32f3308
F/SystemServer(  355): 	at com.android.server.am.ActivityManagerService.registerReceiver(ActivityManagerService.java:13021)
F/SystemServer(  355): 	at android.app.ContextImpl.registerReceiverInternal(ContextImpl.java:1450)
F/SystemServer(  355): 	at android.app.ContextImpl.registerReceiverAsUser(ContextImpl.java:1425)
F/SystemServer(  355): 	at com.android.internal.content.PackageMonitor.register(PackageMonitor.java:84)
F/SystemServer(  355): 	at com.android.server.pm.UserManagerService.systemReady(UserManagerService.java:237)
F/SystemServer(  355): 	at com.android.server.pm.PackageManagerService.systemReady(PackageManagerService.java:10476)
F/SystemServer(  355): 	at com.android.server.ServerThread.initAndLoop(SystemServer.java:893)
F/SystemServer(  355): 	at com.android.server.SystemServer.main(SystemServer.java:1179)
F/SystemServer(  355): 	at java.lang.reflect.Method.invokeNative(Native Method)
F/SystemServer(  355): 	at java.lang.reflect.Method.invoke(Method.java:515)
F/SystemServer(  355): 	at com.android.internal.os.ZygoteInit$MethodAndArgsCaller.run(ZygoteInit.java:785)
F/SystemServer(  355): 	at com.android.internal.os.ZygoteInit.main(ZygoteInit.java:601)
F/SystemServer(  355): 	at dalvik.system.NativeStart.main(Native Method)
W/SystemServer(  355): ***********************************************
I/ActivityManager(  355): Sending system update to ComponentInfo{com.android.providers.calendar/com.android.providers.calendar.CalendarUpgradeReceiver} for user 0
I/ActivityManager(  355): Sending system update to ComponentInfo{com.android.providers.contacts/com.android.providers.contacts.ContactsUpgradeReceiver} for user 0
I/ActivityManager(  355): Sending system update to ComponentInfo{com.android.providers.media/com.android.providers.media.MediaUpgradeReceiver} for user 0
I/SystemServer(  355): Enabled StrictMode for system server main thread.
I/ActivityManager(  355): Start proc com.android.providers.calendar for broadcast com.android.providers.calendar/.CalendarUpgradeReceiver: pid=459 uid=10001 gids={50001, 3003, 1028, 1015}
I/Choreographer(  355): Skipped 42 frames!  The application may be doing too much work on its main thread.
W/InputMethodManagerService(  355): Focus gain on non-focused client android.view.inputmethod.InputMethodManager$1@b325d5d8 (uid=1000 pid=355)
V/BackupManagerService(  355): Connected to transport ComponentInfo{android/com.android.internal.backup.LocalTransportService}
V/BackupManagerService(  355): Registering transport android/com.android.internal.backup.LocalTransportService::android/com.android.internal.backup.LocalTransport = com.android.internal.backup.LocalTransport@b3611000
I/ActivityManager(  355): Launching preboot mode app: ProcessRecord{b355b5d8 459:com.android.providers.calendar/u0a1}
E/SoundPool(  448): error loading /system/media/audio/ui/Lock.ogg
W/KeyguardViewMediator(  448): failed to load lock sound from /system/media/audio/ui/Lock.ogg
E/SoundPool(  448): error loading /system/media/audio/ui/Unlock.ogg
W/KeyguardViewMediator(  448): failed to load unlock sound from /system/media/audio/ui/Unlock.ogg
V/KeyguardService(  448): onCreate()
V/KeyguardServiceDelegate(  355): *** Keyguard connected (yay!)
V/KeyguardServiceDelegate(  355): **** SHOWN CALLED ****
D/dalvikvm(  355): GC_CONCURRENT freed 304K, 60% free 5118K/12664K, paused 31ms+5ms, total 114ms
I/ActivityManager(  355): Start proc android.process.acore for broadcast com.android.providers.contacts/.ContactsUpgradeReceiver: pid=479 uid=10002 gids={50002, 3003, 1028, 1015}
I/ActivityManager(  355): Launching preboot mode app: ProcessRecord{b324f208 479:android.process.acore/u0a2}
I/ContactsUpgradeReceiver(  479): Creating or opening contacts database
I/ContactsDatabaseHelper(  479): Bootstrapping database version: 803
D/dalvikvm(  479): GC_CONCURRENT freed 386K, 15% free 2793K/3256K, paused 15ms+2ms, total 63ms
D/dalvikvm(  479): GC_CONCURRENT freed 313K, 13% free 2871K/3264K, paused 4ms+1ms, total 28ms
I/ContactsProviderV1(  479): Bootstrapping database legacy support
I/ContactsDatabaseHelper(  479): Bootstrapping database version: 803
D/dalvikvm(  479): GC_CONCURRENT freed 334K, 13% free 2929K/3340K, paused 4ms+3ms, total 30ms
I/ContactsProviderV1(  479): Bootstrapping database legacy support
D/dalvikvm(  479): GC_CONCURRENT freed 343K, 13% free 3010K/3432K, paused 3ms+2ms, total 29ms
I/ContactsProvider(  479): Locale has changed from null to en_US
I/ContactsDatabaseHelper(  479): Switching to locale en_US (ICU v51.1.0.1)
I/ContactsDatabaseHelper(  479): Locale change completed in 433ms
I/ContactsDatabaseHelper(  479): Switching to locale en_US (ICU v51.1.0.1)
D/dalvikvm(  479): GC_CONCURRENT freed 353K, 13% free 3056K/3484K, paused 4ms+3ms, total 45ms
I/ContactsDatabaseHelper(  479): Locale change completed in 556ms
I/ActivityManager(  355): Start proc android.process.media for broadcast com.android.providers.media/.MediaUpgradeReceiver: pid=497 uid=10005 gids={50005, 1028, 1015, 1023, 1024, 2001, 3003, 3007}
I/ActivityManager(  355): Launching preboot mode app: ProcessRecord{b33794d8 497:android.process.media/u0a5}
I/ActivityManager(  355): Writing new set of last done pre-boot receivers...
I/ActivityManager(  355): Removing system update proc: ProcessRecord{b355b5d8 459:com.android.providers.calendar/u0a1}
I/ActivityManager(  355): Killing 459:com.android.providers.calendar/u0a1 (adj 13): system update done
I/ActivityManager(  355): Removing system update proc: ProcessRecord{b324f208 479:android.process.acore/u0a2}
I/ActivityManager(  355): Killing 479:android.process.acore/u0a2 (adj 11): system update done
W/ProcessCpuTracker(  355): Skipping unknown process pid 459
W/ProcessCpuTracker(  355): Skipping unknown process pid 479
I/ActivityManager(  355): Removing system update proc: ProcessRecord{b33794d8 497:android.process.media/u0a5}
I/ActivityManager(  355): Killing 497:android.process.media/u0a5 (adj 9): system update done
I/ActivityManager(  355): System now ready
W/ActivityManager(  355): Can't find mystery application for StrictMode from pid=497 uid=10005: android.os.BinderProxy@b32a4698
I/SystemServer(  355): Making services ready
D/NetworkManagementService(  355): enabling bandwidth control
D/SystemUIService(  448): loading: class com.android.systemui.recent.Recents
D/SystemUIService(  448): running: com.android.systemui.recent.Recents@b2ce5010
D/SystemUIService(  448): loading: class com.android.systemui.statusbar.SystemBars
D/SystemUIService(  448): running: com.android.systemui.statusbar.SystemBars@b2ce55f8
I/Vold    (   53): /dev/block/vold/179:0 being considered for volume sdcard
D/Vold    (   53): Volume sdcard state changing 1 (Idle-Unmounted) -> 3 (Checking)
D/MountService(  355): volume state changed for /storage/sdcard (unmounted -> checking)
D/MountService(  355): sendStorageIntent Intent { act=android.intent.action.MEDIA_CHECKING dat=file:///storage/sdcard (has extras) } to UserHandle{-1}
D/SystemUIService(  448): loading: class com.android.systemui.usb.StorageNotification
D/SystemUIService(  448): running: com.android.systemui.usb.StorageNotification@b2ce7348
D/SystemUIService(  448): loading: class com.android.systemui.power.PowerUI
D/SystemUIService(  448): running: com.android.systemui.power.PowerUI@b2ce89a8
I/fsck_msdos(   53): ** /dev/block/vold/179:0
D/SystemUIService(  448): loading: class com.android.systemui.media.RingtonePlayer
I/fsck_msdos(   53): Invalid signature in fsinfo block
I/fsck_msdos(   53): FIXED
I/fsck_msdos(   53): ** Phase 1 - Read and Compare FATs
I/fsck_msdos(   53): Attempting to allocate 794 KB for FAT
D/SystemUIService(  448): running: com.android.systemui.media.RingtonePlayer@b2ce99e0
D/SystemUIService(  448): loading: class com.android.systemui.settings.SettingsUI
D/SystemUIService(  448): running: com.android.systemui.settings.SettingsUI@b2ceacc8
I/StatusBarManagerService(  355): registerStatusBar bar=com.android.internal.statusbar.IStatusBar$Stub$Proxy@b3534858
D/PhoneStatusBar(  448): mSettingsPanelGravity = 55
I/fsck_msdos(   53): Attempting to allocate 794 KB for FAT
I/fsck_msdos(   53): ** Phase 2 - Check Cluster Chains
I/fsck_msdos(   53): ** Phase 3 - Checking Directories
I/fsck_msdos(   53): ** Phase 4 - Checking for Lost Files
I/fsck_msdos(   53): Free space in FSInfo block (201592) not correct (201591)
I/fsck_msdos(   53): FIXED
I/fsck_msdos(   53): 1 files, 100795 free (201591 clusters)
I/Vold    (   53): Filesystem check completed OK
D/dalvikvm(  448): GC_CONCURRENT freed 295K, 12% free 2844K/3216K, paused 8ms+2ms, total 198ms
W/Vold    (   53): blkid failed to identify /dev/block/vold/179:0
D/Vold    (   53): Volume sdcard state changing 3 (Checking) -> 4 (Mounted)
D/MountService(  355): volume state changed for /storage/sdcard (checking -> mounted)
E/VoldConnector(  355): NDC Command {3 volume mount /storage/sdcard} took too long (728ms)
I/PackageManager(  355): Updating external media status from unmounted to mounted
I/PackageManager(  355): No secure containers on sdcard
D/MountService(  355): sendStorageIntent Intent { act=android.intent.action.MEDIA_MOUNTED dat=file:///storage/sdcard (has extras) } to UserHandle{-1}
D/dalvikvm(  448): GC_FOR_ALLOC freed 24K, 9% free 2947K/3216K, paused 35ms, total 37ms
D/dalvikvm(  355): GC_CONCURRENT freed 499K, 59% free 5221K/12664K, paused 219ms+11ms, total 519ms
W/PackageManager(  355): Not granting permission android.permission.GLOBAL_SEARCH to package com.android.quicksearchbox (protectionLevel=18 flags=0x88be45)
W/PackageManager(  355): Unknown permission com.android.smspush.WAPPUSH_MANAGER_BIND in package com.android.phone
W/PackageManager(  355): Unknown permission com.google.android.googleapps.permission.GOOGLE_AUTH in package com.android.providers.calendar
W/PackageManager(  355): Unknown permission com.google.android.googleapps.permission.GOOGLE_AUTH.cl in package com.android.providers.calendar
W/PackageManager(  355): Unknown permission com.google.android.googleapps.permission.GOOGLE_AUTH.mail in package com.android.calendar
W/PackageManager(  355): Not granting permission android.permission.ACCESS_DOWNLOAD_MANAGER to package com.android.browser (protectionLevel=18 flags=0x89be45)
W/PackageManager(  355): Not granting permission android.permission.SEND_DOWNLOAD_COMPLETED_INTENTS to package com.android.browser (protectionLevel=2 flags=0x89be45)
W/PackageManager(  355): Not granting permission android.permission.BIND_APPWIDGET to package com.android.widgetpreview (protectionLevel=18 flags=0x8be44)
W/PackageManager(  355): Unknown permission android.permission.INSTALL_DRM in package com.android.mms
W/PackageManager(  355): Unknown permission com.google.android.googleapps.permission.GOOGLE_AUTH in package com.android.settings
W/PackageManager(  355): Unknown permission com.google.android.googleapps.permission.ACCESS_GOOGLE_PASSWORD in package com.android.development
W/PackageManager(  355): Unknown permission com.google.android.googleapps.permission.GOOGLE_AUTH in package com.android.development
W/PackageManager(  355): Unknown permission com.google.android.googleapps.permission.GOOGLE_AUTH.ALL_SERVICES in package com.android.development
W/PackageManager(  355): Unknown permission com.google.android.googleapps.permission.GOOGLE_AUTH.YouTubeUser in package com.android.development
W/PackageManager(  355): Not granting permission android.permission.DELETE_PACKAGES to package com.svox.pico (protectionLevel=18 flags=0x88be45)
W/PackageManager(  355): Not granting permission android.permission.DEVICE_POWER to package com.android.deskclock (protectionLevel=2 flags=0xc8be45)
E/BluetoothAdapter(  448): Bluetooth binder is null
E/BluetoothAdapter(  448): Bluetooth binder is null
D/dalvikvm(  448): GC_CONCURRENT freed 58K, 6% free 3301K/3492K, paused 5ms+2ms, total 72ms
E/BluetoothAdapter(  448): Bluetooth binder is null
E/BluetoothAdapter(  448): Bluetooth binder is null
D/PhoneStatusBar(  448): disable: < expand icons alerts ticker system_info back home recent clock search >
I/ActivityManager(  355): Start proc android.process.acore for content provider com.android.providers.contacts/.ContactsProvider2: pid=547 uid=10002 gids={50002, 3003, 1028, 1015}
E/BluetoothAdapter(  448): Bluetooth binder is null
D/PhoneStatusBar(  448): heads up is disabled
I/Choreographer(  448): Skipped 427 frames!  The application may be doing too much work on its main thread.
E/NetdConnector(  355): NDC Command {1 bandwidth enable} took too long (3194ms)
D/dalvikvm(  448): GC_CONCURRENT freed 137K, 6% free 3554K/3768K, paused 4ms+4ms, total 163ms
E/NetdConnector(  355): NDC Command {2 firewall disable} took too long (569ms)
I/Choreographer(  448): Skipped 284 frames!  The application may be doing too much work on its main thread.
D/gralloc_goldfish(  448): Emulator without GPU emulation detected.
I/Choreographer(  448): Skipped 80 frames!  The application may be doing too much work on its main thread.
D/dalvikvm(  547): GC_CONCURRENT freed 255K, 11% free 2954K/3284K, paused 4ms+223ms, total 393ms
I/ActivityManager(  355): Config changes=200 {1.0 ?mcc?mnc en_US ldltr sw480dp w480dp h839dp 160dpi lrg long port finger -keyb/h/h tball/v s.4}
W/RecognitionManagerService(  355): no available voice recognition services found for user 0
D/PhoneStatusBar(  448): mSettingsPanelGravity = 55
W/AppWidgetServiceImpl(  355): Failed to read state: java.io.FileNotFoundException: /data/system/users/0/appwidgets.xml: open failed: ENOENT (No such file or directory)
W/InputMethodManagerService(  355): Ignoring setImeWindowStatus of uid 1000 token: null
D/dalvikvm(  355): GC_CONCURRENT freed 618K, 59% free 5236K/12664K, paused 36ms+5ms, total 125ms
D/dalvikvm(  355): WAIT_FOR_CONCURRENT_GC blocked 36ms
D/dalvikvm(  355): WAIT_FOR_CONCURRENT_GC blocked 38ms
W/InputMethodUtils(  355): Found no subtypes in a system IME: com.android.inputmethod.pinyin
W/InputMethodManagerService(  355): Reset the default IME as "Resource" is ready here.
W/InputMethodUtils(  355): Found no subtypes in a system IME: com.android.inputmethod.pinyin
I/InputMethodManagerService(  355): Selected default: com.android.inputmethod.latin/.LatinIME
I/ActivityManager(  355): Config changes=20 {1.0 ?mcc?mnc en_US ldltr sw480dp w480dp h839dp 160dpi lrg long port finger -keyb/v/h tball/v s.5}
I/ActivityManager(  355): Start proc com.android.inputmethod.latin for service com.android.inputmethod.latin/.LatinIME: pid=589 uid=10029 gids={50029, 1028, 1015}
V/InputMethodManagerService(  355): Adding window token: android.os.Binder@b31a9f38
W/InputMethodManagerService(  355): Illegal subtype state: old subtype = null, new subtype = android.view.inputmethod.InputMethodSubtype@c9194f98
W/GpsLocationProvider(  355): Could not open GPS configuration file /etc/gps.conf
W/ServiceWatcher(  355): com.google.android.location not found
D/dalvikvm(  448): GC_FOR_ALLOC freed 95K, 6% free 3560K/3768K, paused 128ms, total 129ms
W/ServiceWatcher(  355): com.google.android.location not found
W/ServiceWatcher(  355): com.google.android.location not found
W/LocationManagerService(  355): no network location provider found
W/ServiceWatcher(  355): com.google.android.location not found
E/LocationManagerService(  355): no geocoder provider found
E/FlpHardwareProvider(  355): Error hw_get_module 'flp': -2
W/ServiceWatcher(  355): com.google.android.location not found
E/FlpHardwareProvider(  355): Error hw_get_module 'flp': -2
W/ServiceWatcher(  355): com.google.android.location not found
E/LocationManagerService(  355): No FusedProvider found.
E/LocationManagerService(  355): no geofence provider found
I/CommonTimeManagementService(  355): No common time service detected on this platform.  Common time services will be unavailable.
I/InputReader(  355): Reconfiguring input devices.  changes=0x00000020
I/InputReader(  355): Reconfiguring input devices.  changes=0x00000010
I/dalvikvm-heap(  448): Grow heap (frag case) to 6.478MB for 3072016-byte allocation
I/ActivityManager(  355): Start proc com.android.phone for added application com.android.phone: pid=601 uid=1001 gids={41001, 3002, 3001, 3003, 1028, 1015}
I/ActivityManager(  355): START u0 {act=android.intent.action.MAIN cat=[android.intent.category.HOME] flg=0x10000000 cmp=com.android.settings/.CryptKeeper} from pid 0
D/dalvikvm(  448): GC_FOR_ALLOC freed 3K, 4% free 6557K/6772K, paused 61ms, total 61ms
I/ActivityManager(  355): Start proc com.android.settings for activity com.android.settings/.CryptKeeper: pid=607 uid=1000 gids={41000, 1028, 1015, 3002, 3001, 3003}
D/dalvikvm(  448): GC_CONCURRENT freed 0K, 4% free 6558K/6772K, paused 3ms+43ms, total 100ms
I/ActivityManager(  355): Start proc android.process.media for broadcast com.android.providers.downloads/.DownloadReceiver: pid=624 uid=10005 gids={50005, 1028, 1015, 1023, 1024, 2001, 3003, 3007}
D/dalvikvm(   59): GC_EXPLICIT freed 38K, 5% free 2705K/2820K, paused 2ms+2ms, total 77ms
D/dalvikvm(   59): GC_EXPLICIT freed <1K, 5% free 2705K/2820K, paused 3ms+2ms, total 64ms
D/dalvikvm(   59): GC_EXPLICIT freed <1K, 5% free 2705K/2820K, paused 2ms+2ms, total 61ms
D/dalvikvm(  448): GC_FOR_ALLOC freed 3003K, 6% free 3562K/3768K, paused 128ms, total 144ms
I/dalvikvm-heap(  448): Grow heap (frag case) to 6.480MB for 3072016-byte allocation
D/dalvikvm(  448): GC_CONCURRENT freed <1K, 4% free 6562K/6772K, paused 6ms+32ms, total 131ms
D/dalvikvm(  355): GC_CONCURRENT freed 557K, 59% free 5315K/12664K, paused 6ms+4ms, total 264ms
D/dalvikvm(  355): WAIT_FOR_CONCURRENT_GC blocked 111ms
D/dalvikvm(  355): WAIT_FOR_CONCURRENT_GC blocked 84ms
D/dalvikvm(  355): WAIT_FOR_CONCURRENT_GC blocked 49ms
I/LatinIME(  589): Hardware accelerated drawing: true
I/ActivityManager(  355): START u0 {act=android.intent.action.MAIN cat=[android.intent.category.HOME] flg=0x10000000 cmp=com.android.sdksetup/.DefaultActivity} from pid 0
I/ActivityManager(  355): Start proc com.android.sdksetup for activity com.android.sdksetup/.DefaultActivity: pid=644 uid=10042 gids={50042}
I/FusedLocation(  355): engine started (com.android.location.fused)
W/WindowManager(  355): Window freeze timeout expired.
W/WindowManager(  355): Force clearing orientation change: Window{b2c97768 u0 StatusBar}
W/WindowManager(  355): Force clearing orientation change: Window{b318d558 u0 com.android.systemui.ImageWallpaper}
D/PhoneStatusBar(  448): mSettingsPanelGravity = 55
V/StatusBar(  448): userId 0 is in the house
I/Choreographer(  448): Skipped 38 frames!  The application may be doing too much work on its main thread.
W/InputAttributes(  589): No editor info for this field. Bug?
I/ResourceUtils(  589): Found default value: resource=keypress_vibration_durations build=[HARDWARE=goldfish MODEL=sdk BRAND=generic MANUFACTURER=unknown] default=-1
D/dalvikvm(  589): GC_CONCURRENT freed 227K, 10% free 2891K/3196K, paused 5ms+16ms, total 177ms
I/ResourceUtils(  589): Found default value: resource=keypress_volumes build=[HARDWARE=goldfish MODEL=sdk BRAND=generic MANUFACTURER=unknown] default=-1.0f
I/ActivityManager(  355): Force stopping com.android.sdksetup appid=10042 user=0: pkg changed
I/ActivityManager(  355): Killing 644:com.android.sdksetup/u0a42 (adj 0): stop com.android.sdksetup
I/ActivityManager(  355):   Force finishing activity ActivityRecord{b32dc100 u0 com.android.sdksetup/.DefaultActivity t2}
I/ActivityManager(  355): START u0 {act=android.intent.action.MAIN cat=[android.intent.category.HOME] flg=0x10000000 cmp=com.android.launcher/com.android.launcher2.Launcher} from pid 0
I/ActivityManager(  355): Start proc com.android.launcher for activity com.android.launcher/com.android.launcher2.Launcher: pid=675 uid=10008 gids={50008}
I/LatinIME:LogUtils(  589): Dictionary info: dictionary = PersonalizationPredictionDictio ; version = ? ; date = 1545729779
I/LatinIME:LogUtils(  589): Dictionary info: dictionary = UserHistoryDictionary.en_US.dic ; version = ? ; date = 1545729779
I/LatinIME:LogUtils(  589): Dictionary info: dictionary = personalization.en_US.dict ; version = ? ; date = 1545729779
D/dalvikvm(  355): GC_CONCURRENT freed 576K, 58% free 5395K/12664K, paused 44ms+5ms, total 371ms
D/dalvikvm(  355): WAIT_FOR_CONCURRENT_GC blocked 110ms
D/dalvikvm(  355): WAIT_FOR_CONCURRENT_GC blocked 112ms
D/dalvikvm(  355): WAIT_FOR_CONCURRENT_GC blocked 85ms
D/dalvikvm(  355): WAIT_FOR_CONCURRENT_GC blocked 95ms
D/dalvikvm(  355): WAIT_FOR_CONCURRENT_GC blocked 78ms
I/InputReader(  355): Reconfiguring input devices.  changes=0x00000010
I/LatinIME:LogUtils(  589): Dictionary info: dictionary = userunigram.en_US.dict ; version = ? ; date = ?
D/dalvikvm(  601): GC_CONCURRENT freed 176K, 8% free 2919K/3172K, paused 3ms+4ms, total 124ms
W/BackupManagerService(  355): dataChanged but no participant pkg='com.android.providers.settings' uid=1001
I/PackageManager(  355):   Action: "android.intent.action.SENDTO"
I/PackageManager(  355):   Category: "android.intent.category.DEFAULT"
I/PackageManager(  355):   Scheme: "sms"
I/PackageManager(  355): Adding preferred activity ComponentInfo{com.android.mms/com.android.mms.ui.ComposeMessageActivity} for user 0 :
I/PackageManager(  355):   Action: "android.intent.action.SENDTO"
I/PackageManager(  355):   Category: "android.intent.category.DEFAULT"
I/PackageManager(  355):   Scheme: "smsto"
I/PackageManager(  355): Adding preferred activity ComponentInfo{com.android.mms/com.android.mms.ui.ComposeMessageActivity} for user 0 :
I/PackageManager(  355):   Action: "android.intent.action.SENDTO"
I/PackageManager(  355):   Category: "android.intent.category.DEFAULT"
I/PackageManager(  355):   Scheme: "mms"
I/PackageManager(  355): Adding preferred activity ComponentInfo{com.android.mms/com.android.mms.ui.ComposeMessageActivity} for user 0 :
I/PackageManager(  355):   Action: "android.intent.action.SENDTO"
I/PackageManager(  355):   Category: "android.intent.category.DEFAULT"
I/PackageManager(  355):   Scheme: "mmsto"
I/PackageManager(  355): Adding preferred activity ComponentInfo{com.android.mms/com.android.mms.ui.ComposeMessageActivity} for user 0 :
D/dalvikvm(  589): GC_CONCURRENT freed 376K, 14% free 2966K/3420K, paused 3ms+3ms, total 51ms
D/dalvikvm(  355): GC_CONCURRENT freed 700K, 58% free 5372K/12664K, paused 45ms+4ms, total 333ms
D/dalvikvm(  355): WAIT_FOR_CONCURRENT_GC blocked 200ms
D/dalvikvm(  355): WAIT_FOR_CONCURRENT_GC blocked 200ms
D/dalvikvm(  355): WAIT_FOR_CONCURRENT_GC blocked 197ms
D/dalvikvm(  355): WAIT_FOR_CONCURRENT_GC blocked 41ms
I/PackageManager(  355):   Action: "android.intent.action.SENDTO"
I/PackageManager(  355):   Category: "android.intent.category.DEFAULT"
I/PackageManager(  355):   Scheme: "sms"
I/PackageManager(  355): Adding preferred activity ComponentInfo{com.android.mms/com.android.mms.ui.ComposeMessageActivity} for user 0 :
I/PackageManager(  355):   Action: "android.intent.action.SENDTO"
I/PackageManager(  355):   Category: "android.intent.category.DEFAULT"
I/PackageManager(  355):   Scheme: "smsto"
