I/PackageManager(  356): /system/app/LatinIME.apk changed; collecting certs
D/dalvikvm(  356): GC_CONCURRENT freed 451K, 68% free 4037K/12484K, paused 13ms+6ms, total 98ms
D/dalvikvm(  356): GC_CONCURRENT freed 248K, 66% free 4298K/12484K, paused 4ms+3ms, total 41ms
D/dalvikvm(  356): WAIT_FOR_CONCURRENT_GC blocked 31ms
D/dalvikvm(  356): GC_FOR_ALLOC freed 487K, 67% free 4233K/12484K, paused 28ms, total 28ms
D/dalvikvm(  356): GC_CONCURRENT freed 12K, 65% free 4487K/12484K, paused 12ms+5ms, total 93ms
D/dalvikvm(  356): GC_CONCURRENT freed 323K, 64% free 4591K/12484K, paused 5ms+14ms, total 78ms
D/dalvikvm(  356): GC_CONCURRENT freed 296K, 63% free 4704K/12484K, paused 4ms+5ms, total 70ms
D/dalvikvm(  356): GC_CONCURRENT freed 147K, 61% free 4975K/12484K, paused 15ms+5ms, total 84ms
I/PackageManager(  356): /system/app/LegacyCamera.apk changed; collecting certs
D/dalvikvm(  356): GC_CONCURRENT freed 408K, 60% free 5062K/12484K, paused 6ms+9ms, total 45ms
D/dalvikvm(  356): WAIT_FOR_CONCURRENT_GC blocked 35ms
D/dalvikvm(  356): GC_CONCURRENT freed 1470K, 67% free 4150K/12484K, paused 4ms+3ms, total 39ms
D/dalvikvm(  356): WAIT_FOR_CONCURRENT_GC blocked 28ms
D/dalvikvm(  356): GC_CONCURRENT freed 271K, 66% free 4301K/12484K, paused 4ms+5ms, total 66ms
D/dalvikvm(  356): GC_CONCURRENT freed 197K, 64% free 4592K/12484K, paused 5ms+3ms, total 68ms
D/dalvikvm(  356): GC_CONCURRENT freed 239K, 62% free 4771K/12484K, paused 8ms+13ms, total 154ms
I/PackageManager(  356): /system/app/LiveWallpapersPicker.apk changed; collecting certs
I/PackageManager(  356): /system/app/Music.apk changed; collecting certs
D/dalvikvm(  356): GC_CONCURRENT freed 418K, 62% free 4862K/12484K, paused 11ms+8ms, total 48ms
D/dalvikvm(  356): WAIT_FOR_CONCURRENT_GC blocked 37ms
D/dalvikvm(  356): GC_CONCURRENT freed 1171K, 67% free 4155K/12484K, paused 14ms+5ms, total 100ms
I/PackageManager(  356): /system/app/NetSpeed.apk changed; collecting certs
I/PackageManager(  356): /system/app/OpenWnn.apk changed; collecting certs
D/dalvikvm(  356): GC_CONCURRENT freed 338K, 66% free 4328K/12484K, paused 6ms+5ms, total 68ms
D/dalvikvm(  356): WAIT_FOR_CONCURRENT_GC blocked 24ms
D/dalvikvm(  356): GC_CONCURRENT freed 647K, 67% free 4172K/12484K, paused 5ms+14ms, total 77ms
D/dalvikvm(  356): GC_CONCURRENT freed 238K, 65% free 4433K/12484K, paused 5ms+5ms, total 101ms
I/PackageManager(  356): /system/app/PacProcessor.apk changed; collecting certs
D/dalvikvm(  356): GC_CONCURRENT freed 353K, 64% free 4546K/12484K, paused 4ms+15ms, total 77ms
I/PackageManager(  356): /system/app/PackageInstaller.apk changed; collecting certs
I/PackageManager(  356): /system/app/PicoTts.apk changed; collecting certs
I/PackageManager(  356): /system/app/PinyinIME.apk changed; collecting certs
D/dalvikvm(  356): GC_CONCURRENT freed 995K, 68% free 4060K/12484K, paused 14ms+4ms, total 62ms
D/dalvikvm(  356): WAIT_FOR_CONCURRENT_GC blocked 26ms
I/PackageManager(  356): /system/app/PrintSpooler.apk changed; collecting certs
D/dalvikvm(  356): GC_CONCURRENT freed 391K, 67% free 4146K/12484K, paused 13ms+6ms, total 98ms
I/PackageManager(  356): /system/app/Protips.apk changed; collecting certs
I/PackageManager(  356): /system/app/QuickSearchBox.apk changed; collecting certs
D/dalvikvm(  356): GC_CONCURRENT freed 479K, 67% free 4174K/12484K, paused 12ms+4ms, total 47ms
D/dalvikvm(  356): WAIT_FOR_CONCURRENT_GC blocked 35ms
D/dalvikvm(  356): GC_CONCURRENT freed 381K, 67% free 4229K/12484K, paused 12ms+5ms, total 97ms
I/PackageManager(  356): /system/app/SdkSetup.apk changed; collecting certs
I/PackageManager(  356): /system/app/SoundRecorder.apk changed; collecting certs
I/PackageManager(  356): /system/app/SpeechRecorder.apk changed; collecting certs
D/dalvikvm(  356): GC_CONCURRENT freed 406K, 66% free 4327K/12484K, paused 16ms+19ms, total 95ms
I/PackageManager(  356): /system/app/TelephonyProvider.apk changed; collecting certs
I/PackageManager(  356): /system/app/UserDictionaryProvider.apk changed; collecting certs
D/PackageManager(  356): No files in app dir /vendor/app
D/dalvikvm(  356): GC_CONCURRENT freed 636K, 67% free 4129K/12484K, paused 6ms+6ms, total 83ms
W/PackageParser(  356): No actions in intent filter at /data/app/ApiDemos.apk Binary XML file line #2899
W/PackageParser(  356): No actions in intent filter at /data/app/ApiDemos.apk Binary XML file line #2905
I/PackageManager(  356): /data/app/ApiDemos.apk changed; collecting certs
D/dalvikvm(  356): GC_CONCURRENT freed 225K, 65% free 4401K/12484K, paused 5ms+4ms, total 76ms
D/dalvikvm(  356): WAIT_FOR_CONCURRENT_GC blocked 14ms
D/dalvikvm(  356): GC_CONCURRENT freed 272K, 63% free 4640K/12484K, paused 4ms+5ms, total 117ms
D/dalvikvm(  356): WAIT_FOR_CONCURRENT_GC blocked 32ms
D/dalvikvm(  356): GC_CONCURRENT freed 369K, 62% free 4774K/12484K, paused 5ms+5ms, total 103ms
D/dalvikvm(  356): GC_CONCURRENT freed 475K, 62% free 4819K/12484K, paused 6ms+2ms, total 70ms
D/dalvikvm(  356): WAIT_FOR_CONCURRENT_GC blocked 28ms
D/dalvikvm(  356): GC_CONCURRENT freed 516K, 62% free 4832K/12484K, paused 13ms+4ms, total 69ms
D/dalvikvm(  356): WAIT_FOR_CONCURRENT_GC blocked 29ms
D/dalvikvm(  356): GC_CONCURRENT freed 533K, 62% free 4827K/12484K, paused 5ms+3ms, total 69ms
D/dalvikvm(  356): WAIT_FOR_CONCURRENT_GC blocked 25ms
D/dalvikvm(  356): GC_CONCURRENT freed 512K, 62% free 4839K/12484K, paused 5ms+4ms, total 72ms
D/dalvikvm(  356): WAIT_FOR_CONCURRENT_GC blocked 25ms
D/dalvikvm(  356): GC_CONCURRENT freed 528K, 62% free 4846K/12484K, paused 13ms+3ms, total 72ms
D/dalvikvm(  356): WAIT_FOR_CONCURRENT_GC blocked 31ms
D/dalvikvm(  356): GC_CONCURRENT freed 529K, 62% free 4849K/12484K, paused 4ms+3ms, total 72ms
D/dalvikvm(  356): WAIT_FOR_CONCURRENT_GC blocked 28ms
D/dalvikvm(  356): GC_CONCURRENT freed 537K, 62% free 4843K/12484K, paused 5ms+3ms, total 65ms
D/dalvikvm(  356): WAIT_FOR_CONCURRENT_GC blocked 25ms
D/dalvikvm(  356): GC_CONCURRENT freed 521K, 62% free 4854K/12484K, paused 5ms+3ms, total 71ms
D/dalvikvm(  356): WAIT_FOR_CONCURRENT_GC blocked 23ms
D/dalvikvm(  356): GC_CONCURRENT freed 531K, 62% free 4859K/12484K, paused 14ms+3ms, total 74ms
D/dalvikvm(  356): WAIT_FOR_CONCURRENT_GC blocked 30ms
D/dalvikvm(  356): GC_CONCURRENT freed 533K, 62% free 4860K/12484K, paused 5ms+3ms, total 86ms
D/dalvikvm(  356): WAIT_FOR_CONCURRENT_GC blocked 16ms
W/PackageManager(  356): Package com.example.android.apis desires unavailable shared library com.example.will.never.exist; ignoring!
I/PackageManager(  356): /data/app/CubeLiveWallpapers.apk changed; collecting certs
D/dalvikvm(  356): GC_CONCURRENT freed 433K, 61% free 4957K/12484K, paused 4ms+18ms, total 95ms
I/PackageManager(  356): /data/app/GestureBuilder.apk changed; collecting certs
I/PackageManager(  356): /data/app/SmokeTest.apk changed; collecting certs
D/dalvikvm(  356): GC_CONCURRENT freed 1074K, 65% free 4432K/12484K, paused 13ms+4ms, total 103ms
I/PackageManager(  356): /data/app/SmokeTestApp.apk changed; collecting certs
I/PackageManager(  356): /data/app/SoftKeyboard.apk changed; collecting certs
D/dalvikvm(  356): GC_CONCURRENT freed 469K, 65% free 4421K/12484K, paused 5ms+12ms, total 80ms
I/PackageManager(  356): /data/app/WidgetPreview.apk changed; collecting certs
D/dalvikvm(  356): GC_CONCURRENT freed 514K, 65% free 4416K/12484K, paused 10ms+15ms, total 88ms
W/PackageManager(  356): Package com.example.android.apis desires unavailable shared library com.example.will.never.exist; ignoring!
W/PackageManager(  356): Package com.android.camera desires unavailable shared library com.google.android.media.effects; ignoring!
I/PackageManager(  356): Time to scan packages: 40.995 seconds
W/PackageManager(  356): Not granting permission android.permission.GLOBAL_SEARCH to package com.android.quicksearchbox (protectionLevel=18 flags=0x8be45)
W/PackageManager(  356): Unknown permission com.android.smspush.WAPPUSH_MANAGER_BIND in package com.android.phone
W/PackageManager(  356): Unknown permission com.google.android.googleapps.permission.GOOGLE_AUTH in package com.android.providers.calendar
W/PackageManager(  356): Unknown permission com.google.android.googleapps.permission.GOOGLE_AUTH.cl in package com.android.providers.calendar
W/PackageManager(  356): Unknown permission com.google.android.googleapps.permission.GOOGLE_AUTH.mail in package com.android.calendar
W/PackageManager(  356): Not granting permission android.permission.ACCESS_DOWNLOAD_MANAGER to package com.android.browser (protectionLevel=18 flags=0x9be45)
W/PackageManager(  356): Not granting permission android.permission.SEND_DOWNLOAD_COMPLETED_INTENTS to package com.android.browser (protectionLevel=2 flags=0x9be45)
W/PackageManager(  356): Not granting permission android.permission.BIND_APPWIDGET to package com.android.widgetpreview (protectionLevel=18 flags=0x8be44)
W/PackageManager(  356): Unknown permission android.permission.INSTALL_DRM in package com.android.mms
W/PackageManager(  356): Unknown permission com.google.android.googleapps.permission.GOOGLE_AUTH in package com.android.settings
W/PackageManager(  356): Unknown permission com.google.android.googleapps.permission.ACCESS_GOOGLE_PASSWORD in package com.android.development
W/PackageManager(  356): Unknown permission com.google.android.googleapps.permission.GOOGLE_AUTH in package com.android.development
W/PackageManager(  356): Unknown permission com.google.android.googleapps.permission.GOOGLE_AUTH.ALL_SERVICES in package com.android.development
W/PackageManager(  356): Unknown permission com.google.android.googleapps.permission.GOOGLE_AUTH.YouTubeUser in package com.android.development
W/PackageManager(  356): Not granting permission android.permission.DELETE_PACKAGES to package com.svox.pico (protectionLevel=18 flags=0x8be45)
W/PackageManager(  356): Not granting permission android.permission.DEVICE_POWER to package com.android.deskclock (protectionLevel=2 flags=0x48be45)
D/dalvikvm(  356): GC_CONCURRENT freed 422K, 65% free 4386K/12484K, paused 5ms+3ms, total 44ms
D/dalvikvm(  356): WAIT_FOR_CONCURRENT_GC blocked 33ms
D/dalvikvm(  356): GC_EXPLICIT freed 106K, 66% free 4280K/12484K, paused 4ms+3ms, total 48ms
I/SystemServer(  356): Entropy Mixer
W/EntropyMixer(  356): No existing entropy file -- first boot?
I/EntropyMixer(  356): Writing entropy...
I/SystemServer(  356): User Service
I/SystemServer(  356): Account Manager
I/SystemServer(  356): Content Manager
I/SystemServer(  356): System Content Providers
I/SyncManager(  356): No initial accounts
I/SyncManager(  356): No initial status
W/SyncManagerFile(  356): Error reading pending data.
W/SyncManagerFile(  356): java.io.FileNotFoundException: /data/system/sync/pending.xml: open failed: ENOENT (No such file or directory)
W/SyncManagerFile(  356): 	at libcore.io.IoBridge.open(IoBridge.java:409)
W/SyncManagerFile(  356): 	at java.io.FileInputStream.<init>(FileInputStream.java:78)
W/SyncManagerFile(  356): 	at android.util.AtomicFile.openRead(AtomicFile.java:199)
W/SyncManagerFile(  356): 	at com.android.server.content.SyncStorageEngine.readPendingOperationsLocked(SyncStorageEngine.java:2286)
W/SyncManagerFile(  356): 	at com.android.server.content.SyncStorageEngine.<init>(SyncStorageEngine.java:434)
W/SyncManagerFile(  356): 	at com.android.server.content.SyncStorageEngine.init(SyncStorageEngine.java:454)
W/SyncManagerFile(  356): 	at com.android.server.content.SyncManager.<init>(SyncManager.java:383)
W/SyncManagerFile(  356): 	at com.android.server.content.ContentService.getSyncManager(ContentService.java:75)
W/SyncManagerFile(  356): 	at com.android.server.content.ContentService.notifyChange(ContentService.java:283)
W/SyncManagerFile(  356): 	at android.content.ContentResolver.notifyChange(ContentResolver.java:1621)
W/SyncManagerFile(  356): 	at com.android.providers.settings.SettingsProvider.sendNotify(SettingsProvider.java:262)
W/SyncManagerFile(  356): 	at com.android.providers.settings.SettingsProvider.insertForUser(SettingsProvider.java:941)
W/SyncManagerFile(  356): 	at com.android.providers.settings.SettingsProvider.ensureAndroidIdIsSet(SettingsProvider.java:496)
W/SyncManagerFile(  356): 	at com.android.providers.settings.SettingsProvider.establishDbTracking(SettingsProvider.java:409)
W/SyncManagerFile(  356): 	at com.android.providers.settings.SettingsProvider.onCreate(SettingsProvider.java:335)
W/SyncManagerFile(  356): 	at android.content.ContentProvider.attachInfo(ContentProvider.java:1591)
W/SyncManagerFile(  356): 	at android.content.ContentProvider.attachInfo(ContentProvider.java:1562)
W/SyncManagerFile(  356): 	at android.app.ActivityThread.installProvider(ActivityThread.java:4774)
W/SyncManagerFile(  356): 	at android.app.ActivityThread.installContentProviders(ActivityThread.java:4369)
W/SyncManagerFile(  356): 	at android.app.ActivityThread.installSystemProviders(ActivityThread.java:4929)
W/SyncManagerFile(  356): 	at com.android.server.am.ActivityManagerService.installSystemProviders(ActivityManagerService.java:8081)
W/SyncManagerFile(  356): 	at com.android.server.ServerThread.initAndLoop(SystemServer.java:275)
W/SyncManagerFile(  356): 	at com.android.server.SystemServer.main(SystemServer.java:1179)
W/SyncManagerFile(  356): 	at java.lang.reflect.Method.invokeNative(Native Method)
W/SyncManagerFile(  356): 	at java.lang.reflect.Method.invoke(Method.java:515)
W/SyncManagerFile(  356): 	at com.android.internal.os.ZygoteInit$MethodAndArgsCaller.run(ZygoteInit.java:785)
W/SyncManagerFile(  356): 	at com.android.internal.os.ZygoteInit.main(ZygoteInit.java:601)
W/SyncManagerFile(  356): 	at dalvik.system.NativeStart.main(Native Method)
W/SyncManagerFile(  356): Caused by: libcore.io.ErrnoException: open failed: ENOENT (No such file or directory)
W/SyncManagerFile(  356): 	at libcore.io.Posix.open(Native Method)
W/SyncManagerFile(  356): 	at libcore.io.BlockGuardOs.open(BlockGuardOs.java:110)
W/SyncManagerFile(  356): 	at libcore.io.IoBridge.open(IoBridge.java:393)
W/SyncManagerFile(  356): 	... 27 more
I/SyncManager(  356): No initial statistics
D/SettingsProvider(  356): Generated and saved new ANDROID_ID [c49605ebcb7fca7f] for user 0
I/SystemServer(  356): Lights Service
I/SystemServer(  356): Battery Service
I/SystemServer(  356): Vibrator Service
I/SystemServer(  356): Consumer IR Service
E/ConsumerIrService(  356): Can't open consumer IR HW Module, error: -2
W/libsuspend(  356): Error writing 'on' to /sys/power/state: Invalid argument
E/libsuspend(  356): Error opening /sys/power/autosleep: No such file or directory
I/libsuspend(  356): Selected wakeup count
D/PermissionCache(   58): checking android.permission.ACCESS_SURFACE_FLINGER for uid=1000 => granted (2714 us)
D/SurfaceFlinger(   58): Screen acquired, type=0 flinger=0xb8ba1450
D/SurfaceFlinger(   58):  screen was previously acquired
I/SystemServer(  356): Alarm Manager
I/SystemServer(  356): Init Watchdog
I/SystemServer(  356): Input Manager
I/InputManager(  356): Initializing input manager, mUseDevInputEventForAudioJack=false
I/SystemServer(  356): Window Manager
I/WindowManager(  356): No existing display settings /data/system/display_settings.xml; starting empty
D/dalvikvm(  356): GC_CONCURRENT freed 309K, 65% free 4483K/12484K, paused 8ms+5ms, total 243ms
D/dalvikvm(  356): WAIT_FOR_CONCURRENT_GC blocked 33ms
I/WindowManager(  356): No keyguard interface!
I/InputManager(  356): Starting input manager
I/SystemServer(  356): No Bluetooh Service (emulator)
I/SystemServer(  356): Input Method Service
E/EventHub(  356): could not get driver version for /dev/input/mouse0, Not a typewriter
W/EventHub(  356): Unable to disable kernel key repeat for /dev/input/event0: Function not implemented
I/EventHub(  356): New device: id=1, fd=93, path='/dev/input/event0', name='qwerty2', classes=0x2d, configuration='/system/usr/idc/qwerty2.idc', keyLayout='/system/usr/keylayout/qwerty.kl', keyCharacterMap='/system/usr/keychars/qwerty2.kcm', builtinKeyboard=true, usingSuspendBlockIoctl=true, usingClockIoctl=true
E/EventHub(  356): could not get driver version for /dev/input/mice, Not a typewriter
I/InputReader(  356): Device added: id=-1, name='Virtual', sources=0x00000301
I/InputReader(  356):   Touch device 'qwerty2' could not query the properties of its associated display.  The device will be inoperable until the display size becomes available.
I/InputReader(  356): Device added: id=0, name='qwerty2', sources=0x00011307
W/InputMethodManagerService(  356): No IME selected. Choose the most applicable IME.
I/InputMethodManagerService(  356): No default found, using com.android.inputmethod.latin/.LatinIME
I/SystemServer(  356): Accessibility Manager
I/InputReader(  356): Reconfiguring input devices.  changes=0x00000004
I/InputReader(  356): Device reconfigured: id=0, name='qwerty2', size 480x864, orientation 0, mode 1, display id 0
I/ActivityManager(  356): Config changes=1df8 {1.0 ?mcc?mnc en_US ldltr sw480dp w480dp h864dp 160dpi lrg long port ?uimode ?night -touch -keyb/h/h tball/v s.2}
I/ActivityManager(  356): Config changes=408 {1.0 ?mcc?mnc en_US ldltr sw480dp w480dp h839dp 160dpi lrg long port ?uimode ?night finger -keyb/h/h tball/v s.3}
I/SystemServer(  356): Mount Service
D/MountService(  356): got storage path: /storage/sdcard description: USB storage primary: true removable: false emulated: false mtpReserve: 0 allowMassStorage: false maxFileSize: 0
D/MountService(  356): addVolumeLocked() StorageVolume:
D/MountService(  356):     mStorageId=0 mPath=/storage/sdcard mDescriptionId=17040665 mPrimary=true 
D/MountService(  356):     mRemovable=false mEmulated=false mMtpReserveSpace=0 
D/MountService(  356):     mAllowMassStorage=false mMaxFileSize=0 mOwner=null mUuid=null 
D/MountService(  356):     mUserLabel=null mState=null 
I/SystemServer(  356): LockSettingsService
I/SystemServer(  356): Device Policy
I/SystemServer(  356): Status Bar
I/SystemServer(  356): Clipboard Service
I/SystemServer(  356): NetworkManagement Service
I/SystemServer(  356): Text Service Manager Service
W/MountService(  356): Duplicate state transition (unmounted -> unmounted) for /storage/sdcard
W/MountService(  356): getSecureContainerList() called when storage not mounted
I/SystemServer(  356): NetworkStats Service
I/PackageManager(  356): No secure containers on sdcard
I/SystemServer(  356): NetworkPolicy Service
W/PackageManager(  356): Not granting permission android.permission.GLOBAL_SEARCH to package com.android.quicksearchbox (protectionLevel=18 flags=0x8be45)
I/SystemServer(  356): Wi-Fi P2pService
W/PackageManager(  356): Unknown permission com.android.smspush.WAPPUSH_MANAGER_BIND in package com.android.phone
W/PackageManager(  356): Unknown permission com.google.android.googleapps.permission.GOOGLE_AUTH in package com.android.providers.calendar
W/PackageManager(  356): Unknown permission com.google.android.googleapps.permission.GOOGLE_AUTH.cl in package com.android.providers.calendar
W/PackageManager(  356): Unknown permission com.google.android.googleapps.permission.GOOGLE_AUTH.mail in package com.android.calendar
W/PackageManager(  356): Not granting permission android.permission.ACCESS_DOWNLOAD_MANAGER to package com.android.browser (protectionLevel=18 flags=0x9be45)
W/PackageManager(  356): Not granting permission android.permission.SEND_DOWNLOAD_COMPLETED_INTENTS to package com.android.browser (protectionLevel=2 flags=0x9be45)
W/PackageManager(  356): Not granting permission android.permission.BIND_APPWIDGET to package com.android.widgetpreview (protectionLevel=18 flags=0x8be44)
W/PackageManager(  356): Unknown permission android.permission.INSTALL_DRM in package com.android.mms
W/PackageManager(  356): Unknown permission com.google.android.googleapps.permission.GOOGLE_AUTH in package com.android.settings
W/PackageManager(  356): Unknown permission com.google.android.googleapps.permission.ACCESS_GOOGLE_PASSWORD in package com.android.development
W/PackageManager(  356): Unknown permission com.google.android.googleapps.permission.GOOGLE_AUTH in package com.android.development
W/PackageManager(  356): Unknown permission com.google.android.googleapps.permission.GOOGLE_AUTH.ALL_SERVICES in package com.android.development
W/PackageManager(  356): Unknown permission com.google.android.googleapps.permission.GOOGLE_AUTH.YouTubeUser in package com.android.development
W/PackageManager(  356): Not granting permission android.permission.DELETE_PACKAGES to package com.svox.pico (protectionLevel=18 flags=0x8be45)
W/PackageManager(  356): Not granting permission android.permission.DEVICE_POWER to package com.android.deskclock (protectionLevel=2 flags=0x48be45)
D/dalvikvm(  356): GC_CONCURRENT freed 263K, 63% free 4667K/12484K, paused 6ms+5ms, total 87ms
I/SystemServer(  356): Wi-Fi Service
D/WifiController(  356): isAirplaneModeOn = false, isWifiEnabled = false, isScanningAvailable = false
I/SystemServer(  356): Connectivity Service
D/ConnectivityService(  356): ConnectivityService starting up
D/ConnectivityService(  356): wifiOnly=false
E/MobileDataStateTracker(  356): default: Ignoring feature request because could not acquire PhoneService
E/MobileDataStateTracker(  356): default: Could not enable APN type "default"
I/WifiService(  356): WifiService starting up with Wi-Fi disabled
I/SystemServer(  356): Network Service Discovery Service
D/NsdService(  356): Network service discovery enabled true
I/SystemServer(  356): UpdateLock Service
I/SystemServer(  356): Notification Manager
I/SystemServer(  356): Device Storage Monitor
I/SystemServer(  356): Location Manager
I/SystemServer(  356): Country Detector
I/SystemServer(  356): Search Service
I/SystemServer(  356): DropBox Service
I/SystemServer(  356): Wallpaper Service
W/WallpaperService(  356): no current wallpaper -- first boot?
I/SystemServer(  356): Audio Service
D/dalvikvm(  356): GC_CONCURRENT freed 254K, 62% free 4862K/12484K, paused 13ms+29ms, total 116ms
I/SystemServer(  356): Dock Observer
W/DockObserver(  356): This kernel does not have dock station support
I/SystemServer(  356): Wired Accessory Manager
W/WiredAccessoryManager(  356): This kernel does not have wired headset support
W/WiredAccessoryManager(  356): This kernel does not have usb audio support
W/WiredAccessoryManager(  356): This kernel does not have HDMI audio support
I/SystemServer(  356): USB Service
I/SystemServer(  356): Serial Service
I/SystemServer(  356): Twilight Service
I/SystemServer(  356): UI Mode Manager Service
I/SystemServer(  356): Backup Service
V/BackupManagerService(  356): Initializing package tracking
V/BackupManagerService(  356): No ancestral data
V/BackupManagerService(  356): addPackageParticipantsLocked: all
I/BackupManagerService(  356): Scheduling backup for new app com.android.calendar
D/BackupManagerService(  356): Now staging backup of com.android.calendar
I/BackupManagerService(  356): Scheduling backup for new app com.android.browser
D/BackupManagerService(  356): Now staging backup of com.android.browser
I/BackupManagerService(  356): Scheduling backup for new app com.android.providers.userdictionary
D/BackupManagerService(  356): Now staging backup of com.android.providers.userdictionary
I/BackupManagerService(  356): Scheduling backup for new app com.android.sharedstoragebackup
D/BackupManagerService(  356): Now staging backup of com.android.sharedstoragebackup
I/BackupManagerService(  356): Scheduling backup for new app android
D/BackupManagerService(  356): Now staging backup of android
I/BackupManagerService(  356): Scheduling backup for new app com.android.dialer
D/BackupManagerService(  356): Now staging backup of com.android.dialer
I/BackupManagerService(  356): Scheduling backup for new app com.android.providers.settings
D/BackupManagerService(  356): Now staging backup of com.android.providers.settings
V/BackupManagerService(  356): Starting with transport android/com.android.internal.backup.LocalTransport
V/BackupManagerService(  356): Found transports: 1
I/BackupManagerService(  356): Binding to transport host ComponentInfo{android/com.android.internal.backup.LocalTransportService}
I/BackupManagerService(  356): Backup enabled => true
I/SystemServer(  356): AppWidget Service
I/SystemServer(  356): Recognition Service
I/SystemServer(  356): DiskStats Service
I/SystemServer(  356): SamplingProfiler Service
I/SystemServer(  356): NetworkTimeUpdateService
I/SystemServer(  356): CommonTimeManagementService
I/SystemServer(  356): CertBlacklister
I/SystemServer(  356): Dreams Service
I/SystemServer(  356): Assets Atlas Service
I/WindowManager(  356): SAFE MODE not enabled
I/SystemServer(  356): IdleMaintenanceService
I/SystemServer(  356): Print Service
I/SystemServer(  356): Media Router Service
D/Atlas   (  356): Computing best atlas configuration...
D/Atlas   (  356): Running Thread-50
D/Atlas   (  356): Found best atlas configuration in 0.08s
D/Atlas   (  356): Loaded configuration: SliceMinArea (768x768) flags=0x2 count=24
D/gralloc_goldfish(  356): Emulator without GPU emulation detected.
E/SQLiteLog(  356): (1) no such table: locksettings
I/LockSettingsService(  356): Migrated lock settings to new location
I/LockSettingsService(  356): Migrated per-user lock settings to new location
W/AssetAtlasService(  356): Could not find EGL configuration
D/Atlas   (  356): Rendered atlas in 38.19ms (6.25+31.94ms)
I/Zygote  (  356): Process: zygote socket opened
D/dalvikvm(  356): GC_CONCURRENT freed 336K, 60% free 4994K/12484K, paused 6ms+5ms, total 108ms
V/KeyguardServiceDelegate(  356): *** Keyguard started
V/KeyguardServiceDelegate(  356): onSystemReady() called before keyguard service was ready
I/ActivityManager(  356): Start proc com.android.systemui for service com.android.keyguard/.KeyguardService: pid=464 uid=10007 gids={50007, 1028, 1015, 1035, 3002, 3001}
F/SystemServer(  356): BOOT FAILURE making Package Manager Service ready
F/SystemServer(  356): java.lang.SecurityException: Unable to find app for caller android.app.ActivityThread$ApplicationThread@b32c8be8 (pid=356) when registering receiver android.app.LoadedApk$ReceiverDispatcher$InnerReceiver@b32914d0
F/SystemServer(  356): 	at com.android.server.am.ActivityManagerService.registerReceiver(ActivityManagerService.java:13021)
F/SystemServer(  356): 	at android.app.ContextImpl.registerReceiverInternal(ContextImpl.java:1450)
F/SystemServer(  356): 	at android.app.ContextImpl.registerReceiverAsUser(ContextImpl.java:1425)
F/SystemServer(  356): 	at com.android.internal.content.PackageMonitor.register(PackageMonitor.java:84)
F/SystemServer(  356): 	at com.android.server.pm.UserManagerService.systemReady(UserManagerService.java:237)
F/SystemServer(  356): 	at com.android.server.pm.PackageManagerService.systemReady(PackageManagerService.java:10476)
F/SystemServer(  356): 	at com.android.server.ServerThread.initAndLoop(SystemServer.java:893)
F/SystemServer(  356): 	at com.android.server.SystemServer.main(SystemServer.java:1179)
F/SystemServer(  356): 	at java.lang.reflect.Method.invokeNative(Native Method)
F/SystemServer(  356): 	at java.lang.reflect.Method.invoke(Method.java:515)
F/SystemServer(  356): 	at com.android.internal.os.ZygoteInit$MethodAndArgsCaller.run(ZygoteInit.java:785)
F/SystemServer(  356): 	at com.android.internal.os.ZygoteInit.main(ZygoteInit.java:601)
F/SystemServer(  356): 	at dalvik.system.NativeStart.main(Native Method)
W/SystemServer(  356): ***********************************************
I/ActivityManager(  356): Sending system update to ComponentInfo{com.android.providers.calendar/com.android.providers.calendar.CalendarUpgradeReceiver} for user 0
I/ActivityManager(  356): Sending system update to ComponentInfo{com.android.providers.contacts/com.android.providers.contacts.ContactsUpgradeReceiver} for user 0
I/ActivityManager(  356): Sending system update to ComponentInfo{com.android.providers.media/com.android.providers.media.MediaUpgradeReceiver} for user 0
I/SystemServer(  356): Enabled StrictMode for system server main thread.
I/ActivityManager(  356): Start proc com.android.providers.calendar for broadcast com.android.providers.calendar/.CalendarUpgradeReceiver: pid=478 uid=10001 gids={50001, 3003, 1028, 1015}
I/Choreographer(  356): Skipped 73 frames!  The application may be doing too much work on its main thread.
W/InputMethodManagerService(  356): Focus gain on non-focused client android.view.inputmethod.InputMethodManager$1@b3432e38 (uid=1000 pid=356)
V/BackupManagerService(  356): Connected to transport ComponentInfo{android/com.android.internal.backup.LocalTransportService}
V/BackupManagerService(  356): Registering transport android/com.android.internal.backup.LocalTransportService::android/com.android.internal.backup.LocalTransport = com.android.internal.backup.LocalTransport@b2ffe120
I/ActivityManager(  356): Launching preboot mode app: ProcessRecord{b2e64e10 478:com.android.providers.calendar/u0a1}
E/SoundPool(  464): error loading /system/media/audio/ui/Lock.ogg
W/KeyguardViewMediator(  464): failed to load lock sound from /system/media/audio/ui/Lock.ogg
E/SoundPool(  464): error loading /system/media/audio/ui/Unlock.ogg
W/KeyguardViewMediator(  464): failed to load unlock sound from /system/media/audio/ui/Unlock.ogg
V/KeyguardService(  464): onCreate()
V/KeyguardServiceDelegate(  356): *** Keyguard connected (yay!)
V/KeyguardServiceDelegate(  356): **** SHOWN CALLED ****
I/ActivityManager(  356): Start proc android.process.acore for broadcast com.android.providers.contacts/.ContactsUpgradeReceiver: pid=496 uid=10002 gids={50002, 3003, 1028, 1015}
I/ActivityManager(  356): Launching preboot mode app: ProcessRecord{b2e65d78 496:android.process.acore/u0a2}
I/ContactsUpgradeReceiver(  496): Creating or opening contacts database
D/dalvikvm(  496): GC_CONCURRENT freed 390K, 14% free 2808K/3264K, paused 5ms+2ms, total 59ms
I/ContactsDatabaseHelper(  496): Bootstrapping database version: 803
D/dalvikvm(  496): GC_CONCURRENT freed 327K, 13% free 2874K/3268K, paused 4ms+1ms, total 29ms
I/ContactsProviderV1(  496): Bootstrapping database legacy support
I/ContactsDatabaseHelper(  496): Bootstrapping database version: 803
D/dalvikvm(  496): GC_CONCURRENT freed 332K, 12% free 2932K/3328K, paused 10ms+4ms, total 47ms
I/ContactsProviderV1(  496): Bootstrapping database legacy support
I/ContactsProvider(  496): Locale has changed from null to en_US
I/ContactsDatabaseHelper(  496): Switching to locale en_US (ICU v51.1.0.1)
D/dalvikvm(  496): GC_CONCURRENT freed 357K, 13% free 3015K/3436K, paused 13ms+2ms, total 40ms
I/ContactsDatabaseHelper(  496): Locale change completed in 425ms
I/ContactsDatabaseHelper(  496): Switching to locale en_US (ICU v51.1.0.1)
D/dalvikvm(  496): GC_CONCURRENT freed 362K, 13% free 3052K/3480K, paused 3ms+3ms, total 42ms
I/ContactsDatabaseHelper(  496): Locale change completed in 447ms
I/ActivityManager(  356): Start proc android.process.media for broadcast com.android.providers.media/.MediaUpgradeReceiver: pid=512 uid=10005 gids={50005, 1028, 1015, 1023, 1024, 2001, 3003, 3007}
D/dalvikvm(  356): GC_CONCURRENT freed 393K, 59% free 5135K/12484K, paused 4ms+15ms, total 123ms
D/dalvikvm(  356): WAIT_FOR_CONCURRENT_GC blocked 74ms
I/ActivityManager(  356): Launching preboot mode app: ProcessRecord{b33bf5e0 512:android.process.media/u0a5}
I/ActivityManager(  356): Writing new set of last done pre-boot receivers...
I/ActivityManager(  356): Removing system update proc: ProcessRecord{b2e64e10 478:com.android.providers.calendar/u0a1}
I/ActivityManager(  356): Killing 478:com.android.providers.calendar/u0a1 (adj 13): system update done
I/ActivityManager(  356): Removing system update proc: ProcessRecord{b2e65d78 496:android.process.acore/u0a2}
I/ActivityManager(  356): Killing 496:android.process.acore/u0a2 (adj 11): system update done
I/ActivityManager(  356): Removing system update proc: ProcessRecord{b33bf5e0 512:android.process.media/u0a5}
I/ActivityManager(  356): Killing 512:android.process.media/u0a5 (adj 9): system update done
I/ActivityManager(  356): System now ready
I/SystemServer(  356): Making services ready
D/NetworkManagementService(  356): enabling bandwidth control
I/Vold    (   53): /dev/block/vold/179:0 being considered for volume sdcard
D/Vold    (   53): Volume sdcard state changing 1 (Idle-Unmounted) -> 3 (Checking)
D/MountService(  356): volume state changed for /storage/sdcard (unmounted -> checking)
D/MountService(  356): sendStorageIntent Intent { act=android.intent.action.MEDIA_CHECKING dat=file:///storage/sdcard (has extras) } to UserHandle{-1}
W/ProcessCpuTracker(  356): Skipping unknown process pid 525
I/fsck_msdos(   53): ** /dev/block/vold/179:0
I/fsck_msdos(   53): Invalid signature in fsinfo block
D/SystemUIService(  464): loading: class com.android.systemui.recent.Recents
D/SystemUIService(  464): running: com.android.systemui.recent.Recents@b2ddc0e8
D/SystemUIService(  464): loading: class com.android.systemui.statusbar.SystemBars
D/SystemUIService(  464): running: com.android.systemui.statusbar.SystemBars@b2ddc6d0
I/fsck_msdos(   53): FIXED
I/fsck_msdos(   53): ** Phase 1 - Read and Compare FATs
I/fsck_msdos(   53): Attempting to allocate 794 KB for FAT
D/SystemUIService(  464): loading: class com.android.systemui.usb.StorageNotification
D/SystemUIService(  464): running: com.android.systemui.usb.StorageNotification@b2dde420
D/SystemUIService(  464): loading: class com.android.systemui.power.PowerUI
D/SystemUIService(  464): running: com.android.systemui.power.PowerUI@b2ddfcd8
D/SystemUIService(  464): loading: class com.android.systemui.media.RingtonePlayer
D/SystemUIService(  464): running: com.android.systemui.media.RingtonePlayer@b2de0ab8
D/SystemUIService(  464): loading: class com.android.systemui.settings.SettingsUI
D/SystemUIService(  464): running: com.android.systemui.settings.SettingsUI@b2de1da0
I/fsck_msdos(   53): Attempting to allocate 794 KB for FAT
I/StatusBarManagerService(  356): registerStatusBar bar=com.android.internal.statusbar.IStatusBar$Stub$Proxy@b3292ef8
D/PhoneStatusBar(  464): mSettingsPanelGravity = 55
I/fsck_msdos(   53): ** Phase 2 - Check Cluster Chains
I/fsck_msdos(   53): ** Phase 3 - Checking Directories
I/fsck_msdos(   53): ** Phase 4 - Checking for Lost Files
I/fsck_msdos(   53): Free space in FSInfo block (201592) not correct (201591)
I/fsck_msdos(   53): FIXED
I/fsck_msdos(   53): 1 files, 100795 free (201591 clusters)
I/Vold    (   53): Filesystem check completed OK
D/dalvikvm(  464): GC_CONCURRENT freed 285K, 11% free 2831K/3180K, paused 55ms+3ms, total 194ms
W/Vold    (   53): blkid failed to identify /dev/block/vold/179:0
D/Vold    (   53): Volume sdcard state changing 3 (Checking) -> 4 (Mounted)
E/VoldConnector(  356): NDC Command {3 volume mount /storage/sdcard} took too long (780ms)
I/PackageManager(  356): Updating external media status from unmounted to mounted
D/MountService(  356): volume state changed for /storage/sdcard (checking -> mounted)
D/MountService(  356): sendStorageIntent Intent { act=android.intent.action.MEDIA_MOUNTED dat=file:///storage/sdcard (has extras) } to UserHandle{-1}
D/dalvikvm(  464): GC_FOR_ALLOC freed 34K, 8% free 2947K/3180K, paused 84ms, total 85ms
E/BluetoothAdapter(  464): Bluetooth binder is null
E/BluetoothAdapter(  464): Bluetooth binder is null
E/BluetoothAdapter(  464): Bluetooth binder is null
I/PackageManager(  356): No secure containers on sdcard
D/dalvikvm(  464): GC_CONCURRENT freed 58K, 5% free 3303K/3456K, paused 3ms+19ms, total 108ms
W/PackageManager(  356): Not granting permission android.permission.GLOBAL_SEARCH to package com.android.quicksearchbox (protectionLevel=18 flags=0x88be45)
W/PackageManager(  356): Unknown permission com.android.smspush.WAPPUSH_MANAGER_BIND in package com.android.phone
W/PackageManager(  356): Unknown permission com.google.android.googleapps.permission.GOOGLE_AUTH in package com.android.providers.calendar
W/PackageManager(  356): Unknown permission com.google.android.googleapps.permission.GOOGLE_AUTH.cl in package com.android.providers.calendar
W/PackageManager(  356): Unknown permission com.google.android.googleapps.permission.GOOGLE_AUTH.mail in package com.android.calendar
W/PackageManager(  356): Not granting permission android.permission.ACCESS_DOWNLOAD_MANAGER to package com.android.browser (protectionLevel=18 flags=0x89be45)
W/PackageManager(  356): Not granting permission android.permission.SEND_DOWNLOAD_COMPLETED_INTENTS to package com.android.browser (protectionLevel=2 flags=0x89be45)
W/PackageManager(  356): Not granting permission android.permission.BIND_APPWIDGET to package com.android.widgetpreview (protectionLevel=18 flags=0x8be44)
W/PackageManager(  356): Unknown permission android.permission.INSTALL_DRM in package com.android.mms
D/dalvikvm(  356): GC_CONCURRENT freed 524K, 60% free 5100K/12484K, paused 36ms+17ms, total 122ms
W/PackageManager(  356): Unknown permission com.google.android.googleapps.permission.GOOGLE_AUTH in package com.android.settings
W/PackageManager(  356): Unknown permission com.google.android.googleapps.permission.ACCESS_GOOGLE_PASSWORD in package com.android.development
W/PackageManager(  356): Unknown permission com.google.android.googleapps.permission.GOOGLE_AUTH in package com.android.development
W/PackageManager(  356): Unknown permission com.google.android.googleapps.permission.GOOGLE_AUTH.ALL_SERVICES in package com.android.development
W/PackageManager(  356): Unknown permission com.google.android.googleapps.permission.GOOGLE_AUTH.YouTubeUser in package com.android.development
W/PackageManager(  356): Not granting permission android.permission.DELETE_PACKAGES to package com.svox.pico (protectionLevel=18 flags=0x88be45)
W/PackageManager(  356): Not granting permission android.permission.DEVICE_POWER to package com.android.deskclock (protectionLevel=2 flags=0xc8be45)
E/BluetoothAdapter(  464): Bluetooth binder is null
I/ActivityManager(  356): Start proc android.process.acore for content provider com.android.providers.contacts/.ContactsProvider2: pid=563 uid=10002 gids={50002, 3003, 1028, 1015}
D/PhoneStatusBar(  464): disable: < expand icons alerts ticker system_info back home recent clock search >
E/NetdConnector(  356): NDC Command {1 bandwidth enable} took too long (3264ms)
E/BluetoothAdapter(  464): Bluetooth binder is null
D/PhoneStatusBar(  464): heads up is disabled
I/Choreographer(  464): Skipped 495 frames!  The application may be doing too much work on its main thread.
E/NetdConnector(  356): NDC Command {2 firewall disable} took too long (515ms)
D/dalvikvm(  464): GC_CONCURRENT freed 137K, 6% free 3555K/3756K, paused 50ms+4ms, total 109ms
I/Choreographer(  464): Skipped 248 frames!  The application may be doing too much work on its main thread.
D/gralloc_goldfish(  464): Emulator without GPU emulation detected.
I/Choreographer(  464): Skipped 68 frames!  The application may be doing too much work on its main thread.
D/dalvikvm(  563): GC_CONCURRENT freed 212K, 9% free 2997K/3272K, paused 14ms+407ms, total 597ms
D/dalvikvm(  563): WAIT_FOR_CONCURRENT_GC blocked 3ms
D/dalvikvm(  563): WAIT_FOR_CONCURRENT_GC blocked 5ms
E/NetdConnector(  356): NDC Command {5 firewall disable} took too long (522ms)
I/ActivityManager(  356): Config changes=200 {1.0 ?mcc?mnc en_US ldltr sw480dp w480dp h839dp 160dpi lrg long port finger -keyb/h/h tball/v s.4}
W/RecognitionManagerService(  356): no available voice recognition services found for user 0
D/PhoneStatusBar(  464): mSettingsPanelGravity = 55
W/AppWidgetServiceImpl(  356): Failed to read state: java.io.FileNotFoundException: /data/system/users/0/appwidgets.xml: open failed: ENOENT (No such file or directory)
W/InputMethodManagerService(  356): Ignoring setImeWindowStatus of uid 1000 token: null
D/dalvikvm(  356): GC_CONCURRENT freed 473K, 59% free 5229K/12484K, paused 25ms+5ms, total 103ms
D/dalvikvm(  356): WAIT_FOR_CONCURRENT_GC blocked 34ms
D/dalvikvm(  356): WAIT_FOR_CONCURRENT_GC blocked 30ms
W/InputMethodUtils(  356): Found no subtypes in a system IME: com.android.inputmethod.pinyin
W/InputMethodManagerService(  356): Reset the default IME as "Resource" is ready here.
W/InputMethodUtils(  356): Found no subtypes in a system IME: com.android.inputmethod.pinyin
I/InputMethodManagerService(  356): Selected default: com.android.inputmethod.latin/.LatinIME
I/ActivityManager(  356): Config changes=20 {1.0 ?mcc?mnc en_US ldltr sw480dp w480dp h839dp 160dpi lrg long port finger -keyb/v/h tball/v s.5}
I/ActivityManager(  356): Start proc com.android.inputmethod.latin for service com.android.inputmethod.latin/.LatinIME: pid=604 uid=10029 gids={50029, 1028, 1015}
V/InputMethodManagerService(  356): Adding window token: android.os.Binder@b30d41d0
W/InputMethodManagerService(  356): Illegal subtype state: old subtype = null, new subtype = android.view.inputmethod.InputMethodSubtype@c9194f98
W/GpsLocationProvider(  356): Could not open GPS configuration file /etc/gps.conf
W/ServiceWatcher(  356): com.google.android.location not found
D/dalvikvm(  464): GC_FOR_ALLOC freed 95K, 6% free 3561K/3756K, paused 146ms, total 147ms
W/ServiceWatcher(  356): com.google.android.location not found
W/ServiceWatcher(  356): com.google.android.location not found
W/LocationManagerService(  356): no network location provider found
W/ServiceWatcher(  356): com.google.android.location not found
E/FlpHardwareProvider(  356): Error hw_get_module 'flp': -2
W/ServiceWatcher(  356): com.google.android.location not found
E/FlpHardwareProvider(  356): Error hw_get_module 'flp': -2
W/ServiceWatcher(  356): com.google.android.location not found
E/LocationManagerService(  356): no geocoder provider found
E/LocationManagerService(  356): No FusedProvider found.
E/LocationManagerService(  356): no geofence provider found
I/CommonTimeManagementService(  356): No common time service detected on this platform.  Common time services will be unavailable.
I/InputReader(  356): Reconfiguring input devices.  changes=0x00000020
I/InputReader(  356): Reconfiguring input devices.  changes=0x00000010
I/dalvikvm-heap(  464): Grow heap (frag case) to 6.467MB for 3072016-byte allocation
I/ActivityManager(  356): Start proc com.android.phone for added application com.android.phone: pid=615 uid=1001 gids={41001, 3002, 3001, 3003, 1028, 1015}
I/ActivityManager(  356): START u0 {act=android.intent.action.MAIN cat=[android.intent.category.HOME] flg=0x10000000 cmp=com.android.settings/.CryptKeeper} from pid 0
I/ActivityManager(  356): Start proc com.android.settings for activity com.android.settings/.CryptKeeper: pid=628 uid=1000 gids={41000, 1028, 1015, 3002, 3001, 3003}
D/dalvikvm(  464): GC_FOR_ALLOC freed 4K, 3% free 6557K/6760K, paused 172ms, total 172ms
I/ActivityManager(  356): Start proc android.process.media for broadcast com.android.providers.downloads/.DownloadReceiver: pid=632 uid=10005 gids={50005, 1028, 1015, 1023, 1024, 2001, 3003, 3007}
D/dalvikvm(   59): GC_EXPLICIT freed 38K, 4% free 2705K/2808K, paused 2ms+2ms, total 47ms
D/dalvikvm(   59): GC_EXPLICIT freed <1K, 4% free 2705K/2808K, paused 2ms+12ms, total 42ms
D/dalvikvm(   59): GC_EXPLICIT freed <1K, 4% free 2705K/2808K, paused 2ms+2ms, total 44ms
D/dalvikvm(  464): GC_CONCURRENT freed 1K, 3% free 6561K/6760K, paused 4ms+2ms, total 281ms
D/dalvikvm(  464): GC_FOR_ALLOC freed 3001K, 6% free 3563K/3756K, paused 158ms, total 159ms
I/dalvikvm-heap(  464): Grow heap (frag case) to 6.468MB for 3072016-byte allocation
D/dalvikvm(  356): GC_CONCURRENT freed 507K, 58% free 5356K/12484K, paused 27ms+5ms, total 523ms
D/dalvikvm(  356): WAIT_FOR_CONCURRENT_GC blocked 84ms
D/dalvikvm(  356): WAIT_FOR_CONCURRENT_GC blocked 80ms
D/dalvikvm(  356): WAIT_FOR_CONCURRENT_GC blocked 81ms
I/LatinIME(  604): Hardware accelerated drawing: true
D/dalvikvm(  464): GC_CONCURRENT freed <1K, 3% free 6562K/6760K, paused 4ms+103ms, total 132ms
D/dalvikvm(  464): WAIT_FOR_CONCURRENT_GC blocked 1ms
I/FusedLocation(  356): engine started (com.android.location.fused)
W/WindowManager(  356): Window freeze timeout expired.
W/WindowManager(  356): Force clearing orientation change: Window{b30f5de8 u0 StatusBar}
W/WindowManager(  356): Force clearing orientation change: Window{b2fc5020 u0 com.android.systemui.ImageWallpaper}
I/ActivityManager(  356): START u0 {act=android.intent.action.MAIN cat=[android.intent.category.HOME] flg=0x10000000 cmp=com.android.sdksetup/.DefaultActivity} from pid 0
I/ActivityManager(  356): Start proc com.android.sdksetup for activity com.android.sdksetup/.DefaultActivity: pid=664 uid=10042 gids={50042}
D/PhoneStatusBar(  464): mSettingsPanelGravity = 55
I/ActivityManager(  356): Start proc com.android.printspooler for service com.android.printspooler/.PrintSpoolerService: pid=677 uid=10039 gids={50039}
W/InputAttributes(  604): No editor info for this field. Bug?
V/StatusBar(  464): userId 0 is in the house
I/Choreographer(  464): Skipped 103 frames!  The application may be doing too much work on its main thread.
D/dalvikvm(  604): GC_CONCURRENT freed 224K, 10% free 2892K/3180K, paused 60ms+2ms, total 287ms
I/ResourceUtils(  604): Found default value: resource=keypress_vibration_durations build=[HARDWARE=goldfish MODEL=sdk BRAND=generic MANUFACTURER=unknown] default=-1
I/ResourceUtils(  604): Found default value: resource=keypress_volumes build=[HARDWARE=goldfish MODEL=sdk BRAND=generic MANUFACTURER=unknown] default=-1.0f
I/Choreographer(  464): Skipped 69 frames!  The application may be doing too much work on its main thread.
I/LatinIME:LogUtils(  604): Dictionary info: dictionary = PersonalizationPredictionDictio ; version = ? ; date = 1545699675
I/LatinIME:LogUtils(  604): Dictionary info: dictionary = UserHistoryDictionary.en_US.dic ; version = ? ; date = 1545699675
D/dalvikvm(  615): GC_CONCURRENT freed 172K, 8% free 2923K/3160K, paused 160ms+43ms, total 375ms
I/LatinIME:LogUtils(  604): Dictionary info: dictionary = personalization.en_US.dict ; version = ? ; date = 1545699675
I/PrintSpoolerService(  677): No existing print spooler state.
I/LatinIME:LogUtils(  604): Dictionary info: dictionary = userunigram.en_US.dict ; version = ? ; date = ?
I/ActivityManager(  356): Force stopping com.android.sdksetup appid=10042 user=0: pkg changed
I/ActivityManager(  356): Killing 664:com.android.sdksetup/u0a42 (adj 0): stop com.android.sdksetup
D/dalvikvm(  356): GC_CONCURRENT freed 608K, 57% free 5415K/12484K, paused 464ms+5ms, total 735ms
D/dalvikvm(  356): WAIT_FOR_CONCURRENT_GC blocked 162ms
D/dalvikvm(  356): WAIT_FOR_CONCURRENT_GC blocked 166ms
I/ActivityManager(  356):   Force finishing activity ActivityRecord{b3216190 u0 com.android.sdksetup/.DefaultActivity t2}
I/ActivityManager(  356): START u0 {act=android.intent.action.MAIN cat=[android.intent.category.HOME] flg=0x10000000 cmp=com.android.launcher/com.android.launcher2.Launcher} from pid 0
D/dalvikvm(  356): WAIT_FOR_CONCURRENT_GC blocked 156ms
D/dalvikvm(  356): WAIT_FOR_CONCURRENT_GC blocked 138ms
D/dalvikvm(  356): WAIT_FOR_CONCURRENT_GC blocked 126ms
W/BackupManagerService(  356): dataChanged but no participant pkg='com.android.providers.settings' uid=1001
I/PackageManager(  356):   Action: "android.intent.action.SENDTO"
I/PackageManager(  356):   Category: "android.intent.category.DEFAULT"
I/PackageManager(  356):   Scheme: "sms"
I/PackageManager(  356): Adding preferred activity ComponentInfo{com.android.mms/com.android.mms.ui.ComposeMessageActivity} for user 0 :
I/PackageManager(  356):   Action: "android.intent.action.SENDTO"
I/PackageManager(  356):   Category: "android.intent.category.DEFAULT"
I/PackageManager(  356):   Scheme: "smsto"
I/PackageManager(  356): Adding preferred activity ComponentInfo{com.android.mms/com.android.mms.ui.ComposeMessageActivity} for user 0 :
I/ActivityManager(  356): Start proc com.android.launcher for activity com.android.launcher/com.android.launcher2.Launcher: pid=706 uid=10008 gids={50008}
I/InputReader(  356): Reconfiguring input devices.  changes=0x00000010
I/PackageManager(  356):   Action: "android.intent.action.SENDTO"
I/PackageManager(  356):   Category: "android.intent.category.DEFAULT"
I/PackageManager(  356):   Scheme: "mms"
I/PackageManager(  356): Adding preferred activity ComponentInfo{com.android.mms/com.android.mms.ui.ComposeMessageActivity} for user 0 :
I/PackageManager(  356):   Action: "android.intent.action.SENDTO"
I/PackageManager(  356):   Category: "android.intent.category.DEFAULT"
I/PackageManager(  356):   Scheme: "mmsto"
I/PackageManager(  356): Adding preferred activity ComponentInfo{com.android.mms/com.android.mms.ui.ComposeMessageActivity} for user 0 :
I/PackageManager(  356):   Action: "android.intent.action.SENDTO"
I/PackageManager(  356):   Category: "android.intent.category.DEFAULT"
I/PackageManager(  356):   Scheme: "sms"
I/PackageManager(  356): Adding preferred activity ComponentInfo{com.android.mms/com.android.mms.ui.ComposeMessageActivity} for user 0 :
I/PackageManager(  356):   Action: "android.intent.action.SENDTO"
I/PackageManager(  356):   Category: "android.intent.category.DEFAULT"
I/PackageManager(  356):   Scheme: "smsto"
I/PackageManager(  356): Adding preferred activity ComponentInfo{com.android.mms/com.android.mms.ui.ComposeMessageActivity} for user 0 :
D/dalvikvm(  604): GC_CONCURRENT freed 433K, 15% free 2972K/3468K, paused 3ms+13ms, total 164ms
D/dalvikvm(  604): WAIT_FOR_CONCURRENT_GC blocked 43ms
I/PackageManager(  356):   Action: "android.intent.action.SENDTO"
I/PackageManager(  356):   Category: "android.intent.category.DEFAULT"
I/PackageManager(  356):   Scheme: "mms"
I/PackageManager(  356): Adding preferred activity ComponentInfo{com.android.mms/com.android.mms.ui.ComposeMessageActivity} for user 0 :
I/PackageManager(  356):   Action: "android.intent.action.SENDTO"
I/PackageManager(  356):   Category: "android.intent.category.DEFAULT"
I/PackageManager(  356):   Scheme: "mmsto"
