I/ContactAggregator(  575): Marked all visible contacts for aggregation: 0 raw contacts, 5 ms
D/AndroidRuntime(  787): Shutting down VM
D/dalvikvm(  787): GC_CONCURRENT freed 95K, 16% free 560K/660K, paused 3ms+2ms, total 24ms
D/ExternalStorage(  916): Missing UUID for /storage/sdcard; skipping
D/ExternalStorage(  916): After updating volumes, found 0 active roots
E/logwrapper(  951): executing /system/bin/ip failed: No such file or directory
D/ExternalStorage(  916): Missing UUID for /storage/sdcard; skipping
D/ExternalStorage(  916): After updating volumes, found 0 active roots
D/MediaScannerReceiver(  634): action: android.intent.action.MEDIA_MOUNTED path: /storage/sdcard
E/ConnectivityService(  362): Exception trying to add a route: java.lang.IllegalStateException: command '45 interface fwmark exempt add 10.0.2.2/32' failed with '400 45 Failed to add exemption rule (File exists)'
I/ContactsProvider(  575): Aggregation algorithm upgraded for 0 raw contacts in 638ms
E/BluetoothAdapter(  621): Bluetooth binder is null
I/ActivityManager(  362): Start proc com.android.music for broadcast com.android.music/.MediaButtonIntentReceiver: pid=956 uid=10032 gids={50032, 3003, 1028, 1015}
I/dalvikvm(  956): CheckJNI enabled: not enabling JNI app bug workarounds.
E/logwrapper(  968): executing /system/bin/ip failed: No such file or directory
E/ConnectivityService(  362): Exception trying to add a route: java.lang.IllegalStateException: command '47 interface fwmark exempt add 172.217.23.14/32' failed with '400 47 Failed to add exemption rule (File exists)'
D/ConnectivityService(  362): requestRouteToHostAddress ok=false
D/ConnectivityService(  362): [CheckMp] isMobileOk: could not establish route to hostAddr=clients3.google.com/172.217.23.14
W/ActivityManager(  362): Unable to start service Intent { cmp=com.android.email/.service.AttachmentDownloadService } U=0: not found
W/ActivityManager(  362): Unable to start service Intent { cmp=com.android.email/.service.AttachmentDownloadService } U=0: not found
I/MediaFocusControl(  362):   Remote Control   registerMediaButtonIntent() for PendingIntent{b31c0488: PendingIntentRecord{b33efe20 com.android.music broadcastIntent}}
E/BluetoothAdapter(  621): Bluetooth binder is null
I/Email   (  928): Observing account changes for notifications
I/ActivityManager(  362): Start proc com.android.calendar for broadcast com.android.calendar/.widget.CalendarAppWidgetService$CalendarFactory: pid=971 uid=10016 gids={50016, 3003}
W/ActivityManager(  362): Unable to start service Intent { cmp=com.android.email/.service.AttachmentDownloadService } U=0: not found
D/ExtensionsFactory(  971): No custom extensions.
D/dalvikvm(  362): GC_CONCURRENT freed 509K, 55% free 5705K/12636K, paused 7ms+5ms, total 71ms
D/dalvikvm(  575): GC_CONCURRENT freed 292K, 11% free 3075K/3436K, paused 87ms+38ms, total 150ms
W/RecognitionManagerService(  362): no available voice recognition services found for user 0
I/ContactsFTS(  575): Rebuild contact search index in 1500ms, 0 contacts
V/MediaScanner(  634): pruneDeadThumbnailFiles... android.database.sqlite.SQLiteCursor@b2d217c8
V/MediaScanner(  634): /pruneDeadThumbnailFiles... android.database.sqlite.SQLiteCursor@b2d217c8
I/ActivityManager(  362): Start proc com.android.deskclock for broadcast com.android.deskclock/.AlarmInitReceiver: pid=989 uid=10020 gids={50020, 1028}
I/ActivityManager(  362): Start proc com.android.providers.calendar for content provider com.android.providers.calendar/.CalendarProvider2: pid=994 uid=10001 gids={50001, 3003, 1028, 1015}
D/dalvikvm(   58): GC_EXPLICIT freed 40K, 4% free 2705K/2816K, paused 2ms+2ms, total 60ms
D/dalvikvm(   58): GC_EXPLICIT freed <1K, 4% free 2705K/2816K, paused 2ms+2ms, total 43ms
D/dalvikvm(   58): GC_EXPLICIT freed <1K, 4% free 2705K/2816K, paused 2ms+2ms, total 43ms
V/AlarmClock(  989): AlarmInitReceiver android.intent.action.TIMEZONE_CHANGED
I/CalendarDatabaseHelper(  994): Bootstrapping database
I/AlarmClock(  989): Alarms Table created
I/AlarmClock(  989): Instance table created
I/AlarmClock(  989): Cities table created
I/AlarmClock(  989): Inserting default alarms
I/AlarmClock(  989): Displaying next alarm time: ''
W/BackupManagerService(  362): dataChanged but no participant pkg='com.android.providers.settings' uid=10020
V/AlarmClock(  989): AlarmInitReceiver finished
I/ActivityManager(  362): Start proc com.android.dialer for broadcast com.android.dialer/.calllog.CallLogReceiver: pid=1015 uid=10004 gids={50004, 3003, 1028, 1015}
I/CalendarProvider2(  994): Created com.android.providers.calendar.CalendarAlarmManager@b2d51888(com.android.providers.calendar.CalendarProvider2@b2d3dea0)
D/ExtensionsFactory( 1015): No custom extensions.
I/ActivityManager(  362): Delay finish: com.android.dialer/.calllog.CallLogReceiver
I/ActivityManager(  362): Resuming delayed broadcast
E/BluetoothAdapter(  362): Bluetooth binder is null
E/BluetoothAdapter(  362): Bluetooth binder is null
V/WiredAccessoryManager(  362): init()
I/PowerManagerService(  362): Boot animation finished.
E/SoundPool(  362): error loading /system/media/audio/ui/Effect_Tick.ogg
W/AudioService(  362): Soundpool could not load file: /system/media/audio/ui/Effect_Tick.ogg
E/SoundPool(  362): error loading /system/media/audio/ui/Effect_Tick.ogg
W/AudioService(  362): Soundpool could not load file: /system/media/audio/ui/Effect_Tick.ogg
E/SoundPool(  362): error loading /system/media/audio/ui/Effect_Tick.ogg
W/AudioService(  362): Soundpool could not load file: /system/media/audio/ui/Effect_Tick.ogg
E/SoundPool(  362): error loading /system/media/audio/ui/Effect_Tick.ogg
W/AudioService(  362): Soundpool could not load file: /system/media/audio/ui/Effect_Tick.ogg
E/SoundPool(  362): error loading /system/media/audio/ui/Effect_Tick.ogg
W/AudioService(  362): Soundpool could not load file: /system/media/audio/ui/Effect_Tick.ogg
E/SoundPool(  362): error loading /system/media/audio/ui/KeypressStandard.ogg
W/AudioService(  362): Soundpool could not load file: /system/media/audio/ui/KeypressStandard.ogg
E/SoundPool(  362): error loading /system/media/audio/ui/KeypressSpacebar.ogg
W/AudioService(  362): Soundpool could not load file: /system/media/audio/ui/KeypressSpacebar.ogg
E/SoundPool(  362): error loading /system/media/audio/ui/KeypressDelete.ogg
W/AudioService(  362): Soundpool could not load file: /system/media/audio/ui/KeypressDelete.ogg
E/SoundPool(  362): error loading /system/media/audio/ui/KeypressReturn.ogg
W/AudioService(  362): Soundpool could not load file: /system/media/audio/ui/KeypressReturn.ogg
E/SoundPool(  362): error loading /system/media/audio/ui/KeypressInvalid.ogg
W/AudioService(  362): Soundpool could not load file: /system/media/audio/ui/KeypressInvalid.ogg
W/AudioService(  362): onLoadSoundEffects(), Error -1 while loading samples
I/RecoverySystem(  362): No recovery log file
I/BootReceiver(  362): Copying audit failures to DropBox
I/BootReceiver(  362): Checking for fsck errors
I/ActivityManager(  362): Delay finish: com.android.providers.downloads/.DownloadReceiver
I/ActivityManager(  362): Resuming delayed broadcast
I/ActivityManager(  362): Delay finish: com.android.providers.media/.MediaScannerReceiver
E/logwrapper( 1043): executing /system/bin/ip failed: No such file or directory
E/ConnectivityService(  362): Exception trying to add a route: java.lang.IllegalStateException: command '49 interface fwmark exempt add 10.0.2.2/32' failed with '400 49 Failed to add exemption rule (File exists)'
E/logwrapper( 1044): executing /system/bin/ip failed: No such file or directory
E/ConnectivityService(  362): Exception trying to add a route: java.lang.IllegalStateException: command '51 interface fwmark exempt add 172.217.23.14/32' failed with '400 51 Failed to add exemption rule (File exists)'
D/ConnectivityService(  362): requestRouteToHostAddress ok=false
D/ConnectivityService(  362): [CheckMp] isMobileOk: could not establish route to hostAddr=clients3.google.com/172.217.23.14
I/MediaProvider(  634): Upgrading media database from version 0 to 700, which will destroy all old data
I/CalendarProvider2(  994): Sending notification intent: Intent { act=android.intent.action.PROVIDER_CHANGED dat=content://com.android.calendar }
W/ContentResolver(  994): Failed to get type for: content://com.android.calendar (Unknown URL content://com.android.calendar)
I/ActivityManager(  362): Resuming delayed broadcast
I/ActivityManager(  362): Start proc com.android.mms for broadcast com.android.mms/.transaction.MmsSystemEventReceiver: pid=1045 uid=10009 gids={50009, 3003, 1028, 1015}
D/CountryDetector(  362): The first listener is added
V/MmsConfig( 1045): mnc/mcc: 310260
V/MmsConfig( 1045): tag: bool value: enabledMMS - true
V/MmsConfig( 1045): tag: int value: maxMessageSize - 307200
V/MmsConfig( 1045): tag: int value: maxImageHeight - 480
V/MmsConfig( 1045): tag: int value: maxImageWidth - 640
V/MmsConfig( 1045): tag: int value: defaultSMSMessagesPerThread - 10000
V/MmsConfig( 1045): tag: int value: defaultMMSMessagesPerThread - 1000
V/MmsConfig( 1045): tag: int value: minMessageCountPerThread - 10
V/MmsConfig( 1045): tag: int value: maxMessageCountPerThread - 5000
V/MmsConfig( 1045): tag: string value: uaProfUrl - http://www.google.com/oha/rdf/ua-profile-kila.xml
V/MmsConfig( 1045): tag: int value: recipientLimit - -1
V/MmsConfig( 1045): tag: bool value: enableMultipartSMS - true
V/MmsConfig( 1045): tag: int value: smsToMmsTextThreshold - -1
V/MmsConfig( 1045): tag: bool value: enableSlideDuration - true
V/MmsConfig( 1045): tag: int value: maxMessageTextSize - -1
I/ActivityManager(  362): Delay finish: com.android.mms/.transaction.MmsSystemEventReceiver
D/Mms:app ( 1045): cancelNotification
I/ActivityManager(  362): Resuming delayed broadcast
I/ActivityManager(  362): Delay finish: com.android.mms/.transaction.SmsReceiver
D/dalvikvm(  362): GC_CONCURRENT freed 646K, 55% free 5782K/12636K, paused 4ms+5ms, total 90ms
D/dalvikvm(  362): WAIT_FOR_CONCURRENT_GC blocked 70ms
D/MmsSmsDatabaseHelper(  605): [MmsSmsDb] tableName: threads hasAutoIncrement: CREATE TABLE threads (_id INTEGER PRIMARY KEY AUTOINCREMENT,date INTEGER DEFAULT 0,message_count INTEGER DEFAULT 0,recipient_ids TEXT,snippet TEXT,snippet_cs INTEGER DEFAULT 0,read INTEGER DEFAULT 1,type INTEGER DEFAULT 0,error INTEGER DEFAULT 0,has_attachment INTEGER DEFAULT 0) result: true
D/MmsSmsDatabaseHelper(  605): [MmsSmsDb] tableName: canonical_addresses hasAutoIncrement: CREATE TABLE canonical_addresses (_id INTEGER PRIMARY KEY AUTOINCREMENT,address TEXT) result: true
D/MmsSmsDatabaseHelper(  605): [MmsSmsDb] tableName: part hasAutoIncrement: CREATE TABLE part (_id INTEGER PRIMARY KEY AUTOINCREMENT,mid INTEGER,seq INTEGER DEFAULT 0,ct TEXT,name TEXT,chset INTEGER,cd TEXT,fn TEXT,cid TEXT,cl TEXT,ctt_s INTEGER,ctt_t TEXT,_data TEXT,text TEXT) result: true
D/MmsSmsDatabaseHelper(  605): [MmsSmsDb] tableName: pdu hasAutoIncrement: CREATE TABLE pdu (_id INTEGER PRIMARY KEY AUTOINCREMENT,thread_id INTEGER,date INTEGER,date_sent INTEGER DEFAULT 0,msg_box INTEGER,read INTEGER DEFAULT 0,m_id TEXT,sub TEXT,sub_cs INTEGER,ct_t TEXT,ct_l TEXT,exp INTEGER,m_cls TEXT,m_type INTEGER,v INTEGER,m_size INTEGER,pri INTEGER,rr INTEGER,rpt_a INTEGER,resp_st INTEGER,st INTEGER,tr_id TEXT,retr_st INTEGER,retr_txt TEXT,retr_txt_cs INTEGER,read_status INTEGER,ct_cls INTEGER,resp_txt TEXT,d_tm INTEGER,d_rpt INTEGER,locked INTEGER DEFAULT 0,seen INTEGER DEFAULT 0,text_only INTEGER DEFAULT 0) result: true
D/MmsSmsDatabaseHelper(  605): [getWritableDatabase] hasAutoIncrementThreads: true hasAutoIncrementAddresses: true hasAutoIncrementPart: true hasAutoIncrementPdu: true
D/Mms:app ( 1045): cancelNotification
E/SQLiteLog(  634): (1) no such table: files
I/ActivityManager(  362): Resuming delayed broadcast
D/AlertReceiver(  971): onReceive: a=android.intent.action.BOOT_COMPLETED Intent { act=android.intent.action.BOOT_COMPLETED flg=0x8000010 cmp=com.android.calendar/.alerts.AlertReceiver (has extras) }
I/ActivityManager(  362): Delay finish: com.android.calendar/.alerts.AlertReceiver
D/AlertUtils(  971): Flushing old alerts from shared prefs table
D/AlertService(  971): 0 Action = android.intent.action.BOOT_COMPLETED
D/AlertService(  971): Scheduling next alarm with AlarmScheduler. sEventReminderReceived: null
D/dalvikvm(  971): GC_CONCURRENT freed 306K, 12% free 2806K/3184K, paused 12ms+4ms, total 73ms
D/AlarmScheduler(  971): No events found starting within 1 week.
E/WVMExtractor(   60): Failed to open libwvm.so
D/dalvikvm(  634): GC_CONCURRENT freed 240K, 10% free 3027K/3336K, paused 2ms+3ms, total 40ms
V/MediaScanner(  634): pruneDeadThumbnailFiles... android.database.sqlite.SQLiteCursor@b2d205b0
V/MediaScanner(  634): /pruneDeadThumbnailFiles... android.database.sqlite.SQLiteCursor@b2d205b0
I/ActivityManager(  362): Resuming delayed broadcast
V/AlarmClock(  989): AlarmInitReceiver android.intent.action.BOOT_COMPLETED
V/AlarmClock(  989): AlarmInitReceiver - Reset timers and clear stopwatch data
V/AlarmClock(  989): AlarmInitReceiver - resetting volume button default
I/AlarmClock(  989): Displaying next alarm time: ''
D/dalvikvm(  989): GC_CONCURRENT freed 393K, 15% free 2816K/3284K, paused 4ms+3ms, total 85ms
V/AlarmClock(  989): AlarmInitReceiver finished
I/ActivityManager(  362): Delay finish: com.android.email/.service.EmailUpgradeBroadcastReceiver
I/ActivityManager(  362): Resuming delayed broadcast
I/ActivityManager(  362): Delay finish: com.android.email/.service.EmailBroadcastReceiver
I/Email   (  928): Onetime initialization: 1
I/Email   (  928): Onetime initialization: 2
I/Email   (  928): Onetime initialization: completed.
I/ActivityManager(  362): Delaying start of: ServiceRecord{b31ec760 u0 com.android.exchange/.service.EmailSyncAdapterService}
D/ConnectivityService(  362): [CheckMp] isMobileOk: too many loops tried - giving up
D/ConnectivityService(  362): [CheckMp] isMobileOk: X loops|timed out result=0
D/ConnectivityService(  362): [CheckMp] isMobileOk: F stop hipri
D/MobileDataStateTracker(  362): default: setEnableFailFastMobileData(enabled=0)
D/ConnectivityService(  362): stopUsingNetworkFeature: teardown net 0: enableHIPRI
E/MetadataRetrieverClient(   60): failed to extract an album art
I/ActivityManager(  362): Resuming delayed broadcast
I/LauncherIconVisibilityManager(  598): Boot has been completed
I/LauncherIconVisibilityManager(  598): Disable activity: ComponentInfo{com.android.inputmethod.latin/com.android.inputmethod.latin.setup.SetupActivity}
D/MobileDataStateTracker(  362): hipri: Broadcast received: android.intent.action.ANY_DATA_STATE apnType=hipri
D/MobileDataStateTracker(  362): hipri: Received state=DISCONNECTED, old=CONNECTED, reason=dataDisabled
D/MobileDataStateTracker(  362): hipri: setDetailed state, old =CONNECTED and new state=DISCONNECTED
D/ConnectivityService(  362): ConnectivityChange for mobile_hipri: DISCONNECTED/DISCONNECTED
E/logwrapper( 1081): executing /system/bin/ip failed: No such file or directory
E/SecondaryTablController(   54): ip route del failed: /system/bin/ip route del 10.0.2.2/32 via 0.0.0.0 dev eth0 table 60
W/FrameworkListener(   54): Handler 'interface' error (No such device)
E/logwrapper( 1082): executing /system/bin/ip failed: No such file or directory
E/SecondaryTablController(   54): ip route del failed: /system/bin/ip route del 0.0.0.0/0 via 10.0.2.2 dev eth0 table 60
W/FrameworkListener(   54): Handler 'interface' error (No such device)
D/Nat464Xlat(  362): requiresClat: netType=5, hasIPv4Address=true
D/MobileDataStateTracker(  362): default: setPolicyDataEnable(enabled=true)
E/BluetoothAdapter(  621): Bluetooth binder is null
E/BluetoothAdapter(  621): Bluetooth binder is null
I/ActivityManager(  362): Delay finish: com.android.deskclock/com.android.alarmclock.AnalogAppWidgetProvider
D/dalvikvm( 1045): GC_CONCURRENT freed 224K, 10% free 2867K/3164K, paused 4ms+3ms, total 230ms
E/StrictMode( 1045): A resource was acquired at attached stack trace but never released. See java.io.Closeable for information on avoiding resource leaks.
E/StrictMode( 1045): java.lang.Throwable: Explicit termination method 'release' not called
E/StrictMode( 1045): 	at dalvik.system.CloseGuard.open(CloseGuard.java:184)
E/StrictMode( 1045): 	at android.drm.DrmManagerClient.<init>(DrmManagerClient.java:258)
E/StrictMode( 1045): 	at com.google.android.mms.pdu.PduPersister.<init>(PduPersister.java:288)
E/StrictMode( 1045): 	at com.google.android.mms.pdu.PduPersister.getPduPersister(PduPersister.java:296)
E/StrictMode( 1045): 	at com.android.mms.transaction.TransactionService.onNewIntent(TransactionService.java:224)
E/StrictMode( 1045): 	at com.android.mms.transaction.TransactionService$ServiceHandler.handleMessage(TransactionService.java:621)
E/StrictMode( 1045): 	at android.os.Handler.dispatchMessage(Handler.java:102)
E/StrictMode( 1045): 	at android.os.Looper.loop(Looper.java:136)
E/StrictMode( 1045): 	at android.os.HandlerThread.run(HandlerThread.java:61)
E/NetdConnector(  362): NDC Command {59 bandwidth removeiquota eth0} took too long (1053ms)
D/dalvikvm(  362): GC_CONCURRENT freed 704K, 55% free 5758K/12636K, paused 6ms+169ms, total 384ms
E/NetdConnector(  362): NDC Command {60 bandwidth gettetherstats} took too long (867ms)
I/ActivityManager(  362): Resuming delayed broadcast
W/BroadcastQueue(  362): Permission Denial: broadcasting Intent { act=android.appwidget.action.APPWIDGET_UPDATE_OPTIONS flg=0x10 cmp=com.android.settings/.widget.SettingsAppWidgetProvider (has extras) } from android (pid=693, uid=10008) is not exported from uid 1000 due to receiver com.android.settings/.widget.SettingsAppWidgetProvider
I/ActivityManager(  362): Delay finish: com.android.providers.contacts/.PackageIntentReceiver
I/ActivityManager(  362): Resuming delayed broadcast
I/ActivityManager(  362): Start proc com.svox.pico for broadcast com.svox.pico/.VoiceDataInstallerReceiver: pid=1110 uid=10037 gids={50037, 1028, 1015}
D/dalvikvm(  362): GC_CONCURRENT freed 681K, 55% free 5742K/12636K, paused 15ms+5ms, total 161ms
E/NetdConnector(  362): NDC Command {61 bandwidth setiquota eth0 9223372036854775807} took too long (1805ms)
D/MobileDataStateTracker(  362): default: setPolicyDataEnable(enabled=true)
D/Tethering(  362): MasterInitialState.processMessage what=3
D/Tethering(  362): MasterInitialState.processMessage what=3
D/CaptivePortalTracker(  362): NoActiveNetworkState{ when=-8ms what=1 obj=NetworkInfo: type: mobile_hipri[UMTS], state: DISCONNECTED/DISCONNECTED, reason: dataDisabled, extra: epc.tmobile.com, roaming: false, failover: false, isAvailable: true, isConnectedToProvisioningNetwork: false target=com.android.internal.util.StateMachine$SmHandler }
D/CaptivePortalTracker(  362): NoActiveNetworkState not a wifi connectivity change, ignore
D/CaptivePortalTracker(  362): NoActiveNetworkState{ when=-48ms what=1 obj=NetworkInfo: type: mobile[UMTS], state: CONNECTED/CONNECTED, reason: connected, extra: epc.tmobile.com, roaming: false, failover: false, isAvailable: true, isConnectedToProvisioningNetwork: false target=com.android.internal.util.StateMachine$SmHandler }
D/CaptivePortalTracker(  362): NoActiveNetworkState not a wifi connectivity change, ignore
W/ProcessCpuTracker(  362): Skipping unknown process pid 1136
D/dalvikvm(  362): GC_CONCURRENT freed 699K, 55% free 5720K/12636K, paused 6ms+22ms, total 247ms
I/InputReader(  362): Reconfiguring input devices.  changes=0x00000010
E/NetdConnector(  362): NDC Command {62 bandwidth removeiquota eth0} took too long (1122ms)
I/InputReader(  362): Reconfiguring input devices.  changes=0x00000010
I/PackageManager(  362):   Action: "android.intent.action.SENDTO"
I/PackageManager(  362):   Category: "android.intent.category.DEFAULT"
I/PackageManager(  362):   Scheme: "sms"
I/PackageManager(  362): Adding preferred activity ComponentInfo{com.android.mms/com.android.mms.ui.ComposeMessageActivity} for user 0 :
I/InputReader(  362): Reconfiguring input devices.  changes=0x00000010
I/PackageManager(  362):   Action: "android.intent.action.SENDTO"
I/PackageManager(  362):   Category: "android.intent.category.DEFAULT"
I/PackageManager(  362):   Scheme: "smsto"
I/PackageManager(  362): Adding preferred activity ComponentInfo{com.android.mms/com.android.mms.ui.ComposeMessageActivity} for user 0 :
D/dalvikvm(  605): GC_CONCURRENT freed 406K, 14% free 3369K/3908K, paused 36ms+93ms, total 196ms
I/PackageManager(  362):   Action: "android.intent.action.SENDTO"
I/PackageManager(  362):   Category: "android.intent.category.DEFAULT"
I/PackageManager(  362):   Scheme: "mms"
I/PackageManager(  362): Adding preferred activity ComponentInfo{com.android.mms/com.android.mms.ui.ComposeMessageActivity} for user 0 :
I/PackageManager(  362):   Action: "android.intent.action.SENDTO"
I/PackageManager(  362):   Category: "android.intent.category.DEFAULT"
I/PackageManager(  362):   Scheme: "mmsto"
I/PackageManager(  362): Adding preferred activity ComponentInfo{com.android.mms/com.android.mms.ui.ComposeMessageActivity} for user 0 :
I/PackageManager(  362):   Action: "android.intent.action.SENDTO"
I/PackageManager(  362):   Category: "android.intent.category.DEFAULT"
I/PackageManager(  362):   Scheme: "sms"
I/PackageManager(  362): Adding preferred activity ComponentInfo{com.android.mms/com.android.mms.ui.ComposeMessageActivity} for user 0 :
D/ConnectivityService(  362): [CheckMp] isMobileOk: X result=0
I/PackageManager(  362):   Action: "android.intent.action.SENDTO"
I/PackageManager(  362):   Category: "android.intent.category.DEFAULT"
I/PackageManager(  362):   Scheme: "smsto"
I/PackageManager(  362): Adding preferred activity ComponentInfo{com.android.mms/com.android.mms.ui.ComposeMessageActivity} for user 0 :
D/dalvikvm(  362): GC_CONCURRENT freed 683K, 55% free 5794K/12636K, paused 99ms+5ms, total 360ms
D/dalvikvm(  362): WAIT_FOR_CONCURRENT_GC blocked 41ms
D/dalvikvm(  362): WAIT_FOR_CONCURRENT_GC blocked 28ms
D/dalvikvm(  362): WAIT_FOR_CONCURRENT_GC blocked 18ms
E/NetdConnector(  362): NDC Command {63 bandwidth setiquota eth0 9223372036854775807} took too long (1404ms)
I/PackageManager(  362):   Action: "android.intent.action.SENDTO"
I/PackageManager(  362):   Category: "android.intent.category.DEFAULT"
I/PackageManager(  362):   Scheme: "mms"
I/PackageManager(  362): Adding preferred activity ComponentInfo{com.android.mms/com.android.mms.ui.ComposeMessageActivity} for user 0 :
D/MobileDataStateTracker(  362): default: setPolicyDataEnable(enabled=true)
D/dalvikvm(  605): GC_CONCURRENT freed 413K, 15% free 3393K/3948K, paused 13ms+31ms, total 72ms
D/dalvikvm(  605): WAIT_FOR_CONCURRENT_GC blocked 51ms
I/PackageManager(  362):   Action: "android.intent.action.SENDTO"
I/PackageManager(  362):   Category: "android.intent.category.DEFAULT"
I/PackageManager(  362):   Scheme: "mmsto"
I/PackageManager(  362): Adding preferred activity ComponentInfo{com.android.mms/com.android.mms.ui.ComposeMessageActivity} for user 0 :
D/MobileDataStateTracker(  362): default: setPolicyDataEnable(enabled=true)
I/PackageManager(  362):   Action: "android.intent.action.SENDTO"
I/PackageManager(  362):   Category: "android.intent.category.DEFAULT"
I/PackageManager(  362):   Scheme: "sms"
I/PackageManager(  362): Adding preferred activity ComponentInfo{com.android.mms/com.android.mms.ui.ComposeMessageActivity} for user 0 :
I/PackageManager(  362):   Action: "android.intent.action.SENDTO"
I/PackageManager(  362):   Category: "android.intent.category.DEFAULT"
I/PackageManager(  362):   Scheme: "smsto"
I/PackageManager(  362): Adding preferred activity ComponentInfo{com.android.mms/com.android.mms.ui.ComposeMessageActivity} for user 0 :
I/PackageManager(  362):   Action: "android.intent.action.SENDTO"
I/PackageManager(  362):   Category: "android.intent.category.DEFAULT"
I/PackageManager(  362):   Scheme: "mms"
I/PackageManager(  362): Adding preferred activity ComponentInfo{com.android.mms/com.android.mms.ui.ComposeMessageActivity} for user 0 :
I/PackageManager(  362):   Action: "android.intent.action.SENDTO"
I/PackageManager(  362):   Category: "android.intent.category.DEFAULT"
I/PackageManager(  362):   Scheme: "mmsto"
I/PackageManager(  362): Adding preferred activity ComponentInfo{com.android.mms/com.android.mms.ui.ComposeMessageActivity} for user 0 :
D/ConnectivityService(  362): [CheckMp] onPostExecute: result=0
D/ConnectivityService(  362): CheckMp.onComplete: result=0
D/ConnectivityService(  362): CheckMp.onComplete: ignore, connected or no connection
I/PackageManager(  362):   Action: "android.intent.action.SENDTO"
I/PackageManager(  362):   Category: "android.intent.category.DEFAULT"
I/PackageManager(  362):   Scheme: "sms"
I/PackageManager(  362): Adding preferred activity ComponentInfo{com.android.mms/com.android.mms.ui.ComposeMessageActivity} for user 0 :
D/dalvikvm(  605): GC_CONCURRENT freed 424K, 15% free 3373K/3960K, paused 31ms+2ms, total 82ms
I/PackageManager(  362):   Action: "android.intent.action.SENDTO"
I/PackageManager(  362):   Category: "android.intent.category.DEFAULT"
I/PackageManager(  362):   Scheme: "smsto"
I/PackageManager(  362): Adding preferred activity ComponentInfo{com.android.mms/com.android.mms.ui.ComposeMessageActivity} for user 0 :
D/dalvikvm(  362): GC_CONCURRENT freed 815K, 55% free 5741K/12636K, paused 6ms+5ms, total 94ms
D/dalvikvm(  362): WAIT_FOR_CONCURRENT_GC blocked 36ms
I/PackageManager(  362):   Action: "android.intent.action.SENDTO"
I/PackageManager(  362):   Category: "android.intent.category.DEFAULT"
I/PackageManager(  362):   Scheme: "mms"
I/PackageManager(  362): Adding preferred activity ComponentInfo{com.android.mms/com.android.mms.ui.ComposeMessageActivity} for user 0 :
I/PackageManager(  362):   Action: "android.intent.action.SENDTO"
I/PackageManager(  362):   Category: "android.intent.category.DEFAULT"
I/PackageManager(  362):   Scheme: "mmsto"
I/PackageManager(  362): Adding preferred activity ComponentInfo{com.android.mms/com.android.mms.ui.ComposeMessageActivity} for user 0 :
I/PackageManager(  362):   Action: "android.intent.action.SENDTO"
I/PackageManager(  362):   Category: "android.intent.category.DEFAULT"
I/PackageManager(  362):   Scheme: "sms"
I/PackageManager(  362): Adding preferred activity ComponentInfo{com.android.mms/com.android.mms.ui.ComposeMessageActivity} for user 0 :
I/PackageManager(  362):   Action: "android.intent.action.SENDTO"
I/PackageManager(  362):   Category: "android.intent.category.DEFAULT"
I/PackageManager(  362):   Scheme: "smsto"
I/PackageManager(  362): Adding preferred activity ComponentInfo{com.android.mms/com.android.mms.ui.ComposeMessageActivity} for user 0 :
D/dalvikvm(  605): GC_CONCURRENT freed 458K, 16% free 3360K/3960K, paused 7ms+2ms, total 26ms
D/dalvikvm(  605): WAIT_FOR_CONCURRENT_GC blocked 20ms
I/PackageManager(  362):   Action: "android.intent.action.SENDTO"
I/PackageManager(  362):   Category: "android.intent.category.DEFAULT"
I/PackageManager(  362):   Scheme: "mms"
I/PackageManager(  362): Adding preferred activity ComponentInfo{com.android.mms/com.android.mms.ui.ComposeMessageActivity} for user 0 :
I/PackageManager(  362):   Action: "android.intent.action.SENDTO"
I/PackageManager(  362):   Category: "android.intent.category.DEFAULT"
I/PackageManager(  362):   Scheme: "mmsto"
I/PackageManager(  362): Adding preferred activity ComponentInfo{com.android.mms/com.android.mms.ui.ComposeMessageActivity} for user 0 :
I/PackageManager(  362):   Action: "android.intent.action.SENDTO"
I/PackageManager(  362):   Category: "android.intent.category.DEFAULT"
I/PackageManager(  362):   Scheme: "sms"
I/PackageManager(  362): Adding preferred activity ComponentInfo{com.android.mms/com.android.mms.ui.ComposeMessageActivity} for user 0 :
D/dalvikvm(  362): GC_CONCURRENT freed 692K, 55% free 5811K/12636K, paused 26ms+5ms, total 103ms
D/dalvikvm(  362): WAIT_FOR_CONCURRENT_GC blocked 22ms
I/PackageManager(  362):   Action: "android.intent.action.SENDTO"
I/PackageManager(  362):   Category: "android.intent.category.DEFAULT"
I/PackageManager(  362):   Scheme: "smsto"
I/PackageManager(  362): Adding preferred activity ComponentInfo{com.android.mms/com.android.mms.ui.ComposeMessageActivity} for user 0 :
I/PackageManager(  362):   Action: "android.intent.action.SENDTO"
I/PackageManager(  362):   Category: "android.intent.category.DEFAULT"
I/PackageManager(  362):   Scheme: "mms"
I/PackageManager(  362): Adding preferred activity ComponentInfo{com.android.mms/com.android.mms.ui.ComposeMessageActivity} for user 0 :
I/PackageManager(  362):   Action: "android.intent.action.SENDTO"
I/PackageManager(  362):   Category: "android.intent.category.DEFAULT"
I/PackageManager(  362):   Scheme: "mmsto"
I/PackageManager(  362): Adding preferred activity ComponentInfo{com.android.mms/com.android.mms.ui.ComposeMessageActivity} for user 0 :
D/dalvikvm(  605): GC_CONCURRENT freed 431K, 15% free 3382K/3960K, paused 5ms+4ms, total 34ms
E/BluetoothAdapter(  621): Bluetooth binder is null
D/AlertReceiver(  971): onReceive: a=android.intent.action.PROVIDER_CHANGED Intent { act=android.intent.action.PROVIDER_CHANGED dat=content://com.android.calendar flg=0x10 cmp=com.android.calendar/.alerts.AlertReceiver }
I/ActivityManager(  362): Delay finish: com.android.calendar/.alerts.AlertReceiver
D/AlertService(  971): 0 Action = android.intent.action.PROVIDER_CHANGED
I/ActivityManager(  362): Waited long enough for: ServiceRecord{b33ea1a8 u0 com.android.music/.MediaPlaybackService}
I/ActivityManager(  362): Resuming delayed broadcast
I/ActivityManager(  362): Delay finish: com.android.mms/.transaction.SmsReceiver
V/SmsReceiverService( 1045): onStart: #1 mResultCode: -1 = Activity.RESULT_OK
I/ActivityManager(  362): Resuming delayed broadcast
D/MobileDataStateTracker(  362): default: setPolicyDataEnable(enabled=true)
I/ActivityManager(  362): Delay finish: com.android.providers.calendar/.CalendarProviderBroadcastReceiver
W/ActivityManager(  362): Launch timeout has expired, giving up wake lock!
D/dalvikvm(  994): GC_CONCURRENT freed 221K, 10% free 2894K/3188K, paused 8ms+11ms, total 73ms
I/ActivityManager(  362): Resuming delayed broadcast
I/ActivityManager(  362): Delay finish: com.android.providers.contacts/.PackageIntentReceiver
I/ActivityManager(  362): Resuming delayed broadcast
D/ConnectivityService(  362): Sampling interval elapsed, updating statistics ..
D/ConnectivityService(  362): Done.
D/ConnectivityService(  362): Setting timer for 720seconds
I/GlobalDismissManager(  971): no sender configured
D/AlertService(  971): Beginning updateAlertNotification
D/AlertService(  971): No fired or scheduled alerts
D/AlertService(  971): Scheduling next alarm with AlarmScheduler. sEventReminderReceived: null
D/AlarmScheduler(  971): No events found starting within 1 week.
I/ActivityManager(  362): Waited long enough for: ServiceRecord{b35da498 u0 com.android.calendar/.alerts.InitAlarmsService}
D/AndroidRuntime( 1166): 
D/AndroidRuntime( 1166): >>>>>> AndroidRuntime START com.android.internal.os.RuntimeInit <<<<<<
D/AndroidRuntime( 1166): CheckJNI is ON
D/dalvikvm( 1166): Trying to load lib libjavacore.so 0x0
D/dalvikvm( 1166): Added shared lib libjavacore.so 0x0
D/dalvikvm( 1166): Trying to load lib libnativehelper.so 0x0
D/dalvikvm( 1166): Added shared lib libnativehelper.so 0x0
D/dalvikvm( 1166): No JNI_OnLoad found in libnativehelper.so 0x0, skipping init
D/dalvikvm( 1166): Note: class Landroid/app/ActivityManagerNative; has 179 unimplemented (abstract) methods
E/memtrack( 1166): Couldn't load memtrack module (No such file or directory)
E/android.os.Debug( 1166): failed to load memtrack module: -2
D/AndroidRuntime( 1166): Calling main entry com.android.commands.am.Am
I/ActivityManager(  362): START u0 {act=android.intent.action.MAIN cat=[android.intent.category.LAUNCHER] flg=0x10000000 cmp=com.hananewbank/.BankSplashActivity} from pid 1166
D/gralloc (   57): Registering a buffer in the process that created it. This may cause memory ordering problems.
E/libEGL  (   57): called unimplemented OpenGL ES API
E/libEGL  (   57): called unimplemented OpenGL ES API
E/libEGL  (   57): called unimplemented OpenGL ES API
E/libEGL  (   57): called unimplemented OpenGL ES API
E/SurfaceFlinger(   57): glCheckFramebufferStatusOES error -1070777372
E/SurfaceFlinger(   57): got GL_FRAMEBUFFER_COMPLETE_OES error while taking screenshot
E/libEGL  (   57): called unimplemented OpenGL ES API
E/libEGL  (   57): called unimplemented OpenGL ES API
W/WindowManager(  362): Screenshot failure taking screenshot for (164x295) to layer 21005
I/ActivityManager(  362): Start proc com.hananewbank for activity com.hananewbank/.BankSplashActivity: pid=1176 uid=10052 gids={50052, 3003, 1028, 1015}
D/dalvikvm( 1176): Not late-enabling CheckJNI (already on)
D/dalvikvm(  362): GC_CONCURRENT freed 717K, 55% free 5769K/12636K, paused 35ms+16ms, total 529ms
I/ARMAssembler(   57): generated scanline__00000077:03010104_00008001_00000000 [ 89 ipp] (110 ins) at [0xb6168680:0xb6168838] in 10000000 ns
D/dalvikvm( 1176): GC_FOR_ALLOC freed 44K, 5% free 2739K/2856K, paused 29ms, total 31ms
I/dalvikvm-heap( 1176): Grow heap (frag case) to 3.392MB for 682256-byte allocation
D/dalvikvm( 1176): GC_FOR_ALLOC freed <1K, 4% free 3405K/3524K, paused 15ms, total 15ms
D/dalvikvm( 1176): GC_CONCURRENT freed <1K, 4% free 3405K/3524K, paused 4ms+2ms, total 26ms
D/	httppost.setEntity(new UrlEncodedFormEntity(params));( 1176): gone
D/gralloc_goldfish( 1176): Emulator without GPU emulation detected.
I/ActivityManager(  362): Displayed com.hananewbank/.BankSplashActivity: +1s654ms
D/AndroidRuntime( 1166): Shutting down VM
D/dalvikvm( 1166): GC_CONCURRENT freed 97K, 15% free 589K/688K, paused 2ms+1ms, total 9ms
D/dalvikvm( 1176): GC_FOR_ALLOC freed 149K, 6% free 3616K/3840K, paused 16ms, total 18ms
D/dalvikvm( 1176): GC_FOR_ALLOC freed 3K, 5% free 3992K/4200K, paused 15ms, total 16ms
I/Choreographer( 1176): Skipped 35 frames!  The application may be doing too much work on its main thread.
I/Choreographer( 1176): Skipped 36 frames!  The application may be doing too much work on its main thread.
I/Choreographer( 1176): Skipped 78 frames!  The application may be doing too much work on its main thread.
V/AlarmClock(  989): AlarmInitReceiver android.intent.action.TIME_SET
I/AlarmClock(  989): Displaying next alarm time: ''
V/AlarmClock(  989): AlarmInitReceiver finished
D/InitAlarmsService(  971): Clearing and rescheduling alarms.
D/AndroidRuntime( 1195): 
D/AndroidRuntime( 1195): >>>>>> AndroidRuntime START com.android.internal.os.RuntimeInit <<<<<<
D/AndroidRuntime( 1195): CheckJNI is ON
D/dalvikvm( 1195): Trying to load lib libjavacore.so 0x0
D/dalvikvm( 1195): Added shared lib libjavacore.so 0x0
D/dalvikvm( 1195): Trying to load lib libnativehelper.so 0x0
D/dalvikvm( 1195): Added shared lib libnativehelper.so 0x0
D/dalvikvm( 1195): No JNI_OnLoad found in libnativehelper.so 0x0, skipping init
D/dalvikvm( 1195): Note: class Landroid/app/ActivityManagerNative; has 179 unimplemented (abstract) methods
E/memtrack( 1195): Couldn't load memtrack module (No such file or directory)
E/android.os.Debug( 1195): failed to load memtrack module: -2
D/AndroidRuntime( 1195): Calling main entry com.android.commands.am.Am
D/AndroidRuntime( 1195): Shutting down VM
D/dalvikvm( 1195): GC_CONCURRENT freed 97K, 15% free 587K/688K, paused 2ms+1ms, total 20ms
D/        (  362): Setting time of day to sec=1545736513
D/AndroidRuntime( 1206): 
D/AndroidRuntime( 1206): >>>>>> AndroidRuntime START com.android.internal.os.RuntimeInit <<<<<<
D/AndroidRuntime( 1206): CheckJNI is ON
D/dalvikvm( 1206): Trying to load lib libjavacore.so 0x0
D/dalvikvm( 1206): Added shared lib libjavacore.so 0x0
D/dalvikvm( 1206): Trying to load lib libnativehelper.so 0x0
D/dalvikvm( 1206): Added shared lib libnativehelper.so 0x0
D/dalvikvm( 1206): No JNI_OnLoad found in libnativehelper.so 0x0, skipping init
D/dalvikvm( 1206): Note: class Landroid/app/ActivityManagerNative; has 179 unimplemented (abstract) methods
I/Choreographer( 1176): Skipped 39 frames!  The application may be doing too much work on its main thread.
I/Choreographer(  362): Skipped 31 frames!  The application may be doing too much work on its main thread.
E/memtrack( 1206): Couldn't load memtrack module (No such file or directory)
E/android.os.Debug( 1206): failed to load memtrack module: -2
D/AndroidRuntime( 1206): Calling main entry com.android.commands.am.Am
D/LightsService(  362): Excessive delay setting light: 102ms
I/ActivityManager(  362): START u0 {act=android.intent.action.MAIN cat=[android.intent.category.LAUNCHER] flg=0x10000000 cmp=com.hananewbank/.BankSplashNext} from pid 1206
D/AndroidRuntime( 1176): Shutting down VM
W/dalvikvm( 1176): threadid=1: thread exiting with uncaught exception (group=0xb2a78ba8)
E/AndroidRuntime( 1176): FATAL EXCEPTION: main
E/AndroidRuntime( 1176): Process: com.hananewbank, PID: 1176
E/AndroidRuntime( 1176): java.lang.RuntimeException: Unable to instantiate activity ComponentInfo{com.hananewbank/com.hananewbank.BankSplashNext}: java.lang.ClassNotFoundException: Didn't find class "com.hananewbank.BankSplashNext" on path: DexPathList[[zip file "/data/app/com.hananewbank-1.apk"],nativeLibraryDirectories=[/data/app-lib/com.hananewbank-1, /system/lib]]
E/AndroidRuntime( 1176): 	at android.app.ActivityThread.performLaunchActivity(ActivityThread.java:2110)
E/AndroidRuntime( 1176): 	at android.app.ActivityThread.handleLaunchActivity(ActivityThread.java:2233)
E/AndroidRuntime( 1176): 	at android.app.ActivityThread.access$800(ActivityThread.java:135)
E/AndroidRuntime( 1176): 	at android.app.ActivityThread$H.handleMessage(ActivityThread.java:1196)
E/AndroidRuntime( 1176): 	at android.os.Handler.dispatchMessage(Handler.java:102)
E/AndroidRuntime( 1176): 	at android.os.Looper.loop(Looper.java:136)
E/AndroidRuntime( 1176): 	at android.app.ActivityThread.main(ActivityThread.java:5001)
E/AndroidRuntime( 1176): 	at java.lang.reflect.Method.invokeNative(Native Method)
E/AndroidRuntime( 1176): 	at java.lang.reflect.Method.invoke(Method.java:515)
E/AndroidRuntime( 1176): 	at com.android.internal.os.ZygoteInit$MethodAndArgsCaller.run(ZygoteInit.java:785)
E/AndroidRuntime( 1176): 	at com.android.internal.os.ZygoteInit.main(ZygoteInit.java:601)
E/AndroidRuntime( 1176): 	at dalvik.system.NativeStart.main(Native Method)
E/AndroidRuntime( 1176): Caused by: java.lang.ClassNotFoundException: Didn't find class "com.hananewbank.BankSplashNext" on path: DexPathList[[zip file "/data/app/com.hananewbank-1.apk"],nativeLibraryDirectories=[/data/app-lib/com.hananewbank-1, /system/lib]]
E/AndroidRuntime( 1176): 	at dalvik.system.BaseDexClassLoader.findClass(BaseDexClassLoader.java:56)
E/AndroidRuntime( 1176): 	at java.lang.ClassLoader.loadClass(ClassLoader.java:497)
E/AndroidRuntime( 1176): 	at java.lang.ClassLoader.loadClass(ClassLoader.java:457)
E/AndroidRuntime( 1176): 	at android.app.Instrumentation.newActivity(Instrumentation.java:1061)
E/AndroidRuntime( 1176): 	at android.app.ActivityThread.performLaunchActivity(ActivityThread.java:2101)
E/AndroidRuntime( 1176): 	... 11 more
W/ActivityManager(  362):   Force finishing activity com.hananewbank/.BankSplashNext
W/ActivityManager(  362):   Force finishing activity com.hananewbank/.BankSplashActivity
I/Choreographer(  362): Skipped 56 frames!  The application may be doing too much work on its main thread.
D/dalvikvm(  362): GC_CONCURRENT freed 277K, 52% free 6149K/12636K, paused 7ms+103ms, total 342ms
W/ActivityManager(  362): Activity pause timeout for ActivityRecord{b3084e48 u0 com.hananewbank/.BankSplashNext t4 f}
I/Choreographer(  693): Skipped 41 frames!  The application may be doing too much work on its main thread.
I/MediaFocusControl(  362):  AudioFocus  abandonAudioFocus() from android.media.AudioManager@b2d333b8com.android.music.MediaPlaybackService$3@b2d32238
W/ActivityManager(  362): Activity destroy timeout for ActivityRecord{b308c600 u0 com.hananewbank/.BankSplashActivity t4 f}
W/ActivityManager(  362): Activity destroy timeout for ActivityRecord{b3084e48 u0 com.hananewbank/.BankSplashNext t4 f}
