D/dalvikvm(  352): GC_CONCURRENT freed 439K, 68% free 4315K/13144K, paused 6ms+3ms, total 44ms
D/dalvikvm(  352): WAIT_FOR_CONCURRENT_GC blocked 33ms
D/dalvikvm(  352): GC_FOR_ALLOC freed 486K, 68% free 4251K/13144K, paused 31ms, total 31ms
D/dalvikvm(  352): GC_CONCURRENT freed 27K, 66% free 4541K/13144K, paused 6ms+6ms, total 90ms
D/dalvikvm(  352): GC_CONCURRENT freed 343K, 64% free 4854K/13144K, paused 5ms+5ms, total 103ms
D/dalvikvm(  352): GC_CONCURRENT freed 394K, 62% free 5008K/13144K, paused 5ms+7ms, total 108ms
I/PackageManager(  352): /system/app/LegacyCamera.apk changed; collecting certs
D/dalvikvm(  352): GC_CONCURRENT freed 424K, 62% free 5080K/13144K, paused 8ms+10ms, total 48ms
D/dalvikvm(  352): WAIT_FOR_CONCURRENT_GC blocked 40ms
D/dalvikvm(  352): GC_FOR_ALLOC freed 1470K, 69% free 4168K/13144K, paused 38ms, total 38ms
D/dalvikvm(  352): GC_CONCURRENT freed 21K, 66% free 4496K/13144K, paused 13ms+7ms, total 97ms
D/dalvikvm(  352): GC_CONCURRENT freed 370K, 66% free 4584K/13144K, paused 5ms+3ms, total 63ms
D/dalvikvm(  352): WAIT_FOR_CONCURRENT_GC blocked 22ms
D/dalvikvm(  352): GC_CONCURRENT freed 297K, 64% free 4754K/13144K, paused 10ms+5ms, total 80ms
I/PackageManager(  352): /system/app/LiveWallpapersPicker.apk changed; collecting certs
I/PackageManager(  352): /system/app/Music.apk changed; collecting certs
D/dalvikvm(  352): GC_CONCURRENT freed 461K, 64% free 4805K/13144K, paused 8ms+9ms, total 68ms
D/dalvikvm(  352): WAIT_FOR_CONCURRENT_GC blocked 30ms
D/dalvikvm(  352): GC_CONCURRENT freed 1150K, 69% free 4183K/13144K, paused 15ms+11ms, total 101ms
I/PackageManager(  352): /system/app/NetSpeed.apk changed; collecting certs
I/PackageManager(  352): /system/app/OpenWnn.apk changed; collecting certs
D/dalvikvm(  352): GC_CONCURRENT freed 335K, 67% free 4345K/13144K, paused 6ms+6ms, total 57ms
D/dalvikvm(  352): WAIT_FOR_CONCURRENT_GC blocked 24ms
D/dalvikvm(  352): GC_CONCURRENT freed 583K, 68% free 4257K/13144K, paused 4ms+14ms, total 68ms
D/dalvikvm(  352): GC_CONCURRENT freed 318K, 67% free 4451K/13144K, paused 15ms+4ms, total 73ms
D/dalvikvm(  352): WAIT_FOR_CONCURRENT_GC blocked 16ms
I/PackageManager(  352): /system/app/PacProcessor.apk changed; collecting certs
D/dalvikvm(  352): GC_CONCURRENT freed 368K, 66% free 4564K/13144K, paused 5ms+9ms, total 84ms
I/PackageManager(  352): /system/app/PackageInstaller.apk changed; collecting certs
I/PackageManager(  352): /system/app/PicoTts.apk changed; collecting certs
I/PackageManager(  352): /system/app/PinyinIME.apk changed; collecting certs
D/dalvikvm(  352): GC_CONCURRENT freed 967K, 69% free 4108K/13144K, paused 6ms+4ms, total 60ms
D/dalvikvm(  352): WAIT_FOR_CONCURRENT_GC blocked 23ms
I/PackageManager(  352): /system/app/PrintSpooler.apk changed; collecting certs
I/PackageManager(  352): /system/app/Protips.apk changed; collecting certs
D/dalvikvm(  352): GC_CONCURRENT freed 418K, 69% free 4199K/13144K, paused 6ms+13ms, total 92ms
D/dalvikvm(  352): WAIT_FOR_CONCURRENT_GC blocked 9ms
I/PackageManager(  352): /system/app/QuickSearchBox.apk changed; collecting certs
D/dalvikvm(  352): GC_CONCURRENT freed 503K, 68% free 4208K/13144K, paused 6ms+4ms, total 48ms
D/dalvikvm(  352): WAIT_FOR_CONCURRENT_GC blocked 31ms
I/PackageManager(  352): /system/app/SdkSetup.apk changed; collecting certs
D/dalvikvm(  352): GC_CONCURRENT freed 405K, 67% free 4351K/13144K, paused 15ms+3ms, total 101ms
I/PackageManager(  352): /system/app/SoundRecorder.apk changed; collecting certs
I/PackageManager(  352): /system/app/SpeechRecorder.apk changed; collecting certs
I/PackageManager(  352): /system/app/TelephonyProvider.apk changed; collecting certs
I/PackageManager(  352): /system/app/UserDictionaryProvider.apk changed; collecting certs
D/dalvikvm(  352): GC_CONCURRENT freed 450K, 67% free 4465K/13144K, paused 6ms+7ms, total 107ms
D/PackageManager(  352): No files in app dir /vendor/app
W/PackageParser(  352): No actions in intent filter at /data/app/ApiDemos.apk Binary XML file line #2899
W/PackageParser(  352): No actions in intent filter at /data/app/ApiDemos.apk Binary XML file line #2905
I/PackageManager(  352): /data/app/ApiDemos.apk changed; collecting certs
D/dalvikvm(  352): GC_CONCURRENT freed 594K, 67% free 4383K/13144K, paused 6ms+11ms, total 91ms
D/dalvikvm(  352): WAIT_FOR_CONCURRENT_GC blocked 11ms
D/dalvikvm(  352): GC_CONCURRENT freed 284K, 66% free 4590K/13144K, paused 8ms+2ms, total 43ms
D/dalvikvm(  352): WAIT_FOR_CONCURRENT_GC blocked 35ms
D/dalvikvm(  352): GC_CONCURRENT freed 353K, 64% free 4733K/13144K, paused 10ms+13ms, total 86ms
D/dalvikvm(  352): GC_CONCURRENT freed 288K, 63% free 4949K/13144K, paused 14ms+4ms, total 99ms
D/dalvikvm(  352): WAIT_FOR_CONCURRENT_GC blocked 11ms
D/dalvikvm(  352): GC_CONCURRENT freed 658K, 64% free 4846K/13144K, paused 15ms+3ms, total 72ms
D/dalvikvm(  352): WAIT_FOR_CONCURRENT_GC blocked 35ms
D/dalvikvm(  352): GC_CONCURRENT freed 539K, 64% free 4839K/13144K, paused 6ms+4ms, total 84ms
D/dalvikvm(  352): WAIT_FOR_CONCURRENT_GC blocked 17ms
D/dalvikvm(  352): GC_CONCURRENT freed 517K, 64% free 4850K/13144K, paused 6ms+4ms, total 75ms
D/dalvikvm(  352): WAIT_FOR_CONCURRENT_GC blocked 26ms
D/dalvikvm(  352): GC_CONCURRENT freed 526K, 64% free 4857K/13144K, paused 14ms+3ms, total 71ms
D/dalvikvm(  352): WAIT_FOR_CONCURRENT_GC blocked 33ms
D/dalvikvm(  352): GC_CONCURRENT freed 537K, 64% free 4860K/13144K, paused 5ms+4ms, total 70ms
D/dalvikvm(  352): WAIT_FOR_CONCURRENT_GC blocked 28ms
D/dalvikvm(  352): GC_CONCURRENT freed 546K, 64% free 4848K/13144K, paused 5ms+4ms, total 71ms
D/dalvikvm(  352): WAIT_FOR_CONCURRENT_GC blocked 27ms
D/dalvikvm(  352): GC_CONCURRENT freed 531K, 64% free 4849K/13144K, paused 5ms+4ms, total 72ms
D/dalvikvm(  352): WAIT_FOR_CONCURRENT_GC blocked 33ms
D/dalvikvm(  352): GC_CONCURRENT freed 531K, 64% free 4854K/13144K, paused 5ms+4ms, total 69ms
D/dalvikvm(  352): WAIT_FOR_CONCURRENT_GC blocked 26ms
D/dalvikvm(  352): GC_CONCURRENT freed 529K, 64% free 4856K/13144K, paused 6ms+14ms, total 138ms
D/dalvikvm(  352): WAIT_FOR_CONCURRENT_GC blocked 74ms
W/PackageManager(  352): Package com.example.android.apis desires unavailable shared library com.example.will.never.exist; ignoring!
D/dalvikvm(  352): GC_CONCURRENT freed 543K, 64% free 4852K/13144K, paused 5ms+4ms, total 81ms
D/dalvikvm(  352): WAIT_FOR_CONCURRENT_GC blocked 17ms
I/PackageManager(  352): /data/app/CubeLiveWallpapers.apk changed; collecting certs
I/PackageManager(  352): /data/app/GestureBuilder.apk changed; collecting certs
D/dalvikvm(  352): GC_CONCURRENT freed 401K, 63% free 4984K/13144K, paused 6ms+9ms, total 77ms
D/dalvikvm(  352): WAIT_FOR_CONCURRENT_GC blocked 32ms
I/PackageManager(  352): /data/app/SmokeTest.apk changed; collecting certs
I/PackageManager(  352): /data/app/SmokeTestApp.apk changed; collecting certs
I/PackageManager(  352): /data/app/SoftKeyboard.apk changed; collecting certs
D/dalvikvm(  352): GC_CONCURRENT freed 1134K, 67% free 4421K/13144K, paused 15ms+3ms, total 85ms
D/dalvikvm(  352): WAIT_FOR_CONCURRENT_GC blocked 20ms
I/PackageManager(  352): /data/app/WidgetPreview.apk changed; collecting certs
D/dalvikvm(  352): GC_CONCURRENT freed 502K, 66% free 4506K/13144K, paused 6ms+6ms, total 108ms
W/PackageManager(  352): Package com.example.android.apis desires unavailable shared library com.example.will.never.exist; ignoring!
W/PackageManager(  352): Package com.android.camera desires unavailable shared library com.google.android.media.effects; ignoring!
I/PackageManager(  352): Time to scan packages: 24.043 seconds
W/PackageManager(  352): Not granting permission android.permission.GLOBAL_SEARCH to package com.android.quicksearchbox (protectionLevel=18 flags=0x8be45)
W/PackageManager(  352): Unknown permission com.android.smspush.WAPPUSH_MANAGER_BIND in package com.android.phone
W/PackageManager(  352): Unknown permission com.google.android.googleapps.permission.GOOGLE_AUTH in package com.android.providers.calendar
W/PackageManager(  352): Unknown permission com.google.android.googleapps.permission.GOOGLE_AUTH.cl in package com.android.providers.calendar
W/PackageManager(  352): Unknown permission com.google.android.googleapps.permission.GOOGLE_AUTH.mail in package com.android.calendar
W/PackageManager(  352): Not granting permission android.permission.ACCESS_DOWNLOAD_MANAGER to package com.android.browser (protectionLevel=18 flags=0x9be45)
W/PackageManager(  352): Not granting permission android.permission.SEND_DOWNLOAD_COMPLETED_INTENTS to package com.android.browser (protectionLevel=2 flags=0x9be45)
W/PackageManager(  352): Not granting permission android.permission.BIND_APPWIDGET to package com.android.widgetpreview (protectionLevel=18 flags=0x8be44)
W/PackageManager(  352): Unknown permission android.permission.INSTALL_DRM in package com.android.mms
W/PackageManager(  352): Unknown permission com.google.android.googleapps.permission.GOOGLE_AUTH in package com.android.settings
W/PackageManager(  352): Unknown permission com.google.android.googleapps.permission.ACCESS_GOOGLE_PASSWORD in package com.android.development
W/PackageManager(  352): Unknown permission com.google.android.googleapps.permission.GOOGLE_AUTH in package com.android.development
W/PackageManager(  352): Unknown permission com.google.android.googleapps.permission.GOOGLE_AUTH.ALL_SERVICES in package com.android.development
W/PackageManager(  352): Unknown permission com.google.android.googleapps.permission.GOOGLE_AUTH.YouTubeUser in package com.android.development
W/PackageManager(  352): Not granting permission android.permission.DELETE_PACKAGES to package com.svox.pico (protectionLevel=18 flags=0x8be45)
W/PackageManager(  352): Not granting permission android.permission.DEVICE_POWER to package com.android.deskclock (protectionLevel=2 flags=0x48be45)
D/dalvikvm(  352): GC_EXPLICIT freed 532K, 67% free 4358K/13144K, paused 4ms+4ms, total 57ms
I/SystemServer(  352): Entropy Mixer
W/EntropyMixer(  352): No existing entropy file -- first boot?
I/EntropyMixer(  352): Writing entropy...
I/SystemServer(  352): User Service
I/SystemServer(  352): Account Manager
I/SystemServer(  352): Content Manager
I/SystemServer(  352): System Content Providers
I/SyncManager(  352): No initial accounts
I/SyncManager(  352): No initial status
W/SyncManagerFile(  352): Error reading pending data.
W/SyncManagerFile(  352): java.io.FileNotFoundException: /data/system/sync/pending.xml: open failed: ENOENT (No such file or directory)
W/SyncManagerFile(  352): 	at libcore.io.IoBridge.open(IoBridge.java:409)
W/SyncManagerFile(  352): 	at java.io.FileInputStream.<init>(FileInputStream.java:78)
W/SyncManagerFile(  352): 	at android.util.AtomicFile.openRead(AtomicFile.java:199)
W/SyncManagerFile(  352): 	at com.android.server.content.SyncStorageEngine.readPendingOperationsLocked(SyncStorageEngine.java:2286)
W/SyncManagerFile(  352): 	at com.android.server.content.SyncStorageEngine.<init>(SyncStorageEngine.java:434)
W/SyncManagerFile(  352): 	at com.android.server.content.SyncStorageEngine.init(SyncStorageEngine.java:454)
W/SyncManagerFile(  352): 	at com.android.server.content.SyncManager.<init>(SyncManager.java:383)
W/SyncManagerFile(  352): 	at com.android.server.content.ContentService.getSyncManager(ContentService.java:75)
W/SyncManagerFile(  352): 	at com.android.server.content.ContentService.notifyChange(ContentService.java:283)
W/SyncManagerFile(  352): 	at android.content.ContentResolver.notifyChange(ContentResolver.java:1621)
W/SyncManagerFile(  352): 	at com.android.providers.settings.SettingsProvider.sendNotify(SettingsProvider.java:262)
W/SyncManagerFile(  352): 	at com.android.providers.settings.SettingsProvider.insertForUser(SettingsProvider.java:941)
W/SyncManagerFile(  352): 	at com.android.providers.settings.SettingsProvider.ensureAndroidIdIsSet(SettingsProvider.java:496)
W/SyncManagerFile(  352): 	at com.android.providers.settings.SettingsProvider.establishDbTracking(SettingsProvider.java:409)
W/SyncManagerFile(  352): 	at com.android.providers.settings.SettingsProvider.onCreate(SettingsProvider.java:335)
W/SyncManagerFile(  352): 	at android.content.ContentProvider.attachInfo(ContentProvider.java:1591)
W/SyncManagerFile(  352): 	at android.content.ContentProvider.attachInfo(ContentProvider.java:1562)
W/SyncManagerFile(  352): 	at android.app.ActivityThread.installProvider(ActivityThread.java:4774)
W/SyncManagerFile(  352): 	at android.app.ActivityThread.installContentProviders(ActivityThread.java:4369)
W/SyncManagerFile(  352): 	at android.app.ActivityThread.installSystemProviders(ActivityThread.java:4929)
W/SyncManagerFile(  352): 	at com.android.server.am.ActivityManagerService.installSystemProviders(ActivityManagerService.java:8081)
W/SyncManagerFile(  352): 	at com.android.server.ServerThread.initAndLoop(SystemServer.java:275)
W/SyncManagerFile(  352): 	at com.android.server.SystemServer.main(SystemServer.java:1179)
W/SyncManagerFile(  352): 	at java.lang.reflect.Method.invokeNative(Native Method)
W/SyncManagerFile(  352): 	at java.lang.reflect.Method.invoke(Method.java:515)
W/SyncManagerFile(  352): 	at com.android.internal.os.ZygoteInit$MethodAndArgsCaller.run(ZygoteInit.java:785)
W/SyncManagerFile(  352): 	at com.android.internal.os.ZygoteInit.main(ZygoteInit.java:601)
W/SyncManagerFile(  352): 	at dalvik.system.NativeStart.main(Native Method)
W/SyncManagerFile(  352): Caused by: libcore.io.ErrnoException: open failed: ENOENT (No such file or directory)
W/SyncManagerFile(  352): 	at libcore.io.Posix.open(Native Method)
W/SyncManagerFile(  352): 	at libcore.io.BlockGuardOs.open(BlockGuardOs.java:110)
W/SyncManagerFile(  352): 	at libcore.io.IoBridge.open(IoBridge.java:393)
W/SyncManagerFile(  352): 	... 27 more
I/SyncManager(  352): No initial statistics
D/SettingsProvider(  352): Generated and saved new ANDROID_ID [86783b5fef1b4054] for user 0
I/SystemServer(  352): Lights Service
I/SystemServer(  352): Battery Service
I/SystemServer(  352): Vibrator Service
I/SystemServer(  352): Consumer IR Service
E/ConsumerIrService(  352): Can't open consumer IR HW Module, error: -2
W/libsuspend(  352): Error writing 'on' to /sys/power/state: Invalid argument
E/libsuspend(  352): Error opening /sys/power/autosleep: No such file or directory
I/libsuspend(  352): Selected wakeup count
D/PermissionCache(   57): checking android.permission.ACCESS_SURFACE_FLINGER for uid=1000 => granted (2454 us)
D/SurfaceFlinger(   57): Screen acquired, type=0 flinger=0xb74e0450
D/SurfaceFlinger(   57):  screen was previously acquired
I/SystemServer(  352): Alarm Manager
I/SystemServer(  352): Init Watchdog
I/SystemServer(  352): Input Manager
I/InputManager(  352): Initializing input manager, mUseDevInputEventForAudioJack=false
I/SystemServer(  352): Window Manager
I/WindowManager(  352): No existing display settings /data/system/display_settings.xml; starting empty
D/dalvikvm(  352): GC_CONCURRENT freed 344K, 66% free 4494K/13144K, paused 9ms+14ms, total 157ms
I/WindowManager(  352): No keyguard interface!
I/InputManager(  352): Starting input manager
I/SystemServer(  352): No Bluetooh Service (emulator)
I/SystemServer(  352): Input Method Service
E/EventHub(  352): could not get driver version for /dev/input/mouse0, Not a typewriter
W/EventHub(  352): Unable to disable kernel key repeat for /dev/input/event0: Function not implemented
I/EventHub(  352): New device: id=1, fd=93, path='/dev/input/event0', name='qwerty2', classes=0x2d, configuration='/system/usr/idc/qwerty2.idc', keyLayout='/system/usr/keylayout/qwerty.kl', keyCharacterMap='/system/usr/keychars/qwerty2.kcm', builtinKeyboard=true, usingSuspendBlockIoctl=true, usingClockIoctl=true
E/EventHub(  352): could not get driver version for /dev/input/mice, Not a typewriter
I/InputReader(  352): Device added: id=-1, name='Virtual', sources=0x00000301
I/InputReader(  352):   Touch device 'qwerty2' could not query the properties of its associated display.  The device will be inoperable until the display size becomes available.
I/InputReader(  352): Device added: id=0, name='qwerty2', sources=0x00011307
W/InputMethodManagerService(  352): No IME selected. Choose the most applicable IME.
I/InputMethodManagerService(  352): No default found, using com.android.inputmethod.latin/.LatinIME
I/SystemServer(  352): Accessibility Manager
I/ActivityManager(  352): Config changes=1df8 {1.0 ?mcc?mnc en_US ldltr sw480dp w480dp h864dp 160dpi lrg long port ?uimode ?night -touch -keyb/h/h tball/v s.2}
I/InputReader(  352): Reconfiguring input devices.  changes=0x00000004
I/InputReader(  352): Device reconfigured: id=0, name='qwerty2', size 480x864, orientation 0, mode 1, display id 0
I/ActivityManager(  352): Config changes=408 {1.0 ?mcc?mnc en_US ldltr sw480dp w480dp h839dp 160dpi lrg long port ?uimode ?night finger -keyb/h/h tball/v s.3}
I/SystemServer(  352): Mount Service
D/MountService(  352): got storage path: /storage/sdcard description: USB storage primary: true removable: false emulated: false mtpReserve: 0 allowMassStorage: false maxFileSize: 0
D/MountService(  352): addVolumeLocked() StorageVolume:
D/MountService(  352):     mStorageId=0 mPath=/storage/sdcard mDescriptionId=17040665 mPrimary=true 
D/MountService(  352):     mRemovable=false mEmulated=false mMtpReserveSpace=0 
D/MountService(  352):     mAllowMassStorage=false mMaxFileSize=0 mOwner=null mUuid=null 
D/MountService(  352):     mUserLabel=null mState=null 
I/SystemServer(  352): LockSettingsService
I/SystemServer(  352): Device Policy
I/SystemServer(  352): Status Bar
I/SystemServer(  352): Clipboard Service
I/SystemServer(  352): NetworkManagement Service
I/SystemServer(  352): Text Service Manager Service
W/MountService(  352): Duplicate state transition (unmounted -> unmounted) for /storage/sdcard
W/MountService(  352): getSecureContainerList() called when storage not mounted
I/PackageManager(  352): No secure containers on sdcard
I/SystemServer(  352): NetworkStats Service
W/PackageManager(  352): Not granting permission android.permission.GLOBAL_SEARCH to package com.android.quicksearchbox (protectionLevel=18 flags=0x8be45)
I/SystemServer(  352): NetworkPolicy Service
I/SystemServer(  352): Wi-Fi P2pService
W/PackageManager(  352): Unknown permission com.android.smspush.WAPPUSH_MANAGER_BIND in package com.android.phone
W/PackageManager(  352): Unknown permission com.google.android.googleapps.permission.GOOGLE_AUTH in package com.android.providers.calendar
W/PackageManager(  352): Unknown permission com.google.android.googleapps.permission.GOOGLE_AUTH.cl in package com.android.providers.calendar
W/PackageManager(  352): Unknown permission com.google.android.googleapps.permission.GOOGLE_AUTH.mail in package com.android.calendar
W/PackageManager(  352): Not granting permission android.permission.ACCESS_DOWNLOAD_MANAGER to package com.android.browser (protectionLevel=18 flags=0x9be45)
W/PackageManager(  352): Not granting permission android.permission.SEND_DOWNLOAD_COMPLETED_INTENTS to package com.android.browser (protectionLevel=2 flags=0x9be45)
W/PackageManager(  352): Not granting permission android.permission.BIND_APPWIDGET to package com.android.widgetpreview (protectionLevel=18 flags=0x8be44)
W/PackageManager(  352): Unknown permission android.permission.INSTALL_DRM in package com.android.mms
W/PackageManager(  352): Unknown permission com.google.android.googleapps.permission.GOOGLE_AUTH in package com.android.settings
W/PackageManager(  352): Unknown permission com.google.android.googleapps.permission.ACCESS_GOOGLE_PASSWORD in package com.android.development
W/PackageManager(  352): Unknown permission com.google.android.googleapps.permission.GOOGLE_AUTH in package com.android.development
W/PackageManager(  352): Unknown permission com.google.android.googleapps.permission.GOOGLE_AUTH.ALL_SERVICES in package com.android.development
W/PackageManager(  352): Unknown permission com.google.android.googleapps.permission.GOOGLE_AUTH.YouTubeUser in package com.android.development
W/PackageManager(  352): Not granting permission android.permission.DELETE_PACKAGES to package com.svox.pico (protectionLevel=18 flags=0x8be45)
W/PackageManager(  352): Not granting permission android.permission.DEVICE_POWER to package com.android.deskclock (protectionLevel=2 flags=0x48be45)
D/dalvikvm(  352): GC_CONCURRENT freed 293K, 65% free 4614K/13144K, paused 7ms+6ms, total 123ms
I/SystemServer(  352): Wi-Fi Service
D/WifiController(  352): isAirplaneModeOn = false, isWifiEnabled = false, isScanningAvailable = false
I/SystemServer(  352): Connectivity Service
D/ConnectivityService(  352): ConnectivityService starting up
D/ConnectivityService(  352): wifiOnly=false
E/MobileDataStateTracker(  352): default: Ignoring feature request because could not acquire PhoneService
E/MobileDataStateTracker(  352): default: Could not enable APN type "default"
I/WifiService(  352): WifiService starting up with Wi-Fi disabled
I/SystemServer(  352): Network Service Discovery Service
D/NsdService(  352): Network service discovery enabled true
I/SystemServer(  352): UpdateLock Service
I/SystemServer(  352): Notification Manager
I/SystemServer(  352): Device Storage Monitor
I/SystemServer(  352): Location Manager
I/SystemServer(  352): Country Detector
I/SystemServer(  352): Search Service
I/SystemServer(  352): DropBox Service
I/SystemServer(  352): Wallpaper Service
W/WallpaperService(  352): no current wallpaper -- first boot?
I/SystemServer(  352): Audio Service
D/dalvikvm(  352): GC_CONCURRENT freed 262K, 64% free 4807K/13144K, paused 6ms+5ms, total 121ms
I/SystemServer(  352): Dock Observer
W/DockObserver(  352): This kernel does not have dock station support
I/SystemServer(  352): Wired Accessory Manager
W/WiredAccessoryManager(  352): This kernel does not have wired headset support
W/WiredAccessoryManager(  352): This kernel does not have usb audio support
W/WiredAccessoryManager(  352): This kernel does not have HDMI audio support
I/SystemServer(  352): USB Service
I/SystemServer(  352): Serial Service
I/SystemServer(  352): Twilight Service
I/SystemServer(  352): UI Mode Manager Service
I/SystemServer(  352): Backup Service
V/BackupManagerService(  352): Initializing package tracking
V/BackupManagerService(  352): No ancestral data
V/BackupManagerService(  352): addPackageParticipantsLocked: all
I/BackupManagerService(  352): Scheduling backup for new app com.android.calendar
D/BackupManagerService(  352): Now staging backup of com.android.calendar
I/BackupManagerService(  352): Scheduling backup for new app com.android.browser
D/BackupManagerService(  352): Now staging backup of com.android.browser
I/BackupManagerService(  352): Scheduling backup for new app com.android.providers.userdictionary
D/BackupManagerService(  352): Now staging backup of com.android.providers.userdictionary
I/BackupManagerService(  352): Scheduling backup for new app com.android.sharedstoragebackup
D/BackupManagerService(  352): Now staging backup of com.android.sharedstoragebackup
I/BackupManagerService(  352): Scheduling backup for new app android
D/BackupManagerService(  352): Now staging backup of android
I/BackupManagerService(  352): Scheduling backup for new app com.android.dialer
D/BackupManagerService(  352): Now staging backup of com.android.dialer
I/BackupManagerService(  352): Scheduling backup for new app com.android.providers.settings
D/BackupManagerService(  352): Now staging backup of com.android.providers.settings
V/BackupManagerService(  352): Starting with transport android/com.android.internal.backup.LocalTransport
V/BackupManagerService(  352): Found transports: 1
I/BackupManagerService(  352): Binding to transport host ComponentInfo{android/com.android.internal.backup.LocalTransportService}
I/BackupManagerService(  352): Backup enabled => true
I/SystemServer(  352): AppWidget Service
I/SystemServer(  352): Recognition Service
I/SystemServer(  352): DiskStats Service
I/SystemServer(  352): SamplingProfiler Service
I/SystemServer(  352): NetworkTimeUpdateService
I/SystemServer(  352): CommonTimeManagementService
I/SystemServer(  352): CertBlacklister
I/SystemServer(  352): Dreams Service
I/SystemServer(  352): Assets Atlas Service
I/SystemServer(  352): IdleMaintenanceService
I/SystemServer(  352): Print Service
I/SystemServer(  352): Media Router Service
D/Atlas   (  352): Computing best atlas configuration...
D/Atlas   (  352): Running Thread-50
I/WindowManager(  352): SAFE MODE not enabled
D/Atlas   (  352): Found best atlas configuration in 0.08s
D/Atlas   (  352): Loaded configuration: SliceMinArea (768x768) flags=0x2 count=24
D/gralloc_goldfish(  352): Emulator without GPU emulation detected.
E/SQLiteLog(  352): (1) no such table: locksettings
D/dalvikvm(  352): GC_CONCURRENT freed 311K, 63% free 4959K/13144K, paused 23ms+5ms, total 156ms
I/LockSettingsService(  352): Migrated lock settings to new location
I/LockSettingsService(  352): Migrated per-user lock settings to new location
W/AssetAtlasService(  352): Could not find EGL configuration
D/Atlas   (  352): Rendered atlas in 30.20ms (6.58+23.63ms)
I/Zygote  (  352): Process: zygote socket opened
V/KeyguardServiceDelegate(  352): *** Keyguard started
V/KeyguardServiceDelegate(  352): onSystemReady() called before keyguard service was ready
I/ActivityManager(  352): Start proc com.android.systemui for service com.android.keyguard/.KeyguardService: pid=444 uid=10007 gids={50007, 1028, 1015, 1035, 3002, 3001}
F/SystemServer(  352): BOOT FAILURE making Package Manager Service ready
F/SystemServer(  352): java.lang.SecurityException: Unable to find app for caller android.app.ActivityThread$ApplicationThread@b308b848 (pid=352) when registering receiver android.app.LoadedApk$ReceiverDispatcher$InnerReceiver@b2d9db58
F/SystemServer(  352): 	at com.android.server.am.ActivityManagerService.registerReceiver(ActivityManagerService.java:13021)
F/SystemServer(  352): 	at android.app.ContextImpl.registerReceiverInternal(ContextImpl.java:1450)
F/SystemServer(  352): 	at android.app.ContextImpl.registerReceiverAsUser(ContextImpl.java:1425)
F/SystemServer(  352): 	at com.android.internal.content.PackageMonitor.register(PackageMonitor.java:84)
F/SystemServer(  352): 	at com.android.server.pm.UserManagerService.systemReady(UserManagerService.java:237)
F/SystemServer(  352): 	at com.android.server.pm.PackageManagerService.systemReady(PackageManagerService.java:10476)
F/SystemServer(  352): 	at com.android.server.ServerThread.initAndLoop(SystemServer.java:893)
F/SystemServer(  352): 	at com.android.server.SystemServer.main(SystemServer.java:1179)
F/SystemServer(  352): 	at java.lang.reflect.Method.invokeNative(Native Method)
F/SystemServer(  352): 	at java.lang.reflect.Method.invoke(Method.java:515)
F/SystemServer(  352): 	at com.android.internal.os.ZygoteInit$MethodAndArgsCaller.run(ZygoteInit.java:785)
F/SystemServer(  352): 	at com.android.internal.os.ZygoteInit.main(ZygoteInit.java:601)
F/SystemServer(  352): 	at dalvik.system.NativeStart.main(Native Method)
W/SystemServer(  352): ***********************************************
I/ActivityManager(  352): Sending system update to ComponentInfo{com.android.providers.calendar/com.android.providers.calendar.CalendarUpgradeReceiver} for user 0
I/ActivityManager(  352): Sending system update to ComponentInfo{com.android.providers.contacts/com.android.providers.contacts.ContactsUpgradeReceiver} for user 0
I/ActivityManager(  352): Sending system update to ComponentInfo{com.android.providers.media/com.android.providers.media.MediaUpgradeReceiver} for user 0
I/SystemServer(  352): Enabled StrictMode for system server main thread.
I/ActivityManager(  352): Start proc com.android.providers.calendar for broadcast com.android.providers.calendar/.CalendarUpgradeReceiver: pid=455 uid=10001 gids={50001, 3003, 1028, 1015}
I/Choreographer(  352): Skipped 47 frames!  The application may be doing too much work on its main thread.
W/InputMethodManagerService(  352): Focus gain on non-focused client android.view.inputmethod.InputMethodManager$1@b2f8f4d0 (uid=1000 pid=352)
V/BackupManagerService(  352): Connected to transport ComponentInfo{android/com.android.internal.backup.LocalTransportService}
V/BackupManagerService(  352): Registering transport android/com.android.internal.backup.LocalTransportService::android/com.android.internal.backup.LocalTransport = com.android.internal.backup.LocalTransport@b356dd20
I/ActivityManager(  352): Launching preboot mode app: ProcessRecord{b32835e8 455:com.android.providers.calendar/u0a1}
E/SoundPool(  444): error loading /system/media/audio/ui/Lock.ogg
W/KeyguardViewMediator(  444): failed to load lock sound from /system/media/audio/ui/Lock.ogg
E/SoundPool(  444): error loading /system/media/audio/ui/Unlock.ogg
W/KeyguardViewMediator(  444): failed to load unlock sound from /system/media/audio/ui/Unlock.ogg
V/KeyguardService(  444): onCreate()
V/KeyguardServiceDelegate(  352): *** Keyguard connected (yay!)
V/KeyguardServiceDelegate(  352): **** SHOWN CALLED ****
I/ActivityManager(  352): Start proc android.process.acore for broadcast com.android.providers.contacts/.ContactsUpgradeReceiver: pid=476 uid=10002 gids={50002, 3003, 1028, 1015}
D/dalvikvm(  352): GC_CONCURRENT freed 338K, 62% free 5114K/13144K, paused 34ms+4ms, total 111ms
I/ActivityManager(  352): Launching preboot mode app: ProcessRecord{b3294ca8 476:android.process.acore/u0a2}
I/ContactsUpgradeReceiver(  476): Creating or opening contacts database
I/ContactsDatabaseHelper(  476): Bootstrapping database version: 803
D/dalvikvm(  476): GC_CONCURRENT freed 409K, 15% free 2794K/3272K, paused 5ms+1ms, total 53ms
D/dalvikvm(  476): GC_CONCURRENT freed 311K, 13% free 2874K/3272K, paused 4ms+1ms, total 28ms
I/ContactsProviderV1(  476): Bootstrapping database legacy support
I/ContactsDatabaseHelper(  476): Bootstrapping database version: 803
D/dalvikvm(  476): GC_CONCURRENT freed 331K, 12% free 2932K/3332K, paused 12ms+8ms, total 52ms
I/ContactsProviderV1(  476): Bootstrapping database legacy support
I/ContactsProvider(  476): Locale has changed from null to en_US
I/ContactsDatabaseHelper(  476): Switching to locale en_US (ICU v51.1.0.1)
D/dalvikvm(  476): GC_CONCURRENT freed 353K, 13% free 3015K/3436K, paused 4ms+3ms, total 42ms
I/ContactsDatabaseHelper(  476): Locale change completed in 449ms
I/ContactsDatabaseHelper(  476): Switching to locale en_US (ICU v51.1.0.1)
D/dalvikvm(  476): GC_CONCURRENT freed 356K, 13% free 3052K/3480K, paused 4ms+3ms, total 34ms
I/ContactsDatabaseHelper(  476): Locale change completed in 450ms
I/ActivityManager(  352): Start proc android.process.media for broadcast com.android.providers.media/.MediaUpgradeReceiver: pid=493 uid=10005 gids={50005, 1028, 1015, 1023, 1024, 2001, 3003, 3007}
I/ActivityManager(  352): Launching preboot mode app: ProcessRecord{b30f46d8 493:android.process.media/u0a5}
I/ActivityManager(  352): Writing new set of last done pre-boot receivers...
I/ActivityManager(  352): Removing system update proc: ProcessRecord{b32835e8 455:com.android.providers.calendar/u0a1}
I/ActivityManager(  352): Killing 455:com.android.providers.calendar/u0a1 (adj 13): system update done
I/ActivityManager(  352): Removing system update proc: ProcessRecord{b3294ca8 476:android.process.acore/u0a2}
I/ActivityManager(  352): Killing 476:android.process.acore/u0a2 (adj 11): system update done
I/ActivityManager(  352): Removing system update proc: ProcessRecord{b30f46d8 493:android.process.media/u0a5}
I/ActivityManager(  352): Killing 493:android.process.media/u0a5 (adj 9): system update done
I/ActivityManager(  352): System now ready
I/SystemServer(  352): Making services ready
D/NetworkManagementService(  352): enabling bandwidth control
I/Vold    (   52): /dev/block/vold/179:0 being considered for volume sdcard
D/Vold    (   52): Volume sdcard state changing 1 (Idle-Unmounted) -> 3 (Checking)
D/MountService(  352): volume state changed for /storage/sdcard (unmounted -> checking)
D/SystemUIService(  444): loading: class com.android.systemui.recent.Recents
D/SystemUIService(  444): running: com.android.systemui.recent.Recents@b2dd0010
D/SystemUIService(  444): loading: class com.android.systemui.statusbar.SystemBars
D/SystemUIService(  444): running: com.android.systemui.statusbar.SystemBars@b2dd05f8
D/MountService(  352): sendStorageIntent Intent { act=android.intent.action.MEDIA_CHECKING dat=file:///storage/sdcard (has extras) } to UserHandle{-1}
D/SystemUIService(  444): loading: class com.android.systemui.usb.StorageNotification
D/SystemUIService(  444): running: com.android.systemui.usb.StorageNotification@b2dd2348
D/SystemUIService(  444): loading: class com.android.systemui.power.PowerUI
D/SystemUIService(  444): running: com.android.systemui.power.PowerUI@b2dd3c00
I/fsck_msdos(   52): ** /dev/block/vold/179:0
D/SystemUIService(  444): loading: class com.android.systemui.media.RingtonePlayer
D/SystemUIService(  444): running: com.android.systemui.media.RingtonePlayer@b2dd49e0
D/SystemUIService(  444): loading: class com.android.systemui.settings.SettingsUI
D/SystemUIService(  444): running: com.android.systemui.settings.SettingsUI@b2dd5cc8
I/fsck_msdos(   52): Invalid signature in fsinfo block
I/fsck_msdos(   52): FIXED
I/fsck_msdos(   52): ** Phase 1 - Read and Compare FATs
I/fsck_msdos(   52): Attempting to allocate 794 KB for FAT
I/StatusBarManagerService(  352): registerStatusBar bar=com.android.internal.statusbar.IStatusBar$Stub$Proxy@b3031f58
D/PhoneStatusBar(  444): mSettingsPanelGravity = 55
I/fsck_msdos(   52): Attempting to allocate 794 KB for FAT
I/fsck_msdos(   52): ** Phase 2 - Check Cluster Chains
D/dalvikvm(  444): GC_CONCURRENT freed 284K, 12% free 2832K/3184K, paused 4ms+65ms, total 193ms
I/fsck_msdos(   52): ** Phase 3 - Checking Directories
I/fsck_msdos(   52): ** Phase 4 - Checking for Lost Files
I/fsck_msdos(   52): Free space in FSInfo block (201592) not correct (201591)
I/fsck_msdos(   52): FIXED
I/fsck_msdos(   52): 1 files, 100795 free (201591 clusters)
I/Vold    (   52): Filesystem check completed OK
W/Vold    (   52): blkid failed to identify /dev/block/vold/179:0
I/PackageManager(  352): Updating external media status from unmounted to mounted
D/Vold    (   52): Volume sdcard state changing 3 (Checking) -> 4 (Mounted)
D/MountService(  352): volume state changed for /storage/sdcard (checking -> mounted)
D/MountService(  352): sendStorageIntent Intent { act=android.intent.action.MEDIA_MOUNTED dat=file:///storage/sdcard (has extras) } to UserHandle{-1}
E/VoldConnector(  352): NDC Command {3 volume mount /storage/sdcard} took too long (1006ms)
I/PackageManager(  352): No secure containers on sdcard
D/dalvikvm(  444): GC_FOR_ALLOC freed 35K, 8% free 2947K/3184K, paused 45ms, total 47ms
D/dalvikvm(  352): GC_CONCURRENT freed 416K, 61% free 5230K/13144K, paused 5ms+302ms, total 658ms
W/PackageManager(  352): Not granting permission android.permission.GLOBAL_SEARCH to package com.android.quicksearchbox (protectionLevel=18 flags=0x88be45)
W/PackageManager(  352): Unknown permission com.android.smspush.WAPPUSH_MANAGER_BIND in package com.android.phone
W/PackageManager(  352): Unknown permission com.google.android.googleapps.permission.GOOGLE_AUTH in package com.android.providers.calendar
W/PackageManager(  352): Unknown permission com.google.android.googleapps.permission.GOOGLE_AUTH.cl in package com.android.providers.calendar
W/PackageManager(  352): Unknown permission com.google.android.googleapps.permission.GOOGLE_AUTH.mail in package com.android.calendar
W/PackageManager(  352): Not granting permission android.permission.ACCESS_DOWNLOAD_MANAGER to package com.android.browser (protectionLevel=18 flags=0x89be45)
W/PackageManager(  352): Not granting permission android.permission.SEND_DOWNLOAD_COMPLETED_INTENTS to package com.android.browser (protectionLevel=2 flags=0x89be45)
W/PackageManager(  352): Not granting permission android.permission.BIND_APPWIDGET to package com.android.widgetpreview (protectionLevel=18 flags=0x8be44)
W/PackageManager(  352): Unknown permission android.permission.INSTALL_DRM in package com.android.mms
W/PackageManager(  352): Unknown permission com.google.android.googleapps.permission.GOOGLE_AUTH in package com.android.settings
W/PackageManager(  352): Unknown permission com.google.android.googleapps.permission.ACCESS_GOOGLE_PASSWORD in package com.android.development
W/PackageManager(  352): Unknown permission com.google.android.googleapps.permission.GOOGLE_AUTH in package com.android.development
W/PackageManager(  352): Unknown permission com.google.android.googleapps.permission.GOOGLE_AUTH.ALL_SERVICES in package com.android.development
W/PackageManager(  352): Unknown permission com.google.android.googleapps.permission.GOOGLE_AUTH.YouTubeUser in package com.android.development
W/PackageManager(  352): Not granting permission android.permission.DELETE_PACKAGES to package com.svox.pico (protectionLevel=18 flags=0x88be45)
W/PackageManager(  352): Not granting permission android.permission.DEVICE_POWER to package com.android.deskclock (protectionLevel=2 flags=0xc8be45)
E/BluetoothAdapter(  444): Bluetooth binder is null
E/BluetoothAdapter(  444): Bluetooth binder is null
E/BluetoothAdapter(  444): Bluetooth binder is null
D/dalvikvm(  444): GC_CONCURRENT freed 59K, 5% free 3303K/3460K, paused 3ms+3ms, total 130ms
E/BluetoothAdapter(  444): Bluetooth binder is null
E/NetdConnector(  352): NDC Command {1 bandwidth enable} took too long (3055ms)
D/PhoneStatusBar(  444): disable: < expand icons alerts ticker system_info back home recent clock search >
I/ActivityManager(  352): Start proc android.process.acore for content provider com.android.providers.contacts/.ContactsProvider2: pid=548 uid=10002 gids={50002, 3003, 1028, 1015}
E/BluetoothAdapter(  444): Bluetooth binder is null
D/PhoneStatusBar(  444): heads up is disabled
I/Choreographer(  444): Skipped 427 frames!  The application may be doing too much work on its main thread.
E/NetdConnector(  352): NDC Command {2 firewall disable} took too long (647ms)
D/dalvikvm(  444): GC_CONCURRENT freed 148K, 6% free 3560K/3776K, paused 5ms+21ms, total 326ms
I/Choreographer(  444): Skipped 258 frames!  The application may be doing too much work on its main thread.
D/gralloc_goldfish(  444): Emulator without GPU emulation detected.
I/Choreographer(  444): Skipped 71 frames!  The application may be doing too much work on its main thread.
D/dalvikvm(  548): GC_CONCURRENT freed 228K, 9% free 2981K/3276K, paused 42ms+218ms, total 406ms
D/dalvikvm(  548): WAIT_FOR_CONCURRENT_GC blocked 296ms
D/dalvikvm(  548): WAIT_FOR_CONCURRENT_GC blocked 300ms
E/NetdConnector(  352): NDC Command {5 firewall disable} took too long (604ms)
I/ActivityManager(  352): Config changes=200 {1.0 ?mcc?mnc en_US ldltr sw480dp w480dp h839dp 160dpi lrg long port finger -keyb/h/h tball/v s.4}
W/RecognitionManagerService(  352): no available voice recognition services found for user 0
D/PhoneStatusBar(  444): mSettingsPanelGravity = 55
W/AppWidgetServiceImpl(  352): Failed to read state: java.io.FileNotFoundException: /data/system/users/0/appwidgets.xml: open failed: ENOENT (No such file or directory)
W/InputMethodManagerService(  352): Ignoring setImeWindowStatus of uid 1000 token: null
D/dalvikvm(  352): GC_CONCURRENT freed 628K, 61% free 5238K/13144K, paused 15ms+5ms, total 102ms
D/dalvikvm(  352): WAIT_FOR_CONCURRENT_GC blocked 37ms
D/dalvikvm(  352): WAIT_FOR_CONCURRENT_GC blocked 29ms
W/InputMethodUtils(  352): Found no subtypes in a system IME: com.android.inputmethod.pinyin
W/InputMethodManagerService(  352): Reset the default IME as "Resource" is ready here.
W/InputMethodUtils(  352): Found no subtypes in a system IME: com.android.inputmethod.pinyin
I/InputMethodManagerService(  352): Selected default: com.android.inputmethod.latin/.LatinIME
I/ActivityManager(  352): Config changes=20 {1.0 ?mcc?mnc en_US ldltr sw480dp w480dp h839dp 160dpi lrg long port finger -keyb/v/h tball/v s.5}
D/dalvikvm(  444): GC_FOR_ALLOC freed 82K, 6% free 3561K/3776K, paused 59ms, total 59ms
I/dalvikvm-heap(  444): Grow heap (frag case) to 6.470MB for 3072016-byte allocation
I/ActivityManager(  352): Start proc com.android.inputmethod.latin for service com.android.inputmethod.latin/.LatinIME: pid=586 uid=10029 gids={50029, 1028, 1015}
V/InputMethodManagerService(  352): Adding window token: android.os.Binder@b2eee760
W/GpsLocationProvider(  352): Could not open GPS configuration file /etc/gps.conf
W/ServiceWatcher(  352): com.google.android.location not found
W/ServiceWatcher(  352): com.google.android.location not found
W/ServiceWatcher(  352): com.google.android.location not found
W/InputMethodManagerService(  352): Illegal subtype state: old subtype = null, new subtype = android.view.inputmethod.InputMethodSubtype@c9194f98
W/LocationManagerService(  352): no network location provider found
W/ServiceWatcher(  352): com.google.android.location not found
E/FlpHardwareProvider(  352): Error hw_get_module 'flp': -2
W/ServiceWatcher(  352): com.google.android.location not found
E/FlpHardwareProvider(  352): Error hw_get_module 'flp': -2
W/ServiceWatcher(  352): com.google.android.location not found
E/LocationManagerService(  352): no geocoder provider found
E/LocationManagerService(  352): No FusedProvider found.
D/dalvikvm(  444): GC_FOR_ALLOC freed 3K, 4% free 6557K/6780K, paused 104ms, total 104ms
E/LocationManagerService(  352): no geofence provider found
I/CommonTimeManagementService(  352): No common time service detected on this platform.  Common time services will be unavailable.
I/InputReader(  352): Reconfiguring input devices.  changes=0x00000020
I/InputReader(  352): Reconfiguring input devices.  changes=0x00000010
I/ActivityManager(  352): Start proc com.android.phone for added application com.android.phone: pid=597 uid=1001 gids={41001, 3002, 3001, 3003, 1028, 1015}
D/dalvikvm(  444): GC_CONCURRENT freed 0K, 4% free 6558K/6780K, paused 6ms+2ms, total 133ms
I/ActivityManager(  352): START u0 {act=android.intent.action.MAIN cat=[android.intent.category.HOME] flg=0x10000000 cmp=com.android.settings/.CryptKeeper} from pid 0
I/ActivityManager(  352): Start proc com.android.settings for activity com.android.settings/.CryptKeeper: pid=607 uid=1000 gids={41000, 1028, 1015, 3002, 3001, 3003}
I/ActivityManager(  352): Start proc android.process.media for broadcast com.android.providers.downloads/.DownloadReceiver: pid=618 uid=10005 gids={50005, 1028, 1015, 1023, 1024, 2001, 3003, 3007}
D/dalvikvm(   58): GC_EXPLICIT freed 38K, 4% free 2705K/2812K, paused 3ms+2ms, total 49ms
I/FusedLocation(  352): engine started (com.android.location.fused)
D/dalvikvm(   58): GC_EXPLICIT freed <1K, 4% free 2705K/2812K, paused 2ms+2ms, total 43ms
D/dalvikvm(   58): GC_EXPLICIT freed <1K, 4% free 2705K/2812K, paused 2ms+2ms, total 53ms
D/dalvikvm(  352): GC_CONCURRENT freed 443K, 60% free 5333K/13144K, paused 91ms+5ms, total 139ms
D/dalvikvm(  444): GC_FOR_ALLOC freed 3003K, 6% free 3563K/3772K, paused 213ms, total 217ms
I/dalvikvm-heap(  444): Grow heap (frag case) to 6.472MB for 3072016-byte allocation
I/LatinIME(  586): Hardware accelerated drawing: true
D/dalvikvm(  444): GC_CONCURRENT freed <1K, 4% free 6563K/6776K, paused 4ms+43ms, total 103ms
D/dalvikvm(  444): WAIT_FOR_CONCURRENT_GC blocked 83ms
W/WindowManager(  352): Window freeze timeout expired.
W/WindowManager(  352): Force clearing orientation change: Window{b3273a68 u0 StatusBar}
W/WindowManager(  352): Force clearing orientation change: Window{b3724fb0 u0 com.android.systemui.ImageWallpaper}
I/ActivityManager(  352): START u0 {act=android.intent.action.MAIN cat=[android.intent.category.HOME] flg=0x10000000 cmp=com.android.sdksetup/.DefaultActivity} from pid 0
I/ActivityManager(  352): Start proc com.android.sdksetup for activity com.android.sdksetup/.DefaultActivity: pid=643 uid=10042 gids={50042}
D/PhoneStatusBar(  444): mSettingsPanelGravity = 55
W/InputAttributes(  586): No editor info for this field. Bug?
I/ResourceUtils(  586): Found default value: resource=keypress_vibration_durations build=[HARDWARE=goldfish MODEL=sdk BRAND=generic MANUFACTURER=unknown] default=-1
I/ResourceUtils(  586): Found default value: resource=keypress_volumes build=[HARDWARE=goldfish MODEL=sdk BRAND=generic MANUFACTURER=unknown] default=-1.0f
D/dalvikvm(  586): GC_CONCURRENT freed 232K, 10% free 2895K/3196K, paused 5ms+3ms, total 142ms
I/ActivityManager(  352): Start proc com.android.printspooler for service com.android.printspooler/.PrintSpoolerService: pid=658 uid=10039 gids={50039}
V/StatusBar(  444): userId 0 is in the house
I/LatinIME:LogUtils(  586): Dictionary info: dictionary = UserHistoryDictionary.en_US.dic ; version = ? ; date = 1545904514
I/LatinIME:LogUtils(  586): Dictionary info: dictionary = personalization.en_US.dict ; version = ? ; date = 1545904514
I/LatinIME:LogUtils(  586): Dictionary info: dictionary = PersonalizationPredictionDictio ; version = ? ; date = 1545904514
I/Choreographer(  444): Skipped 157 frames!  The application may be doing too much work on its main thread.
D/dalvikvm(  352): GC_CONCURRENT freed 586K, 59% free 5408K/13144K, paused 10ms+5ms, total 515ms
D/dalvikvm(  352): WAIT_FOR_CONCURRENT_GC blocked 134ms
D/dalvikvm(  352): WAIT_FOR_CONCURRENT_GC blocked 121ms
D/dalvikvm(  352): WAIT_FOR_CONCURRENT_GC blocked 104ms
D/dalvikvm(  352): WAIT_FOR_CONCURRENT_GC blocked 83ms
I/PrintSpoolerService(  658): No existing print spooler state.
I/Choreographer(  444): Skipped 67 frames!  The application may be doing too much work on its main thread.
I/LatinIME:LogUtils(  586): Dictionary info: dictionary = userunigram.en_US.dict ; version = ? ; date = ?
I/ActivityManager(  352): Force stopping com.android.sdksetup appid=10042 user=0: pkg changed
I/ActivityManager(  352): Killing 643:com.android.sdksetup/u0a42 (adj 0): stop com.android.sdksetup
I/ActivityManager(  352):   Force finishing activity ActivityRecord{b34570f0 u0 com.android.sdksetup/.DefaultActivity t2}
I/ActivityManager(  352): START u0 {act=android.intent.action.MAIN cat=[android.intent.category.HOME] flg=0x10000000 cmp=com.android.launcher/com.android.launcher2.Launcher} from pid 0
I/ActivityManager(  352): Start proc com.android.launcher for activity com.android.launcher/com.android.launcher2.Launcher: pid=685 uid=10008 gids={50008}
I/Choreographer(  444): Skipped 54 frames!  The application may be doing too much work on its main thread.
I/InputReader(  352): Reconfiguring input devices.  changes=0x00000010
I/PackageManager(  352):   Action: "android.intent.action.SENDTO"
I/PackageManager(  352):   Category: "android.intent.category.DEFAULT"
I/PackageManager(  352):   Scheme: "sms"
W/BackupManagerService(  352): dataChanged but no participant pkg='com.android.providers.settings' uid=1001
I/PackageManager(  352): Adding preferred activity ComponentInfo{com.android.mms/com.android.mms.ui.ComposeMessageActivity} for user 0 :
D/dalvikvm(  597): GC_CONCURRENT freed 181K, 8% free 2929K/3172K, paused 3ms+2ms, total 311ms
I/PackageManager(  352):   Action: "android.intent.action.SENDTO"
I/PackageManager(  352):   Category: "android.intent.category.DEFAULT"
I/PackageManager(  352):   Scheme: "smsto"
I/PackageManager(  352): Adding preferred activity ComponentInfo{com.android.mms/com.android.mms.ui.ComposeMessageActivity} for user 0 :
I/PackageManager(  352):   Action: "android.intent.action.SENDTO"
I/PackageManager(  352):   Category: "android.intent.category.DEFAULT"
I/PackageManager(  352):   Scheme: "mms"
I/PackageManager(  352): Adding preferred activity ComponentInfo{com.android.mms/com.android.mms.ui.ComposeMessageActivity} for user 0 :
D/dalvikvm(  586): GC_CONCURRENT freed 403K, 14% free 2966K/3440K, paused 33ms+11ms, total 89ms
D/dalvikvm(  352): GC_CONCURRENT freed 633K, 59% free 5455K/13144K, paused 50ms+5ms, total 236ms
D/dalvikvm(  352): WAIT_FOR_CONCURRENT_GC blocked 172ms
D/dalvikvm(  352): WAIT_FOR_CONCURRENT_GC blocked 175ms
D/dalvikvm(  352): WAIT_FOR_CONCURRENT_GC blocked 100ms
I/PackageManager(  352):   Action: "android.intent.action.SENDTO"
I/PackageManager(  352):   Category: "android.intent.category.DEFAULT"
I/PackageManager(  352):   Scheme: "mmsto"
I/PackageManager(  352): Adding preferred activity ComponentInfo{com.android.mms/com.android.mms.ui.ComposeMessageActivity} for user 0 :
I/PackageManager(  352):   Action: "android.intent.action.SENDTO"
I/PackageManager(  352):   Category: "android.intent.category.DEFAULT"
I/PackageManager(  352):   Scheme: "sms"
I/PackageManager(  352): Adding preferred activity ComponentInfo{com.android.mms/com.android.mms.ui.ComposeMessageActivity} for user 0 :
I/PackageManager(  352):   Action: "android.intent.action.SENDTO"
I/PackageManager(  352):   Category: "android.intent.category.DEFAULT"
I/PackageManager(  352):   Scheme: "smsto"
I/PackageManager(  352): Adding preferred activity ComponentInfo{com.android.mms/com.android.mms.ui.ComposeMessageActivity} for user 0 :
I/PackageManager(  352):   Action: "android.intent.action.SENDTO"
I/PackageManager(  352):   Category: "android.intent.category.DEFAULT"
I/PackageManager(  352):   Scheme: "mms"
I/PackageManager(  352): Adding preferred activity ComponentInfo{com.android.mms/com.android.mms.ui.ComposeMessageActivity} for user 0 :
I/PackageManager(  352):   Action: "android.intent.action.SENDTO"
I/PackageManager(  352):   Category: "android.intent.category.DEFAULT"
I/PackageManager(  352): Adding preferred activity ComponentInfo{com.android.mms/com.android.mms.ui.ComposeMessageActivity} for user 0 :
I/PackageManager(  352):   Scheme: "mmsto"
E/BluetoothAdapter(  597): Bluetooth binder is null
D/dalvikvm(  586): GC_CONCURRENT freed 432K, 16% free 2976K/3540K, paused 44ms+8ms, total 103ms
E/BluetoothAdapter(  597): Bluetooth binder is null
I/LatinIME:LogUtils(  586): Dictionary info: dictionary = main:en ; version = 42 ; date = 1381226429
