I/PackageManager(  336):   Scheme: "smsto"
I/PackageManager(  336): Adding preferred activity ComponentInfo{com.android.mms/com.android.mms.ui.ComposeMessageActivity} for user 0 :
I/PackageManager(  336):   Action: "android.intent.action.SENDTO"
I/PackageManager(  336):   Category: "android.intent.category.DEFAULT"
I/PackageManager(  336):   Scheme: "mms"
I/PackageManager(  336): Adding preferred activity ComponentInfo{com.android.mms/com.android.mms.ui.ComposeMessageActivity} for user 0 :
I/PackageManager(  336):   Action: "android.intent.action.SENDTO"
I/PackageManager(  336):   Category: "android.intent.category.DEFAULT"
I/PackageManager(  336):   Scheme: "mmsto"
I/PackageManager(  336): Adding preferred activity ComponentInfo{com.android.mms/com.android.mms.ui.ComposeMessageActivity} for user 0 :
I/PackageManager(  336):   Action: "android.intent.action.SENDTO"
I/PackageManager(  336):   Category: "android.intent.category.DEFAULT"
I/PackageManager(  336):   Scheme: "sms"
I/PackageManager(  336): Adding preferred activity ComponentInfo{com.android.mms/com.android.mms.ui.ComposeMessageActivity} for user 0 :
D/dalvikvm(  336): GC_CONCURRENT freed 727K, 51% free 5842K/11876K, paused 13ms+5ms, total 147ms
D/dalvikvm(  336): WAIT_FOR_CONCURRENT_GC blocked 30ms
I/PackageManager(  336):   Action: "android.intent.action.SENDTO"
I/PackageManager(  336):   Category: "android.intent.category.DEFAULT"
I/PackageManager(  336):   Scheme: "smsto"
I/PackageManager(  336): Adding preferred activity ComponentInfo{com.android.mms/com.android.mms.ui.ComposeMessageActivity} for user 0 :
I/PackageManager(  336):   Action: "android.intent.action.SENDTO"
I/PackageManager(  336):   Category: "android.intent.category.DEFAULT"
I/PackageManager(  336):   Scheme: "mms"
I/PackageManager(  336): Adding preferred activity ComponentInfo{com.android.mms/com.android.mms.ui.ComposeMessageActivity} for user 0 :
D/dalvikvm(  594): GC_CONCURRENT freed 507K, 16% free 3360K/3960K, paused 7ms+2ms, total 47ms
D/dalvikvm(  336): WAIT_FOR_CONCURRENT_GC blocked 709ms
I/PackageManager(  336):   Action: "android.intent.action.SENDTO"
I/PackageManager(  336):   Category: "android.intent.category.DEFAULT"
I/PackageManager(  336):   Scheme: "mmsto"
I/PackageManager(  336): Adding preferred activity ComponentInfo{com.android.mms/com.android.mms.ui.ComposeMessageActivity} for user 0 :
I/PackageManager(  336):   Action: "android.intent.action.SENDTO"
I/PackageManager(  336):   Category: "android.intent.category.DEFAULT"
I/PackageManager(  336):   Scheme: "sms"
I/PackageManager(  336): Adding preferred activity ComponentInfo{com.android.mms/com.android.mms.ui.ComposeMessageActivity} for user 0 :
I/PackageManager(  336):   Action: "android.intent.action.SENDTO"
I/PackageManager(  336):   Category: "android.intent.category.DEFAULT"
I/PackageManager(  336):   Scheme: "smsto"
I/PackageManager(  336): Adding preferred activity ComponentInfo{com.android.mms/com.android.mms.ui.ComposeMessageActivity} for user 0 :
I/PackageManager(  336):   Action: "android.intent.action.SENDTO"
I/PackageManager(  336):   Category: "android.intent.category.DEFAULT"
I/PackageManager(  336):   Scheme: "mms"
I/PackageManager(  336): Adding preferred activity ComponentInfo{com.android.mms/com.android.mms.ui.ComposeMessageActivity} for user 0 :
I/PackageManager(  336):   Action: "android.intent.action.SENDTO"
I/PackageManager(  336):   Category: "android.intent.category.DEFAULT"
I/PackageManager(  336):   Scheme: "mmsto"
I/PackageManager(  336): Adding preferred activity ComponentInfo{com.android.mms/com.android.mms.ui.ComposeMessageActivity} for user 0 :
D/dalvikvm(  336): GC_CONCURRENT freed 801K, 52% free 5783K/11876K, paused 7ms+7ms, total 142ms
I/PackageManager(  336):   Action: "android.intent.action.SENDTO"
I/PackageManager(  336):   Category: "android.intent.category.DEFAULT"
I/PackageManager(  336):   Scheme: "sms"
I/PackageManager(  336): Adding preferred activity ComponentInfo{com.android.mms/com.android.mms.ui.ComposeMessageActivity} for user 0 :
D/dalvikvm(  594): GC_CONCURRENT freed 490K, 16% free 3328K/3960K, paused 41ms+3ms, total 134ms
I/PackageManager(  336): Adding preferred activity ComponentInfo{com.android.mms/com.android.mms.ui.ComposeMessageActivity} for user 0 :
I/PackageManager(  336):   Action: "android.intent.action.SENDTO"
I/PackageManager(  336):   Category: "android.intent.category.DEFAULT"
I/PackageManager(  336):   Scheme: "smsto"
I/PackageManager(  336):   Action: "android.intent.action.SENDTO"
I/PackageManager(  336):   Category: "android.intent.category.DEFAULT"
I/PackageManager(  336):   Scheme: "mms"
I/PackageManager(  336): Adding preferred activity ComponentInfo{com.android.mms/com.android.mms.ui.ComposeMessageActivity} for user 0 :
I/PackageManager(  336):   Action: "android.intent.action.SENDTO"
I/PackageManager(  336):   Category: "android.intent.category.DEFAULT"
I/PackageManager(  336):   Scheme: "mmsto"
I/PackageManager(  336): Adding preferred activity ComponentInfo{com.android.mms/com.android.mms.ui.ComposeMessageActivity} for user 0 :
I/PackageManager(  336):   Action: "android.intent.action.SENDTO"
I/PackageManager(  336):   Category: "android.intent.category.DEFAULT"
I/PackageManager(  336):   Scheme: "sms"
I/PackageManager(  336): Adding preferred activity ComponentInfo{com.android.mms/com.android.mms.ui.ComposeMessageActivity} for user 0 :
I/PackageManager(  336):   Action: "android.intent.action.SENDTO"
I/PackageManager(  336):   Category: "android.intent.category.DEFAULT"
I/PackageManager(  336):   Scheme: "smsto"
I/PackageManager(  336): Adding preferred activity ComponentInfo{com.android.mms/com.android.mms.ui.ComposeMessageActivity} for user 0 :
I/PackageManager(  336):   Action: "android.intent.action.SENDTO"
I/PackageManager(  336):   Category: "android.intent.category.DEFAULT"
I/PackageManager(  336):   Scheme: "mms"
I/PackageManager(  336): Adding preferred activity ComponentInfo{com.android.mms/com.android.mms.ui.ComposeMessageActivity} for user 0 :
I/ActivityManager(  336): Waited long enough for: ServiceRecord{b32554d0 u0 com.android.music/.MediaPlaybackService}
I/ActivityManager(  336): Resuming delayed broadcast
I/PackageManager(  336):   Action: "android.intent.action.SENDTO"
I/PackageManager(  336):   Category: "android.intent.category.DEFAULT"
I/PackageManager(  336):   Scheme: "mmsto"
I/PackageManager(  336): Adding preferred activity ComponentInfo{com.android.mms/com.android.mms.ui.ComposeMessageActivity} for user 0 :
D/dalvikvm(  594): GC_CONCURRENT freed 396K, 13% free 3456K/3960K, paused 5ms+3ms, total 82ms
D/dalvikvm(  336): GC_CONCURRENT freed 718K, 51% free 5836K/11876K, paused 7ms+4ms, total 95ms
D/dalvikvm(  336): WAIT_FOR_CONCURRENT_GC blocked 29ms
I/ActivityManager(  336): Delay finish: com.android.mms/.transaction.SmsReceiver
V/SmsReceiverService( 1021): onStart: #1 mResultCode: -1 = Activity.RESULT_OK
I/ActivityManager(  336): Resuming delayed broadcast
I/ActivityManager(  336): Delay finish: com.android.settings/.widget.SettingsAppWidgetProvider
I/ActivityManager(  336): Resuming delayed broadcast
E/BluetoothAdapter(  605): Bluetooth binder is null
I/ActivityManager(  336): Delay finish: com.android.providers.calendar/.CalendarProviderBroadcastReceiver
I/ActivityManager(  336): Resuming delayed broadcast
D/dalvikvm(  972): GC_CONCURRENT freed 222K, 10% free 2893K/3188K, paused 5ms+72ms, total 161ms
I/GlobalDismissManager(  948): no sender configured
D/AlertService(  948): Beginning updateAlertNotification
D/ConnectivityService(  336): Sampling interval elapsed, updating statistics ..
D/ConnectivityService(  336): Done.
D/ConnectivityService(  336): Setting timer for 720seconds
D/MobileDataStateTracker(  336): default: setPolicyDataEnable(enabled=true)
D/AlertService(  948): No fired or scheduled alerts
D/AlertService(  948): Scheduling next alarm with AlarmScheduler. sEventReminderReceived: null
D/AlarmScheduler(  948): No events found starting within 1 week.
D/AndroidRuntime( 1146): 
D/AndroidRuntime( 1146): >>>>>> AndroidRuntime START com.android.internal.os.RuntimeInit <<<<<<
D/AndroidRuntime( 1146): CheckJNI is ON
D/dalvikvm( 1146): Trying to load lib libjavacore.so 0x0
D/dalvikvm( 1146): Added shared lib libjavacore.so 0x0
D/dalvikvm( 1146): Trying to load lib libnativehelper.so 0x0
D/dalvikvm( 1146): Added shared lib libnativehelper.so 0x0
D/dalvikvm( 1146): No JNI_OnLoad found in libnativehelper.so 0x0, skipping init
D/dalvikvm( 1146): Note: class Landroid/app/ActivityManagerNative; has 179 unimplemented (abstract) methods
E/memtrack( 1146): Couldn't load memtrack module (No such file or directory)
E/android.os.Debug( 1146): failed to load memtrack module: -2
D/AndroidRuntime( 1146): Calling main entry com.android.commands.am.Am
I/ActivityManager(  336): START u0 {act=android.intent.action.MAIN cat=[android.intent.category.LAUNCHER] flg=0x10000000 cmp=com.yundong.plugin/.MainActivity} from pid 1146
D/gralloc (   57): Registering a buffer in the process that created it. This may cause memory ordering problems.
E/libEGL  (   57): called unimplemented OpenGL ES API
E/libEGL  (   57): called unimplemented OpenGL ES API
E/libEGL  (   57): called unimplemented OpenGL ES API
E/libEGL  (   57): called unimplemented OpenGL ES API
E/SurfaceFlinger(   57): glCheckFramebufferStatusOES error -449925009
E/SurfaceFlinger(   57): got GL_FRAMEBUFFER_COMPLETE_OES error while taking screenshot
E/libEGL  (   57): called unimplemented OpenGL ES API
E/libEGL  (   57): called unimplemented OpenGL ES API
W/WindowManager(  336): Screenshot failure taking screenshot for (164x295) to layer 21005
I/ActivityManager(  336): Start proc com.yundong.plugin for activity com.yundong.plugin/.MainActivity: pid=1156 uid=10052 gids={50052, 3003, 1028, 1015, 3002, 3001}
D/dalvikvm( 1156): GC_CONCURRENT freed 253K, 11% free 2876K/3200K, paused 7ms+5ms, total 60ms
I/ActivityManager(  336): Start proc com.yundong.plugin:pushservice for service com.yundong.plugin/.service.GeTuiService: pid=1176 uid=10052 gids={50052, 3003, 1028, 1015, 3002, 3001}
D/dalvikvm( 1156): GC_CONCURRENT freed 285K, 11% free 3046K/3404K, paused 12ms+9ms, total 57ms
W/dalvikvm( 1156): VFY: unable to find class referenced in signature (Landroid/app/job/JobInfo;)
W/dalvikvm( 1156): Unable to resolve superclass of Lcn/jpush/android/service/PushJobService; (41)
W/dalvikvm( 1156): Link of class 'Lcn/jpush/android/service/PushJobService;' failed
E/dalvikvm( 1156): Could not find class 'cn.jpush.android.service.PushJobService', referenced from method cn.jiguang.f.a.a
W/dalvikvm( 1156): VFY: unable to resolve const-class 493 (Lcn/jpush/android/service/PushJobService;) in Lcn/jiguang/f/a;
D/dalvikvm( 1156): VFY: replacing opcode 0x1c at 0x0014
E/dalvikvm( 1156): Could not find class 'android.app.job.JobInfo$Builder', referenced from method cn.jiguang.f.a.j
W/dalvikvm( 1156): VFY: unable to resolve new-instance 37 (Landroid/app/job/JobInfo$Builder;) in Lcn/jiguang/f/a;
D/dalvikvm( 1156): VFY: replacing opcode 0x22 at 0x0008
E/dalvikvm( 1156): Could not find class 'android.app.job.JobInfo$Builder', referenced from method cn.jiguang.f.a.k
W/dalvikvm( 1156): VFY: unable to resolve new-instance 37 (Landroid/app/job/JobInfo$Builder;) in Lcn/jiguang/f/a;
D/dalvikvm( 1156): VFY: replacing opcode 0x22 at 0x0014
D/dalvikvm( 1156): DexOpt: unable to opt direct call 0x0073 at 0x13 in Lcn/jiguang/f/a;.j
D/dalvikvm( 1156): DexOpt: unable to opt direct call 0x0073 at 0x1f in Lcn/jiguang/f/a;.k
D/dalvikvm( 1156): Trying to load lib /data/app-lib/com.yundong.plugin-1/libjcore111.so 0xb2d1d330
D/dalvikvm( 1156): Added shared lib /data/app-lib/com.yundong.plugin-1/libjcore111.so 0xb2d1d330
D/dalvikvm( 1176): DexOpt: --- BEGIN '302f5ff8_2_183884.dex' (bootstrap=0) ---
I/ActivityManager(  336): Start proc com.yundong.plugin:mult for service com.yundong.plugin/cn.jpush.android.service.PushService: pid=1198 uid=10052 gids={50052, 3003, 1028, 1015, 3002, 3001}
D/dalvikvm( 1156): GC_CONCURRENT freed 285K, 11% free 3193K/3552K, paused 4ms+25ms, total 78ms
I/ActivityManager(  336): Waited long enough for: ServiceRecord{b2ee9420 u0 com.android.calendar/.alerts.InitAlarmsService}
V/xiaomi  ( 1156): [Thread:102] MIIDManager startMIIDUpdateListener failed cause lack of GET_ACCOUNTS permission
D/dalvikvm( 1198): DexOpt: sleeping on flock(/data/data/com.yundong.plugin/app_dex/302f5ff8_2_183884.dex)
D/dalvikvm( 1156): Trying to load lib /data/app-lib/com.yundong.plugin-1/libbdpush_V2_7.so 0xb2d1d330
D/dalvikvm( 1156): Added shared lib /data/app-lib/com.yundong.plugin-1/libbdpush_V2_7.so 0xb2d1d330
D/dalvikvm( 1156): No JNI_OnLoad found in /data/app-lib/com.yundong.plugin-1/libbdpush_V2_7.so 0xb2d1d330, skipping init
D/dalvikvm( 1156): GC_CONCURRENT freed 314K, 11% free 3293K/3684K, paused 4ms+31ms, total 88ms
D/dalvikvm( 1195): DexOpt: load 102ms, verify+opt 354ms, 445852 bytes
D/dalvikvm( 1176): DexOpt: --- END '302f5ff8_2_183884.dex' (success) ---
D/dalvikvm( 1176): DEX prep '/storage/sdcard/system/302f5ff8_2_183884.dex': copy in 18ms, rewrite 1190ms
W/BackupManagerService(  336): dataChanged but no participant pkg='com.android.providers.settings' uid=10052
D/dalvikvm( 1156): GC_CONCURRENT freed 284K, 10% free 3425K/3784K, paused 49ms+42ms, total 147ms
D/dalvikvm( 1156): Trying to load lib /data/app-lib/com.yundong.plugin-1/libbdpush_V2_7.so 0xb2d1d330
D/dalvikvm( 1156): Shared lib '/data/app-lib/com.yundong.plugin-1/libbdpush_V2_7.so' already loaded in same CL 0xb2d1d330
D/dalvikvm( 1176): GC_CONCURRENT freed 255K, 11% free 2877K/3204K, paused 8ms+10ms, total 178ms
D/dalvikvm( 1198): GC_CONCURRENT freed 278K, 11% free 2877K/3228K, paused 38ms+7ms, total 199ms
D/dalvikvm( 1156): GC_CONCURRENT freed 462K, 14% free 3457K/4000K, paused 38ms+13ms, total 98ms
I/ActivityManager(  336): Start proc com.yundong.plugin:bdservice_v1 for broadcast com.yundong.plugin/com.baidu.android.pushservice.RegistrationReceiver: pid=1245 uid=10052 gids={50052, 3003, 1028, 1015, 3002, 3001}
D/dalvikvm( 1176): GC_CONCURRENT freed 288K, 11% free 3019K/3380K, paused 5ms+42ms, total 92ms
I/dalvikvm( 1176): Could not find method android.net.LinkAddress.getPrefixLength, referenced from method com.yundong.dex.executor.DNSExecutor.static_21_
W/dalvikvm( 1176): VFY: unable to resolve virtual method 70: Landroid/net/LinkAddress;.getPrefixLength ()I
D/dalvikvm( 1176): VFY: replacing opcode 0x74 at 0x0103
D/dalvikvm( 1156): GC_CONCURRENT freed 363K, 13% free 3505K/4000K, paused 5ms+2ms, total 137ms
I/dalvikvm( 1198): Could not find method android.net.LinkAddress.getPrefixLength, referenced from method com.yundong.dex.executor.DNSExecutor.static_21_
W/dalvikvm( 1198): VFY: unable to resolve virtual method 70: Landroid/net/LinkAddress;.getPrefixLength ()I
D/dalvikvm( 1198): VFY: replacing opcode 0x74 at 0x0103
D/dalvikvm( 1198): GC_CONCURRENT freed 314K, 12% free 2996K/3384K, paused 3ms+2ms, total 62ms
D/dalvikvm( 1176): Trying to load lib /data/app-lib/com.yundong.plugin-1/libgetuiext2.so 0xb2d1df40
D/dalvikvm( 1176): Added shared lib /data/app-lib/com.yundong.plugin-1/libgetuiext2.so 0xb2d1df40
W/dalvikvm( 1156): Unable to resolve superclass of Lcom/umeng/message/protobuffer/PushResponse; (1579)
W/dalvikvm( 1156): Link of class 'Lcom/umeng/message/protobuffer/PushResponse;' failed
W/dalvikvm( 1156): VFY: unable to find class referenced in signature (Lcom/umeng/message/protobuffer/PushResponse;)
W/dalvikvm( 1156): Unable to resolve superclass of Lcom/umeng/message/protobuffer/PushResponse; (1579)
W/dalvikvm( 1156): Link of class 'Lcom/umeng/message/protobuffer/PushResponse;' failed
W/dalvikvm( 1156): VFY: unable to find class referenced in signature (Lcom/umeng/message/protobuffer/PushResponse;)
W/dalvikvm( 1156): Unable to resolve superclass of Lcom/umeng/message/protobuffer/PushResponse; (1579)
W/dalvikvm( 1156): Link of class 'Lcom/umeng/message/protobuffer/PushResponse;' failed
W/dalvikvm( 1156): VFY: unable to resolve instance field 6675
D/dalvikvm( 1156): VFY: replacing opcode 0x54 at 0x009c
W/DeviceId( 1156): galaxy lib host missing meta-data,make sure you know the right way to integrate galaxy
W/DeviceId( 1156): galaxy lib host missing meta-data,make sure you know the right way to integrate galaxy
W/DeviceId( 1156): galaxy lib host missing meta-data,make sure you know the right way to integrate galaxy
W/dalvikvm( 1156): Unable to resolve superclass of Lcom/umeng/message/protobuffer/PushResponse; (1579)
W/dalvikvm( 1156): Link of class 'Lcom/umeng/message/protobuffer/PushResponse;' failed
W/dalvikvm( 1156): VFY: unable to resolve instance field 6675
D/dalvikvm( 1156): VFY: replacing opcode 0x54 at 0x00b7
W/dalvikvm( 1156): Unable to resolve superclass of Lcom/umeng/message/protobuffer/PushResponse; (1579)
W/dalvikvm( 1156): Link of class 'Lcom/umeng/message/protobuffer/PushResponse;' failed
W/dalvikvm( 1156): VFY: unable to find class referenced in signature (Lcom/umeng/message/protobuffer/PushResponse;)
W/dalvikvm( 1156): Unable to resolve superclass of Lcom/umeng/message/protobuffer/PushResponse; (1579)
W/dalvikvm( 1156): Link of class 'Lcom/umeng/message/protobuffer/PushResponse;' failed
W/dalvikvm( 1156): VFY: unable to find class referenced in signature (Lcom/umeng/message/protobuffer/PushResponse;)
W/dalvikvm( 1156): Unable to resolve superclass of Lcom/umeng/message/protobuffer/PushResponse; (1579)
W/dalvikvm( 1156): Link of class 'Lcom/umeng/message/protobuffer/PushResponse;' failed
W/dalvikvm( 1156): VFY: unable to resolve instance field 6675
D/dalvikvm( 1156): VFY: replacing opcode 0x54 at 0x006c
W/dalvikvm( 1156): Unable to resolve superclass of Lcom/umeng/message/protobuffer/PushResponse; (1579)
W/dalvikvm( 1156): Link of class 'Lcom/umeng/message/protobuffer/PushResponse;' failed
W/dalvikvm( 1156): VFY: unable to find class referenced in signature (Lcom/umeng/message/protobuffer/PushResponse;)
W/dalvikvm( 1156): Unable to resolve superclass of Lcom/umeng/message/protobuffer/PushResponse; (1579)
W/dalvikvm( 1156): Link of class 'Lcom/umeng/message/protobuffer/PushResponse;' failed
W/dalvikvm( 1156): VFY: unable to resolve instance field 6675
D/dalvikvm( 1156): VFY: replacing opcode 0x54 at 0x0053
W/dalvikvm( 1156): Unable to resolve superclass of Lcom/umeng/message/protobuffer/PushResponse; (1579)
W/dalvikvm( 1156): Link of class 'Lcom/umeng/message/protobuffer/PushResponse;' failed
W/dalvikvm( 1156): VFY: unable to resolve instance field 6675
D/dalvikvm( 1156): VFY: replacing opcode 0x54 at 0x006e
W/BackupManagerService(  336): dataChanged but no participant pkg='com.android.providers.settings' uid=10052
W/dalvikvm( 1156): Unable to resolve superclass of Lcom/umeng/message/protobuffer/PushResponse; (1579)
W/dalvikvm( 1156): Link of class 'Lcom/umeng/message/protobuffer/PushResponse;' failed
W/dalvikvm( 1156): VFY: unable to find class referenced in signature (Lcom/umeng/message/protobuffer/PushResponse;)
W/dalvikvm( 1156): Unable to resolve superclass of Lcom/umeng/message/protobuffer/PushResponse; (1579)
W/dalvikvm( 1156): Link of class 'Lcom/umeng/message/protobuffer/PushResponse;' failed
W/dalvikvm( 1156): VFY: unable to find class referenced in signature (Lcom/umeng/message/protobuffer/PushResponse;)
W/dalvikvm( 1156): Unable to resolve superclass of Lcom/umeng/message/protobuffer/PushResponse; (1579)
W/dalvikvm( 1156): Link of class 'Lcom/umeng/message/protobuffer/PushResponse;' failed
W/dalvikvm( 1156): VFY: unable to resolve instance field 6675
D/dalvikvm( 1156): VFY: replacing opcode 0x54 at 0x0058
W/dalvikvm( 1156): Unable to resolve superclass of Lcom/umeng/message/protobuffer/PushResponse; (1579)
W/dalvikvm( 1156): Link of class 'Lcom/umeng/message/protobuffer/PushResponse;' failed
W/dalvikvm( 1156): VFY: unable to resolve instance field 6675
D/dalvikvm( 1156): VFY: replacing opcode 0x54 at 0x0073
W/dalvikvm( 1156): Unable to resolve superclass of Lcom/umeng/message/protobuffer/PushResponse; (1579)
W/dalvikvm( 1156): Link of class 'Lcom/umeng/message/protobuffer/PushResponse;' failed
W/dalvikvm( 1156): VFY: unable to find class referenced in signature (Lcom/umeng/message/protobuffer/PushResponse;)
W/dalvikvm( 1156): Unable to resolve superclass of Lcom/umeng/message/protobuffer/PushResponse; (1579)
W/dalvikvm( 1156): Link of class 'Lcom/umeng/message/protobuffer/PushResponse;' failed
W/dalvikvm( 1156): VFY: unable to find class referenced in signature (Lcom/umeng/message/protobuffer/PushResponse;)
W/dalvikvm( 1156): Unable to resolve superclass of Lcom/umeng/message/protobuffer/PushResponse; (1579)
W/dalvikvm( 1156): Link of class 'Lcom/umeng/message/protobuffer/PushResponse;' failed
W/dalvikvm( 1156): VFY: unable to resolve instance field 6675
D/dalvikvm( 1156): VFY: replacing opcode 0x54 at 0x008a
W/dalvikvm( 1156): Unable to resolve superclass of Lcom/umeng/message/protobuffer/PushResponse; (1579)
W/dalvikvm( 1156): Link of class 'Lcom/umeng/message/protobuffer/PushResponse;' failed
W/dalvikvm( 1156): VFY: unable to resolve instance field 6675
D/dalvikvm( 1156): VFY: replacing opcode 0x54 at 0x00a5
I/dalvikvm( 1156): Could not find method android.support.v4.app.NotificationCompat$Builder.setSmallIcon, referenced from method com.umeng.message.UmengMessageHandler.a
W/dalvikvm( 1156): VFY: unable to resolve virtual method 928: Landroid/support/v4/app/NotificationCompat$Builder;.setSmallIcon (I)Landroid/support/v4/app/NotificationCompat$Builder;
D/dalvikvm( 1156): VFY: replacing opcode 0x6e at 0x000c
E/dalvikvm( 1156): Could not find class 'android.support.v4.app.NotificationCompat$Builder', referenced from method com.umeng.message.UmengMessageHandler.dealWithNotificationMessage
W/dalvikvm( 1156): VFY: unable to resolve new-instance 186 (Landroid/support/v4/app/NotificationCompat$Builder;) in Lcom/umeng/message/UmengMessageHandler;
D/dalvikvm( 1156): VFY: replacing opcode 0x22 at 0x0094
W/BackupManagerService(  336): dataChanged but no participant pkg='com.android.providers.settings' uid=10052
W/dalvikvm( 1198): VFY: unable to find class referenced in signature (Landroid/app/job/JobInfo;)
W/dalvikvm( 1198): Unable to resolve superclass of Lcn/jpush/android/service/PushJobService; (41)
W/dalvikvm( 1198): Link of class 'Lcn/jpush/android/service/PushJobService;' failed
E/dalvikvm( 1198): Could not find class 'cn.jpush.android.service.PushJobService', referenced from method cn.jiguang.f.a.a
W/dalvikvm( 1198): VFY: unable to resolve const-class 493 (Lcn/jpush/android/service/PushJobService;) in Lcn/jiguang/f/a;
D/dalvikvm( 1198): VFY: replacing opcode 0x1c at 0x0014
W/BackupManagerService(  336): dataChanged but no participant pkg='com.android.providers.settings' uid=10052
D/dalvikvm( 1156): DexOpt: unable to opt direct call 0x0399 at 0x96 in Lcom/umeng/message/UmengMessageHandler;.dealWithNotificationMessage
E/dalvikvm( 1198): Could not find class 'android.app.job.JobInfo$Builder', referenced from method cn.jiguang.f.a.j
W/dalvikvm( 1198): VFY: unable to resolve new-instance 37 (Landroid/app/job/JobInfo$Builder;) in Lcn/jiguang/f/a;
D/dalvikvm( 1198): VFY: replacing opcode 0x22 at 0x0008
E/dalvikvm( 1198): Could not find class 'android.app.job.JobInfo$Builder', referenced from method cn.jiguang.f.a.k
W/dalvikvm( 1198): VFY: unable to resolve new-instance 37 (Landroid/app/job/JobInfo$Builder;) in Lcn/jiguang/f/a;
D/dalvikvm( 1198): VFY: replacing opcode 0x22 at 0x0014
D/dalvikvm( 1198): DexOpt: unable to opt direct call 0x0073 at 0x13 in Lcn/jiguang/f/a;.j
D/dalvikvm( 1198): DexOpt: unable to opt direct call 0x0073 at 0x1f in Lcn/jiguang/f/a;.k
D/dalvikvm( 1156): GC_CONCURRENT freed 394K, 12% free 3550K/4020K, paused 69ms+113ms, total 255ms
V/xiaomi  ( 1176): [Thread:100] JOB: prepare the mi push account.
D/dalvikvm( 1176): GC_CONCURRENT freed 322K, 12% free 3135K/3528K, paused 24ms+4ms, total 94ms
V/xiaomi  ( 1176): [Thread:1] XMPushService created pid = 1176
V/xiaomi  ( 1176): [Thread:100] JOB: Handle intent action = com.xiaomi.mipush.REGISTER_APP
W/DeviceId( 1176): galaxy lib host missing meta-data,make sure you know the right way to integrate galaxy
W/DeviceId( 1176): galaxy lib host missing meta-data,make sure you know the right way to integrate galaxy
W/DeviceId( 1176): galaxy lib host missing meta-data,make sure you know the right way to integrate galaxy
D/dalvikvm( 1198): GC_CONCURRENT freed 265K, 10% free 3162K/3500K, paused 5ms+2ms, total 124ms
D/com.umeng.message.MessageSharedPrefs( 1156): Constructor()
D/dalvikvm(  336): GC_CONCURRENT freed 690K, 51% free 5826K/11876K, paused 71ms+55ms, total 558ms
D/dalvikvm( 1198): Trying to load lib /data/app-lib/com.yundong.plugin-1/libjcore111.so 0xb2d1e708
D/dalvikvm( 1198): Added shared lib /data/app-lib/com.yundong.plugin-1/libjcore111.so 0xb2d1e708
I/ActivityManager(  336): Start proc com.yundong.plugin:daemonservice for service com.yundong.plugin/.service.DaemonService: pid=1283 uid=10052 gids={50052, 3003, 1028, 1015, 3002, 3001}
D/dalvikvm( 1156): GC_CONCURRENT freed 430K, 13% free 3629K/4132K, paused 68ms+61ms, total 192ms
I/ActivityManager(  336): Start proc com.yundong.plugin:gray for service com.yundong.plugin/.service.AliveService: pid=1289 uid=10052 gids={50052, 3003, 1028, 1015, 3002, 3001}
W/System.err( 1156): java.lang.ClassNotFoundException: Didn't find class "com.yundong.dex.Application" on path: DexPathList[[],nativeLibraryDirectories=[/system/lib]]
W/System.err( 1156): 	at dalvik.system.BaseDexClassLoader.findClass(BaseDexClassLoader.java:56)
W/System.err( 1156): 	at java.lang.ClassLoader.loadClass(ClassLoader.java:497)
W/System.err( 1156): 	at java.lang.ClassLoader.loadClass(ClassLoader.java:457)
W/System.err( 1156): 	at com.yundong.plugin.App.initDexApplication(App.java:236)
W/System.err( 1156): 	at com.yundong.plugin.App.onCreate(App.java:113)
W/System.err( 1156): 	at android.app.Instrumentation.callApplicationOnCreate(Instrumentation.java:1007)
W/System.err( 1156): 	at android.app.ActivityThread.handleBindApplication(ActivityThread.java:4328)
W/System.err( 1156): 	at android.app.ActivityThread.access$1500(ActivityThread.java:135)
W/System.err( 1156): 	at android.app.ActivityThread$H.handleMessage(ActivityThread.java:1256)
W/System.err( 1156): 	at android.os.Handler.dispatchMessage(Handler.java:102)
W/System.err( 1156): 	at android.os.Looper.loop(Looper.java:136)
W/System.err( 1156): 	at android.app.ActivityThread.main(ActivityThread.java:5001)
W/System.err( 1156): 	at java.lang.reflect.Method.invokeNative(Native Method)
W/System.err( 1156): 	at java.lang.reflect.Method.invoke(Method.java:515)
W/System.err( 1156): 	at com.android.internal.os.ZygoteInit$MethodAndArgsCaller.run(ZygoteInit.java:785)
W/System.err( 1156): 	at com.android.internal.os.ZygoteInit.main(ZygoteInit.java:601)
W/System.err( 1156): 	at dalvik.system.NativeStart.main(Native Method)
W/DeviceId( 1198): galaxy lib host missing meta-data,make sure you know the right way to integrate galaxy
W/DeviceId( 1198): galaxy lib host missing meta-data,make sure you know the right way to integrate galaxy
W/DeviceId( 1198): galaxy lib host missing meta-data,make sure you know the right way to integrate galaxy
I/ActivityManager(  336): Start proc com.yundong.plugin:remote for service com.yundong.plugin/com.baidu.location.f: pid=1317 uid=10052 gids={50052, 3003, 1028, 1015, 3002, 3001}
D/dalvikvm( 1156): GC_FOR_ALLOC freed 182K, 13% free 3598K/4132K, paused 196ms, total 198ms
I/dalvikvm-heap( 1156): Grow heap (frag case) to 3.831MB for 262160-byte allocation
D/dalvikvm( 1156): GC_FOR_ALLOC freed 4K, 13% free 3850K/4392K, paused 124ms, total 124ms
W/BackupManagerService(  336): dataChanged but no participant pkg='com.android.providers.settings' uid=10052
D/dalvikvm( 1156): GC_CONCURRENT freed 333K, 10% free 4025K/4432K, paused 14ms+37ms, total 202ms
D/dalvikvm( 1156): WAIT_FOR_CONCURRENT_GC blocked 78ms
D/dalvikvm( 1156): WAIT_FOR_CONCURRENT_GC blocked 80ms
D/dalvikvm( 1156): WAIT_FOR_CONCURRENT_GC blocked 71ms
D/dalvikvm( 1156): WAIT_FOR_CONCURRENT_GC blocked 12ms
D/dalvikvm( 1156): WAIT_FOR_CONCURRENT_GC blocked 13ms
D/dalvikvm( 1156): WAIT_FOR_CONCURRENT_GC blocked 18ms
D/UpdatePluginService( 1156): 
W/System.err( 1156): java.lang.ClassNotFoundException: Didn't find class "com.yundong.dex.MainService" on path: DexPathList[[],nativeLibraryDirectories=[/system/lib]]
W/System.err( 1156): 	at dalvik.system.BaseDexClassLoader.findClass(BaseDexClassLoader.java:56)
W/System.err( 1156): 	at java.lang.ClassLoader.loadClass(ClassLoader.java:497)
W/System.err( 1156): 	at java.lang.ClassLoader.loadClass(ClassLoader.java:457)
W/System.err( 1156): 	at com.yundong.plugin.ProxyService.onStartCommand(ProxyService.java:34)
W/System.err( 1156): 	at android.app.ActivityThread.handleServiceArgs(ActivityThread.java:2688)
W/System.err( 1156): 	at android.app.ActivityThread.access$2100(ActivityThread.java:135)
W/System.err( 1156): 	at android.app.ActivityThread$H.handleMessage(ActivityThread.java:1293)
W/System.err( 1156): 	at android.os.Handler.dispatchMessage(Handler.java:102)
W/System.err( 1156): 	at android.os.Looper.loop(Looper.java:136)
W/System.err( 1156): 	at android.app.ActivityThread.main(ActivityThread.java:5001)
W/System.err( 1156): 	at java.lang.reflect.Method.invokeNative(Native Method)
W/System.err( 1156): 	at java.lang.reflect.Method.invoke(Method.java:515)
W/System.err( 1156): 	at com.android.internal.os.ZygoteInit$MethodAndArgsCaller.run(ZygoteInit.java:785)
W/System.err( 1156): 	at com.android.internal.os.ZygoteInit.main(ZygoteInit.java:601)
W/System.err( 1156): 	at dalvik.system.NativeStart.main(Native Method)
W/DeviceId( 1156): galaxy lib host missing meta-data,make sure you know the right way to integrate galaxy
W/DeviceId( 1156): galaxy lib host missing meta-data,make sure you know the right way to integrate galaxy
W/DeviceId( 1156): galaxy lib host missing meta-data,make sure you know the right way to integrate galaxy
D/dalvikvm( 1283): GC_CONCURRENT freed 266K, 11% free 2874K/3212K, paused 8ms+21ms, total 247ms
D/dalvikvm( 1289): GC_CONCURRENT freed 256K, 11% free 2884K/3212K, paused 13ms+73ms, total 233ms
D/dalvikvm( 1156): GC_CONCURRENT freed 458K, 12% free 4070K/4600K, paused 13ms+94ms, total 186ms
D/dalvikvm( 1156): WAIT_FOR_CONCURRENT_GC blocked 4ms
I/Choreographer( 1156): Skipped 198 frames!  The application may be doing too much work on its main thread.
I/System.out( 1156): encode =  1
D/dalvikvm( 1317): GC_CONCURRENT freed 274K, 11% free 2874K/3220K, paused 5ms+2ms, total 140ms
D/UpdatePluginService( 1156): onError
D/dalvikvm( 1156): GC_FOR_ALLOC freed 214K, 10% free 4155K/4600K, paused 27ms, total 29ms
I/dalvikvm-heap( 1156): Grow heap (frag case) to 4.393MB for 281896-byte allocation
D/dalvikvm( 1156): GC_FOR_ALLOC freed 13K, 10% free 4417K/4876K, paused 24ms, total 24ms
I/Choreographer( 1156): Skipped 108 frames!  The application may be doing too much work on its main thread.
D/gralloc_goldfish( 1156): Emulator without GPU emulation detected.
D/dalvikvm( 1156): GC_CONCURRENT freed 331K, 9% free 4594K/5000K, paused 4ms+6ms, total 70ms
W/ActivityManager(  336): Launch timeout has expired, giving up wake lock!
D/AndroidRuntime( 1146): Shutting down VM
D/dalvikvm( 1146): GC_CONCURRENT freed 97K, 15% free 589K/688K, paused 2ms+1ms, total 17ms
I/Choreographer( 1156): Skipped 186 frames!  The application may be doing too much work on its main thread.
I/ActivityManager(  336): Displayed com.yundong.plugin/.MainActivity: +10s770ms
D/dalvikvm( 1289): GC_CONCURRENT freed 322K, 12% free 3005K/3400K, paused 6ms+153ms, total 224ms
D/dalvikvm( 1317): GC_CONCURRENT freed 287K, 11% free 2989K/3348K, paused 4ms+4ms, total 85ms
D/dalvikvm( 1283): GC_CONCURRENT freed 282K, 11% free 2994K/3348K, paused 71ms+13ms, total 161ms
I/Choreographer( 1156): Skipped 205 frames!  The application may be doing too much work on its main thread.
I/dalvikvm( 1317): Could not find method android.net.LinkAddress.getPrefixLength, referenced from method com.yundong.dex.executor.DNSExecutor.static_21_
W/dalvikvm( 1317): VFY: unable to resolve virtual method 70: Landroid/net/LinkAddress;.getPrefixLength ()I
D/dalvikvm( 1317): VFY: replacing opcode 0x74 at 0x0103
I/dalvikvm( 1289): Could not find method android.net.LinkAddress.getPrefixLength, referenced from method com.yundong.dex.executor.DNSExecutor.static_21_
W/dalvikvm( 1289): VFY: unable to resolve virtual method 70: Landroid/net/LinkAddress;.getPrefixLength ()I
D/dalvikvm( 1289): VFY: replacing opcode 0x74 at 0x0103
I/dalvikvm( 1283): Could not find method android.net.LinkAddress.getPrefixLength, referenced from method com.yundong.dex.executor.DNSExecutor.static_21_
W/dalvikvm( 1283): VFY: unable to resolve virtual method 70: Landroid/net/LinkAddress;.getPrefixLength ()I
D/dalvikvm( 1283): VFY: replacing opcode 0x74 at 0x0103
I/Choreographer( 1156): Skipped 102 frames!  The application may be doing too much work on its main thread.
I/Launcher(  666): Deferring update until onResume
I/InputReader(  336): Reconfiguring input devices.  changes=0x00000010
I/Launcher(  666): Deferring update until onResume
I/Choreographer( 1156): Skipped 39 frames!  The application may be doing too much work on its main thread.
I/PackageManager(  336):   Action: "android.intent.action.SENDTO"
I/PackageManager(  336):   Category: "android.intent.category.DEFAULT"
I/PackageManager(  336):   Scheme: "sms"
I/PackageManager(  336): Adding preferred activity ComponentInfo{com.android.mms/com.android.mms.ui.ComposeMessageActivity} for user 0 :
I/PackageManager(  336):   Action: "android.intent.action.SENDTO"
I/PackageManager(  336):   Category: "android.intent.category.DEFAULT"
I/PackageManager(  336):   Scheme: "smsto"
I/PackageManager(  336): Adding preferred activity ComponentInfo{com.android.mms/com.android.mms.ui.ComposeMessageActivity} for user 0 :
D/baidu_location_service( 1317): baidu location service start1 ...1317
I/PackageManager(  336): Adding preferred activity ComponentInfo{com.android.mms/com.android.mms.ui.ComposeMessageActivity} for user 0 :
I/PackageManager(  336):   Action: "android.intent.action.SENDTO"
I/PackageManager(  336):   Category: "android.intent.category.DEFAULT"
I/PackageManager(  336):   Scheme: "mms"
D/baidu_location_client( 1198): baidu location connected ...
I/Choreographer( 1156): Skipped 41 frames!  The application may be doing too much work on its main thread.
D/baidu_location_client( 1156): baidu location connected ...
I/PackageManager(  336):   Action: "android.intent.action.SENDTO"
I/PackageManager(  336):   Category: "android.intent.category.DEFAULT"
I/PackageManager(  336):   Scheme: "mmsto"
I/PackageManager(  336): Adding preferred activity ComponentInfo{com.android.mms/com.android.mms.ui.ComposeMessageActivity} for user 0 :
D/dalvikvm(  594): GC_CONCURRENT freed 519K, 15% free 3379K/3968K, paused 220ms+2ms, total 305ms
W/DeviceId( 1289): galaxy lib host missing meta-data,make sure you know the right way to integrate galaxy
W/DeviceId( 1289): galaxy lib host missing meta-data,make sure you know the right way to integrate galaxy
W/DeviceId( 1289): galaxy lib host missing meta-data,make sure you know the right way to integrate galaxy
W/DeviceId( 1317): galaxy lib host missing meta-data,make sure you know the right way to integrate galaxy
W/DeviceId( 1317): galaxy lib host missing meta-data,make sure you know the right way to integrate galaxy
W/DeviceId( 1317): galaxy lib host missing meta-data,make sure you know the right way to integrate galaxy
I/PackageManager(  336):   Action: "android.intent.action.SENDTO"
I/ActivityManager(  336): Start proc com.yundong.plugin:push for service com.yundong.plugin/com.umeng.message.UmengIntentService: pid=1418 uid=10052 gids={50052, 3003, 1028, 1015, 3002, 3001}
I/PackageManager(  336):   Category: "android.intent.category.DEFAULT"
I/PackageManager(  336):   Scheme: "sms"
I/PackageManager(  336): Adding preferred activity ComponentInfo{com.android.mms/com.android.mms.ui.ComposeMessageActivity} for user 0 :
I/PackageManager(  336): Adding preferred activity ComponentInfo{com.android.mms/com.android.mms.ui.ComposeMessageActivity} for user 0 :
I/PackageManager(  336):   Action: "android.intent.action.SENDTO"
I/PackageManager(  336):   Category: "android.intent.category.DEFAULT"
I/PackageManager(  336):   Scheme: "smsto"
D/dalvikvm(  336): GC_CONCURRENT freed 699K, 51% free 5912K/11876K, paused 155ms+66ms, total 668ms
D/dalvikvm(  336): WAIT_FOR_CONCURRENT_GC blocked 179ms
I/PackageManager(  336):   Action: "android.intent.action.SENDTO"
I/PackageManager(  336):   Category: "android.intent.category.DEFAULT"
I/PackageManager(  336):   Scheme: "mms"
I/PackageManager(  336): Adding preferred activity ComponentInfo{com.android.mms/com.android.mms.ui.ComposeMessageActivity} for user 0 :
I/PackageManager(  336):   Action: "android.intent.action.SENDTO"
I/PackageManager(  336):   Category: "android.intent.category.DEFAULT"
I/PackageManager(  336):   Scheme: "mmsto"
I/PackageManager(  336): Adding preferred activity ComponentInfo{com.android.mms/com.android.mms.ui.ComposeMessageActivity} for user 0 :
D/baidu_location_client( 1317): baidu location connected ...
D/baidu_location_client( 1289): baidu location connected ...
D/dalvikvm(  594): GC_CONCURRENT freed 462K, 17% free 3306K/3968K, paused 54ms+2ms, total 184ms
D/dalvikvm(  666): GC_CONCURRENT freed 1108K, 26% free 6484K/8648K, paused 7ms+24ms, total 118ms
I/Choreographer( 1156): Skipped 47 frames!  The application may be doing too much work on its main thread.
I/Choreographer(  440): Skipped 30 frames!  The application may be doing too much work on its main thread.
W/ProcessCpuTracker(  336): Skipping unknown process pid 1384
V/xiaomi  ( 1176): [Thread:100] JOB: register app
D/dalvikvm( 1283): GC_FOR_ALLOC freed 464K, 16% free 3024K/3560K, paused 298ms, total 298ms
W/DeviceId( 1283): galaxy lib host missing meta-data,make sure you know the right way to integrate galaxy
W/DeviceId( 1283): galaxy lib host missing meta-data,make sure you know the right way to integrate galaxy
W/DeviceId( 1283): galaxy lib host missing meta-data,make sure you know the right way to integrate galaxy
D/dalvikvm( 1283): GC_CONCURRENT freed 182K, 15% free 3047K/3560K, paused 4ms+4ms, total 231ms
V/xiaomi  ( 1176): [Thread:1] network changed, NetworkInfo: type: mobile[UMTS], state: CONNECTED/CONNECTED, reason: connected, extra: epc.tmobile.com, roaming: false, failover: false, isAvailable: true, isConnectedToProvisioningNetwork: false
D/baidu_location_client( 1176): baidu location connected ...
D/dalvikvm( 1156): GC_CONCURRENT freed 497K, 11% free 4608K/5176K, paused 3ms+5ms, total 159ms
D/dalvikvm( 1283): GC_FOR_ALLOC freed 305K, 17% free 3038K/3632K, paused 475ms, total 475ms
D/dalvikvm( 1176): GC_CONCURRENT freed 297K, 11% free 3252K/3624K, paused 32ms+9ms, total 326ms
D/baidu_location_client( 1283): baidu location connected ...
D/dalvikvm( 1283): GC_FOR_ALLOC freed 305K, 17% free 3049K/3632K, paused 25ms, total 25ms
I/dalvikvm( 1176): Could not find method android.support.v4.content.LocalBroadcastManager.getInstance, referenced from method com.igexin.push.d.b.a
W/dalvikvm( 1176): VFY: unable to resolve static method 931: Landroid/support/v4/content/LocalBroadcastManager;.getInstance (Landroid/content/Context;)Landroid/support/v4/content/LocalBroadcastManager;
D/dalvikvm( 1176): VFY: replacing opcode 0x71 at 0x0028
E/ActivityManager(  336): ANR in com.yundong.plugin:bdservice_v1
E/ActivityManager(  336): PID: 1245
E/ActivityManager(  336): Reason: Executing service com.yundong.plugin/com.baidu.android.pushservice.PushService
E/ActivityManager(  336): Load: 9.87 / 3.36 / 1.21
E/ActivityManager(  336): CPU usage from 0ms to 8535ms later:
E/ActivityManager(  336):   39% 57/surfaceflinger: 33% user + 5.8% kernel / faults: 719 minor
E/ActivityManager(  336):   20% 336/system_server: 13% user + 7% kernel / faults: 463 minor
E/ActivityManager(  336):   9.2% 1156/com.yundong.plugin: 7% user + 2.2% kernel / faults: 180 minor
E/ActivityManager(  336):   0.3% 55/debuggerd: 0.1% user + 0.1% kernel / faults: 1369 minor
E/ActivityManager(  336):   4.6% 1395/app_process: 3.9% user + 0.6% kernel / faults: 1579 minor
E/ActivityManager(  336):   2.9% 1245/com.yundong.plugin:bdservice_v1: 1.9% user + 0.9% kernel / faults: 613 minor
E/ActivityManager(  336):   2.4% 594/com.android.phone: 1.5% user + 0.9% kernel / faults: 167 minor
E/ActivityManager(  336):   1.3% 1317/com.yundong.plugin:remote: 0.8% user + 0.5% kernel / faults: 66 minor
E/ActivityManager(  336):   0.6% 58/zygote: 0.4% user + 0.1% kernel / faults: 250 minor
E/ActivityManager(  336):   0.4% 440/com.android.systemui: 0.2% user + 0.2% kernel / faults: 95 minor
E/ActivityManager(  336):   0.2% 967/com.android.deskclock: 0% user + 0.1% kernel / faults: 110 minor
E/ActivityManager(  336):   0.2% 972/com.android.providers.calendar: 0.2% user + 0% kernel / faults: 137 minor
E/ActivityManager(  336):   0.2% 666/com.android.launcher: 0.2% user + 0% kernel / faults: 1 minor
E/ActivityManager(  336):   0.4% 513/sdcard: 0.3% user + 0.1% kernel / faults: 1 minor
E/ActivityManager(  336):   0.1% 26/mtdblock1: 0% user + 0.1% kernel
E/ActivityManager(  336):   0% 69/adbd: 0% user + 0% kernel / faults: 13 minor
E/ActivityManager(  336):  +0% 1418/com.yundong.plugin:push: 0% user + 0% kernel
E/ActivityManager(  336): 100% TOTAL: 74% user + 25% kernel
E/ActivityManager(  336): CPU usage from 6901ms to 7696ms later:
E/ActivityManager(  336):   44% 57/surfaceflinger: 34% user + 9.7% kernel / faults: 74 minor
E/ActivityManager(  336):     41% 57/surfaceflinger: 33% user + 8.3% kernel
E/ActivityManager(  336):     1.3% 76/DispSync: 0% user + 1.3% kernel
E/ActivityManager(  336):     1.3% 502/Binder_3: 0% user + 1.3% kernel
E/ActivityManager(  336):   22% 336/system_server: 13% user + 8.3% kernel / faults: 31 minor
E/ActivityManager(  336):     12% 353/ActivityManager: 6.9% user + 5.5% kernel
E/ActivityManager(  336):     1.3% 347/Binder_1: 1.3% user + 0% kernel
E/ActivityManager(  336):     1.3% 435/Binder_3: 1.3% user + 0% kernel
E/ActivityManager(  336):     1.3% 555/Binder_4: 1.3% user + 0% kernel
E/ActivityManager(  336):     1.3% 561/Binder_5: 1.3% user + 0% kernel
E/ActivityManager(  336):     1.3% 636/Binder_6: 1.3% user + 0% kernel
E/ActivityManager(  336):     1.3% 699/Binder_7: 1.3% user + 0% kernel
E/ActivityManager(  336):     1.3% 926/Binder_9: 0% user + 1.3% kernel
E/ActivityManager(  336):    +0% 1447/Error dump: sys: 0% user + 0% kernel
E/ActivityManager(  336):   9.5% 1418/com.yundong.plugin:push: 7.9% user + 1.5% kernel / faults: 186 minor
E/ActivityManager(  336):     4.7% 1418/ong.plugin:push: 3.1% user + 1.5% kernel
E/ActivityManager(  336):     4.7% 1443/IntentService[A: 4.7% user + 0% kernel
E/ActivityManager(  336):   7.9% 1156/com.yundong.plugin: 4.7% user + 3.1% kernel
E/ActivityManager(  336):     7.9% 1156/.yundong.plugin: 4.7% user + 3.1% kernel
E/ActivityManager(  336):   1.4% 967/com.android.deskclock: 0.9% user + 0.4% kernel / faults: 12 minor
E/ActivityManager(  336):     0.9% 1004/AsyncHandler: 0.4% user + 0.4% kernel
E/ActivityManager(  336):     0.4% 967/droid.deskclock: 0.4% user + 0% kernel
E/ActivityManager(  336):   4.7% 972/com.android.providers.calendar: 3.1% user + 1.5% kernel / faults: 12 minor
E/ActivityManager(  336):    +0% 1445/IntentService[C: 0% user + 0% kernel
E/ActivityManager(  336):   1.6% 1395/app_process: 1.6% user + 0% kernel / faults: 4 minor
E/ActivityManager(  336):     1.6% 1395/app_process: 1.6% user + 0% kernel
E/ActivityManager(  336):   0.2% 26/mtdblock1: 0% user + 0.2% kernel
E/ActivityManager(  336):   0.7% 1317/com.yundong.plugin:remote: 0% user + 0.7% kernel
E/ActivityManager(  336):     0.7% 1329/Binder_2: 0% user + 0.7% kernel
E/ActivityManager(  336): 100% TOTAL: 70% user + 29% kernel
I/ActivityManager(  336): Killing 1245:com.yundong.plugin:bdservice_v1/u0a52 (adj 5): background ANR
D/dalvikvm( 1283): GC_FOR_ALLOC freed 301K, 16% free 3052K/3632K, paused 86ms, total 86ms
D/InitAlarmsService(  948): Clearing and rescheduling alarms.
D/dalvikvm( 1283): GC_FOR_ALLOC freed 301K, 16% free 3055K/3632K, paused 187ms, total 187ms
D/dalvikvm( 1283): GC_FOR_ALLOC freed 301K, 16% free 3057K/3632K, paused 87ms, total 87ms
D/dalvikvm( 1176): GC_CONCURRENT freed 383K, 13% free 3271K/3728K, paused 4ms+2ms, total 208ms
W/BackupManagerService(  336): dataChanged but no participant pkg='com.android.providers.settings' uid=10052
I/Choreographer( 1156): Skipped 38 frames!  The application may be doing too much work on its main thread.
D/AndroidRuntime( 1384): 
D/AndroidRuntime( 1384): >>>>>> AndroidRuntime START com.android.internal.os.RuntimeInit <<<<<<
D/AndroidRuntime( 1384): CheckJNI is ON
D/dalvikvm( 1384): Trying to load lib libjavacore.so 0x0
D/dalvikvm( 1384): Added shared lib libjavacore.so 0x0
D/dalvikvm( 1384): Trying to load lib libnativehelper.so 0x0
D/dalvikvm( 1384): Added shared lib libnativehelper.so 0x0
D/dalvikvm( 1384): No JNI_OnLoad found in libnativehelper.so 0x0, skipping init
D/dalvikvm( 1384): Note: class Landroid/app/ActivityManagerNative; has 179 unimplemented (abstract) methods
I/Choreographer( 1156): Skipped 37 frames!  The application may be doing too much work on its main thread.
D/com.xiaomi.common.Network( 1176): Http POST Response Code: 200
E/memtrack( 1384): Couldn't load memtrack module (No such file or directory)
E/android.os.Debug( 1384): failed to load memtrack module: -2
V/xiaomi  ( 1176): [Thread:100] {"result":"error","reason":"Invalid application id.","trace_id":"Xfm00466545850411971A0","code":22006,"description":"Id"}
V/xiaomi  ( 1176): no account for mipush
V/xiaomi  ( 1176): [Thread:100] JOB: do reconnect..
D/AndroidRuntime( 1384): Calling main entry com.android.commands.am.Am
V/xiaomi  ( 1176): [Thread:100] should not connect. quit the job.
W/BackupManagerService(  336): dataChanged but no participant pkg='com.android.providers.settings' uid=10052
D/dalvikvm( 1245): GC_FOR_ALLOC freed 321K, 12% free 2896K/3288K, paused 210ms, total 210ms
I/dalvikvm( 1245): Could not find method android.net.LinkAddress.getPrefixLength, referenced from method com.yundong.dex.executor.DNSExecutor.static_21_
W/dalvikvm( 1245): VFY: unable to resolve virtual method 70: Landroid/net/LinkAddress;.getPrefixLength ()I
D/dalvikvm( 1245): VFY: replacing opcode 0x74 at 0x0103
D/AndroidRuntime( 1395): 
D/AndroidRuntime( 1395): >>>>>> AndroidRuntime START com.android.internal.os.RuntimeInit <<<<<<
D/AndroidRuntime( 1395): CheckJNI is ON
D/dalvikvm( 1245): GC_FOR_ALLOC freed 371K, 13% free 3019K/3464K, paused 92ms, total 92ms
D/dalvikvm( 1395): Trying to load lib libjavacore.so 0x0
D/dalvikvm( 1395): Added shared lib libjavacore.so 0x0
D/dalvikvm( 1395): Trying to load lib libnativehelper.so 0x0
D/dalvikvm( 1395): Added shared lib libnativehelper.so 0x0
D/dalvikvm( 1395): No JNI_OnLoad found in libnativehelper.so 0x0, skipping init
D/dalvikvm( 1245): Trying to load lib /data/app-lib/com.yundong.plugin-1/libbdpush_V2_7.so 0xb2d20100
D/dalvikvm( 1245): Added shared lib /data/app-lib/com.yundong.plugin-1/libbdpush_V2_7.so 0xb2d20100
D/dalvikvm( 1245): No JNI_OnLoad found in /data/app-lib/com.yundong.plugin-1/libbdpush_V2_7.so 0xb2d20100, skipping init
W/ActivityManager(  336): Timeout executing service: ServiceRecord{b2f93370 u0 com.yundong.plugin/com.baidu.android.pushservice.PushService}
I/Process (  336): Sending signal. PID: 1245 SIG: 3
I/Process (  336): Sending signal. PID: 336 SIG: 3
I/dalvikvm(  336): threadid=3: reacting to signal 3
D/dalvikvm( 1245): GC_FOR_ALLOC freed 380K, 13% free 3138K/3592K, paused 31ms, total 31ms
D/dalvikvm( 1395): Note: class Landroid/app/ActivityManagerNative; has 179 unimplemented (abstract) methods
I/Process (  336): Sending signal. PID: 594 SIG: 3
I/dalvikvm(  594): threadid=3: reacting to signal 3
I/dalvikvm(  336): Wrote stack traces to '/data/anr/traces.txt'
I/Process (  336): Sending signal. PID: 440 SIG: 3
I/dalvikvm(  440): threadid=3: reacting to signal 3
I/dalvikvm(  440): Wrote stack traces to '/data/anr/traces.txt'
I/dalvikvm(  594): Wrote stack traces to '/data/anr/traces.txt'
D/dalvikvm( 1245): Trying to load lib /data/app-lib/com.yundong.plugin-1/libbdpush_V2_7.so 0xb2d20100
D/dalvikvm( 1245): Shared lib '/data/app-lib/com.yundong.plugin-1/libbdpush_V2_7.so' already loaded in same CL 0xb2d20100
W/DeviceId( 1245): galaxy lib host missing meta-data,make sure you know the right way to integrate galaxy
W/DeviceId( 1245): galaxy lib host missing meta-data,make sure you know the right way to integrate galaxy
W/DeviceId( 1245): galaxy lib host missing meta-data,make sure you know the right way to integrate galaxy
W/BackupManagerService(  336): dataChanged but no participant pkg='com.android.providers.settings' uid=10052
D/baidu_location_service( 1317): baidu location service register ...
W/BackupManagerService(  336): dataChanged but no participant pkg='com.android.providers.settings' uid=10052
W/DeviceId( 1245): galaxy lib host missing meta-data,make sure you know the right way to integrate galaxy
W/DeviceId( 1245): galaxy lib host missing meta-data,make sure you know the right way to integrate galaxy
W/DeviceId( 1245): galaxy lib host missing meta-data,make sure you know the right way to integrate galaxy
I/Choreographer( 1156): Skipped 154 frames!  The application may be doing too much work on its main thread.
D/BaseIntentService( 1156): runIntent to receive one messageIntent { act=com.yundong.plugin.intent.action.COMMAND flg=0x10 pkg=com.yundong.plugin cmp=com.yundong.plugin/com.umeng.message.RegistrationReceiver (has extras) }|com.umeng.message.UmengIntentService
I/Choreographer( 1156): Skipped 46 frames!  The application may be doing too much work on its main thread.
D/dalvikvm(   58): GC_EXPLICIT freed 41K, 5% free 2705K/2820K, paused 3ms+3ms, total 82ms
D/dalvikvm(   58): GC_EXPLICIT freed <1K, 5% free 2705K/2820K, paused 3ms+2ms, total 38ms
