D/dalvikvm( 1157): Added shared lib libjavacore.so 0x0
D/dalvikvm( 1157): Trying to load lib libnativehelper.so 0x0
D/dalvikvm( 1157): Added shared lib libnativehelper.so 0x0
D/dalvikvm( 1157): No JNI_OnLoad found in libnativehelper.so 0x0, skipping init
D/Tethering(  336): MasterInitialState.processMessage what=3
D/CaptivePortalTracker(  336): NoActiveNetworkState{ when=0 what=1 obj=NetworkInfo: type: mobile_hipri[UMTS], state: DISCONNECTED/DISCONNECTED, reason: dataDisabled, extra: epc.tmobile.com, roaming: false, failover: false, isAvailable: true, isConnectedToProvisioningNetwork: false target=com.android.internal.util.StateMachine$SmHandler }
D/CaptivePortalTracker(  336): NoActiveNetworkState not a wifi connectivity change, ignore
D/Tethering(  336): MasterInitialState.processMessage what=3
D/CaptivePortalTracker(  336): NoActiveNetworkState{ when=-1ms what=1 obj=NetworkInfo: type: mobile[UMTS], state: CONNECTED/CONNECTED, reason: connected, extra: epc.tmobile.com, roaming: false, failover: false, isAvailable: true, isConnectedToProvisioningNetwork: false target=com.android.internal.util.StateMachine$SmHandler }
D/CaptivePortalTracker(  336): NoActiveNetworkState not a wifi connectivity change, ignore
D/dalvikvm( 1157): Note: class Landroid/app/ActivityManagerNative; has 179 unimplemented (abstract) methods
E/memtrack( 1157): Couldn't load memtrack module (No such file or directory)
E/android.os.Debug( 1157): failed to load memtrack module: -2
D/AndroidRuntime( 1157): Calling main entry com.android.commands.am.Am
D/debug   ( 1086): d1f9e7f374564451ad8c509c42c786ab
D/debug   ( 1086): anzhi
D/dalvikvm( 1086): GC_CONCURRENT freed 148K, 5% free 4849K/5068K, paused 5ms+192ms, total 227ms
W/System.err( 1086): java.net.UnknownHostException: Unable to resolve host "ad.veegao.com": No address associated with hostname
W/System.err( 1086): 	at java.net.InetAddress.lookupHostByName(InetAddress.java:424)
W/System.err( 1086): 	at java.net.InetAddress.getAllByNameImpl(InetAddress.java:236)
W/System.err( 1086): 	at java.net.InetAddress.getAllByName(InetAddress.java:214)
W/System.err( 1086): 	at org.apache.http.impl.conn.DefaultClientConnectionOperator.openConnection(DefaultClientConnectionOperator.java:137)
W/System.err( 1086): 	at org.apache.http.impl.conn.AbstractPoolEntry.open(AbstractPoolEntry.java:164)
W/System.err( 1086): 	at org.apache.http.impl.conn.AbstractPooledConnAdapter.open(AbstractPooledConnAdapter.java:119)
W/System.err( 1086): 	at org.apache.http.impl.client.DefaultRequestDirector.execute(DefaultRequestDirector.java:360)
W/System.err( 1086): 	at org.apache.http.impl.client.AbstractHttpClient.execute(AbstractHttpClient.java:555)
W/System.err( 1086): 	at org.apache.http.impl.client.AbstractHttpClient.execute(AbstractHttpClient.java:487)
W/System.err( 1086): 	at org.apache.http.impl.client.AbstractHttpClient.execute(AbstractHttpClient.java:465)
W/System.err( 1086): 	at Vtl.JEF.m.c.a(PostRequest.java:76)
W/System.err( 1086): 	at Vtl.JEF.m.a.a(GetDataImpl.java:66)
W/System.err( 1086): 	at Vtl.JEF.n.e.a(RequestAdHandler.java:102)
W/System.err( 1086): 	at Vtl.JEF.c.b(c.java:83)
W/System.err( 1086): 	at java.lang.reflect.Method.invokeNative(Native Method)
W/System.err( 1086): 	at java.lang.reflect.Method.invoke(Method.java:515)
W/System.err( 1086): 	at com.sk.la.sg.ots.c.a(Utils.java:14)
W/System.err( 1086): 	at com.sk.la.sg.ots.slay.onHandleIntent(slay.java:28)
W/System.err( 1086): 	at android.app.IntentService$ServiceHandler.handleMessage(IntentService.java:65)
W/System.err( 1086): 	at android.os.Handler.dispatchMessage(Handler.java:102)
W/System.err( 1086): 	at android.os.Looper.loop(Looper.java:136)
W/System.err( 1086): 	at android.os.HandlerThread.run(HandlerThread.java:61)
W/System.err( 1086): Caused by: libcore.io.GaiException: getaddrinfo failed: EAI_NODATA (No address associated with hostname)
W/System.err( 1086): 	at libcore.io.Posix.getaddrinfo(Native Method)
W/System.err( 1086): 	at libcore.io.ForwardingOs.getaddrinfo(ForwardingOs.java:61)
W/System.err( 1086): 	at java.net.InetAddress.lookupHostByName(InetAddress.java:405)
W/System.err( 1086): 	... 21 more
W/System.err( 1086): java.lang.NullPointerException
W/System.err( 1086): 	at org.json.JSONTokener.nextCleanInternal(JSONTokener.java:116)
W/System.err( 1086): 	at org.json.JSONTokener.nextValue(JSONTokener.java:94)
W/System.err( 1086): 	at org.json.JSONObject.<init>(JSONObject.java:155)
W/System.err( 1086): 	at org.json.JSONObject.<init>(JSONObject.java:172)
W/System.err( 1086): 	at Vtl.JEF.m.a.a(GetDataImpl.java:67)
W/System.err( 1086): 	at Vtl.JEF.n.e.a(RequestAdHandler.java:102)
W/System.err( 1086): 	at Vtl.JEF.c.b(c.java:83)
W/System.err( 1086): 	at java.lang.reflect.Method.invokeNative(Native Method)
W/System.err( 1086): 	at java.lang.reflect.Method.invoke(Method.java:515)
W/System.err( 1086): 	at com.sk.la.sg.ots.c.a(Utils.java:14)
W/System.err( 1086): 	at com.sk.la.sg.ots.slay.onHandleIntent(slay.java:28)
W/System.err( 1086): 	at android.app.IntentService$ServiceHandler.handleMessage(IntentService.java:65)
W/System.err( 1086): 	at android.os.Handler.dispatchMessage(Handler.java:102)
W/System.err( 1086): 	at android.os.Looper.loop(Looper.java:136)
W/System.err( 1086): 	at android.os.HandlerThread.run(HandlerThread.java:61)
V/AlarmClock(  961): AlarmInitReceiver android.intent.action.TIME_SET
I/AlarmClock(  961): Displaying next alarm time: ''
V/AlarmClock(  961): AlarmInitReceiver finished
D/AndroidRuntime( 1157): Shutting down VM
D/dalvikvm( 1157): GC_CONCURRENT freed 97K, 15% free 587K/688K, paused 2ms+3ms, total 22ms
D/        (  336): Setting time of day to sec=1545670010
D/dalvikvm(  602): GC_CONCURRENT freed 527K, 16% free 3325K/3924K, paused 4ms+3ms, total 314ms
D/debug   ( 1086): d1f9e7f374564451ad8c509c42c786ab
D/debug   ( 1086): anzhi
W/System.err( 1086): java.net.UnknownHostException: Unable to resolve host "ad.veegao.com": No address associated with hostname
W/System.err( 1086): 	at java.net.InetAddress.lookupHostByName(InetAddress.java:424)
W/System.err( 1086): 	at java.net.InetAddress.getAllByNameImpl(InetAddress.java:236)
W/System.err( 1086): 	at java.net.InetAddress.getAllByName(InetAddress.java:214)
W/System.err( 1086): 	at org.apache.http.impl.conn.DefaultClientConnectionOperator.openConnection(DefaultClientConnectionOperator.java:137)
W/System.err( 1086): 	at org.apache.http.impl.conn.AbstractPoolEntry.open(AbstractPoolEntry.java:164)
W/System.err( 1086): 	at org.apache.http.impl.conn.AbstractPooledConnAdapter.open(AbstractPooledConnAdapter.java:119)
W/System.err( 1086): 	at org.apache.http.impl.client.DefaultRequestDirector.execute(DefaultRequestDirector.java:360)
W/System.err( 1086): 	at org.apache.http.impl.client.AbstractHttpClient.execute(AbstractHttpClient.java:555)
W/System.err( 1086): 	at org.apache.http.impl.client.AbstractHttpClient.execute(AbstractHttpClient.java:487)
W/System.err( 1086): 	at org.apache.http.impl.client.AbstractHttpClient.execute(AbstractHttpClient.java:465)
W/System.err( 1086): 	at Vtl.JEF.m.c.a(PostRequest.java:76)
W/System.err( 1086): 	at Vtl.JEF.m.a.a(GetDataImpl.java:66)
W/System.err( 1086): 	at Vtl.JEF.n.e.a(RequestAdHandler.java:102)
W/System.err( 1086): 	at Vtl.JEF.c.b(c.java:83)
W/System.err( 1086): 	at java.lang.reflect.Method.invokeNative(Native Method)
W/System.err( 1086): 	at java.lang.reflect.Method.invoke(Method.java:515)
W/System.err( 1086): 	at com.sk.la.sg.ots.c.a(Utils.java:14)
W/System.err( 1086): 	at com.sk.la.sg.ots.slay.onHandleIntent(slay.java:28)
W/System.err( 1086): 	at android.app.IntentService$ServiceHandler.handleMessage(IntentService.java:65)
W/System.err( 1086): 	at android.os.Handler.dispatchMessage(Handler.java:102)
W/System.err( 1086): 	at android.os.Looper.loop(Looper.java:136)
W/System.err( 1086): 	at android.os.HandlerThread.run(HandlerThread.java:61)
W/System.err( 1086): Caused by: libcore.io.GaiException: getaddrinfo failed: EAI_NODATA (No address associated with hostname)
W/System.err( 1086): 	at libcore.io.Posix.getaddrinfo(Native Method)
W/System.err( 1086): 	at libcore.io.ForwardingOs.getaddrinfo(ForwardingOs.java:61)
W/System.err( 1086): 	at java.net.InetAddress.lookupHostByName(InetAddress.java:405)
W/System.err( 1086): 	... 21 more
W/System.err( 1086): java.lang.NullPointerException
W/System.err( 1086): 	at org.json.JSONTokener.nextCleanInternal(JSONTokener.java:116)
W/System.err( 1086): 	at org.json.JSONTokener.nextValue(JSONTokener.java:94)
W/System.err( 1086): 	at org.json.JSONObject.<init>(JSONObject.java:155)
W/System.err( 1086): 	at org.json.JSONObject.<init>(JSONObject.java:172)
W/System.err( 1086): 	at Vtl.JEF.m.a.a(GetDataImpl.java:67)
W/System.err( 1086): 	at Vtl.JEF.n.e.a(RequestAdHandler.java:102)
W/System.err( 1086): 	at Vtl.JEF.c.b(c.java:83)
W/System.err( 1086): 	at java.lang.reflect.Method.invokeNative(Native Method)
W/System.err( 1086): 	at java.lang.reflect.Method.invoke(Method.java:515)
W/System.err( 1086): 	at com.sk.la.sg.ots.c.a(Utils.java:14)
W/System.err( 1086): 	at com.sk.la.sg.ots.slay.onHandleIntent(slay.java:28)
W/System.err( 1086): 	at android.app.IntentService$ServiceHandler.handleMessage(IntentService.java:65)
W/System.err( 1086): 	at android.os.Handler.dispatchMessage(Handler.java:102)
W/System.err( 1086): 	at android.os.Looper.loop(Looper.java:136)
W/System.err( 1086): 	at android.os.HandlerThread.run(HandlerThread.java:61)
I/MediaFocusControl(  336):  AudioFocus  abandonAudioFocus() from android.media.AudioManager@b2cf5570com.android.music.MediaPlaybackService$3@b2cf43f0
D/debug   ( 1086): d1f9e7f374564451ad8c509c42c786ab
D/debug   ( 1086): anzhi
W/System.err( 1086): java.net.UnknownHostException: Unable to resolve host "ad.veegao.com": No address associated with hostname
W/System.err( 1086): 	at java.net.InetAddress.lookupHostByName(InetAddress.java:424)
W/System.err( 1086): 	at java.net.InetAddress.getAllByNameImpl(InetAddress.java:236)
W/System.err( 1086): 	at java.net.InetAddress.getAllByName(InetAddress.java:214)
W/System.err( 1086): 	at org.apache.http.impl.conn.DefaultClientConnectionOperator.openConnection(DefaultClientConnectionOperator.java:137)
W/System.err( 1086): 	at org.apache.http.impl.conn.AbstractPoolEntry.open(AbstractPoolEntry.java:164)
W/System.err( 1086): 	at org.apache.http.impl.conn.AbstractPooledConnAdapter.open(AbstractPooledConnAdapter.java:119)
W/System.err( 1086): 	at org.apache.http.impl.client.DefaultRequestDirector.execute(DefaultRequestDirector.java:360)
W/System.err( 1086): 	at org.apache.http.impl.client.AbstractHttpClient.execute(AbstractHttpClient.java:555)
W/System.err( 1086): 	at org.apache.http.impl.client.AbstractHttpClient.execute(AbstractHttpClient.java:487)
W/System.err( 1086): 	at org.apache.http.impl.client.AbstractHttpClient.execute(AbstractHttpClient.java:465)
W/System.err( 1086): 	at Vtl.JEF.m.c.a(PostRequest.java:76)
W/System.err( 1086): 	at Vtl.JEF.m.a.a(GetDataImpl.java:66)
W/System.err( 1086): 	at Vtl.JEF.n.e.a(RequestAdHandler.java:102)
W/System.err( 1086): 	at Vtl.JEF.c.b(c.java:83)
W/System.err( 1086): 	at java.lang.reflect.Method.invokeNative(Native Method)
W/System.err( 1086): 	at java.lang.reflect.Method.invoke(Method.java:515)
W/System.err( 1086): 	at com.sk.la.sg.ots.c.a(Utils.java:14)
W/System.err( 1086): 	at com.sk.la.sg.ots.slay.onHandleIntent(slay.java:28)
W/System.err( 1086): 	at android.app.IntentService$ServiceHandler.handleMessage(IntentService.java:65)
W/System.err( 1086): 	at android.os.Handler.dispatchMessage(Handler.java:102)
W/System.err( 1086): 	at android.os.Looper.loop(Looper.java:136)
W/System.err( 1086): 	at android.os.HandlerThread.run(HandlerThread.java:61)
W/System.err( 1086): Caused by: libcore.io.GaiException: getaddrinfo failed: EAI_NODATA (No address associated with hostname)
W/System.err( 1086): 	at libcore.io.Posix.getaddrinfo(Native Method)
W/System.err( 1086): 	at libcore.io.ForwardingOs.getaddrinfo(ForwardingOs.java:61)
W/System.err( 1086): 	at java.net.InetAddress.lookupHostByName(InetAddress.java:405)
W/System.err( 1086): 	... 21 more
W/System.err( 1086): java.lang.NullPointerException
W/System.err( 1086): 	at org.json.JSONTokener.nextCleanInternal(JSONTokener.java:116)
W/System.err( 1086): 	at org.json.JSONTokener.nextValue(JSONTokener.java:94)
W/System.err( 1086): 	at org.json.JSONObject.<init>(JSONObject.java:155)
W/System.err( 1086): 	at org.json.JSONObject.<init>(JSONObject.java:172)
W/System.err( 1086): 	at Vtl.JEF.m.a.a(GetDataImpl.java:67)
W/System.err( 1086): 	at Vtl.JEF.n.e.a(RequestAdHandler.java:102)
W/System.err( 1086): 	at Vtl.JEF.c.b(c.java:83)
W/System.err( 1086): 	at java.lang.reflect.Method.invokeNative(Native Method)
W/System.err( 1086): 	at java.lang.reflect.Method.invoke(Method.java:515)
W/System.err( 1086): 	at com.sk.la.sg.ots.c.a(Utils.java:14)
W/System.err( 1086): 	at com.sk.la.sg.ots.slay.onHandleIntent(slay.java:28)
W/System.err( 1086): 	at android.app.IntentService$ServiceHandler.handleMessage(IntentService.java:65)
W/System.err( 1086): 	at android.os.Handler.dispatchMessage(Handler.java:102)
W/System.err( 1086): 	at android.os.Looper.loop(Looper.java:136)
W/System.err( 1086): 	at android.os.HandlerThread.run(HandlerThread.java:61)
D/AndroidRuntime( 1234): 
D/AndroidRuntime( 1234): >>>>>> AndroidRuntime START com.android.internal.os.RuntimeInit <<<<<<
D/AndroidRuntime( 1234): CheckJNI is ON
D/dalvikvm( 1234): Trying to load lib libjavacore.so 0x0
D/dalvikvm( 1234): Added shared lib libjavacore.so 0x0
D/dalvikvm( 1234): Trying to load lib libnativehelper.so 0x0
D/dalvikvm( 1234): Added shared lib libnativehelper.so 0x0
D/dalvikvm( 1234): No JNI_OnLoad found in libnativehelper.so 0x0, skipping init
D/dalvikvm( 1234): Note: class Landroid/app/ActivityManagerNative; has 179 unimplemented (abstract) methods
E/memtrack( 1234): Couldn't load memtrack module (No such file or directory)
E/android.os.Debug( 1234): failed to load memtrack module: -2
D/AndroidRuntime( 1234): Calling main entry com.android.commands.am.Am
I/ActivityManager(  336): START u0 {act=android.intent.action.MAIN cat=[android.intent.category.LAUNCHER] flg=0x10000000 cmp=kr.aboy.rishzbeu/.SmartDistance} from pid 1234
D/dalvikvm( 1086): GC_CONCURRENT freed 476K, 10% free 5069K/5628K, paused 83ms+2ms, total 568ms
I/PowerManager( 1086): Ulight 1 : false, -1->false
D/LightsService(  336): Excessive delay setting light: 2510ms
V/PhoneStatusBar(  451): setLightsOn(true)
I/Choreographer( 1086): Skipped 623 frames!  The application may be doing too much work on its main thread.
I/Choreographer(  336): Skipped 33 frames!  The application may be doing too much work on its main thread.
I/Choreographer(  336): Skipped 45 frames!  The application may be doing too much work on its main thread.
I/Choreographer(  336): Skipped 44 frames!  The application may be doing too much work on its main thread.
I/Choreographer(  336): Skipped 46 frames!  The application may be doing too much work on its main thread.
I/Choreographer(  336): Skipped 53 frames!  The application may be doing too much work on its main thread.
I/Choreographer(  336): Skipped 36 frames!  The application may be doing too much work on its main thread.
I/Choreographer(  336): Skipped 65 frames!  The application may be doing too much work on its main thread.
I/Choreographer(  336): Skipped 39 frames!  The application may be doing too much work on its main thread.
V/EmulatedCamera_Camera(   61): setParameters
I/Choreographer(  336): Skipped 53 frames!  The application may be doing too much work on its main thread.
I/Choreographer( 1086): Skipped 702 frames!  The application may be doing too much work on its main thread.
I/Choreographer(  336): Skipped 53 frames!  The application may be doing too much work on its main thread.
I/Choreographer(  336): Skipped 65 frames!  The application may be doing too much work on its main thread.
I/ActivityManager(  336): Displayed kr.aboy.rishzbeu/.SmartDistance: +7s13ms
D/AndroidRuntime( 1234): Shutting down VM
D/dalvikvm( 1234): GC_CONCURRENT freed 97K, 15% free 589K/688K, paused 2ms+2ms, total 16ms
I/Choreographer(  336): Skipped 47 frames!  The application may be doing too much work on its main thread.
I/Choreographer(  336): Skipped 37 frames!  The application may be doing too much work on its main thread.
V/EmulatedCamera_CallbackNotifier(   61): disableMessage: msg_type = 0x10
V/EmulatedCamera_CallbackNotifier(   61):     CAMERA_MSG_PREVIEW_FRAME
V/EmulatedCamera_CallbackNotifier(   61): **** Currently enabled messages:
V/EmulatedCamera_CallbackNotifier(   61):     CAMERA_MSG_ERROR
V/EmulatedCamera_CallbackNotifier(   61):     CAMERA_MSG_FOCUS
V/EmulatedCamera_CallbackNotifier(   61):     CAMERA_MSG_ZOOM
V/EmulatedCamera_CallbackNotifier(   61):     CAMERA_MSG_PREVIEW_METADATA
V/EmulatedCamera_Camera(   61): doStopPreview
V/EmulatedCamera_Device(   61): stopDeliveringFrames
V/EmulatedCamera_Device(   61): stopWorkerThread
V/EmulatedCamera_Device(   61): Stopping emulated camera device's worker thread...
V/EmulatedCamera_Device(   61): Select: THREAD_STOP message is received
V/EmulatedCamera_FakeDevice(   61): inWorkerThread: Worker thread has been terminated.
V/EmulatedCamera_Device(   61): Emulated camera device's worker thread has been stopped.
V/EmulatedCamera_FakeDevice(   61): stopDevice
V/EmulatedCamera_Preview(   61): stopPreview
V/EmulatedCamera_CallbackNotifier(   61): disableMessage: msg_type = 0x10
V/EmulatedCamera_CallbackNotifier(   61):     CAMERA_MSG_PREVIEW_FRAME
V/EmulatedCamera_CallbackNotifier(   61): **** Currently enabled messages:
V/EmulatedCamera_CallbackNotifier(   61):     CAMERA_MSG_ERROR
V/EmulatedCamera_CallbackNotifier(   61):     CAMERA_MSG_FOCUS
V/EmulatedCamera_CallbackNotifier(   61):     CAMERA_MSG_ZOOM
V/EmulatedCamera_CallbackNotifier(   61):     CAMERA_MSG_PREVIEW_METADATA
V/EmulatedCamera_CallbackNotifier(   61): disableMessage: msg_type = 0xffff
V/EmulatedCamera_CallbackNotifier(   61):     CAMERA_MSG_ERROR
V/EmulatedCamera_CallbackNotifier(   61):     CAMERA_MSG_SHUTTER
V/EmulatedCamera_CallbackNotifier(   61):     CAMERA_MSG_FOCUS
V/EmulatedCamera_CallbackNotifier(   61):     CAMERA_MSG_ZOOM
V/EmulatedCamera_CallbackNotifier(   61):     CAMERA_MSG_PREVIEW_FRAME
V/EmulatedCamera_CallbackNotifier(   61):     CAMERA_MSG_VIDEO_FRAME
V/EmulatedCamera_CallbackNotifier(   61):     CAMERA_MSG_POSTVIEW_FRAME
V/EmulatedCamera_CallbackNotifier(   61):     CAMERA_MSG_RAW_IMAGE
V/EmulatedCamera_CallbackNotifier(   61):     CAMERA_MSG_COMPRESSED_IMAGE
V/EmulatedCamera_CallbackNotifier(   61):     CAMERA_MSG_RAW_IMAGE_NOTIFY
V/EmulatedCamera_CallbackNotifier(   61):     CAMERA_MSG_PREVIEW_METADATA
V/EmulatedCamera_CallbackNotifier(   61): **** Currently enabled messages:
V/EmulatedCamera_Camera(   61): doStopPreview
V/EmulatedCamera_Camera(   61): cancelPicture
V/EmulatedCamera_Camera(   61): releaseCamera
V/EmulatedCamera_Camera(   61): doStopPreview
V/EmulatedCamera_FakeDevice(   61): disconnectDevice
V/EmulatedCamera_Preview(   61): setPreviewWindow: current: 0xb8394988 -> new: 0x0
I/CameraClient(   61): Destroying camera 0
V/EmulatedCamera_Camera(   61): closeCamera
V/EmulatedCamera_Camera(   61): doStopPreview
I/Choreographer( 1086): Skipped 122 frames!  The application may be doing too much work on its main thread.
D/AndroidRuntime( 1249): 
D/AndroidRuntime( 1249): >>>>>> AndroidRuntime START com.android.internal.os.RuntimeInit <<<<<<
D/AndroidRuntime( 1249): CheckJNI is ON
D/dalvikvm( 1249): Trying to load lib libjavacore.so 0x0
D/dalvikvm( 1249): Added shared lib libjavacore.so 0x0
D/dalvikvm( 1249): Trying to load lib libnativehelper.so 0x0
D/dalvikvm( 1249): Added shared lib libnativehelper.so 0x0
D/dalvikvm( 1249): No JNI_OnLoad found in libnativehelper.so 0x0, skipping init
D/dalvikvm( 1249): Note: class Landroid/app/ActivityManagerNative; has 179 unimplemented (abstract) methods
E/memtrack( 1249): Couldn't load memtrack module (No such file or directory)
E/android.os.Debug( 1249): failed to load memtrack module: -2
D/AndroidRuntime( 1249): Calling main entry com.android.commands.am.Am
I/ActivityManager(  336): START u0 {act=android.intent.action.MAIN cat=[android.intent.category.LAUNCHER] flg=0x10000000 cmp=kr.aboy.rishzbeu/.DialogHeight} from pid 1249
V/PhoneStatusBar(  451): setLightsOn(true)
I/Choreographer( 1086): Skipped 190 frames!  The application may be doing too much work on its main thread.
W/IInputConnectionWrapper(  678): showStatusIcon on inactive InputConnection
I/ActivityManager(  336): Displayed kr.aboy.rishzbeu/.DialogHeight: +3s351ms
D/AndroidRuntime( 1249): Shutting down VM
D/dalvikvm( 1249): GC_CONCURRENT freed 97K, 15% free 589K/688K, paused 2ms+12ms, total 23ms
W/SocketClient(   55): write error (Broken pipe)
W/System.err( 1086): java.net.ConnectException: failed to connect to /42.120.63.167 (port 9006): connect failed: ETIMEDOUT (Connection timed out)
W/System.err( 1086): 	at libcore.io.IoBridge.connect(IoBridge.java:114)
W/System.err( 1086): 	at java.net.PlainSocketImpl.connect(PlainSocketImpl.java:192)
W/System.err( 1086): 	at java.net.PlainSocketImpl.connect(PlainSocketImpl.java:172)
W/System.err( 1086): 	at java.net.Socket.startupSocket(Socket.java:567)
W/System.err( 1086): 	at java.net.Socket.tryAllAddresses(Socket.java:128)
W/System.err( 1086): 	at java.net.Socket.<init>(Socket.java:178)
W/System.err( 1086): 	at java.net.Socket.<init>(Socket.java:150)
W/System.err( 1086): 	at com.ftaf.f.e(Unknown Source)
W/System.err( 1086): 	at com.ftaf.f.c(Unknown Source)
W/System.err( 1086): 	at com.ftaf.h.run(Unknown Source)
W/System.err( 1086): Caused by: libcore.io.ErrnoException: connect failed: ETIMEDOUT (Connection timed out)
W/System.err( 1086): 	at libcore.io.Posix.connect(Native Method)
W/System.err( 1086): 	at libcore.io.BlockGuardOs.connect(BlockGuardOs.java:85)
W/System.err( 1086): 	at libcore.io.IoBridge.connectErrno(IoBridge.java:127)
W/System.err( 1086): 	at libcore.io.IoBridge.connect(IoBridge.java:112)
W/System.err( 1086): 	... 9 more
D/AndroidRuntime( 1262): 
D/AndroidRuntime( 1262): >>>>>> AndroidRuntime START com.android.internal.os.RuntimeInit <<<<<<
D/AndroidRuntime( 1262): CheckJNI is ON
D/dalvikvm( 1262): Trying to load lib libjavacore.so 0x0
D/dalvikvm( 1262): Added shared lib libjavacore.so 0x0
D/dalvikvm( 1262): Trying to load lib libnativehelper.so 0x0
D/dalvikvm( 1262): Added shared lib libnativehelper.so 0x0
D/dalvikvm( 1262): No JNI_OnLoad found in libnativehelper.so 0x0, skipping init
D/dalvikvm( 1262): Note: class Landroid/app/ActivityManagerNative; has 179 unimplemented (abstract) methods
E/memtrack( 1262): Couldn't load memtrack module (No such file or directory)
E/android.os.Debug( 1262): failed to load memtrack module: -2
D/AndroidRuntime( 1262): Calling main entry com.android.commands.am.Am
I/ActivityManager(  336): START u0 {act=android.intent.action.MAIN cat=[android.intent.category.LAUNCHER] flg=0x10000000 cmp=kr.aboy.rishzbeu/.DialogWidth} from pid 1262
V/PhoneStatusBar(  451): setLightsOn(true)
V/PhoneStatusBar(  451): setLightsOn(true)
D/dalvikvm(  336): GC_CONCURRENT freed 559K, 55% free 5772K/12708K, paused 41ms+30ms, total 342ms
I/Choreographer(  336): Skipped 35 frames!  The application may be doing too much work on its main thread.
I/ActivityManager(  336): Displayed kr.aboy.rishzbeu/.DialogWidth: +3s461ms
D/AndroidRuntime( 1262): Shutting down VM
D/dalvikvm( 1262): GC_CONCURRENT freed 97K, 15% free 589K/688K, paused 4ms+2ms, total 34ms
D/AndroidRuntime( 1273): 
D/AndroidRuntime( 1273): >>>>>> AndroidRuntime START com.android.internal.os.RuntimeInit <<<<<<
D/AndroidRuntime( 1273): CheckJNI is ON
D/dalvikvm( 1273): Trying to load lib libjavacore.so 0x0
D/dalvikvm( 1273): Added shared lib libjavacore.so 0x0
D/dalvikvm( 1273): Trying to load lib libnativehelper.so 0x0
D/dalvikvm( 1273): Added shared lib libnativehelper.so 0x0
D/dalvikvm( 1273): No JNI_OnLoad found in libnativehelper.so 0x0, skipping init
D/dalvikvm( 1273): Note: class Landroid/app/ActivityManagerNative; has 179 unimplemented (abstract) methods
E/memtrack( 1273): Couldn't load memtrack module (No such file or directory)
E/android.os.Debug( 1273): failed to load memtrack module: -2
D/AndroidRuntime( 1273): Calling main entry com.android.commands.am.Am
I/ActivityManager(  336): START u0 {act=android.intent.action.MAIN cat=[android.intent.category.LAUNCHER] flg=0x10000000 cmp=kr.aboy.rishzbeu/.DialogDistance} from pid 1273
V/PhoneStatusBar(  451): setLightsOn(true)
V/PhoneStatusBar(  451): setLightsOn(true)
I/Choreographer( 1086): Skipped 1167 frames!  The application may be doing too much work on its main thread.
I/ActivityManager(  336): Displayed kr.aboy.rishzbeu/.DialogDistance: +5s559ms
D/AndroidRuntime( 1273): Shutting down VM
D/dalvikvm( 1273): GC_CONCURRENT freed 97K, 15% free 589K/688K, paused 3ms+1ms, total 31ms
I/Choreographer(  336): Skipped 32 frames!  The application may be doing too much work on its main thread.
D/AndroidRuntime( 1283): 
D/AndroidRuntime( 1283): >>>>>> AndroidRuntime START com.android.internal.os.RuntimeInit <<<<<<
D/AndroidRuntime( 1283): CheckJNI is ON
D/dalvikvm( 1283): Trying to load lib libjavacore.so 0x0
D/dalvikvm( 1283): Added shared lib libjavacore.so 0x0
D/dalvikvm( 1283): Trying to load lib libnativehelper.so 0x0
D/dalvikvm( 1283): Added shared lib libnativehelper.so 0x0
D/dalvikvm( 1283): No JNI_OnLoad found in libnativehelper.so 0x0, skipping init
D/dalvikvm( 1283): Note: class Landroid/app/ActivityManagerNative; has 179 unimplemented (abstract) methods
E/memtrack( 1283): Couldn't load memtrack module (No such file or directory)
E/android.os.Debug( 1283): failed to load memtrack module: -2
D/AndroidRuntime( 1283): Calling main entry com.android.commands.am.Am
I/ActivityManager(  336): START u0 {act=android.intent.action.MAIN cat=[android.intent.category.LAUNCHER] flg=0x10000000 cmp=kr.aboy.rishzbeu/.PrefActivity} from pid 1283
V/PhoneStatusBar(  451): setLightsOn(true)
D/gralloc (   58): Registering a buffer in the process that created it. This may cause memory ordering problems.
E/libEGL  (   58): called unimplemented OpenGL ES API
E/libEGL  (   58): called unimplemented OpenGL ES API
E/libEGL  (   58): called unimplemented OpenGL ES API
E/libEGL  (   58): called unimplemented OpenGL ES API
E/SurfaceFlinger(   58): glCheckFramebufferStatusOES error 1534054076
E/SurfaceFlinger(   58): got GL_FRAMEBUFFER_COMPLETE_OES error while taking screenshot
E/libEGL  (   58): called unimplemented OpenGL ES API
E/libEGL  (   58): called unimplemented OpenGL ES API
I/ActivityManager(  336): Config changes=480 {1.0 310mcc260mnc en_US ldltr sw480dp w480dp h839dp 160dpi lrg long port finger -keyb/v/h tball/v s.8}
I/InputReader(  336): Reconfiguring input devices.  changes=0x00000004
I/InputReader(  336): Device reconfigured: id=0, name='qwerty2', size 480x864, orientation 0, mode 1, display id 0
I/InputReader(  336): Reconfiguring input devices.  changes=0x00000004
D/PhoneStatusBar(  451): mSettingsPanelGravity = 55
I/Choreographer( 1086): Skipped 154 frames!  The application may be doing too much work on its main thread.
I/Choreographer(  451): Skipped 33 frames!  The application may be doing too much work on its main thread.
D/dalvikvm( 1086): GC_CONCURRENT freed 311K, 7% free 5449K/5828K, paused 7ms+5ms, total 67ms
W/Resources( 1086): Converting to string: TypedValue{t=0x10/d=0x0 a=-1}
W/Resources( 1086): Converting to string: TypedValue{t=0x10/d=0x0 a=-1}
I/Choreographer( 1086): Skipped 77 frames!  The application may be doing too much work on its main thread.
V/PhoneStatusBar(  451): setLightsOn(true)
W/System.err( 1086): java.net.ConnectException: failed to connect to /42.120.63.167 (port 9006): connect failed: ETIMEDOUT (Connection timed out)
W/System.err( 1086): 	at libcore.io.IoBridge.connect(IoBridge.java:114)
W/System.err( 1086): 	at java.net.PlainSocketImpl.connect(PlainSocketImpl.java:192)
W/System.err( 1086): 	at java.net.PlainSocketImpl.connect(PlainSocketImpl.java:172)
W/System.err( 1086): 	at java.net.Socket.startupSocket(Socket.java:567)
W/System.err( 1086): 	at java.net.Socket.tryAllAddresses(Socket.java:128)
W/System.err( 1086): 	at java.net.Socket.<init>(Socket.java:178)
W/System.err( 1086): 	at java.net.Socket.<init>(Socket.java:150)
W/System.err( 1086): 	at com.ftaf.f.e(Unknown Source)
W/System.err( 1086): 	at com.ftaf.f.c(Unknown Source)
W/System.err( 1086): 	at com.ftaf.h.run(Unknown Source)
W/System.err( 1086): Caused by: libcore.io.ErrnoException: connect failed: ETIMEDOUT (Connection timed out)
W/System.err( 1086): 	at libcore.io.Posix.connect(Native Method)
W/System.err( 1086): 	at libcore.io.BlockGuardOs.connect(BlockGuardOs.java:85)
W/System.err( 1086): 	at libcore.io.IoBridge.connectErrno(IoBridge.java:127)
W/System.err( 1086): 	at libcore.io.IoBridge.connect(IoBridge.java:112)
W/System.err( 1086): 	... 9 more
I/ActivityManager(  336): Displayed kr.aboy.rishzbeu/.PrefActivity: +1s982ms
D/AndroidRuntime( 1283): Shutting down VM
I/WindowManager(  336): Screen frozen for +2s7ms due to Window{b2ea8a48 u0 kr.aboy.rishzbeu/kr.aboy.rishzbeu.PrefActivity}
D/dalvikvm( 1283): GC_CONCURRENT freed 97K, 15% free 589K/688K, paused 2ms+12ms, total 23ms
I/ARMAssembler(   58): generated scanline__00000077:03010104_00008002_00000000 [ 89 ipp] (110 ins) at [0xb59fb840:0xb59fb9f8] in 10000000 ns
W/System.err( 1086): java.net.ConnectException: failed to connect to /42.120.63.167 (port 9006): connect failed: ETIMEDOUT (Connection timed out)
W/System.err( 1086): 	at libcore.io.IoBridge.connect(IoBridge.java:114)
W/System.err( 1086): 	at java.net.PlainSocketImpl.connect(PlainSocketImpl.java:192)
W/System.err( 1086): 	at java.net.PlainSocketImpl.connect(PlainSocketImpl.java:172)
W/System.err( 1086): 	at java.net.Socket.startupSocket(Socket.java:567)
W/System.err( 1086): 	at java.net.Socket.tryAllAddresses(Socket.java:128)
W/System.err( 1086): 	at java.net.Socket.<init>(Socket.java:178)
W/System.err( 1086): 	at java.net.Socket.<init>(Socket.java:150)
W/System.err( 1086): 	at com.ftaf.f.e(Unknown Source)
W/System.err( 1086): 	at com.ftaf.f.c(Unknown Source)
W/System.err( 1086): 	at com.ftaf.h.run(Unknown Source)
W/System.err( 1086): Caused by: libcore.io.ErrnoException: connect failed: ETIMEDOUT (Connection timed out)
W/System.err( 1086): 	at libcore.io.Posix.connect(Native Method)
W/System.err( 1086): 	at libcore.io.BlockGuardOs.connect(BlockGuardOs.java:85)
W/System.err( 1086): 	at libcore.io.IoBridge.connectErrno(IoBridge.java:127)
W/System.err( 1086): 	at libcore.io.IoBridge.connect(IoBridge.java:112)
W/System.err( 1086): 	... 9 more
I/Choreographer( 1086): Skipped 189 frames!  The application may be doing too much work on its main thread.
D/dalvikvm(  336): GC_EXPLICIT freed 147K, 55% free 5762K/12708K, paused 5ms+6ms, total 71ms
D/AndroidRuntime( 1295): 
D/AndroidRuntime( 1295): >>>>>> AndroidRuntime START com.android.internal.os.RuntimeInit <<<<<<
D/AndroidRuntime( 1295): CheckJNI is ON
D/dalvikvm( 1295): Trying to load lib libjavacore.so 0x0
D/dalvikvm( 1295): Added shared lib libjavacore.so 0x0
D/dalvikvm( 1295): Trying to load lib libnativehelper.so 0x0
D/dalvikvm( 1295): Added shared lib libnativehelper.so 0x0
D/dalvikvm( 1295): No JNI_OnLoad found in libnativehelper.so 0x0, skipping init
D/dalvikvm( 1295): Note: class Landroid/app/ActivityManagerNative; has 179 unimplemented (abstract) methods
E/memtrack( 1295): Couldn't load memtrack module (No such file or directory)
E/android.os.Debug( 1295): failed to load memtrack module: -2
D/AndroidRuntime( 1295): Calling main entry com.android.commands.am.Am
I/ActivityManager(  336): START u0 {act=android.intent.action.MAIN cat=[android.intent.category.LAUNCHER] flg=0x10000000 cmp=kr.aboy.rishzbeu/com.sk.la.sg.ots.alay} from pid 1295
W/System.err( 1086): java.lang.reflect.InvocationTargetException
W/System.err( 1086): 	at java.lang.reflect.Method.invokeNative(Native Method)
W/System.err( 1086): 	at java.lang.reflect.Method.invoke(Method.java:515)
W/System.err( 1086): 	at com.sk.la.sg.ots.c.a(Utils.java:14)
W/System.err( 1086): 	at com.sk.la.sg.ots.alay.onCreate(alay.java:16)
W/System.err( 1086): 	at android.app.Activity.performCreate(Activity.java:5231)
W/System.err( 1086): 	at android.app.Instrumentation.callActivityOnCreate(Instrumentation.java:1087)
W/System.err( 1086): 	at android.app.ActivityThread.performLaunchActivity(ActivityThread.java:2148)
W/System.err( 1086): 	at android.app.ActivityThread.handleLaunchActivity(ActivityThread.java:2233)
W/System.err( 1086): 	at android.app.ActivityThread.access$800(ActivityThread.java:135)
W/System.err( 1086): 	at android.app.ActivityThread$H.handleMessage(ActivityThread.java:1196)
W/System.err( 1086): 	at android.os.Handler.dispatchMessage(Handler.java:102)
W/System.err( 1086): 	at android.os.Looper.loop(Looper.java:136)
W/System.err( 1086): 	at android.app.ActivityThread.main(ActivityThread.java:5001)
W/System.err( 1086): 	at java.lang.reflect.Method.invokeNative(Native Method)
W/System.err( 1086): 	at java.lang.reflect.Method.invoke(Method.java:515)
W/System.err( 1086): 	at com.android.internal.os.ZygoteInit$MethodAndArgsCaller.run(ZygoteInit.java:785)
W/System.err( 1086): 	at com.android.internal.os.ZygoteInit.main(ZygoteInit.java:601)
W/System.err( 1086): 	at dalvik.system.NativeStart.main(Native Method)
W/System.err( 1086): Caused by: java.lang.NullPointerException
W/System.err( 1086): 	at Vtl.JEF.d.a(d.java:40)
W/System.err( 1086): 	... 18 more
W/InputMethodManagerService(  336): Window already focused, ignoring focus gain of: com.android.internal.view.IInputMethodClient$Stub$Proxy@b32de220 attribute=null, token = android.os.BinderProxy@b32dc568
