I/PackageManager(  336):   Category: "android.intent.category.DEFAULT"
I/PackageManager(  336):   Scheme: "mmsto"
I/PackageManager(  336): Adding preferred activity ComponentInfo{com.android.mms/com.android.mms.ui.ComposeMessageActivity} for user 0 :
D/dalvikvm(  336): GC_CONCURRENT freed 775K, 58% free 5428K/12712K, paused 14ms+4ms, total 216ms
I/ActivityManager(  336): Start proc com.android.printspooler for service com.android.printspooler/.PrintSpoolerService: pid=691 uid=10039 gids={50039}
D/dalvikvm(  591): GC_CONCURRENT freed 357K, 13% free 3013K/3440K, paused 4ms+24ms, total 79ms
E/BluetoothAdapter(  602): Bluetooth binder is null
E/BluetoothAdapter(  602): Bluetooth binder is null
I/PrintSpoolerService(  691): No existing print spooler state.
D/CallNotifier(  602): CallNotifier: mSignalInfoToneGenerator created when toneplay
E/BluetoothAdapter(  602): Bluetooth binder is null
D/dalvikvm(  591): GC_CONCURRENT freed 461K, 16% free 2991K/3540K, paused 7ms+2ms, total 156ms
D/MobileDataStateTracker(  336): fota: Broadcast received: android.intent.action.ANY_DATA_STATE apnType=fota
D/MobileDataStateTracker(  336): fota: Received state=DISCONNECTED, old=DISCONNECTED, reason=radioTurnedOff
D/MobileDataStateTracker(  336): ia: Broadcast received: android.intent.action.ANY_DATA_STATE apnType=ia
I/LatinIME:LogUtils(  591): Dictionary info: dictionary = main:en ; version = 42 ; date = 1381226429
D/MobileDataStateTracker(  336): ia: Received state=DISCONNECTED, old=DISCONNECTED, reason=radioTurnedOff
D/MobileDataStateTracker(  336): supl: Broadcast received: android.intent.action.ANY_DATA_STATE apnType=supl
D/MobileDataStateTracker(  336): supl: Received state=DISCONNECTED, old=DISCONNECTED, reason=radioTurnedOff
D/MobileDataStateTracker(  336): hipri: Broadcast received: android.intent.action.ANY_DATA_STATE apnType=hipri
D/MobileDataStateTracker(  336): hipri: Received state=DISCONNECTED, old=DISCONNECTED, reason=radioTurnedOff
D/MobileDataStateTracker(  336): ims: Broadcast received: android.intent.action.ANY_DATA_STATE apnType=ims
D/MobileDataStateTracker(  336): ims: Received state=DISCONNECTED, old=DISCONNECTED, reason=radioTurnedOff
D/MobileDataStateTracker(  336): default: Broadcast received: android.intent.action.ANY_DATA_STATE apnType=default
D/MobileDataStateTracker(  336): default: Received state=DISCONNECTED, old=DISCONNECTED, reason=radioTurnedOff
D/MobileDataStateTracker(  336): mms: Broadcast received: android.intent.action.ANY_DATA_STATE apnType=mms
D/MobileDataStateTracker(  336): mms: Received state=DISCONNECTED, old=DISCONNECTED, reason=radioTurnedOff
I/LatinIME:LogUtils(  591): Dictionary info: dictionary = main:en ; version = 42 ; date = 1381226429
D/MobileDataStateTracker(  336): cbs: Broadcast received: android.intent.action.ANY_DATA_STATE apnType=cbs
D/MobileDataStateTracker(  336): cbs: Received state=DISCONNECTED, old=DISCONNECTED, reason=radioTurnedOff
D/MobileDataStateTracker(  336): fota: Broadcast received: android.intent.action.ANY_DATA_STATE apnType=fota
D/MobileDataStateTracker(  336): fota: Received state=DISCONNECTED, old=DISCONNECTED, reason=radioTurnedOff
D/MobileDataStateTracker(  336): ia: Broadcast received: android.intent.action.ANY_DATA_STATE apnType=ia
D/MobileDataStateTracker(  336): ia: Received state=DISCONNECTED, old=DISCONNECTED, reason=radioTurnedOff
D/MobileDataStateTracker(  336): supl: Broadcast received: android.intent.action.ANY_DATA_STATE apnType=supl
D/MobileDataStateTracker(  336): supl: Received state=DISCONNECTED, old=DISCONNECTED, reason=radioTurnedOff
D/MobileDataStateTracker(  336): hipri: Broadcast received: android.intent.action.ANY_DATA_STATE apnType=hipri
D/MobileDataStateTracker(  336): hipri: Received state=DISCONNECTED, old=DISCONNECTED, reason=radioTurnedOff
D/MobileDataStateTracker(  336): ims: Broadcast received: android.intent.action.ANY_DATA_STATE apnType=ims
D/MobileDataStateTracker(  336): ims: Received state=DISCONNECTED, old=DISCONNECTED, reason=radioTurnedOff
I/LatinIME:LogUtils(  591): Dictionary info: dictionary = main:en ; version = 42 ; date = 1381226429
D/MobileDataStateTracker(  336): default: Broadcast received: android.intent.action.ANY_DATA_STATE apnType=default
D/MobileDataStateTracker(  336): default: Received state=DISCONNECTED, old=DISCONNECTED, reason=radioTurnedOff
D/MobileDataStateTracker(  336): mms: Broadcast received: android.intent.action.ANY_DATA_STATE apnType=mms
D/MobileDataStateTracker(  336): mms: Received state=DISCONNECTED, old=DISCONNECTED, reason=radioTurnedOff
D/MobileDataStateTracker(  336): cbs: Broadcast received: android.intent.action.ANY_DATA_STATE apnType=cbs
D/MobileDataStateTracker(  336): cbs: Received state=DISCONNECTED, old=DISCONNECTED, reason=radioTurnedOff
D/MobileDataStateTracker(  336): fota: Broadcast received: android.intent.action.ANY_DATA_STATE apnType=fota
D/MobileDataStateTracker(  336): fota: Received state=DISCONNECTED, old=DISCONNECTED, reason=dataDetached
D/MobileDataStateTracker(  336): ia: Broadcast received: android.intent.action.ANY_DATA_STATE apnType=ia
D/MobileDataStateTracker(  336): ia: Received state=DISCONNECTED, old=DISCONNECTED, reason=dataDetached
D/MobileDataStateTracker(  336): supl: Broadcast received: android.intent.action.ANY_DATA_STATE apnType=supl
D/MobileDataStateTracker(  336): supl: Received state=DISCONNECTED, old=DISCONNECTED, reason=dataDetached
D/MobileDataStateTracker(  336): hipri: Broadcast received: android.intent.action.ANY_DATA_STATE apnType=hipri
D/MobileDataStateTracker(  336): hipri: Received state=DISCONNECTED, old=DISCONNECTED, reason=dataDetached
D/MobileDataStateTracker(  336): ims: Broadcast received: android.intent.action.ANY_DATA_STATE apnType=ims
D/MobileDataStateTracker(  336): ims: Received state=DISCONNECTED, old=DISCONNECTED, reason=dataDetached
D/MobileDataStateTracker(  336): default: Broadcast received: android.intent.action.ANY_DATA_STATE apnType=default
I/LatinIME:LogUtils(  591): Dictionary info: dictionary = main:en ; version = 42 ; date = 1381226429
D/MobileDataStateTracker(  336): default: Received state=DISCONNECTED, old=DISCONNECTED, reason=dataDetached
D/MobileDataStateTracker(  336): mms: Broadcast received: android.intent.action.ANY_DATA_STATE apnType=mms
D/MobileDataStateTracker(  336): mms: Received state=DISCONNECTED, old=DISCONNECTED, reason=dataDetached
D/MobileDataStateTracker(  336): cbs: Broadcast received: android.intent.action.ANY_DATA_STATE apnType=cbs
D/MobileDataStateTracker(  336): cbs: Received state=DISCONNECTED, old=DISCONNECTED, reason=dataDetached
D/MobileDataStateTracker(  336): fota: Broadcast received: android.intent.action.ANY_DATA_STATE apnType=fota
D/MobileDataStateTracker(  336): fota: Received state=DISCONNECTED, old=DISCONNECTED, reason=roamingOff
D/MobileDataStateTracker(  336): ia: Broadcast received: android.intent.action.ANY_DATA_STATE apnType=ia
D/MobileDataStateTracker(  336): ia: Received state=DISCONNECTED, old=DISCONNECTED, reason=roamingOff
D/MobileDataStateTracker(  336): supl: Broadcast received: android.intent.action.ANY_DATA_STATE apnType=supl
D/MobileDataStateTracker(  336): supl: Received state=DISCONNECTED, old=DISCONNECTED, reason=roamingOff
D/MobileDataStateTracker(  336): hipri: Broadcast received: android.intent.action.ANY_DATA_STATE apnType=hipri
D/MobileDataStateTracker(  336): hipri: Received state=DISCONNECTED, old=DISCONNECTED, reason=roamingOff
D/MobileDataStateTracker(  336): ims: Broadcast received: android.intent.action.ANY_DATA_STATE apnType=ims
D/MobileDataStateTracker(  336): ims: Received state=DISCONNECTED, old=DISCONNECTED, reason=roamingOff
I/LatinIME:LogUtils(  591): Dictionary info: dictionary = main:en ; version = 42 ; date = 1381226429
D/MobileDataStateTracker(  336): default: Broadcast received: android.intent.action.ANY_DATA_STATE apnType=default
I/LatinIME:LogUtils(  591): Dictionary info: dictionary = main:en ; version = 42 ; date = 1381226429
I/LatinIME:LogUtils(  591): Dictionary info: dictionary = main:en ; version = 42 ; date = 1381226429
I/LatinIME:LogUtils(  591): Dictionary info: dictionary = main:en ; version = 42 ; date = 1381226429
D/MobileDataStateTracker(  336): default: Received state=DISCONNECTED, old=DISCONNECTED, reason=roamingOff
D/MobileDataStateTracker(  336): mms: Broadcast received: android.intent.action.ANY_DATA_STATE apnType=mms
D/MobileDataStateTracker(  336): mms: Received state=DISCONNECTED, old=DISCONNECTED, reason=roamingOff
D/MobileDataStateTracker(  336): cbs: Broadcast received: android.intent.action.ANY_DATA_STATE apnType=cbs
D/MobileDataStateTracker(  336): cbs: Received state=DISCONNECTED, old=DISCONNECTED, reason=roamingOff
D/MobileDataStateTracker(  336): fota: Broadcast received: android.intent.action.ANY_DATA_STATE apnType=fota
D/MobileDataStateTracker(  336): fota: Received state=DISCONNECTED, old=DISCONNECTED, reason=roamingOff
D/MobileDataStateTracker(  336): ia: Broadcast received: android.intent.action.ANY_DATA_STATE apnType=ia
D/MobileDataStateTracker(  336): ia: Received state=DISCONNECTED, old=DISCONNECTED, reason=roamingOff
D/MobileDataStateTracker(  336): supl: Broadcast received: android.intent.action.ANY_DATA_STATE apnType=supl
D/MobileDataStateTracker(  336): supl: Received state=DISCONNECTED, old=DISCONNECTED, reason=roamingOff
D/MobileDataStateTracker(  336): hipri: Broadcast received: android.intent.action.ANY_DATA_STATE apnType=hipri
D/MobileDataStateTracker(  336): hipri: Received state=DISCONNECTED, old=DISCONNECTED, reason=roamingOff
D/MobileDataStateTracker(  336): ims: Broadcast received: android.intent.action.ANY_DATA_STATE apnType=ims
D/MobileDataStateTracker(  336): ims: Received state=DISCONNECTED, old=DISCONNECTED, reason=roamingOff
D/MobileDataStateTracker(  336): default: Broadcast received: android.intent.action.ANY_DATA_STATE apnType=default
D/MobileDataStateTracker(  336): default: Received state=DISCONNECTED, old=DISCONNECTED, reason=roamingOff
D/MobileDataStateTracker(  336): mms: Broadcast received: android.intent.action.ANY_DATA_STATE apnType=mms
D/MobileDataStateTracker(  336): mms: Received state=DISCONNECTED, old=DISCONNECTED, reason=roamingOff
D/dalvikvm(  602): GC_CONCURRENT freed 296K, 11% free 3052K/3416K, paused 7ms+2ms, total 191ms
D/MobileDataStateTracker(  336): cbs: Broadcast received: android.intent.action.ANY_DATA_STATE apnType=cbs
D/TelephonyDebugService(  602): TelephonyDebugService()
D/MobileDataStateTracker(  336): cbs: Received state=DISCONNECTED, old=DISCONNECTED, reason=roamingOff
D/MccTable(  602): updateMccMncConfiguration: mcc=310, mnc=260
D/AlarmManagerService(  336): Kernel timezone updated to 300 minutes west of GMT
D/MccTable(  602): timezone set to America/New_York
D/MccTable(  602): getLocaleFromMcc to en_us mcc=310
D/MccTable(  602): getLocaleForLanguageCountry: got match
D/MccTable(  602): getLocaleForLanguageCountry: X locale=en_US
D/MccTable(  602): WIFI_COUNTRY_CODE set to us
I/WifiService(  336): WifiService trying to set country code to us with persist set to true
D/dalvikvm(  602): GC_CONCURRENT freed 304K, 11% free 3158K/3532K, paused 16ms+2ms, total 136ms
D/dalvikvm(  678): GC_CONCURRENT freed 172K, 8% free 2948K/3192K, paused 6ms+2ms, total 152ms
D/MccTable(  602): updateMccMncConfiguration: mcc=310, mnc=260
D/MccTable(  602): getLocaleFromMcc to en_us mcc=310
D/MccTable(  602): getLocaleForLanguageCountry: got match
D/MccTable(  602): getLocaleForLanguageCountry: X locale=en_US
D/MccTable(  602): updateMccMncConfiguration updateConfig config={1.0 310mcc260mnc en_US ldltr ?swdp ?wdp ?hdp ?density ?lsize ?long ?orien ?uimode ?night ?touch ?keyb/?/? ?nav/?}
I/ActivityManager(  336): Config changes=3 {1.0 310mcc260mnc en_US ldltr sw480dp w480dp h839dp 160dpi lrg long port finger -keyb/v/h tball/v s.6}
D/PermissionCache(   58): checking android.permission.READ_FRAME_BUFFER for uid=1000 => granted (6119 us)
D/PhoneStatusBar(  451): mSettingsPanelGravity = 55
D/gralloc (   58): Registering a buffer in the process that created it. This may cause memory ordering problems.
E/libEGL  (   58): called unimplemented OpenGL ES API
E/libEGL  (   58): called unimplemented OpenGL ES API
E/libEGL  (   58): called unimplemented OpenGL ES API
E/libEGL  (   58): called unimplemented OpenGL ES API
E/SurfaceFlinger(   58): glCheckFramebufferStatusOES error 1534054076
E/SurfaceFlinger(   58): got GL_FRAMEBUFFER_COMPLETE_OES error while taking screenshot
E/libEGL  (   58): called unimplemented OpenGL ES API
E/libEGL  (   58): called unimplemented OpenGL ES API
I/ARMAssembler(   58): generated scanline__00000077:03515104_00008001_00000000 [113 ipp] (134 ins) at [0xb59fb1f0:0xb59fb408] in 10000000 ns
D/MccTable(  602): updateMccMncConfiguration: mcc=310, mnc=260
D/MccTable(  602): getLocaleFromMcc to en_us mcc=310
D/MccTable(  602): getLocaleForLanguageCountry: skipping already persisted
D/MccTable(  602): getLocaleForLanguageCountry: X locale=null
D/MccTable(  602): updateMccMncConfiguration updateConfig config={1.0 310mcc260mnc ?locale ?layoutDir ?swdp ?wdp ?hdp ?density ?lsize ?long ?orien ?uimode ?night ?touch ?keyb/?/? ?nav/?}
D/dalvikvm(  336): GC_CONCURRENT freed 618K, 57% free 5492K/12712K, paused 6ms+11ms, total 226ms
D/dalvikvm(  336): WAIT_FOR_CONCURRENT_GC blocked 86ms
I/FusedLocation(  336): engine stopped (com.android.location.fused)
I/FusedLocation(  336): engine started (com.android.location.fused)
D/MobileDataStateTracker(  336): fota: Broadcast received: android.intent.action.ANY_DATA_STATE apnType=fota
D/MobileDataStateTracker(  336): fota: Received state=DISCONNECTED, old=DISCONNECTED, reason=dataAttached
D/MobileDataStateTracker(  336): ia: Broadcast received: android.intent.action.ANY_DATA_STATE apnType=ia
D/MobileDataStateTracker(  336): ia: Received state=DISCONNECTED, old=DISCONNECTED, reason=dataAttached
D/dalvikvm(  602): GC_CONCURRENT freed 323K, 11% free 3344K/3736K, paused 5ms+19ms, total 91ms
D/dalvikvm(  602): WAIT_FOR_CONCURRENT_GC blocked 3ms
D/dalvikvm(  336): GC_CONCURRENT freed 691K, 57% free 5502K/12712K, paused 6ms+5ms, total 164ms
D/dalvikvm(  336): WAIT_FOR_CONCURRENT_GC blocked 59ms
D/MobileDataStateTracker(  336): supl: Broadcast received: android.intent.action.ANY_DATA_STATE apnType=supl
D/MobileDataStateTracker(  336): supl: Received state=DISCONNECTED, old=DISCONNECTED, reason=dataAttached
D/MobileDataStateTracker(  336): hipri: Broadcast received: android.intent.action.ANY_DATA_STATE apnType=hipri
D/MobileDataStateTracker(  336): hipri: Received state=DISCONNECTED, old=DISCONNECTED, reason=dataAttached
D/MobileDataStateTracker(  336): ims: Broadcast received: android.intent.action.ANY_DATA_STATE apnType=ims
D/MobileDataStateTracker(  336): ims: Received state=DISCONNECTED, old=DISCONNECTED, reason=dataAttached
D/MobileDataStateTracker(  336): mms: Broadcast received: android.intent.action.ANY_DATA_STATE apnType=mms
D/MobileDataStateTracker(  336): mms: Received state=DISCONNECTED, old=DISCONNECTED, reason=dataAttached
D/MobileDataStateTracker(  336): cbs: Broadcast received: android.intent.action.ANY_DATA_STATE apnType=cbs
D/MobileDataStateTracker(  336): cbs: Received state=DISCONNECTED, old=DISCONNECTED, reason=dataAttached
D/dalvikvm(  678): GC_FOR_ALLOC freed 185K, 8% free 3111K/3368K, paused 68ms, total 70ms
I/dalvikvm-heap(  678): Grow heap (frag case) to 3.715MB for 640016-byte allocation
D/MobileDataStateTracker(  336): fota: Broadcast received: android.intent.action.ANY_DATA_STATE apnType=fota
D/MobileDataStateTracker(  336): fota: Received state=DISCONNECTED, old=DISCONNECTED, reason=dataAttached
D/MobileDataStateTracker(  336): ia: Broadcast received: android.intent.action.ANY_DATA_STATE apnType=ia
D/MobileDataStateTracker(  336): ia: Received state=DISCONNECTED, old=DISCONNECTED, reason=dataAttached
D/MobileDataStateTracker(  336): supl: Broadcast received: android.intent.action.ANY_DATA_STATE apnType=supl
D/MobileDataStateTracker(  336): supl: Received state=DISCONNECTED, old=DISCONNECTED, reason=dataAttached
D/MobileDataStateTracker(  336): hipri: Broadcast received: android.intent.action.ANY_DATA_STATE apnType=hipri
D/MobileDataStateTracker(  336): hipri: Received state=DISCONNECTED, old=DISCONNECTED, reason=dataAttached
D/MobileDataStateTracker(  336): ims: Broadcast received: android.intent.action.ANY_DATA_STATE apnType=ims
D/dalvikvm(  678): GC_FOR_ALLOC freed 2K, 7% free 3733K/3996K, paused 134ms, total 134ms
D/MobileDataStateTracker(  336): ims: Received state=DISCONNECTED, old=DISCONNECTED, reason=dataAttached
D/MobileDataStateTracker(  336): mms: Broadcast received: android.intent.action.ANY_DATA_STATE apnType=mms
D/MobileDataStateTracker(  336): mms: Received state=DISCONNECTED, old=DISCONNECTED, reason=dataAttached
D/MobileDataStateTracker(  336): cbs: Broadcast received: android.intent.action.ANY_DATA_STATE apnType=cbs
D/MobileDataStateTracker(  336): cbs: Received state=DISCONNECTED, old=DISCONNECTED, reason=dataAttached
D/dalvikvm(  678): GC_CONCURRENT freed 7K, 7% free 3726K/3996K, paused 5ms+52ms, total 117ms
D/MobileDataStateTracker(  336): fota: Broadcast received: android.intent.action.ANY_DATA_STATE apnType=fota
D/MobileDataStateTracker(  336): fota: Received state=DISCONNECTED, old=DISCONNECTED, reason=simLoaded
D/MobileDataStateTracker(  336): ia: Broadcast received: android.intent.action.ANY_DATA_STATE apnType=ia
D/MobileDataStateTracker(  336): ia: Received state=DISCONNECTED, old=DISCONNECTED, reason=simLoaded
D/MobileDataStateTracker(  336): supl: Broadcast received: android.intent.action.ANY_DATA_STATE apnType=supl
D/MobileDataStateTracker(  336): supl: Received state=DISCONNECTED, old=DISCONNECTED, reason=simLoaded
D/MobileDataStateTracker(  336): hipri: Broadcast received: android.intent.action.ANY_DATA_STATE apnType=hipri
D/MobileDataStateTracker(  336): hipri: Received state=DISCONNECTED, old=DISCONNECTED, reason=simLoaded
D/MobileDataStateTracker(  336): ims: Broadcast received: android.intent.action.ANY_DATA_STATE apnType=ims
D/dalvikvm(  336): GC_CONCURRENT freed 570K, 57% free 5555K/12712K, paused 37ms+5ms, total 327ms
D/MobileDataStateTracker(  336): ims: Received state=DISCONNECTED, old=DISCONNECTED, reason=simLoaded
D/MobileDataStateTracker(  336): mms: Broadcast received: android.intent.action.ANY_DATA_STATE apnType=mms
D/MobileDataStateTracker(  336): mms: Received state=DISCONNECTED, old=DISCONNECTED, reason=simLoaded
D/MobileDataStateTracker(  336): cbs: Broadcast received: android.intent.action.ANY_DATA_STATE apnType=cbs
D/MobileDataStateTracker(  336): cbs: Received state=DISCONNECTED, old=DISCONNECTED, reason=simLoaded
D/dalvikvm(  602): GC_CONCURRENT freed 498K, 15% free 3282K/3852K, paused 7ms+4ms, total 51ms
D/MobileDataStateTracker(  336): default: Broadcast received: android.intent.action.ANY_DATA_STATE apnType=default
D/MobileDataStateTracker(  336): default: Received state=CONNECTING, old=DISCONNECTED, reason=simLoaded
D/MobileDataStateTracker(  336): default: setDetailed state, old =IDLE and new state=CONNECTING
D/MobileDataStateTracker(  336): fota: Broadcast received: android.intent.action.ANY_DATA_STATE apnType=fota
D/MobileDataStateTracker(  336): fota: Received state=DISCONNECTED, old=DISCONNECTED, reason=simLoaded
D/MobileDataStateTracker(  336): ia: Broadcast received: android.intent.action.ANY_DATA_STATE apnType=ia
D/MobileDataStateTracker(  336): ia: Received state=DISCONNECTED, old=DISCONNECTED, reason=simLoaded
D/MobileDataStateTracker(  336): supl: Broadcast received: android.intent.action.ANY_DATA_STATE apnType=supl
D/MobileDataStateTracker(  336): supl: Received state=DISCONNECTED, old=DISCONNECTED, reason=simLoaded
D/MobileDataStateTracker(  336): hipri: Broadcast received: android.intent.action.ANY_DATA_STATE apnType=hipri
D/MobileDataStateTracker(  336): hipri: Received state=DISCONNECTED, old=DISCONNECTED, reason=simLoaded
D/MobileDataStateTracker(  336): ims: Broadcast received: android.intent.action.ANY_DATA_STATE apnType=ims
D/MobileDataStateTracker(  336): ims: Received state=DISCONNECTED, old=DISCONNECTED, reason=simLoaded
D/MobileDataStateTracker(  336): mms: Broadcast received: android.intent.action.ANY_DATA_STATE apnType=mms
D/MobileDataStateTracker(  336): mms: Received state=DISCONNECTED, old=DISCONNECTED, reason=simLoaded
D/MobileDataStateTracker(  336): cbs: Broadcast received: android.intent.action.ANY_DATA_STATE apnType=cbs
D/MobileDataStateTracker(  336): cbs: Received state=DISCONNECTED, old=DISCONNECTED, reason=simLoaded
D/MobileDataStateTracker(  336): default: Broadcast received: android.intent.action.ANY_DATA_STATE apnType=default
D/MobileDataStateTracker(  336): default: Received state=CONNECTED, old=CONNECTING, reason=connected
D/MobileDataStateTracker(  336): default: setDetailed state, old =CONNECTING and new state=CONNECTED
D/ConnectivityService(  336): ConnectivityChange for mobile: CONNECTED/CONNECTED
D/ConnectivityService(  336): ConnectivityChange checkMobileProvisioning for TYPE_MOBILE or ProvisioningNetwork
D/ConnectivityService(  336): checkMobileProvisioning: E suggestedTimeOutMs=60000
D/ConnectivityService(  336): setProvNotificationVisible: E visible=false networkType=5 extraInfo=null url=null
D/ConnectivityService(  336): checkMobileProvisioning: params={ url=http://clients3.google.com/generate_204 mTimeOutMs=60000 mCb=com.android.server.ConnectivityService$5@b3625608}
D/ConnectivityService(  336): checkMobileProvisioning: X
D/MobileDataStateTracker(  336): default: isProvisioningNetwork: retVal=false
D/ConnectivityService(  336): [CheckMp] isMobileOk: isDefaultProvisioning=false
D/MobileDataStateTracker(  336): hipri: isProvisioningNetwork: retVal=false
D/ConnectivityService(  336): [CheckMp] isMobileOk: isHipriProvisioning=false
D/ConnectivityService(  336): [CheckMp] isMobileOk: start hipri url=http://clients3.google.com/generate_204
D/ConnectivityService(  336): startUsingNetworkFeature reconnecting to 0: enableHIPRI
D/MobileDataStateTracker(  336): hipri: Broadcast received: android.intent.action.ANY_DATA_STATE apnType=hipri
D/Nat464Xlat(  336): requiresClat: netType=0, hasIPv4Address=true
D/dalvikvm(  602): GC_CONCURRENT freed 490K, 15% free 3306K/3864K, paused 5ms+2ms, total 97ms
D/dalvikvm(  602): WAIT_FOR_CONCURRENT_GC blocked 60ms
D/dalvikvm(  602): WAIT_FOR_CONCURRENT_GC blocked 72ms
D/dalvikvm(  602): WAIT_FOR_CONCURRENT_GC blocked 59ms
D/dalvikvm(  602): WAIT_FOR_CONCURRENT_GC blocked 59ms
D/MobileDataStateTracker(  336): hipri: Received state=CONNECTING, old=DISCONNECTED, reason=dataEnabled
D/MobileDataStateTracker(  336): hipri: setDetailed state, old =IDLE and new state=CONNECTING
D/MobileDataStateTracker(  336): fota: Broadcast received: android.intent.action.ANY_DATA_STATE apnType=fota
D/MobileDataStateTracker(  336): fota: Received state=DISCONNECTED, old=DISCONNECTED, reason=dataEnabled
D/MobileDataStateTracker(  336): ia: Broadcast received: android.intent.action.ANY_DATA_STATE apnType=ia
D/MobileDataStateTracker(  336): ia: Received state=DISCONNECTED, old=DISCONNECTED, reason=dataEnabled
D/MobileDataStateTracker(  336): supl: Broadcast received: android.intent.action.ANY_DATA_STATE apnType=supl
D/MobileDataStateTracker(  336): supl: Received state=DISCONNECTED, old=DISCONNECTED, reason=dataEnabled
D/MobileDataStateTracker(  336): ims: Broadcast received: android.intent.action.ANY_DATA_STATE apnType=ims
D/MobileDataStateTracker(  336): ims: Received state=DISCONNECTED, old=DISCONNECTED, reason=dataEnabled
D/MobileDataStateTracker(  336): mms: Broadcast received: android.intent.action.ANY_DATA_STATE apnType=mms
D/MobileDataStateTracker(  336): mms: Received state=DISCONNECTED, old=DISCONNECTED, reason=dataEnabled
D/MobileDataStateTracker(  336): cbs: Broadcast received: android.intent.action.ANY_DATA_STATE apnType=cbs
D/MobileDataStateTracker(  336): cbs: Received state=DISCONNECTED, old=DISCONNECTED, reason=dataEnabled
I/NetworkPolicy(  336): no policy for active mobile network; generating default policy
D/MobileDataStateTracker(  336): hipri: Broadcast received: android.intent.action.ANY_DATA_STATE apnType=hipri
D/MobileDataStateTracker(  336): hipri: Received state=CONNECTED, old=CONNECTING, reason=dataEnabled
D/MobileDataStateTracker(  336): hipri: setDetailed state, old =CONNECTING and new state=CONNECTED
D/ConnectivityService(  336): ConnectivityChange for mobile_hipri: CONNECTED/CONNECTED
W/NetworkPolicy(  336): shared quota unsupported; generating rule for each iface
W/Resources(  678): Converting to int: TypedValue{t=0x3/d=0x12 "4" a=-1}
W/Resources(  678): Converting to int: TypedValue{t=0x3/d=0xf "1" a=-1}
W/Resources(  678): Converting to int: TypedValue{t=0x3/d=0x15 "2" a=-1}
W/Resources(  678): Converting to int: TypedValue{t=0x3/d=0x15 "2" a=-1}
W/Launcher.LauncherProvider(  678): Unable to add favorite: com.android.camera2/com.android.camera.CameraLauncher
W/Launcher.LauncherProvider(  678): android.content.pm.PackageManager$NameNotFoundException: ComponentInfo{com.android.camera2/com.android.camera.CameraLauncher}
W/Launcher.LauncherProvider(  678): 	at android.app.ApplicationPackageManager.getActivityInfo(ApplicationPackageManager.java:242)
W/Launcher.LauncherProvider(  678): 	at com.android.launcher2.LauncherProvider$DatabaseHelper.addAppShortcut(LauncherProvider.java:959)
W/Launcher.LauncherProvider(  678): 	at com.android.launcher2.LauncherProvider$DatabaseHelper.loadFavorites(LauncherProvider.java:863)
W/Launcher.LauncherProvider(  678): 	at com.android.launcher2.LauncherProvider$DatabaseHelper.access$000(LauncherProvider.java:253)
W/Launcher.LauncherProvider(  678): 	at com.android.launcher2.LauncherProvider.loadDefaultFavoritesIfNecessary(LauncherProvider.java:237)
W/Launcher.LauncherProvider(  678): 	at com.android.launcher2.LauncherModel$LoaderTask.loadWorkspace(LauncherModel.java:1278)
W/Launcher.LauncherProvider(  678): 	at com.android.launcher2.LauncherModel$LoaderTask.loadAndBindWorkspace(LauncherModel.java:1020)
W/Launcher.LauncherProvider(  678): 	at com.android.launcher2.LauncherModel$LoaderTask.run(LauncherModel.java:1126)
W/Launcher.LauncherProvider(  678): 	at android.os.Handler.handleCallback(Handler.java:733)
W/Launcher.LauncherProvider(  678): 	at android.os.Handler.dispatchMessage(Handler.java:95)
W/Launcher.LauncherProvider(  678): 	at android.os.Looper.loop(Looper.java:136)
W/Launcher.LauncherProvider(  678): 	at android.os.HandlerThread.run(HandlerThread.java:61)
W/Launcher.LauncherProvider(  678): Unable to add favorite: com.android.gallery3d/com.android.gallery3d.app.Gallery
W/Launcher.LauncherProvider(  678): android.content.pm.PackageManager$NameNotFoundException: ComponentInfo{com.android.gallery3d/com.android.gallery3d.app.Gallery}
W/Launcher.LauncherProvider(  678): 	at android.app.ApplicationPackageManager.getActivityInfo(ApplicationPackageManager.java:242)
W/Launcher.LauncherProvider(  678): 	at com.android.launcher2.LauncherProvider$DatabaseHelper.addAppShortcut(LauncherProvider.java:959)
W/Launcher.LauncherProvider(  678): 	at com.android.launcher2.LauncherProvider$DatabaseHelper.loadFavorites(LauncherProvider.java:863)
W/Launcher.LauncherProvider(  678): 	at com.android.launcher2.LauncherProvider$DatabaseHelper.access$000(LauncherProvider.java:253)
W/Launcher.LauncherProvider(  678): 	at com.android.launcher2.LauncherProvider.loadDefaultFavoritesIfNecessary(LauncherProvider.java:237)
W/Launcher.LauncherProvider(  678): 	at com.android.launcher2.LauncherModel$LoaderTask.loadWorkspace(LauncherModel.java:1278)
W/Launcher.LauncherProvider(  678): 	at com.android.launcher2.LauncherModel$LoaderTask.loadAndBindWorkspace(LauncherModel.java:1020)
W/Launcher.LauncherProvider(  678): 	at com.android.launcher2.LauncherModel$LoaderTask.run(LauncherModel.java:1126)
W/Launcher.LauncherProvider(  678): 	at android.os.Handler.handleCallback(Handler.java:733)
W/Launcher.LauncherProvider(  678): 	at android.os.Handler.dispatchMessage(Handler.java:95)
W/Launcher.LauncherProvider(  678): 	at android.os.Looper.loop(Looper.java:136)
W/Launcher.LauncherProvider(  678): 	at android.os.HandlerThread.run(HandlerThread.java:61)
D/ConnectivityService(  336): startUsingNetworkFeature X: return APN_REQUEST_STARTED
E/ConnectivityService(  336): startUsingNetworkFeature took too long: 1121ms
D/ConnectivityService(  336): [CheckMp] isMobileOk: hipri started
D/ConnectivityService(  336): [CheckMp] isMobileOk: not connected ni=NetworkInfo: type: mobile_hipri[UMTS], state: DISCONNECTED/IDLE, reason: (unspecified), extra: (none), roaming: false, failover: false, isAvailable: true, isConnectedToProvisioningNetwork: false
W/ProcessCpuTracker(  336): Skipping unknown process pid 754
W/ProcessCpuTracker(  336): Skipping unknown process pid 757
D/dalvikvm(  336): GC_CONCURRENT freed 671K, 57% free 5514K/12712K, paused 8ms+5ms, total 328ms
I/SurfaceFlinger(   58): Boot is finished (71999 ms)
E/NetdConnector(  336): NDC Command {13 bandwidth setiquota eth0 9223372036854775807} took too long (1626ms)
E/NetdConnector(  336): NDC Command {14 resolver setifdns eth0  10.0.2.3 10.0.2.4} took too long (1618ms)
D/Nat464Xlat(  336): requiresClat: netType=5, hasIPv4Address=true
D/MobileDataStateTracker(  336): default: setPolicyDataEnable(enabled=true)
D/ConnectivityService(  336): [CheckMp] isMobileOk: not connected ni=NetworkInfo: type: mobile_hipri[UMTS], state: DISCONNECTED/IDLE, reason: (unspecified), extra: (none), roaming: false, failover: false, isAvailable: true, isConnectedToProvisioningNetwork: false
W/ActivityManager(  336): Launch timeout has expired, giving up wake lock!
I/InputReader(  336): Reconfiguring input devices.  changes=0x00000010
D/dalvikvm(  678): GC_CONCURRENT freed 302K, 9% free 3863K/4236K, paused 4ms+117ms, total 205ms
I/PackageManager(  336):   Action: "android.intent.action.SENDTO"
I/PackageManager(  336):   Category: "android.intent.category.DEFAULT"
I/PackageManager(  336):   Scheme: "sms"
I/PackageManager(  336): Adding preferred activity ComponentInfo{com.android.mms/com.android.mms.ui.ComposeMessageActivity} for user 0 :
I/PackageManager(  336):   Action: "android.intent.action.SENDTO"
I/PackageManager(  336):   Category: "android.intent.category.DEFAULT"
I/PackageManager(  336):   Scheme: "smsto"
I/PackageManager(  336): Adding preferred activity ComponentInfo{com.android.mms/com.android.mms.ui.ComposeMessageActivity} for user 0 :
I/PackageManager(  336):   Action: "android.intent.action.SENDTO"
I/PackageManager(  336):   Category: "android.intent.category.DEFAULT"
I/PackageManager(  336):   Scheme: "mms"
I/PackageManager(  336): Adding preferred activity ComponentInfo{com.android.mms/com.android.mms.ui.ComposeMessageActivity} for user 0 :
E/NetdConnector(  336): NDC Command {16 bandwidth removeiquota eth0} took too long (755ms)
W/WindowManager(  336): App freeze timeout expired.
W/WindowManager(  336): Force clearing freeze: AppWindowToken{b32b74b8 token=Token{b32b3f70 ActivityRecord{b32b3e10 u0 com.android.launcher/com.android.launcher2.Launcher t3}}}
I/WindowManager(  336): Screen frozen for +5s193ms due to AppWindowToken{b32b74b8 token=Token{b32b3f70 ActivityRecord{b32b3e10 u0 com.android.launcher/com.android.launcher2.Launcher t3}}}
I/PackageManager(  336):   Action: "android.intent.action.SENDTO"
I/PackageManager(  336):   Category: "android.intent.category.DEFAULT"
I/PackageManager(  336): Adding preferred activity ComponentInfo{com.android.mms/com.android.mms.ui.ComposeMessageActivity} for user 0 :
E/NetdConnector(  336): NDC Command {17 bandwidth gettetherstats} took too long (911ms)
I/PackageManager(  336):   Scheme: "mmsto"
I/ARMAssembler(   58): generated scanline__00000077:03515104_00009001_00000000 [131 ipp] (153 ins) at [0xb59fb410:0xb59fb674] in 10000000 ns
D/dalvikvm(  336): GC_CONCURRENT freed 563K, 56% free 5658K/12712K, paused 20ms+71ms, total 843ms
D/dalvikvm(  336): WAIT_FOR_CONCURRENT_GC blocked 339ms
D/dalvikvm(  336): WAIT_FOR_CONCURRENT_GC blocked 311ms
I/Choreographer(  336): Skipped 64 frames!  The application may be doing too much work on its main thread.
D/dalvikvm(  336): WAIT_FOR_CONCURRENT_GC blocked 259ms
D/Tethering(  336): MasterInitialState.processMessage what=3
D/CaptivePortalTracker(  336): NoActiveNetworkState{ when=-1ms what=1 obj=NetworkInfo: type: mobile[UMTS], state: CONNECTED/CONNECTED, reason: connected, extra: epc.tmobile.com, roaming: false, failover: false, isAvailable: true, isConnectedToProvisioningNetwork: false target=com.android.internal.util.StateMachine$SmHandler }
D/CaptivePortalTracker(  336): NoActiveNetworkState not a wifi connectivity change, ignore
I/PackageManager(  336):   Action: "android.intent.action.SENDTO"
I/PackageManager(  336):   Category: "android.intent.category.DEFAULT"
I/PackageManager(  336):   Scheme: "sms"
I/PackageManager(  336): Adding preferred activity ComponentInfo{com.android.mms/com.android.mms.ui.ComposeMessageActivity} for user 0 :
D/ConnectivityService(  336): [CheckMp] isMobileOk: not connected ni=NetworkInfo: type: mobile_hipri[UMTS], state: DISCONNECTED/IDLE, reason: (unspecified), extra: (none), roaming: false, failover: false, isAvailable: true, isConnectedToProvisioningNetwork: false
D/dalvikvm(  602): GC_CONCURRENT freed 320K, 13% free 3382K/3864K, paused 35ms+2ms, total 205ms
I/PackageManager(  336):   Action: "android.intent.action.SENDTO"
I/PackageManager(  336):   Category: "android.intent.category.DEFAULT"
I/PackageManager(  336):   Scheme: "smsto"
I/PackageManager(  336): Adding preferred activity ComponentInfo{com.android.mms/com.android.mms.ui.ComposeMessageActivity} for user 0 :
I/PackageManager(  336):   Action: "android.intent.action.SENDTO"
I/PackageManager(  336):   Category: "android.intent.category.DEFAULT"
I/PackageManager(  336):   Scheme: "mms"
I/PackageManager(  336): Adding preferred activity ComponentInfo{com.android.mms/com.android.mms.ui.ComposeMessageActivity} for user 0 :
I/PackageManager(  336):   Action: "android.intent.action.SENDTO"
I/PackageManager(  336):   Category: "android.intent.category.DEFAULT"
I/PackageManager(  336):   Scheme: "mmsto"
I/PackageManager(  336): Adding preferred activity ComponentInfo{com.android.mms/com.android.mms.ui.ComposeMessageActivity} for user 0 :
D/dalvikvm(  336): GC_CONCURRENT freed 631K, 56% free 5668K/12712K, paused 5ms+5ms, total 124ms
E/NetdConnector(  336): NDC Command {18 bandwidth setiquota eth0 9223372036854775807} took too long (2058ms)
D/MobileDataStateTracker(  336): default: setPolicyDataEnable(enabled=true)
I/MediaProvider(  628): Upgrading media database from version 0 to 700, which will destroy all old data
D/ConnectivityService(  336): [CheckMp] isMobileOk: not connected ni=NetworkInfo: type: mobile_hipri[UMTS], state: DISCONNECTED/IDLE, reason: (unspecified), extra: (none), roaming: false, failover: false, isAvailable: true, isConnectedToProvisioningNetwork: false
D/Tethering(  336): MasterInitialState.processMessage what=3
D/CaptivePortalTracker(  336): NoActiveNetworkState{ when=-2ms what=1 obj=NetworkInfo: type: mobile_hipri[UMTS], state: CONNECTED/CONNECTED, reason: dataEnabled, extra: epc.tmobile.com, roaming: false, failover: false, isAvailable: true, isConnectedToProvisioningNetwork: false target=com.android.internal.util.StateMachine$SmHandler }
D/CaptivePortalTracker(  336): NoActiveNetworkState not a wifi connectivity change, ignore
D/dalvikvm(  336): GC_EXPLICIT freed 287K, 56% free 5639K/12712K, paused 5ms+27ms, total 197ms
D/ConnectivityService(  336): [CheckMp] isMobileOk: not connected ni=NetworkInfo: type: mobile_hipri[UMTS], state: DISCONNECTED/IDLE, reason: (unspecified), extra: (none), roaming: false, failover: false, isAvailable: true, isConnectedToProvisioningNetwork: false
E/NetdConnector(  336): NDC Command {19 bandwidth removeiquota eth0} took too long (1634ms)
D/ConnectivityService(  336): [CheckMp] isMobileOk: not connected ni=NetworkInfo: type: mobile_hipri[UMTS], state: DISCONNECTED/IDLE, reason: (unspecified), extra: (none), roaming: false, failover: false, isAvailable: true, isConnectedToProvisioningNetwork: false
W/ProcessCpuTracker(  336): Skipping unknown process pid 812
D/ConnectivityService(  336): [CheckMp] isMobileOk: not connected ni=NetworkInfo: type: mobile_hipri[UMTS], state: DISCONNECTED/IDLE, reason: (unspecified), extra: (none), roaming: false, failover: false, isAvailable: true, isConnectedToProvisioningNetwork: false
D/Launcher.Model(  678): Reload apps on config change. curr_mcc:310 prevmcc:0
I/Choreographer(  678): Skipped 1598 frames!  The application may be doing too much work on its main thread.
D/AndroidRuntime(  809): 
D/AndroidRuntime(  809): >>>>>> AndroidRuntime START com.android.internal.os.RuntimeInit <<<<<<
D/AndroidRuntime(  809): CheckJNI is ON
D/dalvikvm(  809): Trying to load lib libjavacore.so 0x0
D/dalvikvm(  809): Added shared lib libjavacore.so 0x0
D/dalvikvm(  809): Trying to load lib libnativehelper.so 0x0
D/dalvikvm(  809): Added shared lib libnativehelper.so 0x0
D/dalvikvm(  809): No JNI_OnLoad found in libnativehelper.so 0x0, skipping init
I/Choreographer(  678): Skipped 106 frames!  The application may be doing too much work on its main thread.
D/gralloc_goldfish(  678): Emulator without GPU emulation detected.
E/NetdConnector(  336): NDC Command {20 bandwidth setiquota eth0 9223372036854775807} took too long (2778ms)
D/ConnectivityService(  336): [CheckMp] isMobileOk: not connected ni=NetworkInfo: type: mobile_hipri[UMTS], state: DISCONNECTED/IDLE, reason: (unspecified), extra: (none), roaming: false, failover: false, isAvailable: true, isConnectedToProvisioningNetwork: false
D/MobileDataStateTracker(  336): default: setPolicyDataEnable(enabled=true)
D/dalvikvm(  678): GC_CONCURRENT freed 245K, 8% free 4008K/4324K, paused 23ms+4ms, total 451ms
D/MobileDataStateTracker(  336): default: setPolicyDataEnable(enabled=true)
D/dalvikvm(  809): Note: class Landroid/app/ActivityManagerNative; has 179 unimplemented (abstract) methods
D/dalvikvm(  678): GC_FOR_ALLOC freed 118K, 10% free 3920K/4324K, paused 69ms, total 69ms
I/dalvikvm-heap(  678): Grow heap (frag case) to 5.431MB for 1610896-byte allocation
D/dalvikvm(  678): GC_FOR_ALLOC freed 0K, 7% free 5493K/5900K, paused 59ms, total 59ms
D/dalvikvm(  678): GC_CONCURRENT freed 0K, 7% free 5493K/5900K, paused 3ms+3ms, total 60ms
D/dalvikvm(  678): GC_FOR_ALLOC freed 10K, 8% free 5483K/5900K, paused 65ms, total 65ms
I/dalvikvm-heap(  678): Grow heap (frag case) to 6.958MB for 1610896-byte allocation
D/dalvikvm(  678): GC_FOR_ALLOC freed <1K, 6% free 7056K/7476K, paused 60ms, total 60ms
D/dalvikvm(  678): GC_CONCURRENT freed 10K, 6% free 7088K/7520K, paused 65ms+2ms, total 154ms
I/ActivityManager(  336): Displayed com.android.launcher/com.android.launcher2.Launcher: +16s680ms (total +19s845ms)
E/memtrack(  809): Couldn't load memtrack module (No such file or directory)
E/android.os.Debug(  809): failed to load memtrack module: -2
E/NetdConnector(  336): NDC Command {21 bandwidth removeiquota eth0} took too long (1394ms)
D/dalvikvm(  451): GC_FOR_ALLOC freed 3128K, 48% free 3587K/6784K, paused 309ms, total 331ms
I/dalvikvm-heap(  451): Grow heap (frag case) to 6.497MB for 3072016-byte allocation
I/Choreographer(  336): Skipped 82 frames!  The application may be doing too much work on its main thread.
D/AndroidRuntime(  809): Calling main entry com.android.commands.pm.Pm
I/Choreographer(  336): Skipped 36 frames!  The application may be doing too much work on its main thread.
D/dalvikvm(  451): GC_CONCURRENT freed 5K, 3% free 6582K/6784K, paused 93ms+3ms, total 515ms
D/ConnectivityService(  336): [CheckMp] isMobileOk: not connected ni=NetworkInfo: type: mobile_hipri[UMTS], state: DISCONNECTED/IDLE, reason: (unspecified), extra: (none), roaming: false, failover: false, isAvailable: true, isConnectedToProvisioningNetwork: false
I/ActivityManager(  336): Start proc com.android.defcontainer for service com.android.defcontainer/.DefaultContainerService: pid=850 uid=10003 gids={50003, 1028, 1015, 1023, 2001, 1035}
E/SQLiteLog(  628): (1) no such table: album_info
I/Choreographer(  678): Skipped 50 frames!  The application may be doing too much work on its main thread.
E/NetdConnector(  336): NDC Command {22 bandwidth setiquota eth0 9223372036854775807} took too long (2277ms)
D/MobileDataStateTracker(  336): default: setPolicyDataEnable(enabled=true)
D/ConnectivityService(  336): [CheckMp] isMobileOk: not connected ni=NetworkInfo: type: mobile_hipri[UMTS], state: DISCONNECTED/IDLE, reason: (unspecified), extra: (none), roaming: false, failover: false, isAvailable: true, isConnectedToProvisioningNetwork: false
I/Choreographer(  678): Skipped 98 frames!  The application may be doing too much work on its main thread.
D/ConnectivityService(  336): [CheckMp] isMobileOk: not connected ni=NetworkInfo: type: mobile_hipri[UMTS], state: DISCONNECTED/IDLE, reason: (unspecified), extra: (none), roaming: false, failover: false, isAvailable: true, isConnectedToProvisioningNetwork: false
W/ActivityManager(  336): No content provider found for permission revoke: file:///data/local/tmp/sample_for_analysis.apk
I/ActivityManager(  336): Start proc com.android.exchange for content provider com.android.exchange/.provider.ExchangeDirectoryProvider: pid=876 uid=10025 gids={50025, 3003, 1028, 1015}
I/ActivityManager(  336): Start proc com.android.email for content provider com.android.email/.provider.EmailProvider: pid=888 uid=10024 gids={50024, 3003, 1028, 1015}
I/ContactDirectoryManager(  544): deleted 0 stale rows which don't have any relevant directory
I/ContactDirectoryManager(  544): Discovered 0 contact directories in 973ms
D/ActivityThread(  888): Loading provider com.android.email.provider;com.android.email.notifier: com.android.email.provider.EmailProvider
D/ConnectivityService(  336): [CheckMp] isMobileOk: not connected ni=NetworkInfo: type: mobile_hipri[UMTS], state: DISCONNECTED/IDLE, reason: (unspecified), extra: (none), roaming: false, failover: false, isAvailable: true, isConnectedToProvisioningNetwork: false
W/ActivityManager(  336): No content provider found for permission revoke: file:///data/local/tmp/sample_for_analysis.apk
I/PackageManager(  336): Copying native libraries to /data/app-lib/vmdl-337049417
I/ContactsProvider(  544): Upgrading aggregation algorithm
D/ActivityThread(  888): Loading provider com.android.email.provider;com.android.email.notifier: com.android.email.provider.EmailProvider
I/ContactAggregator(  544): Marked all visible contacts for aggregation: 0 raw contacts, 55 ms
I/ContactsProvider(  544): Aggregation algorithm upgraded for 0 raw contacts in 97ms
D/dalvikvm(  336): GC_CONCURRENT freed 646K, 56% free 5602K/12708K, paused 6ms+4ms, total 58ms
D/GpsLocationProvider(  336): NTP server returned: 1545669950088 (Mon Dec 24 11:45:50 EST 2018) reference: 75309 certainty: 13 system time offset: -31856
D/dalvikvm(  678): GC_CONCURRENT freed 1955K, 24% free 6525K/8540K, paused 5ms+138ms, total 205ms
D/dalvikvm(  544): GC_CONCURRENT freed 247K, 10% free 3075K/3392K, paused 4ms+172ms, total 208ms
I/ContactsFTS(  544): Rebuild contact search index in 596ms, 0 contacts
D/ConnectivityService(  336): [CheckMp] isMobileOk: not connected ni=NetworkInfo: type: mobile_hipri[UMTS], state: DISCONNECTED/IDLE, reason: (unspecified), extra: (none), roaming: false, failover: false, isAvailable: true, isConnectedToProvisioningNetwork: false
D/dalvikvm(  336): GC_CONCURRENT freed 511K, 56% free 5695K/12708K, paused 16ms+5ms, total 66ms
D/dalvikvm(  888): GC_CONCURRENT freed 207K, 9% free 2888K/3168K, paused 13ms+1ms, total 50ms
D/dalvikvm(  336): GC_CONCURRENT freed 674K, 56% free 5703K/12708K, paused 6ms+5ms, total 66ms
I/PackageManager(  336): Running dexopt on: kr.aboy.rishzbeu
D/dalvikvm(  628): GC_CONCURRENT freed 227K, 10% free 2882K/3176K, paused 2ms+2ms, total 77ms
I/ActivityManager(  336): Start proc com.android.externalstorage for broadcast com.android.externalstorage/.MountReceiver: pid=910 uid=10006 gids={50006, 1028, 1015, 1023}
D/ConnectivityService(  336): [CheckMp] isMobileOk: not connected ni=NetworkInfo: type: mobile_hipri[UMTS], state: DISCONNECTED/IDLE, reason: (unspecified), extra: (none), roaming: false, failover: false, isAvailable: true, isConnectedToProvisioningNetwork: false
I/DownloadManager(  628): Upgrading downloads database from version 0 to version 109, which will destroy all old data
D/ConnectivityService(  336): [CheckMp] isMobileOk: not connected ni=NetworkInfo: type: mobile_hipri[UMTS], state: DISCONNECTED/IDLE, reason: (unspecified), extra: (none), roaming: false, failover: false, isAvailable: true, isConnectedToProvisioningNetwork: false
D/dalvikvm(  904): DexOpt: load 300ms, verify+opt 818ms, 1614900 bytes
W/PackageManager(  336): Unknown permission com.android.vending.CHECK_LICENSE in package kr.aboy.rishzbeu
D/ConnectivityService(  336): [CheckMp] isMobileOk: not connected ni=NetworkInfo: type: mobile_hipri[UMTS], state: DISCONNECTED/IDLE, reason: (unspecified), extra: (none), roaming: false, failover: false, isAvailable: true, isConnectedToProvisioningNetwork: false
W/ActivityManager(  336): Unable to start service Intent { cmp=com.android.email/.service.AttachmentDownloadService } U=0: not found
W/ActivityManager(  336): Unable to start service Intent { cmp=com.android.email/.service.AttachmentDownloadService } U=0: not found
I/ActivityManager(  336): Force stopping kr.aboy.rishzbeu appid=10052 user=-1: update pkg
I/InputReader(  336): Reconfiguring input devices.  changes=0x00000010
I/PackageManager(  336):   Action: "android.intent.action.SENDTO"
I/PackageManager(  336):   Category: "android.intent.category.DEFAULT"
I/PackageManager(  336):   Scheme: "sms"
I/PackageManager(  336): Adding preferred activity ComponentInfo{com.android.mms/com.android.mms.ui.ComposeMessageActivity} for user 0 :
D/dalvikvm(  591): GC_CONCURRENT freed 300K, 13% free 3079K/3536K, paused 2ms+2ms, total 103ms
D/BackupManagerService(  336): Received broadcast Intent { act=android.intent.action.PACKAGE_ADDED dat=package:kr.aboy.rishzbeu flg=0x4000010 (has extras) }
V/BackupManagerService(  336): addPackageParticipantsLocked: #1
I/PackageManager(  336):   Action: "android.intent.action.SENDTO"
I/PackageManager(  336):   Category: "android.intent.category.DEFAULT"
I/PackageManager(  336):   Scheme: "smsto"
I/PackageManager(  336): Adding preferred activity ComponentInfo{com.android.mms/com.android.mms.ui.ComposeMessageActivity} for user 0 :
D/dalvikvm(  602): GC_CONCURRENT freed 450K, 15% free 3333K/3904K, paused 33ms+2ms, total 79ms
D/dalvikvm(  336): GC_CONCURRENT freed 712K, 55% free 5744K/12708K, paused 77ms+6ms, total 195ms
D/dalvikvm(  336): WAIT_FOR_CONCURRENT_GC blocked 52ms
I/PackageManager(  336):   Action: "android.intent.action.SENDTO"
I/PackageManager(  336):   Category: "android.intent.category.DEFAULT"
I/PackageManager(  336):   Scheme: "mms"
I/PackageManager(  336): Adding preferred activity ComponentInfo{com.android.mms/com.android.mms.ui.ComposeMessageActivity} for user 0 :
I/PackageManager(  336):   Action: "android.intent.action.SENDTO"
I/PackageManager(  336):   Category: "android.intent.category.DEFAULT"
I/PackageManager(  336):   Scheme: "mmsto"
I/PackageManager(  336): Adding preferred activity ComponentInfo{com.android.mms/com.android.mms.ui.ComposeMessageActivity} for user 0 :
I/PackageManager(  336):   Action: "android.intent.action.SENDTO"
I/PackageManager(  336):   Category: "android.intent.category.DEFAULT"
I/PackageManager(  336):   Scheme: "sms"
I/PackageManager(  336): Adding preferred activity ComponentInfo{com.android.mms/com.android.mms.ui.ComposeMessageActivity} for user 0 :
I/PackageManager(  336):   Action: "android.intent.action.SENDTO"
I/PackageManager(  336):   Category: "android.intent.category.DEFAULT"
I/PackageManager(  336):   Scheme: "smsto"
I/PackageManager(  336): Adding preferred activity ComponentInfo{com.android.mms/com.android.mms.ui.ComposeMessageActivity} for user 0 :
I/PackageManager(  336):   Action: "android.intent.action.SENDTO"
I/PackageManager(  336):   Category: "android.intent.category.DEFAULT"
I/PackageManager(  336):   Scheme: "mms"
I/PackageManager(  336): Adding preferred activity ComponentInfo{com.android.mms/com.android.mms.ui.ComposeMessageActivity} for user 0 :
I/PackageManager(  336):   Action: "android.intent.action.SENDTO"
I/PackageManager(  336):   Category: "android.intent.category.DEFAULT"
I/PackageManager(  336):   Scheme: "mmsto"
I/PackageManager(  336): Adding preferred activity ComponentInfo{com.android.mms/com.android.mms.ui.ComposeMessageActivity} for user 0 :
D/dalvikvm(  602): GC_CONCURRENT freed 414K, 14% free 3368K/3904K, paused 5ms+3ms, total 35ms
D/dalvikvm(  336): GC_CONCURRENT freed 875K, 56% free 5631K/12708K, paused 16ms+4ms, total 114ms
D/dalvikvm(  336): WAIT_FOR_CONCURRENT_GC blocked 29ms
D/dalvikvm(  336): WAIT_FOR_CONCURRENT_GC blocked 517ms
D/ExternalStorage(  910): Missing UUID for /storage/sdcard; skipping
D/ExternalStorage(  910): After updating volumes, found 0 active roots
I/Email   (  888): Observing account changes for notifications
D/ExternalStorage(  910): Missing UUID for /storage/sdcard; skipping
D/ExternalStorage(  910): After updating volumes, found 0 active roots
D/MediaScannerReceiver(  628): action: android.intent.action.MEDIA_MOUNTED path: /storage/sdcard
W/ActivityManager(  336): Unable to start service Intent { cmp=com.android.email/.service.AttachmentDownloadService } U=0: not found
D/ConnectivityService(  336): [CheckMp] isMobileOk: not connected ni=NetworkInfo: type: mobile_hipri[UMTS], state: DISCONNECTED/IDLE, reason: (unspecified), extra: (none), roaming: false, failover: false, isAvailable: true, isConnectedToProvisioningNetwork: false
E/BluetoothAdapter(  618): Bluetooth binder is null
I/ActivityManager(  336): Start proc com.android.music for broadcast com.android.music/.MediaButtonIntentReceiver: pid=928 uid=10032 gids={50032, 3003, 1028, 1015}
