I/PackageManager(  362): /system/app/Fallback.apk changed; collecting certs
D/dalvikvm(  362): GC_CONCURRENT freed 501K, 64% free 4698K/12700K, paused 14ms+18ms, total 102ms
I/PackageManager(  362): /system/app/Gallery.apk changed; collecting certs
D/dalvikvm(  362): GC_CONCURRENT freed 1163K, 69% free 4057K/12700K, paused 24ms+5ms, total 120ms
I/PackageManager(  362): /system/app/GpsLocationTest.apk changed; collecting certs
I/PackageManager(  362): /system/app/HTMLViewer.apk changed; collecting certs
I/PackageManager(  362): /system/app/KeyChain.apk changed; collecting certs
D/dalvikvm(  362): GC_CONCURRENT freed 420K, 68% free 4109K/12700K, paused 4ms+5ms, total 105ms
I/PackageManager(  362): /system/app/LatinIME.apk changed; collecting certs
D/dalvikvm(  362): GC_CONCURRENT freed 471K, 68% free 4127K/12700K, paused 5ms+3ms, total 42ms
D/dalvikvm(  362): WAIT_FOR_CONCURRENT_GC blocked 27ms
D/dalvikvm(  362): GC_FOR_ALLOC freed 354K, 67% free 4228K/12700K, paused 38ms, total 39ms
D/dalvikvm(  362): GC_CONCURRENT freed 264K, 66% free 4432K/12700K, paused 5ms+14ms, total 85ms
D/dalvikvm(  362): GC_CONCURRENT freed 276K, 64% free 4627K/12700K, paused 6ms+8ms, total 104ms
D/dalvikvm(  362): GC_CONCURRENT freed 316K, 63% free 4792K/12700K, paused 4ms+5ms, total 113ms
I/PackageManager(  362): /system/app/LegacyCamera.apk changed; collecting certs
D/dalvikvm(  362): GC_CONCURRENT freed 390K, 62% free 4908K/12700K, paused 4ms+11ms, total 93ms
D/dalvikvm(  362): GC_CONCURRENT freed 1228K, 67% free 4214K/12700K, paused 5ms+4ms, total 56ms
D/dalvikvm(  362): WAIT_FOR_CONCURRENT_GC blocked 41ms
D/dalvikvm(  362): GC_FOR_ALLOC freed 463K, 67% free 4242K/12700K, paused 27ms, total 28ms
D/dalvikvm(  362): GC_CONCURRENT freed 24K, 66% free 4375K/12700K, paused 5ms+13ms, total 92ms
D/dalvikvm(  362): GC_CONCURRENT freed 273K, 65% free 4566K/12700K, paused 15ms+4ms, total 74ms
D/dalvikvm(  362): WAIT_FOR_CONCURRENT_GC blocked 36ms
D/dalvikvm(  362): GC_CONCURRENT freed 290K, 63% free 4742K/12700K, paused 5ms+12ms, total 93ms
I/PackageManager(  362): /system/app/LiveWallpapersPicker.apk changed; collecting certs
I/PackageManager(  362): /system/app/Music.apk changed; collecting certs
D/dalvikvm(  362): GC_CONCURRENT freed 467K, 63% free 4785K/12700K, paused 9ms+19ms, total 144ms
D/dalvikvm(  362): WAIT_FOR_CONCURRENT_GC blocked 63ms
D/dalvikvm(  362): GC_CONCURRENT freed 1088K, 68% free 4187K/12700K, paused 5ms+13ms, total 99ms
I/PackageManager(  362): /system/app/NetSpeed.apk changed; collecting certs
I/PackageManager(  362): /system/app/OpenWnn.apk changed; collecting certs
D/dalvikvm(  362): GC_CONCURRENT freed 383K, 67% free 4312K/12700K, paused 14ms+6ms, total 69ms
D/dalvikvm(  362): WAIT_FOR_CONCURRENT_GC blocked 29ms
D/dalvikvm(  362): GC_CONCURRENT freed 569K, 67% free 4254K/12700K, paused 12ms+3ms, total 56ms
D/dalvikvm(  362): WAIT_FOR_CONCURRENT_GC blocked 23ms
D/dalvikvm(  362): GC_CONCURRENT freed 341K, 66% free 4425K/12700K, paused 15ms+4ms, total 83ms
D/dalvikvm(  362): WAIT_FOR_CONCURRENT_GC blocked 25ms
I/PackageManager(  362): /system/app/PacProcessor.apk changed; collecting certs
D/dalvikvm(  362): GC_CONCURRENT freed 344K, 65% free 4560K/12700K, paused 5ms+9ms, total 83ms
I/PackageManager(  362): /system/app/PackageInstaller.apk changed; collecting certs
I/PackageManager(  362): /system/app/PicoTts.apk changed; collecting certs
I/PackageManager(  362): /system/app/PinyinIME.apk changed; collecting certs
D/dalvikvm(  362): GC_CONCURRENT freed 1014K, 69% free 4058K/12700K, paused 12ms+3ms, total 66ms
D/dalvikvm(  362): WAIT_FOR_CONCURRENT_GC blocked 39ms
I/PackageManager(  362): /system/app/PrintSpooler.apk changed; collecting certs
D/dalvikvm(  362): GC_CONCURRENT freed 383K, 68% free 4145K/12700K, paused 5ms+16ms, total 92ms
I/PackageManager(  362): /system/app/Protips.apk changed; collecting certs
I/PackageManager(  362): /system/app/QuickSearchBox.apk changed; collecting certs
D/dalvikvm(  362): GC_CONCURRENT freed 485K, 68% free 4167K/12700K, paused 4ms+3ms, total 56ms
D/dalvikvm(  362): WAIT_FOR_CONCURRENT_GC blocked 41ms
D/dalvikvm(  362): GC_CONCURRENT freed 376K, 67% free 4238K/12700K, paused 5ms+5ms, total 69ms
I/PackageManager(  362): /system/app/SdkSetup.apk changed; collecting certs
I/PackageManager(  362): /system/app/SoundRecorder.apk changed; collecting certs
I/PackageManager(  362): /system/app/SpeechRecorder.apk changed; collecting certs
D/dalvikvm(  362): GC_CONCURRENT freed 405K, 66% free 4321K/12700K, paused 12ms+14ms, total 112ms
I/PackageManager(  362): /system/app/TelephonyProvider.apk changed; collecting certs
I/PackageManager(  362): /system/app/UserDictionaryProvider.apk changed; collecting certs
D/PackageManager(  362): No files in app dir /vendor/app
D/dalvikvm(  362): GC_CONCURRENT freed 631K, 68% free 4171K/12700K, paused 5ms+28ms, total 106ms
W/PackageParser(  362): No actions in intent filter at /data/app/ApiDemos.apk Binary XML file line #2899
W/PackageParser(  362): No actions in intent filter at /data/app/ApiDemos.apk Binary XML file line #2905
I/PackageManager(  362): /data/app/ApiDemos.apk changed; collecting certs
D/dalvikvm(  362): GC_CONCURRENT freed 236K, 66% free 4410K/12700K, paused 4ms+3ms, total 63ms
D/dalvikvm(  362): WAIT_FOR_CONCURRENT_GC blocked 30ms
D/dalvikvm(  362): GC_CONCURRENT freed 355K, 65% free 4566K/12700K, paused 5ms+5ms, total 87ms
D/dalvikvm(  362): WAIT_FOR_CONCURRENT_GC blocked 22ms
D/dalvikvm(  362): GC_CONCURRENT freed 243K, 62% free 4850K/12700K, paused 5ms+6ms, total 123ms
D/dalvikvm(  362): WAIT_FOR_CONCURRENT_GC blocked 7ms
D/dalvikvm(  362): GC_CONCURRENT freed 553K, 62% free 4828K/12700K, paused 4ms+2ms, total 77ms
D/dalvikvm(  362): WAIT_FOR_CONCURRENT_GC blocked 29ms
D/dalvikvm(  362): GC_CONCURRENT freed 523K, 62% free 4832K/12700K, paused 5ms+3ms, total 76ms
D/dalvikvm(  362): WAIT_FOR_CONCURRENT_GC blocked 38ms
D/dalvikvm(  362): GC_CONCURRENT freed 524K, 62% free 4835K/12700K, paused 5ms+3ms, total 82ms
D/dalvikvm(  362): WAIT_FOR_CONCURRENT_GC blocked 17ms
D/dalvikvm(  362): GC_CONCURRENT freed 523K, 62% free 4840K/12700K, paused 6ms+3ms, total 79ms
D/dalvikvm(  362): WAIT_FOR_CONCURRENT_GC blocked 19ms
D/dalvikvm(  362): GC_CONCURRENT freed 528K, 62% free 4846K/12700K, paused 4ms+3ms, total 107ms
D/dalvikvm(  362): WAIT_FOR_CONCURRENT_GC blocked 34ms
D/dalvikvm(  362): GC_CONCURRENT freed 529K, 62% free 4849K/12700K, paused 6ms+3ms, total 81ms
D/dalvikvm(  362): WAIT_FOR_CONCURRENT_GC blocked 26ms
D/dalvikvm(  362): GC_CONCURRENT freed 529K, 62% free 4852K/12700K, paused 5ms+3ms, total 78ms
D/dalvikvm(  362): WAIT_FOR_CONCURRENT_GC blocked 26ms
D/dalvikvm(  362): GC_CONCURRENT freed 529K, 62% free 4854K/12700K, paused 23ms+4ms, total 80ms
D/dalvikvm(  362): WAIT_FOR_CONCURRENT_GC blocked 30ms
D/dalvikvm(  362): GC_CONCURRENT freed 531K, 62% free 4859K/12700K, paused 5ms+4ms, total 79ms
D/dalvikvm(  362): WAIT_FOR_CONCURRENT_GC blocked 26ms
D/dalvikvm(  362): GC_CONCURRENT freed 531K, 62% free 4866K/12700K, paused 5ms+5ms, total 142ms
W/PackageManager(  362): Package com.example.android.apis desires unavailable shared library com.example.will.never.exist; ignoring!
I/PackageManager(  362): /data/app/CubeLiveWallpapers.apk changed; collecting certs
D/dalvikvm(  362): GC_CONCURRENT freed 464K, 62% free 4944K/12700K, paused 5ms+9ms, total 91ms
D/dalvikvm(  362): WAIT_FOR_CONCURRENT_GC blocked 8ms
I/PackageManager(  362): /data/app/GestureBuilder.apk changed; collecting certs
I/PackageManager(  362): /data/app/SmokeTest.apk changed; collecting certs
D/dalvikvm(  362): GC_CONCURRENT freed 1132K, 66% free 4373K/12700K, paused 5ms+4ms, total 97ms
D/dalvikvm(  362): WAIT_FOR_CONCURRENT_GC blocked 27ms
I/PackageManager(  362): /data/app/SmokeTestApp.apk changed; collecting certs
I/PackageManager(  362): /data/app/SoftKeyboard.apk changed; collecting certs
D/dalvikvm(  362): GC_CONCURRENT freed 509K, 66% free 4369K/12700K, paused 13ms+4ms, total 81ms
D/dalvikvm(  362): WAIT_FOR_CONCURRENT_GC blocked 42ms
I/PackageManager(  362): /data/app/WidgetPreview.apk changed; collecting certs
W/PackageManager(  362): Package com.example.android.apis desires unavailable shared library com.example.will.never.exist; ignoring!
W/PackageManager(  362): Package com.android.camera desires unavailable shared library com.google.android.media.effects; ignoring!
I/PackageManager(  362): Time to scan packages: 28.911 seconds
W/PackageManager(  362): Not granting permission android.permission.GLOBAL_SEARCH to package com.android.quicksearchbox (protectionLevel=18 flags=0x8be45)
D/dalvikvm(  362): GC_CONCURRENT freed 452K, 66% free 4374K/12700K, paused 5ms+24ms, total 94ms
W/PackageManager(  362): Unknown permission com.android.smspush.WAPPUSH_MANAGER_BIND in package com.android.phone
W/PackageManager(  362): Unknown permission com.google.android.googleapps.permission.GOOGLE_AUTH in package com.android.providers.calendar
W/PackageManager(  362): Unknown permission com.google.android.googleapps.permission.GOOGLE_AUTH.cl in package com.android.providers.calendar
W/PackageManager(  362): Unknown permission com.google.android.googleapps.permission.GOOGLE_AUTH.mail in package com.android.calendar
W/PackageManager(  362): Not granting permission android.permission.ACCESS_DOWNLOAD_MANAGER to package com.android.browser (protectionLevel=18 flags=0x9be45)
W/PackageManager(  362): Not granting permission android.permission.SEND_DOWNLOAD_COMPLETED_INTENTS to package com.android.browser (protectionLevel=2 flags=0x9be45)
W/PackageManager(  362): Not granting permission android.permission.BIND_APPWIDGET to package com.android.widgetpreview (protectionLevel=18 flags=0x8be44)
W/PackageManager(  362): Unknown permission android.permission.INSTALL_DRM in package com.android.mms
W/PackageManager(  362): Unknown permission com.google.android.googleapps.permission.GOOGLE_AUTH in package com.android.settings
W/PackageManager(  362): Unknown permission com.google.android.googleapps.permission.ACCESS_GOOGLE_PASSWORD in package com.android.development
W/PackageManager(  362): Unknown permission com.google.android.googleapps.permission.GOOGLE_AUTH in package com.android.development
W/PackageManager(  362): Unknown permission com.google.android.googleapps.permission.GOOGLE_AUTH.ALL_SERVICES in package com.android.development
W/PackageManager(  362): Unknown permission com.google.android.googleapps.permission.GOOGLE_AUTH.YouTubeUser in package com.android.development
W/PackageManager(  362): Not granting permission android.permission.DELETE_PACKAGES to package com.svox.pico (protectionLevel=18 flags=0x8be45)
W/PackageManager(  362): Not granting permission android.permission.DEVICE_POWER to package com.android.deskclock (protectionLevel=2 flags=0x48be45)
D/dalvikvm(  362): GC_EXPLICIT freed 371K, 67% free 4308K/12700K, paused 4ms+7ms, total 65ms
I/SystemServer(  362): Entropy Mixer
W/EntropyMixer(  362): No existing entropy file -- first boot?
I/EntropyMixer(  362): Writing entropy...
I/SystemServer(  362): User Service
I/SystemServer(  362): Account Manager
I/SystemServer(  362): Content Manager
I/SystemServer(  362): System Content Providers
I/SyncManager(  362): No initial accounts
I/SyncManager(  362): No initial status
W/SyncManagerFile(  362): Error reading pending data.
W/SyncManagerFile(  362): java.io.FileNotFoundException: /data/system/sync/pending.xml: open failed: ENOENT (No such file or directory)
W/SyncManagerFile(  362): 	at libcore.io.IoBridge.open(IoBridge.java:409)
W/SyncManagerFile(  362): 	at java.io.FileInputStream.<init>(FileInputStream.java:78)
W/SyncManagerFile(  362): 	at android.util.AtomicFile.openRead(AtomicFile.java:199)
W/SyncManagerFile(  362): 	at com.android.server.content.SyncStorageEngine.readPendingOperationsLocked(SyncStorageEngine.java:2286)
W/SyncManagerFile(  362): 	at com.android.server.content.SyncStorageEngine.<init>(SyncStorageEngine.java:434)
W/SyncManagerFile(  362): 	at com.android.server.content.SyncStorageEngine.init(SyncStorageEngine.java:454)
W/SyncManagerFile(  362): 	at com.android.server.content.SyncManager.<init>(SyncManager.java:383)
W/SyncManagerFile(  362): 	at com.android.server.content.ContentService.getSyncManager(ContentService.java:75)
W/SyncManagerFile(  362): 	at com.android.server.content.ContentService.notifyChange(ContentService.java:283)
W/SyncManagerFile(  362): 	at android.content.ContentResolver.notifyChange(ContentResolver.java:1621)
W/SyncManagerFile(  362): 	at com.android.providers.settings.SettingsProvider.sendNotify(SettingsProvider.java:262)
W/SyncManagerFile(  362): 	at com.android.providers.settings.SettingsProvider.insertForUser(SettingsProvider.java:941)
W/SyncManagerFile(  362): 	at com.android.providers.settings.SettingsProvider.ensureAndroidIdIsSet(SettingsProvider.java:496)
W/SyncManagerFile(  362): 	at com.android.providers.settings.SettingsProvider.establishDbTracking(SettingsProvider.java:409)
W/SyncManagerFile(  362): 	at com.android.providers.settings.SettingsProvider.onCreate(SettingsProvider.java:335)
W/SyncManagerFile(  362): 	at android.content.ContentProvider.attachInfo(ContentProvider.java:1591)
W/SyncManagerFile(  362): 	at android.content.ContentProvider.attachInfo(ContentProvider.java:1562)
W/SyncManagerFile(  362): 	at android.app.ActivityThread.installProvider(ActivityThread.java:4774)
W/SyncManagerFile(  362): 	at android.app.ActivityThread.installContentProviders(ActivityThread.java:4369)
W/SyncManagerFile(  362): 	at android.app.ActivityThread.installSystemProviders(ActivityThread.java:4929)
W/SyncManagerFile(  362): 	at com.android.server.am.ActivityManagerService.installSystemProviders(ActivityManagerService.java:8081)
W/SyncManagerFile(  362): 	at com.android.server.ServerThread.initAndLoop(SystemServer.java:275)
W/SyncManagerFile(  362): 	at com.android.server.SystemServer.main(SystemServer.java:1179)
W/SyncManagerFile(  362): 	at java.lang.reflect.Method.invokeNative(Native Method)
W/SyncManagerFile(  362): 	at java.lang.reflect.Method.invoke(Method.java:515)
W/SyncManagerFile(  362): 	at com.android.internal.os.ZygoteInit$MethodAndArgsCaller.run(ZygoteInit.java:785)
W/SyncManagerFile(  362): 	at com.android.internal.os.ZygoteInit.main(ZygoteInit.java:601)
W/SyncManagerFile(  362): 	at dalvik.system.NativeStart.main(Native Method)
W/SyncManagerFile(  362): Caused by: libcore.io.ErrnoException: open failed: ENOENT (No such file or directory)
W/SyncManagerFile(  362): 	at libcore.io.Posix.open(Native Method)
W/SyncManagerFile(  362): 	at libcore.io.BlockGuardOs.open(BlockGuardOs.java:110)
W/SyncManagerFile(  362): 	at libcore.io.IoBridge.open(IoBridge.java:393)
W/SyncManagerFile(  362): 	... 27 more
I/SyncManager(  362): No initial statistics
D/SettingsProvider(  362): Generated and saved new ANDROID_ID [4426aaebaab3b4d8] for user 0
I/SystemServer(  362): Lights Service
I/SystemServer(  362): Battery Service
E/ConsumerIrService(  362): Can't open consumer IR HW Module, error: -2
I/SystemServer(  362): Vibrator Service
I/SystemServer(  362): Consumer IR Service
W/libsuspend(  362): Error writing 'on' to /sys/power/state: Invalid argument
E/libsuspend(  362): Error opening /sys/power/autosleep: No such file or directory
I/libsuspend(  362): Selected wakeup count
D/PermissionCache(   57): checking android.permission.ACCESS_SURFACE_FLINGER for uid=1000 => granted (2164 us)
D/SurfaceFlinger(   57): Screen acquired, type=0 flinger=0xb798a450
D/SurfaceFlinger(   57):  screen was previously acquired
I/SystemServer(  362): Alarm Manager
I/SystemServer(  362): Init Watchdog
I/SystemServer(  362): Input Manager
I/InputManager(  362): Initializing input manager, mUseDevInputEventForAudioJack=false
I/SystemServer(  362): Window Manager
I/WindowManager(  362): No existing display settings /data/system/display_settings.xml; starting empty
D/dalvikvm(  362): GC_CONCURRENT freed 338K, 65% free 4481K/12700K, paused 6ms+4ms, total 161ms
D/dalvikvm(  362): WAIT_FOR_CONCURRENT_GC blocked 16ms
I/WindowManager(  362): No keyguard interface!
I/InputManager(  362): Starting input manager
I/SystemServer(  362): No Bluetooh Service (emulator)
I/SystemServer(  362): Input Method Service
E/EventHub(  362): could not get driver version for /dev/input/mouse0, Not a typewriter
W/EventHub(  362): Unable to disable kernel key repeat for /dev/input/event0: Function not implemented
I/EventHub(  362): New device: id=1, fd=93, path='/dev/input/event0', name='qwerty2', classes=0x2d, configuration='/system/usr/idc/qwerty2.idc', keyLayout='/system/usr/keylayout/qwerty.kl', keyCharacterMap='/system/usr/keychars/qwerty2.kcm', builtinKeyboard=true, usingSuspendBlockIoctl=true, usingClockIoctl=true
E/EventHub(  362): could not get driver version for /dev/input/mice, Not a typewriter
I/InputReader(  362): Device added: id=-1, name='Virtual', sources=0x00000301
I/InputReader(  362):   Touch device 'qwerty2' could not query the properties of its associated display.  The device will be inoperable until the display size becomes available.
I/InputReader(  362): Device added: id=0, name='qwerty2', sources=0x00011307
W/InputMethodManagerService(  362): No IME selected. Choose the most applicable IME.
I/InputMethodManagerService(  362): No default found, using com.android.inputmethod.latin/.LatinIME
I/SystemServer(  362): Accessibility Manager
I/InputReader(  362): Reconfiguring input devices.  changes=0x00000004
I/InputReader(  362): Device reconfigured: id=0, name='qwerty2', size 480x864, orientation 0, mode 1, display id 0
I/ActivityManager(  362): Config changes=1df8 {1.0 ?mcc?mnc en_US ldltr sw480dp w480dp h864dp 160dpi lrg long port ?uimode ?night -touch -keyb/h/h tball/v s.2}
I/ActivityManager(  362): Config changes=408 {1.0 ?mcc?mnc en_US ldltr sw480dp w480dp h839dp 160dpi lrg long port ?uimode ?night finger -keyb/h/h tball/v s.3}
I/SystemServer(  362): Mount Service
D/MountService(  362): got storage path: /storage/sdcard description: USB storage primary: true removable: false emulated: false mtpReserve: 0 allowMassStorage: false maxFileSize: 0
D/MountService(  362): addVolumeLocked() StorageVolume:
D/MountService(  362):     mStorageId=0 mPath=/storage/sdcard mDescriptionId=17040665 mPrimary=true 
D/MountService(  362):     mRemovable=false mEmulated=false mMtpReserveSpace=0 
D/MountService(  362):     mAllowMassStorage=false mMaxFileSize=0 mOwner=null mUuid=null 
D/MountService(  362):     mUserLabel=null mState=null 
I/SystemServer(  362): LockSettingsService
I/SystemServer(  362): Device Policy
I/SystemServer(  362): Status Bar
I/SystemServer(  362): Clipboard Service
I/SystemServer(  362): NetworkManagement Service
I/SystemServer(  362): Text Service Manager Service
W/MountService(  362): Duplicate state transition (unmounted -> unmounted) for /storage/sdcard
W/MountService(  362): getSecureContainerList() called when storage not mounted
I/PackageManager(  362): No secure containers on sdcard
I/SystemServer(  362): NetworkStats Service
W/PackageManager(  362): Not granting permission android.permission.GLOBAL_SEARCH to package com.android.quicksearchbox (protectionLevel=18 flags=0x8be45)
I/SystemServer(  362): NetworkPolicy Service
I/SystemServer(  362): Wi-Fi P2pService
W/PackageManager(  362): Unknown permission com.android.smspush.WAPPUSH_MANAGER_BIND in package com.android.phone
W/PackageManager(  362): Unknown permission com.google.android.googleapps.permission.GOOGLE_AUTH in package com.android.providers.calendar
W/PackageManager(  362): Unknown permission com.google.android.googleapps.permission.GOOGLE_AUTH.cl in package com.android.providers.calendar
W/PackageManager(  362): Unknown permission com.google.android.googleapps.permission.GOOGLE_AUTH.mail in package com.android.calendar
W/PackageManager(  362): Not granting permission android.permission.ACCESS_DOWNLOAD_MANAGER to package com.android.browser (protectionLevel=18 flags=0x9be45)
W/PackageManager(  362): Not granting permission android.permission.SEND_DOWNLOAD_COMPLETED_INTENTS to package com.android.browser (protectionLevel=2 flags=0x9be45)
W/PackageManager(  362): Not granting permission android.permission.BIND_APPWIDGET to package com.android.widgetpreview (protectionLevel=18 flags=0x8be44)
W/PackageManager(  362): Unknown permission android.permission.INSTALL_DRM in package com.android.mms
W/PackageManager(  362): Unknown permission com.google.android.googleapps.permission.GOOGLE_AUTH in package com.android.settings
W/PackageManager(  362): Unknown permission com.google.android.googleapps.permission.ACCESS_GOOGLE_PASSWORD in package com.android.development
W/PackageManager(  362): Unknown permission com.google.android.googleapps.permission.GOOGLE_AUTH in package com.android.development
W/PackageManager(  362): Unknown permission com.google.android.googleapps.permission.GOOGLE_AUTH.ALL_SERVICES in package com.android.development
W/PackageManager(  362): Unknown permission com.google.android.googleapps.permission.GOOGLE_AUTH.YouTubeUser in package com.android.development
W/PackageManager(  362): Not granting permission android.permission.DELETE_PACKAGES to package com.svox.pico (protectionLevel=18 flags=0x8be45)
W/PackageManager(  362): Not granting permission android.permission.DEVICE_POWER to package com.android.deskclock (protectionLevel=2 flags=0x48be45)
D/dalvikvm(  362): GC_CONCURRENT freed 263K, 64% free 4643K/12700K, paused 25ms+5ms, total 84ms
I/SystemServer(  362): Wi-Fi Service
D/WifiController(  362): isAirplaneModeOn = false, isWifiEnabled = false, isScanningAvailable = false
I/SystemServer(  362): Connectivity Service
D/ConnectivityService(  362): ConnectivityService starting up
D/ConnectivityService(  362): wifiOnly=false
E/MobileDataStateTracker(  362): default: Ignoring feature request because could not acquire PhoneService
E/MobileDataStateTracker(  362): default: Could not enable APN type "default"
I/WifiService(  362): WifiService starting up with Wi-Fi disabled
D/SettingsProvider(  362): User 0 external modification to /data/data/com.android.providers.settings/databases/settings.db; event=2
D/SettingsProvider(  362): User 0 updating our caches for /data/data/com.android.providers.settings/databases/settings.db
I/SystemServer(  362): Network Service Discovery Service
D/NsdService(  362): Network service discovery enabled true
I/SystemServer(  362): UpdateLock Service
I/SystemServer(  362): Notification Manager
I/SystemServer(  362): Device Storage Monitor
I/SystemServer(  362): Location Manager
I/SystemServer(  362): Country Detector
I/SystemServer(  362): Search Service
I/SystemServer(  362): DropBox Service
I/SystemServer(  362): Wallpaper Service
W/WallpaperService(  362): no current wallpaper -- first boot?
I/SystemServer(  362): Audio Service
D/dalvikvm(  362): GC_CONCURRENT freed 289K, 62% free 4828K/12700K, paused 3ms+5ms, total 168ms
I/SystemServer(  362): Dock Observer
W/DockObserver(  362): This kernel does not have dock station support
I/SystemServer(  362): Wired Accessory Manager
W/WiredAccessoryManager(  362): This kernel does not have wired headset support
W/WiredAccessoryManager(  362): This kernel does not have usb audio support
W/WiredAccessoryManager(  362): This kernel does not have HDMI audio support
I/SystemServer(  362): USB Service
I/SystemServer(  362): Serial Service
I/SystemServer(  362): Twilight Service
I/SystemServer(  362): UI Mode Manager Service
I/SystemServer(  362): Backup Service
V/BackupManagerService(  362): Initializing package tracking
V/BackupManagerService(  362): No ancestral data
V/BackupManagerService(  362): addPackageParticipantsLocked: all
I/BackupManagerService(  362): Scheduling backup for new app com.android.calendar
D/BackupManagerService(  362): Now staging backup of com.android.calendar
I/BackupManagerService(  362): Scheduling backup for new app com.android.browser
D/BackupManagerService(  362): Now staging backup of com.android.browser
I/BackupManagerService(  362): Scheduling backup for new app com.android.providers.userdictionary
D/BackupManagerService(  362): Now staging backup of com.android.providers.userdictionary
I/BackupManagerService(  362): Scheduling backup for new app com.android.sharedstoragebackup
D/BackupManagerService(  362): Now staging backup of com.android.sharedstoragebackup
I/BackupManagerService(  362): Scheduling backup for new app android
D/BackupManagerService(  362): Now staging backup of android
I/BackupManagerService(  362): Scheduling backup for new app com.android.dialer
D/BackupManagerService(  362): Now staging backup of com.android.dialer
I/BackupManagerService(  362): Scheduling backup for new app com.android.providers.settings
D/BackupManagerService(  362): Now staging backup of com.android.providers.settings
V/BackupManagerService(  362): Starting with transport android/com.android.internal.backup.LocalTransport
V/BackupManagerService(  362): Found transports: 1
I/BackupManagerService(  362): Binding to transport host ComponentInfo{android/com.android.internal.backup.LocalTransportService}
I/BackupManagerService(  362): Backup enabled => true
I/SystemServer(  362): AppWidget Service
I/SystemServer(  362): Recognition Service
I/SystemServer(  362): DiskStats Service
I/SystemServer(  362): SamplingProfiler Service
I/SystemServer(  362): NetworkTimeUpdateService
I/SystemServer(  362): CommonTimeManagementService
I/SystemServer(  362): CertBlacklister
I/SystemServer(  362): Dreams Service
I/SystemServer(  362): Assets Atlas Service
I/SystemServer(  362): IdleMaintenanceService
I/SystemServer(  362): Print Service
I/SystemServer(  362): Media Router Service
D/Atlas   (  362): Computing best atlas configuration...
D/Atlas   (  362): Running Thread-50
I/WindowManager(  362): SAFE MODE not enabled
D/Atlas   (  362): Found best atlas configuration in 0.09s
D/Atlas   (  362): Loaded configuration: SliceMinArea (768x768) flags=0x2 count=24
E/SQLiteLog(  362): (1) no such table: locksettings
D/gralloc_goldfish(  362): Emulator without GPU emulation detected.
I/LockSettingsService(  362): Migrated lock settings to new location
W/AssetAtlasService(  362): Could not find EGL configuration
D/Atlas   (  362): Rendered atlas in 10.06ms (6.64+3.41ms)
I/LockSettingsService(  362): Migrated per-user lock settings to new location
D/dalvikvm(  362): GC_CONCURRENT freed 311K, 61% free 4976K/12700K, paused 6ms+4ms, total 204ms
I/Zygote  (  362): Process: zygote socket opened
V/KeyguardServiceDelegate(  362): *** Keyguard started
V/KeyguardServiceDelegate(  362): onSystemReady() called before keyguard service was ready
I/ActivityManager(  362): Start proc com.android.systemui for service com.android.keyguard/.KeyguardService: pid=460 uid=10007 gids={50007, 1028, 1015, 1035, 3002, 3001}
F/SystemServer(  362): BOOT FAILURE making Package Manager Service ready
F/SystemServer(  362): java.lang.SecurityException: Unable to find app for caller android.app.ActivityThread$ApplicationThread@b36ae350 (pid=362) when registering receiver android.app.LoadedApk$ReceiverDispatcher$InnerReceiver@b35b4ac0
F/SystemServer(  362): 	at com.android.server.am.ActivityManagerService.registerReceiver(ActivityManagerService.java:13021)
F/SystemServer(  362): 	at android.app.ContextImpl.registerReceiverInternal(ContextImpl.java:1450)
F/SystemServer(  362): 	at android.app.ContextImpl.registerReceiverAsUser(ContextImpl.java:1425)
F/SystemServer(  362): 	at com.android.internal.content.PackageMonitor.register(PackageMonitor.java:84)
F/SystemServer(  362): 	at com.android.server.pm.UserManagerService.systemReady(UserManagerService.java:237)
F/SystemServer(  362): 	at com.android.server.pm.PackageManagerService.systemReady(PackageManagerService.java:10476)
F/SystemServer(  362): 	at com.android.server.ServerThread.initAndLoop(SystemServer.java:893)
F/SystemServer(  362): 	at com.android.server.SystemServer.main(SystemServer.java:1179)
F/SystemServer(  362): 	at java.lang.reflect.Method.invokeNative(Native Method)
F/SystemServer(  362): 	at java.lang.reflect.Method.invoke(Method.java:515)
F/SystemServer(  362): 	at com.android.internal.os.ZygoteInit$MethodAndArgsCaller.run(ZygoteInit.java:785)
F/SystemServer(  362): 	at com.android.internal.os.ZygoteInit.main(ZygoteInit.java:601)
F/SystemServer(  362): 	at dalvik.system.NativeStart.main(Native Method)
W/SystemServer(  362): ***********************************************
I/ActivityManager(  362): Sending system update to ComponentInfo{com.android.providers.calendar/com.android.providers.calendar.CalendarUpgradeReceiver} for user 0
I/ActivityManager(  362): Sending system update to ComponentInfo{com.android.providers.contacts/com.android.providers.contacts.ContactsUpgradeReceiver} for user 0
I/ActivityManager(  362): Sending system update to ComponentInfo{com.android.providers.media/com.android.providers.media.MediaUpgradeReceiver} for user 0
I/SystemServer(  362): Enabled StrictMode for system server main thread.
I/ActivityManager(  362): Start proc com.android.providers.calendar for broadcast com.android.providers.calendar/.CalendarUpgradeReceiver: pid=471 uid=10001 gids={50001, 3003, 1028, 1015}
I/Choreographer(  362): Skipped 47 frames!  The application may be doing too much work on its main thread.
W/InputMethodManagerService(  362): Focus gain on non-focused client android.view.inputmethod.InputMethodManager$1@b320ffc0 (uid=1000 pid=362)
V/BackupManagerService(  362): Connected to transport ComponentInfo{android/com.android.internal.backup.LocalTransportService}
V/BackupManagerService(  362): Registering transport android/com.android.internal.backup.LocalTransportService::android/com.android.internal.backup.LocalTransport = com.android.internal.backup.LocalTransport@b323bcb8
I/ActivityManager(  362): Launching preboot mode app: ProcessRecord{b30cbcb8 471:com.android.providers.calendar/u0a1}
E/SoundPool(  460): error loading /system/media/audio/ui/Lock.ogg
W/KeyguardViewMediator(  460): failed to load lock sound from /system/media/audio/ui/Lock.ogg
E/SoundPool(  460): error loading /system/media/audio/ui/Unlock.ogg
W/KeyguardViewMediator(  460): failed to load unlock sound from /system/media/audio/ui/Unlock.ogg
V/KeyguardService(  460): onCreate()
V/KeyguardServiceDelegate(  362): *** Keyguard connected (yay!)
V/KeyguardServiceDelegate(  362): **** SHOWN CALLED ****
I/ActivityManager(  362): Start proc android.process.acore for broadcast com.android.providers.contacts/.ContactsUpgradeReceiver: pid=493 uid=10002 gids={50002, 3003, 1028, 1015}
D/dalvikvm(  362): GC_CONCURRENT freed 344K, 60% free 5110K/12700K, paused 4ms+4ms, total 135ms
I/ActivityManager(  362): Launching preboot mode app: ProcessRecord{b31a7330 493:android.process.acore/u0a2}
I/ContactsUpgradeReceiver(  493): Creating or opening contacts database
I/ContactsDatabaseHelper(  493): Bootstrapping database version: 803
D/dalvikvm(  493): GC_CONCURRENT freed 413K, 15% free 2796K/3276K, paused 3ms+1ms, total 82ms
D/dalvikvm(  493): WAIT_FOR_CONCURRENT_GC blocked 30ms
D/dalvikvm(  493): GC_CONCURRENT freed 318K, 13% free 2874K/3276K, paused 23ms+3ms, total 49ms
I/ContactsProviderV1(  493): Bootstrapping database legacy support
I/ContactsDatabaseHelper(  493): Bootstrapping database version: 803
D/dalvikvm(  493): GC_CONCURRENT freed 331K, 12% free 2932K/3332K, paused 4ms+1ms, total 31ms
I/ContactsProviderV1(  493): Bootstrapping database legacy support
I/ContactsProvider(  493): Locale has changed from null to en_US
I/ContactsDatabaseHelper(  493): Switching to locale en_US (ICU v51.1.0.1)
D/dalvikvm(  493): GC_CONCURRENT freed 344K, 13% free 3016K/3428K, paused 13ms+12ms, total 66ms
I/ContactsDatabaseHelper(  493): Locale change completed in 592ms
I/ContactsDatabaseHelper(  493): Switching to locale en_US (ICU v51.1.0.1)
D/dalvikvm(  493): GC_CONCURRENT freed 355K, 13% free 3057K/3484K, paused 4ms+25ms, total 56ms
I/ContactsDatabaseHelper(  493): Locale change completed in 571ms
I/ActivityManager(  362): Start proc android.process.media for broadcast com.android.providers.media/.MediaUpgradeReceiver: pid=511 uid=10005 gids={50005, 1028, 1015, 1023, 1024, 2001, 3003, 3007}
I/ActivityManager(  362): Launching preboot mode app: ProcessRecord{b3673d80 511:android.process.media/u0a5}
I/ActivityManager(  362): Writing new set of last done pre-boot receivers...
I/ActivityManager(  362): Removing system update proc: ProcessRecord{b30cbcb8 471:com.android.providers.calendar/u0a1}
I/ActivityManager(  362): Killing 471:com.android.providers.calendar/u0a1 (adj 13): system update done
I/ActivityManager(  362): Removing system update proc: ProcessRecord{b31a7330 493:android.process.acore/u0a2}
I/ActivityManager(  362): Killing 493:android.process.acore/u0a2 (adj 11): system update done
I/ActivityManager(  362): Removing system update proc: ProcessRecord{b3673d80 511:android.process.media/u0a5}
I/ActivityManager(  362): Killing 511:android.process.media/u0a5 (adj 9): system update done
I/ActivityManager(  362): System now ready
I/SystemServer(  362): Making services ready
D/NetworkManagementService(  362): enabling bandwidth control
I/Vold    (   52): /dev/block/vold/179:0 being considered for volume sdcard
D/Vold    (   52): Volume sdcard state changing 1 (Idle-Unmounted) -> 3 (Checking)
D/MountService(  362): volume state changed for /storage/sdcard (unmounted -> checking)
D/MountService(  362): sendStorageIntent Intent { act=android.intent.action.MEDIA_CHECKING dat=file:///storage/sdcard (has extras) } to UserHandle{-1}
D/SystemUIService(  460): loading: class com.android.systemui.recent.Recents
D/SystemUIService(  460): running: com.android.systemui.recent.Recents@b2d6b010
D/SystemUIService(  460): loading: class com.android.systemui.statusbar.SystemBars
D/SystemUIService(  460): running: com.android.systemui.statusbar.SystemBars@b2d6b5f8
I/fsck_msdos(   52): ** /dev/block/vold/179:0
I/fsck_msdos(   52): Invalid signature in fsinfo block
I/fsck_msdos(   52): FIXED
I/fsck_msdos(   52): ** Phase 1 - Read and Compare FATs
I/fsck_msdos(   52): Attempting to allocate 794 KB for FAT
D/SystemUIService(  460): loading: class com.android.systemui.usb.StorageNotification
D/SystemUIService(  460): running: com.android.systemui.usb.StorageNotification@b2d6d348
I/fsck_msdos(   52): Attempting to allocate 794 KB for FAT
D/SystemUIService(  460): loading: class com.android.systemui.power.PowerUI
D/SystemUIService(  460): running: com.android.systemui.power.PowerUI@b2d6ea60
D/SystemUIService(  460): loading: class com.android.systemui.media.RingtonePlayer
D/SystemUIService(  460): running: com.android.systemui.media.RingtonePlayer@b2d6f998
D/dalvikvm(  362): GC_CONCURRENT freed 577K, 60% free 5138K/12700K, paused 6ms+5ms, total 546ms
D/SystemUIService(  460): loading: class com.android.systemui.settings.SettingsUI
D/SystemUIService(  460): running: com.android.systemui.settings.SettingsUI@b2d70cc8
I/fsck_msdos(   52): ** Phase 2 - Check Cluster Chains
I/fsck_msdos(   52): ** Phase 3 - Checking Directories
I/fsck_msdos(   52): ** Phase 4 - Checking for Lost Files
I/fsck_msdos(   52): Free space in FSInfo block (201592) not correct (201591)
I/fsck_msdos(   52): FIXED
I/fsck_msdos(   52): 1 files, 100795 free (201591 clusters)
I/Vold    (   52): Filesystem check completed OK
I/StatusBarManagerService(  362): registerStatusBar bar=com.android.internal.statusbar.IStatusBar$Stub$Proxy@b35e8c88
D/PhoneStatusBar(  460): mSettingsPanelGravity = 55
W/Vold    (   52): blkid failed to identify /dev/block/vold/179:0
D/Vold    (   52): Volume sdcard state changing 3 (Checking) -> 4 (Mounted)
I/PackageManager(  362): Updating external media status from unmounted to mounted
D/MountService(  362): volume state changed for /storage/sdcard (checking -> mounted)
E/VoldConnector(  362): NDC Command {3 volume mount /storage/sdcard} took too long (810ms)
D/MountService(  362): sendStorageIntent Intent { act=android.intent.action.MEDIA_MOUNTED dat=file:///storage/sdcard (has extras) } to UserHandle{-1}
D/dalvikvm(  460): GC_CONCURRENT freed 286K, 12% free 2833K/3188K, paused 22ms+4ms, total 162ms
I/PackageManager(  362): No secure containers on sdcard
D/dalvikvm(  460): GC_FOR_ALLOC freed 33K, 8% free 2947K/3188K, paused 88ms, total 90ms
W/PackageManager(  362): Not granting permission android.permission.GLOBAL_SEARCH to package com.android.quicksearchbox (protectionLevel=18 flags=0x88be45)
W/PackageManager(  362): Unknown permission com.android.smspush.WAPPUSH_MANAGER_BIND in package com.android.phone
W/PackageManager(  362): Unknown permission com.google.android.googleapps.permission.GOOGLE_AUTH in package com.android.providers.calendar
W/PackageManager(  362): Unknown permission com.google.android.googleapps.permission.GOOGLE_AUTH.cl in package com.android.providers.calendar
W/PackageManager(  362): Unknown permission com.google.android.googleapps.permission.GOOGLE_AUTH.mail in package com.android.calendar
W/PackageManager(  362): Not granting permission android.permission.ACCESS_DOWNLOAD_MANAGER to package com.android.browser (protectionLevel=18 flags=0x89be45)
W/PackageManager(  362): Not granting permission android.permission.SEND_DOWNLOAD_COMPLETED_INTENTS to package com.android.browser (protectionLevel=2 flags=0x89be45)
W/PackageManager(  362): Not granting permission android.permission.BIND_APPWIDGET to package com.android.widgetpreview (protectionLevel=18 flags=0x8be44)
W/PackageManager(  362): Unknown permission android.permission.INSTALL_DRM in package com.android.mms
W/PackageManager(  362): Unknown permission com.google.android.googleapps.permission.GOOGLE_AUTH in package com.android.settings
W/PackageManager(  362): Unknown permission com.google.android.googleapps.permission.ACCESS_GOOGLE_PASSWORD in package com.android.development
W/PackageManager(  362): Unknown permission com.google.android.googleapps.permission.GOOGLE_AUTH in package com.android.development
W/PackageManager(  362): Unknown permission com.google.android.googleapps.permission.GOOGLE_AUTH.ALL_SERVICES in package com.android.development
W/PackageManager(  362): Unknown permission com.google.android.googleapps.permission.GOOGLE_AUTH.YouTubeUser in package com.android.development
W/PackageManager(  362): Not granting permission android.permission.DELETE_PACKAGES to package com.svox.pico (protectionLevel=18 flags=0x88be45)
W/PackageManager(  362): Not granting permission android.permission.DEVICE_POWER to package com.android.deskclock (protectionLevel=2 flags=0xc8be45)
E/NetdConnector(  362): NDC Command {1 bandwidth enable} took too long (2906ms)
E/BluetoothAdapter(  460): Bluetooth binder is null
E/BluetoothAdapter(  460): Bluetooth binder is null
E/BluetoothAdapter(  460): Bluetooth binder is null
D/dalvikvm(  460): GC_CONCURRENT freed 52K, 5% free 3310K/3464K, paused 4ms+86ms, total 157ms
E/NetdConnector(  362): NDC Command {2 firewall disable} took too long (577ms)
E/BluetoothAdapter(  460): Bluetooth binder is null
I/ActivityManager(  362): Start proc android.process.acore for content provider com.android.providers.contacts/.ContactsProvider2: pid=575 uid=10002 gids={50002, 3003, 1028, 1015}
D/PhoneStatusBar(  460): disable: < expand icons alerts ticker system_info back home recent clock search >
E/NetdConnector(  362): NDC Command {4 bandwidth setglobalalert 2097152} took too long (521ms)
E/BluetoothAdapter(  460): Bluetooth binder is null
D/PhoneStatusBar(  460): heads up is disabled
I/Choreographer(  460): Skipped 645 frames!  The application may be doing too much work on its main thread.
E/NetdConnector(  362): NDC Command {5 firewall disable} took too long (563ms)
I/ActivityManager(  362): Config changes=200 {1.0 ?mcc?mnc en_US ldltr sw480dp w480dp h839dp 160dpi lrg long port finger -keyb/h/h tball/v s.4}
W/RecognitionManagerService(  362): no available voice recognition services found for user 0
D/dalvikvm(  362): GC_CONCURRENT freed 436K, 59% free 5242K/12700K, paused 6ms+5ms, total 533ms
W/AppWidgetServiceImpl(  362): Failed to read state: java.io.FileNotFoundException: /data/system/users/0/appwidgets.xml: open failed: ENOENT (No such file or directory)
W/InputMethodManagerService(  362): Ignoring setImeWindowStatus of uid 1000 token: null
W/InputMethodUtils(  362): Found no subtypes in a system IME: com.android.inputmethod.pinyin
W/InputMethodManagerService(  362): Reset the default IME as "Resource" is ready here.
D/dalvikvm(  460): GC_CONCURRENT freed 142K, 6% free 3556K/3768K, paused 40ms+2ms, total 120ms
W/InputMethodUtils(  362): Found no subtypes in a system IME: com.android.inputmethod.pinyin
I/InputMethodManagerService(  362): Selected default: com.android.inputmethod.latin/.LatinIME
I/ActivityManager(  362): Start proc com.android.inputmethod.latin for service com.android.inputmethod.latin/.LatinIME: pid=598 uid=10029 gids={50029, 1028, 1015}
V/InputMethodManagerService(  362): Adding window token: android.os.Binder@b31d5128
W/GpsLocationProvider(  362): Could not open GPS configuration file /etc/gps.conf
W/ServiceWatcher(  362): com.google.android.location not found
W/ServiceWatcher(  362): com.google.android.location not found
W/LocationManagerService(  362): no network location provider found
I/ActivityManager(  362): Config changes=20 {1.0 ?mcc?mnc en_US ldltr sw480dp w480dp h839dp 160dpi lrg long port finger -keyb/v/h tball/v s.5}
W/ServiceWatcher(  362): com.google.android.location not found
W/ServiceWatcher(  362): com.google.android.location not found
E/LocationManagerService(  362): no geocoder provider found
E/FlpHardwareProvider(  362): Error hw_get_module 'flp': -2
W/ServiceWatcher(  362): com.google.android.location not found
E/FlpHardwareProvider(  362): Error hw_get_module 'flp': -2
W/ServiceWatcher(  362): com.google.android.location not found
E/LocationManagerService(  362): No FusedProvider found.
E/LocationManagerService(  362): no geofence provider found
I/CommonTimeManagementService(  362): No common time service detected on this platform.  Common time services will be unavailable.
I/InputReader(  362): Reconfiguring input devices.  changes=0x00000020
I/ActivityManager(  362): Start proc com.android.phone for added application com.android.phone: pid=605 uid=1001 gids={41001, 3002, 3001, 3003, 1028, 1015}
W/InputMethodManagerService(  362): Illegal subtype state: old subtype = null, new subtype = android.view.inputmethod.InputMethodSubtype@c9194f98
I/InputReader(  362): Reconfiguring input devices.  changes=0x00000010
I/ActivityManager(  362): START u0 {act=android.intent.action.MAIN cat=[android.intent.category.HOME] flg=0x10000000 cmp=com.android.settings/.CryptKeeper} from pid 0
I/ActivityManager(  362): Start proc com.android.settings for activity com.android.settings/.CryptKeeper: pid=621 uid=1000 gids={41000, 1028, 1015, 3002, 3001, 3003}
I/ActivityManager(  362): Start proc android.process.media for broadcast com.android.providers.downloads/.DownloadReceiver: pid=634 uid=10005 gids={50005, 1028, 1015, 1023, 1024, 2001, 3003, 3007}
D/dalvikvm(   58): GC_EXPLICIT freed 37K, 4% free 2705K/2812K, paused 3ms+2ms, total 59ms
D/dalvikvm(   58): GC_EXPLICIT freed <1K, 4% free 2705K/2812K, paused 2ms+2ms, total 43ms
D/dalvikvm(   58): GC_EXPLICIT freed <1K, 4% free 2705K/2812K, paused 2ms+1ms, total 42ms
I/Choreographer(  460): Skipped 483 frames!  The application may be doing too much work on its main thread.
D/gralloc_goldfish(  460): Emulator without GPU emulation detected.
D/dalvikvm(  575): GC_CONCURRENT freed 203K, 9% free 2976K/3248K, paused 5ms+4ms, total 151ms
D/PhoneStatusBar(  460): mSettingsPanelGravity = 55
D/dalvikvm(  362): GC_CONCURRENT freed 458K, 59% free 5326K/12700K, paused 266ms+17ms, total 537ms
V/StatusBar(  460): userId 0 is in the house
I/Choreographer(  460): Skipped 305 frames!  The application may be doing too much work on its main thread.
I/LatinIME(  598): Hardware accelerated drawing: true
I/ActivityManager(  362): START u0 {act=android.intent.action.MAIN cat=[android.intent.category.HOME] flg=0x10000000 cmp=com.android.sdksetup/.DefaultActivity} from pid 0
I/ActivityManager(  362): Start proc com.android.sdksetup for activity com.android.sdksetup/.DefaultActivity: pid=658 uid=10042 gids={50042}
D/dalvikvm(  460): GC_FOR_ALLOC freed 114K, 6% free 3572K/3768K, paused 261ms, total 279ms
I/dalvikvm-heap(  460): Grow heap (frag case) to 6.481MB for 3072016-byte allocation
D/dalvikvm(  362): GC_CONCURRENT freed 602K, 58% free 5383K/12700K, paused 94ms+43ms, total 434ms
D/dalvikvm(  460): GC_FOR_ALLOC freed 4K, 4% free 6567K/6772K, paused 62ms, total 63ms
D/dalvikvm(  460): GC_FOR_ALLOC freed 3001K, 6% free 3569K/3768K, paused 18ms, total 19ms
I/dalvikvm-heap(  460): Grow heap (frag case) to 6.478MB for 3072016-byte allocation
I/ActivityManager(  362): Start proc com.android.printspooler for service com.android.printspooler/.PrintSpoolerService: pid=672 uid=10039 gids={50039}
D/dalvikvm(  460): GC_FOR_ALLOC freed <1K, 3% free 6568K/6772K, paused 32ms, total 41ms
W/InputAttributes(  598): No editor info for this field. Bug?
I/PrintSpoolerService(  672): No existing print spooler state.
D/dalvikvm(  598): GC_CONCURRENT freed 219K, 9% free 2884K/3168K, paused 61ms+2ms, total 208ms
I/ResourceUtils(  598): Found default value: resource=keypress_vibration_durations build=[HARDWARE=goldfish MODEL=sdk BRAND=generic MANUFACTURER=unknown] default=-1
I/ResourceUtils(  598): Found default value: resource=keypress_volumes build=[HARDWARE=goldfish MODEL=sdk BRAND=generic MANUFACTURER=unknown] default=-1.0f
I/ActivityManager(  362): Force stopping com.android.sdksetup appid=10042 user=0: pkg changed
I/ActivityManager(  362): Killing 658:com.android.sdksetup/u0a42 (adj 0): stop com.android.sdksetup
I/ActivityManager(  362):   Force finishing activity ActivityRecord{b31f66e8 u0 com.android.sdksetup/.DefaultActivity t2}
I/ActivityManager(  362): START u0 {act=android.intent.action.MAIN cat=[android.intent.category.HOME] flg=0x10000000 cmp=com.android.launcher/com.android.launcher2.Launcher} from pid 0
I/ActivityManager(  362): Start proc com.android.launcher for activity com.android.launcher/com.android.launcher2.Launcher: pid=693 uid=10008 gids={50008}
I/InputReader(  362): Reconfiguring input devices.  changes=0x00000010
I/LatinIME:LogUtils(  598): Dictionary info: dictionary = PersonalizationPredictionDictio ; version = ? ; date = 1545736474
I/LatinIME:LogUtils(  598): Dictionary info: dictionary = UserHistoryDictionary.en_US.dic ; version = ? ; date = 1545736474
I/LatinIME:LogUtils(  598): Dictionary info: dictionary = personalization.en_US.dict ; version = ? ; date = 1545736474
W/dalvikvm(  460): threadid=2: spin on suspend #1 threadid=14 (pcf=0)
D/dalvikvm(  460): Temporarily moving tid 573 to fg (was 0)
D/dalvikvm(  460): Temporarily raised priority on tid 573 (10 -> 0)
W/dalvikvm(  460): threadid=2: spin on suspend resolved in 1039 msec
D/dalvikvm(  460): Restored policy of 573 to 0
D/dalvikvm(  460): Restored priority on 573 to 10
D/dalvikvm(  460): GC_CONCURRENT freed <1K, 3% free 6570K/6772K, paused 1042ms+153ms, total 1231ms
D/dalvikvm(  362): GC_CONCURRENT freed 539K, 57% free 5519K/12700K, paused 85ms+5ms, total 535ms
D/dalvikvm(  362): WAIT_FOR_CONCURRENT_GC blocked 335ms
D/dalvikvm(  362): WAIT_FOR_CONCURRENT_GC blocked 331ms
D/dalvikvm(  362): WAIT_FOR_CONCURRENT_GC blocked 219ms
D/dalvikvm(  362): WAIT_FOR_CONCURRENT_GC blocked 157ms
I/Choreographer(  460): Skipped 760 frames!  The application may be doing too much work on its main thread.
W/BackupManagerService(  362): dataChanged but no participant pkg='com.android.providers.settings' uid=1001
D/dalvikvm(  605): GC_CONCURRENT freed 184K, 8% free 2922K/3176K, paused 5ms+10ms, total 261ms
I/PackageManager(  362):   Action: "android.intent.action.SENDTO"
I/PackageManager(  362):   Category: "android.intent.category.DEFAULT"
I/PackageManager(  362):   Scheme: "sms"
I/PackageManager(  362): Adding preferred activity ComponentInfo{com.android.mms/com.android.mms.ui.ComposeMessageActivity} for user 0 :
I/PackageManager(  362):   Action: "android.intent.action.SENDTO"
I/PackageManager(  362):   Category: "android.intent.category.DEFAULT"
I/PackageManager(  362):   Scheme: "smsto"
I/PackageManager(  362): Adding preferred activity ComponentInfo{com.android.mms/com.android.mms.ui.ComposeMessageActivity} for user 0 :
I/PackageManager(  362):   Action: "android.intent.action.SENDTO"
I/PackageManager(  362):   Category: "android.intent.category.DEFAULT"
I/PackageManager(  362):   Scheme: "mms"
I/PackageManager(  362): Adding preferred activity ComponentInfo{com.android.mms/com.android.mms.ui.ComposeMessageActivity} for user 0 :
I/PackageManager(  362):   Action: "android.intent.action.SENDTO"
I/PackageManager(  362):   Category: "android.intent.category.DEFAULT"
I/PackageManager(  362):   Scheme: "mmsto"
I/PackageManager(  362): Adding preferred activity ComponentInfo{com.android.mms/com.android.mms.ui.ComposeMessageActivity} for user 0 :
I/PackageManager(  362):   Action: "android.intent.action.SENDTO"
I/PackageManager(  362):   Category: "android.intent.category.DEFAULT"
I/PackageManager(  362):   Scheme: "sms"
I/PackageManager(  362): Adding preferred activity ComponentInfo{com.android.mms/com.android.mms.ui.ComposeMessageActivity} for user 0 :
D/dalvikvm(  598): GC_CONCURRENT freed 389K, 14% free 2980K/3440K, paused 4ms+37ms, total 138ms
I/PackageManager(  362):   Action: "android.intent.action.SENDTO"
I/PackageManager(  362):   Category: "android.intent.category.DEFAULT"
I/PackageManager(  362):   Scheme: "smsto"
I/PackageManager(  362): Adding preferred activity ComponentInfo{com.android.mms/com.android.mms.ui.ComposeMessageActivity} for user 0 :
I/PackageManager(  362):   Action: "android.intent.action.SENDTO"
I/PackageManager(  362):   Category: "android.intent.category.DEFAULT"
I/PackageManager(  362):   Scheme: "mms"
I/PackageManager(  362): Adding preferred activity ComponentInfo{com.android.mms/com.android.mms.ui.ComposeMessageActivity} for user 0 :
