E/ConnectivityService(  354): Exception trying to add a route: java.lang.IllegalStateException: command '49 interface fwmark exempt add 10.0.2.2/32' failed with '400 49 Failed to add exemption rule (File exists)'
E/logwrapper(  950): executing /system/bin/ip failed: No such file or directory
D/dalvikvm(  550): GC_CONCURRENT freed 256K, 10% free 3085K/3404K, paused 6ms+17ms, total 100ms
E/ConnectivityService(  354): Exception trying to add a route: java.lang.IllegalStateException: command '51 interface fwmark exempt add 172.217.23.14/32' failed with '400 51 Failed to add exemption rule (File exists)'
D/ConnectivityService(  354): requestRouteToHostAddress ok=false
D/ConnectivityService(  354): [CheckMp] isMobileOk: could not establish route to hostAddr=clients3.google.com/172.217.23.14
D/dalvikvm(  934): GC_CONCURRENT freed 273K, 11% free 2893K/3232K, paused 2ms+2ms, total 42ms
D/dalvikvm(  354): GC_CONCURRENT freed 551K, 55% free 5689K/12568K, paused 6ms+5ms, total 76ms
W/ActivityManager(  354): Unable to start service Intent { cmp=com.android.email/.service.AttachmentDownloadService } U=0: not found
W/ActivityManager(  354): Unable to start service Intent { cmp=com.android.email/.service.AttachmentDownloadService } U=0: not found
I/Email   (  934): Observing account changes for notifications
I/MediaFocusControl(  354):   Remote Control   registerMediaButtonIntent() for PendingIntent{b3553720: PendingIntentRecord{b3337108 com.android.music broadcastIntent}}
I/ActivityManager(  354): Start proc com.android.calendar for broadcast com.android.calendar/.widget.CalendarAppWidgetService$CalendarFactory: pid=955 uid=10016 gids={50016, 3003}
D/ExtensionsFactory(  955): No custom extensions.
I/ActivityManager(  354): Start proc com.android.deskclock for broadcast com.android.deskclock/.AlarmInitReceiver: pid=973 uid=10020 gids={50020, 1028}
I/ActivityManager(  354): Start proc com.android.providers.calendar for content provider com.android.providers.calendar/.CalendarProvider2: pid=977 uid=10001 gids={50001, 3003, 1028, 1015}
D/dalvikvm(   59): GC_EXPLICIT freed 40K, 4% free 2705K/2812K, paused 4ms+2ms, total 61ms
D/dalvikvm(   59): GC_EXPLICIT freed <1K, 4% free 2705K/2812K, paused 2ms+2ms, total 43ms
D/dalvikvm(   59): GC_EXPLICIT freed <1K, 4% free 2705K/2812K, paused 12ms+12ms, total 56ms
V/AlarmClock(  973): AlarmInitReceiver android.intent.action.TIMEZONE_CHANGED
I/CalendarDatabaseHelper(  977): Bootstrapping database
I/AlarmClock(  973): Alarms Table created
I/AlarmClock(  973): Instance table created
I/AlarmClock(  973): Cities table created
I/AlarmClock(  973): Inserting default alarms
I/AlarmClock(  973): Displaying next alarm time: ''
W/BackupManagerService(  354): dataChanged but no participant pkg='com.android.providers.settings' uid=10020
D/SettingsProvider(  354): User 0 external modification to /data/data/com.android.providers.settings/databases/settings.db; event=2
D/SettingsProvider(  354): User 0 updating our caches for /data/data/com.android.providers.settings/databases/settings.db
V/AlarmClock(  973): AlarmInitReceiver finished
E/BluetoothAdapter(  612): Bluetooth binder is null
I/CalendarProvider2(  977): Created com.android.providers.calendar.CalendarAlarmManager@b2d01920(com.android.providers.calendar.CalendarProvider2@b2cedff8)
E/BluetoothAdapter(  612): Bluetooth binder is null
I/ActivityManager(  354): Start proc com.android.dialer for broadcast com.android.dialer/.calllog.CallLogReceiver: pid=1000 uid=10004 gids={50004, 3003, 1028, 1015}
D/ExtensionsFactory( 1000): No custom extensions.
I/ActivityManager(  354): Delay finish: com.android.dialer/.calllog.CallLogReceiver
I/ActivityManager(  354): Resuming delayed broadcast
E/BluetoothAdapter(  354): Bluetooth binder is null
E/BluetoothAdapter(  354): Bluetooth binder is null
V/WiredAccessoryManager(  354): init()
I/PowerManagerService(  354): Boot animation finished.
E/SoundPool(  354): error loading /system/media/audio/ui/Effect_Tick.ogg
W/AudioService(  354): Soundpool could not load file: /system/media/audio/ui/Effect_Tick.ogg
E/SoundPool(  354): error loading /system/media/audio/ui/Effect_Tick.ogg
W/AudioService(  354): Soundpool could not load file: /system/media/audio/ui/Effect_Tick.ogg
E/SoundPool(  354): error loading /system/media/audio/ui/Effect_Tick.ogg
W/AudioService(  354): Soundpool could not load file: /system/media/audio/ui/Effect_Tick.ogg
E/SoundPool(  354): error loading /system/media/audio/ui/Effect_Tick.ogg
W/AudioService(  354): Soundpool could not load file: /system/media/audio/ui/Effect_Tick.ogg
E/SoundPool(  354): error loading /system/media/audio/ui/Effect_Tick.ogg
W/AudioService(  354): Soundpool could not load file: /system/media/audio/ui/Effect_Tick.ogg
E/SoundPool(  354): error loading /system/media/audio/ui/KeypressStandard.ogg
W/AudioService(  354): Soundpool could not load file: /system/media/audio/ui/KeypressStandard.ogg
E/SoundPool(  354): error loading /system/media/audio/ui/KeypressSpacebar.ogg
W/AudioService(  354): Soundpool could not load file: /system/media/audio/ui/KeypressSpacebar.ogg
E/SoundPool(  354): error loading /system/media/audio/ui/KeypressDelete.ogg
W/AudioService(  354): Soundpool could not load file: /system/media/audio/ui/KeypressDelete.ogg
E/SoundPool(  354): error loading /system/media/audio/ui/KeypressReturn.ogg
W/AudioService(  354): Soundpool could not load file: /system/media/audio/ui/KeypressReturn.ogg
E/SoundPool(  354): error loading /system/media/audio/ui/KeypressInvalid.ogg
W/AudioService(  354): Soundpool could not load file: /system/media/audio/ui/KeypressInvalid.ogg
W/AudioService(  354): onLoadSoundEffects(), Error -1 while loading samples
I/RecoverySystem(  354): No recovery log file
I/BootReceiver(  354): Copying audit failures to DropBox
I/BootReceiver(  354): Checking for fsck errors
D/ConnectivityService(  354): [CheckMp] isMobileOk: too many loops tried - giving up
D/ConnectivityService(  354): [CheckMp] isMobileOk: X loops|timed out result=0
D/ConnectivityService(  354): [CheckMp] isMobileOk: F stop hipri
D/MobileDataStateTracker(  354): default: setEnableFailFastMobileData(enabled=0)
D/ConnectivityService(  354): stopUsingNetworkFeature: teardown net 0: enableHIPRI
D/MobileDataStateTracker(  354): hipri: Broadcast received: android.intent.action.ANY_DATA_STATE apnType=hipri
D/MobileDataStateTracker(  354): hipri: Received state=DISCONNECTED, old=CONNECTED, reason=dataDisabled
D/MobileDataStateTracker(  354): hipri: setDetailed state, old =CONNECTED and new state=DISCONNECTED
D/ConnectivityService(  354): ConnectivityChange for mobile_hipri: DISCONNECTED/DISCONNECTED
E/logwrapper( 1023): executing /system/bin/ip failed: No such file or directory
E/SecondaryTablController(   55): ip route del failed: /system/bin/ip route del 10.0.2.2/32 via 0.0.0.0 dev eth0 table 60
W/FrameworkListener(   55): Handler 'interface' error (No such device)
E/logwrapper( 1024): executing /system/bin/ip failed: No such file or directory
E/SecondaryTablController(   55): ip route del failed: /system/bin/ip route del 0.0.0.0/0 via 10.0.2.2 dev eth0 table 60
W/FrameworkListener(   55): Handler 'interface' error (No such device)
D/Nat464Xlat(  354): requiresClat: netType=5, hasIPv4Address=true
D/MobileDataStateTracker(  354): default: setPolicyDataEnable(enabled=true)
D/dalvikvm(  354): GC_CONCURRENT freed 566K, 54% free 5859K/12568K, paused 14ms+19ms, total 264ms
D/dalvikvm(  354): WAIT_FOR_CONCURRENT_GC blocked 125ms
W/ProcessCpuTracker(  354): Skipping unknown process pid 1027
I/CalendarProvider2(  977): Sending notification intent: Intent { act=android.intent.action.PROVIDER_CHANGED dat=content://com.android.calendar }
W/ContentResolver(  977): Failed to get type for: content://com.android.calendar (Unknown URL content://com.android.calendar)
E/NetdConnector(  354): NDC Command {59 bandwidth removeiquota eth0} took too long (834ms)
I/ActivityManager(  354): Delay finish: com.android.providers.media/.MediaScannerReceiver
I/ActivityManager(  354): Resuming delayed broadcast
I/ActivityManager(  354): Start proc com.android.mms for broadcast com.android.mms/.transaction.MmsSystemEventReceiver: pid=1040 uid=10009 gids={50009, 3003, 1028, 1015}
E/NetdConnector(  354): NDC Command {60 bandwidth gettetherstats} took too long (832ms)
D/CountryDetector(  354): The first listener is added
V/MmsConfig( 1040): mnc/mcc: 310260
V/MmsConfig( 1040): tag: bool value: enabledMMS - true
V/MmsConfig( 1040): tag: int value: maxMessageSize - 307200
V/MmsConfig( 1040): tag: int value: maxImageHeight - 480
V/MmsConfig( 1040): tag: int value: maxImageWidth - 640
V/MmsConfig( 1040): tag: int value: defaultSMSMessagesPerThread - 10000
V/MmsConfig( 1040): tag: int value: defaultMMSMessagesPerThread - 1000
V/MmsConfig( 1040): tag: int value: minMessageCountPerThread - 10
V/MmsConfig( 1040): tag: int value: maxMessageCountPerThread - 5000
V/MmsConfig( 1040): tag: string value: uaProfUrl - http://www.google.com/oha/rdf/ua-profile-kila.xml
V/MmsConfig( 1040): tag: int value: recipientLimit - -1
V/MmsConfig( 1040): tag: bool value: enableMultipartSMS - true
V/MmsConfig( 1040): tag: int value: smsToMmsTextThreshold - -1
V/MmsConfig( 1040): tag: bool value: enableSlideDuration - true
V/MmsConfig( 1040): tag: int value: maxMessageTextSize - -1
I/ActivityManager(  354): Delay finish: com.android.mms/.transaction.MmsSystemEventReceiver
D/Mms:app ( 1040): cancelNotification
I/MediaProvider(  616): Upgrading media database from version 0 to 700, which will destroy all old data
E/NetdConnector(  354): NDC Command {61 bandwidth setiquota eth0 9223372036854775807} took too long (2041ms)
D/Tethering(  354): MasterInitialState.processMessage what=3
D/CaptivePortalTracker(  354): NoActiveNetworkState{ when=-1ms what=1 obj=NetworkInfo: type: mobile_hipri[UMTS], state: DISCONNECTED/DISCONNECTED, reason: dataDisabled, extra: epc.tmobile.com, roaming: false, failover: false, isAvailable: true, isConnectedToProvisioningNetwork: false target=com.android.internal.util.StateMachine$SmHandler }
D/CaptivePortalTracker(  354): NoActiveNetworkState not a wifi connectivity change, ignore
D/Tethering(  354): MasterInitialState.processMessage what=3
D/MobileDataStateTracker(  354): default: setPolicyDataEnable(enabled=true)
D/CaptivePortalTracker(  354): NoActiveNetworkState{ when=-40ms what=1 obj=NetworkInfo: type: mobile[UMTS], state: CONNECTED/CONNECTED, reason: connected, extra: epc.tmobile.com, roaming: false, failover: false, isAvailable: true, isConnectedToProvisioningNetwork: false target=com.android.internal.util.StateMachine$SmHandler }
D/CaptivePortalTracker(  354): NoActiveNetworkState not a wifi connectivity change, ignore
D/dalvikvm(  354): GC_CONCURRENT freed 878K, 55% free 5689K/12568K, paused 7ms+5ms, total 181ms
I/ActivityManager(  354): Resuming delayed broadcast
I/ActivityManager(  354): Delay finish: com.android.mms/.transaction.SmsReceiver
D/MmsSmsDatabaseHelper(  601): [MmsSmsDb] tableName: threads hasAutoIncrement: CREATE TABLE threads (_id INTEGER PRIMARY KEY AUTOINCREMENT,date INTEGER DEFAULT 0,message_count INTEGER DEFAULT 0,recipient_ids TEXT,snippet TEXT,snippet_cs INTEGER DEFAULT 0,read INTEGER DEFAULT 1,type INTEGER DEFAULT 0,error INTEGER DEFAULT 0,has_attachment INTEGER DEFAULT 0) result: true
D/MmsSmsDatabaseHelper(  601): [MmsSmsDb] tableName: canonical_addresses hasAutoIncrement: CREATE TABLE canonical_addresses (_id INTEGER PRIMARY KEY AUTOINCREMENT,address TEXT) result: true
D/MmsSmsDatabaseHelper(  601): [MmsSmsDb] tableName: part hasAutoIncrement: CREATE TABLE part (_id INTEGER PRIMARY KEY AUTOINCREMENT,mid INTEGER,seq INTEGER DEFAULT 0,ct TEXT,name TEXT,chset INTEGER,cd TEXT,fn TEXT,cid TEXT,cl TEXT,ctt_s INTEGER,ctt_t TEXT,_data TEXT,text TEXT) result: true
D/MmsSmsDatabaseHelper(  601): [MmsSmsDb] tableName: pdu hasAutoIncrement: CREATE TABLE pdu (_id INTEGER PRIMARY KEY AUTOINCREMENT,thread_id INTEGER,date INTEGER,date_sent INTEGER DEFAULT 0,msg_box INTEGER,read INTEGER DEFAULT 0,m_id TEXT,sub TEXT,sub_cs INTEGER,ct_t TEXT,ct_l TEXT,exp INTEGER,m_cls TEXT,m_type INTEGER,v INTEGER,m_size INTEGER,pri INTEGER,rr INTEGER,rpt_a INTEGER,resp_st INTEGER,st INTEGER,tr_id TEXT,retr_st INTEGER,retr_txt TEXT,retr_txt_cs INTEGER,read_status INTEGER,ct_cls INTEGER,resp_txt TEXT,d_tm INTEGER,d_rpt INTEGER,locked INTEGER DEFAULT 0,seen INTEGER DEFAULT 0,text_only INTEGER DEFAULT 0) result: true
D/MmsSmsDatabaseHelper(  601): [getWritableDatabase] hasAutoIncrementThreads: true hasAutoIncrementAddresses: true hasAutoIncrementPart: true hasAutoIncrementPdu: true
E/NetdConnector(  354): NDC Command {62 bandwidth removeiquota eth0} took too long (1200ms)
D/Mms:app ( 1040): cancelNotification
I/ActivityManager(  354): Resuming delayed broadcast
D/AlertReceiver(  955): onReceive: a=android.intent.action.BOOT_COMPLETED Intent { act=android.intent.action.BOOT_COMPLETED flg=0x8000010 cmp=com.android.calendar/.alerts.AlertReceiver (has extras) }
I/ActivityManager(  354): Delay finish: com.android.calendar/.alerts.AlertReceiver
D/AlertUtils(  955): Flushing old alerts from shared prefs table
D/AlertService(  955): 0 Action = android.intent.action.BOOT_COMPLETED
D/AlertService(  955): Scheduling next alarm with AlarmScheduler. sEventReminderReceived: null
D/dalvikvm(  955): GC_CONCURRENT freed 308K, 12% free 2811K/3188K, paused 17ms+13ms, total 157ms
D/AlarmScheduler(  955): No events found starting within 1 week.
W/ProcessCpuTracker(  354): Skipping unknown process pid 1106
D/ConnectivityService(  354): [CheckMp] isMobileOk: X result=0
D/ConnectivityService(  354): [CheckMp] onPostExecute: result=0
D/ConnectivityService(  354): CheckMp.onComplete: result=0
D/ConnectivityService(  354): CheckMp.onComplete: ignore, connected or no connection
E/SQLiteLog(  616): (1) no such table: files
E/NetdConnector(  354): NDC Command {63 bandwidth setiquota eth0 9223372036854775807} took too long (1857ms)
D/MobileDataStateTracker(  354): default: setPolicyDataEnable(enabled=true)
D/MobileDataStateTracker(  354): default: setPolicyDataEnable(enabled=true)
E/WVMExtractor(   61): Failed to open libwvm.so
D/dalvikvm(  616): GC_CONCURRENT freed 272K, 10% free 3039K/3376K, paused 2ms+2ms, total 44ms
V/MediaScanner(  616): pruneDeadThumbnailFiles... android.database.sqlite.SQLiteCursor@b2d618b0
V/MediaScanner(  616): /pruneDeadThumbnailFiles... android.database.sqlite.SQLiteCursor@b2d618b0
I/ActivityManager(  354): Resuming delayed broadcast
V/AlarmClock(  973): AlarmInitReceiver android.intent.action.BOOT_COMPLETED
V/AlarmClock(  973): AlarmInitReceiver - Reset timers and clear stopwatch data
V/AlarmClock(  973): AlarmInitReceiver - resetting volume button default
I/AlarmClock(  973): Displaying next alarm time: ''
D/dalvikvm(  973): GC_CONCURRENT freed 388K, 14% free 2821K/3276K, paused 12ms+2ms, total 95ms
D/dalvikvm(  973): WAIT_FOR_CONCURRENT_GC blocked 41ms
V/AlarmClock(  973): AlarmInitReceiver finished
I/ActivityManager(  354): Delay finish: com.android.email/.service.EmailUpgradeBroadcastReceiver
D/dalvikvm(  354): GC_CONCURRENT freed 598K, 55% free 5739K/12568K, paused 5ms+4ms, total 65ms
I/InputReader(  354): Reconfiguring input devices.  changes=0x00000010
I/InputReader(  354): Reconfiguring input devices.  changes=0x00000010
I/PackageManager(  354):   Action: "android.intent.action.SENDTO"
I/PackageManager(  354):   Category: "android.intent.category.DEFAULT"
I/PackageManager(  354):   Scheme: "sms"
I/PackageManager(  354): Adding preferred activity ComponentInfo{com.android.mms/com.android.mms.ui.ComposeMessageActivity} for user 0 :
I/PackageManager(  354):   Action: "android.intent.action.SENDTO"
I/PackageManager(  354):   Category: "android.intent.category.DEFAULT"
I/PackageManager(  354):   Scheme: "smsto"
I/PackageManager(  354): Adding preferred activity ComponentInfo{com.android.mms/com.android.mms.ui.ComposeMessageActivity} for user 0 :
I/PackageManager(  354):   Action: "android.intent.action.SENDTO"
I/PackageManager(  354):   Category: "android.intent.category.DEFAULT"
I/PackageManager(  354):   Scheme: "mms"
I/PackageManager(  354): Adding preferred activity ComponentInfo{com.android.mms/com.android.mms.ui.ComposeMessageActivity} for user 0 :
D/dalvikvm(  601): GC_CONCURRENT freed 437K, 14% free 3385K/3924K, paused 2ms+23ms, total 52ms
I/PackageManager(  354):   Action: "android.intent.action.SENDTO"
I/PackageManager(  354):   Category: "android.intent.category.DEFAULT"
I/PackageManager(  354):   Scheme: "mmsto"
I/PackageManager(  354): Adding preferred activity ComponentInfo{com.android.mms/com.android.mms.ui.ComposeMessageActivity} for user 0 :
I/PackageManager(  354):   Action: "android.intent.action.SENDTO"
I/PackageManager(  354):   Category: "android.intent.category.DEFAULT"
I/PackageManager(  354):   Scheme: "sms"
I/PackageManager(  354): Adding preferred activity ComponentInfo{com.android.mms/com.android.mms.ui.ComposeMessageActivity} for user 0 :
I/PackageManager(  354):   Action: "android.intent.action.SENDTO"
I/PackageManager(  354): Adding preferred activity ComponentInfo{com.android.mms/com.android.mms.ui.ComposeMessageActivity} for user 0 :
I/PackageManager(  354):   Category: "android.intent.category.DEFAULT"
I/PackageManager(  354):   Scheme: "smsto"
I/PackageManager(  354):   Action: "android.intent.action.SENDTO"
I/PackageManager(  354):   Category: "android.intent.category.DEFAULT"
I/PackageManager(  354):   Scheme: "mms"
I/PackageManager(  354): Adding preferred activity ComponentInfo{com.android.mms/com.android.mms.ui.ComposeMessageActivity} for user 0 :
D/dalvikvm(  354): GC_CONCURRENT freed 712K, 54% free 5789K/12568K, paused 24ms+8ms, total 129ms
D/dalvikvm(  354): WAIT_FOR_CONCURRENT_GC blocked 9ms
I/PackageManager(  354):   Action: "android.intent.action.SENDTO"
I/PackageManager(  354):   Category: "android.intent.category.DEFAULT"
I/PackageManager(  354):   Scheme: "mmsto"
I/PackageManager(  354): Adding preferred activity ComponentInfo{com.android.mms/com.android.mms.ui.ComposeMessageActivity} for user 0 :
D/dalvikvm(  601): GC_FOR_ALLOC freed 415K, 15% free 3383K/3956K, paused 42ms, total 43ms
D/dalvikvm(  601): GC_CONCURRENT freed 29K, 15% free 3385K/3956K, paused 5ms+2ms, total 23ms
I/PackageManager(  354):   Action: "android.intent.action.SENDTO"
I/PackageManager(  354):   Category: "android.intent.category.DEFAULT"
I/PackageManager(  354):   Scheme: "sms"
I/PackageManager(  354): Adding preferred activity ComponentInfo{com.android.mms/com.android.mms.ui.ComposeMessageActivity} for user 0 :
I/PackageManager(  354):   Action: "android.intent.action.SENDTO"
I/PackageManager(  354):   Category: "android.intent.category.DEFAULT"
I/PackageManager(  354):   Scheme: "smsto"
I/PackageManager(  354): Adding preferred activity ComponentInfo{com.android.mms/com.android.mms.ui.ComposeMessageActivity} for user 0 :
I/PackageManager(  354):   Action: "android.intent.action.SENDTO"
I/PackageManager(  354):   Category: "android.intent.category.DEFAULT"
I/PackageManager(  354):   Scheme: "mms"
I/PackageManager(  354): Adding preferred activity ComponentInfo{com.android.mms/com.android.mms.ui.ComposeMessageActivity} for user 0 :
I/PackageManager(  354):   Action: "android.intent.action.SENDTO"
I/PackageManager(  354):   Category: "android.intent.category.DEFAULT"
I/PackageManager(  354):   Scheme: "mmsto"
I/PackageManager(  354): Adding preferred activity ComponentInfo{com.android.mms/com.android.mms.ui.ComposeMessageActivity} for user 0 :
I/PackageManager(  354):   Action: "android.intent.action.SENDTO"
I/PackageManager(  354):   Category: "android.intent.category.DEFAULT"
I/PackageManager(  354): Adding preferred activity ComponentInfo{com.android.mms/com.android.mms.ui.ComposeMessageActivity} for user 0 :
I/PackageManager(  354):   Scheme: "sms"
I/PackageManager(  354):   Action: "android.intent.action.SENDTO"
I/PackageManager(  354):   Category: "android.intent.category.DEFAULT"
I/PackageManager(  354):   Scheme: "smsto"
I/PackageManager(  354): Adding preferred activity ComponentInfo{com.android.mms/com.android.mms.ui.ComposeMessageActivity} for user 0 :
D/dalvikvm(  601): GC_CONCURRENT freed 405K, 15% free 3374K/3956K, paused 3ms+2ms, total 42ms
D/dalvikvm(  354): GC_CONCURRENT freed 759K, 54% free 5805K/12568K, paused 7ms+5ms, total 120ms
D/dalvikvm(  354): WAIT_FOR_CONCURRENT_GC blocked 44ms
I/PackageManager(  354):   Action: "android.intent.action.SENDTO"
I/PackageManager(  354):   Category: "android.intent.category.DEFAULT"
I/PackageManager(  354):   Scheme: "mms"
I/PackageManager(  354): Adding preferred activity ComponentInfo{com.android.mms/com.android.mms.ui.ComposeMessageActivity} for user 0 :
I/PackageManager(  354):   Action: "android.intent.action.SENDTO"
I/PackageManager(  354):   Category: "android.intent.category.DEFAULT"
I/PackageManager(  354):   Scheme: "mmsto"
I/PackageManager(  354): Adding preferred activity ComponentInfo{com.android.mms/com.android.mms.ui.ComposeMessageActivity} for user 0 :
I/ActivityManager(  354): Resuming delayed broadcast
I/ActivityManager(  354): Delay finish: com.android.email/.service.EmailBroadcastReceiver
I/Email   (  934): Onetime initialization: 1
I/Email   (  934): Onetime initialization: 2
I/Email   (  934): Onetime initialization: completed.
I/ActivityManager(  354): Delaying start of: ServiceRecord{b358e520 u0 com.android.exchange/.service.EmailSyncAdapterService}
E/MetadataRetrieverClient(   61): failed to extract an album art
I/ActivityManager(  354): Resuming delayed broadcast
I/LauncherIconVisibilityManager(  589): Boot has been completed
I/LauncherIconVisibilityManager(  589): Disable activity: ComponentInfo{com.android.inputmethod.latin/com.android.inputmethod.latin.setup.SetupActivity}
E/BluetoothAdapter(  612): Bluetooth binder is null
I/ActivityManager(  354): Delay finish: com.android.deskclock/com.android.alarmclock.AnalogAppWidgetProvider
D/dalvikvm( 1040): GC_CONCURRENT freed 228K, 10% free 2879K/3176K, paused 4ms+2ms, total 174ms
E/StrictMode( 1040): A resource was acquired at attached stack trace but never released. See java.io.Closeable for information on avoiding resource leaks.
E/StrictMode( 1040): java.lang.Throwable: Explicit termination method 'release' not called
E/StrictMode( 1040): 	at dalvik.system.CloseGuard.open(CloseGuard.java:184)
E/StrictMode( 1040): 	at android.drm.DrmManagerClient.<init>(DrmManagerClient.java:258)
E/StrictMode( 1040): 	at com.google.android.mms.pdu.PduPersister.<init>(PduPersister.java:288)
E/StrictMode( 1040): 	at com.google.android.mms.pdu.PduPersister.getPduPersister(PduPersister.java:296)
E/StrictMode( 1040): 	at com.android.mms.transaction.TransactionService.onNewIntent(TransactionService.java:224)
E/StrictMode( 1040): 	at com.android.mms.transaction.TransactionService$ServiceHandler.handleMessage(TransactionService.java:621)
E/StrictMode( 1040): 	at android.os.Handler.dispatchMessage(Handler.java:102)
E/StrictMode( 1040): 	at android.os.Looper.loop(Looper.java:136)
E/StrictMode( 1040): 	at android.os.HandlerThread.run(HandlerThread.java:61)
I/ActivityManager(  354): Resuming delayed broadcast
W/BroadcastQueue(  354): Permission Denial: broadcasting Intent { act=android.appwidget.action.APPWIDGET_UPDATE_OPTIONS flg=0x10 cmp=com.android.settings/.widget.SettingsAppWidgetProvider (has extras) } from android (pid=666, uid=10008) is not exported from uid 1000 due to receiver com.android.settings/.widget.SettingsAppWidgetProvider
I/ActivityManager(  354): Start proc com.svox.pico for broadcast com.svox.pico/.VoiceDataInstallerReceiver: pid=1127 uid=10037 gids={50037, 1028, 1015}
E/BluetoothAdapter(  612): Bluetooth binder is null
D/AlertReceiver(  955): onReceive: a=android.intent.action.PROVIDER_CHANGED Intent { act=android.intent.action.PROVIDER_CHANGED dat=content://com.android.calendar flg=0x10 cmp=com.android.calendar/.alerts.AlertReceiver }
D/AlertService(  955): 0 Action = android.intent.action.PROVIDER_CHANGED
I/ActivityManager(  354): Delay finish: com.android.calendar/.alerts.AlertReceiver
D/dalvikvm(  354): GC_CONCURRENT freed 723K, 54% free 5782K/12568K, paused 7ms+4ms, total 70ms
I/ActivityManager(  354): Waited long enough for: ServiceRecord{b3656bb8 u0 com.android.music/.MediaPlaybackService}
I/ActivityManager(  354): Resuming delayed broadcast
I/ActivityManager(  354): Delay finish: com.android.mms/.transaction.SmsReceiver
V/SmsReceiverService( 1040): onStart: #1 mResultCode: -1 = Activity.RESULT_OK
I/ActivityManager(  354): Resuming delayed broadcast
D/MobileDataStateTracker(  354): default: setPolicyDataEnable(enabled=true)
I/ActivityManager(  354): Delay finish: com.android.providers.calendar/.CalendarProviderBroadcastReceiver
D/dalvikvm(  977): GC_CONCURRENT freed 222K, 10% free 2894K/3184K, paused 4ms+2ms, total 71ms
I/ActivityManager(  354): Resuming delayed broadcast
D/ConnectivityService(  354): Sampling interval elapsed, updating statistics ..
D/ConnectivityService(  354): Done.
D/ConnectivityService(  354): Setting timer for 720seconds
I/GlobalDismissManager(  955): no sender configured
D/AlertService(  955): Beginning updateAlertNotification
D/AlertService(  955): No fired or scheduled alerts
D/AlertService(  955): Scheduling next alarm with AlarmScheduler. sEventReminderReceived: null
D/AlarmScheduler(  955): No events found starting within 1 week.
D/AndroidRuntime( 1149): 
D/AndroidRuntime( 1149): >>>>>> AndroidRuntime START com.android.internal.os.RuntimeInit <<<<<<
D/AndroidRuntime( 1149): CheckJNI is ON
D/dalvikvm( 1149): Trying to load lib libjavacore.so 0x0
D/dalvikvm( 1149): Added shared lib libjavacore.so 0x0
D/dalvikvm( 1149): Trying to load lib libnativehelper.so 0x0
D/dalvikvm( 1149): Added shared lib libnativehelper.so 0x0
D/dalvikvm( 1149): No JNI_OnLoad found in libnativehelper.so 0x0, skipping init
D/dalvikvm( 1149): Note: class Landroid/app/ActivityManagerNative; has 179 unimplemented (abstract) methods
E/memtrack( 1149): Couldn't load memtrack module (No such file or directory)
E/android.os.Debug( 1149): failed to load memtrack module: -2
D/AndroidRuntime( 1149): Calling main entry com.android.commands.am.Am
I/ActivityManager(  354): START u0 {act=android.intent.action.MAIN cat=[android.intent.category.LAUNCHER] flg=0x10000000 cmp=com.android.tencent.zdevs.bah/.MainActivity} from pid 1149
D/gralloc (   58): Registering a buffer in the process that created it. This may cause memory ordering problems.
E/libEGL  (   58): called unimplemented OpenGL ES API
E/libEGL  (   58): called unimplemented OpenGL ES API
E/libEGL  (   58): called unimplemented OpenGL ES API
E/libEGL  (   58): called unimplemented OpenGL ES API
E/SurfaceFlinger(   58): glCheckFramebufferStatusOES error -1943292644
E/SurfaceFlinger(   58): got GL_FRAMEBUFFER_COMPLETE_OES error while taking screenshot
E/libEGL  (   58): called unimplemented OpenGL ES API
E/libEGL  (   58): called unimplemented OpenGL ES API
W/WindowManager(  354): Screenshot failure taking screenshot for (164x295) to layer 21005
I/ActivityManager(  354): Start proc com.android.tencent.zdevs.bah for activity com.android.tencent.zdevs.bah/.MainActivity: pid=1159 uid=10052 gids={50052, 1028, 1015, 3003}
D/dalvikvm( 1159): Not late-enabling CheckJNI (already on)
I/Launcher(  666): Deferring update until onResume
I/Launcher(  666): Deferring update until onResume
I/Launcher(  666): Deferring update until onResume
I/InputReader(  354): Reconfiguring input devices.  changes=0x00000010
I/InputReader(  354): Reconfiguring input devices.  changes=0x00000010
I/PackageManager(  354):   Action: "android.intent.action.SENDTO"
I/PackageManager(  354):   Category: "android.intent.category.DEFAULT"
I/PackageManager(  354): Adding preferred activity ComponentInfo{com.android.mms/com.android.mms.ui.ComposeMessageActivity} for user 0 :
I/Choreographer(  354): Skipped 31 frames!  The application may be doing too much work on its main thread.
I/PackageManager(  354):   Scheme: "sms"
I/Launcher(  666): Deferring update until onResume
I/PackageManager(  354):   Action: "android.intent.action.SENDTO"
I/PackageManager(  354):   Category: "android.intent.category.DEFAULT"
I/PackageManager(  354):   Scheme: "smsto"
I/PackageManager(  354): Adding preferred activity ComponentInfo{com.android.mms/com.android.mms.ui.ComposeMessageActivity} for user 0 :
I/PackageManager(  354):   Action: "android.intent.action.SENDTO"
I/PackageManager(  354):   Category: "android.intent.category.DEFAULT"
I/PackageManager(  354):   Scheme: "mms"
I/PackageManager(  354): Adding preferred activity ComponentInfo{com.android.mms/com.android.mms.ui.ComposeMessageActivity} for user 0 :
D/dalvikvm(  601): GC_CONCURRENT freed 424K, 14% free 3383K/3924K, paused 5ms+43ms, total 196ms
I/PackageManager(  354):   Action: "android.intent.action.SENDTO"
I/PackageManager(  354):   Category: "android.intent.category.DEFAULT"
I/PackageManager(  354):   Scheme: "mmsto"
I/PackageManager(  354): Adding preferred activity ComponentInfo{com.android.mms/com.android.mms.ui.ComposeMessageActivity} for user 0 :
I/PackageManager(  354):   Action: "android.intent.action.SENDTO"
I/PackageManager(  354):   Category: "android.intent.category.DEFAULT"
I/PackageManager(  354):   Scheme: "sms"
I/PackageManager(  354): Adding preferred activity ComponentInfo{com.android.mms/com.android.mms.ui.ComposeMessageActivity} for user 0 :
I/ARMAssembler(   58): generated scanline__00000077:03010104_00008001_00000000 [ 89 ipp] (110 ins) at [0xb5a62680:0xb5a62838] in 0 ns
D/dalvikvm(  354): GC_CONCURRENT freed 700K, 54% free 5856K/12568K, paused 6ms+15ms, total 330ms
D/dalvikvm(  354): WAIT_FOR_CONCURRENT_GC blocked 145ms
D/dalvikvm(  354): WAIT_FOR_CONCURRENT_GC blocked 86ms
I/PackageManager(  354):   Action: "android.intent.action.SENDTO"
I/PackageManager(  354):   Category: "android.intent.category.DEFAULT"
I/PackageManager(  354):   Scheme: "smsto"
I/PackageManager(  354): Adding preferred activity ComponentInfo{com.android.mms/com.android.mms.ui.ComposeMessageActivity} for user 0 :
I/PackageManager(  354):   Action: "android.intent.action.SENDTO"
I/PackageManager(  354):   Category: "android.intent.category.DEFAULT"
I/PackageManager(  354):   Scheme: "mms"
I/PackageManager(  354): Adding preferred activity ComponentInfo{com.android.mms/com.android.mms.ui.ComposeMessageActivity} for user 0 :
I/PackageManager(  354):   Action: "android.intent.action.SENDTO"
I/PackageManager(  354):   Category: "android.intent.category.DEFAULT"
I/PackageManager(  354):   Scheme: "mmsto"
I/PackageManager(  354): Adding preferred activity ComponentInfo{com.android.mms/com.android.mms.ui.ComposeMessageActivity} for user 0 :
W/dalvikvm( 1159): VFY: unable to find class referenced in signature (Landroid/view/SearchEvent;)
I/dalvikvm( 1159): Could not find method android.view.Window$Callback.onSearchRequested, referenced from method android.support.v7.view.WindowCallbackWrapper.onSearchRequested
W/dalvikvm( 1159): VFY: unable to resolve interface method 18030: Landroid/view/Window$Callback;.onSearchRequested (Landroid/view/SearchEvent;)Z
D/dalvikvm( 1159): VFY: replacing opcode 0x72 at 0x0006
I/dalvikvm( 1159): Could not find method android.view.Window$Callback.onWindowStartingActionMode, referenced from method android.support.v7.view.WindowCallbackWrapper.onWindowStartingActionMode
W/dalvikvm( 1159): VFY: unable to resolve interface method 18034: Landroid/view/Window$Callback;.onWindowStartingActionMode (Landroid/view/ActionMode$Callback;I)Landroid/view/ActionMode;
D/dalvikvm( 1159): VFY: replacing opcode 0x72 at 0x0008
D/dalvikvm(  601): GC_CONCURRENT freed 441K, 15% free 3386K/3960K, paused 4ms+2ms, total 63ms
I/PackageManager(  354):   Action: "android.intent.action.SENDTO"
I/PackageManager(  354):   Category: "android.intent.category.DEFAULT"
I/PackageManager(  354):   Scheme: "sms"
I/PackageManager(  354): Adding preferred activity ComponentInfo{com.android.mms/com.android.mms.ui.ComposeMessageActivity} for user 0 :
I/PackageManager(  354):   Action: "android.intent.action.SENDTO"
I/PackageManager(  354):   Category: "android.intent.category.DEFAULT"
I/PackageManager(  354):   Scheme: "smsto"
I/PackageManager(  354): Adding preferred activity ComponentInfo{com.android.mms/com.android.mms.ui.ComposeMessageActivity} for user 0 :
I/PackageManager(  354):   Action: "android.intent.action.SENDTO"
I/PackageManager(  354):   Category: "android.intent.category.DEFAULT"
I/PackageManager(  354):   Scheme: "mms"
I/PackageManager(  354): Adding preferred activity ComponentInfo{com.android.mms/com.android.mms.ui.ComposeMessageActivity} for user 0 :
I/dalvikvm( 1159): Could not find method android.content.res.TypedArray.getChangingConfigurations, referenced from method android.support.v7.widget.TintTypedArray.getChangingConfigurations
W/dalvikvm( 1159): VFY: unable to resolve virtual method 459: Landroid/content/res/TypedArray;.getChangingConfigurations ()I
D/dalvikvm( 1159): VFY: replacing opcode 0x6e at 0x0004
I/dalvikvm( 1159): Could not find method android.content.res.TypedArray.getType, referenced from method android.support.v7.widget.TintTypedArray.getType
W/dalvikvm( 1159): VFY: unable to resolve virtual method 481: Landroid/content/res/TypedArray;.getType (I)I
D/dalvikvm( 1159): VFY: replacing opcode 0x6e at 0x0006
I/PackageManager(  354):   Action: "android.intent.action.SENDTO"
I/PackageManager(  354):   Category: "android.intent.category.DEFAULT"
I/PackageManager(  354):   Scheme: "mmsto"
I/PackageManager(  354): Adding preferred activity ComponentInfo{com.android.mms/com.android.mms.ui.ComposeMessageActivity} for user 0 :
I/PackageManager(  354):   Action: "android.intent.action.SENDTO"
I/PackageManager(  354):   Category: "android.intent.category.DEFAULT"
I/PackageManager(  354):   Scheme: "sms"
I/PackageManager(  354): Adding preferred activity ComponentInfo{com.android.mms/com.android.mms.ui.ComposeMessageActivity} for user 0 :
D/dalvikvm(  354): GC_CONCURRENT freed 835K, 54% free 5798K/12568K, paused 6ms+5ms, total 129ms
D/dalvikvm(  354): WAIT_FOR_CONCURRENT_GC blocked 71ms
I/PackageManager(  354):   Action: "android.intent.action.SENDTO"
I/PackageManager(  354):   Category: "android.intent.category.DEFAULT"
I/PackageManager(  354):   Scheme: "smsto"
I/PackageManager(  354): Adding preferred activity ComponentInfo{com.android.mms/com.android.mms.ui.ComposeMessageActivity} for user 0 :
D/dalvikvm(  601): GC_CONCURRENT freed 452K, 15% free 3392K/3964K, paused 21ms+2ms, total 73ms
D/dalvikvm(  601): WAIT_FOR_CONCURRENT_GC blocked 28ms
I/PackageManager(  354):   Action: "android.intent.action.SENDTO"
I/PackageManager(  354):   Category: "android.intent.category.DEFAULT"
I/PackageManager(  354):   Scheme: "mms"
I/PackageManager(  354): Adding preferred activity ComponentInfo{com.android.mms/com.android.mms.ui.ComposeMessageActivity} for user 0 :
I/PackageManager(  354):   Action: "android.intent.action.SENDTO"
I/PackageManager(  354):   Category: "android.intent.category.DEFAULT"
I/PackageManager(  354):   Scheme: "mmsto"
I/PackageManager(  354): Adding preferred activity ComponentInfo{com.android.mms/com.android.mms.ui.ComposeMessageActivity} for user 0 :
D/dalvikvm( 1159): GC_CONCURRENT freed 210K, 9% free 2972K/3252K, paused 35ms+2ms, total 78ms
D/dalvikvm( 1159): WAIT_FOR_CONCURRENT_GC blocked 25ms
I/ActivityManager(  354): Waited long enough for: ServiceRecord{b2d62798 u0 com.android.calendar/.alerts.InitAlarmsService}
D/gralloc_goldfish( 1159): Emulator without GPU emulation detected.
I/ActivityManager(  354): Displayed com.android.tencent.zdevs.bah/.MainActivity: +2s854ms
D/AndroidRuntime( 1149): Shutting down VM
D/dalvikvm( 1149): GC_CONCURRENT freed 97K, 15% free 589K/692K, paused 3ms+1ms, total 12ms
V/AlarmClock(  973): AlarmInitReceiver android.intent.action.TIME_SET
I/AlarmClock(  973): Displaying next alarm time: ''
V/AlarmClock(  973): AlarmInitReceiver finished
D/dalvikvm(  354): GC_CONCURRENT freed 660K, 54% free 5799K/12568K, paused 5ms+5ms, total 71ms
D/InitAlarmsService(  955): Clearing and rescheduling alarms.
D/AndroidRuntime( 1179): 
D/AndroidRuntime( 1179): >>>>>> AndroidRuntime START com.android.internal.os.RuntimeInit <<<<<<
D/AndroidRuntime( 1179): CheckJNI is ON
D/dalvikvm( 1179): Trying to load lib libjavacore.so 0x0
D/dalvikvm( 1179): Added shared lib libjavacore.so 0x0
D/dalvikvm( 1179): Trying to load lib libnativehelper.so 0x0
D/dalvikvm( 1179): Added shared lib libnativehelper.so 0x0
D/dalvikvm( 1179): No JNI_OnLoad found in libnativehelper.so 0x0, skipping init
D/dalvikvm( 1179): Note: class Landroid/app/ActivityManagerNative; has 179 unimplemented (abstract) methods
E/memtrack( 1179): Couldn't load memtrack module (No such file or directory)
E/android.os.Debug( 1179): failed to load memtrack module: -2
D/AndroidRuntime( 1179): Calling main entry com.android.commands.am.Am
D/AndroidRuntime( 1179): Shutting down VM
D/dalvikvm( 1179): GC_CONCURRENT freed 97K, 15% free 587K/688K, paused 1ms+2ms, total 10ms
D/        (  354): Setting time of day to sec=1545756397
D/AndroidRuntime( 1190): 
D/AndroidRuntime( 1190): >>>>>> AndroidRuntime START com.android.internal.os.RuntimeInit <<<<<<
D/AndroidRuntime( 1190): CheckJNI is ON
D/dalvikvm( 1190): Trying to load lib libjavacore.so 0x0
D/dalvikvm( 1190): Added shared lib libjavacore.so 0x0
D/dalvikvm( 1190): Trying to load lib libnativehelper.so 0x0
D/dalvikvm( 1190): Added shared lib libnativehelper.so 0x0
D/dalvikvm( 1190): No JNI_OnLoad found in libnativehelper.so 0x0, skipping init
D/dalvikvm( 1190): Note: class Landroid/app/ActivityManagerNative; has 179 unimplemented (abstract) methods
E/memtrack( 1190): Couldn't load memtrack module (No such file or directory)
E/android.os.Debug( 1190): failed to load memtrack module: -2
D/AndroidRuntime( 1190): Calling main entry com.android.commands.am.Am
I/ActivityManager(  354): START u0 {act=android.intent.action.MAIN cat=[android.intent.category.LAUNCHER] flg=0x10000000 cmp=com.android.tencent.zdevs.bah/.IMEIActivity} from pid 1190
D/AndroidRuntime( 1159): Shutting down VM
W/dalvikvm( 1159): threadid=1: thread exiting with uncaught exception (group=0xb2a29ba8)
E/AndroidRuntime( 1159): FATAL EXCEPTION: main
E/AndroidRuntime( 1159): Process: com.android.tencent.zdevs.bah, PID: 1159
E/AndroidRuntime( 1159): java.lang.RuntimeException: Unable to start activity ComponentInfo{com.android.tencent.zdevs.bah/com.android.tencent.zdevs.bah.IMEIActivity}: java.lang.NullPointerException
E/AndroidRuntime( 1159): 	at android.app.ActivityThread.performLaunchActivity(ActivityThread.java:2184)
E/AndroidRuntime( 1159): 	at android.app.ActivityThread.handleLaunchActivity(ActivityThread.java:2233)
E/AndroidRuntime( 1159): 	at android.app.ActivityThread.access$800(ActivityThread.java:135)
E/AndroidRuntime( 1159): 	at android.app.ActivityThread$H.handleMessage(ActivityThread.java:1196)
E/AndroidRuntime( 1159): 	at android.os.Handler.dispatchMessage(Handler.java:102)
E/AndroidRuntime( 1159): 	at android.os.Looper.loop(Looper.java:136)
E/AndroidRuntime( 1159): 	at android.app.ActivityThread.main(ActivityThread.java:5001)
E/AndroidRuntime( 1159): 	at java.lang.reflect.Method.invokeNative(Native Method)
E/AndroidRuntime( 1159): 	at java.lang.reflect.Method.invoke(Method.java:515)
E/AndroidRuntime( 1159): 	at com.android.internal.os.ZygoteInit$MethodAndArgsCaller.run(ZygoteInit.java:785)
E/AndroidRuntime( 1159): 	at com.android.internal.os.ZygoteInit.main(ZygoteInit.java:601)
E/AndroidRuntime( 1159): 	at dalvik.system.NativeStart.main(Native Method)
E/AndroidRuntime( 1159): Caused by: java.lang.NullPointerException
E/AndroidRuntime( 1159): 	at com.android.tencent.zdevs.bah.IMEIActivity.onCreate(IMEIActivity.java:30)
E/AndroidRuntime( 1159): 	at android.app.Activity.performCreate(Activity.java:5231)
E/AndroidRuntime( 1159): 	at android.app.Instrumentation.callActivityOnCreate(Instrumentation.java:1087)
E/AndroidRuntime( 1159): 	at android.app.ActivityThread.performLaunchActivity(ActivityThread.java:2148)
E/AndroidRuntime( 1159): 	... 11 more
W/ActivityManager(  354):   Force finishing activity com.android.tencent.zdevs.bah/.IMEIActivity
W/ActivityManager(  354):   Force finishing activity com.android.tencent.zdevs.bah/.MainActivity
D/dalvikvm( 1159): GC_CONCURRENT freed 126K, 7% free 3233K/3448K, paused 4ms+71ms, total 161ms
I/Choreographer(  354): Skipped 41 frames!  The application may be doing too much work on its main thread.
W/ActivityManager(  354): Activity pause timeout for ActivityRecord{b32c82e8 u0 com.android.tencent.zdevs.bah/.IMEIActivity t4 f}
I/Choreographer(  666): Skipped 60 frames!  The application may be doing too much work on its main thread.
I/MediaFocusControl(  354):  AudioFocus  abandonAudioFocus() from android.media.AudioManager@b2ce2678com.android.music.MediaPlaybackService$3@b2ce14f8
W/ActivityManager(  354): Activity destroy timeout for ActivityRecord{b31b0ae0 u0 com.android.tencent.zdevs.bah/.MainActivity t4 f}
W/ActivityManager(  354): Activity destroy timeout for ActivityRecord{b32c82e8 u0 com.android.tencent.zdevs.bah/.IMEIActivity t4 f}
