D/MobileDataStateTracker(  354): mms: Broadcast received: android.intent.action.ANY_DATA_STATE apnType=mms
D/MobileDataStateTracker(  354): mms: Received state=DISCONNECTED, old=DISCONNECTED, reason=radioTurnedOff
D/MobileDataStateTracker(  354): cbs: Broadcast received: android.intent.action.ANY_DATA_STATE apnType=cbs
D/MobileDataStateTracker(  354): cbs: Received state=DISCONNECTED, old=DISCONNECTED, reason=radioTurnedOff
D/MobileDataStateTracker(  354): fota: Broadcast received: android.intent.action.ANY_DATA_STATE apnType=fota
D/MobileDataStateTracker(  354): fota: Received state=DISCONNECTED, old=DISCONNECTED, reason=radioTurnedOff
D/MobileDataStateTracker(  354): ia: Broadcast received: android.intent.action.ANY_DATA_STATE apnType=ia
D/MobileDataStateTracker(  354): ia: Received state=DISCONNECTED, old=DISCONNECTED, reason=radioTurnedOff
D/MobileDataStateTracker(  354): supl: Broadcast received: android.intent.action.ANY_DATA_STATE apnType=supl
D/MobileDataStateTracker(  354): supl: Received state=DISCONNECTED, old=DISCONNECTED, reason=radioTurnedOff
D/MobileDataStateTracker(  354): hipri: Broadcast received: android.intent.action.ANY_DATA_STATE apnType=hipri
D/MobileDataStateTracker(  354): hipri: Received state=DISCONNECTED, old=DISCONNECTED, reason=radioTurnedOff
D/MobileDataStateTracker(  354): ims: Broadcast received: android.intent.action.ANY_DATA_STATE apnType=ims
D/MobileDataStateTracker(  354): ims: Received state=DISCONNECTED, old=DISCONNECTED, reason=radioTurnedOff
D/MobileDataStateTracker(  354): default: Broadcast received: android.intent.action.ANY_DATA_STATE apnType=default
D/MobileDataStateTracker(  354): default: Received state=DISCONNECTED, old=DISCONNECTED, reason=radioTurnedOff
D/MobileDataStateTracker(  354): mms: Broadcast received: android.intent.action.ANY_DATA_STATE apnType=mms
D/MobileDataStateTracker(  354): mms: Received state=DISCONNECTED, old=DISCONNECTED, reason=radioTurnedOff
D/MobileDataStateTracker(  354): cbs: Broadcast received: android.intent.action.ANY_DATA_STATE apnType=cbs
D/MobileDataStateTracker(  354): cbs: Received state=DISCONNECTED, old=DISCONNECTED, reason=radioTurnedOff
D/MobileDataStateTracker(  354): fota: Broadcast received: android.intent.action.ANY_DATA_STATE apnType=fota
D/MobileDataStateTracker(  354): fota: Received state=DISCONNECTED, old=DISCONNECTED, reason=dataDetached
D/MobileDataStateTracker(  354): ia: Broadcast received: android.intent.action.ANY_DATA_STATE apnType=ia
D/MobileDataStateTracker(  354): ia: Received state=DISCONNECTED, old=DISCONNECTED, reason=dataDetached
D/MobileDataStateTracker(  354): supl: Broadcast received: android.intent.action.ANY_DATA_STATE apnType=supl
D/MobileDataStateTracker(  354): supl: Received state=DISCONNECTED, old=DISCONNECTED, reason=dataDetached
D/MobileDataStateTracker(  354): hipri: Broadcast received: android.intent.action.ANY_DATA_STATE apnType=hipri
D/MobileDataStateTracker(  354): hipri: Received state=DISCONNECTED, old=DISCONNECTED, reason=dataDetached
D/MobileDataStateTracker(  354): ims: Broadcast received: android.intent.action.ANY_DATA_STATE apnType=ims
D/MobileDataStateTracker(  354): ims: Received state=DISCONNECTED, old=DISCONNECTED, reason=dataDetached
D/MobileDataStateTracker(  354): default: Broadcast received: android.intent.action.ANY_DATA_STATE apnType=default
D/MobileDataStateTracker(  354): default: Received state=DISCONNECTED, old=DISCONNECTED, reason=dataDetached
D/MobileDataStateTracker(  354): mms: Broadcast received: android.intent.action.ANY_DATA_STATE apnType=mms
D/MobileDataStateTracker(  354): mms: Received state=DISCONNECTED, old=DISCONNECTED, reason=dataDetached
D/MobileDataStateTracker(  354): cbs: Broadcast received: android.intent.action.ANY_DATA_STATE apnType=cbs
D/MobileDataStateTracker(  354): cbs: Received state=DISCONNECTED, old=DISCONNECTED, reason=dataDetached
D/MobileDataStateTracker(  354): fota: Broadcast received: android.intent.action.ANY_DATA_STATE apnType=fota
D/MobileDataStateTracker(  354): fota: Received state=DISCONNECTED, old=DISCONNECTED, reason=roamingOff
D/MobileDataStateTracker(  354): ia: Broadcast received: android.intent.action.ANY_DATA_STATE apnType=ia
D/MobileDataStateTracker(  354): ia: Received state=DISCONNECTED, old=DISCONNECTED, reason=roamingOff
D/MobileDataStateTracker(  354): supl: Broadcast received: android.intent.action.ANY_DATA_STATE apnType=supl
D/MobileDataStateTracker(  354): supl: Received state=DISCONNECTED, old=DISCONNECTED, reason=roamingOff
D/MobileDataStateTracker(  354): hipri: Broadcast received: android.intent.action.ANY_DATA_STATE apnType=hipri
D/MobileDataStateTracker(  354): hipri: Received state=DISCONNECTED, old=DISCONNECTED, reason=roamingOff
D/MobileDataStateTracker(  354): ims: Broadcast received: android.intent.action.ANY_DATA_STATE apnType=ims
D/MobileDataStateTracker(  354): ims: Received state=DISCONNECTED, old=DISCONNECTED, reason=roamingOff
D/MobileDataStateTracker(  354): default: Broadcast received: android.intent.action.ANY_DATA_STATE apnType=default
D/MobileDataStateTracker(  354): default: Received state=DISCONNECTED, old=DISCONNECTED, reason=roamingOff
D/MobileDataStateTracker(  354): mms: Broadcast received: android.intent.action.ANY_DATA_STATE apnType=mms
D/MobileDataStateTracker(  354): mms: Received state=DISCONNECTED, old=DISCONNECTED, reason=roamingOff
D/MobileDataStateTracker(  354): cbs: Broadcast received: android.intent.action.ANY_DATA_STATE apnType=cbs
D/MobileDataStateTracker(  354): cbs: Received state=DISCONNECTED, old=DISCONNECTED, reason=roamingOff
D/MobileDataStateTracker(  354): fota: Broadcast received: android.intent.action.ANY_DATA_STATE apnType=fota
D/MobileDataStateTracker(  354): fota: Received state=DISCONNECTED, old=DISCONNECTED, reason=roamingOff
D/MobileDataStateTracker(  354): ia: Broadcast received: android.intent.action.ANY_DATA_STATE apnType=ia
D/MobileDataStateTracker(  354): ia: Received state=DISCONNECTED, old=DISCONNECTED, reason=roamingOff
D/MobileDataStateTracker(  354): supl: Broadcast received: android.intent.action.ANY_DATA_STATE apnType=supl
D/MobileDataStateTracker(  354): supl: Received state=DISCONNECTED, old=DISCONNECTED, reason=roamingOff
D/dalvikvm(  589): GC_CONCURRENT freed 420K, 16% free 2973K/3532K, paused 4ms+2ms, total 115ms
D/dalvikvm(  589): WAIT_FOR_CONCURRENT_GC blocked 19ms
D/dalvikvm(  601): GC_CONCURRENT freed 279K, 11% free 3052K/3396K, paused 2ms+2ms, total 99ms
D/MobileDataStateTracker(  354): hipri: Broadcast received: android.intent.action.ANY_DATA_STATE apnType=hipri
D/MobileDataStateTracker(  354): hipri: Received state=DISCONNECTED, old=DISCONNECTED, reason=roamingOff
D/MobileDataStateTracker(  354): ims: Broadcast received: android.intent.action.ANY_DATA_STATE apnType=ims
D/MobileDataStateTracker(  354): ims: Received state=DISCONNECTED, old=DISCONNECTED, reason=roamingOff
D/MobileDataStateTracker(  354): default: Broadcast received: android.intent.action.ANY_DATA_STATE apnType=default
D/MobileDataStateTracker(  354): default: Received state=DISCONNECTED, old=DISCONNECTED, reason=roamingOff
D/MobileDataStateTracker(  354): mms: Broadcast received: android.intent.action.ANY_DATA_STATE apnType=mms
D/MobileDataStateTracker(  354): mms: Received state=DISCONNECTED, old=DISCONNECTED, reason=roamingOff
D/MobileDataStateTracker(  354): cbs: Broadcast received: android.intent.action.ANY_DATA_STATE apnType=cbs
D/TelephonyDebugService(  601): TelephonyDebugService()
D/MobileDataStateTracker(  354): cbs: Received state=DISCONNECTED, old=DISCONNECTED, reason=roamingOff
I/LatinIME:LogUtils(  589): Dictionary info: dictionary = main:en ; version = 42 ; date = 1381226429
I/LatinIME:LogUtils(  589): Dictionary info: dictionary = main:en ; version = 42 ; date = 1381226429
I/LatinIME:LogUtils(  589): Dictionary info: dictionary = main:en ; version = 42 ; date = 1381226429
I/LatinIME:LogUtils(  589): Dictionary info: dictionary = main:en ; version = 42 ; date = 1381226429
D/dalvikvm(  666): GC_CONCURRENT freed 169K, 8% free 2951K/3188K, paused 5ms+12ms, total 61ms
D/dalvikvm(  354): GC_CONCURRENT freed 609K, 57% free 5501K/12704K, paused 74ms+4ms, total 199ms
D/dalvikvm(  354): WAIT_FOR_CONCURRENT_GC blocked 58ms
D/dalvikvm(  354): GC_CONCURRENT freed 698K, 57% free 5534K/12704K, paused 5ms+9ms, total 142ms
D/MccTable(  601): updateMccMncConfiguration: mcc=310, mnc=260
D/AlarmManagerService(  354): Kernel timezone updated to 300 minutes west of GMT
D/MccTable(  601): timezone set to America/New_York
D/MccTable(  601): getLocaleFromMcc to en_us mcc=310
D/MccTable(  601): getLocaleForLanguageCountry: got match
D/MccTable(  601): getLocaleForLanguageCountry: X locale=en_US
D/MccTable(  601): WIFI_COUNTRY_CODE set to us
I/WifiService(  354): WifiService trying to set country code to us with persist set to true
D/dalvikvm(  666): GC_FOR_ALLOC freed 192K, 8% free 3111K/3372K, paused 56ms, total 63ms
I/dalvikvm-heap(  666): Grow heap (frag case) to 3.711MB for 640016-byte allocation
D/dalvikvm(  666): GC_FOR_ALLOC freed 2K, 7% free 3733K/4000K, paused 87ms, total 87ms
D/dalvikvm(  666): GC_CONCURRENT freed 7K, 7% free 3726K/4000K, paused 13ms+2ms, total 42ms
I/FusedLocation(  354): engine stopped (com.android.location.fused)
I/FusedLocation(  354): engine started (com.android.location.fused)
D/dalvikvm(  601): GC_CONCURRENT freed 290K, 11% free 3161K/3516K, paused 23ms+2ms, total 72ms
D/MobileDataStateTracker(  354): fota: Broadcast received: android.intent.action.ANY_DATA_STATE apnType=fota
D/MobileDataStateTracker(  354): fota: Received state=DISCONNECTED, old=DISCONNECTED, reason=dataAttached
D/MobileDataStateTracker(  354): ia: Broadcast received: android.intent.action.ANY_DATA_STATE apnType=ia
D/MobileDataStateTracker(  354): ia: Received state=DISCONNECTED, old=DISCONNECTED, reason=dataAttached
D/MobileDataStateTracker(  354): supl: Broadcast received: android.intent.action.ANY_DATA_STATE apnType=supl
D/MobileDataStateTracker(  354): supl: Received state=DISCONNECTED, old=DISCONNECTED, reason=dataAttached
D/MobileDataStateTracker(  354): hipri: Broadcast received: android.intent.action.ANY_DATA_STATE apnType=hipri
D/MobileDataStateTracker(  354): hipri: Received state=DISCONNECTED, old=DISCONNECTED, reason=dataAttached
D/MobileDataStateTracker(  354): ims: Broadcast received: android.intent.action.ANY_DATA_STATE apnType=ims
D/MobileDataStateTracker(  354): ims: Received state=DISCONNECTED, old=DISCONNECTED, reason=dataAttached
D/MobileDataStateTracker(  354): mms: Broadcast received: android.intent.action.ANY_DATA_STATE apnType=mms
D/MobileDataStateTracker(  354): mms: Received state=DISCONNECTED, old=DISCONNECTED, reason=dataAttached
D/MobileDataStateTracker(  354): cbs: Broadcast received: android.intent.action.ANY_DATA_STATE apnType=cbs
D/MobileDataStateTracker(  354): cbs: Received state=DISCONNECTED, old=DISCONNECTED, reason=dataAttached
D/MobileDataStateTracker(  354): fota: Broadcast received: android.intent.action.ANY_DATA_STATE apnType=fota
D/MobileDataStateTracker(  354): fota: Received state=DISCONNECTED, old=DISCONNECTED, reason=dataAttached
D/MobileDataStateTracker(  354): ia: Broadcast received: android.intent.action.ANY_DATA_STATE apnType=ia
D/MobileDataStateTracker(  354): ia: Received state=DISCONNECTED, old=DISCONNECTED, reason=dataAttached
D/MobileDataStateTracker(  354): supl: Broadcast received: android.intent.action.ANY_DATA_STATE apnType=supl
D/MobileDataStateTracker(  354): supl: Received state=DISCONNECTED, old=DISCONNECTED, reason=dataAttached
D/MobileDataStateTracker(  354): hipri: Broadcast received: android.intent.action.ANY_DATA_STATE apnType=hipri
D/MobileDataStateTracker(  354): hipri: Received state=DISCONNECTED, old=DISCONNECTED, reason=dataAttached
D/MobileDataStateTracker(  354): ims: Broadcast received: android.intent.action.ANY_DATA_STATE apnType=ims
D/MobileDataStateTracker(  354): ims: Received state=DISCONNECTED, old=DISCONNECTED, reason=dataAttached
D/MobileDataStateTracker(  354): mms: Broadcast received: android.intent.action.ANY_DATA_STATE apnType=mms
D/MobileDataStateTracker(  354): mms: Received state=DISCONNECTED, old=DISCONNECTED, reason=dataAttached
D/MobileDataStateTracker(  354): cbs: Broadcast received: android.intent.action.ANY_DATA_STATE apnType=cbs
D/MobileDataStateTracker(  354): cbs: Received state=DISCONNECTED, old=DISCONNECTED, reason=dataAttached
I/LatinIME:LogUtils(  589): Dictionary info: dictionary = main:en ; version = 42 ; date = 1381226429
D/MccTable(  601): updateMccMncConfiguration: mcc=310, mnc=260
D/MccTable(  601): getLocaleFromMcc to en_us mcc=310
D/MccTable(  601): getLocaleForLanguageCountry: got match
D/MccTable(  601): getLocaleForLanguageCountry: X locale=en_US
D/MccTable(  601): updateMccMncConfiguration updateConfig config={1.0 310mcc260mnc en_US ldltr ?swdp ?wdp ?hdp ?density ?lsize ?long ?orien ?uimode ?night ?touch ?keyb/?/? ?nav/?}
I/ActivityManager(  354): Config changes=3 {1.0 310mcc260mnc en_US ldltr sw480dp w480dp h839dp 160dpi lrg long port finger -keyb/v/h tball/v s.6}
I/LatinIME:LogUtils(  589): Dictionary info: dictionary = main:en ; version = 42 ; date = 1381226429
I/LatinIME:LogUtils(  589): Dictionary info: dictionary = main:en ; version = 42 ; date = 1381226429
D/dalvikvm(  589): GC_CONCURRENT freed 315K, 13% free 3081K/3532K, paused 3ms+5ms, total 112ms
D/PermissionCache(   58): checking android.permission.READ_FRAME_BUFFER for uid=1000 => granted (2988 us)
D/gralloc (   58): Registering a buffer in the process that created it. This may cause memory ordering problems.
E/libEGL  (   58): called unimplemented OpenGL ES API
E/libEGL  (   58): called unimplemented OpenGL ES API
E/libEGL  (   58): called unimplemented OpenGL ES API
E/libEGL  (   58): called unimplemented OpenGL ES API
E/SurfaceFlinger(   58): glCheckFramebufferStatusOES error -1943292644
E/SurfaceFlinger(   58): got GL_FRAMEBUFFER_COMPLETE_OES error while taking screenshot
E/libEGL  (   58): called unimplemented OpenGL ES API
E/libEGL  (   58): called unimplemented OpenGL ES API
I/ARMAssembler(   58): generated scanline__00000077:03515104_00008001_00000000 [113 ipp] (134 ins) at [0xb5a621f0:0xb5a62408] in 10000000 ns
I/LatinIME:LogUtils(  589): Dictionary info: dictionary = main:en ; version = 42 ; date = 1381226429
W/Resources(  666): Converting to int: TypedValue{t=0x3/d=0x12 "4" a=-1}
W/Resources(  666): Converting to int: TypedValue{t=0x3/d=0xf "1" a=-1}
D/PhoneStatusBar(  448): mSettingsPanelGravity = 55
D/MccTable(  601): updateMccMncConfiguration: mcc=310, mnc=260
D/MccTable(  601): getLocaleFromMcc to en_us mcc=310
D/MccTable(  601): getLocaleForLanguageCountry: skipping already persisted
D/MccTable(  601): getLocaleForLanguageCountry: X locale=null
D/MccTable(  601): updateMccMncConfiguration updateConfig config={1.0 310mcc260mnc ?locale ?layoutDir ?swdp ?wdp ?hdp ?density ?lsize ?long ?orien ?uimode ?night ?touch ?keyb/?/? ?nav/?}
D/dalvikvm(  601): GC_CONCURRENT freed 330K, 10% free 3336K/3684K, paused 7ms+2ms, total 62ms
D/dalvikvm(  354): GC_CONCURRENT freed 653K, 57% free 5588K/12704K, paused 165ms+4ms, total 225ms
D/dalvikvm(  354): WAIT_FOR_CONCURRENT_GC blocked 60ms
D/MobileDataStateTracker(  354): fota: Broadcast received: android.intent.action.ANY_DATA_STATE apnType=fota
D/MobileDataStateTracker(  354): fota: Received state=DISCONNECTED, old=DISCONNECTED, reason=simLoaded
D/MobileDataStateTracker(  354): ia: Broadcast received: android.intent.action.ANY_DATA_STATE apnType=ia
D/MobileDataStateTracker(  354): ia: Received state=DISCONNECTED, old=DISCONNECTED, reason=simLoaded
D/MobileDataStateTracker(  354): supl: Broadcast received: android.intent.action.ANY_DATA_STATE apnType=supl
D/MobileDataStateTracker(  354): supl: Received state=DISCONNECTED, old=DISCONNECTED, reason=simLoaded
D/MobileDataStateTracker(  354): hipri: Broadcast received: android.intent.action.ANY_DATA_STATE apnType=hipri
D/MobileDataStateTracker(  354): hipri: Received state=DISCONNECTED, old=DISCONNECTED, reason=simLoaded
D/MobileDataStateTracker(  354): ims: Broadcast received: android.intent.action.ANY_DATA_STATE apnType=ims
D/MobileDataStateTracker(  354): ims: Received state=DISCONNECTED, old=DISCONNECTED, reason=simLoaded
D/MobileDataStateTracker(  354): mms: Broadcast received: android.intent.action.ANY_DATA_STATE apnType=mms
D/MobileDataStateTracker(  354): mms: Received state=DISCONNECTED, old=DISCONNECTED, reason=simLoaded
D/MobileDataStateTracker(  354): cbs: Broadcast received: android.intent.action.ANY_DATA_STATE apnType=cbs
D/MobileDataStateTracker(  354): cbs: Received state=DISCONNECTED, old=DISCONNECTED, reason=simLoaded
D/dalvikvm(  601): GC_CONCURRENT freed 547K, 16% free 3302K/3912K, paused 4ms+2ms, total 130ms
D/dalvikvm(  601): WAIT_FOR_CONCURRENT_GC blocked 8ms
D/dalvikvm(  601): WAIT_FOR_CONCURRENT_GC blocked 7ms
D/MobileDataStateTracker(  354): default: Broadcast received: android.intent.action.ANY_DATA_STATE apnType=default
D/MobileDataStateTracker(  354): default: Received state=CONNECTING, old=DISCONNECTED, reason=simLoaded
D/MobileDataStateTracker(  354): default: setDetailed state, old =IDLE and new state=CONNECTING
D/MobileDataStateTracker(  354): fota: Broadcast received: android.intent.action.ANY_DATA_STATE apnType=fota
D/MobileDataStateTracker(  354): fota: Received state=DISCONNECTED, old=DISCONNECTED, reason=simLoaded
D/MobileDataStateTracker(  354): ia: Broadcast received: android.intent.action.ANY_DATA_STATE apnType=ia
D/MobileDataStateTracker(  354): ia: Received state=DISCONNECTED, old=DISCONNECTED, reason=simLoaded
D/MobileDataStateTracker(  354): supl: Broadcast received: android.intent.action.ANY_DATA_STATE apnType=supl
D/MobileDataStateTracker(  354): supl: Received state=DISCONNECTED, old=DISCONNECTED, reason=simLoaded
D/MobileDataStateTracker(  354): hipri: Broadcast received: android.intent.action.ANY_DATA_STATE apnType=hipri
D/MobileDataStateTracker(  354): hipri: Received state=DISCONNECTED, old=DISCONNECTED, reason=simLoaded
D/MobileDataStateTracker(  354): ims: Broadcast received: android.intent.action.ANY_DATA_STATE apnType=ims
D/MobileDataStateTracker(  354): ims: Received state=DISCONNECTED, old=DISCONNECTED, reason=simLoaded
D/MobileDataStateTracker(  354): mms: Broadcast received: android.intent.action.ANY_DATA_STATE apnType=mms
D/MobileDataStateTracker(  354): mms: Received state=DISCONNECTED, old=DISCONNECTED, reason=simLoaded
D/MobileDataStateTracker(  354): cbs: Broadcast received: android.intent.action.ANY_DATA_STATE apnType=cbs
D/MobileDataStateTracker(  354): cbs: Received state=DISCONNECTED, old=DISCONNECTED, reason=simLoaded
D/MobileDataStateTracker(  354): default: Broadcast received: android.intent.action.ANY_DATA_STATE apnType=default
D/MobileDataStateTracker(  354): default: Received state=CONNECTED, old=CONNECTING, reason=connected
D/MobileDataStateTracker(  354): default: setDetailed state, old =CONNECTING and new state=CONNECTED
D/ConnectivityService(  354): ConnectivityChange for mobile: CONNECTED/CONNECTED
D/ConnectivityService(  354): ConnectivityChange checkMobileProvisioning for TYPE_MOBILE or ProvisioningNetwork
D/ConnectivityService(  354): checkMobileProvisioning: E suggestedTimeOutMs=60000
D/ConnectivityService(  354): setProvNotificationVisible: E visible=false networkType=5 extraInfo=null url=null
D/ConnectivityService(  354): checkMobileProvisioning: params={ url=http://clients3.google.com/generate_204 mTimeOutMs=60000 mCb=com.android.server.ConnectivityService$5@b3342810}
D/ConnectivityService(  354): checkMobileProvisioning: X
W/Resources(  666): Converting to int: TypedValue{t=0x3/d=0x15 "2" a=-1}
W/Resources(  666): Converting to int: TypedValue{t=0x3/d=0x15 "2" a=-1}
D/Nat464Xlat(  354): requiresClat: netType=0, hasIPv4Address=true
W/Launcher.LauncherProvider(  666): Unable to add favorite: com.android.camera2/com.android.camera.CameraLauncher
W/Launcher.LauncherProvider(  666): android.content.pm.PackageManager$NameNotFoundException: ComponentInfo{com.android.camera2/com.android.camera.CameraLauncher}
W/Launcher.LauncherProvider(  666): 	at android.app.ApplicationPackageManager.getActivityInfo(ApplicationPackageManager.java:242)
W/Launcher.LauncherProvider(  666): 	at com.android.launcher2.LauncherProvider$DatabaseHelper.addAppShortcut(LauncherProvider.java:959)
W/Launcher.LauncherProvider(  666): 	at com.android.launcher2.LauncherProvider$DatabaseHelper.loadFavorites(LauncherProvider.java:863)
W/Launcher.LauncherProvider(  666): 	at com.android.launcher2.LauncherProvider$DatabaseHelper.access$000(LauncherProvider.java:253)
W/Launcher.LauncherProvider(  666): 	at com.android.launcher2.LauncherProvider.loadDefaultFavoritesIfNecessary(LauncherProvider.java:237)
W/Launcher.LauncherProvider(  666): 	at com.android.launcher2.LauncherModel$LoaderTask.loadWorkspace(LauncherModel.java:1278)
W/Launcher.LauncherProvider(  666): 	at com.android.launcher2.LauncherModel$LoaderTask.loadAndBindWorkspace(LauncherModel.java:1020)
W/Launcher.LauncherProvider(  666): 	at com.android.launcher2.LauncherModel$LoaderTask.run(LauncherModel.java:1126)
W/Launcher.LauncherProvider(  666): 	at android.os.Handler.handleCallback(Handler.java:733)
W/Launcher.LauncherProvider(  666): 	at android.os.Handler.dispatchMessage(Handler.java:95)
W/Launcher.LauncherProvider(  666): 	at android.os.Looper.loop(Looper.java:136)
W/Launcher.LauncherProvider(  666): 	at android.os.HandlerThread.run(HandlerThread.java:61)
W/Launcher.LauncherProvider(  666): Unable to add favorite: com.android.gallery3d/com.android.gallery3d.app.Gallery
W/Launcher.LauncherProvider(  666): android.content.pm.PackageManager$NameNotFoundException: ComponentInfo{com.android.gallery3d/com.android.gallery3d.app.Gallery}
W/Launcher.LauncherProvider(  666): 	at android.app.ApplicationPackageManager.getActivityInfo(ApplicationPackageManager.java:242)
W/Launcher.LauncherProvider(  666): 	at com.android.launcher2.LauncherProvider$DatabaseHelper.addAppShortcut(LauncherProvider.java:959)
W/Launcher.LauncherProvider(  666): 	at com.android.launcher2.LauncherProvider$DatabaseHelper.loadFavorites(LauncherProvider.java:863)
W/Launcher.LauncherProvider(  666): 	at com.android.launcher2.LauncherProvider$DatabaseHelper.access$000(LauncherProvider.java:253)
W/Launcher.LauncherProvider(  666): 	at com.android.launcher2.LauncherProvider.loadDefaultFavoritesIfNecessary(LauncherProvider.java:237)
W/Launcher.LauncherProvider(  666): 	at com.android.launcher2.LauncherModel$LoaderTask.loadWorkspace(LauncherModel.java:1278)
W/Launcher.LauncherProvider(  666): 	at com.android.launcher2.LauncherModel$LoaderTask.loadAndBindWorkspace(LauncherModel.java:1020)
W/Launcher.LauncherProvider(  666): 	at com.android.launcher2.LauncherModel$LoaderTask.run(LauncherModel.java:1126)
W/Launcher.LauncherProvider(  666): 	at android.os.Handler.handleCallback(Handler.java:733)
W/Launcher.LauncherProvider(  666): 	at android.os.Handler.dispatchMessage(Handler.java:95)
W/Launcher.LauncherProvider(  666): 	at android.os.Looper.loop(Looper.java:136)
W/Launcher.LauncherProvider(  666): 	at android.os.HandlerThread.run(HandlerThread.java:61)
D/dalvikvm(  354): GC_CONCURRENT freed 763K, 57% free 5516K/12704K, paused 43ms+76ms, total 451ms
I/NetworkPolicy(  354): no policy for active mobile network; generating default policy
D/MobileDataStateTracker(  354): default: setPolicyDataEnable(enabled=true)
D/dalvikvm(  666): GC_CONCURRENT freed 299K, 9% free 3837K/4204K, paused 4ms+16ms, total 64ms
W/ProcessCpuTracker(  354): Skipping unknown process pid 751
I/SurfaceFlinger(   58): Boot is finished (69220 ms)
I/MediaProvider(  616): Upgrading media database from version 0 to 700, which will destroy all old data
D/MobileDataStateTracker(  354): default: isProvisioningNetwork: retVal=false
D/ConnectivityService(  354): [CheckMp] isMobileOk: isDefaultProvisioning=false
D/MobileDataStateTracker(  354): hipri: isProvisioningNetwork: retVal=false
D/ConnectivityService(  354): [CheckMp] isMobileOk: isHipriProvisioning=false
D/ConnectivityService(  354): [CheckMp] isMobileOk: start hipri url=http://clients3.google.com/generate_204
E/NetdConnector(  354): NDC Command {12 bandwidth setiquota eth0 9223372036854775807} took too long (1491ms)
D/MobileDataStateTracker(  354): default: setPolicyDataEnable(enabled=true)
W/ActivityManager(  354): Launch timeout has expired, giving up wake lock!
I/InputReader(  354): Reconfiguring input devices.  changes=0x00000010
I/PackageManager(  354):   Action: "android.intent.action.SENDTO"
I/PackageManager(  354): Adding preferred activity ComponentInfo{com.android.mms/com.android.mms.ui.ComposeMessageActivity} for user 0 :
I/PackageManager(  354):   Category: "android.intent.category.DEFAULT"
I/PackageManager(  354):   Scheme: "sms"
I/PackageManager(  354):   Action: "android.intent.action.SENDTO"
I/PackageManager(  354):   Category: "android.intent.category.DEFAULT"
I/PackageManager(  354):   Scheme: "smsto"
I/PackageManager(  354): Adding preferred activity ComponentInfo{com.android.mms/com.android.mms.ui.ComposeMessageActivity} for user 0 :
I/PackageManager(  354):   Action: "android.intent.action.SENDTO"
I/PackageManager(  354):   Category: "android.intent.category.DEFAULT"
I/PackageManager(  354):   Scheme: "mms"
I/PackageManager(  354): Adding preferred activity ComponentInfo{com.android.mms/com.android.mms.ui.ComposeMessageActivity} for user 0 :
D/dalvikvm(  601): GC_CONCURRENT freed 454K, 15% free 3351K/3912K, paused 3ms+2ms, total 156ms
E/NetdConnector(  354): NDC Command {13 bandwidth removeiquota eth0} took too long (828ms)
I/PackageManager(  354):   Action: "android.intent.action.SENDTO"
I/PackageManager(  354):   Category: "android.intent.category.DEFAULT"
I/PackageManager(  354):   Scheme: "mmsto"
I/PackageManager(  354): Adding preferred activity ComponentInfo{com.android.mms/com.android.mms.ui.ComposeMessageActivity} for user 0 :
I/PackageManager(  354):   Action: "android.intent.action.SENDTO"
I/PackageManager(  354):   Category: "android.intent.category.DEFAULT"
I/PackageManager(  354):   Scheme: "sms"
I/PackageManager(  354): Adding preferred activity ComponentInfo{com.android.mms/com.android.mms.ui.ComposeMessageActivity} for user 0 :
D/dalvikvm(  354): GC_CONCURRENT freed 609K, 56% free 5613K/12704K, paused 5ms+14ms, total 189ms
D/dalvikvm(  354): WAIT_FOR_CONCURRENT_GC blocked 78ms
I/PackageManager(  354):   Action: "android.intent.action.SENDTO"
I/PackageManager(  354):   Category: "android.intent.category.DEFAULT"
I/PackageManager(  354):   Scheme: "smsto"
I/PackageManager(  354): Adding preferred activity ComponentInfo{com.android.mms/com.android.mms.ui.ComposeMessageActivity} for user 0 :
I/PackageManager(  354): Adding preferred activity ComponentInfo{com.android.mms/com.android.mms.ui.ComposeMessageActivity} for user 0 :
I/PackageManager(  354):   Action: "android.intent.action.SENDTO"
I/PackageManager(  354):   Category: "android.intent.category.DEFAULT"
I/PackageManager(  354):   Scheme: "mms"
D/Tethering(  354): MasterInitialState.processMessage what=3
D/CaptivePortalTracker(  354): NoActiveNetworkState{ when=-3ms what=1 obj=NetworkInfo: type: mobile[UMTS], state: CONNECTED/CONNECTED, reason: connected, extra: epc.tmobile.com, roaming: false, failover: false, isAvailable: true, isConnectedToProvisioningNetwork: false target=com.android.internal.util.StateMachine$SmHandler }
D/CaptivePortalTracker(  354): NoActiveNetworkState not a wifi connectivity change, ignore
I/PackageManager(  354):   Action: "android.intent.action.SENDTO"
I/PackageManager(  354):   Category: "android.intent.category.DEFAULT"
I/PackageManager(  354):   Scheme: "mmsto"
I/PackageManager(  354): Adding preferred activity ComponentInfo{com.android.mms/com.android.mms.ui.ComposeMessageActivity} for user 0 :
W/WindowManager(  354): App freeze timeout expired.
W/WindowManager(  354): Force clearing freeze: AppWindowToken{b31d1148 token=Token{b36027f8 ActivityRecord{b3602698 u0 com.android.launcher/com.android.launcher2.Launcher t3}}}
I/WindowManager(  354): Screen frozen for +5s66ms due to AppWindowToken{b31d1148 token=Token{b36027f8 ActivityRecord{b3602698 u0 com.android.launcher/com.android.launcher2.Launcher t3}}}
I/Choreographer(  354): Skipped 34 frames!  The application may be doing too much work on its main thread.
I/ARMAssembler(   58): generated scanline__00000077:03515104_00009001_00000000 [131 ipp] (153 ins) at [0xb5a62410:0xb5a62674] in 0 ns
D/dalvikvm(  601): GC_FOR_ALLOC freed 381K, 15% free 3367K/3924K, paused 190ms, total 191ms
I/Choreographer(  354): Skipped 40 frames!  The application may be doing too much work on its main thread.
D/dalvikvm(  601): GC_CONCURRENT freed 45K, 15% free 3369K/3924K, paused 188ms+4ms, total 261ms
E/NetdConnector(  354): NDC Command {14 bandwidth setiquota eth0 9223372036854775807} took too long (1563ms)
D/MobileDataStateTracker(  354): default: setPolicyDataEnable(enabled=true)
D/dalvikvm(  354): GC_CONCURRENT freed 661K, 57% free 5579K/12704K, paused 41ms+4ms, total 527ms
D/ConnectivityService(  354): startUsingNetworkFeature reconnecting to 0: enableHIPRI
D/ConnectivityService(  354): startUsingNetworkFeature X: return APN_REQUEST_STARTED
E/ConnectivityService(  354): startUsingNetworkFeature took too long: 3090ms
D/ConnectivityService(  354): [CheckMp] isMobileOk: hipri started
D/ConnectivityService(  354): [CheckMp] isMobileOk: not connected ni=NetworkInfo: type: mobile_hipri[UMTS], state: DISCONNECTED/IDLE, reason: (unspecified), extra: (none), roaming: false, failover: false, isAvailable: true, isConnectedToProvisioningNetwork: false
D/MobileDataStateTracker(  354): hipri: Broadcast received: android.intent.action.ANY_DATA_STATE apnType=hipri
D/MobileDataStateTracker(  354): hipri: Received state=CONNECTING, old=DISCONNECTED, reason=dataEnabled
D/MobileDataStateTracker(  354): hipri: setDetailed state, old =IDLE and new state=CONNECTING
D/MobileDataStateTracker(  354): fota: Broadcast received: android.intent.action.ANY_DATA_STATE apnType=fota
D/MobileDataStateTracker(  354): fota: Received state=DISCONNECTED, old=DISCONNECTED, reason=dataEnabled
D/MobileDataStateTracker(  354): ia: Broadcast received: android.intent.action.ANY_DATA_STATE apnType=ia
D/MobileDataStateTracker(  354): ia: Received state=DISCONNECTED, old=DISCONNECTED, reason=dataEnabled
D/MobileDataStateTracker(  354): supl: Broadcast received: android.intent.action.ANY_DATA_STATE apnType=supl
D/MobileDataStateTracker(  354): supl: Received state=DISCONNECTED, old=DISCONNECTED, reason=dataEnabled
D/MobileDataStateTracker(  354): ims: Broadcast received: android.intent.action.ANY_DATA_STATE apnType=ims
D/MobileDataStateTracker(  354): ims: Received state=DISCONNECTED, old=DISCONNECTED, reason=dataEnabled
D/MobileDataStateTracker(  354): mms: Broadcast received: android.intent.action.ANY_DATA_STATE apnType=mms
D/MobileDataStateTracker(  354): mms: Received state=DISCONNECTED, old=DISCONNECTED, reason=dataEnabled
D/MobileDataStateTracker(  354): cbs: Broadcast received: android.intent.action.ANY_DATA_STATE apnType=cbs
D/MobileDataStateTracker(  354): cbs: Received state=DISCONNECTED, old=DISCONNECTED, reason=dataEnabled
D/MobileDataStateTracker(  354): hipri: Broadcast received: android.intent.action.ANY_DATA_STATE apnType=hipri
D/MobileDataStateTracker(  354): hipri: Received state=CONNECTED, old=CONNECTING, reason=dataEnabled
D/MobileDataStateTracker(  354): hipri: setDetailed state, old =CONNECTING and new state=CONNECTED
D/ConnectivityService(  354): ConnectivityChange for mobile_hipri: CONNECTED/CONNECTED
E/logwrapper(  800): executing /system/bin/ip failed: No such file or directory
E/ConnectivityService(  354): Exception trying to add a route: java.lang.IllegalStateException: command '21 interface fwmark exempt add 10.0.2.2/32' failed with '400 21 Failed to add exemption rule (File exists)'
E/logwrapper(  801): executing /system/bin/ip failed: No such file or directory
E/ConnectivityService(  354): Exception trying to add a route: java.lang.IllegalStateException: command '23 interface fwmark exempt add 10.0.2.3/32' failed with '400 23 Failed to add exemption rule (File exists)'
E/logwrapper(  802): executing /system/bin/ip failed: No such file or directory
E/ConnectivityService(  354): Exception trying to add a route: java.lang.IllegalStateException: command '25 interface fwmark exempt add 10.0.2.2/32' failed with '400 25 Failed to add exemption rule (File exists)'
D/dalvikvm(  354): GC_EXPLICIT freed 125K, 57% free 5583K/12704K, paused 6ms+18ms, total 240ms
E/logwrapper(  803): executing /system/bin/ip failed: No such file or directory
E/ConnectivityService(  354): Exception trying to add a route: java.lang.IllegalStateException: command '27 interface fwmark exempt add 10.0.2.4/32' failed with '400 27 Failed to add exemption rule (File exists)'
E/logwrapper(  804): executing /system/bin/ip failed: No such file or directory
E/SecondaryTablController(   55): ip route add failed: /system/bin/ip route add 10.0.2.2/32 via 0.0.0.0 dev eth0 table 60
W/FrameworkListener(   55): Handler 'interface' error (No such device)
E/ConnectivityService(  354): Exception trying to add a route: java.lang.IllegalStateException: command '28 interface route add eth0 secondary 10.0.2.2 32 0.0.0.0' failed with '400 28 ip route modification failed (No such device)'
E/logwrapper(  805): executing /system/bin/ip failed: No such file or directory
E/SecondaryTablController(   55): ip route add failed: /system/bin/ip route add 0.0.0.0/0 via 10.0.2.2 dev eth0 table 60
W/FrameworkListener(   55): Handler 'interface' error (No such device)
E/ConnectivityService(  354): Exception trying to add a route: java.lang.IllegalStateException: command '29 interface route add eth0 secondary 0.0.0.0 0 10.0.2.2' failed with '400 29 ip route modification failed (No such device)'
D/Nat464Xlat(  354): requiresClat: netType=5, hasIPv4Address=true
D/Launcher.Model(  666): Reload apps on config change. curr_mcc:310 prevmcc:0
I/Choreographer(  666): Skipped 1703 frames!  The application may be doing too much work on its main thread.
D/AndroidRuntime(  798): 
D/AndroidRuntime(  798): >>>>>> AndroidRuntime START com.android.internal.os.RuntimeInit <<<<<<
D/AndroidRuntime(  798): CheckJNI is ON
D/dalvikvm(  798): Trying to load lib libjavacore.so 0x0
D/dalvikvm(  798): Added shared lib libjavacore.so 0x0
D/dalvikvm(  798): Trying to load lib libnativehelper.so 0x0
D/dalvikvm(  798): Added shared lib libnativehelper.so 0x0
D/dalvikvm(  798): No JNI_OnLoad found in libnativehelper.so 0x0, skipping init
D/MobileDataStateTracker(  354): default: setPolicyDataEnable(enabled=true)
W/NetworkPolicy(  354): shared quota unsupported; generating rule for each iface
D/MobileDataStateTracker(  354): hipri: isProvisioningNetwork: retVal=false
D/ConnectivityService(  354): [CheckMp] isMobileOk: isProvisioningNetwork is false, continue
D/dalvikvm(  798): Note: class Landroid/app/ActivityManagerNative; has 179 unimplemented (abstract) methods
D/ConnectivityService(  354): [CheckMp] isMobileOk: addresses=clients3.google.com/172.217.23.14
D/ConnectivityService(  354): [CheckMp] isMobileOk: linkHasIpv4=true linkHasIpv6=false
D/dalvikvm(  666): GC_CONCURRENT freed 220K, 7% free 4017K/4304K, paused 5ms+5ms, total 166ms
E/NetdConnector(  354): NDC Command {31 bandwidth removeiquota eth0} took too long (934ms)
I/Choreographer(  666): Skipped 280 frames!  The application may be doing too much work on its main thread.
D/gralloc_goldfish(  666): Emulator without GPU emulation detected.
D/dalvikvm(  666): GC_FOR_ALLOC freed 170K, 10% free 3914K/4336K, paused 38ms, total 58ms
I/dalvikvm-heap(  666): Grow heap (frag case) to 5.421MB for 1610896-byte allocation
D/dalvikvm(  666): GC_FOR_ALLOC freed 1K, 8% free 5486K/5912K, paused 58ms, total 58ms
E/NetdConnector(  354): NDC Command {32 interface route add eth0 default 10.0.2.2 32 0.0.0.0} took too long (982ms)
D/dalvikvm(  666): GC_CONCURRENT freed 9K, 8% free 5477K/5912K, paused 5ms+2ms, total 101ms
D/dalvikvm(  666): WAIT_FOR_CONCURRENT_GC blocked 64ms
I/dalvikvm-heap(  666): Grow heap (frag case) to 6.949MB for 1610896-byte allocation
D/dalvikvm(  666): GC_FOR_ALLOC freed <1K, 6% free 7050K/7488K, paused 89ms, total 89ms
E/memtrack(  798): Couldn't load memtrack module (No such file or directory)
E/android.os.Debug(  798): failed to load memtrack module: -2
D/dalvikvm(  666): GC_CONCURRENT freed <1K, 6% free 7093K/7532K, paused 52ms+2ms, total 121ms
D/AndroidRuntime(  798): Calling main entry com.android.commands.pm.Pm
D/Tethering(  354): MasterInitialState.processMessage what=3
D/CaptivePortalTracker(  354): NoActiveNetworkState{ when=-15ms what=1 obj=NetworkInfo: type: mobile_hipri[UMTS], state: CONNECTED/CONNECTED, reason: dataEnabled, extra: epc.tmobile.com, roaming: false, failover: false, isAvailable: true, isConnectedToProvisioningNetwork: false target=com.android.internal.util.StateMachine$SmHandler }
D/CaptivePortalTracker(  354): NoActiveNetworkState not a wifi connectivity change, ignore
I/ActivityManager(  354): Displayed com.android.launcher/com.android.launcher2.Launcher: +16s100ms (total +18s505ms)
D/dalvikvm(  448): GC_FOR_ALLOC freed 3121K, 48% free 3588K/6776K, paused 96ms, total 101ms
I/dalvikvm-heap(  448): Grow heap (frag case) to 6.493MB for 3072016-byte allocation
D/dalvikvm(  448): GC_CONCURRENT freed 5K, 3% free 6582K/6776K, paused 4ms+3ms, total 93ms
E/NetdConnector(  354): NDC Command {33 bandwidth setiquota eth0 9223372036854775807} took too long (2097ms)
I/ActivityManager(  354): Start proc com.android.defcontainer for service com.android.defcontainer/.DefaultContainerService: pid=844 uid=10003 gids={50003, 1028, 1015, 1023, 2001, 1035}
I/Choreographer(  354): Skipped 47 frames!  The application may be doing too much work on its main thread.
I/Choreographer(  354): Skipped 30 frames!  The application may be doing too much work on its main thread.
E/NetdConnector(  354): NDC Command {35 bandwidth removeiquota eth0} took too long (789ms)
I/Choreographer(  666): Skipped 51 frames!  The application may be doing too much work on its main thread.
W/ActivityManager(  354): Activity destroy timeout for ActivityRecord{b3228d28 u0 com.android.settings/.CryptKeeper t1 f}
I/Choreographer(  666): Skipped 117 frames!  The application may be doing too much work on its main thread.
E/logwrapper(  879): executing /system/bin/ip failed: No such file or directory
E/NetdConnector(  354): NDC Command {36 bandwidth setiquota eth0 9223372036854775807} took too long (1768ms)
I/Choreographer(  666): Skipped 101 frames!  The application may be doing too much work on its main thread.
D/MobileDataStateTracker(  354): default: setPolicyDataEnable(enabled=true)
E/NetdConnector(  354): NDC Command {34 interface fwmark exempt add 10.0.2.2/32} took too long (4070ms)
E/ConnectivityService(  354): Exception trying to add a route: java.lang.IllegalStateException: command '34 interface fwmark exempt add 10.0.2.2/32' failed with '400 34 Failed to add exemption rule (File exists)'
I/ContactLocale(  550): AddressBook Labels [en_US]: [, A, B, C, D, E, F, G, H, I, J, K, L, M, N, O, P, Q, R, S, T, U, V, W, X, Y, Z, , , , , , , , , , , , , , , , , , , , , , , , , , , , , , , , , , , , , , , , , , , , , , , , , , , , , , , , , , , , , , , , , , , , , , , , , , , , , , , , , , , , , , , , , , , , , , , , , , , , , , , , , , , , , , , , , , , , , , , , , , , , , , , , , , , , , , , , , , , , , , , , , , , , , , , , , , , , , , , , , , , , , , , , , , , , , , , , , , , , , , #, ]
E/SQLiteLog(  616): (1) no such table: album_info
E/logwrapper(  882): executing /system/bin/ip failed: No such file or directory
E/ConnectivityService(  354): Exception trying to add a route: java.lang.IllegalStateException: command '39 interface fwmark exempt add 172.217.23.14/32' failed with '400 39 Failed to add exemption rule (File exists)'
D/ConnectivityService(  354): requestRouteToHostAddress ok=false
D/ConnectivityService(  354): [CheckMp] isMobileOk: could not establish route to hostAddr=clients3.google.com/172.217.23.14
I/ActivityManager(  354): Start proc com.android.externalstorage for broadcast com.android.externalstorage/.MountReceiver: pid=884 uid=10006 gids={50006, 1028, 1015, 1023}
I/DownloadManager(  616): Upgrading downloads database from version 0 to version 109, which will destroy all old data
D/ExternalStorage(  884): Missing UUID for /storage/sdcard; skipping
D/ExternalStorage(  884): After updating volumes, found 0 active roots
D/dalvikvm(  354): GC_CONCURRENT freed 599K, 56% free 5582K/12568K, paused 18ms+5ms, total 121ms
W/ActivityManager(  354): No content provider found for permission revoke: file:///data/local/tmp/sample_for_analysis.apk
W/ActivityManager(  354): No content provider found for permission revoke: file:///data/local/tmp/sample_for_analysis.apk
I/PackageManager(  354): Copying native libraries to /data/app-lib/vmdl-1960339583
D/dalvikvm(  666): GC_CONCURRENT freed 1933K, 24% free 6519K/8520K, paused 4ms+38ms, total 71ms
D/dalvikvm(  354): GC_CONCURRENT freed 413K, 55% free 5766K/12568K, paused 8ms+4ms, total 80ms
D/GpsLocationProvider(  354): NTP server returned: 1545756347260 (Tue Dec 25 11:45:47 EST 2018) reference: 73333 certainty: 22 system time offset: -30527
D/dalvikvm(  616): GC_CONCURRENT freed 282K, 11% free 2920K/3268K, paused 121ms+2ms, total 151ms
I/ActivityManager(  354): Start proc com.android.exchange for content provider com.android.exchange/.provider.ExchangeDirectoryProvider: pid=900 uid=10025 gids={50025, 3003, 1028, 1015}
D/dalvikvm(  354): GC_CONCURRENT freed 539K, 53% free 5924K/12568K, paused 5ms+4ms, total 65ms
D/dalvikvm(  354): GC_CONCURRENT freed 731K, 53% free 5925K/12568K, paused 6ms+5ms, total 63ms
D/ExternalStorage(  884): Missing UUID for /storage/sdcard; skipping
D/ExternalStorage(  884): After updating volumes, found 0 active roots
D/dalvikvm(  354): GC_CONCURRENT freed 707K, 53% free 5971K/12568K, paused 7ms+10ms, total 84ms
E/logwrapper(  912): executing /system/bin/ip failed: No such file or directory
E/ConnectivityService(  354): Exception trying to add a route: java.lang.IllegalStateException: command '41 interface fwmark exempt add 10.0.2.2/32' failed with '400 41 Failed to add exemption rule (File exists)'
E/logwrapper(  913): executing /system/bin/ip failed: No such file or directory
E/ConnectivityService(  354): Exception trying to add a route: java.lang.IllegalStateException: command '43 interface fwmark exempt add 172.217.23.14/32' failed with '400 43 Failed to add exemption rule (File exists)'
D/ConnectivityService(  354): requestRouteToHostAddress ok=false
D/ConnectivityService(  354): [CheckMp] isMobileOk: could not establish route to hostAddr=clients3.google.com/172.217.23.14
D/dalvikvm(  354): GC_CONCURRENT freed 759K, 53% free 5958K/12568K, paused 6ms+7ms, total 68ms
D/dalvikvm(  354): GC_CONCURRENT freed 742K, 53% free 5964K/12568K, paused 5ms+5ms, total 65ms
I/PackageManager(  354): Running dexopt on: com.android.tencent.zdevs.bah
W/dalvikvm(  914): method Landroid/support/v7/widget/ListViewCompat;.lookForSelectablePosition incorrectly overrides package-private method with same name in Landroid/widget/ListView;
E/logwrapper(  915): executing /system/bin/ip failed: No such file or directory
E/ConnectivityService(  354): Exception trying to add a route: java.lang.IllegalStateException: command '45 interface fwmark exempt add 10.0.2.2/32' failed with '400 45 Failed to add exemption rule (File exists)'
E/logwrapper(  916): executing /system/bin/ip failed: No such file or directory
E/ConnectivityService(  354): Exception trying to add a route: java.lang.IllegalStateException: command '47 interface fwmark exempt add 172.217.23.14/32' failed with '400 47 Failed to add exemption rule (File exists)'
D/ConnectivityService(  354): requestRouteToHostAddress ok=false
D/ConnectivityService(  354): [CheckMp] isMobileOk: could not establish route to hostAddr=clients3.google.com/172.217.23.14
D/dalvikvm(  914): DexOpt: load 491ms, verify+opt 1647ms, 2392644 bytes
W/PackageManager(  354): Not granting permission android.permission.READ_LOGS to package com.android.tencent.zdevs.bah (protectionLevel=50 flags=0x8be46)
W/PackageManager(  354): Not granting permission android.permission.CHANGE_CONFIGURATION to package com.android.tencent.zdevs.bah (protectionLevel=50 flags=0x8be46)
W/PackageManager(  354): Not granting permission android.permission.MOUNT_UNMOUNT_FILESYSTEMS to package com.android.tencent.zdevs.bah (protectionLevel=18 flags=0x8be46)
D/dalvikvm(  354): GC_CONCURRENT freed 708K, 53% free 5951K/12568K, paused 7ms+12ms, total 70ms
D/MediaScannerReceiver(  616): action: android.intent.action.MEDIA_MOUNTED path: /storage/sdcard
I/ActivityManager(  354): Force stopping com.android.tencent.zdevs.bah appid=10052 user=-1: update pkg
I/InputReader(  354): Reconfiguring input devices.  changes=0x00000010
D/BackupManagerService(  354): Received broadcast Intent { act=android.intent.action.PACKAGE_ADDED dat=package:com.android.tencent.zdevs.bah flg=0x4000010 (has extras) }
V/BackupManagerService(  354): addPackageParticipantsLocked: #1
I/PackageManager(  354):   Action: "android.intent.action.SENDTO"
I/PackageManager(  354):   Category: "android.intent.category.DEFAULT"
I/PackageManager(  354):   Scheme: "sms"
I/PackageManager(  354): Adding preferred activity ComponentInfo{com.android.mms/com.android.mms.ui.ComposeMessageActivity} for user 0 :
I/PackageManager(  354):   Action: "android.intent.action.SENDTO"
I/PackageManager(  354):   Category: "android.intent.category.DEFAULT"
I/PackageManager(  354):   Scheme: "smsto"
I/PackageManager(  354): Adding preferred activity ComponentInfo{com.android.mms/com.android.mms.ui.ComposeMessageActivity} for user 0 :
I/PackageManager(  354):   Action: "android.intent.action.SENDTO"
I/PackageManager(  354):   Category: "android.intent.category.DEFAULT"
I/PackageManager(  354):   Scheme: "mms"
I/PackageManager(  354): Adding preferred activity ComponentInfo{com.android.mms/com.android.mms.ui.ComposeMessageActivity} for user 0 :
D/dalvikvm(  601): GC_CONCURRENT freed 425K, 15% free 3336K/3924K, paused 3ms+2ms, total 51ms
I/PackageManager(  354):   Action: "android.intent.action.SENDTO"
I/PackageManager(  354):   Category: "android.intent.category.DEFAULT"
I/PackageManager(  354):   Scheme: "mmsto"
I/PackageManager(  354): Adding preferred activity ComponentInfo{com.android.mms/com.android.mms.ui.ComposeMessageActivity} for user 0 :
I/PackageManager(  354):   Action: "android.intent.action.SENDTO"
I/PackageManager(  354):   Category: "android.intent.category.DEFAULT"
I/PackageManager(  354):   Scheme: "sms"
I/PackageManager(  354): Adding preferred activity ComponentInfo{com.android.mms/com.android.mms.ui.ComposeMessageActivity} for user 0 :
I/PackageManager(  354):   Action: "android.intent.action.SENDTO"
I/PackageManager(  354):   Category: "android.intent.category.DEFAULT"
I/PackageManager(  354):   Scheme: "smsto"
I/PackageManager(  354): Adding preferred activity ComponentInfo{com.android.mms/com.android.mms.ui.ComposeMessageActivity} for user 0 :
I/PackageManager(  354):   Action: "android.intent.action.SENDTO"
I/PackageManager(  354):   Category: "android.intent.category.DEFAULT"
I/PackageManager(  354):   Scheme: "mms"
I/PackageManager(  354): Adding preferred activity ComponentInfo{com.android.mms/com.android.mms.ui.ComposeMessageActivity} for user 0 :
I/PackageManager(  354):   Action: "android.intent.action.SENDTO"
I/PackageManager(  354):   Category: "android.intent.category.DEFAULT"
I/PackageManager(  354):   Scheme: "mmsto"
I/PackageManager(  354): Adding preferred activity ComponentInfo{com.android.mms/com.android.mms.ui.ComposeMessageActivity} for user 0 :
D/dalvikvm(  354): GC_EXPLICIT freed 1165K, 56% free 5601K/12568K, paused 424ms+8ms, total 520ms
D/dalvikvm(  354): WAIT_FOR_CONCURRENT_GC blocked 108ms
D/dalvikvm(  354): WAIT_FOR_CONCURRENT_GC blocked 79ms
D/AndroidRuntime(  798): Shutting down VM
D/dalvikvm(  798): GC_CONCURRENT freed 95K, 16% free 560K/660K, paused 2ms+3ms, total 24ms
D/dalvikvm(  601): GC_FOR_ALLOC freed 382K, 15% free 3366K/3924K, paused 22ms, total 23ms
D/dalvikvm(  601): GC_CONCURRENT freed 29K, 15% free 3369K/3924K, paused 6ms+4ms, total 44ms
E/BluetoothAdapter(  612): Bluetooth binder is null
I/ActivityManager(  354): Start proc com.android.music for broadcast com.android.music/.MediaButtonIntentReceiver: pid=922 uid=10032 gids={50032, 3003, 1028, 1015}
I/dalvikvm(  922): CheckJNI enabled: not enabling JNI app bug workarounds.
I/ActivityManager(  354): Start proc com.android.email for content provider com.android.email/.provider.EmailProvider: pid=934 uid=10024 gids={50024, 3003, 1028, 1015}
D/ActivityThread(  934): Loading provider com.android.email.provider;com.android.email.notifier: com.android.email.provider.EmailProvider
I/ContactDirectoryManager(  550): deleted 0 stale rows which don't have any relevant directory
I/ContactDirectoryManager(  550): Discovered 0 contact directories in 6796ms
I/ContactsProvider(  550): Upgrading aggregation algorithm
I/ContactAggregator(  550): Marked all visible contacts for aggregation: 0 raw contacts, 34 ms
I/ContactsProvider(  550): Aggregation algorithm upgraded for 0 raw contacts in 55ms
W/RecognitionManagerService(  354): no available voice recognition services found for user 0
I/ContactsFTS(  550): Rebuild contact search index in 350ms, 0 contacts
V/MediaScanner(  616): pruneDeadThumbnailFiles... android.database.sqlite.SQLiteCursor@b2d38298
V/MediaScanner(  616): /pruneDeadThumbnailFiles... android.database.sqlite.SQLiteCursor@b2d38298
E/logwrapper(  949): executing /system/bin/ip failed: No such file or directory
