V/MediaScanner(  632): /pruneDeadThumbnailFiles... android.database.sqlite.SQLiteCursor@b2d91f70
W/ActivityManager(  356): Unable to start service Intent { cmp=com.android.email/.service.AttachmentDownloadService } U=0: not found
E/BluetoothAdapter(  628): Bluetooth binder is null
I/Email   (  930): Observing account changes for notifications
I/ActivityManager(  356): Start proc com.android.calendar for broadcast com.android.calendar/.widget.CalendarAppWidgetService$CalendarFactory: pid=968 uid=10016 gids={50016, 3003}
D/ExtensionsFactory(  968): No custom extensions.
I/ActivityManager(  356): Start proc com.android.providers.calendar for content provider com.android.providers.calendar/.CalendarProvider2: pid=986 uid=10001 gids={50001, 3003, 1028, 1015}
I/ActivityManager(  356): Start proc com.android.deskclock for broadcast com.android.deskclock/.AlarmInitReceiver: pid=996 uid=10020 gids={50020, 1028}
D/dalvikvm(   59): GC_EXPLICIT freed 40K, 4% free 2705K/2812K, paused 3ms+2ms, total 47ms
D/dalvikvm(   59): GC_EXPLICIT freed <1K, 4% free 2705K/2812K, paused 2ms+12ms, total 43ms
D/dalvikvm(   59): GC_EXPLICIT freed <1K, 4% free 2705K/2812K, paused 2ms+2ms, total 42ms
V/AlarmClock(  996): AlarmInitReceiver android.intent.action.TIMEZONE_CHANGED
I/CalendarDatabaseHelper(  986): Bootstrapping database
I/AlarmClock(  996): Alarms Table created
I/AlarmClock(  996): Instance table created
I/AlarmClock(  996): Cities table created
I/AlarmClock(  996): Inserting default alarms
I/AlarmClock(  996): Displaying next alarm time: ''
W/BackupManagerService(  356): dataChanged but no participant pkg='com.android.providers.settings' uid=10020
V/AlarmClock(  996): AlarmInitReceiver finished
E/BluetoothAdapter(  628): Bluetooth binder is null
I/CalendarProvider2(  986): Created com.android.providers.calendar.CalendarAlarmManager@b2dc19e0(com.android.providers.calendar.CalendarProvider2@b2dae0b8)
E/logwrapper( 1014): executing /system/bin/ip failed: No such file or directory
I/ActivityManager(  356): Start proc com.android.dialer for broadcast com.android.dialer/.calllog.CallLogReceiver: pid=1012 uid=10004 gids={50004, 3003, 1028, 1015}
I/ContactDirectoryManager(  563): deleted 0 stale rows which don't have any relevant directory
E/ConnectivityService(  356): Exception trying to add a route: java.lang.IllegalStateException: command '45 interface fwmark exempt add 10.0.2.2/32' failed with '400 45 Failed to add exemption rule (File exists)'
E/logwrapper( 1026): executing /system/bin/ip failed: No such file or directory
I/ContactDirectoryManager(  563): Discovered 0 contact directories in 6344ms
E/ConnectivityService(  356): Exception trying to add a route: java.lang.IllegalStateException: command '47 interface fwmark exempt add 172.217.23.14/32' failed with '400 47 Failed to add exemption rule (File exists)'
D/ConnectivityService(  356): requestRouteToHostAddress ok=false
D/ConnectivityService(  356): [CheckMp] isMobileOk: could not establish route to hostAddr=clients3.google.com/172.217.23.14
I/ContactsProvider(  563): Upgrading aggregation algorithm
I/ContactAggregator(  563): Marked all visible contacts for aggregation: 0 raw contacts, 5 ms
D/ExtensionsFactory( 1012): No custom extensions.
I/ActivityManager(  356): Delay finish: com.android.dialer/.calllog.CallLogReceiver
I/ContactsProvider(  563): Aggregation algorithm upgraded for 0 raw contacts in 111ms
I/ContactsFTS(  563): Rebuild contact search index in 267ms, 0 contacts
D/dalvikvm(  563): GC_CONCURRENT freed 306K, 11% free 3086K/3456K, paused 4ms+2ms, total 45ms
I/ActivityManager(  356): Resuming delayed broadcast
E/BluetoothAdapter(  356): Bluetooth binder is null
E/BluetoothAdapter(  356): Bluetooth binder is null
V/WiredAccessoryManager(  356): init()
I/PowerManagerService(  356): Boot animation finished.
E/SoundPool(  356): error loading /system/media/audio/ui/Effect_Tick.ogg
W/AudioService(  356): Soundpool could not load file: /system/media/audio/ui/Effect_Tick.ogg
E/SoundPool(  356): error loading /system/media/audio/ui/Effect_Tick.ogg
W/AudioService(  356): Soundpool could not load file: /system/media/audio/ui/Effect_Tick.ogg
E/SoundPool(  356): error loading /system/media/audio/ui/Effect_Tick.ogg
W/AudioService(  356): Soundpool could not load file: /system/media/audio/ui/Effect_Tick.ogg
E/SoundPool(  356): error loading /system/media/audio/ui/Effect_Tick.ogg
W/AudioService(  356): Soundpool could not load file: /system/media/audio/ui/Effect_Tick.ogg
E/SoundPool(  356): error loading /system/media/audio/ui/Effect_Tick.ogg
W/AudioService(  356): Soundpool could not load file: /system/media/audio/ui/Effect_Tick.ogg
E/SoundPool(  356): error loading /system/media/audio/ui/KeypressStandard.ogg
W/AudioService(  356): Soundpool could not load file: /system/media/audio/ui/KeypressStandard.ogg
E/SoundPool(  356): error loading /system/media/audio/ui/KeypressSpacebar.ogg
W/AudioService(  356): Soundpool could not load file: /system/media/audio/ui/KeypressSpacebar.ogg
E/SoundPool(  356): error loading /system/media/audio/ui/KeypressDelete.ogg
W/AudioService(  356): Soundpool could not load file: /system/media/audio/ui/KeypressDelete.ogg
E/SoundPool(  356): error loading /system/media/audio/ui/KeypressReturn.ogg
W/AudioService(  356): Soundpool could not load file: /system/media/audio/ui/KeypressReturn.ogg
E/SoundPool(  356): error loading /system/media/audio/ui/KeypressInvalid.ogg
W/AudioService(  356): Soundpool could not load file: /system/media/audio/ui/KeypressInvalid.ogg
W/AudioService(  356): onLoadSoundEffects(), Error -1 while loading samples
I/RecoverySystem(  356): No recovery log file
I/BootReceiver(  356): Copying audit failures to DropBox
I/BootReceiver(  356): Checking for fsck errors
D/dalvikvm(  356): GC_CONCURRENT freed 608K, 52% free 5780K/11952K, paused 4ms+5ms, total 86ms
I/ActivityManager(  356): Delay finish: com.android.providers.downloads/.DownloadReceiver
I/ActivityManager(  356): Resuming delayed broadcast
I/ActivityManager(  356): Delay finish: com.android.providers.media/.MediaScannerReceiver
I/MediaProvider(  632): Upgrading media database from version 0 to 700, which will destroy all old data
I/CalendarProvider2(  986): Sending notification intent: Intent { act=android.intent.action.PROVIDER_CHANGED dat=content://com.android.calendar }
W/ContentResolver(  986): Failed to get type for: content://com.android.calendar (Unknown URL content://com.android.calendar)
I/ActivityManager(  356): Resuming delayed broadcast
I/ActivityManager(  356): Start proc com.android.mms for broadcast com.android.mms/.transaction.MmsSystemEventReceiver: pid=1043 uid=10009 gids={50009, 3003, 1028, 1015}
D/CountryDetector(  356): The first listener is added
V/MmsConfig( 1043): mnc/mcc: 310260
V/MmsConfig( 1043): tag: bool value: enabledMMS - true
V/MmsConfig( 1043): tag: int value: maxMessageSize - 307200
V/MmsConfig( 1043): tag: int value: maxImageHeight - 480
V/MmsConfig( 1043): tag: int value: maxImageWidth - 640
V/MmsConfig( 1043): tag: int value: defaultSMSMessagesPerThread - 10000
V/MmsConfig( 1043): tag: int value: defaultMMSMessagesPerThread - 1000
V/MmsConfig( 1043): tag: int value: minMessageCountPerThread - 10
V/MmsConfig( 1043): tag: int value: maxMessageCountPerThread - 5000
V/MmsConfig( 1043): tag: string value: uaProfUrl - http://www.google.com/oha/rdf/ua-profile-kila.xml
V/MmsConfig( 1043): tag: int value: recipientLimit - -1
V/MmsConfig( 1043): tag: bool value: enableMultipartSMS - true
V/MmsConfig( 1043): tag: int value: smsToMmsTextThreshold - -1
V/MmsConfig( 1043): tag: bool value: enableSlideDuration - true
V/MmsConfig( 1043): tag: int value: maxMessageTextSize - -1
E/SQLiteLog(  632): (1) no such table: files
E/WVMExtractor(   61): Failed to open libwvm.so
D/dalvikvm(  632): GC_CONCURRENT freed 249K, 10% free 3027K/3340K, paused 4ms+4ms, total 33ms
I/ActivityManager(  356): Delay finish: com.android.mms/.transaction.MmsSystemEventReceiver
D/Mms:app ( 1043): cancelNotification
I/ActivityManager(  356): Resuming delayed broadcast
E/logwrapper( 1068): executing /system/bin/ip failed: No such file or directory
E/ConnectivityService(  356): Exception trying to add a route: java.lang.IllegalStateException: command '49 interface fwmark exempt add 10.0.2.2/32' failed with '400 49 Failed to add exemption rule (File exists)'
I/ActivityManager(  356): Delay finish: com.android.mms/.transaction.SmsReceiver
E/logwrapper( 1070): executing /system/bin/ip failed: No such file or directory
D/MmsSmsDatabaseHelper(  615): [MmsSmsDb] tableName: threads hasAutoIncrement: CREATE TABLE threads (_id INTEGER PRIMARY KEY AUTOINCREMENT,date INTEGER DEFAULT 0,message_count INTEGER DEFAULT 0,recipient_ids TEXT,snippet TEXT,snippet_cs INTEGER DEFAULT 0,read INTEGER DEFAULT 1,type INTEGER DEFAULT 0,error INTEGER DEFAULT 0,has_attachment INTEGER DEFAULT 0) result: true
D/MmsSmsDatabaseHelper(  615): [MmsSmsDb] tableName: canonical_addresses hasAutoIncrement: CREATE TABLE canonical_addresses (_id INTEGER PRIMARY KEY AUTOINCREMENT,address TEXT) result: true
D/MmsSmsDatabaseHelper(  615): [MmsSmsDb] tableName: part hasAutoIncrement: CREATE TABLE part (_id INTEGER PRIMARY KEY AUTOINCREMENT,mid INTEGER,seq INTEGER DEFAULT 0,ct TEXT,name TEXT,chset INTEGER,cd TEXT,fn TEXT,cid TEXT,cl TEXT,ctt_s INTEGER,ctt_t TEXT,_data TEXT,text TEXT) result: true
E/ConnectivityService(  356): Exception trying to add a route: java.lang.IllegalStateException: command '51 interface fwmark exempt add 172.217.23.14/32' failed with '400 51 Failed to add exemption rule (File exists)'
D/ConnectivityService(  356): requestRouteToHostAddress ok=false
D/ConnectivityService(  356): [CheckMp] isMobileOk: could not establish route to hostAddr=clients3.google.com/172.217.23.14
D/MmsSmsDatabaseHelper(  615): [MmsSmsDb] tableName: pdu hasAutoIncrement: CREATE TABLE pdu (_id INTEGER PRIMARY KEY AUTOINCREMENT,thread_id INTEGER,date INTEGER,date_sent INTEGER DEFAULT 0,msg_box INTEGER,read INTEGER DEFAULT 0,m_id TEXT,sub TEXT,sub_cs INTEGER,ct_t TEXT,ct_l TEXT,exp INTEGER,m_cls TEXT,m_type INTEGER,v INTEGER,m_size INTEGER,pri INTEGER,rr INTEGER,rpt_a INTEGER,resp_st INTEGER,st INTEGER,tr_id TEXT,retr_st INTEGER,retr_txt TEXT,retr_txt_cs INTEGER,read_status INTEGER,ct_cls INTEGER,resp_txt TEXT,d_tm INTEGER,d_rpt INTEGER,locked INTEGER DEFAULT 0,seen INTEGER DEFAULT 0,text_only INTEGER DEFAULT 0) result: true
D/MmsSmsDatabaseHelper(  615): [getWritableDatabase] hasAutoIncrementThreads: true hasAutoIncrementAddresses: true hasAutoIncrementPart: true hasAutoIncrementPdu: true
V/MediaScanner(  632): pruneDeadThumbnailFiles... android.database.sqlite.SQLiteCursor@b2dddf88
V/MediaScanner(  632): /pruneDeadThumbnailFiles... android.database.sqlite.SQLiteCursor@b2dddf88
D/Mms:app ( 1043): cancelNotification
I/ActivityManager(  356): Resuming delayed broadcast
D/AlertReceiver(  968): onReceive: a=android.intent.action.BOOT_COMPLETED Intent { act=android.intent.action.BOOT_COMPLETED flg=0x8000010 cmp=com.android.calendar/.alerts.AlertReceiver (has extras) }
I/ActivityManager(  356): Delay finish: com.android.calendar/.alerts.AlertReceiver
V/AlarmClock(  996): AlarmInitReceiver android.intent.action.BOOT_COMPLETED
I/ActivityManager(  356): Resuming delayed broadcast
D/AlertUtils(  968): Flushing old alerts from shared prefs table
D/AlertService(  968): 0 Action = android.intent.action.BOOT_COMPLETED
D/AlertService(  968): Scheduling next alarm with AlarmScheduler. sEventReminderReceived: null
V/AlarmClock(  996): AlarmInitReceiver - Reset timers and clear stopwatch data
V/AlarmClock(  996): AlarmInitReceiver - resetting volume button default
I/AlarmClock(  996): Displaying next alarm time: ''
V/AlarmClock(  996): AlarmInitReceiver finished
D/dalvikvm(  996): GC_CONCURRENT freed 416K, 15% free 2796K/3280K, paused 5ms+2ms, total 125ms
D/dalvikvm(  996): WAIT_FOR_CONCURRENT_GC blocked 51ms
I/ActivityManager(  356): Delay finish: com.android.deskclock/.AlarmInitReceiver
D/dalvikvm(  968): GC_CONCURRENT freed 281K, 11% free 2830K/3180K, paused 6ms+85ms, total 221ms
E/MetadataRetrieverClient(   61): failed to extract an album art
D/AlarmScheduler(  968): No events found starting within 1 week.
I/ActivityManager(  356): Resuming delayed broadcast
I/ActivityManager(  356): Delay finish: com.android.email/.service.EmailUpgradeBroadcastReceiver
I/ActivityManager(  356): Resuming delayed broadcast
I/Email   (  930): Onetime initialization: 1
I/ActivityManager(  356): Delay finish: com.android.email/.service.EmailBroadcastReceiver
I/Email   (  930): Onetime initialization: 2
I/Email   (  930): Onetime initialization: completed.
I/ActivityManager(  356): Delaying start of: ServiceRecord{b32af228 u0 com.android.exchange/.service.EmailSyncAdapterService}
I/ActivityManager(  356): Resuming delayed broadcast
I/LauncherIconVisibilityManager(  604): Boot has been completed
I/LauncherIconVisibilityManager(  604): Disable activity: ComponentInfo{com.android.inputmethod.latin/com.android.inputmethod.latin.setup.SetupActivity}
D/dalvikvm(  356): GC_CONCURRENT freed 716K, 53% free 5731K/11952K, paused 8ms+5ms, total 58ms
E/BluetoothAdapter(  628): Bluetooth binder is null
I/ActivityManager(  356): Delay finish: com.android.settings/.widget.SettingsAppWidgetProvider
D/dalvikvm( 1043): GC_CONCURRENT freed 236K, 10% free 2872K/3176K, paused 43ms+2ms, total 150ms
E/StrictMode( 1043): A resource was acquired at attached stack trace but never released. See java.io.Closeable for information on avoiding resource leaks.
E/StrictMode( 1043): java.lang.Throwable: Explicit termination method 'release' not called
E/StrictMode( 1043): 	at dalvik.system.CloseGuard.open(CloseGuard.java:184)
E/StrictMode( 1043): 	at android.drm.DrmManagerClient.<init>(DrmManagerClient.java:258)
E/StrictMode( 1043): 	at com.google.android.mms.pdu.PduPersister.<init>(PduPersister.java:288)
E/StrictMode( 1043): 	at com.google.android.mms.pdu.PduPersister.getPduPersister(PduPersister.java:296)
E/StrictMode( 1043): 	at com.android.mms.transaction.TransactionService.onNewIntent(TransactionService.java:224)
E/StrictMode( 1043): 	at com.android.mms.transaction.TransactionService$ServiceHandler.handleMessage(TransactionService.java:621)
E/StrictMode( 1043): 	at android.os.Handler.dispatchMessage(Handler.java:102)
E/StrictMode( 1043): 	at android.os.Looper.loop(Looper.java:136)
E/StrictMode( 1043): 	at android.os.HandlerThread.run(HandlerThread.java:61)
I/ActivityManager(  356): Resuming delayed broadcast
W/BroadcastQueue(  356): Permission Denial: broadcasting Intent { act=android.appwidget.action.APPWIDGET_UPDATE_OPTIONS flg=0x10 cmp=com.android.settings/.widget.SettingsAppWidgetProvider (has extras) } from android (pid=706, uid=10008) is not exported from uid 1000 due to receiver com.android.settings/.widget.SettingsAppWidgetProvider
I/ActivityManager(  356): Delay finish: com.android.providers.contacts/.PackageIntentReceiver
I/ActivityManager(  356): Resuming delayed broadcast
I/ActivityManager(  356): Start proc com.svox.pico for broadcast com.svox.pico/.VoiceDataInstallerReceiver: pid=1092 uid=10037 gids={50037, 1028, 1015}
E/BluetoothAdapter(  628): Bluetooth binder is null
D/AlertReceiver(  968): onReceive: a=android.intent.action.PROVIDER_CHANGED Intent { act=android.intent.action.PROVIDER_CHANGED dat=content://com.android.calendar flg=0x10 cmp=com.android.calendar/.alerts.AlertReceiver }
D/AlertService(  968): 0 Action = android.intent.action.PROVIDER_CHANGED
I/ActivityManager(  356): Delay finish: com.android.calendar/.alerts.AlertReceiver
D/ConnectivityService(  356): [CheckMp] isMobileOk: too many loops tried - giving up
D/ConnectivityService(  356): [CheckMp] isMobileOk: X loops|timed out result=0
D/ConnectivityService(  356): [CheckMp] isMobileOk: F stop hipri
D/MobileDataStateTracker(  356): default: setEnableFailFastMobileData(enabled=0)
D/ConnectivityService(  356): stopUsingNetworkFeature: teardown net 0: enableHIPRI
D/dalvikvm(  615): GC_CONCURRENT freed 499K, 15% free 3353K/3916K, paused 22ms+4ms, total 60ms
D/MobileDataStateTracker(  356): hipri: Broadcast received: android.intent.action.ANY_DATA_STATE apnType=hipri
D/MobileDataStateTracker(  356): hipri: Received state=DISCONNECTED, old=CONNECTED, reason=dataDisabled
D/MobileDataStateTracker(  356): hipri: setDetailed state, old =CONNECTED and new state=DISCONNECTED
D/ConnectivityService(  356): ConnectivityChange for mobile_hipri: DISCONNECTED/DISCONNECTED
E/logwrapper( 1105): executing /system/bin/ip failed: No such file or directory
E/SecondaryTablController(   55): ip route del failed: /system/bin/ip route del 10.0.2.2/32 via 0.0.0.0 dev eth0 table 60
W/FrameworkListener(   55): Handler 'interface' error (No such device)
E/logwrapper( 1106): executing /system/bin/ip failed: No such file or directory
E/SecondaryTablController(   55): ip route del failed: /system/bin/ip route del 0.0.0.0/0 via 10.0.2.2 dev eth0 table 60
W/FrameworkListener(   55): Handler 'interface' error (No such device)
D/Nat464Xlat(  356): requiresClat: netType=5, hasIPv4Address=true
D/MobileDataStateTracker(  356): default: setPolicyDataEnable(enabled=true)
E/NetdConnector(  356): NDC Command {58 bandwidth removeiquota eth0} took too long (577ms)
E/NetdConnector(  356): NDC Command {60 bandwidth gettetherstats} took too long (543ms)
D/dalvikvm(  356): GC_CONCURRENT freed 645K, 52% free 5759K/11952K, paused 19ms+6ms, total 184ms
D/dalvikvm(  356): GC_CONCURRENT freed 692K, 53% free 5732K/11952K, paused 17ms+5ms, total 150ms
E/NetdConnector(  356): NDC Command {61 bandwidth setiquota eth0 9223372036854775807} took too long (1446ms)
I/InputReader(  356): Reconfiguring input devices.  changes=0x00000010
I/InputReader(  356): Reconfiguring input devices.  changes=0x00000010
D/MobileDataStateTracker(  356): default: setPolicyDataEnable(enabled=true)
I/PackageManager(  356):   Action: "android.intent.action.SENDTO"
I/PackageManager(  356):   Category: "android.intent.category.DEFAULT"
I/PackageManager(  356):   Scheme: "sms"
I/PackageManager(  356): Adding preferred activity ComponentInfo{com.android.mms/com.android.mms.ui.ComposeMessageActivity} for user 0 :
I/PackageManager(  356):   Action: "android.intent.action.SENDTO"
I/PackageManager(  356):   Category: "android.intent.category.DEFAULT"
I/PackageManager(  356):   Scheme: "smsto"
I/PackageManager(  356): Adding preferred activity ComponentInfo{com.android.mms/com.android.mms.ui.ComposeMessageActivity} for user 0 :
I/PackageManager(  356):   Action: "android.intent.action.SENDTO"
I/PackageManager(  356):   Category: "android.intent.category.DEFAULT"
I/PackageManager(  356):   Scheme: "mms"
I/PackageManager(  356): Adding preferred activity ComponentInfo{com.android.mms/com.android.mms.ui.ComposeMessageActivity} for user 0 :
I/InputReader(  356): Reconfiguring input devices.  changes=0x00000010
I/PackageManager(  356):   Action: "android.intent.action.SENDTO"
I/PackageManager(  356):   Category: "android.intent.category.DEFAULT"
I/PackageManager(  356):   Scheme: "mmsto"
I/PackageManager(  356): Adding preferred activity ComponentInfo{com.android.mms/com.android.mms.ui.ComposeMessageActivity} for user 0 :
W/ProcessCpuTracker(  356): Skipping unknown process pid 1133
I/PackageManager(  356):   Action: "android.intent.action.SENDTO"
I/PackageManager(  356):   Category: "android.intent.category.DEFAULT"
I/PackageManager(  356):   Scheme: "sms"
I/PackageManager(  356): Adding preferred activity ComponentInfo{com.android.mms/com.android.mms.ui.ComposeMessageActivity} for user 0 :
I/PackageManager(  356):   Action: "android.intent.action.SENDTO"
I/PackageManager(  356):   Category: "android.intent.category.DEFAULT"
I/PackageManager(  356):   Scheme: "smsto"
I/PackageManager(  356): Adding preferred activity ComponentInfo{com.android.mms/com.android.mms.ui.ComposeMessageActivity} for user 0 :
D/dalvikvm(  615): GC_CONCURRENT freed 391K, 14% free 3377K/3916K, paused 3ms+34ms, total 167ms
D/dalvikvm(  356): GC_CONCURRENT freed 734K, 52% free 5759K/11952K, paused 7ms+56ms, total 353ms
D/dalvikvm(  356): WAIT_FOR_CONCURRENT_GC blocked 184ms
D/dalvikvm(  356): WAIT_FOR_CONCURRENT_GC blocked 140ms
I/PackageManager(  356):   Action: "android.intent.action.SENDTO"
I/PackageManager(  356):   Category: "android.intent.category.DEFAULT"
I/PackageManager(  356):   Scheme: "mms"
I/PackageManager(  356): Adding preferred activity ComponentInfo{com.android.mms/com.android.mms.ui.ComposeMessageActivity} for user 0 :
I/PackageManager(  356):   Action: "android.intent.action.SENDTO"
I/PackageManager(  356):   Category: "android.intent.category.DEFAULT"
I/PackageManager(  356):   Scheme: "mmsto"
I/PackageManager(  356): Adding preferred activity ComponentInfo{com.android.mms/com.android.mms.ui.ComposeMessageActivity} for user 0 :
E/NetdConnector(  356): NDC Command {62 bandwidth removeiquota eth0} took too long (932ms)
D/Tethering(  356): MasterInitialState.processMessage what=3
D/Tethering(  356): MasterInitialState.processMessage what=3
D/CaptivePortalTracker(  356): NoActiveNetworkState{ when=-13ms what=1 obj=NetworkInfo: type: mobile_hipri[UMTS], state: DISCONNECTED/DISCONNECTED, reason: dataDisabled, extra: epc.tmobile.com, roaming: false, failover: false, isAvailable: true, isConnectedToProvisioningNetwork: false target=com.android.internal.util.StateMachine$SmHandler }
D/CaptivePortalTracker(  356): NoActiveNetworkState not a wifi connectivity change, ignore
D/CaptivePortalTracker(  356): NoActiveNetworkState{ when=-13ms what=1 obj=NetworkInfo: type: mobile[UMTS], state: CONNECTED/CONNECTED, reason: connected, extra: epc.tmobile.com, roaming: false, failover: false, isAvailable: true, isConnectedToProvisioningNetwork: false target=com.android.internal.util.StateMachine$SmHandler }
D/CaptivePortalTracker(  356): NoActiveNetworkState not a wifi connectivity change, ignore
I/PackageManager(  356):   Action: "android.intent.action.SENDTO"
I/PackageManager(  356):   Category: "android.intent.category.DEFAULT"
I/PackageManager(  356):   Scheme: "sms"
I/PackageManager(  356): Adding preferred activity ComponentInfo{com.android.mms/com.android.mms.ui.ComposeMessageActivity} for user 0 :
I/PackageManager(  356):   Action: "android.intent.action.SENDTO"
I/PackageManager(  356):   Category: "android.intent.category.DEFAULT"
I/PackageManager(  356):   Scheme: "smsto"
I/PackageManager(  356): Adding preferred activity ComponentInfo{com.android.mms/com.android.mms.ui.ComposeMessageActivity} for user 0 :
I/PackageManager(  356):   Action: "android.intent.action.SENDTO"
I/PackageManager(  356):   Category: "android.intent.category.DEFAULT"
I/PackageManager(  356):   Scheme: "mms"
I/PackageManager(  356): Adding preferred activity ComponentInfo{com.android.mms/com.android.mms.ui.ComposeMessageActivity} for user 0 :
I/PackageManager(  356):   Action: "android.intent.action.SENDTO"
I/PackageManager(  356):   Category: "android.intent.category.DEFAULT"
I/PackageManager(  356):   Scheme: "mmsto"
I/PackageManager(  356): Adding preferred activity ComponentInfo{com.android.mms/com.android.mms.ui.ComposeMessageActivity} for user 0 :
D/dalvikvm(  615): GC_CONCURRENT freed 454K, 15% free 3381K/3952K, paused 6ms+2ms, total 171ms
I/PackageManager(  356):   Action: "android.intent.action.SENDTO"
I/PackageManager(  356):   Category: "android.intent.category.DEFAULT"
I/PackageManager(  356):   Scheme: "sms"
I/PackageManager(  356): Adding preferred activity ComponentInfo{com.android.mms/com.android.mms.ui.ComposeMessageActivity} for user 0 :
D/dalvikvm(  356): GC_CONCURRENT freed 746K, 52% free 5781K/11952K, paused 47ms+15ms, total 234ms
D/dalvikvm(  356): WAIT_FOR_CONCURRENT_GC blocked 84ms
D/dalvikvm(  356): WAIT_FOR_CONCURRENT_GC blocked 95ms
I/PackageManager(  356):   Action: "android.intent.action.SENDTO"
I/PackageManager(  356):   Category: "android.intent.category.DEFAULT"
I/PackageManager(  356):   Scheme: "smsto"
I/PackageManager(  356): Adding preferred activity ComponentInfo{com.android.mms/com.android.mms.ui.ComposeMessageActivity} for user 0 :
E/NetdConnector(  356): NDC Command {63 bandwidth setiquota eth0 9223372036854775807} took too long (972ms)
D/MobileDataStateTracker(  356): default: setPolicyDataEnable(enabled=true)
D/MobileDataStateTracker(  356): default: setPolicyDataEnable(enabled=true)
I/PackageManager(  356):   Action: "android.intent.action.SENDTO"
I/PackageManager(  356):   Category: "android.intent.category.DEFAULT"
I/PackageManager(  356):   Scheme: "mms"
I/PackageManager(  356): Adding preferred activity ComponentInfo{com.android.mms/com.android.mms.ui.ComposeMessageActivity} for user 0 :
I/PackageManager(  356):   Action: "android.intent.action.SENDTO"
I/PackageManager(  356):   Category: "android.intent.category.DEFAULT"
I/PackageManager(  356):   Scheme: "mmsto"
I/PackageManager(  356): Adding preferred activity ComponentInfo{com.android.mms/com.android.mms.ui.ComposeMessageActivity} for user 0 :
I/PackageManager(  356):   Action: "android.intent.action.SENDTO"
I/PackageManager(  356):   Category: "android.intent.category.DEFAULT"
I/PackageManager(  356):   Scheme: "sms"
I/PackageManager(  356): Adding preferred activity ComponentInfo{com.android.mms/com.android.mms.ui.ComposeMessageActivity} for user 0 :
I/PackageManager(  356):   Action: "android.intent.action.SENDTO"
I/PackageManager(  356): Adding preferred activity ComponentInfo{com.android.mms/com.android.mms.ui.ComposeMessageActivity} for user 0 :
I/PackageManager(  356):   Category: "android.intent.category.DEFAULT"
I/PackageManager(  356):   Scheme: "smsto"
D/dalvikvm(  615): GC_CONCURRENT freed 508K, 15% free 3388K/3956K, paused 4ms+2ms, total 88ms
D/dalvikvm(  615): WAIT_FOR_CONCURRENT_GC blocked 9ms
I/PackageManager(  356):   Action: "android.intent.action.SENDTO"
I/PackageManager(  356):   Category: "android.intent.category.DEFAULT"
I/PackageManager(  356):   Scheme: "mms"
I/PackageManager(  356): Adding preferred activity ComponentInfo{com.android.mms/com.android.mms.ui.ComposeMessageActivity} for user 0 :
I/PackageManager(  356):   Action: "android.intent.action.SENDTO"
I/PackageManager(  356):   Category: "android.intent.category.DEFAULT"
I/PackageManager(  356):   Scheme: "mmsto"
I/PackageManager(  356): Adding preferred activity ComponentInfo{com.android.mms/com.android.mms.ui.ComposeMessageActivity} for user 0 :
I/GlobalDismissManager(  968): no sender configured
D/AlertService(  968): Beginning updateAlertNotification
D/dalvikvm(  356): GC_CONCURRENT freed 772K, 52% free 5776K/11952K, paused 6ms+5ms, total 101ms
I/PackageManager(  356):   Action: "android.intent.action.SENDTO"
I/PackageManager(  356):   Category: "android.intent.category.DEFAULT"
I/PackageManager(  356):   Scheme: "sms"
I/PackageManager(  356): Adding preferred activity ComponentInfo{com.android.mms/com.android.mms.ui.ComposeMessageActivity} for user 0 :
I/PackageManager(  356):   Action: "android.intent.action.SENDTO"
I/PackageManager(  356):   Category: "android.intent.category.DEFAULT"
I/PackageManager(  356):   Scheme: "smsto"
I/PackageManager(  356): Adding preferred activity ComponentInfo{com.android.mms/com.android.mms.ui.ComposeMessageActivity} for user 0 :
I/PackageManager(  356):   Action: "android.intent.action.SENDTO"
I/PackageManager(  356):   Category: "android.intent.category.DEFAULT"
I/PackageManager(  356):   Scheme: "mms"
I/PackageManager(  356): Adding preferred activity ComponentInfo{com.android.mms/com.android.mms.ui.ComposeMessageActivity} for user 0 :
I/PackageManager(  356):   Action: "android.intent.action.SENDTO"
I/PackageManager(  356):   Category: "android.intent.category.DEFAULT"
I/PackageManager(  356):   Scheme: "mmsto"
I/PackageManager(  356): Adding preferred activity ComponentInfo{com.android.mms/com.android.mms.ui.ComposeMessageActivity} for user 0 :
D/dalvikvm(  615): GC_CONCURRENT freed 409K, 14% free 3439K/3960K, paused 5ms+16ms, total 47ms
D/dalvikvm(  615): WAIT_FOR_CONCURRENT_GC blocked 2ms
D/AlertService(  968): No fired or scheduled alerts
D/AlertService(  968): Scheduling next alarm with AlarmScheduler. sEventReminderReceived: null
D/ConnectivityService(  356): [CheckMp] isMobileOk: X result=0
D/ConnectivityService(  356): [CheckMp] onPostExecute: result=0
D/ConnectivityService(  356): CheckMp.onComplete: result=0
D/ConnectivityService(  356): CheckMp.onComplete: ignore, connected or no connection
D/AlarmScheduler(  968): No events found starting within 1 week.
I/ActivityManager(  356): Resuming delayed broadcast
V/SmsReceiverService( 1043): onStart: #1 mResultCode: -1 = Activity.RESULT_OK
I/ActivityManager(  356): Delay finish: com.android.mms/.transaction.SmsReceiver
D/dalvikvm(  986): GC_CONCURRENT freed 207K, 9% free 2886K/3160K, paused 4ms+2ms, total 66ms
D/dalvikvm(  356): GC_CONCURRENT freed 695K, 52% free 5751K/11952K, paused 7ms+15ms, total 141ms
I/ActivityManager(  356): Resuming delayed broadcast
D/MobileDataStateTracker(  356): default: setPolicyDataEnable(enabled=true)
I/ActivityManager(  356): Delay finish: com.android.providers.calendar/.CalendarProviderBroadcastReceiver
I/ActivityManager(  356): Resuming delayed broadcast
I/ActivityManager(  356): Waited long enough for: ServiceRecord{b3676220 u0 com.android.music/.MediaPlaybackService}
I/ActivityManager(  356): Waited long enough for: ServiceRecord{b3013980 u0 com.android.calendar/.alerts.InitAlarmsService}
D/AndroidRuntime( 1166): 
D/AndroidRuntime( 1166): >>>>>> AndroidRuntime START com.android.internal.os.RuntimeInit <<<<<<
D/AndroidRuntime( 1166): CheckJNI is ON
D/dalvikvm( 1166): Trying to load lib libjavacore.so 0x0
D/dalvikvm( 1166): Added shared lib libjavacore.so 0x0
D/dalvikvm( 1166): Trying to load lib libnativehelper.so 0x0
D/dalvikvm( 1166): Added shared lib libnativehelper.so 0x0
D/dalvikvm( 1166): No JNI_OnLoad found in libnativehelper.so 0x0, skipping init
D/dalvikvm( 1166): Note: class Landroid/app/ActivityManagerNative; has 179 unimplemented (abstract) methods
D/ConnectivityService(  356): Sampling interval elapsed, updating statistics ..
D/ConnectivityService(  356): Done.
D/ConnectivityService(  356): Setting timer for 720seconds
E/memtrack( 1166): Couldn't load memtrack module (No such file or directory)
E/android.os.Debug( 1166): failed to load memtrack module: -2
D/AndroidRuntime( 1166): Calling main entry com.android.commands.am.Am
I/ActivityManager(  356): START u0 {act=android.intent.action.MAIN cat=[android.intent.category.LAUNCHER] flg=0x10000000 cmp=com.nhnewbank/.BankSplashActivity} from pid 1166
D/gralloc (   58): Registering a buffer in the process that created it. This may cause memory ordering problems.
E/libEGL  (   58): called unimplemented OpenGL ES API
E/libEGL  (   58): called unimplemented OpenGL ES API
E/libEGL  (   58): called unimplemented OpenGL ES API
E/libEGL  (   58): called unimplemented OpenGL ES API
E/SurfaceFlinger(   58): glCheckFramebufferStatusOES error 1194966496
E/SurfaceFlinger(   58): got GL_FRAMEBUFFER_COMPLETE_OES error while taking screenshot
E/libEGL  (   58): called unimplemented OpenGL ES API
E/libEGL  (   58): called unimplemented OpenGL ES API
W/WindowManager(  356): Screenshot failure taking screenshot for (164x295) to layer 21005
I/ActivityManager(  356): Start proc com.nhnewbank for activity com.nhnewbank/.BankSplashActivity: pid=1176 uid=10052 gids={50052, 3003, 1028, 1015}
D/dalvikvm( 1176): Not late-enabling CheckJNI (already on)
I/ARMAssembler(   58): generated scanline__00000077:03010104_00008001_00000000 [ 89 ipp] (110 ins) at [0xb5ace680:0xb5ace838] in 10000000 ns
D/dalvikvm( 1176): GC_FOR_ALLOC freed 44K, 4% free 2740K/2852K, paused 27ms, total 29ms
I/dalvikvm-heap( 1176): Grow heap (frag case) to 3.390MB for 682256-byte allocation
D/dalvikvm( 1176): GC_FOR_ALLOC freed <1K, 4% free 3406K/3520K, paused 16ms, total 16ms
D/dalvikvm( 1176): GC_CONCURRENT freed <1K, 4% free 3406K/3520K, paused 4ms+1ms, total 26ms
D/gralloc_goldfish( 1176): Emulator without GPU emulation detected.
I/ActivityManager(  356): Displayed com.nhnewbank/.BankSplashActivity: +1s482ms
D/AndroidRuntime( 1166): Shutting down VM
D/dalvikvm( 1166): GC_CONCURRENT freed 97K, 15% free 589K/688K, paused 1ms+1ms, total 7ms
I/ActivityManager(  356): START u0 {cmp=com.nhnewbank/.V_Dialog} from pid 1176
I/Choreographer( 1176): Skipped 83 frames!  The application may be doing too much work on its main thread.
I/ActivityManager(  356): Displayed com.nhnewbank/.V_Dialog: +595ms
I/Choreographer(  464): Skipped 32 frames!  The application may be doing too much work on its main thread.
I/Choreographer( 1176): Skipped 97 frames!  The application may be doing too much work on its main thread.
D/dalvikvm( 1176): GC_CONCURRENT freed 21K, 3% free 3887K/3976K, paused 5ms+11ms, total 40ms
I/Choreographer( 1176): Skipped 32 frames!  The application may be doing too much work on its main thread.
W/ActivityManager(  356): Launch timeout has expired, giving up wake lock!
V/AlarmClock(  996): AlarmInitReceiver android.intent.action.TIME_SET
I/AlarmClock(  996): Displaying next alarm time: ''
V/AlarmClock(  996): AlarmInitReceiver finished
D/InitAlarmsService(  968): Clearing and rescheduling alarms.
D/AndroidRuntime( 1193): 
D/AndroidRuntime( 1193): >>>>>> AndroidRuntime START com.android.internal.os.RuntimeInit <<<<<<
D/AndroidRuntime( 1193): CheckJNI is ON
D/dalvikvm( 1193): Trying to load lib libjavacore.so 0x0
D/dalvikvm( 1193): Added shared lib libjavacore.so 0x0
D/dalvikvm( 1193): Trying to load lib libnativehelper.so 0x0
D/dalvikvm( 1193): Added shared lib libnativehelper.so 0x0
D/dalvikvm( 1193): No JNI_OnLoad found in libnativehelper.so 0x0, skipping init
D/dalvikvm( 1193): Note: class Landroid/app/ActivityManagerNative; has 179 unimplemented (abstract) methods
E/memtrack( 1193): Couldn't load memtrack module (No such file or directory)
E/android.os.Debug( 1193): failed to load memtrack module: -2
D/AndroidRuntime( 1193): Calling main entry com.android.commands.am.Am
D/AndroidRuntime( 1193): Shutting down VM
D/dalvikvm( 1193): GC_CONCURRENT freed 97K, 15% free 587K/688K, paused 1ms+1ms, total 19ms
D/        (  356): Setting time of day to sec=1545699716
I/Choreographer( 1176): Skipped 35 frames!  The application may be doing too much work on its main thread.
D/AndroidRuntime( 1204): 
D/AndroidRuntime( 1204): >>>>>> AndroidRuntime START com.android.internal.os.RuntimeInit <<<<<<
D/AndroidRuntime( 1204): CheckJNI is ON
D/dalvikvm( 1204): Trying to load lib libjavacore.so 0x0
D/dalvikvm( 1204): Added shared lib libjavacore.so 0x0
D/dalvikvm( 1204): Trying to load lib libnativehelper.so 0x0
D/dalvikvm( 1204): Added shared lib libnativehelper.so 0x0
D/dalvikvm( 1204): No JNI_OnLoad found in libnativehelper.so 0x0, skipping init
D/dalvikvm( 1204): Note: class Landroid/app/ActivityManagerNative; has 179 unimplemented (abstract) methods
D/LightsService(  356): Excessive delay setting light: 61ms
E/memtrack( 1204): Couldn't load memtrack module (No such file or directory)
E/android.os.Debug( 1204): failed to load memtrack module: -2
D/AndroidRuntime( 1204): Calling main entry com.android.commands.am.Am
I/ActivityManager(  356): START u0 {act=android.intent.action.MAIN cat=[android.intent.category.LAUNCHER] flg=0x10000000 cmp=com.nhnewbank/.BankSplashNext} from pid 1204
I/Choreographer( 1176): Skipped 35 frames!  The application may be doing too much work on its main thread.
D/AndroidRuntime( 1176): Shutting down VM
W/dalvikvm( 1176): threadid=1: thread exiting with uncaught exception (group=0xb2aeaba8)
E/AndroidRuntime( 1176): FATAL EXCEPTION: main
E/AndroidRuntime( 1176): Process: com.nhnewbank, PID: 1176
E/AndroidRuntime( 1176): java.lang.RuntimeException: Unable to instantiate activity ComponentInfo{com.nhnewbank/com.nhnewbank.BankSplashNext}: java.lang.ClassNotFoundException: Didn't find class "com.nhnewbank.BankSplashNext" on path: DexPathList[[zip file "/data/app/com.nhnewbank-1.apk"],nativeLibraryDirectories=[/data/app-lib/com.nhnewbank-1, /system/lib]]
E/AndroidRuntime( 1176): 	at android.app.ActivityThread.performLaunchActivity(ActivityThread.java:2110)
E/AndroidRuntime( 1176): 	at android.app.ActivityThread.handleLaunchActivity(ActivityThread.java:2233)
E/AndroidRuntime( 1176): 	at android.app.ActivityThread.access$800(ActivityThread.java:135)
E/AndroidRuntime( 1176): 	at android.app.ActivityThread$H.handleMessage(ActivityThread.java:1196)
E/AndroidRuntime( 1176): 	at android.os.Handler.dispatchMessage(Handler.java:102)
E/AndroidRuntime( 1176): 	at android.os.Looper.loop(Looper.java:136)
E/AndroidRuntime( 1176): 	at android.app.ActivityThread.main(ActivityThread.java:5001)
E/AndroidRuntime( 1176): 	at java.lang.reflect.Method.invokeNative(Native Method)
E/AndroidRuntime( 1176): 	at java.lang.reflect.Method.invoke(Method.java:515)
E/AndroidRuntime( 1176): 	at com.android.internal.os.ZygoteInit$MethodAndArgsCaller.run(ZygoteInit.java:785)
E/AndroidRuntime( 1176): 	at com.android.internal.os.ZygoteInit.main(ZygoteInit.java:601)
E/AndroidRuntime( 1176): 	at dalvik.system.NativeStart.main(Native Method)
E/AndroidRuntime( 1176): Caused by: java.lang.ClassNotFoundException: Didn't find class "com.nhnewbank.BankSplashNext" on path: DexPathList[[zip file "/data/app/com.nhnewbank-1.apk"],nativeLibraryDirectories=[/data/app-lib/com.nhnewbank-1, /system/lib]]
E/AndroidRuntime( 1176): 	at dalvik.system.BaseDexClassLoader.findClass(BaseDexClassLoader.java:56)
E/AndroidRuntime( 1176): 	at java.lang.ClassLoader.loadClass(ClassLoader.java:497)
E/AndroidRuntime( 1176): 	at java.lang.ClassLoader.loadClass(ClassLoader.java:457)
E/AndroidRuntime( 1176): 	at android.app.Instrumentation.newActivity(Instrumentation.java:1061)
E/AndroidRuntime( 1176): 	at android.app.ActivityThread.performLaunchActivity(ActivityThread.java:2101)
E/AndroidRuntime( 1176): 	... 11 more
W/ActivityManager(  356):   Force finishing activity com.nhnewbank/.BankSplashNext
W/ActivityManager(  356):   Force finishing activity com.nhnewbank/.BankSplashActivity
D/dalvikvm(  356): GC_FOR_ALLOC freed 438K, 52% free 5847K/11952K, paused 60ms, total 68ms
I/Choreographer(  356): Skipped 38 frames!  The application may be doing too much work on its main thread.
W/ActivityManager(  356): Activity pause timeout for ActivityRecord{b33a9200 u0 com.nhnewbank/.BankSplashNext t4 f}
I/Choreographer(  356): Skipped 37 frames!  The application may be doing too much work on its main thread.
I/Choreographer(  706): Skipped 46 frames!  The application may be doing too much work on its main thread.
I/MediaFocusControl(  356):  AudioFocus  abandonAudioFocus() from android.media.AudioManager@b2da42e0com.android.music.MediaPlaybackService$3@b2da3160
W/ActivityManager(  356): Activity destroy timeout for ActivityRecord{b2f78e58 u0 com.nhnewbank/.BankSplashActivity t4 f}
W/ActivityManager(  356): Activity destroy timeout for ActivityRecord{b33a9200 u0 com.nhnewbank/.BankSplashNext t4 f}
