D/ConnectivityService(  336): [CheckMp] isMobileOk: addresses=clients3.google.com/172.217.23.14
D/ConnectivityService(  336): [CheckMp] isMobileOk: linkHasIpv4=true linkHasIpv6=false
E/NetdConnector(  336): NDC Command {32 bandwidth setiquota eth0 9223372036854775807} took too long (2211ms)
E/NetdConnector(  336): NDC Command {33 interface route add eth0 default 10.0.2.2 32 0.0.0.0} took too long (1239ms)
E/NetdConnector(  336): NDC Command {34 bandwidth removeiquota eth0} took too long (1211ms)
E/NetdConnector(  336): NDC Command {35 interface fwmark exempt add 10.0.2.2/32} took too long (1787ms)
E/ConnectivityService(  336): Exception trying to add a route: java.lang.IllegalStateException: command '35 interface fwmark exempt add 10.0.2.2/32' failed with '400 35 Failed to add exemption rule (File exists)'
W/ProcessCpuTracker(  336): Skipping unknown process pid 844
E/NetdConnector(  336): NDC Command {36 bandwidth setiquota eth0 9223372036854775807} took too long (2571ms)
E/NetdConnector(  336): NDC Command {37 interface route add eth0 default 172.217.23.14 32 10.0.2.2} took too long (1969ms)
D/MobileDataStateTracker(  336): default: setPolicyDataEnable(enabled=true)
E/ConnectivityService(  336): Exception trying to add a route: java.lang.IllegalStateException: command '38 interface fwmark exempt add 172.217.23.14/32' failed with '400 38 Failed to add exemption rule (File exists)'
D/ConnectivityService(  336): requestRouteToHostAddress ok=false
D/ConnectivityService(  336): [CheckMp] isMobileOk: could not establish route to hostAddr=clients3.google.com/172.217.23.14
W/ActivityManager(  336): Activity destroy timeout for ActivityRecord{b32258b0 u0 com.android.settings/.CryptKeeper t1 f}
I/ActivityManager(  336): Start proc com.android.defcontainer for service com.android.defcontainer/.DefaultContainerService: pid=865 uid=10003 gids={50003, 1028, 1015, 1023, 2001, 1035}
W/ActivityManager(  336): No content provider found for permission revoke: file:///data/local/tmp/sample_for_analysis.apk
W/ActivityManager(  336): No content provider found for permission revoke: file:///data/local/tmp/sample_for_analysis.apk
I/PackageManager(  336): Copying native libraries to /data/app-lib/vmdl1312569315
I/ActivityManager(  336): Start proc com.android.exchange for content provider com.android.exchange/.provider.ExchangeDirectoryProvider: pid=879 uid=10025 gids={50025, 3003, 1028, 1015}
E/ConnectivityService(  336): Exception trying to add a route: java.lang.IllegalStateException: command '41 interface fwmark exempt add 10.0.2.2/32' failed with '400 41 Failed to add exemption rule (File exists)'
E/ConnectivityService(  336): Exception trying to add a route: java.lang.IllegalStateException: command '43 interface fwmark exempt add 172.217.23.14/32' failed with '400 43 Failed to add exemption rule (File exists)'
D/ConnectivityService(  336): requestRouteToHostAddress ok=false
D/ConnectivityService(  336): [CheckMp] isMobileOk: could not establish route to hostAddr=clients3.google.com/172.217.23.14
E/ConnectivityService(  336): Exception trying to add a route: java.lang.IllegalStateException: command '45 interface fwmark exempt add 10.0.2.2/32' failed with '400 45 Failed to add exemption rule (File exists)'
E/ConnectivityService(  336): Exception trying to add a route: java.lang.IllegalStateException: command '47 interface fwmark exempt add 172.217.23.14/32' failed with '400 47 Failed to add exemption rule (File exists)'
D/ConnectivityService(  336): requestRouteToHostAddress ok=false
D/ConnectivityService(  336): [CheckMp] isMobileOk: could not establish route to hostAddr=clients3.google.com/172.217.23.14
--------- beginning of /dev/log/main
D/dalvikvm(  893): DexOpt: not verifying/optimizing 'Lorg/apache/http/impl/cookie/RFC2965PortAttributeHandler;': multiple definitions
D/dalvikvm(  893): DexOpt: not verifying/optimizing 'Lorg/apache/http/impl/cookie/RFC2965SpecFactory;': multiple definitions
D/dalvikvm(  893): DexOpt: not verifying/optimizing 'Lorg/apache/http/impl/cookie/RFC2965VersionAttributeHandler;': multiple definitions
D/dalvikvm(  893): DexOpt: not verifying/optimizing 'Lorg/apache/http/impl/entity/LaxContentLengthStrategy;': multiple definitions
D/dalvikvm(  893): DexOpt: not verifying/optimizing 'Lorg/apache/http/impl/entity/StrictContentLengthStrategy;': multiple definitions
D/dalvikvm(  893): DexOpt: not verifying/optimizing 'Lorg/apache/http/impl/io/AbstractMessageParser;': multiple definitions
D/dalvikvm(  893): DexOpt: not verifying/optimizing 'Lorg/apache/http/impl/io/AbstractMessageWriter;': multiple definitions
D/dalvikvm(  893): DexOpt: not verifying/optimizing 'Lorg/apache/http/impl/io/AbstractSessionInputBuffer;': multiple definitions
D/dalvikvm(  893): DexOpt: not verifying/optimizing 'Lorg/apache/http/impl/io/AbstractSessionOutputBuffer;': multiple definitions
D/dalvikvm(  893): DexOpt: not verifying/optimizing 'Lorg/apache/http/impl/io/HttpTransportMetricsImpl;': multiple definitions
D/dalvikvm(  893): DexOpt: not verifying/optimizing 'Lorg/apache/http/message/AbstractHttpMessage;': multiple definitions
D/dalvikvm(  893): DexOpt: not verifying/optimizing 'Lorg/apache/http/message/BasicHeader;': multiple definitions
D/dalvikvm(  893): DexOpt: not verifying/optimizing 'Lorg/apache/http/message/BasicHeaderElement;': multiple definitions
D/dalvikvm(  893): DexOpt: not verifying/optimizing 'Lorg/apache/http/message/BasicHeaderElementIterator;': multiple definitions
D/dalvikvm(  893): DexOpt: not verifying/optimizing 'Lorg/apache/http/message/BasicHeaderIterator;': multiple definitions
D/dalvikvm(  893): DexOpt: not verifying/optimizing 'Lorg/apache/http/message/BasicHeaderValueFormatter;': multiple definitions
D/dalvikvm(  893): DexOpt: not verifying/optimizing 'Lorg/apache/http/message/BasicHeaderValueParser;': multiple definitions
D/dalvikvm(  893): DexOpt: not verifying/optimizing 'Lorg/apache/http/message/BasicLineFormatter;': multiple definitions
D/dalvikvm(  893): DexOpt: not verifying/optimizing 'Lorg/apache/http/message/BasicLineParser;': multiple definitions
D/dalvikvm(  893): DexOpt: not verifying/optimizing 'Lorg/apache/http/message/BasicListHeaderIterator;': multiple definitions
D/dalvikvm(  893): DexOpt: not verifying/optimizing 'Lorg/apache/http/message/BasicNameValuePair;': multiple definitions
D/dalvikvm(  893): DexOpt: not verifying/optimizing 'Lorg/apache/http/message/BasicRequestLine;': multiple definitions
D/dalvikvm(  893): DexOpt: not verifying/optimizing 'Lorg/apache/http/message/BasicStatusLine;': multiple definitions
D/dalvikvm(  893): DexOpt: not verifying/optimizing 'Lorg/apache/http/message/BasicTokenIterator;': multiple definitions
D/dalvikvm(  893): DexOpt: not verifying/optimizing 'Lorg/apache/http/params/AbstractHttpParams;': multiple definitions
D/dalvikvm(  893): DexOpt: not verifying/optimizing 'Lorg/apache/http/params/HttpConnectionParamBean;': multiple definitions
D/dalvikvm(  893): DexOpt: not verifying/optimizing 'Lorg/apache/http/params/HttpProtocolParamBean;': multiple definitions
D/dalvikvm(  893): DexOpt: not verifying/optimizing 'Lorg/apache/http/params/HttpProtocolParams;': multiple definitions
D/dalvikvm(  893): DexOpt: not verifying/optimizing 'Lorg/apache/http/protocol/BasicHttpContext;': multiple definitions
D/dalvikvm(  893): DexOpt: not verifying/optimizing 'Lorg/apache/http/protocol/DefaultedHttpContext;': multiple definitions
D/dalvikvm(  893): DexOpt: not verifying/optimizing 'Lorg/apache/http/protocol/HttpProcessor;': multiple definitions
D/dalvikvm(  893): DexOpt: not verifying/optimizing 'Lorg/apache/http/protocol/HttpRequestHandlerRegistry;': multiple definitions
D/dalvikvm(  893): DexOpt: not verifying/optimizing 'Lorg/apache/http/protocol/RequestConnControl;': multiple definitions
D/dalvikvm(  893): DexOpt: not verifying/optimizing 'Lorg/apache/http/protocol/RequestContent;': multiple definitions
D/dalvikvm(  893): DexOpt: not verifying/optimizing 'Lorg/apache/http/protocol/RequestDate;': multiple definitions
D/dalvikvm(  893): DexOpt: not verifying/optimizing 'Lorg/apache/http/protocol/RequestExpectContinue;': multiple definitions
D/dalvikvm(  893): DexOpt: not verifying/optimizing 'Lorg/apache/http/protocol/RequestTargetHost;': multiple definitions
D/dalvikvm(  893): DexOpt: not verifying/optimizing 'Lorg/apache/http/protocol/RequestUserAgent;': multiple definitions
D/dalvikvm(  893): DexOpt: not verifying/optimizing 'Lorg/apache/http/protocol/ResponseConnControl;': multiple definitions
D/dalvikvm(  893): DexOpt: not verifying/optimizing 'Lorg/apache/http/protocol/ResponseContent;': multiple definitions
D/dalvikvm(  893): DexOpt: not verifying/optimizing 'Lorg/apache/http/protocol/ResponseDate;': multiple definitions
D/dalvikvm(  893): DexOpt: not verifying/optimizing 'Lorg/apache/http/protocol/ResponseServer;': multiple definitions
D/dalvikvm(  893): DexOpt: not verifying/optimizing 'Landroid/net/http/AndroidHttpClientConnection;': multiple definitions
D/dalvikvm(  893): DexOpt: not verifying/optimizing 'Lcom/android/internal/http/multipart/FilePart;': multiple definitions
D/dalvikvm(  893): DexOpt: not verifying/optimizing 'Lcom/android/internal/http/multipart/MultipartEntity;': multiple definitions
D/dalvikvm(  893): DexOpt: not verifying/optimizing 'Lcom/android/internal/http/multipart/StringPart;': multiple definitions
I/dalvikvm(  893): DexOpt: not resolving ambiguous class 'Lorg/apache/http/entity/HttpEntityWrapper;'
D/dalvikvm(  893): DexOpt: not verifying/optimizing 'Lorg/apache/commons/codec/binary/Base64;': multiple definitions
D/dalvikvm(  893): DexOpt: not verifying/optimizing 'Lorg/apache/commons/codec/binary/BinaryCodec;': multiple definitions
D/dalvikvm(  893): DexOpt: not verifying/optimizing 'Lorg/apache/commons/codec/binary/Hex;': multiple definitions
D/dalvikvm(  893): DexOpt: not verifying/optimizing 'Lorg/apache/commons/codec/language/DoubleMetaphone;': multiple definitions
D/dalvikvm(  893): DexOpt: not verifying/optimizing 'Lorg/apache/commons/codec/language/Metaphone;': multiple definitions
D/dalvikvm(  893): DexOpt: not verifying/optimizing 'Lorg/apache/commons/codec/language/RefinedSoundex;': multiple definitions
D/dalvikvm(  893): DexOpt: not verifying/optimizing 'Lorg/apache/commons/codec/language/Soundex;': multiple definitions
D/dalvikvm(  893): DexOpt: not verifying/optimizing 'Lorg/apache/commons/codec/net/BCodec;': multiple definitions
D/dalvikvm(  893): DexOpt: not verifying/optimizing 'Lorg/apache/commons/codec/net/QCodec;': multiple definitions
D/dalvikvm(  893): DexOpt: not verifying/optimizing 'Lorg/apache/commons/codec/net/QuotedPrintableCodec;': multiple definitions
D/dalvikvm(  893): DexOpt: not verifying/optimizing 'Lorg/apache/commons/codec/net/URLCodec;': multiple definitions
D/dalvikvm(  893): DexOpt: not verifying/optimizing 'Lorg/apache/http/HttpEntityEnclosingRequest;': multiple definitions
D/dalvikvm(  893): DexOpt: not verifying/optimizing 'Lorg/apache/http/UnsupportedHttpVersionException;': multiple definitions
D/dalvikvm(  893): DexOpt: not verifying/optimizing 'Lorg/apache/http/auth/AuthenticationException;': multiple definitions
D/dalvikvm(  893): DexOpt: not verifying/optimizing 'Lorg/apache/http/auth/MalformedChallengeException;': multiple definitions
D/dalvikvm(  893): DexOpt: not verifying/optimizing 'Lorg/apache/http/client/NonRepeatableRequestException;': multiple definitions
D/dalvikvm(  893): DexOpt: not verifying/optimizing 'Lorg/apache/http/client/RedirectException;': multiple definitions
D/dalvikvm(  893): DexOpt: not verifying/optimizing 'Lorg/apache/http/client/methods/HttpUriRequest;': multiple definitions
D/dalvikvm(  893): DexOpt: not verifying/optimizing 'Lorg/apache/http/conn/BasicManagedEntity;': multiple definitions
D/dalvikvm(  893): DexOpt: not verifying/optimizing 'Lorg/apache/http/conn/ManagedClientConnection;': multiple definitions
D/dalvikvm(  893): DexOpt: not verifying/optimizing 'Lorg/apache/http/conn/OperatedClientConnection;': multiple definitions
D/dalvikvm(  893): DexOpt: not verifying/optimizing 'Lorg/apache/http/cookie/MalformedCookieException;': multiple definitions
D/dalvikvm(  893): DexOpt: not verifying/optimizing 'Lorg/apache/http/cookie/SetCookie2;': multiple definitions
D/dalvikvm(  893): DexOpt: not verifying/optimizing 'Lorg/apache/http/entity/BasicHttpEntity;': multiple definitions
D/dalvikvm(  893): DexOpt: not verifying/optimizing 'Lorg/apache/http/entity/BufferedHttpEntity;': multiple definitions
D/dalvikvm(  893): DexOpt: not verifying/optimizing 'Lorg/apache/http/entity/ByteArrayEntity;': multiple definitions
D/dalvikvm(  893): DexOpt: not verifying/optimizing 'Lorg/apache/http/entity/EntityTemplate;': multiple definitions
D/dalvikvm(  893): DexOpt: not verifying/optimizing 'Lorg/apache/http/entity/FileEntity;': multiple definitions
D/dalvikvm(  893): DexOpt: not verifying/optimizing 'Lorg/apache/http/entity/InputStreamEntity;': multiple definitions
D/dalvikvm(  893): DexOpt: not verifying/optimizing 'Lorg/apache/http/entity/SerializableEntity;': multiple definitions
D/dalvikvm(  893): DexOpt: not verifying/optimizing 'Lorg/apache/http/entity/StringEntity;': multiple definitions
D/dalvikvm(  893): DexOpt: not verifying/optimizing 'Lorg/apache/http/impl/AbstractHttpClientConnection;': multiple definitions
D/dalvikvm(  893): DexOpt: not verifying/optimizing 'Lorg/apache/http/impl/AbstractHttpServerConnection;': multiple definitions
D/dalvikvm(  893): DexOpt: not verifying/optimizing 'Lorg/apache/http/impl/auth/NTLMScheme;': multiple definitions
D/dalvikvm(  893): DexOpt: not verifying/optimizing 'Lorg/apache/http/impl/auth/RFC2617Scheme;': multiple definitions
D/dalvikvm(  893): DexOpt: not verifying/optimizing 'Lorg/apache/http/impl/client/ClientParamsStack;': multiple definitions
D/dalvikvm(  893): DexOpt: not verifying/optimizing 'Lorg/apache/http/impl/client/DefaultHttpClient;': multiple definitions
D/dalvikvm(  893): DexOpt: not verifying/optimizing 'Lorg/apache/http/impl/client/DefaultProxyAuthenticationHandler;': multiple definitions
D/dalvikvm(  893): DexOpt: not verifying/optimizing 'Lorg/apache/http/impl/client/DefaultTargetAuthenticationHandler;': multiple definitions
D/dalvikvm(  893): DexOpt: not verifying/optimizing 'Lorg/apache/http/impl/conn/DefaultResponseParser;': multiple definitions
D/dalvikvm(  893): DexOpt: not verifying/optimizing 'Lorg/apache/http/impl/conn/tsccm/ConnPoolByRoute;': multiple definitions
D/dalvikvm(  893): DexOpt: not verifying/optimizing 'Lorg/apache/http/impl/cookie/BasicClientCookie;': multiple definitions
D/dalvikvm(  893): DexOpt: not verifying/optimizing 'Lorg/apache/http/impl/cookie/BasicCommentHandler;': multiple definitions
D/dalvikvm(  893): DexOpt: not verifying/optimizing 'Lorg/apache/http/impl/cookie/BasicExpiresHandler;': multiple definitions
D/dalvikvm(  893): DexOpt: not verifying/optimizing 'Lorg/apache/http/impl/cookie/BasicMaxAgeHandler;': multiple definitions
D/dalvikvm(  893): DexOpt: not verifying/optimizing 'Lorg/apache/http/impl/cookie/BasicSecureHandler;': multiple definitions
D/dalvikvm(  893): DexOpt: not verifying/optimizing 'Lorg/apache/http/impl/cookie/CookieSpecBase;': multiple definitions
D/dalvikvm(  893): DexOpt: not verifying/optimizing 'Lorg/apache/http/impl/cookie/NetscapeDomainHandler;': multiple definitions
D/dalvikvm(  893): DexOpt: not verifying/optimizing 'Lorg/apache/http/impl/cookie/RFC2109VersionHandler;': multiple definitions
D/dalvikvm(  893): DexOpt: not verifying/optimizing 'Lorg/apache/http/impl/io/HttpRequestParser;': multiple definitions
D/dalvikvm(  893): DexOpt: not verifying/optimizing 'Lorg/apache/http/impl/io/HttpRequestWriter;': multiple definitions
D/dalvikvm(  893): DexOpt: not verifying/optimizing 'Lorg/apache/http/impl/io/HttpResponseParser;': multiple definitions
D/dalvikvm(  893): DexOpt: not verifying/optimizing 'Lorg/apache/http/impl/io/HttpResponseWriter;': multiple definitions
D/dalvikvm(  893): DexOpt: not verifying/optimizing 'Lorg/apache/http/impl/io/SocketInputBuffer;': multiple definitions
D/dalvikvm(  893): DexOpt: not verifying/optimizing 'Lorg/apache/http/impl/io/SocketOutputBuffer;': multiple definitions
D/dalvikvm(  893): DexOpt: not verifying/optimizing 'Lorg/apache/http/message/BasicHttpRequest;': multiple definitions
D/dalvikvm(  893): DexOpt: not verifying/optimizing 'Lorg/apache/http/message/BasicHttpResponse;': multiple definitions
D/dalvikvm(  893): DexOpt: not verifying/optimizing 'Lorg/apache/http/message/BufferedHeader;': multiple definitions
D/dalvikvm(  893): DexOpt: not verifying/optimizing 'Lorg/apache/http/params/BasicHttpParams;': multiple definitions
D/dalvikvm(  893): DexOpt: not verifying/optimizing 'Lorg/apache/http/params/DefaultedHttpParams;': multiple definitions
D/dalvikvm(  893): DexOpt: not verifying/optimizing 'Lorg/apache/http/protocol/BasicHttpProcessor;': multiple definitions
D/dalvikvm(  893): DexOpt: not verifying/optimizing 'Lorg/apache/http/protocol/SyncBasicHttpContext;': multiple definitions
D/dalvikvm(  893): DexOpt: not verifying/optimizing 'Lorg/apache/http/auth/InvalidCredentialsException;': multiple definitions
D/dalvikvm(  893): DexOpt: not verifying/optimizing 'Lorg/apache/http/client/CircularRedirectException;': multiple definitions
D/dalvikvm(  893): DexOpt: not verifying/optimizing 'Lorg/apache/http/client/entity/UrlEncodedFormEntity;': multiple definitions
D/dalvikvm(  893): DexOpt: not verifying/optimizing 'Lorg/apache/http/client/methods/HttpRequestBase;': multiple definitions
D/dalvikvm(  893): DexOpt: not verifying/optimizing 'Lorg/apache/http/impl/SocketHttpClientConnection;': multiple definitions
D/dalvikvm(  893): DexOpt: not verifying/optimizing 'Lorg/apache/http/impl/SocketHttpServerConnection;': multiple definitions
D/dalvikvm(  893): DexOpt: not verifying/optimizing 'Lorg/apache/http/impl/auth/BasicScheme;': multiple definitions
D/dalvikvm(  893): DexOpt: not verifying/optimizing 'Lorg/apache/http/impl/auth/DigestScheme;': multiple definitions
D/dalvikvm(  893): DexOpt: not verifying/optimizing 'Lorg/apache/http/impl/auth/NTLMEngineException;': multiple definitions
D/dalvikvm(  893): DexOpt: not verifying/optimizing 'Lorg/apache/http/impl/client/RequestWrapper;': multiple definitions
D/dalvikvm(  893): DexOpt: not verifying/optimizing 'Lorg/apache/http/impl/conn/AbstractClientConnAdapter;': multiple definitions
D/dalvikvm(  893): DexOpt: not verifying/optimizing 'Lorg/apache/http/impl/cookie/BasicClientCookie2;': multiple definitions
D/dalvikvm(  893): DexOpt: not verifying/optimizing 'Lorg/apache/http/impl/cookie/BrowserCompatSpec;': multiple definitions
D/dalvikvm(  893): DexOpt: not verifying/optimizing 'Lorg/apache/http/impl/cookie/NetscapeDraftSpec;': multiple definitions
D/dalvikvm(  893): DexOpt: not verifying/optimizing 'Lorg/apache/http/impl/cookie/RFC2109Spec;': multiple definitions
D/dalvikvm(  893): DexOpt: not verifying/optimizing 'Lorg/apache/http/message/BasicHttpEntityEnclosingRequest;': multiple definitions
D/dalvikvm(  893): DexOpt: not verifying/optimizing 'Lorg/apache/http/client/methods/HttpDelete;': multiple definitions
D/dalvikvm(  893): DexOpt: not verifying/optimizing 'Lorg/apache/http/client/methods/HttpEntityEnclosingRequestBase;': multiple definitions
D/dalvikvm(  893): DexOpt: not verifying/optimizing 'Lorg/apache/http/client/methods/HttpGet;': multiple definitions
D/dalvikvm(  893): DexOpt: not verifying/optimizing 'Lorg/apache/http/client/methods/HttpHead;': multiple definitions
D/dalvikvm(  893): DexOpt: not verifying/optimizing 'Lorg/apache/http/client/methods/HttpOptions;': multiple definitions
D/dalvikvm(  893): DexOpt: not verifying/optimizing 'Lorg/apache/http/client/methods/HttpTrace;': multiple definitions
D/dalvikvm(  893): DexOpt: not verifying/optimizing 'Lorg/apache/http/impl/DefaultHttpClientConnection;': multiple definitions
D/dalvikvm(  893): DexOpt: not verifying/optimizing 'Lorg/apache/http/impl/DefaultHttpServerConnection;': multiple definitions
D/dalvikvm(  893): DexOpt: not verifying/optimizing 'Lorg/apache/http/impl/client/EntityEnclosingRequestWrapper;': multiple definitions
D/dalvikvm(  893): DexOpt: not verifying/optimizing 'Lorg/apache/http/impl/conn/AbstractPooledConnAdapter;': multiple definitions
D/dalvikvm(  893): DexOpt: not verifying/optimizing 'Lorg/apache/http/impl/conn/DefaultClientConnection;': multiple definitions
D/dalvikvm(  893): DexOpt: not verifying/optimizing 'Lorg/apache/http/impl/cookie/RFC2965Spec;': multiple definitions
D/dalvikvm(  893): DexOpt: not verifying/optimizing 'Lorg/apache/http/client/methods/HttpPost;': multiple definitions
D/dalvikvm(  893): DexOpt: not verifying/optimizing 'Lorg/apache/http/client/methods/HttpPut;': multiple definitions
D/dalvikvm(  893): DexOpt: not verifying/optimizing 'Lorg/apache/http/impl/conn/SingleClientConnManager$ConnAdapter;': multiple definitions
D/dalvikvm(  893): DexOpt: not verifying/optimizing 'Lorg/apache/http/impl/conn/tsccm/BasicPooledConnAdapter;': multiple definitions
D/dalvikvm(  893): DexOpt: load 429ms, verify+opt 4002ms, 3373892 bytes
W/PackageManager(  336): Not granting permission android.permission.GLOBAL_SEARCH to package com.android.quicksearchbox (protectionLevel=18 flags=0x88be45)
W/PackageManager(  336): Unknown permission com.android.smspush.WAPPUSH_MANAGER_BIND in package com.android.phone
W/PackageManager(  336): Unknown permission com.google.android.googleapps.permission.GOOGLE_AUTH in package com.android.providers.calendar
W/PackageManager(  336): Unknown permission com.google.android.googleapps.permission.GOOGLE_AUTH.cl in package com.android.providers.calendar
W/PackageManager(  336): Unknown permission com.google.android.googleapps.permission.GOOGLE_AUTH.mail in package com.android.calendar
W/PackageManager(  336): Not granting permission android.permission.ACCESS_DOWNLOAD_MANAGER to package com.android.browser (protectionLevel=18 flags=0x89be45)
W/PackageManager(  336): Not granting permission android.permission.SEND_DOWNLOAD_COMPLETED_INTENTS to package com.android.browser (protectionLevel=2 flags=0x89be45)
W/PackageManager(  336): Not granting permission android.permission.BIND_APPWIDGET to package com.android.widgetpreview (protectionLevel=18 flags=0x8be44)
W/PackageManager(  336): Unknown permission android.permission.INSTALL_DRM in package com.android.mms
W/PackageManager(  336): Unknown permission com.google.android.googleapps.permission.GOOGLE_AUTH in package com.android.settings
W/PackageManager(  336): Unknown permission com.google.android.googleapps.permission.ACCESS_GOOGLE_PASSWORD in package com.android.development
W/PackageManager(  336): Unknown permission com.google.android.googleapps.permission.GOOGLE_AUTH in package com.android.development
W/PackageManager(  336): Unknown permission com.google.android.googleapps.permission.GOOGLE_AUTH.ALL_SERVICES in package com.android.development
W/PackageManager(  336): Unknown permission com.google.android.googleapps.permission.GOOGLE_AUTH.YouTubeUser in package com.android.development
W/PackageManager(  336): Not granting permission android.permission.DELETE_PACKAGES to package com.svox.pico (protectionLevel=18 flags=0x88be45)
W/PackageManager(  336): Not granting permission android.permission.DEVICE_POWER to package com.android.deskclock (protectionLevel=2 flags=0xc8be45)
W/PackageManager(  336): Unknown permission android.permission.RECEIVE_USER_PRESENT in package com.yundong.plugin
W/PackageManager(  336): Not granting permission android.permission.ACCESS_DOWNLOAD_MANAGER to package com.yundong.plugin (protectionLevel=18 flags=0x48be44)
D/dalvikvm(  336): GC_CONCURRENT freed 567K, 52% free 5730K/11876K, paused 6ms+5ms, total 61ms
I/ActivityManager(  336): Start proc com.android.externalstorage for broadcast com.android.externalstorage/.MountReceiver: pid=898 uid=10006 gids={50006, 1028, 1015, 1023}
I/ActivityManager(  336): Force stopping com.yundong.plugin appid=10052 user=-1: update pkg
I/ActivityManager(  336): Start proc com.android.email for content provider com.android.email/.provider.EmailProvider: pid=910 uid=10024 gids={50024, 3003, 1028, 1015}
I/InputReader(  336): Reconfiguring input devices.  changes=0x00000010
D/BackupManagerService(  336): Received broadcast Intent { act=android.intent.action.PACKAGE_ADDED dat=package:com.yundong.plugin flg=0x4000010 (has extras) }
V/BackupManagerService(  336): addPackageParticipantsLocked: #1
D/dalvikvm(  579): GC_CONCURRENT freed 299K, 13% free 3077K/3524K, paused 2ms+3ms, total 143ms
I/PackageManager(  336):   Action: "android.intent.action.SENDTO"
I/PackageManager(  336):   Category: "android.intent.category.DEFAULT"
I/PackageManager(  336):   Scheme: "sms"
I/PackageManager(  336): Adding preferred activity ComponentInfo{com.android.mms/com.android.mms.ui.ComposeMessageActivity} for user 0 :
I/PackageManager(  336):   Action: "android.intent.action.SENDTO"
I/PackageManager(  336):   Category: "android.intent.category.DEFAULT"
I/PackageManager(  336):   Scheme: "smsto"
I/PackageManager(  336): Adding preferred activity ComponentInfo{com.android.mms/com.android.mms.ui.ComposeMessageActivity} for user 0 :
I/PackageManager(  336):   Action: "android.intent.action.SENDTO"
I/PackageManager(  336):   Category: "android.intent.category.DEFAULT"
I/PackageManager(  336):   Scheme: "mms"
I/PackageManager(  336): Adding preferred activity ComponentInfo{com.android.mms/com.android.mms.ui.ComposeMessageActivity} for user 0 :
I/PackageManager(  336):   Action: "android.intent.action.SENDTO"
I/PackageManager(  336):   Category: "android.intent.category.DEFAULT"
I/PackageManager(  336):   Scheme: "mmsto"
I/PackageManager(  336): Adding preferred activity ComponentInfo{com.android.mms/com.android.mms.ui.ComposeMessageActivity} for user 0 :
I/PackageManager(  336):   Action: "android.intent.action.SENDTO"
I/PackageManager(  336):   Category: "android.intent.category.DEFAULT"
I/PackageManager(  336):   Scheme: "sms"
I/PackageManager(  336): Adding preferred activity ComponentInfo{com.android.mms/com.android.mms.ui.ComposeMessageActivity} for user 0 :
D/dalvikvm(  594): GC_CONCURRENT freed 338K, 13% free 3379K/3844K, paused 4ms+3ms, total 38ms
D/ActivityThread(  910): Loading provider com.android.email.provider;com.android.email.notifier: com.android.email.provider.EmailProvider
D/ActivityThread(  910): Loading provider com.android.email.provider;com.android.email.notifier: com.android.email.provider.EmailProvider
I/PackageManager(  336):   Action: "android.intent.action.SENDTO"
I/PackageManager(  336):   Category: "android.intent.category.DEFAULT"
I/PackageManager(  336):   Scheme: "smsto"
I/PackageManager(  336): Adding preferred activity ComponentInfo{com.android.mms/com.android.mms.ui.ComposeMessageActivity} for user 0 :
I/PackageManager(  336):   Action: "android.intent.action.SENDTO"
I/PackageManager(  336):   Category: "android.intent.category.DEFAULT"
I/PackageManager(  336):   Scheme: "mms"
I/PackageManager(  336): Adding preferred activity ComponentInfo{com.android.mms/com.android.mms.ui.ComposeMessageActivity} for user 0 :
I/ContactDirectoryManager(  544): deleted 0 stale rows which don't have any relevant directory
I/DownloadManager(  613): Upgrading downloads database from version 0 to version 109, which will destroy all old data
I/ContactDirectoryManager(  544): Discovered 0 contact directories in 8508ms
D/dalvikvm(  336): GC_EXPLICIT freed 838K, 53% free 5653K/11876K, paused 94ms+14ms, total 497ms
D/dalvikvm(  336): WAIT_FOR_CONCURRENT_GC blocked 214ms
D/dalvikvm(  336): WAIT_FOR_CONCURRENT_GC blocked 207ms
D/dalvikvm(  336): WAIT_FOR_CONCURRENT_GC blocked 103ms
D/dalvikvm(  336): WAIT_FOR_CONCURRENT_GC blocked 98ms
D/dalvikvm(  336): WAIT_FOR_CONCURRENT_GC blocked 44ms
I/PackageManager(  336):   Action: "android.intent.action.SENDTO"
I/PackageManager(  336):   Category: "android.intent.category.DEFAULT"
I/PackageManager(  336):   Scheme: "mmsto"
I/PackageManager(  336): Adding preferred activity ComponentInfo{com.android.mms/com.android.mms.ui.ComposeMessageActivity} for user 0 :
D/dalvikvm(  336): WAIT_FOR_CONCURRENT_GC blocked 315ms
D/dalvikvm(  336): WAIT_FOR_CONCURRENT_GC blocked 330ms
E/logwrapper(  930): executing /system/bin/ip failed: No such file or directory
D/AndroidRuntime(  828): Shutting down VM
D/dalvikvm(  828): GC_CONCURRENT freed 95K, 16% free 560K/660K, paused 2ms+12ms, total 22ms
E/NetdConnector(  336): NDC Command {49 interface fwmark exempt add 10.0.2.2/32} took too long (1253ms)
E/ConnectivityService(  336): Exception trying to add a route: java.lang.IllegalStateException: command '49 interface fwmark exempt add 10.0.2.2/32' failed with '400 49 Failed to add exemption rule (File exists)'
E/logwrapper(  931): executing /system/bin/ip failed: No such file or directory
E/ConnectivityService(  336): Exception trying to add a route: java.lang.IllegalStateException: command '51 interface fwmark exempt add 172.217.23.14/32' failed with '400 51 Failed to add exemption rule (File exists)'
D/ConnectivityService(  336): requestRouteToHostAddress ok=false
D/ConnectivityService(  336): [CheckMp] isMobileOk: could not establish route to hostAddr=clients3.google.com/172.217.23.14
D/ExternalStorage(  898): Missing UUID for /storage/sdcard; skipping
D/ExternalStorage(  898): After updating volumes, found 0 active roots
D/ExternalStorage(  898): Missing UUID for /storage/sdcard; skipping
D/ExternalStorage(  898): After updating volumes, found 0 active roots
I/ContactsProvider(  544): Upgrading aggregation algorithm
D/MediaScannerReceiver(  613): action: android.intent.action.MEDIA_MOUNTED path: /storage/sdcard
I/ContactAggregator(  544): Marked all visible contacts for aggregation: 0 raw contacts, 4 ms
E/BluetoothAdapter(  605): Bluetooth binder is null
I/ActivityManager(  336): Start proc com.android.music for broadcast com.android.music/.MediaButtonIntentReceiver: pid=936 uid=10032 gids={50032, 3003, 1028, 1015}
I/dalvikvm(  936): CheckJNI enabled: not enabling JNI app bug workarounds.
I/ContactsProvider(  544): Aggregation algorithm upgraded for 0 raw contacts in 492ms
I/ActivityManager(  336): Start proc com.android.calendar for broadcast com.android.calendar/.widget.CalendarAppWidgetService$CalendarFactory: pid=948 uid=10016 gids={50016, 3003}
I/MediaFocusControl(  336):   Remote Control   registerMediaButtonIntent() for PendingIntent{b3207c10: PendingIntentRecord{b2d7f010 com.android.music broadcastIntent}}
D/dalvikvm(  336): GC_CONCURRENT freed 540K, 52% free 5729K/11876K, paused 57ms+5ms, total 167ms
D/ExtensionsFactory(  948): No custom extensions.
I/ActivityManager(  336): Start proc com.android.deskclock for broadcast com.android.deskclock/.AlarmInitReceiver: pid=967 uid=10020 gids={50020, 1028}
I/ActivityManager(  336): Start proc com.android.providers.calendar for content provider com.android.providers.calendar/.CalendarProvider2: pid=972 uid=10001 gids={50001, 3003, 1028, 1015}
D/dalvikvm(   58): GC_EXPLICIT freed 40K, 4% free 2705K/2816K, paused 2ms+2ms, total 27ms
D/dalvikvm(   58): GC_EXPLICIT freed <1K, 4% free 2705K/2816K, paused 2ms+2ms, total 43ms
D/dalvikvm(   58): GC_EXPLICIT freed <1K, 4% free 2705K/2816K, paused 2ms+2ms, total 43ms
I/CalendarDatabaseHelper(  972): Bootstrapping database
W/RecognitionManagerService(  336): no available voice recognition services found for user 0
I/CalendarProvider2(  972): Created com.android.providers.calendar.CalendarAlarmManager@b2d43908(com.android.providers.calendar.CalendarProvider2@b2d2ffe0)
I/ContactsFTS(  544): Rebuild contact search index in 1685ms, 0 contacts
D/dalvikvm(  544): GC_CONCURRENT freed 260K, 10% free 3083K/3412K, paused 4ms+12ms, total 69ms
D/dalvikvm(  910): GC_CONCURRENT freed 210K, 9% free 2888K/3172K, paused 13ms+2ms, total 53ms
V/MediaScanner(  613): pruneDeadThumbnailFiles... android.database.sqlite.SQLiteCursor@b2d137c8
V/MediaScanner(  613): /pruneDeadThumbnailFiles... android.database.sqlite.SQLiteCursor@b2d137c8
D/ConnectivityService(  336): [CheckMp] isMobileOk: too many loops tried - giving up
D/ConnectivityService(  336): [CheckMp] isMobileOk: X loops|timed out result=0
D/ConnectivityService(  336): [CheckMp] isMobileOk: F stop hipri
D/MobileDataStateTracker(  336): default: setEnableFailFastMobileData(enabled=0)
D/ConnectivityService(  336): stopUsingNetworkFeature: teardown net 0: enableHIPRI
D/MobileDataStateTracker(  336): hipri: Broadcast received: android.intent.action.ANY_DATA_STATE apnType=hipri
D/MobileDataStateTracker(  336): hipri: Received state=DISCONNECTED, old=CONNECTED, reason=dataDisabled
D/MobileDataStateTracker(  336): hipri: setDetailed state, old =CONNECTED and new state=DISCONNECTED
D/ConnectivityService(  336): ConnectivityChange for mobile_hipri: DISCONNECTED/DISCONNECTED
E/logwrapper(  996): executing /system/bin/ip failed: No such file or directory
E/SecondaryTablController(   54): ip route del failed: /system/bin/ip route del 10.0.2.2/32 via 0.0.0.0 dev eth0 table 60
W/FrameworkListener(   54): Handler 'interface' error (No such device)
E/logwrapper(  997): executing /system/bin/ip failed: No such file or directory
E/SecondaryTablController(   54): ip route del failed: /system/bin/ip route del 0.0.0.0/0 via 10.0.2.2 dev eth0 table 60
W/FrameworkListener(   54): Handler 'interface' error (No such device)
D/dalvikvm(  594): GC_CONCURRENT freed 474K, 15% free 3296K/3844K, paused 5ms+2ms, total 77ms
D/Nat464Xlat(  336): requiresClat: netType=5, hasIPv4Address=true
D/MobileDataStateTracker(  336): default: setPolicyDataEnable(enabled=true)
I/CalendarProvider2(  972): Sending notification intent: Intent { act=android.intent.action.PROVIDER_CHANGED dat=content://com.android.calendar }
W/ContentResolver(  972): Failed to get type for: content://com.android.calendar (Unknown URL content://com.android.calendar)
V/AlarmClock(  967): AlarmInitReceiver android.intent.action.TIMEZONE_CHANGED
W/ProcessCpuTracker(  336): Skipping unknown process pid 998
I/AlarmClock(  967): Alarms Table created
I/AlarmClock(  967): Instance table created
I/AlarmClock(  967): Cities table created
I/AlarmClock(  967): Inserting default alarms
I/AlarmClock(  967): Displaying next alarm time: ''
E/NetdConnector(  336): NDC Command {59 bandwidth removeiquota eth0} took too long (862ms)
W/BackupManagerService(  336): dataChanged but no participant pkg='com.android.providers.settings' uid=10020
W/ActivityManager(  336): Unable to start service Intent { cmp=com.android.email/.service.AttachmentDownloadService } U=0: not found
V/AlarmClock(  967): AlarmInitReceiver finished
E/NetdConnector(  336): NDC Command {60 bandwidth gettetherstats} took too long (732ms)
W/ActivityManager(  336): Unable to start service Intent { cmp=com.android.email/.service.AttachmentDownloadService } U=0: not found
E/BluetoothAdapter(  605): Bluetooth binder is null
D/dalvikvm(  336): GC_CONCURRENT freed 564K, 52% free 5816K/11876K, paused 18ms+60ms, total 211ms
I/Email   (  910): Observing account changes for notifications
W/ActivityManager(  336): Unable to start service Intent { cmp=com.android.email/.service.AttachmentDownloadService } U=0: not found
I/ActivityManager(  336): Start proc com.android.mms for broadcast com.android.mms/.transaction.MmsSystemEventReceiver: pid=1021 uid=10009 gids={50009, 3003, 1028, 1015}
D/CountryDetector(  336): The first listener is added
V/MmsConfig( 1021): mnc/mcc: 310260
V/MmsConfig( 1021): tag: bool value: enabledMMS - true
V/MmsConfig( 1021): tag: int value: maxMessageSize - 307200
V/MmsConfig( 1021): tag: int value: maxImageHeight - 480
V/MmsConfig( 1021): tag: int value: maxImageWidth - 640
V/MmsConfig( 1021): tag: int value: defaultSMSMessagesPerThread - 10000
V/MmsConfig( 1021): tag: int value: defaultMMSMessagesPerThread - 1000
V/MmsConfig( 1021): tag: int value: minMessageCountPerThread - 10
V/MmsConfig( 1021): tag: int value: maxMessageCountPerThread - 5000
V/MmsConfig( 1021): tag: string value: uaProfUrl - http://www.google.com/oha/rdf/ua-profile-kila.xml
V/MmsConfig( 1021): tag: int value: recipientLimit - -1
V/MmsConfig( 1021): tag: bool value: enableMultipartSMS - true
V/MmsConfig( 1021): tag: int value: smsToMmsTextThreshold - -1
V/MmsConfig( 1021): tag: bool value: enableSlideDuration - true
V/MmsConfig( 1021): tag: int value: maxMessageTextSize - -1
I/ActivityManager(  336): Start proc com.android.dialer for broadcast com.android.dialer/.calllog.CallLogReceiver: pid=1052 uid=10004 gids={50004, 3003, 1028, 1015}
D/Tethering(  336): MasterInitialState.processMessage what=3
D/Tethering(  336): MasterInitialState.processMessage what=3
D/CaptivePortalTracker(  336): NoActiveNetworkState{ when=-8ms what=1 obj=NetworkInfo: type: mobile_hipri[UMTS], state: DISCONNECTED/DISCONNECTED, reason: dataDisabled, extra: epc.tmobile.com, roaming: false, failover: false, isAvailable: true, isConnectedToProvisioningNetwork: false target=com.android.internal.util.StateMachine$SmHandler }
D/CaptivePortalTracker(  336): NoActiveNetworkState not a wifi connectivity change, ignore
D/CaptivePortalTracker(  336): NoActiveNetworkState{ when=-8ms what=1 obj=NetworkInfo: type: mobile[UMTS], state: CONNECTED/CONNECTED, reason: connected, extra: epc.tmobile.com, roaming: false, failover: false, isAvailable: true, isConnectedToProvisioningNetwork: false target=com.android.internal.util.StateMachine$SmHandler }
D/CaptivePortalTracker(  336): NoActiveNetworkState not a wifi connectivity change, ignore
E/NetdConnector(  336): NDC Command {61 bandwidth setiquota eth0 9223372036854775807} took too long (2154ms)
D/MobileDataStateTracker(  336): default: setPolicyDataEnable(enabled=true)
D/ExtensionsFactory( 1052): No custom extensions.
E/NetdConnector(  336): NDC Command {62 bandwidth removeiquota eth0} took too long (876ms)
D/dalvikvm(  336): GC_CONCURRENT freed 792K, 52% free 5708K/11876K, paused 6ms+22ms, total 175ms
E/SoundPool(  336): error loading /system/media/audio/ui/Effect_Tick.ogg
W/AudioService(  336): Soundpool could not load file: /system/media/audio/ui/Effect_Tick.ogg
E/SoundPool(  336): error loading /system/media/audio/ui/Effect_Tick.ogg
W/AudioService(  336): Soundpool could not load file: /system/media/audio/ui/Effect_Tick.ogg
E/SoundPool(  336): error loading /system/media/audio/ui/Effect_Tick.ogg
W/AudioService(  336): Soundpool could not load file: /system/media/audio/ui/Effect_Tick.ogg
E/SoundPool(  336): error loading /system/media/audio/ui/Effect_Tick.ogg
W/AudioService(  336): Soundpool could not load file: /system/media/audio/ui/Effect_Tick.ogg
E/SoundPool(  336): error loading /system/media/audio/ui/Effect_Tick.ogg
W/AudioService(  336): Soundpool could not load file: /system/media/audio/ui/Effect_Tick.ogg
E/SoundPool(  336): error loading /system/media/audio/ui/KeypressStandard.ogg
W/AudioService(  336): Soundpool could not load file: /system/media/audio/ui/KeypressStandard.ogg
E/SoundPool(  336): error loading /system/media/audio/ui/KeypressSpacebar.ogg
W/AudioService(  336): Soundpool could not load file: /system/media/audio/ui/KeypressSpacebar.ogg
E/SoundPool(  336): error loading /system/media/audio/ui/KeypressDelete.ogg
E/BluetoothAdapter(  336): Bluetooth binder is null
E/BluetoothAdapter(  336): Bluetooth binder is null
V/WiredAccessoryManager(  336): init()
W/AudioService(  336): Soundpool could not load file: /system/media/audio/ui/KeypressDelete.ogg
E/SoundPool(  336): error loading /system/media/audio/ui/KeypressReturn.ogg
W/AudioService(  336): Soundpool could not load file: /system/media/audio/ui/KeypressReturn.ogg
I/PowerManagerService(  336): Boot animation finished.
E/SoundPool(  336): error loading /system/media/audio/ui/KeypressInvalid.ogg
W/AudioService(  336): Soundpool could not load file: /system/media/audio/ui/KeypressInvalid.ogg
W/AudioService(  336): onLoadSoundEffects(), Error -1 while loading samples
I/RecoverySystem(  336): No recovery log file
I/BootReceiver(  336): Copying audit failures to DropBox
I/BootReceiver(  336): Checking for fsck errors
D/ConnectivityService(  336): [CheckMp] isMobileOk: X result=0
D/ConnectivityService(  336): [CheckMp] onPostExecute: result=0
D/ConnectivityService(  336): CheckMp.onComplete: result=0
D/ConnectivityService(  336): CheckMp.onComplete: ignore, connected or no connection
W/ProcessCpuTracker(  336): Skipping unknown process pid 1098
E/NetdConnector(  336): NDC Command {63 bandwidth setiquota eth0 9223372036854775807} took too long (1518ms)
D/MobileDataStateTracker(  336): default: setPolicyDataEnable(enabled=true)
D/MobileDataStateTracker(  336): default: setPolicyDataEnable(enabled=true)
I/ActivityManager(  336): Delay finish: com.android.providers.media/.MediaScannerReceiver
I/ActivityManager(  336): Resuming delayed broadcast
I/ActivityManager(  336): Delay finish: com.android.mms/.transaction.MmsSystemEventReceiver
D/Mms:app ( 1021): cancelNotification
I/ActivityManager(  336): Resuming delayed broadcast
I/ActivityManager(  336): Delay finish: com.android.mms/.transaction.SmsReceiver
I/MediaProvider(  613): Upgrading media database from version 0 to 700, which will destroy all old data
D/MmsSmsDatabaseHelper(  594): [MmsSmsDb] tableName: threads hasAutoIncrement: CREATE TABLE threads (_id INTEGER PRIMARY KEY AUTOINCREMENT,date INTEGER DEFAULT 0,message_count INTEGER DEFAULT 0,recipient_ids TEXT,snippet TEXT,snippet_cs INTEGER DEFAULT 0,read INTEGER DEFAULT 1,type INTEGER DEFAULT 0,error INTEGER DEFAULT 0,has_attachment INTEGER DEFAULT 0) result: true
D/MmsSmsDatabaseHelper(  594): [MmsSmsDb] tableName: canonical_addresses hasAutoIncrement: CREATE TABLE canonical_addresses (_id INTEGER PRIMARY KEY AUTOINCREMENT,address TEXT) result: true
D/MmsSmsDatabaseHelper(  594): [MmsSmsDb] tableName: part hasAutoIncrement: CREATE TABLE part (_id INTEGER PRIMARY KEY AUTOINCREMENT,mid INTEGER,seq INTEGER DEFAULT 0,ct TEXT,name TEXT,chset INTEGER,cd TEXT,fn TEXT,cid TEXT,cl TEXT,ctt_s INTEGER,ctt_t TEXT,_data TEXT,text TEXT) result: true
D/MmsSmsDatabaseHelper(  594): [MmsSmsDb] tableName: pdu hasAutoIncrement: CREATE TABLE pdu (_id INTEGER PRIMARY KEY AUTOINCREMENT,thread_id INTEGER,date INTEGER,date_sent INTEGER DEFAULT 0,msg_box INTEGER,read INTEGER DEFAULT 0,m_id TEXT,sub TEXT,sub_cs INTEGER,ct_t TEXT,ct_l TEXT,exp INTEGER,m_cls TEXT,m_type INTEGER,v INTEGER,m_size INTEGER,pri INTEGER,rr INTEGER,rpt_a INTEGER,resp_st INTEGER,st INTEGER,tr_id TEXT,retr_st INTEGER,retr_txt TEXT,retr_txt_cs INTEGER,read_status INTEGER,ct_cls INTEGER,resp_txt TEXT,d_tm INTEGER,d_rpt INTEGER,locked INTEGER DEFAULT 0,seen INTEGER DEFAULT 0,text_only INTEGER DEFAULT 0) result: true
D/MmsSmsDatabaseHelper(  594): [getWritableDatabase] hasAutoIncrementThreads: true hasAutoIncrementAddresses: true hasAutoIncrementPart: true hasAutoIncrementPdu: true
D/dalvikvm( 1021): GC_CONCURRENT freed 219K, 10% free 2872K/3164K, paused 23ms+2ms, total 51ms
E/StrictMode( 1021): A resource was acquired at attached stack trace but never released. See java.io.Closeable for information on avoiding resource leaks.
E/StrictMode( 1021): java.lang.Throwable: Explicit termination method 'release' not called
E/StrictMode( 1021): 	at dalvik.system.CloseGuard.open(CloseGuard.java:184)
E/StrictMode( 1021): 	at android.drm.DrmManagerClient.<init>(DrmManagerClient.java:258)
E/StrictMode( 1021): 	at com.google.android.mms.pdu.PduPersister.<init>(PduPersister.java:288)
E/StrictMode( 1021): 	at com.google.android.mms.pdu.PduPersister.getPduPersister(PduPersister.java:296)
E/StrictMode( 1021): 	at com.android.mms.transaction.TransactionService.onNewIntent(TransactionService.java:224)
E/StrictMode( 1021): 	at com.android.mms.transaction.TransactionService$ServiceHandler.handleMessage(TransactionService.java:621)
E/StrictMode( 1021): 	at android.os.Handler.dispatchMessage(Handler.java:102)
E/StrictMode( 1021): 	at android.os.Looper.loop(Looper.java:136)
E/StrictMode( 1021): 	at android.os.HandlerThread.run(HandlerThread.java:61)
D/Mms:app ( 1021): cancelNotification
I/ActivityManager(  336): Resuming delayed broadcast
D/AlertReceiver(  948): onReceive: a=android.intent.action.BOOT_COMPLETED Intent { act=android.intent.action.BOOT_COMPLETED flg=0x8000010 cmp=com.android.calendar/.alerts.AlertReceiver (has extras) }
I/ActivityManager(  336): Delay finish: com.android.calendar/.alerts.AlertReceiver
D/AlertUtils(  948): Flushing old alerts from shared prefs table
D/AlertService(  948): 0 Action = android.intent.action.BOOT_COMPLETED
D/AlertService(  948): Scheduling next alarm with AlarmScheduler. sEventReminderReceived: null
D/dalvikvm(  948): GC_CONCURRENT freed 307K, 12% free 2810K/3188K, paused 12ms+1ms, total 71ms
D/AlarmScheduler(  948): No events found starting within 1 week.
D/dalvikvm(  613): GC_CONCURRENT freed 240K, 10% free 3027K/3336K, paused 4ms+2ms, total 32ms
E/SQLiteLog(  613): (1) no such table: files
E/WVMExtractor(   60): Failed to open libwvm.so
D/dalvikvm(  336): GC_CONCURRENT freed 579K, 52% free 5757K/11876K, paused 7ms+4ms, total 56ms
V/MediaScanner(  613): pruneDeadThumbnailFiles... android.database.sqlite.SQLiteCursor@b2d83f70
V/MediaScanner(  613): /pruneDeadThumbnailFiles... android.database.sqlite.SQLiteCursor@b2d83f70
E/MetadataRetrieverClient(   60): failed to extract an album art
I/ActivityManager(  336): Resuming delayed broadcast
V/AlarmClock(  967): AlarmInitReceiver android.intent.action.BOOT_COMPLETED
V/AlarmClock(  967): AlarmInitReceiver - Reset timers and clear stopwatch data
V/AlarmClock(  967): AlarmInitReceiver - resetting volume button default
I/AlarmClock(  967): Displaying next alarm time: ''
V/AlarmClock(  967): AlarmInitReceiver finished
I/ActivityManager(  336): Delay finish: com.android.email/.service.EmailUpgradeBroadcastReceiver
D/dalvikvm(  967): GC_CONCURRENT freed 400K, 15% free 2817K/3288K, paused 4ms+3ms, total 129ms
I/ActivityManager(  336): Resuming delayed broadcast
I/ActivityManager(  336): Delay finish: com.android.email/.service.EmailBroadcastReceiver
I/Email   (  910): Onetime initialization: 1
I/Email   (  910): Onetime initialization: 2
I/Email   (  910): Onetime initialization: completed.
I/ActivityManager(  336): Delaying start of: ServiceRecord{b31acba8 u0 com.android.exchange/.service.EmailSyncAdapterService}
I/ActivityManager(  336): Resuming delayed broadcast
I/LauncherIconVisibilityManager(  579): Boot has been completed
I/LauncherIconVisibilityManager(  579): Disable activity: ComponentInfo{com.android.inputmethod.latin/com.android.inputmethod.latin.setup.SetupActivity}
E/BluetoothAdapter(  605): Bluetooth binder is null
E/BluetoothAdapter(  605): Bluetooth binder is null
W/BroadcastQueue(  336): Permission Denial: broadcasting Intent { act=android.appwidget.action.APPWIDGET_UPDATE_OPTIONS flg=0x10 cmp=com.android.settings/.widget.SettingsAppWidgetProvider (has extras) } from android (pid=666, uid=10008) is not exported from uid 1000 due to receiver com.android.settings/.widget.SettingsAppWidgetProvider
I/ActivityManager(  336): Delay finish: com.android.providers.contacts/.PackageIntentReceiver
I/ActivityManager(  336): Resuming delayed broadcast
I/ActivityManager(  336): Start proc com.svox.pico for broadcast com.svox.pico/.VoiceDataInstallerReceiver: pid=1124 uid=10037 gids={50037, 1028, 1015}
D/AlertReceiver(  948): onReceive: a=android.intent.action.PROVIDER_CHANGED Intent { act=android.intent.action.PROVIDER_CHANGED dat=content://com.android.calendar flg=0x10 cmp=com.android.calendar/.alerts.AlertReceiver }
I/ActivityManager(  336): Delay finish: com.android.calendar/.alerts.AlertReceiver
D/AlertService(  948): 0 Action = android.intent.action.PROVIDER_CHANGED
I/InputReader(  336): Reconfiguring input devices.  changes=0x00000010
I/InputReader(  336): Reconfiguring input devices.  changes=0x00000010
I/InputReader(  336): Reconfiguring input devices.  changes=0x00000010
I/PackageManager(  336):   Action: "android.intent.action.SENDTO"
I/PackageManager(  336):   Category: "android.intent.category.DEFAULT"
I/PackageManager(  336):   Scheme: "sms"
I/PackageManager(  336): Adding preferred activity ComponentInfo{com.android.mms/com.android.mms.ui.ComposeMessageActivity} for user 0 :
D/dalvikvm(  336): GC_CONCURRENT freed 731K, 52% free 5793K/11876K, paused 16ms+5ms, total 205ms
D/dalvikvm(  336): WAIT_FOR_CONCURRENT_GC blocked 47ms
D/dalvikvm(  336): WAIT_FOR_CONCURRENT_GC blocked 49ms
D/dalvikvm(  336): WAIT_FOR_CONCURRENT_GC blocked 49ms
D/dalvikvm(  336): WAIT_FOR_CONCURRENT_GC blocked 43ms
I/PackageManager(  336):   Action: "android.intent.action.SENDTO"
I/PackageManager(  336):   Category: "android.intent.category.DEFAULT"
I/PackageManager(  336):   Scheme: "smsto"
I/PackageManager(  336): Adding preferred activity ComponentInfo{com.android.mms/com.android.mms.ui.ComposeMessageActivity} for user 0 :
I/PackageManager(  336):   Action: "android.intent.action.SENDTO"
I/PackageManager(  336):   Category: "android.intent.category.DEFAULT"
I/PackageManager(  336):   Scheme: "mms"
I/PackageManager(  336): Adding preferred activity ComponentInfo{com.android.mms/com.android.mms.ui.ComposeMessageActivity} for user 0 :
I/PackageManager(  336):   Action: "android.intent.action.SENDTO"
I/PackageManager(  336):   Category: "android.intent.category.DEFAULT"
I/PackageManager(  336):   Scheme: "mmsto"
I/PackageManager(  336): Adding preferred activity ComponentInfo{com.android.mms/com.android.mms.ui.ComposeMessageActivity} for user 0 :
I/PackageManager(  336):   Action: "android.intent.action.SENDTO"
I/PackageManager(  336): Adding preferred activity ComponentInfo{com.android.mms/com.android.mms.ui.ComposeMessageActivity} for user 0 :
I/PackageManager(  336):   Category: "android.intent.category.DEFAULT"
I/PackageManager(  336):   Scheme: "sms"
D/dalvikvm(  594): GC_CONCURRENT freed 336K, 12% free 3412K/3844K, paused 5ms+14ms, total 79ms
I/PackageManager(  336):   Action: "android.intent.action.SENDTO"
I/PackageManager(  336):   Category: "android.intent.category.DEFAULT"
