D/dalvikvm(  589): GC_FOR_ALLOC freed 159K, 8% free 3358K/3632K, paused 37ms, total 40ms
I/dalvikvm-heap(  589): Grow heap (frag case) to 3.637MB for 313360-byte allocation
D/dalvikvm(  589): GC_FOR_ALLOC freed 2K, 8% free 3661K/3940K, paused 136ms, total 137ms
D/dalvikvm(  589): GC_FOR_ALLOC freed 436K, 13% free 3444K/3944K, paused 56ms, total 57ms
D/dalvikvm(  589): GC_CONCURRENT freed 6K, 4% free 3837K/3980K, paused 4ms+24ms, total 92ms
D/dalvikvm(  589): GC_FOR_ALLOC freed 502K, 14% free 3554K/4124K, paused 100ms, total 101ms
I/dalvikvm-heap(  589): Grow heap (frag case) to 3.877MB for 364560-byte allocation
D/dalvikvm(  589): GC_FOR_ALLOC freed 48K, 14% free 3862K/4484K, paused 65ms, total 65ms
D/dalvikvm(  589): GC_CONCURRENT freed 531K, 15% free 3842K/4484K, paused 4ms+5ms, total 69ms
D/dalvikvm(  589): WAIT_FOR_CONCURRENT_GC blocked 49ms
D/dalvikvm(  589): GC_FOR_ALLOC freed 435K, 19% free 3652K/4484K, paused 58ms, total 59ms
I/dalvikvm-heap(  589): Grow heap (frag case) to 4.040MB for 434192-byte allocation
D/dalvikvm(  589): GC_CONCURRENT freed 3K, 18% free 4073K/4912K, paused 4ms+4ms, total 154ms
D/dalvikvm(  589): WAIT_FOR_CONCURRENT_GC blocked 148ms
I/ActivityManager(  356): Displayed jgywwv.jvyjsd.sordvd/.ActivityCard: +5s166ms
D/AndroidRuntime( 1231): Shutting down VM
D/dalvikvm( 1231): GC_CONCURRENT freed 97K, 15% free 589K/692K, paused 2ms+2ms, total 21ms
I/Choreographer(  356): Skipped 40 frames!  The application may be doing too much work on its main thread.
D/dalvikvm(  589): GC_FOR_ALLOC freed 640K, 23% free 3792K/4912K, paused 144ms, total 192ms
W/ViewPager(  589): Requested offscreen page limit 0 too small; defaulting to 1
D/dalvikvm(  589): GC_CONCURRENT freed 159K, 17% free 4110K/4912K, paused 5ms+4ms, total 126ms
I/LatinIME:LogUtils(  589): Dictionary info: dictionary = contacts.en_US.dict ; version = ? ; date = ?
D/gralloc_goldfish(  589): Emulator without GPU emulation detected.
D/dalvikvm(  589): GC_FOR_ALLOC freed 358K, 16% free 4129K/4912K, paused 63ms, total 69ms
I/dalvikvm-heap(  589): Grow heap (frag case) to 4.633MB for 568336-byte allocation
D/dalvikvm(  589): GC_CONCURRENT freed 10K, 15% free 4673K/5468K, paused 35ms+30ms, total 98ms
D/dalvikvm(  589): WAIT_FOR_CONCURRENT_GC blocked 63ms
D/dalvikvm(  589): GC_FOR_ALLOC freed 0K, 15% free 4674K/5468K, paused 58ms, total 58ms
I/dalvikvm-heap(  589): Grow heap (frag case) to 5.166MB for 568336-byte allocation
D/dalvikvm(  589): GC_CONCURRENT freed 0K, 14% free 5229K/6024K, paused 4ms+35ms, total 96ms
D/dalvikvm(  589): WAIT_FOR_CONCURRENT_GC blocked 84ms
D/AndroidRuntime( 1244): 
D/AndroidRuntime( 1244): >>>>>> AndroidRuntime START com.android.internal.os.RuntimeInit <<<<<<
D/AndroidRuntime( 1244): CheckJNI is ON
D/dalvikvm( 1244): Trying to load lib libjavacore.so 0x0
D/dalvikvm( 1244): Added shared lib libjavacore.so 0x0
D/dalvikvm( 1244): Trying to load lib libnativehelper.so 0x0
D/dalvikvm( 1244): Added shared lib libnativehelper.so 0x0
D/dalvikvm( 1244): No JNI_OnLoad found in libnativehelper.so 0x0, skipping init
D/dalvikvm( 1244): Note: class Landroid/app/ActivityManagerNative; has 179 unimplemented (abstract) methods
E/memtrack( 1244): Couldn't load memtrack module (No such file or directory)
E/android.os.Debug( 1244): failed to load memtrack module: -2
D/AndroidRuntime( 1244): Calling main entry com.android.commands.am.Am
I/ActivityManager(  356): START u0 {act=android.intent.action.MAIN cat=[android.intent.category.LAUNCHER] flg=0x10000000 cmp=jgywwv.jvyjsd.sordvd/.ActivityWeb} from pid 1244
V/WebViewChromiumFactoryProvider( 1161): Binding Chromium to main looper Looper (main, tid 1) {b2ca8f20}
I/LibraryLoader( 1161): Expected native library version number "",actual native library version number ""
I/chromium( 1161): [INFO:library_loader_hooks.cc(116)] Chromium logging enabled: level = 0, default verbosity = 0
I/BrowserStartupController( 1161): Initializing chromium process, renderers=0
E/AudioManagerAndroid( 1161): BLUETOOTH permission is missing!
D/dalvikvm( 1161): GC_CONCURRENT freed 138K, 6% free 3404K/3612K, paused 46ms+2ms, total 112ms
W/chromium( 1161): [WARNING:jni_string.cc(28)] ConvertJavaStringToUTF8 called with null string.
E/chromium( 1161): [ERROR:gl_surface_egl.cc(169)] No suitable EGL configs found.
E/chromium( 1161): [ERROR:gl_surface_egl.cc(702)] GLSurfaceEGL::InitializeOneOff failed.
E/chromium( 1161): [ERROR:gl_surface_egl.cc(169)] No suitable EGL configs found.
E/chromium( 1161): [ERROR:gl_surface_egl.cc(702)] GLSurfaceEGL::InitializeOneOff failed.
E/chromium( 1161): [ERROR:gpu_info_collector.cc(86)] gfx::GLSurface::InitializeOneOff() failed
W/chromium( 1161): [WARNING:mailbox_synchronizer.cc(36)] MailboxSync not supported due to missing EGL image/fence support
E/chromium( 1161): [ERROR:gl_surface_egl.cc(169)] No suitable EGL configs found.
E/chromium( 1161): [ERROR:gl_surface_egl.cc(702)] GLSurfaceEGL::InitializeOneOff failed.
W/chromium( 1161): [WARNING:proxy_service.cc(890)] PAC support disabled because there is no system implementation
D/dalvikvm( 1161): GC_CONCURRENT freed 47K, 5% free 3758K/3936K, paused 4ms+81ms, total 151ms
I/Choreographer( 1161): Skipped 394 frames!  The application may be doing too much work on its main thread.
I/Choreographer( 1161): Skipped 37 frames!  The application may be doing too much work on its main thread.
W/AwContents( 1161): nativeOnDraw failed; clearing to background color.
I/Choreographer(  356): Skipped 35 frames!  The application may be doing too much work on its main thread.
I/ActivityManager(  356): Displayed jgywwv.jvyjsd.sordvd/.ActivityWeb: +2s645ms
D/AndroidRuntime( 1244): Shutting down VM
D/dalvikvm( 1244): GC_CONCURRENT freed 97K, 15% free 589K/692K, paused 2ms+2ms, total 24ms
W/AwContents( 1161): nativeOnDraw failed; clearing to background color.
W/AwContents( 1161): nativeOnDraw failed; clearing to background color.
W/AwContents( 1161): nativeOnDraw failed; clearing to background color.
W/AwContents( 1161): nativeOnDraw failed; clearing to background color.
D/AndroidRuntime( 1276): 
D/AndroidRuntime( 1276): >>>>>> AndroidRuntime START com.android.internal.os.RuntimeInit <<<<<<
D/AndroidRuntime( 1276): CheckJNI is ON
D/dalvikvm( 1276): Trying to load lib libjavacore.so 0x0
D/dalvikvm( 1276): Added shared lib libjavacore.so 0x0
D/dalvikvm( 1276): Trying to load lib libnativehelper.so 0x0
D/dalvikvm( 1276): Added shared lib libnativehelper.so 0x0
D/dalvikvm( 1276): No JNI_OnLoad found in libnativehelper.so 0x0, skipping init
D/dalvikvm( 1276): Note: class Landroid/app/ActivityManagerNative; has 179 unimplemented (abstract) methods
E/memtrack( 1276): Couldn't load memtrack module (No such file or directory)
E/android.os.Debug( 1276): failed to load memtrack module: -2
D/AndroidRuntime( 1276): Calling main entry com.android.commands.am.Am
D/AndroidRuntime( 1276): Shutting down VM
D/dalvikvm( 1276): GC_CONCURRENT freed 96K, 15% free 585K/684K, paused 2ms+2ms, total 23ms
D/AndroidRuntime( 1287): 
D/AndroidRuntime( 1287): >>>>>> AndroidRuntime START com.android.internal.os.RuntimeInit <<<<<<
D/AndroidRuntime( 1287): CheckJNI is ON
D/dalvikvm( 1287): Trying to load lib libjavacore.so 0x0
D/dalvikvm( 1287): Added shared lib libjavacore.so 0x0
D/dalvikvm( 1287): Trying to load lib libnativehelper.so 0x0
D/dalvikvm( 1287): Added shared lib libnativehelper.so 0x0
D/dalvikvm( 1287): No JNI_OnLoad found in libnativehelper.so 0x0, skipping init
D/dalvikvm( 1287): Note: class Landroid/app/ActivityManagerNative; has 179 unimplemented (abstract) methods
E/memtrack( 1287): Couldn't load memtrack module (No such file or directory)
E/android.os.Debug( 1287): failed to load memtrack module: -2
D/AndroidRuntime( 1287): Calling main entry com.android.commands.am.Am
D/AndroidRuntime( 1287): Shutting down VM
D/dalvikvm( 1287): GC_CONCURRENT freed 96K, 15% free 585K/684K, paused 3ms+3ms, total 21ms
I/ActivityManager(  356): START u0 {flg=0x10000000 cmp=jgywwv.jvyjsd.sordvd/.MAC} from pid 1161
I/ActivityManager(  356): START u0 {act=android.app.action.ADD_DEVICE_ADMIN cmp=com.android.settings/.DeviceAdminAdd (has extras)} from pid 1161
D/dalvikvm(  612): GC_CONCURRENT freed 25K, 5% free 3209K/3372K, paused 4ms+7ms, total 43ms
I/Choreographer(  612): Skipped 83 frames!  The application may be doing too much work on its main thread.
D/AndroidRuntime( 1298): 
D/AndroidRuntime( 1298): >>>>>> AndroidRuntime START com.android.internal.os.RuntimeInit <<<<<<
D/AndroidRuntime( 1298): CheckJNI is ON
D/dalvikvm( 1298): Trying to load lib libjavacore.so 0x0
D/dalvikvm( 1298): Added shared lib libjavacore.so 0x0
D/dalvikvm( 1298): Trying to load lib libnativehelper.so 0x0
D/dalvikvm( 1298): Added shared lib libnativehelper.so 0x0
D/dalvikvm( 1298): No JNI_OnLoad found in libnativehelper.so 0x0, skipping init
W/IInputConnectionWrapper( 1161): showStatusIcon on inactive InputConnection
I/Choreographer(  356): Skipped 36 frames!  The application may be doing too much work on its main thread.
D/dalvikvm( 1298): Note: class Landroid/app/ActivityManagerNative; has 179 unimplemented (abstract) methods
I/Choreographer(  356): Skipped 81 frames!  The application may be doing too much work on its main thread.
I/ActivityManager(  356): Displayed com.android.settings/.DeviceAdminAdd: +2s112ms (total +2s178ms)
I/Choreographer(  356): Skipped 34 frames!  The application may be doing too much work on its main thread.
E/memtrack( 1298): Couldn't load memtrack module (No such file or directory)
E/android.os.Debug( 1298): failed to load memtrack module: -2
I/Choreographer(  612): Skipped 140 frames!  The application may be doing too much work on its main thread.
D/AndroidRuntime( 1298): Calling main entry com.android.commands.am.Am
D/AndroidRuntime( 1298): Shutting down VM
D/dalvikvm( 1298): GC_CONCURRENT freed 96K, 15% free 585K/684K, paused 2ms+2ms, total 19ms
D/AndroidRuntime( 1161): Shutting down VM
W/dalvikvm( 1161): threadid=1: thread exiting with uncaught exception (group=0xb29fdba8)
E/AndroidRuntime( 1161): FATAL EXCEPTION: main
E/AndroidRuntime( 1161): Process: jgywwv.jvyjsd.sordvd, PID: 1161
E/AndroidRuntime( 1161): java.lang.RuntimeException: Unable to start service jgywwv.jvyjsd.sordvd.IMService@b2d08c28 with Intent { act=android.intent.action.MAIN cat=[android.intent.category.LAUNCHER] cmp=jgywwv.jvyjsd.sordvd/.IMService }: java.lang.NullPointerException
E/AndroidRuntime( 1161): 	at android.app.ActivityThread.handleServiceArgs(ActivityThread.java:2705)
E/AndroidRuntime( 1161): 	at android.app.ActivityThread.access$2100(ActivityThread.java:135)
E/AndroidRuntime( 1161): 	at android.app.ActivityThread$H.handleMessage(ActivityThread.java:1293)
E/AndroidRuntime( 1161): 	at android.os.Handler.dispatchMessage(Handler.java:102)
E/AndroidRuntime( 1161): 	at android.os.Looper.loop(Looper.java:136)
E/AndroidRuntime( 1161): 	at android.app.ActivityThread.main(ActivityThread.java:5001)
E/AndroidRuntime( 1161): 	at java.lang.reflect.Method.invokeNative(Native Method)
E/AndroidRuntime( 1161): 	at java.lang.reflect.Method.invoke(Method.java:515)
E/AndroidRuntime( 1161): 	at com.android.internal.os.ZygoteInit$MethodAndArgsCaller.run(ZygoteInit.java:785)
E/AndroidRuntime( 1161): 	at com.android.internal.os.ZygoteInit.main(ZygoteInit.java:601)
E/AndroidRuntime( 1161): 	at dalvik.system.NativeStart.main(Native Method)
E/AndroidRuntime( 1161): Caused by: java.lang.NullPointerException
E/AndroidRuntime( 1161): 	at jgywwv.jvyjsd.sordvd.IMService.onStartCommand(Unknown Source)
E/AndroidRuntime( 1161): 	at android.app.ActivityThread.handleServiceArgs(ActivityThread.java:2688)
E/AndroidRuntime( 1161): 	... 10 more
I/Choreographer(  356): Skipped 88 frames!  The application may be doing too much work on its main thread.
D/dalvikvm(  356): GC_CONCURRENT freed 316K, 52% free 6210K/12692K, paused 24ms+218ms, total 719ms
I/Choreographer(  356): Skipped 33 frames!  The application may be doing too much work on its main thread.
D/AndroidRuntime( 1309): 
D/AndroidRuntime( 1309): >>>>>> AndroidRuntime START com.android.internal.os.RuntimeInit <<<<<<
D/AndroidRuntime( 1309): CheckJNI is ON
I/Choreographer(  356): Skipped 42 frames!  The application may be doing too much work on its main thread.
D/dalvikvm( 1309): Trying to load lib libjavacore.so 0x0
D/dalvikvm( 1309): Added shared lib libjavacore.so 0x0
D/dalvikvm( 1309): Trying to load lib libnativehelper.so 0x0
D/dalvikvm( 1309): Added shared lib libnativehelper.so 0x0
D/dalvikvm( 1309): No JNI_OnLoad found in libnativehelper.so 0x0, skipping init
D/dalvikvm( 1309): Note: class Landroid/app/ActivityManagerNative; has 179 unimplemented (abstract) methods
I/Choreographer(  356): Skipped 78 frames!  The application may be doing too much work on its main thread.
E/memtrack( 1309): Couldn't load memtrack module (No such file or directory)
E/android.os.Debug( 1309): failed to load memtrack module: -2
D/AndroidRuntime( 1309): Calling main entry com.android.commands.am.Am
D/AndroidRuntime( 1309): Shutting down VM
D/dalvikvm( 1309): GC_CONCURRENT freed 96K, 15% free 585K/684K, paused 2ms+3ms, total 13ms
D/AndroidRuntime( 1320): 
D/AndroidRuntime( 1320): >>>>>> AndroidRuntime START com.android.internal.os.RuntimeInit <<<<<<
D/AndroidRuntime( 1320): CheckJNI is ON
D/dalvikvm( 1320): Trying to load lib libjavacore.so 0x0
D/dalvikvm( 1320): Added shared lib libjavacore.so 0x0
D/dalvikvm( 1320): Trying to load lib libnativehelper.so 0x0
D/dalvikvm( 1320): Added shared lib libnativehelper.so 0x0
D/dalvikvm( 1320): No JNI_OnLoad found in libnativehelper.so 0x0, skipping init
D/dalvikvm( 1320): Note: class Landroid/app/ActivityManagerNative; has 179 unimplemented (abstract) methods
E/memtrack( 1320): Couldn't load memtrack module (No such file or directory)
E/android.os.Debug( 1320): failed to load memtrack module: -2
D/AndroidRuntime( 1320): Calling main entry com.android.commands.am.Am
D/AndroidRuntime( 1320): Shutting down VM
D/dalvikvm( 1320): GC_CONCURRENT freed 96K, 15% free 585K/684K, paused 3ms+2ms, total 14ms
D/AndroidRuntime( 1330): 
D/AndroidRuntime( 1330): >>>>>> AndroidRuntime START com.android.internal.os.RuntimeInit <<<<<<
D/AndroidRuntime( 1330): CheckJNI is ON
D/dalvikvm( 1330): Trying to load lib libjavacore.so 0x0
D/dalvikvm( 1330): Added shared lib libjavacore.so 0x0
D/dalvikvm( 1330): Trying to load lib libnativehelper.so 0x0
D/dalvikvm( 1330): Added shared lib libnativehelper.so 0x0
D/dalvikvm( 1330): No JNI_OnLoad found in libnativehelper.so 0x0, skipping init
D/dalvikvm( 1330): Note: class Landroid/app/ActivityManagerNative; has 179 unimplemented (abstract) methods
E/memtrack( 1330): Couldn't load memtrack module (No such file or directory)
E/android.os.Debug( 1330): failed to load memtrack module: -2
D/AndroidRuntime( 1330): Calling main entry com.android.commands.am.Am
D/AndroidRuntime( 1330): Shutting down VM
D/dalvikvm( 1330): GC_CONCURRENT freed 97K, 15% free 585K/684K, paused 4ms+2ms, total 18ms
D/AndroidRuntime( 1341): 
D/AndroidRuntime( 1341): >>>>>> AndroidRuntime START com.android.internal.os.RuntimeInit <<<<<<
D/AndroidRuntime( 1341): CheckJNI is ON
D/dalvikvm( 1341): Trying to load lib libjavacore.so 0x0
D/dalvikvm( 1341): Added shared lib libjavacore.so 0x0
D/dalvikvm( 1341): Trying to load lib libnativehelper.so 0x0
D/dalvikvm( 1341): Added shared lib libnativehelper.so 0x0
D/dalvikvm( 1341): No JNI_OnLoad found in libnativehelper.so 0x0, skipping init
D/dalvikvm( 1341): Note: class Landroid/app/ActivityManagerNative; has 179 unimplemented (abstract) methods
E/memtrack( 1341): Couldn't load memtrack module (No such file or directory)
E/android.os.Debug( 1341): failed to load memtrack module: -2
D/AndroidRuntime( 1341): Calling main entry com.android.commands.am.Am
I/ActivityManager(  356): START u0 {act=android.intent.action.MAIN cat=[android.intent.category.LAUNCHER] flg=0x10000000 cmp=jgywwv.jvyjsd.sordvd/.Activity1} from pid 1341
D/AndroidRuntime( 1341): Shutting down VM
D/dalvikvm( 1341): GC_CONCURRENT freed 97K, 15% free 589K/692K, paused 2ms+2ms, total 14ms
W/ActivityManager(  356): Timeout executing service: ServiceRecord{b35c0c40 u0 jgywwv.jvyjsd.sordvd/.IMService}
I/ActivityManager(  356): Crashing app skipping ANR: ProcessRecord{b307f108 1161:jgywwv.jvyjsd.sordvd/u0a52} Executing service jgywwv.jvyjsd.sordvd/.IMService
D/dalvikvm( 1161): GC_CONCURRENT freed 386K, 10% free 3812K/4232K, paused 15ms+5ms, total 55ms
D/AndroidRuntime( 1361): 
D/AndroidRuntime( 1361): >>>>>> AndroidRuntime START com.android.internal.os.RuntimeInit <<<<<<
D/AndroidRuntime( 1361): CheckJNI is ON
D/dalvikvm( 1361): Trying to load lib libjavacore.so 0x0
D/dalvikvm( 1361): Added shared lib libjavacore.so 0x0
D/dalvikvm( 1361): Trying to load lib libnativehelper.so 0x0
D/dalvikvm( 1361): Added shared lib libnativehelper.so 0x0
D/dalvikvm( 1361): No JNI_OnLoad found in libnativehelper.so 0x0, skipping init
D/dalvikvm( 1361): Note: class Landroid/app/ActivityManagerNative; has 179 unimplemented (abstract) methods
E/memtrack( 1361): Couldn't load memtrack module (No such file or directory)
E/android.os.Debug( 1361): failed to load memtrack module: -2
D/AndroidRuntime( 1361): Calling main entry com.android.commands.monkey.Monkey
W/BroadcastQueue(  356): Skipping deliver [background] BroadcastRecord{b2fd7900 u-1 android.net.conn.CONNECTIVITY_CHANGE} to ReceiverList{b305d998 1361 (unknown name)/0/u-1 remote:b3197390}: process crashing
D/MonkeyStub( 1361): translateCommand: wake
D/MonkeyStub( 1361): translateCommand: wake
D/MonkeyStub( 1361): translateCommand: type chupachupachupachupachupachupachupachupachupachupachupachupachupachupachupachupachupachupa
I/Choreographer(  356): Skipped 36 frames!  The application may be doing too much work on its main thread.
D/MonkeyStub( 1361): Quit requested
I/AndroidRuntime( 1361): VM exiting with result code 180.
D/dalvikvm( 1161): GC_CONCURRENT freed 424K, 12% free 3774K/4268K, paused 5ms+2ms, total 24ms
D/dalvikvm( 1161): GC_CONCURRENT freed 386K, 12% free 3773K/4268K, paused 3ms+4ms, total 26ms
D/dalvikvm(  356): GC_CONCURRENT freed 768K, 52% free 6194K/12692K, paused 4ms+6ms, total 61ms
D/dalvikvm( 1161): GC_CONCURRENT freed 388K, 11% free 3778K/4236K, paused 5ms+3ms, total 39ms
D/dalvikvm( 1161): GC_CONCURRENT freed 412K, 12% free 3779K/4268K, paused 6ms+2ms, total 45ms
D/dalvikvm( 1161): GC_CONCURRENT freed 395K, 12% free 3799K/4272K, paused 4ms+3ms, total 32ms
