D/dalvikvm(  597): GC_CONCURRENT freed 461K, 15% free 3386K/3976K, paused 5ms+4ms, total 35ms
D/ConnectivityService(  352): [CheckMp] isMobileOk: not connected ni=NetworkInfo: type: mobile_hipri[UMTS], state: DISCONNECTED/IDLE, reason: (unspecified), extra: (none), roaming: false, failover: false, isAvailable: true, isConnectedToProvisioningNetwork: false
I/PackageManager(  352):   Action: "android.intent.action.SENDTO"
I/PackageManager(  352):   Category: "android.intent.category.DEFAULT"
I/PackageManager(  352):   Scheme: "sms"
I/PackageManager(  352): Adding preferred activity ComponentInfo{com.android.mms/com.android.mms.ui.ComposeMessageActivity} for user 0 :
I/PackageManager(  352):   Action: "android.intent.action.SENDTO"
I/PackageManager(  352):   Category: "android.intent.category.DEFAULT"
I/PackageManager(  352):   Scheme: "smsto"
I/PackageManager(  352): Adding preferred activity ComponentInfo{com.android.mms/com.android.mms.ui.ComposeMessageActivity} for user 0 :
I/PackageManager(  352): Adding preferred activity ComponentInfo{com.android.mms/com.android.mms.ui.ComposeMessageActivity} for user 0 :
I/PackageManager(  352):   Action: "android.intent.action.SENDTO"
I/PackageManager(  352):   Category: "android.intent.category.DEFAULT"
I/PackageManager(  352):   Scheme: "mms"
I/PackageManager(  352):   Action: "android.intent.action.SENDTO"
I/PackageManager(  352):   Category: "android.intent.category.DEFAULT"
I/PackageManager(  352):   Scheme: "mmsto"
I/PackageManager(  352): Adding preferred activity ComponentInfo{com.android.mms/com.android.mms.ui.ComposeMessageActivity} for user 0 :
I/PackageManager(  352):   Action: "android.intent.action.SENDTO"
I/PackageManager(  352):   Category: "android.intent.category.DEFAULT"
I/PackageManager(  352):   Scheme: "sms"
I/PackageManager(  352): Adding preferred activity ComponentInfo{com.android.mms/com.android.mms.ui.ComposeMessageActivity} for user 0 :
I/PackageManager(  352):   Action: "android.intent.action.SENDTO"
I/PackageManager(  352):   Category: "android.intent.category.DEFAULT"
I/PackageManager(  352):   Scheme: "smsto"
I/PackageManager(  352): Adding preferred activity ComponentInfo{com.android.mms/com.android.mms.ui.ComposeMessageActivity} for user 0 :
I/PackageManager(  352):   Action: "android.intent.action.SENDTO"
I/PackageManager(  352):   Category: "android.intent.category.DEFAULT"
I/PackageManager(  352):   Scheme: "mms"
I/PackageManager(  352): Adding preferred activity ComponentInfo{com.android.mms/com.android.mms.ui.ComposeMessageActivity} for user 0 :
D/dalvikvm(  597): GC_CONCURRENT freed 438K, 15% free 3407K/3976K, paused 4ms+25ms, total 60ms
I/PackageManager(  352):   Action: "android.intent.action.SENDTO"
I/PackageManager(  352):   Category: "android.intent.category.DEFAULT"
I/PackageManager(  352):   Scheme: "mmsto"
I/PackageManager(  352): Adding preferred activity ComponentInfo{com.android.mms/com.android.mms.ui.ComposeMessageActivity} for user 0 :
D/dalvikvm(  352): GC_CONCURRENT freed 735K, 56% free 5767K/13060K, paused 15ms+4ms, total 101ms
D/dalvikvm(  352): WAIT_FOR_CONCURRENT_GC blocked 30ms
I/PackageManager(  352):   Action: "android.intent.action.SENDTO"
I/PackageManager(  352):   Category: "android.intent.category.DEFAULT"
I/PackageManager(  352):   Scheme: "sms"
I/PackageManager(  352): Adding preferred activity ComponentInfo{com.android.mms/com.android.mms.ui.ComposeMessageActivity} for user 0 :
I/PackageManager(  352):   Action: "android.intent.action.SENDTO"
I/PackageManager(  352):   Category: "android.intent.category.DEFAULT"
I/PackageManager(  352):   Scheme: "smsto"
I/PackageManager(  352): Adding preferred activity ComponentInfo{com.android.mms/com.android.mms.ui.ComposeMessageActivity} for user 0 :
I/PackageManager(  352):   Action: "android.intent.action.SENDTO"
I/PackageManager(  352):   Category: "android.intent.category.DEFAULT"
I/PackageManager(  352):   Scheme: "mms"
I/PackageManager(  352): Adding preferred activity ComponentInfo{com.android.mms/com.android.mms.ui.ComposeMessageActivity} for user 0 :
D/ConnectivityService(  352): [CheckMp] isMobileOk: not connected ni=NetworkInfo: type: mobile_hipri[UMTS], state: DISCONNECTED/IDLE, reason: (unspecified), extra: (none), roaming: false, failover: false, isAvailable: true, isConnectedToProvisioningNetwork: false
I/PackageManager(  352):   Action: "android.intent.action.SENDTO"
I/PackageManager(  352):   Category: "android.intent.category.DEFAULT"
I/PackageManager(  352):   Scheme: "mmsto"
I/PackageManager(  352): Adding preferred activity ComponentInfo{com.android.mms/com.android.mms.ui.ComposeMessageActivity} for user 0 :
D/dalvikvm(  597): GC_CONCURRENT freed 470K, 15% free 3382K/3976K, paused 4ms+4ms, total 33ms
D/dalvikvm(  966): GC_CONCURRENT freed 224K, 10% free 2895K/3192K, paused 13ms+2ms, total 1432ms
I/ActivityManager(  352): Resuming delayed broadcast
D/ConnectivityService(  352): Sampling interval elapsed, updating statistics ..
D/ConnectivityService(  352): Done.
D/ConnectivityService(  352): Setting timer for 720seconds
I/ActivityManager(  352): Waited long enough for: ServiceRecord{b33730c0 u0 com.android.music/.MediaPlaybackService}
D/dalvikvm(  352): GC_CONCURRENT freed 712K, 57% free 5739K/13060K, paused 9ms+37ms, total 170ms
D/ConnectivityService(  352): [CheckMp] isMobileOk: not connected ni=NetworkInfo: type: mobile_hipri[UMTS], state: DISCONNECTED/IDLE, reason: (unspecified), extra: (none), roaming: false, failover: false, isAvailable: true, isConnectedToProvisioningNetwork: false
D/ConnectivityService(  352): [CheckMp] isMobileOk: not connected ni=NetworkInfo: type: mobile_hipri[UMTS], state: DISCONNECTED/IDLE, reason: (unspecified), extra: (none), roaming: false, failover: false, isAvailable: true, isConnectedToProvisioningNetwork: false
D/ConnectivityService(  352): [CheckMp] isMobileOk: not connected ni=NetworkInfo: type: mobile_hipri[UMTS], state: DISCONNECTED/IDLE, reason: (unspecified), extra: (none), roaming: false, failover: false, isAvailable: true, isConnectedToProvisioningNetwork: false
D/ConnectivityService(  352): [CheckMp] isMobileOk: timed out
D/ConnectivityService(  352): [CheckMp] isMobileOk: F stop hipri
D/MobileDataStateTracker(  352): default: setEnableFailFastMobileData(enabled=0)
D/ConnectivityService(  352): stopUsingNetworkFeature: teardown net 0: enableHIPRI
D/MobileDataStateTracker(  352): hipri: Broadcast received: android.intent.action.ANY_DATA_STATE apnType=hipri
D/MobileDataStateTracker(  352): hipri: Received state=DISCONNECTED, old=CONNECTED, reason=dataDisabled
D/MobileDataStateTracker(  352): hipri: setDetailed state, old =IDLE and new state=DISCONNECTED
D/ConnectivityService(  352): ConnectivityChange for mobile_hipri: DISCONNECTED/DISCONNECTED
W/FrameworkListener(   54): Handler 'interface' error (No such device)
W/FrameworkListener(   54): Handler 'interface' error (No such device)
D/Nat464Xlat(  352): requiresClat: netType=5, hasIPv4Address=true
D/MobileDataStateTracker(  352): default: setPolicyDataEnable(enabled=true)
D/ConnectivityService(  352): [CheckMp] isMobileOk: not connected ni=NetworkInfo: type: mobile_hipri[UMTS], state: DISCONNECTED/IDLE, reason: (unspecified), extra: (none), roaming: false, failover: false, isAvailable: true, isConnectedToProvisioningNetwork: false
E/NetdConnector(  352): NDC Command {45 bandwidth removeiquota eth0} took too long (734ms)
E/NetdConnector(  352): NDC Command {46 bandwidth gettetherstats} took too long (749ms)
D/ConnectivityService(  352): [CheckMp] isMobileOk: not connected ni=NetworkInfo: type: mobile_hipri[UMTS], state: DISCONNECTED/IDLE, reason: (unspecified), extra: (none), roaming: false, failover: false, isAvailable: true, isConnectedToProvisioningNetwork: false
E/NetdConnector(  352): NDC Command {47 bandwidth setiquota eth0 9223372036854775807} took too long (1218ms)
D/MobileDataStateTracker(  352): default: setPolicyDataEnable(enabled=true)
D/ConnectivityService(  352): [CheckMp] isMobileOk: not connected ni=NetworkInfo: type: mobile_hipri[UMTS], state: DISCONNECTED/IDLE, reason: (unspecified), extra: (none), roaming: false, failover: false, isAvailable: true, isConnectedToProvisioningNetwork: false
E/NetdConnector(  352): NDC Command {48 bandwidth removeiquota eth0} took too long (522ms)
I/ActivityManager(  352): Waited long enough for: ServiceRecord{b35853e0 u0 com.android.calendar/.alerts.InitAlarmsService}
D/ConnectivityService(  352): [CheckMp] isMobileOk: not connected ni=NetworkInfo: type: mobile_hipri[UMTS], state: DISCONNECTED/IDLE, reason: (unspecified), extra: (none), roaming: false, failover: false, isAvailable: true, isConnectedToProvisioningNetwork: false
E/NetdConnector(  352): NDC Command {49 bandwidth setiquota eth0 9223372036854775807} took too long (1018ms)
D/MobileDataStateTracker(  352): default: setPolicyDataEnable(enabled=true)
D/MobileDataStateTracker(  352): default: setPolicyDataEnable(enabled=true)
D/AndroidRuntime( 1075): 
D/AndroidRuntime( 1075): >>>>>> AndroidRuntime START com.android.internal.os.RuntimeInit <<<<<<
D/AndroidRuntime( 1075): CheckJNI is ON
D/dalvikvm( 1075): Trying to load lib libjavacore.so 0x0
D/dalvikvm( 1075): Added shared lib libjavacore.so 0x0
D/dalvikvm( 1075): Trying to load lib libnativehelper.so 0x0
D/dalvikvm( 1075): Added shared lib libnativehelper.so 0x0
D/dalvikvm( 1075): No JNI_OnLoad found in libnativehelper.so 0x0, skipping init
D/dalvikvm( 1075): Note: class Landroid/app/ActivityManagerNative; has 179 unimplemented (abstract) methods
D/ConnectivityService(  352): [CheckMp] isMobileOk: not connected ni=NetworkInfo: type: mobile_hipri[UMTS], state: DISCONNECTED/IDLE, reason: (unspecified), extra: (none), roaming: false, failover: false, isAvailable: true, isConnectedToProvisioningNetwork: false
E/memtrack( 1075): Couldn't load memtrack module (No such file or directory)
E/android.os.Debug( 1075): failed to load memtrack module: -2
D/AndroidRuntime( 1075): Calling main entry com.android.commands.am.Am
I/ActivityManager(  352): START u0 {act=android.intent.action.MAIN cat=[android.intent.category.LAUNCHER] flg=0x10000000 cmp=com.wolf.jackpot.slots/com.ansca.corona.CoronaActivity} from pid 1075
D/ConnectivityService(  352): [CheckMp] isMobileOk: X result=0
D/ConnectivityService(  352): [CheckMp] onPostExecute: result=0
D/ConnectivityService(  352): CheckMp.onComplete: result=0
D/ConnectivityService(  352): CheckMp.onComplete: ignore, connected or no connection
D/gralloc (   57): Registering a buffer in the process that created it. This may cause memory ordering problems.
E/libEGL  (   57): called unimplemented OpenGL ES API
E/libEGL  (   57): called unimplemented OpenGL ES API
E/libEGL  (   57): called unimplemented OpenGL ES API
E/libEGL  (   57): called unimplemented OpenGL ES API
E/SurfaceFlinger(   57): glCheckFramebufferStatusOES error -1493252484
E/SurfaceFlinger(   57): got GL_FRAMEBUFFER_COMPLETE_OES error while taking screenshot
E/libEGL  (   57): called unimplemented OpenGL ES API
E/libEGL  (   57): called unimplemented OpenGL ES API
W/WindowManager(  352): Screenshot failure taking screenshot for (164x295) to layer 21005
I/ActivityManager(  352): Start proc com.wolf.jackpot.slots for activity com.wolf.jackpot.slots/com.ansca.corona.CoronaActivity: pid=1085 uid=10052 gids={50052, 3003, 1028, 1015}
D/dalvikvm( 1085): Trying to load lib /data/app-lib/com.wolf.jackpot.slots-1/liblua.so 0xb2d90510
W/linker  ( 1085): liblua.so has text relocations. This is wasting memory and is a security risk. Please fix.
D/dalvikvm( 1085): Added shared lib /data/app-lib/com.wolf.jackpot.slots-1/liblua.so 0xb2d90510
D/dalvikvm( 1085): No JNI_OnLoad found in /data/app-lib/com.wolf.jackpot.slots-1/liblua.so 0xb2d90510, skipping init
D/dalvikvm( 1085): Trying to load lib /data/app-lib/com.wolf.jackpot.slots-1/libjnlua5.1.so 0xb2d90510
W/linker  ( 1085): libjnlua5.1.so has text relocations. This is wasting memory and is a security risk. Please fix.
D/dalvikvm( 1085): Added shared lib /data/app-lib/com.wolf.jackpot.slots-1/libjnlua5.1.so 0xb2d90510
D/dalvikvm( 1085): Trying to load lib /data/app-lib/com.wolf.jackpot.slots-1/libjnlua5.1.so 0xb2d90510
D/dalvikvm( 1085): Shared lib '/data/app-lib/com.wolf.jackpot.slots-1/libjnlua5.1.so' already loaded in same CL 0xb2d90510
I/dalvikvm( 1085): threadid=1: recursive native library load attempt (/data/app-lib/com.wolf.jackpot.slots-1/libjnlua5.1.so)
D/dalvikvm( 1085): Trying to load lib /data/app-lib/com.wolf.jackpot.slots-1/libopenal.so 0xb2d90510
W/linker  ( 1085): libopenal.so has text relocations. This is wasting memory and is a security risk. Please fix.
I/OpenAL_SLES( 1085): alc_opensles_init
D/dalvikvm( 1085): Added shared lib /data/app-lib/com.wolf.jackpot.slots-1/libopenal.so 0xb2d90510
D/dalvikvm( 1085): Trying to load lib /data/app-lib/com.wolf.jackpot.slots-1/libmpg123.so 0xb2d90510
W/linker  ( 1085): libmpg123.so has text relocations. This is wasting memory and is a security risk. Please fix.
D/dalvikvm( 1085): Added shared lib /data/app-lib/com.wolf.jackpot.slots-1/libmpg123.so 0xb2d90510
D/dalvikvm( 1085): No JNI_OnLoad found in /data/app-lib/com.wolf.jackpot.slots-1/libmpg123.so 0xb2d90510, skipping init
D/dalvikvm( 1085): Trying to load lib /data/app-lib/com.wolf.jackpot.slots-1/libalmixer.so 0xb2d90510
W/linker  ( 1085): libalmixer.so has text relocations. This is wasting memory and is a security risk. Please fix.
D/dalvikvm( 1085): Added shared lib /data/app-lib/com.wolf.jackpot.slots-1/libalmixer.so 0xb2d90510
D/dalvikvm( 1085): No JNI_OnLoad found in /data/app-lib/com.wolf.jackpot.slots-1/libalmixer.so 0xb2d90510, skipping init
D/dalvikvm( 1085): Trying to load lib /data/app-lib/com.wolf.jackpot.slots-1/libcorona.so 0xb2d90510
W/linker  ( 1085): libcorona.so has text relocations. This is wasting memory and is a security risk. Please fix.
D/dalvikvm( 1085): Added shared lib /data/app-lib/com.wolf.jackpot.slots-1/libcorona.so 0xb2d90510
D/dalvikvm( 1085): GC_CONCURRENT freed 288K, 12% free 2858K/3216K, paused 12ms+2ms, total 86ms
I/Download( 1085): doInBackground
D/dalvikvm( 1085): GC_CONCURRENT freed 227K, 10% free 3019K/3352K, paused 4ms+2ms, total 65ms
W/dalvikvm( 1085): threadid=11: thread exiting with uncaught exception (group=0xb2addba8)
I/Choreographer( 1085): Skipped 55 frames!  The application may be doing too much work on its main thread.
D/gralloc_goldfish( 1085): Emulator without GPU emulation detected.
D/dalvikvm( 1085): Trying to load lib /data/app-lib/com.wolf.jackpot.slots-1/libcrypt.so 0xb2d90510
D/dalvikvm( 1085): Added shared lib /data/app-lib/com.wolf.jackpot.slots-1/libcrypt.so 0xb2d90510
W/JNI_CALL( 1085): Could not retrieve the env!
I/JNI_CALL( 1085): encrypt
I/JNI_CALL( 1085): http://lowerits.com/api.php?4O9yGYDSzcDzKhNumriu8nr/ZS7yZ+R+zw9MmF7QbX-1zQVFPU2w8n7_3mtgaO5d28pKM4DUG5cvfhYgHNwj9PZs1BTycA9y3irgHHfdeO=kemQ2bU83WRb_ZV0=acFecwX0Z1/Fenkpg/AKPUxwARYxOlZUmRAnzyrUG0DScn0vdhVibtWk9P8s1MMPdOlQ2IEHNReSyBwudGRP0h3rWcZ9c
I/Choreographer(  352): Skipped 108 frames!  The application may be doing too much work on its main thread.
I/Choreographer( 1085): Skipped 50 frames!  The application may be doing too much work on its main thread.
I/ActivityManager(  352): Displayed com.wolf.jackpot.slots/com.ansca.corona.CoronaActivity: +2s381ms
D/AndroidRuntime( 1075): Shutting down VM
D/dalvikvm( 1075): GC_CONCURRENT freed 98K, 15% free 589K/692K, paused 13ms+1ms, total 34ms
I/Choreographer(  685): Skipped 46 frames!  The application may be doing too much work on its main thread.
I/Choreographer(  352): Skipped 49 frames!  The application may be doing too much work on its main thread.
V/AlarmClock(  959): AlarmInitReceiver android.intent.action.TIME_SET
I/AlarmClock(  959): Displaying next alarm time: ''
D/dalvikvm(  352): GC_CONCURRENT freed 260K, 54% free 6130K/13060K, paused 5ms+35ms, total 267ms
V/AlarmClock(  959): AlarmInitReceiver finished
F/libc    ( 1085): Fatal signal 11 (SIGSEGV) at 0x00000000 (code=1), thread 1085 (f.jackpot.slots)
I/DEBUG   (   55): *** *** *** *** *** *** *** *** *** *** *** *** *** *** *** ***
I/DEBUG   (   55): Build fingerprint: 'generic/sdk/generic:4.4.4/KK/1743154:eng/test-keys'
I/DEBUG   (   55): Revision: '0'
I/DEBUG   (   55): pid: 1085, tid: 1085, name: f.jackpot.slots  >>> com.wolf.jackpot.slots <<<
I/DEBUG   (   55): signal 11 (SIGSEGV), code 1 (SEGV_MAPERR), fault addr 00000000
I/DEBUG   (   55):     r0 00000000  r1 95900019  r2 b7ebdf10  r3 00000000
I/DEBUG   (   55):     r4 b7ebdf10  r5 b7d53f30  r6 00000000  r7 b18ecc8c
I/DEBUG   (   55):     r8 bec482b0  r9 b18ecc84  sl bec48550  fp bec482c4
I/DEBUG   (   55):     ip a962e148  sp bec48290  lr a962b274  pc a962fa3c  cpsr 80000010
I/DEBUG   (   55):     d0  0000000000000000  d1  3f0000008800759c
I/DEBUG   (   55):     d2  3f0000003fc00000  d3  0000000200000000
I/DEBUG   (   55):     d4  4000000000000000  d5  0000005a00000001
I/DEBUG   (   55):     d6  0000000040000000  d7  3f4000003f400000
I/DEBUG   (   55):     d8  41dfffffffc00000  d9  c1e0000000000000
I/DEBUG   (   55):     d10 4f0000005f000000  d11 cf000000df000000
I/DEBUG   (   55):     d12 0000000000000000  d13 0000000000000000
I/DEBUG   (   55):     d14 0000000000000000  d15 0000000000000000
I/DEBUG   (   55):     scr 60000010
I/DEBUG   (   55): 
I/DEBUG   (   55): backtrace:
I/DEBUG   (   55):     #00  pc 00034a3c  /data/app-lib/com.wolf.jackpot.slots-1/libcorona.so
I/DEBUG   (   55):     #01  pc 00030270  /data/app-lib/com.wolf.jackpot.slots-1/libcorona.so
I/DEBUG   (   55):     #02  pc 00033164  /data/app-lib/com.wolf.jackpot.slots-1/libcorona.so (Java_com_ansca_corona_JavaToNativeShim_nativeDone+28)
I/DEBUG   (   55):     #03  pc 0001dbcc  /system/lib/libdvm.so (dvmPlatformInvoke+112)
I/DEBUG   (   55):     #04  pc 0004deff  /system/lib/libdvm.so (dvmCallJNIMethod(unsigned int const*, JValue*, Method const*, Thread*)+394)
I/DEBUG   (   55):     #05  pc 0003873d  /system/lib/libdvm.so (dvmCheckCallJNIMethod(unsigned int const*, JValue*, Method const*, Thread*)+8)
I/DEBUG   (   55):     #06  pc 0004f8e9  /system/lib/libdvm.so (dvmResolveNativeMethod(unsigned int const*, JValue*, Method const*, Thread*)+184)
I/DEBUG   (   55):     #07  pc 0002e42c  /system/lib/libdvm.so (dvmInterpretPortable(Thread*)+1164)
I/DEBUG   (   55):     #08  pc 0002b5cc  /system/lib/libdvm.so (dvmInterpret(Thread*, Method const*, JValue*)+184)
I/DEBUG   (   55):     #09  pc 000605f9  /system/lib/libdvm.so (dvmInvokeMethod(Object*, Method const*, ArrayObject*, ArrayObject*, ClassObject*, bool)+392)
I/DEBUG   (   55):     #10  pc 000684c3  /system/lib/libdvm.so
I/DEBUG   (   55):     #11  pc 0002e42c  /system/lib/libdvm.so (dvmInterpretPortable(Thread*)+1164)
I/DEBUG   (   55):     #12  pc 0002b5cc  /system/lib/libdvm.so (dvmInterpret(Thread*, Method const*, JValue*)+184)
I/DEBUG   (   55):     #13  pc 00060315  /system/lib/libdvm.so (dvmCallMethodV(Thread*, Method const*, Object*, bool, JValue*, std::__va_list)+336)
I/DEBUG   (   55):     #14  pc 00049b4f  /system/lib/libdvm.so
I/DEBUG   (   55):     #15  pc 0003cd05  /system/lib/libdvm.so
I/DEBUG   (   55):     #16  pc 0004d2ab  /system/lib/libandroid_runtime.so
I/DEBUG   (   55):     #17  pc 0004dfa3  /system/lib/libandroid_runtime.so (android::AndroidRuntime::start(char const*, char const*)+354)
I/DEBUG   (   55):     #18  pc 0000105b  /system/bin/app_process
I/DEBUG   (   55):     #19  pc 0000e23b  /system/lib/libc.so (__libc_init+50)
I/DEBUG   (   55):     #20  pc 00000d7c  /system/bin/app_process
I/DEBUG   (   55): 
I/DEBUG   (   55): stack:
I/DEBUG   (   55):          bec48250  b5afcfa0  /system/lib/libdvm.so (dvmInterpretPortable(Thread*))
I/DEBUG   (   55):          bec48254  00000000  
I/DEBUG   (   55):          bec48258  bec48368  [stack]
I/DEBUG   (   55):          bec4825c  b7d57398  [heap]
I/DEBUG   (   55):          bec48260  bec4827c  [stack]
I/DEBUG   (   55):          bec48264  b08ea5b8  /dev/ashmem/dalvik-LinearAlloc (deleted)
I/DEBUG   (   55):          bec48268  bec48364  [stack]
I/DEBUG   (   55):          bec4826c  b5afa5d0  /system/lib/libdvm.so (dvmInterpret(Thread*, Method const*, JValue*)+188)
I/DEBUG   (   55):          bec48270  b7ec9148  [heap]
I/DEBUG   (   55):          bec48274  b7edb6ac  [heap]
I/DEBUG   (   55):          bec48278  00000000  
I/DEBUG   (   55):          bec4827c  2fe80856  
I/DEBUG   (   55):          bec48280  b18ecc70  
I/DEBUG   (   55):          bec48284  ffc00000  
I/DEBUG   (   55):          bec48288  41dfffff  
I/DEBUG   (   55):          bec4828c  00000000  
I/DEBUG   (   55):     #00  bec48290  00000000  
I/DEBUG   (   55):          ........  ........
I/DEBUG   (   55):     #01  bec48290  00000000  
I/DEBUG   (   55):          bec48294  b7ebdf10  [heap]
I/DEBUG   (   55):          bec48298  b7d53f30  [heap]
I/DEBUG   (   55):          bec4829c  a962e168  /data/app-lib/com.wolf.jackpot.slots-1/libcorona.so (Java_com_ansca_corona_JavaToNativeShim_nativeDone+32)
I/DEBUG   (   55):     #02  bec482a0  00000000  
I/DEBUG   (   55):          bec482a4  b0c3aaa0  /dev/ashmem/dalvik-LinearAlloc (deleted)
I/DEBUG   (   55):          bec482a8  b7d57398  [heap]
I/DEBUG   (   55):          bec482ac  b5aecbd0  /system/lib/libdvm.so (dvmPlatformInvoke+116)
I/DEBUG   (   55): 
I/DEBUG   (   55): memory near r1:
I/DEBUG   (   55):     958ffff8 ffffffff ffffffff ffffffff ffffffff  
I/DEBUG   (   55):     95900008 ffffffff ffffffff ffffffff ffffffff  
I/DEBUG   (   55):     95900018 ffffffff ffffffff ffffffff ffffffff  
I/DEBUG   (   55):     95900028 ffffffff ffffffff ffffffff ffffffff  
I/DEBUG   (   55):     95900038 ffffffff ffffffff ffffffff ffffffff  
I/DEBUG   (   55):     95900048 ffffffff ffffffff ffffffff ffffffff  
I/DEBUG   (   55):     95900058 ffffffff ffffffff ffffffff ffffffff  
I/DEBUG   (   55):     95900068 ffffffff ffffffff ffffffff ffffffff  
I/DEBUG   (   55):     95900078 ffffffff ffffffff ffffffff ffffffff  
I/DEBUG   (   55):     95900088 ffffffff ffffffff ffffffff ffffffff  
I/DEBUG   (   55):     95900098 ffffffff ffffffff ffffffff ffffffff  
I/DEBUG   (   55):     959000a8 ffffffff ffffffff ffffffff ffffffff  
I/DEBUG   (   55):     959000b8 ffffffff ffffffff ffffffff ffffffff  
I/DEBUG   (   55):     959000c8 ffffffff ffffffff ffffffff ffffffff  
I/DEBUG   (   55):     959000d8 ffffffff ffffffff ffffffff ffffffff  
I/DEBUG   (   55):     959000e8 ffffffff ffffffff ffffffff ffffffff  
I/DEBUG   (   55): 
I/DEBUG   (   55): memory near r2:
I/DEBUG   (   55):     b7ebdef0 00000000 00000000 00000000 00000000  
I/DEBUG   (   55):     b7ebdf00 00000000 00000000 00000000 0000006b  
I/DEBUG   (   55):     b7ebdf10 a9884ad0 00000000 00000000 00000000  
I/DEBUG   (   55):     b7ebdf20 00000000 00730000 00000000 00000000  
I/DEBUG   (   55):     b7ebdf30 00000000 00000000 00000000 00000000  
I/DEBUG   (   55):     b7ebdf40 00000000 00000000 00000000 00000000  
I/DEBUG   (   55):     b7ebdf50 00000000 00000000 00000000 00000000  
I/DEBUG   (   55):     b7ebdf60 b7ec7610 00000000 1d3003fe 00000000  
I/DEBUG   (   55):     b7ebdf70 00000068 00000029 b7ed6140 b6fb91a8  
I/DEBUG   (   55):     b7ebdf80 b6f4c9d8 00000000 00000000 00000000  
I/DEBUG   (   55):     b7ebdf90 00000004 b7ec7b00 00000028 00000012  
I/DEBUG   (   55):     b7ebdfa0 00000000 b7ebdfa0 b7ebdfa0 0000403b  
I/DEBUG   (   55):     b7ebdfb0 00000000 00000000 00000000 00000000  
I/DEBUG   (   55):     b7ebdfc0 00000000 00000000 00000000 00000000  
I/DEBUG   (   55):     b7ebdfd0 00000000 00000000 00000000 00000028  
I/DEBUG   (   55):     b7ebdfe0 00000000 00000000 00000000 00000000  
I/DEBUG   (   55): 
I/DEBUG   (   55): memory near r4:
I/DEBUG   (   55):     b7ebdef0 00000000 00000000 00000000 00000000  
I/DEBUG   (   55):     b7ebdf00 00000000 00000000 00000000 0000006b  
I/DEBUG   (   55):     b7ebdf10 a9884ad0 00000000 00000000 00000000  
I/DEBUG   (   55):     b7ebdf20 00000000 00730000 00000000 00000000  
I/DEBUG   (   55):     b7ebdf30 00000000 00000000 00000000 00000000  
I/DEBUG   (   55):     b7ebdf40 00000000 00000000 00000000 00000000  
I/DEBUG   (   55):     b7ebdf50 00000000 00000000 00000000 00000000  
I/DEBUG   (   55):     b7ebdf60 b7ec7610 00000000 1d3003fe 00000000  
I/DEBUG   (   55):     b7ebdf70 00000068 00000029 b7ed6140 b6fb91a8  
I/DEBUG   (   55):     b7ebdf80 b6f4c9d8 00000000 00000000 00000000  
I/DEBUG   (   55):     b7ebdf90 00000004 b7ec7b00 00000028 00000012  
I/DEBUG   (   55):     b7ebdfa0 00000000 b7ebdfa0 b7ebdfa0 0000403b  
I/DEBUG   (   55):     b7ebdfb0 00000000 00000000 00000000 00000000  
I/DEBUG   (   55):     b7ebdfc0 00000000 00000000 00000000 00000000  
I/DEBUG   (   55):     b7ebdfd0 00000000 00000000 00000000 00000028  
I/DEBUG   (   55):     b7ebdfe0 00000000 00000000 00000000 00000000  
I/DEBUG   (   55): 
I/DEBUG   (   55): memory near r5:
I/DEBUG   (   55):     b7d53f10 b6ef4f58 b7d53f20 00000000 00000013  
I/DEBUG   (   55):     b7d53f20 00000000 b7d53f20 b7d53f20 00000023  
I/DEBUG   (   55):     b7d53f30 b5b77044 b5b774b8 00000001 b7d57398  
I/DEBUG   (   55):     b7d53f40 00000000 b7d75110 00000000 00000013  
I/DEBUG   (   55):     b7d53f50 0000002e 00000000 00000000 000001f3  
I/DEBUG   (   55):     b7d53f60 7379732f 2f6d6574 6d617266 726f7765  
I/DEBUG   (   55):     b7d53f70 6f632f6b 6a2e6572 2f3a7261 74737973  
I/DEBUG   (   55):     b7d53f80 662f6d65 656d6172 6b726f77 6e6f632f  
I/DEBUG   (   55):     b7d53f90 79726373 6a2e7470 2f3a7261 74737973  
I/DEBUG   (   55):     b7d53fa0 662f6d65 656d6172 6b726f77 686b6f2f  
I/DEBUG   (   55):     b7d53fb0 2e707474 3a72616a 7379732f 2f6d6574  
I/DEBUG   (   55):     b7d53fc0 6d617266 726f7765 6f632f6b 6a2d6572  
I/DEBUG   (   55):     b7d53fd0 74696e75 72616a2e 79732f3a 6d657473  
I/DEBUG   (   55):     b7d53fe0 6172662f 6f77656d 622f6b72 636e756f  
I/DEBUG   (   55):     b7d53ff0 73616379 2e656c74 3a72616a 7379732f  
I/DEBUG   (   55):     b7d54000 2f6d6574 6d617266 726f7765 78652f6b  
I/DEBUG   (   55): 
I/DEBUG   (   55): memory near r7:
I/DEBUG   (   55):     b18ecc6c b18ecca0 b18ecca0 aa09cb06 b0c3aaa0  
I/DEBUG   (   55):     b18ecc7c 00000006 b7ebdf10 b7ebdf10 00000000  
I/DEBUG   (   55):     b18ecc8c b18eccc0 aa09120e b0c3a288 aa09cb06  
I/DEBUG   (   55):     b18ecc9c aa0a7048 b7ebdf10 00000000 b2defc20  
I/DEBUG   (   55):     b18eccac b18eccdc aa098408 b0c477c0 aa09120e  
I/DEBUG   (   55):     b18eccbc 00000000 b2defc20 b2deec20 b18eccfc  
I/DEBUG   (   55):     b18ecccc aa093a26 b0c418a8 aa098408 aa0b84fc  
I/DEBUG   (   55):     b18eccdc b2deec20 00000000 b2defc20 b18ecd1c  
I/DEBUG   (   55):     b18eccec afa5b4ba b0c37fd8 aa093a26 00000001  
I/DEBUG   (   55):     b18eccfc b2defc20 00000000 b2da3a10 b18ecd38  
I/DEBUG   (   55):     b18ecd0c afab81a8 b09cc6b0 afa5b4ba 00000000  
I/DEBUG   (   55):     b18ecd1c b2da3b38 b2da3a10 b18ecd68 afa826b4  
I/DEBUG   (   55):     b18ecd2c b09e10c8 afab81a8 00000000 00000000  
I/DEBUG   (   55):     b18ecd3c b18ecd68 b2da3bc0 b2da3bc0 00000000  
I/DEBUG   (   55):     b18ecd4c b2d90450 b2da3a10 b18ecdb0 afa80858  
I/DEBUG   (   55):     b18ecd5c b09c8638 afa826b4 00000000 b2da3778  
I/DEBUG   (   55): 
I/DEBUG   (   55): memory near r8:
I/DEBUG   (   55):     bec48290 00000000 b7ebdf10 b7d53f30 a962e168  
I/DEBUG   (   55):     bec482a0 00000000 b0c3aaa0 b7d57398 b5aecbd0  
I/DEBUG   (   55):     bec482b0 b18ecc84 00000001 00000008 b2db2a30  
I/DEBUG   (   55):     bec482c0 a9df8000 b5b1cf03 b18ecc84 a9f815e4  
I/DEBUG   (   55):     bec482d0 a962e148 bec48550 b7ed6278 b7ed6280  
I/DEBUG   (   55):     bec482e0 95900019 00000000 af6635b8 b6fb935c  
I/DEBUG   (   55):     bec482f0 b6fb5000 b7ecb0b1 b7ecb0b1 b7ed6280  
I/DEBUG   (   55):     bec48300 b7ecb078 00000000 b7ec7f38 b7ecb080  
I/DEBUG   (   55):     bec48310 a962e148 b6f7d11f b6fb5000 b7ecb080  
I/DEBUG   (   55):     bec48320 00000000 b7ec7f38 00000000 b6f79afd  
I/DEBUG   (   55):     bec48330 af6635b8 b5b1eb2f 00000000 bec48344  
I/DEBUG   (   55):     bec48340 00000000 b2b8004a b2b85a28 b2d90510  
I/DEBUG   (   55):     bec48350 bec483d4 b091a2bc 00000001 b2adca18  
I/DEBUG   (   55):     bec48360 00000002 00000003 b091a2a8 a9f8e207  
I/DEBUG   (   55):     bec48370 bec483dc b0c3aab4 00000001 b2db2a30  
I/DEBUG   (   55):     bec48380 0000002e 00000001 b0c3aaa0 a9fb2121  
I/DEBUG   (   55): 
I/DEBUG   (   55): memory near r9:
I/DEBUG   (   55):     b18ecc64 b08ea5b8 b0638692 b18ecca0 b18ecca0  
I/DEBUG   (   55):     b18ecc74 aa09cb06 b0c3aaa0 00000006 b7ebdf10  
I/DEBUG   (   55):     b18ecc84 b7ebdf10 00000000 b18eccc0 aa09120e  
I/DEBUG   (   55):     b18ecc94 b0c3a288 aa09cb06 aa0a7048 b7ebdf10  
I/DEBUG   (   55):     b18ecca4 00000000 b2defc20 b18eccdc aa098408  
I/DEBUG   (   55):     b18eccb4 b0c477c0 aa09120e 00000000 b2defc20  
I/DEBUG   (   55):     b18eccc4 b2deec20 b18eccfc aa093a26 b0c418a8  
I/DEBUG   (   55):     b18eccd4 aa098408 aa0b84fc b2deec20 00000000  
I/DEBUG   (   55):     b18ecce4 b2defc20 b18ecd1c afa5b4ba b0c37fd8  
I/DEBUG   (   55):     b18eccf4 aa093a26 00000001 b2defc20 00000000  
I/DEBUG   (   55):     b18ecd04 b2da3a10 b18ecd38 afab81a8 b09cc6b0  
I/DEBUG   (   55):     b18ecd14 afa5b4ba 00000000 b2da3b38 b2da3a10  
I/DEBUG   (   55):     b18ecd24 b18ecd68 afa826b4 b09e10c8 afab81a8  
I/DEBUG   (   55):     b18ecd34 00000000 00000000 b18ecd68 b2da3bc0  
I/DEBUG   (   55):     b18ecd44 b2da3bc0 00000000 b2d90450 b2da3a10  
I/DEBUG   (   55):     b18ecd54 b18ecdb0 afa80858 b09c8638 afa826b4  
I/DEBUG   (   55): 
I/DEBUG   (   55): memory near sl:
I/DEBUG   (   55):     bec48530 b2b38260 b2d89410 00000000 00000000  
I/DEBUG   (   55):     bec48540 b2d89428 b18ecca0 00000923 b6f20c99  
I/DEBUG   (   55):     bec48550 b7ebdf10 00000000 00000923 ffc00000  
I/DEBUG   (   55):     bec48560 41dfffff 00000000 c1e00000 5f000000  
I/DEBUG   (   55):     bec48570 4f000000 df000000 cf000000 fffffea0  
I/DEBUG   (   55):     bec48580 b5afcfa0 00000000 bec48648 b7d57398  
I/DEBUG   (   55):     bec48590 bec485ac b09c85c8 b2d894fc b5afa5d0  
I/DEBUG   (   55):     bec485a0 b7d57398 b5b1cf0b b18ece3c af713c38  
I/DEBUG   (   55):     bec485b0 b18ecec4 b08f35e8 00000000 00000000  
I/DEBUG   (   55):     bec485c0 00000000 00000000 00000000 bec48864  
I/DEBUG   (   55):     bec485d0 ffc00000 41dfffff 00000000 c1e00000  
I/DEBUG   (   55):     bec485e0 5f000000 4f000000 df000000 cf000000  
I/DEBUG   (   55):     bec485f0 00000000 00000000 00000000 00000000  
I/DEBUG   (   55):     bec48600 00000000 00000000 00000000 00000000  
I/DEBUG   (   55):     bec48610 b7d57398 b09c85c8 b5b79c74 00000001  
I/DEBUG   (   55):     bec48620 b2ace2a8 b2d89424 00000001 b5b2f5fd  
I/DEBUG   (   55): 
I/DEBUG   (   55): memory near fp:
I/DEBUG   (   55):     bec482a4 b0c3aaa0 b7d57398 b5aecbd0 b18ecc84  
I/DEBUG   (   55):     bec482b4 00000001 00000008 b2db2a30 a9df8000  
I/DEBUG   (   55):     bec482c4 b5b1cf03 b18ecc84 a9f815e4 a962e148  
I/DEBUG   (   55):     bec482d4 bec48550 b7ed6278 b7ed6280 95900019  
I/DEBUG   (   55):     bec482e4 00000000 af6635b8 b6fb935c b6fb5000  
I/DEBUG   (   55):     bec482f4 b7ecb0b1 b7ecb0b1 b7ed6280 b7ecb078  
I/DEBUG   (   55):     bec48304 00000000 b7ec7f38 b7ecb080 a962e148  
I/DEBUG   (   55):     bec48314 b6f7d11f b6fb5000 b7ecb080 00000000  
I/DEBUG   (   55):     bec48324 b7ec7f38 00000000 b6f79afd af6635b8  
I/DEBUG   (   55):     bec48334 b5b1eb2f 00000000 bec48344 00000000  
I/DEBUG   (   55):     bec48344 b2b8004a b2b85a28 b2d90510 bec483d4  
I/DEBUG   (   55):     bec48354 b091a2bc 00000001 b2adca18 00000002  
I/DEBUG   (   55):     bec48364 00000003 b091a2a8 a9f8e207 bec483dc  
I/DEBUG   (   55):     bec48374 b0c3aab4 00000001 b2db2a30 0000002e  
I/DEBUG   (   55):     bec48384 00000001 b0c3aaa0 a9fb2121 bec483dc  
I/DEBUG   (   55):     bec48394 00000038 00000001 b5b3aaff a9fb2121  
I/DEBUG   (   55): 
I/DEBUG   (   55): memory near ip:
I/DEBUG   (   55):     a962e128 e1a00004 ebfff30b e59f000c e08f0000  
I/DEBUG   (   55):     a962e138 e8bd4010 ea000283 00165364 00165378  
I/DEBUG   (   55):     a962e148 e92d4038 e1a05000 e59f0058 e1a04002  
I/DEBUG   (   55):     a962e158 e08f0000 eb00027b e1a00004 ebfff43e  
I/DEBUG   (   55):     a962e168 ebfff29f e1a00004 ebfff2f4 e5953000  
I/DEBUG   (   55):     a962e178 e5933058 e1a01000 e1a00005 e12fff33  
I/DEBUG   (   55):     a962e188 e3540000 0a000003 e5943000 e1a00004  
I/DEBUG   (   55):     a962e198 e5933004 e12fff33 e59f000c e08f0000  
I/DEBUG   (   55):     a962e1a8 e8bd4038 ea000267 00165380 00165354  
I/DEBUG   (   55):     a962e1b8 e59dc008 e1a01000 e1a00002 e1cd20d0  
I/DEBUG   (   55):     a962e1c8 e58dc000 e59dc00c e58dc004 e59dc010  
I/DEBUG   (   55):     a962e1d8 e58dc008 e59dc014 e58dc00c eafff4bf  
I/DEBUG   (   55):     a962e1e8 e52d4004 e1a01000 e59d400c e1a00002  
I/DEBUG   (   55):     a962e1f8 e1cd20d4 e5ddc018 e58d4004 e59d4010  
I/DEBUG   (   55):     a962e208 e29cc000 13a0c001 e58dc010 e58d4008  
I/DEBUG   (   55):     a962e218 e59d4014 e58d400c e8bd0010 eafff4c6  
I/DEBUG   (   55): 
I/DEBUG   (   55): memory near sp:
I/DEBUG   (   55):     bec48270 b7ec9148 b7edb6ac 00000000 2fe80856  
I/DEBUG   (   55):     bec48280 b18ecc70 ffc00000 41dfffff 00000000  
I/DEBUG   (   55):     bec48290 00000000 b7ebdf10 b7d53f30 a962e168  
I/DEBUG   (   55):     bec482a0 00000000 b0c3aaa0 b7d57398 b5aecbd0  
I/DEBUG   (   55):     bec482b0 b18ecc84 00000001 00000008 b2db2a30  
I/DEBUG   (   55):     bec482c0 a9df8000 b5b1cf03 b18ecc84 a9f815e4  
I/DEBUG   (   55):     bec482d0 a962e148 bec48550 b7ed6278 b7ed6280  
I/DEBUG   (   55):     bec482e0 95900019 00000000 af6635b8 b6fb935c  
I/DEBUG   (   55):     bec482f0 b6fb5000 b7ecb0b1 b7ecb0b1 b7ed6280  
I/DEBUG   (   55):     bec48300 b7ecb078 00000000 b7ec7f38 b7ecb080  
I/DEBUG   (   55):     bec48310 a962e148 b6f7d11f b6fb5000 b7ecb080  
I/DEBUG   (   55):     bec48320 00000000 b7ec7f38 00000000 b6f79afd  
I/DEBUG   (   55):     bec48330 af6635b8 b5b1eb2f 00000000 bec48344  
I/DEBUG   (   55):     bec48340 00000000 b2b8004a b2b85a28 b2d90510  
I/DEBUG   (   55):     bec48350 bec483d4 b091a2bc 00000001 b2adca18  
I/DEBUG   (   55):     bec48360 00000002 00000003 b091a2a8 a9f8e207  
I/DEBUG   (   55): 
I/DEBUG   (   55): code around pc:
I/DEBUG   (   55):     a962fa1c ebffe5f6 0025bf44 00163f80 0025e8f4  
I/DEBUG   (   55):     a962fa2c 00163cc8 00163ea8 00163eb0 e3a03000  
I/DEBUG   (   55):     a962fa3c e5803000 e12fff1e e59f00ac e3a03000  
I/DEBUG   (   55):     a962fa4c e92d4030 e24dd00c e28d1008 e79f0000  
I/DEBUG   (   55):     a962fa5c e3a02004 e3402001 e5213004 e5903000  
I/DEBUG   (   55):     a962fa6c e5933018 e12fff33 e59d4004 e3540000  
I/DEBUG   (   55):     a962fa7c 0a000006 e5943000 e1a00004 e59f106c  
I/DEBUG   (   55):     a962fa8c e5933018 e08f1001 e12fff33 e1a05000  
I/DEBUG   (   55):     a962fa9c e3550000 0a000012 e5943000 e1a00004  
I/DEBUG   (   55):     a962faac e59f204c e1a01005 e593c1c4 e08f2002  
I/DEBUG   (   55):     a962fabc e59f3040 e08f3003 e12fff3c e2502000  
I/DEBUG   (   55):     a962facc 0a000002 e1a00004 e1a01005 ebfffc0f  
I/DEBUG   (   55):     a962fadc e5943000 e1a00004 e1a01005 e593305c  
I/DEBUG   (   55):     a962faec e12fff33 e28dd00c e8bd8030 0025e718  
I/DEBUG   (   55):     a962fafc 00163ae8 00163d28 00163b58 e92d4070  
I/DEBUG   (   55):     a962fb0c e24dd010 e28d1010 e3a03000 e1a06000  
I/DEBUG   (   55): 
I/DEBUG   (   55): code around lr:
I/DEBUG   (   55):     a962b254 e59de020 e58de034 eaffff47 00167fe4  
I/DEBUG   (   55):     a962b264 e92d4038 e1a04000 e590005c eb0011f0  
I/DEBUG   (   55):     a962b274 e594000c e3500000 0a000002 e5903000  
I/DEBUG   (   55):     a962b284 e5933008 e12fff33 e5940010 e3a03000  
I/DEBUG   (   55):     a962b294 e584300c e1500003 0a000002 e5903000  
I/DEBUG   (   55):     a962b2a4 e5933020 e12fff33 e5945008 e3a03000  
I/DEBUG   (   55):     a962b2b4 e5843010 e1550003 0a000003 e1a00005  
I/DEBUG   (   55):     a962b2c4 eb00f13c e1a00005 eb059fa7 e5940004  
I/DEBUG   (   55):     a962b2d4 e3a03000 e5843008 e1500003 0a000001  
I/DEBUG   (   55):     a962b2e4 eb00feec e5940004 eb059f9f e3a05000  
I/DEBUG   (   55):     a962b2f4 e594005c e5845004 eb059f9b e584505c  
I/DEBUG   (   55):     a962b304 e8bd8038 ea012ce3 e590000c e3a03000  
I/DEBUG   (   55):     a962b314 e52de004 e1500003 e24dd01c e58d3008  
I/DEBUG   (   55):     a962b324 e58d300c e58d3010 e58d3014 0a000009  
I/DEBUG   (   55):     a962b334 e5900034 e28de014 e28d1008 e28d200c  
I/DEBUG   (   55):     a962b344 e28d3010 e590c000 e58de000 e59cc0b8  
D/Zygote  (   58): Process 1085 terminated by signal (11)
E/logwrapper( 1120): executing /system/bin/ip failed: No such file or directory
E/SecondaryTablController(   54): ip route del failed: /system/bin/ip route del 10.0.2.2/32 via 0.0.0.0 dev eth0 table 60
E/logwrapper( 1121): executing /system/bin/ip failed: No such file or directory
E/SecondaryTablController(   54): ip route del failed: /system/bin/ip route del 0.0.0.0/0 via 10.0.2.2 dev eth0 table 60
D/dalvikvm(  352): GC_CONCURRENT freed 766K, 53% free 6154K/13060K, paused 17ms+7ms, total 164ms
D/dalvikvm(  352): GC_CONCURRENT freed 799K, 54% free 6119K/13060K, paused 18ms+18ms, total 168ms
D/InitAlarmsService(  940): Clearing and rescheduling alarms.
D/dalvikvm(  352): GC_CONCURRENT freed 729K, 54% free 6119K/13060K, paused 37ms+5ms, total 152ms
D/Tethering(  352): MasterInitialState.processMessage what=3
D/CaptivePortalTracker(  352): NoActiveNetworkState{ when=-3ms what=1 obj=NetworkInfo: type: mobile_hipri[UMTS], state: DISCONNECTED/DISCONNECTED, reason: dataDisabled, extra: epc.tmobile.com, roaming: false, failover: false, isAvailable: true, isConnectedToProvisioningNetwork: false target=com.android.internal.util.StateMachine$SmHandler }
D/CaptivePortalTracker(  352): NoActiveNetworkState not a wifi connectivity change, ignore
D/Tethering(  352): MasterInitialState.processMessage what=3
D/CaptivePortalTracker(  352): NoActiveNetworkState{ when=0 what=1 obj=NetworkInfo: type: mobile[UMTS], state: CONNECTED/CONNECTED, reason: connected, extra: epc.tmobile.com, roaming: false, failover: false, isAvailable: true, isConnectedToProvisioningNetwork: false target=com.android.internal.util.StateMachine$SmHandler }
D/CaptivePortalTracker(  352): NoActiveNetworkState not a wifi connectivity change, ignore
D/dalvikvm(  352): GC_CONCURRENT freed 753K, 54% free 6122K/13060K, paused 6ms+4ms, total 69ms
D/dalvikvm(  352): GC_CONCURRENT freed 758K, 54% free 6120K/13060K, paused 7ms+4ms, total 70ms
D/dalvikvm(  352): GC_CONCURRENT freed 760K, 54% free 6134K/13060K, paused 6ms+6ms, total 80ms
D/        (  352): Setting time of day to sec=1545904556
D/AndroidRuntime( 1177): 
D/AndroidRuntime( 1177): >>>>>> AndroidRuntime START com.android.internal.os.RuntimeInit <<<<<<
D/AndroidRuntime( 1177): CheckJNI is ON
D/dalvikvm( 1177): Trying to load lib libjavacore.so 0x0
D/dalvikvm( 1177): Added shared lib libjavacore.so 0x0
D/dalvikvm( 1177): Trying to load lib libnativehelper.so 0x0
D/dalvikvm( 1177): Added shared lib libnativehelper.so 0x0
D/dalvikvm( 1177): No JNI_OnLoad found in libnativehelper.so 0x0, skipping init
D/dalvikvm( 1177): Note: class Landroid/app/ActivityManagerNative; has 179 unimplemented (abstract) methods
E/memtrack( 1177): Couldn't load memtrack module (No such file or directory)
E/android.os.Debug( 1177): failed to load memtrack module: -2
D/AndroidRuntime( 1177): Calling main entry com.android.commands.am.Am
W/BroadcastQueue(  352): Unable to launch app com.wolf.jackpot.slots/10052 for broadcast Intent { act=android.intent.action.BOOT_COMPLETED flg=0x10 pkg=com.wolf.jackpot.slots }: process is bad
W/BroadcastQueue(  352): Unable to launch app com.wolf.jackpot.slots/10052 for broadcast Intent { act=android.intent.action.BOOT_COMPLETED flg=0x10 pkg=com.wolf.jackpot.slots }: process is bad
D/AndroidRuntime( 1177): Shutting down VM
D/dalvikvm( 1177): GC_CONCURRENT freed 97K, 15% free 587K/688K, paused 1ms+1ms, total 7ms
D/AndroidRuntime( 1188): 
D/AndroidRuntime( 1188): >>>>>> AndroidRuntime START com.android.internal.os.RuntimeInit <<<<<<
D/AndroidRuntime( 1188): CheckJNI is ON
D/dalvikvm( 1188): Trying to load lib libjavacore.so 0x0
D/dalvikvm( 1188): Added shared lib libjavacore.so 0x0
D/dalvikvm( 1188): Trying to load lib libnativehelper.so 0x0
D/dalvikvm( 1188): Added shared lib libnativehelper.so 0x0
D/dalvikvm( 1188): No JNI_OnLoad found in libnativehelper.so 0x0, skipping init
D/dalvikvm( 1188): Note: class Landroid/app/ActivityManagerNative; has 179 unimplemented (abstract) methods
E/memtrack( 1188): Couldn't load memtrack module (No such file or directory)
E/android.os.Debug( 1188): failed to load memtrack module: -2
D/AndroidRuntime( 1188): Calling main entry com.android.commands.am.Am
I/ActivityManager(  352): START u0 {act=android.intent.action.MAIN cat=[android.intent.category.LAUNCHER] flg=0x10000000 cmp=com.wolf.jackpot.slots/com.ansca.corona.CameraActivity} from pid 1188
D/gralloc (   57): Registering a buffer in the process that created it. This may cause memory ordering problems.
E/libEGL  (   57): called unimplemented OpenGL ES API
E/libEGL  (   57): called unimplemented OpenGL ES API
E/libEGL  (   57): called unimplemented OpenGL ES API
E/libEGL  (   57): called unimplemented OpenGL ES API
E/SurfaceFlinger(   57): glCheckFramebufferStatusOES error -1493252484
E/SurfaceFlinger(   57): got GL_FRAMEBUFFER_COMPLETE_OES error while taking screenshot
E/libEGL  (   57): called unimplemented OpenGL ES API
E/libEGL  (   57): called unimplemented OpenGL ES API
W/WindowManager(  352): Screenshot failure taking screenshot for (164x295) to layer 21005
I/ActivityManager(  352): Start proc com.wolf.jackpot.slots for activity com.wolf.jackpot.slots/com.ansca.corona.CameraActivity: pid=1198 uid=10052 gids={50052, 3003, 1028, 1015}
I/ARMAssembler(   57): generated scanline__00000077:03010104_00008001_00000000 [ 89 ipp] (110 ins) at [0xb594f680:0xb594f838] in 0 ns
D/dalvikvm( 1198): Trying to load lib /data/app-lib/com.wolf.jackpot.slots-1/liblua.so 0xb2d91208
W/linker  ( 1198): liblua.so has text relocations. This is wasting memory and is a security risk. Please fix.
D/dalvikvm( 1198): Added shared lib /data/app-lib/com.wolf.jackpot.slots-1/liblua.so 0xb2d91208
D/dalvikvm( 1198): No JNI_OnLoad found in /data/app-lib/com.wolf.jackpot.slots-1/liblua.so 0xb2d91208, skipping init
D/dalvikvm( 1198): Trying to load lib /data/app-lib/com.wolf.jackpot.slots-1/libjnlua5.1.so 0xb2d91208
W/linker  ( 1198): libjnlua5.1.so has text relocations. This is wasting memory and is a security risk. Please fix.
D/dalvikvm( 1198): Added shared lib /data/app-lib/com.wolf.jackpot.slots-1/libjnlua5.1.so 0xb2d91208
D/dalvikvm( 1198): Trying to load lib /data/app-lib/com.wolf.jackpot.slots-1/libjnlua5.1.so 0xb2d91208
D/dalvikvm( 1198): Shared lib '/data/app-lib/com.wolf.jackpot.slots-1/libjnlua5.1.so' already loaded in same CL 0xb2d91208
I/dalvikvm( 1198): threadid=1: recursive native library load attempt (/data/app-lib/com.wolf.jackpot.slots-1/libjnlua5.1.so)
D/dalvikvm( 1198): Trying to load lib /data/app-lib/com.wolf.jackpot.slots-1/libopenal.so 0xb2d91208
W/linker  ( 1198): libopenal.so has text relocations. This is wasting memory and is a security risk. Please fix.
I/OpenAL_SLES( 1198): alc_opensles_init
D/dalvikvm( 1198): Added shared lib /data/app-lib/com.wolf.jackpot.slots-1/libopenal.so 0xb2d91208
D/dalvikvm( 1198): Trying to load lib /data/app-lib/com.wolf.jackpot.slots-1/libmpg123.so 0xb2d91208
W/linker  ( 1198): libmpg123.so has text relocations. This is wasting memory and is a security risk. Please fix.
D/dalvikvm( 1198): Added shared lib /data/app-lib/com.wolf.jackpot.slots-1/libmpg123.so 0xb2d91208
D/dalvikvm( 1198): No JNI_OnLoad found in /data/app-lib/com.wolf.jackpot.slots-1/libmpg123.so 0xb2d91208, skipping init
D/dalvikvm( 1198): Trying to load lib /data/app-lib/com.wolf.jackpot.slots-1/libalmixer.so 0xb2d91208
W/linker  ( 1198): libalmixer.so has text relocations. This is wasting memory and is a security risk. Please fix.
D/dalvikvm( 1198): Added shared lib /data/app-lib/com.wolf.jackpot.slots-1/libalmixer.so 0xb2d91208
D/dalvikvm( 1198): No JNI_OnLoad found in /data/app-lib/com.wolf.jackpot.slots-1/libalmixer.so 0xb2d91208, skipping init
D/dalvikvm( 1198): Trying to load lib /data/app-lib/com.wolf.jackpot.slots-1/libcorona.so 0xb2d91208
W/linker  ( 1198): libcorona.so has text relocations. This is wasting memory and is a security risk. Please fix.
D/dalvikvm( 1198): Added shared lib /data/app-lib/com.wolf.jackpot.slots-1/libcorona.so 0xb2d91208
D/dalvikvm( 1198): GC_CONCURRENT freed 280K, 12% free 2858K/3212K, paused 4ms+5ms, total 56ms
W/ServiceManager(   60): Permission failure: android.permission.CAMERA from uid=10052 pid=1198
E/CameraService(   60): Permission Denial: can't use the camera pid=1198, uid=10052
W/CameraBase( 1198): An error occurred while connecting to camera: 0
V/Corona  ( 1198): Failed to enable camera.
I/Choreographer( 1198): Skipped 56 frames!  The application may be doing too much work on its main thread.
D/gralloc_goldfish( 1198): Emulator without GPU emulation detected.
I/ActivityManager(  352): Displayed com.wolf.jackpot.slots/com.ansca.corona.CameraActivity: +2s406ms
D/AndroidRuntime( 1188): Shutting down VM
D/dalvikvm( 1188): GC_CONCURRENT freed 98K, 15% free 589K/692K, paused 12ms+1ms, total 20ms
D/dalvikvm( 1198): GC_CONCURRENT freed 276K, 11% free 2981K/3332K, paused 4ms+2ms, total 52ms
I/MediaFocusControl(  352):  AudioFocus  abandonAudioFocus() from android.media.AudioManager@b2d98468com.android.music.MediaPlaybackService$3@b2d972e8
D/AndroidRuntime( 1221): 
D/AndroidRuntime( 1221): >>>>>> AndroidRuntime START com.android.internal.os.RuntimeInit <<<<<<
D/AndroidRuntime( 1221): CheckJNI is ON
D/dalvikvm( 1221): Trying to load lib libjavacore.so 0x0
D/dalvikvm( 1221): Added shared lib libjavacore.so 0x0
D/dalvikvm( 1221): Trying to load lib libnativehelper.so 0x0
D/dalvikvm( 1221): Added shared lib libnativehelper.so 0x0
D/dalvikvm( 1221): No JNI_OnLoad found in libnativehelper.so 0x0, skipping init
D/dalvikvm( 1221): Note: class Landroid/app/ActivityManagerNative; has 179 unimplemented (abstract) methods
E/memtrack( 1221): Couldn't load memtrack module (No such file or directory)
E/android.os.Debug( 1221): failed to load memtrack module: -2
D/AndroidRuntime( 1221): Calling main entry com.android.commands.am.Am
I/ActivityManager(  352): START u0 {act=android.intent.action.MAIN cat=[android.intent.category.LAUNCHER] flg=0x10000000 cmp=com.wolf.jackpot.slots/com.ansca.corona.VideoActivity} from pid 1221
D/AndroidRuntime( 1198): Shutting down VM
W/dalvikvm( 1198): threadid=1: thread exiting with uncaught exception (group=0xb2addba8)
D/dalvikvm( 1198): GC_CONCURRENT freed 404K, 14% free 2982K/3460K, paused 4ms+16ms, total 47ms
E/AndroidRuntime( 1198): FATAL EXCEPTION: main
E/AndroidRuntime( 1198): Process: com.wolf.jackpot.slots, PID: 1198
E/AndroidRuntime( 1198): java.lang.RuntimeException: Unable to start activity ComponentInfo{com.wolf.jackpot.slots/com.ansca.corona.VideoActivity}: java.lang.NullPointerException
E/AndroidRuntime( 1198): 	at android.app.ActivityThread.performLaunchActivity(ActivityThread.java:2184)
E/AndroidRuntime( 1198): 	at android.app.ActivityThread.handleLaunchActivity(ActivityThread.java:2233)
E/AndroidRuntime( 1198): 	at android.app.ActivityThread.access$800(ActivityThread.java:135)
E/AndroidRuntime( 1198): 	at android.app.ActivityThread$H.handleMessage(ActivityThread.java:1196)
E/AndroidRuntime( 1198): 	at android.os.Handler.dispatchMessage(Handler.java:102)
E/AndroidRuntime( 1198): 	at android.os.Looper.loop(Looper.java:136)
E/AndroidRuntime( 1198): 	at android.app.ActivityThread.main(ActivityThread.java:5001)
E/AndroidRuntime( 1198): 	at java.lang.reflect.Method.invokeNative(Native Method)
E/AndroidRuntime( 1198): 	at java.lang.reflect.Method.invoke(Method.java:515)
E/AndroidRuntime( 1198): 	at com.android.internal.os.ZygoteInit$MethodAndArgsCaller.run(ZygoteInit.java:785)
E/AndroidRuntime( 1198): 	at com.android.internal.os.ZygoteInit.main(ZygoteInit.java:601)
E/AndroidRuntime( 1198): 	at dalvik.system.NativeStart.main(Native Method)
E/AndroidRuntime( 1198): Caused by: java.lang.NullPointerException
E/AndroidRuntime( 1198): 	at com.ansca.corona.VideoActivity.onCreate(VideoActivity.java:62)
E/AndroidRuntime( 1198): 	at android.app.Activity.performCreate(Activity.java:5231)
E/AndroidRuntime( 1198): 	at android.app.Instrumentation.callActivityOnCreate(Instrumentation.java:1087)
E/AndroidRuntime( 1198): 	at android.app.ActivityThread.performLaunchActivity(ActivityThread.java:2148)
E/AndroidRuntime( 1198): 	... 11 more
W/ActivityManager(  352):   Force finishing activity com.wolf.jackpot.slots/com.ansca.corona.VideoActivity
W/ActivityManager(  352):   Force finishing activity com.wolf.jackpot.slots/com.ansca.corona.CameraActivity
I/Choreographer(  352): Skipped 31 frames!  The application may be doing too much work on its main thread.
W/ActivityManager(  352): Activity pause timeout for ActivityRecord{b30e91a8 u0 com.wolf.jackpot.slots/com.ansca.corona.VideoActivity t5 f}
I/Choreographer(  352): Skipped 54 frames!  The application may be doing too much work on its main thread.
I/Choreographer(  685): Skipped 56 frames!  The application may be doing too much work on its main thread.
W/ActivityManager(  352): Activity destroy timeout for ActivityRecord{b2ee9f40 u0 com.wolf.jackpot.slots/com.ansca.corona.CameraActivity t5 f}
W/ActivityManager(  352): Activity destroy timeout for ActivityRecord{b30e91a8 u0 com.wolf.jackpot.slots/com.ansca.corona.VideoActivity t5 f}
