I/PackageManager(  355): Adding preferred activity ComponentInfo{com.android.mms/com.android.mms.ui.ComposeMessageActivity} for user 0 :
I/PackageManager(  355):   Action: "android.intent.action.SENDTO"
I/PackageManager(  355):   Category: "android.intent.category.DEFAULT"
I/PackageManager(  355):   Scheme: "mms"
I/PackageManager(  355): Adding preferred activity ComponentInfo{com.android.mms/com.android.mms.ui.ComposeMessageActivity} for user 0 :
I/PackageManager(  355):   Action: "android.intent.action.SENDTO"
I/PackageManager(  355):   Category: "android.intent.category.DEFAULT"
I/PackageManager(  355):   Scheme: "mmsto"
I/PackageManager(  355): Adding preferred activity ComponentInfo{com.android.mms/com.android.mms.ui.ComposeMessageActivity} for user 0 :
I/ActivityManager(  355): Start proc com.android.printspooler for service com.android.printspooler/.PrintSpoolerService: pid=688 uid=10039 gids={50039}
D/dalvikvm(  589): GC_CONCURRENT freed 426K, 16% free 2973K/3540K, paused 8ms+1ms, total 70ms
D/dalvikvm(  589): WAIT_FOR_CONCURRENT_GC blocked 36ms
E/BluetoothAdapter(  601): Bluetooth binder is null
I/PrintSpoolerService(  688): No existing print spooler state.
I/LatinIME:LogUtils(  589): Dictionary info: dictionary = main:en ; version = 42 ; date = 1381226429
E/BluetoothAdapter(  601): Bluetooth binder is null
I/LatinIME:LogUtils(  589): Dictionary info: dictionary = main:en ; version = 42 ; date = 1381226429
D/CallNotifier(  601): CallNotifier: mSignalInfoToneGenerator created when toneplay
E/BluetoothAdapter(  601): Bluetooth binder is null
I/LatinIME:LogUtils(  589): Dictionary info: dictionary = main:en ; version = 42 ; date = 1381226429
W/ProcessCpuTracker(  355): Skipping unknown process pid 713
I/LatinIME:LogUtils(  589): Dictionary info: dictionary = main:en ; version = 42 ; date = 1381226429
I/LatinIME:LogUtils(  589): Dictionary info: dictionary = main:en ; version = 42 ; date = 1381226429
I/LatinIME:LogUtils(  589): Dictionary info: dictionary = main:en ; version = 42 ; date = 1381226429
I/LatinIME:LogUtils(  589): Dictionary info: dictionary = main:en ; version = 42 ; date = 1381226429
D/MobileDataStateTracker(  355): fota: Broadcast received: android.intent.action.ANY_DATA_STATE apnType=fota
D/MobileDataStateTracker(  355): fota: Received state=DISCONNECTED, old=DISCONNECTED, reason=radioTurnedOff
D/MobileDataStateTracker(  355): ia: Broadcast received: android.intent.action.ANY_DATA_STATE apnType=ia
D/MobileDataStateTracker(  355): ia: Received state=DISCONNECTED, old=DISCONNECTED, reason=radioTurnedOff
D/MobileDataStateTracker(  355): supl: Broadcast received: android.intent.action.ANY_DATA_STATE apnType=supl
D/dalvikvm(  589): GC_CONCURRENT freed 309K, 14% free 3077K/3540K, paused 3ms+72ms, total 114ms
D/MobileDataStateTracker(  355): supl: Received state=DISCONNECTED, old=DISCONNECTED, reason=radioTurnedOff
D/MobileDataStateTracker(  355): hipri: Broadcast received: android.intent.action.ANY_DATA_STATE apnType=hipri
D/MobileDataStateTracker(  355): hipri: Received state=DISCONNECTED, old=DISCONNECTED, reason=radioTurnedOff
D/MobileDataStateTracker(  355): ims: Broadcast received: android.intent.action.ANY_DATA_STATE apnType=ims
I/LatinIME:LogUtils(  589): Dictionary info: dictionary = main:en ; version = 42 ; date = 1381226429
D/MobileDataStateTracker(  355): ims: Received state=DISCONNECTED, old=DISCONNECTED, reason=radioTurnedOff
D/MobileDataStateTracker(  355): default: Broadcast received: android.intent.action.ANY_DATA_STATE apnType=default
D/MobileDataStateTracker(  355): default: Received state=DISCONNECTED, old=DISCONNECTED, reason=radioTurnedOff
D/MobileDataStateTracker(  355): mms: Broadcast received: android.intent.action.ANY_DATA_STATE apnType=mms
D/MobileDataStateTracker(  355): mms: Received state=DISCONNECTED, old=DISCONNECTED, reason=radioTurnedOff
D/MobileDataStateTracker(  355): cbs: Broadcast received: android.intent.action.ANY_DATA_STATE apnType=cbs
D/MobileDataStateTracker(  355): cbs: Received state=DISCONNECTED, old=DISCONNECTED, reason=radioTurnedOff
D/MobileDataStateTracker(  355): fota: Broadcast received: android.intent.action.ANY_DATA_STATE apnType=fota
D/MobileDataStateTracker(  355): fota: Received state=DISCONNECTED, old=DISCONNECTED, reason=radioTurnedOff
D/MobileDataStateTracker(  355): ia: Broadcast received: android.intent.action.ANY_DATA_STATE apnType=ia
D/MobileDataStateTracker(  355): ia: Received state=DISCONNECTED, old=DISCONNECTED, reason=radioTurnedOff
D/MobileDataStateTracker(  355): supl: Broadcast received: android.intent.action.ANY_DATA_STATE apnType=supl
D/MobileDataStateTracker(  355): supl: Received state=DISCONNECTED, old=DISCONNECTED, reason=radioTurnedOff
D/MobileDataStateTracker(  355): hipri: Broadcast received: android.intent.action.ANY_DATA_STATE apnType=hipri
D/MobileDataStateTracker(  355): hipri: Received state=DISCONNECTED, old=DISCONNECTED, reason=radioTurnedOff
D/MobileDataStateTracker(  355): ims: Broadcast received: android.intent.action.ANY_DATA_STATE apnType=ims
D/MobileDataStateTracker(  355): ims: Received state=DISCONNECTED, old=DISCONNECTED, reason=radioTurnedOff
D/MobileDataStateTracker(  355): default: Broadcast received: android.intent.action.ANY_DATA_STATE apnType=default
D/MobileDataStateTracker(  355): default: Received state=DISCONNECTED, old=DISCONNECTED, reason=radioTurnedOff
D/MobileDataStateTracker(  355): mms: Broadcast received: android.intent.action.ANY_DATA_STATE apnType=mms
D/MobileDataStateTracker(  355): mms: Received state=DISCONNECTED, old=DISCONNECTED, reason=radioTurnedOff
D/MobileDataStateTracker(  355): cbs: Broadcast received: android.intent.action.ANY_DATA_STATE apnType=cbs
D/MobileDataStateTracker(  355): cbs: Received state=DISCONNECTED, old=DISCONNECTED, reason=radioTurnedOff
D/MobileDataStateTracker(  355): fota: Broadcast received: android.intent.action.ANY_DATA_STATE apnType=fota
D/MobileDataStateTracker(  355): fota: Received state=DISCONNECTED, old=DISCONNECTED, reason=dataDetached
D/MobileDataStateTracker(  355): ia: Broadcast received: android.intent.action.ANY_DATA_STATE apnType=ia
D/MobileDataStateTracker(  355): ia: Received state=DISCONNECTED, old=DISCONNECTED, reason=dataDetached
D/MobileDataStateTracker(  355): supl: Broadcast received: android.intent.action.ANY_DATA_STATE apnType=supl
D/MobileDataStateTracker(  355): supl: Received state=DISCONNECTED, old=DISCONNECTED, reason=dataDetached
D/MobileDataStateTracker(  355): hipri: Broadcast received: android.intent.action.ANY_DATA_STATE apnType=hipri
D/MobileDataStateTracker(  355): hipri: Received state=DISCONNECTED, old=DISCONNECTED, reason=dataDetached
D/MobileDataStateTracker(  355): ims: Broadcast received: android.intent.action.ANY_DATA_STATE apnType=ims
D/MobileDataStateTracker(  355): ims: Received state=DISCONNECTED, old=DISCONNECTED, reason=dataDetached
D/MobileDataStateTracker(  355): default: Broadcast received: android.intent.action.ANY_DATA_STATE apnType=default
D/MobileDataStateTracker(  355): default: Received state=DISCONNECTED, old=DISCONNECTED, reason=dataDetached
D/MobileDataStateTracker(  355): mms: Broadcast received: android.intent.action.ANY_DATA_STATE apnType=mms
D/MobileDataStateTracker(  355): mms: Received state=DISCONNECTED, old=DISCONNECTED, reason=dataDetached
D/MobileDataStateTracker(  355): cbs: Broadcast received: android.intent.action.ANY_DATA_STATE apnType=cbs
D/MobileDataStateTracker(  355): cbs: Received state=DISCONNECTED, old=DISCONNECTED, reason=dataDetached
D/MobileDataStateTracker(  355): fota: Broadcast received: android.intent.action.ANY_DATA_STATE apnType=fota
D/MobileDataStateTracker(  355): fota: Received state=DISCONNECTED, old=DISCONNECTED, reason=roamingOff
D/MobileDataStateTracker(  355): ia: Broadcast received: android.intent.action.ANY_DATA_STATE apnType=ia
D/MobileDataStateTracker(  355): ia: Received state=DISCONNECTED, old=DISCONNECTED, reason=roamingOff
D/MobileDataStateTracker(  355): supl: Broadcast received: android.intent.action.ANY_DATA_STATE apnType=supl
D/dalvikvm(  675): GC_CONCURRENT freed 173K, 8% free 2962K/3220K, paused 4ms+5ms, total 62ms
D/dalvikvm(  355): GC_CONCURRENT freed 560K, 57% free 5481K/12664K, paused 14ms+4ms, total 95ms
D/dalvikvm(  355): WAIT_FOR_CONCURRENT_GC blocked 35ms
D/dalvikvm(  355): GC_CONCURRENT freed 703K, 57% free 5520K/12664K, paused 6ms+4ms, total 101ms
D/MobileDataStateTracker(  355): supl: Received state=DISCONNECTED, old=DISCONNECTED, reason=roamingOff
D/MobileDataStateTracker(  355): hipri: Broadcast received: android.intent.action.ANY_DATA_STATE apnType=hipri
D/MobileDataStateTracker(  355): hipri: Received state=DISCONNECTED, old=DISCONNECTED, reason=roamingOff
D/MobileDataStateTracker(  355): ims: Broadcast received: android.intent.action.ANY_DATA_STATE apnType=ims
D/dalvikvm(  675): GC_FOR_ALLOC freed 189K, 8% free 3110K/3380K, paused 58ms, total 60ms
I/dalvikvm-heap(  675): Grow heap (frag case) to 3.722MB for 640016-byte allocation
D/MobileDataStateTracker(  355): ims: Received state=DISCONNECTED, old=DISCONNECTED, reason=roamingOff
D/dalvikvm(  675): GC_FOR_ALLOC freed 3K, 7% free 3731K/4008K, paused 41ms, total 41ms
D/dalvikvm(  601): GC_CONCURRENT freed 284K, 11% free 3049K/3412K, paused 780ms+3ms, total 869ms
D/dalvikvm(  675): GC_CONCURRENT freed 5K, 8% free 3726K/4008K, paused 4ms+2ms, total 50ms
I/FusedLocation(  355): engine stopped (com.android.location.fused)
I/FusedLocation(  355): engine started (com.android.location.fused)
D/MobileDataStateTracker(  355): default: Broadcast received: android.intent.action.ANY_DATA_STATE apnType=default
D/MobileDataStateTracker(  355): default: Received state=DISCONNECTED, old=DISCONNECTED, reason=roamingOff
D/MobileDataStateTracker(  355): mms: Broadcast received: android.intent.action.ANY_DATA_STATE apnType=mms
D/MobileDataStateTracker(  355): mms: Received state=DISCONNECTED, old=DISCONNECTED, reason=roamingOff
D/MobileDataStateTracker(  355): cbs: Broadcast received: android.intent.action.ANY_DATA_STATE apnType=cbs
D/MobileDataStateTracker(  355): cbs: Received state=DISCONNECTED, old=DISCONNECTED, reason=roamingOff
D/MobileDataStateTracker(  355): fota: Broadcast received: android.intent.action.ANY_DATA_STATE apnType=fota
D/MobileDataStateTracker(  355): fota: Received state=DISCONNECTED, old=DISCONNECTED, reason=roamingOff
D/MobileDataStateTracker(  355): ia: Broadcast received: android.intent.action.ANY_DATA_STATE apnType=ia
D/MobileDataStateTracker(  355): ia: Received state=DISCONNECTED, old=DISCONNECTED, reason=roamingOff
D/MobileDataStateTracker(  355): supl: Broadcast received: android.intent.action.ANY_DATA_STATE apnType=supl
D/MobileDataStateTracker(  355): supl: Received state=DISCONNECTED, old=DISCONNECTED, reason=roamingOff
D/MobileDataStateTracker(  355): hipri: Broadcast received: android.intent.action.ANY_DATA_STATE apnType=hipri
D/TelephonyDebugService(  601): TelephonyDebugService()
D/MobileDataStateTracker(  355): hipri: Received state=DISCONNECTED, old=DISCONNECTED, reason=roamingOff
D/MobileDataStateTracker(  355): ims: Broadcast received: android.intent.action.ANY_DATA_STATE apnType=ims
D/MobileDataStateTracker(  355): ims: Received state=DISCONNECTED, old=DISCONNECTED, reason=roamingOff
D/MobileDataStateTracker(  355): default: Broadcast received: android.intent.action.ANY_DATA_STATE apnType=default
D/MobileDataStateTracker(  355): default: Received state=DISCONNECTED, old=DISCONNECTED, reason=roamingOff
D/MobileDataStateTracker(  355): mms: Broadcast received: android.intent.action.ANY_DATA_STATE apnType=mms
D/MobileDataStateTracker(  355): mms: Received state=DISCONNECTED, old=DISCONNECTED, reason=roamingOff
D/MobileDataStateTracker(  355): cbs: Broadcast received: android.intent.action.ANY_DATA_STATE apnType=cbs
D/MobileDataStateTracker(  355): cbs: Received state=DISCONNECTED, old=DISCONNECTED, reason=roamingOff
D/MccTable(  601): updateMccMncConfiguration: mcc=310, mnc=260
D/AlarmManagerService(  355): Kernel timezone updated to 300 minutes west of GMT
D/MccTable(  601): timezone set to America/New_York
D/MccTable(  601): getLocaleFromMcc to en_us mcc=310
D/MccTable(  601): getLocaleForLanguageCountry: got match
D/MccTable(  601): getLocaleForLanguageCountry: X locale=en_US
D/MccTable(  601): WIFI_COUNTRY_CODE set to us
I/WifiService(  355): WifiService trying to set country code to us with persist set to true
W/Resources(  675): Converting to int: TypedValue{t=0x3/d=0x12 "4" a=-1}
W/Resources(  675): Converting to int: TypedValue{t=0x3/d=0xf "1" a=-1}
W/Resources(  675): Converting to int: TypedValue{t=0x3/d=0x15 "2" a=-1}
W/Resources(  675): Converting to int: TypedValue{t=0x3/d=0x15 "2" a=-1}
W/Launcher.LauncherProvider(  675): Unable to add favorite: com.android.camera2/com.android.camera.CameraLauncher
W/Launcher.LauncherProvider(  675): android.content.pm.PackageManager$NameNotFoundException: ComponentInfo{com.android.camera2/com.android.camera.CameraLauncher}
W/Launcher.LauncherProvider(  675): 	at android.app.ApplicationPackageManager.getActivityInfo(ApplicationPackageManager.java:242)
W/Launcher.LauncherProvider(  675): 	at com.android.launcher2.LauncherProvider$DatabaseHelper.addAppShortcut(LauncherProvider.java:959)
W/Launcher.LauncherProvider(  675): 	at com.android.launcher2.LauncherProvider$DatabaseHelper.loadFavorites(LauncherProvider.java:863)
W/Launcher.LauncherProvider(  675): 	at com.android.launcher2.LauncherProvider$DatabaseHelper.access$000(LauncherProvider.java:253)
W/Launcher.LauncherProvider(  675): 	at com.android.launcher2.LauncherProvider.loadDefaultFavoritesIfNecessary(LauncherProvider.java:237)
W/Launcher.LauncherProvider(  675): 	at com.android.launcher2.LauncherModel$LoaderTask.loadWorkspace(LauncherModel.java:1278)
W/Launcher.LauncherProvider(  675): 	at com.android.launcher2.LauncherModel$LoaderTask.loadAndBindWorkspace(LauncherModel.java:1020)
W/Launcher.LauncherProvider(  675): 	at com.android.launcher2.LauncherModel$LoaderTask.run(LauncherModel.java:1126)
W/Launcher.LauncherProvider(  675): 	at android.os.Handler.handleCallback(Handler.java:733)
W/Launcher.LauncherProvider(  675): 	at android.os.Handler.dispatchMessage(Handler.java:95)
W/Launcher.LauncherProvider(  675): 	at android.os.Looper.loop(Looper.java:136)
W/Launcher.LauncherProvider(  675): 	at android.os.HandlerThread.run(HandlerThread.java:61)
W/Launcher.LauncherProvider(  675): Unable to add favorite: com.android.gallery3d/com.android.gallery3d.app.Gallery
W/Launcher.LauncherProvider(  675): android.content.pm.PackageManager$NameNotFoundException: ComponentInfo{com.android.gallery3d/com.android.gallery3d.app.Gallery}
W/Launcher.LauncherProvider(  675): 	at android.app.ApplicationPackageManager.getActivityInfo(ApplicationPackageManager.java:242)
W/Launcher.LauncherProvider(  675): 	at com.android.launcher2.LauncherProvider$DatabaseHelper.addAppShortcut(LauncherProvider.java:959)
W/Launcher.LauncherProvider(  675): 	at com.android.launcher2.LauncherProvider$DatabaseHelper.loadFavorites(LauncherProvider.java:863)
W/Launcher.LauncherProvider(  675): 	at com.android.launcher2.LauncherProvider$DatabaseHelper.access$000(LauncherProvider.java:253)
W/Launcher.LauncherProvider(  675): 	at com.android.launcher2.LauncherProvider.loadDefaultFavoritesIfNecessary(LauncherProvider.java:237)
W/Launcher.LauncherProvider(  675): 	at com.android.launcher2.LauncherModel$LoaderTask.loadWorkspace(LauncherModel.java:1278)
W/Launcher.LauncherProvider(  675): 	at com.android.launcher2.LauncherModel$LoaderTask.loadAndBindWorkspace(LauncherModel.java:1020)
W/Launcher.LauncherProvider(  675): 	at com.android.launcher2.LauncherModel$LoaderTask.run(LauncherModel.java:1126)
W/Launcher.LauncherProvider(  675): 	at android.os.Handler.handleCallback(Handler.java:733)
W/Launcher.LauncherProvider(  675): 	at android.os.Handler.dispatchMessage(Handler.java:95)
W/Launcher.LauncherProvider(  675): 	at android.os.Looper.loop(Looper.java:136)
W/Launcher.LauncherProvider(  675): 	at android.os.HandlerThread.run(HandlerThread.java:61)
D/MobileDataStateTracker(  355): fota: Broadcast received: android.intent.action.ANY_DATA_STATE apnType=fota
D/MobileDataStateTracker(  355): fota: Received state=DISCONNECTED, old=DISCONNECTED, reason=dataAttached
D/MobileDataStateTracker(  355): ia: Broadcast received: android.intent.action.ANY_DATA_STATE apnType=ia
D/MobileDataStateTracker(  355): ia: Received state=DISCONNECTED, old=DISCONNECTED, reason=dataAttached
D/MobileDataStateTracker(  355): supl: Broadcast received: android.intent.action.ANY_DATA_STATE apnType=supl
D/MobileDataStateTracker(  355): supl: Received state=DISCONNECTED, old=DISCONNECTED, reason=dataAttached
D/MobileDataStateTracker(  355): hipri: Broadcast received: android.intent.action.ANY_DATA_STATE apnType=hipri
D/MobileDataStateTracker(  355): hipri: Received state=DISCONNECTED, old=DISCONNECTED, reason=dataAttached
D/MobileDataStateTracker(  355): ims: Broadcast received: android.intent.action.ANY_DATA_STATE apnType=ims
D/MobileDataStateTracker(  355): ims: Received state=DISCONNECTED, old=DISCONNECTED, reason=dataAttached
D/MobileDataStateTracker(  355): mms: Broadcast received: android.intent.action.ANY_DATA_STATE apnType=mms
D/dalvikvm(  601): GC_CONCURRENT freed 296K, 11% free 3160K/3536K, paused 68ms+2ms, total 135ms
D/dalvikvm(  675): GC_CONCURRENT freed 237K, 8% free 3903K/4224K, paused 62ms+17ms, total 111ms
D/MobileDataStateTracker(  355): mms: Received state=DISCONNECTED, old=DISCONNECTED, reason=dataAttached
D/MobileDataStateTracker(  355): cbs: Broadcast received: android.intent.action.ANY_DATA_STATE apnType=cbs
D/MobileDataStateTracker(  355): cbs: Received state=DISCONNECTED, old=DISCONNECTED, reason=dataAttached
D/MobileDataStateTracker(  355): fota: Broadcast received: android.intent.action.ANY_DATA_STATE apnType=fota
D/MobileDataStateTracker(  355): fota: Received state=DISCONNECTED, old=DISCONNECTED, reason=dataAttached
D/MobileDataStateTracker(  355): ia: Broadcast received: android.intent.action.ANY_DATA_STATE apnType=ia
D/MobileDataStateTracker(  355): ia: Received state=DISCONNECTED, old=DISCONNECTED, reason=dataAttached
D/MobileDataStateTracker(  355): supl: Broadcast received: android.intent.action.ANY_DATA_STATE apnType=supl
D/MobileDataStateTracker(  355): supl: Received state=DISCONNECTED, old=DISCONNECTED, reason=dataAttached
D/MobileDataStateTracker(  355): hipri: Broadcast received: android.intent.action.ANY_DATA_STATE apnType=hipri
D/MobileDataStateTracker(  355): hipri: Received state=DISCONNECTED, old=DISCONNECTED, reason=dataAttached
D/MobileDataStateTracker(  355): ims: Broadcast received: android.intent.action.ANY_DATA_STATE apnType=ims
D/MobileDataStateTracker(  355): ims: Received state=DISCONNECTED, old=DISCONNECTED, reason=dataAttached
D/MobileDataStateTracker(  355): mms: Broadcast received: android.intent.action.ANY_DATA_STATE apnType=mms
D/MobileDataStateTracker(  355): mms: Received state=DISCONNECTED, old=DISCONNECTED, reason=dataAttached
D/dalvikvm(  355): GC_CONCURRENT freed 717K, 57% free 5511K/12664K, paused 64ms+4ms, total 230ms
D/dalvikvm(  355): WAIT_FOR_CONCURRENT_GC blocked 43ms
D/dalvikvm(  355): WAIT_FOR_CONCURRENT_GC blocked 30ms
D/dalvikvm(  355): WAIT_FOR_CONCURRENT_GC blocked 30ms
D/MobileDataStateTracker(  355): cbs: Broadcast received: android.intent.action.ANY_DATA_STATE apnType=cbs
D/MobileDataStateTracker(  355): cbs: Received state=DISCONNECTED, old=DISCONNECTED, reason=dataAttached
I/Choreographer(  675): Skipped 77 frames!  The application may be doing too much work on its main thread.
D/MccTable(  601): updateMccMncConfiguration: mcc=310, mnc=260
D/MccTable(  601): getLocaleFromMcc to en_us mcc=310
D/MccTable(  601): getLocaleForLanguageCountry: got match
D/MccTable(  601): getLocaleForLanguageCountry: X locale=en_US
D/MccTable(  601): updateMccMncConfiguration updateConfig config={1.0 310mcc260mnc en_US ldltr ?swdp ?wdp ?hdp ?density ?lsize ?long ?orien ?uimode ?night ?touch ?keyb/?/? ?nav/?}
I/ActivityManager(  355): Config changes=3 {1.0 310mcc260mnc en_US ldltr sw480dp w480dp h839dp 160dpi lrg long port finger -keyb/v/h tball/v s.6}
D/PermissionCache(   58): checking android.permission.READ_FRAME_BUFFER for uid=1000 => granted (13094 us)
D/gralloc (   58): Registering a buffer in the process that created it. This may cause memory ordering problems.
E/libEGL  (   58): called unimplemented OpenGL ES API
E/libEGL  (   58): called unimplemented OpenGL ES API
E/libEGL  (   58): called unimplemented OpenGL ES API
E/libEGL  (   58): called unimplemented OpenGL ES API
E/SurfaceFlinger(   58): glCheckFramebufferStatusOES error -8956193
E/SurfaceFlinger(   58): got GL_FRAMEBUFFER_COMPLETE_OES error while taking screenshot
E/libEGL  (   58): called unimplemented OpenGL ES API
E/libEGL  (   58): called unimplemented OpenGL ES API
I/ARMAssembler(   58): generated scanline__00000077:03515104_00008001_00000000 [113 ipp] (134 ins) at [0xb5b261f0:0xb5b26408] in 10000000 ns
D/PhoneStatusBar(  448): mSettingsPanelGravity = 55
I/Choreographer(  675): Skipped 113 frames!  The application may be doing too much work on its main thread.
D/gralloc_goldfish(  675): Emulator without GPU emulation detected.
D/dalvikvm(  675): GC_FOR_ALLOC freed 96K, 9% free 3896K/4240K, paused 23ms, total 23ms
I/dalvikvm-heap(  675): Grow heap (frag case) to 5.416MB for 1610896-byte allocation
D/dalvikvm(  675): GC_FOR_ALLOC freed <1K, 6% free 5469K/5816K, paused 17ms, total 17ms
D/dalvikvm(  675): GC_CONCURRENT freed 4K, 7% free 5465K/5816K, paused 4ms+2ms, total 23ms
D/dalvikvm(  675): WAIT_FOR_CONCURRENT_GC blocked 10ms
I/dalvikvm-heap(  675): Grow heap (frag case) to 6.949MB for 1610896-byte allocation
D/dalvikvm(  675): GC_FOR_ALLOC freed <1K, 5% free 7038K/7392K, paused 18ms, total 18ms
D/dalvikvm(  675): GC_CONCURRENT freed <1K, 5% free 7081K/7436K, paused 5ms+12ms, total 49ms
I/Choreographer(  675): Skipped 90 frames!  The application may be doing too much work on its main thread.
D/MccTable(  601): updateMccMncConfiguration: mcc=310, mnc=260
D/MccTable(  601): getLocaleFromMcc to en_us mcc=310
D/MccTable(  601): getLocaleForLanguageCountry: skipping already persisted
D/MccTable(  601): getLocaleForLanguageCountry: X locale=null
D/MccTable(  601): updateMccMncConfiguration updateConfig config={1.0 310mcc260mnc ?locale ?layoutDir ?swdp ?wdp ?hdp ?density ?lsize ?long ?orien ?uimode ?night ?touch ?keyb/?/? ?nav/?}
D/dalvikvm(  448): GC_FOR_ALLOC freed 3099K, 5% free 3582K/3768K, paused 169ms, total 173ms
I/dalvikvm-heap(  448): Grow heap (frag case) to 6.499MB for 3072016-byte allocation
D/dalvikvm(  601): GC_CONCURRENT freed 333K, 12% free 3288K/3700K, paused 4ms+6ms, total 54ms
D/dalvikvm(  448): GC_CONCURRENT freed 5K, 3% free 6576K/6772K, paused 3ms+2ms, total 56ms
I/Choreographer(  448): Skipped 190 frames!  The application may be doing too much work on its main thread.
W/Launcher.Model(  675): LoaderTask running with no launcher (loadAllAppsByBatch)
D/MobileDataStateTracker(  355): fota: Broadcast received: android.intent.action.ANY_DATA_STATE apnType=fota
D/MobileDataStateTracker(  355): fota: Received state=DISCONNECTED, old=DISCONNECTED, reason=simLoaded
D/MobileDataStateTracker(  355): ia: Broadcast received: android.intent.action.ANY_DATA_STATE apnType=ia
D/MobileDataStateTracker(  355): ia: Received state=DISCONNECTED, old=DISCONNECTED, reason=simLoaded
D/MobileDataStateTracker(  355): supl: Broadcast received: android.intent.action.ANY_DATA_STATE apnType=supl
D/MobileDataStateTracker(  355): supl: Received state=DISCONNECTED, old=DISCONNECTED, reason=simLoaded
D/MobileDataStateTracker(  355): hipri: Broadcast received: android.intent.action.ANY_DATA_STATE apnType=hipri
D/MobileDataStateTracker(  355): hipri: Received state=DISCONNECTED, old=DISCONNECTED, reason=simLoaded
D/MobileDataStateTracker(  355): ims: Broadcast received: android.intent.action.ANY_DATA_STATE apnType=ims
D/MobileDataStateTracker(  355): ims: Received state=DISCONNECTED, old=DISCONNECTED, reason=simLoaded
D/dalvikvm(  601): GC_CONCURRENT freed 460K, 15% free 3288K/3828K, paused 23ms+17ms, total 131ms
W/WindowManager(  355): Window freeze timeout expired.
W/WindowManager(  355): Force clearing orientation change: Window{b31c7870 u0 com.android.launcher/com.android.launcher2.Launcher}
D/MobileDataStateTracker(  355): mms: Broadcast received: android.intent.action.ANY_DATA_STATE apnType=mms
D/MobileDataStateTracker(  355): mms: Received state=DISCONNECTED, old=DISCONNECTED, reason=simLoaded
D/MobileDataStateTracker(  355): cbs: Broadcast received: android.intent.action.ANY_DATA_STATE apnType=cbs
D/MobileDataStateTracker(  355): cbs: Received state=DISCONNECTED, old=DISCONNECTED, reason=simLoaded
D/MobileDataStateTracker(  355): default: Broadcast received: android.intent.action.ANY_DATA_STATE apnType=default
D/MobileDataStateTracker(  355): default: Received state=CONNECTING, old=DISCONNECTED, reason=simLoaded
D/MobileDataStateTracker(  355): default: setDetailed state, old =IDLE and new state=CONNECTING
D/MobileDataStateTracker(  355): fota: Broadcast received: android.intent.action.ANY_DATA_STATE apnType=fota
D/MobileDataStateTracker(  355): fota: Received state=DISCONNECTED, old=DISCONNECTED, reason=simLoaded
D/MobileDataStateTracker(  355): ia: Broadcast received: android.intent.action.ANY_DATA_STATE apnType=ia
D/MobileDataStateTracker(  355): ia: Received state=DISCONNECTED, old=DISCONNECTED, reason=simLoaded
D/MobileDataStateTracker(  355): supl: Broadcast received: android.intent.action.ANY_DATA_STATE apnType=supl
D/MobileDataStateTracker(  355): supl: Received state=DISCONNECTED, old=DISCONNECTED, reason=simLoaded
D/MobileDataStateTracker(  355): hipri: Broadcast received: android.intent.action.ANY_DATA_STATE apnType=hipri
D/MobileDataStateTracker(  355): hipri: Received state=DISCONNECTED, old=DISCONNECTED, reason=simLoaded
D/MobileDataStateTracker(  355): ims: Broadcast received: android.intent.action.ANY_DATA_STATE apnType=ims
D/MobileDataStateTracker(  355): ims: Received state=DISCONNECTED, old=DISCONNECTED, reason=simLoaded
D/MobileDataStateTracker(  355): mms: Broadcast received: android.intent.action.ANY_DATA_STATE apnType=mms
D/MobileDataStateTracker(  355): mms: Received state=DISCONNECTED, old=DISCONNECTED, reason=simLoaded
D/MobileDataStateTracker(  355): cbs: Broadcast received: android.intent.action.ANY_DATA_STATE apnType=cbs
D/MobileDataStateTracker(  355): cbs: Received state=DISCONNECTED, old=DISCONNECTED, reason=simLoaded
D/MobileDataStateTracker(  355): default: Broadcast received: android.intent.action.ANY_DATA_STATE apnType=default
D/MobileDataStateTracker(  355): default: Received state=CONNECTED, old=CONNECTING, reason=connected
D/MobileDataStateTracker(  355): default: setDetailed state, old =CONNECTING and new state=CONNECTED
D/ConnectivityService(  355): ConnectivityChange for mobile: CONNECTED/CONNECTED
D/ConnectivityService(  355): ConnectivityChange checkMobileProvisioning for TYPE_MOBILE or ProvisioningNetwork
D/ConnectivityService(  355): checkMobileProvisioning: E suggestedTimeOutMs=60000
D/ConnectivityService(  355): setProvNotificationVisible: E visible=false networkType=5 extraInfo=null url=null
D/ConnectivityService(  355): checkMobileProvisioning: params={ url=http://clients3.google.com/generate_204 mTimeOutMs=60000 mCb=com.android.server.ConnectivityService$5@b318fef0}
D/ConnectivityService(  355): checkMobileProvisioning: X
D/dalvikvm(  601): GC_CONCURRENT freed 412K, 14% free 3294K/3828K, paused 3ms+2ms, total 104ms
D/dalvikvm(  355): GC_CONCURRENT freed 670K, 57% free 5547K/12664K, paused 58ms+5ms, total 288ms
D/dalvikvm(  355): WAIT_FOR_CONCURRENT_GC blocked 96ms
D/dalvikvm(  355): WAIT_FOR_CONCURRENT_GC blocked 96ms
D/dalvikvm(  355): WAIT_FOR_CONCURRENT_GC blocked 92ms
D/dalvikvm(  355): WAIT_FOR_CONCURRENT_GC blocked 79ms
D/MobileDataStateTracker(  355): default: isProvisioningNetwork: retVal=false
D/Nat464Xlat(  355): requiresClat: netType=0, hasIPv4Address=true
I/NetworkPolicy(  355): no policy for active mobile network; generating default policy
D/MobileDataStateTracker(  355): default: setPolicyDataEnable(enabled=true)
I/SurfaceFlinger(   58): Boot is finished (69724 ms)
W/ActivityManager(  355): Launch timeout has expired, giving up wake lock!
I/InputReader(  355): Reconfiguring input devices.  changes=0x00000010
I/PackageManager(  355):   Action: "android.intent.action.SENDTO"
I/PackageManager(  355):   Category: "android.intent.category.DEFAULT"
I/PackageManager(  355):   Scheme: "sms"
I/PackageManager(  355): Adding preferred activity ComponentInfo{com.android.mms/com.android.mms.ui.ComposeMessageActivity} for user 0 :
D/ConnectivityService(  355): [CheckMp] isMobileOk: isDefaultProvisioning=false
I/PackageManager(  355):   Action: "android.intent.action.SENDTO"
I/PackageManager(  355):   Category: "android.intent.category.DEFAULT"
I/PackageManager(  355):   Scheme: "smsto"
I/PackageManager(  355): Adding preferred activity ComponentInfo{com.android.mms/com.android.mms.ui.ComposeMessageActivity} for user 0 :
I/PackageManager(  355):   Action: "android.intent.action.SENDTO"
I/PackageManager(  355):   Category: "android.intent.category.DEFAULT"
I/PackageManager(  355):   Scheme: "mms"
I/PackageManager(  355): Adding preferred activity ComponentInfo{com.android.mms/com.android.mms.ui.ComposeMessageActivity} for user 0 :
I/PackageManager(  355):   Action: "android.intent.action.SENDTO"
I/PackageManager(  355):   Category: "android.intent.category.DEFAULT"
I/PackageManager(  355):   Scheme: "mmsto"
I/PackageManager(  355): Adding preferred activity ComponentInfo{com.android.mms/com.android.mms.ui.ComposeMessageActivity} for user 0 :
I/PackageManager(  355):   Action: "android.intent.action.SENDTO"
I/PackageManager(  355):   Category: "android.intent.category.DEFAULT"
I/PackageManager(  355):   Scheme: "sms"
I/PackageManager(  355): Adding preferred activity ComponentInfo{com.android.mms/com.android.mms.ui.ComposeMessageActivity} for user 0 :
D/dalvikvm(  355): GC_CONCURRENT freed 641K, 56% free 5613K/12664K, paused 6ms+5ms, total 195ms
D/dalvikvm(  355): WAIT_FOR_CONCURRENT_GC blocked 70ms
I/PackageManager(  355):   Action: "android.intent.action.SENDTO"
I/PackageManager(  355):   Category: "android.intent.category.DEFAULT"
I/PackageManager(  355):   Scheme: "smsto"
I/PackageManager(  355): Adding preferred activity ComponentInfo{com.android.mms/com.android.mms.ui.ComposeMessageActivity} for user 0 :
D/dalvikvm(  601): GC_CONCURRENT freed 318K, 13% free 3383K/3856K, paused 4ms+32ms, total 87ms
I/PackageManager(  355):   Action: "android.intent.action.SENDTO"
I/PackageManager(  355):   Category: "android.intent.category.DEFAULT"
I/PackageManager(  355):   Scheme: "mms"
I/PackageManager(  355): Adding preferred activity ComponentInfo{com.android.mms/com.android.mms.ui.ComposeMessageActivity} for user 0 :
E/NetdConnector(  355): NDC Command {12 bandwidth setiquota eth0 9223372036854775807} took too long (1341ms)
D/MobileDataStateTracker(  355): default: setPolicyDataEnable(enabled=true)
I/PackageManager(  355): Adding preferred activity ComponentInfo{com.android.mms/com.android.mms.ui.ComposeMessageActivity} for user 0 :
I/PackageManager(  355):   Action: "android.intent.action.SENDTO"
I/PackageManager(  355):   Category: "android.intent.category.DEFAULT"
I/PackageManager(  355):   Scheme: "mmsto"
D/dalvikvm(  355): GC_CONCURRENT freed 611K, 56% free 5615K/12664K, paused 35ms+14ms, total 121ms
I/MediaProvider(  624): Upgrading media database from version 0 to 700, which will destroy all old data
D/MobileDataStateTracker(  355): hipri: isProvisioningNetwork: retVal=false
D/ConnectivityService(  355): [CheckMp] isMobileOk: isHipriProvisioning=false
D/ConnectivityService(  355): [CheckMp] isMobileOk: start hipri url=http://clients3.google.com/generate_204
E/NetdConnector(  355): NDC Command {13 bandwidth removeiquota eth0} took too long (518ms)
W/WindowManager(  355): App freeze timeout expired.
W/WindowManager(  355): Force clearing freeze: AppWindowToken{b31b92a0 token=Token{b31b8138 ActivityRecord{b31b7fd8 u0 com.android.launcher/com.android.launcher2.Launcher t3}}}
I/WindowManager(  355): Screen frozen for +5s47ms due to AppWindowToken{b31b92a0 token=Token{b31b8138 ActivityRecord{b31b7fd8 u0 com.android.launcher/com.android.launcher2.Launcher t3}}}
I/ARMAssembler(   58): generated scanline__00000077:03515104_00009001_00000000 [131 ipp] (153 ins) at [0xb5b26410:0xb5b26674] in 10000000 ns
D/Tethering(  355): MasterInitialState.processMessage what=3
D/CaptivePortalTracker(  355): NoActiveNetworkState{ when=-1ms what=1 obj=NetworkInfo: type: mobile[UMTS], state: CONNECTED/CONNECTED, reason: connected, extra: epc.tmobile.com, roaming: false, failover: false, isAvailable: true, isConnectedToProvisioningNetwork: false target=com.android.internal.util.StateMachine$SmHandler }
D/CaptivePortalTracker(  355): NoActiveNetworkState not a wifi connectivity change, ignore
I/Choreographer(  355): Skipped 98 frames!  The application may be doing too much work on its main thread.
D/dalvikvm(  355): WAIT_FOR_CONCURRENT_GC blocked 94ms
D/dalvikvm(  355): GC_EXPLICIT freed 356K, 57% free 5503K/12664K, paused 255ms+6ms, total 578ms
E/NetdConnector(  355): NDC Command {14 bandwidth setiquota eth0 9223372036854775807} took too long (3108ms)
D/MobileDataStateTracker(  355): default: setPolicyDataEnable(enabled=true)
D/ConnectivityService(  355): startUsingNetworkFeature reconnecting to 0: enableHIPRI
D/ConnectivityService(  355): startUsingNetworkFeature X: return APN_REQUEST_STARTED
D/MobileDataStateTracker(  355): hipri: Broadcast received: android.intent.action.ANY_DATA_STATE apnType=hipri
D/MobileDataStateTracker(  355): hipri: Received state=CONNECTING, old=DISCONNECTED, reason=dataEnabled
D/MobileDataStateTracker(  355): hipri: setDetailed state, old =IDLE and new state=CONNECTING
D/MobileDataStateTracker(  355): fota: Broadcast received: android.intent.action.ANY_DATA_STATE apnType=fota
D/MobileDataStateTracker(  355): fota: Received state=DISCONNECTED, old=DISCONNECTED, reason=dataEnabled
D/MobileDataStateTracker(  355): ia: Broadcast received: android.intent.action.ANY_DATA_STATE apnType=ia
D/MobileDataStateTracker(  355): ia: Received state=DISCONNECTED, old=DISCONNECTED, reason=dataEnabled
D/MobileDataStateTracker(  355): supl: Broadcast received: android.intent.action.ANY_DATA_STATE apnType=supl
D/MobileDataStateTracker(  355): supl: Received state=DISCONNECTED, old=DISCONNECTED, reason=dataEnabled
D/MobileDataStateTracker(  355): ims: Broadcast received: android.intent.action.ANY_DATA_STATE apnType=ims
D/MobileDataStateTracker(  355): ims: Received state=DISCONNECTED, old=DISCONNECTED, reason=dataEnabled
D/MobileDataStateTracker(  355): mms: Broadcast received: android.intent.action.ANY_DATA_STATE apnType=mms
D/MobileDataStateTracker(  355): mms: Received state=DISCONNECTED, old=DISCONNECTED, reason=dataEnabled
D/MobileDataStateTracker(  355): cbs: Broadcast received: android.intent.action.ANY_DATA_STATE apnType=cbs
D/MobileDataStateTracker(  355): cbs: Received state=DISCONNECTED, old=DISCONNECTED, reason=dataEnabled
D/dalvikvm(  601): GC_CONCURRENT freed 504K, 16% free 3297K/3880K, paused 13ms+2ms, total 198ms
D/MobileDataStateTracker(  355): hipri: Broadcast received: android.intent.action.ANY_DATA_STATE apnType=hipri
D/MobileDataStateTracker(  355): hipri: Received state=CONNECTED, old=CONNECTING, reason=dataEnabled
D/MobileDataStateTracker(  355): hipri: setDetailed state, old =CONNECTING and new state=CONNECTED
D/ConnectivityService(  355): ConnectivityChange for mobile_hipri: CONNECTED/CONNECTED
D/AndroidRuntime(  794): 
D/AndroidRuntime(  794): >>>>>> AndroidRuntime START com.android.internal.os.RuntimeInit <<<<<<
E/ConnectivityService(  355): startUsingNetworkFeature took too long: 3458ms
D/ConnectivityService(  355): [CheckMp] isMobileOk: hipri started
D/MobileDataStateTracker(  355): hipri: isProvisioningNetwork: retVal=false
D/ConnectivityService(  355): [CheckMp] isMobileOk: isProvisioningNetwork is false, continue
E/logwrapper(  798): executing /system/bin/ip failed: No such file or directory
D/AndroidRuntime(  794): CheckJNI is ON
E/ConnectivityService(  355): Exception trying to add a route: java.lang.IllegalStateException: command '21 interface fwmark exempt add 10.0.2.2/32' failed with '400 21 Failed to add exemption rule (File exists)'
E/logwrapper(  799): executing /system/bin/ip failed: No such file or directory
E/ConnectivityService(  355): Exception trying to add a route: java.lang.IllegalStateException: command '23 interface fwmark exempt add 10.0.2.3/32' failed with '400 23 Failed to add exemption rule (File exists)'
E/logwrapper(  800): executing /system/bin/ip failed: No such file or directory
E/ConnectivityService(  355): Exception trying to add a route: java.lang.IllegalStateException: command '25 interface fwmark exempt add 10.0.2.2/32' failed with '400 25 Failed to add exemption rule (File exists)'
E/logwrapper(  801): executing /system/bin/ip failed: No such file or directory
E/ConnectivityService(  355): Exception trying to add a route: java.lang.IllegalStateException: command '27 interface fwmark exempt add 10.0.2.4/32' failed with '400 27 Failed to add exemption rule (File exists)'
E/logwrapper(  802): executing /system/bin/ip failed: No such file or directory
E/SecondaryTablController(   55): ip route add failed: /system/bin/ip route add 10.0.2.2/32 via 0.0.0.0 dev eth0 table 60
D/dalvikvm(  794): Trying to load lib libjavacore.so 0x0
W/FrameworkListener(   55): Handler 'interface' error (No such device)
D/dalvikvm(  794): Added shared lib libjavacore.so 0x0
D/dalvikvm(  794): Trying to load lib libnativehelper.so 0x0
D/dalvikvm(  794): Added shared lib libnativehelper.so 0x0
D/dalvikvm(  794): No JNI_OnLoad found in libnativehelper.so 0x0, skipping init
E/ConnectivityService(  355): Exception trying to add a route: java.lang.IllegalStateException: command '28 interface route add eth0 secondary 10.0.2.2 32 0.0.0.0' failed with '400 28 ip route modification failed (No such device)'
E/logwrapper(  803): executing /system/bin/ip failed: No such file or directory
E/SecondaryTablController(   55): ip route add failed: /system/bin/ip route add 0.0.0.0/0 via 10.0.2.2 dev eth0 table 60
W/FrameworkListener(   55): Handler 'interface' error (No such device)
E/ConnectivityService(  355): Exception trying to add a route: java.lang.IllegalStateException: command '29 interface route add eth0 secondary 0.0.0.0 0 10.0.2.2' failed with '400 29 ip route modification failed (No such device)'
D/Nat464Xlat(  355): requiresClat: netType=5, hasIPv4Address=true
D/ConnectivityService(  355): [CheckMp] isMobileOk: addresses=clients3.google.com/172.217.23.14
D/ConnectivityService(  355): [CheckMp] isMobileOk: linkHasIpv4=true linkHasIpv6=false
D/dalvikvm(  794): Note: class Landroid/app/ActivityManagerNative; has 179 unimplemented (abstract) methods
D/MobileDataStateTracker(  355): default: setPolicyDataEnable(enabled=true)
W/NetworkPolicy(  355): shared quota unsupported; generating rule for each iface
D/Launcher.Model(  675): Reload apps on config change. curr_mcc:310 prevmcc:0
I/Choreographer(  675): Skipped 2191 frames!  The application may be doing too much work on its main thread.
I/Choreographer(  675): Skipped 56 frames!  The application may be doing too much work on its main thread.
E/memtrack(  794): Couldn't load memtrack module (No such file or directory)
E/android.os.Debug(  794): failed to load memtrack module: -2
D/dalvikvm(  675): GC_FOR_ALLOC freed 3427K, 47% free 4059K/7572K, paused 77ms, total 97ms
I/dalvikvm-heap(  675): Grow heap (frag case) to 5.575MB for 1610896-byte allocation
D/dalvikvm(  675): GC_CONCURRENT freed 2K, 26% free 5629K/7572K, paused 4ms+3ms, total 151ms
D/dalvikvm(  675): WAIT_FOR_CONCURRENT_GC blocked 122ms
D/dalvikvm(  675): WAIT_FOR_CONCURRENT_GC blocked 29ms
D/dalvikvm(  675): GC_FOR_ALLOC freed 28K, 27% free 5601K/7572K, paused 66ms, total 67ms
I/dalvikvm-heap(  675): Grow heap (frag case) to 7.081MB for 1610896-byte allocation
D/dalvikvm(  675): GC_FOR_ALLOC freed <1K, 6% free 7174K/7572K, paused 91ms, total 91ms
D/dalvikvm(  675): GC_CONCURRENT freed 0K, 6% free 7174K/7572K, paused 2ms+24ms, total 65ms
D/dalvikvm(  675): WAIT_FOR_CONCURRENT_GC blocked 362ms
D/AndroidRuntime(  794): Calling main entry com.android.commands.pm.Pm
E/NetdConnector(  355): NDC Command {31 bandwidth removeiquota eth0} took too long (1787ms)
I/ActivityManager(  355): Displayed com.android.launcher/com.android.launcher2.Launcher: +17s35ms (total +19s800ms)
I/ActivityManager(  355): Start proc com.android.defcontainer for service com.android.defcontainer/.DefaultContainerService: pid=826 uid=10003 gids={50003, 1028, 1015, 1023, 2001, 1035}
D/Tethering(  355): MasterInitialState.processMessage what=3
D/CaptivePortalTracker(  355): NoActiveNetworkState{ when=-3ms what=1 obj=NetworkInfo: type: mobile_hipri[UMTS], state: CONNECTED/CONNECTED, reason: dataEnabled, extra: epc.tmobile.com, roaming: false, failover: false, isAvailable: true, isConnectedToProvisioningNetwork: false target=com.android.internal.util.StateMachine$SmHandler }
D/CaptivePortalTracker(  355): NoActiveNetworkState not a wifi connectivity change, ignore
W/ActivityManager(  355): Activity destroy timeout for ActivityRecord{b32e6490 u0 com.android.settings/.CryptKeeper t1 f}
E/SQLiteLog(  624): (1) no such table: album_info
E/NetdConnector(  355): NDC Command {32 bandwidth setiquota eth0 9223372036854775807} took too long (1714ms)
E/NetdConnector(  355): NDC Command {33 interface route add eth0 default 10.0.2.2 32 0.0.0.0} took too long (660ms)
I/Choreographer(  675): Skipped 82 frames!  The application may be doing too much work on its main thread.
I/Choreographer(  675): Skipped 97 frames!  The application may be doing too much work on its main thread.
E/logwrapper(  861): executing /system/bin/ip failed: No such file or directory
I/ContactLocale(  547): AddressBook Labels [en_US]: [, A, B, C, D, E, F, G, H, I, J, K, L, M, N, O, P, Q, R, S, T, U, V, W, X, Y, Z, , , , , , , , , , , , , , , , , , , , , , , , , , , , , , , , , , , , , , , , , , , , , , , , , , , , , , , , , , , , , , , , , , , , , , , , , , , , , , , , , , , , , , , , , , , , , , , , , , , , , , , , , , , , , , , , , , , , , , , , , , , , , , , , , , , , , , , , , , , , , , , , , , , , , , , , , , , , , , , , , , , , , , , , , , , , , , , , , , , , , , #, ]
E/NetdConnector(  355): NDC Command {34 bandwidth removeiquota eth0} took too long (716ms)
E/NetdConnector(  355): NDC Command {35 interface fwmark exempt add 10.0.2.2/32} took too long (704ms)
E/ConnectivityService(  355): Exception trying to add a route: java.lang.IllegalStateException: command '35 interface fwmark exempt add 10.0.2.2/32' failed with '400 35 Failed to add exemption rule (File exists)'
I/Choreographer(  675): Skipped 83 frames!  The application may be doing too much work on its main thread.
W/ActivityManager(  355): No content provider found for permission revoke: file:///data/local/tmp/sample_for_analysis.apk
E/NetdConnector(  355): NDC Command {36 bandwidth setiquota eth0 9223372036854775807} took too long (1607ms)
D/MobileDataStateTracker(  355): default: setPolicyDataEnable(enabled=true)
E/NetdConnector(  355): NDC Command {37 interface route add eth0 default 172.217.23.14 32 10.0.2.2} took too long (1658ms)
E/logwrapper(  879): executing /system/bin/ip failed: No such file or directory
E/ConnectivityService(  355): Exception trying to add a route: java.lang.IllegalStateException: command '39 interface fwmark exempt add 172.217.23.14/32' failed with '400 39 Failed to add exemption rule (File exists)'
D/ConnectivityService(  355): requestRouteToHostAddress ok=false
D/ConnectivityService(  355): [CheckMp] isMobileOk: could not establish route to hostAddr=clients3.google.com/172.217.23.14
D/GpsLocationProvider(  355): NTP server returned: 1545729771042 (Tue Dec 25 04:22:51 EST 2018) reference: 74632 certainty: 10 system time offset: -29563
D/dalvikvm(  675): GC_CONCURRENT freed 1922K, 24% free 6618K/8628K, paused 5ms+3ms, total 34ms
W/ActivityManager(  355): No content provider found for permission revoke: file:///data/local/tmp/sample_for_analysis.apk
I/PackageManager(  355): Copying native libraries to /data/app-lib/vmdl-1338872887
D/dalvikvm(  624): GC_CONCURRENT freed 227K, 10% free 2881K/3184K, paused 53ms+2ms, total 83ms
D/dalvikvm(  355): GC_CONCURRENT freed 512K, 56% free 5616K/12520K, paused 6ms+91ms, total 163ms
I/ActivityManager(  355): Start proc com.android.exchange for content provider com.android.exchange/.provider.ExchangeDirectoryProvider: pid=883 uid=10025 gids={50025, 3003, 1028, 1015}
I/DownloadManager(  624): Upgrading downloads database from version 0 to version 109, which will destroy all old data
D/dalvikvm(  355): GC_CONCURRENT freed 309K, 52% free 6012K/12520K, paused 6ms+4ms, total 58ms
D/dalvikvm(  355): WAIT_FOR_CONCURRENT_GC blocked 38ms
D/dalvikvm(  355): GC_CONCURRENT freed 642K, 52% free 6122K/12520K, paused 7ms+7ms, total 77ms
D/dalvikvm(  355): GC_CONCURRENT freed 397K, 49% free 6506K/12520K, paused 6ms+5ms, total 78ms
D/dalvikvm(  355): GC_CONCURRENT freed 776K, 48% free 6596K/12520K, paused 5ms+7ms, total 71ms
D/dalvikvm(  355): GC_CONCURRENT freed 884K, 48% free 6607K/12520K, paused 6ms+5ms, total 70ms
D/dalvikvm(  355): GC_CONCURRENT freed 890K, 48% free 6621K/12520K, paused 5ms+7ms, total 71ms
E/logwrapper(  897): executing /system/bin/ip failed: No such file or directory
E/ConnectivityService(  355): Exception trying to add a route: java.lang.IllegalStateException: command '41 interface fwmark exempt add 10.0.2.2/32' failed with '400 41 Failed to add exemption rule (File exists)'
E/logwrapper(  898): executing /system/bin/ip failed: No such file or directory
E/ConnectivityService(  355): Exception trying to add a route: java.lang.IllegalStateException: command '43 interface fwmark exempt add 172.217.23.14/32' failed with '400 43 Failed to add exemption rule (File exists)'
D/ConnectivityService(  355): requestRouteToHostAddress ok=false
D/ConnectivityService(  355): [CheckMp] isMobileOk: could not establish route to hostAddr=clients3.google.com/172.217.23.14
D/dalvikvm(  355): GC_CONCURRENT freed 894K, 48% free 6621K/12520K, paused 6ms+5ms, total 70ms
D/dalvikvm(  355): GC_CONCURRENT freed 901K, 48% free 6628K/12520K, paused 6ms+6ms, total 72ms
D/dalvikvm(  355): GC_CONCURRENT freed 907K, 48% free 6633K/12520K, paused 7ms+8ms, total 74ms
D/dalvikvm(  355): GC_CONCURRENT freed 906K, 47% free 6638K/12520K, paused 5ms+4ms, total 69ms
D/dalvikvm(  355): GC_CONCURRENT freed 906K, 47% free 6643K/12520K, paused 6ms+5ms, total 71ms
D/dalvikvm(  355): GC_CONCURRENT freed 900K, 47% free 6667K/12520K, paused 6ms+6ms, total 81ms
I/PackageManager(  355): Running dexopt on: com.hakogksk9.abc
E/dalvikvm(  899): VFY: unexpected opcode 00f9
E/dalvikvm(  899): VFY: unexpected opcode 00e8
E/dalvikvm(  899): VFY: unexpected opcode 00eb
D/dalvikvm(  899): DexOpt: load 163ms, verify+opt 480ms, 945860 bytes
D/dalvikvm(  355): GC_CONCURRENT freed 862K, 47% free 6680K/12520K, paused 7ms+13ms, total 74ms
E/logwrapper(  901): executing /system/bin/ip failed: No such file or directory
E/ConnectivityService(  355): Exception trying to add a route: java.lang.IllegalStateException: command '45 interface fwmark exempt add 10.0.2.2/32' failed with '400 45 Failed to add exemption rule (File exists)'
E/logwrapper(  902): executing /system/bin/ip failed: No such file or directory
E/ConnectivityService(  355): Exception trying to add a route: java.lang.IllegalStateException: command '47 interface fwmark exempt add 172.217.23.14/32' failed with '400 47 Failed to add exemption rule (File exists)'
D/ConnectivityService(  355): requestRouteToHostAddress ok=false
D/ConnectivityService(  355): [CheckMp] isMobileOk: could not establish route to hostAddr=clients3.google.com/172.217.23.14
I/ActivityManager(  355): Start proc com.android.externalstorage for broadcast com.android.externalstorage/.MountReceiver: pid=903 uid=10006 gids={50006, 1028, 1015, 1023}
I/ActivityManager(  355): Force stopping com.hakogksk9.abc appid=10052 user=-1: update pkg
D/BackupManagerService(  355): Received broadcast Intent { act=android.intent.action.PACKAGE_ADDED dat=package:com.hakogksk9.abc flg=0x4000010 (has extras) }
V/BackupManagerService(  355): addPackageParticipantsLocked: #1
I/InputReader(  355): Reconfiguring input devices.  changes=0x00000010
I/PackageManager(  355):   Action: "android.intent.action.SENDTO"
I/PackageManager(  355):   Category: "android.intent.category.DEFAULT"
I/PackageManager(  355):   Scheme: "sms"
I/PackageManager(  355): Adding preferred activity ComponentInfo{com.android.mms/com.android.mms.ui.ComposeMessageActivity} for user 0 :
I/PackageManager(  355):   Action: "android.intent.action.SENDTO"
I/PackageManager(  355):   Category: "android.intent.category.DEFAULT"
I/PackageManager(  355):   Scheme: "smsto"
I/PackageManager(  355): Adding preferred activity ComponentInfo{com.android.mms/com.android.mms.ui.ComposeMessageActivity} for user 0 :
I/PackageManager(  355):   Action: "android.intent.action.SENDTO"
I/PackageManager(  355):   Category: "android.intent.category.DEFAULT"
I/PackageManager(  355):   Scheme: "mms"
I/PackageManager(  355): Adding preferred activity ComponentInfo{com.android.mms/com.android.mms.ui.ComposeMessageActivity} for user 0 :
I/PackageManager(  355):   Action: "android.intent.action.SENDTO"
I/PackageManager(  355):   Category: "android.intent.category.DEFAULT"
I/PackageManager(  355):   Scheme: "mmsto"
I/PackageManager(  355): Adding preferred activity ComponentInfo{com.android.mms/com.android.mms.ui.ComposeMessageActivity} for user 0 :
I/PackageManager(  355):   Action: "android.intent.action.SENDTO"
