D/dalvikvm(   58): GC_EXPLICIT freed <1K, 5% free 2705K/2820K, paused 19ms+2ms, total 61ms
V/xiaomi  ( 1156): [Thread:144] receive an intent from server, action=com.xiaomi.mipush.ERROR
V/xiaomi  ( 1156): receive a error message. code = 22006, msg= Id
I/Choreographer( 1156): Skipped 34 frames!  The application may be doing too much work on its main thread.
D/AndroidRuntime( 1384): Shutting down VM
D/dalvikvm( 1384): GC_CONCURRENT freed 97K, 15% free 587K/688K, paused 2ms+1ms, total 9ms
D/dalvikvm(  336): GC_CONCURRENT freed 742K, 50% free 5976K/11876K, paused 26ms+65ms, total 553ms
D/dalvikvm(  336): WAIT_FOR_CONCURRENT_GC blocked 82ms
D/dalvikvm( 1418): GC_CONCURRENT freed 273K, 11% free 2874K/3220K, paused 4ms+16ms, total 255ms
D/dalvikvm( 1418): GC_CONCURRENT freed 328K, 12% free 2996K/3396K, paused 4ms+51ms, total 115ms
I/dalvikvm( 1418): Could not find method android.net.LinkAddress.getPrefixLength, referenced from method com.yundong.dex.executor.DNSExecutor.static_21_
W/dalvikvm( 1418): VFY: unable to resolve virtual method 70: Landroid/net/LinkAddress;.getPrefixLength ()I
D/dalvikvm( 1418): VFY: replacing opcode 0x74 at 0x0103
D/dalvikvm(  336): GC_EXPLICIT freed 435K, 49% free 6095K/11876K, paused 6ms+53ms, total 267ms
D/baidu_location_client( 1245): baidu location connected ...
W/DeviceId( 1418): galaxy lib host missing meta-data,make sure you know the right way to integrate galaxy
W/DeviceId( 1418): galaxy lib host missing meta-data,make sure you know the right way to integrate galaxy
W/DeviceId( 1418): galaxy lib host missing meta-data,make sure you know the right way to integrate galaxy
V/AlarmClock(  967): AlarmInitReceiver android.intent.action.TIME_SET
V/ProxyFactroy( 1418): getInstance[base] successfully
I/AlarmClock(  967): Displaying next alarm time: ''
I/Process (  336): Sending signal. PID: 1156 SIG: 3
I/dalvikvm( 1156): threadid=3: reacting to signal 3
V/AlarmClock(  967): AlarmInitReceiver finished
I/dalvikvm( 1156): Wrote stack traces to '/data/anr/traces.txt'
I/Process (  336): Sending signal. PID: 967 SIG: 3
I/dalvikvm(  967): threadid=3: reacting to signal 3
I/Process (  336): Sending signal. PID: 972 SIG: 3
I/dalvikvm(  972): threadid=3: reacting to signal 3
D/baidu_location_client( 1418): baidu location connected ...
I/Process (  336): Sending signal. PID: 1317 SIG: 3
I/dalvikvm( 1317): threadid=3: reacting to signal 3
V/Agoo    ( 1418): agoo_logger_path[/storage/sdcard/_agoo_log_bin_]
D/ControlService( 1418): onHandleIntent [com.yundong.plugin][com.yundong.plugin.intent.action.COMMAND]
D/ControlService( 1418): command --->[register]
I/dalvikvm( 1317): Wrote stack traces to '/data/anr/traces.txt'
D/dalvikvm(  336): GC_FOR_ALLOC freed 513K, 48% free 6206K/11876K, paused 114ms, total 117ms
I/dalvikvm(  967): Wrote stack traces to '/data/anr/traces.txt'
D/dalvikvm( 1418): GC_CONCURRENT freed 439K, 15% free 3054K/3572K, paused 3ms+2ms, total 218ms
D/dalvikvm( 1418): WAIT_FOR_CONCURRENT_GC blocked 18ms
I/dalvikvm(  972): Wrote stack traces to '/data/anr/traces.txt'
E/memtrack( 1395): Couldn't load memtrack module (No such file or directory)
E/android.os.Debug( 1395): failed to load memtrack module: -2
V/ControlService( 1418): handleRegister[com.yundong.plugin]--->[deviceToken==null][retty:false]
D/ControlService( 1418): doRegister app_version=2.1.0
D/dalvikvm( 1418): GC_FOR_ALLOC freed 337K, 15% free 3081K/3624K, paused 79ms, total 79ms
D/AndroidRuntime( 1395): Calling main entry com.yundong.plugin.service.Daemon
D/httpClient( 1418): isRedirectRequested[Server==nginxDate==Wed, 26 Dec 2018 18:53:50 GMTContent-Type==application/json;charset=UTF-8Content-Length==182Connection==keep-aliveMres-length==182m-retcode==SUCCESSMTOP-x-provider==c9c8fcc5955b1c29a69981d95c9b6a54d9dfb8fd06bced0dbeb3390c802a599aba93e13af72c1922763bf6838d32bb74x-paramkey==mtop.push.device.createAndRegisters-rt==82]
D/SyncHttp.client( 1418): request url:[http://api.m.taobao.com/rest/api3.do?ttid=android%40umeng&t=1545850428&imei=umeng&appKey=umeng%3A58ca1072734be4161600127e&v=4.0&sign=aada85ac65338827ded13cdff3e47d64&data=%7B%22new_device%22%3A%22true%22%2C%22c1%22%3A%22sdk%22%2C%22c2%22%3A%22umeng%22%2C%22device_global_id%22%3A%22XCPOO933zFMDAJwcljApoWUY%22%2C%22c0%22%3A%22generic%22%2C%22c6%22%3A%22bafc468be7f4fc4e%22%2C%22package_name%22%3A%22com.yundong.plugin%22%2C%22c5%22%3A%22unknown%22%2C%22app_version%22%3A%222.1.0%22%2C%22sdk_version%22%3A20160215%2C%22c4%22%3A%22%22%2C%22c3%22%3A%22umeng%22%7D&api=mtop.push.device.createAndRegister&imsi=umeng] : result code [200]:[{"api":"mtop.push.device.createAndRegister","data":{"device_id":"Aj6vijqPJ25YzuOnPi5QQvilF_EYVz7N23Qff7iQBHwY","push_key":"abf957ea"},"ret":["SUCCESS::"],"v":"4.0"}]
D/MtopResponseHelper( 1418): MtopResponseHelper:[Result [isSuccess=true, httpCode=200, data={"push_key":"abf957ea","device_id":"Aj6vijqPJ25YzuOnPi5QQvilF_EYVz7N23Qff7iQBHwY"}, retDesc=, retCode=SUCCESS, headers={}]]
D/ControlService( 1418): register--->[result:{"push_key":"abf957ea","device_id":"Aj6vijqPJ25YzuOnPi5QQvilF_EYVz7N23Qff7iQBHwY"}]
D/dalvikvm( 1317): Trying to load lib /data/app-lib/com.yundong.plugin-1/liblocSDK6a.so 0xb2d223f0
D/ElectionService( 1418): current android os version=19
D/ElectionService( 1418): register app data=null
D/ElectionService( 1418): registerApp save[{"com.yundong.plugin":"{\"appInstallTime\":1545850378597,\"appSdkVersion\":20160215,\"appVersionHash\":312776214,\"appKey\":\"umeng:58ca1072734be4161600127e\"}"}]
D/BaseIntentService( 1156): runIntent to receive one messageIntent { act=com.yundong.plugin.intent.action.COMMAND flg=0x10 pkg=com.yundong.plugin cmp=com.yundong.plugin/com.umeng.message.RegistrationReceiver (has extras) }|com.umeng.message.UmengIntentService
V/BaseIntentService( 1418): auto update [updateSwitchConfig]
V/ProxyFactroy( 1418): getInstance[base] successfully
D/dalvikvm( 1317): Added shared lib /data/app-lib/com.yundong.plugin-1/liblocSDK6a.so 0xb2d223f0
D/dalvikvm( 1317): No JNI_OnLoad found in /data/app-lib/com.yundong.plugin-1/liblocSDK6a.so 0xb2d223f0, skipping init
D/dalvikvm( 1418): GC_CONCURRENT freed 311K, 13% free 3169K/3624K, paused 42ms+2ms, total 165ms
D/AndroidRuntime( 1462): 
D/AndroidRuntime( 1462): >>>>>> AndroidRuntime START com.android.internal.os.RuntimeInit <<<<<<
D/AndroidRuntime( 1462): CheckJNI is ON
D/httpClient( 1418): isRedirectRequested[Server==nginxDate==Wed, 26 Dec 2018 18:53:51 GMTContent-Type==application/json;charset=UTF-8Content-Length==90Connection==keep-alivex-paramkey==mtop.wswitch.syncconfiggroups-rt==54]
D/SyncHttp.client( 1418): request url:[http://api.m.taobao.com/rest/api3.do?t=1545850430&deviceId=Aj6vijqPJ25YzuOnPi5QQvilF_EYVz7N23Qff7iQBHwY&imei=umeng&appKey=umeng%3A58ca1072734be4161600127e&v=1.0&sign=babcbc5a2d3a847c28e554e8b7c1c37d&data=%7B%22configName%22%3A%22client_sdk_switch%22%7D&api=mtop.wswitch.syncconfiggroup&imsi=umeng] : result code [200]:[{"api":"mtop.wswitch.syncconfiggroup","v":"1.0","ret":["FAIL::"],"data":{}}]
D/MtopResponseHelper( 1418): MtopResponseHelper:[Result [isSuccess=false, httpCode=200, data={}, retDesc=, retCode=FAIL, headers={}]]
V/ProxyFactroy( 1418): getInstance[base] successfully
D/ControlService( 1418): onHandleIntent [com.yundong.plugin][com.yundong.plugin.intent.action.COMMAND]
D/ControlService( 1418): command --->[registration]
W/dalvikvm( 1418): Unable to resolve superclass of Lcom/umeng/message/protobuffer/PushResponse; (1579)
W/dalvikvm( 1418): Link of class 'Lcom/umeng/message/protobuffer/PushResponse;' failed
W/dalvikvm( 1418): VFY: unable to find class referenced in signature (Lcom/umeng/message/protobuffer/PushResponse;)
W/dalvikvm( 1418): Unable to resolve superclass of Lcom/umeng/message/protobuffer/PushResponse; (1579)
W/dalvikvm( 1418): Link of class 'Lcom/umeng/message/protobuffer/PushResponse;' failed
W/dalvikvm( 1418): VFY: unable to resolve instance field 6675
D/dalvikvm( 1418): VFY: replacing opcode 0x54 at 0x0027
W/dalvikvm( 1418): Unable to resolve superclass of Lcom/umeng/message/protobuffer/PushResponse; (1579)
W/dalvikvm( 1418): Link of class 'Lcom/umeng/message/protobuffer/PushResponse;' failed
W/dalvikvm( 1418): VFY: unable to find class referenced in signature (Lcom/umeng/message/protobuffer/PushResponse;)
W/dalvikvm( 1418): Unable to resolve superclass of Lcom/umeng/message/protobuffer/PushResponse; (1579)
W/dalvikvm( 1418): Link of class 'Lcom/umeng/message/protobuffer/PushResponse;' failed
W/dalvikvm( 1418): VFY: unable to resolve instance field 6675
D/dalvikvm( 1418): VFY: replacing opcode 0x54 at 0x0080
W/dalvikvm( 1418): Unable to resolve superclass of Lcom/umeng/message/protobuffer/PushResponse; (1579)
W/dalvikvm( 1418): Link of class 'Lcom/umeng/message/protobuffer/PushResponse;' failed
W/dalvikvm( 1418): VFY: unable to resolve instance field 6675
D/dalvikvm( 1418): VFY: replacing opcode 0x54 at 0x009b
I/MediaFocusControl(  336):  AudioFocus  abandonAudioFocus() from android.media.AudioManager@b2d253a0com.android.music.MediaPlaybackService$3@b2d24220
W/dalvikvm( 1418): Unable to resolve superclass of Lcom/umeng/message/protobuffer/PushResponse; (1579)
W/dalvikvm( 1418): Link of class 'Lcom/umeng/message/protobuffer/PushResponse;' failed
W/dalvikvm( 1418): VFY: unable to resolve instance field 6676
D/dalvikvm( 1418): VFY: replacing opcode 0x54 at 0x00b6
W/dalvikvm( 1418): Unable to resolve superclass of Lcom/umeng/message/protobuffer/PushResponse; (1579)
W/dalvikvm( 1418): Link of class 'Lcom/umeng/message/protobuffer/PushResponse;' failed
W/dalvikvm( 1418): VFY: unable to find class referenced in signature (Lcom/umeng/message/protobuffer/PushResponse;)
W/dalvikvm( 1418): Unable to resolve superclass of Lcom/umeng/message/protobuffer/PushResponse; (1579)
W/dalvikvm( 1418): Link of class 'Lcom/umeng/message/protobuffer/PushResponse;' failed
W/dalvikvm( 1418): VFY: unable to resolve instance field 6675
D/dalvikvm( 1418): VFY: replacing opcode 0x54 at 0x0081
W/dalvikvm( 1418): Unable to resolve superclass of Lcom/umeng/message/protobuffer/PushResponse; (1579)
W/dalvikvm( 1418): Link of class 'Lcom/umeng/message/protobuffer/PushResponse;' failed
W/dalvikvm( 1418): VFY: unable to resolve instance field 6675
D/dalvikvm( 1418): VFY: replacing opcode 0x54 at 0x009c
W/dalvikvm( 1418): Unable to resolve superclass of Lcom/umeng/message/protobuffer/PushResponse; (1579)
W/dalvikvm( 1418): Link of class 'Lcom/umeng/message/protobuffer/PushResponse;' failed
W/dalvikvm( 1418): VFY: unable to resolve instance field 6676
D/dalvikvm( 1418): VFY: replacing opcode 0x54 at 0x00b7
W/dalvikvm( 1418): Unable to resolve superclass of Lcom/umeng/message/protobuffer/PushResponse; (1579)
W/dalvikvm( 1418): Link of class 'Lcom/umeng/message/protobuffer/PushResponse;' failed
W/dalvikvm( 1418): VFY: unable to find class referenced in signature (Lcom/umeng/message/protobuffer/PushResponse;)
W/dalvikvm( 1418): Unable to resolve superclass of Lcom/umeng/message/protobuffer/PushResponse; (1579)
W/dalvikvm( 1418): Link of class 'Lcom/umeng/message/protobuffer/PushResponse;' failed
W/dalvikvm( 1418): VFY: unable to resolve instance field 6675
D/dalvikvm( 1418): VFY: replacing opcode 0x54 at 0x004c
W/dalvikvm( 1418): Unable to resolve superclass of Lcom/umeng/message/protobuffer/PushResponse; (1579)
W/dalvikvm( 1418): Link of class 'Lcom/umeng/message/protobuffer/PushResponse;' failed
W/dalvikvm( 1418): VFY: unable to resolve instance field 6675
D/dalvikvm( 1418): VFY: replacing opcode 0x54 at 0x0067
D/dalvikvm( 1462): Trying to load lib libjavacore.so 0x0
W/dalvikvm( 1418): Unable to resolve superclass of Lcom/umeng/message/protobuffer/PushResponse; (1579)
W/dalvikvm( 1418): Link of class 'Lcom/umeng/message/protobuffer/PushResponse;' failed
W/dalvikvm( 1418): VFY: unable to find class referenced in signature (Lcom/umeng/message/protobuffer/PushResponse;)
W/dalvikvm( 1418): Unable to resolve superclass of Lcom/umeng/message/protobuffer/PushResponse; (1579)
W/dalvikvm( 1418): Link of class 'Lcom/umeng/message/protobuffer/PushResponse;' failed
W/dalvikvm( 1418): VFY: unable to find class referenced in signature (Lcom/umeng/message/protobuffer/PushResponse;)
W/dalvikvm( 1418): Unable to resolve superclass of Lcom/umeng/message/protobuffer/PushResponse; (1579)
W/dalvikvm( 1418): Link of class 'Lcom/umeng/message/protobuffer/PushResponse;' failed
W/dalvikvm( 1418): VFY: unable to resolve instance field 6675
D/dalvikvm( 1418): VFY: replacing opcode 0x54 at 0x009c
D/dalvikvm( 1462): Added shared lib libjavacore.so 0x0
W/dalvikvm( 1418): Unable to resolve superclass of Lcom/umeng/message/protobuffer/PushResponse; (1579)
W/dalvikvm( 1418): Link of class 'Lcom/umeng/message/protobuffer/PushResponse;' failed
W/dalvikvm( 1418): VFY: unable to resolve instance field 6675
D/dalvikvm( 1418): VFY: replacing opcode 0x54 at 0x00b7
W/dalvikvm( 1418): Unable to resolve superclass of Lcom/umeng/message/protobuffer/PushResponse; (1579)
W/dalvikvm( 1418): Link of class 'Lcom/umeng/message/protobuffer/PushResponse;' failed
W/dalvikvm( 1418): VFY: unable to find class referenced in signature (Lcom/umeng/message/protobuffer/PushResponse;)
W/dalvikvm( 1418): Unable to resolve superclass of Lcom/umeng/message/protobuffer/PushResponse; (1579)
W/dalvikvm( 1418): Link of class 'Lcom/umeng/message/protobuffer/PushResponse;' failed
W/dalvikvm( 1418): VFY: unable to find class referenced in signature (Lcom/umeng/message/protobuffer/PushResponse;)
W/dalvikvm( 1418): Unable to resolve superclass of Lcom/umeng/message/protobuffer/PushResponse; (1579)
W/dalvikvm( 1418): Link of class 'Lcom/umeng/message/protobuffer/PushResponse;' failed
W/dalvikvm( 1418): VFY: unable to resolve instance field 6675
D/dalvikvm( 1418): VFY: replacing opcode 0x54 at 0x006c
W/dalvikvm( 1418): Unable to resolve superclass of Lcom/umeng/message/protobuffer/PushResponse; (1579)
W/dalvikvm( 1418): Link of class 'Lcom/umeng/message/protobuffer/PushResponse;' failed
W/dalvikvm( 1418): VFY: unable to find class referenced in signature (Lcom/umeng/message/protobuffer/PushResponse;)
W/dalvikvm( 1418): Unable to resolve superclass of Lcom/umeng/message/protobuffer/PushResponse; (1579)
W/dalvikvm( 1418): Link of class 'Lcom/umeng/message/protobuffer/PushResponse;' failed
W/dalvikvm( 1418): VFY: unable to resolve instance field 6675
D/dalvikvm( 1418): VFY: replacing opcode 0x54 at 0x0053
W/dalvikvm( 1418): Unable to resolve superclass of Lcom/umeng/message/protobuffer/PushResponse; (1579)
W/dalvikvm( 1418): Link of class 'Lcom/umeng/message/protobuffer/PushResponse;' failed
W/dalvikvm( 1418): VFY: unable to resolve instance field 6675
D/dalvikvm( 1418): VFY: replacing opcode 0x54 at 0x006e
W/dalvikvm( 1418): Unable to resolve superclass of Lcom/umeng/message/protobuffer/PushResponse; (1579)
W/dalvikvm( 1418): Link of class 'Lcom/umeng/message/protobuffer/PushResponse;' failed
W/dalvikvm( 1418): VFY: unable to find class referenced in signature (Lcom/umeng/message/protobuffer/PushResponse;)
W/dalvikvm( 1418): Unable to resolve superclass of Lcom/umeng/message/protobuffer/PushResponse; (1579)
W/dalvikvm( 1418): Link of class 'Lcom/umeng/message/protobuffer/PushResponse;' failed
W/dalvikvm( 1418): VFY: unable to find class referenced in signature (Lcom/umeng/message/protobuffer/PushResponse;)
D/LightsService(  336): Excessive delay setting light: 780ms
W/dalvikvm( 1418): Unable to resolve superclass of Lcom/umeng/message/protobuffer/PushResponse; (1579)
W/dalvikvm( 1418): Link of class 'Lcom/umeng/message/protobuffer/PushResponse;' failed
W/dalvikvm( 1418): VFY: unable to resolve instance field 6675
D/dalvikvm( 1418): VFY: replacing opcode 0x54 at 0x0058
W/dalvikvm( 1418): Unable to resolve superclass of Lcom/umeng/message/protobuffer/PushResponse; (1579)
W/dalvikvm( 1418): Link of class 'Lcom/umeng/message/protobuffer/PushResponse;' failed
W/dalvikvm( 1418): VFY: unable to resolve instance field 6675
D/dalvikvm( 1418): VFY: replacing opcode 0x54 at 0x0073
W/dalvikvm( 1418): Unable to resolve superclass of Lcom/umeng/message/protobuffer/PushResponse; (1579)
W/dalvikvm( 1418): Link of class 'Lcom/umeng/message/protobuffer/PushResponse;' failed
W/dalvikvm( 1418): VFY: unable to find class referenced in signature (Lcom/umeng/message/protobuffer/PushResponse;)
W/dalvikvm( 1418): Unable to resolve superclass of Lcom/umeng/message/protobuffer/PushResponse; (1579)
W/dalvikvm( 1418): Link of class 'Lcom/umeng/message/protobuffer/PushResponse;' failed
W/dalvikvm( 1418): VFY: unable to find class referenced in signature (Lcom/umeng/message/protobuffer/PushResponse;)
W/dalvikvm( 1418): Unable to resolve superclass of Lcom/umeng/message/protobuffer/PushResponse; (1579)
W/dalvikvm( 1418): Link of class 'Lcom/umeng/message/protobuffer/PushResponse;' failed
W/dalvikvm( 1418): VFY: unable to resolve instance field 6675
D/dalvikvm( 1418): VFY: replacing opcode 0x54 at 0x008a
W/dalvikvm( 1418): Unable to resolve superclass of Lcom/umeng/message/protobuffer/PushResponse; (1579)
W/dalvikvm( 1418): Link of class 'Lcom/umeng/message/protobuffer/PushResponse;' failed
W/dalvikvm( 1418): VFY: unable to resolve instance field 6675
D/dalvikvm( 1418): VFY: replacing opcode 0x54 at 0x00a5
I/dalvikvm( 1418): Could not find method android.support.v4.app.NotificationCompat$Builder.setSmallIcon, referenced from method com.umeng.message.UmengMessageHandler.a
W/dalvikvm( 1418): VFY: unable to resolve virtual method 928: Landroid/support/v4/app/NotificationCompat$Builder;.setSmallIcon (I)Landroid/support/v4/app/NotificationCompat$Builder;
D/dalvikvm( 1418): VFY: replacing opcode 0x6e at 0x000c
E/dalvikvm( 1418): Could not find class 'android.support.v4.app.NotificationCompat$Builder', referenced from method com.umeng.message.UmengMessageHandler.dealWithNotificationMessage
W/dalvikvm( 1418): VFY: unable to resolve new-instance 186 (Landroid/support/v4/app/NotificationCompat$Builder;) in Lcom/umeng/message/UmengMessageHandler;
D/dalvikvm( 1418): VFY: replacing opcode 0x22 at 0x0094
D/dalvikvm( 1462): Trying to load lib libnativehelper.so 0x0
D/dalvikvm( 1462): Added shared lib libnativehelper.so 0x0
D/dalvikvm( 1462): No JNI_OnLoad found in libnativehelper.so 0x0, skipping init
D/dalvikvm( 1418): DexOpt: unable to opt direct call 0x0399 at 0x96 in Lcom/umeng/message/UmengMessageHandler;.dealWithNotificationMessage
D/com.umeng.message.MessageSharedPrefs( 1418): Constructor()
W/Settings( 1418): Setting android_id has moved from android.provider.Settings.System to android.provider.Settings.Secure, returning read-only value.
D/dalvikvm( 1418): GC_CONCURRENT freed 395K, 13% free 3188K/3652K, paused 22ms+11ms, total 204ms
D/dalvikvm( 1317): GC_CONCURRENT freed 304K, 11% free 3085K/3460K, paused 4ms+2ms, total 84ms
W/Settings( 1418): Setting android_id has moved from android.provider.Settings.System to android.provider.Settings.Secure, returning read-only value.
D/AndroidRuntime( 1469): 
D/AndroidRuntime( 1469): >>>>>> AndroidRuntime START com.android.internal.os.RuntimeInit <<<<<<
D/AndroidRuntime( 1469): CheckJNI is ON
I/Choreographer( 1156): Skipped 34 frames!  The application may be doing too much work on its main thread.
D/dalvikvm( 1469): Trying to load lib libjavacore.so 0x0
D/dalvikvm( 1469): Added shared lib libjavacore.so 0x0
W/dalvikvm( 1418): Unable to resolve superclass of Lcom/umeng/message/protobuffer/PushResponse; (1579)
W/dalvikvm( 1418): Link of class 'Lcom/umeng/message/protobuffer/PushResponse;' failed
W/dalvikvm( 1418): VFY: unable to find class referenced in signature (Lcom/umeng/message/protobuffer/PushResponse;)
W/dalvikvm( 1418): Unable to resolve superclass of Lcom/umeng/message/protobuffer/PushResponse; (1579)
W/dalvikvm( 1418): Link of class 'Lcom/umeng/message/protobuffer/PushResponse;' failed
W/dalvikvm( 1418): VFY: unable to resolve instance field 6675
D/dalvikvm( 1418): VFY: replacing opcode 0x54 at 0x0067
D/dalvikvm( 1469): Trying to load lib libnativehelper.so 0x0
D/dalvikvm( 1469): Added shared lib libnativehelper.so 0x0
D/dalvikvm( 1469): No JNI_OnLoad found in libnativehelper.so 0x0, skipping init
W/dalvikvm( 1418): Unable to resolve superclass of Lcom/umeng/message/protobuffer/PushResponse; (1579)
W/dalvikvm( 1418): Link of class 'Lcom/umeng/message/protobuffer/PushResponse;' failed
W/dalvikvm( 1418): VFY: unable to resolve static field 6671 (ADAPTER) in Lcom/umeng/message/protobuffer/PushResponse;
D/dalvikvm( 1418): VFY: replacing opcode 0x62 at 0x0001
W/dalvikvm( 1418): Unable to resolve superclass of Lcom/umeng/message/protobuffer/PushResponse; (1579)
W/dalvikvm( 1418): Link of class 'Lcom/umeng/message/protobuffer/PushResponse;' failed
W/dalvikvm( 1418): VFY: unable to resolve instance field 6675
D/dalvikvm( 1418): VFY: replacing opcode 0x54 at 0x0018
W/dalvikvm( 1418): Unable to resolve superclass of Lcom/umeng/message/protobuffer/PushResponse; (1579)
W/dalvikvm( 1418): Link of class 'Lcom/umeng/message/protobuffer/PushResponse;' failed
W/dalvikvm( 1418): VFY: unable to find class referenced in signature (Lcom/umeng/message/protobuffer/PushResponse;)
W/dalvikvm( 1418): Unable to resolve superclass of Lcom/umeng/message/protobuffer/PushResponse; (1579)
W/dalvikvm( 1418): Link of class 'Lcom/umeng/message/protobuffer/PushResponse;' failed
I/dalvikvm( 1156): Could not find method android.support.v4.content.LocalBroadcastManager.getInstance, referenced from method com.umeng.message.UmengMessageCallbackHandlerService.a
W/dalvikvm( 1156): VFY: unable to resolve static method 931: Landroid/support/v4/content/LocalBroadcastManager;.getInstance (Landroid/content/Context;)Landroid/support/v4/content/LocalBroadcastManager;
D/dalvikvm( 1156): VFY: replacing opcode 0x71 at 0x002d
D/dalvikvm( 1469): Note: class Landroid/app/ActivityManagerNative; has 179 unimplemented (abstract) methods
D/com.umeng.message.UmengMessageCallbackHandlerService( 1156): processName=com.yundong.plugin
D/com.umeng.message.UmengMessageCallbackHandlerService( 1156): enable(): register-->:Aj6vijqPJ25YzuOnPi5QQvilF_EYVz7N23Qff7iQBHwY
I/Choreographer( 1156): Skipped 55 frames!  The application may be doing too much work on its main thread.
E/memtrack( 1469): Couldn't load memtrack module (No such file or directory)
E/android.os.Debug( 1469): failed to load memtrack module: -2
D/        (  336): Setting time of day to sec=1545850419
D/ElectionService( 1418): doElection[targetPackage:com.yundong.plugin]
D/AndroidRuntime( 1469): Calling main entry com.android.commands.am.Am
I/ActivityManager(  336): START u0 {act=android.intent.action.MAIN cat=[android.intent.category.LAUNCHER] flg=0x10000000 cmp=com.yundong.plugin/.ProxyActivity} from pid 1469
I/Choreographer( 1156): Skipped 35 frames!  The application may be doing too much work on its main thread.
I/Choreographer( 1156): Skipped 63 frames!  The application may be doing too much work on its main thread.
W/System.err( 1156): java.lang.NullPointerException: name == null
W/System.err( 1156): 	at java.lang.VMClassLoader.findLoadedClass(Native Method)
D/dalvikvm( 1156): GC_CONCURRENT freed 522K, 12% free 4723K/5308K, paused 103ms+4ms, total 428ms
W/System.err( 1156): 	at java.lang.ClassLoader.findLoadedClass(ClassLoader.java:350)
W/System.err( 1156): 	at java.lang.ClassLoader.loadClass(ClassLoader.java:487)
W/System.err( 1156): 	at java.lang.ClassLoader.loadClass(ClassLoader.java:457)
W/System.err( 1156): 	at com.yundong.plugin.ProxyActivity.onCreate(ProxyActivity.java:27)
W/System.err( 1156): 	at android.app.Activity.performCreate(Activity.java:5231)
W/System.err( 1156): 	at android.app.Instrumentation.callActivityOnCreate(Instrumentation.java:1087)
W/System.err( 1156): 	at cn.jiguang.a.a.c.a.a.d.callActivityOnCreate(Unknown Source)
W/System.err( 1156): 	at android.app.ActivityThread.performLaunchActivity(ActivityThread.java:2148)
W/System.err( 1156): 	at android.app.ActivityThread.handleLaunchActivity(ActivityThread.java:2233)
W/System.err( 1156): 	at android.app.ActivityThread.access$800(ActivityThread.java:135)
W/System.err( 1156): 	at android.app.ActivityThread$H.handleMessage(ActivityThread.java:1196)
W/System.err( 1156): 	at android.os.Handler.dispatchMessage(Handler.java:102)
W/System.err( 1156): 	at android.os.Looper.loop(Looper.java:136)
W/System.err( 1156): 	at android.app.ActivityThread.main(ActivityThread.java:5001)
W/System.err( 1156): 	at java.lang.reflect.Method.invokeNative(Native Method)
W/System.err( 1156): 	at java.lang.reflect.Method.invoke(Method.java:515)
W/System.err( 1156): 	at com.android.internal.os.ZygoteInit$MethodAndArgsCaller.run(ZygoteInit.java:785)
W/System.err( 1156): 	at com.android.internal.os.ZygoteInit.main(ZygoteInit.java:601)
W/System.err( 1156): 	at dalvik.system.NativeStart.main(Native Method)
I/Choreographer( 1156): Skipped 73 frames!  The application may be doing too much work on its main thread.
I/Choreographer( 1156): Skipped 74 frames!  The application may be doing too much work on its main thread.
W/dalvikvm( 1418): VFY: unable to find class referenced in signature (Lcom/umeng/message/protobuffer/PushResponse;)
W/dalvikvm( 1418): Unable to resolve superclass of Lcom/umeng/message/protobuffer/PushResponse; (1579)
W/dalvikvm( 1418): Link of class 'Lcom/umeng/message/protobuffer/PushResponse;' failed
W/dalvikvm( 1418): VFY: unable to find class referenced in signature (Lcom/umeng/message/protobuffer/PushResponse;)
W/dalvikvm( 1418): Unable to resolve superclass of Lcom/umeng/message/protobuffer/PushResponse; (1579)
W/dalvikvm( 1418): Link of class 'Lcom/umeng/message/protobuffer/PushResponse;' failed
W/dalvikvm( 1418): VFY: unable to find class referenced in signature (Lcom/umeng/message/protobuffer/PushResponse;)
W/dalvikvm( 1418): Unable to resolve superclass of Lcom/umeng/message/protobuffer/PushRequest$Builder; (1578)
W/dalvikvm( 1418): Link of class 'Lcom/umeng/message/protobuffer/PushRequest$Builder;' failed
E/dalvikvm( 1418): Could not find class 'com.umeng.message.protobuffer.PushRequest$Builder', referenced from method com.umeng.message.proguard.l.a
W/dalvikvm( 1418): VFY: unable to resolve new-instance 1840 (Lcom/umeng/message/protobuffer/PushRequest$Builder;) in Lcom/umeng/message/proguard/l;
D/dalvikvm( 1418): VFY: replacing opcode 0x22 at 0x00c7
W/dalvikvm( 1418): Unable to resolve superclass of Lcom/umeng/message/protobuffer/PushRequest$Builder; (1578)
W/dalvikvm( 1418): Link of class 'Lcom/umeng/message/protobuffer/PushRequest$Builder;' failed
D/dalvikvm( 1418): DexOpt: unable to opt direct call 0x3136 at 0xc9 in Lcom/umeng/message/proguard/l;.a
I/ElectionService( 1418): agoo client packs==>[{"com.yundong.plugin":"{\"appInstallTime\":1545850378597,\"appSdkVersion\":20160215,\"appVersionHash\":312776214,\"appKey\":\"umeng:58ca1072734be4161600127e\"}"}]
I/ElectionService( 1418): checkPackage[agooPackStr:{"appInstallTime":1545850378597,"appSdkVersion":20160215,"appVersionHash":312776214,"appKey":"umeng:58ca1072734be4161600127e"}]
I/ElectionService( 1418): checkPackage[pack:com.yundong.plugin][enabled]
I/ElectionService( 1418): application[pack:com.yundong.plugin]--->[agooVersion:20160215][enabled]
I/ElectionService( 1418): resetAgooPacks--->[{"com.yundong.plugin":"{\"appInstallTime\":1545850378597,\"appSdkVersion\":20160215,\"appVersionHash\":312776214,\"appKey\":\"umeng:58ca1072734be4161600127e\"}"}]
D/ElectionService( 1418): election application packs[{com.yundong.plugin=20160215}]
D/com.umeng.message.MsgLogStore( 1418): onCreate
D/dalvikvm( 1462): Note: class Landroid/app/ActivityManagerNative; has 179 unimplemented (abstract) methods
D/httpClient( 1418): isRedirectRequested[Server==nginxDate==Wed, 26 Dec 2018 18:53:58 GMTContent-Type==application/json;charset=UTF-8Content-Length==143Connection==keep-aliveMTOP-x-provider==157ac9c6427e235232b7e5be7ad0f9e89a06af4a4d7731a75a7f7d73d97b3a9cba93e13af72c1922763bf6838d32bb74Mres-length==135x-node==d04a3d9a39507aa7d85303f3a78bf116x-paramkey==mtop.push.channel.votes-rt==63]
D/SyncHttp.client( 1418): request url:[http://api.m.taobao.com/rest/api3.do?ttid=android%40umeng&t=1545850437&deviceId=Aj6vijqPJ25YzuOnPi5QQvilF_EYVz7N23Qff7iQBHwY&imei=umeng&appKey=umeng%3A58ca1072734be4161600127e&v=7.0&sign=a26bc29de787f5fa5837c759e749fa33&data=%7B%22vote_factors%22%3A%22%7B%5C%22com.yundong.plugin%5C%22%3A20160215%7D%22%7D&api=mtop.push.channel.vote&imsi=umeng] : result code [200]:[{"api":"mtop.push.channel.vote","data":{"sudo_pack":"com.yundong.plugin","time_out":"1545932413083"},"ret":["SUCCESS::"],"v":"7.0"}]
D/MtopResponseHelper( 1418): MtopResponseHelper:[Result [isSuccess=true, httpCode=200, data={"sudo_pack":"com.yundong.plugin","time_out":"1545932413083"}, retDesc=, retCode=SUCCESS, headers={}]]
D/ElectionService( 1418): remoteElection--->[result:{"sudo_pack":"com.yundong.plugin","time_out":"1545932413083"}]
D/ElectionService( 1418): remoteElection--->[result11:{"sudo_pack":"com.yundong.plugin","time_out":"1545932413083"}]
D/ElectionService( 1418): remoteElection--->[sudo_pack:com.yundong.plugin]
D/ElectionService( 1418): noticeElectionResult[sudoPack:com.yundong.plugin][timeout:1545932413083][electionSource:remote]
E/ElectionService( 1418): setCurrentSudo,password=XCPOO933zFMDAJwcljApoWUY,data=W2p2VMtymGCY1D2iXIVEugwj00E9epo8/brbEQxNVSM=,key=org.agoo.android.sudo.umeng
W/BackupManagerService(  336): dataChanged but no participant pkg='com.android.providers.settings' uid=10052
D/dalvikvm( 1418): GC_CONCURRENT freed 415K, 13% free 3279K/3768K, paused 154ms+3ms, total 330ms
D/dalvikvm( 1418): WAIT_FOR_CONCURRENT_GC blocked 46ms
D/ElectionService( 1418): lastSudoPack=null
D/ElectionService( 1418): !TextUtils.isEmpty(lastSudoPack)=false
D/ElectionService( 1418): !TextUtils.equals(currentSudoPack, lastSudoPack)=true
D/ElectionService( 1418): this election sudupack:com.yundong.plugin,action=org.agoo.android.intent.action.ELECTION_RESULT_V4
D/ElectionService( 1418): start to service...
D/ElectionService( 1418): this message pack:com.yundong.plugin
D/ElectionService( 1418): start service ret:true
D/BaseIntentService( 1418): runIntent to receive one messageIntent { act=org.agoo.android.intent.action.ELECTION_RESULT_V4 cat=[umeng] flg=0x30 pkg=com.yundong.plugin cmp=com.yundong.plugin/com.umeng.message.ElectionReceiver (has extras) }|com.umeng.message.UmengIntentService
V/ProxyFactroy( 1418): getInstance[base] successfully
D/ControlService( 1418): onHandleIntent [com.yundong.plugin][org.agoo.android.intent.action.ELECTION_RESULT_V4]
D/ElectionService( 1418): ElectionConnection conneted:ComponentInfo{com.yundong.plugin/com.umeng.message.UmengMessageIntentReceiverService}
D/ElectionService( 1418): onConnected current tid:1
D/ElectionService( 1418): ElectionConnection sent:Intent { act=org.agoo.android.intent.action.ELECTION_RESULT_V4 cat=[umeng] flg=0x20 pkg=com.yundong.plugin (has extras) }
D/ElectionService( 1418): onConnected running tid:122
D/BaseIntentService( 1418): runIntent to receive one messageIntent { act=org.agoo.android.intent.action.ELECTION_RESULT_V4 cat=[umeng] flg=0x20 pkg=com.yundong.plugin (has extras) }|com.umeng.message.UmengIntentService
D/ControlService( 1418): restart---->[currentSudoPack:com.yundong.plugin]:[start]
D/ServiceUtil( 1418): command --->[com.yundong.plugin.service]:[start]
V/ProxyFactroy( 1418): getInstance[base] successfully
D/AgooService( 1418): pushService==[org.android.agoo.impl.PushService]
W/PushService( 1418): >>> agoo system is creating >>>
W/a       ( 1418): /data/data/com.yundong.plugin/files/agoo.pid
D/com.umeng.message.proguard.F( 1418): start handler init
W/PushService( 1418): create currentPack=com.yundong.plugin
D/ElectionService( 1418): getCurrentSudo[tmpCurrentSudo:com.yundong.plugin]
V/ProxyFactroy( 1418): getInstance[base] successfully
D/ControlService( 1418): onHandleIntent [com.yundong.plugin][org.agoo.android.intent.action.ELECTION_RESULT_V4]
D/ControlService( 1418): handleElection---->[noticeResult is true, result has came]
D/ElectionService( 1418): getCurrentSudo[currentSudo:com.yundong.plugin]
W/PushService( 1418): getCurrentSudo(context)com.yundong.plugin
D/ElectionService( 1418): getCurrentSudo[tmpCurrentSudo:com.yundong.plugin]
D/ElectionService( 1418): getCurrentSudo[currentSudo:com.yundong.plugin]
W/PushService( 1418): com.yundong.plugin,  true
D/com.umeng.message.proguard.F( 1418): start SoManager
D/com.umeng.message.proguard.F( 1418): api level is:19
W/com.umeng.message.proguard.F( 1418): time is daytime, wakeup cpu for keeping connecntion
W/com.umeng.message.proguard.F( 1418): open assets from = armeabi/DaemonServer
D/ElectionService( 1418): getCurrentSudo[tmpCurrentSudo:com.yundong.plugin]
D/ElectionService( 1418): getCurrentSudo[currentSudo:com.yundong.plugin]
D/com.umeng.message.proguard.F( 1418): >>>soDataSize:datasize:18080
I/PackageManager(  336):   Action: "android.intent.action.SENDTO"
I/PackageManager(  336):   Category: "android.intent.category.DEFAULT"
I/PackageManager(  336):   Scheme: "sms"
I/PackageManager(  336): Adding preferred activity ComponentInfo{com.android.mms/com.android.mms.ui.ComposeMessageActivity} for user 0 :
I/Choreographer( 1156): Skipped 35 frames!  The application may be doing too much work on its main thread.
I/InputReader(  336): Reconfiguring input devices.  changes=0x00000010
I/Launcher(  666): Deferring update until onResume
D/dalvikvm(  336): GC_CONCURRENT freed 1105K, 50% free 5951K/11876K, paused 91ms+53ms, total 419ms
D/PushService( 1418): hasComeFromCock[cockroach==null]or[cockroach!=null]
D/PushService( 1418): registerNotKill--->[current-thread-name:se-service][action:com.yundong.plugin.intent.action.COCKROACH]
D/PushService( 1418): action [com.yundong.plugin.intent.action.START]
D/AndroidRuntime( 1465): 
D/AndroidRuntime( 1465): >>>>>> AndroidRuntime START com.android.internal.os.RuntimeInit <<<<<<
D/com.umeng.message.proguard.F( 1418): >>>soDataSize:13560
D/AndroidRuntime( 1465): CheckJNI is ON
I/PackageManager(  336):   Action: "android.intent.action.SENDTO"
I/PackageManager(  336):   Category: "android.intent.category.DEFAULT"
I/PackageManager(  336):   Scheme: "smsto"
I/PackageManager(  336): Adding preferred activity ComponentInfo{com.android.mms/com.android.mms.ui.ComposeMessageActivity} for user 0 :
I/Launcher(  666): Deferring update until onResume
I/PackageManager(  336): Adding preferred activity ComponentInfo{com.android.mms/com.android.mms.ui.ComposeMessageActivity} for user 0 :
I/PackageManager(  336):   Action: "android.intent.action.SENDTO"
I/PackageManager(  336):   Category: "android.intent.category.DEFAULT"
I/PackageManager(  336):   Scheme: "mms"
I/PackageManager(  336):   Action: "android.intent.action.SENDTO"
I/PackageManager(  336):   Category: "android.intent.category.DEFAULT"
I/PackageManager(  336):   Scheme: "mmsto"
I/PackageManager(  336): Adding preferred activity ComponentInfo{com.android.mms/com.android.mms.ui.ComposeMessageActivity} for user 0 :
I/PackageManager(  336):   Action: "android.intent.action.SENDTO"
I/PackageManager(  336):   Category: "android.intent.category.DEFAULT"
I/PackageManager(  336):   Scheme: "sms"
I/PackageManager(  336): Adding preferred activity ComponentInfo{com.android.mms/com.android.mms.ui.ComposeMessageActivity} for user 0 :
D/dalvikvm(  594): GC_CONCURRENT freed 331K, 13% free 3377K/3844K, paused 3ms+2ms, total 53ms
I/PackageManager(  336):   Action: "android.intent.action.SENDTO"
I/PackageManager(  336):   Category: "android.intent.category.DEFAULT"
I/PackageManager(  336):   Scheme: "smsto"
I/PackageManager(  336): Adding preferred activity ComponentInfo{com.android.mms/com.android.mms.ui.ComposeMessageActivity} for user 0 :
I/PackageManager(  336):   Action: "android.intent.action.SENDTO"
I/PackageManager(  336):   Category: "android.intent.category.DEFAULT"
I/PackageManager(  336):   Scheme: "mms"
I/PackageManager(  336): Adding preferred activity ComponentInfo{com.android.mms/com.android.mms.ui.ComposeMessageActivity} for user 0 :
I/PackageManager(  336):   Action: "android.intent.action.SENDTO"
I/PackageManager(  336):   Category: "android.intent.category.DEFAULT"
I/PackageManager(  336):   Scheme: "mmsto"
I/PackageManager(  336): Adding preferred activity ComponentInfo{com.android.mms/com.android.mms.ui.ComposeMessageActivity} for user 0 :
D/C       ( 1418): MessagePush [starting]
D/ReceiverUtil( 1418): PushService is failed ....................
D/dalvikvm(  336): GC_CONCURRENT freed 720K, 51% free 5937K/11876K, paused 10ms+5ms, total 153ms
V/C       ( 1418): reConnect[mLastConnectTime:-1]<[currentTime:1545850443057]
D/C       ( 1418): forceConnect[interval:2000][connectContext:init_connect_2253]
V/AbsMessage( 1418): stopTask action[agoo_action_heart]
D/AbsMessage( 1418): startTaskAtDelayed[agoo_action_re_connect][init_connect_2253]
D/PushService( 1418): election next time[current-thread-name:se-service][2018-12-27 12:40:13][timeout:1545932413083] 
W/TAG.    ( 1418): chmod 500 /data/data/com.yundong.plugin/files/DaemonServer
D/C       ( 1418): NewMessagePush connect is change.....current connect=android.net.conn.CONNECTIVITY_CHANGE
D/dalvikvm( 1465): Trying to load lib libjavacore.so 0x0
D/dalvikvm( 1418): GC_FOR_ALLOC freed 310K, 14% free 3349K/3852K, paused 500ms, total 500ms
D/C       ( 1418): [network connected success]state[isconnected]
V/C       ( 1418): reConnect[interval:1545850445818]>[1545850445057][state:network_error_connect_8401]
W/TAG.    ( 1418): /data/data/com.yundong.plugin/files/DaemonServer -s "/data/data/com.yundong.plugin/lib/" -n "runServer" -p "startservice -n com.yundong.plugin/com.umeng.message.UmengService --es cockroach cockroach-PPreotect --es pack com.yundong.plugin --user 0" -f "/data/data/com.yundong.plugin" -t "600" -c "agoo.pid" -P /data/data/com.yundong.plugin -K 1009527 -U tb_android_daemon_1.1.0 -L http://agoodm.m.taobao.com/agoo/report -D %7B%22package%22%3A%22com.yundong.plugin%22%2C%22appKey%22%3A%22umeng%3A58ca1072734be4161600127e%22%2C%22utdid%22%3A%22XCPOO933zFMDAJwcljApoWUY%22%2C%22sdkVersion%22%3A%2220160215%22%7D -I agoodm.m.taobao.com -O 80 -T -Z 
D/dalvikvm( 1465): Added shared lib libjavacore.so 0x0
D/dalvikvm( 1465): Trying to load lib libnativehelper.so 0x0
D/dalvikvm( 1465): Added shared lib libnativehelper.so 0x0
D/dalvikvm( 1465): No JNI_OnLoad found in libnativehelper.so 0x0, skipping init
W/com.umeng.message.proguard.F( 1418): /data/data/com.yundong.plugin/files/DaemonServer -s "/data/data/com.yundong.plugin/lib/" -n "runServer" -p "startservice -n com.yundong.plugin/com.umeng.message.UmengService --es cockroach cockroach-PPreotect --es pack com.yundong.plugin --user 0" -f "/data/data/com.yundong.plugin" -t "600" -c "agoo.pid" -P /data/data/com.yundong.plugin -K 1009527 -U tb_android_daemon_1.1.0 -L http://agoodm.m.taobao.com/agoo/report -D %7B%22package%22%3A%22com.yundong.plugin%22%2C%22appKey%22%3A%22umeng%3A58ca1072734be4161600127e%22%2C%22utdid%22%3A%22XCPOO933zFMDAJwcljApoWUY%22%2C%22sdkVersion%22%3A%2220160215%22%7D -I agoodm.m.taobao.com -O 80 -T -Z 
D/C       ( 1418): onHandlerConnect spdyCount=0,httpCount=0
V/C       ( 1418): onHandlerConnect refreshhost[true]state[init_connect_2253][threadName:IntentService[timeThread]]
D/DNSManager( 1418): apollUrlhttp://apoll.m.taobao.com/spdyip/
D/AndroidRuntime( 1483): 
D/AndroidRuntime( 1483): >>>>>> AndroidRuntime START com.android.internal.os.RuntimeInit <<<<<<
D/AndroidRuntime( 1483): CheckJNI is ON
E/memtrack( 1462): Couldn't load memtrack module (No such file or directory)
E/android.os.Debug( 1462): failed to load memtrack module: -2
D/httpClient( 1418): isRedirectRequested[Server==nginxDate==Wed, 26 Dec 2018 18:54:06 GMTContent-Length==37Connection==keep-alive]
D/SyncHttp.client( 1418): request url:[http://apoll.m.taobao.com/spdyip/?appkey=umeng%3A58ca1072734be4161600127e&ttid=android%40umeng&deviceId=Aj6vijqPJ25YzuOnPi5QQvilF_EYVz7N23Qff7iQBHwY&imei=umeng&nt=3g&app_version_code=2.1.0&apn=EPC.TMOBILE.COM&agoo_version_code=20160215&imsi=umeng] : result code [200]:[140.205.203.78:80|140.205.203.74:8022]
D/DNSManager( 1418):  initChannel[spdy]--> resultChannel[spdy]
D/dalvikvm( 1465): Note: class Landroid/app/ActivityManagerNative; has 179 unimplemented (abstract) methods
D/dalvikvm( 1317): DexOpt: couldn't find static field Landroid/os/Build;.SUPPORTED_ABIS
W/dalvikvm( 1317): VFY: unable to resolve static field 177 (SUPPORTED_ABIS) in Landroid/os/Build;
D/dalvikvm( 1317): VFY: replacing opcode 0x62 at 0x0067
D/dalvikvm( 1418): Trying to load lib /data/app-lib/com.yundong.plugin-1/libtnet-2.1.20.1-agoo.so 0xb2d23420
D/dalvikvm( 1418): Added shared lib /data/app-lib/com.yundong.plugin-1/libtnet-2.1.20.1-agoo.so 0xb2d23420
V/ChannelManager( 1418): time[1545850447710]mClientCreateTime[1545850447710]mLastReconnectTime[1545850447710]
D/dalvikvm( 1483): Trying to load lib libjavacore.so 0x0
E/DatabaseUtils(  594): Writing exception to parcel
E/DatabaseUtils(  594): java.lang.SecurityException: No permission to write APN settings: Neither user 10052 nor current process has android.permission.WRITE_APN_SETTINGS.
E/DatabaseUtils(  594): 	at android.app.ContextImpl.enforce(ContextImpl.java:1693)
E/DatabaseUtils(  594): 	at android.app.ContextImpl.enforceCallingOrSelfPermission(ContextImpl.java:1722)
E/DatabaseUtils(  594): 	at com.android.providers.telephony.TelephonyProvider.checkPermission(TelephonyProvider.java:735)
E/DatabaseUtils(  594): 	at com.android.providers.telephony.TelephonyProvider.query(TelephonyProvider.java:462)
E/DatabaseUtils(  594): 	at android.content.ContentProvider.query(ContentProvider.java:857)
E/DatabaseUtils(  594): 	at android.content.ContentProvider$Transport.query(ContentProvider.java:200)
E/DatabaseUtils(  594): 	at android.content.ContentProviderNative.onTransact(ContentProviderNative.java:112)
E/DatabaseUtils(  594): 	at android.os.Binder.execTransact(Binder.java:404)
E/DatabaseUtils(  594): 	at dalvik.system.NativeStart.run(Native Method)
D/dalvikvm( 1483): Added shared lib libjavacore.so 0x0
D/signHelp( 1418): getNetWork c=0|3|0|
D/ChannelManager( 1418): mCurrentChannelType = SPDY
D/ChannelManager( 1418): connenct  [SpdyChannel]
D/SpdyClient( 1418): connect url[http://140.205.203.78:80/m/umeng:58ca1072734be4161600127e/2100/Aj6vijqPJ25YzuOnPi5QQvilF_EYVz7N23Qff7iQBHwY?s=MDU5NjQ2OTI0OGV4T2dwaFRkQndFcHdXTGozWVk4TXp6REx2Zz0=&c=MHwzfDB8AAAAAAAAfDF8MXwwNTk2NDY5MjQ3fDA1OTY0NjkyNDd8MXwx&pm=c2Rr&sv=20160215&ov=4.4.4]
D/SpdyClient( 1418): header--->[hb:300]
D/SpdyClient( 1418): connect connect_time[12] 
D/C       ( 1418): mPushHandler onClose............
D/C       ( 1418): connect [onDisconnected] [init_connect_2253] sessionId[-1]tcpKeepaliveInterval [1545850448608]
V/AbsMessage( 1418): stopTask action[agoo_action_heart]
D/BaseIntentService( 1156): runIntent to receive one messageIntent { act=com.yundong.plugin.intent.action.COMMAND flg=0x10 pkg=com.yundong.plugin cmp=com.yundong.plugin/com.umeng.message.RegistrationReceiver (has extras) }|com.umeng.message.UmengIntentService
V/ProxyFactroy( 1418): getInstance[base] successfully
D/ControlService( 1418): onHandleIntent [com.yundong.plugin][com.yundong.plugin.intent.action.COMMAND]
D/ControlService( 1418): command --->[error]
D/ControlService( 1418): handleError:EVENT_DISCONNECTED
D/ElectionService( 1418): getCurrentSudo[tmpCurrentSudo:com.yundong.plugin]
D/ElectionService( 1418): getCurrentSudo[currentSudo:com.yundong.plugin]
D/ControlService( 1418): handleError,currentPack=com.yundong.plugin,currentSudoPack=com.yundong.plugin
D/ControlService( 1418): restart---->[currentSudoPack:com.yundong.plugin]:[start]
D/ServiceUtil( 1418): command --->[com.yundong.plugin.service]:[start]
W/BaseIntentService( 1418): callError[EVENT_DISCONNECTED]
D/ElectionService( 1418): getCurrentSudo[tmpCurrentSudo:com.yundong.plugin]
D/dalvikvm( 1483): Trying to load lib libnativehelper.so 0x0
D/dalvikvm( 1483): Added shared lib libnativehelper.so 0x0
D/dalvikvm( 1483): No JNI_OnLoad found in libnativehelper.so 0x0, skipping init
D/ElectionService( 1418): getCurrentSudo[currentSudo:com.yundong.plugin]
D/PushService( 1418): hasComeFromCock[cockroach==null]or[cockroach!=null]
D/PushService( 1418): registerNotKill--->[current-thread-name:se-service][action:com.yundong.plugin.intent.action.COCKROACH]
D/ReceiverUtil( 1418): PushService is failed ....................
D/PushService( 1418): action [com.yundong.plugin.intent.action.START]
D/dalvikvm( 1418): GC_CONCURRENT freed 344K, 12% free 3432K/3900K, paused 2ms+227ms, total 478ms
D/AndroidRuntime( 1494): 
D/AndroidRuntime( 1494): >>>>>> AndroidRuntime START com.android.internal.os.RuntimeInit <<<<<<
D/AndroidRuntime( 1494): CheckJNI is ON
D/AndroidRuntime( 1462): Calling main entry com.android.commands.am.Am
D/AndroidRuntime( 1498): 
D/AndroidRuntime( 1498): >>>>>> AndroidRuntime START com.android.internal.os.RuntimeInit <<<<<<
D/AndroidRuntime( 1498): CheckJNI is ON
W/ActivityManager(  336): Unable to start service Intent { cmp=com.yundong.plugin/.service.Daemon } U=0: not found
D/AndroidRuntime( 1462): Shutting down VM
D/dalvikvm( 1462): GC_CONCURRENT freed 95K, 15% free 589K/688K, paused 2ms+1ms, total 10ms
D/dalvikvm( 1483): Note: class Landroid/app/ActivityManagerNative; has 179 unimplemented (abstract) methods
D/dalvikvm( 1494): Trying to load lib libjavacore.so 0x0
D/dalvikvm( 1494): Added shared lib libjavacore.so 0x0
D/dalvikvm( 1494): Trying to load lib libnativehelper.so 0x0
D/dalvikvm( 1494): Added shared lib libnativehelper.so 0x0
D/dalvikvm( 1494): No JNI_OnLoad found in libnativehelper.so 0x0, skipping init
D/dalvikvm( 1498): Trying to load lib libjavacore.so 0x0
D/dalvikvm( 1498): Added shared lib libjavacore.so 0x0
D/dalvikvm( 1498): Trying to load lib libnativehelper.so 0x0
D/dalvikvm( 1498): Added shared lib libnativehelper.so 0x0
D/dalvikvm( 1498): No JNI_OnLoad found in libnativehelper.so 0x0, skipping init
D/AndroidRuntime( 1509): 
D/AndroidRuntime( 1509): >>>>>> AndroidRuntime START com.android.internal.os.RuntimeInit <<<<<<
D/AndroidRuntime( 1509): CheckJNI is ON
I/ActivityManager(  336): Waited long enough for: ServiceRecord{b2ffb3e8 u0 com.yundong.plugin/com.umeng.message.UmengService}
E/memtrack( 1465): Couldn't load memtrack module (No such file or directory)
E/android.os.Debug( 1465): failed to load memtrack module: -2
D/dalvikvm( 1494): Note: class Landroid/app/ActivityManagerNative; has 179 unimplemented (abstract) methods
D/dalvikvm( 1509): Trying to load lib libjavacore.so 0x0
D/dalvikvm( 1509): Added shared lib libjavacore.so 0x0
D/dalvikvm( 1509): Trying to load lib libnativehelper.so 0x0
D/dalvikvm( 1509): Added shared lib libnativehelper.so 0x0
D/dalvikvm( 1509): No JNI_OnLoad found in libnativehelper.so 0x0, skipping init
D/dalvikvm( 1498): Note: class Landroid/app/ActivityManagerNative; has 179 unimplemented (abstract) methods
D/AndroidRuntime( 1523): 
D/AndroidRuntime( 1523): >>>>>> AndroidRuntime START com.android.internal.os.RuntimeInit <<<<<<
D/AndroidRuntime( 1523): CheckJNI is ON
E/JIGUANG-JCore( 1156): [ConnectingHelper] Register failed - ret:-994
D/dalvikvm( 1523): Trying to load lib libjavacore.so 0x0
D/dalvikvm( 1523): Added shared lib libjavacore.so 0x0
D/AndroidRuntime( 1534): 
D/AndroidRuntime( 1534): >>>>>> AndroidRuntime START com.android.internal.os.RuntimeInit <<<<<<
D/AndroidRuntime( 1534): CheckJNI is ON
D/dalvikvm( 1523): Trying to load lib libnativehelper.so 0x0
D/dalvikvm( 1523): Added shared lib libnativehelper.so 0x0
D/dalvikvm( 1523): No JNI_OnLoad found in libnativehelper.so 0x0, skipping init
D/dalvikvm( 1509): Note: class Landroid/app/ActivityManagerNative; has 179 unimplemented (abstract) methods
E/memtrack( 1483): Couldn't load memtrack module (No such file or directory)
E/android.os.Debug( 1483): failed to load memtrack module: -2
D/AndroidRuntime( 1465): Calling main entry com.android.commands.am.Am
D/dalvikvm( 1534): Trying to load lib libjavacore.so 0x0
W/ActivityManager(  336): Unable to start service Intent { cmp=com.yundong.plugin/.service.Daemon } U=0: not found
D/AndroidRuntime( 1465): Shutting down VM
D/dalvikvm( 1534): Added shared lib libjavacore.so 0x0
D/dalvikvm( 1465): GC_CONCURRENT freed 95K, 15% free 588K/688K, paused 66ms+1ms, total 74ms
F/libc    ( 1465): Fatal signal 11 (SIGSEGV) at 0xb5b0e824 (code=1), thread 1512 (ReferenceQueueD)
I/DEBUG   (   55): *** *** *** *** *** *** *** *** *** *** *** *** *** *** *** ***
I/DEBUG   (   55): Build fingerprint: 'generic/sdk/generic:4.4.4/KK/1743154:eng/test-keys'
I/DEBUG   (   55): Revision: '0'
I/DEBUG   (   55): pid: 1465, tid: 1512, name: ReferenceQueueD  >>> app_process <<<
I/DEBUG   (   55): signal 11 (SIGSEGV), code 1 (SEGV_MAPERR), fault addr b5b0e824
W/NativeCrashListener(  336): Couldn't find ProcessRecord for pid 1465
I/DEBUG   (   55):     r0 00000010  r1 00000001  r2 00000001  r3 fffffea4
I/DEBUG   (   55): AM write failure (32 / Broken pipe)
I/DEBUG   (   55):     r4 b7c58978  r5 00000000  r6 b7c5d540  r7 b5b66c74
I/DEBUG   (   55):     r8 00000000  r9 b7c5d550  sl b7c585e8  fp b0574000
I/DEBUG   (   55):     ip b5b66d1c  sp adc46998  lr b5b0e825  pc b5b0e824  cpsr 80000030
I/DEBUG   (   55):     d0  0000000000000000  d1  00000000427e0000
I/DEBUG   (   55):     d2  000000000000003f  d3  0000000000000000
I/DEBUG   (   55):     d4  0000000000000000  d5  41b95bd978000000
I/DEBUG   (   55):     d6  3f00000000000000  d7  42fe00000000007f
I/DEBUG   (   55):     d8  41dfffffffc00000  d9  c1e0000000000000
I/DEBUG   (   55):     d10 4f0000005f000000  d11 cf000000df000000
I/DEBUG   (   55):     d12 0000000000000000  d13 0000000000000000
I/DEBUG   (   55):     d14 0000000000000000  d15 0000000000000000
I/DEBUG   (   55):     scr 60000010
I/DEBUG   (   55): 
I/DEBUG   (   55): backtrace:
I/DEBUG   (   55):     #00  pc b5b0e824  <unknown>
I/DEBUG   (   55):     #01  pc b5b0e823  <unknown>
I/DEBUG   (   55): 
I/DEBUG   (   55): stack:
I/DEBUG   (   55):          adc46958  00000000  
I/DEBUG   (   55):          adc4695c  00000000  
I/DEBUG   (   55):          adc46960  00000000  
I/DEBUG   (   55):          adc46964  00000000  
