D/dalvikvm(  356): GC_CONCURRENT freed 320K, 63% free 4749K/12720K, paused 5ms+4ms, total 105ms
D/dalvikvm(  356): WAIT_FOR_CONCURRENT_GC blocked 16ms
I/PackageManager(  356): /system/app/LiveWallpapersPicker.apk changed; collecting certs
I/PackageManager(  356): /system/app/Music.apk changed; collecting certs
D/dalvikvm(  356): GC_CONCURRENT freed 457K, 63% free 4791K/12720K, paused 4ms+10ms, total 60ms
D/dalvikvm(  356): WAIT_FOR_CONCURRENT_GC blocked 42ms
D/dalvikvm(  356): GC_CONCURRENT freed 1140K, 68% free 4171K/12720K, paused 5ms+22ms, total 106ms
I/PackageManager(  356): /system/app/NetSpeed.apk changed; collecting certs
I/PackageManager(  356): /system/app/OpenWnn.apk changed; collecting certs
D/dalvikvm(  356): GC_CONCURRENT freed 342K, 66% free 4329K/12720K, paused 4ms+6ms, total 61ms
D/dalvikvm(  356): WAIT_FOR_CONCURRENT_GC blocked 32ms
D/dalvikvm(  356): GC_CONCURRENT freed 656K, 68% free 4184K/12720K, paused 4ms+5ms, total 75ms
D/dalvikvm(  356): WAIT_FOR_CONCURRENT_GC blocked 28ms
D/dalvikvm(  356): GC_CONCURRENT freed 200K, 65% free 4495K/12720K, paused 4ms+3ms, total 83ms
D/dalvikvm(  356): WAIT_FOR_CONCURRENT_GC blocked 21ms
I/PackageManager(  356): /system/app/PacProcessor.apk changed; collecting certs
I/PackageManager(  356): /system/app/PackageInstaller.apk changed; collecting certs
D/dalvikvm(  356): GC_CONCURRENT freed 418K, 65% free 4577K/12720K, paused 5ms+16ms, total 98ms
I/PackageManager(  356): /system/app/PicoTts.apk changed; collecting certs
I/PackageManager(  356): /system/app/PinyinIME.apk changed; collecting certs
D/dalvikvm(  356): GC_CONCURRENT freed 997K, 68% free 4091K/12720K, paused 5ms+5ms, total 77ms
D/dalvikvm(  356): WAIT_FOR_CONCURRENT_GC blocked 31ms
I/PackageManager(  356): /system/app/PrintSpooler.apk changed; collecting certs
I/PackageManager(  356): /system/app/Protips.apk changed; collecting certs
D/dalvikvm(  356): GC_CONCURRENT freed 451K, 68% free 4148K/12720K, paused 5ms+6ms, total 93ms
D/dalvikvm(  356): WAIT_FOR_CONCURRENT_GC blocked 15ms
I/PackageManager(  356): /system/app/QuickSearchBox.apk changed; collecting certs
D/dalvikvm(  356): GC_CONCURRENT freed 459K, 67% free 4200K/12720K, paused 6ms+4ms, total 67ms
D/dalvikvm(  356): WAIT_FOR_CONCURRENT_GC blocked 29ms
I/PackageManager(  356): /system/app/SdkSetup.apk changed; collecting certs
D/dalvikvm(  356): GC_CONCURRENT freed 435K, 67% free 4277K/12720K, paused 14ms+4ms, total 93ms
D/dalvikvm(  356): WAIT_FOR_CONCURRENT_GC blocked 14ms
I/PackageManager(  356): /system/app/SoundRecorder.apk changed; collecting certs
I/PackageManager(  356): /system/app/SpeechRecorder.apk changed; collecting certs
I/PackageManager(  356): /system/app/TelephonyProvider.apk changed; collecting certs
I/PackageManager(  356): /system/app/UserDictionaryProvider.apk changed; collecting certs
D/dalvikvm(  356): GC_CONCURRENT freed 390K, 66% free 4387K/12720K, paused 5ms+14ms, total 97ms
D/PackageManager(  356): No files in app dir /vendor/app
I/PackageManager(  356): /data/app/ApiDemos.apk changed; collecting certs
D/dalvikvm(  356): GC_CONCURRENT freed 584K, 67% free 4314K/12720K, paused 15ms+5ms, total 110ms
D/dalvikvm(  356): WAIT_FOR_CONCURRENT_GC blocked 17ms
D/dalvikvm(  356): GC_CONCURRENT freed 312K, 65% free 4497K/12720K, paused 8ms+3ms, total 50ms
D/dalvikvm(  356): WAIT_FOR_CONCURRENT_GC blocked 43ms
D/dalvikvm(  356): GC_CONCURRENT freed 326K, 64% free 4682K/12720K, paused 4ms+5ms, total 99ms
D/dalvikvm(  356): WAIT_FOR_CONCURRENT_GC blocked 14ms
D/dalvikvm(  356): GC_CONCURRENT freed 282K, 62% free 4912K/12720K, paused 4ms+4ms, total 105ms
D/dalvikvm(  356): WAIT_FOR_CONCURRENT_GC blocked 16ms
D/dalvikvm(  356): GC_CONCURRENT freed 635K, 63% free 4830K/12720K, paused 4ms+3ms, total 76ms
D/dalvikvm(  356): WAIT_FOR_CONCURRENT_GC blocked 33ms
D/dalvikvm(  356): GC_CONCURRENT freed 532K, 63% free 4831K/12720K, paused 14ms+4ms, total 91ms
D/dalvikvm(  356): WAIT_FOR_CONCURRENT_GC blocked 29ms
D/dalvikvm(  356): GC_CONCURRENT freed 525K, 62% free 4835K/12720K, paused 5ms+4ms, total 93ms
D/dalvikvm(  356): WAIT_FOR_CONCURRENT_GC blocked 28ms
D/dalvikvm(  356): GC_CONCURRENT freed 526K, 62% free 4842K/12720K, paused 5ms+4ms, total 80ms
D/dalvikvm(  356): WAIT_FOR_CONCURRENT_GC blocked 36ms
D/dalvikvm(  356): GC_CONCURRENT freed 529K, 62% free 4845K/12720K, paused 5ms+3ms, total 78ms
D/dalvikvm(  356): WAIT_FOR_CONCURRENT_GC blocked 37ms
D/dalvikvm(  356): GC_CONCURRENT freed 529K, 62% free 4848K/12720K, paused 4ms+4ms, total 75ms
D/dalvikvm(  356): WAIT_FOR_CONCURRENT_GC blocked 37ms
D/dalvikvm(  356): GC_CONCURRENT freed 529K, 62% free 4851K/12720K, paused 14ms+4ms, total 79ms
D/dalvikvm(  356): WAIT_FOR_CONCURRENT_GC blocked 42ms
D/dalvikvm(  356): GC_CONCURRENT freed 532K, 62% free 4855K/12720K, paused 5ms+3ms, total 79ms
D/dalvikvm(  356): WAIT_FOR_CONCURRENT_GC blocked 35ms
D/dalvikvm(  356): GC_CONCURRENT freed 530K, 62% free 4858K/12720K, paused 5ms+3ms, total 79ms
D/dalvikvm(  356): WAIT_FOR_CONCURRENT_GC blocked 36ms
D/dalvikvm(  356): GC_CONCURRENT freed 547K, 62% free 4851K/12720K, paused 4ms+3ms, total 78ms
D/dalvikvm(  356): WAIT_FOR_CONCURRENT_GC blocked 33ms
I/PackageManager(  356): /data/app/CubeLiveWallpapers.apk changed; collecting certs
I/PackageManager(  356): /data/app/GestureBuilder.apk changed; collecting certs
D/dalvikvm(  356): GC_CONCURRENT freed 425K, 62% free 4958K/12720K, paused 15ms+11ms, total 85ms
D/dalvikvm(  356): WAIT_FOR_CONCURRENT_GC blocked 41ms
I/PackageManager(  356): /data/app/SmokeTest.apk changed; collecting certs
I/PackageManager(  356): /data/app/SmokeTestApp.apk changed; collecting certs
I/PackageManager(  356): /data/app/SoftKeyboard.apk changed; collecting certs
D/dalvikvm(  356): GC_CONCURRENT freed 1158K, 66% free 4364K/12720K, paused 5ms+4ms, total 95ms
D/dalvikvm(  356): WAIT_FOR_CONCURRENT_GC blocked 27ms
I/PackageManager(  356): /data/app/WidgetPreview.apk changed; collecting certs
D/dalvikvm(  356): GC_CONCURRENT freed 499K, 66% free 4364K/12720K, paused 5ms+4ms, total 102ms
D/dalvikvm(  356): WAIT_FOR_CONCURRENT_GC blocked 39ms
D/dalvikvm(  356): GC_CONCURRENT freed 373K, 66% free 4422K/12720K, paused 4ms+14ms, total 100ms
D/dalvikvm(  356): GC_EXPLICIT freed 241K, 67% free 4280K/12720K, paused 4ms+3ms, total 59ms
D/SettingsProvider(  356): User 0 external modification to /data/data/com.android.providers.settings/databases/settings.db; event=2
D/SettingsProvider(  356): User 0 updating our caches for /data/data/com.android.providers.settings/databases/settings.db
I/SyncManager(  356): No initial accounts
I/SyncManager(  356): No initial status
W/SyncManagerFile(  356): Error reading pending data.
W/SyncManagerFile(  356): java.io.FileNotFoundException: /data/system/sync/pending.xml: open failed: ENOENT (No such file or directory)
W/SyncManagerFile(  356): 	at libcore.io.IoBridge.open(IoBridge.java:409)
W/SyncManagerFile(  356): 	at java.io.FileInputStream.<init>(FileInputStream.java:78)
W/SyncManagerFile(  356): 	at android.util.AtomicFile.openRead(AtomicFile.java:199)
W/SyncManagerFile(  356): 	at com.android.server.content.SyncStorageEngine.readPendingOperationsLocked(SyncStorageEngine.java:2286)
W/SyncManagerFile(  356): 	at com.android.server.content.SyncStorageEngine.<init>(SyncStorageEngine.java:434)
W/SyncManagerFile(  356): 	at com.android.server.content.SyncStorageEngine.init(SyncStorageEngine.java:454)
W/SyncManagerFile(  356): 	at com.android.server.content.SyncManager.<init>(SyncManager.java:383)
W/SyncManagerFile(  356): 	at com.android.server.content.ContentService.getSyncManager(ContentService.java:75)
W/SyncManagerFile(  356): 	at com.android.server.content.ContentService.notifyChange(ContentService.java:283)
W/SyncManagerFile(  356): 	at android.content.ContentResolver.notifyChange(ContentResolver.java:1621)
W/SyncManagerFile(  356): 	at com.android.providers.settings.SettingsProvider.sendNotify(SettingsProvider.java:262)
W/SyncManagerFile(  356): 	at com.android.providers.settings.SettingsProvider.insertForUser(SettingsProvider.java:941)
W/SyncManagerFile(  356): 	at com.android.providers.settings.SettingsProvider.ensureAndroidIdIsSet(SettingsProvider.java:496)
W/SyncManagerFile(  356): 	at com.android.providers.settings.SettingsProvider.establishDbTracking(SettingsProvider.java:409)
W/SyncManagerFile(  356): 	at com.android.providers.settings.SettingsProvider.onCreate(SettingsProvider.java:335)
W/SyncManagerFile(  356): 	at android.content.ContentProvider.attachInfo(ContentProvider.java:1591)
W/SyncManagerFile(  356): 	at android.content.ContentProvider.attachInfo(ContentProvider.java:1562)
W/SyncManagerFile(  356): 	at android.app.ActivityThread.installProvider(ActivityThread.java:4774)
W/SyncManagerFile(  356): 	at android.app.ActivityThread.installContentProviders(ActivityThread.java:4369)
W/SyncManagerFile(  356): 	at android.app.ActivityThread.installSystemProviders(ActivityThread.java:4929)
W/SyncManagerFile(  356): 	at com.android.server.am.ActivityManagerService.installSystemProviders(ActivityManagerService.java:8081)
W/SyncManagerFile(  356): 	at com.android.server.ServerThread.initAndLoop(SystemServer.java:275)
W/SyncManagerFile(  356): 	at com.android.server.SystemServer.main(SystemServer.java:1179)
W/SyncManagerFile(  356): 	at java.lang.reflect.Method.invokeNative(Native Method)
W/SyncManagerFile(  356): 	at java.lang.reflect.Method.invoke(Method.java:515)
W/SyncManagerFile(  356): 	at com.android.internal.os.ZygoteInit$MethodAndArgsCaller.run(ZygoteInit.java:785)
W/SyncManagerFile(  356): 	at com.android.internal.os.ZygoteInit.main(ZygoteInit.java:601)
W/SyncManagerFile(  356): 	at dalvik.system.NativeStart.main(Native Method)
W/SyncManagerFile(  356): Caused by: libcore.io.ErrnoException: open failed: ENOENT (No such file or directory)
W/SyncManagerFile(  356): 	at libcore.io.Posix.open(Native Method)
W/SyncManagerFile(  356): 	at libcore.io.BlockGuardOs.open(BlockGuardOs.java:110)
W/SyncManagerFile(  356): 	at libcore.io.IoBridge.open(IoBridge.java:393)
W/SyncManagerFile(  356): 	... 27 more
I/SyncManager(  356): No initial statistics
E/ConsumerIrService(  356): Can't open consumer IR HW Module, error: -2
W/libsuspend(  356): Error writing 'on' to /sys/power/state: Invalid argument
E/libsuspend(  356): Error opening /sys/power/autosleep: No such file or directory
I/libsuspend(  356): Selected wakeup count
D/PermissionCache(   57): checking android.permission.ACCESS_SURFACE_FLINGER for uid=1000 => granted (12397 us)
D/SurfaceFlinger(   57): Screen acquired, type=0 flinger=0xb76d5450
D/SurfaceFlinger(   57):  screen was previously acquired
D/dalvikvm(  356): GC_CONCURRENT freed 278K, 65% free 4467K/12720K, paused 5ms+47ms, total 176ms
E/EventHub(  356): could not get driver version for /dev/input/mouse0, Not a typewriter
W/EventHub(  356): Unable to disable kernel key repeat for /dev/input/event0: Function not implemented
I/EventHub(  356): New device: id=1, fd=93, path='/dev/input/event0', name='qwerty2', classes=0x2d, configuration='/system/usr/idc/qwerty2.idc', keyLayout='/system/usr/keylayout/qwerty.kl', keyCharacterMap='/system/usr/keychars/qwerty2.kcm', builtinKeyboard=true, usingSuspendBlockIoctl=true, usingClockIoctl=true
E/EventHub(  356): could not get driver version for /dev/input/mice, Not a typewriter
I/InputReader(  356): Device added: id=-1, name='Virtual', sources=0x00000301
I/InputReader(  356):   Touch device 'qwerty2' could not query the properties of its associated display.  The device will be inoperable until the display size becomes available.
I/InputReader(  356): Device added: id=0, name='qwerty2', sources=0x00011307
I/InputReader(  356): Reconfiguring input devices.  changes=0x00000004
I/InputReader(  356): Device reconfigured: id=0, name='qwerty2', size 480x864, orientation 0, mode 1, display id 0
I/PackageManager(  356): No secure containers on sdcard
D/dalvikvm(  356): GC_CONCURRENT freed 252K, 64% free 4612K/12720K, paused 14ms+6ms, total 96ms
D/WifiController(  356): isAirplaneModeOn = false, isWifiEnabled = false, isScanningAvailable = false
D/dalvikvm(  356): GC_CONCURRENT freed 305K, 63% free 4773K/12720K, paused 3ms+25ms, total 124ms
D/Atlas   (  356): Computing best atlas configuration...
D/Atlas   (  356): Running Thread-50
I/WindowManager(  356): SAFE MODE not enabled
D/Atlas   (  356): Found best atlas configuration in 0.11s
D/Atlas   (  356): Loaded configuration: SliceMinArea (768x768) flags=0x2 count=24
D/gralloc_goldfish(  356): Emulator without GPU emulation detected.
D/dalvikvm(  356): GC_CONCURRENT freed 332K, 62% free 4950K/12720K, paused 15ms+26ms, total 161ms
E/SQLiteLog(  356): (1) no such table: locksettings
W/AssetAtlasService(  356): Could not find EGL configuration
D/Atlas   (  356): Rendered atlas in 29.54ms (26.70+2.84ms)
I/Zygote  (  356): Process: zygote socket opened
V/KeyguardServiceDelegate(  356): *** Keyguard started
V/KeyguardServiceDelegate(  356): onSystemReady() called before keyguard service was ready
F/SystemServer(  356): BOOT FAILURE making Package Manager Service ready
F/SystemServer(  356): java.lang.SecurityException: Unable to find app for caller android.app.ActivityThread$ApplicationThread@b346ad40 (pid=356) when registering receiver android.app.LoadedApk$ReceiverDispatcher$InnerReceiver@b362fe50
F/SystemServer(  356): 	at com.android.server.am.ActivityManagerService.registerReceiver(ActivityManagerService.java:13021)
F/SystemServer(  356): 	at android.app.ContextImpl.registerReceiverInternal(ContextImpl.java:1450)
F/SystemServer(  356): 	at android.app.ContextImpl.registerReceiverAsUser(ContextImpl.java:1425)
F/SystemServer(  356): 	at com.android.internal.content.PackageMonitor.register(PackageMonitor.java:84)
F/SystemServer(  356): 	at com.android.server.pm.UserManagerService.systemReady(UserManagerService.java:237)
F/SystemServer(  356): 	at com.android.server.pm.PackageManagerService.systemReady(PackageManagerService.java:10476)
F/SystemServer(  356): 	at com.android.server.ServerThread.initAndLoop(SystemServer.java:893)
F/SystemServer(  356): 	at com.android.server.SystemServer.main(SystemServer.java:1179)
F/SystemServer(  356): 	at java.lang.reflect.Method.invokeNative(Native Method)
F/SystemServer(  356): 	at java.lang.reflect.Method.invoke(Method.java:515)
F/SystemServer(  356): 	at com.android.internal.os.ZygoteInit$MethodAndArgsCaller.run(ZygoteInit.java:785)
F/SystemServer(  356): 	at com.android.internal.os.ZygoteInit.main(ZygoteInit.java:601)
F/SystemServer(  356): 	at dalvik.system.NativeStart.main(Native Method)
I/Choreographer(  356): Skipped 42 frames!  The application may be doing too much work on its main thread.
E/SoundPool(  449): error loading /system/media/audio/ui/Lock.ogg
W/KeyguardViewMediator(  449): failed to load lock sound from /system/media/audio/ui/Lock.ogg
E/SoundPool(  449): error loading /system/media/audio/ui/Unlock.ogg
W/KeyguardViewMediator(  449): failed to load unlock sound from /system/media/audio/ui/Unlock.ogg
V/KeyguardService(  449): onCreate()
V/KeyguardServiceDelegate(  356): *** Keyguard connected (yay!)
V/KeyguardServiceDelegate(  356): **** SHOWN CALLED ****
D/dalvikvm(  356): GC_CONCURRENT freed 300K, 60% free 5093K/12720K, paused 11ms+5ms, total 63ms
I/ContactsUpgradeReceiver(  481): Creating or opening contacts database
I/ContactsDatabaseHelper(  481): Bootstrapping database version: 803
D/dalvikvm(  481): GC_CONCURRENT freed 365K, 14% free 2809K/3244K, paused 8ms+5ms, total 123ms
D/dalvikvm(  481): GC_CONCURRENT freed 336K, 13% free 2879K/3276K, paused 15ms+1ms, total 56ms
I/ContactsProviderV1(  481): Bootstrapping database legacy support
I/ContactsDatabaseHelper(  481): Bootstrapping database version: 803
D/dalvikvm(  481): GC_CONCURRENT freed 342K, 13% free 2930K/3344K, paused 4ms+3ms, total 35ms
I/ContactsProviderV1(  481): Bootstrapping database legacy support
I/ContactsProvider(  481): Locale has changed from null to en_US
I/ContactsDatabaseHelper(  481): Switching to locale en_US (ICU v51.1.0.1)
D/dalvikvm(  481): GC_CONCURRENT freed 338K, 12% free 3039K/3440K, paused 12ms+5ms, total 77ms
I/ContactsDatabaseHelper(  481): Locale change completed in 568ms
I/ContactsDatabaseHelper(  481): Switching to locale en_US (ICU v51.1.0.1)
D/dalvikvm(  481): GC_CONCURRENT freed 388K, 14% free 3050K/3508K, paused 13ms+3ms, total 49ms
I/ContactsDatabaseHelper(  481): Locale change completed in 455ms
D/SystemUIService(  449): loading: class com.android.systemui.recent.Recents
D/SystemUIService(  449): running: com.android.systemui.recent.Recents@b2dad010
D/SystemUIService(  449): loading: class com.android.systemui.statusbar.SystemBars
D/SystemUIService(  449): running: com.android.systemui.statusbar.SystemBars@b2dad5f8
I/fsck_msdos(   52): ** /dev/block/vold/179:0
I/fsck_msdos(   52): Invalid signature in fsinfo block
I/fsck_msdos(   52): FIXED
I/fsck_msdos(   52): ** Phase 1 - Read and Compare FATs
D/SystemUIService(  449): loading: class com.android.systemui.usb.StorageNotification
D/SystemUIService(  449): running: com.android.systemui.usb.StorageNotification@b2daf348
D/SystemUIService(  449): loading: class com.android.systemui.power.PowerUI
D/SystemUIService(  449): running: com.android.systemui.power.PowerUI@b2db09a8
I/fsck_msdos(   52): Attempting to allocate 794 KB for FAT
D/SystemUIService(  449): loading: class com.android.systemui.media.RingtonePlayer
D/SystemUIService(  449): running: com.android.systemui.media.RingtonePlayer@b2db19e0
D/SystemUIService(  449): loading: class com.android.systemui.settings.SettingsUI
D/SystemUIService(  449): running: com.android.systemui.settings.SettingsUI@b2db2cc8
I/fsck_msdos(   52): Attempting to allocate 794 KB for FAT
D/PhoneStatusBar(  449): mSettingsPanelGravity = 55
I/fsck_msdos(   52): ** Phase 2 - Check Cluster Chains
I/fsck_msdos(   52): ** Phase 3 - Checking Directories
I/fsck_msdos(   52): ** Phase 4 - Checking for Lost Files
I/fsck_msdos(   52): Free space in FSInfo block (201592) not correct (201591)
I/fsck_msdos(   52): FIXED
I/fsck_msdos(   52): 1 files, 100795 free (201591 clusters)
D/dalvikvm(  449): GC_CONCURRENT freed 283K, 12% free 2828K/3180K, paused 5ms+5ms, total 203ms
W/Vold    (   52): blkid failed to identify /dev/block/vold/179:0
I/PackageManager(  356): Updating external media status from unmounted to mounted
D/dalvikvm(  356): GC_CONCURRENT freed 461K, 59% free 5232K/12720K, paused 5ms+35ms, total 422ms
D/dalvikvm(  356): WAIT_FOR_CONCURRENT_GC blocked 198ms
D/dalvikvm(  356): WAIT_FOR_CONCURRENT_GC blocked 114ms
I/PackageManager(  356): No secure containers on sdcard
D/dalvikvm(  449): GC_FOR_ALLOC freed 35K, 8% free 2947K/3180K, paused 41ms, total 42ms
E/BluetoothAdapter(  449): Bluetooth binder is null
E/BluetoothAdapter(  449): Bluetooth binder is null
E/BluetoothAdapter(  449): Bluetooth binder is null
D/dalvikvm(  449): GC_CONCURRENT freed 58K, 5% free 3302K/3456K, paused 4ms+2ms, total 87ms
E/BluetoothAdapter(  449): Bluetooth binder is null
D/PhoneStatusBar(  449): disable: < expand icons alerts ticker system_info back home recent clock search >
E/BluetoothAdapter(  449): Bluetooth binder is null
D/PhoneStatusBar(  449): heads up is disabled
I/Choreographer(  449): Skipped 400 frames!  The application may be doing too much work on its main thread.
D/dalvikvm(  449): GC_CONCURRENT freed 137K, 6% free 3554K/3760K, paused 5ms+14ms, total 120ms
I/Choreographer(  449): Skipped 260 frames!  The application may be doing too much work on its main thread.
D/gralloc_goldfish(  449): Emulator without GPU emulation detected.
I/Choreographer(  449): Skipped 73 frames!  The application may be doing too much work on its main thread.
D/dalvikvm(  550): GC_CONCURRENT freed 258K, 10% free 2951K/3276K, paused 14ms+155ms, total 412ms
D/dalvikvm(  550): WAIT_FOR_CONCURRENT_GC blocked 190ms
D/PhoneStatusBar(  449): mSettingsPanelGravity = 55
D/dalvikvm(  356): GC_CONCURRENT freed 634K, 59% free 5233K/12720K, paused 13ms+5ms, total 113ms
D/dalvikvm(  356): WAIT_FOR_CONCURRENT_GC blocked 34ms
D/dalvikvm(  356): WAIT_FOR_CONCURRENT_GC blocked 44ms
D/dalvikvm(  449): GC_FOR_ALLOC freed 95K, 6% free 3561K/3760K, paused 115ms, total 126ms
W/GpsLocationProvider(  356): Could not open GPS configuration file /etc/gps.conf
W/ServiceWatcher(  356): com.google.android.location not found
W/ServiceWatcher(  356): com.google.android.location not found
W/ServiceWatcher(  356): com.google.android.location not found
W/ServiceWatcher(  356): com.google.android.location not found
E/FlpHardwareProvider(  356): Error hw_get_module 'flp': -2
W/ServiceWatcher(  356): com.google.android.location not found
E/FlpHardwareProvider(  356): Error hw_get_module 'flp': -2
W/ServiceWatcher(  356): com.google.android.location not found
I/dalvikvm-heap(  449): Grow heap (frag case) to 6.470MB for 3072016-byte allocation
I/CommonTimeManagementService(  356): No common time service detected on this platform.  Common time services will be unavailable.
I/InputReader(  356): Reconfiguring input devices.  changes=0x00000020
I/InputReader(  356): Reconfiguring input devices.  changes=0x00000010
D/dalvikvm(  449): GC_FOR_ALLOC freed 3K, 4% free 6557K/6764K, paused 235ms, total 235ms
D/dalvikvm(   58): GC_EXPLICIT freed 38K, 4% free 2705K/2812K, paused 4ms+2ms, total 65ms
D/dalvikvm(   58): GC_EXPLICIT freed <1K, 4% free 2705K/2812K, paused 13ms+2ms, total 58ms
D/dalvikvm(   58): GC_EXPLICIT freed <1K, 4% free 2705K/2812K, paused 2ms+2ms, total 58ms
D/dalvikvm(  449): GC_CONCURRENT freed 1K, 3% free 6561K/6764K, paused 16ms+3ms, total 309ms
D/dalvikvm(  356): GC_CONCURRENT freed 536K, 59% free 5332K/12720K, paused 24ms+5ms, total 227ms
D/dalvikvm(  356): WAIT_FOR_CONCURRENT_GC blocked 61ms
D/dalvikvm(  356): WAIT_FOR_CONCURRENT_GC blocked 56ms
D/dalvikvm(  356): WAIT_FOR_CONCURRENT_GC blocked 46ms
D/dalvikvm(  356): WAIT_FOR_CONCURRENT_GC blocked 47ms
D/dalvikvm(  449): GC_FOR_ALLOC freed 3002K, 6% free 3563K/3760K, paused 205ms, total 205ms
I/dalvikvm-heap(  449): Grow heap (frag case) to 6.473MB for 3072016-byte allocation
I/LatinIME(  591): Hardware accelerated drawing: true
D/dalvikvm(  449): GC_FOR_ALLOC freed <1K, 3% free 6563K/6764K, paused 147ms, total 147ms
D/dalvikvm(  449): GC_CONCURRENT freed 0K, 3% free 6563K/6764K, paused 4ms+3ms, total 148ms
D/PhoneStatusBar(  449): mSettingsPanelGravity = 55
W/InputAttributes(  591): No editor info for this field. Bug?
V/StatusBar(  449): userId 0 is in the house
I/ResourceUtils(  591): Found default value: resource=keypress_vibration_durations build=[HARDWARE=goldfish MODEL=sdk BRAND=generic MANUFACTURER=unknown] default=-1
I/ResourceUtils(  591): Found default value: resource=keypress_volumes build=[HARDWARE=goldfish MODEL=sdk BRAND=generic MANUFACTURER=unknown] default=-1.0f
D/dalvikvm(  591): GC_CONCURRENT freed 223K, 9% free 2903K/3180K, paused 12ms+2ms, total 141ms
I/Choreographer(  449): Skipped 73 frames!  The application may be doing too much work on its main thread.
I/Choreographer(  449): Skipped 55 frames!  The application may be doing too much work on its main thread.
I/LatinIME:LogUtils(  591): Dictionary info: dictionary = PersonalizationPredictionDictio ; version = ? ; date = 1545838970
I/PrintSpoolerService(  660): No existing print spooler state.
I/LatinIME:LogUtils(  591): Dictionary info: dictionary = UserHistoryDictionary.en_US.dic ; version = ? ; date = 1545838970
I/LatinIME:LogUtils(  591): Dictionary info: dictionary = personalization.en_US.dict ; version = ? ; date = 1545838970
D/dalvikvm(  603): GC_CONCURRENT freed 179K, 8% free 2924K/3172K, paused 114ms+2ms, total 271ms
D/dalvikvm(  356): GC_CONCURRENT freed 545K, 58% free 5447K/12720K, paused 5ms+54ms, total 337ms
D/dalvikvm(  356): WAIT_FOR_CONCURRENT_GC blocked 203ms
D/dalvikvm(  356): WAIT_FOR_CONCURRENT_GC blocked 139ms
D/dalvikvm(  356): WAIT_FOR_CONCURRENT_GC blocked 122ms
D/dalvikvm(  356): WAIT_FOR_CONCURRENT_GC blocked 27ms
I/PackageManager(  356):   Action: "android.intent.action.SENDTO"
I/PackageManager(  356):   Category: "android.intent.category.DEFAULT"
I/PackageManager(  356):   Scheme: "sms"
I/PackageManager(  356):   Action: "android.intent.action.SENDTO"
I/PackageManager(  356):   Category: "android.intent.category.DEFAULT"
I/PackageManager(  356):   Scheme: "smsto"
I/PackageManager(  356):   Action: "android.intent.action.SENDTO"
I/PackageManager(  356):   Category: "android.intent.category.DEFAULT"
I/PackageManager(  356):   Scheme: "mms"
I/PackageManager(  356):   Action: "android.intent.action.SENDTO"
I/PackageManager(  356):   Category: "android.intent.category.DEFAULT"
I/PackageManager(  356):   Scheme: "mmsto"
I/InputReader(  356): Reconfiguring input devices.  changes=0x00000010
I/PackageManager(  356):   Action: "android.intent.action.SENDTO"
I/PackageManager(  356):   Category: "android.intent.category.DEFAULT"
I/PackageManager(  356):   Scheme: "sms"
I/PackageManager(  356):   Action: "android.intent.action.SENDTO"
I/PackageManager(  356):   Category: "android.intent.category.DEFAULT"
I/PackageManager(  356):   Scheme: "smsto"
D/dalvikvm(  591): GC_CONCURRENT freed 394K, 14% free 2967K/3432K, paused 4ms+21ms, total 173ms
D/dalvikvm(  356): GC_CONCURRENT freed 707K, 58% free 5430K/12720K, paused 7ms+96ms, total 397ms
D/dalvikvm(  356): WAIT_FOR_CONCURRENT_GC blocked 297ms
D/dalvikvm(  356): WAIT_FOR_CONCURRENT_GC blocked 302ms
D/dalvikvm(  356): WAIT_FOR_CONCURRENT_GC blocked 204ms
I/PackageManager(  356):   Action: "android.intent.action.SENDTO"
I/PackageManager(  356):   Category: "android.intent.category.DEFAULT"
I/PackageManager(  356):   Scheme: "mms"
I/PackageManager(  356):   Action: "android.intent.action.SENDTO"
I/PackageManager(  356):   Category: "android.intent.category.DEFAULT"
I/PackageManager(  356):   Scheme: "mmsto"
I/LatinIME:LogUtils(  591): Dictionary info: dictionary = userunigram.en_US.dict ; version = ? ; date = ?
E/BluetoothAdapter(  603): Bluetooth binder is null
E/BluetoothAdapter(  603): Bluetooth binder is null
D/CallNotifier(  603): CallNotifier: mSignalInfoToneGenerator created when toneplay
E/BluetoothAdapter(  603): Bluetooth binder is null
D/dalvikvm(  591): GC_CONCURRENT freed 458K, 16% free 2987K/3532K, paused 23ms+33ms, total 178ms
I/LatinIME:LogUtils(  591): Dictionary info: dictionary = main:en ; version = 42 ; date = 1381226429
I/LatinIME:LogUtils(  591): Dictionary info: dictionary = main:en ; version = 42 ; date = 1381226429
I/LatinIME:LogUtils(  591): Dictionary info: dictionary = main:en ; version = 42 ; date = 1381226429
I/LatinIME:LogUtils(  591): Dictionary info: dictionary = main:en ; version = 42 ; date = 1381226429
I/LatinIME:LogUtils(  591): Dictionary info: dictionary = main:en ; version = 42 ; date = 1381226429
I/LatinIME:LogUtils(  591): Dictionary info: dictionary = main:en ; version = 42 ; date = 1381226429
I/LatinIME:LogUtils(  591): Dictionary info: dictionary = main:en ; version = 42 ; date = 1381226429
I/LatinIME:LogUtils(  591): Dictionary info: dictionary = main:en ; version = 42 ; date = 1381226429
D/dalvikvm(  689): GC_CONCURRENT freed 176K, 8% free 2963K/3212K, paused 22ms+13ms, total 94ms
D/dalvikvm(  603): GC_CONCURRENT freed 281K, 11% free 3048K/3396K, paused 523ms+2ms, total 607ms
D/dalvikvm(  356): GC_FOR_ALLOC freed 637K, 57% free 5477K/12720K, paused 164ms, total 165ms
D/dalvikvm(  356): GC_CONCURRENT freed 241K, 57% free 5521K/12720K, paused 6ms+15ms, total 138ms
I/FusedLocation(  356): engine started (com.android.location.fused)
I/FusedLocation(  356): engine stopped (com.android.location.fused)
I/FusedLocation(  356): engine started (com.android.location.fused)
D/dalvikvm(  356): GC_CONCURRENT freed 743K, 57% free 5486K/12720K, paused 26ms+5ms, total 175ms
D/dalvikvm(  356): WAIT_FOR_CONCURRENT_GC blocked 62ms
D/dalvikvm(  356): WAIT_FOR_CONCURRENT_GC blocked 65ms
D/dalvikvm(  356): WAIT_FOR_CONCURRENT_GC blocked 65ms
D/dalvikvm(  356): WAIT_FOR_CONCURRENT_GC blocked 67ms
D/TelephonyDebugService(  603): TelephonyDebugService()
D/dalvikvm(  689): GC_FOR_ALLOC freed 188K, 8% free 3111K/3372K, paused 48ms, total 54ms
I/dalvikvm-heap(  689): Grow heap (frag case) to 3.715MB for 640016-byte allocation
D/AlarmManagerService(  356): Kernel timezone updated to 300 minutes west of GMT
D/dalvikvm(  689): GC_CONCURRENT freed 3K, 7% free 3733K/4000K, paused 9ms+5ms, total 97ms
D/dalvikvm(  689): WAIT_FOR_CONCURRENT_GC blocked 72ms
W/Resources(  689): Converting to int: TypedValue{t=0x3/d=0x12 "4" a=-1}
W/Resources(  689): Converting to int: TypedValue{t=0x3/d=0xf "1" a=-1}
W/Resources(  689): Converting to int: TypedValue{t=0x3/d=0x15 "2" a=-1}
W/Resources(  689): Converting to int: TypedValue{t=0x3/d=0x15 "2" a=-1}
W/Launcher.LauncherProvider(  689): Unable to add favorite: com.android.camera2/com.android.camera.CameraLauncher
W/Launcher.LauncherProvider(  689): android.content.pm.PackageManager$NameNotFoundException: ComponentInfo{com.android.camera2/com.android.camera.CameraLauncher}
W/Launcher.LauncherProvider(  689): 	at android.app.ApplicationPackageManager.getActivityInfo(ApplicationPackageManager.java:242)
W/Launcher.LauncherProvider(  689): 	at com.android.launcher2.LauncherProvider$DatabaseHelper.addAppShortcut(LauncherProvider.java:959)
W/Launcher.LauncherProvider(  689): 	at com.android.launcher2.LauncherProvider$DatabaseHelper.loadFavorites(LauncherProvider.java:863)
W/Launcher.LauncherProvider(  689): 	at com.android.launcher2.LauncherProvider$DatabaseHelper.access$000(LauncherProvider.java:253)
W/Launcher.LauncherProvider(  689): 	at com.android.launcher2.LauncherProvider.loadDefaultFavoritesIfNecessary(LauncherProvider.java:237)
W/Launcher.LauncherProvider(  689): 	at com.android.launcher2.LauncherModel$LoaderTask.loadWorkspace(LauncherModel.java:1278)
W/Launcher.LauncherProvider(  689): 	at com.android.launcher2.LauncherModel$LoaderTask.loadAndBindWorkspace(LauncherModel.java:1020)
W/Launcher.LauncherProvider(  689): 	at com.android.launcher2.LauncherModel$LoaderTask.run(LauncherModel.java:1126)
W/Launcher.LauncherProvider(  689): 	at android.os.Handler.handleCallback(Handler.java:733)
W/Launcher.LauncherProvider(  689): 	at android.os.Handler.dispatchMessage(Handler.java:95)
W/Launcher.LauncherProvider(  689): 	at android.os.Looper.loop(Looper.java:136)
W/Launcher.LauncherProvider(  689): 	at android.os.HandlerThread.run(HandlerThread.java:61)
D/dalvikvm(  603): GC_CONCURRENT freed 302K, 11% free 3161K/3532K, paused 4ms+2ms, total 185ms
W/Launcher.LauncherProvider(  689): Unable to add favorite: com.android.gallery3d/com.android.gallery3d.app.Gallery
W/Launcher.LauncherProvider(  689): android.content.pm.PackageManager$NameNotFoundException: ComponentInfo{com.android.gallery3d/com.android.gallery3d.app.Gallery}
W/Launcher.LauncherProvider(  689): 	at android.app.ApplicationPackageManager.getActivityInfo(ApplicationPackageManager.java:242)
W/Launcher.LauncherProvider(  689): 	at com.android.launcher2.LauncherProvider$DatabaseHelper.addAppShortcut(LauncherProvider.java:959)
W/Launcher.LauncherProvider(  689): 	at com.android.launcher2.LauncherProvider$DatabaseHelper.loadFavorites(LauncherProvider.java:863)
W/Launcher.LauncherProvider(  689): 	at com.android.launcher2.LauncherProvider$DatabaseHelper.access$000(LauncherProvider.java:253)
W/Launcher.LauncherProvider(  689): 	at com.android.launcher2.LauncherProvider.loadDefaultFavoritesIfNecessary(LauncherProvider.java:237)
W/Launcher.LauncherProvider(  689): 	at com.android.launcher2.LauncherModel$LoaderTask.loadWorkspace(LauncherModel.java:1278)
W/Launcher.LauncherProvider(  689): 	at com.android.launcher2.LauncherModel$LoaderTask.loadAndBindWorkspace(LauncherModel.java:1020)
W/Launcher.LauncherProvider(  689): 	at com.android.launcher2.LauncherModel$LoaderTask.run(LauncherModel.java:1126)
W/Launcher.LauncherProvider(  689): 	at android.os.Handler.handleCallback(Handler.java:733)
W/Launcher.LauncherProvider(  689): 	at android.os.Handler.dispatchMessage(Handler.java:95)
W/Launcher.LauncherProvider(  689): 	at android.os.Looper.loop(Looper.java:136)
W/Launcher.LauncherProvider(  689): 	at android.os.HandlerThread.run(HandlerThread.java:61)
D/PermissionCache(   57): checking android.permission.READ_FRAME_BUFFER for uid=1000 => granted (736 us)
D/gralloc (   57): Registering a buffer in the process that created it. This may cause memory ordering problems.
E/libEGL  (   57): called unimplemented OpenGL ES API
E/libEGL  (   57): called unimplemented OpenGL ES API
E/libEGL  (   57): called unimplemented OpenGL ES API
E/libEGL  (   57): called unimplemented OpenGL ES API
E/SurfaceFlinger(   57): glCheckFramebufferStatusOES error 1897694250
E/SurfaceFlinger(   57): got GL_FRAMEBUFFER_COMPLETE_OES error while taking screenshot
E/libEGL  (   57): called unimplemented OpenGL ES API
E/libEGL  (   57): called unimplemented OpenGL ES API
D/PhoneStatusBar(  449): mSettingsPanelGravity = 55
I/ARMAssembler(   57): generated scanline__00000077:03515104_00008001_00000000 [113 ipp] (134 ins) at [0xb5aa91f0:0xb5aa9408] in 20000000 ns
I/Choreographer(  449): Skipped 38 frames!  The application may be doing too much work on its main thread.
D/dalvikvm(  689): GC_CONCURRENT freed 247K, 8% free 3913K/4228K, paused 4ms+3ms, total 235ms
D/dalvikvm(  603): GC_CONCURRENT freed 367K, 12% free 3304K/3740K, paused 5ms+3ms, total 50ms
D/dalvikvm(  603): WAIT_FOR_CONCURRENT_GC blocked 16ms
W/Launcher.Model(  689): LoaderTask running with no launcher (loadAllAppsByBatch)
D/dalvikvm(  356): GC_CONCURRENT freed 594K, 57% free 5555K/12720K, paused 24ms+5ms, total 101ms
D/dalvikvm(  356): WAIT_FOR_CONCURRENT_GC blocked 56ms
D/dalvikvm(  603): GC_CONCURRENT freed 521K, 16% free 3295K/3884K, paused 4ms+3ms, total 137ms
D/dalvikvm(  603): WAIT_FOR_CONCURRENT_GC blocked 8ms
D/dalvikvm(  603): GC_CONCURRENT freed 487K, 16% free 3299K/3884K, paused 14ms+2ms, total 315ms
I/SurfaceFlinger(   57): Boot is finished (70336 ms)
D/dalvikvm(  356): GC_CONCURRENT freed 542K, 56% free 5610K/12720K, paused 18ms+63ms, total 264ms
I/MediaProvider(  621): Upgrading media database from version 0 to 700, which will destroy all old data
I/InputReader(  356): Reconfiguring input devices.  changes=0x00000010
I/PackageManager(  356):   Action: "android.intent.action.SENDTO"
I/PackageManager(  356):   Category: "android.intent.category.DEFAULT"
I/PackageManager(  356):   Scheme: "sms"
I/PackageManager(  356):   Action: "android.intent.action.SENDTO"
I/PackageManager(  356):   Category: "android.intent.category.DEFAULT"
I/PackageManager(  356):   Scheme: "smsto"
I/PackageManager(  356):   Action: "android.intent.action.SENDTO"
I/PackageManager(  356):   Category: "android.intent.category.DEFAULT"
I/PackageManager(  356):   Scheme: "mms"
I/PackageManager(  356):   Action: "android.intent.action.SENDTO"
I/PackageManager(  356):   Category: "android.intent.category.DEFAULT"
I/PackageManager(  356):   Scheme: "mmsto"
D/dalvikvm(  356): GC_CONCURRENT freed 765K, 57% free 5575K/12720K, paused 17ms+6ms, total 359ms
D/dalvikvm(  356): WAIT_FOR_CONCURRENT_GC blocked 122ms
D/dalvikvm(  356): WAIT_FOR_CONCURRENT_GC blocked 107ms
D/Tethering(  356): MasterInitialState.processMessage what=3
D/CaptivePortalTracker(  356): NoActiveNetworkState{ when=-3ms what=1 obj=NetworkInfo: type: mobile[UMTS], state: CONNECTED/CONNECTED, reason: connected, extra: epc.tmobile.com, roaming: false, failover: false, isAvailable: true, isConnectedToProvisioningNetwork: false target=com.android.internal.util.StateMachine$SmHandler }
D/CaptivePortalTracker(  356): NoActiveNetworkState not a wifi connectivity change, ignore
I/PackageManager(  356):   Action: "android.intent.action.SENDTO"
I/PackageManager(  356):   Category: "android.intent.category.DEFAULT"
I/PackageManager(  356):   Scheme: "sms"
I/Choreographer(  356): Skipped 34 frames!  The application may be doing too much work on its main thread.
I/ARMAssembler(   57): generated scanline__00000077:03515104_00009001_00000000 [131 ipp] (153 ins) at [0xb5aa9410:0xb5aa9674] in 10000000 ns
I/PackageManager(  356):   Action: "android.intent.action.SENDTO"
I/PackageManager(  356):   Category: "android.intent.category.DEFAULT"
I/PackageManager(  356):   Scheme: "smsto"
I/Choreographer(  356): Skipped 33 frames!  The application may be doing too much work on its main thread.
D/dalvikvm(  603): GC_CONCURRENT freed 350K, 13% free 3380K/3884K, paused 4ms+33ms, total 254ms
I/PackageManager(  356):   Action: "android.intent.action.SENDTO"
I/PackageManager(  356):   Category: "android.intent.category.DEFAULT"
I/PackageManager(  356):   Scheme: "mms"
I/PackageManager(  356):   Action: "android.intent.action.SENDTO"
I/PackageManager(  356):   Category: "android.intent.category.DEFAULT"
I/PackageManager(  356):   Scheme: "mmsto"
D/dalvikvm(  356): GC_CONCURRENT freed 712K, 57% free 5582K/12720K, paused 15ms+5ms, total 173ms
D/dalvikvm(  356): WAIT_FOR_CONCURRENT_GC blocked 103ms
D/CaptivePortalTracker(  356): NoActiveNetworkState{ when=0 what=1 obj=NetworkInfo: type: mobile_hipri[UMTS], state: CONNECTED/CONNECTED, reason: dataEnabled, extra: epc.tmobile.com, roaming: false, failover: false, isAvailable: true, isConnectedToProvisioningNetwork: false target=com.android.internal.util.StateMachine$SmHandler }
D/CaptivePortalTracker(  356): NoActiveNetworkState not a wifi connectivity change, ignore
D/Tethering(  356): MasterInitialState.processMessage what=3
D/dalvikvm(  356): GC_EXPLICIT freed 80K, 57% free 5588K/12720K, paused 135ms+87ms, total 518ms
D/Launcher.Model(  689): Reload apps on config change. curr_mcc:310 prevmcc:0
I/Choreographer(  689): Skipped 1813 frames!  The application may be doing too much work on its main thread.
I/Choreographer(  689): Skipped 72 frames!  The application may be doing too much work on its main thread.
D/AndroidRuntime(  803): 
D/AndroidRuntime(  803): >>>>>> AndroidRuntime START com.android.internal.os.RuntimeInit <<<<<<
D/AndroidRuntime(  803): CheckJNI is ON
D/gralloc_goldfish(  689): Emulator without GPU emulation detected.
D/dalvikvm(  689): GC_CONCURRENT freed 300K, 9% free 3999K/4372K, paused 5ms+51ms, total 257ms
D/dalvikvm(  803): Trying to load lib libjavacore.so 0x0
D/dalvikvm(  803): Added shared lib libjavacore.so 0x0
D/dalvikvm(  803): Trying to load lib libnativehelper.so 0x0
D/dalvikvm(  803): Added shared lib libnativehelper.so 0x0
D/dalvikvm(  803): No JNI_OnLoad found in libnativehelper.so 0x0, skipping init
D/dalvikvm(  689): GC_FOR_ALLOC freed 35K, 9% free 4000K/4372K, paused 91ms, total 122ms
I/dalvikvm-heap(  689): Grow heap (frag case) to 5.509MB for 1610896-byte allocation
D/dalvikvm(  689): GC_FOR_ALLOC freed <1K, 7% free 5572K/5948K, paused 87ms, total 87ms
D/dalvikvm(  689): GC_CONCURRENT freed <1K, 7% free 5573K/5948K, paused 4ms+23ms, total 92ms
D/dalvikvm(  689): WAIT_FOR_CONCURRENT_GC blocked 60ms
I/dalvikvm-heap(  689): Grow heap (frag case) to 7.044MB for 1610896-byte allocation
D/dalvikvm(  689): GC_CONCURRENT freed <1K, 6% free 7146K/7524K, paused 4ms+2ms, total 84ms
D/dalvikvm(  689): WAIT_FOR_CONCURRENT_GC blocked 66ms
D/dalvikvm(  803): Note: class Landroid/app/ActivityManagerNative; has 179 unimplemented (abstract) methods
I/ActivityManager(  356): Displayed com.android.launcher/com.android.launcher2.Launcher: +15s172ms (total +18s711ms)
I/Choreographer(  356): Skipped 44 frames!  The application may be doing too much work on its main thread.
D/dalvikvm(  449): GC_FOR_ALLOC freed 3129K, 48% free 3587K/6784K, paused 673ms, total 684ms
I/dalvikvm-heap(  449): Grow heap (frag case) to 6.496MB for 3072016-byte allocation
E/memtrack(  803): Couldn't load memtrack module (No such file or directory)
E/android.os.Debug(  803): failed to load memtrack module: -2
I/Choreographer(  356): Skipped 37 frames!  The application may be doing too much work on its main thread.
D/dalvikvm(  449): GC_CONCURRENT freed 5K, 3% free 6582K/6784K, paused 4ms+3ms, total 452ms
D/AndroidRuntime(  803): Calling main entry com.android.commands.pm.Pm
E/SQLiteLog(  621): (1) no such table: album_info
I/ContactLocale(  550): AddressBook Labels [en_US]: [, A, B, C, D, E, F, G, H, I, J, K, L, M, N, O, P, Q, R, S, T, U, V, W, X, Y, Z, , , , , , , , , , , , , , , , , , , , , , , , , , , , , , , , , , , , , , , , , , , , , , , , , , , , , , , , , , , , , , , , , , , , , , , , , , , , , , , , , , , , , , , , , , , , , , , , , , , , , , , , , , , , , , , , , , , , , , , , , , , , , , , , , , , , , , , , , , , , , , , , , , , , , , , , , , , , , , , , , , , , , , , , , , , , , , , , , , , , , , #, ]
I/Choreographer(  689): Skipped 49 frames!  The application may be doing too much work on its main thread.
D/dalvikvm(  621): GC_CONCURRENT freed 225K, 10% free 2884K/3176K, paused 5ms+7ms, total 417ms
I/DownloadManager(  621): Upgrading downloads database from version 0 to version 109, which will destroy all old data
D/ExternalStorage(  849): Missing UUID for /storage/sdcard; skipping
D/ExternalStorage(  849): After updating volumes, found 0 active roots
I/Choreographer(  689): Skipped 137 frames!  The application may be doing too much work on its main thread.
D/GpsLocationProvider(  356): NTP server returned: 1545838961634 (Wed Dec 26 10:42:41 EST 2018) reference: 74153 certainty: 10 system time offset: -28444
D/dalvikvm(  356): GC_CONCURRENT freed 610K, 56% free 5620K/12692K, paused 6ms+9ms, total 111ms
D/dalvikvm(  689): GC_CONCURRENT freed 2021K, 25% free 6503K/8604K, paused 5ms+3ms, total 76ms
I/PackageManager(  356): Running dexopt on: zzzzzz.xxxxxx.cccccc
D/dalvikvm(  864): DexOpt: load 115ms, verify+opt 199ms, 375116 bytes
D/ExternalStorage(  849): Missing UUID for /storage/sdcard; skipping
D/ExternalStorage(  849): After updating volumes, found 0 active roots
D/MediaScannerReceiver(  621): action: android.intent.action.MEDIA_MOUNTED path: /storage/sdcard
I/InputReader(  356): Reconfiguring input devices.  changes=0x00000010
I/PackageManager(  356):   Action: "android.intent.action.SENDTO"
I/PackageManager(  356):   Category: "android.intent.category.DEFAULT"
I/PackageManager(  356):   Scheme: "sms"
I/PackageManager(  356):   Action: "android.intent.action.SENDTO"
I/PackageManager(  356):   Category: "android.intent.category.DEFAULT"
I/PackageManager(  356):   Scheme: "smsto"
D/dalvikvm(  356): GC_EXPLICIT freed 732K, 56% free 5621K/12692K, paused 5ms+7ms, total 343ms
D/dalvikvm(  356): WAIT_FOR_CONCURRENT_GC blocked 133ms
D/dalvikvm(  356): WAIT_FOR_CONCURRENT_GC blocked 118ms
D/dalvikvm(  356): WAIT_FOR_CONCURRENT_GC blocked 119ms
D/dalvikvm(  356): WAIT_FOR_CONCURRENT_GC blocked 76ms
D/dalvikvm(  356): WAIT_FOR_CONCURRENT_GC blocked 143ms
D/dalvikvm(  356): WAIT_FOR_CONCURRENT_GC blocked 119ms
D/AndroidRuntime(  803): Shutting down VM
D/dalvikvm(  803): GC_CONCURRENT freed 95K, 16% free 560K/660K, paused 3ms+3ms, total 24ms
D/dalvikvm(  356): WAIT_FOR_CONCURRENT_GC blocked 123ms
I/PackageManager(  356):   Action: "android.intent.action.SENDTO"
I/PackageManager(  356):   Category: "android.intent.category.DEFAULT"
I/PackageManager(  356):   Scheme: "mms"
D/dalvikvm(  603): GC_CONCURRENT freed 441K, 15% free 3355K/3916K, paused 10ms+2ms, total 93ms
I/PackageManager(  356):   Action: "android.intent.action.SENDTO"
I/PackageManager(  356):   Category: "android.intent.category.DEFAULT"
I/PackageManager(  356):   Scheme: "mmsto"
I/PackageManager(  356):   Action: "android.intent.action.SENDTO"
I/PackageManager(  356):   Category: "android.intent.category.DEFAULT"
I/PackageManager(  356):   Scheme: "sms"
I/PackageManager(  356):   Action: "android.intent.action.SENDTO"
I/PackageManager(  356):   Category: "android.intent.category.DEFAULT"
I/PackageManager(  356):   Scheme: "smsto"
I/PackageManager(  356):   Action: "android.intent.action.SENDTO"
I/PackageManager(  356):   Category: "android.intent.category.DEFAULT"
I/PackageManager(  356):   Scheme: "mms"
I/PackageManager(  356):   Action: "android.intent.action.SENDTO"
I/PackageManager(  356):   Category: "android.intent.category.DEFAULT"
I/PackageManager(  356):   Scheme: "mmsto"
D/dalvikvm(  603): GC_CONCURRENT freed 386K, 15% free 3356K/3916K, paused 22ms+2ms, total 60ms
D/dalvikvm(  356): GC_CONCURRENT freed 681K, 56% free 5586K/12692K, paused 53ms+5ms, total 113ms
E/BluetoothAdapter(  614): Bluetooth binder is null
I/ContactDirectoryManager(  550): deleted 0 stale rows which don't have any relevant directory
I/ContactDirectoryManager(  550): Discovered 0 contact directories in 2634ms
I/dalvikvm(  900): CheckJNI enabled: not enabling JNI app bug workarounds.
I/ContactsProvider(  550): Upgrading aggregation algorithm
I/ContactAggregator(  550): Marked all visible contacts for aggregation: 0 raw contacts, 5 ms
I/MediaFocusControl(  356):   Remote Control   registerMediaButtonIntent() for PendingIntent{b3432570: PendingIntentRecord{b3458da8 com.android.music broadcastIntent}}
E/BluetoothAdapter(  614): Bluetooth binder is null
I/ContactsProvider(  550): Aggregation algorithm upgraded for 0 raw contacts in 436ms
D/ExtensionsFactory(  913): No custom extensions.
V/MediaScanner(  621): pruneDeadThumbnailFiles... android.database.sqlite.SQLiteCursor@b2d62100
V/MediaScanner(  621): /pruneDeadThumbnailFiles... android.database.sqlite.SQLiteCursor@b2d62100
I/ContactsFTS(  550): Rebuild contact search index in 514ms, 0 contacts
D/dalvikvm(  550): GC_CONCURRENT freed 259K, 10% free 3083K/3412K, paused 4ms+2ms, total 66ms
D/dalvikvm(   58): GC_EXPLICIT freed 40K, 4% free 2705K/2816K, paused 3ms+13ms, total 43ms
D/dalvikvm(   58): GC_EXPLICIT freed <1K, 4% free 2705K/2816K, paused 3ms+2ms, total 59ms
D/dalvikvm(   58): GC_EXPLICIT freed <1K, 4% free 2705K/2816K, paused 3ms+2ms, total 59ms
D/dalvikvm(  356): GC_CONCURRENT freed 500K, 56% free 5687K/12692K, paused 10ms+30ms, total 210ms
D/dalvikvm(  878): GC_CONCURRENT freed 209K, 9% free 2889K/3172K, paused 17ms+2ms, total 525ms
V/AlarmClock(  931): AlarmInitReceiver android.intent.action.TIMEZONE_CHANGED
I/CalendarDatabaseHelper(  935): Bootstrapping database
I/AlarmClock(  931): Alarms Table created
I/AlarmClock(  931): Instance table created
I/AlarmClock(  931): Cities table created
I/AlarmClock(  931): Inserting default alarms
I/AlarmClock(  931): Displaying next alarm time: ''
V/AlarmClock(  931): AlarmInitReceiver finished
E/BluetoothAdapter(  614): Bluetooth binder is null
I/CalendarProvider2(  935): Created com.android.providers.calendar.CalendarAlarmManager@b2d93a18(com.android.providers.calendar.CalendarProvider2@b2d80030)
D/ExtensionsFactory(  959): No custom extensions.
I/Email   (  878): Observing account changes for notifications
E/BluetoothAdapter(  356): Bluetooth binder is null
E/BluetoothAdapter(  356): Bluetooth binder is null
E/SoundPool(  356): error loading /system/media/audio/ui/Effect_Tick.ogg
W/AudioService(  356): Soundpool could not load file: /system/media/audio/ui/Effect_Tick.ogg
E/SoundPool(  356): error loading /system/media/audio/ui/Effect_Tick.ogg
W/AudioService(  356): Soundpool could not load file: /system/media/audio/ui/Effect_Tick.ogg
E/SoundPool(  356): error loading /system/media/audio/ui/Effect_Tick.ogg
W/AudioService(  356): Soundpool could not load file: /system/media/audio/ui/Effect_Tick.ogg
E/SoundPool(  356): error loading /system/media/audio/ui/Effect_Tick.ogg
W/AudioService(  356): Soundpool could not load file: /system/media/audio/ui/Effect_Tick.ogg
E/SoundPool(  356): error loading /system/media/audio/ui/Effect_Tick.ogg
W/AudioService(  356): Soundpool could not load file: /system/media/audio/ui/Effect_Tick.ogg
E/SoundPool(  356): error loading /system/media/audio/ui/KeypressStandard.ogg
W/AudioService(  356): Soundpool could not load file: /system/media/audio/ui/KeypressStandard.ogg
E/SoundPool(  356): error loading /system/media/audio/ui/KeypressSpacebar.ogg
W/AudioService(  356): Soundpool could not load file: /system/media/audio/ui/KeypressSpacebar.ogg
E/SoundPool(  356): error loading /system/media/audio/ui/KeypressDelete.ogg
W/AudioService(  356): Soundpool could not load file: /system/media/audio/ui/KeypressDelete.ogg
E/SoundPool(  356): error loading /system/media/audio/ui/KeypressReturn.ogg
W/AudioService(  356): Soundpool could not load file: /system/media/audio/ui/KeypressReturn.ogg
E/SoundPool(  356): error loading /system/media/audio/ui/KeypressInvalid.ogg
W/AudioService(  356): Soundpool could not load file: /system/media/audio/ui/KeypressInvalid.ogg
W/AudioService(  356): onLoadSoundEffects(), Error -1 while loading samples
I/RecoverySystem(  356): No recovery log file
I/CalendarProvider2(  935): Sending notification intent: Intent { act=android.intent.action.PROVIDER_CHANGED dat=content://com.android.calendar }
W/ContentResolver(  935): Failed to get type for: content://com.android.calendar (Unknown URL content://com.android.calendar)
D/dalvikvm(  356): GC_CONCURRENT freed 630K, 55% free 5792K/12692K, paused 7ms+4ms, total 95ms
I/MediaProvider(  621): Upgrading media database from version 0 to 700, which will destroy all old data
V/MmsConfig(  989): mnc/mcc: 310260
V/MmsConfig(  989): tag: bool value: enabledMMS - true
V/MmsConfig(  989): tag: int value: maxMessageSize - 307200
V/MmsConfig(  989): tag: int value: maxImageHeight - 480
V/MmsConfig(  989): tag: int value: maxImageWidth - 640
V/MmsConfig(  989): tag: int value: defaultSMSMessagesPerThread - 10000
V/MmsConfig(  989): tag: int value: defaultMMSMessagesPerThread - 1000
V/MmsConfig(  989): tag: int value: minMessageCountPerThread - 10
V/MmsConfig(  989): tag: int value: maxMessageCountPerThread - 5000
V/MmsConfig(  989): tag: string value: uaProfUrl - http://www.google.com/oha/rdf/ua-profile-kila.xml
V/MmsConfig(  989): tag: int value: recipientLimit - -1
V/MmsConfig(  989): tag: bool value: enableMultipartSMS - true
V/MmsConfig(  989): tag: int value: smsToMmsTextThreshold - -1
V/MmsConfig(  989): tag: bool value: enableSlideDuration - true
V/MmsConfig(  989): tag: int value: maxMessageTextSize - -1
D/Mms:app (  989): cancelNotification
