I/PackageManager(  357): /system/app/LiveWallpapersPicker.apk changed; collecting certs
I/PackageManager(  357): /system/app/Music.apk changed; collecting certs
D/dalvikvm(  357): GC_CONCURRENT freed 430K, 60% free 4774K/11908K, paused 5ms+9ms, total 70ms
D/dalvikvm(  357): WAIT_FOR_CONCURRENT_GC blocked 27ms
D/dalvikvm(  357): GC_CONCURRENT freed 1144K, 66% free 4139K/11908K, paused 5ms+12ms, total 79ms
I/PackageManager(  357): /system/app/NetSpeed.apk changed; collecting certs
I/PackageManager(  357): /system/app/OpenWnn.apk changed; collecting certs
D/dalvikvm(  357): GC_CONCURRENT freed 335K, 64% free 4316K/11908K, paused 5ms+12ms, total 76ms
D/dalvikvm(  357): WAIT_FOR_CONCURRENT_GC blocked 8ms
D/dalvikvm(  357): GC_CONCURRENT freed 599K, 65% free 4228K/11908K, paused 5ms+3ms, total 41ms
D/dalvikvm(  357): WAIT_FOR_CONCURRENT_GC blocked 27ms
D/dalvikvm(  357): GC_CONCURRENT freed 317K, 63% free 4423K/11908K, paused 13ms+3ms, total 60ms
D/dalvikvm(  357): WAIT_FOR_CONCURRENT_GC blocked 24ms
I/PackageManager(  357): /system/app/PacProcessor.apk changed; collecting certs
I/PackageManager(  357): /system/app/PackageInstaller.apk changed; collecting certs
D/dalvikvm(  357): GC_CONCURRENT freed 427K, 62% free 4543K/11908K, paused 5ms+3ms, total 103ms
I/PackageManager(  357): /system/app/PicoTts.apk changed; collecting certs
I/PackageManager(  357): /system/app/PinyinIME.apk changed; collecting certs
D/dalvikvm(  357): GC_CONCURRENT freed 337K, 61% free 4718K/11908K, paused 12ms+9ms, total 65ms
D/dalvikvm(  357): WAIT_FOR_CONCURRENT_GC blocked 29ms
I/PackageManager(  357): /system/app/PrintSpooler.apk changed; collecting certs
D/dalvikvm(  357): GC_CONCURRENT freed 1008K, 66% free 4142K/11908K, paused 6ms+11ms, total 73ms
I/PackageManager(  357): /system/app/Protips.apk changed; collecting certs
I/PackageManager(  357): /system/app/QuickSearchBox.apk changed; collecting certs
D/dalvikvm(  357): GC_CONCURRENT freed 470K, 65% free 4171K/11908K, paused 13ms+3ms, total 46ms
D/dalvikvm(  357): WAIT_FOR_CONCURRENT_GC blocked 34ms
D/dalvikvm(  357): GC_CONCURRENT freed 391K, 65% free 4228K/11908K, paused 5ms+5ms, total 71ms
I/PackageManager(  357): /system/app/SdkSetup.apk changed; collecting certs
I/PackageManager(  357): /system/app/SoundRecorder.apk changed; collecting certs
I/PackageManager(  357): /system/app/SpeechRecorder.apk changed; collecting certs
I/PackageManager(  357): /system/app/TelephonyProvider.apk changed; collecting certs
D/dalvikvm(  357): GC_CONCURRENT freed 417K, 64% free 4374K/11908K, paused 30ms+8ms, total 147ms
I/PackageManager(  357): /system/app/UserDictionaryProvider.apk changed; collecting certs
D/PackageManager(  357): No files in app dir /vendor/app
D/dalvikvm(  357): GC_CONCURRENT freed 630K, 65% free 4217K/11908K, paused 6ms+5ms, total 85ms
I/PackageManager(  357): /data/app/ApiDemos.apk changed; collecting certs
D/dalvikvm(  357): GC_CONCURRENT freed 237K, 63% free 4460K/11908K, paused 8ms+3ms, total 42ms
D/dalvikvm(  357): WAIT_FOR_CONCURRENT_GC blocked 34ms
D/dalvikvm(  357): GC_CONCURRENT freed 353K, 62% free 4600K/11908K, paused 5ms+16ms, total 96ms
D/dalvikvm(  357): GC_CONCURRENT freed 311K, 60% free 4801K/11908K, paused 6ms+15ms, total 100ms
D/dalvikvm(  357): WAIT_FOR_CONCURRENT_GC blocked 7ms
D/dalvikvm(  357): GC_CONCURRENT freed 497K, 60% free 4827K/11908K, paused 14ms+2ms, total 65ms
D/dalvikvm(  357): WAIT_FOR_CONCURRENT_GC blocked 28ms
D/dalvikvm(  357): GC_CONCURRENT freed 530K, 60% free 4823K/11908K, paused 6ms+4ms, total 68ms
D/dalvikvm(  357): WAIT_FOR_CONCURRENT_GC blocked 28ms
D/dalvikvm(  357): GC_CONCURRENT freed 516K, 60% free 4834K/11908K, paused 4ms+4ms, total 77ms
D/dalvikvm(  357): WAIT_FOR_CONCURRENT_GC blocked 17ms
D/dalvikvm(  357): GC_CONCURRENT freed 524K, 60% free 4839K/11908K, paused 4ms+3ms, total 68ms
D/dalvikvm(  357): WAIT_FOR_CONCURRENT_GC blocked 27ms
D/dalvikvm(  357): GC_CONCURRENT freed 528K, 60% free 4845K/11908K, paused 13ms+4ms, total 70ms
D/dalvikvm(  357): WAIT_FOR_CONCURRENT_GC blocked 32ms
D/dalvikvm(  357): GC_CONCURRENT freed 529K, 60% free 4848K/11908K, paused 5ms+3ms, total 71ms
D/dalvikvm(  357): WAIT_FOR_CONCURRENT_GC blocked 24ms
D/dalvikvm(  357): GC_CONCURRENT freed 529K, 60% free 4850K/11908K, paused 5ms+3ms, total 67ms
D/dalvikvm(  357): WAIT_FOR_CONCURRENT_GC blocked 29ms
D/dalvikvm(  357): GC_CONCURRENT freed 529K, 60% free 4853K/11908K, paused 6ms+3ms, total 70ms
D/dalvikvm(  357): WAIT_FOR_CONCURRENT_GC blocked 31ms
D/dalvikvm(  357): GC_CONCURRENT freed 531K, 60% free 4858K/11908K, paused 14ms+3ms, total 70ms
D/dalvikvm(  357): WAIT_FOR_CONCURRENT_GC blocked 32ms
D/dalvikvm(  357): GC_CONCURRENT freed 509K, 60% free 4866K/11908K, paused 13ms+15ms, total 123ms
I/PackageManager(  357): /data/app/CubeLiveWallpapers.apk changed; collecting certs
D/dalvikvm(  357): GC_CONCURRENT freed 462K, 59% free 4945K/11908K, paused 5ms+9ms, total 78ms
D/dalvikvm(  357): WAIT_FOR_CONCURRENT_GC blocked 9ms
I/PackageManager(  357): /data/app/GestureBuilder.apk changed; collecting certs
I/PackageManager(  357): /data/app/SmokeTest.apk changed; collecting certs
D/dalvikvm(  357): GC_CONCURRENT freed 1137K, 64% free 4370K/11908K, paused 5ms+3ms, total 83ms
D/dalvikvm(  357): WAIT_FOR_CONCURRENT_GC blocked 18ms
I/PackageManager(  357): /data/app/SmokeTestApp.apk changed; collecting certs
I/PackageManager(  357): /data/app/SoftKeyboard.apk changed; collecting certs
D/dalvikvm(  357): GC_CONCURRENT freed 505K, 64% free 4376K/11908K, paused 6ms+4ms, total 68ms
D/dalvikvm(  357): WAIT_FOR_CONCURRENT_GC blocked 23ms
I/PackageManager(  357): /data/app/WidgetPreview.apk changed; collecting certs
D/dalvikvm(  357): GC_CONCURRENT freed 466K, 64% free 4364K/11908K, paused 15ms+15ms, total 94ms
D/dalvikvm(  357): GC_EXPLICIT freed 357K, 64% free 4307K/11908K, paused 3ms+3ms, total 51ms
D/SettingsProvider(  357): User 0 external modification to /data/data/com.android.providers.settings/databases/settings.db; event=2
D/SettingsProvider(  357): User 0 updating our caches for /data/data/com.android.providers.settings/databases/settings.db
I/SyncManager(  357): No initial accounts
I/SyncManager(  357): No initial status
W/SyncManagerFile(  357): Error reading pending data.
W/SyncManagerFile(  357): java.io.FileNotFoundException: /data/system/sync/pending.xml: open failed: ENOENT (No such file or directory)
W/SyncManagerFile(  357): 	at libcore.io.IoBridge.open(IoBridge.java:409)
W/SyncManagerFile(  357): 	at java.io.FileInputStream.<init>(FileInputStream.java:78)
W/SyncManagerFile(  357): 	at android.util.AtomicFile.openRead(AtomicFile.java:199)
W/SyncManagerFile(  357): 	at com.android.server.content.SyncStorageEngine.readPendingOperationsLocked(SyncStorageEngine.java:2286)
W/SyncManagerFile(  357): 	at com.android.server.content.SyncStorageEngine.<init>(SyncStorageEngine.java:434)
W/SyncManagerFile(  357): 	at com.android.server.content.SyncStorageEngine.init(SyncStorageEngine.java:454)
W/SyncManagerFile(  357): 	at com.android.server.content.SyncManager.<init>(SyncManager.java:383)
W/SyncManagerFile(  357): 	at com.android.server.content.ContentService.getSyncManager(ContentService.java:75)
W/SyncManagerFile(  357): 	at com.android.server.content.ContentService.notifyChange(ContentService.java:283)
W/SyncManagerFile(  357): 	at android.content.ContentResolver.notifyChange(ContentResolver.java:1621)
W/SyncManagerFile(  357): 	at com.android.providers.settings.SettingsProvider.sendNotify(SettingsProvider.java:262)
W/SyncManagerFile(  357): 	at com.android.providers.settings.SettingsProvider.insertForUser(SettingsProvider.java:941)
W/SyncManagerFile(  357): 	at com.android.providers.settings.SettingsProvider.ensureAndroidIdIsSet(SettingsProvider.java:496)
W/SyncManagerFile(  357): 	at com.android.providers.settings.SettingsProvider.establishDbTracking(SettingsProvider.java:409)
W/SyncManagerFile(  357): 	at com.android.providers.settings.SettingsProvider.onCreate(SettingsProvider.java:335)
W/SyncManagerFile(  357): 	at android.content.ContentProvider.attachInfo(ContentProvider.java:1591)
W/SyncManagerFile(  357): 	at android.content.ContentProvider.attachInfo(ContentProvider.java:1562)
W/SyncManagerFile(  357): 	at android.app.ActivityThread.installProvider(ActivityThread.java:4774)
W/SyncManagerFile(  357): 	at android.app.ActivityThread.installContentProviders(ActivityThread.java:4369)
W/SyncManagerFile(  357): 	at android.app.ActivityThread.installSystemProviders(ActivityThread.java:4929)
W/SyncManagerFile(  357): 	at com.android.server.am.ActivityManagerService.installSystemProviders(ActivityManagerService.java:8081)
W/SyncManagerFile(  357): 	at com.android.server.ServerThread.initAndLoop(SystemServer.java:275)
W/SyncManagerFile(  357): 	at com.android.server.SystemServer.main(SystemServer.java:1179)
W/SyncManagerFile(  357): 	at java.lang.reflect.Method.invokeNative(Native Method)
W/SyncManagerFile(  357): 	at java.lang.reflect.Method.invoke(Method.java:515)
W/SyncManagerFile(  357): 	at com.android.internal.os.ZygoteInit$MethodAndArgsCaller.run(ZygoteInit.java:785)
W/SyncManagerFile(  357): 	at com.android.internal.os.ZygoteInit.main(ZygoteInit.java:601)
W/SyncManagerFile(  357): 	at dalvik.system.NativeStart.main(Native Method)
W/SyncManagerFile(  357): Caused by: libcore.io.ErrnoException: open failed: ENOENT (No such file or directory)
W/SyncManagerFile(  357): 	at libcore.io.Posix.open(Native Method)
W/SyncManagerFile(  357): 	at libcore.io.BlockGuardOs.open(BlockGuardOs.java:110)
W/SyncManagerFile(  357): 	at libcore.io.IoBridge.open(IoBridge.java:393)
W/SyncManagerFile(  357): 	... 27 more
I/SyncManager(  357): No initial statistics
D/SettingsProvider(  357): User 0 external modification to /data/data/com.android.providers.settings/databases/settings.db; event=2
D/SettingsProvider(  357): User 0 updating our caches for /data/data/com.android.providers.settings/databases/settings.db
E/ConsumerIrService(  357): Can't open consumer IR HW Module, error: -2
W/libsuspend(  357): Error writing 'on' to /sys/power/state: Invalid argument
E/libsuspend(  357): Error opening /sys/power/autosleep: No such file or directory
I/libsuspend(  357): Selected wakeup count
D/PermissionCache(   57): checking android.permission.ACCESS_SURFACE_FLINGER for uid=1000 => granted (2592 us)
D/SurfaceFlinger(   57): Screen acquired, type=0 flinger=0xb78c5450
D/SurfaceFlinger(   57):  screen was previously acquired
D/dalvikvm(  357): GC_CONCURRENT freed 336K, 63% free 4466K/11908K, paused 5ms+23ms, total 125ms
E/EventHub(  357): could not get driver version for /dev/input/mouse0, Not a typewriter
W/EventHub(  357): Unable to disable kernel key repeat for /dev/input/event0: Function not implemented
I/EventHub(  357): New device: id=1, fd=93, path='/dev/input/event0', name='qwerty2', classes=0x2d, configuration='/system/usr/idc/qwerty2.idc', keyLayout='/system/usr/keylayout/qwerty.kl', keyCharacterMap='/system/usr/keychars/qwerty2.kcm', builtinKeyboard=true, usingSuspendBlockIoctl=true, usingClockIoctl=true
E/EventHub(  357): could not get driver version for /dev/input/mice, Not a typewriter
I/InputReader(  357): Device added: id=-1, name='Virtual', sources=0x00000301
I/InputReader(  357):   Touch device 'qwerty2' could not query the properties of its associated display.  The device will be inoperable until the display size becomes available.
I/InputReader(  357): Device added: id=0, name='qwerty2', sources=0x00011307
I/InputReader(  357): Reconfiguring input devices.  changes=0x00000004
I/InputReader(  357): Device reconfigured: id=0, name='qwerty2', size 480x864, orientation 0, mode 1, display id 0
I/PackageManager(  357): No secure containers on sdcard
D/dalvikvm(  357): GC_CONCURRENT freed 259K, 62% free 4613K/11908K, paused 18ms+5ms, total 96ms
D/WifiController(  357): isAirplaneModeOn = false, isWifiEnabled = false, isScanningAvailable = false
D/dalvikvm(  357): GC_CONCURRENT freed 301K, 60% free 4775K/11908K, paused 13ms+5ms, total 119ms
D/Atlas   (  357): Computing best atlas configuration...
D/Atlas   (  357): Running Thread-50
I/WindowManager(  357): SAFE MODE not enabled
D/Atlas   (  357): Found best atlas configuration in 0.11s
D/Atlas   (  357): Loaded configuration: SliceMinArea (768x768) flags=0x2 count=24
E/SQLiteLog(  357): (1) no such table: locksettings
D/gralloc_goldfish(  357): Emulator without GPU emulation detected.
D/dalvikvm(  357): GC_CONCURRENT freed 335K, 59% free 4960K/11908K, paused 25ms+3ms, total 250ms
W/AssetAtlasService(  357): Could not find EGL configuration
D/Atlas   (  357): Rendered atlas in 19.21ms (16.05+3.16ms)
I/Zygote  (  357): Process: zygote socket opened
V/KeyguardServiceDelegate(  357): *** Keyguard started
V/KeyguardServiceDelegate(  357): onSystemReady() called before keyguard service was ready
F/SystemServer(  357): BOOT FAILURE making Package Manager Service ready
F/SystemServer(  357): java.lang.SecurityException: Unable to find app for caller android.app.ActivityThread$ApplicationThread@b2e0d1f8 (pid=357) when registering receiver android.app.LoadedApk$ReceiverDispatcher$InnerReceiver@b2d976b8
F/SystemServer(  357): 	at com.android.server.am.ActivityManagerService.registerReceiver(ActivityManagerService.java:13021)
F/SystemServer(  357): 	at android.app.ContextImpl.registerReceiverInternal(ContextImpl.java:1450)
F/SystemServer(  357): 	at android.app.ContextImpl.registerReceiverAsUser(ContextImpl.java:1425)
F/SystemServer(  357): 	at com.android.internal.content.PackageMonitor.register(PackageMonitor.java:84)
F/SystemServer(  357): 	at com.android.server.pm.UserManagerService.systemReady(UserManagerService.java:237)
F/SystemServer(  357): 	at com.android.server.pm.PackageManagerService.systemReady(PackageManagerService.java:10476)
F/SystemServer(  357): 	at com.android.server.ServerThread.initAndLoop(SystemServer.java:893)
F/SystemServer(  357): 	at com.android.server.SystemServer.main(SystemServer.java:1179)
F/SystemServer(  357): 	at java.lang.reflect.Method.invokeNative(Native Method)
F/SystemServer(  357): 	at java.lang.reflect.Method.invoke(Method.java:515)
F/SystemServer(  357): 	at com.android.internal.os.ZygoteInit$MethodAndArgsCaller.run(ZygoteInit.java:785)
F/SystemServer(  357): 	at com.android.internal.os.ZygoteInit.main(ZygoteInit.java:601)
F/SystemServer(  357): 	at dalvik.system.NativeStart.main(Native Method)
I/Choreographer(  357): Skipped 46 frames!  The application may be doing too much work on its main thread.
E/SoundPool(  451): error loading /system/media/audio/ui/Lock.ogg
W/KeyguardViewMediator(  451): failed to load lock sound from /system/media/audio/ui/Lock.ogg
E/SoundPool(  451): error loading /system/media/audio/ui/Unlock.ogg
W/KeyguardViewMediator(  451): failed to load unlock sound from /system/media/audio/ui/Unlock.ogg
V/KeyguardService(  451): onCreate()
V/KeyguardServiceDelegate(  357): *** Keyguard connected (yay!)
V/KeyguardServiceDelegate(  357): **** SHOWN CALLED ****
D/dalvikvm(  357): GC_CONCURRENT freed 308K, 57% free 5143K/11908K, paused 20ms+5ms, total 112ms
I/ContactsUpgradeReceiver(  482): Creating or opening contacts database
D/dalvikvm(  482): GC_CONCURRENT freed 365K, 14% free 2807K/3236K, paused 5ms+3ms, total 73ms
I/ContactsDatabaseHelper(  482): Bootstrapping database version: 803
D/dalvikvm(  482): GC_CONCURRENT freed 329K, 13% free 2871K/3264K, paused 4ms+2ms, total 29ms
I/ContactsProviderV1(  482): Bootstrapping database legacy support
I/ContactsDatabaseHelper(  482): Bootstrapping database version: 803
D/dalvikvm(  482): GC_CONCURRENT freed 334K, 12% free 2936K/3328K, paused 4ms+2ms, total 38ms
I/ContactsProviderV1(  482): Bootstrapping database legacy support
D/dalvikvm(  482): GC_CONCURRENT freed 347K, 13% free 3011K/3424K, paused 4ms+2ms, total 30ms
I/ContactsProvider(  482): Locale has changed from null to en_US
I/ContactsDatabaseHelper(  482): Switching to locale en_US (ICU v51.1.0.1)
I/ContactsDatabaseHelper(  482): Locale change completed in 446ms
I/ContactsDatabaseHelper(  482): Switching to locale en_US (ICU v51.1.0.1)
D/dalvikvm(  482): GC_CONCURRENT freed 360K, 13% free 3050K/3476K, paused 4ms+2ms, total 42ms
I/ContactsDatabaseHelper(  482): Locale change completed in 441ms
D/SystemUIService(  451): loading: class com.android.systemui.recent.Recents
D/SystemUIService(  451): running: com.android.systemui.recent.Recents@b2cf3010
D/SystemUIService(  451): loading: class com.android.systemui.statusbar.SystemBars
D/SystemUIService(  451): running: com.android.systemui.statusbar.SystemBars@b2cf35f8
I/fsck_msdos(   52): ** /dev/block/vold/179:0
I/fsck_msdos(   52): Invalid signature in fsinfo block
I/fsck_msdos(   52): FIXED
I/fsck_msdos(   52): ** Phase 1 - Read and Compare FATs
I/fsck_msdos(   52): Attempting to allocate 794 KB for FAT
D/SystemUIService(  451): loading: class com.android.systemui.usb.StorageNotification
D/SystemUIService(  451): running: com.android.systemui.usb.StorageNotification@b2cf5348
D/SystemUIService(  451): loading: class com.android.systemui.power.PowerUI
D/SystemUIService(  451): running: com.android.systemui.power.PowerUI@b2cf69a8
D/SystemUIService(  451): loading: class com.android.systemui.media.RingtonePlayer
D/SystemUIService(  451): running: com.android.systemui.media.RingtonePlayer@b2cf79e0
D/SystemUIService(  451): loading: class com.android.systemui.settings.SettingsUI
D/SystemUIService(  451): running: com.android.systemui.settings.SettingsUI@b2cf8cc8
I/fsck_msdos(   52): Attempting to allocate 794 KB for FAT
D/PhoneStatusBar(  451): mSettingsPanelGravity = 55
I/fsck_msdos(   52): ** Phase 2 - Check Cluster Chains
I/fsck_msdos(   52): ** Phase 3 - Checking Directories
I/fsck_msdos(   52): ** Phase 4 - Checking for Lost Files
D/dalvikvm(  451): GC_CONCURRENT freed 282K, 11% free 2823K/3172K, paused 8ms+5ms, total 130ms
I/fsck_msdos(   52): Free space in FSInfo block (201592) not correct (201591)
I/fsck_msdos(   52): FIXED
I/fsck_msdos(   52): 1 files, 100795 free (201591 clusters)
W/Vold    (   52): blkid failed to identify /dev/block/vold/179:0
I/PackageManager(  357): Updating external media status from unmounted to mounted
I/PackageManager(  357): No secure containers on sdcard
D/dalvikvm(  451): GC_FOR_ALLOC freed 37K, 8% free 2947K/3172K, paused 36ms, total 38ms
D/dalvikvm(  357): GC_CONCURRENT freed 463K, 57% free 5229K/11908K, paused 5ms+255ms, total 603ms
E/BluetoothAdapter(  451): Bluetooth binder is null
E/BluetoothAdapter(  451): Bluetooth binder is null
E/BluetoothAdapter(  451): Bluetooth binder is null
D/dalvikvm(  451): GC_CONCURRENT freed 59K, 5% free 3303K/3448K, paused 4ms+4ms, total 101ms
E/BluetoothAdapter(  451): Bluetooth binder is null
D/PhoneStatusBar(  451): disable: < expand icons alerts ticker system_info back home recent clock search >
E/BluetoothAdapter(  451): Bluetooth binder is null
D/PhoneStatusBar(  451): heads up is disabled
I/Choreographer(  451): Skipped 458 frames!  The application may be doing too much work on its main thread.
D/dalvikvm(  451): GC_CONCURRENT freed 136K, 6% free 3555K/3756K, paused 58ms+3ms, total 172ms
I/Choreographer(  451): Skipped 276 frames!  The application may be doing too much work on its main thread.
D/gralloc_goldfish(  451): Emulator without GPU emulation detected.
D/dalvikvm(  549): GC_CONCURRENT freed 209K, 9% free 2999K/3272K, paused 16ms+14ms, total 235ms
D/dalvikvm(  549): WAIT_FOR_CONCURRENT_GC blocked 42ms
D/dalvikvm(  549): WAIT_FOR_CONCURRENT_GC blocked 42ms
I/Choreographer(  451): Skipped 74 frames!  The application may be doing too much work on its main thread.
D/PhoneStatusBar(  451): mSettingsPanelGravity = 55
D/dalvikvm(  357): GC_CONCURRENT freed 626K, 57% free 5238K/11908K, paused 18ms+4ms, total 103ms
D/dalvikvm(  357): WAIT_FOR_CONCURRENT_GC blocked 37ms
D/dalvikvm(  357): WAIT_FOR_CONCURRENT_GC blocked 39ms
W/GpsLocationProvider(  357): Could not open GPS configuration file /etc/gps.conf
W/ServiceWatcher(  357): com.google.android.location not found
W/ServiceWatcher(  357): com.google.android.location not found
W/ServiceWatcher(  357): com.google.android.location not found
W/ServiceWatcher(  357): com.google.android.location not found
E/FlpHardwareProvider(  357): Error hw_get_module 'flp': -2
W/ServiceWatcher(  357): com.google.android.location not found
E/FlpHardwareProvider(  357): Error hw_get_module 'flp': -2
W/ServiceWatcher(  357): com.google.android.location not found
D/dalvikvm(  451): GC_FOR_ALLOC freed 94K, 6% free 3561K/3756K, paused 202ms, total 204ms
I/CommonTimeManagementService(  357): No common time service detected on this platform.  Common time services will be unavailable.
I/InputReader(  357): Reconfiguring input devices.  changes=0x00000020
I/InputReader(  357): Reconfiguring input devices.  changes=0x00000010
I/dalvikvm-heap(  451): Grow heap (frag case) to 6.466MB for 3072016-byte allocation
D/dalvikvm(   58): GC_EXPLICIT freed 37K, 4% free 2705K/2808K, paused 3ms+22ms, total 71ms
D/dalvikvm(   58): GC_EXPLICIT freed <1K, 4% free 2705K/2808K, paused 3ms+2ms, total 64ms
D/dalvikvm(  451): GC_FOR_ALLOC freed 4K, 3% free 6557K/6760K, paused 274ms, total 274ms
D/dalvikvm(   58): GC_EXPLICIT freed <1K, 4% free 2705K/2808K, paused 2ms+2ms, total 65ms
D/dalvikvm(  451): GC_CONCURRENT freed 1K, 3% free 6561K/6760K, paused 4ms+4ms, total 310ms
D/dalvikvm(  357): GC_CONCURRENT freed 458K, 56% free 5309K/11908K, paused 90ms+4ms, total 176ms
D/dalvikvm(  451): GC_FOR_ALLOC freed 3002K, 6% free 3563K/3756K, paused 192ms, total 193ms
I/LatinIME(  589): Hardware accelerated drawing: true
I/dalvikvm-heap(  451): Grow heap (frag case) to 6.468MB for 3072016-byte allocation
D/dalvikvm(  451): GC_FOR_ALLOC freed <1K, 3% free 6562K/6760K, paused 89ms, total 89ms
D/dalvikvm(  451): GC_CONCURRENT freed <1K, 3% free 6563K/6760K, paused 4ms+2ms, total 104ms
W/InputAttributes(  589): No editor info for this field. Bug?
D/PhoneStatusBar(  451): mSettingsPanelGravity = 55
V/StatusBar(  451): userId 0 is in the house
I/ResourceUtils(  589): Found default value: resource=keypress_vibration_durations build=[HARDWARE=goldfish MODEL=sdk BRAND=generic MANUFACTURER=unknown] default=-1
D/dalvikvm(  357): GC_CONCURRENT freed 547K, 55% free 5359K/11908K, paused 83ms+45ms, total 497ms
D/dalvikvm(  589): GC_CONCURRENT freed 227K, 10% free 2894K/3184K, paused 46ms+72ms, total 477ms
I/ResourceUtils(  589): Found default value: resource=keypress_volumes build=[HARDWARE=goldfish MODEL=sdk BRAND=generic MANUFACTURER=unknown] default=-1.0f
I/Choreographer(  451): Skipped 127 frames!  The application may be doing too much work on its main thread.
I/InputReader(  357): Reconfiguring input devices.  changes=0x00000010
I/Choreographer(  451): Skipped 70 frames!  The application may be doing too much work on its main thread.
I/LatinIME:LogUtils(  589): Dictionary info: dictionary = PersonalizationPredictionDictio ; version = ? ; date = 1545781184
I/LatinIME:LogUtils(  589): Dictionary info: dictionary = UserHistoryDictionary.en_US.dic ; version = ? ; date = 1545781184
I/LatinIME:LogUtils(  589): Dictionary info: dictionary = personalization.en_US.dict ; version = ? ; date = 1545781184
D/dalvikvm(  602): GC_CONCURRENT freed 180K, 8% free 2920K/3164K, paused 54ms+31ms, total 291ms
I/PackageManager(  357):   Action: "android.intent.action.SENDTO"
I/PackageManager(  357):   Category: "android.intent.category.DEFAULT"
I/PackageManager(  357):   Scheme: "sms"
D/dalvikvm(  357): GC_CONCURRENT freed 611K, 55% free 5416K/11908K, paused 6ms+6ms, total 306ms
D/dalvikvm(  357): WAIT_FOR_CONCURRENT_GC blocked 186ms
D/dalvikvm(  357): WAIT_FOR_CONCURRENT_GC blocked 156ms
D/dalvikvm(  357): WAIT_FOR_CONCURRENT_GC blocked 101ms
I/PackageManager(  357):   Action: "android.intent.action.SENDTO"
I/PackageManager(  357):   Category: "android.intent.category.DEFAULT"
I/PackageManager(  357):   Scheme: "smsto"
I/LatinIME:LogUtils(  589): Dictionary info: dictionary = userunigram.en_US.dict ; version = ? ; date = ?
I/PackageManager(  357):   Action: "android.intent.action.SENDTO"
I/PackageManager(  357):   Category: "android.intent.category.DEFAULT"
I/PackageManager(  357):   Scheme: "mms"
I/PackageManager(  357):   Action: "android.intent.action.SENDTO"
I/PackageManager(  357):   Category: "android.intent.category.DEFAULT"
I/PackageManager(  357):   Scheme: "mmsto"
I/PackageManager(  357):   Action: "android.intent.action.SENDTO"
I/PackageManager(  357):   Category: "android.intent.category.DEFAULT"
I/PackageManager(  357):   Scheme: "sms"
I/PackageManager(  357):   Action: "android.intent.action.SENDTO"
I/PackageManager(  357):   Category: "android.intent.category.DEFAULT"
I/PackageManager(  357):   Scheme: "smsto"
I/PackageManager(  357):   Action: "android.intent.action.SENDTO"
I/PackageManager(  357):   Category: "android.intent.category.DEFAULT"
I/PackageManager(  357):   Scheme: "mms"
D/dalvikvm(  589): GC_CONCURRENT freed 355K, 13% free 2964K/3384K, paused 10ms+2ms, total 68ms
I/PackageManager(  357):   Action: "android.intent.action.SENDTO"
I/PackageManager(  357):   Category: "android.intent.category.DEFAULT"
I/PackageManager(  357):   Scheme: "mmsto"
E/BluetoothAdapter(  602): Bluetooth binder is null
E/BluetoothAdapter(  602): Bluetooth binder is null
D/dalvikvm(  589): GC_CONCURRENT freed 440K, 17% free 2957K/3524K, paused 5ms+2ms, total 53ms
D/dalvikvm(  589): WAIT_FOR_CONCURRENT_GC blocked 5ms
D/CallNotifier(  602): CallNotifier: mSignalInfoToneGenerator created when toneplay
E/BluetoothAdapter(  602): Bluetooth binder is null
I/LatinIME:LogUtils(  589): Dictionary info: dictionary = main:en ; version = 42 ; date = 1381226429
I/LatinIME:LogUtils(  589): Dictionary info: dictionary = main:en ; version = 42 ; date = 1381226429
I/LatinIME:LogUtils(  589): Dictionary info: dictionary = main:en ; version = 42 ; date = 1381226429
I/PrintSpoolerService(  695): No existing print spooler state.
I/LatinIME:LogUtils(  589): Dictionary info: dictionary = main:en ; version = 42 ; date = 1381226429
I/LatinIME:LogUtils(  589): Dictionary info: dictionary = main:en ; version = 42 ; date = 1381226429
I/LatinIME:LogUtils(  589): Dictionary info: dictionary = main:en ; version = 42 ; date = 1381226429
I/LatinIME:LogUtils(  589): Dictionary info: dictionary = main:en ; version = 42 ; date = 1381226429
I/LatinIME:LogUtils(  589): Dictionary info: dictionary = main:en ; version = 42 ; date = 1381226429
D/dalvikvm(  589): GC_CONCURRENT freed 324K, 13% free 3082K/3524K, paused 40ms+3ms, total 304ms
D/dalvikvm(  357): GC_CONCURRENT freed 581K, 55% free 5466K/11908K, paused 44ms+16ms, total 307ms
D/dalvikvm(  674): GC_CONCURRENT freed 176K, 8% free 2984K/3228K, paused 5ms+30ms, total 102ms
I/FusedLocation(  357): engine stopped (com.android.location.fused)
I/FusedLocation(  357): engine started (com.android.location.fused)
I/FusedLocation(  357): engine started (com.android.location.fused)
D/dalvikvm(  602): GC_CONCURRENT freed 280K, 11% free 3049K/3392K, paused 524ms+2ms, total 623ms
D/dalvikvm(  357): GC_CONCURRENT freed 652K, 54% free 5508K/11908K, paused 15ms+5ms, total 162ms
D/dalvikvm(  357): WAIT_FOR_CONCURRENT_GC blocked 28ms
D/dalvikvm(  357): WAIT_FOR_CONCURRENT_GC blocked 28ms
D/TelephonyDebugService(  602): TelephonyDebugService()
D/dalvikvm(  674): GC_FOR_ALLOC freed 185K, 8% free 3110K/3364K, paused 61ms, total 63ms
I/dalvikvm-heap(  674): Grow heap (frag case) to 3.710MB for 640016-byte allocation
D/dalvikvm(  674): GC_FOR_ALLOC freed 3K, 7% free 3732K/3992K, paused 43ms, total 43ms
D/dalvikvm(  357): GC_CONCURRENT freed 617K, 55% free 5473K/11908K, paused 10ms+4ms, total 128ms
D/dalvikvm(  674): GC_CONCURRENT freed 5K, 7% free 3727K/3992K, paused 3ms+12ms, total 40ms
W/Resources(  674): Converting to int: TypedValue{t=0x3/d=0x12 "4" a=-1}
W/Resources(  674): Converting to int: TypedValue{t=0x3/d=0xf "1" a=-1}
W/Resources(  674): Converting to int: TypedValue{t=0x3/d=0x15 "2" a=-1}
W/Resources(  674): Converting to int: TypedValue{t=0x3/d=0x15 "2" a=-1}
W/Launcher.LauncherProvider(  674): Unable to add favorite: com.android.camera2/com.android.camera.CameraLauncher
W/Launcher.LauncherProvider(  674): android.content.pm.PackageManager$NameNotFoundException: ComponentInfo{com.android.camera2/com.android.camera.CameraLauncher}
W/Launcher.LauncherProvider(  674): 	at android.app.ApplicationPackageManager.getActivityInfo(ApplicationPackageManager.java:242)
W/Launcher.LauncherProvider(  674): 	at com.android.launcher2.LauncherProvider$DatabaseHelper.addAppShortcut(LauncherProvider.java:959)
W/Launcher.LauncherProvider(  674): 	at com.android.launcher2.LauncherProvider$DatabaseHelper.loadFavorites(LauncherProvider.java:863)
W/Launcher.LauncherProvider(  674): 	at com.android.launcher2.LauncherProvider$DatabaseHelper.access$000(LauncherProvider.java:253)
W/Launcher.LauncherProvider(  674): 	at com.android.launcher2.LauncherProvider.loadDefaultFavoritesIfNecessary(LauncherProvider.java:237)
W/Launcher.LauncherProvider(  674): 	at com.android.launcher2.LauncherModel$LoaderTask.loadWorkspace(LauncherModel.java:1278)
W/Launcher.LauncherProvider(  674): 	at com.android.launcher2.LauncherModel$LoaderTask.loadAndBindWorkspace(LauncherModel.java:1020)
W/Launcher.LauncherProvider(  674): 	at com.android.launcher2.LauncherModel$LoaderTask.run(LauncherModel.java:1126)
W/Launcher.LauncherProvider(  674): 	at android.os.Handler.handleCallback(Handler.java:733)
W/Launcher.LauncherProvider(  674): 	at android.os.Handler.dispatchMessage(Handler.java:95)
W/Launcher.LauncherProvider(  674): 	at android.os.Looper.loop(Looper.java:136)
W/Launcher.LauncherProvider(  674): 	at android.os.HandlerThread.run(HandlerThread.java:61)
W/Launcher.LauncherProvider(  674): Unable to add favorite: com.android.gallery3d/com.android.gallery3d.app.Gallery
W/Launcher.LauncherProvider(  674): android.content.pm.PackageManager$NameNotFoundException: ComponentInfo{com.android.gallery3d/com.android.gallery3d.app.Gallery}
W/Launcher.LauncherProvider(  674): 	at android.app.ApplicationPackageManager.getActivityInfo(ApplicationPackageManager.java:242)
W/Launcher.LauncherProvider(  674): 	at com.android.launcher2.LauncherProvider$DatabaseHelper.addAppShortcut(LauncherProvider.java:959)
W/Launcher.LauncherProvider(  674): 	at com.android.launcher2.LauncherProvider$DatabaseHelper.loadFavorites(LauncherProvider.java:863)
W/Launcher.LauncherProvider(  674): 	at com.android.launcher2.LauncherProvider$DatabaseHelper.access$000(LauncherProvider.java:253)
W/Launcher.LauncherProvider(  674): 	at com.android.launcher2.LauncherProvider.loadDefaultFavoritesIfNecessary(LauncherProvider.java:237)
W/Launcher.LauncherProvider(  674): 	at com.android.launcher2.LauncherModel$LoaderTask.loadWorkspace(LauncherModel.java:1278)
W/Launcher.LauncherProvider(  674): 	at com.android.launcher2.LauncherModel$LoaderTask.loadAndBindWorkspace(LauncherModel.java:1020)
W/Launcher.LauncherProvider(  674): 	at com.android.launcher2.LauncherModel$LoaderTask.run(LauncherModel.java:1126)
W/Launcher.LauncherProvider(  674): 	at android.os.Handler.handleCallback(Handler.java:733)
W/Launcher.LauncherProvider(  674): 	at android.os.Handler.dispatchMessage(Handler.java:95)
W/Launcher.LauncherProvider(  674): 	at android.os.Looper.loop(Looper.java:136)
W/Launcher.LauncherProvider(  674): 	at android.os.HandlerThread.run(HandlerThread.java:61)
D/dalvikvm(  674): GC_CONCURRENT freed 283K, 9% free 3881K/4232K, paused 4ms+4ms, total 62ms
D/gralloc_goldfish(  674): Emulator without GPU emulation detected.
D/dalvikvm(  674): GC_FOR_ALLOC freed 32K, 8% free 3896K/4232K, paused 17ms, total 17ms
I/dalvikvm-heap(  674): Grow heap (frag case) to 5.404MB for 1610896-byte allocation
D/dalvikvm(  674): GC_FOR_ALLOC freed <1K, 6% free 5469K/5808K, paused 18ms, total 18ms
D/dalvikvm(  674): GC_CONCURRENT freed 3K, 6% free 5466K/5808K, paused 4ms+2ms, total 22ms
D/dalvikvm(  674): WAIT_FOR_CONCURRENT_GC blocked 16ms
I/dalvikvm-heap(  674): Grow heap (frag case) to 6.938MB for 1610896-byte allocation
D/dalvikvm(  674): GC_FOR_ALLOC freed <1K, 5% free 7039K/7384K, paused 31ms, total 31ms
D/dalvikvm(  674): GC_CONCURRENT freed <1K, 5% free 7081K/7428K, paused 5ms+13ms, total 48ms
I/ActivityManager(  357): Displayed com.android.launcher/com.android.launcher2.Launcher: +5s231ms (total +8s257ms)
D/dalvikvm(  451): GC_FOR_ALLOC freed 3050K, 5% free 3571K/3756K, paused 122ms, total 124ms
I/dalvikvm-heap(  451): Grow heap (frag case) to 6.476MB for 3072016-byte allocation
D/dalvikvm(  451): GC_FOR_ALLOC freed 2K, 3% free 6568K/6760K, paused 24ms, total 24ms
I/Choreographer(  674): Skipped 122 frames!  The application may be doing too much work on its main thread.
D/dalvikvm(  451): GC_CONCURRENT freed 0K, 3% free 6568K/6760K, paused 4ms+23ms, total 70ms
I/Choreographer(  674): Skipped 35 frames!  The application may be doing too much work on its main thread.
I/Choreographer(  674): Skipped 66 frames!  The application may be doing too much work on its main thread.
I/SurfaceFlinger(   57): Boot is finished (67869 ms)
D/AlarmManagerService(  357): Kernel timezone updated to 300 minutes west of GMT
D/dalvikvm(  602): GC_CONCURRENT freed 296K, 11% free 3161K/3524K, paused 33ms+9ms, total 62ms
I/Choreographer(  674): Skipped 62 frames!  The application may be doing too much work on its main thread.
D/dalvikvm(  357): GC_CONCURRENT freed 590K, 54% free 5493K/11908K, paused 109ms+35ms, total 269ms
D/PermissionCache(   57): checking android.permission.READ_FRAME_BUFFER for uid=1000 => granted (914 us)
D/PhoneStatusBar(  451): mSettingsPanelGravity = 55
I/ContactLocale(  549): AddressBook Labels [en_US]: [, A, B, C, D, E, F, G, H, I, J, K, L, M, N, O, P, Q, R, S, T, U, V, W, X, Y, Z, , , , , , , , , , , , , , , , , , , , , , , , , , , , , , , , , , , , , , , , , , , , , , , , , , , , , , , , , , , , , , , , , , , , , , , , , , , , , , , , , , , , , , , , , , , , , , , , , , , , , , , , , , , , , , , , , , , , , , , , , , , , , , , , , , , , , , , , , , , , , , , , , , , , , , , , , , , , , , , , , , , , , , , , , , , , , , , , , , , , , , #, ]
D/gralloc (   57): Registering a buffer in the process that created it. This may cause memory ordering problems.
E/libEGL  (   57): called unimplemented OpenGL ES API
E/libEGL  (   57): called unimplemented OpenGL ES API
E/libEGL  (   57): called unimplemented OpenGL ES API
E/libEGL  (   57): called unimplemented OpenGL ES API
E/SurfaceFlinger(   57): glCheckFramebufferStatusOES error -97350261
E/SurfaceFlinger(   57): got GL_FRAMEBUFFER_COMPLETE_OES error while taking screenshot
E/libEGL  (   57): called unimplemented OpenGL ES API
E/libEGL  (   57): called unimplemented OpenGL ES API
I/ARMAssembler(   57): generated scanline__00000077:03515104_00008001_00000000 [113 ipp] (134 ins) at [0xb54a81f0:0xb54a8408] in 10000000 ns
I/Choreographer(  451): Skipped 40 frames!  The application may be doing too much work on its main thread.
D/dalvikvm(  602): GC_CONCURRENT freed 362K, 12% free 3308K/3736K, paused 4ms+5ms, total 66ms
D/dalvikvm(  602): WAIT_FOR_CONCURRENT_GC blocked 33ms
D/dalvikvm(  602): GC_CONCURRENT freed 427K, 14% free 3289K/3784K, paused 5ms+81ms, total 173ms
D/AndroidRuntime(  752): 
D/AndroidRuntime(  752): >>>>>> AndroidRuntime START com.android.internal.os.RuntimeInit <<<<<<
D/AndroidRuntime(  752): CheckJNI is ON
D/dalvikvm(  752): Trying to load lib libjavacore.so 0x0
D/dalvikvm(  752): Added shared lib libjavacore.so 0x0
D/Launcher.Model(  674): Reload apps on config change. curr_mcc:310 prevmcc:0
D/dalvikvm(  752): Trying to load lib libnativehelper.so 0x0
D/dalvikvm(  752): Added shared lib libnativehelper.so 0x0
D/dalvikvm(  752): No JNI_OnLoad found in libnativehelper.so 0x0, skipping init
I/Choreographer(  674): Skipped 521 frames!  The application may be doing too much work on its main thread.
D/dalvikvm(  752): Note: class Landroid/app/ActivityManagerNative; has 179 unimplemented (abstract) methods
I/Choreographer(  674): Skipped 39 frames!  The application may be doing too much work on its main thread.
D/dalvikvm(  602): GC_CONCURRENT freed 417K, 13% free 3296K/3784K, paused 3ms+131ms, total 568ms
D/dalvikvm(  357): GC_CONCURRENT freed 602K, 54% free 5592K/11908K, paused 84ms+5ms, total 679ms
D/dalvikvm(  357): WAIT_FOR_CONCURRENT_GC blocked 262ms
D/dalvikvm(  357): WAIT_FOR_CONCURRENT_GC blocked 238ms
D/dalvikvm(  674): GC_FOR_ALLOC freed 4186K, 51% free 4172K/8432K, paused 175ms, total 219ms
I/dalvikvm-heap(  674): Grow heap (frag case) to 5.674MB for 1610896-byte allocation
E/memtrack(  752): Couldn't load memtrack module (No such file or directory)
E/android.os.Debug(  752): failed to load memtrack module: -2
D/dalvikvm(  674): GC_FOR_ALLOC freed 16K, 33% free 5729K/8432K, paused 113ms, total 113ms
D/dalvikvm(  674): GC_CONCURRENT freed 28K, 33% free 5700K/8432K, paused 4ms+5ms, total 107ms
D/dalvikvm(  674): WAIT_FOR_CONCURRENT_GC blocked 87ms
I/dalvikvm-heap(  674): Grow heap (frag case) to 7.166MB for 1610896-byte allocation
D/dalvikvm(  674): GC_FOR_ALLOC freed 12K, 14% free 7261K/8432K, paused 131ms, total 131ms
D/AndroidRuntime(  752): Calling main entry com.android.commands.pm.Pm
D/dalvikvm(  674): GC_CONCURRENT freed 2K, 14% free 7301K/8432K, paused 4ms+3ms, total 302ms
I/Choreographer(  357): Skipped 147 frames!  The application may be doing too much work on its main thread.
I/MediaProvider(  617): Upgrading media database from version 0 to 700, which will destroy all old data
I/Choreographer(  357): Skipped 40 frames!  The application may be doing too much work on its main thread.
I/ARMAssembler(   57): generated scanline__00000077:03515104_00009001_00000000 [131 ipp] (153 ins) at [0xb54a8410:0xb54a8674] in 0 ns
I/Choreographer(  357): Skipped 41 frames!  The application may be doing too much work on its main thread.
I/InputReader(  357): Reconfiguring input devices.  changes=0x00000010
I/PackageManager(  357):   Action: "android.intent.action.SENDTO"
I/PackageManager(  357):   Category: "android.intent.category.DEFAULT"
I/PackageManager(  357):   Scheme: "sms"
I/PackageManager(  357):   Action: "android.intent.action.SENDTO"
I/PackageManager(  357):   Category: "android.intent.category.DEFAULT"
I/PackageManager(  357):   Scheme: "smsto"
I/PackageManager(  357):   Action: "android.intent.action.SENDTO"
I/PackageManager(  357):   Category: "android.intent.category.DEFAULT"
I/PackageManager(  357):   Scheme: "mms"
I/PackageManager(  357):   Action: "android.intent.action.SENDTO"
I/PackageManager(  357):   Category: "android.intent.category.DEFAULT"
I/PackageManager(  357):   Scheme: "mmsto"
I/PackageManager(  357):   Action: "android.intent.action.SENDTO"
I/PackageManager(  357):   Category: "android.intent.category.DEFAULT"
I/PackageManager(  357):   Scheme: "sms"
D/dalvikvm(  357): GC_CONCURRENT freed 699K, 53% free 5614K/11908K, paused 23ms+43ms, total 214ms
I/PackageManager(  357):   Action: "android.intent.action.SENDTO"
I/PackageManager(  357):   Category: "android.intent.category.DEFAULT"
I/PackageManager(  357):   Scheme: "smsto"
D/dalvikvm(  602): GC_CONCURRENT freed 322K, 12% free 3378K/3820K, paused 21ms+3ms, total 82ms
I/PackageManager(  357):   Action: "android.intent.action.SENDTO"
I/PackageManager(  357):   Category: "android.intent.category.DEFAULT"
I/PackageManager(  357):   Scheme: "mms"
I/PackageManager(  357):   Action: "android.intent.action.SENDTO"
I/PackageManager(  357):   Category: "android.intent.category.DEFAULT"
I/PackageManager(  357):   Scheme: "mmsto"
D/dalvikvm(  357): GC_CONCURRENT freed 645K, 54% free 5576K/11908K, paused 4ms+4ms, total 249ms
D/dalvikvm(  357): GC_EXPLICIT freed 6K, 54% free 5570K/11908K, paused 6ms+16ms, total 181ms
D/CaptivePortalTracker(  357): NoActiveNetworkState{ when=0 what=1 obj=NetworkInfo: type: mobile[UMTS], state: CONNECTED/CONNECTED, reason: connected, extra: epc.tmobile.com, roaming: false, failover: false, isAvailable: true, isConnectedToProvisioningNetwork: false target=com.android.internal.util.StateMachine$SmHandler }
D/CaptivePortalTracker(  357): NoActiveNetworkState not a wifi connectivity change, ignore
D/Tethering(  357): MasterInitialState.processMessage what=3
D/dalvikvm(  602): GC_CONCURRENT freed 495K, 15% free 3300K/3864K, paused 26ms+29ms, total 132ms
E/logwrapper(  824): executing /system/bin/ip failed: No such file or directory
E/logwrapper(  825): executing /system/bin/ip failed: No such file or directory
E/logwrapper(  826): executing /system/bin/ip failed: No such file or directory
E/logwrapper(  827): executing /system/bin/ip failed: No such file or directory
E/logwrapper(  828): executing /system/bin/ip failed: No such file or directory
E/SecondaryTablController(   54): ip route add failed: /system/bin/ip route add 10.0.2.2/32 via 0.0.0.0 dev eth0 table 60
E/logwrapper(  829): executing /system/bin/ip failed: No such file or directory
E/SecondaryTablController(   54): ip route add failed: /system/bin/ip route add 0.0.0.0/0 via 10.0.2.2 dev eth0 table 60
I/Launcher.Model(  674): not binding apps: no Launcher activity
I/Choreographer(  674): Skipped 57 frames!  The application may be doing too much work on its main thread.
I/Choreographer(  674): Skipped 73 frames!  The application may be doing too much work on its main thread.
D/dalvikvm(  674): GC_CONCURRENT freed 2221K, 27% free 6515K/8884K, paused 32ms+5ms, total 133ms
I/Choreographer(  674): Skipped 79 frames!  The application may be doing too much work on its main thread.
D/Tethering(  357): MasterInitialState.processMessage what=3
D/CaptivePortalTracker(  357): NoActiveNetworkState{ when=0 what=1 obj=NetworkInfo: type: mobile_hipri[UMTS], state: CONNECTED/CONNECTED, reason: dataEnabled, extra: epc.tmobile.com, roaming: false, failover: false, isAvailable: true, isConnectedToProvisioningNetwork: false target=com.android.internal.util.StateMachine$SmHandler }
D/CaptivePortalTracker(  357): NoActiveNetworkState not a wifi connectivity change, ignore
E/SQLiteLog(  617): (1) no such table: album_info
I/DownloadManager(  617): Upgrading downloads database from version 0 to version 109, which will destroy all old data
D/ExternalStorage(  860): Missing UUID for /storage/sdcard; skipping
D/ExternalStorage(  860): After updating volumes, found 0 active roots
D/dalvikvm(  357): GC_CONCURRENT freed 569K, 54% free 5593K/11904K, paused 17ms+4ms, total 72ms
D/GpsLocationProvider(  357): NTP server returned: 1545781180311 (Tue Dec 25 18:39:40 EST 2018) reference: 78719 certainty: 14 system time offset: -26188
D/dalvikvm(  357): GC_CONCURRENT freed 316K, 51% free 5876K/11904K, paused 23ms+5ms, total 75ms
D/dalvikvm(  617): GC_CONCURRENT freed 279K, 11% free 2914K/3256K, paused 4ms+2ms, total 117ms
D/dalvikvm(  357): GC_CONCURRENT freed 397K, 48% free 6215K/11904K, paused 6ms+5ms, total 61ms
D/dalvikvm(  357): WAIT_FOR_CONCURRENT_GC blocked 46ms
D/dalvikvm(  357): GC_CONCURRENT freed 489K, 46% free 6498K/11904K, paused 6ms+7ms, total 69ms
D/ExternalStorage(  860): Missing UUID for /storage/sdcard; skipping
D/ExternalStorage(  860): After updating volumes, found 0 active roots
D/dalvikvm(  357): GC_CONCURRENT freed 464K, 43% free 6883K/11904K, paused 6ms+6ms, total 81ms
D/dalvikvm(  357): GC_CONCURRENT freed 968K, 43% free 6887K/11904K, paused 6ms+5ms, total 73ms
D/dalvikvm(  357): GC_CONCURRENT freed 965K, 43% free 6896K/11904K, paused 6ms+6ms, total 74ms
D/dalvikvm(  357): GC_CONCURRENT freed 976K, 43% free 6903K/11904K, paused 6ms+7ms, total 77ms
D/dalvikvm(  357): GC_CONCURRENT freed 976K, 42% free 6908K/11904K, paused 7ms+6ms, total 75ms
D/dalvikvm(  357): GC_CONCURRENT freed 960K, 42% free 6919K/11904K, paused 6ms+6ms, total 84ms
D/dalvikvm(  357): GC_CONCURRENT freed 967K, 41% free 7035K/11904K, paused 6ms+6ms, total 94ms
D/dalvikvm(  357): GC_CONCURRENT freed 1105K, 42% free 6990K/11904K, paused 8ms+7ms, total 88ms
D/dalvikvm(  357): GC_CONCURRENT freed 1048K, 42% free 6951K/11904K, paused 7ms+5ms, total 74ms
D/dalvikvm(  357): GC_CONCURRENT freed 999K, 42% free 6951K/11904K, paused 6ms+5ms, total 72ms
D/dalvikvm(  357): GC_CONCURRENT freed 983K, 42% free 6956K/11904K, paused 6ms+6ms, total 73ms
D/dalvikvm(  357): GC_CONCURRENT freed 934K, 42% free 6968K/11904K, paused 6ms+15ms, total 76ms
I/PackageManager(  357): Running dexopt on: org.slempo.service
D/dalvikvm(  887): DexOpt: load 116ms, verify+opt 252ms, 617412 bytes
D/MediaScannerReceiver(  617): action: android.intent.action.MEDIA_MOUNTED path: /storage/sdcard
I/InputReader(  357): Reconfiguring input devices.  changes=0x00000010
I/PackageManager(  357):   Action: "android.intent.action.SENDTO"
I/PackageManager(  357):   Category: "android.intent.category.DEFAULT"
I/PackageManager(  357):   Scheme: "sms"
I/PackageManager(  357):   Action: "android.intent.action.SENDTO"
I/PackageManager(  357):   Category: "android.intent.category.DEFAULT"
I/PackageManager(  357):   Scheme: "smsto"
I/PackageManager(  357):   Action: "android.intent.action.SENDTO"
I/PackageManager(  357):   Category: "android.intent.category.DEFAULT"
I/PackageManager(  357):   Scheme: "mms"
I/PackageManager(  357):   Action: "android.intent.action.SENDTO"
I/PackageManager(  357):   Category: "android.intent.category.DEFAULT"
I/PackageManager(  357):   Scheme: "mmsto"
I/PackageManager(  357):   Action: "android.intent.action.SENDTO"
I/PackageManager(  357):   Category: "android.intent.category.DEFAULT"
I/PackageManager(  357):   Scheme: "sms"
I/PackageManager(  357):   Action: "android.intent.action.SENDTO"
I/PackageManager(  357):   Category: "android.intent.category.DEFAULT"
I/PackageManager(  357):   Scheme: "smsto"
I/PackageManager(  357):   Action: "android.intent.action.SENDTO"
I/PackageManager(  357):   Category: "android.intent.category.DEFAULT"
I/PackageManager(  357):   Scheme: "mms"
D/dalvikvm(  602): GC_CONCURRENT freed 354K, 12% free 3438K/3864K, paused 11ms+2ms, total 62ms
D/dalvikvm(  357): GC_EXPLICIT freed 2445K, 54% free 5593K/11904K, paused 157ms+7ms, total 522ms
D/dalvikvm(  357): WAIT_FOR_CONCURRENT_GC blocked 97ms
D/AndroidRuntime(  752): Shutting down VM
D/dalvikvm(  357): WAIT_FOR_CONCURRENT_GC blocked 92ms
D/dalvikvm(  357): WAIT_FOR_CONCURRENT_GC blocked 91ms
D/dalvikvm(  357): WAIT_FOR_CONCURRENT_GC blocked 112ms
D/dalvikvm(  357): WAIT_FOR_CONCURRENT_GC blocked 89ms
D/dalvikvm(  357): WAIT_FOR_CONCURRENT_GC blocked 117ms
D/dalvikvm(  752): GC_CONCURRENT freed 95K, 16% free 560K/660K, paused 3ms+13ms, total 24ms
I/PackageManager(  357):   Action: "android.intent.action.SENDTO"
I/PackageManager(  357):   Category: "android.intent.category.DEFAULT"
I/PackageManager(  357):   Scheme: "mmsto"
E/BluetoothAdapter(  609): Bluetooth binder is null
I/dalvikvm(  893): CheckJNI enabled: not enabling JNI app bug workarounds.
D/dalvikvm(  357): GC_CONCURRENT freed 528K, 53% free 5669K/11904K, paused 7ms+4ms, total 66ms
V/MediaScanner(  617): pruneDeadThumbnailFiles... android.database.sqlite.SQLiteCursor@b2d099e8
V/MediaScanner(  617): /pruneDeadThumbnailFiles... android.database.sqlite.SQLiteCursor@b2d099e8
I/ContactDirectoryManager(  549): deleted 0 stale rows which don't have any relevant directory
I/ContactDirectoryManager(  549): Discovered 0 contact directories in 8253ms
I/ContactsProvider(  549): Upgrading aggregation algorithm
I/ContactAggregator(  549): Marked all visible contacts for aggregation: 0 raw contacts, 4 ms
I/ContactsProvider(  549): Aggregation algorithm upgraded for 0 raw contacts in 52ms
I/ContactsFTS(  549): Rebuild contact search index in 256ms, 0 contacts
D/dalvikvm(  549): GC_CONCURRENT freed 304K, 11% free 3085K/3452K, paused 4ms+12ms, total 75ms
E/BluetoothAdapter(  609): Bluetooth binder is null
I/MediaFocusControl(  357):   Remote Control   registerMediaButtonIntent() for PendingIntent{b2f1db98: PendingIntentRecord{b2fee140 com.android.music broadcastIntent}}
E/BluetoothAdapter(  609): Bluetooth binder is null
D/dalvikvm(  898): GC_CONCURRENT freed 210K, 9% free 2884K/3164K, paused 85ms+1ms, total 261ms
D/ExtensionsFactory(  935): No custom extensions.
E/BluetoothAdapter(  357): Bluetooth binder is null
E/BluetoothAdapter(  357): Bluetooth binder is null
D/dalvikvm(   58): WAIT_FOR_CONCURRENT_GC blocked 1ms
E/SoundPool(  357): error loading /system/media/audio/ui/Effect_Tick.ogg
W/AudioService(  357): Soundpool could not load file: /system/media/audio/ui/Effect_Tick.ogg
E/SoundPool(  357): error loading /system/media/audio/ui/Effect_Tick.ogg
W/AudioService(  357): Soundpool could not load file: /system/media/audio/ui/Effect_Tick.ogg
E/SoundPool(  357): error loading /system/media/audio/ui/Effect_Tick.ogg
W/AudioService(  357): Soundpool could not load file: /system/media/audio/ui/Effect_Tick.ogg
E/SoundPool(  357): error loading /system/media/audio/ui/Effect_Tick.ogg
W/AudioService(  357): Soundpool could not load file: /system/media/audio/ui/Effect_Tick.ogg
E/SoundPool(  357): error loading /system/media/audio/ui/Effect_Tick.ogg
W/AudioService(  357): Soundpool could not load file: /system/media/audio/ui/Effect_Tick.ogg
E/SoundPool(  357): error loading /system/media/audio/ui/KeypressStandard.ogg
W/AudioService(  357): Soundpool could not load file: /system/media/audio/ui/KeypressStandard.ogg
E/SoundPool(  357): error loading /system/media/audio/ui/KeypressSpacebar.ogg
W/AudioService(  357): Soundpool could not load file: /system/media/audio/ui/KeypressSpacebar.ogg
E/SoundPool(  357): error loading /system/media/audio/ui/KeypressDelete.ogg
W/AudioService(  357): Soundpool could not load file: /system/media/audio/ui/KeypressDelete.ogg
E/SoundPool(  357): error loading /system/media/audio/ui/KeypressReturn.ogg
W/AudioService(  357): Soundpool could not load file: /system/media/audio/ui/KeypressReturn.ogg
E/SoundPool(  357): error loading /system/media/audio/ui/KeypressInvalid.ogg
W/AudioService(  357): Soundpool could not load file: /system/media/audio/ui/KeypressInvalid.ogg
W/AudioService(  357): onLoadSoundEffects(), Error -1 while loading samples
