D/dalvikvm(  356): WAIT_FOR_CONCURRENT_GC blocked 9ms
D/dalvikvm(  356): GC_CONCURRENT freed 1222K, 69% free 4040K/12704K, paused 4ms+5ms, total 82ms
I/PackageManager(  356): /system/app/GpsLocationTest.apk changed; collecting certs
I/PackageManager(  356): /system/app/HTMLViewer.apk changed; collecting certs
I/PackageManager(  356): /system/app/KeyChain.apk changed; collecting certs
D/dalvikvm(  356): GC_CONCURRENT freed 374K, 68% free 4099K/12704K, paused 4ms+14ms, total 68ms
I/PackageManager(  356): /system/app/LatinIME.apk changed; collecting certs
D/dalvikvm(  356): GC_CONCURRENT freed 498K, 68% free 4111K/12704K, paused 14ms+3ms, total 48ms
D/dalvikvm(  356): WAIT_FOR_CONCURRENT_GC blocked 34ms
D/dalvikvm(  356): GC_FOR_ALLOC freed 335K, 67% free 4231K/12704K, paused 29ms, total 30ms
D/dalvikvm(  356): GC_CONCURRENT freed 265K, 66% free 4416K/12704K, paused 5ms+6ms, total 67ms
D/dalvikvm(  356): GC_CONCURRENT freed 272K, 64% free 4645K/12704K, paused 12ms+15ms, total 88ms
D/dalvikvm(  356): GC_CONCURRENT freed 328K, 63% free 4817K/12704K, paused 15ms+14ms, total 91ms
I/PackageManager(  356): /system/app/LegacyCamera.apk changed; collecting certs
D/dalvikvm(  356): GC_CONCURRENT freed 399K, 62% free 4932K/12704K, paused 4ms+14ms, total 76ms
D/dalvikvm(  356): GC_CONCURRENT freed 1240K, 67% free 4250K/12704K, paused 4ms+3ms, total 45ms
D/dalvikvm(  356): WAIT_FOR_CONCURRENT_GC blocked 29ms
D/dalvikvm(  356): GC_CONCURRENT freed 565K, 67% free 4196K/12704K, paused 5ms+3ms, total 40ms
D/dalvikvm(  356): WAIT_FOR_CONCURRENT_GC blocked 24ms
D/dalvikvm(  356): GC_CONCURRENT freed 138K, 65% free 4516K/12704K, paused 5ms+5ms, total 70ms
D/dalvikvm(  356): GC_CONCURRENT freed 300K, 63% free 4735K/12704K, paused 5ms+6ms, total 101ms
D/dalvikvm(  356): WAIT_FOR_CONCURRENT_GC blocked 6ms
I/PackageManager(  356): /system/app/LiveWallpapersPicker.apk changed; collecting certs
I/PackageManager(  356): /system/app/Music.apk changed; collecting certs
D/dalvikvm(  356): GC_CONCURRENT freed 448K, 63% free 4796K/12704K, paused 4ms+9ms, total 62ms
D/dalvikvm(  356): WAIT_FOR_CONCURRENT_GC blocked 21ms
D/dalvikvm(  356): GC_CONCURRENT freed 1146K, 68% free 4162K/12704K, paused 5ms+13ms, total 80ms
I/PackageManager(  356): /system/app/NetSpeed.apk changed; collecting certs
I/PackageManager(  356): /system/app/OpenWnn.apk changed; collecting certs
D/dalvikvm(  356): GC_CONCURRENT freed 356K, 67% free 4307K/12704K, paused 6ms+5ms, total 73ms
D/dalvikvm(  356): WAIT_FOR_CONCURRENT_GC blocked 25ms
D/dalvikvm(  356): GC_CONCURRENT freed 663K, 68% free 4155K/12704K, paused 5ms+3ms, total 47ms
D/dalvikvm(  356): WAIT_FOR_CONCURRENT_GC blocked 28ms
D/dalvikvm(  356): GC_CONCURRENT freed 255K, 66% free 4412K/12704K, paused 5ms+3ms, total 67ms
D/dalvikvm(  356): WAIT_FOR_CONCURRENT_GC blocked 18ms
I/PackageManager(  356): /system/app/PacProcessor.apk changed; collecting certs
I/PackageManager(  356): /system/app/PackageInstaller.apk changed; collecting certs
D/dalvikvm(  356): GC_CONCURRENT freed 387K, 64% free 4579K/12704K, paused 4ms+10ms, total 98ms
I/PackageManager(  356): /system/app/PicoTts.apk changed; collecting certs
I/PackageManager(  356): /system/app/PinyinIME.apk changed; collecting certs
D/dalvikvm(  356): GC_CONCURRENT freed 967K, 68% free 4123K/12704K, paused 15ms+4ms, total 74ms
D/dalvikvm(  356): WAIT_FOR_CONCURRENT_GC blocked 17ms
I/PackageManager(  356): /system/app/PrintSpooler.apk changed; collecting certs
I/PackageManager(  356): /system/app/Protips.apk changed; collecting certs
D/dalvikvm(  356): GC_CONCURRENT freed 457K, 68% free 4177K/12704K, paused 4ms+14ms, total 79ms
D/dalvikvm(  356): WAIT_FOR_CONCURRENT_GC blocked 9ms
I/PackageManager(  356): /system/app/QuickSearchBox.apk changed; collecting certs
D/dalvikvm(  356): GC_CONCURRENT freed 473K, 67% free 4216K/12704K, paused 7ms+4ms, total 65ms
D/dalvikvm(  356): WAIT_FOR_CONCURRENT_GC blocked 24ms
I/PackageManager(  356): /system/app/SdkSetup.apk changed; collecting certs
D/dalvikvm(  356): GC_CONCURRENT freed 495K, 67% free 4232K/12704K, paused 5ms+3ms, total 80ms
D/dalvikvm(  356): WAIT_FOR_CONCURRENT_GC blocked 15ms
I/PackageManager(  356): /system/app/SoundRecorder.apk changed; collecting certs
I/PackageManager(  356): /system/app/SpeechRecorder.apk changed; collecting certs
I/PackageManager(  356): /system/app/TelephonyProvider.apk changed; collecting certs
I/PackageManager(  356): /system/app/UserDictionaryProvider.apk changed; collecting certs
D/dalvikvm(  356): GC_CONCURRENT freed 318K, 66% free 4377K/12704K, paused 5ms+11ms, total 76ms
D/PackageManager(  356): No files in app dir /vendor/app
I/PackageManager(  356): /data/app/ApiDemos.apk changed; collecting certs
W/PackageParser(  356): No actions in intent filter at /data/app/ApiDemos.apk Binary XML file line #2899
W/PackageParser(  356): No actions in intent filter at /data/app/ApiDemos.apk Binary XML file line #2905
D/dalvikvm(  356): GC_CONCURRENT freed 585K, 66% free 4319K/12704K, paused 14ms+3ms, total 101ms
D/dalvikvm(  356): GC_CONCURRENT freed 271K, 65% free 4555K/12704K, paused 10ms+3ms, total 43ms
D/dalvikvm(  356): WAIT_FOR_CONCURRENT_GC blocked 33ms
D/dalvikvm(  356): GC_CONCURRENT freed 373K, 64% free 4658K/12704K, paused 5ms+10ms, total 96ms
D/dalvikvm(  356): GC_CONCURRENT freed 268K, 62% free 4925K/12704K, paused 5ms+5ms, total 104ms
D/dalvikvm(  356): GC_CONCURRENT freed 647K, 62% free 4834K/12704K, paused 5ms+3ms, total 70ms
D/dalvikvm(  356): WAIT_FOR_CONCURRENT_GC blocked 28ms
D/dalvikvm(  356): GC_CONCURRENT freed 530K, 62% free 4834K/12704K, paused 4ms+3ms, total 77ms
D/dalvikvm(  356): WAIT_FOR_CONCURRENT_GC blocked 13ms
D/dalvikvm(  356): GC_CONCURRENT freed 531K, 62% free 4831K/12704K, paused 14ms+3ms, total 81ms
D/dalvikvm(  356): WAIT_FOR_CONCURRENT_GC blocked 21ms
D/dalvikvm(  356): GC_CONCURRENT freed 517K, 62% free 4845K/12704K, paused 5ms+4ms, total 70ms
D/dalvikvm(  356): WAIT_FOR_CONCURRENT_GC blocked 28ms
D/dalvikvm(  356): GC_CONCURRENT freed 529K, 62% free 4849K/12704K, paused 14ms+3ms, total 70ms
D/dalvikvm(  356): WAIT_FOR_CONCURRENT_GC blocked 32ms
D/dalvikvm(  356): GC_CONCURRENT freed 529K, 62% free 4851K/12704K, paused 5ms+3ms, total 69ms
D/dalvikvm(  356): WAIT_FOR_CONCURRENT_GC blocked 25ms
D/dalvikvm(  356): GC_CONCURRENT freed 529K, 62% free 4854K/12704K, paused 14ms+3ms, total 70ms
D/dalvikvm(  356): WAIT_FOR_CONCURRENT_GC blocked 32ms
D/dalvikvm(  356): GC_CONCURRENT freed 531K, 62% free 4859K/12704K, paused 12ms+4ms, total 68ms
D/dalvikvm(  356): WAIT_FOR_CONCURRENT_GC blocked 31ms
D/dalvikvm(  356): GC_CONCURRENT freed 538K, 62% free 4861K/12704K, paused 13ms+3ms, total 71ms
D/dalvikvm(  356): WAIT_FOR_CONCURRENT_GC blocked 34ms
D/dalvikvm(  356): GC_CONCURRENT freed 530K, 62% free 4863K/12704K, paused 4ms+3ms, total 66ms
D/dalvikvm(  356): WAIT_FOR_CONCURRENT_GC blocked 27ms
W/PackageManager(  356): Package com.example.android.apis desires unavailable shared library com.example.will.never.exist; ignoring!
I/PackageManager(  356): /data/app/CubeLiveWallpapers.apk changed; collecting certs
I/PackageManager(  356): /data/app/GestureBuilder.apk changed; collecting certs
D/dalvikvm(  356): GC_CONCURRENT freed 438K, 61% free 4965K/12704K, paused 5ms+9ms, total 79ms
D/dalvikvm(  356): WAIT_FOR_CONCURRENT_GC blocked 29ms
I/PackageManager(  356): /data/app/SmokeTest.apk changed; collecting certs
I/PackageManager(  356): /data/app/SmokeTestApp.apk changed; collecting certs
I/PackageManager(  356): /data/app/SoftKeyboard.apk changed; collecting certs
D/dalvikvm(  356): GC_CONCURRENT freed 1132K, 66% free 4362K/12704K, paused 5ms+13ms, total 72ms
I/PackageManager(  356): /data/app/WidgetPreview.apk changed; collecting certs
D/dalvikvm(  356): GC_CONCURRENT freed 505K, 65% free 4449K/12704K, paused 6ms+5ms, total 96ms
W/PackageManager(  356): Package com.example.android.apis desires unavailable shared library com.example.will.never.exist; ignoring!
W/PackageManager(  356): Package com.android.camera desires unavailable shared library com.google.android.media.effects; ignoring!
I/PackageManager(  356): Time to scan packages: 22.529 seconds
W/PackageManager(  356): Not granting permission android.permission.GLOBAL_SEARCH to package com.android.quicksearchbox (protectionLevel=18 flags=0x8be45)
W/PackageManager(  356): Unknown permission com.android.smspush.WAPPUSH_MANAGER_BIND in package com.android.phone
W/PackageManager(  356): Unknown permission com.google.android.googleapps.permission.GOOGLE_AUTH in package com.android.providers.calendar
W/PackageManager(  356): Unknown permission com.google.android.googleapps.permission.GOOGLE_AUTH.cl in package com.android.providers.calendar
W/PackageManager(  356): Unknown permission com.google.android.googleapps.permission.GOOGLE_AUTH.mail in package com.android.calendar
W/PackageManager(  356): Not granting permission android.permission.ACCESS_DOWNLOAD_MANAGER to package com.android.browser (protectionLevel=18 flags=0x9be45)
W/PackageManager(  356): Not granting permission android.permission.SEND_DOWNLOAD_COMPLETED_INTENTS to package com.android.browser (protectionLevel=2 flags=0x9be45)
W/PackageManager(  356): Not granting permission android.permission.BIND_APPWIDGET to package com.android.widgetpreview (protectionLevel=18 flags=0x8be44)
W/PackageManager(  356): Unknown permission android.permission.INSTALL_DRM in package com.android.mms
W/PackageManager(  356): Unknown permission com.google.android.googleapps.permission.GOOGLE_AUTH in package com.android.settings
W/PackageManager(  356): Unknown permission com.google.android.googleapps.permission.ACCESS_GOOGLE_PASSWORD in package com.android.development
W/PackageManager(  356): Unknown permission com.google.android.googleapps.permission.GOOGLE_AUTH in package com.android.development
W/PackageManager(  356): Unknown permission com.google.android.googleapps.permission.GOOGLE_AUTH.ALL_SERVICES in package com.android.development
W/PackageManager(  356): Unknown permission com.google.android.googleapps.permission.GOOGLE_AUTH.YouTubeUser in package com.android.development
W/PackageManager(  356): Not granting permission android.permission.DELETE_PACKAGES to package com.svox.pico (protectionLevel=18 flags=0x8be45)
W/PackageManager(  356): Not granting permission android.permission.DEVICE_POWER to package com.android.deskclock (protectionLevel=2 flags=0x48be45)
D/dalvikvm(  356): GC_CONCURRENT freed 431K, 66% free 4435K/12704K, paused 13ms+4ms, total 99ms
D/dalvikvm(  356): GC_EXPLICIT freed 210K, 67% free 4278K/12704K, paused 3ms+3ms, total 49ms
I/SystemServer(  356): Entropy Mixer
W/EntropyMixer(  356): No existing entropy file -- first boot?
I/EntropyMixer(  356): Writing entropy...
I/SystemServer(  356): User Service
I/SystemServer(  356): Account Manager
I/SystemServer(  356): Content Manager
I/SystemServer(  356): System Content Providers
I/SyncManager(  356): No initial accounts
I/SyncManager(  356): No initial status
W/SyncManagerFile(  356): Error reading pending data.
W/SyncManagerFile(  356): java.io.FileNotFoundException: /data/system/sync/pending.xml: open failed: ENOENT (No such file or directory)
W/SyncManagerFile(  356): 	at libcore.io.IoBridge.open(IoBridge.java:409)
W/SyncManagerFile(  356): 	at java.io.FileInputStream.<init>(FileInputStream.java:78)
W/SyncManagerFile(  356): 	at android.util.AtomicFile.openRead(AtomicFile.java:199)
W/SyncManagerFile(  356): 	at com.android.server.content.SyncStorageEngine.readPendingOperationsLocked(SyncStorageEngine.java:2286)
W/SyncManagerFile(  356): 	at com.android.server.content.SyncStorageEngine.<init>(SyncStorageEngine.java:434)
W/SyncManagerFile(  356): 	at com.android.server.content.SyncStorageEngine.init(SyncStorageEngine.java:454)
W/SyncManagerFile(  356): 	at com.android.server.content.SyncManager.<init>(SyncManager.java:383)
W/SyncManagerFile(  356): 	at com.android.server.content.ContentService.getSyncManager(ContentService.java:75)
W/SyncManagerFile(  356): 	at com.android.server.content.ContentService.notifyChange(ContentService.java:283)
W/SyncManagerFile(  356): 	at android.content.ContentResolver.notifyChange(ContentResolver.java:1621)
W/SyncManagerFile(  356): 	at com.android.providers.settings.SettingsProvider.sendNotify(SettingsProvider.java:262)
W/SyncManagerFile(  356): 	at com.android.providers.settings.SettingsProvider.insertForUser(SettingsProvider.java:941)
W/SyncManagerFile(  356): 	at com.android.providers.settings.SettingsProvider.ensureAndroidIdIsSet(SettingsProvider.java:496)
W/SyncManagerFile(  356): 	at com.android.providers.settings.SettingsProvider.establishDbTracking(SettingsProvider.java:409)
W/SyncManagerFile(  356): 	at com.android.providers.settings.SettingsProvider.onCreate(SettingsProvider.java:335)
W/SyncManagerFile(  356): 	at android.content.ContentProvider.attachInfo(ContentProvider.java:1591)
W/SyncManagerFile(  356): 	at android.content.ContentProvider.attachInfo(ContentProvider.java:1562)
W/SyncManagerFile(  356): 	at android.app.ActivityThread.installProvider(ActivityThread.java:4774)
W/SyncManagerFile(  356): 	at android.app.ActivityThread.installContentProviders(ActivityThread.java:4369)
W/SyncManagerFile(  356): 	at android.app.ActivityThread.installSystemProviders(ActivityThread.java:4929)
W/SyncManagerFile(  356): 	at com.android.server.am.ActivityManagerService.installSystemProviders(ActivityManagerService.java:8081)
W/SyncManagerFile(  356): 	at com.android.server.ServerThread.initAndLoop(SystemServer.java:275)
W/SyncManagerFile(  356): 	at com.android.server.SystemServer.main(SystemServer.java:1179)
W/SyncManagerFile(  356): 	at java.lang.reflect.Method.invokeNative(Native Method)
W/SyncManagerFile(  356): 	at java.lang.reflect.Method.invoke(Method.java:515)
W/SyncManagerFile(  356): 	at com.android.internal.os.ZygoteInit$MethodAndArgsCaller.run(ZygoteInit.java:785)
W/SyncManagerFile(  356): 	at com.android.internal.os.ZygoteInit.main(ZygoteInit.java:601)
W/SyncManagerFile(  356): 	at dalvik.system.NativeStart.main(Native Method)
W/SyncManagerFile(  356): Caused by: libcore.io.ErrnoException: open failed: ENOENT (No such file or directory)
W/SyncManagerFile(  356): 	at libcore.io.Posix.open(Native Method)
W/SyncManagerFile(  356): 	at libcore.io.BlockGuardOs.open(BlockGuardOs.java:110)
W/SyncManagerFile(  356): 	at libcore.io.IoBridge.open(IoBridge.java:393)
W/SyncManagerFile(  356): 	... 27 more
I/SyncManager(  356): No initial statistics
D/SettingsProvider(  356): Generated and saved new ANDROID_ID [d853723273f2e7d1] for user 0
I/SystemServer(  356): Lights Service
I/SystemServer(  356): Battery Service
I/SystemServer(  356): Vibrator Service
E/ConsumerIrService(  356): Can't open consumer IR HW Module, error: -2
W/libsuspend(  356): Error writing 'on' to /sys/power/state: Invalid argument
E/libsuspend(  356): Error opening /sys/power/autosleep: No such file or directory
I/libsuspend(  356): Selected wakeup count
I/SystemServer(  356): Consumer IR Service
D/PermissionCache(   57): checking android.permission.ACCESS_SURFACE_FLINGER for uid=1000 => granted (12740 us)
D/SurfaceFlinger(   57): Screen acquired, type=0 flinger=0xb87ca450
D/SurfaceFlinger(   57):  screen was previously acquired
I/SystemServer(  356): Alarm Manager
I/SystemServer(  356): Init Watchdog
I/SystemServer(  356): Input Manager
I/InputManager(  356): Initializing input manager, mUseDevInputEventForAudioJack=false
I/SystemServer(  356): Window Manager
I/WindowManager(  356): No existing display settings /data/system/display_settings.xml; starting empty
D/dalvikvm(  356): GC_CONCURRENT freed 263K, 65% free 4520K/12704K, paused 6ms+15ms, total 137ms
I/WindowManager(  356): No keyguard interface!
I/InputManager(  356): Starting input manager
I/SystemServer(  356): No Bluetooh Service (emulator)
I/SystemServer(  356): Input Method Service
E/EventHub(  356): could not get driver version for /dev/input/mouse0, Not a typewriter
W/EventHub(  356): Unable to disable kernel key repeat for /dev/input/event0: Function not implemented
I/EventHub(  356): New device: id=1, fd=93, path='/dev/input/event0', name='qwerty2', classes=0x2d, configuration='/system/usr/idc/qwerty2.idc', keyLayout='/system/usr/keylayout/qwerty.kl', keyCharacterMap='/system/usr/keychars/qwerty2.kcm', builtinKeyboard=true, usingSuspendBlockIoctl=true, usingClockIoctl=true
E/EventHub(  356): could not get driver version for /dev/input/mice, Not a typewriter
I/InputReader(  356): Device added: id=-1, name='Virtual', sources=0x00000301
I/InputReader(  356):   Touch device 'qwerty2' could not query the properties of its associated display.  The device will be inoperable until the display size becomes available.
I/InputReader(  356): Device added: id=0, name='qwerty2', sources=0x00011307
W/InputMethodManagerService(  356): No IME selected. Choose the most applicable IME.
I/InputMethodManagerService(  356): No default found, using com.android.inputmethod.latin/.LatinIME
I/SystemServer(  356): Accessibility Manager
I/ActivityManager(  356): Config changes=1df8 {1.0 ?mcc?mnc en_US ldltr sw480dp w480dp h864dp 160dpi lrg long port ?uimode ?night -touch -keyb/h/h tball/v s.2}
I/InputReader(  356): Reconfiguring input devices.  changes=0x00000004
I/InputReader(  356): Device reconfigured: id=0, name='qwerty2', size 480x864, orientation 0, mode 1, display id 0
I/ActivityManager(  356): Config changes=408 {1.0 ?mcc?mnc en_US ldltr sw480dp w480dp h839dp 160dpi lrg long port ?uimode ?night finger -keyb/h/h tball/v s.3}
I/SystemServer(  356): Mount Service
D/MountService(  356): got storage path: /storage/sdcard description: USB storage primary: true removable: false emulated: false mtpReserve: 0 allowMassStorage: false maxFileSize: 0
D/MountService(  356): addVolumeLocked() StorageVolume:
D/MountService(  356):     mStorageId=0 mPath=/storage/sdcard mDescriptionId=17040665 mPrimary=true 
D/MountService(  356):     mRemovable=false mEmulated=false mMtpReserveSpace=0 
D/MountService(  356):     mAllowMassStorage=false mMaxFileSize=0 mOwner=null mUuid=null 
D/MountService(  356):     mUserLabel=null mState=null 
I/SystemServer(  356): LockSettingsService
I/SystemServer(  356): Device Policy
I/SystemServer(  356): Status Bar
I/SystemServer(  356): Clipboard Service
I/SystemServer(  356): NetworkManagement Service
I/SystemServer(  356): Text Service Manager Service
W/MountService(  356): Duplicate state transition (unmounted -> unmounted) for /storage/sdcard
W/MountService(  356): getSecureContainerList() called when storage not mounted
I/SystemServer(  356): NetworkStats Service
I/PackageManager(  356): No secure containers on sdcard
I/SystemServer(  356): NetworkPolicy Service
I/SystemServer(  356): Wi-Fi P2pService
W/PackageManager(  356): Not granting permission android.permission.GLOBAL_SEARCH to package com.android.quicksearchbox (protectionLevel=18 flags=0x8be45)
W/PackageManager(  356): Unknown permission com.android.smspush.WAPPUSH_MANAGER_BIND in package com.android.phone
W/PackageManager(  356): Unknown permission com.google.android.googleapps.permission.GOOGLE_AUTH in package com.android.providers.calendar
W/PackageManager(  356): Unknown permission com.google.android.googleapps.permission.GOOGLE_AUTH.cl in package com.android.providers.calendar
W/PackageManager(  356): Unknown permission com.google.android.googleapps.permission.GOOGLE_AUTH.mail in package com.android.calendar
W/PackageManager(  356): Not granting permission android.permission.ACCESS_DOWNLOAD_MANAGER to package com.android.browser (protectionLevel=18 flags=0x9be45)
W/PackageManager(  356): Not granting permission android.permission.SEND_DOWNLOAD_COMPLETED_INTENTS to package com.android.browser (protectionLevel=2 flags=0x9be45)
W/PackageManager(  356): Not granting permission android.permission.BIND_APPWIDGET to package com.android.widgetpreview (protectionLevel=18 flags=0x8be44)
W/PackageManager(  356): Unknown permission android.permission.INSTALL_DRM in package com.android.mms
W/PackageManager(  356): Unknown permission com.google.android.googleapps.permission.GOOGLE_AUTH in package com.android.settings
W/PackageManager(  356): Unknown permission com.google.android.googleapps.permission.ACCESS_GOOGLE_PASSWORD in package com.android.development
W/PackageManager(  356): Unknown permission com.google.android.googleapps.permission.GOOGLE_AUTH in package com.android.development
W/PackageManager(  356): Unknown permission com.google.android.googleapps.permission.GOOGLE_AUTH.ALL_SERVICES in package com.android.development
W/PackageManager(  356): Unknown permission com.google.android.googleapps.permission.GOOGLE_AUTH.YouTubeUser in package com.android.development
W/PackageManager(  356): Not granting permission android.permission.DELETE_PACKAGES to package com.svox.pico (protectionLevel=18 flags=0x8be45)
W/PackageManager(  356): Not granting permission android.permission.DEVICE_POWER to package com.android.deskclock (protectionLevel=2 flags=0x48be45)
D/dalvikvm(  356): GC_CONCURRENT freed 300K, 64% free 4611K/12704K, paused 4ms+11ms, total 90ms
I/SystemServer(  356): Wi-Fi Service
D/WifiController(  356): isAirplaneModeOn = false, isWifiEnabled = false, isScanningAvailable = false
I/SystemServer(  356): Connectivity Service
D/ConnectivityService(  356): ConnectivityService starting up
D/ConnectivityService(  356): wifiOnly=false
E/MobileDataStateTracker(  356): default: Ignoring feature request because could not acquire PhoneService
E/MobileDataStateTracker(  356): default: Could not enable APN type "default"
I/WifiService(  356): WifiService starting up with Wi-Fi disabled
I/SystemServer(  356): Network Service Discovery Service
D/NsdService(  356): Network service discovery enabled true
I/SystemServer(  356): UpdateLock Service
I/SystemServer(  356): Notification Manager
I/SystemServer(  356): Device Storage Monitor
I/SystemServer(  356): Location Manager
I/SystemServer(  356): Country Detector
I/SystemServer(  356): Search Service
I/SystemServer(  356): DropBox Service
I/SystemServer(  356): Wallpaper Service
W/WallpaperService(  356): no current wallpaper -- first boot?
I/SystemServer(  356): Audio Service
D/dalvikvm(  356): GC_CONCURRENT freed 248K, 63% free 4806K/12704K, paused 16ms+11ms, total 110ms
I/SystemServer(  356): Dock Observer
W/DockObserver(  356): This kernel does not have dock station support
I/SystemServer(  356): Wired Accessory Manager
W/WiredAccessoryManager(  356): This kernel does not have wired headset support
W/WiredAccessoryManager(  356): This kernel does not have usb audio support
W/WiredAccessoryManager(  356): This kernel does not have HDMI audio support
I/SystemServer(  356): USB Service
I/SystemServer(  356): Serial Service
I/SystemServer(  356): Twilight Service
I/SystemServer(  356): UI Mode Manager Service
I/SystemServer(  356): Backup Service
V/BackupManagerService(  356): Initializing package tracking
V/BackupManagerService(  356): No ancestral data
V/BackupManagerService(  356): addPackageParticipantsLocked: all
I/BackupManagerService(  356): Scheduling backup for new app com.android.calendar
D/BackupManagerService(  356): Now staging backup of com.android.calendar
I/BackupManagerService(  356): Scheduling backup for new app com.android.browser
D/BackupManagerService(  356): Now staging backup of com.android.browser
I/BackupManagerService(  356): Scheduling backup for new app com.android.providers.userdictionary
D/BackupManagerService(  356): Now staging backup of com.android.providers.userdictionary
I/BackupManagerService(  356): Scheduling backup for new app com.android.sharedstoragebackup
D/BackupManagerService(  356): Now staging backup of com.android.sharedstoragebackup
I/BackupManagerService(  356): Scheduling backup for new app android
D/BackupManagerService(  356): Now staging backup of android
I/BackupManagerService(  356): Scheduling backup for new app com.android.dialer
D/BackupManagerService(  356): Now staging backup of com.android.dialer
I/BackupManagerService(  356): Scheduling backup for new app com.android.providers.settings
D/BackupManagerService(  356): Now staging backup of com.android.providers.settings
V/BackupManagerService(  356): Starting with transport android/com.android.internal.backup.LocalTransport
V/BackupManagerService(  356): Found transports: 1
I/BackupManagerService(  356): Binding to transport host ComponentInfo{android/com.android.internal.backup.LocalTransportService}
I/BackupManagerService(  356): Backup enabled => true
I/SystemServer(  356): AppWidget Service
I/SystemServer(  356): Recognition Service
I/SystemServer(  356): DiskStats Service
I/SystemServer(  356): SamplingProfiler Service
I/SystemServer(  356): NetworkTimeUpdateService
I/SystemServer(  356): CommonTimeManagementService
I/SystemServer(  356): CertBlacklister
I/SystemServer(  356): Dreams Service
I/SystemServer(  356): Assets Atlas Service
I/SystemServer(  356): IdleMaintenanceService
I/SystemServer(  356): Print Service
D/Atlas   (  356): Computing best atlas configuration...
D/Atlas   (  356): Running Thread-50
I/WindowManager(  356): SAFE MODE not enabled
I/SystemServer(  356): Media Router Service
D/Atlas   (  356): Found best atlas configuration in 0.08s
D/Atlas   (  356): Loaded configuration: SliceMinArea (768x768) flags=0x2 count=24
E/SQLiteLog(  356): (1) no such table: locksettings
D/gralloc_goldfish(  356): Emulator without GPU emulation detected.
I/LockSettingsService(  356): Migrated lock settings to new location
I/LockSettingsService(  356): Migrated per-user lock settings to new location
D/dalvikvm(  356): GC_CONCURRENT freed 339K, 61% free 4959K/12704K, paused 26ms+20ms, total 187ms
W/AssetAtlasService(  356): Could not find EGL configuration
D/Atlas   (  356): Rendered atlas in 19.68ms (6.42+13.26ms)
I/Zygote  (  356): Process: zygote socket opened
V/KeyguardServiceDelegate(  356): *** Keyguard started
V/KeyguardServiceDelegate(  356): onSystemReady() called before keyguard service was ready
I/ActivityManager(  356): Start proc com.android.systemui for service com.android.keyguard/.KeyguardService: pid=449 uid=10007 gids={50007, 1028, 1015, 1035, 3002, 3001}
F/SystemServer(  356): BOOT FAILURE making Package Manager Service ready
F/SystemServer(  356): java.lang.SecurityException: Unable to find app for caller android.app.ActivityThread$ApplicationThread@b31eec38 (pid=356) when registering receiver android.app.LoadedApk$ReceiverDispatcher$InnerReceiver@b322b820
F/SystemServer(  356): 	at com.android.server.am.ActivityManagerService.registerReceiver(ActivityManagerService.java:13021)
F/SystemServer(  356): 	at android.app.ContextImpl.registerReceiverInternal(ContextImpl.java:1450)
F/SystemServer(  356): 	at android.app.ContextImpl.registerReceiverAsUser(ContextImpl.java:1425)
F/SystemServer(  356): 	at com.android.internal.content.PackageMonitor.register(PackageMonitor.java:84)
F/SystemServer(  356): 	at com.android.server.pm.UserManagerService.systemReady(UserManagerService.java:237)
F/SystemServer(  356): 	at com.android.server.pm.PackageManagerService.systemReady(PackageManagerService.java:10476)
F/SystemServer(  356): 	at com.android.server.ServerThread.initAndLoop(SystemServer.java:893)
F/SystemServer(  356): 	at com.android.server.SystemServer.main(SystemServer.java:1179)
F/SystemServer(  356): 	at java.lang.reflect.Method.invokeNative(Native Method)
F/SystemServer(  356): 	at java.lang.reflect.Method.invoke(Method.java:515)
F/SystemServer(  356): 	at com.android.internal.os.ZygoteInit$MethodAndArgsCaller.run(ZygoteInit.java:785)
F/SystemServer(  356): 	at com.android.internal.os.ZygoteInit.main(ZygoteInit.java:601)
F/SystemServer(  356): 	at dalvik.system.NativeStart.main(Native Method)
W/SystemServer(  356): ***********************************************
I/ActivityManager(  356): Sending system update to ComponentInfo{com.android.providers.calendar/com.android.providers.calendar.CalendarUpgradeReceiver} for user 0
I/ActivityManager(  356): Sending system update to ComponentInfo{com.android.providers.contacts/com.android.providers.contacts.ContactsUpgradeReceiver} for user 0
I/ActivityManager(  356): Sending system update to ComponentInfo{com.android.providers.media/com.android.providers.media.MediaUpgradeReceiver} for user 0
I/SystemServer(  356): Enabled StrictMode for system server main thread.
I/ActivityManager(  356): Start proc com.android.providers.calendar for broadcast com.android.providers.calendar/.CalendarUpgradeReceiver: pid=461 uid=10001 gids={50001, 3003, 1028, 1015}
I/Choreographer(  356): Skipped 48 frames!  The application may be doing too much work on its main thread.
W/InputMethodManagerService(  356): Focus gain on non-focused client android.view.inputmethod.InputMethodManager$1@b327fc28 (uid=1000 pid=356)
V/BackupManagerService(  356): Connected to transport ComponentInfo{android/com.android.internal.backup.LocalTransportService}
V/BackupManagerService(  356): Registering transport android/com.android.internal.backup.LocalTransportService::android/com.android.internal.backup.LocalTransport = com.android.internal.backup.LocalTransport@b325c0f0
I/ActivityManager(  356): Launching preboot mode app: ProcessRecord{b35ebe20 461:com.android.providers.calendar/u0a1}
E/SoundPool(  449): error loading /system/media/audio/ui/Lock.ogg
W/KeyguardViewMediator(  449): failed to load lock sound from /system/media/audio/ui/Lock.ogg
E/SoundPool(  449): error loading /system/media/audio/ui/Unlock.ogg
W/KeyguardViewMediator(  449): failed to load unlock sound from /system/media/audio/ui/Unlock.ogg
V/KeyguardService(  449): onCreate()
V/KeyguardServiceDelegate(  356): *** Keyguard connected (yay!)
V/KeyguardServiceDelegate(  356): **** SHOWN CALLED ****
I/ActivityManager(  356): Start proc android.process.acore for broadcast com.android.providers.contacts/.ContactsUpgradeReceiver: pid=480 uid=10002 gids={50002, 3003, 1028, 1015}
I/ActivityManager(  356): Launching preboot mode app: ProcessRecord{b32609a0 480:android.process.acore/u0a2}
D/dalvikvm(  356): GC_CONCURRENT freed 336K, 60% free 5101K/12704K, paused 3ms+3ms, total 69ms
I/ContactsUpgradeReceiver(  480): Creating or opening contacts database
D/dalvikvm(  480): GC_CONCURRENT freed 390K, 14% free 2809K/3264K, paused 4ms+2ms, total 62ms
I/ContactsDatabaseHelper(  480): Bootstrapping database version: 803
D/dalvikvm(  480): GC_CONCURRENT freed 335K, 13% free 2874K/3276K, paused 3ms+3ms, total 40ms
I/ContactsProviderV1(  480): Bootstrapping database legacy support
I/ContactsDatabaseHelper(  480): Bootstrapping database version: 803
D/dalvikvm(  480): GC_CONCURRENT freed 338K, 13% free 2932K/3336K, paused 4ms+4ms, total 42ms
I/ContactsProviderV1(  480): Bootstrapping database legacy support
D/dalvikvm(  480): GC_CONCURRENT freed 340K, 12% free 3013K/3420K, paused 4ms+3ms, total 31ms
I/ContactsProvider(  480): Locale has changed from null to en_US
I/ContactsDatabaseHelper(  480): Switching to locale en_US (ICU v51.1.0.1)
I/ContactsDatabaseHelper(  480): Locale change completed in 421ms
I/ContactsDatabaseHelper(  480): Switching to locale en_US (ICU v51.1.0.1)
D/dalvikvm(  480): GC_CONCURRENT freed 357K, 13% free 3052K/3476K, paused 3ms+4ms, total 42ms
I/ContactsDatabaseHelper(  480): Locale change completed in 464ms
I/ActivityManager(  356): Start proc android.process.media for broadcast com.android.providers.media/.MediaUpgradeReceiver: pid=496 uid=10005 gids={50005, 1028, 1015, 1023, 1024, 2001, 3003, 3007}
I/ActivityManager(  356): Launching preboot mode app: ProcessRecord{b31e9750 496:android.process.media/u0a5}
I/ActivityManager(  356): Writing new set of last done pre-boot receivers...
I/ActivityManager(  356): Removing system update proc: ProcessRecord{b35ebe20 461:com.android.providers.calendar/u0a1}
I/ActivityManager(  356): Killing 461:com.android.providers.calendar/u0a1 (adj 13): system update done
I/ActivityManager(  356): Removing system update proc: ProcessRecord{b32609a0 480:android.process.acore/u0a2}
I/ActivityManager(  356): Killing 480:android.process.acore/u0a2 (adj 11): system update done
I/ActivityManager(  356): Removing system update proc: ProcessRecord{b31e9750 496:android.process.media/u0a5}
I/ActivityManager(  356): Killing 496:android.process.media/u0a5 (adj 9): system update done
I/ActivityManager(  356): System now ready
I/SystemServer(  356): Making services ready
D/NetworkManagementService(  356): enabling bandwidth control
I/Vold    (   52): /dev/block/vold/179:0 being considered for volume sdcard
D/Vold    (   52): Volume sdcard state changing 1 (Idle-Unmounted) -> 3 (Checking)
D/MountService(  356): volume state changed for /storage/sdcard (unmounted -> checking)
D/MountService(  356): sendStorageIntent Intent { act=android.intent.action.MEDIA_CHECKING dat=file:///storage/sdcard (has extras) } to UserHandle{-1}
D/SystemUIService(  449): loading: class com.android.systemui.recent.Recents
D/SystemUIService(  449): running: com.android.systemui.recent.Recents@b2cef130
D/SystemUIService(  449): loading: class com.android.systemui.statusbar.SystemBars
D/SystemUIService(  449): running: com.android.systemui.statusbar.SystemBars@b2cef718
D/SystemUIService(  449): loading: class com.android.systemui.usb.StorageNotification
D/SystemUIService(  449): running: com.android.systemui.usb.StorageNotification@b2cf1468
I/fsck_msdos(   52): ** /dev/block/vold/179:0
I/fsck_msdos(   52): Invalid signature in fsinfo block
I/fsck_msdos(   52): FIXED
I/fsck_msdos(   52): ** Phase 1 - Read and Compare FATs
I/fsck_msdos(   52): Attempting to allocate 794 KB for FAT
D/SystemUIService(  449): loading: class com.android.systemui.power.PowerUI
D/SystemUIService(  449): running: com.android.systemui.power.PowerUI@b2cf2d20
D/SystemUIService(  449): loading: class com.android.systemui.media.RingtonePlayer
D/SystemUIService(  449): running: com.android.systemui.media.RingtonePlayer@b2cf3b00
D/SystemUIService(  449): loading: class com.android.systemui.settings.SettingsUI
D/SystemUIService(  449): running: com.android.systemui.settings.SettingsUI@b2cf4de8
I/fsck_msdos(   52): Attempting to allocate 794 KB for FAT
I/StatusBarManagerService(  356): registerStatusBar bar=com.android.internal.statusbar.IStatusBar$Stub$Proxy@b2cbe090
D/PhoneStatusBar(  449): mSettingsPanelGravity = 55
I/fsck_msdos(   52): ** Phase 2 - Check Cluster Chains
I/fsck_msdos(   52): ** Phase 3 - Checking Directories
I/fsck_msdos(   52): ** Phase 4 - Checking for Lost Files
I/fsck_msdos(   52): Free space in FSInfo block (201592) not correct (201591)
I/fsck_msdos(   52): FIXED
I/fsck_msdos(   52): 1 files, 100795 free (201591 clusters)
I/Vold    (   52): Filesystem check completed OK
D/dalvikvm(  449): GC_CONCURRENT freed 285K, 12% free 2829K/3180K, paused 83ms+5ms, total 223ms
W/Vold    (   52): blkid failed to identify /dev/block/vold/179:0
I/PackageManager(  356): Updating external media status from unmounted to mounted
D/Vold    (   52): Volume sdcard state changing 3 (Checking) -> 4 (Mounted)
D/MountService(  356): volume state changed for /storage/sdcard (checking -> mounted)
D/MountService(  356): sendStorageIntent Intent { act=android.intent.action.MEDIA_MOUNTED dat=file:///storage/sdcard (has extras) } to UserHandle{-1}
D/dalvikvm(  449): GC_FOR_ALLOC freed 34K, 8% free 2947K/3180K, paused 35ms, total 37ms
E/VoldConnector(  356): NDC Command {3 volume mount /storage/sdcard} took too long (1369ms)
I/PackageManager(  356): No secure containers on sdcard
W/PackageManager(  356): Not granting permission android.permission.GLOBAL_SEARCH to package com.android.quicksearchbox (protectionLevel=18 flags=0x88be45)
D/dalvikvm(  356): GC_CONCURRENT freed 408K, 59% free 5241K/12704K, paused 356ms+6ms, total 634ms
W/PackageManager(  356): Unknown permission com.android.smspush.WAPPUSH_MANAGER_BIND in package com.android.phone
W/PackageManager(  356): Unknown permission com.google.android.googleapps.permission.GOOGLE_AUTH in package com.android.providers.calendar
W/PackageManager(  356): Unknown permission com.google.android.googleapps.permission.GOOGLE_AUTH.cl in package com.android.providers.calendar
W/PackageManager(  356): Unknown permission com.google.android.googleapps.permission.GOOGLE_AUTH.mail in package com.android.calendar
W/PackageManager(  356): Not granting permission android.permission.ACCESS_DOWNLOAD_MANAGER to package com.android.browser (protectionLevel=18 flags=0x89be45)
W/PackageManager(  356): Not granting permission android.permission.SEND_DOWNLOAD_COMPLETED_INTENTS to package com.android.browser (protectionLevel=2 flags=0x89be45)
W/PackageManager(  356): Not granting permission android.permission.BIND_APPWIDGET to package com.android.widgetpreview (protectionLevel=18 flags=0x8be44)
W/PackageManager(  356): Unknown permission android.permission.INSTALL_DRM in package com.android.mms
W/PackageManager(  356): Unknown permission com.google.android.googleapps.permission.GOOGLE_AUTH in package com.android.settings
W/PackageManager(  356): Unknown permission com.google.android.googleapps.permission.ACCESS_GOOGLE_PASSWORD in package com.android.development
W/PackageManager(  356): Unknown permission com.google.android.googleapps.permission.GOOGLE_AUTH in package com.android.development
W/PackageManager(  356): Unknown permission com.google.android.googleapps.permission.GOOGLE_AUTH.ALL_SERVICES in package com.android.development
W/PackageManager(  356): Unknown permission com.google.android.googleapps.permission.GOOGLE_AUTH.YouTubeUser in package com.android.development
W/PackageManager(  356): Not granting permission android.permission.DELETE_PACKAGES to package com.svox.pico (protectionLevel=18 flags=0x88be45)
W/PackageManager(  356): Not granting permission android.permission.DEVICE_POWER to package com.android.deskclock (protectionLevel=2 flags=0xc8be45)
E/BluetoothAdapter(  449): Bluetooth binder is null
E/BluetoothAdapter(  449): Bluetooth binder is null
E/BluetoothAdapter(  449): Bluetooth binder is null
E/NetdConnector(  356): NDC Command {1 bandwidth enable} took too long (2712ms)
D/dalvikvm(  449): GC_CONCURRENT freed 60K, 5% free 3306K/3456K, paused 4ms+3ms, total 190ms
E/BluetoothAdapter(  449): Bluetooth binder is null
I/ActivityManager(  356): Start proc android.process.acore for content provider com.android.providers.contacts/.ContactsProvider2: pid=553 uid=10002 gids={50002, 3003, 1028, 1015}
D/PhoneStatusBar(  449): disable: < expand icons alerts ticker system_info back home recent clock search >
E/BluetoothAdapter(  449): Bluetooth binder is null
E/NetdConnector(  356): NDC Command {2 firewall disable} took too long (695ms)
D/PhoneStatusBar(  449): heads up is disabled
I/Choreographer(  449): Skipped 481 frames!  The application may be doing too much work on its main thread.
D/dalvikvm(  449): GC_CONCURRENT freed 147K, 6% free 3553K/3764K, paused 52ms+4ms, total 179ms
I/Choreographer(  449): Skipped 218 frames!  The application may be doing too much work on its main thread.
D/gralloc_goldfish(  449): Emulator without GPU emulation detected.
D/dalvikvm(  553): GC_CONCURRENT freed 248K, 10% free 2961K/3272K, paused 23ms+59ms, total 307ms
D/dalvikvm(  553): WAIT_FOR_CONCURRENT_GC blocked 34ms
D/dalvikvm(  553): WAIT_FOR_CONCURRENT_GC blocked 40ms
I/Choreographer(  449): Skipped 69 frames!  The application may be doing too much work on its main thread.
E/NetdConnector(  356): NDC Command {5 firewall disable} took too long (851ms)
I/ActivityManager(  356): Config changes=200 {1.0 ?mcc?mnc en_US ldltr sw480dp w480dp h839dp 160dpi lrg long port finger -keyb/h/h tball/v s.4}
W/RecognitionManagerService(  356): no available voice recognition services found for user 0
D/PhoneStatusBar(  449): mSettingsPanelGravity = 55
W/AppWidgetServiceImpl(  356): Failed to read state: java.io.FileNotFoundException: /data/system/users/0/appwidgets.xml: open failed: ENOENT (No such file or directory)
W/InputMethodManagerService(  356): Ignoring setImeWindowStatus of uid 1000 token: null
D/dalvikvm(  356): GC_CONCURRENT freed 679K, 60% free 5199K/12704K, paused 20ms+6ms, total 119ms
D/dalvikvm(  356): WAIT_FOR_CONCURRENT_GC blocked 62ms
D/dalvikvm(  356): WAIT_FOR_CONCURRENT_GC blocked 66ms
D/dalvikvm(  356): WAIT_FOR_CONCURRENT_GC blocked 61ms
D/dalvikvm(  356): WAIT_FOR_CONCURRENT_GC blocked 32ms
W/InputMethodUtils(  356): Found no subtypes in a system IME: com.android.inputmethod.pinyin
W/InputMethodManagerService(  356): Reset the default IME as "Resource" is ready here.
W/InputMethodUtils(  356): Found no subtypes in a system IME: com.android.inputmethod.pinyin
I/InputMethodManagerService(  356): Selected default: com.android.inputmethod.latin/.LatinIME
D/dalvikvm(  449): GC_FOR_ALLOC freed 82K, 6% free 3561K/3764K, paused 47ms, total 49ms
I/ActivityManager(  356): Config changes=20 {1.0 ?mcc?mnc en_US ldltr sw480dp w480dp h839dp 160dpi lrg long port finger -keyb/v/h tball/v s.5}
I/ActivityManager(  356): Start proc com.android.inputmethod.latin for service com.android.inputmethod.latin/.LatinIME: pid=589 uid=10029 gids={50029, 1028, 1015}
V/InputMethodManagerService(  356): Adding window token: android.os.Binder@b35d35d0
I/dalvikvm-heap(  449): Grow heap (frag case) to 6.467MB for 3072016-byte allocation
W/GpsLocationProvider(  356): Could not open GPS configuration file /etc/gps.conf
W/ServiceWatcher(  356): com.google.android.location not found
D/dalvikvm(  449): GC_FOR_ALLOC freed 4K, 4% free 6557K/6768K, paused 33ms, total 33ms
W/ServiceWatcher(  356): com.google.android.location not found
W/ServiceWatcher(  356): com.google.android.location not found
W/InputMethodManagerService(  356): Illegal subtype state: old subtype = null, new subtype = android.view.inputmethod.InputMethodSubtype@c9194f98
W/LocationManagerService(  356): no network location provider found
W/ServiceWatcher(  356): com.google.android.location not found
E/FlpHardwareProvider(  356): Error hw_get_module 'flp': -2
W/ServiceWatcher(  356): com.google.android.location not found
E/FlpHardwareProvider(  356): Error hw_get_module 'flp': -2
W/ServiceWatcher(  356): com.google.android.location not found
E/LocationManagerService(  356): no geocoder provider found
E/LocationManagerService(  356): No FusedProvider found.
E/LocationManagerService(  356): no geofence provider found
D/dalvikvm(  449): GC_CONCURRENT freed 0K, 4% free 6558K/6768K, paused 4ms+53ms, total 110ms
I/CommonTimeManagementService(  356): No common time service detected on this platform.  Common time services will be unavailable.
I/InputReader(  356): Reconfiguring input devices.  changes=0x00000020
I/ActivityManager(  356): Start proc com.android.phone for added application com.android.phone: pid=601 uid=1001 gids={41001, 3002, 3001, 3003, 1028, 1015}
I/InputReader(  356): Reconfiguring input devices.  changes=0x00000010
I/ActivityManager(  356): START u0 {act=android.intent.action.MAIN cat=[android.intent.category.HOME] flg=0x10000000 cmp=com.android.settings/.CryptKeeper} from pid 0
I/ActivityManager(  356): Start proc com.android.settings for activity com.android.settings/.CryptKeeper: pid=612 uid=1000 gids={41000, 1028, 1015, 3002, 3001, 3003}
D/dalvikvm(   58): WAIT_FOR_CONCURRENT_GC blocked 1ms
I/ActivityManager(  356): Start proc android.process.media for broadcast com.android.providers.downloads/.DownloadReceiver: pid=624 uid=10005 gids={50005, 1028, 1015, 1023, 1024, 2001, 3003, 3007}
D/dalvikvm(   58): GC_EXPLICIT freed 38K, 4% free 2705K/2808K, paused 13ms+2ms, total 57ms
D/dalvikvm(   58): GC_EXPLICIT freed <1K, 4% free 2705K/2808K, paused 2ms+2ms, total 43ms
D/dalvikvm(   58): GC_EXPLICIT freed <1K, 4% free 2705K/2808K, paused 2ms+12ms, total 42ms
D/dalvikvm(  449): GC_FOR_ALLOC freed 3003K, 6% free 3563K/3764K, paused 97ms, total 100ms
I/dalvikvm-heap(  449): Grow heap (frag case) to 6.468MB for 3072016-byte allocation
D/dalvikvm(  449): GC_CONCURRENT freed <1K, 4% free 6563K/6768K, paused 2ms+3ms, total 109ms
D/dalvikvm(  356): GC_CONCURRENT freed 493K, 59% free 5333K/12704K, paused 6ms+5ms, total 285ms
D/dalvikvm(  356): WAIT_FOR_CONCURRENT_GC blocked 139ms
I/LatinIME(  589): Hardware accelerated drawing: true
W/WindowManager(  356): Window freeze timeout expired.
W/WindowManager(  356): Force clearing orientation change: Window{b339b200 u0 StatusBar}
W/WindowManager(  356): Force clearing orientation change: Window{b3268bc0 u0 com.android.systemui.ImageWallpaper}
D/PhoneStatusBar(  449): mSettingsPanelGravity = 55
I/ActivityManager(  356): Start proc com.android.printspooler for service com.android.printspooler/.PrintSpoolerService: pid=643 uid=10039 gids={50039}
I/ActivityManager(  356): START u0 {act=android.intent.action.MAIN cat=[android.intent.category.HOME] flg=0x10000000 cmp=com.android.sdksetup/.DefaultActivity} from pid 0
I/ActivityManager(  356): Start proc com.android.sdksetup for activity com.android.sdksetup/.DefaultActivity: pid=660 uid=10042 gids={50042}
W/InputAttributes(  589): No editor info for this field. Bug?
V/StatusBar(  449): userId 0 is in the house
I/Choreographer(  449): Skipped 79 frames!  The application may be doing too much work on its main thread.
D/dalvikvm(  589): GC_CONCURRENT freed 225K, 10% free 2890K/3180K, paused 25ms+17ms, total 178ms
I/ResourceUtils(  589): Found default value: resource=keypress_vibration_durations build=[HARDWARE=goldfish MODEL=sdk BRAND=generic MANUFACTURER=unknown] default=-1
I/PrintSpoolerService(  643): No existing print spooler state.
I/ResourceUtils(  589): Found default value: resource=keypress_volumes build=[HARDWARE=goldfish MODEL=sdk BRAND=generic MANUFACTURER=unknown] default=-1.0f
I/Choreographer(  449): Skipped 43 frames!  The application may be doing too much work on its main thread.
I/LatinIME:LogUtils(  589): Dictionary info: dictionary = PersonalizationPredictionDictio ; version = ? ; date = 1545717602
I/LatinIME:LogUtils(  589): Dictionary info: dictionary = UserHistoryDictionary.en_US.dic ; version = ? ; date = 1545717602
I/LatinIME:LogUtils(  589): Dictionary info: dictionary = personalization.en_US.dict ; version = ? ; date = 1545717602
I/LatinIME:LogUtils(  589): Dictionary info: dictionary = userunigram.en_US.dict ; version = ? ; date = ?
D/dalvikvm(  356): GC_CONCURRENT freed 534K, 58% free 5388K/12704K, paused 42ms+6ms, total 416ms
I/PackageManager(  356):   Action: "android.intent.action.SENDTO"
I/PackageManager(  356):   Category: "android.intent.category.DEFAULT"
I/PackageManager(  356):   Scheme: "sms"
W/BackupManagerService(  356): dataChanged but no participant pkg='com.android.providers.settings' uid=1001
I/PackageManager(  356): Adding preferred activity ComponentInfo{com.android.mms/com.android.mms.ui.ComposeMessageActivity} for user 0 :
I/PackageManager(  356):   Action: "android.intent.action.SENDTO"
I/PackageManager(  356):   Category: "android.intent.category.DEFAULT"
I/PackageManager(  356):   Scheme: "smsto"
I/PackageManager(  356): Adding preferred activity ComponentInfo{com.android.mms/com.android.mms.ui.ComposeMessageActivity} for user 0 :
I/PackageManager(  356):   Action: "android.intent.action.SENDTO"
I/PackageManager(  356):   Category: "android.intent.category.DEFAULT"
I/PackageManager(  356):   Scheme: "mms"
I/PackageManager(  356): Adding preferred activity ComponentInfo{com.android.mms/com.android.mms.ui.ComposeMessageActivity} for user 0 :
I/PackageManager(  356):   Action: "android.intent.action.SENDTO"
I/PackageManager(  356):   Category: "android.intent.category.DEFAULT"
I/PackageManager(  356):   Scheme: "mmsto"
I/PackageManager(  356): Adding preferred activity ComponentInfo{com.android.mms/com.android.mms.ui.ComposeMessageActivity} for user 0 :
I/PackageManager(  356):   Action: "android.intent.action.SENDTO"
I/PackageManager(  356):   Category: "android.intent.category.DEFAULT"
I/PackageManager(  356):   Scheme: "sms"
I/PackageManager(  356): Adding preferred activity ComponentInfo{com.android.mms/com.android.mms.ui.ComposeMessageActivity} for user 0 :
D/dalvikvm(  601): GC_CONCURRENT freed 191K, 8% free 2934K/3180K, paused 3ms+3ms, total 224ms
I/PackageManager(  356):   Action: "android.intent.action.SENDTO"
I/PackageManager(  356):   Category: "android.intent.category.DEFAULT"
I/PackageManager(  356):   Scheme: "smsto"
I/PackageManager(  356): Adding preferred activity ComponentInfo{com.android.mms/com.android.mms.ui.ComposeMessageActivity} for user 0 :
I/PackageManager(  356):   Action: "android.intent.action.SENDTO"
I/PackageManager(  356):   Category: "android.intent.category.DEFAULT"
I/PackageManager(  356):   Scheme: "mms"
I/PackageManager(  356): Adding preferred activity ComponentInfo{com.android.mms/com.android.mms.ui.ComposeMessageActivity} for user 0 :
I/PackageManager(  356):   Action: "android.intent.action.SENDTO"
I/PackageManager(  356):   Category: "android.intent.category.DEFAULT"
I/PackageManager(  356):   Scheme: "mmsto"
I/PackageManager(  356): Adding preferred activity ComponentInfo{com.android.mms/com.android.mms.ui.ComposeMessageActivity} for user 0 :
I/ActivityManager(  356): Force stopping com.android.sdksetup appid=10042 user=0: pkg changed
I/ActivityManager(  356): Killing 660:com.android.sdksetup/u0a42 (adj 0): stop com.android.sdksetup
I/ActivityManager(  356):   Force finishing activity ActivityRecord{b356aeb8 u0 com.android.sdksetup/.DefaultActivity t2}
I/ActivityManager(  356): START u0 {act=android.intent.action.MAIN cat=[android.intent.category.HOME] flg=0x10000000 cmp=com.android.launcher/com.android.launcher2.Launcher} from pid 0
I/ActivityManager(  356): Start proc com.android.launcher for activity com.android.launcher/com.android.launcher2.Launcher: pid=690 uid=10008 gids={50008}
E/BluetoothAdapter(  601): Bluetooth binder is null
I/InputReader(  356): Reconfiguring input devices.  changes=0x00000010
D/dalvikvm(  356): GC_CONCURRENT freed 661K, 58% free 5400K/12704K, paused 35ms+6ms, total 431ms
D/dalvikvm(  356): WAIT_FOR_CONCURRENT_GC blocked 81ms
