D/dalvikvm(  336): GC_CONCURRENT freed 459K, 63% free 4731K/12712K, paused 13ms+18ms, total 92ms
I/PackageManager(  336): /system/app/Gallery.apk changed; collecting certs
D/dalvikvm(  336): GC_CONCURRENT freed 1190K, 68% free 4071K/12712K, paused 13ms+3ms, total 100ms
I/PackageManager(  336): /system/app/GpsLocationTest.apk changed; collecting certs
I/PackageManager(  336): /system/app/HTMLViewer.apk changed; collecting certs
I/PackageManager(  336): /system/app/KeyChain.apk changed; collecting certs
D/dalvikvm(  336): GC_CONCURRENT freed 416K, 68% free 4092K/12712K, paused 14ms+5ms, total 80ms
I/PackageManager(  336): /system/app/LatinIME.apk changed; collecting certs
D/dalvikvm(  336): GC_CONCURRENT freed 492K, 68% free 4107K/12712K, paused 5ms+3ms, total 46ms
D/dalvikvm(  336): WAIT_FOR_CONCURRENT_GC blocked 32ms
D/dalvikvm(  336): GC_FOR_ALLOC freed 335K, 67% free 4227K/12712K, paused 29ms, total 30ms
D/dalvikvm(  336): GC_CONCURRENT freed 265K, 66% free 4432K/12712K, paused 4ms+14ms, total 75ms
D/dalvikvm(  336): GC_CONCURRENT freed 278K, 64% free 4692K/12712K, paused 8ms+14ms, total 196ms
D/dalvikvm(  336): GC_CONCURRENT freed 343K, 62% free 4861K/12712K, paused 5ms+18ms, total 98ms
D/dalvikvm(  336): WAIT_FOR_CONCURRENT_GC blocked 7ms
I/PackageManager(  336): /system/app/LegacyCamera.apk changed; collecting certs
D/dalvikvm(  336): GC_CONCURRENT freed 428K, 61% free 4973K/12712K, paused 13ms+11ms, total 78ms
D/dalvikvm(  336): WAIT_FOR_CONCURRENT_GC blocked 19ms
D/dalvikvm(  336): GC_CONCURRENT freed 1287K, 68% free 4148K/12712K, paused 5ms+3ms, total 43ms
D/dalvikvm(  336): WAIT_FOR_CONCURRENT_GC blocked 31ms
D/dalvikvm(  336): GC_CONCURRENT freed 467K, 68% free 4192K/12712K, paused 4ms+3ms, total 39ms
D/dalvikvm(  336): WAIT_FOR_CONCURRENT_GC blocked 25ms
D/dalvikvm(  336): GC_CONCURRENT freed 143K, 65% free 4560K/12712K, paused 14ms+14ms, total 88ms
D/dalvikvm(  336): WAIT_FOR_CONCURRENT_GC blocked 6ms
D/dalvikvm(  336): GC_CONCURRENT freed 313K, 63% free 4767K/12712K, paused 5ms+5ms, total 103ms
I/PackageManager(  336): /system/app/LiveWallpapersPicker.apk changed; collecting certs
I/PackageManager(  336): /system/app/Music.apk changed; collecting certs
D/dalvikvm(  336): GC_CONCURRENT freed 480K, 63% free 4794K/12712K, paused 5ms+9ms, total 52ms
D/dalvikvm(  336): WAIT_FOR_CONCURRENT_GC blocked 38ms
D/dalvikvm(  336): GC_CONCURRENT freed 1131K, 68% free 4150K/12712K, paused 5ms+13ms, total 82ms
I/PackageManager(  336): /system/app/NetSpeed.apk changed; collecting certs
I/PackageManager(  336): /system/app/OpenWnn.apk changed; collecting certs
D/dalvikvm(  336): GC_CONCURRENT freed 327K, 67% free 4310K/12712K, paused 5ms+5ms, total 59ms
D/dalvikvm(  336): WAIT_FOR_CONCURRENT_GC blocked 22ms
D/dalvikvm(  336): GC_CONCURRENT freed 568K, 67% free 4254K/12712K, paused 4ms+3ms, total 54ms
D/dalvikvm(  336): WAIT_FOR_CONCURRENT_GC blocked 18ms
D/dalvikvm(  336): GC_CONCURRENT freed 341K, 66% free 4424K/12712K, paused 5ms+4ms, total 71ms
D/dalvikvm(  336): WAIT_FOR_CONCURRENT_GC blocked 12ms
I/PackageManager(  336): /system/app/PacProcessor.apk changed; collecting certs
D/dalvikvm(  336): GC_CONCURRENT freed 386K, 65% free 4523K/12712K, paused 7ms+24ms, total 122ms
I/PackageManager(  336): /system/app/PackageInstaller.apk changed; collecting certs
I/PackageManager(  336): /system/app/PicoTts.apk changed; collecting certs
I/PackageManager(  336): /system/app/PinyinIME.apk changed; collecting certs
D/dalvikvm(  336): GC_CONCURRENT freed 973K, 69% free 4061K/12712K, paused 14ms+4ms, total 57ms
D/dalvikvm(  336): WAIT_FOR_CONCURRENT_GC blocked 27ms
I/PackageManager(  336): /system/app/PrintSpooler.apk changed; collecting certs
I/PackageManager(  336): /system/app/Protips.apk changed; collecting certs
D/dalvikvm(  336): GC_CONCURRENT freed 382K, 68% free 4142K/12712K, paused 6ms+7ms, total 83ms
I/PackageManager(  336): /system/app/QuickSearchBox.apk changed; collecting certs
D/dalvikvm(  336): GC_CONCURRENT freed 482K, 68% free 4166K/12712K, paused 12ms+4ms, total 47ms
D/dalvikvm(  336): WAIT_FOR_CONCURRENT_GC blocked 35ms
D/dalvikvm(  336): GC_CONCURRENT freed 378K, 67% free 4264K/12712K, paused 4ms+5ms, total 79ms
I/PackageManager(  336): /system/app/SdkSetup.apk changed; collecting certs
I/PackageManager(  336): /system/app/SoundRecorder.apk changed; collecting certs
I/PackageManager(  336): /system/app/SpeechRecorder.apk changed; collecting certs
I/PackageManager(  336): /system/app/TelephonyProvider.apk changed; collecting certs
D/dalvikvm(  336): GC_CONCURRENT freed 406K, 66% free 4428K/12712K, paused 5ms+6ms, total 104ms
I/PackageManager(  336): /system/app/UserDictionaryProvider.apk changed; collecting certs
D/PackageManager(  336): No files in app dir /vendor/app
D/dalvikvm(  336): GC_CONCURRENT freed 648K, 67% free 4298K/12712K, paused 5ms+5ms, total 105ms
W/PackageParser(  336): No actions in intent filter at /data/app/ApiDemos.apk Binary XML file line #2899
W/PackageParser(  336): No actions in intent filter at /data/app/ApiDemos.apk Binary XML file line #2905
I/PackageManager(  336): /data/app/ApiDemos.apk changed; collecting certs
D/dalvikvm(  336): GC_CONCURRENT freed 240K, 65% free 4548K/12712K, paused 11ms+3ms, total 45ms
D/dalvikvm(  336): WAIT_FOR_CONCURRENT_GC blocked 34ms
D/dalvikvm(  336): GC_CONCURRENT freed 416K, 64% free 4641K/12712K, paused 5ms+15ms, total 92ms
D/dalvikvm(  336): GC_CONCURRENT freed 272K, 62% free 4868K/12712K, paused 4ms+15ms, total 93ms
D/dalvikvm(  336): GC_CONCURRENT freed 580K, 63% free 4830K/12712K, paused 15ms+3ms, total 69ms
D/dalvikvm(  336): WAIT_FOR_CONCURRENT_GC blocked 32ms
D/dalvikvm(  336): GC_CONCURRENT freed 529K, 62% free 4830K/12712K, paused 7ms+4ms, total 119ms
D/dalvikvm(  336): WAIT_FOR_CONCURRENT_GC blocked 44ms
D/dalvikvm(  336): GC_CONCURRENT freed 502K, 62% free 4856K/12712K, paused 14ms+10ms, total 91ms
D/dalvikvm(  336): WAIT_FOR_CONCURRENT_GC blocked 9ms
D/dalvikvm(  336): GC_CONCURRENT freed 552K, 62% free 4842K/12712K, paused 5ms+3ms, total 67ms
D/dalvikvm(  336): WAIT_FOR_CONCURRENT_GC blocked 28ms
D/dalvikvm(  336): GC_CONCURRENT freed 528K, 62% free 4845K/12712K, paused 5ms+4ms, total 68ms
D/dalvikvm(  336): WAIT_FOR_CONCURRENT_GC blocked 27ms
D/dalvikvm(  336): GC_CONCURRENT freed 528K, 62% free 4848K/12712K, paused 5ms+3ms, total 69ms
D/dalvikvm(  336): WAIT_FOR_CONCURRENT_GC blocked 26ms
D/dalvikvm(  336): GC_CONCURRENT freed 529K, 62% free 4851K/12712K, paused 15ms+3ms, total 65ms
D/dalvikvm(  336): WAIT_FOR_CONCURRENT_GC blocked 28ms
D/dalvikvm(  336): GC_CONCURRENT freed 531K, 62% free 4856K/12712K, paused 5ms+3ms, total 67ms
D/dalvikvm(  336): WAIT_FOR_CONCURRENT_GC blocked 28ms
D/dalvikvm(  336): GC_CONCURRENT freed 529K, 62% free 4858K/12712K, paused 14ms+3ms, total 70ms
D/dalvikvm(  336): WAIT_FOR_CONCURRENT_GC blocked 32ms
D/dalvikvm(  336): GC_CONCURRENT freed 546K, 62% free 4852K/12712K, paused 7ms+3ms, total 70ms
D/dalvikvm(  336): WAIT_FOR_CONCURRENT_GC blocked 28ms
W/PackageManager(  336): Package com.example.android.apis desires unavailable shared library com.example.will.never.exist; ignoring!
I/PackageManager(  336): /data/app/CubeLiveWallpapers.apk changed; collecting certs
I/PackageManager(  336): /data/app/GestureBuilder.apk changed; collecting certs
D/dalvikvm(  336): GC_CONCURRENT freed 390K, 61% free 4962K/12712K, paused 5ms+21ms, total 95ms
I/PackageManager(  336): /data/app/SmokeTest.apk changed; collecting certs
I/PackageManager(  336): /data/app/SmokeTestApp.apk changed; collecting certs
D/dalvikvm(  336): GC_CONCURRENT freed 1161K, 66% free 4366K/12712K, paused 15ms+4ms, total 89ms
D/dalvikvm(  336): WAIT_FOR_CONCURRENT_GC blocked 28ms
I/PackageManager(  336): /data/app/SoftKeyboard.apk changed; collecting certs
D/dalvikvm(  336): GC_CONCURRENT freed 513K, 66% free 4365K/12712K, paused 13ms+4ms, total 75ms
D/dalvikvm(  336): WAIT_FOR_CONCURRENT_GC blocked 34ms
I/PackageManager(  336): /data/app/WidgetPreview.apk changed; collecting certs
W/PackageManager(  336): Package com.example.android.apis desires unavailable shared library com.example.will.never.exist; ignoring!
W/PackageManager(  336): Package com.android.camera desires unavailable shared library com.google.android.media.effects; ignoring!
I/PackageManager(  336): Time to scan packages: 24.795 seconds
W/PackageManager(  336): Not granting permission android.permission.GLOBAL_SEARCH to package com.android.quicksearchbox (protectionLevel=18 flags=0x8be45)
W/PackageManager(  336): Unknown permission com.android.smspush.WAPPUSH_MANAGER_BIND in package com.android.phone
W/PackageManager(  336): Unknown permission com.google.android.googleapps.permission.GOOGLE_AUTH in package com.android.providers.calendar
W/PackageManager(  336): Unknown permission com.google.android.googleapps.permission.GOOGLE_AUTH.cl in package com.android.providers.calendar
W/PackageManager(  336): Unknown permission com.google.android.googleapps.permission.GOOGLE_AUTH.mail in package com.android.calendar
W/PackageManager(  336): Not granting permission android.permission.ACCESS_DOWNLOAD_MANAGER to package com.android.browser (protectionLevel=18 flags=0x9be45)
W/PackageManager(  336): Not granting permission android.permission.SEND_DOWNLOAD_COMPLETED_INTENTS to package com.android.browser (protectionLevel=2 flags=0x9be45)
W/PackageManager(  336): Not granting permission android.permission.BIND_APPWIDGET to package com.android.widgetpreview (protectionLevel=18 flags=0x8be44)
W/PackageManager(  336): Unknown permission android.permission.INSTALL_DRM in package com.android.mms
W/PackageManager(  336): Unknown permission com.google.android.googleapps.permission.GOOGLE_AUTH in package com.android.settings
D/dalvikvm(  336): GC_CONCURRENT freed 403K, 66% free 4357K/12712K, paused 10ms+6ms, total 146ms
W/PackageManager(  336): Unknown permission com.google.android.googleapps.permission.ACCESS_GOOGLE_PASSWORD in package com.android.development
W/PackageManager(  336): Unknown permission com.google.android.googleapps.permission.GOOGLE_AUTH in package com.android.development
W/PackageManager(  336): Unknown permission com.google.android.googleapps.permission.GOOGLE_AUTH.ALL_SERVICES in package com.android.development
W/PackageManager(  336): Unknown permission com.google.android.googleapps.permission.GOOGLE_AUTH.YouTubeUser in package com.android.development
W/PackageManager(  336): Not granting permission android.permission.DELETE_PACKAGES to package com.svox.pico (protectionLevel=18 flags=0x8be45)
W/PackageManager(  336): Not granting permission android.permission.DEVICE_POWER to package com.android.deskclock (protectionLevel=2 flags=0x48be45)
D/dalvikvm(  336): GC_EXPLICIT freed 313K, 67% free 4279K/12712K, paused 4ms+3ms, total 53ms
I/SystemServer(  336): Entropy Mixer
W/EntropyMixer(  336): No existing entropy file -- first boot?
I/EntropyMixer(  336): Writing entropy...
I/SystemServer(  336): User Service
I/SystemServer(  336): Account Manager
I/SystemServer(  336): Content Manager
I/SystemServer(  336): System Content Providers
I/SyncManager(  336): No initial accounts
I/SyncManager(  336): No initial status
W/SyncManagerFile(  336): Error reading pending data.
W/SyncManagerFile(  336): java.io.FileNotFoundException: /data/system/sync/pending.xml: open failed: ENOENT (No such file or directory)
W/SyncManagerFile(  336): 	at libcore.io.IoBridge.open(IoBridge.java:409)
W/SyncManagerFile(  336): 	at java.io.FileInputStream.<init>(FileInputStream.java:78)
W/SyncManagerFile(  336): 	at android.util.AtomicFile.openRead(AtomicFile.java:199)
W/SyncManagerFile(  336): 	at com.android.server.content.SyncStorageEngine.readPendingOperationsLocked(SyncStorageEngine.java:2286)
W/SyncManagerFile(  336): 	at com.android.server.content.SyncStorageEngine.<init>(SyncStorageEngine.java:434)
W/SyncManagerFile(  336): 	at com.android.server.content.SyncStorageEngine.init(SyncStorageEngine.java:454)
W/SyncManagerFile(  336): 	at com.android.server.content.SyncManager.<init>(SyncManager.java:383)
W/SyncManagerFile(  336): 	at com.android.server.content.ContentService.getSyncManager(ContentService.java:75)
W/SyncManagerFile(  336): 	at com.android.server.content.ContentService.notifyChange(ContentService.java:283)
W/SyncManagerFile(  336): 	at android.content.ContentResolver.notifyChange(ContentResolver.java:1621)
W/SyncManagerFile(  336): 	at com.android.providers.settings.SettingsProvider.sendNotify(SettingsProvider.java:262)
W/SyncManagerFile(  336): 	at com.android.providers.settings.SettingsProvider.insertForUser(SettingsProvider.java:941)
W/SyncManagerFile(  336): 	at com.android.providers.settings.SettingsProvider.ensureAndroidIdIsSet(SettingsProvider.java:496)
W/SyncManagerFile(  336): 	at com.android.providers.settings.SettingsProvider.establishDbTracking(SettingsProvider.java:409)
W/SyncManagerFile(  336): 	at com.android.providers.settings.SettingsProvider.onCreate(SettingsProvider.java:335)
W/SyncManagerFile(  336): 	at android.content.ContentProvider.attachInfo(ContentProvider.java:1591)
W/SyncManagerFile(  336): 	at android.content.ContentProvider.attachInfo(ContentProvider.java:1562)
W/SyncManagerFile(  336): 	at android.app.ActivityThread.installProvider(ActivityThread.java:4774)
W/SyncManagerFile(  336): 	at android.app.ActivityThread.installContentProviders(ActivityThread.java:4369)
W/SyncManagerFile(  336): 	at android.app.ActivityThread.installSystemProviders(ActivityThread.java:4929)
W/SyncManagerFile(  336): 	at com.android.server.am.ActivityManagerService.installSystemProviders(ActivityManagerService.java:8081)
W/SyncManagerFile(  336): 	at com.android.server.ServerThread.initAndLoop(SystemServer.java:275)
W/SyncManagerFile(  336): 	at com.android.server.SystemServer.main(SystemServer.java:1179)
W/SyncManagerFile(  336): 	at java.lang.reflect.Method.invokeNative(Native Method)
W/SyncManagerFile(  336): 	at java.lang.reflect.Method.invoke(Method.java:515)
W/SyncManagerFile(  336): 	at com.android.internal.os.ZygoteInit$MethodAndArgsCaller.run(ZygoteInit.java:785)
W/SyncManagerFile(  336): 	at com.android.internal.os.ZygoteInit.main(ZygoteInit.java:601)
W/SyncManagerFile(  336): 	at dalvik.system.NativeStart.main(Native Method)
W/SyncManagerFile(  336): Caused by: libcore.io.ErrnoException: open failed: ENOENT (No such file or directory)
W/SyncManagerFile(  336): 	at libcore.io.Posix.open(Native Method)
W/SyncManagerFile(  336): 	at libcore.io.BlockGuardOs.open(BlockGuardOs.java:110)
W/SyncManagerFile(  336): 	at libcore.io.IoBridge.open(IoBridge.java:393)
W/SyncManagerFile(  336): 	... 27 more
I/SyncManager(  336): No initial statistics
D/SettingsProvider(  336): Generated and saved new ANDROID_ID [482eb6469c56f31c] for user 0
I/SystemServer(  336): Lights Service
I/SystemServer(  336): Battery Service
E/ConsumerIrService(  336): Can't open consumer IR HW Module, error: -2
I/SystemServer(  336): Vibrator Service
I/SystemServer(  336): Consumer IR Service
W/libsuspend(  336): Error writing 'on' to /sys/power/state: Invalid argument
E/libsuspend(  336): Error opening /sys/power/autosleep: No such file or directory
I/libsuspend(  336): Selected wakeup count
D/PermissionCache(   58): checking android.permission.ACCESS_SURFACE_FLINGER for uid=1000 => granted (3456 us)
D/SurfaceFlinger(   58): Screen acquired, type=0 flinger=0xb7c5f450
D/SurfaceFlinger(   58):  screen was previously acquired
I/SystemServer(  336): Alarm Manager
I/SystemServer(  336): Init Watchdog
I/SystemServer(  336): Input Manager
I/InputManager(  336): Initializing input manager, mUseDevInputEventForAudioJack=false
I/SystemServer(  336): Window Manager
I/WindowManager(  336): No existing display settings /data/system/display_settings.xml; starting empty
D/dalvikvm(  336): GC_CONCURRENT freed 266K, 65% free 4523K/12712K, paused 27ms+6ms, total 160ms
I/WindowManager(  336): No keyguard interface!
I/InputManager(  336): Starting input manager
I/SystemServer(  336): No Bluetooh Service (emulator)
I/SystemServer(  336): Input Method Service
E/EventHub(  336): could not get driver version for /dev/input/mouse0, Not a typewriter
W/EventHub(  336): Unable to disable kernel key repeat for /dev/input/event0: Function not implemented
I/EventHub(  336): New device: id=1, fd=93, path='/dev/input/event0', name='qwerty2', classes=0x2d, configuration='/system/usr/idc/qwerty2.idc', keyLayout='/system/usr/keylayout/qwerty.kl', keyCharacterMap='/system/usr/keychars/qwerty2.kcm', builtinKeyboard=true, usingSuspendBlockIoctl=true, usingClockIoctl=true
E/EventHub(  336): could not get driver version for /dev/input/mice, Not a typewriter
I/InputReader(  336): Device added: id=-1, name='Virtual', sources=0x00000301
I/InputReader(  336):   Touch device 'qwerty2' could not query the properties of its associated display.  The device will be inoperable until the display size becomes available.
I/InputReader(  336): Device added: id=0, name='qwerty2', sources=0x00011307
W/InputMethodManagerService(  336): No IME selected. Choose the most applicable IME.
I/InputMethodManagerService(  336): No default found, using com.android.inputmethod.latin/.LatinIME
I/SystemServer(  336): Accessibility Manager
I/ActivityManager(  336): Config changes=1df8 {1.0 ?mcc?mnc en_US ldltr sw480dp w480dp h864dp 160dpi lrg long port ?uimode ?night -touch -keyb/h/h tball/v s.2}
I/InputReader(  336): Reconfiguring input devices.  changes=0x00000004
I/InputReader(  336): Device reconfigured: id=0, name='qwerty2', size 480x864, orientation 0, mode 1, display id 0
I/ActivityManager(  336): Config changes=408 {1.0 ?mcc?mnc en_US ldltr sw480dp w480dp h839dp 160dpi lrg long port ?uimode ?night finger -keyb/h/h tball/v s.3}
I/SystemServer(  336): Mount Service
D/MountService(  336): got storage path: /storage/sdcard description: USB storage primary: true removable: false emulated: false mtpReserve: 0 allowMassStorage: false maxFileSize: 0
D/MountService(  336): addVolumeLocked() StorageVolume:
D/MountService(  336):     mStorageId=0 mPath=/storage/sdcard mDescriptionId=17040665 mPrimary=true 
D/MountService(  336):     mRemovable=false mEmulated=false mMtpReserveSpace=0 
D/MountService(  336):     mAllowMassStorage=false mMaxFileSize=0 mOwner=null mUuid=null 
D/MountService(  336):     mUserLabel=null mState=null 
I/SystemServer(  336): LockSettingsService
I/SystemServer(  336): Device Policy
I/SystemServer(  336): Status Bar
I/SystemServer(  336): Clipboard Service
I/SystemServer(  336): NetworkManagement Service
I/SystemServer(  336): Text Service Manager Service
W/MountService(  336): Duplicate state transition (unmounted -> unmounted) for /storage/sdcard
W/MountService(  336): getSecureContainerList() called when storage not mounted
I/SystemServer(  336): NetworkStats Service
I/PackageManager(  336): No secure containers on sdcard
W/PackageManager(  336): Not granting permission android.permission.GLOBAL_SEARCH to package com.android.quicksearchbox (protectionLevel=18 flags=0x8be45)
I/SystemServer(  336): NetworkPolicy Service
I/SystemServer(  336): Wi-Fi P2pService
W/PackageManager(  336): Unknown permission com.android.smspush.WAPPUSH_MANAGER_BIND in package com.android.phone
W/PackageManager(  336): Unknown permission com.google.android.googleapps.permission.GOOGLE_AUTH in package com.android.providers.calendar
W/PackageManager(  336): Unknown permission com.google.android.googleapps.permission.GOOGLE_AUTH.cl in package com.android.providers.calendar
W/PackageManager(  336): Unknown permission com.google.android.googleapps.permission.GOOGLE_AUTH.mail in package com.android.calendar
W/PackageManager(  336): Not granting permission android.permission.ACCESS_DOWNLOAD_MANAGER to package com.android.browser (protectionLevel=18 flags=0x9be45)
W/PackageManager(  336): Not granting permission android.permission.SEND_DOWNLOAD_COMPLETED_INTENTS to package com.android.browser (protectionLevel=2 flags=0x9be45)
W/PackageManager(  336): Not granting permission android.permission.BIND_APPWIDGET to package com.android.widgetpreview (protectionLevel=18 flags=0x8be44)
W/PackageManager(  336): Unknown permission android.permission.INSTALL_DRM in package com.android.mms
W/PackageManager(  336): Unknown permission com.google.android.googleapps.permission.GOOGLE_AUTH in package com.android.settings
W/PackageManager(  336): Unknown permission com.google.android.googleapps.permission.ACCESS_GOOGLE_PASSWORD in package com.android.development
W/PackageManager(  336): Unknown permission com.google.android.googleapps.permission.GOOGLE_AUTH in package com.android.development
W/PackageManager(  336): Unknown permission com.google.android.googleapps.permission.GOOGLE_AUTH.ALL_SERVICES in package com.android.development
W/PackageManager(  336): Unknown permission com.google.android.googleapps.permission.GOOGLE_AUTH.YouTubeUser in package com.android.development
W/PackageManager(  336): Not granting permission android.permission.DELETE_PACKAGES to package com.svox.pico (protectionLevel=18 flags=0x8be45)
W/PackageManager(  336): Not granting permission android.permission.DEVICE_POWER to package com.android.deskclock (protectionLevel=2 flags=0x48be45)
D/dalvikvm(  336): GC_CONCURRENT freed 311K, 64% free 4639K/12712K, paused 5ms+5ms, total 75ms
I/SystemServer(  336): Wi-Fi Service
D/WifiController(  336): isAirplaneModeOn = false, isWifiEnabled = false, isScanningAvailable = false
I/SystemServer(  336): Connectivity Service
D/ConnectivityService(  336): ConnectivityService starting up
D/ConnectivityService(  336): wifiOnly=false
E/MobileDataStateTracker(  336): default: Ignoring feature request because could not acquire PhoneService
E/MobileDataStateTracker(  336): default: Could not enable APN type "default"
I/WifiService(  336): WifiService starting up with Wi-Fi disabled
I/SystemServer(  336): Network Service Discovery Service
D/NsdService(  336): Network service discovery enabled true
I/SystemServer(  336): UpdateLock Service
I/SystemServer(  336): Notification Manager
I/SystemServer(  336): Device Storage Monitor
I/SystemServer(  336): Location Manager
I/SystemServer(  336): Country Detector
I/SystemServer(  336): Search Service
I/SystemServer(  336): DropBox Service
I/SystemServer(  336): Wallpaper Service
W/WallpaperService(  336): no current wallpaper -- first boot?
I/SystemServer(  336): Audio Service
D/dalvikvm(  336): GC_CONCURRENT freed 243K, 63% free 4800K/12712K, paused 6ms+5ms, total 87ms
I/SystemServer(  336): Dock Observer
W/DockObserver(  336): This kernel does not have dock station support
I/SystemServer(  336): Wired Accessory Manager
W/WiredAccessoryManager(  336): This kernel does not have wired headset support
W/WiredAccessoryManager(  336): This kernel does not have usb audio support
W/WiredAccessoryManager(  336): This kernel does not have HDMI audio support
I/SystemServer(  336): USB Service
I/SystemServer(  336): Serial Service
I/SystemServer(  336): Twilight Service
I/SystemServer(  336): UI Mode Manager Service
I/SystemServer(  336): Backup Service
V/BackupManagerService(  336): Initializing package tracking
V/BackupManagerService(  336): No ancestral data
V/BackupManagerService(  336): addPackageParticipantsLocked: all
I/BackupManagerService(  336): Scheduling backup for new app com.android.calendar
D/BackupManagerService(  336): Now staging backup of com.android.calendar
I/BackupManagerService(  336): Scheduling backup for new app com.android.browser
D/BackupManagerService(  336): Now staging backup of com.android.browser
I/BackupManagerService(  336): Scheduling backup for new app com.android.providers.userdictionary
D/BackupManagerService(  336): Now staging backup of com.android.providers.userdictionary
I/BackupManagerService(  336): Scheduling backup for new app com.android.sharedstoragebackup
D/BackupManagerService(  336): Now staging backup of com.android.sharedstoragebackup
I/BackupManagerService(  336): Scheduling backup for new app android
D/BackupManagerService(  336): Now staging backup of android
I/BackupManagerService(  336): Scheduling backup for new app com.android.dialer
D/BackupManagerService(  336): Now staging backup of com.android.dialer
I/BackupManagerService(  336): Scheduling backup for new app com.android.providers.settings
D/BackupManagerService(  336): Now staging backup of com.android.providers.settings
V/BackupManagerService(  336): Starting with transport android/com.android.internal.backup.LocalTransport
V/BackupManagerService(  336): Found transports: 1
I/BackupManagerService(  336): Binding to transport host ComponentInfo{android/com.android.internal.backup.LocalTransportService}
I/BackupManagerService(  336): Backup enabled => true
I/SystemServer(  336): AppWidget Service
I/SystemServer(  336): Recognition Service
I/SystemServer(  336): DiskStats Service
I/SystemServer(  336): SamplingProfiler Service
I/SystemServer(  336): NetworkTimeUpdateService
I/SystemServer(  336): CommonTimeManagementService
I/SystemServer(  336): CertBlacklister
I/SystemServer(  336): Dreams Service
I/SystemServer(  336): Assets Atlas Service
I/SystemServer(  336): IdleMaintenanceService
I/SystemServer(  336): Print Service
D/Atlas   (  336): Computing best atlas configuration...
D/Atlas   (  336): Running Thread-50
I/WindowManager(  336): SAFE MODE not enabled
I/SystemServer(  336): Media Router Service
D/Atlas   (  336): Found best atlas configuration in 0.09s
D/Atlas   (  336): Loaded configuration: SliceMinArea (768x768) flags=0x2 count=24
E/SQLiteLog(  336): (1) no such table: locksettings
D/gralloc_goldfish(  336): Emulator without GPU emulation detected.
I/LockSettingsService(  336): Migrated lock settings to new location
I/LockSettingsService(  336): Migrated per-user lock settings to new location
D/dalvikvm(  336): GC_CONCURRENT freed 317K, 61% free 4966K/12712K, paused 32ms+4ms, total 197ms
W/AssetAtlasService(  336): Could not find EGL configuration
D/Atlas   (  336): Rendered atlas in 20.77ms (17.64+3.12ms)
I/Zygote  (  336): Process: zygote socket opened
V/KeyguardServiceDelegate(  336): *** Keyguard started
V/KeyguardServiceDelegate(  336): onSystemReady() called before keyguard service was ready
I/ActivityManager(  336): Start proc com.android.systemui for service com.android.keyguard/.KeyguardService: pid=451 uid=10007 gids={50007, 1028, 1015, 1035, 3002, 3001}
F/SystemServer(  336): BOOT FAILURE making Package Manager Service ready
F/SystemServer(  336): java.lang.SecurityException: Unable to find app for caller android.app.ActivityThread$ApplicationThread@b3365d48 (pid=336) when registering receiver android.app.LoadedApk$ReceiverDispatcher$InnerReceiver@b2d40968
F/SystemServer(  336): 	at com.android.server.am.ActivityManagerService.registerReceiver(ActivityManagerService.java:13021)
F/SystemServer(  336): 	at android.app.ContextImpl.registerReceiverInternal(ContextImpl.java:1450)
F/SystemServer(  336): 	at android.app.ContextImpl.registerReceiverAsUser(ContextImpl.java:1425)
F/SystemServer(  336): 	at com.android.internal.content.PackageMonitor.register(PackageMonitor.java:84)
F/SystemServer(  336): 	at com.android.server.pm.UserManagerService.systemReady(UserManagerService.java:237)
F/SystemServer(  336): 	at com.android.server.pm.PackageManagerService.systemReady(PackageManagerService.java:10476)
F/SystemServer(  336): 	at com.android.server.ServerThread.initAndLoop(SystemServer.java:893)
F/SystemServer(  336): 	at com.android.server.SystemServer.main(SystemServer.java:1179)
F/SystemServer(  336): 	at java.lang.reflect.Method.invokeNative(Native Method)
F/SystemServer(  336): 	at java.lang.reflect.Method.invoke(Method.java:515)
F/SystemServer(  336): 	at com.android.internal.os.ZygoteInit$MethodAndArgsCaller.run(ZygoteInit.java:785)
F/SystemServer(  336): 	at com.android.internal.os.ZygoteInit.main(ZygoteInit.java:601)
F/SystemServer(  336): 	at dalvik.system.NativeStart.main(Native Method)
W/SystemServer(  336): ***********************************************
I/ActivityManager(  336): Sending system update to ComponentInfo{com.android.providers.calendar/com.android.providers.calendar.CalendarUpgradeReceiver} for user 0
I/ActivityManager(  336): Sending system update to ComponentInfo{com.android.providers.contacts/com.android.providers.contacts.ContactsUpgradeReceiver} for user 0
I/ActivityManager(  336): Sending system update to ComponentInfo{com.android.providers.media/com.android.providers.media.MediaUpgradeReceiver} for user 0
I/SystemServer(  336): Enabled StrictMode for system server main thread.
I/ActivityManager(  336): Start proc com.android.providers.calendar for broadcast com.android.providers.calendar/.CalendarUpgradeReceiver: pid=462 uid=10001 gids={50001, 3003, 1028, 1015}
I/Choreographer(  336): Skipped 48 frames!  The application may be doing too much work on its main thread.
W/InputMethodManagerService(  336): Focus gain on non-focused client android.view.inputmethod.InputMethodManager$1@b31cba08 (uid=1000 pid=336)
V/BackupManagerService(  336): Connected to transport ComponentInfo{android/com.android.internal.backup.LocalTransportService}
V/BackupManagerService(  336): Registering transport android/com.android.internal.backup.LocalTransportService::android/com.android.internal.backup.LocalTransport = com.android.internal.backup.LocalTransport@b330ad00
I/ActivityManager(  336): Launching preboot mode app: ProcessRecord{b2fe92e0 462:com.android.providers.calendar/u0a1}
E/SoundPool(  451): error loading /system/media/audio/ui/Lock.ogg
W/KeyguardViewMediator(  451): failed to load lock sound from /system/media/audio/ui/Lock.ogg
E/SoundPool(  451): error loading /system/media/audio/ui/Unlock.ogg
W/KeyguardViewMediator(  451): failed to load unlock sound from /system/media/audio/ui/Unlock.ogg
V/KeyguardService(  451): onCreate()
V/KeyguardServiceDelegate(  336): *** Keyguard connected (yay!)
V/KeyguardServiceDelegate(  336): **** SHOWN CALLED ****
I/ActivityManager(  336): Start proc android.process.acore for broadcast com.android.providers.contacts/.ContactsUpgradeReceiver: pid=481 uid=10002 gids={50002, 3003, 1028, 1015}
D/dalvikvm(  336): GC_CONCURRENT freed 345K, 60% free 5105K/12712K, paused 5ms+4ms, total 112ms
I/ActivityManager(  336): Launching preboot mode app: ProcessRecord{b363f3a8 481:android.process.acore/u0a2}
I/ContactsUpgradeReceiver(  481): Creating or opening contacts database
I/ContactsDatabaseHelper(  481): Bootstrapping database version: 803
D/dalvikvm(  481): GC_CONCURRENT freed 398K, 15% free 2811K/3276K, paused 226ms+2ms, total 265ms
D/dalvikvm(  481): WAIT_FOR_CONCURRENT_GC blocked 40ms
I/ContactsProviderV1(  481): Bootstrapping database legacy support
D/dalvikvm(  481): GC_CONCURRENT freed 366K, 14% free 2879K/3316K, paused 4ms+1ms, total 30ms
I/ContactsDatabaseHelper(  481): Bootstrapping database version: 803
D/dalvikvm(  481): GC_CONCURRENT freed 348K, 13% free 2932K/3348K, paused 3ms+3ms, total 40ms
I/ContactsProviderV1(  481): Bootstrapping database legacy support
I/ContactsProvider(  481): Locale has changed from null to en_US
I/ContactsDatabaseHelper(  481): Switching to locale en_US (ICU v51.1.0.1)
D/dalvikvm(  481): GC_CONCURRENT freed 297K, 11% free 3033K/3400K, paused 14ms+1ms, total 41ms
I/ContactsDatabaseHelper(  481): Locale change completed in 537ms
I/ContactsDatabaseHelper(  481): Switching to locale en_US (ICU v51.1.0.1)
D/dalvikvm(  481): GC_CONCURRENT freed 373K, 13% free 3059K/3504K, paused 4ms+4ms, total 45ms
I/ContactsDatabaseHelper(  481): Locale change completed in 462ms
I/ActivityManager(  336): Start proc android.process.media for broadcast com.android.providers.media/.MediaUpgradeReceiver: pid=499 uid=10005 gids={50005, 1028, 1015, 1023, 1024, 2001, 3003, 3007}
I/ActivityManager(  336): Launching preboot mode app: ProcessRecord{b3342130 499:android.process.media/u0a5}
I/ActivityManager(  336): Writing new set of last done pre-boot receivers...
I/ActivityManager(  336): Removing system update proc: ProcessRecord{b2fe92e0 462:com.android.providers.calendar/u0a1}
I/ActivityManager(  336): Killing 462:com.android.providers.calendar/u0a1 (adj 13): system update done
I/ActivityManager(  336): Removing system update proc: ProcessRecord{b363f3a8 481:android.process.acore/u0a2}
I/ActivityManager(  336): Killing 481:android.process.acore/u0a2 (adj 11): system update done
I/ActivityManager(  336): Removing system update proc: ProcessRecord{b3342130 499:android.process.media/u0a5}
I/ActivityManager(  336): Killing 499:android.process.media/u0a5 (adj 9): system update done
I/ActivityManager(  336): System now ready
I/SystemServer(  336): Making services ready
D/NetworkManagementService(  336): enabling bandwidth control
I/Vold    (   53): /dev/block/vold/179:0 being considered for volume sdcard
D/Vold    (   53): Volume sdcard state changing 1 (Idle-Unmounted) -> 3 (Checking)
D/MountService(  336): volume state changed for /storage/sdcard (unmounted -> checking)
D/MountService(  336): sendStorageIntent Intent { act=android.intent.action.MEDIA_CHECKING dat=file:///storage/sdcard (has extras) } to UserHandle{-1}
D/SystemUIService(  451): loading: class com.android.systemui.recent.Recents
D/SystemUIService(  451): running: com.android.systemui.recent.Recents@b2d2d010
D/SystemUIService(  451): loading: class com.android.systemui.statusbar.SystemBars
D/SystemUIService(  451): running: com.android.systemui.statusbar.SystemBars@b2d2d5f8
D/SystemUIService(  451): loading: class com.android.systemui.usb.StorageNotification
D/SystemUIService(  451): running: com.android.systemui.usb.StorageNotification@b2d2f348
D/SystemUIService(  451): loading: class com.android.systemui.power.PowerUI
D/SystemUIService(  451): running: com.android.systemui.power.PowerUI@b2d30c00
D/SystemUIService(  451): loading: class com.android.systemui.media.RingtonePlayer
D/SystemUIService(  451): running: com.android.systemui.media.RingtonePlayer@b2d319e0
D/SystemUIService(  451): loading: class com.android.systemui.settings.SettingsUI
D/SystemUIService(  451): running: com.android.systemui.settings.SettingsUI@b2d32cc8
I/fsck_msdos(   53): ** /dev/block/vold/179:0
I/fsck_msdos(   53): Invalid signature in fsinfo block
I/fsck_msdos(   53): FIXED
I/fsck_msdos(   53): ** Phase 1 - Read and Compare FATs
I/fsck_msdos(   53): Attempting to allocate 794 KB for FAT
D/dalvikvm(  336): GC_CONCURRENT freed 394K, 59% free 5222K/12712K, paused 51ms+61ms, total 360ms
I/StatusBarManagerService(  336): registerStatusBar bar=com.android.internal.statusbar.IStatusBar$Stub$Proxy@b35737a0
I/fsck_msdos(   53): Attempting to allocate 794 KB for FAT
D/PhoneStatusBar(  451): mSettingsPanelGravity = 55
I/fsck_msdos(   53): ** Phase 2 - Check Cluster Chains
I/fsck_msdos(   53): ** Phase 3 - Checking Directories
I/fsck_msdos(   53): ** Phase 4 - Checking for Lost Files
I/fsck_msdos(   53): Free space in FSInfo block (201592) not correct (201591)
I/fsck_msdos(   53): FIXED
I/fsck_msdos(   53): 1 files, 100795 free (201591 clusters)
I/Vold    (   53): Filesystem check completed OK
D/dalvikvm(  451): GC_CONCURRENT freed 283K, 12% free 2825K/3176K, paused 4ms+2ms, total 296ms
W/Vold    (   53): blkid failed to identify /dev/block/vold/179:0
D/Vold    (   53): Volume sdcard state changing 3 (Checking) -> 4 (Mounted)
I/PackageManager(  336): Updating external media status from unmounted to mounted
D/MountService(  336): volume state changed for /storage/sdcard (checking -> mounted)
D/MountService(  336): sendStorageIntent Intent { act=android.intent.action.MEDIA_MOUNTED dat=file:///storage/sdcard (has extras) } to UserHandle{-1}
I/PackageManager(  336): No secure containers on sdcard
E/VoldConnector(  336): NDC Command {3 volume mount /storage/sdcard} took too long (1051ms)
D/dalvikvm(  451): GC_FOR_ALLOC freed 35K, 8% free 2947K/3176K, paused 25ms, total 27ms
W/PackageManager(  336): Not granting permission android.permission.GLOBAL_SEARCH to package com.android.quicksearchbox (protectionLevel=18 flags=0x88be45)
W/PackageManager(  336): Unknown permission com.android.smspush.WAPPUSH_MANAGER_BIND in package com.android.phone
W/PackageManager(  336): Unknown permission com.google.android.googleapps.permission.GOOGLE_AUTH in package com.android.providers.calendar
W/PackageManager(  336): Unknown permission com.google.android.googleapps.permission.GOOGLE_AUTH.cl in package com.android.providers.calendar
W/PackageManager(  336): Unknown permission com.google.android.googleapps.permission.GOOGLE_AUTH.mail in package com.android.calendar
W/PackageManager(  336): Not granting permission android.permission.ACCESS_DOWNLOAD_MANAGER to package com.android.browser (protectionLevel=18 flags=0x89be45)
W/PackageManager(  336): Not granting permission android.permission.SEND_DOWNLOAD_COMPLETED_INTENTS to package com.android.browser (protectionLevel=2 flags=0x89be45)
W/PackageManager(  336): Not granting permission android.permission.BIND_APPWIDGET to package com.android.widgetpreview (protectionLevel=18 flags=0x8be44)
W/PackageManager(  336): Unknown permission android.permission.INSTALL_DRM in package com.android.mms
W/PackageManager(  336): Unknown permission com.google.android.googleapps.permission.GOOGLE_AUTH in package com.android.settings
W/PackageManager(  336): Unknown permission com.google.android.googleapps.permission.ACCESS_GOOGLE_PASSWORD in package com.android.development
W/PackageManager(  336): Unknown permission com.google.android.googleapps.permission.GOOGLE_AUTH in package com.android.development
W/PackageManager(  336): Unknown permission com.google.android.googleapps.permission.GOOGLE_AUTH.ALL_SERVICES in package com.android.development
W/PackageManager(  336): Unknown permission com.google.android.googleapps.permission.GOOGLE_AUTH.YouTubeUser in package com.android.development
W/PackageManager(  336): Not granting permission android.permission.DELETE_PACKAGES to package com.svox.pico (protectionLevel=18 flags=0x88be45)
W/PackageManager(  336): Not granting permission android.permission.DEVICE_POWER to package com.android.deskclock (protectionLevel=2 flags=0xc8be45)
E/BluetoothAdapter(  451): Bluetooth binder is null
E/BluetoothAdapter(  451): Bluetooth binder is null
D/dalvikvm(  451): GC_CONCURRENT freed 58K, 5% free 3302K/3452K, paused 4ms+4ms, total 85ms
E/BluetoothAdapter(  451): Bluetooth binder is null
E/BluetoothAdapter(  451): Bluetooth binder is null
D/PhoneStatusBar(  451): disable: < expand icons alerts ticker system_info back home recent clock search >
I/ActivityManager(  336): Start proc android.process.acore for content provider com.android.providers.contacts/.ContactsProvider2: pid=544 uid=10002 gids={50002, 3003, 1028, 1015}
E/BluetoothAdapter(  451): Bluetooth binder is null
D/PhoneStatusBar(  451): heads up is disabled
I/Choreographer(  451): Skipped 442 frames!  The application may be doing too much work on its main thread.
E/NetdConnector(  336): NDC Command {1 bandwidth enable} took too long (3883ms)
D/dalvikvm(  451): GC_CONCURRENT freed 137K, 6% free 3553K/3760K, paused 5ms+89ms, total 213ms
D/dalvikvm(  336): GC_CONCURRENT freed 614K, 60% free 5137K/12712K, paused 31ms+5ms, total 487ms
D/dalvikvm(  544): GC_CONCURRENT freed 248K, 10% free 2932K/3248K, paused 4ms+17ms, total 165ms
I/Choreographer(  451): Skipped 310 frames!  The application may be doing too much work on its main thread.
D/gralloc_goldfish(  451): Emulator without GPU emulation detected.
I/Choreographer(  451): Skipped 40 frames!  The application may be doing too much work on its main thread.
E/NetdConnector(  336): NDC Command {4 bandwidth setglobalalert 2097152} took too long (527ms)
I/ContactLocale(  544): AddressBook Labels [en_US]: [, A, B, C, D, E, F, G, H, I, J, K, L, M, N, O, P, Q, R, S, T, U, V, W, X, Y, Z, , , , , , , , , , , , , , , , , , , , , , , , , , , , , , , , , , , , , , , , , , , , , , , , , , , , , , , , , , , , , , , , , , , , , , , , , , , , , , , , , , , , , , , , , , , , , , , , , , , , , , , , , , , , , , , , , , , , , , , , , , , , , , , , , , , , , , , , , , , , , , , , , , , , , , , , , , , , , , , , , , , , , , , , , , , , , , , , , , , , , , #, ]
E/NetdConnector(  336): NDC Command {5 firewall disable} took too long (518ms)
I/ActivityManager(  336): Config changes=200 {1.0 ?mcc?mnc en_US ldltr sw480dp w480dp h839dp 160dpi lrg long port finger -keyb/h/h tball/v s.4}
W/RecognitionManagerService(  336): no available voice recognition services found for user 0
D/PhoneStatusBar(  451): mSettingsPanelGravity = 55
W/AppWidgetServiceImpl(  336): Failed to read state: java.io.FileNotFoundException: /data/system/users/0/appwidgets.xml: open failed: ENOENT (No such file or directory)
W/InputMethodManagerService(  336): Ignoring setImeWindowStatus of uid 1000 token: null
W/InputMethodUtils(  336): Found no subtypes in a system IME: com.android.inputmethod.pinyin
W/InputMethodManagerService(  336): Reset the default IME as "Resource" is ready here.
W/InputMethodUtils(  336): Found no subtypes in a system IME: com.android.inputmethod.pinyin
I/InputMethodManagerService(  336): Selected default: com.android.inputmethod.latin/.LatinIME
I/ActivityManager(  336): Config changes=20 {1.0 ?mcc?mnc en_US ldltr sw480dp w480dp h839dp 160dpi lrg long port finger -keyb/v/h tball/v s.5}
I/ActivityManager(  336): Start proc com.android.inputmethod.latin for service com.android.inputmethod.latin/.LatinIME: pid=591 uid=10029 gids={50029, 1028, 1015}
V/InputMethodManagerService(  336): Adding window token: android.os.Binder@b3251fc0
W/InputMethodManagerService(  336): Illegal subtype state: old subtype = null, new subtype = android.view.inputmethod.InputMethodSubtype@c9194f98
D/dalvikvm(  451): GC_FOR_ALLOC freed 95K, 6% free 3561K/3760K, paused 110ms, total 112ms
W/GpsLocationProvider(  336): Could not open GPS configuration file /etc/gps.conf
W/ServiceWatcher(  336): com.google.android.location not found
W/ServiceWatcher(  336): com.google.android.location not found
W/ServiceWatcher(  336): com.google.android.location not found
W/LocationManagerService(  336): no network location provider found
W/ServiceWatcher(  336): com.google.android.location not found
E/FlpHardwareProvider(  336): Error hw_get_module 'flp': -2
W/ServiceWatcher(  336): com.google.android.location not found
E/FlpHardwareProvider(  336): Error hw_get_module 'flp': -2
W/ServiceWatcher(  336): com.google.android.location not found
E/LocationManagerService(  336): no geocoder provider found
E/LocationManagerService(  336): No FusedProvider found.
E/LocationManagerService(  336): no geofence provider found
I/CommonTimeManagementService(  336): No common time service detected on this platform.  Common time services will be unavailable.
I/InputReader(  336): Reconfiguring input devices.  changes=0x00000020
I/dalvikvm-heap(  451): Grow heap (frag case) to 6.471MB for 3072016-byte allocation
D/dalvikvm(  451): GC_FOR_ALLOC freed 4K, 4% free 6557K/6764K, paused 133ms, total 133ms
D/dalvikvm(  336): GC_CONCURRENT freed 457K, 59% free 5292K/12712K, paused 36ms+42ms, total 294ms
D/dalvikvm(  336): WAIT_FOR_CONCURRENT_GC blocked 168ms
D/dalvikvm(  336): WAIT_FOR_CONCURRENT_GC blocked 170ms
D/dalvikvm(  336): WAIT_FOR_CONCURRENT_GC blocked 157ms
I/ActivityManager(  336): Start proc com.android.phone for added application com.android.phone: pid=602 uid=1001 gids={41001, 3002, 3001, 3003, 1028, 1015}
D/dalvikvm(  336): WAIT_FOR_CONCURRENT_GC blocked 80ms
I/InputReader(  336): Reconfiguring input devices.  changes=0x00000010
I/ActivityManager(  336): START u0 {act=android.intent.action.MAIN cat=[android.intent.category.HOME] flg=0x10000000 cmp=com.android.settings/.CryptKeeper} from pid 0
D/dalvikvm(  451): GC_CONCURRENT freed 0K, 4% free 6558K/6764K, paused 4ms+52ms, total 160ms
I/ActivityManager(  336): Start proc com.android.settings for activity com.android.settings/.CryptKeeper: pid=618 uid=1000 gids={41000, 1028, 1015, 3002, 3001, 3003}
I/ActivityManager(  336): Start proc android.process.media for broadcast com.android.providers.downloads/.DownloadReceiver: pid=628 uid=10005 gids={50005, 1028, 1015, 1023, 1024, 2001, 3003, 3007}
D/dalvikvm(   59): GC_EXPLICIT freed 37K, 4% free 2705K/2812K, paused 3ms+2ms, total 58ms
D/dalvikvm(   59): GC_EXPLICIT freed <1K, 4% free 2705K/2812K, paused 2ms+2ms, total 42ms
D/dalvikvm(   59): WAIT_FOR_CONCURRENT_GC blocked 1ms
D/dalvikvm(   59): GC_EXPLICIT freed <1K, 4% free 2705K/2812K, paused 2ms+2ms, total 42ms
I/FusedLocation(  336): engine started (com.android.location.fused)
D/dalvikvm(  451): GC_FOR_ALLOC freed 3003K, 6% free 3563K/3760K, paused 78ms, total 84ms
I/dalvikvm-heap(  451): Grow heap (frag case) to 6.472MB for 3072016-byte allocation
D/dalvikvm(  451): GC_CONCURRENT freed <1K, 3% free 6563K/6764K, paused 4ms+189ms, total 302ms
I/LatinIME(  591): Hardware accelerated drawing: true
D/dalvikvm(  336): GC_CONCURRENT freed 470K, 58% free 5357K/12712K, paused 92ms+4ms, total 162ms
W/WindowManager(  336): Window freeze timeout expired.
W/WindowManager(  336): Force clearing orientation change: Window{b31d8f18 u0 StatusBar}
W/WindowManager(  336): Force clearing orientation change: Window{b2e87ec0 u0 com.android.systemui.ImageWallpaper}
D/PhoneStatusBar(  451): mSettingsPanelGravity = 55
I/ActivityManager(  336): START u0 {act=android.intent.action.MAIN cat=[android.intent.category.HOME] flg=0x10000000 cmp=com.android.sdksetup/.DefaultActivity} from pid 0
I/ActivityManager(  336): Start proc com.android.sdksetup for activity com.android.sdksetup/.DefaultActivity: pid=651 uid=10042 gids={50042}
V/StatusBar(  451): userId 0 is in the house
I/Choreographer(  451): Skipped 48 frames!  The application may be doing too much work on its main thread.
W/InputAttributes(  591): No editor info for this field. Bug?
I/ResourceUtils(  591): Found default value: resource=keypress_vibration_durations build=[HARDWARE=goldfish MODEL=sdk BRAND=generic MANUFACTURER=unknown] default=-1
I/ResourceUtils(  591): Found default value: resource=keypress_volumes build=[HARDWARE=goldfish MODEL=sdk BRAND=generic MANUFACTURER=unknown] default=-1.0f
D/dalvikvm(  591): GC_CONCURRENT freed 254K, 11% free 2911K/3236K, paused 50ms+4ms, total 305ms
I/LatinIME:LogUtils(  591): Dictionary info: dictionary = PersonalizationPredictionDictio ; version = ? ; date = 1545669959
I/LatinIME:LogUtils(  591): Dictionary info: dictionary = UserHistoryDictionary.en_US.dic ; version = ? ; date = 1545669960
I/LatinIME:LogUtils(  591): Dictionary info: dictionary = personalization.en_US.dict ; version = ? ; date = 1545669959
I/PackageManager(  336):   Action: "android.intent.action.SENDTO"
I/PackageManager(  336):   Category: "android.intent.category.DEFAULT"
I/PackageManager(  336):   Scheme: "sms"
W/BackupManagerService(  336): dataChanged but no participant pkg='com.android.providers.settings' uid=1001
I/PackageManager(  336): Adding preferred activity ComponentInfo{com.android.mms/com.android.mms.ui.ComposeMessageActivity} for user 0 :
I/ActivityManager(  336): Force stopping com.android.sdksetup appid=10042 user=0: pkg changed
I/ActivityManager(  336): Killing 651:com.android.sdksetup/u0a42 (adj 0): stop com.android.sdksetup
I/ActivityManager(  336):   Force finishing activity ActivityRecord{b2e89220 u0 com.android.sdksetup/.DefaultActivity t2}
D/dalvikvm(  602): GC_CONCURRENT freed 177K, 8% free 2931K/3176K, paused 74ms+2ms, total 492ms
I/ActivityManager(  336): START u0 {act=android.intent.action.MAIN cat=[android.intent.category.HOME] flg=0x10000000 cmp=com.android.launcher/com.android.launcher2.Launcher} from pid 0
I/PackageManager(  336):   Action: "android.intent.action.SENDTO"
I/PackageManager(  336):   Category: "android.intent.category.DEFAULT"
I/PackageManager(  336):   Scheme: "smsto"
I/PackageManager(  336): Adding preferred activity ComponentInfo{com.android.mms/com.android.mms.ui.ComposeMessageActivity} for user 0 :
D/dalvikvm(  336): GC_CONCURRENT freed 487K, 57% free 5534K/12712K, paused 7ms+26ms, total 333ms
D/dalvikvm(  336): WAIT_FOR_CONCURRENT_GC blocked 168ms
I/PackageManager(  336):   Action: "android.intent.action.SENDTO"
I/PackageManager(  336):   Category: "android.intent.category.DEFAULT"
I/PackageManager(  336):   Scheme: "mms"
I/PackageManager(  336): Adding preferred activity ComponentInfo{com.android.mms/com.android.mms.ui.ComposeMessageActivity} for user 0 :
I/ActivityManager(  336): Start proc com.android.launcher for activity com.android.launcher/com.android.launcher2.Launcher: pid=678 uid=10008 gids={50008}
I/PackageManager(  336):   Action: "android.intent.action.SENDTO"
I/PackageManager(  336):   Category: "android.intent.category.DEFAULT"
I/PackageManager(  336):   Scheme: "mmsto"
I/PackageManager(  336): Adding preferred activity ComponentInfo{com.android.mms/com.android.mms.ui.ComposeMessageActivity} for user 0 :
I/InputReader(  336): Reconfiguring input devices.  changes=0x00000010
I/PackageManager(  336):   Action: "android.intent.action.SENDTO"
I/PackageManager(  336):   Category: "android.intent.category.DEFAULT"
I/PackageManager(  336):   Scheme: "sms"
I/PackageManager(  336): Adding preferred activity ComponentInfo{com.android.mms/com.android.mms.ui.ComposeMessageActivity} for user 0 :
I/PackageManager(  336):   Action: "android.intent.action.SENDTO"
I/PackageManager(  336):   Category: "android.intent.category.DEFAULT"
I/PackageManager(  336):   Scheme: "smsto"
I/PackageManager(  336): Adding preferred activity ComponentInfo{com.android.mms/com.android.mms.ui.ComposeMessageActivity} for user 0 :
I/LatinIME:LogUtils(  591): Dictionary info: dictionary = userunigram.en_US.dict ; version = ? ; date = ?
I/PackageManager(  336):   Action: "android.intent.action.SENDTO"
I/PackageManager(  336):   Category: "android.intent.category.DEFAULT"
I/PackageManager(  336):   Scheme: "mms"
I/PackageManager(  336): Adding preferred activity ComponentInfo{com.android.mms/com.android.mms.ui.ComposeMessageActivity} for user 0 :
I/PackageManager(  336):   Action: "android.intent.action.SENDTO"
