W/dalvikvm(  921): Class 'Lcom/google/android/gms/internal/bd$a;' implements non-interface 'Lcom/google/android/gms/internal/bd;'
W/dalvikvm(  921): Class 'Lcom/google/android/gms/internal/bk$1;' implements non-interface 'Lcom/google/android/gms/internal/cx$a;'
W/dalvikvm(  921): Class 'Lcom/google/android/gms/internal/bs$a$a;' implements non-interface 'Lcom/google/android/gms/internal/bs;'
W/dalvikvm(  921): Class 'Lcom/google/android/gms/internal/bt$a$a;' implements non-interface 'Lcom/google/android/gms/internal/bt;'
W/dalvikvm(  921): Class 'Lcom/google/android/gms/internal/bt$a;' implements non-interface 'Lcom/google/android/gms/internal/bt;'
W/dalvikvm(  921): Class 'Lcom/google/android/gms/internal/cd$a$a;' implements non-interface 'Lcom/google/android/gms/internal/cd;'
W/dalvikvm(  921): Class 'Lcom/google/android/gms/internal/cd$a;' implements non-interface 'Lcom/google/android/gms/internal/cd;'
W/dalvikvm(  921): Class 'Lcom/google/android/gms/internal/cg$2;' implements non-interface 'Lcom/google/android/gms/internal/an;'
W/dalvikvm(  921): Superclass of 'Lcom/google/android/gms/internal/dc$a;' is final 'Lcom/google/android/gms/internal/db;'
W/dalvikvm(  921): Superclass of 'Lcom/google/android/gms/internal/dc$b;' is interface 'Lcom/google/android/gms/internal/dw$b;'
W/dalvikvm(  921): Superclass of 'Lcom/google/android/gms/internal/dc$c;' is final 'Lcom/google/android/gms/internal/db;'
W/dalvikvm(  921): Superclass of 'Lcom/google/android/gms/internal/dw$d;' is interface 'Lcom/google/android/gms/internal/dw$b;'
W/dalvikvm(  921): Superclass of 'Lcom/google/android/gms/internal/dw$d;' is interface 'Lcom/google/android/gms/internal/dw$b;'
W/dalvikvm(  921): Superclass of 'Lcom/google/android/gms/internal/dc$e;' is final 'Lcom/google/android/gms/internal/db;'
W/dalvikvm(  921): Superclass of 'Lcom/google/android/gms/internal/dw$d;' is interface 'Lcom/google/android/gms/internal/dw$b;'
W/dalvikvm(  921): Superclass of 'Lcom/google/android/gms/internal/dc$g;' is final 'Lcom/google/android/gms/internal/db;'
W/dalvikvm(  921): Superclass of 'Lcom/google/android/gms/internal/dc$h;' is interface 'Lcom/google/android/gms/internal/dw$b;'
W/dalvikvm(  921): Class 'Lcom/google/android/gms/internal/dd$a$a;' implements non-interface 'Lcom/google/android/gms/internal/dd;'
W/dalvikvm(  921): Class 'Lcom/google/android/gms/internal/dd$a;' implements non-interface 'Lcom/google/android/gms/internal/dd;'
W/dalvikvm(  921): Class 'Lcom/google/android/gms/internal/de$a$a;' implements non-interface 'Lcom/google/android/gms/internal/de;'
W/dalvikvm(  921): Class 'Lcom/google/android/gms/internal/eb$a;' implements non-interface 'Lcom/google/android/gms/internal/eb;'
W/dalvikvm(  921): Class 'Lcom/google/android/gms/internal/eb$a;' implements non-interface 'Lcom/google/android/gms/internal/eb;'
W/dalvikvm(  921): Superclass of 'Lcom/google/android/gms/internal/dw$h;' is interface 'Lcom/google/android/gms/internal/dw$b;'
W/dalvikvm(  921): Class 'Lcom/google/android/gms/internal/eb$a$a;' implements non-interface 'Lcom/google/android/gms/internal/eb;'
W/dalvikvm(  921): Class 'Lcom/google/android/gms/internal/ec$a$a;' implements non-interface 'Lcom/google/android/gms/internal/ec;'
W/dalvikvm(  921): Class 'Lcom/google/android/gms/internal/ec$a;' implements non-interface 'Lcom/google/android/gms/internal/ec;'
W/dalvikvm(  921): Class 'Lcom/google/android/gms/internal/ed$a$a;' implements non-interface 'Lcom/google/android/gms/internal/ed;'
W/dalvikvm(  921): Class 'Lcom/google/android/gms/internal/ed$a;' implements non-interface 'Lcom/google/android/gms/internal/ed;'
W/dalvikvm(  921): Superclass of 'Lcom/google/android/gms/internal/fl$aa;' is interface 'Lcom/google/android/gms/internal/dw$b;'
W/dalvikvm(  921): Superclass of 'Lcom/google/android/gms/internal/fl$ab;' is interface 'Lcom/google/android/gms/internal/dw$b;'
W/dalvikvm(  921): Superclass of 'Lcom/google/android/gms/internal/fl$ac;' is final 'Lcom/google/android/gms/internal/fl$a;'
W/dalvikvm(  921): Superclass of 'Lcom/google/android/gms/internal/fl$ad;' is final 'Lcom/google/android/gms/internal/fl$a;'
W/dalvikvm(  921): Superclass of 'Lcom/google/android/gms/internal/fl$ae;' is final 'Lcom/google/android/gms/internal/fl$a;'
W/dalvikvm(  921): Superclass of 'Lcom/google/android/gms/internal/fl$af;' is final 'Lcom/google/android/gms/internal/fl$a;'
W/dalvikvm(  921): Superclass of 'Lcom/google/android/gms/internal/fl$ag;' is final 'Lcom/google/android/gms/internal/fl$a;'
W/dalvikvm(  921): Superclass of 'Lcom/google/android/gms/internal/fl$ah;' is final 'Lcom/google/android/gms/internal/fl$a;'
W/dalvikvm(  921): Superclass of 'Lcom/google/android/gms/internal/fl$ai;' is interface 'Lcom/google/android/gms/internal/fk;'
W/dalvikvm(  921): Superclass of 'Lcom/google/android/gms/internal/dw$d;' is interface 'Lcom/google/android/gms/internal/dw$b;'
W/dalvikvm(  921): Superclass of 'Lcom/google/android/gms/internal/fl$ak;' is interface 'Lcom/google/android/gms/internal/fk;'
W/dalvikvm(  921): Superclass of 'Lcom/google/android/gms/internal/dw$d;' is interface 'Lcom/google/android/gms/internal/dw$b;'
W/dalvikvm(  921): Superclass of 'Lcom/google/android/gms/internal/dw$d;' is interface 'Lcom/google/android/gms/internal/dw$b;'
W/dalvikvm(  921): Superclass of 'Lcom/google/android/gms/internal/fl$am;' is interface 'Lcom/google/android/gms/internal/dw$b;'
W/dalvikvm(  921): Superclass of 'Lcom/google/android/gms/internal/fl$an;' is interface 'Lcom/google/android/gms/internal/fk;'
W/dalvikvm(  921): Superclass of 'Lcom/google/android/gms/internal/fl$ap;' is final 'Lcom/google/android/gms/internal/fl$c;'
W/dalvikvm(  921): Superclass of 'Lcom/google/android/gms/internal/fl$aq;' is interface 'Lcom/google/android/gms/internal/fk;'
W/dalvikvm(  921): Superclass of 'Lcom/google/android/gms/internal/fl$ar;' is final 'Lcom/google/android/gms/internal/fl$b;'
W/dalvikvm(  921): Superclass of 'Lcom/google/android/gms/internal/fl$as;' is final 'Lcom/google/android/gms/internal/fl$c;'
W/dalvikvm(  921): Superclass of 'Lcom/google/android/gms/internal/fl$at;' is final 'Lcom/google/android/gms/internal/fl$b;'
W/dalvikvm(  921): Superclass of 'Lcom/google/android/gms/internal/fl$au;' is interface 'Lcom/google/android/gms/internal/fk;'
W/dalvikvm(  921): Superclass of 'Lcom/google/android/gms/internal/fl$av;' is interface 'Lcom/google/android/gms/internal/dw$b;'
W/dalvikvm(  921): Superclass of 'Lcom/google/android/gms/internal/fl$aw;' is interface 'Lcom/google/android/gms/internal/fk;'
W/dalvikvm(  921): Superclass of 'Lcom/google/android/gms/internal/dw$d;' is interface 'Lcom/google/android/gms/internal/dw$b;'
W/dalvikvm(  921): Superclass of 'Lcom/google/android/gms/internal/dw$d;' is interface 'Lcom/google/android/gms/internal/dw$b;'
W/dalvikvm(  921): Superclass of 'Lcom/google/android/gms/internal/fl$az;' is interface 'Lcom/google/android/gms/internal/fk;'
W/dalvikvm(  921): Superclass of 'Lcom/google/android/gms/internal/fl$ba;' is interface 'Lcom/google/android/gms/internal/dw$b;'
W/dalvikvm(  921): Superclass of 'Lcom/google/android/gms/internal/fl$bb;' is interface 'Lcom/google/android/gms/internal/fk;'
W/dalvikvm(  921): Superclass of 'Lcom/google/android/gms/internal/dw$d;' is interface 'Lcom/google/android/gms/internal/dw$b;'
W/dalvikvm(  921): Superclass of 'Lcom/google/android/gms/internal/fl$bd;' is interface 'Lcom/google/android/gms/internal/fk;'
W/dalvikvm(  921): Superclass of 'Lcom/google/android/gms/internal/dw$d;' is interface 'Lcom/google/android/gms/internal/dw$b;'
W/dalvikvm(  921): Superclass of 'Lcom/google/android/gms/internal/fl$bf;' is interface 'Lcom/google/android/gms/internal/fk;'
W/dalvikvm(  921): Superclass of 'Lcom/google/android/gms/internal/dw$d;' is interface 'Lcom/google/android/gms/internal/dw$b;'
W/dalvikvm(  921): Superclass of 'Lcom/google/android/gms/internal/fl$bh;' is interface 'Lcom/google/android/gms/internal/fk;'
W/dalvikvm(  921): Superclass of 'Lcom/google/android/gms/internal/dw$d;' is interface 'Lcom/google/android/gms/internal/dw$b;'
W/dalvikvm(  921): Superclass of 'Lcom/google/android/gms/internal/fl$bj;' is interface 'Lcom/google/android/gms/internal/fk;'
W/dalvikvm(  921): Superclass of 'Lcom/google/android/gms/internal/fl$bk;' is interface 'Lcom/google/android/gms/internal/dw$b;'
W/dalvikvm(  921): Superclass of 'Lcom/google/android/gms/internal/dw$d;' is interface 'Lcom/google/android/gms/internal/dw$b;'
W/dalvikvm(  921): Superclass of 'Lcom/google/android/gms/internal/fl$h;' is final 'Lcom/google/android/gms/internal/fl$c;'
W/dalvikvm(  921): Superclass of 'Lcom/google/android/gms/internal/fl$i;' is final 'Lcom/google/android/gms/internal/fl$c;'
W/dalvikvm(  921): Superclass of 'Lcom/google/android/gms/internal/fl$j;' is interface 'Lcom/google/android/gms/internal/fk;'
W/dalvikvm(  921): Superclass of 'Lcom/google/android/gms/internal/dw$d;' is interface 'Lcom/google/android/gms/internal/dw$b;'
W/dalvikvm(  921): Superclass of 'Lcom/google/android/gms/internal/fl$l;' is interface 'Lcom/google/android/gms/internal/fk;'
W/dalvikvm(  921): Superclass of 'Lcom/google/android/gms/internal/fl$m;' is interface 'Lcom/google/android/gms/internal/dw$b;'
W/dalvikvm(  921): Superclass of 'Lcom/google/android/gms/internal/fl$n;' is interface 'Lcom/google/android/gms/internal/dw$b;'
W/dalvikvm(  921): Superclass of 'Lcom/google/android/gms/internal/fl$o;' is interface 'Lcom/google/android/gms/internal/fk;'
W/dalvikvm(  921): Superclass of 'Lcom/google/android/gms/internal/dw$d;' is interface 'Lcom/google/android/gms/internal/dw$b;'
W/dalvikvm(  921): Superclass of 'Lcom/google/android/gms/internal/fl$q;' is final 'Lcom/google/android/gms/internal/fl$b;'
W/dalvikvm(  921): Superclass of 'Lcom/google/android/gms/internal/fl$r;' is interface 'Lcom/google/android/gms/internal/fk;'
W/dalvikvm(  921): Superclass of 'Lcom/google/android/gms/internal/dw$d;' is interface 'Lcom/google/android/gms/internal/dw$b;'
W/dalvikvm(  921): Superclass of 'Lcom/google/android/gms/internal/fl$t;' is interface 'Lcom/google/android/gms/internal/fk;'
W/dalvikvm(  921): Superclass of 'Lcom/google/android/gms/internal/dw$d;' is interface 'Lcom/google/android/gms/internal/dw$b;'
W/dalvikvm(  921): Superclass of 'Lcom/google/android/gms/internal/fl$v;' is interface 'Lcom/google/android/gms/internal/dw$b;'
W/dalvikvm(  921): Superclass of 'Lcom/google/android/gms/internal/fl$w;' is interface 'Lcom/google/android/gms/internal/dw$b;'
W/dalvikvm(  921): Superclass of 'Lcom/google/android/gms/internal/fl$x;' is interface 'Lcom/google/android/gms/internal/fk;'
W/dalvikvm(  921): Superclass of 'Lcom/google/android/gms/internal/fl$y;' is interface 'Lcom/google/android/gms/internal/dw$b;'
W/dalvikvm(  921): Superclass of 'Lcom/google/android/gms/internal/fl$z;' is interface 'Lcom/google/android/gms/internal/dw$b;'
W/dalvikvm(  921): Class 'Lcom/google/android/gms/internal/fo$a$a;' implements non-interface 'Lcom/google/android/gms/internal/fo;'
W/dalvikvm(  921): Class 'Lcom/google/android/gms/internal/fo$a;' implements non-interface 'Lcom/google/android/gms/internal/fo;'
W/dalvikvm(  921): Class 'Lcom/google/android/gms/internal/fp$a$a;' implements non-interface 'Lcom/google/android/gms/internal/fp;'
W/dalvikvm(  921): Class 'Lcom/google/android/gms/internal/fp$a;' implements non-interface 'Lcom/google/android/gms/internal/fp;'
W/dalvikvm(  921): Superclass of 'Lcom/google/android/gms/internal/fq$b;' is final 'Lcom/google/android/gms/internal/fq;'
W/dalvikvm(  921): Superclass of 'Lcom/google/android/gms/internal/fv$1;' is final 'Lcom/google/android/gms/internal/fv$a;'
W/dalvikvm(  921): Class 'Lcom/google/android/gms/internal/gj$a$a;' implements non-interface 'Lcom/google/android/gms/internal/gj;'
W/dalvikvm(  921): Class 'Lcom/google/android/gms/internal/gk$a$a;' implements non-interface 'Lcom/google/android/gms/internal/gk;'
W/dalvikvm(  921): Class 'Lcom/google/android/gms/internal/gk$a;' implements non-interface 'Lcom/google/android/gms/internal/gk;'
W/dalvikvm(  921): Class 'Lcom/google/android/gms/internal/gl$a$a;' implements non-interface 'Lcom/google/android/gms/internal/gl;'
W/dalvikvm(  921): Superclass of 'Lcom/google/android/gms/internal/gn$a;' is interface 'Lcom/google/android/gms/internal/dw$b;'
W/dalvikvm(  921): Class 'Lcom/google/android/gms/internal/gk$a;' implements non-interface 'Lcom/google/android/gms/internal/gk;'
W/dalvikvm(  921): Superclass of 'Lcom/google/android/gms/internal/gn$d;' is interface 'Lcom/google/android/gms/internal/dw$b;'
W/dalvikvm(  921): Superclass of 'Lcom/google/android/gms/internal/hm$a;' is interface 'Lcom/google/android/gms/internal/dw$b;'
W/dalvikvm(  921): Superclass of 'Lcom/google/android/gms/internal/hm$c;' is interface 'Lcom/google/android/gms/internal/dw$b;'
W/dalvikvm(  921): Superclass of 'Lcom/google/android/gms/internal/dw$d;' is interface 'Lcom/google/android/gms/internal/dw$b;'
W/dalvikvm(  921): Superclass of 'Lcom/google/android/gms/internal/dw$d;' is interface 'Lcom/google/android/gms/internal/dw$b;'
W/dalvikvm(  921): Superclass of 'Lcom/google/android/gms/internal/hs$f;' is interface 'Lcom/google/android/gms/internal/dw$b;'
D/dalvikvm(  921): DexOpt: not verifying/optimizing 'Landroid/annotation/SuppressLint;': multiple definitions
D/dalvikvm(  921): DexOpt: not verifying/optimizing 'Landroid/annotation/TargetApi;': multiple definitions
D/ConnectivityService(  352): [CheckMp] isMobileOk: not connected ni=NetworkInfo: type: mobile_hipri[UMTS], state: DISCONNECTED/IDLE, reason: (unspecified), extra: (none), roaming: false, failover: false, isAvailable: true, isConnectedToProvisioningNetwork: false
I/dalvikvm(  921): DexOpt: illegal method access (call Lcom/google/ads/AdRequest;.<init> ()V from Lcom/google/ads/AdView;)
D/ConnectivityService(  352): [CheckMp] isMobileOk: not connected ni=NetworkInfo: type: mobile_hipri[UMTS], state: DISCONNECTED/IDLE, reason: (unspecified), extra: (none), roaming: false, failover: false, isAvailable: true, isConnectedToProvisioningNetwork: false
D/dalvikvm(  921): DexOpt: couldn't find static field Lcom/google/android/gms/internal/af;.DEVICE_ID_EMULATOR
D/dalvikvm(  921): DexOpt: couldn't find static field Lcom/google/android/gms/internal/af;.DEVICE_ID_EMULATOR
D/dalvikvm(  921): DexOpt: couldn't find static field Lcom/google/android/gms/internal/fi;.rL
D/dalvikvm(  921): DexOpt: couldn't find static field Lcom/google/android/gms/internal/fh;.MIME_TYPE
D/dalvikvm(  921): DexOpt: couldn't find static field Lcom/google/android/gms/internal/fh;.MIME_TYPE
D/dalvikvm(  921): DexOpt: couldn't find static field Lcom/google/android/gms/internal/fh;.rG
D/dalvikvm(  921): DexOpt: couldn't find static field Lcom/google/android/gms/internal/fh;.TITLE
W/dalvikvm(  921): DexOpt: method is in an interface
D/dalvikvm(  921): DexOpt: couldn't find field Lcom/google/android/gms/internal/bz;.ej
D/dalvikvm(  921): DexOpt: couldn't find static field Lcom/google/android/gms/internal/ey;.CREATOR
D/dalvikvm(  921): DexOpt: couldn't find static field Lcom/google/android/gms/internal/ey;.CREATOR
D/ConnectivityService(  352): [CheckMp] isMobileOk: not connected ni=NetworkInfo: type: mobile_hipri[UMTS], state: DISCONNECTED/IDLE, reason: (unspecified), extra: (none), roaming: false, failover: false, isAvailable: true, isConnectedToProvisioningNetwork: false
D/ConnectivityService(  352): [CheckMp] isMobileOk: not connected ni=NetworkInfo: type: mobile_hipri[UMTS], state: DISCONNECTED/IDLE, reason: (unspecified), extra: (none), roaming: false, failover: false, isAvailable: true, isConnectedToProvisioningNetwork: false
D/dalvikvm(  921): DexOpt: load 625ms, verify+opt 3975ms, 4064676 bytes
D/ConnectivityService(  352): [CheckMp] isMobileOk: not connected ni=NetworkInfo: type: mobile_hipri[UMTS], state: DISCONNECTED/IDLE, reason: (unspecified), extra: (none), roaming: false, failover: false, isAvailable: true, isConnectedToProvisioningNetwork: false
D/dalvikvm(  352): GC_CONCURRENT freed 760K, 54% free 6111K/13060K, paused 8ms+8ms, total 66ms
D/MediaScannerReceiver(  618): action: android.intent.action.MEDIA_MOUNTED path: /storage/sdcard
I/ActivityManager(  352): Force stopping com.wolf.jackpot.slots appid=10052 user=-1: update pkg
I/InputReader(  352): Reconfiguring input devices.  changes=0x00000010
I/PackageManager(  352):   Action: "android.intent.action.SENDTO"
I/PackageManager(  352):   Category: "android.intent.category.DEFAULT"
I/PackageManager(  352):   Scheme: "sms"
I/PackageManager(  352): Adding preferred activity ComponentInfo{com.android.mms/com.android.mms.ui.ComposeMessageActivity} for user 0 :
D/BackupManagerService(  352): Received broadcast Intent { act=android.intent.action.PACKAGE_ADDED dat=package:com.wolf.jackpot.slots flg=0x4000010 (has extras) }
V/BackupManagerService(  352): addPackageParticipantsLocked: #1
I/PackageManager(  352):   Action: "android.intent.action.SENDTO"
I/PackageManager(  352):   Category: "android.intent.category.DEFAULT"
I/PackageManager(  352):   Scheme: "smsto"
I/PackageManager(  352): Adding preferred activity ComponentInfo{com.android.mms/com.android.mms.ui.ComposeMessageActivity} for user 0 :
D/dalvikvm(  597): GC_CONCURRENT freed 452K, 15% free 3332K/3912K, paused 4ms+12ms, total 55ms
I/PackageManager(  352):   Action: "android.intent.action.SENDTO"
I/PackageManager(  352):   Category: "android.intent.category.DEFAULT"
I/PackageManager(  352):   Scheme: "mms"
I/PackageManager(  352): Adding preferred activity ComponentInfo{com.android.mms/com.android.mms.ui.ComposeMessageActivity} for user 0 :
I/PackageManager(  352):   Action: "android.intent.action.SENDTO"
I/PackageManager(  352):   Category: "android.intent.category.DEFAULT"
I/PackageManager(  352):   Scheme: "mmsto"
I/PackageManager(  352): Adding preferred activity ComponentInfo{com.android.mms/com.android.mms.ui.ComposeMessageActivity} for user 0 :
I/PackageManager(  352):   Action: "android.intent.action.SENDTO"
I/PackageManager(  352):   Category: "android.intent.category.DEFAULT"
I/PackageManager(  352):   Scheme: "sms"
I/PackageManager(  352): Adding preferred activity ComponentInfo{com.android.mms/com.android.mms.ui.ComposeMessageActivity} for user 0 :
I/PackageManager(  352):   Action: "android.intent.action.SENDTO"
I/PackageManager(  352):   Category: "android.intent.category.DEFAULT"
I/PackageManager(  352):   Scheme: "smsto"
I/PackageManager(  352): Adding preferred activity ComponentInfo{com.android.mms/com.android.mms.ui.ComposeMessageActivity} for user 0 :
I/PackageManager(  352):   Action: "android.intent.action.SENDTO"
I/PackageManager(  352):   Category: "android.intent.category.DEFAULT"
I/PackageManager(  352):   Scheme: "mms"
I/PackageManager(  352): Adding preferred activity ComponentInfo{com.android.mms/com.android.mms.ui.ComposeMessageActivity} for user 0 :
D/dalvikvm(  597): GC_FOR_ALLOC freed 379K, 14% free 3367K/3912K, paused 19ms, total 20ms
I/PackageManager(  352):   Action: "android.intent.action.SENDTO"
I/PackageManager(  352):   Category: "android.intent.category.DEFAULT"
I/PackageManager(  352):   Scheme: "mmsto"
I/PackageManager(  352): Adding preferred activity ComponentInfo{com.android.mms/com.android.mms.ui.ComposeMessageActivity} for user 0 :
D/dalvikvm(  597): GC_CONCURRENT freed 29K, 14% free 3372K/3912K, paused 5ms+2ms, total 49ms
D/dalvikvm(  352): GC_EXPLICIT freed 1327K, 57% free 5640K/13060K, paused 7ms+10ms, total 560ms
D/dalvikvm(  352): WAIT_FOR_CONCURRENT_GC blocked 73ms
D/dalvikvm(  352): WAIT_FOR_CONCURRENT_GC blocked 68ms
D/dalvikvm(  352): WAIT_FOR_CONCURRENT_GC blocked 66ms
D/ConnectivityService(  352): [CheckMp] isMobileOk: not connected ni=NetworkInfo: type: mobile_hipri[UMTS], state: DISCONNECTED/IDLE, reason: (unspecified), extra: (none), roaming: false, failover: false, isAvailable: true, isConnectedToProvisioningNetwork: false
D/AndroidRuntime(  807): Shutting down VM
D/dalvikvm(  807): GC_CONCURRENT freed 95K, 16% free 560K/660K, paused 4ms+1ms, total 37ms
E/BluetoothAdapter(  607): Bluetooth binder is null
I/ActivityManager(  352): Start proc com.android.music for broadcast com.android.music/.MediaButtonIntentReceiver: pid=925 uid=10032 gids={50032, 3003, 1028, 1015}
I/dalvikvm(  925): CheckJNI enabled: not enabling JNI app bug workarounds.
I/MediaFocusControl(  352):   Remote Control   registerMediaButtonIntent() for PendingIntent{b3572208: PendingIntentRecord{b35721a8 com.android.music broadcastIntent}}
I/ActivityManager(  352): Start proc com.android.calendar for broadcast com.android.calendar/.widget.CalendarAppWidgetService$CalendarFactory: pid=940 uid=10016 gids={50016, 3003}
I/InputReader(  352): Reconfiguring input devices.  changes=0x00000010
I/PackageManager(  352):   Action: "android.intent.action.SENDTO"
I/PackageManager(  352):   Category: "android.intent.category.DEFAULT"
I/PackageManager(  352):   Scheme: "sms"
I/PackageManager(  352): Adding preferred activity ComponentInfo{com.android.mms/com.android.mms.ui.ComposeMessageActivity} for user 0 :
I/PackageManager(  352):   Action: "android.intent.action.SENDTO"
I/PackageManager(  352):   Category: "android.intent.category.DEFAULT"
I/PackageManager(  352):   Scheme: "smsto"
I/PackageManager(  352): Adding preferred activity ComponentInfo{com.android.mms/com.android.mms.ui.ComposeMessageActivity} for user 0 :
I/PackageManager(  352):   Action: "android.intent.action.SENDTO"
I/PackageManager(  352):   Category: "android.intent.category.DEFAULT"
I/PackageManager(  352):   Scheme: "mms"
I/PackageManager(  352): Adding preferred activity ComponentInfo{com.android.mms/com.android.mms.ui.ComposeMessageActivity} for user 0 :
D/dalvikvm(  352): GC_CONCURRENT freed 665K, 57% free 5713K/13060K, paused 7ms+5ms, total 120ms
D/dalvikvm(  352): WAIT_FOR_CONCURRENT_GC blocked 46ms
D/dalvikvm(  352): WAIT_FOR_CONCURRENT_GC blocked 55ms
D/dalvikvm(  352): WAIT_FOR_CONCURRENT_GC blocked 55ms
D/ConnectivityService(  352): [CheckMp] isMobileOk: not connected ni=NetworkInfo: type: mobile_hipri[UMTS], state: DISCONNECTED/IDLE, reason: (unspecified), extra: (none), roaming: false, failover: false, isAvailable: true, isConnectedToProvisioningNetwork: false
I/PackageManager(  352):   Action: "android.intent.action.SENDTO"
I/PackageManager(  352):   Category: "android.intent.category.DEFAULT"
I/PackageManager(  352):   Scheme: "mmsto"
I/PackageManager(  352): Adding preferred activity ComponentInfo{com.android.mms/com.android.mms.ui.ComposeMessageActivity} for user 0 :
I/PackageManager(  352):   Action: "android.intent.action.SENDTO"
I/PackageManager(  352): Adding preferred activity ComponentInfo{com.android.mms/com.android.mms.ui.ComposeMessageActivity} for user 0 :
I/PackageManager(  352):   Category: "android.intent.category.DEFAULT"
I/PackageManager(  352):   Scheme: "sms"
D/dalvikvm(  597): GC_CONCURRENT freed 407K, 15% free 3358K/3912K, paused 12ms+2ms, total 43ms
I/PackageManager(  352):   Action: "android.intent.action.SENDTO"
I/PackageManager(  352):   Category: "android.intent.category.DEFAULT"
I/PackageManager(  352):   Scheme: "smsto"
I/PackageManager(  352): Adding preferred activity ComponentInfo{com.android.mms/com.android.mms.ui.ComposeMessageActivity} for user 0 :
I/PackageManager(  352):   Action: "android.intent.action.SENDTO"
I/PackageManager(  352):   Category: "android.intent.category.DEFAULT"
I/PackageManager(  352):   Scheme: "mms"
I/PackageManager(  352): Adding preferred activity ComponentInfo{com.android.mms/com.android.mms.ui.ComposeMessageActivity} for user 0 :
I/PackageManager(  352):   Action: "android.intent.action.SENDTO"
I/PackageManager(  352):   Category: "android.intent.category.DEFAULT"
I/PackageManager(  352):   Scheme: "mmsto"
I/PackageManager(  352): Adding preferred activity ComponentInfo{com.android.mms/com.android.mms.ui.ComposeMessageActivity} for user 0 :
D/ExtensionsFactory(  940): No custom extensions.
W/RecognitionManagerService(  352): no available voice recognition services found for user 0
D/dalvikvm(  352): GC_CONCURRENT freed 650K, 57% free 5691K/13060K, paused 18ms+4ms, total 128ms
V/MediaScanner(  618): pruneDeadThumbnailFiles... android.database.sqlite.SQLiteCursor@b2d868f0
V/MediaScanner(  618): /pruneDeadThumbnailFiles... android.database.sqlite.SQLiteCursor@b2d868f0
D/ConnectivityService(  352): [CheckMp] isMobileOk: not connected ni=NetworkInfo: type: mobile_hipri[UMTS], state: DISCONNECTED/IDLE, reason: (unspecified), extra: (none), roaming: false, failover: false, isAvailable: true, isConnectedToProvisioningNetwork: false
I/ActivityManager(  352): Start proc com.android.deskclock for broadcast com.android.deskclock/.AlarmInitReceiver: pid=959 uid=10020 gids={50020, 1028}
I/ActivityManager(  352): Start proc com.android.providers.calendar for content provider com.android.providers.calendar/.CalendarProvider2: pid=966 uid=10001 gids={50001, 3003, 1028, 1015}
D/dalvikvm(   58): GC_EXPLICIT freed 40K, 4% free 2705K/2816K, paused 3ms+2ms, total 60ms
D/dalvikvm(   58): GC_EXPLICIT freed <1K, 4% free 2705K/2816K, paused 2ms+2ms, total 43ms
D/dalvikvm(   58): GC_EXPLICIT freed <1K, 4% free 2705K/2816K, paused 12ms+2ms, total 42ms
V/AlarmClock(  959): AlarmInitReceiver android.intent.action.TIMEZONE_CHANGED
I/CalendarDatabaseHelper(  966): Bootstrapping database
I/AlarmClock(  959): Alarms Table created
I/AlarmClock(  959): Instance table created
I/AlarmClock(  959): Cities table created
I/AlarmClock(  959): Inserting default alarms
I/AlarmClock(  959): Displaying next alarm time: ''
W/BackupManagerService(  352): dataChanged but no participant pkg='com.android.providers.settings' uid=10020
V/AlarmClock(  959): AlarmInitReceiver finished
I/CalendarProvider2(  966): Created com.android.providers.calendar.CalendarAlarmManager@b2db68e0(com.android.providers.calendar.CalendarProvider2@b2da2fb8)
E/BluetoothAdapter(  607): Bluetooth binder is null
D/ConnectivityService(  352): [CheckMp] isMobileOk: not connected ni=NetworkInfo: type: mobile_hipri[UMTS], state: DISCONNECTED/IDLE, reason: (unspecified), extra: (none), roaming: false, failover: false, isAvailable: true, isConnectedToProvisioningNetwork: false
E/BluetoothAdapter(  607): Bluetooth binder is null
I/ActivityManager(  352): Start proc com.android.dialer for broadcast com.android.dialer/.calllog.CallLogReceiver: pid=988 uid=10004 gids={50004, 3003, 1028, 1015}
D/ExtensionsFactory(  988): No custom extensions.
I/ActivityManager(  352): Delay finish: com.android.dialer/.calllog.CallLogReceiver
I/ActivityManager(  352): Resuming delayed broadcast
E/BluetoothAdapter(  352): Bluetooth binder is null
E/BluetoothAdapter(  352): Bluetooth binder is null
V/WiredAccessoryManager(  352): init()
I/PowerManagerService(  352): Boot animation finished.
E/SoundPool(  352): error loading /system/media/audio/ui/Effect_Tick.ogg
W/AudioService(  352): Soundpool could not load file: /system/media/audio/ui/Effect_Tick.ogg
E/SoundPool(  352): error loading /system/media/audio/ui/Effect_Tick.ogg
W/AudioService(  352): Soundpool could not load file: /system/media/audio/ui/Effect_Tick.ogg
E/SoundPool(  352): error loading /system/media/audio/ui/Effect_Tick.ogg
W/AudioService(  352): Soundpool could not load file: /system/media/audio/ui/Effect_Tick.ogg
E/SoundPool(  352): error loading /system/media/audio/ui/Effect_Tick.ogg
W/AudioService(  352): Soundpool could not load file: /system/media/audio/ui/Effect_Tick.ogg
E/SoundPool(  352): error loading /system/media/audio/ui/Effect_Tick.ogg
W/AudioService(  352): Soundpool could not load file: /system/media/audio/ui/Effect_Tick.ogg
E/SoundPool(  352): error loading /system/media/audio/ui/KeypressStandard.ogg
W/AudioService(  352): Soundpool could not load file: /system/media/audio/ui/KeypressStandard.ogg
E/SoundPool(  352): error loading /system/media/audio/ui/KeypressSpacebar.ogg
W/AudioService(  352): Soundpool could not load file: /system/media/audio/ui/KeypressSpacebar.ogg
E/SoundPool(  352): error loading /system/media/audio/ui/KeypressDelete.ogg
W/AudioService(  352): Soundpool could not load file: /system/media/audio/ui/KeypressDelete.ogg
E/SoundPool(  352): error loading /system/media/audio/ui/KeypressReturn.ogg
W/AudioService(  352): Soundpool could not load file: /system/media/audio/ui/KeypressReturn.ogg
E/SoundPool(  352): error loading /system/media/audio/ui/KeypressInvalid.ogg
W/AudioService(  352): Soundpool could not load file: /system/media/audio/ui/KeypressInvalid.ogg
W/AudioService(  352): onLoadSoundEffects(), Error -1 while loading samples
I/RecoverySystem(  352): No recovery log file
I/BootReceiver(  352): Copying audit failures to DropBox
I/BootReceiver(  352): Checking for fsck errors
D/dalvikvm(  352): GC_CONCURRENT freed 545K, 56% free 5771K/13060K, paused 5ms+5ms, total 55ms
D/ConnectivityService(  352): [CheckMp] isMobileOk: not connected ni=NetworkInfo: type: mobile_hipri[UMTS], state: DISCONNECTED/IDLE, reason: (unspecified), extra: (none), roaming: false, failover: false, isAvailable: true, isConnectedToProvisioningNetwork: false
I/CalendarProvider2(  966): Sending notification intent: Intent { act=android.intent.action.PROVIDER_CHANGED dat=content://com.android.calendar }
W/ContentResolver(  966): Failed to get type for: content://com.android.calendar (Unknown URL content://com.android.calendar)
I/ActivityManager(  352): Delay finish: com.android.providers.media/.MediaScannerReceiver
I/ActivityManager(  352): Resuming delayed broadcast
I/ActivityManager(  352): Start proc com.android.mms for broadcast com.android.mms/.transaction.MmsSystemEventReceiver: pid=1014 uid=10009 gids={50009, 3003, 1028, 1015}
D/CountryDetector(  352): The first listener is added
I/MediaProvider(  618): Upgrading media database from version 0 to 700, which will destroy all old data
V/MmsConfig( 1014): mnc/mcc: 310260
V/MmsConfig( 1014): tag: bool value: enabledMMS - true
V/MmsConfig( 1014): tag: int value: maxMessageSize - 307200
V/MmsConfig( 1014): tag: int value: maxImageHeight - 480
V/MmsConfig( 1014): tag: int value: maxImageWidth - 640
V/MmsConfig( 1014): tag: int value: defaultSMSMessagesPerThread - 10000
V/MmsConfig( 1014): tag: int value: defaultMMSMessagesPerThread - 1000
V/MmsConfig( 1014): tag: int value: minMessageCountPerThread - 10
V/MmsConfig( 1014): tag: int value: maxMessageCountPerThread - 5000
V/MmsConfig( 1014): tag: string value: uaProfUrl - http://www.google.com/oha/rdf/ua-profile-kila.xml
V/MmsConfig( 1014): tag: int value: recipientLimit - -1
V/MmsConfig( 1014): tag: bool value: enableMultipartSMS - true
V/MmsConfig( 1014): tag: int value: smsToMmsTextThreshold - -1
V/MmsConfig( 1014): tag: bool value: enableSlideDuration - true
V/MmsConfig( 1014): tag: int value: maxMessageTextSize - -1
I/ActivityManager(  352): Delay finish: com.android.mms/.transaction.MmsSystemEventReceiver
D/Mms:app ( 1014): cancelNotification
I/ActivityManager(  352): Resuming delayed broadcast
D/ConnectivityService(  352): [CheckMp] isMobileOk: not connected ni=NetworkInfo: type: mobile_hipri[UMTS], state: DISCONNECTED/IDLE, reason: (unspecified), extra: (none), roaming: false, failover: false, isAvailable: true, isConnectedToProvisioningNetwork: false
I/ActivityManager(  352): Delay finish: com.android.mms/.transaction.SmsReceiver
D/MmsSmsDatabaseHelper(  597): [MmsSmsDb] tableName: threads hasAutoIncrement: CREATE TABLE threads (_id INTEGER PRIMARY KEY AUTOINCREMENT,date INTEGER DEFAULT 0,message_count INTEGER DEFAULT 0,recipient_ids TEXT,snippet TEXT,snippet_cs INTEGER DEFAULT 0,read INTEGER DEFAULT 1,type INTEGER DEFAULT 0,error INTEGER DEFAULT 0,has_attachment INTEGER DEFAULT 0) result: true
D/MmsSmsDatabaseHelper(  597): [MmsSmsDb] tableName: canonical_addresses hasAutoIncrement: CREATE TABLE canonical_addresses (_id INTEGER PRIMARY KEY AUTOINCREMENT,address TEXT) result: true
D/MmsSmsDatabaseHelper(  597): [MmsSmsDb] tableName: part hasAutoIncrement: CREATE TABLE part (_id INTEGER PRIMARY KEY AUTOINCREMENT,mid INTEGER,seq INTEGER DEFAULT 0,ct TEXT,name TEXT,chset INTEGER,cd TEXT,fn TEXT,cid TEXT,cl TEXT,ctt_s INTEGER,ctt_t TEXT,_data TEXT,text TEXT) result: true
D/MmsSmsDatabaseHelper(  597): [MmsSmsDb] tableName: pdu hasAutoIncrement: CREATE TABLE pdu (_id INTEGER PRIMARY KEY AUTOINCREMENT,thread_id INTEGER,date INTEGER,date_sent INTEGER DEFAULT 0,msg_box INTEGER,read INTEGER DEFAULT 0,m_id TEXT,sub TEXT,sub_cs INTEGER,ct_t TEXT,ct_l TEXT,exp INTEGER,m_cls TEXT,m_type INTEGER,v INTEGER,m_size INTEGER,pri INTEGER,rr INTEGER,rpt_a INTEGER,resp_st INTEGER,st INTEGER,tr_id TEXT,retr_st INTEGER,retr_txt TEXT,retr_txt_cs INTEGER,read_status INTEGER,ct_cls INTEGER,resp_txt TEXT,d_tm INTEGER,d_rpt INTEGER,locked INTEGER DEFAULT 0,seen INTEGER DEFAULT 0,text_only INTEGER DEFAULT 0) result: true
D/MmsSmsDatabaseHelper(  597): [getWritableDatabase] hasAutoIncrementThreads: true hasAutoIncrementAddresses: true hasAutoIncrementPart: true hasAutoIncrementPdu: true
D/dalvikvm(  597): GC_CONCURRENT freed 416K, 15% free 3327K/3912K, paused 4ms+13ms, total 42ms
D/Mms:app ( 1014): cancelNotification
I/ActivityManager(  352): Resuming delayed broadcast
D/AlertReceiver(  940): onReceive: a=android.intent.action.BOOT_COMPLETED Intent { act=android.intent.action.BOOT_COMPLETED flg=0x8000010 cmp=com.android.calendar/.alerts.AlertReceiver (has extras) }
I/ActivityManager(  352): Delay finish: com.android.calendar/.alerts.AlertReceiver
D/AlertUtils(  940): Flushing old alerts from shared prefs table
D/AlertService(  940): 0 Action = android.intent.action.BOOT_COMPLETED
D/AlertService(  940): Scheduling next alarm with AlarmScheduler. sEventReminderReceived: null
D/dalvikvm(  940): GC_CONCURRENT freed 308K, 12% free 2805K/3184K, paused 7ms+2ms, total 71ms
D/AlarmScheduler(  940): No events found starting within 1 week.
E/SQLiteLog(  618): (1) no such table: files
E/WVMExtractor(   60): Failed to open libwvm.so
D/ConnectivityService(  352): [CheckMp] isMobileOk: not connected ni=NetworkInfo: type: mobile_hipri[UMTS], state: DISCONNECTED/IDLE, reason: (unspecified), extra: (none), roaming: false, failover: false, isAvailable: true, isConnectedToProvisioningNetwork: false
D/dalvikvm(  618): GC_CONCURRENT freed 252K, 10% free 3027K/3348K, paused 5ms+3ms, total 34ms
V/MediaScanner(  618): pruneDeadThumbnailFiles... android.database.sqlite.SQLiteCursor@b2dd3750
V/MediaScanner(  618): /pruneDeadThumbnailFiles... android.database.sqlite.SQLiteCursor@b2dd3750
I/ActivityManager(  352): Resuming delayed broadcast
V/AlarmClock(  959): AlarmInitReceiver android.intent.action.BOOT_COMPLETED
D/ConnectivityService(  352): [CheckMp] isMobileOk: not connected ni=NetworkInfo: type: mobile_hipri[UMTS], state: DISCONNECTED/IDLE, reason: (unspecified), extra: (none), roaming: false, failover: false, isAvailable: true, isConnectedToProvisioningNetwork: false
V/AlarmClock(  959): AlarmInitReceiver - Reset timers and clear stopwatch data
V/AlarmClock(  959): AlarmInitReceiver - resetting volume button default
I/AlarmClock(  959): Displaying next alarm time: ''
V/AlarmClock(  959): AlarmInitReceiver finished
D/dalvikvm(  959): GC_CONCURRENT freed 388K, 14% free 2821K/3280K, paused 5ms+16ms, total 98ms
D/dalvikvm(  959): WAIT_FOR_CONCURRENT_GC blocked 49ms
I/ActivityManager(  352): Delay finish: com.android.email/.service.EmailUpgradeBroadcastReceiver
D/ConnectivityService(  352): [CheckMp] isMobileOk: not connected ni=NetworkInfo: type: mobile_hipri[UMTS], state: DISCONNECTED/IDLE, reason: (unspecified), extra: (none), roaming: false, failover: false, isAvailable: true, isConnectedToProvisioningNetwork: false
E/MetadataRetrieverClient(   60): failed to extract an album art
I/ActivityManager(  352): Resuming delayed broadcast
I/Email   (  903): Onetime initialization: 1
I/ActivityManager(  352): Delay finish: com.android.email/.service.EmailBroadcastReceiver
I/Email   (  903): Onetime initialization: 2
I/Email   (  903): Onetime initialization: completed.
I/ActivityManager(  352): Delaying start of: ServiceRecord{b32c6790 u0 com.android.exchange/.service.EmailSyncAdapterService}
I/LauncherIconVisibilityManager(  586): Boot has been completed
I/ActivityManager(  352): Resuming delayed broadcast
I/LauncherIconVisibilityManager(  586): Disable activity: ComponentInfo{com.android.inputmethod.latin/com.android.inputmethod.latin.setup.SetupActivity}
D/dalvikvm(  352): GC_CONCURRENT freed 707K, 57% free 5723K/13060K, paused 7ms+4ms, total 60ms
E/BluetoothAdapter(  607): Bluetooth binder is null
I/ActivityManager(  352): Delay finish: com.android.deskclock/com.android.alarmclock.AnalogAppWidgetProvider
E/AndroidRuntime( 1085): FATAL EXCEPTION: GLThread 95
E/AndroidRuntime( 1085): Process: com.wolf.jackpot.slots, PID: 1085
E/AndroidRuntime( 1085): java.lang.IllegalArgumentException: No configs match configSpec
E/AndroidRuntime( 1085): 	at com.ansca.corona.graphics.opengl.GLSurfaceView$BaseConfigChooser.chooseConfig(GLSurfaceView.java:877)
E/AndroidRuntime( 1085): 	at com.ansca.corona.graphics.opengl.GLSurfaceView$EglHelper.start(GLSurfaceView.java:1069)
E/AndroidRuntime( 1085): 	at com.ansca.corona.graphics.opengl.GLSurfaceView$GLThread.guardedRun(GLSurfaceView.java:1507)
E/AndroidRuntime( 1085): 	at com.ansca.corona.graphics.opengl.GLSurfaceView$GLThread.run(GLSurfaceView.java:1377)
D/dalvikvm( 1014): GC_CONCURRENT freed 249K, 11% free 2875K/3196K, paused 11ms+2ms, total 178ms
E/StrictMode( 1014): A resource was acquired at attached stack trace but never released. See java.io.Closeable for information on avoiding resource leaks.
E/StrictMode( 1014): java.lang.Throwable: Explicit termination method 'release' not called
E/StrictMode( 1014): 	at dalvik.system.CloseGuard.open(CloseGuard.java:184)
E/StrictMode( 1014): 	at android.drm.DrmManagerClient.<init>(DrmManagerClient.java:258)
E/StrictMode( 1014): 	at com.google.android.mms.pdu.PduPersister.<init>(PduPersister.java:288)
E/StrictMode( 1014): 	at com.google.android.mms.pdu.PduPersister.getPduPersister(PduPersister.java:296)
E/StrictMode( 1014): 	at com.android.mms.transaction.TransactionService.onNewIntent(TransactionService.java:224)
E/StrictMode( 1014): 	at com.android.mms.transaction.TransactionService$ServiceHandler.handleMessage(TransactionService.java:621)
E/StrictMode( 1014): 	at android.os.Handler.dispatchMessage(Handler.java:102)
E/StrictMode( 1014): 	at android.os.Looper.loop(Looper.java:136)
E/StrictMode( 1014): 	at android.os.HandlerThread.run(HandlerThread.java:61)
W/ActivityManager(  352):   Force finishing activity com.wolf.jackpot.slots/com.ansca.corona.CoronaActivity
W/InputMethodManagerService(  352): Focus gain on non-focused client com.android.internal.view.IInputMethodClient$Stub$Proxy@b3450740 (uid=10052 pid=1085)
D/ConnectivityService(  352): [CheckMp] isMobileOk: not connected ni=NetworkInfo: type: mobile_hipri[UMTS], state: DISCONNECTED/IDLE, reason: (unspecified), extra: (none), roaming: false, failover: false, isAvailable: true, isConnectedToProvisioningNetwork: false
I/ActivityManager(  352): Resuming delayed broadcast
W/BroadcastQueue(  352): Permission Denial: broadcasting Intent { act=android.appwidget.action.APPWIDGET_UPDATE_OPTIONS flg=0x10 cmp=com.android.settings/.widget.SettingsAppWidgetProvider (has extras) } from android (pid=685, uid=10008) is not exported from uid 1000 due to receiver com.android.settings/.widget.SettingsAppWidgetProvider
I/ActivityManager(  352): Start proc com.svox.pico for broadcast com.svox.pico/.VoiceDataInstallerReceiver: pid=1058 uid=10037 gids={50037, 1028, 1015}
D/ConnectivityService(  352): [CheckMp] isMobileOk: not connected ni=NetworkInfo: type: mobile_hipri[UMTS], state: DISCONNECTED/IDLE, reason: (unspecified), extra: (none), roaming: false, failover: false, isAvailable: true, isConnectedToProvisioningNetwork: false
I/WindowManager(  352): Screenshot max retries 4 of Token{b32afdf0 ActivityRecord{b35066e8 u0 com.wolf.jackpot.slots/com.ansca.corona.CoronaActivity t4 f}} appWin=Window{b31110d0 u0 Starting com.wolf.jackpot.slots} drawState=4
W/WindowManager(  352): Screenshot failure taking screenshot for (480x864) to layer 21020
E/BluetoothAdapter(  607): Bluetooth binder is null
D/AlertReceiver(  940): onReceive: a=android.intent.action.PROVIDER_CHANGED Intent { act=android.intent.action.PROVIDER_CHANGED dat=content://com.android.calendar flg=0x10 cmp=com.android.calendar/.alerts.AlertReceiver }
I/ActivityManager(  352): Delay finish: com.android.calendar/.alerts.AlertReceiver
D/AlertService(  940): 0 Action = android.intent.action.PROVIDER_CHANGED
D/ConnectivityService(  352): [CheckMp] isMobileOk: not connected ni=NetworkInfo: type: mobile_hipri[UMTS], state: DISCONNECTED/IDLE, reason: (unspecified), extra: (none), roaming: false, failover: false, isAvailable: true, isConnectedToProvisioningNetwork: false
D/ConnectivityService(  352): [CheckMp] isMobileOk: not connected ni=NetworkInfo: type: mobile_hipri[UMTS], state: DISCONNECTED/IDLE, reason: (unspecified), extra: (none), roaming: false, failover: false, isAvailable: true, isConnectedToProvisioningNetwork: false
D/ConnectivityService(  352): [CheckMp] isMobileOk: not connected ni=NetworkInfo: type: mobile_hipri[UMTS], state: DISCONNECTED/IDLE, reason: (unspecified), extra: (none), roaming: false, failover: false, isAvailable: true, isConnectedToProvisioningNetwork: false
D/ConnectivityService(  352): [CheckMp] isMobileOk: not connected ni=NetworkInfo: type: mobile_hipri[UMTS], state: DISCONNECTED/IDLE, reason: (unspecified), extra: (none), roaming: false, failover: false, isAvailable: true, isConnectedToProvisioningNetwork: false
D/ConnectivityService(  352): [CheckMp] isMobileOk: not connected ni=NetworkInfo: type: mobile_hipri[UMTS], state: DISCONNECTED/IDLE, reason: (unspecified), extra: (none), roaming: false, failover: false, isAvailable: true, isConnectedToProvisioningNetwork: false
D/ConnectivityService(  352): [CheckMp] isMobileOk: not connected ni=NetworkInfo: type: mobile_hipri[UMTS], state: DISCONNECTED/IDLE, reason: (unspecified), extra: (none), roaming: false, failover: false, isAvailable: true, isConnectedToProvisioningNetwork: false
I/ActivityManager(  352): Process com.wolf.jackpot.slots (pid 1085) has died.
I/WindowState(  352): WIN DEATH: Window{b3269958 u0 com.wolf.jackpot.slots/com.ansca.corona.CoronaActivity}
W/WindowManager(  352): Force-removing child win Window{b343d930 u0 SurfaceView} from container Window{b3269958 u0 com.wolf.jackpot.slots/com.ansca.corona.CoronaActivity}
W/ActivityManager(  352): Process com.wolf.jackpot.slots has crashed too many times: killing!
W/WindowManager(  352): Failed looking up window
W/WindowManager(  352): java.lang.IllegalArgumentException: Requested window android.os.BinderProxy@b343a360 does not exist
W/WindowManager(  352): 	at com.android.server.wm.WindowManagerService.windowForClientLocked(WindowManagerService.java:7939)
W/WindowManager(  352): 	at com.android.server.wm.WindowManagerService.windowForClientLocked(WindowManagerService.java:7930)
W/WindowManager(  352): 	at com.android.server.wm.WindowState$DeathRecipient.binderDied(WindowState.java:1047)
W/WindowManager(  352): 	at android.os.BinderProxy.sendDeathNotice(Binder.java:493)
W/WindowManager(  352): 	at dalvik.system.NativeStart.run(Native Method)
I/WindowState(  352): WIN DEATH: null
I/ActivityManager(  352): Exiting empty application process com.wolf.jackpot.slots (null)
D/ConnectivityService(  352): [CheckMp] isMobileOk: not connected ni=NetworkInfo: type: mobile_hipri[UMTS], state: DISCONNECTED/IDLE, reason: (unspecified), extra: (none), roaming: false, failover: false, isAvailable: true, isConnectedToProvisioningNetwork: false
D/ConnectivityService(  352): [CheckMp] isMobileOk: not connected ni=NetworkInfo: type: mobile_hipri[UMTS], state: DISCONNECTED/IDLE, reason: (unspecified), extra: (none), roaming: false, failover: false, isAvailable: true, isConnectedToProvisioningNetwork: false
D/ConnectivityService(  352): [CheckMp] isMobileOk: not connected ni=NetworkInfo: type: mobile_hipri[UMTS], state: DISCONNECTED/IDLE, reason: (unspecified), extra: (none), roaming: false, failover: false, isAvailable: true, isConnectedToProvisioningNetwork: false
D/ConnectivityService(  352): [CheckMp] isMobileOk: not connected ni=NetworkInfo: type: mobile_hipri[UMTS], state: DISCONNECTED/IDLE, reason: (unspecified), extra: (none), roaming: false, failover: false, isAvailable: true, isConnectedToProvisioningNetwork: false
I/GlobalDismissManager(  940): no sender configured
D/AlertService(  940): Beginning updateAlertNotification
D/AlertService(  940): No fired or scheduled alerts
D/AlertService(  940): Scheduling next alarm with AlarmScheduler. sEventReminderReceived: null
D/AlarmScheduler(  940): No events found starting within 1 week.
I/ActivityManager(  352): Resuming delayed broadcast
I/ActivityManager(  352): Delay finish: com.android.mms/.transaction.SmsReceiver
V/SmsReceiverService( 1014): onStart: #1 mResultCode: -1 = Activity.RESULT_OK
I/ActivityManager(  352): Resuming delayed broadcast
D/MobileDataStateTracker(  352): default: setPolicyDataEnable(enabled=true)
I/InputReader(  352): Reconfiguring input devices.  changes=0x00000010
I/ActivityManager(  352): Delay finish: com.android.providers.calendar/.CalendarProviderBroadcastReceiver
I/PackageManager(  352): Adding preferred activity ComponentInfo{com.android.mms/com.android.mms.ui.ComposeMessageActivity} for user 0 :
I/InputReader(  352): Reconfiguring input devices.  changes=0x00000010
I/PackageManager(  352):   Action: "android.intent.action.SENDTO"
I/PackageManager(  352):   Category: "android.intent.category.DEFAULT"
I/PackageManager(  352):   Scheme: "sms"
I/InputReader(  352): Reconfiguring input devices.  changes=0x00000010
I/PackageManager(  352):   Action: "android.intent.action.SENDTO"
I/PackageManager(  352):   Category: "android.intent.category.DEFAULT"
I/PackageManager(  352):   Scheme: "smsto"
I/PackageManager(  352): Adding preferred activity ComponentInfo{com.android.mms/com.android.mms.ui.ComposeMessageActivity} for user 0 :
I/PackageManager(  352):   Action: "android.intent.action.SENDTO"
I/PackageManager(  352):   Category: "android.intent.category.DEFAULT"
I/PackageManager(  352):   Scheme: "mms"
I/PackageManager(  352): Adding preferred activity ComponentInfo{com.android.mms/com.android.mms.ui.ComposeMessageActivity} for user 0 :
D/ConnectivityService(  352): [CheckMp] isMobileOk: not connected ni=NetworkInfo: type: mobile_hipri[UMTS], state: DISCONNECTED/IDLE, reason: (unspecified), extra: (none), roaming: false, failover: false, isAvailable: true, isConnectedToProvisioningNetwork: false
I/PackageManager(  352):   Action: "android.intent.action.SENDTO"
I/PackageManager(  352):   Category: "android.intent.category.DEFAULT"
I/PackageManager(  352):   Scheme: "mmsto"
I/PackageManager(  352): Adding preferred activity ComponentInfo{com.android.mms/com.android.mms.ui.ComposeMessageActivity} for user 0 :
D/dalvikvm(  352): GC_CONCURRENT freed 673K, 56% free 5805K/13060K, paused 7ms+5ms, total 149ms
D/dalvikvm(  352): WAIT_FOR_CONCURRENT_GC blocked 34ms
I/PackageManager(  352):   Action: "android.intent.action.SENDTO"
I/PackageManager(  352):   Category: "android.intent.category.DEFAULT"
I/PackageManager(  352):   Scheme: "sms"
I/PackageManager(  352): Adding preferred activity ComponentInfo{com.android.mms/com.android.mms.ui.ComposeMessageActivity} for user 0 :
I/PackageManager(  352):   Action: "android.intent.action.SENDTO"
I/PackageManager(  352):   Category: "android.intent.category.DEFAULT"
I/PackageManager(  352):   Scheme: "smsto"
I/PackageManager(  352): Adding preferred activity ComponentInfo{com.android.mms/com.android.mms.ui.ComposeMessageActivity} for user 0 :
I/PackageManager(  352):   Action: "android.intent.action.SENDTO"
I/PackageManager(  352):   Category: "android.intent.category.DEFAULT"
I/PackageManager(  352):   Scheme: "mms"
I/PackageManager(  352): Adding preferred activity ComponentInfo{com.android.mms/com.android.mms.ui.ComposeMessageActivity} for user 0 :
D/dalvikvm(  597): GC_CONCURRENT freed 441K, 14% free 3398K/3908K, paused 3ms+2ms, total 93ms
D/dalvikvm(  597): WAIT_FOR_CONCURRENT_GC blocked 25ms
I/PackageManager(  352):   Action: "android.intent.action.SENDTO"
I/PackageManager(  352):   Category: "android.intent.category.DEFAULT"
I/PackageManager(  352):   Scheme: "mmsto"
I/PackageManager(  352): Adding preferred activity ComponentInfo{com.android.mms/com.android.mms.ui.ComposeMessageActivity} for user 0 :
I/PackageManager(  352):   Action: "android.intent.action.SENDTO"
I/PackageManager(  352):   Category: "android.intent.category.DEFAULT"
I/PackageManager(  352):   Scheme: "sms"
I/PackageManager(  352): Adding preferred activity ComponentInfo{com.android.mms/com.android.mms.ui.ComposeMessageActivity} for user 0 :
I/PackageManager(  352):   Action: "android.intent.action.SENDTO"
I/PackageManager(  352):   Category: "android.intent.category.DEFAULT"
I/PackageManager(  352): Adding preferred activity ComponentInfo{com.android.mms/com.android.mms.ui.ComposeMessageActivity} for user 0 :
I/PackageManager(  352):   Scheme: "smsto"
I/PackageManager(  352):   Action: "android.intent.action.SENDTO"
I/PackageManager(  352):   Category: "android.intent.category.DEFAULT"
I/PackageManager(  352):   Scheme: "mms"
I/PackageManager(  352): Adding preferred activity ComponentInfo{com.android.mms/com.android.mms.ui.ComposeMessageActivity} for user 0 :
I/PackageManager(  352):   Action: "android.intent.action.SENDTO"
I/PackageManager(  352):   Category: "android.intent.category.DEFAULT"
I/PackageManager(  352):   Scheme: "mmsto"
I/PackageManager(  352): Adding preferred activity ComponentInfo{com.android.mms/com.android.mms.ui.ComposeMessageActivity} for user 0 :
D/dalvikvm(  352): GC_CONCURRENT freed 840K, 57% free 5740K/13060K, paused 16ms+4ms, total 91ms
D/dalvikvm(  352): WAIT_FOR_CONCURRENT_GC blocked 32ms
