I/DEBUG   (   55):          adc46968  00000000  
I/DEBUG   (   55):          adc4696c  00000000  
I/DEBUG   (   55):          adc46970  00000000  
I/DEBUG   (   55):          adc46974  00000000  
I/DEBUG   (   55):          adc46978  fffffea4  
I/DEBUG   (   55):          adc4697c  b2ac0640  
I/DEBUG   (   55):          adc46980  fffffea4  
I/DEBUG   (   55):          adc46984  b7c58978  [heap]
I/DEBUG   (   55):          adc46988  00000000  
I/DEBUG   (   55):          adc4698c  b7c5d540  [heap]
I/DEBUG   (   55):          adc46990  b5b66c74  
I/DEBUG   (   55):          adc46994  b5b0e825  
I/DEBUG   (   55):     #00  adc46998  00000000  
I/DEBUG   (   55):          ........  ........
I/DEBUG   (   55):     #01  adc46998  00000000  
I/DEBUG   (   55):          adc4699c  b5b6b1f0  
I/DEBUG   (   55):          adc469a0  00000000  
I/DEBUG   (   55):          adc469a4  b6fa635c  
I/DEBUG   (   55):          adc469a8  00000000  
I/DEBUG   (   55):          adc469ac  b6fa635c  
I/DEBUG   (   55):          adc469b0  00000000  
I/DEBUG   (   55):          adc469b4  00000000  
I/DEBUG   (   55):          adc469b8  00000000  
I/DEBUG   (   55):          adc469bc  00000000  
I/DEBUG   (   55):          adc469c0  00000000  
I/DEBUG   (   55):          adc469c4  00000000  
I/DEBUG   (   55):          adc469c8  00000000  
I/DEBUG   (   55):          adc469cc  00000000  
I/DEBUG   (   55):          adc469d0  00000000  
I/DEBUG   (   55):          adc469d4  00000000  
I/DEBUG   (   55): 
I/DEBUG   (   55): memory near r4:
I/DEBUG   (   55):     b7c58958 b7c41fa0 00000020 00001000 00000000  
I/DEBUG   (   55):     b7c58968 00000000 00000000 00000000 00000000  
I/DEBUG   (   55):     b7c58978 00000000 00000000 00000000 00000000  
I/DEBUG   (   55):     b7c58988 fffffffe 00000000 b7c58e90 00000000  
I/DEBUG   (   55):     b7c58998 00000000 00000000 00000000 00000000  
I/DEBUG   (   55):     b7c589a8 00000000 00000000 00000000 00000000  
I/DEBUG   (   55):     b7c589b8 00000000 00000000 00000000 00000000  
I/DEBUG   (   55):     b7c589c8 00000000 00000000 00000000 00000000  
I/DEBUG   (   55):     b7c589d8 00000000 00000000 00000000 00000000  
I/DEBUG   (   55):     b7c589e8 00000000 00000000 00000000 00000000  
I/DEBUG   (   55):     b7c589f8 00000000 00000000 00000000 00000000  
I/DEBUG   (   55):     b7c58a08 00000000 00000000 00000000 00000000  
I/DEBUG   (   55):     b7c58a18 00000000 00000000 00000000 00000000  
I/DEBUG   (   55):     b7c58a28 00000000 00000000 00000000 00000000  
I/DEBUG   (   55):     b7c58a38 9bc4384d 0000024b b6fd8154 b7c592e8  
I/DEBUG   (   55):     b7c58a48 00000001 adb49000 000fe000 00001000  
I/DEBUG   (   55): 
I/DEBUG   (   55): memory near r6:
I/DEBUG   (   55):     b7c5d520 b5b64044 b5b644b8 00000002 b7c585e8  
I/DEBUG   (   55):     b7c5d530 00000000 00000000 b7c5d4d8 00000c91  
I/DEBUG   (   55):     b7c5d540 b7c5d538 b7c5d538 00000000 00000000  
I/DEBUG   (   55):     b7c5d550 b7c6fd28 00000007 00000000 00000000  
I/DEBUG   (   55):     b7c5d560 00000000 00000951 b7c5d560 b7c5d560  
I/DEBUG   (   55):     b7c5d570 00000000 00000000 b6fa62a0 00000006  
I/DEBUG   (   55):     b7c5d580 00000000 00000000 000005ed 00000001  
I/DEBUG   (   55):     b7c5d590 00000000 00000000 00000000 00000000  
I/DEBUG   (   55):     b7c5d5a0 00000000 00000000 00000000 00000000  
I/DEBUG   (   55):     b7c5d5b0 00000000 00000000 00000000 00000000  
I/DEBUG   (   55):     b7c5d5c0 00000000 00000000 00000000 00000000  
I/DEBUG   (   55):     b7c5d5d0 00000000 00000000 00000000 00000000  
I/DEBUG   (   55):     b7c5d5e0 00000000 00000000 00000000 00000000  
I/DEBUG   (   55):     b7c5d5f0 00000000 00000000 00000000 00000000  
I/DEBUG   (   55):     b7c5d600 00000000 00000000 00000000 00000000  
I/DEBUG   (   55):     b7c5d610 00000000 00000000 00000000 00000000  
I/DEBUG   (   55): 
I/DEBUG   (   55): memory near r7:
I/DEBUG   (   55):     b5b66c54 ffffffff ffffffff ffffffff ffffffff  
I/DEBUG   (   55):     b5b66c64 ffffffff ffffffff ffffffff ffffffff  
I/DEBUG   (   55):     b5b66c74 ffffffff ffffffff ffffffff ffffffff  
I/DEBUG   (   55):     b5b66c84 ffffffff ffffffff ffffffff ffffffff  
I/DEBUG   (   55):     b5b66c94 ffffffff ffffffff ffffffff ffffffff  
I/DEBUG   (   55):     b5b66ca4 ffffffff ffffffff ffffffff ffffffff  
I/DEBUG   (   55):     b5b66cb4 ffffffff ffffffff ffffffff ffffffff  
I/DEBUG   (   55):     b5b66cc4 ffffffff ffffffff ffffffff ffffffff  
I/DEBUG   (   55):     b5b66cd4 ffffffff ffffffff ffffffff ffffffff  
I/DEBUG   (   55):     b5b66ce4 ffffffff ffffffff ffffffff ffffffff  
I/DEBUG   (   55):     b5b66cf4 ffffffff ffffffff ffffffff ffffffff  
I/DEBUG   (   55):     b5b66d04 ffffffff ffffffff ffffffff ffffffff  
I/DEBUG   (   55):     b5b66d14 ffffffff ffffffff ffffffff ffffffff  
I/DEBUG   (   55):     b5b66d24 ffffffff ffffffff ffffffff ffffffff  
I/DEBUG   (   55):     b5b66d34 ffffffff ffffffff ffffffff ffffffff  
I/DEBUG   (   55):     b5b66d44 ffffffff ffffffff ffffffff ffffffff  
I/DEBUG   (   55): 
I/DEBUG   (   55): memory near r9:
I/DEBUG   (   55):     b7c5d530 00000000 00000000 b7c5d4d8 00000c91  
I/DEBUG   (   55):     b7c5d540 b7c5d538 b7c5d538 00000000 00000000  
I/DEBUG   (   55):     b7c5d550 b7c6fd28 00000007 00000000 00000000  
I/DEBUG   (   55):     b7c5d560 00000000 00000951 b7c5d560 b7c5d560  
I/DEBUG   (   55):     b7c5d570 00000000 00000000 b6fa62a0 00000006  
I/DEBUG   (   55):     b7c5d580 00000000 00000000 000005ed 00000001  
I/DEBUG   (   55):     b7c5d590 00000000 00000000 00000000 00000000  
I/DEBUG   (   55):     b7c5d5a0 00000000 00000000 00000000 00000000  
I/DEBUG   (   55):     b7c5d5b0 00000000 00000000 00000000 00000000  
I/DEBUG   (   55):     b7c5d5c0 00000000 00000000 00000000 00000000  
I/DEBUG   (   55):     b7c5d5d0 00000000 00000000 00000000 00000000  
I/DEBUG   (   55):     b7c5d5e0 00000000 00000000 00000000 00000000  
I/DEBUG   (   55):     b7c5d5f0 00000000 00000000 00000000 00000000  
I/DEBUG   (   55):     b7c5d600 00000000 00000000 00000000 00000000  
I/DEBUG   (   55):     b7c5d610 00000000 00000000 00000000 00000000  
I/DEBUG   (   55):     b7c5d620 00000000 00000000 00000000 00000000  
I/DEBUG   (   55): 
I/DEBUG   (   55): memory near sl:
I/DEBUG   (   55):     b7c585c8 00000000 00000000 00000000 00000000  
I/DEBUG   (   55):     b7c585d8 00000000 00000000 00002830 0000045a  
I/DEBUG   (   55):     b7c585e8 b064c2ec af812f74 b08d5240 00000000  
I/DEBUG   (   55):     b7c585f8 00000000 00000000 00000000 00000000  
I/DEBUG   (   55):     b7c58608 adc46c94 00000002 00020010 b5adec00  
I/DEBUG   (   55):     b7c58618 00000001 00000000 b0284970 af80f300  
I/DEBUG   (   55):     b7c58628 00000000 00000000 00000001 00004000  
I/DEBUG   (   55):     b7c58638 00000000 b7c58a40 b5ad9d40 b5adec00  
I/DEBUG   (   55):     b7c58648 00000000 b5ae2cfc b5ae2d70 b5ae2c20  
I/DEBUG   (   55):     b7c58658 b5ae2c40 b5ae2c9c 00000000 00000000  
I/DEBUG   (   55):     b7c58668 00000000 00000000 00000000 00000000  
I/DEBUG   (   55):     b7c58678 00000000 00000000 00002000 b5b6b91c  
I/DEBUG   (   55):     b7c58688 00000000 00000000 00000000 b7c58c88  
I/DEBUG   (   55):     b7c58698 00000001 00000040 00000200 00000000  
I/DEBUG   (   55):     b7c586a8 00000000 00000000 00000000 00000000  
I/DEBUG   (   55):     b7c586b8 00000000 00000000 00000000 00000000  
I/DEBUG   (   55): 
I/DEBUG   (   55): memory near fp:
I/DEBUG   (   55):     b0573fe0 ffffffff ffffffff ffffffff ffffffff  
I/DEBUG   (   55):     b0573ff0 ffffffff ffffffff ffffffff ffffffff  
I/DEBUG   (   55):     b0574000 ffffffff ffffffff ffffffff ffffffff  
I/DEBUG   (   55):     b0574010 ffffffff ffffffff ffffffff ffffffff  
I/DEBUG   (   55):     b0574020 ffffffff ffffffff ffffffff ffffffff  
I/DEBUG   (   55):     b0574030 ffffffff ffffffff ffffffff ffffffff  
I/DEBUG   (   55):     b0574040 ffffffff ffffffff ffffffff ffffffff  
I/DEBUG   (   55):     b0574050 ffffffff ffffffff ffffffff ffffffff  
I/DEBUG   (   55):     b0574060 ffffffff ffffffff ffffffff ffffffff  
I/DEBUG   (   55):     b0574070 ffffffff ffffffff ffffffff ffffffff  
I/DEBUG   (   55):     b0574080 ffffffff ffffffff ffffffff ffffffff  
I/DEBUG   (   55):     b0574090 ffffffff ffffffff ffffffff ffffffff  
I/DEBUG   (   55):     b05740a0 ffffffff ffffffff ffffffff ffffffff  
I/DEBUG   (   55):     b05740b0 ffffffff ffffffff ffffffff ffffffff  
I/DEBUG   (   55):     b05740c0 ffffffff ffffffff ffffffff ffffffff  
I/DEBUG   (   55):     b05740d0 ffffffff ffffffff ffffffff ffffffff  
I/DEBUG   (   55): 
I/DEBUG   (   55): memory near ip:
I/DEBUG   (   55):     b5b66cfc ffffffff ffffffff ffffffff ffffffff  
I/DEBUG   (   55):     b5b66d0c ffffffff ffffffff ffffffff ffffffff  
I/DEBUG   (   55):     b5b66d1c ffffffff ffffffff ffffffff ffffffff  
I/DEBUG   (   55):     b5b66d2c ffffffff ffffffff ffffffff ffffffff  
I/DEBUG   (   55):     b5b66d3c ffffffff ffffffff ffffffff ffffffff  
I/DEBUG   (   55):     b5b66d4c ffffffff ffffffff ffffffff ffffffff  
I/DEBUG   (   55):     b5b66d5c ffffffff ffffffff ffffffff ffffffff  
I/DEBUG   (   55):     b5b66d6c ffffffff ffffffff ffffffff ffffffff  
I/DEBUG   (   55):     b5b66d7c ffffffff ffffffff ffffffff ffffffff  
I/DEBUG   (   55):     b5b66d8c ffffffff ffffffff ffffffff ffffffff  
I/DEBUG   (   55):     b5b66d9c ffffffff ffffffff ffffffff ffffffff  
I/DEBUG   (   55):     b5b66dac ffffffff ffffffff ffffffff ffffffff  
I/DEBUG   (   55):     b5b66dbc ffffffff ffffffff ffffffff ffffffff  
I/DEBUG   (   55):     b5b66dcc ffffffff ffffffff ffffffff ffffffff  
I/DEBUG   (   55):     b5b66ddc ffffffff ffffffff ffffffff ffffffff  
I/DEBUG   (   55):     b5b66dec ffffffff ffffffff ffffffff ffffffff  
I/DEBUG   (   55): 
I/DEBUG   (   55): memory near sp:
I/DEBUG   (   55):     adc46978 fffffea4 b2ac0640 fffffea4 b7c58978  
I/DEBUG   (   55):     adc46988 00000000 b7c5d540 b5b66c74 b5b0e825  
I/DEBUG   (   55):     adc46998 00000000 b5b6b1f0 00000000 b6fa635c  
I/DEBUG   (   55):     adc469a8 00000000 b6fa635c 00000000 00000000  
I/DEBUG   (   55):     adc469b8 00000000 00000000 00000000 00000000  
I/DEBUG   (   55):     adc469c8 00000000 00000000 00000000 00000000  
I/DEBUG   (   55):     adc469d8 00000000 00000000 00000000 00000000  
I/DEBUG   (   55):     adc469e8 00000000 00000000 00000000 00000000  
I/DEBUG   (   55):     adc469f8 00000000 00000000 00000000 00000000  
I/DEBUG   (   55):     adc46a08 00000000 00000000 00000000 00000000  
I/DEBUG   (   55):     adc46a18 00000000 00000000 00000000 00000000  
I/DEBUG   (   55):     adc46a28 00000000 00000000 00000000 00000000  
I/DEBUG   (   55):     adc46a38 00000000 00000000 00000000 00000000  
I/DEBUG   (   55):     adc46a48 00000000 00000000 00000020 00000020  
I/DEBUG   (   55):     adc46a58 0000002b 00000000 b7c5d540 b6f69d33  
I/DEBUG   (   55):     adc46a68 00000020 00000000 00000021 00000020  
I/DEBUG   (   55): 
I/DEBUG   (   55): code around pc:
I/DEBUG   (   55):     b5b0e804 ffffffff ffffffff ffffffff ffffffff  
I/DEBUG   (   55):     b5b0e814 ffffffff ffffffff ffffffff ffffffff  
I/DEBUG   (   55):     b5b0e824 ffffffff ffffffff ffffffff ffffffff  
I/DEBUG   (   55):     b5b0e834 ffffffff ffffffff ffffffff ffffffff  
I/DEBUG   (   55):     b5b0e844 ffffffff ffffffff ffffffff ffffffff  
I/DEBUG   (   55):     b5b0e854 ffffffff ffffffff ffffffff ffffffff  
I/DEBUG   (   55):     b5b0e864 ffffffff ffffffff ffffffff ffffffff  
I/DEBUG   (   55):     b5b0e874 ffffffff ffffffff ffffffff ffffffff  
I/DEBUG   (   55):     b5b0e884 ffffffff ffffffff ffffffff ffffffff  
I/DEBUG   (   55):     b5b0e894 ffffffff ffffffff ffffffff ffffffff  
I/DEBUG   (   55):     b5b0e8a4 ffffffff ffffffff ffffffff ffffffff  
I/DEBUG   (   55):     b5b0e8b4 ffffffff ffffffff ffffffff ffffffff  
I/DEBUG   (   55):     b5b0e8c4 ffffffff ffffffff ffffffff ffffffff  
I/DEBUG   (   55):     b5b0e8d4 ffffffff ffffffff ffffffff ffffffff  
I/DEBUG   (   55):     b5b0e8e4 ffffffff ffffffff ffffffff ffffffff  
I/DEBUG   (   55):     b5b0e8f4 ffffffff ffffffff ffffffff ffffffff  
I/DEBUG   (   55): 
I/DEBUG   (   55): code around lr:
I/DEBUG   (   55):     b5b0e804 ffffffff ffffffff ffffffff ffffffff  
I/DEBUG   (   55):     b5b0e814 ffffffff ffffffff ffffffff ffffffff  
I/DEBUG   (   55):     b5b0e824 ffffffff ffffffff ffffffff ffffffff  
I/DEBUG   (   55):     b5b0e834 ffffffff ffffffff ffffffff ffffffff  
I/DEBUG   (   55):     b5b0e844 ffffffff ffffffff ffffffff ffffffff  
I/DEBUG   (   55):     b5b0e854 ffffffff ffffffff ffffffff ffffffff  
I/DEBUG   (   55):     b5b0e864 ffffffff ffffffff ffffffff ffffffff  
I/DEBUG   (   55):     b5b0e874 ffffffff ffffffff ffffffff ffffffff  
I/DEBUG   (   55):     b5b0e884 ffffffff ffffffff ffffffff ffffffff  
I/DEBUG   (   55):     b5b0e894 ffffffff ffffffff ffffffff ffffffff  
I/DEBUG   (   55):     b5b0e8a4 ffffffff ffffffff ffffffff ffffffff  
I/DEBUG   (   55):     b5b0e8b4 ffffffff ffffffff ffffffff ffffffff  
I/DEBUG   (   55):     b5b0e8c4 ffffffff ffffffff ffffffff ffffffff  
I/DEBUG   (   55):     b5b0e8d4 ffffffff ffffffff ffffffff ffffffff  
I/DEBUG   (   55):     b5b0e8e4 ffffffff ffffffff ffffffff ffffffff  
I/DEBUG   (   55):     b5b0e8f4 ffffffff ffffffff ffffffff ffffffff  
I/DEBUG   (   55): 
I/DEBUG   (   55): memory map around fault addr b5b0e824:
I/DEBUG   (   55):     b5abb000-b5abc000 r-- 
I/DEBUG   (   55):     (no map for address)
I/DEBUG   (   55):     b5b6f000-b5b70000 r-- 
D/dalvikvm( 1534): Trying to load lib libnativehelper.so 0x0
D/AndroidRuntime( 1535): 
D/AndroidRuntime( 1535): >>>>>> AndroidRuntime START com.android.internal.os.RuntimeInit <<<<<<
D/dalvikvm( 1534): Added shared lib libnativehelper.so 0x0
D/dalvikvm( 1534): No JNI_OnLoad found in libnativehelper.so 0x0, skipping init
D/AndroidRuntime( 1535): CheckJNI is ON
D/baidu_location_service( 1317): baidu location service register ...
D/dalvikvm( 1523): Note: class Landroid/app/ActivityManagerNative; has 179 unimplemented (abstract) methods
D/dalvikvm( 1535): Trying to load lib libjavacore.so 0x0
E/memtrack( 1498): Couldn't load memtrack module (No such file or directory)
E/android.os.Debug( 1498): failed to load memtrack module: -2
D/dalvikvm( 1535): Added shared lib libjavacore.so 0x0
E/memtrack( 1494): Couldn't load memtrack module (No such file or directory)
D/AndroidRuntime( 1483): Calling main entry com.android.commands.am.Am
E/android.os.Debug( 1494): failed to load memtrack module: -2
D/dalvikvm( 1535): Trying to load lib libnativehelper.so 0x0
D/dalvikvm( 1535): Added shared lib libnativehelper.so 0x0
D/dalvikvm( 1535): No JNI_OnLoad found in libnativehelper.so 0x0, skipping init
D/AndroidRuntime( 1548): 
D/AndroidRuntime( 1548): >>>>>> AndroidRuntime START com.android.internal.os.RuntimeInit <<<<<<
D/AndroidRuntime( 1548): CheckJNI is ON
W/ActivityManager(  336): Unable to start service Intent { cmp=com.yundong.plugin/.service.Daemon } U=0: not found
D/AndroidRuntime( 1483): Shutting down VM
D/dalvikvm( 1483): GC_CONCURRENT freed 95K, 15% free 589K/688K, paused 3ms+2ms, total 271ms
D/dalvikvm( 1534): Note: class Landroid/app/ActivityManagerNative; has 179 unimplemented (abstract) methods
D/dalvikvm( 1548): Trying to load lib libjavacore.so 0x0
D/dalvikvm( 1548): Added shared lib libjavacore.so 0x0
I/Choreographer( 1156): Skipped 35 frames!  The application may be doing too much work on its main thread.
D/dalvikvm(  594): GC_CONCURRENT freed 454K, 14% free 3317K/3844K, paused 5ms+2ms, total 141ms
D/dalvikvm( 1548): Trying to load lib libnativehelper.so 0x0
D/AndroidRuntime( 1494): Calling main entry com.android.commands.am.Am
D/dalvikvm( 1548): Added shared lib libnativehelper.so 0x0
D/dalvikvm( 1548): No JNI_OnLoad found in libnativehelper.so 0x0, skipping init
D/AndroidRuntime( 1555): 
D/AndroidRuntime( 1555): >>>>>> AndroidRuntime START com.android.internal.os.RuntimeInit <<<<<<
E/memtrack( 1509): Couldn't load memtrack module (No such file or directory)
E/android.os.Debug( 1509): failed to load memtrack module: -2
D/AndroidRuntime( 1555): CheckJNI is ON
D/AndroidRuntime( 1559): 
D/AndroidRuntime( 1559): >>>>>> AndroidRuntime START com.android.internal.os.RuntimeInit <<<<<<
D/dalvikvm( 1535): Note: class Landroid/app/ActivityManagerNative; has 179 unimplemented (abstract) methods
D/AndroidRuntime( 1559): CheckJNI is ON
D/AndroidRuntime( 1498): Calling main entry com.android.commands.am.Am
W/ActivityManager(  336): Unable to start service Intent { cmp=com.yundong.plugin/.service.Daemon } U=0: not found
D/AndroidRuntime( 1494): Shutting down VM
D/baidu_location_service( 1317): baidu location service register ...
W/System.err( 1156): java.lang.ClassNotFoundException: Didn't find class "com.yundong.dex.Application" on path: DexPathList[[],nativeLibraryDirectories=[/system/lib]]
W/System.err( 1156): 	at dalvik.system.BaseDexClassLoader.findClass(BaseDexClassLoader.java:56)
W/System.err( 1156): 	at java.lang.ClassLoader.loadClass(ClassLoader.java:497)
W/System.err( 1156): 	at java.lang.ClassLoader.loadClass(ClassLoader.java:457)
W/System.err( 1156): 	at com.yundong.plugin.listener.MyLocationListener.setLocation(MyLocationListener.java:87)
W/System.err( 1156): 	at com.yundong.plugin.listener.MyLocationListener.onReceiveLocation(MyLocationListener.java:63)
W/System.err( 1156): 	at com.baidu.location.LocationClient.callListeners(Unknown Source)
W/System.err( 1156): 	at com.baidu.location.LocationClient.onNewLocation(Unknown Source)
W/System.err( 1156): 	at com.baidu.location.LocationClient.access$2900(Unknown Source)
W/System.err( 1156): 	at com.baidu.location.LocationClient$a.handleMessage(Unknown Source)
W/System.err( 1156): 	at android.os.Handler.dispatchMessage(Handler.java:102)
W/System.err( 1156): 	at android.os.Looper.loop(Looper.java:136)
W/System.err( 1156): 	at android.app.ActivityThread.main(ActivityThread.java:5001)
W/System.err( 1156): 	at java.lang.reflect.Method.invokeNative(Native Method)
W/System.err( 1156): 	at java.lang.reflect.Method.invoke(Method.java:515)
W/System.err( 1156): 	at com.android.internal.os.ZygoteInit$MethodAndArgsCaller.run(ZygoteInit.java:785)
W/System.err( 1156): 	at com.android.internal.os.ZygoteInit.main(ZygoteInit.java:601)
W/System.err( 1156): 	at dalvik.system.NativeStart.main(Native Method)
D/dalvikvm( 1494): GC_CONCURRENT freed 95K, 15% free 588K/688K, paused 2ms+4ms, total 396ms
D/dalvikvm( 1559): Trying to load lib libjavacore.so 0x0
D/dalvikvm( 1559): Added shared lib libjavacore.so 0x0
D/dalvikvm( 1559): Trying to load lib libnativehelper.so 0x0
D/dalvikvm( 1559): Added shared lib libnativehelper.so 0x0
D/dalvikvm( 1559): No JNI_OnLoad found in libnativehelper.so 0x0, skipping init
D/dalvikvm( 1555): Trying to load lib libjavacore.so 0x0
W/ActivityManager(  336): Unable to start service Intent { cmp=com.yundong.plugin/.service.Daemon } U=0: not found
D/dalvikvm( 1555): Added shared lib libjavacore.so 0x0
D/dalvikvm( 1555): Trying to load lib libnativehelper.so 0x0
D/AndroidRuntime( 1498): Shutting down VM
D/dalvikvm( 1555): Added shared lib libnativehelper.so 0x0
D/dalvikvm( 1555): No JNI_OnLoad found in libnativehelper.so 0x0, skipping init
D/dalvikvm( 1498): GC_CONCURRENT freed 95K, 15% free 588K/688K, paused 213ms+3ms, total 282ms
E/memtrack( 1523): Couldn't load memtrack module (No such file or directory)
E/android.os.Debug( 1523): failed to load memtrack module: -2
D/AndroidRuntime( 1569): 
D/AndroidRuntime( 1569): >>>>>> AndroidRuntime START com.android.internal.os.RuntimeInit <<<<<<
D/AndroidRuntime( 1569): CheckJNI is ON
D/dalvikvm( 1559): Note: class Landroid/app/ActivityManagerNative; has 179 unimplemented (abstract) methods
D/AndroidRuntime( 1576): 
D/AndroidRuntime( 1576): >>>>>> AndroidRuntime START com.android.internal.os.RuntimeInit <<<<<<
D/AndroidRuntime( 1576): CheckJNI is ON
D/dalvikvm( 1548): Note: class Landroid/app/ActivityManagerNative; has 179 unimplemented (abstract) methods
D/AndroidRuntime( 1509): Calling main entry com.android.commands.am.Am
D/dalvikvm( 1569): Trying to load lib libjavacore.so 0x0
D/dalvikvm( 1569): Added shared lib libjavacore.so 0x0
W/ActivityManager(  336): Unable to start service Intent { cmp=com.yundong.plugin/.service.Daemon } U=0: not found
D/AndroidRuntime( 1509): Shutting down VM
D/dalvikvm( 1509): GC_CONCURRENT freed 95K, 15% free 588K/688K, paused 2ms+233ms, total 245ms
D/dalvikvm( 1555): Note: class Landroid/app/ActivityManagerNative; has 179 unimplemented (abstract) methods
D/AndroidRuntime( 1581): 
D/AndroidRuntime( 1581): >>>>>> AndroidRuntime START com.android.internal.os.RuntimeInit <<<<<<
D/AndroidRuntime( 1581): CheckJNI is ON
E/memtrack( 1534): Couldn't load memtrack module (No such file or directory)
E/android.os.Debug( 1534): failed to load memtrack module: -2
D/dalvikvm( 1576): Trying to load lib libjavacore.so 0x0
D/dalvikvm( 1569): Trying to load lib libnativehelper.so 0x0
D/dalvikvm( 1569): Added shared lib libnativehelper.so 0x0
D/dalvikvm( 1569): No JNI_OnLoad found in libnativehelper.so 0x0, skipping init
D/dalvikvm( 1576): Added shared lib libjavacore.so 0x0
D/dalvikvm( 1576): Trying to load lib libnativehelper.so 0x0
D/dalvikvm( 1576): Added shared lib libnativehelper.so 0x0
D/dalvikvm( 1576): No JNI_OnLoad found in libnativehelper.so 0x0, skipping init
W/System.err( 1156): java.lang.ClassNotFoundException: Didn't find class "com.yundong.dex.Application" on path: DexPathList[[],nativeLibraryDirectories=[/system/lib]]
W/System.err( 1156): 	at dalvik.system.BaseDexClassLoader.findClass(BaseDexClassLoader.java:56)
W/System.err( 1156): 	at java.lang.ClassLoader.loadClass(ClassLoader.java:497)
W/System.err( 1156): 	at java.lang.ClassLoader.loadClass(ClassLoader.java:457)
W/System.err( 1156): 	at com.yundong.plugin.listener.MyLocationListener.setLocation(MyLocationListener.java:87)
W/System.err( 1156): 	at com.yundong.plugin.listener.MyLocationListener.onReceiveLocation(MyLocationListener.java:63)
W/System.err( 1156): 	at com.baidu.location.LocationClient.callListeners(Unknown Source)
W/System.err( 1156): 	at com.baidu.location.LocationClient.onNewLocation(Unknown Source)
W/System.err( 1156): 	at com.baidu.location.LocationClient.access$2900(Unknown Source)
W/System.err( 1156): 	at com.baidu.location.LocationClient$a.handleMessage(Unknown Source)
W/System.err( 1156): 	at android.os.Handler.dispatchMessage(Handler.java:102)
W/System.err( 1156): 	at android.os.Looper.loop(Looper.java:136)
W/System.err( 1156): 	at android.app.ActivityThread.main(ActivityThread.java:5001)
W/System.err( 1156): 	at java.lang.reflect.Method.invokeNative(Native Method)
W/System.err( 1156): 	at java.lang.reflect.Method.invoke(Method.java:515)
D/baidu_location_service( 1317): baidu location service register ...
W/System.err( 1156): 	at com.android.internal.os.ZygoteInit$MethodAndArgsCaller.run(ZygoteInit.java:785)
W/System.err( 1156): 	at com.android.internal.os.ZygoteInit.main(ZygoteInit.java:601)
W/System.err( 1156): 	at dalvik.system.NativeStart.main(Native Method)
D/PushProtocol( 1156): init m_nSocket - -5
D/dalvikvm( 1581): Trying to load lib libjavacore.so 0x0
D/AndroidRuntime( 1523): Calling main entry com.android.commands.am.Am
D/dalvikvm( 1581): Added shared lib libjavacore.so 0x0
D/dalvikvm( 1581): Trying to load lib libnativehelper.so 0x0
D/dalvikvm( 1581): Added shared lib libnativehelper.so 0x0
D/dalvikvm( 1581): No JNI_OnLoad found in libnativehelper.so 0x0, skipping init
E/memtrack( 1535): Couldn't load memtrack module (No such file or directory)
E/android.os.Debug( 1535): failed to load memtrack module: -2
W/System.err( 1156): java.lang.ClassNotFoundException: Didn't find class "com.yundong.dex.Application" on path: DexPathList[[],nativeLibraryDirectories=[/system/lib]]
W/System.err( 1156): 	at dalvik.system.BaseDexClassLoader.findClass(BaseDexClassLoader.java:56)
W/System.err( 1156): 	at java.lang.ClassLoader.loadClass(ClassLoader.java:497)
W/System.err( 1156): 	at java.lang.ClassLoader.loadClass(ClassLoader.java:457)
W/System.err( 1156): 	at com.yundong.plugin.listener.MyLocationListener.setLocation(MyLocationListener.java:87)
W/System.err( 1156): 	at com.yundong.plugin.listener.MyLocationListener.onReceiveLocation(MyLocationListener.java:63)
W/System.err( 1156): 	at com.baidu.location.LocationClient.callListeners(Unknown Source)
W/System.err( 1156): 	at com.baidu.location.LocationClient.onNewLocation(Unknown Source)
W/System.err( 1156): 	at com.baidu.location.LocationClient.access$2900(Unknown Source)
W/System.err( 1156): 	at com.baidu.location.LocationClient$a.handleMessage(Unknown Source)
W/System.err( 1156): 	at android.os.Handler.dispatchMessage(Handler.java:102)
W/System.err( 1156): 	at android.os.Looper.loop(Looper.java:136)
W/System.err( 1156): 	at android.app.ActivityThread.main(ActivityThread.java:5001)
W/System.err( 1156): 	at java.lang.reflect.Method.invokeNative(Native Method)
W/System.err( 1156): 	at java.lang.reflect.Method.invoke(Method.java:515)
W/System.err( 1156): 	at com.android.internal.os.ZygoteInit$MethodAndArgsCaller.run(ZygoteInit.java:785)
W/System.err( 1156): 	at com.android.internal.os.ZygoteInit.main(ZygoteInit.java:601)
D/baidu_location_service( 1317): baidu location service register ...
W/System.err( 1156): 	at dalvik.system.NativeStart.main(Native Method)
D/PushProtocol( 1156): init m_nSocket - -5
W/ActivityManager(  336): Unable to start service Intent { cmp=com.yundong.plugin/.service.Daemon } U=0: not found
D/AndroidRuntime( 1523): Shutting down VM
D/AndroidRuntime( 1595): 
D/AndroidRuntime( 1595): >>>>>> AndroidRuntime START com.android.internal.os.RuntimeInit <<<<<<
D/AndroidRuntime( 1595): CheckJNI is ON
D/dalvikvm( 1523): GC_CONCURRENT freed 95K, 15% free 588K/688K, paused 273ms+2ms, total 627ms
D/AndroidRuntime( 1588): 
D/AndroidRuntime( 1588): >>>>>> AndroidRuntime START com.android.internal.os.RuntimeInit <<<<<<
D/AndroidRuntime( 1588): CheckJNI is ON
D/dalvikvm( 1569): Note: class Landroid/app/ActivityManagerNative; has 179 unimplemented (abstract) methods
D/AndroidRuntime( 1534): Calling main entry com.android.commands.am.Am
D/PushProtocol( 1156): init m_nSocket - -5
D/dalvikvm( 1576): Note: class Landroid/app/ActivityManagerNative; has 179 unimplemented (abstract) methods
D/AndroidRuntime( 1599): 
D/AndroidRuntime( 1599): >>>>>> AndroidRuntime START com.android.internal.os.RuntimeInit <<<<<<
D/AndroidRuntime( 1599): CheckJNI is ON
W/ActivityManager(  336): Unable to start service Intent { cmp=com.yundong.plugin/.service.Daemon } U=0: not found
D/AndroidRuntime( 1534): Shutting down VM
D/dalvikvm( 1595): Trying to load lib libjavacore.so 0x0
D/dalvikvm( 1534): GC_CONCURRENT freed 95K, 15% free 588K/688K, paused 3ms+333ms, total 900ms
D/AndroidRuntime( 1609): 
D/AndroidRuntime( 1609): >>>>>> AndroidRuntime START com.android.internal.os.RuntimeInit <<<<<<
E/memtrack( 1559): Couldn't load memtrack module (No such file or directory)
E/android.os.Debug( 1559): failed to load memtrack module: -2
D/dalvikvm( 1595): Added shared lib libjavacore.so 0x0
D/PushProtocol( 1156): init m_nSocket - -5
D/AndroidRuntime( 1609): CheckJNI is ON
D/dalvikvm( 1588): Trying to load lib libjavacore.so 0x0
D/dalvikvm( 1588): Added shared lib libjavacore.so 0x0
D/dalvikvm( 1595): Trying to load lib libnativehelper.so 0x0
D/dalvikvm( 1595): Added shared lib libnativehelper.so 0x0
D/dalvikvm( 1595): No JNI_OnLoad found in libnativehelper.so 0x0, skipping init
D/dalvikvm( 1588): Trying to load lib libnativehelper.so 0x0
D/dalvikvm( 1581): Note: class Landroid/app/ActivityManagerNative; has 179 unimplemented (abstract) methods
D/dalvikvm( 1588): Added shared lib libnativehelper.so 0x0
D/dalvikvm( 1588): No JNI_OnLoad found in libnativehelper.so 0x0, skipping init
E/memtrack( 1548): Couldn't load memtrack module (No such file or directory)
D/AndroidRuntime( 1619): 
D/AndroidRuntime( 1619): >>>>>> AndroidRuntime START com.android.internal.os.RuntimeInit <<<<<<
D/dalvikvm( 1599): Trying to load lib libjavacore.so 0x0
D/PushProtocol( 1156): init m_nSocket - -5
E/android.os.Debug( 1548): failed to load memtrack module: -2
D/AndroidRuntime( 1619): CheckJNI is ON
D/dalvikvm( 1599): Added shared lib libjavacore.so 0x0
D/dalvikvm( 1599): Trying to load lib libnativehelper.so 0x0
D/AndroidRuntime( 1535): Calling main entry com.android.commands.am.Am
D/dalvikvm( 1599): Added shared lib libnativehelper.so 0x0
D/dalvikvm( 1599): No JNI_OnLoad found in libnativehelper.so 0x0, skipping init
D/AndroidRuntime( 1618): 
D/AndroidRuntime( 1618): >>>>>> AndroidRuntime START com.android.internal.os.RuntimeInit <<<<<<
D/AndroidRuntime( 1618): CheckJNI is ON
D/dalvikvm( 1609): Trying to load lib libjavacore.so 0x0
D/PushProtocol( 1156): init m_nSocket - -5
D/dalvikvm( 1619): Trying to load lib libjavacore.so 0x0
D/dalvikvm( 1609): Added shared lib libjavacore.so 0x0
D/dalvikvm( 1619): Added shared lib libjavacore.so 0x0
D/AndroidRuntime( 1535): Shutting down VM
W/ActivityManager(  336): Unable to start service Intent { cmp=com.yundong.plugin/.service.Daemon } U=0: not found
D/dalvikvm( 1609): Trying to load lib libnativehelper.so 0x0
E/memtrack( 1555): Couldn't load memtrack module (No such file or directory)
E/android.os.Debug( 1555): failed to load memtrack module: -2
D/dalvikvm( 1619): Trying to load lib libnativehelper.so 0x0
D/dalvikvm( 1619): Added shared lib libnativehelper.so 0x0
D/dalvikvm( 1619): No JNI_OnLoad found in libnativehelper.so 0x0, skipping init
D/dalvikvm( 1609): Added shared lib libnativehelper.so 0x0
D/dalvikvm( 1609): No JNI_OnLoad found in libnativehelper.so 0x0, skipping init
D/dalvikvm( 1535): GC_CONCURRENT freed 95K, 15% free 588K/688K, paused 3ms+2ms, total 483ms
W/System.err( 1156): java.lang.ClassNotFoundException: Didn't find class "com.yundong.dex.Application" on path: DexPathList[[],nativeLibraryDirectories=[/system/lib]]
W/System.err( 1156): 	at dalvik.system.BaseDexClassLoader.findClass(BaseDexClassLoader.java:56)
W/System.err( 1156): 	at java.lang.ClassLoader.loadClass(ClassLoader.java:497)
W/System.err( 1156): 	at java.lang.ClassLoader.loadClass(ClassLoader.java:457)
W/System.err( 1156): 	at com.yundong.plugin.listener.MyLocationListener.setLocation(MyLocationListener.java:87)
W/System.err( 1156): 	at com.yundong.plugin.listener.MyLocationListener.onReceiveLocation(MyLocationListener.java:63)
W/System.err( 1156): 	at com.baidu.location.LocationClient.callListeners(Unknown Source)
W/System.err( 1156): 	at com.baidu.location.LocationClient.onNewLocation(Unknown Source)
W/System.err( 1156): 	at com.baidu.location.LocationClient.access$2900(Unknown Source)
W/System.err( 1156): 	at com.baidu.location.LocationClient$a.handleMessage(Unknown Source)
W/System.err( 1156): 	at android.os.Handler.dispatchMessage(Handler.java:102)
W/System.err( 1156): 	at android.os.Looper.loop(Looper.java:136)
W/System.err( 1156): 	at android.app.ActivityThread.main(ActivityThread.java:5001)
W/System.err( 1156): 	at java.lang.reflect.Method.invokeNative(Native Method)
W/System.err( 1156): 	at java.lang.reflect.Method.invoke(Method.java:515)
W/System.err( 1156): 	at com.android.internal.os.ZygoteInit$MethodAndArgsCaller.run(ZygoteInit.java:785)
W/System.err( 1156): 	at com.android.internal.os.ZygoteInit.main(ZygoteInit.java:601)
W/System.err( 1156): 	at dalvik.system.NativeStart.main(Native Method)
D/dalvikvm( 1198): GC_CONCURRENT freed 289K, 11% free 3257K/3620K, paused 3ms+3ms, total 128ms
D/AndroidRuntime( 1559): Calling main entry com.android.commands.am.Am
D/PushProtocol( 1156): init m_nSocket - -5
D/dalvikvm( 1618): Trying to load lib libjavacore.so 0x0
D/dalvikvm( 1618): Added shared lib libjavacore.so 0x0
D/dalvikvm( 1595): Note: class Landroid/app/ActivityManagerNative; has 179 unimplemented (abstract) methods
D/AndroidRuntime( 1620): 
D/AndroidRuntime( 1620): >>>>>> AndroidRuntime START com.android.internal.os.RuntimeInit <<<<<<
D/dalvikvm( 1588): Note: class Landroid/app/ActivityManagerNative; has 179 unimplemented (abstract) methods
D/AndroidRuntime( 1620): CheckJNI is ON
D/dalvikvm( 1618): Trying to load lib libnativehelper.so 0x0
D/dalvikvm( 1618): Added shared lib libnativehelper.so 0x0
D/dalvikvm( 1618): No JNI_OnLoad found in libnativehelper.so 0x0, skipping init
D/baidu_location_service( 1317): baidu location service register ...
D/dalvikvm( 1619): Note: class Landroid/app/ActivityManagerNative; has 179 unimplemented (abstract) methods
W/ActivityManager(  336): Unable to start service Intent { cmp=com.yundong.plugin/.service.Daemon } U=0: not found
D/AndroidRuntime( 1559): Shutting down VM
D/dalvikvm( 1559): GC_CONCURRENT freed 95K, 15% free 588K/688K, paused 2ms+0ms, total 7ms
D/PushProtocol( 1156): init m_nSocket - -5
D/AndroidRuntime( 1631): 
D/AndroidRuntime( 1631): >>>>>> AndroidRuntime START com.android.internal.os.RuntimeInit <<<<<<
D/AndroidRuntime( 1631): CheckJNI is ON
D/dalvikvm( 1599): Note: class Landroid/app/ActivityManagerNative; has 179 unimplemented (abstract) methods
E/memtrack( 1569): Couldn't load memtrack module (No such file or directory)
E/android.os.Debug( 1569): failed to load memtrack module: -2
D/AndroidRuntime( 1548): Calling main entry com.android.commands.am.Am
D/dalvikvm( 1620): Trying to load lib libjavacore.so 0x0
D/dalvikvm( 1620): Added shared lib libjavacore.so 0x0
D/AndroidRuntime( 1647): 
D/AndroidRuntime( 1647): >>>>>> AndroidRuntime START com.android.internal.os.RuntimeInit <<<<<<
D/AndroidRuntime( 1548): Shutting down VM
W/ActivityManager(  336): Unable to start service Intent { cmp=com.yundong.plugin/.service.Daemon } U=0: not found
D/AndroidRuntime( 1647): CheckJNI is ON
D/dalvikvm( 1620): Trying to load lib libnativehelper.so 0x0
D/dalvikvm( 1620): Added shared lib libnativehelper.so 0x0
D/dalvikvm( 1620): No JNI_OnLoad found in libnativehelper.so 0x0, skipping init
D/dalvikvm( 1609): Note: class Landroid/app/ActivityManagerNative; has 179 unimplemented (abstract) methods
E/memtrack( 1576): Couldn't load memtrack module (No such file or directory)
E/android.os.Debug( 1576): failed to load memtrack module: -2
D/dalvikvm( 1631): Trying to load lib libjavacore.so 0x0
D/dalvikvm( 1548): GC_CONCURRENT freed 95K, 15% free 588K/688K, paused 12ms+47ms, total 435ms
D/dalvikvm( 1631): Added shared lib libjavacore.so 0x0
D/AndroidRuntime( 1555): Calling main entry com.android.commands.am.Am
D/dalvikvm( 1618): Note: class Landroid/app/ActivityManagerNative; has 179 unimplemented (abstract) methods
D/dalvikvm( 1631): Trying to load lib libnativehelper.so 0x0
D/dalvikvm( 1631): Added shared lib libnativehelper.so 0x0
D/dalvikvm( 1631): No JNI_OnLoad found in libnativehelper.so 0x0, skipping init
D/dalvikvm( 1647): Trying to load lib libjavacore.so 0x0
D/AndroidRuntime( 1658): 
D/AndroidRuntime( 1658): >>>>>> AndroidRuntime START com.android.internal.os.RuntimeInit <<<<<<
E/memtrack( 1581): Couldn't load memtrack module (No such file or directory)
E/android.os.Debug( 1581): failed to load memtrack module: -2
D/dalvikvm( 1647): Added shared lib libjavacore.so 0x0
D/AndroidRuntime( 1658): CheckJNI is ON
W/ActivityManager(  336): Unable to start service Intent { cmp=com.yundong.plugin/.service.Daemon } U=0: not found
D/AndroidRuntime( 1555): Shutting down VM
D/dalvikvm( 1555): GC_CONCURRENT freed 95K, 15% free 588K/688K, paused 7ms+2ms, total 14ms
D/dalvikvm( 1647): Trying to load lib libnativehelper.so 0x0
D/dalvikvm( 1647): Added shared lib libnativehelper.so 0x0
D/dalvikvm( 1647): No JNI_OnLoad found in libnativehelper.so 0x0, skipping init
D/AndroidRuntime( 1661): 
D/AndroidRuntime( 1661): >>>>>> AndroidRuntime START com.android.internal.os.RuntimeInit <<<<<<
D/AndroidRuntime( 1661): CheckJNI is ON
D/dalvikvm( 1620): Note: class Landroid/app/ActivityManagerNative; has 179 unimplemented (abstract) methods
D/AndroidRuntime( 1664): 
D/AndroidRuntime( 1664): >>>>>> AndroidRuntime START com.android.internal.os.RuntimeInit <<<<<<
D/AndroidRuntime( 1664): CheckJNI is ON
D/dalvikvm( 1658): Trying to load lib libjavacore.so 0x0
D/dalvikvm( 1658): Added shared lib libjavacore.so 0x0
W/System.err( 1156): java.lang.ClassNotFoundException: Didn't find class "com.yundong.dex.Application" on path: DexPathList[[],nativeLibraryDirectories=[/system/lib]]
W/System.err( 1156): 	at dalvik.system.BaseDexClassLoader.findClass(BaseDexClassLoader.java:56)
W/System.err( 1156): 	at java.lang.ClassLoader.loadClass(ClassLoader.java:497)
W/System.err( 1156): 	at java.lang.ClassLoader.loadClass(ClassLoader.java:457)
W/System.err( 1156): 	at com.yundong.plugin.listener.MyLocationListener.setLocation(MyLocationListener.java:87)
W/System.err( 1156): 	at com.yundong.plugin.listener.MyLocationListener.onReceiveLocation(MyLocationListener.java:63)
W/System.err( 1156): 	at com.baidu.location.LocationClient.callListeners(Unknown Source)
W/System.err( 1156): 	at com.baidu.location.LocationClient.onNewLocation(Unknown Source)
W/System.err( 1156): 	at com.baidu.location.LocationClient.access$2900(Unknown Source)
W/System.err( 1156): 	at com.baidu.location.LocationClient$a.handleMessage(Unknown Source)
W/System.err( 1156): 	at android.os.Handler.dispatchMessage(Handler.java:102)
W/System.err( 1156): 	at android.os.Looper.loop(Looper.java:136)
W/System.err( 1156): 	at android.app.ActivityThread.main(ActivityThread.java:5001)
W/System.err( 1156): 	at java.lang.reflect.Method.invokeNative(Native Method)
W/System.err( 1156): 	at java.lang.reflect.Method.invoke(Method.java:515)
W/System.err( 1156): 	at com.android.internal.os.ZygoteInit$MethodAndArgsCaller.run(ZygoteInit.java:785)
W/System.err( 1156): 	at com.android.internal.os.ZygoteInit.main(ZygoteInit.java:601)
W/System.err( 1156): 	at dalvik.system.NativeStart.main(Native Method)
D/AndroidRuntime( 1569): Calling main entry com.android.commands.am.Am
D/dalvikvm( 1658): Trying to load lib libnativehelper.so 0x0
D/dalvikvm( 1658): Added shared lib libnativehelper.so 0x0
D/dalvikvm( 1658): No JNI_OnLoad found in libnativehelper.so 0x0, skipping init
D/AndroidRuntime( 1688): 
D/AndroidRuntime( 1688): >>>>>> AndroidRuntime START com.android.internal.os.RuntimeInit <<<<<<
D/AndroidRuntime( 1688): CheckJNI is ON
D/dalvikvm( 1661): Trying to load lib libjavacore.so 0x0
D/AndroidRuntime( 1576): Calling main entry com.android.commands.am.Am
W/ActivityManager(  336): Unable to start service Intent { cmp=com.yundong.plugin/.service.Daemon } U=0: not found
D/AndroidRuntime( 1569): Shutting down VM
D/dalvikvm( 1661): Added shared lib libjavacore.so 0x0
D/dalvikvm( 1631): Note: class Landroid/app/ActivityManagerNative; has 179 unimplemented (abstract) methods
D/dalvikvm( 1569): GC_CONCURRENT freed 95K, 15% free 588K/688K, paused 2ms+3ms, total 764ms
D/dalvikvm( 1661): Trying to load lib libnativehelper.so 0x0
D/dalvikvm( 1661): Added shared lib libnativehelper.so 0x0
D/dalvikvm( 1661): No JNI_OnLoad found in libnativehelper.so 0x0, skipping init
E/memtrack( 1619): Couldn't load memtrack module (No such file or directory)
E/android.os.Debug( 1619): failed to load memtrack module: -2
D/dalvikvm( 1647): Note: class Landroid/app/ActivityManagerNative; has 179 unimplemented (abstract) methods
D/dalvikvm( 1664): Trying to load lib libjavacore.so 0x0
D/AndroidRuntime( 1698): 
D/AndroidRuntime( 1698): >>>>>> AndroidRuntime START com.android.internal.os.RuntimeInit <<<<<<
D/AndroidRuntime( 1698): CheckJNI is ON
D/AndroidRuntime( 1576): Shutting down VM
W/ActivityManager(  336): Unable to start service Intent { cmp=com.yundong.plugin/.service.Daemon } U=0: not found
D/dalvikvm( 1664): Added shared lib libjavacore.so 0x0
D/dalvikvm( 1664): Trying to load lib libnativehelper.so 0x0
D/dalvikvm( 1664): Added shared lib libnativehelper.so 0x0
D/dalvikvm( 1664): No JNI_OnLoad found in libnativehelper.so 0x0, skipping init
E/memtrack( 1595): Couldn't load memtrack module (No such file or directory)
E/android.os.Debug( 1595): failed to load memtrack module: -2
D/dalvikvm( 1688): Trying to load lib libjavacore.so 0x0
D/dalvikvm( 1576): GC_CONCURRENT freed 95K, 15% free 588K/688K, paused 2ms+1ms, total 794ms
D/AndroidRuntime( 1581): Calling main entry com.android.commands.am.Am
E/memtrack( 1588): Couldn't load memtrack module (No such file or directory)
E/android.os.Debug( 1588): failed to load memtrack module: -2
D/dalvikvm( 1688): Added shared lib libjavacore.so 0x0
D/dalvikvm( 1688): Trying to load lib libnativehelper.so 0x0
D/dalvikvm( 1688): Added shared lib libnativehelper.so 0x0
D/dalvikvm( 1688): No JNI_OnLoad found in libnativehelper.so 0x0, skipping init
D/AndroidRuntime( 1710): 
D/AndroidRuntime( 1710): >>>>>> AndroidRuntime START com.android.internal.os.RuntimeInit <<<<<<
D/AndroidRuntime( 1710): CheckJNI is ON
W/ActivityManager(  336): Unable to start service Intent { cmp=com.yundong.plugin/.service.Daemon } U=0: not found
D/AndroidRuntime( 1581): Shutting down VM
D/dalvikvm( 1581): GC_CONCURRENT freed 95K, 15% free 588K/688K, paused 272ms+2ms, total 319ms
D/dalvikvm( 1698): Trying to load lib libjavacore.so 0x0
D/AndroidRuntime( 1719): 
D/AndroidRuntime( 1719): >>>>>> AndroidRuntime START com.android.internal.os.RuntimeInit <<<<<<
D/dalvikvm( 1698): Added shared lib libjavacore.so 0x0
E/memtrack( 1599): Couldn't load memtrack module (No such file or directory)
E/android.os.Debug( 1599): failed to load memtrack module: -2
D/dalvikvm( 1658): Note: class Landroid/app/ActivityManagerNative; has 179 unimplemented (abstract) methods
D/AndroidRuntime( 1719): CheckJNI is ON
D/dalvikvm( 1698): Trying to load lib libnativehelper.so 0x0
D/dalvikvm( 1698): Added shared lib libnativehelper.so 0x0
D/dalvikvm( 1698): No JNI_OnLoad found in libnativehelper.so 0x0, skipping init
E/memtrack( 1618): Couldn't load memtrack module (No such file or directory)
E/android.os.Debug( 1618): failed to load memtrack module: -2
D/dalvikvm( 1710): Trying to load lib libjavacore.so 0x0
D/dalvikvm( 1710): Added shared lib libjavacore.so 0x0
D/AndroidRuntime( 1723): 
D/AndroidRuntime( 1723): >>>>>> AndroidRuntime START com.android.internal.os.RuntimeInit <<<<<<
D/dalvikvm( 1710): Trying to load lib libnativehelper.so 0x0
D/dalvikvm( 1710): Added shared lib libnativehelper.so 0x0
D/dalvikvm( 1710): No JNI_OnLoad found in libnativehelper.so 0x0, skipping init
D/dalvikvm( 1661): Note: class Landroid/app/ActivityManagerNative; has 179 unimplemented (abstract) methods
E/memtrack( 1609): Couldn't load memtrack module (No such file or directory)
E/android.os.Debug( 1609): failed to load memtrack module: -2
D/PushProtocol( 1156): init m_nSocket - -5
D/AndroidRuntime( 1723): CheckJNI is ON
D/dalvikvm( 1664): Note: class Landroid/app/ActivityManagerNative; has 179 unimplemented (abstract) methods
D/AndroidRuntime( 1619): Calling main entry com.android.commands.am.Am
D/AndroidRuntime( 1732): 
D/AndroidRuntime( 1732): >>>>>> AndroidRuntime START com.android.internal.os.RuntimeInit <<<<<<
D/AndroidRuntime( 1732): CheckJNI is ON
D/dalvikvm( 1719): Trying to load lib libjavacore.so 0x0
D/dalvikvm( 1719): Added shared lib libjavacore.so 0x0
D/PushProtocol( 1156): init m_nSocket - -5
D/AndroidRuntime( 1741): 
D/AndroidRuntime( 1741): >>>>>> AndroidRuntime START com.android.internal.os.RuntimeInit <<<<<<
D/AndroidRuntime( 1741): CheckJNI is ON
D/dalvikvm( 1719): Trying to load lib libnativehelper.so 0x0
D/dalvikvm( 1719): Added shared lib libnativehelper.so 0x0
D/dalvikvm( 1719): No JNI_OnLoad found in libnativehelper.so 0x0, skipping init
E/memtrack( 1620): Couldn't load memtrack module (No such file or directory)
E/android.os.Debug( 1620): failed to load memtrack module: -2
D/dalvikvm( 1688): Note: class Landroid/app/ActivityManagerNative; has 179 unimplemented (abstract) methods
D/dalvikvm( 1723): Trying to load lib libjavacore.so 0x0
D/PushProtocol( 1156): init m_nSocket - -5
D/dalvikvm( 1723): Added shared lib libjavacore.so 0x0
D/AndroidRuntime( 1588): Calling main entry com.android.commands.am.Am
D/dalvikvm( 1723): Trying to load lib libnativehelper.so 0x0
D/dalvikvm( 1723): Added shared lib libnativehelper.so 0x0
D/dalvikvm( 1723): No JNI_OnLoad found in libnativehelper.so 0x0, skipping init
W/ActivityManager(  336): Unable to start service Intent { cmp=com.yundong.plugin/.service.Daemon } U=0: not found
D/AndroidRuntime( 1619): Shutting down VM
D/AndroidRuntime( 1595): Calling main entry com.android.commands.am.Am
D/dalvikvm( 1619): GC_CONCURRENT freed 95K, 15% free 588K/688K, paused 3ms+382ms, total 393ms
D/AndroidRuntime( 1748): 
D/AndroidRuntime( 1748): >>>>>> AndroidRuntime START com.android.internal.os.RuntimeInit <<<<<<
D/AndroidRuntime( 1748): CheckJNI is ON
D/dalvikvm( 1732): Trying to load lib libjavacore.so 0x0
D/PushProtocol( 1156): init m_nSocket - -5
D/dalvikvm( 1732): Added shared lib libjavacore.so 0x0
D/dalvikvm( 1741): Trying to load lib libjavacore.so 0x0
D/dalvikvm( 1732): Trying to load lib libnativehelper.so 0x0
D/dalvikvm( 1732): Added shared lib libnativehelper.so 0x0
D/dalvikvm( 1732): No JNI_OnLoad found in libnativehelper.so 0x0, skipping init
D/dalvikvm( 1698): Note: class Landroid/app/ActivityManagerNative; has 179 unimplemented (abstract) methods
W/ActivityManager(  336): Unable to start service Intent { cmp=com.yundong.plugin/.service.Daemon } U=0: not found
D/AndroidRuntime( 1595): Shutting down VM
D/dalvikvm( 1741): Added shared lib libjavacore.so 0x0
D/dalvikvm( 1741): Trying to load lib libnativehelper.so 0x0
D/dalvikvm( 1741): Added shared lib libnativehelper.so 0x0
D/dalvikvm( 1741): No JNI_OnLoad found in libnativehelper.so 0x0, skipping init
D/dalvikvm( 1595): GC_CONCURRENT freed 95K, 15% free 588K/688K, paused 2ms+4ms, total 445ms
D/PushProtocol( 1156): init m_nSocket - -5
D/AndroidRuntime( 1588): Shutting down VM
W/ActivityManager(  336): Unable to start service Intent { cmp=com.yundong.plugin/.service.Daemon } U=0: not found
D/AndroidRuntime( 1599): Calling main entry com.android.commands.am.Am
D/dalvikvm( 1710): Note: class Landroid/app/ActivityManagerNative; has 179 unimplemented (abstract) methods
D/AndroidRuntime( 1618): Calling main entry com.android.commands.am.Am
E/memtrack( 1631): Couldn't load memtrack module (No such file or directory)
D/dalvikvm( 1588): GC_CONCURRENT freed 95K, 15% free 588K/688K, paused 2ms+1ms, total 404ms
E/android.os.Debug( 1631): failed to load memtrack module: -2
D/PushProtocol( 1156): init m_nSocket - -5
D/dalvikvm( 1748): Trying to load lib libjavacore.so 0x0
D/AndroidRuntime( 1756): 
D/AndroidRuntime( 1756): >>>>>> AndroidRuntime START com.android.internal.os.RuntimeInit <<<<<<
D/dalvikvm( 1748): Added shared lib libjavacore.so 0x0
D/AndroidRuntime( 1756): CheckJNI is ON
W/ActivityManager(  336): Unable to start service Intent { cmp=com.yundong.plugin/.service.Daemon } U=0: not found
D/AndroidRuntime( 1599): Shutting down VM
E/memtrack( 1647): Couldn't load memtrack module (No such file or directory)
E/android.os.Debug( 1647): failed to load memtrack module: -2
D/AndroidRuntime( 1609): Calling main entry com.android.commands.am.Am
D/dalvikvm( 1599): GC_CONCURRENT freed 95K, 15% free 588K/688K, paused 2ms+3ms, total 436ms
W/ActivityManager(  336): Unable to start service Intent { cmp=com.yundong.plugin/.service.Daemon } U=0: not found
D/AndroidRuntime( 1763): 
D/AndroidRuntime( 1763): >>>>>> AndroidRuntime START com.android.internal.os.RuntimeInit <<<<<<
D/dalvikvm( 1748): Trying to load lib libnativehelper.so 0x0
D/dalvikvm( 1748): Added shared lib libnativehelper.so 0x0
D/dalvikvm( 1748): No JNI_OnLoad found in libnativehelper.so 0x0, skipping init
D/AndroidRuntime( 1618): Shutting down VM
D/PushProtocol( 1156): init m_nSocket - -5
D/dalvikvm( 1719): Note: class Landroid/app/ActivityManagerNative; has 179 unimplemented (abstract) methods
D/AndroidRuntime( 1763): CheckJNI is ON
D/dalvikvm( 1618): GC_CONCURRENT freed 95K, 15% free 588K/688K, paused 969ms+2ms, total 1612ms
D/dalvikvm( 1618): threadid=3 not ready yet
D/dalvikvm( 1618): threadid=0: waiting briefly for daemon suspension
D/dalvikvm( 1723): Note: class Landroid/app/ActivityManagerNative; has 179 unimplemented (abstract) methods
D/AndroidRuntime( 1620): Calling main entry com.android.commands.am.Am
D/PushProtocol( 1156): init m_nSocket - -5
W/ActivityManager(  336): Unable to start service Intent { cmp=com.yundong.plugin/.service.Daemon } U=0: not found
D/AndroidRuntime( 1609): Shutting down VM
D/dalvikvm( 1609): GC_CONCURRENT freed 95K, 15% free 588K/688K, paused 13ms+2ms, total 67ms
D/AndroidRuntime( 1766): 
D/AndroidRuntime( 1766): >>>>>> AndroidRuntime START com.android.internal.os.RuntimeInit <<<<<<
D/AndroidRuntime( 1766): CheckJNI is ON
D/dalvikvm( 1763): Trying to load lib libjavacore.so 0x0
D/dalvikvm( 1756): Trying to load lib libjavacore.so 0x0
D/dalvikvm( 1732): Note: class Landroid/app/ActivityManagerNative; has 179 unimplemented (abstract) methods
D/dalvikvm( 1763): Added shared lib libjavacore.so 0x0
D/dalvikvm( 1756): Added shared lib libjavacore.so 0x0
W/ActivityManager(  336): Unable to start service Intent { cmp=com.yundong.plugin/.service.Daemon } U=0: not found
D/AndroidRuntime( 1620): Shutting down VM
D/AndroidRuntime( 1773): 
D/AndroidRuntime( 1773): >>>>>> AndroidRuntime START com.android.internal.os.RuntimeInit <<<<<<
D/AndroidRuntime( 1773): CheckJNI is ON
D/dalvikvm( 1620): GC_CONCURRENT freed 95K, 15% free 588K/688K, paused 3ms+2ms, total 425ms
D/dalvikvm( 1620): threadid=4 not ready yet
D/dalvikvm( 1620): threadid=0: waiting briefly for daemon suspension
D/dalvikvm( 1763): Trying to load lib libnativehelper.so 0x0
D/dalvikvm( 1763): Added shared lib libnativehelper.so 0x0
D/dalvikvm( 1741): Note: class Landroid/app/ActivityManagerNative; has 179 unimplemented (abstract) methods
D/dalvikvm( 1763): No JNI_OnLoad found in libnativehelper.so 0x0, skipping init
E/memtrack( 1661): Couldn't load memtrack module (No such file or directory)
E/android.os.Debug( 1661): failed to load memtrack module: -2
D/dalvikvm( 1756): Trying to load lib libnativehelper.so 0x0
D/dalvikvm( 1756): Added shared lib libnativehelper.so 0x0
