I/dalvikvm(  928): CheckJNI enabled: not enabling JNI app bug workarounds.
D/dalvikvm(  336): GC_EXPLICIT freed 295K, 56% free 5679K/12708K, paused 5ms+27ms, total 648ms
D/AndroidRuntime(  809): Shutting down VM
D/dalvikvm(  809): GC_CONCURRENT freed 95K, 16% free 560K/660K, paused 3ms+3ms, total 25ms
W/RecognitionManagerService(  336): no available voice recognition services found for user 0
I/ActivityManager(  336): Start proc com.android.calendar for broadcast com.android.calendar/.widget.CalendarAppWidgetService$CalendarFactory: pid=940 uid=10016 gids={50016, 3003}
I/MediaFocusControl(  336):   Remote Control   registerMediaButtonIntent() for PendingIntent{b32ca3a8: PendingIntentRecord{b32b6e48 com.android.music broadcastIntent}}
D/ConnectivityService(  336): [CheckMp] isMobileOk: not connected ni=NetworkInfo: type: mobile_hipri[UMTS], state: DISCONNECTED/IDLE, reason: (unspecified), extra: (none), roaming: false, failover: false, isAvailable: true, isConnectedToProvisioningNetwork: false
D/ExtensionsFactory(  940): No custom extensions.
I/ActivityManager(  336): Start proc com.android.deskclock for broadcast com.android.deskclock/.AlarmInitReceiver: pid=961 uid=10020 gids={50020, 1028}
I/ActivityManager(  336): Start proc com.android.providers.calendar for content provider com.android.providers.calendar/.CalendarProvider2: pid=971 uid=10001 gids={50001, 3003, 1028, 1015}
D/dalvikvm(   59): GC_EXPLICIT freed 40K, 4% free 2705K/2816K, paused 3ms+12ms, total 59ms
D/dalvikvm(   59): GC_EXPLICIT freed <1K, 4% free 2705K/2816K, paused 2ms+2ms, total 42ms
D/dalvikvm(   59): GC_EXPLICIT freed <1K, 4% free 2705K/2816K, paused 12ms+2ms, total 52ms
V/MediaScanner(  628): pruneDeadThumbnailFiles... android.database.sqlite.SQLiteCursor@b2ce3818
V/MediaScanner(  628): /pruneDeadThumbnailFiles... android.database.sqlite.SQLiteCursor@b2ce3818
V/AlarmClock(  961): AlarmInitReceiver android.intent.action.TIMEZONE_CHANGED
I/CalendarDatabaseHelper(  971): Bootstrapping database
D/ConnectivityService(  336): [CheckMp] isMobileOk: not connected ni=NetworkInfo: type: mobile_hipri[UMTS], state: DISCONNECTED/IDLE, reason: (unspecified), extra: (none), roaming: false, failover: false, isAvailable: true, isConnectedToProvisioningNetwork: false
I/AlarmClock(  961): Alarms Table created
I/AlarmClock(  961): Instance table created
I/AlarmClock(  961): Cities table created
I/AlarmClock(  961): Inserting default alarms
I/AlarmClock(  961): Displaying next alarm time: ''
W/BackupManagerService(  336): dataChanged but no participant pkg='com.android.providers.settings' uid=10020
V/AlarmClock(  961): AlarmInitReceiver finished
I/CalendarProvider2(  971): Created com.android.providers.calendar.CalendarAlarmManager@b2d138b8(com.android.providers.calendar.CalendarProvider2@b2cfff90)
E/BluetoothAdapter(  618): Bluetooth binder is null
E/BluetoothAdapter(  618): Bluetooth binder is null
I/ActivityManager(  336): Start proc com.android.dialer for broadcast com.android.dialer/.calllog.CallLogReceiver: pid=989 uid=10004 gids={50004, 3003, 1028, 1015}
D/ExtensionsFactory(  989): No custom extensions.
I/ActivityManager(  336): Delay finish: com.android.dialer/.calllog.CallLogReceiver
I/ActivityManager(  336): Resuming delayed broadcast
D/ConnectivityService(  336): [CheckMp] isMobileOk: not connected ni=NetworkInfo: type: mobile_hipri[UMTS], state: DISCONNECTED/IDLE, reason: (unspecified), extra: (none), roaming: false, failover: false, isAvailable: true, isConnectedToProvisioningNetwork: false
E/BluetoothAdapter(  336): Bluetooth binder is null
E/BluetoothAdapter(  336): Bluetooth binder is null
V/WiredAccessoryManager(  336): init()
E/SoundPool(  336): error loading /system/media/audio/ui/Effect_Tick.ogg
W/AudioService(  336): Soundpool could not load file: /system/media/audio/ui/Effect_Tick.ogg
E/SoundPool(  336): error loading /system/media/audio/ui/Effect_Tick.ogg
W/AudioService(  336): Soundpool could not load file: /system/media/audio/ui/Effect_Tick.ogg
E/SoundPool(  336): error loading /system/media/audio/ui/Effect_Tick.ogg
W/AudioService(  336): Soundpool could not load file: /system/media/audio/ui/Effect_Tick.ogg
I/PowerManagerService(  336): Boot animation finished.
E/SoundPool(  336): error loading /system/media/audio/ui/Effect_Tick.ogg
W/AudioService(  336): Soundpool could not load file: /system/media/audio/ui/Effect_Tick.ogg
E/SoundPool(  336): error loading /system/media/audio/ui/Effect_Tick.ogg
W/AudioService(  336): Soundpool could not load file: /system/media/audio/ui/Effect_Tick.ogg
E/SoundPool(  336): error loading /system/media/audio/ui/KeypressStandard.ogg
W/AudioService(  336): Soundpool could not load file: /system/media/audio/ui/KeypressStandard.ogg
E/SoundPool(  336): error loading /system/media/audio/ui/KeypressSpacebar.ogg
W/AudioService(  336): Soundpool could not load file: /system/media/audio/ui/KeypressSpacebar.ogg
E/SoundPool(  336): error loading /system/media/audio/ui/KeypressDelete.ogg
W/AudioService(  336): Soundpool could not load file: /system/media/audio/ui/KeypressDelete.ogg
E/SoundPool(  336): error loading /system/media/audio/ui/KeypressReturn.ogg
W/AudioService(  336): Soundpool could not load file: /system/media/audio/ui/KeypressReturn.ogg
E/SoundPool(  336): error loading /system/media/audio/ui/KeypressInvalid.ogg
W/AudioService(  336): Soundpool could not load file: /system/media/audio/ui/KeypressInvalid.ogg
W/AudioService(  336): onLoadSoundEffects(), Error -1 while loading samples
I/RecoverySystem(  336): No recovery log file
I/BootReceiver(  336): Copying audit failures to DropBox
I/BootReceiver(  336): Checking for fsck errors
D/dalvikvm(  336): GC_CONCURRENT freed 535K, 55% free 5763K/12708K, paused 6ms+5ms, total 77ms
I/CalendarProvider2(  971): Sending notification intent: Intent { act=android.intent.action.PROVIDER_CHANGED dat=content://com.android.calendar }
W/ContentResolver(  971): Failed to get type for: content://com.android.calendar (Unknown URL content://com.android.calendar)
I/ActivityManager(  336): Delay finish: com.android.providers.media/.MediaScannerReceiver
I/ActivityManager(  336): Resuming delayed broadcast
I/ActivityManager(  336): Start proc com.android.mms for broadcast com.android.mms/.transaction.MmsSystemEventReceiver: pid=1015 uid=10009 gids={50009, 3003, 1028, 1015}
D/CountryDetector(  336): The first listener is added
V/MmsConfig( 1015): mnc/mcc: 310260
V/MmsConfig( 1015): tag: bool value: enabledMMS - true
V/MmsConfig( 1015): tag: int value: maxMessageSize - 307200
V/MmsConfig( 1015): tag: int value: maxImageHeight - 480
V/MmsConfig( 1015): tag: int value: maxImageWidth - 640
V/MmsConfig( 1015): tag: int value: defaultSMSMessagesPerThread - 10000
V/MmsConfig( 1015): tag: int value: defaultMMSMessagesPerThread - 1000
V/MmsConfig( 1015): tag: int value: minMessageCountPerThread - 10
V/MmsConfig( 1015): tag: int value: maxMessageCountPerThread - 5000
V/MmsConfig( 1015): tag: string value: uaProfUrl - http://www.google.com/oha/rdf/ua-profile-kila.xml
V/MmsConfig( 1015): tag: int value: recipientLimit - -1
V/MmsConfig( 1015): tag: bool value: enableMultipartSMS - true
V/MmsConfig( 1015): tag: int value: smsToMmsTextThreshold - -1
V/MmsConfig( 1015): tag: bool value: enableSlideDuration - true
V/MmsConfig( 1015): tag: int value: maxMessageTextSize - -1
D/ConnectivityService(  336): [CheckMp] isMobileOk: not connected ni=NetworkInfo: type: mobile_hipri[UMTS], state: DISCONNECTED/IDLE, reason: (unspecified), extra: (none), roaming: false, failover: false, isAvailable: true, isConnectedToProvisioningNetwork: false
I/MediaProvider(  628): Upgrading media database from version 0 to 700, which will destroy all old data
I/ActivityManager(  336): Delay finish: com.android.mms/.transaction.MmsSystemEventReceiver
D/Mms:app ( 1015): cancelNotification
I/ActivityManager(  336): Resuming delayed broadcast
I/ActivityManager(  336): Delay finish: com.android.mms/.transaction.SmsReceiver
D/MmsSmsDatabaseHelper(  602): [MmsSmsDb] tableName: threads hasAutoIncrement: CREATE TABLE threads (_id INTEGER PRIMARY KEY AUTOINCREMENT,date INTEGER DEFAULT 0,message_count INTEGER DEFAULT 0,recipient_ids TEXT,snippet TEXT,snippet_cs INTEGER DEFAULT 0,read INTEGER DEFAULT 1,type INTEGER DEFAULT 0,error INTEGER DEFAULT 0,has_attachment INTEGER DEFAULT 0) result: true
D/MmsSmsDatabaseHelper(  602): [MmsSmsDb] tableName: canonical_addresses hasAutoIncrement: CREATE TABLE canonical_addresses (_id INTEGER PRIMARY KEY AUTOINCREMENT,address TEXT) result: true
D/MmsSmsDatabaseHelper(  602): [MmsSmsDb] tableName: part hasAutoIncrement: CREATE TABLE part (_id INTEGER PRIMARY KEY AUTOINCREMENT,mid INTEGER,seq INTEGER DEFAULT 0,ct TEXT,name TEXT,chset INTEGER,cd TEXT,fn TEXT,cid TEXT,cl TEXT,ctt_s INTEGER,ctt_t TEXT,_data TEXT,text TEXT) result: true
D/MmsSmsDatabaseHelper(  602): [MmsSmsDb] tableName: pdu hasAutoIncrement: CREATE TABLE pdu (_id INTEGER PRIMARY KEY AUTOINCREMENT,thread_id INTEGER,date INTEGER,date_sent INTEGER DEFAULT 0,msg_box INTEGER,read INTEGER DEFAULT 0,m_id TEXT,sub TEXT,sub_cs INTEGER,ct_t TEXT,ct_l TEXT,exp INTEGER,m_cls TEXT,m_type INTEGER,v INTEGER,m_size INTEGER,pri INTEGER,rr INTEGER,rpt_a INTEGER,resp_st INTEGER,st INTEGER,tr_id TEXT,retr_st INTEGER,retr_txt TEXT,retr_txt_cs INTEGER,read_status INTEGER,ct_cls INTEGER,resp_txt TEXT,d_tm INTEGER,d_rpt INTEGER,locked INTEGER DEFAULT 0,seen INTEGER DEFAULT 0,text_only INTEGER DEFAULT 0) result: true
D/MmsSmsDatabaseHelper(  602): [getWritableDatabase] hasAutoIncrementThreads: true hasAutoIncrementAddresses: true hasAutoIncrementPart: true hasAutoIncrementPdu: true
D/Mms:app ( 1015): cancelNotification
I/ActivityManager(  336): Resuming delayed broadcast
D/AlertReceiver(  940): onReceive: a=android.intent.action.BOOT_COMPLETED Intent { act=android.intent.action.BOOT_COMPLETED flg=0x8000010 cmp=com.android.calendar/.alerts.AlertReceiver (has extras) }
I/ActivityManager(  336): Delay finish: com.android.calendar/.alerts.AlertReceiver
D/AlertUtils(  940): Flushing old alerts from shared prefs table
D/AlertService(  940): 0 Action = android.intent.action.BOOT_COMPLETED
D/AlertService(  940): Scheduling next alarm with AlarmScheduler. sEventReminderReceived: null
D/dalvikvm(  940): GC_CONCURRENT freed 308K, 12% free 2808K/3188K, paused 13ms+2ms, total 63ms
D/AlarmScheduler(  940): No events found starting within 1 week.
D/ConnectivityService(  336): [CheckMp] isMobileOk: not connected ni=NetworkInfo: type: mobile_hipri[UMTS], state: DISCONNECTED/IDLE, reason: (unspecified), extra: (none), roaming: false, failover: false, isAvailable: true, isConnectedToProvisioningNetwork: false
E/SQLiteLog(  628): (1) no such table: files
E/WVMExtractor(   61): Failed to open libwvm.so
D/dalvikvm(  628): GC_CONCURRENT freed 239K, 10% free 3027K/3336K, paused 4ms+2ms, total 32ms
D/ConnectivityService(  336): [CheckMp] isMobileOk: not connected ni=NetworkInfo: type: mobile_hipri[UMTS], state: DISCONNECTED/IDLE, reason: (unspecified), extra: (none), roaming: false, failover: false, isAvailable: true, isConnectedToProvisioningNetwork: false
V/MediaScanner(  628): pruneDeadThumbnailFiles... android.database.sqlite.SQLiteCursor@b2d59190
V/MediaScanner(  628): /pruneDeadThumbnailFiles... android.database.sqlite.SQLiteCursor@b2d59190
I/ActivityManager(  336): Resuming delayed broadcast
V/AlarmClock(  961): AlarmInitReceiver android.intent.action.BOOT_COMPLETED
V/AlarmClock(  961): AlarmInitReceiver - Reset timers and clear stopwatch data
V/AlarmClock(  961): AlarmInitReceiver - resetting volume button default
I/AlarmClock(  961): Displaying next alarm time: ''
V/AlarmClock(  961): AlarmInitReceiver finished
D/dalvikvm(  961): GC_CONCURRENT freed 375K, 14% free 2833K/3284K, paused 6ms+2ms, total 98ms
D/dalvikvm(  961): WAIT_FOR_CONCURRENT_GC blocked 37ms
I/ActivityManager(  336): Delay finish: com.android.email/.service.EmailUpgradeBroadcastReceiver
E/MetadataRetrieverClient(   61): failed to extract an album art
I/ActivityManager(  336): Resuming delayed broadcast
I/Email   (  888): Onetime initialization: 1
I/Email   (  888): Onetime initialization: 2
I/ActivityManager(  336): Delay finish: com.android.email/.service.EmailBroadcastReceiver
I/Email   (  888): Onetime initialization: completed.
I/ActivityManager(  336): Delaying start of: ServiceRecord{b3243780 u0 com.android.exchange/.service.EmailSyncAdapterService}
I/ActivityManager(  336): Resuming delayed broadcast
I/LauncherIconVisibilityManager(  591): Boot has been completed
I/LauncherIconVisibilityManager(  591): Disable activity: ComponentInfo{com.android.inputmethod.latin/com.android.inputmethod.latin.setup.SetupActivity}
I/InputReader(  336): Reconfiguring input devices.  changes=0x00000010
I/PackageManager(  336):   Action: "android.intent.action.SENDTO"
I/PackageManager(  336):   Category: "android.intent.category.DEFAULT"
I/PackageManager(  336):   Scheme: "sms"
I/PackageManager(  336): Adding preferred activity ComponentInfo{com.android.mms/com.android.mms.ui.ComposeMessageActivity} for user 0 :
D/dalvikvm(  336): GC_CONCURRENT freed 791K, 55% free 5741K/12708K, paused 5ms+5ms, total 132ms
D/dalvikvm(  336): WAIT_FOR_CONCURRENT_GC blocked 57ms
D/dalvikvm(  336): WAIT_FOR_CONCURRENT_GC blocked 59ms
D/dalvikvm(  336): WAIT_FOR_CONCURRENT_GC blocked 61ms
D/dalvikvm(  336): WAIT_FOR_CONCURRENT_GC blocked 64ms
D/dalvikvm(  336): WAIT_FOR_CONCURRENT_GC blocked 49ms
I/PackageManager(  336):   Action: "android.intent.action.SENDTO"
I/PackageManager(  336):   Category: "android.intent.category.DEFAULT"
I/PackageManager(  336):   Scheme: "smsto"
I/PackageManager(  336): Adding preferred activity ComponentInfo{com.android.mms/com.android.mms.ui.ComposeMessageActivity} for user 0 :
I/InputReader(  336): Reconfiguring input devices.  changes=0x00000010
I/InputReader(  336): Reconfiguring input devices.  changes=0x00000010
I/PackageManager(  336):   Action: "android.intent.action.SENDTO"
I/PackageManager(  336):   Category: "android.intent.category.DEFAULT"
I/PackageManager(  336):   Scheme: "mms"
I/PackageManager(  336): Adding preferred activity ComponentInfo{com.android.mms/com.android.mms.ui.ComposeMessageActivity} for user 0 :
I/PackageManager(  336):   Action: "android.intent.action.SENDTO"
I/PackageManager(  336):   Category: "android.intent.category.DEFAULT"
I/PackageManager(  336):   Scheme: "mmsto"
I/PackageManager(  336): Adding preferred activity ComponentInfo{com.android.mms/com.android.mms.ui.ComposeMessageActivity} for user 0 :
D/dalvikvm(  602): GC_CONCURRENT freed 458K, 14% free 3398K/3928K, paused 21ms+2ms, total 140ms
I/PackageManager(  336):   Action: "android.intent.action.SENDTO"
I/PackageManager(  336):   Category: "android.intent.category.DEFAULT"
I/PackageManager(  336):   Scheme: "sms"
I/PackageManager(  336): Adding preferred activity ComponentInfo{com.android.mms/com.android.mms.ui.ComposeMessageActivity} for user 0 :
I/PackageManager(  336):   Action: "android.intent.action.SENDTO"
I/PackageManager(  336):   Category: "android.intent.category.DEFAULT"
I/PackageManager(  336):   Scheme: "smsto"
I/PackageManager(  336): Adding preferred activity ComponentInfo{com.android.mms/com.android.mms.ui.ComposeMessageActivity} for user 0 :
I/PackageManager(  336):   Action: "android.intent.action.SENDTO"
I/PackageManager(  336):   Category: "android.intent.category.DEFAULT"
I/PackageManager(  336):   Scheme: "mms"
I/PackageManager(  336): Adding preferred activity ComponentInfo{com.android.mms/com.android.mms.ui.ComposeMessageActivity} for user 0 :
D/ConnectivityService(  336): [CheckMp] isMobileOk: not connected ni=NetworkInfo: type: mobile_hipri[UMTS], state: DISCONNECTED/IDLE, reason: (unspecified), extra: (none), roaming: false, failover: false, isAvailable: true, isConnectedToProvisioningNetwork: false
D/dalvikvm(  336): GC_CONCURRENT freed 713K, 55% free 5779K/12708K, paused 6ms+5ms, total 108ms
I/PackageManager(  336):   Action: "android.intent.action.SENDTO"
I/PackageManager(  336):   Category: "android.intent.category.DEFAULT"
I/PackageManager(  336):   Scheme: "mmsto"
I/PackageManager(  336): Adding preferred activity ComponentInfo{com.android.mms/com.android.mms.ui.ComposeMessageActivity} for user 0 :
I/PackageManager(  336):   Action: "android.intent.action.SENDTO"
I/PackageManager(  336):   Category: "android.intent.category.DEFAULT"
I/PackageManager(  336):   Scheme: "sms"
I/PackageManager(  336): Adding preferred activity ComponentInfo{com.android.mms/com.android.mms.ui.ComposeMessageActivity} for user 0 :
I/PackageManager(  336):   Action: "android.intent.action.SENDTO"
I/PackageManager(  336):   Category: "android.intent.category.DEFAULT"
I/PackageManager(  336):   Scheme: "smsto"
I/PackageManager(  336): Adding preferred activity ComponentInfo{com.android.mms/com.android.mms.ui.ComposeMessageActivity} for user 0 :
I/PackageManager(  336):   Action: "android.intent.action.SENDTO"
I/PackageManager(  336):   Category: "android.intent.category.DEFAULT"
I/PackageManager(  336):   Scheme: "mms"
I/PackageManager(  336): Adding preferred activity ComponentInfo{com.android.mms/com.android.mms.ui.ComposeMessageActivity} for user 0 :
D/dalvikvm(  602): GC_CONCURRENT freed 501K, 15% free 3356K/3936K, paused 6ms+2ms, total 50ms
I/PackageManager(  336):   Action: "android.intent.action.SENDTO"
I/PackageManager(  336):   Category: "android.intent.category.DEFAULT"
I/PackageManager(  336):   Scheme: "mmsto"
I/PackageManager(  336): Adding preferred activity ComponentInfo{com.android.mms/com.android.mms.ui.ComposeMessageActivity} for user 0 :
I/PackageManager(  336):   Action: "android.intent.action.SENDTO"
I/PackageManager(  336):   Category: "android.intent.category.DEFAULT"
I/PackageManager(  336):   Scheme: "sms"
I/PackageManager(  336): Adding preferred activity ComponentInfo{com.android.mms/com.android.mms.ui.ComposeMessageActivity} for user 0 :
I/PackageManager(  336):   Action: "android.intent.action.SENDTO"
I/PackageManager(  336):   Category: "android.intent.category.DEFAULT"
I/PackageManager(  336):   Scheme: "smsto"
I/PackageManager(  336): Adding preferred activity ComponentInfo{com.android.mms/com.android.mms.ui.ComposeMessageActivity} for user 0 :
I/PackageManager(  336):   Action: "android.intent.action.SENDTO"
I/PackageManager(  336):   Category: "android.intent.category.DEFAULT"
I/PackageManager(  336):   Scheme: "mms"
I/PackageManager(  336): Adding preferred activity ComponentInfo{com.android.mms/com.android.mms.ui.ComposeMessageActivity} for user 0 :
D/dalvikvm(  336): GC_CONCURRENT freed 745K, 55% free 5806K/12708K, paused 5ms+5ms, total 94ms
D/dalvikvm(  336): WAIT_FOR_CONCURRENT_GC blocked 42ms
D/dalvikvm(  336): WAIT_FOR_CONCURRENT_GC blocked 30ms
I/PackageManager(  336):   Action: "android.intent.action.SENDTO"
I/PackageManager(  336):   Category: "android.intent.category.DEFAULT"
I/PackageManager(  336):   Scheme: "mmsto"
I/PackageManager(  336): Adding preferred activity ComponentInfo{com.android.mms/com.android.mms.ui.ComposeMessageActivity} for user 0 :
D/dalvikvm(  602): GC_CONCURRENT freed 420K, 14% free 3385K/3936K, paused 4ms+12ms, total 42ms
I/PackageManager(  336):   Action: "android.intent.action.SENDTO"
I/PackageManager(  336):   Category: "android.intent.category.DEFAULT"
I/PackageManager(  336):   Scheme: "sms"
I/PackageManager(  336): Adding preferred activity ComponentInfo{com.android.mms/com.android.mms.ui.ComposeMessageActivity} for user 0 :
I/PackageManager(  336):   Action: "android.intent.action.SENDTO"
I/PackageManager(  336):   Category: "android.intent.category.DEFAULT"
I/PackageManager(  336):   Scheme: "smsto"
I/PackageManager(  336): Adding preferred activity ComponentInfo{com.android.mms/com.android.mms.ui.ComposeMessageActivity} for user 0 :
I/PackageManager(  336):   Action: "android.intent.action.SENDTO"
I/PackageManager(  336):   Category: "android.intent.category.DEFAULT"
I/PackageManager(  336):   Scheme: "mms"
I/PackageManager(  336): Adding preferred activity ComponentInfo{com.android.mms/com.android.mms.ui.ComposeMessageActivity} for user 0 :
I/PackageManager(  336):   Action: "android.intent.action.SENDTO"
I/PackageManager(  336):   Category: "android.intent.category.DEFAULT"
I/PackageManager(  336):   Scheme: "mmsto"
I/PackageManager(  336): Adding preferred activity ComponentInfo{com.android.mms/com.android.mms.ui.ComposeMessageActivity} for user 0 :
I/PackageManager(  336):   Action: "android.intent.action.SENDTO"
I/PackageManager(  336):   Category: "android.intent.category.DEFAULT"
I/PackageManager(  336):   Scheme: "sms"
I/PackageManager(  336): Adding preferred activity ComponentInfo{com.android.mms/com.android.mms.ui.ComposeMessageActivity} for user 0 :
E/BluetoothAdapter(  618): Bluetooth binder is null
I/PackageManager(  336):   Action: "android.intent.action.SENDTO"
I/PackageManager(  336):   Category: "android.intent.category.DEFAULT"
I/PackageManager(  336):   Scheme: "smsto"
I/PackageManager(  336): Adding preferred activity ComponentInfo{com.android.mms/com.android.mms.ui.ComposeMessageActivity} for user 0 :
I/PackageManager(  336):   Action: "android.intent.action.SENDTO"
I/PackageManager(  336):   Category: "android.intent.category.DEFAULT"
I/PackageManager(  336):   Scheme: "mms"
I/PackageManager(  336): Adding preferred activity ComponentInfo{com.android.mms/com.android.mms.ui.ComposeMessageActivity} for user 0 :
D/dalvikvm(  602): GC_CONCURRENT freed 384K, 12% free 3464K/3936K, paused 4ms+32ms, total 74ms
D/dalvikvm(  336): GC_CONCURRENT freed 828K, 55% free 5748K/12708K, paused 9ms+5ms, total 121ms
D/dalvikvm(  336): WAIT_FOR_CONCURRENT_GC blocked 66ms
I/PackageManager(  336):   Action: "android.intent.action.SENDTO"
I/PackageManager(  336):   Category: "android.intent.category.DEFAULT"
I/PackageManager(  336):   Scheme: "mmsto"
I/PackageManager(  336): Adding preferred activity ComponentInfo{com.android.mms/com.android.mms.ui.ComposeMessageActivity} for user 0 :
D/ConnectivityService(  336): [CheckMp] isMobileOk: not connected ni=NetworkInfo: type: mobile_hipri[UMTS], state: DISCONNECTED/IDLE, reason: (unspecified), extra: (none), roaming: false, failover: false, isAvailable: true, isConnectedToProvisioningNetwork: false
I/ActivityManager(  336): Delay finish: com.android.deskclock/com.android.alarmclock.AnalogAppWidgetProvider
D/dalvikvm( 1015): GC_CONCURRENT freed 231K, 10% free 2872K/3176K, paused 9ms+4ms, total 87ms
E/StrictMode( 1015): A resource was acquired at attached stack trace but never released. See java.io.Closeable for information on avoiding resource leaks.
E/StrictMode( 1015): java.lang.Throwable: Explicit termination method 'release' not called
E/StrictMode( 1015): 	at dalvik.system.CloseGuard.open(CloseGuard.java:184)
E/StrictMode( 1015): 	at android.drm.DrmManagerClient.<init>(DrmManagerClient.java:258)
E/StrictMode( 1015): 	at com.google.android.mms.pdu.PduPersister.<init>(PduPersister.java:288)
E/StrictMode( 1015): 	at com.google.android.mms.pdu.PduPersister.getPduPersister(PduPersister.java:296)
E/StrictMode( 1015): 	at com.android.mms.transaction.TransactionService.onNewIntent(TransactionService.java:224)
E/StrictMode( 1015): 	at com.android.mms.transaction.TransactionService$ServiceHandler.handleMessage(TransactionService.java:621)
E/StrictMode( 1015): 	at android.os.Handler.dispatchMessage(Handler.java:102)
E/StrictMode( 1015): 	at android.os.Looper.loop(Looper.java:136)
E/StrictMode( 1015): 	at android.os.HandlerThread.run(HandlerThread.java:61)
I/ActivityManager(  336): Resuming delayed broadcast
W/BroadcastQueue(  336): Permission Denial: broadcasting Intent { act=android.appwidget.action.APPWIDGET_UPDATE_OPTIONS flg=0x10 cmp=com.android.settings/.widget.SettingsAppWidgetProvider (has extras) } from android (pid=678, uid=10008) is not exported from uid 1000 due to receiver com.android.settings/.widget.SettingsAppWidgetProvider
I/ActivityManager(  336): Start proc com.svox.pico for broadcast com.svox.pico/.VoiceDataInstallerReceiver: pid=1057 uid=10037 gids={50037, 1028, 1015}
E/BluetoothAdapter(  618): Bluetooth binder is null
D/AlertReceiver(  940): onReceive: a=android.intent.action.PROVIDER_CHANGED Intent { act=android.intent.action.PROVIDER_CHANGED dat=content://com.android.calendar flg=0x10 cmp=com.android.calendar/.alerts.AlertReceiver }
I/ActivityManager(  336): Delay finish: com.android.calendar/.alerts.AlertReceiver
D/AlertService(  940): 0 Action = android.intent.action.PROVIDER_CHANGED
D/ConnectivityService(  336): [CheckMp] isMobileOk: not connected ni=NetworkInfo: type: mobile_hipri[UMTS], state: DISCONNECTED/IDLE, reason: (unspecified), extra: (none), roaming: false, failover: false, isAvailable: true, isConnectedToProvisioningNetwork: false
D/ConnectivityService(  336): [CheckMp] isMobileOk: not connected ni=NetworkInfo: type: mobile_hipri[UMTS], state: DISCONNECTED/IDLE, reason: (unspecified), extra: (none), roaming: false, failover: false, isAvailable: true, isConnectedToProvisioningNetwork: false
D/ConnectivityService(  336): [CheckMp] isMobileOk: not connected ni=NetworkInfo: type: mobile_hipri[UMTS], state: DISCONNECTED/IDLE, reason: (unspecified), extra: (none), roaming: false, failover: false, isAvailable: true, isConnectedToProvisioningNetwork: false
D/ConnectivityService(  336): [CheckMp] isMobileOk: not connected ni=NetworkInfo: type: mobile_hipri[UMTS], state: DISCONNECTED/IDLE, reason: (unspecified), extra: (none), roaming: false, failover: false, isAvailable: true, isConnectedToProvisioningNetwork: false
D/ConnectivityService(  336): [CheckMp] isMobileOk: not connected ni=NetworkInfo: type: mobile_hipri[UMTS], state: DISCONNECTED/IDLE, reason: (unspecified), extra: (none), roaming: false, failover: false, isAvailable: true, isConnectedToProvisioningNetwork: false
I/GlobalDismissManager(  940): no sender configured
D/AlertService(  940): Beginning updateAlertNotification
D/ConnectivityService(  336): [CheckMp] isMobileOk: not connected ni=NetworkInfo: type: mobile_hipri[UMTS], state: DISCONNECTED/IDLE, reason: (unspecified), extra: (none), roaming: false, failover: false, isAvailable: true, isConnectedToProvisioningNetwork: false
D/AlertService(  940): No fired or scheduled alerts
D/AlertService(  940): Scheduling next alarm with AlarmScheduler. sEventReminderReceived: null
D/AlarmScheduler(  940): No events found starting within 1 week.
I/ActivityManager(  336): Resuming delayed broadcast
I/ActivityManager(  336): Delay finish: com.android.mms/.transaction.SmsReceiver
V/SmsReceiverService( 1015): onStart: #1 mResultCode: -1 = Activity.RESULT_OK
I/ActivityManager(  336): Resuming delayed broadcast
I/ActivityManager(  336): Delay finish: com.android.providers.calendar/.CalendarProviderBroadcastReceiver
D/MobileDataStateTracker(  336): default: setPolicyDataEnable(enabled=true)
D/dalvikvm(  971): GC_CONCURRENT freed 223K, 10% free 2895K/3192K, paused 3ms+2ms, total 67ms
I/ActivityManager(  336): Resuming delayed broadcast
D/ConnectivityService(  336): [CheckMp] isMobileOk: not connected ni=NetworkInfo: type: mobile_hipri[UMTS], state: DISCONNECTED/IDLE, reason: (unspecified), extra: (none), roaming: false, failover: false, isAvailable: true, isConnectedToProvisioningNetwork: false
I/ActivityManager(  336): Waited long enough for: ServiceRecord{b3661a10 u0 com.android.music/.MediaPlaybackService}
D/ConnectivityService(  336): [CheckMp] isMobileOk: not connected ni=NetworkInfo: type: mobile_hipri[UMTS], state: DISCONNECTED/IDLE, reason: (unspecified), extra: (none), roaming: false, failover: false, isAvailable: true, isConnectedToProvisioningNetwork: false
D/ConnectivityService(  336): [CheckMp] isMobileOk: not connected ni=NetworkInfo: type: mobile_hipri[UMTS], state: DISCONNECTED/IDLE, reason: (unspecified), extra: (none), roaming: false, failover: false, isAvailable: true, isConnectedToProvisioningNetwork: false
D/ConnectivityService(  336): Sampling interval elapsed, updating statistics ..
D/ConnectivityService(  336): Done.
D/ConnectivityService(  336): Setting timer for 720seconds
D/ConnectivityService(  336): [CheckMp] isMobileOk: not connected ni=NetworkInfo: type: mobile_hipri[UMTS], state: DISCONNECTED/IDLE, reason: (unspecified), extra: (none), roaming: false, failover: false, isAvailable: true, isConnectedToProvisioningNetwork: false
D/ConnectivityService(  336): [CheckMp] isMobileOk: not connected ni=NetworkInfo: type: mobile_hipri[UMTS], state: DISCONNECTED/IDLE, reason: (unspecified), extra: (none), roaming: false, failover: false, isAvailable: true, isConnectedToProvisioningNetwork: false
I/ActivityManager(  336): Waited long enough for: ServiceRecord{b3275740 u0 com.android.calendar/.alerts.InitAlarmsService}
D/ConnectivityService(  336): [CheckMp] isMobileOk: not connected ni=NetworkInfo: type: mobile_hipri[UMTS], state: DISCONNECTED/IDLE, reason: (unspecified), extra: (none), roaming: false, failover: false, isAvailable: true, isConnectedToProvisioningNetwork: false
D/ConnectivityService(  336): [CheckMp] isMobileOk: not connected ni=NetworkInfo: type: mobile_hipri[UMTS], state: DISCONNECTED/IDLE, reason: (unspecified), extra: (none), roaming: false, failover: false, isAvailable: true, isConnectedToProvisioningNetwork: false
D/AndroidRuntime( 1074): 
D/AndroidRuntime( 1074): >>>>>> AndroidRuntime START com.android.internal.os.RuntimeInit <<<<<<
D/AndroidRuntime( 1074): CheckJNI is ON
D/dalvikvm( 1074): Trying to load lib libjavacore.so 0x0
D/dalvikvm( 1074): Added shared lib libjavacore.so 0x0
D/dalvikvm( 1074): Trying to load lib libnativehelper.so 0x0
D/dalvikvm( 1074): Added shared lib libnativehelper.so 0x0
D/dalvikvm( 1074): No JNI_OnLoad found in libnativehelper.so 0x0, skipping init
D/dalvikvm( 1074): Note: class Landroid/app/ActivityManagerNative; has 179 unimplemented (abstract) methods
D/ConnectivityService(  336): [CheckMp] isMobileOk: not connected ni=NetworkInfo: type: mobile_hipri[UMTS], state: DISCONNECTED/IDLE, reason: (unspecified), extra: (none), roaming: false, failover: false, isAvailable: true, isConnectedToProvisioningNetwork: false
E/memtrack( 1074): Couldn't load memtrack module (No such file or directory)
E/android.os.Debug( 1074): failed to load memtrack module: -2
D/dalvikvm(  336): GC_CONCURRENT freed 676K, 56% free 5711K/12708K, paused 4ms+5ms, total 138ms
D/AndroidRuntime( 1074): Calling main entry com.android.commands.am.Am
I/ActivityManager(  336): START u0 {act=android.intent.action.MAIN cat=[android.intent.category.LAUNCHER] flg=0x10000000 cmp=kr.aboy.rishzbeu/.LicenseCheck} from pid 1074
D/gralloc (   58): Registering a buffer in the process that created it. This may cause memory ordering problems.
E/libEGL  (   58): called unimplemented OpenGL ES API
E/libEGL  (   58): called unimplemented OpenGL ES API
E/libEGL  (   58): called unimplemented OpenGL ES API
E/libEGL  (   58): called unimplemented OpenGL ES API
E/SurfaceFlinger(   58): glCheckFramebufferStatusOES error 1534054076
E/SurfaceFlinger(   58): got GL_FRAMEBUFFER_COMPLETE_OES error while taking screenshot
E/libEGL  (   58): called unimplemented OpenGL ES API
E/libEGL  (   58): called unimplemented OpenGL ES API
W/WindowManager(  336): Screenshot failure taking screenshot for (164x295) to layer 21005
I/ActivityManager(  336): Start proc kr.aboy.rishzbeu for activity kr.aboy.rishzbeu/.LicenseCheck: pid=1086 uid=10052 gids={50052, 1028, 1015, 3003}
I/dalvikvm( 1086): CheckJNI enabled: not enabling JNI app bug workarounds.
D/ConnectivityService(  336): [CheckMp] isMobileOk: not connected ni=NetworkInfo: type: mobile_hipri[UMTS], state: DISCONNECTED/IDLE, reason: (unspecified), extra: (none), roaming: false, failover: false, isAvailable: true, isConnectedToProvisioningNetwork: false
D/dalvikvm( 1086): GC_CONCURRENT freed 294K, 12% free 2924K/3288K, paused 5ms+12ms, total 83ms
D/dalvikvm( 1086): WAIT_FOR_CONCURRENT_GC blocked 10ms
D/dalvikvm( 1086): WAIT_FOR_CONCURRENT_GC blocked 4ms
D/dalvikvm( 1086): DexOpt: --- BEGIN 'fjyatap.jar' (bootstrap=0) ---
D/dalvikvm( 1106): DexOpt: load 32ms, verify+opt 65ms, 221772 bytes
D/dalvikvm( 1086): DexOpt: --- END 'fjyatap.jar' (success) ---
D/dalvikvm( 1086): DEX prep '/storage/sdcard/znd_cache/fjyatap.jar': unzip in 2ms, rewrite 295ms
I/C       ( 1086): adList size: 0
D/v_sl    ( 1086): d1f9e7f374564451ad8c509c42c786ab
D/v_sl    ( 1086): anzhi
D/dalvikvm( 1086): DexOpt: --- BEGIN 'aybydcaamcvhtgn.dat.jar' (bootstrap=0) ---
D/dalvikvm( 1086): GC_CONCURRENT freed 403K, 14% free 2921K/3396K, paused 12ms+2ms, total 41ms
E/NetdConnector(  336): NDC Command {30 bandwidth removeiquota eth0} took too long (676ms)
D/ConnectivityService(  336): [CheckMp] isMobileOk: not connected ni=NetworkInfo: type: mobile_hipri[UMTS], state: DISCONNECTED/IDLE, reason: (unspecified), extra: (none), roaming: false, failover: false, isAvailable: true, isConnectedToProvisioningNetwork: false
D/dalvikvm( 1116): DexOpt: load 134ms, verify+opt 300ms, 750724 bytes
D/dalvikvm( 1086): DexOpt: --- END 'aybydcaamcvhtgn.dat.jar' (success) ---
D/dalvikvm( 1086): DEX prep '/storage/sdcard/Android/kr.aboy.rishzbeu/aybydcaamcvhtgn.dat.jar': unzip in 30ms, rewrite 700ms
I/System.out( 1086): kr.aboy.rishzbeu.SmartDistance
I/System.out( 1086): clz:class kr.aboy.rishzbeu.SmartDistance
I/System.out( 1086): false
I/System.out( 1086): kr.aboy.rishzbeu.LicenseCheck
I/System.out( 1086): clz:class kr.aboy.rishzbeu.LicenseCheck
I/System.out( 1086): false
I/System.out( 1086): kr.aboy.rishzbeu.DialogHeight
I/System.out( 1086): clz:class kr.aboy.rishzbeu.DialogHeight
I/System.out( 1086): false
I/System.out( 1086): kr.aboy.rishzbeu.DialogWidth
I/System.out( 1086): clz:class kr.aboy.rishzbeu.DialogWidth
I/System.out( 1086): false
I/System.out( 1086): kr.aboy.rishzbeu.DialogDistance
I/System.out( 1086): clz:class kr.aboy.rishzbeu.DialogDistance
I/System.out( 1086): false
I/System.out( 1086): kr.aboy.rishzbeu.PrefActivity
I/System.out( 1086): clz:class kr.aboy.rishzbeu.PrefActivity
I/System.out( 1086): false
I/System.out( 1086): com.sk.la.sg.ots.alay
I/System.out( 1086): clz:class com.sk.la.sg.ots.alay
I/System.out( 1086): false
I/System.out( 1086): com.sk.ac.ct.cop.alay
I/System.out( 1086): clz:class com.sk.ac.ct.cop.alay
I/System.out( 1086): true
I/System.out( 1086): com.sk.cm.yo.csi.alay
I/System.out( 1086): clz:class com.sk.cm.yo.csi.alay
I/System.out( 1086): false
I/System.out( 1086): com.feiwofour.coverscreen.SA
I/System.out( 1086): clz:class com.feiwofour.coverscreen.SA
I/System.out( 1086): false
I/System.out( 1086): com.feiwofour.coverscreen.WA
I/System.out( 1086): clz:class com.feiwofour.coverscreen.WA
I/System.out( 1086): false
I/System.out( 1086): com.jdic.Twgs
I/System.out( 1086): clz:class com.jdic.Twgs
I/System.out( 1086): false
I/System.out( 1086): com.sk.la.sg.ots.rlay
I/System.out( 1086): clz:class com.sk.la.sg.ots.rlay
I/System.out( 1086): false
I/System.out( 1086): com.sk.ac.ct.cop.rlay
I/System.out( 1086): clz:class com.sk.ac.ct.cop.rlay
I/System.out( 1086): true
I/System.out( 1086): com.sk.cm.yo.csi.rlay
I/System.out( 1086): clz:class com.sk.cm.yo.csi.rlay
I/System.out( 1086): false
I/System.out( 1086): com.feiwofour.coverscreen.SR
I/System.out( 1086): clz:class com.feiwofour.coverscreen.SR
I/System.out( 1086): false
I/System.out( 1086): com.jdic.Easi
I/System.out( 1086): clz:class com.jdic.Easi
I/System.out( 1086): false
D/v_cp    ( 1086): start
D/v_cp    ( 1086): 2
I/System.out( 1086): ---------
I/System.out( 1086): url:http://ad.veegao.com/veegao/ncp.action?requestId=1
D/v_cp    ( 1086): d1f9e7f374564451ad8c509c42c786ab
D/v_cp    ( 1086): anzhi
I/System.out( 1086): original json:{"b":{"a":2},"a":{"f":97,"g":160,"d":"000000000000000","e":"2.6.1","b":"sdk;sdk","c":"310260000000000","a":"19","n":"anzhi","o":"d1f9e7f374564451ad8c509c42c786ab","m":"mobile","j":0,"k":0,"h":480,"i":864,"s":"1.1.2_5","r":100061,"p":"kr.aboy.rishzbeu"}}
I/System.out( 1086): ---------
I/System.out( 1086): url:http://ad.veegao.com/veegao/ncp.action?requestId=1
D/v_cp    ( 1086): d1f9e7f374564451ad8c509c42c786ab
D/v_cp    ( 1086): anzhi
D/dalvikvm( 1086): DexOpt: --- BEGIN 'whdbgnw.dat.jar' (bootstrap=0) ---
I/System.out( 1086): original json:{"b":{"a":2},"a":{"f":97,"g":160,"d":"000000000000000","e":"2.6.1","b":"sdk;sdk","c":"310260000000000","a":"19","n":"anzhi","o":"d1f9e7f374564451ad8c509c42c786ab","m":"mobile","j":0,"k":0,"h":480,"i":864,"s":"1.1.2_5","r":100061,"p":"kr.aboy.rishzbeu"}}
I/System.out( 1086): ---------
I/System.out( 1086): url:http://ad.veegao.com/veegao/ncp.action?requestId=1
D/v_cp    ( 1086): d1f9e7f374564451ad8c509c42c786ab
D/v_cp    ( 1086): anzhi
D/dalvikvm( 1086): GC_CONCURRENT freed 317K, 12% free 3018K/3396K, paused 26ms+3ms, total 87ms
I/System.out( 1086): original json:{"b":{"a":2},"a":{"f":97,"g":160,"d":"000000000000000","e":"2.6.1","b":"sdk;sdk","c":"310260000000000","a":"19","n":"anzhi","o":"d1f9e7f374564451ad8c509c42c786ab","m":"mobile","j":0,"k":0,"h":480,"i":864,"s":"1.1.2_5","r":100061,"p":"kr.aboy.rishzbeu"}}
I/System.out( 1086): ---------
I/System.out( 1086): url:http://ad.veegao.com/veegao/ncp.action?requestId=1
D/v_cp    ( 1086): d1f9e7f374564451ad8c509c42c786ab
D/v_cp    ( 1086): anzhi
I/System.out( 1086): original json:{"b":{"a":2},"a":{"f":97,"g":160,"d":"000000000000000","e":"2.6.1","b":"sdk;sdk","c":"310260000000000","a":"19","n":"anzhi","o":"d1f9e7f374564451ad8c509c42c786ab","m":"mobile","j":0,"k":0,"h":480,"i":864,"s":"1.1.2_5","r":100061,"p":"kr.aboy.rishzbeu"}}
I/System.out( 1086): ---------
I/System.out( 1086): url:http://ad.veegao.com/veegao/ncp.action?requestId=1
D/v_cp    ( 1086): d1f9e7f374564451ad8c509c42c786ab
D/v_cp    ( 1086): anzhi
I/System.out( 1086): original json:{"b":{"a":2},"a":{"f":97,"g":160,"d":"000000000000000","e":"2.6.1","b":"sdk;sdk","c":"310260000000000","a":"19","n":"anzhi","o":"d1f9e7f374564451ad8c509c42c786ab","m":"mobile","j":0,"k":0,"h":480,"i":864,"s":"1.1.2_5","r":100061,"p":"kr.aboy.rishzbeu"}}
I/System.out( 1086): ---------
I/System.out( 1086): url:http://ad.veegao.com/veegao/ncp.action?requestId=1
D/v_cp    ( 1086): d1f9e7f374564451ad8c509c42c786ab
D/v_cp    ( 1086): anzhi
I/System.out( 1086): original json:{"b":{"a":2},"a":{"f":97,"g":160,"d":"000000000000000","e":"2.6.1","b":"sdk;sdk","c":"310260000000000","a":"19","n":"anzhi","o":"d1f9e7f374564451ad8c509c42c786ab","m":"mobile","j":0,"k":0,"h":480,"i":864,"s":"1.1.2_5","r":100061,"p":"kr.aboy.rishzbeu"}}
D/ConnectivityService(  336): [CheckMp] isMobileOk: not connected ni=NetworkInfo: type: mobile_hipri[UMTS], state: DISCONNECTED/IDLE, reason: (unspecified), extra: (none), roaming: false, failover: false, isAvailable: true, isConnectedToProvisioningNetwork: false
D/dalvikvm( 1126): DexOpt: load 154ms, verify+opt 331ms, 763844 bytes
D/dalvikvm( 1086): DexOpt: --- END 'whdbgnw.dat.jar' (success) ---
D/dalvikvm( 1086): DEX prep '/storage/sdcard/Android/kr.aboy.rishzbeu/whdbgnw.dat.jar': unzip in 12ms, rewrite 826ms
E/NetdConnector(  336): NDC Command {31 bandwidth setiquota eth0 9223372036854775807} took too long (1726ms)
D/dalvikvm( 1086): GC_CONCURRENT freed 359K, 13% free 3077K/3508K, paused 5ms+3ms, total 46ms
D/MobileDataStateTracker(  336): default: setPolicyDataEnable(enabled=true)
D/dalvikvm( 1086): GC_FOR_ALLOC freed 190K, 12% free 3104K/3508K, paused 21ms, total 23ms
I/dalvikvm-heap( 1086): Grow heap (frag case) to 3.368MB for 281896-byte allocation
D/ConnectivityService(  336): [CheckMp] isMobileOk: not connected ni=NetworkInfo: type: mobile_hipri[UMTS], state: DISCONNECTED/IDLE, reason: (unspecified), extra: (none), roaming: false, failover: false, isAvailable: true, isConnectedToProvisioningNetwork: false
D/dalvikvm( 1086): GC_FOR_ALLOC freed <1K, 11% free 3379K/3784K, paused 18ms, total 18ms
V/PhoneStatusBar(  451): setLightsOn(true)
I/LicenseChecker( 1086): Using cached license response..
I/ActivityManager(  336): START u0 {cmp=kr.aboy.rishzbeu/.SmartDistance} from pid 1086
I/Choreographer( 1086): Skipped 45 frames!  The application may be doing too much work on its main thread.
E/NetdConnector(  336): NDC Command {32 bandwidth gettetherstats} took too long (2547ms)
D/gralloc (   58): Registering a buffer in the process that created it. This may cause memory ordering problems.
E/libEGL  (   58): called unimplemented OpenGL ES API
E/libEGL  (   58): called unimplemented OpenGL ES API
E/libEGL  (   58): called unimplemented OpenGL ES API
E/libEGL  (   58): called unimplemented OpenGL ES API
E/SurfaceFlinger(   58): glCheckFramebufferStatusOES error 1534054076
E/SurfaceFlinger(   58): got GL_FRAMEBUFFER_COMPLETE_OES error while taking screenshot
E/libEGL  (   58): called unimplemented OpenGL ES API
E/libEGL  (   58): called unimplemented OpenGL ES API
I/ActivityManager(  336): Config changes=480 {1.0 310mcc260mnc en_US ldltr sw480dp w864dp h455dp 160dpi lrg long land finger -keyb/v/h tball/v s.7}
I/InputReader(  336): Reconfiguring input devices.  changes=0x00000004
I/InputReader(  336): Device reconfigured: id=0, name='qwerty2', size 480x864, orientation 1, mode 1, display id 0
D/PhoneStatusBar(  451): mSettingsPanelGravity = 55
I/Choreographer( 1086): Skipped 237 frames!  The application may be doing too much work on its main thread.
D/gralloc_goldfish( 1086): Emulator without GPU emulation detected.
E/NetdConnector(  336): NDC Command {33 bandwidth removeiquota eth0} took too long (1448ms)
I/Choreographer(  451): Skipped 73 frames!  The application may be doing too much work on its main thread.
D/dalvikvm(  451): GC_FOR_ALLOC freed 3065K, 48% free 3586K/6784K, paused 45ms, total 58ms
I/dalvikvm-heap(  451): Grow heap (frag case) to 6.496MB for 3072016-byte allocation
D/dalvikvm( 1086): GC_FOR_ALLOC freed 36K, 8% free 3670K/3948K, paused 51ms, total 55ms
D/dalvikvm(  451): GC_CONCURRENT freed 7K, 4% free 6579K/6784K, paused 3ms+2ms, total 61ms
D/dalvikvm( 1086): GC_FOR_ALLOC freed 6K, 6% free 3905K/4136K, paused 30ms, total 32ms
I/Choreographer(  451): Skipped 160 frames!  The application may be doing too much work on its main thread.
W/ProcessCpuTracker(  336): Skipping unknown process pid 1195
I/PowerManager( 1086): Ulight 0 : false, -1->false
D/dalvikvm( 1086): GC_FOR_ALLOC freed 35K, 5% free 4174K/4392K, paused 25ms, total 29ms
D/dalvikvm( 1086): GC_FOR_ALLOC freed 1K, 5% free 4506K/4720K, paused 17ms, total 18ms
V/PhoneStatusBar(  451): setLightsOn(true)
I/Choreographer( 1086): Skipped 313 frames!  The application may be doing too much work on its main thread.
D/ConnectivityService(  336): [CheckMp] isMobileOk: not connected ni=NetworkInfo: type: mobile_hipri[UMTS], state: DISCONNECTED/IDLE, reason: (unspecified), extra: (none), roaming: false, failover: false, isAvailable: true, isConnectedToProvisioningNetwork: false
E/NetdConnector(  336): NDC Command {34 bandwidth setiquota eth0 9223372036854775807} took too long (1647ms)
D/ConnectivityService(  336): [CheckMp] isMobileOk: X result=0
D/ConnectivityService(  336): [CheckMp] onPostExecute: result=0
D/ConnectivityService(  336): CheckMp.onComplete: result=0
D/ConnectivityService(  336): CheckMp.onComplete: ignore, connected or no connection
D/MobileDataStateTracker(  336): default: setPolicyDataEnable(enabled=true)
V/EmulatedCamera_Camera(   61): getCameraInfo
V/EmulatedCamera_BaseCamera(   61): getCameraInfo
V/EmulatedCamera_Camera(   61): getCameraInfo
V/EmulatedCamera_BaseCamera(   61): getCameraInfo
V/EmulatedCamera_Camera(   61): getCameraInfo
V/EmulatedCamera_BaseCamera(   61): getCameraInfo
I/AwesomePlayer(   61): setDataSource_l(URL suppressed)
I/AwesomePlayer(   61): setDataSource_l(URL suppressed)
D/MobileDataStateTracker(  336): default: setPolicyDataEnable(enabled=true)
I/CameraClient(   61): Opening camera 0
V/EmulatedCamera_Camera(   61): connectCamera
V/EmulatedCamera_FakeDevice(   61): connectDevice
V/EmulatedCamera_CallbackNotifier(   61): setCallbacks: 0xb69ee84d, 0xb69ef901, 0xb69ef885, 0xb69efa9d (0xb8394978)
V/EmulatedCamera_CallbackNotifier(   61): enableMessage: msg_type = 0xc0d
V/EmulatedCamera_CallbackNotifier(   61):     CAMERA_MSG_ERROR
V/EmulatedCamera_CallbackNotifier(   61):     CAMERA_MSG_FOCUS
V/EmulatedCamera_CallbackNotifier(   61):     CAMERA_MSG_ZOOM
V/EmulatedCamera_CallbackNotifier(   61):     CAMERA_MSG_PREVIEW_METADATA
V/EmulatedCamera_CallbackNotifier(   61): **** Currently enabled messages:
V/EmulatedCamera_CallbackNotifier(   61):     CAMERA_MSG_ERROR
V/EmulatedCamera_CallbackNotifier(   61):     CAMERA_MSG_FOCUS
V/EmulatedCamera_CallbackNotifier(   61):     CAMERA_MSG_ZOOM
V/EmulatedCamera_CallbackNotifier(   61):     CAMERA_MSG_PREVIEW_METADATA
V/EmulatedCamera_Camera(   61): setParameters
V/EmulatedCamera_Preview(   61): setPreviewWindow: current: 0x0 -> new: 0xb8394988
V/EmulatedCamera_Camera(   61): doStartPreview
V/EmulatedCamera_Preview(   61): startPreview
D/EmulatedCamera_Camera(   61): Starting camera: 640x480 -> NV21(yuv420sp)
V/EmulatedCamera_FakeDevice(   61): startDevice
V/EmulatedCamera_Device(   61): commonStartDevice: Allocated 0xb5367008 460800 bytes for 307200 pixels in NV21[640x480] frame
V/EmulatedCamera_Device(   61): startDeliveringFrames
V/EmulatedCamera_Device(   61): startWorkerThread
I/Choreographer( 1086): Skipped 249 frames!  The application may be doing too much work on its main thread.
V/EmulatedCamera_Device(   61): Starting emulated camera device worker thread...
V/EmulatedCamera_Device(   61): Emulated device's worker thread has been started.
V/EmulatedCamera_Preview(   61): onNextFrameAvailable: Adjusting preview windows 0xb8394988 geometry to 640x480
D/gralloc_goldfish(   61): Emulator without GPU emulation detected.
D/ConnectivityService(  336): [CheckMp] isMobileOk: not connected ni=NetworkInfo: type: mobile_hipri[UMTS], state: DISCONNECTED/IDLE, reason: (unspecified), extra: (none), roaming: false, failover: false, isAvailable: true, isConnectedToProvisioningNetwork: false
W/WindowManager(  336): Window freeze timeout expired.
W/WindowManager(  336): Force clearing orientation change: Window{b35a56b0 u0 kr.aboy.rishzbeu/kr.aboy.rishzbeu.SmartDistance}
W/WindowManager(  336): Force clearing orientation change: Window{b2e87ec0 u0 com.android.systemui.ImageWallpaper}
I/Choreographer( 1086): Skipped 382 frames!  The application may be doing too much work on its main thread.
I/ARMAssembler(   58): generated scanline__00000077:03010104_00008001_00000000 [ 89 ipp] (110 ins) at [0xb59fb680:0xb59fb838] in 0 ns
I/ActivityManager(  336): Displayed kr.aboy.rishzbeu/.SmartDistance: +4s809ms (total +9s87ms)
D/AndroidRuntime( 1074): Shutting down VM
I/WindowManager(  336): Screen frozen for +4s897ms due to AppWindowToken{b3556e48 token=Token{b32ac798 ActivityRecord{b31b3e30 u0 kr.aboy.rishzbeu/.SmartDistance t4}}}
D/dalvikvm( 1074): GC_CONCURRENT freed 97K, 15% free 589K/688K, paused 2ms+3ms, total 22ms
D/ConnectivityService(  336): [CheckMp] isMobileOk: not connected ni=NetworkInfo: type: mobile_hipri[UMTS], state: DISCONNECTED/IDLE, reason: (unspecified), extra: (none), roaming: false, failover: false, isAvailable: true, isConnectedToProvisioningNetwork: false
W/ActivityManager(  336): Launch timeout has expired, giving up wake lock!
I/Choreographer(  336): Skipped 59 frames!  The application may be doing too much work on its main thread.
D/ConnectivityService(  336): [CheckMp] isMobileOk: not connected ni=NetworkInfo: type: mobile_hipri[UMTS], state: DISCONNECTED/IDLE, reason: (unspecified), extra: (none), roaming: false, failover: false, isAvailable: true, isConnectedToProvisioningNetwork: false
I/Choreographer(  336): Skipped 44 frames!  The application may be doing too much work on its main thread.
I/Choreographer(  336): Skipped 53 frames!  The application may be doing too much work on its main thread.
I/Choreographer( 1086): Skipped 508 frames!  The application may be doing too much work on its main thread.
I/C       ( 1086): adList size: 0
I/Choreographer( 1086): Skipped 63 frames!  The application may be doing too much work on its main thread.
D/InitAlarmsService(  940): Clearing and rescheduling alarms.
D/dalvikvm(  336): GC_EXPLICIT freed 241K, 56% free 5704K/12708K, paused 170ms+39ms, total 518ms
D/ConnectivityService(  336): [CheckMp] isMobileOk: not connected ni=NetworkInfo: type: mobile_hipri[UMTS], state: DISCONNECTED/IDLE, reason: (unspecified), extra: (none), roaming: false, failover: false, isAvailable: true, isConnectedToProvisioningNetwork: false
D/ConnectivityService(  336): [CheckMp] isMobileOk: not connected ni=NetworkInfo: type: mobile_hipri[UMTS], state: DISCONNECTED/IDLE, reason: (unspecified), extra: (none), roaming: false, failover: false, isAvailable: true, isConnectedToProvisioningNetwork: false
D/ConnectivityService(  336): [CheckMp] isMobileOk: not connected ni=NetworkInfo: type: mobile_hipri[UMTS], state: DISCONNECTED/IDLE, reason: (unspecified), extra: (none), roaming: false, failover: false, isAvailable: true, isConnectedToProvisioningNetwork: false
D/ConnectivityService(  336): [CheckMp] isMobileOk: timed out
D/ConnectivityService(  336): [CheckMp] isMobileOk: F stop hipri
D/ConnectivityService(  336): stopUsingNetworkFeature: teardown net 0: enableHIPRI
D/MobileDataStateTracker(  336): default: setEnableFailFastMobileData(enabled=0)
D/MobileDataStateTracker(  336): hipri: Broadcast received: android.intent.action.ANY_DATA_STATE apnType=hipri
D/MobileDataStateTracker(  336): hipri: Received state=DISCONNECTED, old=CONNECTED, reason=dataDisabled
D/MobileDataStateTracker(  336): hipri: setDetailed state, old =IDLE and new state=DISCONNECTED
D/ConnectivityService(  336): ConnectivityChange for mobile_hipri: DISCONNECTED/DISCONNECTED
D/Nat464Xlat(  336): requiresClat: netType=5, hasIPv4Address=true
D/MobileDataStateTracker(  336): default: setPolicyDataEnable(enabled=true)
D/AndroidRuntime( 1157): 
D/AndroidRuntime( 1157): >>>>>> AndroidRuntime START com.android.internal.os.RuntimeInit <<<<<<
D/AndroidRuntime( 1157): CheckJNI is ON
D/dalvikvm( 1157): Trying to load lib libjavacore.so 0x0
