I/PackageManager(  362): /system/app/HTMLViewer.apk changed; collecting certs
I/PackageManager(  362): /system/app/KeyChain.apk changed; collecting certs
D/dalvikvm(  362): GC_CONCURRENT freed 413K, 66% free 4089K/11968K, paused 6ms+19ms, total 118ms
I/PackageManager(  362): /system/app/LatinIME.apk changed; collecting certs
D/dalvikvm(  362): GC_CONCURRENT freed 493K, 66% free 4106K/11968K, paused 5ms+3ms, total 46ms
D/dalvikvm(  362): WAIT_FOR_CONCURRENT_GC blocked 31ms
D/dalvikvm(  362): GC_FOR_ALLOC freed 335K, 65% free 4226K/11968K, paused 30ms, total 30ms
D/dalvikvm(  362): GC_CONCURRENT freed 263K, 64% free 4407K/11968K, paused 5ms+7ms, total 68ms
D/dalvikvm(  362): GC_CONCURRENT freed 270K, 62% free 4627K/11968K, paused 14ms+13ms, total 90ms
D/dalvikvm(  362): GC_CONCURRENT freed 328K, 60% free 4803K/11968K, paused 5ms+11ms, total 103ms
I/PackageManager(  362): /system/app/LegacyCamera.apk changed; collecting certs
D/dalvikvm(  362): GC_CONCURRENT freed 395K, 60% free 4905K/11968K, paused 5ms+14ms, total 78ms
D/dalvikvm(  362): GC_CONCURRENT freed 1219K, 65% free 4213K/11968K, paused 5ms+2ms, total 46ms
D/dalvikvm(  362): WAIT_FOR_CONCURRENT_GC blocked 32ms
D/dalvikvm(  362): GC_FOR_ALLOC freed 463K, 65% free 4241K/11968K, paused 34ms, total 35ms
D/dalvikvm(  362): GC_CONCURRENT freed 21K, 64% free 4354K/11968K, paused 5ms+7ms, total 69ms
D/dalvikvm(  362): GC_CONCURRENT freed 276K, 62% free 4564K/11968K, paused 13ms+4ms, total 78ms
D/dalvikvm(  362): WAIT_FOR_CONCURRENT_GC blocked 18ms
D/dalvikvm(  362): GC_CONCURRENT freed 299K, 61% free 4785K/11968K, paused 5ms+5ms, total 105ms
I/PackageManager(  362): /system/app/LiveWallpapersPicker.apk changed; collecting certs
I/PackageManager(  362): /system/app/Music.apk changed; collecting certs
D/dalvikvm(  362): GC_CONCURRENT freed 434K, 60% free 4859K/11968K, paused 11ms+9ms, total 49ms
D/dalvikvm(  362): WAIT_FOR_CONCURRENT_GC blocked 38ms
D/dalvikvm(  362): GC_CONCURRENT freed 1182K, 66% free 4180K/11968K, paused 5ms+5ms, total 84ms
I/PackageManager(  362): /system/app/NetSpeed.apk changed; collecting certs
I/PackageManager(  362): /system/app/OpenWnn.apk changed; collecting certs
D/dalvikvm(  362): GC_CONCURRENT freed 330K, 64% free 4322K/11968K, paused 6ms+5ms, total 49ms
D/dalvikvm(  362): WAIT_FOR_CONCURRENT_GC blocked 28ms
D/dalvikvm(  362): GC_CONCURRENT freed 652K, 66% free 4182K/11968K, paused 5ms+4ms, total 68ms
D/dalvikvm(  362): WAIT_FOR_CONCURRENT_GC blocked 21ms
D/dalvikvm(  362): GC_CONCURRENT freed 197K, 63% free 4534K/11968K, paused 4ms+5ms, total 101ms
I/PackageManager(  362): /system/app/PacProcessor.apk changed; collecting certs
I/PackageManager(  362): /system/app/PackageInstaller.apk changed; collecting certs
D/dalvikvm(  362): GC_CONCURRENT freed 413K, 62% free 4567K/11968K, paused 5ms+13ms, total 79ms
I/PackageManager(  362): /system/app/PicoTts.apk changed; collecting certs
I/PackageManager(  362): /system/app/PinyinIME.apk changed; collecting certs
D/dalvikvm(  362): GC_CONCURRENT freed 983K, 66% free 4096K/11968K, paused 5ms+3ms, total 65ms
D/dalvikvm(  362): WAIT_FOR_CONCURRENT_GC blocked 26ms
I/PackageManager(  362): /system/app/PrintSpooler.apk changed; collecting certs
I/PackageManager(  362): /system/app/Protips.apk changed; collecting certs
D/dalvikvm(  362): GC_CONCURRENT freed 416K, 65% free 4203K/11968K, paused 15ms+6ms, total 96ms
D/dalvikvm(  362): WAIT_FOR_CONCURRENT_GC blocked 8ms
I/PackageManager(  362): /system/app/QuickSearchBox.apk changed; collecting certs
D/dalvikvm(  362): GC_CONCURRENT freed 548K, 66% free 4167K/11968K, paused 11ms+4ms, total 59ms
D/dalvikvm(  362): WAIT_FOR_CONCURRENT_GC blocked 26ms
I/PackageManager(  362): /system/app/SdkSetup.apk changed; collecting certs
D/dalvikvm(  362): GC_CONCURRENT freed 376K, 64% free 4328K/11968K, paused 10ms+7ms, total 152ms
I/PackageManager(  362): /system/app/SoundRecorder.apk changed; collecting certs
I/PackageManager(  362): /system/app/SpeechRecorder.apk changed; collecting certs
I/PackageManager(  362): /system/app/TelephonyProvider.apk changed; collecting certs
I/PackageManager(  362): /system/app/UserDictionaryProvider.apk changed; collecting certs
D/dalvikvm(  362): GC_CONCURRENT freed 422K, 64% free 4416K/11968K, paused 5ms+14ms, total 91ms
D/PackageManager(  362): No files in app dir /vendor/app
W/PackageParser(  362): No actions in intent filter at /data/app/ApiDemos.apk Binary XML file line #2899
W/PackageParser(  362): No actions in intent filter at /data/app/ApiDemos.apk Binary XML file line #2905
I/PackageManager(  362): /data/app/ApiDemos.apk changed; collecting certs
D/dalvikvm(  362): GC_CONCURRENT freed 585K, 64% free 4366K/11968K, paused 5ms+4ms, total 101ms
D/dalvikvm(  362): GC_CONCURRENT freed 301K, 62% free 4573K/11968K, paused 9ms+3ms, total 43ms
D/dalvikvm(  362): WAIT_FOR_CONCURRENT_GC blocked 35ms
D/dalvikvm(  362): GC_CONCURRENT freed 355K, 61% free 4718K/11968K, paused 13ms+13ms, total 89ms
D/dalvikvm(  362): GC_CONCURRENT freed 273K, 59% free 4960K/11968K, paused 4ms+4ms, total 104ms
D/dalvikvm(  362): GC_CONCURRENT freed 697K, 60% free 4821K/11968K, paused 5ms+3ms, total 69ms
D/dalvikvm(  362): WAIT_FOR_CONCURRENT_GC blocked 26ms
D/dalvikvm(  362): GC_CONCURRENT freed 515K, 60% free 4829K/11968K, paused 5ms+4ms, total 82ms
D/dalvikvm(  362): WAIT_FOR_CONCURRENT_GC blocked 18ms
D/dalvikvm(  362): GC_CONCURRENT freed 524K, 60% free 4833K/11968K, paused 14ms+4ms, total 73ms
D/dalvikvm(  362): WAIT_FOR_CONCURRENT_GC blocked 31ms
D/dalvikvm(  362): GC_CONCURRENT freed 533K, 60% free 4832K/11968K, paused 5ms+3ms, total 72ms
D/dalvikvm(  362): WAIT_FOR_CONCURRENT_GC blocked 31ms
D/dalvikvm(  362): GC_CONCURRENT freed 529K, 60% free 4835K/11968K, paused 5ms+3ms, total 65ms
D/dalvikvm(  362): WAIT_FOR_CONCURRENT_GC blocked 30ms
D/dalvikvm(  362): GC_CONCURRENT freed 520K, 60% free 4846K/11968K, paused 4ms+3ms, total 76ms
D/dalvikvm(  362): WAIT_FOR_CONCURRENT_GC blocked 20ms
D/dalvikvm(  362): GC_CONCURRENT freed 528K, 60% free 4848K/11968K, paused 15ms+3ms, total 72ms
D/dalvikvm(  362): WAIT_FOR_CONCURRENT_GC blocked 33ms
D/dalvikvm(  362): GC_CONCURRENT freed 538K, 60% free 4845K/11968K, paused 5ms+4ms, total 66ms
D/dalvikvm(  362): WAIT_FOR_CONCURRENT_GC blocked 38ms
D/dalvikvm(  362): GC_CONCURRENT freed 521K, 60% free 4856K/11968K, paused 4ms+3ms, total 73ms
D/dalvikvm(  362): WAIT_FOR_CONCURRENT_GC blocked 29ms
W/PackageManager(  362): Package com.example.android.apis desires unavailable shared library com.example.will.never.exist; ignoring!
D/dalvikvm(  362): GC_CONCURRENT freed 543K, 60% free 4853K/11968K, paused 5ms+3ms, total 81ms
D/dalvikvm(  362): WAIT_FOR_CONCURRENT_GC blocked 16ms
I/PackageManager(  362): /data/app/CubeLiveWallpapers.apk changed; collecting certs
I/PackageManager(  362): /data/app/GestureBuilder.apk changed; collecting certs
D/dalvikvm(  362): GC_CONCURRENT freed 400K, 59% free 4984K/11968K, paused 5ms+9ms, total 79ms
D/dalvikvm(  362): WAIT_FOR_CONCURRENT_GC blocked 19ms
I/PackageManager(  362): /data/app/SmokeTest.apk changed; collecting certs
I/PackageManager(  362): /data/app/SmokeTestApp.apk changed; collecting certs
D/dalvikvm(  362): GC_CONCURRENT freed 1085K, 64% free 4368K/11968K, paused 5ms+3ms, total 269ms
I/PackageManager(  362): /data/app/SoftKeyboard.apk changed; collecting certs
I/PackageManager(  362): /data/app/WidgetPreview.apk changed; collecting certs
D/dalvikvm(  362): GC_CONCURRENT freed 523K, 63% free 4456K/11968K, paused 8ms+3ms, total 125ms
W/PackageManager(  362): Package com.example.android.apis desires unavailable shared library com.example.will.never.exist; ignoring!
W/PackageManager(  362): Package com.android.camera desires unavailable shared library com.google.android.media.effects; ignoring!
I/PackageManager(  362): Time to scan packages: 27.507 seconds
W/PackageManager(  362): Not granting permission android.permission.GLOBAL_SEARCH to package com.android.quicksearchbox (protectionLevel=18 flags=0x8be45)
W/PackageManager(  362): Unknown permission com.android.smspush.WAPPUSH_MANAGER_BIND in package com.android.phone
W/PackageManager(  362): Unknown permission com.google.android.googleapps.permission.GOOGLE_AUTH in package com.android.providers.calendar
W/PackageManager(  362): Unknown permission com.google.android.googleapps.permission.GOOGLE_AUTH.cl in package com.android.providers.calendar
W/PackageManager(  362): Unknown permission com.google.android.googleapps.permission.GOOGLE_AUTH.mail in package com.android.calendar
W/PackageManager(  362): Not granting permission android.permission.ACCESS_DOWNLOAD_MANAGER to package com.android.browser (protectionLevel=18 flags=0x9be45)
W/PackageManager(  362): Not granting permission android.permission.SEND_DOWNLOAD_COMPLETED_INTENTS to package com.android.browser (protectionLevel=2 flags=0x9be45)
W/PackageManager(  362): Not granting permission android.permission.BIND_APPWIDGET to package com.android.widgetpreview (protectionLevel=18 flags=0x8be44)
W/PackageManager(  362): Unknown permission android.permission.INSTALL_DRM in package com.android.mms
W/PackageManager(  362): Unknown permission com.google.android.googleapps.permission.GOOGLE_AUTH in package com.android.settings
W/PackageManager(  362): Unknown permission com.google.android.googleapps.permission.ACCESS_GOOGLE_PASSWORD in package com.android.development
W/PackageManager(  362): Unknown permission com.google.android.googleapps.permission.GOOGLE_AUTH in package com.android.development
W/PackageManager(  362): Unknown permission com.google.android.googleapps.permission.GOOGLE_AUTH.ALL_SERVICES in package com.android.development
W/PackageManager(  362): Unknown permission com.google.android.googleapps.permission.GOOGLE_AUTH.YouTubeUser in package com.android.development
W/PackageManager(  362): Not granting permission android.permission.DELETE_PACKAGES to package com.svox.pico (protectionLevel=18 flags=0x8be45)
W/PackageManager(  362): Not granting permission android.permission.DEVICE_POWER to package com.android.deskclock (protectionLevel=2 flags=0x48be45)
D/dalvikvm(  362): GC_CONCURRENT freed 515K, 64% free 4401K/11968K, paused 12ms+4ms, total 72ms
D/dalvikvm(  362): WAIT_FOR_CONCURRENT_GC blocked 18ms
D/dalvikvm(  362): GC_EXPLICIT freed 127K, 65% free 4273K/11968K, paused 6ms+3ms, total 53ms
I/SystemServer(  362): Entropy Mixer
W/EntropyMixer(  362): No existing entropy file -- first boot?
I/EntropyMixer(  362): Writing entropy...
I/SystemServer(  362): User Service
I/SystemServer(  362): Account Manager
I/SystemServer(  362): Content Manager
I/SystemServer(  362): System Content Providers
D/SettingsProvider(  362): User 0 external modification to /data/data/com.android.providers.settings/databases/settings.db; event=2
D/SettingsProvider(  362): User 0 updating our caches for /data/data/com.android.providers.settings/databases/settings.db
I/SyncManager(  362): No initial accounts
I/SyncManager(  362): No initial status
W/SyncManagerFile(  362): Error reading pending data.
W/SyncManagerFile(  362): java.io.FileNotFoundException: /data/system/sync/pending.xml: open failed: ENOENT (No such file or directory)
W/SyncManagerFile(  362): 	at libcore.io.IoBridge.open(IoBridge.java:409)
W/SyncManagerFile(  362): 	at java.io.FileInputStream.<init>(FileInputStream.java:78)
W/SyncManagerFile(  362): 	at android.util.AtomicFile.openRead(AtomicFile.java:199)
W/SyncManagerFile(  362): 	at com.android.server.content.SyncStorageEngine.readPendingOperationsLocked(SyncStorageEngine.java:2286)
W/SyncManagerFile(  362): 	at com.android.server.content.SyncStorageEngine.<init>(SyncStorageEngine.java:434)
W/SyncManagerFile(  362): 	at com.android.server.content.SyncStorageEngine.init(SyncStorageEngine.java:454)
W/SyncManagerFile(  362): 	at com.android.server.content.SyncManager.<init>(SyncManager.java:383)
W/SyncManagerFile(  362): 	at com.android.server.content.ContentService.getSyncManager(ContentService.java:75)
W/SyncManagerFile(  362): 	at com.android.server.content.ContentService.notifyChange(ContentService.java:283)
W/SyncManagerFile(  362): 	at android.content.ContentResolver.notifyChange(ContentResolver.java:1621)
W/SyncManagerFile(  362): 	at com.android.providers.settings.SettingsProvider.sendNotify(SettingsProvider.java:262)
W/SyncManagerFile(  362): 	at com.android.providers.settings.SettingsProvider.insertForUser(SettingsProvider.java:941)
W/SyncManagerFile(  362): 	at com.android.providers.settings.SettingsProvider.ensureAndroidIdIsSet(SettingsProvider.java:496)
W/SyncManagerFile(  362): 	at com.android.providers.settings.SettingsProvider.establishDbTracking(SettingsProvider.java:409)
W/SyncManagerFile(  362): 	at com.android.providers.settings.SettingsProvider.onCreate(SettingsProvider.java:335)
W/SyncManagerFile(  362): 	at android.content.ContentProvider.attachInfo(ContentProvider.java:1591)
W/SyncManagerFile(  362): 	at android.content.ContentProvider.attachInfo(ContentProvider.java:1562)
W/SyncManagerFile(  362): 	at android.app.ActivityThread.installProvider(ActivityThread.java:4774)
W/SyncManagerFile(  362): 	at android.app.ActivityThread.installContentProviders(ActivityThread.java:4369)
W/SyncManagerFile(  362): 	at android.app.ActivityThread.installSystemProviders(ActivityThread.java:4929)
W/SyncManagerFile(  362): 	at com.android.server.am.ActivityManagerService.installSystemProviders(ActivityManagerService.java:8081)
W/SyncManagerFile(  362): 	at com.android.server.ServerThread.initAndLoop(SystemServer.java:275)
W/SyncManagerFile(  362): 	at com.android.server.SystemServer.main(SystemServer.java:1179)
W/SyncManagerFile(  362): 	at java.lang.reflect.Method.invokeNative(Native Method)
W/SyncManagerFile(  362): 	at java.lang.reflect.Method.invoke(Method.java:515)
W/SyncManagerFile(  362): 	at com.android.internal.os.ZygoteInit$MethodAndArgsCaller.run(ZygoteInit.java:785)
W/SyncManagerFile(  362): 	at com.android.internal.os.ZygoteInit.main(ZygoteInit.java:601)
W/SyncManagerFile(  362): 	at dalvik.system.NativeStart.main(Native Method)
W/SyncManagerFile(  362): Caused by: libcore.io.ErrnoException: open failed: ENOENT (No such file or directory)
W/SyncManagerFile(  362): 	at libcore.io.Posix.open(Native Method)
W/SyncManagerFile(  362): 	at libcore.io.BlockGuardOs.open(BlockGuardOs.java:110)
W/SyncManagerFile(  362): 	at libcore.io.IoBridge.open(IoBridge.java:393)
W/SyncManagerFile(  362): 	... 27 more
I/SyncManager(  362): No initial statistics
D/SettingsProvider(  362): Generated and saved new ANDROID_ID [70caa4d970dac4a2] for user 0
I/SystemServer(  362): Lights Service
I/SystemServer(  362): Battery Service
I/SystemServer(  362): Vibrator Service
E/ConsumerIrService(  362): Can't open consumer IR HW Module, error: -2
W/libsuspend(  362): Error writing 'on' to /sys/power/state: Invalid argument
E/libsuspend(  362): Error opening /sys/power/autosleep: No such file or directory
I/libsuspend(  362): Selected wakeup count
I/SystemServer(  362): Consumer IR Service
D/PermissionCache(   58): checking android.permission.ACCESS_SURFACE_FLINGER for uid=1000 => granted (2129 us)
D/SurfaceFlinger(   58): Screen acquired, type=0 flinger=0xb8b08450
D/SurfaceFlinger(   58):  screen was previously acquired
I/SystemServer(  362): Alarm Manager
I/SystemServer(  362): Init Watchdog
I/SystemServer(  362): Input Manager
I/InputManager(  362): Initializing input manager, mUseDevInputEventForAudioJack=false
I/SystemServer(  362): Window Manager
D/dalvikvm(  362): GC_CONCURRENT freed 270K, 63% free 4445K/11968K, paused 15ms+30ms, total 141ms
I/WindowManager(  362): No existing display settings /data/system/display_settings.xml; starting empty
I/WindowManager(  362): No keyguard interface!
I/InputManager(  362): Starting input manager
I/SystemServer(  362): No Bluetooh Service (emulator)
I/SystemServer(  362): Input Method Service
E/EventHub(  362): could not get driver version for /dev/input/mouse0, Not a typewriter
W/EventHub(  362): Unable to disable kernel key repeat for /dev/input/event0: Function not implemented
I/EventHub(  362): New device: id=1, fd=94, path='/dev/input/event0', name='qwerty2', classes=0x2d, configuration='/system/usr/idc/qwerty2.idc', keyLayout='/system/usr/keylayout/qwerty.kl', keyCharacterMap='/system/usr/keychars/qwerty2.kcm', builtinKeyboard=true, usingSuspendBlockIoctl=true, usingClockIoctl=true
E/EventHub(  362): could not get driver version for /dev/input/mice, Not a typewriter
I/InputReader(  362): Device added: id=-1, name='Virtual', sources=0x00000301
I/InputReader(  362):   Touch device 'qwerty2' could not query the properties of its associated display.  The device will be inoperable until the display size becomes available.
I/InputReader(  362): Device added: id=0, name='qwerty2', sources=0x00011307
W/InputMethodManagerService(  362): No IME selected. Choose the most applicable IME.
I/InputMethodManagerService(  362): No default found, using com.android.inputmethod.latin/.LatinIME
I/SystemServer(  362): Accessibility Manager
I/ActivityManager(  362): Config changes=1df8 {1.0 ?mcc?mnc en_US ldltr sw480dp w480dp h864dp 160dpi lrg long port ?uimode ?night -touch -keyb/h/h tball/v s.2}
I/InputReader(  362): Reconfiguring input devices.  changes=0x00000004
I/InputReader(  362): Device reconfigured: id=0, name='qwerty2', size 480x864, orientation 0, mode 1, display id 0
I/ActivityManager(  362): Config changes=408 {1.0 ?mcc?mnc en_US ldltr sw480dp w480dp h839dp 160dpi lrg long port ?uimode ?night finger -keyb/h/h tball/v s.3}
I/SystemServer(  362): Mount Service
D/MountService(  362): got storage path: /storage/sdcard description: USB storage primary: true removable: false emulated: false mtpReserve: 0 allowMassStorage: false maxFileSize: 0
D/MountService(  362): addVolumeLocked() StorageVolume:
D/MountService(  362):     mStorageId=0 mPath=/storage/sdcard mDescriptionId=17040665 mPrimary=true 
D/MountService(  362):     mRemovable=false mEmulated=false mMtpReserveSpace=0 
D/MountService(  362):     mAllowMassStorage=false mMaxFileSize=0 mOwner=null mUuid=null 
D/MountService(  362):     mUserLabel=null mState=null 
I/SystemServer(  362): LockSettingsService
I/SystemServer(  362): Device Policy
I/SystemServer(  362): Status Bar
I/SystemServer(  362): Clipboard Service
I/SystemServer(  362): NetworkManagement Service
I/SystemServer(  362): Text Service Manager Service
W/MountService(  362): Duplicate state transition (unmounted -> unmounted) for /storage/sdcard
W/MountService(  362): getSecureContainerList() called when storage not mounted
I/PackageManager(  362): No secure containers on sdcard
I/SystemServer(  362): NetworkStats Service
I/SystemServer(  362): NetworkPolicy Service
W/PackageManager(  362): Not granting permission android.permission.GLOBAL_SEARCH to package com.android.quicksearchbox (protectionLevel=18 flags=0x8be45)
I/SystemServer(  362): Wi-Fi P2pService
W/PackageManager(  362): Unknown permission com.android.smspush.WAPPUSH_MANAGER_BIND in package com.android.phone
D/dalvikvm(  362): GC_CONCURRENT freed 255K, 62% free 4610K/11968K, paused 5ms+5ms, total 108ms
W/PackageManager(  362): Unknown permission com.google.android.googleapps.permission.GOOGLE_AUTH in package com.android.providers.calendar
W/PackageManager(  362): Unknown permission com.google.android.googleapps.permission.GOOGLE_AUTH.cl in package com.android.providers.calendar
W/PackageManager(  362): Unknown permission com.google.android.googleapps.permission.GOOGLE_AUTH.mail in package com.android.calendar
W/PackageManager(  362): Not granting permission android.permission.ACCESS_DOWNLOAD_MANAGER to package com.android.browser (protectionLevel=18 flags=0x9be45)
W/PackageManager(  362): Not granting permission android.permission.SEND_DOWNLOAD_COMPLETED_INTENTS to package com.android.browser (protectionLevel=2 flags=0x9be45)
W/PackageManager(  362): Not granting permission android.permission.BIND_APPWIDGET to package com.android.widgetpreview (protectionLevel=18 flags=0x8be44)
W/PackageManager(  362): Unknown permission android.permission.INSTALL_DRM in package com.android.mms
W/PackageManager(  362): Unknown permission com.google.android.googleapps.permission.GOOGLE_AUTH in package com.android.settings
W/PackageManager(  362): Unknown permission com.google.android.googleapps.permission.ACCESS_GOOGLE_PASSWORD in package com.android.development
W/PackageManager(  362): Unknown permission com.google.android.googleapps.permission.GOOGLE_AUTH in package com.android.development
W/PackageManager(  362): Unknown permission com.google.android.googleapps.permission.GOOGLE_AUTH.ALL_SERVICES in package com.android.development
W/PackageManager(  362): Unknown permission com.google.android.googleapps.permission.GOOGLE_AUTH.YouTubeUser in package com.android.development
W/PackageManager(  362): Not granting permission android.permission.DELETE_PACKAGES to package com.svox.pico (protectionLevel=18 flags=0x8be45)
W/PackageManager(  362): Not granting permission android.permission.DEVICE_POWER to package com.android.deskclock (protectionLevel=2 flags=0x48be45)
I/SystemServer(  362): Wi-Fi Service
D/WifiController(  362): isAirplaneModeOn = false, isWifiEnabled = false, isScanningAvailable = false
I/SystemServer(  362): Connectivity Service
D/ConnectivityService(  362): ConnectivityService starting up
D/ConnectivityService(  362): wifiOnly=false
E/MobileDataStateTracker(  362): default: Ignoring feature request because could not acquire PhoneService
E/MobileDataStateTracker(  362): default: Could not enable APN type "default"
I/WifiService(  362): WifiService starting up with Wi-Fi disabled
D/dalvikvm(  362): GC_CONCURRENT freed 301K, 61% free 4729K/11968K, paused 14ms+5ms, total 85ms
I/SystemServer(  362): Network Service Discovery Service
D/NsdService(  362): Network service discovery enabled true
I/SystemServer(  362): UpdateLock Service
I/SystemServer(  362): Notification Manager
I/SystemServer(  362): Device Storage Monitor
I/SystemServer(  362): Location Manager
I/SystemServer(  362): Country Detector
I/SystemServer(  362): Search Service
I/SystemServer(  362): DropBox Service
I/SystemServer(  362): Wallpaper Service
W/WallpaperService(  362): no current wallpaper -- first boot?
I/SystemServer(  362): Audio Service
I/SystemServer(  362): Dock Observer
W/DockObserver(  362): This kernel does not have dock station support
I/SystemServer(  362): Wired Accessory Manager
W/WiredAccessoryManager(  362): This kernel does not have wired headset support
W/WiredAccessoryManager(  362): This kernel does not have usb audio support
W/WiredAccessoryManager(  362): This kernel does not have HDMI audio support
I/SystemServer(  362): USB Service
I/SystemServer(  362): Serial Service
I/SystemServer(  362): Twilight Service
I/SystemServer(  362): UI Mode Manager Service
I/SystemServer(  362): Backup Service
V/BackupManagerService(  362): Initializing package tracking
V/BackupManagerService(  362): No ancestral data
V/BackupManagerService(  362): addPackageParticipantsLocked: all
I/BackupManagerService(  362): Scheduling backup for new app com.android.calendar
D/BackupManagerService(  362): Now staging backup of com.android.calendar
I/BackupManagerService(  362): Scheduling backup for new app com.android.browser
D/BackupManagerService(  362): Now staging backup of com.android.browser
I/BackupManagerService(  362): Scheduling backup for new app com.android.providers.userdictionary
D/BackupManagerService(  362): Now staging backup of com.android.providers.userdictionary
I/BackupManagerService(  362): Scheduling backup for new app com.android.sharedstoragebackup
D/BackupManagerService(  362): Now staging backup of com.android.sharedstoragebackup
I/BackupManagerService(  362): Scheduling backup for new app android
D/BackupManagerService(  362): Now staging backup of android
I/BackupManagerService(  362): Scheduling backup for new app com.android.dialer
D/BackupManagerService(  362): Now staging backup of com.android.dialer
I/BackupManagerService(  362): Scheduling backup for new app com.android.providers.settings
D/BackupManagerService(  362): Now staging backup of com.android.providers.settings
V/BackupManagerService(  362): Starting with transport android/com.android.internal.backup.LocalTransport
V/BackupManagerService(  362): Found transports: 1
I/BackupManagerService(  362): Binding to transport host ComponentInfo{android/com.android.internal.backup.LocalTransportService}
I/BackupManagerService(  362): Backup enabled => true
I/SystemServer(  362): AppWidget Service
I/SystemServer(  362): Recognition Service
I/SystemServer(  362): DiskStats Service
I/SystemServer(  362): SamplingProfiler Service
I/SystemServer(  362): NetworkTimeUpdateService
I/SystemServer(  362): CommonTimeManagementService
I/SystemServer(  362): CertBlacklister
I/SystemServer(  362): Dreams Service
I/SystemServer(  362): Assets Atlas Service
I/SystemServer(  362): IdleMaintenanceService
I/SystemServer(  362): Print Service
D/Atlas   (  362): Computing best atlas configuration...
D/Atlas   (  362): Running Thread-50
I/WindowManager(  362): SAFE MODE not enabled
I/SystemServer(  362): Media Router Service
D/dalvikvm(  362): GC_CONCURRENT freed 297K, 59% free 4943K/11968K, paused 20ms+10ms, total 128ms
D/dalvikvm(  362): WAIT_FOR_CONCURRENT_GC blocked 44ms
D/dalvikvm(  362): WAIT_FOR_CONCURRENT_GC blocked 16ms
D/Atlas   (  362): Found best atlas configuration in 0.14s
D/Atlas   (  362): Loaded configuration: SliceMinArea (768x768) flags=0x2 count=24
E/SQLiteLog(  362): (1) no such table: locksettings
D/gralloc_goldfish(  362): Emulator without GPU emulation detected.
I/LockSettingsService(  362): Migrated lock settings to new location
I/LockSettingsService(  362): Migrated per-user lock settings to new location
W/AssetAtlasService(  362): Could not find EGL configuration
I/Zygote  (  362): Process: zygote socket opened
D/Atlas   (  362): Rendered atlas in 40.20ms (6.26+33.94ms)
V/KeyguardServiceDelegate(  362): *** Keyguard started
V/KeyguardServiceDelegate(  362): onSystemReady() called before keyguard service was ready
I/ActivityManager(  362): Start proc com.android.systemui for service com.android.keyguard/.KeyguardService: pid=456 uid=10007 gids={50007, 1028, 1015, 1035, 3002, 3001}
F/SystemServer(  362): BOOT FAILURE making Package Manager Service ready
F/SystemServer(  362): java.lang.SecurityException: Unable to find app for caller android.app.ActivityThread$ApplicationThread@b2f867e0 (pid=362) when registering receiver android.app.LoadedApk$ReceiverDispatcher$InnerReceiver@b31a1ce8
F/SystemServer(  362): 	at com.android.server.am.ActivityManagerService.registerReceiver(ActivityManagerService.java:13021)
F/SystemServer(  362): 	at android.app.ContextImpl.registerReceiverInternal(ContextImpl.java:1450)
F/SystemServer(  362): 	at android.app.ContextImpl.registerReceiverAsUser(ContextImpl.java:1425)
F/SystemServer(  362): 	at com.android.internal.content.PackageMonitor.register(PackageMonitor.java:84)
F/SystemServer(  362): 	at com.android.server.pm.UserManagerService.systemReady(UserManagerService.java:237)
F/SystemServer(  362): 	at com.android.server.pm.PackageManagerService.systemReady(PackageManagerService.java:10476)
F/SystemServer(  362): 	at com.android.server.ServerThread.initAndLoop(SystemServer.java:893)
F/SystemServer(  362): 	at com.android.server.SystemServer.main(SystemServer.java:1179)
F/SystemServer(  362): 	at java.lang.reflect.Method.invokeNative(Native Method)
F/SystemServer(  362): 	at java.lang.reflect.Method.invoke(Method.java:515)
F/SystemServer(  362): 	at com.android.internal.os.ZygoteInit$MethodAndArgsCaller.run(ZygoteInit.java:785)
F/SystemServer(  362): 	at com.android.internal.os.ZygoteInit.main(ZygoteInit.java:601)
F/SystemServer(  362): 	at dalvik.system.NativeStart.main(Native Method)
W/SystemServer(  362): ***********************************************
I/ActivityManager(  362): Sending system update to ComponentInfo{com.android.providers.calendar/com.android.providers.calendar.CalendarUpgradeReceiver} for user 0
I/ActivityManager(  362): Sending system update to ComponentInfo{com.android.providers.contacts/com.android.providers.contacts.ContactsUpgradeReceiver} for user 0
I/ActivityManager(  362): Sending system update to ComponentInfo{com.android.providers.media/com.android.providers.media.MediaUpgradeReceiver} for user 0
I/SystemServer(  362): Enabled StrictMode for system server main thread.
I/ActivityManager(  362): Start proc com.android.providers.calendar for broadcast com.android.providers.calendar/.CalendarUpgradeReceiver: pid=467 uid=10001 gids={50001, 3003, 1028, 1015}
I/Choreographer(  362): Skipped 52 frames!  The application may be doing too much work on its main thread.
W/InputMethodManagerService(  362): Focus gain on non-focused client android.view.inputmethod.InputMethodManager$1@b3013e18 (uid=1000 pid=362)
V/BackupManagerService(  362): Connected to transport ComponentInfo{android/com.android.internal.backup.LocalTransportService}
V/BackupManagerService(  362): Registering transport android/com.android.internal.backup.LocalTransportService::android/com.android.internal.backup.LocalTransport = com.android.internal.backup.LocalTransport@b343b4a8
I/ActivityManager(  362): Launching preboot mode app: ProcessRecord{b346b630 467:com.android.providers.calendar/u0a1}
E/SoundPool(  456): error loading /system/media/audio/ui/Lock.ogg
W/KeyguardViewMediator(  456): failed to load lock sound from /system/media/audio/ui/Lock.ogg
E/SoundPool(  456): error loading /system/media/audio/ui/Unlock.ogg
W/KeyguardViewMediator(  456): failed to load unlock sound from /system/media/audio/ui/Unlock.ogg
V/KeyguardService(  456): onCreate()
V/KeyguardServiceDelegate(  362): *** Keyguard connected (yay!)
V/KeyguardServiceDelegate(  362): **** SHOWN CALLED ****
D/dalvikvm(  362): GC_CONCURRENT freed 341K, 58% free 5091K/11968K, paused 7ms+4ms, total 125ms
I/ActivityManager(  362): Start proc android.process.acore for broadcast com.android.providers.contacts/.ContactsUpgradeReceiver: pid=488 uid=10002 gids={50002, 3003, 1028, 1015}
I/ActivityManager(  362): Launching preboot mode app: ProcessRecord{b301f220 488:android.process.acore/u0a2}
I/ContactsUpgradeReceiver(  488): Creating or opening contacts database
I/ContactsDatabaseHelper(  488): Bootstrapping database version: 803
D/dalvikvm(  488): GC_CONCURRENT freed 384K, 14% free 2791K/3240K, paused 11ms+2ms, total 60ms
D/dalvikvm(  488): GC_CONCURRENT freed 320K, 12% free 2871K/3256K, paused 12ms+4ms, total 39ms
I/ContactsProviderV1(  488): Bootstrapping database legacy support
I/ContactsDatabaseHelper(  488): Bootstrapping database version: 803
D/dalvikvm(  488): GC_CONCURRENT freed 334K, 13% free 2929K/3332K, paused 4ms+3ms, total 30ms
I/ContactsProviderV1(  488): Bootstrapping database legacy support
I/ContactsProvider(  488): Locale has changed from null to en_US
I/ContactsDatabaseHelper(  488): Switching to locale en_US (ICU v51.1.0.1)
D/dalvikvm(  488): GC_CONCURRENT freed 342K, 12% free 3012K/3420K, paused 4ms+2ms, total 41ms
I/ContactsDatabaseHelper(  488): Locale change completed in 445ms
I/ContactsDatabaseHelper(  488): Switching to locale en_US (ICU v51.1.0.1)
D/dalvikvm(  488): GC_CONCURRENT freed 355K, 13% free 3055K/3476K, paused 8ms+12ms, total 46ms
I/ContactsDatabaseHelper(  488): Locale change completed in 440ms
I/ActivityManager(  362): Start proc android.process.media for broadcast com.android.providers.media/.MediaUpgradeReceiver: pid=506 uid=10005 gids={50005, 1028, 1015, 1023, 1024, 2001, 3003, 3007}
I/ActivityManager(  362): Launching preboot mode app: ProcessRecord{b2fd6518 506:android.process.media/u0a5}
I/ActivityManager(  362): Writing new set of last done pre-boot receivers...
I/ActivityManager(  362): Removing system update proc: ProcessRecord{b346b630 467:com.android.providers.calendar/u0a1}
I/ActivityManager(  362): Killing 467:com.android.providers.calendar/u0a1 (adj 13): system update done
I/ActivityManager(  362): Removing system update proc: ProcessRecord{b301f220 488:android.process.acore/u0a2}
I/ActivityManager(  362): Killing 488:android.process.acore/u0a2 (adj 11): system update done
I/ActivityManager(  362): Removing system update proc: ProcessRecord{b2fd6518 506:android.process.media/u0a5}
I/ActivityManager(  362): Killing 506:android.process.media/u0a5 (adj 9): system update done
W/ActivityManager(  362): Can't find mystery application for StrictMode from pid=506 uid=10005: android.os.BinderProxy@b2f4a3d8
I/ActivityManager(  362): System now ready
I/SystemServer(  362): Making services ready
D/NetworkManagementService(  362): enabling bandwidth control
I/Vold    (   53): /dev/block/vold/179:0 being considered for volume sdcard
D/Vold    (   53): Volume sdcard state changing 1 (Idle-Unmounted) -> 3 (Checking)
D/MountService(  362): volume state changed for /storage/sdcard (unmounted -> checking)
D/MountService(  362): sendStorageIntent Intent { act=android.intent.action.MEDIA_CHECKING dat=file:///storage/sdcard (has extras) } to UserHandle{-1}
I/fsck_msdos(   53): ** /dev/block/vold/179:0
D/SystemUIService(  456): loading: class com.android.systemui.recent.Recents
D/SystemUIService(  456): running: com.android.systemui.recent.Recents@b2dc9128
D/SystemUIService(  456): loading: class com.android.systemui.statusbar.SystemBars
D/SystemUIService(  456): running: com.android.systemui.statusbar.SystemBars@b2dc9710
I/fsck_msdos(   53): Invalid signature in fsinfo block
I/fsck_msdos(   53): FIXED
I/fsck_msdos(   53): ** Phase 1 - Read and Compare FATs
I/fsck_msdos(   53): Attempting to allocate 794 KB for FAT
D/SystemUIService(  456): loading: class com.android.systemui.usb.StorageNotification
D/SystemUIService(  456): running: com.android.systemui.usb.StorageNotification@b2dcb460
D/SystemUIService(  456): loading: class com.android.systemui.power.PowerUI
D/SystemUIService(  456): running: com.android.systemui.power.PowerUI@b2dccb88
D/SystemUIService(  456): loading: class com.android.systemui.media.RingtonePlayer
D/SystemUIService(  456): running: com.android.systemui.media.RingtonePlayer@b2dcdaf8
D/SystemUIService(  456): loading: class com.android.systemui.settings.SettingsUI
D/SystemUIService(  456): running: com.android.systemui.settings.SettingsUI@b2dcede0
I/fsck_msdos(   53): Attempting to allocate 794 KB for FAT
I/StatusBarManagerService(  362): registerStatusBar bar=com.android.internal.statusbar.IStatusBar$Stub$Proxy@b2ffd080
D/PhoneStatusBar(  456): mSettingsPanelGravity = 55
D/dalvikvm(  362): GC_CONCURRENT freed 455K, 57% free 5217K/11968K, paused 6ms+4ms, total 728ms
I/fsck_msdos(   53): ** Phase 2 - Check Cluster Chains
I/fsck_msdos(   53): ** Phase 3 - Checking Directories
I/fsck_msdos(   53): ** Phase 4 - Checking for Lost Files
I/fsck_msdos(   53): Free space in FSInfo block (201592) not correct (201591)
I/fsck_msdos(   53): FIXED
I/fsck_msdos(   53): 1 files, 100795 free (201591 clusters)
I/Vold    (   53): Filesystem check completed OK
D/dalvikvm(  456): GC_CONCURRENT freed 282K, 11% free 2809K/3152K, paused 5ms+2ms, total 231ms
W/Vold    (   53): blkid failed to identify /dev/block/vold/179:0
D/Vold    (   53): Volume sdcard state changing 3 (Checking) -> 4 (Mounted)
I/PackageManager(  362): Updating external media status from unmounted to mounted
D/MountService(  362): volume state changed for /storage/sdcard (checking -> mounted)
E/VoldConnector(  362): NDC Command {3 volume mount /storage/sdcard} took too long (1197ms)
I/PackageManager(  362): No secure containers on sdcard
D/MountService(  362): sendStorageIntent Intent { act=android.intent.action.MEDIA_MOUNTED dat=file:///storage/sdcard (has extras) } to UserHandle{-1}
W/PackageManager(  362): Not granting permission android.permission.GLOBAL_SEARCH to package com.android.quicksearchbox (protectionLevel=18 flags=0x88be45)
W/PackageManager(  362): Unknown permission com.android.smspush.WAPPUSH_MANAGER_BIND in package com.android.phone
W/PackageManager(  362): Unknown permission com.google.android.googleapps.permission.GOOGLE_AUTH in package com.android.providers.calendar
W/PackageManager(  362): Unknown permission com.google.android.googleapps.permission.GOOGLE_AUTH.cl in package com.android.providers.calendar
W/PackageManager(  362): Unknown permission com.google.android.googleapps.permission.GOOGLE_AUTH.mail in package com.android.calendar
W/PackageManager(  362): Not granting permission android.permission.ACCESS_DOWNLOAD_MANAGER to package com.android.browser (protectionLevel=18 flags=0x89be45)
W/PackageManager(  362): Not granting permission android.permission.SEND_DOWNLOAD_COMPLETED_INTENTS to package com.android.browser (protectionLevel=2 flags=0x89be45)
W/PackageManager(  362): Not granting permission android.permission.BIND_APPWIDGET to package com.android.widgetpreview (protectionLevel=18 flags=0x8be44)
W/PackageManager(  362): Unknown permission android.permission.INSTALL_DRM in package com.android.mms
W/PackageManager(  362): Unknown permission com.google.android.googleapps.permission.GOOGLE_AUTH in package com.android.settings
D/dalvikvm(  456): GC_FOR_ALLOC freed 37K, 7% free 2947K/3152K, paused 25ms, total 38ms
W/PackageManager(  362): Unknown permission com.google.android.googleapps.permission.ACCESS_GOOGLE_PASSWORD in package com.android.development
W/PackageManager(  362): Unknown permission com.google.android.googleapps.permission.GOOGLE_AUTH in package com.android.development
W/PackageManager(  362): Unknown permission com.google.android.googleapps.permission.GOOGLE_AUTH.ALL_SERVICES in package com.android.development
W/PackageManager(  362): Unknown permission com.google.android.googleapps.permission.GOOGLE_AUTH.YouTubeUser in package com.android.development
W/PackageManager(  362): Not granting permission android.permission.DELETE_PACKAGES to package com.svox.pico (protectionLevel=18 flags=0x88be45)
W/PackageManager(  362): Not granting permission android.permission.DEVICE_POWER to package com.android.deskclock (protectionLevel=2 flags=0xc8be45)
E/BluetoothAdapter(  456): Bluetooth binder is null
E/BluetoothAdapter(  456): Bluetooth binder is null
E/BluetoothAdapter(  456): Bluetooth binder is null
D/dalvikvm(  456): GC_CONCURRENT freed 59K, 4% free 3302K/3428K, paused 32ms+5ms, total 113ms
E/BluetoothAdapter(  456): Bluetooth binder is null
E/NetdConnector(  362): NDC Command {1 bandwidth enable} took too long (3564ms)
D/PhoneStatusBar(  456): disable: < expand icons alerts ticker system_info back home recent clock search >
E/BluetoothAdapter(  456): Bluetooth binder is null
D/PhoneStatusBar(  456): heads up is disabled
I/Choreographer(  456): Skipped 365 frames!  The application may be doing too much work on its main thread.
I/ActivityManager(  362): Start proc android.process.acore for content provider com.android.providers.contacts/.ContactsProvider2: pid=566 uid=10002 gids={50002, 3003, 1028, 1015}
E/NetdConnector(  362): NDC Command {2 firewall disable} took too long (741ms)
D/dalvikvm(  456): GC_CONCURRENT freed 136K, 6% free 3557K/3756K, paused 5ms+100ms, total 184ms
I/Choreographer(  456): Skipped 227 frames!  The application may be doing too much work on its main thread.
D/gralloc_goldfish(  456): Emulator without GPU emulation detected.
I/Choreographer(  456): Skipped 65 frames!  The application may be doing too much work on its main thread.
D/dalvikvm(  566): GC_CONCURRENT freed 213K, 9% free 2995K/3272K, paused 33ms+4ms, total 179ms
D/dalvikvm(  566): WAIT_FOR_CONCURRENT_GC blocked 55ms
I/ActivityManager(  362): Config changes=200 {1.0 ?mcc?mnc en_US ldltr sw480dp w480dp h839dp 160dpi lrg long port finger -keyb/h/h tball/v s.4}
W/RecognitionManagerService(  362): no available voice recognition services found for user 0
D/PhoneStatusBar(  456): mSettingsPanelGravity = 55
W/AppWidgetServiceImpl(  362): Failed to read state: java.io.FileNotFoundException: /data/system/users/0/appwidgets.xml: open failed: ENOENT (No such file or directory)
W/InputMethodManagerService(  362): Ignoring setImeWindowStatus of uid 1000 token: null
D/dalvikvm(  362): GC_CONCURRENT freed 629K, 57% free 5219K/11968K, paused 7ms+4ms, total 114ms
D/dalvikvm(  362): WAIT_FOR_CONCURRENT_GC blocked 14ms
D/dalvikvm(  362): WAIT_FOR_CONCURRENT_GC blocked 18ms
W/InputMethodUtils(  362): Found no subtypes in a system IME: com.android.inputmethod.pinyin
W/InputMethodManagerService(  362): Reset the default IME as "Resource" is ready here.
W/InputMethodUtils(  362): Found no subtypes in a system IME: com.android.inputmethod.pinyin
I/InputMethodManagerService(  362): Selected default: com.android.inputmethod.latin/.LatinIME
I/ActivityManager(  362): Config changes=20 {1.0 ?mcc?mnc en_US ldltr sw480dp w480dp h839dp 160dpi lrg long port finger -keyb/v/h tball/v s.5}
D/dalvikvm(  456): GC_FOR_ALLOC freed 95K, 6% free 3561K/3756K, paused 89ms, total 91ms
I/ActivityManager(  362): Start proc com.android.inputmethod.latin for service com.android.inputmethod.latin/.LatinIME: pid=598 uid=10029 gids={50029, 1028, 1015}
V/InputMethodManagerService(  362): Adding window token: android.os.Binder@b35bffb0
W/GpsLocationProvider(  362): Could not open GPS configuration file /etc/gps.conf
W/ServiceWatcher(  362): com.google.android.location not found
W/ServiceWatcher(  362): com.google.android.location not found
W/LocationManagerService(  362): no network location provider found
W/ServiceWatcher(  362): com.google.android.location not found
W/InputMethodManagerService(  362): Illegal subtype state: old subtype = null, new subtype = android.view.inputmethod.InputMethodSubtype@c9194f98
W/ServiceWatcher(  362): com.google.android.location not found
E/FlpHardwareProvider(  362): Error hw_get_module 'flp': -2
E/LocationManagerService(  362): no geocoder provider found
W/ServiceWatcher(  362): com.google.android.location not found
E/FlpHardwareProvider(  362): Error hw_get_module 'flp': -2
W/ServiceWatcher(  362): com.google.android.location not found
E/LocationManagerService(  362): No FusedProvider found.
E/LocationManagerService(  362): no geofence provider found
I/dalvikvm-heap(  456): Grow heap (frag case) to 6.467MB for 3072016-byte allocation
I/CommonTimeManagementService(  362): No common time service detected on this platform.  Common time services will be unavailable.
I/InputReader(  362): Reconfiguring input devices.  changes=0x00000020
I/ActivityManager(  362): Start proc com.android.phone for added application com.android.phone: pid=612 uid=1001 gids={41001, 3002, 3001, 3003, 1028, 1015}
I/ActivityManager(  362): START u0 {act=android.intent.action.MAIN cat=[android.intent.category.HOME] flg=0x10000000 cmp=com.android.settings/.CryptKeeper} from pid 0
I/InputReader(  362): Reconfiguring input devices.  changes=0x00000010
I/ActivityManager(  362): Start proc com.android.settings for activity com.android.settings/.CryptKeeper: pid=623 uid=1000 gids={41000, 1028, 1015, 3002, 3001, 3003}
D/dalvikvm(  456): GC_FOR_ALLOC freed 3K, 3% free 6557K/6760K, paused 303ms, total 303ms
I/ActivityManager(  362): Start proc android.process.media for broadcast com.android.providers.downloads/.DownloadReceiver: pid=632 uid=10005 gids={50005, 1028, 1015, 1023, 1024, 2001, 3003, 3007}
D/dalvikvm(   59): GC_EXPLICIT freed 37K, 4% free 2705K/2808K, paused 13ms+2ms, total 60ms
D/dalvikvm(   59): GC_EXPLICIT freed <1K, 4% free 2705K/2808K, paused 13ms+2ms, total 55ms
D/dalvikvm(   59): GC_EXPLICIT freed <1K, 4% free 2705K/2808K, paused 2ms+2ms, total 45ms
D/dalvikvm(  456): GC_CONCURRENT freed <1K, 3% free 6562K/6760K, paused 3ms+167ms, total 245ms
D/dalvikvm(  456): GC_FOR_ALLOC freed 3002K, 6% free 3563K/3756K, paused 130ms, total 131ms
I/dalvikvm-heap(  456): Grow heap (frag case) to 6.468MB for 3072016-byte allocation
D/dalvikvm(  362): GC_CONCURRENT freed 504K, 56% free 5348K/11968K, paused 42ms+24ms, total 298ms
D/dalvikvm(  362): WAIT_FOR_CONCURRENT_GC blocked 128ms
D/dalvikvm(  362): WAIT_FOR_CONCURRENT_GC blocked 111ms
D/dalvikvm(  362): WAIT_FOR_CONCURRENT_GC blocked 112ms
D/dalvikvm(  362): WAIT_FOR_CONCURRENT_GC blocked 116ms
D/dalvikvm(  456): GC_CONCURRENT freed <1K, 3% free 6562K/6760K, paused 4ms+2ms, total 133ms
W/WindowManager(  362): Window freeze timeout expired.
W/WindowManager(  362): Force clearing orientation change: Window{b2df14a0 u0 StatusBar}
W/WindowManager(  362): Force clearing orientation change: Window{b34313c0 u0 com.android.systemui.ImageWallpaper}
I/LatinIME(  598): Hardware accelerated drawing: true
D/PhoneStatusBar(  456): mSettingsPanelGravity = 55
I/ActivityManager(  362): Start proc com.android.printspooler for service com.android.printspooler/.PrintSpoolerService: pid=651 uid=10039 gids={50039}
W/InputAttributes(  598): No editor info for this field. Bug?
I/ActivityManager(  362): START u0 {act=android.intent.action.MAIN cat=[android.intent.category.HOME] flg=0x10000000 cmp=com.android.sdksetup/.DefaultActivity} from pid 0
I/PrintSpoolerService(  651): No existing print spooler state.
D/dalvikvm(  598): GC_CONCURRENT freed 221K, 9% free 2885K/3168K, paused 42ms+2ms, total 225ms
I/ResourceUtils(  598): Found default value: resource=keypress_vibration_durations build=[HARDWARE=goldfish MODEL=sdk BRAND=generic MANUFACTURER=unknown] default=-1
I/ResourceUtils(  598): Found default value: resource=keypress_volumes build=[HARDWARE=goldfish MODEL=sdk BRAND=generic MANUFACTURER=unknown] default=-1.0f
I/ActivityManager(  362): Start proc com.android.sdksetup for activity com.android.sdksetup/.DefaultActivity: pid=668 uid=10042 gids={50042}
V/StatusBar(  456): userId 0 is in the house
I/LatinIME:LogUtils(  598): Dictionary info: dictionary = personalization.en_US.dict ; version = ? ; date = 1545841753
I/LatinIME:LogUtils(  598): Dictionary info: dictionary = PersonalizationPredictionDictio ; version = ? ; date = 1545841753
I/LatinIME:LogUtils(  598): Dictionary info: dictionary = UserHistoryDictionary.en_US.dic ; version = ? ; date = 1545841752
I/Choreographer(  456): Skipped 272 frames!  The application may be doing too much work on its main thread.
I/Choreographer(  456): Skipped 36 frames!  The application may be doing too much work on its main thread.
D/dalvikvm(  362): GC_CONCURRENT freed 623K, 55% free 5390K/11968K, paused 7ms+18ms, total 554ms
D/dalvikvm(  362): WAIT_FOR_CONCURRENT_GC blocked 75ms
I/LatinIME:LogUtils(  598): Dictionary info: dictionary = userunigram.en_US.dict ; version = ? ; date = ?
I/ActivityManager(  362): Force stopping com.android.sdksetup appid=10042 user=0: pkg changed
I/ActivityManager(  362): Killing 668:com.android.sdksetup/u0a42 (adj 0): stop com.android.sdksetup
I/ActivityManager(  362):   Force finishing activity ActivityRecord{b3432a38 u0 com.android.sdksetup/.DefaultActivity t2}
I/ActivityManager(  362): START u0 {act=android.intent.action.MAIN cat=[android.intent.category.HOME] flg=0x10000000 cmp=com.android.launcher/com.android.launcher2.Launcher} from pid 0
I/FusedLocation(  362): engine started (com.android.location.fused)
I/FusedLocation(  362): engine stopped (com.android.location.fused)
I/FusedLocation(  362): engine started (com.android.location.fused)
I/ActivityManager(  362): Start proc com.android.launcher for activity com.android.launcher/com.android.launcher2.Launcher: pid=692 uid=10008 gids={50008}
I/InputReader(  362): Reconfiguring input devices.  changes=0x00000010
D/dalvikvm(  598): GC_CONCURRENT freed 378K, 13% free 2978K/3420K, paused 20ms+2ms, total 119ms
D/dalvikvm(  598): GC_CONCURRENT freed 430K, 17% free 2973K/3540K, paused 5ms+2ms, total 84ms
D/dalvikvm(  598): WAIT_FOR_CONCURRENT_GC blocked 14ms
D/dalvikvm(  362): GC_CONCURRENT freed 554K, 55% free 5398K/11968K, paused 13ms+4ms, total 467ms
W/BackupManagerService(  362): dataChanged but no participant pkg='com.android.providers.settings' uid=1001
I/PackageManager(  362):   Action: "android.intent.action.SENDTO"
I/PackageManager(  362):   Category: "android.intent.category.DEFAULT"
I/PackageManager(  362):   Scheme: "sms"
I/PackageManager(  362): Adding preferred activity ComponentInfo{com.android.mms/com.android.mms.ui.ComposeMessageActivity} for user 0 :
D/dalvikvm(  612): GC_CONCURRENT freed 176K, 8% free 2928K/3160K, paused 74ms+2ms, total 343ms
I/PackageManager(  362):   Action: "android.intent.action.SENDTO"
I/PackageManager(  362):   Category: "android.intent.category.DEFAULT"
I/PackageManager(  362):   Scheme: "smsto"
I/PackageManager(  362): Adding preferred activity ComponentInfo{com.android.mms/com.android.mms.ui.ComposeMessageActivity} for user 0 :
I/PackageManager(  362):   Action: "android.intent.action.SENDTO"
I/PackageManager(  362):   Category: "android.intent.category.DEFAULT"
I/PackageManager(  362):   Scheme: "mms"
I/PackageManager(  362): Adding preferred activity ComponentInfo{com.android.mms/com.android.mms.ui.ComposeMessageActivity} for user 0 :
I/PackageManager(  362):   Action: "android.intent.action.SENDTO"
I/PackageManager(  362):   Category: "android.intent.category.DEFAULT"
I/PackageManager(  362):   Scheme: "mmsto"
I/PackageManager(  362): Adding preferred activity ComponentInfo{com.android.mms/com.android.mms.ui.ComposeMessageActivity} for user 0 :
I/PackageManager(  362):   Action: "android.intent.action.SENDTO"
I/PackageManager(  362):   Category: "android.intent.category.DEFAULT"
I/PackageManager(  362):   Scheme: "sms"
I/PackageManager(  362): Adding preferred activity ComponentInfo{com.android.mms/com.android.mms.ui.ComposeMessageActivity} for user 0 :
I/PackageManager(  362):   Action: "android.intent.action.SENDTO"
I/PackageManager(  362):   Category: "android.intent.category.DEFAULT"
I/PackageManager(  362):   Scheme: "smsto"
I/PackageManager(  362): Adding preferred activity ComponentInfo{com.android.mms/com.android.mms.ui.ComposeMessageActivity} for user 0 :
I/LatinIME:LogUtils(  598): Dictionary info: dictionary = main:en ; version = 42 ; date = 1381226429
