D/dalvikvm(  345): WAIT_FOR_CONCURRENT_GC blocked 25ms
D/dalvikvm(  345): GC_FOR_ALLOC freed 351K, 68% free 4163K/12932K, paused 32ms, total 33ms
D/dalvikvm(  345): GC_CONCURRENT freed 120K, 66% free 4485K/12932K, paused 5ms+3ms, total 44ms
D/dalvikvm(  345): WAIT_FOR_CONCURRENT_GC blocked 25ms
D/dalvikvm(  345): GC_CONCURRENT freed 429K, 66% free 4500K/12932K, paused 5ms+5ms, total 71ms
D/dalvikvm(  345): GC_CONCURRENT freed 202K, 63% free 4804K/12932K, paused 5ms+5ms, total 104ms
D/dalvikvm(  345): GC_CONCURRENT freed 286K, 62% free 5015K/12932K, paused 5ms+15ms, total 96ms
I/PackageManager(  345): /system/app/LegacyCamera.apk changed; collecting certs
D/dalvikvm(  345): GC_CONCURRENT freed 427K, 61% free 5157K/12932K, paused 6ms+10ms, total 46ms
D/dalvikvm(  345): WAIT_FOR_CONCURRENT_GC blocked 36ms
D/dalvikvm(  345): GC_CONCURRENT freed 1468K, 68% free 4182K/12932K, paused 3ms+3ms, total 43ms
D/dalvikvm(  345): WAIT_FOR_CONCURRENT_GC blocked 31ms
D/dalvikvm(  345): GC_CONCURRENT freed 272K, 66% free 4416K/12932K, paused 13ms+5ms, total 98ms
D/dalvikvm(  345): GC_CONCURRENT freed 304K, 65% free 4586K/12932K, paused 6ms+10ms, total 132ms
I/PackageManager(  345): /system/app/LiveWallpapersPicker.apk changed; collecting certs
D/dalvikvm(  345): GC_CONCURRENT freed 407K, 64% free 4687K/12932K, paused 4ms+12ms, total 86ms
D/dalvikvm(  345): WAIT_FOR_CONCURRENT_GC blocked 7ms
I/PackageManager(  345): /system/app/Music.apk changed; collecting certs
D/dalvikvm(  345): GC_CONCURRENT freed 1084K, 69% free 4091K/12932K, paused 15ms+16ms, total 95ms
I/PackageManager(  345): /system/app/NetSpeed.apk changed; collecting certs
D/dalvikvm(  345): GC_CONCURRENT freed 381K, 68% free 4190K/12932K, paused 5ms+7ms, total 85ms
I/PackageManager(  345): /system/app/OpenWnn.apk changed; collecting certs
D/dalvikvm(  345): GC_CONCURRENT freed 496K, 68% free 4160K/12932K, paused 10ms+3ms, total 44ms
D/dalvikvm(  345): WAIT_FOR_CONCURRENT_GC blocked 35ms
D/dalvikvm(  345): GC_CONCURRENT freed 359K, 67% free 4312K/12932K, paused 6ms+7ms, total 103ms
D/dalvikvm(  345): GC_CONCURRENT freed 275K, 66% free 4515K/12932K, paused 6ms+14ms, total 93ms
I/PackageManager(  345): /system/app/PacProcessor.apk changed; collecting certs
I/PackageManager(  345): /system/app/PackageInstaller.apk changed; collecting certs
D/dalvikvm(  345): GC_CONCURRENT freed 405K, 65% free 4600K/12932K, paused 5ms+11ms, total 88ms
I/PackageManager(  345): /system/app/PicoTts.apk changed; collecting certs
I/PackageManager(  345): /system/app/PinyinIME.apk changed; collecting certs
D/dalvikvm(  345): GC_CONCURRENT freed 989K, 69% free 4122K/12932K, paused 5ms+6ms, total 88ms
I/PackageManager(  345): /system/app/PrintSpooler.apk changed; collecting certs
I/PackageManager(  345): /system/app/Protips.apk changed; collecting certs
D/dalvikvm(  345): GC_CONCURRENT freed 424K, 68% free 4197K/12932K, paused 5ms+6ms, total 95ms
I/PackageManager(  345): /system/app/QuickSearchBox.apk changed; collecting certs
D/dalvikvm(  345): GC_CONCURRENT freed 485K, 68% free 4209K/12932K, paused 5ms+14ms, total 154ms
I/PackageManager(  345): /system/app/SdkSetup.apk changed; collecting certs
I/PackageManager(  345): /system/app/SoundRecorder.apk changed; collecting certs
D/dalvikvm(  345): GC_CONCURRENT freed 409K, 67% free 4351K/12932K, paused 6ms+6ms, total 104ms
I/PackageManager(  345): /system/app/SpeechRecorder.apk changed; collecting certs
I/PackageManager(  345): /system/app/TelephonyProvider.apk changed; collecting certs
I/PackageManager(  345): /system/app/UserDictionaryProvider.apk changed; collecting certs
D/PackageManager(  345): No files in app dir /vendor/app
D/dalvikvm(  345): GC_CONCURRENT freed 705K, 69% free 4121K/12932K, paused 5ms+5ms, total 106ms
I/PackageManager(  345): /data/app/ApiDemos.apk changed; collecting certs
W/PackageParser(  345): No actions in intent filter at /data/app/ApiDemos.apk Binary XML file line #2899
W/PackageParser(  345): No actions in intent filter at /data/app/ApiDemos.apk Binary XML file line #2905
D/dalvikvm(  345): GC_CONCURRENT freed 252K, 66% free 4412K/12932K, paused 6ms+6ms, total 105ms
D/dalvikvm(  345): GC_CONCURRENT freed 318K, 65% free 4594K/12932K, paused 6ms+3ms, total 46ms
D/dalvikvm(  345): WAIT_FOR_CONCURRENT_GC blocked 30ms
D/dalvikvm(  345): GC_CONCURRENT freed 312K, 64% free 4764K/12932K, paused 5ms+4ms, total 78ms
D/dalvikvm(  345): WAIT_FOR_CONCURRENT_GC blocked 20ms
D/dalvikvm(  345): GC_CONCURRENT freed 281K, 62% free 4965K/12932K, paused 5ms+13ms, total 96ms
D/dalvikvm(  345): GC_CONCURRENT freed 699K, 63% free 4832K/12932K, paused 5ms+3ms, total 79ms
D/dalvikvm(  345): WAIT_FOR_CONCURRENT_GC blocked 34ms
D/dalvikvm(  345): GC_CONCURRENT freed 533K, 63% free 4832K/12932K, paused 15ms+4ms, total 75ms
D/dalvikvm(  345): WAIT_FOR_CONCURRENT_GC blocked 32ms
D/dalvikvm(  345): GC_CONCURRENT freed 527K, 63% free 4836K/12932K, paused 5ms+3ms, total 71ms
D/dalvikvm(  345): WAIT_FOR_CONCURRENT_GC blocked 26ms
D/dalvikvm(  345): GC_CONCURRENT freed 535K, 63% free 4835K/12932K, paused 4ms+4ms, total 121ms
D/dalvikvm(  345): WAIT_FOR_CONCURRENT_GC blocked 35ms
D/dalvikvm(  345): GC_CONCURRENT freed 521K, 63% free 4845K/12932K, paused 14ms+3ms, total 73ms
D/dalvikvm(  345): WAIT_FOR_CONCURRENT_GC blocked 34ms
D/dalvikvm(  345): GC_CONCURRENT freed 529K, 63% free 4848K/12932K, paused 13ms+3ms, total 73ms
D/dalvikvm(  345): WAIT_FOR_CONCURRENT_GC blocked 34ms
D/dalvikvm(  345): GC_CONCURRENT freed 529K, 63% free 4851K/12932K, paused 14ms+3ms, total 73ms
D/dalvikvm(  345): WAIT_FOR_CONCURRENT_GC blocked 35ms
D/dalvikvm(  345): GC_CONCURRENT freed 531K, 63% free 4856K/12932K, paused 14ms+4ms, total 74ms
D/dalvikvm(  345): WAIT_FOR_CONCURRENT_GC blocked 35ms
D/dalvikvm(  345): GC_CONCURRENT freed 529K, 63% free 4866K/12932K, paused 14ms+4ms, total 74ms
D/dalvikvm(  345): WAIT_FOR_CONCURRENT_GC blocked 33ms
W/PackageManager(  345): Package com.example.android.apis desires unavailable shared library com.example.will.never.exist; ignoring!
D/dalvikvm(  345): GC_CONCURRENT freed 482K, 63% free 4866K/12932K, paused 4ms+6ms, total 88ms
I/PackageManager(  345): /data/app/CubeLiveWallpapers.apk changed; collecting certs
I/PackageManager(  345): /data/app/GestureBuilder.apk changed; collecting certs
D/dalvikvm(  345): GC_CONCURRENT freed 421K, 62% free 4984K/12932K, paused 5ms+10ms, total 80ms
D/dalvikvm(  345): WAIT_FOR_CONCURRENT_GC blocked 9ms
I/PackageManager(  345): /data/app/SmokeTest.apk changed; collecting certs
I/PackageManager(  345): /data/app/SmokeTestApp.apk changed; collecting certs
I/PackageManager(  345): /data/app/SoftKeyboard.apk changed; collecting certs
D/dalvikvm(  345): GC_CONCURRENT freed 1142K, 66% free 4427K/12932K, paused 5ms+5ms, total 89ms
I/PackageManager(  345): /data/app/WidgetPreview.apk changed; collecting certs
D/dalvikvm(  345): GC_CONCURRENT freed 564K, 67% free 4375K/12932K, paused 5ms+5ms, total 81ms
D/dalvikvm(  345): WAIT_FOR_CONCURRENT_GC blocked 20ms
W/PackageManager(  345): Package com.example.android.apis desires unavailable shared library com.example.will.never.exist; ignoring!
W/PackageManager(  345): Package com.android.camera desires unavailable shared library com.google.android.media.effects; ignoring!
I/PackageManager(  345): Time to scan packages: 26.681 seconds
W/PackageManager(  345): Not granting permission android.permission.GLOBAL_SEARCH to package com.android.quicksearchbox (protectionLevel=18 flags=0x8be45)
W/PackageManager(  345): Unknown permission com.android.smspush.WAPPUSH_MANAGER_BIND in package com.android.phone
W/PackageManager(  345): Unknown permission com.google.android.googleapps.permission.GOOGLE_AUTH in package com.android.providers.calendar
W/PackageManager(  345): Unknown permission com.google.android.googleapps.permission.GOOGLE_AUTH.cl in package com.android.providers.calendar
W/PackageManager(  345): Unknown permission com.google.android.googleapps.permission.GOOGLE_AUTH.mail in package com.android.calendar
W/PackageManager(  345): Not granting permission android.permission.ACCESS_DOWNLOAD_MANAGER to package com.android.browser (protectionLevel=18 flags=0x9be45)
W/PackageManager(  345): Not granting permission android.permission.SEND_DOWNLOAD_COMPLETED_INTENTS to package com.android.browser (protectionLevel=2 flags=0x9be45)
W/PackageManager(  345): Not granting permission android.permission.BIND_APPWIDGET to package com.android.widgetpreview (protectionLevel=18 flags=0x8be44)
W/PackageManager(  345): Unknown permission android.permission.INSTALL_DRM in package com.android.mms
W/PackageManager(  345): Unknown permission com.google.android.googleapps.permission.GOOGLE_AUTH in package com.android.settings
W/PackageManager(  345): Unknown permission com.google.android.googleapps.permission.ACCESS_GOOGLE_PASSWORD in package com.android.development
W/PackageManager(  345): Unknown permission com.google.android.googleapps.permission.GOOGLE_AUTH in package com.android.development
W/PackageManager(  345): Unknown permission com.google.android.googleapps.permission.GOOGLE_AUTH.ALL_SERVICES in package com.android.development
W/PackageManager(  345): Unknown permission com.google.android.googleapps.permission.GOOGLE_AUTH.YouTubeUser in package com.android.development
W/PackageManager(  345): Not granting permission android.permission.DELETE_PACKAGES to package com.svox.pico (protectionLevel=18 flags=0x8be45)
W/PackageManager(  345): Not granting permission android.permission.DEVICE_POWER to package com.android.deskclock (protectionLevel=2 flags=0x48be45)
D/dalvikvm(  345): GC_CONCURRENT freed 443K, 67% free 4353K/12932K, paused 6ms+3ms, total 54ms
D/dalvikvm(  345): WAIT_FOR_CONCURRENT_GC blocked 32ms
D/dalvikvm(  345): GC_EXPLICIT freed 75K, 67% free 4278K/12932K, paused 4ms+3ms, total 51ms
I/SystemServer(  345): Entropy Mixer
W/EntropyMixer(  345): No existing entropy file -- first boot?
I/EntropyMixer(  345): Writing entropy...
I/SystemServer(  345): User Service
I/SystemServer(  345): Account Manager
I/SystemServer(  345): Content Manager
I/SystemServer(  345): System Content Providers
I/SyncManager(  345): No initial accounts
I/SyncManager(  345): No initial status
W/SyncManagerFile(  345): Error reading pending data.
W/SyncManagerFile(  345): java.io.FileNotFoundException: /data/system/sync/pending.xml: open failed: ENOENT (No such file or directory)
W/SyncManagerFile(  345): 	at libcore.io.IoBridge.open(IoBridge.java:409)
W/SyncManagerFile(  345): 	at java.io.FileInputStream.<init>(FileInputStream.java:78)
W/SyncManagerFile(  345): 	at android.util.AtomicFile.openRead(AtomicFile.java:199)
W/SyncManagerFile(  345): 	at com.android.server.content.SyncStorageEngine.readPendingOperationsLocked(SyncStorageEngine.java:2286)
W/SyncManagerFile(  345): 	at com.android.server.content.SyncStorageEngine.<init>(SyncStorageEngine.java:434)
W/SyncManagerFile(  345): 	at com.android.server.content.SyncStorageEngine.init(SyncStorageEngine.java:454)
W/SyncManagerFile(  345): 	at com.android.server.content.SyncManager.<init>(SyncManager.java:383)
W/SyncManagerFile(  345): 	at com.android.server.content.ContentService.getSyncManager(ContentService.java:75)
W/SyncManagerFile(  345): 	at com.android.server.content.ContentService.notifyChange(ContentService.java:283)
W/SyncManagerFile(  345): 	at android.content.ContentResolver.notifyChange(ContentResolver.java:1621)
W/SyncManagerFile(  345): 	at com.android.providers.settings.SettingsProvider.sendNotify(SettingsProvider.java:262)
W/SyncManagerFile(  345): 	at com.android.providers.settings.SettingsProvider.insertForUser(SettingsProvider.java:941)
W/SyncManagerFile(  345): 	at com.android.providers.settings.SettingsProvider.ensureAndroidIdIsSet(SettingsProvider.java:496)
W/SyncManagerFile(  345): 	at com.android.providers.settings.SettingsProvider.establishDbTracking(SettingsProvider.java:409)
W/SyncManagerFile(  345): 	at com.android.providers.settings.SettingsProvider.onCreate(SettingsProvider.java:335)
W/SyncManagerFile(  345): 	at android.content.ContentProvider.attachInfo(ContentProvider.java:1591)
W/SyncManagerFile(  345): 	at android.content.ContentProvider.attachInfo(ContentProvider.java:1562)
W/SyncManagerFile(  345): 	at android.app.ActivityThread.installProvider(ActivityThread.java:4774)
W/SyncManagerFile(  345): 	at android.app.ActivityThread.installContentProviders(ActivityThread.java:4369)
W/SyncManagerFile(  345): 	at android.app.ActivityThread.installSystemProviders(ActivityThread.java:4929)
W/SyncManagerFile(  345): 	at com.android.server.am.ActivityManagerService.installSystemProviders(ActivityManagerService.java:8081)
W/SyncManagerFile(  345): 	at com.android.server.ServerThread.initAndLoop(SystemServer.java:275)
W/SyncManagerFile(  345): 	at com.android.server.SystemServer.main(SystemServer.java:1179)
W/SyncManagerFile(  345): 	at java.lang.reflect.Method.invokeNative(Native Method)
W/SyncManagerFile(  345): 	at java.lang.reflect.Method.invoke(Method.java:515)
W/SyncManagerFile(  345): 	at com.android.internal.os.ZygoteInit$MethodAndArgsCaller.run(ZygoteInit.java:785)
W/SyncManagerFile(  345): 	at com.android.internal.os.ZygoteInit.main(ZygoteInit.java:601)
W/SyncManagerFile(  345): 	at dalvik.system.NativeStart.main(Native Method)
W/SyncManagerFile(  345): Caused by: libcore.io.ErrnoException: open failed: ENOENT (No such file or directory)
W/SyncManagerFile(  345): 	at libcore.io.Posix.open(Native Method)
W/SyncManagerFile(  345): 	at libcore.io.BlockGuardOs.open(BlockGuardOs.java:110)
W/SyncManagerFile(  345): 	at libcore.io.IoBridge.open(IoBridge.java:393)
W/SyncManagerFile(  345): 	... 27 more
I/SyncManager(  345): No initial statistics
D/SettingsProvider(  345): Generated and saved new ANDROID_ID [51fe309851ac3f50] for user 0
I/SystemServer(  345): Lights Service
I/SystemServer(  345): Battery Service
E/ConsumerIrService(  345): Can't open consumer IR HW Module, error: -2
I/SystemServer(  345): Vibrator Service
I/SystemServer(  345): Consumer IR Service
W/libsuspend(  345): Error writing 'on' to /sys/power/state: Invalid argument
E/libsuspend(  345): Error opening /sys/power/autosleep: No such file or directory
I/libsuspend(  345): Selected wakeup count
D/PermissionCache(   58): checking android.permission.ACCESS_SURFACE_FLINGER for uid=1000 => granted (2892 us)
D/SurfaceFlinger(   58): Screen acquired, type=0 flinger=0xb7e57450
D/SurfaceFlinger(   58):  screen was previously acquired
I/SystemServer(  345): Alarm Manager
I/SystemServer(  345): Init Watchdog
I/SystemServer(  345): Input Manager
I/InputManager(  345): Initializing input manager, mUseDevInputEventForAudioJack=false
I/SystemServer(  345): Window Manager
I/WindowManager(  345): No existing display settings /data/system/display_settings.xml; starting empty
D/dalvikvm(  345): GC_CONCURRENT freed 306K, 66% free 4487K/12932K, paused 8ms+5ms, total 157ms
I/WindowManager(  345): No keyguard interface!
I/InputManager(  345): Starting input manager
I/SystemServer(  345): No Bluetooh Service (emulator)
I/SystemServer(  345): Input Method Service
E/EventHub(  345): could not get driver version for /dev/input/mouse0, Not a typewriter
W/EventHub(  345): Unable to disable kernel key repeat for /dev/input/event0: Function not implemented
I/EventHub(  345): New device: id=1, fd=93, path='/dev/input/event0', name='qwerty2', classes=0x2d, configuration='/system/usr/idc/qwerty2.idc', keyLayout='/system/usr/keylayout/qwerty.kl', keyCharacterMap='/system/usr/keychars/qwerty2.kcm', builtinKeyboard=true, usingSuspendBlockIoctl=true, usingClockIoctl=true
E/EventHub(  345): could not get driver version for /dev/input/mice, Not a typewriter
I/InputReader(  345): Device added: id=-1, name='Virtual', sources=0x00000301
I/InputReader(  345):   Touch device 'qwerty2' could not query the properties of its associated display.  The device will be inoperable until the display size becomes available.
I/InputReader(  345): Device added: id=0, name='qwerty2', sources=0x00011307
W/InputMethodManagerService(  345): No IME selected. Choose the most applicable IME.
I/InputMethodManagerService(  345): No default found, using com.android.inputmethod.latin/.LatinIME
I/SystemServer(  345): Accessibility Manager
I/ActivityManager(  345): Config changes=1df8 {1.0 ?mcc?mnc en_US ldltr sw480dp w480dp h864dp 160dpi lrg long port ?uimode ?night -touch -keyb/h/h tball/v s.2}
I/InputReader(  345): Reconfiguring input devices.  changes=0x00000004
I/InputReader(  345): Device reconfigured: id=0, name='qwerty2', size 480x864, orientation 0, mode 1, display id 0
I/ActivityManager(  345): Config changes=408 {1.0 ?mcc?mnc en_US ldltr sw480dp w480dp h839dp 160dpi lrg long port ?uimode ?night finger -keyb/h/h tball/v s.3}
I/SystemServer(  345): Mount Service
D/MountService(  345): got storage path: /storage/sdcard description: USB storage primary: true removable: false emulated: false mtpReserve: 0 allowMassStorage: false maxFileSize: 0
D/MountService(  345): addVolumeLocked() StorageVolume:
D/MountService(  345):     mStorageId=0 mPath=/storage/sdcard mDescriptionId=17040665 mPrimary=true 
D/MountService(  345):     mRemovable=false mEmulated=false mMtpReserveSpace=0 
D/MountService(  345):     mAllowMassStorage=false mMaxFileSize=0 mOwner=null mUuid=null 
D/MountService(  345):     mUserLabel=null mState=null 
I/SystemServer(  345): LockSettingsService
I/SystemServer(  345): Device Policy
I/SystemServer(  345): Status Bar
I/SystemServer(  345): Clipboard Service
I/SystemServer(  345): NetworkManagement Service
I/SystemServer(  345): Text Service Manager Service
W/MountService(  345): Duplicate state transition (unmounted -> unmounted) for /storage/sdcard
W/MountService(  345): getSecureContainerList() called when storage not mounted
I/SystemServer(  345): NetworkStats Service
I/SystemServer(  345): NetworkPolicy Service
I/PackageManager(  345): No secure containers on sdcard
I/SystemServer(  345): Wi-Fi P2pService
W/PackageManager(  345): Not granting permission android.permission.GLOBAL_SEARCH to package com.android.quicksearchbox (protectionLevel=18 flags=0x8be45)
W/PackageManager(  345): Unknown permission com.android.smspush.WAPPUSH_MANAGER_BIND in package com.android.phone
W/PackageManager(  345): Unknown permission com.google.android.googleapps.permission.GOOGLE_AUTH in package com.android.providers.calendar
W/PackageManager(  345): Unknown permission com.google.android.googleapps.permission.GOOGLE_AUTH.cl in package com.android.providers.calendar
W/PackageManager(  345): Unknown permission com.google.android.googleapps.permission.GOOGLE_AUTH.mail in package com.android.calendar
W/PackageManager(  345): Not granting permission android.permission.ACCESS_DOWNLOAD_MANAGER to package com.android.browser (protectionLevel=18 flags=0x9be45)
W/PackageManager(  345): Not granting permission android.permission.SEND_DOWNLOAD_COMPLETED_INTENTS to package com.android.browser (protectionLevel=2 flags=0x9be45)
W/PackageManager(  345): Not granting permission android.permission.BIND_APPWIDGET to package com.android.widgetpreview (protectionLevel=18 flags=0x8be44)
W/PackageManager(  345): Unknown permission android.permission.INSTALL_DRM in package com.android.mms
W/PackageManager(  345): Unknown permission com.google.android.googleapps.permission.GOOGLE_AUTH in package com.android.settings
W/PackageManager(  345): Unknown permission com.google.android.googleapps.permission.ACCESS_GOOGLE_PASSWORD in package com.android.development
W/PackageManager(  345): Unknown permission com.google.android.googleapps.permission.GOOGLE_AUTH in package com.android.development
W/PackageManager(  345): Unknown permission com.google.android.googleapps.permission.GOOGLE_AUTH.ALL_SERVICES in package com.android.development
W/PackageManager(  345): Unknown permission com.google.android.googleapps.permission.GOOGLE_AUTH.YouTubeUser in package com.android.development
W/PackageManager(  345): Not granting permission android.permission.DELETE_PACKAGES to package com.svox.pico (protectionLevel=18 flags=0x8be45)
W/PackageManager(  345): Not granting permission android.permission.DEVICE_POWER to package com.android.deskclock (protectionLevel=2 flags=0x48be45)
D/dalvikvm(  345): GC_CONCURRENT freed 284K, 65% free 4649K/12932K, paused 5ms+13ms, total 85ms
I/SystemServer(  345): Wi-Fi Service
D/WifiController(  345): isAirplaneModeOn = false, isWifiEnabled = false, isScanningAvailable = false
I/SystemServer(  345): Connectivity Service
D/ConnectivityService(  345): ConnectivityService starting up
D/ConnectivityService(  345): wifiOnly=false
E/MobileDataStateTracker(  345): default: Ignoring feature request because could not acquire PhoneService
E/MobileDataStateTracker(  345): default: Could not enable APN type "default"
I/WifiService(  345): WifiService starting up with Wi-Fi disabled
I/SystemServer(  345): Network Service Discovery Service
D/NsdService(  345): Network service discovery enabled true
I/SystemServer(  345): UpdateLock Service
I/SystemServer(  345): Notification Manager
I/SystemServer(  345): Device Storage Monitor
I/SystemServer(  345): Location Manager
I/SystemServer(  345): Country Detector
I/SystemServer(  345): Search Service
I/SystemServer(  345): DropBox Service
I/SystemServer(  345): Wallpaper Service
W/WallpaperService(  345): no current wallpaper -- first boot?
I/SystemServer(  345): Audio Service
D/dalvikvm(  345): GC_CONCURRENT freed 233K, 63% free 4862K/12932K, paused 10ms+35ms, total 154ms
I/SystemServer(  345): Dock Observer
W/DockObserver(  345): This kernel does not have dock station support
I/SystemServer(  345): Wired Accessory Manager
W/WiredAccessoryManager(  345): This kernel does not have wired headset support
W/WiredAccessoryManager(  345): This kernel does not have usb audio support
W/WiredAccessoryManager(  345): This kernel does not have HDMI audio support
I/SystemServer(  345): USB Service
I/SystemServer(  345): Serial Service
I/SystemServer(  345): Twilight Service
I/SystemServer(  345): UI Mode Manager Service
I/SystemServer(  345): Backup Service
V/BackupManagerService(  345): Initializing package tracking
V/BackupManagerService(  345): No ancestral data
V/BackupManagerService(  345): addPackageParticipantsLocked: all
I/BackupManagerService(  345): Scheduling backup for new app com.android.calendar
D/BackupManagerService(  345): Now staging backup of com.android.calendar
I/BackupManagerService(  345): Scheduling backup for new app com.android.browser
D/BackupManagerService(  345): Now staging backup of com.android.browser
I/BackupManagerService(  345): Scheduling backup for new app com.android.providers.userdictionary
D/BackupManagerService(  345): Now staging backup of com.android.providers.userdictionary
I/BackupManagerService(  345): Scheduling backup for new app com.android.sharedstoragebackup
D/BackupManagerService(  345): Now staging backup of com.android.sharedstoragebackup
I/BackupManagerService(  345): Scheduling backup for new app android
D/BackupManagerService(  345): Now staging backup of android
I/BackupManagerService(  345): Scheduling backup for new app com.android.dialer
D/BackupManagerService(  345): Now staging backup of com.android.dialer
I/BackupManagerService(  345): Scheduling backup for new app com.android.providers.settings
D/BackupManagerService(  345): Now staging backup of com.android.providers.settings
V/BackupManagerService(  345): Starting with transport android/com.android.internal.backup.LocalTransport
V/BackupManagerService(  345): Found transports: 1
I/BackupManagerService(  345): Binding to transport host ComponentInfo{android/com.android.internal.backup.LocalTransportService}
I/BackupManagerService(  345): Backup enabled => true
I/SystemServer(  345): AppWidget Service
I/SystemServer(  345): Recognition Service
I/SystemServer(  345): DiskStats Service
I/SystemServer(  345): SamplingProfiler Service
I/SystemServer(  345): NetworkTimeUpdateService
I/SystemServer(  345): CommonTimeManagementService
I/SystemServer(  345): CertBlacklister
I/SystemServer(  345): Dreams Service
I/SystemServer(  345): Assets Atlas Service
D/Atlas   (  345): Computing best atlas configuration...
D/Atlas   (  345): Running Thread-50
I/WindowManager(  345): SAFE MODE not enabled
I/SystemServer(  345): IdleMaintenanceService
I/SystemServer(  345): Print Service
I/SystemServer(  345): Media Router Service
D/Atlas   (  345): Found best atlas configuration in 0.08s
D/Atlas   (  345): Loaded configuration: SliceMinArea (768x768) flags=0x2 count=24
E/SQLiteLog(  345): (1) no such table: locksettings
D/gralloc_goldfish(  345): Emulator without GPU emulation detected.
I/LockSettingsService(  345): Migrated lock settings to new location
I/LockSettingsService(  345): Migrated per-user lock settings to new location
W/AssetAtlasService(  345): Could not find EGL configuration
D/Atlas   (  345): Rendered atlas in 31.78ms (28.14+3.64ms)
I/Zygote  (  345): Process: zygote socket opened
V/KeyguardServiceDelegate(  345): *** Keyguard started
V/KeyguardServiceDelegate(  345): onSystemReady() called before keyguard service was ready
I/ActivityManager(  345): Start proc com.android.systemui for service com.android.keyguard/.KeyguardService: pid=442 uid=10007 gids={50007, 1028, 1015, 1035, 3002, 3001}
D/dalvikvm(  345): GC_CONCURRENT freed 347K, 62% free 5006K/12932K, paused 6ms+21ms, total 160ms
F/SystemServer(  345): BOOT FAILURE making Package Manager Service ready
F/SystemServer(  345): java.lang.SecurityException: Unable to find app for caller android.app.ActivityThread$ApplicationThread@b3721020 (pid=345) when registering receiver android.app.LoadedApk$ReceiverDispatcher$InnerReceiver@b3610af0
F/SystemServer(  345): 	at com.android.server.am.ActivityManagerService.registerReceiver(ActivityManagerService.java:13021)
F/SystemServer(  345): 	at android.app.ContextImpl.registerReceiverInternal(ContextImpl.java:1450)
F/SystemServer(  345): 	at android.app.ContextImpl.registerReceiverAsUser(ContextImpl.java:1425)
F/SystemServer(  345): 	at com.android.internal.content.PackageMonitor.register(PackageMonitor.java:84)
F/SystemServer(  345): 	at com.android.server.pm.UserManagerService.systemReady(UserManagerService.java:237)
F/SystemServer(  345): 	at com.android.server.pm.PackageManagerService.systemReady(PackageManagerService.java:10476)
F/SystemServer(  345): 	at com.android.server.ServerThread.initAndLoop(SystemServer.java:893)
F/SystemServer(  345): 	at com.android.server.SystemServer.main(SystemServer.java:1179)
F/SystemServer(  345): 	at java.lang.reflect.Method.invokeNative(Native Method)
F/SystemServer(  345): 	at java.lang.reflect.Method.invoke(Method.java:515)
F/SystemServer(  345): 	at com.android.internal.os.ZygoteInit$MethodAndArgsCaller.run(ZygoteInit.java:785)
F/SystemServer(  345): 	at com.android.internal.os.ZygoteInit.main(ZygoteInit.java:601)
F/SystemServer(  345): 	at dalvik.system.NativeStart.main(Native Method)
W/SystemServer(  345): ***********************************************
I/ActivityManager(  345): Sending system update to ComponentInfo{com.android.providers.calendar/com.android.providers.calendar.CalendarUpgradeReceiver} for user 0
I/ActivityManager(  345): Sending system update to ComponentInfo{com.android.providers.contacts/com.android.providers.contacts.ContactsUpgradeReceiver} for user 0
I/ActivityManager(  345): Sending system update to ComponentInfo{com.android.providers.media/com.android.providers.media.MediaUpgradeReceiver} for user 0
I/SystemServer(  345): Enabled StrictMode for system server main thread.
I/ActivityManager(  345): Start proc com.android.providers.calendar for broadcast com.android.providers.calendar/.CalendarUpgradeReceiver: pid=455 uid=10001 gids={50001, 3003, 1028, 1015}
I/Choreographer(  345): Skipped 70 frames!  The application may be doing too much work on its main thread.
W/InputMethodManagerService(  345): Focus gain on non-focused client android.view.inputmethod.InputMethodManager$1@b3586cd8 (uid=1000 pid=345)
V/BackupManagerService(  345): Connected to transport ComponentInfo{android/com.android.internal.backup.LocalTransportService}
V/BackupManagerService(  345): Registering transport android/com.android.internal.backup.LocalTransportService::android/com.android.internal.backup.LocalTransport = com.android.internal.backup.LocalTransport@b32a14b8
I/ActivityManager(  345): Launching preboot mode app: ProcessRecord{b30a14f8 455:com.android.providers.calendar/u0a1}
E/SoundPool(  442): error loading /system/media/audio/ui/Lock.ogg
W/KeyguardViewMediator(  442): failed to load lock sound from /system/media/audio/ui/Lock.ogg
E/SoundPool(  442): error loading /system/media/audio/ui/Unlock.ogg
W/KeyguardViewMediator(  442): failed to load unlock sound from /system/media/audio/ui/Unlock.ogg
V/KeyguardService(  442): onCreate()
V/KeyguardServiceDelegate(  345): *** Keyguard connected (yay!)
V/KeyguardServiceDelegate(  345): **** SHOWN CALLED ****
I/ActivityManager(  345): Start proc android.process.acore for broadcast com.android.providers.contacts/.ContactsUpgradeReceiver: pid=471 uid=10002 gids={50002, 3003, 1028, 1015}
I/ActivityManager(  345): Launching preboot mode app: ProcessRecord{b3346520 471:android.process.acore/u0a2}
I/ContactsUpgradeReceiver(  471): Creating or opening contacts database
I/ContactsDatabaseHelper(  471): Bootstrapping database version: 803
D/dalvikvm(  471): GC_CONCURRENT freed 413K, 15% free 2796K/3276K, paused 38ms+1ms, total 65ms
D/dalvikvm(  471): WAIT_FOR_CONCURRENT_GC blocked 29ms
D/dalvikvm(  471): GC_CONCURRENT freed 315K, 13% free 2880K/3276K, paused 3ms+1ms, total 38ms
I/ContactsProviderV1(  471): Bootstrapping database legacy support
I/ContactsDatabaseHelper(  471): Bootstrapping database version: 803
D/dalvikvm(  471): GC_CONCURRENT freed 345K, 13% free 2932K/3348K, paused 5ms+3ms, total 42ms
I/ContactsProviderV1(  471): Bootstrapping database legacy support
I/ContactsProvider(  471): Locale has changed from null to en_US
I/ContactsDatabaseHelper(  471): Switching to locale en_US (ICU v51.1.0.1)
D/dalvikvm(  471): GC_CONCURRENT freed 332K, 12% free 3015K/3416K, paused 4ms+2ms, total 41ms
I/ContactsDatabaseHelper(  471): Locale change completed in 516ms
I/ContactsDatabaseHelper(  471): Switching to locale en_US (ICU v51.1.0.1)
D/dalvikvm(  471): GC_CONCURRENT freed 355K, 13% free 3058K/3480K, paused 8ms+2ms, total 69ms
I/ContactsDatabaseHelper(  471): Locale change completed in 559ms
I/ActivityManager(  345): Start proc android.process.media for broadcast com.android.providers.media/.MediaUpgradeReceiver: pid=489 uid=10005 gids={50005, 1028, 1015, 1023, 1024, 2001, 3003, 3007}
D/dalvikvm(  345): GC_CONCURRENT freed 381K, 61% free 5125K/12932K, paused 6ms+14ms, total 91ms
I/ActivityManager(  345): Launching preboot mode app: ProcessRecord{b33aba20 489:android.process.media/u0a5}
I/ActivityManager(  345): Writing new set of last done pre-boot receivers...
I/ActivityManager(  345): Removing system update proc: ProcessRecord{b30a14f8 455:com.android.providers.calendar/u0a1}
I/ActivityManager(  345): Killing 455:com.android.providers.calendar/u0a1 (adj 13): system update done
I/ActivityManager(  345): Removing system update proc: ProcessRecord{b3346520 471:android.process.acore/u0a2}
I/ActivityManager(  345): Killing 471:android.process.acore/u0a2 (adj 11): system update done
I/ActivityManager(  345): Removing system update proc: ProcessRecord{b33aba20 489:android.process.media/u0a5}
I/ActivityManager(  345): Killing 489:android.process.media/u0a5 (adj 9): system update done
I/ActivityManager(  345): System now ready
I/SystemServer(  345): Making services ready
D/NetworkManagementService(  345): enabling bandwidth control
I/Vold    (   53): /dev/block/vold/179:0 being considered for volume sdcard
D/Vold    (   53): Volume sdcard state changing 1 (Idle-Unmounted) -> 3 (Checking)
D/MountService(  345): volume state changed for /storage/sdcard (unmounted -> checking)
D/MountService(  345): sendStorageIntent Intent { act=android.intent.action.MEDIA_CHECKING dat=file:///storage/sdcard (has extras) } to UserHandle{-1}
D/SystemUIService(  442): loading: class com.android.systemui.recent.Recents
D/SystemUIService(  442): running: com.android.systemui.recent.Recents@b2da1010
D/SystemUIService(  442): loading: class com.android.systemui.statusbar.SystemBars
D/SystemUIService(  442): running: com.android.systemui.statusbar.SystemBars@b2da15f8
D/SystemUIService(  442): loading: class com.android.systemui.usb.StorageNotification
D/SystemUIService(  442): running: com.android.systemui.usb.StorageNotification@b2da3348
D/SystemUIService(  442): loading: class com.android.systemui.power.PowerUI
D/SystemUIService(  442): running: com.android.systemui.power.PowerUI@b2da49a8
D/SystemUIService(  442): loading: class com.android.systemui.media.RingtonePlayer
D/SystemUIService(  442): running: com.android.systemui.media.RingtonePlayer@b2da59e0
I/fsck_msdos(   53): ** /dev/block/vold/179:0
I/fsck_msdos(   53): Invalid signature in fsinfo block
I/fsck_msdos(   53): FIXED
I/fsck_msdos(   53): ** Phase 1 - Read and Compare FATs
I/fsck_msdos(   53): Attempting to allocate 794 KB for FAT
D/SystemUIService(  442): loading: class com.android.systemui.settings.SettingsUI
D/SystemUIService(  442): running: com.android.systemui.settings.SettingsUI@b2da6cc8
D/PhoneStatusBar(  442): mSettingsPanelGravity = 55
I/StatusBarManagerService(  345): registerStatusBar bar=com.android.internal.statusbar.IStatusBar$Stub$Proxy@b31da7a8
I/fsck_msdos(   53): Attempting to allocate 794 KB for FAT
I/fsck_msdos(   53): ** Phase 2 - Check Cluster Chains
I/fsck_msdos(   53): ** Phase 3 - Checking Directories
I/fsck_msdos(   53): ** Phase 4 - Checking for Lost Files
I/fsck_msdos(   53): Free space in FSInfo block (201592) not correct (201591)
I/fsck_msdos(   53): FIXED
I/fsck_msdos(   53): 1 files, 100795 free (201591 clusters)
D/dalvikvm(  442): GC_CONCURRENT freed 282K, 12% free 2822K/3176K, paused 4ms+24ms, total 152ms
I/Vold    (   53): Filesystem check completed OK
W/Vold    (   53): blkid failed to identify /dev/block/vold/179:0
D/Vold    (   53): Volume sdcard state changing 3 (Checking) -> 4 (Mounted)
I/PackageManager(  345): Updating external media status from unmounted to mounted
D/MountService(  345): volume state changed for /storage/sdcard (checking -> mounted)
D/MountService(  345): sendStorageIntent Intent { act=android.intent.action.MEDIA_MOUNTED dat=file:///storage/sdcard (has extras) } to UserHandle{-1}
E/VoldConnector(  345): NDC Command {3 volume mount /storage/sdcard} took too long (988ms)
D/dalvikvm(  442): GC_FOR_ALLOC freed 37K, 8% free 2947K/3176K, paused 26ms, total 39ms
I/PackageManager(  345): No secure containers on sdcard
E/VoldConnector(  345): NDC Command {4 asec list} took too long (537ms)
W/PackageManager(  345): Not granting permission android.permission.GLOBAL_SEARCH to package com.android.quicksearchbox (protectionLevel=18 flags=0x88be45)
W/PackageManager(  345): Unknown permission com.android.smspush.WAPPUSH_MANAGER_BIND in package com.android.phone
W/PackageManager(  345): Unknown permission com.google.android.googleapps.permission.GOOGLE_AUTH in package com.android.providers.calendar
W/PackageManager(  345): Unknown permission com.google.android.googleapps.permission.GOOGLE_AUTH.cl in package com.android.providers.calendar
W/PackageManager(  345): Unknown permission com.google.android.googleapps.permission.GOOGLE_AUTH.mail in package com.android.calendar
W/PackageManager(  345): Not granting permission android.permission.ACCESS_DOWNLOAD_MANAGER to package com.android.browser (protectionLevel=18 flags=0x89be45)
W/PackageManager(  345): Not granting permission android.permission.SEND_DOWNLOAD_COMPLETED_INTENTS to package com.android.browser (protectionLevel=2 flags=0x89be45)
W/PackageManager(  345): Not granting permission android.permission.BIND_APPWIDGET to package com.android.widgetpreview (protectionLevel=18 flags=0x8be44)
W/PackageManager(  345): Unknown permission android.permission.INSTALL_DRM in package com.android.mms
W/PackageManager(  345): Unknown permission com.google.android.googleapps.permission.GOOGLE_AUTH in package com.android.settings
D/dalvikvm(  345): GC_CONCURRENT freed 524K, 61% free 5087K/12932K, paused 7ms+16ms, total 126ms
W/PackageManager(  345): Unknown permission com.google.android.googleapps.permission.ACCESS_GOOGLE_PASSWORD in package com.android.development
W/PackageManager(  345): Unknown permission com.google.android.googleapps.permission.GOOGLE_AUTH in package com.android.development
W/PackageManager(  345): Unknown permission com.google.android.googleapps.permission.GOOGLE_AUTH.ALL_SERVICES in package com.android.development
W/PackageManager(  345): Unknown permission com.google.android.googleapps.permission.GOOGLE_AUTH.YouTubeUser in package com.android.development
W/PackageManager(  345): Not granting permission android.permission.DELETE_PACKAGES to package com.svox.pico (protectionLevel=18 flags=0x88be45)
W/PackageManager(  345): Not granting permission android.permission.DEVICE_POWER to package com.android.deskclock (protectionLevel=2 flags=0xc8be45)
E/BluetoothAdapter(  442): Bluetooth binder is null
E/BluetoothAdapter(  442): Bluetooth binder is null
D/dalvikvm(  442): GC_CONCURRENT freed 58K, 5% free 3302K/3452K, paused 32ms+4ms, total 81ms
E/BluetoothAdapter(  442): Bluetooth binder is null
E/BluetoothAdapter(  442): Bluetooth binder is null
I/ActivityManager(  345): Start proc android.process.acore for content provider com.android.providers.contacts/.ContactsProvider2: pid=539 uid=10002 gids={50002, 3003, 1028, 1015}
D/PhoneStatusBar(  442): disable: < expand icons alerts ticker system_info back home recent clock search >
E/NetdConnector(  345): NDC Command {1 bandwidth enable} took too long (3300ms)
E/BluetoothAdapter(  442): Bluetooth binder is null
D/PhoneStatusBar(  442): heads up is disabled
I/Choreographer(  442): Skipped 476 frames!  The application may be doing too much work on its main thread.
E/NetdConnector(  345): NDC Command {2 firewall disable} took too long (751ms)
D/dalvikvm(  442): GC_CONCURRENT freed 136K, 6% free 3552K/3756K, paused 5ms+40ms, total 104ms
I/Choreographer(  442): Skipped 298 frames!  The application may be doing too much work on its main thread.
D/gralloc_goldfish(  442): Emulator without GPU emulation detected.
D/dalvikvm(  539): GC_CONCURRENT freed 210K, 9% free 2999K/3276K, paused 17ms+20ms, total 259ms
D/dalvikvm(  539): WAIT_FOR_CONCURRENT_GC blocked 25ms
I/Choreographer(  442): Skipped 75 frames!  The application may be doing too much work on its main thread.
E/NetdConnector(  345): NDC Command {5 firewall disable} took too long (534ms)
I/ActivityManager(  345): Config changes=200 {1.0 ?mcc?mnc en_US ldltr sw480dp w480dp h839dp 160dpi lrg long port finger -keyb/h/h tball/v s.4}
W/RecognitionManagerService(  345): no available voice recognition services found for user 0
D/PhoneStatusBar(  442): mSettingsPanelGravity = 55
W/AppWidgetServiceImpl(  345): Failed to read state: java.io.FileNotFoundException: /data/system/users/0/appwidgets.xml: open failed: ENOENT (No such file or directory)
W/InputMethodManagerService(  345): Ignoring setImeWindowStatus of uid 1000 token: null
D/dalvikvm(  345): GC_CONCURRENT freed 449K, 60% free 5237K/12932K, paused 6ms+5ms, total 122ms
D/dalvikvm(  345): WAIT_FOR_CONCURRENT_GC blocked 53ms
D/dalvikvm(  345): WAIT_FOR_CONCURRENT_GC blocked 55ms
D/dalvikvm(  345): WAIT_FOR_CONCURRENT_GC blocked 132ms
W/InputMethodUtils(  345): Found no subtypes in a system IME: com.android.inputmethod.pinyin
W/InputMethodManagerService(  345): Reset the default IME as "Resource" is ready here.
W/InputMethodUtils(  345): Found no subtypes in a system IME: com.android.inputmethod.pinyin
I/InputMethodManagerService(  345): Selected default: com.android.inputmethod.latin/.LatinIME
I/ActivityManager(  345): Start proc com.android.inputmethod.latin for service com.android.inputmethod.latin/.LatinIME: pid=582 uid=10029 gids={50029, 1028, 1015}
I/ActivityManager(  345): Config changes=20 {1.0 ?mcc?mnc en_US ldltr sw480dp w480dp h839dp 160dpi lrg long port finger -keyb/v/h tball/v s.5}
V/InputMethodManagerService(  345): Adding window token: android.os.Binder@b330c448
W/InputMethodManagerService(  345): Illegal subtype state: old subtype = null, new subtype = android.view.inputmethod.InputMethodSubtype@c9194f98
W/GpsLocationProvider(  345): Could not open GPS configuration file /etc/gps.conf
W/ServiceWatcher(  345): com.google.android.location not found
W/ServiceWatcher(  345): com.google.android.location not found
W/ServiceWatcher(  345): com.google.android.location not found
W/LocationManagerService(  345): no network location provider found
W/ServiceWatcher(  345): com.google.android.location not found
E/FlpHardwareProvider(  345): Error hw_get_module 'flp': -2
W/ServiceWatcher(  345): com.google.android.location not found
E/FlpHardwareProvider(  345): Error hw_get_module 'flp': -2
W/ServiceWatcher(  345): com.google.android.location not found
E/LocationManagerService(  345): no geocoder provider found
E/LocationManagerService(  345): No FusedProvider found.
E/LocationManagerService(  345): no geofence provider found
I/CommonTimeManagementService(  345): No common time service detected on this platform.  Common time services will be unavailable.
I/InputReader(  345): Reconfiguring input devices.  changes=0x00000020
I/InputReader(  345): Reconfiguring input devices.  changes=0x00000010
I/ActivityManager(  345): Start proc com.android.phone for added application com.android.phone: pid=593 uid=1001 gids={41001, 3002, 3001, 3003, 1028, 1015}
I/ActivityManager(  345): START u0 {act=android.intent.action.MAIN cat=[android.intent.category.HOME] flg=0x10000000 cmp=com.android.settings/.CryptKeeper} from pid 0
D/dalvikvm(  442): GC_FOR_ALLOC freed 95K, 6% free 3562K/3756K, paused 251ms, total 253ms
I/ActivityManager(  345): Start proc com.android.settings for activity com.android.settings/.CryptKeeper: pid=606 uid=1000 gids={41000, 1028, 1015, 3002, 3001, 3003}
I/ActivityManager(  345): Start proc android.process.media for broadcast com.android.providers.downloads/.DownloadReceiver: pid=611 uid=10005 gids={50005, 1028, 1015, 1023, 1024, 2001, 3003, 3007}
D/dalvikvm(   59): GC_EXPLICIT freed 38K, 4% free 2705K/2812K, paused 3ms+2ms, total 59ms
D/dalvikvm(   59): GC_EXPLICIT freed <1K, 4% free 2705K/2812K, paused 2ms+2ms, total 63ms
D/dalvikvm(   59): GC_EXPLICIT freed <1K, 4% free 2705K/2812K, paused 2ms+12ms, total 43ms
I/dalvikvm-heap(  442): Grow heap (frag case) to 6.471MB for 3072016-byte allocation
D/dalvikvm(  442): GC_FOR_ALLOC freed 4K, 3% free 6558K/6760K, paused 69ms, total 69ms
D/dalvikvm(  442): GC_CONCURRENT freed 1K, 3% free 6561K/6760K, paused 4ms+2ms, total 105ms
D/dalvikvm(  442): GC_FOR_ALLOC freed 3001K, 6% free 3563K/3756K, paused 68ms, total 70ms
I/dalvikvm-heap(  442): Grow heap (frag case) to 6.472MB for 3072016-byte allocation
I/LatinIME(  582): Hardware accelerated drawing: true
D/dalvikvm(  442): GC_CONCURRENT freed <1K, 3% free 6563K/6760K, paused 36ms+2ms, total 94ms
D/dalvikvm(  345): GC_CONCURRENT freed 488K, 59% free 5357K/12932K, paused 75ms+71ms, total 567ms
I/ActivityManager(  345): Start proc com.android.printspooler for service com.android.printspooler/.PrintSpoolerService: pid=635 uid=10039 gids={50039}
W/InputAttributes(  582): No editor info for this field. Bug?
W/WindowManager(  345): Window freeze timeout expired.
W/WindowManager(  345): Force clearing orientation change: Window{b327c330 u0 StatusBar}
W/WindowManager(  345): Force clearing orientation change: Window{b2f07f58 u0 com.android.systemui.ImageWallpaper}
D/PhoneStatusBar(  442): mSettingsPanelGravity = 55
I/ResourceUtils(  582): Found default value: resource=keypress_vibration_durations build=[HARDWARE=goldfish MODEL=sdk BRAND=generic MANUFACTURER=unknown] default=-1
I/ResourceUtils(  582): Found default value: resource=keypress_volumes build=[HARDWARE=goldfish MODEL=sdk BRAND=generic MANUFACTURER=unknown] default=-1.0f
D/dalvikvm(  582): GC_CONCURRENT freed 232K, 10% free 2895K/3196K, paused 172ms+19ms, total 276ms
V/StatusBar(  442): userId 0 is in the house
I/LatinIME:LogUtils(  582): Dictionary info: dictionary = personalization.en_US.dict ; version = ? ; date = 1545896720
I/PrintSpoolerService(  635): No existing print spooler state.
I/Choreographer(  442): Skipped 88 frames!  The application may be doing too much work on its main thread.
I/ActivityManager(  345): START u0 {act=android.intent.action.MAIN cat=[android.intent.category.HOME] flg=0x10000000 cmp=com.android.sdksetup/.DefaultActivity} from pid 0
I/LatinIME:LogUtils(  582): Dictionary info: dictionary = PersonalizationPredictionDictio ; version = ? ; date = 1545896720
I/LatinIME:LogUtils(  582): Dictionary info: dictionary = UserHistoryDictionary.en_US.dic ; version = ? ; date = 1545896720
I/ActivityManager(  345): Start proc com.android.sdksetup for activity com.android.sdksetup/.DefaultActivity: pid=660 uid=10042 gids={50042}
I/Choreographer(  442): Skipped 69 frames!  The application may be doing too much work on its main thread.
I/LatinIME:LogUtils(  582): Dictionary info: dictionary = userunigram.en_US.dict ; version = ? ; date = ?
D/dalvikvm(  345): GC_CONCURRENT freed 573K, 59% free 5376K/12932K, paused 35ms+22ms, total 272ms
I/FusedLocation(  345): engine stopped (com.android.location.fused)
I/FusedLocation(  345): engine started (com.android.location.fused)
D/SettingsProvider(  345): User 0 external modification to /data/data/com.android.providers.settings/databases/settings.db; event=2
D/SettingsProvider(  345): User 0 updating our caches for /data/data/com.android.providers.settings/databases/settings.db
D/SettingsProvider(  345): User 0 external modification to /data/data/com.android.providers.settings/databases/settings.db; event=2
D/SettingsProvider(  345): User 0 updating our caches for /data/data/com.android.providers.settings/databases/settings.db
I/ActivityManager(  345): Force stopping com.android.sdksetup appid=10042 user=0: pkg changed
I/ActivityManager(  345): Killing 660:com.android.sdksetup/u0a42 (adj 0): stop com.android.sdksetup
I/ActivityManager(  345):   Force finishing activity ActivityRecord{b3126290 u0 com.android.sdksetup/.DefaultActivity t2}
I/ActivityManager(  345): START u0 {act=android.intent.action.MAIN cat=[android.intent.category.HOME] flg=0x10000000 cmp=com.android.launcher/com.android.launcher2.Launcher} from pid 0
I/ActivityManager(  345): Start proc com.android.launcher for activity com.android.launcher/com.android.launcher2.Launcher: pid=684 uid=10008 gids={50008}
I/InputReader(  345): Reconfiguring input devices.  changes=0x00000010
I/PackageManager(  345):   Action: "android.intent.action.SENDTO"
I/PackageManager(  345):   Category: "android.intent.category.DEFAULT"
I/PackageManager(  345):   Scheme: "sms"
W/BackupManagerService(  345): dataChanged but no participant pkg='com.android.providers.settings' uid=1001
I/PackageManager(  345): Adding preferred activity ComponentInfo{com.android.mms/com.android.mms.ui.ComposeMessageActivity} for user 0 :
D/SettingsProvider(  345): User 0 external modification to /data/data/com.android.providers.settings/databases/settings.db; event=2
D/SettingsProvider(  345): User 0 updating our caches for /data/data/com.android.providers.settings/databases/settings.db
I/PackageManager(  345):   Action: "android.intent.action.SENDTO"
I/PackageManager(  345):   Category: "android.intent.category.DEFAULT"
I/PackageManager(  345):   Scheme: "smsto"
I/PackageManager(  345): Adding preferred activity ComponentInfo{com.android.mms/com.android.mms.ui.ComposeMessageActivity} for user 0 :
D/dalvikvm(  593): GC_CONCURRENT freed 184K, 8% free 2922K/3176K, paused 5ms+9ms, total 250ms
D/dalvikvm(  582): GC_CONCURRENT freed 382K, 13% free 3015K/3436K, paused 4ms+4ms, total 188ms
D/dalvikvm(  345): GC_CONCURRENT freed 613K, 58% free 5435K/12932K, paused 7ms+26ms, total 351ms
D/dalvikvm(  345): WAIT_FOR_CONCURRENT_GC blocked 199ms
D/dalvikvm(  345): WAIT_FOR_CONCURRENT_GC blocked 195ms
D/dalvikvm(  345): WAIT_FOR_CONCURRENT_GC blocked 176ms
D/dalvikvm(  345): WAIT_FOR_CONCURRENT_GC blocked 78ms
I/PackageManager(  345):   Action: "android.intent.action.SENDTO"
I/PackageManager(  345):   Category: "android.intent.category.DEFAULT"
I/PackageManager(  345):   Scheme: "mms"
I/PackageManager(  345): Adding preferred activity ComponentInfo{com.android.mms/com.android.mms.ui.ComposeMessageActivity} for user 0 :
I/PackageManager(  345):   Action: "android.intent.action.SENDTO"
I/PackageManager(  345):   Category: "android.intent.category.DEFAULT"
I/PackageManager(  345):   Scheme: "mmsto"
I/PackageManager(  345): Adding preferred activity ComponentInfo{com.android.mms/com.android.mms.ui.ComposeMessageActivity} for user 0 :
I/PackageManager(  345):   Action: "android.intent.action.SENDTO"
I/PackageManager(  345):   Category: "android.intent.category.DEFAULT"
I/PackageManager(  345):   Scheme: "sms"
I/PackageManager(  345): Adding preferred activity ComponentInfo{com.android.mms/com.android.mms.ui.ComposeMessageActivity} for user 0 :
I/PackageManager(  345):   Action: "android.intent.action.SENDTO"
I/PackageManager(  345):   Category: "android.intent.category.DEFAULT"
I/PackageManager(  345):   Scheme: "smsto"
I/PackageManager(  345): Adding preferred activity ComponentInfo{com.android.mms/com.android.mms.ui.ComposeMessageActivity} for user 0 :
I/PackageManager(  345):   Action: "android.intent.action.SENDTO"
I/PackageManager(  345):   Category: "android.intent.category.DEFAULT"
I/PackageManager(  345):   Scheme: "mms"
I/PackageManager(  345): Adding preferred activity ComponentInfo{com.android.mms/com.android.mms.ui.ComposeMessageActivity} for user 0 :
D/dalvikvm(  582): GC_CONCURRENT freed 450K, 17% free 2976K/3556K, paused 3ms+2ms, total 92ms
