D/dalvikvm(  348): GC_CONCURRENT freed 1185K, 69% free 4030K/12712K, paused 5ms+5ms, total 82ms
I/PackageManager(  348): /system/app/GpsLocationTest.apk changed; collecting certs
I/PackageManager(  348): /system/app/HTMLViewer.apk changed; collecting certs
I/PackageManager(  348): /system/app/KeyChain.apk changed; collecting certs
D/dalvikvm(  348): GC_CONCURRENT freed 444K, 68% free 4072K/12712K, paused 10ms+11ms, total 132ms
I/PackageManager(  348): /system/app/LatinIME.apk changed; collecting certs
D/dalvikvm(  348): GC_CONCURRENT freed 474K, 68% free 4107K/12712K, paused 4ms+3ms, total 46ms
D/dalvikvm(  348): WAIT_FOR_CONCURRENT_GC blocked 29ms
D/dalvikvm(  348): GC_FOR_ALLOC freed 335K, 67% free 4226K/12712K, paused 29ms, total 30ms
D/dalvikvm(  348): GC_CONCURRENT freed 270K, 65% free 4468K/12712K, paused 13ms+7ms, total 96ms
D/dalvikvm(  348): WAIT_FOR_CONCURRENT_GC blocked 4ms
D/dalvikvm(  348): GC_CONCURRENT freed 285K, 64% free 4684K/12712K, paused 5ms+10ms, total 87ms
D/dalvikvm(  348): WAIT_FOR_CONCURRENT_GC blocked 6ms
D/dalvikvm(  348): GC_CONCURRENT freed 333K, 62% free 4851K/12712K, paused 14ms+9ms, total 97ms
I/PackageManager(  348): /system/app/LegacyCamera.apk changed; collecting certs
D/dalvikvm(  348): GC_CONCURRENT freed 415K, 61% free 4973K/12712K, paused 14ms+11ms, total 86ms
D/dalvikvm(  348): WAIT_FOR_CONCURRENT_GC blocked 23ms
D/dalvikvm(  348): GC_CONCURRENT freed 1330K, 68% free 4118K/12712K, paused 3ms+3ms, total 39ms
D/dalvikvm(  348): WAIT_FOR_CONCURRENT_GC blocked 29ms
D/dalvikvm(  348): GC_CONCURRENT freed 437K, 68% free 4192K/12712K, paused 5ms+3ms, total 42ms
D/dalvikvm(  348): WAIT_FOR_CONCURRENT_GC blocked 25ms
D/dalvikvm(  348): GC_CONCURRENT freed 142K, 65% free 4565K/12712K, paused 13ms+6ms, total 86ms
D/dalvikvm(  348): WAIT_FOR_CONCURRENT_GC blocked 6ms
D/dalvikvm(  348): GC_CONCURRENT freed 314K, 63% free 4769K/12712K, paused 5ms+5ms, total 101ms
I/PackageManager(  348): /system/app/LiveWallpapersPicker.apk changed; collecting certs
I/PackageManager(  348): /system/app/Music.apk changed; collecting certs
D/dalvikvm(  348): GC_CONCURRENT freed 479K, 63% free 4795K/12712K, paused 5ms+9ms, total 50ms
D/dalvikvm(  348): WAIT_FOR_CONCURRENT_GC blocked 36ms
D/dalvikvm(  348): GC_CONCURRENT freed 1130K, 68% free 4146K/12712K, paused 5ms+14ms, total 82ms
I/PackageManager(  348): /system/app/NetSpeed.apk changed; collecting certs
I/PackageManager(  348): /system/app/OpenWnn.apk changed; collecting certs
D/dalvikvm(  348): GC_CONCURRENT freed 330K, 67% free 4311K/12712K, paused 5ms+5ms, total 62ms
D/dalvikvm(  348): WAIT_FOR_CONCURRENT_GC blocked 18ms
D/dalvikvm(  348): GC_CONCURRENT freed 661K, 68% free 4161K/12712K, paused 5ms+3ms, total 52ms
D/dalvikvm(  348): WAIT_FOR_CONCURRENT_GC blocked 19ms
D/dalvikvm(  348): GC_CONCURRENT freed 249K, 66% free 4424K/12712K, paused 13ms+4ms, total 70ms
D/dalvikvm(  348): WAIT_FOR_CONCURRENT_GC blocked 14ms
I/PackageManager(  348): /system/app/PacProcessor.apk changed; collecting certs
D/dalvikvm(  348): GC_CONCURRENT freed 386K, 65% free 4524K/12712K, paused 6ms+18ms, total 81ms
I/PackageManager(  348): /system/app/PackageInstaller.apk changed; collecting certs
I/PackageManager(  348): /system/app/PicoTts.apk changed; collecting certs
I/PackageManager(  348): /system/app/PinyinIME.apk changed; collecting certs
D/dalvikvm(  348): GC_CONCURRENT freed 974K, 69% free 4061K/12712K, paused 14ms+5ms, total 56ms
D/dalvikvm(  348): WAIT_FOR_CONCURRENT_GC blocked 27ms
I/PackageManager(  348): /system/app/PrintSpooler.apk changed; collecting certs
D/dalvikvm(  348): GC_CONCURRENT freed 384K, 68% free 4140K/12712K, paused 5ms+11ms, total 75ms
I/PackageManager(  348): /system/app/Protips.apk changed; collecting certs
I/PackageManager(  348): /system/app/QuickSearchBox.apk changed; collecting certs
D/dalvikvm(  348): GC_CONCURRENT freed 481K, 68% free 4167K/12712K, paused 4ms+3ms, total 43ms
D/dalvikvm(  348): WAIT_FOR_CONCURRENT_GC blocked 27ms
D/dalvikvm(  348): GC_CONCURRENT freed 377K, 67% free 4240K/12712K, paused 5ms+5ms, total 68ms
I/PackageManager(  348): /system/app/SdkSetup.apk changed; collecting certs
I/PackageManager(  348): /system/app/SoundRecorder.apk changed; collecting certs
I/PackageManager(  348): /system/app/SpeechRecorder.apk changed; collecting certs
I/PackageManager(  348): /system/app/TelephonyProvider.apk changed; collecting certs
D/dalvikvm(  348): GC_CONCURRENT freed 417K, 66% free 4333K/12712K, paused 14ms+12ms, total 85ms
D/dalvikvm(  348): WAIT_FOR_CONCURRENT_GC blocked 7ms
I/PackageManager(  348): /system/app/UserDictionaryProvider.apk changed; collecting certs
D/PackageManager(  348): No files in app dir /vendor/app
D/dalvikvm(  348): GC_CONCURRENT freed 620K, 68% free 4185K/12712K, paused 4ms+13ms, total 80ms
W/PackageParser(  348): No actions in intent filter at /data/app/ApiDemos.apk Binary XML file line #2899
W/PackageParser(  348): No actions in intent filter at /data/app/ApiDemos.apk Binary XML file line #2905
I/PackageManager(  348): /data/app/ApiDemos.apk changed; collecting certs
D/dalvikvm(  348): GC_CONCURRENT freed 231K, 66% free 4409K/12712K, paused 5ms+3ms, total 46ms
D/dalvikvm(  348): WAIT_FOR_CONCURRENT_GC blocked 28ms
D/dalvikvm(  348): GC_CONCURRENT freed 355K, 65% free 4565K/12712K, paused 5ms+5ms, total 105ms
D/dalvikvm(  348): WAIT_FOR_CONCURRENT_GC blocked 40ms
D/dalvikvm(  348): GC_CONCURRENT freed 234K, 62% free 4836K/12712K, paused 15ms+14ms, total 91ms
D/dalvikvm(  348): GC_CONCURRENT freed 540K, 63% free 4826K/12712K, paused 12ms+3ms, total 66ms
D/dalvikvm(  348): WAIT_FOR_CONCURRENT_GC blocked 29ms
D/dalvikvm(  348): GC_CONCURRENT freed 524K, 62% free 4831K/12712K, paused 15ms+4ms, total 65ms
D/dalvikvm(  348): WAIT_FOR_CONCURRENT_GC blocked 28ms
D/dalvikvm(  348): GC_CONCURRENT freed 524K, 62% free 4834K/12712K, paused 15ms+3ms, total 70ms
D/dalvikvm(  348): WAIT_FOR_CONCURRENT_GC blocked 30ms
D/dalvikvm(  348): GC_CONCURRENT freed 522K, 62% free 4838K/12712K, paused 5ms+4ms, total 68ms
D/dalvikvm(  348): WAIT_FOR_CONCURRENT_GC blocked 26ms
D/dalvikvm(  348): GC_CONCURRENT freed 528K, 62% free 4844K/12712K, paused 4ms+3ms, total 68ms
D/dalvikvm(  348): WAIT_FOR_CONCURRENT_GC blocked 26ms
D/dalvikvm(  348): GC_CONCURRENT freed 529K, 62% free 4847K/12712K, paused 5ms+3ms, total 70ms
D/dalvikvm(  348): WAIT_FOR_CONCURRENT_GC blocked 26ms
D/dalvikvm(  348): GC_CONCURRENT freed 529K, 62% free 4850K/12712K, paused 5ms+4ms, total 69ms
D/dalvikvm(  348): WAIT_FOR_CONCURRENT_GC blocked 28ms
D/dalvikvm(  348): GC_CONCURRENT freed 529K, 62% free 4853K/12712K, paused 5ms+3ms, total 67ms
D/dalvikvm(  348): WAIT_FOR_CONCURRENT_GC blocked 27ms
D/dalvikvm(  348): GC_CONCURRENT freed 531K, 62% free 4858K/12712K, paused 5ms+6ms, total 73ms
D/dalvikvm(  348): WAIT_FOR_CONCURRENT_GC blocked 35ms
D/dalvikvm(  348): GC_CONCURRENT freed 539K, 62% free 4851K/12712K, paused 13ms+3ms, total 73ms
D/dalvikvm(  348): WAIT_FOR_CONCURRENT_GC blocked 19ms
W/PackageManager(  348): Package com.example.android.apis desires unavailable shared library com.example.will.never.exist; ignoring!
I/PackageManager(  348): /data/app/CubeLiveWallpapers.apk changed; collecting certs
D/dalvikvm(  348): GC_CONCURRENT freed 464K, 62% free 4925K/12712K, paused 15ms+12ms, total 94ms
D/dalvikvm(  348): WAIT_FOR_CONCURRENT_GC blocked 36ms
I/PackageManager(  348): /data/app/GestureBuilder.apk changed; collecting certs
I/PackageManager(  348): /data/app/SmokeTest.apk changed; collecting certs
D/dalvikvm(  348): GC_CONCURRENT freed 1129K, 66% free 4347K/12712K, paused 5ms+4ms, total 72ms
D/dalvikvm(  348): WAIT_FOR_CONCURRENT_GC blocked 22ms
I/PackageManager(  348): /data/app/SmokeTestApp.apk changed; collecting certs
I/PackageManager(  348): /data/app/SoftKeyboard.apk changed; collecting certs
D/dalvikvm(  348): GC_CONCURRENT freed 458K, 66% free 4394K/12712K, paused 14ms+4ms, total 71ms
D/dalvikvm(  348): WAIT_FOR_CONCURRENT_GC blocked 27ms
I/PackageManager(  348): /data/app/WidgetPreview.apk changed; collecting certs
W/PackageManager(  348): Package com.example.android.apis desires unavailable shared library com.example.will.never.exist; ignoring!
W/PackageManager(  348): Package com.android.camera desires unavailable shared library com.google.android.media.effects; ignoring!
I/PackageManager(  348): Time to scan packages: 24.101 seconds
W/PackageManager(  348): Not granting permission android.permission.GLOBAL_SEARCH to package com.android.quicksearchbox (protectionLevel=18 flags=0x8be45)
D/dalvikvm(  348): GC_CONCURRENT freed 519K, 66% free 4379K/12712K, paused 4ms+6ms, total 103ms
W/PackageManager(  348): Unknown permission com.android.smspush.WAPPUSH_MANAGER_BIND in package com.android.phone
W/PackageManager(  348): Unknown permission com.google.android.googleapps.permission.GOOGLE_AUTH in package com.android.providers.calendar
W/PackageManager(  348): Unknown permission com.google.android.googleapps.permission.GOOGLE_AUTH.cl in package com.android.providers.calendar
W/PackageManager(  348): Unknown permission com.google.android.googleapps.permission.GOOGLE_AUTH.mail in package com.android.calendar
W/PackageManager(  348): Not granting permission android.permission.ACCESS_DOWNLOAD_MANAGER to package com.android.browser (protectionLevel=18 flags=0x9be45)
W/PackageManager(  348): Not granting permission android.permission.SEND_DOWNLOAD_COMPLETED_INTENTS to package com.android.browser (protectionLevel=2 flags=0x9be45)
W/PackageManager(  348): Not granting permission android.permission.BIND_APPWIDGET to package com.android.widgetpreview (protectionLevel=18 flags=0x8be44)
W/PackageManager(  348): Unknown permission android.permission.INSTALL_DRM in package com.android.mms
W/PackageManager(  348): Unknown permission com.google.android.googleapps.permission.GOOGLE_AUTH in package com.android.settings
W/PackageManager(  348): Unknown permission com.google.android.googleapps.permission.ACCESS_GOOGLE_PASSWORD in package com.android.development
W/PackageManager(  348): Unknown permission com.google.android.googleapps.permission.GOOGLE_AUTH in package com.android.development
W/PackageManager(  348): Unknown permission com.google.android.googleapps.permission.GOOGLE_AUTH.ALL_SERVICES in package com.android.development
W/PackageManager(  348): Unknown permission com.google.android.googleapps.permission.GOOGLE_AUTH.YouTubeUser in package com.android.development
W/PackageManager(  348): Not granting permission android.permission.DELETE_PACKAGES to package com.svox.pico (protectionLevel=18 flags=0x8be45)
W/PackageManager(  348): Not granting permission android.permission.DEVICE_POWER to package com.android.deskclock (protectionLevel=2 flags=0x48be45)
D/dalvikvm(  348): GC_EXPLICIT freed 368K, 67% free 4308K/12712K, paused 3ms+4ms, total 51ms
I/SystemServer(  348): Entropy Mixer
W/EntropyMixer(  348): No existing entropy file -- first boot?
I/EntropyMixer(  348): Writing entropy...
I/SystemServer(  348): User Service
I/SystemServer(  348): Account Manager
I/SystemServer(  348): Content Manager
I/SystemServer(  348): System Content Providers
I/SyncManager(  348): No initial accounts
I/SyncManager(  348): No initial status
W/SyncManagerFile(  348): Error reading pending data.
W/SyncManagerFile(  348): java.io.FileNotFoundException: /data/system/sync/pending.xml: open failed: ENOENT (No such file or directory)
W/SyncManagerFile(  348): 	at libcore.io.IoBridge.open(IoBridge.java:409)
W/SyncManagerFile(  348): 	at java.io.FileInputStream.<init>(FileInputStream.java:78)
W/SyncManagerFile(  348): 	at android.util.AtomicFile.openRead(AtomicFile.java:199)
W/SyncManagerFile(  348): 	at com.android.server.content.SyncStorageEngine.readPendingOperationsLocked(SyncStorageEngine.java:2286)
W/SyncManagerFile(  348): 	at com.android.server.content.SyncStorageEngine.<init>(SyncStorageEngine.java:434)
W/SyncManagerFile(  348): 	at com.android.server.content.SyncStorageEngine.init(SyncStorageEngine.java:454)
W/SyncManagerFile(  348): 	at com.android.server.content.SyncManager.<init>(SyncManager.java:383)
W/SyncManagerFile(  348): 	at com.android.server.content.ContentService.getSyncManager(ContentService.java:75)
W/SyncManagerFile(  348): 	at com.android.server.content.ContentService.notifyChange(ContentService.java:283)
W/SyncManagerFile(  348): 	at android.content.ContentResolver.notifyChange(ContentResolver.java:1621)
W/SyncManagerFile(  348): 	at com.android.providers.settings.SettingsProvider.sendNotify(SettingsProvider.java:262)
W/SyncManagerFile(  348): 	at com.android.providers.settings.SettingsProvider.insertForUser(SettingsProvider.java:941)
W/SyncManagerFile(  348): 	at com.android.providers.settings.SettingsProvider.ensureAndroidIdIsSet(SettingsProvider.java:496)
W/SyncManagerFile(  348): 	at com.android.providers.settings.SettingsProvider.establishDbTracking(SettingsProvider.java:409)
W/SyncManagerFile(  348): 	at com.android.providers.settings.SettingsProvider.onCreate(SettingsProvider.java:335)
W/SyncManagerFile(  348): 	at android.content.ContentProvider.attachInfo(ContentProvider.java:1591)
W/SyncManagerFile(  348): 	at android.content.ContentProvider.attachInfo(ContentProvider.java:1562)
W/SyncManagerFile(  348): 	at android.app.ActivityThread.installProvider(ActivityThread.java:4774)
W/SyncManagerFile(  348): 	at android.app.ActivityThread.installContentProviders(ActivityThread.java:4369)
W/SyncManagerFile(  348): 	at android.app.ActivityThread.installSystemProviders(ActivityThread.java:4929)
W/SyncManagerFile(  348): 	at com.android.server.am.ActivityManagerService.installSystemProviders(ActivityManagerService.java:8081)
W/SyncManagerFile(  348): 	at com.android.server.ServerThread.initAndLoop(SystemServer.java:275)
W/SyncManagerFile(  348): 	at com.android.server.SystemServer.main(SystemServer.java:1179)
W/SyncManagerFile(  348): 	at java.lang.reflect.Method.invokeNative(Native Method)
W/SyncManagerFile(  348): 	at java.lang.reflect.Method.invoke(Method.java:515)
W/SyncManagerFile(  348): 	at com.android.internal.os.ZygoteInit$MethodAndArgsCaller.run(ZygoteInit.java:785)
W/SyncManagerFile(  348): 	at com.android.internal.os.ZygoteInit.main(ZygoteInit.java:601)
W/SyncManagerFile(  348): 	at dalvik.system.NativeStart.main(Native Method)
W/SyncManagerFile(  348): Caused by: libcore.io.ErrnoException: open failed: ENOENT (No such file or directory)
W/SyncManagerFile(  348): 	at libcore.io.Posix.open(Native Method)
W/SyncManagerFile(  348): 	at libcore.io.BlockGuardOs.open(BlockGuardOs.java:110)
W/SyncManagerFile(  348): 	at libcore.io.IoBridge.open(IoBridge.java:393)
W/SyncManagerFile(  348): 	... 27 more
I/SyncManager(  348): No initial statistics
D/SettingsProvider(  348): Generated and saved new ANDROID_ID [a5eb3c0ae08775b1] for user 0
I/SystemServer(  348): Lights Service
I/SystemServer(  348): Battery Service
I/SystemServer(  348): Vibrator Service
E/ConsumerIrService(  348): Can't open consumer IR HW Module, error: -2
W/libsuspend(  348): Error writing 'on' to /sys/power/state: Invalid argument
E/libsuspend(  348): Error opening /sys/power/autosleep: No such file or directory
I/libsuspend(  348): Selected wakeup count
I/SystemServer(  348): Consumer IR Service
D/PermissionCache(   57): checking android.permission.ACCESS_SURFACE_FLINGER for uid=1000 => granted (2422 us)
D/SurfaceFlinger(   57): Screen acquired, type=0 flinger=0xb7a19450
D/SurfaceFlinger(   57):  screen was previously acquired
I/SystemServer(  348): Alarm Manager
I/SystemServer(  348): Init Watchdog
I/SystemServer(  348): Input Manager
I/InputManager(  348): Initializing input manager, mUseDevInputEventForAudioJack=false
I/SystemServer(  348): Window Manager
I/WindowManager(  348): No existing display settings /data/system/display_settings.xml; starting empty
D/dalvikvm(  348): GC_CONCURRENT freed 331K, 65% free 4500K/12712K, paused 6ms+6ms, total 134ms
I/WindowManager(  348): No keyguard interface!
I/InputManager(  348): Starting input manager
I/SystemServer(  348): No Bluetooh Service (emulator)
I/SystemServer(  348): Input Method Service
E/EventHub(  348): could not get driver version for /dev/input/mouse0, Not a typewriter
W/EventHub(  348): Unable to disable kernel key repeat for /dev/input/event0: Function not implemented
I/EventHub(  348): New device: id=1, fd=93, path='/dev/input/event0', name='qwerty2', classes=0x2d, configuration='/system/usr/idc/qwerty2.idc', keyLayout='/system/usr/keylayout/qwerty.kl', keyCharacterMap='/system/usr/keychars/qwerty2.kcm', builtinKeyboard=true, usingSuspendBlockIoctl=true, usingClockIoctl=true
E/EventHub(  348): could not get driver version for /dev/input/mice, Not a typewriter
I/InputReader(  348): Device added: id=-1, name='Virtual', sources=0x00000301
I/InputReader(  348):   Touch device 'qwerty2' could not query the properties of its associated display.  The device will be inoperable until the display size becomes available.
I/InputReader(  348): Device added: id=0, name='qwerty2', sources=0x00011307
W/InputMethodManagerService(  348): No IME selected. Choose the most applicable IME.
I/InputMethodManagerService(  348): No default found, using com.android.inputmethod.latin/.LatinIME
I/SystemServer(  348): Accessibility Manager
I/ActivityManager(  348): Config changes=1df8 {1.0 ?mcc?mnc en_US ldltr sw480dp w480dp h864dp 160dpi lrg long port ?uimode ?night -touch -keyb/h/h tball/v s.2}
I/InputReader(  348): Reconfiguring input devices.  changes=0x00000004
I/InputReader(  348): Device reconfigured: id=0, name='qwerty2', size 480x864, orientation 0, mode 1, display id 0
I/ActivityManager(  348): Config changes=408 {1.0 ?mcc?mnc en_US ldltr sw480dp w480dp h839dp 160dpi lrg long port ?uimode ?night finger -keyb/h/h tball/v s.3}
I/SystemServer(  348): Mount Service
D/MountService(  348): got storage path: /storage/sdcard description: USB storage primary: true removable: false emulated: false mtpReserve: 0 allowMassStorage: false maxFileSize: 0
D/MountService(  348): addVolumeLocked() StorageVolume:
D/MountService(  348):     mStorageId=0 mPath=/storage/sdcard mDescriptionId=17040665 mPrimary=true 
D/MountService(  348):     mRemovable=false mEmulated=false mMtpReserveSpace=0 
D/MountService(  348):     mAllowMassStorage=false mMaxFileSize=0 mOwner=null mUuid=null 
D/MountService(  348):     mUserLabel=null mState=null 
I/SystemServer(  348): LockSettingsService
I/SystemServer(  348): Device Policy
I/SystemServer(  348): Status Bar
I/SystemServer(  348): Clipboard Service
I/SystemServer(  348): NetworkManagement Service
I/SystemServer(  348): Text Service Manager Service
W/MountService(  348): Duplicate state transition (unmounted -> unmounted) for /storage/sdcard
W/MountService(  348): getSecureContainerList() called when storage not mounted
I/PackageManager(  348): No secure containers on sdcard
I/SystemServer(  348): NetworkStats Service
W/PackageManager(  348): Not granting permission android.permission.GLOBAL_SEARCH to package com.android.quicksearchbox (protectionLevel=18 flags=0x8be45)
I/SystemServer(  348): NetworkPolicy Service
I/SystemServer(  348): Wi-Fi P2pService
W/PackageManager(  348): Unknown permission com.android.smspush.WAPPUSH_MANAGER_BIND in package com.android.phone
W/PackageManager(  348): Unknown permission com.google.android.googleapps.permission.GOOGLE_AUTH in package com.android.providers.calendar
W/PackageManager(  348): Unknown permission com.google.android.googleapps.permission.GOOGLE_AUTH.cl in package com.android.providers.calendar
W/PackageManager(  348): Unknown permission com.google.android.googleapps.permission.GOOGLE_AUTH.mail in package com.android.calendar
W/PackageManager(  348): Not granting permission android.permission.ACCESS_DOWNLOAD_MANAGER to package com.android.browser (protectionLevel=18 flags=0x9be45)
W/PackageManager(  348): Not granting permission android.permission.SEND_DOWNLOAD_COMPLETED_INTENTS to package com.android.browser (protectionLevel=2 flags=0x9be45)
W/PackageManager(  348): Not granting permission android.permission.BIND_APPWIDGET to package com.android.widgetpreview (protectionLevel=18 flags=0x8be44)
W/PackageManager(  348): Unknown permission android.permission.INSTALL_DRM in package com.android.mms
W/PackageManager(  348): Unknown permission com.google.android.googleapps.permission.GOOGLE_AUTH in package com.android.settings
W/PackageManager(  348): Unknown permission com.google.android.googleapps.permission.ACCESS_GOOGLE_PASSWORD in package com.android.development
W/PackageManager(  348): Unknown permission com.google.android.googleapps.permission.GOOGLE_AUTH in package com.android.development
W/PackageManager(  348): Unknown permission com.google.android.googleapps.permission.GOOGLE_AUTH.ALL_SERVICES in package com.android.development
W/PackageManager(  348): Unknown permission com.google.android.googleapps.permission.GOOGLE_AUTH.YouTubeUser in package com.android.development
W/PackageManager(  348): Not granting permission android.permission.DELETE_PACKAGES to package com.svox.pico (protectionLevel=18 flags=0x8be45)
W/PackageManager(  348): Not granting permission android.permission.DEVICE_POWER to package com.android.deskclock (protectionLevel=2 flags=0x48be45)
D/dalvikvm(  348): GC_CONCURRENT freed 289K, 64% free 4650K/12712K, paused 5ms+13ms, total 97ms
I/SystemServer(  348): Wi-Fi Service
D/WifiController(  348): isAirplaneModeOn = false, isWifiEnabled = false, isScanningAvailable = false
I/SystemServer(  348): Connectivity Service
D/ConnectivityService(  348): ConnectivityService starting up
D/ConnectivityService(  348): wifiOnly=false
E/MobileDataStateTracker(  348): default: Ignoring feature request because could not acquire PhoneService
E/MobileDataStateTracker(  348): default: Could not enable APN type "default"
I/WifiService(  348): WifiService starting up with Wi-Fi disabled
I/SystemServer(  348): Network Service Discovery Service
D/NsdService(  348): Network service discovery enabled true
I/SystemServer(  348): UpdateLock Service
I/SystemServer(  348): Notification Manager
I/SystemServer(  348): Device Storage Monitor
I/SystemServer(  348): Location Manager
I/SystemServer(  348): Country Detector
I/SystemServer(  348): Search Service
I/SystemServer(  348): DropBox Service
I/SystemServer(  348): Wallpaper Service
W/WallpaperService(  348): no current wallpaper -- first boot?
I/SystemServer(  348): Audio Service
D/dalvikvm(  348): GC_CONCURRENT freed 255K, 62% free 4866K/12712K, paused 6ms+6ms, total 171ms
I/SystemServer(  348): Dock Observer
W/DockObserver(  348): This kernel does not have dock station support
I/SystemServer(  348): Wired Accessory Manager
W/WiredAccessoryManager(  348): This kernel does not have wired headset support
W/WiredAccessoryManager(  348): This kernel does not have usb audio support
W/WiredAccessoryManager(  348): This kernel does not have HDMI audio support
I/SystemServer(  348): USB Service
I/SystemServer(  348): Serial Service
I/SystemServer(  348): Twilight Service
I/SystemServer(  348): UI Mode Manager Service
I/SystemServer(  348): Backup Service
V/BackupManagerService(  348): Initializing package tracking
V/BackupManagerService(  348): No ancestral data
V/BackupManagerService(  348): addPackageParticipantsLocked: all
I/BackupManagerService(  348): Scheduling backup for new app com.android.calendar
D/BackupManagerService(  348): Now staging backup of com.android.calendar
I/BackupManagerService(  348): Scheduling backup for new app com.android.browser
D/BackupManagerService(  348): Now staging backup of com.android.browser
I/BackupManagerService(  348): Scheduling backup for new app com.android.providers.userdictionary
D/BackupManagerService(  348): Now staging backup of com.android.providers.userdictionary
I/BackupManagerService(  348): Scheduling backup for new app com.android.sharedstoragebackup
D/BackupManagerService(  348): Now staging backup of com.android.sharedstoragebackup
I/BackupManagerService(  348): Scheduling backup for new app android
D/BackupManagerService(  348): Now staging backup of android
I/BackupManagerService(  348): Scheduling backup for new app com.android.dialer
D/BackupManagerService(  348): Now staging backup of com.android.dialer
I/BackupManagerService(  348): Scheduling backup for new app com.android.providers.settings
D/BackupManagerService(  348): Now staging backup of com.android.providers.settings
V/BackupManagerService(  348): Starting with transport android/com.android.internal.backup.LocalTransport
V/BackupManagerService(  348): Found transports: 1
I/BackupManagerService(  348): Binding to transport host ComponentInfo{android/com.android.internal.backup.LocalTransportService}
I/BackupManagerService(  348): Backup enabled => true
I/SystemServer(  348): AppWidget Service
I/SystemServer(  348): Recognition Service
I/SystemServer(  348): DiskStats Service
I/SystemServer(  348): SamplingProfiler Service
I/SystemServer(  348): NetworkTimeUpdateService
I/SystemServer(  348): CommonTimeManagementService
I/SystemServer(  348): CertBlacklister
I/SystemServer(  348): Dreams Service
I/SystemServer(  348): Assets Atlas Service
I/SystemServer(  348): IdleMaintenanceService
I/SystemServer(  348): Print Service
I/SystemServer(  348): Media Router Service
D/Atlas   (  348): Computing best atlas configuration...
D/Atlas   (  348): Running Thread-50
I/WindowManager(  348): SAFE MODE not enabled
D/Atlas   (  348): Found best atlas configuration in 0.08s
D/Atlas   (  348): Loaded configuration: SliceMinArea (768x768) flags=0x2 count=24
E/SQLiteLog(  348): (1) no such table: locksettings
D/gralloc_goldfish(  348): Emulator without GPU emulation detected.
I/LockSettingsService(  348): Migrated lock settings to new location
I/LockSettingsService(  348): Migrated per-user lock settings to new location
W/AssetAtlasService(  348): Could not find EGL configuration
D/Atlas   (  348): Rendered atlas in 30.32ms (26.54+3.78ms)
I/Zygote  (  348): Process: zygote socket opened
V/KeyguardServiceDelegate(  348): *** Keyguard started
V/KeyguardServiceDelegate(  348): onSystemReady() called before keyguard service was ready
I/ActivityManager(  348): Start proc com.android.systemui for service com.android.keyguard/.KeyguardService: pid=450 uid=10007 gids={50007, 1028, 1015, 1035, 3002, 3001}
W/SystemServer(  348): ***********************************************
D/dalvikvm(  348): GC_CONCURRENT freed 325K, 61% free 5022K/12712K, paused 24ms+33ms, total 151ms
F/SystemServer(  348): BOOT FAILURE making Package Manager Service ready
F/SystemServer(  348): java.lang.SecurityException: Unable to find app for caller android.app.ActivityThread$ApplicationThread@b30380b8 (pid=348) when registering receiver android.app.LoadedApk$ReceiverDispatcher$InnerReceiver@b303a710
F/SystemServer(  348): 	at com.android.server.am.ActivityManagerService.registerReceiver(ActivityManagerService.java:13021)
F/SystemServer(  348): 	at android.app.ContextImpl.registerReceiverInternal(ContextImpl.java:1450)
F/SystemServer(  348): 	at android.app.ContextImpl.registerReceiverAsUser(ContextImpl.java:1425)
F/SystemServer(  348): 	at com.android.internal.content.PackageMonitor.register(PackageMonitor.java:84)
F/SystemServer(  348): 	at com.android.server.pm.UserManagerService.systemReady(UserManagerService.java:237)
F/SystemServer(  348): 	at com.android.server.pm.PackageManagerService.systemReady(PackageManagerService.java:10476)
F/SystemServer(  348): 	at com.android.server.ServerThread.initAndLoop(SystemServer.java:893)
F/SystemServer(  348): 	at com.android.server.SystemServer.main(SystemServer.java:1179)
F/SystemServer(  348): 	at java.lang.reflect.Method.invokeNative(Native Method)
F/SystemServer(  348): 	at java.lang.reflect.Method.invoke(Method.java:515)
F/SystemServer(  348): 	at com.android.internal.os.ZygoteInit$MethodAndArgsCaller.run(ZygoteInit.java:785)
F/SystemServer(  348): 	at com.android.internal.os.ZygoteInit.main(ZygoteInit.java:601)
F/SystemServer(  348): 	at dalvik.system.NativeStart.main(Native Method)
I/ActivityManager(  348): Sending system update to ComponentInfo{com.android.providers.calendar/com.android.providers.calendar.CalendarUpgradeReceiver} for user 0
I/ActivityManager(  348): Sending system update to ComponentInfo{com.android.providers.contacts/com.android.providers.contacts.ContactsUpgradeReceiver} for user 0
I/ActivityManager(  348): Sending system update to ComponentInfo{com.android.providers.media/com.android.providers.media.MediaUpgradeReceiver} for user 0
I/SystemServer(  348): Enabled StrictMode for system server main thread.
I/ActivityManager(  348): Start proc com.android.providers.calendar for broadcast com.android.providers.calendar/.CalendarUpgradeReceiver: pid=461 uid=10001 gids={50001, 3003, 1028, 1015}
I/Choreographer(  348): Skipped 58 frames!  The application may be doing too much work on its main thread.
W/InputMethodManagerService(  348): Focus gain on non-focused client android.view.inputmethod.InputMethodManager$1@b36b84c8 (uid=1000 pid=348)
V/BackupManagerService(  348): Connected to transport ComponentInfo{android/com.android.internal.backup.LocalTransportService}
V/BackupManagerService(  348): Registering transport android/com.android.internal.backup.LocalTransportService::android/com.android.internal.backup.LocalTransport = com.android.internal.backup.LocalTransport@b33f83b0
I/ActivityManager(  348): Launching preboot mode app: ProcessRecord{b3036c48 461:com.android.providers.calendar/u0a1}
E/SoundPool(  450): error loading /system/media/audio/ui/Lock.ogg
W/KeyguardViewMediator(  450): failed to load lock sound from /system/media/audio/ui/Lock.ogg
E/SoundPool(  450): error loading /system/media/audio/ui/Unlock.ogg
W/KeyguardViewMediator(  450): failed to load unlock sound from /system/media/audio/ui/Unlock.ogg
V/KeyguardService(  450): onCreate()
V/KeyguardServiceDelegate(  348): *** Keyguard connected (yay!)
V/KeyguardServiceDelegate(  348): **** SHOWN CALLED ****
I/ActivityManager(  348): Start proc android.process.acore for broadcast com.android.providers.contacts/.ContactsUpgradeReceiver: pid=481 uid=10002 gids={50002, 3003, 1028, 1015}
I/ActivityManager(  348): Launching preboot mode app: ProcessRecord{b30a4a30 481:android.process.acore/u0a2}
I/ContactsUpgradeReceiver(  481): Creating or opening contacts database
I/ContactsDatabaseHelper(  481): Bootstrapping database version: 803
D/dalvikvm(  481): GC_CONCURRENT freed 364K, 14% free 2810K/3240K, paused 4ms+4ms, total 74ms
D/dalvikvm(  481): GC_CONCURRENT freed 333K, 13% free 2878K/3280K, paused 3ms+14ms, total 41ms
I/ContactsProviderV1(  481): Bootstrapping database legacy support
I/ContactsDatabaseHelper(  481): Bootstrapping database version: 803
D/dalvikvm(  481): GC_CONCURRENT freed 337K, 13% free 2930K/3336K, paused 13ms+2ms, total 31ms
I/ContactsProviderV1(  481): Bootstrapping database legacy support
D/dalvikvm(  481): GC_CONCURRENT freed 341K, 12% free 3011K/3420K, paused 9ms+2ms, total 47ms
I/ContactsProvider(  481): Locale has changed from null to en_US
I/ContactsDatabaseHelper(  481): Switching to locale en_US (ICU v51.1.0.1)
I/ContactsDatabaseHelper(  481): Locale change completed in 526ms
I/ContactsDatabaseHelper(  481): Switching to locale en_US (ICU v51.1.0.1)
D/dalvikvm(  481): GC_CONCURRENT freed 353K, 13% free 3050K/3476K, paused 4ms+1ms, total 31ms
I/ContactsDatabaseHelper(  481): Locale change completed in 450ms
I/ActivityManager(  348): Start proc android.process.media for broadcast com.android.providers.media/.MediaUpgradeReceiver: pid=497 uid=10005 gids={50005, 1028, 1015, 1023, 1024, 2001, 3003, 3007}
D/dalvikvm(  348): GC_CONCURRENT freed 389K, 60% free 5132K/12712K, paused 3ms+4ms, total 85ms
D/dalvikvm(  348): WAIT_FOR_CONCURRENT_GC blocked 57ms
I/ActivityManager(  348): Launching preboot mode app: ProcessRecord{b302fb70 497:android.process.media/u0a5}
I/ActivityManager(  348): Writing new set of last done pre-boot receivers...
I/ActivityManager(  348): Removing system update proc: ProcessRecord{b3036c48 461:com.android.providers.calendar/u0a1}
I/ActivityManager(  348): Killing 461:com.android.providers.calendar/u0a1 (adj 13): system update done
I/ActivityManager(  348): Removing system update proc: ProcessRecord{b30a4a30 481:android.process.acore/u0a2}
I/ActivityManager(  348): Killing 481:android.process.acore/u0a2 (adj 11): system update done
I/ActivityManager(  348): Removing system update proc: ProcessRecord{b302fb70 497:android.process.media/u0a5}
I/ActivityManager(  348): Killing 497:android.process.media/u0a5 (adj 9): system update done
W/ActivityManager(  348): Can't find mystery application for StrictMode from pid=497 uid=10005: android.os.BinderProxy@b36ca6c8
I/ActivityManager(  348): System now ready
W/ProcessCpuTracker(  348): Skipping unknown process pid 461
W/ProcessCpuTracker(  348): Skipping unknown process pid 481
I/SystemServer(  348): Making services ready
D/NetworkManagementService(  348): enabling bandwidth control
I/Vold    (   52): /dev/block/vold/179:0 being considered for volume sdcard
D/Vold    (   52): Volume sdcard state changing 1 (Idle-Unmounted) -> 3 (Checking)
D/MountService(  348): volume state changed for /storage/sdcard (unmounted -> checking)
D/MountService(  348): sendStorageIntent Intent { act=android.intent.action.MEDIA_CHECKING dat=file:///storage/sdcard (has extras) } to UserHandle{-1}
D/SystemUIService(  450): loading: class com.android.systemui.recent.Recents
D/SystemUIService(  450): running: com.android.systemui.recent.Recents@b2dc6010
D/SystemUIService(  450): loading: class com.android.systemui.statusbar.SystemBars
D/SystemUIService(  450): running: com.android.systemui.statusbar.SystemBars@b2dc65f8
D/SystemUIService(  450): loading: class com.android.systemui.usb.StorageNotification
D/SystemUIService(  450): running: com.android.systemui.usb.StorageNotification@b2dc8348
I/fsck_msdos(   52): ** /dev/block/vold/179:0
D/SystemUIService(  450): loading: class com.android.systemui.power.PowerUI
D/SystemUIService(  450): running: com.android.systemui.power.PowerUI@b2dc99a8
I/fsck_msdos(   52): Invalid signature in fsinfo block
I/fsck_msdos(   52): FIXED
I/fsck_msdos(   52): ** Phase 1 - Read and Compare FATs
I/fsck_msdos(   52): Attempting to allocate 794 KB for FAT
D/SystemUIService(  450): loading: class com.android.systemui.media.RingtonePlayer
D/SystemUIService(  450): running: com.android.systemui.media.RingtonePlayer@b2dca9e0
D/SystemUIService(  450): loading: class com.android.systemui.settings.SettingsUI
D/SystemUIService(  450): running: com.android.systemui.settings.SettingsUI@b2dcbcc8
I/StatusBarManagerService(  348): registerStatusBar bar=com.android.internal.statusbar.IStatusBar$Stub$Proxy@b30226e0
D/PhoneStatusBar(  450): mSettingsPanelGravity = 55
I/fsck_msdos(   52): Attempting to allocate 794 KB for FAT
I/fsck_msdos(   52): ** Phase 2 - Check Cluster Chains
I/fsck_msdos(   52): ** Phase 3 - Checking Directories
I/fsck_msdos(   52): ** Phase 4 - Checking for Lost Files
I/fsck_msdos(   52): Free space in FSInfo block (201592) not correct (201591)
I/fsck_msdos(   52): FIXED
I/fsck_msdos(   52): 1 files, 100795 free (201591 clusters)
I/Vold    (   52): Filesystem check completed OK
D/dalvikvm(  450): GC_CONCURRENT freed 282K, 12% free 2822K/3176K, paused 64ms+8ms, total 227ms
W/Vold    (   52): blkid failed to identify /dev/block/vold/179:0
D/Vold    (   52): Volume sdcard state changing 3 (Checking) -> 4 (Mounted)
I/PackageManager(  348): Updating external media status from unmounted to mounted
D/MountService(  348): volume state changed for /storage/sdcard (checking -> mounted)
D/MountService(  348): sendStorageIntent Intent { act=android.intent.action.MEDIA_MOUNTED dat=file:///storage/sdcard (has extras) } to UserHandle{-1}
D/dalvikvm(  450): GC_FOR_ALLOC freed 37K, 8% free 2947K/3176K, paused 24ms, total 36ms
I/PackageManager(  348): No secure containers on sdcard
E/VoldConnector(  348): NDC Command {3 volume mount /storage/sdcard} took too long (1388ms)
W/PackageManager(  348): Not granting permission android.permission.GLOBAL_SEARCH to package com.android.quicksearchbox (protectionLevel=18 flags=0x88be45)
W/PackageManager(  348): Unknown permission com.android.smspush.WAPPUSH_MANAGER_BIND in package com.android.phone
W/PackageManager(  348): Unknown permission com.google.android.googleapps.permission.GOOGLE_AUTH in package com.android.providers.calendar
W/PackageManager(  348): Unknown permission com.google.android.googleapps.permission.GOOGLE_AUTH.cl in package com.android.providers.calendar
W/PackageManager(  348): Unknown permission com.google.android.googleapps.permission.GOOGLE_AUTH.mail in package com.android.calendar
W/PackageManager(  348): Not granting permission android.permission.ACCESS_DOWNLOAD_MANAGER to package com.android.browser (protectionLevel=18 flags=0x89be45)
W/PackageManager(  348): Not granting permission android.permission.SEND_DOWNLOAD_COMPLETED_INTENTS to package com.android.browser (protectionLevel=2 flags=0x89be45)
W/PackageManager(  348): Not granting permission android.permission.BIND_APPWIDGET to package com.android.widgetpreview (protectionLevel=18 flags=0x8be44)
W/PackageManager(  348): Unknown permission android.permission.INSTALL_DRM in package com.android.mms
W/PackageManager(  348): Unknown permission com.google.android.googleapps.permission.GOOGLE_AUTH in package com.android.settings
D/dalvikvm(  348): GC_CONCURRENT freed 529K, 60% free 5091K/12712K, paused 15ms+6ms, total 151ms
W/PackageManager(  348): Unknown permission com.google.android.googleapps.permission.ACCESS_GOOGLE_PASSWORD in package com.android.development
W/PackageManager(  348): Unknown permission com.google.android.googleapps.permission.GOOGLE_AUTH in package com.android.development
W/PackageManager(  348): Unknown permission com.google.android.googleapps.permission.GOOGLE_AUTH.ALL_SERVICES in package com.android.development
W/PackageManager(  348): Unknown permission com.google.android.googleapps.permission.GOOGLE_AUTH.YouTubeUser in package com.android.development
W/PackageManager(  348): Not granting permission android.permission.DELETE_PACKAGES to package com.svox.pico (protectionLevel=18 flags=0x88be45)
W/PackageManager(  348): Not granting permission android.permission.DEVICE_POWER to package com.android.deskclock (protectionLevel=2 flags=0xc8be45)
E/BluetoothAdapter(  450): Bluetooth binder is null
E/BluetoothAdapter(  450): Bluetooth binder is null
D/dalvikvm(  450): GC_CONCURRENT freed 54K, 5% free 3301K/3452K, paused 4ms+2ms, total 61ms
E/BluetoothAdapter(  450): Bluetooth binder is null
E/BluetoothAdapter(  450): Bluetooth binder is null
I/ActivityManager(  348): Start proc android.process.acore for content provider com.android.providers.contacts/.ContactsProvider2: pid=552 uid=10002 gids={50002, 3003, 1028, 1015}
E/NetdConnector(  348): NDC Command {1 bandwidth enable} took too long (3073ms)
D/PhoneStatusBar(  450): disable: < expand icons alerts ticker system_info back home recent clock search >
E/BluetoothAdapter(  450): Bluetooth binder is null
D/PhoneStatusBar(  450): heads up is disabled
I/Choreographer(  450): Skipped 491 frames!  The application may be doing too much work on its main thread.
E/NetdConnector(  348): NDC Command {2 firewall disable} took too long (567ms)
D/dalvikvm(  450): GC_CONCURRENT freed 139K, 6% free 3551K/3760K, paused 35ms+3ms, total 104ms
I/Choreographer(  450): Skipped 238 frames!  The application may be doing too much work on its main thread.
D/gralloc_goldfish(  450): Emulator without GPU emulation detected.
D/dalvikvm(  552): GC_CONCURRENT freed 246K, 10% free 2963K/3276K, paused 55ms+1ms, total 307ms
D/dalvikvm(  552): WAIT_FOR_CONCURRENT_GC blocked 15ms
I/Choreographer(  450): Skipped 100 frames!  The application may be doing too much work on its main thread.
E/NetdConnector(  348): NDC Command {5 firewall disable} took too long (604ms)
I/ActivityManager(  348): Config changes=200 {1.0 ?mcc?mnc en_US ldltr sw480dp w480dp h839dp 160dpi lrg long port finger -keyb/h/h tball/v s.4}
W/RecognitionManagerService(  348): no available voice recognition services found for user 0
D/PhoneStatusBar(  450): mSettingsPanelGravity = 55
W/AppWidgetServiceImpl(  348): Failed to read state: java.io.FileNotFoundException: /data/system/users/0/appwidgets.xml: open failed: ENOENT (No such file or directory)
W/InputMethodManagerService(  348): Ignoring setImeWindowStatus of uid 1000 token: null
D/dalvikvm(  348): GC_CONCURRENT freed 455K, 59% free 5236K/12712K, paused 19ms+4ms, total 161ms
D/dalvikvm(  348): WAIT_FOR_CONCURRENT_GC blocked 81ms
D/dalvikvm(  348): WAIT_FOR_CONCURRENT_GC blocked 83ms
W/InputMethodUtils(  348): Found no subtypes in a system IME: com.android.inputmethod.pinyin
W/InputMethodManagerService(  348): Reset the default IME as "Resource" is ready here.
W/InputMethodUtils(  348): Found no subtypes in a system IME: com.android.inputmethod.pinyin
I/InputMethodManagerService(  348): Selected default: com.android.inputmethod.latin/.LatinIME
I/ActivityManager(  348): Start proc com.android.inputmethod.latin for service com.android.inputmethod.latin/.LatinIME: pid=590 uid=10029 gids={50029, 1028, 1015}
V/InputMethodManagerService(  348): Adding window token: android.os.Binder@b31a10a0
W/InputMethodManagerService(  348): Illegal subtype state: old subtype = null, new subtype = android.view.inputmethod.InputMethodSubtype@c9194f98
W/GpsLocationProvider(  348): Could not open GPS configuration file /etc/gps.conf
W/ServiceWatcher(  348): com.google.android.location not found
W/ServiceWatcher(  348): com.google.android.location not found
W/ServiceWatcher(  348): com.google.android.location not found
W/LocationManagerService(  348): no network location provider found
I/ActivityManager(  348): Config changes=20 {1.0 ?mcc?mnc en_US ldltr sw480dp w480dp h839dp 160dpi lrg long port finger -keyb/v/h tball/v s.5}
W/ServiceWatcher(  348): com.google.android.location not found
E/FlpHardwareProvider(  348): Error hw_get_module 'flp': -2
W/ServiceWatcher(  348): com.google.android.location not found
E/FlpHardwareProvider(  348): Error hw_get_module 'flp': -2
E/LocationManagerService(  348): no geocoder provider found
E/LocationManagerService(  348): No FusedProvider found.
W/ServiceWatcher(  348): com.google.android.location not found
E/LocationManagerService(  348): no geofence provider found
D/dalvikvm(  450): GC_FOR_ALLOC freed 97K, 6% free 3561K/3760K, paused 206ms, total 209ms
I/CommonTimeManagementService(  348): No common time service detected on this platform.  Common time services will be unavailable.
I/InputReader(  348): Reconfiguring input devices.  changes=0x00000020
I/InputReader(  348): Reconfiguring input devices.  changes=0x00000010
I/ActivityManager(  348): Start proc com.android.phone for added application com.android.phone: pid=602 uid=1001 gids={41001, 3002, 3001, 3003, 1028, 1015}
I/ActivityManager(  348): START u0 {act=android.intent.action.MAIN cat=[android.intent.category.HOME] flg=0x10000000 cmp=com.android.settings/.CryptKeeper} from pid 0
I/dalvikvm-heap(  450): Grow heap (frag case) to 6.471MB for 3072016-byte allocation
I/ActivityManager(  348): Start proc com.android.settings for activity com.android.settings/.CryptKeeper: pid=613 uid=1000 gids={41000, 1028, 1015, 3002, 3001, 3003}
D/dalvikvm(  450): GC_FOR_ALLOC freed 4K, 4% free 6557K/6764K, paused 103ms, total 103ms
D/dalvikvm(  450): GC_CONCURRENT freed 0K, 4% free 6558K/6764K, paused 4ms+3ms, total 77ms
I/ActivityManager(  348): Start proc android.process.media for broadcast com.android.providers.downloads/.DownloadReceiver: pid=632 uid=10005 gids={50005, 1028, 1015, 1023, 1024, 2001, 3003, 3007}
D/dalvikvm(   58): GC_EXPLICIT freed 38K, 4% free 2705K/2812K, paused 3ms+2ms, total 48ms
D/dalvikvm(   58): GC_EXPLICIT freed <1K, 4% free 2705K/2812K, paused 6ms+2ms, total 47ms
D/dalvikvm(   58): GC_EXPLICIT freed <1K, 4% free 2705K/2812K, paused 12ms+13ms, total 53ms
D/dalvikvm(  450): GC_FOR_ALLOC freed 3002K, 6% free 3561K/3760K, paused 155ms, total 187ms
I/dalvikvm-heap(  450): Grow heap (frag case) to 6.470MB for 3072016-byte allocation
D/dalvikvm(  450): GC_FOR_ALLOC freed <1K, 3% free 6561K/6764K, paused 161ms, total 161ms
D/dalvikvm(  450): GC_CONCURRENT freed 1K, 3% free 6563K/6764K, paused 7ms+2ms, total 144ms
I/ActivityManager(  348): START u0 {act=android.intent.action.MAIN cat=[android.intent.category.HOME] flg=0x10000000 cmp=com.android.sdksetup/.DefaultActivity} from pid 0
I/ActivityManager(  348): Start proc com.android.sdksetup for activity com.android.sdksetup/.DefaultActivity: pid=644 uid=10042 gids={50042}
I/LatinIME(  590): Hardware accelerated drawing: true
D/dalvikvm(  348): GC_CONCURRENT freed 520K, 58% free 5362K/12712K, paused 5ms+5ms, total 357ms
D/dalvikvm(  348): WAIT_FOR_CONCURRENT_GC blocked 124ms
W/WindowManager(  348): Window freeze timeout expired.
W/WindowManager(  348): Force clearing orientation change: Window{b3698680 u0 StatusBar}
W/WindowManager(  348): Force clearing orientation change: Window{b2dd8130 u0 com.android.systemui.ImageWallpaper}
D/PhoneStatusBar(  450): mSettingsPanelGravity = 55
I/ActivityManager(  348): Start proc com.android.printspooler for service com.android.printspooler/.PrintSpoolerService: pid=659 uid=10039 gids={50039}
V/StatusBar(  450): userId 0 is in the house
W/InputAttributes(  590): No editor info for this field. Bug?
I/Choreographer(  450): Skipped 73 frames!  The application may be doing too much work on its main thread.
D/dalvikvm(  590): GC_CONCURRENT freed 223K, 10% free 2887K/3180K, paused 59ms+2ms, total 204ms
I/Choreographer(  450): Skipped 36 frames!  The application may be doing too much work on its main thread.
I/ResourceUtils(  590): Found default value: resource=keypress_vibration_durations build=[HARDWARE=goldfish MODEL=sdk BRAND=generic MANUFACTURER=unknown] default=-1
I/ResourceUtils(  590): Found default value: resource=keypress_volumes build=[HARDWARE=goldfish MODEL=sdk BRAND=generic MANUFACTURER=unknown] default=-1.0f
I/PrintSpoolerService(  659): No existing print spooler state.
I/LatinIME:LogUtils(  590): Dictionary info: dictionary = UserHistoryDictionary.en_US.dic ; version = ? ; date = 1545767367
I/LatinIME:LogUtils(  590): Dictionary info: dictionary = personalization.en_US.dict ; version = ? ; date = 1545767367
I/LatinIME:LogUtils(  590): Dictionary info: dictionary = PersonalizationPredictionDictio ; version = ? ; date = 1545767368
D/dalvikvm(  348): GC_CONCURRENT freed 599K, 58% free 5431K/12712K, paused 22ms+34ms, total 203ms
D/dalvikvm(  348): WAIT_FOR_CONCURRENT_GC blocked 135ms
D/dalvikvm(  348): WAIT_FOR_CONCURRENT_GC blocked 137ms
D/dalvikvm(  348): WAIT_FOR_CONCURRENT_GC blocked 61ms
D/dalvikvm(  348): WAIT_FOR_CONCURRENT_GC blocked 60ms
I/ActivityManager(  348): Force stopping com.android.sdksetup appid=10042 user=0: pkg changed
I/ActivityManager(  348): Killing 644:com.android.sdksetup/u0a42 (adj 0): stop com.android.sdksetup
I/ActivityManager(  348):   Force finishing activity ActivityRecord{b2e074c8 u0 com.android.sdksetup/.DefaultActivity t2}
I/ActivityManager(  348): START u0 {act=android.intent.action.MAIN cat=[android.intent.category.HOME] flg=0x10000000 cmp=com.android.launcher/com.android.launcher2.Launcher} from pid 0
I/ActivityManager(  348): Start proc com.android.launcher for activity com.android.launcher/com.android.launcher2.Launcher: pid=686 uid=10008 gids={50008}
I/InputReader(  348): Reconfiguring input devices.  changes=0x00000010
I/LatinIME:LogUtils(  590): Dictionary info: dictionary = userunigram.en_US.dict ; version = ? ; date = ?
W/BackupManagerService(  348): dataChanged but no participant pkg='com.android.providers.settings' uid=1001
I/PackageManager(  348):   Action: "android.intent.action.SENDTO"
I/PackageManager(  348):   Category: "android.intent.category.DEFAULT"
I/PackageManager(  348):   Scheme: "sms"
I/PackageManager(  348): Adding preferred activity ComponentInfo{com.android.mms/com.android.mms.ui.ComposeMessageActivity} for user 0 :
I/PackageManager(  348):   Action: "android.intent.action.SENDTO"
I/PackageManager(  348):   Category: "android.intent.category.DEFAULT"
I/PackageManager(  348):   Scheme: "smsto"
I/PackageManager(  348): Adding preferred activity ComponentInfo{com.android.mms/com.android.mms.ui.ComposeMessageActivity} for user 0 :
D/dalvikvm(  602): GC_CONCURRENT freed 188K, 9% free 2925K/3184K, paused 3ms+2ms, total 211ms
D/dalvikvm(  590): GC_CONCURRENT freed 350K, 13% free 2974K/3392K, paused 4ms+2ms, total 95ms
I/PackageManager(  348):   Action: "android.intent.action.SENDTO"
I/PackageManager(  348):   Category: "android.intent.category.DEFAULT"
I/PackageManager(  348):   Scheme: "mms"
I/PackageManager(  348): Adding preferred activity ComponentInfo{com.android.mms/com.android.mms.ui.ComposeMessageActivity} for user 0 :
I/PackageManager(  348):   Action: "android.intent.action.SENDTO"
I/PackageManager(  348):   Category: "android.intent.category.DEFAULT"
I/PackageManager(  348):   Scheme: "mmsto"
I/PackageManager(  348): Adding preferred activity ComponentInfo{com.android.mms/com.android.mms.ui.ComposeMessageActivity} for user 0 :
I/PackageManager(  348):   Action: "android.intent.action.SENDTO"
I/PackageManager(  348):   Category: "android.intent.category.DEFAULT"
I/PackageManager(  348):   Scheme: "sms"
I/PackageManager(  348): Adding preferred activity ComponentInfo{com.android.mms/com.android.mms.ui.ComposeMessageActivity} for user 0 :
I/PackageManager(  348):   Action: "android.intent.action.SENDTO"
I/PackageManager(  348):   Category: "android.intent.category.DEFAULT"
I/PackageManager(  348):   Scheme: "smsto"
I/PackageManager(  348): Adding preferred activity ComponentInfo{com.android.mms/com.android.mms.ui.ComposeMessageActivity} for user 0 :
D/dalvikvm(  348): GC_CONCURRENT freed 690K, 57% free 5501K/12712K, paused 7ms+18ms, total 340ms
