I/LatinIME:LogUtils(  598): Dictionary info: dictionary = main:en ; version = 42 ; date = 1381226429
I/PackageManager(  362):   Action: "android.intent.action.SENDTO"
I/PackageManager(  362):   Category: "android.intent.category.DEFAULT"
I/PackageManager(  362):   Scheme: "mms"
I/PackageManager(  362): Adding preferred activity ComponentInfo{com.android.mms/com.android.mms.ui.ComposeMessageActivity} for user 0 :
I/PackageManager(  362):   Action: "android.intent.action.SENDTO"
I/PackageManager(  362):   Category: "android.intent.category.DEFAULT"
I/PackageManager(  362):   Scheme: "mmsto"
I/PackageManager(  362): Adding preferred activity ComponentInfo{com.android.mms/com.android.mms.ui.ComposeMessageActivity} for user 0 :
I/LatinIME:LogUtils(  598): Dictionary info: dictionary = main:en ; version = 42 ; date = 1381226429
E/BluetoothAdapter(  612): Bluetooth binder is null
I/LatinIME:LogUtils(  598): Dictionary info: dictionary = main:en ; version = 42 ; date = 1381226429
I/LatinIME:LogUtils(  598): Dictionary info: dictionary = main:en ; version = 42 ; date = 1381226429
I/LatinIME:LogUtils(  598): Dictionary info: dictionary = main:en ; version = 42 ; date = 1381226429
D/dalvikvm(  598): GC_CONCURRENT freed 307K, 14% free 3075K/3540K, paused 8ms+64ms, total 112ms
I/LatinIME:LogUtils(  598): Dictionary info: dictionary = main:en ; version = 42 ; date = 1381226429
I/LatinIME:LogUtils(  598): Dictionary info: dictionary = main:en ; version = 42 ; date = 1381226429
E/BluetoothAdapter(  612): Bluetooth binder is null
D/CallNotifier(  612): CallNotifier: mSignalInfoToneGenerator created when toneplay
E/BluetoothAdapter(  612): Bluetooth binder is null
D/MobileDataStateTracker(  362): fota: Broadcast received: android.intent.action.ANY_DATA_STATE apnType=fota
D/MobileDataStateTracker(  362): fota: Received state=DISCONNECTED, old=DISCONNECTED, reason=radioTurnedOff
D/MobileDataStateTracker(  362): ia: Broadcast received: android.intent.action.ANY_DATA_STATE apnType=ia
D/MobileDataStateTracker(  362): ia: Received state=DISCONNECTED, old=DISCONNECTED, reason=radioTurnedOff
D/MobileDataStateTracker(  362): supl: Broadcast received: android.intent.action.ANY_DATA_STATE apnType=supl
D/MobileDataStateTracker(  362): supl: Received state=DISCONNECTED, old=DISCONNECTED, reason=radioTurnedOff
D/MobileDataStateTracker(  362): hipri: Broadcast received: android.intent.action.ANY_DATA_STATE apnType=hipri
D/MobileDataStateTracker(  362): hipri: Received state=DISCONNECTED, old=DISCONNECTED, reason=radioTurnedOff
D/MobileDataStateTracker(  362): ims: Broadcast received: android.intent.action.ANY_DATA_STATE apnType=ims
D/MobileDataStateTracker(  362): ims: Received state=DISCONNECTED, old=DISCONNECTED, reason=radioTurnedOff
D/MobileDataStateTracker(  362): default: Broadcast received: android.intent.action.ANY_DATA_STATE apnType=default
D/MobileDataStateTracker(  362): default: Received state=DISCONNECTED, old=DISCONNECTED, reason=radioTurnedOff
D/MobileDataStateTracker(  362): mms: Broadcast received: android.intent.action.ANY_DATA_STATE apnType=mms
D/MobileDataStateTracker(  362): mms: Received state=DISCONNECTED, old=DISCONNECTED, reason=radioTurnedOff
D/MobileDataStateTracker(  362): cbs: Broadcast received: android.intent.action.ANY_DATA_STATE apnType=cbs
D/MobileDataStateTracker(  362): cbs: Received state=DISCONNECTED, old=DISCONNECTED, reason=radioTurnedOff
D/MobileDataStateTracker(  362): fota: Broadcast received: android.intent.action.ANY_DATA_STATE apnType=fota
D/MobileDataStateTracker(  362): fota: Received state=DISCONNECTED, old=DISCONNECTED, reason=radioTurnedOff
D/MobileDataStateTracker(  362): ia: Broadcast received: android.intent.action.ANY_DATA_STATE apnType=ia
D/MobileDataStateTracker(  362): ia: Received state=DISCONNECTED, old=DISCONNECTED, reason=radioTurnedOff
D/MobileDataStateTracker(  362): supl: Broadcast received: android.intent.action.ANY_DATA_STATE apnType=supl
D/MobileDataStateTracker(  362): supl: Received state=DISCONNECTED, old=DISCONNECTED, reason=radioTurnedOff
D/MobileDataStateTracker(  362): hipri: Broadcast received: android.intent.action.ANY_DATA_STATE apnType=hipri
D/MobileDataStateTracker(  362): hipri: Received state=DISCONNECTED, old=DISCONNECTED, reason=radioTurnedOff
D/MobileDataStateTracker(  362): ims: Broadcast received: android.intent.action.ANY_DATA_STATE apnType=ims
D/MobileDataStateTracker(  362): ims: Received state=DISCONNECTED, old=DISCONNECTED, reason=radioTurnedOff
D/MobileDataStateTracker(  362): default: Broadcast received: android.intent.action.ANY_DATA_STATE apnType=default
D/MobileDataStateTracker(  362): default: Received state=DISCONNECTED, old=DISCONNECTED, reason=radioTurnedOff
D/MobileDataStateTracker(  362): mms: Broadcast received: android.intent.action.ANY_DATA_STATE apnType=mms
D/MobileDataStateTracker(  362): mms: Received state=DISCONNECTED, old=DISCONNECTED, reason=radioTurnedOff
D/MobileDataStateTracker(  362): cbs: Broadcast received: android.intent.action.ANY_DATA_STATE apnType=cbs
D/MobileDataStateTracker(  362): cbs: Received state=DISCONNECTED, old=DISCONNECTED, reason=radioTurnedOff
D/MobileDataStateTracker(  362): fota: Broadcast received: android.intent.action.ANY_DATA_STATE apnType=fota
D/MobileDataStateTracker(  362): fota: Received state=DISCONNECTED, old=DISCONNECTED, reason=dataDetached
D/MobileDataStateTracker(  362): ia: Broadcast received: android.intent.action.ANY_DATA_STATE apnType=ia
D/MobileDataStateTracker(  362): ia: Received state=DISCONNECTED, old=DISCONNECTED, reason=dataDetached
D/MobileDataStateTracker(  362): supl: Broadcast received: android.intent.action.ANY_DATA_STATE apnType=supl
D/MobileDataStateTracker(  362): supl: Received state=DISCONNECTED, old=DISCONNECTED, reason=dataDetached
D/MobileDataStateTracker(  362): hipri: Broadcast received: android.intent.action.ANY_DATA_STATE apnType=hipri
D/MobileDataStateTracker(  362): hipri: Received state=DISCONNECTED, old=DISCONNECTED, reason=dataDetached
D/MobileDataStateTracker(  362): ims: Broadcast received: android.intent.action.ANY_DATA_STATE apnType=ims
D/MobileDataStateTracker(  362): ims: Received state=DISCONNECTED, old=DISCONNECTED, reason=dataDetached
D/dalvikvm(  692): GC_CONCURRENT freed 179K, 8% free 2951K/3200K, paused 4ms+2ms, total 149ms
D/MobileDataStateTracker(  362): default: Broadcast received: android.intent.action.ANY_DATA_STATE apnType=default
D/MobileDataStateTracker(  362): default: Received state=DISCONNECTED, old=DISCONNECTED, reason=dataDetached
D/MobileDataStateTracker(  362): mms: Broadcast received: android.intent.action.ANY_DATA_STATE apnType=mms
D/MobileDataStateTracker(  362): mms: Received state=DISCONNECTED, old=DISCONNECTED, reason=dataDetached
D/MobileDataStateTracker(  362): cbs: Broadcast received: android.intent.action.ANY_DATA_STATE apnType=cbs
D/MobileDataStateTracker(  362): cbs: Received state=DISCONNECTED, old=DISCONNECTED, reason=dataDetached
D/MobileDataStateTracker(  362): fota: Broadcast received: android.intent.action.ANY_DATA_STATE apnType=fota
D/MobileDataStateTracker(  362): fota: Received state=DISCONNECTED, old=DISCONNECTED, reason=roamingOff
D/MobileDataStateTracker(  362): ia: Broadcast received: android.intent.action.ANY_DATA_STATE apnType=ia
D/MobileDataStateTracker(  362): ia: Received state=DISCONNECTED, old=DISCONNECTED, reason=roamingOff
D/dalvikvm(  362): GC_CONCURRENT freed 611K, 55% free 5465K/11968K, paused 89ms+20ms, total 512ms
D/dalvikvm(  362): WAIT_FOR_CONCURRENT_GC blocked 39ms
D/dalvikvm(  362): WAIT_FOR_CONCURRENT_GC blocked 18ms
D/MobileDataStateTracker(  362): supl: Broadcast received: android.intent.action.ANY_DATA_STATE apnType=supl
D/MobileDataStateTracker(  362): supl: Received state=DISCONNECTED, old=DISCONNECTED, reason=roamingOff
D/MobileDataStateTracker(  362): hipri: Broadcast received: android.intent.action.ANY_DATA_STATE apnType=hipri
D/MobileDataStateTracker(  362): hipri: Received state=DISCONNECTED, old=DISCONNECTED, reason=roamingOff
D/MobileDataStateTracker(  362): ims: Broadcast received: android.intent.action.ANY_DATA_STATE apnType=ims
D/MobileDataStateTracker(  362): ims: Received state=DISCONNECTED, old=DISCONNECTED, reason=roamingOff
D/MobileDataStateTracker(  362): default: Broadcast received: android.intent.action.ANY_DATA_STATE apnType=default
D/MobileDataStateTracker(  362): default: Received state=DISCONNECTED, old=DISCONNECTED, reason=roamingOff
D/MobileDataStateTracker(  362): mms: Broadcast received: android.intent.action.ANY_DATA_STATE apnType=mms
D/MobileDataStateTracker(  362): mms: Received state=DISCONNECTED, old=DISCONNECTED, reason=roamingOff
D/MobileDataStateTracker(  362): cbs: Broadcast received: android.intent.action.ANY_DATA_STATE apnType=cbs
D/MobileDataStateTracker(  362): cbs: Received state=DISCONNECTED, old=DISCONNECTED, reason=roamingOff
D/MobileDataStateTracker(  362): fota: Broadcast received: android.intent.action.ANY_DATA_STATE apnType=fota
D/MobileDataStateTracker(  362): fota: Received state=DISCONNECTED, old=DISCONNECTED, reason=roamingOff
D/MobileDataStateTracker(  362): ia: Broadcast received: android.intent.action.ANY_DATA_STATE apnType=ia
D/MobileDataStateTracker(  362): ia: Received state=DISCONNECTED, old=DISCONNECTED, reason=roamingOff
D/MobileDataStateTracker(  362): supl: Broadcast received: android.intent.action.ANY_DATA_STATE apnType=supl
D/MobileDataStateTracker(  362): supl: Received state=DISCONNECTED, old=DISCONNECTED, reason=roamingOff
D/MobileDataStateTracker(  362): hipri: Broadcast received: android.intent.action.ANY_DATA_STATE apnType=hipri
D/MobileDataStateTracker(  362): hipri: Received state=DISCONNECTED, old=DISCONNECTED, reason=roamingOff
D/MobileDataStateTracker(  362): ims: Broadcast received: android.intent.action.ANY_DATA_STATE apnType=ims
D/MobileDataStateTracker(  362): ims: Received state=DISCONNECTED, old=DISCONNECTED, reason=roamingOff
D/TelephonyDebugService(  612): TelephonyDebugService()
D/MobileDataStateTracker(  362): default: Broadcast received: android.intent.action.ANY_DATA_STATE apnType=default
D/MobileDataStateTracker(  362): default: Received state=DISCONNECTED, old=DISCONNECTED, reason=roamingOff
D/MobileDataStateTracker(  362): mms: Broadcast received: android.intent.action.ANY_DATA_STATE apnType=mms
D/MobileDataStateTracker(  362): mms: Received state=DISCONNECTED, old=DISCONNECTED, reason=roamingOff
D/MobileDataStateTracker(  362): cbs: Broadcast received: android.intent.action.ANY_DATA_STATE apnType=cbs
D/MobileDataStateTracker(  362): cbs: Received state=DISCONNECTED, old=DISCONNECTED, reason=roamingOff
D/dalvikvm(  612): GC_CONCURRENT freed 300K, 11% free 3056K/3420K, paused 20ms+47ms, total 231ms
D/MccTable(  612): updateMccMncConfiguration: mcc=310, mnc=260
D/AlarmManagerService(  362): Kernel timezone updated to 300 minutes west of GMT
D/MccTable(  612): timezone set to America/New_York
D/MccTable(  612): getLocaleFromMcc to en_us mcc=310
D/MccTable(  612): getLocaleForLanguageCountry: got match
D/MccTable(  612): getLocaleForLanguageCountry: X locale=en_US
D/MccTable(  612): WIFI_COUNTRY_CODE set to us
I/WifiService(  362): WifiService trying to set country code to us with persist set to true
D/MobileDataStateTracker(  362): fota: Broadcast received: android.intent.action.ANY_DATA_STATE apnType=fota
D/MobileDataStateTracker(  362): fota: Received state=DISCONNECTED, old=DISCONNECTED, reason=dataAttached
D/dalvikvm(  362): GC_CONCURRENT freed 651K, 54% free 5507K/11968K, paused 14ms+6ms, total 162ms
D/dalvikvm(  362): WAIT_FOR_CONCURRENT_GC blocked 27ms
D/dalvikvm(  362): WAIT_FOR_CONCURRENT_GC blocked 27ms
D/MobileDataStateTracker(  362): ia: Broadcast received: android.intent.action.ANY_DATA_STATE apnType=ia
D/MobileDataStateTracker(  362): ia: Received state=DISCONNECTED, old=DISCONNECTED, reason=dataAttached
D/MobileDataStateTracker(  362): supl: Broadcast received: android.intent.action.ANY_DATA_STATE apnType=supl
D/MobileDataStateTracker(  362): supl: Received state=DISCONNECTED, old=DISCONNECTED, reason=dataAttached
D/MobileDataStateTracker(  362): hipri: Broadcast received: android.intent.action.ANY_DATA_STATE apnType=hipri
D/MobileDataStateTracker(  362): hipri: Received state=DISCONNECTED, old=DISCONNECTED, reason=dataAttached
D/MobileDataStateTracker(  362): ims: Broadcast received: android.intent.action.ANY_DATA_STATE apnType=ims
D/MobileDataStateTracker(  362): ims: Received state=DISCONNECTED, old=DISCONNECTED, reason=dataAttached
D/MobileDataStateTracker(  362): mms: Broadcast received: android.intent.action.ANY_DATA_STATE apnType=mms
D/MobileDataStateTracker(  362): mms: Received state=DISCONNECTED, old=DISCONNECTED, reason=dataAttached
D/MobileDataStateTracker(  362): cbs: Broadcast received: android.intent.action.ANY_DATA_STATE apnType=cbs
D/MobileDataStateTracker(  362): cbs: Received state=DISCONNECTED, old=DISCONNECTED, reason=dataAttached
D/MobileDataStateTracker(  362): fota: Broadcast received: android.intent.action.ANY_DATA_STATE apnType=fota
D/MobileDataStateTracker(  362): fota: Received state=DISCONNECTED, old=DISCONNECTED, reason=dataAttached
D/MobileDataStateTracker(  362): ia: Broadcast received: android.intent.action.ANY_DATA_STATE apnType=ia
D/MobileDataStateTracker(  362): ia: Received state=DISCONNECTED, old=DISCONNECTED, reason=dataAttached
D/MobileDataStateTracker(  362): supl: Broadcast received: android.intent.action.ANY_DATA_STATE apnType=supl
D/MobileDataStateTracker(  362): supl: Received state=DISCONNECTED, old=DISCONNECTED, reason=dataAttached
D/MobileDataStateTracker(  362): hipri: Broadcast received: android.intent.action.ANY_DATA_STATE apnType=hipri
D/MobileDataStateTracker(  362): hipri: Received state=DISCONNECTED, old=DISCONNECTED, reason=dataAttached
D/MobileDataStateTracker(  362): ims: Broadcast received: android.intent.action.ANY_DATA_STATE apnType=ims
D/MobileDataStateTracker(  362): ims: Received state=DISCONNECTED, old=DISCONNECTED, reason=dataAttached
D/MobileDataStateTracker(  362): mms: Broadcast received: android.intent.action.ANY_DATA_STATE apnType=mms
D/MobileDataStateTracker(  362): mms: Received state=DISCONNECTED, old=DISCONNECTED, reason=dataAttached
D/MobileDataStateTracker(  362): cbs: Broadcast received: android.intent.action.ANY_DATA_STATE apnType=cbs
D/MobileDataStateTracker(  362): cbs: Received state=DISCONNECTED, old=DISCONNECTED, reason=dataAttached
D/dalvikvm(  612): GC_CONCURRENT freed 289K, 11% free 3174K/3532K, paused 4ms+32ms, total 175ms
D/MccTable(  612): updateMccMncConfiguration: mcc=310, mnc=260
D/MccTable(  612): getLocaleFromMcc to en_us mcc=310
D/MccTable(  612): getLocaleForLanguageCountry: got match
D/MccTable(  612): getLocaleForLanguageCountry: X locale=en_US
D/MccTable(  612): updateMccMncConfiguration updateConfig config={1.0 310mcc260mnc en_US ldltr ?swdp ?wdp ?hdp ?density ?lsize ?long ?orien ?uimode ?night ?touch ?keyb/?/? ?nav/?}
I/ActivityManager(  362): Config changes=3 {1.0 310mcc260mnc en_US ldltr sw480dp w480dp h839dp 160dpi lrg long port finger -keyb/v/h tball/v s.6}
D/PermissionCache(   58): checking android.permission.READ_FRAME_BUFFER for uid=1000 => granted (2211 us)
D/gralloc (   58): Registering a buffer in the process that created it. This may cause memory ordering problems.
E/libEGL  (   58): called unimplemented OpenGL ES API
E/libEGL  (   58): called unimplemented OpenGL ES API
E/libEGL  (   58): called unimplemented OpenGL ES API
E/libEGL  (   58): called unimplemented OpenGL ES API
E/SurfaceFlinger(   58): glCheckFramebufferStatusOES error 516597268
E/SurfaceFlinger(   58): got GL_FRAMEBUFFER_COMPLETE_OES error while taking screenshot
E/libEGL  (   58): called unimplemented OpenGL ES API
E/libEGL  (   58): called unimplemented OpenGL ES API
I/ARMAssembler(   58): generated scanline__00000077:03515104_00008001_00000000 [113 ipp] (134 ins) at [0xb5a1a1f0:0xb5a1a408] in 20000000 ns
D/PhoneStatusBar(  456): mSettingsPanelGravity = 55
I/Choreographer(  456): Skipped 37 frames!  The application may be doing too much work on its main thread.
D/dalvikvm(  362): GC_CONCURRENT freed 681K, 55% free 5504K/11968K, paused 129ms+53ms, total 418ms
D/MccTable(  612): updateMccMncConfiguration: mcc=310, mnc=260
D/MccTable(  612): getLocaleFromMcc to en_us mcc=310
D/MccTable(  612): getLocaleForLanguageCountry: skipping already persisted
D/MccTable(  612): getLocaleForLanguageCountry: X locale=null
D/MccTable(  612): updateMccMncConfiguration updateConfig config={1.0 310mcc260mnc ?locale ?layoutDir ?swdp ?wdp ?hdp ?density ?lsize ?long ?orien ?uimode ?night ?touch ?keyb/?/? ?nav/?}
D/dalvikvm(  612): GC_CONCURRENT freed 379K, 12% free 3308K/3752K, paused 4ms+4ms, total 103ms
D/dalvikvm(  612): WAIT_FOR_CONCURRENT_GC blocked 57ms
D/dalvikvm(  692): GC_FOR_ALLOC freed 185K, 8% free 3112K/3364K, paused 39ms, total 47ms
I/dalvikvm-heap(  692): Grow heap (frag case) to 3.712MB for 640016-byte allocation
D/dalvikvm(  692): GC_FOR_ALLOC freed 3K, 7% free 3734K/3992K, paused 62ms, total 62ms
D/dalvikvm(  692): GC_CONCURRENT freed 7K, 7% free 3727K/3992K, paused 6ms+2ms, total 52ms
W/Resources(  692): Converting to int: TypedValue{t=0x3/d=0x12 "4" a=-1}
W/Resources(  692): Converting to int: TypedValue{t=0x3/d=0xf "1" a=-1}
D/MobileDataStateTracker(  362): fota: Broadcast received: android.intent.action.ANY_DATA_STATE apnType=fota
D/MobileDataStateTracker(  362): fota: Received state=DISCONNECTED, old=DISCONNECTED, reason=simLoaded
D/MobileDataStateTracker(  362): ia: Broadcast received: android.intent.action.ANY_DATA_STATE apnType=ia
D/MobileDataStateTracker(  362): ia: Received state=DISCONNECTED, old=DISCONNECTED, reason=simLoaded
D/MobileDataStateTracker(  362): supl: Broadcast received: android.intent.action.ANY_DATA_STATE apnType=supl
D/MobileDataStateTracker(  362): supl: Received state=DISCONNECTED, old=DISCONNECTED, reason=simLoaded
D/MobileDataStateTracker(  362): hipri: Broadcast received: android.intent.action.ANY_DATA_STATE apnType=hipri
D/MobileDataStateTracker(  362): hipri: Received state=DISCONNECTED, old=DISCONNECTED, reason=simLoaded
D/MobileDataStateTracker(  362): ims: Broadcast received: android.intent.action.ANY_DATA_STATE apnType=ims
D/MobileDataStateTracker(  362): ims: Received state=DISCONNECTED, old=DISCONNECTED, reason=simLoaded
D/MobileDataStateTracker(  362): mms: Broadcast received: android.intent.action.ANY_DATA_STATE apnType=mms
D/MobileDataStateTracker(  362): mms: Received state=DISCONNECTED, old=DISCONNECTED, reason=simLoaded
D/MobileDataStateTracker(  362): cbs: Broadcast received: android.intent.action.ANY_DATA_STATE apnType=cbs
D/MobileDataStateTracker(  362): cbs: Received state=DISCONNECTED, old=DISCONNECTED, reason=simLoaded
D/MobileDataStateTracker(  362): default: Broadcast received: android.intent.action.ANY_DATA_STATE apnType=default
D/MobileDataStateTracker(  362): default: Received state=CONNECTING, old=DISCONNECTED, reason=simLoaded
D/MobileDataStateTracker(  362): default: setDetailed state, old =IDLE and new state=CONNECTING
D/MobileDataStateTracker(  362): fota: Broadcast received: android.intent.action.ANY_DATA_STATE apnType=fota
D/MobileDataStateTracker(  362): fota: Received state=DISCONNECTED, old=DISCONNECTED, reason=simLoaded
D/dalvikvm(  612): GC_CONCURRENT freed 513K, 15% free 3307K/3884K, paused 5ms+2ms, total 101ms
D/dalvikvm(  612): WAIT_FOR_CONCURRENT_GC blocked 46ms
D/dalvikvm(  612): WAIT_FOR_CONCURRENT_GC blocked 32ms
D/MobileDataStateTracker(  362): ia: Broadcast received: android.intent.action.ANY_DATA_STATE apnType=ia
W/Resources(  692): Converting to int: TypedValue{t=0x3/d=0x15 "2" a=-1}
W/Resources(  692): Converting to int: TypedValue{t=0x3/d=0x15 "2" a=-1}
W/Launcher.LauncherProvider(  692): Unable to add favorite: com.android.camera2/com.android.camera.CameraLauncher
W/Launcher.LauncherProvider(  692): android.content.pm.PackageManager$NameNotFoundException: ComponentInfo{com.android.camera2/com.android.camera.CameraLauncher}
W/Launcher.LauncherProvider(  692): 	at android.app.ApplicationPackageManager.getActivityInfo(ApplicationPackageManager.java:242)
W/Launcher.LauncherProvider(  692): 	at com.android.launcher2.LauncherProvider$DatabaseHelper.addAppShortcut(LauncherProvider.java:959)
W/Launcher.LauncherProvider(  692): 	at com.android.launcher2.LauncherProvider$DatabaseHelper.loadFavorites(LauncherProvider.java:863)
W/Launcher.LauncherProvider(  692): 	at com.android.launcher2.LauncherProvider$DatabaseHelper.access$000(LauncherProvider.java:253)
W/Launcher.LauncherProvider(  692): 	at com.android.launcher2.LauncherProvider.loadDefaultFavoritesIfNecessary(LauncherProvider.java:237)
W/Launcher.LauncherProvider(  692): 	at com.android.launcher2.LauncherModel$LoaderTask.loadWorkspace(LauncherModel.java:1278)
W/Launcher.LauncherProvider(  692): 	at com.android.launcher2.LauncherModel$LoaderTask.loadAndBindWorkspace(LauncherModel.java:1020)
W/Launcher.LauncherProvider(  692): 	at com.android.launcher2.LauncherModel$LoaderTask.run(LauncherModel.java:1126)
W/Launcher.LauncherProvider(  692): 	at android.os.Handler.handleCallback(Handler.java:733)
W/Launcher.LauncherProvider(  692): 	at android.os.Handler.dispatchMessage(Handler.java:95)
W/Launcher.LauncherProvider(  692): 	at android.os.Looper.loop(Looper.java:136)
W/Launcher.LauncherProvider(  692): 	at android.os.HandlerThread.run(HandlerThread.java:61)
D/MobileDataStateTracker(  362): ia: Received state=DISCONNECTED, old=DISCONNECTED, reason=simLoaded
D/MobileDataStateTracker(  362): supl: Broadcast received: android.intent.action.ANY_DATA_STATE apnType=supl
D/MobileDataStateTracker(  362): supl: Received state=DISCONNECTED, old=DISCONNECTED, reason=simLoaded
D/MobileDataStateTracker(  362): hipri: Broadcast received: android.intent.action.ANY_DATA_STATE apnType=hipri
D/MobileDataStateTracker(  362): hipri: Received state=DISCONNECTED, old=DISCONNECTED, reason=simLoaded
D/MobileDataStateTracker(  362): ims: Broadcast received: android.intent.action.ANY_DATA_STATE apnType=ims
W/Launcher.LauncherProvider(  692): Unable to add favorite: com.android.gallery3d/com.android.gallery3d.app.Gallery
W/Launcher.LauncherProvider(  692): android.content.pm.PackageManager$NameNotFoundException: ComponentInfo{com.android.gallery3d/com.android.gallery3d.app.Gallery}
W/Launcher.LauncherProvider(  692): 	at android.app.ApplicationPackageManager.getActivityInfo(ApplicationPackageManager.java:242)
W/Launcher.LauncherProvider(  692): 	at com.android.launcher2.LauncherProvider$DatabaseHelper.addAppShortcut(LauncherProvider.java:959)
W/Launcher.LauncherProvider(  692): 	at com.android.launcher2.LauncherProvider$DatabaseHelper.loadFavorites(LauncherProvider.java:863)
W/Launcher.LauncherProvider(  692): 	at com.android.launcher2.LauncherProvider$DatabaseHelper.access$000(LauncherProvider.java:253)
W/Launcher.LauncherProvider(  692): 	at com.android.launcher2.LauncherProvider.loadDefaultFavoritesIfNecessary(LauncherProvider.java:237)
W/Launcher.LauncherProvider(  692): 	at com.android.launcher2.LauncherModel$LoaderTask.loadWorkspace(LauncherModel.java:1278)
W/Launcher.LauncherProvider(  692): 	at com.android.launcher2.LauncherModel$LoaderTask.loadAndBindWorkspace(LauncherModel.java:1020)
W/Launcher.LauncherProvider(  692): 	at com.android.launcher2.LauncherModel$LoaderTask.run(LauncherModel.java:1126)
W/Launcher.LauncherProvider(  692): 	at android.os.Handler.handleCallback(Handler.java:733)
W/Launcher.LauncherProvider(  692): 	at android.os.Handler.dispatchMessage(Handler.java:95)
W/Launcher.LauncherProvider(  692): 	at android.os.Looper.loop(Looper.java:136)
W/Launcher.LauncherProvider(  692): 	at android.os.HandlerThread.run(HandlerThread.java:61)
D/MobileDataStateTracker(  362): ims: Received state=DISCONNECTED, old=DISCONNECTED, reason=simLoaded
D/MobileDataStateTracker(  362): mms: Broadcast received: android.intent.action.ANY_DATA_STATE apnType=mms
D/MobileDataStateTracker(  362): mms: Received state=DISCONNECTED, old=DISCONNECTED, reason=simLoaded
D/MobileDataStateTracker(  362): cbs: Broadcast received: android.intent.action.ANY_DATA_STATE apnType=cbs
D/MobileDataStateTracker(  362): cbs: Received state=DISCONNECTED, old=DISCONNECTED, reason=simLoaded
D/MobileDataStateTracker(  362): default: Broadcast received: android.intent.action.ANY_DATA_STATE apnType=default
D/MobileDataStateTracker(  362): default: Received state=CONNECTED, old=CONNECTING, reason=connected
D/MobileDataStateTracker(  362): default: setDetailed state, old =CONNECTING and new state=CONNECTED
D/ConnectivityService(  362): ConnectivityChange for mobile: CONNECTED/CONNECTED
D/ConnectivityService(  362): ConnectivityChange checkMobileProvisioning for TYPE_MOBILE or ProvisioningNetwork
D/ConnectivityService(  362): checkMobileProvisioning: E suggestedTimeOutMs=60000
D/ConnectivityService(  362): setProvNotificationVisible: E visible=false networkType=5 extraInfo=null url=null
D/ConnectivityService(  362): checkMobileProvisioning: params={ url=http://clients3.google.com/generate_204 mTimeOutMs=60000 mCb=com.android.server.ConnectivityService$5@b30b1460}
D/ConnectivityService(  362): checkMobileProvisioning: X
I/SurfaceFlinger(   58): Boot is finished (78473 ms)
D/dalvikvm(  362): GC_CONCURRENT freed 620K, 54% free 5588K/11968K, paused 7ms+24ms, total 477ms
D/dalvikvm(  362): WAIT_FOR_CONCURRENT_GC blocked 53ms
D/dalvikvm(  362): WAIT_FOR_CONCURRENT_GC blocked 14ms
D/dalvikvm(  362): WAIT_FOR_CONCURRENT_GC blocked 12ms
D/Nat464Xlat(  362): requiresClat: netType=0, hasIPv4Address=true
I/NetworkPolicy(  362): no policy for active mobile network; generating default policy
D/MobileDataStateTracker(  362): default: setPolicyDataEnable(enabled=true)
D/MobileDataStateTracker(  362): default: isProvisioningNetwork: retVal=false
D/ConnectivityService(  362): [CheckMp] isMobileOk: isDefaultProvisioning=false
D/MobileDataStateTracker(  362): hipri: isProvisioningNetwork: retVal=false
D/ConnectivityService(  362): [CheckMp] isMobileOk: isHipriProvisioning=false
D/ConnectivityService(  362): [CheckMp] isMobileOk: start hipri url=http://clients3.google.com/generate_204
I/MediaProvider(  632): Upgrading media database from version 0 to 700, which will destroy all old data
I/InputReader(  362): Reconfiguring input devices.  changes=0x00000010
I/PackageManager(  362):   Action: "android.intent.action.SENDTO"
I/PackageManager(  362):   Category: "android.intent.category.DEFAULT"
I/PackageManager(  362):   Scheme: "sms"
I/PackageManager(  362): Adding preferred activity ComponentInfo{com.android.mms/com.android.mms.ui.ComposeMessageActivity} for user 0 :
I/PackageManager(  362):   Action: "android.intent.action.SENDTO"
I/PackageManager(  362):   Category: "android.intent.category.DEFAULT"
I/PackageManager(  362):   Scheme: "smsto"
I/PackageManager(  362): Adding preferred activity ComponentInfo{com.android.mms/com.android.mms.ui.ComposeMessageActivity} for user 0 :
I/PackageManager(  362):   Action: "android.intent.action.SENDTO"
I/PackageManager(  362):   Category: "android.intent.category.DEFAULT"
I/PackageManager(  362):   Scheme: "mms"
I/PackageManager(  362): Adding preferred activity ComponentInfo{com.android.mms/com.android.mms.ui.ComposeMessageActivity} for user 0 :
D/dalvikvm(  612): GC_CONCURRENT freed 366K, 13% free 3411K/3884K, paused 4ms+21ms, total 137ms
I/PackageManager(  362):   Action: "android.intent.action.SENDTO"
I/PackageManager(  362):   Category: "android.intent.category.DEFAULT"
I/PackageManager(  362):   Scheme: "mmsto"
I/PackageManager(  362): Adding preferred activity ComponentInfo{com.android.mms/com.android.mms.ui.ComposeMessageActivity} for user 0 :
W/ActivityManager(  362): Launch timeout has expired, giving up wake lock!
D/dalvikvm(  362): GC_CONCURRENT freed 592K, 53% free 5719K/11968K, paused 9ms+5ms, total 216ms
D/dalvikvm(  362): WAIT_FOR_CONCURRENT_GC blocked 45ms
I/PackageManager(  362):   Action: "android.intent.action.SENDTO"
I/PackageManager(  362):   Category: "android.intent.category.DEFAULT"
I/PackageManager(  362):   Scheme: "sms"
I/PackageManager(  362): Adding preferred activity ComponentInfo{com.android.mms/com.android.mms.ui.ComposeMessageActivity} for user 0 :
I/PackageManager(  362):   Action: "android.intent.action.SENDTO"
I/PackageManager(  362):   Category: "android.intent.category.DEFAULT"
I/PackageManager(  362):   Scheme: "smsto"
I/PackageManager(  362): Adding preferred activity ComponentInfo{com.android.mms/com.android.mms.ui.ComposeMessageActivity} for user 0 :
I/PackageManager(  362):   Action: "android.intent.action.SENDTO"
I/PackageManager(  362):   Category: "android.intent.category.DEFAULT"
I/PackageManager(  362):   Scheme: "mms"
I/PackageManager(  362): Adding preferred activity ComponentInfo{com.android.mms/com.android.mms.ui.ComposeMessageActivity} for user 0 :
I/PackageManager(  362):   Action: "android.intent.action.SENDTO"
I/PackageManager(  362):   Category: "android.intent.category.DEFAULT"
I/PackageManager(  362):   Scheme: "mmsto"
I/PackageManager(  362): Adding preferred activity ComponentInfo{com.android.mms/com.android.mms.ui.ComposeMessageActivity} for user 0 :
D/dalvikvm(  612): GC_CONCURRENT freed 479K, 16% free 3377K/3980K, paused 4ms+113ms, total 163ms
E/NetdConnector(  362): NDC Command {12 bandwidth setiquota eth0 9223372036854775807} took too long (1510ms)
D/dalvikvm(  362): GC_CONCURRENT freed 739K, 52% free 5750K/11968K, paused 5ms+4ms, total 174ms
D/dalvikvm(  362): WAIT_FOR_CONCURRENT_GC blocked 95ms
D/MobileDataStateTracker(  362): default: setPolicyDataEnable(enabled=true)
D/dalvikvm(  692): GC_CONCURRENT freed 298K, 9% free 3841K/4200K, paused 36ms+17ms, total 188ms
W/WindowManager(  362): App freeze timeout expired.
W/WindowManager(  362): Force clearing freeze: AppWindowToken{b30b5958 token=Token{b2de8390 ActivityRecord{b2d922f8 u0 com.android.launcher/com.android.launcher2.Launcher t3}}}
I/WindowManager(  362): Screen frozen for +5s77ms due to AppWindowToken{b30b5958 token=Token{b2de8390 ActivityRecord{b2d922f8 u0 com.android.launcher/com.android.launcher2.Launcher t3}}}
D/Tethering(  362): MasterInitialState.processMessage what=3
D/CaptivePortalTracker(  362): NoActiveNetworkState{ when=-26ms what=1 obj=NetworkInfo: type: mobile[UMTS], state: CONNECTED/CONNECTED, reason: connected, extra: epc.tmobile.com, roaming: false, failover: false, isAvailable: true, isConnectedToProvisioningNetwork: false target=com.android.internal.util.StateMachine$SmHandler }
D/CaptivePortalTracker(  362): NoActiveNetworkState not a wifi connectivity change, ignore
E/NetdConnector(  362): NDC Command {13 bandwidth removeiquota eth0} took too long (1429ms)
I/Choreographer(  362): Skipped 45 frames!  The application may be doing too much work on its main thread.
I/ARMAssembler(   58): generated scanline__00000077:03515104_00009001_00000000 [131 ipp] (153 ins) at [0xb5a1a410:0xb5a1a674] in 0 ns
I/Choreographer(  362): Skipped 45 frames!  The application may be doing too much work on its main thread.
D/AndroidRuntime(  793): 
D/AndroidRuntime(  793): >>>>>> AndroidRuntime START com.android.internal.os.RuntimeInit <<<<<<
D/AndroidRuntime(  793): CheckJNI is ON
D/dalvikvm(  793): Trying to load lib libjavacore.so 0x0
D/dalvikvm(  793): Added shared lib libjavacore.so 0x0
D/dalvikvm(  362): GC_EXPLICIT freed 549K, 54% free 5513K/11968K, paused 5ms+25ms, total 397ms
D/dalvikvm(  793): Trying to load lib libnativehelper.so 0x0
D/dalvikvm(  793): Added shared lib libnativehelper.so 0x0
D/dalvikvm(  793): No JNI_OnLoad found in libnativehelper.so 0x0, skipping init
D/dalvikvm(  793): Note: class Landroid/app/ActivityManagerNative; has 179 unimplemented (abstract) methods
E/NetdConnector(  362): NDC Command {14 bandwidth setiquota eth0 9223372036854775807} took too long (3456ms)
D/MobileDataStateTracker(  362): default: setPolicyDataEnable(enabled=true)
D/ConnectivityService(  362): startUsingNetworkFeature reconnecting to 0: enableHIPRI
D/ConnectivityService(  362): startUsingNetworkFeature X: return APN_REQUEST_STARTED
E/ConnectivityService(  362): startUsingNetworkFeature took too long: 6443ms
D/ConnectivityService(  362): [CheckMp] isMobileOk: hipri started
D/ConnectivityService(  362): [CheckMp] isMobileOk: not connected ni=NetworkInfo: type: mobile_hipri[UMTS], state: DISCONNECTED/IDLE, reason: (unspecified), extra: (none), roaming: false, failover: false, isAvailable: true, isConnectedToProvisioningNetwork: false
D/MobileDataStateTracker(  362): hipri: Broadcast received: android.intent.action.ANY_DATA_STATE apnType=hipri
D/MobileDataStateTracker(  362): hipri: Received state=CONNECTING, old=DISCONNECTED, reason=dataEnabled
D/MobileDataStateTracker(  362): hipri: setDetailed state, old =IDLE and new state=CONNECTING
D/MobileDataStateTracker(  362): fota: Broadcast received: android.intent.action.ANY_DATA_STATE apnType=fota
D/MobileDataStateTracker(  362): fota: Received state=DISCONNECTED, old=DISCONNECTED, reason=dataEnabled
D/MobileDataStateTracker(  362): ia: Broadcast received: android.intent.action.ANY_DATA_STATE apnType=ia
D/MobileDataStateTracker(  362): ia: Received state=DISCONNECTED, old=DISCONNECTED, reason=dataEnabled
D/MobileDataStateTracker(  362): supl: Broadcast received: android.intent.action.ANY_DATA_STATE apnType=supl
D/MobileDataStateTracker(  362): supl: Received state=DISCONNECTED, old=DISCONNECTED, reason=dataEnabled
D/MobileDataStateTracker(  362): ims: Broadcast received: android.intent.action.ANY_DATA_STATE apnType=ims
D/MobileDataStateTracker(  362): ims: Received state=DISCONNECTED, old=DISCONNECTED, reason=dataEnabled
D/MobileDataStateTracker(  362): mms: Broadcast received: android.intent.action.ANY_DATA_STATE apnType=mms
D/MobileDataStateTracker(  362): mms: Received state=DISCONNECTED, old=DISCONNECTED, reason=dataEnabled
D/MobileDataStateTracker(  362): cbs: Broadcast received: android.intent.action.ANY_DATA_STATE apnType=cbs
D/MobileDataStateTracker(  362): cbs: Received state=DISCONNECTED, old=DISCONNECTED, reason=dataEnabled
D/MobileDataStateTracker(  362): hipri: Broadcast received: android.intent.action.ANY_DATA_STATE apnType=hipri
D/MobileDataStateTracker(  362): hipri: Received state=CONNECTED, old=CONNECTING, reason=dataEnabled
D/MobileDataStateTracker(  362): hipri: setDetailed state, old =CONNECTING and new state=CONNECTED
D/ConnectivityService(  362): ConnectivityChange for mobile_hipri: CONNECTED/CONNECTED
E/logwrapper(  818): executing /system/bin/ip failed: No such file or directory
E/memtrack(  793): Couldn't load memtrack module (No such file or directory)
E/android.os.Debug(  793): failed to load memtrack module: -2
E/ConnectivityService(  362): Exception trying to add a route: java.lang.IllegalStateException: command '21 interface fwmark exempt add 10.0.2.2/32' failed with '400 21 Failed to add exemption rule (File exists)'
E/logwrapper(  819): executing /system/bin/ip failed: No such file or directory
E/ConnectivityService(  362): Exception trying to add a route: java.lang.IllegalStateException: command '23 interface fwmark exempt add 10.0.2.3/32' failed with '400 23 Failed to add exemption rule (File exists)'
E/logwrapper(  820): executing /system/bin/ip failed: No such file or directory
E/ConnectivityService(  362): Exception trying to add a route: java.lang.IllegalStateException: command '25 interface fwmark exempt add 10.0.2.2/32' failed with '400 25 Failed to add exemption rule (File exists)'
E/logwrapper(  821): executing /system/bin/ip failed: No such file or directory
E/ConnectivityService(  362): Exception trying to add a route: java.lang.IllegalStateException: command '27 interface fwmark exempt add 10.0.2.4/32' failed with '400 27 Failed to add exemption rule (File exists)'
E/logwrapper(  822): executing /system/bin/ip failed: No such file or directory
E/SecondaryTablController(   55): ip route add failed: /system/bin/ip route add 10.0.2.2/32 via 0.0.0.0 dev eth0 table 60
W/FrameworkListener(   55): Handler 'interface' error (No such device)
E/ConnectivityService(  362): Exception trying to add a route: java.lang.IllegalStateException: command '28 interface route add eth0 secondary 10.0.2.2 32 0.0.0.0' failed with '400 28 ip route modification failed (No such device)'
E/logwrapper(  823): executing /system/bin/ip failed: No such file or directory
E/SecondaryTablController(   55): ip route add failed: /system/bin/ip route add 0.0.0.0/0 via 10.0.2.2 dev eth0 table 60
W/FrameworkListener(   55): Handler 'interface' error (No such device)
E/ConnectivityService(  362): Exception trying to add a route: java.lang.IllegalStateException: command '29 interface route add eth0 secondary 0.0.0.0 0 10.0.2.2' failed with '400 29 ip route modification failed (No such device)'
D/Nat464Xlat(  362): requiresClat: netType=5, hasIPv4Address=true
D/MobileDataStateTracker(  362): default: setPolicyDataEnable(enabled=true)
W/NetworkPolicy(  362): shared quota unsupported; generating rule for each iface
D/AndroidRuntime(  793): Calling main entry com.android.commands.pm.Pm
D/MobileDataStateTracker(  362): hipri: isProvisioningNetwork: retVal=false
D/ConnectivityService(  362): [CheckMp] isMobileOk: isProvisioningNetwork is false, continue
D/ConnectivityService(  362): [CheckMp] isMobileOk: addresses=clients3.google.com/172.217.23.14
D/ConnectivityService(  362): [CheckMp] isMobileOk: linkHasIpv4=true linkHasIpv6=false
I/ActivityManager(  362): Start proc com.android.defcontainer for service com.android.defcontainer/.DefaultContainerService: pid=828 uid=10003 gids={50003, 1028, 1015, 1023, 2001, 1035}
E/NetdConnector(  362): NDC Command {31 bandwidth removeiquota eth0} took too long (1251ms)
D/Launcher.Model(  692): Reload apps on config change. curr_mcc:310 prevmcc:0
I/Choreographer(  692): Skipped 2174 frames!  The application may be doing too much work on its main thread.
E/NetdConnector(  362): NDC Command {32 interface route add eth0 default 10.0.2.2 32 0.0.0.0} took too long (1693ms)
I/Launcher(  692): Deferring update until onResume
I/Choreographer(  692): Skipped 128 frames!  The application may be doing too much work on its main thread.
D/dalvikvm(  692): GC_CONCURRENT freed 203K, 7% free 4027K/4300K, paused 6ms+20ms, total 187ms
D/gralloc_goldfish(  692): Emulator without GPU emulation detected.
D/dalvikvm(  692): GC_FOR_ALLOC freed 154K, 10% free 3903K/4332K, paused 38ms, total 40ms
I/dalvikvm-heap(  692): Grow heap (frag case) to 5.412MB for 1610896-byte allocation
D/dalvikvm(  692): GC_FOR_ALLOC freed <1K, 8% free 5475K/5908K, paused 56ms, total 56ms
D/dalvikvm(  692): GC_CONCURRENT freed <1K, 8% free 5476K/5908K, paused 5ms+3ms, total 57ms
D/dalvikvm(  692): WAIT_FOR_CONCURRENT_GC blocked 38ms
I/dalvikvm-heap(  692): Grow heap (frag case) to 6.947MB for 1610896-byte allocation
D/dalvikvm(  692): GC_CONCURRENT freed <1K, 6% free 7049K/7484K, paused 13ms+13ms, total 57ms
D/dalvikvm(  692): WAIT_FOR_CONCURRENT_GC blocked 44ms
D/Tethering(  362): MasterInitialState.processMessage what=3
D/CaptivePortalTracker(  362): NoActiveNetworkState{ when=-13ms what=1 obj=NetworkInfo: type: mobile_hipri[UMTS], state: CONNECTED/CONNECTED, reason: dataEnabled, extra: epc.tmobile.com, roaming: false, failover: false, isAvailable: true, isConnectedToProvisioningNetwork: false target=com.android.internal.util.StateMachine$SmHandler }
D/CaptivePortalTracker(  362): NoActiveNetworkState not a wifi connectivity change, ignore
E/logwrapper(  866): executing /system/bin/ip failed: No such file or directory
E/NetdConnector(  362): NDC Command {33 bandwidth setiquota eth0 9223372036854775807} took too long (1902ms)
I/ActivityManager(  362): Displayed com.android.launcher/com.android.launcher2.Launcher: +18s559ms (total +22s335ms)
I/Choreographer(  362): Skipped 35 frames!  The application may be doing too much work on its main thread.
D/dalvikvm(  456): GC_FOR_ALLOC freed 3124K, 48% free 3587K/6776K, paused 370ms, total 374ms
I/dalvikvm-heap(  456): Grow heap (frag case) to 6.492MB for 3072016-byte allocation
I/Choreographer(  362): Skipped 40 frames!  The application may be doing too much work on its main thread.
I/Choreographer(  362): Skipped 37 frames!  The application may be doing too much work on its main thread.
D/dalvikvm(  456): GC_CONCURRENT freed 5K, 3% free 6581K/6776K, paused 103ms+2ms, total 326ms
E/NetdConnector(  362): NDC Command {35 bandwidth removeiquota eth0} took too long (818ms)
E/NetdConnector(  362): NDC Command {34 interface fwmark exempt add 10.0.2.2/32} took too long (2239ms)
I/Choreographer(  692): Skipped 54 frames!  The application may be doing too much work on its main thread.
W/ProcessCpuTracker(  362): Skipping unknown process pid 883
I/Choreographer(  692): Skipped 144 frames!  The application may be doing too much work on its main thread.
E/SQLiteLog(  632): (1) no such table: album_info
E/NetdConnector(  362): NDC Command {36 bandwidth setiquota eth0 9223372036854775807} took too long (1588ms)
D/MobileDataStateTracker(  362): default: setPolicyDataEnable(enabled=true)
I/Choreographer(  692): Skipped 76 frames!  The application may be doing too much work on its main thread.
E/ConnectivityService(  362): Exception trying to add a route: java.lang.IllegalStateException: command '34 interface fwmark exempt add 10.0.2.2/32' failed with '400 34 Failed to add exemption rule (File exists)'
E/logwrapper(  893): executing /system/bin/ip failed: No such file or directory
E/ConnectivityService(  362): Exception trying to add a route: java.lang.IllegalStateException: command '39 interface fwmark exempt add 172.217.23.14/32' failed with '400 39 Failed to add exemption rule (File exists)'
D/ConnectivityService(  362): requestRouteToHostAddress ok=false
D/ConnectivityService(  362): [CheckMp] isMobileOk: could not establish route to hostAddr=clients3.google.com/172.217.23.14
I/ActivityManager(  362): Start proc com.android.externalstorage for broadcast com.android.externalstorage/.MountReceiver: pid=895 uid=10006 gids={50006, 1028, 1015, 1023}
I/DownloadManager(  632): Upgrading downloads database from version 0 to version 109, which will destroy all old data
D/ExternalStorage(  895): Missing UUID for /storage/sdcard; skipping
D/ExternalStorage(  895): After updating volumes, found 0 active roots
W/ActivityManager(  362): No content provider found for permission revoke: file:///data/local/tmp/sample_for_analysis.apk
W/ActivityManager(  362): No content provider found for permission revoke: file:///data/local/tmp/sample_for_analysis.apk
I/PackageManager(  362): Copying native libraries to /data/app-lib/vmdl-1086967188
D/dalvikvm(  362): GC_CONCURRENT freed 492K, 54% free 5599K/11968K, paused 13ms+4ms, total 62ms
D/GpsLocationProvider(  362): NTP server returned: 1545841744814 (Wed Dec 26 11:29:04 EST 2018) reference: 86363 certainty: 12 system time offset: -31794
I/ContactLocale(  566): AddressBook Labels [en_US]: [, A, B, C, D, E, F, G, H, I, J, K, L, M, N, O, P, Q, R, S, T, U, V, W, X, Y, Z, , , , , , , , , , , , , , , , , , , , , , , , , , , , , , , , , , , , , , , , , , , , , , , , , , , , , , , , , , , , , , , , , , , , , , , , , , , , , , , , , , , , , , , , , , , , , , , , , , , , , , , , , , , , , , , , , , , , , , , , , , , , , , , , , , , , , , , , , , , , , , , , , , , , , , , , , , , , , , , , , , , , , , , , , , , , , , , , , , , , , , #, ]
D/dalvikvm(  692): GC_CONCURRENT freed 1889K, 24% free 6507K/8468K, paused 4ms+3ms, total 62ms
D/dalvikvm(  362): GC_CONCURRENT freed 556K, 53% free 5700K/11968K, paused 6ms+24ms, total 94ms
I/PackageManager(  362): Running dexopt on: vql.bemvnf.zgeptuwhq
D/dalvikvm(  632): GC_CONCURRENT freed 282K, 11% free 2919K/3268K, paused 2ms+2ms, total 145ms
E/logwrapper(  912): executing /system/bin/ip failed: No such file or directory
E/ConnectivityService(  362): Exception trying to add a route: java.lang.IllegalStateException: command '41 interface fwmark exempt add 10.0.2.2/32' failed with '400 41 Failed to add exemption rule (File exists)'
E/logwrapper(  914): executing /system/bin/ip failed: No such file or directory
I/ActivityManager(  362): Start proc com.android.exchange for content provider com.android.exchange/.provider.ExchangeDirectoryProvider: pid=913 uid=10025 gids={50025, 3003, 1028, 1015}
E/ConnectivityService(  362): Exception trying to add a route: java.lang.IllegalStateException: command '43 interface fwmark exempt add 172.217.23.14/32' failed with '400 43 Failed to add exemption rule (File exists)'
D/ExternalStorage(  895): Missing UUID for /storage/sdcard; skipping
D/ExternalStorage(  895): After updating volumes, found 0 active roots
D/ConnectivityService(  362): requestRouteToHostAddress ok=false
D/ConnectivityService(  362): [CheckMp] isMobileOk: could not establish route to hostAddr=clients3.google.com/172.217.23.14
D/dalvikvm(  910): DexOpt: load 288ms, verify+opt 321ms, 431620 bytes
D/dalvikvm(  362): GC_CONCURRENT freed 652K, 53% free 5705K/11968K, paused 6ms+5ms, total 66ms
D/MediaScannerReceiver(  632): action: android.intent.action.MEDIA_MOUNTED path: /storage/sdcard
I/ActivityManager(  362): Force stopping vql.bemvnf.zgeptuwhq appid=10052 user=-1: update pkg
I/InputReader(  362): Reconfiguring input devices.  changes=0x00000010
I/PackageManager(  362):   Action: "android.intent.action.SENDTO"
I/PackageManager(  362):   Category: "android.intent.category.DEFAULT"
I/PackageManager(  362):   Scheme: "sms"
I/PackageManager(  362): Adding preferred activity ComponentInfo{com.android.mms/com.android.mms.ui.ComposeMessageActivity} for user 0 :
D/BackupManagerService(  362): Received broadcast Intent { act=android.intent.action.PACKAGE_ADDED dat=package:vql.bemvnf.zgeptuwhq flg=0x4000010 (has extras) }
V/BackupManagerService(  362): addPackageParticipantsLocked: #1
I/PackageManager(  362):   Action: "android.intent.action.SENDTO"
I/PackageManager(  362):   Category: "android.intent.category.DEFAULT"
I/PackageManager(  362):   Scheme: "smsto"
I/ActivityManager(  362): Start proc com.android.email for content provider com.android.email/.provider.EmailProvider: pid=926 uid=10024 gids={50024, 3003, 1028, 1015}
I/PackageManager(  362): Adding preferred activity ComponentInfo{com.android.mms/com.android.mms.ui.ComposeMessageActivity} for user 0 :
I/PackageManager(  362):   Action: "android.intent.action.SENDTO"
I/PackageManager(  362):   Category: "android.intent.category.DEFAULT"
I/PackageManager(  362):   Scheme: "mms"
I/PackageManager(  362): Adding preferred activity ComponentInfo{com.android.mms/com.android.mms.ui.ComposeMessageActivity} for user 0 :
D/dalvikvm(  612): GC_CONCURRENT freed 420K, 16% free 3350K/3952K, paused 5ms+2ms, total 95ms
I/PackageManager(  362):   Action: "android.intent.action.SENDTO"
I/PackageManager(  362):   Category: "android.intent.category.DEFAULT"
I/PackageManager(  362):   Scheme: "mmsto"
I/PackageManager(  362): Adding preferred activity ComponentInfo{com.android.mms/com.android.mms.ui.ComposeMessageActivity} for user 0 :
I/PackageManager(  362):   Action: "android.intent.action.SENDTO"
I/PackageManager(  362):   Category: "android.intent.category.DEFAULT"
I/PackageManager(  362):   Scheme: "sms"
I/PackageManager(  362): Adding preferred activity ComponentInfo{com.android.mms/com.android.mms.ui.ComposeMessageActivity} for user 0 :
D/dalvikvm(  362): GC_CONCURRENT freed 797K, 53% free 5640K/11968K, paused 76ms+98ms, total 321ms
I/PackageManager(  362):   Action: "android.intent.action.SENDTO"
I/PackageManager(  362):   Category: "android.intent.category.DEFAULT"
I/PackageManager(  362):   Scheme: "smsto"
I/PackageManager(  362): Adding preferred activity ComponentInfo{com.android.mms/com.android.mms.ui.ComposeMessageActivity} for user 0 :
I/PackageManager(  362):   Action: "android.intent.action.SENDTO"
I/PackageManager(  362):   Category: "android.intent.category.DEFAULT"
I/PackageManager(  362):   Scheme: "mms"
I/PackageManager(  362): Adding preferred activity ComponentInfo{com.android.mms/com.android.mms.ui.ComposeMessageActivity} for user 0 :
I/PackageManager(  362):   Action: "android.intent.action.SENDTO"
I/PackageManager(  362):   Category: "android.intent.category.DEFAULT"
I/PackageManager(  362):   Scheme: "mmsto"
I/PackageManager(  362): Adding preferred activity ComponentInfo{com.android.mms/com.android.mms.ui.ComposeMessageActivity} for user 0 :
D/dalvikvm(  612): GC_CONCURRENT freed 424K, 15% free 3371K/3952K, paused 4ms+2ms, total 86ms
D/dalvikvm(  362): GC_CONCURRENT freed 575K, 53% free 5700K/11968K, paused 6ms+43ms, total 157ms
D/dalvikvm(  362): WAIT_FOR_CONCURRENT_GC blocked 751ms
E/BluetoothAdapter(  623): Bluetooth binder is null
I/ActivityManager(  362): Start proc com.android.music for broadcast com.android.music/.MediaButtonIntentReceiver: pid=945 uid=10032 gids={50032, 3003, 1028, 1015}
I/dalvikvm(  945): CheckJNI enabled: not enabling JNI app bug workarounds.
E/logwrapper(  957): executing /system/bin/ip failed: No such file or directory
E/ConnectivityService(  362): Exception trying to add a route: java.lang.IllegalStateException: command '45 interface fwmark exempt add 10.0.2.2/32' failed with '400 45 Failed to add exemption rule (File exists)'
E/logwrapper(  958): executing /system/bin/ip failed: No such file or directory
E/ConnectivityService(  362): Exception trying to add a route: java.lang.IllegalStateException: command '47 interface fwmark exempt add 172.217.23.14/32' failed with '400 47 Failed to add exemption rule (File exists)'
D/ConnectivityService(  362): requestRouteToHostAddress ok=false
D/ConnectivityService(  362): [CheckMp] isMobileOk: could not establish route to hostAddr=clients3.google.com/172.217.23.14
D/dalvikvm(  362): GC_EXPLICIT freed 199K, 53% free 5682K/11968K, paused 52ms+81ms, total 893ms
D/AndroidRuntime(  793): Shutting down VM
D/dalvikvm(  793): GC_CONCURRENT freed 95K, 16% free 560K/660K, paused 2ms+2ms, total 38ms
W/RecognitionManagerService(  362): no available voice recognition services found for user 0
