D/dalvikvm(  345): WAIT_FOR_CONCURRENT_GC blocked 56ms
I/PackageManager(  345):   Action: "android.intent.action.SENDTO"
I/PackageManager(  345):   Category: "android.intent.category.DEFAULT"
I/PackageManager(  345):   Scheme: "mms"
I/PackageManager(  345): Adding preferred activity ComponentInfo{com.android.mms/com.android.mms.ui.ComposeMessageActivity} for user 0 :
I/PackageManager(  345):   Action: "android.intent.action.SENDTO"
I/PackageManager(  345):   Category: "android.intent.category.DEFAULT"
I/PackageManager(  345):   Scheme: "mmsto"
I/PackageManager(  345): Adding preferred activity ComponentInfo{com.android.mms/com.android.mms.ui.ComposeMessageActivity} for user 0 :
E/BluetoothAdapter(  603): Bluetooth binder is null
E/BluetoothAdapter(  603): Bluetooth binder is null
D/dalvikvm(  591): GC_CONCURRENT freed 387K, 15% free 2963K/3452K, paused 4ms+13ms, total 51ms
D/CallNotifier(  603): CallNotifier: mSignalInfoToneGenerator created when toneplay
E/BluetoothAdapter(  603): Bluetooth binder is null
D/dalvikvm(  591): GC_CONCURRENT freed 385K, 16% free 2969K/3512K, paused 4ms+2ms, total 21ms
D/MobileDataStateTracker(  345): fota: Broadcast received: android.intent.action.ANY_DATA_STATE apnType=fota
D/MobileDataStateTracker(  345): fota: Received state=DISCONNECTED, old=DISCONNECTED, reason=radioTurnedOff
D/MobileDataStateTracker(  345): ia: Broadcast received: android.intent.action.ANY_DATA_STATE apnType=ia
D/MobileDataStateTracker(  345): ia: Received state=DISCONNECTED, old=DISCONNECTED, reason=radioTurnedOff
D/MobileDataStateTracker(  345): supl: Broadcast received: android.intent.action.ANY_DATA_STATE apnType=supl
D/MobileDataStateTracker(  345): supl: Received state=DISCONNECTED, old=DISCONNECTED, reason=radioTurnedOff
D/MobileDataStateTracker(  345): hipri: Broadcast received: android.intent.action.ANY_DATA_STATE apnType=hipri
D/MobileDataStateTracker(  345): hipri: Received state=DISCONNECTED, old=DISCONNECTED, reason=radioTurnedOff
D/MobileDataStateTracker(  345): ims: Broadcast received: android.intent.action.ANY_DATA_STATE apnType=ims
D/MobileDataStateTracker(  345): ims: Received state=DISCONNECTED, old=DISCONNECTED, reason=radioTurnedOff
D/MobileDataStateTracker(  345): default: Broadcast received: android.intent.action.ANY_DATA_STATE apnType=default
D/MobileDataStateTracker(  345): default: Received state=DISCONNECTED, old=DISCONNECTED, reason=radioTurnedOff
D/MobileDataStateTracker(  345): mms: Broadcast received: android.intent.action.ANY_DATA_STATE apnType=mms
D/MobileDataStateTracker(  345): mms: Received state=DISCONNECTED, old=DISCONNECTED, reason=radioTurnedOff
D/MobileDataStateTracker(  345): cbs: Broadcast received: android.intent.action.ANY_DATA_STATE apnType=cbs
D/MobileDataStateTracker(  345): cbs: Received state=DISCONNECTED, old=DISCONNECTED, reason=radioTurnedOff
D/MobileDataStateTracker(  345): fota: Broadcast received: android.intent.action.ANY_DATA_STATE apnType=fota
D/MobileDataStateTracker(  345): fota: Received state=DISCONNECTED, old=DISCONNECTED, reason=radioTurnedOff
D/MobileDataStateTracker(  345): ia: Broadcast received: android.intent.action.ANY_DATA_STATE apnType=ia
D/MobileDataStateTracker(  345): ia: Received state=DISCONNECTED, old=DISCONNECTED, reason=radioTurnedOff
D/MobileDataStateTracker(  345): supl: Broadcast received: android.intent.action.ANY_DATA_STATE apnType=supl
D/MobileDataStateTracker(  345): supl: Received state=DISCONNECTED, old=DISCONNECTED, reason=radioTurnedOff
D/MobileDataStateTracker(  345): hipri: Broadcast received: android.intent.action.ANY_DATA_STATE apnType=hipri
I/LatinIME:LogUtils(  591): Dictionary info: dictionary = main:en ; version = 42 ; date = 1381226429
D/MobileDataStateTracker(  345): hipri: Received state=DISCONNECTED, old=DISCONNECTED, reason=radioTurnedOff
D/MobileDataStateTracker(  345): ims: Broadcast received: android.intent.action.ANY_DATA_STATE apnType=ims
D/MobileDataStateTracker(  345): ims: Received state=DISCONNECTED, old=DISCONNECTED, reason=radioTurnedOff
D/MobileDataStateTracker(  345): default: Broadcast received: android.intent.action.ANY_DATA_STATE apnType=default
D/MobileDataStateTracker(  345): default: Received state=DISCONNECTED, old=DISCONNECTED, reason=radioTurnedOff
D/MobileDataStateTracker(  345): mms: Broadcast received: android.intent.action.ANY_DATA_STATE apnType=mms
D/MobileDataStateTracker(  345): mms: Received state=DISCONNECTED, old=DISCONNECTED, reason=radioTurnedOff
D/MobileDataStateTracker(  345): cbs: Broadcast received: android.intent.action.ANY_DATA_STATE apnType=cbs
D/MobileDataStateTracker(  345): cbs: Received state=DISCONNECTED, old=DISCONNECTED, reason=radioTurnedOff
D/MobileDataStateTracker(  345): fota: Broadcast received: android.intent.action.ANY_DATA_STATE apnType=fota
D/MobileDataStateTracker(  345): fota: Received state=DISCONNECTED, old=DISCONNECTED, reason=dataDetached
D/MobileDataStateTracker(  345): ia: Broadcast received: android.intent.action.ANY_DATA_STATE apnType=ia
D/MobileDataStateTracker(  345): ia: Received state=DISCONNECTED, old=DISCONNECTED, reason=dataDetached
D/MobileDataStateTracker(  345): supl: Broadcast received: android.intent.action.ANY_DATA_STATE apnType=supl
D/MobileDataStateTracker(  345): supl: Received state=DISCONNECTED, old=DISCONNECTED, reason=dataDetached
D/MobileDataStateTracker(  345): hipri: Broadcast received: android.intent.action.ANY_DATA_STATE apnType=hipri
I/LatinIME:LogUtils(  591): Dictionary info: dictionary = main:en ; version = 42 ; date = 1381226429
D/MobileDataStateTracker(  345): hipri: Received state=DISCONNECTED, old=DISCONNECTED, reason=dataDetached
D/MobileDataStateTracker(  345): ims: Broadcast received: android.intent.action.ANY_DATA_STATE apnType=ims
D/MobileDataStateTracker(  345): ims: Received state=DISCONNECTED, old=DISCONNECTED, reason=dataDetached
D/MobileDataStateTracker(  345): default: Broadcast received: android.intent.action.ANY_DATA_STATE apnType=default
D/MobileDataStateTracker(  345): default: Received state=DISCONNECTED, old=DISCONNECTED, reason=dataDetached
D/MobileDataStateTracker(  345): mms: Broadcast received: android.intent.action.ANY_DATA_STATE apnType=mms
D/MobileDataStateTracker(  345): mms: Received state=DISCONNECTED, old=DISCONNECTED, reason=dataDetached
D/MobileDataStateTracker(  345): cbs: Broadcast received: android.intent.action.ANY_DATA_STATE apnType=cbs
D/MobileDataStateTracker(  345): cbs: Received state=DISCONNECTED, old=DISCONNECTED, reason=dataDetached
D/MobileDataStateTracker(  345): fota: Broadcast received: android.intent.action.ANY_DATA_STATE apnType=fota
D/MobileDataStateTracker(  345): fota: Received state=DISCONNECTED, old=DISCONNECTED, reason=roamingOff
D/MobileDataStateTracker(  345): ia: Broadcast received: android.intent.action.ANY_DATA_STATE apnType=ia
D/MobileDataStateTracker(  345): ia: Received state=DISCONNECTED, old=DISCONNECTED, reason=roamingOff
D/MobileDataStateTracker(  345): supl: Broadcast received: android.intent.action.ANY_DATA_STATE apnType=supl
D/MobileDataStateTracker(  345): supl: Received state=DISCONNECTED, old=DISCONNECTED, reason=roamingOff
D/MobileDataStateTracker(  345): hipri: Broadcast received: android.intent.action.ANY_DATA_STATE apnType=hipri
D/MobileDataStateTracker(  345): hipri: Received state=DISCONNECTED, old=DISCONNECTED, reason=roamingOff
D/MobileDataStateTracker(  345): ims: Broadcast received: android.intent.action.ANY_DATA_STATE apnType=ims
D/MobileDataStateTracker(  345): ims: Received state=DISCONNECTED, old=DISCONNECTED, reason=roamingOff
D/MobileDataStateTracker(  345): default: Broadcast received: android.intent.action.ANY_DATA_STATE apnType=default
D/MobileDataStateTracker(  345): default: Received state=DISCONNECTED, old=DISCONNECTED, reason=roamingOff
D/MobileDataStateTracker(  345): mms: Broadcast received: android.intent.action.ANY_DATA_STATE apnType=mms
I/LatinIME:LogUtils(  591): Dictionary info: dictionary = main:en ; version = 42 ; date = 1381226429
D/MobileDataStateTracker(  345): mms: Received state=DISCONNECTED, old=DISCONNECTED, reason=roamingOff
D/MobileDataStateTracker(  345): cbs: Broadcast received: android.intent.action.ANY_DATA_STATE apnType=cbs
D/MobileDataStateTracker(  345): cbs: Received state=DISCONNECTED, old=DISCONNECTED, reason=roamingOff
D/MobileDataStateTracker(  345): fota: Broadcast received: android.intent.action.ANY_DATA_STATE apnType=fota
D/MobileDataStateTracker(  345): fota: Received state=DISCONNECTED, old=DISCONNECTED, reason=roamingOff
D/MobileDataStateTracker(  345): ia: Broadcast received: android.intent.action.ANY_DATA_STATE apnType=ia
D/MobileDataStateTracker(  345): ia: Received state=DISCONNECTED, old=DISCONNECTED, reason=roamingOff
D/MobileDataStateTracker(  345): supl: Broadcast received: android.intent.action.ANY_DATA_STATE apnType=supl
D/MobileDataStateTracker(  345): supl: Received state=DISCONNECTED, old=DISCONNECTED, reason=roamingOff
D/MobileDataStateTracker(  345): hipri: Broadcast received: android.intent.action.ANY_DATA_STATE apnType=hipri
D/MobileDataStateTracker(  345): hipri: Received state=DISCONNECTED, old=DISCONNECTED, reason=roamingOff
D/MobileDataStateTracker(  345): ims: Broadcast received: android.intent.action.ANY_DATA_STATE apnType=ims
D/MobileDataStateTracker(  345): ims: Received state=DISCONNECTED, old=DISCONNECTED, reason=roamingOff
D/MobileDataStateTracker(  345): default: Broadcast received: android.intent.action.ANY_DATA_STATE apnType=default
D/MobileDataStateTracker(  345): default: Received state=DISCONNECTED, old=DISCONNECTED, reason=roamingOff
D/MobileDataStateTracker(  345): mms: Broadcast received: android.intent.action.ANY_DATA_STATE apnType=mms
D/MobileDataStateTracker(  345): mms: Received state=DISCONNECTED, old=DISCONNECTED, reason=roamingOff
D/MobileDataStateTracker(  345): cbs: Broadcast received: android.intent.action.ANY_DATA_STATE apnType=cbs
D/dalvikvm(  603): GC_CONCURRENT freed 290K, 11% free 3053K/3412K, paused 2ms+2ms, total 241ms
D/MobileDataStateTracker(  345): cbs: Received state=DISCONNECTED, old=DISCONNECTED, reason=roamingOff
D/TelephonyDebugService(  603): TelephonyDebugService()
I/LatinIME:LogUtils(  591): Dictionary info: dictionary = main:en ; version = 42 ; date = 1381226429
I/LatinIME:LogUtils(  591): Dictionary info: dictionary = main:en ; version = 42 ; date = 1381226429
I/LatinIME:LogUtils(  591): Dictionary info: dictionary = main:en ; version = 42 ; date = 1381226429
I/LatinIME:LogUtils(  591): Dictionary info: dictionary = main:en ; version = 42 ; date = 1381226429
I/LatinIME:LogUtils(  591): Dictionary info: dictionary = main:en ; version = 42 ; date = 1381226429
D/dalvikvm(  591): GC_CONCURRENT freed 308K, 13% free 3073K/3512K, paused 43ms+2ms, total 96ms
D/MccTable(  603): updateMccMncConfiguration: mcc=310, mnc=260
D/AlarmManagerService(  345): Kernel timezone updated to 300 minutes west of GMT
D/MccTable(  603): timezone set to America/New_York
D/MccTable(  603): getLocaleFromMcc to en_us mcc=310
D/MccTable(  603): getLocaleForLanguageCountry: got match
D/MccTable(  603): getLocaleForLanguageCountry: X locale=en_US
D/MccTable(  603): WIFI_COUNTRY_CODE set to us
I/WifiService(  345): WifiService trying to set country code to us with persist set to true
D/dalvikvm(  670): GC_CONCURRENT freed 175K, 8% free 2948K/3196K, paused 5ms+62ms, total 166ms
D/MobileDataStateTracker(  345): fota: Broadcast received: android.intent.action.ANY_DATA_STATE apnType=fota
D/MobileDataStateTracker(  345): fota: Received state=DISCONNECTED, old=DISCONNECTED, reason=dataAttached
D/MobileDataStateTracker(  345): ia: Broadcast received: android.intent.action.ANY_DATA_STATE apnType=ia
D/MobileDataStateTracker(  345): ia: Received state=DISCONNECTED, old=DISCONNECTED, reason=dataAttached
D/MobileDataStateTracker(  345): supl: Broadcast received: android.intent.action.ANY_DATA_STATE apnType=supl
D/MobileDataStateTracker(  345): supl: Received state=DISCONNECTED, old=DISCONNECTED, reason=dataAttached
D/MobileDataStateTracker(  345): hipri: Broadcast received: android.intent.action.ANY_DATA_STATE apnType=hipri
D/MobileDataStateTracker(  345): hipri: Received state=DISCONNECTED, old=DISCONNECTED, reason=dataAttached
D/MobileDataStateTracker(  345): ims: Broadcast received: android.intent.action.ANY_DATA_STATE apnType=ims
D/MobileDataStateTracker(  345): ims: Received state=DISCONNECTED, old=DISCONNECTED, reason=dataAttached
D/MobileDataStateTracker(  345): mms: Broadcast received: android.intent.action.ANY_DATA_STATE apnType=mms
D/MobileDataStateTracker(  345): mms: Received state=DISCONNECTED, old=DISCONNECTED, reason=dataAttached
D/MobileDataStateTracker(  345): cbs: Broadcast received: android.intent.action.ANY_DATA_STATE apnType=cbs
D/MobileDataStateTracker(  345): cbs: Received state=DISCONNECTED, old=DISCONNECTED, reason=dataAttached
D/MobileDataStateTracker(  345): fota: Broadcast received: android.intent.action.ANY_DATA_STATE apnType=fota
D/MobileDataStateTracker(  345): fota: Received state=DISCONNECTED, old=DISCONNECTED, reason=dataAttached
D/MobileDataStateTracker(  345): ia: Broadcast received: android.intent.action.ANY_DATA_STATE apnType=ia
D/MobileDataStateTracker(  345): ia: Received state=DISCONNECTED, old=DISCONNECTED, reason=dataAttached
D/dalvikvm(  345): GC_CONCURRENT freed 635K, 55% free 5479K/11972K, paused 4ms+35ms, total 308ms
D/MobileDataStateTracker(  345): supl: Broadcast received: android.intent.action.ANY_DATA_STATE apnType=supl
D/MobileDataStateTracker(  345): supl: Received state=DISCONNECTED, old=DISCONNECTED, reason=dataAttached
D/MobileDataStateTracker(  345): hipri: Broadcast received: android.intent.action.ANY_DATA_STATE apnType=hipri
D/MobileDataStateTracker(  345): hipri: Received state=DISCONNECTED, old=DISCONNECTED, reason=dataAttached
D/MobileDataStateTracker(  345): ims: Broadcast received: android.intent.action.ANY_DATA_STATE apnType=ims
D/MobileDataStateTracker(  345): ims: Received state=DISCONNECTED, old=DISCONNECTED, reason=dataAttached
D/MobileDataStateTracker(  345): mms: Broadcast received: android.intent.action.ANY_DATA_STATE apnType=mms
D/dalvikvm(  603): GC_CONCURRENT freed 287K, 11% free 3164K/3520K, paused 2ms+2ms, total 123ms
D/MobileDataStateTracker(  345): mms: Received state=DISCONNECTED, old=DISCONNECTED, reason=dataAttached
D/MobileDataStateTracker(  345): cbs: Broadcast received: android.intent.action.ANY_DATA_STATE apnType=cbs
D/MobileDataStateTracker(  345): cbs: Received state=DISCONNECTED, old=DISCONNECTED, reason=dataAttached
D/MccTable(  603): updateMccMncConfiguration: mcc=310, mnc=260
D/MccTable(  603): getLocaleFromMcc to en_us mcc=310
D/MccTable(  603): getLocaleForLanguageCountry: got match
D/MccTable(  603): getLocaleForLanguageCountry: X locale=en_US
D/MccTable(  603): updateMccMncConfiguration updateConfig config={1.0 310mcc260mnc en_US ldltr ?swdp ?wdp ?hdp ?density ?lsize ?long ?orien ?uimode ?night ?touch ?keyb/?/? ?nav/?}
I/ActivityManager(  345): Config changes=3 {1.0 310mcc260mnc en_US ldltr sw480dp w480dp h839dp 160dpi lrg long port finger -keyb/v/h tball/v s.6}
D/PermissionCache(   57): checking android.permission.READ_FRAME_BUFFER for uid=1000 => granted (5578 us)
D/gralloc (   57): Registering a buffer in the process that created it. This may cause memory ordering problems.
E/libEGL  (   57): called unimplemented OpenGL ES API
E/libEGL  (   57): called unimplemented OpenGL ES API
E/libEGL  (   57): called unimplemented OpenGL ES API
E/libEGL  (   57): called unimplemented OpenGL ES API
E/SurfaceFlinger(   57): glCheckFramebufferStatusOES error -826489291
E/SurfaceFlinger(   57): got GL_FRAMEBUFFER_COMPLETE_OES error while taking screenshot
E/libEGL  (   57): called unimplemented OpenGL ES API
E/libEGL  (   57): called unimplemented OpenGL ES API
I/ARMAssembler(   57): generated scanline__00000077:03515104_00008001_00000000 [113 ipp] (134 ins) at [0xb5aac1f0:0xb5aac408] in 20000000 ns
D/PhoneStatusBar(  450): mSettingsPanelGravity = 55
D/MccTable(  603): updateMccMncConfiguration: mcc=310, mnc=260
D/MccTable(  603): getLocaleFromMcc to en_us mcc=310
D/MccTable(  603): getLocaleForLanguageCountry: skipping already persisted
D/MccTable(  603): getLocaleForLanguageCountry: X locale=null
D/MccTable(  603): updateMccMncConfiguration updateConfig config={1.0 310mcc260mnc ?locale ?layoutDir ?swdp ?wdp ?hdp ?density ?lsize ?long ?orien ?uimode ?night ?touch ?keyb/?/? ?nav/?}
D/dalvikvm(  603): GC_CONCURRENT freed 364K, 12% free 3310K/3744K, paused 5ms+4ms, total 56ms
D/dalvikvm(  603): WAIT_FOR_CONCURRENT_GC blocked 19ms
D/MobileDataStateTracker(  345): fota: Broadcast received: android.intent.action.ANY_DATA_STATE apnType=fota
D/MobileDataStateTracker(  345): fota: Received state=DISCONNECTED, old=DISCONNECTED, reason=simLoaded
D/MobileDataStateTracker(  345): ia: Broadcast received: android.intent.action.ANY_DATA_STATE apnType=ia
D/MobileDataStateTracker(  345): ia: Received state=DISCONNECTED, old=DISCONNECTED, reason=simLoaded
D/MobileDataStateTracker(  345): supl: Broadcast received: android.intent.action.ANY_DATA_STATE apnType=supl
D/MobileDataStateTracker(  345): supl: Received state=DISCONNECTED, old=DISCONNECTED, reason=simLoaded
D/MobileDataStateTracker(  345): hipri: Broadcast received: android.intent.action.ANY_DATA_STATE apnType=hipri
D/MobileDataStateTracker(  345): hipri: Received state=DISCONNECTED, old=DISCONNECTED, reason=simLoaded
D/MobileDataStateTracker(  345): ims: Broadcast received: android.intent.action.ANY_DATA_STATE apnType=ims
D/MobileDataStateTracker(  345): ims: Received state=DISCONNECTED, old=DISCONNECTED, reason=simLoaded
D/MobileDataStateTracker(  345): mms: Broadcast received: android.intent.action.ANY_DATA_STATE apnType=mms
D/MobileDataStateTracker(  345): mms: Received state=DISCONNECTED, old=DISCONNECTED, reason=simLoaded
D/MobileDataStateTracker(  345): cbs: Broadcast received: android.intent.action.ANY_DATA_STATE apnType=cbs
D/MobileDataStateTracker(  345): cbs: Received state=DISCONNECTED, old=DISCONNECTED, reason=simLoaded
D/dalvikvm(  603): GC_CONCURRENT freed 450K, 14% free 3287K/3808K, paused 4ms+4ms, total 114ms
D/MobileDataStateTracker(  345): default: Broadcast received: android.intent.action.ANY_DATA_STATE apnType=default
D/MobileDataStateTracker(  345): default: Received state=CONNECTING, old=DISCONNECTED, reason=simLoaded
D/MobileDataStateTracker(  345): default: setDetailed state, old =IDLE and new state=CONNECTING
D/MobileDataStateTracker(  345): fota: Broadcast received: android.intent.action.ANY_DATA_STATE apnType=fota
D/MobileDataStateTracker(  345): fota: Received state=DISCONNECTED, old=DISCONNECTED, reason=simLoaded
D/MobileDataStateTracker(  345): ia: Broadcast received: android.intent.action.ANY_DATA_STATE apnType=ia
D/MobileDataStateTracker(  345): ia: Received state=DISCONNECTED, old=DISCONNECTED, reason=simLoaded
D/MobileDataStateTracker(  345): supl: Broadcast received: android.intent.action.ANY_DATA_STATE apnType=supl
D/MobileDataStateTracker(  345): supl: Received state=DISCONNECTED, old=DISCONNECTED, reason=simLoaded
D/MobileDataStateTracker(  345): hipri: Broadcast received: android.intent.action.ANY_DATA_STATE apnType=hipri
D/MobileDataStateTracker(  345): hipri: Received state=DISCONNECTED, old=DISCONNECTED, reason=simLoaded
D/MobileDataStateTracker(  345): ims: Broadcast received: android.intent.action.ANY_DATA_STATE apnType=ims
D/MobileDataStateTracker(  345): ims: Received state=DISCONNECTED, old=DISCONNECTED, reason=simLoaded
D/MobileDataStateTracker(  345): mms: Broadcast received: android.intent.action.ANY_DATA_STATE apnType=mms
D/MobileDataStateTracker(  345): mms: Received state=DISCONNECTED, old=DISCONNECTED, reason=simLoaded
D/MobileDataStateTracker(  345): cbs: Broadcast received: android.intent.action.ANY_DATA_STATE apnType=cbs
D/MobileDataStateTracker(  345): cbs: Received state=DISCONNECTED, old=DISCONNECTED, reason=simLoaded
D/MobileDataStateTracker(  345): default: Broadcast received: android.intent.action.ANY_DATA_STATE apnType=default
D/MobileDataStateTracker(  345): default: Received state=CONNECTED, old=CONNECTING, reason=connected
D/MobileDataStateTracker(  345): default: setDetailed state, old =CONNECTING and new state=CONNECTED
D/ConnectivityService(  345): ConnectivityChange for mobile: CONNECTED/CONNECTED
D/ConnectivityService(  345): ConnectivityChange checkMobileProvisioning for TYPE_MOBILE or ProvisioningNetwork
D/ConnectivityService(  345): checkMobileProvisioning: E suggestedTimeOutMs=60000
D/ConnectivityService(  345): setProvNotificationVisible: E visible=false networkType=5 extraInfo=null url=null
D/ConnectivityService(  345): checkMobileProvisioning: params={ url=http://clients3.google.com/generate_204 mTimeOutMs=60000 mCb=com.android.server.ConnectivityService$5@b30d1ea8}
D/ConnectivityService(  345): checkMobileProvisioning: X
D/dalvikvm(  603): GC_CONCURRENT freed 370K, 13% free 3320K/3808K, paused 4ms+43ms, total 95ms
D/dalvikvm(  345): GC_FOR_ALLOC freed 607K, 54% free 5568K/11972K, paused 186ms, total 201ms
D/Nat464Xlat(  345): requiresClat: netType=0, hasIPv4Address=true
D/dalvikvm(  345): GC_CONCURRENT freed 48K, 54% free 5566K/11972K, paused 6ms+5ms, total 240ms
I/NetworkPolicy(  345): no policy for active mobile network; generating default policy
D/MobileDataStateTracker(  345): default: setPolicyDataEnable(enabled=true)
D/MobileDataStateTracker(  345): default: isProvisioningNetwork: retVal=false
D/ConnectivityService(  345): [CheckMp] isMobileOk: isDefaultProvisioning=false
D/MobileDataStateTracker(  345): hipri: isProvisioningNetwork: retVal=false
D/ConnectivityService(  345): [CheckMp] isMobileOk: isHipriProvisioning=false
D/ConnectivityService(  345): [CheckMp] isMobileOk: start hipri url=http://clients3.google.com/generate_204
D/dalvikvm(  345): GC_CONCURRENT freed 774K, 54% free 5511K/11972K, paused 172ms+66ms, total 497ms
D/dalvikvm(  345): WAIT_FOR_CONCURRENT_GC blocked 137ms
I/ActivityManager(  345): Start proc com.android.printspooler for service com.android.printspooler/.PrintSpoolerService: pid=745 uid=10039 gids={50039}
E/NetdConnector(  345): NDC Command {12 bandwidth setiquota eth0 9223372036854775807} took too long (1460ms)
D/dalvikvm(  670): GC_FOR_ALLOC freed 186K, 8% free 3112K/3372K, paused 129ms, total 131ms
I/LatinIME:LogUtils(  591): Dictionary info: dictionary = userunigram.en_US.dict ; version = ? ; date = ?
I/dalvikvm-heap(  670): Grow heap (frag case) to 3.716MB for 640016-byte allocation
D/dalvikvm(  670): GC_FOR_ALLOC freed 3K, 7% free 3734K/4000K, paused 37ms, total 37ms
D/MobileDataStateTracker(  345): default: setPolicyDataEnable(enabled=true)
I/PrintSpoolerService(  745): No existing print spooler state.
D/dalvikvm(  670): GC_CONCURRENT freed 6K, 7% free 3727K/4000K, paused 6ms+2ms, total 100ms
I/SurfaceFlinger(   57): Boot is finished (70764 ms)
W/Resources(  670): Converting to int: TypedValue{t=0x3/d=0x12 "4" a=-1}
W/Resources(  670): Converting to int: TypedValue{t=0x3/d=0xf "1" a=-1}
W/Resources(  670): Converting to int: TypedValue{t=0x3/d=0x15 "2" a=-1}
W/Resources(  670): Converting to int: TypedValue{t=0x3/d=0x15 "2" a=-1}
W/Launcher.LauncherProvider(  670): Unable to add favorite: com.android.camera2/com.android.camera.CameraLauncher
W/Launcher.LauncherProvider(  670): android.content.pm.PackageManager$NameNotFoundException: ComponentInfo{com.android.camera2/com.android.camera.CameraLauncher}
W/Launcher.LauncherProvider(  670): 	at android.app.ApplicationPackageManager.getActivityInfo(ApplicationPackageManager.java:242)
W/Launcher.LauncherProvider(  670): 	at com.android.launcher2.LauncherProvider$DatabaseHelper.addAppShortcut(LauncherProvider.java:959)
W/Launcher.LauncherProvider(  670): 	at com.android.launcher2.LauncherProvider$DatabaseHelper.loadFavorites(LauncherProvider.java:863)
W/Launcher.LauncherProvider(  670): 	at com.android.launcher2.LauncherProvider$DatabaseHelper.access$000(LauncherProvider.java:253)
W/Launcher.LauncherProvider(  670): 	at com.android.launcher2.LauncherProvider.loadDefaultFavoritesIfNecessary(LauncherProvider.java:237)
W/Launcher.LauncherProvider(  670): 	at com.android.launcher2.LauncherModel$LoaderTask.loadWorkspace(LauncherModel.java:1278)
W/Launcher.LauncherProvider(  670): 	at com.android.launcher2.LauncherModel$LoaderTask.loadAndBindWorkspace(LauncherModel.java:1020)
W/Launcher.LauncherProvider(  670): 	at com.android.launcher2.LauncherModel$LoaderTask.run(LauncherModel.java:1126)
W/Launcher.LauncherProvider(  670): 	at android.os.Handler.handleCallback(Handler.java:733)
W/Launcher.LauncherProvider(  670): 	at android.os.Handler.dispatchMessage(Handler.java:95)
W/Launcher.LauncherProvider(  670): 	at android.os.Looper.loop(Looper.java:136)
W/Launcher.LauncherProvider(  670): 	at android.os.HandlerThread.run(HandlerThread.java:61)
W/Launcher.LauncherProvider(  670): Unable to add favorite: com.android.gallery3d/com.android.gallery3d.app.Gallery
W/Launcher.LauncherProvider(  670): android.content.pm.PackageManager$NameNotFoundException: ComponentInfo{com.android.gallery3d/com.android.gallery3d.app.Gallery}
W/Launcher.LauncherProvider(  670): 	at android.app.ApplicationPackageManager.getActivityInfo(ApplicationPackageManager.java:242)
W/Launcher.LauncherProvider(  670): 	at com.android.launcher2.LauncherProvider$DatabaseHelper.addAppShortcut(LauncherProvider.java:959)
W/Launcher.LauncherProvider(  670): 	at com.android.launcher2.LauncherProvider$DatabaseHelper.loadFavorites(LauncherProvider.java:863)
W/Launcher.LauncherProvider(  670): 	at com.android.launcher2.LauncherProvider$DatabaseHelper.access$000(LauncherProvider.java:253)
W/Launcher.LauncherProvider(  670): 	at com.android.launcher2.LauncherProvider.loadDefaultFavoritesIfNecessary(LauncherProvider.java:237)
W/Launcher.LauncherProvider(  670): 	at com.android.launcher2.LauncherModel$LoaderTask.loadWorkspace(LauncherModel.java:1278)
W/Launcher.LauncherProvider(  670): 	at com.android.launcher2.LauncherModel$LoaderTask.loadAndBindWorkspace(LauncherModel.java:1020)
W/Launcher.LauncherProvider(  670): 	at com.android.launcher2.LauncherModel$LoaderTask.run(LauncherModel.java:1126)
W/Launcher.LauncherProvider(  670): 	at android.os.Handler.handleCallback(Handler.java:733)
W/Launcher.LauncherProvider(  670): 	at android.os.Handler.dispatchMessage(Handler.java:95)
W/Launcher.LauncherProvider(  670): 	at android.os.Looper.loop(Looper.java:136)
W/Launcher.LauncherProvider(  670): 	at android.os.HandlerThread.run(HandlerThread.java:61)
W/ActivityManager(  345): Launch timeout has expired, giving up wake lock!
E/NetdConnector(  345): NDC Command {13 bandwidth removeiquota eth0} took too long (1202ms)
I/InputReader(  345): Reconfiguring input devices.  changes=0x00000010
I/PackageManager(  345):   Action: "android.intent.action.SENDTO"
I/PackageManager(  345):   Category: "android.intent.category.DEFAULT"
I/PackageManager(  345):   Scheme: "sms"
I/PackageManager(  345): Adding preferred activity ComponentInfo{com.android.mms/com.android.mms.ui.ComposeMessageActivity} for user 0 :
D/dalvikvm(  345): GC_CONCURRENT freed 647K, 53% free 5640K/11972K, paused 153ms+8ms, total 732ms
D/dalvikvm(  345): WAIT_FOR_CONCURRENT_GC blocked 20ms
W/WindowManager(  345): App freeze timeout expired.
W/WindowManager(  345): Force clearing freeze: AppWindowToken{b2fdba98 token=Token{b2ecb250 ActivityRecord{b2ecb0f0 u0 com.android.launcher/com.android.launcher2.Launcher t3}}}
I/PackageManager(  345):   Action: "android.intent.action.SENDTO"
I/PackageManager(  345):   Category: "android.intent.category.DEFAULT"
I/PackageManager(  345):   Scheme: "smsto"
I/PackageManager(  345): Adding preferred activity ComponentInfo{com.android.mms/com.android.mms.ui.ComposeMessageActivity} for user 0 :
I/WindowManager(  345): Screen frozen for +5s88ms due to AppWindowToken{b2fdba98 token=Token{b2ecb250 ActivityRecord{b2ecb0f0 u0 com.android.launcher/com.android.launcher2.Launcher t3}}}
I/FusedLocation(  345): engine started (com.android.location.fused)
I/FusedLocation(  345): engine stopped (com.android.location.fused)
I/FusedLocation(  345): engine started (com.android.location.fused)
D/Tethering(  345): MasterInitialState.processMessage what=3
D/CaptivePortalTracker(  345): NoActiveNetworkState{ when=-1ms what=1 obj=NetworkInfo: type: mobile[UMTS], state: CONNECTED/CONNECTED, reason: connected, extra: epc.tmobile.com, roaming: false, failover: false, isAvailable: true, isConnectedToProvisioningNetwork: false target=com.android.internal.util.StateMachine$SmHandler }
D/CaptivePortalTracker(  345): NoActiveNetworkState not a wifi connectivity change, ignore
I/PackageManager(  345):   Action: "android.intent.action.SENDTO"
I/PackageManager(  345):   Category: "android.intent.category.DEFAULT"
I/PackageManager(  345):   Scheme: "mms"
I/PackageManager(  345): Adding preferred activity ComponentInfo{com.android.mms/com.android.mms.ui.ComposeMessageActivity} for user 0 :
I/Choreographer(  345): Skipped 34 frames!  The application may be doing too much work on its main thread.
I/PackageManager(  345):   Action: "android.intent.action.SENDTO"
I/PackageManager(  345):   Category: "android.intent.category.DEFAULT"
I/PackageManager(  345):   Scheme: "mmsto"
I/PackageManager(  345): Adding preferred activity ComponentInfo{com.android.mms/com.android.mms.ui.ComposeMessageActivity} for user 0 :
I/Choreographer(  345): Skipped 35 frames!  The application may be doing too much work on its main thread.
I/ARMAssembler(   57): generated scanline__00000077:03515104_00009001_00000000 [131 ipp] (153 ins) at [0xb5aac410:0xb5aac674] in 10000000 ns
I/PackageManager(  345):   Action: "android.intent.action.SENDTO"
I/PackageManager(  345):   Category: "android.intent.category.DEFAULT"
I/PackageManager(  345):   Scheme: "sms"
I/PackageManager(  345): Adding preferred activity ComponentInfo{com.android.mms/com.android.mms.ui.ComposeMessageActivity} for user 0 :
I/PackageManager(  345):   Action: "android.intent.action.SENDTO"
I/PackageManager(  345):   Category: "android.intent.category.DEFAULT"
I/PackageManager(  345):   Scheme: "smsto"
I/PackageManager(  345): Adding preferred activity ComponentInfo{com.android.mms/com.android.mms.ui.ComposeMessageActivity} for user 0 :
D/dalvikvm(  603): GC_CONCURRENT freed 366K, 13% free 3364K/3852K, paused 2ms+2ms, total 158ms
I/PackageManager(  345):   Action: "android.intent.action.SENDTO"
I/PackageManager(  345):   Category: "android.intent.category.DEFAULT"
I/PackageManager(  345):   Scheme: "mms"
I/PackageManager(  345): Adding preferred activity ComponentInfo{com.android.mms/com.android.mms.ui.ComposeMessageActivity} for user 0 :
I/PackageManager(  345):   Action: "android.intent.action.SENDTO"
I/PackageManager(  345):   Category: "android.intent.category.DEFAULT"
I/PackageManager(  345):   Scheme: "mmsto"
I/PackageManager(  345): Adding preferred activity ComponentInfo{com.android.mms/com.android.mms.ui.ComposeMessageActivity} for user 0 :
D/dalvikvm(  345): GC_CONCURRENT freed 786K, 54% free 5585K/11972K, paused 5ms+5ms, total 400ms
D/dalvikvm(  345): WAIT_FOR_CONCURRENT_GC blocked 207ms
E/NetdConnector(  345): NDC Command {14 bandwidth setiquota eth0 9223372036854775807} took too long (1818ms)
D/MobileDataStateTracker(  345): default: setPolicyDataEnable(enabled=true)
D/dalvikvm(  670): GC_CONCURRENT freed 225K, 8% free 3912K/4208K, paused 2ms+2ms, total 80ms
D/ConnectivityService(  345): startUsingNetworkFeature reconnecting to 0: enableHIPRI
D/ConnectivityService(  345): startUsingNetworkFeature X: return APN_REQUEST_STARTED
E/ConnectivityService(  345): startUsingNetworkFeature took too long: 5062ms
D/ConnectivityService(  345): [CheckMp] isMobileOk: hipri started
D/ConnectivityService(  345): [CheckMp] isMobileOk: not connected ni=NetworkInfo: type: mobile_hipri[UMTS], state: DISCONNECTED/IDLE, reason: (unspecified), extra: (none), roaming: false, failover: false, isAvailable: true, isConnectedToProvisioningNetwork: false
D/MobileDataStateTracker(  345): hipri: Broadcast received: android.intent.action.ANY_DATA_STATE apnType=hipri
D/MobileDataStateTracker(  345): hipri: Received state=CONNECTING, old=DISCONNECTED, reason=dataEnabled
D/MobileDataStateTracker(  345): hipri: setDetailed state, old =IDLE and new state=CONNECTING
D/MobileDataStateTracker(  345): fota: Broadcast received: android.intent.action.ANY_DATA_STATE apnType=fota
D/MobileDataStateTracker(  345): fota: Received state=DISCONNECTED, old=DISCONNECTED, reason=dataEnabled
D/MobileDataStateTracker(  345): ia: Broadcast received: android.intent.action.ANY_DATA_STATE apnType=ia
D/MobileDataStateTracker(  345): ia: Received state=DISCONNECTED, old=DISCONNECTED, reason=dataEnabled
D/MobileDataStateTracker(  345): supl: Broadcast received: android.intent.action.ANY_DATA_STATE apnType=supl
D/MobileDataStateTracker(  345): supl: Received state=DISCONNECTED, old=DISCONNECTED, reason=dataEnabled
D/MobileDataStateTracker(  345): ims: Broadcast received: android.intent.action.ANY_DATA_STATE apnType=ims
D/MobileDataStateTracker(  345): ims: Received state=DISCONNECTED, old=DISCONNECTED, reason=dataEnabled
D/MobileDataStateTracker(  345): mms: Broadcast received: android.intent.action.ANY_DATA_STATE apnType=mms
D/dalvikvm(  603): GC_CONCURRENT freed 482K, 15% free 3298K/3852K, paused 14ms+2ms, total 186ms
D/MobileDataStateTracker(  345): mms: Received state=DISCONNECTED, old=DISCONNECTED, reason=dataEnabled
D/MobileDataStateTracker(  345): cbs: Broadcast received: android.intent.action.ANY_DATA_STATE apnType=cbs
I/MediaProvider(  618): Upgrading media database from version 0 to 700, which will destroy all old data
D/MobileDataStateTracker(  345): cbs: Received state=DISCONNECTED, old=DISCONNECTED, reason=dataEnabled
D/MobileDataStateTracker(  345): hipri: Broadcast received: android.intent.action.ANY_DATA_STATE apnType=hipri
D/MobileDataStateTracker(  345): hipri: Received state=CONNECTED, old=CONNECTING, reason=dataEnabled
D/MobileDataStateTracker(  345): hipri: setDetailed state, old =CONNECTING and new state=CONNECTED
D/ConnectivityService(  345): ConnectivityChange for mobile_hipri: CONNECTED/CONNECTED
D/AndroidRuntime(  793): 
D/AndroidRuntime(  793): >>>>>> AndroidRuntime START com.android.internal.os.RuntimeInit <<<<<<
D/AndroidRuntime(  793): CheckJNI is ON
D/dalvikvm(  345): GC_EXPLICIT freed 423K, 54% free 5572K/11972K, paused 49ms+5ms, total 346ms
E/logwrapper(  795): executing /system/bin/ip failed: No such file or directory
E/ConnectivityService(  345): Exception trying to add a route: java.lang.IllegalStateException: command '21 interface fwmark exempt add 10.0.2.2/32' failed with '400 21 Failed to add exemption rule (File exists)'
E/logwrapper(  796): executing /system/bin/ip failed: No such file or directory
E/ConnectivityService(  345): Exception trying to add a route: java.lang.IllegalStateException: command '23 interface fwmark exempt add 10.0.2.3/32' failed with '400 23 Failed to add exemption rule (File exists)'
E/logwrapper(  797): executing /system/bin/ip failed: No such file or directory
E/ConnectivityService(  345): Exception trying to add a route: java.lang.IllegalStateException: command '25 interface fwmark exempt add 10.0.2.2/32' failed with '400 25 Failed to add exemption rule (File exists)'
E/logwrapper(  798): executing /system/bin/ip failed: No such file or directory
E/ConnectivityService(  345): Exception trying to add a route: java.lang.IllegalStateException: command '27 interface fwmark exempt add 10.0.2.4/32' failed with '400 27 Failed to add exemption rule (File exists)'
D/dalvikvm(  793): Trying to load lib libjavacore.so 0x0
E/logwrapper(  799): executing /system/bin/ip failed: No such file or directory
D/dalvikvm(  793): Added shared lib libjavacore.so 0x0
E/SecondaryTablController(   54): ip route add failed: /system/bin/ip route add 10.0.2.2/32 via 0.0.0.0 dev eth0 table 60
W/FrameworkListener(   54): Handler 'interface' error (No such device)
E/ConnectivityService(  345): Exception trying to add a route: java.lang.IllegalStateException: command '28 interface route add eth0 secondary 10.0.2.2 32 0.0.0.0' failed with '400 28 ip route modification failed (No such device)'
E/logwrapper(  800): executing /system/bin/ip failed: No such file or directory
E/SecondaryTablController(   54): ip route add failed: /system/bin/ip route add 0.0.0.0/0 via 10.0.2.2 dev eth0 table 60
W/FrameworkListener(   54): Handler 'interface' error (No such device)
E/ConnectivityService(  345): Exception trying to add a route: java.lang.IllegalStateException: command '29 interface route add eth0 secondary 0.0.0.0 0 10.0.2.2' failed with '400 29 ip route modification failed (No such device)'
D/Nat464Xlat(  345): requiresClat: netType=5, hasIPv4Address=true
D/dalvikvm(  793): Trying to load lib libnativehelper.so 0x0
D/dalvikvm(  793): Added shared lib libnativehelper.so 0x0
D/dalvikvm(  793): No JNI_OnLoad found in libnativehelper.so 0x0, skipping init
D/MobileDataStateTracker(  345): default: setPolicyDataEnable(enabled=true)
W/NetworkPolicy(  345): shared quota unsupported; generating rule for each iface
D/MobileDataStateTracker(  345): hipri: isProvisioningNetwork: retVal=false
D/ConnectivityService(  345): [CheckMp] isMobileOk: isProvisioningNetwork is false, continue
D/ConnectivityService(  345): [CheckMp] isMobileOk: addresses=clients3.google.com/172.217.23.14
D/ConnectivityService(  345): [CheckMp] isMobileOk: linkHasIpv4=true linkHasIpv6=false
D/dalvikvm(  793): Note: class Landroid/app/ActivityManagerNative; has 179 unimplemented (abstract) methods
E/NetdConnector(  345): NDC Command {31 bandwidth removeiquota eth0} took too long (1398ms)
E/NetdConnector(  345): NDC Command {32 interface route add eth0 default 10.0.2.2 32 0.0.0.0} took too long (1177ms)
E/memtrack(  793): Couldn't load memtrack module (No such file or directory)
E/android.os.Debug(  793): failed to load memtrack module: -2
W/Launcher.Model(  670): LoaderTask running with no launcher (loadAllAppsByBatch)
D/AndroidRuntime(  793): Calling main entry com.android.commands.pm.Pm
I/ActivityManager(  345): Start proc com.android.defcontainer for service com.android.defcontainer/.DefaultContainerService: pid=831 uid=10003 gids={50003, 1028, 1015, 1023, 2001, 1035}
D/dalvikvm(  345): GC_CONCURRENT freed 578K, 54% free 5588K/11972K, paused 60ms+56ms, total 307ms
D/Tethering(  345): MasterInitialState.processMessage what=3
D/CaptivePortalTracker(  345): NoActiveNetworkState{ when=0 what=1 obj=NetworkInfo: type: mobile_hipri[UMTS], state: CONNECTED/CONNECTED, reason: dataEnabled, extra: epc.tmobile.com, roaming: false, failover: false, isAvailable: true, isConnectedToProvisioningNetwork: false target=com.android.internal.util.StateMachine$SmHandler }
D/CaptivePortalTracker(  345): NoActiveNetworkState not a wifi connectivity change, ignore
E/logwrapper(  852): executing /system/bin/ip failed: No such file or directory
E/NetdConnector(  345): NDC Command {33 bandwidth setiquota eth0 9223372036854775807} took too long (1927ms)
E/NetdConnector(  345): NDC Command {34 interface fwmark exempt add 10.0.2.2/32} took too long (1992ms)
E/ConnectivityService(  345): Exception trying to add a route: java.lang.IllegalStateException: command '34 interface fwmark exempt add 10.0.2.2/32' failed with '400 34 Failed to add exemption rule (File exists)'
D/Launcher.Model(  670): Reload apps on config change. curr_mcc:310 prevmcc:0
I/Launcher(  670): Deferring update until onResume
E/NetdConnector(  345): NDC Command {35 bandwidth removeiquota eth0} took too long (822ms)
D/dalvikvm(  670): GC_CONCURRENT freed 265K, 8% free 4041K/4380K, paused 36ms+3ms, total 79ms
E/NetdConnector(  345): NDC Command {36 interface route add eth0 default 172.217.23.14 32 10.0.2.2} took too long (784ms)
E/SQLiteLog(  618): (1) no such table: album_info
D/dalvikvm(  618): GC_CONCURRENT freed 223K, 10% free 2882K/3172K, paused 32ms+2ms, total 133ms
I/ActivityManager(  345): Start proc com.android.externalstorage for broadcast com.android.externalstorage/.MountReceiver: pid=880 uid=10006 gids={50006, 1028, 1015, 1023}
E/logwrapper(  895): executing /system/bin/ip failed: No such file or directory
E/NetdConnector(  345): NDC Command {38 interface fwmark exempt add 172.217.23.14/32} took too long (1672ms)
E/ConnectivityService(  345): Exception trying to add a route: java.lang.IllegalStateException: command '38 interface fwmark exempt add 172.217.23.14/32' failed with '400 38 Failed to add exemption rule (File exists)'
D/ConnectivityService(  345): requestRouteToHostAddress ok=false
D/ConnectivityService(  345): [CheckMp] isMobileOk: could not establish route to hostAddr=clients3.google.com/172.217.23.14
E/NetdConnector(  345): NDC Command {37 bandwidth setiquota eth0 9223372036854775807} took too long (1711ms)
D/MobileDataStateTracker(  345): default: setPolicyDataEnable(enabled=true)
D/ExternalStorage(  880): Missing UUID for /storage/sdcard; skipping
D/ExternalStorage(  880): After updating volumes, found 0 active roots
I/DownloadManager(  618): Upgrading downloads database from version 0 to version 109, which will destroy all old data
I/Choreographer(  670): Skipped 932 frames!  The application may be doing too much work on its main thread.
D/gralloc_goldfish(  670): Emulator without GPU emulation detected.
D/dalvikvm(  670): GC_FOR_ALLOC freed 122K, 8% free 4089K/4436K, paused 19ms, total 23ms
I/dalvikvm-heap(  670): Grow heap (frag case) to 5.596MB for 1610896-byte allocation
D/dalvikvm(  670): GC_FOR_ALLOC freed 5K, 6% free 5657K/6012K, paused 28ms, total 28ms
D/dalvikvm(  670): GC_CONCURRENT freed 3K, 6% free 5654K/6012K, paused 4ms+2ms, total 31ms
D/dalvikvm(  670): WAIT_FOR_CONCURRENT_GC blocked 16ms
I/dalvikvm-heap(  670): Grow heap (frag case) to 7.125MB for 1610896-byte allocation
D/dalvikvm(  670): GC_FOR_ALLOC freed <1K, 5% free 7226K/7588K, paused 20ms, total 20ms
D/dalvikvm(  670): GC_CONCURRENT freed <1K, 5% free 7269K/7632K, paused 4ms+2ms, total 46ms
I/ActivityManager(  345): Displayed com.android.launcher/com.android.launcher2.Launcher: +18s895ms (total +21s698ms)
D/dalvikvm(  450): GC_FOR_ALLOC freed 3135K, 48% free 3588K/6792K, paused 237ms, total 242ms
I/dalvikvm-heap(  450): Grow heap (frag case) to 6.497MB for 3072016-byte allocation
D/dalvikvm(  450): GC_CONCURRENT freed 5K, 4% free 6582K/6792K, paused 43ms+17ms, total 158ms
I/Choreographer(  670): Skipped 138 frames!  The application may be doing too much work on its main thread.
I/Choreographer(  670): Skipped 44 frames!  The application may be doing too much work on its main thread.
I/Choreographer(  670): Skipped 30 frames!  The application may be doing too much work on its main thread.
W/ActivityManager(  345): No content provider found for permission revoke: file:///data/local/tmp/sample_for_analysis.apk
I/ContactLocale(  549): AddressBook Labels [en_US]: [, A, B, C, D, E, F, G, H, I, J, K, L, M, N, O, P, Q, R, S, T, U, V, W, X, Y, Z, , , , , , , , , , , , , , , , , , , , , , , , , , , , , , , , , , , , , , , , , , , , , , , , , , , , , , , , , , , , , , , , , , , , , , , , , , , , , , , , , , , , , , , , , , , , , , , , , , , , , , , , , , , , , , , , , , , , , , , , , , , , , , , , , , , , , , , , , , , , , , , , , , , , , , , , , , , , , , , , , , , , , , , , , , , , , , , , , , , , , , #, ]
W/ActivityManager(  345): No content provider found for permission revoke: file:///data/local/tmp/sample_for_analysis.apk
I/PackageManager(  345): Copying native libraries to /data/app-lib/vmdl1176245195
D/dalvikvm(  345): GC_CONCURRENT freed 565K, 53% free 5738K/11972K, paused 6ms+16ms, total 108ms
D/GpsLocationProvider(  345): NTP server returned: 1545755020985 (Tue Dec 25 11:23:40 EST 2018) reference: 73633 certainty: 21 system time offset: -31828
D/dalvikvm(  670): GC_CONCURRENT freed 2241K, 27% free 6427K/8740K, paused 2ms+3ms, total 28ms
E/logwrapper(  899): executing /system/bin/ip failed: No such file or directory
E/ConnectivityService(  345): Exception trying to add a route: java.lang.IllegalStateException: command '41 interface fwmark exempt add 10.0.2.2/32' failed with '400 41 Failed to add exemption rule (File exists)'
E/logwrapper(  900): executing /system/bin/ip failed: No such file or directory
E/ConnectivityService(  345): Exception trying to add a route: java.lang.IllegalStateException: command '43 interface fwmark exempt add 172.217.23.14/32' failed with '400 43 Failed to add exemption rule (File exists)'
D/ConnectivityService(  345): requestRouteToHostAddress ok=false
D/ConnectivityService(  345): [CheckMp] isMobileOk: could not establish route to hostAddr=clients3.google.com/172.217.23.14
I/PackageManager(  345): Running dexopt on: com.ll
D/ExternalStorage(  880): Missing UUID for /storage/sdcard; skipping
D/ExternalStorage(  880): After updating volumes, found 0 active roots
I/ActivityManager(  345): Start proc com.android.exchange for content provider com.android.exchange/.provider.ExchangeDirectoryProvider: pid=903 uid=10025 gids={50025, 3003, 1028, 1015}
D/dalvikvm(  901): DexOpt: load 140ms, verify+opt 341ms, 586036 bytes
W/PackageManager(  345): Not granting permission android.permission.UPDATE_APP_OPS_STATS to package com.ll (protectionLevel=18 flags=0x8be44)
D/MediaScannerReceiver(  618): action: android.intent.action.MEDIA_MOUNTED path: /storage/sdcard
I/ActivityManager(  345): Force stopping com.ll appid=10052 user=-1: update pkg
I/InputReader(  345): Reconfiguring input devices.  changes=0x00000010
D/BackupManagerService(  345): Received broadcast Intent { act=android.intent.action.PACKAGE_ADDED dat=package:com.ll flg=0x4000010 (has extras) }
V/BackupManagerService(  345): addPackageParticipantsLocked: #1
I/PackageManager(  345):   Action: "android.intent.action.SENDTO"
I/PackageManager(  345):   Category: "android.intent.category.DEFAULT"
I/PackageManager(  345):   Scheme: "sms"
I/PackageManager(  345): Adding preferred activity ComponentInfo{com.android.mms/com.android.mms.ui.ComposeMessageActivity} for user 0 :
D/dalvikvm(  345): GC_EXPLICIT freed 824K, 53% free 5676K/11972K, paused 195ms+6ms, total 290ms
D/dalvikvm(  345): WAIT_FOR_CONCURRENT_GC blocked 111ms
D/dalvikvm(  345): WAIT_FOR_CONCURRENT_GC blocked 63ms
D/dalvikvm(  345): WAIT_FOR_CONCURRENT_GC blocked 65ms
D/dalvikvm(  345): WAIT_FOR_CONCURRENT_GC blocked 54ms
D/AndroidRuntime(  793): Shutting down VM
D/dalvikvm(  793): GC_CONCURRENT freed 95K, 16% free 560K/660K, paused 2ms+12ms, total 22ms
I/PackageManager(  345):   Action: "android.intent.action.SENDTO"
I/PackageManager(  345):   Category: "android.intent.category.DEFAULT"
I/PackageManager(  345):   Scheme: "smsto"
I/PackageManager(  345): Adding preferred activity ComponentInfo{com.android.mms/com.android.mms.ui.ComposeMessageActivity} for user 0 :
I/PackageManager(  345):   Action: "android.intent.action.SENDTO"
I/PackageManager(  345):   Category: "android.intent.category.DEFAULT"
I/PackageManager(  345):   Scheme: "mms"
I/PackageManager(  345): Adding preferred activity ComponentInfo{com.android.mms/com.android.mms.ui.ComposeMessageActivity} for user 0 :
I/PackageManager(  345):   Action: "android.intent.action.SENDTO"
I/PackageManager(  345):   Category: "android.intent.category.DEFAULT"
I/PackageManager(  345):   Scheme: "mmsto"
I/PackageManager(  345): Adding preferred activity ComponentInfo{com.android.mms/com.android.mms.ui.ComposeMessageActivity} for user 0 :
I/PackageManager(  345):   Action: "android.intent.action.SENDTO"
I/PackageManager(  345):   Category: "android.intent.category.DEFAULT"
I/PackageManager(  345):   Scheme: "sms"
I/PackageManager(  345): Adding preferred activity ComponentInfo{com.android.mms/com.android.mms.ui.ComposeMessageActivity} for user 0 :
I/PackageManager(  345):   Action: "android.intent.action.SENDTO"
I/PackageManager(  345):   Category: "android.intent.category.DEFAULT"
I/PackageManager(  345):   Scheme: "smsto"
I/PackageManager(  345): Adding preferred activity ComponentInfo{com.android.mms/com.android.mms.ui.ComposeMessageActivity} for user 0 :
D/dalvikvm(  603): GC_CONCURRENT freed 331K, 11% free 3454K/3872K, paused 5ms+50ms, total 107ms
I/PackageManager(  345):   Action: "android.intent.action.SENDTO"
I/PackageManager(  345):   Category: "android.intent.category.DEFAULT"
I/PackageManager(  345):   Scheme: "mms"
I/PackageManager(  345): Adding preferred activity ComponentInfo{com.android.mms/com.android.mms.ui.ComposeMessageActivity} for user 0 :
I/PackageManager(  345):   Action: "android.intent.action.SENDTO"
I/PackageManager(  345):   Category: "android.intent.category.DEFAULT"
I/PackageManager(  345):   Scheme: "mmsto"
I/PackageManager(  345): Adding preferred activity ComponentInfo{com.android.mms/com.android.mms.ui.ComposeMessageActivity} for user 0 :
D/dalvikvm(  345): GC_CONCURRENT freed 756K, 53% free 5663K/11972K, paused 107ms+5ms, total 175ms
D/dalvikvm(  345): WAIT_FOR_CONCURRENT_GC blocked 33ms
E/BluetoothAdapter(  607): Bluetooth binder is null
I/ActivityManager(  345): Start proc com.android.music for broadcast com.android.music/.MediaButtonIntentReceiver: pid=920 uid=10032 gids={50032, 3003, 1028, 1015}
I/dalvikvm(  920): CheckJNI enabled: not enabling JNI app bug workarounds.
I/ActivityManager(  345): Start proc com.android.email for content provider com.android.email/.provider.EmailProvider: pid=932 uid=10024 gids={50024, 3003, 1028, 1015}
E/logwrapper(  944): executing /system/bin/ip failed: No such file or directory
E/ConnectivityService(  345): Exception trying to add a route: java.lang.IllegalStateException: command '45 interface fwmark exempt add 10.0.2.2/32' failed with '400 45 Failed to add exemption rule (File exists)'
E/logwrapper(  945): executing /system/bin/ip failed: No such file or directory
