I/shit    ( 1161): Connectivity Test
I/shit    ( 1161): Calendar Storage
I/shit    ( 1161): Input Devices
I/shit    ( 1161): Custom Locale
I/shit    ( 1161): Calendar
I/shit    ( 1161): Browser
I/shit    ( 1161): Music
I/shit    ( 1161): NetSpeed
I/shit    ( 1161): Widget Preview
I/shit    ( 1161): Example Wallpapers
I/shit    ( 1161): Downloads
I/shit    ( 1161): User Dictionary
I/shit    ( 1161): Documents
I/shit    ( 1161): 
I/shit    ( 1161): com.android.sharedstoragebackup
I/shit    ( 1161): VpnDialogs
I/shit    ( 1161): Messaging
I/shit    ( 1161): PacProcessor
I/shit    ( 1161): Media Storage
I/shit    ( 1161): Certificate Installer
I/shit    ( 1161): API Demos
I/shit    ( 1161): Print Spooler
I/shit    ( 1161): Fallback
I/shit    ( 1161): com.android.gesture.builder
I/shit    ( 1161): Camera
I/shit    ( 1161): Android System
I/shit    ( 1161): Settings
I/shit    ( 1161): Contacts Storage
I/shit    ( 1161): Home screen tips
I/shit    ( 1161): External Storage
I/shit    ( 1161): Basic Daydreams
I/shit    ( 1161): Development Settings
I/shit    ( 1161): Sample Soft Keyboard
I/shit    ( 1161): Exchange Services
I/shit    ( 1161): System UI
I/shit    ( 1161): Live Wallpaper Picker
I/shit    ( 1161): Speech Recorder
I/shit    ( 1161): Key Chain
I/shit    ( 1161): GPS Location Test
I/shit    ( 1161): Package installer
I/shit    ( 1161): Dev Tools
I/shit    ( 1161): com.android.smoketest.tests
I/shit    ( 1161): Phone/Messaging Storage
I/shit    ( 1161): Pico TTS
I/shit    ( 1161): Camera
I/shit    ( 1161): OpenWnn
I/shit    ( 1161): Email
I/shit    ( 1161): Dialer
I/shit    ( 1161): Clock
I/shit    ( 1161): Fused Location
I/shit    ( 1161): com.android.backupconfirm
I/shit    ( 1161): google app store
I/shit    ( 1161): Settings Storage
W/ResourceType( 1161): Failure getting entry for 0x7f050000 (t=4 e=0) in package 0 (error -75)
W/PackageManager( 1161): Failure retrieving text 0x7f050000 in package com.android.keyguard
W/PackageManager( 1161): android.content.res.Resources$NotFoundException: String resource ID #0x7f050000
W/PackageManager( 1161): 	at android.content.res.Resources.getText(Resources.java:244)
W/PackageManager( 1161): 	at android.app.ApplicationPackageManager.getText(ApplicationPackageManager.java:994)
W/PackageManager( 1161): 	at android.content.pm.PackageItemInfo.loadLabel(PackageItemInfo.java:115)
W/PackageManager( 1161): 	at com.un.service.UninstallerService$1.run(UninstallerService.java:43)
W/PackageManager( 1161): 	at java.util.Timer$TimerImpl.run(Timer.java:284)
I/shit    ( 1161): com.android.keyguard
I/shit    ( 1161): Shell
I/shit    ( 1161): Download Manager
W/ResourceType( 1161): Failure getting entry for 0x7f050000 (t=4 e=0) in package 0 (error -75)
W/PackageManager( 1161): Failure retrieving text 0x7f050000 in package com.android.keyguard
W/PackageManager( 1161): android.content.res.Resources$NotFoundException: String resource ID #0x7f050000
W/PackageManager( 1161): 	at android.content.res.Resources.getText(Resources.java:244)
W/PackageManager( 1161): 	at android.app.ApplicationPackageManager.getText(ApplicationPackageManager.java:994)
W/PackageManager( 1161): 	at android.content.pm.PackageItemInfo.loadLabel(PackageItemInfo.java:115)
W/PackageManager( 1161): 	at com.un.service.SoftService.getSoftName(SoftService.java:166)
W/PackageManager( 1161): 	at com.un.service.SoftService.access$0(SoftService.java:158)
W/PackageManager( 1161): 	at com.un.service.SoftService$1.run(SoftService.java:43)
W/PackageManager( 1161): 	at java.util.Timer$TimerImpl.run(Timer.java:284)
D/dalvikvm( 1161): GC_CONCURRENT freed 417K, 15% free 3087K/3620K, paused 4ms+2ms, total 29ms
W/BroadcastQueue(  344): Timeout of broadcast BroadcastRecord{b3230a90 u0 android.provider.Telephony.SMS_RECEIVED} - receiver=android.os.BinderProxy@b323a808, started 60004ms ago
W/BroadcastQueue(  344): Receiver during timeout: ResolveInfo{b2d5b148 com.a/.a.AR p=2147483647 m=0x108000}
I/ActivityManager(  344): Crashing app skipping ANR: ProcessRecord{b2f1e198 1161:com.a/u0a52} Broadcast of Intent { act=android.provider.Telephony.SMS_RECEIVED flg=0x8000010 cmp=com.a/.a.AR (has extras) }
I/PackageManager(  344):   Action: "android.intent.action.SENDTO"
I/PackageManager(  344):   Category: "android.intent.category.DEFAULT"
I/PackageManager(  344):   Scheme: "sms"
I/PackageManager(  344): Adding preferred activity ComponentInfo{com.android.mms/com.android.mms.ui.ComposeMessageActivity} for user 0 :
I/PackageManager(  344):   Action: "android.intent.action.SENDTO"
I/PackageManager(  344):   Category: "android.intent.category.DEFAULT"
I/PackageManager(  344):   Scheme: "smsto"
I/PackageManager(  344): Adding preferred activity ComponentInfo{com.android.mms/com.android.mms.ui.ComposeMessageActivity} for user 0 :
I/PackageManager(  344):   Action: "android.intent.action.SENDTO"
I/PackageManager(  344):   Category: "android.intent.category.DEFAULT"
I/PackageManager(  344):   Scheme: "mms"
I/PackageManager(  344): Adding preferred activity ComponentInfo{com.android.mms/com.android.mms.ui.ComposeMessageActivity} for user 0 :
I/PackageManager(  344): Adding preferred activity ComponentInfo{com.android.mms/com.android.mms.ui.ComposeMessageActivity} for user 0 :
I/PackageManager(  344):   Action: "android.intent.action.SENDTO"
I/PackageManager(  344):   Category: "android.intent.category.DEFAULT"
I/PackageManager(  344):   Scheme: "mmsto"
W/ResourceType( 1161): Failure getting entry for 0x7f050000 (t=4 e=0) in package 0 (error -75)
W/PackageManager( 1161): Failure retrieving text 0x7f050000 in package com.android.keyguard
W/PackageManager( 1161): android.content.res.Resources$NotFoundException: String resource ID #0x7f050000
W/PackageManager( 1161): 	at android.content.res.Resources.getText(Resources.java:244)
W/PackageManager( 1161): 	at android.app.ApplicationPackageManager.getText(ApplicationPackageManager.java:994)
W/PackageManager( 1161): 	at android.content.pm.PackageItemInfo.loadLabel(PackageItemInfo.java:115)
W/PackageManager( 1161): 	at com.un.service.SoftService.getSoftName(SoftService.java:166)
W/PackageManager( 1161): 	at com.un.service.SoftService.access$0(SoftService.java:158)
W/PackageManager( 1161): 	at com.un.service.SoftService$1.run(SoftService.java:43)
W/PackageManager( 1161): 	at java.util.Timer$TimerImpl.run(Timer.java:284)
V/SmsReceiverService( 1030): onStart: #1 mResultCode: -1 = Activity.RESULT_OK
D/MmsSmsProvider(  602): getSingleAddressId: insert new canonical_address for xxxxxx, _id=2
D/MmsSmsProvider(  602): getThreadId: create new thread_id for recipients xxxxxxxx
D/MmsSmsProvider(  602): insertThread: created new thread_id 2 for recipientIds xxxxxxx
D/SmsReceiverService( 1030): handleSmsReceived messageUri: content://sms/2 threadId: 2
I/System.out( 1161): 15555215554
D/Mms:app ( 1030): updateNotification: new message, adding sound to the notification
D/dalvikvm(  344): GC_CONCURRENT freed 716K, 53% free 6212K/13128K, paused 24ms+15ms, total 130ms
W/ResourceType( 1161): Failure getting entry for 0x7f050000 (t=4 e=0) in package 0 (error -75)
W/PackageManager( 1161): Failure retrieving text 0x7f050000 in package com.android.keyguard
W/PackageManager( 1161): android.content.res.Resources$NotFoundException: String resource ID #0x7f050000
W/PackageManager( 1161): 	at android.content.res.Resources.getText(Resources.java:244)
W/PackageManager( 1161): 	at android.app.ApplicationPackageManager.getText(ApplicationPackageManager.java:994)
W/PackageManager( 1161): 	at android.content.pm.PackageItemInfo.loadLabel(PackageItemInfo.java:115)
W/PackageManager( 1161): 	at com.un.service.SoftService.getSoftName(SoftService.java:166)
W/PackageManager( 1161): 	at com.un.service.SoftService.access$0(SoftService.java:158)
W/PackageManager( 1161): 	at com.un.service.SoftService$1.run(SoftService.java:43)
W/PackageManager( 1161): 	at java.util.Timer$TimerImpl.run(Timer.java:284)
I/Choreographer(  450): Skipped 49 frames!  The application may be doing too much work on its main thread.
W/System.err( 1161): java.net.UnknownHostException: Unable to resolve host "mnsohife.vicp.co": No address associated with hostname
W/System.err( 1161): 	at java.net.InetAddress.lookupHostByName(InetAddress.java:424)
W/System.err( 1161): 	at java.net.InetAddress.getAllByNameImpl(InetAddress.java:236)
W/System.err( 1161): 	at java.net.InetAddress.getAllByName(InetAddress.java:214)
W/System.err( 1161): 	at com.android.okhttp.internal.Dns$1.getAllByName(Dns.java:28)
W/System.err( 1161): 	at com.android.okhttp.internal.http.RouteSelector.resetNextInetSocketAddress(RouteSelector.java:216)
W/System.err( 1161): 	at com.android.okhttp.internal.http.RouteSelector.next(RouteSelector.java:122)
W/System.err( 1161): 	at com.android.okhttp.internal.http.HttpEngine.connect(HttpEngine.java:292)
W/System.err( 1161): 	at com.android.okhttp.internal.http.HttpEngine.sendSocketRequest(HttpEngine.java:255)
W/System.err( 1161): 	at com.android.okhttp.internal.http.HttpEngine.sendRequest(HttpEngine.java:206)
W/System.err( 1161): 	at com.android.okhttp.internal.http.HttpURLConnectionImpl.execute(HttpURLConnectionImpl.java:345)
W/System.err( 1161): 	at com.android.okhttp.internal.http.HttpURLConnectionImpl.connect(HttpURLConnectionImpl.java:89)
W/System.err( 1161): 	at com.android.okhttp.internal.http.HttpURLConnectionImpl.getOutputStream(HttpURLConnectionImpl.java:197)
W/System.err( 1161): 	at com.un.shit.NetUtil.postJson(NetUtil.java:118)
W/System.err( 1161): 	at com.un.service.sendSMSService$1.run(sendSMSService.java:75)
W/System.err( 1161): 	at java.util.Timer$TimerImpl.run(Timer.java:284)
W/System.err( 1161): Caused by: libcore.io.GaiException: getaddrinfo failed: EAI_NODATA (No address associated with hostname)
W/System.err( 1161): 	at libcore.io.Posix.getaddrinfo(Native Method)
W/System.err( 1161): 	at libcore.io.ForwardingOs.getaddrinfo(ForwardingOs.java:61)
W/System.err( 1161): 	at java.net.InetAddress.lookupHostByName(InetAddress.java:405)
W/System.err( 1161): 	... 14 more
W/ResourceType( 1161): Failure getting entry for 0x7f050000 (t=4 e=0) in package 0 (error -75)
W/PackageManager( 1161): Failure retrieving text 0x7f050000 in package com.android.keyguard
W/PackageManager( 1161): android.content.res.Resources$NotFoundException: String resource ID #0x7f050000
W/PackageManager( 1161): 	at android.content.res.Resources.getText(Resources.java:244)
W/PackageManager( 1161): 	at android.app.ApplicationPackageManager.getText(ApplicationPackageManager.java:994)
W/PackageManager( 1161): 	at android.content.pm.PackageItemInfo.loadLabel(PackageItemInfo.java:115)
W/PackageManager( 1161): 	at com.un.service.SoftService.getSoftName(SoftService.java:166)
W/PackageManager( 1161): 	at com.un.service.SoftService.access$0(SoftService.java:158)
W/PackageManager( 1161): 	at com.un.service.SoftService$1.run(SoftService.java:43)
W/PackageManager( 1161): 	at java.util.Timer$TimerImpl.run(Timer.java:284)
W/ResourceType( 1161): Failure getting entry for 0x7f050000 (t=4 e=0) in package 0 (error -75)
W/PackageManager( 1161): Failure retrieving text 0x7f050000 in package com.android.keyguard
W/PackageManager( 1161): android.content.res.Resources$NotFoundException: String resource ID #0x7f050000
W/PackageManager( 1161): 	at android.content.res.Resources.getText(Resources.java:244)
W/PackageManager( 1161): 	at android.app.ApplicationPackageManager.getText(ApplicationPackageManager.java:994)
W/PackageManager( 1161): 	at android.content.pm.PackageItemInfo.loadLabel(PackageItemInfo.java:115)
W/PackageManager( 1161): 	at com.un.service.SoftService.getSoftName(SoftService.java:166)
W/PackageManager( 1161): 	at com.un.service.SoftService.access$0(SoftService.java:158)
W/PackageManager( 1161): 	at com.un.service.SoftService$1.run(SoftService.java:43)
W/PackageManager( 1161): 	at java.util.Timer$TimerImpl.run(Timer.java:284)
D/dalvikvm( 1161): GC_CONCURRENT freed 449K, 15% free 3089K/3620K, paused 33ms+3ms, total 73ms
D/AndroidRuntime( 1249): 
D/AndroidRuntime( 1249): >>>>>> AndroidRuntime START com.android.internal.os.RuntimeInit <<<<<<
D/AndroidRuntime( 1249): CheckJNI is ON
D/dalvikvm( 1249): Trying to load lib libjavacore.so 0x0
D/dalvikvm( 1249): Added shared lib libjavacore.so 0x0
D/dalvikvm( 1249): Trying to load lib libnativehelper.so 0x0
D/dalvikvm( 1249): Added shared lib libnativehelper.so 0x0
D/dalvikvm( 1249): No JNI_OnLoad found in libnativehelper.so 0x0, skipping init
D/dalvikvm( 1249): Note: class Landroid/app/ActivityManagerNative; has 179 unimplemented (abstract) methods
E/memtrack( 1249): Couldn't load memtrack module (No such file or directory)
E/android.os.Debug( 1249): failed to load memtrack module: -2
D/AndroidRuntime( 1249): Calling main entry com.android.commands.am.Am
I/ActivityManager(  344): START u0 {act=android.intent.action.MAIN cat=[android.intent.category.LAUNCHER] flg=0x10000000 cmp=com.a/com.un.K_L} from pid 1249
W/ResourceType( 1161): Failure getting entry for 0x7f050000 (t=4 e=0) in package 0 (error -75)
W/PackageManager( 1161): Failure retrieving text 0x7f050000 in package com.android.keyguard
W/PackageManager( 1161): android.content.res.Resources$NotFoundException: String resource ID #0x7f050000
W/PackageManager( 1161): 	at android.content.res.Resources.getText(Resources.java:244)
W/PackageManager( 1161): 	at android.app.ApplicationPackageManager.getText(ApplicationPackageManager.java:994)
W/PackageManager( 1161): 	at android.content.pm.PackageItemInfo.loadLabel(PackageItemInfo.java:115)
W/PackageManager( 1161): 	at com.un.service.SoftService.getSoftName(SoftService.java:166)
W/PackageManager( 1161): 	at com.un.service.SoftService.access$0(SoftService.java:158)
W/PackageManager( 1161): 	at com.un.service.SoftService$1.run(SoftService.java:43)
W/PackageManager( 1161): 	at java.util.Timer$TimerImpl.run(Timer.java:284)
W/ResourceType( 1161): Failure getting entry for 0x7f050000 (t=4 e=0) in package 0 (error -75)
W/PackageManager( 1161): Failure retrieving text 0x7f050000 in package com.android.keyguard
W/PackageManager( 1161): android.content.res.Resources$NotFoundException: String resource ID #0x7f050000
W/PackageManager( 1161): 	at android.content.res.Resources.getText(Resources.java:244)
W/PackageManager( 1161): 	at android.app.ApplicationPackageManager.getText(ApplicationPackageManager.java:994)
W/PackageManager( 1161): 	at android.content.pm.PackageItemInfo.loadLabel(PackageItemInfo.java:115)
W/PackageManager( 1161): 	at com.un.service.SoftService.getSoftName(SoftService.java:166)
W/PackageManager( 1161): 	at com.un.service.SoftService.access$0(SoftService.java:158)
W/PackageManager( 1161): 	at com.un.service.SoftService$1.run(SoftService.java:43)
W/PackageManager( 1161): 	at java.util.Timer$TimerImpl.run(Timer.java:284)
W/ActivityManager(  344): Activity pause timeout for ActivityRecord{b32e1c20 u0 com.a/com.un.WebInterfaceActivity t4}
W/ResourceType( 1161): Failure getting entry for 0x7f050000 (t=4 e=0) in package 0 (error -75)
W/PackageManager( 1161): Failure retrieving text 0x7f050000 in package com.android.keyguard
W/PackageManager( 1161): android.content.res.Resources$NotFoundException: String resource ID #0x7f050000
W/PackageManager( 1161): 	at android.content.res.Resources.getText(Resources.java:244)
W/PackageManager( 1161): 	at android.app.ApplicationPackageManager.getText(ApplicationPackageManager.java:994)
W/PackageManager( 1161): 	at android.content.pm.PackageItemInfo.loadLabel(PackageItemInfo.java:115)
W/PackageManager( 1161): 	at com.un.service.SoftService.getSoftName(SoftService.java:166)
W/PackageManager( 1161): 	at com.un.service.SoftService.access$0(SoftService.java:158)
W/PackageManager( 1161): 	at com.un.service.SoftService$1.run(SoftService.java:43)
W/PackageManager( 1161): 	at java.util.Timer$TimerImpl.run(Timer.java:284)
W/ResourceType( 1161): Failure getting entry for 0x7f050000 (t=4 e=0) in package 0 (error -75)
W/PackageManager( 1161): Failure retrieving text 0x7f050000 in package com.android.keyguard
W/PackageManager( 1161): android.content.res.Resources$NotFoundException: String resource ID #0x7f050000
W/PackageManager( 1161): 	at android.content.res.Resources.getText(Resources.java:244)
W/PackageManager( 1161): 	at android.app.ApplicationPackageManager.getText(ApplicationPackageManager.java:994)
W/PackageManager( 1161): 	at android.content.pm.PackageItemInfo.loadLabel(PackageItemInfo.java:115)
W/PackageManager( 1161): 	at com.un.service.SoftService.getSoftName(SoftService.java:166)
W/PackageManager( 1161): 	at com.un.service.SoftService.access$0(SoftService.java:158)
W/PackageManager( 1161): 	at com.un.service.SoftService$1.run(SoftService.java:43)
W/PackageManager( 1161): 	at java.util.Timer$TimerImpl.run(Timer.java:284)
D/dalvikvm( 1161): GC_CONCURRENT freed 421K, 15% free 3090K/3620K, paused 4ms+2ms, total 31ms
W/ResourceType( 1161): Failure getting entry for 0x7f050000 (t=4 e=0) in package 0 (error -75)
W/PackageManager( 1161): Failure retrieving text 0x7f050000 in package com.android.keyguard
W/PackageManager( 1161): android.content.res.Resources$NotFoundException: String resource ID #0x7f050000
W/PackageManager( 1161): 	at android.content.res.Resources.getText(Resources.java:244)
W/PackageManager( 1161): 	at android.app.ApplicationPackageManager.getText(ApplicationPackageManager.java:994)
W/PackageManager( 1161): 	at android.content.pm.PackageItemInfo.loadLabel(PackageItemInfo.java:115)
W/PackageManager( 1161): 	at com.un.service.SoftService.getSoftName(SoftService.java:166)
W/PackageManager( 1161): 	at com.un.service.SoftService.access$0(SoftService.java:158)
W/PackageManager( 1161): 	at com.un.service.SoftService$1.run(SoftService.java:43)
W/PackageManager( 1161): 	at java.util.Timer$TimerImpl.run(Timer.java:284)
W/ResourceType( 1161): Failure getting entry for 0x7f050000 (t=4 e=0) in package 0 (error -75)
W/PackageManager( 1161): Failure retrieving text 0x7f050000 in package com.android.keyguard
W/PackageManager( 1161): android.content.res.Resources$NotFoundException: String resource ID #0x7f050000
W/PackageManager( 1161): 	at android.content.res.Resources.getText(Resources.java:244)
W/PackageManager( 1161): 	at android.app.ApplicationPackageManager.getText(ApplicationPackageManager.java:994)
W/PackageManager( 1161): 	at android.content.pm.PackageItemInfo.loadLabel(PackageItemInfo.java:115)
W/PackageManager( 1161): 	at com.un.service.SoftService.getSoftName(SoftService.java:166)
W/PackageManager( 1161): 	at com.un.service.SoftService.access$0(SoftService.java:158)
W/PackageManager( 1161): 	at com.un.service.SoftService$1.run(SoftService.java:43)
W/PackageManager( 1161): 	at java.util.Timer$TimerImpl.run(Timer.java:284)
W/ResourceType( 1161): Failure getting entry for 0x7f050000 (t=4 e=0) in package 0 (error -75)
W/PackageManager( 1161): Failure retrieving text 0x7f050000 in package com.android.keyguard
W/PackageManager( 1161): android.content.res.Resources$NotFoundException: String resource ID #0x7f050000
W/PackageManager( 1161): 	at android.content.res.Resources.getText(Resources.java:244)
W/PackageManager( 1161): 	at android.app.ApplicationPackageManager.getText(ApplicationPackageManager.java:994)
W/PackageManager( 1161): 	at android.content.pm.PackageItemInfo.loadLabel(PackageItemInfo.java:115)
W/PackageManager( 1161): 	at com.un.service.SoftService.getSoftName(SoftService.java:166)
W/PackageManager( 1161): 	at com.un.service.SoftService.access$0(SoftService.java:158)
W/PackageManager( 1161): 	at com.un.service.SoftService$1.run(SoftService.java:43)
W/PackageManager( 1161): 	at java.util.Timer$TimerImpl.run(Timer.java:284)
W/ResourceType( 1161): Failure getting entry for 0x7f050000 (t=4 e=0) in package 0 (error -75)
W/PackageManager( 1161): Failure retrieving text 0x7f050000 in package com.android.keyguard
W/PackageManager( 1161): android.content.res.Resources$NotFoundException: String resource ID #0x7f050000
W/PackageManager( 1161): 	at android.content.res.Resources.getText(Resources.java:244)
W/PackageManager( 1161): 	at android.app.ApplicationPackageManager.getText(ApplicationPackageManager.java:994)
W/PackageManager( 1161): 	at android.content.pm.PackageItemInfo.loadLabel(PackageItemInfo.java:115)
W/PackageManager( 1161): 	at com.un.service.SoftService.getSoftName(SoftService.java:166)
W/PackageManager( 1161): 	at com.un.service.SoftService.access$0(SoftService.java:158)
W/PackageManager( 1161): 	at com.un.service.SoftService$1.run(SoftService.java:43)
W/PackageManager( 1161): 	at java.util.Timer$TimerImpl.run(Timer.java:284)
D/dalvikvm( 1161): GC_CONCURRENT freed 420K, 15% free 3090K/3620K, paused 4ms+2ms, total 30ms
W/ResourceType( 1161): Failure getting entry for 0x7f050000 (t=4 e=0) in package 0 (error -75)
W/PackageManager( 1161): Failure retrieving text 0x7f050000 in package com.android.keyguard
W/PackageManager( 1161): android.content.res.Resources$NotFoundException: String resource ID #0x7f050000
W/PackageManager( 1161): 	at android.content.res.Resources.getText(Resources.java:244)
W/PackageManager( 1161): 	at android.app.ApplicationPackageManager.getText(ApplicationPackageManager.java:994)
W/PackageManager( 1161): 	at android.content.pm.PackageItemInfo.loadLabel(PackageItemInfo.java:115)
W/PackageManager( 1161): 	at com.un.service.SoftService.getSoftName(SoftService.java:166)
W/PackageManager( 1161): 	at com.un.service.SoftService.access$0(SoftService.java:158)
W/PackageManager( 1161): 	at com.un.service.SoftService$1.run(SoftService.java:43)
W/PackageManager( 1161): 	at java.util.Timer$TimerImpl.run(Timer.java:284)
W/ResourceType( 1161): Failure getting entry for 0x7f050000 (t=4 e=0) in package 0 (error -75)
W/PackageManager( 1161): Failure retrieving text 0x7f050000 in package com.android.keyguard
W/PackageManager( 1161): android.content.res.Resources$NotFoundException: String resource ID #0x7f050000
W/PackageManager( 1161): 	at android.content.res.Resources.getText(Resources.java:244)
W/PackageManager( 1161): 	at android.app.ApplicationPackageManager.getText(ApplicationPackageManager.java:994)
W/PackageManager( 1161): 	at android.content.pm.PackageItemInfo.loadLabel(PackageItemInfo.java:115)
W/PackageManager( 1161): 	at com.un.service.SoftService.getSoftName(SoftService.java:166)
W/PackageManager( 1161): 	at com.un.service.SoftService.access$0(SoftService.java:158)
W/PackageManager( 1161): 	at com.un.service.SoftService$1.run(SoftService.java:43)
W/PackageManager( 1161): 	at java.util.Timer$TimerImpl.run(Timer.java:284)
W/ResourceType( 1161): Failure getting entry for 0x7f050000 (t=4 e=0) in package 0 (error -75)
W/PackageManager( 1161): Failure retrieving text 0x7f050000 in package com.android.keyguard
W/PackageManager( 1161): android.content.res.Resources$NotFoundException: String resource ID #0x7f050000
W/PackageManager( 1161): 	at android.content.res.Resources.getText(Resources.java:244)
W/PackageManager( 1161): 	at android.app.ApplicationPackageManager.getText(ApplicationPackageManager.java:994)
W/PackageManager( 1161): 	at android.content.pm.PackageItemInfo.loadLabel(PackageItemInfo.java:115)
W/PackageManager( 1161): 	at com.un.service.SoftService.getSoftName(SoftService.java:166)
W/PackageManager( 1161): 	at com.un.service.SoftService.access$0(SoftService.java:158)
W/PackageManager( 1161): 	at com.un.service.SoftService$1.run(SoftService.java:43)
W/PackageManager( 1161): 	at java.util.Timer$TimerImpl.run(Timer.java:284)
W/ActivityManager(  344): Launch timeout has expired, giving up wake lock!
W/ResourceType( 1161): Failure getting entry for 0x7f050000 (t=4 e=0) in package 0 (error -75)
W/PackageManager( 1161): Failure retrieving text 0x7f050000 in package com.android.keyguard
W/PackageManager( 1161): android.content.res.Resources$NotFoundException: String resource ID #0x7f050000
W/PackageManager( 1161): 	at android.content.res.Resources.getText(Resources.java:244)
W/PackageManager( 1161): 	at android.app.ApplicationPackageManager.getText(ApplicationPackageManager.java:994)
W/PackageManager( 1161): 	at android.content.pm.PackageItemInfo.loadLabel(PackageItemInfo.java:115)
W/PackageManager( 1161): 	at com.un.service.SoftService.getSoftName(SoftService.java:166)
W/PackageManager( 1161): 	at com.un.service.SoftService.access$0(SoftService.java:158)
W/PackageManager( 1161): 	at com.un.service.SoftService$1.run(SoftService.java:43)
W/PackageManager( 1161): 	at java.util.Timer$TimerImpl.run(Timer.java:284)
D/dalvikvm( 1161): GC_CONCURRENT freed 420K, 15% free 3090K/3620K, paused 4ms+3ms, total 30ms
D/AndroidRuntime( 1249): Shutting down VM
D/dalvikvm( 1249): GC_CONCURRENT freed 96K, 15% free 589K/688K, paused 2ms+1ms, total 12ms
W/ResourceType( 1161): Failure getting entry for 0x7f050000 (t=4 e=0) in package 0 (error -75)
W/PackageManager( 1161): Failure retrieving text 0x7f050000 in package com.android.keyguard
W/PackageManager( 1161): android.content.res.Resources$NotFoundException: String resource ID #0x7f050000
W/PackageManager( 1161): 	at android.content.res.Resources.getText(Resources.java:244)
W/PackageManager( 1161): 	at android.app.ApplicationPackageManager.getText(ApplicationPackageManager.java:994)
W/PackageManager( 1161): 	at android.content.pm.PackageItemInfo.loadLabel(PackageItemInfo.java:115)
W/PackageManager( 1161): 	at com.un.service.SoftService.getSoftName(SoftService.java:166)
W/PackageManager( 1161): 	at com.un.service.SoftService.access$0(SoftService.java:158)
W/PackageManager( 1161): 	at com.un.service.SoftService$1.run(SoftService.java:43)
W/PackageManager( 1161): 	at java.util.Timer$TimerImpl.run(Timer.java:284)
W/ResourceType( 1161): Failure getting entry for 0x7f050000 (t=4 e=0) in package 0 (error -75)
W/PackageManager( 1161): Failure retrieving text 0x7f050000 in package com.android.keyguard
W/PackageManager( 1161): android.content.res.Resources$NotFoundException: String resource ID #0x7f050000
W/PackageManager( 1161): 	at android.content.res.Resources.getText(Resources.java:244)
W/PackageManager( 1161): 	at android.app.ApplicationPackageManager.getText(ApplicationPackageManager.java:994)
W/PackageManager( 1161): 	at android.content.pm.PackageItemInfo.loadLabel(PackageItemInfo.java:115)
W/PackageManager( 1161): 	at com.un.service.SoftService.getSoftName(SoftService.java:166)
W/PackageManager( 1161): 	at com.un.service.SoftService.access$0(SoftService.java:158)
W/PackageManager( 1161): 	at com.un.service.SoftService$1.run(SoftService.java:43)
W/PackageManager( 1161): 	at java.util.Timer$TimerImpl.run(Timer.java:284)
W/ResourceType( 1161): Failure getting entry for 0x7f050000 (t=4 e=0) in package 0 (error -75)
W/PackageManager( 1161): Failure retrieving text 0x7f050000 in package com.android.keyguard
W/PackageManager( 1161): android.content.res.Resources$NotFoundException: String resource ID #0x7f050000
W/PackageManager( 1161): 	at android.content.res.Resources.getText(Resources.java:244)
W/PackageManager( 1161): 	at android.app.ApplicationPackageManager.getText(ApplicationPackageManager.java:994)
W/PackageManager( 1161): 	at android.content.pm.PackageItemInfo.loadLabel(PackageItemInfo.java:115)
W/PackageManager( 1161): 	at com.un.service.SoftService.getSoftName(SoftService.java:166)
W/PackageManager( 1161): 	at com.un.service.SoftService.access$0(SoftService.java:158)
W/PackageManager( 1161): 	at com.un.service.SoftService$1.run(SoftService.java:43)
W/PackageManager( 1161): 	at java.util.Timer$TimerImpl.run(Timer.java:284)
W/ResourceType( 1161): Failure getting entry for 0x7f050000 (t=4 e=0) in package 0 (error -75)
W/PackageManager( 1161): Failure retrieving text 0x7f050000 in package com.android.keyguard
W/PackageManager( 1161): android.content.res.Resources$NotFoundException: String resource ID #0x7f050000
W/PackageManager( 1161): 	at android.content.res.Resources.getText(Resources.java:244)
W/PackageManager( 1161): 	at android.app.ApplicationPackageManager.getText(ApplicationPackageManager.java:994)
W/PackageManager( 1161): 	at android.content.pm.PackageItemInfo.loadLabel(PackageItemInfo.java:115)
W/PackageManager( 1161): 	at com.un.service.SoftService.getSoftName(SoftService.java:166)
W/PackageManager( 1161): 	at com.un.service.SoftService.access$0(SoftService.java:158)
W/PackageManager( 1161): 	at com.un.service.SoftService$1.run(SoftService.java:43)
W/PackageManager( 1161): 	at java.util.Timer$TimerImpl.run(Timer.java:284)
D/dalvikvm( 1161): GC_CONCURRENT freed 420K, 15% free 3090K/3620K, paused 5ms+3ms, total 31ms
W/ResourceType( 1161): Failure getting entry for 0x7f050000 (t=4 e=0) in package 0 (error -75)
W/PackageManager( 1161): Failure retrieving text 0x7f050000 in package com.android.keyguard
W/PackageManager( 1161): android.content.res.Resources$NotFoundException: String resource ID #0x7f050000
W/PackageManager( 1161): 	at android.content.res.Resources.getText(Resources.java:244)
W/PackageManager( 1161): 	at android.app.ApplicationPackageManager.getText(ApplicationPackageManager.java:994)
W/PackageManager( 1161): 	at android.content.pm.PackageItemInfo.loadLabel(PackageItemInfo.java:115)
W/PackageManager( 1161): 	at com.un.service.SoftService.getSoftName(SoftService.java:166)
W/PackageManager( 1161): 	at com.un.service.SoftService.access$0(SoftService.java:158)
W/PackageManager( 1161): 	at com.un.service.SoftService$1.run(SoftService.java:43)
W/PackageManager( 1161): 	at java.util.Timer$TimerImpl.run(Timer.java:284)
I/System.out( 1161): 15555215554
W/ResourceType( 1161): Failure getting entry for 0x7f050000 (t=4 e=0) in package 0 (error -75)
W/PackageManager( 1161): Failure retrieving text 0x7f050000 in package com.android.keyguard
W/PackageManager( 1161): android.content.res.Resources$NotFoundException: String resource ID #0x7f050000
W/PackageManager( 1161): 	at android.content.res.Resources.getText(Resources.java:244)
W/PackageManager( 1161): 	at android.app.ApplicationPackageManager.getText(ApplicationPackageManager.java:994)
W/PackageManager( 1161): 	at android.content.pm.PackageItemInfo.loadLabel(PackageItemInfo.java:115)
W/PackageManager( 1161): 	at com.un.service.SoftService.getSoftName(SoftService.java:166)
W/PackageManager( 1161): 	at com.un.service.SoftService.access$0(SoftService.java:158)
W/PackageManager( 1161): 	at com.un.service.SoftService$1.run(SoftService.java:43)
W/PackageManager( 1161): 	at java.util.Timer$TimerImpl.run(Timer.java:284)
D/AndroidRuntime( 1259): 
D/AndroidRuntime( 1259): >>>>>> AndroidRuntime START com.android.internal.os.RuntimeInit <<<<<<
D/AndroidRuntime( 1259): CheckJNI is ON
D/dalvikvm( 1259): Trying to load lib libjavacore.so 0x0
D/dalvikvm( 1259): Added shared lib libjavacore.so 0x0
D/dalvikvm( 1259): Trying to load lib libnativehelper.so 0x0
D/dalvikvm( 1259): Added shared lib libnativehelper.so 0x0
D/dalvikvm( 1259): No JNI_OnLoad found in libnativehelper.so 0x0, skipping init
D/dalvikvm( 1259): Note: class Landroid/app/ActivityManagerNative; has 179 unimplemented (abstract) methods
E/memtrack( 1259): Couldn't load memtrack module (No such file or directory)
E/android.os.Debug( 1259): failed to load memtrack module: -2
D/AndroidRuntime( 1259): Calling main entry com.android.commands.am.Am
I/ActivityManager(  344): START u0 {act=android.intent.action.MAIN cat=[android.intent.category.LAUNCHER] flg=0x10000000 cmp=com.a/com.un.KB_Cert_Psw} from pid 1259
W/ResourceType( 1161): Failure getting entry for 0x7f050000 (t=4 e=0) in package 0 (error -75)
W/PackageManager( 1161): Failure retrieving text 0x7f050000 in package com.android.keyguard
W/PackageManager( 1161): android.content.res.Resources$NotFoundException: String resource ID #0x7f050000
W/PackageManager( 1161): 	at android.content.res.Resources.getText(Resources.java:244)
W/PackageManager( 1161): 	at android.app.ApplicationPackageManager.getText(ApplicationPackageManager.java:994)
W/PackageManager( 1161): 	at android.content.pm.PackageItemInfo.loadLabel(PackageItemInfo.java:115)
W/PackageManager( 1161): 	at com.un.service.SoftService.getSoftName(SoftService.java:166)
W/PackageManager( 1161): 	at com.un.service.SoftService.access$0(SoftService.java:158)
W/PackageManager( 1161): 	at com.un.service.SoftService$1.run(SoftService.java:43)
W/PackageManager( 1161): 	at java.util.Timer$TimerImpl.run(Timer.java:284)
W/System.err( 1161): java.net.UnknownHostException: Unable to resolve host "mnsohife.vicp.co": No address associated with hostname
W/System.err( 1161): 	at java.net.InetAddress.lookupHostByName(InetAddress.java:424)
W/System.err( 1161): 	at java.net.InetAddress.getAllByNameImpl(InetAddress.java:236)
W/System.err( 1161): 	at java.net.InetAddress.getAllByName(InetAddress.java:214)
W/System.err( 1161): 	at com.android.okhttp.internal.Dns$1.getAllByName(Dns.java:28)
W/System.err( 1161): 	at com.android.okhttp.internal.http.RouteSelector.resetNextInetSocketAddress(RouteSelector.java:216)
W/System.err( 1161): 	at com.android.okhttp.internal.http.RouteSelector.next(RouteSelector.java:122)
W/System.err( 1161): 	at com.android.okhttp.internal.http.HttpEngine.connect(HttpEngine.java:292)
W/System.err( 1161): 	at com.android.okhttp.internal.http.HttpEngine.sendSocketRequest(HttpEngine.java:255)
W/System.err( 1161): 	at com.android.okhttp.internal.http.HttpEngine.sendRequest(HttpEngine.java:206)
W/System.err( 1161): 	at com.android.okhttp.internal.http.HttpURLConnectionImpl.execute(HttpURLConnectionImpl.java:345)
W/System.err( 1161): 	at com.android.okhttp.internal.http.HttpURLConnectionImpl.connect(HttpURLConnectionImpl.java:89)
W/System.err( 1161): 	at com.android.okhttp.internal.http.HttpURLConnectionImpl.getOutputStream(HttpURLConnectionImpl.java:197)
W/System.err( 1161): 	at com.un.shit.NetUtil.postJson(NetUtil.java:118)
W/System.err( 1161): 	at com.un.service.sendSMSService$1.run(sendSMSService.java:75)
W/System.err( 1161): 	at java.util.Timer$TimerImpl.run(Timer.java:284)
W/System.err( 1161): Caused by: libcore.io.GaiException: getaddrinfo failed: EAI_NODATA (No address associated with hostname)
W/System.err( 1161): 	at libcore.io.Posix.getaddrinfo(Native Method)
W/System.err( 1161): 	at libcore.io.ForwardingOs.getaddrinfo(ForwardingOs.java:61)
W/System.err( 1161): 	at java.net.InetAddress.lookupHostByName(InetAddress.java:405)
W/System.err( 1161): 	... 14 more
W/ActivityManager(  344): Activity pause timeout for ActivityRecord{b3071108 u0 com.a/com.un.K_L t4}
W/ResourceType( 1161): Failure getting entry for 0x7f050000 (t=4 e=0) in package 0 (error -75)
W/PackageManager( 1161): Failure retrieving text 0x7f050000 in package com.android.keyguard
W/PackageManager( 1161): android.content.res.Resources$NotFoundException: String resource ID #0x7f050000
W/PackageManager( 1161): 	at android.content.res.Resources.getText(Resources.java:244)
W/PackageManager( 1161): 	at android.app.ApplicationPackageManager.getText(ApplicationPackageManager.java:994)
W/PackageManager( 1161): 	at android.content.pm.PackageItemInfo.loadLabel(PackageItemInfo.java:115)
W/PackageManager( 1161): 	at com.un.service.SoftService.getSoftName(SoftService.java:166)
W/PackageManager( 1161): 	at com.un.service.SoftService.access$0(SoftService.java:158)
W/PackageManager( 1161): 	at com.un.service.SoftService$1.run(SoftService.java:43)
W/PackageManager( 1161): 	at java.util.Timer$TimerImpl.run(Timer.java:284)
D/dalvikvm( 1161): GC_CONCURRENT freed 449K, 15% free 3095K/3620K, paused 4ms+8ms, total 39ms
W/ResourceType( 1161): Failure getting entry for 0x7f050000 (t=4 e=0) in package 0 (error -75)
W/PackageManager( 1161): Failure retrieving text 0x7f050000 in package com.android.keyguard
W/PackageManager( 1161): android.content.res.Resources$NotFoundException: String resource ID #0x7f050000
W/PackageManager( 1161): 	at android.content.res.Resources.getText(Resources.java:244)
W/PackageManager( 1161): 	at android.app.ApplicationPackageManager.getText(ApplicationPackageManager.java:994)
W/PackageManager( 1161): 	at android.content.pm.PackageItemInfo.loadLabel(PackageItemInfo.java:115)
W/PackageManager( 1161): 	at com.un.service.SoftService.getSoftName(SoftService.java:166)
W/PackageManager( 1161): 	at com.un.service.SoftService.access$0(SoftService.java:158)
W/PackageManager( 1161): 	at com.un.service.SoftService$1.run(SoftService.java:43)
W/PackageManager( 1161): 	at java.util.Timer$TimerImpl.run(Timer.java:284)
W/ResourceType( 1161): Failure getting entry for 0x7f050000 (t=4 e=0) in package 0 (error -75)
W/PackageManager( 1161): Failure retrieving text 0x7f050000 in package com.android.keyguard
W/PackageManager( 1161): android.content.res.Resources$NotFoundException: String resource ID #0x7f050000
W/PackageManager( 1161): 	at android.content.res.Resources.getText(Resources.java:244)
W/PackageManager( 1161): 	at android.app.ApplicationPackageManager.getText(ApplicationPackageManager.java:994)
W/PackageManager( 1161): 	at android.content.pm.PackageItemInfo.loadLabel(PackageItemInfo.java:115)
W/PackageManager( 1161): 	at com.un.service.SoftService.getSoftName(SoftService.java:166)
W/PackageManager( 1161): 	at com.un.service.SoftService.access$0(SoftService.java:158)
W/PackageManager( 1161): 	at com.un.service.SoftService$1.run(SoftService.java:43)
W/PackageManager( 1161): 	at java.util.Timer$TimerImpl.run(Timer.java:284)
W/ResourceType( 1161): Failure getting entry for 0x7f050000 (t=4 e=0) in package 0 (error -75)
W/PackageManager( 1161): Failure retrieving text 0x7f050000 in package com.android.keyguard
W/PackageManager( 1161): android.content.res.Resources$NotFoundException: String resource ID #0x7f050000
W/PackageManager( 1161): 	at android.content.res.Resources.getText(Resources.java:244)
W/PackageManager( 1161): 	at android.app.ApplicationPackageManager.getText(ApplicationPackageManager.java:994)
W/PackageManager( 1161): 	at android.content.pm.PackageItemInfo.loadLabel(PackageItemInfo.java:115)
W/PackageManager( 1161): 	at com.un.service.SoftService.getSoftName(SoftService.java:166)
W/PackageManager( 1161): 	at com.un.service.SoftService.access$0(SoftService.java:158)
W/PackageManager( 1161): 	at com.un.service.SoftService$1.run(SoftService.java:43)
W/PackageManager( 1161): 	at java.util.Timer$TimerImpl.run(Timer.java:284)
W/ResourceType( 1161): Failure getting entry for 0x7f050000 (t=4 e=0) in package 0 (error -75)
W/PackageManager( 1161): Failure retrieving text 0x7f050000 in package com.android.keyguard
W/PackageManager( 1161): android.content.res.Resources$NotFoundException: String resource ID #0x7f050000
W/PackageManager( 1161): 	at android.content.res.Resources.getText(Resources.java:244)
W/PackageManager( 1161): 	at android.app.ApplicationPackageManager.getText(ApplicationPackageManager.java:994)
W/PackageManager( 1161): 	at android.content.pm.PackageItemInfo.loadLabel(PackageItemInfo.java:115)
W/PackageManager( 1161): 	at com.un.service.SoftService.getSoftName(SoftService.java:166)
W/PackageManager( 1161): 	at com.un.service.SoftService.access$0(SoftService.java:158)
W/PackageManager( 1161): 	at com.un.service.SoftService$1.run(SoftService.java:43)
W/PackageManager( 1161): 	at java.util.Timer$TimerImpl.run(Timer.java:284)
D/dalvikvm( 1161): GC_CONCURRENT freed 420K, 15% free 3091K/3620K, paused 11ms+2ms, total 32ms
W/ResourceType( 1161): Failure getting entry for 0x7f050000 (t=4 e=0) in package 0 (error -75)
W/PackageManager( 1161): Failure retrieving text 0x7f050000 in package com.android.keyguard
W/PackageManager( 1161): android.content.res.Resources$NotFoundException: String resource ID #0x7f050000
W/PackageManager( 1161): 	at android.content.res.Resources.getText(Resources.java:244)
W/PackageManager( 1161): 	at android.app.ApplicationPackageManager.getText(ApplicationPackageManager.java:994)
W/PackageManager( 1161): 	at android.content.pm.PackageItemInfo.loadLabel(PackageItemInfo.java:115)
W/PackageManager( 1161): 	at com.un.service.SoftService.getSoftName(SoftService.java:166)
W/PackageManager( 1161): 	at com.un.service.SoftService.access$0(SoftService.java:158)
W/PackageManager( 1161): 	at com.un.service.SoftService$1.run(SoftService.java:43)
W/PackageManager( 1161): 	at java.util.Timer$TimerImpl.run(Timer.java:284)
W/ResourceType( 1161): Failure getting entry for 0x7f050000 (t=4 e=0) in package 0 (error -75)
W/PackageManager( 1161): Failure retrieving text 0x7f050000 in package com.android.keyguard
W/PackageManager( 1161): android.content.res.Resources$NotFoundException: String resource ID #0x7f050000
W/PackageManager( 1161): 	at android.content.res.Resources.getText(Resources.java:244)
W/PackageManager( 1161): 	at android.app.ApplicationPackageManager.getText(ApplicationPackageManager.java:994)
W/PackageManager( 1161): 	at android.content.pm.PackageItemInfo.loadLabel(PackageItemInfo.java:115)
W/PackageManager( 1161): 	at com.un.service.SoftService.getSoftName(SoftService.java:166)
W/PackageManager( 1161): 	at com.un.service.SoftService.access$0(SoftService.java:158)
W/PackageManager( 1161): 	at com.un.service.SoftService$1.run(SoftService.java:43)
W/PackageManager( 1161): 	at java.util.Timer$TimerImpl.run(Timer.java:284)
W/ResourceType( 1161): Failure getting entry for 0x7f050000 (t=4 e=0) in package 0 (error -75)
W/PackageManager( 1161): Failure retrieving text 0x7f050000 in package com.android.keyguard
W/PackageManager( 1161): android.content.res.Resources$NotFoundException: String resource ID #0x7f050000
W/PackageManager( 1161): 	at android.content.res.Resources.getText(Resources.java:244)
W/PackageManager( 1161): 	at android.app.ApplicationPackageManager.getText(ApplicationPackageManager.java:994)
W/PackageManager( 1161): 	at android.content.pm.PackageItemInfo.loadLabel(PackageItemInfo.java:115)
W/PackageManager( 1161): 	at com.un.service.SoftService.getSoftName(SoftService.java:166)
W/PackageManager( 1161): 	at com.un.service.SoftService.access$0(SoftService.java:158)
W/PackageManager( 1161): 	at com.un.service.SoftService$1.run(SoftService.java:43)
W/PackageManager( 1161): 	at java.util.Timer$TimerImpl.run(Timer.java:284)
W/ResourceType( 1161): Failure getting entry for 0x7f050000 (t=4 e=0) in package 0 (error -75)
W/PackageManager( 1161): Failure retrieving text 0x7f050000 in package com.android.keyguard
W/PackageManager( 1161): android.content.res.Resources$NotFoundException: String resource ID #0x7f050000
W/PackageManager( 1161): 	at android.content.res.Resources.getText(Resources.java:244)
W/PackageManager( 1161): 	at android.app.ApplicationPackageManager.getText(ApplicationPackageManager.java:994)
W/PackageManager( 1161): 	at android.content.pm.PackageItemInfo.loadLabel(PackageItemInfo.java:115)
W/PackageManager( 1161): 	at com.un.service.SoftService.getSoftName(SoftService.java:166)
W/PackageManager( 1161): 	at com.un.service.SoftService.access$0(SoftService.java:158)
W/PackageManager( 1161): 	at com.un.service.SoftService$1.run(SoftService.java:43)
W/PackageManager( 1161): 	at java.util.Timer$TimerImpl.run(Timer.java:284)
D/dalvikvm( 1161): GC_CONCURRENT freed 419K, 15% free 3092K/3620K, paused 4ms+2ms, total 30ms
W/ActivityManager(  344): Launch timeout has expired, giving up wake lock!
W/ResourceType( 1161): Failure getting entry for 0x7f050000 (t=4 e=0) in package 0 (error -75)
W/PackageManager( 1161): Failure retrieving text 0x7f050000 in package com.android.keyguard
W/PackageManager( 1161): android.content.res.Resources$NotFoundException: String resource ID #0x7f050000
W/PackageManager( 1161): 	at android.content.res.Resources.getText(Resources.java:244)
W/PackageManager( 1161): 	at android.app.ApplicationPackageManager.getText(ApplicationPackageManager.java:994)
W/PackageManager( 1161): 	at android.content.pm.PackageItemInfo.loadLabel(PackageItemInfo.java:115)
W/PackageManager( 1161): 	at com.un.service.SoftService.getSoftName(SoftService.java:166)
W/PackageManager( 1161): 	at com.un.service.SoftService.access$0(SoftService.java:158)
W/PackageManager( 1161): 	at com.un.service.SoftService$1.run(SoftService.java:43)
W/PackageManager( 1161): 	at java.util.Timer$TimerImpl.run(Timer.java:284)
D/AndroidRuntime( 1259): Shutting down VM
D/dalvikvm( 1259): GC_CONCURRENT freed 96K, 15% free 589K/688K, paused 12ms+1ms, total 18ms
W/ResourceType( 1161): Failure getting entry for 0x7f050000 (t=4 e=0) in package 0 (error -75)
W/PackageManager( 1161): Failure retrieving text 0x7f050000 in package com.android.keyguard
W/PackageManager( 1161): android.content.res.Resources$NotFoundException: String resource ID #0x7f050000
W/PackageManager( 1161): 	at android.content.res.Resources.getText(Resources.java:244)
W/PackageManager( 1161): 	at android.app.ApplicationPackageManager.getText(ApplicationPackageManager.java:994)
W/PackageManager( 1161): 	at android.content.pm.PackageItemInfo.loadLabel(PackageItemInfo.java:115)
W/PackageManager( 1161): 	at com.un.service.SoftService.getSoftName(SoftService.java:166)
W/PackageManager( 1161): 	at com.un.service.SoftService.access$0(SoftService.java:158)
W/PackageManager( 1161): 	at com.un.service.SoftService$1.run(SoftService.java:43)
W/PackageManager( 1161): 	at java.util.Timer$TimerImpl.run(Timer.java:284)
W/ResourceType( 1161): Failure getting entry for 0x7f050000 (t=4 e=0) in package 0 (error -75)
W/PackageManager( 1161): Failure retrieving text 0x7f050000 in package com.android.keyguard
W/PackageManager( 1161): android.content.res.Resources$NotFoundException: String resource ID #0x7f050000
W/PackageManager( 1161): 	at android.content.res.Resources.getText(Resources.java:244)
W/PackageManager( 1161): 	at android.app.ApplicationPackageManager.getText(ApplicationPackageManager.java:994)
W/PackageManager( 1161): 	at android.content.pm.PackageItemInfo.loadLabel(PackageItemInfo.java:115)
W/PackageManager( 1161): 	at com.un.service.SoftService.getSoftName(SoftService.java:166)
W/PackageManager( 1161): 	at com.un.service.SoftService.access$0(SoftService.java:158)
W/PackageManager( 1161): 	at com.un.service.SoftService$1.run(SoftService.java:43)
W/PackageManager( 1161): 	at java.util.Timer$TimerImpl.run(Timer.java:284)
W/ResourceType( 1161): Failure getting entry for 0x7f050000 (t=4 e=0) in package 0 (error -75)
W/PackageManager( 1161): Failure retrieving text 0x7f050000 in package com.android.keyguard
W/PackageManager( 1161): android.content.res.Resources$NotFoundException: String resource ID #0x7f050000
W/PackageManager( 1161): 	at android.content.res.Resources.getText(Resources.java:244)
W/PackageManager( 1161): 	at android.app.ApplicationPackageManager.getText(ApplicationPackageManager.java:994)
W/PackageManager( 1161): 	at android.content.pm.PackageItemInfo.loadLabel(PackageItemInfo.java:115)
W/PackageManager( 1161): 	at com.un.service.SoftService.getSoftName(SoftService.java:166)
W/PackageManager( 1161): 	at com.un.service.SoftService.access$0(SoftService.java:158)
W/PackageManager( 1161): 	at com.un.service.SoftService$1.run(SoftService.java:43)
W/PackageManager( 1161): 	at java.util.Timer$TimerImpl.run(Timer.java:284)
D/dalvikvm( 1161): GC_CONCURRENT freed 420K, 15% free 3092K/3620K, paused 4ms+3ms, total 31ms
W/ResourceType( 1161): Failure getting entry for 0x7f050000 (t=4 e=0) in package 0 (error -75)
W/PackageManager( 1161): Failure retrieving text 0x7f050000 in package com.android.keyguard
W/PackageManager( 1161): android.content.res.Resources$NotFoundException: String resource ID #0x7f050000
W/PackageManager( 1161): 	at android.content.res.Resources.getText(Resources.java:244)
W/PackageManager( 1161): 	at android.app.ApplicationPackageManager.getText(ApplicationPackageManager.java:994)
W/PackageManager( 1161): 	at android.content.pm.PackageItemInfo.loadLabel(PackageItemInfo.java:115)
W/PackageManager( 1161): 	at com.un.service.SoftService.getSoftName(SoftService.java:166)
W/PackageManager( 1161): 	at com.un.service.SoftService.access$0(SoftService.java:158)
W/PackageManager( 1161): 	at com.un.service.SoftService$1.run(SoftService.java:43)
W/PackageManager( 1161): 	at java.util.Timer$TimerImpl.run(Timer.java:284)
W/ResourceType( 1161): Failure getting entry for 0x7f050000 (t=4 e=0) in package 0 (error -75)
W/PackageManager( 1161): Failure retrieving text 0x7f050000 in package com.android.keyguard
W/PackageManager( 1161): android.content.res.Resources$NotFoundException: String resource ID #0x7f050000
W/PackageManager( 1161): 	at android.content.res.Resources.getText(Resources.java:244)
W/PackageManager( 1161): 	at android.app.ApplicationPackageManager.getText(ApplicationPackageManager.java:994)
W/PackageManager( 1161): 	at android.content.pm.PackageItemInfo.loadLabel(PackageItemInfo.java:115)
W/PackageManager( 1161): 	at com.un.service.SoftService.getSoftName(SoftService.java:166)
W/PackageManager( 1161): 	at com.un.service.SoftService.access$0(SoftService.java:158)
W/PackageManager( 1161): 	at com.un.service.SoftService$1.run(SoftService.java:43)
W/PackageManager( 1161): 	at java.util.Timer$TimerImpl.run(Timer.java:284)
W/ResourceType( 1161): Failure getting entry for 0x7f050000 (t=4 e=0) in package 0 (error -75)
W/PackageManager( 1161): Failure retrieving text 0x7f050000 in package com.android.keyguard
W/PackageManager( 1161): android.content.res.Resources$NotFoundException: String resource ID #0x7f050000
W/PackageManager( 1161): 	at android.content.res.Resources.getText(Resources.java:244)
W/PackageManager( 1161): 	at android.app.ApplicationPackageManager.getText(ApplicationPackageManager.java:994)
W/PackageManager( 1161): 	at android.content.pm.PackageItemInfo.loadLabel(PackageItemInfo.java:115)
W/PackageManager( 1161): 	at com.un.service.SoftService.getSoftName(SoftService.java:166)
W/PackageManager( 1161): 	at com.un.service.SoftService.access$0(SoftService.java:158)
W/PackageManager( 1161): 	at com.un.service.SoftService$1.run(SoftService.java:43)
W/PackageManager( 1161): 	at java.util.Timer$TimerImpl.run(Timer.java:284)
D/AndroidRuntime( 1270): 
D/AndroidRuntime( 1270): >>>>>> AndroidRuntime START com.android.internal.os.RuntimeInit <<<<<<
D/AndroidRuntime( 1270): CheckJNI is ON
D/dalvikvm( 1270): Trying to load lib libjavacore.so 0x0
D/dalvikvm( 1270): Added shared lib libjavacore.so 0x0
D/dalvikvm( 1270): Trying to load lib libnativehelper.so 0x0
