V/AlarmClock(  891): AlarmInitReceiver android.intent.action.TIMEZONE_CHANGED
I/CalendarDatabaseHelper(  884): Bootstrapping database
I/AlarmClock(  891): Alarms Table created
I/AlarmClock(  891): Instance table created
I/AlarmClock(  891): Cities table created
I/AlarmClock(  891): Inserting default alarms
I/AlarmClock(  891): Displaying next alarm time: ''
W/BackupManagerService(  348): dataChanged but no participant pkg='com.android.providers.settings' uid=10020
V/AlarmClock(  891): AlarmInitReceiver finished
E/BluetoothAdapter(  610): Bluetooth binder is null
I/CalendarProvider2(  884): Created com.android.providers.calendar.CalendarAlarmManager@b2d1db30(com.android.providers.calendar.CalendarProvider2@b2d0a148)
E/BluetoothAdapter(  610): Bluetooth binder is null
I/ActivityManager(  348): Start proc com.android.dialer for broadcast com.android.dialer/.calllog.CallLogReceiver: pid=911 uid=10004 gids={50004, 3003, 1028, 1015}
D/ExtensionsFactory(  911): No custom extensions.
I/ActivityManager(  348): Delay finish: com.android.dialer/.calllog.CallLogReceiver
I/ActivityManager(  348): Resuming delayed broadcast
E/BluetoothAdapter(  348): Bluetooth binder is null
E/BluetoothAdapter(  348): Bluetooth binder is null
V/WiredAccessoryManager(  348): init()
I/PowerManagerService(  348): Boot animation finished.
E/SoundPool(  348): error loading /system/media/audio/ui/Effect_Tick.ogg
W/AudioService(  348): Soundpool could not load file: /system/media/audio/ui/Effect_Tick.ogg
E/SoundPool(  348): error loading /system/media/audio/ui/Effect_Tick.ogg
W/AudioService(  348): Soundpool could not load file: /system/media/audio/ui/Effect_Tick.ogg
E/SoundPool(  348): error loading /system/media/audio/ui/Effect_Tick.ogg
W/AudioService(  348): Soundpool could not load file: /system/media/audio/ui/Effect_Tick.ogg
E/SoundPool(  348): error loading /system/media/audio/ui/Effect_Tick.ogg
W/AudioService(  348): Soundpool could not load file: /system/media/audio/ui/Effect_Tick.ogg
E/SoundPool(  348): error loading /system/media/audio/ui/Effect_Tick.ogg
W/AudioService(  348): Soundpool could not load file: /system/media/audio/ui/Effect_Tick.ogg
E/SoundPool(  348): error loading /system/media/audio/ui/KeypressStandard.ogg
W/AudioService(  348): Soundpool could not load file: /system/media/audio/ui/KeypressStandard.ogg
E/SoundPool(  348): error loading /system/media/audio/ui/KeypressSpacebar.ogg
W/AudioService(  348): Soundpool could not load file: /system/media/audio/ui/KeypressSpacebar.ogg
E/SoundPool(  348): error loading /system/media/audio/ui/KeypressDelete.ogg
W/AudioService(  348): Soundpool could not load file: /system/media/audio/ui/KeypressDelete.ogg
E/SoundPool(  348): error loading /system/media/audio/ui/KeypressReturn.ogg
W/AudioService(  348): Soundpool could not load file: /system/media/audio/ui/KeypressReturn.ogg
E/SoundPool(  348): error loading /system/media/audio/ui/KeypressInvalid.ogg
W/AudioService(  348): Soundpool could not load file: /system/media/audio/ui/KeypressInvalid.ogg
W/AudioService(  348): onLoadSoundEffects(), Error -1 while loading samples
D/dalvikvm(  348): GC_CONCURRENT freed 620K, 52% free 5798K/11952K, paused 8ms+4ms, total 86ms
I/RecoverySystem(  348): No recovery log file
I/BootReceiver(  348): Copying audit failures to DropBox
I/BootReceiver(  348): Checking for fsck errors
I/ActivityManager(  348): Delay finish: com.android.providers.downloads/.DownloadReceiver
I/CalendarProvider2(  884): Sending notification intent: Intent { act=android.intent.action.PROVIDER_CHANGED dat=content://com.android.calendar }
W/ContentResolver(  884): Failed to get type for: content://com.android.calendar (Unknown URL content://com.android.calendar)
I/ActivityManager(  348): Resuming delayed broadcast
I/ActivityManager(  348): Start proc com.android.mms for broadcast com.android.mms/.transaction.MmsSystemEventReceiver: pid=937 uid=10009 gids={50009, 3003, 1028, 1015}
D/CountryDetector(  348): The first listener is added
V/MmsConfig(  937): mnc/mcc: 310260
V/MmsConfig(  937): tag: bool value: enabledMMS - true
V/MmsConfig(  937): tag: int value: maxMessageSize - 307200
V/MmsConfig(  937): tag: int value: maxImageHeight - 480
V/MmsConfig(  937): tag: int value: maxImageWidth - 640
V/MmsConfig(  937): tag: int value: defaultSMSMessagesPerThread - 10000
V/MmsConfig(  937): tag: int value: defaultMMSMessagesPerThread - 1000
V/MmsConfig(  937): tag: int value: minMessageCountPerThread - 10
V/MmsConfig(  937): tag: int value: maxMessageCountPerThread - 5000
V/MmsConfig(  937): tag: string value: uaProfUrl - http://www.google.com/oha/rdf/ua-profile-kila.xml
V/MmsConfig(  937): tag: int value: recipientLimit - -1
V/MmsConfig(  937): tag: bool value: enableMultipartSMS - true
V/MmsConfig(  937): tag: int value: smsToMmsTextThreshold - -1
V/MmsConfig(  937): tag: bool value: enableSlideDuration - true
V/MmsConfig(  937): tag: int value: maxMessageTextSize - -1
I/MediaProvider(  620): Upgrading media database from version 0 to 700, which will destroy all old data
I/ActivityManager(  348): Delay finish: com.android.mms/.transaction.MmsSystemEventReceiver
D/ConnectivityService(  348): [CheckMp] isMobileOk: too many loops tried - giving up
D/ConnectivityService(  348): [CheckMp] isMobileOk: X loops|timed out result=0
D/ConnectivityService(  348): [CheckMp] isMobileOk: F stop hipri
D/MobileDataStateTracker(  348): default: setEnableFailFastMobileData(enabled=0)
D/ConnectivityService(  348): stopUsingNetworkFeature: teardown net 0: enableHIPRI
D/MobileDataStateTracker(  348): hipri: Broadcast received: android.intent.action.ANY_DATA_STATE apnType=hipri
D/MobileDataStateTracker(  348): hipri: Received state=DISCONNECTED, old=CONNECTED, reason=dataDisabled
D/MobileDataStateTracker(  348): hipri: setDetailed state, old =CONNECTED and new state=DISCONNECTED
D/ConnectivityService(  348): ConnectivityChange for mobile_hipri: DISCONNECTED/DISCONNECTED
E/logwrapper(  962): executing /system/bin/ip failed: No such file or directory
E/SecondaryTablController(   54): ip route del failed: /system/bin/ip route del 10.0.2.2/32 via 0.0.0.0 dev eth0 table 60
W/FrameworkListener(   54): Handler 'interface' error (No such device)
E/logwrapper(  963): executing /system/bin/ip failed: No such file or directory
E/SecondaryTablController(   54): ip route del failed: /system/bin/ip route del 0.0.0.0/0 via 10.0.2.2 dev eth0 table 60
W/FrameworkListener(   54): Handler 'interface' error (No such device)
D/dalvikvm(  598): GC_CONCURRENT freed 484K, 15% free 3313K/3864K, paused 4ms+3ms, total 94ms
D/Nat464Xlat(  348): requiresClat: netType=5, hasIPv4Address=true
D/Mms:app (  937): cancelNotification
D/dalvikvm(  348): GC_CONCURRENT freed 767K, 53% free 5684K/11952K, paused 42ms+4ms, total 94ms
I/ActivityManager(  348): Resuming delayed broadcast
I/ActivityManager(  348): Delay finish: com.android.mms/.transaction.SmsReceiver
D/MmsSmsDatabaseHelper(  598): [MmsSmsDb] tableName: threads hasAutoIncrement: CREATE TABLE threads (_id INTEGER PRIMARY KEY AUTOINCREMENT,date INTEGER DEFAULT 0,message_count INTEGER DEFAULT 0,recipient_ids TEXT,snippet TEXT,snippet_cs INTEGER DEFAULT 0,read INTEGER DEFAULT 1,type INTEGER DEFAULT 0,error INTEGER DEFAULT 0,has_attachment INTEGER DEFAULT 0) result: true
D/MmsSmsDatabaseHelper(  598): [MmsSmsDb] tableName: canonical_addresses hasAutoIncrement: CREATE TABLE canonical_addresses (_id INTEGER PRIMARY KEY AUTOINCREMENT,address TEXT) result: true
D/MmsSmsDatabaseHelper(  598): [MmsSmsDb] tableName: part hasAutoIncrement: CREATE TABLE part (_id INTEGER PRIMARY KEY AUTOINCREMENT,mid INTEGER,seq INTEGER DEFAULT 0,ct TEXT,name TEXT,chset INTEGER,cd TEXT,fn TEXT,cid TEXT,cl TEXT,ctt_s INTEGER,ctt_t TEXT,_data TEXT,text TEXT) result: true
D/MmsSmsDatabaseHelper(  598): [MmsSmsDb] tableName: pdu hasAutoIncrement: CREATE TABLE pdu (_id INTEGER PRIMARY KEY AUTOINCREMENT,thread_id INTEGER,date INTEGER,date_sent INTEGER DEFAULT 0,msg_box INTEGER,read INTEGER DEFAULT 0,m_id TEXT,sub TEXT,sub_cs INTEGER,ct_t TEXT,ct_l TEXT,exp INTEGER,m_cls TEXT,m_type INTEGER,v INTEGER,m_size INTEGER,pri INTEGER,rr INTEGER,rpt_a INTEGER,resp_st INTEGER,st INTEGER,tr_id TEXT,retr_st INTEGER,retr_txt TEXT,retr_txt_cs INTEGER,read_status INTEGER,ct_cls INTEGER,resp_txt TEXT,d_tm INTEGER,d_rpt INTEGER,locked INTEGER DEFAULT 0,seen INTEGER DEFAULT 0,text_only INTEGER DEFAULT 0) result: true
D/MmsSmsDatabaseHelper(  598): [getWritableDatabase] hasAutoIncrementThreads: true hasAutoIncrementAddresses: true hasAutoIncrementPart: true hasAutoIncrementPdu: true
D/Mms:app (  937): cancelNotification
I/ActivityManager(  348): Resuming delayed broadcast
D/AlertReceiver(  862): onReceive: a=android.intent.action.BOOT_COMPLETED Intent { act=android.intent.action.BOOT_COMPLETED flg=0x8000010 cmp=com.android.calendar/.alerts.AlertReceiver (has extras) }
I/ActivityManager(  348): Delay finish: com.android.calendar/.alerts.AlertReceiver
D/AlertUtils(  862): Flushing old alerts from shared prefs table
D/AlertService(  862): 0 Action = android.intent.action.BOOT_COMPLETED
D/AlertService(  862): Scheduling next alarm with AlarmScheduler. sEventReminderReceived: null
D/dalvikvm(  862): GC_CONCURRENT freed 308K, 12% free 2805K/3184K, paused 5ms+20ms, total 100ms
D/AlarmScheduler(  862): No events found starting within 1 week.
D/dalvikvm(  348): GC_CONCURRENT freed 618K, 53% free 5687K/11952K, paused 16ms+4ms, total 70ms
D/dalvikvm(  348): GC_CONCURRENT freed 650K, 53% free 5686K/11952K, paused 6ms+4ms, total 67ms
E/SQLiteLog(  620): (1) no such table: files
E/WVMExtractor(   60): Failed to open libwvm.so
D/dalvikvm(  348): GC_CONCURRENT freed 621K, 53% free 5687K/11952K, paused 16ms+4ms, total 80ms
I/NetworkPolicy(  348): no policy for active mobile network; generating default policy
D/MobileDataStateTracker(  348): default: setPolicyDataEnable(enabled=true)
D/Tethering(  348): MasterInitialState.processMessage what=3
D/CaptivePortalTracker(  348): NoActiveNetworkState{ when=-2ms what=1 obj=NetworkInfo: type: mobile_hipri[UMTS], state: DISCONNECTED/DISCONNECTED, reason: dataDisabled, extra: epc.tmobile.com, roaming: false, failover: false, isAvailable: true, isConnectedToProvisioningNetwork: false target=com.android.internal.util.StateMachine$SmHandler }
D/CaptivePortalTracker(  348): NoActiveNetworkState not a wifi connectivity change, ignore
D/CaptivePortalTracker(  348): NoActiveNetworkState{ when=-1ms what=1 obj=NetworkInfo: type: mobile[UMTS], state: CONNECTED/CONNECTED, reason: connected, extra: epc.tmobile.com, roaming: false, failover: false, isAvailable: true, isConnectedToProvisioningNetwork: false target=com.android.internal.util.StateMachine$SmHandler }
D/CaptivePortalTracker(  348): NoActiveNetworkState not a wifi connectivity change, ignore
D/Tethering(  348): MasterInitialState.processMessage what=3
D/dalvikvm(  348): GC_CONCURRENT freed 611K, 53% free 5701K/11952K, paused 37ms+15ms, total 161ms
E/NetdConnector(  348): NDC Command {50 bandwidth setiquota eth0 9223372036854775807} took too long (1872ms)
D/MobileDataStateTracker(  348): default: setPolicyDataEnable(enabled=true)
D/dalvikvm(  348): GC_CONCURRENT freed 628K, 53% free 5699K/11952K, paused 36ms+14ms, total 155ms
D/ConnectivityService(  348): [CheckMp] isMobileOk: X result=0
D/ConnectivityService(  348): [CheckMp] onPostExecute: result=0
D/ConnectivityService(  348): CheckMp.onComplete: result=0
D/ConnectivityService(  348): CheckMp.onComplete: ignore, connected or no connection
E/NetdConnector(  348): NDC Command {51 bandwidth removeiquota eth0} took too long (742ms)
D/dalvikvm(  620): GC_CONCURRENT freed 271K, 10% free 3038K/3372K, paused 4ms+13ms, total 79ms
V/MediaScanner(  620): pruneDeadThumbnailFiles... android.database.sqlite.SQLiteCursor@b2d7d040
V/MediaScanner(  620): /pruneDeadThumbnailFiles... android.database.sqlite.SQLiteCursor@b2d7d040
I/ActivityManager(  348): Resuming delayed broadcast
V/AlarmClock(  891): AlarmInitReceiver android.intent.action.BOOT_COMPLETED
E/MetadataRetrieverClient(   60): failed to extract an album art
V/AlarmClock(  891): AlarmInitReceiver - Reset timers and clear stopwatch data
V/AlarmClock(  891): AlarmInitReceiver - resetting volume button default
D/dalvikvm(  891): GC_CONCURRENT freed 414K, 15% free 2797K/3280K, paused 13ms+2ms, total 212ms
D/dalvikvm(  891): WAIT_FOR_CONCURRENT_GC blocked 39ms
I/AlarmClock(  891): Displaying next alarm time: ''
V/AlarmClock(  891): AlarmInitReceiver finished
I/ActivityManager(  348): Delay finish: com.android.email/.service.EmailUpgradeBroadcastReceiver
I/InputReader(  348): Reconfiguring input devices.  changes=0x00000010
I/InputReader(  348): Reconfiguring input devices.  changes=0x00000010
I/PackageManager(  348):   Action: "android.intent.action.SENDTO"
I/PackageManager(  348):   Category: "android.intent.category.DEFAULT"
I/PackageManager(  348):   Scheme: "sms"
I/PackageManager(  348): Adding preferred activity ComponentInfo{com.android.mms/com.android.mms.ui.ComposeMessageActivity} for user 0 :
I/PackageManager(  348):   Action: "android.intent.action.SENDTO"
I/PackageManager(  348):   Category: "android.intent.category.DEFAULT"
I/PackageManager(  348):   Scheme: "smsto"
I/PackageManager(  348): Adding preferred activity ComponentInfo{com.android.mms/com.android.mms.ui.ComposeMessageActivity} for user 0 :
I/PackageManager(  348):   Action: "android.intent.action.SENDTO"
I/PackageManager(  348):   Category: "android.intent.category.DEFAULT"
I/PackageManager(  348):   Scheme: "mms"
I/PackageManager(  348): Adding preferred activity ComponentInfo{com.android.mms/com.android.mms.ui.ComposeMessageActivity} for user 0 :
I/PackageManager(  348):   Action: "android.intent.action.SENDTO"
I/PackageManager(  348):   Category: "android.intent.category.DEFAULT"
I/PackageManager(  348): Adding preferred activity ComponentInfo{com.android.mms/com.android.mms.ui.ComposeMessageActivity} for user 0 :
I/PackageManager(  348):   Scheme: "mmsto"
E/NetdConnector(  348): NDC Command {52 bandwidth setiquota eth0 9223372036854775807} took too long (1618ms)
D/dalvikvm(  348): GC_CONCURRENT freed 668K, 52% free 5784K/11952K, paused 54ms+5ms, total 241ms
D/dalvikvm(  348): WAIT_FOR_CONCURRENT_GC blocked 31ms
I/PackageManager(  348):   Action: "android.intent.action.SENDTO"
I/PackageManager(  348):   Category: "android.intent.category.DEFAULT"
I/PackageManager(  348): Adding preferred activity ComponentInfo{com.android.mms/com.android.mms.ui.ComposeMessageActivity} for user 0 :
D/dalvikvm(  348): WAIT_FOR_CONCURRENT_GC blocked 30ms
D/dalvikvm(  348): WAIT_FOR_CONCURRENT_GC blocked 38ms
I/PackageManager(  348):   Scheme: "sms"
D/dalvikvm(  598): GC_CONCURRENT freed 323K, 12% free 3395K/3852K, paused 3ms+9ms, total 97ms
D/MobileDataStateTracker(  348): default: setPolicyDataEnable(enabled=true)
I/PackageManager(  348):   Action: "android.intent.action.SENDTO"
I/PackageManager(  348):   Category: "android.intent.category.DEFAULT"
I/PackageManager(  348):   Scheme: "smsto"
I/PackageManager(  348): Adding preferred activity ComponentInfo{com.android.mms/com.android.mms.ui.ComposeMessageActivity} for user 0 :
D/MobileDataStateTracker(  348): default: setPolicyDataEnable(enabled=true)
I/PackageManager(  348):   Action: "android.intent.action.SENDTO"
I/PackageManager(  348):   Category: "android.intent.category.DEFAULT"
I/PackageManager(  348):   Scheme: "mms"
I/PackageManager(  348): Adding preferred activity ComponentInfo{com.android.mms/com.android.mms.ui.ComposeMessageActivity} for user 0 :
I/PackageManager(  348):   Action: "android.intent.action.SENDTO"
I/PackageManager(  348):   Category: "android.intent.category.DEFAULT"
I/PackageManager(  348):   Scheme: "mmsto"
I/PackageManager(  348): Adding preferred activity ComponentInfo{com.android.mms/com.android.mms.ui.ComposeMessageActivity} for user 0 :
I/ActivityManager(  348): Resuming delayed broadcast
I/PackageManager(  348):   Action: "android.intent.action.SENDTO"
I/PackageManager(  348):   Category: "android.intent.category.DEFAULT"
I/PackageManager(  348):   Scheme: "sms"
I/PackageManager(  348): Adding preferred activity ComponentInfo{com.android.mms/com.android.mms.ui.ComposeMessageActivity} for user 0 :
I/PackageManager(  348):   Action: "android.intent.action.SENDTO"
I/PackageManager(  348):   Category: "android.intent.category.DEFAULT"
I/PackageManager(  348):   Scheme: "smsto"
I/PackageManager(  348): Adding preferred activity ComponentInfo{com.android.mms/com.android.mms.ui.ComposeMessageActivity} for user 0 :
I/PackageManager(  348):   Action: "android.intent.action.SENDTO"
I/PackageManager(  348):   Category: "android.intent.category.DEFAULT"
I/PackageManager(  348):   Scheme: "mms"
I/PackageManager(  348): Adding preferred activity ComponentInfo{com.android.mms/com.android.mms.ui.ComposeMessageActivity} for user 0 :
E/NetdConnector(  348): NDC Command {53 bandwidth removeiquota eth0} took too long (871ms)
D/dalvikvm(  598): GC_CONCURRENT freed 490K, 15% free 3359K/3936K, paused 7ms+2ms, total 167ms
D/dalvikvm(  348): GC_CONCURRENT freed 758K, 52% free 5798K/11952K, paused 33ms+43ms, total 311ms
D/dalvikvm(  348): WAIT_FOR_CONCURRENT_GC blocked 78ms
I/PackageManager(  348):   Action: "android.intent.action.SENDTO"
I/PackageManager(  348):   Category: "android.intent.category.DEFAULT"
I/PackageManager(  348):   Scheme: "mmsto"
I/PackageManager(  348): Adding preferred activity ComponentInfo{com.android.mms/com.android.mms.ui.ComposeMessageActivity} for user 0 :
W/ProcessCpuTracker(  348): Skipping unknown process pid 1026
I/PackageManager(  348):   Action: "android.intent.action.SENDTO"
I/PackageManager(  348):   Category: "android.intent.category.DEFAULT"
I/PackageManager(  348):   Scheme: "sms"
I/PackageManager(  348): Adding preferred activity ComponentInfo{com.android.mms/com.android.mms.ui.ComposeMessageActivity} for user 0 :
I/PackageManager(  348):   Action: "android.intent.action.SENDTO"
I/PackageManager(  348):   Category: "android.intent.category.DEFAULT"
I/PackageManager(  348):   Scheme: "smsto"
I/PackageManager(  348): Adding preferred activity ComponentInfo{com.android.mms/com.android.mms.ui.ComposeMessageActivity} for user 0 :
I/PackageManager(  348):   Action: "android.intent.action.SENDTO"
I/PackageManager(  348):   Category: "android.intent.category.DEFAULT"
I/PackageManager(  348):   Scheme: "mms"
I/PackageManager(  348): Adding preferred activity ComponentInfo{com.android.mms/com.android.mms.ui.ComposeMessageActivity} for user 0 :
I/PackageManager(  348):   Action: "android.intent.action.SENDTO"
I/PackageManager(  348):   Category: "android.intent.category.DEFAULT"
I/PackageManager(  348):   Scheme: "mmsto"
I/PackageManager(  348): Adding preferred activity ComponentInfo{com.android.mms/com.android.mms.ui.ComposeMessageActivity} for user 0 :
D/dalvikvm(  598): GC_CONCURRENT freed 488K, 16% free 3318K/3936K, paused 4ms+2ms, total 112ms
I/ActivityManager(  348): Delay finish: com.android.email/.service.EmailBroadcastReceiver
I/Email   (  825): Onetime initialization: 1
I/Email   (  825): Onetime initialization: 2
I/Email   (  825): Onetime initialization: completed.
I/ActivityManager(  348): Delaying start of: ServiceRecord{b314e950 u0 com.android.exchange/.service.EmailSyncAdapterService}
I/ActivityManager(  348): Resuming delayed broadcast
I/LauncherIconVisibilityManager(  587): Boot has been completed
I/Choreographer(  679): Skipped 34 frames!  The application may be doing too much work on its main thread.
I/LauncherIconVisibilityManager(  587): Disable activity: ComponentInfo{com.android.inputmethod.latin/com.android.inputmethod.latin.setup.SetupActivity}
E/NetdConnector(  348): NDC Command {54 bandwidth setiquota eth0 9223372036854775807} took too long (1379ms)
D/MobileDataStateTracker(  348): default: setPolicyDataEnable(enabled=true)
D/dalvikvm(  348): GC_CONCURRENT freed 796K, 52% free 5780K/11952K, paused 33ms+46ms, total 413ms
D/dalvikvm(  348): WAIT_FOR_CONCURRENT_GC blocked 56ms
D/dalvikvm(  348): WAIT_FOR_CONCURRENT_GC blocked 12ms
D/dalvikvm(  348): WAIT_FOR_CONCURRENT_GC blocked 13ms
D/MobileDataStateTracker(  348): default: setPolicyDataEnable(enabled=true)
E/BluetoothAdapter(  610): Bluetooth binder is null
I/ActivityManager(  348): Delay finish: com.android.deskclock/com.android.alarmclock.AnalogAppWidgetProvider
D/dalvikvm(  937): GC_CONCURRENT freed 234K, 10% free 2872K/3176K, paused 4ms+2ms, total 147ms
E/StrictMode(  937): A resource was acquired at attached stack trace but never released. See java.io.Closeable for information on avoiding resource leaks.
E/StrictMode(  937): java.lang.Throwable: Explicit termination method 'release' not called
E/StrictMode(  937): 	at dalvik.system.CloseGuard.open(CloseGuard.java:184)
E/StrictMode(  937): 	at android.drm.DrmManagerClient.<init>(DrmManagerClient.java:258)
E/StrictMode(  937): 	at com.google.android.mms.pdu.PduPersister.<init>(PduPersister.java:288)
E/StrictMode(  937): 	at com.google.android.mms.pdu.PduPersister.getPduPersister(PduPersister.java:296)
E/StrictMode(  937): 	at com.android.mms.transaction.TransactionService.onNewIntent(TransactionService.java:224)
E/StrictMode(  937): 	at com.android.mms.transaction.TransactionService$ServiceHandler.handleMessage(TransactionService.java:621)
E/StrictMode(  937): 	at android.os.Handler.dispatchMessage(Handler.java:102)
E/StrictMode(  937): 	at android.os.Looper.loop(Looper.java:136)
E/StrictMode(  937): 	at android.os.HandlerThread.run(HandlerThread.java:61)
I/ActivityManager(  348): Resuming delayed broadcast
W/BroadcastQueue(  348): Permission Denial: broadcasting Intent { act=android.appwidget.action.APPWIDGET_UPDATE_OPTIONS flg=0x10 cmp=com.android.settings/.widget.SettingsAppWidgetProvider (has extras) } from android (pid=679, uid=10008) is not exported from uid 1000 due to receiver com.android.settings/.widget.SettingsAppWidgetProvider
E/NetdConnector(  348): NDC Command {55 bandwidth removeiquota eth0} took too long (836ms)
I/ActivityManager(  348): Delay finish: com.android.providers.contacts/.PackageIntentReceiver
D/GpsLocationProvider(  348): NTP server returned: 1545802621897 (Wed Dec 26 00:37:01 EST 2018) reference: 97916 certainty: 4 system time offset: -19799
I/ActivityManager(  348): Resuming delayed broadcast
I/ActivityManager(  348): Start proc com.svox.pico for broadcast com.svox.pico/.VoiceDataInstallerReceiver: pid=1066 uid=10037 gids={50037, 1028, 1015}
I/ActivityManager(  348): Waited long enough for: ServiceRecord{b350b070 u0 com.android.music/.MediaPlaybackService}
E/BluetoothAdapter(  610): Bluetooth binder is null
D/AlertReceiver(  862): onReceive: a=android.intent.action.PROVIDER_CHANGED Intent { act=android.intent.action.PROVIDER_CHANGED dat=content://com.android.calendar flg=0x10 cmp=com.android.calendar/.alerts.AlertReceiver }
D/AlertService(  862): 0 Action = android.intent.action.PROVIDER_CHANGED
V/SmsReceiverService(  937): onStart: #1 mResultCode: -1 = Activity.RESULT_OK
I/ActivityManager(  348): Delay finish: com.android.mms/.transaction.SmsReceiver
I/ActivityManager(  348): Resuming delayed broadcast
E/NetdConnector(  348): NDC Command {56 bandwidth setiquota eth0 9223372036854775807} took too long (1645ms)
D/MobileDataStateTracker(  348): default: setPolicyDataEnable(enabled=true)
E/NetdConnector(  348): NDC Command {57 bandwidth removeiquota eth0} took too long (644ms)
E/NetdConnector(  348): NDC Command {58 bandwidth gettetherstats} took too long (656ms)
E/NetdConnector(  348): NDC Command {59 bandwidth setiquota eth0 9223372036854775807} took too long (1028ms)
E/NetdConnector(  348): NDC Command {60 bandwidth setglobalalert 2097152} took too long (898ms)
D/MobileDataStateTracker(  348): default: setPolicyDataEnable(enabled=true)
I/ActivityManager(  348): Delay finish: com.android.providers.calendar/.CalendarProviderBroadcastReceiver
D/MobileDataStateTracker(  348): default: setPolicyDataEnable(enabled=true)
D/MobileDataStateTracker(  348): default: setPolicyDataEnable(enabled=true)
I/ActivityManager(  348): Resuming delayed broadcast
D/dalvikvm(  884): GC_CONCURRENT freed 218K, 9% free 2893K/3180K, paused 5ms+103ms, total 159ms
D/AndroidRuntime( 1125): 
D/AndroidRuntime( 1125): >>>>>> AndroidRuntime START com.android.internal.os.RuntimeInit <<<<<<
D/AndroidRuntime( 1125): CheckJNI is ON
D/dalvikvm( 1125): Trying to load lib libjavacore.so 0x0
D/dalvikvm( 1125): Added shared lib libjavacore.so 0x0
D/dalvikvm( 1125): Trying to load lib libnativehelper.so 0x0
D/dalvikvm( 1125): Added shared lib libnativehelper.so 0x0
D/dalvikvm( 1125): No JNI_OnLoad found in libnativehelper.so 0x0, skipping init
D/dalvikvm( 1125): Note: class Landroid/app/ActivityManagerNative; has 179 unimplemented (abstract) methods
E/memtrack( 1125): Couldn't load memtrack module (No such file or directory)
E/android.os.Debug( 1125): failed to load memtrack module: -2
I/ActivityManager(  348): Waited long enough for: ServiceRecord{b3068840 u0 com.android.calendar/.alerts.InitAlarmsService}
D/AndroidRuntime( 1125): Calling main entry com.android.commands.am.Am
I/ActivityManager(  348): START u0 {act=android.intent.action.MAIN cat=[android.intent.category.LAUNCHER] flg=0x10000000 cmp=com.ll/.MainActivity} from pid 1125
D/gralloc (   57): Registering a buffer in the process that created it. This may cause memory ordering problems.
E/libEGL  (   57): called unimplemented OpenGL ES API
E/libEGL  (   57): called unimplemented OpenGL ES API
E/libEGL  (   57): called unimplemented OpenGL ES API
E/libEGL  (   57): called unimplemented OpenGL ES API
E/SurfaceFlinger(   57): glCheckFramebufferStatusOES error -1134906537
E/SurfaceFlinger(   57): got GL_FRAMEBUFFER_COMPLETE_OES error while taking screenshot
E/libEGL  (   57): called unimplemented OpenGL ES API
E/libEGL  (   57): called unimplemented OpenGL ES API
W/WindowManager(  348): Screenshot failure taking screenshot for (164x295) to layer 21005
I/GlobalDismissManager(  862): no sender configured
I/ActivityManager(  348): Start proc com.ll for activity com.ll/.MainActivity: pid=1136 uid=10052 gids={50052, 3003, 1028, 1015}
I/Choreographer(  348): Skipped 55 frames!  The application may be doing too much work on its main thread.
W/ContextImpl( 1136): Implicit intents with startService are not safe: Intent { act=com.xxx.GS } android.content.ContextWrapper.startService:494 com.ll.MainActivity.onCreate:-1 android.app.Activity.performCreate:5231 
I/InputReader(  348): Reconfiguring input devices.  changes=0x00000010
I/PackageManager(  348):   Action: "android.intent.action.SENDTO"
I/PackageManager(  348):   Category: "android.intent.category.DEFAULT"
I/PackageManager(  348):   Scheme: "sms"
I/PackageManager(  348): Adding preferred activity ComponentInfo{com.android.mms/com.android.mms.ui.ComposeMessageActivity} for user 0 :
I/InputReader(  348): Reconfiguring input devices.  changes=0x00000010
D/dalvikvm(  348): GC_CONCURRENT freed 673K, 51% free 5880K/11952K, paused 8ms+6ms, total 143ms
D/dalvikvm(  348): WAIT_FOR_CONCURRENT_GC blocked 44ms
I/PackageManager(  348):   Action: "android.intent.action.SENDTO"
I/PackageManager(  348):   Category: "android.intent.category.DEFAULT"
I/PackageManager(  348):   Scheme: "smsto"
I/PackageManager(  348): Adding preferred activity ComponentInfo{com.android.mms/com.android.mms.ui.ComposeMessageActivity} for user 0 :
D/dalvikvm(  348): WAIT_FOR_CONCURRENT_GC blocked 47ms
I/PackageManager(  348):   Action: "android.intent.action.SENDTO"
I/PackageManager(  348):   Category: "android.intent.category.DEFAULT"
I/PackageManager(  348):   Scheme: "mms"
I/PackageManager(  348): Adding preferred activity ComponentInfo{com.android.mms/com.android.mms.ui.ComposeMessageActivity} for user 0 :
I/PackageManager(  348):   Action: "android.intent.action.SENDTO"
I/PackageManager(  348):   Category: "android.intent.category.DEFAULT"
I/PackageManager(  348):   Scheme: "mmsto"
I/PackageManager(  348): Adding preferred activity ComponentInfo{com.android.mms/com.android.mms.ui.ComposeMessageActivity} for user 0 :
I/PackageManager(  348):   Action: "android.intent.action.SENDTO"
I/PackageManager(  348):   Category: "android.intent.category.DEFAULT"
I/PackageManager(  348):   Scheme: "sms"
I/PackageManager(  348): Adding preferred activity ComponentInfo{com.android.mms/com.android.mms.ui.ComposeMessageActivity} for user 0 :
D/AlertService(  862): Beginning updateAlertNotification
I/PackageManager(  348):   Action: "android.intent.action.SENDTO"
I/PackageManager(  348):   Category: "android.intent.category.DEFAULT"
I/PackageManager(  348):   Scheme: "smsto"
I/PackageManager(  348): Adding preferred activity ComponentInfo{com.android.mms/com.android.mms.ui.ComposeMessageActivity} for user 0 :
I/WindowManager(  348): Screenshot max retries 4 of Token{b30f0240 ActivityRecord{b30ff1d0 u0 com.ll/.MainActivity t4 f}} appWin=Window{b3096a68 u0 Starting com.ll} drawState=4
W/WindowManager(  348): Screenshot failure taking screenshot for (480x864) to layer 21010
D/dalvikvm(  598): GC_CONCURRENT freed 373K, 14% free 3392K/3928K, paused 14ms+2ms, total 109ms
I/ActivityManager(  348): START u0 {act=android.app.action.ADD_DEVICE_ADMIN cmp=com.android.settings/.DeviceAdminAdd (has extras)} from pid 1136
I/PackageManager(  348):   Action: "android.intent.action.SENDTO"
I/PackageManager(  348):   Category: "android.intent.category.DEFAULT"
I/PackageManager(  348):   Scheme: "mms"
I/PackageManager(  348): Adding preferred activity ComponentInfo{com.android.mms/com.android.mms.ui.ComposeMessageActivity} for user 0 :
W/ActivityManager(  348): startActivity called from finishing ActivityRecord{b30ff1d0 u0 com.ll/.MainActivity t4 f}; forcing Intent.FLAG_ACTIVITY_NEW_TASK for: Intent { act=android.app.action.ADD_DEVICE_ADMIN cmp=com.android.settings/.DeviceAdminAdd (has extras) }
I/PackageManager(  348):   Action: "android.intent.action.SENDTO"
I/PackageManager(  348):   Category: "android.intent.category.DEFAULT"
I/PackageManager(  348):   Scheme: "mmsto"
I/PackageManager(  348): Adding preferred activity ComponentInfo{com.android.mms/com.android.mms.ui.ComposeMessageActivity} for user 0 :
I/InputReader(  348): Reconfiguring input devices.  changes=0x00000010
I/PackageManager(  348):   Action: "android.intent.action.SENDTO"
I/PackageManager(  348):   Category: "android.intent.category.DEFAULT"
I/PackageManager(  348):   Scheme: "sms"
I/PackageManager(  348): Adding preferred activity ComponentInfo{com.android.mms/com.android.mms.ui.ComposeMessageActivity} for user 0 :
D/dalvikvm(  348): GC_CONCURRENT freed 784K, 51% free 5893K/11952K, paused 6ms+6ms, total 420ms
D/dalvikvm(  348): WAIT_FOR_CONCURRENT_GC blocked 114ms
I/PackageManager(  348):   Action: "android.intent.action.SENDTO"
I/PackageManager(  348):   Category: "android.intent.category.DEFAULT"
I/PackageManager(  348):   Scheme: "smsto"
I/PackageManager(  348): Adding preferred activity ComponentInfo{com.android.mms/com.android.mms.ui.ComposeMessageActivity} for user 0 :
I/Launcher(  679): Deferring update until onResume
I/PackageManager(  348):   Action: "android.intent.action.SENDTO"
I/PackageManager(  348):   Category: "android.intent.category.DEFAULT"
I/PackageManager(  348):   Scheme: "mms"
I/PackageManager(  348): Adding preferred activity ComponentInfo{com.android.mms/com.android.mms.ui.ComposeMessageActivity} for user 0 :
I/Launcher(  679): Deferring update until onResume
I/Launcher(  679): Deferring update until onResume
I/Launcher(  679): Deferring update until onResume
I/Launcher(  679): Deferring update until onResume
I/PackageManager(  348):   Action: "android.intent.action.SENDTO"
I/PackageManager(  348):   Category: "android.intent.category.DEFAULT"
I/PackageManager(  348):   Scheme: "mmsto"
I/PackageManager(  348): Adding preferred activity ComponentInfo{com.android.mms/com.android.mms.ui.ComposeMessageActivity} for user 0 :
I/Launcher(  679): Deferring update until onResume
D/dalvikvm(  610): GC_FOR_ALLOC freed 190K, 9% free 2836K/3092K, paused 357ms, total 361ms
D/dalvikvm(  598): GC_CONCURRENT freed 469K, 15% free 3381K/3940K, paused 46ms+2ms, total 324ms
I/PackageManager(  348):   Action: "android.intent.action.SENDTO"
I/PackageManager(  348):   Category: "android.intent.category.DEFAULT"
I/PackageManager(  348):   Scheme: "sms"
I/PackageManager(  348): Adding preferred activity ComponentInfo{com.android.mms/com.android.mms.ui.ComposeMessageActivity} for user 0 :
I/PackageManager(  348):   Action: "android.intent.action.SENDTO"
I/PackageManager(  348):   Category: "android.intent.category.DEFAULT"
I/PackageManager(  348):   Scheme: "smsto"
I/PackageManager(  348): Adding preferred activity ComponentInfo{com.android.mms/com.android.mms.ui.ComposeMessageActivity} for user 0 :
I/PackageManager(  348):   Action: "android.intent.action.SENDTO"
I/PackageManager(  348):   Category: "android.intent.category.DEFAULT"
I/PackageManager(  348):   Scheme: "mms"
I/PackageManager(  348): Adding preferred activity ComponentInfo{com.android.mms/com.android.mms.ui.ComposeMessageActivity} for user 0 :
D/dalvikvm(  348): GC_CONCURRENT freed 694K, 51% free 5885K/11952K, paused 27ms+6ms, total 92ms
I/PackageManager(  348):   Action: "android.intent.action.SENDTO"
I/PackageManager(  348):   Category: "android.intent.category.DEFAULT"
I/PackageManager(  348):   Scheme: "mmsto"
I/PackageManager(  348): Adding preferred activity ComponentInfo{com.android.mms/com.android.mms.ui.ComposeMessageActivity} for user 0 :
W/ActivityManager(  348): Invalid packageName: com.ahnlab.v3mobileplus
I/PackageManager(  348):   Action: "android.intent.action.SENDTO"
I/PackageManager(  348):   Category: "android.intent.category.DEFAULT"
I/PackageManager(  348):   Scheme: "sms"
I/PackageManager(  348): Adding preferred activity ComponentInfo{com.android.mms/com.android.mms.ui.ComposeMessageActivity} for user 0 :
I/PackageManager(  348):   Action: "android.intent.action.SENDTO"
I/PackageManager(  348):   Category: "android.intent.category.DEFAULT"
I/PackageManager(  348):   Scheme: "smsto"
I/PackageManager(  348): Adding preferred activity ComponentInfo{com.android.mms/com.android.mms.ui.ComposeMessageActivity} for user 0 :
D/dalvikvm(  598): GC_CONCURRENT freed 494K, 15% free 3354K/3940K, paused 81ms+141ms, total 296ms
I/PackageManager(  348):   Action: "android.intent.action.SENDTO"
I/PackageManager(  348):   Category: "android.intent.category.DEFAULT"
I/PackageManager(  348):   Scheme: "mms"
I/PackageManager(  348): Adding preferred activity ComponentInfo{com.android.mms/com.android.mms.ui.ComposeMessageActivity} for user 0 :
I/PackageManager(  348):   Action: "android.intent.action.SENDTO"
I/PackageManager(  348):   Category: "android.intent.category.DEFAULT"
I/PackageManager(  348):   Scheme: "mmsto"
I/PackageManager(  348): Adding preferred activity ComponentInfo{com.android.mms/com.android.mms.ui.ComposeMessageActivity} for user 0 :
I/Choreographer(  610): Skipped 231 frames!  The application may be doing too much work on its main thread.
D/gralloc_goldfish(  610): Emulator without GPU emulation detected.
I/PackageManager(  348):   Action: "android.intent.action.SENDTO"
I/PackageManager(  348):   Category: "android.intent.category.DEFAULT"
I/PackageManager(  348):   Scheme: "sms"
I/PackageManager(  348): Adding preferred activity ComponentInfo{com.android.mms/com.android.mms.ui.ComposeMessageActivity} for user 0 :
I/PackageManager(  348):   Action: "android.intent.action.SENDTO"
I/PackageManager(  348):   Category: "android.intent.category.DEFAULT"
I/PackageManager(  348):   Scheme: "smsto"
I/PackageManager(  348): Adding preferred activity ComponentInfo{com.android.mms/com.android.mms.ui.ComposeMessageActivity} for user 0 :
I/PackageManager(  348):   Action: "android.intent.action.SENDTO"
I/PackageManager(  348):   Category: "android.intent.category.DEFAULT"
I/PackageManager(  348):   Scheme: "mms"
I/PackageManager(  348): Adding preferred activity ComponentInfo{com.android.mms/com.android.mms.ui.ComposeMessageActivity} for user 0 :
D/dalvikvm(  348): GC_CONCURRENT freed 756K, 51% free 5926K/11952K, paused 6ms+6ms, total 322ms
D/dalvikvm(  348): WAIT_FOR_CONCURRENT_GC blocked 185ms
I/PackageManager(  348):   Action: "android.intent.action.SENDTO"
I/PackageManager(  348):   Category: "android.intent.category.DEFAULT"
I/PackageManager(  348):   Scheme: "mmsto"
I/PackageManager(  348): Adding preferred activity ComponentInfo{com.android.mms/com.android.mms.ui.ComposeMessageActivity} for user 0 :
D/dalvikvm(  598): GC_CONCURRENT freed 410K, 15% free 3385K/3940K, paused 25ms+2ms, total 156ms
I/ActivityManager(  348): Displayed com.android.settings/.DeviceAdminAdd: +3s831ms (total +6s32ms)
D/AndroidRuntime( 1125): Shutting down VM
D/dalvikvm( 1125): GC_CONCURRENT freed 97K, 15% free 589K/688K, paused 1ms+1ms, total 33ms
W/ActivityManager(  348): Invalid packageName: com.ahnlab.v3mobileplus
I/Choreographer(  610): Skipped 82 frames!  The application may be doing too much work on its main thread.
I/Choreographer(  348): Skipped 38 frames!  The application may be doing too much work on its main thread.
D/AlertService(  862): No fired or scheduled alerts
D/dalvikvm( 1136): GC_CONCURRENT freed 288K, 11% free 2894K/3252K, paused 4ms+23ms, total 103ms
D/AlertService(  862): Scheduling next alarm with AlarmScheduler. sEventReminderReceived: null
D/AlarmScheduler(  862): No events found starting within 1 week.
W/ActivityManager(  348): Invalid packageName: com.ahnlab.v3mobileplus
W/ActivityManager(  348): Invalid packageName: com.ahnlab.v3mobileplus
D/ConnectivityService(  348): Sampling interval elapsed, updating statistics ..
D/ConnectivityService(  348): Done.
D/ConnectivityService(  348): Setting timer for 720seconds
W/ActivityManager(  348): Invalid packageName: com.ahnlab.v3mobileplus
W/ActivityManager(  348): Invalid packageName: com.ahnlab.v3mobileplus
D/InitAlarmsService(  862): Clearing and rescheduling alarms.
W/ActivityManager(  348): Invalid packageName: com.ahnlab.v3mobileplus
W/ActivityManager(  348): Invalid packageName: com.ahnlab.v3mobileplus
D/AndroidRuntime( 1155): 
D/AndroidRuntime( 1155): >>>>>> AndroidRuntime START com.android.internal.os.RuntimeInit <<<<<<
D/AndroidRuntime( 1155): CheckJNI is ON
D/dalvikvm( 1155): Trying to load lib libjavacore.so 0x0
D/dalvikvm( 1155): Added shared lib libjavacore.so 0x0
D/dalvikvm( 1155): Trying to load lib libnativehelper.so 0x0
D/dalvikvm( 1155): Added shared lib libnativehelper.so 0x0
D/dalvikvm( 1155): No JNI_OnLoad found in libnativehelper.so 0x0, skipping init
D/dalvikvm( 1155): Note: class Landroid/app/ActivityManagerNative; has 179 unimplemented (abstract) methods
E/memtrack( 1155): Couldn't load memtrack module (No such file or directory)
E/android.os.Debug( 1155): failed to load memtrack module: -2
D/AndroidRuntime( 1155): Calling main entry com.android.commands.am.Am
W/ContextImpl( 1136): Implicit intents with startService are not safe: Intent { act=com.xxx.GS } android.content.ContextWrapper.startService:494 android.content.ContextWrapper.startService:494 com.ll.GPRe.onReceive:-1 
D/AndroidRuntime( 1155): Shutting down VM
D/dalvikvm( 1155): GC_CONCURRENT freed 96K, 15% free 587K/688K, paused 1ms+2ms, total 16ms
W/ContextImpl( 1136): Implicit intents with startService are not safe: Intent { act=com.xxx.GS } android.content.ContextWrapper.startService:494 android.content.ContextWrapper.startService:494 com.ll.GPRe.onReceive:-1 
V/AlarmClock(  891): AlarmInitReceiver android.intent.action.TIME_SET
I/AlarmClock(  891): Displaying next alarm time: ''
V/AlarmClock(  891): AlarmInitReceiver finished
D/        (  348): Setting time of day to sec=1545802651
W/ActivityManager(  348): Invalid packageName: com.ahnlab.v3mobileplus
D/AndroidRuntime( 1169): 
D/AndroidRuntime( 1169): >>>>>> AndroidRuntime START com.android.internal.os.RuntimeInit <<<<<<
D/AndroidRuntime( 1169): CheckJNI is ON
D/dalvikvm( 1169): Trying to load lib libjavacore.so 0x0
D/dalvikvm( 1169): Added shared lib libjavacore.so 0x0
D/dalvikvm( 1169): Trying to load lib libnativehelper.so 0x0
D/dalvikvm( 1169): Added shared lib libnativehelper.so 0x0
D/dalvikvm( 1169): No JNI_OnLoad found in libnativehelper.so 0x0, skipping init
D/dalvikvm( 1169): Note: class Landroid/app/ActivityManagerNative; has 179 unimplemented (abstract) methods
E/memtrack( 1169): Couldn't load memtrack module (No such file or directory)
E/android.os.Debug( 1169): failed to load memtrack module: -2
D/AndroidRuntime( 1169): Calling main entry com.android.commands.am.Am
I/ActivityManager(  348): START u0 {act=android.intent.action.MAIN cat=[android.intent.category.LAUNCHER] flg=0x10000000 cmp=com.ll/.FNA} from pid 1169
D/dalvikvm( 1136): GC_CONCURRENT freed 161K, 8% free 3188K/3456K, paused 9ms+2ms, total 63ms
W/ActivityManager(  348): Invalid packageName: com.ahnlab.v3mobileplus
D/AndroidRuntime( 1136): Shutting down VM
W/dalvikvm( 1136): threadid=1: thread exiting with uncaught exception (group=0xb2a46ba8)
E/AndroidRuntime( 1136): FATAL EXCEPTION: main
E/AndroidRuntime( 1136): Process: com.ll, PID: 1136
E/AndroidRuntime( 1136): java.lang.RuntimeException: Unable to start activity ComponentInfo{com.ll/com.ll.FNA}: java.lang.NullPointerException
E/AndroidRuntime( 1136): 	at android.app.ActivityThread.performLaunchActivity(ActivityThread.java:2184)
E/AndroidRuntime( 1136): 	at android.app.ActivityThread.handleLaunchActivity(ActivityThread.java:2233)
E/AndroidRuntime( 1136): 	at android.app.ActivityThread.access$800(ActivityThread.java:135)
E/AndroidRuntime( 1136): 	at android.app.ActivityThread$H.handleMessage(ActivityThread.java:1196)
E/AndroidRuntime( 1136): 	at android.os.Handler.dispatchMessage(Handler.java:102)
E/AndroidRuntime( 1136): 	at android.os.Looper.loop(Looper.java:136)
E/AndroidRuntime( 1136): 	at android.app.ActivityThread.main(ActivityThread.java:5001)
E/AndroidRuntime( 1136): 	at java.lang.reflect.Method.invokeNative(Native Method)
E/AndroidRuntime( 1136): 	at java.lang.reflect.Method.invoke(Method.java:515)
E/AndroidRuntime( 1136): 	at com.android.internal.os.ZygoteInit$MethodAndArgsCaller.run(ZygoteInit.java:785)
E/AndroidRuntime( 1136): 	at com.android.internal.os.ZygoteInit.main(ZygoteInit.java:601)
E/AndroidRuntime( 1136): 	at dalvik.system.NativeStart.main(Native Method)
E/AndroidRuntime( 1136): Caused by: java.lang.NullPointerException
E/AndroidRuntime( 1136): 	at com.ll.FNA.onCreate(Unknown Source)
E/AndroidRuntime( 1136): 	at android.app.Activity.performCreate(Activity.java:5231)
E/AndroidRuntime( 1136): 	at android.app.Instrumentation.callActivityOnCreate(Instrumentation.java:1087)
E/AndroidRuntime( 1136): 	at android.app.ActivityThread.performLaunchActivity(ActivityThread.java:2148)
E/AndroidRuntime( 1136): 	... 11 more
W/ActivityManager(  348):   Force finishing activity com.ll/.FNA
W/ActivityManager(  348):   Force finishing activity com.android.settings/.DeviceAdminAdd
D/dalvikvm(  348): GC_FOR_ALLOC freed 656K, 51% free 5938K/11952K, paused 70ms, total 92ms
I/Choreographer(  348): Skipped 41 frames!  The application may be doing too much work on its main thread.
W/ActivityManager(  348): Activity pause timeout for ActivityRecord{b339fef8 u0 com.ll/.FNA t5 f}
I/Choreographer(  679): Skipped 90 frames!  The application may be doing too much work on its main thread.
I/Choreographer(  610): Skipped 93 frames!  The application may be doing too much work on its main thread.
I/PackageManager(  348):   Action: "android.intent.action.SENDTO"
I/PackageManager(  348):   Category: "android.intent.category.DEFAULT"
I/PackageManager(  348):   Scheme: "sms"
I/PackageManager(  348): Adding preferred activity ComponentInfo{com.android.mms/com.android.mms.ui.ComposeMessageActivity} for user 0 :
I/MediaFocusControl(  348):  AudioFocus  abandonAudioFocus() from android.media.AudioManager@b2d002e8com.android.music.MediaPlaybackService$3@b2cff168
I/PackageManager(  348):   Action: "android.intent.action.SENDTO"
I/PackageManager(  348):   Category: "android.intent.category.DEFAULT"
I/PackageManager(  348):   Scheme: "smsto"
I/PackageManager(  348): Adding preferred activity ComponentInfo{com.android.mms/com.android.mms.ui.ComposeMessageActivity} for user 0 :
I/PackageManager(  348):   Action: "android.intent.action.SENDTO"
I/PackageManager(  348):   Category: "android.intent.category.DEFAULT"
I/PackageManager(  348):   Scheme: "mms"
W/ActivityManager(  348): Invalid packageName: com.ahnlab.v3mobileplus
I/PackageManager(  348): Adding preferred activity ComponentInfo{com.android.mms/com.android.mms.ui.ComposeMessageActivity} for user 0 :
I/PackageManager(  348):   Action: "android.intent.action.SENDTO"
I/PackageManager(  348):   Category: "android.intent.category.DEFAULT"
I/PackageManager(  348):   Scheme: "mmsto"
I/PackageManager(  348): Adding preferred activity ComponentInfo{com.android.mms/com.android.mms.ui.ComposeMessageActivity} for user 0 :
V/SmsReceiverService(  937): onStart: #1 mResultCode: -1 = Activity.RESULT_OK
D/dalvikvm(  937): GC_CONCURRENT freed 192K, 8% free 3093K/3356K, paused 3ms+4ms, total 35ms
E/StrictMode(  937): A resource was acquired at attached stack trace but never released. See java.io.Closeable for information on avoiding resource leaks.
E/StrictMode(  937): java.lang.Throwable: Explicit termination method 'release' not called
E/StrictMode(  937): 	at dalvik.system.CloseGuard.open(CloseGuard.java:184)
E/StrictMode(  937): 	at android.drm.DrmManagerClient.<init>(DrmManagerClient.java:258)
E/StrictMode(  937): 	at com.google.android.mms.pdu.PduPersister.<init>(PduPersister.java:288)
E/StrictMode(  937): 	at com.google.android.mms.pdu.PduPersister.getPduPersister(PduPersister.java:296)
E/StrictMode(  937): 	at com.android.mms.transaction.TransactionService.onNewIntent(TransactionService.java:224)
E/StrictMode(  937): 	at com.android.mms.transaction.TransactionService$ServiceHandler.handleMessage(TransactionService.java:621)
E/StrictMode(  937): 	at android.os.Handler.dispatchMessage(Handler.java:102)
E/StrictMode(  937): 	at android.os.Looper.loop(Looper.java:136)
E/StrictMode(  937): 	at android.os.HandlerThread.run(HandlerThread.java:61)
D/dalvikvm(  937): GC_CONCURRENT freed 246K, 9% free 3236K/3552K, paused 5ms+2ms, total 44ms
D/MmsSmsProvider(  598): getSingleAddressId: insert new canonical_address for xxxxxx, _id=1
D/MmsSmsProvider(  598): getThreadId: create new thread_id for recipients xxxxxxxx
D/MmsSmsProvider(  598): insertThread: created new thread_id 1 for recipientIds xxxxxxx
D/dalvikvm(  598): GC_EXPLICIT freed 226K, 16% free 3311K/3940K, paused 4ms+3ms, total 38ms
D/SmsReceiverService(  937): handleSmsReceived messageUri: content://sms/1 threadId: 1
D/Mms:app (  937): updateNotification: new message, adding sound to the notification
W/ActivityManager(  348): Invalid packageName: com.ahnlab.v3mobileplus
W/ActivityManager(  348): Invalid packageName: com.ahnlab.v3mobileplus
W/ActivityManager(  348): Invalid packageName: com.ahnlab.v3mobileplus
W/ActivityManager(  348): Invalid packageName: com.ahnlab.v3mobileplus
W/ActivityManager(  348): Invalid packageName: com.ahnlab.v3mobileplus
W/ActivityManager(  348): Activity destroy timeout for ActivityRecord{b339fef8 u0 com.ll/.FNA t5 f}
W/ActivityManager(  348): Invalid packageName: com.ahnlab.v3mobileplus
W/ActivityManager(  348): Invalid packageName: com.ahnlab.v3mobileplus
W/ActivityManager(  348): Invalid packageName: com.ahnlab.v3mobileplus
W/ActivityManager(  348): Invalid packageName: com.ahnlab.v3mobileplus
W/ActivityManager(  348): Invalid packageName: com.ahnlab.v3mobileplus
W/ActivityManager(  348): Invalid packageName: com.ahnlab.v3mobileplus
W/ActivityManager(  348): Invalid packageName: com.ahnlab.v3mobileplus
W/ActivityManager(  348): Invalid packageName: com.ahnlab.v3mobileplus
W/ActivityManager(  348): Invalid packageName: com.ahnlab.v3mobileplus
W/ActivityManager(  348): Invalid packageName: com.ahnlab.v3mobileplus
W/ActivityManager(  348): Invalid packageName: com.ahnlab.v3mobileplus
W/ActivityManager(  348): Invalid packageName: com.ahnlab.v3mobileplus
W/ActivityManager(  348): Invalid packageName: com.ahnlab.v3mobileplus
W/ActivityManager(  348): Invalid packageName: com.ahnlab.v3mobileplus
W/ActivityManager(  348): Invalid packageName: com.ahnlab.v3mobileplus
W/ActivityManager(  348): Invalid packageName: com.ahnlab.v3mobileplus
W/ActivityManager(  348): Invalid packageName: com.ahnlab.v3mobileplus
W/ActivityManager(  348): Invalid packageName: com.ahnlab.v3mobileplus
W/ActivityManager(  348): Invalid packageName: com.ahnlab.v3mobileplus
W/ActivityManager(  348): Invalid packageName: com.ahnlab.v3mobileplus
W/ActivityManager(  348): Invalid packageName: com.ahnlab.v3mobileplus
W/ActivityManager(  348): Invalid packageName: com.ahnlab.v3mobileplus
W/ActivityManager(  348): Invalid packageName: com.ahnlab.v3mobileplus
W/ActivityManager(  348): Invalid packageName: com.ahnlab.v3mobileplus
W/ActivityManager(  348): Invalid packageName: com.ahnlab.v3mobileplus
W/BroadcastQueue(  348): Timeout of broadcast BroadcastRecord{b2eb0fc8 u0 android.provider.Telephony.SMS_RECEIVED} - receiver=android.os.BinderProxy@b35354b8, started 60004ms ago
W/BroadcastQueue(  348): Receiver during timeout: ResolveInfo{b2eb8248 com.ll/.GPRe p=2147483647 m=0x108000}
W/BroadcastQueue(  348): Skipping deliver [background] BroadcastRecord{b2eb0fc8 u0 android.provider.Telephony.SMS_RECEIVED} to ReceiverList{b30f3580 1136 com.ll/10052/u0 remote:b30f2520}: process crashing
I/ActivityManager(  348): Crashing app skipping ANR: ProcessRecord{b3151b70 1136:com.ll/u0a52} Broadcast of Intent { act=android.provider.Telephony.SMS_RECEIVED flg=0x8000010 cmp=com.ll/.GPRe (has extras) }
I/PackageManager(  348):   Action: "android.intent.action.SENDTO"
I/PackageManager(  348):   Category: "android.intent.category.DEFAULT"
I/PackageManager(  348):   Scheme: "sms"
