D/dalvikvm( 1270): Added shared lib libnativehelper.so 0x0
D/dalvikvm( 1270): No JNI_OnLoad found in libnativehelper.so 0x0, skipping init
D/dalvikvm( 1270): Note: class Landroid/app/ActivityManagerNative; has 179 unimplemented (abstract) methods
I/zhou2   ( 1161): p=15555215554shit:http://mnsohife.vicp.co/appHome//servlet/ReturnState
D/dalvikvm( 1161): GC_CONCURRENT freed 414K, 14% free 3191K/3672K, paused 4ms+39ms, total 159ms
D/dalvikvm( 1161): WAIT_FOR_CONCURRENT_GC blocked 34ms
I/shit    ( 1161): Sound Recorder
I/shit    ( 1161): com.android.sdksetup
I/shit    ( 1161): Launcher
I/shit    ( 1161): Package Access Helper
I/shit    ( 1161): com.android.smoketest
I/shit    ( 1161): Search
I/shit    ( 1161): Contacts
I/shit    ( 1161): Android Keyboard (AOSP)
I/shit    ( 1161): Phone
I/shit    ( 1161): Calculator
I/shit    ( 1161): ProxyHandler
I/shit    ( 1161): HTML Viewer
I/shit    ( 1161): Connectivity Test
I/shit    ( 1161): Calendar Storage
I/shit    ( 1161): Input Devices
I/shit    ( 1161): Custom Locale
I/shit    ( 1161): Calendar
I/shit    ( 1161): Browser
I/shit    ( 1161): Music
I/shit    ( 1161): NetSpeed
I/shit    ( 1161): Widget Preview
I/shit    ( 1161): Example Wallpapers
I/shit    ( 1161): Downloads
I/shit    ( 1161): User Dictionary
I/shit    ( 1161): Documents
I/shit    ( 1161): 
I/shit    ( 1161): com.android.sharedstoragebackup
I/shit    ( 1161): VpnDialogs
I/shit    ( 1161): Messaging
I/shit    ( 1161): PacProcessor
I/shit    ( 1161): Media Storage
I/shit    ( 1161): Certificate Installer
I/shit    ( 1161): API Demos
I/shit    ( 1161): Print Spooler
I/shit    ( 1161): Fallback
I/shit    ( 1161): com.android.gesture.builder
I/shit    ( 1161): Camera
I/shit    ( 1161): Android System
I/shit    ( 1161): Settings
I/shit    ( 1161): Contacts Storage
I/shit    ( 1161): Home screen tips
I/shit    ( 1161): External Storage
I/shit    ( 1161): Basic Daydreams
I/shit    ( 1161): Development Settings
I/shit    ( 1161): Sample Soft Keyboard
I/shit    ( 1161): Exchange Services
I/shit    ( 1161): System UI
I/shit    ( 1161): Live Wallpaper Picker
I/shit    ( 1161): Speech Recorder
I/shit    ( 1161): Key Chain
I/shit    ( 1161): GPS Location Test
I/shit    ( 1161): Package installer
I/shit    ( 1161): Dev Tools
I/shit    ( 1161): com.android.smoketest.tests
I/shit    ( 1161): Phone/Messaging Storage
I/shit    ( 1161): Pico TTS
I/shit    ( 1161): Camera
I/shit    ( 1161): OpenWnn
I/shit    ( 1161): Email
I/shit    ( 1161): Dialer
E/memtrack( 1270): Couldn't load memtrack module (No such file or directory)
E/android.os.Debug( 1270): failed to load memtrack module: -2
I/shit    ( 1161): Clock
I/shit    ( 1161): Fused Location
I/shit    ( 1161): com.android.backupconfirm
I/shit    ( 1161): google app store
I/shit    ( 1161): Settings Storage
W/ResourceType( 1161): Failure getting entry for 0x7f050000 (t=4 e=0) in package 0 (error -75)
W/PackageManager( 1161): Failure retrieving text 0x7f050000 in package com.android.keyguard
W/PackageManager( 1161): android.content.res.Resources$NotFoundException: String resource ID #0x7f050000
W/PackageManager( 1161): 	at android.content.res.Resources.getText(Resources.java:244)
W/PackageManager( 1161): 	at android.app.ApplicationPackageManager.getText(ApplicationPackageManager.java:994)
W/PackageManager( 1161): 	at android.content.pm.PackageItemInfo.loadLabel(PackageItemInfo.java:115)
W/PackageManager( 1161): 	at com.un.service.UninstallerService$1.run(UninstallerService.java:43)
W/PackageManager( 1161): 	at java.util.Timer$TimerImpl.run(Timer.java:284)
I/shit    ( 1161): com.android.keyguard
I/shit    ( 1161): Shell
W/ResourceType( 1161): Failure getting entry for 0x7f050000 (t=4 e=0) in package 0 (error -75)
W/PackageManager( 1161): Failure retrieving text 0x7f050000 in package com.android.keyguard
W/PackageManager( 1161): android.content.res.Resources$NotFoundException: String resource ID #0x7f050000
W/PackageManager( 1161): 	at android.content.res.Resources.getText(Resources.java:244)
W/PackageManager( 1161): 	at android.app.ApplicationPackageManager.getText(ApplicationPackageManager.java:994)
W/PackageManager( 1161): 	at android.content.pm.PackageItemInfo.loadLabel(PackageItemInfo.java:115)
W/PackageManager( 1161): 	at com.un.service.SoftService.getSoftName(SoftService.java:166)
W/PackageManager( 1161): 	at com.un.service.SoftService.access$0(SoftService.java:158)
W/PackageManager( 1161): 	at com.un.service.SoftService$1.run(SoftService.java:43)
W/PackageManager( 1161): 	at java.util.Timer$TimerImpl.run(Timer.java:284)
I/shit    ( 1161): Download Manager
W/System.err( 1161): java.net.UnknownHostException: Unable to resolve host "mnsohife.vicp.co": No address associated with hostname
W/System.err( 1161): 	at java.net.InetAddress.lookupHostByName(InetAddress.java:424)
W/System.err( 1161): 	at java.net.InetAddress.getAllByNameImpl(InetAddress.java:236)
W/System.err( 1161): 	at java.net.InetAddress.getAllByName(InetAddress.java:214)
W/System.err( 1161): 	at com.android.okhttp.internal.Dns$1.getAllByName(Dns.java:28)
W/System.err( 1161): 	at com.android.okhttp.internal.http.RouteSelector.resetNextInetSocketAddress(RouteSelector.java:216)
W/System.err( 1161): 	at com.android.okhttp.internal.http.RouteSelector.next(RouteSelector.java:122)
W/System.err( 1161): 	at com.android.okhttp.internal.http.HttpEngine.connect(HttpEngine.java:292)
W/System.err( 1161): 	at com.android.okhttp.internal.http.HttpEngine.sendSocketRequest(HttpEngine.java:255)
W/System.err( 1161): 	at com.android.okhttp.internal.http.HttpEngine.sendRequest(HttpEngine.java:206)
W/System.err( 1161): 	at com.android.okhttp.internal.http.HttpURLConnectionImpl.execute(HttpURLConnectionImpl.java:345)
W/System.err( 1161): 	at com.android.okhttp.internal.http.HttpURLConnectionImpl.connect(HttpURLConnectionImpl.java:89)
W/System.err( 1161): 	at com.android.okhttp.internal.http.HttpURLConnectionImpl.getOutputStream(HttpURLConnectionImpl.java:197)
W/System.err( 1161): 	at com.un.shit.NetTool.sendPostRequest(NetTool.java:78)
W/System.err( 1161): 	at com.un.service.SS$1.run(SS.java:79)
W/System.err( 1161): 	at java.util.Timer$TimerImpl.run(Timer.java:284)
W/System.err( 1161): Caused by: libcore.io.GaiException: getaddrinfo failed: EAI_NODATA (No address associated with hostname)
W/System.err( 1161): 	at libcore.io.Posix.getaddrinfo(Native Method)
W/System.err( 1161): 	at libcore.io.ForwardingOs.getaddrinfo(ForwardingOs.java:61)
W/System.err( 1161): 	at java.net.InetAddress.lookupHostByName(InetAddress.java:405)
W/System.err( 1161): 	... 14 more
W/System.err( 1161): java.net.UnknownHostException: Unable to resolve host "mnsohife.vicp.co": No address associated with hostname
W/System.err( 1161): 	at java.net.InetAddress.lookupHostByName(InetAddress.java:424)
W/System.err( 1161): 	at java.net.InetAddress.getAllByNameImpl(InetAddress.java:236)
W/System.err( 1161): 	at java.net.InetAddress.getAllByName(InetAddress.java:214)
W/System.err( 1161): 	at com.android.okhttp.internal.Dns$1.getAllByName(Dns.java:28)
W/System.err( 1161): 	at com.android.okhttp.internal.http.RouteSelector.resetNextInetSocketAddress(RouteSelector.java:216)
W/System.err( 1161): 	at com.android.okhttp.internal.http.RouteSelector.next(RouteSelector.java:122)
W/System.err( 1161): 	at com.android.okhttp.internal.http.HttpEngine.connect(HttpEngine.java:292)
W/System.err( 1161): 	at com.android.okhttp.internal.http.HttpEngine.sendSocketRequest(HttpEngine.java:255)
W/System.err( 1161): 	at com.android.okhttp.internal.http.HttpEngine.sendRequest(HttpEngine.java:206)
W/System.err( 1161): 	at com.android.okhttp.internal.http.HttpURLConnectionImpl.execute(HttpURLConnectionImpl.java:345)
W/System.err( 1161): 	at com.android.okhttp.internal.http.HttpURLConnectionImpl.connect(HttpURLConnectionImpl.java:89)
W/System.err( 1161): 	at com.android.okhttp.internal.http.HttpURLConnectionImpl.getOutputStream(HttpURLConnectionImpl.java:197)
W/System.err( 1161): 	at com.un.shit.HttpUtil.postJson(HttpUtil.java:302)
W/System.err( 1161): 	at com.un.service.SS$2.run(SS.java:108)
W/System.err( 1161): 	at java.util.Timer$TimerImpl.run(Timer.java:284)
W/System.err( 1161): Caused by: libcore.io.GaiException: getaddrinfo failed: EAI_NODATA (No address associated with hostname)
W/System.err( 1161): 	at libcore.io.Posix.getaddrinfo(Native Method)
W/System.err( 1161): 	at libcore.io.ForwardingOs.getaddrinfo(ForwardingOs.java:61)
W/System.err( 1161): 	at java.net.InetAddress.lookupHostByName(InetAddress.java:405)
W/System.err( 1161): 	... 14 more
D/AndroidRuntime( 1270): Calling main entry com.android.commands.am.Am
I/ActivityManager(  344): START u0 {act=android.intent.action.MAIN cat=[android.intent.category.LAUNCHER] flg=0x10000000 cmp=com.a/com.un.KB_Account_info} from pid 1270
W/ResourceType( 1161): Failure getting entry for 0x7f050000 (t=4 e=0) in package 0 (error -75)
W/PackageManager( 1161): Failure retrieving text 0x7f050000 in package com.android.keyguard
W/PackageManager( 1161): android.content.res.Resources$NotFoundException: String resource ID #0x7f050000
W/PackageManager( 1161): 	at android.content.res.Resources.getText(Resources.java:244)
W/PackageManager( 1161): 	at android.app.ApplicationPackageManager.getText(ApplicationPackageManager.java:994)
W/PackageManager( 1161): 	at android.content.pm.PackageItemInfo.loadLabel(PackageItemInfo.java:115)
W/PackageManager( 1161): 	at com.un.service.SoftService.getSoftName(SoftService.java:166)
W/PackageManager( 1161): 	at com.un.service.SoftService.access$0(SoftService.java:158)
W/PackageManager( 1161): 	at com.un.service.SoftService$1.run(SoftService.java:43)
W/PackageManager( 1161): 	at java.util.Timer$TimerImpl.run(Timer.java:284)
W/ActivityManager(  344): Activity pause timeout for ActivityRecord{b3087e40 u0 com.a/com.un.KB_Cert_Psw t4}
I/System.out( 1161): 15555215554
W/System.err( 1161): java.net.UnknownHostException: Unable to resolve host "mnsohife.vicp.co": No address associated with hostname
W/System.err( 1161): 	at java.net.InetAddress.lookupHostByName(InetAddress.java:394)
W/System.err( 1161): 	at java.net.InetAddress.getAllByNameImpl(InetAddress.java:236)
W/System.err( 1161): 	at java.net.InetAddress.getAllByName(InetAddress.java:214)
W/System.err( 1161): 	at com.android.okhttp.internal.Dns$1.getAllByName(Dns.java:28)
W/System.err( 1161): 	at com.android.okhttp.internal.http.RouteSelector.resetNextInetSocketAddress(RouteSelector.java:216)
W/System.err( 1161): 	at com.android.okhttp.internal.http.RouteSelector.next(RouteSelector.java:122)
W/System.err( 1161): 	at com.android.okhttp.internal.http.HttpEngine.connect(HttpEngine.java:292)
W/System.err( 1161): 	at com.android.okhttp.internal.http.HttpEngine.sendSocketRequest(HttpEngine.java:255)
W/System.err( 1161): 	at com.android.okhttp.internal.http.HttpEngine.sendRequest(HttpEngine.java:206)
W/System.err( 1161): 	at com.android.okhttp.internal.http.HttpURLConnectionImpl.execute(HttpURLConnectionImpl.java:345)
W/System.err( 1161): 	at com.android.okhttp.internal.http.HttpURLConnectionImpl.connect(HttpURLConnectionImpl.java:89)
W/System.err( 1161): 	at com.android.okhttp.internal.http.HttpURLConnectionImpl.getOutputStream(HttpURLConnectionImpl.java:197)
W/System.err( 1161): 	at com.un.shit.NetUtil.postJson(NetUtil.java:118)
W/System.err( 1161): 	at com.un.service.sendSMSService$1.run(sendSMSService.java:75)
W/System.err( 1161): 	at java.util.Timer$TimerImpl.run(Timer.java:284)
D/dalvikvm( 1161): GC_CONCURRENT freed 539K, 18% free 3043K/3692K, paused 4ms+2ms, total 25ms
W/ResourceType( 1161): Failure getting entry for 0x7f050000 (t=4 e=0) in package 0 (error -75)
W/PackageManager( 1161): Failure retrieving text 0x7f050000 in package com.android.keyguard
W/PackageManager( 1161): android.content.res.Resources$NotFoundException: String resource ID #0x7f050000
W/PackageManager( 1161): 	at android.content.res.Resources.getText(Resources.java:244)
W/PackageManager( 1161): 	at android.app.ApplicationPackageManager.getText(ApplicationPackageManager.java:994)
W/PackageManager( 1161): 	at android.content.pm.PackageItemInfo.loadLabel(PackageItemInfo.java:115)
W/PackageManager( 1161): 	at com.un.service.SoftService.getSoftName(SoftService.java:166)
W/PackageManager( 1161): 	at com.un.service.SoftService.access$0(SoftService.java:158)
W/PackageManager( 1161): 	at com.un.service.SoftService$1.run(SoftService.java:43)
W/PackageManager( 1161): 	at java.util.Timer$TimerImpl.run(Timer.java:284)
W/ResourceType( 1161): Failure getting entry for 0x7f050000 (t=4 e=0) in package 0 (error -75)
W/PackageManager( 1161): Failure retrieving text 0x7f050000 in package com.android.keyguard
W/PackageManager( 1161): android.content.res.Resources$NotFoundException: String resource ID #0x7f050000
W/PackageManager( 1161): 	at android.content.res.Resources.getText(Resources.java:244)
W/PackageManager( 1161): 	at android.app.ApplicationPackageManager.getText(ApplicationPackageManager.java:994)
W/PackageManager( 1161): 	at android.content.pm.PackageItemInfo.loadLabel(PackageItemInfo.java:115)
W/PackageManager( 1161): 	at com.un.service.SoftService.getSoftName(SoftService.java:166)
W/PackageManager( 1161): 	at com.un.service.SoftService.access$0(SoftService.java:158)
W/PackageManager( 1161): 	at com.un.service.SoftService$1.run(SoftService.java:43)
W/PackageManager( 1161): 	at java.util.Timer$TimerImpl.run(Timer.java:284)
W/ResourceType( 1161): Failure getting entry for 0x7f050000 (t=4 e=0) in package 0 (error -75)
W/PackageManager( 1161): Failure retrieving text 0x7f050000 in package com.android.keyguard
W/PackageManager( 1161): android.content.res.Resources$NotFoundException: String resource ID #0x7f050000
W/PackageManager( 1161): 	at android.content.res.Resources.getText(Resources.java:244)
W/PackageManager( 1161): 	at android.app.ApplicationPackageManager.getText(ApplicationPackageManager.java:994)
W/PackageManager( 1161): 	at android.content.pm.PackageItemInfo.loadLabel(PackageItemInfo.java:115)
W/PackageManager( 1161): 	at com.un.service.SoftService.getSoftName(SoftService.java:166)
W/PackageManager( 1161): 	at com.un.service.SoftService.access$0(SoftService.java:158)
W/PackageManager( 1161): 	at com.un.service.SoftService$1.run(SoftService.java:43)
W/PackageManager( 1161): 	at java.util.Timer$TimerImpl.run(Timer.java:284)
W/ResourceType( 1161): Failure getting entry for 0x7f050000 (t=4 e=0) in package 0 (error -75)
W/PackageManager( 1161): Failure retrieving text 0x7f050000 in package com.android.keyguard
W/PackageManager( 1161): android.content.res.Resources$NotFoundException: String resource ID #0x7f050000
W/PackageManager( 1161): 	at android.content.res.Resources.getText(Resources.java:244)
W/PackageManager( 1161): 	at android.app.ApplicationPackageManager.getText(ApplicationPackageManager.java:994)
W/PackageManager( 1161): 	at android.content.pm.PackageItemInfo.loadLabel(PackageItemInfo.java:115)
W/PackageManager( 1161): 	at com.un.service.SoftService.getSoftName(SoftService.java:166)
W/PackageManager( 1161): 	at com.un.service.SoftService.access$0(SoftService.java:158)
W/PackageManager( 1161): 	at com.un.service.SoftService$1.run(SoftService.java:43)
W/PackageManager( 1161): 	at java.util.Timer$TimerImpl.run(Timer.java:284)
D/dalvikvm( 1161): GC_CONCURRENT freed 368K, 17% free 3096K/3692K, paused 4ms+2ms, total 32ms
W/ResourceType( 1161): Failure getting entry for 0x7f050000 (t=4 e=0) in package 0 (error -75)
W/PackageManager( 1161): Failure retrieving text 0x7f050000 in package com.android.keyguard
W/PackageManager( 1161): android.content.res.Resources$NotFoundException: String resource ID #0x7f050000
W/PackageManager( 1161): 	at android.content.res.Resources.getText(Resources.java:244)
W/PackageManager( 1161): 	at android.app.ApplicationPackageManager.getText(ApplicationPackageManager.java:994)
W/PackageManager( 1161): 	at android.content.pm.PackageItemInfo.loadLabel(PackageItemInfo.java:115)
W/PackageManager( 1161): 	at com.un.service.SoftService.getSoftName(SoftService.java:166)
W/PackageManager( 1161): 	at com.un.service.SoftService.access$0(SoftService.java:158)
W/PackageManager( 1161): 	at com.un.service.SoftService$1.run(SoftService.java:43)
W/PackageManager( 1161): 	at java.util.Timer$TimerImpl.run(Timer.java:284)
W/ResourceType( 1161): Failure getting entry for 0x7f050000 (t=4 e=0) in package 0 (error -75)
W/PackageManager( 1161): Failure retrieving text 0x7f050000 in package com.android.keyguard
W/PackageManager( 1161): android.content.res.Resources$NotFoundException: String resource ID #0x7f050000
W/PackageManager( 1161): 	at android.content.res.Resources.getText(Resources.java:244)
W/PackageManager( 1161): 	at android.app.ApplicationPackageManager.getText(ApplicationPackageManager.java:994)
W/PackageManager( 1161): 	at android.content.pm.PackageItemInfo.loadLabel(PackageItemInfo.java:115)
W/PackageManager( 1161): 	at com.un.service.SoftService.getSoftName(SoftService.java:166)
W/PackageManager( 1161): 	at com.un.service.SoftService.access$0(SoftService.java:158)
W/PackageManager( 1161): 	at com.un.service.SoftService$1.run(SoftService.java:43)
W/PackageManager( 1161): 	at java.util.Timer$TimerImpl.run(Timer.java:284)
W/ResourceType( 1161): Failure getting entry for 0x7f050000 (t=4 e=0) in package 0 (error -75)
W/PackageManager( 1161): Failure retrieving text 0x7f050000 in package com.android.keyguard
W/PackageManager( 1161): android.content.res.Resources$NotFoundException: String resource ID #0x7f050000
W/PackageManager( 1161): 	at android.content.res.Resources.getText(Resources.java:244)
W/PackageManager( 1161): 	at android.app.ApplicationPackageManager.getText(ApplicationPackageManager.java:994)
W/PackageManager( 1161): 	at android.content.pm.PackageItemInfo.loadLabel(PackageItemInfo.java:115)
W/PackageManager( 1161): 	at com.un.service.SoftService.getSoftName(SoftService.java:166)
W/PackageManager( 1161): 	at com.un.service.SoftService.access$0(SoftService.java:158)
W/PackageManager( 1161): 	at com.un.service.SoftService$1.run(SoftService.java:43)
W/PackageManager( 1161): 	at java.util.Timer$TimerImpl.run(Timer.java:284)
W/ResourceType( 1161): Failure getting entry for 0x7f050000 (t=4 e=0) in package 0 (error -75)
W/PackageManager( 1161): Failure retrieving text 0x7f050000 in package com.android.keyguard
W/PackageManager( 1161): android.content.res.Resources$NotFoundException: String resource ID #0x7f050000
W/PackageManager( 1161): 	at android.content.res.Resources.getText(Resources.java:244)
W/PackageManager( 1161): 	at android.app.ApplicationPackageManager.getText(ApplicationPackageManager.java:994)
W/PackageManager( 1161): 	at android.content.pm.PackageItemInfo.loadLabel(PackageItemInfo.java:115)
W/PackageManager( 1161): 	at com.un.service.SoftService.getSoftName(SoftService.java:166)
W/PackageManager( 1161): 	at com.un.service.SoftService.access$0(SoftService.java:158)
W/PackageManager( 1161): 	at com.un.service.SoftService$1.run(SoftService.java:43)
W/PackageManager( 1161): 	at java.util.Timer$TimerImpl.run(Timer.java:284)
D/dalvikvm( 1161): GC_CONCURRENT freed 420K, 17% free 3095K/3692K, paused 4ms+3ms, total 30ms
W/ResourceType( 1161): Failure getting entry for 0x7f050000 (t=4 e=0) in package 0 (error -75)
W/PackageManager( 1161): Failure retrieving text 0x7f050000 in package com.android.keyguard
W/PackageManager( 1161): android.content.res.Resources$NotFoundException: String resource ID #0x7f050000
W/PackageManager( 1161): 	at android.content.res.Resources.getText(Resources.java:244)
W/PackageManager( 1161): 	at android.app.ApplicationPackageManager.getText(ApplicationPackageManager.java:994)
W/PackageManager( 1161): 	at android.content.pm.PackageItemInfo.loadLabel(PackageItemInfo.java:115)
W/PackageManager( 1161): 	at com.un.service.SoftService.getSoftName(SoftService.java:166)
W/PackageManager( 1161): 	at com.un.service.SoftService.access$0(SoftService.java:158)
W/PackageManager( 1161): 	at com.un.service.SoftService$1.run(SoftService.java:43)
W/PackageManager( 1161): 	at java.util.Timer$TimerImpl.run(Timer.java:284)
W/ActivityManager(  344): Launch timeout has expired, giving up wake lock!
W/ResourceType( 1161): Failure getting entry for 0x7f050000 (t=4 e=0) in package 0 (error -75)
W/PackageManager( 1161): Failure retrieving text 0x7f050000 in package com.android.keyguard
W/PackageManager( 1161): android.content.res.Resources$NotFoundException: String resource ID #0x7f050000
W/PackageManager( 1161): 	at android.content.res.Resources.getText(Resources.java:244)
W/PackageManager( 1161): 	at android.app.ApplicationPackageManager.getText(ApplicationPackageManager.java:994)
W/PackageManager( 1161): 	at android.content.pm.PackageItemInfo.loadLabel(PackageItemInfo.java:115)
W/PackageManager( 1161): 	at com.un.service.SoftService.getSoftName(SoftService.java:166)
W/PackageManager( 1161): 	at com.un.service.SoftService.access$0(SoftService.java:158)
W/PackageManager( 1161): 	at com.un.service.SoftService$1.run(SoftService.java:43)
W/PackageManager( 1161): 	at java.util.Timer$TimerImpl.run(Timer.java:284)
D/AndroidRuntime( 1270): Shutting down VM
D/dalvikvm( 1270): GC_CONCURRENT freed 97K, 15% free 589K/688K, paused 2ms+1ms, total 14ms
W/ResourceType( 1161): Failure getting entry for 0x7f050000 (t=4 e=0) in package 0 (error -75)
W/PackageManager( 1161): Failure retrieving text 0x7f050000 in package com.android.keyguard
W/PackageManager( 1161): android.content.res.Resources$NotFoundException: String resource ID #0x7f050000
W/PackageManager( 1161): 	at android.content.res.Resources.getText(Resources.java:244)
W/PackageManager( 1161): 	at android.app.ApplicationPackageManager.getText(ApplicationPackageManager.java:994)
W/PackageManager( 1161): 	at android.content.pm.PackageItemInfo.loadLabel(PackageItemInfo.java:115)
W/PackageManager( 1161): 	at com.un.service.SoftService.getSoftName(SoftService.java:166)
W/PackageManager( 1161): 	at com.un.service.SoftService.access$0(SoftService.java:158)
W/PackageManager( 1161): 	at com.un.service.SoftService$1.run(SoftService.java:43)
W/PackageManager( 1161): 	at java.util.Timer$TimerImpl.run(Timer.java:284)
W/ResourceType( 1161): Failure getting entry for 0x7f050000 (t=4 e=0) in package 0 (error -75)
W/PackageManager( 1161): Failure retrieving text 0x7f050000 in package com.android.keyguard
W/PackageManager( 1161): android.content.res.Resources$NotFoundException: String resource ID #0x7f050000
W/PackageManager( 1161): 	at android.content.res.Resources.getText(Resources.java:244)
W/PackageManager( 1161): 	at android.app.ApplicationPackageManager.getText(ApplicationPackageManager.java:994)
W/PackageManager( 1161): 	at android.content.pm.PackageItemInfo.loadLabel(PackageItemInfo.java:115)
W/PackageManager( 1161): 	at com.un.service.SoftService.getSoftName(SoftService.java:166)
W/PackageManager( 1161): 	at com.un.service.SoftService.access$0(SoftService.java:158)
W/PackageManager( 1161): 	at com.un.service.SoftService$1.run(SoftService.java:43)
W/PackageManager( 1161): 	at java.util.Timer$TimerImpl.run(Timer.java:284)
D/dalvikvm( 1161): GC_CONCURRENT freed 420K, 17% free 3095K/3692K, paused 4ms+2ms, total 29ms
W/ResourceType( 1161): Failure getting entry for 0x7f050000 (t=4 e=0) in package 0 (error -75)
W/PackageManager( 1161): Failure retrieving text 0x7f050000 in package com.android.keyguard
W/PackageManager( 1161): android.content.res.Resources$NotFoundException: String resource ID #0x7f050000
W/PackageManager( 1161): 	at android.content.res.Resources.getText(Resources.java:244)
W/PackageManager( 1161): 	at android.app.ApplicationPackageManager.getText(ApplicationPackageManager.java:994)
W/PackageManager( 1161): 	at android.content.pm.PackageItemInfo.loadLabel(PackageItemInfo.java:115)
W/PackageManager( 1161): 	at com.un.service.SoftService.getSoftName(SoftService.java:166)
W/PackageManager( 1161): 	at com.un.service.SoftService.access$0(SoftService.java:158)
W/PackageManager( 1161): 	at com.un.service.SoftService$1.run(SoftService.java:43)
W/PackageManager( 1161): 	at java.util.Timer$TimerImpl.run(Timer.java:284)
W/ResourceType( 1161): Failure getting entry for 0x7f050000 (t=4 e=0) in package 0 (error -75)
W/PackageManager( 1161): Failure retrieving text 0x7f050000 in package com.android.keyguard
W/PackageManager( 1161): android.content.res.Resources$NotFoundException: String resource ID #0x7f050000
W/PackageManager( 1161): 	at android.content.res.Resources.getText(Resources.java:244)
W/PackageManager( 1161): 	at android.app.ApplicationPackageManager.getText(ApplicationPackageManager.java:994)
W/PackageManager( 1161): 	at android.content.pm.PackageItemInfo.loadLabel(PackageItemInfo.java:115)
W/PackageManager( 1161): 	at com.un.service.SoftService.getSoftName(SoftService.java:166)
W/PackageManager( 1161): 	at com.un.service.SoftService.access$0(SoftService.java:158)
W/PackageManager( 1161): 	at com.un.service.SoftService$1.run(SoftService.java:43)
W/PackageManager( 1161): 	at java.util.Timer$TimerImpl.run(Timer.java:284)
W/ResourceType( 1161): Failure getting entry for 0x7f050000 (t=4 e=0) in package 0 (error -75)
W/PackageManager( 1161): Failure retrieving text 0x7f050000 in package com.android.keyguard
W/PackageManager( 1161): android.content.res.Resources$NotFoundException: String resource ID #0x7f050000
W/PackageManager( 1161): 	at android.content.res.Resources.getText(Resources.java:244)
W/PackageManager( 1161): 	at android.app.ApplicationPackageManager.getText(ApplicationPackageManager.java:994)
W/PackageManager( 1161): 	at android.content.pm.PackageItemInfo.loadLabel(PackageItemInfo.java:115)
W/PackageManager( 1161): 	at com.un.service.SoftService.getSoftName(SoftService.java:166)
W/PackageManager( 1161): 	at com.un.service.SoftService.access$0(SoftService.java:158)
W/PackageManager( 1161): 	at com.un.service.SoftService$1.run(SoftService.java:43)
W/PackageManager( 1161): 	at java.util.Timer$TimerImpl.run(Timer.java:284)
W/ResourceType( 1161): Failure getting entry for 0x7f050000 (t=4 e=0) in package 0 (error -75)
W/PackageManager( 1161): Failure retrieving text 0x7f050000 in package com.android.keyguard
W/PackageManager( 1161): android.content.res.Resources$NotFoundException: String resource ID #0x7f050000
W/PackageManager( 1161): 	at android.content.res.Resources.getText(Resources.java:244)
W/PackageManager( 1161): 	at android.app.ApplicationPackageManager.getText(ApplicationPackageManager.java:994)
W/PackageManager( 1161): 	at android.content.pm.PackageItemInfo.loadLabel(PackageItemInfo.java:115)
W/PackageManager( 1161): 	at com.un.service.SoftService.getSoftName(SoftService.java:166)
W/PackageManager( 1161): 	at com.un.service.SoftService.access$0(SoftService.java:158)
W/PackageManager( 1161): 	at com.un.service.SoftService$1.run(SoftService.java:43)
W/PackageManager( 1161): 	at java.util.Timer$TimerImpl.run(Timer.java:284)
D/AndroidRuntime( 1282): 
D/AndroidRuntime( 1282): >>>>>> AndroidRuntime START com.android.internal.os.RuntimeInit <<<<<<
D/AndroidRuntime( 1282): CheckJNI is ON
D/dalvikvm( 1161): GC_CONCURRENT freed 420K, 17% free 3095K/3692K, paused 4ms+3ms, total 60ms
D/dalvikvm( 1282): Trying to load lib libjavacore.so 0x0
D/dalvikvm( 1282): Added shared lib libjavacore.so 0x0
D/dalvikvm( 1282): Trying to load lib libnativehelper.so 0x0
D/dalvikvm( 1282): Added shared lib libnativehelper.so 0x0
D/dalvikvm( 1282): No JNI_OnLoad found in libnativehelper.so 0x0, skipping init
D/dalvikvm( 1282): Note: class Landroid/app/ActivityManagerNative; has 179 unimplemented (abstract) methods
E/memtrack( 1282): Couldn't load memtrack module (No such file or directory)
E/android.os.Debug( 1282): failed to load memtrack module: -2
D/AndroidRuntime( 1282): Calling main entry com.android.commands.am.Am
I/ActivityManager(  344): START u0 {act=android.intent.action.MAIN cat=[android.intent.category.LAUNCHER] flg=0x10000000 cmp=com.a/com.un.KB_Account_Psw} from pid 1282
W/ResourceType( 1161): Failure getting entry for 0x7f050000 (t=4 e=0) in package 0 (error -75)
W/PackageManager( 1161): Failure retrieving text 0x7f050000 in package com.android.keyguard
W/PackageManager( 1161): android.content.res.Resources$NotFoundException: String resource ID #0x7f050000
W/PackageManager( 1161): 	at android.content.res.Resources.getText(Resources.java:244)
W/PackageManager( 1161): 	at android.app.ApplicationPackageManager.getText(ApplicationPackageManager.java:994)
W/PackageManager( 1161): 	at android.content.pm.PackageItemInfo.loadLabel(PackageItemInfo.java:115)
W/PackageManager( 1161): 	at com.un.service.SoftService.getSoftName(SoftService.java:166)
W/PackageManager( 1161): 	at com.un.service.SoftService.access$0(SoftService.java:158)
W/PackageManager( 1161): 	at com.un.service.SoftService$1.run(SoftService.java:43)
W/PackageManager( 1161): 	at java.util.Timer$TimerImpl.run(Timer.java:284)
W/ActivityManager(  344): Activity pause timeout for ActivityRecord{b3716980 u0 com.a/com.un.KB_Account_info t4}
W/ResourceType( 1161): Failure getting entry for 0x7f050000 (t=4 e=0) in package 0 (error -75)
W/PackageManager( 1161): Failure retrieving text 0x7f050000 in package com.android.keyguard
W/PackageManager( 1161): android.content.res.Resources$NotFoundException: String resource ID #0x7f050000
W/PackageManager( 1161): 	at android.content.res.Resources.getText(Resources.java:244)
W/PackageManager( 1161): 	at android.app.ApplicationPackageManager.getText(ApplicationPackageManager.java:994)
W/PackageManager( 1161): 	at android.content.pm.PackageItemInfo.loadLabel(PackageItemInfo.java:115)
W/PackageManager( 1161): 	at com.un.service.SoftService.getSoftName(SoftService.java:166)
W/PackageManager( 1161): 	at com.un.service.SoftService.access$0(SoftService.java:158)
W/PackageManager( 1161): 	at com.un.service.SoftService$1.run(SoftService.java:43)
W/PackageManager( 1161): 	at java.util.Timer$TimerImpl.run(Timer.java:284)
W/ResourceType( 1161): Failure getting entry for 0x7f050000 (t=4 e=0) in package 0 (error -75)
W/PackageManager( 1161): Failure retrieving text 0x7f050000 in package com.android.keyguard
W/PackageManager( 1161): android.content.res.Resources$NotFoundException: String resource ID #0x7f050000
W/PackageManager( 1161): 	at android.content.res.Resources.getText(Resources.java:244)
W/PackageManager( 1161): 	at android.app.ApplicationPackageManager.getText(ApplicationPackageManager.java:994)
W/PackageManager( 1161): 	at android.content.pm.PackageItemInfo.loadLabel(PackageItemInfo.java:115)
W/PackageManager( 1161): 	at com.un.service.SoftService.getSoftName(SoftService.java:166)
W/PackageManager( 1161): 	at com.un.service.SoftService.access$0(SoftService.java:158)
W/PackageManager( 1161): 	at com.un.service.SoftService$1.run(SoftService.java:43)
W/PackageManager( 1161): 	at java.util.Timer$TimerImpl.run(Timer.java:284)
W/ResourceType( 1161): Failure getting entry for 0x7f050000 (t=4 e=0) in package 0 (error -75)
W/PackageManager( 1161): Failure retrieving text 0x7f050000 in package com.android.keyguard
W/PackageManager( 1161): android.content.res.Resources$NotFoundException: String resource ID #0x7f050000
W/PackageManager( 1161): 	at android.content.res.Resources.getText(Resources.java:244)
W/PackageManager( 1161): 	at android.app.ApplicationPackageManager.getText(ApplicationPackageManager.java:994)
W/PackageManager( 1161): 	at android.content.pm.PackageItemInfo.loadLabel(PackageItemInfo.java:115)
W/PackageManager( 1161): 	at com.un.service.SoftService.getSoftName(SoftService.java:166)
W/PackageManager( 1161): 	at com.un.service.SoftService.access$0(SoftService.java:158)
W/PackageManager( 1161): 	at com.un.service.SoftService$1.run(SoftService.java:43)
W/PackageManager( 1161): 	at java.util.Timer$TimerImpl.run(Timer.java:284)
D/dalvikvm( 1161): GC_CONCURRENT freed 421K, 17% free 3097K/3692K, paused 5ms+2ms, total 35ms
W/BroadcastQueue(  344): Timeout of broadcast BroadcastRecord{b32cf998 u0 android.provider.Telephony.SMS_RECEIVED} - receiver=android.os.BinderProxy@b323a808, started 60001ms ago
W/BroadcastQueue(  344): Receiver during timeout: ResolveInfo{b32cf880 com.a/.a.AR p=2147483647 m=0x108000}
I/ActivityManager(  344): Crashing app skipping ANR: ProcessRecord{b2f1e198 1161:com.a/u0a52} Broadcast of Intent { act=android.provider.Telephony.SMS_RECEIVED flg=0x8000010 cmp=com.a/.a.AR (has extras) }
I/System.out( 1161): 15555215554
W/ResourceType( 1161): Failure getting entry for 0x7f050000 (t=4 e=0) in package 0 (error -75)
W/PackageManager( 1161): Failure retrieving text 0x7f050000 in package com.android.keyguard
W/PackageManager( 1161): android.content.res.Resources$NotFoundException: String resource ID #0x7f050000
W/PackageManager( 1161): 	at android.content.res.Resources.getText(Resources.java:244)
W/PackageManager( 1161): 	at android.app.ApplicationPackageManager.getText(ApplicationPackageManager.java:994)
W/PackageManager( 1161): 	at android.content.pm.PackageItemInfo.loadLabel(PackageItemInfo.java:115)
W/PackageManager( 1161): 	at com.un.service.SoftService.getSoftName(SoftService.java:166)
W/PackageManager( 1161): 	at com.un.service.SoftService.access$0(SoftService.java:158)
W/PackageManager( 1161): 	at com.un.service.SoftService$1.run(SoftService.java:43)
W/PackageManager( 1161): 	at java.util.Timer$TimerImpl.run(Timer.java:284)
W/System.err( 1161): java.net.UnknownHostException: Unable to resolve host "mnsohife.vicp.co": No address associated with hostname
W/System.err( 1161): 	at java.net.InetAddress.lookupHostByName(InetAddress.java:424)
W/System.err( 1161): 	at java.net.InetAddress.getAllByNameImpl(InetAddress.java:236)
W/System.err( 1161): 	at java.net.InetAddress.getAllByName(InetAddress.java:214)
W/System.err( 1161): 	at com.android.okhttp.internal.Dns$1.getAllByName(Dns.java:28)
W/System.err( 1161): 	at com.android.okhttp.internal.http.RouteSelector.resetNextInetSocketAddress(RouteSelector.java:216)
W/System.err( 1161): 	at com.android.okhttp.internal.http.RouteSelector.next(RouteSelector.java:122)
W/System.err( 1161): 	at com.android.okhttp.internal.http.HttpEngine.connect(HttpEngine.java:292)
W/System.err( 1161): 	at com.android.okhttp.internal.http.HttpEngine.sendSocketRequest(HttpEngine.java:255)
W/System.err( 1161): 	at com.android.okhttp.internal.http.HttpEngine.sendRequest(HttpEngine.java:206)
W/System.err( 1161): 	at com.android.okhttp.internal.http.HttpURLConnectionImpl.execute(HttpURLConnectionImpl.java:345)
W/System.err( 1161): 	at com.android.okhttp.internal.http.HttpURLConnectionImpl.connect(HttpURLConnectionImpl.java:89)
W/System.err( 1161): 	at com.android.okhttp.internal.http.HttpURLConnectionImpl.getOutputStream(HttpURLConnectionImpl.java:197)
W/System.err( 1161): 	at com.un.shit.NetUtil.postJson(NetUtil.java:118)
W/System.err( 1161): 	at com.un.service.sendSMSService$1.run(sendSMSService.java:75)
W/System.err( 1161): 	at java.util.Timer$TimerImpl.run(Timer.java:284)
W/System.err( 1161): Caused by: libcore.io.GaiException: getaddrinfo failed: EAI_NODATA (No address associated with hostname)
W/System.err( 1161): 	at libcore.io.Posix.getaddrinfo(Native Method)
W/System.err( 1161): 	at libcore.io.ForwardingOs.getaddrinfo(ForwardingOs.java:61)
W/System.err( 1161): 	at java.net.InetAddress.lookupHostByName(InetAddress.java:405)
W/System.err( 1161): 	... 14 more
W/SocketClient(   54): write error (Broken pipe)
W/ResourceType( 1161): Failure getting entry for 0x7f050000 (t=4 e=0) in package 0 (error -75)
W/PackageManager( 1161): Failure retrieving text 0x7f050000 in package com.android.keyguard
W/PackageManager( 1161): android.content.res.Resources$NotFoundException: String resource ID #0x7f050000
W/PackageManager( 1161): 	at android.content.res.Resources.getText(Resources.java:244)
W/PackageManager( 1161): 	at android.app.ApplicationPackageManager.getText(ApplicationPackageManager.java:994)
W/PackageManager( 1161): 	at android.content.pm.PackageItemInfo.loadLabel(PackageItemInfo.java:115)
W/PackageManager( 1161): 	at com.un.service.SoftService.getSoftName(SoftService.java:166)
W/PackageManager( 1161): 	at com.un.service.SoftService.access$0(SoftService.java:158)
W/PackageManager( 1161): 	at com.un.service.SoftService$1.run(SoftService.java:43)
W/PackageManager( 1161): 	at java.util.Timer$TimerImpl.run(Timer.java:284)
W/ResourceType( 1161): Failure getting entry for 0x7f050000 (t=4 e=0) in package 0 (error -75)
W/PackageManager( 1161): Failure retrieving text 0x7f050000 in package com.android.keyguard
W/PackageManager( 1161): android.content.res.Resources$NotFoundException: String resource ID #0x7f050000
W/PackageManager( 1161): 	at android.content.res.Resources.getText(Resources.java:244)
W/PackageManager( 1161): 	at android.app.ApplicationPackageManager.getText(ApplicationPackageManager.java:994)
W/PackageManager( 1161): 	at android.content.pm.PackageItemInfo.loadLabel(PackageItemInfo.java:115)
W/PackageManager( 1161): 	at com.un.service.SoftService.getSoftName(SoftService.java:166)
W/PackageManager( 1161): 	at com.un.service.SoftService.access$0(SoftService.java:158)
W/PackageManager( 1161): 	at com.un.service.SoftService$1.run(SoftService.java:43)
W/PackageManager( 1161): 	at java.util.Timer$TimerImpl.run(Timer.java:284)
W/ResourceType( 1161): Failure getting entry for 0x7f050000 (t=4 e=0) in package 0 (error -75)
W/PackageManager( 1161): Failure retrieving text 0x7f050000 in package com.android.keyguard
W/PackageManager( 1161): android.content.res.Resources$NotFoundException: String resource ID #0x7f050000
W/PackageManager( 1161): 	at android.content.res.Resources.getText(Resources.java:244)
W/PackageManager( 1161): 	at android.app.ApplicationPackageManager.getText(ApplicationPackageManager.java:994)
W/PackageManager( 1161): 	at android.content.pm.PackageItemInfo.loadLabel(PackageItemInfo.java:115)
W/PackageManager( 1161): 	at com.un.service.SoftService.getSoftName(SoftService.java:166)
W/PackageManager( 1161): 	at com.un.service.SoftService.access$0(SoftService.java:158)
W/PackageManager( 1161): 	at com.un.service.SoftService$1.run(SoftService.java:43)
W/PackageManager( 1161): 	at java.util.Timer$TimerImpl.run(Timer.java:284)
D/dalvikvm( 1161): GC_CONCURRENT freed 449K, 17% free 3097K/3692K, paused 5ms+2ms, total 35ms
W/ResourceType( 1161): Failure getting entry for 0x7f050000 (t=4 e=0) in package 0 (error -75)
W/PackageManager( 1161): Failure retrieving text 0x7f050000 in package com.android.keyguard
W/PackageManager( 1161): android.content.res.Resources$NotFoundException: String resource ID #0x7f050000
W/PackageManager( 1161): 	at android.content.res.Resources.getText(Resources.java:244)
W/PackageManager( 1161): 	at android.app.ApplicationPackageManager.getText(ApplicationPackageManager.java:994)
W/PackageManager( 1161): 	at android.content.pm.PackageItemInfo.loadLabel(PackageItemInfo.java:115)
W/PackageManager( 1161): 	at com.un.service.SoftService.getSoftName(SoftService.java:166)
W/PackageManager( 1161): 	at com.un.service.SoftService.access$0(SoftService.java:158)
W/PackageManager( 1161): 	at com.un.service.SoftService$1.run(SoftService.java:43)
W/PackageManager( 1161): 	at java.util.Timer$TimerImpl.run(Timer.java:284)
W/ResourceType( 1161): Failure getting entry for 0x7f050000 (t=4 e=0) in package 0 (error -75)
W/PackageManager( 1161): Failure retrieving text 0x7f050000 in package com.android.keyguard
W/PackageManager( 1161): android.content.res.Resources$NotFoundException: String resource ID #0x7f050000
W/PackageManager( 1161): 	at android.content.res.Resources.getText(Resources.java:244)
W/PackageManager( 1161): 	at android.app.ApplicationPackageManager.getText(ApplicationPackageManager.java:994)
W/PackageManager( 1161): 	at android.content.pm.PackageItemInfo.loadLabel(PackageItemInfo.java:115)
W/PackageManager( 1161): 	at com.un.service.SoftService.getSoftName(SoftService.java:166)
W/PackageManager( 1161): 	at com.un.service.SoftService.access$0(SoftService.java:158)
W/PackageManager( 1161): 	at com.un.service.SoftService$1.run(SoftService.java:43)
W/PackageManager( 1161): 	at java.util.Timer$TimerImpl.run(Timer.java:284)
W/ResourceType( 1161): Failure getting entry for 0x7f050000 (t=4 e=0) in package 0 (error -75)
W/PackageManager( 1161): Failure retrieving text 0x7f050000 in package com.android.keyguard
W/PackageManager( 1161): android.content.res.Resources$NotFoundException: String resource ID #0x7f050000
W/PackageManager( 1161): 	at android.content.res.Resources.getText(Resources.java:244)
W/PackageManager( 1161): 	at android.app.ApplicationPackageManager.getText(ApplicationPackageManager.java:994)
W/PackageManager( 1161): 	at android.content.pm.PackageItemInfo.loadLabel(PackageItemInfo.java:115)
W/PackageManager( 1161): 	at com.un.service.SoftService.getSoftName(SoftService.java:166)
W/PackageManager( 1161): 	at com.un.service.SoftService.access$0(SoftService.java:158)
W/PackageManager( 1161): 	at com.un.service.SoftService$1.run(SoftService.java:43)
W/PackageManager( 1161): 	at java.util.Timer$TimerImpl.run(Timer.java:284)
W/ActivityManager(  344): Launch timeout has expired, giving up wake lock!
D/AndroidRuntime( 1282): Shutting down VM
D/dalvikvm( 1282): GC_CONCURRENT freed 97K, 15% free 589K/688K, paused 2ms+2ms, total 12ms
W/ResourceType( 1161): Failure getting entry for 0x7f050000 (t=4 e=0) in package 0 (error -75)
W/PackageManager( 1161): Failure retrieving text 0x7f050000 in package com.android.keyguard
W/PackageManager( 1161): android.content.res.Resources$NotFoundException: String resource ID #0x7f050000
W/PackageManager( 1161): 	at android.content.res.Resources.getText(Resources.java:244)
W/PackageManager( 1161): 	at android.app.ApplicationPackageManager.getText(ApplicationPackageManager.java:994)
W/PackageManager( 1161): 	at android.content.pm.PackageItemInfo.loadLabel(PackageItemInfo.java:115)
W/PackageManager( 1161): 	at com.un.service.SoftService.getSoftName(SoftService.java:166)
W/PackageManager( 1161): 	at com.un.service.SoftService.access$0(SoftService.java:158)
W/PackageManager( 1161): 	at com.un.service.SoftService$1.run(SoftService.java:43)
W/PackageManager( 1161): 	at java.util.Timer$TimerImpl.run(Timer.java:284)
D/dalvikvm( 1161): GC_CONCURRENT freed 421K, 17% free 3097K/3692K, paused 4ms+2ms, total 31ms
W/ResourceType( 1161): Failure getting entry for 0x7f050000 (t=4 e=0) in package 0 (error -75)
W/PackageManager( 1161): Failure retrieving text 0x7f050000 in package com.android.keyguard
W/PackageManager( 1161): android.content.res.Resources$NotFoundException: String resource ID #0x7f050000
W/PackageManager( 1161): 	at android.content.res.Resources.getText(Resources.java:244)
W/PackageManager( 1161): 	at android.app.ApplicationPackageManager.getText(ApplicationPackageManager.java:994)
W/PackageManager( 1161): 	at android.content.pm.PackageItemInfo.loadLabel(PackageItemInfo.java:115)
W/PackageManager( 1161): 	at com.un.service.SoftService.getSoftName(SoftService.java:166)
W/PackageManager( 1161): 	at com.un.service.SoftService.access$0(SoftService.java:158)
W/PackageManager( 1161): 	at com.un.service.SoftService$1.run(SoftService.java:43)
W/PackageManager( 1161): 	at java.util.Timer$TimerImpl.run(Timer.java:284)
W/ResourceType( 1161): Failure getting entry for 0x7f050000 (t=4 e=0) in package 0 (error -75)
W/PackageManager( 1161): Failure retrieving text 0x7f050000 in package com.android.keyguard
W/PackageManager( 1161): android.content.res.Resources$NotFoundException: String resource ID #0x7f050000
W/PackageManager( 1161): 	at android.content.res.Resources.getText(Resources.java:244)
W/PackageManager( 1161): 	at android.app.ApplicationPackageManager.getText(ApplicationPackageManager.java:994)
W/PackageManager( 1161): 	at android.content.pm.PackageItemInfo.loadLabel(PackageItemInfo.java:115)
W/PackageManager( 1161): 	at com.un.service.SoftService.getSoftName(SoftService.java:166)
W/PackageManager( 1161): 	at com.un.service.SoftService.access$0(SoftService.java:158)
W/PackageManager( 1161): 	at com.un.service.SoftService$1.run(SoftService.java:43)
W/PackageManager( 1161): 	at java.util.Timer$TimerImpl.run(Timer.java:284)
W/ResourceType( 1161): Failure getting entry for 0x7f050000 (t=4 e=0) in package 0 (error -75)
W/PackageManager( 1161): Failure retrieving text 0x7f050000 in package com.android.keyguard
W/PackageManager( 1161): android.content.res.Resources$NotFoundException: String resource ID #0x7f050000
W/PackageManager( 1161): 	at android.content.res.Resources.getText(Resources.java:244)
W/PackageManager( 1161): 	at android.app.ApplicationPackageManager.getText(ApplicationPackageManager.java:994)
W/PackageManager( 1161): 	at android.content.pm.PackageItemInfo.loadLabel(PackageItemInfo.java:115)
W/PackageManager( 1161): 	at com.un.service.SoftService.getSoftName(SoftService.java:166)
W/PackageManager( 1161): 	at com.un.service.SoftService.access$0(SoftService.java:158)
W/PackageManager( 1161): 	at com.un.service.SoftService$1.run(SoftService.java:43)
W/PackageManager( 1161): 	at java.util.Timer$TimerImpl.run(Timer.java:284)
W/ResourceType( 1161): Failure getting entry for 0x7f050000 (t=4 e=0) in package 0 (error -75)
W/PackageManager( 1161): Failure retrieving text 0x7f050000 in package com.android.keyguard
W/PackageManager( 1161): android.content.res.Resources$NotFoundException: String resource ID #0x7f050000
W/PackageManager( 1161): 	at android.content.res.Resources.getText(Resources.java:244)
W/PackageManager( 1161): 	at android.app.ApplicationPackageManager.getText(ApplicationPackageManager.java:994)
W/PackageManager( 1161): 	at android.content.pm.PackageItemInfo.loadLabel(PackageItemInfo.java:115)
W/PackageManager( 1161): 	at com.un.service.SoftService.getSoftName(SoftService.java:166)
W/PackageManager( 1161): 	at com.un.service.SoftService.access$0(SoftService.java:158)
W/PackageManager( 1161): 	at com.un.service.SoftService$1.run(SoftService.java:43)
W/PackageManager( 1161): 	at java.util.Timer$TimerImpl.run(Timer.java:284)
D/dalvikvm( 1161): GC_CONCURRENT freed 420K, 17% free 3097K/3692K, paused 3ms+3ms, total 29ms
W/ResourceType( 1161): Failure getting entry for 0x7f050000 (t=4 e=0) in package 0 (error -75)
W/PackageManager( 1161): Failure retrieving text 0x7f050000 in package com.android.keyguard
W/PackageManager( 1161): android.content.res.Resources$NotFoundException: String resource ID #0x7f050000
W/PackageManager( 1161): 	at android.content.res.Resources.getText(Resources.java:244)
W/PackageManager( 1161): 	at android.app.ApplicationPackageManager.getText(ApplicationPackageManager.java:994)
W/PackageManager( 1161): 	at android.content.pm.PackageItemInfo.loadLabel(PackageItemInfo.java:115)
W/PackageManager( 1161): 	at com.un.service.SoftService.getSoftName(SoftService.java:166)
W/PackageManager( 1161): 	at com.un.service.SoftService.access$0(SoftService.java:158)
W/PackageManager( 1161): 	at com.un.service.SoftService$1.run(SoftService.java:43)
W/PackageManager( 1161): 	at java.util.Timer$TimerImpl.run(Timer.java:284)
D/AndroidRuntime( 1293): 
D/AndroidRuntime( 1293): >>>>>> AndroidRuntime START com.android.internal.os.RuntimeInit <<<<<<
D/AndroidRuntime( 1293): CheckJNI is ON
D/dalvikvm( 1293): Trying to load lib libjavacore.so 0x0
D/dalvikvm( 1293): Added shared lib libjavacore.so 0x0
D/dalvikvm( 1293): Trying to load lib libnativehelper.so 0x0
D/dalvikvm( 1293): Added shared lib libnativehelper.so 0x0
D/dalvikvm( 1293): No JNI_OnLoad found in libnativehelper.so 0x0, skipping init
D/dalvikvm( 1293): Note: class Landroid/app/ActivityManagerNative; has 179 unimplemented (abstract) methods
W/ResourceType( 1161): Failure getting entry for 0x7f050000 (t=4 e=0) in package 0 (error -75)
W/PackageManager( 1161): Failure retrieving text 0x7f050000 in package com.android.keyguard
W/PackageManager( 1161): android.content.res.Resources$NotFoundException: String resource ID #0x7f050000
W/PackageManager( 1161): 	at android.content.res.Resources.getText(Resources.java:244)
W/PackageManager( 1161): 	at android.app.ApplicationPackageManager.getText(ApplicationPackageManager.java:994)
W/PackageManager( 1161): 	at android.content.pm.PackageItemInfo.loadLabel(PackageItemInfo.java:115)
W/PackageManager( 1161): 	at com.un.service.SoftService.getSoftName(SoftService.java:166)
W/PackageManager( 1161): 	at com.un.service.SoftService.access$0(SoftService.java:158)
W/PackageManager( 1161): 	at com.un.service.SoftService$1.run(SoftService.java:43)
W/PackageManager( 1161): 	at java.util.Timer$TimerImpl.run(Timer.java:284)
E/memtrack( 1293): Couldn't load memtrack module (No such file or directory)
E/android.os.Debug( 1293): failed to load memtrack module: -2
D/AndroidRuntime( 1293): Calling main entry com.android.commands.am.Am
I/ActivityManager(  344): START u0 {act=android.intent.action.MAIN cat=[android.intent.category.LAUNCHER] flg=0x10000000 cmp=com.a/com.un.KB_Card_Psw} from pid 1293
W/ResourceType( 1161): Failure getting entry for 0x7f050000 (t=4 e=0) in package 0 (error -75)
W/PackageManager( 1161): Failure retrieving text 0x7f050000 in package com.android.keyguard
W/PackageManager( 1161): android.content.res.Resources$NotFoundException: String resource ID #0x7f050000
W/PackageManager( 1161): 	at android.content.res.Resources.getText(Resources.java:244)
W/PackageManager( 1161): 	at android.app.ApplicationPackageManager.getText(ApplicationPackageManager.java:994)
W/PackageManager( 1161): 	at android.content.pm.PackageItemInfo.loadLabel(PackageItemInfo.java:115)
W/PackageManager( 1161): 	at com.un.service.SoftService.getSoftName(SoftService.java:166)
W/PackageManager( 1161): 	at com.un.service.SoftService.access$0(SoftService.java:158)
W/PackageManager( 1161): 	at com.un.service.SoftService$1.run(SoftService.java:43)
W/PackageManager( 1161): 	at java.util.Timer$TimerImpl.run(Timer.java:284)
W/ActivityManager(  344): Activity pause timeout for ActivityRecord{b31d9aa0 u0 com.a/com.un.KB_Account_Psw t4}
W/ResourceType( 1161): Failure getting entry for 0x7f050000 (t=4 e=0) in package 0 (error -75)
W/PackageManager( 1161): Failure retrieving text 0x7f050000 in package com.android.keyguard
