D/dalvikvm(  590): GC_CONCURRENT freed 451K, 17% free 2974K/3552K, paused 4ms+8ms, total 36ms
I/PackageManager(  348):   Action: "android.intent.action.SENDTO"
I/PackageManager(  348): Adding preferred activity ComponentInfo{com.android.mms/com.android.mms.ui.ComposeMessageActivity} for user 0 :
I/PackageManager(  348):   Category: "android.intent.category.DEFAULT"
I/PackageManager(  348):   Scheme: "mms"
I/PackageManager(  348):   Action: "android.intent.action.SENDTO"
I/PackageManager(  348):   Category: "android.intent.category.DEFAULT"
I/PackageManager(  348):   Scheme: "mmsto"
I/PackageManager(  348): Adding preferred activity ComponentInfo{com.android.mms/com.android.mms.ui.ComposeMessageActivity} for user 0 :
E/BluetoothAdapter(  602): Bluetooth binder is null
E/BluetoothAdapter(  602): Bluetooth binder is null
D/CallNotifier(  602): CallNotifier: mSignalInfoToneGenerator created when toneplay
E/BluetoothAdapter(  602): Bluetooth binder is null
I/LatinIME:LogUtils(  590): Dictionary info: dictionary = main:en ; version = 42 ; date = 1381226429
I/FusedLocation(  348): engine stopped (com.android.location.fused)
I/FusedLocation(  348): engine started (com.android.location.fused)
I/FusedLocation(  348): engine started (com.android.location.fused)
I/LatinIME:LogUtils(  590): Dictionary info: dictionary = main:en ; version = 42 ; date = 1381226429
I/LatinIME:LogUtils(  590): Dictionary info: dictionary = main:en ; version = 42 ; date = 1381226429
D/MobileDataStateTracker(  348): fota: Broadcast received: android.intent.action.ANY_DATA_STATE apnType=fota
D/MobileDataStateTracker(  348): fota: Received state=DISCONNECTED, old=DISCONNECTED, reason=radioTurnedOff
D/MobileDataStateTracker(  348): ia: Broadcast received: android.intent.action.ANY_DATA_STATE apnType=ia
D/MobileDataStateTracker(  348): ia: Received state=DISCONNECTED, old=DISCONNECTED, reason=radioTurnedOff
D/MobileDataStateTracker(  348): supl: Broadcast received: android.intent.action.ANY_DATA_STATE apnType=supl
D/MobileDataStateTracker(  348): supl: Received state=DISCONNECTED, old=DISCONNECTED, reason=radioTurnedOff
D/MobileDataStateTracker(  348): hipri: Broadcast received: android.intent.action.ANY_DATA_STATE apnType=hipri
D/MobileDataStateTracker(  348): hipri: Received state=DISCONNECTED, old=DISCONNECTED, reason=radioTurnedOff
D/MobileDataStateTracker(  348): ims: Broadcast received: android.intent.action.ANY_DATA_STATE apnType=ims
D/MobileDataStateTracker(  348): ims: Received state=DISCONNECTED, old=DISCONNECTED, reason=radioTurnedOff
D/MobileDataStateTracker(  348): default: Broadcast received: android.intent.action.ANY_DATA_STATE apnType=default
D/MobileDataStateTracker(  348): default: Received state=DISCONNECTED, old=DISCONNECTED, reason=radioTurnedOff
D/MobileDataStateTracker(  348): mms: Broadcast received: android.intent.action.ANY_DATA_STATE apnType=mms
D/MobileDataStateTracker(  348): mms: Received state=DISCONNECTED, old=DISCONNECTED, reason=radioTurnedOff
D/MobileDataStateTracker(  348): cbs: Broadcast received: android.intent.action.ANY_DATA_STATE apnType=cbs
D/MobileDataStateTracker(  348): cbs: Received state=DISCONNECTED, old=DISCONNECTED, reason=radioTurnedOff
I/LatinIME:LogUtils(  590): Dictionary info: dictionary = main:en ; version = 42 ; date = 1381226429
I/LatinIME:LogUtils(  590): Dictionary info: dictionary = main:en ; version = 42 ; date = 1381226429
D/MobileDataStateTracker(  348): fota: Broadcast received: android.intent.action.ANY_DATA_STATE apnType=fota
D/MobileDataStateTracker(  348): fota: Received state=DISCONNECTED, old=DISCONNECTED, reason=radioTurnedOff
D/MobileDataStateTracker(  348): ia: Broadcast received: android.intent.action.ANY_DATA_STATE apnType=ia
D/MobileDataStateTracker(  348): ia: Received state=DISCONNECTED, old=DISCONNECTED, reason=radioTurnedOff
D/MobileDataStateTracker(  348): supl: Broadcast received: android.intent.action.ANY_DATA_STATE apnType=supl
D/MobileDataStateTracker(  348): supl: Received state=DISCONNECTED, old=DISCONNECTED, reason=radioTurnedOff
D/MobileDataStateTracker(  348): hipri: Broadcast received: android.intent.action.ANY_DATA_STATE apnType=hipri
D/MobileDataStateTracker(  348): hipri: Received state=DISCONNECTED, old=DISCONNECTED, reason=radioTurnedOff
D/MobileDataStateTracker(  348): ims: Broadcast received: android.intent.action.ANY_DATA_STATE apnType=ims
D/MobileDataStateTracker(  348): ims: Received state=DISCONNECTED, old=DISCONNECTED, reason=radioTurnedOff
D/MobileDataStateTracker(  348): default: Broadcast received: android.intent.action.ANY_DATA_STATE apnType=default
D/MobileDataStateTracker(  348): default: Received state=DISCONNECTED, old=DISCONNECTED, reason=radioTurnedOff
D/MobileDataStateTracker(  348): mms: Broadcast received: android.intent.action.ANY_DATA_STATE apnType=mms
D/MobileDataStateTracker(  348): mms: Received state=DISCONNECTED, old=DISCONNECTED, reason=radioTurnedOff
D/MobileDataStateTracker(  348): cbs: Broadcast received: android.intent.action.ANY_DATA_STATE apnType=cbs
D/MobileDataStateTracker(  348): cbs: Received state=DISCONNECTED, old=DISCONNECTED, reason=radioTurnedOff
I/LatinIME:LogUtils(  590): Dictionary info: dictionary = main:en ; version = 42 ; date = 1381226429
I/LatinIME:LogUtils(  590): Dictionary info: dictionary = main:en ; version = 42 ; date = 1381226429
D/MobileDataStateTracker(  348): fota: Broadcast received: android.intent.action.ANY_DATA_STATE apnType=fota
D/MobileDataStateTracker(  348): fota: Received state=DISCONNECTED, old=DISCONNECTED, reason=dataDetached
D/dalvikvm(  590): GC_CONCURRENT freed 329K, 14% free 3072K/3552K, paused 115ms+10ms, total 159ms
D/MobileDataStateTracker(  348): ia: Broadcast received: android.intent.action.ANY_DATA_STATE apnType=ia
D/MobileDataStateTracker(  348): ia: Received state=DISCONNECTED, old=DISCONNECTED, reason=dataDetached
I/LatinIME:LogUtils(  590): Dictionary info: dictionary = main:en ; version = 42 ; date = 1381226429
D/MobileDataStateTracker(  348): supl: Broadcast received: android.intent.action.ANY_DATA_STATE apnType=supl
D/MobileDataStateTracker(  348): supl: Received state=DISCONNECTED, old=DISCONNECTED, reason=dataDetached
D/MobileDataStateTracker(  348): hipri: Broadcast received: android.intent.action.ANY_DATA_STATE apnType=hipri
D/MobileDataStateTracker(  348): hipri: Received state=DISCONNECTED, old=DISCONNECTED, reason=dataDetached
D/MobileDataStateTracker(  348): ims: Broadcast received: android.intent.action.ANY_DATA_STATE apnType=ims
D/MobileDataStateTracker(  348): ims: Received state=DISCONNECTED, old=DISCONNECTED, reason=dataDetached
D/MobileDataStateTracker(  348): default: Broadcast received: android.intent.action.ANY_DATA_STATE apnType=default
D/MobileDataStateTracker(  348): default: Received state=DISCONNECTED, old=DISCONNECTED, reason=dataDetached
D/MobileDataStateTracker(  348): mms: Broadcast received: android.intent.action.ANY_DATA_STATE apnType=mms
D/MobileDataStateTracker(  348): mms: Received state=DISCONNECTED, old=DISCONNECTED, reason=dataDetached
D/MobileDataStateTracker(  348): cbs: Broadcast received: android.intent.action.ANY_DATA_STATE apnType=cbs
D/MobileDataStateTracker(  348): cbs: Received state=DISCONNECTED, old=DISCONNECTED, reason=dataDetached
D/MobileDataStateTracker(  348): fota: Broadcast received: android.intent.action.ANY_DATA_STATE apnType=fota
D/MobileDataStateTracker(  348): fota: Received state=DISCONNECTED, old=DISCONNECTED, reason=roamingOff
D/MobileDataStateTracker(  348): ia: Broadcast received: android.intent.action.ANY_DATA_STATE apnType=ia
D/MobileDataStateTracker(  348): ia: Received state=DISCONNECTED, old=DISCONNECTED, reason=roamingOff
D/MobileDataStateTracker(  348): supl: Broadcast received: android.intent.action.ANY_DATA_STATE apnType=supl
D/MobileDataStateTracker(  348): supl: Received state=DISCONNECTED, old=DISCONNECTED, reason=roamingOff
D/MobileDataStateTracker(  348): hipri: Broadcast received: android.intent.action.ANY_DATA_STATE apnType=hipri
D/MobileDataStateTracker(  348): hipri: Received state=DISCONNECTED, old=DISCONNECTED, reason=roamingOff
D/MobileDataStateTracker(  348): ims: Broadcast received: android.intent.action.ANY_DATA_STATE apnType=ims
D/MobileDataStateTracker(  348): ims: Received state=DISCONNECTED, old=DISCONNECTED, reason=roamingOff
D/MobileDataStateTracker(  348): default: Broadcast received: android.intent.action.ANY_DATA_STATE apnType=default
D/MobileDataStateTracker(  348): default: Received state=DISCONNECTED, old=DISCONNECTED, reason=roamingOff
D/MobileDataStateTracker(  348): mms: Broadcast received: android.intent.action.ANY_DATA_STATE apnType=mms
D/MobileDataStateTracker(  348): mms: Received state=DISCONNECTED, old=DISCONNECTED, reason=roamingOff
D/MobileDataStateTracker(  348): cbs: Broadcast received: android.intent.action.ANY_DATA_STATE apnType=cbs
D/MobileDataStateTracker(  348): cbs: Received state=DISCONNECTED, old=DISCONNECTED, reason=roamingOff
D/MobileDataStateTracker(  348): fota: Broadcast received: android.intent.action.ANY_DATA_STATE apnType=fota
D/MobileDataStateTracker(  348): fota: Received state=DISCONNECTED, old=DISCONNECTED, reason=roamingOff
D/MobileDataStateTracker(  348): ia: Broadcast received: android.intent.action.ANY_DATA_STATE apnType=ia
D/MobileDataStateTracker(  348): ia: Received state=DISCONNECTED, old=DISCONNECTED, reason=roamingOff
D/MobileDataStateTracker(  348): supl: Broadcast received: android.intent.action.ANY_DATA_STATE apnType=supl
D/MobileDataStateTracker(  348): supl: Received state=DISCONNECTED, old=DISCONNECTED, reason=roamingOff
D/MobileDataStateTracker(  348): hipri: Broadcast received: android.intent.action.ANY_DATA_STATE apnType=hipri
D/MobileDataStateTracker(  348): hipri: Received state=DISCONNECTED, old=DISCONNECTED, reason=roamingOff
D/dalvikvm(  602): GC_CONCURRENT freed 279K, 11% free 3049K/3396K, paused 7ms+2ms, total 97ms
D/MobileDataStateTracker(  348): ims: Broadcast received: android.intent.action.ANY_DATA_STATE apnType=ims
D/MobileDataStateTracker(  348): ims: Received state=DISCONNECTED, old=DISCONNECTED, reason=roamingOff
D/MobileDataStateTracker(  348): default: Broadcast received: android.intent.action.ANY_DATA_STATE apnType=default
D/MobileDataStateTracker(  348): default: Received state=DISCONNECTED, old=DISCONNECTED, reason=roamingOff
D/TelephonyDebugService(  602): TelephonyDebugService()
D/MobileDataStateTracker(  348): mms: Broadcast received: android.intent.action.ANY_DATA_STATE apnType=mms
D/MobileDataStateTracker(  348): mms: Received state=DISCONNECTED, old=DISCONNECTED, reason=roamingOff
D/MobileDataStateTracker(  348): cbs: Broadcast received: android.intent.action.ANY_DATA_STATE apnType=cbs
D/MobileDataStateTracker(  348): cbs: Received state=DISCONNECTED, old=DISCONNECTED, reason=roamingOff
D/MccTable(  602): updateMccMncConfiguration: mcc=310, mnc=260
D/AlarmManagerService(  348): Kernel timezone updated to 300 minutes west of GMT
D/MccTable(  602): timezone set to America/New_York
D/MccTable(  602): getLocaleFromMcc to en_us mcc=310
D/MccTable(  602): getLocaleForLanguageCountry: got match
D/MccTable(  602): getLocaleForLanguageCountry: X locale=en_US
D/MccTable(  602): WIFI_COUNTRY_CODE set to us
I/WifiService(  348): WifiService trying to set country code to us with persist set to true
D/MobileDataStateTracker(  348): fota: Broadcast received: android.intent.action.ANY_DATA_STATE apnType=fota
D/MobileDataStateTracker(  348): fota: Received state=DISCONNECTED, old=DISCONNECTED, reason=dataAttached
D/MobileDataStateTracker(  348): ia: Broadcast received: android.intent.action.ANY_DATA_STATE apnType=ia
D/MobileDataStateTracker(  348): ia: Received state=DISCONNECTED, old=DISCONNECTED, reason=dataAttached
D/MobileDataStateTracker(  348): supl: Broadcast received: android.intent.action.ANY_DATA_STATE apnType=supl
D/MobileDataStateTracker(  348): supl: Received state=DISCONNECTED, old=DISCONNECTED, reason=dataAttached
D/MobileDataStateTracker(  348): hipri: Broadcast received: android.intent.action.ANY_DATA_STATE apnType=hipri
D/MobileDataStateTracker(  348): hipri: Received state=DISCONNECTED, old=DISCONNECTED, reason=dataAttached
D/MobileDataStateTracker(  348): ims: Broadcast received: android.intent.action.ANY_DATA_STATE apnType=ims
D/MobileDataStateTracker(  348): ims: Received state=DISCONNECTED, old=DISCONNECTED, reason=dataAttached
D/MobileDataStateTracker(  348): mms: Broadcast received: android.intent.action.ANY_DATA_STATE apnType=mms
D/MobileDataStateTracker(  348): mms: Received state=DISCONNECTED, old=DISCONNECTED, reason=dataAttached
D/MobileDataStateTracker(  348): cbs: Broadcast received: android.intent.action.ANY_DATA_STATE apnType=cbs
D/MobileDataStateTracker(  348): cbs: Received state=DISCONNECTED, old=DISCONNECTED, reason=dataAttached
D/MobileDataStateTracker(  348): fota: Broadcast received: android.intent.action.ANY_DATA_STATE apnType=fota
D/MobileDataStateTracker(  348): fota: Received state=DISCONNECTED, old=DISCONNECTED, reason=dataAttached
D/MobileDataStateTracker(  348): ia: Broadcast received: android.intent.action.ANY_DATA_STATE apnType=ia
D/MobileDataStateTracker(  348): ia: Received state=DISCONNECTED, old=DISCONNECTED, reason=dataAttached
D/dalvikvm(  602): GC_CONCURRENT freed 289K, 11% free 3164K/3520K, paused 5ms+4ms, total 66ms
D/MobileDataStateTracker(  348): supl: Broadcast received: android.intent.action.ANY_DATA_STATE apnType=supl
D/MobileDataStateTracker(  348): supl: Received state=DISCONNECTED, old=DISCONNECTED, reason=dataAttached
D/MobileDataStateTracker(  348): hipri: Broadcast received: android.intent.action.ANY_DATA_STATE apnType=hipri
D/MobileDataStateTracker(  348): hipri: Received state=DISCONNECTED, old=DISCONNECTED, reason=dataAttached
D/MobileDataStateTracker(  348): ims: Broadcast received: android.intent.action.ANY_DATA_STATE apnType=ims
D/MobileDataStateTracker(  348): ims: Received state=DISCONNECTED, old=DISCONNECTED, reason=dataAttached
D/MobileDataStateTracker(  348): mms: Broadcast received: android.intent.action.ANY_DATA_STATE apnType=mms
D/MobileDataStateTracker(  348): mms: Received state=DISCONNECTED, old=DISCONNECTED, reason=dataAttached
D/MobileDataStateTracker(  348): cbs: Broadcast received: android.intent.action.ANY_DATA_STATE apnType=cbs
D/MobileDataStateTracker(  348): cbs: Received state=DISCONNECTED, old=DISCONNECTED, reason=dataAttached
D/dalvikvm(  348): GC_CONCURRENT freed 651K, 57% free 5466K/12712K, paused 14ms+14ms, total 139ms
D/MccTable(  602): updateMccMncConfiguration: mcc=310, mnc=260
D/MccTable(  602): getLocaleFromMcc to en_us mcc=310
D/MccTable(  602): getLocaleForLanguageCountry: got match
D/MccTable(  602): getLocaleForLanguageCountry: X locale=en_US
D/MccTable(  602): updateMccMncConfiguration updateConfig config={1.0 310mcc260mnc en_US ldltr ?swdp ?wdp ?hdp ?density ?lsize ?long ?orien ?uimode ?night ?touch ?keyb/?/? ?nav/?}
I/ActivityManager(  348): Config changes=3 {1.0 310mcc260mnc en_US ldltr sw480dp w480dp h839dp 160dpi lrg long port finger -keyb/v/h tball/v s.6}
D/PermissionCache(   57): checking android.permission.READ_FRAME_BUFFER for uid=1000 => granted (724 us)
D/gralloc (   57): Registering a buffer in the process that created it. This may cause memory ordering problems.
E/libEGL  (   57): called unimplemented OpenGL ES API
E/libEGL  (   57): called unimplemented OpenGL ES API
E/libEGL  (   57): called unimplemented OpenGL ES API
E/libEGL  (   57): called unimplemented OpenGL ES API
E/SurfaceFlinger(   57): glCheckFramebufferStatusOES error -328333035
E/SurfaceFlinger(   57): got GL_FRAMEBUFFER_COMPLETE_OES error while taking screenshot
E/libEGL  (   57): called unimplemented OpenGL ES API
E/libEGL  (   57): called unimplemented OpenGL ES API
I/ARMAssembler(   57): generated scanline__00000077:03515104_00008001_00000000 [113 ipp] (134 ins) at [0xb5a5b1f0:0xb5a5b408] in 10000000 ns
D/PhoneStatusBar(  450): mSettingsPanelGravity = 55
D/MccTable(  602): updateMccMncConfiguration: mcc=310, mnc=260
D/MccTable(  602): getLocaleFromMcc to en_us mcc=310
D/MccTable(  602): getLocaleForLanguageCountry: skipping already persisted
D/MccTable(  602): getLocaleForLanguageCountry: X locale=null
D/MccTable(  602): updateMccMncConfiguration updateConfig config={1.0 310mcc260mnc ?locale ?layoutDir ?swdp ?wdp ?hdp ?density ?lsize ?long ?orien ?uimode ?night ?touch ?keyb/?/? ?nav/?}
D/dalvikvm(  686): GC_CONCURRENT freed 176K, 8% free 2952K/3200K, paused 6ms+38ms, total 198ms
D/dalvikvm(  602): GC_CONCURRENT freed 316K, 11% free 3297K/3684K, paused 4ms+4ms, total 44ms
D/dalvikvm(  602): GC_CONCURRENT freed 457K, 14% free 3288K/3816K, paused 4ms+3ms, total 81ms
D/dalvikvm(  348): GC_CONCURRENT freed 630K, 57% free 5531K/12712K, paused 6ms+4ms, total 243ms
D/dalvikvm(  348): WAIT_FOR_CONCURRENT_GC blocked 43ms
D/dalvikvm(  348): WAIT_FOR_CONCURRENT_GC blocked 42ms
D/dalvikvm(  348): WAIT_FOR_CONCURRENT_GC blocked 54ms
D/MobileDataStateTracker(  348): fota: Broadcast received: android.intent.action.ANY_DATA_STATE apnType=fota
D/MobileDataStateTracker(  348): fota: Received state=DISCONNECTED, old=DISCONNECTED, reason=simLoaded
D/MobileDataStateTracker(  348): ia: Broadcast received: android.intent.action.ANY_DATA_STATE apnType=ia
D/MobileDataStateTracker(  348): ia: Received state=DISCONNECTED, old=DISCONNECTED, reason=simLoaded
D/MobileDataStateTracker(  348): supl: Broadcast received: android.intent.action.ANY_DATA_STATE apnType=supl
D/MobileDataStateTracker(  348): supl: Received state=DISCONNECTED, old=DISCONNECTED, reason=simLoaded
D/MobileDataStateTracker(  348): hipri: Broadcast received: android.intent.action.ANY_DATA_STATE apnType=hipri
D/MobileDataStateTracker(  348): hipri: Received state=DISCONNECTED, old=DISCONNECTED, reason=simLoaded
D/MobileDataStateTracker(  348): ims: Broadcast received: android.intent.action.ANY_DATA_STATE apnType=ims
D/MobileDataStateTracker(  348): ims: Received state=DISCONNECTED, old=DISCONNECTED, reason=simLoaded
D/MobileDataStateTracker(  348): mms: Broadcast received: android.intent.action.ANY_DATA_STATE apnType=mms
D/MobileDataStateTracker(  348): mms: Received state=DISCONNECTED, old=DISCONNECTED, reason=simLoaded
D/MobileDataStateTracker(  348): cbs: Broadcast received: android.intent.action.ANY_DATA_STATE apnType=cbs
D/MobileDataStateTracker(  348): cbs: Received state=DISCONNECTED, old=DISCONNECTED, reason=simLoaded
D/MobileDataStateTracker(  348): default: Broadcast received: android.intent.action.ANY_DATA_STATE apnType=default
D/MobileDataStateTracker(  348): default: Received state=CONNECTING, old=DISCONNECTED, reason=simLoaded
D/MobileDataStateTracker(  348): default: setDetailed state, old =IDLE and new state=CONNECTING
D/MobileDataStateTracker(  348): fota: Broadcast received: android.intent.action.ANY_DATA_STATE apnType=fota
D/MobileDataStateTracker(  348): fota: Received state=DISCONNECTED, old=DISCONNECTED, reason=simLoaded
D/MobileDataStateTracker(  348): ia: Broadcast received: android.intent.action.ANY_DATA_STATE apnType=ia
D/MobileDataStateTracker(  348): ia: Received state=DISCONNECTED, old=DISCONNECTED, reason=simLoaded
D/MobileDataStateTracker(  348): supl: Broadcast received: android.intent.action.ANY_DATA_STATE apnType=supl
D/MobileDataStateTracker(  348): supl: Received state=DISCONNECTED, old=DISCONNECTED, reason=simLoaded
D/MobileDataStateTracker(  348): hipri: Broadcast received: android.intent.action.ANY_DATA_STATE apnType=hipri
D/MobileDataStateTracker(  348): hipri: Received state=DISCONNECTED, old=DISCONNECTED, reason=simLoaded
D/MobileDataStateTracker(  348): ims: Broadcast received: android.intent.action.ANY_DATA_STATE apnType=ims
D/MobileDataStateTracker(  348): ims: Received state=DISCONNECTED, old=DISCONNECTED, reason=simLoaded
D/MobileDataStateTracker(  348): mms: Broadcast received: android.intent.action.ANY_DATA_STATE apnType=mms
D/MobileDataStateTracker(  348): mms: Received state=DISCONNECTED, old=DISCONNECTED, reason=simLoaded
D/MobileDataStateTracker(  348): cbs: Broadcast received: android.intent.action.ANY_DATA_STATE apnType=cbs
D/MobileDataStateTracker(  348): cbs: Received state=DISCONNECTED, old=DISCONNECTED, reason=simLoaded
D/MobileDataStateTracker(  348): default: Broadcast received: android.intent.action.ANY_DATA_STATE apnType=default
D/dalvikvm(  348): GC_CONCURRENT freed 659K, 57% free 5591K/12712K, paused 12ms+4ms, total 173ms
D/dalvikvm(  348): WAIT_FOR_CONCURRENT_GC blocked 62ms
D/MobileDataStateTracker(  348): default: Received state=CONNECTED, old=CONNECTING, reason=connected
D/MobileDataStateTracker(  348): default: setDetailed state, old =CONNECTING and new state=CONNECTED
D/ConnectivityService(  348): ConnectivityChange for mobile: CONNECTED/CONNECTED
D/ConnectivityService(  348): ConnectivityChange checkMobileProvisioning for TYPE_MOBILE or ProvisioningNetwork
D/ConnectivityService(  348): checkMobileProvisioning: E suggestedTimeOutMs=60000
D/dalvikvm(  602): GC_CONCURRENT freed 429K, 14% free 3299K/3816K, paused 23ms+71ms, total 126ms
D/ConnectivityService(  348): setProvNotificationVisible: E visible=false networkType=5 extraInfo=null url=null
D/ConnectivityService(  348): checkMobileProvisioning: params={ url=http://clients3.google.com/generate_204 mTimeOutMs=60000 mCb=com.android.server.ConnectivityService$5@b36309b8}
D/ConnectivityService(  348): checkMobileProvisioning: X
D/Nat464Xlat(  348): requiresClat: netType=0, hasIPv4Address=true
D/dalvikvm(  686): GC_FOR_ALLOC freed 188K, 8% free 3112K/3372K, paused 40ms, total 57ms
I/dalvikvm-heap(  686): Grow heap (frag case) to 3.716MB for 640016-byte allocation
I/NetworkPolicy(  348): no policy for active mobile network; generating default policy
D/dalvikvm(  686): GC_FOR_ALLOC freed 2K, 7% free 3734K/4000K, paused 96ms, total 96ms
D/dalvikvm(  686): GC_CONCURRENT freed 6K, 7% free 3727K/4000K, paused 3ms+2ms, total 49ms
D/MobileDataStateTracker(  348): default: setPolicyDataEnable(enabled=true)
W/Resources(  686): Converting to int: TypedValue{t=0x3/d=0x12 "4" a=-1}
W/Resources(  686): Converting to int: TypedValue{t=0x3/d=0xf "1" a=-1}
W/Resources(  686): Converting to int: TypedValue{t=0x3/d=0x15 "2" a=-1}
W/Resources(  686): Converting to int: TypedValue{t=0x3/d=0x15 "2" a=-1}
W/Launcher.LauncherProvider(  686): Unable to add favorite: com.android.camera2/com.android.camera.CameraLauncher
W/Launcher.LauncherProvider(  686): android.content.pm.PackageManager$NameNotFoundException: ComponentInfo{com.android.camera2/com.android.camera.CameraLauncher}
W/Launcher.LauncherProvider(  686): 	at android.app.ApplicationPackageManager.getActivityInfo(ApplicationPackageManager.java:242)
W/Launcher.LauncherProvider(  686): 	at com.android.launcher2.LauncherProvider$DatabaseHelper.addAppShortcut(LauncherProvider.java:959)
W/Launcher.LauncherProvider(  686): 	at com.android.launcher2.LauncherProvider$DatabaseHelper.loadFavorites(LauncherProvider.java:863)
W/Launcher.LauncherProvider(  686): 	at com.android.launcher2.LauncherProvider$DatabaseHelper.access$000(LauncherProvider.java:253)
W/Launcher.LauncherProvider(  686): 	at com.android.launcher2.LauncherProvider.loadDefaultFavoritesIfNecessary(LauncherProvider.java:237)
W/Launcher.LauncherProvider(  686): 	at com.android.launcher2.LauncherModel$LoaderTask.loadWorkspace(LauncherModel.java:1278)
W/Launcher.LauncherProvider(  686): 	at com.android.launcher2.LauncherModel$LoaderTask.loadAndBindWorkspace(LauncherModel.java:1020)
W/Launcher.LauncherProvider(  686): 	at com.android.launcher2.LauncherModel$LoaderTask.run(LauncherModel.java:1126)
W/Launcher.LauncherProvider(  686): 	at android.os.Handler.handleCallback(Handler.java:733)
W/Launcher.LauncherProvider(  686): 	at android.os.Handler.dispatchMessage(Handler.java:95)
W/Launcher.LauncherProvider(  686): 	at android.os.Looper.loop(Looper.java:136)
W/Launcher.LauncherProvider(  686): 	at android.os.HandlerThread.run(HandlerThread.java:61)
W/Launcher.LauncherProvider(  686): Unable to add favorite: com.android.gallery3d/com.android.gallery3d.app.Gallery
W/Launcher.LauncherProvider(  686): android.content.pm.PackageManager$NameNotFoundException: ComponentInfo{com.android.gallery3d/com.android.gallery3d.app.Gallery}
W/Launcher.LauncherProvider(  686): 	at android.app.ApplicationPackageManager.getActivityInfo(ApplicationPackageManager.java:242)
W/Launcher.LauncherProvider(  686): 	at com.android.launcher2.LauncherProvider$DatabaseHelper.addAppShortcut(LauncherProvider.java:959)
W/Launcher.LauncherProvider(  686): 	at com.android.launcher2.LauncherProvider$DatabaseHelper.loadFavorites(LauncherProvider.java:863)
W/Launcher.LauncherProvider(  686): 	at com.android.launcher2.LauncherProvider$DatabaseHelper.access$000(LauncherProvider.java:253)
W/Launcher.LauncherProvider(  686): 	at com.android.launcher2.LauncherProvider.loadDefaultFavoritesIfNecessary(LauncherProvider.java:237)
W/Launcher.LauncherProvider(  686): 	at com.android.launcher2.LauncherModel$LoaderTask.loadWorkspace(LauncherModel.java:1278)
W/Launcher.LauncherProvider(  686): 	at com.android.launcher2.LauncherModel$LoaderTask.loadAndBindWorkspace(LauncherModel.java:1020)
W/Launcher.LauncherProvider(  686): 	at com.android.launcher2.LauncherModel$LoaderTask.run(LauncherModel.java:1126)
W/Launcher.LauncherProvider(  686): 	at android.os.Handler.handleCallback(Handler.java:733)
W/Launcher.LauncherProvider(  686): 	at android.os.Handler.dispatchMessage(Handler.java:95)
W/Launcher.LauncherProvider(  686): 	at android.os.Looper.loop(Looper.java:136)
W/Launcher.LauncherProvider(  686): 	at android.os.HandlerThread.run(HandlerThread.java:61)
I/SurfaceFlinger(   57): Boot is finished (70493 ms)
E/NetdConnector(  348): NDC Command {12 bandwidth setiquota eth0 9223372036854775807} took too long (1356ms)
D/dalvikvm(  348): GC_CONCURRENT freed 520K, 55% free 5757K/12712K, paused 5ms+35ms, total 490ms
D/MobileDataStateTracker(  348): default: setPolicyDataEnable(enabled=true)
D/MobileDataStateTracker(  348): default: isProvisioningNetwork: retVal=false
D/ConnectivityService(  348): [CheckMp] isMobileOk: isDefaultProvisioning=false
D/dalvikvm(  686): GC_CONCURRENT freed 299K, 9% free 3853K/4224K, paused 4ms+3ms, total 95ms
D/MobileDataStateTracker(  348): hipri: isProvisioningNetwork: retVal=false
D/ConnectivityService(  348): [CheckMp] isMobileOk: isHipriProvisioning=false
D/ConnectivityService(  348): [CheckMp] isMobileOk: start hipri url=http://clients3.google.com/generate_204
I/InputReader(  348): Reconfiguring input devices.  changes=0x00000010
W/ActivityManager(  348): Launch timeout has expired, giving up wake lock!
I/PackageManager(  348):   Action: "android.intent.action.SENDTO"
I/PackageManager(  348):   Category: "android.intent.category.DEFAULT"
I/PackageManager(  348):   Scheme: "sms"
I/PackageManager(  348): Adding preferred activity ComponentInfo{com.android.mms/com.android.mms.ui.ComposeMessageActivity} for user 0 :
I/PackageManager(  348):   Action: "android.intent.action.SENDTO"
I/PackageManager(  348):   Category: "android.intent.category.DEFAULT"
I/PackageManager(  348):   Scheme: "smsto"
I/PackageManager(  348): Adding preferred activity ComponentInfo{com.android.mms/com.android.mms.ui.ComposeMessageActivity} for user 0 :
I/PackageManager(  348):   Action: "android.intent.action.SENDTO"
I/PackageManager(  348):   Category: "android.intent.category.DEFAULT"
I/PackageManager(  348): Adding preferred activity ComponentInfo{com.android.mms/com.android.mms.ui.ComposeMessageActivity} for user 0 :
I/PackageManager(  348):   Scheme: "mms"
I/PackageManager(  348):   Action: "android.intent.action.SENDTO"
I/PackageManager(  348):   Category: "android.intent.category.DEFAULT"
I/PackageManager(  348):   Scheme: "mmsto"
I/PackageManager(  348): Adding preferred activity ComponentInfo{com.android.mms/com.android.mms.ui.ComposeMessageActivity} for user 0 :
E/NetdConnector(  348): NDC Command {13 bandwidth removeiquota eth0} took too long (730ms)
I/PackageManager(  348):   Action: "android.intent.action.SENDTO"
I/PackageManager(  348):   Category: "android.intent.category.DEFAULT"
I/PackageManager(  348):   Scheme: "sms"
I/PackageManager(  348): Adding preferred activity ComponentInfo{com.android.mms/com.android.mms.ui.ComposeMessageActivity} for user 0 :
D/dalvikvm(  348): GC_CONCURRENT freed 994K, 57% free 5523K/12712K, paused 6ms+16ms, total 197ms
D/dalvikvm(  348): WAIT_FOR_CONCURRENT_GC blocked 101ms
W/WindowManager(  348): App freeze timeout expired.
W/WindowManager(  348): Force clearing freeze: AppWindowToken{b36b6918 token=Token{b319f5b0 ActivityRecord{b303abd0 u0 com.android.launcher/com.android.launcher2.Launcher t3}}}
I/WindowManager(  348): Screen frozen for +5s37ms due to AppWindowToken{b36b6918 token=Token{b319f5b0 ActivityRecord{b303abd0 u0 com.android.launcher/com.android.launcher2.Launcher t3}}}
D/Tethering(  348): MasterInitialState.processMessage what=3
D/CaptivePortalTracker(  348): NoActiveNetworkState{ when=0 what=1 obj=NetworkInfo: type: mobile[UMTS], state: CONNECTED/CONNECTED, reason: connected, extra: epc.tmobile.com, roaming: false, failover: false, isAvailable: true, isConnectedToProvisioningNetwork: false target=com.android.internal.util.StateMachine$SmHandler }
D/CaptivePortalTracker(  348): NoActiveNetworkState not a wifi connectivity change, ignore
I/ARMAssembler(   57): generated scanline__00000077:03515104_00009001_00000000 [131 ipp] (153 ins) at [0xb5a5b410:0xb5a5b674] in 0 ns
I/Choreographer(  348): Skipped 50 frames!  The application may be doing too much work on its main thread.
W/dalvikvm(  602): threadid=2: spin on suspend #1 threadid=8 (pcf=0)
D/dalvikvm(  602): Temporarily moving tid 626 to fg (was 0)
D/dalvikvm(  602): Temporarily raised priority on tid 626 (10 -> 0)
D/Launcher.Model(  686): Reload apps on config change. curr_mcc:310 prevmcc:0
I/Choreographer(  686): Skipped 658 frames!  The application may be doing too much work on its main thread.
E/NetdConnector(  348): NDC Command {14 bandwidth setiquota eth0 9223372036854775807} took too long (1619ms)
W/dalvikvm(  602): threadid=2: spin on suspend resolved in 1611 msec
D/dalvikvm(  602): Restored policy of 626 to 0
D/dalvikvm(  602): Restored priority on 626 to 10
I/PackageManager(  348):   Action: "android.intent.action.SENDTO"
I/PackageManager(  348):   Category: "android.intent.category.DEFAULT"
I/PackageManager(  348):   Scheme: "smsto"
I/PackageManager(  348): Adding preferred activity ComponentInfo{com.android.mms/com.android.mms.ui.ComposeMessageActivity} for user 0 :
D/dalvikvm(  602): GC_CONCURRENT freed 341K, 13% free 3364K/3840K, paused 1761ms+278ms, total 2173ms
D/MobileDataStateTracker(  348): default: setPolicyDataEnable(enabled=true)
I/PackageManager(  348):   Action: "android.intent.action.SENDTO"
I/PackageManager(  348):   Category: "android.intent.category.DEFAULT"
I/PackageManager(  348):   Scheme: "mms"
I/PackageManager(  348): Adding preferred activity ComponentInfo{com.android.mms/com.android.mms.ui.ComposeMessageActivity} for user 0 :
I/PackageManager(  348):   Action: "android.intent.action.SENDTO"
I/PackageManager(  348):   Category: "android.intent.category.DEFAULT"
I/PackageManager(  348):   Scheme: "mmsto"
I/PackageManager(  348): Adding preferred activity ComponentInfo{com.android.mms/com.android.mms.ui.ComposeMessageActivity} for user 0 :
D/dalvikvm(  348): GC_EXPLICIT freed 632K, 57% free 5581K/12712K, paused 85ms+15ms, total 388ms
D/dalvikvm(  348): WAIT_FOR_CONCURRENT_GC blocked 84ms
I/Choreographer(  686): Skipped 213 frames!  The application may be doing too much work on its main thread.
D/dalvikvm(  686): GC_CONCURRENT freed 235K, 8% free 4013K/4320K, paused 2ms+31ms, total 178ms
D/gralloc_goldfish(  686): Emulator without GPU emulation detected.
D/dalvikvm(  686): GC_FOR_ALLOC freed 136K, 10% free 3906K/4336K, paused 38ms, total 44ms
I/dalvikvm-heap(  686): Grow heap (frag case) to 5.417MB for 1610896-byte allocation
D/dalvikvm(  686): GC_FOR_ALLOC freed 8K, 8% free 5471K/5912K, paused 28ms, total 28ms
D/ConnectivityService(  348): startUsingNetworkFeature reconnecting to 0: enableHIPRI
D/ConnectivityService(  348): startUsingNetworkFeature X: return APN_REQUEST_STARTED
E/ConnectivityService(  348): startUsingNetworkFeature took too long: 4124ms
D/ConnectivityService(  348): [CheckMp] isMobileOk: hipri started
D/MobileDataStateTracker(  348): hipri: Broadcast received: android.intent.action.ANY_DATA_STATE apnType=hipri
D/AndroidRuntime(  795): 
D/AndroidRuntime(  795): >>>>>> AndroidRuntime START com.android.internal.os.RuntimeInit <<<<<<
D/AndroidRuntime(  795): CheckJNI is ON
D/MobileDataStateTracker(  348): hipri: Received state=CONNECTING, old=DISCONNECTED, reason=dataEnabled
D/MobileDataStateTracker(  348): hipri: setDetailed state, old =IDLE and new state=CONNECTING
D/ConnectivityService(  348): [CheckMp] isMobileOk: not connected ni=NetworkInfo: type: mobile_hipri[UMTS], state: CONNECTING/CONNECTING, reason: dataEnabled, extra: epc.tmobile.com, roaming: false, failover: false, isAvailable: true, isConnectedToProvisioningNetwork: false
D/dalvikvm(  686): GC_CONCURRENT freed <1K, 8% free 5471K/5912K, paused 12ms+2ms, total 155ms
D/dalvikvm(  686): WAIT_FOR_CONCURRENT_GC blocked 122ms
D/MobileDataStateTracker(  348): fota: Broadcast received: android.intent.action.ANY_DATA_STATE apnType=fota
I/dalvikvm-heap(  686): Grow heap (frag case) to 6.946MB for 1610896-byte allocation
D/MobileDataStateTracker(  348): fota: Received state=DISCONNECTED, old=DISCONNECTED, reason=dataEnabled
D/MobileDataStateTracker(  348): ia: Broadcast received: android.intent.action.ANY_DATA_STATE apnType=ia
D/dalvikvm(  795): Trying to load lib libjavacore.so 0x0
D/MobileDataStateTracker(  348): ia: Received state=DISCONNECTED, old=DISCONNECTED, reason=dataEnabled
D/MobileDataStateTracker(  348): supl: Broadcast received: android.intent.action.ANY_DATA_STATE apnType=supl
D/dalvikvm(  795): Added shared lib libjavacore.so 0x0
D/MobileDataStateTracker(  348): supl: Received state=DISCONNECTED, old=DISCONNECTED, reason=dataEnabled
D/MobileDataStateTracker(  348): ims: Broadcast received: android.intent.action.ANY_DATA_STATE apnType=ims
D/MobileDataStateTracker(  348): ims: Received state=DISCONNECTED, old=DISCONNECTED, reason=dataEnabled
D/dalvikvm(  795): Trying to load lib libnativehelper.so 0x0
D/dalvikvm(  795): Added shared lib libnativehelper.so 0x0
D/dalvikvm(  795): No JNI_OnLoad found in libnativehelper.so 0x0, skipping init
D/dalvikvm(  686): GC_CONCURRENT freed <1K, 6% free 7044K/7488K, paused 36ms+2ms, total 159ms
D/dalvikvm(  686): WAIT_FOR_CONCURRENT_GC blocked 123ms
D/MobileDataStateTracker(  348): mms: Broadcast received: android.intent.action.ANY_DATA_STATE apnType=mms
D/MobileDataStateTracker(  348): mms: Received state=DISCONNECTED, old=DISCONNECTED, reason=dataEnabled
D/MobileDataStateTracker(  348): cbs: Broadcast received: android.intent.action.ANY_DATA_STATE apnType=cbs
D/MobileDataStateTracker(  348): cbs: Received state=DISCONNECTED, old=DISCONNECTED, reason=dataEnabled
D/dalvikvm(  602): GC_CONCURRENT freed 479K, 15% free 3298K/3848K, paused 5ms+2ms, total 260ms
D/MobileDataStateTracker(  348): hipri: Broadcast received: android.intent.action.ANY_DATA_STATE apnType=hipri
D/MobileDataStateTracker(  348): hipri: Received state=CONNECTED, old=CONNECTING, reason=dataEnabled
D/MobileDataStateTracker(  348): hipri: setDetailed state, old =CONNECTING and new state=CONNECTED
D/ConnectivityService(  348): ConnectivityChange for mobile_hipri: CONNECTED/CONNECTED
D/dalvikvm(  795): Note: class Landroid/app/ActivityManagerNative; has 179 unimplemented (abstract) methods
E/logwrapper(  804): executing /system/bin/ip failed: No such file or directory
E/ConnectivityService(  348): Exception trying to add a route: java.lang.IllegalStateException: command '21 interface fwmark exempt add 10.0.2.2/32' failed with '400 21 Failed to add exemption rule (File exists)'
E/logwrapper(  805): executing /system/bin/ip failed: No such file or directory
E/ConnectivityService(  348): Exception trying to add a route: java.lang.IllegalStateException: command '23 interface fwmark exempt add 10.0.2.3/32' failed with '400 23 Failed to add exemption rule (File exists)'
E/logwrapper(  806): executing /system/bin/ip failed: No such file or directory
E/ConnectivityService(  348): Exception trying to add a route: java.lang.IllegalStateException: command '25 interface fwmark exempt add 10.0.2.2/32' failed with '400 25 Failed to add exemption rule (File exists)'
E/logwrapper(  807): executing /system/bin/ip failed: No such file or directory
E/ConnectivityService(  348): Exception trying to add a route: java.lang.IllegalStateException: command '27 interface fwmark exempt add 10.0.2.4/32' failed with '400 27 Failed to add exemption rule (File exists)'
E/logwrapper(  808): executing /system/bin/ip failed: No such file or directory
E/SecondaryTablController(   54): ip route add failed: /system/bin/ip route add 10.0.2.2/32 via 0.0.0.0 dev eth0 table 60
W/FrameworkListener(   54): Handler 'interface' error (No such device)
E/ConnectivityService(  348): Exception trying to add a route: java.lang.IllegalStateException: command '28 interface route add eth0 secondary 10.0.2.2 32 0.0.0.0' failed with '400 28 ip route modification failed (No such device)'
E/logwrapper(  809): executing /system/bin/ip failed: No such file or directory
E/SecondaryTablController(   54): ip route add failed: /system/bin/ip route add 0.0.0.0/0 via 10.0.2.2 dev eth0 table 60
W/FrameworkListener(   54): Handler 'interface' error (No such device)
E/ConnectivityService(  348): Exception trying to add a route: java.lang.IllegalStateException: command '29 interface route add eth0 secondary 0.0.0.0 0 10.0.2.2' failed with '400 29 ip route modification failed (No such device)'
D/Nat464Xlat(  348): requiresClat: netType=5, hasIPv4Address=true
D/MobileDataStateTracker(  348): default: setPolicyDataEnable(enabled=true)
W/NetworkPolicy(  348): shared quota unsupported; generating rule for each iface
I/ActivityManager(  348): Displayed com.android.launcher/com.android.launcher2.Launcher: +13s381ms (total +16s641ms)
I/Choreographer(  348): Skipped 43 frames!  The application may be doing too much work on its main thread.
E/memtrack(  795): Couldn't load memtrack module (No such file or directory)
E/android.os.Debug(  795): failed to load memtrack module: -2
D/dalvikvm(  450): GC_FOR_ALLOC freed 3120K, 48% free 3587K/6776K, paused 302ms, total 326ms
I/dalvikvm-heap(  450): Grow heap (frag case) to 6.496MB for 3072016-byte allocation
D/dalvikvm(  450): GC_CONCURRENT freed 5K, 3% free 6582K/6776K, paused 4ms+2ms, total 181ms
I/Choreographer(  348): Skipped 138 frames!  The application may be doing too much work on its main thread.
D/AndroidRuntime(  795): Calling main entry com.android.commands.pm.Pm
E/NetdConnector(  348): NDC Command {31 bandwidth removeiquota eth0} took too long (1642ms)
I/Choreographer(  686): Skipped 233 frames!  The application may be doing too much work on its main thread.
I/ActivityManager(  348): Start proc com.android.defcontainer for service com.android.defcontainer/.DefaultContainerService: pid=823 uid=10003 gids={50003, 1028, 1015, 1023, 2001, 1035}
I/Choreographer(  686): Skipped 191 frames!  The application may be doing too much work on its main thread.
D/Tethering(  348): MasterInitialState.processMessage what=3
D/CaptivePortalTracker(  348): NoActiveNetworkState{ when=-22ms what=1 obj=NetworkInfo: type: mobile_hipri[UMTS], state: CONNECTED/CONNECTED, reason: dataEnabled, extra: epc.tmobile.com, roaming: false, failover: false, isAvailable: true, isConnectedToProvisioningNetwork: false target=com.android.internal.util.StateMachine$SmHandler }
D/CaptivePortalTracker(  348): NoActiveNetworkState not a wifi connectivity change, ignore
I/Choreographer(  686): Skipped 79 frames!  The application may be doing too much work on its main thread.
D/MobileDataStateTracker(  348): hipri: isProvisioningNetwork: retVal=false
D/ConnectivityService(  348): [CheckMp] isMobileOk: isProvisioningNetwork is false, continue
D/ConnectivityService(  348): [CheckMp] isMobileOk: addresses=clients3.google.com/172.217.23.14
D/ConnectivityService(  348): [CheckMp] isMobileOk: linkHasIpv4=true linkHasIpv6=false
E/NetdConnector(  348): NDC Command {32 bandwidth setiquota eth0 9223372036854775807} took too long (1842ms)
I/MediaProvider(  632): Upgrading media database from version 0 to 700, which will destroy all old data
E/logwrapper(  860): executing /system/bin/ip failed: No such file or directory
W/ActivityManager(  348): Activity destroy timeout for ActivityRecord{b2ddff20 u0 com.android.settings/.CryptKeeper t1 f}
E/NetdConnector(  348): NDC Command {34 bandwidth removeiquota eth0} took too long (922ms)
E/NetdConnector(  348): NDC Command {35 interface fwmark exempt add 10.0.2.2/32} took too long (934ms)
E/ConnectivityService(  348): Exception trying to add a route: java.lang.IllegalStateException: command '35 interface fwmark exempt add 10.0.2.2/32' failed with '400 35 Failed to add exemption rule (File exists)'
E/NetdConnector(  348): NDC Command {36 bandwidth setiquota eth0 9223372036854775807} took too long (1672ms)
D/MobileDataStateTracker(  348): default: setPolicyDataEnable(enabled=true)
E/NetdConnector(  348): NDC Command {37 interface route add eth0 default 172.217.23.14 32 10.0.2.2} took too long (1876ms)
D/dalvikvm(  348): GC_CONCURRENT freed 624K, 56% free 5553K/12456K, paused 6ms+5ms, total 56ms
E/logwrapper(  878): executing /system/bin/ip failed: No such file or directory
E/ConnectivityService(  348): Exception trying to add a route: java.lang.IllegalStateException: command '39 interface fwmark exempt add 172.217.23.14/32' failed with '400 39 Failed to add exemption rule (File exists)'
D/ConnectivityService(  348): requestRouteToHostAddress ok=false
D/ConnectivityService(  348): [CheckMp] isMobileOk: could not establish route to hostAddr=clients3.google.com/172.217.23.14
W/ActivityManager(  348): No content provider found for permission revoke: file:///data/local/tmp/sample_for_analysis.apk
E/SQLiteLog(  632): (1) no such table: album_info
D/dalvikvm(  632): GC_CONCURRENT freed 227K, 10% free 2887K/3184K, paused 6ms+4ms, total 77ms
I/ActivityManager(  348): Start proc com.android.externalstorage for broadcast com.android.externalstorage/.MountReceiver: pid=882 uid=10006 gids={50006, 1028, 1015, 1023}
I/DownloadManager(  632): Upgrading downloads database from version 0 to version 109, which will destroy all old data
D/ExternalStorage(  882): Missing UUID for /storage/sdcard; skipping
D/ExternalStorage(  882): After updating volumes, found 0 active roots
D/ExternalStorage(  882): Missing UUID for /storage/sdcard; skipping
D/ExternalStorage(  882): After updating volumes, found 0 active roots
D/MediaScannerReceiver(  632): action: android.intent.action.MEDIA_MOUNTED path: /storage/sdcard
D/dalvikvm(  686): GC_CONCURRENT freed 1877K, 24% free 6494K/8456K, paused 5ms+3ms, total 69ms
I/ContactLocale(  552): AddressBook Labels [en_US]: [, A, B, C, D, E, F, G, H, I, J, K, L, M, N, O, P, Q, R, S, T, U, V, W, X, Y, Z, , , , , , , , , , , , , , , , , , , , , , , , , , , , , , , , , , , , , , , , , , , , , , , , , , , , , , , , , , , , , , , , , , , , , , , , , , , , , , , , , , , , , , , , , , , , , , , , , , , , , , , , , , , , , , , , , , , , , , , , , , , , , , , , , , , , , , , , , , , , , , , , , , , , , , , , , , , , , , , , , , , , , , , , , , , , , , , , , , , , , , #, ]
W/ActivityManager(  348): No content provider found for permission revoke: file:///data/local/tmp/sample_for_analysis.apk
I/PackageManager(  348): Copying native libraries to /data/app-lib/vmdl611396229
D/GpsLocationProvider(  348): NTP server returned: 1545767357673 (Tue Dec 25 14:49:17 EST 2018) reference: 74413 certainty: 17 system time offset: -31771
V/MediaScanner(  632): pruneDeadThumbnailFiles... android.database.sqlite.SQLiteCursor@b2dd0908
V/MediaScanner(  632): /pruneDeadThumbnailFiles... android.database.sqlite.SQLiteCursor@b2dd0908
D/dalvikvm(  348): GC_CONCURRENT freed 393K, 54% free 5794K/12456K, paused 5ms+4ms, total 53ms
D/dalvikvm(  348): GC_CONCURRENT freed 452K, 52% free 6035K/12456K, paused 15ms+39ms, total 105ms
I/ActivityManager(  348): Start proc com.android.exchange for content provider com.android.exchange/.provider.ExchangeDirectoryProvider: pid=898 uid=10025 gids={50025, 3003, 1028, 1015}
D/dalvikvm(  348): GC_CONCURRENT freed 700K, 52% free 6085K/12456K, paused 6ms+6ms, total 74ms
E/logwrapper(  910): executing /system/bin/ip failed: No such file or directory
E/ConnectivityService(  348): Exception trying to add a route: java.lang.IllegalStateException: command '41 interface fwmark exempt add 10.0.2.2/32' failed with '400 41 Failed to add exemption rule (File exists)'
E/logwrapper(  911): executing /system/bin/ip failed: No such file or directory
E/ConnectivityService(  348): Exception trying to add a route: java.lang.IllegalStateException: command '43 interface fwmark exempt add 172.217.23.14/32' failed with '400 43 Failed to add exemption rule (File exists)'
D/ConnectivityService(  348): requestRouteToHostAddress ok=false
D/ConnectivityService(  348): [CheckMp] isMobileOk: could not establish route to hostAddr=clients3.google.com/172.217.23.14
D/dalvikvm(  348): GC_CONCURRENT freed 762K, 52% free 6084K/12456K, paused 6ms+7ms, total 74ms
D/dalvikvm(  348): GC_CONCURRENT freed 758K, 52% free 6097K/12456K, paused 7ms+5ms, total 67ms
D/dalvikvm(  348): GC_CONCURRENT freed 767K, 51% free 6110K/12456K, paused 6ms+5ms, total 72ms
D/dalvikvm(  348): GC_CONCURRENT freed 775K, 51% free 6155K/12456K, paused 6ms+6ms, total 79ms
D/dalvikvm(  348): GC_CONCURRENT freed 794K, 51% free 6150K/12456K, paused 6ms+6ms, total 83ms
I/PackageManager(  348): Running dexopt on: com.kb.abc
D/dalvikvm(  912): DexOpt: load 150ms, verify+opt 503ms, 1025164 bytes
I/ActivityManager(  348): Force stopping com.kb.abc appid=10052 user=-1: update pkg
I/InputReader(  348): Reconfiguring input devices.  changes=0x00000010
I/PackageManager(  348):   Action: "android.intent.action.SENDTO"
I/PackageManager(  348):   Category: "android.intent.category.DEFAULT"
I/PackageManager(  348):   Scheme: "sms"
I/PackageManager(  348): Adding preferred activity ComponentInfo{com.android.mms/com.android.mms.ui.ComposeMessageActivity} for user 0 :
D/BackupManagerService(  348): Received broadcast Intent { act=android.intent.action.PACKAGE_ADDED dat=package:com.kb.abc flg=0x4000010 (has extras) }
V/BackupManagerService(  348): addPackageParticipantsLocked: #1
I/PackageManager(  348):   Action: "android.intent.action.SENDTO"
I/PackageManager(  348):   Category: "android.intent.category.DEFAULT"
I/PackageManager(  348):   Scheme: "smsto"
I/PackageManager(  348): Adding preferred activity ComponentInfo{com.android.mms/com.android.mms.ui.ComposeMessageActivity} for user 0 :
I/PackageManager(  348):   Action: "android.intent.action.SENDTO"
I/PackageManager(  348):   Category: "android.intent.category.DEFAULT"
I/PackageManager(  348):   Scheme: "mms"
I/PackageManager(  348): Adding preferred activity ComponentInfo{com.android.mms/com.android.mms.ui.ComposeMessageActivity} for user 0 :
I/PackageManager(  348):   Action: "android.intent.action.SENDTO"
I/PackageManager(  348):   Category: "android.intent.category.DEFAULT"
I/PackageManager(  348):   Scheme: "mmsto"
I/PackageManager(  348): Adding preferred activity ComponentInfo{com.android.mms/com.android.mms.ui.ComposeMessageActivity} for user 0 :
I/PackageManager(  348):   Action: "android.intent.action.SENDTO"
I/PackageManager(  348):   Category: "android.intent.category.DEFAULT"
I/PackageManager(  348):   Scheme: "sms"
I/PackageManager(  348): Adding preferred activity ComponentInfo{com.android.mms/com.android.mms.ui.ComposeMessageActivity} for user 0 :
D/dalvikvm(  348): GC_CONCURRENT freed 843K, 51% free 6172K/12456K, paused 39ms+9ms, total 155ms
D/dalvikvm(  348): WAIT_FOR_CONCURRENT_GC blocked 21ms
D/dalvikvm(  348): WAIT_FOR_CONCURRENT_GC blocked 109ms
E/logwrapper(  913): executing /system/bin/ip failed: No such file or directory
E/ConnectivityService(  348): Exception trying to add a route: java.lang.IllegalStateException: command '45 interface fwmark exempt add 10.0.2.2/32' failed with '400 45 Failed to add exemption rule (File exists)'
I/PackageManager(  348):   Action: "android.intent.action.SENDTO"
I/PackageManager(  348):   Category: "android.intent.category.DEFAULT"
I/PackageManager(  348):   Scheme: "smsto"
I/PackageManager(  348): Adding preferred activity ComponentInfo{com.android.mms/com.android.mms.ui.ComposeMessageActivity} for user 0 :
D/dalvikvm(  602): GC_CONCURRENT freed 358K, 13% free 3364K/3848K, paused 33ms+3ms, total 62ms
I/PackageManager(  348):   Action: "android.intent.action.SENDTO"
I/PackageManager(  348):   Category: "android.intent.category.DEFAULT"
I/PackageManager(  348):   Scheme: "mms"
I/PackageManager(  348): Adding preferred activity ComponentInfo{com.android.mms/com.android.mms.ui.ComposeMessageActivity} for user 0 :
I/PackageManager(  348):   Action: "android.intent.action.SENDTO"
I/PackageManager(  348):   Category: "android.intent.category.DEFAULT"
I/PackageManager(  348):   Scheme: "mmsto"
I/PackageManager(  348): Adding preferred activity ComponentInfo{com.android.mms/com.android.mms.ui.ComposeMessageActivity} for user 0 :
E/BluetoothAdapter(  613): Bluetooth binder is null
I/ActivityManager(  348): Start proc com.android.email for content provider com.android.email/.provider.EmailProvider: pid=916 uid=10024 gids={50024, 3003, 1028, 1015}
E/logwrapper(  928): executing /system/bin/ip failed: No such file or directory
E/ConnectivityService(  348): Exception trying to add a route: java.lang.IllegalStateException: command '47 interface fwmark exempt add 172.217.23.14/32' failed with '400 47 Failed to add exemption rule (File exists)'
