I/PackageManager(  355):   Action: "android.intent.action.SENDTO"
I/PackageManager(  355):   Category: "android.intent.category.DEFAULT"
I/PackageManager(  355):   Scheme: "mmsto"
I/PackageManager(  355): Adding preferred activity ComponentInfo{com.android.mms/com.android.mms.ui.ComposeMessageActivity} for user 0 :
E/BluetoothAdapter(  614): Bluetooth binder is null
E/BluetoothAdapter(  614): Bluetooth binder is null
D/dalvikvm(  604): GC_CONCURRENT freed 383K, 14% free 2970K/3424K, paused 4ms+2ms, total 178ms
D/CallNotifier(  614): CallNotifier: mSignalInfoToneGenerator created when toneplay
E/BluetoothAdapter(  614): Bluetooth binder is null
D/dalvikvm(  604): GC_CONCURRENT freed 422K, 17% free 2973K/3544K, paused 13ms+1ms, total 35ms
D/dalvikvm(  604): WAIT_FOR_CONCURRENT_GC blocked 11ms
D/MobileDataStateTracker(  355): fota: Broadcast received: android.intent.action.ANY_DATA_STATE apnType=fota
D/MobileDataStateTracker(  355): fota: Received state=DISCONNECTED, old=DISCONNECTED, reason=radioTurnedOff
D/MobileDataStateTracker(  355): ia: Broadcast received: android.intent.action.ANY_DATA_STATE apnType=ia
D/MobileDataStateTracker(  355): ia: Received state=DISCONNECTED, old=DISCONNECTED, reason=radioTurnedOff
D/MobileDataStateTracker(  355): supl: Broadcast received: android.intent.action.ANY_DATA_STATE apnType=supl
D/MobileDataStateTracker(  355): supl: Received state=DISCONNECTED, old=DISCONNECTED, reason=radioTurnedOff
D/MobileDataStateTracker(  355): hipri: Broadcast received: android.intent.action.ANY_DATA_STATE apnType=hipri
D/MobileDataStateTracker(  355): hipri: Received state=DISCONNECTED, old=DISCONNECTED, reason=radioTurnedOff
I/LatinIME:LogUtils(  604): Dictionary info: dictionary = main:en ; version = 42 ; date = 1381226429
D/MobileDataStateTracker(  355): ims: Broadcast received: android.intent.action.ANY_DATA_STATE apnType=ims
D/MobileDataStateTracker(  355): ims: Received state=DISCONNECTED, old=DISCONNECTED, reason=radioTurnedOff
D/MobileDataStateTracker(  355): default: Broadcast received: android.intent.action.ANY_DATA_STATE apnType=default
D/MobileDataStateTracker(  355): default: Received state=DISCONNECTED, old=DISCONNECTED, reason=radioTurnedOff
D/MobileDataStateTracker(  355): mms: Broadcast received: android.intent.action.ANY_DATA_STATE apnType=mms
D/MobileDataStateTracker(  355): mms: Received state=DISCONNECTED, old=DISCONNECTED, reason=radioTurnedOff
D/MobileDataStateTracker(  355): cbs: Broadcast received: android.intent.action.ANY_DATA_STATE apnType=cbs
D/MobileDataStateTracker(  355): cbs: Received state=DISCONNECTED, old=DISCONNECTED, reason=radioTurnedOff
D/MobileDataStateTracker(  355): fota: Broadcast received: android.intent.action.ANY_DATA_STATE apnType=fota
D/MobileDataStateTracker(  355): fota: Received state=DISCONNECTED, old=DISCONNECTED, reason=radioTurnedOff
D/MobileDataStateTracker(  355): ia: Broadcast received: android.intent.action.ANY_DATA_STATE apnType=ia
D/MobileDataStateTracker(  355): ia: Received state=DISCONNECTED, old=DISCONNECTED, reason=radioTurnedOff
D/MobileDataStateTracker(  355): supl: Broadcast received: android.intent.action.ANY_DATA_STATE apnType=supl
D/MobileDataStateTracker(  355): supl: Received state=DISCONNECTED, old=DISCONNECTED, reason=radioTurnedOff
D/MobileDataStateTracker(  355): hipri: Broadcast received: android.intent.action.ANY_DATA_STATE apnType=hipri
D/MobileDataStateTracker(  355): hipri: Received state=DISCONNECTED, old=DISCONNECTED, reason=radioTurnedOff
D/MobileDataStateTracker(  355): ims: Broadcast received: android.intent.action.ANY_DATA_STATE apnType=ims
I/LatinIME:LogUtils(  604): Dictionary info: dictionary = main:en ; version = 42 ; date = 1381226429
D/MobileDataStateTracker(  355): ims: Received state=DISCONNECTED, old=DISCONNECTED, reason=radioTurnedOff
D/MobileDataStateTracker(  355): default: Broadcast received: android.intent.action.ANY_DATA_STATE apnType=default
D/MobileDataStateTracker(  355): default: Received state=DISCONNECTED, old=DISCONNECTED, reason=radioTurnedOff
D/MobileDataStateTracker(  355): mms: Broadcast received: android.intent.action.ANY_DATA_STATE apnType=mms
D/MobileDataStateTracker(  355): mms: Received state=DISCONNECTED, old=DISCONNECTED, reason=radioTurnedOff
D/MobileDataStateTracker(  355): cbs: Broadcast received: android.intent.action.ANY_DATA_STATE apnType=cbs
D/MobileDataStateTracker(  355): cbs: Received state=DISCONNECTED, old=DISCONNECTED, reason=radioTurnedOff
D/MobileDataStateTracker(  355): fota: Broadcast received: android.intent.action.ANY_DATA_STATE apnType=fota
D/MobileDataStateTracker(  355): fota: Received state=DISCONNECTED, old=DISCONNECTED, reason=dataDetached
D/MobileDataStateTracker(  355): ia: Broadcast received: android.intent.action.ANY_DATA_STATE apnType=ia
D/MobileDataStateTracker(  355): ia: Received state=DISCONNECTED, old=DISCONNECTED, reason=dataDetached
D/MobileDataStateTracker(  355): supl: Broadcast received: android.intent.action.ANY_DATA_STATE apnType=supl
D/MobileDataStateTracker(  355): supl: Received state=DISCONNECTED, old=DISCONNECTED, reason=dataDetached
D/MobileDataStateTracker(  355): hipri: Broadcast received: android.intent.action.ANY_DATA_STATE apnType=hipri
D/MobileDataStateTracker(  355): hipri: Received state=DISCONNECTED, old=DISCONNECTED, reason=dataDetached
D/MobileDataStateTracker(  355): ims: Broadcast received: android.intent.action.ANY_DATA_STATE apnType=ims
I/LatinIME:LogUtils(  604): Dictionary info: dictionary = main:en ; version = 42 ; date = 1381226429
D/MobileDataStateTracker(  355): ims: Received state=DISCONNECTED, old=DISCONNECTED, reason=dataDetached
D/MobileDataStateTracker(  355): default: Broadcast received: android.intent.action.ANY_DATA_STATE apnType=default
D/MobileDataStateTracker(  355): default: Received state=DISCONNECTED, old=DISCONNECTED, reason=dataDetached
D/MobileDataStateTracker(  355): mms: Broadcast received: android.intent.action.ANY_DATA_STATE apnType=mms
D/MobileDataStateTracker(  355): mms: Received state=DISCONNECTED, old=DISCONNECTED, reason=dataDetached
D/MobileDataStateTracker(  355): cbs: Broadcast received: android.intent.action.ANY_DATA_STATE apnType=cbs
D/MobileDataStateTracker(  355): cbs: Received state=DISCONNECTED, old=DISCONNECTED, reason=dataDetached
D/MobileDataStateTracker(  355): fota: Broadcast received: android.intent.action.ANY_DATA_STATE apnType=fota
D/MobileDataStateTracker(  355): fota: Received state=DISCONNECTED, old=DISCONNECTED, reason=roamingOff
D/MobileDataStateTracker(  355): ia: Broadcast received: android.intent.action.ANY_DATA_STATE apnType=ia
D/MobileDataStateTracker(  355): ia: Received state=DISCONNECTED, old=DISCONNECTED, reason=roamingOff
D/MobileDataStateTracker(  355): supl: Broadcast received: android.intent.action.ANY_DATA_STATE apnType=supl
D/MobileDataStateTracker(  355): supl: Received state=DISCONNECTED, old=DISCONNECTED, reason=roamingOff
D/MobileDataStateTracker(  355): hipri: Broadcast received: android.intent.action.ANY_DATA_STATE apnType=hipri
D/MobileDataStateTracker(  355): hipri: Received state=DISCONNECTED, old=DISCONNECTED, reason=roamingOff
D/MobileDataStateTracker(  355): ims: Broadcast received: android.intent.action.ANY_DATA_STATE apnType=ims
I/LatinIME:LogUtils(  604): Dictionary info: dictionary = main:en ; version = 42 ; date = 1381226429
D/dalvikvm(  614): GC_CONCURRENT freed 280K, 11% free 3048K/3400K, paused 11ms+31ms, total 88ms
D/MobileDataStateTracker(  355): ims: Received state=DISCONNECTED, old=DISCONNECTED, reason=roamingOff
D/MobileDataStateTracker(  355): default: Broadcast received: android.intent.action.ANY_DATA_STATE apnType=default
D/MobileDataStateTracker(  355): default: Received state=DISCONNECTED, old=DISCONNECTED, reason=roamingOff
D/MobileDataStateTracker(  355): mms: Broadcast received: android.intent.action.ANY_DATA_STATE apnType=mms
D/MobileDataStateTracker(  355): mms: Received state=DISCONNECTED, old=DISCONNECTED, reason=roamingOff
D/MobileDataStateTracker(  355): cbs: Broadcast received: android.intent.action.ANY_DATA_STATE apnType=cbs
D/MobileDataStateTracker(  355): cbs: Received state=DISCONNECTED, old=DISCONNECTED, reason=roamingOff
D/MobileDataStateTracker(  355): fota: Broadcast received: android.intent.action.ANY_DATA_STATE apnType=fota
I/FusedLocation(  355): engine started (com.android.location.fused)
I/FusedLocation(  355): engine stopped (com.android.location.fused)
I/FusedLocation(  355): engine started (com.android.location.fused)
D/MobileDataStateTracker(  355): fota: Received state=DISCONNECTED, old=DISCONNECTED, reason=roamingOff
D/MobileDataStateTracker(  355): ia: Broadcast received: android.intent.action.ANY_DATA_STATE apnType=ia
D/MobileDataStateTracker(  355): ia: Received state=DISCONNECTED, old=DISCONNECTED, reason=roamingOff
D/MobileDataStateTracker(  355): supl: Broadcast received: android.intent.action.ANY_DATA_STATE apnType=supl
D/MobileDataStateTracker(  355): supl: Received state=DISCONNECTED, old=DISCONNECTED, reason=roamingOff
D/MobileDataStateTracker(  355): hipri: Broadcast received: android.intent.action.ANY_DATA_STATE apnType=hipri
D/MobileDataStateTracker(  355): hipri: Received state=DISCONNECTED, old=DISCONNECTED, reason=roamingOff
D/MobileDataStateTracker(  355): ims: Broadcast received: android.intent.action.ANY_DATA_STATE apnType=ims
D/MobileDataStateTracker(  355): ims: Received state=DISCONNECTED, old=DISCONNECTED, reason=roamingOff
D/MobileDataStateTracker(  355): default: Broadcast received: android.intent.action.ANY_DATA_STATE apnType=default
D/MobileDataStateTracker(  355): default: Received state=DISCONNECTED, old=DISCONNECTED, reason=roamingOff
D/MobileDataStateTracker(  355): mms: Broadcast received: android.intent.action.ANY_DATA_STATE apnType=mms
D/TelephonyDebugService(  614): TelephonyDebugService()
D/MobileDataStateTracker(  355): mms: Received state=DISCONNECTED, old=DISCONNECTED, reason=roamingOff
D/MobileDataStateTracker(  355): cbs: Broadcast received: android.intent.action.ANY_DATA_STATE apnType=cbs
D/MobileDataStateTracker(  355): cbs: Received state=DISCONNECTED, old=DISCONNECTED, reason=roamingOff
I/LatinIME:LogUtils(  604): Dictionary info: dictionary = main:en ; version = 42 ; date = 1381226429
I/LatinIME:LogUtils(  604): Dictionary info: dictionary = main:en ; version = 42 ; date = 1381226429
I/LatinIME:LogUtils(  604): Dictionary info: dictionary = main:en ; version = 42 ; date = 1381226429
I/LatinIME:LogUtils(  604): Dictionary info: dictionary = main:en ; version = 42 ; date = 1381226429
D/dalvikvm(  604): GC_CONCURRENT freed 319K, 14% free 3079K/3544K, paused 119ms+6ms, total 214ms
D/dalvikvm(  355): GC_CONCURRENT freed 562K, 55% free 5439K/11924K, paused 81ms+35ms, total 445ms
D/MccTable(  614): updateMccMncConfiguration: mcc=310, mnc=260
D/AlarmManagerService(  355): Kernel timezone updated to 300 minutes west of GMT
D/MccTable(  614): timezone set to America/New_York
D/MccTable(  614): getLocaleFromMcc to en_us mcc=310
D/MccTable(  614): getLocaleForLanguageCountry: got match
D/MccTable(  614): getLocaleForLanguageCountry: X locale=en_US
D/MccTable(  614): WIFI_COUNTRY_CODE set to us
I/WifiService(  355): WifiService trying to set country code to us with persist set to true
D/MobileDataStateTracker(  355): fota: Broadcast received: android.intent.action.ANY_DATA_STATE apnType=fota
D/MobileDataStateTracker(  355): fota: Received state=DISCONNECTED, old=DISCONNECTED, reason=dataAttached
D/MobileDataStateTracker(  355): ia: Broadcast received: android.intent.action.ANY_DATA_STATE apnType=ia
D/MobileDataStateTracker(  355): ia: Received state=DISCONNECTED, old=DISCONNECTED, reason=dataAttached
D/MobileDataStateTracker(  355): supl: Broadcast received: android.intent.action.ANY_DATA_STATE apnType=supl
D/MobileDataStateTracker(  355): supl: Received state=DISCONNECTED, old=DISCONNECTED, reason=dataAttached
D/MobileDataStateTracker(  355): hipri: Broadcast received: android.intent.action.ANY_DATA_STATE apnType=hipri
D/MobileDataStateTracker(  355): hipri: Received state=DISCONNECTED, old=DISCONNECTED, reason=dataAttached
D/MobileDataStateTracker(  355): ims: Broadcast received: android.intent.action.ANY_DATA_STATE apnType=ims
D/MobileDataStateTracker(  355): ims: Received state=DISCONNECTED, old=DISCONNECTED, reason=dataAttached
D/MobileDataStateTracker(  355): mms: Broadcast received: android.intent.action.ANY_DATA_STATE apnType=mms
D/MobileDataStateTracker(  355): mms: Received state=DISCONNECTED, old=DISCONNECTED, reason=dataAttached
D/MobileDataStateTracker(  355): cbs: Broadcast received: android.intent.action.ANY_DATA_STATE apnType=cbs
D/MobileDataStateTracker(  355): cbs: Received state=DISCONNECTED, old=DISCONNECTED, reason=dataAttached
W/ProcessCpuTracker(  355): Skipping unknown process pid 751
D/MobileDataStateTracker(  355): fota: Broadcast received: android.intent.action.ANY_DATA_STATE apnType=fota
D/MobileDataStateTracker(  355): fota: Received state=DISCONNECTED, old=DISCONNECTED, reason=dataAttached
D/dalvikvm(  614): GC_CONCURRENT freed 313K, 11% free 3167K/3556K, paused 73ms+40ms, total 204ms
D/MobileDataStateTracker(  355): ia: Broadcast received: android.intent.action.ANY_DATA_STATE apnType=ia
D/MobileDataStateTracker(  355): ia: Received state=DISCONNECTED, old=DISCONNECTED, reason=dataAttached
D/MobileDataStateTracker(  355): supl: Broadcast received: android.intent.action.ANY_DATA_STATE apnType=supl
D/MobileDataStateTracker(  355): supl: Received state=DISCONNECTED, old=DISCONNECTED, reason=dataAttached
D/MobileDataStateTracker(  355): hipri: Broadcast received: android.intent.action.ANY_DATA_STATE apnType=hipri
D/MobileDataStateTracker(  355): hipri: Received state=DISCONNECTED, old=DISCONNECTED, reason=dataAttached
D/MobileDataStateTracker(  355): ims: Broadcast received: android.intent.action.ANY_DATA_STATE apnType=ims
D/MobileDataStateTracker(  355): ims: Received state=DISCONNECTED, old=DISCONNECTED, reason=dataAttached
D/MobileDataStateTracker(  355): mms: Broadcast received: android.intent.action.ANY_DATA_STATE apnType=mms
D/MobileDataStateTracker(  355): mms: Received state=DISCONNECTED, old=DISCONNECTED, reason=dataAttached
D/MobileDataStateTracker(  355): cbs: Broadcast received: android.intent.action.ANY_DATA_STATE apnType=cbs
D/MobileDataStateTracker(  355): cbs: Received state=DISCONNECTED, old=DISCONNECTED, reason=dataAttached
D/MccTable(  614): updateMccMncConfiguration: mcc=310, mnc=260
D/MccTable(  614): getLocaleFromMcc to en_us mcc=310
D/MccTable(  614): getLocaleForLanguageCountry: got match
D/MccTable(  614): getLocaleForLanguageCountry: X locale=en_US
D/MccTable(  614): updateMccMncConfiguration updateConfig config={1.0 310mcc260mnc en_US ldltr ?swdp ?wdp ?hdp ?density ?lsize ?long ?orien ?uimode ?night ?touch ?keyb/?/? ?nav/?}
I/ActivityManager(  355): Config changes=3 {1.0 310mcc260mnc en_US ldltr sw480dp w480dp h839dp 160dpi lrg long port finger -keyb/v/h tball/v s.6}
D/PermissionCache(   57): checking android.permission.READ_FRAME_BUFFER for uid=1000 => granted (834 us)
D/gralloc (   57): Registering a buffer in the process that created it. This may cause memory ordering problems.
E/libEGL  (   57): called unimplemented OpenGL ES API
E/libEGL  (   57): called unimplemented OpenGL ES API
E/libEGL  (   57): called unimplemented OpenGL ES API
E/libEGL  (   57): called unimplemented OpenGL ES API
E/SurfaceFlinger(   57): glCheckFramebufferStatusOES error -1420485734
E/SurfaceFlinger(   57): got GL_FRAMEBUFFER_COMPLETE_OES error while taking screenshot
E/libEGL  (   57): called unimplemented OpenGL ES API
E/libEGL  (   57): called unimplemented OpenGL ES API
I/ARMAssembler(   57): generated scanline__00000077:03515104_00008001_00000000 [113 ipp] (134 ins) at [0xb5a411f0:0xb5a41408] in 10000000 ns
D/PhoneStatusBar(  466): mSettingsPanelGravity = 55
D/dalvikvm(  693): GC_CONCURRENT freed 179K, 9% free 2951K/3208K, paused 1061ms+3ms, total 1219ms
D/MccTable(  614): updateMccMncConfiguration: mcc=310, mnc=260
D/MccTable(  614): getLocaleFromMcc to en_us mcc=310
D/MccTable(  614): getLocaleForLanguageCountry: skipping already persisted
D/MccTable(  614): getLocaleForLanguageCountry: X locale=null
D/MccTable(  614): updateMccMncConfiguration updateConfig config={1.0 310mcc260mnc ?locale ?layoutDir ?swdp ?wdp ?hdp ?density ?lsize ?long ?orien ?uimode ?night ?touch ?keyb/?/? ?nav/?}
D/SettingsProvider(  355): User 0 external modification to /data/data/com.android.providers.settings/databases/settings.db; event=2
D/SettingsProvider(  355): User 0 updating our caches for /data/data/com.android.providers.settings/databases/settings.db
D/dalvikvm(  614): GC_CONCURRENT freed 323K, 11% free 3301K/3700K, paused 5ms+15ms, total 55ms
D/dalvikvm(  355): GC_CONCURRENT freed 622K, 54% free 5503K/11924K, paused 22ms+14ms, total 108ms
D/dalvikvm(  355): WAIT_FOR_CONCURRENT_GC blocked 76ms
D/dalvikvm(  355): GC_CONCURRENT freed 698K, 54% free 5508K/11924K, paused 9ms+5ms, total 74ms
D/dalvikvm(  355): WAIT_FOR_CONCURRENT_GC blocked 48ms
D/dalvikvm(  355): WAIT_FOR_CONCURRENT_GC blocked 32ms
D/dalvikvm(  614): GC_CONCURRENT freed 461K, 15% free 3275K/3812K, paused 3ms+2ms, total 58ms
D/MobileDataStateTracker(  355): fota: Broadcast received: android.intent.action.ANY_DATA_STATE apnType=fota
D/MobileDataStateTracker(  355): fota: Received state=DISCONNECTED, old=DISCONNECTED, reason=simLoaded
D/MobileDataStateTracker(  355): ia: Broadcast received: android.intent.action.ANY_DATA_STATE apnType=ia
D/MobileDataStateTracker(  355): ia: Received state=DISCONNECTED, old=DISCONNECTED, reason=simLoaded
D/MobileDataStateTracker(  355): supl: Broadcast received: android.intent.action.ANY_DATA_STATE apnType=supl
D/MobileDataStateTracker(  355): supl: Received state=DISCONNECTED, old=DISCONNECTED, reason=simLoaded
D/MobileDataStateTracker(  355): hipri: Broadcast received: android.intent.action.ANY_DATA_STATE apnType=hipri
D/MobileDataStateTracker(  355): hipri: Received state=DISCONNECTED, old=DISCONNECTED, reason=simLoaded
D/MobileDataStateTracker(  355): ims: Broadcast received: android.intent.action.ANY_DATA_STATE apnType=ims
D/MobileDataStateTracker(  355): ims: Received state=DISCONNECTED, old=DISCONNECTED, reason=simLoaded
D/MobileDataStateTracker(  355): mms: Broadcast received: android.intent.action.ANY_DATA_STATE apnType=mms
D/MobileDataStateTracker(  355): mms: Received state=DISCONNECTED, old=DISCONNECTED, reason=simLoaded
D/MobileDataStateTracker(  355): cbs: Broadcast received: android.intent.action.ANY_DATA_STATE apnType=cbs
D/MobileDataStateTracker(  355): cbs: Received state=DISCONNECTED, old=DISCONNECTED, reason=simLoaded
D/dalvikvm(  693): GC_FOR_ALLOC freed 186K, 8% free 3112K/3376K, paused 105ms, total 107ms
D/MobileDataStateTracker(  355): default: Broadcast received: android.intent.action.ANY_DATA_STATE apnType=default
D/MobileDataStateTracker(  355): default: Received state=CONNECTING, old=DISCONNECTED, reason=simLoaded
D/MobileDataStateTracker(  355): default: setDetailed state, old =IDLE and new state=CONNECTING
D/MobileDataStateTracker(  355): fota: Broadcast received: android.intent.action.ANY_DATA_STATE apnType=fota
D/MobileDataStateTracker(  355): fota: Received state=DISCONNECTED, old=DISCONNECTED, reason=simLoaded
D/MobileDataStateTracker(  355): ia: Broadcast received: android.intent.action.ANY_DATA_STATE apnType=ia
D/MobileDataStateTracker(  355): ia: Received state=DISCONNECTED, old=DISCONNECTED, reason=simLoaded
D/MobileDataStateTracker(  355): supl: Broadcast received: android.intent.action.ANY_DATA_STATE apnType=supl
D/MobileDataStateTracker(  355): supl: Received state=DISCONNECTED, old=DISCONNECTED, reason=simLoaded
D/MobileDataStateTracker(  355): hipri: Broadcast received: android.intent.action.ANY_DATA_STATE apnType=hipri
I/dalvikvm-heap(  693): Grow heap (frag case) to 3.720MB for 640016-byte allocation
D/MobileDataStateTracker(  355): hipri: Received state=DISCONNECTED, old=DISCONNECTED, reason=simLoaded
D/MobileDataStateTracker(  355): ims: Broadcast received: android.intent.action.ANY_DATA_STATE apnType=ims
D/MobileDataStateTracker(  355): ims: Received state=DISCONNECTED, old=DISCONNECTED, reason=simLoaded
D/MobileDataStateTracker(  355): mms: Broadcast received: android.intent.action.ANY_DATA_STATE apnType=mms
D/dalvikvm(  693): GC_FOR_ALLOC freed 2K, 7% free 3734K/4004K, paused 161ms, total 161ms
D/MobileDataStateTracker(  355): mms: Received state=DISCONNECTED, old=DISCONNECTED, reason=simLoaded
D/MobileDataStateTracker(  355): cbs: Broadcast received: android.intent.action.ANY_DATA_STATE apnType=cbs
D/MobileDataStateTracker(  355): cbs: Received state=DISCONNECTED, old=DISCONNECTED, reason=simLoaded
D/dalvikvm(  693): GC_CONCURRENT freed 6K, 7% free 3727K/4004K, paused 3ms+2ms, total 31ms
D/MobileDataStateTracker(  355): default: Broadcast received: android.intent.action.ANY_DATA_STATE apnType=default
D/MobileDataStateTracker(  355): default: Received state=CONNECTED, old=CONNECTING, reason=connected
D/MobileDataStateTracker(  355): default: setDetailed state, old =CONNECTING and new state=CONNECTED
D/ConnectivityService(  355): ConnectivityChange for mobile: CONNECTED/CONNECTED
D/ConnectivityService(  355): ConnectivityChange checkMobileProvisioning for TYPE_MOBILE or ProvisioningNetwork
D/ConnectivityService(  355): checkMobileProvisioning: E suggestedTimeOutMs=60000
D/ConnectivityService(  355): setProvNotificationVisible: E visible=false networkType=5 extraInfo=null url=null
D/ConnectivityService(  355): checkMobileProvisioning: params={ url=http://clients3.google.com/generate_204 mTimeOutMs=60000 mCb=com.android.server.ConnectivityService$5@b2e5b030}
D/ConnectivityService(  355): checkMobileProvisioning: X
D/dalvikvm(  614): GC_CONCURRENT freed 406K, 14% free 3293K/3812K, paused 20ms+2ms, total 141ms
D/Nat464Xlat(  355): requiresClat: netType=0, hasIPv4Address=true
D/dalvikvm(  355): GC_CONCURRENT freed 537K, 54% free 5567K/11924K, paused 55ms+4ms, total 278ms
W/Resources(  693): Converting to int: TypedValue{t=0x3/d=0x12 "4" a=-1}
W/Resources(  693): Converting to int: TypedValue{t=0x3/d=0xf "1" a=-1}
W/Resources(  693): Converting to int: TypedValue{t=0x3/d=0x15 "2" a=-1}
W/Resources(  693): Converting to int: TypedValue{t=0x3/d=0x15 "2" a=-1}
W/Launcher.LauncherProvider(  693): Unable to add favorite: com.android.camera2/com.android.camera.CameraLauncher
W/Launcher.LauncherProvider(  693): android.content.pm.PackageManager$NameNotFoundException: ComponentInfo{com.android.camera2/com.android.camera.CameraLauncher}
W/Launcher.LauncherProvider(  693): 	at android.app.ApplicationPackageManager.getActivityInfo(ApplicationPackageManager.java:242)
W/Launcher.LauncherProvider(  693): 	at com.android.launcher2.LauncherProvider$DatabaseHelper.addAppShortcut(LauncherProvider.java:959)
W/Launcher.LauncherProvider(  693): 	at com.android.launcher2.LauncherProvider$DatabaseHelper.loadFavorites(LauncherProvider.java:863)
W/Launcher.LauncherProvider(  693): 	at com.android.launcher2.LauncherProvider$DatabaseHelper.access$000(LauncherProvider.java:253)
W/Launcher.LauncherProvider(  693): 	at com.android.launcher2.LauncherProvider.loadDefaultFavoritesIfNecessary(LauncherProvider.java:237)
W/Launcher.LauncherProvider(  693): 	at com.android.launcher2.LauncherModel$LoaderTask.loadWorkspace(LauncherModel.java:1278)
W/Launcher.LauncherProvider(  693): 	at com.android.launcher2.LauncherModel$LoaderTask.loadAndBindWorkspace(LauncherModel.java:1020)
W/Launcher.LauncherProvider(  693): 	at com.android.launcher2.LauncherModel$LoaderTask.run(LauncherModel.java:1126)
W/Launcher.LauncherProvider(  693): 	at android.os.Handler.handleCallback(Handler.java:733)
W/Launcher.LauncherProvider(  693): 	at android.os.Handler.dispatchMessage(Handler.java:95)
W/Launcher.LauncherProvider(  693): 	at android.os.Looper.loop(Looper.java:136)
W/Launcher.LauncherProvider(  693): 	at android.os.HandlerThread.run(HandlerThread.java:61)
W/Launcher.LauncherProvider(  693): Unable to add favorite: com.android.gallery3d/com.android.gallery3d.app.Gallery
W/Launcher.LauncherProvider(  693): android.content.pm.PackageManager$NameNotFoundException: ComponentInfo{com.android.gallery3d/com.android.gallery3d.app.Gallery}
W/Launcher.LauncherProvider(  693): 	at android.app.ApplicationPackageManager.getActivityInfo(ApplicationPackageManager.java:242)
W/Launcher.LauncherProvider(  693): 	at com.android.launcher2.LauncherProvider$DatabaseHelper.addAppShortcut(LauncherProvider.java:959)
W/Launcher.LauncherProvider(  693): 	at com.android.launcher2.LauncherProvider$DatabaseHelper.loadFavorites(LauncherProvider.java:863)
W/Launcher.LauncherProvider(  693): 	at com.android.launcher2.LauncherProvider$DatabaseHelper.access$000(LauncherProvider.java:253)
W/Launcher.LauncherProvider(  693): 	at com.android.launcher2.LauncherProvider.loadDefaultFavoritesIfNecessary(LauncherProvider.java:237)
W/Launcher.LauncherProvider(  693): 	at com.android.launcher2.LauncherModel$LoaderTask.loadWorkspace(LauncherModel.java:1278)
W/Launcher.LauncherProvider(  693): 	at com.android.launcher2.LauncherModel$LoaderTask.loadAndBindWorkspace(LauncherModel.java:1020)
W/Launcher.LauncherProvider(  693): 	at com.android.launcher2.LauncherModel$LoaderTask.run(LauncherModel.java:1126)
W/Launcher.LauncherProvider(  693): 	at android.os.Handler.handleCallback(Handler.java:733)
W/Launcher.LauncherProvider(  693): 	at android.os.Handler.dispatchMessage(Handler.java:95)
W/Launcher.LauncherProvider(  693): 	at android.os.Looper.loop(Looper.java:136)
W/Launcher.LauncherProvider(  693): 	at android.os.HandlerThread.run(HandlerThread.java:61)
D/dalvikvm(  693): GC_CONCURRENT freed 241K, 8% free 3909K/4228K, paused 3ms+3ms, total 70ms
W/Launcher.Model(  693): LoaderTask running with no launcher (loadAllAppsByBatch)
D/MobileDataStateTracker(  355): default: isProvisioningNetwork: retVal=false
D/ConnectivityService(  355): [CheckMp] isMobileOk: isDefaultProvisioning=false
D/MobileDataStateTracker(  355): hipri: isProvisioningNetwork: retVal=false
D/ConnectivityService(  355): [CheckMp] isMobileOk: isHipriProvisioning=false
D/ConnectivityService(  355): [CheckMp] isMobileOk: start hipri url=http://clients3.google.com/generate_204
D/ConnectivityService(  355): startUsingNetworkFeature reconnecting to 0: enableHIPRI
D/ConnectivityService(  355): startUsingNetworkFeature X: return APN_REQUEST_STARTED
D/ConnectivityService(  355): [CheckMp] isMobileOk: hipri started
D/ConnectivityService(  355): [CheckMp] isMobileOk: not connected ni=NetworkInfo: type: mobile_hipri[UMTS], state: DISCONNECTED/IDLE, reason: (unspecified), extra: (none), roaming: false, failover: false, isAvailable: true, isConnectedToProvisioningNetwork: false
D/MobileDataStateTracker(  355): hipri: Broadcast received: android.intent.action.ANY_DATA_STATE apnType=hipri
D/MobileDataStateTracker(  355): hipri: Received state=CONNECTING, old=DISCONNECTED, reason=dataEnabled
D/MobileDataStateTracker(  355): hipri: setDetailed state, old =IDLE and new state=CONNECTING
D/MobileDataStateTracker(  355): fota: Broadcast received: android.intent.action.ANY_DATA_STATE apnType=fota
D/MobileDataStateTracker(  355): fota: Received state=DISCONNECTED, old=DISCONNECTED, reason=dataEnabled
D/MobileDataStateTracker(  355): ia: Broadcast received: android.intent.action.ANY_DATA_STATE apnType=ia
D/MobileDataStateTracker(  355): ia: Received state=DISCONNECTED, old=DISCONNECTED, reason=dataEnabled
D/MobileDataStateTracker(  355): supl: Broadcast received: android.intent.action.ANY_DATA_STATE apnType=supl
D/MobileDataStateTracker(  355): supl: Received state=DISCONNECTED, old=DISCONNECTED, reason=dataEnabled
D/MobileDataStateTracker(  355): ims: Broadcast received: android.intent.action.ANY_DATA_STATE apnType=ims
D/MobileDataStateTracker(  355): ims: Received state=DISCONNECTED, old=DISCONNECTED, reason=dataEnabled
D/MobileDataStateTracker(  355): mms: Broadcast received: android.intent.action.ANY_DATA_STATE apnType=mms
D/MobileDataStateTracker(  355): mms: Received state=DISCONNECTED, old=DISCONNECTED, reason=dataEnabled
D/MobileDataStateTracker(  355): cbs: Broadcast received: android.intent.action.ANY_DATA_STATE apnType=cbs
D/MobileDataStateTracker(  355): cbs: Received state=DISCONNECTED, old=DISCONNECTED, reason=dataEnabled
D/MobileDataStateTracker(  355): hipri: Broadcast received: android.intent.action.ANY_DATA_STATE apnType=hipri
D/MobileDataStateTracker(  355): hipri: Received state=CONNECTED, old=CONNECTING, reason=dataEnabled
D/MobileDataStateTracker(  355): hipri: setDetailed state, old =CONNECTING and new state=CONNECTED
D/ConnectivityService(  355): ConnectivityChange for mobile_hipri: CONNECTED/CONNECTED
E/logwrapper(  764): executing /system/bin/ip failed: No such file or directory
E/ConnectivityService(  355): Exception trying to add a route: java.lang.IllegalStateException: command '16 interface fwmark exempt add 10.0.2.2/32' failed with '400 16 Failed to add exemption rule (File exists)'
E/logwrapper(  765): executing /system/bin/ip failed: No such file or directory
E/ConnectivityService(  355): Exception trying to add a route: java.lang.IllegalStateException: command '18 interface fwmark exempt add 10.0.2.3/32' failed with '400 18 Failed to add exemption rule (File exists)'
E/logwrapper(  766): executing /system/bin/ip failed: No such file or directory
E/ConnectivityService(  355): Exception trying to add a route: java.lang.IllegalStateException: command '20 interface fwmark exempt add 10.0.2.2/32' failed with '400 20 Failed to add exemption rule (File exists)'
E/logwrapper(  767): executing /system/bin/ip failed: No such file or directory
E/ConnectivityService(  355): Exception trying to add a route: java.lang.IllegalStateException: command '22 interface fwmark exempt add 10.0.2.4/32' failed with '400 22 Failed to add exemption rule (File exists)'
E/logwrapper(  768): executing /system/bin/ip failed: No such file or directory
E/SecondaryTablController(   54): ip route add failed: /system/bin/ip route add 10.0.2.2/32 via 0.0.0.0 dev eth0 table 60
W/FrameworkListener(   54): Handler 'interface' error (No such device)
E/ConnectivityService(  355): Exception trying to add a route: java.lang.IllegalStateException: command '23 interface route add eth0 secondary 10.0.2.2 32 0.0.0.0' failed with '400 23 ip route modification failed (No such device)'
E/logwrapper(  769): executing /system/bin/ip failed: No such file or directory
E/SecondaryTablController(   54): ip route add failed: /system/bin/ip route add 0.0.0.0/0 via 10.0.2.2 dev eth0 table 60
W/FrameworkListener(   54): Handler 'interface' error (No such device)
E/ConnectivityService(  355): Exception trying to add a route: java.lang.IllegalStateException: command '24 interface route add eth0 secondary 0.0.0.0 0 10.0.2.2' failed with '400 24 ip route modification failed (No such device)'
D/Nat464Xlat(  355): requiresClat: netType=5, hasIPv4Address=true
D/dalvikvm(  355): GC_CONCURRENT freed 498K, 53% free 5662K/11924K, paused 16ms+32ms, total 162ms
I/MediaProvider(  641): Upgrading media database from version 0 to 700, which will destroy all old data
D/Launcher.Model(  693): Reload apps on config change. curr_mcc:310 prevmcc:0
I/Choreographer(  693): Skipped 243 frames!  The application may be doing too much work on its main thread.
D/gralloc_goldfish(  693): Emulator without GPU emulation detected.
D/MobileDataStateTracker(  355): hipri: isProvisioningNetwork: retVal=false
D/dalvikvm(  693): GC_FOR_ALLOC freed 251K, 8% free 4029K/4360K, paused 51ms, total 53ms
I/dalvikvm-heap(  693): Grow heap (frag case) to 5.541MB for 1610896-byte allocation
D/dalvikvm(  693): GC_FOR_ALLOC freed 4K, 6% free 5597K/5936K, paused 19ms, total 19ms
D/dalvikvm(  693): GC_CONCURRENT freed 26K, 7% free 5572K/5936K, paused 4ms+2ms, total 32ms
D/dalvikvm(  693): WAIT_FOR_CONCURRENT_GC blocked 13ms
I/dalvikvm-heap(  693): Grow heap (frag case) to 7.048MB for 1610896-byte allocation
D/dalvikvm(  693): GC_FOR_ALLOC freed <1K, 5% free 7145K/7512K, paused 19ms, total 19ms
D/dalvikvm(  693): GC_CONCURRENT freed <1K, 5% free 7188K/7556K, paused 5ms+13ms, total 50ms
W/ActivityManager(  355): Launch timeout has expired, giving up wake lock!
D/ConnectivityService(  355): [CheckMp] isMobileOk: isProvisioningNetwork is false, continue
D/ConnectivityService(  355): [CheckMp] isMobileOk: addresses=clients3.google.com/172.217.23.14
D/ConnectivityService(  355): [CheckMp] isMobileOk: linkHasIpv4=true linkHasIpv6=false
I/InputReader(  355): Reconfiguring input devices.  changes=0x00000010
I/ActivityManager(  355): Displayed com.android.launcher/com.android.launcher2.Launcher: +9s124ms (total +11s763ms)
I/PackageManager(  355):   Action: "android.intent.action.SENDTO"
I/PackageManager(  355):   Category: "android.intent.category.DEFAULT"
I/PackageManager(  355):   Scheme: "sms"
I/PackageManager(  355): Adding preferred activity ComponentInfo{com.android.mms/com.android.mms.ui.ComposeMessageActivity} for user 0 :
D/dalvikvm(  466): GC_FOR_ALLOC freed 3115K, 48% free 3586K/6776K, paused 204ms, total 208ms
I/dalvikvm-heap(  466): Grow heap (frag case) to 6.499MB for 3072016-byte allocation
W/WindowManager(  355): App freeze timeout expired.
D/dalvikvm(  466): GC_FOR_ALLOC freed 5K, 3% free 6581K/6776K, paused 114ms, total 114ms
D/dalvikvm(  466): GC_CONCURRENT freed <1K, 3% free 6581K/6776K, paused 4ms+3ms, total 65ms
I/PackageManager(  355):   Action: "android.intent.action.SENDTO"
I/PackageManager(  355):   Category: "android.intent.category.DEFAULT"
I/PackageManager(  355):   Scheme: "smsto"
I/PackageManager(  355): Adding preferred activity ComponentInfo{com.android.mms/com.android.mms.ui.ComposeMessageActivity} for user 0 :
I/PackageManager(  355):   Action: "android.intent.action.SENDTO"
I/PackageManager(  355):   Category: "android.intent.category.DEFAULT"
I/PackageManager(  355):   Scheme: "mms"
I/PackageManager(  355): Adding preferred activity ComponentInfo{com.android.mms/com.android.mms.ui.ComposeMessageActivity} for user 0 :
D/Tethering(  355): MasterInitialState.processMessage what=3
D/CaptivePortalTracker(  355): NoActiveNetworkState{ when=-2ms what=1 obj=NetworkInfo: type: mobile[UMTS], state: CONNECTED/CONNECTED, reason: connected, extra: epc.tmobile.com, roaming: false, failover: false, isAvailable: true, isConnectedToProvisioningNetwork: false target=com.android.internal.util.StateMachine$SmHandler }
D/CaptivePortalTracker(  355): NoActiveNetworkState not a wifi connectivity change, ignore
I/PackageManager(  355):   Action: "android.intent.action.SENDTO"
I/PackageManager(  355):   Category: "android.intent.category.DEFAULT"
I/PackageManager(  355):   Scheme: "mmsto"
I/PackageManager(  355): Adding preferred activity ComponentInfo{com.android.mms/com.android.mms.ui.ComposeMessageActivity} for user 0 :
D/dalvikvm(  614): GC_CONCURRENT freed 384K, 13% free 3367K/3828K, paused 4ms+2ms, total 66ms
D/dalvikvm(  355): GC_CONCURRENT freed 772K, 53% free 5633K/11924K, paused 23ms+16ms, total 173ms
D/dalvikvm(  355): WAIT_FOR_CONCURRENT_GC blocked 35ms
I/PackageManager(  355):   Action: "android.intent.action.SENDTO"
I/PackageManager(  355):   Category: "android.intent.category.DEFAULT"
I/PackageManager(  355):   Scheme: "sms"
I/PackageManager(  355): Adding preferred activity ComponentInfo{com.android.mms/com.android.mms.ui.ComposeMessageActivity} for user 0 :
I/PackageManager(  355):   Action: "android.intent.action.SENDTO"
I/PackageManager(  355):   Category: "android.intent.category.DEFAULT"
I/PackageManager(  355):   Scheme: "smsto"
I/PackageManager(  355): Adding preferred activity ComponentInfo{com.android.mms/com.android.mms.ui.ComposeMessageActivity} for user 0 :
I/PackageManager(  355):   Action: "android.intent.action.SENDTO"
I/PackageManager(  355):   Category: "android.intent.category.DEFAULT"
I/PackageManager(  355):   Scheme: "mms"
I/PackageManager(  355): Adding preferred activity ComponentInfo{com.android.mms/com.android.mms.ui.ComposeMessageActivity} for user 0 :
I/PackageManager(  355):   Action: "android.intent.action.SENDTO"
I/PackageManager(  355):   Category: "android.intent.category.DEFAULT"
I/PackageManager(  355):   Scheme: "mmsto"
I/PackageManager(  355): Adding preferred activity ComponentInfo{com.android.mms/com.android.mms.ui.ComposeMessageActivity} for user 0 :
I/SurfaceFlinger(   57): Boot is finished (88994 ms)
I/WindowManager(  355): Screen frozen for +5s642ms due to Window{b2e5cfd0 u0 com.android.systemui.ImageWallpaper}
I/ARMAssembler(   57): generated scanline__00000077:03515104_00009001_00000000 [131 ipp] (153 ins) at [0xb5a41410:0xb5a41674] in 10000000 ns
D/dalvikvm(  355): GC_CONCURRENT freed 720K, 54% free 5595K/11924K, paused 4ms+34ms, total 289ms
D/Tethering(  355): MasterInitialState.processMessage what=3
D/CaptivePortalTracker(  355): NoActiveNetworkState{ when=-5ms what=1 obj=NetworkInfo: type: mobile_hipri[UMTS], state: CONNECTED/CONNECTED, reason: dataEnabled, extra: epc.tmobile.com, roaming: false, failover: false, isAvailable: true, isConnectedToProvisioningNetwork: false target=com.android.internal.util.StateMachine$SmHandler }
D/CaptivePortalTracker(  355): NoActiveNetworkState not a wifi connectivity change, ignore
I/Choreographer(  693): Skipped 40 frames!  The application may be doing too much work on its main thread.
E/logwrapper(  783): executing /system/bin/ip failed: No such file or directory
E/NetdConnector(  355): NDC Command {27 interface fwmark exempt add 10.0.2.2/32} took too long (2256ms)
E/ConnectivityService(  355): Exception trying to add a route: java.lang.IllegalStateException: command '27 interface fwmark exempt add 10.0.2.2/32' failed with '400 27 Failed to add exemption rule (File exists)'
E/logwrapper(  784): executing /system/bin/ip failed: No such file or directory
E/ConnectivityService(  355): Exception trying to add a route: java.lang.IllegalStateException: command '29 interface fwmark exempt add 172.217.23.14/32' failed with '400 29 Failed to add exemption rule (File exists)'
D/ConnectivityService(  355): requestRouteToHostAddress ok=false
D/ConnectivityService(  355): [CheckMp] isMobileOk: could not establish route to hostAddr=clients3.google.com/172.217.23.14
D/dalvikvm(  355): WAIT_FOR_CONCURRENT_GC blocked 1ms
D/dalvikvm(  355): GC_EXPLICIT freed 182K, 53% free 5608K/11924K, paused 4ms+6ms, total 74ms
E/SQLiteLog(  641): (1) no such table: album_info
I/ActivityManager(  355): Start proc com.android.externalstorage for broadcast com.android.externalstorage/.MountReceiver: pid=789 uid=10006 gids={50006, 1028, 1015, 1023}
I/DownloadManager(  641): Upgrading downloads database from version 0 to version 109, which will destroy all old data
D/ExternalStorage(  789): Missing UUID for /storage/sdcard; skipping
D/ExternalStorage(  789): After updating volumes, found 0 active roots
D/ExternalStorage(  789): Missing UUID for /storage/sdcard; skipping
D/ExternalStorage(  789): After updating volumes, found 0 active roots
D/MediaScannerReceiver(  641): action: android.intent.action.MEDIA_MOUNTED path: /storage/sdcard
D/dalvikvm(  641): GC_FOR_ALLOC freed 283K, 11% free 2926K/3280K, paused 80ms, total 81ms
D/dalvikvm(  693): GC_CONCURRENT freed 1994K, 24% free 6581K/8652K, paused 5ms+4ms, total 79ms
I/ContactLocale(  566): AddressBook Labels [en_US]: [, A, B, C, D, E, F, G, H, I, J, K, L, M, N, O, P, Q, R, S, T, U, V, W, X, Y, Z, , , , , , , , , , , , , , , , , , , , , , , , , , , , , , , , , , , , , , , , , , , , , , , , , , , , , , , , , , , , , , , , , , , , , , , , , , , , , , , , , , , , , , , , , , , , , , , , , , , , , , , , , , , , , , , , , , , , , , , , , , , , , , , , , , , , , , , , , , , , , , , , , , , , , , , , , , , , , , , , , , , , , , , , , , , , , , , , , , , , , , #, ]
D/AndroidRuntime(  804): 
D/AndroidRuntime(  804): >>>>>> AndroidRuntime START com.android.internal.os.RuntimeInit <<<<<<
D/AndroidRuntime(  804): CheckJNI is ON
D/dalvikvm(  804): Trying to load lib libjavacore.so 0x0
D/dalvikvm(  804): Added shared lib libjavacore.so 0x0
D/dalvikvm(  804): Trying to load lib libnativehelper.so 0x0
D/dalvikvm(  804): Added shared lib libnativehelper.so 0x0
D/dalvikvm(  804): No JNI_OnLoad found in libnativehelper.so 0x0, skipping init
E/logwrapper(  807): executing /system/bin/ip failed: No such file or directory
E/ConnectivityService(  355): Exception trying to add a route: java.lang.IllegalStateException: command '31 interface fwmark exempt add 10.0.2.2/32' failed with '400 31 Failed to add exemption rule (File exists)'
E/logwrapper(  814): executing /system/bin/ip failed: No such file or directory
E/ConnectivityService(  355): Exception trying to add a route: java.lang.IllegalStateException: command '33 interface fwmark exempt add 172.217.23.14/32' failed with '400 33 Failed to add exemption rule (File exists)'
D/ConnectivityService(  355): requestRouteToHostAddress ok=false
D/ConnectivityService(  355): [CheckMp] isMobileOk: could not establish route to hostAddr=clients3.google.com/172.217.23.14
D/dalvikvm(  804): Note: class Landroid/app/ActivityManagerNative; has 179 unimplemented (abstract) methods
V/MediaScanner(  641): pruneDeadThumbnailFiles... android.database.sqlite.SQLiteCursor@b2d99dc0
V/MediaScanner(  641): /pruneDeadThumbnailFiles... android.database.sqlite.SQLiteCursor@b2d99dc0
E/memtrack(  804): Couldn't load memtrack module (No such file or directory)
E/android.os.Debug(  804): failed to load memtrack module: -2
D/dalvikvm(  641): GC_CONCURRENT freed 68K, 10% free 2978K/3280K, paused 564ms+2ms, total 702ms
D/AndroidRuntime(  804): Calling main entry com.android.commands.pm.Pm
I/ActivityManager(  355): Start proc com.android.exchange for content provider com.android.exchange/.provider.ExchangeDirectoryProvider: pid=819 uid=10025 gids={50025, 3003, 1028, 1015}
I/ActivityManager(  355): Start proc com.android.defcontainer for service com.android.defcontainer/.DefaultContainerService: pid=824 uid=10003 gids={50003, 1028, 1015, 1023, 2001, 1035}
E/BluetoothAdapter(  628): Bluetooth binder is null
I/ActivityManager(  355): Start proc com.android.music for broadcast com.android.music/.MediaButtonIntentReceiver: pid=845 uid=10032 gids={50032, 3003, 1028, 1015}
I/dalvikvm(  845): CheckJNI enabled: not enabling JNI app bug workarounds.
I/ActivityManager(  355): Start proc com.android.email for content provider com.android.email/.provider.EmailProvider: pid=857 uid=10024 gids={50024, 3003, 1028, 1015}
W/ActivityManager(  355): No content provider found for permission revoke: file:///data/local/tmp/sample_for_analysis.apk
D/ActivityThread(  857): Loading provider com.android.email.provider;com.android.email.notifier: com.android.email.provider.EmailProvider
W/ActivityManager(  355): No content provider found for permission revoke: file:///data/local/tmp/sample_for_analysis.apk
I/PackageManager(  355): Copying native libraries to /data/app-lib/vmdl2134364764
D/dalvikvm(  355): GC_CONCURRENT freed 522K, 52% free 5739K/11920K, paused 6ms+16ms, total 89ms
E/logwrapper(  872): executing /system/bin/ip failed: No such file or directory
E/ConnectivityService(  355): Exception trying to add a route: java.lang.IllegalStateException: command '35 interface fwmark exempt add 10.0.2.2/32' failed with '400 35 Failed to add exemption rule (File exists)'
E/logwrapper(  873): executing /system/bin/ip failed: No such file or directory
E/ConnectivityService(  355): Exception trying to add a route: java.lang.IllegalStateException: command '37 interface fwmark exempt add 172.217.23.14/32' failed with '400 37 Failed to add exemption rule (File exists)'
D/ConnectivityService(  355): requestRouteToHostAddress ok=false
D/ConnectivityService(  355): [CheckMp] isMobileOk: could not establish route to hostAddr=clients3.google.com/172.217.23.14
I/ContactDirectoryManager(  566): deleted 0 stale rows which don't have any relevant directory
I/ContactDirectoryManager(  566): Discovered 0 contact directories in 2306ms
D/dalvikvm(  355): GC_CONCURRENT freed 691K, 53% free 5718K/11920K, paused 6ms+50ms, total 111ms
I/ContactsProvider(  566): Upgrading aggregation algorithm
I/ContactAggregator(  566): Marked all visible contacts for aggregation: 0 raw contacts, 35 ms
I/ContactsProvider(  566): Aggregation algorithm upgraded for 0 raw contacts in 94ms
I/PackageManager(  355): Running dexopt on: com.nhnewbank
I/ContactsFTS(  566): Rebuild contact search index in 371ms, 0 contacts
D/dalvikvm(  566): GC_CONCURRENT freed 259K, 10% free 3083K/3416K, paused 13ms+2ms, total 122ms
D/dalvikvm(  857): GC_CONCURRENT freed 267K, 11% free 2895K/3236K, paused 33ms+2ms, total 94ms
D/dalvikvm(  875): DexOpt: load 196ms, verify+opt 370ms, 921868 bytes
D/dalvikvm(  355): GC_CONCURRENT freed 585K, 52% free 5778K/11920K, paused 7ms+6ms, total 68ms
W/ActivityManager(  355): Unable to start service Intent { cmp=com.android.email/.service.AttachmentDownloadService } U=0: not found
I/ActivityManager(  355): Force stopping com.nhnewbank appid=10052 user=-1: update pkg
W/ActivityManager(  355): Unable to start service Intent { cmp=com.android.email/.service.AttachmentDownloadService } U=0: not found
I/MediaFocusControl(  355):   Remote Control   registerMediaButtonIntent() for PendingIntent{b2efb9f0: PendingIntentRecord{b2f348e8 com.android.music broadcastIntent}}
I/InputReader(  355): Reconfiguring input devices.  changes=0x00000010
D/dalvikvm(  614): GC_CONCURRENT freed 459K, 16% free 3296K/3892K, paused 2ms+2ms, total 90ms
I/PackageManager(  355):   Action: "android.intent.action.SENDTO"
I/PackageManager(  355):   Category: "android.intent.category.DEFAULT"
I/PackageManager(  355):   Scheme: "sms"
I/PackageManager(  355): Adding preferred activity ComponentInfo{com.android.mms/com.android.mms.ui.ComposeMessageActivity} for user 0 :
D/BackupManagerService(  355): Received broadcast Intent { act=android.intent.action.PACKAGE_ADDED dat=package:com.nhnewbank flg=0x4000010 (has extras) }
V/BackupManagerService(  355): addPackageParticipantsLocked: #1
I/Email   (  857): Observing account changes for notifications
I/PackageManager(  355):   Action: "android.intent.action.SENDTO"
I/PackageManager(  355):   Category: "android.intent.category.DEFAULT"
I/PackageManager(  355):   Scheme: "smsto"
I/PackageManager(  355): Adding preferred activity ComponentInfo{com.android.mms/com.android.mms.ui.ComposeMessageActivity} for user 0 :
I/PackageManager(  355):   Action: "android.intent.action.SENDTO"
I/PackageManager(  355):   Category: "android.intent.category.DEFAULT"
I/PackageManager(  355):   Scheme: "mms"
I/PackageManager(  355): Adding preferred activity ComponentInfo{com.android.mms/com.android.mms.ui.ComposeMessageActivity} for user 0 :
I/PackageManager(  355):   Action: "android.intent.action.SENDTO"
I/PackageManager(  355):   Category: "android.intent.category.DEFAULT"
I/PackageManager(  355):   Scheme: "mmsto"
I/PackageManager(  355): Adding preferred activity ComponentInfo{com.android.mms/com.android.mms.ui.ComposeMessageActivity} for user 0 :
E/BluetoothAdapter(  628): Bluetooth binder is null
I/PackageManager(  355):   Action: "android.intent.action.SENDTO"
I/PackageManager(  355):   Category: "android.intent.category.DEFAULT"
I/PackageManager(  355):   Scheme: "sms"
I/PackageManager(  355): Adding preferred activity ComponentInfo{com.android.mms/com.android.mms.ui.ComposeMessageActivity} for user 0 :
D/dalvikvm(  355): GC_EXPLICIT freed 883K, 53% free 5667K/11920K, paused 72ms+7ms, total 465ms
D/dalvikvm(  355): WAIT_FOR_CONCURRENT_GC blocked 63ms
D/dalvikvm(  355): WAIT_FOR_CONCURRENT_GC blocked 60ms
D/dalvikvm(  355): WAIT_FOR_CONCURRENT_GC blocked 52ms
D/dalvikvm(  355): WAIT_FOR_CONCURRENT_GC blocked 67ms
I/PackageManager(  355):   Action: "android.intent.action.SENDTO"
I/PackageManager(  355):   Category: "android.intent.category.DEFAULT"
I/PackageManager(  355):   Scheme: "smsto"
I/PackageManager(  355): Adding preferred activity ComponentInfo{com.android.mms/com.android.mms.ui.ComposeMessageActivity} for user 0 :
I/ActivityManager(  355): Start proc com.android.calendar for broadcast com.android.calendar/.widget.CalendarAppWidgetService$CalendarFactory: pid=879 uid=10016 gids={50016, 3003}
D/dalvikvm(  614): GC_CONCURRENT freed 325K, 14% free 3358K/3892K, paused 2ms+2ms, total 76ms
I/PackageManager(  355):   Action: "android.intent.action.SENDTO"
I/PackageManager(  355):   Category: "android.intent.category.DEFAULT"
I/PackageManager(  355):   Scheme: "mms"
I/PackageManager(  355): Adding preferred activity ComponentInfo{com.android.mms/com.android.mms.ui.ComposeMessageActivity} for user 0 :
I/PackageManager(  355):   Action: "android.intent.action.SENDTO"
I/PackageManager(  355):   Category: "android.intent.category.DEFAULT"
I/PackageManager(  355):   Scheme: "mmsto"
I/PackageManager(  355): Adding preferred activity ComponentInfo{com.android.mms/com.android.mms.ui.ComposeMessageActivity} for user 0 :
D/AndroidRuntime(  804): Shutting down VM
D/dalvikvm(  804): GC_CONCURRENT freed 95K, 16% free 560K/660K, paused 2ms+12ms, total 23ms
D/dalvikvm(  355): GC_CONCURRENT freed 606K, 53% free 5679K/11920K, paused 6ms+4ms, total 69ms
E/logwrapper(  892): executing /system/bin/ip failed: No such file or directory
E/ConnectivityService(  355): Exception trying to add a route: java.lang.IllegalStateException: command '39 interface fwmark exempt add 10.0.2.2/32' failed with '400 39 Failed to add exemption rule (File exists)'
E/logwrapper(  893): executing /system/bin/ip failed: No such file or directory
E/ConnectivityService(  355): Exception trying to add a route: java.lang.IllegalStateException: command '41 interface fwmark exempt add 172.217.23.14/32' failed with '400 41 Failed to add exemption rule (File exists)'
D/ConnectivityService(  355): requestRouteToHostAddress ok=false
D/ConnectivityService(  355): [CheckMp] isMobileOk: could not establish route to hostAddr=clients3.google.com/172.217.23.14
