D/ConnectivityService(  348): requestRouteToHostAddress ok=false
D/ConnectivityService(  348): [CheckMp] isMobileOk: could not establish route to hostAddr=clients3.google.com/172.217.23.14
I/ActivityManager(  348): Start proc com.android.music for broadcast com.android.music/.MediaButtonIntentReceiver: pid=929 uid=10032 gids={50032, 3003, 1028, 1015}
I/ContactDirectoryManager(  552): deleted 0 stale rows which don't have any relevant directory
I/dalvikvm(  929): CheckJNI enabled: not enabling JNI app bug workarounds.
I/ContactDirectoryManager(  552): Discovered 0 contact directories in 4889ms
I/ContactsProvider(  552): Upgrading aggregation algorithm
I/ContactAggregator(  552): Marked all visible contacts for aggregation: 0 raw contacts, 5 ms
D/ActivityThread(  916): Loading provider com.android.email.provider;com.android.email.notifier: com.android.email.provider.EmailProvider
D/ActivityThread(  916): Loading provider com.android.email.provider;com.android.email.notifier: com.android.email.provider.EmailProvider
D/dalvikvm(  348): GC_EXPLICIT freed 1238K, 54% free 5731K/12456K, paused 303ms+85ms, total 1180ms
D/AndroidRuntime(  795): Shutting down VM
D/dalvikvm(  795): GC_CONCURRENT freed 95K, 16% free 560K/660K, paused 2ms+2ms, total 23ms
I/ContactsProvider(  552): Aggregation algorithm upgraded for 0 raw contacts in 338ms
W/RecognitionManagerService(  348): no available voice recognition services found for user 0
I/ContactsFTS(  552): Rebuild contact search index in 493ms, 0 contacts
D/dalvikvm(  552): GC_CONCURRENT freed 269K, 10% free 3084K/3420K, paused 4ms+2ms, total 46ms
I/MediaFocusControl(  348):   Remote Control   registerMediaButtonIntent() for PendingIntent{b2f4a868: PendingIntentRecord{b2f3c018 com.android.music broadcastIntent}}
E/BluetoothAdapter(  613): Bluetooth binder is null
D/dalvikvm(  916): GC_CONCURRENT freed 208K, 9% free 2889K/3168K, paused 7ms+2ms, total 176ms
I/ActivityManager(  348): Start proc com.android.calendar for broadcast com.android.calendar/.widget.CalendarAppWidgetService$CalendarFactory: pid=947 uid=10016 gids={50016, 3003}
D/ExtensionsFactory(  947): No custom extensions.
W/ActivityManager(  348): Unable to start service Intent { cmp=com.android.email/.service.AttachmentDownloadService } U=0: not found
W/ActivityManager(  348): Unable to start service Intent { cmp=com.android.email/.service.AttachmentDownloadService } U=0: not found
W/ActivityManager(  348): Unable to start service Intent { cmp=com.android.email/.service.AttachmentDownloadService } U=0: not found
I/Email   (  916): Observing account changes for notifications
I/ActivityManager(  348): Start proc com.android.deskclock for broadcast com.android.deskclock/.AlarmInitReceiver: pid=968 uid=10020 gids={50020, 1028}
I/ActivityManager(  348): Start proc com.android.providers.calendar for content provider com.android.providers.calendar/.CalendarProvider2: pid=975 uid=10001 gids={50001, 3003, 1028, 1015}
D/dalvikvm(   58): GC_EXPLICIT freed 39K, 4% free 2705K/2816K, paused 2ms+12ms, total 60ms
D/dalvikvm(   58): GC_EXPLICIT freed <1K, 4% free 2705K/2816K, paused 2ms+2ms, total 43ms
D/dalvikvm(   58): GC_EXPLICIT freed <1K, 4% free 2705K/2816K, paused 4ms+2ms, total 35ms
I/CalendarDatabaseHelper(  975): Bootstrapping database
E/logwrapper(  992): executing /system/bin/ip failed: No such file or directory
E/ConnectivityService(  348): Exception trying to add a route: java.lang.IllegalStateException: command '49 interface fwmark exempt add 10.0.2.2/32' failed with '400 49 Failed to add exemption rule (File exists)'
E/logwrapper(  993): executing /system/bin/ip failed: No such file or directory
E/ConnectivityService(  348): Exception trying to add a route: java.lang.IllegalStateException: command '51 interface fwmark exempt add 172.217.23.14/32' failed with '400 51 Failed to add exemption rule (File exists)'
D/ConnectivityService(  348): requestRouteToHostAddress ok=false
D/ConnectivityService(  348): [CheckMp] isMobileOk: could not establish route to hostAddr=clients3.google.com/172.217.23.14
I/CalendarProvider2(  975): Created com.android.providers.calendar.CalendarAlarmManager@b2dac790(com.android.providers.calendar.CalendarProvider2@b2d98e68)
V/AlarmClock(  968): AlarmInitReceiver android.intent.action.TIMEZONE_CHANGED
I/AlarmClock(  968): Alarms Table created
I/AlarmClock(  968): Instance table created
I/AlarmClock(  968): Cities table created
I/AlarmClock(  968): Inserting default alarms
I/AlarmClock(  968): Displaying next alarm time: ''
W/BackupManagerService(  348): dataChanged but no participant pkg='com.android.providers.settings' uid=10020
V/AlarmClock(  968): AlarmInitReceiver finished
E/BluetoothAdapter(  613): Bluetooth binder is null
I/ActivityManager(  348): Start proc com.android.dialer for broadcast com.android.dialer/.calllog.CallLogReceiver: pid=1000 uid=10004 gids={50004, 3003, 1028, 1015}
D/ExtensionsFactory( 1000): No custom extensions.
I/ActivityManager(  348): Delay finish: com.android.dialer/.calllog.CallLogReceiver
I/ActivityManager(  348): Resuming delayed broadcast
I/CalendarProvider2(  975): Sending notification intent: Intent { act=android.intent.action.PROVIDER_CHANGED dat=content://com.android.calendar }
E/BluetoothAdapter(  348): Bluetooth binder is null
E/BluetoothAdapter(  348): Bluetooth binder is null
V/WiredAccessoryManager(  348): init()
I/PowerManagerService(  348): Boot animation finished.
E/SoundPool(  348): error loading /system/media/audio/ui/Effect_Tick.ogg
W/AudioService(  348): Soundpool could not load file: /system/media/audio/ui/Effect_Tick.ogg
E/SoundPool(  348): error loading /system/media/audio/ui/Effect_Tick.ogg
W/AudioService(  348): Soundpool could not load file: /system/media/audio/ui/Effect_Tick.ogg
E/SoundPool(  348): error loading /system/media/audio/ui/Effect_Tick.ogg
W/AudioService(  348): Soundpool could not load file: /system/media/audio/ui/Effect_Tick.ogg
E/SoundPool(  348): error loading /system/media/audio/ui/Effect_Tick.ogg
W/AudioService(  348): Soundpool could not load file: /system/media/audio/ui/Effect_Tick.ogg
E/SoundPool(  348): error loading /system/media/audio/ui/Effect_Tick.ogg
W/AudioService(  348): Soundpool could not load file: /system/media/audio/ui/Effect_Tick.ogg
E/SoundPool(  348): error loading /system/media/audio/ui/KeypressStandard.ogg
W/AudioService(  348): Soundpool could not load file: /system/media/audio/ui/KeypressStandard.ogg
E/SoundPool(  348): error loading /system/media/audio/ui/KeypressSpacebar.ogg
W/AudioService(  348): Soundpool could not load file: /system/media/audio/ui/KeypressSpacebar.ogg
E/SoundPool(  348): error loading /system/media/audio/ui/KeypressDelete.ogg
W/AudioService(  348): Soundpool could not load file: /system/media/audio/ui/KeypressDelete.ogg
E/SoundPool(  348): error loading /system/media/audio/ui/KeypressReturn.ogg
W/AudioService(  348): Soundpool could not load file: /system/media/audio/ui/KeypressReturn.ogg
E/SoundPool(  348): error loading /system/media/audio/ui/KeypressInvalid.ogg
W/AudioService(  348): Soundpool could not load file: /system/media/audio/ui/KeypressInvalid.ogg
W/AudioService(  348): onLoadSoundEffects(), Error -1 while loading samples
W/ContentResolver(  975): Failed to get type for: content://com.android.calendar (Unknown URL content://com.android.calendar)
I/RecoverySystem(  348): No recovery log file
I/BootReceiver(  348): Copying audit failures to DropBox
I/BootReceiver(  348): Checking for fsck errors
D/dalvikvm(  348): GC_CONCURRENT freed 672K, 54% free 5778K/12456K, paused 6ms+5ms, total 160ms
W/MessageQueue(  632): Handler (android.os.Handler) {b2d7f8b8} sending message to a Handler on a dead thread
W/MessageQueue(  632): java.lang.RuntimeException: Handler (android.os.Handler) {b2d7f8b8} sending message to a Handler on a dead thread
W/MessageQueue(  632): 	at android.os.MessageQueue.enqueueMessage(MessageQueue.java:320)
W/MessageQueue(  632): 	at android.os.Handler.enqueueMessage(Handler.java:626)
W/MessageQueue(  632): 	at android.os.Handler.sendMessageAtTime(Handler.java:595)
W/MessageQueue(  632): 	at android.os.Handler.sendMessageDelayed(Handler.java:566)
W/MessageQueue(  632): 	at android.os.Handler.sendMessage(Handler.java:503)
W/MessageQueue(  632): 	at android.os.Message.sendToTarget(Message.java:360)
W/MessageQueue(  632): 	at com.android.providers.downloads.DownloadService.enqueueUpdate(DownloadService.java:203)
W/MessageQueue(  632): 	at com.android.providers.downloads.DownloadService.access$000(DownloadService.java:71)
W/MessageQueue(  632): 	at com.android.providers.downloads.DownloadService$DownloadManagerContentObserver.onChange(DownloadService.java:130)
W/MessageQueue(  632): 	at android.database.ContentObserver.onChange(ContentObserver.java:129)
W/MessageQueue(  632): 	at android.database.ContentObserver$NotificationRunnable.run(ContentObserver.java:180)
W/MessageQueue(  632): 	at android.os.Handler.handleCallback(Handler.java:733)
W/MessageQueue(  632): 	at android.os.Handler.dispatchMessage(Handler.java:95)
W/MessageQueue(  632): 	at android.os.Looper.loop(Looper.java:136)
W/MessageQueue(  632): 	at android.app.ActivityThread.main(ActivityThread.java:5001)
W/MessageQueue(  632): 	at java.lang.reflect.Method.invokeNative(Native Method)
W/MessageQueue(  632): 	at java.lang.reflect.Method.invoke(Method.java:515)
W/MessageQueue(  632): 	at com.android.internal.os.ZygoteInit$MethodAndArgsCaller.run(ZygoteInit.java:785)
W/MessageQueue(  632): 	at com.android.internal.os.ZygoteInit.main(ZygoteInit.java:601)
W/MessageQueue(  632): 	at dalvik.system.NativeStart.main(Native Method)
I/ActivityManager(  348): Start proc com.android.mms for broadcast com.android.mms/.transaction.MmsSystemEventReceiver: pid=1027 uid=10009 gids={50009, 3003, 1028, 1015}
I/MediaProvider(  632): Upgrading media database from version 0 to 700, which will destroy all old data
D/CountryDetector(  348): The first listener is added
V/MmsConfig( 1027): mnc/mcc: 310260
V/MmsConfig( 1027): tag: bool value: enabledMMS - true
V/MmsConfig( 1027): tag: int value: maxMessageSize - 307200
V/MmsConfig( 1027): tag: int value: maxImageHeight - 480
V/MmsConfig( 1027): tag: int value: maxImageWidth - 640
V/MmsConfig( 1027): tag: int value: defaultSMSMessagesPerThread - 10000
V/MmsConfig( 1027): tag: int value: defaultMMSMessagesPerThread - 1000
V/MmsConfig( 1027): tag: int value: minMessageCountPerThread - 10
V/MmsConfig( 1027): tag: int value: maxMessageCountPerThread - 5000
V/MmsConfig( 1027): tag: string value: uaProfUrl - http://www.google.com/oha/rdf/ua-profile-kila.xml
V/MmsConfig( 1027): tag: int value: recipientLimit - -1
V/MmsConfig( 1027): tag: bool value: enableMultipartSMS - true
V/MmsConfig( 1027): tag: int value: smsToMmsTextThreshold - -1
V/MmsConfig( 1027): tag: bool value: enableSlideDuration - true
V/MmsConfig( 1027): tag: int value: maxMessageTextSize - -1
I/ActivityManager(  348): Delay finish: com.android.mms/.transaction.SmsReceiver
D/MmsSmsDatabaseHelper(  602): [MmsSmsDb] tableName: threads hasAutoIncrement: CREATE TABLE threads (_id INTEGER PRIMARY KEY AUTOINCREMENT,date INTEGER DEFAULT 0,message_count INTEGER DEFAULT 0,recipient_ids TEXT,snippet TEXT,snippet_cs INTEGER DEFAULT 0,read INTEGER DEFAULT 1,type INTEGER DEFAULT 0,error INTEGER DEFAULT 0,has_attachment INTEGER DEFAULT 0) result: true
D/MmsSmsDatabaseHelper(  602): [MmsSmsDb] tableName: canonical_addresses hasAutoIncrement: CREATE TABLE canonical_addresses (_id INTEGER PRIMARY KEY AUTOINCREMENT,address TEXT) result: true
D/MmsSmsDatabaseHelper(  602): [MmsSmsDb] tableName: part hasAutoIncrement: CREATE TABLE part (_id INTEGER PRIMARY KEY AUTOINCREMENT,mid INTEGER,seq INTEGER DEFAULT 0,ct TEXT,name TEXT,chset INTEGER,cd TEXT,fn TEXT,cid TEXT,cl TEXT,ctt_s INTEGER,ctt_t TEXT,_data TEXT,text TEXT) result: true
D/MmsSmsDatabaseHelper(  602): [MmsSmsDb] tableName: pdu hasAutoIncrement: CREATE TABLE pdu (_id INTEGER PRIMARY KEY AUTOINCREMENT,thread_id INTEGER,date INTEGER,date_sent INTEGER DEFAULT 0,msg_box INTEGER,read INTEGER DEFAULT 0,m_id TEXT,sub TEXT,sub_cs INTEGER,ct_t TEXT,ct_l TEXT,exp INTEGER,m_cls TEXT,m_type INTEGER,v INTEGER,m_size INTEGER,pri INTEGER,rr INTEGER,rpt_a INTEGER,resp_st INTEGER,st INTEGER,tr_id TEXT,retr_st INTEGER,retr_txt TEXT,retr_txt_cs INTEGER,read_status INTEGER,ct_cls INTEGER,resp_txt TEXT,d_tm INTEGER,d_rpt INTEGER,locked INTEGER DEFAULT 0,seen INTEGER DEFAULT 0,text_only INTEGER DEFAULT 0) result: true
D/MmsSmsDatabaseHelper(  602): [getWritableDatabase] hasAutoIncrementThreads: true hasAutoIncrementAddresses: true hasAutoIncrementPart: true hasAutoIncrementPdu: true
D/Mms:app ( 1027): cancelNotification
I/ActivityManager(  348): Resuming delayed broadcast
D/AlertReceiver(  947): onReceive: a=android.intent.action.BOOT_COMPLETED Intent { act=android.intent.action.BOOT_COMPLETED flg=0x8000010 cmp=com.android.calendar/.alerts.AlertReceiver (has extras) }
I/ActivityManager(  348): Delay finish: com.android.calendar/.alerts.AlertReceiver
D/Mms:app ( 1027): cancelNotification
D/AlertUtils(  947): Flushing old alerts from shared prefs table
D/dalvikvm(  947): GC_CONCURRENT freed 300K, 12% free 2802K/3180K, paused 3ms+2ms, total 34ms
D/AlertService(  947): 0 Action = android.intent.action.BOOT_COMPLETED
D/AlertService(  947): Scheduling next alarm with AlarmScheduler. sEventReminderReceived: null
D/ConnectivityService(  348): [CheckMp] isMobileOk: too many loops tried - giving up
D/ConnectivityService(  348): [CheckMp] isMobileOk: X loops|timed out result=0
D/ConnectivityService(  348): [CheckMp] isMobileOk: F stop hipri
D/MobileDataStateTracker(  348): default: setEnableFailFastMobileData(enabled=0)
D/ConnectivityService(  348): stopUsingNetworkFeature: teardown net 0: enableHIPRI
D/MobileDataStateTracker(  348): hipri: Broadcast received: android.intent.action.ANY_DATA_STATE apnType=hipri
D/dalvikvm(  602): GC_CONCURRENT freed 499K, 15% free 3356K/3924K, paused 4ms+20ms, total 50ms
D/MobileDataStateTracker(  348): hipri: Received state=DISCONNECTED, old=CONNECTED, reason=dataDisabled
D/MobileDataStateTracker(  348): hipri: setDetailed state, old =CONNECTED and new state=DISCONNECTED
D/ConnectivityService(  348): ConnectivityChange for mobile_hipri: DISCONNECTED/DISCONNECTED
E/logwrapper( 1062): executing /system/bin/ip failed: No such file or directory
E/SecondaryTablController(   54): ip route del failed: /system/bin/ip route del 10.0.2.2/32 via 0.0.0.0 dev eth0 table 60
W/FrameworkListener(   54): Handler 'interface' error (No such device)
E/logwrapper( 1063): executing /system/bin/ip failed: No such file or directory
E/SecondaryTablController(   54): ip route del failed: /system/bin/ip route del 0.0.0.0/0 via 10.0.2.2 dev eth0 table 60
W/FrameworkListener(   54): Handler 'interface' error (No such device)
D/Nat464Xlat(  348): requiresClat: netType=5, hasIPv4Address=true
D/MobileDataStateTracker(  348): default: setPolicyDataEnable(enabled=true)
D/AlarmScheduler(  947): No events found starting within 1 week.
I/ActivityManager(  348): Resuming delayed broadcast
V/AlarmClock(  968): AlarmInitReceiver android.intent.action.BOOT_COMPLETED
W/ProcessCpuTracker(  348): Skipping unknown process pid 1067
V/AlarmClock(  968): AlarmInitReceiver - Reset timers and clear stopwatch data
V/AlarmClock(  968): AlarmInitReceiver - resetting volume button default
D/dalvikvm(  968): GC_CONCURRENT freed 371K, 14% free 2835K/3280K, paused 5ms+2ms, total 161ms
D/dalvikvm(  968): WAIT_FOR_CONCURRENT_GC blocked 35ms
I/AlarmClock(  968): Displaying next alarm time: ''
V/AlarmClock(  968): AlarmInitReceiver finished
I/ActivityManager(  348): Delay finish: com.android.email/.service.EmailUpgradeBroadcastReceiver
E/NetdConnector(  348): NDC Command {59 bandwidth removeiquota eth0} took too long (1002ms)
E/NetdConnector(  348): NDC Command {60 bandwidth gettetherstats} took too long (915ms)
D/dalvikvm(  348): GC_CONCURRENT freed 747K, 54% free 5742K/12456K, paused 6ms+31ms, total 166ms
I/ActivityManager(  348): Resuming delayed broadcast
I/ActivityManager(  348): Delay finish: com.android.email/.service.EmailBroadcastReceiver
I/Email   (  916): Onetime initialization: 1
I/Email   (  916): Onetime initialization: 2
I/Email   (  916): Onetime initialization: completed.
I/ActivityManager(  348): Delaying start of: ServiceRecord{b309f450 u0 com.android.exchange/.service.EmailSyncAdapterService}
I/ActivityManager(  348): Resuming delayed broadcast
I/LauncherIconVisibilityManager(  590): Boot has been completed
I/LauncherIconVisibilityManager(  590): Disable activity: ComponentInfo{com.android.inputmethod.latin/com.android.inputmethod.latin.setup.SetupActivity}
E/BluetoothAdapter(  613): Bluetooth binder is null
I/ActivityManager(  348): Delay finish: com.android.deskclock/com.android.alarmclock.AnalogAppWidgetProvider
I/ActivityManager(  348): Resuming delayed broadcast
D/dalvikvm( 1027): GC_CONCURRENT freed 228K, 10% free 2873K/3172K, paused 2ms+33ms, total 248ms
E/NetdConnector(  348): NDC Command {61 bandwidth setiquota eth0 9223372036854775807} took too long (1828ms)
D/MobileDataStateTracker(  348): default: setPolicyDataEnable(enabled=true)
E/StrictMode( 1027): A resource was acquired at attached stack trace but never released. See java.io.Closeable for information on avoiding resource leaks.
E/StrictMode( 1027): java.lang.Throwable: Explicit termination method 'release' not called
E/StrictMode( 1027): 	at dalvik.system.CloseGuard.open(CloseGuard.java:184)
E/StrictMode( 1027): 	at android.drm.DrmManagerClient.<init>(DrmManagerClient.java:258)
E/StrictMode( 1027): 	at com.google.android.mms.pdu.PduPersister.<init>(PduPersister.java:288)
E/StrictMode( 1027): 	at com.google.android.mms.pdu.PduPersister.getPduPersister(PduPersister.java:296)
E/StrictMode( 1027): 	at com.android.mms.transaction.TransactionService.onNewIntent(TransactionService.java:224)
E/StrictMode( 1027): 	at com.android.mms.transaction.TransactionService$ServiceHandler.handleMessage(TransactionService.java:621)
E/StrictMode( 1027): 	at android.os.Handler.dispatchMessage(Handler.java:102)
E/StrictMode( 1027): 	at android.os.Looper.loop(Looper.java:136)
E/StrictMode( 1027): 	at android.os.HandlerThread.run(HandlerThread.java:61)
D/Tethering(  348): MasterInitialState.processMessage what=3
D/CaptivePortalTracker(  348): NoActiveNetworkState{ when=-2ms what=1 obj=NetworkInfo: type: mobile_hipri[UMTS], state: DISCONNECTED/DISCONNECTED, reason: dataDisabled, extra: epc.tmobile.com, roaming: false, failover: false, isAvailable: true, isConnectedToProvisioningNetwork: false target=com.android.internal.util.StateMachine$SmHandler }
D/CaptivePortalTracker(  348): NoActiveNetworkState not a wifi connectivity change, ignore
D/Tethering(  348): MasterInitialState.processMessage what=3
D/CaptivePortalTracker(  348): NoActiveNetworkState{ when=0 what=1 obj=NetworkInfo: type: mobile[UMTS], state: CONNECTED/CONNECTED, reason: connected, extra: epc.tmobile.com, roaming: false, failover: false, isAvailable: true, isConnectedToProvisioningNetwork: false target=com.android.internal.util.StateMachine$SmHandler }
D/CaptivePortalTracker(  348): NoActiveNetworkState not a wifi connectivity change, ignore
W/BroadcastQueue(  348): Permission Denial: broadcasting Intent { act=android.appwidget.action.APPWIDGET_UPDATE_OPTIONS flg=0x10 cmp=com.android.settings/.widget.SettingsAppWidgetProvider (has extras) } from android (pid=686, uid=10008) is not exported from uid 1000 due to receiver com.android.settings/.widget.SettingsAppWidgetProvider
I/ActivityManager(  348): Delay finish: com.android.providers.contacts/.PackageIntentReceiver
D/dalvikvm(  632): GC_CONCURRENT freed 249K, 10% free 3028K/3344K, paused 5ms+23ms, total 73ms
E/NetdConnector(  348): NDC Command {62 bandwidth removeiquota eth0} took too long (686ms)
I/ActivityManager(  348): Resuming delayed broadcast
I/ActivityManager(  348): Start proc com.svox.pico for broadcast com.svox.pico/.VoiceDataInstallerReceiver: pid=1116 uid=10037 gids={50037, 1028, 1015}
D/dalvikvm(  348): GC_CONCURRENT freed 636K, 54% free 5743K/12456K, paused 63ms+47ms, total 295ms
D/ConnectivityService(  348): [CheckMp] isMobileOk: X result=0
D/ConnectivityService(  348): [CheckMp] onPostExecute: result=0
D/ConnectivityService(  348): CheckMp.onComplete: result=0
D/ConnectivityService(  348): CheckMp.onComplete: ignore, connected or no connection
E/SQLiteLog(  632): (1) no such table: files
E/NetdConnector(  348): NDC Command {63 bandwidth setiquota eth0 9223372036854775807} took too long (1419ms)
D/MobileDataStateTracker(  348): default: setPolicyDataEnable(enabled=true)
D/MobileDataStateTracker(  348): default: setPolicyDataEnable(enabled=true)
E/WVMExtractor(   60): Failed to open libwvm.so
I/PackageManager(  348):   Action: "android.intent.action.SENDTO"
I/PackageManager(  348):   Category: "android.intent.category.DEFAULT"
I/PackageManager(  348):   Scheme: "sms"
I/PackageManager(  348): Adding preferred activity ComponentInfo{com.android.mms/com.android.mms.ui.ComposeMessageActivity} for user 0 :
I/PackageManager(  348):   Action: "android.intent.action.SENDTO"
I/PackageManager(  348):   Category: "android.intent.category.DEFAULT"
I/PackageManager(  348):   Scheme: "smsto"
I/PackageManager(  348): Adding preferred activity ComponentInfo{com.android.mms/com.android.mms.ui.ComposeMessageActivity} for user 0 :
I/InputReader(  348): Reconfiguring input devices.  changes=0x00000010
I/PackageManager(  348):   Action: "android.intent.action.SENDTO"
I/PackageManager(  348):   Category: "android.intent.category.DEFAULT"
I/PackageManager(  348):   Scheme: "mms"
I/PackageManager(  348): Adding preferred activity ComponentInfo{com.android.mms/com.android.mms.ui.ComposeMessageActivity} for user 0 :
I/InputReader(  348): Reconfiguring input devices.  changes=0x00000010
V/MediaScanner(  632): pruneDeadThumbnailFiles... android.database.sqlite.SQLiteCursor@b2d81b58
I/PackageManager(  348):   Action: "android.intent.action.SENDTO"
I/PackageManager(  348):   Category: "android.intent.category.DEFAULT"
I/PackageManager(  348):   Scheme: "mmsto"
I/PackageManager(  348): Adding preferred activity ComponentInfo{com.android.mms/com.android.mms.ui.ComposeMessageActivity} for user 0 :
D/dalvikvm(  348): GC_CONCURRENT freed 747K, 54% free 5759K/12456K, paused 6ms+5ms, total 115ms
D/dalvikvm(  348): WAIT_FOR_CONCURRENT_GC blocked 45ms
D/dalvikvm(  348): WAIT_FOR_CONCURRENT_GC blocked 36ms
D/dalvikvm(  348): WAIT_FOR_CONCURRENT_GC blocked 40ms
D/dalvikvm(  348): WAIT_FOR_CONCURRENT_GC blocked 38ms
I/InputReader(  348): Reconfiguring input devices.  changes=0x00000010
I/PackageManager(  348):   Action: "android.intent.action.SENDTO"
I/PackageManager(  348):   Category: "android.intent.category.DEFAULT"
I/PackageManager(  348):   Scheme: "sms"
I/PackageManager(  348): Adding preferred activity ComponentInfo{com.android.mms/com.android.mms.ui.ComposeMessageActivity} for user 0 :
I/PackageManager(  348):   Action: "android.intent.action.SENDTO"
I/PackageManager(  348):   Category: "android.intent.category.DEFAULT"
I/PackageManager(  348):   Scheme: "smsto"
I/PackageManager(  348): Adding preferred activity ComponentInfo{com.android.mms/com.android.mms.ui.ComposeMessageActivity} for user 0 :
D/dalvikvm(  602): GC_CONCURRENT freed 392K, 14% free 3392K/3924K, paused 13ms+3ms, total 51ms
I/PackageManager(  348):   Action: "android.intent.action.SENDTO"
I/PackageManager(  348):   Category: "android.intent.category.DEFAULT"
I/PackageManager(  348):   Scheme: "mms"
I/PackageManager(  348): Adding preferred activity ComponentInfo{com.android.mms/com.android.mms.ui.ComposeMessageActivity} for user 0 :
I/PackageManager(  348):   Action: "android.intent.action.SENDTO"
I/PackageManager(  348):   Category: "android.intent.category.DEFAULT"
I/PackageManager(  348):   Scheme: "mmsto"
I/PackageManager(  348): Adding preferred activity ComponentInfo{com.android.mms/com.android.mms.ui.ComposeMessageActivity} for user 0 :
I/PackageManager(  348):   Action: "android.intent.action.SENDTO"
I/PackageManager(  348):   Category: "android.intent.category.DEFAULT"
I/PackageManager(  348):   Scheme: "sms"
I/PackageManager(  348): Adding preferred activity ComponentInfo{com.android.mms/com.android.mms.ui.ComposeMessageActivity} for user 0 :
I/PackageManager(  348):   Action: "android.intent.action.SENDTO"
I/PackageManager(  348):   Category: "android.intent.category.DEFAULT"
I/PackageManager(  348):   Scheme: "smsto"
I/PackageManager(  348): Adding preferred activity ComponentInfo{com.android.mms/com.android.mms.ui.ComposeMessageActivity} for user 0 :
I/PackageManager(  348):   Action: "android.intent.action.SENDTO"
I/PackageManager(  348):   Category: "android.intent.category.DEFAULT"
I/PackageManager(  348):   Scheme: "mms"
I/PackageManager(  348): Adding preferred activity ComponentInfo{com.android.mms/com.android.mms.ui.ComposeMessageActivity} for user 0 :
D/dalvikvm(  348): GC_CONCURRENT freed 750K, 54% free 5777K/12456K, paused 12ms+5ms, total 92ms
D/dalvikvm(  348): WAIT_FOR_CONCURRENT_GC blocked 23ms
I/PackageManager(  348):   Action: "android.intent.action.SENDTO"
I/PackageManager(  348):   Category: "android.intent.category.DEFAULT"
I/PackageManager(  348):   Scheme: "mmsto"
I/PackageManager(  348): Adding preferred activity ComponentInfo{com.android.mms/com.android.mms.ui.ComposeMessageActivity} for user 0 :
D/dalvikvm(  602): GC_CONCURRENT freed 467K, 15% free 3383K/3940K, paused 4ms+13ms, total 51ms
V/MediaScanner(  632): /pruneDeadThumbnailFiles... android.database.sqlite.SQLiteCursor@b2d81b58
I/PackageManager(  348):   Action: "android.intent.action.SENDTO"
I/PackageManager(  348):   Category: "android.intent.category.DEFAULT"
I/PackageManager(  348): Adding preferred activity ComponentInfo{com.android.mms/com.android.mms.ui.ComposeMessageActivity} for user 0 :
I/PackageManager(  348):   Scheme: "sms"
I/PackageManager(  348):   Action: "android.intent.action.SENDTO"
I/PackageManager(  348):   Category: "android.intent.category.DEFAULT"
I/PackageManager(  348):   Scheme: "smsto"
I/PackageManager(  348): Adding preferred activity ComponentInfo{com.android.mms/com.android.mms.ui.ComposeMessageActivity} for user 0 :
I/PackageManager(  348):   Action: "android.intent.action.SENDTO"
I/PackageManager(  348):   Category: "android.intent.category.DEFAULT"
I/PackageManager(  348):   Scheme: "mms"
I/PackageManager(  348): Adding preferred activity ComponentInfo{com.android.mms/com.android.mms.ui.ComposeMessageActivity} for user 0 :
I/PackageManager(  348):   Action: "android.intent.action.SENDTO"
I/PackageManager(  348):   Category: "android.intent.category.DEFAULT"
I/PackageManager(  348):   Scheme: "mmsto"
I/PackageManager(  348): Adding preferred activity ComponentInfo{com.android.mms/com.android.mms.ui.ComposeMessageActivity} for user 0 :
I/PackageManager(  348):   Action: "android.intent.action.SENDTO"
I/PackageManager(  348):   Category: "android.intent.category.DEFAULT"
I/PackageManager(  348):   Scheme: "sms"
I/PackageManager(  348): Adding preferred activity ComponentInfo{com.android.mms/com.android.mms.ui.ComposeMessageActivity} for user 0 :
I/PackageManager(  348):   Action: "android.intent.action.SENDTO"
I/PackageManager(  348):   Category: "android.intent.category.DEFAULT"
I/PackageManager(  348):   Scheme: "smsto"
I/PackageManager(  348): Adding preferred activity ComponentInfo{com.android.mms/com.android.mms.ui.ComposeMessageActivity} for user 0 :
D/dalvikvm(  602): GC_CONCURRENT freed 494K, 16% free 3347K/3940K, paused 4ms+2ms, total 80ms
I/PackageManager(  348):   Action: "android.intent.action.SENDTO"
I/PackageManager(  348):   Category: "android.intent.category.DEFAULT"
I/PackageManager(  348):   Scheme: "mms"
I/PackageManager(  348): Adding preferred activity ComponentInfo{com.android.mms/com.android.mms.ui.ComposeMessageActivity} for user 0 :
D/dalvikvm(  348): GC_CONCURRENT freed 819K, 55% free 5729K/12456K, paused 6ms+5ms, total 102ms
D/dalvikvm(  348): WAIT_FOR_CONCURRENT_GC blocked 28ms
I/PackageManager(  348):   Action: "android.intent.action.SENDTO"
I/PackageManager(  348):   Category: "android.intent.category.DEFAULT"
I/PackageManager(  348):   Scheme: "mmsto"
I/PackageManager(  348): Adding preferred activity ComponentInfo{com.android.mms/com.android.mms.ui.ComposeMessageActivity} for user 0 :
I/PackageManager(  348):   Action: "android.intent.action.SENDTO"
I/PackageManager(  348):   Category: "android.intent.category.DEFAULT"
I/PackageManager(  348):   Scheme: "sms"
I/PackageManager(  348): Adding preferred activity ComponentInfo{com.android.mms/com.android.mms.ui.ComposeMessageActivity} for user 0 :
I/PackageManager(  348):   Action: "android.intent.action.SENDTO"
I/PackageManager(  348):   Category: "android.intent.category.DEFAULT"
I/PackageManager(  348):   Scheme: "smsto"
I/PackageManager(  348): Adding preferred activity ComponentInfo{com.android.mms/com.android.mms.ui.ComposeMessageActivity} for user 0 :
I/PackageManager(  348):   Action: "android.intent.action.SENDTO"
I/PackageManager(  348):   Category: "android.intent.category.DEFAULT"
I/PackageManager(  348):   Scheme: "mms"
I/PackageManager(  348): Adding preferred activity ComponentInfo{com.android.mms/com.android.mms.ui.ComposeMessageActivity} for user 0 :
I/PackageManager(  348):   Action: "android.intent.action.SENDTO"
I/PackageManager(  348):   Category: "android.intent.category.DEFAULT"
I/PackageManager(  348):   Scheme: "mmsto"
I/PackageManager(  348): Adding preferred activity ComponentInfo{com.android.mms/com.android.mms.ui.ComposeMessageActivity} for user 0 :
D/dalvikvm(  602): GC_CONCURRENT freed 401K, 14% free 3396K/3940K, paused 5ms+2ms, total 49ms
D/dalvikvm(  348): GC_CONCURRENT freed 648K, 55% free 5722K/12456K, paused 5ms+4ms, total 66ms
E/MetadataRetrieverClient(   60): failed to extract an album art
E/BluetoothAdapter(  613): Bluetooth binder is null
D/AlertReceiver(  947): onReceive: a=android.intent.action.PROVIDER_CHANGED Intent { act=android.intent.action.PROVIDER_CHANGED dat=content://com.android.calendar flg=0x10 cmp=com.android.calendar/.alerts.AlertReceiver }
I/ActivityManager(  348): Delay finish: com.android.calendar/.alerts.AlertReceiver
D/AlertService(  947): 0 Action = android.intent.action.PROVIDER_CHANGED
I/ActivityManager(  348): Waited long enough for: ServiceRecord{b367cba8 u0 com.android.music/.MediaPlaybackService}
I/ActivityManager(  348): Resuming delayed broadcast
I/ActivityManager(  348): Delay finish: com.android.mms/.transaction.SmsReceiver
V/SmsReceiverService( 1027): onStart: #1 mResultCode: -1 = Activity.RESULT_OK
I/ActivityManager(  348): Resuming delayed broadcast
I/ActivityManager(  348): Delay finish: com.android.providers.calendar/.CalendarProviderBroadcastReceiver
D/dalvikvm(  975): GC_CONCURRENT freed 224K, 10% free 2890K/3188K, paused 5ms+2ms, total 189ms
I/ActivityManager(  348): Resuming delayed broadcast
D/MobileDataStateTracker(  348): default: setPolicyDataEnable(enabled=true)
D/ConnectivityService(  348): Sampling interval elapsed, updating statistics ..
D/ConnectivityService(  348): Done.
D/ConnectivityService(  348): Setting timer for 720seconds
I/GlobalDismissManager(  947): no sender configured
D/AlertService(  947): Beginning updateAlertNotification
D/AlertService(  947): No fired or scheduled alerts
D/AlertService(  947): Scheduling next alarm with AlarmScheduler. sEventReminderReceived: null
D/AlarmScheduler(  947): No events found starting within 1 week.
I/ActivityManager(  348): Waited long enough for: ServiceRecord{b319f7f8 u0 com.android.calendar/.alerts.InitAlarmsService}
D/AndroidRuntime( 1152): 
D/AndroidRuntime( 1152): >>>>>> AndroidRuntime START com.android.internal.os.RuntimeInit <<<<<<
D/AndroidRuntime( 1152): CheckJNI is ON
D/dalvikvm( 1152): Trying to load lib libjavacore.so 0x0
D/dalvikvm( 1152): Added shared lib libjavacore.so 0x0
D/dalvikvm( 1152): Trying to load lib libnativehelper.so 0x0
D/dalvikvm( 1152): Added shared lib libnativehelper.so 0x0
D/dalvikvm( 1152): No JNI_OnLoad found in libnativehelper.so 0x0, skipping init
D/dalvikvm( 1152): Note: class Landroid/app/ActivityManagerNative; has 179 unimplemented (abstract) methods
E/memtrack( 1152): Couldn't load memtrack module (No such file or directory)
E/android.os.Debug( 1152): failed to load memtrack module: -2
D/AndroidRuntime( 1152): Calling main entry com.android.commands.am.Am
I/ActivityManager(  348): START u0 {act=android.intent.action.MAIN cat=[android.intent.category.LAUNCHER] flg=0x10000000 cmp=com.kb.abc/.MainActivity} from pid 1152
D/gralloc (   57): Registering a buffer in the process that created it. This may cause memory ordering problems.
E/libEGL  (   57): called unimplemented OpenGL ES API
E/libEGL  (   57): called unimplemented OpenGL ES API
E/libEGL  (   57): called unimplemented OpenGL ES API
E/libEGL  (   57): called unimplemented OpenGL ES API
E/SurfaceFlinger(   57): glCheckFramebufferStatusOES error -328333035
E/SurfaceFlinger(   57): got GL_FRAMEBUFFER_COMPLETE_OES error while taking screenshot
E/libEGL  (   57): called unimplemented OpenGL ES API
E/libEGL  (   57): called unimplemented OpenGL ES API
W/WindowManager(  348): Screenshot failure taking screenshot for (164x295) to layer 21005
I/ActivityManager(  348): Start proc com.kb.abc for activity com.kb.abc/.MainActivity: pid=1162 uid=10052 gids={50052, 3003, 1028, 1015}
I/Choreographer(  686): Skipped 87 frames!  The application may be doing too much work on its main thread.
I/ARMAssembler(   57): generated scanline__00000077:03010104_00008001_00000000 [ 89 ipp] (110 ins) at [0xb5a5b680:0xb5a5b838] in 10000000 ns
D/dalvikvm( 1162): GC_FOR_ALLOC freed 42K, 4% free 2738K/2852K, paused 30ms, total 33ms
I/dalvikvm-heap( 1162): Grow heap (frag case) to 3.391MB for 682256-byte allocation
D/dalvikvm( 1162): GC_FOR_ALLOC freed <1K, 4% free 3404K/3520K, paused 27ms, total 27ms
D/dalvikvm( 1162): GC_CONCURRENT freed <1K, 4% free 3404K/3520K, paused 4ms+7ms, total 33ms
D/gralloc_goldfish( 1162): Emulator without GPU emulation detected.
I/ActivityManager(  348): Displayed com.kb.abc/.MainActivity: +1s630ms
D/AndroidRuntime( 1152): Shutting down VM
D/dalvikvm( 1152): GC_CONCURRENT freed 97K, 15% free 589K/688K, paused 2ms+1ms, total 25ms
I/ActivityManager(  348): START u0 {cmp=com.kb.abc/.ListActivity} from pid 1162
D/dalvikvm( 1162): GC_FOR_ALLOC freed 6K, 3% free 3507K/3596K, paused 34ms, total 38ms
I/dalvikvm-heap( 1162): Grow heap (frag case) to 4.112MB for 650256-byte allocation
D/dalvikvm( 1162): GC_CONCURRENT freed <1K, 3% free 4141K/4232K, paused 8ms+2ms, total 70ms
D/dalvikvm( 1162): GC_CONCURRENT freed 34K, 3% free 4498K/4604K, paused 17ms+3ms, total 69ms
D/dalvikvm( 1162): GC_CONCURRENT freed 18K, 2% free 4979K/5068K, paused 66ms+26ms, total 135ms
I/Choreographer( 1162): Skipped 50 frames!  The application may be doing too much work on its main thread.
I/Choreographer(  686): Skipped 151 frames!  The application may be doing too much work on its main thread.
V/AlarmClock(  968): AlarmInitReceiver android.intent.action.TIME_SET
I/ActivityManager(  348): Displayed com.kb.abc/.ListActivity: +4s219ms
I/AlarmClock(  968): Displaying next alarm time: ''
V/AlarmClock(  968): AlarmInitReceiver finished
D/InitAlarmsService(  947): Clearing and rescheduling alarms.
D/AndroidRuntime( 1177): 
D/AndroidRuntime( 1177): >>>>>> AndroidRuntime START com.android.internal.os.RuntimeInit <<<<<<
D/AndroidRuntime( 1177): CheckJNI is ON
D/dalvikvm( 1177): Trying to load lib libjavacore.so 0x0
D/dalvikvm( 1177): Added shared lib libjavacore.so 0x0
D/dalvikvm( 1177): Trying to load lib libnativehelper.so 0x0
D/dalvikvm( 1177): Added shared lib libnativehelper.so 0x0
D/dalvikvm( 1177): No JNI_OnLoad found in libnativehelper.so 0x0, skipping init
D/dalvikvm( 1177): Note: class Landroid/app/ActivityManagerNative; has 179 unimplemented (abstract) methods
E/memtrack( 1177): Couldn't load memtrack module (No such file or directory)
E/android.os.Debug( 1177): failed to load memtrack module: -2
D/AndroidRuntime( 1177): Calling main entry com.android.commands.am.Am
D/AndroidRuntime( 1177): Shutting down VM
D/dalvikvm( 1177): GC_CONCURRENT freed 97K, 15% free 587K/688K, paused 2ms+2ms, total 12ms
D/        (  348): Setting time of day to sec=1545767408
D/AndroidRuntime( 1187): 
D/AndroidRuntime( 1187): >>>>>> AndroidRuntime START com.android.internal.os.RuntimeInit <<<<<<
D/AndroidRuntime( 1187): CheckJNI is ON
D/dalvikvm( 1187): Trying to load lib libjavacore.so 0x0
D/dalvikvm( 1187): Added shared lib libjavacore.so 0x0
D/dalvikvm( 1187): Trying to load lib libnativehelper.so 0x0
D/dalvikvm( 1187): Added shared lib libnativehelper.so 0x0
D/dalvikvm( 1187): No JNI_OnLoad found in libnativehelper.so 0x0, skipping init
D/dalvikvm( 1187): Note: class Landroid/app/ActivityManagerNative; has 179 unimplemented (abstract) methods
E/memtrack( 1187): Couldn't load memtrack module (No such file or directory)
E/android.os.Debug( 1187): failed to load memtrack module: -2
D/AndroidRuntime( 1187): Calling main entry com.android.commands.am.Am
I/ActivityManager(  348): START u0 {act=android.intent.action.MAIN cat=[android.intent.category.LAUNCHER] flg=0x10000000 cmp=com.kb.abc/.ListActivity} from pid 1187
D/dalvikvm( 1162): GC_CONCURRENT freed 51K, 3% free 5578K/5700K, paused 37ms+12ms, total 100ms
I/Choreographer( 1162): Skipped 150 frames!  The application may be doing too much work on its main thread.
I/ActivityManager(  348): Displayed com.kb.abc/.ListActivity: +2s54ms
D/AndroidRuntime( 1187): Shutting down VM
D/dalvikvm( 1187): GC_CONCURRENT freed 97K, 15% free 589K/688K, paused 1ms+1ms, total 15ms
I/MediaFocusControl(  348):  AudioFocus  abandonAudioFocus() from android.media.AudioManager@b2d8e388com.android.music.MediaPlaybackService$3@b2d8d208
I/PackageManager(  348):   Action: "android.intent.action.SENDTO"
I/PackageManager(  348):   Category: "android.intent.category.DEFAULT"
I/PackageManager(  348):   Scheme: "sms"
I/PackageManager(  348): Adding preferred activity ComponentInfo{com.android.mms/com.android.mms.ui.ComposeMessageActivity} for user 0 :
I/PackageManager(  348):   Action: "android.intent.action.SENDTO"
I/PackageManager(  348):   Category: "android.intent.category.DEFAULT"
I/PackageManager(  348):   Scheme: "smsto"
I/PackageManager(  348): Adding preferred activity ComponentInfo{com.android.mms/com.android.mms.ui.ComposeMessageActivity} for user 0 :
I/PackageManager(  348):   Action: "android.intent.action.SENDTO"
I/PackageManager(  348):   Category: "android.intent.category.DEFAULT"
I/PackageManager(  348):   Scheme: "mms"
I/PackageManager(  348): Adding preferred activity ComponentInfo{com.android.mms/com.android.mms.ui.ComposeMessageActivity} for user 0 :
I/PackageManager(  348):   Action: "android.intent.action.SENDTO"
I/PackageManager(  348):   Category: "android.intent.category.DEFAULT"
I/PackageManager(  348): Adding preferred activity ComponentInfo{com.android.mms/com.android.mms.ui.ComposeMessageActivity} for user 0 :
I/PackageManager(  348):   Scheme: "mmsto"
D/dalvikvm(  348): GC_CONCURRENT freed 634K, 54% free 5842K/12456K, paused 4ms+6ms, total 101ms
D/dalvikvm(  348): WAIT_FOR_CONCURRENT_GC blocked 28ms
V/SmsReceiverService( 1027): onStart: #1 mResultCode: -1 = Activity.RESULT_OK
D/dalvikvm( 1027): GC_CONCURRENT freed 195K, 8% free 3090K/3356K, paused 5ms+4ms, total 33ms
E/StrictMode( 1027): A resource was acquired at attached stack trace but never released. See java.io.Closeable for information on avoiding resource leaks.
E/StrictMode( 1027): java.lang.Throwable: Explicit termination method 'release' not called
E/StrictMode( 1027): 	at dalvik.system.CloseGuard.open(CloseGuard.java:184)
E/StrictMode( 1027): 	at android.drm.DrmManagerClient.<init>(DrmManagerClient.java:258)
E/StrictMode( 1027): 	at com.google.android.mms.pdu.PduPersister.<init>(PduPersister.java:288)
E/StrictMode( 1027): 	at com.google.android.mms.pdu.PduPersister.getPduPersister(PduPersister.java:296)
E/StrictMode( 1027): 	at com.android.mms.transaction.TransactionService.onNewIntent(TransactionService.java:224)
E/StrictMode( 1027): 	at com.android.mms.transaction.TransactionService$ServiceHandler.handleMessage(TransactionService.java:621)
E/StrictMode( 1027): 	at android.os.Handler.dispatchMessage(Handler.java:102)
E/StrictMode( 1027): 	at android.os.Looper.loop(Looper.java:136)
E/StrictMode( 1027): 	at android.os.HandlerThread.run(HandlerThread.java:61)
D/dalvikvm( 1027): GC_CONCURRENT freed 245K, 9% free 3237K/3556K, paused 3ms+2ms, total 42ms
D/MmsSmsProvider(  602): getSingleAddressId: insert new canonical_address for xxxxxx, _id=1
D/MmsSmsProvider(  602): getThreadId: create new thread_id for recipients xxxxxxxx
D/MmsSmsProvider(  602): insertThread: created new thread_id 1 for recipientIds xxxxxxx
D/dalvikvm(  602): GC_EXPLICIT freed 256K, 16% free 3318K/3924K, paused 3ms+3ms, total 65ms
D/SmsReceiverService( 1027): handleSmsReceived messageUri: content://sms/1 threadId: 1
D/Mms:app ( 1027): updateNotification: new message, adding sound to the notification
D/AndroidRuntime( 1202): 
D/AndroidRuntime( 1202): >>>>>> AndroidRuntime START com.android.internal.os.RuntimeInit <<<<<<
D/AndroidRuntime( 1202): CheckJNI is ON
D/dalvikvm( 1202): Trying to load lib libjavacore.so 0x0
D/dalvikvm( 1202): Added shared lib libjavacore.so 0x0
D/dalvikvm( 1202): Trying to load lib libnativehelper.so 0x0
D/dalvikvm( 1202): Added shared lib libnativehelper.so 0x0
D/dalvikvm( 1202): No JNI_OnLoad found in libnativehelper.so 0x0, skipping init
D/dalvikvm( 1202): Note: class Landroid/app/ActivityManagerNative; has 179 unimplemented (abstract) methods
E/memtrack( 1202): Couldn't load memtrack module (No such file or directory)
E/android.os.Debug( 1202): failed to load memtrack module: -2
D/AndroidRuntime( 1202): Calling main entry com.android.commands.am.Am
I/ActivityManager(  348): START u0 {act=android.intent.action.MAIN cat=[android.intent.category.LAUNCHER] flg=0x10000000 cmp=com.kb.abc/.CertActivity} from pid 1202
I/LatinIME:LogUtils(  590): Dictionary info: dictionary = contacts.en_US.dict ; version = ? ; date = ?
I/Choreographer( 1162): Skipped 78 frames!  The application may be doing too much work on its main thread.
I/PackageManager(  348): Adding preferred activity ComponentInfo{com.android.mms/com.android.mms.ui.ComposeMessageActivity} for user 0 :
I/PackageManager(  348):   Action: "android.intent.action.SENDTO"
I/PackageManager(  348):   Category: "android.intent.category.DEFAULT"
I/PackageManager(  348):   Scheme: "sms"
I/PackageManager(  348):   Action: "android.intent.action.SENDTO"
I/PackageManager(  348):   Category: "android.intent.category.DEFAULT"
I/PackageManager(  348):   Scheme: "smsto"
I/PackageManager(  348): Adding preferred activity ComponentInfo{com.android.mms/com.android.mms.ui.ComposeMessageActivity} for user 0 :
I/PackageManager(  348):   Action: "android.intent.action.SENDTO"
I/PackageManager(  348):   Category: "android.intent.category.DEFAULT"
I/PackageManager(  348):   Scheme: "mms"
I/PackageManager(  348): Adding preferred activity ComponentInfo{com.android.mms/com.android.mms.ui.ComposeMessageActivity} for user 0 :
I/PackageManager(  348):   Action: "android.intent.action.SENDTO"
I/PackageManager(  348):   Category: "android.intent.category.DEFAULT"
I/PackageManager(  348):   Scheme: "mmsto"
I/PackageManager(  348): Adding preferred activity ComponentInfo{com.android.mms/com.android.mms.ui.ComposeMessageActivity} for user 0 :
I/Choreographer(  450): Skipped 38 frames!  The application may be doing too much work on its main thread.
I/ActivityManager(  348): START u0 {cmp=com.kb.abc/.EnActivity (has extras)} from pid 1162
V/SmsReceiverService( 1027): onStart: #1 mResultCode: -1 = Activity.RESULT_OK
D/dalvikvm(  590): GC_CONCURRENT freed 320K, 11% free 3245K/3632K, paused 5ms+45ms, total 303ms
I/ResourceUtils(  590): Found default value: resource=phantom_sudden_move_event_device_list build=[HARDWARE=goldfish MODEL=sdk BRAND=generic MANUFACTURER=unknown] default=false
I/Choreographer( 1162): Skipped 101 frames!  The application may be doing too much work on its main thread.
I/ResourceUtils(  590): Found default value: resource=keyboard_heights build=[HARDWARE=goldfish MODEL=sdk BRAND=generic MANUFACTURER=unknown] default=
W/SubtypeSwitcher(  590): Can't find Emoji subtype
W/SubtypeSwitcher(  590): No input method subtype found; return dummy subtype: android.view.inputmethod.InputMethodSubtype@d78b2ed0
D/dalvikvm(  590): GC_FOR_ALLOC freed 194K, 8% free 3381K/3668K, paused 103ms, total 122ms
I/dalvikvm-heap(  590): Grow heap (frag case) to 3.665MB for 313360-byte allocation
D/dalvikvm(  590): GC_FOR_ALLOC freed 5K, 8% free 3682K/3976K, paused 136ms, total 137ms
D/dalvikvm(  590): GC_FOR_ALLOC freed 433K, 13% free 3467K/3976K, paused 250ms, total 251ms
D/dalvikvm(  590): GC_CONCURRENT freed 59K, 4% free 3901K/4048K, paused 52ms+5ms, total 271ms
D/dalvikvm( 1162): GC_CONCURRENT freed 863K, 15% free 5585K/6520K, paused 10ms+109ms, total 206ms
D/dalvikvm(  590): GC_CONCURRENT freed 450K, 12% free 3935K/4460K, paused 5ms+57ms, total 143ms
D/dalvikvm(  590): GC_CONCURRENT freed 568K, 15% free 3882K/4516K, paused 4ms+27ms, total 163ms
D/dalvikvm(  590): WAIT_FOR_CONCURRENT_GC blocked 3ms
D/dalvikvm(  590): GC_FOR_ALLOC freed 396K, 20% free 3657K/4516K, paused 57ms, total 58ms
I/dalvikvm-heap(  590): Grow heap (frag case) to 4.048MB for 434192-byte allocation
I/Choreographer( 1162): Skipped 168 frames!  The application may be doing too much work on its main thread.
D/dalvikvm(  590): GC_CONCURRENT freed 3K, 18% free 4078K/4944K, paused 5ms+4ms, total 114ms
D/dalvikvm(  590): WAIT_FOR_CONCURRENT_GC blocked 90ms
D/dalvikvm(  590): GC_FOR_ALLOC freed 640K, 24% free 3797K/4944K, paused 105ms, total 125ms
I/ActivityManager(  348): Displayed com.kb.abc/.EnActivity: +4s326ms (total +7s435ms)
I/ActivityManager(  348): Displayed com.kb.abc/.CertActivity: +7s436ms
D/AndroidRuntime( 1202): Shutting down VM
D/dalvikvm( 1202): GC_CONCURRENT freed 97K, 15% free 589K/688K, paused 2ms+11ms, total 22ms
W/ViewPager(  590): Requested offscreen page limit 0 too small; defaulting to 1
D/dalvikvm(  590): GC_CONCURRENT freed 152K, 18% free 4095K/4944K, paused 5ms+32ms, total 196ms
W/IInputConnectionWrapper( 1162): getTextBeforeCursor on inactive InputConnection
E/RichInputConnection(  590): Unable to connect to the editor to retrieve text... will retry later
I/LatinIME:LogUtils(  590): Dictionary info: dictionary = contacts.en_US.dict ; version = ? ; date = ?
W/IInputConnectionWrapper( 1162): getTextBeforeCursor on inactive InputConnection
W/IInputConnectionWrapper( 1162): getTextBeforeCursor on inactive InputConnection
D/dalvikvm(  590): GC_CONCURRENT freed 349K, 17% free 4140K/4944K, paused 4ms+4ms, total 120ms
I/Choreographer(  590): Skipped 45 frames!  The application may be doing too much work on its main thread.
D/MmsSmsProvider(  602): getSingleAddressId: insert new canonical_address for xxxxxx, _id=2
D/MmsSmsProvider(  602): getThreadId: create new thread_id for recipients xxxxxxxx
D/MmsSmsProvider(  602): insertThread: created new thread_id 2 for recipientIds xxxxxxx
D/SmsReceiverService( 1027): handleSmsReceived messageUri: content://sms/2 threadId: 2
D/Mms:app ( 1027): updateNotification: new message, adding sound to the notification
D/AndroidRuntime( 1219): 
D/AndroidRuntime( 1219): >>>>>> AndroidRuntime START com.android.internal.os.RuntimeInit <<<<<<
D/AndroidRuntime( 1219): CheckJNI is ON
D/dalvikvm( 1219): Trying to load lib libjavacore.so 0x0
D/dalvikvm( 1219): Added shared lib libjavacore.so 0x0
D/dalvikvm( 1219): Trying to load lib libnativehelper.so 0x0
D/dalvikvm( 1219): Added shared lib libnativehelper.so 0x0
D/dalvikvm( 1219): No JNI_OnLoad found in libnativehelper.so 0x0, skipping init
D/dalvikvm( 1219): Note: class Landroid/app/ActivityManagerNative; has 179 unimplemented (abstract) methods
E/memtrack( 1219): Couldn't load memtrack module (No such file or directory)
E/android.os.Debug( 1219): failed to load memtrack module: -2
D/AndroidRuntime( 1219): Calling main entry com.android.commands.am.Am
I/ActivityManager(  348): START u0 {act=android.intent.action.MAIN cat=[android.intent.category.LAUNCHER] flg=0x10000000 cmp=com.kb.abc/.EnActivity} from pid 1219
D/AndroidRuntime( 1162): Shutting down VM
W/dalvikvm( 1162): threadid=1: thread exiting with uncaught exception (group=0xb2ad3ba8)
E/AndroidRuntime( 1162): FATAL EXCEPTION: main
E/AndroidRuntime( 1162): Process: com.kb.abc, PID: 1162
E/AndroidRuntime( 1162): java.lang.RuntimeException: Unable to start activity ComponentInfo{com.kb.abc/com.kb.abc.EnActivity}: java.lang.NullPointerException
E/AndroidRuntime( 1162): 	at android.app.ActivityThread.performLaunchActivity(ActivityThread.java:2184)
E/AndroidRuntime( 1162): 	at android.app.ActivityThread.handleLaunchActivity(ActivityThread.java:2233)
E/AndroidRuntime( 1162): 	at android.app.ActivityThread.access$800(ActivityThread.java:135)
E/AndroidRuntime( 1162): 	at android.app.ActivityThread$H.handleMessage(ActivityThread.java:1196)
E/AndroidRuntime( 1162): 	at android.os.Handler.dispatchMessage(Handler.java:102)
E/AndroidRuntime( 1162): 	at android.os.Looper.loop(Looper.java:136)
E/AndroidRuntime( 1162): 	at android.app.ActivityThread.main(ActivityThread.java:5001)
E/AndroidRuntime( 1162): 	at java.lang.reflect.Method.invokeNative(Native Method)
E/AndroidRuntime( 1162): 	at java.lang.reflect.Method.invoke(Method.java:515)
E/AndroidRuntime( 1162): 	at com.android.internal.os.ZygoteInit$MethodAndArgsCaller.run(ZygoteInit.java:785)
E/AndroidRuntime( 1162): 	at com.android.internal.os.ZygoteInit.main(ZygoteInit.java:601)
E/AndroidRuntime( 1162): 	at dalvik.system.NativeStart.main(Native Method)
E/AndroidRuntime( 1162): Caused by: java.lang.NullPointerException
E/AndroidRuntime( 1162): 	at com.kb.abc.EnActivity.onCreate(EnActivity.java:45)
