D/dalvikvm(  348): GC_CONCURRENT freed 474K, 66% free 4075K/11952K, paused 5ms+4ms, total 69ms
D/dalvikvm(  348): WAIT_FOR_CONCURRENT_GC blocked 20ms
D/dalvikvm(  348): GC_CONCURRENT freed 336K, 65% free 4208K/11952K, paused 4ms+3ms, total 37ms
D/dalvikvm(  348): WAIT_FOR_CONCURRENT_GC blocked 27ms
D/dalvikvm(  348): GC_FOR_ALLOC freed 353K, 65% free 4296K/11952K, paused 29ms, total 30ms
D/dalvikvm(  348): GC_CONCURRENT freed 250K, 62% free 4571K/11952K, paused 13ms+4ms, total 97ms
D/dalvikvm(  348): GC_CONCURRENT freed 327K, 61% free 4757K/11952K, paused 4ms+5ms, total 101ms
I/PackageManager(  348): /system/app/LegacyCamera.apk changed; collecting certs
D/dalvikvm(  348): GC_CONCURRENT freed 237K, 58% free 5043K/11952K, paused 5ms+5ms, total 105ms
D/dalvikvm(  348): GC_CONCURRENT freed 433K, 57% free 5194K/11952K, paused 9ms+9ms, total 46ms
D/dalvikvm(  348): WAIT_FOR_CONCURRENT_GC blocked 37ms
D/dalvikvm(  348): GC_CONCURRENT freed 1588K, 65% free 4230K/11952K, paused 4ms+4ms, total 66ms
D/dalvikvm(  348): WAIT_FOR_CONCURRENT_GC blocked 21ms
D/dalvikvm(  348): GC_CONCURRENT freed 144K, 62% free 4643K/11952K, paused 9ms+5ms, total 127ms
D/dalvikvm(  348): GC_CONCURRENT freed 331K, 60% free 4823K/11952K, paused 4ms+6ms, total 103ms
I/PackageManager(  348): /system/app/LiveWallpapersPicker.apk changed; collecting certs
I/PackageManager(  348): /system/app/Music.apk changed; collecting certs
D/dalvikvm(  348): GC_CONCURRENT freed 477K, 60% free 4870K/11952K, paused 9ms+9ms, total 45ms
D/dalvikvm(  348): WAIT_FOR_CONCURRENT_GC blocked 36ms
I/PackageManager(  348): /system/app/NetSpeed.apk changed; collecting certs
D/dalvikvm(  348): GC_CONCURRENT freed 1180K, 65% free 4254K/11952K, paused 5ms+25ms, total 95ms
I/PackageManager(  348): /system/app/OpenWnn.apk changed; collecting certs
D/dalvikvm(  348): GC_CONCURRENT freed 296K, 63% free 4468K/11952K, paused 6ms+4ms, total 45ms
D/dalvikvm(  348): WAIT_FOR_CONCURRENT_GC blocked 26ms
D/dalvikvm(  348): GC_CONCURRENT freed 668K, 64% free 4336K/11952K, paused 4ms+5ms, total 100ms
D/dalvikvm(  348): GC_CONCURRENT freed 277K, 63% free 4512K/11952K, paused 5ms+5ms, total 71ms
I/PackageManager(  348): /system/app/PacProcessor.apk changed; collecting certs
I/PackageManager(  348): /system/app/PackageInstaller.apk changed; collecting certs
D/dalvikvm(  348): GC_CONCURRENT freed 421K, 62% free 4586K/11952K, paused 5ms+16ms, total 80ms
I/PackageManager(  348): /system/app/PicoTts.apk changed; collecting certs
I/PackageManager(  348): /system/app/PinyinIME.apk changed; collecting certs
D/dalvikvm(  348): GC_CONCURRENT freed 976K, 66% free 4125K/11952K, paused 5ms+4ms, total 79ms
D/dalvikvm(  348): WAIT_FOR_CONCURRENT_GC blocked 10ms
I/PackageManager(  348): /system/app/PrintSpooler.apk changed; collecting certs
I/PackageManager(  348): /system/app/Protips.apk changed; collecting certs
I/PackageManager(  348): /system/app/QuickSearchBox.apk changed; collecting certs
D/dalvikvm(  348): GC_CONCURRENT freed 429K, 65% free 4234K/11952K, paused 4ms+7ms, total 103ms
D/dalvikvm(  348): GC_CONCURRENT freed 488K, 65% free 4218K/11952K, paused 5ms+15ms, total 79ms
I/PackageManager(  348): /system/app/SdkSetup.apk changed; collecting certs
I/PackageManager(  348): /system/app/SoundRecorder.apk changed; collecting certs
D/dalvikvm(  348): GC_CONCURRENT freed 396K, 64% free 4320K/11952K, paused 11ms+9ms, total 131ms
I/PackageManager(  348): /system/app/SpeechRecorder.apk changed; collecting certs
I/PackageManager(  348): /system/app/TelephonyProvider.apk changed; collecting certs
I/PackageManager(  348): /system/app/UserDictionaryProvider.apk changed; collecting certs
D/PackageManager(  348): No files in app dir /vendor/app
D/dalvikvm(  348): GC_CONCURRENT freed 724K, 66% free 4103K/11952K, paused 14ms+4ms, total 102ms
W/PackageParser(  348): No actions in intent filter at /data/app/ApiDemos.apk Binary XML file line #2899
W/PackageParser(  348): No actions in intent filter at /data/app/ApiDemos.apk Binary XML file line #2905
I/PackageManager(  348): /data/app/ApiDemos.apk changed; collecting certs
D/dalvikvm(  348): GC_CONCURRENT freed 241K, 64% free 4373K/11952K, paused 5ms+3ms, total 78ms
D/dalvikvm(  348): WAIT_FOR_CONCURRENT_GC blocked 14ms
D/dalvikvm(  348): GC_CONCURRENT freed 283K, 62% free 4563K/11952K, paused 5ms+2ms, total 40ms
D/dalvikvm(  348): WAIT_FOR_CONCURRENT_GC blocked 28ms
D/dalvikvm(  348): GC_CONCURRENT freed 322K, 61% free 4753K/11952K, paused 6ms+7ms, total 85ms
D/dalvikvm(  348): WAIT_FOR_CONCURRENT_GC blocked 6ms
D/dalvikvm(  348): GC_CONCURRENT freed 274K, 59% free 4983K/11952K, paused 14ms+22ms, total 100ms
D/dalvikvm(  348): GC_CONCURRENT freed 717K, 60% free 4833K/11952K, paused 5ms+3ms, total 69ms
D/dalvikvm(  348): WAIT_FOR_CONCURRENT_GC blocked 27ms
D/dalvikvm(  348): GC_CONCURRENT freed 534K, 60% free 4833K/11952K, paused 5ms+3ms, total 71ms
D/dalvikvm(  348): WAIT_FOR_CONCURRENT_GC blocked 29ms
D/dalvikvm(  348): GC_CONCURRENT freed 526K, 60% free 4837K/11952K, paused 5ms+3ms, total 65ms
D/dalvikvm(  348): WAIT_FOR_CONCURRENT_GC blocked 27ms
D/dalvikvm(  348): GC_CONCURRENT freed 535K, 60% free 4836K/11952K, paused 4ms+3ms, total 67ms
D/dalvikvm(  348): WAIT_FOR_CONCURRENT_GC blocked 24ms
D/dalvikvm(  348): GC_CONCURRENT freed 521K, 60% free 4846K/11952K, paused 14ms+4ms, total 65ms
D/dalvikvm(  348): WAIT_FOR_CONCURRENT_GC blocked 29ms
D/dalvikvm(  348): GC_CONCURRENT freed 529K, 60% free 4849K/11952K, paused 13ms+3ms, total 69ms
D/dalvikvm(  348): WAIT_FOR_CONCURRENT_GC blocked 32ms
D/dalvikvm(  348): GC_CONCURRENT freed 529K, 60% free 4852K/11952K, paused 12ms+14ms, total 112ms
D/dalvikvm(  348): WAIT_FOR_CONCURRENT_GC blocked 72ms
D/dalvikvm(  348): GC_CONCURRENT freed 531K, 60% free 4857K/11952K, paused 13ms+3ms, total 71ms
D/dalvikvm(  348): WAIT_FOR_CONCURRENT_GC blocked 33ms
D/dalvikvm(  348): GC_CONCURRENT freed 529K, 60% free 4860K/11952K, paused 5ms+3ms, total 71ms
D/dalvikvm(  348): WAIT_FOR_CONCURRENT_GC blocked 31ms
W/PackageManager(  348): Package com.example.android.apis desires unavailable shared library com.example.will.never.exist; ignoring!
D/dalvikvm(  348): GC_CONCURRENT freed 501K, 60% free 4888K/11952K, paused 5ms+16ms, total 100ms
I/PackageManager(  348): /data/app/CubeLiveWallpapers.apk changed; collecting certs
I/PackageManager(  348): /data/app/GestureBuilder.apk changed; collecting certs
D/dalvikvm(  348): GC_CONCURRENT freed 439K, 59% free 4984K/11952K, paused 12ms+8ms, total 67ms
D/dalvikvm(  348): WAIT_FOR_CONCURRENT_GC blocked 31ms
I/PackageManager(  348): /data/app/SmokeTest.apk changed; collecting certs
I/PackageManager(  348): /data/app/SmokeTestApp.apk changed; collecting certs
I/PackageManager(  348): /data/app/SoftKeyboard.apk changed; collecting certs
D/dalvikvm(  348): GC_CONCURRENT freed 1137K, 64% free 4418K/11952K, paused 5ms+4ms, total 74ms
D/dalvikvm(  348): WAIT_FOR_CONCURRENT_GC blocked 25ms
I/PackageManager(  348): /data/app/WidgetPreview.apk changed; collecting certs
D/dalvikvm(  348): GC_CONCURRENT freed 574K, 64% free 4354K/11952K, paused 4ms+4ms, total 72ms
D/dalvikvm(  348): WAIT_FOR_CONCURRENT_GC blocked 26ms
W/PackageManager(  348): Package com.example.android.apis desires unavailable shared library com.example.will.never.exist; ignoring!
W/PackageManager(  348): Package com.android.camera desires unavailable shared library com.google.android.media.effects; ignoring!
I/PackageManager(  348): Time to scan packages: 23.631 seconds
W/PackageManager(  348): Not granting permission android.permission.GLOBAL_SEARCH to package com.android.quicksearchbox (protectionLevel=18 flags=0x8be45)
W/PackageManager(  348): Unknown permission com.android.smspush.WAPPUSH_MANAGER_BIND in package com.android.phone
W/PackageManager(  348): Unknown permission com.google.android.googleapps.permission.GOOGLE_AUTH in package com.android.providers.calendar
W/PackageManager(  348): Unknown permission com.google.android.googleapps.permission.GOOGLE_AUTH.cl in package com.android.providers.calendar
W/PackageManager(  348): Unknown permission com.google.android.googleapps.permission.GOOGLE_AUTH.mail in package com.android.calendar
W/PackageManager(  348): Not granting permission android.permission.ACCESS_DOWNLOAD_MANAGER to package com.android.browser (protectionLevel=18 flags=0x9be45)
W/PackageManager(  348): Not granting permission android.permission.SEND_DOWNLOAD_COMPLETED_INTENTS to package com.android.browser (protectionLevel=2 flags=0x9be45)
W/PackageManager(  348): Not granting permission android.permission.BIND_APPWIDGET to package com.android.widgetpreview (protectionLevel=18 flags=0x8be44)
W/PackageManager(  348): Unknown permission android.permission.INSTALL_DRM in package com.android.mms
W/PackageManager(  348): Unknown permission com.google.android.googleapps.permission.GOOGLE_AUTH in package com.android.settings
W/PackageManager(  348): Unknown permission com.google.android.googleapps.permission.ACCESS_GOOGLE_PASSWORD in package com.android.development
W/PackageManager(  348): Unknown permission com.google.android.googleapps.permission.GOOGLE_AUTH in package com.android.development
W/PackageManager(  348): Unknown permission com.google.android.googleapps.permission.GOOGLE_AUTH.ALL_SERVICES in package com.android.development
W/PackageManager(  348): Unknown permission com.google.android.googleapps.permission.GOOGLE_AUTH.YouTubeUser in package com.android.development
W/PackageManager(  348): Not granting permission android.permission.DELETE_PACKAGES to package com.svox.pico (protectionLevel=18 flags=0x8be45)
W/PackageManager(  348): Not granting permission android.permission.DEVICE_POWER to package com.android.deskclock (protectionLevel=2 flags=0x48be45)
D/dalvikvm(  348): GC_CONCURRENT freed 405K, 64% free 4361K/11952K, paused 4ms+2ms, total 43ms
D/dalvikvm(  348): WAIT_FOR_CONCURRENT_GC blocked 35ms
D/dalvikvm(  348): GC_EXPLICIT freed 81K, 65% free 4279K/11952K, paused 4ms+4ms, total 48ms
I/SystemServer(  348): Entropy Mixer
W/EntropyMixer(  348): No existing entropy file -- first boot?
I/EntropyMixer(  348): Writing entropy...
I/SystemServer(  348): User Service
I/SystemServer(  348): Account Manager
I/SystemServer(  348): Content Manager
I/SystemServer(  348): System Content Providers
I/SyncManager(  348): No initial accounts
I/SyncManager(  348): No initial status
W/SyncManagerFile(  348): Error reading pending data.
W/SyncManagerFile(  348): java.io.FileNotFoundException: /data/system/sync/pending.xml: open failed: ENOENT (No such file or directory)
W/SyncManagerFile(  348): 	at libcore.io.IoBridge.open(IoBridge.java:409)
W/SyncManagerFile(  348): 	at java.io.FileInputStream.<init>(FileInputStream.java:78)
W/SyncManagerFile(  348): 	at android.util.AtomicFile.openRead(AtomicFile.java:199)
W/SyncManagerFile(  348): 	at com.android.server.content.SyncStorageEngine.readPendingOperationsLocked(SyncStorageEngine.java:2286)
W/SyncManagerFile(  348): 	at com.android.server.content.SyncStorageEngine.<init>(SyncStorageEngine.java:434)
W/SyncManagerFile(  348): 	at com.android.server.content.SyncStorageEngine.init(SyncStorageEngine.java:454)
W/SyncManagerFile(  348): 	at com.android.server.content.SyncManager.<init>(SyncManager.java:383)
W/SyncManagerFile(  348): 	at com.android.server.content.ContentService.getSyncManager(ContentService.java:75)
W/SyncManagerFile(  348): 	at com.android.server.content.ContentService.notifyChange(ContentService.java:283)
W/SyncManagerFile(  348): 	at android.content.ContentResolver.notifyChange(ContentResolver.java:1621)
W/SyncManagerFile(  348): 	at com.android.providers.settings.SettingsProvider.sendNotify(SettingsProvider.java:262)
W/SyncManagerFile(  348): 	at com.android.providers.settings.SettingsProvider.insertForUser(SettingsProvider.java:941)
W/SyncManagerFile(  348): 	at com.android.providers.settings.SettingsProvider.ensureAndroidIdIsSet(SettingsProvider.java:496)
W/SyncManagerFile(  348): 	at com.android.providers.settings.SettingsProvider.establishDbTracking(SettingsProvider.java:409)
W/SyncManagerFile(  348): 	at com.android.providers.settings.SettingsProvider.onCreate(SettingsProvider.java:335)
W/SyncManagerFile(  348): 	at android.content.ContentProvider.attachInfo(ContentProvider.java:1591)
W/SyncManagerFile(  348): 	at android.content.ContentProvider.attachInfo(ContentProvider.java:1562)
W/SyncManagerFile(  348): 	at android.app.ActivityThread.installProvider(ActivityThread.java:4774)
W/SyncManagerFile(  348): 	at android.app.ActivityThread.installContentProviders(ActivityThread.java:4369)
W/SyncManagerFile(  348): 	at android.app.ActivityThread.installSystemProviders(ActivityThread.java:4929)
W/SyncManagerFile(  348): 	at com.android.server.am.ActivityManagerService.installSystemProviders(ActivityManagerService.java:8081)
W/SyncManagerFile(  348): 	at com.android.server.ServerThread.initAndLoop(SystemServer.java:275)
W/SyncManagerFile(  348): 	at com.android.server.SystemServer.main(SystemServer.java:1179)
W/SyncManagerFile(  348): 	at java.lang.reflect.Method.invokeNative(Native Method)
W/SyncManagerFile(  348): 	at java.lang.reflect.Method.invoke(Method.java:515)
W/SyncManagerFile(  348): 	at com.android.internal.os.ZygoteInit$MethodAndArgsCaller.run(ZygoteInit.java:785)
W/SyncManagerFile(  348): 	at com.android.internal.os.ZygoteInit.main(ZygoteInit.java:601)
W/SyncManagerFile(  348): 	at dalvik.system.NativeStart.main(Native Method)
W/SyncManagerFile(  348): Caused by: libcore.io.ErrnoException: open failed: ENOENT (No such file or directory)
W/SyncManagerFile(  348): 	at libcore.io.Posix.open(Native Method)
W/SyncManagerFile(  348): 	at libcore.io.BlockGuardOs.open(BlockGuardOs.java:110)
W/SyncManagerFile(  348): 	at libcore.io.IoBridge.open(IoBridge.java:393)
W/SyncManagerFile(  348): 	... 27 more
I/SyncManager(  348): No initial statistics
D/SettingsProvider(  348): Generated and saved new ANDROID_ID [a0982fd4ef81d812] for user 0
I/SystemServer(  348): Lights Service
I/SystemServer(  348): Battery Service
E/ConsumerIrService(  348): Can't open consumer IR HW Module, error: -2
I/SystemServer(  348): Vibrator Service
I/SystemServer(  348): Consumer IR Service
W/libsuspend(  348): Error writing 'on' to /sys/power/state: Invalid argument
E/libsuspend(  348): Error opening /sys/power/autosleep: No such file or directory
I/libsuspend(  348): Selected wakeup count
D/PermissionCache(   57): checking android.permission.ACCESS_SURFACE_FLINGER for uid=1000 => granted (2240 us)
D/SurfaceFlinger(   57): Screen acquired, type=0 flinger=0xb79d3450
D/SurfaceFlinger(   57):  screen was previously acquired
I/SystemServer(  348): Alarm Manager
I/SystemServer(  348): Init Watchdog
I/SystemServer(  348): Input Manager
I/InputManager(  348): Initializing input manager, mUseDevInputEventForAudioJack=false
I/SystemServer(  348): Window Manager
I/WindowManager(  348): No existing display settings /data/system/display_settings.xml; starting empty
D/dalvikvm(  348): GC_CONCURRENT freed 285K, 63% free 4519K/11952K, paused 7ms+3ms, total 232ms
I/WindowManager(  348): No keyguard interface!
I/InputManager(  348): Starting input manager
I/SystemServer(  348): No Bluetooh Service (emulator)
I/SystemServer(  348): Input Method Service
E/EventHub(  348): could not get driver version for /dev/input/mouse0, Not a typewriter
W/EventHub(  348): Unable to disable kernel key repeat for /dev/input/event0: Function not implemented
I/EventHub(  348): New device: id=1, fd=93, path='/dev/input/event0', name='qwerty2', classes=0x2d, configuration='/system/usr/idc/qwerty2.idc', keyLayout='/system/usr/keylayout/qwerty.kl', keyCharacterMap='/system/usr/keychars/qwerty2.kcm', builtinKeyboard=true, usingSuspendBlockIoctl=true, usingClockIoctl=true
E/EventHub(  348): could not get driver version for /dev/input/mice, Not a typewriter
I/InputReader(  348): Device added: id=-1, name='Virtual', sources=0x00000301
I/InputReader(  348):   Touch device 'qwerty2' could not query the properties of its associated display.  The device will be inoperable until the display size becomes available.
I/InputReader(  348): Device added: id=0, name='qwerty2', sources=0x00011307
W/InputMethodManagerService(  348): No IME selected. Choose the most applicable IME.
I/InputMethodManagerService(  348): No default found, using com.android.inputmethod.latin/.LatinIME
I/SystemServer(  348): Accessibility Manager
I/ActivityManager(  348): Config changes=1df8 {1.0 ?mcc?mnc en_US ldltr sw480dp w480dp h864dp 160dpi lrg long port ?uimode ?night -touch -keyb/h/h tball/v s.2}
I/InputReader(  348): Reconfiguring input devices.  changes=0x00000004
I/InputReader(  348): Device reconfigured: id=0, name='qwerty2', size 480x864, orientation 0, mode 1, display id 0
I/ActivityManager(  348): Config changes=408 {1.0 ?mcc?mnc en_US ldltr sw480dp w480dp h839dp 160dpi lrg long port ?uimode ?night finger -keyb/h/h tball/v s.3}
I/SystemServer(  348): Mount Service
D/MountService(  348): got storage path: /storage/sdcard description: USB storage primary: true removable: false emulated: false mtpReserve: 0 allowMassStorage: false maxFileSize: 0
D/MountService(  348): addVolumeLocked() StorageVolume:
D/MountService(  348):     mStorageId=0 mPath=/storage/sdcard mDescriptionId=17040665 mPrimary=true 
D/MountService(  348):     mRemovable=false mEmulated=false mMtpReserveSpace=0 
D/MountService(  348):     mAllowMassStorage=false mMaxFileSize=0 mOwner=null mUuid=null 
D/MountService(  348):     mUserLabel=null mState=null 
I/SystemServer(  348): LockSettingsService
I/SystemServer(  348): Device Policy
I/SystemServer(  348): Status Bar
I/SystemServer(  348): Clipboard Service
I/SystemServer(  348): NetworkManagement Service
I/SystemServer(  348): Text Service Manager Service
I/SystemServer(  348): NetworkStats Service
W/MountService(  348): Duplicate state transition (unmounted -> unmounted) for /storage/sdcard
W/MountService(  348): getSecureContainerList() called when storage not mounted
I/SystemServer(  348): NetworkPolicy Service
I/PackageManager(  348): No secure containers on sdcard
I/SystemServer(  348): Wi-Fi P2pService
W/PackageManager(  348): Not granting permission android.permission.GLOBAL_SEARCH to package com.android.quicksearchbox (protectionLevel=18 flags=0x8be45)
W/PackageManager(  348): Unknown permission com.android.smspush.WAPPUSH_MANAGER_BIND in package com.android.phone
W/PackageManager(  348): Unknown permission com.google.android.googleapps.permission.GOOGLE_AUTH in package com.android.providers.calendar
W/PackageManager(  348): Unknown permission com.google.android.googleapps.permission.GOOGLE_AUTH.cl in package com.android.providers.calendar
W/PackageManager(  348): Unknown permission com.google.android.googleapps.permission.GOOGLE_AUTH.mail in package com.android.calendar
W/PackageManager(  348): Not granting permission android.permission.ACCESS_DOWNLOAD_MANAGER to package com.android.browser (protectionLevel=18 flags=0x9be45)
W/PackageManager(  348): Not granting permission android.permission.SEND_DOWNLOAD_COMPLETED_INTENTS to package com.android.browser (protectionLevel=2 flags=0x9be45)
W/PackageManager(  348): Not granting permission android.permission.BIND_APPWIDGET to package com.android.widgetpreview (protectionLevel=18 flags=0x8be44)
W/PackageManager(  348): Unknown permission android.permission.INSTALL_DRM in package com.android.mms
W/PackageManager(  348): Unknown permission com.google.android.googleapps.permission.GOOGLE_AUTH in package com.android.settings
W/PackageManager(  348): Unknown permission com.google.android.googleapps.permission.ACCESS_GOOGLE_PASSWORD in package com.android.development
W/PackageManager(  348): Unknown permission com.google.android.googleapps.permission.GOOGLE_AUTH in package com.android.development
W/PackageManager(  348): Unknown permission com.google.android.googleapps.permission.GOOGLE_AUTH.ALL_SERVICES in package com.android.development
W/PackageManager(  348): Unknown permission com.google.android.googleapps.permission.GOOGLE_AUTH.YouTubeUser in package com.android.development
W/PackageManager(  348): Not granting permission android.permission.DELETE_PACKAGES to package com.svox.pico (protectionLevel=18 flags=0x8be45)
W/PackageManager(  348): Not granting permission android.permission.DEVICE_POWER to package com.android.deskclock (protectionLevel=2 flags=0x48be45)
D/dalvikvm(  348): GC_CONCURRENT freed 306K, 62% free 4650K/11952K, paused 16ms+13ms, total 84ms
I/SystemServer(  348): Wi-Fi Service
D/WifiController(  348): isAirplaneModeOn = false, isWifiEnabled = false, isScanningAvailable = false
I/SystemServer(  348): Connectivity Service
D/ConnectivityService(  348): ConnectivityService starting up
D/ConnectivityService(  348): wifiOnly=false
E/MobileDataStateTracker(  348): default: Ignoring feature request because could not acquire PhoneService
E/MobileDataStateTracker(  348): default: Could not enable APN type "default"
I/WifiService(  348): WifiService starting up with Wi-Fi disabled
I/SystemServer(  348): Network Service Discovery Service
D/NsdService(  348): Network service discovery enabled true
I/SystemServer(  348): UpdateLock Service
I/SystemServer(  348): Notification Manager
I/SystemServer(  348): Device Storage Monitor
I/SystemServer(  348): Location Manager
I/SystemServer(  348): Country Detector
I/SystemServer(  348): Search Service
I/SystemServer(  348): DropBox Service
I/SystemServer(  348): Wallpaper Service
W/WallpaperService(  348): no current wallpaper -- first boot?
I/SystemServer(  348): Audio Service
D/dalvikvm(  348): GC_CONCURRENT freed 243K, 60% free 4859K/11952K, paused 17ms+5ms, total 150ms
I/SystemServer(  348): Dock Observer
W/DockObserver(  348): This kernel does not have dock station support
I/SystemServer(  348): Wired Accessory Manager
W/WiredAccessoryManager(  348): This kernel does not have wired headset support
W/WiredAccessoryManager(  348): This kernel does not have usb audio support
W/WiredAccessoryManager(  348): This kernel does not have HDMI audio support
I/SystemServer(  348): USB Service
I/SystemServer(  348): Serial Service
I/SystemServer(  348): Twilight Service
I/SystemServer(  348): UI Mode Manager Service
I/SystemServer(  348): Backup Service
V/BackupManagerService(  348): Initializing package tracking
V/BackupManagerService(  348): No ancestral data
V/BackupManagerService(  348): addPackageParticipantsLocked: all
I/BackupManagerService(  348): Scheduling backup for new app com.android.calendar
D/BackupManagerService(  348): Now staging backup of com.android.calendar
I/BackupManagerService(  348): Scheduling backup for new app com.android.browser
D/BackupManagerService(  348): Now staging backup of com.android.browser
I/BackupManagerService(  348): Scheduling backup for new app com.android.providers.userdictionary
D/BackupManagerService(  348): Now staging backup of com.android.providers.userdictionary
I/BackupManagerService(  348): Scheduling backup for new app com.android.sharedstoragebackup
D/BackupManagerService(  348): Now staging backup of com.android.sharedstoragebackup
I/BackupManagerService(  348): Scheduling backup for new app android
D/BackupManagerService(  348): Now staging backup of android
I/BackupManagerService(  348): Scheduling backup for new app com.android.dialer
D/BackupManagerService(  348): Now staging backup of com.android.dialer
I/BackupManagerService(  348): Scheduling backup for new app com.android.providers.settings
D/BackupManagerService(  348): Now staging backup of com.android.providers.settings
V/BackupManagerService(  348): Starting with transport android/com.android.internal.backup.LocalTransport
V/BackupManagerService(  348): Found transports: 1
I/BackupManagerService(  348): Binding to transport host ComponentInfo{android/com.android.internal.backup.LocalTransportService}
I/BackupManagerService(  348): Backup enabled => true
I/SystemServer(  348): AppWidget Service
I/SystemServer(  348): Recognition Service
I/SystemServer(  348): DiskStats Service
I/SystemServer(  348): SamplingProfiler Service
I/SystemServer(  348): NetworkTimeUpdateService
I/SystemServer(  348): CommonTimeManagementService
I/SystemServer(  348): CertBlacklister
I/SystemServer(  348): Dreams Service
I/SystemServer(  348): Assets Atlas Service
I/SystemServer(  348): IdleMaintenanceService
I/SystemServer(  348): Print Service
D/Atlas   (  348): Computing best atlas configuration...
D/Atlas   (  348): Running Thread-49
I/WindowManager(  348): SAFE MODE not enabled
I/SystemServer(  348): Media Router Service
D/Atlas   (  348): Found best atlas configuration in 0.09s
D/Atlas   (  348): Loaded configuration: SliceMinArea (768x768) flags=0x2 count=24
E/SQLiteLog(  348): (1) no such table: locksettings
D/gralloc_goldfish(  348): Emulator without GPU emulation detected.
I/LockSettingsService(  348): Migrated lock settings to new location
I/LockSettingsService(  348): Migrated per-user lock settings to new location
W/AssetAtlasService(  348): Could not find EGL configuration
D/Atlas   (  348): Rendered atlas in 30.08ms (6.61+23.48ms)
I/Zygote  (  348): Process: zygote socket opened
V/KeyguardServiceDelegate(  348): *** Keyguard started
V/KeyguardServiceDelegate(  348): onSystemReady() called before keyguard service was ready
I/ActivityManager(  348): Start proc com.android.systemui for service com.android.keyguard/.KeyguardService: pid=449 uid=10007 gids={50007, 1028, 1015, 1035, 3002, 3001}
D/dalvikvm(  348): GC_CONCURRENT freed 329K, 59% free 5011K/11952K, paused 6ms+4ms, total 178ms
F/SystemServer(  348): BOOT FAILURE making Package Manager Service ready
F/SystemServer(  348): java.lang.SecurityException: Unable to find app for caller android.app.ActivityThread$ApplicationThread@b35aa0f0 (pid=348) when registering receiver android.app.LoadedApk$ReceiverDispatcher$InnerReceiver@b353a180
F/SystemServer(  348): 	at com.android.server.am.ActivityManagerService.registerReceiver(ActivityManagerService.java:13021)
F/SystemServer(  348): 	at android.app.ContextImpl.registerReceiverInternal(ContextImpl.java:1450)
F/SystemServer(  348): 	at android.app.ContextImpl.registerReceiverAsUser(ContextImpl.java:1425)
F/SystemServer(  348): 	at com.android.internal.content.PackageMonitor.register(PackageMonitor.java:84)
F/SystemServer(  348): 	at com.android.server.pm.UserManagerService.systemReady(UserManagerService.java:237)
F/SystemServer(  348): 	at com.android.server.pm.PackageManagerService.systemReady(PackageManagerService.java:10476)
F/SystemServer(  348): 	at com.android.server.ServerThread.initAndLoop(SystemServer.java:893)
F/SystemServer(  348): 	at com.android.server.SystemServer.main(SystemServer.java:1179)
F/SystemServer(  348): 	at java.lang.reflect.Method.invokeNative(Native Method)
F/SystemServer(  348): 	at java.lang.reflect.Method.invoke(Method.java:515)
F/SystemServer(  348): 	at com.android.internal.os.ZygoteInit$MethodAndArgsCaller.run(ZygoteInit.java:785)
F/SystemServer(  348): 	at com.android.internal.os.ZygoteInit.main(ZygoteInit.java:601)
F/SystemServer(  348): 	at dalvik.system.NativeStart.main(Native Method)
W/SystemServer(  348): ***********************************************
I/ActivityManager(  348): Sending system update to ComponentInfo{com.android.providers.calendar/com.android.providers.calendar.CalendarUpgradeReceiver} for user 0
I/ActivityManager(  348): Sending system update to ComponentInfo{com.android.providers.contacts/com.android.providers.contacts.ContactsUpgradeReceiver} for user 0
I/ActivityManager(  348): Sending system update to ComponentInfo{com.android.providers.media/com.android.providers.media.MediaUpgradeReceiver} for user 0
I/SystemServer(  348): Enabled StrictMode for system server main thread.
I/ActivityManager(  348): Start proc com.android.providers.calendar for broadcast com.android.providers.calendar/.CalendarUpgradeReceiver: pid=460 uid=10001 gids={50001, 3003, 1028, 1015}
I/Choreographer(  348): Skipped 79 frames!  The application may be doing too much work on its main thread.
W/InputMethodManagerService(  348): Focus gain on non-focused client android.view.inputmethod.InputMethodManager$1@b30f72a0 (uid=1000 pid=348)
V/BackupManagerService(  348): Connected to transport ComponentInfo{android/com.android.internal.backup.LocalTransportService}
V/BackupManagerService(  348): Registering transport android/com.android.internal.backup.LocalTransportService::android/com.android.internal.backup.LocalTransport = com.android.internal.backup.LocalTransport@b2f68f58
I/ActivityManager(  348): Launching preboot mode app: ProcessRecord{b3009ba0 460:com.android.providers.calendar/u0a1}
E/SoundPool(  449): error loading /system/media/audio/ui/Lock.ogg
W/KeyguardViewMediator(  449): failed to load lock sound from /system/media/audio/ui/Lock.ogg
E/SoundPool(  449): error loading /system/media/audio/ui/Unlock.ogg
W/KeyguardViewMediator(  449): failed to load unlock sound from /system/media/audio/ui/Unlock.ogg
V/KeyguardService(  449): onCreate()
V/KeyguardServiceDelegate(  348): *** Keyguard connected (yay!)
V/KeyguardServiceDelegate(  348): **** SHOWN CALLED ****
I/ActivityManager(  348): Start proc android.process.acore for broadcast com.android.providers.contacts/.ContactsUpgradeReceiver: pid=480 uid=10002 gids={50002, 3003, 1028, 1015}
I/ActivityManager(  348): Launching preboot mode app: ProcessRecord{b35596f8 480:android.process.acore/u0a2}
I/ContactsUpgradeReceiver(  480): Creating or opening contacts database
I/ContactsDatabaseHelper(  480): Bootstrapping database version: 803
D/dalvikvm(  480): GC_CONCURRENT freed 411K, 15% free 2795K/3272K, paused 17ms+4ms, total 65ms
D/dalvikvm(  480): GC_CONCURRENT freed 308K, 13% free 2874K/3272K, paused 4ms+1ms, total 18ms
I/ContactsProviderV1(  480): Bootstrapping database legacy support
I/ContactsDatabaseHelper(  480): Bootstrapping database version: 803
D/dalvikvm(  480): GC_CONCURRENT freed 336K, 12% free 2932K/3332K, paused 4ms+2ms, total 28ms
I/ContactsProviderV1(  480): Bootstrapping database legacy support
D/dalvikvm(  480): GC_CONCURRENT freed 347K, 12% free 3013K/3424K, paused 4ms+4ms, total 33ms
I/ContactsProvider(  480): Locale has changed from null to en_US
I/ContactsDatabaseHelper(  480): Switching to locale en_US (ICU v51.1.0.1)
I/ContactsDatabaseHelper(  480): Locale change completed in 443ms
I/ContactsDatabaseHelper(  480): Switching to locale en_US (ICU v51.1.0.1)
D/dalvikvm(  480): GC_CONCURRENT freed 351K, 12% free 3059K/3472K, paused 4ms+3ms, total 44ms
I/ContactsDatabaseHelper(  480): Locale change completed in 455ms
I/ActivityManager(  348): Start proc android.process.media for broadcast com.android.providers.media/.MediaUpgradeReceiver: pid=496 uid=10005 gids={50005, 1028, 1015, 1023, 1024, 2001, 3003, 3007}
D/dalvikvm(  348): GC_CONCURRENT freed 395K, 58% free 5134K/11952K, paused 22ms+33ms, total 150ms
D/dalvikvm(  348): WAIT_FOR_CONCURRENT_GC blocked 112ms
I/ActivityManager(  348): Launching preboot mode app: ProcessRecord{b315ad48 496:android.process.media/u0a5}
I/ActivityManager(  348): Writing new set of last done pre-boot receivers...
I/ActivityManager(  348): Removing system update proc: ProcessRecord{b3009ba0 460:com.android.providers.calendar/u0a1}
I/ActivityManager(  348): Killing 460:com.android.providers.calendar/u0a1 (adj 13): system update done
I/ActivityManager(  348): Removing system update proc: ProcessRecord{b35596f8 480:android.process.acore/u0a2}
I/ActivityManager(  348): Killing 480:android.process.acore/u0a2 (adj 11): system update done
I/ActivityManager(  348): Removing system update proc: ProcessRecord{b315ad48 496:android.process.media/u0a5}
I/ActivityManager(  348): Killing 496:android.process.media/u0a5 (adj 9): system update done
I/ActivityManager(  348): System now ready
W/ProcessCpuTracker(  348): Skipping unknown process pid 460
I/SystemServer(  348): Making services ready
D/NetworkManagementService(  348): enabling bandwidth control
I/Vold    (   52): /dev/block/vold/179:0 being considered for volume sdcard
D/Vold    (   52): Volume sdcard state changing 1 (Idle-Unmounted) -> 3 (Checking)
D/MountService(  348): volume state changed for /storage/sdcard (unmounted -> checking)
D/MountService(  348): sendStorageIntent Intent { act=android.intent.action.MEDIA_CHECKING dat=file:///storage/sdcard (has extras) } to UserHandle{-1}
D/SystemUIService(  449): loading: class com.android.systemui.recent.Recents
D/SystemUIService(  449): running: com.android.systemui.recent.Recents@b2d380a8
D/SystemUIService(  449): loading: class com.android.systemui.statusbar.SystemBars
D/SystemUIService(  449): running: com.android.systemui.statusbar.SystemBars@b2d38690
D/SystemUIService(  449): loading: class com.android.systemui.usb.StorageNotification
D/SystemUIService(  449): running: com.android.systemui.usb.StorageNotification@b2d3a3e0
D/SystemUIService(  449): loading: class com.android.systemui.power.PowerUI
D/SystemUIService(  449): running: com.android.systemui.power.PowerUI@b2d3ba40
D/SystemUIService(  449): loading: class com.android.systemui.media.RingtonePlayer
D/SystemUIService(  449): running: com.android.systemui.media.RingtonePlayer@b2d3ca78
I/fsck_msdos(   52): ** /dev/block/vold/179:0
D/SystemUIService(  449): loading: class com.android.systemui.settings.SettingsUI
D/SystemUIService(  449): running: com.android.systemui.settings.SettingsUI@b2d3dd60
I/fsck_msdos(   52): Invalid signature in fsinfo block
I/fsck_msdos(   52): FIXED
I/fsck_msdos(   52): ** Phase 1 - Read and Compare FATs
I/fsck_msdos(   52): Attempting to allocate 794 KB for FAT
D/PhoneStatusBar(  449): mSettingsPanelGravity = 55
I/StatusBarManagerService(  348): registerStatusBar bar=com.android.internal.statusbar.IStatusBar$Stub$Proxy@b2e8fab0
I/fsck_msdos(   52): Attempting to allocate 794 KB for FAT
I/fsck_msdos(   52): ** Phase 2 - Check Cluster Chains
I/fsck_msdos(   52): ** Phase 3 - Checking Directories
I/fsck_msdos(   52): ** Phase 4 - Checking for Lost Files
I/fsck_msdos(   52): Free space in FSInfo block (201592) not correct (201591)
I/fsck_msdos(   52): FIXED
I/fsck_msdos(   52): 1 files, 100795 free (201591 clusters)
I/Vold    (   52): Filesystem check completed OK
D/dalvikvm(  449): GC_CONCURRENT freed 284K, 11% free 2827K/3176K, paused 7ms+4ms, total 186ms
W/Vold    (   52): blkid failed to identify /dev/block/vold/179:0
D/Vold    (   52): Volume sdcard state changing 3 (Checking) -> 4 (Mounted)
I/PackageManager(  348): Updating external media status from unmounted to mounted
D/MountService(  348): volume state changed for /storage/sdcard (checking -> mounted)
D/MountService(  348): sendStorageIntent Intent { act=android.intent.action.MEDIA_MOUNTED dat=file:///storage/sdcard (has extras) } to UserHandle{-1}
E/VoldConnector(  348): NDC Command {3 volume mount /storage/sdcard} took too long (1009ms)
I/PackageManager(  348): No secure containers on sdcard
D/dalvikvm(  348): GC_CONCURRENT freed 487K, 56% free 5261K/11952K, paused 5ms+4ms, total 364ms
D/dalvikvm(  449): GC_FOR_ALLOC freed 35K, 8% free 2947K/3176K, paused 26ms, total 37ms
W/PackageManager(  348): Not granting permission android.permission.GLOBAL_SEARCH to package com.android.quicksearchbox (protectionLevel=18 flags=0x88be45)
W/PackageManager(  348): Unknown permission com.android.smspush.WAPPUSH_MANAGER_BIND in package com.android.phone
W/PackageManager(  348): Unknown permission com.google.android.googleapps.permission.GOOGLE_AUTH in package com.android.providers.calendar
W/PackageManager(  348): Unknown permission com.google.android.googleapps.permission.GOOGLE_AUTH.cl in package com.android.providers.calendar
W/PackageManager(  348): Unknown permission com.google.android.googleapps.permission.GOOGLE_AUTH.mail in package com.android.calendar
W/PackageManager(  348): Not granting permission android.permission.ACCESS_DOWNLOAD_MANAGER to package com.android.browser (protectionLevel=18 flags=0x89be45)
W/PackageManager(  348): Not granting permission android.permission.SEND_DOWNLOAD_COMPLETED_INTENTS to package com.android.browser (protectionLevel=2 flags=0x89be45)
W/PackageManager(  348): Not granting permission android.permission.BIND_APPWIDGET to package com.android.widgetpreview (protectionLevel=18 flags=0x8be44)
W/PackageManager(  348): Unknown permission android.permission.INSTALL_DRM in package com.android.mms
W/PackageManager(  348): Unknown permission com.google.android.googleapps.permission.GOOGLE_AUTH in package com.android.settings
W/PackageManager(  348): Unknown permission com.google.android.googleapps.permission.ACCESS_GOOGLE_PASSWORD in package com.android.development
W/PackageManager(  348): Unknown permission com.google.android.googleapps.permission.GOOGLE_AUTH in package com.android.development
W/PackageManager(  348): Unknown permission com.google.android.googleapps.permission.GOOGLE_AUTH.ALL_SERVICES in package com.android.development
W/PackageManager(  348): Unknown permission com.google.android.googleapps.permission.GOOGLE_AUTH.YouTubeUser in package com.android.development
W/PackageManager(  348): Not granting permission android.permission.DELETE_PACKAGES to package com.svox.pico (protectionLevel=18 flags=0x88be45)
W/PackageManager(  348): Not granting permission android.permission.DEVICE_POWER to package com.android.deskclock (protectionLevel=2 flags=0xc8be45)
E/BluetoothAdapter(  449): Bluetooth binder is null
E/BluetoothAdapter(  449): Bluetooth binder is null
E/BluetoothAdapter(  449): Bluetooth binder is null
D/dalvikvm(  449): GC_CONCURRENT freed 59K, 5% free 3302K/3452K, paused 4ms+3ms, total 91ms
E/NetdConnector(  348): NDC Command {1 bandwidth enable} took too long (2694ms)
E/BluetoothAdapter(  449): Bluetooth binder is null
I/ActivityManager(  348): Start proc android.process.acore for content provider com.android.providers.contacts/.ContactsProvider2: pid=554 uid=10002 gids={50002, 3003, 1028, 1015}
D/PhoneStatusBar(  449): disable: < expand icons alerts ticker system_info back home recent clock search >
E/BluetoothAdapter(  449): Bluetooth binder is null
D/PhoneStatusBar(  449): heads up is disabled
I/Choreographer(  449): Skipped 453 frames!  The application may be doing too much work on its main thread.
D/dalvikvm(  449): GC_CONCURRENT freed 136K, 6% free 3554K/3756K, paused 4ms+3ms, total 116ms
I/Choreographer(  449): Skipped 251 frames!  The application may be doing too much work on its main thread.
E/NetdConnector(  348): NDC Command {5 firewall disable} took too long (608ms)
I/ActivityManager(  348): Config changes=200 {1.0 ?mcc?mnc en_US ldltr sw480dp w480dp h839dp 160dpi lrg long port finger -keyb/h/h tball/v s.4}
W/RecognitionManagerService(  348): no available voice recognition services found for user 0
D/gralloc_goldfish(  449): Emulator without GPU emulation detected.
D/dalvikvm(  554): GC_CONCURRENT freed 210K, 9% free 2999K/3272K, paused 56ms+37ms, total 310ms
D/dalvikvm(  554): WAIT_FOR_CONCURRENT_GC blocked 3ms
D/dalvikvm(  554): WAIT_FOR_CONCURRENT_GC blocked 29ms
D/dalvikvm(  554): WAIT_FOR_CONCURRENT_GC blocked 8ms
I/Choreographer(  449): Skipped 74 frames!  The application may be doing too much work on its main thread.
W/AppWidgetServiceImpl(  348): Failed to read state: java.io.FileNotFoundException: /data/system/users/0/appwidgets.xml: open failed: ENOENT (No such file or directory)
W/InputMethodManagerService(  348): Ignoring setImeWindowStatus of uid 1000 token: null
W/InputMethodUtils(  348): Found no subtypes in a system IME: com.android.inputmethod.pinyin
W/InputMethodManagerService(  348): Reset the default IME as "Resource" is ready here.
W/InputMethodUtils(  348): Found no subtypes in a system IME: com.android.inputmethod.pinyin
I/InputMethodManagerService(  348): Selected default: com.android.inputmethod.latin/.LatinIME
D/PhoneStatusBar(  449): mSettingsPanelGravity = 55
D/dalvikvm(  348): GC_CONCURRENT freed 677K, 56% free 5335K/11952K, paused 6ms+5ms, total 184ms
D/dalvikvm(  348): WAIT_FOR_CONCURRENT_GC blocked 44ms
D/SettingsProvider(  348): User 0 external modification to /data/data/com.android.providers.settings/databases/settings.db; event=2
D/SettingsProvider(  348): User 0 updating our caches for /data/data/com.android.providers.settings/databases/settings.db
I/ActivityManager(  348): Config changes=20 {1.0 ?mcc?mnc en_US ldltr sw480dp w480dp h839dp 160dpi lrg long port finger -keyb/v/h tball/v s.5}
I/ActivityManager(  348): Start proc com.android.inputmethod.latin for service com.android.inputmethod.latin/.LatinIME: pid=587 uid=10029 gids={50029, 1028, 1015}
V/InputMethodManagerService(  348): Adding window token: android.os.Binder@b33c2b28
W/GpsLocationProvider(  348): Could not open GPS configuration file /etc/gps.conf
W/ServiceWatcher(  348): com.google.android.location not found
W/ServiceWatcher(  348): com.google.android.location not found
W/ServiceWatcher(  348): com.google.android.location not found
W/LocationManagerService(  348): no network location provider found
W/InputMethodManagerService(  348): Illegal subtype state: old subtype = null, new subtype = android.view.inputmethod.InputMethodSubtype@c9194f98
W/ServiceWatcher(  348): com.google.android.location not found
E/FlpHardwareProvider(  348): Error hw_get_module 'flp': -2
W/ServiceWatcher(  348): com.google.android.location not found
E/FlpHardwareProvider(  348): Error hw_get_module 'flp': -2
W/ServiceWatcher(  348): com.google.android.location not found
E/LocationManagerService(  348): no geocoder provider found
E/LocationManagerService(  348): No FusedProvider found.
E/LocationManagerService(  348): no geofence provider found
I/CommonTimeManagementService(  348): No common time service detected on this platform.  Common time services will be unavailable.
I/InputReader(  348): Reconfiguring input devices.  changes=0x00000020
I/InputReader(  348): Reconfiguring input devices.  changes=0x00000010
I/ActivityManager(  348): Start proc com.android.phone for added application com.android.phone: pid=598 uid=1001 gids={41001, 3002, 3001, 3003, 1028, 1015}
I/ActivityManager(  348): START u0 {act=android.intent.action.MAIN cat=[android.intent.category.HOME] flg=0x10000000 cmp=com.android.settings/.CryptKeeper} from pid 0
I/ActivityManager(  348): Start proc com.android.settings for activity com.android.settings/.CryptKeeper: pid=610 uid=1000 gids={41000, 1028, 1015, 3002, 3001, 3003}
I/ActivityManager(  348): Start proc android.process.media for broadcast com.android.providers.downloads/.DownloadReceiver: pid=620 uid=10005 gids={50005, 1028, 1015, 1023, 1024, 2001, 3003, 3007}
D/dalvikvm(   58): GC_EXPLICIT freed 38K, 4% free 2705K/2808K, paused 2ms+13ms, total 56ms
D/dalvikvm(   58): GC_EXPLICIT freed <1K, 4% free 2705K/2808K, paused 3ms+2ms, total 43ms
D/dalvikvm(  449): GC_FOR_ALLOC freed 95K, 6% free 3558K/3756K, paused 405ms, total 408ms
D/dalvikvm(   58): GC_EXPLICIT freed <1K, 4% free 2705K/2808K, paused 12ms+12ms, total 53ms
I/dalvikvm-heap(  449): Grow heap (frag case) to 6.463MB for 3072016-byte allocation
D/dalvikvm(  449): GC_FOR_ALLOC freed 4K, 4% free 6554K/6760K, paused 58ms, total 58ms
D/dalvikvm(  449): GC_CONCURRENT freed 1K, 4% free 6556K/6760K, paused 45ms+10ms, total 118ms
D/dalvikvm(  449): GC_FOR_ALLOC freed 3002K, 6% free 3562K/3756K, paused 112ms, total 115ms
I/dalvikvm-heap(  449): Grow heap (frag case) to 6.468MB for 3072016-byte allocation
I/LatinIME(  587): Hardware accelerated drawing: true
D/dalvikvm(  449): GC_CONCURRENT freed <1K, 3% free 6562K/6760K, paused 3ms+2ms, total 129ms
D/dalvikvm(  348): GC_CONCURRENT freed 626K, 56% free 5370K/11952K, paused 6ms+14ms, total 159ms
D/dalvikvm(  348): WAIT_FOR_CONCURRENT_GC blocked 94ms
D/dalvikvm(  348): WAIT_FOR_CONCURRENT_GC blocked 93ms
D/dalvikvm(  348): WAIT_FOR_CONCURRENT_GC blocked 89ms
D/dalvikvm(  348): WAIT_FOR_CONCURRENT_GC blocked 91ms
D/dalvikvm(  348): WAIT_FOR_CONCURRENT_GC blocked 68ms
W/WindowManager(  348): Window freeze timeout expired.
W/WindowManager(  348): Force clearing orientation change: Window{b351b468 u0 StatusBar}
W/WindowManager(  348): Force clearing orientation change: Window{b3271c40 u0 com.android.systemui.ImageWallpaper}
I/ActivityManager(  348): START u0 {act=android.intent.action.MAIN cat=[android.intent.category.HOME] flg=0x10000000 cmp=com.android.sdksetup/.DefaultActivity} from pid 0
I/ActivityManager(  348): Start proc com.android.sdksetup for activity com.android.sdksetup/.DefaultActivity: pid=647 uid=10042 gids={50042}
D/PhoneStatusBar(  449): mSettingsPanelGravity = 55
I/ActivityManager(  348): Start proc com.android.printspooler for service com.android.printspooler/.PrintSpoolerService: pid=651 uid=10039 gids={50039}
W/InputAttributes(  587): No editor info for this field. Bug?
V/StatusBar(  449): userId 0 is in the house
I/ResourceUtils(  587): Found default value: resource=keypress_vibration_durations build=[HARDWARE=goldfish MODEL=sdk BRAND=generic MANUFACTURER=unknown] default=-1
I/PrintSpoolerService(  651): No existing print spooler state.
I/Choreographer(  449): Skipped 145 frames!  The application may be doing too much work on its main thread.
I/ResourceUtils(  587): Found default value: resource=keypress_volumes build=[HARDWARE=goldfish MODEL=sdk BRAND=generic MANUFACTURER=unknown] default=-1.0f
D/dalvikvm(  587): GC_CONCURRENT freed 229K, 10% free 2897K/3192K, paused 121ms+47ms, total 410ms
I/ActivityManager(  348): Force stopping com.android.sdksetup appid=10042 user=0: pkg changed
I/ActivityManager(  348): Killing 647:com.android.sdksetup/u0a42 (adj 0): stop com.android.sdksetup
I/ActivityManager(  348):   Force finishing activity ActivityRecord{b2d624d0 u0 com.android.sdksetup/.DefaultActivity t2}
I/Choreographer(  449): Skipped 62 frames!  The application may be doing too much work on its main thread.
I/ActivityManager(  348): START u0 {act=android.intent.action.MAIN cat=[android.intent.category.HOME] flg=0x10000000 cmp=com.android.launcher/com.android.launcher2.Launcher} from pid 0
I/ActivityManager(  348): Start proc com.android.launcher for activity com.android.launcher/com.android.launcher2.Launcher: pid=679 uid=10008 gids={50008}
I/Choreographer(  449): Skipped 32 frames!  The application may be doing too much work on its main thread.
I/InputReader(  348): Reconfiguring input devices.  changes=0x00000010
I/LatinIME:LogUtils(  587): Dictionary info: dictionary = PersonalizationPredictionDictio ; version = ? ; date = 1545802606
I/LatinIME:LogUtils(  587): Dictionary info: dictionary = UserHistoryDictionary.en_US.dic ; version = ? ; date = 1545802606
I/LatinIME:LogUtils(  587): Dictionary info: dictionary = personalization.en_US.dict ; version = ? ; date = 1545802606
I/PackageManager(  348):   Action: "android.intent.action.SENDTO"
I/PackageManager(  348):   Category: "android.intent.category.DEFAULT"
I/PackageManager(  348):   Scheme: "sms"
W/BackupManagerService(  348): dataChanged but no participant pkg='com.android.providers.settings' uid=1001
I/PackageManager(  348): Adding preferred activity ComponentInfo{com.android.mms/com.android.mms.ui.ComposeMessageActivity} for user 0 :
I/LatinIME:LogUtils(  587): Dictionary info: dictionary = userunigram.en_US.dict ; version = ? ; date = ?
D/dalvikvm(  348): GC_CONCURRENT freed 570K, 55% free 5436K/11952K, paused 101ms+52ms, total 604ms
D/dalvikvm(  598): GC_CONCURRENT freed 179K, 8% free 2930K/3172K, paused 8ms+2ms, total 196ms
D/dalvikvm(  587): GC_CONCURRENT freed 350K, 12% free 3021K/3404K, paused 4ms+2ms, total 61ms
I/PackageManager(  348):   Action: "android.intent.action.SENDTO"
I/PackageManager(  348):   Category: "android.intent.category.DEFAULT"
I/PackageManager(  348):   Scheme: "smsto"
I/PackageManager(  348): Adding preferred activity ComponentInfo{com.android.mms/com.android.mms.ui.ComposeMessageActivity} for user 0 :
I/PackageManager(  348):   Action: "android.intent.action.SENDTO"
I/PackageManager(  348):   Category: "android.intent.category.DEFAULT"
I/PackageManager(  348):   Scheme: "mms"
I/PackageManager(  348): Adding preferred activity ComponentInfo{com.android.mms/com.android.mms.ui.ComposeMessageActivity} for user 0 :
I/PackageManager(  348):   Action: "android.intent.action.SENDTO"
I/PackageManager(  348):   Category: "android.intent.category.DEFAULT"
I/PackageManager(  348):   Scheme: "mmsto"
I/PackageManager(  348): Adding preferred activity ComponentInfo{com.android.mms/com.android.mms.ui.ComposeMessageActivity} for user 0 :
I/PackageManager(  348):   Action: "android.intent.action.SENDTO"
I/PackageManager(  348):   Category: "android.intent.category.DEFAULT"
I/PackageManager(  348):   Scheme: "sms"
I/PackageManager(  348): Adding preferred activity ComponentInfo{com.android.mms/com.android.mms.ui.ComposeMessageActivity} for user 0 :
I/PackageManager(  348):   Action: "android.intent.action.SENDTO"
I/PackageManager(  348):   Category: "android.intent.category.DEFAULT"
I/PackageManager(  348):   Scheme: "smsto"
I/PackageManager(  348): Adding preferred activity ComponentInfo{com.android.mms/com.android.mms.ui.ComposeMessageActivity} for user 0 :
I/PackageManager(  348):   Action: "android.intent.action.SENDTO"
I/PackageManager(  348):   Category: "android.intent.category.DEFAULT"
I/PackageManager(  348):   Scheme: "mms"
I/PackageManager(  348): Adding preferred activity ComponentInfo{com.android.mms/com.android.mms.ui.ComposeMessageActivity} for user 0 :
D/dalvikvm(  348): GC_CONCURRENT freed 647K, 55% free 5475K/11952K, paused 8ms+4ms, total 197ms
D/dalvikvm(  348): WAIT_FOR_CONCURRENT_GC blocked 118ms
D/dalvikvm(  348): WAIT_FOR_CONCURRENT_GC blocked 119ms
D/dalvikvm(  348): WAIT_FOR_CONCURRENT_GC blocked 117ms
I/FusedLocation(  348): engine stopped (com.android.location.fused)
I/FusedLocation(  348): engine started (com.android.location.fused)
D/dalvikvm(  348): WAIT_FOR_CONCURRENT_GC blocked 86ms
I/PackageManager(  348):   Action: "android.intent.action.SENDTO"
I/PackageManager(  348):   Category: "android.intent.category.DEFAULT"
I/PackageManager(  348):   Scheme: "mmsto"
