E/ConnectivityService(  344): Exception trying to add a route: java.lang.IllegalStateException: command '31 interface fwmark exempt add 10.0.2.2/32' failed with '400 31 Failed to add exemption rule (No such device)'
D/MobileDataStateTracker(  344): default: setPolicyDataEnable(enabled=true)
W/NetworkPolicy(  344): shared quota unsupported; generating rule for each iface
W/ProcessCpuTracker(  344): Skipping unknown process pid 816
E/NetdConnector(  344): NDC Command {34 bandwidth removeiquota eth0} took too long (1342ms)
I/ActivityManager(  344): Start proc com.android.defcontainer for service com.android.defcontainer/.DefaultContainerService: pid=832 uid=10003 gids={50003, 1028, 1015, 1023, 2001, 1035}
E/NetdConnector(  344): NDC Command {36 bandwidth setiquota eth0 9223372036854775807} took too long (1685ms)
E/NetdConnector(  344): NDC Command {37 bandwidth removeiquota eth0} took too long (808ms)
E/ConnectivityService(  344): Exception trying to add a route: java.lang.IllegalStateException: command '33 interface fwmark exempt add 172.217.23.14/32' failed with '400 33 Failed to add exemption rule (No such device)'
D/ConnectivityService(  344): requestRouteToHostAddress ok=false
D/ConnectivityService(  344): [CheckMp] isMobileOk: could not establish route to hostAddr=clients3.google.com/172.217.23.14
W/ActivityManager(  344): Activity destroy timeout for ActivityRecord{b321f930 u0 com.android.settings/.CryptKeeper t1 f}
E/NetdConnector(  344): NDC Command {38 bandwidth setiquota eth0 9223372036854775807} took too long (1399ms)
D/MobileDataStateTracker(  344): default: setPolicyDataEnable(enabled=true)
I/ActivityManager(  344): Start proc com.android.externalstorage for broadcast com.android.externalstorage/.MountReceiver: pid=883 uid=10006 gids={50006, 1028, 1015, 1023}
W/ActivityManager(  344): No content provider found for permission revoke: file:///data/local/tmp/sample_for_analysis.apk
W/ActivityManager(  344): No content provider found for permission revoke: file:///data/local/tmp/sample_for_analysis.apk
I/PackageManager(  344): Copying native libraries to /data/app-lib/vmdl-1438515934
E/ConnectivityService(  344): Exception trying to add a route: java.lang.IllegalStateException: command '41 interface fwmark exempt add 10.0.2.2/32' failed with '400 41 Failed to add exemption rule (File exists)'
E/ConnectivityService(  344): Exception trying to add a route: java.lang.IllegalStateException: command '43 interface fwmark exempt add 172.217.23.14/32' failed with '400 43 Failed to add exemption rule (File exists)'
D/ConnectivityService(  344): requestRouteToHostAddress ok=false
D/ConnectivityService(  344): [CheckMp] isMobileOk: could not establish route to hostAddr=clients3.google.com/172.217.23.14
I/ActivityManager(  344): Start proc com.android.exchange for content provider com.android.exchange/.provider.ExchangeDirectoryProvider: pid=901 uid=10025 gids={50025, 3003, 1028, 1015}
W/PackageManager(  344): Not granting permission android.permission.UPDATE_APP_OPS_STATS to package com.a (protectionLevel=18 flags=0xbe44)
I/ActivityManager(  344): Force stopping com.a appid=10052 user=-1: update pkg
I/PackageManager(  344): Adding preferred activity ComponentInfo{com.android.mms/com.android.mms.ui.ComposeMessageActivity} for user 0 :
D/BackupManagerService(  344): Received broadcast Intent { act=android.intent.action.PACKAGE_ADDED dat=package:com.a flg=0x4000010 (has extras) }
V/BackupManagerService(  344): addPackageParticipantsLocked: #1
I/PackageManager(  344): Adding preferred activity ComponentInfo{com.android.mms/com.android.mms.ui.ComposeMessageActivity} for user 0 :
I/PackageManager(  344): Adding preferred activity ComponentInfo{com.android.mms/com.android.mms.ui.ComposeMessageActivity} for user 0 :
I/PackageManager(  344): Adding preferred activity ComponentInfo{com.android.mms/com.android.mms.ui.ComposeMessageActivity} for user 0 :
I/PackageManager(  344): Adding preferred activity ComponentInfo{com.android.mms/com.android.mms.ui.ComposeMessageActivity} for user 0 :
E/ConnectivityService(  344): Exception trying to add a route: java.lang.IllegalStateException: command '45 interface fwmark exempt add 10.0.2.2/32' failed with '400 45 Failed to add exemption rule (File exists)'
I/PackageManager(  344): Adding preferred activity ComponentInfo{com.android.mms/com.android.mms.ui.ComposeMessageActivity} for user 0 :
I/PackageManager(  344): Adding preferred activity ComponentInfo{com.android.mms/com.android.mms.ui.ComposeMessageActivity} for user 0 :
I/PackageManager(  344): Adding preferred activity ComponentInfo{com.android.mms/com.android.mms.ui.ComposeMessageActivity} for user 0 :
E/ConnectivityService(  344): Exception trying to add a route: java.lang.IllegalStateException: command '47 interface fwmark exempt add 172.217.23.14/32' failed with '400 47 Failed to add exemption rule (File exists)'
D/ConnectivityService(  344): requestRouteToHostAddress ok=false
D/ConnectivityService(  344): [CheckMp] isMobileOk: could not establish route to hostAddr=clients3.google.com/172.217.23.14
I/ActivityManager(  344): Start proc com.android.music for broadcast com.android.music/.MediaButtonIntentReceiver: pid=923 uid=10032 gids={50032, 3003, 1028, 1015}
I/ActivityManager(  344): Start proc com.android.email for content provider com.android.email/.provider.EmailProvider: pid=935 uid=10024 gids={50024, 3003, 1028, 1015}
D/ActivityThread(  935): Loading provider com.android.email.provider;com.android.email.notifier: com.android.email.provider.EmailProvider
W/RecognitionManagerService(  344): no available voice recognition services found for user 0
W/ActivityManager(  344): Unable to start service Intent { cmp=com.android.email/.service.AttachmentDownloadService } U=0: not found
W/ActivityManager(  344): Unable to start service Intent { cmp=com.android.email/.service.AttachmentDownloadService } U=0: not found
I/ActivityManager(  344): Start proc com.android.calendar for broadcast com.android.calendar/.widget.CalendarAppWidgetService$CalendarFactory: pid=953 uid=10016 gids={50016, 3003}
I/ActivityManager(  344): Start proc com.android.deskclock for broadcast com.android.deskclock/.AlarmInitReceiver: pid=972 uid=10020 gids={50020, 1028}
I/ActivityManager(  344): Start proc com.android.providers.calendar for content provider com.android.providers.calendar/.CalendarProvider2: pid=976 uid=10001 gids={50001, 3003, 1028, 1015}
E/ConnectivityService(  344): Exception trying to add a route: java.lang.IllegalStateException: command '49 interface fwmark exempt add 10.0.2.2/32' failed with '400 49 Failed to add exemption rule (File exists)'
E/ConnectivityService(  344): Exception trying to add a route: java.lang.IllegalStateException: command '51 interface fwmark exempt add 172.217.23.14/32' failed with '400 51 Failed to add exemption rule (File exists)'
D/ConnectivityService(  344): requestRouteToHostAddress ok=false
D/ConnectivityService(  344): [CheckMp] isMobileOk: could not establish route to hostAddr=clients3.google.com/172.217.23.14
W/BackupManagerService(  344): dataChanged but no participant pkg='com.android.providers.settings' uid=10020
I/ActivityManager(  344): Start proc com.android.dialer for broadcast com.android.dialer/.calllog.CallLogReceiver: pid=1003 uid=10004 gids={50004, 3003, 1028, 1015}
I/ActivityManager(  344): Delay finish: com.android.dialer/.calllog.CallLogReceiver
I/ActivityManager(  344): Resuming delayed broadcast
V/WiredAccessoryManager(  344): init()
I/PowerManagerService(  344): Boot animation finished.
I/BootReceiver(  344): Copying audit failures to DropBox
I/BootReceiver(  344): Checking for fsck errors
I/ActivityManager(  344): Delay finish: com.android.providers.media/.MediaScannerReceiver
I/ActivityManager(  344): Resuming delayed broadcast
I/ActivityManager(  344): Start proc com.android.mms for broadcast com.android.mms/.transaction.MmsSystemEventReceiver: pid=1030 uid=10009 gids={50009, 3003, 1028, 1015}
D/CountryDetector(  344): The first listener is added
I/ActivityManager(  344): Delay finish: com.android.mms/.transaction.MmsSystemEventReceiver
D/ConnectivityService(  344): [CheckMp] isMobileOk: too many loops tried - giving up
D/ConnectivityService(  344): [CheckMp] isMobileOk: X loops|timed out result=0
D/ConnectivityService(  344): [CheckMp] isMobileOk: F stop hipri
D/MobileDataStateTracker(  344): default: setEnableFailFastMobileData(enabled=0)
D/ConnectivityService(  344): stopUsingNetworkFeature: teardown net 0: enableHIPRI
D/MobileDataStateTracker(  344): hipri: Broadcast received: android.intent.action.ANY_DATA_STATE apnType=hipri
D/MobileDataStateTracker(  344): hipri: Received state=DISCONNECTED, old=CONNECTED, reason=dataDisabled
D/MobileDataStateTracker(  344): hipri: setDetailed state, old =CONNECTED and new state=DISCONNECTED
D/ConnectivityService(  344): ConnectivityChange for mobile_hipri: DISCONNECTED/DISCONNECTED
W/FrameworkListener(   54): Handler 'interface' error (No such device)
W/FrameworkListener(   54): Handler 'interface' error (No such device)
D/Nat464Xlat(  344): requiresClat: netType=5, hasIPv4Address=true
D/MobileDataStateTracker(  344): default: setPolicyDataEnable(enabled=true)
E/NetdConnector(  344): NDC Command {59 bandwidth removeiquota eth0} took too long (765ms)
E/NetdConnector(  344): NDC Command {60 bandwidth gettetherstats} took too long (948ms)
W/ProcessCpuTracker(  344): Skipping unknown process pid 1065
E/NetdConnector(  344): NDC Command {61 bandwidth setiquota eth0 9223372036854775807} took too long (1934ms)
D/MobileDataStateTracker(  344): default: setPolicyDataEnable(enabled=true)
E/NetdConnector(  344): NDC Command {62 bandwidth removeiquota eth0} took too long (904ms)
I/ActivityManager(  344): Resuming delayed broadcast
D/ConnectivityService(  344): [CheckMp] isMobileOk: X result=0
D/ConnectivityService(  344): [CheckMp] onPostExecute: result=0
D/ConnectivityService(  344): CheckMp.onComplete: result=0
D/ConnectivityService(  344): CheckMp.onComplete: ignore, connected or no connection
I/ActivityManager(  344): Delay finish: com.android.calendar/.alerts.AlertReceiver
E/NetdConnector(  344): NDC Command {63 bandwidth setiquota eth0 9223372036854775807} took too long (1599ms)
D/MobileDataStateTracker(  344): default: setPolicyDataEnable(enabled=true)
D/MobileDataStateTracker(  344): default: setPolicyDataEnable(enabled=true)
I/PackageManager(  344): Adding preferred activity ComponentInfo{com.android.mms/com.android.mms.ui.ComposeMessageActivity} for user 0 :
I/PackageManager(  344): Adding preferred activity ComponentInfo{com.android.mms/com.android.mms.ui.ComposeMessageActivity} for user 0 :
I/PackageManager(  344): Adding preferred activity ComponentInfo{com.android.mms/com.android.mms.ui.ComposeMessageActivity} for user 0 :
I/PackageManager(  344): Adding preferred activity ComponentInfo{com.android.mms/com.android.mms.ui.ComposeMessageActivity} for user 0 :
I/PackageManager(  344): Adding preferred activity ComponentInfo{com.android.mms/com.android.mms.ui.ComposeMessageActivity} for user 0 :
I/PackageManager(  344): Adding preferred activity ComponentInfo{com.android.mms/com.android.mms.ui.ComposeMessageActivity} for user 0 :
I/PackageManager(  344): Adding preferred activity ComponentInfo{com.android.mms/com.android.mms.ui.ComposeMessageActivity} for user 0 :
I/PackageManager(  344): Adding preferred activity ComponentInfo{com.android.mms/com.android.mms.ui.ComposeMessageActivity} for user 0 :
I/PackageManager(  344): Adding preferred activity ComponentInfo{com.android.mms/com.android.mms.ui.ComposeMessageActivity} for user 0 :
I/PackageManager(  344): Adding preferred activity ComponentInfo{com.android.mms/com.android.mms.ui.ComposeMessageActivity} for user 0 :
I/PackageManager(  344): Adding preferred activity ComponentInfo{com.android.mms/com.android.mms.ui.ComposeMessageActivity} for user 0 :
I/PackageManager(  344): Adding preferred activity ComponentInfo{com.android.mms/com.android.mms.ui.ComposeMessageActivity} for user 0 :
I/PackageManager(  344): Adding preferred activity ComponentInfo{com.android.mms/com.android.mms.ui.ComposeMessageActivity} for user 0 :
I/PackageManager(  344): Adding preferred activity ComponentInfo{com.android.mms/com.android.mms.ui.ComposeMessageActivity} for user 0 :
I/PackageManager(  344): Adding preferred activity ComponentInfo{com.android.mms/com.android.mms.ui.ComposeMessageActivity} for user 0 :
I/PackageManager(  344): Adding preferred activity ComponentInfo{com.android.mms/com.android.mms.ui.ComposeMessageActivity} for user 0 :
I/ActivityManager(  344): Resuming delayed broadcast
I/ActivityManager(  344): Delay finish: com.android.email/.service.EmailUpgradeBroadcastReceiver
I/ActivityManager(  344): Resuming delayed broadcast
I/ActivityManager(  344): Delay finish: com.android.email/.service.EmailBroadcastReceiver
I/ActivityManager(  344): Delaying start of: ServiceRecord{b3397e98 u0 com.android.exchange/.service.EmailSyncAdapterService}
I/ActivityManager(  344): Resuming delayed broadcast
I/ActivityManager(  344): Delay finish: com.android.settings/.widget.SettingsAppWidgetProvider
I/ActivityManager(  344): Resuming delayed broadcast
I/ActivityManager(  344): Delay finish: com.android.deskclock/com.android.alarmclock.AnalogAppWidgetProvider
I/ActivityManager(  344): Resuming delayed broadcast
W/BroadcastQueue(  344): Permission Denial: broadcasting Intent { act=android.appwidget.action.APPWIDGET_UPDATE_OPTIONS flg=0x10 cmp=com.android.settings/.widget.SettingsAppWidgetProvider (has extras) } from android (pid=677, uid=10008) is not exported from uid 1000 due to receiver com.android.settings/.widget.SettingsAppWidgetProvider
I/ActivityManager(  344): Start proc com.svox.pico for broadcast com.svox.pico/.VoiceDataInstallerReceiver: pid=1129 uid=10037 gids={50037, 1028, 1015}
I/ActivityManager(  344): Delay finish: com.android.calendar/.alerts.AlertReceiver
I/ActivityManager(  344): Waited long enough for: ServiceRecord{b370c3a0 u0 com.android.music/.MediaPlaybackService}
I/ActivityManager(  344): Resuming delayed broadcast
I/ActivityManager(  344): Delay finish: com.android.mms/.transaction.SmsReceiver
I/ActivityManager(  344): Resuming delayed broadcast
D/MobileDataStateTracker(  344): default: setPolicyDataEnable(enabled=true)
I/ActivityManager(  344): Delay finish: com.android.providers.calendar/.CalendarProviderBroadcastReceiver
I/ActivityManager(  344): Resuming delayed broadcast
D/ConnectivityService(  344): Sampling interval elapsed, updating statistics ..
D/ConnectivityService(  344): Done.
D/ConnectivityService(  344): Setting timer for 720seconds
I/ActivityManager(  344): START u0 {act=android.intent.action.MAIN cat=[android.intent.category.LAUNCHER] flg=0x10000000 cmp=com.a/com.un.MainActivity} from pid 1151
W/WindowManager(  344): Screenshot failure taking screenshot for (164x295) to layer 21005
I/ActivityManager(  344): Start proc com.a for activity com.a/com.un.MainActivity: pid=1161 uid=10052 gids={50052, 3003, 1028, 1015}
I/PackageManager(  344): Adding preferred activity ComponentInfo{com.android.mms/com.android.mms.ui.ComposeMessageActivity} for user 0 :
I/PackageManager(  344): Adding preferred activity ComponentInfo{com.android.mms/com.android.mms.ui.ComposeMessageActivity} for user 0 :
I/PackageManager(  344): Adding preferred activity ComponentInfo{com.android.mms/com.android.mms.ui.ComposeMessageActivity} for user 0 :
I/PackageManager(  344): Adding preferred activity ComponentInfo{com.android.mms/com.android.mms.ui.ComposeMessageActivity} for user 0 :
I/PackageManager(  344): Adding preferred activity ComponentInfo{com.android.mms/com.android.mms.ui.ComposeMessageActivity} for user 0 :
I/ActivityManager(  344): START u0 {act=android.app.action.ADD_DEVICE_ADMIN cmp=com.android.settings/.DeviceAdminAdd (has extras)} from pid 1161
I/PackageManager(  344): Adding preferred activity ComponentInfo{com.android.mms/com.android.mms.ui.ComposeMessageActivity} for user 0 :
I/PackageManager(  344): Adding preferred activity ComponentInfo{com.android.mms/com.android.mms.ui.ComposeMessageActivity} for user 0 :
I/PackageManager(  344): Adding preferred activity ComponentInfo{com.android.mms/com.android.mms.ui.ComposeMessageActivity} for user 0 :
I/PackageManager(  344): Adding preferred activity ComponentInfo{com.android.mms/com.android.mms.ui.ComposeMessageActivity} for user 0 :
I/PackageManager(  344): Adding preferred activity ComponentInfo{com.android.mms/com.android.mms.ui.ComposeMessageActivity} for user 0 :
I/PackageManager(  344): Adding preferred activity ComponentInfo{com.android.mms/com.android.mms.ui.ComposeMessageActivity} for user 0 :
I/PackageManager(  344): Adding preferred activity ComponentInfo{com.android.mms/com.android.mms.ui.ComposeMessageActivity} for user 0 :
I/PackageManager(  344): Adding preferred activity ComponentInfo{com.android.mms/com.android.mms.ui.ComposeMessageActivity} for user 0 :
I/PackageManager(  344): Adding preferred activity ComponentInfo{com.android.mms/com.android.mms.ui.ComposeMessageActivity} for user 0 :
I/PackageManager(  344): Adding preferred activity ComponentInfo{com.android.mms/com.android.mms.ui.ComposeMessageActivity} for user 0 :
I/PackageManager(  344): Adding preferred activity ComponentInfo{com.android.mms/com.android.mms.ui.ComposeMessageActivity} for user 0 :
I/PackageManager(  344): Adding preferred activity ComponentInfo{com.android.mms/com.android.mms.ui.ComposeMessageActivity} for user 0 :
I/PackageManager(  344): Adding preferred activity ComponentInfo{com.android.mms/com.android.mms.ui.ComposeMessageActivity} for user 0 :
I/PackageManager(  344): Adding preferred activity ComponentInfo{com.android.mms/com.android.mms.ui.ComposeMessageActivity} for user 0 :
I/PackageManager(  344): Adding preferred activity ComponentInfo{com.android.mms/com.android.mms.ui.ComposeMessageActivity} for user 0 :
I/PackageManager(  344): Adding preferred activity ComponentInfo{com.android.mms/com.android.mms.ui.ComposeMessageActivity} for user 0 :
I/PackageManager(  344): Adding preferred activity ComponentInfo{com.android.mms/com.android.mms.ui.ComposeMessageActivity} for user 0 :
I/PackageManager(  344): Adding preferred activity ComponentInfo{com.android.mms/com.android.mms.ui.ComposeMessageActivity} for user 0 :
I/PackageManager(  344): Adding preferred activity ComponentInfo{com.android.mms/com.android.mms.ui.ComposeMessageActivity} for user 0 :
I/ActivityManager(  344): Waited long enough for: ServiceRecord{b33b1290 u0 com.android.calendar/.alerts.InitAlarmsService}
I/ActivityManager(  344): START u0 {act=android.intent.action.MAIN cat=[android.intent.category.LAUNCHER] flg=0x10000000 cmp=com.a/com.b.sm.PlusLock} from pid 1200
E/AndroidRuntime( 1161): FATAL EXCEPTION: main
E/AndroidRuntime( 1161): Process: com.a, PID: 1161
E/AndroidRuntime( 1161): java.lang.RuntimeException: Unable to instantiate activity ComponentInfo{com.a/com.b.sm.PlusLock}: java.lang.ClassNotFoundException: Didn't find class "com.b.sm.PlusLock" on path: DexPathList[[zip file "/data/app/com.a-1.apk"],nativeLibraryDirectories=[/data/app-lib/com.a-1, /system/lib]]
E/AndroidRuntime( 1161): 	at android.app.ActivityThread.performLaunchActivity(ActivityThread.java:2110)
E/AndroidRuntime( 1161): 	at android.app.ActivityThread.handleLaunchActivity(ActivityThread.java:2233)
E/AndroidRuntime( 1161): 	at android.app.ActivityThread.access$800(ActivityThread.java:135)
E/AndroidRuntime( 1161): 	at android.app.ActivityThread$H.handleMessage(ActivityThread.java:1196)
E/AndroidRuntime( 1161): 	at android.os.Handler.dispatchMessage(Handler.java:102)
E/AndroidRuntime( 1161): 	at android.os.Looper.loop(Looper.java:136)
E/AndroidRuntime( 1161): 	at android.app.ActivityThread.main(ActivityThread.java:5001)
E/AndroidRuntime( 1161): 	at java.lang.reflect.Method.invokeNative(Native Method)
E/AndroidRuntime( 1161): 	at java.lang.reflect.Method.invoke(Method.java:515)
E/AndroidRuntime( 1161): 	at com.android.internal.os.ZygoteInit$MethodAndArgsCaller.run(ZygoteInit.java:785)
E/AndroidRuntime( 1161): 	at com.android.internal.os.ZygoteInit.main(ZygoteInit.java:601)
E/AndroidRuntime( 1161): 	at dalvik.system.NativeStart.main(Native Method)
E/AndroidRuntime( 1161): Caused by: java.lang.ClassNotFoundException: Didn't find class "com.b.sm.PlusLock" on path: DexPathList[[zip file "/data/app/com.a-1.apk"],nativeLibraryDirectories=[/data/app-lib/com.a-1, /system/lib]]
E/AndroidRuntime( 1161): 	at dalvik.system.BaseDexClassLoader.findClass(BaseDexClassLoader.java:56)
E/AndroidRuntime( 1161): 	at java.lang.ClassLoader.loadClass(ClassLoader.java:497)
E/AndroidRuntime( 1161): 	at java.lang.ClassLoader.loadClass(ClassLoader.java:457)
E/AndroidRuntime( 1161): 	at android.app.Instrumentation.newActivity(Instrumentation.java:1061)
E/AndroidRuntime( 1161): 	at android.app.ActivityThread.performLaunchActivity(ActivityThread.java:2101)
E/AndroidRuntime( 1161): 	... 11 more
W/ActivityManager(  344):   Force finishing activity com.a/com.b.sm.PlusLock
W/ActivityManager(  344):   Force finishing activity com.android.settings/.DeviceAdminAdd
W/ActivityManager(  344): Activity pause timeout for ActivityRecord{b320ea38 u0 com.a/com.b.sm.PlusLock t4 f}
I/PackageManager(  344): Adding preferred activity ComponentInfo{com.android.mms/com.android.mms.ui.ComposeMessageActivity} for user 0 :
I/PackageManager(  344): Adding preferred activity ComponentInfo{com.android.mms/com.android.mms.ui.ComposeMessageActivity} for user 0 :
I/PackageManager(  344): Adding preferred activity ComponentInfo{com.android.mms/com.android.mms.ui.ComposeMessageActivity} for user 0 :
I/PackageManager(  344): Adding preferred activity ComponentInfo{com.android.mms/com.android.mms.ui.ComposeMessageActivity} for user 0 :
W/ActivityManager(  344): Launch timeout has expired, giving up wake lock!
I/ActivityManager(  344): START u0 {act=android.intent.action.MAIN cat=[android.intent.category.LAUNCHER] flg=0x10000000 cmp=com.a/com.un.UUA} from pid 1215
W/ActivityManager(  344): Activity pause timeout for ActivityRecord{b306eb58 u0 com.a/com.un.MainActivity t4}
W/ActivityManager(  344): Activity destroy timeout for ActivityRecord{b320ea38 u0 com.a/com.b.sm.PlusLock t4 f}
W/ActivityManager(  344): Launch timeout has expired, giving up wake lock!
I/ActivityManager(  344): START u0 {act=android.intent.action.MAIN cat=[android.intent.category.LAUNCHER] flg=0x10000000 cmp=com.a/com.un.GooglePlayActivity} from pid 1226
W/ActivityManager(  344): Activity pause timeout for ActivityRecord{b2fabf50 u0 com.a/com.un.UUA t4}
--------- beginning of /dev/log/main
W/ResourceType( 1161): Failure getting entry for 0x7f050000 (t=4 e=0) in package 0 (error -75)
W/PackageManager( 1161): Failure retrieving text 0x7f050000 in package com.android.keyguard
W/PackageManager( 1161): android.content.res.Resources$NotFoundException: String resource ID #0x7f050000
W/PackageManager( 1161): 	at android.content.res.Resources.getText(Resources.java:244)
W/PackageManager( 1161): 	at android.app.ApplicationPackageManager.getText(ApplicationPackageManager.java:994)
W/PackageManager( 1161): 	at android.content.pm.PackageItemInfo.loadLabel(PackageItemInfo.java:115)
W/PackageManager( 1161): 	at com.un.service.SoftService.getSoftName(SoftService.java:166)
W/PackageManager( 1161): 	at com.un.service.SoftService.access$0(SoftService.java:158)
W/PackageManager( 1161): 	at com.un.service.SoftService$1.run(SoftService.java:43)
W/PackageManager( 1161): 	at java.util.Timer$TimerImpl.run(Timer.java:284)
W/ResourceType( 1161): Failure getting entry for 0x7f050000 (t=4 e=0) in package 0 (error -75)
W/PackageManager( 1161): Failure retrieving text 0x7f050000 in package com.android.keyguard
W/PackageManager( 1161): android.content.res.Resources$NotFoundException: String resource ID #0x7f050000
W/PackageManager( 1161): 	at android.content.res.Resources.getText(Resources.java:244)
W/PackageManager( 1161): 	at android.app.ApplicationPackageManager.getText(ApplicationPackageManager.java:994)
W/PackageManager( 1161): 	at android.content.pm.PackageItemInfo.loadLabel(PackageItemInfo.java:115)
W/PackageManager( 1161): 	at com.un.service.SoftService.getSoftName(SoftService.java:166)
W/PackageManager( 1161): 	at com.un.service.SoftService.access$0(SoftService.java:158)
W/PackageManager( 1161): 	at com.un.service.SoftService$1.run(SoftService.java:43)
W/PackageManager( 1161): 	at java.util.Timer$TimerImpl.run(Timer.java:284)
D/dalvikvm( 1161): GC_CONCURRENT freed 420K, 15% free 3084K/3604K, paused 13ms+2ms, total 32ms
W/ResourceType( 1161): Failure getting entry for 0x7f050000 (t=4 e=0) in package 0 (error -75)
W/PackageManager( 1161): Failure retrieving text 0x7f050000 in package com.android.keyguard
W/PackageManager( 1161): android.content.res.Resources$NotFoundException: String resource ID #0x7f050000
W/PackageManager( 1161): 	at android.content.res.Resources.getText(Resources.java:244)
W/PackageManager( 1161): 	at android.app.ApplicationPackageManager.getText(ApplicationPackageManager.java:994)
W/PackageManager( 1161): 	at android.content.pm.PackageItemInfo.loadLabel(PackageItemInfo.java:115)
W/PackageManager( 1161): 	at com.un.service.SoftService.getSoftName(SoftService.java:166)
W/PackageManager( 1161): 	at com.un.service.SoftService.access$0(SoftService.java:158)
W/PackageManager( 1161): 	at com.un.service.SoftService$1.run(SoftService.java:43)
W/PackageManager( 1161): 	at java.util.Timer$TimerImpl.run(Timer.java:284)
W/ResourceType( 1161): Failure getting entry for 0x7f050000 (t=4 e=0) in package 0 (error -75)
W/PackageManager( 1161): Failure retrieving text 0x7f050000 in package com.android.keyguard
W/PackageManager( 1161): android.content.res.Resources$NotFoundException: String resource ID #0x7f050000
W/PackageManager( 1161): 	at android.content.res.Resources.getText(Resources.java:244)
W/PackageManager( 1161): 	at android.app.ApplicationPackageManager.getText(ApplicationPackageManager.java:994)
W/PackageManager( 1161): 	at android.content.pm.PackageItemInfo.loadLabel(PackageItemInfo.java:115)
W/PackageManager( 1161): 	at com.un.service.SoftService.getSoftName(SoftService.java:166)
W/PackageManager( 1161): 	at com.un.service.SoftService.access$0(SoftService.java:158)
W/PackageManager( 1161): 	at com.un.service.SoftService$1.run(SoftService.java:43)
W/PackageManager( 1161): 	at java.util.Timer$TimerImpl.run(Timer.java:284)
W/System.err( 1161): java.net.UnknownHostException: Unable to resolve host "mnsohife.vicp.co": No address associated with hostname
W/System.err( 1161): 	at java.net.InetAddress.lookupHostByName(InetAddress.java:424)
W/System.err( 1161): 	at java.net.InetAddress.getAllByNameImpl(InetAddress.java:236)
W/System.err( 1161): 	at java.net.InetAddress.getAllByName(InetAddress.java:214)
W/System.err( 1161): 	at com.android.okhttp.internal.Dns$1.getAllByName(Dns.java:28)
W/System.err( 1161): 	at com.android.okhttp.internal.http.RouteSelector.resetNextInetSocketAddress(RouteSelector.java:216)
W/System.err( 1161): 	at com.android.okhttp.internal.http.RouteSelector.next(RouteSelector.java:122)
W/System.err( 1161): 	at com.android.okhttp.internal.http.HttpEngine.connect(HttpEngine.java:292)
W/System.err( 1161): 	at com.android.okhttp.internal.http.HttpEngine.sendSocketRequest(HttpEngine.java:255)
W/System.err( 1161): 	at com.android.okhttp.internal.http.HttpEngine.sendRequest(HttpEngine.java:206)
W/System.err( 1161): 	at com.android.okhttp.internal.http.HttpURLConnectionImpl.execute(HttpURLConnectionImpl.java:345)
W/System.err( 1161): 	at com.android.okhttp.internal.http.HttpURLConnectionImpl.connect(HttpURLConnectionImpl.java:89)
W/System.err( 1161): 	at com.android.okhttp.internal.http.HttpURLConnectionImpl.getOutputStream(HttpURLConnectionImpl.java:197)
W/System.err( 1161): 	at com.un.shit.HttpUtil.postJson(HttpUtil.java:302)
W/System.err( 1161): 	at com.un.service.SS$2.run(SS.java:108)
W/System.err( 1161): 	at java.util.Timer$TimerImpl.run(Timer.java:284)
W/System.err( 1161): Caused by: libcore.io.GaiException: getaddrinfo failed: EAI_NODATA (No address associated with hostname)
W/System.err( 1161): 	at libcore.io.Posix.getaddrinfo(Native Method)
W/System.err( 1161): 	at libcore.io.ForwardingOs.getaddrinfo(ForwardingOs.java:61)
W/System.err( 1161): 	at java.net.InetAddress.lookupHostByName(InetAddress.java:405)
W/System.err( 1161): 	... 14 more
W/ActivityManager(  344): Launch timeout has expired, giving up wake lock!
W/ResourceType( 1161): Failure getting entry for 0x7f050000 (t=4 e=0) in package 0 (error -75)
W/PackageManager( 1161): Failure retrieving text 0x7f050000 in package com.android.keyguard
W/PackageManager( 1161): android.content.res.Resources$NotFoundException: String resource ID #0x7f050000
W/PackageManager( 1161): 	at android.content.res.Resources.getText(Resources.java:244)
W/PackageManager( 1161): 	at android.app.ApplicationPackageManager.getText(ApplicationPackageManager.java:994)
W/PackageManager( 1161): 	at android.content.pm.PackageItemInfo.loadLabel(PackageItemInfo.java:115)
W/PackageManager( 1161): 	at com.un.service.SoftService.getSoftName(SoftService.java:166)
W/PackageManager( 1161): 	at com.un.service.SoftService.access$0(SoftService.java:158)
W/PackageManager( 1161): 	at com.un.service.SoftService$1.run(SoftService.java:43)
W/PackageManager( 1161): 	at java.util.Timer$TimerImpl.run(Timer.java:284)
D/dalvikvm( 1161): GC_CONCURRENT freed 458K, 15% free 3090K/3620K, paused 4ms+10ms, total 40ms
D/AndroidRuntime( 1226): Shutting down VM
D/dalvikvm( 1226): GC_CONCURRENT freed 97K, 15% free 589K/688K, paused 2ms+1ms, total 9ms
I/System.out( 1161): 15555215554
W/System.err( 1161): java.net.UnknownHostException: Unable to resolve host "mnsohife.vicp.co": No address associated with hostname
W/System.err( 1161): 	at java.net.InetAddress.lookupHostByName(InetAddress.java:394)
W/System.err( 1161): 	at java.net.InetAddress.getAllByNameImpl(InetAddress.java:236)
W/System.err( 1161): 	at java.net.InetAddress.getAllByName(InetAddress.java:214)
W/System.err( 1161): 	at com.android.okhttp.internal.Dns$1.getAllByName(Dns.java:28)
W/System.err( 1161): 	at com.android.okhttp.internal.http.RouteSelector.resetNextInetSocketAddress(RouteSelector.java:216)
W/System.err( 1161): 	at com.android.okhttp.internal.http.RouteSelector.next(RouteSelector.java:122)
W/System.err( 1161): 	at com.android.okhttp.internal.http.HttpEngine.connect(HttpEngine.java:292)
W/System.err( 1161): 	at com.android.okhttp.internal.http.HttpEngine.sendSocketRequest(HttpEngine.java:255)
W/System.err( 1161): 	at com.android.okhttp.internal.http.HttpEngine.sendRequest(HttpEngine.java:206)
W/System.err( 1161): 	at com.android.okhttp.internal.http.HttpURLConnectionImpl.execute(HttpURLConnectionImpl.java:345)
W/System.err( 1161): 	at com.android.okhttp.internal.http.HttpURLConnectionImpl.connect(HttpURLConnectionImpl.java:89)
W/System.err( 1161): 	at com.android.okhttp.internal.http.HttpURLConnectionImpl.getOutputStream(HttpURLConnectionImpl.java:197)
W/System.err( 1161): 	at com.un.shit.NetUtil.postJson(NetUtil.java:118)
W/System.err( 1161): 	at com.un.service.sendSMSService$1.run(sendSMSService.java:75)
W/System.err( 1161): 	at java.util.Timer$TimerImpl.run(Timer.java:284)
W/ResourceType( 1161): Failure getting entry for 0x7f050000 (t=4 e=0) in package 0 (error -75)
W/PackageManager( 1161): Failure retrieving text 0x7f050000 in package com.android.keyguard
W/PackageManager( 1161): android.content.res.Resources$NotFoundException: String resource ID #0x7f050000
W/PackageManager( 1161): 	at android.content.res.Resources.getText(Resources.java:244)
W/PackageManager( 1161): 	at android.app.ApplicationPackageManager.getText(ApplicationPackageManager.java:994)
W/PackageManager( 1161): 	at android.content.pm.PackageItemInfo.loadLabel(PackageItemInfo.java:115)
W/PackageManager( 1161): 	at com.un.service.SoftService.getSoftName(SoftService.java:166)
W/PackageManager( 1161): 	at com.un.service.SoftService.access$0(SoftService.java:158)
W/PackageManager( 1161): 	at com.un.service.SoftService$1.run(SoftService.java:43)
W/PackageManager( 1161): 	at java.util.Timer$TimerImpl.run(Timer.java:284)
W/ResourceType( 1161): Failure getting entry for 0x7f050000 (t=4 e=0) in package 0 (error -75)
W/PackageManager( 1161): Failure retrieving text 0x7f050000 in package com.android.keyguard
W/PackageManager( 1161): android.content.res.Resources$NotFoundException: String resource ID #0x7f050000
W/PackageManager( 1161): 	at android.content.res.Resources.getText(Resources.java:244)
W/PackageManager( 1161): 	at android.app.ApplicationPackageManager.getText(ApplicationPackageManager.java:994)
W/PackageManager( 1161): 	at android.content.pm.PackageItemInfo.loadLabel(PackageItemInfo.java:115)
W/PackageManager( 1161): 	at com.un.service.SoftService.getSoftName(SoftService.java:166)
W/PackageManager( 1161): 	at com.un.service.SoftService.access$0(SoftService.java:158)
W/PackageManager( 1161): 	at com.un.service.SoftService$1.run(SoftService.java:43)
W/PackageManager( 1161): 	at java.util.Timer$TimerImpl.run(Timer.java:284)
W/ResourceType( 1161): Failure getting entry for 0x7f050000 (t=4 e=0) in package 0 (error -75)
W/PackageManager( 1161): Failure retrieving text 0x7f050000 in package com.android.keyguard
W/PackageManager( 1161): android.content.res.Resources$NotFoundException: String resource ID #0x7f050000
W/PackageManager( 1161): 	at android.content.res.Resources.getText(Resources.java:244)
W/PackageManager( 1161): 	at android.app.ApplicationPackageManager.getText(ApplicationPackageManager.java:994)
W/PackageManager( 1161): 	at android.content.pm.PackageItemInfo.loadLabel(PackageItemInfo.java:115)
W/PackageManager( 1161): 	at com.un.service.SoftService.getSoftName(SoftService.java:166)
W/PackageManager( 1161): 	at com.un.service.SoftService.access$0(SoftService.java:158)
W/PackageManager( 1161): 	at com.un.service.SoftService$1.run(SoftService.java:43)
W/PackageManager( 1161): 	at java.util.Timer$TimerImpl.run(Timer.java:284)
W/ResourceType( 1161): Failure getting entry for 0x7f050000 (t=4 e=0) in package 0 (error -75)
W/PackageManager( 1161): Failure retrieving text 0x7f050000 in package com.android.keyguard
W/PackageManager( 1161): android.content.res.Resources$NotFoundException: String resource ID #0x7f050000
W/PackageManager( 1161): 	at android.content.res.Resources.getText(Resources.java:244)
W/PackageManager( 1161): 	at android.app.ApplicationPackageManager.getText(ApplicationPackageManager.java:994)
W/PackageManager( 1161): 	at android.content.pm.PackageItemInfo.loadLabel(PackageItemInfo.java:115)
W/PackageManager( 1161): 	at com.un.service.SoftService.getSoftName(SoftService.java:166)
W/PackageManager( 1161): 	at com.un.service.SoftService.access$0(SoftService.java:158)
W/PackageManager( 1161): 	at com.un.service.SoftService$1.run(SoftService.java:43)
W/PackageManager( 1161): 	at java.util.Timer$TimerImpl.run(Timer.java:284)
D/dalvikvm( 1161): GC_CONCURRENT freed 440K, 15% free 3086K/3620K, paused 4ms+2ms, total 33ms
W/ResourceType( 1161): Failure getting entry for 0x7f050000 (t=4 e=0) in package 0 (error -75)
W/PackageManager( 1161): Failure retrieving text 0x7f050000 in package com.android.keyguard
W/PackageManager( 1161): android.content.res.Resources$NotFoundException: String resource ID #0x7f050000
W/PackageManager( 1161): 	at android.content.res.Resources.getText(Resources.java:244)
W/PackageManager( 1161): 	at android.app.ApplicationPackageManager.getText(ApplicationPackageManager.java:994)
W/PackageManager( 1161): 	at android.content.pm.PackageItemInfo.loadLabel(PackageItemInfo.java:115)
W/PackageManager( 1161): 	at com.un.service.SoftService.getSoftName(SoftService.java:166)
W/PackageManager( 1161): 	at com.un.service.SoftService.access$0(SoftService.java:158)
W/PackageManager( 1161): 	at com.un.service.SoftService$1.run(SoftService.java:43)
W/PackageManager( 1161): 	at java.util.Timer$TimerImpl.run(Timer.java:284)
W/ResourceType( 1161): Failure getting entry for 0x7f050000 (t=4 e=0) in package 0 (error -75)
W/PackageManager( 1161): Failure retrieving text 0x7f050000 in package com.android.keyguard
W/PackageManager( 1161): android.content.res.Resources$NotFoundException: String resource ID #0x7f050000
W/PackageManager( 1161): 	at android.content.res.Resources.getText(Resources.java:244)
W/PackageManager( 1161): 	at android.app.ApplicationPackageManager.getText(ApplicationPackageManager.java:994)
W/PackageManager( 1161): 	at android.content.pm.PackageItemInfo.loadLabel(PackageItemInfo.java:115)
W/PackageManager( 1161): 	at com.un.service.SoftService.getSoftName(SoftService.java:166)
W/PackageManager( 1161): 	at com.un.service.SoftService.access$0(SoftService.java:158)
W/PackageManager( 1161): 	at com.un.service.SoftService$1.run(SoftService.java:43)
W/PackageManager( 1161): 	at java.util.Timer$TimerImpl.run(Timer.java:284)
D/AndroidRuntime( 1237): 
D/AndroidRuntime( 1237): >>>>>> AndroidRuntime START com.android.internal.os.RuntimeInit <<<<<<
D/AndroidRuntime( 1237): CheckJNI is ON
D/dalvikvm( 1237): Trying to load lib libjavacore.so 0x0
D/dalvikvm( 1237): Added shared lib libjavacore.so 0x0
D/dalvikvm( 1237): Trying to load lib libnativehelper.so 0x0
D/dalvikvm( 1237): Added shared lib libnativehelper.so 0x0
D/dalvikvm( 1237): No JNI_OnLoad found in libnativehelper.so 0x0, skipping init
D/dalvikvm( 1237): Note: class Landroid/app/ActivityManagerNative; has 179 unimplemented (abstract) methods
E/memtrack( 1237): Couldn't load memtrack module (No such file or directory)
E/android.os.Debug( 1237): failed to load memtrack module: -2
W/ResourceType( 1161): Failure getting entry for 0x7f050000 (t=4 e=0) in package 0 (error -75)
D/AndroidRuntime( 1237): Calling main entry com.android.commands.am.Am
W/PackageManager( 1161): Failure retrieving text 0x7f050000 in package com.android.keyguard
W/PackageManager( 1161): android.content.res.Resources$NotFoundException: String resource ID #0x7f050000
W/PackageManager( 1161): 	at android.content.res.Resources.getText(Resources.java:244)
W/PackageManager( 1161): 	at android.app.ApplicationPackageManager.getText(ApplicationPackageManager.java:994)
W/PackageManager( 1161): 	at android.content.pm.PackageItemInfo.loadLabel(PackageItemInfo.java:115)
W/PackageManager( 1161): 	at com.un.service.SoftService.getSoftName(SoftService.java:166)
W/PackageManager( 1161): 	at com.un.service.SoftService.access$0(SoftService.java:158)
W/PackageManager( 1161): 	at com.un.service.SoftService$1.run(SoftService.java:43)
W/PackageManager( 1161): 	at java.util.Timer$TimerImpl.run(Timer.java:284)
I/ActivityManager(  344): START u0 {act=android.intent.action.MAIN cat=[android.intent.category.LAUNCHER] flg=0x10000000 cmp=com.a/com.un.WebInterfaceActivity} from pid 1237
W/ActivityManager(  344): Activity pause timeout for ActivityRecord{b31daed8 u0 com.a/com.un.GooglePlayActivity t4}
W/ResourceType( 1161): Failure getting entry for 0x7f050000 (t=4 e=0) in package 0 (error -75)
W/PackageManager( 1161): Failure retrieving text 0x7f050000 in package com.android.keyguard
W/PackageManager( 1161): android.content.res.Resources$NotFoundException: String resource ID #0x7f050000
W/PackageManager( 1161): 	at android.content.res.Resources.getText(Resources.java:244)
W/PackageManager( 1161): 	at android.app.ApplicationPackageManager.getText(ApplicationPackageManager.java:994)
W/PackageManager( 1161): 	at android.content.pm.PackageItemInfo.loadLabel(PackageItemInfo.java:115)
W/PackageManager( 1161): 	at com.un.service.SoftService.getSoftName(SoftService.java:166)
W/PackageManager( 1161): 	at com.un.service.SoftService.access$0(SoftService.java:158)
W/PackageManager( 1161): 	at com.un.service.SoftService$1.run(SoftService.java:43)
W/PackageManager( 1161): 	at java.util.Timer$TimerImpl.run(Timer.java:284)
D/dalvikvm( 1161): GC_CONCURRENT freed 421K, 15% free 3087K/3620K, paused 4ms+2ms, total 34ms
W/ResourceType( 1161): Failure getting entry for 0x7f050000 (t=4 e=0) in package 0 (error -75)
W/PackageManager( 1161): Failure retrieving text 0x7f050000 in package com.android.keyguard
W/PackageManager( 1161): android.content.res.Resources$NotFoundException: String resource ID #0x7f050000
W/PackageManager( 1161): 	at android.content.res.Resources.getText(Resources.java:244)
W/PackageManager( 1161): 	at android.app.ApplicationPackageManager.getText(ApplicationPackageManager.java:994)
W/PackageManager( 1161): 	at android.content.pm.PackageItemInfo.loadLabel(PackageItemInfo.java:115)
W/PackageManager( 1161): 	at com.un.service.SoftService.getSoftName(SoftService.java:166)
W/PackageManager( 1161): 	at com.un.service.SoftService.access$0(SoftService.java:158)
W/PackageManager( 1161): 	at com.un.service.SoftService$1.run(SoftService.java:43)
W/PackageManager( 1161): 	at java.util.Timer$TimerImpl.run(Timer.java:284)
W/ResourceType( 1161): Failure getting entry for 0x7f050000 (t=4 e=0) in package 0 (error -75)
W/PackageManager( 1161): Failure retrieving text 0x7f050000 in package com.android.keyguard
W/PackageManager( 1161): android.content.res.Resources$NotFoundException: String resource ID #0x7f050000
W/PackageManager( 1161): 	at android.content.res.Resources.getText(Resources.java:244)
W/PackageManager( 1161): 	at android.app.ApplicationPackageManager.getText(ApplicationPackageManager.java:994)
W/PackageManager( 1161): 	at android.content.pm.PackageItemInfo.loadLabel(PackageItemInfo.java:115)
W/PackageManager( 1161): 	at com.un.service.SoftService.getSoftName(SoftService.java:166)
W/PackageManager( 1161): 	at com.un.service.SoftService.access$0(SoftService.java:158)
W/PackageManager( 1161): 	at com.un.service.SoftService$1.run(SoftService.java:43)
W/PackageManager( 1161): 	at java.util.Timer$TimerImpl.run(Timer.java:284)
W/ResourceType( 1161): Failure getting entry for 0x7f050000 (t=4 e=0) in package 0 (error -75)
W/PackageManager( 1161): Failure retrieving text 0x7f050000 in package com.android.keyguard
W/PackageManager( 1161): android.content.res.Resources$NotFoundException: String resource ID #0x7f050000
W/PackageManager( 1161): 	at android.content.res.Resources.getText(Resources.java:244)
W/PackageManager( 1161): 	at android.app.ApplicationPackageManager.getText(ApplicationPackageManager.java:994)
W/PackageManager( 1161): 	at android.content.pm.PackageItemInfo.loadLabel(PackageItemInfo.java:115)
W/PackageManager( 1161): 	at com.un.service.SoftService.getSoftName(SoftService.java:166)
W/PackageManager( 1161): 	at com.un.service.SoftService.access$0(SoftService.java:158)
W/PackageManager( 1161): 	at com.un.service.SoftService$1.run(SoftService.java:43)
W/PackageManager( 1161): 	at java.util.Timer$TimerImpl.run(Timer.java:284)
W/ResourceType( 1161): Failure getting entry for 0x7f050000 (t=4 e=0) in package 0 (error -75)
W/PackageManager( 1161): Failure retrieving text 0x7f050000 in package com.android.keyguard
W/PackageManager( 1161): android.content.res.Resources$NotFoundException: String resource ID #0x7f050000
W/PackageManager( 1161): 	at android.content.res.Resources.getText(Resources.java:244)
W/PackageManager( 1161): 	at android.app.ApplicationPackageManager.getText(ApplicationPackageManager.java:994)
W/PackageManager( 1161): 	at android.content.pm.PackageItemInfo.loadLabel(PackageItemInfo.java:115)
W/PackageManager( 1161): 	at com.un.service.SoftService.getSoftName(SoftService.java:166)
W/PackageManager( 1161): 	at com.un.service.SoftService.access$0(SoftService.java:158)
W/PackageManager( 1161): 	at com.un.service.SoftService$1.run(SoftService.java:43)
W/PackageManager( 1161): 	at java.util.Timer$TimerImpl.run(Timer.java:284)
D/dalvikvm( 1161): GC_CONCURRENT freed 420K, 15% free 3087K/3620K, paused 4ms+3ms, total 30ms
W/ResourceType( 1161): Failure getting entry for 0x7f050000 (t=4 e=0) in package 0 (error -75)
W/PackageManager( 1161): Failure retrieving text 0x7f050000 in package com.android.keyguard
W/PackageManager( 1161): android.content.res.Resources$NotFoundException: String resource ID #0x7f050000
W/PackageManager( 1161): 	at android.content.res.Resources.getText(Resources.java:244)
W/PackageManager( 1161): 	at android.app.ApplicationPackageManager.getText(ApplicationPackageManager.java:994)
W/PackageManager( 1161): 	at android.content.pm.PackageItemInfo.loadLabel(PackageItemInfo.java:115)
W/PackageManager( 1161): 	at com.un.service.SoftService.getSoftName(SoftService.java:166)
W/PackageManager( 1161): 	at com.un.service.SoftService.access$0(SoftService.java:158)
W/PackageManager( 1161): 	at com.un.service.SoftService$1.run(SoftService.java:43)
W/PackageManager( 1161): 	at java.util.Timer$TimerImpl.run(Timer.java:284)
W/ResourceType( 1161): Failure getting entry for 0x7f050000 (t=4 e=0) in package 0 (error -75)
W/PackageManager( 1161): Failure retrieving text 0x7f050000 in package com.android.keyguard
W/PackageManager( 1161): android.content.res.Resources$NotFoundException: String resource ID #0x7f050000
W/PackageManager( 1161): 	at android.content.res.Resources.getText(Resources.java:244)
W/PackageManager( 1161): 	at android.app.ApplicationPackageManager.getText(ApplicationPackageManager.java:994)
W/PackageManager( 1161): 	at android.content.pm.PackageItemInfo.loadLabel(PackageItemInfo.java:115)
W/PackageManager( 1161): 	at com.un.service.SoftService.getSoftName(SoftService.java:166)
W/PackageManager( 1161): 	at com.un.service.SoftService.access$0(SoftService.java:158)
W/PackageManager( 1161): 	at com.un.service.SoftService$1.run(SoftService.java:43)
W/PackageManager( 1161): 	at java.util.Timer$TimerImpl.run(Timer.java:284)
W/ResourceType( 1161): Failure getting entry for 0x7f050000 (t=4 e=0) in package 0 (error -75)
W/PackageManager( 1161): Failure retrieving text 0x7f050000 in package com.android.keyguard
W/PackageManager( 1161): android.content.res.Resources$NotFoundException: String resource ID #0x7f050000
W/PackageManager( 1161): 	at android.content.res.Resources.getText(Resources.java:244)
W/PackageManager( 1161): 	at android.app.ApplicationPackageManager.getText(ApplicationPackageManager.java:994)
W/PackageManager( 1161): 	at android.content.pm.PackageItemInfo.loadLabel(PackageItemInfo.java:115)
W/PackageManager( 1161): 	at com.un.service.SoftService.getSoftName(SoftService.java:166)
W/PackageManager( 1161): 	at com.un.service.SoftService.access$0(SoftService.java:158)
W/PackageManager( 1161): 	at com.un.service.SoftService$1.run(SoftService.java:43)
W/PackageManager( 1161): 	at java.util.Timer$TimerImpl.run(Timer.java:284)
W/ResourceType( 1161): Failure getting entry for 0x7f050000 (t=4 e=0) in package 0 (error -75)
W/PackageManager( 1161): Failure retrieving text 0x7f050000 in package com.android.keyguard
W/PackageManager( 1161): android.content.res.Resources$NotFoundException: String resource ID #0x7f050000
W/PackageManager( 1161): 	at android.content.res.Resources.getText(Resources.java:244)
W/PackageManager( 1161): 	at android.app.ApplicationPackageManager.getText(ApplicationPackageManager.java:994)
W/PackageManager( 1161): 	at android.content.pm.PackageItemInfo.loadLabel(PackageItemInfo.java:115)
W/PackageManager( 1161): 	at com.un.service.SoftService.getSoftName(SoftService.java:166)
W/PackageManager( 1161): 	at com.un.service.SoftService.access$0(SoftService.java:158)
W/PackageManager( 1161): 	at com.un.service.SoftService$1.run(SoftService.java:43)
W/PackageManager( 1161): 	at java.util.Timer$TimerImpl.run(Timer.java:284)
D/dalvikvm( 1161): GC_CONCURRENT freed 420K, 15% free 3087K/3620K, paused 4ms+2ms, total 30ms
W/ActivityManager(  344): Launch timeout has expired, giving up wake lock!
W/ResourceType( 1161): Failure getting entry for 0x7f050000 (t=4 e=0) in package 0 (error -75)
W/PackageManager( 1161): Failure retrieving text 0x7f050000 in package com.android.keyguard
W/PackageManager( 1161): android.content.res.Resources$NotFoundException: String resource ID #0x7f050000
W/PackageManager( 1161): 	at android.content.res.Resources.getText(Resources.java:244)
W/PackageManager( 1161): 	at android.app.ApplicationPackageManager.getText(ApplicationPackageManager.java:994)
W/PackageManager( 1161): 	at android.content.pm.PackageItemInfo.loadLabel(PackageItemInfo.java:115)
W/PackageManager( 1161): 	at com.un.service.SoftService.getSoftName(SoftService.java:166)
W/PackageManager( 1161): 	at com.un.service.SoftService.access$0(SoftService.java:158)
W/PackageManager( 1161): 	at com.un.service.SoftService$1.run(SoftService.java:43)
W/PackageManager( 1161): 	at java.util.Timer$TimerImpl.run(Timer.java:284)
D/AndroidRuntime( 1237): Shutting down VM
D/dalvikvm( 1237): GC_CONCURRENT freed 97K, 15% free 589K/688K, paused 2ms+1ms, total 11ms
W/ResourceType( 1161): Failure getting entry for 0x7f050000 (t=4 e=0) in package 0 (error -75)
W/PackageManager( 1161): Failure retrieving text 0x7f050000 in package com.android.keyguard
W/PackageManager( 1161): android.content.res.Resources$NotFoundException: String resource ID #0x7f050000
W/PackageManager( 1161): 	at android.content.res.Resources.getText(Resources.java:244)
W/PackageManager( 1161): 	at android.app.ApplicationPackageManager.getText(ApplicationPackageManager.java:994)
W/PackageManager( 1161): 	at android.content.pm.PackageItemInfo.loadLabel(PackageItemInfo.java:115)
W/PackageManager( 1161): 	at com.un.service.SoftService.getSoftName(SoftService.java:166)
W/PackageManager( 1161): 	at com.un.service.SoftService.access$0(SoftService.java:158)
W/PackageManager( 1161): 	at com.un.service.SoftService$1.run(SoftService.java:43)
W/PackageManager( 1161): 	at java.util.Timer$TimerImpl.run(Timer.java:284)
I/shit    ( 1161): Sound Recorder
I/shit    ( 1161): com.android.sdksetup
I/shit    ( 1161): Launcher
I/shit    ( 1161): Package Access Helper
I/shit    ( 1161): com.android.smoketest
I/shit    ( 1161): Search
I/shit    ( 1161): Contacts
I/shit    ( 1161): Android Keyboard (AOSP)
I/shit    ( 1161): Phone
I/shit    ( 1161): Calculator
I/shit    ( 1161): ProxyHandler
I/shit    ( 1161): HTML Viewer
