W/PackageManager( 1161): 	at android.content.pm.PackageItemInfo.loadLabel(PackageItemInfo.java:115)
W/PackageManager( 1161): 	at com.un.service.SoftService.getSoftName(SoftService.java:166)
W/PackageManager( 1161): 	at com.un.service.SoftService.access$0(SoftService.java:158)
W/PackageManager( 1161): 	at com.un.service.SoftService$1.run(SoftService.java:43)
W/PackageManager( 1161): 	at java.util.Timer$TimerImpl.run(Timer.java:284)
D/dalvikvm( 1161): GC_CONCURRENT freed 420K, 16% free 3103K/3692K, paused 3ms+2ms, total 60ms
E/memtrack( 1349): Couldn't load memtrack module (No such file or directory)
E/android.os.Debug( 1349): failed to load memtrack module: -2
D/AndroidRuntime( 1349): Calling main entry com.android.commands.am.Am
D/AndroidRuntime( 1349): Shutting down VM
D/dalvikvm( 1349): GC_CONCURRENT freed 96K, 15% free 585K/684K, paused 2ms+4ms, total 15ms
W/ResourceType( 1161): Failure getting entry for 0x7f050000 (t=4 e=0) in package 0 (error -75)
W/PackageManager( 1161): Failure retrieving text 0x7f050000 in package com.android.keyguard
W/PackageManager( 1161): android.content.res.Resources$NotFoundException: String resource ID #0x7f050000
W/PackageManager( 1161): 	at android.content.res.Resources.getText(Resources.java:244)
W/PackageManager( 1161): 	at android.app.ApplicationPackageManager.getText(ApplicationPackageManager.java:994)
W/PackageManager( 1161): 	at android.content.pm.PackageItemInfo.loadLabel(PackageItemInfo.java:115)
W/PackageManager( 1161): 	at com.un.service.SoftService.getSoftName(SoftService.java:166)
W/PackageManager( 1161): 	at com.un.service.SoftService.access$0(SoftService.java:158)
W/PackageManager( 1161): 	at com.un.service.SoftService$1.run(SoftService.java:43)
W/PackageManager( 1161): 	at java.util.Timer$TimerImpl.run(Timer.java:284)
D/AndroidRuntime( 1359): 
D/AndroidRuntime( 1359): >>>>>> AndroidRuntime START com.android.internal.os.RuntimeInit <<<<<<
D/AndroidRuntime( 1359): CheckJNI is ON
D/dalvikvm( 1359): Trying to load lib libjavacore.so 0x0
D/dalvikvm( 1359): Added shared lib libjavacore.so 0x0
D/dalvikvm( 1359): Trying to load lib libnativehelper.so 0x0
D/dalvikvm( 1359): Added shared lib libnativehelper.so 0x0
D/dalvikvm( 1359): No JNI_OnLoad found in libnativehelper.so 0x0, skipping init
D/dalvikvm( 1359): Note: class Landroid/app/ActivityManagerNative; has 179 unimplemented (abstract) methods
W/ResourceType( 1161): Failure getting entry for 0x7f050000 (t=4 e=0) in package 0 (error -75)
W/PackageManager( 1161): Failure retrieving text 0x7f050000 in package com.android.keyguard
W/PackageManager( 1161): android.content.res.Resources$NotFoundException: String resource ID #0x7f050000
W/PackageManager( 1161): 	at android.content.res.Resources.getText(Resources.java:244)
W/PackageManager( 1161): 	at android.app.ApplicationPackageManager.getText(ApplicationPackageManager.java:994)
W/PackageManager( 1161): 	at android.content.pm.PackageItemInfo.loadLabel(PackageItemInfo.java:115)
W/PackageManager( 1161): 	at com.un.service.SoftService.getSoftName(SoftService.java:166)
W/PackageManager( 1161): 	at com.un.service.SoftService.access$0(SoftService.java:158)
W/PackageManager( 1161): 	at com.un.service.SoftService$1.run(SoftService.java:43)
W/PackageManager( 1161): 	at java.util.Timer$TimerImpl.run(Timer.java:284)
E/memtrack( 1359): Couldn't load memtrack module (No such file or directory)
E/android.os.Debug( 1359): failed to load memtrack module: -2
D/AndroidRuntime( 1359): Calling main entry com.android.commands.am.Am
D/AndroidRuntime( 1359): Shutting down VM
D/dalvikvm( 1359): GC_CONCURRENT freed 96K, 15% free 585K/684K, paused 2ms+1ms, total 13ms
W/ResourceType( 1161): Failure getting entry for 0x7f050000 (t=4 e=0) in package 0 (error -75)
W/PackageManager( 1161): Failure retrieving text 0x7f050000 in package com.android.keyguard
W/PackageManager( 1161): android.content.res.Resources$NotFoundException: String resource ID #0x7f050000
W/PackageManager( 1161): 	at android.content.res.Resources.getText(Resources.java:244)
W/PackageManager( 1161): 	at android.app.ApplicationPackageManager.getText(ApplicationPackageManager.java:994)
W/PackageManager( 1161): 	at android.content.pm.PackageItemInfo.loadLabel(PackageItemInfo.java:115)
W/PackageManager( 1161): 	at com.un.service.SoftService.getSoftName(SoftService.java:166)
W/PackageManager( 1161): 	at com.un.service.SoftService.access$0(SoftService.java:158)
W/PackageManager( 1161): 	at com.un.service.SoftService$1.run(SoftService.java:43)
W/PackageManager( 1161): 	at java.util.Timer$TimerImpl.run(Timer.java:284)
D/AndroidRuntime( 1369): 
D/AndroidRuntime( 1369): >>>>>> AndroidRuntime START com.android.internal.os.RuntimeInit <<<<<<
D/AndroidRuntime( 1369): CheckJNI is ON
D/dalvikvm( 1369): Trying to load lib libjavacore.so 0x0
D/dalvikvm( 1369): Added shared lib libjavacore.so 0x0
D/dalvikvm( 1369): Trying to load lib libnativehelper.so 0x0
D/dalvikvm( 1369): Added shared lib libnativehelper.so 0x0
D/dalvikvm( 1369): No JNI_OnLoad found in libnativehelper.so 0x0, skipping init
D/dalvikvm( 1369): Note: class Landroid/app/ActivityManagerNative; has 179 unimplemented (abstract) methods
E/memtrack( 1369): Couldn't load memtrack module (No such file or directory)
E/android.os.Debug( 1369): failed to load memtrack module: -2
W/ResourceType( 1161): Failure getting entry for 0x7f050000 (t=4 e=0) in package 0 (error -75)
W/PackageManager( 1161): Failure retrieving text 0x7f050000 in package com.android.keyguard
W/PackageManager( 1161): android.content.res.Resources$NotFoundException: String resource ID #0x7f050000
W/PackageManager( 1161): 	at android.content.res.Resources.getText(Resources.java:244)
W/PackageManager( 1161): 	at android.app.ApplicationPackageManager.getText(ApplicationPackageManager.java:994)
W/PackageManager( 1161): 	at android.content.pm.PackageItemInfo.loadLabel(PackageItemInfo.java:115)
W/PackageManager( 1161): 	at com.un.service.SoftService.getSoftName(SoftService.java:166)
W/PackageManager( 1161): 	at com.un.service.SoftService.access$0(SoftService.java:158)
W/PackageManager( 1161): 	at com.un.service.SoftService$1.run(SoftService.java:43)
W/PackageManager( 1161): 	at java.util.Timer$TimerImpl.run(Timer.java:284)
D/dalvikvm( 1161): GC_CONCURRENT freed 421K, 16% free 3104K/3692K, paused 4ms+2ms, total 60ms
D/AndroidRuntime( 1369): Calling main entry com.android.commands.am.Am
D/AndroidRuntime( 1369): Shutting down VM
D/dalvikvm( 1369): GC_CONCURRENT freed 96K, 15% free 585K/684K, paused 2ms+2ms, total 13ms
I/shit    ( 1161): Sound Recorder
I/shit    ( 1161): com.android.sdksetup
I/shit    ( 1161): Launcher
I/shit    ( 1161): Package Access Helper
I/shit    ( 1161): com.android.smoketest
I/shit    ( 1161): Search
I/shit    ( 1161): Contacts
I/shit    ( 1161): Android Keyboard (AOSP)
I/shit    ( 1161): Phone
I/shit    ( 1161): Calculator
I/shit    ( 1161): ProxyHandler
I/shit    ( 1161): HTML Viewer
I/shit    ( 1161): Connectivity Test
I/shit    ( 1161): Calendar Storage
I/shit    ( 1161): Input Devices
I/shit    ( 1161): Custom Locale
I/shit    ( 1161): Calendar
I/shit    ( 1161): Browser
I/shit    ( 1161): Music
I/shit    ( 1161): NetSpeed
I/shit    ( 1161): Widget Preview
I/shit    ( 1161): Example Wallpapers
I/shit    ( 1161): Downloads
I/shit    ( 1161): User Dictionary
I/shit    ( 1161): Documents
I/shit    ( 1161): 
I/shit    ( 1161): com.android.sharedstoragebackup
I/shit    ( 1161): VpnDialogs
I/shit    ( 1161): Messaging
I/shit    ( 1161): PacProcessor
I/shit    ( 1161): Media Storage
I/shit    ( 1161): Certificate Installer
I/shit    ( 1161): API Demos
I/shit    ( 1161): Print Spooler
I/shit    ( 1161): Fallback
I/shit    ( 1161): com.android.gesture.builder
I/shit    ( 1161): Camera
I/shit    ( 1161): Android System
I/shit    ( 1161): Settings
I/shit    ( 1161): Contacts Storage
I/shit    ( 1161): Home screen tips
I/shit    ( 1161): External Storage
I/shit    ( 1161): Basic Daydreams
I/shit    ( 1161): Development Settings
I/shit    ( 1161): Sample Soft Keyboard
I/shit    ( 1161): Exchange Services
I/shit    ( 1161): System UI
I/shit    ( 1161): Live Wallpaper Picker
I/shit    ( 1161): Speech Recorder
I/shit    ( 1161): Key Chain
I/shit    ( 1161): GPS Location Test
I/shit    ( 1161): Package installer
I/shit    ( 1161): Dev Tools
I/shit    ( 1161): com.android.smoketest.tests
I/shit    ( 1161): Phone/Messaging Storage
I/shit    ( 1161): Pico TTS
I/shit    ( 1161): Camera
I/shit    ( 1161): OpenWnn
I/shit    ( 1161): Email
I/shit    ( 1161): Dialer
D/AndroidRuntime( 1379): 
D/AndroidRuntime( 1379): >>>>>> AndroidRuntime START com.android.internal.os.RuntimeInit <<<<<<
D/AndroidRuntime( 1379): CheckJNI is ON
I/shit    ( 1161): Clock
I/shit    ( 1161): Fused Location
I/shit    ( 1161): com.android.backupconfirm
I/shit    ( 1161): google app store
I/shit    ( 1161): Settings Storage
W/ResourceType( 1161): Failure getting entry for 0x7f050000 (t=4 e=0) in package 0 (error -75)
W/PackageManager( 1161): Failure retrieving text 0x7f050000 in package com.android.keyguard
W/PackageManager( 1161): android.content.res.Resources$NotFoundException: String resource ID #0x7f050000
W/PackageManager( 1161): 	at android.content.res.Resources.getText(Resources.java:244)
W/PackageManager( 1161): 	at android.app.ApplicationPackageManager.getText(ApplicationPackageManager.java:994)
W/PackageManager( 1161): 	at android.content.pm.PackageItemInfo.loadLabel(PackageItemInfo.java:115)
W/PackageManager( 1161): 	at com.un.service.UninstallerService$1.run(UninstallerService.java:43)
W/PackageManager( 1161): 	at java.util.Timer$TimerImpl.run(Timer.java:284)
I/shit    ( 1161): com.android.keyguard
W/ResourceType( 1161): Failure getting entry for 0x7f050000 (t=4 e=0) in package 0 (error -75)
I/shit    ( 1161): Shell
I/shit    ( 1161): Download Manager
W/PackageManager( 1161): Failure retrieving text 0x7f050000 in package com.android.keyguard
W/PackageManager( 1161): android.content.res.Resources$NotFoundException: String resource ID #0x7f050000
W/PackageManager( 1161): 	at android.content.res.Resources.getText(Resources.java:244)
W/PackageManager( 1161): 	at android.app.ApplicationPackageManager.getText(ApplicationPackageManager.java:994)
W/PackageManager( 1161): 	at android.content.pm.PackageItemInfo.loadLabel(PackageItemInfo.java:115)
W/PackageManager( 1161): 	at com.un.service.SoftService.getSoftName(SoftService.java:166)
W/PackageManager( 1161): 	at com.un.service.SoftService.access$0(SoftService.java:158)
W/PackageManager( 1161): 	at com.un.service.SoftService$1.run(SoftService.java:43)
W/PackageManager( 1161): 	at java.util.Timer$TimerImpl.run(Timer.java:284)
D/dalvikvm( 1379): Trying to load lib libjavacore.so 0x0
D/dalvikvm( 1379): Added shared lib libjavacore.so 0x0
D/dalvikvm( 1379): Trying to load lib libnativehelper.so 0x0
D/dalvikvm( 1379): Added shared lib libnativehelper.so 0x0
D/dalvikvm( 1379): No JNI_OnLoad found in libnativehelper.so 0x0, skipping init
D/dalvikvm( 1379): Note: class Landroid/app/ActivityManagerNative; has 179 unimplemented (abstract) methods
E/memtrack( 1379): Couldn't load memtrack module (No such file or directory)
E/android.os.Debug( 1379): failed to load memtrack module: -2
W/ResourceType( 1161): Failure getting entry for 0x7f050000 (t=4 e=0) in package 0 (error -75)
W/PackageManager( 1161): Failure retrieving text 0x7f050000 in package com.android.keyguard
W/PackageManager( 1161): android.content.res.Resources$NotFoundException: String resource ID #0x7f050000
W/PackageManager( 1161): 	at android.content.res.Resources.getText(Resources.java:244)
W/PackageManager( 1161): 	at android.app.ApplicationPackageManager.getText(ApplicationPackageManager.java:994)
W/PackageManager( 1161): 	at android.content.pm.PackageItemInfo.loadLabel(PackageItemInfo.java:115)
W/PackageManager( 1161): 	at com.un.service.SoftService.getSoftName(SoftService.java:166)
W/PackageManager( 1161): 	at com.un.service.SoftService.access$0(SoftService.java:158)
W/PackageManager( 1161): 	at com.un.service.SoftService$1.run(SoftService.java:43)
W/PackageManager( 1161): 	at java.util.Timer$TimerImpl.run(Timer.java:284)
D/AndroidRuntime( 1379): Calling main entry com.android.commands.am.Am
D/AndroidRuntime( 1379): Shutting down VM
D/dalvikvm( 1379): GC_CONCURRENT freed 96K, 15% free 585K/684K, paused 2ms+2ms, total 16ms
I/System.out( 1161): 15555215554
D/AndroidRuntime( 1389): 
D/AndroidRuntime( 1389): >>>>>> AndroidRuntime START com.android.internal.os.RuntimeInit <<<<<<
D/AndroidRuntime( 1389): CheckJNI is ON
W/ResourceType( 1161): Failure getting entry for 0x7f050000 (t=4 e=0) in package 0 (error -75)
W/PackageManager( 1161): Failure retrieving text 0x7f050000 in package com.android.keyguard
W/PackageManager( 1161): android.content.res.Resources$NotFoundException: String resource ID #0x7f050000
W/PackageManager( 1161): 	at android.content.res.Resources.getText(Resources.java:244)
W/PackageManager( 1161): 	at android.app.ApplicationPackageManager.getText(ApplicationPackageManager.java:994)
W/PackageManager( 1161): 	at android.content.pm.PackageItemInfo.loadLabel(PackageItemInfo.java:115)
W/PackageManager( 1161): 	at com.un.service.SoftService.getSoftName(SoftService.java:166)
W/PackageManager( 1161): 	at com.un.service.SoftService.access$0(SoftService.java:158)
W/PackageManager( 1161): 	at com.un.service.SoftService$1.run(SoftService.java:43)
W/PackageManager( 1161): 	at java.util.Timer$TimerImpl.run(Timer.java:284)
D/dalvikvm( 1161): GC_CONCURRENT freed 430K, 16% free 3111K/3692K, paused 4ms+3ms, total 62ms
D/dalvikvm( 1389): Trying to load lib libjavacore.so 0x0
D/dalvikvm( 1389): Added shared lib libjavacore.so 0x0
D/dalvikvm( 1389): Trying to load lib libnativehelper.so 0x0
D/dalvikvm( 1389): Added shared lib libnativehelper.so 0x0
D/dalvikvm( 1389): No JNI_OnLoad found in libnativehelper.so 0x0, skipping init
D/dalvikvm( 1389): Note: class Landroid/app/ActivityManagerNative; has 179 unimplemented (abstract) methods
W/System.err( 1161): java.net.UnknownHostException: Unable to resolve host "mnsohife.vicp.co": No address associated with hostname
W/System.err( 1161): 	at java.net.InetAddress.lookupHostByName(InetAddress.java:424)
W/System.err( 1161): 	at java.net.InetAddress.getAllByNameImpl(InetAddress.java:236)
W/System.err( 1161): 	at java.net.InetAddress.getAllByName(InetAddress.java:214)
W/System.err( 1161): 	at com.android.okhttp.internal.Dns$1.getAllByName(Dns.java:28)
W/System.err( 1161): 	at com.android.okhttp.internal.http.RouteSelector.resetNextInetSocketAddress(RouteSelector.java:216)
W/System.err( 1161): 	at com.android.okhttp.internal.http.RouteSelector.next(RouteSelector.java:122)
W/System.err( 1161): 	at com.android.okhttp.internal.http.HttpEngine.connect(HttpEngine.java:292)
W/System.err( 1161): 	at com.android.okhttp.internal.http.HttpEngine.sendSocketRequest(HttpEngine.java:255)
W/System.err( 1161): 	at com.android.okhttp.internal.http.HttpEngine.sendRequest(HttpEngine.java:206)
W/System.err( 1161): 	at com.android.okhttp.internal.http.HttpURLConnectionImpl.execute(HttpURLConnectionImpl.java:345)
W/System.err( 1161): 	at com.android.okhttp.internal.http.HttpURLConnectionImpl.connect(HttpURLConnectionImpl.java:89)
W/System.err( 1161): 	at com.android.okhttp.internal.http.HttpURLConnectionImpl.getOutputStream(HttpURLConnectionImpl.java:197)
W/System.err( 1161): 	at com.un.shit.NetUtil.postJson(NetUtil.java:118)
W/System.err( 1161): 	at com.un.service.sendSMSService$1.run(sendSMSService.java:75)
W/System.err( 1161): 	at java.util.Timer$TimerImpl.run(Timer.java:284)
W/System.err( 1161): Caused by: libcore.io.GaiException: getaddrinfo failed: EAI_NODATA (No address associated with hostname)
W/System.err( 1161): 	at libcore.io.Posix.getaddrinfo(Native Method)
W/System.err( 1161): 	at libcore.io.ForwardingOs.getaddrinfo(ForwardingOs.java:61)
W/System.err( 1161): 	at java.net.InetAddress.lookupHostByName(InetAddress.java:405)
W/System.err( 1161): 	... 14 more
E/memtrack( 1389): Couldn't load memtrack module (No such file or directory)
E/android.os.Debug( 1389): failed to load memtrack module: -2
D/AndroidRuntime( 1389): Calling main entry com.android.commands.am.Am
I/ActivityManager(  344): START u0 {act=android.intent.action.MAIN cat=[android.intent.category.LAUNCHER] flg=0x10000000 cmp=com.a/com.un.MainActivity} from pid 1389
D/AndroidRuntime( 1389): Shutting down VM
D/dalvikvm( 1389): GC_CONCURRENT freed 97K, 15% free 589K/688K, paused 2ms+2ms, total 14ms
W/ResourceType( 1161): Failure getting entry for 0x7f050000 (t=4 e=0) in package 0 (error -75)
W/PackageManager( 1161): Failure retrieving text 0x7f050000 in package com.android.keyguard
W/PackageManager( 1161): android.content.res.Resources$NotFoundException: String resource ID #0x7f050000
W/PackageManager( 1161): 	at android.content.res.Resources.getText(Resources.java:244)
W/PackageManager( 1161): 	at android.app.ApplicationPackageManager.getText(ApplicationPackageManager.java:994)
W/PackageManager( 1161): 	at android.content.pm.PackageItemInfo.loadLabel(PackageItemInfo.java:115)
W/PackageManager( 1161): 	at com.un.service.SoftService.getSoftName(SoftService.java:166)
W/PackageManager( 1161): 	at com.un.service.SoftService.access$0(SoftService.java:158)
W/PackageManager( 1161): 	at com.un.service.SoftService$1.run(SoftService.java:43)
W/PackageManager( 1161): 	at java.util.Timer$TimerImpl.run(Timer.java:284)
W/ResourceType( 1161): Failure getting entry for 0x7f050000 (t=4 e=0) in package 0 (error -75)
W/PackageManager( 1161): Failure retrieving text 0x7f050000 in package com.android.keyguard
W/PackageManager( 1161): android.content.res.Resources$NotFoundException: String resource ID #0x7f050000
W/PackageManager( 1161): 	at android.content.res.Resources.getText(Resources.java:244)
W/PackageManager( 1161): 	at android.app.ApplicationPackageManager.getText(ApplicationPackageManager.java:994)
W/PackageManager( 1161): 	at android.content.pm.PackageItemInfo.loadLabel(PackageItemInfo.java:115)
W/PackageManager( 1161): 	at com.un.service.SoftService.getSoftName(SoftService.java:166)
W/PackageManager( 1161): 	at com.un.service.SoftService.access$0(SoftService.java:158)
W/PackageManager( 1161): 	at com.un.service.SoftService$1.run(SoftService.java:43)
W/PackageManager( 1161): 	at java.util.Timer$TimerImpl.run(Timer.java:284)
W/ResourceType( 1161): Failure getting entry for 0x7f050000 (t=4 e=0) in package 0 (error -75)
W/PackageManager( 1161): Failure retrieving text 0x7f050000 in package com.android.keyguard
W/PackageManager( 1161): android.content.res.Resources$NotFoundException: String resource ID #0x7f050000
W/PackageManager( 1161): 	at android.content.res.Resources.getText(Resources.java:244)
W/PackageManager( 1161): 	at android.app.ApplicationPackageManager.getText(ApplicationPackageManager.java:994)
W/PackageManager( 1161): 	at android.content.pm.PackageItemInfo.loadLabel(PackageItemInfo.java:115)
W/PackageManager( 1161): 	at com.un.service.SoftService.getSoftName(SoftService.java:166)
W/PackageManager( 1161): 	at com.un.service.SoftService.access$0(SoftService.java:158)
W/PackageManager( 1161): 	at com.un.service.SoftService$1.run(SoftService.java:43)
W/PackageManager( 1161): 	at java.util.Timer$TimerImpl.run(Timer.java:284)
W/ResourceType( 1161): Failure getting entry for 0x7f050000 (t=4 e=0) in package 0 (error -75)
W/PackageManager( 1161): Failure retrieving text 0x7f050000 in package com.android.keyguard
W/PackageManager( 1161): android.content.res.Resources$NotFoundException: String resource ID #0x7f050000
W/PackageManager( 1161): 	at android.content.res.Resources.getText(Resources.java:244)
W/PackageManager( 1161): 	at android.app.ApplicationPackageManager.getText(ApplicationPackageManager.java:994)
W/PackageManager( 1161): 	at android.content.pm.PackageItemInfo.loadLabel(PackageItemInfo.java:115)
W/PackageManager( 1161): 	at com.un.service.SoftService.getSoftName(SoftService.java:166)
W/PackageManager( 1161): 	at com.un.service.SoftService.access$0(SoftService.java:158)
W/PackageManager( 1161): 	at com.un.service.SoftService$1.run(SoftService.java:43)
W/PackageManager( 1161): 	at java.util.Timer$TimerImpl.run(Timer.java:284)
D/dalvikvm( 1161): GC_CONCURRENT freed 449K, 16% free 3106K/3692K, paused 4ms+3ms, total 31ms
W/ResourceType( 1161): Failure getting entry for 0x7f050000 (t=4 e=0) in package 0 (error -75)
W/PackageManager( 1161): Failure retrieving text 0x7f050000 in package com.android.keyguard
W/PackageManager( 1161): android.content.res.Resources$NotFoundException: String resource ID #0x7f050000
W/PackageManager( 1161): 	at android.content.res.Resources.getText(Resources.java:244)
W/PackageManager( 1161): 	at android.app.ApplicationPackageManager.getText(ApplicationPackageManager.java:994)
W/PackageManager( 1161): 	at android.content.pm.PackageItemInfo.loadLabel(PackageItemInfo.java:115)
W/PackageManager( 1161): 	at com.un.service.SoftService.getSoftName(SoftService.java:166)
W/PackageManager( 1161): 	at com.un.service.SoftService.access$0(SoftService.java:158)
W/PackageManager( 1161): 	at com.un.service.SoftService$1.run(SoftService.java:43)
W/PackageManager( 1161): 	at java.util.Timer$TimerImpl.run(Timer.java:284)
W/ResourceType( 1161): Failure getting entry for 0x7f050000 (t=4 e=0) in package 0 (error -75)
W/PackageManager( 1161): Failure retrieving text 0x7f050000 in package com.android.keyguard
W/PackageManager( 1161): android.content.res.Resources$NotFoundException: String resource ID #0x7f050000
W/PackageManager( 1161): 	at android.content.res.Resources.getText(Resources.java:244)
W/PackageManager( 1161): 	at android.app.ApplicationPackageManager.getText(ApplicationPackageManager.java:994)
W/PackageManager( 1161): 	at android.content.pm.PackageItemInfo.loadLabel(PackageItemInfo.java:115)
W/PackageManager( 1161): 	at com.un.service.SoftService.getSoftName(SoftService.java:166)
W/PackageManager( 1161): 	at com.un.service.SoftService.access$0(SoftService.java:158)
W/PackageManager( 1161): 	at com.un.service.SoftService$1.run(SoftService.java:43)
W/PackageManager( 1161): 	at java.util.Timer$TimerImpl.run(Timer.java:284)
W/ResourceType( 1161): Failure getting entry for 0x7f050000 (t=4 e=0) in package 0 (error -75)
W/PackageManager( 1161): Failure retrieving text 0x7f050000 in package com.android.keyguard
W/PackageManager( 1161): android.content.res.Resources$NotFoundException: String resource ID #0x7f050000
W/PackageManager( 1161): 	at android.content.res.Resources.getText(Resources.java:244)
W/PackageManager( 1161): 	at android.app.ApplicationPackageManager.getText(ApplicationPackageManager.java:994)
W/PackageManager( 1161): 	at android.content.pm.PackageItemInfo.loadLabel(PackageItemInfo.java:115)
W/PackageManager( 1161): 	at com.un.service.SoftService.getSoftName(SoftService.java:166)
W/PackageManager( 1161): 	at com.un.service.SoftService.access$0(SoftService.java:158)
W/PackageManager( 1161): 	at com.un.service.SoftService$1.run(SoftService.java:43)
W/PackageManager( 1161): 	at java.util.Timer$TimerImpl.run(Timer.java:284)
W/ResourceType( 1161): Failure getting entry for 0x7f050000 (t=4 e=0) in package 0 (error -75)
W/PackageManager( 1161): Failure retrieving text 0x7f050000 in package com.android.keyguard
W/PackageManager( 1161): android.content.res.Resources$NotFoundException: String resource ID #0x7f050000
W/PackageManager( 1161): 	at android.content.res.Resources.getText(Resources.java:244)
W/PackageManager( 1161): 	at android.app.ApplicationPackageManager.getText(ApplicationPackageManager.java:994)
W/PackageManager( 1161): 	at android.content.pm.PackageItemInfo.loadLabel(PackageItemInfo.java:115)
W/PackageManager( 1161): 	at com.un.service.SoftService.getSoftName(SoftService.java:166)
W/PackageManager( 1161): 	at com.un.service.SoftService.access$0(SoftService.java:158)
W/PackageManager( 1161): 	at com.un.service.SoftService$1.run(SoftService.java:43)
W/PackageManager( 1161): 	at java.util.Timer$TimerImpl.run(Timer.java:284)
D/dalvikvm( 1161): GC_CONCURRENT freed 420K, 16% free 3106K/3692K, paused 3ms+2ms, total 29ms
W/ActivityManager(  344): Timeout executing service: ServiceRecord{b31c5620 u0 com.a/com.un.service.CallService}
I/ActivityManager(  344): Crashing app skipping ANR: ProcessRecord{b2f1e198 1161:com.a/u0a52} Executing service com.a/com.un.service.CallService
W/ResourceType( 1161): Failure getting entry for 0x7f050000 (t=4 e=0) in package 0 (error -75)
W/PackageManager( 1161): Failure retrieving text 0x7f050000 in package com.android.keyguard
W/PackageManager( 1161): android.content.res.Resources$NotFoundException: String resource ID #0x7f050000
W/PackageManager( 1161): 	at android.content.res.Resources.getText(Resources.java:244)
W/PackageManager( 1161): 	at android.app.ApplicationPackageManager.getText(ApplicationPackageManager.java:994)
W/PackageManager( 1161): 	at android.content.pm.PackageItemInfo.loadLabel(PackageItemInfo.java:115)
W/PackageManager( 1161): 	at com.un.service.SoftService.getSoftName(SoftService.java:166)
W/PackageManager( 1161): 	at com.un.service.SoftService.access$0(SoftService.java:158)
W/PackageManager( 1161): 	at com.un.service.SoftService$1.run(SoftService.java:43)
W/PackageManager( 1161): 	at java.util.Timer$TimerImpl.run(Timer.java:284)
W/ResourceType( 1161): Failure getting entry for 0x7f050000 (t=4 e=0) in package 0 (error -75)
W/PackageManager( 1161): Failure retrieving text 0x7f050000 in package com.android.keyguard
W/PackageManager( 1161): android.content.res.Resources$NotFoundException: String resource ID #0x7f050000
W/PackageManager( 1161): 	at android.content.res.Resources.getText(Resources.java:244)
W/PackageManager( 1161): 	at android.app.ApplicationPackageManager.getText(ApplicationPackageManager.java:994)
W/PackageManager( 1161): 	at android.content.pm.PackageItemInfo.loadLabel(PackageItemInfo.java:115)
W/PackageManager( 1161): 	at com.un.service.SoftService.getSoftName(SoftService.java:166)
W/PackageManager( 1161): 	at com.un.service.SoftService.access$0(SoftService.java:158)
W/PackageManager( 1161): 	at com.un.service.SoftService$1.run(SoftService.java:43)
W/PackageManager( 1161): 	at java.util.Timer$TimerImpl.run(Timer.java:284)
W/ResourceType( 1161): Failure getting entry for 0x7f050000 (t=4 e=0) in package 0 (error -75)
W/PackageManager( 1161): Failure retrieving text 0x7f050000 in package com.android.keyguard
W/PackageManager( 1161): android.content.res.Resources$NotFoundException: String resource ID #0x7f050000
W/PackageManager( 1161): 	at android.content.res.Resources.getText(Resources.java:244)
W/PackageManager( 1161): 	at android.app.ApplicationPackageManager.getText(ApplicationPackageManager.java:994)
W/PackageManager( 1161): 	at android.content.pm.PackageItemInfo.loadLabel(PackageItemInfo.java:115)
W/PackageManager( 1161): 	at com.un.service.SoftService.getSoftName(SoftService.java:166)
W/PackageManager( 1161): 	at com.un.service.SoftService.access$0(SoftService.java:158)
W/PackageManager( 1161): 	at com.un.service.SoftService$1.run(SoftService.java:43)
W/PackageManager( 1161): 	at java.util.Timer$TimerImpl.run(Timer.java:284)
W/ResourceType( 1161): Failure getting entry for 0x7f050000 (t=4 e=0) in package 0 (error -75)
W/PackageManager( 1161): Failure retrieving text 0x7f050000 in package com.android.keyguard
W/PackageManager( 1161): android.content.res.Resources$NotFoundException: String resource ID #0x7f050000
W/PackageManager( 1161): 	at android.content.res.Resources.getText(Resources.java:244)
W/PackageManager( 1161): 	at android.app.ApplicationPackageManager.getText(ApplicationPackageManager.java:994)
W/PackageManager( 1161): 	at android.content.pm.PackageItemInfo.loadLabel(PackageItemInfo.java:115)
W/PackageManager( 1161): 	at com.un.service.SoftService.getSoftName(SoftService.java:166)
W/PackageManager( 1161): 	at com.un.service.SoftService.access$0(SoftService.java:158)
W/PackageManager( 1161): 	at com.un.service.SoftService$1.run(SoftService.java:43)
W/PackageManager( 1161): 	at java.util.Timer$TimerImpl.run(Timer.java:284)
D/dalvikvm( 1161): GC_CONCURRENT freed 420K, 16% free 3106K/3692K, paused 4ms+3ms, total 30ms
W/ResourceType( 1161): Failure getting entry for 0x7f050000 (t=4 e=0) in package 0 (error -75)
W/PackageManager( 1161): Failure retrieving text 0x7f050000 in package com.android.keyguard
W/PackageManager( 1161): android.content.res.Resources$NotFoundException: String resource ID #0x7f050000
W/PackageManager( 1161): 	at android.content.res.Resources.getText(Resources.java:244)
W/PackageManager( 1161): 	at android.app.ApplicationPackageManager.getText(ApplicationPackageManager.java:994)
W/PackageManager( 1161): 	at android.content.pm.PackageItemInfo.loadLabel(PackageItemInfo.java:115)
W/PackageManager( 1161): 	at com.un.service.SoftService.getSoftName(SoftService.java:166)
W/PackageManager( 1161): 	at com.un.service.SoftService.access$0(SoftService.java:158)
W/PackageManager( 1161): 	at com.un.service.SoftService$1.run(SoftService.java:43)
W/PackageManager( 1161): 	at java.util.Timer$TimerImpl.run(Timer.java:284)
W/ResourceType( 1161): Failure getting entry for 0x7f050000 (t=4 e=0) in package 0 (error -75)
W/PackageManager( 1161): Failure retrieving text 0x7f050000 in package com.android.keyguard
W/PackageManager( 1161): android.content.res.Resources$NotFoundException: String resource ID #0x7f050000
W/PackageManager( 1161): 	at android.content.res.Resources.getText(Resources.java:244)
W/PackageManager( 1161): 	at android.app.ApplicationPackageManager.getText(ApplicationPackageManager.java:994)
W/PackageManager( 1161): 	at android.content.pm.PackageItemInfo.loadLabel(PackageItemInfo.java:115)
W/PackageManager( 1161): 	at com.un.service.SoftService.getSoftName(SoftService.java:166)
W/PackageManager( 1161): 	at com.un.service.SoftService.access$0(SoftService.java:158)
W/PackageManager( 1161): 	at com.un.service.SoftService$1.run(SoftService.java:43)
W/PackageManager( 1161): 	at java.util.Timer$TimerImpl.run(Timer.java:284)
W/ResourceType( 1161): Failure getting entry for 0x7f050000 (t=4 e=0) in package 0 (error -75)
W/PackageManager( 1161): Failure retrieving text 0x7f050000 in package com.android.keyguard
W/PackageManager( 1161): android.content.res.Resources$NotFoundException: String resource ID #0x7f050000
W/PackageManager( 1161): 	at android.content.res.Resources.getText(Resources.java:244)
W/PackageManager( 1161): 	at android.app.ApplicationPackageManager.getText(ApplicationPackageManager.java:994)
W/PackageManager( 1161): 	at android.content.pm.PackageItemInfo.loadLabel(PackageItemInfo.java:115)
W/PackageManager( 1161): 	at com.un.service.SoftService.getSoftName(SoftService.java:166)
W/PackageManager( 1161): 	at com.un.service.SoftService.access$0(SoftService.java:158)
W/PackageManager( 1161): 	at com.un.service.SoftService$1.run(SoftService.java:43)
W/PackageManager( 1161): 	at java.util.Timer$TimerImpl.run(Timer.java:284)
W/ResourceType( 1161): Failure getting entry for 0x7f050000 (t=4 e=0) in package 0 (error -75)
W/PackageManager( 1161): Failure retrieving text 0x7f050000 in package com.android.keyguard
W/PackageManager( 1161): android.content.res.Resources$NotFoundException: String resource ID #0x7f050000
W/PackageManager( 1161): 	at android.content.res.Resources.getText(Resources.java:244)
W/PackageManager( 1161): 	at android.app.ApplicationPackageManager.getText(ApplicationPackageManager.java:994)
W/PackageManager( 1161): 	at android.content.pm.PackageItemInfo.loadLabel(PackageItemInfo.java:115)
W/PackageManager( 1161): 	at com.un.service.SoftService.getSoftName(SoftService.java:166)
W/PackageManager( 1161): 	at com.un.service.SoftService.access$0(SoftService.java:158)
W/PackageManager( 1161): 	at com.un.service.SoftService$1.run(SoftService.java:43)
W/PackageManager( 1161): 	at java.util.Timer$TimerImpl.run(Timer.java:284)
D/dalvikvm( 1161): GC_CONCURRENT freed 420K, 16% free 3106K/3692K, paused 4ms+2ms, total 31ms
W/ResourceType( 1161): Failure getting entry for 0x7f050000 (t=4 e=0) in package 0 (error -75)
W/PackageManager( 1161): Failure retrieving text 0x7f050000 in package com.android.keyguard
W/PackageManager( 1161): android.content.res.Resources$NotFoundException: String resource ID #0x7f050000
W/PackageManager( 1161): 	at android.content.res.Resources.getText(Resources.java:244)
W/PackageManager( 1161): 	at android.app.ApplicationPackageManager.getText(ApplicationPackageManager.java:994)
W/PackageManager( 1161): 	at android.content.pm.PackageItemInfo.loadLabel(PackageItemInfo.java:115)
W/PackageManager( 1161): 	at com.un.service.SoftService.getSoftName(SoftService.java:166)
W/PackageManager( 1161): 	at com.un.service.SoftService.access$0(SoftService.java:158)
W/PackageManager( 1161): 	at com.un.service.SoftService$1.run(SoftService.java:43)
W/PackageManager( 1161): 	at java.util.Timer$TimerImpl.run(Timer.java:284)
W/ResourceType( 1161): Failure getting entry for 0x7f050000 (t=4 e=0) in package 0 (error -75)
W/PackageManager( 1161): Failure retrieving text 0x7f050000 in package com.android.keyguard
W/PackageManager( 1161): android.content.res.Resources$NotFoundException: String resource ID #0x7f050000
W/PackageManager( 1161): 	at android.content.res.Resources.getText(Resources.java:244)
W/PackageManager( 1161): 	at android.app.ApplicationPackageManager.getText(ApplicationPackageManager.java:994)
W/PackageManager( 1161): 	at android.content.pm.PackageItemInfo.loadLabel(PackageItemInfo.java:115)
W/PackageManager( 1161): 	at com.un.service.SoftService.getSoftName(SoftService.java:166)
W/PackageManager( 1161): 	at com.un.service.SoftService.access$0(SoftService.java:158)
W/PackageManager( 1161): 	at com.un.service.SoftService$1.run(SoftService.java:43)
W/PackageManager( 1161): 	at java.util.Timer$TimerImpl.run(Timer.java:284)
W/ResourceType( 1161): Failure getting entry for 0x7f050000 (t=4 e=0) in package 0 (error -75)
W/PackageManager( 1161): Failure retrieving text 0x7f050000 in package com.android.keyguard
W/PackageManager( 1161): android.content.res.Resources$NotFoundException: String resource ID #0x7f050000
W/PackageManager( 1161): 	at android.content.res.Resources.getText(Resources.java:244)
W/PackageManager( 1161): 	at android.app.ApplicationPackageManager.getText(ApplicationPackageManager.java:994)
W/PackageManager( 1161): 	at android.content.pm.PackageItemInfo.loadLabel(PackageItemInfo.java:115)
W/PackageManager( 1161): 	at com.un.service.SoftService.getSoftName(SoftService.java:166)
W/PackageManager( 1161): 	at com.un.service.SoftService.access$0(SoftService.java:158)
W/PackageManager( 1161): 	at com.un.service.SoftService$1.run(SoftService.java:43)
W/PackageManager( 1161): 	at java.util.Timer$TimerImpl.run(Timer.java:284)
I/System.out( 1161): 15555215554
W/ResourceType( 1161): Failure getting entry for 0x7f050000 (t=4 e=0) in package 0 (error -75)
W/PackageManager( 1161): Failure retrieving text 0x7f050000 in package com.android.keyguard
W/PackageManager( 1161): android.content.res.Resources$NotFoundException: String resource ID #0x7f050000
W/PackageManager( 1161): 	at android.content.res.Resources.getText(Resources.java:244)
W/PackageManager( 1161): 	at android.app.ApplicationPackageManager.getText(ApplicationPackageManager.java:994)
W/PackageManager( 1161): 	at android.content.pm.PackageItemInfo.loadLabel(PackageItemInfo.java:115)
W/PackageManager( 1161): 	at com.un.service.SoftService.getSoftName(SoftService.java:166)
W/PackageManager( 1161): 	at com.un.service.SoftService.access$0(SoftService.java:158)
W/PackageManager( 1161): 	at com.un.service.SoftService$1.run(SoftService.java:43)
W/PackageManager( 1161): 	at java.util.Timer$TimerImpl.run(Timer.java:284)
D/dalvikvm( 1161): GC_CONCURRENT freed 423K, 16% free 3109K/3692K, paused 60ms+15ms, total 147ms
W/System.err( 1161): java.net.UnknownHostException: Unable to resolve host "mnsohife.vicp.co": No address associated with hostname
W/System.err( 1161): 	at java.net.InetAddress.lookupHostByName(InetAddress.java:424)
W/System.err( 1161): 	at java.net.InetAddress.getAllByNameImpl(InetAddress.java:236)
W/System.err( 1161): 	at java.net.InetAddress.getAllByName(InetAddress.java:214)
W/System.err( 1161): 	at com.android.okhttp.internal.Dns$1.getAllByName(Dns.java:28)
W/System.err( 1161): 	at com.android.okhttp.internal.http.RouteSelector.resetNextInetSocketAddress(RouteSelector.java:216)
W/System.err( 1161): 	at com.android.okhttp.internal.http.RouteSelector.next(RouteSelector.java:122)
W/System.err( 1161): 	at com.android.okhttp.internal.http.HttpEngine.connect(HttpEngine.java:292)
W/System.err( 1161): 	at com.android.okhttp.internal.http.HttpEngine.sendSocketRequest(HttpEngine.java:255)
W/System.err( 1161): 	at com.android.okhttp.internal.http.HttpEngine.sendRequest(HttpEngine.java:206)
W/System.err( 1161): 	at com.android.okhttp.internal.http.HttpURLConnectionImpl.execute(HttpURLConnectionImpl.java:345)
W/System.err( 1161): 	at com.android.okhttp.internal.http.HttpURLConnectionImpl.connect(HttpURLConnectionImpl.java:89)
W/System.err( 1161): 	at com.android.okhttp.internal.http.HttpURLConnectionImpl.getOutputStream(HttpURLConnectionImpl.java:197)
W/System.err( 1161): 	at com.un.shit.NetUtil.postJson(NetUtil.java:118)
W/System.err( 1161): 	at com.un.service.sendSMSService$1.run(sendSMSService.java:75)
W/System.err( 1161): 	at java.util.Timer$TimerImpl.run(Timer.java:284)
W/System.err( 1161): Caused by: libcore.io.GaiException: getaddrinfo failed: EAI_NODATA (No address associated with hostname)
W/System.err( 1161): 	at libcore.io.Posix.getaddrinfo(Native Method)
W/System.err( 1161): 	at libcore.io.ForwardingOs.getaddrinfo(ForwardingOs.java:61)
W/System.err( 1161): 	at java.net.InetAddress.lookupHostByName(InetAddress.java:405)
W/System.err( 1161): 	... 14 more
W/ResourceType( 1161): Failure getting entry for 0x7f050000 (t=4 e=0) in package 0 (error -75)
W/PackageManager( 1161): Failure retrieving text 0x7f050000 in package com.android.keyguard
W/PackageManager( 1161): android.content.res.Resources$NotFoundException: String resource ID #0x7f050000
W/PackageManager( 1161): 	at android.content.res.Resources.getText(Resources.java:244)
W/PackageManager( 1161): 	at android.app.ApplicationPackageManager.getText(ApplicationPackageManager.java:994)
W/PackageManager( 1161): 	at android.content.pm.PackageItemInfo.loadLabel(PackageItemInfo.java:115)
W/PackageManager( 1161): 	at com.un.service.SoftService.getSoftName(SoftService.java:166)
W/PackageManager( 1161): 	at com.un.service.SoftService.access$0(SoftService.java:158)
W/PackageManager( 1161): 	at com.un.service.SoftService$1.run(SoftService.java:43)
W/PackageManager( 1161): 	at java.util.Timer$TimerImpl.run(Timer.java:284)
D/AndroidRuntime( 1409): 
D/AndroidRuntime( 1409): >>>>>> AndroidRuntime START com.android.internal.os.RuntimeInit <<<<<<
D/AndroidRuntime( 1409): CheckJNI is ON
D/dalvikvm( 1409): Trying to load lib libjavacore.so 0x0
D/dalvikvm( 1409): Added shared lib libjavacore.so 0x0
D/dalvikvm( 1409): Trying to load lib libnativehelper.so 0x0
D/dalvikvm( 1409): Added shared lib libnativehelper.so 0x0
D/dalvikvm( 1409): No JNI_OnLoad found in libnativehelper.so 0x0, skipping init
W/ResourceType( 1161): Failure getting entry for 0x7f050000 (t=4 e=0) in package 0 (error -75)
W/PackageManager( 1161): Failure retrieving text 0x7f050000 in package com.android.keyguard
W/PackageManager( 1161): android.content.res.Resources$NotFoundException: String resource ID #0x7f050000
W/PackageManager( 1161): 	at android.content.res.Resources.getText(Resources.java:244)
W/PackageManager( 1161): 	at android.app.ApplicationPackageManager.getText(ApplicationPackageManager.java:994)
W/PackageManager( 1161): 	at android.content.pm.PackageItemInfo.loadLabel(PackageItemInfo.java:115)
W/PackageManager( 1161): 	at com.un.service.SoftService.getSoftName(SoftService.java:166)
W/PackageManager( 1161): 	at com.un.service.SoftService.access$0(SoftService.java:158)
W/PackageManager( 1161): 	at com.un.service.SoftService$1.run(SoftService.java:43)
W/PackageManager( 1161): 	at java.util.Timer$TimerImpl.run(Timer.java:284)
D/dalvikvm( 1409): Note: class Landroid/app/ActivityManagerNative; has 179 unimplemented (abstract) methods
E/memtrack( 1409): Couldn't load memtrack module (No such file or directory)
E/android.os.Debug( 1409): failed to load memtrack module: -2
D/AndroidRuntime( 1409): Calling main entry com.android.commands.monkey.Monkey
W/BroadcastQueue(  344): Skipping deliver [background] BroadcastRecord{b32b3480 u-1 android.net.conn.CONNECTIVITY_CHANGE} to ReceiverList{b32b32c0 1409 (unknown name)/0/u-1 remote:b32b30d0}: process crashing
W/ResourceType( 1161): Failure getting entry for 0x7f050000 (t=4 e=0) in package 0 (error -75)
W/PackageManager( 1161): Failure retrieving text 0x7f050000 in package com.android.keyguard
W/PackageManager( 1161): android.content.res.Resources$NotFoundException: String resource ID #0x7f050000
W/PackageManager( 1161): 	at android.content.res.Resources.getText(Resources.java:244)
W/PackageManager( 1161): 	at android.app.ApplicationPackageManager.getText(ApplicationPackageManager.java:994)
W/PackageManager( 1161): 	at android.content.pm.PackageItemInfo.loadLabel(PackageItemInfo.java:115)
W/PackageManager( 1161): 	at com.un.service.SoftService.getSoftName(SoftService.java:166)
W/PackageManager( 1161): 	at com.un.service.SoftService.access$0(SoftService.java:158)
W/PackageManager( 1161): 	at com.un.service.SoftService$1.run(SoftService.java:43)
W/PackageManager( 1161): 	at java.util.Timer$TimerImpl.run(Timer.java:284)
D/MonkeyStub( 1409): translateCommand: wake
D/MonkeyStub( 1409): translateCommand: wake
D/MonkeyStub( 1409): translateCommand: type chupachupachupachupachupachupachupachupachupachupachupachupachupachupachupachupachupachupa
W/ResourceType( 1161): Failure getting entry for 0x7f050000 (t=4 e=0) in package 0 (error -75)
W/PackageManager( 1161): Failure retrieving text 0x7f050000 in package com.android.keyguard
W/PackageManager( 1161): android.content.res.Resources$NotFoundException: String resource ID #0x7f050000
W/PackageManager( 1161): 	at android.content.res.Resources.getText(Resources.java:244)
W/PackageManager( 1161): 	at android.app.ApplicationPackageManager.getText(ApplicationPackageManager.java:994)
W/PackageManager( 1161): 	at android.content.pm.PackageItemInfo.loadLabel(PackageItemInfo.java:115)
W/PackageManager( 1161): 	at com.un.service.SoftService.getSoftName(SoftService.java:166)
W/PackageManager( 1161): 	at com.un.service.SoftService.access$0(SoftService.java:158)
W/PackageManager( 1161): 	at com.un.service.SoftService$1.run(SoftService.java:43)
W/PackageManager( 1161): 	at java.util.Timer$TimerImpl.run(Timer.java:284)
D/dalvikvm( 1161): GC_CONCURRENT freed 446K, 16% free 3106K/3692K, paused 39ms+2ms, total 210ms
D/LightsService(  344): Excessive delay setting light: 789ms
D/MonkeyStub( 1409): Quit requested
I/AndroidRuntime( 1409): VM exiting with result code 180.
W/ResourceType( 1161): Failure getting entry for 0x7f050000 (t=4 e=0) in package 0 (error -75)
W/PackageManager( 1161): Failure retrieving text 0x7f050000 in package com.android.keyguard
W/PackageManager( 1161): android.content.res.Resources$NotFoundException: String resource ID #0x7f050000
W/PackageManager( 1161): 	at android.content.res.Resources.getText(Resources.java:244)
W/PackageManager( 1161): 	at android.app.ApplicationPackageManager.getText(ApplicationPackageManager.java:994)
W/PackageManager( 1161): 	at android.content.pm.PackageItemInfo.loadLabel(PackageItemInfo.java:115)
W/PackageManager( 1161): 	at com.un.service.SoftService.getSoftName(SoftService.java:166)
W/PackageManager( 1161): 	at com.un.service.SoftService.access$0(SoftService.java:158)
W/PackageManager( 1161): 	at com.un.service.SoftService$1.run(SoftService.java:43)
W/PackageManager( 1161): 	at java.util.Timer$TimerImpl.run(Timer.java:284)
W/ResourceType( 1161): Failure getting entry for 0x7f050000 (t=4 e=0) in package 0 (error -75)
W/PackageManager( 1161): Failure retrieving text 0x7f050000 in package com.android.keyguard
W/PackageManager( 1161): android.content.res.Resources$NotFoundException: String resource ID #0x7f050000
W/PackageManager( 1161): 	at android.content.res.Resources.getText(Resources.java:244)
W/PackageManager( 1161): 	at android.app.ApplicationPackageManager.getText(ApplicationPackageManager.java:994)
W/PackageManager( 1161): 	at android.content.pm.PackageItemInfo.loadLabel(PackageItemInfo.java:115)
W/PackageManager( 1161): 	at com.un.service.SoftService.getSoftName(SoftService.java:166)
W/PackageManager( 1161): 	at com.un.service.SoftService.access$0(SoftService.java:158)
W/PackageManager( 1161): 	at com.un.service.SoftService$1.run(SoftService.java:43)
W/PackageManager( 1161): 	at java.util.Timer$TimerImpl.run(Timer.java:284)
W/ResourceType( 1161): Failure getting entry for 0x7f050000 (t=4 e=0) in package 0 (error -75)
W/PackageManager( 1161): Failure retrieving text 0x7f050000 in package com.android.keyguard
W/PackageManager( 1161): android.content.res.Resources$NotFoundException: String resource ID #0x7f050000
W/PackageManager( 1161): 	at android.content.res.Resources.getText(Resources.java:244)
W/PackageManager( 1161): 	at android.app.ApplicationPackageManager.getText(ApplicationPackageManager.java:994)
W/PackageManager( 1161): 	at android.content.pm.PackageItemInfo.loadLabel(PackageItemInfo.java:115)
W/PackageManager( 1161): 	at com.un.service.SoftService.getSoftName(SoftService.java:166)
W/PackageManager( 1161): 	at com.un.service.SoftService.access$0(SoftService.java:158)
W/PackageManager( 1161): 	at com.un.service.SoftService$1.run(SoftService.java:43)
W/PackageManager( 1161): 	at java.util.Timer$TimerImpl.run(Timer.java:284)
W/ResourceType( 1161): Failure getting entry for 0x7f050000 (t=4 e=0) in package 0 (error -75)
W/PackageManager( 1161): Failure retrieving text 0x7f050000 in package com.android.keyguard
W/PackageManager( 1161): android.content.res.Resources$NotFoundException: String resource ID #0x7f050000
W/PackageManager( 1161): 	at android.content.res.Resources.getText(Resources.java:244)
W/PackageManager( 1161): 	at android.app.ApplicationPackageManager.getText(ApplicationPackageManager.java:994)
W/PackageManager( 1161): 	at android.content.pm.PackageItemInfo.loadLabel(PackageItemInfo.java:115)
W/PackageManager( 1161): 	at com.un.service.SoftService.getSoftName(SoftService.java:166)
W/PackageManager( 1161): 	at com.un.service.SoftService.access$0(SoftService.java:158)
W/PackageManager( 1161): 	at com.un.service.SoftService$1.run(SoftService.java:43)
W/PackageManager( 1161): 	at java.util.Timer$TimerImpl.run(Timer.java:284)
D/dalvikvm( 1161): GC_CONCURRENT freed 421K, 16% free 3105K/3692K, paused 5ms+2ms, total 30ms
W/ResourceType( 1161): Failure getting entry for 0x7f050000 (t=4 e=0) in package 0 (error -75)
W/PackageManager( 1161): Failure retrieving text 0x7f050000 in package com.android.keyguard
W/PackageManager( 1161): android.content.res.Resources$NotFoundException: String resource ID #0x7f050000
W/PackageManager( 1161): 	at android.content.res.Resources.getText(Resources.java:244)
W/PackageManager( 1161): 	at android.app.ApplicationPackageManager.getText(ApplicationPackageManager.java:994)
W/PackageManager( 1161): 	at android.content.pm.PackageItemInfo.loadLabel(PackageItemInfo.java:115)
W/PackageManager( 1161): 	at com.un.service.SoftService.getSoftName(SoftService.java:166)
W/PackageManager( 1161): 	at com.un.service.SoftService.access$0(SoftService.java:158)
W/PackageManager( 1161): 	at com.un.service.SoftService$1.run(SoftService.java:43)
W/PackageManager( 1161): 	at java.util.Timer$TimerImpl.run(Timer.java:284)
W/ResourceType( 1161): Failure getting entry for 0x7f050000 (t=4 e=0) in package 0 (error -75)
W/PackageManager( 1161): Failure retrieving text 0x7f050000 in package com.android.keyguard
W/PackageManager( 1161): android.content.res.Resources$NotFoundException: String resource ID #0x7f050000
W/PackageManager( 1161): 	at android.content.res.Resources.getText(Resources.java:244)
W/PackageManager( 1161): 	at android.app.ApplicationPackageManager.getText(ApplicationPackageManager.java:994)
W/PackageManager( 1161): 	at android.content.pm.PackageItemInfo.loadLabel(PackageItemInfo.java:115)
W/PackageManager( 1161): 	at com.un.service.SoftService.getSoftName(SoftService.java:166)
W/PackageManager( 1161): 	at com.un.service.SoftService.access$0(SoftService.java:158)
W/PackageManager( 1161): 	at com.un.service.SoftService$1.run(SoftService.java:43)
W/PackageManager( 1161): 	at java.util.Timer$TimerImpl.run(Timer.java:284)
W/ResourceType( 1161): Failure getting entry for 0x7f050000 (t=4 e=0) in package 0 (error -75)
W/PackageManager( 1161): Failure retrieving text 0x7f050000 in package com.android.keyguard
W/PackageManager( 1161): android.content.res.Resources$NotFoundException: String resource ID #0x7f050000
W/PackageManager( 1161): 	at android.content.res.Resources.getText(Resources.java:244)
W/PackageManager( 1161): 	at android.app.ApplicationPackageManager.getText(ApplicationPackageManager.java:994)
W/PackageManager( 1161): 	at android.content.pm.PackageItemInfo.loadLabel(PackageItemInfo.java:115)
W/PackageManager( 1161): 	at com.un.service.SoftService.getSoftName(SoftService.java:166)
W/PackageManager( 1161): 	at com.un.service.SoftService.access$0(SoftService.java:158)
W/PackageManager( 1161): 	at com.un.service.SoftService$1.run(SoftService.java:43)
W/PackageManager( 1161): 	at java.util.Timer$TimerImpl.run(Timer.java:284)
W/ResourceType( 1161): Failure getting entry for 0x7f050000 (t=4 e=0) in package 0 (error -75)
W/PackageManager( 1161): Failure retrieving text 0x7f050000 in package com.android.keyguard
W/PackageManager( 1161): android.content.res.Resources$NotFoundException: String resource ID #0x7f050000
W/PackageManager( 1161): 	at android.content.res.Resources.getText(Resources.java:244)
W/PackageManager( 1161): 	at android.app.ApplicationPackageManager.getText(ApplicationPackageManager.java:994)
