I/XAbstractAdProdTemplate( 1148): doubleCheck:XAdMouldeLoader load success, bfp=false, apk=true
I/XAbstractAdProdTemplate( 1148): doRequest()
I/OAdTimer( 1148): RendererTimer(duration=26)
I/XAbstractAdProdTemplate( 1148): doRequest()
D/dalvikvm( 1148): GC_CONCURRENT freed 276K, 6% free 5741K/6068K, paused 39ms+8ms, total 217ms
I/XAbstractAdProdTemplate( 1148): doubleCheck:XAdMouldeLoader load success, bfp=false, apk=true
D/        (  349): Setting time of day to sec=1545857543
D/dalvikvm( 1148): Trying to load lib /data/app-lib/com.shoujiduoduo.ringtone-1/libmad.so 0xb2d3fe30
D/dalvikvm( 1148): Added shared lib /data/app-lib/com.shoujiduoduo.ringtone-1/libmad.so 0xb2d3fe30
D/dalvikvm( 1148): No JNI_OnLoad found in /data/app-lib/com.shoujiduoduo.ringtone-1/libmad.so 0xb2d3fe30, skipping init
D/dalvikvm( 1148): Trying to load lib /data/app-lib/com.shoujiduoduo.ringtone-1/libopencore_aac.so 0xb2d3fe30
D/dalvikvm( 1148): Added shared lib /data/app-lib/com.shoujiduoduo.ringtone-1/libopencore_aac.so 0xb2d3fe30
D/dalvikvm( 1148): No JNI_OnLoad found in /data/app-lib/com.shoujiduoduo.ringtone-1/libopencore_aac.so 0xb2d3fe30, skipping init
I/Choreographer( 1148): Skipped 133 frames!  The application may be doing too much work on its main thread.
I/Choreographer(  438): Skipped 42 frames!  The application may be doing too much work on its main thread.
I/InputReader(  349): Reconfiguring input devices.  changes=0x00000010
I/PackageManager(  349):   Action: "android.intent.action.SENDTO"
I/PackageManager(  349):   Category: "android.intent.category.DEFAULT"
I/PackageManager(  349):   Scheme: "sms"
I/PackageManager(  349): Adding preferred activity ComponentInfo{com.android.mms/com.android.mms.ui.ComposeMessageActivity} for user 0 :
W/ResourceType(  349): Skipping entry 0x7f040003 in package table 0 because it is not complex!
W/ResourceType(  349): Skipping entry 0x7f040004 in package table 0 because it is not complex!
I/PackageManager(  349):   Action: "android.intent.action.SENDTO"
I/PackageManager(  349):   Category: "android.intent.category.DEFAULT"
I/PackageManager(  349):   Scheme: "smsto"
I/PackageManager(  349): Adding preferred activity ComponentInfo{com.android.mms/com.android.mms.ui.ComposeMessageActivity} for user 0 :
I/PackageManager(  349):   Action: "android.intent.action.SENDTO"
I/PackageManager(  349):   Category: "android.intent.category.DEFAULT"
I/PackageManager(  349):   Scheme: "mms"
I/PackageManager(  349): Adding preferred activity ComponentInfo{com.android.mms/com.android.mms.ui.ComposeMessageActivity} for user 0 :
I/PackageManager(  349):   Action: "android.intent.action.SENDTO"
I/PackageManager(  349):   Category: "android.intent.category.DEFAULT"
I/PackageManager(  349):   Scheme: "mmsto"
I/PackageManager(  349): Adding preferred activity ComponentInfo{com.android.mms/com.android.mms.ui.ComposeMessageActivity} for user 0 :
I/PackageManager(  349):   Action: "android.intent.action.SENDTO"
I/PackageManager(  349):   Category: "android.intent.category.DEFAULT"
I/PackageManager(  349):   Scheme: "sms"
I/PackageManager(  349): Adding preferred activity ComponentInfo{com.android.mms/com.android.mms.ui.ComposeMessageActivity} for user 0 :
D/dalvikvm(  589): GC_CONCURRENT freed 479K, 15% free 3402K/3984K, paused 3ms+2ms, total 313ms
D/dalvikvm(  589): WAIT_FOR_CONCURRENT_GC blocked 36ms
I/PackageManager(  349):   Action: "android.intent.action.SENDTO"
I/PackageManager(  349):   Category: "android.intent.category.DEFAULT"
I/PackageManager(  349):   Scheme: "smsto"
I/PackageManager(  349): Adding preferred activity ComponentInfo{com.android.mms/com.android.mms.ui.ComposeMessageActivity} for user 0 :
D/dalvikvm(  349): GC_CONCURRENT freed 772K, 55% free 5844K/12728K, paused 7ms+5ms, total 179ms
D/dalvikvm(  349): WAIT_FOR_CONCURRENT_GC blocked 32ms
I/PackageManager(  349):   Action: "android.intent.action.SENDTO"
I/PackageManager(  349):   Category: "android.intent.category.DEFAULT"
I/PackageManager(  349):   Scheme: "mms"
I/PackageManager(  349): Adding preferred activity ComponentInfo{com.android.mms/com.android.mms.ui.ComposeMessageActivity} for user 0 :
I/PackageManager(  349):   Action: "android.intent.action.SENDTO"
I/PackageManager(  349):   Category: "android.intent.category.DEFAULT"
I/PackageManager(  349):   Scheme: "mmsto"
I/PackageManager(  349): Adding preferred activity ComponentInfo{com.android.mms/com.android.mms.ui.ComposeMessageActivity} for user 0 :
D/dalvikvm( 1148): GC_CONCURRENT freed 410K, 8% free 6256K/6768K, paused 12ms+10ms, total 57ms
I/Launcher(  668): Deferring update until onResume
I/Choreographer( 1148): Skipped 703 frames!  The application may be doing too much work on its main thread.
I/ActivityManager(  349): Displayed com.shoujiduoduo.ringtone/.activity.RingToneDuoduoActivity: +6s862ms
D/InitAlarmsService(  988): Clearing and rescheduling alarms.
D/MiPushUtil( 1171): 
D/MiPushUtil( 1171): java.lang.Exception: SMACK: server close the connection or timeout happened, last element name= host=42.62.94.2
D/MiPushUtil( 1171): 	at com.xiaomi.d.g.f(Unknown Source)
D/MiPushUtil( 1171): 	at com.xiaomi.d.g.a(Unknown Source)
D/MiPushUtil( 1171): 	at com.xiaomi.d.h.run(Unknown Source)
D/MiPushUtil( 1171): [Thread:96] JOB: shutdown the connection. 9, java.lang.Exception: SMACK: server close the connection or timeout happened, last element name= host=42.62.94.2
D/MiPushUtil( 1171): [Thread:96] disconnect -1294115648, -1294094784
D/MiPushUtil( 1171): [Thread:96] update the connection status. connecting -> disconnected : ERROR_READ_ERROR 
I/Launcher(  668): Deferring update until onResume
D/dalvikvm( 1148): GC_CONCURRENT freed 418K, 7% free 6913K/7432K, paused 6ms+8ms, total 61ms
I/Choreographer(  438): Skipped 47 frames!  The application may be doing too much work on its main thread.
I/Choreographer( 1148): Skipped 216 frames!  The application may be doing too much work on its main thread.
D/MiPushUtil( 1171): [Thread:96] schedule reconnect in 10s
D/MiPushUtil( 1148): [Thread:152] receive an intent from server, action=com.xiaomi.mipush.ERROR
D/MiPushUtil( 1148): receive a error message. code = 70000001, msg=  the push is not connected.
D/MiPushUtil( 1171): [Thread:101] get bucket:    isp: mobile-UMTS hosts:{"app.chat.xiaomi.net":["47.74.193.6:5222","47.74.171.176:5222","47.74.172.9:5222","47.74.193.5:5222","47.74.193.6:80","47.74.171.176:80","47.74.172.9:80","47.74.193.5:80","47.74.172.9:443","47.74.193.5:443","47.74.193.6:443","47.74.171.176:443"],"resolver.msg.xiaomi.net":["LB-IM-11-1803639322.ap-southeast-1.elb.amazonaws.com:80"]}
D/dalvikvm( 1171): GC_CONCURRENT freed 418K, 13% free 3478K/3996K, paused 414ms+19ms, total 1408ms
D/dalvikvm( 1171): WAIT_FOR_CONCURRENT_GC blocked 18ms
D/dalvikvm( 1148): GC_CONCURRENT freed 655K, 10% free 7561K/8316K, paused 63ms+6ms, total 263ms
D/AndroidRuntime( 1275): 
D/AndroidRuntime( 1275): >>>>>> AndroidRuntime START com.android.internal.os.RuntimeInit <<<<<<
D/AndroidRuntime( 1275): CheckJNI is ON
D/dalvikvm( 1275): Trying to load lib libjavacore.so 0x0
D/dalvikvm( 1275): Added shared lib libjavacore.so 0x0
D/dalvikvm( 1275): Trying to load lib libnativehelper.so 0x0
D/dalvikvm( 1275): Added shared lib libnativehelper.so 0x0
D/dalvikvm( 1275): No JNI_OnLoad found in libnativehelper.so 0x0, skipping init
D/dalvikvm( 1275): Note: class Landroid/app/ActivityManagerNative; has 179 unimplemented (abstract) methods
E/memtrack( 1275): Couldn't load memtrack module (No such file or directory)
E/android.os.Debug( 1275): failed to load memtrack module: -2
D/AndroidRuntime( 1275): Calling main entry com.android.commands.am.Am
D/AndroidRuntime( 1275): Shutting down VM
D/dalvikvm( 1275): GC_CONCURRENT freed 97K, 15% free 587K/688K, paused 2ms+3ms, total 12ms
W/System.err( 1148): java.net.SocketTimeoutException
W/System.err( 1148): 	at java.net.PlainSocketImpl.read(PlainSocketImpl.java:491)
W/System.err( 1148): 	at java.net.PlainSocketImpl.access$000(PlainSocketImpl.java:46)
W/System.err( 1148): 	at java.net.PlainSocketImpl$PlainSocketInputStream.read(PlainSocketImpl.java:240)
W/System.err( 1148): 	at org.apache.http.impl.io.AbstractSessionInputBuffer.fillBuffer(AbstractSessionInputBuffer.java:103)
W/System.err( 1148): 	at org.apache.http.impl.io.AbstractSessionInputBuffer.readLine(AbstractSessionInputBuffer.java:191)
W/System.err( 1148): 	at org.apache.http.impl.conn.DefaultResponseParser.parseHead(DefaultResponseParser.java:82)
W/System.err( 1148): 	at org.apache.http.impl.io.AbstractMessageParser.parse(AbstractMessageParser.java:174)
W/System.err( 1148): 	at org.apache.http.impl.AbstractHttpClientConnection.receiveResponseHeader(AbstractHttpClientConnection.java:180)
W/System.err( 1148): 	at org.apache.http.impl.conn.DefaultClientConnection.receiveResponseHeader(DefaultClientConnection.java:235)
W/System.err( 1148): 	at org.apache.http.impl.conn.AbstractClientConnAdapter.receiveResponseHeader(AbstractClientConnAdapter.java:259)
W/System.err( 1148): 	at org.apache.http.protocol.HttpRequestExecutor.doReceiveResponse(HttpRequestExecutor.java:279)
W/System.err( 1148): 	at org.apache.http.protocol.HttpRequestExecutor.execute(HttpRequestExecutor.java:121)
W/System.err( 1148): 	at org.apache.http.impl.client.DefaultRequestDirector.execute(DefaultRequestDirector.java:428)
W/System.err( 1148): 	at org.apache.http.impl.client.AbstractHttpClient.execute(AbstractHttpClient.java:555)
W/System.err( 1148): 	at org.apache.http.impl.client.AbstractHttpClient.execute(AbstractHttpClient.java:487)
W/System.err( 1148): 	at org.apache.http.impl.client.AbstractHttpClient.execute(AbstractHttpClient.java:465)
W/System.err( 1148): 	at com.shoujiduoduo.util.bj.b(http.java:85)
W/System.err( 1148): 	at com.shoujiduoduo.util.bj.b(http.java:191)
W/System.err( 1148): 	at com.shoujiduoduo.util.w.b(HttpRequest.java:230)
W/System.err( 1148): 	at com.shoujiduoduo.util.ao.run(ServerConfig.java:551)
W/System.err( 1148): 	at java.util.concurrent.ThreadPoolExecutor.runWorker(ThreadPoolExecutor.java:1112)
W/System.err( 1148): 	at java.util.concurrent.ThreadPoolExecutor$Worker.run(ThreadPoolExecutor.java:587)
W/System.err( 1148): 	at java.lang.Thread.run(Thread.java:841)
W/System.err( 1171): java.net.SocketTimeoutException
W/System.err( 1171): 	at java.net.PlainSocketImpl.read(PlainSocketImpl.java:491)
W/System.err( 1171): 	at java.net.PlainSocketImpl.access$000(PlainSocketImpl.java:46)
W/System.err( 1171): 	at java.net.PlainSocketImpl$PlainSocketInputStream.read(PlainSocketImpl.java:240)
W/System.err( 1171): 	at org.apache.http.impl.io.AbstractSessionInputBuffer.fillBuffer(AbstractSessionInputBuffer.java:103)
W/System.err( 1171): 	at org.apache.http.impl.io.AbstractSessionInputBuffer.readLine(AbstractSessionInputBuffer.java:191)
W/System.err( 1171): 	at org.apache.http.impl.conn.DefaultResponseParser.parseHead(DefaultResponseParser.java:82)
W/System.err( 1171): 	at org.apache.http.impl.io.AbstractMessageParser.parse(AbstractMessageParser.java:174)
W/System.err( 1171): 	at org.apache.http.impl.AbstractHttpClientConnection.receiveResponseHeader(AbstractHttpClientConnection.java:180)
W/System.err( 1171): 	at org.apache.http.impl.conn.DefaultClientConnection.receiveResponseHeader(DefaultClientConnection.java:235)
W/System.err( 1171): 	at org.apache.http.impl.conn.AbstractClientConnAdapter.receiveResponseHeader(AbstractClientConnAdapter.java:259)
W/System.err( 1171): 	at org.apache.http.protocol.HttpRequestExecutor.doReceiveResponse(HttpRequestExecutor.java:279)
W/System.err( 1171): 	at org.apache.http.protocol.HttpRequestExecutor.execute(HttpRequestExecutor.java:121)
W/System.err( 1171): 	at org.apache.http.impl.client.DefaultRequestDirector.execute(DefaultRequestDirector.java:428)
W/System.err( 1171): 	at org.apache.http.impl.client.AbstractHttpClient.execute(AbstractHttpClient.java:555)
W/System.err( 1171): 	at org.apache.http.impl.client.AbstractHttpClient.execute(AbstractHttpClient.java:487)
W/System.err( 1171): 	at org.apache.http.impl.client.AbstractHttpClient.execute(AbstractHttpClient.java:465)
W/System.err( 1171): 	at com.shoujiduoduo.util.bj.b(http.java:85)
W/System.err( 1171): 	at com.shoujiduoduo.util.bj.b(http.java:191)
W/System.err( 1171): 	at com.shoujiduoduo.util.w.b(HttpRequest.java:230)
W/System.err( 1171): 	at com.shoujiduoduo.util.ao.run(ServerConfig.java:551)
W/System.err( 1171): 	at java.util.concurrent.ThreadPoolExecutor.runWorker(ThreadPoolExecutor.java:1112)
W/System.err( 1171): 	at java.util.concurrent.ThreadPoolExecutor$Worker.run(ThreadPoolExecutor.java:587)
W/System.err( 1171): 	at java.lang.Thread.run(Thread.java:841)
D/dalvikvm( 1171): GC_CONCURRENT freed 321K, 11% free 3581K/4004K, paused 5ms+3ms, total 43ms
D/MiPushUtil( 1171): [Thread:96] JOB: do reconnect..
D/MiPushUtil( 1171): [Thread:96] update the connection status. disconnected -> connecting : ERROR_OK 
D/MiPushUtil( 1171): [Thread:96] begin to connect to 47.74.193.6:5222
D/MiPushUtil( 1171): [Thread:96] connected to 47.74.193.6:5222 in 270
D/MiPushUtil( 1171): [Thread:105] setChallenge hash = 97f33cf5
D/MiPushUtil( 1171): [Thread:105] update the connection status. connecting -> connected : ERROR_OK 
D/MiPushUtil( 1171): [Thread:96] JOB: bind the client. 5, 50000042785@xiaomi.com/anmhYQju
D/MiPushUtil( 1171): [Thread:96] update the client 5 status. unbind->binding unknown ERROR_OK null null
D/MiPushUtil( 1171): [Thread:96] SMACK: bind id=bWBYk-0
D/MiPushUtil( 1171): [Thread:96] SMACK: channel bind failed, error=<error code="-1" type="wait" reason="device-connections-too-many"><text xml:lang="en" xmlns="urn:ietf:params:xml:ns:xmpp-stanzas">device has too many connections</text></error>
D/MiPushUtil( 1171): [Thread:96] schedule rebind job in 13
D/MiPushUtil( 1171): [Thread:96] update the client 5 status. binding->unbind OPEN ERROR_SERVER_ERROR device-connections-too-many wait
D/MiPushUtil( 1171): [Thread:96] SMACK: channel bind failed, chid=5 reason=device-connections-too-many
D/dalvikvm( 1171): GC_CONCURRENT freed 466K, 14% free 3526K/4096K, paused 5ms+2ms, total 61ms
I/SDK_LW_CMM( 1148): server have no pid
I/SDK_LW_CMM( 1148): check 22
I/SDK_LW_CMM( 1148): check 11
I/SDK_LW_CMM( 1148): url------------http://218.200.227.123:90/wapServer/checksmsinitreturn
D/AndroidRuntime( 1289): 
D/AndroidRuntime( 1289): >>>>>> AndroidRuntime START com.android.internal.os.RuntimeInit <<<<<<
D/AndroidRuntime( 1289): CheckJNI is ON
D/dalvikvm( 1289): Trying to load lib libjavacore.so 0x0
D/dalvikvm( 1289): Added shared lib libjavacore.so 0x0
D/dalvikvm( 1289): Trying to load lib libnativehelper.so 0x0
D/dalvikvm( 1289): Added shared lib libnativehelper.so 0x0
D/dalvikvm( 1289): No JNI_OnLoad found in libnativehelper.so 0x0, skipping init
D/dalvikvm( 1289): Note: class Landroid/app/ActivityManagerNative; has 179 unimplemented (abstract) methods
E/memtrack( 1289): Couldn't load memtrack module (No such file or directory)
E/android.os.Debug( 1289): failed to load memtrack module: -2
D/AndroidRuntime( 1289): Calling main entry com.android.commands.am.Am
I/ActivityManager(  349): START u0 {act=android.intent.action.MAIN cat=[android.intent.category.LAUNCHER] flg=0x10000000 cmp=com.shoujiduoduo.ringtone/.activity.RingToneDuoduoActivity} from pid 1289
D/AndroidRuntime( 1289): Shutting down VM
D/dalvikvm( 1289): GC_CONCURRENT freed 98K, 15% free 590K/692K, paused 2ms+2ms, total 12ms
D/MiPushUtil( 1171): 
D/MiPushUtil( 1171): java.lang.Exception: SMACK: server close the connection or timeout happened, last element name=bind host=47.74.193.6:5222
D/MiPushUtil( 1171): 	at com.xiaomi.d.g.f(Unknown Source)
D/MiPushUtil( 1171): 	at com.xiaomi.d.g.a(Unknown Source)
D/MiPushUtil( 1171): 	at com.xiaomi.d.h.run(Unknown Source)
D/MiPushUtil( 1171): [Thread:96] JOB: shutdown the connection. 9, java.lang.Exception: SMACK: server close the connection or timeout happened, last element name=bind host=47.74.193.6:5222
D/MiPushUtil( 1171): [Thread:96] disconnect -1294115648, -1294094784
D/MiPushUtil( 1171): [Thread:96] update the connection status. connected -> disconnected : ERROR_READ_ERROR 
D/MiPushUtil( 1171): [Thread:96] schedule reconnect in 10s
D/MiPushUtil( 1171): [Thread:96] max short conn time reached, sink down current host:47.74.193.6:5222
I/MediaFocusControl(  349):  AudioFocus  abandonAudioFocus() from android.media.AudioManager@b2d484a0com.android.music.MediaPlaybackService$3@b2d47320
D/MiPushUtil( 1171): [Thread:96] JOB: bind the client. 5, 50000042785@xiaomi.com/anmhYQju
D/MiPushUtil( 1171): trying bind while the connection is not created, quit!
D/AndroidRuntime( 1299): 
D/AndroidRuntime( 1299): >>>>>> AndroidRuntime START com.android.internal.os.RuntimeInit <<<<<<
D/AndroidRuntime( 1299): CheckJNI is ON
D/dalvikvm( 1299): Trying to load lib libjavacore.so 0x0
D/dalvikvm( 1299): Added shared lib libjavacore.so 0x0
D/dalvikvm( 1299): Trying to load lib libnativehelper.so 0x0
D/dalvikvm( 1299): Added shared lib libnativehelper.so 0x0
D/dalvikvm( 1299): No JNI_OnLoad found in libnativehelper.so 0x0, skipping init
D/dalvikvm( 1299): Note: class Landroid/app/ActivityManagerNative; has 179 unimplemented (abstract) methods
E/memtrack( 1299): Couldn't load memtrack module (No such file or directory)
E/android.os.Debug( 1299): failed to load memtrack module: -2
D/AndroidRuntime( 1299): Calling main entry com.android.commands.am.Am
I/ActivityManager(  349): START u0 {act=android.intent.action.MAIN cat=[android.intent.category.LAUNCHER] flg=0x10000000 cmp=com.shoujiduoduo.ringtone/com.shoujiduoduo.ui.cailing.GiveCailingActivity} from pid 1299
D/AndroidRuntime( 1148): Shutting down VM
W/dalvikvm( 1148): threadid=1: thread exiting with uncaught exception (group=0xb2a86ba8)
W/System.err( 1148): java.lang.RuntimeException: Unable to start activity ComponentInfo{com.shoujiduoduo.ringtone/com.shoujiduoduo.ui.cailing.GiveCailingActivity}: java.lang.NullPointerException
W/System.err( 1148): 	at android.app.ActivityThread.performLaunchActivity(ActivityThread.java:2184)
W/System.err( 1148): 	at android.app.ActivityThread.handleLaunchActivity(ActivityThread.java:2233)
W/System.err( 1148): 	at android.app.ActivityThread.access$800(ActivityThread.java:135)
W/System.err( 1148): 	at android.app.ActivityThread$H.handleMessage(ActivityThread.java:1196)
W/System.err( 1148): 	at android.os.Handler.dispatchMessage(Handler.java:102)
W/System.err( 1148): 	at android.os.Looper.loop(Looper.java:136)
W/System.err( 1148): 	at android.app.ActivityThread.main(ActivityThread.java:5001)
W/System.err( 1148): 	at java.lang.reflect.Method.invokeNative(Native Method)
W/System.err( 1148): 	at java.lang.reflect.Method.invoke(Method.java:515)
W/System.err( 1148): 	at com.android.internal.os.ZygoteInit$MethodAndArgsCaller.run(ZygoteInit.java:785)
W/System.err( 1148): 	at com.android.internal.os.ZygoteInit.main(ZygoteInit.java:601)
W/System.err( 1148): 	at dalvik.system.NativeStart.main(Native Method)
W/System.err( 1148): Caused by: java.lang.NullPointerException
W/System.err( 1148): 	at com.shoujiduoduo.ui.cailing.GiveCailingActivity.onCreate(GiveCailingActivity.java:81)
W/System.err( 1148): 	at android.app.Activity.performCreate(Activity.java:5231)
W/System.err( 1148): 	at android.app.Instrumentation.callActivityOnCreate(Instrumentation.java:1087)
W/System.err( 1148): 	at android.app.ActivityThread.performLaunchActivity(ActivityThread.java:2148)
W/System.err( 1148): 	... 11 more
E/AndroidRuntime( 1148): FATAL EXCEPTION: main
E/AndroidRuntime( 1148): Process: com.shoujiduoduo.ringtone, PID: 1148
E/AndroidRuntime( 1148): java.lang.RuntimeException: Unable to start activity ComponentInfo{com.shoujiduoduo.ringtone/com.shoujiduoduo.ui.cailing.GiveCailingActivity}: java.lang.NullPointerException
E/AndroidRuntime( 1148): 	at android.app.ActivityThread.performLaunchActivity(ActivityThread.java:2184)
E/AndroidRuntime( 1148): 	at android.app.ActivityThread.handleLaunchActivity(ActivityThread.java:2233)
E/AndroidRuntime( 1148): 	at android.app.ActivityThread.access$800(ActivityThread.java:135)
E/AndroidRuntime( 1148): 	at android.app.ActivityThread$H.handleMessage(ActivityThread.java:1196)
E/AndroidRuntime( 1148): 	at android.os.Handler.dispatchMessage(Handler.java:102)
E/AndroidRuntime( 1148): 	at android.os.Looper.loop(Looper.java:136)
E/AndroidRuntime( 1148): 	at android.app.ActivityThread.main(ActivityThread.java:5001)
E/AndroidRuntime( 1148): 	at java.lang.reflect.Method.invokeNative(Native Method)
E/AndroidRuntime( 1148): 	at java.lang.reflect.Method.invoke(Method.java:515)
E/AndroidRuntime( 1148): 	at com.android.internal.os.ZygoteInit$MethodAndArgsCaller.run(ZygoteInit.java:785)
E/AndroidRuntime( 1148): 	at com.android.internal.os.ZygoteInit.main(ZygoteInit.java:601)
E/AndroidRuntime( 1148): 	at dalvik.system.NativeStart.main(Native Method)
E/AndroidRuntime( 1148): Caused by: java.lang.NullPointerException
E/AndroidRuntime( 1148): 	at com.shoujiduoduo.ui.cailing.GiveCailingActivity.onCreate(GiveCailingActivity.java:81)
E/AndroidRuntime( 1148): 	at android.app.Activity.performCreate(Activity.java:5231)
E/AndroidRuntime( 1148): 	at android.app.Instrumentation.callActivityOnCreate(Instrumentation.java:1087)
E/AndroidRuntime( 1148): 	at android.app.ActivityThread.performLaunchActivity(ActivityThread.java:2148)
E/AndroidRuntime( 1148): 	... 11 more
W/ActivityManager(  349):   Force finishing activity com.shoujiduoduo.ringtone/com.shoujiduoduo.ui.cailing.GiveCailingActivity
W/ActivityManager(  349):   Force finishing activity com.shoujiduoduo.ringtone/.activity.RingToneDuoduoActivity
D/dalvikvm(  349): GC_FOR_ALLOC freed 510K, 54% free 5860K/12728K, paused 51ms, total 54ms
W/ActivityManager(  349): Activity pause timeout for ActivityRecord{b32b5678 u0 com.shoujiduoduo.ringtone/com.shoujiduoduo.ui.cailing.GiveCailingActivity t4 f}
I/Choreographer(  668): Skipped 38 frames!  The application may be doing too much work on its main thread.
D/dalvikvm(  668): GC_CONCURRENT freed 1167K, 24% free 6496K/8500K, paused 4ms+43ms, total 157ms
I/Choreographer(  668): Skipped 79 frames!  The application may be doing too much work on its main thread.
I/Choreographer(  668): Skipped 37 frames!  The application may be doing too much work on its main thread.
D/MiPushUtil( 1171): [Thread:96] JOB: do reconnect..
D/MiPushUtil( 1171): [Thread:96] update the connection status. disconnected -> connecting : ERROR_OK 
D/MiPushUtil( 1171): [Thread:96] begin to connect to 47.74.193.6:5222
D/MiPushUtil( 1171): [Thread:96] connected to 47.74.193.6:5222 in 258
D/dalvikvm( 1171): GC_CONCURRENT freed 438K, 14% free 3549K/4116K, paused 5ms+2ms, total 45ms
D/MiPushUtil( 1171): [Thread:106] setChallenge hash = 28ff934b
D/MiPushUtil( 1171): [Thread:106] update the connection status. connecting -> connected : ERROR_OK 
D/MiPushUtil( 1171): [Thread:96] JOB: bind the client. 5, 50000042785@xiaomi.com/anmhYQju
D/MiPushUtil( 1171): [Thread:96] update the client 5 status. unbind->binding unknown ERROR_OK null null
D/MiPushUtil( 1171): [Thread:96] SMACK: bind id=bWBYk-1
D/MiPushUtil( 1171): [Thread:96] SMACK: channel bind failed, error=<error code="-1" type="wait" reason="device-connections-too-many"><text xml:lang="en" xmlns="urn:ietf:params:xml:ns:xmpp-stanzas">device has too many connections</text></error>
D/MiPushUtil( 1171): [Thread:96] schedule rebind job in 30
D/MiPushUtil( 1171): [Thread:96] update the client 5 status. binding->unbind OPEN ERROR_SERVER_ERROR device-connections-too-many wait
D/MiPushUtil( 1171): [Thread:96] SMACK: channel bind failed, chid=5 reason=device-connections-too-many
W/ActivityManager(  349): Activity destroy timeout for ActivityRecord{b2f47fa0 u0 com.shoujiduoduo.ringtone/.activity.RingToneDuoduoActivity t4 f}
W/ActivityManager(  349): Activity destroy timeout for ActivityRecord{b32b5678 u0 com.shoujiduoduo.ringtone/com.shoujiduoduo.ui.cailing.GiveCailingActivity t4 f}
D/MiPushUtil( 1171): 
D/MiPushUtil( 1171): java.lang.Exception: SMACK: server close the connection or timeout happened, last element name=bind host=47.74.193.6:5222
D/MiPushUtil( 1171): 	at com.xiaomi.d.g.f(Unknown Source)
D/MiPushUtil( 1171): 	at com.xiaomi.d.g.a(Unknown Source)
D/MiPushUtil( 1171): 	at com.xiaomi.d.h.run(Unknown Source)
D/MiPushUtil( 1171): [Thread:96] JOB: shutdown the connection. 9, java.lang.Exception: SMACK: server close the connection or timeout happened, last element name=bind host=47.74.193.6:5222
D/MiPushUtil( 1171): [Thread:96] disconnect -1294115648, -1294094784
D/MiPushUtil( 1171): [Thread:96] update the connection status. connected -> disconnected : ERROR_READ_ERROR 
D/MiPushUtil( 1171): [Thread:96] schedule reconnect in 15s
E/SDK_LW_CMM( 1148): failed to connect to /218.200.227.123 (port 90) after 30000ms
E/SDK_LW_CMM( 1148): java.net.SocketTimeoutException: failed to connect to /218.200.227.123 (port 90) after 30000ms
E/SDK_LW_CMM( 1148): 	at libcore.io.IoBridge.connectErrno(IoBridge.java:159)
E/SDK_LW_CMM( 1148): 	at libcore.io.IoBridge.connect(IoBridge.java:112)
E/SDK_LW_CMM( 1148): 	at java.net.PlainSocketImpl.connect(PlainSocketImpl.java:192)
E/SDK_LW_CMM( 1148): 	at java.net.PlainSocketImpl.connect(PlainSocketImpl.java:459)
E/SDK_LW_CMM( 1148): 	at java.net.Socket.connect(Socket.java:843)
E/SDK_LW_CMM( 1148): 	at com.android.okhttp.internal.Platform.connectSocket(Platform.java:152)
E/SDK_LW_CMM( 1148): 	at com.android.okhttp.Connection.connect(Connection.java:101)
E/SDK_LW_CMM( 1148): 	at com.android.okhttp.internal.http.HttpEngine.connect(HttpEngine.java:294)
E/SDK_LW_CMM( 1148): 	at com.android.okhttp.internal.http.HttpEngine.sendSocketRequest(HttpEngine.java:255)
E/SDK_LW_CMM( 1148): 	at com.android.okhttp.internal.http.HttpEngine.sendRequest(HttpEngine.java:206)
E/SDK_LW_CMM( 1148): 	at com.android.okhttp.internal.http.HttpURLConnectionImpl.execute(HttpURLConnectionImpl.java:345)
E/SDK_LW_CMM( 1148): 	at com.android.okhttp.internal.http.HttpURLConnectionImpl.connect(HttpURLConnectionImpl.java:89)
E/SDK_LW_CMM( 1148): 	at com.android.okhttp.internal.http.HttpURLConnectionImpl.getOutputStream(HttpURLConnectionImpl.java:197)
E/SDK_LW_CMM( 1148): 	at com.duoduo.cmmusic.init.InitCmm1.httpUrlConnection(InitCmm1.java:268)
E/SDK_LW_CMM( 1148): 	at com.duoduo.cmmusic.init.InitCmm1.initCheck(InitCmm1.java:46)
E/SDK_LW_CMM( 1148): 	at com.duoduo.cmmusic.init.InitCmmInterface.initCheck(InitCmmInterface.java:67)
E/SDK_LW_CMM( 1148): 	at com.shoujiduoduo.util.c.f.run(ChinaMobileUtils.java:606)
E/SDK_LW_CMM( 1148): 	at java.util.concurrent.ThreadPoolExecutor.runWorker(ThreadPoolExecutor.java:1112)
E/SDK_LW_CMM( 1148): 	at java.util.concurrent.ThreadPoolExecutor$Worker.run(ThreadPoolExecutor.java:587)
E/SDK_LW_CMM( 1148): 	at java.lang.Thread.run(Thread.java:841)
I/SDK_LW_CMM( 1148): server have no pid
D/MiPushUtil( 1171): [Thread:96] JOB: do reconnect..
D/MiPushUtil( 1171): [Thread:96] update the connection status. disconnected -> connecting : ERROR_OK 
D/MiPushUtil( 1171): [Thread:96] begin to connect to 47.74.193.6:5222
D/MiPushUtil( 1171): [Thread:96] connected to 47.74.193.6:5222 in 255
D/dalvikvm( 1171): GC_CONCURRENT freed 489K, 15% free 3532K/4124K, paused 24ms+3ms, total 57ms
D/MiPushUtil( 1171): [Thread:107] setChallenge hash = 682c5eee
D/MiPushUtil( 1171): [Thread:107] update the connection status. connecting -> connected : ERROR_OK 
D/MiPushUtil( 1171): [Thread:96] JOB: bind the client. 5, 50000042785@xiaomi.com/anmhYQju
D/MiPushUtil( 1171): [Thread:96] update the client 5 status. unbind->binding unknown ERROR_OK null null
D/MiPushUtil( 1171): [Thread:96] SMACK: bind id=bWBYk-2
D/MiPushUtil( 1171): [Thread:96] SMACK: channel bind failed, error=<error code="-1" type="wait" reason="device-connections-too-many"><text xml:lang="en" xmlns="urn:ietf:params:xml:ns:xmpp-stanzas">device has too many connections</text></error>
D/MiPushUtil( 1171): [Thread:96] schedule rebind job in 40
D/MiPushUtil( 1171): [Thread:96] update the client 5 status. binding->unbind OPEN ERROR_SERVER_ERROR device-connections-too-many wait
D/MiPushUtil( 1171): [Thread:96] SMACK: channel bind failed, chid=5 reason=device-connections-too-many
D/MiPushUtil( 1171): [Thread:96] JOB: bind the client. 5, 50000042785@xiaomi.com/anmhYQju
D/MiPushUtil( 1171): [Thread:96] update the client 5 status. unbind->binding unknown ERROR_OK null null
D/MiPushUtil( 1171): [Thread:96] SMACK: bind id=bWBYk-3
D/MiPushUtil( 1171): [Thread:96] SMACK: channel bind failed, error=<error code="-1" type="wait" reason="device-connections-too-many"><text xml:lang="en" xmlns="urn:ietf:params:xml:ns:xmpp-stanzas">device has too many connections</text></error>
D/MiPushUtil( 1171): [Thread:96] schedule rebind job in 52
D/MiPushUtil( 1171): [Thread:96] update the client 5 status. binding->unbind OPEN ERROR_SERVER_ERROR device-connections-too-many wait
D/MiPushUtil( 1171): [Thread:96] SMACK: channel bind failed, chid=5 reason=device-connections-too-many
D/MiPushUtil( 1171): [Thread:95] get bucket:    isp: mobile-UMTS hosts:{"app.chat.xiaomi.net":["47.74.172.9:5222","47.74.193.5:5222","47.74.193.6:5222","47.74.171.176:5222","47.74.171.176:80","47.74.172.9:80","47.74.193.5:80","47.74.193.6:80","47.74.193.5:443","47.74.193.6:443","47.74.171.176:443","47.74.172.9:443"],"resolver.msg.xiaomi.net":["LB-IM-11-1803639322.ap-southeast-1.elb.amazonaws.com:80"],"f3.mi-stat.gslb.mi-idc.com":["42.62.48.182:80","223.202.68.47:80"]}
D/dalvikvm( 1171): GC_CONCURRENT freed 376K, 14% free 3585K/4124K, paused 4ms+5ms, total 57ms
D/MiPushUtil( 1171): 
D/MiPushUtil( 1171): java.lang.Exception: SMACK: server close the connection or timeout happened, last element name=bind host=47.74.193.6:5222
D/MiPushUtil( 1171): 	at com.xiaomi.d.g.f(Unknown Source)
D/MiPushUtil( 1171): 	at com.xiaomi.d.g.a(Unknown Source)
D/MiPushUtil( 1171): 	at com.xiaomi.d.h.run(Unknown Source)
D/MiPushUtil( 1171): [Thread:96] JOB: shutdown the connection. 9, java.lang.Exception: SMACK: server close the connection or timeout happened, last element name=bind host=47.74.193.6:5222
D/MiPushUtil( 1171): [Thread:96] disconnect -1294115648, -1294094784
D/MiPushUtil( 1171): [Thread:96] update the connection status. connected -> disconnected : ERROR_READ_ERROR 
D/MiPushUtil( 1171): [Thread:96] schedule reconnect in 22s
D/MiPushUtil( 1171): [Thread:96] max short conn time reached, sink down current host:47.74.193.6:5222
D/MiPushUtil( 1171): [Thread:96] JOB: do reconnect..
D/MiPushUtil( 1171): [Thread:96] update the connection status. disconnected -> connecting : ERROR_OK 
D/MiPushUtil( 1171): [Thread:96] begin to connect to 47.74.172.9:5222
D/MiPushUtil( 1171): [Thread:96] connected to 47.74.172.9:5222 in 258
D/dalvikvm( 1171): GC_CONCURRENT freed 464K, 15% free 3574K/4180K, paused 5ms+3ms, total 41ms
D/dalvikvm( 1171): WAIT_FOR_CONCURRENT_GC blocked 33ms
D/MiPushUtil( 1171): [Thread:109] setChallenge hash = 7fa20071
D/MiPushUtil( 1171): [Thread:109] update the connection status. connecting -> connected : ERROR_OK 
D/MiPushUtil( 1171): [Thread:96] JOB: bind the client. 5, 50000042785@xiaomi.com/anmhYQju
D/MiPushUtil( 1171): [Thread:96] update the client 5 status. unbind->binding unknown ERROR_OK null null
D/MiPushUtil( 1171): [Thread:96] SMACK: bind id=bWBYk-4
D/MiPushUtil( 1171): [Thread:96] SMACK: channel bind failed, error=<error code="-1" type="wait" reason="device-connections-too-many"><text xml:lang="en" xmlns="urn:ietf:params:xml:ns:xmpp-stanzas">device has too many connections</text></error>
D/MiPushUtil( 1171): [Thread:96] schedule rebind job in 74
D/MiPushUtil( 1171): [Thread:96] update the client 5 status. binding->unbind OPEN ERROR_SERVER_ERROR device-connections-too-many wait
D/MiPushUtil( 1171): [Thread:96] SMACK: channel bind failed, chid=5 reason=device-connections-too-many
D/MiPushUtil( 1171): [Thread:96] JOB: bind the client. 5, 50000042785@xiaomi.com/anmhYQju
D/MiPushUtil( 1171): [Thread:96] update the client 5 status. unbind->binding unknown ERROR_OK null null
D/MiPushUtil( 1171): [Thread:96] SMACK: bind id=bWBYk-5
D/MiPushUtil( 1171): [Thread:96] SMACK: channel bind failed, error=<error code="-1" type="wait" reason="device-connections-too-many"><text xml:lang="en" xmlns="urn:ietf:params:xml:ns:xmpp-stanzas">device has too many connections</text></error>
D/MiPushUtil( 1171): [Thread:96] schedule rebind job in 88
D/MiPushUtil( 1171): [Thread:96] update the client 5 status. binding->unbind OPEN ERROR_SERVER_ERROR device-connections-too-many wait
D/MiPushUtil( 1171): [Thread:96] SMACK: channel bind failed, chid=5 reason=device-connections-too-many
D/MiPushUtil( 1171): 
D/MiPushUtil( 1171): java.lang.Exception: SMACK: server close the connection or timeout happened, last element name=bind host=47.74.172.9:5222
D/MiPushUtil( 1171): 	at com.xiaomi.d.g.f(Unknown Source)
D/MiPushUtil( 1171): 	at com.xiaomi.d.g.a(Unknown Source)
D/MiPushUtil( 1171): 	at com.xiaomi.d.h.run(Unknown Source)
D/MiPushUtil( 1171): [Thread:96] JOB: shutdown the connection. 9, java.lang.Exception: SMACK: server close the connection or timeout happened, last element name=bind host=47.74.172.9:5222
D/MiPushUtil( 1171): [Thread:96] disconnect -1294115648, -1294094784
D/MiPushUtil( 1171): [Thread:96] update the connection status. connected -> disconnected : ERROR_READ_ERROR 
D/MiPushUtil( 1171): [Thread:96] schedule reconnect in 33s
D/dalvikvm( 1171): GC_CONCURRENT freed 463K, 17% free 3499K/4176K, paused 4ms+2ms, total 26ms
D/MiPushUtil( 1171): [Thread:96] JOB: bind the client. 5, 50000042785@xiaomi.com/anmhYQju
D/MiPushUtil( 1171): trying bind while the connection is not created, quit!
E/BaiduXAdSDK( 1148): ErrorCode: []; ErrorDesc: [request ad-server error, io_err/timeout];
E/BaiduXAdSDK( 1148): ErrorCode: []; ErrorDesc: [request ad-server error, io_err/timeout];
D/dalvikvm( 1148): GC_CONCURRENT freed 1509K, 18% free 7549K/9160K, paused 5ms+5ms, total 51ms
D/MiPushUtil( 1171): [Thread:96] JOB: do reconnect..
D/MiPushUtil( 1171): [Thread:96] update the connection status. disconnected -> connecting : ERROR_OK 
D/MiPushUtil( 1171): [Thread:96] begin to connect to 47.74.172.9:5222
D/MiPushUtil( 1171): [Thread:96] connected to 47.74.172.9:5222 in 274
D/MiPushUtil( 1171): [Thread:110] setChallenge hash = 157157ad
D/MiPushUtil( 1171): [Thread:110] update the connection status. connecting -> connected : ERROR_OK 
D/MiPushUtil( 1171): [Thread:96] JOB: bind the client. 5, 50000042785@xiaomi.com/anmhYQju
D/MiPushUtil( 1171): [Thread:96] update the client 5 status. unbind->binding unknown ERROR_OK null null
D/MiPushUtil( 1171): [Thread:96] SMACK: bind id=bWBYk-6
D/dalvikvm( 1171): GC_CONCURRENT freed 336K, 13% free 3566K/4096K, paused 11ms+2ms, total 31ms
D/MiPushUtil( 1171): [Thread:96] SMACK: channel bind failed, error=<error code="-1" type="wait" reason="device-connections-too-many"><text xml:lang="en" xmlns="urn:ietf:params:xml:ns:xmpp-stanzas">device has too many connections</text></error>
D/MiPushUtil( 1171): [Thread:96] schedule rebind job in 111
D/MiPushUtil( 1171): [Thread:96] update the client 5 status. binding->unbind OPEN ERROR_SERVER_ERROR device-connections-too-many wait
D/MiPushUtil( 1171): [Thread:96] SMACK: channel bind failed, chid=5 reason=device-connections-too-many
D/MiPushUtil( 1171): [Thread:1] Service called on timer
D/MiPushUtil( 1171): 
D/MiPushUtil( 1171): java.lang.Exception: SMACK: server close the connection or timeout happened, last element name=iq host=47.74.172.9:5222
D/MiPushUtil( 1171): 	at com.xiaomi.d.g.f(Unknown Source)
D/MiPushUtil( 1171): 	at com.xiaomi.d.g.a(Unknown Source)
D/MiPushUtil( 1171): 	at com.xiaomi.d.h.run(Unknown Source)
D/MiPushUtil( 1171): [Thread:96] JOB: shutdown the connection. 9, java.lang.Exception: SMACK: server close the connection or timeout happened, last element name=iq host=47.74.172.9:5222
D/MiPushUtil( 1171): [Thread:96] disconnect -1294115648, -1294094784
D/MiPushUtil( 1171): [Thread:96] update the connection status. connected -> disconnected : ERROR_READ_ERROR 
D/MiPushUtil( 1171): [Thread:96] schedule reconnect in 49s
D/MiPushUtil( 1171): [Thread:96] max short conn time reached, sink down current host:47.74.172.9:5222
D/MiPushUtil( 1171): [Thread:96] JOB: check the ping-pong.
D/MiPushUtil( 1171): [Thread:96] JOB: bind the client. 5, 50000042785@xiaomi.com/anmhYQju
D/MiPushUtil( 1171): trying bind while the connection is not created, quit!
D/MiPushUtil( 1171): [Thread:96] JOB: bind the client. 5, 50000042785@xiaomi.com/anmhYQju
D/MiPushUtil( 1171): trying bind while the connection is not created, quit!
D/dalvikvm( 1171): GC_CONCURRENT freed 484K, 16% free 3501K/4144K, paused 2ms+2ms, total 43ms
D/MiPushUtil( 1171): [Thread:96] JOB: do reconnect..
D/MiPushUtil( 1171): [Thread:96] update the connection status. disconnected -> connecting : ERROR_OK 
D/MiPushUtil( 1171): [Thread:96] begin to connect to 47.74.172.9:5222
D/MiPushUtil( 1171): [Thread:96] connected to 47.74.172.9:5222 in 248
D/MiPushUtil( 1171): [Thread:111] setChallenge hash = ae24d38e
D/MiPushUtil( 1171): [Thread:111] update the connection status. connecting -> connected : ERROR_OK 
D/MiPushUtil( 1171): [Thread:96] JOB: bind the client. 5, 50000042785@xiaomi.com/anmhYQju
D/MiPushUtil( 1171): [Thread:96] update the client 5 status. unbind->binding unknown ERROR_OK null null
D/MiPushUtil( 1171): [Thread:96] SMACK: bind id=bWBYk-7
D/MiPushUtil( 1171): [Thread:96] SMACK: channel bind failed, error=<error code="-1" type="wait" reason="device-connections-too-many"><text xml:lang="en" xmlns="urn:ietf:params:xml:ns:xmpp-stanzas">device has too many connections</text></error>
D/MiPushUtil( 1171): [Thread:96] schedule rebind job in 114
D/MiPushUtil( 1171): [Thread:96] update the client 5 status. binding->unbind OPEN ERROR_SERVER_ERROR device-connections-too-many wait
D/MiPushUtil( 1171): [Thread:96] SMACK: channel bind failed, chid=5 reason=device-connections-too-many
D/dalvikvm( 1171): GC_CONCURRENT freed 369K, 14% free 3553K/4092K, paused 12ms+2ms, total 42ms
D/MiPushUtil( 1171): 
D/MiPushUtil( 1171): java.lang.Exception: SMACK: server close the connection or timeout happened, last element name=bind host=47.74.172.9:5222
D/MiPushUtil( 1171): 	at com.xiaomi.d.g.f(Unknown Source)
D/MiPushUtil( 1171): 	at com.xiaomi.d.g.a(Unknown Source)
D/MiPushUtil( 1171): 	at com.xiaomi.d.h.run(Unknown Source)
D/MiPushUtil( 1171): [Thread:96] JOB: shutdown the connection. 9, java.lang.Exception: SMACK: server close the connection or timeout happened, last element name=bind host=47.74.172.9:5222
D/MiPushUtil( 1171): [Thread:96] disconnect -1294115648, -1294094784
D/MiPushUtil( 1171): [Thread:96] update the connection status. connected -> disconnected : ERROR_READ_ERROR 
D/MiPushUtil( 1171): [Thread:96] schedule reconnect in 73s
W/ActivityManager(  349): Timeout executing service: ServiceRecord{b3640640 u0 com.shoujiduoduo.ringtone/com.shoujiduoduo.player.PlayerService}
I/ActivityManager(  349): Crashing app skipping ANR: ProcessRecord{b369dcb0 1148:com.shoujiduoduo.ringtone/u0a52} Executing service com.shoujiduoduo.ringtone/com.shoujiduoduo.player.PlayerService
D/MiPushUtil( 1171): [Thread:96] JOB: bind the client. 5, 50000042785@xiaomi.com/anmhYQju
D/MiPushUtil( 1171): trying bind while the connection is not created, quit!
