I/PackageManager(  345): Adding preferred activity ComponentInfo{com.android.mms/com.android.mms.ui.ComposeMessageActivity} for user 0 :
D/dalvikvm(  593): GC_CONCURRENT freed 354K, 13% free 3376K/3876K, paused 4ms+2ms, total 26ms
D/dalvikvm(  593): WAIT_FOR_CONCURRENT_GC blocked 15ms
I/PackageManager(  345):   Action: "android.intent.action.SENDTO"
I/PackageManager(  345):   Category: "android.intent.category.DEFAULT"
I/PackageManager(  345):   Scheme: "mms"
I/PackageManager(  345): Adding preferred activity ComponentInfo{com.android.mms/com.android.mms.ui.ComposeMessageActivity} for user 0 :
I/PackageManager(  345):   Action: "android.intent.action.SENDTO"
I/PackageManager(  345):   Category: "android.intent.category.DEFAULT"
I/PackageManager(  345):   Scheme: "mmsto"
I/PackageManager(  345): Adding preferred activity ComponentInfo{com.android.mms/com.android.mms.ui.ComposeMessageActivity} for user 0 :
I/ContactDirectoryManager(  539): Discovered 0 contact directories in 11062ms
D/dalvikvm(  345): GC_EXPLICIT freed 1535K, 57% free 5677K/12924K, paused 10ms+9ms, total 637ms
D/dalvikvm(  345): WAIT_FOR_CONCURRENT_GC blocked 74ms
D/dalvikvm(  345): WAIT_FOR_CONCURRENT_GC blocked 73ms
D/dalvikvm(  345): WAIT_FOR_CONCURRENT_GC blocked 57ms
D/dalvikvm(  345): WAIT_FOR_CONCURRENT_GC blocked 73ms
D/AndroidRuntime(  790): Shutting down VM
D/dalvikvm(  790): GC_CONCURRENT freed 95K, 16% free 560K/660K, paused 2ms+3ms, total 24ms
D/ExternalStorage(  913): Missing UUID for /storage/sdcard; skipping
D/ExternalStorage(  913): After updating volumes, found 0 active roots
D/ExternalStorage(  913): Missing UUID for /storage/sdcard; skipping
D/ExternalStorage(  913): After updating volumes, found 0 active roots
D/MediaScannerReceiver(  611): action: android.intent.action.MEDIA_MOUNTED path: /storage/sdcard
I/ContactsProvider(  539): Upgrading aggregation algorithm
E/BluetoothAdapter(  606): Bluetooth binder is null
I/ContactAggregator(  539): Marked all visible contacts for aggregation: 0 raw contacts, 5 ms
I/ContactsProvider(  539): Aggregation algorithm upgraded for 0 raw contacts in 195ms
I/ActivityManager(  345): Start proc com.android.music for broadcast com.android.music/.MediaButtonIntentReceiver: pid=937 uid=10032 gids={50032, 3003, 1028, 1015}
I/dalvikvm(  937): CheckJNI enabled: not enabling JNI app bug workarounds.
D/ConnectivityService(  345): [CheckMp] isMobileOk: too many loops tried - giving up
D/ConnectivityService(  345): [CheckMp] isMobileOk: X loops|timed out result=0
D/ConnectivityService(  345): [CheckMp] isMobileOk: F stop hipri
D/MobileDataStateTracker(  345): default: setEnableFailFastMobileData(enabled=0)
D/ConnectivityService(  345): stopUsingNetworkFeature: teardown net 0: enableHIPRI
D/MobileDataStateTracker(  345): hipri: Broadcast received: android.intent.action.ANY_DATA_STATE apnType=hipri
D/MobileDataStateTracker(  345): hipri: Received state=DISCONNECTED, old=CONNECTED, reason=dataDisabled
D/MobileDataStateTracker(  345): hipri: setDetailed state, old =CONNECTED and new state=DISCONNECTED
D/ConnectivityService(  345): ConnectivityChange for mobile_hipri: DISCONNECTED/DISCONNECTED
E/logwrapper(  949): executing /system/bin/ip failed: No such file or directory
E/SecondaryTablController(   55): ip route del failed: /system/bin/ip route del 10.0.2.2/32 via 0.0.0.0 dev eth0 table 60
W/FrameworkListener(   55): Handler 'interface' error (No such device)
E/logwrapper(  950): executing /system/bin/ip failed: No such file or directory
E/SecondaryTablController(   55): ip route del failed: /system/bin/ip route del 0.0.0.0/0 via 10.0.2.2 dev eth0 table 60
W/FrameworkListener(   55): Handler 'interface' error (No such device)
D/Nat464Xlat(  345): requiresClat: netType=5, hasIPv4Address=true
D/MobileDataStateTracker(  345): default: setPolicyDataEnable(enabled=true)
I/MediaFocusControl(  345):   Remote Control   registerMediaButtonIntent() for PendingIntent{b347b8f0: PendingIntentRecord{b2ff0020 com.android.music broadcastIntent}}
E/BluetoothAdapter(  606): Bluetooth binder is null
I/ActivityManager(  345): Start proc com.android.calendar for broadcast com.android.calendar/.widget.CalendarAppWidgetService$CalendarFactory: pid=955 uid=10016 gids={50016, 3003}
I/PackageManager(  345):   Action: "android.intent.action.SENDTO"
I/PackageManager(  345):   Category: "android.intent.category.DEFAULT"
I/PackageManager(  345):   Scheme: "sms"
I/PackageManager(  345): Adding preferred activity ComponentInfo{com.android.mms/com.android.mms.ui.ComposeMessageActivity} for user 0 :
I/PackageManager(  345):   Action: "android.intent.action.SENDTO"
I/PackageManager(  345):   Category: "android.intent.category.DEFAULT"
I/PackageManager(  345): Adding preferred activity ComponentInfo{com.android.mms/com.android.mms.ui.ComposeMessageActivity} for user 0 :
E/NetdConnector(  345): NDC Command {59 bandwidth removeiquota eth0} took too long (907ms)
I/PackageManager(  345):   Scheme: "smsto"
D/dalvikvm(  593): GC_CONCURRENT freed 476K, 15% free 3328K/3876K, paused 71ms+32ms, total 155ms
D/dalvikvm(  345): GC_CONCURRENT freed 618K, 56% free 5800K/12924K, paused 27ms+15ms, total 267ms
D/dalvikvm(  345): WAIT_FOR_CONCURRENT_GC blocked 95ms
I/PackageManager(  345):   Action: "android.intent.action.SENDTO"
I/PackageManager(  345):   Category: "android.intent.category.DEFAULT"
I/PackageManager(  345):   Scheme: "mms"
I/PackageManager(  345): Adding preferred activity ComponentInfo{com.android.mms/com.android.mms.ui.ComposeMessageActivity} for user 0 :
E/NetdConnector(  345): NDC Command {60 bandwidth gettetherstats} took too long (938ms)
I/PackageManager(  345):   Action: "android.intent.action.SENDTO"
I/PackageManager(  345):   Category: "android.intent.category.DEFAULT"
I/PackageManager(  345):   Scheme: "mmsto"
I/PackageManager(  345): Adding preferred activity ComponentInfo{com.android.mms/com.android.mms.ui.ComposeMessageActivity} for user 0 :
I/PackageManager(  345):   Action: "android.intent.action.SENDTO"
I/PackageManager(  345):   Category: "android.intent.category.DEFAULT"
I/PackageManager(  345):   Scheme: "sms"
I/PackageManager(  345): Adding preferred activity ComponentInfo{com.android.mms/com.android.mms.ui.ComposeMessageActivity} for user 0 :
I/PackageManager(  345):   Action: "android.intent.action.SENDTO"
I/PackageManager(  345):   Category: "android.intent.category.DEFAULT"
I/PackageManager(  345):   Scheme: "smsto"
I/PackageManager(  345): Adding preferred activity ComponentInfo{com.android.mms/com.android.mms.ui.ComposeMessageActivity} for user 0 :
I/PackageManager(  345):   Action: "android.intent.action.SENDTO"
I/PackageManager(  345):   Category: "android.intent.category.DEFAULT"
I/PackageManager(  345):   Scheme: "mms"
I/PackageManager(  345): Adding preferred activity ComponentInfo{com.android.mms/com.android.mms.ui.ComposeMessageActivity} for user 0 :
D/dalvikvm(  593): GC_CONCURRENT freed 391K, 14% free 3379K/3908K, paused 5ms+2ms, total 47ms
D/dalvikvm(  593): WAIT_FOR_CONCURRENT_GC blocked 26ms
I/PackageManager(  345):   Action: "android.intent.action.SENDTO"
I/PackageManager(  345):   Category: "android.intent.category.DEFAULT"
I/PackageManager(  345):   Scheme: "mmsto"
I/PackageManager(  345): Adding preferred activity ComponentInfo{com.android.mms/com.android.mms.ui.ComposeMessageActivity} for user 0 :
I/InputReader(  345): Reconfiguring input devices.  changes=0x00000010
D/dalvikvm(  345): GC_CONCURRENT freed 779K, 56% free 5760K/12924K, paused 175ms+5ms, total 634ms
W/RecognitionManagerService(  345): no available voice recognition services found for user 0
D/CaptivePortalTracker(  345): NoActiveNetworkState{ when=-7ms what=1 obj=NetworkInfo: type: mobile_hipri[UMTS], state: DISCONNECTED/DISCONNECTED, reason: dataDisabled, extra: epc.tmobile.com, roaming: false, failover: false, isAvailable: true, isConnectedToProvisioningNetwork: false target=com.android.internal.util.StateMachine$SmHandler }
D/CaptivePortalTracker(  345): NoActiveNetworkState not a wifi connectivity change, ignore
D/CaptivePortalTracker(  345): NoActiveNetworkState{ when=-8ms what=1 obj=NetworkInfo: type: mobile[UMTS], state: CONNECTED/CONNECTED, reason: connected, extra: epc.tmobile.com, roaming: false, failover: false, isAvailable: true, isConnectedToProvisioningNetwork: false target=com.android.internal.util.StateMachine$SmHandler }
D/CaptivePortalTracker(  345): NoActiveNetworkState not a wifi connectivity change, ignore
E/NetdConnector(  345): NDC Command {61 bandwidth setiquota eth0 9223372036854775807} took too long (2070ms)
D/MobileDataStateTracker(  345): default: setPolicyDataEnable(enabled=true)
D/Tethering(  345): MasterInitialState.processMessage what=3
D/Tethering(  345): MasterInitialState.processMessage what=3
D/ExtensionsFactory(  955): No custom extensions.
I/ActivityManager(  345): Start proc com.android.deskclock for broadcast com.android.deskclock/.AlarmInitReceiver: pid=997 uid=10020 gids={50020, 1028}
I/ActivityManager(  345): Start proc com.android.providers.calendar for content provider com.android.providers.calendar/.CalendarProvider2: pid=1012 uid=10001 gids={50001, 3003, 1028, 1015}
D/dalvikvm(   59): GC_EXPLICIT freed 40K, 4% free 2705K/2816K, paused 9ms+27ms, total 144ms
D/dalvikvm(   59): GC_EXPLICIT freed <1K, 4% free 2705K/2816K, paused 27ms+2ms, total 91ms
D/dalvikvm(   59): GC_EXPLICIT freed <1K, 4% free 2705K/2816K, paused 3ms+2ms, total 66ms
E/NetdConnector(  345): NDC Command {62 bandwidth removeiquota eth0} took too long (1156ms)
I/CalendarDatabaseHelper( 1012): Bootstrapping database
I/ActivityManager(  345): START u0 {act=android.intent.action.MAIN cat=[android.intent.category.LAUNCHER] flg=0x10000000 cmp=com.snkplaymore.android007/com.muzhiwan.embed.MzwActivity} from pid 1145
D/ConnectivityService(  345): [CheckMp] isMobileOk: X result=0
D/ConnectivityService(  345): [CheckMp] onPostExecute: result=0
D/ConnectivityService(  345): CheckMp.onComplete: result=0
D/ConnectivityService(  345): CheckMp.onComplete: ignore, connected or no connection
I/CalendarProvider2( 1012): Created com.android.providers.calendar.CalendarAlarmManager@b2d879e8(com.android.providers.calendar.CalendarProvider2@b2d740c0)
I/ContactsFTS(  539): Rebuild contact search index in 5437ms, 0 contacts
W/WindowManager(  345): Screenshot failure taking screenshot for (164x295) to layer 21005
D/dalvikvm(  539): GC_CONCURRENT freed 306K, 11% free 3085K/3460K, paused 5ms+66ms, total 197ms
I/ActivityManager(  345): Start proc com.snkplaymore.android007 for activity com.snkplaymore.android007/com.muzhiwan.embed.MzwActivity: pid=1157 uid=10052 gids={50052, 1028, 1015, 3001, 3002, 3003}
V/MediaScanner(  611): pruneDeadThumbnailFiles... android.database.sqlite.SQLiteCursor@b2d555d8
V/MediaScanner(  611): /pruneDeadThumbnailFiles... android.database.sqlite.SQLiteCursor@b2d555d8
I/ActivityManager(  345): Config changes=480 {1.0 310mcc260mnc en_US ldltr sw480dp w864dp h455dp 160dpi lrg long land finger -keyb/v/h tball/v s.7}
E/NetdConnector(  345): NDC Command {63 bandwidth setiquota eth0 9223372036854775807} took too long (1809ms)
V/AlarmClock(  997): AlarmInitReceiver android.intent.action.TIMEZONE_CHANGED
I/CalendarProvider2( 1012): Sending notification intent: Intent { act=android.intent.action.PROVIDER_CHANGED dat=content://com.android.calendar }
W/ContentResolver( 1012): Failed to get type for: content://com.android.calendar (Unknown URL content://com.android.calendar)
D/MobileDataStateTracker(  345): default: setPolicyDataEnable(enabled=true)
D/MobileDataStateTracker(  345): default: setPolicyDataEnable(enabled=true)
I/AlarmClock(  997): Alarms Table created
I/AlarmClock(  997): Instance table created
I/AlarmClock(  997): Cities table created
I/AlarmClock(  997): Inserting default alarms
I/AlarmClock(  997): Displaying next alarm time: ''
W/BackupManagerService(  345): dataChanged but no participant pkg='com.android.providers.settings' uid=10020
V/AlarmClock(  997): AlarmInitReceiver finished
I/ActivityManager(  345): Start proc com.android.dialer for broadcast com.android.dialer/.calllog.CallLogReceiver: pid=1050 uid=10004 gids={50004, 3003, 1028, 1015}
D/ExtensionsFactory( 1050): No custom extensions.
E/BluetoothAdapter(  345): Bluetooth binder is null
E/BluetoothAdapter(  345): Bluetooth binder is null
V/WiredAccessoryManager(  345): init()
I/ActivityManager(  345): Waited long enough for: ServiceRecord{b35cab78 u0 com.android.calendar/.alerts.InitAlarmsService}
I/PowerManagerService(  345): Boot animation finished.
E/SoundPool(  345): error loading /system/media/audio/ui/Effect_Tick.ogg
W/AudioService(  345): Soundpool could not load file: /system/media/audio/ui/Effect_Tick.ogg
E/SoundPool(  345): error loading /system/media/audio/ui/Effect_Tick.ogg
W/AudioService(  345): Soundpool could not load file: /system/media/audio/ui/Effect_Tick.ogg
E/SoundPool(  345): error loading /system/media/audio/ui/Effect_Tick.ogg
W/AudioService(  345): Soundpool could not load file: /system/media/audio/ui/Effect_Tick.ogg
E/SoundPool(  345): error loading /system/media/audio/ui/Effect_Tick.ogg
W/AudioService(  345): Soundpool could not load file: /system/media/audio/ui/Effect_Tick.ogg
E/SoundPool(  345): error loading /system/media/audio/ui/Effect_Tick.ogg
W/AudioService(  345): Soundpool could not load file: /system/media/audio/ui/Effect_Tick.ogg
E/SoundPool(  345): error loading /system/media/audio/ui/KeypressStandard.ogg
W/AudioService(  345): Soundpool could not load file: /system/media/audio/ui/KeypressStandard.ogg
E/SoundPool(  345): error loading /system/media/audio/ui/KeypressSpacebar.ogg
W/AudioService(  345): Soundpool could not load file: /system/media/audio/ui/KeypressSpacebar.ogg
E/SoundPool(  345): error loading /system/media/audio/ui/KeypressDelete.ogg
W/AudioService(  345): Soundpool could not load file: /system/media/audio/ui/KeypressDelete.ogg
E/SoundPool(  345): error loading /system/media/audio/ui/KeypressReturn.ogg
W/AudioService(  345): Soundpool could not load file: /system/media/audio/ui/KeypressReturn.ogg
E/SoundPool(  345): error loading /system/media/audio/ui/KeypressInvalid.ogg
W/AudioService(  345): Soundpool could not load file: /system/media/audio/ui/KeypressInvalid.ogg
W/AudioService(  345): onLoadSoundEffects(), Error -1 while loading samples
D/dalvikvm(  345): GC_CONCURRENT freed 756K, 56% free 5725K/12924K, paused 7ms+5ms, total 86ms
I/RecoverySystem(  345): No recovery log file
I/BootReceiver(  345): Copying audit failures to DropBox
I/BootReceiver(  345): Checking for fsck errors
I/ActivityManager(  345): Delay finish: com.android.providers.downloads/.DownloadReceiver
I/ActivityManager(  345): Resuming delayed broadcast
I/ActivityManager(  345): Delay finish: com.android.providers.media/.MediaScannerReceiver
I/ActivityManager(  345): Resuming delayed broadcast
I/ActivityManager(  345): Start proc com.android.mms for broadcast com.android.mms/.transaction.MmsSystemEventReceiver: pid=1075 uid=10009 gids={50009, 3003, 1028, 1015}
W/WindowManager(  345): Window freeze timeout expired.
W/WindowManager(  345): Force clearing orientation change: Window{b326e8d8 u0 Starting com.snkplaymore.android007}
W/WindowManager(  345): Force clearing orientation change: Window{b2f07f58 u0 com.android.systemui.ImageWallpaper}
D/CountryDetector(  345): The first listener is added
V/MmsConfig( 1075): mnc/mcc: 310260
V/MmsConfig( 1075): tag: bool value: enabledMMS - true
V/MmsConfig( 1075): tag: int value: maxMessageSize - 307200
V/MmsConfig( 1075): tag: int value: maxImageHeight - 480
V/MmsConfig( 1075): tag: int value: maxImageWidth - 640
V/MmsConfig( 1075): tag: int value: defaultSMSMessagesPerThread - 10000
V/MmsConfig( 1075): tag: int value: defaultMMSMessagesPerThread - 1000
V/MmsConfig( 1075): tag: int value: minMessageCountPerThread - 10
V/MmsConfig( 1075): tag: int value: maxMessageCountPerThread - 5000
V/MmsConfig( 1075): tag: string value: uaProfUrl - http://www.google.com/oha/rdf/ua-profile-kila.xml
V/MmsConfig( 1075): tag: int value: recipientLimit - -1
V/MmsConfig( 1075): tag: bool value: enableMultipartSMS - true
V/MmsConfig( 1075): tag: int value: smsToMmsTextThreshold - -1
V/MmsConfig( 1075): tag: bool value: enableSlideDuration - true
V/MmsConfig( 1075): tag: int value: maxMessageTextSize - -1
I/MediaProvider(  611): Upgrading media database from version 0 to 700, which will destroy all old data
I/ActivityManager(  345): Delay finish: com.android.mms/.transaction.MmsSystemEventReceiver
D/Mms:app ( 1075): cancelNotification
I/ActivityManager(  345): Resuming delayed broadcast
I/ActivityManager(  345): Delay finish: com.android.mms/.transaction.SmsReceiver
D/MmsSmsDatabaseHelper(  593): [MmsSmsDb] tableName: threads hasAutoIncrement: CREATE TABLE threads (_id INTEGER PRIMARY KEY AUTOINCREMENT,date INTEGER DEFAULT 0,message_count INTEGER DEFAULT 0,recipient_ids TEXT,snippet TEXT,snippet_cs INTEGER DEFAULT 0,read INTEGER DEFAULT 1,type INTEGER DEFAULT 0,error INTEGER DEFAULT 0,has_attachment INTEGER DEFAULT 0) result: true
D/MmsSmsDatabaseHelper(  593): [MmsSmsDb] tableName: canonical_addresses hasAutoIncrement: CREATE TABLE canonical_addresses (_id INTEGER PRIMARY KEY AUTOINCREMENT,address TEXT) result: true
D/MmsSmsDatabaseHelper(  593): [MmsSmsDb] tableName: part hasAutoIncrement: CREATE TABLE part (_id INTEGER PRIMARY KEY AUTOINCREMENT,mid INTEGER,seq INTEGER DEFAULT 0,ct TEXT,name TEXT,chset INTEGER,cd TEXT,fn TEXT,cid TEXT,cl TEXT,ctt_s INTEGER,ctt_t TEXT,_data TEXT,text TEXT) result: true
D/MmsSmsDatabaseHelper(  593): [MmsSmsDb] tableName: pdu hasAutoIncrement: CREATE TABLE pdu (_id INTEGER PRIMARY KEY AUTOINCREMENT,thread_id INTEGER,date INTEGER,date_sent INTEGER DEFAULT 0,msg_box INTEGER,read INTEGER DEFAULT 0,m_id TEXT,sub TEXT,sub_cs INTEGER,ct_t TEXT,ct_l TEXT,exp INTEGER,m_cls TEXT,m_type INTEGER,v INTEGER,m_size INTEGER,pri INTEGER,rr INTEGER,rpt_a INTEGER,resp_st INTEGER,st INTEGER,tr_id TEXT,retr_st INTEGER,retr_txt TEXT,retr_txt_cs INTEGER,read_status INTEGER,ct_cls INTEGER,resp_txt TEXT,d_tm INTEGER,d_rpt INTEGER,locked INTEGER DEFAULT 0,seen INTEGER DEFAULT 0,text_only INTEGER DEFAULT 0) result: true
D/MmsSmsDatabaseHelper(  593): [getWritableDatabase] hasAutoIncrementThreads: true hasAutoIncrementAddresses: true hasAutoIncrementPart: true hasAutoIncrementPdu: true
D/Mms:app ( 1075): cancelNotification
I/ActivityManager(  345): Resuming delayed broadcast
D/AlertReceiver(  955): onReceive: a=android.intent.action.BOOT_COMPLETED Intent { act=android.intent.action.BOOT_COMPLETED flg=0x8000010 cmp=com.android.calendar/.alerts.AlertReceiver (has extras) }
I/ActivityManager(  345): Delay finish: com.android.calendar/.alerts.AlertReceiver
D/AlertUtils(  955): Flushing old alerts from shared prefs table
D/dalvikvm(  955): GC_CONCURRENT freed 303K, 13% free 2801K/3184K, paused 24ms+5ms, total 54ms
D/AlertService(  955): 0 Action = android.intent.action.BOOT_COMPLETED
D/AlertService(  955): Scheduling next alarm with AlarmScheduler. sEventReminderReceived: null
D/AlarmScheduler(  955): No events found starting within 1 week.
E/SQLiteLog(  611): (1) no such table: files
E/WVMExtractor(   62): Failed to open libwvm.so
D/dalvikvm(  611): GC_CONCURRENT freed 245K, 10% free 3028K/3340K, paused 4ms+5ms, total 33ms
V/MediaScanner(  611): pruneDeadThumbnailFiles... android.database.sqlite.SQLiteCursor@b2dca2b0
V/MediaScanner(  611): /pruneDeadThumbnailFiles... android.database.sqlite.SQLiteCursor@b2dca2b0
I/ActivityManager(  345): Resuming delayed broadcast
V/AlarmClock(  997): AlarmInitReceiver android.intent.action.BOOT_COMPLETED
V/AlarmClock(  997): AlarmInitReceiver - Reset timers and clear stopwatch data
D/dalvikvm(  997): GC_CONCURRENT freed 362K, 14% free 2810K/3244K, paused 5ms+4ms, total 54ms
V/AlarmClock(  997): AlarmInitReceiver - resetting volume button default
I/AlarmClock(  997): Displaying next alarm time: ''
V/AlarmClock(  997): AlarmInitReceiver finished
I/ActivityManager(  345): Delay finish: com.android.email/.service.EmailUpgradeBroadcastReceiver
E/MetadataRetrieverClient(   62): failed to extract an album art
I/ActivityManager(  345): Resuming delayed broadcast
I/ActivityManager(  345): Delay finish: com.android.email/.service.EmailBroadcastReceiver
I/Email   (  891): Onetime initialization: 1
I/Email   (  891): Onetime initialization: 2
I/Email   (  891): Onetime initialization: completed.
I/ActivityManager(  345): Delaying start of: ServiceRecord{b34bf960 u0 com.android.exchange/.service.EmailSyncAdapterService}
I/ActivityManager(  345): Resuming delayed broadcast
I/LauncherIconVisibilityManager(  582): Boot has been completed
I/LauncherIconVisibilityManager(  582): Disable activity: ComponentInfo{com.android.inputmethod.latin/com.android.inputmethod.latin.setup.SetupActivity}
D/dalvikvm(  345): GC_CONCURRENT freed 651K, 56% free 5791K/12924K, paused 7ms+5ms, total 64ms
I/ActivityManager(  345): Delay finish: com.android.providers.contacts/.PackageIntentReceiver
W/WindowManager(  345): App freeze timeout expired.
W/WindowManager(  345): Force clearing freeze: AppWindowToken{b360d360 token=Token{b2f01368 ActivityRecord{b2f08908 u0 com.snkplaymore.android007/com.muzhiwan.embed.MzwActivity t4}}}
D/dalvikvm( 1075): GC_CONCURRENT freed 226K, 10% free 2877K/3176K, paused 28ms+3ms, total 120ms
E/StrictMode( 1075): A resource was acquired at attached stack trace but never released. See java.io.Closeable for information on avoiding resource leaks.
E/StrictMode( 1075): java.lang.Throwable: Explicit termination method 'release' not called
E/StrictMode( 1075): 	at dalvik.system.CloseGuard.open(CloseGuard.java:184)
E/StrictMode( 1075): 	at android.drm.DrmManagerClient.<init>(DrmManagerClient.java:258)
E/StrictMode( 1075): 	at com.google.android.mms.pdu.PduPersister.<init>(PduPersister.java:288)
E/StrictMode( 1075): 	at com.google.android.mms.pdu.PduPersister.getPduPersister(PduPersister.java:296)
E/StrictMode( 1075): 	at com.android.mms.transaction.TransactionService.onNewIntent(TransactionService.java:224)
E/StrictMode( 1075): 	at com.android.mms.transaction.TransactionService$ServiceHandler.handleMessage(TransactionService.java:621)
E/StrictMode( 1075): 	at android.os.Handler.dispatchMessage(Handler.java:102)
E/StrictMode( 1075): 	at android.os.Looper.loop(Looper.java:136)
E/StrictMode( 1075): 	at android.os.HandlerThread.run(HandlerThread.java:61)
I/ActivityManager(  345): Resuming delayed broadcast
I/WindowManager(  345): Screen frozen for +5s352ms due to Window{b326e8d8 u0 Starting com.snkplaymore.android007}
E/BluetoothAdapter(  606): Bluetooth binder is null
E/BluetoothAdapter(  606): Bluetooth binder is null
I/ActivityManager(  345): Delay finish: com.android.deskclock/com.android.alarmclock.AnalogAppWidgetProvider
I/ActivityManager(  345): Resuming delayed broadcast
W/BroadcastQueue(  345): Permission Denial: broadcasting Intent { act=android.appwidget.action.APPWIDGET_UPDATE_OPTIONS flg=0x10 cmp=com.android.settings/.widget.SettingsAppWidgetProvider (has extras) } from android (pid=684, uid=10008) is not exported from uid 1000 due to receiver com.android.settings/.widget.SettingsAppWidgetProvider
I/ActivityManager(  345): Start proc com.svox.pico for broadcast com.svox.pico/.VoiceDataInstallerReceiver: pid=1120 uid=10037 gids={50037, 1028, 1015}
D/AlertReceiver(  955): onReceive: a=android.intent.action.PROVIDER_CHANGED Intent { act=android.intent.action.PROVIDER_CHANGED dat=content://com.android.calendar flg=0x10 cmp=com.android.calendar/.alerts.AlertReceiver }
I/ActivityManager(  345): Delay finish: com.android.calendar/.alerts.AlertReceiver
D/AlertService(  955): 0 Action = android.intent.action.PROVIDER_CHANGED
I/ActivityManager(  345): Waited long enough for: ServiceRecord{b35274e8 u0 com.android.music/.MediaPlaybackService}
I/ActivityManager(  345): Resuming delayed broadcast
E/BluetoothAdapter(  606): Bluetooth binder is null
I/ActivityManager(  345): Delay finish: com.android.mms/.transaction.SmsReceiver
V/SmsReceiverService( 1075): onStart: #1 mResultCode: -1 = Activity.RESULT_OK
E/WindowManager(  345): Starting window AppWindowToken{b360d360 token=Token{b2f01368 ActivityRecord{b2f08908 u0 com.snkplaymore.android007/com.muzhiwan.embed.MzwActivity t4}}} timed out
I/ActivityManager(  345): Resuming delayed broadcast
D/ConnectivityService(  345): Sampling interval elapsed, updating statistics ..
D/ConnectivityService(  345): Done.
D/ConnectivityService(  345): Setting timer for 720seconds
W/ActivityManager(  345): Launch timeout has expired, giving up wake lock!
D/MobileDataStateTracker(  345): default: setPolicyDataEnable(enabled=true)
I/ActivityManager(  345): Delay finish: com.android.providers.calendar/.CalendarProviderBroadcastReceiver
I/ActivityManager(  345): Resuming delayed broadcast
D/dalvikvm( 1012): GC_CONCURRENT freed 212K, 9% free 2887K/3172K, paused 4ms+2ms, total 75ms
I/GlobalDismissManager(  955): no sender configured
D/AlertService(  955): Beginning updateAlertNotification
D/AlertService(  955): No fired or scheduled alerts
D/AlertService(  955): Scheduling next alarm with AlarmScheduler. sEventReminderReceived: null
D/AlarmScheduler(  955): No events found starting within 1 week.
I/InputReader(  345): Reconfiguring input devices.  changes=0x00000010
I/InputReader(  345): Reconfiguring input devices.  changes=0x00000010
I/InputReader(  345): Reconfiguring input devices.  changes=0x00000010
I/PackageManager(  345):   Action: "android.intent.action.SENDTO"
I/PackageManager(  345):   Category: "android.intent.category.DEFAULT"
I/PackageManager(  345):   Scheme: "sms"
I/PackageManager(  345): Adding preferred activity ComponentInfo{com.android.mms/com.android.mms.ui.ComposeMessageActivity} for user 0 :
I/PackageManager(  345):   Action: "android.intent.action.SENDTO"
I/PackageManager(  345):   Category: "android.intent.category.DEFAULT"
I/PackageManager(  345):   Scheme: "smsto"
I/PackageManager(  345): Adding preferred activity ComponentInfo{com.android.mms/com.android.mms.ui.ComposeMessageActivity} for user 0 :
I/PackageManager(  345):   Action: "android.intent.action.SENDTO"
I/PackageManager(  345):   Category: "android.intent.category.DEFAULT"
I/PackageManager(  345):   Scheme: "mms"
I/PackageManager(  345): Adding preferred activity ComponentInfo{com.android.mms/com.android.mms.ui.ComposeMessageActivity} for user 0 :
D/dalvikvm(  593): GC_CONCURRENT freed 385K, 14% free 3396K/3908K, paused 3ms+14ms, total 71ms
D/dalvikvm(  345): GC_CONCURRENT freed 713K, 55% free 5854K/12924K, paused 7ms+6ms, total 167ms
D/dalvikvm(  345): WAIT_FOR_CONCURRENT_GC blocked 80ms
I/PackageManager(  345):   Action: "android.intent.action.SENDTO"
I/PackageManager(  345):   Category: "android.intent.category.DEFAULT"
I/PackageManager(  345):   Scheme: "mmsto"
I/PackageManager(  345): Adding preferred activity ComponentInfo{com.android.mms/com.android.mms.ui.ComposeMessageActivity} for user 0 :
I/PackageManager(  345):   Action: "android.intent.action.SENDTO"
I/PackageManager(  345):   Category: "android.intent.category.DEFAULT"
I/PackageManager(  345):   Scheme: "sms"
I/PackageManager(  345): Adding preferred activity ComponentInfo{com.android.mms/com.android.mms.ui.ComposeMessageActivity} for user 0 :
I/PackageManager(  345):   Action: "android.intent.action.SENDTO"
I/PackageManager(  345):   Category: "android.intent.category.DEFAULT"
I/PackageManager(  345):   Scheme: "smsto"
I/PackageManager(  345): Adding preferred activity ComponentInfo{com.android.mms/com.android.mms.ui.ComposeMessageActivity} for user 0 :
I/PackageManager(  345):   Action: "android.intent.action.SENDTO"
I/PackageManager(  345):   Category: "android.intent.category.DEFAULT"
I/PackageManager(  345):   Scheme: "mms"
I/PackageManager(  345): Adding preferred activity ComponentInfo{com.android.mms/com.android.mms.ui.ComposeMessageActivity} for user 0 :
I/PackageManager(  345):   Action: "android.intent.action.SENDTO"
I/PackageManager(  345):   Category: "android.intent.category.DEFAULT"
I/PackageManager(  345):   Scheme: "mmsto"
I/PackageManager(  345): Adding preferred activity ComponentInfo{com.android.mms/com.android.mms.ui.ComposeMessageActivity} for user 0 :
D/dalvikvm(  593): GC_CONCURRENT freed 448K, 15% free 3393K/3948K, paused 3ms+51ms, total 84ms
I/PackageManager(  345):   Action: "android.intent.action.SENDTO"
I/PackageManager(  345):   Category: "android.intent.category.DEFAULT"
I/PackageManager(  345):   Scheme: "sms"
I/PackageManager(  345): Adding preferred activity ComponentInfo{com.android.mms/com.android.mms.ui.ComposeMessageActivity} for user 0 :
I/PackageManager(  345):   Action: "android.intent.action.SENDTO"
I/PackageManager(  345):   Category: "android.intent.category.DEFAULT"
I/PackageManager(  345):   Scheme: "smsto"
I/PackageManager(  345): Adding preferred activity ComponentInfo{com.android.mms/com.android.mms.ui.ComposeMessageActivity} for user 0 :
I/PackageManager(  345):   Action: "android.intent.action.SENDTO"
I/PackageManager(  345):   Category: "android.intent.category.DEFAULT"
I/PackageManager(  345):   Scheme: "mms"
I/PackageManager(  345): Adding preferred activity ComponentInfo{com.android.mms/com.android.mms.ui.ComposeMessageActivity} for user 0 :
D/dalvikvm(  345): GC_CONCURRENT freed 834K, 56% free 5811K/12924K, paused 26ms+5ms, total 143ms
D/dalvikvm(  345): WAIT_FOR_CONCURRENT_GC blocked 38ms
I/PackageManager(  345):   Action: "android.intent.action.SENDTO"
I/PackageManager(  345):   Category: "android.intent.category.DEFAULT"
I/PackageManager(  345):   Scheme: "mmsto"
I/PackageManager(  345): Adding preferred activity ComponentInfo{com.android.mms/com.android.mms.ui.ComposeMessageActivity} for user 0 :
I/PackageManager(  345):   Action: "android.intent.action.SENDTO"
I/PackageManager(  345):   Category: "android.intent.category.DEFAULT"
I/PackageManager(  345):   Scheme: "sms"
I/PackageManager(  345): Adding preferred activity ComponentInfo{com.android.mms/com.android.mms.ui.ComposeMessageActivity} for user 0 :
I/PackageManager(  345):   Action: "android.intent.action.SENDTO"
I/PackageManager(  345):   Category: "android.intent.category.DEFAULT"
I/PackageManager(  345):   Scheme: "smsto"
I/PackageManager(  345): Adding preferred activity ComponentInfo{com.android.mms/com.android.mms.ui.ComposeMessageActivity} for user 0 :
D/dalvikvm(  593): GC_CONCURRENT freed 410K, 15% free 3377K/3948K, paused 11ms+2ms, total 42ms
I/PackageManager(  345):   Action: "android.intent.action.SENDTO"
I/PackageManager(  345):   Category: "android.intent.category.DEFAULT"
I/PackageManager(  345):   Scheme: "mms"
I/PackageManager(  345): Adding preferred activity ComponentInfo{com.android.mms/com.android.mms.ui.ComposeMessageActivity} for user 0 :
I/PackageManager(  345):   Action: "android.intent.action.SENDTO"
I/PackageManager(  345):   Category: "android.intent.category.DEFAULT"
I/PackageManager(  345):   Scheme: "mmsto"
I/PackageManager(  345): Adding preferred activity ComponentInfo{com.android.mms/com.android.mms.ui.ComposeMessageActivity} for user 0 :
I/PackageManager(  345):   Action: "android.intent.action.SENDTO"
I/PackageManager(  345):   Category: "android.intent.category.DEFAULT"
I/PackageManager(  345):   Scheme: "sms"
I/PackageManager(  345): Adding preferred activity ComponentInfo{com.android.mms/com.android.mms.ui.ComposeMessageActivity} for user 0 :
I/PackageManager(  345):   Action: "android.intent.action.SENDTO"
I/PackageManager(  345):   Category: "android.intent.category.DEFAULT"
I/PackageManager(  345):   Scheme: "smsto"
I/PackageManager(  345): Adding preferred activity ComponentInfo{com.android.mms/com.android.mms.ui.ComposeMessageActivity} for user 0 :
I/PackageManager(  345):   Action: "android.intent.action.SENDTO"
I/PackageManager(  345):   Category: "android.intent.category.DEFAULT"
I/PackageManager(  345):   Scheme: "mms"
I/PackageManager(  345): Adding preferred activity ComponentInfo{com.android.mms/com.android.mms.ui.ComposeMessageActivity} for user 0 :
D/dalvikvm(  345): GC_CONCURRENT freed 820K, 56% free 5763K/12924K, paused 7ms+5ms, total 100ms
D/dalvikvm(  345): WAIT_FOR_CONCURRENT_GC blocked 25ms
I/PackageManager(  345):   Action: "android.intent.action.SENDTO"
I/PackageManager(  345):   Category: "android.intent.category.DEFAULT"
I/PackageManager(  345):   Scheme: "mmsto"
I/PackageManager(  345): Adding preferred activity ComponentInfo{com.android.mms/com.android.mms.ui.ComposeMessageActivity} for user 0 :
D/dalvikvm(  593): GC_CONCURRENT freed 454K, 15% free 3381K/3948K, paused 4ms+12ms, total 48ms
I/PackageManager(  345):   Action: "android.intent.action.SENDTO"
I/PackageManager(  345):   Category: "android.intent.category.DEFAULT"
I/PackageManager(  345):   Scheme: "sms"
I/PackageManager(  345): Adding preferred activity ComponentInfo{com.android.mms/com.android.mms.ui.ComposeMessageActivity} for user 0 :
I/PackageManager(  345):   Action: "android.intent.action.SENDTO"
I/PackageManager(  345):   Category: "android.intent.category.DEFAULT"
I/PackageManager(  345):   Scheme: "smsto"
I/PackageManager(  345): Adding preferred activity ComponentInfo{com.android.mms/com.android.mms.ui.ComposeMessageActivity} for user 0 :
I/PackageManager(  345):   Action: "android.intent.action.SENDTO"
I/PackageManager(  345):   Category: "android.intent.category.DEFAULT"
I/PackageManager(  345):   Scheme: "mms"
I/PackageManager(  345): Adding preferred activity ComponentInfo{com.android.mms/com.android.mms.ui.ComposeMessageActivity} for user 0 :
I/PackageManager(  345):   Action: "android.intent.action.SENDTO"
I/PackageManager(  345):   Category: "android.intent.category.DEFAULT"
I/PackageManager(  345):   Scheme: "mmsto"
I/PackageManager(  345): Adding preferred activity ComponentInfo{com.android.mms/com.android.mms.ui.ComposeMessageActivity} for user 0 :
D/dalvikvm(  345): GC_CONCURRENT freed 736K, 56% free 5735K/12924K, paused 35ms+5ms, total 194ms
D/AndroidRuntime( 1145): 
D/AndroidRuntime( 1145): >>>>>> AndroidRuntime START com.android.internal.os.RuntimeInit <<<<<<
D/AndroidRuntime( 1145): CheckJNI is ON
D/dalvikvm( 1145): Trying to load lib libjavacore.so 0x0
D/dalvikvm( 1145): Added shared lib libjavacore.so 0x0
D/dalvikvm( 1145): Trying to load lib libnativehelper.so 0x0
D/dalvikvm( 1145): Added shared lib libnativehelper.so 0x0
D/dalvikvm( 1145): No JNI_OnLoad found in libnativehelper.so 0x0, skipping init
V/AlarmClock(  997): AlarmInitReceiver android.intent.action.TIME_SET
D/dalvikvm( 1145): Note: class Landroid/app/ActivityManagerNative; has 179 unimplemented (abstract) methods
I/AlarmClock(  997): Displaying next alarm time: ''
V/AlarmClock(  997): AlarmInitReceiver finished
E/memtrack( 1145): Couldn't load memtrack module (No such file or directory)
E/android.os.Debug( 1145): failed to load memtrack module: -2
D/AndroidRuntime( 1145): Calling main entry com.android.commands.am.Am
D/gralloc (   58): Registering a buffer in the process that created it. This may cause memory ordering problems.
E/libEGL  (   58): called unimplemented OpenGL ES API
E/libEGL  (   58): called unimplemented OpenGL ES API
E/libEGL  (   58): called unimplemented OpenGL ES API
E/libEGL  (   58): called unimplemented OpenGL ES API
E/SurfaceFlinger(   58): glCheckFramebufferStatusOES error 47867007
E/SurfaceFlinger(   58): got GL_FRAMEBUFFER_COMPLETE_OES error while taking screenshot
E/libEGL  (   58): called unimplemented OpenGL ES API
E/libEGL  (   58): called unimplemented OpenGL ES API
D/gralloc (   58): Registering a buffer in the process that created it. This may cause memory ordering problems.
E/libEGL  (   58): called unimplemented OpenGL ES API
E/libEGL  (   58): called unimplemented OpenGL ES API
E/libEGL  (   58): called unimplemented OpenGL ES API
E/libEGL  (   58): called unimplemented OpenGL ES API
E/SurfaceFlinger(   58): glCheckFramebufferStatusOES error 47867007
E/SurfaceFlinger(   58): got GL_FRAMEBUFFER_COMPLETE_OES error while taking screenshot
E/libEGL  (   58): called unimplemented OpenGL ES API
E/libEGL  (   58): called unimplemented OpenGL ES API
I/InputReader(  345): Reconfiguring input devices.  changes=0x00000004
I/InputReader(  345): Device reconfigured: id=0, name='qwerty2', size 480x864, orientation 1, mode 1, display id 0
D/PhoneStatusBar(  442): mSettingsPanelGravity = 55
I/Choreographer(  442): Skipped 151 frames!  The application may be doing too much work on its main thread.
D/dalvikvm(  442): GC_FOR_ALLOC freed 3088K, 48% free 3588K/6784K, paused 23ms, total 25ms
I/dalvikvm-heap(  442): Grow heap (frag case) to 6.497MB for 3072016-byte allocation
D/Launcher.Model(  684): Reload apps on config change. curr_mcc:310 prevmcc:0
D/dalvikvm(  442): GC_CONCURRENT freed 7K, 3% free 6581K/6784K, paused 5ms+3ms, total 64ms
I/Launcher(  684): setLoadOnResume
I/Choreographer(  684): Skipped 144 frames!  The application may be doing too much work on its main thread.
D/dalvikvm( 1157): Trying to load lib /data/app-lib/com.snkplaymore.android007-1/libmzwinject.so 0xb2d60fd8
D/dalvikvm( 1157): Added shared lib /data/app-lib/com.snkplaymore.android007-1/libmzwinject.so 0xb2d60fd8
D/dalvikvm( 1157): No JNI_OnLoad found in /data/app-lib/com.snkplaymore.android007-1/libmzwinject.so 0xb2d60fd8, skipping init
I/mzw_sdk_loader( 1157): com.snkplaymore.android007
I/mzw_sdk_loader( 1157): /sdk/pack
I/mzw_sdk_loader( 1157): start create sb
I/mzw_sdk_loader( 1157): create sb complete
I/mzw_sdk_loader( 1157): call append
I/mzw_sdk_loader( 1157): start create sb
I/mzw_sdk_loader( 1157): create sb complete
I/mzw_sdk_loader( 1157): call append
I/mzw_sdk_loader( 1157): /data/data/com.snkplaymore.android007/mzwres/
I/mzw_sdk_loader( 1157): start create sb
I/mzw_sdk_loader( 1157): create sb complete
I/mzw_sdk_loader( 1157): call append
I/mzw_sdk_loader( 1157): /data/data/com.snkplaymore.android007/mzwres//sdk/pack
E/mzw_sdk_loader( 1157): getpackfile complete
E/mzw_sdk_loader( 1157): create packfile
I/Choreographer(  442): Skipped 130 frames!  The application may be doing too much work on its main thread.
I/Choreographer(  442): Skipped 40 frames!  The application may be doing too much work on its main thread.
D/dalvikvm( 1157): GC_CONCURRENT freed 201K, 9% free 3004K/3280K, paused 5ms+2ms, total 93ms
D/dalvikvm( 1157): WAIT_FOR_CONCURRENT_GC blocked 14ms
D/dalvikvm( 1157): GC_FOR_ALLOC freed 255K, 14% free 3108K/3584K, paused 16ms, total 17ms
D/dalvikvm( 1157): GC_CONCURRENT freed 193K, 7% free 3366K/3616K, paused 13ms+4ms, total 55ms
D/dalvikvm( 1157): GC_CONCURRENT freed 288K, 10% free 3495K/3856K, paused 5ms+4ms, total 48ms
I/ARMAssembler(   58): generated scanline__00000077:03010104_00008001_00000000 [ 89 ipp] (110 ins) at [0xb5ad9680:0xb5ad9838] in 10000000 ns
I/Choreographer(  345): Skipped 38 frames!  The application may be doing too much work on its main thread.
I/Choreographer(  345): Skipped 36 frames!  The application may be doing too much work on its main thread.
E/mzw_sdk_loader( 1157): create packfile complete
I/mzw_sdk_loader( 1157): start create sb
I/mzw_sdk_loader( 1157): create sb complete
I/mzw_sdk_loader( 1157): call append
I/mzw_sdk_loader( 1157): start create sb
I/mzw_sdk_loader( 1157): create sb complete
I/mzw_sdk_loader( 1157): call append
I/mzw_sdk_loader( 1157): start create sb
I/mzw_sdk_loader( 1157): create sb complete
I/mzw_sdk_loader( 1157): call append
E/mzw_sdk_loader( 1157): getdexfile complete
E/mzw_sdk_loader( 1157): create dexfile
E/mzw_sdk_loader( 1157): eeeee
E/mzw_sdk_loader( 1157): create dexfile complete
E/mzw_sdk_loader( 1157): to load dex
I/mzw_sdk_loader( 1157): start create sb
I/mzw_sdk_loader( 1157): create sb complete
I/mzw_sdk_loader( 1157): call append
I/mzw_sdk_loader( 1157): start create sb
I/mzw_sdk_loader( 1157): create sb complete
I/mzw_sdk_loader( 1157): call append
I/mzw_sdk_loader( 1157): start create sb
I/mzw_sdk_loader( 1157): create sb complete
I/mzw_sdk_loader( 1157): call append
I/mzw_sdk_loader( 1157): start create sb
I/mzw_sdk_loader( 1157): create sb complete
I/mzw_sdk_loader( 1157): call append
D/dalvikvm(  345): GC_EXPLICIT freed 242K, 56% free 5751K/12924K, paused 6ms+6ms, total 103ms
D/dalvikvm( 1157): DexOpt: --- BEGIN 'mzw.jar' (bootstrap=0) ---
D/AndroidRuntime( 1145): Shutting down VM
D/dalvikvm( 1145): GC_CONCURRENT freed 98K, 15% free 589K/692K, paused 2ms+1ms, total 21ms
D/dalvikvm( 1171): DexOpt: couldn't find static field Lcom/inject_umeng/example/R$id;.menu_loginorout
D/dalvikvm( 1171): DexOpt: load 558ms, verify+opt 3463ms, 3501636 bytes
D/dalvikvm( 1157): DexOpt: --- END 'mzw.jar' (success) ---
D/dalvikvm( 1157): DEX prep '/data/data/com.snkplaymore.android007/mzwres/sdk/mzw.jar': unzip in 216ms, rewrite 4676ms
D/dalvikvm( 1157): GC_CONCURRENT freed 234K, 8% free 3774K/4080K, paused 4ms+3ms, total 46ms
D/dalvikvm( 1157): WAIT_FOR_CONCURRENT_GC blocked 17ms
D/dalvikvm( 1157): GC_CONCURRENT freed 60K, 4% free 4166K/4324K, paused 13ms+4ms, total 58ms
D/dalvikvm( 1157): GC_CONCURRENT freed 187K, 6% free 4403K/4684K, paused 3ms+4ms, total 49ms
D/dalvikvm( 1157): GC_CONCURRENT freed 169K, 6% free 4732K/5004K, paused 4ms+12ms, total 61ms
E/mzw_sdk_loader( 1157): load dex complete
E/mzw_sdk_loader( 1157): have res
I/mzw_sdk_loader( 1157): start create sb
I/mzw_sdk_loader( 1157): create sb complete
I/mzw_sdk_loader( 1157): call append
I/mzw_sdk_loader( 1157): start create sb
I/mzw_sdk_loader( 1157): create sb complete
I/mzw_sdk_loader( 1157): call append
I/mzw_sdk_loader( 1157): start create sb
I/mzw_sdk_loader( 1157): create sb complete
I/mzw_sdk_loader( 1157): call append
E/mzw_sdk_loader( 1157): copy res
I/mzw_sdk_loader( 1157): start create sb
I/mzw_sdk_loader( 1157): create sb complete
I/mzw_sdk_loader( 1157): call append
I/mzw_sdk_loader( 1157): start create sb
I/mzw_sdk_loader( 1157): create sb complete
I/mzw_sdk_loader( 1157): call append
I/mzw_sdk_loader( 1157): start create sb
I/mzw_sdk_loader( 1157): create sb complete
I/mzw_sdk_loader( 1157): call append
I/mzw_sdk_loader( 1157): start create sb
I/mzw_sdk_loader( 1157): create sb complete
I/mzw_sdk_loader( 1157): call append
I/mzw_sdk_loader( 1157): start create sb
I/mzw_sdk_loader( 1157): create sb complete
I/mzw_sdk_loader( 1157): call append
I/mzw_sdk_loader( 1157): start create sb
I/mzw_sdk_loader( 1157): create sb complete
I/mzw_sdk_loader( 1157): call append
I/mzw_sdk2_loader( 1157): /data/data/com.snkplaymore.android007/mzwres/sdk/res/muzhiwan_370.zip
D/        (  345): Setting time of day to sec=1545896761
E/mzw_sdk_loader( 1157): check res
I/mzw_sdk_loader( 1157): start create sb
I/mzw_sdk_loader( 1157): create sb complete
I/mzw_sdk_loader( 1157): call append
I/mzw_sdk_loader( 1157): start create sb
I/mzw_sdk_loader( 1157): create sb complete
I/mzw_sdk_loader( 1157): call append
I/mzw_sdk_loader( 1157): start create sb
I/mzw_sdk_loader( 1157): create sb complete
I/mzw_sdk_loader( 1157): call append
I/mzw_sdk_loader( 1157): start create sb
I/mzw_sdk_loader( 1157): create sb complete
I/mzw_sdk_loader( 1157): call append
I/mzw_sdk_loader( 1157): start create sb
I/mzw_sdk_loader( 1157): create sb complete
I/mzw_sdk_loader( 1157): call append
I/mzw_sdk_loader( 1157): start create sb
I/mzw_sdk_loader( 1157): create sb complete
I/mzw_sdk_loader( 1157): call append
I/mzw_sdk_loader( 1157): start create sb
I/mzw_sdk_loader( 1157): create sb complete
I/mzw_sdk_loader( 1157): call append
I/mzw_sdk_loader( 1157): start create sb
I/mzw_sdk_loader( 1157): create sb complete
I/mzw_sdk_loader( 1157): call append
I/mzw_sdk_loader( 1157): start create sb
I/mzw_sdk_loader( 1157): create sb complete
I/mzw_sdk_loader( 1157): call append
I/mzw_sdk2_loader( 1157): /data/data/com.snkplaymore.android007/mzwres/sdk/res/muzhiwan_370.zip
E/mzw_sdk_loader( 1157): done
W/System.err( 1157): java.lang.ClassNotFoundException: com.muzhiwan.lib.common.utils.ResourceUtils
W/System.err( 1157): 	at java.lang.Class.classForName(Native Method)
W/System.err( 1157): 	at java.lang.Class.forName(Class.java:251)
W/System.err( 1157): 	at java.lang.Class.forName(Class.java:216)
W/System.err( 1157): 	at com.muzhiwan.embed.sdk.PopUtils.openSDKTag(PopUtils.java:80)
W/System.err( 1157): 	at com.dotemu.neogeo.kof98.Kof98Application.onCreate(Kof98Application.java)
W/System.err( 1157): 	at android.app.Instrumentation.callApplicationOnCreate(Instrumentation.java:1007)
W/System.err( 1157): 	at android.app.ActivityThread.handleBindApplication(ActivityThread.java:4328)
W/System.err( 1157): 	at android.app.ActivityThread.access$1500(ActivityThread.java:135)
W/System.err( 1157): 	at android.app.ActivityThread$H.handleMessage(ActivityThread.java:1256)
W/System.err( 1157): 	at android.os.Handler.dispatchMessage(Handler.java:102)
W/System.err( 1157): 	at android.os.Looper.loop(Looper.java:136)
W/System.err( 1157): 	at android.app.ActivityThread.main(ActivityThread.java:5001)
W/System.err( 1157): 	at java.lang.reflect.Method.invokeNative(Native Method)
W/System.err( 1157): 	at java.lang.reflect.Method.invoke(Method.java:515)
W/System.err( 1157): 	at com.android.internal.os.ZygoteInit$MethodAndArgsCaller.run(ZygoteInit.java:785)
W/System.err( 1157): 	at com.android.internal.os.ZygoteInit.main(ZygoteInit.java:601)
W/System.err( 1157): 	at dalvik.system.NativeStart.main(Native Method)
W/System.err( 1157): Caused by: java.lang.NoClassDefFoundError: com/muzhiwan/lib/common/utils/ResourceUtils
W/System.err( 1157): 	... 17 more
W/System.err( 1157): Caused by: java.lang.ClassNotFoundException: Didn't find class "com.muzhiwan.lib.common.utils.ResourceUtils" on path: DexPathList[[zip file "/data/app/com.snkplaymore.android007-1.apk"],nativeLibraryDirectories=[/data/app-lib/com.snkplaymore.android007-1, /system/lib]]
W/System.err( 1157): 	at dalvik.system.BaseDexClassLoader.findClass(BaseDexClassLoader.java:56)
W/System.err( 1157): 	at java.lang.ClassLoader.loadClass(ClassLoader.java:497)
W/System.err( 1157): 	at java.lang.ClassLoader.loadClass(ClassLoader.java:457)
W/System.err( 1157): 	... 17 more
I/mzw_logger( 1157): bind logger:-1292090768
I/ActivityManager(  345): Start proc com.snkplaymore.android007:helper for service com.snkplaymore.android007/com.muzhiwan.embed.LogService: pid=1172 uid=10052 gids={50052, 1028, 1015, 3001, 3002, 3003}
D/dalvikvm( 1172): Trying to load lib /data/app-lib/com.snkplaymore.android007-1/libmzwinject.so 0xb2d61990
D/dalvikvm( 1172): Added shared lib /data/app-lib/com.snkplaymore.android007-1/libmzwinject.so 0xb2d61990
D/dalvikvm( 1172): No JNI_OnLoad found in /data/app-lib/com.snkplaymore.android007-1/libmzwinject.so 0xb2d61990, skipping init
I/mzw_sdk_loader( 1172): com.snkplaymore.android007
I/mzw_sdk_loader( 1172): /sdk/pack
I/mzw_sdk_loader( 1172): start create sb
I/mzw_sdk_loader( 1172): create sb complete
I/mzw_sdk_loader( 1172): call append
I/mzw_sdk_loader( 1172): start create sb
I/mzw_sdk_loader( 1172): create sb complete
I/mzw_sdk_loader( 1172): call append
I/mzw_sdk_loader( 1172): /data/data/com.snkplaymore.android007/mzwres/
I/mzw_sdk_loader( 1172): start create sb
I/mzw_sdk_loader( 1172): create sb complete
I/mzw_sdk_loader( 1172): call append
I/mzw_sdk_loader( 1172): /data/data/com.snkplaymore.android007/mzwres//sdk/pack
E/mzw_sdk_loader( 1172): getpackfile complete
I/mzw_sdk_loader( 1172): start create sb
I/mzw_sdk_loader( 1172): create sb complete
I/mzw_sdk_loader( 1172): call append
I/mzw_sdk_loader( 1172): start create sb
I/mzw_sdk_loader( 1172): create sb complete
I/mzw_sdk_loader( 1172): call append
I/mzw_sdk_loader( 1172): start create sb
I/mzw_sdk_loader( 1172): create sb complete
I/mzw_sdk_loader( 1172): call append
E/mzw_sdk_loader( 1172): getdexfile complete
E/mzw_sdk_loader( 1172): to load dex
I/mzw_sdk_loader( 1172): start create sb
I/mzw_sdk_loader( 1172): create sb complete
I/mzw_sdk_loader( 1172): call append
I/mzw_sdk_loader( 1172): start create sb
I/mzw_sdk_loader( 1172): create sb complete
I/mzw_sdk_loader( 1172): call append
I/mzw_sdk_loader( 1172): start create sb
I/mzw_sdk_loader( 1172): create sb complete
I/mzw_sdk_loader( 1172): call append
I/mzw_sdk_loader( 1172): start create sb
I/mzw_sdk_loader( 1172): create sb complete
I/mzw_sdk_loader( 1172): call append
D/dalvikvm( 1157): GC_CONCURRENT freed 884K, 18% free 4506K/5484K, paused 7ms+12ms, total 106ms
D/dalvikvm( 1157): WAIT_FOR_CONCURRENT_GC blocked 39ms
D/dalvikvm(  593): GC_CONCURRENT freed 460K, 17% free 3305K/3944K, paused 3ms+3ms, total 34ms
D/InitAlarmsService(  955): Clearing and rescheduling alarms.
I/mzw_sdk_basepath( 1157): path:/storage/sdcard
I/mzw_sdk_basepath( 1157): create:/storage/sdcard,ret:true
I/mzw_sdk_basepath( 1157): create:/storage/sdcard/Android/data/com.muzhiwan.gamehelper.backup,ret:true
I/mzw_sdk_basepath( 1157): create:/storage/sdcard/Android/data/com.muzhiwan.gamehelper.backup/xml,ret:true
I/mzw_sdk_basepath( 1157): create:/storage/sdcard/Android/data/com.muzhiwan.gamehelper.backup/image,ret:true
I/mzw_sdk_basepath( 1157): create:/storage/sdcard/Android/data/com.muzhiwan.gamehelper.backup/log,ret:true
I/mzw_sdk_basepath( 1157): create:/storage/sdcard/MzwBackup,ret:true
I/mzw_sdk_basepath( 1157): create:/storage/sdcard/MzwBackup/Local,ret:true
I/mzw_sdk_basepath( 1157): create:/storage/sdcard/MzwBackup/download,ret:true
I/mzw_sdk_basepath( 1157): create:/storage/sdcard/MzwBackup/user,ret:true
I/mzw_sdk_basepath( 1157): create:/storage/sdcard/MzwBackup/db,ret:true
E/VersionUtils( 1157): Could not find version file /com/j256/ormlite/core/VERSION.txt
E/VersionUtils( 1157): Could not find version file /com/j256/ormlite/android/VERSION.txt
D/dalvikvm( 1157): GC_CONCURRENT freed 498K, 18% free 4502K/5484K, paused 16ms+13ms, total 116ms
E/VersionUtils( 1157): Could not find version file /com/j256/ormlite/core/VERSION.txt
E/VersionUtils( 1157): Could not find version file /com/j256/ormlite/android/VERSION.txt
I/TableUtils( 1157): creating table 'savefile'
