E/ConnectivityService(  345): Exception trying to add a route: java.lang.IllegalStateException: command '47 interface fwmark exempt add 172.217.23.14/32' failed with '400 47 Failed to add exemption rule (File exists)'
D/ConnectivityService(  345): requestRouteToHostAddress ok=false
D/ConnectivityService(  345): [CheckMp] isMobileOk: could not establish route to hostAddr=clients3.google.com/172.217.23.14
D/ActivityThread(  932): Loading provider com.android.email.provider;com.android.email.notifier: com.android.email.provider.EmailProvider
W/RecognitionManagerService(  345): no available voice recognition services found for user 0
V/MediaScanner(  618): pruneDeadThumbnailFiles... android.database.sqlite.SQLiteCursor@b2c9d1e0
V/MediaScanner(  618): /pruneDeadThumbnailFiles... android.database.sqlite.SQLiteCursor@b2c9d1e0
I/ContactDirectoryManager(  549): deleted 0 stale rows which don't have any relevant directory
D/dalvikvm(  932): GC_CONCURRENT freed 211K, 9% free 2887K/3172K, paused 13ms+2ms, total 65ms
I/ContactDirectoryManager(  549): Discovered 0 contact directories in 4079ms
I/ContactsProvider(  549): Upgrading aggregation algorithm
I/ContactAggregator(  549): Marked all visible contacts for aggregation: 0 raw contacts, 6 ms
I/ContactsProvider(  549): Aggregation algorithm upgraded for 0 raw contacts in 56ms
I/ActivityManager(  345): Start proc com.android.calendar for broadcast com.android.calendar/.widget.CalendarAppWidgetService$CalendarFactory: pid=950 uid=10016 gids={50016, 3003}
I/MediaFocusControl(  345):   Remote Control   registerMediaButtonIntent() for PendingIntent{b2f2d1f8: PendingIntentRecord{b2fc74d0 com.android.music broadcastIntent}}
D/ExtensionsFactory(  950): No custom extensions.
I/ActivityManager(  345): Start proc com.android.deskclock for broadcast com.android.deskclock/.AlarmInitReceiver: pid=969 uid=10020 gids={50020, 1028}
I/ActivityManager(  345): Start proc com.android.providers.calendar for content provider com.android.providers.calendar/.CalendarProvider2: pid=977 uid=10001 gids={50001, 3003, 1028, 1015}
D/dalvikvm(   58): GC_EXPLICIT freed 40K, 4% free 2705K/2816K, paused 2ms+2ms, total 58ms
D/dalvikvm(   58): GC_EXPLICIT freed <1K, 4% free 2705K/2816K, paused 2ms+2ms, total 43ms
D/dalvikvm(   58): GC_EXPLICIT freed <1K, 4% free 2705K/2816K, paused 13ms+12ms, total 55ms
V/AlarmClock(  969): AlarmInitReceiver android.intent.action.TIMEZONE_CHANGED
D/dalvikvm(  345): GC_CONCURRENT freed 609K, 53% free 5742K/11972K, paused 4ms+4ms, total 57ms
I/CalendarDatabaseHelper(  977): Bootstrapping database
I/AlarmClock(  969): Alarms Table created
I/AlarmClock(  969): Instance table created
I/AlarmClock(  969): Cities table created
I/AlarmClock(  969): Inserting default alarms
I/AlarmClock(  969): Displaying next alarm time: ''
W/BackupManagerService(  345): dataChanged but no participant pkg='com.android.providers.settings' uid=10020
V/AlarmClock(  969): AlarmInitReceiver finished
I/ActivityManager(  345): Start proc com.android.dialer for broadcast com.android.dialer/.calllog.CallLogReceiver: pid=995 uid=10004 gids={50004, 3003, 1028, 1015}
I/CalendarProvider2(  977): Created com.android.providers.calendar.CalendarAlarmManager@b2ccb8d8(com.android.providers.calendar.CalendarProvider2@b2cb7fb0)
D/ExtensionsFactory(  995): No custom extensions.
I/ContactsFTS(  549): Rebuild contact search index in 1815ms, 0 contacts
D/dalvikvm(  549): GC_CONCURRENT freed 262K, 10% free 3085K/3416K, paused 4ms+2ms, total 44ms
E/logwrapper( 1009): executing /system/bin/ip failed: No such file or directory
E/ConnectivityService(  345): Exception trying to add a route: java.lang.IllegalStateException: command '49 interface fwmark exempt add 10.0.2.2/32' failed with '400 49 Failed to add exemption rule (File exists)'
E/logwrapper( 1010): executing /system/bin/ip failed: No such file or directory
E/ConnectivityService(  345): Exception trying to add a route: java.lang.IllegalStateException: command '51 interface fwmark exempt add 172.217.23.14/32' failed with '400 51 Failed to add exemption rule (File exists)'
D/ConnectivityService(  345): requestRouteToHostAddress ok=false
D/ConnectivityService(  345): [CheckMp] isMobileOk: could not establish route to hostAddr=clients3.google.com/172.217.23.14
W/ActivityManager(  345): Unable to start service Intent { cmp=com.android.email/.service.AttachmentDownloadService } U=0: not found
W/ActivityManager(  345): Unable to start service Intent { cmp=com.android.email/.service.AttachmentDownloadService } U=0: not found
I/Email   (  932): Observing account changes for notifications
I/ActivityManager(  345): Delay finish: com.android.dialer/.calllog.CallLogReceiver
I/ActivityManager(  345): Resuming delayed broadcast
E/BluetoothAdapter(  345): Bluetooth binder is null
E/BluetoothAdapter(  345): Bluetooth binder is null
V/WiredAccessoryManager(  345): init()
I/PowerManagerService(  345): Boot animation finished.
E/SoundPool(  345): error loading /system/media/audio/ui/Effect_Tick.ogg
W/AudioService(  345): Soundpool could not load file: /system/media/audio/ui/Effect_Tick.ogg
E/SoundPool(  345): error loading /system/media/audio/ui/Effect_Tick.ogg
W/AudioService(  345): Soundpool could not load file: /system/media/audio/ui/Effect_Tick.ogg
E/SoundPool(  345): error loading /system/media/audio/ui/Effect_Tick.ogg
W/AudioService(  345): Soundpool could not load file: /system/media/audio/ui/Effect_Tick.ogg
E/SoundPool(  345): error loading /system/media/audio/ui/Effect_Tick.ogg
W/AudioService(  345): Soundpool could not load file: /system/media/audio/ui/Effect_Tick.ogg
E/SoundPool(  345): error loading /system/media/audio/ui/Effect_Tick.ogg
W/AudioService(  345): Soundpool could not load file: /system/media/audio/ui/Effect_Tick.ogg
E/SoundPool(  345): error loading /system/media/audio/ui/KeypressStandard.ogg
W/AudioService(  345): Soundpool could not load file: /system/media/audio/ui/KeypressStandard.ogg
E/SoundPool(  345): error loading /system/media/audio/ui/KeypressSpacebar.ogg
W/AudioService(  345): Soundpool could not load file: /system/media/audio/ui/KeypressSpacebar.ogg
E/SoundPool(  345): error loading /system/media/audio/ui/KeypressDelete.ogg
W/AudioService(  345): Soundpool could not load file: /system/media/audio/ui/KeypressDelete.ogg
E/SoundPool(  345): error loading /system/media/audio/ui/KeypressReturn.ogg
W/AudioService(  345): Soundpool could not load file: /system/media/audio/ui/KeypressReturn.ogg
E/SoundPool(  345): error loading /system/media/audio/ui/KeypressInvalid.ogg
W/AudioService(  345): Soundpool could not load file: /system/media/audio/ui/KeypressInvalid.ogg
W/AudioService(  345): onLoadSoundEffects(), Error -1 while loading samples
I/RecoverySystem(  345): No recovery log file
I/BootReceiver(  345): Copying audit failures to DropBox
I/BootReceiver(  345): Checking for fsck errors
I/CalendarProvider2(  977): Sending notification intent: Intent { act=android.intent.action.PROVIDER_CHANGED dat=content://com.android.calendar }
W/ContentResolver(  977): Failed to get type for: content://com.android.calendar (Unknown URL content://com.android.calendar)
I/ActivityManager(  345): Start proc com.android.mms for broadcast com.android.mms/.transaction.MmsSystemEventReceiver: pid=1027 uid=10009 gids={50009, 3003, 1028, 1015}
D/CountryDetector(  345): The first listener is added
I/MediaProvider(  618): Upgrading media database from version 0 to 700, which will destroy all old data
V/MmsConfig( 1027): mnc/mcc: 310260
V/MmsConfig( 1027): tag: bool value: enabledMMS - true
V/MmsConfig( 1027): tag: int value: maxMessageSize - 307200
V/MmsConfig( 1027): tag: int value: maxImageHeight - 480
V/MmsConfig( 1027): tag: int value: maxImageWidth - 640
D/dalvikvm(  345): GC_CONCURRENT freed 707K, 53% free 5671K/11972K, paused 16ms+4ms, total 67ms
V/MmsConfig( 1027): tag: int value: defaultSMSMessagesPerThread - 10000
V/MmsConfig( 1027): tag: int value: defaultMMSMessagesPerThread - 1000
V/MmsConfig( 1027): tag: int value: minMessageCountPerThread - 10
V/MmsConfig( 1027): tag: int value: maxMessageCountPerThread - 5000
V/MmsConfig( 1027): tag: string value: uaProfUrl - http://www.google.com/oha/rdf/ua-profile-kila.xml
V/MmsConfig( 1027): tag: int value: recipientLimit - -1
V/MmsConfig( 1027): tag: bool value: enableMultipartSMS - true
V/MmsConfig( 1027): tag: int value: smsToMmsTextThreshold - -1
V/MmsConfig( 1027): tag: bool value: enableSlideDuration - true
V/MmsConfig( 1027): tag: int value: maxMessageTextSize - -1
E/SQLiteLog(  618): (1) no such table: files
I/ActivityManager(  345): Delay finish: com.android.mms/.transaction.MmsSystemEventReceiver
D/Mms:app ( 1027): cancelNotification
E/WVMExtractor(   60): Failed to open libwvm.so
D/dalvikvm(  618): GC_CONCURRENT freed 243K, 10% free 3029K/3340K, paused 6ms+2ms, total 45ms
D/ConnectivityService(  345): [CheckMp] isMobileOk: too many loops tried - giving up
D/ConnectivityService(  345): [CheckMp] isMobileOk: X loops|timed out result=0
D/ConnectivityService(  345): [CheckMp] isMobileOk: F stop hipri
D/MobileDataStateTracker(  345): default: setEnableFailFastMobileData(enabled=0)
V/MediaScanner(  618): pruneDeadThumbnailFiles... android.database.sqlite.SQLiteCursor@b2ca0aa8
V/MediaScanner(  618): /pruneDeadThumbnailFiles... android.database.sqlite.SQLiteCursor@b2ca0aa8
D/ConnectivityService(  345): stopUsingNetworkFeature: teardown net 0: enableHIPRI
D/MobileDataStateTracker(  345): hipri: Broadcast received: android.intent.action.ANY_DATA_STATE apnType=hipri
D/MobileDataStateTracker(  345): hipri: Received state=DISCONNECTED, old=CONNECTED, reason=dataDisabled
D/MobileDataStateTracker(  345): hipri: setDetailed state, old =CONNECTED and new state=DISCONNECTED
D/ConnectivityService(  345): ConnectivityChange for mobile_hipri: DISCONNECTED/DISCONNECTED
E/logwrapper( 1050): executing /system/bin/ip failed: No such file or directory
I/ActivityManager(  345): Resuming delayed broadcast
E/SecondaryTablController(   54): ip route del failed: /system/bin/ip route del 10.0.2.2/32 via 0.0.0.0 dev eth0 table 60
W/FrameworkListener(   54): Handler 'interface' error (No such device)
E/logwrapper( 1051): executing /system/bin/ip failed: No such file or directory
E/SecondaryTablController(   54): ip route del failed: /system/bin/ip route del 0.0.0.0/0 via 10.0.2.2 dev eth0 table 60
W/FrameworkListener(   54): Handler 'interface' error (No such device)
D/Nat464Xlat(  345): requiresClat: netType=5, hasIPv4Address=true
D/MobileDataStateTracker(  345): default: setPolicyDataEnable(enabled=true)
E/MetadataRetrieverClient(   60): failed to extract an album art
I/ActivityManager(  345): Delay finish: com.android.mms/.transaction.SmsReceiver
D/MmsSmsDatabaseHelper(  603): [MmsSmsDb] tableName: threads hasAutoIncrement: CREATE TABLE threads (_id INTEGER PRIMARY KEY AUTOINCREMENT,date INTEGER DEFAULT 0,message_count INTEGER DEFAULT 0,recipient_ids TEXT,snippet TEXT,snippet_cs INTEGER DEFAULT 0,read INTEGER DEFAULT 1,type INTEGER DEFAULT 0,error INTEGER DEFAULT 0,has_attachment INTEGER DEFAULT 0) result: true
D/MmsSmsDatabaseHelper(  603): [MmsSmsDb] tableName: canonical_addresses hasAutoIncrement: CREATE TABLE canonical_addresses (_id INTEGER PRIMARY KEY AUTOINCREMENT,address TEXT) result: true
D/MmsSmsDatabaseHelper(  603): [MmsSmsDb] tableName: part hasAutoIncrement: CREATE TABLE part (_id INTEGER PRIMARY KEY AUTOINCREMENT,mid INTEGER,seq INTEGER DEFAULT 0,ct TEXT,name TEXT,chset INTEGER,cd TEXT,fn TEXT,cid TEXT,cl TEXT,ctt_s INTEGER,ctt_t TEXT,_data TEXT,text TEXT) result: true
D/MmsSmsDatabaseHelper(  603): [MmsSmsDb] tableName: pdu hasAutoIncrement: CREATE TABLE pdu (_id INTEGER PRIMARY KEY AUTOINCREMENT,thread_id INTEGER,date INTEGER,date_sent INTEGER DEFAULT 0,msg_box INTEGER,read INTEGER DEFAULT 0,m_id TEXT,sub TEXT,sub_cs INTEGER,ct_t TEXT,ct_l TEXT,exp INTEGER,m_cls TEXT,m_type INTEGER,v INTEGER,m_size INTEGER,pri INTEGER,rr INTEGER,rpt_a INTEGER,resp_st INTEGER,st INTEGER,tr_id TEXT,retr_st INTEGER,retr_txt TEXT,retr_txt_cs INTEGER,read_status INTEGER,ct_cls INTEGER,resp_txt TEXT,d_tm INTEGER,d_rpt INTEGER,locked INTEGER DEFAULT 0,seen INTEGER DEFAULT 0,text_only INTEGER DEFAULT 0) result: true
D/MmsSmsDatabaseHelper(  603): [getWritableDatabase] hasAutoIncrementThreads: true hasAutoIncrementAddresses: true hasAutoIncrementPart: true hasAutoIncrementPdu: true
D/dalvikvm(  603): GC_CONCURRENT freed 526K, 16% free 3321K/3916K, paused 4ms+3ms, total 133ms
D/Mms:app ( 1027): cancelNotification
E/NetdConnector(  345): NDC Command {59 bandwidth removeiquota eth0} took too long (1067ms)
I/ActivityManager(  345): Resuming delayed broadcast
E/NetdConnector(  345): NDC Command {60 bandwidth gettetherstats} took too long (1000ms)
D/AlertReceiver(  950): onReceive: a=android.intent.action.BOOT_COMPLETED Intent { act=android.intent.action.BOOT_COMPLETED flg=0x8000010 cmp=com.android.calendar/.alerts.AlertReceiver (has extras) }
V/AlarmClock(  969): AlarmInitReceiver android.intent.action.BOOT_COMPLETED
D/AlertUtils(  950): Flushing old alerts from shared prefs table
D/AlertService(  950): 0 Action = android.intent.action.BOOT_COMPLETED
D/AlertService(  950): Scheduling next alarm with AlarmScheduler. sEventReminderReceived: null
V/AlarmClock(  969): AlarmInitReceiver - Reset timers and clear stopwatch data
V/AlarmClock(  969): AlarmInitReceiver - resetting volume button default
I/AlarmClock(  969): Displaying next alarm time: ''
I/ActivityManager(  345): Delay finish: com.android.deskclock/.AlarmInitReceiver
V/AlarmClock(  969): AlarmInitReceiver finished
D/dalvikvm(  969): GC_CONCURRENT freed 407K, 15% free 2803K/3284K, paused 53ms+12ms, total 428ms
D/dalvikvm(  950): GC_CONCURRENT freed 307K, 12% free 2805K/3184K, paused 16ms+98ms, total 427ms
D/AlarmScheduler(  950): No events found starting within 1 week.
I/ActivityManager(  345): Resuming delayed broadcast
I/ActivityManager(  345): Delay finish: com.android.email/.service.EmailUpgradeBroadcastReceiver
D/dalvikvm(  345): GC_CONCURRENT freed 579K, 53% free 5745K/11972K, paused 6ms+4ms, total 158ms
I/ActivityManager(  345): Resuming delayed broadcast
I/ActivityManager(  345): Delay finish: com.android.email/.service.EmailBroadcastReceiver
I/Email   (  932): Onetime initialization: 1
I/Email   (  932): Onetime initialization: 2
I/Email   (  932): Onetime initialization: completed.
W/ProcessCpuTracker(  345): Skipping unknown process pid 1087
I/ActivityManager(  345): Delaying start of: ServiceRecord{b3198dd0 u0 com.android.exchange/.service.EmailSyncAdapterService}
E/NetdConnector(  345): NDC Command {61 bandwidth setiquota eth0 9223372036854775807} took too long (1887ms)
D/Tethering(  345): MasterInitialState.processMessage what=3
D/CaptivePortalTracker(  345): NoActiveNetworkState{ when=-2ms what=1 obj=NetworkInfo: type: mobile_hipri[UMTS], state: DISCONNECTED/DISCONNECTED, reason: dataDisabled, extra: epc.tmobile.com, roaming: false, failover: false, isAvailable: true, isConnectedToProvisioningNetwork: false target=com.android.internal.util.StateMachine$SmHandler }
D/CaptivePortalTracker(  345): NoActiveNetworkState not a wifi connectivity change, ignore
D/Tethering(  345): MasterInitialState.processMessage what=3
D/CaptivePortalTracker(  345): NoActiveNetworkState{ when=0 what=1 obj=NetworkInfo: type: mobile[UMTS], state: CONNECTED/CONNECTED, reason: connected, extra: epc.tmobile.com, roaming: false, failover: false, isAvailable: true, isConnectedToProvisioningNetwork: false target=com.android.internal.util.StateMachine$SmHandler }
D/CaptivePortalTracker(  345): NoActiveNetworkState not a wifi connectivity change, ignore
D/MobileDataStateTracker(  345): default: setPolicyDataEnable(enabled=true)
I/ActivityManager(  345): Resuming delayed broadcast
I/LauncherIconVisibilityManager(  591): Boot has been completed
I/LauncherIconVisibilityManager(  591): Disable activity: ComponentInfo{com.android.inputmethod.latin/com.android.inputmethod.latin.setup.SetupActivity}
E/BluetoothAdapter(  607): Bluetooth binder is null
E/NetdConnector(  345): NDC Command {62 bandwidth removeiquota eth0} took too long (748ms)
E/BluetoothAdapter(  607): Bluetooth binder is null
E/BluetoothAdapter(  607): Bluetooth binder is null
D/dalvikvm(  345): GC_CONCURRENT freed 644K, 53% free 5737K/11972K, paused 34ms+4ms, total 161ms
I/ActivityManager(  345): Delay finish: com.android.settings/.widget.SettingsAppWidgetProvider
D/dalvikvm( 1027): GC_CONCURRENT freed 226K, 10% free 2880K/3172K, paused 103ms+2ms, total 327ms
E/StrictMode( 1027): A resource was acquired at attached stack trace but never released. See java.io.Closeable for information on avoiding resource leaks.
E/StrictMode( 1027): java.lang.Throwable: Explicit termination method 'release' not called
E/StrictMode( 1027): 	at dalvik.system.CloseGuard.open(CloseGuard.java:184)
E/StrictMode( 1027): 	at android.drm.DrmManagerClient.<init>(DrmManagerClient.java:258)
E/StrictMode( 1027): 	at com.google.android.mms.pdu.PduPersister.<init>(PduPersister.java:288)
E/StrictMode( 1027): 	at com.google.android.mms.pdu.PduPersister.getPduPersister(PduPersister.java:296)
E/StrictMode( 1027): 	at com.android.mms.transaction.TransactionService.onNewIntent(TransactionService.java:224)
E/StrictMode( 1027): 	at com.android.mms.transaction.TransactionService$ServiceHandler.handleMessage(TransactionService.java:621)
E/StrictMode( 1027): 	at android.os.Handler.dispatchMessage(Handler.java:102)
E/StrictMode( 1027): 	at android.os.Looper.loop(Looper.java:136)
E/StrictMode( 1027): 	at android.os.HandlerThread.run(HandlerThread.java:61)
D/ConnectivityService(  345): [CheckMp] isMobileOk: X result=0
D/ConnectivityService(  345): [CheckMp] onPostExecute: result=0
D/ConnectivityService(  345): CheckMp.onComplete: result=0
D/ConnectivityService(  345): CheckMp.onComplete: ignore, connected or no connection
I/ActivityManager(  345): Resuming delayed broadcast
I/ActivityManager(  345): Delay finish: com.android.deskclock/com.android.alarmclock.AnalogAppWidgetProvider
E/NetdConnector(  345): NDC Command {63 bandwidth setiquota eth0 9223372036854775807} took too long (1601ms)
D/MobileDataStateTracker(  345): default: setPolicyDataEnable(enabled=true)
D/MobileDataStateTracker(  345): default: setPolicyDataEnable(enabled=true)
I/ActivityManager(  345): Resuming delayed broadcast
W/BroadcastQueue(  345): Permission Denial: broadcasting Intent { act=android.appwidget.action.APPWIDGET_UPDATE_OPTIONS flg=0x10 cmp=com.android.settings/.widget.SettingsAppWidgetProvider (has extras) } from android (pid=670, uid=10008) is not exported from uid 1000 due to receiver com.android.settings/.widget.SettingsAppWidgetProvider
I/ActivityManager(  345): Start proc com.svox.pico for broadcast com.svox.pico/.VoiceDataInstallerReceiver: pid=1125 uid=10037 gids={50037, 1028, 1015}
E/BluetoothAdapter(  607): Bluetooth binder is null
D/AlertReceiver(  950): onReceive: a=android.intent.action.PROVIDER_CHANGED Intent { act=android.intent.action.PROVIDER_CHANGED dat=content://com.android.calendar flg=0x10 cmp=com.android.calendar/.alerts.AlertReceiver }
I/ActivityManager(  345): Delay finish: com.android.calendar/.alerts.AlertReceiver
D/AlertService(  950): 0 Action = android.intent.action.PROVIDER_CHANGED
I/InputReader(  345): Reconfiguring input devices.  changes=0x00000010
I/PackageManager(  345):   Action: "android.intent.action.SENDTO"
I/PackageManager(  345):   Category: "android.intent.category.DEFAULT"
I/PackageManager(  345):   Scheme: "sms"
I/PackageManager(  345): Adding preferred activity ComponentInfo{com.android.mms/com.android.mms.ui.ComposeMessageActivity} for user 0 :
I/InputReader(  345): Reconfiguring input devices.  changes=0x00000010
I/InputReader(  345): Reconfiguring input devices.  changes=0x00000010
I/PackageManager(  345):   Action: "android.intent.action.SENDTO"
I/PackageManager(  345):   Category: "android.intent.category.DEFAULT"
I/PackageManager(  345):   Scheme: "smsto"
I/PackageManager(  345): Adding preferred activity ComponentInfo{com.android.mms/com.android.mms.ui.ComposeMessageActivity} for user 0 :
I/PackageManager(  345):   Action: "android.intent.action.SENDTO"
I/PackageManager(  345):   Category: "android.intent.category.DEFAULT"
I/PackageManager(  345):   Scheme: "mms"
I/PackageManager(  345): Adding preferred activity ComponentInfo{com.android.mms/com.android.mms.ui.ComposeMessageActivity} for user 0 :
I/PackageManager(  345):   Action: "android.intent.action.SENDTO"
I/PackageManager(  345):   Category: "android.intent.category.DEFAULT"
I/PackageManager(  345):   Scheme: "mmsto"
I/PackageManager(  345): Adding preferred activity ComponentInfo{com.android.mms/com.android.mms.ui.ComposeMessageActivity} for user 0 :
I/PackageManager(  345):   Action: "android.intent.action.SENDTO"
I/PackageManager(  345):   Category: "android.intent.category.DEFAULT"
I/PackageManager(  345):   Scheme: "sms"
I/PackageManager(  345): Adding preferred activity ComponentInfo{com.android.mms/com.android.mms.ui.ComposeMessageActivity} for user 0 :
D/dalvikvm(  345): GC_CONCURRENT freed 699K, 52% free 5797K/11972K, paused 27ms+7ms, total 150ms
D/dalvikvm(  345): WAIT_FOR_CONCURRENT_GC blocked 38ms
I/PackageManager(  345):   Action: "android.intent.action.SENDTO"
I/PackageManager(  345):   Category: "android.intent.category.DEFAULT"
I/PackageManager(  345):   Scheme: "smsto"
I/PackageManager(  345): Adding preferred activity ComponentInfo{com.android.mms/com.android.mms.ui.ComposeMessageActivity} for user 0 :
D/dalvikvm(  603): GC_CONCURRENT freed 364K, 13% free 3413K/3916K, paused 4ms+2ms, total 70ms
I/PackageManager(  345):   Action: "android.intent.action.SENDTO"
I/PackageManager(  345):   Category: "android.intent.category.DEFAULT"
I/PackageManager(  345):   Scheme: "mms"
I/PackageManager(  345): Adding preferred activity ComponentInfo{com.android.mms/com.android.mms.ui.ComposeMessageActivity} for user 0 :
I/PackageManager(  345):   Action: "android.intent.action.SENDTO"
I/PackageManager(  345):   Category: "android.intent.category.DEFAULT"
I/PackageManager(  345):   Scheme: "mmsto"
I/PackageManager(  345): Adding preferred activity ComponentInfo{com.android.mms/com.android.mms.ui.ComposeMessageActivity} for user 0 :
I/PackageManager(  345):   Action: "android.intent.action.SENDTO"
I/PackageManager(  345):   Category: "android.intent.category.DEFAULT"
I/PackageManager(  345):   Scheme: "sms"
I/PackageManager(  345): Adding preferred activity ComponentInfo{com.android.mms/com.android.mms.ui.ComposeMessageActivity} for user 0 :
I/PackageManager(  345):   Action: "android.intent.action.SENDTO"
I/PackageManager(  345):   Category: "android.intent.category.DEFAULT"
I/PackageManager(  345):   Scheme: "smsto"
I/PackageManager(  345): Adding preferred activity ComponentInfo{com.android.mms/com.android.mms.ui.ComposeMessageActivity} for user 0 :
I/PackageManager(  345):   Action: "android.intent.action.SENDTO"
I/PackageManager(  345):   Category: "android.intent.category.DEFAULT"
I/PackageManager(  345):   Scheme: "mms"
I/PackageManager(  345): Adding preferred activity ComponentInfo{com.android.mms/com.android.mms.ui.ComposeMessageActivity} for user 0 :
I/PackageManager(  345):   Action: "android.intent.action.SENDTO"
I/PackageManager(  345):   Category: "android.intent.category.DEFAULT"
I/PackageManager(  345):   Scheme: "mmsto"
I/PackageManager(  345): Adding preferred activity ComponentInfo{com.android.mms/com.android.mms.ui.ComposeMessageActivity} for user 0 :
D/dalvikvm(  603): GC_CONCURRENT freed 489K, 15% free 3382K/3960K, paused 4ms+23ms, total 63ms
I/PackageManager(  345):   Action: "android.intent.action.SENDTO"
I/PackageManager(  345):   Category: "android.intent.category.DEFAULT"
I/PackageManager(  345):   Scheme: "sms"
I/PackageManager(  345): Adding preferred activity ComponentInfo{com.android.mms/com.android.mms.ui.ComposeMessageActivity} for user 0 :
D/dalvikvm(  345): GC_CONCURRENT freed 757K, 52% free 5820K/11972K, paused 17ms+4ms, total 173ms
I/PackageManager(  345): Adding preferred activity ComponentInfo{com.android.mms/com.android.mms.ui.ComposeMessageActivity} for user 0 :
I/PackageManager(  345):   Action: "android.intent.action.SENDTO"
I/PackageManager(  345):   Category: "android.intent.category.DEFAULT"
I/PackageManager(  345):   Scheme: "smsto"
I/PackageManager(  345):   Action: "android.intent.action.SENDTO"
I/PackageManager(  345):   Category: "android.intent.category.DEFAULT"
I/PackageManager(  345): Adding preferred activity ComponentInfo{com.android.mms/com.android.mms.ui.ComposeMessageActivity} for user 0 :
I/PackageManager(  345):   Scheme: "mms"
I/PackageManager(  345):   Action: "android.intent.action.SENDTO"
I/PackageManager(  345):   Category: "android.intent.category.DEFAULT"
I/PackageManager(  345):   Scheme: "mmsto"
I/PackageManager(  345): Adding preferred activity ComponentInfo{com.android.mms/com.android.mms.ui.ComposeMessageActivity} for user 0 :
I/PackageManager(  345):   Action: "android.intent.action.SENDTO"
I/PackageManager(  345):   Category: "android.intent.category.DEFAULT"
I/PackageManager(  345):   Scheme: "sms"
I/PackageManager(  345): Adding preferred activity ComponentInfo{com.android.mms/com.android.mms.ui.ComposeMessageActivity} for user 0 :
I/PackageManager(  345):   Action: "android.intent.action.SENDTO"
I/PackageManager(  345):   Category: "android.intent.category.DEFAULT"
I/PackageManager(  345): Adding preferred activity ComponentInfo{com.android.mms/com.android.mms.ui.ComposeMessageActivity} for user 0 :
I/PackageManager(  345):   Scheme: "smsto"
D/dalvikvm(  603): GC_CONCURRENT freed 494K, 16% free 3346K/3960K, paused 4ms+13ms, total 49ms
I/PackageManager(  345):   Action: "android.intent.action.SENDTO"
I/PackageManager(  345): Adding preferred activity ComponentInfo{com.android.mms/com.android.mms.ui.ComposeMessageActivity} for user 0 :
I/PackageManager(  345):   Category: "android.intent.category.DEFAULT"
I/PackageManager(  345):   Scheme: "mms"
I/PackageManager(  345):   Action: "android.intent.action.SENDTO"
I/PackageManager(  345):   Category: "android.intent.category.DEFAULT"
I/PackageManager(  345):   Scheme: "mmsto"
I/PackageManager(  345): Adding preferred activity ComponentInfo{com.android.mms/com.android.mms.ui.ComposeMessageActivity} for user 0 :
D/dalvikvm(  345): GC_CONCURRENT freed 835K, 52% free 5768K/11972K, paused 5ms+5ms, total 114ms
D/dalvikvm(  345): WAIT_FOR_CONCURRENT_GC blocked 21ms
I/PackageManager(  345):   Action: "android.intent.action.SENDTO"
I/PackageManager(  345):   Category: "android.intent.category.DEFAULT"
I/PackageManager(  345):   Scheme: "sms"
I/PackageManager(  345): Adding preferred activity ComponentInfo{com.android.mms/com.android.mms.ui.ComposeMessageActivity} for user 0 :
I/PackageManager(  345):   Action: "android.intent.action.SENDTO"
I/PackageManager(  345):   Category: "android.intent.category.DEFAULT"
I/PackageManager(  345):   Scheme: "smsto"
I/PackageManager(  345): Adding preferred activity ComponentInfo{com.android.mms/com.android.mms.ui.ComposeMessageActivity} for user 0 :
I/PackageManager(  345):   Action: "android.intent.action.SENDTO"
I/PackageManager(  345):   Category: "android.intent.category.DEFAULT"
I/PackageManager(  345):   Scheme: "mms"
I/PackageManager(  345): Adding preferred activity ComponentInfo{com.android.mms/com.android.mms.ui.ComposeMessageActivity} for user 0 :
I/PackageManager(  345):   Action: "android.intent.action.SENDTO"
I/PackageManager(  345):   Category: "android.intent.category.DEFAULT"
I/PackageManager(  345):   Scheme: "mmsto"
I/PackageManager(  345): Adding preferred activity ComponentInfo{com.android.mms/com.android.mms.ui.ComposeMessageActivity} for user 0 :
D/dalvikvm(  603): GC_CONCURRENT freed 409K, 15% free 3386K/3960K, paused 4ms+12ms, total 47ms
I/ActivityManager(  345): Waited long enough for: ServiceRecord{b30cf8a0 u0 com.android.music/.MediaPlaybackService}
I/ActivityManager(  345): Resuming delayed broadcast
I/ActivityManager(  345): Delay finish: com.android.mms/.transaction.SmsReceiver
V/SmsReceiverService( 1027): onStart: #1 mResultCode: -1 = Activity.RESULT_OK
I/ActivityManager(  345): Resuming delayed broadcast
I/ActivityManager(  345): Delay finish: com.android.providers.calendar/.CalendarProviderBroadcastReceiver
I/ActivityManager(  345): Resuming delayed broadcast
D/dalvikvm(  977): GC_CONCURRENT freed 222K, 10% free 2893K/3188K, paused 4ms+33ms, total 129ms
I/ActivityManager(  345): Delay finish: com.android.providers.contacts/.PackageIntentReceiver
I/ActivityManager(  345): Resuming delayed broadcast
I/GlobalDismissManager(  950): no sender configured
D/AlertService(  950): Beginning updateAlertNotification
D/AlertService(  950): No fired or scheduled alerts
D/AlertService(  950): Scheduling next alarm with AlarmScheduler. sEventReminderReceived: null
D/AlarmScheduler(  950): No events found starting within 1 week.
D/AndroidRuntime( 1149): 
D/AndroidRuntime( 1149): >>>>>> AndroidRuntime START com.android.internal.os.RuntimeInit <<<<<<
D/AndroidRuntime( 1149): CheckJNI is ON
D/dalvikvm( 1149): Trying to load lib libjavacore.so 0x0
D/dalvikvm( 1149): Added shared lib libjavacore.so 0x0
D/dalvikvm( 1149): Trying to load lib libnativehelper.so 0x0
D/dalvikvm( 1149): Added shared lib libnativehelper.so 0x0
D/dalvikvm( 1149): No JNI_OnLoad found in libnativehelper.so 0x0, skipping init
D/dalvikvm( 1149): Note: class Landroid/app/ActivityManagerNative; has 179 unimplemented (abstract) methods
E/memtrack( 1149): Couldn't load memtrack module (No such file or directory)
E/android.os.Debug( 1149): failed to load memtrack module: -2
D/MobileDataStateTracker(  345): default: setPolicyDataEnable(enabled=true)
D/ConnectivityService(  345): Sampling interval elapsed, updating statistics ..
D/ConnectivityService(  345): Done.
D/ConnectivityService(  345): Setting timer for 720seconds
D/dalvikvm(  345): GC_CONCURRENT freed 707K, 52% free 5767K/11972K, paused 10ms+21ms, total 296ms
D/AndroidRuntime( 1149): Calling main entry com.android.commands.am.Am
I/ActivityManager(  345): START u0 {act=android.intent.action.MAIN cat=[android.intent.category.LAUNCHER] flg=0x10000000 cmp=com.ll/.MainActivity} from pid 1149
D/gralloc (   57): Registering a buffer in the process that created it. This may cause memory ordering problems.
E/libEGL  (   57): called unimplemented OpenGL ES API
E/libEGL  (   57): called unimplemented OpenGL ES API
E/libEGL  (   57): called unimplemented OpenGL ES API
E/libEGL  (   57): called unimplemented OpenGL ES API
E/SurfaceFlinger(   57): glCheckFramebufferStatusOES error -826489291
E/SurfaceFlinger(   57): got GL_FRAMEBUFFER_COMPLETE_OES error while taking screenshot
E/libEGL  (   57): called unimplemented OpenGL ES API
E/libEGL  (   57): called unimplemented OpenGL ES API
W/WindowManager(  345): Screenshot failure taking screenshot for (164x295) to layer 21005
I/ActivityManager(  345): Start proc com.ll for activity com.ll/.MainActivity: pid=1160 uid=10052 gids={50052, 3003, 1028, 1015}
W/ContextImpl( 1160): Implicit intents with startService are not safe: Intent { act=com.xxx.GS } android.content.ContextWrapper.startService:494 com.ll.MainActivity.onCreate:19 android.app.Activity.performCreate:5231 
I/Choreographer(  670): Skipped 155 frames!  The application may be doing too much work on its main thread.
I/WindowManager(  345): Screenshot max retries 4 of Token{b33a6900 ActivityRecord{b2cf42b0 u0 com.ll/.MainActivity t4 f}} appWin=Window{b2eb56b8 u0 Starting com.ll} drawState=4
W/WindowManager(  345): Screenshot failure taking screenshot for (480x864) to layer 21010
I/ActivityManager(  345): START u0 {act=android.app.action.ADD_DEVICE_ADMIN cmp=com.android.settings/.DeviceAdminAdd (has extras)} from pid 1160
W/ActivityManager(  345): startActivity called from finishing ActivityRecord{b2cf42b0 u0 com.ll/.MainActivity t4 f}; forcing Intent.FLAG_ACTIVITY_NEW_TASK for: Intent { act=android.app.action.ADD_DEVICE_ADMIN cmp=com.android.settings/.DeviceAdminAdd (has extras) }
I/ActivityManager(  345): Waited long enough for: ServiceRecord{b2ec65c8 u0 com.android.calendar/.alerts.InitAlarmsService}
D/dalvikvm(  607): GC_FOR_ALLOC freed 190K, 9% free 2836K/3096K, paused 247ms, total 291ms
I/Choreographer(  607): Skipped 41 frames!  The application may be doing too much work on its main thread.
W/ActivityManager(  345): Invalid packageName: com.ahnlab.v3mobileplus
I/Choreographer(  607): Skipped 155 frames!  The application may be doing too much work on its main thread.
D/dalvikvm( 1160): GC_CONCURRENT freed 282K, 11% free 2851K/3204K, paused 5ms+13ms, total 160ms
D/gralloc_goldfish(  607): Emulator without GPU emulation detected.
I/ActivityManager(  345): Displayed com.android.settings/.DeviceAdminAdd: +2s980ms (total +4s687ms)
D/AndroidRuntime( 1149): Shutting down VM
D/dalvikvm( 1149): GC_CONCURRENT freed 97K, 15% free 589K/688K, paused 2ms+1ms, total 18ms
I/Choreographer(  345): Skipped 30 frames!  The application may be doing too much work on its main thread.
W/ActivityManager(  345): Invalid packageName: com.ahnlab.v3mobileplus
W/ActivityManager(  345): Invalid packageName: com.ahnlab.v3mobileplus
W/ActivityManager(  345): Invalid packageName: com.ahnlab.v3mobileplus
I/Launcher(  670): Deferring update until onResume
I/InputReader(  345): Reconfiguring input devices.  changes=0x00000010
I/PackageManager(  345):   Action: "android.intent.action.SENDTO"
I/PackageManager(  345):   Category: "android.intent.category.DEFAULT"
I/PackageManager(  345):   Scheme: "sms"
I/PackageManager(  345): Adding preferred activity ComponentInfo{com.android.mms/com.android.mms.ui.ComposeMessageActivity} for user 0 :
I/Launcher(  670): Deferring update until onResume
I/PackageManager(  345):   Action: "android.intent.action.SENDTO"
I/PackageManager(  345):   Category: "android.intent.category.DEFAULT"
I/PackageManager(  345):   Scheme: "smsto"
I/PackageManager(  345): Adding preferred activity ComponentInfo{com.android.mms/com.android.mms.ui.ComposeMessageActivity} for user 0 :
I/PackageManager(  345):   Action: "android.intent.action.SENDTO"
I/PackageManager(  345):   Category: "android.intent.category.DEFAULT"
I/PackageManager(  345):   Scheme: "mms"
I/PackageManager(  345): Adding preferred activity ComponentInfo{com.android.mms/com.android.mms.ui.ComposeMessageActivity} for user 0 :
I/PackageManager(  345):   Action: "android.intent.action.SENDTO"
I/PackageManager(  345):   Category: "android.intent.category.DEFAULT"
I/PackageManager(  345):   Scheme: "mmsto"
I/PackageManager(  345): Adding preferred activity ComponentInfo{com.android.mms/com.android.mms.ui.ComposeMessageActivity} for user 0 :
D/dalvikvm(  345): GC_CONCURRENT freed 577K, 51% free 5959K/11972K, paused 5ms+6ms, total 94ms
D/dalvikvm(  345): WAIT_FOR_CONCURRENT_GC blocked 47ms
I/PackageManager(  345):   Action: "android.intent.action.SENDTO"
I/PackageManager(  345):   Category: "android.intent.category.DEFAULT"
I/PackageManager(  345):   Scheme: "sms"
I/PackageManager(  345): Adding preferred activity ComponentInfo{com.android.mms/com.android.mms.ui.ComposeMessageActivity} for user 0 :
D/dalvikvm(  603): GC_CONCURRENT freed 426K, 14% free 3382K/3916K, paused 8ms+2ms, total 61ms
I/PackageManager(  345):   Action: "android.intent.action.SENDTO"
I/PackageManager(  345):   Category: "android.intent.category.DEFAULT"
I/PackageManager(  345):   Scheme: "smsto"
I/PackageManager(  345): Adding preferred activity ComponentInfo{com.android.mms/com.android.mms.ui.ComposeMessageActivity} for user 0 :
I/PackageManager(  345):   Action: "android.intent.action.SENDTO"
I/PackageManager(  345):   Category: "android.intent.category.DEFAULT"
I/PackageManager(  345):   Scheme: "mms"
I/PackageManager(  345): Adding preferred activity ComponentInfo{com.android.mms/com.android.mms.ui.ComposeMessageActivity} for user 0 :
I/PackageManager(  345):   Action: "android.intent.action.SENDTO"
I/PackageManager(  345):   Category: "android.intent.category.DEFAULT"
I/PackageManager(  345):   Scheme: "mmsto"
I/PackageManager(  345): Adding preferred activity ComponentInfo{com.android.mms/com.android.mms.ui.ComposeMessageActivity} for user 0 :
W/ActivityManager(  345): Invalid packageName: com.ahnlab.v3mobileplus
W/ContextImpl( 1160): Implicit intents with startService are not safe: Intent { act=com.xxx.GS } android.content.ContextWrapper.startService:494 android.content.ContextWrapper.startService:494 com.ll.GPRe.onReceive:195 
V/AlarmClock(  969): AlarmInitReceiver android.intent.action.TIME_SET
I/AlarmClock(  969): Displaying next alarm time: ''
V/AlarmClock(  969): AlarmInitReceiver finished
D/InitAlarmsService(  950): Clearing and rescheduling alarms.
D/AndroidRuntime( 1179): 
D/AndroidRuntime( 1179): >>>>>> AndroidRuntime START com.android.internal.os.RuntimeInit <<<<<<
D/AndroidRuntime( 1179): CheckJNI is ON
D/dalvikvm( 1179): Trying to load lib libjavacore.so 0x0
D/dalvikvm( 1179): Added shared lib libjavacore.so 0x0
D/dalvikvm( 1179): Trying to load lib libnativehelper.so 0x0
D/dalvikvm( 1179): Added shared lib libnativehelper.so 0x0
D/dalvikvm( 1179): No JNI_OnLoad found in libnativehelper.so 0x0, skipping init
D/dalvikvm( 1179): Note: class Landroid/app/ActivityManagerNative; has 179 unimplemented (abstract) methods
E/memtrack( 1179): Couldn't load memtrack module (No such file or directory)
E/android.os.Debug( 1179): failed to load memtrack module: -2
D/AndroidRuntime( 1179): Calling main entry com.android.commands.am.Am
W/ContextImpl( 1160): Implicit intents with startService are not safe: Intent { act=com.xxx.GS } android.content.ContextWrapper.startService:494 android.content.ContextWrapper.startService:494 com.ll.GPRe.onReceive:195 
D/AndroidRuntime( 1179): Shutting down VM
D/dalvikvm( 1179): GC_CONCURRENT freed 96K, 15% free 587K/688K, paused 2ms+2ms, total 9ms
D/        (  345): Setting time of day to sec=1545755072
W/ActivityManager(  345): Invalid packageName: com.ahnlab.v3mobileplus
W/ActivityManager(  345): Invalid packageName: com.ahnlab.v3mobileplus
W/ActivityManager(  345): Invalid packageName: com.ahnlab.v3mobileplus
D/AndroidRuntime( 1190): 
D/AndroidRuntime( 1190): >>>>>> AndroidRuntime START com.android.internal.os.RuntimeInit <<<<<<
D/AndroidRuntime( 1190): CheckJNI is ON
D/dalvikvm( 1190): Trying to load lib libjavacore.so 0x0
D/dalvikvm( 1190): Added shared lib libjavacore.so 0x0
D/dalvikvm( 1190): Trying to load lib libnativehelper.so 0x0
D/dalvikvm( 1190): Added shared lib libnativehelper.so 0x0
D/dalvikvm( 1190): No JNI_OnLoad found in libnativehelper.so 0x0, skipping init
D/dalvikvm( 1190): Note: class Landroid/app/ActivityManagerNative; has 179 unimplemented (abstract) methods
E/memtrack( 1190): Couldn't load memtrack module (No such file or directory)
E/android.os.Debug( 1190): failed to load memtrack module: -2
W/ActivityManager(  345): Invalid packageName: com.ahnlab.v3mobileplus
D/AndroidRuntime( 1190): Calling main entry com.android.commands.am.Am
I/ActivityManager(  345): START u0 {act=android.intent.action.MAIN cat=[android.intent.category.LAUNCHER] flg=0x10000000 cmp=com.ll/.FNA} from pid 1190
D/dalvikvm( 1160): GC_CONCURRENT freed 159K, 8% free 3092K/3328K, paused 6ms+2ms, total 60ms
D/AndroidRuntime( 1160): Shutting down VM
W/dalvikvm( 1160): threadid=1: thread exiting with uncaught exception (group=0xb29f2ba8)
E/AndroidRuntime( 1160): FATAL EXCEPTION: main
E/AndroidRuntime( 1160): Process: com.ll, PID: 1160
E/AndroidRuntime( 1160): java.lang.RuntimeException: Unable to start activity ComponentInfo{com.ll/com.ll.FNA}: java.lang.NullPointerException
E/AndroidRuntime( 1160): 	at android.app.ActivityThread.performLaunchActivity(ActivityThread.java:2184)
E/AndroidRuntime( 1160): 	at android.app.ActivityThread.handleLaunchActivity(ActivityThread.java:2233)
E/AndroidRuntime( 1160): 	at android.app.ActivityThread.access$800(ActivityThread.java:135)
E/AndroidRuntime( 1160): 	at android.app.ActivityThread$H.handleMessage(ActivityThread.java:1196)
E/AndroidRuntime( 1160): 	at android.os.Handler.dispatchMessage(Handler.java:102)
E/AndroidRuntime( 1160): 	at android.os.Looper.loop(Looper.java:136)
E/AndroidRuntime( 1160): 	at android.app.ActivityThread.main(ActivityThread.java:5001)
E/AndroidRuntime( 1160): 	at java.lang.reflect.Method.invokeNative(Native Method)
E/AndroidRuntime( 1160): 	at java.lang.reflect.Method.invoke(Method.java:515)
E/AndroidRuntime( 1160): 	at com.android.internal.os.ZygoteInit$MethodAndArgsCaller.run(ZygoteInit.java:785)
E/AndroidRuntime( 1160): 	at com.android.internal.os.ZygoteInit.main(ZygoteInit.java:601)
E/AndroidRuntime( 1160): 	at dalvik.system.NativeStart.main(Native Method)
E/AndroidRuntime( 1160): Caused by: java.lang.NullPointerException
E/AndroidRuntime( 1160): 	at com.ll.FNA.SV(FNA.java:62)
E/AndroidRuntime( 1160): 	at com.ll.FNA.onCreate(FNA.java:43)
E/AndroidRuntime( 1160): 	at android.app.Activity.performCreate(Activity.java:5231)
E/AndroidRuntime( 1160): 	at android.app.Instrumentation.callActivityOnCreate(Instrumentation.java:1087)
E/AndroidRuntime( 1160): 	at android.app.ActivityThread.performLaunchActivity(ActivityThread.java:2148)
E/AndroidRuntime( 1160): 	... 11 more
W/ActivityManager(  345):   Force finishing activity com.ll/.FNA
W/ActivityManager(  345):   Force finishing activity com.android.settings/.DeviceAdminAdd
D/dalvikvm(  345): GC_CONCURRENT freed 834K, 52% free 5831K/11972K, paused 8ms+12ms, total 201ms
D/dalvikvm(  345): WAIT_FOR_CONCURRENT_GC blocked 187ms
I/Choreographer(  345): Skipped 37 frames!  The application may be doing too much work on its main thread.
W/ActivityManager(  345): Invalid packageName: com.ahnlab.v3mobileplus
W/ActivityManager(  345): Activity pause timeout for ActivityRecord{b300fe90 u0 com.ll/.FNA t5 f}
W/BroadcastQueue(  345): Skipping deliver [background] BroadcastRecord{b3554b80 u0 com.kakaotalk.synservice.TIK} to ReceiverList{b2fcecd0 1160 com.ll/10052/u0 remote:b2d02ed8}: process crashing
I/Choreographer(  345): Skipped 40 frames!  The application may be doing too much work on its main thread.
I/Choreographer(  450): Skipped 37 frames!  The application may be doing too much work on its main thread.
I/Choreographer(  670): Skipped 166 frames!  The application may be doing too much work on its main thread.
I/PackageManager(  345):   Action: "android.intent.action.SENDTO"
I/PackageManager(  345):   Category: "android.intent.category.DEFAULT"
I/PackageManager(  345):   Scheme: "sms"
I/PackageManager(  345): Adding preferred activity ComponentInfo{com.android.mms/com.android.mms.ui.ComposeMessageActivity} for user 0 :
I/PackageManager(  345):   Action: "android.intent.action.SENDTO"
I/PackageManager(  345):   Category: "android.intent.category.DEFAULT"
I/PackageManager(  345):   Scheme: "smsto"
I/PackageManager(  345): Adding preferred activity ComponentInfo{com.android.mms/com.android.mms.ui.ComposeMessageActivity} for user 0 :
I/PackageManager(  345):   Action: "android.intent.action.SENDTO"
I/PackageManager(  345):   Category: "android.intent.category.DEFAULT"
I/PackageManager(  345):   Scheme: "mms"
I/PackageManager(  345): Adding preferred activity ComponentInfo{com.android.mms/com.android.mms.ui.ComposeMessageActivity} for user 0 :
I/PackageManager(  345): Adding preferred activity ComponentInfo{com.android.mms/com.android.mms.ui.ComposeMessageActivity} for user 0 :
I/PackageManager(  345):   Action: "android.intent.action.SENDTO"
I/PackageManager(  345):   Category: "android.intent.category.DEFAULT"
I/PackageManager(  345):   Scheme: "mmsto"
I/MediaFocusControl(  345):  AudioFocus  abandonAudioFocus() from android.media.AudioManager@b2cac630com.android.music.MediaPlaybackService$3@b2cab4b0
V/SmsReceiverService( 1027): onStart: #1 mResultCode: -1 = Activity.RESULT_OK
W/ActivityManager(  345): Invalid packageName: com.ahnlab.v3mobileplus
D/dalvikvm( 1027): GC_CONCURRENT freed 201K, 9% free 3095K/3368K, paused 4ms+4ms, total 93ms
E/StrictMode( 1027): A resource was acquired at attached stack trace but never released. See java.io.Closeable for information on avoiding resource leaks.
E/StrictMode( 1027): java.lang.Throwable: Explicit termination method 'release' not called
E/StrictMode( 1027): 	at dalvik.system.CloseGuard.open(CloseGuard.java:184)
E/StrictMode( 1027): 	at android.drm.DrmManagerClient.<init>(DrmManagerClient.java:258)
E/StrictMode( 1027): 	at com.google.android.mms.pdu.PduPersister.<init>(PduPersister.java:288)
E/StrictMode( 1027): 	at com.google.android.mms.pdu.PduPersister.getPduPersister(PduPersister.java:296)
E/StrictMode( 1027): 	at com.android.mms.transaction.TransactionService.onNewIntent(TransactionService.java:224)
E/StrictMode( 1027): 	at com.android.mms.transaction.TransactionService$ServiceHandler.handleMessage(TransactionService.java:621)
E/StrictMode( 1027): 	at android.os.Handler.dispatchMessage(Handler.java:102)
E/StrictMode( 1027): 	at android.os.Looper.loop(Looper.java:136)
E/StrictMode( 1027): 	at android.os.HandlerThread.run(HandlerThread.java:61)
D/dalvikvm( 1027): GC_CONCURRENT freed 266K, 10% free 3230K/3572K, paused 6ms+2ms, total 91ms
D/MmsSmsProvider(  603): getSingleAddressId: insert new canonical_address for xxxxxx, _id=1
D/MmsSmsProvider(  603): getThreadId: create new thread_id for recipients xxxxxxxx
D/MmsSmsProvider(  603): insertThread: created new thread_id 1 for recipientIds xxxxxxx
D/dalvikvm(  603): GC_EXPLICIT freed 436K, 16% free 3306K/3916K, paused 4ms+4ms, total 38ms
D/SmsReceiverService( 1027): handleSmsReceived messageUri: content://sms/1 threadId: 1
D/Mms:app ( 1027): updateNotification: new message, adding sound to the notification
W/ActivityManager(  345): Invalid packageName: com.ahnlab.v3mobileplus
W/ActivityManager(  345): Invalid packageName: com.ahnlab.v3mobileplus
W/ActivityManager(  345): Invalid packageName: com.ahnlab.v3mobileplus
W/ActivityManager(  345): Invalid packageName: com.ahnlab.v3mobileplus
W/ActivityManager(  345): Activity destroy timeout for ActivityRecord{b300fe90 u0 com.ll/.FNA t5 f}
W/ActivityManager(  345): Invalid packageName: com.ahnlab.v3mobileplus
W/ActivityManager(  345): Invalid packageName: com.ahnlab.v3mobileplus
W/ActivityManager(  345): Invalid packageName: com.ahnlab.v3mobileplus
W/ActivityManager(  345): Invalid packageName: com.ahnlab.v3mobileplus
W/ActivityManager(  345): Invalid packageName: com.ahnlab.v3mobileplus
W/ActivityManager(  345): Invalid packageName: com.ahnlab.v3mobileplus
W/ActivityManager(  345): Invalid packageName: com.ahnlab.v3mobileplus
W/ActivityManager(  345): Invalid packageName: com.ahnlab.v3mobileplus
W/ActivityManager(  345): Invalid packageName: com.ahnlab.v3mobileplus
W/ActivityManager(  345): Invalid packageName: com.ahnlab.v3mobileplus
W/ActivityManager(  345): Invalid packageName: com.ahnlab.v3mobileplus
W/ActivityManager(  345): Invalid packageName: com.ahnlab.v3mobileplus
W/ActivityManager(  345): Invalid packageName: com.ahnlab.v3mobileplus
W/ActivityManager(  345): Invalid packageName: com.ahnlab.v3mobileplus
W/ActivityManager(  345): Invalid packageName: com.ahnlab.v3mobileplus
W/ActivityManager(  345): Invalid packageName: com.ahnlab.v3mobileplus
W/ActivityManager(  345): Invalid packageName: com.ahnlab.v3mobileplus
W/ActivityManager(  345): Invalid packageName: com.ahnlab.v3mobileplus
W/ActivityManager(  345): Invalid packageName: com.ahnlab.v3mobileplus
W/ActivityManager(  345): Invalid packageName: com.ahnlab.v3mobileplus
W/ActivityManager(  345): Invalid packageName: com.ahnlab.v3mobileplus
W/ActivityManager(  345): Invalid packageName: com.ahnlab.v3mobileplus
W/ActivityManager(  345): Invalid packageName: com.ahnlab.v3mobileplus
W/ActivityManager(  345): Invalid packageName: com.ahnlab.v3mobileplus
W/ActivityManager(  345): Invalid packageName: com.ahnlab.v3mobileplus
W/BroadcastQueue(  345): Timeout of broadcast BroadcastRecord{b30db540 u0 android.provider.Telephony.SMS_RECEIVED} - receiver=android.os.BinderProxy@b2d00e50, started 60003ms ago
W/BroadcastQueue(  345): Receiver during timeout: ResolveInfo{b2d1d130 com.ll/.GPRe p=2147483647 m=0x108000}
W/BroadcastQueue(  345): Skipping deliver [background] BroadcastRecord{b30db540 u0 android.provider.Telephony.SMS_RECEIVED} to ReceiverList{b2eca888 1160 com.ll/10052/u0 remote:b2fb5a40}: process crashing
I/ActivityManager(  345): Crashing app skipping ANR: ProcessRecord{b2e3b698 1160:com.ll/u0a52} Broadcast of Intent { act=android.provider.Telephony.SMS_RECEIVED flg=0x8000010 cmp=com.ll/.GPRe (has extras) }
W/BroadcastQueue(  345): Skipping deliver [background] BroadcastRecord{b30164d8 u0 com.kakaotalk.synservice.TIK} to ReceiverList{b2fcecd0 1160 com.ll/10052/u0 remote:b2d02ed8}: process crashing
W/BroadcastQueue(  345): Skipping deliver [background] BroadcastRecord{b3110fb0 u0 com.kakaotalk.synservice.TIK} to ReceiverList{b2fcecd0 1160 com.ll/10052/u0 remote:b2d02ed8}: process crashing
W/BroadcastQueue(  345): Skipping deliver [background] BroadcastRecord{b33ac4c8 u0 com.kakaotalk.synservice.TIK} to ReceiverList{b2fcecd0 1160 com.ll/10052/u0 remote:b2d02ed8}: process crashing
W/BroadcastQueue(  345): Skipping deliver [background] BroadcastRecord{b2ed7888 u0 com.kakaotalk.synservice.TIK} to ReceiverList{b2fcecd0 1160 com.ll/10052/u0 remote:b2d02ed8}: process crashing
W/BroadcastQueue(  345): Skipping deliver [background] BroadcastRecord{b34f4df8 u0 com.kakaotalk.synservice.TIK} to ReceiverList{b2fcecd0 1160 com.ll/10052/u0 remote:b2d02ed8}: process crashing
W/BroadcastQueue(  345): Skipping deliver [background] BroadcastRecord{b30afb88 u0 com.kakaotalk.synservice.TIK} to ReceiverList{b2fcecd0 1160 com.ll/10052/u0 remote:b2d02ed8}: process crashing
I/PackageManager(  345):   Action: "android.intent.action.SENDTO"
I/PackageManager(  345):   Category: "android.intent.category.DEFAULT"
I/PackageManager(  345):   Scheme: "sms"
