I/TableUtils( 1157): executed create table statement changed 1 rows: CREATE TABLE IF NOT EXISTS `savefile` (`appName` VARCHAR , `author` VARCHAR , `baiduUrl` VARCHAR , `date` VARCHAR , `versionName` VARCHAR , `description` VARCHAR , `downloadCount` VARCHAR , `downloadPath` VARCHAR , `userIcon` VARCHAR , `gameAppId` VARCHAR , `gameId` VARCHAR , `icon` VARCHAR , `iconCachePath` VARCHAR , `id` VARCHAR , `localPath` VARCHAR , `mail` VARCHAR , `md5` VARCHAR , `model` VARCHAR , `packageName` VARCHAR , `shortDesc` VARCHAR , `title` VARCHAR , `versionCode` INTEGER , `dateTimeMillis` BIGINT , `size` BIGINT , `downloaderVersion` BIGINT , `uid` INTEGER , `type` INTEGER , PRIMARY KEY (`md5`) ) 
W/ImageLoader( 1157): memoryCache() and memoryCacheSize() calls overlap each other
D/ImageLoader( 1157): Initialize ImageLoader with configuration
E/VersionUtils( 1157): Could not find version file /com/j256/ormlite/core/VERSION.txt
E/VersionUtils( 1157): Could not find version file /com/j256/ormlite/android/VERSION.txt
D/dalvikvm( 1157): GC_CONCURRENT freed 405K, 17% free 4596K/5484K, paused 4ms+16ms, total 127ms
I/mzw_process( 1157): ViewProcessor
D/AndroidRuntime( 1194): 
D/AndroidRuntime( 1194): >>>>>> AndroidRuntime START com.android.internal.os.RuntimeInit <<<<<<
D/AndroidRuntime( 1194): CheckJNI is ON
D/dalvikvm( 1194): Trying to load lib libjavacore.so 0x0
D/dalvikvm( 1194): Added shared lib libjavacore.so 0x0
D/dalvikvm( 1194): Trying to load lib libnativehelper.so 0x0
D/dalvikvm( 1194): Added shared lib libnativehelper.so 0x0
D/dalvikvm( 1194): No JNI_OnLoad found in libnativehelper.so 0x0, skipping init
I/mzw_process( 1157): CheckUpdateProcessors
I/mzw_checkupdate( 1157): check:true
I/mzw_checkupdate( 1157): first
I/mzw_process( 1157): VerifyProcessor
D/dalvikvm( 1194): Note: class Landroid/app/ActivityManagerNative; has 179 unimplemented (abstract) methods
E/memtrack( 1194): Couldn't load memtrack module (No such file or directory)
E/android.os.Debug( 1194): failed to load memtrack module: -2
D/dalvikvm( 1172): DexOpt: --- BEGIN 'mzw.jar' (bootstrap=0) ---
D/AndroidRuntime( 1194): Calling main entry com.android.commands.am.Am
D/AndroidRuntime( 1194): Shutting down VM
D/dalvikvm( 1194): GC_CONCURRENT freed 97K, 15% free 587K/688K, paused 1ms+1ms, total 19ms
I/mzw_analytics_send( 1157): send event:StandSDK100001,eventid:100001,data:StandSDK1000011545896783118dee27684-1a84-4e88-addc-eb869aa43d7bunknownsdk160864480other19370generic%2Fsdk%2Fgeneric%3A4.4.4%2FKK%2F1743154%3Aeng%2Ftest-keysa514ce36-1169-40ff-8c1c-c9df4ad60f2bunknowngpu000000000000000unknown1000011The+King+Of+Fighters+%2798com.snkplaymore.android007121.05b73f7de-9677-402a-8e02-82a4f488cf12765372637744000000000
I/mzw_float_activity( 1157): 104
I/mzw_analytics_send( 1157): send post data number :StandSDK100001,eventid:100001
D/dalvikvm( 1157): GC_CONCURRENT freed 183K, 10% free 4977K/5484K, paused 833ms+43ms, total 964ms
D/        ( 1157): onDatabaseInited
I/Choreographer( 1157): Skipped 43 frames!  The application may be doing too much work on its main thread.
D/gralloc_goldfish( 1157): Emulator without GPU emulation detected.
D/SystemInfo( 1157): GL_RENDERER = Android PixelFlinger 1.4
D/SystemInfo( 1157): GL_VENDOR = Android
D/SystemInfo( 1157): GL_VERSION = OpenGL ES-CM 1.0
I/ActivityManager(  345): Displayed com.snkplaymore.android007/com.muzhiwan.embed.MzwActivity: +21s359ms
W/IInputConnectionWrapper(  684): showStatusIcon on inactive InputConnection
I/mzw_process( 1157): BindServiceProcessor
I/mzw_analytics_send( 1157): send status:200,number:StandSDK100001,eventid:100001
I/mzw_testclass( 1157): implClazznull
I/mzw_analytics_send( 1157): send code:1,number:StandSDK100001,eventid:100001
I/mzw_analytics_send( 1157): cache thread
D/dalvikvm( 1211): DexOpt: couldn't find static field Lcom/inject_umeng/example/R$id;.menu_loginorout
I/http    ( 1157): get httpCode404
D/dalvikvm( 1211): DexOpt: load 2946ms, verify+opt 10509ms, 3501636 bytes
D/dalvikvm( 1172): DexOpt: --- END 'mzw.jar' (success) ---
D/dalvikvm( 1172): DEX prep '/data/data/com.snkplaymore.android007/mzwres/sdk/mzw.jar': unzip in 1258ms, rewrite 15325ms
D/dalvikvm( 1172): GC_CONCURRENT freed 44K, 4% free 3174K/3288K, paused 4ms+25ms, total 152ms
D/dalvikvm( 1172): WAIT_FOR_CONCURRENT_GC blocked 109ms
D/dalvikvm( 1172): GC_CONCURRENT freed 155K, 7% free 3481K/3712K, paused 4ms+3ms, total 159ms
W/ActivityManager(  345): Timeout executing service: ServiceRecord{b3737478 u0 com.snkplaymore.android007/com.muzhiwan.embed.LogService}
I/Process (  345): Sending signal. PID: 1172 SIG: 3
I/dalvikvm( 1172): threadid=3: reacting to signal 3
I/dalvikvm( 1172): Wrote stack traces to '/data/anr/traces.txt'
I/Process (  345): Sending signal. PID: 345 SIG: 3
I/dalvikvm(  345): threadid=3: reacting to signal 3
D/dalvikvm( 1172): GC_CONCURRENT freed 120K, 5% free 3638K/3828K, paused 4ms+30ms, total 217ms
D/dalvikvm( 1172): GC_CONCURRENT freed 158K, 6% free 3905K/4144K, paused 4ms+38ms, total 133ms
E/mzw_sdk_loader( 1172): load dex complete
E/mzw_sdk_loader( 1172): have res
I/mzw_sdk_loader( 1172): start create sb
I/mzw_sdk_loader( 1172): create sb complete
I/mzw_sdk_loader( 1172): call append
I/mzw_sdk_loader( 1172): start create sb
I/mzw_sdk_loader( 1172): create sb complete
I/mzw_sdk_loader( 1172): call append
I/mzw_sdk_loader( 1172): start create sb
I/mzw_sdk_loader( 1172): create sb complete
I/mzw_sdk_loader( 1172): call append
I/mzw_sdk_loader( 1172): start create sb
I/mzw_sdk_loader( 1172): create sb complete
I/mzw_sdk_loader( 1172): call append
I/mzw_sdk_loader( 1172): start create sb
I/mzw_sdk_loader( 1172): create sb complete
I/mzw_sdk_loader( 1172): call append
I/mzw_sdk_loader( 1172): start create sb
I/mzw_sdk_loader( 1172): create sb complete
I/mzw_sdk_loader( 1172): call append
I/mzw_sdk_loader( 1172): start create sb
I/mzw_sdk_loader( 1172): create sb complete
I/mzw_sdk_loader( 1172): call append
I/mzw_sdk_loader( 1172): start create sb
I/mzw_sdk_loader( 1172): create sb complete
I/mzw_sdk_loader( 1172): call append
I/mzw_sdk_loader( 1172): start create sb
I/mzw_sdk_loader( 1172): create sb complete
I/mzw_sdk_loader( 1172): call append
I/mzw_sdk2_loader( 1172): /data/data/com.snkplaymore.android007/mzwres/sdk/res/muzhiwan_370.zip
I/Process (  345): Sending signal. PID: 593 SIG: 3
I/dalvikvm(  593): threadid=3: reacting to signal 3
I/dalvikvm(  345): Wrote stack traces to '/data/anr/traces.txt'
I/Process (  345): Sending signal. PID: 442 SIG: 3
I/dalvikvm(  442): threadid=3: reacting to signal 3
I/dalvikvm(  442): Wrote stack traces to '/data/anr/traces.txt'
I/dalvikvm(  593): Wrote stack traces to '/data/anr/traces.txt'
E/mzw_sdk_loader( 1172): done
W/System.err( 1172): java.lang.ClassNotFoundException: com.muzhiwan.lib.common.utils.ResourceUtils
W/System.err( 1172): 	at java.lang.Class.classForName(Native Method)
W/System.err( 1172): 	at java.lang.Class.forName(Class.java:251)
W/System.err( 1172): 	at java.lang.Class.forName(Class.java:216)
W/System.err( 1172): 	at com.muzhiwan.embed.sdk.PopUtils.openSDKTag(PopUtils.java:80)
W/System.err( 1172): 	at com.dotemu.neogeo.kof98.Kof98Application.onCreate(Kof98Application.java)
W/System.err( 1172): 	at android.app.Instrumentation.callApplicationOnCreate(Instrumentation.java:1007)
W/System.err( 1172): 	at android.app.ActivityThread.handleBindApplication(ActivityThread.java:4328)
W/System.err( 1172): 	at android.app.ActivityThread.access$1500(ActivityThread.java:135)
W/System.err( 1172): 	at android.app.ActivityThread$H.handleMessage(ActivityThread.java:1256)
W/System.err( 1172): 	at android.os.Handler.dispatchMessage(Handler.java:102)
W/System.err( 1172): 	at android.os.Looper.loop(Looper.java:136)
W/System.err( 1172): 	at android.app.ActivityThread.main(ActivityThread.java:5001)
W/System.err( 1172): 	at java.lang.reflect.Method.invokeNative(Native Method)
W/System.err( 1172): 	at java.lang.reflect.Method.invoke(Method.java:515)
W/System.err( 1172): 	at com.android.internal.os.ZygoteInit$MethodAndArgsCaller.run(ZygoteInit.java:785)
W/System.err( 1172): 	at com.android.internal.os.ZygoteInit.main(ZygoteInit.java:601)
W/System.err( 1172): 	at dalvik.system.NativeStart.main(Native Method)
W/System.err( 1172): Caused by: java.lang.NoClassDefFoundError: com/muzhiwan/lib/common/utils/ResourceUtils
W/System.err( 1172): 	... 17 more
W/System.err( 1172): Caused by: java.lang.ClassNotFoundException: Didn't find class "com.muzhiwan.lib.common.utils.ResourceUtils" on path: DexPathList[[zip file "/data/app/com.snkplaymore.android007-1.apk"],nativeLibraryDirectories=[/data/app-lib/com.snkplaymore.android007-1, /system/lib]]
W/System.err( 1172): 	at dalvik.system.BaseDexClassLoader.findClass(BaseDexClassLoader.java:56)
W/System.err( 1172): 	at java.lang.ClassLoader.loadClass(ClassLoader.java:497)
W/System.err( 1172): 	at java.lang.ClassLoader.loadClass(ClassLoader.java:457)
W/System.err( 1172): 	... 17 more
I/mzw_logger( 1172): bind logger:-1292996656
I/mzw_logger( 1157): service connected
I/mzw_process( 1157): CheckGoogleServerProcessor
I/mzw_process( 1157): CheckObbProcessor
I/mzw_logger( 1172): service connected
I/mzw_logger( 1157): dir:false
I/mzw_logger( 1157): havePackage:false,path:/storage/sdcard/Android/obb/com.snkplaymore.android007
D/dalvikvm( 1172): GC_CONCURRENT freed 694K, 18% free 3630K/4404K, paused 7ms+3ms, total 97ms
I/MediaFocusControl(  345):  AudioFocus  abandonAudioFocus() from android.media.AudioManager@b2d692e0com.android.music.MediaPlaybackService$3@b2d68160
I/mzw_analytics_send( 1157): send event:StandSDK100003,eventid:100003,data:StandSDK1000031545896804691d3c491ad-7d6b-4d0d-ba99-199692fcfc20unknownsdk160864480other19370generic%2Fsdk%2Fgeneric%3A4.4.4%2FKK%2F1743154%3Aeng%2Ftest-keysa514ce36-1169-40ff-8c1c-c9df4ad60f2bAndroid+PixelFlinger+1.4%40Android000000000000000unknown1000031The+King+Of+Fighters+%2798com.snkplaymore.android007121.0
I/mzw_analytics_send( 1157): onlywifi number:StandSDK100003,eventid:100003
I/mzw_analytics_save( 1157): file:/storage/sdcard/muzhiwan/logs/gamesdks/StandSDK100003$100003,json:StandSDK1000031545896804691d3c491ad-7d6b-4d0d-ba99-199692fcfc20unknownsdk160864480other19370generic%2Fsdk%2Fgeneric%3A4.4.4%2FKK%2F1743154%3Aeng%2Ftest-keysa514ce36-1169-40ff-8c1c-c9df4ad60f2bAndroid+PixelFlinger+1.4%40Android000000000000000unknown1000031The+King+Of+Fighters+%2798com.snkplaymore.android007121.0
D/AndroidRuntime( 1224): 
D/AndroidRuntime( 1224): >>>>>> AndroidRuntime START com.android.internal.os.RuntimeInit <<<<<<
D/AndroidRuntime( 1224): CheckJNI is ON
D/dalvikvm( 1224): Trying to load lib libjavacore.so 0x0
D/dalvikvm( 1224): Added shared lib libjavacore.so 0x0
D/dalvikvm( 1224): Trying to load lib libnativehelper.so 0x0
D/dalvikvm( 1224): Added shared lib libnativehelper.so 0x0
D/dalvikvm( 1224): No JNI_OnLoad found in libnativehelper.so 0x0, skipping init
D/dalvikvm( 1224): Note: class Landroid/app/ActivityManagerNative; has 179 unimplemented (abstract) methods
E/memtrack( 1224): Couldn't load memtrack module (No such file or directory)
E/android.os.Debug( 1224): failed to load memtrack module: -2
D/AndroidRuntime( 1224): Calling main entry com.android.commands.am.Am
I/ActivityManager(  345): START u0 {act=android.intent.action.MAIN cat=[android.intent.category.LAUNCHER] flg=0x10000000 cmp=com.snkplaymore.android007/com.dotemu.neogeo.kof98.Kof98Activity} from pid 1224
I/mzw_logger( 1157): hide:false,holder:-1291900960
I/mzw_logger( 1157): service connected
I/mzw_analytics_send( 1157): send event:StandSDK100001,eventid:100002,data:StandSDK1000011545896808414c815f4a5-a45a-444d-bd86-0d9195f12281unknownsdk160864480other19370generic%2Fsdk%2Fgeneric%3A4.4.4%2FKK%2F1743154%3Aeng%2Ftest-keysa514ce36-1169-40ff-8c1c-c9df4ad60f2bAndroid+PixelFlinger+1.4%40Android000000000000000unknown1000021The+King+Of+Fighters+%2798com.snkplaymore.android007121.05b73f7de-9677-402a-8e02-82a4f488cf127653726272840000002538400
I/mzw_analytics_send( 1157): send post data number :StandSDK100001,eventid:100002
I/mzw_float_activity( 1157): 102
I/Choreographer( 1157): Skipped 324 frames!  The application may be doing too much work on its main thread.
D/dalvikvm(  345): GC_CONCURRENT freed 572K, 54% free 5963K/12924K, paused 16ms+65ms, total 630ms
D/dalvikvm( 1157): GC_CONCURRENT freed 446K, 10% free 5178K/5692K, paused 64ms+90ms, total 497ms
I/mzw_analytics_send( 1157): send status:200,number:StandSDK100001,eventid:100002
I/mzw_analytics_send( 1157): send code:1,number:StandSDK100001,eventid:100002
I/mzw_analytics_send( 1157): cache thread
I/mzw_analytics_send( 1157): send cache number:StandSDK100003,eventid:100003
D/dalvikvm(  345): GC_EXPLICIT freed 150K, 54% free 5949K/12924K, paused 5ms+18ms, total 429ms
D/dalvikvm( 1157): Trying to load lib /data/app-lib/com.snkplaymore.android007-1/libEmulator.so 0xb2d60fd8
W/linker  ( 1157): libEmulator.so has text relocations. This is wasting memory and is a security risk. Please fix.
D/dalvikvm( 1157): Added shared lib /data/app-lib/com.snkplaymore.android007-1/libEmulator.so 0xb2d60fd8
D/Cocos2dxActivity( 1157): model=sdk
D/Cocos2dxActivity( 1157): product=sdk
D/Cocos2dxActivity( 1157): isEmulator=true
I/Process (  345): Sending signal. PID: 1157 SIG: 3
I/dalvikvm( 1157): threadid=3: reacting to signal 3
E/ActivityManager(  345): ANR in com.snkplaymore.android007:helper
E/ActivityManager(  345): PID: 1172
E/ActivityManager(  345): Reason: Executing service com.snkplaymore.android007/com.muzhiwan.embed.LogService
E/ActivityManager(  345): Load: 5.04 / 2.3 / 0.88
E/ActivityManager(  345): CPU usage from 0ms to 11881ms later:
E/ActivityManager(  345):   49% 58/surfaceflinger: 46% user + 3.6% kernel / faults: 555 minor
E/ActivityManager(  345):   15% 345/system_server: 9.7% user + 5.5% kernel / faults: 397 minor
E/ActivityManager(  345):   8.6% 1172/com.snkplaymore.android007:helper: 6.7% user + 1.9% kernel / faults: 1443 minor
E/ActivityManager(  345):   7.1% 1157/zygote: 4.8% user + 2.3% kernel / faults: 3162 minor 5 major
E/ActivityManager(  345):   0.3% 56/debuggerd: 0.1% user + 0.1% kernel / faults: 1368 minor
E/ActivityManager(  345):   1.4% 593/com.android.phone: 0.5% user + 0.9% kernel / faults: 167 minor
E/ActivityManager(  345):   0.3% 442/com.android.systemui: 0.2% user + 0% kernel / faults: 103 minor
E/ActivityManager(  345):   0.1% 512/sdcard: 0% user + 0.1% kernel / faults: 1 minor
E/ActivityManager(  345):   0% 937/com.android.music: 0% user + 0% kernel / faults: 19 minor
E/ActivityManager(  345):  +0% 1224/app_process: 0% user + 0% kernel
E/ActivityManager(  345): 100% TOTAL: 80% user + 19% kernel
E/ActivityManager(  345): CPU usage from 10409ms to 11287ms later:
E/ActivityManager(  345):   67% 58/surfaceflinger: 63% user + 4.2% kernel / faults: 55 minor
E/ActivityManager(  345):     64% 58/surfaceflinger: 61% user + 3.1% kernel
E/ActivityManager(  345):     2.1% 97/EventThread: 1% user + 1% kernel
E/ActivityManager(  345):     1% 87/DispSync: 0% user + 1% kernel
E/ActivityManager(  345):   17% 1157/com.snkplaymore.android007: 7.7% user + 10% kernel / faults: 1286 minor 2 major
E/ActivityManager(  345):     17% 1157/more.android007: 7.7% user + 10% kernel
E/ActivityManager(  345):   10% 345/system_server: 5.4% user + 5.4% kernel
E/ActivityManager(  345):     9.8% 365/ActivityManager: 4.3% user + 5.4% kernel
E/ActivityManager(  345):     1% 363/WindowManager: 0% user + 1% kernel
E/ActivityManager(  345):     1% 366/android.bg: 1% user + 0% kernel
E/ActivityManager(  345):   1% 593/com.android.phone: 0% user + 1% kernel
E/ActivityManager(  345):     1% 593/m.android.phone: 0% user + 1% kernel
E/ActivityManager(  345): 100% TOTAL: 73% user + 26% kernel
I/ActivityManager(  345): Killing 1172:com.snkplaymore.android007:helper/u0a52 (adj 1): background ANR
W/ActivityManager(  345): Scheduling restart of crashed service com.snkplaymore.android007/com.muzhiwan.embed.LogService in 1000ms
I/dalvikvm( 1157): Wrote stack traces to '/data/anr/traces.txt'
I/Choreographer(  345): Skipped 46 frames!  The application may be doing too much work on its main thread.
D/dalvikvm( 1157): GC_CONCURRENT freed 95K, 7% free 5293K/5692K, paused 15ms+2ms, total 233ms
I/mzw_analytics_send( 1157): send status:200,number:StandSDK100003,eventid:100003
I/mzw_analytics_send( 1157): send code:1,number:StandSDK100003,eventid:100003
W/PopupManager( 1157): You have not specified a View to use as content view for popups. Falling back to the Activity content view which may not work properly in future versions of the API. Use setViewForPopups() to set your content view.
E/BluetoothAdapter( 1157): Bluetooth binder is null
W/dalvikvm( 1157): Exception Ljava/lang/NullPointerException; thrown while initializing Lcom/dotemu/googleLicensing/GoogleLicensing;
D/AndroidRuntime( 1157): Shutting down VM
W/dalvikvm( 1157): threadid=1: thread exiting with uncaught exception (group=0xb2aaeba8)
E/AndroidRuntime( 1157): FATAL EXCEPTION: main
E/AndroidRuntime( 1157): Process: com.snkplaymore.android007, PID: 1157
E/AndroidRuntime( 1157): java.lang.ExceptionInInitializerError
E/AndroidRuntime( 1157): 	at com.dotemu.android.DotEmuActivity.onCreate(DotEmuActivity.java)
E/AndroidRuntime( 1157): 	at com.dotemu.neogeo.kof98.Kof98Activity.onCreate(Kof98Activity.java)
E/AndroidRuntime( 1157): 	at android.app.Activity.performCreate(Activity.java:5231)
E/AndroidRuntime( 1157): 	at android.app.Instrumentation.callActivityOnCreate(Instrumentation.java:1087)
E/AndroidRuntime( 1157): 	at android.app.ActivityThread.performLaunchActivity(ActivityThread.java:2148)
E/AndroidRuntime( 1157): 	at android.app.ActivityThread.handleLaunchActivity(ActivityThread.java:2233)
E/AndroidRuntime( 1157): 	at android.app.ActivityThread.access$800(ActivityThread.java:135)
E/AndroidRuntime( 1157): 	at android.app.ActivityThread$H.handleMessage(ActivityThread.java:1196)
E/AndroidRuntime( 1157): 	at android.os.Handler.dispatchMessage(Handler.java:102)
E/AndroidRuntime( 1157): 	at android.os.Looper.loop(Looper.java:136)
E/AndroidRuntime( 1157): 	at android.app.ActivityThread.main(ActivityThread.java:5001)
E/AndroidRuntime( 1157): 	at java.lang.reflect.Method.invokeNative(Native Method)
E/AndroidRuntime( 1157): 	at java.lang.reflect.Method.invoke(Method.java:515)
E/AndroidRuntime( 1157): 	at com.android.internal.os.ZygoteInit$MethodAndArgsCaller.run(ZygoteInit.java:785)
E/AndroidRuntime( 1157): 	at com.android.internal.os.ZygoteInit.main(ZygoteInit.java:601)
E/AndroidRuntime( 1157): 	at dalvik.system.NativeStart.main(Native Method)
E/AndroidRuntime( 1157): Caused by: java.lang.NullPointerException
E/AndroidRuntime( 1157): 	at com.dotemu.googleLicensing.GoogleLicensing.<clinit>(GoogleLicensing.java)
E/AndroidRuntime( 1157): 	... 16 more
D/dalvikvm(  345): GC_CONCURRENT freed 401K, 52% free 6318K/12924K, paused 8ms+24ms, total 408ms
D/dalvikvm(  345): WAIT_FOR_CONCURRENT_GC blocked 398ms
W/ActivityManager(  345):   Force finishing activity com.snkplaymore.android007/com.dotemu.neogeo.kof98.Kof98Activity
W/ActivityManager(  345):   Force finishing activity com.snkplaymore.android007/com.muzhiwan.embed.MzwActivity
I/ActivityManager(  345): Start proc com.snkplaymore.android007:helper for service com.snkplaymore.android007/com.muzhiwan.embed.LogService: pid=1241 uid=10052 gids={50052, 1028, 1015, 3001, 3002, 3003}
D/gralloc (   58): Registering a buffer in the process that created it. This may cause memory ordering problems.
E/libEGL  (   58): called unimplemented OpenGL ES API
E/libEGL  (   58): called unimplemented OpenGL ES API
E/libEGL  (   58): called unimplemented OpenGL ES API
E/libEGL  (   58): called unimplemented OpenGL ES API
E/SurfaceFlinger(   58): glCheckFramebufferStatusOES error 47867007
E/SurfaceFlinger(   58): got GL_FRAMEBUFFER_COMPLETE_OES error while taking screenshot
E/libEGL  (   58): called unimplemented OpenGL ES API
E/libEGL  (   58): called unimplemented OpenGL ES API
I/ActivityManager(  345): Config changes=480 {1.0 310mcc260mnc en_US ldltr sw480dp w480dp h839dp 160dpi lrg long port finger -keyb/v/h tball/v s.8}
D/PhoneStatusBar(  442): mSettingsPanelGravity = 55
I/Choreographer(  345): Skipped 182 frames!  The application may be doing too much work on its main thread.
I/WindowManager(  345): Screen frozen for +506ms due to Window{b326e8d8 u0 Starting com.snkplaymore.android007}
I/InputReader(  345): Reconfiguring input devices.  changes=0x00000004
I/InputReader(  345): Device reconfigured: id=0, name='qwerty2', size 480x864, orientation 0, mode 1, display id 0
W/ActivityManager(  345): Activity pause timeout for ActivityRecord{b35c2de0 u0 com.snkplaymore.android007/com.dotemu.neogeo.kof98.Kof98Activity t4 f}
D/dalvikvm( 1241): Trying to load lib /data/app-lib/com.snkplaymore.android007-1/libmzwinject.so 0xb2d628e0
D/dalvikvm( 1241): Added shared lib /data/app-lib/com.snkplaymore.android007-1/libmzwinject.so 0xb2d628e0
D/dalvikvm( 1241): No JNI_OnLoad found in /data/app-lib/com.snkplaymore.android007-1/libmzwinject.so 0xb2d628e0, skipping init
I/mzw_sdk_loader( 1241): com.snkplaymore.android007
I/mzw_sdk_loader( 1241): /sdk/pack
I/mzw_sdk_loader( 1241): start create sb
I/mzw_sdk_loader( 1241): create sb complete
I/mzw_sdk_loader( 1241): call append
I/mzw_sdk_loader( 1241): start create sb
I/mzw_sdk_loader( 1241): create sb complete
I/mzw_sdk_loader( 1241): call append
I/mzw_sdk_loader( 1241): /data/data/com.snkplaymore.android007/mzwres/
I/mzw_sdk_loader( 1241): start create sb
I/mzw_sdk_loader( 1241): create sb complete
I/mzw_sdk_loader( 1241): call append
I/mzw_sdk_loader( 1241): /data/data/com.snkplaymore.android007/mzwres//sdk/pack
E/mzw_sdk_loader( 1241): getpackfile complete
I/mzw_sdk_loader( 1241): start create sb
I/mzw_sdk_loader( 1241): create sb complete
I/mzw_sdk_loader( 1241): call append
I/mzw_sdk_loader( 1241): start create sb
I/mzw_sdk_loader( 1241): create sb complete
I/mzw_sdk_loader( 1241): call append
I/mzw_sdk_loader( 1241): start create sb
I/mzw_sdk_loader( 1241): create sb complete
I/mzw_sdk_loader( 1241): call append
E/mzw_sdk_loader( 1241): getdexfile complete
E/mzw_sdk_loader( 1241): to load dex
I/mzw_sdk_loader( 1241): start create sb
I/mzw_sdk_loader( 1241): create sb complete
I/mzw_sdk_loader( 1241): call append
I/mzw_sdk_loader( 1241): start create sb
I/mzw_sdk_loader( 1241): create sb complete
I/mzw_sdk_loader( 1241): call append
I/mzw_sdk_loader( 1241): start create sb
I/mzw_sdk_loader( 1241): create sb complete
I/mzw_sdk_loader( 1241): call append
I/mzw_sdk_loader( 1241): start create sb
I/mzw_sdk_loader( 1241): create sb complete
I/mzw_sdk_loader( 1241): call append
I/Choreographer(  345): Skipped 49 frames!  The application may be doing too much work on its main thread.
I/Choreographer(  442): Skipped 129 frames!  The application may be doing too much work on its main thread.
I/Choreographer(  345): Skipped 246 frames!  The application may be doing too much work on its main thread.
I/Choreographer(  345): Skipped 60 frames!  The application may be doing too much work on its main thread.
D/dalvikvm( 1241): DexOpt: --- BEGIN 'mzw.jar' (bootstrap=0) ---
I/Choreographer(  345): Skipped 1002 frames!  The application may be doing too much work on its main thread.
W/ActivityManager(  345): Launch timeout has expired, giving up wake lock!
I/Choreographer(  345): Skipped 84 frames!  The application may be doing too much work on its main thread.
D/dalvikvm(  442): GC_FOR_ALLOC freed 3044K, 48% free 3582K/6784K, paused 373ms, total 377ms
I/dalvikvm-heap(  442): Grow heap (frag case) to 6.491MB for 3072016-byte allocation
D/dalvikvm(  442): GC_FOR_ALLOC freed 3K, 4% free 6578K/6784K, paused 284ms, total 284ms
D/dalvikvm(  345): GC_EXPLICIT freed 791K, 53% free 6144K/12924K, paused 6ms+29ms, total 427ms
I/Choreographer(  684): Skipped 146 frames!  The application may be doing too much work on its main thread.
D/dalvikvm(  442): GC_CONCURRENT freed <1K, 4% free 6578K/6784K, paused 4ms+52ms, total 152ms
I/Choreographer(  684): Skipped 99 frames!  The application may be doing too much work on its main thread.
D/dalvikvm(  442): GC_FOR_ALLOC freed 3000K, 48% free 3579K/6784K, paused 247ms, total 248ms
I/dalvikvm-heap(  442): Grow heap (frag case) to 6.488MB for 3072016-byte allocation
D/dalvikvm(  442): GC_CONCURRENT freed <1K, 4% free 6578K/6784K, paused 5ms+27ms, total 174ms
I/Choreographer(  684): Skipped 122 frames!  The application may be doing too much work on its main thread.
D/dalvikvm( 1254): DexOpt: couldn't find static field Lcom/inject_umeng/example/R$id;.menu_loginorout
D/dalvikvm( 1254): DexOpt: load 3778ms, verify+opt 4953ms, 3501636 bytes
D/dalvikvm( 1241): DexOpt: --- END 'mzw.jar' (success) ---
D/dalvikvm( 1241): DEX prep '/data/data/com.snkplaymore.android007/mzwres/sdk/mzw.jar': unzip in 659ms, rewrite 10668ms
D/dalvikvm( 1241): GC_FOR_ALLOC freed 47K, 4% free 3170K/3288K, paused 468ms, total 469ms
D/dalvikvm( 1241): GC_FOR_ALLOC freed 188K, 7% free 3492K/3752K, paused 52ms, total 52ms
D/dalvikvm( 1241): GC_FOR_ALLOC freed 184K, 7% free 3814K/4076K, paused 53ms, total 53ms
D/dalvikvm( 1241): GC_FOR_ALLOC freed 170K, 6% free 4149K/4400K, paused 153ms, total 153ms
E/mzw_sdk_loader( 1241): load dex complete
W/ActivityManager(  345): Activity destroy timeout for ActivityRecord{b2f08908 u0 com.snkplaymore.android007/com.muzhiwan.embed.MzwActivity t4 f}
W/ActivityManager(  345): Activity destroy timeout for ActivityRecord{b35c2de0 u0 com.snkplaymore.android007/com.dotemu.neogeo.kof98.Kof98Activity t4 f}
E/mzw_sdk_loader( 1241): have res
I/mzw_sdk_loader( 1241): start create sb
I/mzw_sdk_loader( 1241): create sb complete
I/mzw_sdk_loader( 1241): call append
I/mzw_sdk_loader( 1241): start create sb
I/mzw_sdk_loader( 1241): create sb complete
I/mzw_sdk_loader( 1241): call append
I/mzw_sdk_loader( 1241): start create sb
I/mzw_sdk_loader( 1241): create sb complete
I/mzw_sdk_loader( 1241): call append
I/mzw_sdk_loader( 1241): start create sb
I/mzw_sdk_loader( 1241): create sb complete
I/mzw_sdk_loader( 1241): call append
I/mzw_sdk_loader( 1241): start create sb
I/mzw_sdk_loader( 1241): create sb complete
I/mzw_sdk_loader( 1241): call append
I/mzw_sdk_loader( 1241): start create sb
I/mzw_sdk_loader( 1241): create sb complete
I/mzw_sdk_loader( 1241): call append
I/mzw_sdk_loader( 1241): start create sb
I/mzw_sdk_loader( 1241): create sb complete
I/mzw_sdk_loader( 1241): call append
I/mzw_sdk_loader( 1241): start create sb
I/mzw_sdk_loader( 1241): create sb complete
I/mzw_sdk_loader( 1241): call append
I/mzw_sdk_loader( 1241): start create sb
I/mzw_sdk_loader( 1241): create sb complete
I/mzw_sdk_loader( 1241): call append
I/mzw_sdk2_loader( 1241): /data/data/com.snkplaymore.android007/mzwres/sdk/res/muzhiwan_370.zip
E/mzw_sdk_loader( 1241): done
W/System.err( 1241): java.lang.ClassNotFoundException: com.muzhiwan.lib.common.utils.ResourceUtils
W/System.err( 1241): 	at java.lang.Class.classForName(Native Method)
W/System.err( 1241): 	at java.lang.Class.forName(Class.java:251)
W/System.err( 1241): 	at java.lang.Class.forName(Class.java:216)
W/System.err( 1241): 	at com.muzhiwan.embed.sdk.PopUtils.openSDKTag(PopUtils.java:80)
W/System.err( 1241): 	at com.dotemu.neogeo.kof98.Kof98Application.onCreate(Kof98Application.java)
W/System.err( 1241): 	at android.app.Instrumentation.callApplicationOnCreate(Instrumentation.java:1007)
W/System.err( 1241): 	at android.app.ActivityThread.handleBindApplication(ActivityThread.java:4328)
W/System.err( 1241): 	at android.app.ActivityThread.access$1500(ActivityThread.java:135)
W/System.err( 1241): 	at android.app.ActivityThread$H.handleMessage(ActivityThread.java:1256)
W/System.err( 1241): 	at android.os.Handler.dispatchMessage(Handler.java:102)
W/System.err( 1241): 	at android.os.Looper.loop(Looper.java:136)
W/System.err( 1241): 	at android.app.ActivityThread.main(ActivityThread.java:5001)
W/System.err( 1241): 	at java.lang.reflect.Method.invokeNative(Native Method)
W/System.err( 1241): 	at java.lang.reflect.Method.invoke(Method.java:515)
W/System.err( 1241): 	at com.android.internal.os.ZygoteInit$MethodAndArgsCaller.run(ZygoteInit.java:785)
W/System.err( 1241): 	at com.android.internal.os.ZygoteInit.main(ZygoteInit.java:601)
W/System.err( 1241): 	at dalvik.system.NativeStart.main(Native Method)
W/System.err( 1241): Caused by: java.lang.NoClassDefFoundError: com/muzhiwan/lib/common/utils/ResourceUtils
W/System.err( 1241): 	... 17 more
W/System.err( 1241): Caused by: java.lang.ClassNotFoundException: Didn't find class "com.muzhiwan.lib.common.utils.ResourceUtils" on path: DexPathList[[zip file "/data/app/com.snkplaymore.android007-1.apk"],nativeLibraryDirectories=[/data/app-lib/com.snkplaymore.android007-1, /system/lib]]
W/System.err( 1241): 	at dalvik.system.BaseDexClassLoader.findClass(BaseDexClassLoader.java:56)
W/System.err( 1241): 	at java.lang.ClassLoader.loadClass(ClassLoader.java:497)
W/System.err( 1241): 	at java.lang.ClassLoader.loadClass(ClassLoader.java:457)
W/System.err( 1241): 	... 17 more
I/mzw_logger( 1241): bind logger:-1293022568
D/dalvikvm( 1241): GC_CONCURRENT freed 600K, 19% free 3612K/4408K, paused 3ms+33ms, total 64ms
I/mzw_logger( 1241): service connected
I/Process ( 1157): Sending signal. PID: 1157 SIG: 9
I/ActivityManager(  345): Process com.snkplaymore.android007 (pid 1157) has died.
W/ActivityManager(  345): Scheduling restart of crashed service com.snkplaymore.android007/com.muzhiwan.embed.PopWindowService in 1000ms
W/InputDispatcher(  345): channel 'b326d210 com.snkplaymore.android007/com.muzhiwan.embed.MzwActivity (server)' ~ Consumer closed input channel or an error occurred.  events=0x9
E/InputDispatcher(  345): channel 'b326d210 com.snkplaymore.android007/com.muzhiwan.embed.MzwActivity (server)' ~ Channel is unrecoverably broken and will be disposed!
W/InputDispatcher(  345): channel 'b34ab2d0 com.snkplaymore.android007/com.muzhiwan.embed.MzwActivity (server)' ~ Consumer closed input channel or an error occurred.  events=0x9
E/InputDispatcher(  345): channel 'b34ab2d0 com.snkplaymore.android007/com.muzhiwan.embed.MzwActivity (server)' ~ Channel is unrecoverably broken and will be disposed!
W/InputDispatcher(  345): Attempted to unregister already unregistered input channel 'b326d210 com.snkplaymore.android007/com.muzhiwan.embed.MzwActivity (server)'
I/WindowState(  345): WIN DEATH: Window{b326d210 u0 com.snkplaymore.android007/com.muzhiwan.embed.MzwActivity}
W/WindowManager(  345): Force-removing child win Window{b2fa9160 u0 SurfaceView} from container Window{b326d210 u0 com.snkplaymore.android007/com.muzhiwan.embed.MzwActivity}
W/InputDispatcher(  345): Attempted to unregister already unregistered input channel 'b34ab2d0 com.snkplaymore.android007/com.muzhiwan.embed.MzwActivity (server)'
W/WindowManager(  345): Failed looking up window
W/WindowManager(  345): java.lang.IllegalArgumentException: Requested window android.os.BinderProxy@b333dd30 does not exist
W/WindowManager(  345): 	at com.android.server.wm.WindowManagerService.windowForClientLocked(WindowManagerService.java:7939)
W/WindowManager(  345): 	at com.android.server.wm.WindowManagerService.windowForClientLocked(WindowManagerService.java:7930)
W/WindowManager(  345): 	at com.android.server.wm.WindowState$DeathRecipient.binderDied(WindowState.java:1047)
W/WindowManager(  345): 	at android.os.BinderProxy.sendDeathNotice(Binder.java:493)
W/WindowManager(  345): 	at dalvik.system.NativeStart.run(Native Method)
I/WindowState(  345): WIN DEATH: null
I/WindowState(  345): WIN DEATH: Window{b34ab2d0 u0 com.snkplaymore.android007/com.muzhiwan.embed.MzwActivity}
I/ActivityManager(  345): Start proc com.snkplaymore.android007 for service com.snkplaymore.android007/com.muzhiwan.embed.PopWindowService: pid=1261 uid=10052 gids={50052, 1028, 1015, 3001, 3002, 3003}
D/dalvikvm( 1261): Trying to load lib /data/app-lib/com.snkplaymore.android007-1/libmzwinject.so 0xb2d636b8
D/dalvikvm( 1261): Added shared lib /data/app-lib/com.snkplaymore.android007-1/libmzwinject.so 0xb2d636b8
D/dalvikvm( 1261): No JNI_OnLoad found in /data/app-lib/com.snkplaymore.android007-1/libmzwinject.so 0xb2d636b8, skipping init
I/mzw_sdk_loader( 1261): com.snkplaymore.android007
I/mzw_sdk_loader( 1261): /sdk/pack
I/mzw_sdk_loader( 1261): start create sb
I/mzw_sdk_loader( 1261): create sb complete
I/mzw_sdk_loader( 1261): call append
I/mzw_sdk_loader( 1261): start create sb
I/mzw_sdk_loader( 1261): create sb complete
I/mzw_sdk_loader( 1261): call append
I/mzw_sdk_loader( 1261): /data/data/com.snkplaymore.android007/mzwres/
I/mzw_sdk_loader( 1261): start create sb
I/mzw_sdk_loader( 1261): create sb complete
I/mzw_sdk_loader( 1261): call append
I/mzw_sdk_loader( 1261): /data/data/com.snkplaymore.android007/mzwres//sdk/pack
E/mzw_sdk_loader( 1261): getpackfile complete
I/mzw_sdk_loader( 1261): start create sb
I/mzw_sdk_loader( 1261): create sb complete
I/mzw_sdk_loader( 1261): call append
I/mzw_sdk_loader( 1261): start create sb
I/mzw_sdk_loader( 1261): create sb complete
I/mzw_sdk_loader( 1261): call append
I/mzw_sdk_loader( 1261): start create sb
I/mzw_sdk_loader( 1261): create sb complete
I/mzw_sdk_loader( 1261): call append
E/mzw_sdk_loader( 1261): getdexfile complete
E/mzw_sdk_loader( 1261): to load dex
I/mzw_sdk_loader( 1261): start create sb
I/mzw_sdk_loader( 1261): create sb complete
I/mzw_sdk_loader( 1261): call append
I/mzw_sdk_loader( 1261): start create sb
I/mzw_sdk_loader( 1261): create sb complete
I/mzw_sdk_loader( 1261): call append
I/mzw_sdk_loader( 1261): start create sb
I/mzw_sdk_loader( 1261): create sb complete
I/mzw_sdk_loader( 1261): call append
I/mzw_sdk_loader( 1261): start create sb
I/mzw_sdk_loader( 1261): create sb complete
I/mzw_sdk_loader( 1261): call append
D/dalvikvm( 1261): DexOpt: --- BEGIN 'mzw.jar' (bootstrap=0) ---
D/dalvikvm( 1273): DexOpt: couldn't find static field Lcom/inject_umeng/example/R$id;.menu_loginorout
D/dalvikvm( 1273): DexOpt: load 630ms, verify+opt 3303ms, 3501636 bytes
D/dalvikvm( 1261): DexOpt: --- END 'mzw.jar' (success) ---
D/dalvikvm( 1261): DEX prep '/data/data/com.snkplaymore.android007/mzwres/sdk/mzw.jar': unzip in 208ms, rewrite 4614ms
D/dalvikvm( 1261): GC_CONCURRENT freed 51K, 4% free 3166K/3288K, paused 15ms+3ms, total 46ms
D/dalvikvm( 1261): WAIT_FOR_CONCURRENT_GC blocked 20ms
D/dalvikvm( 1261): GC_CONCURRENT freed 141K, 6% free 3431K/3644K, paused 4ms+4ms, total 34ms
D/dalvikvm( 1261): GC_CONCURRENT freed 174K, 7% free 3688K/3940K, paused 4ms+4ms, total 44ms
D/dalvikvm( 1261): GC_CONCURRENT freed 153K, 6% free 3992K/4228K, paused 4ms+4ms, total 44ms
E/mzw_sdk_loader( 1261): load dex complete
E/mzw_sdk_loader( 1261): have res
I/mzw_sdk_loader( 1261): start create sb
I/mzw_sdk_loader( 1261): create sb complete
I/mzw_sdk_loader( 1261): call append
I/mzw_sdk_loader( 1261): start create sb
I/mzw_sdk_loader( 1261): create sb complete
I/mzw_sdk_loader( 1261): call append
I/mzw_sdk_loader( 1261): start create sb
I/mzw_sdk_loader( 1261): create sb complete
I/mzw_sdk_loader( 1261): call append
I/mzw_sdk_loader( 1261): start create sb
I/mzw_sdk_loader( 1261): create sb complete
I/mzw_sdk_loader( 1261): call append
I/mzw_sdk_loader( 1261): start create sb
I/mzw_sdk_loader( 1261): create sb complete
I/mzw_sdk_loader( 1261): call append
I/mzw_sdk_loader( 1261): start create sb
I/mzw_sdk_loader( 1261): create sb complete
I/mzw_sdk_loader( 1261): call append
I/mzw_sdk_loader( 1261): start create sb
I/mzw_sdk_loader( 1261): create sb complete
I/mzw_sdk_loader( 1261): call append
I/mzw_sdk_loader( 1261): start create sb
I/mzw_sdk_loader( 1261): create sb complete
I/mzw_sdk_loader( 1261): call append
I/mzw_sdk_loader( 1261): start create sb
I/mzw_sdk_loader( 1261): create sb complete
I/mzw_sdk_loader( 1261): call append
I/mzw_sdk2_loader( 1261): /data/data/com.snkplaymore.android007/mzwres/sdk/res/muzhiwan_370.zip
E/mzw_sdk_loader( 1261): done
W/System.err( 1261): java.lang.ClassNotFoundException: com.muzhiwan.lib.common.utils.ResourceUtils
W/System.err( 1261): 	at java.lang.Class.classForName(Native Method)
W/System.err( 1261): 	at java.lang.Class.forName(Class.java:251)
W/System.err( 1261): 	at java.lang.Class.forName(Class.java:216)
W/System.err( 1261): 	at com.muzhiwan.embed.sdk.PopUtils.openSDKTag(PopUtils.java:80)
W/System.err( 1261): 	at com.dotemu.neogeo.kof98.Kof98Application.onCreate(Kof98Application.java)
W/System.err( 1261): 	at android.app.Instrumentation.callApplicationOnCreate(Instrumentation.java:1007)
W/System.err( 1261): 	at android.app.ActivityThread.handleBindApplication(ActivityThread.java:4328)
W/System.err( 1261): 	at android.app.ActivityThread.access$1500(ActivityThread.java:135)
W/System.err( 1261): 	at android.app.ActivityThread$H.handleMessage(ActivityThread.java:1256)
W/System.err( 1261): 	at android.os.Handler.dispatchMessage(Handler.java:102)
W/System.err( 1261): 	at android.os.Looper.loop(Looper.java:136)
W/System.err( 1261): 	at android.app.ActivityThread.main(ActivityThread.java:5001)
W/System.err( 1261): 	at java.lang.reflect.Method.invokeNative(Native Method)
W/System.err( 1261): 	at java.lang.reflect.Method.invoke(Method.java:515)
W/System.err( 1261): 	at com.android.internal.os.ZygoteInit$MethodAndArgsCaller.run(ZygoteInit.java:785)
W/System.err( 1261): 	at com.android.internal.os.ZygoteInit.main(ZygoteInit.java:601)
W/System.err( 1261): 	at dalvik.system.NativeStart.main(Native Method)
W/System.err( 1261): Caused by: java.lang.NoClassDefFoundError: com/muzhiwan/lib/common/utils/ResourceUtils
W/System.err( 1261): 	... 17 more
W/System.err( 1261): Caused by: java.lang.ClassNotFoundException: Didn't find class "com.muzhiwan.lib.common.utils.ResourceUtils" on path: DexPathList[[zip file "/data/app/com.snkplaymore.android007-1.apk"],nativeLibraryDirectories=[/data/app-lib/com.snkplaymore.android007-1, /system/lib]]
W/System.err( 1261): 	at dalvik.system.BaseDexClassLoader.findClass(BaseDexClassLoader.java:56)
W/System.err( 1261): 	at java.lang.ClassLoader.loadClass(ClassLoader.java:497)
W/System.err( 1261): 	at java.lang.ClassLoader.loadClass(ClassLoader.java:457)
W/System.err( 1261): 	... 17 more
I/mzw_logger( 1261): bind logger:-1292992352
I/mzw_logger( 1261): service connected
