D/dalvikvm(  372): GC_CONCURRENT freed 475K, 69% free 4056K/12712K, paused 6ms+13ms, total 78ms
D/dalvikvm(  372): WAIT_FOR_CONCURRENT_GC blocked 9ms
D/dalvikvm(  372): GC_CONCURRENT freed 308K, 67% free 4241K/12712K, paused 4ms+2ms, total 36ms
D/dalvikvm(  372): WAIT_FOR_CONCURRENT_GC blocked 27ms
D/dalvikvm(  372): GC_FOR_ALLOC freed 418K, 67% free 4231K/12712K, paused 27ms, total 28ms
D/dalvikvm(  372): GC_CONCURRENT freed 267K, 66% free 4422K/12712K, paused 5ms+5ms, total 65ms
D/dalvikvm(  372): GC_CONCURRENT freed 294K, 64% free 4640K/12712K, paused 10ms+3ms, total 53ms
D/dalvikvm(  372): WAIT_FOR_CONCURRENT_GC blocked 23ms
D/dalvikvm(  372): GC_CONCURRENT freed 193K, 61% free 4973K/12712K, paused 4ms+5ms, total 100ms
I/PackageManager(  372): /system/app/LegacyCamera.apk changed; collecting certs
D/dalvikvm(  372): GC_CONCURRENT freed 419K, 61% free 5073K/12712K, paused 5ms+9ms, total 43ms
D/dalvikvm(  372): WAIT_FOR_CONCURRENT_GC blocked 30ms
D/dalvikvm(  372): GC_FOR_ALLOC freed 1482K, 68% free 4149K/12712K, paused 32ms, total 32ms
D/dalvikvm(  372): GC_CONCURRENT freed 23K, 65% free 4471K/12712K, paused 4ms+16ms, total 80ms
D/dalvikvm(  372): GC_CONCURRENT freed 369K, 65% free 4565K/12712K, paused 14ms+3ms, total 58ms
D/dalvikvm(  372): WAIT_FOR_CONCURRENT_GC blocked 23ms
D/dalvikvm(  372): GC_CONCURRENT freed 292K, 63% free 4726K/12712K, paused 4ms+5ms, total 69ms
I/PackageManager(  372): /system/app/LiveWallpapersPicker.apk changed; collecting certs
I/PackageManager(  372): /system/app/Music.apk changed; collecting certs
D/dalvikvm(  372): GC_CONCURRENT freed 429K, 63% free 4792K/12712K, paused 14ms+9ms, total 56ms
D/dalvikvm(  372): WAIT_FOR_CONCURRENT_GC blocked 26ms
D/dalvikvm(  372): GC_CONCURRENT freed 1140K, 68% free 4157K/12712K, paused 5ms+11ms, total 76ms
I/PackageManager(  372): /system/app/NetSpeed.apk changed; collecting certs
I/PackageManager(  372): /system/app/OpenWnn.apk changed; collecting certs
D/dalvikvm(  372): GC_CONCURRENT freed 362K, 67% free 4303K/12712K, paused 4ms+5ms, total 66ms
D/dalvikvm(  372): WAIT_FOR_CONCURRENT_GC blocked 18ms
D/dalvikvm(  372): GC_CONCURRENT freed 663K, 68% free 4151K/12712K, paused 4ms+3ms, total 46ms
D/dalvikvm(  372): WAIT_FOR_CONCURRENT_GC blocked 16ms
D/dalvikvm(  372): GC_CONCURRENT freed 254K, 66% free 4409K/12712K, paused 5ms+3ms, total 65ms
D/dalvikvm(  372): WAIT_FOR_CONCURRENT_GC blocked 19ms
I/PackageManager(  372): /system/app/PacProcessor.apk changed; collecting certs
D/dalvikvm(  372): GC_CONCURRENT freed 385K, 65% free 4522K/12712K, paused 4ms+15ms, total 76ms
I/PackageManager(  372): /system/app/PackageInstaller.apk changed; collecting certs
I/PackageManager(  372): /system/app/PicoTts.apk changed; collecting certs
I/PackageManager(  372): /system/app/PinyinIME.apk changed; collecting certs
D/dalvikvm(  372): GC_CONCURRENT freed 974K, 69% free 4060K/12712K, paused 5ms+4ms, total 53ms
D/dalvikvm(  372): WAIT_FOR_CONCURRENT_GC blocked 23ms
I/PackageManager(  372): /system/app/PrintSpooler.apk changed; collecting certs
I/PackageManager(  372): /system/app/Protips.apk changed; collecting certs
D/dalvikvm(  372): GC_CONCURRENT freed 383K, 68% free 4156K/12712K, paused 5ms+16ms, total 79ms
I/PackageManager(  372): /system/app/QuickSearchBox.apk changed; collecting certs
D/dalvikvm(  372): GC_CONCURRENT freed 482K, 68% free 4167K/12712K, paused 4ms+3ms, total 42ms
D/dalvikvm(  372): WAIT_FOR_CONCURRENT_GC blocked 30ms
D/dalvikvm(  372): GC_CONCURRENT freed 372K, 67% free 4254K/12712K, paused 8ms+4ms, total 92ms
I/PackageManager(  372): /system/app/SdkSetup.apk changed; collecting certs
I/PackageManager(  372): /system/app/SoundRecorder.apk changed; collecting certs
I/PackageManager(  372): /system/app/SpeechRecorder.apk changed; collecting certs
I/PackageManager(  372): /system/app/TelephonyProvider.apk changed; collecting certs
D/dalvikvm(  372): GC_CONCURRENT freed 403K, 66% free 4360K/12712K, paused 4ms+5ms, total 79ms
I/PackageManager(  372): /system/app/UserDictionaryProvider.apk changed; collecting certs
D/PackageManager(  372): No files in app dir /vendor/app
D/dalvikvm(  372): GC_CONCURRENT freed 644K, 67% free 4232K/12712K, paused 14ms+5ms, total 100ms
W/PackageParser(  372): No actions in intent filter at /data/app/ApiDemos.apk Binary XML file line #2899
W/PackageParser(  372): No actions in intent filter at /data/app/ApiDemos.apk Binary XML file line #2905
I/PackageManager(  372): /data/app/ApiDemos.apk changed; collecting certs
D/dalvikvm(  372): GC_CONCURRENT freed 215K, 65% free 4485K/12712K, paused 4ms+3ms, total 38ms
D/dalvikvm(  372): WAIT_FOR_CONCURRENT_GC blocked 25ms
D/dalvikvm(  372): GC_CONCURRENT freed 380K, 64% free 4643K/12712K, paused 5ms+6ms, total 99ms
D/dalvikvm(  372): GC_CONCURRENT freed 322K, 63% free 4828K/12712K, paused 14ms+15ms, total 91ms
D/dalvikvm(  372): GC_CONCURRENT freed 524K, 63% free 4830K/12712K, paused 12ms+3ms, total 62ms
D/dalvikvm(  372): WAIT_FOR_CONCURRENT_GC blocked 26ms
D/dalvikvm(  372): GC_CONCURRENT freed 530K, 62% free 4832K/12712K, paused 5ms+3ms, total 63ms
D/dalvikvm(  372): WAIT_FOR_CONCURRENT_GC blocked 23ms
D/dalvikvm(  372): GC_CONCURRENT freed 532K, 63% free 4828K/12712K, paused 5ms+3ms, total 80ms
D/dalvikvm(  372): WAIT_FOR_CONCURRENT_GC blocked 18ms
D/dalvikvm(  372): GC_CONCURRENT freed 526K, 62% free 4834K/12712K, paused 14ms+3ms, total 63ms
D/dalvikvm(  372): WAIT_FOR_CONCURRENT_GC blocked 27ms
D/dalvikvm(  372): GC_CONCURRENT freed 528K, 62% free 4839K/12712K, paused 4ms+4ms, total 67ms
D/dalvikvm(  372): WAIT_FOR_CONCURRENT_GC blocked 27ms
D/dalvikvm(  372): GC_CONCURRENT freed 522K, 62% free 4850K/12712K, paused 5ms+4ms, total 67ms
D/dalvikvm(  372): WAIT_FOR_CONCURRENT_GC blocked 25ms
D/dalvikvm(  372): GC_CONCURRENT freed 529K, 62% free 4853K/12712K, paused 6ms+3ms, total 119ms
D/dalvikvm(  372): WAIT_FOR_CONCURRENT_GC blocked 44ms
D/dalvikvm(  372): GC_CONCURRENT freed 531K, 62% free 4857K/12712K, paused 4ms+4ms, total 65ms
D/dalvikvm(  372): WAIT_FOR_CONCURRENT_GC blocked 27ms
D/dalvikvm(  372): GC_CONCURRENT freed 529K, 62% free 4860K/12712K, paused 5ms+3ms, total 66ms
D/dalvikvm(  372): WAIT_FOR_CONCURRENT_GC blocked 27ms
D/dalvikvm(  372): GC_CONCURRENT freed 457K, 62% free 4867K/12712K, paused 4ms+16ms, total 101ms
W/PackageManager(  372): Package com.example.android.apis desires unavailable shared library com.example.will.never.exist; ignoring!
I/PackageManager(  372): /data/app/CubeLiveWallpapers.apk changed; collecting certs
D/dalvikvm(  372): GC_CONCURRENT freed 462K, 62% free 4945K/12712K, paused 4ms+8ms, total 74ms
D/dalvikvm(  372): WAIT_FOR_CONCURRENT_GC blocked 17ms
I/PackageManager(  372): /data/app/GestureBuilder.apk changed; collecting certs
I/PackageManager(  372): /data/app/SmokeTest.apk changed; collecting certs
D/dalvikvm(  372): GC_CONCURRENT freed 1138K, 66% free 4369K/12712K, paused 14ms+3ms, total 77ms
D/dalvikvm(  372): WAIT_FOR_CONCURRENT_GC blocked 19ms
I/PackageManager(  372): /data/app/SmokeTestApp.apk changed; collecting certs
I/PackageManager(  372): /data/app/SoftKeyboard.apk changed; collecting certs
D/dalvikvm(  372): GC_CONCURRENT freed 496K, 66% free 4376K/12712K, paused 4ms+3ms, total 62ms
D/dalvikvm(  372): WAIT_FOR_CONCURRENT_GC blocked 21ms
I/PackageManager(  372): /data/app/WidgetPreview.apk changed; collecting certs
W/PackageManager(  372): Package com.example.android.apis desires unavailable shared library com.example.will.never.exist; ignoring!
W/PackageManager(  372): Package com.android.camera desires unavailable shared library com.google.android.media.effects; ignoring!
I/PackageManager(  372): Time to scan packages: 22.942 seconds
W/PackageManager(  372): Not granting permission android.permission.GLOBAL_SEARCH to package com.android.quicksearchbox (protectionLevel=18 flags=0x8be45)
D/dalvikvm(  372): GC_CONCURRENT freed 463K, 66% free 4374K/12712K, paused 5ms+13ms, total 79ms
W/PackageManager(  372): Unknown permission com.android.smspush.WAPPUSH_MANAGER_BIND in package com.android.phone
W/PackageManager(  372): Unknown permission com.google.android.googleapps.permission.GOOGLE_AUTH in package com.android.providers.calendar
W/PackageManager(  372): Unknown permission com.google.android.googleapps.permission.GOOGLE_AUTH.cl in package com.android.providers.calendar
W/PackageManager(  372): Unknown permission com.google.android.googleapps.permission.GOOGLE_AUTH.mail in package com.android.calendar
W/PackageManager(  372): Not granting permission android.permission.ACCESS_DOWNLOAD_MANAGER to package com.android.browser (protectionLevel=18 flags=0x9be45)
W/PackageManager(  372): Not granting permission android.permission.SEND_DOWNLOAD_COMPLETED_INTENTS to package com.android.browser (protectionLevel=2 flags=0x9be45)
W/PackageManager(  372): Not granting permission android.permission.BIND_APPWIDGET to package com.android.widgetpreview (protectionLevel=18 flags=0x8be44)
W/PackageManager(  372): Unknown permission android.permission.INSTALL_DRM in package com.android.mms
W/PackageManager(  372): Unknown permission com.google.android.googleapps.permission.GOOGLE_AUTH in package com.android.settings
W/PackageManager(  372): Unknown permission com.google.android.googleapps.permission.ACCESS_GOOGLE_PASSWORD in package com.android.development
W/PackageManager(  372): Unknown permission com.google.android.googleapps.permission.GOOGLE_AUTH in package com.android.development
W/PackageManager(  372): Unknown permission com.google.android.googleapps.permission.GOOGLE_AUTH.ALL_SERVICES in package com.android.development
W/PackageManager(  372): Unknown permission com.google.android.googleapps.permission.GOOGLE_AUTH.YouTubeUser in package com.android.development
W/PackageManager(  372): Not granting permission android.permission.DELETE_PACKAGES to package com.svox.pico (protectionLevel=18 flags=0x8be45)
W/PackageManager(  372): Not granting permission android.permission.DEVICE_POWER to package com.android.deskclock (protectionLevel=2 flags=0x48be45)
D/dalvikvm(  372): GC_EXPLICIT freed 369K, 67% free 4308K/12712K, paused 4ms+3ms, total 49ms
I/SystemServer(  372): Entropy Mixer
W/EntropyMixer(  372): No existing entropy file -- first boot?
I/EntropyMixer(  372): Writing entropy...
I/SystemServer(  372): User Service
I/SystemServer(  372): Account Manager
I/SystemServer(  372): Content Manager
I/SystemServer(  372): System Content Providers
I/SyncManager(  372): No initial accounts
I/SyncManager(  372): No initial status
W/SyncManagerFile(  372): Error reading pending data.
W/SyncManagerFile(  372): java.io.FileNotFoundException: /data/system/sync/pending.xml: open failed: ENOENT (No such file or directory)
W/SyncManagerFile(  372): 	at libcore.io.IoBridge.open(IoBridge.java:409)
W/SyncManagerFile(  372): 	at java.io.FileInputStream.<init>(FileInputStream.java:78)
W/SyncManagerFile(  372): 	at android.util.AtomicFile.openRead(AtomicFile.java:199)
W/SyncManagerFile(  372): 	at com.android.server.content.SyncStorageEngine.readPendingOperationsLocked(SyncStorageEngine.java:2286)
W/SyncManagerFile(  372): 	at com.android.server.content.SyncStorageEngine.<init>(SyncStorageEngine.java:434)
W/SyncManagerFile(  372): 	at com.android.server.content.SyncStorageEngine.init(SyncStorageEngine.java:454)
W/SyncManagerFile(  372): 	at com.android.server.content.SyncManager.<init>(SyncManager.java:383)
W/SyncManagerFile(  372): 	at com.android.server.content.ContentService.getSyncManager(ContentService.java:75)
W/SyncManagerFile(  372): 	at com.android.server.content.ContentService.notifyChange(ContentService.java:283)
W/SyncManagerFile(  372): 	at android.content.ContentResolver.notifyChange(ContentResolver.java:1621)
W/SyncManagerFile(  372): 	at com.android.providers.settings.SettingsProvider.sendNotify(SettingsProvider.java:262)
W/SyncManagerFile(  372): 	at com.android.providers.settings.SettingsProvider.insertForUser(SettingsProvider.java:941)
W/SyncManagerFile(  372): 	at com.android.providers.settings.SettingsProvider.ensureAndroidIdIsSet(SettingsProvider.java:496)
W/SyncManagerFile(  372): 	at com.android.providers.settings.SettingsProvider.establishDbTracking(SettingsProvider.java:409)
W/SyncManagerFile(  372): 	at com.android.providers.settings.SettingsProvider.onCreate(SettingsProvider.java:335)
W/SyncManagerFile(  372): 	at android.content.ContentProvider.attachInfo(ContentProvider.java:1591)
W/SyncManagerFile(  372): 	at android.content.ContentProvider.attachInfo(ContentProvider.java:1562)
W/SyncManagerFile(  372): 	at android.app.ActivityThread.installProvider(ActivityThread.java:4774)
W/SyncManagerFile(  372): 	at android.app.ActivityThread.installContentProviders(ActivityThread.java:4369)
W/SyncManagerFile(  372): 	at android.app.ActivityThread.installSystemProviders(ActivityThread.java:4929)
W/SyncManagerFile(  372): 	at com.android.server.am.ActivityManagerService.installSystemProviders(ActivityManagerService.java:8081)
W/SyncManagerFile(  372): 	at com.android.server.ServerThread.initAndLoop(SystemServer.java:275)
W/SyncManagerFile(  372): 	at com.android.server.SystemServer.main(SystemServer.java:1179)
W/SyncManagerFile(  372): 	at java.lang.reflect.Method.invokeNative(Native Method)
W/SyncManagerFile(  372): 	at java.lang.reflect.Method.invoke(Method.java:515)
W/SyncManagerFile(  372): 	at com.android.internal.os.ZygoteInit$MethodAndArgsCaller.run(ZygoteInit.java:785)
W/SyncManagerFile(  372): 	at com.android.internal.os.ZygoteInit.main(ZygoteInit.java:601)
W/SyncManagerFile(  372): 	at dalvik.system.NativeStart.main(Native Method)
W/SyncManagerFile(  372): Caused by: libcore.io.ErrnoException: open failed: ENOENT (No such file or directory)
W/SyncManagerFile(  372): 	at libcore.io.Posix.open(Native Method)
W/SyncManagerFile(  372): 	at libcore.io.BlockGuardOs.open(BlockGuardOs.java:110)
W/SyncManagerFile(  372): 	at libcore.io.IoBridge.open(IoBridge.java:393)
W/SyncManagerFile(  372): 	... 27 more
I/SyncManager(  372): No initial statistics
D/SettingsProvider(  372): Generated and saved new ANDROID_ID [f4f96c595580ccbd] for user 0
I/SystemServer(  372): Lights Service
I/SystemServer(  372): Battery Service
E/ConsumerIrService(  372): Can't open consumer IR HW Module, error: -2
I/SystemServer(  372): Vibrator Service
I/SystemServer(  372): Consumer IR Service
W/libsuspend(  372): Error writing 'on' to /sys/power/state: Invalid argument
E/libsuspend(  372): Error opening /sys/power/autosleep: No such file or directory
I/libsuspend(  372): Selected wakeup count
D/PermissionCache(   57): checking android.permission.ACCESS_SURFACE_FLINGER for uid=1000 => granted (2388 us)
D/SurfaceFlinger(   57): Screen acquired, type=0 flinger=0xb81a9450
D/SurfaceFlinger(   57):  screen was previously acquired
I/SystemServer(  372): Alarm Manager
I/SystemServer(  372): Init Watchdog
I/SystemServer(  372): Input Manager
I/InputManager(  372): Initializing input manager, mUseDevInputEventForAudioJack=false
I/SystemServer(  372): Window Manager
I/WindowManager(  372): No existing display settings /data/system/display_settings.xml; starting empty
D/dalvikvm(  372): GC_CONCURRENT freed 315K, 65% free 4502K/12712K, paused 33ms+4ms, total 204ms
I/WindowManager(  372): No keyguard interface!
I/InputManager(  372): Starting input manager
I/SystemServer(  372): No Bluetooh Service (emulator)
I/SystemServer(  372): Input Method Service
E/EventHub(  372): could not get driver version for /dev/input/mouse0, Not a typewriter
W/EventHub(  372): Unable to disable kernel key repeat for /dev/input/event0: Function not implemented
I/EventHub(  372): New device: id=1, fd=93, path='/dev/input/event0', name='qwerty2', classes=0x2d, configuration='/system/usr/idc/qwerty2.idc', keyLayout='/system/usr/keylayout/qwerty.kl', keyCharacterMap='/system/usr/keychars/qwerty2.kcm', builtinKeyboard=true, usingSuspendBlockIoctl=true, usingClockIoctl=true
E/EventHub(  372): could not get driver version for /dev/input/mice, Not a typewriter
I/InputReader(  372): Device added: id=-1, name='Virtual', sources=0x00000301
I/InputReader(  372):   Touch device 'qwerty2' could not query the properties of its associated display.  The device will be inoperable until the display size becomes available.
I/InputReader(  372): Device added: id=0, name='qwerty2', sources=0x00011307
W/InputMethodManagerService(  372): No IME selected. Choose the most applicable IME.
I/InputMethodManagerService(  372): No default found, using com.android.inputmethod.latin/.LatinIME
I/SystemServer(  372): Accessibility Manager
I/InputReader(  372): Reconfiguring input devices.  changes=0x00000004
I/InputReader(  372): Device reconfigured: id=0, name='qwerty2', size 480x864, orientation 0, mode 1, display id 0
I/ActivityManager(  372): Config changes=1df8 {1.0 ?mcc?mnc en_US ldltr sw480dp w480dp h864dp 160dpi lrg long port ?uimode ?night -touch -keyb/h/h tball/v s.2}
I/ActivityManager(  372): Config changes=408 {1.0 ?mcc?mnc en_US ldltr sw480dp w480dp h839dp 160dpi lrg long port ?uimode ?night finger -keyb/h/h tball/v s.3}
I/SystemServer(  372): Mount Service
D/MountService(  372): got storage path: /storage/sdcard description: USB storage primary: true removable: false emulated: false mtpReserve: 0 allowMassStorage: false maxFileSize: 0
D/MountService(  372): addVolumeLocked() StorageVolume:
D/MountService(  372):     mStorageId=0 mPath=/storage/sdcard mDescriptionId=17040665 mPrimary=true 
D/MountService(  372):     mRemovable=false mEmulated=false mMtpReserveSpace=0 
D/MountService(  372):     mAllowMassStorage=false mMaxFileSize=0 mOwner=null mUuid=null 
D/MountService(  372):     mUserLabel=null mState=null 
I/SystemServer(  372): LockSettingsService
I/SystemServer(  372): Device Policy
I/SystemServer(  372): Status Bar
I/SystemServer(  372): Clipboard Service
I/SystemServer(  372): NetworkManagement Service
I/SystemServer(  372): Text Service Manager Service
W/MountService(  372): Duplicate state transition (unmounted -> unmounted) for /storage/sdcard
W/MountService(  372): getSecureContainerList() called when storage not mounted
I/PackageManager(  372): No secure containers on sdcard
I/SystemServer(  372): NetworkStats Service
I/SystemServer(  372): NetworkPolicy Service
I/SystemServer(  372): Wi-Fi P2pService
W/PackageManager(  372): Not granting permission android.permission.GLOBAL_SEARCH to package com.android.quicksearchbox (protectionLevel=18 flags=0x8be45)
W/PackageManager(  372): Unknown permission com.android.smspush.WAPPUSH_MANAGER_BIND in package com.android.phone
W/PackageManager(  372): Unknown permission com.google.android.googleapps.permission.GOOGLE_AUTH in package com.android.providers.calendar
W/PackageManager(  372): Unknown permission com.google.android.googleapps.permission.GOOGLE_AUTH.cl in package com.android.providers.calendar
W/PackageManager(  372): Unknown permission com.google.android.googleapps.permission.GOOGLE_AUTH.mail in package com.android.calendar
W/PackageManager(  372): Not granting permission android.permission.ACCESS_DOWNLOAD_MANAGER to package com.android.browser (protectionLevel=18 flags=0x9be45)
W/PackageManager(  372): Not granting permission android.permission.SEND_DOWNLOAD_COMPLETED_INTENTS to package com.android.browser (protectionLevel=2 flags=0x9be45)
W/PackageManager(  372): Not granting permission android.permission.BIND_APPWIDGET to package com.android.widgetpreview (protectionLevel=18 flags=0x8be44)
W/PackageManager(  372): Unknown permission android.permission.INSTALL_DRM in package com.android.mms
W/PackageManager(  372): Unknown permission com.google.android.googleapps.permission.GOOGLE_AUTH in package com.android.settings
W/PackageManager(  372): Unknown permission com.google.android.googleapps.permission.ACCESS_GOOGLE_PASSWORD in package com.android.development
W/PackageManager(  372): Unknown permission com.google.android.googleapps.permission.GOOGLE_AUTH in package com.android.development
W/PackageManager(  372): Unknown permission com.google.android.googleapps.permission.GOOGLE_AUTH.ALL_SERVICES in package com.android.development
W/PackageManager(  372): Unknown permission com.google.android.googleapps.permission.GOOGLE_AUTH.YouTubeUser in package com.android.development
W/PackageManager(  372): Not granting permission android.permission.DELETE_PACKAGES to package com.svox.pico (protectionLevel=18 flags=0x8be45)
W/PackageManager(  372): Not granting permission android.permission.DEVICE_POWER to package com.android.deskclock (protectionLevel=2 flags=0x48be45)
D/dalvikvm(  372): GC_CONCURRENT freed 287K, 64% free 4642K/12712K, paused 6ms+5ms, total 83ms
I/SystemServer(  372): Wi-Fi Service
D/WifiController(  372): isAirplaneModeOn = false, isWifiEnabled = false, isScanningAvailable = false
I/SystemServer(  372): Connectivity Service
D/ConnectivityService(  372): ConnectivityService starting up
D/ConnectivityService(  372): wifiOnly=false
E/MobileDataStateTracker(  372): default: Ignoring feature request because could not acquire PhoneService
E/MobileDataStateTracker(  372): default: Could not enable APN type "default"
I/WifiService(  372): WifiService starting up with Wi-Fi disabled
I/SystemServer(  372): Network Service Discovery Service
D/NsdService(  372): Network service discovery enabled true
I/SystemServer(  372): UpdateLock Service
I/SystemServer(  372): Notification Manager
I/SystemServer(  372): Device Storage Monitor
I/SystemServer(  372): Location Manager
I/SystemServer(  372): Country Detector
I/SystemServer(  372): Search Service
I/SystemServer(  372): DropBox Service
I/SystemServer(  372): Wallpaper Service
W/WallpaperService(  372): no current wallpaper -- first boot?
I/SystemServer(  372): Audio Service
D/dalvikvm(  372): GC_CONCURRENT freed 255K, 62% free 4858K/12712K, paused 20ms+10ms, total 124ms
I/SystemServer(  372): Dock Observer
W/DockObserver(  372): This kernel does not have dock station support
I/SystemServer(  372): Wired Accessory Manager
W/WiredAccessoryManager(  372): This kernel does not have wired headset support
W/WiredAccessoryManager(  372): This kernel does not have usb audio support
W/WiredAccessoryManager(  372): This kernel does not have HDMI audio support
I/SystemServer(  372): USB Service
I/SystemServer(  372): Serial Service
I/SystemServer(  372): Twilight Service
I/SystemServer(  372): UI Mode Manager Service
I/SystemServer(  372): Backup Service
V/BackupManagerService(  372): Initializing package tracking
V/BackupManagerService(  372): No ancestral data
V/BackupManagerService(  372): addPackageParticipantsLocked: all
I/BackupManagerService(  372): Scheduling backup for new app com.android.calendar
D/BackupManagerService(  372): Now staging backup of com.android.calendar
I/BackupManagerService(  372): Scheduling backup for new app com.android.browser
D/BackupManagerService(  372): Now staging backup of com.android.browser
I/BackupManagerService(  372): Scheduling backup for new app com.android.providers.userdictionary
D/BackupManagerService(  372): Now staging backup of com.android.providers.userdictionary
I/BackupManagerService(  372): Scheduling backup for new app com.android.sharedstoragebackup
D/BackupManagerService(  372): Now staging backup of com.android.sharedstoragebackup
I/BackupManagerService(  372): Scheduling backup for new app android
D/BackupManagerService(  372): Now staging backup of android
I/BackupManagerService(  372): Scheduling backup for new app com.android.dialer
D/BackupManagerService(  372): Now staging backup of com.android.dialer
I/BackupManagerService(  372): Scheduling backup for new app com.android.providers.settings
D/BackupManagerService(  372): Now staging backup of com.android.providers.settings
V/BackupManagerService(  372): Starting with transport android/com.android.internal.backup.LocalTransport
V/BackupManagerService(  372): Found transports: 1
I/BackupManagerService(  372): Binding to transport host ComponentInfo{android/com.android.internal.backup.LocalTransportService}
I/BackupManagerService(  372): Backup enabled => true
I/SystemServer(  372): AppWidget Service
I/SystemServer(  372): Recognition Service
I/SystemServer(  372): DiskStats Service
I/SystemServer(  372): SamplingProfiler Service
I/SystemServer(  372): NetworkTimeUpdateService
I/SystemServer(  372): CommonTimeManagementService
I/SystemServer(  372): CertBlacklister
I/SystemServer(  372): Dreams Service
I/SystemServer(  372): Assets Atlas Service
I/WindowManager(  372): SAFE MODE not enabled
I/SystemServer(  372): IdleMaintenanceService
I/SystemServer(  372): Print Service
I/SystemServer(  372): Media Router Service
D/Atlas   (  372): Computing best atlas configuration...
D/Atlas   (  372): Running Thread-49
D/Atlas   (  372): Found best atlas configuration in 0.08s
D/Atlas   (  372): Loaded configuration: SliceMinArea (768x768) flags=0x2 count=24
D/gralloc_goldfish(  372): Emulator without GPU emulation detected.
E/SQLiteLog(  372): (1) no such table: locksettings
I/LockSettingsService(  372): Migrated lock settings to new location
I/LockSettingsService(  372): Migrated per-user lock settings to new location
W/AssetAtlasService(  372): Could not find EGL configuration
D/Atlas   (  372): Rendered atlas in 59.60ms (56.91+2.69ms)
I/Zygote  (  372): Process: zygote socket opened
V/KeyguardServiceDelegate(  372): *** Keyguard started
V/KeyguardServiceDelegate(  372): onSystemReady() called before keyguard service was ready
I/ActivityManager(  372): Start proc com.android.systemui for service com.android.keyguard/.KeyguardService: pid=443 uid=10007 gids={50007, 1028, 1015, 1035, 3002, 3001}
F/SystemServer(  372): BOOT FAILURE making Package Manager Service ready
F/SystemServer(  372): java.lang.SecurityException: Unable to find app for caller android.app.ActivityThread$ApplicationThread@b329f3e0 (pid=372) when registering receiver android.app.LoadedApk$ReceiverDispatcher$InnerReceiver@b3297528
F/SystemServer(  372): 	at com.android.server.am.ActivityManagerService.registerReceiver(ActivityManagerService.java:13021)
F/SystemServer(  372): 	at android.app.ContextImpl.registerReceiverInternal(ContextImpl.java:1450)
F/SystemServer(  372): 	at android.app.ContextImpl.registerReceiverAsUser(ContextImpl.java:1425)
F/SystemServer(  372): 	at com.android.internal.content.PackageMonitor.register(PackageMonitor.java:84)
F/SystemServer(  372): 	at com.android.server.pm.UserManagerService.systemReady(UserManagerService.java:237)
F/SystemServer(  372): 	at com.android.server.pm.PackageManagerService.systemReady(PackageManagerService.java:10476)
F/SystemServer(  372): 	at com.android.server.ServerThread.initAndLoop(SystemServer.java:893)
F/SystemServer(  372): 	at com.android.server.SystemServer.main(SystemServer.java:1179)
F/SystemServer(  372): 	at java.lang.reflect.Method.invokeNative(Native Method)
F/SystemServer(  372): 	at java.lang.reflect.Method.invoke(Method.java:515)
F/SystemServer(  372): 	at com.android.internal.os.ZygoteInit$MethodAndArgsCaller.run(ZygoteInit.java:785)
F/SystemServer(  372): 	at com.android.internal.os.ZygoteInit.main(ZygoteInit.java:601)
F/SystemServer(  372): 	at dalvik.system.NativeStart.main(Native Method)
W/SystemServer(  372): ***********************************************
D/dalvikvm(  372): GC_CONCURRENT freed 342K, 61% free 5050K/12712K, paused 24ms+6ms, total 251ms
I/ActivityManager(  372): Sending system update to ComponentInfo{com.android.providers.calendar/com.android.providers.calendar.CalendarUpgradeReceiver} for user 0
I/ActivityManager(  372): Sending system update to ComponentInfo{com.android.providers.contacts/com.android.providers.contacts.ContactsUpgradeReceiver} for user 0
I/ActivityManager(  372): Sending system update to ComponentInfo{com.android.providers.media/com.android.providers.media.MediaUpgradeReceiver} for user 0
I/SystemServer(  372): Enabled StrictMode for system server main thread.
I/Choreographer(  372): Skipped 70 frames!  The application may be doing too much work on its main thread.
I/ActivityManager(  372): Start proc com.android.providers.calendar for broadcast com.android.providers.calendar/.CalendarUpgradeReceiver: pid=456 uid=10001 gids={50001, 3003, 1028, 1015}
W/InputMethodManagerService(  372): Focus gain on non-focused client android.view.inputmethod.InputMethodManager$1@b3295810 (uid=1000 pid=372)
V/BackupManagerService(  372): Connected to transport ComponentInfo{android/com.android.internal.backup.LocalTransportService}
V/BackupManagerService(  372): Registering transport android/com.android.internal.backup.LocalTransportService::android/com.android.internal.backup.LocalTransport = com.android.internal.backup.LocalTransport@b32e7b48
I/ActivityManager(  372): Launching preboot mode app: ProcessRecord{b32f7cb0 456:com.android.providers.calendar/u0a1}
E/SoundPool(  443): error loading /system/media/audio/ui/Lock.ogg
W/KeyguardViewMediator(  443): failed to load lock sound from /system/media/audio/ui/Lock.ogg
E/SoundPool(  443): error loading /system/media/audio/ui/Unlock.ogg
W/KeyguardViewMediator(  443): failed to load unlock sound from /system/media/audio/ui/Unlock.ogg
V/KeyguardService(  443): onCreate()
V/KeyguardServiceDelegate(  372): *** Keyguard connected (yay!)
V/KeyguardServiceDelegate(  372): **** SHOWN CALLED ****
I/ActivityManager(  372): Start proc android.process.acore for broadcast com.android.providers.contacts/.ContactsUpgradeReceiver: pid=477 uid=10002 gids={50002, 3003, 1028, 1015}
I/ActivityManager(  372): Launching preboot mode app: ProcessRecord{b3633e50 477:android.process.acore/u0a2}
I/ContactsUpgradeReceiver(  477): Creating or opening contacts database
I/ContactsDatabaseHelper(  477): Bootstrapping database version: 803
D/dalvikvm(  477): GC_CONCURRENT freed 413K, 15% free 2796K/3276K, paused 39ms+2ms, total 67ms
D/dalvikvm(  477): WAIT_FOR_CONCURRENT_GC blocked 29ms
D/dalvikvm(  477): GC_CONCURRENT freed 315K, 13% free 2874K/3276K, paused 3ms+2ms, total 28ms
I/ContactsProviderV1(  477): Bootstrapping database legacy support
I/ContactsDatabaseHelper(  477): Bootstrapping database version: 803
D/dalvikvm(  477): GC_CONCURRENT freed 331K, 12% free 2932K/3332K, paused 7ms+1ms, total 31ms
I/ContactsProviderV1(  477): Bootstrapping database legacy support
I/ContactsProvider(  477): Locale has changed from null to en_US
I/ContactsDatabaseHelper(  477): Switching to locale en_US (ICU v51.1.0.1)
D/dalvikvm(  477): GC_CONCURRENT freed 349K, 13% free 3035K/3452K, paused 13ms+3ms, total 59ms
I/ContactsDatabaseHelper(  477): Locale change completed in 458ms
I/ContactsDatabaseHelper(  477): Switching to locale en_US (ICU v51.1.0.1)
D/dalvikvm(  477): GC_CONCURRENT freed 375K, 13% free 3058K/3500K, paused 4ms+4ms, total 43ms
I/ContactsDatabaseHelper(  477): Locale change completed in 458ms
I/ActivityManager(  372): Start proc android.process.media for broadcast com.android.providers.media/.MediaUpgradeReceiver: pid=493 uid=10005 gids={50005, 1028, 1015, 1023, 1024, 2001, 3003, 3007}
D/dalvikvm(  372): GC_CONCURRENT freed 462K, 60% free 5160K/12712K, paused 23ms+4ms, total 220ms
I/ActivityManager(  372): Launching preboot mode app: ProcessRecord{b32eca20 493:android.process.media/u0a5}
I/ActivityManager(  372): Writing new set of last done pre-boot receivers...
I/ActivityManager(  372): Removing system update proc: ProcessRecord{b32f7cb0 456:com.android.providers.calendar/u0a1}
I/ActivityManager(  372): Killing 456:com.android.providers.calendar/u0a1 (adj 13): system update done
I/ActivityManager(  372): Removing system update proc: ProcessRecord{b3633e50 477:android.process.acore/u0a2}
I/ActivityManager(  372): Killing 477:android.process.acore/u0a2 (adj 11): system update done
I/ActivityManager(  372): Removing system update proc: ProcessRecord{b32eca20 493:android.process.media/u0a5}
I/ActivityManager(  372): Killing 493:android.process.media/u0a5 (adj 9): system update done
W/ActivityManager(  372): Can't find mystery application for StrictMode from pid=493 uid=10005: android.os.BinderProxy@b36bdf98
I/ActivityManager(  372): System now ready
I/SystemServer(  372): Making services ready
W/ProcessCpuTracker(  372): Skipping unknown process pid 456
W/ProcessCpuTracker(  372): Skipping unknown process pid 477
W/ProcessCpuTracker(  372): Skipping unknown process pid 493
D/NetworkManagementService(  372): enabling bandwidth control
I/Vold    (   52): /dev/block/vold/179:0 being considered for volume sdcard
D/Vold    (   52): Volume sdcard state changing 1 (Idle-Unmounted) -> 3 (Checking)
D/MountService(  372): volume state changed for /storage/sdcard (unmounted -> checking)
D/MountService(  372): sendStorageIntent Intent { act=android.intent.action.MEDIA_CHECKING dat=file:///storage/sdcard (has extras) } to UserHandle{-1}
D/SystemUIService(  443): loading: class com.android.systemui.recent.Recents
D/SystemUIService(  443): running: com.android.systemui.recent.Recents@b2dbb010
D/SystemUIService(  443): loading: class com.android.systemui.statusbar.SystemBars
D/SystemUIService(  443): running: com.android.systemui.statusbar.SystemBars@b2dbb5f8
D/SystemUIService(  443): loading: class com.android.systemui.usb.StorageNotification
D/SystemUIService(  443): running: com.android.systemui.usb.StorageNotification@b2dbd348
D/SystemUIService(  443): loading: class com.android.systemui.power.PowerUI
D/SystemUIService(  443): running: com.android.systemui.power.PowerUI@b2dbe9a8
D/SystemUIService(  443): loading: class com.android.systemui.media.RingtonePlayer
I/fsck_msdos(   52): ** /dev/block/vold/179:0
D/SystemUIService(  443): running: com.android.systemui.media.RingtonePlayer@b2dbf788
D/SystemUIService(  443): loading: class com.android.systemui.settings.SettingsUI
D/SystemUIService(  443): running: com.android.systemui.settings.SettingsUI@b2dc0cc8
I/fsck_msdos(   52): Invalid signature in fsinfo block
I/fsck_msdos(   52): FIXED
I/fsck_msdos(   52): ** Phase 1 - Read and Compare FATs
I/fsck_msdos(   52): Attempting to allocate 794 KB for FAT
I/StatusBarManagerService(  372): registerStatusBar bar=com.android.internal.statusbar.IStatusBar$Stub$Proxy@b328a3b0
D/PhoneStatusBar(  443): mSettingsPanelGravity = 55
I/fsck_msdos(   52): Attempting to allocate 794 KB for FAT
I/fsck_msdos(   52): ** Phase 2 - Check Cluster Chains
I/fsck_msdos(   52): ** Phase 3 - Checking Directories
I/fsck_msdos(   52): ** Phase 4 - Checking for Lost Files
D/dalvikvm(  443): GC_CONCURRENT freed 284K, 12% free 2830K/3184K, paused 53ms+3ms, total 190ms
I/fsck_msdos(   52): Free space in FSInfo block (201592) not correct (201591)
I/fsck_msdos(   52): FIXED
I/fsck_msdos(   52): 1 files, 100795 free (201591 clusters)
I/Vold    (   52): Filesystem check completed OK
W/Vold    (   52): blkid failed to identify /dev/block/vold/179:0
D/Vold    (   52): Volume sdcard state changing 3 (Checking) -> 4 (Mounted)
I/PackageManager(  372): Updating external media status from unmounted to mounted
D/MountService(  372): volume state changed for /storage/sdcard (checking -> mounted)
E/VoldConnector(  372): NDC Command {3 volume mount /storage/sdcard} took too long (731ms)
I/PackageManager(  372): No secure containers on sdcard
D/MountService(  372): sendStorageIntent Intent { act=android.intent.action.MEDIA_MOUNTED dat=file:///storage/sdcard (has extras) } to UserHandle{-1}
D/dalvikvm(  443): GC_FOR_ALLOC freed 34K, 8% free 2947K/3184K, paused 35ms, total 37ms
W/PackageManager(  372): Not granting permission android.permission.GLOBAL_SEARCH to package com.android.quicksearchbox (protectionLevel=18 flags=0x88be45)
W/PackageManager(  372): Unknown permission com.android.smspush.WAPPUSH_MANAGER_BIND in package com.android.phone
W/PackageManager(  372): Unknown permission com.google.android.googleapps.permission.GOOGLE_AUTH in package com.android.providers.calendar
W/PackageManager(  372): Unknown permission com.google.android.googleapps.permission.GOOGLE_AUTH.cl in package com.android.providers.calendar
W/PackageManager(  372): Unknown permission com.google.android.googleapps.permission.GOOGLE_AUTH.mail in package com.android.calendar
W/PackageManager(  372): Not granting permission android.permission.ACCESS_DOWNLOAD_MANAGER to package com.android.browser (protectionLevel=18 flags=0x89be45)
W/PackageManager(  372): Not granting permission android.permission.SEND_DOWNLOAD_COMPLETED_INTENTS to package com.android.browser (protectionLevel=2 flags=0x89be45)
W/PackageManager(  372): Not granting permission android.permission.BIND_APPWIDGET to package com.android.widgetpreview (protectionLevel=18 flags=0x8be44)
W/PackageManager(  372): Unknown permission android.permission.INSTALL_DRM in package com.android.mms
W/PackageManager(  372): Unknown permission com.google.android.googleapps.permission.GOOGLE_AUTH in package com.android.settings
W/PackageManager(  372): Unknown permission com.google.android.googleapps.permission.ACCESS_GOOGLE_PASSWORD in package com.android.development
W/PackageManager(  372): Unknown permission com.google.android.googleapps.permission.GOOGLE_AUTH in package com.android.development
W/PackageManager(  372): Unknown permission com.google.android.googleapps.permission.GOOGLE_AUTH.ALL_SERVICES in package com.android.development
W/PackageManager(  372): Unknown permission com.google.android.googleapps.permission.GOOGLE_AUTH.YouTubeUser in package com.android.development
W/PackageManager(  372): Not granting permission android.permission.DELETE_PACKAGES to package com.svox.pico (protectionLevel=18 flags=0x88be45)
W/PackageManager(  372): Not granting permission android.permission.DEVICE_POWER to package com.android.deskclock (protectionLevel=2 flags=0xc8be45)
D/dalvikvm(  372): GC_CONCURRENT freed 526K, 60% free 5130K/12712K, paused 6ms+9ms, total 146ms
E/BluetoothAdapter(  443): Bluetooth binder is null
E/BluetoothAdapter(  443): Bluetooth binder is null
E/BluetoothAdapter(  443): Bluetooth binder is null
D/dalvikvm(  443): GC_CONCURRENT freed 60K, 5% free 3306K/3460K, paused 4ms+4ms, total 100ms
E/NetdConnector(  372): NDC Command {1 bandwidth enable} took too long (2615ms)
E/BluetoothAdapter(  443): Bluetooth binder is null
I/ActivityManager(  372): Start proc android.process.acore for content provider com.android.providers.contacts/.ContactsProvider2: pid=549 uid=10002 gids={50002, 3003, 1028, 1015}
D/PhoneStatusBar(  443): disable: < expand icons alerts ticker system_info back home recent clock search >
E/BluetoothAdapter(  443): Bluetooth binder is null
D/PhoneStatusBar(  443): heads up is disabled
I/Choreographer(  443): Skipped 464 frames!  The application may be doing too much work on its main thread.
D/dalvikvm(  443): GC_CONCURRENT freed 135K, 6% free 3557K/3760K, paused 14ms+93ms, total 193ms
I/Choreographer(  443): Skipped 240 frames!  The application may be doing too much work on its main thread.
D/gralloc_goldfish(  443): Emulator without GPU emulation detected.
E/NetdConnector(  372): NDC Command {5 firewall disable} took too long (552ms)
I/ActivityManager(  372): Config changes=200 {1.0 ?mcc?mnc en_US ldltr sw480dp w480dp h839dp 160dpi lrg long port finger -keyb/h/h tball/v s.4}
W/RecognitionManagerService(  372): no available voice recognition services found for user 0
I/Choreographer(  443): Skipped 84 frames!  The application may be doing too much work on its main thread.
D/PhoneStatusBar(  443): mSettingsPanelGravity = 55
W/AppWidgetServiceImpl(  372): Failed to read state: java.io.FileNotFoundException: /data/system/users/0/appwidgets.xml: open failed: ENOENT (No such file or directory)
W/InputMethodManagerService(  372): Ignoring setImeWindowStatus of uid 1000 token: null
W/InputMethodUtils(  372): Found no subtypes in a system IME: com.android.inputmethod.pinyin
W/InputMethodManagerService(  372): Reset the default IME as "Resource" is ready here.
D/dalvikvm(  549): GC_CONCURRENT freed 254K, 10% free 2941K/3264K, paused 84ms+291ms, total 625ms
W/InputMethodUtils(  372): Found no subtypes in a system IME: com.android.inputmethod.pinyin
I/InputMethodManagerService(  372): Selected default: com.android.inputmethod.latin/.LatinIME
D/dalvikvm(  372): GC_CONCURRENT freed 487K, 59% free 5253K/12712K, paused 6ms+5ms, total 147ms
D/dalvikvm(  372): WAIT_FOR_CONCURRENT_GC blocked 22ms
D/dalvikvm(  372): WAIT_FOR_CONCURRENT_GC blocked 22ms
D/dalvikvm(  372): WAIT_FOR_CONCURRENT_GC blocked 9ms
I/ActivityManager(  372): Config changes=20 {1.0 ?mcc?mnc en_US ldltr sw480dp w480dp h839dp 160dpi lrg long port finger -keyb/v/h tball/v s.5}
I/ActivityManager(  372): Start proc com.android.inputmethod.latin for service com.android.inputmethod.latin/.LatinIME: pid=583 uid=10029 gids={50029, 1028, 1015}
V/InputMethodManagerService(  372): Adding window token: android.os.Binder@b32f45a0
W/GpsLocationProvider(  372): Could not open GPS configuration file /etc/gps.conf
W/ServiceWatcher(  372): com.google.android.location not found
W/ServiceWatcher(  372): com.google.android.location not found
W/ServiceWatcher(  372): com.google.android.location not found
W/LocationManagerService(  372): no network location provider found
D/dalvikvm(  443): GC_FOR_ALLOC freed 95K, 6% free 3558K/3760K, paused 137ms, total 139ms
W/InputMethodManagerService(  372): Illegal subtype state: old subtype = null, new subtype = android.view.inputmethod.InputMethodSubtype@c9194f98
W/ServiceWatcher(  372): com.google.android.location not found
E/FlpHardwareProvider(  372): Error hw_get_module 'flp': -2
W/ServiceWatcher(  372): com.google.android.location not found
E/FlpHardwareProvider(  372): Error hw_get_module 'flp': -2
E/LocationManagerService(  372): no geocoder provider found
E/LocationManagerService(  372): No FusedProvider found.
W/ServiceWatcher(  372): com.google.android.location not found
E/LocationManagerService(  372): no geofence provider found
I/dalvikvm-heap(  443): Grow heap (frag case) to 6.467MB for 3072016-byte allocation
I/CommonTimeManagementService(  372): No common time service detected on this platform.  Common time services will be unavailable.
I/InputReader(  372): Reconfiguring input devices.  changes=0x00000020
I/ActivityManager(  372): Start proc com.android.phone for added application com.android.phone: pid=597 uid=1001 gids={41001, 3002, 3001, 3003, 1028, 1015}
I/ActivityManager(  372): START u0 {act=android.intent.action.MAIN cat=[android.intent.category.HOME] flg=0x10000000 cmp=com.android.settings/.CryptKeeper} from pid 0
I/InputReader(  372): Reconfiguring input devices.  changes=0x00000010
I/ActivityManager(  372): Start proc com.android.settings for activity com.android.settings/.CryptKeeper: pid=608 uid=1000 gids={41000, 1028, 1015, 3002, 3001, 3003}
I/ActivityManager(  372): Start proc android.process.media for broadcast com.android.providers.downloads/.DownloadReceiver: pid=618 uid=10005 gids={50005, 1028, 1015, 1023, 1024, 2001, 3003, 3007}
D/dalvikvm(   58): GC_EXPLICIT freed 38K, 4% free 2705K/2812K, paused 2ms+2ms, total 48ms
D/dalvikvm(  443): GC_CONCURRENT freed 3K, 4% free 6554K/6764K, paused 4ms+70ms, total 319ms
D/dalvikvm(  443): WAIT_FOR_CONCURRENT_GC blocked 98ms
D/dalvikvm(   58): GC_EXPLICIT freed <1K, 4% free 2705K/2812K, paused 12ms+2ms, total 51ms
D/dalvikvm(   58): GC_EXPLICIT freed <1K, 4% free 2705K/2812K, paused 3ms+12ms, total 42ms
I/Choreographer(  372): Skipped 32 frames!  The application may be doing too much work on its main thread.
D/dalvikvm(  443): GC_FOR_ALLOC freed 3003K, 6% free 3559K/3760K, paused 121ms, total 121ms
I/FusedLocation(  372): engine started (com.android.location.fused)
I/LatinIME(  583): Hardware accelerated drawing: true
D/dalvikvm(  372): GC_CONCURRENT freed 503K, 59% free 5316K/12712K, paused 7ms+15ms, total 342ms
I/dalvikvm-heap(  443): Grow heap (frag case) to 6.468MB for 3072016-byte allocation
D/dalvikvm(  443): GC_FOR_ALLOC freed <1K, 4% free 6558K/6764K, paused 30ms, total 30ms
D/dalvikvm(  443): GC_CONCURRENT freed <1K, 4% free 6559K/6764K, paused 4ms+2ms, total 90ms
W/WindowManager(  372): Window freeze timeout expired.
W/WindowManager(  372): Force clearing orientation change: Window{b2dd0398 u0 StatusBar}
W/WindowManager(  372): Force clearing orientation change: Window{b2f40630 u0 com.android.systemui.ImageWallpaper}
I/ActivityManager(  372): START u0 {act=android.intent.action.MAIN cat=[android.intent.category.HOME] flg=0x10000000 cmp=com.android.sdksetup/.DefaultActivity} from pid 0
I/ActivityManager(  372): Start proc com.android.sdksetup for activity com.android.sdksetup/.DefaultActivity: pid=642 uid=10042 gids={50042}
W/InputAttributes(  583): No editor info for this field. Bug?
D/dalvikvm(  583): GC_CONCURRENT freed 224K, 10% free 2891K/3184K, paused 4ms+2ms, total 187ms
I/ResourceUtils(  583): Found default value: resource=keypress_vibration_durations build=[HARDWARE=goldfish MODEL=sdk BRAND=generic MANUFACTURER=unknown] default=-1
I/ResourceUtils(  583): Found default value: resource=keypress_volumes build=[HARDWARE=goldfish MODEL=sdk BRAND=generic MANUFACTURER=unknown] default=-1.0f
D/PhoneStatusBar(  443): mSettingsPanelGravity = 55
I/ActivityManager(  372): Start proc com.android.printspooler for service com.android.printspooler/.PrintSpoolerService: pid=653 uid=10039 gids={50039}
I/LatinIME:LogUtils(  583): Dictionary info: dictionary = UserHistoryDictionary.en_US.dic ; version = ? ; date = 1545900160
I/LatinIME:LogUtils(  583): Dictionary info: dictionary = PersonalizationPredictionDictio ; version = ? ; date = 1545900160
I/LatinIME:LogUtils(  583): Dictionary info: dictionary = personalization.en_US.dict ; version = ? ; date = 1545900160
V/StatusBar(  443): userId 0 is in the house
D/dalvikvm(  583): GC_CONCURRENT freed 367K, 13% free 2965K/3400K, paused 4ms+35ms, total 125ms
I/Choreographer(  443): Skipped 204 frames!  The application may be doing too much work on its main thread.
I/PrintSpoolerService(  653): No existing print spooler state.
I/LatinIME:LogUtils(  583): Dictionary info: dictionary = userunigram.en_US.dict ; version = ? ; date = ?
D/dalvikvm(  372): GC_CONCURRENT freed 529K, 58% free 5444K/12712K, paused 142ms+22ms, total 502ms
D/dalvikvm(  372): WAIT_FOR_CONCURRENT_GC blocked 66ms
D/dalvikvm(  372): WAIT_FOR_CONCURRENT_GC blocked 69ms
I/ActivityManager(  372): Force stopping com.android.sdksetup appid=10042 user=0: pkg changed
I/ActivityManager(  372): Killing 642:com.android.sdksetup/u0a42 (adj 0): stop com.android.sdksetup
I/ActivityManager(  372):   Force finishing activity ActivityRecord{b3318070 u0 com.android.sdksetup/.DefaultActivity t2}
I/Choreographer(  443): Skipped 61 frames!  The application may be doing too much work on its main thread.
D/dalvikvm(  597): GC_CONCURRENT freed 172K, 8% free 2920K/3160K, paused 3ms+16ms, total 182ms
I/ActivityManager(  372): START u0 {act=android.intent.action.MAIN cat=[android.intent.category.HOME] flg=0x10000000 cmp=com.android.launcher/com.android.launcher2.Launcher} from pid 0
I/ActivityManager(  372): Start proc com.android.launcher for activity com.android.launcher/com.android.launcher2.Launcher: pid=687 uid=10008 gids={50008}
I/Choreographer(  443): Skipped 47 frames!  The application may be doing too much work on its main thread.
W/BackupManagerService(  372): dataChanged but no participant pkg='com.android.providers.settings' uid=1001
I/PackageManager(  372):   Action: "android.intent.action.SENDTO"
I/PackageManager(  372):   Category: "android.intent.category.DEFAULT"
I/PackageManager(  372):   Scheme: "sms"
I/PackageManager(  372): Adding preferred activity ComponentInfo{com.android.mms/com.android.mms.ui.ComposeMessageActivity} for user 0 :
I/PackageManager(  372):   Action: "android.intent.action.SENDTO"
I/PackageManager(  372):   Category: "android.intent.category.DEFAULT"
I/PackageManager(  372):   Scheme: "smsto"
I/PackageManager(  372): Adding preferred activity ComponentInfo{com.android.mms/com.android.mms.ui.ComposeMessageActivity} for user 0 :
I/InputReader(  372): Reconfiguring input devices.  changes=0x00000010
I/PackageManager(  372):   Action: "android.intent.action.SENDTO"
I/PackageManager(  372):   Category: "android.intent.category.DEFAULT"
I/PackageManager(  372):   Scheme: "mms"
I/PackageManager(  372): Adding preferred activity ComponentInfo{com.android.mms/com.android.mms.ui.ComposeMessageActivity} for user 0 :
I/PackageManager(  372):   Action: "android.intent.action.SENDTO"
I/PackageManager(  372):   Category: "android.intent.category.DEFAULT"
I/PackageManager(  372):   Scheme: "mmsto"
I/PackageManager(  372): Adding preferred activity ComponentInfo{com.android.mms/com.android.mms.ui.ComposeMessageActivity} for user 0 :
I/PackageManager(  372):   Action: "android.intent.action.SENDTO"
I/PackageManager(  372):   Category: "android.intent.category.DEFAULT"
I/PackageManager(  372):   Scheme: "sms"
I/PackageManager(  372): Adding preferred activity ComponentInfo{com.android.mms/com.android.mms.ui.ComposeMessageActivity} for user 0 :
I/PackageManager(  372):   Action: "android.intent.action.SENDTO"
I/PackageManager(  372):   Category: "android.intent.category.DEFAULT"
I/PackageManager(  372):   Scheme: "smsto"
I/PackageManager(  372): Adding preferred activity ComponentInfo{com.android.mms/com.android.mms.ui.ComposeMessageActivity} for user 0 :
I/PackageManager(  372):   Action: "android.intent.action.SENDTO"
I/PackageManager(  372):   Category: "android.intent.category.DEFAULT"
I/PackageManager(  372):   Scheme: "mms"
I/PackageManager(  372): Adding preferred activity ComponentInfo{com.android.mms/com.android.mms.ui.ComposeMessageActivity} for user 0 :
I/PackageManager(  372):   Action: "android.intent.action.SENDTO"
I/PackageManager(  372):   Category: "android.intent.category.DEFAULT"
I/PackageManager(  372):   Scheme: "mmsto"
I/PackageManager(  372): Adding preferred activity ComponentInfo{com.android.mms/com.android.mms.ui.ComposeMessageActivity} for user 0 :
D/dalvikvm(  583): GC_CONCURRENT freed 467K, 16% free 2978K/3540K, paused 4ms+31ms, total 138ms
E/BluetoothAdapter(  597): Bluetooth binder is null
