I/LatinIME:LogUtils(  583): Dictionary info: dictionary = main:en ; version = 42 ; date = 1381226429
I/LatinIME:LogUtils(  583): Dictionary info: dictionary = main:en ; version = 42 ; date = 1381226429
E/BluetoothAdapter(  597): Bluetooth binder is null
I/LatinIME:LogUtils(  583): Dictionary info: dictionary = main:en ; version = 42 ; date = 1381226429
I/LatinIME:LogUtils(  583): Dictionary info: dictionary = main:en ; version = 42 ; date = 1381226429
I/LatinIME:LogUtils(  583): Dictionary info: dictionary = main:en ; version = 42 ; date = 1381226429
I/LatinIME:LogUtils(  583): Dictionary info: dictionary = main:en ; version = 42 ; date = 1381226429
D/CallNotifier(  597): CallNotifier: mSignalInfoToneGenerator created when toneplay
E/BluetoothAdapter(  597): Bluetooth binder is null
D/dalvikvm(  372): GC_CONCURRENT freed 644K, 57% free 5533K/12712K, paused 21ms+10ms, total 409ms
I/LatinIME:LogUtils(  583): Dictionary info: dictionary = main:en ; version = 42 ; date = 1381226429
I/LatinIME:LogUtils(  583): Dictionary info: dictionary = main:en ; version = 42 ; date = 1381226429
D/dalvikvm(  583): GC_CONCURRENT freed 300K, 14% free 3073K/3540K, paused 3ms+3ms, total 181ms
D/MobileDataStateTracker(  372): fota: Broadcast received: android.intent.action.ANY_DATA_STATE apnType=fota
D/MobileDataStateTracker(  372): fota: Received state=DISCONNECTED, old=DISCONNECTED, reason=radioTurnedOff
D/MobileDataStateTracker(  372): ia: Broadcast received: android.intent.action.ANY_DATA_STATE apnType=ia
D/MobileDataStateTracker(  372): ia: Received state=DISCONNECTED, old=DISCONNECTED, reason=radioTurnedOff
D/MobileDataStateTracker(  372): supl: Broadcast received: android.intent.action.ANY_DATA_STATE apnType=supl
D/MobileDataStateTracker(  372): supl: Received state=DISCONNECTED, old=DISCONNECTED, reason=radioTurnedOff
D/MobileDataStateTracker(  372): hipri: Broadcast received: android.intent.action.ANY_DATA_STATE apnType=hipri
D/MobileDataStateTracker(  372): hipri: Received state=DISCONNECTED, old=DISCONNECTED, reason=radioTurnedOff
D/MobileDataStateTracker(  372): ims: Broadcast received: android.intent.action.ANY_DATA_STATE apnType=ims
D/MobileDataStateTracker(  372): ims: Received state=DISCONNECTED, old=DISCONNECTED, reason=radioTurnedOff
D/MobileDataStateTracker(  372): default: Broadcast received: android.intent.action.ANY_DATA_STATE apnType=default
D/MobileDataStateTracker(  372): default: Received state=DISCONNECTED, old=DISCONNECTED, reason=radioTurnedOff
D/MobileDataStateTracker(  372): mms: Broadcast received: android.intent.action.ANY_DATA_STATE apnType=mms
D/MobileDataStateTracker(  372): mms: Received state=DISCONNECTED, old=DISCONNECTED, reason=radioTurnedOff
D/MobileDataStateTracker(  372): cbs: Broadcast received: android.intent.action.ANY_DATA_STATE apnType=cbs
D/MobileDataStateTracker(  372): cbs: Received state=DISCONNECTED, old=DISCONNECTED, reason=radioTurnedOff
D/MobileDataStateTracker(  372): fota: Broadcast received: android.intent.action.ANY_DATA_STATE apnType=fota
D/MobileDataStateTracker(  372): fota: Received state=DISCONNECTED, old=DISCONNECTED, reason=radioTurnedOff
I/FusedLocation(  372): engine stopped (com.android.location.fused)
I/FusedLocation(  372): engine started (com.android.location.fused)
D/MobileDataStateTracker(  372): ia: Broadcast received: android.intent.action.ANY_DATA_STATE apnType=ia
D/MobileDataStateTracker(  372): ia: Received state=DISCONNECTED, old=DISCONNECTED, reason=radioTurnedOff
D/MobileDataStateTracker(  372): supl: Broadcast received: android.intent.action.ANY_DATA_STATE apnType=supl
D/MobileDataStateTracker(  372): supl: Received state=DISCONNECTED, old=DISCONNECTED, reason=radioTurnedOff
D/MobileDataStateTracker(  372): hipri: Broadcast received: android.intent.action.ANY_DATA_STATE apnType=hipri
D/MobileDataStateTracker(  372): hipri: Received state=DISCONNECTED, old=DISCONNECTED, reason=radioTurnedOff
D/MobileDataStateTracker(  372): ims: Broadcast received: android.intent.action.ANY_DATA_STATE apnType=ims
D/MobileDataStateTracker(  372): ims: Received state=DISCONNECTED, old=DISCONNECTED, reason=radioTurnedOff
D/MobileDataStateTracker(  372): default: Broadcast received: android.intent.action.ANY_DATA_STATE apnType=default
D/MobileDataStateTracker(  372): default: Received state=DISCONNECTED, old=DISCONNECTED, reason=radioTurnedOff
D/MobileDataStateTracker(  372): mms: Broadcast received: android.intent.action.ANY_DATA_STATE apnType=mms
D/MobileDataStateTracker(  372): mms: Received state=DISCONNECTED, old=DISCONNECTED, reason=radioTurnedOff
D/MobileDataStateTracker(  372): cbs: Broadcast received: android.intent.action.ANY_DATA_STATE apnType=cbs
D/MobileDataStateTracker(  372): cbs: Received state=DISCONNECTED, old=DISCONNECTED, reason=radioTurnedOff
D/MobileDataStateTracker(  372): fota: Broadcast received: android.intent.action.ANY_DATA_STATE apnType=fota
D/MobileDataStateTracker(  372): fota: Received state=DISCONNECTED, old=DISCONNECTED, reason=dataDetached
D/MobileDataStateTracker(  372): ia: Broadcast received: android.intent.action.ANY_DATA_STATE apnType=ia
D/MobileDataStateTracker(  372): ia: Received state=DISCONNECTED, old=DISCONNECTED, reason=dataDetached
D/MobileDataStateTracker(  372): supl: Broadcast received: android.intent.action.ANY_DATA_STATE apnType=supl
D/MobileDataStateTracker(  372): supl: Received state=DISCONNECTED, old=DISCONNECTED, reason=dataDetached
D/MobileDataStateTracker(  372): hipri: Broadcast received: android.intent.action.ANY_DATA_STATE apnType=hipri
D/MobileDataStateTracker(  372): hipri: Received state=DISCONNECTED, old=DISCONNECTED, reason=dataDetached
D/MobileDataStateTracker(  372): ims: Broadcast received: android.intent.action.ANY_DATA_STATE apnType=ims
D/MobileDataStateTracker(  372): ims: Received state=DISCONNECTED, old=DISCONNECTED, reason=dataDetached
D/MobileDataStateTracker(  372): default: Broadcast received: android.intent.action.ANY_DATA_STATE apnType=default
D/MobileDataStateTracker(  372): default: Received state=DISCONNECTED, old=DISCONNECTED, reason=dataDetached
D/MobileDataStateTracker(  372): mms: Broadcast received: android.intent.action.ANY_DATA_STATE apnType=mms
D/MobileDataStateTracker(  372): mms: Received state=DISCONNECTED, old=DISCONNECTED, reason=dataDetached
D/MobileDataStateTracker(  372): cbs: Broadcast received: android.intent.action.ANY_DATA_STATE apnType=cbs
D/MobileDataStateTracker(  372): cbs: Received state=DISCONNECTED, old=DISCONNECTED, reason=dataDetached
D/MobileDataStateTracker(  372): fota: Broadcast received: android.intent.action.ANY_DATA_STATE apnType=fota
D/MobileDataStateTracker(  372): fota: Received state=DISCONNECTED, old=DISCONNECTED, reason=roamingOff
D/MobileDataStateTracker(  372): ia: Broadcast received: android.intent.action.ANY_DATA_STATE apnType=ia
D/MobileDataStateTracker(  372): ia: Received state=DISCONNECTED, old=DISCONNECTED, reason=roamingOff
D/MobileDataStateTracker(  372): supl: Broadcast received: android.intent.action.ANY_DATA_STATE apnType=supl
D/MobileDataStateTracker(  372): supl: Received state=DISCONNECTED, old=DISCONNECTED, reason=roamingOff
D/MobileDataStateTracker(  372): hipri: Broadcast received: android.intent.action.ANY_DATA_STATE apnType=hipri
D/MobileDataStateTracker(  372): hipri: Received state=DISCONNECTED, old=DISCONNECTED, reason=roamingOff
D/MobileDataStateTracker(  372): ims: Broadcast received: android.intent.action.ANY_DATA_STATE apnType=ims
D/MobileDataStateTracker(  372): ims: Received state=DISCONNECTED, old=DISCONNECTED, reason=roamingOff
D/dalvikvm(  597): GC_CONCURRENT freed 288K, 11% free 3048K/3404K, paused 2ms+61ms, total 100ms
D/MobileDataStateTracker(  372): default: Broadcast received: android.intent.action.ANY_DATA_STATE apnType=default
D/MobileDataStateTracker(  372): default: Received state=DISCONNECTED, old=DISCONNECTED, reason=roamingOff
D/MobileDataStateTracker(  372): mms: Broadcast received: android.intent.action.ANY_DATA_STATE apnType=mms
D/TelephonyDebugService(  597): TelephonyDebugService()
D/MobileDataStateTracker(  372): mms: Received state=DISCONNECTED, old=DISCONNECTED, reason=roamingOff
D/MobileDataStateTracker(  372): cbs: Broadcast received: android.intent.action.ANY_DATA_STATE apnType=cbs
D/MobileDataStateTracker(  372): cbs: Received state=DISCONNECTED, old=DISCONNECTED, reason=roamingOff
D/MobileDataStateTracker(  372): fota: Broadcast received: android.intent.action.ANY_DATA_STATE apnType=fota
D/MobileDataStateTracker(  372): fota: Received state=DISCONNECTED, old=DISCONNECTED, reason=roamingOff
D/MobileDataStateTracker(  372): ia: Broadcast received: android.intent.action.ANY_DATA_STATE apnType=ia
D/MobileDataStateTracker(  372): ia: Received state=DISCONNECTED, old=DISCONNECTED, reason=roamingOff
D/MobileDataStateTracker(  372): supl: Broadcast received: android.intent.action.ANY_DATA_STATE apnType=supl
D/MobileDataStateTracker(  372): supl: Received state=DISCONNECTED, old=DISCONNECTED, reason=roamingOff
D/MobileDataStateTracker(  372): hipri: Broadcast received: android.intent.action.ANY_DATA_STATE apnType=hipri
D/MobileDataStateTracker(  372): hipri: Received state=DISCONNECTED, old=DISCONNECTED, reason=roamingOff
D/MobileDataStateTracker(  372): ims: Broadcast received: android.intent.action.ANY_DATA_STATE apnType=ims
D/MobileDataStateTracker(  372): ims: Received state=DISCONNECTED, old=DISCONNECTED, reason=roamingOff
D/MobileDataStateTracker(  372): default: Broadcast received: android.intent.action.ANY_DATA_STATE apnType=default
D/MobileDataStateTracker(  372): default: Received state=DISCONNECTED, old=DISCONNECTED, reason=roamingOff
D/MobileDataStateTracker(  372): mms: Broadcast received: android.intent.action.ANY_DATA_STATE apnType=mms
D/MobileDataStateTracker(  372): mms: Received state=DISCONNECTED, old=DISCONNECTED, reason=roamingOff
D/MobileDataStateTracker(  372): cbs: Broadcast received: android.intent.action.ANY_DATA_STATE apnType=cbs
D/MobileDataStateTracker(  372): cbs: Received state=DISCONNECTED, old=DISCONNECTED, reason=roamingOff
D/MccTable(  597): updateMccMncConfiguration: mcc=310, mnc=260
D/AlarmManagerService(  372): Kernel timezone updated to 300 minutes west of GMT
D/MccTable(  597): timezone set to America/New_York
D/MccTable(  597): getLocaleFromMcc to en_us mcc=310
D/MccTable(  597): getLocaleForLanguageCountry: got match
D/MccTable(  597): getLocaleForLanguageCountry: X locale=en_US
D/MccTable(  597): WIFI_COUNTRY_CODE set to us
I/WifiService(  372): WifiService trying to set country code to us with persist set to true
D/dalvikvm(  687): GC_CONCURRENT freed 176K, 8% free 2951K/3200K, paused 6ms+21ms, total 85ms
D/MobileDataStateTracker(  372): fota: Broadcast received: android.intent.action.ANY_DATA_STATE apnType=fota
D/MobileDataStateTracker(  372): fota: Received state=DISCONNECTED, old=DISCONNECTED, reason=dataAttached
D/MobileDataStateTracker(  372): ia: Broadcast received: android.intent.action.ANY_DATA_STATE apnType=ia
D/MobileDataStateTracker(  372): ia: Received state=DISCONNECTED, old=DISCONNECTED, reason=dataAttached
D/MobileDataStateTracker(  372): supl: Broadcast received: android.intent.action.ANY_DATA_STATE apnType=supl
D/MobileDataStateTracker(  372): supl: Received state=DISCONNECTED, old=DISCONNECTED, reason=dataAttached
D/MobileDataStateTracker(  372): hipri: Broadcast received: android.intent.action.ANY_DATA_STATE apnType=hipri
D/MobileDataStateTracker(  372): hipri: Received state=DISCONNECTED, old=DISCONNECTED, reason=dataAttached
D/MobileDataStateTracker(  372): ims: Broadcast received: android.intent.action.ANY_DATA_STATE apnType=ims
D/MobileDataStateTracker(  372): ims: Received state=DISCONNECTED, old=DISCONNECTED, reason=dataAttached
D/MobileDataStateTracker(  372): mms: Broadcast received: android.intent.action.ANY_DATA_STATE apnType=mms
D/MobileDataStateTracker(  372): mms: Received state=DISCONNECTED, old=DISCONNECTED, reason=dataAttached
D/MobileDataStateTracker(  372): cbs: Broadcast received: android.intent.action.ANY_DATA_STATE apnType=cbs
D/MobileDataStateTracker(  372): cbs: Received state=DISCONNECTED, old=DISCONNECTED, reason=dataAttached
D/MobileDataStateTracker(  372): fota: Broadcast received: android.intent.action.ANY_DATA_STATE apnType=fota
D/MobileDataStateTracker(  372): fota: Received state=DISCONNECTED, old=DISCONNECTED, reason=dataAttached
D/dalvikvm(  597): GC_CONCURRENT freed 296K, 11% free 3158K/3524K, paused 11ms+2ms, total 74ms
D/MobileDataStateTracker(  372): ia: Broadcast received: android.intent.action.ANY_DATA_STATE apnType=ia
D/MobileDataStateTracker(  372): ia: Received state=DISCONNECTED, old=DISCONNECTED, reason=dataAttached
D/MobileDataStateTracker(  372): supl: Broadcast received: android.intent.action.ANY_DATA_STATE apnType=supl
D/MobileDataStateTracker(  372): supl: Received state=DISCONNECTED, old=DISCONNECTED, reason=dataAttached
D/MobileDataStateTracker(  372): hipri: Broadcast received: android.intent.action.ANY_DATA_STATE apnType=hipri
D/MobileDataStateTracker(  372): hipri: Received state=DISCONNECTED, old=DISCONNECTED, reason=dataAttached
D/MobileDataStateTracker(  372): ims: Broadcast received: android.intent.action.ANY_DATA_STATE apnType=ims
D/MobileDataStateTracker(  372): ims: Received state=DISCONNECTED, old=DISCONNECTED, reason=dataAttached
D/dalvikvm(  372): GC_CONCURRENT freed 746K, 57% free 5498K/12712K, paused 169ms+5ms, total 269ms
D/dalvikvm(  372): WAIT_FOR_CONCURRENT_GC blocked 41ms
D/dalvikvm(  372): WAIT_FOR_CONCURRENT_GC blocked 48ms
D/MobileDataStateTracker(  372): mms: Broadcast received: android.intent.action.ANY_DATA_STATE apnType=mms
D/MobileDataStateTracker(  372): mms: Received state=DISCONNECTED, old=DISCONNECTED, reason=dataAttached
D/MobileDataStateTracker(  372): cbs: Broadcast received: android.intent.action.ANY_DATA_STATE apnType=cbs
D/MobileDataStateTracker(  372): cbs: Received state=DISCONNECTED, old=DISCONNECTED, reason=dataAttached
D/MccTable(  597): updateMccMncConfiguration: mcc=310, mnc=260
D/MccTable(  597): getLocaleFromMcc to en_us mcc=310
D/MccTable(  597): getLocaleForLanguageCountry: got match
D/MccTable(  597): getLocaleForLanguageCountry: X locale=en_US
D/MccTable(  597): updateMccMncConfiguration updateConfig config={1.0 310mcc260mnc en_US ldltr ?swdp ?wdp ?hdp ?density ?lsize ?long ?orien ?uimode ?night ?touch ?keyb/?/? ?nav/?}
I/ActivityManager(  372): Config changes=3 {1.0 310mcc260mnc en_US ldltr sw480dp w480dp h839dp 160dpi lrg long port finger -keyb/v/h tball/v s.6}
D/PhoneStatusBar(  443): mSettingsPanelGravity = 55
D/PermissionCache(   57): checking android.permission.READ_FRAME_BUFFER for uid=1000 => granted (40950 us)
D/gralloc (   57): Registering a buffer in the process that created it. This may cause memory ordering problems.
E/libEGL  (   57): called unimplemented OpenGL ES API
E/libEGL  (   57): called unimplemented OpenGL ES API
E/libEGL  (   57): called unimplemented OpenGL ES API
E/libEGL  (   57): called unimplemented OpenGL ES API
E/SurfaceFlinger(   57): glCheckFramebufferStatusOES error 1274016841
E/SurfaceFlinger(   57): got GL_FRAMEBUFFER_COMPLETE_OES error while taking screenshot
E/libEGL  (   57): called unimplemented OpenGL ES API
E/libEGL  (   57): called unimplemented OpenGL ES API
I/ARMAssembler(   57): generated scanline__00000077:03515104_00008001_00000000 [113 ipp] (134 ins) at [0xb59f61f0:0xb59f6408] in 10000000 ns
D/dalvikvm(  372): GC_CONCURRENT freed 688K, 57% free 5512K/12712K, paused 10ms+5ms, total 343ms
D/dalvikvm(  372): WAIT_FOR_CONCURRENT_GC blocked 119ms
D/dalvikvm(  687): GC_FOR_ALLOC freed 187K, 8% free 3112K/3372K, paused 260ms, total 263ms
I/dalvikvm-heap(  687): Grow heap (frag case) to 3.716MB for 640016-byte allocation
D/dalvikvm(  687): GC_FOR_ALLOC freed 3K, 7% free 3734K/4000K, paused 58ms, total 58ms
D/dalvikvm(  687): GC_CONCURRENT freed 7K, 7% free 3727K/4000K, paused 14ms+3ms, total 53ms
D/MccTable(  597): updateMccMncConfiguration: mcc=310, mnc=260
D/MccTable(  597): getLocaleFromMcc to en_us mcc=310
D/MccTable(  597): getLocaleForLanguageCountry: skipping already persisted
D/MccTable(  597): getLocaleForLanguageCountry: X locale=null
D/MccTable(  597): updateMccMncConfiguration updateConfig config={1.0 310mcc260mnc ?locale ?layoutDir ?swdp ?wdp ?hdp ?density ?lsize ?long ?orien ?uimode ?night ?touch ?keyb/?/? ?nav/?}
D/dalvikvm(  597): GC_CONCURRENT freed 359K, 12% free 3309K/3736K, paused 4ms+3ms, total 68ms
D/dalvikvm(  597): WAIT_FOR_CONCURRENT_GC blocked 24ms
W/Resources(  687): Converting to int: TypedValue{t=0x3/d=0x12 "4" a=-1}
W/Resources(  687): Converting to int: TypedValue{t=0x3/d=0xf "1" a=-1}
W/Resources(  687): Converting to int: TypedValue{t=0x3/d=0x15 "2" a=-1}
W/Resources(  687): Converting to int: TypedValue{t=0x3/d=0x15 "2" a=-1}
W/Launcher.LauncherProvider(  687): Unable to add favorite: com.android.camera2/com.android.camera.CameraLauncher
W/Launcher.LauncherProvider(  687): android.content.pm.PackageManager$NameNotFoundException: ComponentInfo{com.android.camera2/com.android.camera.CameraLauncher}
W/Launcher.LauncherProvider(  687): 	at android.app.ApplicationPackageManager.getActivityInfo(ApplicationPackageManager.java:242)
W/Launcher.LauncherProvider(  687): 	at com.android.launcher2.LauncherProvider$DatabaseHelper.addAppShortcut(LauncherProvider.java:959)
W/Launcher.LauncherProvider(  687): 	at com.android.launcher2.LauncherProvider$DatabaseHelper.loadFavorites(LauncherProvider.java:863)
W/Launcher.LauncherProvider(  687): 	at com.android.launcher2.LauncherProvider$DatabaseHelper.access$000(LauncherProvider.java:253)
W/Launcher.LauncherProvider(  687): 	at com.android.launcher2.LauncherProvider.loadDefaultFavoritesIfNecessary(LauncherProvider.java:237)
W/Launcher.LauncherProvider(  687): 	at com.android.launcher2.LauncherModel$LoaderTask.loadWorkspace(LauncherModel.java:1278)
W/Launcher.LauncherProvider(  687): 	at com.android.launcher2.LauncherModel$LoaderTask.loadAndBindWorkspace(LauncherModel.java:1020)
W/Launcher.LauncherProvider(  687): 	at com.android.launcher2.LauncherModel$LoaderTask.run(LauncherModel.java:1126)
W/Launcher.LauncherProvider(  687): 	at android.os.Handler.handleCallback(Handler.java:733)
W/Launcher.LauncherProvider(  687): 	at android.os.Handler.dispatchMessage(Handler.java:95)
W/Launcher.LauncherProvider(  687): 	at android.os.Looper.loop(Looper.java:136)
W/Launcher.LauncherProvider(  687): 	at android.os.HandlerThread.run(HandlerThread.java:61)
W/Launcher.LauncherProvider(  687): Unable to add favorite: com.android.gallery3d/com.android.gallery3d.app.Gallery
W/Launcher.LauncherProvider(  687): android.content.pm.PackageManager$NameNotFoundException: ComponentInfo{com.android.gallery3d/com.android.gallery3d.app.Gallery}
W/Launcher.LauncherProvider(  687): 	at android.app.ApplicationPackageManager.getActivityInfo(ApplicationPackageManager.java:242)
W/Launcher.LauncherProvider(  687): 	at com.android.launcher2.LauncherProvider$DatabaseHelper.addAppShortcut(LauncherProvider.java:959)
W/Launcher.LauncherProvider(  687): 	at com.android.launcher2.LauncherProvider$DatabaseHelper.loadFavorites(LauncherProvider.java:863)
W/Launcher.LauncherProvider(  687): 	at com.android.launcher2.LauncherProvider$DatabaseHelper.access$000(LauncherProvider.java:253)
W/Launcher.LauncherProvider(  687): 	at com.android.launcher2.LauncherProvider.loadDefaultFavoritesIfNecessary(LauncherProvider.java:237)
W/Launcher.LauncherProvider(  687): 	at com.android.launcher2.LauncherModel$LoaderTask.loadWorkspace(LauncherModel.java:1278)
W/Launcher.LauncherProvider(  687): 	at com.android.launcher2.LauncherModel$LoaderTask.loadAndBindWorkspace(LauncherModel.java:1020)
W/Launcher.LauncherProvider(  687): 	at com.android.launcher2.LauncherModel$LoaderTask.run(LauncherModel.java:1126)
W/Launcher.LauncherProvider(  687): 	at android.os.Handler.handleCallback(Handler.java:733)
W/Launcher.LauncherProvider(  687): 	at android.os.Handler.dispatchMessage(Handler.java:95)
W/Launcher.LauncherProvider(  687): 	at android.os.Looper.loop(Looper.java:136)
W/Launcher.LauncherProvider(  687): 	at android.os.HandlerThread.run(HandlerThread.java:61)
D/dalvikvm(  372): GC_CONCURRENT freed 644K, 57% free 5569K/12712K, paused 23ms+5ms, total 175ms
D/dalvikvm(  372): WAIT_FOR_CONCURRENT_GC blocked 86ms
D/MobileDataStateTracker(  372): fota: Broadcast received: android.intent.action.ANY_DATA_STATE apnType=fota
D/MobileDataStateTracker(  372): fota: Received state=DISCONNECTED, old=DISCONNECTED, reason=simLoaded
D/MobileDataStateTracker(  372): ia: Broadcast received: android.intent.action.ANY_DATA_STATE apnType=ia
D/MobileDataStateTracker(  372): ia: Received state=DISCONNECTED, old=DISCONNECTED, reason=simLoaded
D/MobileDataStateTracker(  372): supl: Broadcast received: android.intent.action.ANY_DATA_STATE apnType=supl
D/MobileDataStateTracker(  372): supl: Received state=DISCONNECTED, old=DISCONNECTED, reason=simLoaded
D/MobileDataStateTracker(  372): hipri: Broadcast received: android.intent.action.ANY_DATA_STATE apnType=hipri
D/MobileDataStateTracker(  372): hipri: Received state=DISCONNECTED, old=DISCONNECTED, reason=simLoaded
D/MobileDataStateTracker(  372): ims: Broadcast received: android.intent.action.ANY_DATA_STATE apnType=ims
D/MobileDataStateTracker(  372): ims: Received state=DISCONNECTED, old=DISCONNECTED, reason=simLoaded
D/MobileDataStateTracker(  372): mms: Broadcast received: android.intent.action.ANY_DATA_STATE apnType=mms
D/MobileDataStateTracker(  372): mms: Received state=DISCONNECTED, old=DISCONNECTED, reason=simLoaded
D/MobileDataStateTracker(  372): cbs: Broadcast received: android.intent.action.ANY_DATA_STATE apnType=cbs
D/MobileDataStateTracker(  372): cbs: Received state=DISCONNECTED, old=DISCONNECTED, reason=simLoaded
D/dalvikvm(  597): GC_CONCURRENT freed 513K, 15% free 3325K/3888K, paused 4ms+5ms, total 154ms
D/MobileDataStateTracker(  372): default: Broadcast received: android.intent.action.ANY_DATA_STATE apnType=default
D/MobileDataStateTracker(  372): default: Received state=CONNECTING, old=DISCONNECTED, reason=simLoaded
D/MobileDataStateTracker(  372): default: setDetailed state, old =IDLE and new state=CONNECTING
D/MobileDataStateTracker(  372): fota: Broadcast received: android.intent.action.ANY_DATA_STATE apnType=fota
D/MobileDataStateTracker(  372): fota: Received state=DISCONNECTED, old=DISCONNECTED, reason=simLoaded
D/MobileDataStateTracker(  372): ia: Broadcast received: android.intent.action.ANY_DATA_STATE apnType=ia
D/MobileDataStateTracker(  372): ia: Received state=DISCONNECTED, old=DISCONNECTED, reason=simLoaded
D/MobileDataStateTracker(  372): supl: Broadcast received: android.intent.action.ANY_DATA_STATE apnType=supl
D/MobileDataStateTracker(  372): supl: Received state=DISCONNECTED, old=DISCONNECTED, reason=simLoaded
D/MobileDataStateTracker(  372): hipri: Broadcast received: android.intent.action.ANY_DATA_STATE apnType=hipri
D/MobileDataStateTracker(  372): hipri: Received state=DISCONNECTED, old=DISCONNECTED, reason=simLoaded
D/MobileDataStateTracker(  372): ims: Broadcast received: android.intent.action.ANY_DATA_STATE apnType=ims
D/MobileDataStateTracker(  372): ims: Received state=DISCONNECTED, old=DISCONNECTED, reason=simLoaded
D/MobileDataStateTracker(  372): mms: Broadcast received: android.intent.action.ANY_DATA_STATE apnType=mms
D/MobileDataStateTracker(  372): mms: Received state=DISCONNECTED, old=DISCONNECTED, reason=simLoaded
D/MobileDataStateTracker(  372): cbs: Broadcast received: android.intent.action.ANY_DATA_STATE apnType=cbs
D/MobileDataStateTracker(  372): cbs: Received state=DISCONNECTED, old=DISCONNECTED, reason=simLoaded
D/MobileDataStateTracker(  372): default: Broadcast received: android.intent.action.ANY_DATA_STATE apnType=default
D/MobileDataStateTracker(  372): default: Received state=CONNECTED, old=CONNECTING, reason=connected
D/MobileDataStateTracker(  372): default: setDetailed state, old =CONNECTING and new state=CONNECTED
D/ConnectivityService(  372): ConnectivityChange for mobile: CONNECTED/CONNECTED
D/ConnectivityService(  372): ConnectivityChange checkMobileProvisioning for TYPE_MOBILE or ProvisioningNetwork
D/ConnectivityService(  372): checkMobileProvisioning: E suggestedTimeOutMs=60000
D/ConnectivityService(  372): setProvNotificationVisible: E visible=false networkType=5 extraInfo=null url=null
D/ConnectivityService(  372): checkMobileProvisioning: params={ url=http://clients3.google.com/generate_204 mTimeOutMs=60000 mCb=com.android.server.ConnectivityService$5@b368e838}
D/ConnectivityService(  372): checkMobileProvisioning: X
D/Nat464Xlat(  372): requiresClat: netType=0, hasIPv4Address=true
D/dalvikvm(  372): GC_CONCURRENT freed 573K, 56% free 5620K/12712K, paused 22ms+14ms, total 154ms
D/MobileDataStateTracker(  372): default: isProvisioningNetwork: retVal=false
D/ConnectivityService(  372): [CheckMp] isMobileOk: isDefaultProvisioning=false
D/MobileDataStateTracker(  372): hipri: isProvisioningNetwork: retVal=false
D/ConnectivityService(  372): [CheckMp] isMobileOk: isHipriProvisioning=false
D/ConnectivityService(  372): [CheckMp] isMobileOk: start hipri url=http://clients3.google.com/generate_204
D/ConnectivityService(  372): startUsingNetworkFeature reconnecting to 0: enableHIPRI
I/NetworkPolicy(  372): no policy for active mobile network; generating default policy
D/MobileDataStateTracker(  372): hipri: Broadcast received: android.intent.action.ANY_DATA_STATE apnType=hipri
D/MobileDataStateTracker(  372): default: setPolicyDataEnable(enabled=true)
D/MobileDataStateTracker(  372): hipri: Received state=CONNECTING, old=DISCONNECTED, reason=dataEnabled
D/MobileDataStateTracker(  372): hipri: setDetailed state, old =IDLE and new state=CONNECTING
D/MobileDataStateTracker(  372): fota: Broadcast received: android.intent.action.ANY_DATA_STATE apnType=fota
D/MobileDataStateTracker(  372): fota: Received state=DISCONNECTED, old=DISCONNECTED, reason=dataEnabled
D/MobileDataStateTracker(  372): ia: Broadcast received: android.intent.action.ANY_DATA_STATE apnType=ia
D/MobileDataStateTracker(  372): ia: Received state=DISCONNECTED, old=DISCONNECTED, reason=dataEnabled
D/MobileDataStateTracker(  372): supl: Broadcast received: android.intent.action.ANY_DATA_STATE apnType=supl
D/MobileDataStateTracker(  372): supl: Received state=DISCONNECTED, old=DISCONNECTED, reason=dataEnabled
D/MobileDataStateTracker(  372): ims: Broadcast received: android.intent.action.ANY_DATA_STATE apnType=ims
D/MobileDataStateTracker(  372): ims: Received state=DISCONNECTED, old=DISCONNECTED, reason=dataEnabled
D/MobileDataStateTracker(  372): mms: Broadcast received: android.intent.action.ANY_DATA_STATE apnType=mms
D/dalvikvm(  597): GC_CONCURRENT freed 501K, 15% free 3306K/3888K, paused 4ms+7ms, total 231ms
D/MobileDataStateTracker(  372): mms: Received state=DISCONNECTED, old=DISCONNECTED, reason=dataEnabled
D/MobileDataStateTracker(  372): cbs: Broadcast received: android.intent.action.ANY_DATA_STATE apnType=cbs
D/MobileDataStateTracker(  372): cbs: Received state=DISCONNECTED, old=DISCONNECTED, reason=dataEnabled
D/MobileDataStateTracker(  372): hipri: Broadcast received: android.intent.action.ANY_DATA_STATE apnType=hipri
D/MobileDataStateTracker(  372): hipri: Received state=CONNECTED, old=CONNECTING, reason=dataEnabled
D/MobileDataStateTracker(  372): hipri: setDetailed state, old =CONNECTING and new state=CONNECTED
D/ConnectivityService(  372): ConnectivityChange for mobile_hipri: CONNECTED/CONNECTED
D/ConnectivityService(  372): startUsingNetworkFeature X: return APN_REQUEST_STARTED
D/dalvikvm(  687): GC_CONCURRENT freed 300K, 9% free 3855K/4232K, paused 3ms+32ms, total 87ms
I/SurfaceFlinger(   57): Boot is finished (68289 ms)
E/ConnectivityService(  372): startUsingNetworkFeature took too long: 1209ms
D/ConnectivityService(  372): [CheckMp] isMobileOk: hipri started
D/ConnectivityService(  372): [CheckMp] isMobileOk: not connected ni=NetworkInfo: type: mobile_hipri[UMTS], state: DISCONNECTED/IDLE, reason: (unspecified), extra: (none), roaming: false, failover: false, isAvailable: true, isConnectedToProvisioningNetwork: false
D/Launcher.Model(  687): Reload apps on config change. curr_mcc:310 prevmcc:0
I/Choreographer(  687): Skipped 588 frames!  The application may be doing too much work on its main thread.
W/ActivityManager(  372): Launch timeout has expired, giving up wake lock!
I/Choreographer(  687): Skipped 32 frames!  The application may be doing too much work on its main thread.
D/gralloc_goldfish(  687): Emulator without GPU emulation detected.
E/NetdConnector(  372): NDC Command {12 bandwidth setiquota eth0 9223372036854775807} took too long (1920ms)
I/InputReader(  372): Reconfiguring input devices.  changes=0x00000010
D/ConnectivityService(  372): [CheckMp] isMobileOk: not connected ni=NetworkInfo: type: mobile_hipri[UMTS], state: DISCONNECTED/IDLE, reason: (unspecified), extra: (none), roaming: false, failover: false, isAvailable: true, isConnectedToProvisioningNetwork: false
I/PackageManager(  372):   Action: "android.intent.action.SENDTO"
I/PackageManager(  372):   Category: "android.intent.category.DEFAULT"
I/PackageManager(  372):   Scheme: "sms"
I/PackageManager(  372): Adding preferred activity ComponentInfo{com.android.mms/com.android.mms.ui.ComposeMessageActivity} for user 0 :
E/NetdConnector(  372): NDC Command {13 interface setmtu eth0 1440} took too long (1735ms)
I/PackageManager(  372):   Action: "android.intent.action.SENDTO"
I/PackageManager(  372):   Category: "android.intent.category.DEFAULT"
I/PackageManager(  372):   Scheme: "smsto"
I/PackageManager(  372): Adding preferred activity ComponentInfo{com.android.mms/com.android.mms.ui.ComposeMessageActivity} for user 0 :
D/dalvikvm(  687): GC_CONCURRENT freed 210K, 7% free 4033K/4320K, paused 5ms+3ms, total 68ms
D/dalvikvm(  687): WAIT_FOR_CONCURRENT_GC blocked 55ms
D/Nat464Xlat(  372): requiresClat: netType=5, hasIPv4Address=true
D/MobileDataStateTracker(  372): default: setPolicyDataEnable(enabled=true)
I/PackageManager(  372):   Action: "android.intent.action.SENDTO"
I/PackageManager(  372):   Category: "android.intent.category.DEFAULT"
I/PackageManager(  372):   Scheme: "mms"
I/PackageManager(  372): Adding preferred activity ComponentInfo{com.android.mms/com.android.mms.ui.ComposeMessageActivity} for user 0 :
I/dalvikvm-heap(  687): Grow heap (frag case) to 5.541MB for 1610896-byte allocation
W/WindowManager(  372): App freeze timeout expired.
W/WindowManager(  372): Force clearing freeze: AppWindowToken{b36abb38 token=Token{b32fcc60 ActivityRecord{b2dfda88 u0 com.android.launcher/com.android.launcher2.Launcher t3}}}
D/dalvikvm(  687): GC_FOR_ALLOC freed 1K, 5% free 5605K/5896K, paused 126ms, total 127ms
D/dalvikvm(  687): GC_CONCURRENT freed 22K, 6% free 5583K/5896K, paused 61ms+27ms, total 148ms
D/dalvikvm(  372): GC_CONCURRENT freed 818K, 57% free 5533K/12712K, paused 48ms+89ms, total 426ms
D/dalvikvm(  372): WAIT_FOR_CONCURRENT_GC blocked 288ms
D/dalvikvm(  687): GC_FOR_ALLOC freed <1K, 6% free 5583K/5896K, paused 72ms, total 72ms
I/PackageManager(  372):   Action: "android.intent.action.SENDTO"
I/PackageManager(  372):   Category: "android.intent.category.DEFAULT"
I/PackageManager(  372):   Scheme: "mmsto"
I/PackageManager(  372): Adding preferred activity ComponentInfo{com.android.mms/com.android.mms.ui.ComposeMessageActivity} for user 0 :
I/dalvikvm-heap(  687): Grow heap (frag case) to 7.055MB for 1610896-byte allocation
D/dalvikvm(  687): GC_FOR_ALLOC freed 0K, 5% free 7156K/7472K, paused 49ms, total 69ms
I/PackageManager(  372):   Action: "android.intent.action.SENDTO"
I/PackageManager(  372):   Category: "android.intent.category.DEFAULT"
I/PackageManager(  372):   Scheme: "sms"
I/PackageManager(  372): Adding preferred activity ComponentInfo{com.android.mms/com.android.mms.ui.ComposeMessageActivity} for user 0 :
I/PackageManager(  372):   Action: "android.intent.action.SENDTO"
I/PackageManager(  372):   Category: "android.intent.category.DEFAULT"
I/PackageManager(  372):   Scheme: "smsto"
I/PackageManager(  372): Adding preferred activity ComponentInfo{com.android.mms/com.android.mms.ui.ComposeMessageActivity} for user 0 :
D/dalvikvm(  687): GC_CONCURRENT freed 111K, 6% free 7087K/7516K, paused 7ms+3ms, total 291ms
D/dalvikvm(  597): GC_CONCURRENT freed 354K, 14% free 3382K/3888K, paused 4ms+53ms, total 137ms
I/PackageManager(  372):   Action: "android.intent.action.SENDTO"
I/PackageManager(  372):   Category: "android.intent.category.DEFAULT"
I/PackageManager(  372):   Scheme: "mms"
I/PackageManager(  372): Adding preferred activity ComponentInfo{com.android.mms/com.android.mms.ui.ComposeMessageActivity} for user 0 :
E/NetdConnector(  372): NDC Command {14 bandwidth removeiquota eth0} took too long (1059ms)
D/ConnectivityService(  372): [CheckMp] isMobileOk: not connected ni=NetworkInfo: type: mobile_hipri[UMTS], state: DISCONNECTED/IDLE, reason: (unspecified), extra: (none), roaming: false, failover: false, isAvailable: true, isConnectedToProvisioningNetwork: false
I/PackageManager(  372):   Action: "android.intent.action.SENDTO"
I/PackageManager(  372):   Category: "android.intent.category.DEFAULT"
I/PackageManager(  372):   Scheme: "mmsto"
I/PackageManager(  372): Adding preferred activity ComponentInfo{com.android.mms/com.android.mms.ui.ComposeMessageActivity} for user 0 :
E/NetdConnector(  372): NDC Command {15 bandwidth gettetherstats} took too long (1039ms)
I/ActivityManager(  372): Displayed com.android.launcher/com.android.launcher2.Launcher: +10s142ms (total +13s580ms)
W/WindowManager(  372): Window freeze timeout expired.
W/WindowManager(  372): Force clearing orientation change: Window{b2f40630 u0 com.android.systemui.ImageWallpaper}
I/WindowManager(  372): Screen frozen for +6s484ms due to Window{b2f40630 u0 com.android.systemui.ImageWallpaper}
D/dalvikvm(  372): GC_CONCURRENT freed 650K, 56% free 5594K/12712K, paused 6ms+40ms, total 642ms
D/dalvikvm(  372): WAIT_FOR_CONCURRENT_GC blocked 492ms
D/dalvikvm(  372): WAIT_FOR_CONCURRENT_GC blocked 310ms
D/dalvikvm(  372): WAIT_FOR_CONCURRENT_GC blocked 270ms
D/dalvikvm(  372): WAIT_FOR_CONCURRENT_GC blocked 212ms
D/dalvikvm(  443): GC_FOR_ALLOC freed 3123K, 48% free 3587K/6780K, paused 295ms, total 329ms
I/dalvikvm-heap(  443): Grow heap (frag case) to 6.496MB for 3072016-byte allocation
I/Choreographer(  372): Skipped 40 frames!  The application may be doing too much work on its main thread.
I/ARMAssembler(   57): generated scanline__00000077:03515104_00009001_00000000 [131 ipp] (153 ins) at [0xb59f6410:0xb59f6674] in 10000000 ns
D/dalvikvm(  443): GC_CONCURRENT freed 5K, 3% free 6582K/6780K, paused 4ms+3ms, total 787ms
D/ConnectivityService(  372): [CheckMp] isMobileOk: not connected ni=NetworkInfo: type: mobile_hipri[UMTS], state: DISCONNECTED/IDLE, reason: (unspecified), extra: (none), roaming: false, failover: false, isAvailable: true, isConnectedToProvisioningNetwork: false
E/NetdConnector(  372): NDC Command {16 bandwidth setiquota eth0 9223372036854775807} took too long (2447ms)
I/Choreographer(  372): Skipped 33 frames!  The application may be doing too much work on its main thread.
D/MobileDataStateTracker(  372): default: setPolicyDataEnable(enabled=true)
I/Choreographer(  372): Skipped 44 frames!  The application may be doing too much work on its main thread.
I/Choreographer(  372): Skipped 128 frames!  The application may be doing too much work on its main thread.
D/MobileDataStateTracker(  372): default: setPolicyDataEnable(enabled=true)
I/Choreographer(  687): Skipped 162 frames!  The application may be doing too much work on its main thread.
D/ConnectivityService(  372): [CheckMp] isMobileOk: not connected ni=NetworkInfo: type: mobile_hipri[UMTS], state: DISCONNECTED/IDLE, reason: (unspecified), extra: (none), roaming: false, failover: false, isAvailable: true, isConnectedToProvisioningNetwork: false
I/Choreographer(  687): Skipped 164 frames!  The application may be doing too much work on its main thread.
D/AndroidRuntime(  796): 
D/AndroidRuntime(  796): >>>>>> AndroidRuntime START com.android.internal.os.RuntimeInit <<<<<<
D/AndroidRuntime(  796): CheckJNI is ON
E/NetdConnector(  372): NDC Command {18 bandwidth removeiquota eth0} took too long (1376ms)
D/ConnectivityService(  372): [CheckMp] isMobileOk: not connected ni=NetworkInfo: type: mobile_hipri[UMTS], state: DISCONNECTED/IDLE, reason: (unspecified), extra: (none), roaming: false, failover: false, isAvailable: true, isConnectedToProvisioningNetwork: false
D/dalvikvm(  796): Trying to load lib libjavacore.so 0x0
D/dalvikvm(  796): Added shared lib libjavacore.so 0x0
D/dalvikvm(  796): Trying to load lib libnativehelper.so 0x0
D/dalvikvm(  796): Added shared lib libnativehelper.so 0x0
D/dalvikvm(  796): No JNI_OnLoad found in libnativehelper.so 0x0, skipping init
D/Tethering(  372): MasterInitialState.processMessage what=3
D/CaptivePortalTracker(  372): NoActiveNetworkState{ when=-3ms what=1 obj=NetworkInfo: type: mobile[UMTS], state: CONNECTED/CONNECTED, reason: connected, extra: epc.tmobile.com, roaming: false, failover: false, isAvailable: true, isConnectedToProvisioningNetwork: false target=com.android.internal.util.StateMachine$SmHandler }
D/CaptivePortalTracker(  372): NoActiveNetworkState not a wifi connectivity change, ignore
D/Tethering(  372): MasterInitialState.processMessage what=3
D/CaptivePortalTracker(  372): NoActiveNetworkState{ when=0 what=1 obj=NetworkInfo: type: mobile_hipri[UMTS], state: CONNECTED/CONNECTED, reason: dataEnabled, extra: epc.tmobile.com, roaming: false, failover: false, isAvailable: true, isConnectedToProvisioningNetwork: false target=com.android.internal.util.StateMachine$SmHandler }
I/Choreographer(  687): Skipped 183 frames!  The application may be doing too much work on its main thread.
D/CaptivePortalTracker(  372): NoActiveNetworkState not a wifi connectivity change, ignore
D/dalvikvm(  372): GC_EXPLICIT freed 461K, 57% free 5528K/12712K, paused 5ms+55ms, total 391ms
D/dalvikvm(  796): Note: class Landroid/app/ActivityManagerNative; has 179 unimplemented (abstract) methods
I/Choreographer(  687): Skipped 83 frames!  The application may be doing too much work on its main thread.
D/ConnectivityService(  372): [CheckMp] isMobileOk: not connected ni=NetworkInfo: type: mobile_hipri[UMTS], state: DISCONNECTED/IDLE, reason: (unspecified), extra: (none), roaming: false, failover: false, isAvailable: true, isConnectedToProvisioningNetwork: false
I/MediaProvider(  618): Upgrading media database from version 0 to 700, which will destroy all old data
E/memtrack(  796): Couldn't load memtrack module (No such file or directory)
E/android.os.Debug(  796): failed to load memtrack module: -2
D/ConnectivityService(  372): [CheckMp] isMobileOk: not connected ni=NetworkInfo: type: mobile_hipri[UMTS], state: DISCONNECTED/IDLE, reason: (unspecified), extra: (none), roaming: false, failover: false, isAvailable: true, isConnectedToProvisioningNetwork: false
W/ActivityManager(  372): Activity destroy timeout for ActivityRecord{b33161c8 u0 com.android.settings/.CryptKeeper t1 f}
E/NetdConnector(  372): NDC Command {19 bandwidth setiquota eth0 9223372036854775807} took too long (2521ms)
D/MobileDataStateTracker(  372): default: setPolicyDataEnable(enabled=true)
D/AndroidRuntime(  796): Calling main entry com.android.commands.pm.Pm
I/ActivityManager(  372): Start proc com.android.defcontainer for service com.android.defcontainer/.DefaultContainerService: pid=831 uid=10003 gids={50003, 1028, 1015, 1023, 2001, 1035}
D/ConnectivityService(  372): [CheckMp] isMobileOk: not connected ni=NetworkInfo: type: mobile_hipri[UMTS], state: DISCONNECTED/IDLE, reason: (unspecified), extra: (none), roaming: false, failover: false, isAvailable: true, isConnectedToProvisioningNetwork: false
E/SQLiteLog(  618): (1) no such table: album_info
I/ActivityManager(  372): Start proc com.android.externalstorage for broadcast com.android.externalstorage/.MountReceiver: pid=847 uid=10006 gids={50006, 1028, 1015, 1023}
I/DownloadManager(  618): Upgrading downloads database from version 0 to version 109, which will destroy all old data
D/ConnectivityService(  372): [CheckMp] isMobileOk: not connected ni=NetworkInfo: type: mobile_hipri[UMTS], state: DISCONNECTED/IDLE, reason: (unspecified), extra: (none), roaming: false, failover: false, isAvailable: true, isConnectedToProvisioningNetwork: false
D/ExternalStorage(  847): Missing UUID for /storage/sdcard; skipping
D/ExternalStorage(  847): After updating volumes, found 0 active roots
W/ActivityManager(  372): No content provider found for permission revoke: file:///data/local/tmp/sample_for_analysis.apk
D/dalvikvm(  687): GC_CONCURRENT freed 1956K, 24% free 6496K/8528K, paused 4ms+4ms, total 59ms
I/ContactLocale(  549): AddressBook Labels [en_US]: [, A, B, C, D, E, F, G, H, I, J, K, L, M, N, O, P, Q, R, S, T, U, V, W, X, Y, Z, , , , , , , , , , , , , , , , , , , , , , , , , , , , , , , , , , , , , , , , , , , , , , , , , , , , , , , , , , , , , , , , , , , , , , , , , , , , , , , , , , , , , , , , , , , , , , , , , , , , , , , , , , , , , , , , , , , , , , , , , , , , , , , , , , , , , , , , , , , , , , , , , , , , , , , , , , , , , , , , , , , , , , , , , , , , , , , , , , , , , , #, ]
D/GpsLocationProvider(  372): NTP server returned: 1545900151896 (Thu Dec 27 03:42:31 EST 2018) reference: 73022 certainty: 10 system time offset: -30220
D/ConnectivityService(  372): [CheckMp] isMobileOk: not connected ni=NetworkInfo: type: mobile_hipri[UMTS], state: DISCONNECTED/IDLE, reason: (unspecified), extra: (none), roaming: false, failover: false, isAvailable: true, isConnectedToProvisioningNetwork: false
W/ActivityManager(  372): No content provider found for permission revoke: file:///data/local/tmp/sample_for_analysis.apk
I/PackageManager(  372): Copying native libraries to /data/app-lib/vmdl-700712971
D/dalvikvm(  372): GC_CONCURRENT freed 377K, 55% free 5739K/12496K, paused 16ms+4ms, total 63ms
I/ActivityManager(  372): Start proc com.android.exchange for content provider com.android.exchange/.provider.ExchangeDirectoryProvider: pid=863 uid=10025 gids={50025, 3003, 1028, 1015}
D/dalvikvm(  372): GC_CONCURRENT freed 424K, 53% free 5951K/12496K, paused 36ms+5ms, total 146ms
D/dalvikvm(  618): GC_CONCURRENT freed 282K, 11% free 2920K/3272K, paused 25ms+3ms, total 206ms
D/ConnectivityService(  372): [CheckMp] isMobileOk: not connected ni=NetworkInfo: type: mobile_hipri[UMTS], state: DISCONNECTED/IDLE, reason: (unspecified), extra: (none), roaming: false, failover: false, isAvailable: true, isConnectedToProvisioningNetwork: false
D/dalvikvm(  372): GC_CONCURRENT freed 335K, 50% free 6325K/12496K, paused 6ms+6ms, total 67ms
D/ExternalStorage(  847): Missing UUID for /storage/sdcard; skipping
D/ExternalStorage(  847): After updating volumes, found 0 active roots
D/dalvikvm(  372): GC_CONCURRENT freed 895K, 51% free 6247K/12496K, paused 6ms+9ms, total 73ms
D/ConnectivityService(  372): [CheckMp] isMobileOk: not connected ni=NetworkInfo: type: mobile_hipri[UMTS], state: DISCONNECTED/IDLE, reason: (unspecified), extra: (none), roaming: false, failover: false, isAvailable: true, isConnectedToProvisioningNetwork: false
D/dalvikvm(  372): GC_CONCURRENT freed 814K, 50% free 6249K/12496K, paused 6ms+3ms, total 64ms
D/dalvikvm(  372): GC_CONCURRENT freed 815K, 51% free 6246K/12496K, paused 5ms+7ms, total 66ms
D/dalvikvm(  372): GC_CONCURRENT freed 792K, 50% free 6259K/12496K, paused 5ms+5ms, total 65ms
D/dalvikvm(  372): GC_CONCURRENT freed 817K, 50% free 6316K/12496K, paused 6ms+6ms, total 81ms
D/dalvikvm(  372): GC_CONCURRENT freed 843K, 50% free 6280K/12496K, paused 6ms+6ms, total 64ms
D/ConnectivityService(  372): [CheckMp] isMobileOk: not connected ni=NetworkInfo: type: mobile_hipri[UMTS], state: DISCONNECTED/IDLE, reason: (unspecified), extra: (none), roaming: false, failover: false, isAvailable: true, isConnectedToProvisioningNetwork: false
I/PackageManager(  372): Running dexopt on: com.aptoide.update
D/ConnectivityService(  372): [CheckMp] isMobileOk: not connected ni=NetworkInfo: type: mobile_hipri[UMTS], state: DISCONNECTED/IDLE, reason: (unspecified), extra: (none), roaming: false, failover: false, isAvailable: true, isConnectedToProvisioningNetwork: false
W/dalvikvm(  875): method Landroid/support/v7/widget/ListViewCompat;.lookForSelectablePosition incorrectly overrides package-private method with same name in Landroid/widget/ListView;
D/ConnectivityService(  372): [CheckMp] isMobileOk: not connected ni=NetworkInfo: type: mobile_hipri[UMTS], state: DISCONNECTED/IDLE, reason: (unspecified), extra: (none), roaming: false, failover: false, isAvailable: true, isConnectedToProvisioningNetwork: false
D/dalvikvm(  875): DexOpt: couldn't find field Landroid/app/Notification;.headsUpContentView
D/dalvikvm(  875): DexOpt: couldn't find field Landroid/os/Message;.sendingUid
D/ConnectivityService(  372): [CheckMp] isMobileOk: not connected ni=NetworkInfo: type: mobile_hipri[UMTS], state: DISCONNECTED/IDLE, reason: (unspecified), extra: (none), roaming: false, failover: false, isAvailable: true, isConnectedToProvisioningNetwork: false
D/dalvikvm(  875): DexOpt: load 578ms, verify+opt 1671ms, 3213628 bytes
D/dalvikvm(  372): GC_CONCURRENT freed 810K, 50% free 6345K/12496K, paused 5ms+10ms, total 97ms
D/ConnectivityService(  372): [CheckMp] isMobileOk: not connected ni=NetworkInfo: type: mobile_hipri[UMTS], state: DISCONNECTED/IDLE, reason: (unspecified), extra: (none), roaming: false, failover: false, isAvailable: true, isConnectedToProvisioningNetwork: false
D/MediaScannerReceiver(  618): action: android.intent.action.MEDIA_MOUNTED path: /storage/sdcard
I/ActivityManager(  372): Force stopping com.aptoide.update appid=10052 user=-1: update pkg
I/InputReader(  372): Reconfiguring input devices.  changes=0x00000010
I/PackageManager(  372):   Action: "android.intent.action.SENDTO"
I/PackageManager(  372):   Category: "android.intent.category.DEFAULT"
I/PackageManager(  372):   Scheme: "sms"
I/PackageManager(  372): Adding preferred activity ComponentInfo{com.android.mms/com.android.mms.ui.ComposeMessageActivity} for user 0 :
I/PackageManager(  372): Adding preferred activity ComponentInfo{com.android.mms/com.android.mms.ui.ComposeMessageActivity} for user 0 :
I/PackageManager(  372):   Action: "android.intent.action.SENDTO"
I/PackageManager(  372):   Category: "android.intent.category.DEFAULT"
I/PackageManager(  372):   Scheme: "smsto"
I/PackageManager(  372):   Action: "android.intent.action.SENDTO"
I/PackageManager(  372):   Category: "android.intent.category.DEFAULT"
I/PackageManager(  372):   Scheme: "mms"
I/PackageManager(  372): Adding preferred activity ComponentInfo{com.android.mms/com.android.mms.ui.ComposeMessageActivity} for user 0 :
D/dalvikvm(  597): GC_CONCURRENT freed 491K, 15% free 3364K/3956K, paused 19ms+3ms, total 82ms
D/dalvikvm(  597): WAIT_FOR_CONCURRENT_GC blocked 26ms
I/PackageManager(  372):   Action: "android.intent.action.SENDTO"
I/PackageManager(  372):   Category: "android.intent.category.DEFAULT"
I/PackageManager(  372):   Scheme: "mmsto"
I/PackageManager(  372): Adding preferred activity ComponentInfo{com.android.mms/com.android.mms.ui.ComposeMessageActivity} for user 0 :
I/PackageManager(  372):   Action: "android.intent.action.SENDTO"
I/PackageManager(  372):   Category: "android.intent.category.DEFAULT"
I/PackageManager(  372):   Scheme: "sms"
I/PackageManager(  372): Adding preferred activity ComponentInfo{com.android.mms/com.android.mms.ui.ComposeMessageActivity} for user 0 :
I/PackageManager(  372):   Action: "android.intent.action.SENDTO"
I/PackageManager(  372):   Category: "android.intent.category.DEFAULT"
I/PackageManager(  372):   Scheme: "smsto"
I/PackageManager(  372): Adding preferred activity ComponentInfo{com.android.mms/com.android.mms.ui.ComposeMessageActivity} for user 0 :
I/PackageManager(  372):   Action: "android.intent.action.SENDTO"
I/PackageManager(  372):   Category: "android.intent.category.DEFAULT"
I/PackageManager(  372):   Scheme: "mms"
I/PackageManager(  372): Adding preferred activity ComponentInfo{com.android.mms/com.android.mms.ui.ComposeMessageActivity} for user 0 :
D/dalvikvm(  372): GC_EXPLICIT freed 1663K, 56% free 5596K/12496K, paused 6ms+7ms, total 537ms
D/dalvikvm(  372): WAIT_FOR_CONCURRENT_GC blocked 85ms
I/PackageManager(  372):   Action: "android.intent.action.SENDTO"
I/PackageManager(  372):   Category: "android.intent.category.DEFAULT"
I/PackageManager(  372):   Scheme: "mmsto"
I/PackageManager(  372): Adding preferred activity ComponentInfo{com.android.mms/com.android.mms.ui.ComposeMessageActivity} for user 0 :
D/dalvikvm(  372): WAIT_FOR_CONCURRENT_GC blocked 69ms
D/dalvikvm(  372): WAIT_FOR_CONCURRENT_GC blocked 70ms
D/dalvikvm(  372): WAIT_FOR_CONCURRENT_GC blocked 68ms
D/dalvikvm(  372): WAIT_FOR_CONCURRENT_GC blocked 102ms
D/BackupManagerService(  372): Received broadcast Intent { act=android.intent.action.PACKAGE_ADDED dat=package:com.aptoide.update flg=0x4000010 (has extras) }
V/BackupManagerService(  372): addPackageParticipantsLocked: #1
D/dalvikvm(  372): WAIT_FOR_CONCURRENT_GC blocked 140ms
D/AndroidRuntime(  796): Shutting down VM
E/BluetoothAdapter(  608): Bluetooth binder is null
D/dalvikvm(  796): GC_CONCURRENT freed 95K, 16% free 560K/660K, paused 2ms+2ms, total 18ms
I/ActivityManager(  372): Start proc com.android.email for content provider com.android.email/.provider.EmailProvider: pid=879 uid=10024 gids={50024, 3003, 1028, 1015}
D/ConnectivityService(  372): [CheckMp] isMobileOk: not connected ni=NetworkInfo: type: mobile_hipri[UMTS], state: DISCONNECTED/IDLE, reason: (unspecified), extra: (none), roaming: false, failover: false, isAvailable: true, isConnectedToProvisioningNetwork: false
