D/dalvikvm(  355): GC_CONCURRENT freed 1151K, 67% free 4016K/11924K, paused 15ms+5ms, total 102ms
I/PackageManager(  355): /system/app/GpsLocationTest.apk changed; collecting certs
I/PackageManager(  355): /system/app/HTMLViewer.apk changed; collecting certs
I/PackageManager(  355): /system/app/KeyChain.apk changed; collecting certs
D/dalvikvm(  355): GC_CONCURRENT freed 390K, 66% free 4095K/11924K, paused 6ms+6ms, total 81ms
I/PackageManager(  355): /system/app/LatinIME.apk changed; collecting certs
D/dalvikvm(  355): GC_CONCURRENT freed 491K, 66% free 4077K/11924K, paused 5ms+4ms, total 47ms
D/dalvikvm(  355): WAIT_FOR_CONCURRENT_GC blocked 31ms
D/dalvikvm(  355): GC_FOR_ALLOC freed 276K, 65% free 4191K/11924K, paused 31ms, total 32ms
D/dalvikvm(  355): GC_CONCURRENT freed 274K, 64% free 4359K/11924K, paused 5ms+2ms, total 38ms
D/dalvikvm(  355): WAIT_FOR_CONCURRENT_GC blocked 30ms
D/dalvikvm(  355): GC_CONCURRENT freed 298K, 63% free 4514K/11924K, paused 5ms+4ms, total 99ms
D/dalvikvm(  355): GC_CONCURRENT freed 192K, 61% free 4761K/11924K, paused 4ms+5ms, total 101ms
D/dalvikvm(  355): GC_CONCURRENT freed 261K, 59% free 4929K/11924K, paused 5ms+13ms, total 93ms
I/PackageManager(  355): /system/app/LegacyCamera.apk changed; collecting certs
D/dalvikvm(  355): GC_CONCURRENT freed 436K, 59% free 5001K/11924K, paused 5ms+10ms, total 50ms
D/dalvikvm(  355): WAIT_FOR_CONCURRENT_GC blocked 34ms
D/dalvikvm(  355): GC_FOR_ALLOC freed 1448K, 66% free 4123K/11924K, paused 36ms, total 37ms
D/dalvikvm(  355): GC_CONCURRENT freed 117K, 64% free 4334K/11924K, paused 5ms+6ms, total 67ms
D/dalvikvm(  355): GC_CONCURRENT freed 261K, 63% free 4491K/11924K, paused 5ms+5ms, total 70ms
D/dalvikvm(  355): GC_CONCURRENT freed 276K, 62% free 4639K/11924K, paused 14ms+13ms, total 90ms
I/PackageManager(  355): /system/app/LiveWallpapersPicker.apk changed; collecting certs
D/dalvikvm(  355): GC_CONCURRENT freed 354K, 61% free 4727K/11924K, paused 5ms+10ms, total 84ms
I/PackageManager(  355): /system/app/Music.apk changed; collecting certs
D/dalvikvm(  355): GC_CONCURRENT freed 1101K, 67% free 4049K/11924K, paused 5ms+10ms, total 77ms
I/PackageManager(  355): /system/app/NetSpeed.apk changed; collecting certs
D/dalvikvm(  355): GC_CONCURRENT freed 338K, 65% free 4195K/11924K, paused 6ms+13ms, total 79ms
I/PackageManager(  355): /system/app/OpenWnn.apk changed; collecting certs
D/dalvikvm(  355): GC_CONCURRENT freed 225K, 63% free 4456K/11924K, paused 4ms+5ms, total 43ms
D/dalvikvm(  355): WAIT_FOR_CONCURRENT_GC blocked 28ms
D/dalvikvm(  355): GC_CONCURRENT freed 652K, 65% free 4223K/11924K, paused 5ms+5ms, total 69ms
D/dalvikvm(  355): GC_CONCURRENT freed 167K, 63% free 4493K/11924K, paused 6ms+4ms, total 121ms
I/PackageManager(  355): /system/app/PacProcessor.apk changed; collecting certs
D/dalvikvm(  355): GC_CONCURRENT freed 438K, 62% free 4532K/11924K, paused 13ms+19ms, total 90ms
I/PackageManager(  355): /system/app/PackageInstaller.apk changed; collecting certs
I/PackageManager(  355): /system/app/PicoTts.apk changed; collecting certs
I/PackageManager(  355): /system/app/PinyinIME.apk changed; collecting certs
D/dalvikvm(  355): GC_CONCURRENT freed 977K, 66% free 4066K/11924K, paused 15ms+4ms, total 61ms
D/dalvikvm(  355): WAIT_FOR_CONCURRENT_GC blocked 27ms
I/PackageManager(  355): /system/app/PrintSpooler.apk changed; collecting certs
D/dalvikvm(  355): GC_CONCURRENT freed 358K, 66% free 4140K/11924K, paused 5ms+13ms, total 79ms
I/PackageManager(  355): /system/app/Protips.apk changed; collecting certs
I/PackageManager(  355): /system/app/QuickSearchBox.apk changed; collecting certs
D/dalvikvm(  355): GC_CONCURRENT freed 447K, 65% free 4190K/11924K, paused 5ms+3ms, total 45ms
D/dalvikvm(  355): WAIT_FOR_CONCURRENT_GC blocked 27ms
D/dalvikvm(  355): GC_CONCURRENT freed 410K, 65% free 4216K/11924K, paused 14ms+4ms, total 99ms
I/PackageManager(  355): /system/app/SdkSetup.apk changed; collecting certs
I/PackageManager(  355): /system/app/SoundRecorder.apk changed; collecting certs
I/PackageManager(  355): /system/app/SpeechRecorder.apk changed; collecting certs
D/dalvikvm(  355): GC_CONCURRENT freed 356K, 64% free 4363K/11924K, paused 12ms+8ms, total 100ms
I/PackageManager(  355): /system/app/TelephonyProvider.apk changed; collecting certs
I/PackageManager(  355): /system/app/UserDictionaryProvider.apk changed; collecting certs
D/PackageManager(  355): No files in app dir /vendor/app
D/dalvikvm(  355): GC_CONCURRENT freed 655K, 65% free 4173K/11924K, paused 14ms+6ms, total 104ms
W/PackageParser(  355): No actions in intent filter at /data/app/ApiDemos.apk Binary XML file line #2899
W/PackageParser(  355): No actions in intent filter at /data/app/ApiDemos.apk Binary XML file line #2905
I/PackageManager(  355): /data/app/ApiDemos.apk changed; collecting certs
D/dalvikvm(  355): GC_CONCURRENT freed 261K, 62% free 4581K/11924K, paused 5ms+4ms, total 91ms
D/dalvikvm(  355): WAIT_FOR_CONCURRENT_GC blocked 3ms
D/dalvikvm(  355): GC_CONCURRENT freed 400K, 62% free 4616K/11924K, paused 14ms+6ms, total 84ms
D/dalvikvm(  355): GC_CONCURRENT freed 285K, 60% free 4781K/11924K, paused 6ms+4ms, total 107ms
D/dalvikvm(  355): GC_CONCURRENT freed 460K, 60% free 4834K/11924K, paused 5ms+3ms, total 75ms
D/dalvikvm(  355): WAIT_FOR_CONCURRENT_GC blocked 32ms
D/dalvikvm(  355): GC_CONCURRENT freed 524K, 60% free 4839K/11924K, paused 5ms+4ms, total 74ms
D/dalvikvm(  355): WAIT_FOR_CONCURRENT_GC blocked 25ms
D/dalvikvm(  355): GC_CONCURRENT freed 533K, 60% free 4842K/11924K, paused 5ms+3ms, total 75ms
D/dalvikvm(  355): WAIT_FOR_CONCURRENT_GC blocked 29ms
D/dalvikvm(  355): GC_CONCURRENT freed 523K, 60% free 4847K/11924K, paused 5ms+4ms, total 75ms
D/dalvikvm(  355): WAIT_FOR_CONCURRENT_GC blocked 25ms
D/dalvikvm(  355): GC_CONCURRENT freed 528K, 60% free 4853K/11924K, paused 6ms+3ms, total 103ms
D/dalvikvm(  355): WAIT_FOR_CONCURRENT_GC blocked 14ms
D/dalvikvm(  355): GC_CONCURRENT freed 529K, 60% free 4856K/11924K, paused 5ms+3ms, total 77ms
D/dalvikvm(  355): WAIT_FOR_CONCURRENT_GC blocked 27ms
D/dalvikvm(  355): GC_CONCURRENT freed 529K, 60% free 4859K/11924K, paused 5ms+3ms, total 75ms
D/dalvikvm(  355): WAIT_FOR_CONCURRENT_GC blocked 32ms
D/dalvikvm(  355): GC_CONCURRENT freed 529K, 60% free 4870K/11924K, paused 6ms+3ms, total 76ms
D/dalvikvm(  355): WAIT_FOR_CONCURRENT_GC blocked 27ms
D/dalvikvm(  355): GC_CONCURRENT freed 542K, 60% free 4866K/11924K, paused 14ms+3ms, total 74ms
D/dalvikvm(  355): WAIT_FOR_CONCURRENT_GC blocked 32ms
D/dalvikvm(  355): GC_CONCURRENT freed 540K, 60% free 4867K/11924K, paused 14ms+3ms, total 94ms
D/dalvikvm(  355): WAIT_FOR_CONCURRENT_GC blocked 9ms
W/PackageManager(  355): Package com.example.android.apis desires unavailable shared library com.example.will.never.exist; ignoring!
I/PackageManager(  355): /data/app/CubeLiveWallpapers.apk changed; collecting certs
D/dalvikvm(  355): GC_CONCURRENT freed 422K, 59% free 4973K/11924K, paused 13ms+16ms, total 92ms
I/PackageManager(  355): /data/app/GestureBuilder.apk changed; collecting certs
I/PackageManager(  355): /data/app/SmokeTest.apk changed; collecting certs
D/dalvikvm(  355): GC_CONCURRENT freed 1135K, 63% free 4414K/11924K, paused 5ms+5ms, total 98ms
I/PackageManager(  355): /data/app/SmokeTestApp.apk changed; collecting certs
I/PackageManager(  355): /data/app/SoftKeyboard.apk changed; collecting certs
D/dalvikvm(  355): GC_CONCURRENT freed 547K, 64% free 4379K/11924K, paused 5ms+3ms, total 70ms
D/dalvikvm(  355): WAIT_FOR_CONCURRENT_GC blocked 22ms
I/PackageManager(  355): /data/app/WidgetPreview.apk changed; collecting certs
W/PackageManager(  355): Package com.example.android.apis desires unavailable shared library com.example.will.never.exist; ignoring!
W/PackageManager(  355): Package com.android.camera desires unavailable shared library com.google.android.media.effects; ignoring!
I/PackageManager(  355): Time to scan packages: 41.557 seconds
W/PackageManager(  355): Not granting permission android.permission.GLOBAL_SEARCH to package com.android.quicksearchbox (protectionLevel=18 flags=0x8be45)
D/dalvikvm(  355): GC_CONCURRENT freed 458K, 64% free 4386K/11924K, paused 5ms+6ms, total 105ms
W/PackageManager(  355): Unknown permission com.android.smspush.WAPPUSH_MANAGER_BIND in package com.android.phone
W/PackageManager(  355): Unknown permission com.google.android.googleapps.permission.GOOGLE_AUTH in package com.android.providers.calendar
W/PackageManager(  355): Unknown permission com.google.android.googleapps.permission.GOOGLE_AUTH.cl in package com.android.providers.calendar
W/PackageManager(  355): Unknown permission com.google.android.googleapps.permission.GOOGLE_AUTH.mail in package com.android.calendar
W/PackageManager(  355): Not granting permission android.permission.ACCESS_DOWNLOAD_MANAGER to package com.android.browser (protectionLevel=18 flags=0x9be45)
W/PackageManager(  355): Not granting permission android.permission.SEND_DOWNLOAD_COMPLETED_INTENTS to package com.android.browser (protectionLevel=2 flags=0x9be45)
W/PackageManager(  355): Not granting permission android.permission.BIND_APPWIDGET to package com.android.widgetpreview (protectionLevel=18 flags=0x8be44)
W/PackageManager(  355): Unknown permission android.permission.INSTALL_DRM in package com.android.mms
W/PackageManager(  355): Unknown permission com.google.android.googleapps.permission.GOOGLE_AUTH in package com.android.settings
W/PackageManager(  355): Unknown permission com.google.android.googleapps.permission.ACCESS_GOOGLE_PASSWORD in package com.android.development
W/PackageManager(  355): Unknown permission com.google.android.googleapps.permission.GOOGLE_AUTH in package com.android.development
W/PackageManager(  355): Unknown permission com.google.android.googleapps.permission.GOOGLE_AUTH.ALL_SERVICES in package com.android.development
W/PackageManager(  355): Unknown permission com.google.android.googleapps.permission.GOOGLE_AUTH.YouTubeUser in package com.android.development
W/PackageManager(  355): Not granting permission android.permission.DELETE_PACKAGES to package com.svox.pico (protectionLevel=18 flags=0x8be45)
W/PackageManager(  355): Not granting permission android.permission.DEVICE_POWER to package com.android.deskclock (protectionLevel=2 flags=0x48be45)
D/dalvikvm(  355): GC_EXPLICIT freed 366K, 64% free 4317K/11924K, paused 5ms+4ms, total 54ms
I/SystemServer(  355): Entropy Mixer
W/EntropyMixer(  355): No existing entropy file -- first boot?
I/EntropyMixer(  355): Writing entropy...
I/SystemServer(  355): User Service
I/SystemServer(  355): Account Manager
I/SystemServer(  355): Content Manager
I/SystemServer(  355): System Content Providers
I/SyncManager(  355): No initial accounts
I/SyncManager(  355): No initial status
W/SyncManagerFile(  355): Error reading pending data.
W/SyncManagerFile(  355): java.io.FileNotFoundException: /data/system/sync/pending.xml: open failed: ENOENT (No such file or directory)
W/SyncManagerFile(  355): 	at libcore.io.IoBridge.open(IoBridge.java:409)
W/SyncManagerFile(  355): 	at java.io.FileInputStream.<init>(FileInputStream.java:78)
W/SyncManagerFile(  355): 	at android.util.AtomicFile.openRead(AtomicFile.java:199)
W/SyncManagerFile(  355): 	at com.android.server.content.SyncStorageEngine.readPendingOperationsLocked(SyncStorageEngine.java:2286)
W/SyncManagerFile(  355): 	at com.android.server.content.SyncStorageEngine.<init>(SyncStorageEngine.java:434)
W/SyncManagerFile(  355): 	at com.android.server.content.SyncStorageEngine.init(SyncStorageEngine.java:454)
W/SyncManagerFile(  355): 	at com.android.server.content.SyncManager.<init>(SyncManager.java:383)
W/SyncManagerFile(  355): 	at com.android.server.content.ContentService.getSyncManager(ContentService.java:75)
W/SyncManagerFile(  355): 	at com.android.server.content.ContentService.notifyChange(ContentService.java:283)
W/SyncManagerFile(  355): 	at android.content.ContentResolver.notifyChange(ContentResolver.java:1621)
W/SyncManagerFile(  355): 	at com.android.providers.settings.SettingsProvider.sendNotify(SettingsProvider.java:262)
W/SyncManagerFile(  355): 	at com.android.providers.settings.SettingsProvider.insertForUser(SettingsProvider.java:941)
W/SyncManagerFile(  355): 	at com.android.providers.settings.SettingsProvider.ensureAndroidIdIsSet(SettingsProvider.java:496)
W/SyncManagerFile(  355): 	at com.android.providers.settings.SettingsProvider.establishDbTracking(SettingsProvider.java:409)
W/SyncManagerFile(  355): 	at com.android.providers.settings.SettingsProvider.onCreate(SettingsProvider.java:335)
W/SyncManagerFile(  355): 	at android.content.ContentProvider.attachInfo(ContentProvider.java:1591)
W/SyncManagerFile(  355): 	at android.content.ContentProvider.attachInfo(ContentProvider.java:1562)
W/SyncManagerFile(  355): 	at android.app.ActivityThread.installProvider(ActivityThread.java:4774)
W/SyncManagerFile(  355): 	at android.app.ActivityThread.installContentProviders(ActivityThread.java:4369)
W/SyncManagerFile(  355): 	at android.app.ActivityThread.installSystemProviders(ActivityThread.java:4929)
W/SyncManagerFile(  355): 	at com.android.server.am.ActivityManagerService.installSystemProviders(ActivityManagerService.java:8081)
W/SyncManagerFile(  355): 	at com.android.server.ServerThread.initAndLoop(SystemServer.java:275)
W/SyncManagerFile(  355): 	at com.android.server.SystemServer.main(SystemServer.java:1179)
W/SyncManagerFile(  355): 	at java.lang.reflect.Method.invokeNative(Native Method)
W/SyncManagerFile(  355): 	at java.lang.reflect.Method.invoke(Method.java:515)
W/SyncManagerFile(  355): 	at com.android.internal.os.ZygoteInit$MethodAndArgsCaller.run(ZygoteInit.java:785)
W/SyncManagerFile(  355): 	at com.android.internal.os.ZygoteInit.main(ZygoteInit.java:601)
W/SyncManagerFile(  355): 	at dalvik.system.NativeStart.main(Native Method)
W/SyncManagerFile(  355): Caused by: libcore.io.ErrnoException: open failed: ENOENT (No such file or directory)
W/SyncManagerFile(  355): 	at libcore.io.Posix.open(Native Method)
W/SyncManagerFile(  355): 	at libcore.io.BlockGuardOs.open(BlockGuardOs.java:110)
W/SyncManagerFile(  355): 	at libcore.io.IoBridge.open(IoBridge.java:393)
W/SyncManagerFile(  355): 	... 27 more
I/SyncManager(  355): No initial statistics
D/SettingsProvider(  355): Generated and saved new ANDROID_ID [9e6e33ffeb95aac2] for user 0
I/SystemServer(  355): Lights Service
I/SystemServer(  355): Battery Service
I/SystemServer(  355): Vibrator Service
I/SystemServer(  355): Consumer IR Service
E/ConsumerIrService(  355): Can't open consumer IR HW Module, error: -2
W/libsuspend(  355): Error writing 'on' to /sys/power/state: Invalid argument
E/libsuspend(  355): Error opening /sys/power/autosleep: No such file or directory
I/libsuspend(  355): Selected wakeup count
D/PermissionCache(   57): checking android.permission.ACCESS_SURFACE_FLINGER for uid=1000 => granted (2321 us)
D/SurfaceFlinger(   57): Screen acquired, type=0 flinger=0xb772f450
D/SurfaceFlinger(   57):  screen was previously acquired
I/SystemServer(  355): Alarm Manager
I/SystemServer(  355): Init Watchdog
I/SystemServer(  355): Input Manager
I/InputManager(  355): Initializing input manager, mUseDevInputEventForAudioJack=false
I/SystemServer(  355): Window Manager
I/WindowManager(  355): No existing display settings /data/system/display_settings.xml; starting empty
D/dalvikvm(  355): GC_CONCURRENT freed 287K, 62% free 4553K/11924K, paused 8ms+5ms, total 156ms
D/dalvikvm(  355): WAIT_FOR_CONCURRENT_GC blocked 7ms
I/WindowManager(  355): No keyguard interface!
I/InputManager(  355): Starting input manager
I/SystemServer(  355): No Bluetooh Service (emulator)
I/SystemServer(  355): Input Method Service
E/EventHub(  355): could not get driver version for /dev/input/mouse0, Not a typewriter
W/EventHub(  355): Unable to disable kernel key repeat for /dev/input/event0: Function not implemented
I/EventHub(  355): New device: id=1, fd=93, path='/dev/input/event0', name='qwerty2', classes=0x2d, configuration='/system/usr/idc/qwerty2.idc', keyLayout='/system/usr/keylayout/qwerty.kl', keyCharacterMap='/system/usr/keychars/qwerty2.kcm', builtinKeyboard=true, usingSuspendBlockIoctl=true, usingClockIoctl=true
E/EventHub(  355): could not get driver version for /dev/input/mice, Not a typewriter
I/InputReader(  355): Device added: id=-1, name='Virtual', sources=0x00000301
I/InputReader(  355):   Touch device 'qwerty2' could not query the properties of its associated display.  The device will be inoperable until the display size becomes available.
I/InputReader(  355): Device added: id=0, name='qwerty2', sources=0x00011307
W/InputMethodManagerService(  355): No IME selected. Choose the most applicable IME.
I/InputMethodManagerService(  355): No default found, using com.android.inputmethod.latin/.LatinIME
I/SystemServer(  355): Accessibility Manager
I/InputReader(  355): Reconfiguring input devices.  changes=0x00000004
I/InputReader(  355): Device reconfigured: id=0, name='qwerty2', size 480x864, orientation 0, mode 1, display id 0
I/ActivityManager(  355): Config changes=1df8 {1.0 ?mcc?mnc en_US ldltr sw480dp w480dp h864dp 160dpi lrg long port ?uimode ?night -touch -keyb/h/h tball/v s.2}
I/ActivityManager(  355): Config changes=408 {1.0 ?mcc?mnc en_US ldltr sw480dp w480dp h839dp 160dpi lrg long port ?uimode ?night finger -keyb/h/h tball/v s.3}
I/SystemServer(  355): Mount Service
D/MountService(  355): got storage path: /storage/sdcard description: USB storage primary: true removable: false emulated: false mtpReserve: 0 allowMassStorage: false maxFileSize: 0
D/MountService(  355): addVolumeLocked() StorageVolume:
D/MountService(  355):     mStorageId=0 mPath=/storage/sdcard mDescriptionId=17040665 mPrimary=true 
D/MountService(  355):     mRemovable=false mEmulated=false mMtpReserveSpace=0 
D/MountService(  355):     mAllowMassStorage=false mMaxFileSize=0 mOwner=null mUuid=null 
D/MountService(  355):     mUserLabel=null mState=null 
I/SystemServer(  355): LockSettingsService
I/SystemServer(  355): Device Policy
I/SystemServer(  355): Status Bar
I/SystemServer(  355): Clipboard Service
I/SystemServer(  355): NetworkManagement Service
I/SystemServer(  355): Text Service Manager Service
W/MountService(  355): Duplicate state transition (unmounted -> unmounted) for /storage/sdcard
W/MountService(  355): getSecureContainerList() called when storage not mounted
I/SystemServer(  355): NetworkStats Service
I/PackageManager(  355): No secure containers on sdcard
I/SystemServer(  355): NetworkPolicy Service
I/SystemServer(  355): Wi-Fi P2pService
W/PackageManager(  355): Not granting permission android.permission.GLOBAL_SEARCH to package com.android.quicksearchbox (protectionLevel=18 flags=0x8be45)
W/PackageManager(  355): Unknown permission com.android.smspush.WAPPUSH_MANAGER_BIND in package com.android.phone
W/PackageManager(  355): Unknown permission com.google.android.googleapps.permission.GOOGLE_AUTH in package com.android.providers.calendar
W/PackageManager(  355): Unknown permission com.google.android.googleapps.permission.GOOGLE_AUTH.cl in package com.android.providers.calendar
W/PackageManager(  355): Unknown permission com.google.android.googleapps.permission.GOOGLE_AUTH.mail in package com.android.calendar
W/PackageManager(  355): Not granting permission android.permission.ACCESS_DOWNLOAD_MANAGER to package com.android.browser (protectionLevel=18 flags=0x9be45)
W/PackageManager(  355): Not granting permission android.permission.SEND_DOWNLOAD_COMPLETED_INTENTS to package com.android.browser (protectionLevel=2 flags=0x9be45)
W/PackageManager(  355): Not granting permission android.permission.BIND_APPWIDGET to package com.android.widgetpreview (protectionLevel=18 flags=0x8be44)
W/PackageManager(  355): Unknown permission android.permission.INSTALL_DRM in package com.android.mms
W/PackageManager(  355): Unknown permission com.google.android.googleapps.permission.GOOGLE_AUTH in package com.android.settings
W/PackageManager(  355): Unknown permission com.google.android.googleapps.permission.ACCESS_GOOGLE_PASSWORD in package com.android.development
W/PackageManager(  355): Unknown permission com.google.android.googleapps.permission.GOOGLE_AUTH in package com.android.development
W/PackageManager(  355): Unknown permission com.google.android.googleapps.permission.GOOGLE_AUTH.ALL_SERVICES in package com.android.development
W/PackageManager(  355): Unknown permission com.google.android.googleapps.permission.GOOGLE_AUTH.YouTubeUser in package com.android.development
W/PackageManager(  355): Not granting permission android.permission.DELETE_PACKAGES to package com.svox.pico (protectionLevel=18 flags=0x8be45)
W/PackageManager(  355): Not granting permission android.permission.DEVICE_POWER to package com.android.deskclock (protectionLevel=2 flags=0x48be45)
D/dalvikvm(  355): GC_CONCURRENT freed 338K, 61% free 4669K/11924K, paused 6ms+5ms, total 96ms
I/SystemServer(  355): Wi-Fi Service
D/WifiController(  355): isAirplaneModeOn = false, isWifiEnabled = false, isScanningAvailable = false
I/SystemServer(  355): Connectivity Service
D/ConnectivityService(  355): ConnectivityService starting up
D/ConnectivityService(  355): wifiOnly=false
E/MobileDataStateTracker(  355): default: Ignoring feature request because could not acquire PhoneService
E/MobileDataStateTracker(  355): default: Could not enable APN type "default"
I/WifiService(  355): WifiService starting up with Wi-Fi disabled
D/SettingsProvider(  355): User 0 external modification to /data/data/com.android.providers.settings/databases/settings.db; event=2
D/SettingsProvider(  355): User 0 updating our caches for /data/data/com.android.providers.settings/databases/settings.db
I/SystemServer(  355): Network Service Discovery Service
D/NsdService(  355): Network service discovery enabled true
I/SystemServer(  355): UpdateLock Service
I/SystemServer(  355): Notification Manager
I/SystemServer(  355): Device Storage Monitor
I/SystemServer(  355): Location Manager
I/SystemServer(  355): Country Detector
I/SystemServer(  355): Search Service
I/SystemServer(  355): DropBox Service
I/SystemServer(  355): Wallpaper Service
W/WallpaperService(  355): no current wallpaper -- first boot?
I/SystemServer(  355): Audio Service
D/dalvikvm(  355): GC_CONCURRENT freed 267K, 60% free 4842K/11924K, paused 4ms+14ms, total 123ms
I/SystemServer(  355): Dock Observer
W/DockObserver(  355): This kernel does not have dock station support
I/SystemServer(  355): Wired Accessory Manager
W/WiredAccessoryManager(  355): This kernel does not have wired headset support
W/WiredAccessoryManager(  355): This kernel does not have usb audio support
W/WiredAccessoryManager(  355): This kernel does not have HDMI audio support
I/SystemServer(  355): USB Service
I/SystemServer(  355): Serial Service
I/SystemServer(  355): Twilight Service
I/SystemServer(  355): UI Mode Manager Service
I/SystemServer(  355): Backup Service
V/BackupManagerService(  355): Initializing package tracking
V/BackupManagerService(  355): No ancestral data
V/BackupManagerService(  355): addPackageParticipantsLocked: all
I/BackupManagerService(  355): Scheduling backup for new app com.android.calendar
D/BackupManagerService(  355): Now staging backup of com.android.calendar
I/BackupManagerService(  355): Scheduling backup for new app com.android.browser
D/BackupManagerService(  355): Now staging backup of com.android.browser
I/BackupManagerService(  355): Scheduling backup for new app com.android.providers.userdictionary
D/BackupManagerService(  355): Now staging backup of com.android.providers.userdictionary
I/BackupManagerService(  355): Scheduling backup for new app com.android.sharedstoragebackup
D/BackupManagerService(  355): Now staging backup of com.android.sharedstoragebackup
I/BackupManagerService(  355): Scheduling backup for new app android
D/BackupManagerService(  355): Now staging backup of android
I/BackupManagerService(  355): Scheduling backup for new app com.android.dialer
D/BackupManagerService(  355): Now staging backup of com.android.dialer
I/BackupManagerService(  355): Scheduling backup for new app com.android.providers.settings
D/BackupManagerService(  355): Now staging backup of com.android.providers.settings
V/BackupManagerService(  355): Starting with transport android/com.android.internal.backup.LocalTransport
V/BackupManagerService(  355): Found transports: 1
I/BackupManagerService(  355): Binding to transport host ComponentInfo{android/com.android.internal.backup.LocalTransportService}
I/BackupManagerService(  355): Backup enabled => true
I/SystemServer(  355): AppWidget Service
I/SystemServer(  355): Recognition Service
I/SystemServer(  355): DiskStats Service
I/SystemServer(  355): SamplingProfiler Service
I/SystemServer(  355): NetworkTimeUpdateService
I/SystemServer(  355): CommonTimeManagementService
I/SystemServer(  355): CertBlacklister
I/SystemServer(  355): Dreams Service
I/SystemServer(  355): Assets Atlas Service
D/Atlas   (  355): Computing best atlas configuration...
D/Atlas   (  355): Running Thread-50
I/WindowManager(  355): SAFE MODE not enabled
I/SystemServer(  355): IdleMaintenanceService
I/SystemServer(  355): Print Service
I/SystemServer(  355): Media Router Service
D/Atlas   (  355): Found best atlas configuration in 0.08s
D/Atlas   (  355): Loaded configuration: SliceMinArea (768x768) flags=0x2 count=24
D/gralloc_goldfish(  355): Emulator without GPU emulation detected.
E/SQLiteLog(  355): (1) no such table: locksettings
I/LockSettingsService(  355): Migrated lock settings to new location
I/LockSettingsService(  355): Migrated per-user lock settings to new location
D/dalvikvm(  355): GC_CONCURRENT freed 306K, 58% free 5010K/11924K, paused 23ms+3ms, total 238ms
I/Zygote  (  355): Process: zygote socket opened
W/AssetAtlasService(  355): Could not find EGL configuration
D/Atlas   (  355): Rendered atlas in 59.44ms (33.65+25.78ms)
V/KeyguardServiceDelegate(  355): *** Keyguard started
V/KeyguardServiceDelegate(  355): onSystemReady() called before keyguard service was ready
I/ActivityManager(  355): Start proc com.android.systemui for service com.android.keyguard/.KeyguardService: pid=466 uid=10007 gids={50007, 1028, 1015, 1035, 3002, 3001}
F/SystemServer(  355): BOOT FAILURE making Package Manager Service ready
F/SystemServer(  355): java.lang.SecurityException: Unable to find app for caller android.app.ActivityThread$ApplicationThread@b3159708 (pid=355) when registering receiver android.app.LoadedApk$ReceiverDispatcher$InnerReceiver@b2ff6bf0
F/SystemServer(  355): 	at com.android.server.am.ActivityManagerService.registerReceiver(ActivityManagerService.java:13021)
F/SystemServer(  355): 	at android.app.ContextImpl.registerReceiverInternal(ContextImpl.java:1450)
F/SystemServer(  355): 	at android.app.ContextImpl.registerReceiverAsUser(ContextImpl.java:1425)
F/SystemServer(  355): 	at com.android.internal.content.PackageMonitor.register(PackageMonitor.java:84)
F/SystemServer(  355): 	at com.android.server.pm.UserManagerService.systemReady(UserManagerService.java:237)
F/SystemServer(  355): 	at com.android.server.pm.PackageManagerService.systemReady(PackageManagerService.java:10476)
F/SystemServer(  355): 	at com.android.server.ServerThread.initAndLoop(SystemServer.java:893)
F/SystemServer(  355): 	at com.android.server.SystemServer.main(SystemServer.java:1179)
F/SystemServer(  355): 	at java.lang.reflect.Method.invokeNative(Native Method)
F/SystemServer(  355): 	at java.lang.reflect.Method.invoke(Method.java:515)
F/SystemServer(  355): 	at com.android.internal.os.ZygoteInit$MethodAndArgsCaller.run(ZygoteInit.java:785)
F/SystemServer(  355): 	at com.android.internal.os.ZygoteInit.main(ZygoteInit.java:601)
F/SystemServer(  355): 	at dalvik.system.NativeStart.main(Native Method)
W/SystemServer(  355): ***********************************************
I/ActivityManager(  355): Sending system update to ComponentInfo{com.android.providers.calendar/com.android.providers.calendar.CalendarUpgradeReceiver} for user 0
I/ActivityManager(  355): Sending system update to ComponentInfo{com.android.providers.contacts/com.android.providers.contacts.ContactsUpgradeReceiver} for user 0
I/ActivityManager(  355): Sending system update to ComponentInfo{com.android.providers.media/com.android.providers.media.MediaUpgradeReceiver} for user 0
I/SystemServer(  355): Enabled StrictMode for system server main thread.
I/ActivityManager(  355): Start proc com.android.providers.calendar for broadcast com.android.providers.calendar/.CalendarUpgradeReceiver: pid=477 uid=10001 gids={50001, 3003, 1028, 1015}
I/Choreographer(  355): Skipped 41 frames!  The application may be doing too much work on its main thread.
W/InputMethodManagerService(  355): Focus gain on non-focused client android.view.inputmethod.InputMethodManager$1@b2e3fc60 (uid=1000 pid=355)
V/BackupManagerService(  355): Connected to transport ComponentInfo{android/com.android.internal.backup.LocalTransportService}
V/BackupManagerService(  355): Registering transport android/com.android.internal.backup.LocalTransportService::android/com.android.internal.backup.LocalTransport = com.android.internal.backup.LocalTransport@b33b9a70
I/ActivityManager(  355): Launching preboot mode app: ProcessRecord{b35f3688 477:com.android.providers.calendar/u0a1}
E/SoundPool(  466): error loading /system/media/audio/ui/Lock.ogg
W/KeyguardViewMediator(  466): failed to load lock sound from /system/media/audio/ui/Lock.ogg
E/SoundPool(  466): error loading /system/media/audio/ui/Unlock.ogg
W/KeyguardViewMediator(  466): failed to load unlock sound from /system/media/audio/ui/Unlock.ogg
V/KeyguardService(  466): onCreate()
V/KeyguardServiceDelegate(  355): *** Keyguard connected (yay!)
V/KeyguardServiceDelegate(  355): **** SHOWN CALLED ****
I/ActivityManager(  355): Start proc android.process.acore for broadcast com.android.providers.contacts/.ContactsUpgradeReceiver: pid=496 uid=10002 gids={50002, 3003, 1028, 1015}
D/dalvikvm(  355): GC_CONCURRENT freed 356K, 58% free 5114K/11924K, paused 16ms+4ms, total 117ms
I/ActivityManager(  355): Launching preboot mode app: ProcessRecord{b33aa0c0 496:android.process.acore/u0a2}
I/ContactsUpgradeReceiver(  496): Creating or opening contacts database
D/dalvikvm(  496): GC_CONCURRENT freed 390K, 15% free 2808K/3272K, paused 5ms+1ms, total 57ms
I/ContactsDatabaseHelper(  496): Bootstrapping database version: 803
D/dalvikvm(  496): GC_CONCURRENT freed 327K, 13% free 2881K/3280K, paused 4ms+13ms, total 41ms
I/ContactsProviderV1(  496): Bootstrapping database legacy support
I/ContactsDatabaseHelper(  496): Bootstrapping database version: 803
D/dalvikvm(  496): GC_CONCURRENT freed 346K, 13% free 2932K/3352K, paused 14ms+4ms, total 40ms
I/ContactsProviderV1(  496): Bootstrapping database legacy support
D/dalvikvm(  496): GC_CONCURRENT freed 340K, 12% free 3013K/3424K, paused 4ms+3ms, total 32ms
I/ContactsProvider(  496): Locale has changed from null to en_US
I/ContactsDatabaseHelper(  496): Switching to locale en_US (ICU v51.1.0.1)
I/ContactsDatabaseHelper(  496): Locale change completed in 503ms
I/ContactsDatabaseHelper(  496): Switching to locale en_US (ICU v51.1.0.1)
D/dalvikvm(  496): GC_CONCURRENT freed 351K, 13% free 3057K/3484K, paused 3ms+10ms, total 40ms
I/ContactsDatabaseHelper(  496): Locale change completed in 470ms
I/ActivityManager(  355): Start proc android.process.media for broadcast com.android.providers.media/.MediaUpgradeReceiver: pid=514 uid=10005 gids={50005, 1028, 1015, 1023, 1024, 2001, 3003, 3007}
I/ActivityManager(  355): Launching preboot mode app: ProcessRecord{b31a6a28 514:android.process.media/u0a5}
I/ActivityManager(  355): Writing new set of last done pre-boot receivers...
I/ActivityManager(  355): Removing system update proc: ProcessRecord{b35f3688 477:com.android.providers.calendar/u0a1}
I/ActivityManager(  355): Killing 477:com.android.providers.calendar/u0a1 (adj 13): system update done
I/ActivityManager(  355): Removing system update proc: ProcessRecord{b33aa0c0 496:android.process.acore/u0a2}
I/ActivityManager(  355): Killing 496:android.process.acore/u0a2 (adj 11): system update done
W/ProcessCpuTracker(  355): Skipping unknown process pid 477
I/ActivityManager(  355): Removing system update proc: ProcessRecord{b31a6a28 514:android.process.media/u0a5}
I/ActivityManager(  355): Killing 514:android.process.media/u0a5 (adj 9): system update done
W/ActivityManager(  355): Can't find mystery application for StrictMode from pid=514 uid=10005: android.os.BinderProxy@b31651d8
I/ActivityManager(  355): System now ready
I/SystemServer(  355): Making services ready
W/ProcessCpuTracker(  355): Skipping unknown process pid 496
D/NetworkManagementService(  355): enabling bandwidth control
I/Vold    (   52): /dev/block/vold/179:0 being considered for volume sdcard
D/Vold    (   52): Volume sdcard state changing 1 (Idle-Unmounted) -> 3 (Checking)
D/MountService(  355): volume state changed for /storage/sdcard (unmounted -> checking)
D/MountService(  355): sendStorageIntent Intent { act=android.intent.action.MEDIA_CHECKING dat=file:///storage/sdcard (has extras) } to UserHandle{-1}
D/SystemUIService(  466): loading: class com.android.systemui.recent.Recents
D/SystemUIService(  466): running: com.android.systemui.recent.Recents@b2dd3128
D/SystemUIService(  466): loading: class com.android.systemui.statusbar.SystemBars
I/fsck_msdos(   52): ** /dev/block/vold/179:0
I/fsck_msdos(   52): Invalid signature in fsinfo block
I/fsck_msdos(   52): FIXED
D/SystemUIService(  466): running: com.android.systemui.statusbar.SystemBars@b2dd3710
D/SystemUIService(  466): loading: class com.android.systemui.usb.StorageNotification
D/SystemUIService(  466): running: com.android.systemui.usb.StorageNotification@b2dd5460
I/fsck_msdos(   52): ** Phase 1 - Read and Compare FATs
I/fsck_msdos(   52): Attempting to allocate 794 KB for FAT
D/SystemUIService(  466): loading: class com.android.systemui.power.PowerUI
D/SystemUIService(  466): running: com.android.systemui.power.PowerUI@b2dd6ac0
D/SystemUIService(  466): loading: class com.android.systemui.media.RingtonePlayer
D/SystemUIService(  466): running: com.android.systemui.media.RingtonePlayer@b2dd7af8
D/SystemUIService(  466): loading: class com.android.systemui.settings.SettingsUI
D/SystemUIService(  466): running: com.android.systemui.settings.SettingsUI@b2dd8de0
I/fsck_msdos(   52): Attempting to allocate 794 KB for FAT
D/PhoneStatusBar(  466): mSettingsPanelGravity = 55
I/StatusBarManagerService(  355): registerStatusBar bar=com.android.internal.statusbar.IStatusBar$Stub$Proxy@b3163970
I/fsck_msdos(   52): ** Phase 2 - Check Cluster Chains
I/fsck_msdos(   52): ** Phase 3 - Checking Directories
I/fsck_msdos(   52): ** Phase 4 - Checking for Lost Files
I/fsck_msdos(   52): Free space in FSInfo block (201592) not correct (201591)
I/fsck_msdos(   52): FIXED
I/fsck_msdos(   52): 1 files, 100795 free (201591 clusters)
I/Vold    (   52): Filesystem check completed OK
D/dalvikvm(  466): GC_CONCURRENT freed 283K, 12% free 2822K/3180K, paused 5ms+3ms, total 152ms
W/Vold    (   52): blkid failed to identify /dev/block/vold/179:0
D/Vold    (   52): Volume sdcard state changing 3 (Checking) -> 4 (Mounted)
I/PackageManager(  355): Updating external media status from unmounted to mounted
D/MountService(  355): volume state changed for /storage/sdcard (checking -> mounted)
D/MountService(  355): sendStorageIntent Intent { act=android.intent.action.MEDIA_MOUNTED dat=file:///storage/sdcard (has extras) } to UserHandle{-1}
E/VoldConnector(  355): NDC Command {3 volume mount /storage/sdcard} took too long (780ms)
I/PackageManager(  355): No secure containers on sdcard
D/dalvikvm(  466): GC_FOR_ALLOC freed 37K, 8% free 2947K/3180K, paused 54ms, total 56ms
D/dalvikvm(  355): GC_CONCURRENT freed 417K, 57% free 5242K/11924K, paused 356ms+5ms, total 600ms
W/PackageManager(  355): Not granting permission android.permission.GLOBAL_SEARCH to package com.android.quicksearchbox (protectionLevel=18 flags=0x88be45)
W/PackageManager(  355): Unknown permission com.android.smspush.WAPPUSH_MANAGER_BIND in package com.android.phone
W/PackageManager(  355): Unknown permission com.google.android.googleapps.permission.GOOGLE_AUTH in package com.android.providers.calendar
W/PackageManager(  355): Unknown permission com.google.android.googleapps.permission.GOOGLE_AUTH.cl in package com.android.providers.calendar
W/PackageManager(  355): Unknown permission com.google.android.googleapps.permission.GOOGLE_AUTH.mail in package com.android.calendar
W/PackageManager(  355): Not granting permission android.permission.ACCESS_DOWNLOAD_MANAGER to package com.android.browser (protectionLevel=18 flags=0x89be45)
W/PackageManager(  355): Not granting permission android.permission.SEND_DOWNLOAD_COMPLETED_INTENTS to package com.android.browser (protectionLevel=2 flags=0x89be45)
W/PackageManager(  355): Not granting permission android.permission.BIND_APPWIDGET to package com.android.widgetpreview (protectionLevel=18 flags=0x8be44)
W/PackageManager(  355): Unknown permission android.permission.INSTALL_DRM in package com.android.mms
W/PackageManager(  355): Unknown permission com.google.android.googleapps.permission.GOOGLE_AUTH in package com.android.settings
W/PackageManager(  355): Unknown permission com.google.android.googleapps.permission.ACCESS_GOOGLE_PASSWORD in package com.android.development
W/PackageManager(  355): Unknown permission com.google.android.googleapps.permission.GOOGLE_AUTH in package com.android.development
W/PackageManager(  355): Unknown permission com.google.android.googleapps.permission.GOOGLE_AUTH.ALL_SERVICES in package com.android.development
W/PackageManager(  355): Unknown permission com.google.android.googleapps.permission.GOOGLE_AUTH.YouTubeUser in package com.android.development
W/PackageManager(  355): Not granting permission android.permission.DELETE_PACKAGES to package com.svox.pico (protectionLevel=18 flags=0x88be45)
W/PackageManager(  355): Not granting permission android.permission.DEVICE_POWER to package com.android.deskclock (protectionLevel=2 flags=0xc8be45)
E/BluetoothAdapter(  466): Bluetooth binder is null
E/BluetoothAdapter(  466): Bluetooth binder is null
E/BluetoothAdapter(  466): Bluetooth binder is null
D/dalvikvm(  466): GC_CONCURRENT freed 60K, 5% free 3305K/3456K, paused 33ms+2ms, total 101ms
E/BluetoothAdapter(  466): Bluetooth binder is null
I/ActivityManager(  355): Start proc android.process.acore for content provider com.android.providers.contacts/.ContactsProvider2: pid=566 uid=10002 gids={50002, 3003, 1028, 1015}
E/NetdConnector(  355): NDC Command {1 bandwidth enable} took too long (3064ms)
D/PhoneStatusBar(  466): disable: < expand icons alerts ticker system_info back home recent clock search >
E/BluetoothAdapter(  466): Bluetooth binder is null
D/PhoneStatusBar(  466): heads up is disabled
I/Choreographer(  466): Skipped 473 frames!  The application may be doing too much work on its main thread.
E/NetdConnector(  355): NDC Command {2 firewall disable} took too long (649ms)
D/dalvikvm(  466): GC_CONCURRENT freed 136K, 6% free 3556K/3764K, paused 14ms+2ms, total 170ms
I/Choreographer(  466): Skipped 251 frames!  The application may be doing too much work on its main thread.
D/gralloc_goldfish(  466): Emulator without GPU emulation detected.
D/dalvikvm(  566): GC_CONCURRENT freed 254K, 10% free 2955K/3280K, paused 62ms+2ms, total 224ms
D/dalvikvm(  566): WAIT_FOR_CONCURRENT_GC blocked 67ms
D/dalvikvm(  566): WAIT_FOR_CONCURRENT_GC blocked 71ms
I/Choreographer(  466): Skipped 89 frames!  The application may be doing too much work on its main thread.
E/NetdConnector(  355): NDC Command {5 firewall disable} took too long (551ms)
I/ActivityManager(  355): Config changes=200 {1.0 ?mcc?mnc en_US ldltr sw480dp w480dp h839dp 160dpi lrg long port finger -keyb/h/h tball/v s.4}
W/RecognitionManagerService(  355): no available voice recognition services found for user 0
D/PhoneStatusBar(  466): mSettingsPanelGravity = 55
W/AppWidgetServiceImpl(  355): Failed to read state: java.io.FileNotFoundException: /data/system/users/0/appwidgets.xml: open failed: ENOENT (No such file or directory)
W/InputMethodManagerService(  355): Ignoring setImeWindowStatus of uid 1000 token: null
D/dalvikvm(  355): GC_CONCURRENT freed 630K, 56% free 5250K/11924K, paused 12ms+4ms, total 103ms
D/dalvikvm(  355): WAIT_FOR_CONCURRENT_GC blocked 24ms
D/dalvikvm(  355): WAIT_FOR_CONCURRENT_GC blocked 34ms
W/InputMethodUtils(  355): Found no subtypes in a system IME: com.android.inputmethod.pinyin
W/InputMethodManagerService(  355): Reset the default IME as "Resource" is ready here.
W/InputMethodUtils(  355): Found no subtypes in a system IME: com.android.inputmethod.pinyin
I/InputMethodManagerService(  355): Selected default: com.android.inputmethod.latin/.LatinIME
I/ActivityManager(  355): Start proc com.android.inputmethod.latin for service com.android.inputmethod.latin/.LatinIME: pid=604 uid=10029 gids={50029, 1028, 1015}
I/ActivityManager(  355): Config changes=20 {1.0 ?mcc?mnc en_US ldltr sw480dp w480dp h839dp 160dpi lrg long port finger -keyb/v/h tball/v s.5}
V/InputMethodManagerService(  355): Adding window token: android.os.Binder@b35e6a90
W/GpsLocationProvider(  355): Could not open GPS configuration file /etc/gps.conf
W/ServiceWatcher(  355): com.google.android.location not found
W/ServiceWatcher(  355): com.google.android.location not found
W/ServiceWatcher(  355): com.google.android.location not found
W/LocationManagerService(  355): no network location provider found
W/ServiceWatcher(  355): com.google.android.location not found
E/FlpHardwareProvider(  355): Error hw_get_module 'flp': -2
E/LocationManagerService(  355): no geocoder provider found
W/InputMethodManagerService(  355): Illegal subtype state: old subtype = null, new subtype = android.view.inputmethod.InputMethodSubtype@c9194f98
W/ServiceWatcher(  355): com.google.android.location not found
E/FlpHardwareProvider(  355): Error hw_get_module 'flp': -2
W/ServiceWatcher(  355): com.google.android.location not found
E/LocationManagerService(  355): No FusedProvider found.
E/LocationManagerService(  355): no geofence provider found
D/dalvikvm(  466): GC_FOR_ALLOC freed 94K, 6% free 3562K/3764K, paused 66ms, total 66ms
I/CommonTimeManagementService(  355): No common time service detected on this platform.  Common time services will be unavailable.
I/InputReader(  355): Reconfiguring input devices.  changes=0x00000020
I/InputReader(  355): Reconfiguring input devices.  changes=0x00000010
I/ActivityManager(  355): Start proc com.android.phone for added application com.android.phone: pid=614 uid=1001 gids={41001, 3002, 3001, 3003, 1028, 1015}
I/dalvikvm-heap(  466): Grow heap (frag case) to 6.475MB for 3072016-byte allocation
I/ActivityManager(  355): START u0 {act=android.intent.action.MAIN cat=[android.intent.category.HOME] flg=0x10000000 cmp=com.android.settings/.CryptKeeper} from pid 0
D/dalvikvm(  466): GC_CONCURRENT freed 3K, 4% free 6558K/6768K, paused 4ms+2ms, total 121ms
I/ActivityManager(  355): Start proc com.android.settings for activity com.android.settings/.CryptKeeper: pid=628 uid=1000 gids={41000, 1028, 1015, 3002, 3001, 3003}
I/ActivityManager(  355): Start proc android.process.media for broadcast com.android.providers.downloads/.DownloadReceiver: pid=641 uid=10005 gids={50005, 1028, 1015, 1023, 1024, 2001, 3003, 3007}
D/dalvikvm(   58): GC_EXPLICIT freed 38K, 4% free 2705K/2816K, paused 3ms+2ms, total 49ms
D/dalvikvm(   58): GC_EXPLICIT freed <1K, 4% free 2705K/2816K, paused 4ms+2ms, total 35ms
D/dalvikvm(   58): GC_EXPLICIT freed <1K, 4% free 2705K/2816K, paused 2ms+2ms, total 43ms
D/dalvikvm(  466): GC_FOR_ALLOC freed 3003K, 6% free 3562K/3764K, paused 42ms, total 43ms
I/dalvikvm-heap(  466): Grow heap (frag case) to 6.476MB for 3072016-byte allocation
D/dalvikvm(  466): GC_CONCURRENT freed <1K, 4% free 6562K/6768K, paused 4ms+12ms, total 41ms
D/PhoneStatusBar(  466): mSettingsPanelGravity = 55
D/dalvikvm(  355): GC_CONCURRENT freed 485K, 56% free 5351K/11924K, paused 257ms+5ms, total 676ms
I/LatinIME(  604): Hardware accelerated drawing: true
I/ActivityManager(  355): START u0 {act=android.intent.action.MAIN cat=[android.intent.category.HOME] flg=0x10000000 cmp=com.android.sdksetup/.DefaultActivity} from pid 0
W/WindowManager(  355): Window freeze timeout expired.
W/WindowManager(  355): Force clearing orientation change: Window{b3226918 u0 StatusBar}
W/WindowManager(  355): Force clearing orientation change: Window{b2e5cfd0 u0 com.android.systemui.ImageWallpaper}
I/ActivityManager(  355): Start proc com.android.sdksetup for activity com.android.sdksetup/.DefaultActivity: pid=662 uid=10042 gids={50042}
V/StatusBar(  466): userId 0 is in the house
I/Choreographer(  466): Skipped 202 frames!  The application may be doing too much work on its main thread.
I/Choreographer(  466): Skipped 89 frames!  The application may be doing too much work on its main thread.
I/ActivityManager(  355): Start proc com.android.printspooler for service com.android.printspooler/.PrintSpoolerService: pid=677 uid=10039 gids={50039}
W/InputAttributes(  604): No editor info for this field. Bug?
I/ActivityManager(  355): Force stopping com.android.sdksetup appid=10042 user=0: pkg changed
I/ActivityManager(  355): Killing 662:com.android.sdksetup/u0a42 (adj 0): stop com.android.sdksetup
I/ActivityManager(  355):   Force finishing activity ActivityRecord{b2f8ae30 u0 com.android.sdksetup/.DefaultActivity t2}
I/ActivityManager(  355): START u0 {act=android.intent.action.MAIN cat=[android.intent.category.HOME] flg=0x10000000 cmp=com.android.launcher/com.android.launcher2.Launcher} from pid 0
I/ActivityManager(  355): Start proc com.android.launcher for activity com.android.launcher/com.android.launcher2.Launcher: pid=693 uid=10008 gids={50008}
I/ResourceUtils(  604): Found default value: resource=keypress_vibration_durations build=[HARDWARE=goldfish MODEL=sdk BRAND=generic MANUFACTURER=unknown] default=-1
I/ResourceUtils(  604): Found default value: resource=keypress_volumes build=[HARDWARE=goldfish MODEL=sdk BRAND=generic MANUFACTURER=unknown] default=-1.0f
D/dalvikvm(  604): GC_CONCURRENT freed 224K, 10% free 2901K/3200K, paused 3ms+98ms, total 229ms
D/dalvikvm(  355): GC_CONCURRENT freed 633K, 55% free 5383K/11924K, paused 84ms+4ms, total 318ms
D/dalvikvm(  355): WAIT_FOR_CONCURRENT_GC blocked 83ms
D/dalvikvm(  355): WAIT_FOR_CONCURRENT_GC blocked 78ms
D/dalvikvm(  355): WAIT_FOR_CONCURRENT_GC blocked 70ms
D/dalvikvm(  355): WAIT_FOR_CONCURRENT_GC blocked 55ms
I/InputReader(  355): Reconfiguring input devices.  changes=0x00000010
I/PrintSpoolerService(  677): No existing print spooler state.
I/LatinIME:LogUtils(  604): Dictionary info: dictionary = personalization.en_US.dict ; version = ? ; date = 1545730332
I/LatinIME:LogUtils(  604): Dictionary info: dictionary = PersonalizationPredictionDictio ; version = ? ; date = 1545730332
I/LatinIME:LogUtils(  604): Dictionary info: dictionary = UserHistoryDictionary.en_US.dic ; version = ? ; date = 1545730332
W/BackupManagerService(  355): dataChanged but no participant pkg='com.android.providers.settings' uid=1001
I/LatinIME:LogUtils(  604): Dictionary info: dictionary = userunigram.en_US.dict ; version = ? ; date = ?
I/PackageManager(  355):   Action: "android.intent.action.SENDTO"
I/PackageManager(  355):   Category: "android.intent.category.DEFAULT"
I/PackageManager(  355):   Scheme: "sms"
I/PackageManager(  355): Adding preferred activity ComponentInfo{com.android.mms/com.android.mms.ui.ComposeMessageActivity} for user 0 :
D/dalvikvm(  614): GC_CONCURRENT freed 180K, 8% free 2926K/3180K, paused 53ms+3ms, total 272ms
I/PackageManager(  355):   Action: "android.intent.action.SENDTO"
I/PackageManager(  355):   Category: "android.intent.category.DEFAULT"
I/PackageManager(  355):   Scheme: "smsto"
I/PackageManager(  355): Adding preferred activity ComponentInfo{com.android.mms/com.android.mms.ui.ComposeMessageActivity} for user 0 :
I/PackageManager(  355):   Action: "android.intent.action.SENDTO"
I/PackageManager(  355):   Category: "android.intent.category.DEFAULT"
I/PackageManager(  355):   Scheme: "mms"
I/PackageManager(  355): Adding preferred activity ComponentInfo{com.android.mms/com.android.mms.ui.ComposeMessageActivity} for user 0 :
D/dalvikvm(  355): GC_CONCURRENT freed 653K, 55% free 5404K/11924K, paused 7ms+35ms, total 225ms
D/dalvikvm(  355): WAIT_FOR_CONCURRENT_GC blocked 140ms
D/dalvikvm(  355): WAIT_FOR_CONCURRENT_GC blocked 140ms
D/dalvikvm(  355): WAIT_FOR_CONCURRENT_GC blocked 126ms
I/PackageManager(  355):   Action: "android.intent.action.SENDTO"
I/PackageManager(  355):   Category: "android.intent.category.DEFAULT"
I/PackageManager(  355):   Scheme: "mmsto"
I/PackageManager(  355): Adding preferred activity ComponentInfo{com.android.mms/com.android.mms.ui.ComposeMessageActivity} for user 0 :
I/PackageManager(  355):   Action: "android.intent.action.SENDTO"
I/PackageManager(  355):   Category: "android.intent.category.DEFAULT"
I/PackageManager(  355):   Scheme: "sms"
I/PackageManager(  355): Adding preferred activity ComponentInfo{com.android.mms/com.android.mms.ui.ComposeMessageActivity} for user 0 :
I/PackageManager(  355):   Action: "android.intent.action.SENDTO"
I/PackageManager(  355):   Category: "android.intent.category.DEFAULT"
I/PackageManager(  355):   Scheme: "smsto"
I/PackageManager(  355): Adding preferred activity ComponentInfo{com.android.mms/com.android.mms.ui.ComposeMessageActivity} for user 0 :
I/PackageManager(  355):   Action: "android.intent.action.SENDTO"
I/PackageManager(  355):   Category: "android.intent.category.DEFAULT"
I/PackageManager(  355):   Scheme: "mms"
I/PackageManager(  355): Adding preferred activity ComponentInfo{com.android.mms/com.android.mms.ui.ComposeMessageActivity} for user 0 :
