I/ActivityManager(  372): Start proc com.android.music for broadcast com.android.music/.MediaButtonIntentReceiver: pid=889 uid=10032 gids={50032, 3003, 1028, 1015}
I/dalvikvm(  889): CheckJNI enabled: not enabling JNI app bug workarounds.
I/ContactDirectoryManager(  549): deleted 0 stale rows which don't have any relevant directory
E/BluetoothAdapter(  608): Bluetooth binder is null
I/MediaFocusControl(  372):   Remote Control   registerMediaButtonIntent() for PendingIntent{b36d2ca8: PendingIntentRecord{b3324b20 com.android.music broadcastIntent}}
I/ActivityManager(  372): Start proc com.android.calendar for broadcast com.android.calendar/.widget.CalendarAppWidgetService$CalendarFactory: pid=906 uid=10016 gids={50016, 3003}
I/ContactDirectoryManager(  549): Discovered 0 contact directories in 8294ms
D/ConnectivityService(  372): [CheckMp] isMobileOk: not connected ni=NetworkInfo: type: mobile_hipri[UMTS], state: DISCONNECTED/IDLE, reason: (unspecified), extra: (none), roaming: false, failover: false, isAvailable: true, isConnectedToProvisioningNetwork: false
D/ActivityThread(  879): Loading provider com.android.email.provider;com.android.email.notifier: com.android.email.provider.EmailProvider
D/ExtensionsFactory(  906): No custom extensions.
I/ContactsProvider(  549): Upgrading aggregation algorithm
I/ContactAggregator(  549): Marked all visible contacts for aggregation: 0 raw contacts, 35 ms
I/ContactsProvider(  549): Aggregation algorithm upgraded for 0 raw contacts in 133ms
D/dalvikvm(  372): GC_CONCURRENT freed 494K, 55% free 5714K/12496K, paused 27ms+5ms, total 80ms
W/RecognitionManagerService(  372): no available voice recognition services found for user 0
V/MediaScanner(  618): pruneDeadThumbnailFiles... android.database.sqlite.SQLiteCursor@b2dadd10
V/MediaScanner(  618): /pruneDeadThumbnailFiles... android.database.sqlite.SQLiteCursor@b2dadd10
D/dalvikvm(  549): GC_CONCURRENT freed 252K, 10% free 3078K/3400K, paused 4ms+4ms, total 79ms
I/ContactsFTS(  549): Rebuild contact search index in 425ms, 0 contacts
D/ConnectivityService(  372): [CheckMp] isMobileOk: not connected ni=NetworkInfo: type: mobile_hipri[UMTS], state: DISCONNECTED/IDLE, reason: (unspecified), extra: (none), roaming: false, failover: false, isAvailable: true, isConnectedToProvisioningNetwork: false
D/dalvikvm(  879): GC_CONCURRENT freed 206K, 9% free 2884K/3164K, paused 3ms+4ms, total 44ms
I/ActivityManager(  372): Start proc com.android.deskclock for broadcast com.android.deskclock/.AlarmInitReceiver: pid=928 uid=10020 gids={50020, 1028}
I/ActivityManager(  372): Start proc com.android.providers.calendar for content provider com.android.providers.calendar/.CalendarProvider2: pid=932 uid=10001 gids={50001, 3003, 1028, 1015}
D/dalvikvm(   58): GC_EXPLICIT freed 40K, 4% free 2705K/2816K, paused 2ms+2ms, total 59ms
D/dalvikvm(   58): GC_EXPLICIT freed <1K, 4% free 2705K/2816K, paused 2ms+2ms, total 44ms
D/dalvikvm(   58): GC_EXPLICIT freed <1K, 4% free 2705K/2816K, paused 2ms+2ms, total 42ms
I/CalendarDatabaseHelper(  932): Bootstrapping database
I/CalendarProvider2(  932): Created com.android.providers.calendar.CalendarAlarmManager@b2da18b8(com.android.providers.calendar.CalendarProvider2@b2d8df90)
D/ConnectivityService(  372): [CheckMp] isMobileOk: not connected ni=NetworkInfo: type: mobile_hipri[UMTS], state: DISCONNECTED/IDLE, reason: (unspecified), extra: (none), roaming: false, failover: false, isAvailable: true, isConnectedToProvisioningNetwork: false
V/AlarmClock(  928): AlarmInitReceiver android.intent.action.TIMEZONE_CHANGED
W/ActivityManager(  372): Unable to start service Intent { cmp=com.android.email/.service.AttachmentDownloadService } U=0: not found
W/ActivityManager(  372): Unable to start service Intent { cmp=com.android.email/.service.AttachmentDownloadService } U=0: not found
I/Email   (  879): Observing account changes for notifications
I/AlarmClock(  928): Alarms Table created
I/AlarmClock(  928): Instance table created
I/AlarmClock(  928): Cities table created
I/AlarmClock(  928): Inserting default alarms
I/AlarmClock(  928): Displaying next alarm time: ''
W/BackupManagerService(  372): dataChanged but no participant pkg='com.android.providers.settings' uid=10020
V/AlarmClock(  928): AlarmInitReceiver finished
E/BluetoothAdapter(  608): Bluetooth binder is null
I/ActivityManager(  372): Start proc com.android.dialer for broadcast com.android.dialer/.calllog.CallLogReceiver: pid=960 uid=10004 gids={50004, 3003, 1028, 1015}
D/ExtensionsFactory(  960): No custom extensions.
I/ActivityManager(  372): Delay finish: com.android.dialer/.calllog.CallLogReceiver
I/CalendarProvider2(  932): Sending notification intent: Intent { act=android.intent.action.PROVIDER_CHANGED dat=content://com.android.calendar }
W/ContentResolver(  932): Failed to get type for: content://com.android.calendar (Unknown URL content://com.android.calendar)
I/ActivityManager(  372): Resuming delayed broadcast
E/BluetoothAdapter(  372): Bluetooth binder is null
E/BluetoothAdapter(  372): Bluetooth binder is null
V/WiredAccessoryManager(  372): init()
E/SoundPool(  372): error loading /system/media/audio/ui/Effect_Tick.ogg
W/AudioService(  372): Soundpool could not load file: /system/media/audio/ui/Effect_Tick.ogg
I/PowerManagerService(  372): Boot animation finished.
E/SoundPool(  372): error loading /system/media/audio/ui/Effect_Tick.ogg
W/AudioService(  372): Soundpool could not load file: /system/media/audio/ui/Effect_Tick.ogg
E/SoundPool(  372): error loading /system/media/audio/ui/Effect_Tick.ogg
W/AudioService(  372): Soundpool could not load file: /system/media/audio/ui/Effect_Tick.ogg
E/SoundPool(  372): error loading /system/media/audio/ui/Effect_Tick.ogg
W/AudioService(  372): Soundpool could not load file: /system/media/audio/ui/Effect_Tick.ogg
E/SoundPool(  372): error loading /system/media/audio/ui/Effect_Tick.ogg
W/AudioService(  372): Soundpool could not load file: /system/media/audio/ui/Effect_Tick.ogg
E/SoundPool(  372): error loading /system/media/audio/ui/KeypressStandard.ogg
W/AudioService(  372): Soundpool could not load file: /system/media/audio/ui/KeypressStandard.ogg
E/SoundPool(  372): error loading /system/media/audio/ui/KeypressSpacebar.ogg
W/AudioService(  372): Soundpool could not load file: /system/media/audio/ui/KeypressSpacebar.ogg
E/SoundPool(  372): error loading /system/media/audio/ui/KeypressDelete.ogg
W/AudioService(  372): Soundpool could not load file: /system/media/audio/ui/KeypressDelete.ogg
E/SoundPool(  372): error loading /system/media/audio/ui/KeypressReturn.ogg
W/AudioService(  372): Soundpool could not load file: /system/media/audio/ui/KeypressReturn.ogg
E/SoundPool(  372): error loading /system/media/audio/ui/KeypressInvalid.ogg
W/AudioService(  372): Soundpool could not load file: /system/media/audio/ui/KeypressInvalid.ogg
W/AudioService(  372): onLoadSoundEffects(), Error -1 while loading samples
D/dalvikvm(  597): GC_CONCURRENT freed 457K, 17% free 3291K/3956K, paused 3ms+2ms, total 60ms
D/ConnectivityService(  372): [CheckMp] isMobileOk: not connected ni=NetworkInfo: type: mobile_hipri[UMTS], state: DISCONNECTED/IDLE, reason: (unspecified), extra: (none), roaming: false, failover: false, isAvailable: true, isConnectedToProvisioningNetwork: false
I/RecoverySystem(  372): No recovery log file
I/BootReceiver(  372): Copying audit failures to DropBox
I/BootReceiver(  372): Checking for fsck errors
I/ActivityManager(  372): Start proc com.android.mms for broadcast com.android.mms/.transaction.MmsSystemEventReceiver: pid=985 uid=10009 gids={50009, 3003, 1028, 1015}
D/dalvikvm(  372): GC_FOR_ALLOC freed 697K, 55% free 5738K/12496K, paused 56ms, total 58ms
D/dalvikvm(  372): GC_CONCURRENT freed 23K, 54% free 5777K/12496K, paused 5ms+5ms, total 85ms
D/CountryDetector(  372): The first listener is added
V/MmsConfig(  985): mnc/mcc: 310260
V/MmsConfig(  985): tag: bool value: enabledMMS - true
V/MmsConfig(  985): tag: int value: maxMessageSize - 307200
V/MmsConfig(  985): tag: int value: maxImageHeight - 480
V/MmsConfig(  985): tag: int value: maxImageWidth - 640
V/MmsConfig(  985): tag: int value: defaultSMSMessagesPerThread - 10000
V/MmsConfig(  985): tag: int value: defaultMMSMessagesPerThread - 1000
V/MmsConfig(  985): tag: int value: minMessageCountPerThread - 10
V/MmsConfig(  985): tag: int value: maxMessageCountPerThread - 5000
V/MmsConfig(  985): tag: string value: uaProfUrl - http://www.google.com/oha/rdf/ua-profile-kila.xml
V/MmsConfig(  985): tag: int value: recipientLimit - -1
V/MmsConfig(  985): tag: bool value: enableMultipartSMS - true
V/MmsConfig(  985): tag: int value: smsToMmsTextThreshold - -1
V/MmsConfig(  985): tag: bool value: enableSlideDuration - true
V/MmsConfig(  985): tag: int value: maxMessageTextSize - -1
I/MediaProvider(  618): Upgrading media database from version 0 to 700, which will destroy all old data
D/ConnectivityService(  372): [CheckMp] isMobileOk: not connected ni=NetworkInfo: type: mobile_hipri[UMTS], state: DISCONNECTED/IDLE, reason: (unspecified), extra: (none), roaming: false, failover: false, isAvailable: true, isConnectedToProvisioningNetwork: false
E/SQLiteLog(  618): (1) no such table: files
E/WVMExtractor(   60): Failed to open libwvm.so
D/ConnectivityService(  372): [CheckMp] isMobileOk: not connected ni=NetworkInfo: type: mobile_hipri[UMTS], state: DISCONNECTED/IDLE, reason: (unspecified), extra: (none), roaming: false, failover: false, isAvailable: true, isConnectedToProvisioningNetwork: false
D/dalvikvm(  618): GC_CONCURRENT freed 275K, 11% free 3041K/3384K, paused 5ms+3ms, total 51ms
V/MediaScanner(  618): pruneDeadThumbnailFiles... android.database.sqlite.SQLiteCursor@b2e02fa0
V/MediaScanner(  618): /pruneDeadThumbnailFiles... android.database.sqlite.SQLiteCursor@b2e02fa0
E/MetadataRetrieverClient(   60): failed to extract an album art
D/Mms:app (  985): cancelNotification
I/ActivityManager(  372): Delay finish: com.android.mms/.transaction.SmsReceiver
D/MmsSmsDatabaseHelper(  597): [MmsSmsDb] tableName: threads hasAutoIncrement: CREATE TABLE threads (_id INTEGER PRIMARY KEY AUTOINCREMENT,date INTEGER DEFAULT 0,message_count INTEGER DEFAULT 0,recipient_ids TEXT,snippet TEXT,snippet_cs INTEGER DEFAULT 0,read INTEGER DEFAULT 1,type INTEGER DEFAULT 0,error INTEGER DEFAULT 0,has_attachment INTEGER DEFAULT 0) result: true
D/MmsSmsDatabaseHelper(  597): [MmsSmsDb] tableName: canonical_addresses hasAutoIncrement: CREATE TABLE canonical_addresses (_id INTEGER PRIMARY KEY AUTOINCREMENT,address TEXT) result: true
D/MmsSmsDatabaseHelper(  597): [MmsSmsDb] tableName: part hasAutoIncrement: CREATE TABLE part (_id INTEGER PRIMARY KEY AUTOINCREMENT,mid INTEGER,seq INTEGER DEFAULT 0,ct TEXT,name TEXT,chset INTEGER,cd TEXT,fn TEXT,cid TEXT,cl TEXT,ctt_s INTEGER,ctt_t TEXT,_data TEXT,text TEXT) result: true
D/MmsSmsDatabaseHelper(  597): [MmsSmsDb] tableName: pdu hasAutoIncrement: CREATE TABLE pdu (_id INTEGER PRIMARY KEY AUTOINCREMENT,thread_id INTEGER,date INTEGER,date_sent INTEGER DEFAULT 0,msg_box INTEGER,read INTEGER DEFAULT 0,m_id TEXT,sub TEXT,sub_cs INTEGER,ct_t TEXT,ct_l TEXT,exp INTEGER,m_cls TEXT,m_type INTEGER,v INTEGER,m_size INTEGER,pri INTEGER,rr INTEGER,rpt_a INTEGER,resp_st INTEGER,st INTEGER,tr_id TEXT,retr_st INTEGER,retr_txt TEXT,retr_txt_cs INTEGER,read_status INTEGER,ct_cls INTEGER,resp_txt TEXT,d_tm INTEGER,d_rpt INTEGER,locked INTEGER DEFAULT 0,seen INTEGER DEFAULT 0,text_only INTEGER DEFAULT 0) result: true
D/MmsSmsDatabaseHelper(  597): [getWritableDatabase] hasAutoIncrementThreads: true hasAutoIncrementAddresses: true hasAutoIncrementPart: true hasAutoIncrementPdu: true
I/ActivityManager(  372): Resuming delayed broadcast
D/AlertReceiver(  906): onReceive: a=android.intent.action.BOOT_COMPLETED Intent { act=android.intent.action.BOOT_COMPLETED flg=0x8000010 cmp=com.android.calendar/.alerts.AlertReceiver (has extras) }
I/ActivityManager(  372): Delay finish: com.android.calendar/.alerts.AlertReceiver
D/AlertUtils(  906): Flushing old alerts from shared prefs table
D/AlertService(  906): 0 Action = android.intent.action.BOOT_COMPLETED
D/AlertService(  906): Scheduling next alarm with AlarmScheduler. sEventReminderReceived: null
D/ConnectivityService(  372): [CheckMp] isMobileOk: not connected ni=NetworkInfo: type: mobile_hipri[UMTS], state: DISCONNECTED/IDLE, reason: (unspecified), extra: (none), roaming: false, failover: false, isAvailable: true, isConnectedToProvisioningNetwork: false
D/dalvikvm(  906): GC_CONCURRENT freed 284K, 12% free 2834K/3192K, paused 4ms+2ms, total 99ms
D/Mms:app (  985): cancelNotification
D/AlarmScheduler(  906): No events found starting within 1 week.
V/AlarmClock(  928): AlarmInitReceiver android.intent.action.BOOT_COMPLETED
I/ActivityManager(  372): Resuming delayed broadcast
V/AlarmClock(  928): AlarmInitReceiver - Reset timers and clear stopwatch data
V/AlarmClock(  928): AlarmInitReceiver - resetting volume button default
I/AlarmClock(  928): Displaying next alarm time: ''
D/dalvikvm(  928): GC_CONCURRENT freed 369K, 14% free 2840K/3284K, paused 4ms+33ms, total 82ms
D/dalvikvm(  928): WAIT_FOR_CONCURRENT_GC blocked 23ms
V/AlarmClock(  928): AlarmInitReceiver finished
I/ActivityManager(  372): Delay finish: com.android.email/.service.EmailUpgradeBroadcastReceiver
I/ActivityManager(  372): Resuming delayed broadcast
I/ActivityManager(  372): Delay finish: com.android.email/.service.EmailBroadcastReceiver
I/Email   (  879): Onetime initialization: 1
I/Email   (  879): Onetime initialization: 2
I/Email   (  879): Onetime initialization: completed.
I/ActivityManager(  372): Delaying start of: ServiceRecord{b3692350 u0 com.android.exchange/.service.EmailSyncAdapterService}
I/ActivityManager(  372): Resuming delayed broadcast
I/LauncherIconVisibilityManager(  583): Boot has been completed
I/LauncherIconVisibilityManager(  583): Disable activity: ComponentInfo{com.android.inputmethod.latin/com.android.inputmethod.latin.setup.SetupActivity}
I/ActivityManager(  372): Delay finish: com.android.deskclock/com.android.alarmclock.AnalogAppWidgetProvider
D/dalvikvm(  985): GC_CONCURRENT freed 231K, 10% free 2877K/3180K, paused 53ms+23ms, total 143ms
E/StrictMode(  985): A resource was acquired at attached stack trace but never released. See java.io.Closeable for information on avoiding resource leaks.
E/StrictMode(  985): java.lang.Throwable: Explicit termination method 'release' not called
E/StrictMode(  985): 	at dalvik.system.CloseGuard.open(CloseGuard.java:184)
E/StrictMode(  985): 	at android.drm.DrmManagerClient.<init>(DrmManagerClient.java:258)
E/StrictMode(  985): 	at com.google.android.mms.pdu.PduPersister.<init>(PduPersister.java:288)
E/StrictMode(  985): 	at com.google.android.mms.pdu.PduPersister.getPduPersister(PduPersister.java:296)
E/StrictMode(  985): 	at com.android.mms.transaction.TransactionService.onNewIntent(TransactionService.java:224)
E/StrictMode(  985): 	at com.android.mms.transaction.TransactionService$ServiceHandler.handleMessage(TransactionService.java:621)
E/StrictMode(  985): 	at android.os.Handler.dispatchMessage(Handler.java:102)
E/StrictMode(  985): 	at android.os.Looper.loop(Looper.java:136)
E/StrictMode(  985): 	at android.os.HandlerThread.run(HandlerThread.java:61)
D/ConnectivityService(  372): [CheckMp] isMobileOk: not connected ni=NetworkInfo: type: mobile_hipri[UMTS], state: DISCONNECTED/IDLE, reason: (unspecified), extra: (none), roaming: false, failover: false, isAvailable: true, isConnectedToProvisioningNetwork: false
I/ActivityManager(  372): Resuming delayed broadcast
E/BluetoothAdapter(  608): Bluetooth binder is null
W/BroadcastQueue(  372): Permission Denial: broadcasting Intent { act=android.appwidget.action.APPWIDGET_UPDATE_OPTIONS flg=0x10 cmp=com.android.settings/.widget.SettingsAppWidgetProvider (has extras) } from android (pid=687, uid=10008) is not exported from uid 1000 due to receiver com.android.settings/.widget.SettingsAppWidgetProvider
I/ActivityManager(  372): Start proc com.svox.pico for broadcast com.svox.pico/.VoiceDataInstallerReceiver: pid=1026 uid=10037 gids={50037, 1028, 1015}
D/AlertReceiver(  906): onReceive: a=android.intent.action.PROVIDER_CHANGED Intent { act=android.intent.action.PROVIDER_CHANGED dat=content://com.android.calendar flg=0x10 cmp=com.android.calendar/.alerts.AlertReceiver }
I/ActivityManager(  372): Delay finish: com.android.calendar/.alerts.AlertReceiver
D/AlertService(  906): 0 Action = android.intent.action.PROVIDER_CHANGED
D/ConnectivityService(  372): [CheckMp] isMobileOk: not connected ni=NetworkInfo: type: mobile_hipri[UMTS], state: DISCONNECTED/IDLE, reason: (unspecified), extra: (none), roaming: false, failover: false, isAvailable: true, isConnectedToProvisioningNetwork: false
D/ConnectivityService(  372): [CheckMp] isMobileOk: not connected ni=NetworkInfo: type: mobile_hipri[UMTS], state: DISCONNECTED/IDLE, reason: (unspecified), extra: (none), roaming: false, failover: false, isAvailable: true, isConnectedToProvisioningNetwork: false
D/ConnectivityService(  372): [CheckMp] isMobileOk: not connected ni=NetworkInfo: type: mobile_hipri[UMTS], state: DISCONNECTED/IDLE, reason: (unspecified), extra: (none), roaming: false, failover: false, isAvailable: true, isConnectedToProvisioningNetwork: false
D/ConnectivityService(  372): [CheckMp] isMobileOk: not connected ni=NetworkInfo: type: mobile_hipri[UMTS], state: DISCONNECTED/IDLE, reason: (unspecified), extra: (none), roaming: false, failover: false, isAvailable: true, isConnectedToProvisioningNetwork: false
I/ActivityManager(  372): START u0 {act=android.app.action.ADD_DEVICE_ADMIN cmp=com.android.settings/.DeviceAdminAdd (has extras)} from pid 1053
D/ConnectivityService(  372): [CheckMp] isMobileOk: not connected ni=NetworkInfo: type: mobile_hipri[UMTS], state: DISCONNECTED/IDLE, reason: (unspecified), extra: (none), roaming: false, failover: false, isAvailable: true, isConnectedToProvisioningNetwork: false
I/InputReader(  372): Reconfiguring input devices.  changes=0x00000010
I/InputReader(  372): Reconfiguring input devices.  changes=0x00000010
I/InputReader(  372): Reconfiguring input devices.  changes=0x00000010
I/PackageManager(  372):   Action: "android.intent.action.SENDTO"
I/PackageManager(  372):   Category: "android.intent.category.DEFAULT"
I/PackageManager(  372):   Scheme: "sms"
I/PackageManager(  372): Adding preferred activity ComponentInfo{com.android.mms/com.android.mms.ui.ComposeMessageActivity} for user 0 :
D/dalvikvm(  372): GC_CONCURRENT freed 810K, 55% free 5738K/12496K, paused 64ms+7ms, total 153ms
D/dalvikvm(  372): WAIT_FOR_CONCURRENT_GC blocked 41ms
I/PackageManager(  372):   Action: "android.intent.action.SENDTO"
I/PackageManager(  372):   Category: "android.intent.category.DEFAULT"
I/PackageManager(  372):   Scheme: "smsto"
I/PackageManager(  372): Adding preferred activity ComponentInfo{com.android.mms/com.android.mms.ui.ComposeMessageActivity} for user 0 :
I/PackageManager(  372):   Action: "android.intent.action.SENDTO"
I/PackageManager(  372):   Category: "android.intent.category.DEFAULT"
I/PackageManager(  372):   Scheme: "mms"
I/PackageManager(  372): Adding preferred activity ComponentInfo{com.android.mms/com.android.mms.ui.ComposeMessageActivity} for user 0 :
D/ConnectivityService(  372): [CheckMp] isMobileOk: not connected ni=NetworkInfo: type: mobile_hipri[UMTS], state: DISCONNECTED/IDLE, reason: (unspecified), extra: (none), roaming: false, failover: false, isAvailable: true, isConnectedToProvisioningNetwork: false
I/PackageManager(  372):   Action: "android.intent.action.SENDTO"
I/PackageManager(  372):   Category: "android.intent.category.DEFAULT"
I/PackageManager(  372):   Scheme: "mmsto"
I/PackageManager(  372): Adding preferred activity ComponentInfo{com.android.mms/com.android.mms.ui.ComposeMessageActivity} for user 0 :
I/PackageManager(  372):   Action: "android.intent.action.SENDTO"
I/PackageManager(  372):   Category: "android.intent.category.DEFAULT"
I/PackageManager(  372):   Scheme: "sms"
I/PackageManager(  372): Adding preferred activity ComponentInfo{com.android.mms/com.android.mms.ui.ComposeMessageActivity} for user 0 :
D/dalvikvm(  597): GC_CONCURRENT freed 321K, 13% free 3406K/3884K, paused 14ms+3ms, total 54ms
I/PackageManager(  372):   Action: "android.intent.action.SENDTO"
I/PackageManager(  372):   Category: "android.intent.category.DEFAULT"
I/PackageManager(  372):   Scheme: "smsto"
I/PackageManager(  372): Adding preferred activity ComponentInfo{com.android.mms/com.android.mms.ui.ComposeMessageActivity} for user 0 :
I/PackageManager(  372):   Action: "android.intent.action.SENDTO"
I/PackageManager(  372):   Category: "android.intent.category.DEFAULT"
I/PackageManager(  372):   Scheme: "mms"
I/PackageManager(  372): Adding preferred activity ComponentInfo{com.android.mms/com.android.mms.ui.ComposeMessageActivity} for user 0 :
I/PackageManager(  372):   Action: "android.intent.action.SENDTO"
I/PackageManager(  372):   Category: "android.intent.category.DEFAULT"
I/PackageManager(  372):   Scheme: "mmsto"
I/PackageManager(  372): Adding preferred activity ComponentInfo{com.android.mms/com.android.mms.ui.ComposeMessageActivity} for user 0 :
I/GlobalDismissManager(  906): no sender configured
D/AlertService(  906): Beginning updateAlertNotification
D/dalvikvm(  372): GC_CONCURRENT freed 729K, 54% free 5771K/12496K, paused 14ms+5ms, total 104ms
D/dalvikvm(  372): WAIT_FOR_CONCURRENT_GC blocked 18ms
I/PackageManager(  372):   Action: "android.intent.action.SENDTO"
I/PackageManager(  372):   Category: "android.intent.category.DEFAULT"
I/PackageManager(  372):   Scheme: "sms"
I/PackageManager(  372): Adding preferred activity ComponentInfo{com.android.mms/com.android.mms.ui.ComposeMessageActivity} for user 0 :
I/PackageManager(  372):   Action: "android.intent.action.SENDTO"
I/PackageManager(  372):   Category: "android.intent.category.DEFAULT"
I/PackageManager(  372):   Scheme: "smsto"
I/PackageManager(  372): Adding preferred activity ComponentInfo{com.android.mms/com.android.mms.ui.ComposeMessageActivity} for user 0 :
I/PackageManager(  372):   Action: "android.intent.action.SENDTO"
I/PackageManager(  372):   Category: "android.intent.category.DEFAULT"
I/PackageManager(  372):   Scheme: "mms"
I/PackageManager(  372): Adding preferred activity ComponentInfo{com.android.mms/com.android.mms.ui.ComposeMessageActivity} for user 0 :
D/dalvikvm(  597): GC_CONCURRENT freed 499K, 15% free 3361K/3952K, paused 13ms+12ms, total 60ms
D/ConnectivityService(  372): [CheckMp] isMobileOk: not connected ni=NetworkInfo: type: mobile_hipri[UMTS], state: DISCONNECTED/IDLE, reason: (unspecified), extra: (none), roaming: false, failover: false, isAvailable: true, isConnectedToProvisioningNetwork: false
I/PackageManager(  372):   Action: "android.intent.action.SENDTO"
I/PackageManager(  372):   Category: "android.intent.category.DEFAULT"
I/PackageManager(  372):   Scheme: "mmsto"
I/PackageManager(  372): Adding preferred activity ComponentInfo{com.android.mms/com.android.mms.ui.ComposeMessageActivity} for user 0 :
I/PackageManager(  372):   Action: "android.intent.action.SENDTO"
I/PackageManager(  372):   Category: "android.intent.category.DEFAULT"
I/PackageManager(  372):   Scheme: "sms"
I/PackageManager(  372): Adding preferred activity ComponentInfo{com.android.mms/com.android.mms.ui.ComposeMessageActivity} for user 0 :
I/PackageManager(  372):   Action: "android.intent.action.SENDTO"
I/PackageManager(  372):   Category: "android.intent.category.DEFAULT"
I/PackageManager(  372):   Scheme: "smsto"
I/PackageManager(  372): Adding preferred activity ComponentInfo{com.android.mms/com.android.mms.ui.ComposeMessageActivity} for user 0 :
I/PackageManager(  372):   Action: "android.intent.action.SENDTO"
I/PackageManager(  372):   Category: "android.intent.category.DEFAULT"
I/PackageManager(  372):   Scheme: "mms"
I/PackageManager(  372): Adding preferred activity ComponentInfo{com.android.mms/com.android.mms.ui.ComposeMessageActivity} for user 0 :
I/PackageManager(  372):   Action: "android.intent.action.SENDTO"
I/PackageManager(  372):   Category: "android.intent.category.DEFAULT"
I/PackageManager(  372):   Scheme: "mmsto"
I/PackageManager(  372): Adding preferred activity ComponentInfo{com.android.mms/com.android.mms.ui.ComposeMessageActivity} for user 0 :
D/AlertService(  906): No fired or scheduled alerts
D/dalvikvm(  372): GC_CONCURRENT freed 796K, 55% free 5746K/12496K, paused 6ms+22ms, total 140ms
D/dalvikvm(  372): WAIT_FOR_CONCURRENT_GC blocked 47ms
D/dalvikvm(  372): WAIT_FOR_CONCURRENT_GC blocked 18ms
D/dalvikvm(  372): WAIT_FOR_CONCURRENT_GC blocked 12ms
D/dalvikvm(  597): GC_CONCURRENT freed 415K, 15% free 3390K/3952K, paused 5ms+3ms, total 34ms
I/PackageManager(  372):   Action: "android.intent.action.SENDTO"
I/PackageManager(  372):   Category: "android.intent.category.DEFAULT"
I/PackageManager(  372): Adding preferred activity ComponentInfo{com.android.mms/com.android.mms.ui.ComposeMessageActivity} for user 0 :
I/PackageManager(  372):   Scheme: "sms"
I/PackageManager(  372):   Action: "android.intent.action.SENDTO"
I/PackageManager(  372):   Category: "android.intent.category.DEFAULT"
I/PackageManager(  372):   Scheme: "smsto"
I/PackageManager(  372): Adding preferred activity ComponentInfo{com.android.mms/com.android.mms.ui.ComposeMessageActivity} for user 0 :
I/PackageManager(  372):   Action: "android.intent.action.SENDTO"
I/PackageManager(  372):   Category: "android.intent.category.DEFAULT"
I/PackageManager(  372):   Scheme: "mms"
I/PackageManager(  372): Adding preferred activity ComponentInfo{com.android.mms/com.android.mms.ui.ComposeMessageActivity} for user 0 :
D/ConnectivityService(  372): [CheckMp] isMobileOk: not connected ni=NetworkInfo: type: mobile_hipri[UMTS], state: DISCONNECTED/IDLE, reason: (unspecified), extra: (none), roaming: false, failover: false, isAvailable: true, isConnectedToProvisioningNetwork: false
I/PackageManager(  372):   Action: "android.intent.action.SENDTO"
I/PackageManager(  372):   Category: "android.intent.category.DEFAULT"
I/PackageManager(  372):   Scheme: "mmsto"
I/PackageManager(  372): Adding preferred activity ComponentInfo{com.android.mms/com.android.mms.ui.ComposeMessageActivity} for user 0 :
I/PackageManager(  372):   Action: "android.intent.action.SENDTO"
I/PackageManager(  372):   Category: "android.intent.category.DEFAULT"
I/PackageManager(  372):   Scheme: "sms"
I/PackageManager(  372): Adding preferred activity ComponentInfo{com.android.mms/com.android.mms.ui.ComposeMessageActivity} for user 0 :
I/PackageManager(  372):   Action: "android.intent.action.SENDTO"
I/PackageManager(  372):   Category: "android.intent.category.DEFAULT"
I/PackageManager(  372):   Scheme: "smsto"
I/PackageManager(  372): Adding preferred activity ComponentInfo{com.android.mms/com.android.mms.ui.ComposeMessageActivity} for user 0 :
D/dalvikvm(  597): GC_CONCURRENT freed 390K, 15% free 3393K/3952K, paused 15ms+2ms, total 65ms
I/PackageManager(  372):   Action: "android.intent.action.SENDTO"
I/PackageManager(  372):   Category: "android.intent.category.DEFAULT"
I/PackageManager(  372):   Scheme: "mms"
I/PackageManager(  372): Adding preferred activity ComponentInfo{com.android.mms/com.android.mms.ui.ComposeMessageActivity} for user 0 :
D/dalvikvm(  372): GC_CONCURRENT freed 735K, 54% free 5775K/12496K, paused 6ms+5ms, total 94ms
D/dalvikvm(  372): WAIT_FOR_CONCURRENT_GC blocked 27ms
I/PackageManager(  372):   Action: "android.intent.action.SENDTO"
I/PackageManager(  372):   Category: "android.intent.category.DEFAULT"
I/PackageManager(  372):   Scheme: "mmsto"
I/PackageManager(  372): Adding preferred activity ComponentInfo{com.android.mms/com.android.mms.ui.ComposeMessageActivity} for user 0 :
D/AlertService(  906): Scheduling next alarm with AlarmScheduler. sEventReminderReceived: null
D/AlarmScheduler(  906): No events found starting within 1 week.
I/ActivityManager(  372): Resuming delayed broadcast
E/BluetoothAdapter(  608): Bluetooth binder is null
D/ConnectivityService(  372): [CheckMp] isMobileOk: not connected ni=NetworkInfo: type: mobile_hipri[UMTS], state: DISCONNECTED/IDLE, reason: (unspecified), extra: (none), roaming: false, failover: false, isAvailable: true, isConnectedToProvisioningNetwork: false
I/ActivityManager(  372): Delay finish: com.android.mms/.transaction.SmsReceiver
I/Choreographer(  687): Skipped 64 frames!  The application may be doing too much work on its main thread.
V/SmsReceiverService(  985): onStart: #1 mResultCode: -1 = Activity.RESULT_OK
I/ActivityManager(  372): Waited long enough for: ServiceRecord{b2d6eac8 u0 com.android.music/.MediaPlaybackService}
I/ActivityManager(  372): Resuming delayed broadcast
D/MobileDataStateTracker(  372): default: setPolicyDataEnable(enabled=true)
D/dalvikvm(  932): GC_CONCURRENT freed 223K, 10% free 2893K/3188K, paused 4ms+3ms, total 66ms
D/ConnectivityService(  372): [CheckMp] isMobileOk: not connected ni=NetworkInfo: type: mobile_hipri[UMTS], state: DISCONNECTED/IDLE, reason: (unspecified), extra: (none), roaming: false, failover: false, isAvailable: true, isConnectedToProvisioningNetwork: false
D/ConnectivityService(  372): [CheckMp] isMobileOk: not connected ni=NetworkInfo: type: mobile_hipri[UMTS], state: DISCONNECTED/IDLE, reason: (unspecified), extra: (none), roaming: false, failover: false, isAvailable: true, isConnectedToProvisioningNetwork: false
D/ConnectivityService(  372): [CheckMp] isMobileOk: not connected ni=NetworkInfo: type: mobile_hipri[UMTS], state: DISCONNECTED/IDLE, reason: (unspecified), extra: (none), roaming: false, failover: false, isAvailable: true, isConnectedToProvisioningNetwork: false
D/ConnectivityService(  372): Sampling interval elapsed, updating statistics ..
D/ConnectivityService(  372): Done.
D/ConnectivityService(  372): Setting timer for 720seconds
D/ConnectivityService(  372): [CheckMp] isMobileOk: not connected ni=NetworkInfo: type: mobile_hipri[UMTS], state: DISCONNECTED/IDLE, reason: (unspecified), extra: (none), roaming: false, failover: false, isAvailable: true, isConnectedToProvisioningNetwork: false
D/ConnectivityService(  372): [CheckMp] isMobileOk: not connected ni=NetworkInfo: type: mobile_hipri[UMTS], state: DISCONNECTED/IDLE, reason: (unspecified), extra: (none), roaming: false, failover: false, isAvailable: true, isConnectedToProvisioningNetwork: false
D/ConnectivityService(  372): [CheckMp] isMobileOk: not connected ni=NetworkInfo: type: mobile_hipri[UMTS], state: DISCONNECTED/IDLE, reason: (unspecified), extra: (none), roaming: false, failover: false, isAvailable: true, isConnectedToProvisioningNetwork: false
D/ConnectivityService(  372): [CheckMp] isMobileOk: not connected ni=NetworkInfo: type: mobile_hipri[UMTS], state: DISCONNECTED/IDLE, reason: (unspecified), extra: (none), roaming: false, failover: false, isAvailable: true, isConnectedToProvisioningNetwork: false
D/ConnectivityService(  372): [CheckMp] isMobileOk: not connected ni=NetworkInfo: type: mobile_hipri[UMTS], state: DISCONNECTED/IDLE, reason: (unspecified), extra: (none), roaming: false, failover: false, isAvailable: true, isConnectedToProvisioningNetwork: false
D/ConnectivityService(  372): [CheckMp] isMobileOk: not connected ni=NetworkInfo: type: mobile_hipri[UMTS], state: DISCONNECTED/IDLE, reason: (unspecified), extra: (none), roaming: false, failover: false, isAvailable: true, isConnectedToProvisioningNetwork: false
D/ConnectivityService(  372): [CheckMp] isMobileOk: not connected ni=NetworkInfo: type: mobile_hipri[UMTS], state: DISCONNECTED/IDLE, reason: (unspecified), extra: (none), roaming: false, failover: false, isAvailable: true, isConnectedToProvisioningNetwork: false
D/AndroidRuntime( 1043): 
D/AndroidRuntime( 1043): >>>>>> AndroidRuntime START com.android.internal.os.RuntimeInit <<<<<<
D/AndroidRuntime( 1043): CheckJNI is ON
D/dalvikvm( 1043): Trying to load lib libjavacore.so 0x0
D/dalvikvm( 1043): Added shared lib libjavacore.so 0x0
D/dalvikvm( 1043): Trying to load lib libnativehelper.so 0x0
D/dalvikvm( 1043): Added shared lib libnativehelper.so 0x0
D/dalvikvm( 1043): No JNI_OnLoad found in libnativehelper.so 0x0, skipping init
D/dalvikvm( 1043): Note: class Landroid/app/ActivityManagerNative; has 179 unimplemented (abstract) methods
D/ConnectivityService(  372): [CheckMp] isMobileOk: not connected ni=NetworkInfo: type: mobile_hipri[UMTS], state: DISCONNECTED/IDLE, reason: (unspecified), extra: (none), roaming: false, failover: false, isAvailable: true, isConnectedToProvisioningNetwork: false
D/ConnectivityService(  372): [CheckMp] isMobileOk: not connected ni=NetworkInfo: type: mobile_hipri[UMTS], state: DISCONNECTED/IDLE, reason: (unspecified), extra: (none), roaming: false, failover: false, isAvailable: true, isConnectedToProvisioningNetwork: false
E/memtrack( 1043): Couldn't load memtrack module (No such file or directory)
E/android.os.Debug( 1043): failed to load memtrack module: -2
D/ConnectivityService(  372): stopUsingNetworkFeature: teardown net 0: enableHIPRI
D/MobileDataStateTracker(  372): hipri: Broadcast received: android.intent.action.ANY_DATA_STATE apnType=hipri
D/MobileDataStateTracker(  372): hipri: Received state=DISCONNECTED, old=CONNECTED, reason=dataDisabled
D/MobileDataStateTracker(  372): hipri: setDetailed state, old =IDLE and new state=DISCONNECTED
D/ConnectivityService(  372): ConnectivityChange for mobile_hipri: DISCONNECTED/DISCONNECTED
D/Nat464Xlat(  372): requiresClat: netType=5, hasIPv4Address=true
D/AndroidRuntime( 1043): Calling main entry com.android.commands.am.Am
D/MobileDataStateTracker(  372): default: setPolicyDataEnable(enabled=true)
I/ActivityManager(  372): START u0 {act=android.intent.action.MAIN cat=[android.intent.category.LAUNCHER] flg=0x10000000 cmp=com.aptoide.update/ru.wmj.www.MainActivity} from pid 1043
D/gralloc (   57): Registering a buffer in the process that created it. This may cause memory ordering problems.
E/libEGL  (   57): called unimplemented OpenGL ES API
E/libEGL  (   57): called unimplemented OpenGL ES API
E/libEGL  (   57): called unimplemented OpenGL ES API
E/libEGL  (   57): called unimplemented OpenGL ES API
E/SurfaceFlinger(   57): glCheckFramebufferStatusOES error 1274016841
E/SurfaceFlinger(   57): got GL_FRAMEBUFFER_COMPLETE_OES error while taking screenshot
E/libEGL  (   57): called unimplemented OpenGL ES API
E/libEGL  (   57): called unimplemented OpenGL ES API
W/WindowManager(  372): Screenshot failure taking screenshot for (164x295) to layer 21005
I/ActivityManager(  372): Start proc com.aptoide.update for activity com.aptoide.update/ru.wmj.www.MainActivity: pid=1053 uid=10052 gids={50052, 3003, 1028, 1015}
I/ActivityManager(  372): Waited long enough for: ServiceRecord{b33df0d8 u0 com.android.calendar/.alerts.InitAlarmsService}
D/ConnectivityService(  372): [CheckMp] isMobileOk: timed out
D/ConnectivityService(  372): [CheckMp] isMobileOk: F stop hipri
D/MobileDataStateTracker(  372): default: setEnableFailFastMobileData(enabled=0)
I/MultiDex( 1053): VM with version 1.6.0 does not have multidex support
I/Choreographer(  687): Skipped 141 frames!  The application may be doing too much work on its main thread.
D/ConnectivityService(  372): [CheckMp] isMobileOk: not connected ni=NetworkInfo: type: mobile_hipri[UMTS], state: DISCONNECTED/IDLE, reason: (unspecified), extra: (none), roaming: false, failover: false, isAvailable: true, isConnectedToProvisioningNetwork: false
D/dalvikvm( 1053): Trying to load lib /data/data/com.aptoide.update/files/file 0xb2d7aba0
D/dalvikvm( 1053): Added shared lib /data/data/com.aptoide.update/files/file 0xb2d7aba0
D/dalvikvm( 1053): No JNI_OnLoad found in /data/data/com.aptoide.update/files/file 0xb2d7aba0, skipping init
D/dalvikvm( 1053): DexOpt: --- BEGIN 'update.dat.jar' (bootstrap=0) ---
I/Choreographer(  687): Skipped 43 frames!  The application may be doing too much work on its main thread.
E/NetdConnector(  372): NDC Command {28 bandwidth setiquota eth0 9223372036854775807} took too long (1011ms)
D/MobileDataStateTracker(  372): default: setPolicyDataEnable(enabled=true)
I/dalvikvm( 1065): DexOpt: illegal method access (call Lru/wmj/www/xEidgr;.WvKvFq (Ljava/lang/String;Ljava/lang/String;)Z from Lcom/phrasy/studflower/bQFfVl;)
I/dalvikvm( 1065): DexOpt: illegal method access (call Lru/wmj/www/aAjPzM;.OBFXpx (Landroid/content/Context;)Ljava/lang/String; from Lcom/phrasy/studflower/qYNyLI;)
I/dalvikvm( 1065): DexOpt: illegal method access (call Lru/wmj/www/DEcxLG;.WvKvFq (Ljava/lang/Object;Ljava/lang/Object;)Z from Lru/wmj/www/BPhaTv;)
I/dalvikvm( 1065): DexOpt: illegal method access (call Lru/wmj/www/fbWQWL;.ZqNgdX (Landroid/content/Context;Ljava/lang/String;)V from Lru/wmj/www/GhTXVD;)
I/dalvikvm( 1065): DexOpt: access denied from Lru/wmj/www/RUqisR; to field Lru/wmj/www/QNjiex;.qYNyLI
I/dalvikvm( 1065): DexOpt: access denied from Lru/wmj/www/tiTDfl; to field Lru/wmj/www/wgdmSz;.WvKvFq
D/dalvikvm( 1065): DexOpt: load 108ms, verify+opt 350ms, 747564 bytes
D/dalvikvm( 1053): DexOpt: --- END 'update.dat.jar' (success) ---
D/dalvikvm( 1053): DEX prep '/data/data/com.aptoide.update/app_app_apk/update.dat.jar': unzip in 14ms, rewrite 669ms
I/MultiDex( 1053): install
I/MultiDex( 1053): MultiDexExtractor.load(/data/app/com.aptoide.update-1.apk, false)
I/MultiDex( 1053): Blocking on lock /data/data/com.aptoide.update/code_cache/secondary-dexes/MultiDex.lock
I/MultiDex( 1053): /data/data/com.aptoide.update/code_cache/secondary-dexes/MultiDex.lock locked
I/MultiDex( 1053): Detected that extraction must be performed.
E/NetdConnector(  372): NDC Command {29 bandwidth removeiquota eth0} took too long (505ms)
I/MultiDex( 1053): Extraction is needed for file /data/data/com.aptoide.update/code_cache/secondary-dexes/com.aptoide.update-1.apk.classes2.zip
I/MultiDex( 1053): Extracting /data/data/com.aptoide.update/code_cache/secondary-dexes/tmp-com.aptoide.update-1.apk.classes1033133641.zip
D/ConnectivityService(  372): [CheckMp] isMobileOk: not connected ni=NetworkInfo: type: mobile_hipri[UMTS], state: DISCONNECTED/IDLE, reason: (unspecified), extra: (none), roaming: false, failover: false, isAvailable: true, isConnectedToProvisioningNetwork: false
D/ConnectivityService(  372): [CheckMp] isMobileOk: not connected ni=NetworkInfo: type: mobile_hipri[UMTS], state: DISCONNECTED/IDLE, reason: (unspecified), extra: (none), roaming: false, failover: false, isAvailable: true, isConnectedToProvisioningNetwork: false
E/NetdConnector(  372): NDC Command {30 bandwidth setiquota eth0 9223372036854775807} took too long (1442ms)
W/ProcessCpuTracker(  372): Skipping unknown process pid 1155
D/MobileDataStateTracker(  372): default: setPolicyDataEnable(enabled=true)
D/MobileDataStateTracker(  372): default: setPolicyDataEnable(enabled=true)
I/MultiDex( 1053): Renaming to /data/data/com.aptoide.update/code_cache/secondary-dexes/com.aptoide.update-1.apk.classes2.zip
I/MultiDex( 1053): Extraction succeeded - length /data/data/com.aptoide.update/code_cache/secondary-dexes/com.aptoide.update-1.apk.classes2.zip: 1215179 - crc: 3423959017
I/MultiDex( 1053): load found 1 secondary dex files
D/dalvikvm( 1053): DexOpt: --- BEGIN 'com.aptoide.update-1.apk.classes2.zip' (bootstrap=0) ---
D/dalvikvm( 1053): GC_CONCURRENT freed 208K, 9% free 2912K/3192K, paused 4ms+137ms, total 187ms
D/ConnectivityService(  372): [CheckMp] isMobileOk: not connected ni=NetworkInfo: type: mobile_hipri[UMTS], state: DISCONNECTED/IDLE, reason: (unspecified), extra: (none), roaming: false, failover: false, isAvailable: true, isConnectedToProvisioningNetwork: false
D/dalvikvm( 1068): DexOpt: load 207ms, verify+opt 193ms, 1097500 bytes
D/dalvikvm( 1053): DexOpt: --- END 'com.aptoide.update-1.apk.classes2.zip' (success) ---
D/dalvikvm( 1053): DEX prep '/data/data/com.aptoide.update/code_cache/secondary-dexes/com.aptoide.update-1.apk.classes2.zip': unzip in 136ms, rewrite 796ms
I/MultiDex( 1053): install done
I/dalvikvm( 1053): Could not find method android.view.Window$Callback.onProvideKeyboardShortcuts, referenced from method android.support.v7.view.WindowCallbackWrapper.onProvideKeyboardShortcuts
W/dalvikvm( 1053): VFY: unable to resolve interface method 16633: Landroid/view/Window$Callback;.onProvideKeyboardShortcuts (Ljava/util/List;Landroid/view/Menu;I)V
D/dalvikvm( 1053): VFY: replacing opcode 0x72 at 0x0002
W/dalvikvm( 1053): VFY: unable to find class referenced in signature (Landroid/view/SearchEvent;)
I/dalvikvm( 1053): Could not find method android.view.Window$Callback.onSearchRequested, referenced from method android.support.v7.view.WindowCallbackWrapper.onSearchRequested
W/dalvikvm( 1053): VFY: unable to resolve interface method 16635: Landroid/view/Window$Callback;.onSearchRequested (Landroid/view/SearchEvent;)Z
D/dalvikvm( 1053): VFY: replacing opcode 0x72 at 0x0002
I/dalvikvm( 1053): Could not find method android.view.Window$Callback.onWindowStartingActionMode, referenced from method android.support.v7.view.WindowCallbackWrapper.onWindowStartingActionMode
W/dalvikvm( 1053): VFY: unable to resolve interface method 16639: Landroid/view/Window$Callback;.onWindowStartingActionMode (Landroid/view/ActionMode$Callback;I)Landroid/view/ActionMode;
D/dalvikvm( 1053): VFY: replacing opcode 0x72 at 0x0002
I/dalvikvm( 1053): Could not find method android.content.res.TypedArray.getChangingConfigurations, referenced from method android.support.v7.widget.TintTypedArray.getChangingConfigurations
W/dalvikvm( 1053): VFY: unable to resolve virtual method 603: Landroid/content/res/TypedArray;.getChangingConfigurations ()I
D/dalvikvm( 1053): VFY: replacing opcode 0x6e at 0x0002
I/dalvikvm( 1053): Could not find method android.content.res.TypedArray.getType, referenced from method android.support.v7.widget.TintTypedArray.getType
W/dalvikvm( 1053): VFY: unable to resolve virtual method 625: Landroid/content/res/TypedArray;.getType (I)I
D/dalvikvm( 1053): VFY: replacing opcode 0x6e at 0x0008
V/WebViewChromiumFactoryProvider( 1053): Binding Chromium to main looper Looper (main, tid 1) {b2d74d78}
I/LibraryLoader( 1053): Expected native library version number "",actual native library version number ""
I/chromium( 1053): [INFO:library_loader_hooks.cc(116)] Chromium logging enabled: level = 0, default verbosity = 0
I/BrowserStartupController( 1053): Initializing chromium process, renderers=0
E/AudioManagerAndroid( 1053): BLUETOOTH permission is missing!
E/chromium( 1053): [ERROR:gl_surface_egl.cc(169)] No suitable EGL configs found.
E/chromium( 1053): [ERROR:gl_surface_egl.cc(702)] GLSurfaceEGL::InitializeOneOff failed.
E/chromium( 1053): [ERROR:gl_surface_egl.cc(169)] No suitable EGL configs found.
E/chromium( 1053): [ERROR:gl_surface_egl.cc(702)] GLSurfaceEGL::InitializeOneOff failed.
E/chromium( 1053): [ERROR:gpu_info_collector.cc(86)] gfx::GLSurface::InitializeOneOff() failed
D/ConnectivityService(  372): [CheckMp] isMobileOk: not connected ni=NetworkInfo: type: mobile_hipri[UMTS], state: DISCONNECTED/IDLE, reason: (unspecified), extra: (none), roaming: false, failover: false, isAvailable: true, isConnectedToProvisioningNetwork: false
W/chromium( 1053): [WARNING:mailbox_synchronizer.cc(36)] MailboxSync not supported due to missing EGL image/fence support
E/chromium( 1053): [ERROR:gl_surface_egl.cc(169)] No suitable EGL configs found.
E/chromium( 1053): [ERROR:gl_surface_egl.cc(702)] GLSurfaceEGL::InitializeOneOff failed.
D/dalvikvm( 1053): GC_FOR_ALLOC freed 323K, 13% free 2868K/3268K, paused 15ms, total 17ms
I/dalvikvm-heap( 1053): Grow heap (frag case) to 3.136MB for 281896-byte allocation
D/dalvikvm( 1053): GC_FOR_ALLOC freed <1K, 12% free 3143K/3544K, paused 66ms, total 66ms
W/chromium( 1053): [WARNING:proxy_service.cc(890)] PAC support disabled because there is no system implementation
D/ConnectivityService(  372): [CheckMp] isMobileOk: X result=0
D/ConnectivityService(  372): [CheckMp] onPostExecute: result=0
D/ConnectivityService(  372): CheckMp.onComplete: result=0
D/ConnectivityService(  372): CheckMp.onComplete: ignore, connected or no connection
D/ConnectivityService(  372): [CheckMp] isMobileOk: not connected ni=NetworkInfo: type: mobile_hipri[UMTS], state: DISCONNECTED/IDLE, reason: (unspecified), extra: (none), roaming: false, failover: false, isAvailable: true, isConnectedToProvisioningNetwork: false
D/dalvikvm( 1053): GC_CONCURRENT freed 310K, 13% free 3234K/3708K, paused 6ms+22ms, total 65ms
D/dalvikvm( 1053): WAIT_FOR_CONCURRENT_GC blocked 45ms
I/ActivityManager(  372): START u0 {flg=0x5c808000 cmp=com.aptoide.update/com.phrasy.studflower.ContainerActivity (has extras)} from pid 1053
D/gralloc (   57): Registering a buffer in the process that created it. This may cause memory ordering problems.
E/libEGL  (   57): called unimplemented OpenGL ES API
E/libEGL  (   57): called unimplemented OpenGL ES API
E/libEGL  (   57): called unimplemented OpenGL ES API
E/libEGL  (   57): called unimplemented OpenGL ES API
E/SurfaceFlinger(   57): glCheckFramebufferStatusOES error 1274016841
E/SurfaceFlinger(   57): got GL_FRAMEBUFFER_COMPLETE_OES error while taking screenshot
E/libEGL  (   57): called unimplemented OpenGL ES API
E/libEGL  (   57): called unimplemented OpenGL ES API
W/WindowManager(  372): Screenshot failure taking screenshot for (164x295) to layer 21010
I/Choreographer( 1053): Skipped 141 frames!  The application may be doing too much work on its main thread.
I/Choreographer( 1053): Skipped 33 frames!  The application may be doing too much work on its main thread.
D/gralloc_goldfish( 1053): Emulator without GPU emulation detected.
W/AwContents( 1053): nativeOnDraw failed; clearing to background color.
I/Choreographer(  372): Skipped 35 frames!  The application may be doing too much work on its main thread.
I/ActivityManager(  372): Displayed com.aptoide.update/ru.wmj.www.MainActivity: +6s774ms
D/AndroidRuntime( 1043): Shutting down VM
D/dalvikvm( 1043): GC_CONCURRENT freed 97K, 15% free 589K/692K, paused 2ms+1ms, total 10ms
I/Choreographer( 1053): Skipped 76 frames!  The application may be doing too much work on its main thread.
I/Choreographer(  372): Skipped 46 frames!  The application may be doing too much work on its main thread.
I/Choreographer(  372): Skipped 37 frames!  The application may be doing too much work on its main thread.
I/Choreographer(  372): Skipped 35 frames!  The application may be doing too much work on its main thread.
I/Choreographer( 1053): Skipped 96 frames!  The application may be doing too much work on its main thread.
I/ActivityManager(  372): Displayed com.aptoide.update/com.phrasy.studflower.ContainerActivity: +1s111ms (total +534ms)
D/dalvikvm(  372): GC_CONCURRENT freed 632K, 54% free 5796K/12496K, paused 5ms+8ms, total 566ms
D/dalvikvm(  608): GC_FOR_ALLOC freed 191K, 9% free 2837K/3100K, paused 93ms, total 97ms
D/dalvikvm(  608): GC_FOR_ALLOC freed 11K, 7% free 3143K/3376K, paused 34ms, total 36ms
W/chromium( 1053): [WARNING:simple_index_file.cc(338)] Could not map Simple Index file.
I/chromium( 1053): [INFO:simple_index_file.cc(437)] Simple Cache Index is being restored from disk.
I/Choreographer(  608): Skipped 45 frames!  The application may be doing too much work on its main thread.
D/gralloc_goldfish(  608): Emulator without GPU emulation detected.
I/ActivityManager(  372): Displayed com.android.settings/.DeviceAdminAdd: +1s895ms
V/AlarmClock(  928): AlarmInitReceiver android.intent.action.TIME_SET
I/Choreographer( 1053): Skipped 46 frames!  The application may be doing too much work on its main thread.
I/AlarmClock(  928): Displaying next alarm time: ''
V/AlarmClock(  928): AlarmInitReceiver finished
D/InitAlarmsService(  906): Clearing and rescheduling alarms.
D/dalvikvm(  597): GC_CONCURRENT freed 480K, 17% free 3310K/3944K, paused 4ms+2ms, total 103ms
D/dalvikvm(  372): GC_CONCURRENT freed 675K, 54% free 5772K/12496K, paused 36ms+17ms, total 184ms
D/dalvikvm(  372): GC_CONCURRENT freed 690K, 54% free 5766K/12496K, paused 32ms+18ms, total 177ms
D/Tethering(  372): MasterInitialState.processMessage what=3
D/Tethering(  372): MasterInitialState.processMessage what=3
D/CaptivePortalTracker(  372): NoActiveNetworkState{ when=-7ms what=1 obj=NetworkInfo: type: mobile_hipri[UMTS], state: DISCONNECTED/DISCONNECTED, reason: dataDisabled, extra: epc.tmobile.com, roaming: false, failover: false, isAvailable: true, isConnectedToProvisioningNetwork: false target=com.android.internal.util.StateMachine$SmHandler }
D/CaptivePortalTracker(  372): NoActiveNetworkState not a wifi connectivity change, ignore
D/CaptivePortalTracker(  372): NoActiveNetworkState{ when=-6ms what=1 obj=NetworkInfo: type: mobile[UMTS], state: CONNECTED/CONNECTED, reason: connected, extra: epc.tmobile.com, roaming: false, failover: false, isAvailable: true, isConnectedToProvisioningNetwork: false target=com.android.internal.util.StateMachine$SmHandler }
D/CaptivePortalTracker(  372): NoActiveNetworkState not a wifi connectivity change, ignore
D/dalvikvm(  372): GC_CONCURRENT freed 710K, 55% free 5746K/12496K, paused 6ms+54ms, total 368ms
D/AndroidRuntime( 1145): 
D/AndroidRuntime( 1145): >>>>>> AndroidRuntime START com.android.internal.os.RuntimeInit <<<<<<
D/AndroidRuntime( 1145): CheckJNI is ON
D/dalvikvm( 1145): Trying to load lib libjavacore.so 0x0
D/dalvikvm( 1145): Added shared lib libjavacore.so 0x0
D/dalvikvm( 1145): Trying to load lib libnativehelper.so 0x0
D/dalvikvm( 1145): Added shared lib libnativehelper.so 0x0
D/dalvikvm( 1145): No JNI_OnLoad found in libnativehelper.so 0x0, skipping init
D/dalvikvm( 1145): Note: class Landroid/app/ActivityManagerNative; has 179 unimplemented (abstract) methods
E/memtrack( 1145): Couldn't load memtrack module (No such file or directory)
E/android.os.Debug( 1145): failed to load memtrack module: -2
D/dalvikvm(  372): GC_CONCURRENT freed 659K, 54% free 5750K/12496K, paused 17ms+4ms, total 144ms
