V/MediaScanner(  632): pruneDeadThumbnailFiles... android.database.sqlite.SQLiteCursor@b2de7e18
V/MediaScanner(  632): /pruneDeadThumbnailFiles... android.database.sqlite.SQLiteCursor@b2de7e18
I/ContactDirectoryManager(  566): deleted 0 stale rows which don't have any relevant directory
I/ContactDirectoryManager(  566): Discovered 0 contact directories in 5058ms
I/MediaFocusControl(  362):   Remote Control   registerMediaButtonIntent() for PendingIntent{b2fddf20: PendingIntentRecord{b31984d0 com.android.music broadcastIntent}}
E/BluetoothAdapter(  623): Bluetooth binder is null
I/ActivityManager(  362): Start proc com.android.calendar for broadcast com.android.calendar/.widget.CalendarAppWidgetService$CalendarFactory: pid=961 uid=10016 gids={50016, 3003}
D/ExtensionsFactory(  961): No custom extensions.
I/ContactsProvider(  566): Upgrading aggregation algorithm
I/ActivityManager(  362): Start proc com.android.deskclock for broadcast com.android.deskclock/.AlarmInitReceiver: pid=981 uid=10020 gids={50020, 1028}
I/ActivityManager(  362): Start proc com.android.providers.calendar for content provider com.android.providers.calendar/.CalendarProvider2: pid=985 uid=10001 gids={50001, 3003, 1028, 1015}
D/dalvikvm(   59): GC_EXPLICIT freed 40K, 4% free 2705K/2812K, paused 3ms+2ms, total 60ms
D/dalvikvm(   59): GC_EXPLICIT freed <1K, 4% free 2705K/2812K, paused 3ms+2ms, total 45ms
D/dalvikvm(   59): GC_EXPLICIT freed <1K, 4% free 2705K/2812K, paused 17ms+15ms, total 117ms
D/dalvikvm(  926): GC_CONCURRENT freed 205K, 9% free 2886K/3160K, paused 11ms+2ms, total 502ms
I/ContactAggregator(  566): Marked all visible contacts for aggregation: 0 raw contacts, 447 ms
I/ContactsProvider(  566): Aggregation algorithm upgraded for 0 raw contacts in 533ms
V/AlarmClock(  981): AlarmInitReceiver android.intent.action.TIMEZONE_CHANGED
I/CalendarDatabaseHelper(  985): Bootstrapping database
I/AlarmClock(  981): Alarms Table created
I/AlarmClock(  981): Instance table created
I/AlarmClock(  981): Cities table created
I/AlarmClock(  981): Inserting default alarms
I/AlarmClock(  981): Displaying next alarm time: ''
W/BackupManagerService(  362): dataChanged but no participant pkg='com.android.providers.settings' uid=10020
V/AlarmClock(  981): AlarmInitReceiver finished
I/CalendarProvider2(  985): Created com.android.providers.calendar.CalendarAlarmManager@b2dafa10(com.android.providers.calendar.CalendarProvider2@b2d9c0e8)
E/BluetoothAdapter(  623): Bluetooth binder is null
I/ActivityManager(  362): Start proc com.android.dialer for broadcast com.android.dialer/.calllog.CallLogReceiver: pid=1008 uid=10004 gids={50004, 3003, 1028, 1015}
E/logwrapper( 1020): executing /system/bin/ip failed: No such file or directory
E/ConnectivityService(  362): Exception trying to add a route: java.lang.IllegalStateException: command '49 interface fwmark exempt add 10.0.2.2/32' failed with '400 49 Failed to add exemption rule (File exists)'
D/ExtensionsFactory( 1008): No custom extensions.
E/logwrapper( 1021): executing /system/bin/ip failed: No such file or directory
E/ConnectivityService(  362): Exception trying to add a route: java.lang.IllegalStateException: command '51 interface fwmark exempt add 172.217.23.14/32' failed with '400 51 Failed to add exemption rule (File exists)'
D/ConnectivityService(  362): requestRouteToHostAddress ok=false
D/ConnectivityService(  362): [CheckMp] isMobileOk: could not establish route to hostAddr=clients3.google.com/172.217.23.14
I/ContactsFTS(  566): Rebuild contact search index in 1396ms, 0 contacts
D/dalvikvm(  566): GC_CONCURRENT freed 303K, 11% free 3085K/3452K, paused 5ms+2ms, total 65ms
W/ActivityManager(  362): Unable to start service Intent { cmp=com.android.email/.service.AttachmentDownloadService } U=0: not found
I/ActivityManager(  362): Delay finish: com.android.dialer/.calllog.CallLogReceiver
I/ActivityManager(  362): Resuming delayed broadcast
E/BluetoothAdapter(  362): Bluetooth binder is null
E/BluetoothAdapter(  362): Bluetooth binder is null
V/WiredAccessoryManager(  362): init()
I/PowerManagerService(  362): Boot animation finished.
E/SoundPool(  362): error loading /system/media/audio/ui/Effect_Tick.ogg
W/AudioService(  362): Soundpool could not load file: /system/media/audio/ui/Effect_Tick.ogg
E/SoundPool(  362): error loading /system/media/audio/ui/Effect_Tick.ogg
W/AudioService(  362): Soundpool could not load file: /system/media/audio/ui/Effect_Tick.ogg
E/SoundPool(  362): error loading /system/media/audio/ui/Effect_Tick.ogg
W/AudioService(  362): Soundpool could not load file: /system/media/audio/ui/Effect_Tick.ogg
E/SoundPool(  362): error loading /system/media/audio/ui/Effect_Tick.ogg
W/AudioService(  362): Soundpool could not load file: /system/media/audio/ui/Effect_Tick.ogg
E/SoundPool(  362): error loading /system/media/audio/ui/Effect_Tick.ogg
W/AudioService(  362): Soundpool could not load file: /system/media/audio/ui/Effect_Tick.ogg
E/SoundPool(  362): error loading /system/media/audio/ui/KeypressStandard.ogg
W/AudioService(  362): Soundpool could not load file: /system/media/audio/ui/KeypressStandard.ogg
E/SoundPool(  362): error loading /system/media/audio/ui/KeypressSpacebar.ogg
W/AudioService(  362): Soundpool could not load file: /system/media/audio/ui/KeypressSpacebar.ogg
E/SoundPool(  362): error loading /system/media/audio/ui/KeypressDelete.ogg
W/AudioService(  362): Soundpool could not load file: /system/media/audio/ui/KeypressDelete.ogg
E/SoundPool(  362): error loading /system/media/audio/ui/KeypressReturn.ogg
W/AudioService(  362): Soundpool could not load file: /system/media/audio/ui/KeypressReturn.ogg
E/SoundPool(  362): error loading /system/media/audio/ui/KeypressInvalid.ogg
W/AudioService(  362): Soundpool could not load file: /system/media/audio/ui/KeypressInvalid.ogg
W/AudioService(  362): onLoadSoundEffects(), Error -1 while loading samples
I/CalendarProvider2(  985): Sending notification intent: Intent { act=android.intent.action.PROVIDER_CHANGED dat=content://com.android.calendar }
W/ContentResolver(  985): Failed to get type for: content://com.android.calendar (Unknown URL content://com.android.calendar)
I/Email   (  926): Observing account changes for notifications
D/dalvikvm(  362): GC_CONCURRENT freed 627K, 53% free 5707K/11968K, paused 10ms+6ms, total 81ms
I/RecoverySystem(  362): No recovery log file
I/BootReceiver(  362): Copying audit failures to DropBox
I/BootReceiver(  362): Checking for fsck errors
I/ActivityManager(  362): Start proc com.android.mms for broadcast com.android.mms/.transaction.MmsSystemEventReceiver: pid=1040 uid=10009 gids={50009, 3003, 1028, 1015}
I/MediaProvider(  632): Upgrading media database from version 0 to 700, which will destroy all old data
D/CountryDetector(  362): The first listener is added
V/MmsConfig( 1040): mnc/mcc: 310260
V/MmsConfig( 1040): tag: bool value: enabledMMS - true
V/MmsConfig( 1040): tag: int value: maxMessageSize - 307200
V/MmsConfig( 1040): tag: int value: maxImageHeight - 480
V/MmsConfig( 1040): tag: int value: maxImageWidth - 640
V/MmsConfig( 1040): tag: int value: defaultSMSMessagesPerThread - 10000
V/MmsConfig( 1040): tag: int value: defaultMMSMessagesPerThread - 1000
V/MmsConfig( 1040): tag: int value: minMessageCountPerThread - 10
V/MmsConfig( 1040): tag: int value: maxMessageCountPerThread - 5000
V/MmsConfig( 1040): tag: string value: uaProfUrl - http://www.google.com/oha/rdf/ua-profile-kila.xml
V/MmsConfig( 1040): tag: int value: recipientLimit - -1
V/MmsConfig( 1040): tag: bool value: enableMultipartSMS - true
V/MmsConfig( 1040): tag: int value: smsToMmsTextThreshold - -1
V/MmsConfig( 1040): tag: bool value: enableSlideDuration - true
V/MmsConfig( 1040): tag: int value: maxMessageTextSize - -1
E/SQLiteLog(  632): (1) no such table: files
I/ActivityManager(  362): Delay finish: com.android.mms/.transaction.MmsSystemEventReceiver
D/ConnectivityService(  362): [CheckMp] isMobileOk: too many loops tried - giving up
D/ConnectivityService(  362): [CheckMp] isMobileOk: X loops|timed out result=0
D/ConnectivityService(  362): [CheckMp] isMobileOk: F stop hipri
D/MobileDataStateTracker(  362): default: setEnableFailFastMobileData(enabled=0)
D/Mms:app ( 1040): cancelNotification
D/ConnectivityService(  362): stopUsingNetworkFeature: teardown net 0: enableHIPRI
D/MobileDataStateTracker(  362): hipri: Broadcast received: android.intent.action.ANY_DATA_STATE apnType=hipri
D/MobileDataStateTracker(  362): hipri: Received state=DISCONNECTED, old=CONNECTED, reason=dataDisabled
D/MobileDataStateTracker(  362): hipri: setDetailed state, old =CONNECTED and new state=DISCONNECTED
D/ConnectivityService(  362): ConnectivityChange for mobile_hipri: DISCONNECTED/DISCONNECTED
E/logwrapper( 1065): executing /system/bin/ip failed: No such file or directory
E/SecondaryTablController(   55): ip route del failed: /system/bin/ip route del 10.0.2.2/32 via 0.0.0.0 dev eth0 table 60
W/FrameworkListener(   55): Handler 'interface' error (No such device)
E/logwrapper( 1066): executing /system/bin/ip failed: No such file or directory
E/SecondaryTablController(   55): ip route del failed: /system/bin/ip route del 0.0.0.0/0 via 10.0.2.2 dev eth0 table 60
W/FrameworkListener(   55): Handler 'interface' error (No such device)
D/Nat464Xlat(  362): requiresClat: netType=5, hasIPv4Address=true
D/MobileDataStateTracker(  362): default: setPolicyDataEnable(enabled=true)
I/ActivityManager(  362): Resuming delayed broadcast
I/ActivityManager(  362): Delay finish: com.android.mms/.transaction.SmsReceiver
D/MmsSmsDatabaseHelper(  612): [MmsSmsDb] tableName: threads hasAutoIncrement: CREATE TABLE threads (_id INTEGER PRIMARY KEY AUTOINCREMENT,date INTEGER DEFAULT 0,message_count INTEGER DEFAULT 0,recipient_ids TEXT,snippet TEXT,snippet_cs INTEGER DEFAULT 0,read INTEGER DEFAULT 1,type INTEGER DEFAULT 0,error INTEGER DEFAULT 0,has_attachment INTEGER DEFAULT 0) result: true
D/MmsSmsDatabaseHelper(  612): [MmsSmsDb] tableName: canonical_addresses hasAutoIncrement: CREATE TABLE canonical_addresses (_id INTEGER PRIMARY KEY AUTOINCREMENT,address TEXT) result: true
D/MmsSmsDatabaseHelper(  612): [MmsSmsDb] tableName: part hasAutoIncrement: CREATE TABLE part (_id INTEGER PRIMARY KEY AUTOINCREMENT,mid INTEGER,seq INTEGER DEFAULT 0,ct TEXT,name TEXT,chset INTEGER,cd TEXT,fn TEXT,cid TEXT,cl TEXT,ctt_s INTEGER,ctt_t TEXT,_data TEXT,text TEXT) result: true
D/MmsSmsDatabaseHelper(  612): [MmsSmsDb] tableName: pdu hasAutoIncrement: CREATE TABLE pdu (_id INTEGER PRIMARY KEY AUTOINCREMENT,thread_id INTEGER,date INTEGER,date_sent INTEGER DEFAULT 0,msg_box INTEGER,read INTEGER DEFAULT 0,m_id TEXT,sub TEXT,sub_cs INTEGER,ct_t TEXT,ct_l TEXT,exp INTEGER,m_cls TEXT,m_type INTEGER,v INTEGER,m_size INTEGER,pri INTEGER,rr INTEGER,rpt_a INTEGER,resp_st INTEGER,st INTEGER,tr_id TEXT,retr_st INTEGER,retr_txt TEXT,retr_txt_cs INTEGER,read_status INTEGER,ct_cls INTEGER,resp_txt TEXT,d_tm INTEGER,d_rpt INTEGER,locked INTEGER DEFAULT 0,seen INTEGER DEFAULT 0,text_only INTEGER DEFAULT 0) result: true
D/MmsSmsDatabaseHelper(  612): [getWritableDatabase] hasAutoIncrementThreads: true hasAutoIncrementAddresses: true hasAutoIncrementPart: true hasAutoIncrementPdu: true
E/NetdConnector(  362): NDC Command {59 bandwidth removeiquota eth0} took too long (910ms)
E/WVMExtractor(   61): Failed to open libwvm.so
E/NetdConnector(  362): NDC Command {60 bandwidth gettetherstats} took too long (931ms)
D/dalvikvm(  362): GC_CONCURRENT freed 636K, 53% free 5707K/11968K, paused 27ms+35ms, total 239ms
D/Mms:app ( 1040): cancelNotification
I/ActivityManager(  362): Resuming delayed broadcast
D/AlertReceiver(  961): onReceive: a=android.intent.action.BOOT_COMPLETED Intent { act=android.intent.action.BOOT_COMPLETED flg=0x8000010 cmp=com.android.calendar/.alerts.AlertReceiver (has extras) }
I/ActivityManager(  362): Delay finish: com.android.calendar/.alerts.AlertReceiver
D/AlertUtils(  961): Flushing old alerts from shared prefs table
D/dalvikvm(  961): GC_CONCURRENT freed 274K, 12% free 2829K/3180K, paused 60ms+4ms, total 133ms
D/AlertService(  961): 0 Action = android.intent.action.BOOT_COMPLETED
D/AlertService(  961): Scheduling next alarm with AlarmScheduler. sEventReminderReceived: null
D/AlarmScheduler(  961): No events found starting within 1 week.
E/NetdConnector(  362): NDC Command {61 bandwidth setiquota eth0 9223372036854775807} took too long (1920ms)
D/MobileDataStateTracker(  362): default: setPolicyDataEnable(enabled=true)
D/dalvikvm(  362): GC_CONCURRENT freed 701K, 53% free 5686K/11968K, paused 6ms+13ms, total 157ms
D/CaptivePortalTracker(  362): NoActiveNetworkState{ when=-1ms what=1 obj=NetworkInfo: type: mobile_hipri[UMTS], state: DISCONNECTED/DISCONNECTED, reason: dataDisabled, extra: epc.tmobile.com, roaming: false, failover: false, isAvailable: true, isConnectedToProvisioningNetwork: false target=com.android.internal.util.StateMachine$SmHandler }
D/CaptivePortalTracker(  362): NoActiveNetworkState not a wifi connectivity change, ignore
D/Tethering(  362): MasterInitialState.processMessage what=3
D/Tethering(  362): MasterInitialState.processMessage what=3
D/CaptivePortalTracker(  362): NoActiveNetworkState{ when=0 what=1 obj=NetworkInfo: type: mobile[UMTS], state: CONNECTED/CONNECTED, reason: connected, extra: epc.tmobile.com, roaming: false, failover: false, isAvailable: true, isConnectedToProvisioningNetwork: false target=com.android.internal.util.StateMachine$SmHandler }
D/CaptivePortalTracker(  362): NoActiveNetworkState not a wifi connectivity change, ignore
E/NetdConnector(  362): NDC Command {62 bandwidth removeiquota eth0} took too long (849ms)
D/dalvikvm(  362): GC_CONCURRENT freed 625K, 53% free 5682K/11968K, paused 38ms+4ms, total 141ms
D/ConnectivityService(  362): [CheckMp] isMobileOk: X result=0
D/ConnectivityService(  362): [CheckMp] onPostExecute: result=0
D/ConnectivityService(  362): CheckMp.onComplete: result=0
D/ConnectivityService(  362): CheckMp.onComplete: ignore, connected or no connection
W/ProcessCpuTracker(  362): Skipping unknown process pid 1115
E/ActivityThread( 1185): Failed to find provider info for com.google.settings
E/ActivityThread( 1185): Failed to find provider info for com.google.settings
E/ActivityThread( 1185): Failed to find provider info for com.google.settings
E/NetdConnector(  362): NDC Command {63 bandwidth setiquota eth0 9223372036854775807} took too long (1809ms)
D/dalvikvm(  632): GC_CONCURRENT freed 275K, 11% free 3040K/3380K, paused 5ms+2ms, total 96ms
E/ActivityThread( 1185): Failed to find provider info for com.google.settings
D/MobileDataStateTracker(  362): default: setPolicyDataEnable(enabled=true)
D/MobileDataStateTracker(  362): default: setPolicyDataEnable(enabled=true)
E/ActivityThread( 1185): Failed to find provider info for com.google.settings
V/MediaScanner(  632): pruneDeadThumbnailFiles... android.database.sqlite.SQLiteCursor@b2e10fd0
V/MediaScanner(  632): /pruneDeadThumbnailFiles... android.database.sqlite.SQLiteCursor@b2e10fd0
I/ActivityManager(  362): Resuming delayed broadcast
V/AlarmClock(  981): AlarmInitReceiver android.intent.action.BOOT_COMPLETED
E/MetadataRetrieverClient(   61): failed to extract an album art
V/AlarmClock(  981): AlarmInitReceiver - Reset timers and clear stopwatch data
V/AlarmClock(  981): AlarmInitReceiver - resetting volume button default
E/ActivityThread( 1185): Failed to find provider info for com.google.settings
D/dalvikvm(  981): GC_CONCURRENT freed 408K, 15% free 2802K/3284K, paused 15ms+7ms, total 141ms
I/AlarmClock(  981): Displaying next alarm time: ''
V/AlarmClock(  981): AlarmInitReceiver finished
E/ActivityThread( 1185): Failed to find provider info for com.google.settings
E/ActivityThread( 1185): Failed to find provider info for com.google.settings
I/ActivityManager(  362): Delay finish: com.android.email/.service.EmailUpgradeBroadcastReceiver
E/ActivityThread( 1185): Failed to find provider info for com.google.settings
E/ActivityThread( 1185): Failed to find provider info for com.google.settings
I/ActivityManager(  362): Resuming delayed broadcast
I/ActivityManager(  362): Delay finish: com.android.email/.service.EmailBroadcastReceiver
E/ActivityThread( 1185): Failed to find provider info for com.google.settings
I/Email   (  926): Onetime initialization: 1
I/Email   (  926): Onetime initialization: 2
I/Email   (  926): Onetime initialization: completed.
I/ActivityManager(  362): Delaying start of: ServiceRecord{b317bf30 u0 com.android.exchange/.service.EmailSyncAdapterService}
E/ActivityThread( 1185): Failed to find provider info for com.google.settings
I/ActivityManager(  362): Resuming delayed broadcast
I/LauncherIconVisibilityManager(  598): Boot has been completed
E/ActivityThread( 1185): Failed to find provider info for com.google.settings
E/ActivityThread( 1185): Failed to find provider info for com.google.settings
I/LauncherIconVisibilityManager(  598): Disable activity: ComponentInfo{com.android.inputmethod.latin/com.android.inputmethod.latin.setup.SetupActivity}
E/BluetoothAdapter(  623): Bluetooth binder is null
I/ActivityManager(  362): Delay finish: com.android.deskclock/com.android.alarmclock.AnalogAppWidgetProvider
D/dalvikvm( 1040): GC_CONCURRENT freed 230K, 10% free 2876K/3176K, paused 44ms+6ms, total 146ms
E/StrictMode( 1040): A resource was acquired at attached stack trace but never released. See java.io.Closeable for information on avoiding resource leaks.
E/StrictMode( 1040): java.lang.Throwable: Explicit termination method 'release' not called
E/StrictMode( 1040): 	at dalvik.system.CloseGuard.open(CloseGuard.java:184)
E/StrictMode( 1040): 	at android.drm.DrmManagerClient.<init>(DrmManagerClient.java:258)
E/StrictMode( 1040): 	at com.google.android.mms.pdu.PduPersister.<init>(PduPersister.java:288)
E/StrictMode( 1040): 	at com.google.android.mms.pdu.PduPersister.getPduPersister(PduPersister.java:296)
E/StrictMode( 1040): 	at com.android.mms.transaction.TransactionService.onNewIntent(TransactionService.java:224)
E/StrictMode( 1040): 	at com.android.mms.transaction.TransactionService$ServiceHandler.handleMessage(TransactionService.java:621)
E/StrictMode( 1040): 	at android.os.Handler.dispatchMessage(Handler.java:102)
E/StrictMode( 1040): 	at android.os.Looper.loop(Looper.java:136)
E/StrictMode( 1040): 	at android.os.HandlerThread.run(HandlerThread.java:61)
I/ActivityManager(  362): Resuming delayed broadcast
W/BroadcastQueue(  362): Permission Denial: broadcasting Intent { act=android.appwidget.action.APPWIDGET_UPDATE_OPTIONS flg=0x10 cmp=com.android.settings/.widget.SettingsAppWidgetProvider (has extras) } from android (pid=692, uid=10008) is not exported from uid 1000 due to receiver com.android.settings/.widget.SettingsAppWidgetProvider
I/ActivityManager(  362): Start proc com.svox.pico for broadcast com.svox.pico/.VoiceDataInstallerReceiver: pid=1135 uid=10037 gids={50037, 1028, 1015}
D/dalvikvm(  362): GC_CONCURRENT freed 580K, 53% free 5727K/11968K, paused 6ms+4ms, total 179ms
I/InputReader(  362): Reconfiguring input devices.  changes=0x00000010
I/InputReader(  362): Reconfiguring input devices.  changes=0x00000010
I/PackageManager(  362):   Action: "android.intent.action.SENDTO"
I/PackageManager(  362): Adding preferred activity ComponentInfo{com.android.mms/com.android.mms.ui.ComposeMessageActivity} for user 0 :
I/InputReader(  362): Reconfiguring input devices.  changes=0x00000010
I/PackageManager(  362):   Category: "android.intent.category.DEFAULT"
I/PackageManager(  362):   Scheme: "sms"
I/PackageManager(  362):   Action: "android.intent.action.SENDTO"
I/PackageManager(  362):   Category: "android.intent.category.DEFAULT"
I/PackageManager(  362):   Scheme: "smsto"
I/PackageManager(  362): Adding preferred activity ComponentInfo{com.android.mms/com.android.mms.ui.ComposeMessageActivity} for user 0 :
D/dalvikvm(  612): GC_CONCURRENT freed 399K, 14% free 3369K/3904K, paused 3ms+2ms, total 108ms
I/PackageManager(  362):   Action: "android.intent.action.SENDTO"
I/PackageManager(  362):   Category: "android.intent.category.DEFAULT"
I/PackageManager(  362):   Scheme: "mms"
I/PackageManager(  362): Adding preferred activity ComponentInfo{com.android.mms/com.android.mms.ui.ComposeMessageActivity} for user 0 :
I/PackageManager(  362):   Action: "android.intent.action.SENDTO"
I/PackageManager(  362):   Category: "android.intent.category.DEFAULT"
I/PackageManager(  362):   Scheme: "mmsto"
I/PackageManager(  362): Adding preferred activity ComponentInfo{com.android.mms/com.android.mms.ui.ComposeMessageActivity} for user 0 :
I/PackageManager(  362):   Action: "android.intent.action.SENDTO"
I/PackageManager(  362):   Category: "android.intent.category.DEFAULT"
I/PackageManager(  362):   Scheme: "sms"
I/PackageManager(  362): Adding preferred activity ComponentInfo{com.android.mms/com.android.mms.ui.ComposeMessageActivity} for user 0 :
I/PackageManager(  362):   Action: "android.intent.action.SENDTO"
I/PackageManager(  362):   Category: "android.intent.category.DEFAULT"
I/PackageManager(  362):   Scheme: "smsto"
I/PackageManager(  362): Adding preferred activity ComponentInfo{com.android.mms/com.android.mms.ui.ComposeMessageActivity} for user 0 :
D/dalvikvm(  362): GC_CONCURRENT freed 621K, 52% free 5863K/11968K, paused 6ms+5ms, total 160ms
I/PackageManager(  362):   Action: "android.intent.action.SENDTO"
I/PackageManager(  362):   Category: "android.intent.category.DEFAULT"
I/PackageManager(  362):   Scheme: "mms"
I/PackageManager(  362): Adding preferred activity ComponentInfo{com.android.mms/com.android.mms.ui.ComposeMessageActivity} for user 0 :
D/dalvikvm(  612): GC_CONCURRENT freed 404K, 15% free 3389K/3944K, paused 4ms+7ms, total 38ms
D/dalvikvm(  612): WAIT_FOR_CONCURRENT_GC blocked 28ms
I/PackageManager(  362):   Action: "android.intent.action.SENDTO"
I/PackageManager(  362):   Category: "android.intent.category.DEFAULT"
I/PackageManager(  362):   Scheme: "mmsto"
I/PackageManager(  362): Adding preferred activity ComponentInfo{com.android.mms/com.android.mms.ui.ComposeMessageActivity} for user 0 :
I/PackageManager(  362):   Action: "android.intent.action.SENDTO"
I/PackageManager(  362):   Category: "android.intent.category.DEFAULT"
I/PackageManager(  362):   Scheme: "sms"
I/PackageManager(  362): Adding preferred activity ComponentInfo{com.android.mms/com.android.mms.ui.ComposeMessageActivity} for user 0 :
I/PackageManager(  362):   Action: "android.intent.action.SENDTO"
I/PackageManager(  362):   Category: "android.intent.category.DEFAULT"
I/PackageManager(  362):   Scheme: "smsto"
I/PackageManager(  362): Adding preferred activity ComponentInfo{com.android.mms/com.android.mms.ui.ComposeMessageActivity} for user 0 :
I/PackageManager(  362):   Action: "android.intent.action.SENDTO"
I/PackageManager(  362):   Category: "android.intent.category.DEFAULT"
I/PackageManager(  362):   Scheme: "mms"
I/PackageManager(  362): Adding preferred activity ComponentInfo{com.android.mms/com.android.mms.ui.ComposeMessageActivity} for user 0 :
I/PackageManager(  362):   Action: "android.intent.action.SENDTO"
I/PackageManager(  362):   Category: "android.intent.category.DEFAULT"
I/PackageManager(  362):   Scheme: "mmsto"
I/PackageManager(  362): Adding preferred activity ComponentInfo{com.android.mms/com.android.mms.ui.ComposeMessageActivity} for user 0 :
D/dalvikvm(  612): GC_CONCURRENT freed 400K, 15% free 3393K/3960K, paused 5ms+2ms, total 25ms
D/dalvikvm(  612): WAIT_FOR_CONCURRENT_GC blocked 15ms
I/PackageManager(  362):   Action: "android.intent.action.SENDTO"
I/PackageManager(  362):   Category: "android.intent.category.DEFAULT"
I/PackageManager(  362):   Scheme: "sms"
I/PackageManager(  362): Adding preferred activity ComponentInfo{com.android.mms/com.android.mms.ui.ComposeMessageActivity} for user 0 :
I/PackageManager(  362):   Action: "android.intent.action.SENDTO"
I/PackageManager(  362):   Category: "android.intent.category.DEFAULT"
I/PackageManager(  362):   Scheme: "smsto"
I/PackageManager(  362): Adding preferred activity ComponentInfo{com.android.mms/com.android.mms.ui.ComposeMessageActivity} for user 0 :
D/dalvikvm(  362): GC_CONCURRENT freed 824K, 52% free 5833K/11968K, paused 14ms+4ms, total 95ms
D/dalvikvm(  362): WAIT_FOR_CONCURRENT_GC blocked 23ms
I/PackageManager(  362):   Action: "android.intent.action.SENDTO"
I/PackageManager(  362):   Category: "android.intent.category.DEFAULT"
I/PackageManager(  362):   Scheme: "mms"
I/PackageManager(  362): Adding preferred activity ComponentInfo{com.android.mms/com.android.mms.ui.ComposeMessageActivity} for user 0 :
I/PackageManager(  362):   Action: "android.intent.action.SENDTO"
I/PackageManager(  362):   Category: "android.intent.category.DEFAULT"
I/PackageManager(  362):   Scheme: "mmsto"
I/PackageManager(  362): Adding preferred activity ComponentInfo{com.android.mms/com.android.mms.ui.ComposeMessageActivity} for user 0 :
I/PackageManager(  362):   Action: "android.intent.action.SENDTO"
I/PackageManager(  362):   Category: "android.intent.category.DEFAULT"
I/PackageManager(  362):   Scheme: "sms"
I/PackageManager(  362): Adding preferred activity ComponentInfo{com.android.mms/com.android.mms.ui.ComposeMessageActivity} for user 0 :
I/PackageManager(  362):   Action: "android.intent.action.SENDTO"
I/PackageManager(  362):   Category: "android.intent.category.DEFAULT"
I/PackageManager(  362):   Scheme: "smsto"
I/PackageManager(  362): Adding preferred activity ComponentInfo{com.android.mms/com.android.mms.ui.ComposeMessageActivity} for user 0 :
I/PackageManager(  362):   Action: "android.intent.action.SENDTO"
I/PackageManager(  362):   Category: "android.intent.category.DEFAULT"
I/PackageManager(  362):   Scheme: "mms"
I/PackageManager(  362): Adding preferred activity ComponentInfo{com.android.mms/com.android.mms.ui.ComposeMessageActivity} for user 0 :
D/dalvikvm(  612): GC_CONCURRENT freed 453K, 14% free 3407K/3960K, paused 3ms+2ms, total 75ms
I/PackageManager(  362):   Action: "android.intent.action.SENDTO"
I/PackageManager(  362):   Category: "android.intent.category.DEFAULT"
I/PackageManager(  362):   Scheme: "mmsto"
I/PackageManager(  362): Adding preferred activity ComponentInfo{com.android.mms/com.android.mms.ui.ComposeMessageActivity} for user 0 :
I/PackageManager(  362):   Action: "android.intent.action.SENDTO"
I/PackageManager(  362):   Category: "android.intent.category.DEFAULT"
I/PackageManager(  362):   Scheme: "sms"
I/PackageManager(  362): Adding preferred activity ComponentInfo{com.android.mms/com.android.mms.ui.ComposeMessageActivity} for user 0 :
I/PackageManager(  362):   Action: "android.intent.action.SENDTO"
I/PackageManager(  362):   Category: "android.intent.category.DEFAULT"
I/PackageManager(  362):   Scheme: "smsto"
I/PackageManager(  362): Adding preferred activity ComponentInfo{com.android.mms/com.android.mms.ui.ComposeMessageActivity} for user 0 :
D/dalvikvm(  362): GC_CONCURRENT freed 804K, 52% free 5814K/11968K, paused 7ms+4ms, total 90ms
D/dalvikvm(  362): WAIT_FOR_CONCURRENT_GC blocked 18ms
I/PackageManager(  362):   Action: "android.intent.action.SENDTO"
I/PackageManager(  362):   Category: "android.intent.category.DEFAULT"
I/PackageManager(  362):   Scheme: "mms"
I/PackageManager(  362): Adding preferred activity ComponentInfo{com.android.mms/com.android.mms.ui.ComposeMessageActivity} for user 0 :
I/ActivityManager(  362): Waited long enough for: ServiceRecord{b3644680 u0 com.android.music/.MediaPlaybackService}
I/PackageManager(  362):   Action: "android.intent.action.SENDTO"
I/PackageManager(  362):   Category: "android.intent.category.DEFAULT"
I/PackageManager(  362):   Scheme: "mmsto"
I/PackageManager(  362): Adding preferred activity ComponentInfo{com.android.mms/com.android.mms.ui.ComposeMessageActivity} for user 0 :
D/dalvikvm(  612): GC_CONCURRENT freed 469K, 15% free 3383K/3980K, paused 5ms+2ms, total 41ms
E/BluetoothAdapter(  623): Bluetooth binder is null
D/AlertReceiver(  961): onReceive: a=android.intent.action.PROVIDER_CHANGED Intent { act=android.intent.action.PROVIDER_CHANGED dat=content://com.android.calendar flg=0x10 cmp=com.android.calendar/.alerts.AlertReceiver }
D/AlertService(  961): 0 Action = android.intent.action.PROVIDER_CHANGED
I/Choreographer(  692): Skipped 30 frames!  The application may be doing too much work on its main thread.
I/ActivityManager(  362): Delay finish: com.android.mms/.transaction.SmsReceiver
V/SmsReceiverService( 1040): onStart: #1 mResultCode: -1 = Activity.RESULT_OK
I/ActivityManager(  362): Resuming delayed broadcast
I/ActivityManager(  362): Delay finish: com.android.providers.calendar/.CalendarProviderBroadcastReceiver
D/dalvikvm(  985): GC_CONCURRENT freed 223K, 10% free 2892K/3184K, paused 4ms+4ms, total 53ms
I/ActivityManager(  362): Resuming delayed broadcast
I/ActivityManager(  362): Delay finish: com.android.deskclock/com.android.alarmclock.DigitalAppWidgetProvider
I/ActivityManager(  362): Resuming delayed broadcast
D/MobileDataStateTracker(  362): default: setPolicyDataEnable(enabled=true)
D/ConnectivityService(  362): Sampling interval elapsed, updating statistics ..
D/ConnectivityService(  362): Done.
D/ConnectivityService(  362): Setting timer for 720seconds
I/GlobalDismissManager(  961): no sender configured
D/AlertService(  961): Beginning updateAlertNotification
D/AlertService(  961): No fired or scheduled alerts
D/AlertService(  961): Scheduling next alarm with AlarmScheduler. sEventReminderReceived: null
D/AlarmScheduler(  961): No events found starting within 1 week.
D/AndroidRuntime( 1157): 
D/AndroidRuntime( 1157): >>>>>> AndroidRuntime START com.android.internal.os.RuntimeInit <<<<<<
D/AndroidRuntime( 1157): CheckJNI is ON
D/dalvikvm( 1157): Trying to load lib libjavacore.so 0x0
D/dalvikvm( 1157): Added shared lib libjavacore.so 0x0
D/dalvikvm( 1157): Trying to load lib libnativehelper.so 0x0
D/dalvikvm( 1157): Added shared lib libnativehelper.so 0x0
D/dalvikvm( 1157): No JNI_OnLoad found in libnativehelper.so 0x0, skipping init
D/dalvikvm( 1157): Note: class Landroid/app/ActivityManagerNative; has 179 unimplemented (abstract) methods
E/memtrack( 1157): Couldn't load memtrack module (No such file or directory)
E/android.os.Debug( 1157): failed to load memtrack module: -2
D/AndroidRuntime( 1157): Calling main entry com.android.commands.am.Am
I/ActivityManager(  362): START u0 {act=android.intent.action.MAIN cat=[android.intent.category.LAUNCHER] flg=0x10000000 cmp=vql.bemvnf.zgeptuwhq/.TukilFeeds} from pid 1157
D/gralloc (   58): Registering a buffer in the process that created it. This may cause memory ordering problems.
E/libEGL  (   58): called unimplemented OpenGL ES API
E/libEGL  (   58): called unimplemented OpenGL ES API
E/libEGL  (   58): called unimplemented OpenGL ES API
E/libEGL  (   58): called unimplemented OpenGL ES API
E/SurfaceFlinger(   58): glCheckFramebufferStatusOES error 516597268
E/SurfaceFlinger(   58): got GL_FRAMEBUFFER_COMPLETE_OES error while taking screenshot
E/libEGL  (   58): called unimplemented OpenGL ES API
E/libEGL  (   58): called unimplemented OpenGL ES API
W/WindowManager(  362): Screenshot failure taking screenshot for (164x295) to layer 21005
I/ActivityManager(  362): Waited long enough for: ServiceRecord{b2eb3da0 u0 com.android.calendar/.alerts.InitAlarmsService}
I/ActivityManager(  362): Start proc vql.bemvnf.zgeptuwhq for activity vql.bemvnf.zgeptuwhq/.TukilFeeds: pid=1167 uid=10052 gids={50052, 1028, 1015, 3003}
D/dalvikvm(  362): GC_CONCURRENT freed 718K, 52% free 5763K/11968K, paused 8ms+6ms, total 359ms
I/dalvikvm( 1167): CheckJNI enabled: not enabling JNI app bug workarounds.
V/PhoneStatusBar(  456): setLightsOn(true)
I/ARMAssembler(   58): generated scanline__00000077:03515104_00009002_00000000 [127 ipp] (149 ins) at [0xb5a1a680:0xb5a1a8d4] in 10000000 ns
I/ActivityManager(  362): Start proc com.android.browser for content provider com.android.browser/.provider.BrowserProvider2: pid=1185 uid=10014 gids={50014, 3003, 1028, 1015}
V/WebViewChromiumFactoryProvider( 1167): Binding Chromium to main looper Looper (main, tid 1) {b2d84418}
I/LibraryLoader( 1167): Expected native library version number "",actual native library version number ""
I/chromium( 1167): [INFO:library_loader_hooks.cc(116)] Chromium logging enabled: level = 0, default verbosity = 0
I/BrowserStartupController( 1167): Initializing chromium process, renderers=0
E/AudioManagerAndroid( 1167): BLUETOOTH permission is missing!
E/chromium( 1167): [ERROR:gl_surface_egl.cc(169)] No suitable EGL configs found.
E/chromium( 1167): [ERROR:gl_surface_egl.cc(702)] GLSurfaceEGL::InitializeOneOff failed.
E/chromium( 1167): [ERROR:gl_surface_egl.cc(169)] No suitable EGL configs found.
E/chromium( 1167): [ERROR:gl_surface_egl.cc(702)] GLSurfaceEGL::InitializeOneOff failed.
E/chromium( 1167): [ERROR:gpu_info_collector.cc(86)] gfx::GLSurface::InitializeOneOff() failed
W/chromium( 1167): [WARNING:mailbox_synchronizer.cc(36)] MailboxSync not supported due to missing EGL image/fence support
E/chromium( 1167): [ERROR:gl_surface_egl.cc(169)] No suitable EGL configs found.
E/chromium( 1167): [ERROR:gl_surface_egl.cc(702)] GLSurfaceEGL::InitializeOneOff failed.
E/ActivityThread( 1185): Failed to find provider info for com.google.settings
D/dalvikvm( 1167): GC_FOR_ALLOC freed 124K, 7% free 2840K/3036K, paused 50ms, total 53ms
W/CursorWrapperInner( 1167): Cursor finalized without prior close()
E/ActivityThread( 1185): Failed to find provider info for com.google.settings
W/chromium( 1167): [WARNING:proxy_service.cc(890)] PAC support disabled because there is no system implementation
V/EmulatedCamera_Camera(   61): getCameraInfo
V/EmulatedCamera_BaseCamera(   61): getCameraInfo
V/EmulatedCamera_Camera(   61): getCameraInfo
V/EmulatedCamera_BaseCamera(   61): getCameraInfo
V/EmulatedCamera_Camera(   61): getCameraInfo
V/EmulatedCamera_BaseCamera(   61): getCameraInfo
V/EmulatedCamera_Camera(   61): getCameraInfo
V/EmulatedCamera_BaseCamera(   61): getCameraInfo
I/Choreographer( 1167): Skipped 30 frames!  The application may be doing too much work on its main thread.
D/gralloc_goldfish( 1167): Emulator without GPU emulation detected.
W/AwContents( 1167): nativeOnDraw failed; clearing to background color.
I/ActivityManager(  362): Displayed vql.bemvnf.zgeptuwhq/.TukilFeeds: +4s248ms
I/Choreographer( 1167): Skipped 31 frames!  The application may be doing too much work on its main thread.
D/AndroidRuntime( 1157): Shutting down VM
D/dalvikvm( 1157): GC_CONCURRENT freed 97K, 15% free 589K/692K, paused 15ms+2ms, total 40ms
I/AwesomePlayer(   61): setDataSource_l(URL suppressed)
W/AwContents( 1167): nativeOnDraw failed; clearing to background color.
W/AwContents( 1167): nativeOnDraw failed; clearing to background color.
W/AwContents( 1167): nativeOnDraw failed; clearing to background color.
D/dalvikvm( 1185): GC_CONCURRENT freed 312K, 12% free 2880K/3268K, paused 4ms+7ms, total 467ms
D/dalvikvm( 1185): WAIT_FOR_CONCURRENT_GC blocked 94ms
V/AlarmClock(  981): AlarmInitReceiver android.intent.action.TIME_SET
I/AwesomePlayer(   61): setDataSource_l(URL suppressed)
D/dalvikvm( 1185): GC_CONCURRENT freed 439K, 17% free 2832K/3404K, paused 3ms+2ms, total 85ms
E/SQLiteLog( 1185): (1) no such table: _sync_state_metadata
D/dalvikvm( 1167): GC_CONCURRENT freed 78K, 5% free 3167K/3332K, paused 5ms+1ms, total 34ms
W/chromium( 1167): [WARNING:simple_index_file.cc(338)] Could not map Simple Index file.
I/chromium( 1167): [INFO:simple_index_file.cc(437)] Simple Cache Index is being restored from disk.
I/Choreographer(  692): Skipped 379 frames!  The application may be doing too much work on its main thread.
I/chromium( 1167): [INFO:CONSOLE(12)] "Not allowed to load local resource: file:///android_asset/webkit/android-weberror.png", source: data:text/html,chromewebdata (12)
I/AlarmClock(  981): Displaying next alarm time: ''
I/CameraClient(   61): Opening camera 0
V/EmulatedCamera_Camera(   61): connectCamera
V/EmulatedCamera_FakeDevice(   61): connectDevice
V/EmulatedCamera_CallbackNotifier(   61): setCallbacks: 0xb6aaa84d, 0xb6aab901, 0xb6aab885, 0xb6aaba9d (0xb813b758)
V/EmulatedCamera_CallbackNotifier(   61): enableMessage: msg_type = 0xc0d
V/EmulatedCamera_CallbackNotifier(   61):     CAMERA_MSG_ERROR
V/EmulatedCamera_CallbackNotifier(   61):     CAMERA_MSG_FOCUS
V/EmulatedCamera_CallbackNotifier(   61):     CAMERA_MSG_ZOOM
V/EmulatedCamera_CallbackNotifier(   61):     CAMERA_MSG_PREVIEW_METADATA
V/EmulatedCamera_CallbackNotifier(   61): **** Currently enabled messages:
V/EmulatedCamera_CallbackNotifier(   61):     CAMERA_MSG_ERROR
V/EmulatedCamera_CallbackNotifier(   61):     CAMERA_MSG_FOCUS
V/EmulatedCamera_CallbackNotifier(   61):     CAMERA_MSG_ZOOM
V/EmulatedCamera_CallbackNotifier(   61):     CAMERA_MSG_PREVIEW_METADATA
V/EmulatedCamera_CallbackNotifier(   61): enableMessage: msg_type = 0x100
V/EmulatedCamera_CallbackNotifier(   61):     CAMERA_MSG_COMPRESSED_IMAGE
V/EmulatedCamera_CallbackNotifier(   61): **** Currently enabled messages:
V/EmulatedCamera_CallbackNotifier(   61):     CAMERA_MSG_ERROR
V/EmulatedCamera_CallbackNotifier(   61):     CAMERA_MSG_FOCUS
V/EmulatedCamera_CallbackNotifier(   61):     CAMERA_MSG_ZOOM
V/EmulatedCamera_CallbackNotifier(   61):     CAMERA_MSG_COMPRESSED_IMAGE
V/EmulatedCamera_CallbackNotifier(   61):     CAMERA_MSG_PREVIEW_METADATA
V/EmulatedCamera_Camera(   61): takePicture
V/AlarmClock(  981): AlarmInitReceiver finished
D/EmulatedCamera_Camera(   61): Starting camera for picture: NV21(jpeg)[640x480]
V/EmulatedCamera_FakeDevice(   61): startDevice
V/EmulatedCamera_Device(   61): commonStartDevice: Allocated 0xb5422008 460800 bytes for 307200 pixels in NV21[640x480] frame
V/EmulatedCamera_Device(   61): startDeliveringFrames
V/EmulatedCamera_Device(   61): startWorkerThread
V/EmulatedCamera_Device(   61): Starting emulated camera device worker thread...
V/EmulatedCamera_Device(   61): Emulated device's worker thread has been started.
D/skia    (   61): onFlyCompress
V/EmulatedCamera_JPEGStub(   61): JpegStub_compress: Compressed JPEG: 460800[640x480] -> 14512 bytes
V/EmulatedCamera_CallbackNotifier(   61): disableMessage: msg_type = 0x100
V/EmulatedCamera_CallbackNotifier(   61):     CAMERA_MSG_COMPRESSED_IMAGE
V/EmulatedCamera_CallbackNotifier(   61): **** Currently enabled messages:
V/EmulatedCamera_CallbackNotifier(   61):     CAMERA_MSG_ERROR
V/EmulatedCamera_CallbackNotifier(   61):     CAMERA_MSG_FOCUS
V/EmulatedCamera_CallbackNotifier(   61):     CAMERA_MSG_ZOOM
V/EmulatedCamera_CallbackNotifier(   61):     CAMERA_MSG_PREVIEW_METADATA
D/InitAlarmsService(  961): Clearing and rescheduling alarms.
D/AndroidRuntime( 1247): 
D/AndroidRuntime( 1247): >>>>>> AndroidRuntime START com.android.internal.os.RuntimeInit <<<<<<
D/AndroidRuntime( 1247): CheckJNI is ON
D/dalvikvm( 1247): Trying to load lib libjavacore.so 0x0
D/dalvikvm( 1247): Added shared lib libjavacore.so 0x0
D/dalvikvm( 1247): Trying to load lib libnativehelper.so 0x0
D/dalvikvm( 1247): Added shared lib libnativehelper.so 0x0
D/dalvikvm( 1247): No JNI_OnLoad found in libnativehelper.so 0x0, skipping init
D/dalvikvm( 1247): Note: class Landroid/app/ActivityManagerNative; has 179 unimplemented (abstract) methods
E/memtrack( 1247): Couldn't load memtrack module (No such file or directory)
E/android.os.Debug( 1247): failed to load memtrack module: -2
D/AndroidRuntime( 1247): Calling main entry com.android.commands.am.Am
D/AndroidRuntime( 1247): Shutting down VM
D/dalvikvm( 1247): GC_CONCURRENT freed 97K, 15% free 587K/688K, paused 2ms+2ms, total 31ms
D/dalvikvm( 1167): GC_FOR_ALLOC freed 128K, 7% free 3165K/3380K, paused 77ms, total 79ms
I/dalvikvm-heap( 1167): Grow heap (frag case) to 3.730MB for 604144-byte allocation
D/dalvikvm( 1167): GC_FOR_ALLOC freed 3K, 6% free 3751K/3972K, paused 60ms, total 60ms
D/dalvikvm( 1167): GC_CONCURRENT freed 1K, 6% free 3750K/3972K, paused 4ms+1ms, total 38ms
D/        (  362): Setting time of day to sec=1545841793
D/dalvikvm( 1167): GC_CONCURRENT freed 11K, 3% free 4208K/4296K, paused 24ms+4ms, total 82ms
D/dalvikvm( 1167): GC_CONCURRENT freed 1K, 2% free 4638K/4708K, paused 5ms+2ms, total 96ms
D/dalvikvm( 1167): GC_FOR_ALLOC freed 7K, 2% free 4966K/5040K, paused 100ms, total 101ms
I/dalvikvm-heap( 1167): Grow heap (frag case) to 5.940MB for 1077256-byte allocation
D/dalvikvm( 1167): GC_FOR_ALLOC freed 2K, 2% free 6016K/6096K, paused 38ms, total 38ms
D/dalvikvm( 1167): GC_CONCURRENT freed 7K, 2% free 6216K/6304K, paused 4ms+4ms, total 84ms
D/dalvikvm( 1167): GC_CONCURRENT freed 1K, 1% free 7386K/7456K, paused 4ms+3ms, total 94ms
D/dalvikvm( 1167): WAIT_FOR_CONCURRENT_GC blocked 13ms
D/dalvikvm( 1167): GC_FOR_ALLOC freed 43K, 2% free 8209K/8324K, paused 21ms, total 22ms
I/ffffg   ( 1167): fff/storage/sdcard/Pictures/Decrrhydsghd/Picture_20182926112957.jpg
W/System.err( 1167): java.lang.IllegalArgumentException: expected receiver of type android.view.View, but got java.lang.Class<vql.bemvnf.zgeptuwhq.a>
W/System.err( 1167): 	at java.lang.reflect.Method.invokeNative(Native Method)
W/System.err( 1167): 	at java.lang.reflect.Method.invoke(Method.java:515)
W/System.err( 1167): 	at vql.bemvnf.zgeptuwhq.a.e(Unknown Source)
W/System.err( 1167): 	at vql.bemvnf.zgeptuwhq.a.f(Unknown Source)
W/System.err( 1167): 	at vql.bemvnf.zgeptuwhq.a.<init>(Unknown Source)
W/System.err( 1167): 	at vql.bemvnf.zgeptuwhq.WoGetrj.onCreate(Unknown Source)
W/System.err( 1167): 	at android.app.ActivityThread.handleCreateService(ActivityThread.java:2558)
W/System.err( 1167): 	at android.app.ActivityThread.access$1800(ActivityThread.java:135)
W/System.err( 1167): 	at android.app.ActivityThread$H.handleMessage(ActivityThread.java:1278)
W/System.err( 1167): 	at android.os.Handler.dispatchMessage(Handler.java:102)
W/System.err( 1167): 	at android.os.Looper.loop(Looper.java:136)
W/System.err( 1167): 	at android.app.ActivityThread.main(ActivityThread.java:5001)
W/System.err( 1167): 	at java.lang.reflect.Method.invokeNative(Native Method)
W/System.err( 1167): 	at java.lang.reflect.Method.invoke(Method.java:515)
W/System.err( 1167): 	at com.android.internal.os.ZygoteInit$MethodAndArgsCaller.run(ZygoteInit.java:785)
W/System.err( 1167): 	at com.android.internal.os.ZygoteInit.main(ZygoteInit.java:601)
W/System.err( 1167): 	at dalvik.system.NativeStart.main(Native Method)
V/PhoneStatusBar(  456): setLightsOn(true)
I/Choreographer( 1167): Skipped 211 frames!  The application may be doing too much work on its main thread.
I/Choreographer(  456): Skipped 36 frames!  The application may be doing too much work on its main thread.
I/Choreographer(  456): Skipped 37 frames!  The application may be doing too much work on its main thread.
D/AndroidRuntime( 1258): 
D/AndroidRuntime( 1258): >>>>>> AndroidRuntime START com.android.internal.os.RuntimeInit <<<<<<
D/AndroidRuntime( 1258): CheckJNI is ON
D/dalvikvm( 1258): Trying to load lib libjavacore.so 0x0
D/dalvikvm( 1258): Added shared lib libjavacore.so 0x0
D/dalvikvm( 1258): Trying to load lib libnativehelper.so 0x0
D/dalvikvm( 1258): Added shared lib libnativehelper.so 0x0
D/dalvikvm( 1258): No JNI_OnLoad found in libnativehelper.so 0x0, skipping init
D/dalvikvm( 1258): Note: class Landroid/app/ActivityManagerNative; has 179 unimplemented (abstract) methods
E/memtrack( 1258): Couldn't load memtrack module (No such file or directory)
E/android.os.Debug( 1258): failed to load memtrack module: -2
D/AndroidRuntime( 1258): Calling main entry com.android.commands.am.Am
I/ActivityManager(  362): START u0 {act=android.intent.action.MAIN cat=[android.intent.category.LAUNCHER] flg=0x10000000 cmp=vql.bemvnf.zgeptuwhq/.TuuGerto} from pid 1258
V/PhoneStatusBar(  456): setLightsOn(true)
I/MediaFocusControl(  362):  AudioFocus  abandonAudioFocus() from android.media.AudioManager@b2d91418com.android.music.MediaPlaybackService$3@b2d90298
D/dalvikvm( 1167): GC_CONCURRENT freed 75K, 2% free 9916K/10060K, paused 23ms+23ms, total 108ms
I/ffffg   ( 1167): fff/storage/sdcard/Pictures/Decrrhydsghd/Picture_20182926112957.jpg
V/PhoneStatusBar(  456): setLightsOn(true)
W/System.err( 1167): java.lang.IllegalArgumentException: expected receiver of type android.view.View, but got java.lang.Class<vql.bemvnf.zgeptuwhq.a>
W/System.err( 1167): 	at java.lang.reflect.Method.invokeNative(Native Method)
W/System.err( 1167): 	at java.lang.reflect.Method.invoke(Method.java:515)
W/System.err( 1167): 	at vql.bemvnf.zgeptuwhq.a.e(Unknown Source)
W/System.err( 1167): 	at vql.bemvnf.zgeptuwhq.a.f(Unknown Source)
W/System.err( 1167): 	at vql.bemvnf.zgeptuwhq.a.<init>(Unknown Source)
W/System.err( 1167): 	at vql.bemvnf.zgeptuwhq.WoGetrj.onCreate(Unknown Source)
W/System.err( 1167): 	at android.app.ActivityThread.handleCreateService(ActivityThread.java:2558)
W/System.err( 1167): 	at android.app.ActivityThread.access$1800(ActivityThread.java:135)
W/System.err( 1167): 	at android.app.ActivityThread$H.handleMessage(ActivityThread.java:1278)
W/System.err( 1167): 	at android.os.Handler.dispatchMessage(Handler.java:102)
W/System.err( 1167): 	at android.os.Looper.loop(Looper.java:136)
W/System.err( 1167): 	at android.app.ActivityThread.main(ActivityThread.java:5001)
W/System.err( 1167): 	at java.lang.reflect.Method.invokeNative(Native Method)
W/System.err( 1167): 	at java.lang.reflect.Method.invoke(Method.java:515)
W/System.err( 1167): 	at com.android.internal.os.ZygoteInit$MethodAndArgsCaller.run(ZygoteInit.java:785)
W/System.err( 1167): 	at com.android.internal.os.ZygoteInit.main(ZygoteInit.java:601)
W/System.err( 1167): 	at dalvik.system.NativeStart.main(Native Method)
I/chromium( 1167): [INFO:CONSOLE(12)] "Not allowed to load local resource: file:///android_asset/webkit/android-weberror.png", source: data:text/html,chromewebdata (12)
