I/PackageManager(  349): /system/app/GpsLocationTest.apk changed; collecting certs
I/PackageManager(  349): /system/app/HTMLViewer.apk changed; collecting certs
I/PackageManager(  349): /system/app/KeyChain.apk changed; collecting certs
D/dalvikvm(  349): GC_CONCURRENT freed 1355K, 69% free 4054K/12736K, paused 13ms+6ms, total 103ms
I/PackageManager(  349): /system/app/LatinIME.apk changed; collecting certs
D/dalvikvm(  349): GC_CONCURRENT freed 473K, 68% free 4092K/12736K, paused 4ms+4ms, total 68ms
D/dalvikvm(  349): WAIT_FOR_CONCURRENT_GC blocked 26ms
D/dalvikvm(  349): GC_CONCURRENT freed 388K, 68% free 4161K/12736K, paused 5ms+3ms, total 38ms
D/dalvikvm(  349): WAIT_FOR_CONCURRENT_GC blocked 28ms
D/dalvikvm(  349): GC_FOR_ALLOC freed 309K, 67% free 4294K/12736K, paused 31ms, total 31ms
D/dalvikvm(  349): GC_CONCURRENT freed 21K, 66% free 4436K/12736K, paused 5ms+14ms, total 76ms
D/dalvikvm(  349): GC_CONCURRENT freed 271K, 64% free 4642K/12736K, paused 6ms+6ms, total 83ms
D/dalvikvm(  349): GC_CONCURRENT freed 326K, 63% free 4835K/12736K, paused 4ms+5ms, total 106ms
I/PackageManager(  349): /system/app/LegacyCamera.apk changed; collecting certs
D/dalvikvm(  349): GC_CONCURRENT freed 415K, 62% free 4954K/12736K, paused 5ms+13ms, total 89ms
D/dalvikvm(  349): WAIT_FOR_CONCURRENT_GC blocked 9ms
D/dalvikvm(  349): GC_CONCURRENT freed 1310K, 68% free 4160K/12736K, paused 5ms+2ms, total 45ms
D/dalvikvm(  349): WAIT_FOR_CONCURRENT_GC blocked 32ms
D/dalvikvm(  349): GC_CONCURRENT freed 481K, 68% free 4190K/12736K, paused 5ms+3ms, total 42ms
D/dalvikvm(  349): WAIT_FOR_CONCURRENT_GC blocked 27ms
D/dalvikvm(  349): GC_CONCURRENT freed 143K, 65% free 4559K/12736K, paused 5ms+14ms, total 91ms
D/dalvikvm(  349): WAIT_FOR_CONCURRENT_GC blocked 7ms
D/dalvikvm(  349): GC_CONCURRENT freed 310K, 63% free 4734K/12736K, paused 5ms+13ms, total 93ms
I/PackageManager(  349): /system/app/LiveWallpapersPicker.apk changed; collecting certs
I/PackageManager(  349): /system/app/Music.apk changed; collecting certs
D/dalvikvm(  349): GC_CONCURRENT freed 466K, 63% free 4780K/12736K, paused 5ms+9ms, total 61ms
D/dalvikvm(  349): WAIT_FOR_CONCURRENT_GC blocked 27ms
D/dalvikvm(  349): GC_CONCURRENT freed 1088K, 68% free 4182K/12736K, paused 5ms+5ms, total 84ms
I/PackageManager(  349): /system/app/NetSpeed.apk changed; collecting certs
I/PackageManager(  349): /system/app/OpenWnn.apk changed; collecting certs
D/dalvikvm(  349): GC_CONCURRENT freed 382K, 67% free 4302K/12736K, paused 5ms+6ms, total 70ms
D/dalvikvm(  349): WAIT_FOR_CONCURRENT_GC blocked 27ms
D/dalvikvm(  349): GC_CONCURRENT freed 665K, 68% free 4149K/12736K, paused 5ms+4ms, total 49ms
D/dalvikvm(  349): WAIT_FOR_CONCURRENT_GC blocked 19ms
D/dalvikvm(  349): GC_CONCURRENT freed 254K, 66% free 4407K/12736K, paused 6ms+3ms, total 70ms
D/dalvikvm(  349): WAIT_FOR_CONCURRENT_GC blocked 22ms
I/PackageManager(  349): /system/app/PacProcessor.apk changed; collecting certs
I/PackageManager(  349): /system/app/PackageInstaller.apk changed; collecting certs
D/dalvikvm(  349): GC_CONCURRENT freed 392K, 65% free 4526K/12736K, paused 4ms+9ms, total 94ms
D/dalvikvm(  349): WAIT_FOR_CONCURRENT_GC blocked 9ms
I/PackageManager(  349): /system/app/PicoTts.apk changed; collecting certs
I/PackageManager(  349): /system/app/PinyinIME.apk changed; collecting certs
D/dalvikvm(  349): GC_CONCURRENT freed 950K, 68% free 4087K/12736K, paused 5ms+4ms, total 59ms
D/dalvikvm(  349): WAIT_FOR_CONCURRENT_GC blocked 23ms
I/PackageManager(  349): /system/app/PrintSpooler.apk changed; collecting certs
I/PackageManager(  349): /system/app/Protips.apk changed; collecting certs
D/dalvikvm(  349): GC_CONCURRENT freed 414K, 68% free 4180K/12736K, paused 5ms+15ms, total 96ms
D/dalvikvm(  349): WAIT_FOR_CONCURRENT_GC blocked 10ms
I/PackageManager(  349): /system/app/QuickSearchBox.apk changed; collecting certs
D/dalvikvm(  349): GC_CONCURRENT freed 503K, 68% free 4189K/12736K, paused 13ms+3ms, total 48ms
D/dalvikvm(  349): WAIT_FOR_CONCURRENT_GC blocked 35ms
I/PackageManager(  349): /system/app/SdkSetup.apk changed; collecting certs
D/dalvikvm(  349): GC_CONCURRENT freed 397K, 67% free 4327K/12736K, paused 13ms+3ms, total 100ms
I/PackageManager(  349): /system/app/SoundRecorder.apk changed; collecting certs
I/PackageManager(  349): /system/app/SpeechRecorder.apk changed; collecting certs
I/PackageManager(  349): /system/app/TelephonyProvider.apk changed; collecting certs
D/dalvikvm(  349): GC_CONCURRENT freed 462K, 66% free 4347K/12736K, paused 5ms+12ms, total 80ms
I/PackageManager(  349): /system/app/UserDictionaryProvider.apk changed; collecting certs
D/PackageManager(  349): No files in app dir /vendor/app
D/dalvikvm(  349): GC_CONCURRENT freed 567K, 67% free 4286K/12736K, paused 5ms+6ms, total 104ms
I/PackageManager(  349): /data/app/ApiDemos.apk changed; collecting certs
W/PackageParser(  349): No actions in intent filter at /data/app/ApiDemos.apk Binary XML file line #2899
W/PackageParser(  349): No actions in intent filter at /data/app/ApiDemos.apk Binary XML file line #2905
D/dalvikvm(  349): GC_CONCURRENT freed 243K, 65% free 4516K/12736K, paused 5ms+3ms, total 46ms
D/dalvikvm(  349): WAIT_FOR_CONCURRENT_GC blocked 33ms
D/dalvikvm(  349): GC_CONCURRENT freed 386K, 64% free 4632K/12736K, paused 5ms+13ms, total 92ms
D/dalvikvm(  349): GC_CONCURRENT freed 271K, 62% free 4859K/12736K, paused 14ms+13ms, total 91ms
D/dalvikvm(  349): GC_CONCURRENT freed 571K, 63% free 4827K/12736K, paused 5ms+3ms, total 69ms
D/dalvikvm(  349): WAIT_FOR_CONCURRENT_GC blocked 26ms
D/dalvikvm(  349): GC_CONCURRENT freed 528K, 63% free 4828K/12736K, paused 5ms+3ms, total 68ms
D/dalvikvm(  349): WAIT_FOR_CONCURRENT_GC blocked 24ms
D/dalvikvm(  349): GC_CONCURRENT freed 501K, 62% free 4901K/12736K, paused 5ms+3ms, total 106ms
D/dalvikvm(  349): GC_CONCURRENT freed 612K, 63% free 4833K/12736K, paused 5ms+3ms, total 69ms
D/dalvikvm(  349): WAIT_FOR_CONCURRENT_GC blocked 28ms
D/dalvikvm(  349): GC_CONCURRENT freed 521K, 62% free 4843K/12736K, paused 4ms+3ms, total 68ms
D/dalvikvm(  349): WAIT_FOR_CONCURRENT_GC blocked 27ms
D/dalvikvm(  349): GC_CONCURRENT freed 528K, 62% free 4846K/12736K, paused 14ms+4ms, total 72ms
D/dalvikvm(  349): WAIT_FOR_CONCURRENT_GC blocked 33ms
D/dalvikvm(  349): GC_CONCURRENT freed 528K, 62% free 4849K/12736K, paused 5ms+3ms, total 70ms
D/dalvikvm(  349): WAIT_FOR_CONCURRENT_GC blocked 26ms
D/dalvikvm(  349): GC_CONCURRENT freed 530K, 62% free 4854K/12736K, paused 15ms+3ms, total 72ms
D/dalvikvm(  349): WAIT_FOR_CONCURRENT_GC blocked 34ms
D/dalvikvm(  349): GC_CONCURRENT freed 528K, 62% free 4856K/12736K, paused 5ms+3ms, total 69ms
D/dalvikvm(  349): WAIT_FOR_CONCURRENT_GC blocked 27ms
D/dalvikvm(  349): GC_CONCURRENT freed 546K, 62% free 4850K/12736K, paused 14ms+3ms, total 70ms
D/dalvikvm(  349): WAIT_FOR_CONCURRENT_GC blocked 32ms
W/PackageManager(  349): Package com.example.android.apis desires unavailable shared library com.example.will.never.exist; ignoring!
I/PackageManager(  349): /data/app/CubeLiveWallpapers.apk changed; collecting certs
I/PackageManager(  349): /data/app/GestureBuilder.apk changed; collecting certs
D/dalvikvm(  349): GC_CONCURRENT freed 381K, 61% free 4981K/12736K, paused 5ms+13ms, total 81ms
I/PackageManager(  349): /data/app/SmokeTest.apk changed; collecting certs
I/PackageManager(  349): /data/app/SmokeTestApp.apk changed; collecting certs
D/dalvikvm(  349): GC_CONCURRENT freed 1117K, 66% free 4436K/12736K, paused 7ms+6ms, total 102ms
I/PackageManager(  349): /data/app/SoftKeyboard.apk changed; collecting certs
D/dalvikvm(  349): GC_CONCURRENT freed 601K, 66% free 4347K/12736K, paused 15ms+3ms, total 83ms
D/dalvikvm(  349): WAIT_FOR_CONCURRENT_GC blocked 21ms
I/PackageManager(  349): /data/app/WidgetPreview.apk changed; collecting certs
W/PackageManager(  349): Package com.example.android.apis desires unavailable shared library com.example.will.never.exist; ignoring!
W/PackageManager(  349): Package com.android.camera desires unavailable shared library com.google.android.media.effects; ignoring!
I/PackageManager(  349): Time to scan packages: 24.066 seconds
W/PackageManager(  349): Not granting permission android.permission.GLOBAL_SEARCH to package com.android.quicksearchbox (protectionLevel=18 flags=0x8be45)
W/PackageManager(  349): Unknown permission com.android.smspush.WAPPUSH_MANAGER_BIND in package com.android.phone
W/PackageManager(  349): Unknown permission com.google.android.googleapps.permission.GOOGLE_AUTH in package com.android.providers.calendar
W/PackageManager(  349): Unknown permission com.google.android.googleapps.permission.GOOGLE_AUTH.cl in package com.android.providers.calendar
W/PackageManager(  349): Unknown permission com.google.android.googleapps.permission.GOOGLE_AUTH.mail in package com.android.calendar
W/PackageManager(  349): Not granting permission android.permission.ACCESS_DOWNLOAD_MANAGER to package com.android.browser (protectionLevel=18 flags=0x9be45)
W/PackageManager(  349): Not granting permission android.permission.SEND_DOWNLOAD_COMPLETED_INTENTS to package com.android.browser (protectionLevel=2 flags=0x9be45)
W/PackageManager(  349): Not granting permission android.permission.BIND_APPWIDGET to package com.android.widgetpreview (protectionLevel=18 flags=0x8be44)
W/PackageManager(  349): Unknown permission android.permission.INSTALL_DRM in package com.android.mms
W/PackageManager(  349): Unknown permission com.google.android.googleapps.permission.GOOGLE_AUTH in package com.android.settings
W/PackageManager(  349): Unknown permission com.google.android.googleapps.permission.ACCESS_GOOGLE_PASSWORD in package com.android.development
W/PackageManager(  349): Unknown permission com.google.android.googleapps.permission.GOOGLE_AUTH in package com.android.development
W/PackageManager(  349): Unknown permission com.google.android.googleapps.permission.GOOGLE_AUTH.ALL_SERVICES in package com.android.development
W/PackageManager(  349): Unknown permission com.google.android.googleapps.permission.GOOGLE_AUTH.YouTubeUser in package com.android.development
W/PackageManager(  349): Not granting permission android.permission.DELETE_PACKAGES to package com.svox.pico (protectionLevel=18 flags=0x8be45)
W/PackageManager(  349): Not granting permission android.permission.DEVICE_POWER to package com.android.deskclock (protectionLevel=2 flags=0x48be45)
D/dalvikvm(  349): GC_CONCURRENT freed 393K, 66% free 4407K/12736K, paused 6ms+5ms, total 84ms
D/dalvikvm(  349): GC_EXPLICIT freed 246K, 67% free 4277K/12736K, paused 3ms+4ms, total 50ms
I/SystemServer(  349): Entropy Mixer
W/EntropyMixer(  349): No existing entropy file -- first boot?
I/EntropyMixer(  349): Writing entropy...
I/SystemServer(  349): User Service
I/SystemServer(  349): Account Manager
I/SystemServer(  349): Content Manager
I/SystemServer(  349): System Content Providers
D/SettingsProvider(  349): User 0 external modification to /data/data/com.android.providers.settings/databases/settings.db; event=2
D/SettingsProvider(  349): User 0 updating our caches for /data/data/com.android.providers.settings/databases/settings.db
I/SyncManager(  349): No initial accounts
I/SyncManager(  349): No initial status
W/SyncManagerFile(  349): Error reading pending data.
W/SyncManagerFile(  349): java.io.FileNotFoundException: /data/system/sync/pending.xml: open failed: ENOENT (No such file or directory)
W/SyncManagerFile(  349): 	at libcore.io.IoBridge.open(IoBridge.java:409)
W/SyncManagerFile(  349): 	at java.io.FileInputStream.<init>(FileInputStream.java:78)
W/SyncManagerFile(  349): 	at android.util.AtomicFile.openRead(AtomicFile.java:199)
W/SyncManagerFile(  349): 	at com.android.server.content.SyncStorageEngine.readPendingOperationsLocked(SyncStorageEngine.java:2286)
W/SyncManagerFile(  349): 	at com.android.server.content.SyncStorageEngine.<init>(SyncStorageEngine.java:434)
W/SyncManagerFile(  349): 	at com.android.server.content.SyncStorageEngine.init(SyncStorageEngine.java:454)
W/SyncManagerFile(  349): 	at com.android.server.content.SyncManager.<init>(SyncManager.java:383)
W/SyncManagerFile(  349): 	at com.android.server.content.ContentService.getSyncManager(ContentService.java:75)
W/SyncManagerFile(  349): 	at com.android.server.content.ContentService.notifyChange(ContentService.java:283)
W/SyncManagerFile(  349): 	at android.content.ContentResolver.notifyChange(ContentResolver.java:1621)
W/SyncManagerFile(  349): 	at com.android.providers.settings.SettingsProvider.sendNotify(SettingsProvider.java:262)
W/SyncManagerFile(  349): 	at com.android.providers.settings.SettingsProvider.insertForUser(SettingsProvider.java:941)
W/SyncManagerFile(  349): 	at com.android.providers.settings.SettingsProvider.ensureAndroidIdIsSet(SettingsProvider.java:496)
W/SyncManagerFile(  349): 	at com.android.providers.settings.SettingsProvider.establishDbTracking(SettingsProvider.java:409)
W/SyncManagerFile(  349): 	at com.android.providers.settings.SettingsProvider.onCreate(SettingsProvider.java:335)
W/SyncManagerFile(  349): 	at android.content.ContentProvider.attachInfo(ContentProvider.java:1591)
W/SyncManagerFile(  349): 	at android.content.ContentProvider.attachInfo(ContentProvider.java:1562)
W/SyncManagerFile(  349): 	at android.app.ActivityThread.installProvider(ActivityThread.java:4774)
W/SyncManagerFile(  349): 	at android.app.ActivityThread.installContentProviders(ActivityThread.java:4369)
W/SyncManagerFile(  349): 	at android.app.ActivityThread.installSystemProviders(ActivityThread.java:4929)
W/SyncManagerFile(  349): 	at com.android.server.am.ActivityManagerService.installSystemProviders(ActivityManagerService.java:8081)
W/SyncManagerFile(  349): 	at com.android.server.ServerThread.initAndLoop(SystemServer.java:275)
W/SyncManagerFile(  349): 	at com.android.server.SystemServer.main(SystemServer.java:1179)
W/SyncManagerFile(  349): 	at java.lang.reflect.Method.invokeNative(Native Method)
W/SyncManagerFile(  349): 	at java.lang.reflect.Method.invoke(Method.java:515)
W/SyncManagerFile(  349): 	at com.android.internal.os.ZygoteInit$MethodAndArgsCaller.run(ZygoteInit.java:785)
W/SyncManagerFile(  349): 	at com.android.internal.os.ZygoteInit.main(ZygoteInit.java:601)
W/SyncManagerFile(  349): 	at dalvik.system.NativeStart.main(Native Method)
W/SyncManagerFile(  349): Caused by: libcore.io.ErrnoException: open failed: ENOENT (No such file or directory)
W/SyncManagerFile(  349): 	at libcore.io.Posix.open(Native Method)
W/SyncManagerFile(  349): 	at libcore.io.BlockGuardOs.open(BlockGuardOs.java:110)
W/SyncManagerFile(  349): 	at libcore.io.IoBridge.open(IoBridge.java:393)
W/SyncManagerFile(  349): 	... 27 more
I/SyncManager(  349): No initial statistics
D/SettingsProvider(  349): Generated and saved new ANDROID_ID [c4a49fa372f1a76d] for user 0
I/SystemServer(  349): Lights Service
I/SystemServer(  349): Battery Service
E/ConsumerIrService(  349): Can't open consumer IR HW Module, error: -2
I/SystemServer(  349): Vibrator Service
I/SystemServer(  349): Consumer IR Service
W/libsuspend(  349): Error writing 'on' to /sys/power/state: Invalid argument
E/libsuspend(  349): Error opening /sys/power/autosleep: No such file or directory
I/libsuspend(  349): Selected wakeup count
D/PermissionCache(   57): checking android.permission.ACCESS_SURFACE_FLINGER for uid=1000 => granted (2721 us)
D/SurfaceFlinger(   57): Screen acquired, type=0 flinger=0xb7147450
D/SurfaceFlinger(   57):  screen was previously acquired
I/SystemServer(  349): Alarm Manager
I/SystemServer(  349): Init Watchdog
I/SystemServer(  349): Input Manager
I/InputManager(  349): Initializing input manager, mUseDevInputEventForAudioJack=false
I/SystemServer(  349): Window Manager
I/WindowManager(  349): No existing display settings /data/system/display_settings.xml; starting empty
D/dalvikvm(  349): GC_CONCURRENT freed 294K, 65% free 4458K/12736K, paused 5ms+12ms, total 168ms
I/WindowManager(  349): No keyguard interface!
I/InputManager(  349): Starting input manager
I/SystemServer(  349): No Bluetooh Service (emulator)
I/SystemServer(  349): Input Method Service
E/EventHub(  349): could not get driver version for /dev/input/mouse0, Not a typewriter
W/EventHub(  349): Unable to disable kernel key repeat for /dev/input/event0: Function not implemented
I/EventHub(  349): New device: id=1, fd=93, path='/dev/input/event0', name='qwerty2', classes=0x2d, configuration='/system/usr/idc/qwerty2.idc', keyLayout='/system/usr/keylayout/qwerty.kl', keyCharacterMap='/system/usr/keychars/qwerty2.kcm', builtinKeyboard=true, usingSuspendBlockIoctl=true, usingClockIoctl=true
E/EventHub(  349): could not get driver version for /dev/input/mice, Not a typewriter
I/InputReader(  349): Device added: id=-1, name='Virtual', sources=0x00000301
I/InputReader(  349):   Touch device 'qwerty2' could not query the properties of its associated display.  The device will be inoperable until the display size becomes available.
I/InputReader(  349): Device added: id=0, name='qwerty2', sources=0x00011307
W/InputMethodManagerService(  349): No IME selected. Choose the most applicable IME.
I/InputMethodManagerService(  349): No default found, using com.android.inputmethod.latin/.LatinIME
I/SystemServer(  349): Accessibility Manager
I/InputReader(  349): Reconfiguring input devices.  changes=0x00000004
I/InputReader(  349): Device reconfigured: id=0, name='qwerty2', size 480x864, orientation 0, mode 1, display id 0
I/ActivityManager(  349): Config changes=1df8 {1.0 ?mcc?mnc en_US ldltr sw480dp w480dp h864dp 160dpi lrg long port ?uimode ?night -touch -keyb/h/h tball/v s.2}
I/ActivityManager(  349): Config changes=408 {1.0 ?mcc?mnc en_US ldltr sw480dp w480dp h839dp 160dpi lrg long port ?uimode ?night finger -keyb/h/h tball/v s.3}
I/SystemServer(  349): Mount Service
D/MountService(  349): got storage path: /storage/sdcard description: USB storage primary: true removable: false emulated: false mtpReserve: 0 allowMassStorage: false maxFileSize: 0
D/MountService(  349): addVolumeLocked() StorageVolume:
D/MountService(  349):     mStorageId=0 mPath=/storage/sdcard mDescriptionId=17040665 mPrimary=true 
D/MountService(  349):     mRemovable=false mEmulated=false mMtpReserveSpace=0 
D/MountService(  349):     mAllowMassStorage=false mMaxFileSize=0 mOwner=null mUuid=null 
D/MountService(  349):     mUserLabel=null mState=null 
I/SystemServer(  349): LockSettingsService
I/SystemServer(  349): Device Policy
I/SystemServer(  349): Status Bar
I/SystemServer(  349): Clipboard Service
I/SystemServer(  349): NetworkManagement Service
I/SystemServer(  349): Text Service Manager Service
W/MountService(  349): Duplicate state transition (unmounted -> unmounted) for /storage/sdcard
W/MountService(  349): getSecureContainerList() called when storage not mounted
I/PackageManager(  349): No secure containers on sdcard
I/SystemServer(  349): NetworkStats Service
I/SystemServer(  349): NetworkPolicy Service
I/SystemServer(  349): Wi-Fi P2pService
W/PackageManager(  349): Not granting permission android.permission.GLOBAL_SEARCH to package com.android.quicksearchbox (protectionLevel=18 flags=0x8be45)
W/PackageManager(  349): Unknown permission com.android.smspush.WAPPUSH_MANAGER_BIND in package com.android.phone
W/PackageManager(  349): Unknown permission com.google.android.googleapps.permission.GOOGLE_AUTH in package com.android.providers.calendar
W/PackageManager(  349): Unknown permission com.google.android.googleapps.permission.GOOGLE_AUTH.cl in package com.android.providers.calendar
W/PackageManager(  349): Unknown permission com.google.android.googleapps.permission.GOOGLE_AUTH.mail in package com.android.calendar
W/PackageManager(  349): Not granting permission android.permission.ACCESS_DOWNLOAD_MANAGER to package com.android.browser (protectionLevel=18 flags=0x9be45)
W/PackageManager(  349): Not granting permission android.permission.SEND_DOWNLOAD_COMPLETED_INTENTS to package com.android.browser (protectionLevel=2 flags=0x9be45)
W/PackageManager(  349): Not granting permission android.permission.BIND_APPWIDGET to package com.android.widgetpreview (protectionLevel=18 flags=0x8be44)
W/PackageManager(  349): Unknown permission android.permission.INSTALL_DRM in package com.android.mms
W/PackageManager(  349): Unknown permission com.google.android.googleapps.permission.GOOGLE_AUTH in package com.android.settings
D/dalvikvm(  349): GC_CONCURRENT freed 260K, 64% free 4609K/12736K, paused 5ms+5ms, total 95ms
W/PackageManager(  349): Unknown permission com.google.android.googleapps.permission.ACCESS_GOOGLE_PASSWORD in package com.android.development
W/PackageManager(  349): Unknown permission com.google.android.googleapps.permission.GOOGLE_AUTH in package com.android.development
W/PackageManager(  349): Unknown permission com.google.android.googleapps.permission.GOOGLE_AUTH.ALL_SERVICES in package com.android.development
W/PackageManager(  349): Unknown permission com.google.android.googleapps.permission.GOOGLE_AUTH.YouTubeUser in package com.android.development
W/PackageManager(  349): Not granting permission android.permission.DELETE_PACKAGES to package com.svox.pico (protectionLevel=18 flags=0x8be45)
W/PackageManager(  349): Not granting permission android.permission.DEVICE_POWER to package com.android.deskclock (protectionLevel=2 flags=0x48be45)
I/SystemServer(  349): Wi-Fi Service
D/WifiController(  349): isAirplaneModeOn = false, isWifiEnabled = false, isScanningAvailable = false
I/SystemServer(  349): Connectivity Service
D/ConnectivityService(  349): ConnectivityService starting up
D/ConnectivityService(  349): wifiOnly=false
E/MobileDataStateTracker(  349): default: Ignoring feature request because could not acquire PhoneService
E/MobileDataStateTracker(  349): default: Could not enable APN type "default"
I/WifiService(  349): WifiService starting up with Wi-Fi disabled
I/SystemServer(  349): Network Service Discovery Service
D/NsdService(  349): Network service discovery enabled true
I/SystemServer(  349): UpdateLock Service
I/SystemServer(  349): Notification Manager
D/dalvikvm(  349): GC_CONCURRENT freed 278K, 63% free 4751K/12736K, paused 13ms+6ms, total 94ms
I/SystemServer(  349): Device Storage Monitor
I/SystemServer(  349): Location Manager
I/SystemServer(  349): Country Detector
I/SystemServer(  349): Search Service
I/SystemServer(  349): DropBox Service
I/SystemServer(  349): Wallpaper Service
W/WallpaperService(  349): no current wallpaper -- first boot?
I/SystemServer(  349): Audio Service
I/SystemServer(  349): Dock Observer
W/DockObserver(  349): This kernel does not have dock station support
I/SystemServer(  349): Wired Accessory Manager
W/WiredAccessoryManager(  349): This kernel does not have wired headset support
W/WiredAccessoryManager(  349): This kernel does not have usb audio support
W/WiredAccessoryManager(  349): This kernel does not have HDMI audio support
I/SystemServer(  349): USB Service
I/SystemServer(  349): Serial Service
I/SystemServer(  349): Twilight Service
I/SystemServer(  349): UI Mode Manager Service
I/SystemServer(  349): Backup Service
V/BackupManagerService(  349): Initializing package tracking
V/BackupManagerService(  349): No ancestral data
V/BackupManagerService(  349): addPackageParticipantsLocked: all
I/BackupManagerService(  349): Scheduling backup for new app com.android.calendar
D/BackupManagerService(  349): Now staging backup of com.android.calendar
I/BackupManagerService(  349): Scheduling backup for new app com.android.browser
D/BackupManagerService(  349): Now staging backup of com.android.browser
I/BackupManagerService(  349): Scheduling backup for new app com.android.providers.userdictionary
D/BackupManagerService(  349): Now staging backup of com.android.providers.userdictionary
I/BackupManagerService(  349): Scheduling backup for new app com.android.sharedstoragebackup
D/BackupManagerService(  349): Now staging backup of com.android.sharedstoragebackup
I/BackupManagerService(  349): Scheduling backup for new app android
D/BackupManagerService(  349): Now staging backup of android
I/BackupManagerService(  349): Scheduling backup for new app com.android.dialer
D/BackupManagerService(  349): Now staging backup of com.android.dialer
I/BackupManagerService(  349): Scheduling backup for new app com.android.providers.settings
D/BackupManagerService(  349): Now staging backup of com.android.providers.settings
V/BackupManagerService(  349): Starting with transport android/com.android.internal.backup.LocalTransport
V/BackupManagerService(  349): Found transports: 1
I/BackupManagerService(  349): Binding to transport host ComponentInfo{android/com.android.internal.backup.LocalTransportService}
I/BackupManagerService(  349): Backup enabled => true
I/SystemServer(  349): AppWidget Service
I/SystemServer(  349): Recognition Service
I/SystemServer(  349): DiskStats Service
I/SystemServer(  349): SamplingProfiler Service
I/SystemServer(  349): NetworkTimeUpdateService
I/SystemServer(  349): CommonTimeManagementService
I/SystemServer(  349): CertBlacklister
I/SystemServer(  349): Dreams Service
I/SystemServer(  349): Assets Atlas Service
I/SystemServer(  349): IdleMaintenanceService
I/SystemServer(  349): Print Service
D/Atlas   (  349): Computing best atlas configuration...
D/Atlas   (  349): Running Thread-50
I/WindowManager(  349): SAFE MODE not enabled
I/SystemServer(  349): Media Router Service
D/Atlas   (  349): Found best atlas configuration in 0.10s
D/dalvikvm(  349): GC_CONCURRENT freed 308K, 62% free 4957K/12736K, paused 7ms+5ms, total 144ms
D/dalvikvm(  349): WAIT_FOR_CONCURRENT_GC blocked 55ms
D/Atlas   (  349): Loaded configuration: SliceMinArea (768x768) flags=0x2 count=24
E/SQLiteLog(  349): (1) no such table: locksettings
D/gralloc_goldfish(  349): Emulator without GPU emulation detected.
I/LockSettingsService(  349): Migrated lock settings to new location
I/LockSettingsService(  349): Migrated per-user lock settings to new location
W/AssetAtlasService(  349): Could not find EGL configuration
D/Atlas   (  349): Rendered atlas in 20.72ms (17.67+3.05ms)
I/Zygote  (  349): Process: zygote socket opened
V/KeyguardServiceDelegate(  349): *** Keyguard started
V/KeyguardServiceDelegate(  349): onSystemReady() called before keyguard service was ready
I/ActivityManager(  349): Start proc com.android.systemui for service com.android.keyguard/.KeyguardService: pid=438 uid=10007 gids={50007, 1028, 1015, 1035, 3002, 3001}
F/SystemServer(  349): BOOT FAILURE making Package Manager Service ready
F/SystemServer(  349): java.lang.SecurityException: Unable to find app for caller android.app.ActivityThread$ApplicationThread@b35ff0d0 (pid=349) when registering receiver android.app.LoadedApk$ReceiverDispatcher$InnerReceiver@b2d91dd0
F/SystemServer(  349): 	at com.android.server.am.ActivityManagerService.registerReceiver(ActivityManagerService.java:13021)
F/SystemServer(  349): 	at android.app.ContextImpl.registerReceiverInternal(ContextImpl.java:1450)
F/SystemServer(  349): 	at android.app.ContextImpl.registerReceiverAsUser(ContextImpl.java:1425)
F/SystemServer(  349): 	at com.android.internal.content.PackageMonitor.register(PackageMonitor.java:84)
F/SystemServer(  349): 	at com.android.server.pm.UserManagerService.systemReady(UserManagerService.java:237)
F/SystemServer(  349): 	at com.android.server.pm.PackageManagerService.systemReady(PackageManagerService.java:10476)
F/SystemServer(  349): 	at com.android.server.ServerThread.initAndLoop(SystemServer.java:893)
F/SystemServer(  349): 	at com.android.server.SystemServer.main(SystemServer.java:1179)
F/SystemServer(  349): 	at java.lang.reflect.Method.invokeNative(Native Method)
F/SystemServer(  349): 	at java.lang.reflect.Method.invoke(Method.java:515)
F/SystemServer(  349): 	at com.android.internal.os.ZygoteInit$MethodAndArgsCaller.run(ZygoteInit.java:785)
F/SystemServer(  349): 	at com.android.internal.os.ZygoteInit.main(ZygoteInit.java:601)
F/SystemServer(  349): 	at dalvik.system.NativeStart.main(Native Method)
W/SystemServer(  349): ***********************************************
I/ActivityManager(  349): Sending system update to ComponentInfo{com.android.providers.calendar/com.android.providers.calendar.CalendarUpgradeReceiver} for user 0
I/ActivityManager(  349): Sending system update to ComponentInfo{com.android.providers.contacts/com.android.providers.contacts.ContactsUpgradeReceiver} for user 0
I/ActivityManager(  349): Sending system update to ComponentInfo{com.android.providers.media/com.android.providers.media.MediaUpgradeReceiver} for user 0
I/SystemServer(  349): Enabled StrictMode for system server main thread.
I/ActivityManager(  349): Start proc com.android.providers.calendar for broadcast com.android.providers.calendar/.CalendarUpgradeReceiver: pid=449 uid=10001 gids={50001, 3003, 1028, 1015}
I/Choreographer(  349): Skipped 40 frames!  The application may be doing too much work on its main thread.
W/InputMethodManagerService(  349): Focus gain on non-focused client android.view.inputmethod.InputMethodManager$1@b32724d8 (uid=1000 pid=349)
V/BackupManagerService(  349): Connected to transport ComponentInfo{android/com.android.internal.backup.LocalTransportService}
V/BackupManagerService(  349): Registering transport android/com.android.internal.backup.LocalTransportService::android/com.android.internal.backup.LocalTransport = com.android.internal.backup.LocalTransport@b36a6220
I/ActivityManager(  349): Launching preboot mode app: ProcessRecord{b36a2010 449:com.android.providers.calendar/u0a1}
E/SoundPool(  438): error loading /system/media/audio/ui/Lock.ogg
W/KeyguardViewMediator(  438): failed to load lock sound from /system/media/audio/ui/Lock.ogg
E/SoundPool(  438): error loading /system/media/audio/ui/Unlock.ogg
W/KeyguardViewMediator(  438): failed to load unlock sound from /system/media/audio/ui/Unlock.ogg
V/KeyguardService(  438): onCreate()
V/KeyguardServiceDelegate(  349): *** Keyguard connected (yay!)
V/KeyguardServiceDelegate(  349): **** SHOWN CALLED ****
D/dalvikvm(  349): GC_CONCURRENT freed 325K, 61% free 5090K/12736K, paused 6ms+4ms, total 94ms
I/ActivityManager(  349): Start proc android.process.acore for broadcast com.android.providers.contacts/.ContactsUpgradeReceiver: pid=468 uid=10002 gids={50002, 3003, 1028, 1015}
I/ActivityManager(  349): Launching preboot mode app: ProcessRecord{b31ca788 468:android.process.acore/u0a2}
I/ContactsUpgradeReceiver(  468): Creating or opening contacts database
D/dalvikvm(  468): GC_CONCURRENT freed 390K, 15% free 2808K/3296K, paused 5ms+31ms, total 92ms
I/ContactsDatabaseHelper(  468): Bootstrapping database version: 803
D/dalvikvm(  468): GC_CONCURRENT freed 326K, 13% free 2879K/3304K, paused 4ms+11ms, total 39ms
I/ContactsProviderV1(  468): Bootstrapping database legacy support
I/ContactsDatabaseHelper(  468): Bootstrapping database version: 803
D/dalvikvm(  468): GC_CONCURRENT freed 340K, 13% free 2938K/3368K, paused 3ms+3ms, total 39ms
I/ContactsProviderV1(  468): Bootstrapping database legacy support
I/ContactsProvider(  468): Locale has changed from null to en_US
I/ContactsDatabaseHelper(  468): Switching to locale en_US (ICU v51.1.0.1)
D/dalvikvm(  468): GC_CONCURRENT freed 351K, 13% free 3034K/3484K, paused 12ms+3ms, total 61ms
I/ContactsDatabaseHelper(  468): Locale change completed in 466ms
I/ContactsDatabaseHelper(  468): Switching to locale en_US (ICU v51.1.0.1)
D/dalvikvm(  468): GC_CONCURRENT freed 376K, 14% free 3057K/3532K, paused 4ms+13ms, total 43ms
I/ContactsDatabaseHelper(  468): Locale change completed in 572ms
I/ActivityManager(  349): Start proc android.process.media for broadcast com.android.providers.media/.MediaUpgradeReceiver: pid=486 uid=10005 gids={50005, 1028, 1015, 1023, 1024, 2001, 3003, 3007}
I/ActivityManager(  349): Launching preboot mode app: ProcessRecord{b3255078 486:android.process.media/u0a5}
I/ActivityManager(  349): Writing new set of last done pre-boot receivers...
I/ActivityManager(  349): Removing system update proc: ProcessRecord{b36a2010 449:com.android.providers.calendar/u0a1}
I/ActivityManager(  349): Killing 449:com.android.providers.calendar/u0a1 (adj 13): system update done
I/ActivityManager(  349): Removing system update proc: ProcessRecord{b31ca788 468:android.process.acore/u0a2}
I/ActivityManager(  349): Killing 468:android.process.acore/u0a2 (adj 11): system update done
I/ActivityManager(  349): Removing system update proc: ProcessRecord{b3255078 486:android.process.media/u0a5}
I/ActivityManager(  349): Killing 486:android.process.media/u0a5 (adj 9): system update done
I/ActivityManager(  349): System now ready
I/SystemServer(  349): Making services ready
D/NetworkManagementService(  349): enabling bandwidth control
I/Vold    (   52): /dev/block/vold/179:0 being considered for volume sdcard
D/Vold    (   52): Volume sdcard state changing 1 (Idle-Unmounted) -> 3 (Checking)
D/MountService(  349): volume state changed for /storage/sdcard (unmounted -> checking)
D/MountService(  349): sendStorageIntent Intent { act=android.intent.action.MEDIA_CHECKING dat=file:///storage/sdcard (has extras) } to UserHandle{-1}
D/dalvikvm(  349): GC_CONCURRENT freed 440K, 59% free 5229K/12736K, paused 6ms+55ms, total 249ms
I/fsck_msdos(   52): ** /dev/block/vold/179:0
I/fsck_msdos(   52): Invalid signature in fsinfo block
D/SystemUIService(  438): loading: class com.android.systemui.recent.Recents
D/SystemUIService(  438): running: com.android.systemui.recent.Recents@b2d80010
D/SystemUIService(  438): loading: class com.android.systemui.statusbar.SystemBars
D/SystemUIService(  438): running: com.android.systemui.statusbar.SystemBars@b2d805f8
D/SystemUIService(  438): loading: class com.android.systemui.usb.StorageNotification
D/SystemUIService(  438): running: com.android.systemui.usb.StorageNotification@b2d82348
I/fsck_msdos(   52): FIXED
I/fsck_msdos(   52): ** Phase 1 - Read and Compare FATs
I/fsck_msdos(   52): Attempting to allocate 794 KB for FAT
D/SystemUIService(  438): loading: class com.android.systemui.power.PowerUI
D/SystemUIService(  438): running: com.android.systemui.power.PowerUI@b2d83a60
D/SystemUIService(  438): loading: class com.android.systemui.media.RingtonePlayer
D/SystemUIService(  438): running: com.android.systemui.media.RingtonePlayer@b2d849e0
D/SystemUIService(  438): loading: class com.android.systemui.settings.SettingsUI
D/SystemUIService(  438): running: com.android.systemui.settings.SettingsUI@b2d85cc8
I/fsck_msdos(   52): Attempting to allocate 794 KB for FAT
I/StatusBarManagerService(  349): registerStatusBar bar=com.android.internal.statusbar.IStatusBar$Stub$Proxy@b3381400
D/PhoneStatusBar(  438): mSettingsPanelGravity = 55
I/fsck_msdos(   52): ** Phase 2 - Check Cluster Chains
I/fsck_msdos(   52): ** Phase 3 - Checking Directories
I/fsck_msdos(   52): ** Phase 4 - Checking for Lost Files
I/fsck_msdos(   52): Free space in FSInfo block (201592) not correct (201591)
I/fsck_msdos(   52): FIXED
I/fsck_msdos(   52): 1 files, 100795 free (201591 clusters)
I/Vold    (   52): Filesystem check completed OK
D/dalvikvm(  438): GC_CONCURRENT freed 284K, 12% free 2829K/3208K, paused 5ms+34ms, total 253ms
W/Vold    (   52): blkid failed to identify /dev/block/vold/179:0
D/Vold    (   52): Volume sdcard state changing 3 (Checking) -> 4 (Mounted)
I/PackageManager(  349): Updating external media status from unmounted to mounted
D/MountService(  349): volume state changed for /storage/sdcard (checking -> mounted)
D/MountService(  349): sendStorageIntent Intent { act=android.intent.action.MEDIA_MOUNTED dat=file:///storage/sdcard (has extras) } to UserHandle{-1}
E/VoldConnector(  349): NDC Command {3 volume mount /storage/sdcard} took too long (894ms)
D/dalvikvm(  438): GC_FOR_ALLOC freed 35K, 9% free 2947K/3208K, paused 35ms, total 45ms
I/PackageManager(  349): No secure containers on sdcard
W/PackageManager(  349): Not granting permission android.permission.GLOBAL_SEARCH to package com.android.quicksearchbox (protectionLevel=18 flags=0x88be45)
W/PackageManager(  349): Unknown permission com.android.smspush.WAPPUSH_MANAGER_BIND in package com.android.phone
W/PackageManager(  349): Unknown permission com.google.android.googleapps.permission.GOOGLE_AUTH in package com.android.providers.calendar
W/PackageManager(  349): Unknown permission com.google.android.googleapps.permission.GOOGLE_AUTH.cl in package com.android.providers.calendar
W/PackageManager(  349): Unknown permission com.google.android.googleapps.permission.GOOGLE_AUTH.mail in package com.android.calendar
W/PackageManager(  349): Not granting permission android.permission.ACCESS_DOWNLOAD_MANAGER to package com.android.browser (protectionLevel=18 flags=0x89be45)
W/PackageManager(  349): Not granting permission android.permission.SEND_DOWNLOAD_COMPLETED_INTENTS to package com.android.browser (protectionLevel=2 flags=0x89be45)
W/PackageManager(  349): Not granting permission android.permission.BIND_APPWIDGET to package com.android.widgetpreview (protectionLevel=18 flags=0x8be44)
W/PackageManager(  349): Unknown permission android.permission.INSTALL_DRM in package com.android.mms
W/PackageManager(  349): Unknown permission com.google.android.googleapps.permission.GOOGLE_AUTH in package com.android.settings
W/PackageManager(  349): Unknown permission com.google.android.googleapps.permission.ACCESS_GOOGLE_PASSWORD in package com.android.development
W/PackageManager(  349): Unknown permission com.google.android.googleapps.permission.GOOGLE_AUTH in package com.android.development
W/PackageManager(  349): Unknown permission com.google.android.googleapps.permission.GOOGLE_AUTH.ALL_SERVICES in package com.android.development
W/PackageManager(  349): Unknown permission com.google.android.googleapps.permission.GOOGLE_AUTH.YouTubeUser in package com.android.development
W/PackageManager(  349): Not granting permission android.permission.DELETE_PACKAGES to package com.svox.pico (protectionLevel=18 flags=0x88be45)
W/PackageManager(  349): Not granting permission android.permission.DEVICE_POWER to package com.android.deskclock (protectionLevel=2 flags=0xc8be45)
E/BluetoothAdapter(  438): Bluetooth binder is null
E/BluetoothAdapter(  438): Bluetooth binder is null
D/dalvikvm(  438): GC_CONCURRENT freed 52K, 6% free 3306K/3484K, paused 4ms+32ms, total 81ms
E/BluetoothAdapter(  438): Bluetooth binder is null
E/BluetoothAdapter(  438): Bluetooth binder is null
I/ActivityManager(  349): Start proc android.process.acore for content provider com.android.providers.contacts/.ContactsProvider2: pid=535 uid=10002 gids={50002, 3003, 1028, 1015}
D/PhoneStatusBar(  438): disable: < expand icons alerts ticker system_info back home recent clock search >
E/NetdConnector(  349): NDC Command {1 bandwidth enable} took too long (3195ms)
E/BluetoothAdapter(  438): Bluetooth binder is null
D/PhoneStatusBar(  438): heads up is disabled
I/Choreographer(  438): Skipped 462 frames!  The application may be doing too much work on its main thread.
D/dalvikvm(  349): GC_CONCURRENT freed 633K, 60% free 5112K/12736K, paused 31ms+5ms, total 407ms
E/NetdConnector(  349): NDC Command {2 firewall disable} took too long (761ms)
D/dalvikvm(  438): GC_CONCURRENT freed 143K, 7% free 3554K/3792K, paused 133ms+4ms, total 202ms
I/Choreographer(  438): Skipped 330 frames!  The application may be doing too much work on its main thread.
D/gralloc_goldfish(  438): Emulator without GPU emulation detected.
I/Choreographer(  438): Skipped 37 frames!  The application may be doing too much work on its main thread.
D/dalvikvm(  535): GC_CONCURRENT freed 251K, 11% free 2958K/3304K, paused 55ms+327ms, total 539ms
D/dalvikvm(  535): WAIT_FOR_CONCURRENT_GC blocked 3ms
D/dalvikvm(  535): WAIT_FOR_CONCURRENT_GC blocked 17ms
E/NetdConnector(  349): NDC Command {5 firewall disable} took too long (584ms)
I/ActivityManager(  349): Config changes=200 {1.0 ?mcc?mnc en_US ldltr sw480dp w480dp h839dp 160dpi lrg long port finger -keyb/h/h tball/v s.4}
W/RecognitionManagerService(  349): no available voice recognition services found for user 0
D/PhoneStatusBar(  438): mSettingsPanelGravity = 55
W/AppWidgetServiceImpl(  349): Failed to read state: java.io.FileNotFoundException: /data/system/users/0/appwidgets.xml: open failed: ENOENT (No such file or directory)
W/InputMethodManagerService(  349): Ignoring setImeWindowStatus of uid 1000 token: null
W/InputMethodUtils(  349): Found no subtypes in a system IME: com.android.inputmethod.pinyin
W/InputMethodManagerService(  349): Reset the default IME as "Resource" is ready here.
W/InputMethodUtils(  349): Found no subtypes in a system IME: com.android.inputmethod.pinyin
I/InputMethodManagerService(  349): Selected default: com.android.inputmethod.latin/.LatinIME
I/ActivityManager(  349): Start proc com.android.inputmethod.latin for service com.android.inputmethod.latin/.LatinIME: pid=575 uid=10029 gids={50029, 1028, 1015}
V/InputMethodManagerService(  349): Adding window token: android.os.Binder@b32a7588
I/ActivityManager(  349): Config changes=20 {1.0 ?mcc?mnc en_US ldltr sw480dp w480dp h839dp 160dpi lrg long port finger -keyb/v/h tball/v s.5}
W/InputMethodManagerService(  349): Illegal subtype state: old subtype = null, new subtype = android.view.inputmethod.InputMethodSubtype@c9194f98
W/GpsLocationProvider(  349): Could not open GPS configuration file /etc/gps.conf
W/ServiceWatcher(  349): com.google.android.location not found
W/ServiceWatcher(  349): com.google.android.location not found
W/ServiceWatcher(  349): com.google.android.location not found
W/LocationManagerService(  349): no network location provider found
D/dalvikvm(  438): GC_FOR_ALLOC freed 95K, 7% free 3558K/3792K, paused 182ms, total 184ms
W/ServiceWatcher(  349): com.google.android.location not found
E/FlpHardwareProvider(  349): Error hw_get_module 'flp': -2
W/ServiceWatcher(  349): com.google.android.location not found
E/FlpHardwareProvider(  349): Error hw_get_module 'flp': -2
W/ServiceWatcher(  349): com.google.android.location not found
E/LocationManagerService(  349): no geocoder provider found
E/LocationManagerService(  349): No FusedProvider found.
I/CommonTimeManagementService(  349): No common time service detected on this platform.  Common time services will be unavailable.
E/LocationManagerService(  349): no geofence provider found
I/InputReader(  349): Reconfiguring input devices.  changes=0x00000020
I/dalvikvm-heap(  438): Grow heap (frag case) to 6.495MB for 3072016-byte allocation
D/dalvikvm(  438): GC_FOR_ALLOC freed 4K, 4% free 6554K/6796K, paused 45ms, total 45ms
D/dalvikvm(  349): GC_CONCURRENT freed 456K, 59% free 5262K/12736K, paused 56ms+37ms, total 301ms
D/dalvikvm(  349): WAIT_FOR_CONCURRENT_GC blocked 82ms
D/dalvikvm(  349): WAIT_FOR_CONCURRENT_GC blocked 91ms
I/InputReader(  349): Reconfiguring input devices.  changes=0x00000010
D/dalvikvm(  349): WAIT_FOR_CONCURRENT_GC blocked 94ms
D/dalvikvm(  349): WAIT_FOR_CONCURRENT_GC blocked 69ms
I/ActivityManager(  349): Start proc com.android.phone for added application com.android.phone: pid=589 uid=1001 gids={41001, 3002, 3001, 3003, 1028, 1015}
D/dalvikvm(  438): GC_CONCURRENT freed 0K, 4% free 6555K/6796K, paused 4ms+54ms, total 121ms
I/ActivityManager(  349): START u0 {act=android.intent.action.MAIN cat=[android.intent.category.HOME] flg=0x10000000 cmp=com.android.settings/.CryptKeeper} from pid 0
I/ActivityManager(  349): Start proc com.android.settings for activity com.android.settings/.CryptKeeper: pid=599 uid=1000 gids={41000, 1028, 1015, 3002, 3001, 3003}
I/ActivityManager(  349): Start proc android.process.media for broadcast com.android.providers.downloads/.DownloadReceiver: pid=606 uid=10005 gids={50005, 1028, 1015, 1023, 1024, 2001, 3003, 3007}
D/dalvikvm(   58): GC_EXPLICIT freed 38K, 5% free 2705K/2840K, paused 3ms+2ms, total 95ms
D/dalvikvm(   58): GC_EXPLICIT freed <1K, 5% free 2705K/2840K, paused 24ms+2ms, total 68ms
D/dalvikvm(   58): GC_EXPLICIT freed <1K, 5% free 2705K/2840K, paused 13ms+13ms, total 54ms
D/dalvikvm(  438): GC_FOR_ALLOC freed 3002K, 7% free 3557K/3792K, paused 29ms, total 30ms
I/dalvikvm-heap(  438): Grow heap (frag case) to 6.495MB for 3072016-byte allocation
D/dalvikvm(  438): GC_CONCURRENT freed <1K, 4% free 6557K/6796K, paused 4ms+13ms, total 58ms
D/PhoneStatusBar(  438): mSettingsPanelGravity = 55
I/FusedLocation(  349): engine started (com.android.location.fused)
I/Choreographer(  438): Skipped 104 frames!  The application may be doing too much work on its main thread.
V/StatusBar(  438): userId 0 is in the house
I/Choreographer(  438): Skipped 49 frames!  The application may be doing too much work on its main thread.
I/LatinIME(  575): Hardware accelerated drawing: true
D/dalvikvm(  349): GC_CONCURRENT freed 568K, 59% free 5337K/12736K, paused 28ms+5ms, total 158ms
D/dalvikvm(  349): WAIT_FOR_CONCURRENT_GC blocked 66ms
D/dalvikvm(  349): WAIT_FOR_CONCURRENT_GC blocked 56ms
D/dalvikvm(  349): WAIT_FOR_CONCURRENT_GC blocked 32ms
D/dalvikvm(  349): WAIT_FOR_CONCURRENT_GC blocked 40ms
I/ActivityManager(  349): START u0 {act=android.intent.action.MAIN cat=[android.intent.category.HOME] flg=0x10000000 cmp=com.android.sdksetup/.DefaultActivity} from pid 0
I/ActivityManager(  349): Start proc com.android.sdksetup for activity com.android.sdksetup/.DefaultActivity: pid=637 uid=10042 gids={50042}
W/InputAttributes(  575): No editor info for this field. Bug?
D/dalvikvm(  575): GC_CONCURRENT freed 225K, 11% free 2892K/3216K, paused 36ms+12ms, total 132ms
I/ResourceUtils(  575): Found default value: resource=keypress_vibration_durations build=[HARDWARE=goldfish MODEL=sdk BRAND=generic MANUFACTURER=unknown] default=-1
I/ResourceUtils(  575): Found default value: resource=keypress_volumes build=[HARDWARE=goldfish MODEL=sdk BRAND=generic MANUFACTURER=unknown] default=-1.0f
I/LatinIME:LogUtils(  575): Dictionary info: dictionary = UserHistoryDictionary.en_US.dic ; version = ? ; date = 1545857495
I/LatinIME:LogUtils(  575): Dictionary info: dictionary = PersonalizationPredictionDictio ; version = ? ; date = 1545857495
I/LatinIME:LogUtils(  575): Dictionary info: dictionary = personalization.en_US.dict ; version = ? ; date = 1545857495
I/ActivityManager(  349): Force stopping com.android.sdksetup appid=10042 user=0: pkg changed
I/ActivityManager(  349): Killing 637:com.android.sdksetup/u0a42 (adj 0): stop com.android.sdksetup
D/dalvikvm(  589): GC_CONCURRENT freed 181K, 9% free 2921K/3200K, paused 4ms+2ms, total 185ms
I/PackageManager(  349):   Action: "android.intent.action.SENDTO"
I/PackageManager(  349):   Category: "android.intent.category.DEFAULT"
I/PackageManager(  349):   Scheme: "sms"
W/BackupManagerService(  349): dataChanged but no participant pkg='com.android.providers.settings' uid=1001
I/PackageManager(  349): Adding preferred activity ComponentInfo{com.android.mms/com.android.mms.ui.ComposeMessageActivity} for user 0 :
I/ActivityManager(  349):   Force finishing activity ActivityRecord{b32565f8 u0 com.android.sdksetup/.DefaultActivity t2}
I/PackageManager(  349):   Action: "android.intent.action.SENDTO"
I/PackageManager(  349):   Category: "android.intent.category.DEFAULT"
I/PackageManager(  349):   Scheme: "smsto"
I/PackageManager(  349): Adding preferred activity ComponentInfo{com.android.mms/com.android.mms.ui.ComposeMessageActivity} for user 0 :
I/ActivityManager(  349): START u0 {act=android.intent.action.MAIN cat=[android.intent.category.HOME] flg=0x10000000 cmp=com.android.launcher/com.android.launcher2.Launcher} from pid 0
I/PackageManager(  349):   Action: "android.intent.action.SENDTO"
I/PackageManager(  349):   Category: "android.intent.category.DEFAULT"
I/PackageManager(  349):   Scheme: "mms"
I/PackageManager(  349): Adding preferred activity ComponentInfo{com.android.mms/com.android.mms.ui.ComposeMessageActivity} for user 0 :
I/PackageManager(  349):   Action: "android.intent.action.SENDTO"
I/PackageManager(  349):   Category: "android.intent.category.DEFAULT"
I/PackageManager(  349):   Scheme: "mmsto"
I/PackageManager(  349): Adding preferred activity ComponentInfo{com.android.mms/com.android.mms.ui.ComposeMessageActivity} for user 0 :
I/ActivityManager(  349): Start proc com.android.launcher for activity com.android.launcher/com.android.launcher2.Launcher: pid=668 uid=10008 gids={50008}
I/PackageManager(  349):   Action: "android.intent.action.SENDTO"
I/PackageManager(  349):   Category: "android.intent.category.DEFAULT"
I/PackageManager(  349):   Scheme: "sms"
I/PackageManager(  349): Adding preferred activity ComponentInfo{com.android.mms/com.android.mms.ui.ComposeMessageActivity} for user 0 :
D/dalvikvm(  349): GC_CONCURRENT freed 571K, 58% free 5428K/12736K, paused 56ms+5ms, total 294ms
D/dalvikvm(  349): WAIT_FOR_CONCURRENT_GC blocked 92ms
D/dalvikvm(  349): WAIT_FOR_CONCURRENT_GC blocked 89ms
D/dalvikvm(  349): WAIT_FOR_CONCURRENT_GC blocked 92ms
D/dalvikvm(  349): WAIT_FOR_CONCURRENT_GC blocked 99ms
D/dalvikvm(  349): WAIT_FOR_CONCURRENT_GC blocked 79ms
I/LatinIME:LogUtils(  575): Dictionary info: dictionary = userunigram.en_US.dict ; version = ? ; date = ?
I/InputReader(  349): Reconfiguring input devices.  changes=0x00000010
I/PackageManager(  349):   Action: "android.intent.action.SENDTO"
I/PackageManager(  349):   Category: "android.intent.category.DEFAULT"
I/PackageManager(  349):   Scheme: "smsto"
I/PackageManager(  349): Adding preferred activity ComponentInfo{com.android.mms/com.android.mms.ui.ComposeMessageActivity} for user 0 :
I/PackageManager(  349):   Action: "android.intent.action.SENDTO"
I/PackageManager(  349):   Category: "android.intent.category.DEFAULT"
I/PackageManager(  349):   Scheme: "mms"
I/PackageManager(  349): Adding preferred activity ComponentInfo{com.android.mms/com.android.mms.ui.ComposeMessageActivity} for user 0 :
D/dalvikvm(  575): GC_CONCURRENT freed 359K, 14% free 2983K/3440K, paused 7ms+28ms, total 91ms
I/PackageManager(  349):   Action: "android.intent.action.SENDTO"
