I/PackageManager(  349):   Category: "android.intent.category.DEFAULT"
I/PackageManager(  349):   Scheme: "mmsto"
I/PackageManager(  349): Adding preferred activity ComponentInfo{com.android.mms/com.android.mms.ui.ComposeMessageActivity} for user 0 :
D/dalvikvm(  575): GC_CONCURRENT freed 461K, 18% free 2958K/3580K, paused 5ms+2ms, total 32ms
D/dalvikvm(  575): WAIT_FOR_CONCURRENT_GC blocked 17ms
E/BluetoothAdapter(  589): Bluetooth binder is null
E/BluetoothAdapter(  589): Bluetooth binder is null
I/LatinIME:LogUtils(  575): Dictionary info: dictionary = main:en ; version = 42 ; date = 1381226429
I/LatinIME:LogUtils(  575): Dictionary info: dictionary = main:en ; version = 42 ; date = 1381226429
D/dalvikvm(  349): GC_CONCURRENT freed 680K, 58% free 5401K/12736K, paused 257ms+5ms, total 888ms
I/LatinIME:LogUtils(  575): Dictionary info: dictionary = main:en ; version = 42 ; date = 1381226429
I/LatinIME:LogUtils(  575): Dictionary info: dictionary = main:en ; version = 42 ; date = 1381226429
D/CallNotifier(  589): CallNotifier: mSignalInfoToneGenerator created when toneplay
E/BluetoothAdapter(  589): Bluetooth binder is null
I/LatinIME:LogUtils(  575): Dictionary info: dictionary = main:en ; version = 42 ; date = 1381226429
I/LatinIME:LogUtils(  575): Dictionary info: dictionary = main:en ; version = 42 ; date = 1381226429
D/MobileDataStateTracker(  349): fota: Broadcast received: android.intent.action.ANY_DATA_STATE apnType=fota
D/MobileDataStateTracker(  349): fota: Received state=DISCONNECTED, old=DISCONNECTED, reason=radioTurnedOff
D/MobileDataStateTracker(  349): ia: Broadcast received: android.intent.action.ANY_DATA_STATE apnType=ia
D/MobileDataStateTracker(  349): ia: Received state=DISCONNECTED, old=DISCONNECTED, reason=radioTurnedOff
D/MobileDataStateTracker(  349): supl: Broadcast received: android.intent.action.ANY_DATA_STATE apnType=supl
D/MobileDataStateTracker(  349): supl: Received state=DISCONNECTED, old=DISCONNECTED, reason=radioTurnedOff
I/LatinIME:LogUtils(  575): Dictionary info: dictionary = main:en ; version = 42 ; date = 1381226429
D/MobileDataStateTracker(  349): hipri: Broadcast received: android.intent.action.ANY_DATA_STATE apnType=hipri
D/dalvikvm(  575): GC_CONCURRENT freed 306K, 15% free 3072K/3580K, paused 113ms+2ms, total 233ms
I/LatinIME:LogUtils(  575): Dictionary info: dictionary = main:en ; version = 42 ; date = 1381226429
D/MobileDataStateTracker(  349): hipri: Received state=DISCONNECTED, old=DISCONNECTED, reason=radioTurnedOff
D/MobileDataStateTracker(  349): ims: Broadcast received: android.intent.action.ANY_DATA_STATE apnType=ims
D/MobileDataStateTracker(  349): ims: Received state=DISCONNECTED, old=DISCONNECTED, reason=radioTurnedOff
D/MobileDataStateTracker(  349): default: Broadcast received: android.intent.action.ANY_DATA_STATE apnType=default
D/MobileDataStateTracker(  349): default: Received state=DISCONNECTED, old=DISCONNECTED, reason=radioTurnedOff
D/MobileDataStateTracker(  349): mms: Broadcast received: android.intent.action.ANY_DATA_STATE apnType=mms
D/MobileDataStateTracker(  349): mms: Received state=DISCONNECTED, old=DISCONNECTED, reason=radioTurnedOff
D/MobileDataStateTracker(  349): cbs: Broadcast received: android.intent.action.ANY_DATA_STATE apnType=cbs
D/MobileDataStateTracker(  349): cbs: Received state=DISCONNECTED, old=DISCONNECTED, reason=radioTurnedOff
D/MobileDataStateTracker(  349): fota: Broadcast received: android.intent.action.ANY_DATA_STATE apnType=fota
D/MobileDataStateTracker(  349): fota: Received state=DISCONNECTED, old=DISCONNECTED, reason=radioTurnedOff
D/MobileDataStateTracker(  349): ia: Broadcast received: android.intent.action.ANY_DATA_STATE apnType=ia
D/MobileDataStateTracker(  349): ia: Received state=DISCONNECTED, old=DISCONNECTED, reason=radioTurnedOff
D/MobileDataStateTracker(  349): supl: Broadcast received: android.intent.action.ANY_DATA_STATE apnType=supl
D/MobileDataStateTracker(  349): supl: Received state=DISCONNECTED, old=DISCONNECTED, reason=radioTurnedOff
D/MobileDataStateTracker(  349): hipri: Broadcast received: android.intent.action.ANY_DATA_STATE apnType=hipri
D/MobileDataStateTracker(  349): hipri: Received state=DISCONNECTED, old=DISCONNECTED, reason=radioTurnedOff
D/MobileDataStateTracker(  349): ims: Broadcast received: android.intent.action.ANY_DATA_STATE apnType=ims
D/MobileDataStateTracker(  349): ims: Received state=DISCONNECTED, old=DISCONNECTED, reason=radioTurnedOff
D/MobileDataStateTracker(  349): default: Broadcast received: android.intent.action.ANY_DATA_STATE apnType=default
D/MobileDataStateTracker(  349): default: Received state=DISCONNECTED, old=DISCONNECTED, reason=radioTurnedOff
D/MobileDataStateTracker(  349): mms: Broadcast received: android.intent.action.ANY_DATA_STATE apnType=mms
D/MobileDataStateTracker(  349): mms: Received state=DISCONNECTED, old=DISCONNECTED, reason=radioTurnedOff
D/MobileDataStateTracker(  349): cbs: Broadcast received: android.intent.action.ANY_DATA_STATE apnType=cbs
D/MobileDataStateTracker(  349): cbs: Received state=DISCONNECTED, old=DISCONNECTED, reason=radioTurnedOff
D/MobileDataStateTracker(  349): fota: Broadcast received: android.intent.action.ANY_DATA_STATE apnType=fota
D/MobileDataStateTracker(  349): fota: Received state=DISCONNECTED, old=DISCONNECTED, reason=dataDetached
D/MobileDataStateTracker(  349): ia: Broadcast received: android.intent.action.ANY_DATA_STATE apnType=ia
D/MobileDataStateTracker(  349): ia: Received state=DISCONNECTED, old=DISCONNECTED, reason=dataDetached
D/MobileDataStateTracker(  349): supl: Broadcast received: android.intent.action.ANY_DATA_STATE apnType=supl
D/MobileDataStateTracker(  349): supl: Received state=DISCONNECTED, old=DISCONNECTED, reason=dataDetached
D/MobileDataStateTracker(  349): hipri: Broadcast received: android.intent.action.ANY_DATA_STATE apnType=hipri
D/MobileDataStateTracker(  349): hipri: Received state=DISCONNECTED, old=DISCONNECTED, reason=dataDetached
D/MobileDataStateTracker(  349): ims: Broadcast received: android.intent.action.ANY_DATA_STATE apnType=ims
D/MobileDataStateTracker(  349): ims: Received state=DISCONNECTED, old=DISCONNECTED, reason=dataDetached
D/MobileDataStateTracker(  349): default: Broadcast received: android.intent.action.ANY_DATA_STATE apnType=default
D/MobileDataStateTracker(  349): default: Received state=DISCONNECTED, old=DISCONNECTED, reason=dataDetached
D/MobileDataStateTracker(  349): mms: Broadcast received: android.intent.action.ANY_DATA_STATE apnType=mms
D/dalvikvm(  589): GC_CONCURRENT freed 281K, 12% free 3046K/3424K, paused 21ms+10ms, total 114ms
D/MobileDataStateTracker(  349): mms: Received state=DISCONNECTED, old=DISCONNECTED, reason=dataDetached
D/MobileDataStateTracker(  349): cbs: Broadcast received: android.intent.action.ANY_DATA_STATE apnType=cbs
D/MobileDataStateTracker(  349): cbs: Received state=DISCONNECTED, old=DISCONNECTED, reason=dataDetached
D/MobileDataStateTracker(  349): fota: Broadcast received: android.intent.action.ANY_DATA_STATE apnType=fota
D/MobileDataStateTracker(  349): fota: Received state=DISCONNECTED, old=DISCONNECTED, reason=roamingOff
D/MobileDataStateTracker(  349): ia: Broadcast received: android.intent.action.ANY_DATA_STATE apnType=ia
D/MobileDataStateTracker(  349): ia: Received state=DISCONNECTED, old=DISCONNECTED, reason=roamingOff
D/MobileDataStateTracker(  349): supl: Broadcast received: android.intent.action.ANY_DATA_STATE apnType=supl
D/MobileDataStateTracker(  349): supl: Received state=DISCONNECTED, old=DISCONNECTED, reason=roamingOff
D/MobileDataStateTracker(  349): hipri: Broadcast received: android.intent.action.ANY_DATA_STATE apnType=hipri
D/TelephonyDebugService(  589): TelephonyDebugService()
D/MobileDataStateTracker(  349): hipri: Received state=DISCONNECTED, old=DISCONNECTED, reason=roamingOff
D/MobileDataStateTracker(  349): ims: Broadcast received: android.intent.action.ANY_DATA_STATE apnType=ims
D/MobileDataStateTracker(  349): ims: Received state=DISCONNECTED, old=DISCONNECTED, reason=roamingOff
D/MobileDataStateTracker(  349): default: Broadcast received: android.intent.action.ANY_DATA_STATE apnType=default
D/MobileDataStateTracker(  349): default: Received state=DISCONNECTED, old=DISCONNECTED, reason=roamingOff
D/MobileDataStateTracker(  349): mms: Broadcast received: android.intent.action.ANY_DATA_STATE apnType=mms
D/MobileDataStateTracker(  349): mms: Received state=DISCONNECTED, old=DISCONNECTED, reason=roamingOff
D/MobileDataStateTracker(  349): cbs: Broadcast received: android.intent.action.ANY_DATA_STATE apnType=cbs
D/MobileDataStateTracker(  349): cbs: Received state=DISCONNECTED, old=DISCONNECTED, reason=roamingOff
D/MobileDataStateTracker(  349): fota: Broadcast received: android.intent.action.ANY_DATA_STATE apnType=fota
D/MobileDataStateTracker(  349): fota: Received state=DISCONNECTED, old=DISCONNECTED, reason=roamingOff
D/MobileDataStateTracker(  349): ia: Broadcast received: android.intent.action.ANY_DATA_STATE apnType=ia
D/MobileDataStateTracker(  349): ia: Received state=DISCONNECTED, old=DISCONNECTED, reason=roamingOff
D/MobileDataStateTracker(  349): supl: Broadcast received: android.intent.action.ANY_DATA_STATE apnType=supl
D/MobileDataStateTracker(  349): supl: Received state=DISCONNECTED, old=DISCONNECTED, reason=roamingOff
D/MobileDataStateTracker(  349): hipri: Broadcast received: android.intent.action.ANY_DATA_STATE apnType=hipri
D/MobileDataStateTracker(  349): hipri: Received state=DISCONNECTED, old=DISCONNECTED, reason=roamingOff
D/MobileDataStateTracker(  349): ims: Broadcast received: android.intent.action.ANY_DATA_STATE apnType=ims
D/MobileDataStateTracker(  349): ims: Received state=DISCONNECTED, old=DISCONNECTED, reason=roamingOff
D/MobileDataStateTracker(  349): default: Broadcast received: android.intent.action.ANY_DATA_STATE apnType=default
D/MobileDataStateTracker(  349): default: Received state=DISCONNECTED, old=DISCONNECTED, reason=roamingOff
D/MobileDataStateTracker(  349): mms: Broadcast received: android.intent.action.ANY_DATA_STATE apnType=mms
D/MobileDataStateTracker(  349): mms: Received state=DISCONNECTED, old=DISCONNECTED, reason=roamingOff
D/MobileDataStateTracker(  349): cbs: Broadcast received: android.intent.action.ANY_DATA_STATE apnType=cbs
D/MobileDataStateTracker(  349): cbs: Received state=DISCONNECTED, old=DISCONNECTED, reason=roamingOff
D/MccTable(  589): updateMccMncConfiguration: mcc=310, mnc=260
D/AlarmManagerService(  349): Kernel timezone updated to 300 minutes west of GMT
D/MccTable(  589): timezone set to America/New_York
D/MccTable(  589): getLocaleFromMcc to en_us mcc=310
D/MccTable(  589): getLocaleForLanguageCountry: got match
D/MccTable(  589): getLocaleForLanguageCountry: X locale=en_US
D/MccTable(  589): WIFI_COUNTRY_CODE set to us
I/WifiService(  349): WifiService trying to set country code to us with persist set to true
D/dalvikvm(  668): GC_CONCURRENT freed 173K, 9% free 2971K/3248K, paused 14ms+4ms, total 71ms
D/dalvikvm(  349): GC_CONCURRENT freed 596K, 57% free 5481K/12736K, paused 23ms+4ms, total 100ms
D/dalvikvm(  349): WAIT_FOR_CONCURRENT_GC blocked 47ms
I/ActivityManager(  349): Start proc com.android.printspooler for service com.android.printspooler/.PrintSpoolerService: pid=715 uid=10039 gids={50039}
D/MobileDataStateTracker(  349): fota: Broadcast received: android.intent.action.ANY_DATA_STATE apnType=fota
D/MobileDataStateTracker(  349): fota: Received state=DISCONNECTED, old=DISCONNECTED, reason=dataAttached
D/MobileDataStateTracker(  349): ia: Broadcast received: android.intent.action.ANY_DATA_STATE apnType=ia
D/MobileDataStateTracker(  349): ia: Received state=DISCONNECTED, old=DISCONNECTED, reason=dataAttached
D/MobileDataStateTracker(  349): supl: Broadcast received: android.intent.action.ANY_DATA_STATE apnType=supl
D/MobileDataStateTracker(  349): supl: Received state=DISCONNECTED, old=DISCONNECTED, reason=dataAttached
D/MobileDataStateTracker(  349): hipri: Broadcast received: android.intent.action.ANY_DATA_STATE apnType=hipri
D/MobileDataStateTracker(  349): hipri: Received state=DISCONNECTED, old=DISCONNECTED, reason=dataAttached
D/dalvikvm(  349): GC_CONCURRENT freed 707K, 58% free 5471K/12736K, paused 7ms+5ms, total 185ms
D/dalvikvm(  349): WAIT_FOR_CONCURRENT_GC blocked 56ms
D/dalvikvm(  349): WAIT_FOR_CONCURRENT_GC blocked 55ms
D/dalvikvm(  349): WAIT_FOR_CONCURRENT_GC blocked 56ms
D/MobileDataStateTracker(  349): ims: Broadcast received: android.intent.action.ANY_DATA_STATE apnType=ims
D/dalvikvm(  349): WAIT_FOR_CONCURRENT_GC blocked 28ms
D/MobileDataStateTracker(  349): ims: Received state=DISCONNECTED, old=DISCONNECTED, reason=dataAttached
D/MobileDataStateTracker(  349): mms: Broadcast received: android.intent.action.ANY_DATA_STATE apnType=mms
D/MobileDataStateTracker(  349): mms: Received state=DISCONNECTED, old=DISCONNECTED, reason=dataAttached
D/MobileDataStateTracker(  349): cbs: Broadcast received: android.intent.action.ANY_DATA_STATE apnType=cbs
D/MobileDataStateTracker(  349): cbs: Received state=DISCONNECTED, old=DISCONNECTED, reason=dataAttached
D/MobileDataStateTracker(  349): fota: Broadcast received: android.intent.action.ANY_DATA_STATE apnType=fota
D/MobileDataStateTracker(  349): fota: Received state=DISCONNECTED, old=DISCONNECTED, reason=dataAttached
D/MobileDataStateTracker(  349): ia: Broadcast received: android.intent.action.ANY_DATA_STATE apnType=ia
D/MobileDataStateTracker(  349): ia: Received state=DISCONNECTED, old=DISCONNECTED, reason=dataAttached
D/dalvikvm(  589): GC_CONCURRENT freed 293K, 11% free 3161K/3552K, paused 3ms+6ms, total 79ms
D/MobileDataStateTracker(  349): supl: Broadcast received: android.intent.action.ANY_DATA_STATE apnType=supl
D/MobileDataStateTracker(  349): supl: Received state=DISCONNECTED, old=DISCONNECTED, reason=dataAttached
D/MobileDataStateTracker(  349): hipri: Broadcast received: android.intent.action.ANY_DATA_STATE apnType=hipri
D/MobileDataStateTracker(  349): hipri: Received state=DISCONNECTED, old=DISCONNECTED, reason=dataAttached
D/MobileDataStateTracker(  349): ims: Broadcast received: android.intent.action.ANY_DATA_STATE apnType=ims
D/MobileDataStateTracker(  349): ims: Received state=DISCONNECTED, old=DISCONNECTED, reason=dataAttached
D/MobileDataStateTracker(  349): mms: Broadcast received: android.intent.action.ANY_DATA_STATE apnType=mms
D/MobileDataStateTracker(  349): mms: Received state=DISCONNECTED, old=DISCONNECTED, reason=dataAttached
D/MobileDataStateTracker(  349): cbs: Broadcast received: android.intent.action.ANY_DATA_STATE apnType=cbs
D/MobileDataStateTracker(  349): cbs: Received state=DISCONNECTED, old=DISCONNECTED, reason=dataAttached
I/PrintSpoolerService(  715): No existing print spooler state.
D/dalvikvm(  668): GC_FOR_ALLOC freed 189K, 9% free 3110K/3400K, paused 56ms, total 57ms
I/dalvikvm-heap(  668): Grow heap (frag case) to 3.742MB for 640016-byte allocation
D/MccTable(  589): updateMccMncConfiguration: mcc=310, mnc=260
D/MccTable(  589): getLocaleFromMcc to en_us mcc=310
D/dalvikvm(  668): GC_FOR_ALLOC freed 3K, 8% free 3731K/4028K, paused 53ms, total 53ms
D/dalvikvm(  668): GC_CONCURRENT freed 4K, 8% free 3726K/4028K, paused 3ms+2ms, total 29ms
D/MccTable(  589): getLocaleForLanguageCountry: got match
D/MccTable(  589): getLocaleForLanguageCountry: X locale=en_US
D/MccTable(  589): updateMccMncConfiguration updateConfig config={1.0 310mcc260mnc en_US ldltr ?swdp ?wdp ?hdp ?density ?lsize ?long ?orien ?uimode ?night ?touch ?keyb/?/? ?nav/?}
I/ActivityManager(  349): Config changes=3 {1.0 310mcc260mnc en_US ldltr sw480dp w480dp h839dp 160dpi lrg long port finger -keyb/v/h tball/v s.6}
D/PhoneStatusBar(  438): mSettingsPanelGravity = 55
D/PermissionCache(   57): checking android.permission.READ_FRAME_BUFFER for uid=1000 => granted (819 us)
D/gralloc (   57): Registering a buffer in the process that created it. This may cause memory ordering problems.
E/libEGL  (   57): called unimplemented OpenGL ES API
E/libEGL  (   57): called unimplemented OpenGL ES API
E/libEGL  (   57): called unimplemented OpenGL ES API
E/libEGL  (   57): called unimplemented OpenGL ES API
E/SurfaceFlinger(   57): glCheckFramebufferStatusOES error -1306382378
E/SurfaceFlinger(   57): got GL_FRAMEBUFFER_COMPLETE_OES error while taking screenshot
E/libEGL  (   57): called unimplemented OpenGL ES API
E/libEGL  (   57): called unimplemented OpenGL ES API
I/ARMAssembler(   57): generated scanline__00000077:03515104_00008001_00000000 [113 ipp] (134 ins) at [0xb5a441f0:0xb5a44408] in 10000000 ns
W/Resources(  668): Converting to int: TypedValue{t=0x3/d=0x12 "4" a=-1}
W/Resources(  668): Converting to int: TypedValue{t=0x3/d=0xf "1" a=-1}
W/Resources(  668): Converting to int: TypedValue{t=0x3/d=0x15 "2" a=-1}
W/Resources(  668): Converting to int: TypedValue{t=0x3/d=0x15 "2" a=-1}
D/MccTable(  589): updateMccMncConfiguration: mcc=310, mnc=260
D/MccTable(  589): getLocaleFromMcc to en_us mcc=310
D/MccTable(  589): getLocaleForLanguageCountry: skipping already persisted
D/MccTable(  589): getLocaleForLanguageCountry: X locale=null
D/MccTable(  589): updateMccMncConfiguration updateConfig config={1.0 310mcc260mnc ?locale ?layoutDir ?swdp ?wdp ?hdp ?density ?lsize ?long ?orien ?uimode ?night ?touch ?keyb/?/? ?nav/?}
W/Launcher.LauncherProvider(  668): Unable to add favorite: com.android.camera2/com.android.camera.CameraLauncher
W/Launcher.LauncherProvider(  668): android.content.pm.PackageManager$NameNotFoundException: ComponentInfo{com.android.camera2/com.android.camera.CameraLauncher}
W/Launcher.LauncherProvider(  668): 	at android.app.ApplicationPackageManager.getActivityInfo(ApplicationPackageManager.java:242)
W/Launcher.LauncherProvider(  668): 	at com.android.launcher2.LauncherProvider$DatabaseHelper.addAppShortcut(LauncherProvider.java:959)
W/Launcher.LauncherProvider(  668): 	at com.android.launcher2.LauncherProvider$DatabaseHelper.loadFavorites(LauncherProvider.java:863)
W/Launcher.LauncherProvider(  668): 	at com.android.launcher2.LauncherProvider$DatabaseHelper.access$000(LauncherProvider.java:253)
W/Launcher.LauncherProvider(  668): 	at com.android.launcher2.LauncherProvider.loadDefaultFavoritesIfNecessary(LauncherProvider.java:237)
W/Launcher.LauncherProvider(  668): 	at com.android.launcher2.LauncherModel$LoaderTask.loadWorkspace(LauncherModel.java:1278)
W/Launcher.LauncherProvider(  668): 	at com.android.launcher2.LauncherModel$LoaderTask.loadAndBindWorkspace(LauncherModel.java:1020)
W/Launcher.LauncherProvider(  668): 	at com.android.launcher2.LauncherModel$LoaderTask.run(LauncherModel.java:1126)
W/Launcher.LauncherProvider(  668): 	at android.os.Handler.handleCallback(Handler.java:733)
W/Launcher.LauncherProvider(  668): 	at android.os.Handler.dispatchMessage(Handler.java:95)
W/Launcher.LauncherProvider(  668): 	at android.os.Looper.loop(Looper.java:136)
W/Launcher.LauncherProvider(  668): 	at android.os.HandlerThread.run(HandlerThread.java:61)
W/Launcher.LauncherProvider(  668): Unable to add favorite: com.android.gallery3d/com.android.gallery3d.app.Gallery
W/Launcher.LauncherProvider(  668): android.content.pm.PackageManager$NameNotFoundException: ComponentInfo{com.android.gallery3d/com.android.gallery3d.app.Gallery}
W/Launcher.LauncherProvider(  668): 	at android.app.ApplicationPackageManager.getActivityInfo(ApplicationPackageManager.java:242)
W/Launcher.LauncherProvider(  668): 	at com.android.launcher2.LauncherProvider$DatabaseHelper.addAppShortcut(LauncherProvider.java:959)
W/Launcher.LauncherProvider(  668): 	at com.android.launcher2.LauncherProvider$DatabaseHelper.loadFavorites(LauncherProvider.java:863)
W/Launcher.LauncherProvider(  668): 	at com.android.launcher2.LauncherProvider$DatabaseHelper.access$000(LauncherProvider.java:253)
W/Launcher.LauncherProvider(  668): 	at com.android.launcher2.LauncherProvider.loadDefaultFavoritesIfNecessary(LauncherProvider.java:237)
W/Launcher.LauncherProvider(  668): 	at com.android.launcher2.LauncherModel$LoaderTask.loadWorkspace(LauncherModel.java:1278)
W/Launcher.LauncherProvider(  668): 	at com.android.launcher2.LauncherModel$LoaderTask.loadAndBindWorkspace(LauncherModel.java:1020)
W/Launcher.LauncherProvider(  668): 	at com.android.launcher2.LauncherModel$LoaderTask.run(LauncherModel.java:1126)
W/Launcher.LauncherProvider(  668): 	at android.os.Handler.handleCallback(Handler.java:733)
W/Launcher.LauncherProvider(  668): 	at android.os.Handler.dispatchMessage(Handler.java:95)
W/Launcher.LauncherProvider(  668): 	at android.os.Looper.loop(Looper.java:136)
W/Launcher.LauncherProvider(  668): 	at android.os.HandlerThread.run(HandlerThread.java:61)
D/dalvikvm(  589): GC_CONCURRENT freed 367K, 13% free 3304K/3768K, paused 32ms+3ms, total 72ms
D/dalvikvm(  589): WAIT_FOR_CONCURRENT_GC blocked 22ms
W/Launcher.Model(  668): Desktop items loading interrupted:
W/Launcher.Model(  668): java.lang.NullPointerException
W/Launcher.Model(  668): 	at com.android.launcher2.LauncherModel$LoaderTask.checkItemPlacement(LauncherModel.java:1226)
W/Launcher.Model(  668): 	at com.android.launcher2.LauncherModel$LoaderTask.loadWorkspace(LauncherModel.java:1383)
W/Launcher.Model(  668): 	at com.android.launcher2.LauncherModel$LoaderTask.loadAndBindWorkspace(LauncherModel.java:1020)
W/Launcher.Model(  668): 	at com.android.launcher2.LauncherModel$LoaderTask.run(LauncherModel.java:1126)
W/Launcher.Model(  668): 	at android.os.Handler.handleCallback(Handler.java:733)
W/Launcher.Model(  668): 	at android.os.Handler.dispatchMessage(Handler.java:95)
W/Launcher.Model(  668): 	at android.os.Looper.loop(Looper.java:136)
W/Launcher.Model(  668): 	at android.os.HandlerThread.run(HandlerThread.java:61)
D/dalvikvm(  668): GC_CONCURRENT freed 336K, 11% free 3808K/4244K, paused 20ms+3ms, total 82ms
I/FusedLocation(  349): engine stopped (com.android.location.fused)
I/FusedLocation(  349): engine started (com.android.location.fused)
D/dalvikvm(  349): GC_CONCURRENT freed 580K, 57% free 5568K/12736K, paused 72ms+51ms, total 233ms
D/dalvikvm(  349): WAIT_FOR_CONCURRENT_GC blocked 24ms
D/dalvikvm(  589): GC_CONCURRENT freed 410K, 14% free 3286K/3796K, paused 4ms+2ms, total 28ms
D/MobileDataStateTracker(  349): fota: Broadcast received: android.intent.action.ANY_DATA_STATE apnType=fota
D/MobileDataStateTracker(  349): fota: Received state=DISCONNECTED, old=DISCONNECTED, reason=simLoaded
D/MobileDataStateTracker(  349): ia: Broadcast received: android.intent.action.ANY_DATA_STATE apnType=ia
D/MobileDataStateTracker(  349): ia: Received state=DISCONNECTED, old=DISCONNECTED, reason=simLoaded
D/MobileDataStateTracker(  349): supl: Broadcast received: android.intent.action.ANY_DATA_STATE apnType=supl
D/MobileDataStateTracker(  349): supl: Received state=DISCONNECTED, old=DISCONNECTED, reason=simLoaded
D/MobileDataStateTracker(  349): hipri: Broadcast received: android.intent.action.ANY_DATA_STATE apnType=hipri
D/MobileDataStateTracker(  349): hipri: Received state=DISCONNECTED, old=DISCONNECTED, reason=simLoaded
D/MobileDataStateTracker(  349): ims: Broadcast received: android.intent.action.ANY_DATA_STATE apnType=ims
D/MobileDataStateTracker(  349): ims: Received state=DISCONNECTED, old=DISCONNECTED, reason=simLoaded
D/MobileDataStateTracker(  349): mms: Broadcast received: android.intent.action.ANY_DATA_STATE apnType=mms
D/MobileDataStateTracker(  349): mms: Received state=DISCONNECTED, old=DISCONNECTED, reason=simLoaded
D/MobileDataStateTracker(  349): cbs: Broadcast received: android.intent.action.ANY_DATA_STATE apnType=cbs
D/MobileDataStateTracker(  349): cbs: Received state=DISCONNECTED, old=DISCONNECTED, reason=simLoaded
D/MobileDataStateTracker(  349): default: Broadcast received: android.intent.action.ANY_DATA_STATE apnType=default
D/MobileDataStateTracker(  349): default: Received state=CONNECTING, old=DISCONNECTED, reason=simLoaded
D/MobileDataStateTracker(  349): default: setDetailed state, old =IDLE and new state=CONNECTING
D/MobileDataStateTracker(  349): fota: Broadcast received: android.intent.action.ANY_DATA_STATE apnType=fota
D/MobileDataStateTracker(  349): fota: Received state=DISCONNECTED, old=DISCONNECTED, reason=simLoaded
D/MobileDataStateTracker(  349): ia: Broadcast received: android.intent.action.ANY_DATA_STATE apnType=ia
D/MobileDataStateTracker(  349): ia: Received state=DISCONNECTED, old=DISCONNECTED, reason=simLoaded
D/MobileDataStateTracker(  349): supl: Broadcast received: android.intent.action.ANY_DATA_STATE apnType=supl
D/MobileDataStateTracker(  349): supl: Received state=DISCONNECTED, old=DISCONNECTED, reason=simLoaded
D/MobileDataStateTracker(  349): hipri: Broadcast received: android.intent.action.ANY_DATA_STATE apnType=hipri
D/MobileDataStateTracker(  349): hipri: Received state=DISCONNECTED, old=DISCONNECTED, reason=simLoaded
D/MobileDataStateTracker(  349): ims: Broadcast received: android.intent.action.ANY_DATA_STATE apnType=ims
D/MobileDataStateTracker(  349): ims: Received state=DISCONNECTED, old=DISCONNECTED, reason=simLoaded
D/MobileDataStateTracker(  349): mms: Broadcast received: android.intent.action.ANY_DATA_STATE apnType=mms
D/MobileDataStateTracker(  349): mms: Received state=DISCONNECTED, old=DISCONNECTED, reason=simLoaded
D/MobileDataStateTracker(  349): cbs: Broadcast received: android.intent.action.ANY_DATA_STATE apnType=cbs
D/MobileDataStateTracker(  349): cbs: Received state=DISCONNECTED, old=DISCONNECTED, reason=simLoaded
D/MobileDataStateTracker(  349): default: Broadcast received: android.intent.action.ANY_DATA_STATE apnType=default
D/MobileDataStateTracker(  349): default: Received state=CONNECTED, old=CONNECTING, reason=connected
D/MobileDataStateTracker(  349): default: setDetailed state, old =CONNECTING and new state=CONNECTED
D/ConnectivityService(  349): ConnectivityChange for mobile: CONNECTED/CONNECTED
D/ConnectivityService(  349): ConnectivityChange checkMobileProvisioning for TYPE_MOBILE or ProvisioningNetwork
D/ConnectivityService(  349): checkMobileProvisioning: E suggestedTimeOutMs=60000
D/ConnectivityService(  349): setProvNotificationVisible: E visible=false networkType=5 extraInfo=null url=null
D/ConnectivityService(  349): checkMobileProvisioning: params={ url=http://clients3.google.com/generate_204 mTimeOutMs=60000 mCb=com.android.server.ConnectivityService$5@b36a4900}
D/ConnectivityService(  349): checkMobileProvisioning: X
D/dalvikvm(  589): GC_CONCURRENT freed 429K, 14% free 3294K/3824K, paused 23ms+4ms, total 170ms
D/Nat464Xlat(  349): requiresClat: netType=0, hasIPv4Address=true
I/NetworkPolicy(  349): no policy for active mobile network; generating default policy
D/MobileDataStateTracker(  349): default: setPolicyDataEnable(enabled=true)
I/SurfaceFlinger(   57): Boot is finished (72194 ms)
D/dalvikvm(  668): GC_CONCURRENT freed 200K, 7% free 4003K/4304K, paused 14ms+94ms, total 155ms
D/MobileDataStateTracker(  349): default: isProvisioningNetwork: retVal=false
D/ConnectivityService(  349): [CheckMp] isMobileOk: isDefaultProvisioning=false
D/MobileDataStateTracker(  349): hipri: isProvisioningNetwork: retVal=false
D/ConnectivityService(  349): [CheckMp] isMobileOk: isHipriProvisioning=false
D/ConnectivityService(  349): [CheckMp] isMobileOk: start hipri url=http://clients3.google.com/generate_204
I/MediaProvider(  606): Upgrading media database from version 0 to 700, which will destroy all old data
D/dalvikvm(  349): GC_CONCURRENT freed 596K, 56% free 5663K/12736K, paused 4ms+25ms, total 224ms
I/InputReader(  349): Reconfiguring input devices.  changes=0x00000010
W/ActivityManager(  349): Launch timeout has expired, giving up wake lock!
I/PackageManager(  349):   Action: "android.intent.action.SENDTO"
I/PackageManager(  349):   Category: "android.intent.category.DEFAULT"
I/PackageManager(  349):   Scheme: "sms"
I/PackageManager(  349): Adding preferred activity ComponentInfo{com.android.mms/com.android.mms.ui.ComposeMessageActivity} for user 0 :
I/PackageManager(  349):   Action: "android.intent.action.SENDTO"
I/PackageManager(  349):   Category: "android.intent.category.DEFAULT"
I/PackageManager(  349):   Scheme: "smsto"
I/PackageManager(  349): Adding preferred activity ComponentInfo{com.android.mms/com.android.mms.ui.ComposeMessageActivity} for user 0 :
I/PackageManager(  349):   Action: "android.intent.action.SENDTO"
I/PackageManager(  349):   Category: "android.intent.category.DEFAULT"
I/PackageManager(  349):   Scheme: "mms"
I/PackageManager(  349): Adding preferred activity ComponentInfo{com.android.mms/com.android.mms.ui.ComposeMessageActivity} for user 0 :
I/PackageManager(  349):   Action: "android.intent.action.SENDTO"
I/PackageManager(  349):   Category: "android.intent.category.DEFAULT"
I/PackageManager(  349):   Scheme: "mmsto"
I/PackageManager(  349): Adding preferred activity ComponentInfo{com.android.mms/com.android.mms.ui.ComposeMessageActivity} for user 0 :
I/PackageManager(  349):   Action: "android.intent.action.SENDTO"
I/PackageManager(  349):   Category: "android.intent.category.DEFAULT"
I/PackageManager(  349):   Scheme: "sms"
I/PackageManager(  349): Adding preferred activity ComponentInfo{com.android.mms/com.android.mms.ui.ComposeMessageActivity} for user 0 :
I/PackageManager(  349):   Action: "android.intent.action.SENDTO"
I/PackageManager(  349):   Category: "android.intent.category.DEFAULT"
I/PackageManager(  349):   Scheme: "smsto"
I/PackageManager(  349): Adding preferred activity ComponentInfo{com.android.mms/com.android.mms.ui.ComposeMessageActivity} for user 0 :
D/dalvikvm(  589): GC_CONCURRENT freed 320K, 13% free 3380K/3864K, paused 4ms+2ms, total 121ms
I/PackageManager(  349):   Action: "android.intent.action.SENDTO"
I/PackageManager(  349):   Category: "android.intent.category.DEFAULT"
I/PackageManager(  349):   Scheme: "mms"
I/PackageManager(  349): Adding preferred activity ComponentInfo{com.android.mms/com.android.mms.ui.ComposeMessageActivity} for user 0 :
D/dalvikvm(  349): GC_CONCURRENT freed 836K, 57% free 5571K/12736K, paused 9ms+9ms, total 197ms
D/dalvikvm(  349): WAIT_FOR_CONCURRENT_GC blocked 49ms
D/dalvikvm(  349): WAIT_FOR_CONCURRENT_GC blocked 38ms
E/NetdConnector(  349): NDC Command {12 bandwidth setiquota eth0 9223372036854775807} took too long (1622ms)
D/MobileDataStateTracker(  349): default: setPolicyDataEnable(enabled=true)
I/PackageManager(  349):   Action: "android.intent.action.SENDTO"
I/PackageManager(  349):   Category: "android.intent.category.DEFAULT"
I/PackageManager(  349):   Scheme: "mmsto"
I/PackageManager(  349): Adding preferred activity ComponentInfo{com.android.mms/com.android.mms.ui.ComposeMessageActivity} for user 0 :
W/WindowManager(  349): App freeze timeout expired.
W/WindowManager(  349): Force clearing freeze: AppWindowToken{b369fdc8 token=Token{b2f472b0 ActivityRecord{b2f47150 u0 com.android.launcher/com.android.launcher2.Launcher t3}}}
I/WindowManager(  349): Screen frozen for +5s85ms due to AppWindowToken{b369fdc8 token=Token{b2f472b0 ActivityRecord{b2f47150 u0 com.android.launcher/com.android.launcher2.Launcher t3}}}
E/NetdConnector(  349): NDC Command {13 bandwidth removeiquota eth0} took too long (982ms)
D/Tethering(  349): MasterInitialState.processMessage what=3
D/CaptivePortalTracker(  349): NoActiveNetworkState{ when=-3ms what=1 obj=NetworkInfo: type: mobile[UMTS], state: CONNECTED/CONNECTED, reason: connected, extra: epc.tmobile.com, roaming: false, failover: false, isAvailable: true, isConnectedToProvisioningNetwork: false target=com.android.internal.util.StateMachine$SmHandler }
D/CaptivePortalTracker(  349): NoActiveNetworkState not a wifi connectivity change, ignore
I/ARMAssembler(   57): generated scanline__00000077:03515104_00009001_00000000 [131 ipp] (153 ins) at [0xb5a44410:0xb5a44674] in 0 ns
I/Choreographer(  349): Skipped 35 frames!  The application may be doing too much work on its main thread.
I/Choreographer(  349): Skipped 32 frames!  The application may be doing too much work on its main thread.
D/dalvikvm(  349): GC_EXPLICIT freed 477K, 57% free 5579K/12736K, paused 5ms+26ms, total 451ms
D/Launcher.Model(  668): Reload apps on config change. curr_mcc:310 prevmcc:0
I/Choreographer(  668): Skipped 1939 frames!  The application may be doing too much work on its main thread.
E/NetdConnector(  349): NDC Command {14 bandwidth setiquota eth0 9223372036854775807} took too long (4746ms)
D/MobileDataStateTracker(  349): default: setPolicyDataEnable(enabled=true)
D/ConnectivityService(  349): startUsingNetworkFeature reconnecting to 0: enableHIPRI
D/ConnectivityService(  349): startUsingNetworkFeature X: return APN_REQUEST_STARTED
E/ConnectivityService(  349): startUsingNetworkFeature took too long: 7636ms
D/ConnectivityService(  349): [CheckMp] isMobileOk: hipri started
D/ConnectivityService(  349): [CheckMp] isMobileOk: not connected ni=NetworkInfo: type: mobile_hipri[UMTS], state: DISCONNECTED/IDLE, reason: (unspecified), extra: (none), roaming: false, failover: false, isAvailable: true, isConnectedToProvisioningNetwork: false
D/MobileDataStateTracker(  349): hipri: Broadcast received: android.intent.action.ANY_DATA_STATE apnType=hipri
D/MobileDataStateTracker(  349): hipri: Received state=CONNECTING, old=DISCONNECTED, reason=dataEnabled
D/MobileDataStateTracker(  349): hipri: setDetailed state, old =IDLE and new state=CONNECTING
D/MobileDataStateTracker(  349): fota: Broadcast received: android.intent.action.ANY_DATA_STATE apnType=fota
D/MobileDataStateTracker(  349): fota: Received state=DISCONNECTED, old=DISCONNECTED, reason=dataEnabled
D/MobileDataStateTracker(  349): ia: Broadcast received: android.intent.action.ANY_DATA_STATE apnType=ia
D/MobileDataStateTracker(  349): ia: Received state=DISCONNECTED, old=DISCONNECTED, reason=dataEnabled
D/MobileDataStateTracker(  349): supl: Broadcast received: android.intent.action.ANY_DATA_STATE apnType=supl
D/MobileDataStateTracker(  349): supl: Received state=DISCONNECTED, old=DISCONNECTED, reason=dataEnabled
D/MobileDataStateTracker(  349): ims: Broadcast received: android.intent.action.ANY_DATA_STATE apnType=ims
D/MobileDataStateTracker(  349): ims: Received state=DISCONNECTED, old=DISCONNECTED, reason=dataEnabled
D/MobileDataStateTracker(  349): mms: Broadcast received: android.intent.action.ANY_DATA_STATE apnType=mms
D/MobileDataStateTracker(  349): mms: Received state=DISCONNECTED, old=DISCONNECTED, reason=dataEnabled
D/MobileDataStateTracker(  349): cbs: Broadcast received: android.intent.action.ANY_DATA_STATE apnType=cbs
D/MobileDataStateTracker(  349): cbs: Received state=DISCONNECTED, old=DISCONNECTED, reason=dataEnabled
D/dalvikvm(  589): GC_CONCURRENT freed 468K, 15% free 3304K/3872K, paused 8ms+14ms, total 87ms
D/MobileDataStateTracker(  349): hipri: Broadcast received: android.intent.action.ANY_DATA_STATE apnType=hipri
D/MobileDataStateTracker(  349): hipri: Received state=CONNECTED, old=CONNECTING, reason=dataEnabled
D/MobileDataStateTracker(  349): hipri: setDetailed state, old =CONNECTING and new state=CONNECTED
D/ConnectivityService(  349): ConnectivityChange for mobile_hipri: CONNECTED/CONNECTED
E/logwrapper(  787): executing /system/bin/ip failed: No such file or directory
E/ConnectivityService(  349): Exception trying to add a route: java.lang.IllegalStateException: command '21 interface fwmark exempt add 10.0.2.2/32' failed with '400 21 Failed to add exemption rule (File exists)'
E/logwrapper(  788): executing /system/bin/ip failed: No such file or directory
E/ConnectivityService(  349): Exception trying to add a route: java.lang.IllegalStateException: command '23 interface fwmark exempt add 10.0.2.3/32' failed with '400 23 Failed to add exemption rule (File exists)'
E/logwrapper(  789): executing /system/bin/ip failed: No such file or directory
E/ConnectivityService(  349): Exception trying to add a route: java.lang.IllegalStateException: command '25 interface fwmark exempt add 10.0.2.2/32' failed with '400 25 Failed to add exemption rule (File exists)'
E/logwrapper(  790): executing /system/bin/ip failed: No such file or directory
E/ConnectivityService(  349): Exception trying to add a route: java.lang.IllegalStateException: command '27 interface fwmark exempt add 10.0.2.4/32' failed with '400 27 Failed to add exemption rule (File exists)'
E/logwrapper(  791): executing /system/bin/ip failed: No such file or directory
E/SecondaryTablController(   54): ip route add failed: /system/bin/ip route add 10.0.2.2/32 via 0.0.0.0 dev eth0 table 60
W/FrameworkListener(   54): Handler 'interface' error (No such device)
E/ConnectivityService(  349): Exception trying to add a route: java.lang.IllegalStateException: command '28 interface route add eth0 secondary 10.0.2.2 32 0.0.0.0' failed with '400 28 ip route modification failed (No such device)'
E/logwrapper(  792): executing /system/bin/ip failed: No such file or directory
E/SecondaryTablController(   54): ip route add failed: /system/bin/ip route add 0.0.0.0/0 via 10.0.2.2 dev eth0 table 60
W/FrameworkListener(   54): Handler 'interface' error (No such device)
E/ConnectivityService(  349): Exception trying to add a route: java.lang.IllegalStateException: command '29 interface route add eth0 secondary 0.0.0.0 0 10.0.2.2' failed with '400 29 ip route modification failed (No such device)'
D/Nat464Xlat(  349): requiresClat: netType=5, hasIPv4Address=true
D/MobileDataStateTracker(  349): default: setPolicyDataEnable(enabled=true)
W/NetworkPolicy(  349): shared quota unsupported; generating rule for each iface
D/AndroidRuntime(  785): 
D/AndroidRuntime(  785): >>>>>> AndroidRuntime START com.android.internal.os.RuntimeInit <<<<<<
D/AndroidRuntime(  785): CheckJNI is ON
I/Choreographer(  668): Skipped 322 frames!  The application may be doing too much work on its main thread.
D/gralloc_goldfish(  668): Emulator without GPU emulation detected.
D/dalvikvm(  785): Trying to load lib libjavacore.so 0x0
D/dalvikvm(  785): Added shared lib libjavacore.so 0x0
D/dalvikvm(  668): GC_FOR_ALLOC freed 242K, 10% free 3918K/4352K, paused 39ms, total 60ms
D/dalvikvm(  785): Trying to load lib libnativehelper.so 0x0
D/dalvikvm(  785): Added shared lib libnativehelper.so 0x0
D/dalvikvm(  785): No JNI_OnLoad found in libnativehelper.so 0x0, skipping init
I/dalvikvm-heap(  668): Grow heap (frag case) to 5.457MB for 1610896-byte allocation
D/dalvikvm(  668): GC_FOR_ALLOC freed 12K, 8% free 5478K/5928K, paused 60ms, total 60ms
D/MobileDataStateTracker(  349): hipri: isProvisioningNetwork: retVal=false
D/ConnectivityService(  349): [CheckMp] isMobileOk: isProvisioningNetwork is false, continue
D/dalvikvm(  668): GC_CONCURRENT freed 4K, 8% free 5476K/5928K, paused 4ms+3ms, total 102ms
D/dalvikvm(  668): WAIT_FOR_CONCURRENT_GC blocked 73ms
I/dalvikvm-heap(  668): Grow heap (frag case) to 6.979MB for 1610896-byte allocation
D/dalvikvm(  668): GC_FOR_ALLOC freed <1K, 7% free 7049K/7504K, paused 60ms, total 60ms
D/dalvikvm(  668): GC_CONCURRENT freed 0K, 7% free 7049K/7504K, paused 25ms+2ms, total 97ms
D/ConnectivityService(  349): [CheckMp] isMobileOk: addresses=clients3.google.com/172.217.23.14
D/ConnectivityService(  349): [CheckMp] isMobileOk: linkHasIpv4=true linkHasIpv6=false
W/ActivityManager(  349): Activity destroy timeout for ActivityRecord{b2f47fa0 u0 com.android.settings/.CryptKeeper t1 f}
D/dalvikvm(  785): Note: class Landroid/app/ActivityManagerNative; has 179 unimplemented (abstract) methods
E/NetdConnector(  349): NDC Command {30 bandwidth removeiquota eth0} took too long (1419ms)
E/NetdConnector(  349): NDC Command {31 bandwidth gettetherstats} took too long (1642ms)
I/ActivityManager(  349): Displayed com.android.launcher/com.android.launcher2.Launcher: +18s292ms (total +21s685ms)
D/dalvikvm(  438): GC_FOR_ALLOC freed 3122K, 48% free 3587K/6804K, paused 119ms, total 126ms
I/dalvikvm-heap(  438): Grow heap (frag case) to 6.523MB for 3072016-byte allocation
D/dalvikvm(  438): GC_CONCURRENT freed 5K, 4% free 6581K/6804K, paused 4ms+53ms, total 123ms
E/NetdConnector(  349): NDC Command {32 interface route add eth0 default 10.0.2.2 32 0.0.0.0} took too long (1284ms)
E/memtrack(  785): Couldn't load memtrack module (No such file or directory)
E/android.os.Debug(  785): failed to load memtrack module: -2
D/Tethering(  349): MasterInitialState.processMessage what=3
D/CaptivePortalTracker(  349): NoActiveNetworkState{ when=-24ms what=1 obj=NetworkInfo: type: mobile_hipri[UMTS], state: CONNECTED/CONNECTED, reason: dataEnabled, extra: epc.tmobile.com, roaming: false, failover: false, isAvailable: true, isConnectedToProvisioningNetwork: false target=com.android.internal.util.StateMachine$SmHandler }
D/CaptivePortalTracker(  349): NoActiveNetworkState not a wifi connectivity change, ignore
I/Choreographer(  349): Skipped 39 frames!  The application may be doing too much work on its main thread.
D/AndroidRuntime(  785): Calling main entry com.android.commands.pm.Pm
I/Choreographer(  349): Skipped 38 frames!  The application may be doing too much work on its main thread.
I/ActivityManager(  349): Start proc com.android.defcontainer for service com.android.defcontainer/.DefaultContainerService: pid=825 uid=10003 gids={50003, 1028, 1015, 1023, 2001, 1035}
I/Choreographer(  349): Skipped 66 frames!  The application may be doing too much work on its main thread.
D/dalvikvm(  349): GC_CONCURRENT freed 629K, 57% free 5545K/12728K, paused 151ms+4ms, total 201ms
E/NetdConnector(  349): NDC Command {33 bandwidth setiquota eth0 9223372036854775807} took too long (2738ms)
I/Choreographer(  668): Skipped 52 frames!  The application may be doing too much work on its main thread.
W/ProcessCpuTracker(  349): Skipping unknown process pid 847
I/Choreographer(  668): Skipped 130 frames!  The application may be doing too much work on its main thread.
E/logwrapper(  850): executing /system/bin/ip failed: No such file or directory
E/NetdConnector(  349): NDC Command {34 bandwidth removeiquota eth0} took too long (916ms)
E/NetdConnector(  349): NDC Command {35 interface fwmark exempt add 10.0.2.2/32} took too long (1339ms)
E/ConnectivityService(  349): Exception trying to add a route: java.lang.IllegalStateException: command '35 interface fwmark exempt add 10.0.2.2/32' failed with '400 35 Failed to add exemption rule (File exists)'
I/Choreographer(  668): Skipped 82 frames!  The application may be doing too much work on its main thread.
E/SQLiteLog(  606): (1) no such table: album_info
I/ActivityManager(  349): Start proc com.android.externalstorage for broadcast com.android.externalstorage/.MountReceiver: pid=867 uid=10006 gids={50006, 1028, 1015, 1023}
E/NetdConnector(  349): NDC Command {37 interface route add eth0 default 172.217.23.14 32 10.0.2.2} took too long (1299ms)
E/logwrapper(  884): executing /system/bin/ip failed: No such file or directory
E/NetdConnector(  349): NDC Command {36 bandwidth setiquota eth0 9223372036854775807} took too long (1723ms)
D/MobileDataStateTracker(  349): default: setPolicyDataEnable(enabled=true)
E/ConnectivityService(  349): Exception trying to add a route: java.lang.IllegalStateException: command '38 interface fwmark exempt add 172.217.23.14/32' failed with '400 38 Failed to add exemption rule (File exists)'
D/ConnectivityService(  349): requestRouteToHostAddress ok=false
D/ConnectivityService(  349): [CheckMp] isMobileOk: could not establish route to hostAddr=clients3.google.com/172.217.23.14
I/ContactLocale(  535): AddressBook Labels [en_US]: [, A, B, C, D, E, F, G, H, I, J, K, L, M, N, O, P, Q, R, S, T, U, V, W, X, Y, Z, , , , , , , , , , , , , , , , , , , , , , , , , , , , , , , , , , , , , , , , , , , , , , , , , , , , , , , , , , , , , , , , , , , , , , , , , , , , , , , , , , , , , , , , , , , , , , , , , , , , , , , , , , , , , , , , , , , , , , , , , , , , , , , , , , , , , , , , , , , , , , , , , , , , , , , , , , , , , , , , , , , , , , , , , , , , , , , , , , , , , , #, ]
I/DownloadManager(  606): Upgrading downloads database from version 0 to version 109, which will destroy all old data
D/ExternalStorage(  867): Missing UUID for /storage/sdcard; skipping
D/ExternalStorage(  867): After updating volumes, found 0 active roots
W/ActivityManager(  349): No content provider found for permission revoke: file:///data/local/tmp/sample_for_analysis.apk
D/dalvikvm(  668): GC_CONCURRENT freed 1892K, 24% free 6513K/8508K, paused 12ms+39ms, total 99ms
D/GpsLocationProvider(  349): NTP server returned: 1545857486787 (Wed Dec 26 15:51:26 EST 2018) reference: 76213 certainty: 21 system time offset: -34445
I/ActivityManager(  349): Start proc com.android.exchange for content provider com.android.exchange/.provider.ExchangeDirectoryProvider: pid=887 uid=10025 gids={50025, 3003, 1028, 1015}
I/ActivityManager(  349): Start proc com.android.email for content provider com.android.email/.provider.EmailProvider: pid=899 uid=10024 gids={50024, 3003, 1028, 1015}
I/ContactDirectoryManager(  535): deleted 0 stale rows which don't have any relevant directory
I/ContactDirectoryManager(  535): Discovered 0 contact directories in 614ms
I/ContactsProvider(  535): Upgrading aggregation algorithm
D/ActivityThread(  899): Loading provider com.android.email.provider;com.android.email.notifier: com.android.email.provider.EmailProvider
I/ContactAggregator(  535): Marked all visible contacts for aggregation: 0 raw contacts, 6 ms
I/ContactsProvider(  535): Aggregation algorithm upgraded for 0 raw contacts in 216ms
D/dalvikvm(  606): GC_CONCURRENT freed 282K, 12% free 2919K/3300K, paused 3ms+2ms, total 31ms
E/logwrapper(  914): executing /system/bin/ip failed: No such file or directory
E/ConnectivityService(  349): Exception trying to add a route: java.lang.IllegalStateException: command '41 interface fwmark exempt add 10.0.2.2/32' failed with '400 41 Failed to add exemption rule (File exists)'
E/logwrapper(  915): executing /system/bin/ip failed: No such file or directory
E/ConnectivityService(  349): Exception trying to add a route: java.lang.IllegalStateException: command '43 interface fwmark exempt add 172.217.23.14/32' failed with '400 43 Failed to add exemption rule (File exists)'
D/ConnectivityService(  349): requestRouteToHostAddress ok=false
D/ConnectivityService(  349): [CheckMp] isMobileOk: could not establish route to hostAddr=clients3.google.com/172.217.23.14
W/ActivityManager(  349): No content provider found for permission revoke: file:///data/local/tmp/sample_for_analysis.apk
I/PackageManager(  349): Copying native libraries to /data/app-lib/vmdl-88349067
I/ContactsFTS(  535): Rebuild contact search index in 452ms, 0 contacts
D/dalvikvm(  535): GC_CONCURRENT freed 262K, 11% free 3083K/3440K, paused 5ms+2ms, total 40ms
D/dalvikvm(  349): GC_CONCURRENT freed 386K, 55% free 5777K/12728K, paused 6ms+10ms, total 70ms
D/dalvikvm(  349): GC_CONCURRENT freed 322K, 52% free 6157K/12728K, paused 7ms+5ms, total 67ms
D/dalvikvm(  349): WAIT_FOR_CONCURRENT_GC blocked 54ms
D/dalvikvm(  349): GC_FOR_ALLOC freed 562K, 52% free 6235K/12728K, paused 49ms, total 52ms
D/dalvikvm(  349): GC_FOR_ALLOC freed 496K, 50% free 6375K/12728K, paused 61ms, total 66ms
W/ActivityManager(  349): Unable to start service Intent { cmp=com.android.email/.service.AttachmentDownloadService } U=0: not found
D/dalvikvm(  899): GC_FOR_ALLOC freed 293K, 12% free 2907K/3300K, paused 30ms, total 30ms
I/Email   (  899): Observing account changes for notifications
D/dalvikvm(  349): GC_CONCURRENT freed 540K, 48% free 6652K/12728K, paused 6ms+7ms, total 75ms
D/dalvikvm(  349): GC_CONCURRENT freed 398K, 44% free 7222K/12728K, paused 18ms+4ms, total 105ms
W/ActivityManager(  349): Unable to start service Intent { cmp=com.android.email/.service.AttachmentDownloadService } U=0: not found
D/dalvikvm(  899): GC_CONCURRENT freed 45K, 13% free 2899K/3300K, paused 353ms+2ms, total 488ms
D/dalvikvm(  349): GC_CONCURRENT freed 497K, 39% free 7775K/12728K, paused 7ms+7ms, total 98ms
D/ExternalStorage(  867): Missing UUID for /storage/sdcard; skipping
D/ExternalStorage(  867): After updating volumes, found 0 active roots
E/logwrapper(  919): executing /system/bin/ip failed: No such file or directory
E/ConnectivityService(  349): Exception trying to add a route: java.lang.IllegalStateException: command '45 interface fwmark exempt add 10.0.2.2/32' failed with '400 45 Failed to add exemption rule (File exists)'
E/logwrapper(  920): executing /system/bin/ip failed: No such file or directory
E/ConnectivityService(  349): Exception trying to add a route: java.lang.IllegalStateException: command '47 interface fwmark exempt add 172.217.23.14/32' failed with '400 47 Failed to add exemption rule (File exists)'
D/ConnectivityService(  349): requestRouteToHostAddress ok=false
D/ConnectivityService(  349): [CheckMp] isMobileOk: could not establish route to hostAddr=clients3.google.com/172.217.23.14
D/dalvikvm(  349): GC_CONCURRENT freed 1479K, 42% free 7442K/12728K, paused 7ms+4ms, total 78ms
D/dalvikvm(  349): GC_CONCURRENT freed 1097K, 42% free 7449K/12728K, paused 6ms+4ms, total 76ms
D/dalvikvm(  349): GC_CONCURRENT freed 1105K, 42% free 7501K/12728K, paused 5ms+6ms, total 90ms
D/dalvikvm(  349): GC_CONCURRENT freed 1163K, 42% free 7455K/12728K, paused 6ms+5ms, total 78ms
D/dalvikvm(  349): GC_CONCURRENT freed 1107K, 42% free 7461K/12728K, paused 7ms+8ms, total 83ms
D/dalvikvm(  349): GC_CONCURRENT freed 1105K, 42% free 7467K/12728K, paused 7ms+7ms, total 80ms
D/dalvikvm(  349): GC_CONCURRENT freed 1106K, 41% free 7521K/12728K, paused 6ms+17ms, total 90ms
D/dalvikvm(  349): GC_CONCURRENT freed 1176K, 42% free 7476K/12728K, paused 7ms+5ms, total 81ms
E/logwrapper(  921): executing /system/bin/ip failed: No such file or directory
E/ConnectivityService(  349): Exception trying to add a route: java.lang.IllegalStateException: command '49 interface fwmark exempt add 10.0.2.2/32' failed with '400 49 Failed to add exemption rule (File exists)'
E/logwrapper(  922): executing /system/bin/ip failed: No such file or directory
