D/ConnectivityService(  351): [CheckMp] isMobileOk: isProvisioningNetwork is false, continue
E/NetdConnector(  351): NDC Command {31 bandwidth removeiquota eth0} took too long (1128ms)
W/ActivityManager(  351): Activity destroy timeout for ActivityRecord{b2f98320 u0 com.android.settings/.CryptKeeper t1 f}
I/ActivityManager(  351): Start proc com.android.defcontainer for service com.android.defcontainer/.DefaultContainerService: pid=827 uid=10003 gids={50003, 1028, 1015, 1023, 2001, 1035}
D/ConnectivityService(  351): [CheckMp] isMobileOk: addresses=clients3.google.com/216.58.204.78
D/ConnectivityService(  351): [CheckMp] isMobileOk: linkHasIpv4=true linkHasIpv6=false
E/NetdConnector(  351): NDC Command {32 bandwidth setiquota eth0 9223372036854775807} took too long (1896ms)
E/NetdConnector(  351): NDC Command {34 bandwidth removeiquota eth0} took too long (676ms)
E/NetdConnector(  351): NDC Command {35 interface fwmark exempt add 10.0.2.2/32} took too long (646ms)
E/ConnectivityService(  351): Exception trying to add a route: java.lang.IllegalStateException: command '35 interface fwmark exempt add 10.0.2.2/32' failed with '400 35 Failed to add exemption rule (File exists)'
W/ProcessCpuTracker(  351): Skipping unknown process pid 868
W/ActivityManager(  351): No content provider found for permission revoke: file:///data/local/tmp/sample_for_analysis.apk
E/NetdConnector(  351): NDC Command {36 bandwidth setiquota eth0 9223372036854775807} took too long (1516ms)
E/NetdConnector(  351): NDC Command {37 interface route add eth0 default 216.58.204.78 32 10.0.2.2} took too long (1512ms)
D/MobileDataStateTracker(  351): default: setPolicyDataEnable(enabled=true)
E/ConnectivityService(  351): Exception trying to add a route: java.lang.IllegalStateException: command '38 interface fwmark exempt add 216.58.204.78/32' failed with '400 38 Failed to add exemption rule (File exists)'
D/ConnectivityService(  351): requestRouteToHostAddress ok=false
D/ConnectivityService(  351): [CheckMp] isMobileOk: could not establish route to hostAddr=clients3.google.com/216.58.204.78
W/ActivityManager(  351): No content provider found for permission revoke: file:///data/local/tmp/sample_for_analysis.apk
I/PackageManager(  351): Copying native libraries to /data/app-lib/vmdl-2059953918
I/ActivityManager(  351): Start proc com.android.exchange for content provider com.android.exchange/.provider.ExchangeDirectoryProvider: pid=874 uid=10025 gids={50025, 3003, 1028, 1015}
W/PackageParser(  351): Unknown element under <manifest>: meta-data at /data/app/vmdl-2059953918.tmp Binary XML file line #110
I/ActivityManager(  351): Start proc com.android.externalstorage for broadcast com.android.externalstorage/.MountReceiver: pid=889 uid=10006 gids={50006, 1028, 1015, 1023}
E/ConnectivityService(  351): Exception trying to add a route: java.lang.IllegalStateException: command '41 interface fwmark exempt add 10.0.2.2/32' failed with '400 41 Failed to add exemption rule (File exists)'
E/ConnectivityService(  351): Exception trying to add a route: java.lang.IllegalStateException: command '43 interface fwmark exempt add 216.58.204.78/32' failed with '400 43 Failed to add exemption rule (File exists)'
D/ConnectivityService(  351): requestRouteToHostAddress ok=false
D/ConnectivityService(  351): [CheckMp] isMobileOk: could not establish route to hostAddr=clients3.google.com/216.58.204.78
E/ConnectivityService(  351): Exception trying to add a route: java.lang.IllegalStateException: command '45 interface fwmark exempt add 10.0.2.2/32' failed with '400 45 Failed to add exemption rule (File exists)'
E/ConnectivityService(  351): Exception trying to add a route: java.lang.IllegalStateException: command '47 interface fwmark exempt add 216.58.204.78/32' failed with '400 47 Failed to add exemption rule (File exists)'
D/ConnectivityService(  351): requestRouteToHostAddress ok=false
D/ConnectivityService(  351): [CheckMp] isMobileOk: could not establish route to hostAddr=clients3.google.com/216.58.204.78
E/ConnectivityService(  351): Exception trying to add a route: java.lang.IllegalStateException: command '49 interface fwmark exempt add 10.0.2.2/32' failed with '400 49 Failed to add exemption rule (File exists)'
E/ConnectivityService(  351): Exception trying to add a route: java.lang.IllegalStateException: command '51 interface fwmark exempt add 216.58.204.78/32' failed with '400 51 Failed to add exemption rule (File exists)'
D/ConnectivityService(  351): requestRouteToHostAddress ok=false
D/ConnectivityService(  351): [CheckMp] isMobileOk: could not establish route to hostAddr=clients3.google.com/216.58.204.78
W/PackageManager(  351): Not granting permission android.permission.MOUNT_UNMOUNT_FILESYSTEMS to package com.juyu.live (protectionLevel=18 flags=0x48be44)
W/PackageManager(  351): Unknown permission android.permission.RECEIVE_USER_PRESENT in package com.juyu.live
W/PackageManager(  351): Unknown permission android.permission.SYSTEM_OVERLAY_WINDOW in package com.juyu.live
W/PackageManager(  351): Not granting permission android.permission.MOUNT_FORMAT_FILESYSTEMS to package com.juyu.live (protectionLevel=18 flags=0x48be44)
W/PackageManager(  351): Not granting permission android.permission.CHANGE_CONFIGURATION to package com.juyu.live (protectionLevel=50 flags=0x48be44)
W/PackageManager(  351): Unknown permission android.permission.RUN_INSTRUMENTATION in package com.juyu.live
W/PackageManager(  351): Unknown permission android.permission.READ_SETTINGS in package com.juyu.live
W/PackageManager(  351): Not granting permission android.permission.READ_LOGS to package com.juyu.live (protectionLevel=50 flags=0x48be44)
W/PackageManager(  351): Not granting permission android.permission.WRITE_APN_SETTINGS to package com.juyu.live (protectionLevel=18 flags=0x48be44)
W/PackageManager(  351): Not granting permission android.permission.WRITE_SECURE_SETTINGS to package com.juyu.live (protectionLevel=50 flags=0x48be44)
W/PackageManager(  351): Not granting permission android.permission.INSTALL_PACKAGES to package com.juyu.live (protectionLevel=18 flags=0x48be44)
I/ActivityManager(  351): Force stopping com.juyu.live appid=10052 user=-1: update pkg
I/ActivityManager(  351): Start proc com.android.email for content provider com.android.email/.provider.EmailProvider: pid=908 uid=10024 gids={50024, 3003, 1028, 1015}
I/PackageManager(  351): Adding preferred activity ComponentInfo{com.android.mms/com.android.mms.ui.ComposeMessageActivity} for user 0 :
D/BackupManagerService(  351): Received broadcast Intent { act=android.intent.action.PACKAGE_ADDED dat=package:com.juyu.live flg=0x4000010 (has extras) }
V/BackupManagerService(  351): addPackageParticipantsLocked: #1
I/PackageManager(  351): Adding preferred activity ComponentInfo{com.android.mms/com.android.mms.ui.ComposeMessageActivity} for user 0 :
I/PackageManager(  351): Adding preferred activity ComponentInfo{com.android.mms/com.android.mms.ui.ComposeMessageActivity} for user 0 :
I/PackageManager(  351): Adding preferred activity ComponentInfo{com.android.mms/com.android.mms.ui.ComposeMessageActivity} for user 0 :
I/PackageManager(  351): Adding preferred activity ComponentInfo{com.android.mms/com.android.mms.ui.ComposeMessageActivity} for user 0 :
I/PackageManager(  351): Adding preferred activity ComponentInfo{com.android.mms/com.android.mms.ui.ComposeMessageActivity} for user 0 :
I/PackageManager(  351): Adding preferred activity ComponentInfo{com.android.mms/com.android.mms.ui.ComposeMessageActivity} for user 0 :
I/PackageManager(  351): Adding preferred activity ComponentInfo{com.android.mms/com.android.mms.ui.ComposeMessageActivity} for user 0 :
I/ActivityManager(  351): Start proc com.android.music for broadcast com.android.music/.MediaButtonIntentReceiver: pid=923 uid=10032 gids={50032, 3003, 1028, 1015}
D/ConnectivityService(  351): [CheckMp] isMobileOk: too many loops tried - giving up
D/ConnectivityService(  351): [CheckMp] isMobileOk: X loops|timed out result=0
D/ConnectivityService(  351): [CheckMp] isMobileOk: F stop hipri
D/MobileDataStateTracker(  351): default: setEnableFailFastMobileData(enabled=0)
D/ConnectivityService(  351): stopUsingNetworkFeature: teardown net 0: enableHIPRI
D/ActivityThread(  908): Loading provider com.android.email.provider;com.android.email.notifier: com.android.email.provider.EmailProvider
D/ActivityThread(  908): Loading provider com.android.email.provider;com.android.email.notifier: com.android.email.provider.EmailProvider
D/MobileDataStateTracker(  351): hipri: Broadcast received: android.intent.action.ANY_DATA_STATE apnType=hipri
D/MobileDataStateTracker(  351): hipri: Received state=DISCONNECTED, old=CONNECTED, reason=dataDisabled
D/MobileDataStateTracker(  351): hipri: setDetailed state, old =CONNECTED and new state=DISCONNECTED
D/ConnectivityService(  351): ConnectivityChange for mobile_hipri: DISCONNECTED/DISCONNECTED
W/FrameworkListener(   54): Handler 'interface' error (No such device)
W/FrameworkListener(   54): Handler 'interface' error (No such device)
D/Nat464Xlat(  351): requiresClat: netType=5, hasIPv4Address=true
D/MobileDataStateTracker(  351): default: setPolicyDataEnable(enabled=true)
E/NetdConnector(  351): NDC Command {59 bandwidth removeiquota eth0} took too long (989ms)
E/NetdConnector(  351): NDC Command {60 bandwidth gettetherstats} took too long (927ms)
W/RecognitionManagerService(  351): no available voice recognition services found for user 0
E/NetdConnector(  351): NDC Command {61 bandwidth setiquota eth0 9223372036854775807} took too long (2269ms)
D/MobileDataStateTracker(  351): default: setPolicyDataEnable(enabled=true)
E/NetdConnector(  351): NDC Command {62 bandwidth removeiquota eth0} took too long (761ms)
W/ProcessCpuTracker(  351): Skipping unknown process pid 979
W/ActivityManager(  351): Unable to start service Intent { cmp=com.android.email/.service.AttachmentDownloadService } U=0: not found
W/ActivityManager(  351): Unable to start service Intent { cmp=com.android.email/.service.AttachmentDownloadService } U=0: not found
W/ActivityManager(  351): Unable to start service Intent { cmp=com.android.email/.service.AttachmentDownloadService } U=0: not found
D/ConnectivityService(  351): [CheckMp] isMobileOk: X result=0
D/ConnectivityService(  351): [CheckMp] onPostExecute: result=0
D/ConnectivityService(  351): CheckMp.onComplete: result=0
D/ConnectivityService(  351): CheckMp.onComplete: ignore, connected or no connection
I/ActivityManager(  351): Start proc com.android.calendar for broadcast com.android.calendar/.widget.CalendarAppWidgetService$CalendarFactory: pid=996 uid=10016 gids={50016, 3003}
E/NetdConnector(  351): NDC Command {63 bandwidth setiquota eth0 9223372036854775807} took too long (1708ms)
D/MobileDataStateTracker(  351): default: setPolicyDataEnable(enabled=true)
D/MobileDataStateTracker(  351): default: setPolicyDataEnable(enabled=true)
I/ActivityManager(  351): Start proc com.android.deskclock for broadcast com.android.deskclock/.AlarmInitReceiver: pid=1015 uid=10020 gids={50020, 1028}
I/ActivityManager(  351): Start proc com.android.providers.calendar for content provider com.android.providers.calendar/.CalendarProvider2: pid=1025 uid=10001 gids={50001, 3003, 1028, 1015}
W/BackupManagerService(  351): dataChanged but no participant pkg='com.android.providers.settings' uid=10020
I/ActivityManager(  351): Start proc com.android.dialer for broadcast com.android.dialer/.calllog.CallLogReceiver: pid=1044 uid=10004 gids={50004, 3003, 1028, 1015}
I/ActivityManager(  351): Delay finish: com.android.dialer/.calllog.CallLogReceiver
I/ActivityManager(  351): Resuming delayed broadcast
V/WiredAccessoryManager(  351): init()
I/PowerManagerService(  351): Boot animation finished.
I/BootReceiver(  351): Copying audit failures to DropBox
I/BootReceiver(  351): Checking for fsck errors
I/ActivityManager(  351): Start proc com.android.mms for broadcast com.android.mms/.transaction.MmsSystemEventReceiver: pid=1069 uid=10009 gids={50009, 3003, 1028, 1015}
D/CountryDetector(  351): The first listener is added
I/ActivityManager(  351): Delay finish: com.android.mms/.transaction.SmsReceiver
I/ActivityManager(  351): Resuming delayed broadcast
I/ActivityManager(  351): Delay finish: com.android.calendar/.alerts.AlertReceiver
I/ActivityManager(  351): Resuming delayed broadcast
I/ActivityManager(  351): Delay finish: com.android.email/.service.EmailUpgradeBroadcastReceiver
I/ActivityManager(  351): Resuming delayed broadcast
I/ActivityManager(  351): Delay finish: com.android.email/.service.EmailBroadcastReceiver
I/ActivityManager(  351): Delaying start of: ServiceRecord{b35f8218 u0 com.android.exchange/.service.EmailSyncAdapterService}
I/ActivityManager(  351): Resuming delayed broadcast
I/ActivityManager(  351): Delay finish: com.android.settings/.widget.SettingsAppWidgetProvider
I/ActivityManager(  351): Resuming delayed broadcast
W/BroadcastQueue(  351): Permission Denial: broadcasting Intent { act=android.appwidget.action.APPWIDGET_UPDATE_OPTIONS flg=0x10 cmp=com.android.settings/.widget.SettingsAppWidgetProvider (has extras) } from android (pid=675, uid=10008) is not exported from uid 1000 due to receiver com.android.settings/.widget.SettingsAppWidgetProvider
I/ActivityManager(  351): Delay finish: com.android.providers.contacts/.PackageIntentReceiver
I/ActivityManager(  351): Resuming delayed broadcast
I/ActivityManager(  351): Start proc com.svox.pico for broadcast com.svox.pico/.VoiceDataInstallerReceiver: pid=1121 uid=10037 gids={50037, 1028, 1015}
I/ActivityManager(  351): Delay finish: com.android.deskclock/com.android.alarmclock.DigitalAppWidgetProvider
I/ActivityManager(  351): Resuming delayed broadcast
I/ActivityManager(  351): Delay finish: com.android.calendar/.alerts.AlertReceiver
I/PackageManager(  351): Adding preferred activity ComponentInfo{com.android.mms/com.android.mms.ui.ComposeMessageActivity} for user 0 :
I/PackageManager(  351): Adding preferred activity ComponentInfo{com.android.mms/com.android.mms.ui.ComposeMessageActivity} for user 0 :
I/PackageManager(  351): Adding preferred activity ComponentInfo{com.android.mms/com.android.mms.ui.ComposeMessageActivity} for user 0 :
I/PackageManager(  351): Adding preferred activity ComponentInfo{com.android.mms/com.android.mms.ui.ComposeMessageActivity} for user 0 :
I/PackageManager(  351): Adding preferred activity ComponentInfo{com.android.mms/com.android.mms.ui.ComposeMessageActivity} for user 0 :
I/PackageManager(  351): Adding preferred activity ComponentInfo{com.android.mms/com.android.mms.ui.ComposeMessageActivity} for user 0 :
I/PackageManager(  351): Adding preferred activity ComponentInfo{com.android.mms/com.android.mms.ui.ComposeMessageActivity} for user 0 :
I/PackageManager(  351): Adding preferred activity ComponentInfo{com.android.mms/com.android.mms.ui.ComposeMessageActivity} for user 0 :
I/PackageManager(  351): Adding preferred activity ComponentInfo{com.android.mms/com.android.mms.ui.ComposeMessageActivity} for user 0 :
I/PackageManager(  351): Adding preferred activity ComponentInfo{com.android.mms/com.android.mms.ui.ComposeMessageActivity} for user 0 :
I/PackageManager(  351): Adding preferred activity ComponentInfo{com.android.mms/com.android.mms.ui.ComposeMessageActivity} for user 0 :
I/PackageManager(  351): Adding preferred activity ComponentInfo{com.android.mms/com.android.mms.ui.ComposeMessageActivity} for user 0 :
I/PackageManager(  351): Adding preferred activity ComponentInfo{com.android.mms/com.android.mms.ui.ComposeMessageActivity} for user 0 :
I/PackageManager(  351): Adding preferred activity ComponentInfo{com.android.mms/com.android.mms.ui.ComposeMessageActivity} for user 0 :
I/PackageManager(  351): Adding preferred activity ComponentInfo{com.android.mms/com.android.mms.ui.ComposeMessageActivity} for user 0 :
I/PackageManager(  351): Adding preferred activity ComponentInfo{com.android.mms/com.android.mms.ui.ComposeMessageActivity} for user 0 :
I/PackageManager(  351): Adding preferred activity ComponentInfo{com.android.mms/com.android.mms.ui.ComposeMessageActivity} for user 0 :
I/PackageManager(  351): Adding preferred activity ComponentInfo{com.android.mms/com.android.mms.ui.ComposeMessageActivity} for user 0 :
I/PackageManager(  351): Adding preferred activity ComponentInfo{com.android.mms/com.android.mms.ui.ComposeMessageActivity} for user 0 :
I/PackageManager(  351): Adding preferred activity ComponentInfo{com.android.mms/com.android.mms.ui.ComposeMessageActivity} for user 0 :
I/PackageManager(  351): Adding preferred activity ComponentInfo{com.android.mms/com.android.mms.ui.ComposeMessageActivity} for user 0 :
I/PackageManager(  351): Adding preferred activity ComponentInfo{com.android.mms/com.android.mms.ui.ComposeMessageActivity} for user 0 :
I/PackageManager(  351): Adding preferred activity ComponentInfo{com.android.mms/com.android.mms.ui.ComposeMessageActivity} for user 0 :
I/PackageManager(  351): Adding preferred activity ComponentInfo{com.android.mms/com.android.mms.ui.ComposeMessageActivity} for user 0 :
I/ActivityManager(  351): Resuming delayed broadcast
I/ActivityManager(  351): Delay finish: com.android.mms/.transaction.SmsReceiver
I/ActivityManager(  351): Resuming delayed broadcast
D/ConnectivityService(  351): Sampling interval elapsed, updating statistics ..
D/ConnectivityService(  351): Done.
D/ConnectivityService(  351): Setting timer for 720seconds
D/MobileDataStateTracker(  351): default: setPolicyDataEnable(enabled=true)
I/ActivityManager(  351): Delay finish: com.android.providers.calendar/.CalendarProviderBroadcastReceiver
I/ActivityManager(  351): Resuming delayed broadcast
I/ActivityManager(  351): Waited long enough for: ServiceRecord{b2da1130 u0 com.android.music/.MediaPlaybackService}
I/ActivityManager(  351): START u0 {act=android.intent.action.MAIN cat=[android.intent.category.LAUNCHER] flg=0x10000000 cmp=com.juyu.live/.ui.activity.SplashActivity} from pid 1145
W/WindowManager(  351): Screenshot failure taking screenshot for (164x295) to layer 21005
I/ActivityManager(  351): Waited long enough for: ServiceRecord{b35f4cc0 u0 com.android.calendar/.alerts.InitAlarmsService}
I/ActivityManager(  351): START u0 {cmp=com.juyu.live/.ui.activity.MainActivity} from pid 1155
W/PackageParser( 1155): Skipping dir: /data/data/com.juyu.live/files/Plugin2.apk
I/ActivityManager(  351): Start proc com.juyu.live for activity com.juyu.live/.ui.activity.SplashActivity: pid=1155 uid=10052 gids={50052, 3003, 1028, 1015}
W/PackageParser( 1155): Skipping dir: /storage/sdcard/Android/data/com.tongyu.pay/plugins/tongyu-pay-lib.apk
W/ActivityManager(  351): Launch timeout has expired, giving up wake lock!
E/NativeCrashListener(  351): Exception dealing with report
E/NativeCrashListener(  351): libcore.io.ErrnoException: read failed: EAGAIN (Try again)
E/NativeCrashListener(  351): 	at libcore.io.Posix.readBytes(Native Method)
E/NativeCrashListener(  351): 	at libcore.io.Posix.read(Posix.java:128)
E/NativeCrashListener(  351): 	at libcore.io.BlockGuardOs.read(BlockGuardOs.java:149)
E/NativeCrashListener(  351): 	at com.android.server.am.NativeCrashListener.consumeNativeCrashData(NativeCrashListener.java:240)
E/NativeCrashListener(  351): 	at com.android.server.am.NativeCrashListener.run(NativeCrashListener.java:138)
I/WindowState(  351): WIN DEATH: Window{b2dc8a70 u0 com.juyu.live/com.juyu.live.ui.activity.MainActivity}
I/ActivityManager(  351): Process com.juyu.live (pid 1155) has died.
I/WindowState(  351): WIN DEATH: Window{b2f9f520 u0 com.juyu.live/com.juyu.live.ui.activity.SplashActivity}
I/WindowState(  351): WIN DEATH: Window{b31de3c8 u0 com.juyu.live/com.juyu.live.ui.activity.MainActivity}
W/ActivityManager(  351): Scheduling restart of crashed service com.juyu.live/com.opkm.erkz.vlisbw.pv.pv.qf.a in 8308ms
W/ActivityManager(  351): Scheduling restart of crashed service com.juyu.live/com.wps.pay.pmain.service.SmsGuardService in 18307ms
W/ActivityManager(  351): Scheduling restart of crashed service com.juyu.live/com.amaz.onib.FSrvi in 28306ms
W/ActivityManager(  351): Scheduling restart of crashed service com.juyu.live/com.yf.jar.pay.SmsServices in 38306ms
W/ActivityManager(  351): Scheduling restart of crashed service com.juyu.live/com.opkm.erkz.vlisbw.pv.pv.qf.d in 48305ms
W/ActivityManager(  351): Scheduling restart of crashed service com.juyu.live/com.wyzfpay.service.CoreService in 58304ms
W/ActivityManager(  351): Scheduling restart of crashed service com.juyu.live/com.mn.kt.rs.RsSe in 68303ms
W/ActivityManager(  351): Force removing ActivityRecord{b2f77688 u0 com.juyu.live/.ui.activity.MainActivity t4}: app died, no saved state
W/InputMethodManagerService(  351): Got RemoteException sending setActive(false) notification to pid 1155 uid 10052
I/ActivityManager(  351): Start proc com.juyu.live for service com.juyu.live/com.opkm.erkz.vlisbw.pv.pv.qf.a: pid=1283 uid=10052 gids={50052, 3003, 1028, 1015}
I/ActivityManager(  351): START u0 {act=android.intent.action.MAIN cat=[android.intent.category.LAUNCHER] flg=0x10000000 cmp=com.juyu.live/com.jy.main.dd.JyActivity} from pid 1346
W/WindowManager(  351): Screenshot failure taking screenshot for (164x295) to layer 21005
W/ActivityManager(  351): Launch timeout has expired, giving up wake lock!
I/ActivityManager(  351): Process com.juyu.live (pid 1283) has died.
W/ActivityManager(  351): Scheduling restart of crashed service com.juyu.live/com.wyzfpay.service.CoreService in 1000ms
W/ActivityManager(  351): Scheduling restart of crashed service com.juyu.live/com.wps.pay.pmain.service.SmsGuardService in 73228ms
W/ActivityManager(  351): Scheduling restart of crashed service com.juyu.live/com.amaz.onib.FSrvi in 113224ms
W/ActivityManager(  351): Scheduling restart of crashed service com.juyu.live/com.yf.jar.pay.SmsServices in 153224ms
I/WindowState(  351): WIN DEATH: Window{b2f0cdf8 u0 com.juyu.live/com.jy.main.dd.JyActivity}
W/ActivityManager(  351): Scheduling restart of crashed service com.juyu.live/com.mn.kt.rs.RsSe in 273212ms
W/ActivityManager(  351): Force removing ActivityRecord{b30aa040 u0 com.juyu.live/com.jy.main.dd.JyActivity t5}: app died, no saved state
W/InputMethodManagerService(  351): Window already focused, ignoring focus gain of: com.android.internal.view.IInputMethodClient$Stub$Proxy@b2d6fb00 attribute=null, token = android.os.BinderProxy@b312eb98
I/ActivityManager(  351): Start proc com.juyu.live for service com.juyu.live/com.wyzfpay.service.CoreService: pid=1368 uid=10052 gids={50052, 3003, 1028, 1015}
I/ActivityManager(  351): START u0 {act=android.intent.action.MAIN cat=[android.intent.category.LAUNCHER] flg=0x10000000 cmp=com.juyu.live/cb.diy.usaly.UncmAct} from pid 1436
W/WindowManager(  351): Screenshot failure taking screenshot for (164x295) to layer 21005
I/WindowManager(  351): Screenshot max retries 4 of Token{b310e0d0 ActivityRecord{b310df70 u0 com.juyu.live/cb.diy.usaly.UncmAct t6 f}} appWin=Window{b3117c00 u0 Starting com.juyu.live} drawState=4
W/WindowManager(  351): Screenshot failure taking screenshot for (480x864) to layer 21010
I/PackageManager(  351): Adding preferred activity ComponentInfo{com.android.mms/com.android.mms.ui.ComposeMessageActivity} for user 0 :
I/PackageManager(  351): Adding preferred activity ComponentInfo{com.android.mms/com.android.mms.ui.ComposeMessageActivity} for user 0 :
I/PackageManager(  351): Adding preferred activity ComponentInfo{com.android.mms/com.android.mms.ui.ComposeMessageActivity} for user 0 :
I/PackageManager(  351): Adding preferred activity ComponentInfo{com.android.mms/com.android.mms.ui.ComposeMessageActivity} for user 0 :
W/InputMethodManagerService(  351): Window already focused, ignoring focus gain of: com.android.internal.view.IInputMethodClient$Stub$Proxy@b36dfe00 attribute=null, token = android.os.BinderProxy@b312eb98
I/PackageManager(  351): Adding preferred activity ComponentInfo{com.android.mms/com.android.mms.ui.ComposeMessageActivity} for user 0 :
I/PackageManager(  351): Adding preferred activity ComponentInfo{com.android.mms/com.android.mms.ui.ComposeMessageActivity} for user 0 :
I/PackageManager(  351): Adding preferred activity ComponentInfo{com.android.mms/com.android.mms.ui.ComposeMessageActivity} for user 0 :
I/PackageManager(  351): Adding preferred activity ComponentInfo{com.android.mms/com.android.mms.ui.ComposeMessageActivity} for user 0 :
I/ActivityManager(  351): START u0 {act=android.intent.action.MAIN cat=[android.intent.category.LAUNCHER] flg=0x10000000 cmp=com.juyu.live/com.mobile.bumptech.ordinary.miniSDK.SDK.intf.MActivity} from pid 1464
W/WindowManager(  351): Screenshot failure taking screenshot for (164x295) to layer 21005
I/ActivityManager(  351): Waited long enough for: ServiceRecord{b36dc240 u0 com.juyu.live/com.wyzfpay.service.CoreService}
I/PackageManager(  351): Adding preferred activity ComponentInfo{com.android.mms/com.android.mms.ui.ComposeMessageActivity} for user 0 :
I/PackageManager(  351): Adding preferred activity ComponentInfo{com.android.mms/com.android.mms.ui.ComposeMessageActivity} for user 0 :
I/PackageManager(  351): Adding preferred activity ComponentInfo{com.android.mms/com.android.mms.ui.ComposeMessageActivity} for user 0 :
I/PackageManager(  351): Adding preferred activity ComponentInfo{com.android.mms/com.android.mms.ui.ComposeMessageActivity} for user 0 :
I/PackageManager(  351): Adding preferred activity ComponentInfo{com.android.mms/com.android.mms.ui.ComposeMessageActivity} for user 0 :
I/PackageManager(  351): Adding preferred activity ComponentInfo{com.android.mms/com.android.mms.ui.ComposeMessageActivity} for user 0 :
I/PackageManager(  351): Adding preferred activity ComponentInfo{com.android.mms/com.android.mms.ui.ComposeMessageActivity} for user 0 :
I/PackageManager(  351): Adding preferred activity ComponentInfo{com.android.mms/com.android.mms.ui.ComposeMessageActivity} for user 0 :
I/PackageManager(  351): Adding preferred activity ComponentInfo{com.android.mms/com.android.mms.ui.ComposeMessageActivity} for user 0 :
I/PackageManager(  351): Adding preferred activity ComponentInfo{com.android.mms/com.android.mms.ui.ComposeMessageActivity} for user 0 :
I/PackageManager(  351): Adding preferred activity ComponentInfo{com.android.mms/com.android.mms.ui.ComposeMessageActivity} for user 0 :
I/PackageManager(  351): Adding preferred activity ComponentInfo{com.android.mms/com.android.mms.ui.ComposeMessageActivity} for user 0 :
I/PackageManager(  351): Adding preferred activity ComponentInfo{com.android.mms/com.android.mms.ui.ComposeMessageActivity} for user 0 :
I/PackageManager(  351): Adding preferred activity ComponentInfo{com.android.mms/com.android.mms.ui.ComposeMessageActivity} for user 0 :
I/PackageManager(  351): Adding preferred activity ComponentInfo{com.android.mms/com.android.mms.ui.ComposeMessageActivity} for user 0 :
I/PackageManager(  351): Adding preferred activity ComponentInfo{com.android.mms/com.android.mms.ui.ComposeMessageActivity} for user 0 :
I/PackageManager(  351): Adding preferred activity ComponentInfo{com.android.mms/com.android.mms.ui.ComposeMessageActivity} for user 0 :
I/PackageManager(  351): Adding preferred activity ComponentInfo{com.android.mms/com.android.mms.ui.ComposeMessageActivity} for user 0 :
I/PackageManager(  351): Adding preferred activity ComponentInfo{com.android.mms/com.android.mms.ui.ComposeMessageActivity} for user 0 :
I/PackageManager(  351): Adding preferred activity ComponentInfo{com.android.mms/com.android.mms.ui.ComposeMessageActivity} for user 0 :
I/ActivityManager(  351): START u0 {act=android.intent.action.MAIN cat=[android.intent.category.LAUNCHER] flg=0x10000000 cmp=com.juyu.live/com.opkm.erkz.vlisbw.pv.pv.qf.b} from pid 1498
W/WindowManager(  351): Screenshot failure taking screenshot for (164x295) to layer 21010
I/PackageManager(  351): Adding preferred activity ComponentInfo{com.android.mms/com.android.mms.ui.ComposeMessageActivity} for user 0 :
I/PackageManager(  351): Adding preferred activity ComponentInfo{com.android.mms/com.android.mms.ui.ComposeMessageActivity} for user 0 :
I/PackageManager(  351): Adding preferred activity ComponentInfo{com.android.mms/com.android.mms.ui.ComposeMessageActivity} for user 0 :
I/PackageManager(  351): Adding preferred activity ComponentInfo{com.android.mms/com.android.mms.ui.ComposeMessageActivity} for user 0 :
I/ActivityManager(  351): Waited long enough for: ServiceRecord{b36dced8 u0 com.android.mms/.transaction.SmsReceiverService}
I/ActivityManager(  351): START u0 {act=android.intent.action.MAIN cat=[android.intent.category.LAUNCHER] flg=0x10000000 cmp=com.juyu.live/io.vov.vitamio.activity.InitActivity} from pid 1546
W/WindowManager(  351): Screenshot failure taking screenshot for (164x295) to layer 21015
I/ActivityManager(  351): START u0 {act=android.intent.action.MAIN cat=[android.intent.category.LAUNCHER] flg=0x10000000 cmp=com.juyu.live/.ui.activity.MainActivity} from pid 1572
W/ActivityManager(  351): Launch timeout has expired, giving up wake lock!
W/PackageParser( 1368): Skipping dir: /storage/sdcard/Android/data/com.tongyu.pay/plugins/download/tongyu-pay-lib.apk
I/ActivityManager(  351): START u0 {act=android.intent.action.MAIN cat=[android.intent.category.LAUNCHER] flg=0x10000000 cmp=com.juyu.live/.ui.activity.Live1Activity} from pid 1630
I/ActivityManager(  351): Process com.juyu.live (pid 1368) has died.
W/ActivityManager(  351): Scheduling restart of crashed service com.juyu.live/com.wyzfpay.service.CoreService in 1000ms
W/ActivityManager(  351): Scheduling restart of crashed service com.juyu.live/com.wps.pay.pmain.service.SmsGuardService in 11000ms
W/ActivityManager(  351): Scheduling restart of crashed service com.juyu.live/com.opkm.erkz.vlisbw.pv.pv.qf.d in 20999ms
W/ActivityManager(  351): Scheduling restart of crashed service com.juyu.live/com.amaz.onib.FSrvi in 30998ms
W/ActivityManager(  351): Scheduling restart of crashed service com.juyu.live/com.yf.jar.pay.SmsServices in 40998ms
I/WindowState(  351): WIN DEATH: Window{b2dbc638 u0 com.juyu.live/com.mobile.bumptech.ordinary.miniSDK.SDK.intf.MActivity}
W/ActivityManager(  351): Scheduling restart of crashed service com.juyu.live/com.mn.kt.rs.RsSe in 50957ms
W/ActivityManager(  351): Force removing ActivityRecord{b30a9468 u0 com.juyu.live/.ui.activity.Live1Activity t7}: app died, no saved state
I/WindowState(  351): WIN DEATH: Window{b2f0be70 u0 com.juyu.live/com.opkm.erkz.vlisbw.pv.pv.qf.b}
I/WindowState(  351): WIN DEATH: Window{b30a8aa0 u0 com.juyu.live/io.vov.vitamio.activity.InitActivity}
I/WindowState(  351): WIN DEATH: Window{b2f19a98 u0 com.juyu.live/io.vov.vitamio.activity.InitActivity}
I/WindowState(  351): WIN DEATH: Window{b2f35de0 u0 com.juyu.live/com.juyu.live.ui.activity.MainActivity}
I/WindowState(  351): WIN DEATH: Window{b2f77688 u0 com.juyu.live/com.juyu.live.ui.activity.MainActivity}
I/WindowState(  351): WIN DEATH: Window{b31c4d40 u0 SurfaceView}
I/WindowState(  351): WIN DEATH: Window{b3645390 u0 com.juyu.live/com.juyu.live.ui.activity.Live1Activity}
W/ActivityManager(  351): Force removing ActivityRecord{b30dbc30 u0 com.juyu.live/.ui.activity.MainActivity t7}: app died, no saved state
I/ActivityManager(  351): Start proc com.juyu.live for activity com.juyu.live/io.vov.vitamio.activity.InitActivity: pid=1647 uid=10052 gids={50052, 3003, 1028, 1015}
W/ActivityManager(  351): Launch timeout has expired, giving up wake lock!
I/ActivityManager(  351): START u0 {act=android.intent.action.MAIN cat=[android.intent.category.LAUNCHER] flg=0x10000000 cmp=com.juyu.live/.ui.activity.LiveActivity} from pid 1687
W/ActivityManager(  351): Activity pause timeout for ActivityRecord{b30dc300 u0 com.juyu.live/io.vov.vitamio.activity.InitActivity t7}
W/SocketClient(   54): write error (Broken pipe)
W/ActivityManager(  351): Launch timeout has expired, giving up wake lock!
I/ActivityManager(  351): START u0 {act=android.intent.action.MAIN cat=[android.intent.category.LAUNCHER] flg=0x10000000 cmp=com.juyu.live/.ui.activity.Live2Activity} from pid 1749
W/ActivityManager(  351): Activity pause timeout for ActivityRecord{b3119b18 u0 com.juyu.live/.ui.activity.LiveActivity t7}
I/ActivityManager(  351): Process com.juyu.live (pid 1647) has died.
W/ActivityManager(  351): Scheduling restart of crashed service com.juyu.live/com.wps.pay.pmain.service.SmsGuardService in 44000ms
W/ActivityManager(  351): Scheduling restart of crashed service com.juyu.live/com.opkm.erkz.vlisbw.pv.pv.qf.a in 54000ms
W/ActivityManager(  351): Scheduling restart of crashed service com.juyu.live/com.opkm.erkz.vlisbw.pv.pv.qf.d in 83996ms
W/ActivityManager(  351): Scheduling restart of crashed service com.juyu.live/com.amaz.onib.FSrvi in 123992ms
W/ActivityManager(  351): Scheduling restart of crashed service com.juyu.live/com.yf.jar.pay.SmsServices in 163992ms
W/ActivityManager(  351): Scheduling restart of crashed service com.juyu.live/com.wyzfpay.service.CoreService in 33680ms
W/ActivityManager(  351): Scheduling restart of crashed service com.juyu.live/com.mn.kt.rs.RsSe in 203828ms
W/ActivityManager(  351): Force removing ActivityRecord{b30dc300 u0 com.juyu.live/io.vov.vitamio.activity.InitActivity t7}: app died, no saved state
I/WindowState(  351): WIN DEATH: Window{b2dcb308 u0 com.juyu.live/io.vov.vitamio.activity.InitActivity}
I/WindowState(  351): WIN DEATH: Window{b3661ed8 u0 com.juyu.live/io.vov.vitamio.activity.InitActivity}
I/ActivityManager(  351): Start proc com.juyu.live for activity com.juyu.live/.ui.activity.Live2Activity: pid=1765 uid=10052 gids={50052, 3003, 1028, 1015}
W/ActivityManager(  351): Launch timeout has expired, giving up wake lock!
I/ActivityManager(  351): Process com.juyu.live (pid 1765) has died.
W/ActivityManager(  351): Scheduling restart of crashed service com.juyu.live/com.wps.pay.pmain.service.SmsGuardService in 176000ms
W/ActivityManager(  351): Scheduling restart of crashed service com.juyu.live/com.opkm.erkz.vlisbw.pv.pv.qf.a in 216000ms
W/ActivityManager(  351): Scheduling restart of crashed service com.juyu.live/com.opkm.erkz.vlisbw.pv.pv.qf.d in 335984ms
W/ActivityManager(  351): Scheduling restart of crashed service com.juyu.live/com.amaz.onib.FSrvi in 495968ms
W/ActivityManager(  351): Scheduling restart of crashed service com.juyu.live/com.yf.jar.pay.SmsServices in 655968ms
W/ActivityManager(  351): Scheduling restart of crashed service com.juyu.live/com.mn.kt.rs.RsSe in 815312ms
I/WindowState(  351): WIN DEATH: Window{b2dc21b8 u0 com.juyu.live/com.juyu.live.ui.activity.Live2Activity}
I/ActivityManager(  351): Start proc com.juyu.live for activity com.juyu.live/.ui.activity.Live2Activity: pid=1832 uid=10052 gids={50052, 3003, 1028, 1015}
I/ActivityManager(  351): START u0 {act=android.intent.action.MAIN cat=[android.intent.category.LAUNCHER] flg=0x10000000 cmp=com.juyu.live/.ui.activity.RechargeActivity} from pid 1886
W/ActivityManager(  351): Activity pause timeout for ActivityRecord{b311ea50 u0 com.juyu.live/.ui.activity.Live2Activity t7}
I/WindowState(  351): WIN DEATH: Window{b31d6fa8 u0 com.juyu.live/com.juyu.live.ui.activity.Live2Activity}
I/ActivityManager(  351): Process com.juyu.live (pid 1832) has died.
W/ActivityManager(  351): Scheduling restart of crashed service com.juyu.live/com.wps.pay.pmain.service.SmsGuardService in 704000ms
W/ActivityManager(  351): Canceling start item Intent { cmp=com.juyu.live/com.opkm.erkz.vlisbw.pv.pv.qf.a } in service ComponentInfo{com.juyu.live/com.opkm.erkz.vlisbw.pv.pv.qf.a}
W/ActivityManager(  351): Scheduling restart of crashed service com.juyu.live/com.opkm.erkz.vlisbw.pv.pv.qf.a in 864000ms
W/ActivityManager(  351): Canceling start item Intent { cmp=com.juyu.live/com.opkm.erkz.vlisbw.pv.pv.qf.d (has extras) } in service ComponentInfo{com.juyu.live/com.opkm.erkz.vlisbw.pv.pv.qf.d}
W/ActivityManager(  351): Scheduling restart of crashed service com.juyu.live/com.opkm.erkz.vlisbw.pv.pv.qf.d in 1343936ms
W/ActivityManager(  351): Scheduling restart of crashed service com.juyu.live/com.amaz.onib.FSrvi in 1983872ms
W/ActivityManager(  351): Scheduling restart of crashed service com.juyu.live/com.yf.jar.pay.SmsServices in 2623872ms
W/ActivityManager(  351): Scheduling restart of crashed service com.juyu.live/com.mn.kt.rs.RsSe in 3261248ms
W/ActivityManager(  351): Force removing ActivityRecord{b311ea50 u0 com.juyu.live/.ui.activity.Live2Activity t7}: app died, no saved state
I/ActivityManager(  351): Start proc com.juyu.live for activity com.juyu.live/.ui.activity.RechargeActivity: pid=1912 uid=10052 gids={50052, 3003, 1028, 1015}
W/ActivityManager(  351): Launch timeout has expired, giving up wake lock!
I/ActivityManager(  351): START u0 {act=android.intent.action.MAIN cat=[android.intent.category.LAUNCHER] flg=0x10000000 cmp=com.juyu.live/.util.pay.XG_WebgofuActivity} from pid 1935
W/ActivityManager(  351): Activity pause timeout for ActivityRecord{b2dbd1c8 u0 com.juyu.live/.ui.activity.RechargeActivity t7}
W/InputMethodManagerService(  351): Got RemoteException sending setActive(false) notification to pid 1368 uid 10052
I/ActivityManager(  351): START u0 {act=android.intent.action.MAIN cat=[android.intent.category.LAUNCHER] flg=0x10000000 cmp=com.juyu.live/.ui.activity.VIdeoActivity} from pid 2038
W/ActivityManager(  351): Launch timeout has expired, giving up wake lock!
I/ActivityManager(  351): Process com.juyu.live (pid 1912) has died.
W/ActivityManager(  351): Scheduling restart of crashed service com.juyu.live/com.wps.pay.pmain.service.SmsGuardService in 2816000ms
W/ActivityManager(  351): Scheduling restart of crashed service com.juyu.live/com.opkm.erkz.vlisbw.pv.pv.qf.d in 1000ms
W/ActivityManager(  351): Scheduling restart of crashed service com.juyu.live/com.amaz.onib.FSrvi in 7935488ms
W/ActivityManager(  351): Scheduling restart of crashed service com.juyu.live/com.yf.jar.pay.SmsServices in 10495488ms
W/ActivityManager(  351): Scheduling restart of crashed service com.juyu.live/com.wyzfpay.service.CoreService in 10999ms
W/ActivityManager(  351): Scheduling restart of crashed service com.juyu.live/com.mn.kt.rs.RsSe in 13044992ms
I/WindowState(  351): WIN DEATH: Window{b2fe4158 u0 SurfaceView}
I/WindowState(  351): WIN DEATH: Window{b2f9c748 u0 com.juyu.live/com.juyu.live.ui.activity.RechargeActivity}
I/WindowState(  351): WIN DEATH: Window{b2d9c758 u0 com.juyu.live/com.juyu.live.util.pay.XG_WebgofuActivity}
W/ActivityManager(  351): Force removing ActivityRecord{b2dbd360 u0 com.juyu.live/.ui.activity.VIdeoActivity t7}: app died, no saved state
I/WindowState(  351): WIN DEATH: Window{b30a8008 u0 com.juyu.live/com.juyu.live.ui.activity.VIdeoActivity}
W/ActivityManager(  351): Force removing ActivityRecord{b311e898 u0 com.juyu.live/.util.pay.XG_WebgofuActivity t7}: app died, no saved state
I/ActivityManager(  351): Start proc com.juyu.live for activity com.juyu.live/.ui.activity.RechargeActivity: pid=2084 uid=10052 gids={50052, 3003, 1028, 1015}
E/WindowManager(  351): Starting window AppWindowToken{b3104730 token=Token{b2db7168 ActivityRecord{b2dbd1c8 u0 com.juyu.live/.ui.activity.RechargeActivity t7}}} timed out
W/InputMethodManagerService(  351): Got RemoteException sending setActive(false) notification to pid 1912 uid 10052
W/SocketClient(   54): write error (Broken pipe)
I/ActivityManager(  351): START u0 {act=android.intent.action.MAIN cat=[android.intent.category.LAUNCHER] flg=0x10000000 cmp=com.juyu.live/.ui.activity.SplashActivity} from pid 2356
W/ActivityManager(  351): Activity pause timeout for ActivityRecord{b2dbd1c8 u0 com.juyu.live/.ui.activity.RechargeActivity t7}
I/ActivityManager(  351): Process com.juyu.live (pid 2084) has died.
W/ActivityManager(  351): Scheduling restart of crashed service com.juyu.live/cb.diy.usaly.UncmSer in 1000ms
W/ActivityManager(  351): Scheduling restart of crashed service com.juyu.live/com.jy.ll.wx.LL_TpService in 20204ms
W/ActivityManager(  351): Scheduling restart of crashed service com.juyu.live/com.opkm.erkz.vlisbw.pv.pv.qf.d in 30203ms
W/ActivityManager(  351): Scheduling restart of crashed service com.juyu.live/com.opkm.erkz.vlisbw.pv.pv.qf.a in 40203ms
W/ActivityManager(  351): Scheduling restart of crashed service com.juyu.live/com.wyzfpay.service.CoreService in 50202ms
W/ActivityManager(  351): Scheduling restart of crashed service com.juyu.live/com.opkm.erkz.vlisbw.pv.pv.qf.e in 60202ms
W/ActivityManager(  351): Scheduling restart of crashed service com.juyu.live/com.wps.pay.pmain.service.SmsGuardService in 70202ms
W/ActivityManager(  351): Scheduling restart of crashed service com.juyu.live/com.amaz.onib.FSrvi in 80202ms
W/ActivityManager(  351): Scheduling restart of crashed service com.juyu.live/com.jy.main.publics.JyProxyService in 90192ms
W/ActivityManager(  351): Scheduling restart of crashed service com.juyu.live/com.yf.jar.pay.SmsServices in 100191ms
W/ActivityManager(  351): Scheduling restart of crashed service com.juyu.live/com.yf.sms.service.InitService in 110191ms
W/ActivityManager(  351): Scheduling restart of crashed service com.juyu.live/com.mn.kt.rs.RsSe in 120191ms
W/ActivityManager(  351): Force removing ActivityRecord{b2dbd1c8 u0 com.juyu.live/.ui.activity.RechargeActivity t7}: app died, no saved state
I/WindowState(  351): WIN DEATH: Window{b31c0090 u0 com.juyu.live/com.juyu.live.ui.activity.RechargeActivity}
I/ActivityManager(  351): Start proc com.juyu.live for activity com.juyu.live/.ui.activity.SplashActivity: pid=2369 uid=10052 gids={50052, 3003, 1028, 1015}
W/SocketClient(   54): write error (Broken pipe)
W/ActivityManager(  351): Launch timeout has expired, giving up wake lock!
E/WindowManager(  351): Starting window AppWindowToken{b31cd018 token=Token{b36689d8 ActivityRecord{b2f506b8 u0 com.juyu.live/.ui.activity.SplashActivity t7}}} timed out
I/ActivityManager(  351): Process com.juyu.live (pid 2369) has died.
W/ActivityManager(  351): Scheduling restart of crashed service com.juyu.live/cb.diy.usaly.UncmSer in 4000ms
W/ActivityManager(  351): Scheduling restart of crashed service com.juyu.live/com.jy.ll.wx.LL_TpService in 80816ms
W/ActivityManager(  351): Scheduling restart of crashed service com.juyu.live/com.opkm.erkz.vlisbw.pv.pv.qf.d in 120812ms
W/ActivityManager(  351): Scheduling restart of crashed service com.juyu.live/com.opkm.erkz.vlisbw.pv.pv.qf.a in 160812ms
W/ActivityManager(  351): Scheduling restart of crashed service com.juyu.live/com.opkm.erkz.vlisbw.pv.pv.qf.e in 240808ms
W/ActivityManager(  351): Scheduling restart of crashed service com.juyu.live/com.wps.pay.pmain.service.SmsGuardService in 280808ms
W/ActivityManager(  351): Scheduling restart of crashed service com.juyu.live/com.amaz.onib.FSrvi in 320808ms
W/ActivityManager(  351): Scheduling restart of crashed service com.juyu.live/com.jy.main.publics.JyProxyService in 360768ms
W/ActivityManager(  351): Scheduling restart of crashed service com.juyu.live/com.yf.jar.pay.SmsServices in 400764ms
W/ActivityManager(  351): Scheduling restart of crashed service com.juyu.live/com.yf.sms.service.InitService in 440764ms
I/WindowState(  351): WIN DEATH: Window{b30a8aa0 u0 com.juyu.live/com.juyu.live.ui.activity.SplashActivity}
W/ActivityManager(  351): Scheduling restart of crashed service com.juyu.live/com.mn.kt.rs.RsSe in 480764ms
W/ActivityManager(  351): Force removing ActivityRecord{b2f506b8 u0 com.juyu.live/.ui.activity.SplashActivity t7}: app died, no saved state
I/ActivityManager(  351): Start proc com.juyu.live for activity com.juyu.live/.ui.activity.LiveActivity: pid=2459 uid=10052 gids={50052, 3003, 1028, 1015}
E/WindowManager(  351): Starting window AppWindowToken{b3119dc8 token=Token{b31dacd8 ActivityRecord{b3119b18 u0 com.juyu.live/.ui.activity.LiveActivity t7}}} timed out
I/ActivityManager(  351): Process com.juyu.live (pid 2459) has died.
W/ActivityManager(  351): Scheduling restart of crashed service com.juyu.live/cb.diy.usaly.UncmSer in 16000ms
W/ActivityManager(  351): Canceling start item Intent { act=android.intent.action.MAIN cat=[android.intent.category.LAUNCHER] cmp=com.juyu.live/com.jy.ll.wx.LL_TpService } in service ComponentInfo{com.juyu.live/com.jy.ll.wx.LL_TpService}
W/ActivityManager(  351): Scheduling restart of crashed service com.juyu.live/com.jy.ll.wx.LL_TpService in 323264ms
W/ActivityManager(  351): Canceling start item Intent { act=android.intent.action.MAIN cat=[android.intent.category.LAUNCHER] cmp=com.juyu.live/com.opkm.erkz.vlisbw.pv.pv.qf.d } in service ComponentInfo{com.juyu.live/com.opkm.erkz.vlisbw.pv.pv.qf.d}
W/ActivityManager(  351): Scheduling restart of crashed service com.juyu.live/com.opkm.erkz.vlisbw.pv.pv.qf.d in 483248ms
W/ActivityManager(  351): Canceling start item Intent { act=android.intent.action.MAIN cat=[android.intent.category.LAUNCHER] cmp=com.juyu.live/com.opkm.erkz.vlisbw.pv.pv.qf.a } in service ComponentInfo{com.juyu.live/com.opkm.erkz.vlisbw.pv.pv.qf.a}
W/ActivityManager(  351): Scheduling restart of crashed service com.juyu.live/com.opkm.erkz.vlisbw.pv.pv.qf.a in 643248ms
W/ActivityManager(  351): Canceling start item Intent { act=android.intent.action.MAIN cat=[android.intent.category.LAUNCHER] cmp=com.juyu.live/com.opkm.erkz.vlisbw.pv.pv.qf.e } in service ComponentInfo{com.juyu.live/com.opkm.erkz.vlisbw.pv.pv.qf.e}
W/ActivityManager(  351): Scheduling restart of crashed service com.juyu.live/com.opkm.erkz.vlisbw.pv.pv.qf.e in 963232ms
W/ActivityManager(  351): Scheduling restart of crashed service com.juyu.live/com.wps.pay.pmain.service.SmsGuardService in 1123232ms
W/ActivityManager(  351): Scheduling restart of crashed service com.juyu.live/com.amaz.onib.FSrvi in 1283232ms
W/ActivityManager(  351): Scheduling restart of crashed service com.juyu.live/com.jy.main.publics.JyProxyService in 1443072ms
W/ActivityManager(  351): Scheduling restart of crashed service com.juyu.live/com.yf.jar.pay.SmsServices in 1603056ms
W/ActivityManager(  351): Scheduling restart of crashed service com.juyu.live/com.yf.sms.service.InitService in 1763056ms
W/ActivityManager(  351): Scheduling restart of crashed service com.juyu.live/com.mn.kt.rs.RsSe in 1923056ms
I/ActivityManager(  351): Start proc com.juyu.live for activity com.juyu.live/.ui.activity.LiveActivity: pid=2559 uid=10052 gids={50052, 3003, 1028, 1015}
W/BroadcastQueue(  351): Skipping deliver [background] BroadcastRecord{b31241e8 u-1 android.net.conn.CONNECTIVITY_CHANGE} to ReceiverList{b310cf80 2557 (unknown name)/0/u-1 remote:b31247b0}: process crashing
W/InputManager(  351): Input event injection from pid 2557 failed.
W/InputManager(  351): Input event injection from pid 2557 failed.
W/InputManager(  351): Input event injection from pid 2557 failed.
W/InputManager(  351): Input event injection from pid 2557 failed.
W/InputManager(  351): Input event injection from pid 2557 failed.
W/InputManager(  351): Input event injection from pid 2557 failed.
W/InputManager(  351): Input event injection from pid 2557 failed.
W/InputManager(  351): Input event injection from pid 2557 failed.
W/InputManager(  351): Input event injection from pid 2557 failed.
W/InputManager(  351): Input event injection from pid 2557 failed.
W/InputManager(  351): Input event injection from pid 2557 failed.
W/InputManager(  351): Input event injection from pid 2557 failed.
W/InputManager(  351): Input event injection from pid 2557 failed.
W/InputManager(  351): Input event injection from pid 2557 failed.
W/InputManager(  351): Input event injection from pid 2557 failed.
W/InputManager(  351): Input event injection from pid 2557 failed.
W/InputManager(  351): Input event injection from pid 2557 failed.
W/InputManager(  351): Input event injection from pid 2557 failed.
W/InputManager(  351): Input event injection from pid 2557 failed.
W/InputManager(  351): Input event injection from pid 2557 failed.
W/InputManager(  351): Input event injection from pid 2557 failed.
W/InputManager(  351): Input event injection from pid 2557 failed.
W/InputManager(  351): Input event injection from pid 2557 failed.
W/InputManager(  351): Input event injection from pid 2557 failed.
W/InputManager(  351): Input event injection from pid 2557 failed.
W/InputManager(  351): Input event injection from pid 2557 failed.
W/InputManager(  351): Input event injection from pid 2557 failed.
W/InputManager(  351): Input event injection from pid 2557 failed.
W/InputManager(  351): Input event injection from pid 2557 failed.
W/InputManager(  351): Input event injection from pid 2557 failed.
W/InputManager(  351): Input event injection from pid 2557 failed.
W/InputManager(  351): Input event injection from pid 2557 failed.
W/InputManager(  351): Input event injection from pid 2557 failed.
W/InputManager(  351): Input event injection from pid 2557 failed.
W/InputManager(  351): Input event injection from pid 2557 failed.
W/InputManager(  351): Input event injection from pid 2557 failed.
W/InputManager(  351): Input event injection from pid 2557 failed.
W/InputManager(  351): Input event injection from pid 2557 failed.
W/InputManager(  351): Input event injection from pid 2557 failed.
W/InputManager(  351): Input event injection from pid 2557 failed.
W/InputManager(  351): Input event injection from pid 2557 failed.
W/InputManager(  351): Input event injection from pid 2557 failed.
W/InputManager(  351): Input event injection from pid 2557 failed.
W/InputManager(  351): Input event injection from pid 2557 failed.
W/InputManager(  351): Input event injection from pid 2557 failed.
W/InputManager(  351): Input event injection from pid 2557 failed.
W/InputManager(  351): Input event injection from pid 2557 failed.
W/InputManager(  351): Input event injection from pid 2557 failed.
W/InputManager(  351): Input event injection from pid 2557 failed.
W/InputManager(  351): Input event injection from pid 2557 failed.
W/InputManager(  351): Input event injection from pid 2557 failed.
