I/ActivityManager(  362): Start proc com.android.launcher for activity com.android.launcher/com.android.launcher2.Launcher: pid=696 uid=10008 gids={50008}
I/InputReader(  362): Reconfiguring input devices.  changes=0x00000010
D/dalvikvm(  362): GC_CONCURRENT freed 631K, 58% free 5447K/12712K, paused 50ms+36ms, total 210ms
D/dalvikvm(  362): WAIT_FOR_CONCURRENT_GC blocked 143ms
D/dalvikvm(  362): WAIT_FOR_CONCURRENT_GC blocked 97ms
D/dalvikvm(  362): WAIT_FOR_CONCURRENT_GC blocked 55ms
E/BluetoothAdapter(  604): Bluetooth binder is null
D/dalvikvm(  591): GC_CONCURRENT freed 341K, 13% free 2988K/3412K, paused 5ms+10ms, total 52ms
D/CallNotifier(  604): CallNotifier: mSignalInfoToneGenerator created when toneplay
E/BluetoothAdapter(  604): Bluetooth binder is null
D/MobileDataStateTracker(  362): fota: Broadcast received: android.intent.action.ANY_DATA_STATE apnType=fota
D/MobileDataStateTracker(  362): fota: Received state=DISCONNECTED, old=DISCONNECTED, reason=radioTurnedOff
D/MobileDataStateTracker(  362): ia: Broadcast received: android.intent.action.ANY_DATA_STATE apnType=ia
D/dalvikvm(  591): GC_CONCURRENT freed 448K, 17% free 2971K/3552K, paused 49ms+116ms, total 252ms
D/MobileDataStateTracker(  362): ia: Received state=DISCONNECTED, old=DISCONNECTED, reason=radioTurnedOff
D/MobileDataStateTracker(  362): supl: Broadcast received: android.intent.action.ANY_DATA_STATE apnType=supl
D/MobileDataStateTracker(  362): supl: Received state=DISCONNECTED, old=DISCONNECTED, reason=radioTurnedOff
W/ProcessCpuTracker(  362): Skipping unknown process pid 711
D/MobileDataStateTracker(  362): hipri: Broadcast received: android.intent.action.ANY_DATA_STATE apnType=hipri
D/MobileDataStateTracker(  362): hipri: Received state=DISCONNECTED, old=DISCONNECTED, reason=radioTurnedOff
D/MobileDataStateTracker(  362): ims: Broadcast received: android.intent.action.ANY_DATA_STATE apnType=ims
D/MobileDataStateTracker(  362): ims: Received state=DISCONNECTED, old=DISCONNECTED, reason=radioTurnedOff
D/MobileDataStateTracker(  362): default: Broadcast received: android.intent.action.ANY_DATA_STATE apnType=default
D/MobileDataStateTracker(  362): default: Received state=DISCONNECTED, old=DISCONNECTED, reason=radioTurnedOff
D/MobileDataStateTracker(  362): mms: Broadcast received: android.intent.action.ANY_DATA_STATE apnType=mms
D/MobileDataStateTracker(  362): mms: Received state=DISCONNECTED, old=DISCONNECTED, reason=radioTurnedOff
D/MobileDataStateTracker(  362): cbs: Broadcast received: android.intent.action.ANY_DATA_STATE apnType=cbs
D/MobileDataStateTracker(  362): cbs: Received state=DISCONNECTED, old=DISCONNECTED, reason=radioTurnedOff
D/MobileDataStateTracker(  362): fota: Broadcast received: android.intent.action.ANY_DATA_STATE apnType=fota
D/MobileDataStateTracker(  362): fota: Received state=DISCONNECTED, old=DISCONNECTED, reason=radioTurnedOff
D/MobileDataStateTracker(  362): ia: Broadcast received: android.intent.action.ANY_DATA_STATE apnType=ia
D/MobileDataStateTracker(  362): ia: Received state=DISCONNECTED, old=DISCONNECTED, reason=radioTurnedOff
D/MobileDataStateTracker(  362): supl: Broadcast received: android.intent.action.ANY_DATA_STATE apnType=supl
D/MobileDataStateTracker(  362): supl: Received state=DISCONNECTED, old=DISCONNECTED, reason=radioTurnedOff
D/MobileDataStateTracker(  362): hipri: Broadcast received: android.intent.action.ANY_DATA_STATE apnType=hipri
D/MobileDataStateTracker(  362): hipri: Received state=DISCONNECTED, old=DISCONNECTED, reason=radioTurnedOff
D/MobileDataStateTracker(  362): ims: Broadcast received: android.intent.action.ANY_DATA_STATE apnType=ims
D/MobileDataStateTracker(  362): ims: Received state=DISCONNECTED, old=DISCONNECTED, reason=radioTurnedOff
D/MobileDataStateTracker(  362): default: Broadcast received: android.intent.action.ANY_DATA_STATE apnType=default
D/MobileDataStateTracker(  362): default: Received state=DISCONNECTED, old=DISCONNECTED, reason=radioTurnedOff
D/MobileDataStateTracker(  362): mms: Broadcast received: android.intent.action.ANY_DATA_STATE apnType=mms
D/MobileDataStateTracker(  362): mms: Received state=DISCONNECTED, old=DISCONNECTED, reason=radioTurnedOff
D/MobileDataStateTracker(  362): cbs: Broadcast received: android.intent.action.ANY_DATA_STATE apnType=cbs
D/MobileDataStateTracker(  362): cbs: Received state=DISCONNECTED, old=DISCONNECTED, reason=radioTurnedOff
D/MobileDataStateTracker(  362): fota: Broadcast received: android.intent.action.ANY_DATA_STATE apnType=fota
D/MobileDataStateTracker(  362): fota: Received state=DISCONNECTED, old=DISCONNECTED, reason=dataDetached
D/MobileDataStateTracker(  362): ia: Broadcast received: android.intent.action.ANY_DATA_STATE apnType=ia
D/MobileDataStateTracker(  362): ia: Received state=DISCONNECTED, old=DISCONNECTED, reason=dataDetached
D/MobileDataStateTracker(  362): supl: Broadcast received: android.intent.action.ANY_DATA_STATE apnType=supl
D/MobileDataStateTracker(  362): supl: Received state=DISCONNECTED, old=DISCONNECTED, reason=dataDetached
D/MobileDataStateTracker(  362): hipri: Broadcast received: android.intent.action.ANY_DATA_STATE apnType=hipri
D/MobileDataStateTracker(  362): hipri: Received state=DISCONNECTED, old=DISCONNECTED, reason=dataDetached
D/MobileDataStateTracker(  362): ims: Broadcast received: android.intent.action.ANY_DATA_STATE apnType=ims
D/MobileDataStateTracker(  362): ims: Received state=DISCONNECTED, old=DISCONNECTED, reason=dataDetached
D/MobileDataStateTracker(  362): default: Broadcast received: android.intent.action.ANY_DATA_STATE apnType=default
D/MobileDataStateTracker(  362): default: Received state=DISCONNECTED, old=DISCONNECTED, reason=dataDetached
D/MobileDataStateTracker(  362): mms: Broadcast received: android.intent.action.ANY_DATA_STATE apnType=mms
D/MobileDataStateTracker(  362): mms: Received state=DISCONNECTED, old=DISCONNECTED, reason=dataDetached
D/MobileDataStateTracker(  362): cbs: Broadcast received: android.intent.action.ANY_DATA_STATE apnType=cbs
D/MobileDataStateTracker(  362): cbs: Received state=DISCONNECTED, old=DISCONNECTED, reason=dataDetached
D/MobileDataStateTracker(  362): fota: Broadcast received: android.intent.action.ANY_DATA_STATE apnType=fota
D/MobileDataStateTracker(  362): fota: Received state=DISCONNECTED, old=DISCONNECTED, reason=roamingOff
D/MobileDataStateTracker(  362): ia: Broadcast received: android.intent.action.ANY_DATA_STATE apnType=ia
D/MobileDataStateTracker(  362): ia: Received state=DISCONNECTED, old=DISCONNECTED, reason=roamingOff
D/MobileDataStateTracker(  362): supl: Broadcast received: android.intent.action.ANY_DATA_STATE apnType=supl
D/MobileDataStateTracker(  362): supl: Received state=DISCONNECTED, old=DISCONNECTED, reason=roamingOff
D/MobileDataStateTracker(  362): hipri: Broadcast received: android.intent.action.ANY_DATA_STATE apnType=hipri
D/MobileDataStateTracker(  362): hipri: Received state=DISCONNECTED, old=DISCONNECTED, reason=roamingOff
I/LatinIME:LogUtils(  591): Dictionary info: dictionary = main:en ; version = 42 ; date = 1381226429
D/MobileDataStateTracker(  362): ims: Broadcast received: android.intent.action.ANY_DATA_STATE apnType=ims
D/MobileDataStateTracker(  362): ims: Received state=DISCONNECTED, old=DISCONNECTED, reason=roamingOff
D/MobileDataStateTracker(  362): default: Broadcast received: android.intent.action.ANY_DATA_STATE apnType=default
D/MobileDataStateTracker(  362): default: Received state=DISCONNECTED, old=DISCONNECTED, reason=roamingOff
D/MobileDataStateTracker(  362): mms: Broadcast received: android.intent.action.ANY_DATA_STATE apnType=mms
D/MobileDataStateTracker(  362): mms: Received state=DISCONNECTED, old=DISCONNECTED, reason=roamingOff
D/MobileDataStateTracker(  362): cbs: Broadcast received: android.intent.action.ANY_DATA_STATE apnType=cbs
D/MobileDataStateTracker(  362): cbs: Received state=DISCONNECTED, old=DISCONNECTED, reason=roamingOff
D/MobileDataStateTracker(  362): fota: Broadcast received: android.intent.action.ANY_DATA_STATE apnType=fota
D/MobileDataStateTracker(  362): fota: Received state=DISCONNECTED, old=DISCONNECTED, reason=roamingOff
D/MobileDataStateTracker(  362): ia: Broadcast received: android.intent.action.ANY_DATA_STATE apnType=ia
D/MobileDataStateTracker(  362): ia: Received state=DISCONNECTED, old=DISCONNECTED, reason=roamingOff
D/dalvikvm(  604): GC_CONCURRENT freed 288K, 11% free 3049K/3416K, paused 8ms+2ms, total 113ms
I/LatinIME:LogUtils(  591): Dictionary info: dictionary = main:en ; version = 42 ; date = 1381226429
D/MobileDataStateTracker(  362): supl: Broadcast received: android.intent.action.ANY_DATA_STATE apnType=supl
D/MobileDataStateTracker(  362): supl: Received state=DISCONNECTED, old=DISCONNECTED, reason=roamingOff
D/MobileDataStateTracker(  362): hipri: Broadcast received: android.intent.action.ANY_DATA_STATE apnType=hipri
D/MobileDataStateTracker(  362): hipri: Received state=DISCONNECTED, old=DISCONNECTED, reason=roamingOff
D/MobileDataStateTracker(  362): ims: Broadcast received: android.intent.action.ANY_DATA_STATE apnType=ims
D/MobileDataStateTracker(  362): ims: Received state=DISCONNECTED, old=DISCONNECTED, reason=roamingOff
D/MobileDataStateTracker(  362): default: Broadcast received: android.intent.action.ANY_DATA_STATE apnType=default
D/MobileDataStateTracker(  362): default: Received state=DISCONNECTED, old=DISCONNECTED, reason=roamingOff
D/TelephonyDebugService(  604): TelephonyDebugService()
D/MobileDataStateTracker(  362): mms: Broadcast received: android.intent.action.ANY_DATA_STATE apnType=mms
D/MobileDataStateTracker(  362): mms: Received state=DISCONNECTED, old=DISCONNECTED, reason=roamingOff
D/MobileDataStateTracker(  362): cbs: Broadcast received: android.intent.action.ANY_DATA_STATE apnType=cbs
D/MobileDataStateTracker(  362): cbs: Received state=DISCONNECTED, old=DISCONNECTED, reason=roamingOff
I/PackageManager(  362):   Action: "android.intent.action.SENDTO"
I/PackageManager(  362):   Category: "android.intent.category.DEFAULT"
I/PackageManager(  362):   Scheme: "sms"
I/PackageManager(  362): Adding preferred activity ComponentInfo{com.android.mms/com.android.mms.ui.ComposeMessageActivity} for user 0 :
I/PackageManager(  362):   Action: "android.intent.action.SENDTO"
I/PackageManager(  362):   Category: "android.intent.category.DEFAULT"
I/PackageManager(  362):   Scheme: "smsto"
I/PackageManager(  362): Adding preferred activity ComponentInfo{com.android.mms/com.android.mms.ui.ComposeMessageActivity} for user 0 :
D/dalvikvm(  362): GC_CONCURRENT freed 645K, 57% free 5496K/12712K, paused 5ms+10ms, total 215ms
D/dalvikvm(  362): WAIT_FOR_CONCURRENT_GC blocked 60ms
I/LatinIME:LogUtils(  591): Dictionary info: dictionary = main:en ; version = 42 ; date = 1381226429
I/LatinIME:LogUtils(  591): Dictionary info: dictionary = main:en ; version = 42 ; date = 1381226429
I/PackageManager(  362):   Action: "android.intent.action.SENDTO"
I/PackageManager(  362):   Category: "android.intent.category.DEFAULT"
I/PackageManager(  362):   Scheme: "mms"
I/PackageManager(  362): Adding preferred activity ComponentInfo{com.android.mms/com.android.mms.ui.ComposeMessageActivity} for user 0 :
I/LatinIME:LogUtils(  591): Dictionary info: dictionary = main:en ; version = 42 ; date = 1381226429
I/PackageManager(  362):   Action: "android.intent.action.SENDTO"
I/PackageManager(  362):   Category: "android.intent.category.DEFAULT"
I/PackageManager(  362):   Scheme: "mmsto"
I/PackageManager(  362): Adding preferred activity ComponentInfo{com.android.mms/com.android.mms.ui.ComposeMessageActivity} for user 0 :
I/LatinIME:LogUtils(  591): Dictionary info: dictionary = main:en ; version = 42 ; date = 1381226429
I/LatinIME:LogUtils(  591): Dictionary info: dictionary = main:en ; version = 42 ; date = 1381226429
I/PackageManager(  362):   Action: "android.intent.action.SENDTO"
I/PackageManager(  362):   Category: "android.intent.category.DEFAULT"
I/PackageManager(  362):   Scheme: "sms"
I/PackageManager(  362): Adding preferred activity ComponentInfo{com.android.mms/com.android.mms.ui.ComposeMessageActivity} for user 0 :
I/LatinIME:LogUtils(  591): Dictionary info: dictionary = main:en ; version = 42 ; date = 1381226429
I/PackageManager(  362):   Action: "android.intent.action.SENDTO"
I/PackageManager(  362):   Category: "android.intent.category.DEFAULT"
I/PackageManager(  362):   Scheme: "smsto"
I/PackageManager(  362): Adding preferred activity ComponentInfo{com.android.mms/com.android.mms.ui.ComposeMessageActivity} for user 0 :
D/dalvikvm(  591): GC_CONCURRENT freed 326K, 14% free 3077K/3552K, paused 72ms+31ms, total 221ms
I/PackageManager(  362):   Action: "android.intent.action.SENDTO"
I/PackageManager(  362):   Category: "android.intent.category.DEFAULT"
I/PackageManager(  362):   Scheme: "mms"
I/PackageManager(  362): Adding preferred activity ComponentInfo{com.android.mms/com.android.mms.ui.ComposeMessageActivity} for user 0 :
D/dalvikvm(  604): GC_CONCURRENT freed 390K, 14% free 3142K/3612K, paused 4ms+2ms, total 76ms
I/PackageManager(  362):   Action: "android.intent.action.SENDTO"
I/PackageManager(  362):   Category: "android.intent.category.DEFAULT"
I/PackageManager(  362):   Scheme: "mmsto"
I/PackageManager(  362): Adding preferred activity ComponentInfo{com.android.mms/com.android.mms.ui.ComposeMessageActivity} for user 0 :
D/dalvikvm(  362): GC_CONCURRENT freed 658K, 57% free 5537K/12712K, paused 5ms+15ms, total 157ms
D/dalvikvm(  362): WAIT_FOR_CONCURRENT_GC blocked 38ms
D/dalvikvm(  696): GC_CONCURRENT freed 175K, 9% free 2940K/3200K, paused 5ms+14ms, total 95ms
I/FusedLocation(  362): engine stopped (com.android.location.fused)
I/FusedLocation(  362): engine started (com.android.location.fused)
D/MccTable(  604): updateMccMncConfiguration: mcc=310, mnc=260
D/AlarmManagerService(  362): Kernel timezone updated to 240 minutes west of GMT
D/MccTable(  604): timezone set to America/New_York
D/MccTable(  604): getLocaleFromMcc to en_us mcc=310
D/MccTable(  604): getLocaleForLanguageCountry: got match
D/MccTable(  604): getLocaleForLanguageCountry: X locale=en_US
D/MccTable(  604): WIFI_COUNTRY_CODE set to us
I/WifiService(  362): WifiService trying to set country code to us with persist set to true
I/LatinIME:LogUtils(  591): Dictionary info: dictionary = userunigram.en_US.dict ; version = ? ; date = ?
D/dalvikvm(  604): GC_CONCURRENT freed 443K, 15% free 3175K/3700K, paused 23ms+2ms, total 76ms
D/MobileDataStateTracker(  362): fota: Broadcast received: android.intent.action.ANY_DATA_STATE apnType=fota
D/MobileDataStateTracker(  362): fota: Received state=DISCONNECTED, old=DISCONNECTED, reason=dataAttached
D/MobileDataStateTracker(  362): ia: Broadcast received: android.intent.action.ANY_DATA_STATE apnType=ia
D/MobileDataStateTracker(  362): ia: Received state=DISCONNECTED, old=DISCONNECTED, reason=dataAttached
D/MobileDataStateTracker(  362): supl: Broadcast received: android.intent.action.ANY_DATA_STATE apnType=supl
D/MobileDataStateTracker(  362): supl: Received state=DISCONNECTED, old=DISCONNECTED, reason=dataAttached
D/MobileDataStateTracker(  362): hipri: Broadcast received: android.intent.action.ANY_DATA_STATE apnType=hipri
D/MobileDataStateTracker(  362): hipri: Received state=DISCONNECTED, old=DISCONNECTED, reason=dataAttached
D/MobileDataStateTracker(  362): ims: Broadcast received: android.intent.action.ANY_DATA_STATE apnType=ims
D/MobileDataStateTracker(  362): ims: Received state=DISCONNECTED, old=DISCONNECTED, reason=dataAttached
D/MobileDataStateTracker(  362): mms: Broadcast received: android.intent.action.ANY_DATA_STATE apnType=mms
D/MobileDataStateTracker(  362): mms: Received state=DISCONNECTED, old=DISCONNECTED, reason=dataAttached
D/MobileDataStateTracker(  362): cbs: Broadcast received: android.intent.action.ANY_DATA_STATE apnType=cbs
D/MobileDataStateTracker(  362): cbs: Received state=DISCONNECTED, old=DISCONNECTED, reason=dataAttached
D/MobileDataStateTracker(  362): fota: Broadcast received: android.intent.action.ANY_DATA_STATE apnType=fota
D/MobileDataStateTracker(  362): fota: Received state=DISCONNECTED, old=DISCONNECTED, reason=dataAttached
D/MobileDataStateTracker(  362): ia: Broadcast received: android.intent.action.ANY_DATA_STATE apnType=ia
D/MobileDataStateTracker(  362): ia: Received state=DISCONNECTED, old=DISCONNECTED, reason=dataAttached
D/MobileDataStateTracker(  362): supl: Broadcast received: android.intent.action.ANY_DATA_STATE apnType=supl
D/MobileDataStateTracker(  362): supl: Received state=DISCONNECTED, old=DISCONNECTED, reason=dataAttached
D/MobileDataStateTracker(  362): hipri: Broadcast received: android.intent.action.ANY_DATA_STATE apnType=hipri
D/MobileDataStateTracker(  362): hipri: Received state=DISCONNECTED, old=DISCONNECTED, reason=dataAttached
D/MobileDataStateTracker(  362): ims: Broadcast received: android.intent.action.ANY_DATA_STATE apnType=ims
D/MobileDataStateTracker(  362): ims: Received state=DISCONNECTED, old=DISCONNECTED, reason=dataAttached
D/MobileDataStateTracker(  362): mms: Broadcast received: android.intent.action.ANY_DATA_STATE apnType=mms
D/MobileDataStateTracker(  362): mms: Received state=DISCONNECTED, old=DISCONNECTED, reason=dataAttached
D/MobileDataStateTracker(  362): cbs: Broadcast received: android.intent.action.ANY_DATA_STATE apnType=cbs
D/MobileDataStateTracker(  362): cbs: Received state=DISCONNECTED, old=DISCONNECTED, reason=dataAttached
D/dalvikvm(  362): GC_CONCURRENT freed 659K, 57% free 5590K/12712K, paused 8ms+5ms, total 128ms
D/dalvikvm(  362): WAIT_FOR_CONCURRENT_GC blocked 39ms
D/dalvikvm(  362): WAIT_FOR_CONCURRENT_GC blocked 30ms
D/MccTable(  604): updateMccMncConfiguration: mcc=310, mnc=260
D/MccTable(  604): getLocaleFromMcc to en_us mcc=310
D/MccTable(  604): getLocaleForLanguageCountry: got match
D/MccTable(  604): getLocaleForLanguageCountry: X locale=en_US
D/MccTable(  604): updateMccMncConfiguration updateConfig config={1.0 310mcc260mnc en_US ldltr ?swdp ?wdp ?hdp ?density ?lsize ?long ?orien ?uimode ?night ?touch ?keyb/?/? ?nav/?}
I/ActivityManager(  362): Config changes=3 {1.0 310mcc260mnc en_US ldltr sw480dp w480dp h839dp 160dpi lrg long port finger -keyb/v/h tball/v s.6}
D/PermissionCache(   57): checking android.permission.READ_FRAME_BUFFER for uid=1000 => granted (750 us)
D/gralloc (   57): Registering a buffer in the process that created it. This may cause memory ordering problems.
E/libEGL  (   57): called unimplemented OpenGL ES API
E/libEGL  (   57): called unimplemented OpenGL ES API
E/libEGL  (   57): called unimplemented OpenGL ES API
E/libEGL  (   57): called unimplemented OpenGL ES API
E/SurfaceFlinger(   57): glCheckFramebufferStatusOES error 1331886828
E/SurfaceFlinger(   57): got GL_FRAMEBUFFER_COMPLETE_OES error while taking screenshot
E/libEGL  (   57): called unimplemented OpenGL ES API
E/libEGL  (   57): called unimplemented OpenGL ES API
I/ARMAssembler(   57): generated scanline__00000077:03515104_00008001_00000000 [113 ipp] (134 ins) at [0xb5a321f0:0xb5a32408] in 10000000 ns
D/PhoneStatusBar(  451): mSettingsPanelGravity = 55
D/MccTable(  604): updateMccMncConfiguration: mcc=310, mnc=260
D/MccTable(  604): getLocaleFromMcc to en_us mcc=310
D/MccTable(  604): getLocaleForLanguageCountry: skipping already persisted
D/MccTable(  604): getLocaleForLanguageCountry: X locale=null
D/MccTable(  604): updateMccMncConfiguration updateConfig config={1.0 310mcc260mnc ?locale ?layoutDir ?swdp ?wdp ?hdp ?density ?lsize ?long ?orien ?uimode ?night ?touch ?keyb/?/? ?nav/?}
D/dalvikvm(  604): GC_CONCURRENT freed 349K, 12% free 3298K/3728K, paused 4ms+7ms, total 57ms
D/dalvikvm(  362): GC_CONCURRENT freed 724K, 57% free 5592K/12712K, paused 14ms+4ms, total 154ms
D/dalvikvm(  362): WAIT_FOR_CONCURRENT_GC blocked 60ms
D/dalvikvm(  696): GC_FOR_ALLOC freed 189K, 9% free 3112K/3384K, paused 25ms, total 47ms
I/dalvikvm-heap(  696): Grow heap (frag case) to 3.728MB for 640016-byte allocation
D/dalvikvm(  696): GC_FOR_ALLOC freed 2K, 7% free 3735K/4012K, paused 66ms, total 66ms
D/dalvikvm(  604): GC_CONCURRENT freed 449K, 14% free 3268K/3796K, paused 4ms+2ms, total 71ms
D/MobileDataStateTracker(  362): fota: Broadcast received: android.intent.action.ANY_DATA_STATE apnType=fota
D/MobileDataStateTracker(  362): fota: Received state=DISCONNECTED, old=DISCONNECTED, reason=simLoaded
D/MobileDataStateTracker(  362): ia: Broadcast received: android.intent.action.ANY_DATA_STATE apnType=ia
D/dalvikvm(  696): GC_CONCURRENT freed 7K, 8% free 3729K/4012K, paused 55ms+100ms, total 241ms
D/MobileDataStateTracker(  362): ia: Received state=DISCONNECTED, old=DISCONNECTED, reason=simLoaded
D/MobileDataStateTracker(  362): supl: Broadcast received: android.intent.action.ANY_DATA_STATE apnType=supl
D/MobileDataStateTracker(  362): supl: Received state=DISCONNECTED, old=DISCONNECTED, reason=simLoaded
D/MobileDataStateTracker(  362): hipri: Broadcast received: android.intent.action.ANY_DATA_STATE apnType=hipri
D/MobileDataStateTracker(  362): hipri: Received state=DISCONNECTED, old=DISCONNECTED, reason=simLoaded
D/MobileDataStateTracker(  362): ims: Broadcast received: android.intent.action.ANY_DATA_STATE apnType=ims
D/MobileDataStateTracker(  362): ims: Received state=DISCONNECTED, old=DISCONNECTED, reason=simLoaded
D/MobileDataStateTracker(  362): mms: Broadcast received: android.intent.action.ANY_DATA_STATE apnType=mms
D/MobileDataStateTracker(  362): mms: Received state=DISCONNECTED, old=DISCONNECTED, reason=simLoaded
D/MobileDataStateTracker(  362): cbs: Broadcast received: android.intent.action.ANY_DATA_STATE apnType=cbs
D/MobileDataStateTracker(  362): cbs: Received state=DISCONNECTED, old=DISCONNECTED, reason=simLoaded
D/MobileDataStateTracker(  362): default: Broadcast received: android.intent.action.ANY_DATA_STATE apnType=default
D/MobileDataStateTracker(  362): default: Received state=CONNECTING, old=DISCONNECTED, reason=simLoaded
D/MobileDataStateTracker(  362): default: setDetailed state, old =IDLE and new state=CONNECTING
D/MobileDataStateTracker(  362): fota: Broadcast received: android.intent.action.ANY_DATA_STATE apnType=fota
D/MobileDataStateTracker(  362): fota: Received state=DISCONNECTED, old=DISCONNECTED, reason=simLoaded
D/MobileDataStateTracker(  362): ia: Broadcast received: android.intent.action.ANY_DATA_STATE apnType=ia
D/MobileDataStateTracker(  362): ia: Received state=DISCONNECTED, old=DISCONNECTED, reason=simLoaded
D/MobileDataStateTracker(  362): supl: Broadcast received: android.intent.action.ANY_DATA_STATE apnType=supl
D/MobileDataStateTracker(  362): supl: Received state=DISCONNECTED, old=DISCONNECTED, reason=simLoaded
D/MobileDataStateTracker(  362): hipri: Broadcast received: android.intent.action.ANY_DATA_STATE apnType=hipri
D/MobileDataStateTracker(  362): hipri: Received state=DISCONNECTED, old=DISCONNECTED, reason=simLoaded
D/MobileDataStateTracker(  362): ims: Broadcast received: android.intent.action.ANY_DATA_STATE apnType=ims
D/MobileDataStateTracker(  362): ims: Received state=DISCONNECTED, old=DISCONNECTED, reason=simLoaded
D/MobileDataStateTracker(  362): mms: Broadcast received: android.intent.action.ANY_DATA_STATE apnType=mms
D/MobileDataStateTracker(  362): mms: Received state=DISCONNECTED, old=DISCONNECTED, reason=simLoaded
D/MobileDataStateTracker(  362): cbs: Broadcast received: android.intent.action.ANY_DATA_STATE apnType=cbs
D/MobileDataStateTracker(  362): cbs: Received state=DISCONNECTED, old=DISCONNECTED, reason=simLoaded
D/dalvikvm(  362): GC_CONCURRENT freed 723K, 57% free 5526K/12712K, paused 14ms+14ms, total 247ms
D/dalvikvm(  604): GC_CONCURRENT freed 358K, 13% free 3315K/3796K, paused 27ms+15ms, total 98ms
D/MobileDataStateTracker(  362): default: Broadcast received: android.intent.action.ANY_DATA_STATE apnType=default
D/MobileDataStateTracker(  362): default: Received state=CONNECTED, old=CONNECTING, reason=connected
D/MobileDataStateTracker(  362): default: setDetailed state, old =CONNECTING and new state=CONNECTED
D/ConnectivityService(  362): ConnectivityChange for mobile: CONNECTED/CONNECTED
D/ConnectivityService(  362): ConnectivityChange checkMobileProvisioning for TYPE_MOBILE or ProvisioningNetwork
D/ConnectivityService(  362): checkMobileProvisioning: E suggestedTimeOutMs=60000
D/ConnectivityService(  362): setProvNotificationVisible: E visible=false networkType=5 extraInfo=null url=null
D/ConnectivityService(  362): checkMobileProvisioning: params={ url=http://clients3.google.com/generate_204 mTimeOutMs=60000 mCb=com.android.server.ConnectivityService$5@b320a648}
D/ConnectivityService(  362): checkMobileProvisioning: X
I/FusedLocation(  362): engine started (com.android.location.fused)
D/Nat464Xlat(  362): requiresClat: netType=0, hasIPv4Address=true
I/NetworkPolicy(  362): no policy for active mobile network; generating default policy
D/MobileDataStateTracker(  362): default: setPolicyDataEnable(enabled=true)
D/MobileDataStateTracker(  362): default: isProvisioningNetwork: retVal=false
D/ConnectivityService(  362): [CheckMp] isMobileOk: isDefaultProvisioning=false
D/MobileDataStateTracker(  362): hipri: isProvisioningNetwork: retVal=false
D/ConnectivityService(  362): [CheckMp] isMobileOk: isHipriProvisioning=false
D/ConnectivityService(  362): [CheckMp] isMobileOk: start hipri url=http://clients3.google.com/generate_204
W/Resources(  696): Converting to int: TypedValue{t=0x3/d=0x12 "4" a=-1}
W/Resources(  696): Converting to int: TypedValue{t=0x3/d=0xf "1" a=-1}
I/SurfaceFlinger(   57): Boot is finished (69784 ms)
W/Resources(  696): Converting to int: TypedValue{t=0x3/d=0x15 "2" a=-1}
W/Resources(  696): Converting to int: TypedValue{t=0x3/d=0x15 "2" a=-1}
D/dalvikvm(  362): GC_CONCURRENT freed 493K, 56% free 5630K/12712K, paused 19ms+5ms, total 178ms
W/Launcher.LauncherProvider(  696): Unable to add favorite: com.android.camera2/com.android.camera.CameraLauncher
W/Launcher.LauncherProvider(  696): android.content.pm.PackageManager$NameNotFoundException: ComponentInfo{com.android.camera2/com.android.camera.CameraLauncher}
W/Launcher.LauncherProvider(  696): 	at android.app.ApplicationPackageManager.getActivityInfo(ApplicationPackageManager.java:242)
W/Launcher.LauncherProvider(  696): 	at com.android.launcher2.LauncherProvider$DatabaseHelper.addAppShortcut(LauncherProvider.java:959)
W/Launcher.LauncherProvider(  696): 	at com.android.launcher2.LauncherProvider$DatabaseHelper.loadFavorites(LauncherProvider.java:863)
W/Launcher.LauncherProvider(  696): 	at com.android.launcher2.LauncherProvider$DatabaseHelper.access$000(LauncherProvider.java:253)
W/Launcher.LauncherProvider(  696): 	at com.android.launcher2.LauncherProvider.loadDefaultFavoritesIfNecessary(LauncherProvider.java:237)
W/Launcher.LauncherProvider(  696): 	at com.android.launcher2.LauncherModel$LoaderTask.loadWorkspace(LauncherModel.java:1278)
W/Launcher.LauncherProvider(  696): 	at com.android.launcher2.LauncherModel$LoaderTask.loadAndBindWorkspace(LauncherModel.java:1020)
W/Launcher.LauncherProvider(  696): 	at com.android.launcher2.LauncherModel$LoaderTask.run(LauncherModel.java:1126)
W/Launcher.LauncherProvider(  696): 	at android.os.Handler.handleCallback(Handler.java:733)
W/Launcher.LauncherProvider(  696): 	at android.os.Handler.dispatchMessage(Handler.java:95)
W/Launcher.LauncherProvider(  696): 	at android.os.Looper.loop(Looper.java:136)
W/Launcher.LauncherProvider(  696): 	at android.os.HandlerThread.run(HandlerThread.java:61)
W/Launcher.LauncherProvider(  696): Unable to add favorite: com.android.gallery3d/com.android.gallery3d.app.Gallery
W/Launcher.LauncherProvider(  696): android.content.pm.PackageManager$NameNotFoundException: ComponentInfo{com.android.gallery3d/com.android.gallery3d.app.Gallery}
W/Launcher.LauncherProvider(  696): 	at android.app.ApplicationPackageManager.getActivityInfo(ApplicationPackageManager.java:242)
W/Launcher.LauncherProvider(  696): 	at com.android.launcher2.LauncherProvider$DatabaseHelper.addAppShortcut(LauncherProvider.java:959)
W/Launcher.LauncherProvider(  696): 	at com.android.launcher2.LauncherProvider$DatabaseHelper.loadFavorites(LauncherProvider.java:863)
W/Launcher.LauncherProvider(  696): 	at com.android.launcher2.LauncherProvider$DatabaseHelper.access$000(LauncherProvider.java:253)
W/Launcher.LauncherProvider(  696): 	at com.android.launcher2.LauncherProvider.loadDefaultFavoritesIfNecessary(LauncherProvider.java:237)
W/Launcher.LauncherProvider(  696): 	at com.android.launcher2.LauncherModel$LoaderTask.loadWorkspace(LauncherModel.java:1278)
W/Launcher.LauncherProvider(  696): 	at com.android.launcher2.LauncherModel$LoaderTask.loadAndBindWorkspace(LauncherModel.java:1020)
W/Launcher.LauncherProvider(  696): 	at com.android.launcher2.LauncherModel$LoaderTask.run(LauncherModel.java:1126)
W/Launcher.LauncherProvider(  696): 	at android.os.Handler.handleCallback(Handler.java:733)
W/Launcher.LauncherProvider(  696): 	at android.os.Handler.dispatchMessage(Handler.java:95)
W/Launcher.LauncherProvider(  696): 	at android.os.Looper.loop(Looper.java:136)
W/Launcher.LauncherProvider(  696): 	at android.os.HandlerThread.run(HandlerThread.java:61)
W/ActivityManager(  362): Launch timeout has expired, giving up wake lock!
D/dalvikvm(  696): GC_CONCURRENT freed 303K, 10% free 3878K/4264K, paused 24ms+20ms, total 321ms
E/NetdConnector(  362): NDC Command {12 bandwidth setiquota eth0 9223372036854775807} took too long (1894ms)
D/MobileDataStateTracker(  362): default: setPolicyDataEnable(enabled=true)
I/PackageManager(  362):   Action: "android.intent.action.SENDTO"
I/PackageManager(  362):   Category: "android.intent.category.DEFAULT"
I/PackageManager(  362):   Scheme: "sms"
I/PackageManager(  362): Adding preferred activity ComponentInfo{com.android.mms/com.android.mms.ui.ComposeMessageActivity} for user 0 :
I/PackageManager(  362):   Action: "android.intent.action.SENDTO"
I/PackageManager(  362):   Category: "android.intent.category.DEFAULT"
I/PackageManager(  362):   Scheme: "smsto"
I/PackageManager(  362): Adding preferred activity ComponentInfo{com.android.mms/com.android.mms.ui.ComposeMessageActivity} for user 0 :
I/PackageManager(  362):   Action: "android.intent.action.SENDTO"
I/PackageManager(  362):   Category: "android.intent.category.DEFAULT"
I/PackageManager(  362):   Scheme: "mms"
I/PackageManager(  362): Adding preferred activity ComponentInfo{com.android.mms/com.android.mms.ui.ComposeMessageActivity} for user 0 :
I/PackageManager(  362):   Action: "android.intent.action.SENDTO"
I/PackageManager(  362):   Category: "android.intent.category.DEFAULT"
I/PackageManager(  362):   Scheme: "mmsto"
I/PackageManager(  362): Adding preferred activity ComponentInfo{com.android.mms/com.android.mms.ui.ComposeMessageActivity} for user 0 :
D/dalvikvm(  604): GC_FOR_ALLOC freed 357K, 14% free 3375K/3904K, paused 177ms, total 178ms
I/PackageManager(  362):   Action: "android.intent.action.SENDTO"
I/PackageManager(  362):   Category: "android.intent.category.DEFAULT"
I/PackageManager(  362):   Scheme: "sms"
I/PackageManager(  362): Adding preferred activity ComponentInfo{com.android.mms/com.android.mms.ui.ComposeMessageActivity} for user 0 :
E/NetdConnector(  362): NDC Command {13 bandwidth removeiquota eth0} took too long (622ms)
D/dalvikvm(  604): GC_CONCURRENT freed 6K, 14% free 3380K/3904K, paused 5ms+2ms, total 122ms
I/PackageManager(  362):   Action: "android.intent.action.SENDTO"
I/PackageManager(  362):   Category: "android.intent.category.DEFAULT"
I/PackageManager(  362):   Scheme: "smsto"
I/PackageManager(  362): Adding preferred activity ComponentInfo{com.android.mms/com.android.mms.ui.ComposeMessageActivity} for user 0 :
D/dalvikvm(  362): GC_CONCURRENT freed 701K, 56% free 5656K/12712K, paused 43ms+16ms, total 264ms
D/dalvikvm(  362): WAIT_FOR_CONCURRENT_GC blocked 94ms
I/InputReader(  362): Reconfiguring input devices.  changes=0x00000010
W/WindowManager(  362): App freeze timeout expired.
W/WindowManager(  362): Force clearing freeze: AppWindowToken{b2d37e60 token=Token{b35dbc38 ActivityRecord{b2fec070 u0 com.android.launcher/com.android.launcher2.Launcher t3}}}
I/WindowManager(  362): Screen frozen for +5s86ms due to AppWindowToken{b2d37e60 token=Token{b35dbc38 ActivityRecord{b2fec070 u0 com.android.launcher/com.android.launcher2.Launcher t3}}}
I/Choreographer(  362): Skipped 30 frames!  The application may be doing too much work on its main thread.
D/Tethering(  362): MasterInitialState.processMessage what=3
D/CaptivePortalTracker(  362): NoActiveNetworkState{ when=0 what=1 obj=NetworkInfo: type: mobile[UMTS], state: CONNECTED/CONNECTED, reason: connected, extra: epc.tmobile.com, roaming: false, failover: false, isAvailable: true, isConnectedToProvisioningNetwork: false target=com.android.internal.util.StateMachine$SmHandler }
D/CaptivePortalTracker(  362): NoActiveNetworkState not a wifi connectivity change, ignore
I/PackageManager(  362):   Action: "android.intent.action.SENDTO"
I/PackageManager(  362):   Category: "android.intent.category.DEFAULT"
I/PackageManager(  362):   Scheme: "mms"
I/PackageManager(  362): Adding preferred activity ComponentInfo{com.android.mms/com.android.mms.ui.ComposeMessageActivity} for user 0 :
I/ARMAssembler(   57): generated scanline__00000077:03515104_00009001_00000000 [131 ipp] (153 ins) at [0xb5a32410:0xb5a32674] in 0 ns
I/Choreographer(  362): Skipped 32 frames!  The application may be doing too much work on its main thread.
I/Choreographer(  362): Skipped 33 frames!  The application may be doing too much work on its main thread.
I/PackageManager(  362):   Action: "android.intent.action.SENDTO"
I/PackageManager(  362):   Category: "android.intent.category.DEFAULT"
I/PackageManager(  362):   Scheme: "mmsto"
I/PackageManager(  362): Adding preferred activity ComponentInfo{com.android.mms/com.android.mms.ui.ComposeMessageActivity} for user 0 :
E/NetdConnector(  362): NDC Command {14 bandwidth setiquota eth0 9223372036854775807} took too long (2064ms)
D/MobileDataStateTracker(  362): default: setPolicyDataEnable(enabled=true)
D/ConnectivityService(  362): startUsingNetworkFeature reconnecting to 0: enableHIPRI
D/MobileDataStateTracker(  362): hipri: Broadcast received: android.intent.action.ANY_DATA_STATE apnType=hipri
D/MobileDataStateTracker(  362): hipri: Received state=CONNECTING, old=DISCONNECTED, reason=dataEnabled
D/MobileDataStateTracker(  362): hipri: setDetailed state, old =IDLE and new state=CONNECTING
I/MediaProvider(  624): Upgrading media database from version 0 to 700, which will destroy all old data
D/MobileDataStateTracker(  362): fota: Broadcast received: android.intent.action.ANY_DATA_STATE apnType=fota
D/MobileDataStateTracker(  362): fota: Received state=DISCONNECTED, old=DISCONNECTED, reason=dataEnabled
D/MobileDataStateTracker(  362): ia: Broadcast received: android.intent.action.ANY_DATA_STATE apnType=ia
D/MobileDataStateTracker(  362): ia: Received state=DISCONNECTED, old=DISCONNECTED, reason=dataEnabled
D/MobileDataStateTracker(  362): supl: Broadcast received: android.intent.action.ANY_DATA_STATE apnType=supl
D/MobileDataStateTracker(  362): supl: Received state=DISCONNECTED, old=DISCONNECTED, reason=dataEnabled
D/dalvikvm(  604): GC_CONCURRENT freed 535K, 16% free 3309K/3936K, paused 114ms+2ms, total 285ms
D/MobileDataStateTracker(  362): ims: Broadcast received: android.intent.action.ANY_DATA_STATE apnType=ims
D/MobileDataStateTracker(  362): ims: Received state=DISCONNECTED, old=DISCONNECTED, reason=dataEnabled
D/MobileDataStateTracker(  362): mms: Broadcast received: android.intent.action.ANY_DATA_STATE apnType=mms
D/MobileDataStateTracker(  362): mms: Received state=DISCONNECTED, old=DISCONNECTED, reason=dataEnabled
D/MobileDataStateTracker(  362): cbs: Broadcast received: android.intent.action.ANY_DATA_STATE apnType=cbs
D/MobileDataStateTracker(  362): cbs: Received state=DISCONNECTED, old=DISCONNECTED, reason=dataEnabled
D/MobileDataStateTracker(  362): hipri: Broadcast received: android.intent.action.ANY_DATA_STATE apnType=hipri
D/MobileDataStateTracker(  362): hipri: Received state=CONNECTED, old=CONNECTING, reason=dataEnabled
D/MobileDataStateTracker(  362): hipri: setDetailed state, old =CONNECTING and new state=CONNECTED
D/ConnectivityService(  362): ConnectivityChange for mobile_hipri: CONNECTED/CONNECTED
D/dalvikvm(  362): GC_EXPLICIT freed 709K, 57% free 5523K/12712K, paused 15ms+6ms, total 474ms
D/ConnectivityService(  362): startUsingNetworkFeature X: return APN_REQUEST_STARTED
E/ConnectivityService(  362): startUsingNetworkFeature took too long: 5655ms
D/ConnectivityService(  362): [CheckMp] isMobileOk: hipri started
D/ConnectivityService(  362): [CheckMp] isMobileOk: not connected ni=NetworkInfo: type: mobile_hipri[UMTS], state: DISCONNECTED/IDLE, reason: (unspecified), extra: (none), roaming: false, failover: false, isAvailable: true, isConnectedToProvisioningNetwork: false
D/Nat464Xlat(  362): requiresClat: netType=5, hasIPv4Address=true
D/MobileDataStateTracker(  362): default: setPolicyDataEnable(enabled=true)
D/AndroidRuntime(  798): 
D/AndroidRuntime(  798): >>>>>> AndroidRuntime START com.android.internal.os.RuntimeInit <<<<<<
D/AndroidRuntime(  798): CheckJNI is ON
D/ConnectivityService(  362): [CheckMp] isMobileOk: not connected ni=NetworkInfo: type: mobile_hipri[UMTS], state: DISCONNECTED/IDLE, reason: (unspecified), extra: (none), roaming: false, failover: false, isAvailable: true, isConnectedToProvisioningNetwork: false
D/dalvikvm(  798): Trying to load lib libjavacore.so 0x0
D/dalvikvm(  798): Added shared lib libjavacore.so 0x0
D/dalvikvm(  798): Trying to load lib libnativehelper.so 0x0
D/dalvikvm(  798): Added shared lib libnativehelper.so 0x0
D/dalvikvm(  798): No JNI_OnLoad found in libnativehelper.so 0x0, skipping init
E/NetdConnector(  362): NDC Command {21 bandwidth removeiquota eth0} took too long (1617ms)
D/dalvikvm(  798): Note: class Landroid/app/ActivityManagerNative; has 179 unimplemented (abstract) methods
D/ConnectivityService(  362): [CheckMp] isMobileOk: not connected ni=NetworkInfo: type: mobile_hipri[UMTS], state: DISCONNECTED/IDLE, reason: (unspecified), extra: (none), roaming: false, failover: false, isAvailable: true, isConnectedToProvisioningNetwork: false
D/Launcher.Model(  696): Reload apps on config change. curr_mcc:310 prevmcc:0
I/Choreographer(  696): Skipped 1812 frames!  The application may be doing too much work on its main thread.
E/memtrack(  798): Couldn't load memtrack module (No such file or directory)
E/android.os.Debug(  798): failed to load memtrack module: -2
D/Tethering(  362): MasterInitialState.processMessage what=3
D/CaptivePortalTracker(  362): NoActiveNetworkState{ when=0 what=1 obj=NetworkInfo: type: mobile_hipri[UMTS], state: CONNECTED/CONNECTED, reason: dataEnabled, extra: epc.tmobile.com, roaming: false, failover: false, isAvailable: true, isConnectedToProvisioningNetwork: false target=com.android.internal.util.StateMachine$SmHandler }
D/CaptivePortalTracker(  362): NoActiveNetworkState not a wifi connectivity change, ignore
D/ConnectivityService(  362): [CheckMp] isMobileOk: not connected ni=NetworkInfo: type: mobile_hipri[UMTS], state: DISCONNECTED/IDLE, reason: (unspecified), extra: (none), roaming: false, failover: false, isAvailable: true, isConnectedToProvisioningNetwork: false
I/Choreographer(  696): Skipped 166 frames!  The application may be doing too much work on its main thread.
D/AndroidRuntime(  798): Calling main entry com.android.commands.pm.Pm
D/gralloc_goldfish(  696): Emulator without GPU emulation detected.
E/NetdConnector(  362): NDC Command {22 bandwidth setiquota eth0 9223372036854775807} took too long (2219ms)
D/MobileDataStateTracker(  362): default: setPolicyDataEnable(enabled=true)
D/dalvikvm(  696): GC_CONCURRENT freed 242K, 8% free 4030K/4360K, paused 5ms+4ms, total 40ms
D/dalvikvm(  696): WAIT_FOR_CONCURRENT_GC blocked 27ms
I/dalvikvm-heap(  696): Grow heap (frag case) to 5.550MB for 1610896-byte allocation
D/dalvikvm(  696): GC_FOR_ALLOC freed 112K, 8% free 5490K/5936K, paused 17ms, total 17ms
I/ActivityManager(  362): Start proc com.android.defcontainer for service com.android.defcontainer/.DefaultContainerService: pid=836 uid=10003 gids={50003, 1028, 1015, 1023, 2001, 1035}
D/dalvikvm(  696): GC_CONCURRENT freed 11K, 8% free 5480K/5936K, paused 6ms+28ms, total 84ms
D/dalvikvm(  696): WAIT_FOR_CONCURRENT_GC blocked 37ms
I/dalvikvm-heap(  696): Grow heap (frag case) to 6.966MB for 1610896-byte allocation
D/dalvikvm(  696): GC_FOR_ALLOC freed 9K, 7% free 7043K/7512K, paused 31ms, total 31ms
D/dalvikvm(  696): GC_CONCURRENT freed <1K, 7% free 7085K/7556K, paused 4ms+2ms, total 68ms
D/ConnectivityService(  362): [CheckMp] isMobileOk: not connected ni=NetworkInfo: type: mobile_hipri[UMTS], state: DISCONNECTED/IDLE, reason: (unspecified), extra: (none), roaming: false, failover: false, isAvailable: true, isConnectedToProvisioningNetwork: false
I/ActivityManager(  362): Displayed com.android.launcher/com.android.launcher2.Launcher: +16s621ms (total +20s445ms)
D/dalvikvm(  451): GC_FOR_ALLOC freed 3127K, 48% free 3588K/6796K, paused 143ms, total 153ms
I/dalvikvm-heap(  451): Grow heap (frag case) to 6.508MB for 3072016-byte allocation
D/dalvikvm(  451): GC_CONCURRENT freed 5K, 4% free 6582K/6796K, paused 77ms+2ms, total 133ms
D/dalvikvm(  451): WAIT_FOR_CONCURRENT_GC blocked 56ms
W/ActivityManager(  362): Activity destroy timeout for ActivityRecord{b3002828 u0 com.android.settings/.CryptKeeper t1 f}
D/ConnectivityService(  362): [CheckMp] isMobileOk: not connected ni=NetworkInfo: type: mobile_hipri[UMTS], state: DISCONNECTED/IDLE, reason: (unspecified), extra: (none), roaming: false, failover: false, isAvailable: true, isConnectedToProvisioningNetwork: false
I/Choreographer(  696): Skipped 44 frames!  The application may be doing too much work on its main thread.
I/Choreographer(  696): Skipped 30 frames!  The application may be doing too much work on its main thread.
E/SQLiteLog(  624): (1) no such table: album_info
I/ActivityManager(  362): Start proc com.android.externalstorage for broadcast com.android.externalstorage/.MountReceiver: pid=852 uid=10006 gids={50006, 1028, 1015, 1023}
D/ConnectivityService(  362): [CheckMp] isMobileOk: not connected ni=NetworkInfo: type: mobile_hipri[UMTS], state: DISCONNECTED/IDLE, reason: (unspecified), extra: (none), roaming: false, failover: false, isAvailable: true, isConnectedToProvisioningNetwork: false
D/ExternalStorage(  852): Missing UUID for /storage/sdcard; skipping
D/ExternalStorage(  852): After updating volumes, found 0 active roots
D/ExternalStorage(  852): Missing UUID for /storage/sdcard; skipping
D/ExternalStorage(  852): After updating volumes, found 0 active roots
D/MediaScannerReceiver(  624): action: android.intent.action.MEDIA_MOUNTED path: /storage/sdcard
I/DownloadManager(  624): Upgrading downloads database from version 0 to version 109, which will destroy all old data
W/ActivityManager(  362): No content provider found for permission revoke: file:///data/local/tmp/sample_for_analysis.apk
D/dalvikvm(  624): GC_FOR_ALLOC freed 281K, 11% free 2928K/3288K, paused 39ms, total 40ms
D/GpsLocationProvider(  362): NTP server returned: 1538968635953 (Sun Oct 07 23:17:15 EDT 2018) reference: 73855 certainty: 12 system time offset: -22160
I/ContactLocale(  553): AddressBook Labels [en_US]: [, A, B, C, D, E, F, G, H, I, J, K, L, M, N, O, P, Q, R, S, T, U, V, W, X, Y, Z, , , , , , , , , , , , , , , , , , , , , , , , , , , , , , , , , , , , , , , , , , , , , , , , , , , , , , , , , , , , , , , , , , , , , , , , , , , , , , , , , , , , , , , , , , , , , , , , , , , , , , , , , , , , , , , , , , , , , , , , , , , , , , , , , , , , , , , , , , , , , , , , , , , , , , , , , , , , , , , , , , , , , , , , , , , , , , , , , , , , , , #, ]
D/ConnectivityService(  362): [CheckMp] isMobileOk: not connected ni=NetworkInfo: type: mobile_hipri[UMTS], state: DISCONNECTED/IDLE, reason: (unspecified), extra: (none), roaming: false, failover: false, isAvailable: true, isConnectedToProvisioningNetwork: false
W/ActivityManager(  362): No content provider found for permission revoke: file:///data/local/tmp/sample_for_analysis.apk
I/PackageManager(  362): Copying native libraries to /data/app-lib/vmdl-358647319
D/dalvikvm(  696): GC_CONCURRENT freed 1985K, 25% free 6517K/8580K, paused 4ms+6ms, total 92ms
D/dalvikvm(  362): GC_CONCURRENT freed 461K, 56% free 5648K/12708K, paused 6ms+4ms, total 56ms
V/MediaScanner(  624): pruneDeadThumbnailFiles... android.database.sqlite.SQLiteCursor@b2d198a0
V/MediaScanner(  624): /pruneDeadThumbnailFiles... android.database.sqlite.SQLiteCursor@b2d198a0
D/ConnectivityService(  362): [CheckMp] isMobileOk: not connected ni=NetworkInfo: type: mobile_hipri[UMTS], state: DISCONNECTED/IDLE, reason: (unspecified), extra: (none), roaming: false, failover: false, isAvailable: true, isConnectedToProvisioningNetwork: false
I/ActivityManager(  362): Start proc com.android.exchange for content provider com.android.exchange/.provider.ExchangeDirectoryProvider: pid=869 uid=10025 gids={50025, 3003, 1028, 1015}
D/dalvikvm(  362): GC_CONCURRENT freed 527K, 55% free 5738K/12708K, paused 18ms+4ms, total 66ms
D/dalvikvm(  624): GC_CONCURRENT freed 68K, 10% free 2973K/3288K, paused 6ms+2ms, total 85ms
D/dalvikvm(  362): GC_CONCURRENT freed 674K, 55% free 5796K/12708K, paused 6ms+13ms, total 84ms
I/PackageManager(  362): Running dexopt on: net.poefc.fontsandroid
D/ConnectivityService(  362): [CheckMp] isMobileOk: not connected ni=NetworkInfo: type: mobile_hipri[UMTS], state: DISCONNECTED/IDLE, reason: (unspecified), extra: (none), roaming: false, failover: false, isAvailable: true, isConnectedToProvisioningNetwork: false
D/dalvikvm(  881): DexOpt: couldn't find field Landroid/os/Message;.sendingUid
D/ConnectivityService(  362): [CheckMp] isMobileOk: not connected ni=NetworkInfo: type: mobile_hipri[UMTS], state: DISCONNECTED/IDLE, reason: (unspecified), extra: (none), roaming: false, failover: false, isAvailable: true, isConnectedToProvisioningNetwork: false
D/dalvikvm(  881): DexOpt: load 235ms, verify+opt 640ms, 1481796 bytes
D/dalvikvm(  362): GC_CONCURRENT freed 660K, 55% free 5800K/12708K, paused 6ms+6ms, total 61ms
I/ActivityManager(  362): Force stopping net.poefc.fontsandroid appid=10052 user=-1: update pkg
I/InputReader(  362): Reconfiguring input devices.  changes=0x00000010
I/PackageManager(  362):   Action: "android.intent.action.SENDTO"
I/PackageManager(  362):   Category: "android.intent.category.DEFAULT"
I/PackageManager(  362):   Scheme: "sms"
I/PackageManager(  362): Adding preferred activity ComponentInfo{com.android.mms/com.android.mms.ui.ComposeMessageActivity} for user 0 :
I/PackageManager(  362):   Action: "android.intent.action.SENDTO"
I/PackageManager(  362): Adding preferred activity ComponentInfo{com.android.mms/com.android.mms.ui.ComposeMessageActivity} for user 0 :
I/PackageManager(  362):   Category: "android.intent.category.DEFAULT"
I/PackageManager(  362):   Scheme: "smsto"
D/BackupManagerService(  362): Received broadcast Intent { act=android.intent.action.PACKAGE_ADDED dat=package:net.poefc.fontsandroid flg=0x4000010 (has extras) }
V/BackupManagerService(  362): addPackageParticipantsLocked: #1
I/PackageManager(  362):   Action: "android.intent.action.SENDTO"
I/PackageManager(  362):   Category: "android.intent.category.DEFAULT"
I/PackageManager(  362):   Scheme: "mms"
I/PackageManager(  362): Adding preferred activity ComponentInfo{com.android.mms/com.android.mms.ui.ComposeMessageActivity} for user 0 :
I/PackageManager(  362):   Action: "android.intent.action.SENDTO"
I/PackageManager(  362):   Category: "android.intent.category.DEFAULT"
I/PackageManager(  362):   Scheme: "mmsto"
I/PackageManager(  362): Adding preferred activity ComponentInfo{com.android.mms/com.android.mms.ui.ComposeMessageActivity} for user 0 :
I/PackageManager(  362):   Action: "android.intent.action.SENDTO"
I/PackageManager(  362):   Category: "android.intent.category.DEFAULT"
I/PackageManager(  362):   Scheme: "sms"
I/PackageManager(  362): Adding preferred activity ComponentInfo{com.android.mms/com.android.mms.ui.ComposeMessageActivity} for user 0 :
I/PackageManager(  362): Adding preferred activity ComponentInfo{com.android.mms/com.android.mms.ui.ComposeMessageActivity} for user 0 :
I/ActivityManager(  362): Start proc com.android.email for content provider com.android.email/.provider.EmailProvider: pid=882 uid=10024 gids={50024, 3003, 1028, 1015}
I/PackageManager(  362):   Action: "android.intent.action.SENDTO"
I/PackageManager(  362):   Category: "android.intent.category.DEFAULT"
I/PackageManager(  362):   Scheme: "smsto"
D/dalvikvm(  604): GC_CONCURRENT freed 378K, 15% free 3377K/3936K, paused 37ms+3ms, total 113ms
I/PackageManager(  362):   Action: "android.intent.action.SENDTO"
I/PackageManager(  362):   Category: "android.intent.category.DEFAULT"
I/PackageManager(  362):   Scheme: "mms"
I/PackageManager(  362): Adding preferred activity ComponentInfo{com.android.mms/com.android.mms.ui.ComposeMessageActivity} for user 0 :
D/dalvikvm(  362): GC_EXPLICIT freed 947K, 56% free 5630K/12708K, paused 6ms+10ms, total 681ms
D/dalvikvm(  362): WAIT_FOR_CONCURRENT_GC blocked 110ms
D/AndroidRuntime(  798): Shutting down VM
D/dalvikvm(  362): WAIT_FOR_CONCURRENT_GC blocked 86ms
D/dalvikvm(  362): WAIT_FOR_CONCURRENT_GC blocked 86ms
D/dalvikvm(  362): WAIT_FOR_CONCURRENT_GC blocked 71ms
D/dalvikvm(  362): WAIT_FOR_CONCURRENT_GC blocked 71ms
D/dalvikvm(  362): WAIT_FOR_CONCURRENT_GC blocked 93ms
D/dalvikvm(  362): WAIT_FOR_CONCURRENT_GC blocked 94ms
D/dalvikvm(  362): WAIT_FOR_CONCURRENT_GC blocked 96ms
D/ConnectivityService(  362): [CheckMp] isMobileOk: not connected ni=NetworkInfo: type: mobile_hipri[UMTS], state: DISCONNECTED/IDLE, reason: (unspecified), extra: (none), roaming: false, failover: false, isAvailable: true, isConnectedToProvisioningNetwork: false
