W/SyncManagerFile(  350): 	at com.android.server.content.SyncStorageEngine.readPendingOperationsLocked(SyncStorageEngine.java:2286)
W/SyncManagerFile(  350): 	at com.android.server.content.SyncStorageEngine.<init>(SyncStorageEngine.java:434)
W/SyncManagerFile(  350): 	at com.android.server.content.SyncStorageEngine.init(SyncStorageEngine.java:454)
W/SyncManagerFile(  350): 	at com.android.server.content.SyncManager.<init>(SyncManager.java:383)
W/SyncManagerFile(  350): 	at com.android.server.content.ContentService.getSyncManager(ContentService.java:75)
W/SyncManagerFile(  350): 	at com.android.server.content.ContentService.notifyChange(ContentService.java:283)
W/SyncManagerFile(  350): 	at android.content.ContentResolver.notifyChange(ContentResolver.java:1621)
W/SyncManagerFile(  350): 	at com.android.providers.settings.SettingsProvider.sendNotify(SettingsProvider.java:262)
W/SyncManagerFile(  350): 	at com.android.providers.settings.SettingsProvider.insertForUser(SettingsProvider.java:941)
W/SyncManagerFile(  350): 	at com.android.providers.settings.SettingsProvider.ensureAndroidIdIsSet(SettingsProvider.java:496)
W/SyncManagerFile(  350): 	at com.android.providers.settings.SettingsProvider.establishDbTracking(SettingsProvider.java:409)
W/SyncManagerFile(  350): 	at com.android.providers.settings.SettingsProvider.onCreate(SettingsProvider.java:335)
W/SyncManagerFile(  350): 	at android.content.ContentProvider.attachInfo(ContentProvider.java:1591)
W/SyncManagerFile(  350): 	at android.content.ContentProvider.attachInfo(ContentProvider.java:1562)
W/SyncManagerFile(  350): 	at android.app.ActivityThread.installProvider(ActivityThread.java:4774)
W/SyncManagerFile(  350): 	at android.app.ActivityThread.installContentProviders(ActivityThread.java:4369)
W/SyncManagerFile(  350): 	at android.app.ActivityThread.installSystemProviders(ActivityThread.java:4929)
W/SyncManagerFile(  350): 	at com.android.server.am.ActivityManagerService.installSystemProviders(ActivityManagerService.java:8081)
W/SyncManagerFile(  350): 	at com.android.server.ServerThread.initAndLoop(SystemServer.java:275)
W/SyncManagerFile(  350): 	at com.android.server.SystemServer.main(SystemServer.java:1179)
W/SyncManagerFile(  350): 	at java.lang.reflect.Method.invokeNative(Native Method)
W/SyncManagerFile(  350): 	at java.lang.reflect.Method.invoke(Method.java:515)
W/SyncManagerFile(  350): 	at com.android.internal.os.ZygoteInit$MethodAndArgsCaller.run(ZygoteInit.java:785)
W/SyncManagerFile(  350): 	at com.android.internal.os.ZygoteInit.main(ZygoteInit.java:601)
W/SyncManagerFile(  350): 	at dalvik.system.NativeStart.main(Native Method)
W/SyncManagerFile(  350): Caused by: libcore.io.ErrnoException: open failed: ENOENT (No such file or directory)
W/SyncManagerFile(  350): 	at libcore.io.Posix.open(Native Method)
W/SyncManagerFile(  350): 	at libcore.io.BlockGuardOs.open(BlockGuardOs.java:110)
W/SyncManagerFile(  350): 	at libcore.io.IoBridge.open(IoBridge.java:393)
W/SyncManagerFile(  350): 	... 27 more
I/SyncManager(  350): No initial statistics
D/SettingsProvider(  350): Generated and saved new ANDROID_ID [2ed1ac1d279192eb] for user 0
I/SystemServer(  350): Lights Service
I/SystemServer(  350): Battery Service
E/ConsumerIrService(  350): Can't open consumer IR HW Module, error: -2
I/SystemServer(  350): Vibrator Service
I/SystemServer(  350): Consumer IR Service
W/libsuspend(  350): Error writing 'on' to /sys/power/state: Invalid argument
E/libsuspend(  350): Error opening /sys/power/autosleep: No such file or directory
I/libsuspend(  350): Selected wakeup count
D/PermissionCache(   58): checking android.permission.ACCESS_SURFACE_FLINGER for uid=1000 => granted (1954 us)
D/SurfaceFlinger(   58): Screen acquired, type=0 flinger=0xb7298450
D/SurfaceFlinger(   58):  screen was previously acquired
I/SystemServer(  350): Alarm Manager
I/SystemServer(  350): Init Watchdog
I/SystemServer(  350): Input Manager
I/InputManager(  350): Initializing input manager, mUseDevInputEventForAudioJack=false
I/SystemServer(  350): Window Manager
I/WindowManager(  350): No existing display settings /data/system/display_settings.xml; starting empty
D/dalvikvm(  350): GC_CONCURRENT freed 286K, 65% free 4474K/12724K, paused 26ms+15ms, total 132ms
I/WindowManager(  350): No keyguard interface!
I/InputManager(  350): Starting input manager
E/EventHub(  350): could not get driver version for /dev/input/mouse0, Not a typewriter
I/SystemServer(  350): No Bluetooh Service (emulator)
I/SystemServer(  350): Input Method Service
W/EventHub(  350): Unable to disable kernel key repeat for /dev/input/event0: Function not implemented
I/EventHub(  350): New device: id=1, fd=93, path='/dev/input/event0', name='qwerty2', classes=0x2d, configuration='/system/usr/idc/qwerty2.idc', keyLayout='/system/usr/keylayout/qwerty.kl', keyCharacterMap='/system/usr/keychars/qwerty2.kcm', builtinKeyboard=true, usingSuspendBlockIoctl=true, usingClockIoctl=true
E/EventHub(  350): could not get driver version for /dev/input/mice, Not a typewriter
I/InputReader(  350): Device added: id=-1, name='Virtual', sources=0x00000301
I/InputReader(  350):   Touch device 'qwerty2' could not query the properties of its associated display.  The device will be inoperable until the display size becomes available.
I/InputReader(  350): Device added: id=0, name='qwerty2', sources=0x00011307
W/InputMethodManagerService(  350): No IME selected. Choose the most applicable IME.
I/InputMethodManagerService(  350): No default found, using com.android.inputmethod.latin/.LatinIME
I/SystemServer(  350): Accessibility Manager
I/ActivityManager(  350): Config changes=1df8 {1.0 ?mcc?mnc en_US ldltr sw480dp w480dp h864dp 160dpi lrg long port ?uimode ?night -touch -keyb/h/h tball/v s.2}
I/InputReader(  350): Reconfiguring input devices.  changes=0x00000004
I/InputReader(  350): Device reconfigured: id=0, name='qwerty2', size 480x864, orientation 0, mode 1, display id 0
I/ActivityManager(  350): Config changes=408 {1.0 ?mcc?mnc en_US ldltr sw480dp w480dp h839dp 160dpi lrg long port ?uimode ?night finger -keyb/h/h tball/v s.3}
I/SystemServer(  350): Mount Service
D/MountService(  350): got storage path: /storage/sdcard description: USB storage primary: true removable: false emulated: false mtpReserve: 0 allowMassStorage: false maxFileSize: 0
D/MountService(  350): addVolumeLocked() StorageVolume:
D/MountService(  350):     mStorageId=0 mPath=/storage/sdcard mDescriptionId=17040665 mPrimary=true 
D/MountService(  350):     mRemovable=false mEmulated=false mMtpReserveSpace=0 
D/MountService(  350):     mAllowMassStorage=false mMaxFileSize=0 mOwner=null mUuid=null 
D/MountService(  350):     mUserLabel=null mState=null 
I/SystemServer(  350): LockSettingsService
I/SystemServer(  350): Device Policy
I/SystemServer(  350): Status Bar
I/SystemServer(  350): Clipboard Service
I/SystemServer(  350): NetworkManagement Service
I/SystemServer(  350): Text Service Manager Service
I/SystemServer(  350): NetworkStats Service
W/MountService(  350): Duplicate state transition (unmounted -> unmounted) for /storage/sdcard
W/MountService(  350): getSecureContainerList() called when storage not mounted
I/SystemServer(  350): NetworkPolicy Service
I/PackageManager(  350): No secure containers on sdcard
I/SystemServer(  350): Wi-Fi P2pService
W/PackageManager(  350): Not granting permission android.permission.GLOBAL_SEARCH to package com.android.quicksearchbox (protectionLevel=18 flags=0x8be45)
W/PackageManager(  350): Unknown permission com.android.smspush.WAPPUSH_MANAGER_BIND in package com.android.phone
W/PackageManager(  350): Unknown permission com.google.android.googleapps.permission.GOOGLE_AUTH in package com.android.providers.calendar
W/PackageManager(  350): Unknown permission com.google.android.googleapps.permission.GOOGLE_AUTH.cl in package com.android.providers.calendar
W/PackageManager(  350): Unknown permission com.google.android.googleapps.permission.GOOGLE_AUTH.mail in package com.android.calendar
W/PackageManager(  350): Not granting permission android.permission.ACCESS_DOWNLOAD_MANAGER to package com.android.browser (protectionLevel=18 flags=0x9be45)
W/PackageManager(  350): Not granting permission android.permission.SEND_DOWNLOAD_COMPLETED_INTENTS to package com.android.browser (protectionLevel=2 flags=0x9be45)
W/PackageManager(  350): Not granting permission android.permission.BIND_APPWIDGET to package com.android.widgetpreview (protectionLevel=18 flags=0x8be44)
W/PackageManager(  350): Unknown permission android.permission.INSTALL_DRM in package com.android.mms
W/PackageManager(  350): Unknown permission com.google.android.googleapps.permission.GOOGLE_AUTH in package com.android.settings
D/dalvikvm(  350): GC_CONCURRENT freed 260K, 64% free 4613K/12724K, paused 6ms+14ms, total 84ms
W/PackageManager(  350): Unknown permission com.google.android.googleapps.permission.ACCESS_GOOGLE_PASSWORD in package com.android.development
W/PackageManager(  350): Unknown permission com.google.android.googleapps.permission.GOOGLE_AUTH in package com.android.development
W/PackageManager(  350): Unknown permission com.google.android.googleapps.permission.GOOGLE_AUTH.ALL_SERVICES in package com.android.development
W/PackageManager(  350): Unknown permission com.google.android.googleapps.permission.GOOGLE_AUTH.YouTubeUser in package com.android.development
W/PackageManager(  350): Not granting permission android.permission.DELETE_PACKAGES to package com.svox.pico (protectionLevel=18 flags=0x8be45)
W/PackageManager(  350): Not granting permission android.permission.DEVICE_POWER to package com.android.deskclock (protectionLevel=2 flags=0x48be45)
I/SystemServer(  350): Wi-Fi Service
D/WifiController(  350): isAirplaneModeOn = false, isWifiEnabled = false, isScanningAvailable = false
I/SystemServer(  350): Connectivity Service
D/ConnectivityService(  350): ConnectivityService starting up
D/ConnectivityService(  350): wifiOnly=false
E/MobileDataStateTracker(  350): default: Ignoring feature request because could not acquire PhoneService
E/MobileDataStateTracker(  350): default: Could not enable APN type "default"
I/WifiService(  350): WifiService starting up with Wi-Fi disabled
I/SystemServer(  350): Network Service Discovery Service
D/NsdService(  350): Network service discovery enabled true
I/SystemServer(  350): UpdateLock Service
I/SystemServer(  350): Notification Manager
I/SystemServer(  350): Device Storage Monitor
I/SystemServer(  350): Location Manager
I/SystemServer(  350): Country Detector
I/SystemServer(  350): Search Service
I/SystemServer(  350): DropBox Service
I/SystemServer(  350): Wallpaper Service
W/WallpaperService(  350): no current wallpaper -- first boot?
D/dalvikvm(  350): GC_CONCURRENT freed 283K, 63% free 4785K/12724K, paused 5ms+4ms, total 112ms
I/SystemServer(  350): Audio Service
I/SystemServer(  350): Dock Observer
W/DockObserver(  350): This kernel does not have dock station support
I/SystemServer(  350): Wired Accessory Manager
W/WiredAccessoryManager(  350): This kernel does not have wired headset support
W/WiredAccessoryManager(  350): This kernel does not have usb audio support
W/WiredAccessoryManager(  350): This kernel does not have HDMI audio support
I/SystemServer(  350): USB Service
I/SystemServer(  350): Serial Service
I/SystemServer(  350): Twilight Service
I/SystemServer(  350): UI Mode Manager Service
I/SystemServer(  350): Backup Service
V/BackupManagerService(  350): Initializing package tracking
V/BackupManagerService(  350): No ancestral data
V/BackupManagerService(  350): addPackageParticipantsLocked: all
I/BackupManagerService(  350): Scheduling backup for new app com.android.calendar
D/BackupManagerService(  350): Now staging backup of com.android.calendar
I/BackupManagerService(  350): Scheduling backup for new app com.android.browser
D/BackupManagerService(  350): Now staging backup of com.android.browser
I/BackupManagerService(  350): Scheduling backup for new app com.android.providers.userdictionary
D/BackupManagerService(  350): Now staging backup of com.android.providers.userdictionary
I/BackupManagerService(  350): Scheduling backup for new app com.android.sharedstoragebackup
D/BackupManagerService(  350): Now staging backup of com.android.sharedstoragebackup
I/BackupManagerService(  350): Scheduling backup for new app android
D/BackupManagerService(  350): Now staging backup of android
I/BackupManagerService(  350): Scheduling backup for new app com.android.dialer
D/BackupManagerService(  350): Now staging backup of com.android.dialer
I/BackupManagerService(  350): Scheduling backup for new app com.android.providers.settings
D/BackupManagerService(  350): Now staging backup of com.android.providers.settings
V/BackupManagerService(  350): Starting with transport android/com.android.internal.backup.LocalTransport
V/BackupManagerService(  350): Found transports: 1
I/BackupManagerService(  350): Binding to transport host ComponentInfo{android/com.android.internal.backup.LocalTransportService}
I/BackupManagerService(  350): Backup enabled => true
I/SystemServer(  350): AppWidget Service
I/SystemServer(  350): Recognition Service
I/SystemServer(  350): DiskStats Service
I/SystemServer(  350): SamplingProfiler Service
I/SystemServer(  350): NetworkTimeUpdateService
I/SystemServer(  350): CommonTimeManagementService
I/SystemServer(  350): CertBlacklister
I/SystemServer(  350): Dreams Service
I/SystemServer(  350): Assets Atlas Service
D/Atlas   (  350): Computing best atlas configuration...
D/Atlas   (  350): Running Thread-49
I/WindowManager(  350): SAFE MODE not enabled
I/SystemServer(  350): IdleMaintenanceService
I/SystemServer(  350): Print Service
I/SystemServer(  350): Media Router Service
D/Atlas   (  350): Found best atlas configuration in 0.08s
D/Atlas   (  350): Loaded configuration: SliceMinArea (768x768) flags=0x2 count=24
D/gralloc_goldfish(  350): Emulator without GPU emulation detected.
E/SQLiteLog(  350): (1) no such table: locksettings
D/dalvikvm(  350): GC_CONCURRENT freed 324K, 62% free 4953K/12724K, paused 5ms+4ms, total 222ms
I/LockSettingsService(  350): Migrated lock settings to new location
W/AssetAtlasService(  350): Could not find EGL configuration
D/Atlas   (  350): Rendered atlas in 9.74ms (6.56+3.18ms)
I/LockSettingsService(  350): Migrated per-user lock settings to new location
I/Zygote  (  350): Process: zygote socket opened
V/KeyguardServiceDelegate(  350): *** Keyguard started
V/KeyguardServiceDelegate(  350): onSystemReady() called before keyguard service was ready
I/ActivityManager(  350): Start proc com.android.systemui for service com.android.keyguard/.KeyguardService: pid=449 uid=10007 gids={50007, 1028, 1015, 1035, 3002, 3001}
F/SystemServer(  350): BOOT FAILURE making Package Manager Service ready
F/SystemServer(  350): java.lang.SecurityException: Unable to find app for caller android.app.ActivityThread$ApplicationThread@b3362218 (pid=350) when registering receiver android.app.LoadedApk$ReceiverDispatcher$InnerReceiver@b3212340
F/SystemServer(  350): 	at com.android.server.am.ActivityManagerService.registerReceiver(ActivityManagerService.java:13021)
F/SystemServer(  350): 	at android.app.ContextImpl.registerReceiverInternal(ContextImpl.java:1450)
F/SystemServer(  350): 	at android.app.ContextImpl.registerReceiverAsUser(ContextImpl.java:1425)
F/SystemServer(  350): 	at com.android.internal.content.PackageMonitor.register(PackageMonitor.java:84)
F/SystemServer(  350): 	at com.android.server.pm.UserManagerService.systemReady(UserManagerService.java:237)
F/SystemServer(  350): 	at com.android.server.pm.PackageManagerService.systemReady(PackageManagerService.java:10476)
F/SystemServer(  350): 	at com.android.server.ServerThread.initAndLoop(SystemServer.java:893)
F/SystemServer(  350): 	at com.android.server.SystemServer.main(SystemServer.java:1179)
F/SystemServer(  350): 	at java.lang.reflect.Method.invokeNative(Native Method)
F/SystemServer(  350): 	at java.lang.reflect.Method.invoke(Method.java:515)
F/SystemServer(  350): 	at com.android.internal.os.ZygoteInit$MethodAndArgsCaller.run(ZygoteInit.java:785)
F/SystemServer(  350): 	at com.android.internal.os.ZygoteInit.main(ZygoteInit.java:601)
F/SystemServer(  350): 	at dalvik.system.NativeStart.main(Native Method)
W/SystemServer(  350): ***********************************************
I/ActivityManager(  350): Sending system update to ComponentInfo{com.android.providers.calendar/com.android.providers.calendar.CalendarUpgradeReceiver} for user 0
I/ActivityManager(  350): Sending system update to ComponentInfo{com.android.providers.contacts/com.android.providers.contacts.ContactsUpgradeReceiver} for user 0
I/ActivityManager(  350): Sending system update to ComponentInfo{com.android.providers.media/com.android.providers.media.MediaUpgradeReceiver} for user 0
I/SystemServer(  350): Enabled StrictMode for system server main thread.
I/ActivityManager(  350): Start proc com.android.providers.calendar for broadcast com.android.providers.calendar/.CalendarUpgradeReceiver: pid=460 uid=10001 gids={50001, 3003, 1028, 1015}
I/Choreographer(  350): Skipped 40 frames!  The application may be doing too much work on its main thread.
W/InputMethodManagerService(  350): Focus gain on non-focused client android.view.inputmethod.InputMethodManager$1@b32cb7b8 (uid=1000 pid=350)
V/BackupManagerService(  350): Connected to transport ComponentInfo{android/com.android.internal.backup.LocalTransportService}
V/BackupManagerService(  350): Registering transport android/com.android.internal.backup.LocalTransportService::android/com.android.internal.backup.LocalTransport = com.android.internal.backup.LocalTransport@b35be458
I/ActivityManager(  350): Launching preboot mode app: ProcessRecord{b320d0b0 460:com.android.providers.calendar/u0a1}
E/SoundPool(  449): error loading /system/media/audio/ui/Lock.ogg
W/KeyguardViewMediator(  449): failed to load lock sound from /system/media/audio/ui/Lock.ogg
E/SoundPool(  449): error loading /system/media/audio/ui/Unlock.ogg
W/KeyguardViewMediator(  449): failed to load unlock sound from /system/media/audio/ui/Unlock.ogg
V/KeyguardService(  449): onCreate()
V/KeyguardServiceDelegate(  350): *** Keyguard connected (yay!)
V/KeyguardServiceDelegate(  350): **** SHOWN CALLED ****
D/dalvikvm(  350): GC_CONCURRENT freed 299K, 60% free 5093K/12724K, paused 4ms+4ms, total 47ms
I/ActivityManager(  350): Start proc android.process.acore for broadcast com.android.providers.contacts/.ContactsUpgradeReceiver: pid=479 uid=10002 gids={50002, 3003, 1028, 1015}
I/ActivityManager(  350): Launching preboot mode app: ProcessRecord{b32d1d10 479:android.process.acore/u0a2}
I/ContactsUpgradeReceiver(  479): Creating or opening contacts database
I/ContactsDatabaseHelper(  479): Bootstrapping database version: 803
D/dalvikvm(  479): GC_CONCURRENT freed 364K, 14% free 2810K/3264K, paused 4ms+12ms, total 69ms
D/dalvikvm(  479): GC_CONCURRENT freed 322K, 13% free 2874K/3284K, paused 4ms+1ms, total 24ms
I/ContactsProviderV1(  479): Bootstrapping database legacy support
I/ContactsDatabaseHelper(  479): Bootstrapping database version: 803
D/dalvikvm(  479): GC_CONCURRENT freed 340K, 13% free 2930K/3360K, paused 13ms+2ms, total 38ms
I/ContactsProviderV1(  479): Bootstrapping database legacy support
D/dalvikvm(  479): GC_CONCURRENT freed 347K, 13% free 3008K/3444K, paused 4ms+3ms, total 30ms
I/ContactsProvider(  479): Locale has changed from null to en_US
I/ContactsDatabaseHelper(  479): Switching to locale en_US (ICU v51.1.0.1)
I/ContactsDatabaseHelper(  479): Locale change completed in 413ms
I/ContactsDatabaseHelper(  479): Switching to locale en_US (ICU v51.1.0.1)
D/dalvikvm(  479): GC_CONCURRENT freed 354K, 13% free 3050K/3496K, paused 13ms+2ms, total 41ms
I/ContactsDatabaseHelper(  479): Locale change completed in 434ms
I/ActivityManager(  350): Start proc android.process.media for broadcast com.android.providers.media/.MediaUpgradeReceiver: pid=497 uid=10005 gids={50005, 1028, 1015, 1023, 1024, 2001, 3003, 3007}
I/ActivityManager(  350): Launching preboot mode app: ProcessRecord{b35b3f30 497:android.process.media/u0a5}
I/ActivityManager(  350): Writing new set of last done pre-boot receivers...
I/ActivityManager(  350): Removing system update proc: ProcessRecord{b320d0b0 460:com.android.providers.calendar/u0a1}
I/ActivityManager(  350): Killing 460:com.android.providers.calendar/u0a1 (adj 13): system update done
I/ActivityManager(  350): Removing system update proc: ProcessRecord{b32d1d10 479:android.process.acore/u0a2}
I/ActivityManager(  350): Killing 479:android.process.acore/u0a2 (adj 11): system update done
I/ActivityManager(  350): Removing system update proc: ProcessRecord{b35b3f30 497:android.process.media/u0a5}
I/ActivityManager(  350): Killing 497:android.process.media/u0a5 (adj 9): system update done
I/ActivityManager(  350): System now ready
W/ActivityManager(  350): Can't find mystery application for StrictMode from pid=497 uid=10005: android.os.BinderProxy@b329c888
I/SystemServer(  350): Making services ready
D/NetworkManagementService(  350): enabling bandwidth control
I/Vold    (   53): /dev/block/vold/179:0 being considered for volume sdcard
D/Vold    (   53): Volume sdcard state changing 1 (Idle-Unmounted) -> 3 (Checking)
D/MountService(  350): volume state changed for /storage/sdcard (unmounted -> checking)
D/MountService(  350): sendStorageIntent Intent { act=android.intent.action.MEDIA_CHECKING dat=file:///storage/sdcard (has extras) } to UserHandle{-1}
I/fsck_msdos(   53): ** /dev/block/vold/179:0
I/fsck_msdos(   53): Invalid signature in fsinfo block
I/fsck_msdos(   53): FIXED
I/fsck_msdos(   53): ** Phase 1 - Read and Compare FATs
I/fsck_msdos(   53): Attempting to allocate 794 KB for FAT
D/SystemUIService(  449): loading: class com.android.systemui.recent.Recents
D/SystemUIService(  449): running: com.android.systemui.recent.Recents@b2d50010
D/SystemUIService(  449): loading: class com.android.systemui.statusbar.SystemBars
D/SystemUIService(  449): running: com.android.systemui.statusbar.SystemBars@b2d505f8
D/SystemUIService(  449): loading: class com.android.systemui.usb.StorageNotification
D/SystemUIService(  449): running: com.android.systemui.usb.StorageNotification@b2d52348
D/SystemUIService(  449): loading: class com.android.systemui.power.PowerUI
D/SystemUIService(  449): running: com.android.systemui.power.PowerUI@b2d53c00
D/SystemUIService(  449): loading: class com.android.systemui.media.RingtonePlayer
D/SystemUIService(  449): running: com.android.systemui.media.RingtonePlayer@b2d549e0
D/SystemUIService(  449): loading: class com.android.systemui.settings.SettingsUI
D/SystemUIService(  449): running: com.android.systemui.settings.SettingsUI@b2d55cc8
I/fsck_msdos(   53): Attempting to allocate 794 KB for FAT
D/PhoneStatusBar(  449): mSettingsPanelGravity = 55
I/StatusBarManagerService(  350): registerStatusBar bar=com.android.internal.statusbar.IStatusBar$Stub$Proxy@b2d6ddc0
I/fsck_msdos(   53): ** Phase 2 - Check Cluster Chains
I/fsck_msdos(   53): ** Phase 3 - Checking Directories
I/fsck_msdos(   53): ** Phase 4 - Checking for Lost Files
I/fsck_msdos(   53): Free space in FSInfo block (201592) not correct (201591)
I/fsck_msdos(   53): FIXED
I/fsck_msdos(   53): 1 files, 100795 free (201591 clusters)
I/Vold    (   53): Filesystem check completed OK
D/dalvikvm(  449): GC_CONCURRENT freed 282K, 12% free 2822K/3196K, paused 4ms+4ms, total 152ms
W/Vold    (   53): blkid failed to identify /dev/block/vold/179:0
D/Vold    (   53): Volume sdcard state changing 3 (Checking) -> 4 (Mounted)
I/PackageManager(  350): Updating external media status from unmounted to mounted
D/MountService(  350): volume state changed for /storage/sdcard (checking -> mounted)
E/VoldConnector(  350): NDC Command {3 volume mount /storage/sdcard} took too long (829ms)
I/PackageManager(  350): No secure containers on sdcard
D/MountService(  350): sendStorageIntent Intent { act=android.intent.action.MEDIA_MOUNTED dat=file:///storage/sdcard (has extras) } to UserHandle{-1}
D/dalvikvm(  449): GC_FOR_ALLOC freed 37K, 8% free 2947K/3196K, paused 24ms, total 36ms
D/dalvikvm(  350): GC_FOR_ALLOC freed 463K, 59% free 5226K/12724K, paused 354ms, total 356ms
W/PackageManager(  350): Not granting permission android.permission.GLOBAL_SEARCH to package com.android.quicksearchbox (protectionLevel=18 flags=0x88be45)
D/dalvikvm(  350): GC_CONCURRENT freed 8K, 59% free 5236K/12724K, paused 6ms+34ms, total 254ms
W/PackageManager(  350): Unknown permission com.android.smspush.WAPPUSH_MANAGER_BIND in package com.android.phone
W/PackageManager(  350): Unknown permission com.google.android.googleapps.permission.GOOGLE_AUTH in package com.android.providers.calendar
W/PackageManager(  350): Unknown permission com.google.android.googleapps.permission.GOOGLE_AUTH.cl in package com.android.providers.calendar
W/PackageManager(  350): Unknown permission com.google.android.googleapps.permission.GOOGLE_AUTH.mail in package com.android.calendar
W/PackageManager(  350): Not granting permission android.permission.ACCESS_DOWNLOAD_MANAGER to package com.android.browser (protectionLevel=18 flags=0x89be45)
W/PackageManager(  350): Not granting permission android.permission.SEND_DOWNLOAD_COMPLETED_INTENTS to package com.android.browser (protectionLevel=2 flags=0x89be45)
W/PackageManager(  350): Not granting permission android.permission.BIND_APPWIDGET to package com.android.widgetpreview (protectionLevel=18 flags=0x8be44)
W/PackageManager(  350): Unknown permission android.permission.INSTALL_DRM in package com.android.mms
W/PackageManager(  350): Unknown permission com.google.android.googleapps.permission.GOOGLE_AUTH in package com.android.settings
W/PackageManager(  350): Unknown permission com.google.android.googleapps.permission.ACCESS_GOOGLE_PASSWORD in package com.android.development
W/PackageManager(  350): Unknown permission com.google.android.googleapps.permission.GOOGLE_AUTH in package com.android.development
W/PackageManager(  350): Unknown permission com.google.android.googleapps.permission.GOOGLE_AUTH.ALL_SERVICES in package com.android.development
W/PackageManager(  350): Unknown permission com.google.android.googleapps.permission.GOOGLE_AUTH.YouTubeUser in package com.android.development
W/PackageManager(  350): Not granting permission android.permission.DELETE_PACKAGES to package com.svox.pico (protectionLevel=18 flags=0x88be45)
W/PackageManager(  350): Not granting permission android.permission.DEVICE_POWER to package com.android.deskclock (protectionLevel=2 flags=0xc8be45)
E/BluetoothAdapter(  449): Bluetooth binder is null
E/BluetoothAdapter(  449): Bluetooth binder is null
E/BluetoothAdapter(  449): Bluetooth binder is null
D/dalvikvm(  449): GC_CONCURRENT freed 60K, 5% free 3359K/3520K, paused 5ms+3ms, total 132ms
E/NetdConnector(  350): NDC Command {1 bandwidth enable} took too long (2844ms)
E/BluetoothAdapter(  449): Bluetooth binder is null
I/ActivityManager(  350): Start proc android.process.acore for content provider com.android.providers.contacts/.ContactsProvider2: pid=552 uid=10002 gids={50002, 3003, 1028, 1015}
D/PhoneStatusBar(  449): disable: < expand icons alerts ticker system_info back home recent clock search >
E/BluetoothAdapter(  449): Bluetooth binder is null
E/NetdConnector(  350): NDC Command {2 firewall disable} took too long (548ms)
D/PhoneStatusBar(  449): heads up is disabled
I/Choreographer(  449): Skipped 474 frames!  The application may be doing too much work on its main thread.
E/NetdConnector(  350): NDC Command {4 bandwidth setglobalalert 2097152} took too long (591ms)
D/dalvikvm(  552): GC_CONCURRENT freed 210K, 9% free 2999K/3296K, paused 4ms+3ms, total 170ms
D/dalvikvm(  552): WAIT_FOR_CONCURRENT_GC blocked 38ms
D/dalvikvm(  552): WAIT_FOR_CONCURRENT_GC blocked 77ms
D/dalvikvm(  552): WAIT_FOR_CONCURRENT_GC blocked 68ms
I/Choreographer(  449): Skipped 315 frames!  The application may be doing too much work on its main thread.
D/dalvikvm(  449): GC_CONCURRENT freed 194K, 8% free 3562K/3844K, paused 4ms+3ms, total 96ms
D/gralloc_goldfish(  449): Emulator without GPU emulation detected.
I/ActivityManager(  350): Config changes=200 {1.0 ?mcc?mnc en_US ldltr sw480dp w480dp h839dp 160dpi lrg long port finger -keyb/h/h tball/v s.4}
W/RecognitionManagerService(  350): no available voice recognition services found for user 0
I/Choreographer(  449): Skipped 47 frames!  The application may be doing too much work on its main thread.
W/AppWidgetServiceImpl(  350): Failed to read state: java.io.FileNotFoundException: /data/system/users/0/appwidgets.xml: open failed: ENOENT (No such file or directory)
W/InputMethodManagerService(  350): Ignoring setImeWindowStatus of uid 1000 token: null
D/PhoneStatusBar(  449): mSettingsPanelGravity = 55
W/InputMethodUtils(  350): Found no subtypes in a system IME: com.android.inputmethod.pinyin
W/InputMethodManagerService(  350): Reset the default IME as "Resource" is ready here.
W/InputMethodUtils(  350): Found no subtypes in a system IME: com.android.inputmethod.pinyin
I/InputMethodManagerService(  350): Selected default: com.android.inputmethod.latin/.LatinIME
D/dalvikvm(  350): GC_CONCURRENT freed 646K, 59% free 5226K/12724K, paused 5ms+4ms, total 167ms
D/dalvikvm(  350): WAIT_FOR_CONCURRENT_GC blocked 15ms
D/dalvikvm(  350): WAIT_FOR_CONCURRENT_GC blocked 21ms
I/ActivityManager(  350): Config changes=20 {1.0 ?mcc?mnc en_US ldltr sw480dp w480dp h839dp 160dpi lrg long port finger -keyb/v/h tball/v s.5}
D/SettingsProvider(  350): User 0 external modification to /data/data/com.android.providers.settings/databases/settings.db; event=2
D/SettingsProvider(  350): User 0 updating our caches for /data/data/com.android.providers.settings/databases/settings.db
I/ActivityManager(  350): Start proc com.android.inputmethod.latin for service com.android.inputmethod.latin/.LatinIME: pid=586 uid=10029 gids={50029, 1028, 1015}
V/InputMethodManagerService(  350): Adding window token: android.os.Binder@b2ebe650
W/GpsLocationProvider(  350): Could not open GPS configuration file /etc/gps.conf
W/ServiceWatcher(  350): com.google.android.location not found
W/ServiceWatcher(  350): com.google.android.location not found
W/ServiceWatcher(  350): com.google.android.location not found
W/ServiceWatcher(  350): com.google.android.location not found
W/LocationManagerService(  350): no network location provider found
E/LocationManagerService(  350): no geocoder provider found
E/FlpHardwareProvider(  350): Error hw_get_module 'flp': -2
W/ServiceWatcher(  350): com.google.android.location not found
E/FlpHardwareProvider(  350): Error hw_get_module 'flp': -2
W/ServiceWatcher(  350): com.google.android.location not found
E/LocationManagerService(  350): No FusedProvider found.
E/LocationManagerService(  350): no geofence provider found
D/dalvikvm(  449): GC_FOR_ALLOC freed 36K, 8% free 3557K/3844K, paused 99ms, total 101ms
I/CommonTimeManagementService(  350): No common time service detected on this platform.  Common time services will be unavailable.
I/InputReader(  350): Reconfiguring input devices.  changes=0x00000020
W/InputMethodManagerService(  350): Illegal subtype state: old subtype = null, new subtype = android.view.inputmethod.InputMethodSubtype@c9194f98
I/InputReader(  350): Reconfiguring input devices.  changes=0x00000010
I/ActivityManager(  350): Start proc com.android.phone for added application com.android.phone: pid=598 uid=1001 gids={41001, 3002, 3001, 3003, 1028, 1015}
I/ActivityManager(  350): START u0 {act=android.intent.action.MAIN cat=[android.intent.category.HOME] flg=0x10000000 cmp=com.android.settings/.CryptKeeper} from pid 0
I/ActivityManager(  350): Start proc com.android.settings for activity com.android.settings/.CryptKeeper: pid=609 uid=1000 gids={41000, 1028, 1015, 3002, 3001, 3003}
I/dalvikvm-heap(  449): Grow heap (frag case) to 6.487MB for 3072016-byte allocation
I/ActivityManager(  350): Start proc android.process.media for broadcast com.android.providers.downloads/.DownloadReceiver: pid=620 uid=10005 gids={50005, 1028, 1015, 1023, 1024, 2001, 3003, 3007}
D/dalvikvm(   59): GC_EXPLICIT freed 38K, 5% free 2705K/2832K, paused 2ms+13ms, total 60ms
D/dalvikvm(   59): GC_EXPLICIT freed <1K, 5% free 2705K/2832K, paused 2ms+2ms, total 43ms
D/dalvikvm(   59): GC_EXPLICIT freed <1K, 5% free 2705K/2832K, paused 17ms+12ms, total 58ms
D/dalvikvm(  449): GC_FOR_ALLOC freed 2K, 5% free 6555K/6848K, paused 27ms, total 27ms
D/dalvikvm(  449): GC_CONCURRENT freed 2K, 5% free 6562K/6848K, paused 5ms+3ms, total 32ms
D/dalvikvm(  449): GC_FOR_ALLOC freed 3001K, 8% free 3563K/3844K, paused 78ms, total 78ms
D/dalvikvm(  350): GC_CONCURRENT freed 514K, 58% free 5346K/12724K, paused 78ms+31ms, total 373ms
D/dalvikvm(  350): WAIT_FOR_CONCURRENT_GC blocked 78ms
D/dalvikvm(  350): WAIT_FOR_CONCURRENT_GC blocked 19ms
I/dalvikvm-heap(  449): Grow heap (frag case) to 6.492MB for 3072016-byte allocation
D/dalvikvm(  449): GC_FOR_ALLOC freed <1K, 5% free 6563K/6848K, paused 95ms, total 95ms
I/LatinIME(  586): Hardware accelerated drawing: true
D/dalvikvm(  449): GC_CONCURRENT freed <1K, 5% free 6564K/6848K, paused 39ms+2ms, total 116ms
W/WindowManager(  350): Window freeze timeout expired.
W/WindowManager(  350): Force clearing orientation change: Window{b2ed81e8 u0 StatusBar}
W/WindowManager(  350): Force clearing orientation change: Window{b32dc260 u0 com.android.systemui.ImageWallpaper}
D/dalvikvm(  598): GC_CONCURRENT freed 173K, 9% free 2916K/3180K, paused 3ms+2ms, total 103ms
W/BackupManagerService(  350): dataChanged but no participant pkg='com.android.providers.settings' uid=1001
D/PhoneStatusBar(  449): mSettingsPanelGravity = 55
I/PackageManager(  350):   Action: "android.intent.action.SENDTO"
I/PackageManager(  350):   Category: "android.intent.category.DEFAULT"
I/PackageManager(  350):   Scheme: "sms"
I/PackageManager(  350): Adding preferred activity ComponentInfo{com.android.mms/com.android.mms.ui.ComposeMessageActivity} for user 0 :
I/PackageManager(  350):   Action: "android.intent.action.SENDTO"
I/PackageManager(  350):   Category: "android.intent.category.DEFAULT"
I/PackageManager(  350):   Scheme: "smsto"
I/PackageManager(  350): Adding preferred activity ComponentInfo{com.android.mms/com.android.mms.ui.ComposeMessageActivity} for user 0 :
I/PackageManager(  350):   Action: "android.intent.action.SENDTO"
I/PackageManager(  350):   Category: "android.intent.category.DEFAULT"
I/PackageManager(  350):   Scheme: "mms"
I/PackageManager(  350): Adding preferred activity ComponentInfo{com.android.mms/com.android.mms.ui.ComposeMessageActivity} for user 0 :
I/PackageManager(  350):   Action: "android.intent.action.SENDTO"
I/PackageManager(  350):   Category: "android.intent.category.DEFAULT"
I/PackageManager(  350):   Scheme: "mmsto"
I/PackageManager(  350): Adding preferred activity ComponentInfo{com.android.mms/com.android.mms.ui.ComposeMessageActivity} for user 0 :
I/PackageManager(  350):   Action: "android.intent.action.SENDTO"
I/PackageManager(  350):   Category: "android.intent.category.DEFAULT"
I/PackageManager(  350):   Scheme: "sms"
I/PackageManager(  350): Adding preferred activity ComponentInfo{com.android.mms/com.android.mms.ui.ComposeMessageActivity} for user 0 :
I/PackageManager(  350):   Action: "android.intent.action.SENDTO"
I/PackageManager(  350):   Category: "android.intent.category.DEFAULT"
I/PackageManager(  350):   Scheme: "smsto"
I/PackageManager(  350): Adding preferred activity ComponentInfo{com.android.mms/com.android.mms.ui.ComposeMessageActivity} for user 0 :
I/PackageManager(  350):   Action: "android.intent.action.SENDTO"
I/PackageManager(  350): Adding preferred activity ComponentInfo{com.android.mms/com.android.mms.ui.ComposeMessageActivity} for user 0 :
I/PackageManager(  350):   Category: "android.intent.category.DEFAULT"
I/PackageManager(  350):   Scheme: "mms"
D/dalvikvm(  350): GC_CONCURRENT freed 607K, 58% free 5403K/12724K, paused 39ms+15ms, total 143ms
D/dalvikvm(  350): WAIT_FOR_CONCURRENT_GC blocked 52ms
D/dalvikvm(  350): WAIT_FOR_CONCURRENT_GC blocked 50ms
D/dalvikvm(  350): WAIT_FOR_CONCURRENT_GC blocked 10ms
I/PackageManager(  350):   Action: "android.intent.action.SENDTO"
I/PackageManager(  350):   Category: "android.intent.category.DEFAULT"
I/PackageManager(  350):   Scheme: "mmsto"
I/PackageManager(  350): Adding preferred activity ComponentInfo{com.android.mms/com.android.mms.ui.ComposeMessageActivity} for user 0 :
I/ActivityManager(  350): Start proc com.android.printspooler for service com.android.printspooler/.PrintSpoolerService: pid=657 uid=10039 gids={50039}
W/InputAttributes(  586): No editor info for this field. Bug?
V/StatusBar(  449): userId 0 is in the house
E/BluetoothAdapter(  598): Bluetooth binder is null
I/Choreographer(  449): Skipped 152 frames!  The application may be doing too much work on its main thread.
I/ResourceUtils(  586): Found default value: resource=keypress_vibration_durations build=[HARDWARE=goldfish MODEL=sdk BRAND=generic MANUFACTURER=unknown] default=-1
I/ResourceUtils(  586): Found default value: resource=keypress_volumes build=[HARDWARE=goldfish MODEL=sdk BRAND=generic MANUFACTURER=unknown] default=-1.0f
I/ActivityManager(  350): START u0 {act=android.intent.action.MAIN cat=[android.intent.category.HOME] flg=0x10000000 cmp=com.android.sdksetup/.DefaultActivity} from pid 0
D/dalvikvm(  586): GC_CONCURRENT freed 248K, 11% free 2907K/3244K, paused 27ms+34ms, total 352ms
I/ActivityManager(  350): Start proc com.android.sdksetup for activity com.android.sdksetup/.DefaultActivity: pid=674 uid=10042 gids={50042}
I/Choreographer(  449): Skipped 38 frames!  The application may be doing too much work on its main thread.
E/BluetoothAdapter(  598): Bluetooth binder is null
I/LatinIME:LogUtils(  586): Dictionary info: dictionary = PersonalizationPredictionDictio ; version = ? ; date = 1545895465
I/LatinIME:LogUtils(  586): Dictionary info: dictionary = UserHistoryDictionary.en_US.dic ; version = ? ; date = 1545895465
I/LatinIME:LogUtils(  586): Dictionary info: dictionary = personalization.en_US.dict ; version = ? ; date = 1545895465
D/CallNotifier(  598): CallNotifier: mSignalInfoToneGenerator created when toneplay
E/BluetoothAdapter(  598): Bluetooth binder is null
D/MobileDataStateTracker(  350): fota: Broadcast received: android.intent.action.ANY_DATA_STATE apnType=fota
D/MobileDataStateTracker(  350): fota: Received state=DISCONNECTED, old=DISCONNECTED, reason=radioTurnedOff
D/MobileDataStateTracker(  350): ia: Broadcast received: android.intent.action.ANY_DATA_STATE apnType=ia
D/MobileDataStateTracker(  350): ia: Received state=DISCONNECTED, old=DISCONNECTED, reason=radioTurnedOff
D/MobileDataStateTracker(  350): supl: Broadcast received: android.intent.action.ANY_DATA_STATE apnType=supl
D/MobileDataStateTracker(  350): supl: Received state=DISCONNECTED, old=DISCONNECTED, reason=radioTurnedOff
D/MobileDataStateTracker(  350): hipri: Broadcast received: android.intent.action.ANY_DATA_STATE apnType=hipri
I/PrintSpoolerService(  657): No existing print spooler state.
D/MobileDataStateTracker(  350): hipri: Received state=DISCONNECTED, old=DISCONNECTED, reason=radioTurnedOff
D/MobileDataStateTracker(  350): ims: Broadcast received: android.intent.action.ANY_DATA_STATE apnType=ims
D/MobileDataStateTracker(  350): ims: Received state=DISCONNECTED, old=DISCONNECTED, reason=radioTurnedOff
D/MobileDataStateTracker(  350): default: Broadcast received: android.intent.action.ANY_DATA_STATE apnType=default
D/MobileDataStateTracker(  350): default: Received state=DISCONNECTED, old=DISCONNECTED, reason=radioTurnedOff
D/MobileDataStateTracker(  350): mms: Broadcast received: android.intent.action.ANY_DATA_STATE apnType=mms
D/MobileDataStateTracker(  350): mms: Received state=DISCONNECTED, old=DISCONNECTED, reason=radioTurnedOff
D/MobileDataStateTracker(  350): cbs: Broadcast received: android.intent.action.ANY_DATA_STATE apnType=cbs
D/MobileDataStateTracker(  350): cbs: Received state=DISCONNECTED, old=DISCONNECTED, reason=radioTurnedOff
D/MobileDataStateTracker(  350): fota: Broadcast received: android.intent.action.ANY_DATA_STATE apnType=fota
D/MobileDataStateTracker(  350): fota: Received state=DISCONNECTED, old=DISCONNECTED, reason=radioTurnedOff
D/MobileDataStateTracker(  350): ia: Broadcast received: android.intent.action.ANY_DATA_STATE apnType=ia
D/MobileDataStateTracker(  350): ia: Received state=DISCONNECTED, old=DISCONNECTED, reason=radioTurnedOff
D/MobileDataStateTracker(  350): supl: Broadcast received: android.intent.action.ANY_DATA_STATE apnType=supl
D/MobileDataStateTracker(  350): supl: Received state=DISCONNECTED, old=DISCONNECTED, reason=radioTurnedOff
D/MobileDataStateTracker(  350): hipri: Broadcast received: android.intent.action.ANY_DATA_STATE apnType=hipri
D/MobileDataStateTracker(  350): hipri: Received state=DISCONNECTED, old=DISCONNECTED, reason=radioTurnedOff
D/MobileDataStateTracker(  350): ims: Broadcast received: android.intent.action.ANY_DATA_STATE apnType=ims
D/MobileDataStateTracker(  350): ims: Received state=DISCONNECTED, old=DISCONNECTED, reason=radioTurnedOff
D/MobileDataStateTracker(  350): default: Broadcast received: android.intent.action.ANY_DATA_STATE apnType=default
D/MobileDataStateTracker(  350): default: Received state=DISCONNECTED, old=DISCONNECTED, reason=radioTurnedOff
D/MobileDataStateTracker(  350): mms: Broadcast received: android.intent.action.ANY_DATA_STATE apnType=mms
D/MobileDataStateTracker(  350): mms: Received state=DISCONNECTED, old=DISCONNECTED, reason=radioTurnedOff
D/MobileDataStateTracker(  350): cbs: Broadcast received: android.intent.action.ANY_DATA_STATE apnType=cbs
D/MobileDataStateTracker(  350): cbs: Received state=DISCONNECTED, old=DISCONNECTED, reason=radioTurnedOff
D/MobileDataStateTracker(  350): fota: Broadcast received: android.intent.action.ANY_DATA_STATE apnType=fota
D/MobileDataStateTracker(  350): fota: Received state=DISCONNECTED, old=DISCONNECTED, reason=dataDetached
D/MobileDataStateTracker(  350): ia: Broadcast received: android.intent.action.ANY_DATA_STATE apnType=ia
D/MobileDataStateTracker(  350): ia: Received state=DISCONNECTED, old=DISCONNECTED, reason=dataDetached
D/MobileDataStateTracker(  350): supl: Broadcast received: android.intent.action.ANY_DATA_STATE apnType=supl
D/MobileDataStateTracker(  350): supl: Received state=DISCONNECTED, old=DISCONNECTED, reason=dataDetached
D/MobileDataStateTracker(  350): hipri: Broadcast received: android.intent.action.ANY_DATA_STATE apnType=hipri
D/dalvikvm(  350): GC_CONCURRENT freed 664K, 58% free 5417K/12724K, paused 8ms+5ms, total 339ms
D/dalvikvm(  350): WAIT_FOR_CONCURRENT_GC blocked 51ms
D/dalvikvm(  350): WAIT_FOR_CONCURRENT_GC blocked 47ms
I/FusedLocation(  350): engine stopped (com.android.location.fused)
I/FusedLocation(  350): engine started (com.android.location.fused)
D/dalvikvm(  350): WAIT_FOR_CONCURRENT_GC blocked 30ms
D/MobileDataStateTracker(  350): hipri: Received state=DISCONNECTED, old=DISCONNECTED, reason=dataDetached
D/MobileDataStateTracker(  350): ims: Broadcast received: android.intent.action.ANY_DATA_STATE apnType=ims
D/MobileDataStateTracker(  350): ims: Received state=DISCONNECTED, old=DISCONNECTED, reason=dataDetached
I/ActivityManager(  350): Force stopping com.android.sdksetup appid=10042 user=0: pkg changed
I/ActivityManager(  350): Killing 674:com.android.sdksetup/u0a42 (adj 0): stop com.android.sdksetup
I/ActivityManager(  350):   Force finishing activity ActivityRecord{b328ebb0 u0 com.android.sdksetup/.DefaultActivity t2}
I/ActivityManager(  350): START u0 {act=android.intent.action.MAIN cat=[android.intent.category.HOME] flg=0x10000000 cmp=com.android.launcher/com.android.launcher2.Launcher} from pid 0
D/dalvikvm(  598): GC_CONCURRENT freed 258K, 11% free 3044K/3392K, paused 3ms+2ms, total 66ms
D/dalvikvm(  586): GC_CONCURRENT freed 373K, 14% free 2962K/3424K, paused 7ms+2ms, total 58ms
I/ActivityManager(  350): Start proc com.android.launcher for activity com.android.launcher/com.android.launcher2.Launcher: pid=699 uid=10008 gids={50008}
D/TelephonyDebugService(  598): TelephonyDebugService()
D/MccTable(  598): updateMccMncConfiguration: mcc=310, mnc=260
D/AlarmManagerService(  350): Kernel timezone updated to 300 minutes west of GMT
D/dalvikvm(  586): GC_CONCURRENT freed 421K, 16% free 2987K/3524K, paused 7ms+2ms, total 87ms
D/MccTable(  598): timezone set to America/New_York
D/MccTable(  598): getLocaleFromMcc to en_us mcc=310
D/MccTable(  598): getLocaleForLanguageCountry: got match
D/MccTable(  598): getLocaleForLanguageCountry: X locale=en_US
D/MccTable(  598): WIFI_COUNTRY_CODE set to us
I/WifiService(  350): WifiService trying to set country code to us with persist set to true
I/FusedLocation(  350): engine started (com.android.location.fused)
D/MobileDataStateTracker(  350): default: Broadcast received: android.intent.action.ANY_DATA_STATE apnType=default
D/MobileDataStateTracker(  350): default: Received state=DISCONNECTED, old=DISCONNECTED, reason=dataDetached
D/MobileDataStateTracker(  350): mms: Broadcast received: android.intent.action.ANY_DATA_STATE apnType=mms
D/MobileDataStateTracker(  350): mms: Received state=DISCONNECTED, old=DISCONNECTED, reason=dataDetached
D/MobileDataStateTracker(  350): cbs: Broadcast received: android.intent.action.ANY_DATA_STATE apnType=cbs
D/MobileDataStateTracker(  350): cbs: Received state=DISCONNECTED, old=DISCONNECTED, reason=dataDetached
D/MobileDataStateTracker(  350): fota: Broadcast received: android.intent.action.ANY_DATA_STATE apnType=fota
D/MobileDataStateTracker(  350): fota: Received state=DISCONNECTED, old=DISCONNECTED, reason=roamingOff
D/dalvikvm(  598): GC_CONCURRENT freed 275K, 11% free 3156K/3520K, paused 4ms+57ms, total 98ms
D/dalvikvm(  350): GC_CONCURRENT freed 512K, 58% free 5459K/12724K, paused 7ms+5ms, total 57ms
I/InputReader(  350): Reconfiguring input devices.  changes=0x00000010
D/MobileDataStateTracker(  350): ia: Broadcast received: android.intent.action.ANY_DATA_STATE apnType=ia
D/MobileDataStateTracker(  350): ia: Received state=DISCONNECTED, old=DISCONNECTED, reason=roamingOff
D/MobileDataStateTracker(  350): supl: Broadcast received: android.intent.action.ANY_DATA_STATE apnType=supl
D/MobileDataStateTracker(  350): supl: Received state=DISCONNECTED, old=DISCONNECTED, reason=roamingOff
D/MobileDataStateTracker(  350): hipri: Broadcast received: android.intent.action.ANY_DATA_STATE apnType=hipri
D/MobileDataStateTracker(  350): hipri: Received state=DISCONNECTED, old=DISCONNECTED, reason=roamingOff
D/MobileDataStateTracker(  350): ims: Broadcast received: android.intent.action.ANY_DATA_STATE apnType=ims
D/MobileDataStateTracker(  350): ims: Received state=DISCONNECTED, old=DISCONNECTED, reason=roamingOff
D/MobileDataStateTracker(  350): default: Broadcast received: android.intent.action.ANY_DATA_STATE apnType=default
D/MobileDataStateTracker(  350): default: Received state=DISCONNECTED, old=DISCONNECTED, reason=roamingOff
D/MobileDataStateTracker(  350): mms: Broadcast received: android.intent.action.ANY_DATA_STATE apnType=mms
D/MobileDataStateTracker(  350): mms: Received state=DISCONNECTED, old=DISCONNECTED, reason=roamingOff
D/MobileDataStateTracker(  350): cbs: Broadcast received: android.intent.action.ANY_DATA_STATE apnType=cbs
D/MobileDataStateTracker(  350): cbs: Received state=DISCONNECTED, old=DISCONNECTED, reason=roamingOff
D/MobileDataStateTracker(  350): fota: Broadcast received: android.intent.action.ANY_DATA_STATE apnType=fota
D/MobileDataStateTracker(  350): fota: Received state=DISCONNECTED, old=DISCONNECTED, reason=roamingOff
D/MobileDataStateTracker(  350): ia: Broadcast received: android.intent.action.ANY_DATA_STATE apnType=ia
D/MobileDataStateTracker(  350): ia: Received state=DISCONNECTED, old=DISCONNECTED, reason=roamingOff
D/MobileDataStateTracker(  350): supl: Broadcast received: android.intent.action.ANY_DATA_STATE apnType=supl
D/MobileDataStateTracker(  350): supl: Received state=DISCONNECTED, old=DISCONNECTED, reason=roamingOff
D/MobileDataStateTracker(  350): hipri: Broadcast received: android.intent.action.ANY_DATA_STATE apnType=hipri
D/MobileDataStateTracker(  350): hipri: Received state=DISCONNECTED, old=DISCONNECTED, reason=roamingOff
D/MobileDataStateTracker(  350): ims: Broadcast received: android.intent.action.ANY_DATA_STATE apnType=ims
D/MobileDataStateTracker(  350): ims: Received state=DISCONNECTED, old=DISCONNECTED, reason=roamingOff
D/MobileDataStateTracker(  350): default: Broadcast received: android.intent.action.ANY_DATA_STATE apnType=default
D/MobileDataStateTracker(  350): default: Received state=DISCONNECTED, old=DISCONNECTED, reason=roamingOff
D/MobileDataStateTracker(  350): mms: Broadcast received: android.intent.action.ANY_DATA_STATE apnType=mms
I/LatinIME:LogUtils(  586): Dictionary info: dictionary = userunigram.en_US.dict ; version = ? ; date = ?
D/MobileDataStateTracker(  350): mms: Received state=DISCONNECTED, old=DISCONNECTED, reason=roamingOff
D/MobileDataStateTracker(  350): cbs: Broadcast received: android.intent.action.ANY_DATA_STATE apnType=cbs
D/MobileDataStateTracker(  350): cbs: Received state=DISCONNECTED, old=DISCONNECTED, reason=roamingOff
D/MobileDataStateTracker(  350): fota: Broadcast received: android.intent.action.ANY_DATA_STATE apnType=fota
D/MobileDataStateTracker(  350): fota: Received state=DISCONNECTED, old=DISCONNECTED, reason=dataAttached
D/MobileDataStateTracker(  350): ia: Broadcast received: android.intent.action.ANY_DATA_STATE apnType=ia
I/LatinIME:LogUtils(  586): Dictionary info: dictionary = main:en ; version = 42 ; date = 1381226429
D/MobileDataStateTracker(  350): ia: Received state=DISCONNECTED, old=DISCONNECTED, reason=dataAttached
D/MobileDataStateTracker(  350): supl: Broadcast received: android.intent.action.ANY_DATA_STATE apnType=supl
