W/SyncManagerFile(  355): 	at java.io.FileInputStream.<init>(FileInputStream.java:78)
W/SyncManagerFile(  355): 	at android.util.AtomicFile.openRead(AtomicFile.java:199)
W/SyncManagerFile(  355): 	at com.android.server.content.SyncStorageEngine.readPendingOperationsLocked(SyncStorageEngine.java:2286)
W/SyncManagerFile(  355): 	at com.android.server.content.SyncStorageEngine.<init>(SyncStorageEngine.java:434)
W/SyncManagerFile(  355): 	at com.android.server.content.SyncStorageEngine.init(SyncStorageEngine.java:454)
W/SyncManagerFile(  355): 	at com.android.server.content.SyncManager.<init>(SyncManager.java:383)
W/SyncManagerFile(  355): 	at com.android.server.content.ContentService.getSyncManager(ContentService.java:75)
W/SyncManagerFile(  355): 	at com.android.server.content.ContentService.notifyChange(ContentService.java:283)
W/SyncManagerFile(  355): 	at android.content.ContentResolver.notifyChange(ContentResolver.java:1621)
W/SyncManagerFile(  355): 	at com.android.providers.settings.SettingsProvider.sendNotify(SettingsProvider.java:262)
W/SyncManagerFile(  355): 	at com.android.providers.settings.SettingsProvider.insertForUser(SettingsProvider.java:941)
W/SyncManagerFile(  355): 	at com.android.providers.settings.SettingsProvider.ensureAndroidIdIsSet(SettingsProvider.java:496)
W/SyncManagerFile(  355): 	at com.android.providers.settings.SettingsProvider.establishDbTracking(SettingsProvider.java:409)
W/SyncManagerFile(  355): 	at com.android.providers.settings.SettingsProvider.onCreate(SettingsProvider.java:335)
W/SyncManagerFile(  355): 	at android.content.ContentProvider.attachInfo(ContentProvider.java:1591)
W/SyncManagerFile(  355): 	at android.content.ContentProvider.attachInfo(ContentProvider.java:1562)
W/SyncManagerFile(  355): 	at android.app.ActivityThread.installProvider(ActivityThread.java:4774)
W/SyncManagerFile(  355): 	at android.app.ActivityThread.installContentProviders(ActivityThread.java:4369)
W/SyncManagerFile(  355): 	at android.app.ActivityThread.installSystemProviders(ActivityThread.java:4929)
W/SyncManagerFile(  355): 	at com.android.server.am.ActivityManagerService.installSystemProviders(ActivityManagerService.java:8081)
W/SyncManagerFile(  355): 	at com.android.server.ServerThread.initAndLoop(SystemServer.java:275)
W/SyncManagerFile(  355): 	at com.android.server.SystemServer.main(SystemServer.java:1179)
W/SyncManagerFile(  355): 	at java.lang.reflect.Method.invokeNative(Native Method)
W/SyncManagerFile(  355): 	at java.lang.reflect.Method.invoke(Method.java:515)
W/SyncManagerFile(  355): 	at com.android.internal.os.ZygoteInit$MethodAndArgsCaller.run(ZygoteInit.java:785)
W/SyncManagerFile(  355): 	at com.android.internal.os.ZygoteInit.main(ZygoteInit.java:601)
W/SyncManagerFile(  355): 	at dalvik.system.NativeStart.main(Native Method)
W/SyncManagerFile(  355): Caused by: libcore.io.ErrnoException: open failed: ENOENT (No such file or directory)
W/SyncManagerFile(  355): 	at libcore.io.Posix.open(Native Method)
W/SyncManagerFile(  355): 	at libcore.io.BlockGuardOs.open(BlockGuardOs.java:110)
W/SyncManagerFile(  355): 	at libcore.io.IoBridge.open(IoBridge.java:393)
W/SyncManagerFile(  355): 	... 27 more
I/SyncManager(  355): No initial statistics
D/SettingsProvider(  355): Generated and saved new ANDROID_ID [a24ad498c3c9ed9f] for user 0
I/SystemServer(  355): Lights Service
I/SystemServer(  355): Battery Service
I/SystemServer(  355): Vibrator Service
E/ConsumerIrService(  355): Can't open consumer IR HW Module, error: -2
W/libsuspend(  355): Error writing 'on' to /sys/power/state: Invalid argument
E/libsuspend(  355): Error opening /sys/power/autosleep: No such file or directory
I/libsuspend(  355): Selected wakeup count
I/SystemServer(  355): Consumer IR Service
D/PermissionCache(   57): checking android.permission.ACCESS_SURFACE_FLINGER for uid=1000 => granted (2116 us)
D/SurfaceFlinger(   57): Screen acquired, type=0 flinger=0xb88e5450
D/SurfaceFlinger(   57):  screen was previously acquired
I/SystemServer(  355): Alarm Manager
I/SystemServer(  355): Init Watchdog
I/SystemServer(  355): Input Manager
I/InputManager(  355): Initializing input manager, mUseDevInputEventForAudioJack=false
I/SystemServer(  355): Window Manager
I/WindowManager(  355): No existing display settings /data/system/display_settings.xml; starting empty
D/dalvikvm(  355): GC_CONCURRENT freed 298K, 65% free 4513K/12692K, paused 8ms+16ms, total 145ms
I/WindowManager(  355): No keyguard interface!
I/InputManager(  355): Starting input manager
I/SystemServer(  355): No Bluetooh Service (emulator)
I/SystemServer(  355): Input Method Service
E/EventHub(  355): could not get driver version for /dev/input/mouse0, Not a typewriter
W/EventHub(  355): Unable to disable kernel key repeat for /dev/input/event0: Function not implemented
I/EventHub(  355): New device: id=1, fd=93, path='/dev/input/event0', name='qwerty2', classes=0x2d, configuration='/system/usr/idc/qwerty2.idc', keyLayout='/system/usr/keylayout/qwerty.kl', keyCharacterMap='/system/usr/keychars/qwerty2.kcm', builtinKeyboard=true, usingSuspendBlockIoctl=true, usingClockIoctl=true
E/EventHub(  355): could not get driver version for /dev/input/mice, Not a typewriter
I/InputReader(  355): Device added: id=-1, name='Virtual', sources=0x00000301
I/InputReader(  355):   Touch device 'qwerty2' could not query the properties of its associated display.  The device will be inoperable until the display size becomes available.
I/InputReader(  355): Device added: id=0, name='qwerty2', sources=0x00011307
W/InputMethodManagerService(  355): No IME selected. Choose the most applicable IME.
I/InputMethodManagerService(  355): No default found, using com.android.inputmethod.latin/.LatinIME
I/SystemServer(  355): Accessibility Manager
I/ActivityManager(  355): Config changes=1df8 {1.0 ?mcc?mnc en_US ldltr sw480dp w480dp h864dp 160dpi lrg long port ?uimode ?night -touch -keyb/h/h tball/v s.2}
I/InputReader(  355): Reconfiguring input devices.  changes=0x00000004
I/InputReader(  355): Device reconfigured: id=0, name='qwerty2', size 480x864, orientation 0, mode 1, display id 0
I/ActivityManager(  355): Config changes=408 {1.0 ?mcc?mnc en_US ldltr sw480dp w480dp h839dp 160dpi lrg long port ?uimode ?night finger -keyb/h/h tball/v s.3}
I/SystemServer(  355): Mount Service
D/MountService(  355): got storage path: /storage/sdcard description: USB storage primary: true removable: false emulated: false mtpReserve: 0 allowMassStorage: false maxFileSize: 0
D/MountService(  355): addVolumeLocked() StorageVolume:
D/MountService(  355):     mStorageId=0 mPath=/storage/sdcard mDescriptionId=17040665 mPrimary=true 
D/MountService(  355):     mRemovable=false mEmulated=false mMtpReserveSpace=0 
D/MountService(  355):     mAllowMassStorage=false mMaxFileSize=0 mOwner=null mUuid=null 
D/MountService(  355):     mUserLabel=null mState=null 
I/SystemServer(  355): LockSettingsService
I/SystemServer(  355): Device Policy
I/SystemServer(  355): Status Bar
I/SystemServer(  355): Clipboard Service
I/SystemServer(  355): NetworkManagement Service
I/SystemServer(  355): Text Service Manager Service
W/MountService(  355): Duplicate state transition (unmounted -> unmounted) for /storage/sdcard
I/PackageManager(  355): No secure containers on sdcard
W/MountService(  355): getSecureContainerList() called when storage not mounted
I/SystemServer(  355): NetworkStats Service
I/SystemServer(  355): NetworkPolicy Service
I/SystemServer(  355): Wi-Fi P2pService
W/PackageManager(  355): Not granting permission android.permission.GLOBAL_SEARCH to package com.android.quicksearchbox (protectionLevel=18 flags=0x8be45)
W/PackageManager(  355): Unknown permission com.android.smspush.WAPPUSH_MANAGER_BIND in package com.android.phone
W/PackageManager(  355): Unknown permission com.google.android.googleapps.permission.GOOGLE_AUTH in package com.android.providers.calendar
W/PackageManager(  355): Unknown permission com.google.android.googleapps.permission.GOOGLE_AUTH.cl in package com.android.providers.calendar
W/PackageManager(  355): Unknown permission com.google.android.googleapps.permission.GOOGLE_AUTH.mail in package com.android.calendar
W/PackageManager(  355): Not granting permission android.permission.ACCESS_DOWNLOAD_MANAGER to package com.android.browser (protectionLevel=18 flags=0x9be45)
W/PackageManager(  355): Not granting permission android.permission.SEND_DOWNLOAD_COMPLETED_INTENTS to package com.android.browser (protectionLevel=2 flags=0x9be45)
W/PackageManager(  355): Not granting permission android.permission.BIND_APPWIDGET to package com.android.widgetpreview (protectionLevel=18 flags=0x8be44)
W/PackageManager(  355): Unknown permission android.permission.INSTALL_DRM in package com.android.mms
W/PackageManager(  355): Unknown permission com.google.android.googleapps.permission.GOOGLE_AUTH in package com.android.settings
W/PackageManager(  355): Unknown permission com.google.android.googleapps.permission.ACCESS_GOOGLE_PASSWORD in package com.android.development
W/PackageManager(  355): Unknown permission com.google.android.googleapps.permission.GOOGLE_AUTH in package com.android.development
W/PackageManager(  355): Unknown permission com.google.android.googleapps.permission.GOOGLE_AUTH.ALL_SERVICES in package com.android.development
W/PackageManager(  355): Unknown permission com.google.android.googleapps.permission.GOOGLE_AUTH.YouTubeUser in package com.android.development
W/PackageManager(  355): Not granting permission android.permission.DELETE_PACKAGES to package com.svox.pico (protectionLevel=18 flags=0x8be45)
W/PackageManager(  355): Not granting permission android.permission.DEVICE_POWER to package com.android.deskclock (protectionLevel=2 flags=0x48be45)
D/dalvikvm(  355): GC_CONCURRENT freed 299K, 64% free 4645K/12692K, paused 6ms+14ms, total 117ms
I/SystemServer(  355): Wi-Fi Service
D/WifiController(  355): isAirplaneModeOn = false, isWifiEnabled = false, isScanningAvailable = false
I/SystemServer(  355): Connectivity Service
D/ConnectivityService(  355): ConnectivityService starting up
D/ConnectivityService(  355): wifiOnly=false
E/MobileDataStateTracker(  355): default: Ignoring feature request because could not acquire PhoneService
E/MobileDataStateTracker(  355): default: Could not enable APN type "default"
I/WifiService(  355): WifiService starting up with Wi-Fi disabled
I/SystemServer(  355): Network Service Discovery Service
D/NsdService(  355): Network service discovery enabled true
I/SystemServer(  355): UpdateLock Service
I/SystemServer(  355): Notification Manager
I/SystemServer(  355): Device Storage Monitor
I/SystemServer(  355): Location Manager
I/SystemServer(  355): Country Detector
I/SystemServer(  355): Search Service
I/SystemServer(  355): DropBox Service
I/SystemServer(  355): Wallpaper Service
W/WallpaperService(  355): no current wallpaper -- first boot?
I/SystemServer(  355): Audio Service
D/dalvikvm(  355): GC_CONCURRENT freed 261K, 62% free 4855K/12692K, paused 5ms+5ms, total 127ms
I/SystemServer(  355): Dock Observer
W/DockObserver(  355): This kernel does not have dock station support
I/SystemServer(  355): Wired Accessory Manager
W/WiredAccessoryManager(  355): This kernel does not have wired headset support
W/WiredAccessoryManager(  355): This kernel does not have usb audio support
W/WiredAccessoryManager(  355): This kernel does not have HDMI audio support
I/SystemServer(  355): USB Service
I/SystemServer(  355): Serial Service
I/SystemServer(  355): Twilight Service
I/SystemServer(  355): UI Mode Manager Service
I/SystemServer(  355): Backup Service
V/BackupManagerService(  355): Initializing package tracking
V/BackupManagerService(  355): No ancestral data
V/BackupManagerService(  355): addPackageParticipantsLocked: all
I/BackupManagerService(  355): Scheduling backup for new app com.android.calendar
D/BackupManagerService(  355): Now staging backup of com.android.calendar
I/BackupManagerService(  355): Scheduling backup for new app com.android.browser
D/BackupManagerService(  355): Now staging backup of com.android.browser
I/BackupManagerService(  355): Scheduling backup for new app com.android.providers.userdictionary
D/BackupManagerService(  355): Now staging backup of com.android.providers.userdictionary
I/BackupManagerService(  355): Scheduling backup for new app com.android.sharedstoragebackup
D/BackupManagerService(  355): Now staging backup of com.android.sharedstoragebackup
I/BackupManagerService(  355): Scheduling backup for new app android
D/BackupManagerService(  355): Now staging backup of android
I/BackupManagerService(  355): Scheduling backup for new app com.android.dialer
D/BackupManagerService(  355): Now staging backup of com.android.dialer
I/BackupManagerService(  355): Scheduling backup for new app com.android.providers.settings
D/BackupManagerService(  355): Now staging backup of com.android.providers.settings
V/BackupManagerService(  355): Starting with transport android/com.android.internal.backup.LocalTransport
V/BackupManagerService(  355): Found transports: 1
I/BackupManagerService(  355): Binding to transport host ComponentInfo{android/com.android.internal.backup.LocalTransportService}
I/BackupManagerService(  355): Backup enabled => true
I/SystemServer(  355): AppWidget Service
I/SystemServer(  355): Recognition Service
I/SystemServer(  355): DiskStats Service
I/SystemServer(  355): SamplingProfiler Service
I/SystemServer(  355): NetworkTimeUpdateService
I/SystemServer(  355): CommonTimeManagementService
I/SystemServer(  355): CertBlacklister
I/SystemServer(  355): Dreams Service
I/SystemServer(  355): Assets Atlas Service
I/SystemServer(  355): IdleMaintenanceService
I/SystemServer(  355): Print Service
I/SystemServer(  355): Media Router Service
D/Atlas   (  355): Computing best atlas configuration...
D/Atlas   (  355): Running Thread-50
I/WindowManager(  355): SAFE MODE not enabled
D/Atlas   (  355): Found best atlas configuration in 0.08s
D/Atlas   (  355): Loaded configuration: SliceMinArea (768x768) flags=0x2 count=24
E/SQLiteLog(  355): (1) no such table: locksettings
D/gralloc_goldfish(  355): Emulator without GPU emulation detected.
I/LockSettingsService(  355): Migrated lock settings to new location
I/LockSettingsService(  355): Migrated per-user lock settings to new location
W/AssetAtlasService(  355): Could not find EGL configuration
D/Atlas   (  355): Rendered atlas in 39.22ms (36.60+2.63ms)
I/Zygote  (  355): Process: zygote socket opened
D/dalvikvm(  355): GC_CONCURRENT freed 333K, 61% free 4990K/12692K, paused 6ms+12ms, total 107ms
V/KeyguardServiceDelegate(  355): *** Keyguard started
V/KeyguardServiceDelegate(  355): onSystemReady() called before keyguard service was ready
I/ActivityManager(  355): Start proc com.android.systemui for service com.android.keyguard/.KeyguardService: pid=443 uid=10007 gids={50007, 1028, 1015, 1035, 3002, 3001}
W/SystemServer(  355): ***********************************************
F/SystemServer(  355): BOOT FAILURE making Package Manager Service ready
F/SystemServer(  355): java.lang.SecurityException: Unable to find app for caller android.app.ActivityThread$ApplicationThread@b3390d48 (pid=355) when registering receiver android.app.LoadedApk$ReceiverDispatcher$InnerReceiver@b333e6e8
F/SystemServer(  355): 	at com.android.server.am.ActivityManagerService.registerReceiver(ActivityManagerService.java:13021)
F/SystemServer(  355): 	at android.app.ContextImpl.registerReceiverInternal(ContextImpl.java:1450)
F/SystemServer(  355): 	at android.app.ContextImpl.registerReceiverAsUser(ContextImpl.java:1425)
F/SystemServer(  355): 	at com.android.internal.content.PackageMonitor.register(PackageMonitor.java:84)
F/SystemServer(  355): 	at com.android.server.pm.UserManagerService.systemReady(UserManagerService.java:237)
F/SystemServer(  355): 	at com.android.server.pm.PackageManagerService.systemReady(PackageManagerService.java:10476)
F/SystemServer(  355): 	at com.android.server.ServerThread.initAndLoop(SystemServer.java:893)
F/SystemServer(  355): 	at com.android.server.SystemServer.main(SystemServer.java:1179)
F/SystemServer(  355): 	at java.lang.reflect.Method.invokeNative(Native Method)
F/SystemServer(  355): 	at java.lang.reflect.Method.invoke(Method.java:515)
F/SystemServer(  355): 	at com.android.internal.os.ZygoteInit$MethodAndArgsCaller.run(ZygoteInit.java:785)
F/SystemServer(  355): 	at com.android.internal.os.ZygoteInit.main(ZygoteInit.java:601)
F/SystemServer(  355): 	at dalvik.system.NativeStart.main(Native Method)
I/ActivityManager(  355): Sending system update to ComponentInfo{com.android.providers.calendar/com.android.providers.calendar.CalendarUpgradeReceiver} for user 0
I/ActivityManager(  355): Sending system update to ComponentInfo{com.android.providers.contacts/com.android.providers.contacts.ContactsUpgradeReceiver} for user 0
I/ActivityManager(  355): Sending system update to ComponentInfo{com.android.providers.media/com.android.providers.media.MediaUpgradeReceiver} for user 0
I/SystemServer(  355): Enabled StrictMode for system server main thread.
I/ActivityManager(  355): Start proc com.android.providers.calendar for broadcast com.android.providers.calendar/.CalendarUpgradeReceiver: pid=454 uid=10001 gids={50001, 3003, 1028, 1015}
I/Choreographer(  355): Skipped 55 frames!  The application may be doing too much work on its main thread.
W/InputMethodManagerService(  355): Focus gain on non-focused client android.view.inputmethod.InputMethodManager$1@b3605110 (uid=1000 pid=355)
V/BackupManagerService(  355): Connected to transport ComponentInfo{android/com.android.internal.backup.LocalTransportService}
V/BackupManagerService(  355): Registering transport android/com.android.internal.backup.LocalTransportService::android/com.android.internal.backup.LocalTransport = com.android.internal.backup.LocalTransport@b32485c0
I/ActivityManager(  355): Launching preboot mode app: ProcessRecord{b3352ea0 454:com.android.providers.calendar/u0a1}
E/SoundPool(  443): error loading /system/media/audio/ui/Lock.ogg
W/KeyguardViewMediator(  443): failed to load lock sound from /system/media/audio/ui/Lock.ogg
E/SoundPool(  443): error loading /system/media/audio/ui/Unlock.ogg
W/KeyguardViewMediator(  443): failed to load unlock sound from /system/media/audio/ui/Unlock.ogg
V/KeyguardService(  443): onCreate()
V/KeyguardServiceDelegate(  355): *** Keyguard connected (yay!)
V/KeyguardServiceDelegate(  355): **** SHOWN CALLED ****
I/ActivityManager(  355): Start proc android.process.acore for broadcast com.android.providers.contacts/.ContactsUpgradeReceiver: pid=475 uid=10002 gids={50002, 3003, 1028, 1015}
I/ActivityManager(  355): Launching preboot mode app: ProcessRecord{b32e5a70 475:android.process.acore/u0a2}
I/ContactsUpgradeReceiver(  475): Creating or opening contacts database
I/ContactsDatabaseHelper(  475): Bootstrapping database version: 803
D/dalvikvm(  475): GC_CONCURRENT freed 398K, 15% free 2810K/3272K, paused 142ms+2ms, total 169ms
D/dalvikvm(  475): WAIT_FOR_CONCURRENT_GC blocked 28ms
I/ContactsProviderV1(  475): Bootstrapping database legacy support
D/dalvikvm(  475): GC_CONCURRENT freed 334K, 12% free 2911K/3292K, paused 3ms+2ms, total 38ms
I/ContactsDatabaseHelper(  475): Bootstrapping database version: 803
D/dalvikvm(  475): GC_CONCURRENT freed 374K, 14% free 2931K/3372K, paused 5ms+2ms, total 29ms
I/ContactsProviderV1(  475): Bootstrapping database legacy support
I/ContactsProvider(  475): Locale has changed from null to en_US
I/ContactsDatabaseHelper(  475): Switching to locale en_US (ICU v51.1.0.1)
D/dalvikvm(  475): GC_CONCURRENT freed 291K, 11% free 3033K/3388K, paused 4ms+3ms, total 32ms
I/ContactsDatabaseHelper(  475): Locale change completed in 473ms
I/ContactsDatabaseHelper(  475): Switching to locale en_US (ICU v51.1.0.1)
D/dalvikvm(  475): GC_CONCURRENT freed 374K, 13% free 3057K/3492K, paused 4ms+2ms, total 43ms
I/ContactsDatabaseHelper(  475): Locale change completed in 453ms
I/ActivityManager(  355): Start proc android.process.media for broadcast com.android.providers.media/.MediaUpgradeReceiver: pid=491 uid=10005 gids={50005, 1028, 1015, 1023, 1024, 2001, 3003, 3007}
D/dalvikvm(  355): GC_CONCURRENT freed 400K, 60% free 5129K/12692K, paused 3ms+14ms, total 96ms
D/dalvikvm(  355): WAIT_FOR_CONCURRENT_GC blocked 78ms
I/ActivityManager(  355): Launching preboot mode app: ProcessRecord{b32c6348 491:android.process.media/u0a5}
I/ActivityManager(  355): Writing new set of last done pre-boot receivers...
I/ActivityManager(  355): Removing system update proc: ProcessRecord{b3352ea0 454:com.android.providers.calendar/u0a1}
I/ActivityManager(  355): Killing 454:com.android.providers.calendar/u0a1 (adj 13): system update done
I/ActivityManager(  355): Removing system update proc: ProcessRecord{b32e5a70 475:android.process.acore/u0a2}
I/ActivityManager(  355): Killing 475:android.process.acore/u0a2 (adj 11): system update done
I/ActivityManager(  355): Removing system update proc: ProcessRecord{b32c6348 491:android.process.media/u0a5}
I/ActivityManager(  355): Killing 491:android.process.media/u0a5 (adj 9): system update done
W/ActivityManager(  355): Can't find mystery application for StrictMode from pid=491 uid=10005: android.os.BinderProxy@b36003b0
I/ActivityManager(  355): System now ready
W/ProcessCpuTracker(  355): Skipping unknown process pid 454
W/ProcessCpuTracker(  355): Skipping unknown process pid 475
W/ProcessCpuTracker(  355): Skipping unknown process pid 491
I/SystemServer(  355): Making services ready
D/NetworkManagementService(  355): enabling bandwidth control
I/Vold    (   52): /dev/block/vold/179:0 being considered for volume sdcard
D/Vold    (   52): Volume sdcard state changing 1 (Idle-Unmounted) -> 3 (Checking)
D/MountService(  355): volume state changed for /storage/sdcard (unmounted -> checking)
D/MountService(  355): sendStorageIntent Intent { act=android.intent.action.MEDIA_CHECKING dat=file:///storage/sdcard (has extras) } to UserHandle{-1}
D/SystemUIService(  443): loading: class com.android.systemui.recent.Recents
D/SystemUIService(  443): running: com.android.systemui.recent.Recents@b2d9f0a8
D/SystemUIService(  443): loading: class com.android.systemui.statusbar.SystemBars
D/SystemUIService(  443): running: com.android.systemui.statusbar.SystemBars@b2d9f690
D/SystemUIService(  443): loading: class com.android.systemui.usb.StorageNotification
D/SystemUIService(  443): running: com.android.systemui.usb.StorageNotification@b2da13e0
D/SystemUIService(  443): loading: class com.android.systemui.power.PowerUI
D/SystemUIService(  443): running: com.android.systemui.power.PowerUI@b2da2a40
D/SystemUIService(  443): loading: class com.android.systemui.media.RingtonePlayer
D/SystemUIService(  443): running: com.android.systemui.media.RingtonePlayer@b2da3a78
D/SystemUIService(  443): loading: class com.android.systemui.settings.SettingsUI
D/SystemUIService(  443): running: com.android.systemui.settings.SettingsUI@b2da4d60
I/fsck_msdos(   52): ** /dev/block/vold/179:0
I/fsck_msdos(   52): Invalid signature in fsinfo block
I/fsck_msdos(   52): FIXED
I/fsck_msdos(   52): ** Phase 1 - Read and Compare FATs
I/fsck_msdos(   52): Attempting to allocate 794 KB for FAT
D/PhoneStatusBar(  443): mSettingsPanelGravity = 55
I/StatusBarManagerService(  355): registerStatusBar bar=com.android.internal.statusbar.IStatusBar$Stub$Proxy@b36189d8
I/fsck_msdos(   52): Attempting to allocate 794 KB for FAT
D/dalvikvm(  443): GC_CONCURRENT freed 284K, 11% free 2825K/3172K, paused 70ms+4ms, total 247ms
I/fsck_msdos(   52): ** Phase 2 - Check Cluster Chains
I/fsck_msdos(   52): ** Phase 3 - Checking Directories
I/fsck_msdos(   52): ** Phase 4 - Checking for Lost Files
I/fsck_msdos(   52): Free space in FSInfo block (201592) not correct (201591)
I/fsck_msdos(   52): FIXED
I/fsck_msdos(   52): 1 files, 100795 free (201591 clusters)
I/Vold    (   52): Filesystem check completed OK
W/Vold    (   52): blkid failed to identify /dev/block/vold/179:0
D/Vold    (   52): Volume sdcard state changing 3 (Checking) -> 4 (Mounted)
I/PackageManager(  355): Updating external media status from unmounted to mounted
D/MountService(  355): volume state changed for /storage/sdcard (checking -> mounted)
E/VoldConnector(  355): NDC Command {3 volume mount /storage/sdcard} took too long (945ms)
D/MountService(  355): sendStorageIntent Intent { act=android.intent.action.MEDIA_MOUNTED dat=file:///storage/sdcard (has extras) } to UserHandle{-1}
I/PackageManager(  355): No secure containers on sdcard
D/dalvikvm(  443): GC_FOR_ALLOC freed 35K, 8% free 2947K/3172K, paused 35ms, total 37ms
W/PackageManager(  355): Not granting permission android.permission.GLOBAL_SEARCH to package com.android.quicksearchbox (protectionLevel=18 flags=0x88be45)
W/PackageManager(  355): Unknown permission com.android.smspush.WAPPUSH_MANAGER_BIND in package com.android.phone
W/PackageManager(  355): Unknown permission com.google.android.googleapps.permission.GOOGLE_AUTH in package com.android.providers.calendar
W/PackageManager(  355): Unknown permission com.google.android.googleapps.permission.GOOGLE_AUTH.cl in package com.android.providers.calendar
W/PackageManager(  355): Unknown permission com.google.android.googleapps.permission.GOOGLE_AUTH.mail in package com.android.calendar
W/PackageManager(  355): Not granting permission android.permission.ACCESS_DOWNLOAD_MANAGER to package com.android.browser (protectionLevel=18 flags=0x89be45)
W/PackageManager(  355): Not granting permission android.permission.SEND_DOWNLOAD_COMPLETED_INTENTS to package com.android.browser (protectionLevel=2 flags=0x89be45)
W/PackageManager(  355): Not granting permission android.permission.BIND_APPWIDGET to package com.android.widgetpreview (protectionLevel=18 flags=0x8be44)
W/PackageManager(  355): Unknown permission android.permission.INSTALL_DRM in package com.android.mms
W/PackageManager(  355): Unknown permission com.google.android.googleapps.permission.GOOGLE_AUTH in package com.android.settings
D/dalvikvm(  355): GC_CONCURRENT freed 529K, 60% free 5085K/12692K, paused 6ms+6ms, total 101ms
W/PackageManager(  355): Unknown permission com.google.android.googleapps.permission.ACCESS_GOOGLE_PASSWORD in package com.android.development
W/PackageManager(  355): Unknown permission com.google.android.googleapps.permission.GOOGLE_AUTH in package com.android.development
W/PackageManager(  355): Unknown permission com.google.android.googleapps.permission.GOOGLE_AUTH.ALL_SERVICES in package com.android.development
W/PackageManager(  355): Unknown permission com.google.android.googleapps.permission.GOOGLE_AUTH.YouTubeUser in package com.android.development
W/PackageManager(  355): Not granting permission android.permission.DELETE_PACKAGES to package com.svox.pico (protectionLevel=18 flags=0x88be45)
W/PackageManager(  355): Not granting permission android.permission.DEVICE_POWER to package com.android.deskclock (protectionLevel=2 flags=0xc8be45)
E/BluetoothAdapter(  443): Bluetooth binder is null
E/BluetoothAdapter(  443): Bluetooth binder is null
E/BluetoothAdapter(  443): Bluetooth binder is null
D/dalvikvm(  443): GC_CONCURRENT freed 54K, 4% free 3364K/3496K, paused 4ms+81ms, total 129ms
E/BluetoothAdapter(  443): Bluetooth binder is null
I/ActivityManager(  355): Start proc android.process.acore for content provider com.android.providers.contacts/.ContactsProvider2: pid=543 uid=10002 gids={50002, 3003, 1028, 1015}
D/PhoneStatusBar(  443): disable: < expand icons alerts ticker system_info back home recent clock search >
E/NetdConnector(  355): NDC Command {1 bandwidth enable} took too long (3203ms)
E/BluetoothAdapter(  443): Bluetooth binder is null
D/PhoneStatusBar(  443): heads up is disabled
I/Choreographer(  443): Skipped 462 frames!  The application may be doing too much work on its main thread.
E/NetdConnector(  355): NDC Command {2 firewall disable} took too long (501ms)
I/Choreographer(  443): Skipped 247 frames!  The application may be doing too much work on its main thread.
D/dalvikvm(  443): GC_CONCURRENT freed 200K, 7% free 3562K/3828K, paused 5ms+3ms, total 116ms
D/gralloc_goldfish(  443): Emulator without GPU emulation detected.
I/Choreographer(  443): Skipped 75 frames!  The application may be doing too much work on its main thread.
D/dalvikvm(  543): GC_CONCURRENT freed 201K, 9% free 2978K/3252K, paused 35ms+23ms, total 184ms
E/NetdConnector(  355): NDC Command {5 firewall disable} took too long (754ms)
I/ActivityManager(  355): Config changes=200 {1.0 ?mcc?mnc en_US ldltr sw480dp w480dp h839dp 160dpi lrg long port finger -keyb/h/h tball/v s.4}
W/RecognitionManagerService(  355): no available voice recognition services found for user 0
D/PhoneStatusBar(  443): mSettingsPanelGravity = 55
W/AppWidgetServiceImpl(  355): Failed to read state: java.io.FileNotFoundException: /data/system/users/0/appwidgets.xml: open failed: ENOENT (No such file or directory)
W/InputMethodManagerService(  355): Ignoring setImeWindowStatus of uid 1000 token: null
D/dalvikvm(  355): GC_CONCURRENT freed 452K, 59% free 5231K/12692K, paused 15ms+5ms, total 97ms
D/dalvikvm(  355): WAIT_FOR_CONCURRENT_GC blocked 36ms
D/dalvikvm(  355): WAIT_FOR_CONCURRENT_GC blocked 32ms
W/InputMethodUtils(  355): Found no subtypes in a system IME: com.android.inputmethod.pinyin
W/InputMethodManagerService(  355): Reset the default IME as "Resource" is ready here.
W/InputMethodUtils(  355): Found no subtypes in a system IME: com.android.inputmethod.pinyin
I/InputMethodManagerService(  355): Selected default: com.android.inputmethod.latin/.LatinIME
I/ActivityManager(  355): Start proc com.android.inputmethod.latin for service com.android.inputmethod.latin/.LatinIME: pid=583 uid=10029 gids={50029, 1028, 1015}
V/InputMethodManagerService(  355): Adding window token: android.os.Binder@b30f2e08
I/ActivityManager(  355): Config changes=20 {1.0 ?mcc?mnc en_US ldltr sw480dp w480dp h839dp 160dpi lrg long port finger -keyb/v/h tball/v s.5}
W/InputMethodManagerService(  355): Illegal subtype state: old subtype = null, new subtype = android.view.inputmethod.InputMethodSubtype@c9194f98
D/dalvikvm(  443): GC_FOR_ALLOC freed 37K, 7% free 3560K/3828K, paused 129ms, total 130ms
D/SettingsProvider(  355): User 0 external modification to /data/data/com.android.providers.settings/databases/settings.db; event=2
D/SettingsProvider(  355): User 0 updating our caches for /data/data/com.android.providers.settings/databases/settings.db
W/GpsLocationProvider(  355): Could not open GPS configuration file /etc/gps.conf
W/ServiceWatcher(  355): com.google.android.location not found
W/ServiceWatcher(  355): com.google.android.location not found
W/ServiceWatcher(  355): com.google.android.location not found
W/LocationManagerService(  355): no network location provider found
W/ServiceWatcher(  355): com.google.android.location not found
E/FlpHardwareProvider(  355): Error hw_get_module 'flp': -2
W/ServiceWatcher(  355): com.google.android.location not found
E/FlpHardwareProvider(  355): Error hw_get_module 'flp': -2
W/ServiceWatcher(  355): com.google.android.location not found
E/LocationManagerService(  355): no geocoder provider found
E/LocationManagerService(  355): No FusedProvider found.
E/LocationManagerService(  355): no geofence provider found
I/CommonTimeManagementService(  355): No common time service detected on this platform.  Common time services will be unavailable.
I/InputReader(  355): Reconfiguring input devices.  changes=0x00000020
I/InputReader(  355): Reconfiguring input devices.  changes=0x00000010
I/ActivityManager(  355): Start proc com.android.phone for added application com.android.phone: pid=595 uid=1001 gids={41001, 3002, 3001, 3003, 1028, 1015}
I/ActivityManager(  355): START u0 {act=android.intent.action.MAIN cat=[android.intent.category.HOME] flg=0x10000000 cmp=com.android.settings/.CryptKeeper} from pid 0
I/dalvikvm-heap(  443): Grow heap (frag case) to 6.465MB for 3072016-byte allocation
I/ActivityManager(  355): Start proc com.android.settings for activity com.android.settings/.CryptKeeper: pid=606 uid=1000 gids={41000, 1028, 1015, 3002, 3001, 3003}
I/ActivityManager(  355): Start proc android.process.media for broadcast com.android.providers.downloads/.DownloadReceiver: pid=610 uid=10005 gids={50005, 1028, 1015, 1023, 1024, 2001, 3003, 3007}
D/dalvikvm(   58): GC_EXPLICIT freed 38K, 4% free 2705K/2808K, paused 23ms+3ms, total 70ms
D/dalvikvm(   58): GC_EXPLICIT freed <1K, 4% free 2705K/2808K, paused 12ms+2ms, total 52ms
D/dalvikvm(   58): GC_EXPLICIT freed <1K, 4% free 2705K/2808K, paused 2ms+2ms, total 43ms
D/dalvikvm(  443): GC_FOR_ALLOC freed 2K, 5% free 6557K/6832K, paused 302ms, total 302ms
D/dalvikvm(  443): GC_CONCURRENT freed 2K, 4% free 6561K/6832K, paused 5ms+103ms, total 162ms
D/dalvikvm(  355): GC_CONCURRENT freed 442K, 59% free 5323K/12692K, paused 79ms+5ms, total 281ms
D/dalvikvm(  443): GC_FOR_ALLOC freed 3001K, 7% free 3563K/3828K, paused 71ms, total 99ms
I/LatinIME(  583): Hardware accelerated drawing: true
I/dalvikvm-heap(  443): Grow heap (frag case) to 6.468MB for 3072016-byte allocation
D/dalvikvm(  443): GC_CONCURRENT freed <1K, 4% free 6563K/6832K, paused 4ms+34ms, total 103ms
I/ActivityManager(  355): START u0 {act=android.intent.action.MAIN cat=[android.intent.category.HOME] flg=0x10000000 cmp=com.android.sdksetup/.DefaultActivity} from pid 0
I/ActivityManager(  355): Start proc com.android.sdksetup for activity com.android.sdksetup/.DefaultActivity: pid=641 uid=10042 gids={50042}
W/WindowManager(  355): Window freeze timeout expired.
W/WindowManager(  355): Force clearing orientation change: Window{b36ca918 u0 StatusBar}
W/WindowManager(  355): Force clearing orientation change: Window{b3281820 u0 com.android.systemui.ImageWallpaper}
D/dalvikvm(  355): GC_CONCURRENT freed 540K, 58% free 5335K/12692K, paused 32ms+21ms, total 200ms
D/PhoneStatusBar(  443): mSettingsPanelGravity = 55
I/ActivityManager(  355): Start proc com.android.printspooler for service com.android.printspooler/.PrintSpoolerService: pid=654 uid=10039 gids={50039}
W/InputAttributes(  583): No editor info for this field. Bug?
V/StatusBar(  443): userId 0 is in the house
I/Choreographer(  443): Skipped 77 frames!  The application may be doing too much work on its main thread.
D/dalvikvm(  583): GC_CONCURRENT freed 224K, 10% free 2890K/3180K, paused 14ms+2ms, total 252ms
I/ResourceUtils(  583): Found default value: resource=keypress_vibration_durations build=[HARDWARE=goldfish MODEL=sdk BRAND=generic MANUFACTURER=unknown] default=-1
I/ResourceUtils(  583): Found default value: resource=keypress_volumes build=[HARDWARE=goldfish MODEL=sdk BRAND=generic MANUFACTURER=unknown] default=-1.0f
I/Choreographer(  443): Skipped 57 frames!  The application may be doing too much work on its main thread.
I/LatinIME:LogUtils(  583): Dictionary info: dictionary = PersonalizationPredictionDictio ; version = ? ; date = 1539014365
I/LatinIME:LogUtils(  583): Dictionary info: dictionary = personalization.en_US.dict ; version = ? ; date = 1539014365
I/LatinIME:LogUtils(  583): Dictionary info: dictionary = UserHistoryDictionary.en_US.dic ; version = ? ; date = 1539014365
I/ActivityManager(  355): Force stopping com.android.sdksetup appid=10042 user=0: pkg changed
I/ActivityManager(  355): Killing 641:com.android.sdksetup/u0a42 (adj 0): stop com.android.sdksetup
I/ActivityManager(  355):   Force finishing activity ActivityRecord{b3281090 u0 com.android.sdksetup/.DefaultActivity t2}
W/BackupManagerService(  355): dataChanged but no participant pkg='com.android.providers.settings' uid=1001
I/ActivityManager(  355): START u0 {act=android.intent.action.MAIN cat=[android.intent.category.HOME] flg=0x10000000 cmp=com.android.launcher/com.android.launcher2.Launcher} from pid 0
I/PackageManager(  355):   Action: "android.intent.action.SENDTO"
I/PackageManager(  355):   Category: "android.intent.category.DEFAULT"
I/PackageManager(  355):   Scheme: "sms"
I/PackageManager(  355): Adding preferred activity ComponentInfo{com.android.mms/com.android.mms.ui.ComposeMessageActivity} for user 0 :
I/ActivityManager(  355): Start proc com.android.launcher for activity com.android.launcher/com.android.launcher2.Launcher: pid=681 uid=10008 gids={50008}
I/InputReader(  355): Reconfiguring input devices.  changes=0x00000010
I/PrintSpoolerService(  654): No existing print spooler state.
D/dalvikvm(  595): GC_CONCURRENT freed 180K, 8% free 2930K/3176K, paused 145ms+109ms, total 609ms
I/PackageManager(  355):   Action: "android.intent.action.SENDTO"
I/PackageManager(  355):   Category: "android.intent.category.DEFAULT"
I/PackageManager(  355):   Scheme: "smsto"
I/PackageManager(  355): Adding preferred activity ComponentInfo{com.android.mms/com.android.mms.ui.ComposeMessageActivity} for user 0 :
I/LatinIME:LogUtils(  583): Dictionary info: dictionary = userunigram.en_US.dict ; version = ? ; date = ?
I/PackageManager(  355):   Action: "android.intent.action.SENDTO"
I/PackageManager(  355):   Category: "android.intent.category.DEFAULT"
I/PackageManager(  355):   Scheme: "mms"
I/PackageManager(  355): Adding preferred activity ComponentInfo{com.android.mms/com.android.mms.ui.ComposeMessageActivity} for user 0 :
D/dalvikvm(  355): GC_CONCURRENT freed 521K, 57% free 5473K/12692K, paused 92ms+26ms, total 332ms
D/dalvikvm(  355): WAIT_FOR_CONCURRENT_GC blocked 259ms
D/dalvikvm(  355): WAIT_FOR_CONCURRENT_GC blocked 204ms
D/dalvikvm(  355): WAIT_FOR_CONCURRENT_GC blocked 206ms
I/PackageManager(  355):   Action: "android.intent.action.SENDTO"
I/PackageManager(  355):   Category: "android.intent.category.DEFAULT"
I/PackageManager(  355):   Scheme: "mmsto"
I/PackageManager(  355): Adding preferred activity ComponentInfo{com.android.mms/com.android.mms.ui.ComposeMessageActivity} for user 0 :
I/PackageManager(  355):   Action: "android.intent.action.SENDTO"
I/PackageManager(  355):   Category: "android.intent.category.DEFAULT"
I/PackageManager(  355):   Scheme: "sms"
I/PackageManager(  355): Adding preferred activity ComponentInfo{com.android.mms/com.android.mms.ui.ComposeMessageActivity} for user 0 :
I/PackageManager(  355):   Action: "android.intent.action.SENDTO"
I/PackageManager(  355):   Category: "android.intent.category.DEFAULT"
I/PackageManager(  355):   Scheme: "smsto"
I/PackageManager(  355): Adding preferred activity ComponentInfo{com.android.mms/com.android.mms.ui.ComposeMessageActivity} for user 0 :
I/PackageManager(  355):   Action: "android.intent.action.SENDTO"
I/PackageManager(  355):   Category: "android.intent.category.DEFAULT"
I/PackageManager(  355):   Scheme: "mms"
I/PackageManager(  355): Adding preferred activity ComponentInfo{com.android.mms/com.android.mms.ui.ComposeMessageActivity} for user 0 :
I/PackageManager(  355):   Action: "android.intent.action.SENDTO"
I/PackageManager(  355): Adding preferred activity ComponentInfo{com.android.mms/com.android.mms.ui.ComposeMessageActivity} for user 0 :
I/PackageManager(  355):   Category: "android.intent.category.DEFAULT"
I/PackageManager(  355):   Scheme: "mmsto"
E/BluetoothAdapter(  595): Bluetooth binder is null
D/dalvikvm(  583): GC_CONCURRENT freed 384K, 14% free 2989K/3440K, paused 28ms+11ms, total 149ms
E/BluetoothAdapter(  595): Bluetooth binder is null
D/CallNotifier(  595): CallNotifier: mSignalInfoToneGenerator created when toneplay
E/BluetoothAdapter(  595): Bluetooth binder is null
D/dalvikvm(  583): GC_CONCURRENT freed 470K, 17% free 2985K/3560K, paused 4ms+5ms, total 155ms
D/MobileDataStateTracker(  355): fota: Broadcast received: android.intent.action.ANY_DATA_STATE apnType=fota
D/MobileDataStateTracker(  355): fota: Received state=DISCONNECTED, old=DISCONNECTED, reason=radioTurnedOff
D/MobileDataStateTracker(  355): ia: Broadcast received: android.intent.action.ANY_DATA_STATE apnType=ia
D/MobileDataStateTracker(  355): ia: Received state=DISCONNECTED, old=DISCONNECTED, reason=radioTurnedOff
D/MobileDataStateTracker(  355): supl: Broadcast received: android.intent.action.ANY_DATA_STATE apnType=supl
D/MobileDataStateTracker(  355): supl: Received state=DISCONNECTED, old=DISCONNECTED, reason=radioTurnedOff
D/MobileDataStateTracker(  355): hipri: Broadcast received: android.intent.action.ANY_DATA_STATE apnType=hipri
D/MobileDataStateTracker(  355): hipri: Received state=DISCONNECTED, old=DISCONNECTED, reason=radioTurnedOff
D/MobileDataStateTracker(  355): ims: Broadcast received: android.intent.action.ANY_DATA_STATE apnType=ims
D/MobileDataStateTracker(  355): ims: Received state=DISCONNECTED, old=DISCONNECTED, reason=radioTurnedOff
D/MobileDataStateTracker(  355): default: Broadcast received: android.intent.action.ANY_DATA_STATE apnType=default
D/MobileDataStateTracker(  355): default: Received state=DISCONNECTED, old=DISCONNECTED, reason=radioTurnedOff
D/MobileDataStateTracker(  355): mms: Broadcast received: android.intent.action.ANY_DATA_STATE apnType=mms
D/MobileDataStateTracker(  355): mms: Received state=DISCONNECTED, old=DISCONNECTED, reason=radioTurnedOff
D/MobileDataStateTracker(  355): cbs: Broadcast received: android.intent.action.ANY_DATA_STATE apnType=cbs
D/MobileDataStateTracker(  355): cbs: Received state=DISCONNECTED, old=DISCONNECTED, reason=radioTurnedOff
D/MobileDataStateTracker(  355): fota: Broadcast received: android.intent.action.ANY_DATA_STATE apnType=fota
D/MobileDataStateTracker(  355): fota: Received state=DISCONNECTED, old=DISCONNECTED, reason=radioTurnedOff
D/MobileDataStateTracker(  355): ia: Broadcast received: android.intent.action.ANY_DATA_STATE apnType=ia
I/LatinIME:LogUtils(  583): Dictionary info: dictionary = main:en ; version = 42 ; date = 1381226429
I/LatinIME:LogUtils(  583): Dictionary info: dictionary = main:en ; version = 42 ; date = 1381226429
D/MobileDataStateTracker(  355): ia: Received state=DISCONNECTED, old=DISCONNECTED, reason=radioTurnedOff
D/MobileDataStateTracker(  355): supl: Broadcast received: android.intent.action.ANY_DATA_STATE apnType=supl
D/MobileDataStateTracker(  355): supl: Received state=DISCONNECTED, old=DISCONNECTED, reason=radioTurnedOff
D/MobileDataStateTracker(  355): hipri: Broadcast received: android.intent.action.ANY_DATA_STATE apnType=hipri
D/MobileDataStateTracker(  355): hipri: Received state=DISCONNECTED, old=DISCONNECTED, reason=radioTurnedOff
D/MobileDataStateTracker(  355): ims: Broadcast received: android.intent.action.ANY_DATA_STATE apnType=ims
D/MobileDataStateTracker(  355): ims: Received state=DISCONNECTED, old=DISCONNECTED, reason=radioTurnedOff
D/MobileDataStateTracker(  355): default: Broadcast received: android.intent.action.ANY_DATA_STATE apnType=default
D/MobileDataStateTracker(  355): default: Received state=DISCONNECTED, old=DISCONNECTED, reason=radioTurnedOff
D/MobileDataStateTracker(  355): mms: Broadcast received: android.intent.action.ANY_DATA_STATE apnType=mms
I/LatinIME:LogUtils(  583): Dictionary info: dictionary = main:en ; version = 42 ; date = 1381226429
D/MobileDataStateTracker(  355): mms: Received state=DISCONNECTED, old=DISCONNECTED, reason=radioTurnedOff
D/MobileDataStateTracker(  355): cbs: Broadcast received: android.intent.action.ANY_DATA_STATE apnType=cbs
D/MobileDataStateTracker(  355): cbs: Received state=DISCONNECTED, old=DISCONNECTED, reason=radioTurnedOff
D/MobileDataStateTracker(  355): fota: Broadcast received: android.intent.action.ANY_DATA_STATE apnType=fota
D/MobileDataStateTracker(  355): fota: Received state=DISCONNECTED, old=DISCONNECTED, reason=dataDetached
D/MobileDataStateTracker(  355): ia: Broadcast received: android.intent.action.ANY_DATA_STATE apnType=ia
D/MobileDataStateTracker(  355): ia: Received state=DISCONNECTED, old=DISCONNECTED, reason=dataDetached
D/MobileDataStateTracker(  355): supl: Broadcast received: android.intent.action.ANY_DATA_STATE apnType=supl
D/MobileDataStateTracker(  355): supl: Received state=DISCONNECTED, old=DISCONNECTED, reason=dataDetached
D/MobileDataStateTracker(  355): hipri: Broadcast received: android.intent.action.ANY_DATA_STATE apnType=hipri
D/dalvikvm(  355): GC_CONCURRENT freed 700K, 57% free 5483K/12692K, paused 56ms+6ms, total 474ms
D/MobileDataStateTracker(  355): hipri: Received state=DISCONNECTED, old=DISCONNECTED, reason=dataDetached
D/MobileDataStateTracker(  355): ims: Broadcast received: android.intent.action.ANY_DATA_STATE apnType=ims
D/MobileDataStateTracker(  355): ims: Received state=DISCONNECTED, old=DISCONNECTED, reason=dataDetached
D/MobileDataStateTracker(  355): default: Broadcast received: android.intent.action.ANY_DATA_STATE apnType=default
D/MobileDataStateTracker(  355): default: Received state=DISCONNECTED, old=DISCONNECTED, reason=dataDetached
D/MobileDataStateTracker(  355): mms: Broadcast received: android.intent.action.ANY_DATA_STATE apnType=mms
D/MobileDataStateTracker(  355): mms: Received state=DISCONNECTED, old=DISCONNECTED, reason=dataDetached
D/MobileDataStateTracker(  355): cbs: Broadcast received: android.intent.action.ANY_DATA_STATE apnType=cbs
D/MobileDataStateTracker(  355): cbs: Received state=DISCONNECTED, old=DISCONNECTED, reason=dataDetached
D/MobileDataStateTracker(  355): fota: Broadcast received: android.intent.action.ANY_DATA_STATE apnType=fota
D/MobileDataStateTracker(  355): fota: Received state=DISCONNECTED, old=DISCONNECTED, reason=roamingOff
I/LatinIME:LogUtils(  583): Dictionary info: dictionary = main:en ; version = 42 ; date = 1381226429
D/MobileDataStateTracker(  355): ia: Broadcast received: android.intent.action.ANY_DATA_STATE apnType=ia
D/MobileDataStateTracker(  355): ia: Received state=DISCONNECTED, old=DISCONNECTED, reason=roamingOff
D/MobileDataStateTracker(  355): supl: Broadcast received: android.intent.action.ANY_DATA_STATE apnType=supl
D/MobileDataStateTracker(  355): supl: Received state=DISCONNECTED, old=DISCONNECTED, reason=roamingOff
D/MobileDataStateTracker(  355): hipri: Broadcast received: android.intent.action.ANY_DATA_STATE apnType=hipri
D/MobileDataStateTracker(  355): hipri: Received state=DISCONNECTED, old=DISCONNECTED, reason=roamingOff
D/MobileDataStateTracker(  355): ims: Broadcast received: android.intent.action.ANY_DATA_STATE apnType=ims
D/MobileDataStateTracker(  355): ims: Received state=DISCONNECTED, old=DISCONNECTED, reason=roamingOff
D/MobileDataStateTracker(  355): default: Broadcast received: android.intent.action.ANY_DATA_STATE apnType=default
D/MobileDataStateTracker(  355): default: Received state=DISCONNECTED, old=DISCONNECTED, reason=roamingOff
D/MobileDataStateTracker(  355): mms: Broadcast received: android.intent.action.ANY_DATA_STATE apnType=mms
D/MobileDataStateTracker(  355): mms: Received state=DISCONNECTED, old=DISCONNECTED, reason=roamingOff
I/LatinIME:LogUtils(  583): Dictionary info: dictionary = main:en ; version = 42 ; date = 1381226429
D/MobileDataStateTracker(  355): cbs: Broadcast received: android.intent.action.ANY_DATA_STATE apnType=cbs
D/MobileDataStateTracker(  355): cbs: Received state=DISCONNECTED, old=DISCONNECTED, reason=roamingOff
D/MobileDataStateTracker(  355): fota: Broadcast received: android.intent.action.ANY_DATA_STATE apnType=fota
D/MobileDataStateTracker(  355): fota: Received state=DISCONNECTED, old=DISCONNECTED, reason=roamingOff
D/MobileDataStateTracker(  355): ia: Broadcast received: android.intent.action.ANY_DATA_STATE apnType=ia
D/MobileDataStateTracker(  355): ia: Received state=DISCONNECTED, old=DISCONNECTED, reason=roamingOff
D/MobileDataStateTracker(  355): supl: Broadcast received: android.intent.action.ANY_DATA_STATE apnType=supl
D/MobileDataStateTracker(  355): supl: Received state=DISCONNECTED, old=DISCONNECTED, reason=roamingOff
D/MobileDataStateTracker(  355): hipri: Broadcast received: android.intent.action.ANY_DATA_STATE apnType=hipri
D/MobileDataStateTracker(  355): hipri: Received state=DISCONNECTED, old=DISCONNECTED, reason=roamingOff
D/MobileDataStateTracker(  355): ims: Broadcast received: android.intent.action.ANY_DATA_STATE apnType=ims
D/MobileDataStateTracker(  355): ims: Received state=DISCONNECTED, old=DISCONNECTED, reason=roamingOff
D/MobileDataStateTracker(  355): default: Broadcast received: android.intent.action.ANY_DATA_STATE apnType=default
I/LatinIME:LogUtils(  583): Dictionary info: dictionary = main:en ; version = 42 ; date = 1381226429
I/LatinIME:LogUtils(  583): Dictionary info: dictionary = main:en ; version = 42 ; date = 1381226429
D/MobileDataStateTracker(  355): default: Received state=DISCONNECTED, old=DISCONNECTED, reason=roamingOff
D/MobileDataStateTracker(  355): mms: Broadcast received: android.intent.action.ANY_DATA_STATE apnType=mms
D/MobileDataStateTracker(  355): mms: Received state=DISCONNECTED, old=DISCONNECTED, reason=roamingOff
I/LatinIME:LogUtils(  583): Dictionary info: dictionary = main:en ; version = 42 ; date = 1381226429
D/TelephonyDebugService(  595): TelephonyDebugService()
D/MobileDataStateTracker(  355): cbs: Broadcast received: android.intent.action.ANY_DATA_STATE apnType=cbs
D/MobileDataStateTracker(  355): cbs: Received state=DISCONNECTED, old=DISCONNECTED, reason=roamingOff
D/dalvikvm(  595): GC_CONCURRENT freed 297K, 11% free 3077K/3440K, paused 51ms+42ms, total 418ms
D/MccTable(  595): updateMccMncConfiguration: mcc=310, mnc=260
D/AlarmManagerService(  355): Kernel timezone updated to 240 minutes west of GMT
D/MccTable(  595): timezone set to America/New_York
D/MccTable(  595): getLocaleFromMcc to en_us mcc=310
I/FusedLocation(  355): engine started (com.android.location.fused)
D/MccTable(  595): getLocaleForLanguageCountry: got match
D/MccTable(  595): getLocaleForLanguageCountry: X locale=en_US
D/MccTable(  595): WIFI_COUNTRY_CODE set to us
I/WifiService(  355): WifiService trying to set country code to us with persist set to true
D/dalvikvm(  681): GC_CONCURRENT freed 175K, 8% free 2945K/3188K, paused 11ms+2ms, total 100ms
D/dalvikvm(  355): GC_CONCURRENT freed 662K, 57% free 5519K/12692K, paused 13ms+5ms, total 81ms
