W/System.err( 1159): 	at com.android.internal.os.ZygoteInit$MethodAndArgsCaller.run(ZygoteInit.java:785)
W/System.err( 1159): 	at com.android.internal.os.ZygoteInit.main(ZygoteInit.java:601)
W/System.err( 1159): 	at dalvik.system.NativeStart.main(Native Method)
W/System.err( 1159): Caused by: java.io.IOException: Permission denied
W/System.err( 1159): 	at java.lang.ProcessManager.exec(Native Method)
W/System.err( 1159): 	at java.lang.ProcessManager.exec(ProcessManager.java:209)
W/System.err( 1159): 	... 14 more
W/System.err( 1159): java.net.SocketTimeoutException: failed to connect to ad.qipagame.cn/121.41.24.238 (port 8086) after 30000ms
W/System.err( 1159): 	at libcore.io.IoBridge.connectErrno(IoBridge.java:159)
W/System.err( 1159): 	at libcore.io.IoBridge.connect(IoBridge.java:112)
W/System.err( 1159): 	at java.net.PlainSocketImpl.connect(PlainSocketImpl.java:192)
W/System.err( 1159): 	at java.net.PlainSocketImpl.connect(PlainSocketImpl.java:459)
W/System.err( 1159): 	at java.net.Socket.connect(Socket.java:843)
W/System.err( 1159): 	at com.android.okhttp.internal.Platform.connectSocket(Platform.java:152)
W/System.err( 1159): 	at com.android.okhttp.Connection.connect(Connection.java:101)
W/System.err( 1159): 	at com.android.okhttp.internal.http.HttpEngine.connect(HttpEngine.java:294)
W/System.err( 1159): 	at com.android.okhttp.internal.http.HttpEngine.sendSocketRequest(HttpEngine.java:255)
W/System.err( 1159): 	at com.android.okhttp.internal.http.HttpEngine.sendRequest(HttpEngine.java:206)
W/System.err( 1159): 	at com.android.okhttp.internal.http.HttpURLConnectionImpl.execute(HttpURLConnectionImpl.java:345)
W/System.err( 1159): 	at com.android.okhttp.internal.http.HttpURLConnectionImpl.connect(HttpURLConnectionImpl.java:89)
W/System.err( 1159): 	at com.android.okhttp.internal.http.HttpURLConnectionImpl.getOutputStream(HttpURLConnectionImpl.java:197)
W/System.err( 1159): 	at com.q.p.Dp.a(SourceFile:212)
W/System.err( 1159): 	at com.q.p.e.run(SourceFile:515)
W/dalvikvm( 1028): threadid=2: spin on suspend #1 threadid=15 (pcf=0)
D/dalvikvm( 1028): Temporarily moving tid 1538 to fg (was 0)
D/dalvikvm( 1028): Temporarily raised priority on tid 1538 (10 -> 0)
W/dalvikvm( 1028): threadid=2: spin on suspend resolved in 2463 msec
D/dalvikvm( 1028): Restored policy of 1538 to 0
D/dalvikvm( 1028): Restored priority on 1538 to 10
D/dalvikvm( 1028): GC_CONCURRENT freed 226K, 9% free 3076K/3376K, paused 4ms+2468ms, total 4957ms
E/StrictMode( 1028): A resource was acquired at attached stack trace but never released. See java.io.Closeable for information on avoiding resource leaks.
E/StrictMode( 1028): java.lang.Throwable: Explicit termination method 'release' not called
E/StrictMode( 1028): 	at dalvik.system.CloseGuard.open(CloseGuard.java:184)
E/StrictMode( 1028): 	at android.drm.DrmManagerClient.<init>(DrmManagerClient.java:258)
E/StrictMode( 1028): 	at com.google.android.mms.pdu.PduPersister.<init>(PduPersister.java:288)
E/StrictMode( 1028): 	at com.google.android.mms.pdu.PduPersister.getPduPersister(PduPersister.java:296)
E/StrictMode( 1028): 	at com.android.mms.transaction.TransactionService.onNewIntent(TransactionService.java:224)
E/StrictMode( 1028): 	at com.android.mms.transaction.TransactionService$ServiceHandler.handleMessage(TransactionService.java:621)
E/StrictMode( 1028): 	at android.os.Handler.dispatchMessage(Handler.java:102)
E/StrictMode( 1028): 	at android.os.Looper.loop(Looper.java:136)
E/StrictMode( 1028): 	at android.os.HandlerThread.run(HandlerThread.java:61)
W/System.err( 1541): java.io.IOException: Error running exec(). Command: [conbb, od2gf04pd9] Working Directory: null Environment: null
D/dalvikvm( 1159): GC_FOR_ALLOC freed 291K, 15% free 3977K/4656K, paused 41ms, total 43ms
I/dalvikvm-heap( 1159): Grow heap (frag case) to 3.966MB for 16400-byte allocation
D/dalvikvm( 1159): GC_FOR_ALLOC freed 1K, 15% free 3992K/4676K, paused 125ms, total 125ms
W/System.err( 1159): org.apache.http.conn.HttpHostConnectException: Connection to http://www.huangdaobook.com refused
W/System.err( 1159): 	at org.apache.http.impl.conn.DefaultClientConnectionOperator.openConnection(DefaultClientConnectionOperator.java:183)
W/System.err( 1159): 	at org.apache.http.impl.conn.AbstractPoolEntry.open(AbstractPoolEntry.java:164)
W/System.err( 1159): 	at org.apache.http.impl.conn.AbstractPooledConnAdapter.open(AbstractPooledConnAdapter.java:119)
W/System.err( 1159): 	at org.apache.http.impl.client.DefaultRequestDirector.execute(DefaultRequestDirector.java:360)
W/System.err( 1159): 	at org.apache.http.impl.client.AbstractHttpClient.execute(AbstractHttpClient.java:555)
W/System.err( 1159): 	at org.apache.http.impl.client.AbstractHttpClient.execute(AbstractHttpClient.java:487)
W/System.err( 1159): 	at org.apache.http.impl.client.AbstractHttpClient.execute(AbstractHttpClient.java:465)
W/System.err( 1159): 	at com.tk.a.a.a.g.a(Unknown Source)
W/System.err( 1159): 	at com.tk.a.a.a.g.run(Unknown Source)
W/System.err( 1159): 	at java.util.concurrent.Executors$RunnableAdapter.call(Executors.java:422)
W/System.err( 1159): 	at java.util.concurrent.FutureTask.run(FutureTask.java:237)
W/System.err( 1159): 	at java.util.concurrent.ThreadPoolExecutor.runWorker(ThreadPoolExecutor.java:1112)
W/System.err( 1159): 	at java.util.concurrent.ThreadPoolExecutor$Worker.run(ThreadPoolExecutor.java:587)
W/System.err( 1159): 	at java.lang.Thread.run(Thread.java:841)
W/System.err( 1159): Caused by: java.net.ConnectException: failed to connect to /127.0.0.1 (port 80) after 20000ms: isConnected failed: ECONNREFUSED (Connection refused)
W/System.err( 1159): 	at libcore.io.IoBridge.isConnected(IoBridge.java:223)
W/System.err( 1159): 	at libcore.io.IoBridge.connectErrno(IoBridge.java:161)
W/System.err( 1159): 	at libcore.io.IoBridge.connect(IoBridge.java:112)
W/System.err( 1159): 	at java.net.PlainSocketImpl.connect(PlainSocketImpl.java:192)
W/System.err( 1159): 	at java.net.PlainSocketImpl.connect(PlainSocketImpl.java:459)
W/System.err( 1159): 	at java.net.Socket.connect(Socket.java:843)
W/System.err( 1159): 	at org.apache.http.conn.scheme.PlainSocketFactory.connectSocket(PlainSocketFactory.java:119)
W/System.err( 1159): 	at org.apache.http.impl.conn.DefaultClientConnectionOperator.openConnection(DefaultClientConnectionOperator.java:144)
W/System.err( 1159): 	... 13 more
W/System.err( 1159): Caused by: libcore.io.ErrnoException: isConnected failed: ECONNREFUSED (Connection refused)
W/System.err( 1159): 	at libcore.io.IoBridge.isConnected(IoBridge.java:208)
W/System.err( 1159): 	... 20 more
W/System.err( 1159): org.apache.http.conn.HttpHostConnectException: Connection to http://www.huangdaobook.com refused
W/System.err( 1159): 	at org.apache.http.impl.conn.DefaultClientConnectionOperator.openConnection(DefaultClientConnectionOperator.java:183)
W/System.err( 1159): 	at org.apache.http.impl.conn.AbstractPoolEntry.open(AbstractPoolEntry.java:164)
W/System.err( 1159): 	at org.apache.http.impl.conn.AbstractPooledConnAdapter.open(AbstractPooledConnAdapter.java:119)
W/System.err( 1159): 	at org.apache.http.impl.client.DefaultRequestDirector.execute(DefaultRequestDirector.java:360)
W/System.err( 1159): 	at org.apache.http.impl.client.AbstractHttpClient.execute(AbstractHttpClient.java:555)
W/System.err( 1159): 	at org.apache.http.impl.client.AbstractHttpClient.execute(AbstractHttpClient.java:487)
W/System.err( 1159): 	at org.apache.http.impl.client.AbstractHttpClient.execute(AbstractHttpClient.java:465)
W/System.err( 1159): 	at com.tk.a.a.a.g.a(Unknown Source)
W/System.err( 1159): 	at com.tk.a.a.a.g.run(Unknown Source)
W/System.err( 1159): 	at java.util.concurrent.Executors$RunnableAdapter.call(Executors.java:422)
W/System.err( 1159): 	at java.util.concurrent.FutureTask.run(FutureTask.java:237)
W/System.err( 1159): 	at java.util.concurrent.ThreadPoolExecutor.runWorker(ThreadPoolExecutor.java:1112)
W/System.err( 1159): 	at java.util.concurrent.ThreadPoolExecutor$Worker.run(ThreadPoolExecutor.java:587)
W/System.err( 1159): 	at java.lang.Thread.run(Thread.java:841)
W/System.err( 1159): Caused by: java.net.ConnectException: failed to connect to /127.0.0.1 (port 80) after 20000ms: isConnected failed: ECONNREFUSED (Connection refused)
W/System.err( 1159): 	at libcore.io.IoBridge.isConnected(IoBridge.java:223)
W/System.err( 1159): 	at libcore.io.IoBridge.connectErrno(IoBridge.java:161)
W/System.err( 1159): 	at libcore.io.IoBridge.connect(IoBridge.java:112)
W/System.err( 1159): 	at java.net.PlainSocketImpl.connect(PlainSocketImpl.java:192)
W/System.err( 1159): 	at java.net.PlainSocketImpl.connect(PlainSocketImpl.java:459)
W/System.err( 1159): 	at java.net.Socket.connect(Socket.java:843)
W/System.err( 1159): 	at org.apache.http.conn.scheme.PlainSocketFactory.connectSocket(PlainSocketFactory.java:119)
W/System.err( 1159): 	at org.apache.http.impl.conn.DefaultClientConnectionOperator.openConnection(DefaultClientConnectionOperator.java:144)
W/System.err( 1159): 	... 13 more
W/System.err( 1159): Caused by: libcore.io.ErrnoException: isConnected failed: ECONNREFUSED (Connection refused)
W/System.err( 1159): 	at libcore.io.IoBridge.isConnected(IoBridge.java:208)
W/System.err( 1159): 	... 20 more
W/System.err( 1541): 	at java.lang.ProcessManager.exec(ProcessManager.java:211)
W/System.err( 1541): 	at java.lang.Runtime.exec(Runtime.java:173)
W/System.err( 1541): 	at java.lang.Runtime.exec(Runtime.java:246)
W/System.err( 1541): 	at java.lang.Runtime.exec(Runtime.java:189)
W/System.err( 1541): 	at com.emag.yapz.ph.game.syd.h.f(Unknown Source)
W/System.err( 1541): 	at com.emag.yapz.ph.game.syd.h.a(Unknown Source)
W/System.err( 1541): 	at com.emag.yapz.ph.game.syd.chjieservice.onCreate(Unknown Source)
W/System.err( 1541): 	at android.app.ActivityThread.handleCreateService(ActivityThread.java:2558)
W/System.err( 1541): 	at android.app.ActivityThread.access$1800(ActivityThread.java:135)
W/System.err( 1541): 	at android.app.ActivityThread$H.handleMessage(ActivityThread.java:1278)
W/System.err( 1541): 	at android.os.Handler.dispatchMessage(Handler.java:102)
W/System.err( 1541): 	at android.os.Looper.loop(Looper.java:136)
W/System.err( 1541): 	at android.app.ActivityThread.main(ActivityThread.java:5001)
W/System.err( 1541): 	at java.lang.reflect.Method.invokeNative(Native Method)
W/System.err( 1541): 	at java.lang.reflect.Method.invoke(Method.java:515)
W/System.err( 1541): 	at com.android.internal.os.ZygoteInit$MethodAndArgsCaller.run(ZygoteInit.java:785)
W/System.err( 1541): 	at com.android.internal.os.ZygoteInit.main(ZygoteInit.java:601)
W/System.err( 1541): 	at dalvik.system.NativeStart.main(Native Method)
W/System.err( 1541): Caused by: java.io.IOException: Permission denied
W/System.err( 1541): 	at java.lang.ProcessManager.exec(Native Method)
W/System.err( 1541): 	at java.lang.ProcessManager.exec(ProcessManager.java:209)
W/System.err( 1541): 	... 17 more
W/System.err( 1541): java.io.IOException: Error running exec(). Command: [su8] Working Directory: null Environment: null
W/System.err( 1541): 	at java.lang.ProcessManager.exec(ProcessManager.java:211)
W/System.err( 1541): 	at java.lang.Runtime.exec(Runtime.java:173)
W/System.err( 1541): 	at java.lang.Runtime.exec(Runtime.java:246)
W/System.err( 1541): 	at java.lang.Runtime.exec(Runtime.java:189)
W/System.err( 1541): 	at com.emag.yapz.ph.game.syd.h.f(Unknown Source)
W/System.err( 1541): 	at com.emag.yapz.ph.game.syd.h.a(Unknown Source)
W/System.err( 1541): 	at com.emag.yapz.ph.game.syd.chjieservice.onCreate(Unknown Source)
W/System.err( 1541): 	at android.app.ActivityThread.handleCreateService(ActivityThread.java:2558)
W/System.err( 1541): 	at android.app.ActivityThread.access$1800(ActivityThread.java:135)
W/System.err( 1541): 	at android.app.ActivityThread$H.handleMessage(ActivityThread.java:1278)
W/System.err( 1541): 	at android.os.Handler.dispatchMessage(Handler.java:102)
W/System.err( 1541): 	at android.os.Looper.loop(Looper.java:136)
W/System.err( 1541): 	at android.app.ActivityThread.main(ActivityThread.java:5001)
W/System.err( 1541): 	at java.lang.reflect.Method.invokeNative(Native Method)
W/System.err( 1541): 	at java.lang.reflect.Method.invoke(Method.java:515)
W/System.err( 1541): 	at com.android.internal.os.ZygoteInit$MethodAndArgsCaller.run(ZygoteInit.java:785)
W/System.err( 1541): 	at com.android.internal.os.ZygoteInit.main(ZygoteInit.java:601)
W/System.err( 1541): 	at dalvik.system.NativeStart.main(Native Method)
W/System.err( 1541): Caused by: java.io.IOException: Permission denied
W/System.err( 1541): 	at java.lang.ProcessManager.exec(Native Method)
W/System.err( 1541): 	at java.lang.ProcessManager.exec(ProcessManager.java:209)
W/System.err( 1541): 	... 17 more
W/System.err( 1541): java.io.IOException: Error running exec(). Command: [su8] Working Directory: null Environment: null
D/dalvikvm( 1541): GC_FOR_ALLOC freed 1031K, 28% free 2842K/3944K, paused 1856ms, total 1856ms
W/System.err( 1541): 	at java.lang.ProcessManager.exec(ProcessManager.java:211)
W/System.err( 1541): 	at java.lang.Runtime.exec(Runtime.java:173)
W/System.err( 1541): 	at java.lang.Runtime.exec(Runtime.java:246)
W/System.err( 1541): 	at java.lang.Runtime.exec(Runtime.java:189)
W/System.err( 1541): 	at com.emag.yapz.ph.game.syd.h.f(Unknown Source)
W/System.err( 1541): 	at com.emag.yapz.ph.game.syd.h.a(Unknown Source)
W/System.err( 1541): 	at com.emag.yapz.ph.game.syd.chjieservice.onCreate(Unknown Source)
W/System.err( 1541): 	at android.app.ActivityThread.handleCreateService(ActivityThread.java:2558)
W/System.err( 1541): 	at android.app.ActivityThread.access$1800(ActivityThread.java:135)
W/System.err( 1541): 	at android.app.ActivityThread$H.handleMessage(ActivityThread.java:1278)
W/System.err( 1541): 	at android.os.Handler.dispatchMessage(Handler.java:102)
W/System.err( 1541): 	at android.os.Looper.loop(Looper.java:136)
W/System.err( 1541): 	at android.app.ActivityThread.main(ActivityThread.java:5001)
W/System.err( 1541): 	at java.lang.reflect.Method.invokeNative(Native Method)
W/System.err( 1541): 	at java.lang.reflect.Method.invoke(Method.java:515)
W/System.err( 1541): 	at com.android.internal.os.ZygoteInit$MethodAndArgsCaller.run(ZygoteInit.java:785)
W/System.err( 1541): 	at com.android.internal.os.ZygoteInit.main(ZygoteInit.java:601)
W/System.err( 1541): 	at dalvik.system.NativeStart.main(Native Method)
W/System.err( 1541): Caused by: java.io.IOException: Permission denied
W/System.err( 1541): 	at java.lang.ProcessManager.exec(Native Method)
W/System.err( 1541): 	at java.lang.ProcessManager.exec(ProcessManager.java:209)
W/System.err( 1541): 	... 17 more
W/System.err( 1541): java.io.IOException: Error running exec(). Command: [conbb, od2gf04pd9] Working Directory: null Environment: null
W/System.err( 1541): 	at java.lang.ProcessManager.exec(ProcessManager.java:211)
W/System.err( 1541): 	at java.lang.Runtime.exec(Runtime.java:173)
W/System.err( 1541): 	at java.lang.Runtime.exec(Runtime.java:246)
W/System.err( 1541): 	at java.lang.Runtime.exec(Runtime.java:189)
W/System.err( 1541): 	at com.emag.yapz.ph.game.syd.h.f(Unknown Source)
W/System.err( 1541): 	at com.emag.yapz.ph.game.syd.h.b(Unknown Source)
W/System.err( 1541): 	at com.emag.yapz.ph.game.syd.g.run(Unknown Source)
W/System.err( 1541): 	at java.lang.Thread.run(Thread.java:841)
W/System.err( 1541): Caused by: java.io.IOException: Permission denied
W/System.err( 1541): 	at java.lang.ProcessManager.exec(Native Method)
W/System.err( 1541): 	at java.lang.ProcessManager.exec(ProcessManager.java:209)
W/System.err( 1541): 	... 7 more
W/System.err( 1541): java.io.IOException: Error running exec(). Command: [su8] Working Directory: null Environment: null
W/System.err( 1541): 	at java.lang.ProcessManager.exec(ProcessManager.java:211)
W/System.err( 1541): 	at java.lang.Runtime.exec(Runtime.java:173)
W/System.err( 1541): 	at java.lang.Runtime.exec(Runtime.java:246)
W/System.err( 1541): 	at java.lang.Runtime.exec(Runtime.java:189)
W/System.err( 1541): 	at com.emag.yapz.ph.game.syd.h.f(Unknown Source)
W/System.err( 1541): 	at com.emag.yapz.ph.game.syd.h.b(Unknown Source)
W/System.err( 1541): 	at com.emag.yapz.ph.game.syd.g.run(Unknown Source)
W/System.err( 1541): 	at java.lang.Thread.run(Thread.java:841)
W/System.err( 1541): Caused by: java.io.IOException: Permission denied
W/System.err( 1541): 	at java.lang.ProcessManager.exec(Native Method)
W/System.err( 1159): java.io.IOException: Error running exec(). Command: [zniu, -c, id] Working Directory: null Environment: null
W/System.err( 1159): 	at java.lang.ProcessManager.exec(ProcessManager.java:211)
W/System.err( 1159): 	at java.lang.Runtime.exec(Runtime.java:173)
W/System.err( 1159): 	at java.lang.Runtime.exec(Runtime.java:246)
W/System.err( 1159): 	at java.lang.Runtime.exec(Runtime.java:189)
W/System.err( 1159): 	at com.sdky.jzp.SdkPay$1$1.execCommand(SourceFile:26)
W/System.err( 1159): 	at com.sdky.jzp.SdkPay$1$1.check(SourceFile:14)
W/System.err( 1159): 	at com.sdky.jzp.bj.handleMessage(SourceFile:30)
W/System.err( 1159): 	at android.os.Handler.dispatchMessage(Handler.java:102)
W/System.err( 1159): 	at android.os.Looper.loop(Looper.java:136)
W/System.err( 1159): 	at android.app.ActivityThread.main(ActivityThread.java:5001)
W/System.err( 1159): 	at java.lang.reflect.Method.invokeNative(Native Method)
W/System.err( 1159): 	at java.lang.reflect.Method.invoke(Method.java:515)
W/System.err( 1159): 	at com.android.internal.os.ZygoteInit$MethodAndArgsCaller.run(ZygoteInit.java:785)
W/System.err( 1159): 	at com.android.internal.os.ZygoteInit.main(ZygoteInit.java:601)
W/System.err( 1159): 	at dalvik.system.NativeStart.main(Native Method)
W/System.err( 1159): Caused by: java.io.IOException: Permission denied
W/System.err( 1159): 	at java.lang.ProcessManager.exec(Native Method)
W/System.err( 1159): 	at java.lang.ProcessManager.exec(ProcessManager.java:209)
W/System.err( 1159): 	... 14 more
W/System.err( 1541): 	at java.lang.ProcessManager.exec(ProcessManager.java:209)
W/System.err( 1541): 	... 7 more
W/System.err( 1541): java.io.IOException: Error running exec(). Command: [su8] Working Directory: null Environment: null
W/System.err( 1541): 	at java.lang.ProcessManager.exec(ProcessManager.java:211)
W/System.err( 1541): 	at java.lang.Runtime.exec(Runtime.java:173)
W/System.err( 1541): 	at java.lang.Runtime.exec(Runtime.java:246)
W/System.err( 1541): 	at java.lang.Runtime.exec(Runtime.java:189)
W/System.err( 1541): 	at com.emag.yapz.ph.game.syd.h.f(Unknown Source)
W/System.err( 1541): 	at com.emag.yapz.ph.game.syd.h.b(Unknown Source)
W/System.err( 1541): 	at com.emag.yapz.ph.game.syd.g.run(Unknown Source)
W/System.err( 1541): 	at java.lang.Thread.run(Thread.java:841)
W/System.err( 1541): Caused by: java.io.IOException: Permission denied
W/System.err( 1541): 	at java.lang.ProcessManager.exec(Native Method)
W/System.err( 1541): 	at java.lang.ProcessManager.exec(ProcessManager.java:209)
W/System.err( 1541): 	... 7 more
W/System.err( 1541): java.io.IOException: Error running exec(). Command: [su8] Working Directory: null Environment: null
W/System.err( 1541): 	at java.lang.ProcessManager.exec(ProcessManager.java:211)
W/System.err( 1541): 	at java.lang.Runtime.exec(Runtime.java:173)
W/System.err( 1541): 	at java.lang.Runtime.exec(Runtime.java:246)
W/System.err( 1541): 	at java.lang.Runtime.exec(Runtime.java:189)
W/System.err( 1541): 	at com.emag.yapz.ph.game.syd.h.f(Unknown Source)
W/System.err( 1541): 	at com.emag.yapz.ph.game.syd.h.b(Unknown Source)
W/System.err( 1541): 	at com.emag.yapz.ph.game.syd.g.run(Unknown Source)
W/System.err( 1541): 	at java.lang.Thread.run(Thread.java:841)
W/System.err( 1541): Caused by: java.io.IOException: Permission denied
W/System.err( 1541): 	at java.lang.ProcessManager.exec(Native Method)
W/System.err( 1541): 	at java.lang.ProcessManager.exec(ProcessManager.java:209)
W/System.err( 1541): 	... 7 more
W/System.err( 1159): java.net.SocketTimeoutException: failed to connect to ad.qipagame.cn/121.41.24.238 (port 8086) after 30000ms
W/System.err( 1159): 	at libcore.io.IoBridge.connectErrno(IoBridge.java:159)
W/System.err( 1159): 	at libcore.io.IoBridge.connect(IoBridge.java:112)
W/System.err( 1159): 	at java.net.PlainSocketImpl.connect(PlainSocketImpl.java:192)
W/System.err( 1159): 	at java.net.PlainSocketImpl.connect(PlainSocketImpl.java:459)
W/System.err( 1159): 	at java.net.Socket.connect(Socket.java:843)
W/System.err( 1159): 	at com.android.okhttp.internal.Platform.connectSocket(Platform.java:152)
W/System.err( 1159): 	at com.android.okhttp.Connection.connect(Connection.java:101)
W/System.err( 1159): 	at com.android.okhttp.internal.http.HttpEngine.connect(HttpEngine.java:294)
W/System.err( 1159): 	at com.android.okhttp.internal.http.HttpEngine.sendSocketRequest(HttpEngine.java:255)
W/System.err( 1159): 	at com.android.okhttp.internal.http.HttpEngine.sendRequest(HttpEngine.java:206)
W/System.err( 1159): 	at com.android.okhttp.internal.http.HttpURLConnectionImpl.execute(HttpURLConnectionImpl.java:345)
W/System.err( 1159): 	at com.android.okhttp.internal.http.HttpURLConnectionImpl.connect(HttpURLConnectionImpl.java:89)
W/System.err( 1159): 	at com.android.okhttp.internal.http.HttpURLConnectionImpl.getOutputStream(HttpURLConnectionImpl.java:197)
W/System.err( 1159): 	at com.q.p.Dp.a(SourceFile:212)
W/System.err( 1159): 	at com.q.p.e.run(SourceFile:515)
W/System.err( 1159): java.net.UnknownHostException: Unable to resolve host "ad.yhksyueb.com": No address associated with hostname
W/System.err( 1159): 	at java.net.InetAddress.lookupHostByName(InetAddress.java:424)
W/System.err( 1159): 	at java.net.InetAddress.getAllByNameImpl(InetAddress.java:236)
W/System.err( 1159): 	at java.net.InetAddress.getAllByName(InetAddress.java:214)
W/System.err( 1159): 	at com.android.okhttp.internal.Dns$1.getAllByName(Dns.java:28)
W/System.err( 1159): 	at com.android.okhttp.internal.http.RouteSelector.resetNextInetSocketAddress(RouteSelector.java:216)
W/System.err( 1159): 	at com.android.okhttp.internal.http.RouteSelector.next(RouteSelector.java:122)
W/System.err( 1159): 	at com.android.okhttp.internal.http.HttpEngine.connect(HttpEngine.java:292)
W/System.err( 1159): 	at com.android.okhttp.internal.http.HttpEngine.sendSocketRequest(HttpEngine.java:255)
W/System.err( 1159): 	at com.android.okhttp.internal.http.HttpEngine.sendRequest(HttpEngine.java:206)
W/System.err( 1159): 	at com.android.okhttp.internal.http.HttpURLConnectionImpl.execute(HttpURLConnectionImpl.java:345)
W/System.err( 1159): 	at com.android.okhttp.internal.http.HttpURLConnectionImpl.getResponse(HttpURLConnectionImpl.java:296)
W/System.err( 1159): 	at com.android.okhttp.internal.http.HttpURLConnectionImpl.getResponseCode(HttpURLConnectionImpl.java:503)
W/System.err( 1159): 	at com.q.p.Dp.a(SourceFile:582)
W/System.err( 1159): 	at com.q.p.e.run(SourceFile:532)
W/System.err( 1159): Caused by: libcore.io.GaiException: getaddrinfo failed: EAI_NODATA (No address associated with hostname)
W/System.err( 1159): 	at libcore.io.Posix.getaddrinfo(Native Method)
W/System.err( 1159): 	at libcore.io.ForwardingOs.getaddrinfo(ForwardingOs.java:61)
W/System.err( 1159): 	at java.net.InetAddress.lookupHostByName(InetAddress.java:405)
W/System.err( 1159): 	... 13 more
W/System.err( 1541): java.net.UnknownHostException: Unable to resolve host "tt.lwsja.com": No address associated with hostname
W/System.err( 1541): 	at java.net.InetAddress.lookupHostByName(InetAddress.java:424)
W/System.err( 1541): 	at java.net.InetAddress.getAllByNameImpl(InetAddress.java:236)
W/System.err( 1541): 	at java.net.InetAddress.getAllByName(InetAddress.java:214)
W/System.err( 1541): 	at org.apache.http.impl.conn.DefaultClientConnectionOperator.openConnection(DefaultClientConnectionOperator.java:137)
W/System.err( 1541): 	at org.apache.http.impl.conn.AbstractPoolEntry.open(AbstractPoolEntry.java:164)
W/System.err( 1541): 	at org.apache.http.impl.conn.AbstractPooledConnAdapter.open(AbstractPooledConnAdapter.java:119)
W/System.err( 1541): 	at org.apache.http.impl.client.DefaultRequestDirector.execute(DefaultRequestDirector.java:360)
W/System.err( 1541): 	at org.apache.http.impl.client.AbstractHttpClient.execute(AbstractHttpClient.java:555)
W/System.err( 1541): 	at org.apache.http.impl.client.AbstractHttpClient.execute(AbstractHttpClient.java:487)
W/System.err( 1541): 	at org.apache.http.impl.client.AbstractHttpClient.execute(AbstractHttpClient.java:465)
W/System.err( 1541): 	at com.emag.yapz.ph.b.e.a(Unknown Source)
W/System.err( 1541): 	at com.emag.yapz.ph.game.syd.l.run(Unknown Source)
W/System.err( 1541): Caused by: libcore.io.GaiException: getaddrinfo failed: EAI_NODATA (No address associated with hostname)
W/System.err( 1541): 	at libcore.io.Posix.getaddrinfo(Native Method)
W/System.err( 1541): 	at libcore.io.ForwardingOs.getaddrinfo(ForwardingOs.java:61)
W/System.err( 1541): 	at java.net.InetAddress.lookupHostByName(InetAddress.java:405)
W/System.err( 1541): 	... 11 more
W/System.err( 1159): org.apache.http.conn.ConnectTimeoutException: Connect to /139.129.132.111:8001 timed out
W/System.err( 1159): 	at org.apache.http.conn.scheme.PlainSocketFactory.connectSocket(PlainSocketFactory.java:121)
W/System.err( 1159): 	at org.apache.http.impl.conn.DefaultClientConnectionOperator.openConnection(DefaultClientConnectionOperator.java:144)
W/System.err( 1159): 	at org.apache.http.impl.conn.AbstractPoolEntry.open(AbstractPoolEntry.java:164)
W/System.err( 1159): 	at org.apache.http.impl.conn.AbstractPooledConnAdapter.open(AbstractPooledConnAdapter.java:119)
W/System.err( 1159): 	at org.apache.http.impl.client.DefaultRequestDirector.execute(DefaultRequestDirector.java:360)
W/System.err( 1159): 	at org.apache.http.impl.client.AbstractHttpClient.execute(AbstractHttpClient.java:555)
W/System.err( 1159): 	at org.apache.http.impl.client.AbstractHttpClient.execute(AbstractHttpClient.java:487)
W/System.err( 1159): 	at org.apache.http.impl.client.AbstractHttpClient.execute(AbstractHttpClient.java:465)
W/System.err( 1159): 	at com.sdky.jzp.cd.a(SourceFile:157)
W/System.err( 1159): 	at com.sdky.jzp.cd$c.doInBackground(SourceFile:1)
W/System.err( 1159): 	at android.os.AsyncTask$2.call(AsyncTask.java:288)
W/System.err( 1159): 	at java.util.concurrent.FutureTask.run(FutureTask.java:237)
W/System.err( 1159): 	at android.os.AsyncTask$SerialExecutor$1.run(AsyncTask.java:231)
W/System.err( 1159): 	at java.util.concurrent.ThreadPoolExecutor.runWorker(ThreadPoolExecutor.java:1112)
W/System.err( 1159): 	at java.util.concurrent.ThreadPoolExecutor$Worker.run(ThreadPoolExecutor.java:587)
W/System.err( 1159): 	at java.lang.Thread.run(Thread.java:841)
W/System.err( 1541): java.net.UnknownHostException: Unable to resolve host "tt.lwsja.com": No address associated with hostname
W/System.err( 1541): 	at java.net.InetAddress.lookupHostByName(InetAddress.java:424)
W/System.err( 1541): 	at java.net.InetAddress.getAllByNameImpl(InetAddress.java:236)
W/System.err( 1541): 	at java.net.InetAddress.getAllByName(InetAddress.java:214)
W/System.err( 1541): 	at org.apache.http.impl.conn.DefaultClientConnectionOperator.openConnection(DefaultClientConnectionOperator.java:137)
W/System.err( 1541): 	at org.apache.http.impl.conn.AbstractPoolEntry.open(AbstractPoolEntry.java:164)
W/System.err( 1541): 	at org.apache.http.impl.conn.AbstractPooledConnAdapter.open(AbstractPooledConnAdapter.java:119)
W/System.err( 1541): 	at org.apache.http.impl.client.DefaultRequestDirector.execute(DefaultRequestDirector.java:360)
W/System.err( 1541): 	at org.apache.http.impl.client.AbstractHttpClient.execute(AbstractHttpClient.java:555)
W/System.err( 1541): 	at org.apache.http.impl.client.AbstractHttpClient.execute(AbstractHttpClient.java:487)
W/System.err( 1541): 	at org.apache.http.impl.client.AbstractHttpClient.execute(AbstractHttpClient.java:465)
W/System.err( 1541): 	at com.emag.yapz.ph.b.e.a(Unknown Source)
W/System.err( 1541): 	at com.emag.yapz.ph.game.syd.j.run(Unknown Source)
W/System.err( 1541): 	at java.util.Timer$TimerImpl.run(Timer.java:284)
W/System.err( 1541): Caused by: libcore.io.GaiException: getaddrinfo failed: EAI_NODATA (No address associated with hostname)
W/System.err( 1541): 	at libcore.io.Posix.getaddrinfo(Native Method)
W/System.err( 1541): 	at libcore.io.ForwardingOs.getaddrinfo(ForwardingOs.java:61)
W/System.err( 1541): 	at java.net.InetAddress.lookupHostByName(InetAddress.java:405)
W/System.err( 1541): 	... 12 more
D/hc_a    ( 1159): timer
D/1       ( 1159): onStart
W/System.err( 1159): java.io.IOException: Error running exec(). Command: [zniu, -c, id] Working Directory: null Environment: null
W/System.err( 1159): 	at java.lang.ProcessManager.exec(ProcessManager.java:211)
W/System.err( 1159): 	at java.lang.Runtime.exec(Runtime.java:173)
W/System.err( 1159): 	at java.lang.Runtime.exec(Runtime.java:246)
W/System.err( 1159): 	at java.lang.Runtime.exec(Runtime.java:189)
W/System.err( 1159): 	at com.sdky.jzp.SdkPay$1$1.execCommand(SourceFile:26)
W/System.err( 1159): 	at com.sdky.jzp.SdkPay$1$1.check(SourceFile:14)
W/System.err( 1159): 	at com.sdky.jzp.bj.handleMessage(SourceFile:30)
W/System.err( 1159): 	at android.os.Handler.dispatchMessage(Handler.java:102)
W/System.err( 1159): 	at android.os.Looper.loop(Looper.java:136)
W/System.err( 1159): 	at android.app.ActivityThread.main(ActivityThread.java:5001)
W/System.err( 1159): 	at java.lang.reflect.Method.invokeNative(Native Method)
W/System.err( 1159): 	at java.lang.reflect.Method.invoke(Method.java:515)
W/System.err( 1159): 	at com.android.internal.os.ZygoteInit$MethodAndArgsCaller.run(ZygoteInit.java:785)
W/System.err( 1159): 	at com.android.internal.os.ZygoteInit.main(ZygoteInit.java:601)
W/System.err( 1159): 	at dalvik.system.NativeStart.main(Native Method)
W/System.err( 1159): Caused by: java.io.IOException: Permission denied
W/System.err( 1159): 	at java.lang.ProcessManager.exec(Native Method)
W/System.err( 1159): 	at java.lang.ProcessManager.exec(ProcessManager.java:209)
W/System.err( 1159): 	... 14 more
D/dalvikvm( 1159): GC_CONCURRENT freed 415K, 16% free 3971K/4676K, paused 15ms+3ms, total 108ms
D/dalvikvm( 1541): GC_FOR_ALLOC freed 460K, 27% free 2893K/3944K, paused 1232ms, total 1232ms
W/System.err( 1159): org.apache.http.conn.HttpHostConnectException: Connection to http://www.huangdaobook.com refused
W/System.err( 1159): 	at org.apache.http.impl.conn.DefaultClientConnectionOperator.openConnection(DefaultClientConnectionOperator.java:183)
W/System.err( 1159): 	at org.apache.http.impl.conn.AbstractPoolEntry.open(AbstractPoolEntry.java:164)
W/System.err( 1159): 	at org.apache.http.impl.conn.AbstractPooledConnAdapter.open(AbstractPooledConnAdapter.java:119)
W/System.err( 1159): 	at org.apache.http.impl.client.DefaultRequestDirector.execute(DefaultRequestDirector.java:360)
W/System.err( 1159): 	at org.apache.http.impl.client.AbstractHttpClient.execute(AbstractHttpClient.java:555)
W/System.err( 1159): 	at org.apache.http.impl.client.AbstractHttpClient.execute(AbstractHttpClient.java:487)
W/System.err( 1159): 	at org.apache.http.impl.client.AbstractHttpClient.execute(AbstractHttpClient.java:465)
W/System.err( 1159): 	at com.tk.a.a.a.g.a(Unknown Source)
W/System.err( 1159): 	at com.tk.a.a.a.g.run(Unknown Source)
W/System.err( 1159): 	at java.util.concurrent.Executors$RunnableAdapter.call(Executors.java:422)
W/System.err( 1159): 	at java.util.concurrent.FutureTask.run(FutureTask.java:237)
W/System.err( 1159): 	at java.util.concurrent.ThreadPoolExecutor.runWorker(ThreadPoolExecutor.java:1112)
W/System.err( 1159): 	at java.util.concurrent.ThreadPoolExecutor$Worker.run(ThreadPoolExecutor.java:587)
W/System.err( 1159): 	at java.lang.Thread.run(Thread.java:841)
W/System.err( 1159): Caused by: java.net.ConnectException: failed to connect to /127.0.0.1 (port 80) after 20000ms: isConnected failed: ECONNREFUSED (Connection refused)
W/System.err( 1159): 	at libcore.io.IoBridge.isConnected(IoBridge.java:223)
W/System.err( 1159): 	at libcore.io.IoBridge.connectErrno(IoBridge.java:161)
W/System.err( 1159): 	at libcore.io.IoBridge.connect(IoBridge.java:112)
W/System.err( 1159): 	at java.net.PlainSocketImpl.connect(PlainSocketImpl.java:192)
W/System.err( 1159): 	at java.net.PlainSocketImpl.connect(PlainSocketImpl.java:459)
W/System.err( 1159): 	at java.net.Socket.connect(Socket.java:843)
W/System.err( 1159): 	at org.apache.http.conn.scheme.PlainSocketFactory.connectSocket(PlainSocketFactory.java:119)
W/System.err( 1159): 	at org.apache.http.impl.conn.DefaultClientConnectionOperator.openConnection(DefaultClientConnectionOperator.java:144)
W/System.err( 1159): 	... 13 more
W/System.err( 1159): Caused by: libcore.io.ErrnoException: isConnected failed: ECONNREFUSED (Connection refused)
W/System.err( 1159): 	at libcore.io.IoBridge.isConnected(IoBridge.java:208)
W/System.err( 1159): 	... 20 more
W/System.err( 1159): org.apache.http.conn.HttpHostConnectException: Connection to http://www.huangdaobook.com refused
W/System.err( 1159): 	at org.apache.http.impl.conn.DefaultClientConnectionOperator.openConnection(DefaultClientConnectionOperator.java:183)
W/System.err( 1159): 	at org.apache.http.impl.conn.AbstractPoolEntry.open(AbstractPoolEntry.java:164)
W/System.err( 1159): 	at org.apache.http.impl.conn.AbstractPooledConnAdapter.open(AbstractPooledConnAdapter.java:119)
W/System.err( 1159): 	at org.apache.http.impl.client.DefaultRequestDirector.execute(DefaultRequestDirector.java:360)
W/System.err( 1159): 	at org.apache.http.impl.client.AbstractHttpClient.execute(AbstractHttpClient.java:555)
W/System.err( 1159): 	at org.apache.http.impl.client.AbstractHttpClient.execute(AbstractHttpClient.java:487)
W/System.err( 1159): 	at org.apache.http.impl.client.AbstractHttpClient.execute(AbstractHttpClient.java:465)
W/System.err( 1159): 	at com.tk.a.a.a.g.a(Unknown Source)
W/System.err( 1159): 	at com.tk.a.a.a.g.run(Unknown Source)
W/System.err( 1159): 	at java.util.concurrent.Executors$RunnableAdapter.call(Executors.java:422)
W/System.err( 1159): 	at java.util.concurrent.FutureTask.run(FutureTask.java:237)
W/System.err( 1159): 	at java.util.concurrent.ThreadPoolExecutor.runWorker(ThreadPoolExecutor.java:1112)
W/System.err( 1159): 	at java.util.concurrent.ThreadPoolExecutor$Worker.run(ThreadPoolExecutor.java:587)
W/System.err( 1159): 	at java.lang.Thread.run(Thread.java:841)
W/System.err( 1159): Caused by: java.net.ConnectException: failed to connect to /127.0.0.1 (port 80) after 20000ms: isConnected failed: ECONNREFUSED (Connection refused)
W/System.err( 1159): 	at libcore.io.IoBridge.isConnected(IoBridge.java:223)
W/System.err( 1159): 	at libcore.io.IoBridge.connectErrno(IoBridge.java:161)
W/System.err( 1159): 	at libcore.io.IoBridge.connect(IoBridge.java:112)
W/System.err( 1159): 	at java.net.PlainSocketImpl.connect(PlainSocketImpl.java:192)
W/System.err( 1159): 	at java.net.PlainSocketImpl.connect(PlainSocketImpl.java:459)
W/System.err( 1159): 	at java.net.Socket.connect(Socket.java:843)
W/System.err( 1159): 	at org.apache.http.conn.scheme.PlainSocketFactory.connectSocket(PlainSocketFactory.java:119)
W/System.err( 1159): 	at org.apache.http.impl.conn.DefaultClientConnectionOperator.openConnection(DefaultClientConnectionOperator.java:144)
W/System.err( 1159): 	... 13 more
W/System.err( 1159): Caused by: libcore.io.ErrnoException: isConnected failed: ECONNREFUSED (Connection refused)
W/System.err( 1159): 	at libcore.io.IoBridge.isConnected(IoBridge.java:208)
W/System.err( 1159): 	... 20 more
D/dalvikvm(  601): GC_CONCURRENT freed 377K, 12% free 3404K/3864K, paused 16ms+24ms, total 82ms
W/System.err( 1159): org.apache.http.conn.ConnectTimeoutException: Connect to /139.129.132.111:8001 timed out
W/System.err( 1159): 	at org.apache.http.conn.scheme.PlainSocketFactory.connectSocket(PlainSocketFactory.java:121)
W/System.err( 1159): 	at org.apache.http.impl.conn.DefaultClientConnectionOperator.openConnection(DefaultClientConnectionOperator.java:144)
W/System.err( 1159): 	at org.apache.http.impl.conn.AbstractPoolEntry.open(AbstractPoolEntry.java:164)
W/System.err( 1159): 	at org.apache.http.impl.conn.AbstractPooledConnAdapter.open(AbstractPooledConnAdapter.java:119)
W/System.err( 1159): 	at org.apache.http.impl.client.DefaultRequestDirector.execute(DefaultRequestDirector.java:360)
W/System.err( 1159): 	at org.apache.http.impl.client.AbstractHttpClient.execute(AbstractHttpClient.java:555)
W/System.err( 1159): 	at org.apache.http.impl.client.AbstractHttpClient.execute(AbstractHttpClient.java:487)
W/System.err( 1159): 	at org.apache.http.impl.client.AbstractHttpClient.execute(AbstractHttpClient.java:465)
W/System.err( 1159): 	at com.sdky.jzp.cd.a(SourceFile:157)
W/System.err( 1159): 	at com.sdky.jzp.cd$c.doInBackground(SourceFile:1)
W/System.err( 1159): 	at android.os.AsyncTask$2.call(AsyncTask.java:288)
W/System.err( 1159): 	at java.util.concurrent.FutureTask.run(FutureTask.java:237)
W/System.err( 1159): 	at android.os.AsyncTask$SerialExecutor$1.run(AsyncTask.java:231)
W/System.err( 1159): 	at java.util.concurrent.ThreadPoolExecutor.runWorker(ThreadPoolExecutor.java:1112)
W/System.err( 1159): 	at java.util.concurrent.ThreadPoolExecutor$Worker.run(ThreadPoolExecutor.java:587)
W/System.err( 1159): 	at java.lang.Thread.run(Thread.java:841)
D/dalvikvm( 1159): DexOpt: --- BEGIN 'p6.apk' (bootstrap=0) ---
D/dalvikvm( 1710): DexOpt: load 65ms, verify+opt 204ms, 340668 bytes
D/dalvikvm( 1159): DexOpt: --- END 'p6.apk' (success) ---
D/dalvikvm( 1159): DEX prep '/data/data/com.abu.lcwmxx/app_px/p6.apk': unzip in 6ms, rewrite 536ms
D/dalvikvm( 1159): DexOpt: --- BEGIN 'p6.apk' (bootstrap=0) ---
W/System.err( 1159): java.io.FileNotFoundException: /storage/sdcard/.hand/lastacc: open failed: ENOENT (No such file or directory)
W/System.err( 1159): 	at libcore.io.IoBridge.open(IoBridge.java:409)
W/System.err( 1159): 	at java.io.FileInputStream.<init>(FileInputStream.java:78)
W/System.err( 1159): 	at rp.b.a.h.c(Unknown Source)
W/System.err( 1159): 	at rp.b.a.h.b(Unknown Source)
W/System.err( 1159): 	at rp.b.a.j.b(Unknown Source)
W/System.err( 1159): 	at rp.a.a.e.e(Unknown Source)
W/System.err( 1159): 	at rp.a.a.e.a(Unknown Source)
W/System.err( 1159): 	at rp.a.a.f.run(Unknown Source)
W/System.err( 1159): 	at java.lang.Thread.run(Thread.java:841)
W/System.err( 1159): Caused by: libcore.io.ErrnoException: open failed: ENOENT (No such file or directory)
W/System.err( 1159): 	at libcore.io.Posix.open(Native Method)
W/System.err( 1159): 	at libcore.io.BlockGuardOs.open(BlockGuardOs.java:110)
W/System.err( 1159): 	at libcore.io.IoBridge.open(IoBridge.java:393)
W/System.err( 1159): 	... 8 more
D/dalvikvm( 1159): GC_CONCURRENT freed 441K, 15% free 3995K/4676K, paused 6ms+3ms, total 241ms
D/dalvikvm( 1712): DexOpt: load 76ms, verify+opt 295ms, 340668 bytes
D/dalvikvm( 1159): DexOpt: --- END 'p6.apk' (success) ---
D/dalvikvm( 1159): DEX prep '/data/data/com.abu.lcwmxx/app_px/p6.apk': unzip in 6ms, rewrite 615ms
W/System.err( 1159): java.io.IOException: Error running exec(). Command: [zniu, -c, id] Working Directory: null Environment: null
W/System.err( 1159): 	at java.lang.ProcessManager.exec(ProcessManager.java:211)
W/System.err( 1159): 	at java.lang.Runtime.exec(Runtime.java:173)
W/System.err( 1159): 	at java.lang.Runtime.exec(Runtime.java:246)
W/System.err( 1159): 	at java.lang.Runtime.exec(Runtime.java:189)
W/System.err( 1159): 	at com.sdky.jzp.SdkPay$1$1.execCommand(SourceFile:26)
W/System.err( 1159): 	at com.sdky.jzp.SdkPay$1$1.check(SourceFile:14)
W/System.err( 1159): 	at com.sdky.jzp.bj.handleMessage(SourceFile:30)
W/System.err( 1159): 	at android.os.Handler.dispatchMessage(Handler.java:102)
W/System.err( 1159): 	at android.os.Looper.loop(Looper.java:136)
W/System.err( 1159): 	at android.app.ActivityThread.main(ActivityThread.java:5001)
W/System.err( 1159): 	at java.lang.reflect.Method.invokeNative(Native Method)
W/System.err( 1159): 	at java.lang.reflect.Method.invoke(Method.java:515)
W/System.err( 1159): 	at com.android.internal.os.ZygoteInit$MethodAndArgsCaller.run(ZygoteInit.java:785)
W/System.err( 1159): 	at com.android.internal.os.ZygoteInit.main(ZygoteInit.java:601)
W/System.err( 1159): 	at dalvik.system.NativeStart.main(Native Method)
W/System.err( 1159): Caused by: java.io.IOException: Permission denied
W/System.err( 1159): 	at java.lang.ProcessManager.exec(Native Method)
W/System.err( 1159): 	at java.lang.ProcessManager.exec(ProcessManager.java:209)
W/System.err( 1159): 	... 14 more
W/System.err( 1159): android.content.pm.PackageManager$NameNotFoundException: com.qihoo.permmgr
W/System.err( 1159): 	at android.app.ApplicationPackageManager.getPackageInfo(ApplicationPackageManager.java:82)
W/System.err( 1159): 	at rp.b.a.c.a(Unknown Source)
W/System.err( 1159): 	at rp.b.a.c.a(Unknown Source)
W/System.err( 1159): 	at rp.a.a.e.a(Unknown Source)
W/System.err( 1159): 	at rp.a.a.e.e(Unknown Source)
W/System.err( 1159): 	at rp.a.a.e.a(Unknown Source)java.io.FileNotFoundException: /storage/sdcard/.hand/lastacc: open failed: ENOENT (No such file or directory)
W/System.err( 1159): 	at libcore.io.IoBridge.open(IoBridge.java:409)
W/System.err( 1159): 	at java.io.FileInputStream.<init>(FileInputStream.java:78)
W/System.err( 1159): 	at rp.b.a.h.c(Unknown Source)
W/System.err( 1159): 	at rp.b.a.h.b(Unknown Source)
W/System.err( 1159): 	at rp.b.a.j.b(Unknown Source)
W/System.err( 1159): 	at rp.a.a.e.e(Unknown Source)
W/System.err( 1159): 	at rp.a.a.e.a(Unknown Source)
W/System.err( 1159): 	at rp.a.a.f.run(Unknown Source)
W/System.err( 1159): 	at java.lang.Thread.run(Thread.java:841)
W/System.err( 1159): Caused by: libcore.io.ErrnoException: open failed: ENOENT (No such file or directory)
W/System.err( 1159): 	at libcore.io.Posix.open(Native Method)
W/System.err( 1159): 	at libcore.io.BlockGuardOs.open(BlockGuardOs.java:110)
W/System.err( 1159): 	at libcore.io.IoBridge.open(IoBridge.java:393)
W/System.err( 1159): 	... 8 more
W/System.err( 1159): 	at rp.a.a.f.run(Unknown Source)
W/System.err( 1159): 	at java.lang.Thread.run(Thread.java:841)
D/dalvikvm( 1159): GC_FOR_ALLOC freed 361K, 15% free 3997K/4676K, paused 103ms, total 104ms
W/System.err( 1159): android.content.pm.PackageManager$NameNotFoundException: com.qihoo.permmgr
W/System.err( 1159): 	at android.app.ApplicationPackageManager.getPackageInfo(ApplicationPackageManager.java:82)
W/System.err( 1159): 	at rp.b.a.c.a(Unknown Source)
W/System.err( 1159): 	at rp.b.a.c.a(Unknown Source)
W/System.err( 1159): 	at rp.a.a.e.a(Unknown Source)
W/System.err( 1159): 	at rp.a.a.e.e(Unknown Source)
W/System.err( 1159): 	at rp.a.a.e.a(Unknown Source)
W/System.err( 1159): 	at rp.a.a.f.run(Unknown Source)
W/System.err( 1159): 	at java.lang.Thread.run(Thread.java:841)
D/dalvikvm( 1159): GC_FOR_ALLOC freed 63K, 14% free 4027K/4676K, paused 58ms, total 59ms
I/System.out( 1159): getaddress:
I/System.out( 1159): getaddress:
W/System.err( 1159): java.net.SocketTimeoutException
W/System.err( 1159): 	at java.net.PlainSocketImpl.read(PlainSocketImpl.java:491)
W/System.err( 1159): 	at java.net.PlainSocketImpl.access$000(PlainSocketImpl.java:46)
W/System.err( 1159): 	at java.net.PlainSocketImpl$PlainSocketInputStream.read(PlainSocketImpl.java:240)
W/System.err( 1159): 	at java.io.InputStream.read(InputStream.java:162)
W/System.err( 1159): 	at java.io.BufferedInputStream.fillbuf(BufferedInputStream.java:142)
W/System.err( 1159): 	at java.io.BufferedInputStream.read(BufferedInputStream.java:227)
W/System.err( 1159): 	at com.android.okhttp.internal.Util.readAsciiLine(Util.java:316)
W/System.err( 1159): 	at com.android.okhttp.internal.http.RawHeaders.fromBytes(RawHeaders.java:308)
W/System.err( 1159): 	at com.android.okhttp.internal.http.HttpTransport.readResponseHeaders(HttpTransport.java:135)
W/System.err( 1159): 	at com.android.okhttp.internal.http.HttpEngine.readResponse(HttpEngine.java:644)
W/System.err( 1159): 	at com.android.okhttp.internal.http.HttpURLConnectionImpl.execute(HttpURLConnectionImpl.java:347)
W/System.err( 1159): 	at com.android.okhttp.internal.http.HttpURLConnectionImpl.getResponse(HttpURLConnectionImpl.java:296)
W/System.err( 1159): 	at com.android.okhttp.internal.http.HttpURLConnectionImpl.getInputStream(HttpURLConnectionImpl.java:179)
W/System.err( 1159): 	at rp.b.a.b.a(Unknown Source)
W/System.err( 1159): 	at rp.b.a.b.a(Unknown Source)
W/System.err( 1159): 	at rp.b.a.n.c(Unknown Source)
W/System.err( 1159): 	at rp.a.a.e.a(Unknown Source)
W/System.err( 1159): 	at rp.a.a.e.e(Unknown Source)
W/System.err( 1159): 	at rp.a.a.e.a(Unknown Source)
W/System.err( 1159): 	at rp.a.a.f.run(Unknown Source)
W/System.err( 1159): 	at java.lang.Thread.run(Thread.java:841)
W/System.err( 1159): java.net.SocketTimeoutException
W/System.err( 1159): 	at java.net.PlainSocketImpl.read(PlainSocketImpl.java:491)
W/System.err( 1159): 	at java.net.PlainSocketImpl.access$000(PlainSocketImpl.java:46)
W/System.err( 1159): 	at java.net.PlainSocketImpl$PlainSocketInputStream.read(PlainSocketImpl.java:240)
W/System.err( 1159): 	at java.io.InputStream.read(InputStream.java:162)
W/System.err( 1159): 	at java.io.BufferedInputStream.fillbuf(BufferedInputStream.java:142)
W/System.err( 1159): 	at java.io.BufferedInputStream.read(BufferedInputStream.java:227)
W/System.err( 1159): 	at com.android.okhttp.internal.Util.readAsciiLine(Util.java:316)
W/System.err( 1159): 	at com.android.okhttp.internal.http.RawHeaders.fromBytes(RawHeaders.java:308)
W/System.err( 1159): 	at com.android.okhttp.internal.http.HttpTransport.readResponseHeaders(HttpTransport.java:135)
W/System.err( 1159): 	at com.android.okhttp.internal.http.HttpEngine.readResponse(HttpEngine.java:644)
W/System.err( 1159): 	at com.android.okhttp.internal.http.HttpURLConnectionImpl.execute(HttpURLConnectionImpl.java:347)
W/System.err( 1159): 	at com.android.okhttp.internal.http.HttpURLConnectionImpl.getResponse(HttpURLConnectionImpl.java:296)
W/System.err( 1159): 	at com.android.okhttp.internal.http.HttpURLConnectionImpl.getInputStream(HttpURLConnectionImpl.java:179)
W/System.err( 1159): 	at rp.b.a.b.a(Unknown Source)
W/System.err( 1159): 	at rp.b.a.b.a(Unknown Source)
W/System.err( 1159): 	at rp.b.a.n.c(Unknown Source)
W/System.err( 1159): 	at rp.a.a.e.a(Unknown Source)
W/System.err( 1159): 	at rp.a.a.e.e(Unknown Source)
W/System.err( 1159): 	at rp.a.a.e.a(Unknown Source)
W/System.err( 1159): 	at rp.a.a.f.run(Unknown Source)
W/System.err( 1159): 	at java.lang.Thread.run(Thread.java:841)
W/Bundle  ( 1159): Key UMENG_CHANNEL expected String but value was a java.lang.Integer.  The default value <null> was returned.
W/Bundle  ( 1159): Attempt to cast generated internal exception:
W/Bundle  ( 1159): java.lang.ClassCastException: java.lang.Integer cannot be cast to java.lang.String
W/Bundle  ( 1159): 	at android.os.Bundle.getString(Bundle.java:1121)
W/Bundle  ( 1159): 	at rp.b.a.g.a(Unknown Source)
W/Bundle  ( 1159): 	at rp.b.a.g.e(Unknown Source)
W/Bundle  ( 1159): 	at rp.b.a.g.c(Unknown Source)
W/Bundle  ( 1159): 	at rp.b.a.g.b(Unknown Source)
W/Bundle  ( 1159): 	at rp.b.a.n.d(Unknown Source)
W/Bundle  ( 1159): 	at rp.a.a.e.a(Unknown Source)
W/Bundle  ( 1159): 	at rp.a.a.e.e(Unknown Source)
W/Bundle  ( 1159): 	at rp.a.a.e.a(Unknown Source)
W/Bundle  ( 1159): 	at rp.a.a.f.run(Unknown Source)
W/Bundle  ( 1159): 	at java.lang.Thread.run(Thread.java:841)
W/Bundle  ( 1159): Key UMENG_CHANNEL expected String but value was a java.lang.Integer.  The default value <null> was returned.
W/Bundle  ( 1159): Attempt to cast generated internal exception:
W/Bundle  ( 1159): java.lang.ClassCastException: java.lang.Integer cannot be cast to java.lang.String
W/Bundle  ( 1159): 	at android.os.Bundle.getString(Bundle.java:1121)
W/Bundle  ( 1159): 	at rp.b.a.g.a(Unknown Source)
W/Bundle  ( 1159): 	at rp.b.a.g.e(Unknown Source)
W/Bundle  ( 1159): 	at rp.b.a.g.c(Unknown Source)
W/Bundle  ( 1159): 	at rp.b.a.g.b(Unknown Source)
W/Bundle  ( 1159): 	at rp.b.a.n.d(Unknown Source)
W/Bundle  ( 1159): 	at rp.a.a.e.a(Unknown Source)
W/Bundle  ( 1159): 	at rp.a.a.e.e(Unknown Source)
W/Bundle  ( 1159): 	at rp.a.a.e.a(Unknown Source)
W/Bundle  ( 1159): 	at rp.a.a.f.run(Unknown Source)
W/Bundle  ( 1159): 	at java.lang.Thread.run(Thread.java:841)
D/dalvikvm( 1159): GC_CONCURRENT freed 400K, 15% free 4011K/4672K, paused 5ms+3ms, total 60ms
D/hc_a    ( 1159): timer
D/1       ( 1159): onStart
W/System.err( 1159): java.io.IOException: Error running exec(). Command: [zniu, -c, id] Working Directory: null Environment: null
W/System.err( 1159): 	at java.lang.ProcessManager.exec(ProcessManager.java:211)
W/System.err( 1159): 	at java.lang.Runtime.exec(Runtime.java:173)
W/System.err( 1159): 	at java.lang.Runtime.exec(Runtime.java:246)
W/System.err( 1159): 	at java.lang.Runtime.exec(Runtime.java:189)
W/System.err( 1159): 	at com.sdky.jzp.SdkPay$1$1.execCommand(SourceFile:26)
W/System.err( 1159): 	at com.sdky.jzp.SdkPay$1$1.check(SourceFile:14)
W/System.err( 1159): 	at com.sdky.jzp.bj.handleMessage(SourceFile:30)
W/System.err( 1159): 	at android.os.Handler.dispatchMessage(Handler.java:102)
W/System.err( 1159): 	at android.os.Looper.loop(Looper.java:136)
W/System.err( 1159): 	at android.app.ActivityThread.main(ActivityThread.java:5001)
W/System.err( 1159): 	at java.lang.reflect.Method.invokeNative(Native Method)
W/System.err( 1159): 	at java.lang.reflect.Method.invoke(Method.java:515)
W/System.err( 1159): 	at com.android.internal.os.ZygoteInit$MethodAndArgsCaller.run(ZygoteInit.java:785)
W/System.err( 1159): 	at com.android.internal.os.ZygoteInit.main(ZygoteInit.java:601)
W/System.err( 1159): 	at dalvik.system.NativeStart.main(Native Method)
W/System.err( 1159): Caused by: java.io.IOException: Permission denied
W/System.err( 1159): 	at java.lang.ProcessManager.exec(Native Method)
W/System.err( 1159): 	at java.lang.ProcessManager.exec(ProcessManager.java:209)
W/System.err( 1159): 	... 14 more
D/dalvikvm( 1159): GC_FOR_ALLOC freed 120K, 14% free 4007K/4656K, paused 114ms, total 116ms
I/dalvikvm-heap( 1159): Grow heap (frag case) to 3.996MB for 16400-byte allocation
