D/MobileDataStateTracker(  366): hipri: Broadcast received: android.intent.action.ANY_DATA_STATE apnType=hipri
D/dalvikvm(  584): GC_CONCURRENT freed 430K, 17% free 2973K/3552K, paused 3ms+13ms, total 164ms
D/dalvikvm(  584): WAIT_FOR_CONCURRENT_GC blocked 138ms
D/MobileDataStateTracker(  366): hipri: Received state=DISCONNECTED, old=DISCONNECTED, reason=radioTurnedOff
D/MobileDataStateTracker(  366): ims: Broadcast received: android.intent.action.ANY_DATA_STATE apnType=ims
D/MobileDataStateTracker(  366): ims: Received state=DISCONNECTED, old=DISCONNECTED, reason=radioTurnedOff
D/MobileDataStateTracker(  366): default: Broadcast received: android.intent.action.ANY_DATA_STATE apnType=default
D/MobileDataStateTracker(  366): default: Received state=DISCONNECTED, old=DISCONNECTED, reason=radioTurnedOff
D/MobileDataStateTracker(  366): mms: Broadcast received: android.intent.action.ANY_DATA_STATE apnType=mms
D/MobileDataStateTracker(  366): mms: Received state=DISCONNECTED, old=DISCONNECTED, reason=radioTurnedOff
D/MobileDataStateTracker(  366): cbs: Broadcast received: android.intent.action.ANY_DATA_STATE apnType=cbs
D/MobileDataStateTracker(  366): cbs: Received state=DISCONNECTED, old=DISCONNECTED, reason=radioTurnedOff
D/MobileDataStateTracker(  366): fota: Broadcast received: android.intent.action.ANY_DATA_STATE apnType=fota
D/MobileDataStateTracker(  366): fota: Received state=DISCONNECTED, old=DISCONNECTED, reason=radioTurnedOff
D/MobileDataStateTracker(  366): ia: Broadcast received: android.intent.action.ANY_DATA_STATE apnType=ia
D/MobileDataStateTracker(  366): ia: Received state=DISCONNECTED, old=DISCONNECTED, reason=radioTurnedOff
D/MobileDataStateTracker(  366): supl: Broadcast received: android.intent.action.ANY_DATA_STATE apnType=supl
D/MobileDataStateTracker(  366): supl: Received state=DISCONNECTED, old=DISCONNECTED, reason=radioTurnedOff
D/MobileDataStateTracker(  366): hipri: Broadcast received: android.intent.action.ANY_DATA_STATE apnType=hipri
D/MobileDataStateTracker(  366): hipri: Received state=DISCONNECTED, old=DISCONNECTED, reason=radioTurnedOff
D/MobileDataStateTracker(  366): ims: Broadcast received: android.intent.action.ANY_DATA_STATE apnType=ims
D/MobileDataStateTracker(  366): ims: Received state=DISCONNECTED, old=DISCONNECTED, reason=radioTurnedOff
D/MobileDataStateTracker(  366): default: Broadcast received: android.intent.action.ANY_DATA_STATE apnType=default
D/MobileDataStateTracker(  366): default: Received state=DISCONNECTED, old=DISCONNECTED, reason=radioTurnedOff
D/MobileDataStateTracker(  366): mms: Broadcast received: android.intent.action.ANY_DATA_STATE apnType=mms
D/MobileDataStateTracker(  366): mms: Received state=DISCONNECTED, old=DISCONNECTED, reason=radioTurnedOff
D/MobileDataStateTracker(  366): cbs: Broadcast received: android.intent.action.ANY_DATA_STATE apnType=cbs
D/MobileDataStateTracker(  366): cbs: Received state=DISCONNECTED, old=DISCONNECTED, reason=radioTurnedOff
D/MobileDataStateTracker(  366): fota: Broadcast received: android.intent.action.ANY_DATA_STATE apnType=fota
D/MobileDataStateTracker(  366): fota: Received state=DISCONNECTED, old=DISCONNECTED, reason=dataDetached
D/MobileDataStateTracker(  366): ia: Broadcast received: android.intent.action.ANY_DATA_STATE apnType=ia
D/MobileDataStateTracker(  366): ia: Received state=DISCONNECTED, old=DISCONNECTED, reason=dataDetached
D/MobileDataStateTracker(  366): supl: Broadcast received: android.intent.action.ANY_DATA_STATE apnType=supl
D/MobileDataStateTracker(  366): supl: Received state=DISCONNECTED, old=DISCONNECTED, reason=dataDetached
D/MobileDataStateTracker(  366): hipri: Broadcast received: android.intent.action.ANY_DATA_STATE apnType=hipri
D/MobileDataStateTracker(  366): hipri: Received state=DISCONNECTED, old=DISCONNECTED, reason=dataDetached
D/MobileDataStateTracker(  366): ims: Broadcast received: android.intent.action.ANY_DATA_STATE apnType=ims
D/MobileDataStateTracker(  366): ims: Received state=DISCONNECTED, old=DISCONNECTED, reason=dataDetached
D/MobileDataStateTracker(  366): default: Broadcast received: android.intent.action.ANY_DATA_STATE apnType=default
D/MobileDataStateTracker(  366): default: Received state=DISCONNECTED, old=DISCONNECTED, reason=dataDetached
D/MobileDataStateTracker(  366): mms: Broadcast received: android.intent.action.ANY_DATA_STATE apnType=mms
D/MobileDataStateTracker(  366): mms: Received state=DISCONNECTED, old=DISCONNECTED, reason=dataDetached
D/MobileDataStateTracker(  366): cbs: Broadcast received: android.intent.action.ANY_DATA_STATE apnType=cbs
D/MobileDataStateTracker(  366): cbs: Received state=DISCONNECTED, old=DISCONNECTED, reason=dataDetached
D/MobileDataStateTracker(  366): fota: Broadcast received: android.intent.action.ANY_DATA_STATE apnType=fota
D/MobileDataStateTracker(  366): fota: Received state=DISCONNECTED, old=DISCONNECTED, reason=roamingOff
I/LatinIME:LogUtils(  584): Dictionary info: dictionary = main:en ; version = 42 ; date = 1381226429
D/MobileDataStateTracker(  366): ia: Broadcast received: android.intent.action.ANY_DATA_STATE apnType=ia
D/MobileDataStateTracker(  366): ia: Received state=DISCONNECTED, old=DISCONNECTED, reason=roamingOff
I/LatinIME:LogUtils(  584): Dictionary info: dictionary = main:en ; version = 42 ; date = 1381226429
D/MobileDataStateTracker(  366): supl: Broadcast received: android.intent.action.ANY_DATA_STATE apnType=supl
D/MobileDataStateTracker(  366): supl: Received state=DISCONNECTED, old=DISCONNECTED, reason=roamingOff
D/MobileDataStateTracker(  366): hipri: Broadcast received: android.intent.action.ANY_DATA_STATE apnType=hipri
D/MobileDataStateTracker(  366): hipri: Received state=DISCONNECTED, old=DISCONNECTED, reason=roamingOff
D/MobileDataStateTracker(  366): ims: Broadcast received: android.intent.action.ANY_DATA_STATE apnType=ims
D/MobileDataStateTracker(  366): ims: Received state=DISCONNECTED, old=DISCONNECTED, reason=roamingOff
D/MobileDataStateTracker(  366): default: Broadcast received: android.intent.action.ANY_DATA_STATE apnType=default
D/MobileDataStateTracker(  366): default: Received state=DISCONNECTED, old=DISCONNECTED, reason=roamingOff
D/MobileDataStateTracker(  366): mms: Broadcast received: android.intent.action.ANY_DATA_STATE apnType=mms
D/dalvikvm(  597): GC_CONCURRENT freed 293K, 11% free 3049K/3416K, paused 25ms+2ms, total 123ms
I/LatinIME:LogUtils(  584): Dictionary info: dictionary = main:en ; version = 42 ; date = 1381226429
I/LatinIME:LogUtils(  584): Dictionary info: dictionary = main:en ; version = 42 ; date = 1381226429
D/MobileDataStateTracker(  366): mms: Received state=DISCONNECTED, old=DISCONNECTED, reason=roamingOff
D/MobileDataStateTracker(  366): cbs: Broadcast received: android.intent.action.ANY_DATA_STATE apnType=cbs
D/MobileDataStateTracker(  366): cbs: Received state=DISCONNECTED, old=DISCONNECTED, reason=roamingOff
D/MobileDataStateTracker(  366): fota: Broadcast received: android.intent.action.ANY_DATA_STATE apnType=fota
D/MobileDataStateTracker(  366): fota: Received state=DISCONNECTED, old=DISCONNECTED, reason=roamingOff
D/MobileDataStateTracker(  366): ia: Broadcast received: android.intent.action.ANY_DATA_STATE apnType=ia
D/TelephonyDebugService(  597): TelephonyDebugService()
D/MobileDataStateTracker(  366): ia: Received state=DISCONNECTED, old=DISCONNECTED, reason=roamingOff
D/MobileDataStateTracker(  366): supl: Broadcast received: android.intent.action.ANY_DATA_STATE apnType=supl
D/MobileDataStateTracker(  366): supl: Received state=DISCONNECTED, old=DISCONNECTED, reason=roamingOff
D/MobileDataStateTracker(  366): hipri: Broadcast received: android.intent.action.ANY_DATA_STATE apnType=hipri
D/MobileDataStateTracker(  366): hipri: Received state=DISCONNECTED, old=DISCONNECTED, reason=roamingOff
D/MobileDataStateTracker(  366): ims: Broadcast received: android.intent.action.ANY_DATA_STATE apnType=ims
D/MobileDataStateTracker(  366): ims: Received state=DISCONNECTED, old=DISCONNECTED, reason=roamingOff
D/MobileDataStateTracker(  366): default: Broadcast received: android.intent.action.ANY_DATA_STATE apnType=default
D/MobileDataStateTracker(  366): default: Received state=DISCONNECTED, old=DISCONNECTED, reason=roamingOff
D/MobileDataStateTracker(  366): mms: Broadcast received: android.intent.action.ANY_DATA_STATE apnType=mms
D/MobileDataStateTracker(  366): mms: Received state=DISCONNECTED, old=DISCONNECTED, reason=roamingOff
D/MobileDataStateTracker(  366): cbs: Broadcast received: android.intent.action.ANY_DATA_STATE apnType=cbs
D/dalvikvm(  584): GC_CONCURRENT freed 308K, 14% free 3059K/3552K, paused 72ms+29ms, total 115ms
I/LatinIME:LogUtils(  584): Dictionary info: dictionary = main:en ; version = 42 ; date = 1381226429
D/MobileDataStateTracker(  366): cbs: Received state=DISCONNECTED, old=DISCONNECTED, reason=roamingOff
I/LatinIME:LogUtils(  584): Dictionary info: dictionary = main:en ; version = 42 ; date = 1381226429
I/LatinIME:LogUtils(  584): Dictionary info: dictionary = main:en ; version = 42 ; date = 1381226429
I/LatinIME:LogUtils(  584): Dictionary info: dictionary = main:en ; version = 42 ; date = 1381226429
D/MccTable(  597): updateMccMncConfiguration: mcc=310, mnc=260
D/AlarmManagerService(  366): Kernel timezone updated to 240 minutes west of GMT
D/MccTable(  597): timezone set to America/New_York
D/MccTable(  597): getLocaleFromMcc to en_us mcc=310
D/MccTable(  597): getLocaleForLanguageCountry: got match
D/MccTable(  597): getLocaleForLanguageCountry: X locale=en_US
D/MccTable(  597): WIFI_COUNTRY_CODE set to us
I/WifiService(  366): WifiService trying to set country code to us with persist set to true
D/MobileDataStateTracker(  366): fota: Broadcast received: android.intent.action.ANY_DATA_STATE apnType=fota
D/MobileDataStateTracker(  366): fota: Received state=DISCONNECTED, old=DISCONNECTED, reason=dataAttached
D/MobileDataStateTracker(  366): ia: Broadcast received: android.intent.action.ANY_DATA_STATE apnType=ia
D/MobileDataStateTracker(  366): ia: Received state=DISCONNECTED, old=DISCONNECTED, reason=dataAttached
D/MobileDataStateTracker(  366): supl: Broadcast received: android.intent.action.ANY_DATA_STATE apnType=supl
D/MobileDataStateTracker(  366): supl: Received state=DISCONNECTED, old=DISCONNECTED, reason=dataAttached
D/MobileDataStateTracker(  366): hipri: Broadcast received: android.intent.action.ANY_DATA_STATE apnType=hipri
D/MobileDataStateTracker(  366): hipri: Received state=DISCONNECTED, old=DISCONNECTED, reason=dataAttached
D/MobileDataStateTracker(  366): ims: Broadcast received: android.intent.action.ANY_DATA_STATE apnType=ims
D/MobileDataStateTracker(  366): ims: Received state=DISCONNECTED, old=DISCONNECTED, reason=dataAttached
D/MobileDataStateTracker(  366): mms: Broadcast received: android.intent.action.ANY_DATA_STATE apnType=mms
D/MobileDataStateTracker(  366): mms: Received state=DISCONNECTED, old=DISCONNECTED, reason=dataAttached
D/MobileDataStateTracker(  366): cbs: Broadcast received: android.intent.action.ANY_DATA_STATE apnType=cbs
D/MobileDataStateTracker(  366): cbs: Received state=DISCONNECTED, old=DISCONNECTED, reason=dataAttached
D/MobileDataStateTracker(  366): fota: Broadcast received: android.intent.action.ANY_DATA_STATE apnType=fota
D/MobileDataStateTracker(  366): fota: Received state=DISCONNECTED, old=DISCONNECTED, reason=dataAttached
D/MobileDataStateTracker(  366): ia: Broadcast received: android.intent.action.ANY_DATA_STATE apnType=ia
D/MobileDataStateTracker(  366): ia: Received state=DISCONNECTED, old=DISCONNECTED, reason=dataAttached
D/MobileDataStateTracker(  366): supl: Broadcast received: android.intent.action.ANY_DATA_STATE apnType=supl
D/MobileDataStateTracker(  366): supl: Received state=DISCONNECTED, old=DISCONNECTED, reason=dataAttached
D/MobileDataStateTracker(  366): hipri: Broadcast received: android.intent.action.ANY_DATA_STATE apnType=hipri
D/MobileDataStateTracker(  366): hipri: Received state=DISCONNECTED, old=DISCONNECTED, reason=dataAttached
D/MobileDataStateTracker(  366): ims: Broadcast received: android.intent.action.ANY_DATA_STATE apnType=ims
D/MobileDataStateTracker(  366): ims: Received state=DISCONNECTED, old=DISCONNECTED, reason=dataAttached
D/MobileDataStateTracker(  366): mms: Broadcast received: android.intent.action.ANY_DATA_STATE apnType=mms
D/MobileDataStateTracker(  366): mms: Received state=DISCONNECTED, old=DISCONNECTED, reason=dataAttached
D/MobileDataStateTracker(  366): cbs: Broadcast received: android.intent.action.ANY_DATA_STATE apnType=cbs
D/dalvikvm(  597): GC_CONCURRENT freed 300K, 11% free 3163K/3532K, paused 5ms+2ms, total 171ms
D/MobileDataStateTracker(  366): cbs: Received state=DISCONNECTED, old=DISCONNECTED, reason=dataAttached
D/MccTable(  597): updateMccMncConfiguration: mcc=310, mnc=260
D/MccTable(  597): getLocaleFromMcc to en_us mcc=310
D/MccTable(  597): getLocaleForLanguageCountry: got match
D/MccTable(  597): getLocaleForLanguageCountry: X locale=en_US
D/MccTable(  597): updateMccMncConfiguration updateConfig config={1.0 310mcc260mnc en_US ldltr ?swdp ?wdp ?hdp ?density ?lsize ?long ?orien ?uimode ?night ?touch ?keyb/?/? ?nav/?}
I/ActivityManager(  366): Config changes=3 {1.0 310mcc260mnc en_US ldltr sw480dp w480dp h839dp 160dpi lrg long port finger -keyb/v/h tball/v s.6}
D/PermissionCache(   58): checking android.permission.READ_FRAME_BUFFER for uid=1000 => granted (707 us)
D/gralloc (   58): Registering a buffer in the process that created it. This may cause memory ordering problems.
E/libEGL  (   58): called unimplemented OpenGL ES API
E/libEGL  (   58): called unimplemented OpenGL ES API
E/libEGL  (   58): called unimplemented OpenGL ES API
E/libEGL  (   58): called unimplemented OpenGL ES API
E/SurfaceFlinger(   58): glCheckFramebufferStatusOES error -787067379
E/SurfaceFlinger(   58): got GL_FRAMEBUFFER_COMPLETE_OES error while taking screenshot
E/libEGL  (   58): called unimplemented OpenGL ES API
E/libEGL  (   58): called unimplemented OpenGL ES API
I/ARMAssembler(   58): generated scanline__00000077:03515104_00008001_00000000 [113 ipp] (134 ins) at [0xb5a411f0:0xb5a41408] in 30000000 ns
D/PhoneStatusBar(  446): mSettingsPanelGravity = 55
D/dalvikvm(  689): GC_CONCURRENT freed 171K, 8% free 2941K/3188K, paused 25ms+304ms, total 395ms
D/dalvikvm(  366): GC_CONCURRENT freed 563K, 59% free 5440K/13080K, paused 28ms+72ms, total 640ms
D/MccTable(  597): updateMccMncConfiguration: mcc=310, mnc=260
D/MccTable(  597): getLocaleFromMcc to en_us mcc=310
D/MccTable(  597): getLocaleForLanguageCountry: skipping already persisted
D/MccTable(  597): getLocaleForLanguageCountry: X locale=null
D/MccTable(  597): updateMccMncConfiguration updateConfig config={1.0 310mcc260mnc ?locale ?layoutDir ?swdp ?wdp ?hdp ?density ?lsize ?long ?orien ?uimode ?night ?touch ?keyb/?/? ?nav/?}
D/dalvikvm(  597): GC_CONCURRENT freed 335K, 11% free 3300K/3708K, paused 5ms+4ms, total 81ms
D/dalvikvm(  366): GC_CONCURRENT freed 611K, 58% free 5516K/13080K, paused 9ms+4ms, total 86ms
D/dalvikvm(  366): WAIT_FOR_CONCURRENT_GC blocked 49ms
D/dalvikvm(  366): WAIT_FOR_CONCURRENT_GC blocked 47ms
D/dalvikvm(  366): WAIT_FOR_CONCURRENT_GC blocked 37ms
D/dalvikvm(  366): WAIT_FOR_CONCURRENT_GC blocked 81ms
D/dalvikvm(  597): GC_CONCURRENT freed 458K, 14% free 3276K/3808K, paused 3ms+3ms, total 63ms
D/MobileDataStateTracker(  366): fota: Broadcast received: android.intent.action.ANY_DATA_STATE apnType=fota
D/MobileDataStateTracker(  366): fota: Received state=DISCONNECTED, old=DISCONNECTED, reason=simLoaded
D/MobileDataStateTracker(  366): ia: Broadcast received: android.intent.action.ANY_DATA_STATE apnType=ia
D/MobileDataStateTracker(  366): ia: Received state=DISCONNECTED, old=DISCONNECTED, reason=simLoaded
D/MobileDataStateTracker(  366): supl: Broadcast received: android.intent.action.ANY_DATA_STATE apnType=supl
D/MobileDataStateTracker(  366): supl: Received state=DISCONNECTED, old=DISCONNECTED, reason=simLoaded
D/MobileDataStateTracker(  366): hipri: Broadcast received: android.intent.action.ANY_DATA_STATE apnType=hipri
D/MobileDataStateTracker(  366): hipri: Received state=DISCONNECTED, old=DISCONNECTED, reason=simLoaded
D/MobileDataStateTracker(  366): ims: Broadcast received: android.intent.action.ANY_DATA_STATE apnType=ims
D/MobileDataStateTracker(  366): ims: Received state=DISCONNECTED, old=DISCONNECTED, reason=simLoaded
D/MobileDataStateTracker(  366): mms: Broadcast received: android.intent.action.ANY_DATA_STATE apnType=mms
D/MobileDataStateTracker(  366): mms: Received state=DISCONNECTED, old=DISCONNECTED, reason=simLoaded
D/MobileDataStateTracker(  366): cbs: Broadcast received: android.intent.action.ANY_DATA_STATE apnType=cbs
D/MobileDataStateTracker(  366): cbs: Received state=DISCONNECTED, old=DISCONNECTED, reason=simLoaded
D/MobileDataStateTracker(  366): default: Broadcast received: android.intent.action.ANY_DATA_STATE apnType=default
D/MobileDataStateTracker(  366): default: Received state=CONNECTING, old=DISCONNECTED, reason=simLoaded
D/MobileDataStateTracker(  366): default: setDetailed state, old =IDLE and new state=CONNECTING
D/MobileDataStateTracker(  366): fota: Broadcast received: android.intent.action.ANY_DATA_STATE apnType=fota
D/MobileDataStateTracker(  366): fota: Received state=DISCONNECTED, old=DISCONNECTED, reason=simLoaded
D/MobileDataStateTracker(  366): ia: Broadcast received: android.intent.action.ANY_DATA_STATE apnType=ia
D/MobileDataStateTracker(  366): ia: Received state=DISCONNECTED, old=DISCONNECTED, reason=simLoaded
D/MobileDataStateTracker(  366): supl: Broadcast received: android.intent.action.ANY_DATA_STATE apnType=supl
D/MobileDataStateTracker(  366): supl: Received state=DISCONNECTED, old=DISCONNECTED, reason=simLoaded
D/MobileDataStateTracker(  366): hipri: Broadcast received: android.intent.action.ANY_DATA_STATE apnType=hipri
D/MobileDataStateTracker(  366): hipri: Received state=DISCONNECTED, old=DISCONNECTED, reason=simLoaded
D/MobileDataStateTracker(  366): ims: Broadcast received: android.intent.action.ANY_DATA_STATE apnType=ims
D/dalvikvm(  366): GC_CONCURRENT freed 664K, 58% free 5558K/13080K, paused 33ms+5ms, total 180ms
D/dalvikvm(  366): WAIT_FOR_CONCURRENT_GC blocked 30ms
D/dalvikvm(  366): WAIT_FOR_CONCURRENT_GC blocked 33ms
D/dalvikvm(  366): WAIT_FOR_CONCURRENT_GC blocked 31ms
D/MobileDataStateTracker(  366): ims: Received state=DISCONNECTED, old=DISCONNECTED, reason=simLoaded
D/MobileDataStateTracker(  366): mms: Broadcast received: android.intent.action.ANY_DATA_STATE apnType=mms
D/MobileDataStateTracker(  366): mms: Received state=DISCONNECTED, old=DISCONNECTED, reason=simLoaded
D/MobileDataStateTracker(  366): cbs: Broadcast received: android.intent.action.ANY_DATA_STATE apnType=cbs
D/MobileDataStateTracker(  366): cbs: Received state=DISCONNECTED, old=DISCONNECTED, reason=simLoaded
D/MobileDataStateTracker(  366): default: Broadcast received: android.intent.action.ANY_DATA_STATE apnType=default
D/MobileDataStateTracker(  366): default: Received state=CONNECTED, old=CONNECTING, reason=connected
D/MobileDataStateTracker(  366): default: setDetailed state, old =CONNECTING and new state=CONNECTED
D/ConnectivityService(  366): ConnectivityChange for mobile: CONNECTED/CONNECTED
D/ConnectivityService(  366): ConnectivityChange checkMobileProvisioning for TYPE_MOBILE or ProvisioningNetwork
D/ConnectivityService(  366): checkMobileProvisioning: E suggestedTimeOutMs=60000
D/ConnectivityService(  366): setProvNotificationVisible: E visible=false networkType=5 extraInfo=null url=null
D/ConnectivityService(  366): checkMobileProvisioning: params={ url=http://clients3.google.com/generate_204 mTimeOutMs=60000 mCb=com.android.server.ConnectivityService$5@b33bd0c8}
D/ConnectivityService(  366): checkMobileProvisioning: X
D/dalvikvm(  597): GC_CONCURRENT freed 409K, 14% free 3295K/3808K, paused 4ms+32ms, total 229ms
D/dalvikvm(  689): GC_FOR_ALLOC freed 193K, 8% free 3113K/3380K, paused 65ms, total 66ms
I/dalvikvm-heap(  689): Grow heap (frag case) to 3.721MB for 640016-byte allocation
D/dalvikvm(  689): GC_FOR_ALLOC freed 3K, 7% free 3735K/4008K, paused 41ms, total 41ms
D/Nat464Xlat(  366): requiresClat: netType=0, hasIPv4Address=true
D/dalvikvm(  689): GC_CONCURRENT freed 7K, 7% free 3727K/4008K, paused 4ms+38ms, total 68ms
I/NetworkPolicy(  366): no policy for active mobile network; generating default policy
D/MobileDataStateTracker(  366): default: setPolicyDataEnable(enabled=true)
W/Resources(  689): Converting to int: TypedValue{t=0x3/d=0x12 "4" a=-1}
W/Resources(  689): Converting to int: TypedValue{t=0x3/d=0xf "1" a=-1}
W/Resources(  689): Converting to int: TypedValue{t=0x3/d=0x15 "2" a=-1}
W/Resources(  689): Converting to int: TypedValue{t=0x3/d=0x15 "2" a=-1}
W/Launcher.LauncherProvider(  689): Unable to add favorite: com.android.camera2/com.android.camera.CameraLauncher
W/Launcher.LauncherProvider(  689): android.content.pm.PackageManager$NameNotFoundException: ComponentInfo{com.android.camera2/com.android.camera.CameraLauncher}
W/Launcher.LauncherProvider(  689): 	at android.app.ApplicationPackageManager.getActivityInfo(ApplicationPackageManager.java:242)
W/Launcher.LauncherProvider(  689): 	at com.android.launcher2.LauncherProvider$DatabaseHelper.addAppShortcut(LauncherProvider.java:959)
W/Launcher.LauncherProvider(  689): 	at com.android.launcher2.LauncherProvider$DatabaseHelper.loadFavorites(LauncherProvider.java:863)
W/Launcher.LauncherProvider(  689): 	at com.android.launcher2.LauncherProvider$DatabaseHelper.access$000(LauncherProvider.java:253)
W/Launcher.LauncherProvider(  689): 	at com.android.launcher2.LauncherProvider.loadDefaultFavoritesIfNecessary(LauncherProvider.java:237)
W/Launcher.LauncherProvider(  689): 	at com.android.launcher2.LauncherModel$LoaderTask.loadWorkspace(LauncherModel.java:1278)
W/Launcher.LauncherProvider(  689): 	at com.android.launcher2.LauncherModel$LoaderTask.loadAndBindWorkspace(LauncherModel.java:1020)
W/Launcher.LauncherProvider(  689): 	at com.android.launcher2.LauncherModel$LoaderTask.run(LauncherModel.java:1126)
W/Launcher.LauncherProvider(  689): 	at android.os.Handler.handleCallback(Handler.java:733)
W/Launcher.LauncherProvider(  689): 	at android.os.Handler.dispatchMessage(Handler.java:95)
W/Launcher.LauncherProvider(  689): 	at android.os.Looper.loop(Looper.java:136)
W/Launcher.LauncherProvider(  689): 	at android.os.HandlerThread.run(HandlerThread.java:61)
W/Launcher.LauncherProvider(  689): Unable to add favorite: com.android.gallery3d/com.android.gallery3d.app.Gallery
W/Launcher.LauncherProvider(  689): android.content.pm.PackageManager$NameNotFoundException: ComponentInfo{com.android.gallery3d/com.android.gallery3d.app.Gallery}
W/Launcher.LauncherProvider(  689): 	at android.app.ApplicationPackageManager.getActivityInfo(ApplicationPackageManager.java:242)
W/Launcher.LauncherProvider(  689): 	at com.android.launcher2.LauncherProvider$DatabaseHelper.addAppShortcut(LauncherProvider.java:959)
W/Launcher.LauncherProvider(  689): 	at com.android.launcher2.LauncherProvider$DatabaseHelper.loadFavorites(LauncherProvider.java:863)
W/Launcher.LauncherProvider(  689): 	at com.android.launcher2.LauncherProvider$DatabaseHelper.access$000(LauncherProvider.java:253)
W/Launcher.LauncherProvider(  689): 	at com.android.launcher2.LauncherProvider.loadDefaultFavoritesIfNecessary(LauncherProvider.java:237)
W/Launcher.LauncherProvider(  689): 	at com.android.launcher2.LauncherModel$LoaderTask.loadWorkspace(LauncherModel.java:1278)
W/Launcher.LauncherProvider(  689): 	at com.android.launcher2.LauncherModel$LoaderTask.loadAndBindWorkspace(LauncherModel.java:1020)
W/Launcher.LauncherProvider(  689): 	at com.android.launcher2.LauncherModel$LoaderTask.run(LauncherModel.java:1126)
W/Launcher.LauncherProvider(  689): 	at android.os.Handler.handleCallback(Handler.java:733)
W/Launcher.LauncherProvider(  689): 	at android.os.Handler.dispatchMessage(Handler.java:95)
W/Launcher.LauncherProvider(  689): 	at android.os.Looper.loop(Looper.java:136)
W/Launcher.LauncherProvider(  689): 	at android.os.HandlerThread.run(HandlerThread.java:61)
W/ProcessCpuTracker(  366): Skipping unknown process pid 752
D/dalvikvm(  366): GC_CONCURRENT freed 444K, 56% free 5758K/13080K, paused 6ms+14ms, total 158ms
D/MobileDataStateTracker(  366): default: isProvisioningNetwork: retVal=false
D/ConnectivityService(  366): [CheckMp] isMobileOk: isDefaultProvisioning=false
D/MobileDataStateTracker(  366): hipri: isProvisioningNetwork: retVal=false
D/ConnectivityService(  366): [CheckMp] isMobileOk: isHipriProvisioning=false
D/ConnectivityService(  366): [CheckMp] isMobileOk: start hipri url=http://clients3.google.com/generate_204
E/NetdConnector(  366): NDC Command {12 bandwidth setiquota eth0 9223372036854775807} took too long (1362ms)
D/dalvikvm(  689): GC_CONCURRENT freed 300K, 9% free 3855K/4236K, paused 4ms+33ms, total 99ms
D/MobileDataStateTracker(  366): default: setPolicyDataEnable(enabled=true)
I/SurfaceFlinger(   58): Boot is finished (73245 ms)
D/Launcher.Model(  689): Reload apps on config change. curr_mcc:310 prevmcc:0
I/Choreographer(  689): Skipped 332 frames!  The application may be doing too much work on its main thread.
E/NetdConnector(  366): NDC Command {13 bandwidth removeiquota eth0} took too long (767ms)
D/Tethering(  366): MasterInitialState.processMessage what=3
W/WindowManager(  366): App freeze timeout expired.
W/WindowManager(  366): Force clearing freeze: AppWindowToken{b2e11220 token=Token{b2ff4f38 ActivityRecord{b3442b38 u0 com.android.launcher/com.android.launcher2.Launcher t3}}}
D/CaptivePortalTracker(  366): NoActiveNetworkState{ when=-3ms what=1 obj=NetworkInfo: type: mobile[UMTS], state: CONNECTED/CONNECTED, reason: connected, extra: epc.tmobile.com, roaming: false, failover: false, isAvailable: true, isConnectedToProvisioningNetwork: false target=com.android.internal.util.StateMachine$SmHandler }
D/CaptivePortalTracker(  366): NoActiveNetworkState not a wifi connectivity change, ignore
D/gralloc_goldfish(  689): Emulator without GPU emulation detected.
D/dalvikvm(  689): GC_FOR_ALLOC freed 202K, 7% free 4031K/4312K, paused 40ms, total 41ms
I/dalvikvm-heap(  689): Grow heap (frag case) to 5.543MB for 1610896-byte allocation
D/dalvikvm(  689): GC_FOR_ALLOC freed 1K, 5% free 5602K/5888K, paused 41ms, total 41ms
W/ActivityManager(  366): Launch timeout has expired, giving up wake lock!
D/dalvikvm(  689): GC_CONCURRENT freed 20K, 6% free 5582K/5888K, paused 4ms+2ms, total 62ms
D/dalvikvm(  689): WAIT_FOR_CONCURRENT_GC blocked 42ms
I/dalvikvm-heap(  689): Grow heap (frag case) to 7.058MB for 1610896-byte allocation
D/dalvikvm(  689): GC_FOR_ALLOC freed 1K, 5% free 7154K/7464K, paused 52ms, total 52ms
E/NetdConnector(  366): NDC Command {14 bandwidth setiquota eth0 9223372036854775807} took too long (1237ms)
D/dalvikvm(  689): GC_CONCURRENT freed <1K, 5% free 7196K/7508K, paused 23ms+51ms, total 169ms
I/PackageManager(  366):   Action: "android.intent.action.SENDTO"
I/PackageManager(  366):   Category: "android.intent.category.DEFAULT"
I/PackageManager(  366):   Scheme: "sms"
I/PackageManager(  366): Adding preferred activity ComponentInfo{com.android.mms/com.android.mms.ui.ComposeMessageActivity} for user 0 :
D/MobileDataStateTracker(  366): default: setPolicyDataEnable(enabled=true)
I/InputReader(  366): Reconfiguring input devices.  changes=0x00000010
I/ActivityManager(  366): Displayed com.android.launcher/com.android.launcher2.Launcher: +9s404ms (total +13s16ms)
D/dalvikvm(  446): GC_FOR_ALLOC freed 3130K, 48% free 3587K/6788K, paused 234ms, total 238ms
I/dalvikvm-heap(  446): Grow heap (frag case) to 6.500MB for 3072016-byte allocation
D/dalvikvm(  446): GC_FOR_ALLOC freed 6K, 4% free 6580K/6788K, paused 95ms, total 95ms
I/Choreographer(  689): Skipped 67 frames!  The application may be doing too much work on its main thread.
D/dalvikvm(  446): GC_CONCURRENT freed <1K, 4% free 6580K/6788K, paused 4ms+2ms, total 58ms
I/WindowManager(  366): Screen frozen for +6s482ms due to Window{b36da378 u0 com.android.systemui.ImageWallpaper}
D/ConnectivityService(  366): startUsingNetworkFeature reconnecting to 0: enableHIPRI
I/Choreographer(  366): Skipped 50 frames!  The application may be doing too much work on its main thread.
I/Choreographer(  366): Skipped 105 frames!  The application may be doing too much work on its main thread.
I/ARMAssembler(   58): generated scanline__00000077:03515104_00009001_00000000 [131 ipp] (153 ins) at [0xb5a41410:0xb5a41674] in 10000000 ns
I/PackageManager(  366):   Action: "android.intent.action.SENDTO"
I/PackageManager(  366):   Category: "android.intent.category.DEFAULT"
I/PackageManager(  366):   Scheme: "smsto"
I/PackageManager(  366): Adding preferred activity ComponentInfo{com.android.mms/com.android.mms.ui.ComposeMessageActivity} for user 0 :
I/PackageManager(  366):   Action: "android.intent.action.SENDTO"
I/PackageManager(  366):   Category: "android.intent.category.DEFAULT"
I/PackageManager(  366):   Scheme: "mms"
I/PackageManager(  366): Adding preferred activity ComponentInfo{com.android.mms/com.android.mms.ui.ComposeMessageActivity} for user 0 :
D/dalvikvm(  366): GC_EXPLICIT freed 933K, 58% free 5539K/13076K, paused 199ms+17ms, total 640ms
I/PackageManager(  366):   Action: "android.intent.action.SENDTO"
I/PackageManager(  366):   Category: "android.intent.category.DEFAULT"
I/PackageManager(  366):   Scheme: "mmsto"
I/PackageManager(  366): Adding preferred activity ComponentInfo{com.android.mms/com.android.mms.ui.ComposeMessageActivity} for user 0 :
I/Choreographer(  689): Skipped 792 frames!  The application may be doing too much work on its main thread.
I/PackageManager(  366):   Action: "android.intent.action.SENDTO"
I/PackageManager(  366):   Category: "android.intent.category.DEFAULT"
I/PackageManager(  366):   Scheme: "sms"
I/PackageManager(  366): Adding preferred activity ComponentInfo{com.android.mms/com.android.mms.ui.ComposeMessageActivity} for user 0 :
I/PackageManager(  366):   Action: "android.intent.action.SENDTO"
I/PackageManager(  366):   Category: "android.intent.category.DEFAULT"
I/PackageManager(  366):   Scheme: "smsto"
I/PackageManager(  366): Adding preferred activity ComponentInfo{com.android.mms/com.android.mms.ui.ComposeMessageActivity} for user 0 :
D/dalvikvm(  597): GC_CONCURRENT freed 318K, 13% free 3386K/3876K, paused 5ms+38ms, total 180ms
I/PackageManager(  366):   Action: "android.intent.action.SENDTO"
I/PackageManager(  366):   Category: "android.intent.category.DEFAULT"
I/PackageManager(  366):   Scheme: "mms"
I/PackageManager(  366): Adding preferred activity ComponentInfo{com.android.mms/com.android.mms.ui.ComposeMessageActivity} for user 0 :
I/PackageManager(  366):   Action: "android.intent.action.SENDTO"
I/PackageManager(  366):   Category: "android.intent.category.DEFAULT"
I/PackageManager(  366):   Scheme: "mmsto"
I/PackageManager(  366): Adding preferred activity ComponentInfo{com.android.mms/com.android.mms.ui.ComposeMessageActivity} for user 0 :
D/AndroidRuntime(  795): 
D/AndroidRuntime(  795): >>>>>> AndroidRuntime START com.android.internal.os.RuntimeInit <<<<<<
D/dalvikvm(  366): GC_CONCURRENT freed 681K, 58% free 5563K/13076K, paused 6ms+5ms, total 343ms
D/dalvikvm(  366): WAIT_FOR_CONCURRENT_GC blocked 235ms
D/AndroidRuntime(  795): CheckJNI is ON
D/dalvikvm(  795): Trying to load lib libjavacore.so 0x0
D/dalvikvm(  795): Added shared lib libjavacore.so 0x0
D/dalvikvm(  795): Trying to load lib libnativehelper.so 0x0
D/dalvikvm(  795): Added shared lib libnativehelper.so 0x0
D/dalvikvm(  795): No JNI_OnLoad found in libnativehelper.so 0x0, skipping init
I/Choreographer(  689): Skipped 87 frames!  The application may be doing too much work on its main thread.
D/ConnectivityService(  366): startUsingNetworkFeature X: return APN_REQUEST_STARTED
E/ConnectivityService(  366): startUsingNetworkFeature took too long: 7697ms
D/ConnectivityService(  366): [CheckMp] isMobileOk: hipri started
D/ConnectivityService(  366): [CheckMp] isMobileOk: not connected ni=NetworkInfo: type: mobile_hipri[UMTS], state: DISCONNECTED/IDLE, reason: (unspecified), extra: (none), roaming: false, failover: false, isAvailable: true, isConnectedToProvisioningNetwork: false
D/MobileDataStateTracker(  366): hipri: Broadcast received: android.intent.action.ANY_DATA_STATE apnType=hipri
D/MobileDataStateTracker(  366): hipri: Received state=CONNECTING, old=DISCONNECTED, reason=dataEnabled
D/MobileDataStateTracker(  366): hipri: setDetailed state, old =IDLE and new state=CONNECTING
D/MobileDataStateTracker(  366): fota: Broadcast received: android.intent.action.ANY_DATA_STATE apnType=fota
D/MobileDataStateTracker(  366): fota: Received state=DISCONNECTED, old=DISCONNECTED, reason=dataEnabled
D/MobileDataStateTracker(  366): ia: Broadcast received: android.intent.action.ANY_DATA_STATE apnType=ia
D/MobileDataStateTracker(  366): ia: Received state=DISCONNECTED, old=DISCONNECTED, reason=dataEnabled
D/MobileDataStateTracker(  366): supl: Broadcast received: android.intent.action.ANY_DATA_STATE apnType=supl
D/dalvikvm(  795): Note: class Landroid/app/ActivityManagerNative; has 179 unimplemented (abstract) methods
D/MobileDataStateTracker(  366): supl: Received state=DISCONNECTED, old=DISCONNECTED, reason=dataEnabled
D/MobileDataStateTracker(  366): ims: Broadcast received: android.intent.action.ANY_DATA_STATE apnType=ims
D/MobileDataStateTracker(  366): ims: Received state=DISCONNECTED, old=DISCONNECTED, reason=dataEnabled
D/MobileDataStateTracker(  366): mms: Broadcast received: android.intent.action.ANY_DATA_STATE apnType=mms
D/MobileDataStateTracker(  366): mms: Received state=DISCONNECTED, old=DISCONNECTED, reason=dataEnabled
D/MobileDataStateTracker(  366): cbs: Broadcast received: android.intent.action.ANY_DATA_STATE apnType=cbs
D/MobileDataStateTracker(  366): cbs: Received state=DISCONNECTED, old=DISCONNECTED, reason=dataEnabled
D/MobileDataStateTracker(  366): hipri: Broadcast received: android.intent.action.ANY_DATA_STATE apnType=hipri
D/MobileDataStateTracker(  366): hipri: Received state=CONNECTED, old=CONNECTING, reason=dataEnabled
D/MobileDataStateTracker(  366): hipri: setDetailed state, old =CONNECTING and new state=CONNECTED
D/ConnectivityService(  366): ConnectivityChange for mobile_hipri: CONNECTED/CONNECTED
D/dalvikvm(  597): GC_CONCURRENT freed 506K, 15% free 3303K/3884K, paused 3ms+222ms, total 334ms
E/logwrapper(  805): executing /system/bin/ip failed: No such file or directory
E/ConnectivityService(  366): Exception trying to add a route: java.lang.IllegalStateException: command '21 interface fwmark exempt add 10.0.2.2/32' failed with '400 21 Failed to add exemption rule (File exists)'
E/logwrapper(  806): executing /system/bin/ip failed: No such file or directory
E/ConnectivityService(  366): Exception trying to add a route: java.lang.IllegalStateException: command '23 interface fwmark exempt add 10.0.2.3/32' failed with '400 23 Failed to add exemption rule (File exists)'
E/logwrapper(  807): executing /system/bin/ip failed: No such file or directory
E/ConnectivityService(  366): Exception trying to add a route: java.lang.IllegalStateException: command '25 interface fwmark exempt add 10.0.2.2/32' failed with '400 25 Failed to add exemption rule (File exists)'
E/logwrapper(  808): executing /system/bin/ip failed: No such file or directory
E/ConnectivityService(  366): Exception trying to add a route: java.lang.IllegalStateException: command '27 interface fwmark exempt add 10.0.2.4/32' failed with '400 27 Failed to add exemption rule (File exists)'
E/logwrapper(  809): executing /system/bin/ip failed: No such file or directory
E/SecondaryTablController(   55): ip route add failed: /system/bin/ip route add 10.0.2.2/32 via 0.0.0.0 dev eth0 table 60
W/FrameworkListener(   55): Handler 'interface' error (No such device)
E/ConnectivityService(  366): Exception trying to add a route: java.lang.IllegalStateException: command '28 interface route add eth0 secondary 10.0.2.2 32 0.0.0.0' failed with '400 28 ip route modification failed (No such device)'
E/logwrapper(  810): executing /system/bin/ip failed: No such file or directory
E/SecondaryTablController(   55): ip route add failed: /system/bin/ip route add 0.0.0.0/0 via 10.0.2.2 dev eth0 table 60
W/FrameworkListener(   55): Handler 'interface' error (No such device)
E/ConnectivityService(  366): Exception trying to add a route: java.lang.IllegalStateException: command '29 interface route add eth0 secondary 0.0.0.0 0 10.0.2.2' failed with '400 29 ip route modification failed (No such device)'
D/Nat464Xlat(  366): requiresClat: netType=5, hasIPv4Address=true
D/MobileDataStateTracker(  366): default: setPolicyDataEnable(enabled=true)
D/MobileDataStateTracker(  366): hipri: isProvisioningNetwork: retVal=false
I/ActivityManager(  366): Start proc com.android.exchange for content provider com.android.exchange/.provider.ExchangeDirectoryProvider: pid=811 uid=10025 gids={50025, 3003, 1028, 1015}
W/NetworkPolicy(  366): shared quota unsupported; generating rule for each iface
E/memtrack(  795): Couldn't load memtrack module (No such file or directory)
E/android.os.Debug(  795): failed to load memtrack module: -2
E/NetdConnector(  366): NDC Command {30 bandwidth gettetherstats} took too long (508ms)
D/ConnectivityService(  366): [CheckMp] isMobileOk: isProvisioningNetwork is false, continue
D/AndroidRuntime(  795): Calling main entry com.android.commands.pm.Pm
I/ActivityManager(  366): Start proc com.android.email for content provider com.android.email/.provider.EmailProvider: pid=831 uid=10024 gids={50024, 3003, 1028, 1015}
E/NetdConnector(  366): NDC Command {31 bandwidth removeiquota eth0} took too long (1119ms)
D/ConnectivityService(  366): [CheckMp] isMobileOk: addresses=clients3.google.com/216.58.204.46
D/ConnectivityService(  366): [CheckMp] isMobileOk: linkHasIpv4=true linkHasIpv6=false
I/ActivityManager(  366): Start proc com.android.defcontainer for service com.android.defcontainer/.DefaultContainerService: pid=848 uid=10003 gids={50003, 1028, 1015, 1023, 2001, 1035}
I/ContactDirectoryManager(  546): deleted 0 stale rows which don't have any relevant directory
I/ContactDirectoryManager(  546): Discovered 0 contact directories in 8168ms
W/ActivityManager(  366): Activity destroy timeout for ActivityRecord{b30a6ed0 u0 com.android.settings/.CryptKeeper t1 f}
D/ActivityThread(  831): Loading provider com.android.email.provider;com.android.email.notifier: com.android.email.provider.EmailProvider
D/ActivityThread(  831): Loading provider com.android.email.provider;com.android.email.notifier: com.android.email.provider.EmailProvider
I/ContactsProvider(  546): Upgrading aggregation algorithm
I/ContactAggregator(  546): Marked all visible contacts for aggregation: 0 raw contacts, 5 ms
D/GpsLocationProvider(  366): NTP server returned: 1539248230034 (Thu Oct 11 04:57:10 EDT 2018) reference: 75975 certainty: 6 system time offset: -22358
E/NetdConnector(  366): NDC Command {32 bandwidth setiquota eth0 9223372036854775807} took too long (1514ms)
I/ContactsProvider(  546): Aggregation algorithm upgraded for 0 raw contacts in 440ms
E/NetdConnector(  366): NDC Command {33 interface route add eth0 default 10.0.2.2 32 0.0.0.0} took too long (1542ms)
D/Tethering(  366): MasterInitialState.processMessage what=3
D/CaptivePortalTracker(  366): NoActiveNetworkState{ when=-4ms what=1 obj=NetworkInfo: type: mobile_hipri[UMTS], state: CONNECTED/CONNECTED, reason: dataEnabled, extra: epc.tmobile.com, roaming: false, failover: false, isAvailable: true, isConnectedToProvisioningNetwork: false target=com.android.internal.util.StateMachine$SmHandler }
D/CaptivePortalTracker(  366): NoActiveNetworkState not a wifi connectivity change, ignore
D/dalvikvm(  366): GC_CONCURRENT freed 537K, 57% free 5668K/13076K, paused 25ms+15ms, total 160ms
E/logwrapper(  887): executing /system/bin/ip failed: No such file or directory
E/NetdConnector(  366): NDC Command {34 bandwidth removeiquota eth0} took too long (761ms)
E/NetdConnector(  366): NDC Command {35 interface fwmark exempt add 10.0.2.2/32} took too long (661ms)
E/ConnectivityService(  366): Exception trying to add a route: java.lang.IllegalStateException: command '35 interface fwmark exempt add 10.0.2.2/32' failed with '400 35 Failed to add exemption rule (File exists)'
W/ProcessCpuTracker(  366): Skipping unknown process pid 889
W/ActivityManager(  366): No content provider found for permission revoke: file:///data/local/tmp/sample_for_analysis.apk
D/dalvikvm(  689): GC_CONCURRENT freed 1960K, 24% free 6613K/8656K, paused 13ms+15ms, total 71ms
I/ContactsFTS(  546): Rebuild contact search index in 2007ms, 0 contacts
D/dalvikvm(  546): GC_CONCURRENT freed 260K, 10% free 3084K/3416K, paused 4ms+13ms, total 82ms
E/NetdConnector(  366): NDC Command {36 bandwidth setiquota eth0 9223372036854775807} took too long (1806ms)
D/MobileDataStateTracker(  366): default: setPolicyDataEnable(enabled=true)
E/NetdConnector(  366): NDC Command {37 interface route add eth0 default 216.58.204.46 32 10.0.2.2} took too long (1856ms)
E/logwrapper(  905): executing /system/bin/ip failed: No such file or directory
E/ConnectivityService(  366): Exception trying to add a route: java.lang.IllegalStateException: command '39 interface fwmark exempt add 216.58.204.46/32' failed with '400 39 Failed to add exemption rule (File exists)'
D/ConnectivityService(  366): requestRouteToHostAddress ok=false
D/ConnectivityService(  366): [CheckMp] isMobileOk: could not establish route to hostAddr=clients3.google.com/216.58.204.46
D/dalvikvm(  831): GC_CONCURRENT freed 203K, 9% free 2888K/3168K, paused 4ms+2ms, total 59ms
W/ActivityManager(  366): No content provider found for permission revoke: file:///data/local/tmp/sample_for_analysis.apk
I/PackageManager(  366): Copying native libraries to /data/app-lib/vmdl1384933671
W/ActivityManager(  366): Unable to start service Intent { cmp=com.android.email/.service.AttachmentDownloadService } U=0: not found
W/ActivityManager(  366): Unable to start service Intent { cmp=com.android.email/.service.AttachmentDownloadService } U=0: not found
W/ActivityManager(  366): Unable to start service Intent { cmp=com.android.email/.service.AttachmentDownloadService } U=0: not found
I/Email   (  831): Observing account changes for notifications
D/dalvikvm(  366): GC_CONCURRENT freed 556K, 56% free 5754K/13076K, paused 6ms+19ms, total 78ms
I/MediaProvider(  614): Upgrading media database from version 0 to 700, which will destroy all old data
E/SQLiteLog(  614): (1) no such table: album_info
D/dalvikvm(  366): GC_CONCURRENT freed 524K, 55% free 5943K/13076K, paused 16ms+51ms, total 124ms
D/dalvikvm(  614): GC_CONCURRENT freed 222K, 10% free 2879K/3172K, paused 4ms+2ms, total 49ms
D/dalvikvm(  366): GC_CONCURRENT freed 752K, 55% free 5919K/13076K, paused 6ms+7ms, total 70ms
E/logwrapper(  911): executing /system/bin/ip failed: No such file or directory
E/ConnectivityService(  366): Exception trying to add a route: java.lang.IllegalStateException: command '41 interface fwmark exempt add 10.0.2.2/32' failed with '400 41 Failed to add exemption rule (File exists)'
E/logwrapper(  912): executing /system/bin/ip failed: No such file or directory
E/ConnectivityService(  366): Exception trying to add a route: java.lang.IllegalStateException: command '43 interface fwmark exempt add 216.58.204.46/32' failed with '400 43 Failed to add exemption rule (File exists)'
D/ConnectivityService(  366): requestRouteToHostAddress ok=false
D/ConnectivityService(  366): [CheckMp] isMobileOk: could not establish route to hostAddr=clients3.google.com/216.58.204.46
D/dalvikvm(  366): GC_CONCURRENT freed 668K, 55% free 5935K/13076K, paused 7ms+4ms, total 68ms
D/dalvikvm(  366): GC_CONCURRENT freed 724K, 55% free 5993K/13076K, paused 6ms+6ms, total 79ms
I/PackageManager(  366): Running dexopt on: com.whl.qwuomb
D/dalvikvm(  913): DexOpt: load 39ms, verify+opt 26ms, 150508 bytes
W/PackageManager(  366): Not granting permission android.permission.MOUNT_UNMOUNT_FILESYSTEMS to package com.whl.qwuomb (protectionLevel=18 flags=0x8be44)
W/PackageManager(  366): Not granting permission android.permission.CHANGE_CONFIGURATION to package com.whl.qwuomb (protectionLevel=50 flags=0x8be44)
W/PackageManager(  366): Not granting permission android.permission.WRITE_APN_SETTINGS to package com.whl.qwuomb (protectionLevel=18 flags=0x8be44)
W/PackageManager(  366): Not granting permission android.permission.WRITE_SECURE_SETTINGS to package com.whl.qwuomb (protectionLevel=50 flags=0x8be44)
W/PackageManager(  366): Unknown permission android.permission.ACCESS_MTK_MMHW in package com.whl.qwuomb
W/PackageManager(  366): Not granting permission android.permission.ACCESS_CACHE_FILESYSTEM to package com.whl.qwuomb (protectionLevel=18 flags=0x8be44)
W/PackageManager(  366): Not granting permission android.permission.INTERACT_ACROSS_USERS_FULL to package com.whl.qwuomb (protectionLevel=2 flags=0x8be44)
W/PackageManager(  366): Unknown permission android.permission.READ_SETTINGS in package com.whl.qwuomb
W/PackageManager(  366): Unknown permission android.permission.READ_INTERNAL_STORAGE in package com.whl.qwuomb
W/PackageManager(  366): Unknown permission android.permission.SAMSUNG_TUNTAP in package com.whl.qwuomb
W/PackageManager(  366): Not granting permission android.permission.UPDATE_APP_OPS_STATS to package com.whl.qwuomb (protectionLevel=18 flags=0x8be44)
W/PackageManager(  366): Unknown permission android.permission.WRITE_INTERNAL_STORAGE in package com.whl.qwuomb
D/dalvikvm(  366): GC_CONCURRENT freed 707K, 55% free 6002K/13076K, paused 6ms+7ms, total 65ms
I/ActivityManager(  366): Force stopping com.whl.qwuomb appid=10052 user=-1: update pkg
D/BackupManagerService(  366): Received broadcast Intent { act=android.intent.action.PACKAGE_ADDED dat=package:com.whl.qwuomb flg=0x4000010 (has extras) }
V/BackupManagerService(  366): addPackageParticipantsLocked: #1
I/InputReader(  366): Reconfiguring input devices.  changes=0x00000010
I/PackageManager(  366):   Action: "android.intent.action.SENDTO"
I/PackageManager(  366):   Category: "android.intent.category.DEFAULT"
I/PackageManager(  366):   Scheme: "sms"
I/PackageManager(  366): Adding preferred activity ComponentInfo{com.android.mms/com.android.mms.ui.ComposeMessageActivity} for user 0 :
I/PackageManager(  366):   Action: "android.intent.action.SENDTO"
I/PackageManager(  366):   Category: "android.intent.category.DEFAULT"
I/PackageManager(  366):   Scheme: "smsto"
I/PackageManager(  366): Adding preferred activity ComponentInfo{com.android.mms/com.android.mms.ui.ComposeMessageActivity} for user 0 :
I/PackageManager(  366):   Action: "android.intent.action.SENDTO"
I/PackageManager(  366):   Category: "android.intent.category.DEFAULT"
I/PackageManager(  366):   Scheme: "mms"
I/PackageManager(  366): Adding preferred activity ComponentInfo{com.android.mms/com.android.mms.ui.ComposeMessageActivity} for user 0 :
I/PackageManager(  366):   Action: "android.intent.action.SENDTO"
I/PackageManager(  366):   Category: "android.intent.category.DEFAULT"
I/PackageManager(  366):   Scheme: "mmsto"
I/PackageManager(  366): Adding preferred activity ComponentInfo{com.android.mms/com.android.mms.ui.ComposeMessageActivity} for user 0 :
I/PackageManager(  366):   Action: "android.intent.action.SENDTO"
I/PackageManager(  366):   Category: "android.intent.category.DEFAULT"
I/PackageManager(  366):   Scheme: "sms"
I/PackageManager(  366): Adding preferred activity ComponentInfo{com.android.mms/com.android.mms.ui.ComposeMessageActivity} for user 0 :
D/dalvikvm(  597): GC_FOR_ALLOC freed 317K, 14% free 3374K/3888K, paused 39ms, total 43ms
I/PackageManager(  366):   Action: "android.intent.action.SENDTO"
I/PackageManager(  366):   Category: "android.intent.category.DEFAULT"
I/PackageManager(  366):   Scheme: "smsto"
I/PackageManager(  366): Adding preferred activity ComponentInfo{com.android.mms/com.android.mms.ui.ComposeMessageActivity} for user 0 :
D/dalvikvm(  597): GC_CONCURRENT freed 18K, 14% free 3377K/3888K, paused 4ms+2ms, total 39ms
I/PackageManager(  366):   Action: "android.intent.action.SENDTO"
I/PackageManager(  366):   Category: "android.intent.category.DEFAULT"
I/PackageManager(  366):   Scheme: "mms"
I/PackageManager(  366): Adding preferred activity ComponentInfo{com.android.mms/com.android.mms.ui.ComposeMessageActivity} for user 0 :
E/logwrapper(  915): executing /system/bin/ip failed: No such file or directory
D/dalvikvm(  366): GC_EXPLICIT freed 1159K, 57% free 5672K/13076K, paused 5ms+6ms, total 153ms
D/dalvikvm(  366): WAIT_FOR_CONCURRENT_GC blocked 66ms
D/dalvikvm(  366): WAIT_FOR_CONCURRENT_GC blocked 66ms
D/dalvikvm(  366): WAIT_FOR_CONCURRENT_GC blocked 65ms
D/dalvikvm(  366): WAIT_FOR_CONCURRENT_GC blocked 94ms
E/ConnectivityService(  366): Exception trying to add a route: java.lang.IllegalStateException: command '45 interface fwmark exempt add 10.0.2.2/32' failed with '400 45 Failed to add exemption rule (File exists)'
I/PackageManager(  366):   Action: "android.intent.action.SENDTO"
I/PackageManager(  366):   Category: "android.intent.category.DEFAULT"
I/PackageManager(  366):   Scheme: "mmsto"
I/PackageManager(  366): Adding preferred activity ComponentInfo{com.android.mms/com.android.mms.ui.ComposeMessageActivity} for user 0 :
D/AndroidRuntime(  795): Shutting down VM
I/ActivityManager(  366): Start proc com.android.externalstorage for broadcast com.android.externalstorage/.MountReceiver: pid=917 uid=10006 gids={50006, 1028, 1015, 1023}
D/dalvikvm(  795): GC_CONCURRENT freed 95K, 16% free 560K/660K, paused 13ms+2ms, total 36ms
I/DownloadManager(  614): Upgrading downloads database from version 0 to version 109, which will destroy all old data
D/ExternalStorage(  917): Missing UUID for /storage/sdcard; skipping
D/ExternalStorage(  917): After updating volumes, found 0 active roots
