D/dalvikvm(  588): GC_CONCURRENT freed 428K, 16% free 2974K/3532K, paused 4ms+1ms, total 72ms
D/dalvikvm(  588): WAIT_FOR_CONCURRENT_GC blocked 56ms
D/CallNotifier(  601): CallNotifier: mSignalInfoToneGenerator created when toneplay
E/BluetoothAdapter(  601): Bluetooth binder is null
D/MobileDataStateTracker(  353): fota: Broadcast received: android.intent.action.ANY_DATA_STATE apnType=fota
D/MobileDataStateTracker(  353): fota: Received state=DISCONNECTED, old=DISCONNECTED, reason=radioTurnedOff
I/LatinIME:LogUtils(  588): Dictionary info: dictionary = main:en ; version = 42 ; date = 1381226429
I/LatinIME:LogUtils(  588): Dictionary info: dictionary = main:en ; version = 42 ; date = 1381226429
D/MobileDataStateTracker(  353): ia: Broadcast received: android.intent.action.ANY_DATA_STATE apnType=ia
D/MobileDataStateTracker(  353): ia: Received state=DISCONNECTED, old=DISCONNECTED, reason=radioTurnedOff
D/MobileDataStateTracker(  353): supl: Broadcast received: android.intent.action.ANY_DATA_STATE apnType=supl
D/MobileDataStateTracker(  353): supl: Received state=DISCONNECTED, old=DISCONNECTED, reason=radioTurnedOff
D/MobileDataStateTracker(  353): hipri: Broadcast received: android.intent.action.ANY_DATA_STATE apnType=hipri
D/dalvikvm(  353): GC_CONCURRENT freed 685K, 58% free 5441K/12704K, paused 4ms+81ms, total 582ms
D/MobileDataStateTracker(  353): hipri: Received state=DISCONNECTED, old=DISCONNECTED, reason=radioTurnedOff
D/MobileDataStateTracker(  353): ims: Broadcast received: android.intent.action.ANY_DATA_STATE apnType=ims
D/MobileDataStateTracker(  353): ims: Received state=DISCONNECTED, old=DISCONNECTED, reason=radioTurnedOff
D/MobileDataStateTracker(  353): default: Broadcast received: android.intent.action.ANY_DATA_STATE apnType=default
I/LatinIME:LogUtils(  588): Dictionary info: dictionary = main:en ; version = 42 ; date = 1381226429
I/LatinIME:LogUtils(  588): Dictionary info: dictionary = main:en ; version = 42 ; date = 1381226429
D/MobileDataStateTracker(  353): default: Received state=DISCONNECTED, old=DISCONNECTED, reason=radioTurnedOff
D/MobileDataStateTracker(  353): mms: Broadcast received: android.intent.action.ANY_DATA_STATE apnType=mms
D/MobileDataStateTracker(  353): mms: Received state=DISCONNECTED, old=DISCONNECTED, reason=radioTurnedOff
I/LatinIME:LogUtils(  588): Dictionary info: dictionary = main:en ; version = 42 ; date = 1381226429
I/LatinIME:LogUtils(  588): Dictionary info: dictionary = main:en ; version = 42 ; date = 1381226429
D/MobileDataStateTracker(  353): cbs: Broadcast received: android.intent.action.ANY_DATA_STATE apnType=cbs
D/MobileDataStateTracker(  353): cbs: Received state=DISCONNECTED, old=DISCONNECTED, reason=radioTurnedOff
D/MobileDataStateTracker(  353): fota: Broadcast received: android.intent.action.ANY_DATA_STATE apnType=fota
D/MobileDataStateTracker(  353): fota: Received state=DISCONNECTED, old=DISCONNECTED, reason=radioTurnedOff
D/MobileDataStateTracker(  353): ia: Broadcast received: android.intent.action.ANY_DATA_STATE apnType=ia
D/MobileDataStateTracker(  353): ia: Received state=DISCONNECTED, old=DISCONNECTED, reason=radioTurnedOff
D/MobileDataStateTracker(  353): supl: Broadcast received: android.intent.action.ANY_DATA_STATE apnType=supl
D/MobileDataStateTracker(  353): supl: Received state=DISCONNECTED, old=DISCONNECTED, reason=radioTurnedOff
D/MobileDataStateTracker(  353): hipri: Broadcast received: android.intent.action.ANY_DATA_STATE apnType=hipri
D/MobileDataStateTracker(  353): hipri: Received state=DISCONNECTED, old=DISCONNECTED, reason=radioTurnedOff
D/MobileDataStateTracker(  353): ims: Broadcast received: android.intent.action.ANY_DATA_STATE apnType=ims
D/MobileDataStateTracker(  353): ims: Received state=DISCONNECTED, old=DISCONNECTED, reason=radioTurnedOff
D/MobileDataStateTracker(  353): default: Broadcast received: android.intent.action.ANY_DATA_STATE apnType=default
D/MobileDataStateTracker(  353): default: Received state=DISCONNECTED, old=DISCONNECTED, reason=radioTurnedOff
D/MobileDataStateTracker(  353): mms: Broadcast received: android.intent.action.ANY_DATA_STATE apnType=mms
D/MobileDataStateTracker(  353): mms: Received state=DISCONNECTED, old=DISCONNECTED, reason=radioTurnedOff
D/MobileDataStateTracker(  353): cbs: Broadcast received: android.intent.action.ANY_DATA_STATE apnType=cbs
D/MobileDataStateTracker(  353): cbs: Received state=DISCONNECTED, old=DISCONNECTED, reason=radioTurnedOff
D/MobileDataStateTracker(  353): fota: Broadcast received: android.intent.action.ANY_DATA_STATE apnType=fota
D/MobileDataStateTracker(  353): fota: Received state=DISCONNECTED, old=DISCONNECTED, reason=dataDetached
D/MobileDataStateTracker(  353): ia: Broadcast received: android.intent.action.ANY_DATA_STATE apnType=ia
D/MobileDataStateTracker(  353): ia: Received state=DISCONNECTED, old=DISCONNECTED, reason=dataDetached
D/MobileDataStateTracker(  353): supl: Broadcast received: android.intent.action.ANY_DATA_STATE apnType=supl
D/MobileDataStateTracker(  353): supl: Received state=DISCONNECTED, old=DISCONNECTED, reason=dataDetached
D/MobileDataStateTracker(  353): hipri: Broadcast received: android.intent.action.ANY_DATA_STATE apnType=hipri
D/MobileDataStateTracker(  353): hipri: Received state=DISCONNECTED, old=DISCONNECTED, reason=dataDetached
D/MobileDataStateTracker(  353): ims: Broadcast received: android.intent.action.ANY_DATA_STATE apnType=ims
D/MobileDataStateTracker(  353): ims: Received state=DISCONNECTED, old=DISCONNECTED, reason=dataDetached
D/MobileDataStateTracker(  353): default: Broadcast received: android.intent.action.ANY_DATA_STATE apnType=default
D/MobileDataStateTracker(  353): default: Received state=DISCONNECTED, old=DISCONNECTED, reason=dataDetached
I/LatinIME:LogUtils(  588): Dictionary info: dictionary = main:en ; version = 42 ; date = 1381226429
D/MobileDataStateTracker(  353): mms: Broadcast received: android.intent.action.ANY_DATA_STATE apnType=mms
D/MobileDataStateTracker(  353): mms: Received state=DISCONNECTED, old=DISCONNECTED, reason=dataDetached
D/MobileDataStateTracker(  353): cbs: Broadcast received: android.intent.action.ANY_DATA_STATE apnType=cbs
D/MobileDataStateTracker(  353): cbs: Received state=DISCONNECTED, old=DISCONNECTED, reason=dataDetached
D/MobileDataStateTracker(  353): fota: Broadcast received: android.intent.action.ANY_DATA_STATE apnType=fota
D/MobileDataStateTracker(  353): fota: Received state=DISCONNECTED, old=DISCONNECTED, reason=roamingOff
D/MobileDataStateTracker(  353): ia: Broadcast received: android.intent.action.ANY_DATA_STATE apnType=ia
D/MobileDataStateTracker(  353): ia: Received state=DISCONNECTED, old=DISCONNECTED, reason=roamingOff
D/MobileDataStateTracker(  353): supl: Broadcast received: android.intent.action.ANY_DATA_STATE apnType=supl
I/LatinIME:LogUtils(  588): Dictionary info: dictionary = main:en ; version = 42 ; date = 1381226429
D/MobileDataStateTracker(  353): supl: Received state=DISCONNECTED, old=DISCONNECTED, reason=roamingOff
D/MobileDataStateTracker(  353): hipri: Broadcast received: android.intent.action.ANY_DATA_STATE apnType=hipri
D/MobileDataStateTracker(  353): hipri: Received state=DISCONNECTED, old=DISCONNECTED, reason=roamingOff
D/MobileDataStateTracker(  353): ims: Broadcast received: android.intent.action.ANY_DATA_STATE apnType=ims
D/MobileDataStateTracker(  353): ims: Received state=DISCONNECTED, old=DISCONNECTED, reason=roamingOff
D/MobileDataStateTracker(  353): default: Broadcast received: android.intent.action.ANY_DATA_STATE apnType=default
D/MobileDataStateTracker(  353): default: Received state=DISCONNECTED, old=DISCONNECTED, reason=roamingOff
D/dalvikvm(  588): GC_CONCURRENT freed 328K, 13% free 3075K/3532K, paused 52ms+5ms, total 201ms
D/MobileDataStateTracker(  353): mms: Broadcast received: android.intent.action.ANY_DATA_STATE apnType=mms
D/MobileDataStateTracker(  353): mms: Received state=DISCONNECTED, old=DISCONNECTED, reason=roamingOff
D/MobileDataStateTracker(  353): cbs: Broadcast received: android.intent.action.ANY_DATA_STATE apnType=cbs
D/MobileDataStateTracker(  353): cbs: Received state=DISCONNECTED, old=DISCONNECTED, reason=roamingOff
D/MobileDataStateTracker(  353): fota: Broadcast received: android.intent.action.ANY_DATA_STATE apnType=fota
D/MobileDataStateTracker(  353): fota: Received state=DISCONNECTED, old=DISCONNECTED, reason=roamingOff
D/MobileDataStateTracker(  353): ia: Broadcast received: android.intent.action.ANY_DATA_STATE apnType=ia
D/TelephonyDebugService(  601): TelephonyDebugService()
D/MobileDataStateTracker(  353): ia: Received state=DISCONNECTED, old=DISCONNECTED, reason=roamingOff
D/MobileDataStateTracker(  353): supl: Broadcast received: android.intent.action.ANY_DATA_STATE apnType=supl
D/MobileDataStateTracker(  353): supl: Received state=DISCONNECTED, old=DISCONNECTED, reason=roamingOff
D/MobileDataStateTracker(  353): hipri: Broadcast received: android.intent.action.ANY_DATA_STATE apnType=hipri
D/MobileDataStateTracker(  353): hipri: Received state=DISCONNECTED, old=DISCONNECTED, reason=roamingOff
D/MobileDataStateTracker(  353): ims: Broadcast received: android.intent.action.ANY_DATA_STATE apnType=ims
D/MobileDataStateTracker(  353): ims: Received state=DISCONNECTED, old=DISCONNECTED, reason=roamingOff
D/dalvikvm(  601): GC_CONCURRENT freed 293K, 11% free 3052K/3408K, paused 4ms+2ms, total 231ms
D/MobileDataStateTracker(  353): default: Broadcast received: android.intent.action.ANY_DATA_STATE apnType=default
D/MobileDataStateTracker(  353): default: Received state=DISCONNECTED, old=DISCONNECTED, reason=roamingOff
D/MobileDataStateTracker(  353): mms: Broadcast received: android.intent.action.ANY_DATA_STATE apnType=mms
D/MobileDataStateTracker(  353): mms: Received state=DISCONNECTED, old=DISCONNECTED, reason=roamingOff
D/MobileDataStateTracker(  353): cbs: Broadcast received: android.intent.action.ANY_DATA_STATE apnType=cbs
D/MobileDataStateTracker(  353): cbs: Received state=DISCONNECTED, old=DISCONNECTED, reason=roamingOff
I/FusedLocation(  353): engine started (com.android.location.fused)
D/dalvikvm(  675): GC_CONCURRENT freed 171K, 8% free 2962K/3204K, paused 4ms+12ms, total 60ms
D/dalvikvm(  353): GC_CONCURRENT freed 624K, 57% free 5504K/12704K, paused 6ms+5ms, total 68ms
D/dalvikvm(  353): WAIT_FOR_CONCURRENT_GC blocked 35ms
D/dalvikvm(  353): GC_CONCURRENT freed 733K, 57% free 5472K/12704K, paused 13ms+11ms, total 116ms
D/dalvikvm(  675): GC_FOR_ALLOC freed 190K, 8% free 3110K/3368K, paused 25ms, total 26ms
I/dalvikvm-heap(  675): Grow heap (frag case) to 3.710MB for 640016-byte allocation
D/dalvikvm(  675): GC_FOR_ALLOC freed 2K, 7% free 3733K/3996K, paused 20ms, total 20ms
D/dalvikvm(  675): GC_CONCURRENT freed 6K, 7% free 3726K/3996K, paused 3ms+2ms, total 28ms
D/MccTable(  601): updateMccMncConfiguration: mcc=310, mnc=260
D/AlarmManagerService(  353): Kernel timezone updated to 240 minutes west of GMT
D/MccTable(  601): timezone set to America/New_York
D/MccTable(  601): getLocaleFromMcc to en_us mcc=310
D/MccTable(  601): getLocaleForLanguageCountry: got match
D/MccTable(  601): getLocaleForLanguageCountry: X locale=en_US
D/MccTable(  601): WIFI_COUNTRY_CODE set to us
I/WifiService(  353): WifiService trying to set country code to us with persist set to true
W/Resources(  675): Converting to int: TypedValue{t=0x3/d=0x12 "4" a=-1}
W/Resources(  675): Converting to int: TypedValue{t=0x3/d=0xf "1" a=-1}
I/FusedLocation(  353): engine stopped (com.android.location.fused)
I/FusedLocation(  353): engine started (com.android.location.fused)
D/MobileDataStateTracker(  353): fota: Broadcast received: android.intent.action.ANY_DATA_STATE apnType=fota
D/MobileDataStateTracker(  353): fota: Received state=DISCONNECTED, old=DISCONNECTED, reason=dataAttached
D/MobileDataStateTracker(  353): ia: Broadcast received: android.intent.action.ANY_DATA_STATE apnType=ia
D/MobileDataStateTracker(  353): ia: Received state=DISCONNECTED, old=DISCONNECTED, reason=dataAttached
D/MobileDataStateTracker(  353): supl: Broadcast received: android.intent.action.ANY_DATA_STATE apnType=supl
D/MobileDataStateTracker(  353): supl: Received state=DISCONNECTED, old=DISCONNECTED, reason=dataAttached
D/MobileDataStateTracker(  353): hipri: Broadcast received: android.intent.action.ANY_DATA_STATE apnType=hipri
D/MobileDataStateTracker(  353): hipri: Received state=DISCONNECTED, old=DISCONNECTED, reason=dataAttached
D/MobileDataStateTracker(  353): ims: Broadcast received: android.intent.action.ANY_DATA_STATE apnType=ims
D/MobileDataStateTracker(  353): ims: Received state=DISCONNECTED, old=DISCONNECTED, reason=dataAttached
D/MobileDataStateTracker(  353): mms: Broadcast received: android.intent.action.ANY_DATA_STATE apnType=mms
D/MobileDataStateTracker(  353): mms: Received state=DISCONNECTED, old=DISCONNECTED, reason=dataAttached
D/MobileDataStateTracker(  353): cbs: Broadcast received: android.intent.action.ANY_DATA_STATE apnType=cbs
D/MobileDataStateTracker(  353): cbs: Received state=DISCONNECTED, old=DISCONNECTED, reason=dataAttached
D/MobileDataStateTracker(  353): fota: Broadcast received: android.intent.action.ANY_DATA_STATE apnType=fota
D/MobileDataStateTracker(  353): fota: Received state=DISCONNECTED, old=DISCONNECTED, reason=dataAttached
D/MobileDataStateTracker(  353): ia: Broadcast received: android.intent.action.ANY_DATA_STATE apnType=ia
D/MobileDataStateTracker(  353): ia: Received state=DISCONNECTED, old=DISCONNECTED, reason=dataAttached
D/MobileDataStateTracker(  353): supl: Broadcast received: android.intent.action.ANY_DATA_STATE apnType=supl
D/MobileDataStateTracker(  353): supl: Received state=DISCONNECTED, old=DISCONNECTED, reason=dataAttached
D/MobileDataStateTracker(  353): hipri: Broadcast received: android.intent.action.ANY_DATA_STATE apnType=hipri
D/MobileDataStateTracker(  353): hipri: Received state=DISCONNECTED, old=DISCONNECTED, reason=dataAttached
D/MobileDataStateTracker(  353): ims: Broadcast received: android.intent.action.ANY_DATA_STATE apnType=ims
D/MobileDataStateTracker(  353): ims: Received state=DISCONNECTED, old=DISCONNECTED, reason=dataAttached
D/MobileDataStateTracker(  353): mms: Broadcast received: android.intent.action.ANY_DATA_STATE apnType=mms
D/MobileDataStateTracker(  353): mms: Received state=DISCONNECTED, old=DISCONNECTED, reason=dataAttached
D/MobileDataStateTracker(  353): cbs: Broadcast received: android.intent.action.ANY_DATA_STATE apnType=cbs
D/MobileDataStateTracker(  353): cbs: Received state=DISCONNECTED, old=DISCONNECTED, reason=dataAttached
D/dalvikvm(  601): GC_CONCURRENT freed 303K, 11% free 3173K/3536K, paused 3ms+3ms, total 194ms
D/MccTable(  601): updateMccMncConfiguration: mcc=310, mnc=260
D/MccTable(  601): getLocaleFromMcc to en_us mcc=310
D/MccTable(  601): getLocaleForLanguageCountry: got match
D/MccTable(  601): getLocaleForLanguageCountry: X locale=en_US
D/MccTable(  601): updateMccMncConfiguration updateConfig config={1.0 310mcc260mnc en_US ldltr ?swdp ?wdp ?hdp ?density ?lsize ?long ?orien ?uimode ?night ?touch ?keyb/?/? ?nav/?}
I/ActivityManager(  353): Config changes=3 {1.0 310mcc260mnc en_US ldltr sw480dp w480dp h839dp 160dpi lrg long port finger -keyb/v/h tball/v s.6}
D/gralloc_goldfish(  675): Emulator without GPU emulation detected.
D/dalvikvm(  675): GC_FOR_ALLOC freed 114K, 5% free 3834K/4028K, paused 31ms, total 36ms
I/dalvikvm-heap(  675): Grow heap (frag case) to 5.343MB for 1610896-byte allocation
D/dalvikvm(  675): GC_CONCURRENT freed 6K, 4% free 5400K/5604K, paused 15ms+2ms, total 42ms
D/dalvikvm(  675): WAIT_FOR_CONCURRENT_GC blocked 27ms
D/dalvikvm(  675): GC_FOR_ALLOC freed <1K, 4% free 5401K/5604K, paused 25ms, total 25ms
I/dalvikvm-heap(  675): Grow heap (frag case) to 6.874MB for 1610896-byte allocation
D/dalvikvm(  675): GC_CONCURRENT freed 0K, 3% free 6974K/7180K, paused 10ms+2ms, total 28ms
D/dalvikvm(  675): WAIT_FOR_CONCURRENT_GC blocked 18ms
D/dalvikvm(  675): WAIT_FOR_CONCURRENT_GC blocked 20ms
I/Choreographer(  675): Skipped 88 frames!  The application may be doing too much work on its main thread.
D/dalvikvm(  451): GC_FOR_ALLOC freed 3078K, 5% free 3578K/3756K, paused 61ms, total 63ms
I/dalvikvm-heap(  451): Grow heap (frag case) to 6.483MB for 3072016-byte allocation
D/dalvikvm(  451): GC_CONCURRENT freed 3K, 3% free 6574K/6760K, paused 3ms+2ms, total 40ms
I/ContactLocale(  550): AddressBook Labels [en_US]: [, A, B, C, D, E, F, G, H, I, J, K, L, M, N, O, P, Q, R, S, T, U, V, W, X, Y, Z, , , , , , , , , , , , , , , , , , , , , , , , , , , , , , , , , , , , , , , , , , , , , , , , , , , , , , , , , , , , , , , , , , , , , , , , , , , , , , , , , , , , , , , , , , , , , , , , , , , , , , , , , , , , , , , , , , , , , , , , , , , , , , , , , , , , , , , , , , , , , , , , , , , , , , , , , , , , , , , , , , , , , , , , , , , , , , , , , , , , , , #, ]
D/PhoneStatusBar(  451): mSettingsPanelGravity = 55
D/PermissionCache(   58): checking android.permission.READ_FRAME_BUFFER for uid=1000 => granted (988 us)
D/gralloc (   58): Registering a buffer in the process that created it. This may cause memory ordering problems.
E/libEGL  (   58): called unimplemented OpenGL ES API
E/libEGL  (   58): called unimplemented OpenGL ES API
E/libEGL  (   58): called unimplemented OpenGL ES API
E/libEGL  (   58): called unimplemented OpenGL ES API
E/SurfaceFlinger(   58): glCheckFramebufferStatusOES error 854837674
E/SurfaceFlinger(   58): got GL_FRAMEBUFFER_COMPLETE_OES error while taking screenshot
E/libEGL  (   58): called unimplemented OpenGL ES API
E/libEGL  (   58): called unimplemented OpenGL ES API
I/ARMAssembler(   58): generated scanline__00000077:03515104_00008001_00000000 [113 ipp] (134 ins) at [0xb57691f0:0xb5769408] in 10000000 ns
W/Resources(  675): Converting to int: TypedValue{t=0x3/d=0x15 "2" a=-1}
W/Resources(  675): Converting to int: TypedValue{t=0x3/d=0x15 "2" a=-1}
I/Choreographer(  353): Skipped 186 frames!  The application may be doing too much work on its main thread.
W/Launcher.LauncherProvider(  675): Unable to add favorite: com.android.camera2/com.android.camera.CameraLauncher
W/Launcher.LauncherProvider(  675): android.content.pm.PackageManager$NameNotFoundException: ComponentInfo{com.android.camera2/com.android.camera.CameraLauncher}
W/Launcher.LauncherProvider(  675): 	at android.app.ApplicationPackageManager.getActivityInfo(ApplicationPackageManager.java:242)
W/Launcher.LauncherProvider(  675): 	at com.android.launcher2.LauncherProvider$DatabaseHelper.addAppShortcut(LauncherProvider.java:959)
W/Launcher.LauncherProvider(  675): 	at com.android.launcher2.LauncherProvider$DatabaseHelper.loadFavorites(LauncherProvider.java:863)
W/Launcher.LauncherProvider(  675): 	at com.android.launcher2.LauncherProvider$DatabaseHelper.access$000(LauncherProvider.java:253)
W/Launcher.LauncherProvider(  675): 	at com.android.launcher2.LauncherProvider.loadDefaultFavoritesIfNecessary(LauncherProvider.java:237)
W/Launcher.LauncherProvider(  675): 	at com.android.launcher2.LauncherModel$LoaderTask.loadWorkspace(LauncherModel.java:1278)
W/Launcher.LauncherProvider(  675): 	at com.android.launcher2.LauncherModel$LoaderTask.loadAndBindWorkspace(LauncherModel.java:1020)
W/Launcher.LauncherProvider(  675): 	at com.android.launcher2.LauncherModel$LoaderTask.run(LauncherModel.java:1126)
W/Launcher.LauncherProvider(  675): 	at android.os.Handler.handleCallback(Handler.java:733)
W/Launcher.LauncherProvider(  675): 	at android.os.Handler.dispatchMessage(Handler.java:95)
W/Launcher.LauncherProvider(  675): 	at android.os.Looper.loop(Looper.java:136)
W/Launcher.LauncherProvider(  675): 	at android.os.HandlerThread.run(HandlerThread.java:61)
I/Choreographer(  451): Skipped 75 frames!  The application may be doing too much work on its main thread.
W/Launcher.LauncherProvider(  675): Unable to add favorite: com.android.gallery3d/com.android.gallery3d.app.Gallery
W/Launcher.LauncherProvider(  675): android.content.pm.PackageManager$NameNotFoundException: ComponentInfo{com.android.gallery3d/com.android.gallery3d.app.Gallery}
W/Launcher.LauncherProvider(  675): 	at android.app.ApplicationPackageManager.getActivityInfo(ApplicationPackageManager.java:242)
W/Launcher.LauncherProvider(  675): 	at com.android.launcher2.LauncherProvider$DatabaseHelper.addAppShortcut(LauncherProvider.java:959)
W/Launcher.LauncherProvider(  675): 	at com.android.launcher2.LauncherProvider$DatabaseHelper.loadFavorites(LauncherProvider.java:863)
W/Launcher.LauncherProvider(  675): 	at com.android.launcher2.LauncherProvider$DatabaseHelper.access$000(LauncherProvider.java:253)
W/Launcher.LauncherProvider(  675): 	at com.android.launcher2.LauncherProvider.loadDefaultFavoritesIfNecessary(LauncherProvider.java:237)
W/Launcher.LauncherProvider(  675): 	at com.android.launcher2.LauncherModel$LoaderTask.loadWorkspace(LauncherModel.java:1278)
W/Launcher.LauncherProvider(  675): 	at com.android.launcher2.LauncherModel$LoaderTask.loadAndBindWorkspace(LauncherModel.java:1020)
W/Launcher.LauncherProvider(  675): 	at com.android.launcher2.LauncherModel$LoaderTask.run(LauncherModel.java:1126)
W/Launcher.LauncherProvider(  675): 	at android.os.Handler.handleCallback(Handler.java:733)
W/Launcher.LauncherProvider(  675): 	at android.os.Handler.dispatchMessage(Handler.java:95)
W/Launcher.LauncherProvider(  675): 	at android.os.Looper.loop(Looper.java:136)
W/Launcher.LauncherProvider(  675): 	at android.os.HandlerThread.run(HandlerThread.java:61)
I/SurfaceFlinger(   58): Boot is finished (66960 ms)
I/Choreographer(  451): Skipped 49 frames!  The application may be doing too much work on its main thread.
D/MccTable(  601): updateMccMncConfiguration: mcc=310, mnc=260
D/MccTable(  601): getLocaleFromMcc to en_us mcc=310
D/MccTable(  601): getLocaleForLanguageCountry: skipping already persisted
D/MccTable(  601): getLocaleForLanguageCountry: X locale=null
D/MccTable(  601): updateMccMncConfiguration updateConfig config={1.0 310mcc260mnc ?locale ?layoutDir ?swdp ?wdp ?hdp ?density ?lsize ?long ?orien ?uimode ?night ?touch ?keyb/?/? ?nav/?}
D/dalvikvm(  601): GC_CONCURRENT freed 347K, 12% free 3281K/3696K, paused 4ms+4ms, total 43ms
D/dalvikvm(  353): GC_CONCURRENT freed 566K, 57% free 5487K/12704K, paused 44ms+36ms, total 314ms
D/MobileDataStateTracker(  353): fota: Broadcast received: android.intent.action.ANY_DATA_STATE apnType=fota
D/MobileDataStateTracker(  353): fota: Received state=DISCONNECTED, old=DISCONNECTED, reason=simLoaded
D/MobileDataStateTracker(  353): ia: Broadcast received: android.intent.action.ANY_DATA_STATE apnType=ia
D/MobileDataStateTracker(  353): ia: Received state=DISCONNECTED, old=DISCONNECTED, reason=simLoaded
D/MobileDataStateTracker(  353): supl: Broadcast received: android.intent.action.ANY_DATA_STATE apnType=supl
D/MobileDataStateTracker(  353): supl: Received state=DISCONNECTED, old=DISCONNECTED, reason=simLoaded
D/MobileDataStateTracker(  353): hipri: Broadcast received: android.intent.action.ANY_DATA_STATE apnType=hipri
D/MobileDataStateTracker(  353): hipri: Received state=DISCONNECTED, old=DISCONNECTED, reason=simLoaded
D/MobileDataStateTracker(  353): ims: Broadcast received: android.intent.action.ANY_DATA_STATE apnType=ims
D/MobileDataStateTracker(  353): ims: Received state=DISCONNECTED, old=DISCONNECTED, reason=simLoaded
D/MobileDataStateTracker(  353): mms: Broadcast received: android.intent.action.ANY_DATA_STATE apnType=mms
D/MobileDataStateTracker(  353): mms: Received state=DISCONNECTED, old=DISCONNECTED, reason=simLoaded
D/MobileDataStateTracker(  353): cbs: Broadcast received: android.intent.action.ANY_DATA_STATE apnType=cbs
D/MobileDataStateTracker(  353): cbs: Received state=DISCONNECTED, old=DISCONNECTED, reason=simLoaded
D/dalvikvm(  601): GC_CONCURRENT freed 448K, 14% free 3283K/3796K, paused 16ms+2ms, total 149ms
D/MobileDataStateTracker(  353): default: Broadcast received: android.intent.action.ANY_DATA_STATE apnType=default
D/MobileDataStateTracker(  353): default: Received state=CONNECTING, old=DISCONNECTED, reason=simLoaded
D/MobileDataStateTracker(  353): default: setDetailed state, old =IDLE and new state=CONNECTING
D/MobileDataStateTracker(  353): fota: Broadcast received: android.intent.action.ANY_DATA_STATE apnType=fota
D/MobileDataStateTracker(  353): fota: Received state=DISCONNECTED, old=DISCONNECTED, reason=simLoaded
D/MobileDataStateTracker(  353): ia: Broadcast received: android.intent.action.ANY_DATA_STATE apnType=ia
D/MobileDataStateTracker(  353): ia: Received state=DISCONNECTED, old=DISCONNECTED, reason=simLoaded
D/MobileDataStateTracker(  353): supl: Broadcast received: android.intent.action.ANY_DATA_STATE apnType=supl
D/MobileDataStateTracker(  353): supl: Received state=DISCONNECTED, old=DISCONNECTED, reason=simLoaded
D/MobileDataStateTracker(  353): hipri: Broadcast received: android.intent.action.ANY_DATA_STATE apnType=hipri
D/Launcher.Model(  675): Reload apps on config change. curr_mcc:310 prevmcc:0
D/MobileDataStateTracker(  353): hipri: Received state=DISCONNECTED, old=DISCONNECTED, reason=simLoaded
D/MobileDataStateTracker(  353): ims: Broadcast received: android.intent.action.ANY_DATA_STATE apnType=ims
D/MobileDataStateTracker(  353): ims: Received state=DISCONNECTED, old=DISCONNECTED, reason=simLoaded
D/MobileDataStateTracker(  353): mms: Broadcast received: android.intent.action.ANY_DATA_STATE apnType=mms
D/MobileDataStateTracker(  353): mms: Received state=DISCONNECTED, old=DISCONNECTED, reason=simLoaded
D/MobileDataStateTracker(  353): cbs: Broadcast received: android.intent.action.ANY_DATA_STATE apnType=cbs
D/MobileDataStateTracker(  353): cbs: Received state=DISCONNECTED, old=DISCONNECTED, reason=simLoaded
D/MobileDataStateTracker(  353): default: Broadcast received: android.intent.action.ANY_DATA_STATE apnType=default
D/MobileDataStateTracker(  353): default: Received state=CONNECTED, old=CONNECTING, reason=connected
D/MobileDataStateTracker(  353): default: setDetailed state, old =CONNECTING and new state=CONNECTED
D/ConnectivityService(  353): ConnectivityChange for mobile: CONNECTED/CONNECTED
D/ConnectivityService(  353): ConnectivityChange checkMobileProvisioning for TYPE_MOBILE or ProvisioningNetwork
D/ConnectivityService(  353): checkMobileProvisioning: E suggestedTimeOutMs=60000
D/ConnectivityService(  353): setProvNotificationVisible: E visible=false networkType=5 extraInfo=null url=null
D/ConnectivityService(  353): checkMobileProvisioning: params={ url=http://clients3.google.com/generate_204 mTimeOutMs=60000 mCb=com.android.server.ConnectivityService$5@b33fbe30}
D/ConnectivityService(  353): checkMobileProvisioning: X
D/dalvikvm(  601): GC_CONCURRENT freed 391K, 14% free 3295K/3796K, paused 3ms+2ms, total 117ms
D/Nat464Xlat(  353): requiresClat: netType=0, hasIPv4Address=true
I/NetworkPolicy(  353): no policy for active mobile network; generating default policy
D/dalvikvm(  353): GC_CONCURRENT freed 501K, 57% free 5573K/12704K, paused 5ms+51ms, total 174ms
D/MobileDataStateTracker(  353): default: setPolicyDataEnable(enabled=true)
I/InputReader(  353): Reconfiguring input devices.  changes=0x00000010
I/PackageManager(  353):   Action: "android.intent.action.SENDTO"
I/PackageManager(  353):   Category: "android.intent.category.DEFAULT"
I/PackageManager(  353):   Scheme: "sms"
I/PackageManager(  353): Adding preferred activity ComponentInfo{com.android.mms/com.android.mms.ui.ComposeMessageActivity} for user 0 :
I/PackageManager(  353): Adding preferred activity ComponentInfo{com.android.mms/com.android.mms.ui.ComposeMessageActivity} for user 0 :
I/PackageManager(  353):   Action: "android.intent.action.SENDTO"
I/PackageManager(  353):   Category: "android.intent.category.DEFAULT"
I/PackageManager(  353):   Scheme: "smsto"
I/PackageManager(  353):   Action: "android.intent.action.SENDTO"
I/PackageManager(  353):   Category: "android.intent.category.DEFAULT"
I/PackageManager(  353):   Scheme: "mms"
I/PackageManager(  353): Adding preferred activity ComponentInfo{com.android.mms/com.android.mms.ui.ComposeMessageActivity} for user 0 :
I/PackageManager(  353):   Action: "android.intent.action.SENDTO"
I/PackageManager(  353):   Category: "android.intent.category.DEFAULT"
I/PackageManager(  353):   Scheme: "mmsto"
I/PackageManager(  353): Adding preferred activity ComponentInfo{com.android.mms/com.android.mms.ui.ComposeMessageActivity} for user 0 :
I/PackageManager(  353):   Action: "android.intent.action.SENDTO"
I/PackageManager(  353):   Category: "android.intent.category.DEFAULT"
I/PackageManager(  353):   Scheme: "sms"
I/PackageManager(  353): Adding preferred activity ComponentInfo{com.android.mms/com.android.mms.ui.ComposeMessageActivity} for user 0 :
D/dalvikvm(  675): GC_EXPLICIT freed 3503K, 48% free 3968K/7540K, paused 59ms+4ms, total 218ms
E/StrictMode(  675): class com.android.launcher2.Launcher; instances=2; limit=1
E/StrictMode(  675): android.os.StrictMode$InstanceCountViolation: class com.android.launcher2.Launcher; instances=2; limit=1
E/StrictMode(  675): 	at android.os.StrictMode.setClassInstanceLimit(StrictMode.java:1)
D/dalvikvm(  353): GC_CONCURRENT freed 615K, 56% free 5679K/12704K, paused 5ms+16ms, total 297ms
D/dalvikvm(  353): WAIT_FOR_CONCURRENT_GC blocked 178ms
D/dalvikvm(  353): WAIT_FOR_CONCURRENT_GC blocked 54ms
I/PackageManager(  353):   Action: "android.intent.action.SENDTO"
I/PackageManager(  353):   Category: "android.intent.category.DEFAULT"
I/PackageManager(  353):   Scheme: "smsto"
I/PackageManager(  353): Adding preferred activity ComponentInfo{com.android.mms/com.android.mms.ui.ComposeMessageActivity} for user 0 :
D/dalvikvm(  601): GC_CONCURRENT freed 312K, 12% free 3380K/3840K, paused 3ms+2ms, total 117ms
I/PackageManager(  353):   Action: "android.intent.action.SENDTO"
I/PackageManager(  353):   Category: "android.intent.category.DEFAULT"
I/PackageManager(  353):   Scheme: "mms"
I/PackageManager(  353): Adding preferred activity ComponentInfo{com.android.mms/com.android.mms.ui.ComposeMessageActivity} for user 0 :
I/PackageManager(  353):   Action: "android.intent.action.SENDTO"
I/PackageManager(  353):   Category: "android.intent.category.DEFAULT"
I/PackageManager(  353):   Scheme: "mmsto"
I/PackageManager(  353): Adding preferred activity ComponentInfo{com.android.mms/com.android.mms.ui.ComposeMessageActivity} for user 0 :
E/NetdConnector(  353): NDC Command {12 bandwidth setiquota eth0 9223372036854775807} took too long (1976ms)
D/MobileDataStateTracker(  353): default: setPolicyDataEnable(enabled=true)
D/MobileDataStateTracker(  353): default: isProvisioningNetwork: retVal=false
D/ConnectivityService(  353): [CheckMp] isMobileOk: isDefaultProvisioning=false
D/MobileDataStateTracker(  353): hipri: isProvisioningNetwork: retVal=false
D/ConnectivityService(  353): [CheckMp] isMobileOk: isHipriProvisioning=false
D/ConnectivityService(  353): [CheckMp] isMobileOk: start hipri url=http://clients3.google.com/generate_204
W/WindowManager(  353): App freeze timeout expired.
W/WindowManager(  353): Force clearing freeze: AppWindowToken{b31828e8 token=Token{b31fc928 ActivityRecord{b31fc7c8 u0 com.android.launcher/com.android.launcher2.Launcher t3}}}
D/dalvikvm(  675): GC_CONCURRENT freed 226K, 46% free 4140K/7540K, paused 5ms+3ms, total 116ms
D/Tethering(  353): MasterInitialState.processMessage what=3
I/MediaProvider(  624): Upgrading media database from version 0 to 700, which will destroy all old data
D/CaptivePortalTracker(  353): NoActiveNetworkState{ when=-23ms what=1 obj=NetworkInfo: type: mobile[UMTS], state: CONNECTED/CONNECTED, reason: connected, extra: epc.tmobile.com, roaming: false, failover: false, isAvailable: true, isConnectedToProvisioningNetwork: false target=com.android.internal.util.StateMachine$SmHandler }
D/CaptivePortalTracker(  353): NoActiveNetworkState not a wifi connectivity change, ignore
I/WindowManager(  353): Screen frozen for +5s66ms due to AppWindowToken{b31828e8 token=Token{b31fc928 ActivityRecord{b31fc7c8 u0 com.android.launcher/com.android.launcher2.Launcher t3}}}
E/NetdConnector(  353): NDC Command {13 bandwidth removeiquota eth0} took too long (1082ms)
D/AndroidRuntime(  778): 
D/AndroidRuntime(  778): >>>>>> AndroidRuntime START com.android.internal.os.RuntimeInit <<<<<<
D/AndroidRuntime(  778): CheckJNI is ON
I/Choreographer(  353): Skipped 34 frames!  The application may be doing too much work on its main thread.
I/ARMAssembler(   58): generated scanline__00000077:03515104_00009001_00000000 [131 ipp] (153 ins) at [0xb5769410:0xb5769674] in 0 ns
I/Choreographer(  353): Skipped 51 frames!  The application may be doing too much work on its main thread.
D/dalvikvm(  778): Trying to load lib libjavacore.so 0x0
D/dalvikvm(  778): Added shared lib libjavacore.so 0x0
D/dalvikvm(  778): Trying to load lib libnativehelper.so 0x0
D/dalvikvm(  778): Added shared lib libnativehelper.so 0x0
D/dalvikvm(  778): No JNI_OnLoad found in libnativehelper.so 0x0, skipping init
D/dalvikvm(  353): GC_FOR_ALLOC freed 787K, 56% free 5623K/12704K, paused 158ms, total 179ms
D/dalvikvm(  778): Note: class Landroid/app/ActivityManagerNative; has 179 unimplemented (abstract) methods
D/dalvikvm(  353): GC_CONCURRENT freed 26K, 56% free 5672K/12704K, paused 6ms+27ms, total 310ms
E/memtrack(  778): Couldn't load memtrack module (No such file or directory)
E/android.os.Debug(  778): failed to load memtrack module: -2
E/NetdConnector(  353): NDC Command {14 bandwidth setiquota eth0 9223372036854775807} took too long (2629ms)
D/dalvikvm(  353): GC_EXPLICIT freed 197K, 57% free 5503K/12704K, paused 275ms+285ms, total 727ms
D/MobileDataStateTracker(  353): default: setPolicyDataEnable(enabled=true)
D/ConnectivityService(  353): startUsingNetworkFeature reconnecting to 0: enableHIPRI
D/AndroidRuntime(  778): Calling main entry com.android.commands.pm.Pm
D/MobileDataStateTracker(  353): hipri: Broadcast received: android.intent.action.ANY_DATA_STATE apnType=hipri
D/MobileDataStateTracker(  353): hipri: Received state=CONNECTING, old=DISCONNECTED, reason=dataEnabled
D/MobileDataStateTracker(  353): hipri: setDetailed state, old =IDLE and new state=CONNECTING
D/MobileDataStateTracker(  353): fota: Broadcast received: android.intent.action.ANY_DATA_STATE apnType=fota
D/MobileDataStateTracker(  353): fota: Received state=DISCONNECTED, old=DISCONNECTED, reason=dataEnabled
D/MobileDataStateTracker(  353): ia: Broadcast received: android.intent.action.ANY_DATA_STATE apnType=ia
D/MobileDataStateTracker(  353): ia: Received state=DISCONNECTED, old=DISCONNECTED, reason=dataEnabled
D/MobileDataStateTracker(  353): supl: Broadcast received: android.intent.action.ANY_DATA_STATE apnType=supl
D/MobileDataStateTracker(  353): supl: Received state=DISCONNECTED, old=DISCONNECTED, reason=dataEnabled
D/MobileDataStateTracker(  353): ims: Broadcast received: android.intent.action.ANY_DATA_STATE apnType=ims
D/MobileDataStateTracker(  353): ims: Received state=DISCONNECTED, old=DISCONNECTED, reason=dataEnabled
D/MobileDataStateTracker(  353): mms: Broadcast received: android.intent.action.ANY_DATA_STATE apnType=mms
D/MobileDataStateTracker(  353): mms: Received state=DISCONNECTED, old=DISCONNECTED, reason=dataEnabled
D/MobileDataStateTracker(  353): cbs: Broadcast received: android.intent.action.ANY_DATA_STATE apnType=cbs
D/MobileDataStateTracker(  353): cbs: Received state=DISCONNECTED, old=DISCONNECTED, reason=dataEnabled
D/MobileDataStateTracker(  353): hipri: Broadcast received: android.intent.action.ANY_DATA_STATE apnType=hipri
D/MobileDataStateTracker(  353): hipri: Received state=CONNECTED, old=CONNECTING, reason=dataEnabled
D/MobileDataStateTracker(  353): hipri: setDetailed state, old =CONNECTING and new state=CONNECTED
D/ConnectivityService(  353): ConnectivityChange for mobile_hipri: CONNECTED/CONNECTED
D/dalvikvm(  601): GC_CONCURRENT freed 496K, 15% free 3307K/3872K, paused 13ms+10ms, total 124ms
I/ActivityManager(  353): Start proc com.android.defcontainer for service com.android.defcontainer/.DefaultContainerService: pid=812 uid=10003 gids={50003, 1028, 1015, 1023, 2001, 1035}
E/logwrapper(  822): executing /system/bin/ip failed: No such file or directory
E/ConnectivityService(  353): Exception trying to add a route: java.lang.IllegalStateException: command '21 interface fwmark exempt add 10.0.2.2/32' failed with '400 21 Failed to add exemption rule (File exists)'
E/logwrapper(  823): executing /system/bin/ip failed: No such file or directory
E/ConnectivityService(  353): Exception trying to add a route: java.lang.IllegalStateException: command '23 interface fwmark exempt add 10.0.2.3/32' failed with '400 23 Failed to add exemption rule (File exists)'
E/logwrapper(  824): executing /system/bin/ip failed: No such file or directory
E/ConnectivityService(  353): Exception trying to add a route: java.lang.IllegalStateException: command '25 interface fwmark exempt add 10.0.2.2/32' failed with '400 25 Failed to add exemption rule (File exists)'
E/logwrapper(  827): executing /system/bin/ip failed: No such file or directory
E/ConnectivityService(  353): Exception trying to add a route: java.lang.IllegalStateException: command '27 interface fwmark exempt add 10.0.2.4/32' failed with '400 27 Failed to add exemption rule (File exists)'
E/logwrapper(  828): executing /system/bin/ip failed: No such file or directory
E/SecondaryTablController(   55): ip route add failed: /system/bin/ip route add 10.0.2.2/32 via 0.0.0.0 dev eth0 table 60
W/FrameworkListener(   55): Handler 'interface' error (No such device)
E/ConnectivityService(  353): Exception trying to add a route: java.lang.IllegalStateException: command '28 interface route add eth0 secondary 10.0.2.2 32 0.0.0.0' failed with '400 28 ip route modification failed (No such device)'
E/logwrapper(  829): executing /system/bin/ip failed: No such file or directory
E/SecondaryTablController(   55): ip route add failed: /system/bin/ip route add 0.0.0.0/0 via 10.0.2.2 dev eth0 table 60
W/FrameworkListener(   55): Handler 'interface' error (No such device)
E/ConnectivityService(  353): Exception trying to add a route: java.lang.IllegalStateException: command '29 interface route add eth0 secondary 0.0.0.0 0 10.0.2.2' failed with '400 29 ip route modification failed (No such device)'
D/Nat464Xlat(  353): requiresClat: netType=5, hasIPv4Address=true
D/MobileDataStateTracker(  353): default: setPolicyDataEnable(enabled=true)
D/ConnectivityService(  353): startUsingNetworkFeature X: return APN_REQUEST_STARTED
E/ConnectivityService(  353): startUsingNetworkFeature took too long: 4316ms
D/ConnectivityService(  353): [CheckMp] isMobileOk: hipri started
D/ConnectivityService(  353): [CheckMp] isMobileOk: not connected ni=NetworkInfo: type: mobile_hipri[UMTS], state: DISCONNECTED/IDLE, reason: (unspecified), extra: (none), roaming: false, failover: false, isAvailable: true, isConnectedToProvisioningNetwork: false
W/NetworkPolicy(  353): shared quota unsupported; generating rule for each iface
E/NetdConnector(  353): NDC Command {31 bandwidth removeiquota eth0} took too long (891ms)
I/Choreographer(  675): Skipped 2300 frames!  The application may be doing too much work on its main thread.
D/dalvikvm(  675): GC_FOR_ALLOC freed 321K, 49% free 3910K/7540K, paused 42ms, total 56ms
I/dalvikvm-heap(  675): Grow heap (frag case) to 5.419MB for 1610896-byte allocation
D/dalvikvm(  675): GC_CONCURRENT freed 20K, 28% free 5462K/7540K, paused 35ms+2ms, total 75ms
D/dalvikvm(  675): WAIT_FOR_CONCURRENT_GC blocked 60ms
D/dalvikvm(  675): WAIT_FOR_CONCURRENT_GC blocked 21ms
D/dalvikvm(  675): GC_FOR_ALLOC freed <1K, 28% free 5462K/7540K, paused 39ms, total 39ms
D/ConnectivityService(  353): [CheckMp] isMobileOk: not connected ni=NetworkInfo: type: mobile_hipri[UMTS], state: DISCONNECTED/IDLE, reason: (unspecified), extra: (none), roaming: false, failover: false, isAvailable: true, isConnectedToProvisioningNetwork: false
I/dalvikvm-heap(  675): Grow heap (frag case) to 6.935MB for 1610896-byte allocation
D/dalvikvm(  675): GC_FOR_ALLOC freed <1K, 23% free 7035K/9116K, paused 55ms, total 55ms
D/dalvikvm(  675): GC_CONCURRENT freed <1K, 23% free 7077K/9116K, paused 5ms+3ms, total 107ms
I/ActivityManager(  353): Displayed com.android.launcher/com.android.launcher2.Launcher: +17s25ms (total +19s845ms)
I/Choreographer(  675): Skipped 48 frames!  The application may be doing too much work on its main thread.
E/NetdConnector(  353): NDC Command {32 bandwidth setiquota eth0 9223372036854775807} took too long (1760ms)
I/Choreographer(  675): Skipped 104 frames!  The application may be doing too much work on its main thread.
D/ConnectivityService(  353): [CheckMp] isMobileOk: not connected ni=NetworkInfo: type: mobile_hipri[UMTS], state: DISCONNECTED/IDLE, reason: (unspecified), extra: (none), roaming: false, failover: false, isAvailable: true, isConnectedToProvisioningNetwork: false
D/Tethering(  353): MasterInitialState.processMessage what=3
D/CaptivePortalTracker(  353): NoActiveNetworkState{ when=-14ms what=1 obj=NetworkInfo: type: mobile_hipri[UMTS], state: CONNECTED/CONNECTED, reason: dataEnabled, extra: epc.tmobile.com, roaming: false, failover: false, isAvailable: true, isConnectedToProvisioningNetwork: false target=com.android.internal.util.StateMachine$SmHandler }
D/CaptivePortalTracker(  353): NoActiveNetworkState not a wifi connectivity change, ignore
I/Choreographer(  675): Skipped 89 frames!  The application may be doing too much work on its main thread.
E/NetdConnector(  353): NDC Command {33 bandwidth removeiquota eth0} took too long (666ms)
E/SQLiteLog(  624): (1) no such table: album_info
D/ConnectivityService(  353): [CheckMp] isMobileOk: not connected ni=NetworkInfo: type: mobile_hipri[UMTS], state: DISCONNECTED/IDLE, reason: (unspecified), extra: (none), roaming: false, failover: false, isAvailable: true, isConnectedToProvisioningNetwork: false
D/dalvikvm(  624): GC_CONCURRENT freed 223K, 10% free 2882K/3168K, paused 144ms+33ms, total 285ms
I/ActivityManager(  353): Start proc com.android.externalstorage for broadcast com.android.externalstorage/.MountReceiver: pid=879 uid=10006 gids={50006, 1028, 1015, 1023}
I/DownloadManager(  624): Upgrading downloads database from version 0 to version 109, which will destroy all old data
D/ExternalStorage(  879): Missing UUID for /storage/sdcard; skipping
D/ExternalStorage(  879): After updating volumes, found 0 active roots
D/ConnectivityService(  353): [CheckMp] isMobileOk: not connected ni=NetworkInfo: type: mobile_hipri[UMTS], state: DISCONNECTED/IDLE, reason: (unspecified), extra: (none), roaming: false, failover: false, isAvailable: true, isConnectedToProvisioningNetwork: false
W/ProcessCpuTracker(  353): Skipping unknown process pid 898
E/NetdConnector(  353): NDC Command {34 bandwidth setiquota eth0 9223372036854775807} took too long (1758ms)
D/ExternalStorage(  879): Missing UUID for /storage/sdcard; skipping
D/ExternalStorage(  879): After updating volumes, found 0 active roots
D/MobileDataStateTracker(  353): default: setPolicyDataEnable(enabled=true)
D/MediaScannerReceiver(  624): action: android.intent.action.MEDIA_MOUNTED path: /storage/sdcard
I/ActivityManager(  353): Start proc com.android.exchange for content provider com.android.exchange/.provider.ExchangeDirectoryProvider: pid=901 uid=10025 gids={50025, 3003, 1028, 1015}
W/ActivityManager(  353): No content provider found for permission revoke: file:///data/local/tmp/sample_for_analysis.apk
I/ActivityManager(  353): Start proc com.android.email for content provider com.android.email/.provider.EmailProvider: pid=915 uid=10024 gids={50024, 3003, 1028, 1015}
D/ConnectivityService(  353): [CheckMp] isMobileOk: not connected ni=NetworkInfo: type: mobile_hipri[UMTS], state: DISCONNECTED/IDLE, reason: (unspecified), extra: (none), roaming: false, failover: false, isAvailable: true, isConnectedToProvisioningNetwork: false
D/ActivityThread(  915): Loading provider com.android.email.provider;com.android.email.notifier: com.android.email.provider.EmailProvider
W/ActivityManager(  353): No content provider found for permission revoke: file:///data/local/tmp/sample_for_analysis.apk
I/PackageManager(  353): Copying native libraries to /data/app-lib/vmdl-1911605623
V/MediaScanner(  624): pruneDeadThumbnailFiles... android.database.sqlite.SQLiteCursor@b2cffe40
V/MediaScanner(  624): /pruneDeadThumbnailFiles... android.database.sqlite.SQLiteCursor@b2cffe40
D/GpsLocationProvider(  353): NTP server returned: 1539128542586 (Tue Oct 09 19:42:22 EDT 2018) reference: 73813 certainty: 18 system time offset: -22748
D/dalvikvm(  353): GC_CONCURRENT freed 491K, 56% free 5635K/12704K, paused 13ms+39ms, total 114ms
D/ConnectivityService(  353): [CheckMp] isMobileOk: not connected ni=NetworkInfo: type: mobile_hipri[UMTS], state: DISCONNECTED/IDLE, reason: (unspecified), extra: (none), roaming: false, failover: false, isAvailable: true, isConnectedToProvisioningNetwork: false
D/dalvikvm(  675): GC_CONCURRENT freed 1978K, 29% free 6484K/9112K, paused 10ms+3ms, total 74ms
D/dalvikvm(  353): GC_CONCURRENT freed 403K, 54% free 5855K/12704K, paused 15ms+3ms, total 62ms
E/BluetoothAdapter(  614): Bluetooth binder is null
I/ActivityManager(  353): Start proc com.android.music for broadcast com.android.music/.MediaButtonIntentReceiver: pid=933 uid=10032 gids={50032, 3003, 1028, 1015}
I/dalvikvm(  933): CheckJNI enabled: not enabling JNI app bug workarounds.
D/dalvikvm(  353): GC_CONCURRENT freed 441K, 52% free 6156K/12704K, paused 7ms+140ms, total 278ms
D/ConnectivityService(  353): [CheckMp] isMobileOk: not connected ni=NetworkInfo: type: mobile_hipri[UMTS], state: DISCONNECTED/IDLE, reason: (unspecified), extra: (none), roaming: false, failover: false, isAvailable: true, isConnectedToProvisioningNetwork: false
D/dalvikvm(  353): GC_CONCURRENT freed 755K, 52% free 6141K/12704K, paused 7ms+5ms, total 79ms
D/dalvikvm(  915): GC_CONCURRENT freed 287K, 11% free 2923K/3280K, paused 3ms+2ms, total 618ms
D/dalvikvm(  915): WAIT_FOR_CONCURRENT_GC blocked 84ms
D/dalvikvm(  353): GC_CONCURRENT freed 760K, 52% free 6171K/12704K, paused 5ms+18ms, total 82ms
D/dalvikvm(  353): GC_CONCURRENT freed 802K, 52% free 6158K/12704K, paused 6ms+4ms, total 70ms
D/ConnectivityService(  353): [CheckMp] isMobileOk: not connected ni=NetworkInfo: type: mobile_hipri[UMTS], state: DISCONNECTED/IDLE, reason: (unspecified), extra: (none), roaming: false, failover: false, isAvailable: true, isConnectedToProvisioningNetwork: false
D/dalvikvm(  353): GC_CONCURRENT freed 788K, 52% free 6170K/12704K, paused 6ms+4ms, total 70ms
D/dalvikvm(  353): GC_CONCURRENT freed 791K, 52% free 6219K/12704K, paused 6ms+7ms, total 82ms
D/dalvikvm(  353): GC_CONCURRENT freed 837K, 52% free 6182K/12704K, paused 5ms+5ms, total 67ms
I/PackageManager(  353): Running dexopt on: com.squareenix.dxm
D/ConnectivityService(  353): [CheckMp] isMobileOk: not connected ni=NetworkInfo: type: mobile_hipri[UMTS], state: DISCONNECTED/IDLE, reason: (unspecified), extra: (none), roaming: false, failover: false, isAvailable: true, isConnectedToProvisioningNetwork: false
D/ConnectivityService(  353): [CheckMp] isMobileOk: not connected ni=NetworkInfo: type: mobile_hipri[UMTS], state: DISCONNECTED/IDLE, reason: (unspecified), extra: (none), roaming: false, failover: false, isAvailable: true, isConnectedToProvisioningNetwork: false
D/ConnectivityService(  353): [CheckMp] isMobileOk: not connected ni=NetworkInfo: type: mobile_hipri[UMTS], state: DISCONNECTED/IDLE, reason: (unspecified), extra: (none), roaming: false, failover: false, isAvailable: true, isConnectedToProvisioningNetwork: false
D/dalvikvm(  946): DexOpt: load 409ms, verify+opt 1695ms, 2210364 bytes
W/PackageManager(  353): Not granting permission android.permission.MOUNT_UNMOUNT_FILESYSTEMS to package com.squareenix.dxm (protectionLevel=18 flags=0x83e44)
W/ActivityManager(  353): Unable to start service Intent { cmp=com.android.email/.service.AttachmentDownloadService } U=0: not found
W/ActivityManager(  353): Unable to start service Intent { cmp=com.android.email/.service.AttachmentDownloadService } U=0: not found
I/ActivityManager(  353): Force stopping com.squareenix.dxm appid=10052 user=-1: update pkg
D/BackupManagerService(  353): Received broadcast Intent { act=android.intent.action.PACKAGE_ADDED dat=package:com.squareenix.dxm flg=0x4000010 (has extras) }
V/BackupManagerService(  353): addPackageParticipantsLocked: #1
I/PackageManager(  353):   Action: "android.intent.action.SENDTO"
I/PackageManager(  353):   Category: "android.intent.category.DEFAULT"
I/PackageManager(  353):   Scheme: "sms"
I/PackageManager(  353): Adding preferred activity ComponentInfo{com.android.mms/com.android.mms.ui.ComposeMessageActivity} for user 0 :
I/PackageManager(  353):   Action: "android.intent.action.SENDTO"
I/PackageManager(  353): Adding preferred activity ComponentInfo{com.android.mms/com.android.mms.ui.ComposeMessageActivity} for user 0 :
I/PackageManager(  353):   Category: "android.intent.category.DEFAULT"
I/PackageManager(  353):   Scheme: "smsto"
I/PackageManager(  353):   Action: "android.intent.action.SENDTO"
I/PackageManager(  353):   Category: "android.intent.category.DEFAULT"
I/PackageManager(  353):   Scheme: "mms"
I/PackageManager(  353): Adding preferred activity ComponentInfo{com.android.mms/com.android.mms.ui.ComposeMessageActivity} for user 0 :
I/PackageManager(  353):   Action: "android.intent.action.SENDTO"
I/PackageManager(  353):   Category: "android.intent.category.DEFAULT"
I/PackageManager(  353):   Scheme: "mmsto"
I/PackageManager(  353): Adding preferred activity ComponentInfo{com.android.mms/com.android.mms.ui.ComposeMessageActivity} for user 0 :
I/ContactDirectoryManager(  550): deleted 0 stale rows which don't have any relevant directory
I/ContactDirectoryManager(  550): Discovered 0 contact directories in 8052ms
D/dalvikvm(  353): GC_EXPLICIT freed 834K, 52% free 6221K/12704K, paused 6ms+11ms, total 344ms
