V/WebViewChromiumFactoryProvider( 1159): Binding Chromium to main looper Looper (main, tid 1) {b2d0df40}
I/LibraryLoader( 1159): Expected native library version number "",actual native library version number ""
I/chromium( 1159): [INFO:library_loader_hooks.cc(116)] Chromium logging enabled: level = 0, default verbosity = 0
I/BrowserStartupController( 1159): Initializing chromium process, renderers=0
E/AudioManagerAndroid( 1159): BLUETOOTH permission is missing!
E/chromium( 1159): [ERROR:gl_surface_egl.cc(169)] No suitable EGL configs found.
E/chromium( 1159): [ERROR:gl_surface_egl.cc(702)] GLSurfaceEGL::InitializeOneOff failed.
E/chromium( 1159): [ERROR:gl_surface_egl.cc(169)] No suitable EGL configs found.
E/chromium( 1159): [ERROR:gl_surface_egl.cc(702)] GLSurfaceEGL::InitializeOneOff failed.
E/chromium( 1159): [ERROR:gpu_info_collector.cc(86)] gfx::GLSurface::InitializeOneOff() failed
W/chromium( 1159): [WARNING:mailbox_synchronizer.cc(36)] MailboxSync not supported due to missing EGL image/fence support
E/chromium( 1159): [ERROR:gl_surface_egl.cc(169)] No suitable EGL configs found.
E/chromium( 1159): [ERROR:gl_surface_egl.cc(702)] GLSurfaceEGL::InitializeOneOff failed.
W/chromium( 1159): [WARNING:proxy_service.cc(890)] PAC support disabled because there is no system implementation
D/dalvikvm( 1159): GC_CONCURRENT freed 171K, 20% free 4563K/5636K, paused 5ms+4ms, total 380ms
I/Choreographer( 1159): Skipped 1298 frames!  The application may be doing too much work on its main thread.
I/Choreographer( 1159): Skipped 99 frames!  The application may be doing too much work on its main thread.
I/Choreographer(  448): Skipped 34 frames!  The application may be doing too much work on its main thread.
I/ActivityManager(  360): Displayed com.zymy.shua.lbhz/.ui.BuyPointActivity: +6s30ms
D/AndroidRuntime( 1229): Shutting down VM
D/dalvikvm( 1229): GC_CONCURRENT freed 97K, 15% free 589K/692K, paused 2ms+2ms, total 14ms
I/Choreographer(  448): Skipped 45 frames!  The application may be doing too much work on its main thread.
D/AndroidRuntime( 1261): 
D/AndroidRuntime( 1261): >>>>>> AndroidRuntime START com.android.internal.os.RuntimeInit <<<<<<
D/AndroidRuntime( 1261): CheckJNI is ON
D/dalvikvm( 1261): Trying to load lib libjavacore.so 0x0
D/dalvikvm( 1261): Added shared lib libjavacore.so 0x0
D/dalvikvm( 1261): Trying to load lib libnativehelper.so 0x0
D/dalvikvm( 1261): Added shared lib libnativehelper.so 0x0
D/dalvikvm( 1261): No JNI_OnLoad found in libnativehelper.so 0x0, skipping init
D/dalvikvm( 1261): Note: class Landroid/app/ActivityManagerNative; has 179 unimplemented (abstract) methods
E/memtrack( 1261): Couldn't load memtrack module (No such file or directory)
E/android.os.Debug( 1261): failed to load memtrack module: -2
D/AndroidRuntime( 1261): Calling main entry com.android.commands.am.Am
I/ActivityManager(  360): START u0 {act=android.intent.action.MAIN cat=[android.intent.category.LAUNCHER] flg=0x10000000 cmp=com.zymy.shua.lbhz/.ui.BuyVipActivity} from pid 1261
D/dalvikvm( 1159): GC_CONCURRENT freed 292K, 8% free 4837K/5232K, paused 25ms+39ms, total 456ms
I/Choreographer( 1159): Skipped 115 frames!  The application may be doing too much work on its main thread.
I/ActivityManager(  360): Displayed com.zymy.shua.lbhz/.ui.BuyVipActivity: +1s905ms
D/AndroidRuntime( 1261): Shutting down VM
D/dalvikvm( 1261): GC_CONCURRENT freed 97K, 15% free 589K/688K, paused 3ms+1ms, total 14ms
D/dalvikvm( 1159): DexOpt: --- BEGIN 'b_pkg3.0.8_1.jar' (bootstrap=0) ---
D/dalvikvm( 1159): GC_CONCURRENT freed 662K, 14% free 4776K/5536K, paused 7ms+4ms, total 95ms
D/AndroidRuntime( 1273): 
D/AndroidRuntime( 1273): >>>>>> AndroidRuntime START com.android.internal.os.RuntimeInit <<<<<<
D/AndroidRuntime( 1273): CheckJNI is ON
D/dalvikvm( 1273): Trying to load lib libjavacore.so 0x0
D/dalvikvm( 1273): Added shared lib libjavacore.so 0x0
D/dalvikvm( 1273): Trying to load lib libnativehelper.so 0x0
D/dalvikvm( 1273): Added shared lib libnativehelper.so 0x0
D/dalvikvm( 1273): No JNI_OnLoad found in libnativehelper.so 0x0, skipping init
D/dalvikvm( 1273): Note: class Landroid/app/ActivityManagerNative; has 179 unimplemented (abstract) methods
E/memtrack( 1273): Couldn't load memtrack module (No such file or directory)
E/android.os.Debug( 1273): failed to load memtrack module: -2
D/AndroidRuntime( 1273): Calling main entry com.android.commands.am.Am
I/ActivityManager(  360): START u0 {act=android.intent.action.MAIN cat=[android.intent.category.LAUNCHER] flg=0x10000000 cmp=com.zymy.shua.lbhz/.ui.lottery.LotteryDetailActivity} from pid 1273
E/openSDK_LOG( 1159): com.zymy.shua.lbhz SDK_VERSION:3.1.0.lite
I/openSDK_LOG.Tencent( 1159): createInstance()  -- start, appId = 1105635070
I/openSDK_LOG.QQAuth( 1159): QQAuth -- createInstance() --start
I/openSDK_LOG.QQAuth( 1159): new QQAuth() --start
I/openSDK_LOG.AuthAgent( 1159): is arm(default) architecture
W/System.err( 1159): java.lang.ClassNotFoundException: com.tencent.stat.StatConfig
W/System.err( 1159): 	at java.lang.Class.classForName(Native Method)
W/System.err( 1159): 	at java.lang.Class.forName(Class.java:251)
W/System.err( 1159): 	at java.lang.Class.forName(Class.java:216)
W/System.err( 1159): 	at com.tencent.connect.a.a.c(ProGuard:55)
W/System.err( 1159): 	at com.tencent.connect.auth.c.<init>(ProGuard:43)
W/System.err( 1159): 	at com.tencent.connect.auth.c.a(ProGuard:78)
W/System.err( 1159): 	at com.tencent.tauth.Tencent.<init>(ProGuard:52)
W/System.err( 1159): 	at com.tencent.tauth.Tencent.createInstance(ProGuard:60)
W/System.err( 1159): 	at com.zymy.shua.lbhz.ui.lottery.TencentShareActivity.onCreate(TencentShareActivity.java:52)
W/System.err( 1159): 	at com.zymy.shua.lbhz.ui.lottery.LotteryDetailActivity.onCreate(Native Method)
W/System.err( 1159): 	at com.zymy.shua.lbhz.ui.lottery.LotteryDetailActivity.onCreate(Native Method)
W/System.err( 1159): 	at android.app.Activity.performCreate(Activity.java:5231)
W/System.err( 1159): 	at android.app.Instrumentation.callActivityOnCreate(Instrumentation.java:1087)
W/System.err( 1159): 	at android.app.ActivityThread.performLaunchActivity(ActivityThread.java:2148)
W/System.err( 1159): 	at android.app.ActivityThread.handleLaunchActivity(ActivityThread.java:2233)
W/System.err( 1159): 	at android.app.ActivityThread.access$800(ActivityThread.java:135)
W/System.err( 1159): 	at android.app.ActivityThread$H.handleMessage(ActivityThread.java:1196)
W/System.err( 1159): 	at android.os.Handler.dispatchMessage(Handler.java:102)
W/System.err( 1159): 	at android.os.Looper.loop(Looper.java:136)
W/System.err( 1159): 	at android.app.ActivityThread.main(ActivityThread.java:5001)
W/System.err( 1159): 	at java.lang.reflect.Method.invokeNative(Native Method)
W/System.err( 1159): 	at java.lang.reflect.Method.invoke(Method.java:515)
W/System.err( 1159): 	at com.android.internal.os.ZygoteInit$MethodAndArgsCaller.run(ZygoteInit.java:785)
W/System.err( 1159): 	at com.android.internal.os.ZygoteInit.main(ZygoteInit.java:601)
W/System.err( 1159): 	at dalvik.system.NativeStart.main(Native Method)
W/System.err( 1159): Caused by: java.lang.NoClassDefFoundError: com/tencent/stat/StatConfig
W/System.err( 1159): 	... 25 more
W/System.err( 1159): Caused by: java.lang.ClassNotFoundException: Didn't find class "com.tencent.stat.StatConfig" on path: DexPathList[[dex file "dalvik.system.DexFile@b2d49960", dex file "dalvik.system.DexFile@b2d49498", zip file "/data/app/com.zymy.shua.lbhz-1.apk", zip file "/data/data/com.zymy.shua.lbhz/app_libs/ymdex.jar"],nativeLibraryDirectories=[/data/app-lib/com.zymy.shua.lbhz-1, /system/lib]]
W/System.err( 1159): 	at dalvik.system.BaseDexClassLoader.findClass(BaseDexClassLoader.java:56)
W/System.err( 1159): 	at java.lang.ClassLoader.loadClass(ClassLoader.java:497)
W/System.err( 1159): 	at java.lang.ClassLoader.loadClass(ClassLoader.java:457)
W/System.err( 1159): 	... 25 more
I/openSDK_LOG.QQAuth( 1159): new QQAuth() --end
I/openSDK_LOG.QQAuth( 1159): QQAuth -- createInstance()  --end
I/openSDK_LOG.Tencent( 1159): createInstance()  -- end
D/AndroidRuntime( 1159): Shutting down VM
W/dalvikvm( 1159): threadid=1: thread exiting with uncaught exception (group=0xb2a5aba8)
D/dalvikvm( 1159): GC_CONCURRENT freed 420K, 10% free 5033K/5560K, paused 7ms+5ms, total 353ms
D/dalvikvm( 1159): WAIT_FOR_CONCURRENT_GC blocked 46ms
E/AndroidRuntime( 1159): FATAL EXCEPTION: main
E/AndroidRuntime( 1159): Process: com.zymy.shua.lbhz, PID: 1159
E/AndroidRuntime( 1159): java.lang.RuntimeException: Unable to start activity ComponentInfo{com.zymy.shua.lbhz/com.zymy.shua.lbhz.ui.lottery.LotteryDetailActivity}: java.lang.NullPointerException: NullPointerException in DoInvoke because of null receiver
E/AndroidRuntime( 1159): 	at android.app.ActivityThread.performLaunchActivity(ActivityThread.java:2184)
E/AndroidRuntime( 1159): 	at android.app.ActivityThread.handleLaunchActivity(ActivityThread.java:2233)
E/AndroidRuntime( 1159): 	at android.app.ActivityThread.access$800(ActivityThread.java:135)
E/AndroidRuntime( 1159): 	at android.app.ActivityThread$H.handleMessage(ActivityThread.java:1196)
E/AndroidRuntime( 1159): 	at android.os.Handler.dispatchMessage(Handler.java:102)
E/AndroidRuntime( 1159): 	at android.os.Looper.loop(Looper.java:136)
E/AndroidRuntime( 1159): 	at android.app.ActivityThread.main(ActivityThread.java:5001)
E/AndroidRuntime( 1159): 	at java.lang.reflect.Method.invokeNative(Native Method)
E/AndroidRuntime( 1159): 	at java.lang.reflect.Method.invoke(Method.java:515)
E/AndroidRuntime( 1159): 	at com.android.internal.os.ZygoteInit$MethodAndArgsCaller.run(ZygoteInit.java:785)
E/AndroidRuntime( 1159): 	at com.android.internal.os.ZygoteInit.main(ZygoteInit.java:601)
E/AndroidRuntime( 1159): 	at dalvik.system.NativeStart.main(Native Method)
E/AndroidRuntime( 1159): Caused by: java.lang.NullPointerException: NullPointerException in DoInvoke because of null receiver
E/AndroidRuntime( 1159): 	at com.zymy.shua.lbhz.ui.lottery.LotteryDetailActivity.onCreate(Native Method)
E/AndroidRuntime( 1159): 	at com.zymy.shua.lbhz.ui.lottery.LotteryDetailActivity.onCreate(Native Method)
E/AndroidRuntime( 1159): 	at android.app.Activity.performCreate(Activity.java:5231)
E/AndroidRuntime( 1159): 	at android.app.Instrumentation.callActivityOnCreate(Instrumentation.java:1087)
E/AndroidRuntime( 1159): 	at android.app.ActivityThread.performLaunchActivity(ActivityThread.java:2148)
E/AndroidRuntime( 1159): 	... 11 more
W/ActivityManager(  360):   Force finishing activity com.zymy.shua.lbhz/.ui.lottery.LotteryDetailActivity
W/ActivityManager(  360):   Force finishing activity com.zymy.shua.lbhz/.ui.BuyVipActivity
I/Choreographer(  360): Skipped 53 frames!  The application may be doing too much work on its main thread.
W/ActivityManager(  360): Activity pause timeout for ActivityRecord{b36ce118 u0 com.zymy.shua.lbhz/.ui.lottery.LotteryDetailActivity t4 f}
W/ActivityManager(  360): Launch timeout has expired, giving up wake lock!
D/AndroidRuntime( 1273): Shutting down VM
D/dalvikvm( 1273): GC_CONCURRENT freed 97K, 15% free 589K/692K, paused 2ms+2ms, total 19ms
D/dalvikvm( 1272): DexOpt: couldn't find static field Landroid/os/Build;.SUPPORTED_ABIS
D/dalvikvm( 1272): DexOpt: load 195ms, verify+opt 16024ms, 667188 bytes
D/dalvikvm( 1159): DexOpt: --- END 'b_pkg3.0.8_1.jar' (success) ---
D/dalvikvm( 1159): DEX prep '/storage/sdcard/Android/data/com.tencent.mm/.cache/b_pkg3.0.8_1.jar': unzip in 424ms, rewrite 18205ms
D/dalvikvm( 1159): GC_CONCURRENT freed 553K, 12% free 5159K/5812K, paused 13ms+5ms, total 62ms
D/dalvikvm( 1159): GC_CONCURRENT freed 877K, 17% free 5001K/5996K, paused 5ms+4ms, total 78ms
D/AndroidRuntime( 1290): 
D/AndroidRuntime( 1290): >>>>>> AndroidRuntime START com.android.internal.os.RuntimeInit <<<<<<
D/AndroidRuntime( 1290): CheckJNI is ON
D/dalvikvm( 1290): Trying to load lib libjavacore.so 0x0
D/dalvikvm( 1290): Added shared lib libjavacore.so 0x0
D/dalvikvm( 1290): Trying to load lib libnativehelper.so 0x0
D/dalvikvm( 1290): Added shared lib libnativehelper.so 0x0
D/dalvikvm( 1290): No JNI_OnLoad found in libnativehelper.so 0x0, skipping init
D/dalvikvm( 1290): Note: class Landroid/app/ActivityManagerNative; has 179 unimplemented (abstract) methods
E/memtrack( 1290): Couldn't load memtrack module (No such file or directory)
E/android.os.Debug( 1290): failed to load memtrack module: -2
D/AndroidRuntime( 1290): Calling main entry com.android.commands.am.Am
I/ActivityManager(  360): START u0 {act=android.intent.action.MAIN cat=[android.intent.category.LAUNCHER] flg=0x10000000 cmp=com.zymy.shua.lbhz/.ui.lottery.LotteryNormalActivity} from pid 1290
W/ActivityManager(  360): Activity pause timeout for ActivityRecord{b3068be8 u0 com.zymy.shua.lbhz/.ui.BuyPointActivity t4}
W/ActivityManager(  360): Activity destroy timeout for ActivityRecord{b3737df0 u0 com.zymy.shua.lbhz/.ui.BuyVipActivity t4 f}
W/ActivityManager(  360): Activity destroy timeout for ActivityRecord{b36ce118 u0 com.zymy.shua.lbhz/.ui.lottery.LotteryDetailActivity t4 f}
W/ActivityManager(  360): Launch timeout has expired, giving up wake lock!
D/AndroidRuntime( 1290): Shutting down VM
D/dalvikvm( 1290): GC_CONCURRENT freed 97K, 15% free 589K/692K, paused 2ms+2ms, total 14ms
D/AndroidRuntime( 1300): 
D/AndroidRuntime( 1300): >>>>>> AndroidRuntime START com.android.internal.os.RuntimeInit <<<<<<
D/AndroidRuntime( 1300): CheckJNI is ON
D/dalvikvm( 1300): Trying to load lib libjavacore.so 0x0
D/dalvikvm( 1300): Added shared lib libjavacore.so 0x0
D/dalvikvm( 1300): Trying to load lib libnativehelper.so 0x0
D/dalvikvm( 1300): Added shared lib libnativehelper.so 0x0
D/dalvikvm( 1300): No JNI_OnLoad found in libnativehelper.so 0x0, skipping init
D/dalvikvm( 1300): Note: class Landroid/app/ActivityManagerNative; has 179 unimplemented (abstract) methods
E/memtrack( 1300): Couldn't load memtrack module (No such file or directory)
E/android.os.Debug( 1300): failed to load memtrack module: -2
D/AndroidRuntime( 1300): Calling main entry com.android.commands.am.Am
I/ActivityManager(  360): START u0 {act=android.intent.action.MAIN cat=[android.intent.category.LAUNCHER] flg=0x10000000 cmp=com.zymy.shua.lbhz/.ui.lottery.LotteryDNFActivity} from pid 1300
W/ActivityManager(  360): Activity pause timeout for ActivityRecord{b3252ff8 u0 com.zymy.shua.lbhz/.ui.lottery.LotteryNormalActivity t4}
D/dalvikvm(  360): GC_CONCURRENT freed 727K, 54% free 6195K/13256K, paused 7ms+5ms, total 62ms
W/WindowManager(  360): Rebuild removed 7 windows but added 6
W/WindowManager(  360): java.lang.RuntimeException: here
W/WindowManager(  360): 	at com.android.server.wm.WindowManagerService.rebuildAppWindowListLocked(WindowManagerService.java:8027)
W/WindowManager(  360): 	at com.android.server.wm.WindowManagerService.rebuildAppWindowListLocked(WindowManagerService.java:7963)
W/WindowManager(  360): 	at com.android.server.wm.WindowManagerService.handleAppTransitionReadyLocked(WindowManagerService.java:8446)
W/WindowManager(  360): 	at com.android.server.wm.WindowManagerService.performLayoutAndPlaceSurfacesLockedInner(WindowManagerService.java:9209)
W/WindowManager(  360): 	at com.android.server.wm.WindowManagerService.performLayoutAndPlaceSurfacesLockedLoop(WindowManagerService.java:8179)
W/WindowManager(  360): 	at com.android.server.wm.WindowManagerService.performLayoutAndPlaceSurfacesLocked(WindowManagerService.java:8121)
W/WindowManager(  360): 	at com.android.server.wm.WindowManagerService.access$300(WindowManagerService.java:157)
W/WindowManager(  360): 	at com.android.server.wm.WindowManagerService$H.handleMessage(WindowManagerService.java:7342)
W/WindowManager(  360): 	at android.os.Handler.dispatchMessage(Handler.java:102)
W/WindowManager(  360): 	at android.os.Looper.loop(Looper.java:136)
W/WindowManager(  360): 	at android.os.HandlerThread.run(HandlerThread.java:61)
W/WindowManager(  360): This window was lost: Window{b3215fb0 u0 com.zymy.shua.lbhz/com.zymy.shua.lbhz.ui.BuyVipActivity}
W/WindowManager(  360): mDisplayId=0 mSession=Session{b2ff3228 1159:u0a10052} mClient=android.os.BinderProxy@b3058f18
W/WindowManager(  360): mOwnerUid=10052 mShowToOwnerOnly=true package=com.zymy.shua.lbhz appop=NONE
W/WindowManager(  360): mAttrs=WM.LayoutParams{(0,0)(fillxfill) sim=#110 ty=1 fl=#1810100 pfl=0x8 wanim=0x10302a1}
W/WindowManager(  360): Requested w=480 h=864 mLayoutSeq=74
W/WindowManager(  360): mBaseLayer=21000 mSubLayer=0 mAnimLayer=21005+0=21005 mLastLayer=21035
W/WindowManager(  360): mToken=AppWindowToken{b36a91f0 token=Token{b3737f50 ActivityRecord{b3737df0 u0 com.zymy.shua.lbhz/.ui.BuyVipActivity t4}}}
W/WindowManager(  360): mRootToken=AppWindowToken{b36a91f0 token=Token{b3737f50 ActivityRecord{b3737df0 u0 com.zymy.shua.lbhz/.ui.BuyVipActivity t4}}}
W/WindowManager(  360): mAppToken=AppWindowToken{b36a91f0 token=Token{b3737f50 ActivityRecord{b3737df0 u0 com.zymy.shua.lbhz/.ui.BuyVipActivity t4}}}
W/WindowManager(  360): mViewVisibility=0x0 mHaveFrame=true mObscured=false
W/WindowManager(  360): mSeq=0 mSystemUiVisibility=0x0
W/WindowManager(  360): mGivenContentInsets=[0,0][0,0] mGivenVisibleInsets=[0,0][0,0]
W/WindowManager(  360): mConfiguration={1.0 310mcc260mnc en_US ldltr sw480dp w480dp h839dp 160dpi lrg long port finger -keyb/v/h tball/v s.6}
W/WindowManager(  360): mHasSurface=true mShownFrame=[0.0,0.0][480.0,864.0] isReadyForDisplay()=false
W/WindowManager(  360): mFrame=[0,0][480,864] last=[0,0][480,864]
W/WindowManager(  360): mSystemDecorRect=[0,25][480,864] last=[0,25][480,864]
W/WindowManager(  360): Frames: containing=[0,0][480,864] parent=[0,0][480,864]
W/WindowManager(  360):     display=[0,0][480,864] overscan=[0,0][480,864]
W/WindowManager(  360):     content=[0,25][480,864] visible=[0,25][480,864]
W/WindowManager(  360):     decor=[0,25][480,864]
W/WindowManager(  360): Cur insets: overscan=[0,0][0,0] content=[0,25][0,0] visible=[0,25][0,0]
W/WindowManager(  360): Lst insets: overscan=[0,0][0,0] content=[0,25][0,0] visible=[0,25][0,0]
W/WindowManager(  360): WindowStateAnimator{b324f2d8 com.zymy.shua.lbhz/com.zymy.shua.lbhz.ui.BuyVipActivity}:
W/WindowManager(  360):   mSurface=Surface(name=com.zymy.shua.lbhz/com.zymy.shua.lbhz.ui.BuyVipActivity)
W/WindowManager(  360):   mDrawState=HAS_DRAWN mLastHidden=true
W/WindowManager(  360):   Surface: shown=false layer=21035 alpha=0.0 rect=(0.0,0.0) 480.0 x 864.0
W/WindowManager(  360):   mShownAlpha=1.0 mAlpha=1.0 mLastAlpha=0.0
W/WindowManager(  360): Current app token list:
V/WindowManager(  360):   Display 0
V/WindowManager(  360):   #5: Token{b3251ac0 ActivityRecord{b3251960 u0 com.zymy.shua.lbhz/.ui.lottery.LotteryDNFActivity t4}}
V/WindowManager(  360):   #4: Token{b2e91f30 ActivityRecord{b3252ff8 u0 com.zymy.shua.lbhz/.ui.lottery.LotteryNormalActivity t4}}
V/WindowManager(  360):   #3: Token{b323bb38 ActivityRecord{b3068be8 u0 com.zymy.shua.lbhz/.ui.BuyPointActivity t4}}
V/WindowManager(  360):   #2: Token{b2f15738 ActivityRecord{b3054100 u0 com.zymy.shua.lbhz/.ui.MainActivity t4}}
V/WindowManager(  360):   #1: Token{b34f3420 ActivityRecord{b2eb8628 u0 com.zymy.shua.lbhz/.ui.SplashActivity t4}}
V/WindowManager(  360):   #0: Token{b33f2e98 ActivityRecord{b2f3c588 u0 com.android.launcher/com.android.launcher2.Launcher t3}}
W/WindowManager(  360): Final window list:
V/WindowManager(  360):   #0: Window{b33dcd38 u0 StatusBar}
V/WindowManager(  360):   #1: Window{b2e73838 u0 KeyguardScrim}
V/WindowManager(  360):   #2: Window{b30837a8 u0 Application Error: com.zymy.shua.lbhz}
V/WindowManager(  360):   #3: Window{b36a8af0 u0 com.zymy.shua.lbhz/com.zymy.shua.lbhz.ui.BuyPointActivity}
V/WindowManager(  360):   #4: Window{b36a8168 u0 com.zymy.shua.lbhz/com.zymy.shua.lbhz.ui.MainActivity}
V/WindowManager(  360):   #5: Window{b36a8630 u0 com.zymy.shua.lbhz/com.zymy.shua.lbhz.ui.MainActivity}
V/WindowManager(  360):   #6: Window{b3558948 u0 com.zymy.shua.lbhz/com.zymy.shua.lbhz.ui.SplashActivity}
V/WindowManager(  360):   #7: Window{b3556408 u0 com.zymy.shua.lbhz/com.zymy.shua.lbhz.ui.SplashActivity}
V/WindowManager(  360):   #8: Window{b3230d70 u0 com.android.launcher/com.android.launcher2.Launcher}
V/WindowManager(  360):   #9: Window{b2ff28f0 u0 com.android.systemui.ImageWallpaper}
W/ActivityManager(  360): Launch timeout has expired, giving up wake lock!
D/AndroidRuntime( 1300): Shutting down VM
D/dalvikvm( 1300): GC_CONCURRENT freed 97K, 15% free 589K/692K, paused 1ms+3ms, total 13ms
W/ActivityManager(  360): Timeout executing service: ServiceRecord{b31c18d0 u0 com.zymy.shua.lbhz/net.youmi.android.AdService}
I/ActivityManager(  360): Crashing app skipping ANR: ProcessRecord{b2f36e58 1159:com.zymy.shua.lbhz/u0a52} Executing service com.zymy.shua.lbhz/net.youmi.android.AdService
D/AndroidRuntime( 1310): 
D/AndroidRuntime( 1310): >>>>>> AndroidRuntime START com.android.internal.os.RuntimeInit <<<<<<
D/AndroidRuntime( 1310): CheckJNI is ON
D/dalvikvm( 1310): Trying to load lib libjavacore.so 0x0
D/dalvikvm( 1310): Added shared lib libjavacore.so 0x0
D/dalvikvm( 1310): Trying to load lib libnativehelper.so 0x0
D/dalvikvm( 1310): Added shared lib libnativehelper.so 0x0
D/dalvikvm( 1310): No JNI_OnLoad found in libnativehelper.so 0x0, skipping init
D/dalvikvm( 1310): Note: class Landroid/app/ActivityManagerNative; has 179 unimplemented (abstract) methods
E/memtrack( 1310): Couldn't load memtrack module (No such file or directory)
E/android.os.Debug( 1310): failed to load memtrack module: -2
D/AndroidRuntime( 1310): Calling main entry com.android.commands.am.Am
I/ActivityManager(  360): START u0 {act=android.intent.action.MAIN cat=[android.intent.category.LAUNCHER] flg=0x10000000 cmp=com.zymy.shua.lbhz/.ui.lottery.LotteryLOLActivity} from pid 1310
W/ActivityManager(  360): Activity pause timeout for ActivityRecord{b3251960 u0 com.zymy.shua.lbhz/.ui.lottery.LotteryDNFActivity t4}
W/ActivityManager(  360): Launch timeout has expired, giving up wake lock!
D/AndroidRuntime( 1310): Shutting down VM
D/dalvikvm( 1310): GC_CONCURRENT freed 97K, 15% free 589K/688K, paused 2ms+2ms, total 15ms
D/AndroidRuntime( 1320): 
D/AndroidRuntime( 1320): >>>>>> AndroidRuntime START com.android.internal.os.RuntimeInit <<<<<<
D/AndroidRuntime( 1320): CheckJNI is ON
D/dalvikvm( 1320): Trying to load lib libjavacore.so 0x0
D/dalvikvm( 1320): Added shared lib libjavacore.so 0x0
D/dalvikvm( 1320): Trying to load lib libnativehelper.so 0x0
D/dalvikvm( 1320): Added shared lib libnativehelper.so 0x0
D/dalvikvm( 1320): No JNI_OnLoad found in libnativehelper.so 0x0, skipping init
D/dalvikvm( 1320): Note: class Landroid/app/ActivityManagerNative; has 179 unimplemented (abstract) methods
E/memtrack( 1320): Couldn't load memtrack module (No such file or directory)
E/android.os.Debug( 1320): failed to load memtrack module: -2
D/AndroidRuntime( 1320): Calling main entry com.android.commands.am.Am
I/ActivityManager(  360): START u0 {act=android.intent.action.MAIN cat=[android.intent.category.LAUNCHER] flg=0x10000000 cmp=com.zymy.shua.lbhz/.ui.lottery.LotteryCFActivity} from pid 1320
W/ActivityManager(  360): Activity pause timeout for ActivityRecord{b36a0498 u0 com.zymy.shua.lbhz/.ui.lottery.LotteryLOLActivity t4}
W/ActivityManager(  360): Launch timeout has expired, giving up wake lock!
D/AndroidRuntime( 1320): Shutting down VM
D/dalvikvm( 1320): GC_CONCURRENT freed 97K, 15% free 589K/688K, paused 2ms+2ms, total 14ms
D/AndroidRuntime( 1330): 
D/AndroidRuntime( 1330): >>>>>> AndroidRuntime START com.android.internal.os.RuntimeInit <<<<<<
D/AndroidRuntime( 1330): CheckJNI is ON
D/dalvikvm( 1330): Trying to load lib libjavacore.so 0x0
D/dalvikvm( 1330): Added shared lib libjavacore.so 0x0
D/dalvikvm( 1330): Trying to load lib libnativehelper.so 0x0
D/dalvikvm( 1330): Added shared lib libnativehelper.so 0x0
D/dalvikvm( 1330): No JNI_OnLoad found in libnativehelper.so 0x0, skipping init
D/dalvikvm( 1330): Note: class Landroid/app/ActivityManagerNative; has 179 unimplemented (abstract) methods
E/memtrack( 1330): Couldn't load memtrack module (No such file or directory)
E/android.os.Debug( 1330): failed to load memtrack module: -2
D/AndroidRuntime( 1330): Calling main entry com.android.commands.am.Am
I/ActivityManager(  360): START u0 {act=android.intent.action.MAIN cat=[android.intent.category.LAUNCHER] flg=0x10000000 cmp=com.zymy.shua.lbhz/.ui.lottery.LotteryCAActivity} from pid 1330
W/ActivityManager(  360): Activity pause timeout for ActivityRecord{b3737df0 u0 com.zymy.shua.lbhz/.ui.lottery.LotteryCFActivity t4}
W/ActivityManager(  360): Launch timeout has expired, giving up wake lock!
D/AndroidRuntime( 1330): Shutting down VM
D/dalvikvm( 1330): GC_CONCURRENT freed 97K, 15% free 589K/688K, paused 2ms+2ms, total 11ms
D/AndroidRuntime( 1340): 
D/AndroidRuntime( 1340): >>>>>> AndroidRuntime START com.android.internal.os.RuntimeInit <<<<<<
D/AndroidRuntime( 1340): CheckJNI is ON
D/dalvikvm( 1340): Trying to load lib libjavacore.so 0x0
D/dalvikvm( 1340): Added shared lib libjavacore.so 0x0
D/dalvikvm( 1340): Trying to load lib libnativehelper.so 0x0
D/dalvikvm( 1340): Added shared lib libnativehelper.so 0x0
D/dalvikvm( 1340): No JNI_OnLoad found in libnativehelper.so 0x0, skipping init
D/dalvikvm( 1340): Note: class Landroid/app/ActivityManagerNative; has 179 unimplemented (abstract) methods
E/memtrack( 1340): Couldn't load memtrack module (No such file or directory)
E/android.os.Debug( 1340): failed to load memtrack module: -2
D/AndroidRuntime( 1340): Calling main entry com.android.commands.am.Am
I/ActivityManager(  360): START u0 {act=android.intent.action.MAIN cat=[android.intent.category.LAUNCHER] flg=0x10000000 cmp=com.zymy.shua.lbhz/.ui.getdiamonds.MyTaskActivity} from pid 1340
W/ActivityManager(  360): Activity pause timeout for ActivityRecord{b30f4d98 u0 com.zymy.shua.lbhz/.ui.lottery.LotteryCAActivity t4}
W/ActivityManager(  360): Launch timeout has expired, giving up wake lock!
D/AndroidRuntime( 1340): Shutting down VM
D/dalvikvm( 1340): GC_CONCURRENT freed 97K, 15% free 589K/692K, paused 2ms+1ms, total 15ms
D/AndroidRuntime( 1350): 
D/AndroidRuntime( 1350): >>>>>> AndroidRuntime START com.android.internal.os.RuntimeInit <<<<<<
D/AndroidRuntime( 1350): CheckJNI is ON
D/dalvikvm( 1350): Trying to load lib libjavacore.so 0x0
D/dalvikvm( 1350): Added shared lib libjavacore.so 0x0
D/dalvikvm( 1350): Trying to load lib libnativehelper.so 0x0
D/dalvikvm( 1350): Added shared lib libnativehelper.so 0x0
D/dalvikvm( 1350): No JNI_OnLoad found in libnativehelper.so 0x0, skipping init
D/dalvikvm( 1350): Note: class Landroid/app/ActivityManagerNative; has 179 unimplemented (abstract) methods
E/memtrack( 1350): Couldn't load memtrack module (No such file or directory)
E/android.os.Debug( 1350): failed to load memtrack module: -2
D/AndroidRuntime( 1350): Calling main entry com.android.commands.am.Am
I/ActivityManager(  360): START u0 {act=android.intent.action.MAIN cat=[android.intent.category.LAUNCHER] flg=0x10000000 cmp=com.zymy.shua.lbhz/.ui.getdiamonds.TaskListActivity} from pid 1350
W/ActivityManager(  360): Activity pause timeout for ActivityRecord{b32209b0 u0 com.zymy.shua.lbhz/.ui.getdiamonds.MyTaskActivity t4}
W/ActivityManager(  360): Launch timeout has expired, giving up wake lock!
D/AndroidRuntime( 1350): Shutting down VM
D/dalvikvm( 1350): GC_CONCURRENT freed 97K, 15% free 589K/688K, paused 3ms+2ms, total 13ms
D/AndroidRuntime( 1364): 
D/AndroidRuntime( 1364): >>>>>> AndroidRuntime START com.android.internal.os.RuntimeInit <<<<<<
D/AndroidRuntime( 1364): CheckJNI is ON
D/dalvikvm( 1364): Trying to load lib libjavacore.so 0x0
D/dalvikvm( 1364): Added shared lib libjavacore.so 0x0
D/dalvikvm( 1364): Trying to load lib libnativehelper.so 0x0
D/dalvikvm( 1364): Added shared lib libnativehelper.so 0x0
D/dalvikvm( 1364): No JNI_OnLoad found in libnativehelper.so 0x0, skipping init
D/dalvikvm( 1364): Note: class Landroid/app/ActivityManagerNative; has 179 unimplemented (abstract) methods
E/memtrack( 1364): Couldn't load memtrack module (No such file or directory)
E/android.os.Debug( 1364): failed to load memtrack module: -2
D/AndroidRuntime( 1364): Calling main entry com.android.commands.am.Am
I/ActivityManager(  360): START u0 {act=android.intent.action.MAIN cat=[android.intent.category.LAUNCHER] flg=0x10000000 cmp=com.zymy.shua.lbhz/.ui.lottery.LotteryKupaoActivity} from pid 1364
W/ActivityManager(  360): Activity pause timeout for ActivityRecord{b351ecd8 u0 com.zymy.shua.lbhz/.ui.getdiamonds.TaskListActivity t4}
W/ActivityManager(  360): Launch timeout has expired, giving up wake lock!
D/AndroidRuntime( 1364): Shutting down VM
D/dalvikvm( 1364): GC_CONCURRENT freed 97K, 15% free 589K/688K, paused 2ms+3ms, total 14ms
D/AndroidRuntime( 1374): 
D/AndroidRuntime( 1374): >>>>>> AndroidRuntime START com.android.internal.os.RuntimeInit <<<<<<
D/AndroidRuntime( 1374): CheckJNI is ON
D/dalvikvm( 1374): Trying to load lib libjavacore.so 0x0
D/dalvikvm( 1374): Added shared lib libjavacore.so 0x0
D/dalvikvm( 1374): Trying to load lib libnativehelper.so 0x0
D/dalvikvm( 1374): Added shared lib libnativehelper.so 0x0
D/dalvikvm( 1374): No JNI_OnLoad found in libnativehelper.so 0x0, skipping init
D/dalvikvm( 1374): Note: class Landroid/app/ActivityManagerNative; has 179 unimplemented (abstract) methods
E/memtrack( 1374): Couldn't load memtrack module (No such file or directory)
E/android.os.Debug( 1374): failed to load memtrack module: -2
D/AndroidRuntime( 1374): Calling main entry com.android.commands.am.Am
I/ActivityManager(  360): START u0 {act=android.intent.action.MAIN cat=[android.intent.category.LAUNCHER] flg=0x10000000 cmp=com.zymy.shua.lbhz/.ui.NewTeachActivity} from pid 1374
W/ActivityManager(  360): Activity pause timeout for ActivityRecord{b2f29cd0 u0 com.zymy.shua.lbhz/.ui.lottery.LotteryKupaoActivity t4}
W/ActivityManager(  360): Launch timeout has expired, giving up wake lock!
D/AndroidRuntime( 1374): Shutting down VM
D/dalvikvm( 1374): GC_CONCURRENT freed 97K, 15% free 589K/688K, paused 3ms+2ms, total 14ms
D/AndroidRuntime( 1384): 
D/AndroidRuntime( 1384): >>>>>> AndroidRuntime START com.android.internal.os.RuntimeInit <<<<<<
D/AndroidRuntime( 1384): CheckJNI is ON
D/dalvikvm( 1384): Trying to load lib libjavacore.so 0x0
D/dalvikvm( 1384): Added shared lib libjavacore.so 0x0
D/dalvikvm( 1384): Trying to load lib libnativehelper.so 0x0
D/dalvikvm( 1384): Added shared lib libnativehelper.so 0x0
D/dalvikvm( 1384): No JNI_OnLoad found in libnativehelper.so 0x0, skipping init
D/dalvikvm( 1384): Note: class Landroid/app/ActivityManagerNative; has 179 unimplemented (abstract) methods
E/memtrack( 1384): Couldn't load memtrack module (No such file or directory)
E/android.os.Debug( 1384): failed to load memtrack module: -2
D/AndroidRuntime( 1384): Calling main entry com.android.commands.am.Am
I/ActivityManager(  360): START u0 {act=android.intent.action.MAIN cat=[android.intent.category.LAUNCHER] flg=0x10000000 cmp=com.zymy.shua.lbhz/com.vsofo.smspay.VsofoSmsPayActivity} from pid 1384
W/ActivityManager(  360): Activity pause timeout for ActivityRecord{b36eb4c8 u0 com.zymy.shua.lbhz/.ui.NewTeachActivity t4}
W/ActivityManager(  360): Launch timeout has expired, giving up wake lock!
D/AndroidRuntime( 1384): Shutting down VM
D/dalvikvm( 1384): GC_CONCURRENT freed 98K, 15% free 589K/692K, paused 3ms+2ms, total 12ms
D/AndroidRuntime( 1394): 
D/AndroidRuntime( 1394): >>>>>> AndroidRuntime START com.android.internal.os.RuntimeInit <<<<<<
D/AndroidRuntime( 1394): CheckJNI is ON
D/dalvikvm( 1394): Trying to load lib libjavacore.so 0x0
D/dalvikvm( 1394): Added shared lib libjavacore.so 0x0
D/dalvikvm( 1394): Trying to load lib libnativehelper.so 0x0
D/dalvikvm( 1394): Added shared lib libnativehelper.so 0x0
D/dalvikvm( 1394): No JNI_OnLoad found in libnativehelper.so 0x0, skipping init
D/dalvikvm( 1394): Note: class Landroid/app/ActivityManagerNative; has 179 unimplemented (abstract) methods
E/memtrack( 1394): Couldn't load memtrack module (No such file or directory)
E/android.os.Debug( 1394): failed to load memtrack module: -2
D/AndroidRuntime( 1394): Calling main entry com.android.commands.am.Am
I/ActivityManager(  360): START u0 {act=android.intent.action.MAIN cat=[android.intent.category.LAUNCHER] flg=0x10000000 cmp=com.zymy.shua.lbhz/com.vsofo.wappay.ViewUrlActivity} from pid 1394
W/ActivityManager(  360): Activity pause timeout for ActivityRecord{b36aaf50 u0 com.zymy.shua.lbhz/com.vsofo.smspay.VsofoSmsPayActivity t4}
W/ActivityManager(  360): Launch timeout has expired, giving up wake lock!
D/AndroidRuntime( 1394): Shutting down VM
D/dalvikvm( 1394): GC_CONCURRENT freed 98K, 15% free 589K/692K, paused 3ms+2ms, total 11ms
D/AndroidRuntime( 1404): 
D/AndroidRuntime( 1404): >>>>>> AndroidRuntime START com.android.internal.os.RuntimeInit <<<<<<
D/AndroidRuntime( 1404): CheckJNI is ON
D/dalvikvm( 1404): Trying to load lib libjavacore.so 0x0
D/dalvikvm( 1404): Added shared lib libjavacore.so 0x0
D/dalvikvm( 1404): Trying to load lib libnativehelper.so 0x0
D/dalvikvm( 1404): Added shared lib libnativehelper.so 0x0
D/dalvikvm( 1404): No JNI_OnLoad found in libnativehelper.so 0x0, skipping init
D/dalvikvm( 1404): Note: class Landroid/app/ActivityManagerNative; has 179 unimplemented (abstract) methods
E/memtrack( 1404): Couldn't load memtrack module (No such file or directory)
E/android.os.Debug( 1404): failed to load memtrack module: -2
D/AndroidRuntime( 1404): Calling main entry com.android.commands.am.Am
I/ActivityManager(  360): START u0 {act=android.intent.action.MAIN cat=[android.intent.category.LAUNCHER] flg=0x10000000 cmp=com.zymy.shua.lbhz/com.alipay.sdk.auth.AuthActivity} from pid 1404
W/ActivityManager(  360): Activity pause timeout for ActivityRecord{b3235400 u0 com.zymy.shua.lbhz/com.vsofo.wappay.ViewUrlActivity t4}
W/ActivityManager(  360): Launch timeout has expired, giving up wake lock!
D/AndroidRuntime( 1404): Shutting down VM
D/dalvikvm( 1404): GC_CONCURRENT freed 98K, 15% free 589K/692K, paused 3ms+2ms, total 15ms
D/AndroidRuntime( 1414): 
D/AndroidRuntime( 1414): >>>>>> AndroidRuntime START com.android.internal.os.RuntimeInit <<<<<<
D/AndroidRuntime( 1414): CheckJNI is ON
D/dalvikvm( 1414): Trying to load lib libjavacore.so 0x0
D/dalvikvm( 1414): Added shared lib libjavacore.so 0x0
D/dalvikvm( 1414): Trying to load lib libnativehelper.so 0x0
D/dalvikvm( 1414): Added shared lib libnativehelper.so 0x0
D/dalvikvm( 1414): No JNI_OnLoad found in libnativehelper.so 0x0, skipping init
D/dalvikvm( 1414): Note: class Landroid/app/ActivityManagerNative; has 179 unimplemented (abstract) methods
E/memtrack( 1414): Couldn't load memtrack module (No such file or directory)
E/android.os.Debug( 1414): failed to load memtrack module: -2
D/AndroidRuntime( 1414): Calling main entry com.android.commands.am.Am
I/ActivityManager(  360): START u0 {act=android.intent.action.MAIN cat=[android.intent.category.LAUNCHER] flg=0x10000000 cmp=com.zymy.shua.lbhz/com.tencent.tauth.AuthActivity} from pid 1414
W/ActivityManager(  360): Activity pause timeout for ActivityRecord{b337af40 u0 com.zymy.shua.lbhz/com.alipay.sdk.auth.AuthActivity t4}
W/ActivityManager(  360): Launch timeout has expired, giving up wake lock!
D/AndroidRuntime( 1414): Shutting down VM
D/dalvikvm( 1414): GC_CONCURRENT freed 98K, 15% free 589K/692K, paused 2ms+4ms, total 17ms
D/dalvikvm( 1159): GC_CONCURRENT freed 623K, 17% free 5021K/5996K, paused 8ms+4ms, total 39ms
D/AndroidRuntime( 1424): 
D/AndroidRuntime( 1424): >>>>>> AndroidRuntime START com.android.internal.os.RuntimeInit <<<<<<
D/AndroidRuntime( 1424): CheckJNI is ON
D/dalvikvm( 1424): Trying to load lib libjavacore.so 0x0
D/dalvikvm( 1424): Added shared lib libjavacore.so 0x0
D/dalvikvm( 1424): Trying to load lib libnativehelper.so 0x0
D/dalvikvm( 1424): Added shared lib libnativehelper.so 0x0
D/dalvikvm( 1424): No JNI_OnLoad found in libnativehelper.so 0x0, skipping init
D/dalvikvm( 1424): Note: class Landroid/app/ActivityManagerNative; has 179 unimplemented (abstract) methods
E/memtrack( 1424): Couldn't load memtrack module (No such file or directory)
E/android.os.Debug( 1424): failed to load memtrack module: -2
D/AndroidRuntime( 1424): Calling main entry com.android.commands.am.Am
I/ActivityManager(  360): START u0 {act=android.intent.action.MAIN cat=[android.intent.category.LAUNCHER] flg=0x10000000 cmp=com.zymy.shua.lbhz/com.tencent.connect.common.AssistActivity} from pid 1424
W/ActivityManager(  360): Activity pause timeout for ActivityRecord{b36ce0c8 u0 com.zymy.shua.lbhz/com.tencent.tauth.AuthActivity t4}
W/ActivityManager(  360): Launch timeout has expired, giving up wake lock!
D/AndroidRuntime( 1424): Shutting down VM
D/dalvikvm( 1424): GC_CONCURRENT freed 98K, 15% free 589K/692K, paused 3ms+3ms, total 15ms
D/AndroidRuntime( 1434): 
D/AndroidRuntime( 1434): >>>>>> AndroidRuntime START com.android.internal.os.RuntimeInit <<<<<<
D/AndroidRuntime( 1434): CheckJNI is ON
D/dalvikvm( 1434): Trying to load lib libjavacore.so 0x0
D/dalvikvm( 1434): Added shared lib libjavacore.so 0x0
D/dalvikvm( 1434): Trying to load lib libnativehelper.so 0x0
D/dalvikvm( 1434): Added shared lib libnativehelper.so 0x0
D/dalvikvm( 1434): No JNI_OnLoad found in libnativehelper.so 0x0, skipping init
D/dalvikvm( 1434): Note: class Landroid/app/ActivityManagerNative; has 179 unimplemented (abstract) methods
E/memtrack( 1434): Couldn't load memtrack module (No such file or directory)
E/android.os.Debug( 1434): failed to load memtrack module: -2
D/AndroidRuntime( 1434): Calling main entry com.android.commands.am.Am
I/ActivityManager(  360): START u0 {act=android.intent.action.MAIN cat=[android.intent.category.LAUNCHER] flg=0x10000000 cmp=com.zymy.shua.lbhz/.ui.WecatQRActivity} from pid 1434
W/ActivityManager(  360): Activity pause timeout for ActivityRecord{b3018c20 u0 com.zymy.shua.lbhz/com.tencent.connect.common.AssistActivity t4}
W/ActivityManager(  360): Launch timeout has expired, giving up wake lock!
D/AndroidRuntime( 1434): Shutting down VM
D/dalvikvm( 1434): GC_CONCURRENT freed 97K, 15% free 589K/688K, paused 2ms+2ms, total 14ms
D/AndroidRuntime( 1444): 
D/AndroidRuntime( 1444): >>>>>> AndroidRuntime START com.android.internal.os.RuntimeInit <<<<<<
D/AndroidRuntime( 1444): CheckJNI is ON
D/dalvikvm( 1444): Trying to load lib libjavacore.so 0x0
D/dalvikvm( 1444): Added shared lib libjavacore.so 0x0
D/dalvikvm( 1444): Trying to load lib libnativehelper.so 0x0
D/dalvikvm( 1444): Added shared lib libnativehelper.so 0x0
D/dalvikvm( 1444): No JNI_OnLoad found in libnativehelper.so 0x0, skipping init
D/dalvikvm( 1444): Note: class Landroid/app/ActivityManagerNative; has 179 unimplemented (abstract) methods
E/memtrack( 1444): Couldn't load memtrack module (No such file or directory)
E/android.os.Debug( 1444): failed to load memtrack module: -2
D/AndroidRuntime( 1444): Calling main entry com.android.commands.am.Am
I/ActivityManager(  360): START u0 {act=android.intent.action.MAIN cat=[android.intent.category.LAUNCHER] flg=0x10000000 cmp=com.zymy.shua.lbhz/.ui.WebViewActivity} from pid 1444
W/ActivityManager(  360): Activity pause timeout for ActivityRecord{b31c1218 u0 com.zymy.shua.lbhz/.ui.WecatQRActivity t4}
W/ActivityManager(  360): Launch timeout has expired, giving up wake lock!
D/AndroidRuntime( 1444): Shutting down VM
D/dalvikvm( 1444): GC_CONCURRENT freed 97K, 15% free 589K/688K, paused 3ms+2ms, total 16ms
D/AndroidRuntime( 1454): 
D/AndroidRuntime( 1454): >>>>>> AndroidRuntime START com.android.internal.os.RuntimeInit <<<<<<
D/AndroidRuntime( 1454): CheckJNI is ON
D/dalvikvm( 1454): Trying to load lib libjavacore.so 0x0
D/dalvikvm( 1454): Added shared lib libjavacore.so 0x0
D/dalvikvm( 1454): Trying to load lib libnativehelper.so 0x0
D/dalvikvm( 1454): Added shared lib libnativehelper.so 0x0
D/dalvikvm( 1454): No JNI_OnLoad found in libnativehelper.so 0x0, skipping init
D/dalvikvm( 1454): Note: class Landroid/app/ActivityManagerNative; has 179 unimplemented (abstract) methods
E/memtrack( 1454): Couldn't load memtrack module (No such file or directory)
E/android.os.Debug( 1454): failed to load memtrack module: -2
D/AndroidRuntime( 1454): Calling main entry com.android.commands.am.Am
I/ActivityManager(  360): START u0 {act=android.intent.action.MAIN cat=[android.intent.category.LAUNCHER] flg=0x10000000 cmp=com.zymy.shua.lbhz/net.youmi.android.AdBrowser} from pid 1454
W/ActivityManager(  360): Activity pause timeout for ActivityRecord{b2f620e8 u0 com.zymy.shua.lbhz/.ui.WebViewActivity t4}
I/Process ( 1159): Sending signal. PID: 1159 SIG: 9
W/InputDispatcher(  360): channel 'b36a8168 com.zymy.shua.lbhz/com.zymy.shua.lbhz.ui.MainActivity (server)' ~ Consumer closed input channel or an error occurred.  events=0x9
E/InputDispatcher(  360): channel 'b36a8168 com.zymy.shua.lbhz/com.zymy.shua.lbhz.ui.MainActivity (server)' ~ Channel is unrecoverably broken and will be disposed!
W/InputDispatcher(  360): channel 'b3556408 com.zymy.shua.lbhz/com.zymy.shua.lbhz.ui.SplashActivity (server)' ~ Consumer closed input channel or an error occurred.  events=0x9
E/InputDispatcher(  360): channel 'b3556408 com.zymy.shua.lbhz/com.zymy.shua.lbhz.ui.SplashActivity (server)' ~ Channel is unrecoverably broken and will be disposed!
I/ActivityManager(  360): Process com.zymy.shua.lbhz (pid 1159) has died.
W/ActivityManager(  360): Scheduling restart of crashed service com.zymy.shua.lbhz/net.youmi.android.AdService in 550858ms
W/InputDispatcher(  360): channel 'b3558948 com.zymy.shua.lbhz/com.zymy.shua.lbhz.ui.SplashActivity (server)' ~ Consumer closed input channel or an error occurred.  events=0x9
E/InputDispatcher(  360): channel 'b3558948 com.zymy.shua.lbhz/com.zymy.shua.lbhz.ui.SplashActivity (server)' ~ Channel is unrecoverably broken and will be disposed!
W/InputDispatcher(  360): channel 'b36a8630 com.zymy.shua.lbhz/com.zymy.shua.lbhz.ui.MainActivity (server)' ~ Consumer closed input channel or an error occurred.  events=0x9
E/InputDispatcher(  360): channel 'b36a8630 com.zymy.shua.lbhz/com.zymy.shua.lbhz.ui.MainActivity (server)' ~ Channel is unrecoverably broken and will be disposed!
W/InputDispatcher(  360): channel 'b3215fb0 com.zymy.shua.lbhz/com.zymy.shua.lbhz.ui.BuyVipActivity (server)' ~ Consumer closed input channel or an error occurred.  events=0x9
E/InputDispatcher(  360): channel 'b3215fb0 com.zymy.shua.lbhz/com.zymy.shua.lbhz.ui.BuyVipActivity (server)' ~ Channel is unrecoverably broken and will be disposed!
W/InputDispatcher(  360): channel 'b36a8af0 com.zymy.shua.lbhz/com.zymy.shua.lbhz.ui.BuyPointActivity (server)' ~ Consumer closed input channel or an error occurred.  events=0x9
E/InputDispatcher(  360): channel 'b36a8af0 com.zymy.shua.lbhz/com.zymy.shua.lbhz.ui.BuyPointActivity (server)' ~ Channel is unrecoverably broken and will be disposed!
W/InputDispatcher(  360): Attempted to unregister already unregistered input channel 'b36a8168 com.zymy.shua.lbhz/com.zymy.shua.lbhz.ui.MainActivity (server)'
I/WindowState(  360): WIN DEATH: Window{b36a8168 u0 com.zymy.shua.lbhz/com.zymy.shua.lbhz.ui.MainActivity}
W/InputDispatcher(  360): Attempted to unregister already unregistered input channel 'b3558948 com.zymy.shua.lbhz/com.zymy.shua.lbhz.ui.SplashActivity (server)'
I/WindowState(  360): WIN DEATH: Window{b3558948 u0 com.zymy.shua.lbhz/com.zymy.shua.lbhz.ui.SplashActivity}
I/ActivityManager(  360): Start proc com.zymy.shua.lbhz for activity com.zymy.shua.lbhz/net.youmi.android.AdBrowser: pid=1467 uid=10052 gids={50052, 3003, 1028, 1015}
W/InputDispatcher(  360): Attempted to unregister already unregistered input channel 'b3556408 com.zymy.shua.lbhz/com.zymy.shua.lbhz.ui.SplashActivity (server)'
I/WindowState(  360): WIN DEATH: Window{b3556408 u0 com.zymy.shua.lbhz/com.zymy.shua.lbhz.ui.SplashActivity}
W/InputDispatcher(  360): Attempted to unregister already unregistered input channel 'b36a8630 com.zymy.shua.lbhz/com.zymy.shua.lbhz.ui.MainActivity (server)'
W/InputDispatcher(  360): Attempted to unregister already unregistered input channel 'b36a8af0 com.zymy.shua.lbhz/com.zymy.shua.lbhz.ui.BuyPointActivity (server)'
I/WindowState(  360): WIN DEATH: Window{b36a8630 u0 com.zymy.shua.lbhz/com.zymy.shua.lbhz.ui.MainActivity}
I/WindowState(  360): WIN DEATH: Window{b36a8af0 u0 com.zymy.shua.lbhz/com.zymy.shua.lbhz.ui.BuyPointActivity}
W/InputDispatcher(  360): Attempted to unregister already unregistered input channel 'b3215fb0 com.zymy.shua.lbhz/com.zymy.shua.lbhz.ui.BuyVipActivity (server)'
I/WindowState(  360): WIN DEATH: Window{b3215fb0 u0 com.zymy.shua.lbhz/com.zymy.shua.lbhz.ui.BuyVipActivity}
D/dalvikvm( 1467): DexOpt: couldn't find static field Landroid/os/Build;.SUPPORTED_32_BIT_ABIS
W/dalvikvm( 1467): VFY: unable to resolve static field 3 (SUPPORTED_32_BIT_ABIS) in Landroid/os/Build;
D/dalvikvm( 1467): VFY: replacing opcode 0x62 at 0x0003
D/dalvikvm( 1467): GC_FOR_ALLOC freed 58K, 6% free 2747K/2912K, paused 31ms, total 32ms
I/dalvikvm-heap( 1467): Grow heap (frag case) to 3.365MB for 616184-byte allocation
D/dalvikvm( 1467): GC_FOR_ALLOC freed <1K, 5% free 3349K/3516K, paused 17ms, total 17ms
D/dalvikvm( 1467): GC_CONCURRENT freed <1K, 5% free 3349K/3516K, paused 4ms+2ms, total 18ms
D/dalvikvm( 1467): WAIT_FOR_CONCURRENT_GC blocked 10ms
I/dalvikvm-heap( 1467): Grow heap (frag case) to 3.952MB for 616184-byte allocation
D/dalvikvm( 1467): GC_FOR_ALLOC freed <1K, 5% free 3950K/4120K, paused 23ms, total 23ms
D/dalvikvm( 1467): Trying to load lib /data/data/com.zymy.shua.lbhz/.jiagu/libjiagu.so 0xb2d16060
D/dalvikvm( 1467): Added shared lib /data/data/com.zymy.shua.lbhz/.jiagu/libjiagu.so 0xb2d16060
D/dalvikvm( 1467): GC_CONCURRENT freed 1481K, 36% free 2886K/4464K, paused 5ms+4ms, total 48ms
W/ActivityManager(  360): Launch timeout has expired, giving up wake lock!
I/dalvikvm( 1467): Could not find method net.youmi.and.AdBrowser.isInMultiWindowMode, referenced from method net.youmi.and.AdBrowser.a
W/dalvikvm( 1467): VFY: unable to resolve virtual method 1037: Lnet/youmi/and/AdBrowser;.isInMultiWindowMode ()Z
D/dalvikvm( 1467): VFY: replacing opcode 0x6e at 0x000d
D/dalvikvm( 1467): GC_CONCURRENT freed 279K, 33% free 3000K/4464K, paused 14ms+4ms, total 53ms
I/dalvikvm( 1467): Could not find method android.view.Window$Callback.onPointerCaptureChanged, referenced from method android.support.v7.view.WindowCallbackWrapper.onPointerCaptureChanged
W/dalvikvm( 1467): VFY: unable to resolve interface method 17763: Landroid/view/Window$Callback;.onPointerCaptureChanged (Z)V
D/dalvikvm( 1467): VFY: replacing opcode 0x72 at 0x0002
I/dalvikvm( 1467): Could not find method android.view.Window$Callback.onProvideKeyboardShortcuts, referenced from method android.support.v7.view.WindowCallbackWrapper.onProvideKeyboardShortcuts
W/dalvikvm( 1467): VFY: unable to resolve interface method 17765: Landroid/view/Window$Callback;.onProvideKeyboardShortcuts (Ljava/util/List;Landroid/view/Menu;I)V
D/dalvikvm( 1467): VFY: replacing opcode 0x72 at 0x0002
W/dalvikvm( 1467): VFY: unable to find class referenced in signature (Landroid/view/SearchEvent;)
I/dalvikvm( 1467): Could not find method android.view.Window$Callback.onSearchRequested, referenced from method android.support.v7.view.WindowCallbackWrapper.onSearchRequested
W/dalvikvm( 1467): VFY: unable to resolve interface method 17767: Landroid/view/Window$Callback;.onSearchRequested (Landroid/view/SearchEvent;)Z
D/dalvikvm( 1467): VFY: replacing opcode 0x72 at 0x0002
I/dalvikvm( 1467): Could not find method android.view.Window$Callback.onWindowStartingActionMode, referenced from method android.support.v7.view.WindowCallbackWrapper.onWindowStartingActionMode
W/dalvikvm( 1467): VFY: unable to resolve interface method 17771: Landroid/view/Window$Callback;.onWindowStartingActionMode (Landroid/view/ActionMode$Callback;I)Landroid/view/ActionMode;
D/dalvikvm( 1467): VFY: replacing opcode 0x72 at 0x0002
I/dalvikvm( 1467): Could not find method android.content.res.TypedArray.getChangingConfigurations, referenced from method android.support.v7.widget.TintTypedArray.getChangingConfigurations
W/dalvikvm( 1467): VFY: unable to resolve virtual method 830: Landroid/content/res/TypedArray;.getChangingConfigurations ()I
D/dalvikvm( 1467): VFY: replacing opcode 0x6e at 0x0002
I/dalvikvm( 1467): Could not find method android.content.res.TypedArray.getType, referenced from method android.support.v7.widget.TintTypedArray.getType
W/dalvikvm( 1467): VFY: unable to resolve virtual method 852: Landroid/content/res/TypedArray;.getType (I)I
D/dalvikvm( 1467): VFY: replacing opcode 0x6e at 0x0008
I/dalvikvm( 1467): Could not find method android.content.Context.createDeviceProtectedStorageContext, referenced from method android.support.v4.content.ContextCompat.createDeviceProtectedStorageContext
W/dalvikvm( 1467): VFY: unable to resolve virtual method 574: Landroid/content/Context;.createDeviceProtectedStorageContext ()Landroid/content/Context;
D/dalvikvm( 1467): VFY: replacing opcode 0x6e at 0x0006
I/dalvikvm( 1467): Could not find method android.content.Context.getCodeCacheDir, referenced from method android.support.v4.content.ContextCompat.getCodeCacheDir
W/dalvikvm( 1467): VFY: unable to resolve virtual method 580: Landroid/content/Context;.getCodeCacheDir ()Ljava/io/File;
D/dalvikvm( 1467): VFY: replacing opcode 0x6e at 0x0006
I/dalvikvm( 1467): Could not find method android.content.Context.getColor, referenced from method android.support.v4.content.ContextCompat.getColor
W/dalvikvm( 1467): VFY: unable to resolve virtual method 581: Landroid/content/Context;.getColor (I)I
D/dalvikvm( 1467): VFY: replacing opcode 0x6e at 0x0006
I/dalvikvm( 1467): Could not find method android.content.Context.getColorStateList, referenced from method android.support.v4.content.ContextCompat.getColorStateList
W/dalvikvm( 1467): VFY: unable to resolve virtual method 582: Landroid/content/Context;.getColorStateList (I)Landroid/content/res/ColorStateList;
D/dalvikvm( 1467): VFY: replacing opcode 0x6e at 0x0006
