I/PackageManager(  360): Adding preferred activity ComponentInfo{com.android.mms/com.android.mms.ui.ComposeMessageActivity} for user 0 :
I/PackageManager(  360):   Action: "android.intent.action.SENDTO"
I/PackageManager(  360):   Category: "android.intent.category.DEFAULT"
I/PackageManager(  360):   Scheme: "mmsto"
I/PackageManager(  360): Adding preferred activity ComponentInfo{com.android.mms/com.android.mms.ui.ComposeMessageActivity} for user 0 :
I/PackageManager(  360):   Action: "android.intent.action.SENDTO"
I/PackageManager(  360):   Category: "android.intent.category.DEFAULT"
I/PackageManager(  360):   Scheme: "sms"
I/PackageManager(  360): Adding preferred activity ComponentInfo{com.android.mms/com.android.mms.ui.ComposeMessageActivity} for user 0 :
I/PackageManager(  360):   Action: "android.intent.action.SENDTO"
I/PackageManager(  360):   Category: "android.intent.category.DEFAULT"
I/PackageManager(  360):   Scheme: "smsto"
I/PackageManager(  360): Adding preferred activity ComponentInfo{com.android.mms/com.android.mms.ui.ComposeMessageActivity} for user 0 :
D/dalvikvm(  360): GC_CONCURRENT freed 690K, 59% free 5464K/13256K, paused 70ms+26ms, total 170ms
I/PackageManager(  360):   Action: "android.intent.action.SENDTO"
I/PackageManager(  360):   Category: "android.intent.category.DEFAULT"
I/PackageManager(  360):   Scheme: "mms"
I/PackageManager(  360): Adding preferred activity ComponentInfo{com.android.mms/com.android.mms.ui.ComposeMessageActivity} for user 0 :
D/dalvikvm(  602): GC_CONCURRENT freed 382K, 14% free 3237K/3740K, paused 17ms+2ms, total 92ms
I/PackageManager(  360):   Action: "android.intent.action.SENDTO"
I/PackageManager(  360):   Category: "android.intent.category.DEFAULT"
I/PackageManager(  360):   Scheme: "mmsto"
I/PackageManager(  360): Adding preferred activity ComponentInfo{com.android.mms/com.android.mms.ui.ComposeMessageActivity} for user 0 :
D/MccTable(  602): updateMccMncConfiguration: mcc=310, mnc=260
D/MccTable(  602): getLocaleFromMcc to en_us mcc=310
D/MccTable(  602): getLocaleForLanguageCountry: got match
D/MccTable(  602): getLocaleForLanguageCountry: X locale=en_US
D/MccTable(  602): updateMccMncConfiguration updateConfig config={1.0 310mcc260mnc en_US ldltr ?swdp ?wdp ?hdp ?density ?lsize ?long ?orien ?uimode ?night ?touch ?keyb/?/? ?nav/?}
I/ActivityManager(  360): Config changes=3 {1.0 310mcc260mnc en_US ldltr sw480dp w480dp h839dp 160dpi lrg long port finger -keyb/v/h tball/v s.6}
D/PermissionCache(   58): checking android.permission.READ_FRAME_BUFFER for uid=1000 => granted (789 us)
D/gralloc (   58): Registering a buffer in the process that created it. This may cause memory ordering problems.
E/libEGL  (   58): called unimplemented OpenGL ES API
E/libEGL  (   58): called unimplemented OpenGL ES API
E/libEGL  (   58): called unimplemented OpenGL ES API
E/libEGL  (   58): called unimplemented OpenGL ES API
E/SurfaceFlinger(   58): glCheckFramebufferStatusOES error 1233653238
E/SurfaceFlinger(   58): got GL_FRAMEBUFFER_COMPLETE_OES error while taking screenshot
E/libEGL  (   58): called unimplemented OpenGL ES API
E/libEGL  (   58): called unimplemented OpenGL ES API
D/dalvikvm(  699): GC_CONCURRENT freed 180K, 9% free 2962K/3248K, paused 5ms+20ms, total 235ms
D/PhoneStatusBar(  448): mSettingsPanelGravity = 55
I/ARMAssembler(   58): generated scanline__00000077:03515104_00008001_00000000 [113 ipp] (134 ins) at [0xb5a5f1f0:0xb5a5f408] in 10000000 ns
D/MccTable(  602): updateMccMncConfiguration: mcc=310, mnc=260
D/MccTable(  602): getLocaleFromMcc to en_us mcc=310
D/MccTable(  602): getLocaleForLanguageCountry: skipping already persisted
D/MccTable(  602): getLocaleForLanguageCountry: X locale=null
D/MccTable(  602): updateMccMncConfiguration updateConfig config={1.0 310mcc260mnc ?locale ?layoutDir ?swdp ?wdp ?hdp ?density ?lsize ?long ?orien ?uimode ?night ?touch ?keyb/?/? ?nav/?}
D/dalvikvm(  602): GC_CONCURRENT freed 440K, 15% free 3265K/3804K, paused 5ms+22ms, total 122ms
D/dalvikvm(  602): GC_CONCURRENT freed 376K, 13% free 3331K/3808K, paused 4ms+4ms, total 43ms
I/ContactLocale(  547): AddressBook Labels [en_US]: [, A, B, C, D, E, F, G, H, I, J, K, L, M, N, O, P, Q, R, S, T, U, V, W, X, Y, Z, , , , , , , , , , , , , , , , , , , , , , , , , , , , , , , , , , , , , , , , , , , , , , , , , , , , , , , , , , , , , , , , , , , , , , , , , , , , , , , , , , , , , , , , , , , , , , , , , , , , , , , , , , , , , , , , , , , , , , , , , , , , , , , , , , , , , , , , , , , , , , , , , , , , , , , , , , , , , , , , , , , , , , , , , , , , , , , , , , , , , , #, ]
D/dalvikvm(  360): GC_CONCURRENT freed 578K, 58% free 5579K/13256K, paused 256ms+5ms, total 332ms
D/dalvikvm(  360): WAIT_FOR_CONCURRENT_GC blocked 41ms
D/dalvikvm(  360): WAIT_FOR_CONCURRENT_GC blocked 39ms
D/dalvikvm(  360): GC_FOR_ALLOC freed 519K, 58% free 5615K/13256K, paused 48ms, total 48ms
D/dalvikvm(  602): GC_CONCURRENT freed 490K, 15% free 3343K/3896K, paused 4ms+4ms, total 60ms
D/dalvikvm(  360): GC_CONCURRENT freed 683K, 58% free 5663K/13256K, paused 27ms+4ms, total 217ms
D/dalvikvm(  360): WAIT_FOR_CONCURRENT_GC blocked 164ms
D/dalvikvm(  360): WAIT_FOR_CONCURRENT_GC blocked 106ms
D/dalvikvm(  360): WAIT_FOR_CONCURRENT_GC blocked 87ms
D/dalvikvm(  360): WAIT_FOR_CONCURRENT_GC blocked 89ms
I/FusedLocation(  360): engine stopped (com.android.location.fused)
I/FusedLocation(  360): engine started (com.android.location.fused)
D/MobileDataStateTracker(  360): fota: Broadcast received: android.intent.action.ANY_DATA_STATE apnType=fota
D/MobileDataStateTracker(  360): fota: Received state=DISCONNECTED, old=DISCONNECTED, reason=dataAttached
D/MobileDataStateTracker(  360): ia: Broadcast received: android.intent.action.ANY_DATA_STATE apnType=ia
D/MobileDataStateTracker(  360): ia: Received state=DISCONNECTED, old=DISCONNECTED, reason=dataAttached
D/MobileDataStateTracker(  360): supl: Broadcast received: android.intent.action.ANY_DATA_STATE apnType=supl
D/MobileDataStateTracker(  360): supl: Received state=DISCONNECTED, old=DISCONNECTED, reason=dataAttached
D/MobileDataStateTracker(  360): hipri: Broadcast received: android.intent.action.ANY_DATA_STATE apnType=hipri
D/MobileDataStateTracker(  360): hipri: Received state=DISCONNECTED, old=DISCONNECTED, reason=dataAttached
D/MobileDataStateTracker(  360): ims: Broadcast received: android.intent.action.ANY_DATA_STATE apnType=ims
D/MobileDataStateTracker(  360): ims: Received state=DISCONNECTED, old=DISCONNECTED, reason=dataAttached
D/MobileDataStateTracker(  360): mms: Broadcast received: android.intent.action.ANY_DATA_STATE apnType=mms
D/MobileDataStateTracker(  360): mms: Received state=DISCONNECTED, old=DISCONNECTED, reason=dataAttached
D/MobileDataStateTracker(  360): cbs: Broadcast received: android.intent.action.ANY_DATA_STATE apnType=cbs
D/MobileDataStateTracker(  360): cbs: Received state=DISCONNECTED, old=DISCONNECTED, reason=dataAttached
D/MobileDataStateTracker(  360): fota: Broadcast received: android.intent.action.ANY_DATA_STATE apnType=fota
D/MobileDataStateTracker(  360): fota: Received state=DISCONNECTED, old=DISCONNECTED, reason=dataAttached
D/MobileDataStateTracker(  360): ia: Broadcast received: android.intent.action.ANY_DATA_STATE apnType=ia
D/MobileDataStateTracker(  360): ia: Received state=DISCONNECTED, old=DISCONNECTED, reason=dataAttached
D/MobileDataStateTracker(  360): supl: Broadcast received: android.intent.action.ANY_DATA_STATE apnType=supl
D/MobileDataStateTracker(  360): supl: Received state=DISCONNECTED, old=DISCONNECTED, reason=dataAttached
D/MobileDataStateTracker(  360): hipri: Broadcast received: android.intent.action.ANY_DATA_STATE apnType=hipri
D/MobileDataStateTracker(  360): hipri: Received state=DISCONNECTED, old=DISCONNECTED, reason=dataAttached
D/MobileDataStateTracker(  360): ims: Broadcast received: android.intent.action.ANY_DATA_STATE apnType=ims
D/MobileDataStateTracker(  360): ims: Received state=DISCONNECTED, old=DISCONNECTED, reason=dataAttached
D/MobileDataStateTracker(  360): mms: Broadcast received: android.intent.action.ANY_DATA_STATE apnType=mms
D/MobileDataStateTracker(  360): mms: Received state=DISCONNECTED, old=DISCONNECTED, reason=dataAttached
D/MobileDataStateTracker(  360): cbs: Broadcast received: android.intent.action.ANY_DATA_STATE apnType=cbs
D/MobileDataStateTracker(  360): cbs: Received state=DISCONNECTED, old=DISCONNECTED, reason=dataAttached
D/MobileDataStateTracker(  360): fota: Broadcast received: android.intent.action.ANY_DATA_STATE apnType=fota
D/MobileDataStateTracker(  360): fota: Received state=DISCONNECTED, old=DISCONNECTED, reason=simLoaded
D/MobileDataStateTracker(  360): ia: Broadcast received: android.intent.action.ANY_DATA_STATE apnType=ia
D/MobileDataStateTracker(  360): ia: Received state=DISCONNECTED, old=DISCONNECTED, reason=simLoaded
D/MobileDataStateTracker(  360): supl: Broadcast received: android.intent.action.ANY_DATA_STATE apnType=supl
D/MobileDataStateTracker(  360): supl: Received state=DISCONNECTED, old=DISCONNECTED, reason=simLoaded
D/MobileDataStateTracker(  360): hipri: Broadcast received: android.intent.action.ANY_DATA_STATE apnType=hipri
D/MobileDataStateTracker(  360): hipri: Received state=DISCONNECTED, old=DISCONNECTED, reason=simLoaded
D/MobileDataStateTracker(  360): ims: Broadcast received: android.intent.action.ANY_DATA_STATE apnType=ims
D/MobileDataStateTracker(  360): ims: Received state=DISCONNECTED, old=DISCONNECTED, reason=simLoaded
D/MobileDataStateTracker(  360): mms: Broadcast received: android.intent.action.ANY_DATA_STATE apnType=mms
D/MobileDataStateTracker(  360): mms: Received state=DISCONNECTED, old=DISCONNECTED, reason=simLoaded
D/MobileDataStateTracker(  360): cbs: Broadcast received: android.intent.action.ANY_DATA_STATE apnType=cbs
D/MobileDataStateTracker(  360): cbs: Received state=DISCONNECTED, old=DISCONNECTED, reason=simLoaded
D/MobileDataStateTracker(  360): default: Broadcast received: android.intent.action.ANY_DATA_STATE apnType=default
D/MobileDataStateTracker(  360): default: Received state=CONNECTING, old=DISCONNECTED, reason=simLoaded
D/MobileDataStateTracker(  360): default: setDetailed state, old =IDLE and new state=CONNECTING
D/MobileDataStateTracker(  360): fota: Broadcast received: android.intent.action.ANY_DATA_STATE apnType=fota
D/MobileDataStateTracker(  360): fota: Received state=DISCONNECTED, old=DISCONNECTED, reason=simLoaded
D/MobileDataStateTracker(  360): ia: Broadcast received: android.intent.action.ANY_DATA_STATE apnType=ia
D/MobileDataStateTracker(  360): ia: Received state=DISCONNECTED, old=DISCONNECTED, reason=simLoaded
D/dalvikvm(  699): GC_FOR_ALLOC freed 185K, 9% free 3111K/3396K, paused 98ms, total 100ms
D/MobileDataStateTracker(  360): supl: Broadcast received: android.intent.action.ANY_DATA_STATE apnType=supl
D/MobileDataStateTracker(  360): supl: Received state=DISCONNECTED, old=DISCONNECTED, reason=simLoaded
D/MobileDataStateTracker(  360): hipri: Broadcast received: android.intent.action.ANY_DATA_STATE apnType=hipri
I/dalvikvm-heap(  699): Grow heap (frag case) to 3.743MB for 640016-byte allocation
D/MobileDataStateTracker(  360): hipri: Received state=DISCONNECTED, old=DISCONNECTED, reason=simLoaded
D/MobileDataStateTracker(  360): ims: Broadcast received: android.intent.action.ANY_DATA_STATE apnType=ims
D/MobileDataStateTracker(  360): ims: Received state=DISCONNECTED, old=DISCONNECTED, reason=simLoaded
D/MobileDataStateTracker(  360): mms: Broadcast received: android.intent.action.ANY_DATA_STATE apnType=mms
D/MobileDataStateTracker(  360): mms: Received state=DISCONNECTED, old=DISCONNECTED, reason=simLoaded
D/MobileDataStateTracker(  360): cbs: Broadcast received: android.intent.action.ANY_DATA_STATE apnType=cbs
D/MobileDataStateTracker(  360): cbs: Received state=DISCONNECTED, old=DISCONNECTED, reason=simLoaded
D/MobileDataStateTracker(  360): default: Broadcast received: android.intent.action.ANY_DATA_STATE apnType=default
D/MobileDataStateTracker(  360): default: Received state=CONNECTED, old=CONNECTING, reason=connected
D/MobileDataStateTracker(  360): default: setDetailed state, old =CONNECTING and new state=CONNECTED
D/ConnectivityService(  360): ConnectivityChange for mobile: CONNECTED/CONNECTED
D/ConnectivityService(  360): ConnectivityChange checkMobileProvisioning for TYPE_MOBILE or ProvisioningNetwork
D/ConnectivityService(  360): checkMobileProvisioning: E suggestedTimeOutMs=60000
D/ConnectivityService(  360): setProvNotificationVisible: E visible=false networkType=5 extraInfo=null url=null
D/ConnectivityService(  360): checkMobileProvisioning: params={ url=http://clients3.google.com/generate_204 mTimeOutMs=60000 mCb=com.android.server.ConnectivityService$5@b351aa28}
D/ConnectivityService(  360): checkMobileProvisioning: X
D/dalvikvm(  699): GC_FOR_ALLOC freed 3K, 8% free 3733K/4024K, paused 96ms, total 96ms
D/dalvikvm(  699): GC_CONCURRENT freed 6K, 8% free 3727K/4024K, paused 4ms+2ms, total 94ms
D/Nat464Xlat(  360): requiresClat: netType=0, hasIPv4Address=true
I/NetworkPolicy(  360): no policy for active mobile network; generating default policy
D/MobileDataStateTracker(  360): default: setPolicyDataEnable(enabled=true)
W/Resources(  699): Converting to int: TypedValue{t=0x3/d=0x12 "4" a=-1}
W/Resources(  699): Converting to int: TypedValue{t=0x3/d=0xf "1" a=-1}
D/dalvikvm(  360): GC_CONCURRENT freed 807K, 59% free 5499K/13256K, paused 40ms+31ms, total 220ms
E/NetdConnector(  360): NDC Command {11 bandwidth gettetherstats} took too long (845ms)
I/SurfaceFlinger(   58): Boot is finished (68609 ms)
D/MobileDataStateTracker(  360): default: isProvisioningNetwork: retVal=false
D/ConnectivityService(  360): [CheckMp] isMobileOk: isDefaultProvisioning=false
D/MobileDataStateTracker(  360): hipri: isProvisioningNetwork: retVal=false
D/ConnectivityService(  360): [CheckMp] isMobileOk: isHipriProvisioning=false
D/ConnectivityService(  360): [CheckMp] isMobileOk: start hipri url=http://clients3.google.com/generate_204
W/Resources(  699): Converting to int: TypedValue{t=0x3/d=0x15 "2" a=-1}
W/Resources(  699): Converting to int: TypedValue{t=0x3/d=0x15 "2" a=-1}
W/Launcher.LauncherProvider(  699): Unable to add favorite: com.android.camera2/com.android.camera.CameraLauncher
W/Launcher.LauncherProvider(  699): android.content.pm.PackageManager$NameNotFoundException: ComponentInfo{com.android.camera2/com.android.camera.CameraLauncher}
W/Launcher.LauncherProvider(  699): 	at android.app.ApplicationPackageManager.getActivityInfo(ApplicationPackageManager.java:242)
W/Launcher.LauncherProvider(  699): 	at com.android.launcher2.LauncherProvider$DatabaseHelper.addAppShortcut(LauncherProvider.java:959)
W/Launcher.LauncherProvider(  699): 	at com.android.launcher2.LauncherProvider$DatabaseHelper.loadFavorites(LauncherProvider.java:863)
W/Launcher.LauncherProvider(  699): 	at com.android.launcher2.LauncherProvider$DatabaseHelper.access$000(LauncherProvider.java:253)
W/Launcher.LauncherProvider(  699): 	at com.android.launcher2.LauncherProvider.loadDefaultFavoritesIfNecessary(LauncherProvider.java:237)
W/Launcher.LauncherProvider(  699): 	at com.android.launcher2.LauncherModel$LoaderTask.loadWorkspace(LauncherModel.java:1278)
W/Launcher.LauncherProvider(  699): 	at com.android.launcher2.LauncherModel$LoaderTask.loadAndBindWorkspace(LauncherModel.java:1020)
W/Launcher.LauncherProvider(  699): 	at com.android.launcher2.LauncherModel$LoaderTask.run(LauncherModel.java:1126)
W/Launcher.LauncherProvider(  699): 	at android.os.Handler.handleCallback(Handler.java:733)
W/Launcher.LauncherProvider(  699): 	at android.os.Handler.dispatchMessage(Handler.java:95)
W/Launcher.LauncherProvider(  699): 	at android.os.Looper.loop(Looper.java:136)
W/Launcher.LauncherProvider(  699): 	at android.os.HandlerThread.run(HandlerThread.java:61)
W/Launcher.LauncherProvider(  699): Unable to add favorite: com.android.gallery3d/com.android.gallery3d.app.Gallery
W/Launcher.LauncherProvider(  699): android.content.pm.PackageManager$NameNotFoundException: ComponentInfo{com.android.gallery3d/com.android.gallery3d.app.Gallery}
W/Launcher.LauncherProvider(  699): 	at android.app.ApplicationPackageManager.getActivityInfo(ApplicationPackageManager.java:242)
W/Launcher.LauncherProvider(  699): 	at com.android.launcher2.LauncherProvider$DatabaseHelper.addAppShortcut(LauncherProvider.java:959)
W/Launcher.LauncherProvider(  699): 	at com.android.launcher2.LauncherProvider$DatabaseHelper.loadFavorites(LauncherProvider.java:863)
W/Launcher.LauncherProvider(  699): 	at com.android.launcher2.LauncherProvider$DatabaseHelper.access$000(LauncherProvider.java:253)
W/Launcher.LauncherProvider(  699): 	at com.android.launcher2.LauncherProvider.loadDefaultFavoritesIfNecessary(LauncherProvider.java:237)
W/Launcher.LauncherProvider(  699): 	at com.android.launcher2.LauncherModel$LoaderTask.loadWorkspace(LauncherModel.java:1278)
W/Launcher.LauncherProvider(  699): 	at com.android.launcher2.LauncherModel$LoaderTask.loadAndBindWorkspace(LauncherModel.java:1020)
W/Launcher.LauncherProvider(  699): 	at com.android.launcher2.LauncherModel$LoaderTask.run(LauncherModel.java:1126)
W/Launcher.LauncherProvider(  699): 	at android.os.Handler.handleCallback(Handler.java:733)
W/Launcher.LauncherProvider(  699): 	at android.os.Handler.dispatchMessage(Handler.java:95)
W/Launcher.LauncherProvider(  699): 	at android.os.Looper.loop(Looper.java:136)
W/Launcher.LauncherProvider(  699): 	at android.os.HandlerThread.run(HandlerThread.java:61)
D/dalvikvm(  699): GC_CONCURRENT freed 263K, 9% free 3937K/4300K, paused 4ms+54ms, total 177ms
E/NetdConnector(  360): NDC Command {12 bandwidth setiquota eth0 9223372036854775807} took too long (1685ms)
D/MobileDataStateTracker(  360): default: setPolicyDataEnable(enabled=true)
D/Launcher.Model(  699): Reload apps on config change. curr_mcc:310 prevmcc:0
I/Choreographer(  699): Skipped 270 frames!  The application may be doing too much work on its main thread.
W/ActivityManager(  360): Launch timeout has expired, giving up wake lock!
W/WindowManager(  360): App freeze timeout expired.
W/WindowManager(  360): Force clearing freeze: AppWindowToken{b31d8b78 token=Token{b33f2e98 ActivityRecord{b2f3c588 u0 com.android.launcher/com.android.launcher2.Launcher t3}}}
E/NetdConnector(  360): NDC Command {13 bandwidth removeiquota eth0} took too long (877ms)
I/Choreographer(  699): Skipped 39 frames!  The application may be doing too much work on its main thread.
D/Tethering(  360): MasterInitialState.processMessage what=3
D/CaptivePortalTracker(  360): NoActiveNetworkState{ when=-2ms what=1 obj=NetworkInfo: type: mobile[UMTS], state: CONNECTED/CONNECTED, reason: connected, extra: epc.tmobile.com, roaming: false, failover: false, isAvailable: true, isConnectedToProvisioningNetwork: false target=com.android.internal.util.StateMachine$SmHandler }
D/CaptivePortalTracker(  360): NoActiveNetworkState not a wifi connectivity change, ignore
D/gralloc_goldfish(  699): Emulator without GPU emulation detected.
I/InputReader(  360): Reconfiguring input devices.  changes=0x00000010
I/PackageManager(  360):   Action: "android.intent.action.SENDTO"
I/PackageManager(  360):   Category: "android.intent.category.DEFAULT"
I/PackageManager(  360):   Scheme: "sms"
I/PackageManager(  360): Adding preferred activity ComponentInfo{com.android.mms/com.android.mms.ui.ComposeMessageActivity} for user 0 :
I/MediaProvider(  623): Upgrading media database from version 0 to 700, which will destroy all old data
I/PackageManager(  360):   Action: "android.intent.action.SENDTO"
I/PackageManager(  360):   Category: "android.intent.category.DEFAULT"
I/PackageManager(  360):   Scheme: "smsto"
I/PackageManager(  360): Adding preferred activity ComponentInfo{com.android.mms/com.android.mms.ui.ComposeMessageActivity} for user 0 :
D/dalvikvm(  699): GC_FOR_ALLOC freed 226K, 10% free 4027K/4432K, paused 241ms, total 243ms
I/PackageManager(  360):   Action: "android.intent.action.SENDTO"
I/PackageManager(  360):   Category: "android.intent.category.DEFAULT"
I/PackageManager(  360):   Scheme: "mms"
I/PackageManager(  360): Adding preferred activity ComponentInfo{com.android.mms/com.android.mms.ui.ComposeMessageActivity} for user 0 :
I/dalvikvm-heap(  699): Grow heap (frag case) to 5.563MB for 1610896-byte allocation
D/dalvikvm(  699): GC_FOR_ALLOC freed 1K, 7% free 5599K/6008K, paused 77ms, total 77ms
D/dalvikvm(  360): GC_CONCURRENT freed 556K, 58% free 5646K/13256K, paused 6ms+39ms, total 303ms
D/dalvikvm(  360): WAIT_FOR_CONCURRENT_GC blocked 41ms
I/PackageManager(  360):   Action: "android.intent.action.SENDTO"
I/PackageManager(  360):   Category: "android.intent.category.DEFAULT"
I/PackageManager(  360):   Scheme: "mmsto"
I/PackageManager(  360): Adding preferred activity ComponentInfo{com.android.mms/com.android.mms.ui.ComposeMessageActivity} for user 0 :
D/dalvikvm(  699): GC_FOR_ALLOC freed <1K, 7% free 5599K/6008K, paused 119ms, total 119ms
I/dalvikvm-heap(  699): Grow heap (frag case) to 7.098MB for 1610896-byte allocation
D/dalvikvm(  699): GC_FOR_ALLOC freed 0K, 6% free 7172K/7584K, paused 52ms, total 53ms
I/PackageManager(  360):   Action: "android.intent.action.SENDTO"
I/PackageManager(  360):   Category: "android.intent.category.DEFAULT"
I/PackageManager(  360):   Scheme: "sms"
I/PackageManager(  360): Adding preferred activity ComponentInfo{com.android.mms/com.android.mms.ui.ComposeMessageActivity} for user 0 :
D/dalvikvm(  602): GC_CONCURRENT freed 414K, 14% free 3382K/3908K, paused 32ms+2ms, total 118ms
I/PackageManager(  360):   Action: "android.intent.action.SENDTO"
I/PackageManager(  360):   Category: "android.intent.category.DEFAULT"
I/PackageManager(  360):   Scheme: "smsto"
I/PackageManager(  360): Adding preferred activity ComponentInfo{com.android.mms/com.android.mms.ui.ComposeMessageActivity} for user 0 :
E/NetdConnector(  360): NDC Command {14 bandwidth setiquota eth0 9223372036854775807} took too long (1408ms)
D/MobileDataStateTracker(  360): default: setPolicyDataEnable(enabled=true)
D/dalvikvm(  699): GC_CONCURRENT freed 126K, 8% free 7088K/7628K, paused 103ms+3ms, total 292ms
I/PackageManager(  360):   Action: "android.intent.action.SENDTO"
I/PackageManager(  360):   Category: "android.intent.category.DEFAULT"
I/PackageManager(  360):   Scheme: "mms"
I/PackageManager(  360): Adding preferred activity ComponentInfo{com.android.mms/com.android.mms.ui.ComposeMessageActivity} for user 0 :
I/PackageManager(  360):   Action: "android.intent.action.SENDTO"
I/PackageManager(  360):   Category: "android.intent.category.DEFAULT"
I/PackageManager(  360):   Scheme: "mmsto"
I/PackageManager(  360): Adding preferred activity ComponentInfo{com.android.mms/com.android.mms.ui.ComposeMessageActivity} for user 0 :
W/WindowManager(  360): Window freeze timeout expired.
W/WindowManager(  360): Force clearing orientation change: Window{b3230d70 u0 com.android.launcher/com.android.launcher2.Launcher}
I/WindowManager(  360): Screen frozen for +6s858ms due to Window{b3230d70 u0 com.android.launcher/com.android.launcher2.Launcher}
I/ARMAssembler(   58): generated scanline__00000077:03515104_00009001_00000000 [131 ipp] (153 ins) at [0xb5a5f410:0xb5a5f674] in 0 ns
D/ConnectivityService(  360): startUsingNetworkFeature reconnecting to 0: enableHIPRI
I/ActivityManager(  360): Displayed com.android.launcher/com.android.launcher2.Launcher: +9s635ms (total +14s483ms)
D/dalvikvm(  360): GC_CONCURRENT freed 695K, 58% free 5570K/13256K, paused 6ms+26ms, total 332ms
I/Choreographer(  360): Skipped 31 frames!  The application may be doing too much work on its main thread.
D/dalvikvm(  448): GC_FOR_ALLOC freed 3113K, 48% free 3587K/6796K, paused 502ms, total 503ms
I/dalvikvm-heap(  448): Grow heap (frag case) to 6.523MB for 3072016-byte allocation
I/Choreographer(  360): Skipped 41 frames!  The application may be doing too much work on its main thread.
D/dalvikvm(  448): GC_FOR_ALLOC freed 0K, 4% free 6587K/6796K, paused 229ms, total 229ms
I/Choreographer(  360): Skipped 109 frames!  The application may be doing too much work on its main thread.
D/dalvikvm(  448): GC_CONCURRENT freed 6K, 4% free 6582K/6796K, paused 285ms+33ms, total 1123ms
D/MobileDataStateTracker(  360): hipri: Broadcast received: android.intent.action.ANY_DATA_STATE apnType=hipri
D/MobileDataStateTracker(  360): hipri: Received state=CONNECTING, old=DISCONNECTED, reason=dataEnabled
D/MobileDataStateTracker(  360): hipri: setDetailed state, old =IDLE and new state=CONNECTING
I/Choreographer(  699): Skipped 62 frames!  The application may be doing too much work on its main thread.
D/ConnectivityService(  360): startUsingNetworkFeature X: return APN_REQUEST_STARTED
E/ConnectivityService(  360): startUsingNetworkFeature took too long: 6329ms
D/ConnectivityService(  360): [CheckMp] isMobileOk: hipri started
D/ConnectivityService(  360): [CheckMp] isMobileOk: not connected ni=NetworkInfo: type: mobile_hipri[UMTS], state: DISCONNECTED/IDLE, reason: (unspecified), extra: (none), roaming: false, failover: false, isAvailable: true, isConnectedToProvisioningNetwork: false
D/MobileDataStateTracker(  360): fota: Broadcast received: android.intent.action.ANY_DATA_STATE apnType=fota
D/MobileDataStateTracker(  360): fota: Received state=DISCONNECTED, old=DISCONNECTED, reason=dataEnabled
D/MobileDataStateTracker(  360): ia: Broadcast received: android.intent.action.ANY_DATA_STATE apnType=ia
D/MobileDataStateTracker(  360): ia: Received state=DISCONNECTED, old=DISCONNECTED, reason=dataEnabled
D/MobileDataStateTracker(  360): supl: Broadcast received: android.intent.action.ANY_DATA_STATE apnType=supl
D/MobileDataStateTracker(  360): supl: Received state=DISCONNECTED, old=DISCONNECTED, reason=dataEnabled
D/MobileDataStateTracker(  360): ims: Broadcast received: android.intent.action.ANY_DATA_STATE apnType=ims
D/MobileDataStateTracker(  360): ims: Received state=DISCONNECTED, old=DISCONNECTED, reason=dataEnabled
D/MobileDataStateTracker(  360): mms: Broadcast received: android.intent.action.ANY_DATA_STATE apnType=mms
D/MobileDataStateTracker(  360): mms: Received state=DISCONNECTED, old=DISCONNECTED, reason=dataEnabled
D/MobileDataStateTracker(  360): cbs: Broadcast received: android.intent.action.ANY_DATA_STATE apnType=cbs
D/MobileDataStateTracker(  360): cbs: Received state=DISCONNECTED, old=DISCONNECTED, reason=dataEnabled
D/MobileDataStateTracker(  360): hipri: Broadcast received: android.intent.action.ANY_DATA_STATE apnType=hipri
D/AndroidRuntime(  799): 
D/AndroidRuntime(  799): >>>>>> AndroidRuntime START com.android.internal.os.RuntimeInit <<<<<<
D/MobileDataStateTracker(  360): hipri: Received state=CONNECTED, old=CONNECTING, reason=dataEnabled
D/MobileDataStateTracker(  360): hipri: setDetailed state, old =IDLE and new state=CONNECTED
D/ConnectivityService(  360): ConnectivityChange for mobile_hipri: CONNECTED/CONNECTED
D/AndroidRuntime(  799): CheckJNI is ON
D/dalvikvm(  602): GC_CONCURRENT freed 535K, 16% free 3339K/3960K, paused 360ms+43ms, total 724ms
E/logwrapper(  801): executing /system/bin/ip failed: No such file or directory
E/ConnectivityService(  360): Exception trying to add a route: java.lang.IllegalStateException: command '21 interface fwmark exempt add 10.0.2.2/32' failed with '400 21 Failed to add exemption rule (File exists)'
D/dalvikvm(  799): Trying to load lib libjavacore.so 0x0
D/dalvikvm(  799): Added shared lib libjavacore.so 0x0
E/logwrapper(  802): executing /system/bin/ip failed: No such file or directory
D/dalvikvm(  799): Trying to load lib libnativehelper.so 0x0
D/dalvikvm(  799): Added shared lib libnativehelper.so 0x0
D/dalvikvm(  799): No JNI_OnLoad found in libnativehelper.so 0x0, skipping init
E/ConnectivityService(  360): Exception trying to add a route: java.lang.IllegalStateException: command '23 interface fwmark exempt add 10.0.2.3/32' failed with '400 23 Failed to add exemption rule (File exists)'
E/logwrapper(  803): executing /system/bin/ip failed: No such file or directory
E/ConnectivityService(  360): Exception trying to add a route: java.lang.IllegalStateException: command '25 interface fwmark exempt add 10.0.2.2/32' failed with '400 25 Failed to add exemption rule (File exists)'
E/logwrapper(  804): executing /system/bin/ip failed: No such file or directory
E/ConnectivityService(  360): Exception trying to add a route: java.lang.IllegalStateException: command '27 interface fwmark exempt add 10.0.2.4/32' failed with '400 27 Failed to add exemption rule (File exists)'
E/logwrapper(  805): executing /system/bin/ip failed: No such file or directory
E/SecondaryTablController(   55): ip route add failed: /system/bin/ip route add 10.0.2.2/32 via 0.0.0.0 dev eth0 table 60
W/FrameworkListener(   55): Handler 'interface' error (No such device)
E/ConnectivityService(  360): Exception trying to add a route: java.lang.IllegalStateException: command '28 interface route add eth0 secondary 10.0.2.2 32 0.0.0.0' failed with '400 28 ip route modification failed (No such device)'
E/logwrapper(  806): executing /system/bin/ip failed: No such file or directory
E/SecondaryTablController(   55): ip route add failed: /system/bin/ip route add 0.0.0.0/0 via 10.0.2.2 dev eth0 table 60
W/FrameworkListener(   55): Handler 'interface' error (No such device)
E/ConnectivityService(  360): Exception trying to add a route: java.lang.IllegalStateException: command '29 interface route add eth0 secondary 0.0.0.0 0 10.0.2.2' failed with '400 29 ip route modification failed (No such device)'
D/Nat464Xlat(  360): requiresClat: netType=5, hasIPv4Address=true
D/MobileDataStateTracker(  360): default: setPolicyDataEnable(enabled=true)
D/dalvikvm(  799): Note: class Landroid/app/ActivityManagerNative; has 179 unimplemented (abstract) methods
D/dalvikvm(  360): GC_EXPLICIT freed 360K, 59% free 5529K/13256K, paused 5ms+15ms, total 195ms
W/NetworkPolicy(  360): shared quota unsupported; generating rule for each iface
D/MobileDataStateTracker(  360): hipri: isProvisioningNetwork: retVal=false
D/ConnectivityService(  360): [CheckMp] isMobileOk: isProvisioningNetwork is false, continue
I/Choreographer(  699): Skipped 414 frames!  The application may be doing too much work on its main thread.
D/ConnectivityService(  360): [CheckMp] isMobileOk: addresses=clients3.google.com/216.58.204.46
D/ConnectivityService(  360): [CheckMp] isMobileOk: linkHasIpv4=true linkHasIpv6=false
I/Choreographer(  699): Skipped 93 frames!  The application may be doing too much work on its main thread.
E/memtrack(  799): Couldn't load memtrack module (No such file or directory)
E/android.os.Debug(  799): failed to load memtrack module: -2
E/NetdConnector(  360): NDC Command {31 bandwidth removeiquota eth0} took too long (1351ms)
E/NetdConnector(  360): NDC Command {32 interface route add eth0 default 10.0.2.2 32 0.0.0.0} took too long (538ms)
D/AndroidRuntime(  799): Calling main entry com.android.commands.pm.Pm
I/ActivityManager(  360): Start proc com.android.defcontainer for service com.android.defcontainer/.DefaultContainerService: pid=829 uid=10003 gids={50003, 1028, 1015, 1023, 2001, 1035}
W/ActivityManager(  360): Activity destroy timeout for ActivityRecord{b34f3950 u0 com.android.settings/.CryptKeeper t1 f}
D/Tethering(  360): MasterInitialState.processMessage what=3
D/CaptivePortalTracker(  360): NoActiveNetworkState{ when=-14ms what=1 obj=NetworkInfo: type: mobile_hipri[UMTS], state: CONNECTED/CONNECTED, reason: dataEnabled, extra: epc.tmobile.com, roaming: false, failover: false, isAvailable: true, isConnectedToProvisioningNetwork: false target=com.android.internal.util.StateMachine$SmHandler }
D/CaptivePortalTracker(  360): NoActiveNetworkState not a wifi connectivity change, ignore
E/logwrapper(  855): executing /system/bin/ip failed: No such file or directory
E/NetdConnector(  360): NDC Command {33 bandwidth setiquota eth0 9223372036854775807} took too long (1979ms)
E/NetdConnector(  360): NDC Command {34 interface fwmark exempt add 10.0.2.2/32} took too long (1967ms)
E/ConnectivityService(  360): Exception trying to add a route: java.lang.IllegalStateException: command '34 interface fwmark exempt add 10.0.2.2/32' failed with '400 34 Failed to add exemption rule (File exists)'
E/SQLiteLog(  623): (1) no such table: album_info
E/NetdConnector(  360): NDC Command {35 bandwidth removeiquota eth0} took too long (823ms)
E/NetdConnector(  360): NDC Command {36 interface route add eth0 default 216.58.204.46 32 10.0.2.2} took too long (856ms)
D/dalvikvm(  623): GC_CONCURRENT freed 227K, 11% free 2888K/3212K, paused 35ms+32ms, total 259ms
I/ActivityManager(  360): Start proc com.android.externalstorage for broadcast com.android.externalstorage/.MountReceiver: pid=873 uid=10006 gids={50006, 1028, 1015, 1023}
I/DownloadManager(  623): Upgrading downloads database from version 0 to version 109, which will destroy all old data
D/ExternalStorage(  873): Missing UUID for /storage/sdcard; skipping
D/ExternalStorage(  873): After updating volumes, found 0 active roots
D/ExternalStorage(  873): Missing UUID for /storage/sdcard; skipping
D/ExternalStorage(  873): After updating volumes, found 0 active roots
D/MediaScannerReceiver(  623): action: android.intent.action.MEDIA_MOUNTED path: /storage/sdcard
E/logwrapper(  899): executing /system/bin/ip failed: No such file or directory
E/NetdConnector(  360): NDC Command {37 bandwidth setiquota eth0 9223372036854775807} took too long (1786ms)
D/MobileDataStateTracker(  360): default: setPolicyDataEnable(enabled=true)
E/NetdConnector(  360): NDC Command {38 interface fwmark exempt add 216.58.204.46/32} took too long (1842ms)
E/ConnectivityService(  360): Exception trying to add a route: java.lang.IllegalStateException: command '38 interface fwmark exempt add 216.58.204.46/32' failed with '400 38 Failed to add exemption rule (File exists)'
D/ConnectivityService(  360): requestRouteToHostAddress ok=false
D/ConnectivityService(  360): [CheckMp] isMobileOk: could not establish route to hostAddr=clients3.google.com/216.58.204.46
W/ActivityManager(  360): No content provider found for permission revoke: file:///data/local/tmp/sample_for_analysis.apk
I/ActivityManager(  360): Start proc com.android.exchange for content provider com.android.exchange/.provider.ExchangeDirectoryProvider: pid=900 uid=10025 gids={50025, 3003, 1028, 1015}
I/ActivityManager(  360): Start proc com.android.email for content provider com.android.email/.provider.EmailProvider: pid=912 uid=10024 gids={50024, 3003, 1028, 1015}
D/dalvikvm(  699): GC_CONCURRENT freed 1953K, 25% free 6495K/8552K, paused 5ms+72ms, total 126ms
D/ActivityThread(  912): Loading provider com.android.email.provider;com.android.email.notifier: com.android.email.provider.EmailProvider
D/ActivityThread(  912): Loading provider com.android.email.provider;com.android.email.notifier: com.android.email.provider.EmailProvider
D/GpsLocationProvider(  360): NTP server returned: 1538951395657 (Sun Oct 07 18:29:55 EDT 2018) reference: 71970 certainty: 49 system time offset: -25464
V/MediaScanner(  623): pruneDeadThumbnailFiles... android.database.sqlite.SQLiteCursor@b2d5e568
V/MediaScanner(  623): /pruneDeadThumbnailFiles... android.database.sqlite.SQLiteCursor@b2d5e568
W/ActivityManager(  360): No content provider found for permission revoke: file:///data/local/tmp/sample_for_analysis.apk
I/PackageManager(  360): Copying native libraries to /data/app-lib/vmdl910268577
D/dalvikvm(  360): GC_CONCURRENT freed 387K, 57% free 5777K/13256K, paused 6ms+13ms, total 86ms
E/BluetoothAdapter(  613): Bluetooth binder is null
I/ActivityManager(  360): Start proc com.android.music for broadcast com.android.music/.MediaButtonIntentReceiver: pid=930 uid=10032 gids={50032, 3003, 1028, 1015}
I/dalvikvm(  930): CheckJNI enabled: not enabling JNI app bug workarounds.
D/dalvikvm(  360): GC_CONCURRENT freed 499K, 56% free 5923K/13256K, paused 17ms+4ms, total 67ms
D/dalvikvm(  360): GC_CONCURRENT freed 339K, 53% free 6327K/13256K, paused 7ms+8ms, total 99ms
D/dalvikvm(  912): GC_CONCURRENT freed 283K, 12% free 2906K/3288K, paused 43ms+2ms, total 72ms
E/logwrapper(  942): executing /system/bin/ip failed: No such file or directory
E/ConnectivityService(  360): Exception trying to add a route: java.lang.IllegalStateException: command '41 interface fwmark exempt add 10.0.2.2/32' failed with '400 41 Failed to add exemption rule (File exists)'
E/logwrapper(  943): executing /system/bin/ip failed: No such file or directory
E/ConnectivityService(  360): Exception trying to add a route: java.lang.IllegalStateException: command '43 interface fwmark exempt add 216.58.204.46/32' failed with '400 43 Failed to add exemption rule (File exists)'
D/ConnectivityService(  360): requestRouteToHostAddress ok=false
D/ConnectivityService(  360): [CheckMp] isMobileOk: could not establish route to hostAddr=clients3.google.com/216.58.204.46
D/dalvikvm(  360): GC_CONCURRENT freed 826K, 53% free 6328K/13256K, paused 7ms+4ms, total 71ms
D/dalvikvm(  360): GC_CONCURRENT freed 830K, 53% free 6333K/13256K, paused 7ms+5ms, total 71ms
D/dalvikvm(  360): GC_CONCURRENT freed 833K, 52% free 6387K/13256K, paused 6ms+6ms, total 80ms
D/dalvikvm(  360): GC_CONCURRENT freed 895K, 52% free 6384K/13256K, paused 6ms+6ms, total 121ms
D/dalvikvm(  360): GC_CONCURRENT freed 882K, 52% free 6377K/13256K, paused 6ms+9ms, total 109ms
D/dalvikvm(  360): GC_CONCURRENT freed 850K, 53% free 6354K/13256K, paused 7ms+5ms, total 72ms
D/dalvikvm(  360): GC_CONCURRENT freed 786K, 52% free 6370K/13256K, paused 7ms+10ms, total 80ms
I/PackageManager(  360): Running dexopt on: com.zymy.shua.lbhz
D/dalvikvm(  947): DexOpt: couldn't find static field Landroid/os/Build;.SUPPORTED_32_BIT_ABIS
D/dalvikvm(  947): DexOpt: load 42ms, verify+opt 27ms, 154492 bytes
W/PackageManager(  360): Not granting permission android.permission.PACKAGE_USAGE_STATS to package com.zymy.shua.lbhz (protectionLevel=18 flags=0x48be44)
W/PackageManager(  360): Not granting permission android.permission.MOUNT_UNMOUNT_FILESYSTEMS to package com.zymy.shua.lbhz (protectionLevel=18 flags=0x48be44)
W/PackageManager(  360): Unknown permission xvtian.gai.receiver in package com.zymy.shua.lbhz
W/PackageManager(  360): Unknown permission android.permission.SYSTEM_OVERLAY_WINDOW in package com.zymy.shua.lbhz
W/ActivityManager(  360): Unable to start service Intent { cmp=com.android.email/.service.AttachmentDownloadService } U=0: not found
W/ActivityManager(  360): Unable to start service Intent { cmp=com.android.email/.service.AttachmentDownloadService } U=0: not found
I/ActivityManager(  360): Force stopping com.zymy.shua.lbhz appid=10052 user=-1: update pkg
I/ContactDirectoryManager(  547): deleted 0 stale rows which don't have any relevant directory
I/InputReader(  360): Reconfiguring input devices.  changes=0x00000010
D/BackupManagerService(  360): Received broadcast Intent { act=android.intent.action.PACKAGE_ADDED dat=package:com.zymy.shua.lbhz flg=0x4000010 (has extras) }
V/BackupManagerService(  360): addPackageParticipantsLocked: #1
I/PackageManager(  360):   Action: "android.intent.action.SENDTO"
I/PackageManager(  360):   Category: "android.intent.category.DEFAULT"
I/PackageManager(  360):   Scheme: "sms"
I/PackageManager(  360): Adding preferred activity ComponentInfo{com.android.mms/com.android.mms.ui.ComposeMessageActivity} for user 0 :
D/dalvikvm(  588): GC_CONCURRENT freed 277K, 13% free 3076K/3512K, paused 2ms+3ms, total 67ms
E/logwrapper(  949): executing /system/bin/ip failed: No such file or directory
E/ConnectivityService(  360): Exception trying to add a route: java.lang.IllegalStateException: command '45 interface fwmark exempt add 10.0.2.2/32' failed with '400 45 Failed to add exemption rule (File exists)'
I/Email   (  912): Observing account changes for notifications
W/ActivityManager(  360): Unable to start service Intent { cmp=com.android.email/.service.AttachmentDownloadService } U=0: not found
I/PackageManager(  360):   Action: "android.intent.action.SENDTO"
I/PackageManager(  360):   Category: "android.intent.category.DEFAULT"
I/PackageManager(  360):   Scheme: "smsto"
I/PackageManager(  360): Adding preferred activity ComponentInfo{com.android.mms/com.android.mms.ui.ComposeMessageActivity} for user 0 :
I/PackageManager(  360):   Action: "android.intent.action.SENDTO"
I/PackageManager(  360):   Category: "android.intent.category.DEFAULT"
I/PackageManager(  360):   Scheme: "mms"
I/PackageManager(  360): Adding preferred activity ComponentInfo{com.android.mms/com.android.mms.ui.ComposeMessageActivity} for user 0 :
I/PackageManager(  360):   Action: "android.intent.action.SENDTO"
I/PackageManager(  360):   Category: "android.intent.category.DEFAULT"
I/PackageManager(  360):   Scheme: "mmsto"
I/PackageManager(  360): Adding preferred activity ComponentInfo{com.android.mms/com.android.mms.ui.ComposeMessageActivity} for user 0 :
I/PackageManager(  360):   Action: "android.intent.action.SENDTO"
I/PackageManager(  360):   Category: "android.intent.category.DEFAULT"
I/PackageManager(  360):   Scheme: "sms"
I/PackageManager(  360): Adding preferred activity ComponentInfo{com.android.mms/com.android.mms.ui.ComposeMessageActivity} for user 0 :
I/ContactDirectoryManager(  547): Discovered 0 contact directories in 6989ms
D/dalvikvm(  360): GC_EXPLICIT freed 1641K, 58% free 5650K/13256K, paused 19ms+6ms, total 535ms
D/dalvikvm(  360): WAIT_FOR_CONCURRENT_GC blocked 82ms
D/dalvikvm(  360): WAIT_FOR_CONCURRENT_GC blocked 70ms
D/dalvikvm(  360): WAIT_FOR_CONCURRENT_GC blocked 67ms
D/dalvikvm(  360): WAIT_FOR_CONCURRENT_GC blocked 59ms
I/PackageManager(  360):   Action: "android.intent.action.SENDTO"
I/PackageManager(  360):   Category: "android.intent.category.DEFAULT"
I/PackageManager(  360):   Scheme: "smsto"
I/PackageManager(  360): Adding preferred activity ComponentInfo{com.android.mms/com.android.mms.ui.ComposeMessageActivity} for user 0 :
D/dalvikvm(  602): GC_CONCURRENT freed 392K, 16% free 3365K/3960K, paused 10ms+2ms, total 41ms
I/PackageManager(  360):   Action: "android.intent.action.SENDTO"
I/PackageManager(  360):   Category: "android.intent.category.DEFAULT"
I/PackageManager(  360):   Scheme: "mms"
I/PackageManager(  360): Adding preferred activity ComponentInfo{com.android.mms/com.android.mms.ui.ComposeMessageActivity} for user 0 :
I/PackageManager(  360):   Action: "android.intent.action.SENDTO"
I/PackageManager(  360):   Category: "android.intent.category.DEFAULT"
I/PackageManager(  360):   Scheme: "mmsto"
I/PackageManager(  360): Adding preferred activity ComponentInfo{com.android.mms/com.android.mms.ui.ComposeMessageActivity} for user 0 :
D/dalvikvm(  360): GC_CONCURRENT freed 593K, 57% free 5706K/13256K, paused 22ms+4ms, total 69ms
D/dalvikvm(  360): WAIT_FOR_CONCURRENT_GC blocked 301ms
E/NetdConnector(  360): NDC Command {46 interface route add eth0 default 216.58.204.46 32 10.0.2.2} took too long (503ms)
D/dalvikvm(  360): WAIT_FOR_CONCURRENT_GC blocked 300ms
D/dalvikvm(  360): WAIT_FOR_CONCURRENT_GC blocked 332ms
D/AndroidRuntime(  799): Shutting down VM
E/logwrapper(  951): executing /system/bin/ip failed: No such file or directory
D/dalvikvm(  799): GC_CONCURRENT freed 95K, 16% free 560K/660K, paused 3ms+13ms, total 31ms
E/ConnectivityService(  360): Exception trying to add a route: java.lang.IllegalStateException: command '47 interface fwmark exempt add 216.58.204.46/32' failed with '400 47 Failed to add exemption rule (File exists)'
D/ConnectivityService(  360): requestRouteToHostAddress ok=false
D/ConnectivityService(  360): [CheckMp] isMobileOk: could not establish route to hostAddr=clients3.google.com/216.58.204.46
I/ContactsProvider(  547): Upgrading aggregation algorithm
I/ContactAggregator(  547): Marked all visible contacts for aggregation: 0 raw contacts, 15 ms
I/ContactsProvider(  547): Aggregation algorithm upgraded for 0 raw contacts in 47ms
W/RecognitionManagerService(  360): no available voice recognition services found for user 0
I/ContactsFTS(  547): Rebuild contact search index in 304ms, 0 contacts
I/MediaFocusControl(  360):   Remote Control   registerMediaButtonIntent() for PendingIntent{b3352950: PendingIntentRecord{b3084418 com.android.music broadcastIntent}}
I/ActivityManager(  360): Start proc com.android.calendar for broadcast com.android.calendar/.widget.CalendarAppWidgetService$CalendarFactory: pid=954 uid=10016 gids={50016, 3003}
D/dalvikvm(  547): GC_CONCURRENT freed 274K, 11% free 3090K/3460K, paused 3ms+2ms, total 61ms
D/ExtensionsFactory(  954): No custom extensions.
I/ActivityManager(  360): Start proc com.android.deskclock for broadcast com.android.deskclock/.AlarmInitReceiver: pid=973 uid=10020 gids={50020, 1028}
D/dalvikvm(   59): WAIT_FOR_CONCURRENT_GC blocked 1ms
I/ActivityManager(  360): Start proc com.android.providers.calendar for content provider com.android.providers.calendar/.CalendarProvider2: pid=980 uid=10001 gids={50001, 3003, 1028, 1015}
D/dalvikvm(   59): GC_EXPLICIT freed 40K, 5% free 2705K/2844K, paused 2ms+2ms, total 59ms
D/dalvikvm(   59): GC_EXPLICIT freed <1K, 5% free 2705K/2844K, paused 2ms+2ms, total 42ms
D/dalvikvm(   59): GC_EXPLICIT freed <1K, 5% free 2705K/2844K, paused 2ms+2ms, total 43ms
I/CalendarDatabaseHelper(  980): Bootstrapping database
V/AlarmClock(  973): AlarmInitReceiver android.intent.action.TIMEZONE_CHANGED
I/CalendarProvider2(  980): Created com.android.providers.calendar.CalendarAlarmManager@b2d3a8e8(com.android.providers.calendar.CalendarProvider2@b2d26fc0)
I/AlarmClock(  973): Alarms Table created
I/AlarmClock(  973): Instance table created
I/AlarmClock(  973): Cities table created
I/AlarmClock(  973): Inserting default alarms
I/AlarmClock(  973): Displaying next alarm time: ''
W/BackupManagerService(  360): dataChanged but no participant pkg='com.android.providers.settings' uid=10020
V/AlarmClock(  973): AlarmInitReceiver finished
E/BluetoothAdapter(  613): Bluetooth binder is null
I/ActivityManager(  360): Start proc com.android.dialer for broadcast com.android.dialer/.calllog.CallLogReceiver: pid=1001 uid=10004 gids={50004, 3003, 1028, 1015}
D/ExtensionsFactory( 1001): No custom extensions.
I/ActivityManager(  360): Delay finish: com.android.dialer/.calllog.CallLogReceiver
I/ActivityManager(  360): Resuming delayed broadcast
E/BluetoothAdapter(  360): Bluetooth binder is null
E/BluetoothAdapter(  360): Bluetooth binder is null
V/WiredAccessoryManager(  360): init()
E/SoundPool(  360): error loading /system/media/audio/ui/Effect_Tick.ogg
W/AudioService(  360): Soundpool could not load file: /system/media/audio/ui/Effect_Tick.ogg
E/SoundPool(  360): error loading /system/media/audio/ui/Effect_Tick.ogg
W/AudioService(  360): Soundpool could not load file: /system/media/audio/ui/Effect_Tick.ogg
E/SoundPool(  360): error loading /system/media/audio/ui/Effect_Tick.ogg
W/AudioService(  360): Soundpool could not load file: /system/media/audio/ui/Effect_Tick.ogg
E/SoundPool(  360): error loading /system/media/audio/ui/Effect_Tick.ogg
W/AudioService(  360): Soundpool could not load file: /system/media/audio/ui/Effect_Tick.ogg
E/SoundPool(  360): error loading /system/media/audio/ui/Effect_Tick.ogg
W/AudioService(  360): Soundpool could not load file: /system/media/audio/ui/Effect_Tick.ogg
E/SoundPool(  360): error loading /system/media/audio/ui/KeypressStandard.ogg
W/AudioService(  360): Soundpool could not load file: /system/media/audio/ui/KeypressStandard.ogg
E/SoundPool(  360): error loading /system/media/audio/ui/KeypressSpacebar.ogg
W/AudioService(  360): Soundpool could not load file: /system/media/audio/ui/KeypressSpacebar.ogg
E/SoundPool(  360): error loading /system/media/audio/ui/KeypressDelete.ogg
W/AudioService(  360): Soundpool could not load file: /system/media/audio/ui/KeypressDelete.ogg
I/PowerManagerService(  360): Boot animation finished.
E/SoundPool(  360): error loading /system/media/audio/ui/KeypressReturn.ogg
W/AudioService(  360): Soundpool could not load file: /system/media/audio/ui/KeypressReturn.ogg
E/SoundPool(  360): error loading /system/media/audio/ui/KeypressInvalid.ogg
W/AudioService(  360): Soundpool could not load file: /system/media/audio/ui/KeypressInvalid.ogg
W/AudioService(  360): onLoadSoundEffects(), Error -1 while loading samples
I/RecoverySystem(  360): No recovery log file
I/BootReceiver(  360): Copying audit failures to DropBox
I/BootReceiver(  360): Checking for fsck errors
D/dalvikvm(  360): GC_CONCURRENT freed 549K, 57% free 5799K/13256K, paused 15ms+15ms, total 94ms
I/CalendarProvider2(  980): Sending notification intent: Intent { act=android.intent.action.PROVIDER_CHANGED dat=content://com.android.calendar }
W/ContentResolver(  980): Failed to get type for: content://com.android.calendar (Unknown URL content://com.android.calendar)
I/ActivityManager(  360): Delay finish: com.android.providers.media/.MediaScannerReceiver
I/ActivityManager(  360): Resuming delayed broadcast
I/ActivityManager(  360): Start proc com.android.mms for broadcast com.android.mms/.transaction.MmsSystemEventReceiver: pid=1027 uid=10009 gids={50009, 3003, 1028, 1015}
E/logwrapper( 1039): executing /system/bin/ip failed: No such file or directory
E/ConnectivityService(  360): Exception trying to add a route: java.lang.IllegalStateException: command '49 interface fwmark exempt add 10.0.2.2/32' failed with '400 49 Failed to add exemption rule (File exists)'
E/logwrapper( 1040): executing /system/bin/ip failed: No such file or directory
D/CountryDetector(  360): The first listener is added
V/MmsConfig( 1027): mnc/mcc: 310260
V/MmsConfig( 1027): tag: bool value: enabledMMS - true
V/MmsConfig( 1027): tag: int value: maxMessageSize - 307200
V/MmsConfig( 1027): tag: int value: maxImageHeight - 480
V/MmsConfig( 1027): tag: int value: maxImageWidth - 640
V/MmsConfig( 1027): tag: int value: defaultSMSMessagesPerThread - 10000
V/MmsConfig( 1027): tag: int value: defaultMMSMessagesPerThread - 1000
