D/dalvikvm(  362): GC_CONCURRENT freed 1187K, 68% free 4072K/12712K, paused 13ms+6ms, total 102ms
I/PackageManager(  362): /system/app/GpsLocationTest.apk changed; collecting certs
I/PackageManager(  362): /system/app/HTMLViewer.apk changed; collecting certs
I/PackageManager(  362): /system/app/KeyChain.apk changed; collecting certs
D/dalvikvm(  362): GC_CONCURRENT freed 408K, 68% free 4097K/12712K, paused 5ms+15ms, total 70ms
I/PackageManager(  362): /system/app/LatinIME.apk changed; collecting certs
D/dalvikvm(  362): GC_CONCURRENT freed 499K, 68% free 4107K/12712K, paused 13ms+3ms, total 46ms
D/dalvikvm(  362): WAIT_FOR_CONCURRENT_GC blocked 33ms
D/dalvikvm(  362): GC_FOR_ALLOC freed 308K, 67% free 4254K/12712K, paused 30ms, total 31ms
D/dalvikvm(  362): GC_CONCURRENT freed 294K, 66% free 4443K/12712K, paused 5ms+4ms, total 76ms
D/dalvikvm(  362): GC_CONCURRENT freed 280K, 64% free 4686K/12712K, paused 5ms+6ms, total 95ms
D/dalvikvm(  362): WAIT_FOR_CONCURRENT_GC blocked 6ms
D/dalvikvm(  362): GC_CONCURRENT freed 335K, 62% free 4873K/12712K, paused 4ms+4ms, total 102ms
I/PackageManager(  362): /system/app/LegacyCamera.apk changed; collecting certs
D/dalvikvm(  362): GC_CONCURRENT freed 442K, 61% free 4974K/12712K, paused 5ms+10ms, total 78ms
D/dalvikvm(  362): WAIT_FOR_CONCURRENT_GC blocked 18ms
D/dalvikvm(  362): GC_FOR_ALLOC freed 1308K, 68% free 4119K/12712K, paused 35ms, total 36ms
D/dalvikvm(  362): GC_CONCURRENT freed 249K, 66% free 4381K/12712K, paused 5ms+3ms, total 49ms
D/dalvikvm(  362): WAIT_FOR_CONCURRENT_GC blocked 17ms
D/dalvikvm(  362): GC_CONCURRENT freed 325K, 65% free 4510K/12712K, paused 5ms+6ms, total 70ms
D/dalvikvm(  362): GC_CONCURRENT freed 299K, 63% free 4708K/12712K, paused 14ms+14ms, total 91ms
I/PackageManager(  362): /system/app/LiveWallpapersPicker.apk changed; collecting certs
I/PackageManager(  362): /system/app/Music.apk changed; collecting certs
D/dalvikvm(  362): GC_CONCURRENT freed 437K, 63% free 4776K/12712K, paused 4ms+9ms, total 70ms
D/dalvikvm(  362): WAIT_FOR_CONCURRENT_GC blocked 25ms
D/dalvikvm(  362): GC_CONCURRENT freed 1157K, 68% free 4174K/12712K, paused 13ms+5ms, total 101ms
I/PackageManager(  362): /system/app/NetSpeed.apk changed; collecting certs
I/PackageManager(  362): /system/app/OpenWnn.apk changed; collecting certs
D/dalvikvm(  362): GC_CONCURRENT freed 362K, 67% free 4313K/12712K, paused 6ms+6ms, total 64ms
D/dalvikvm(  362): WAIT_FOR_CONCURRENT_GC blocked 24ms
D/dalvikvm(  362): GC_CONCURRENT freed 600K, 67% free 4224K/12712K, paused 6ms+3ms, total 57ms
D/dalvikvm(  362): WAIT_FOR_CONCURRENT_GC blocked 20ms
D/dalvikvm(  362): GC_CONCURRENT freed 311K, 66% free 4424K/12712K, paused 6ms+3ms, total 69ms
D/dalvikvm(  362): WAIT_FOR_CONCURRENT_GC blocked 21ms
I/PackageManager(  362): /system/app/PacProcessor.apk changed; collecting certs
I/PackageManager(  362): /system/app/PackageInstaller.apk changed; collecting certs
D/dalvikvm(  362): GC_CONCURRENT freed 394K, 65% free 4537K/12712K, paused 13ms+19ms, total 91ms
I/PackageManager(  362): /system/app/PicoTts.apk changed; collecting certs
I/PackageManager(  362): /system/app/PinyinIME.apk changed; collecting certs
D/dalvikvm(  362): GC_CONCURRENT freed 951K, 68% free 4098K/12712K, paused 5ms+4ms, total 66ms
D/dalvikvm(  362): WAIT_FOR_CONCURRENT_GC blocked 26ms
I/PackageManager(  362): /system/app/PrintSpooler.apk changed; collecting certs
D/dalvikvm(  362): GC_CONCURRENT freed 389K, 68% free 4143K/12712K, paused 6ms+13ms, total 91ms
I/PackageManager(  362): /system/app/Protips.apk changed; collecting certs
I/PackageManager(  362): /system/app/QuickSearchBox.apk changed; collecting certs
D/dalvikvm(  362): GC_CONCURRENT freed 469K, 68% free 4174K/12712K, paused 13ms+3ms, total 48ms
D/dalvikvm(  362): WAIT_FOR_CONCURRENT_GC blocked 25ms
D/dalvikvm(  362): GC_CONCURRENT freed 399K, 67% free 4282K/12712K, paused 13ms+5ms, total 100ms
I/PackageManager(  362): /system/app/SdkSetup.apk changed; collecting certs
I/PackageManager(  362): /system/app/SoundRecorder.apk changed; collecting certs
I/PackageManager(  362): /system/app/SpeechRecorder.apk changed; collecting certs
I/PackageManager(  362): /system/app/TelephonyProvider.apk changed; collecting certs
D/dalvikvm(  362): GC_CONCURRENT freed 416K, 66% free 4377K/12712K, paused 14ms+12ms, total 88ms
D/dalvikvm(  362): WAIT_FOR_CONCURRENT_GC blocked 16ms
I/PackageManager(  362): /system/app/UserDictionaryProvider.apk changed; collecting certs
D/PackageManager(  362): No files in app dir /vendor/app
D/dalvikvm(  362): GC_CONCURRENT freed 631K, 67% free 4216K/12712K, paused 5ms+12ms, total 80ms
W/PackageParser(  362): No actions in intent filter at /data/app/ApiDemos.apk Binary XML file line #2899
W/PackageParser(  362): No actions in intent filter at /data/app/ApiDemos.apk Binary XML file line #2905
I/PackageManager(  362): /data/app/ApiDemos.apk changed; collecting certs
D/dalvikvm(  362): GC_CONCURRENT freed 233K, 65% free 4460K/12712K, paused 4ms+2ms, total 42ms
D/dalvikvm(  362): WAIT_FOR_CONCURRENT_GC blocked 34ms
D/dalvikvm(  362): GC_CONCURRENT freed 353K, 64% free 4636K/12712K, paused 15ms+5ms, total 100ms
D/dalvikvm(  362): GC_CONCURRENT freed 321K, 63% free 4827K/12712K, paused 5ms+6ms, total 99ms
D/dalvikvm(  362): WAIT_FOR_CONCURRENT_GC blocked 7ms
D/dalvikvm(  362): GC_CONCURRENT freed 528K, 63% free 4829K/12712K, paused 5ms+3ms, total 68ms
D/dalvikvm(  362): WAIT_FOR_CONCURRENT_GC blocked 24ms
D/dalvikvm(  362): GC_CONCURRENT freed 530K, 62% free 4831K/12712K, paused 5ms+4ms, total 67ms
D/dalvikvm(  362): WAIT_FOR_CONCURRENT_GC blocked 25ms
D/dalvikvm(  362): GC_CONCURRENT freed 525K, 62% free 4835K/12712K, paused 3ms+3ms, total 79ms
D/dalvikvm(  362): WAIT_FOR_CONCURRENT_GC blocked 15ms
D/dalvikvm(  362): GC_CONCURRENT freed 527K, 62% free 4840K/12712K, paused 8ms+4ms, total 102ms
D/dalvikvm(  362): WAIT_FOR_CONCURRENT_GC blocked 15ms
D/dalvikvm(  362): GC_CONCURRENT freed 529K, 62% free 4846K/12712K, paused 4ms+4ms, total 69ms
D/dalvikvm(  362): WAIT_FOR_CONCURRENT_GC blocked 27ms
D/dalvikvm(  362): GC_CONCURRENT freed 529K, 62% free 4848K/12712K, paused 15ms+4ms, total 71ms
D/dalvikvm(  362): WAIT_FOR_CONCURRENT_GC blocked 32ms
D/dalvikvm(  362): GC_CONCURRENT freed 529K, 62% free 4851K/12712K, paused 5ms+4ms, total 70ms
D/dalvikvm(  362): WAIT_FOR_CONCURRENT_GC blocked 25ms
D/dalvikvm(  362): GC_CONCURRENT freed 531K, 62% free 4856K/12712K, paused 5ms+3ms, total 70ms
D/dalvikvm(  362): WAIT_FOR_CONCURRENT_GC blocked 27ms
D/dalvikvm(  362): GC_CONCURRENT freed 529K, 62% free 4859K/12712K, paused 15ms+3ms, total 71ms
D/dalvikvm(  362): WAIT_FOR_CONCURRENT_GC blocked 32ms
D/dalvikvm(  362): GC_CONCURRENT freed 457K, 62% free 4866K/12712K, paused 5ms+5ms, total 108ms
W/PackageManager(  362): Package com.example.android.apis desires unavailable shared library com.example.will.never.exist; ignoring!
I/PackageManager(  362): /data/app/CubeLiveWallpapers.apk changed; collecting certs
D/dalvikvm(  362): GC_CONCURRENT freed 462K, 62% free 4944K/12712K, paused 4ms+8ms, total 77ms
D/dalvikvm(  362): WAIT_FOR_CONCURRENT_GC blocked 18ms
I/PackageManager(  362): /data/app/GestureBuilder.apk changed; collecting certs
I/PackageManager(  362): /data/app/SmokeTest.apk changed; collecting certs
I/PackageManager(  362): /data/app/SmokeTestApp.apk changed; collecting certs
D/dalvikvm(  362): GC_CONCURRENT freed 1130K, 66% free 4433K/12712K, paused 13ms+3ms, total 103ms
I/PackageManager(  362): /data/app/SoftKeyboard.apk changed; collecting certs
D/dalvikvm(  362): GC_CONCURRENT freed 578K, 66% free 4360K/12712K, paused 5ms+4ms, total 65ms
D/dalvikvm(  362): WAIT_FOR_CONCURRENT_GC blocked 23ms
I/PackageManager(  362): /data/app/WidgetPreview.apk changed; collecting certs
W/PackageManager(  362): Package com.example.android.apis desires unavailable shared library com.example.will.never.exist; ignoring!
W/PackageManager(  362): Package com.android.camera desires unavailable shared library com.google.android.media.effects; ignoring!
I/PackageManager(  362): Time to scan packages: 23.086 seconds
W/PackageManager(  362): Not granting permission android.permission.GLOBAL_SEARCH to package com.android.quicksearchbox (protectionLevel=18 flags=0x8be45)
D/dalvikvm(  362): GC_CONCURRENT freed 419K, 66% free 4348K/12712K, paused 5ms+6ms, total 84ms
W/PackageManager(  362): Unknown permission com.android.smspush.WAPPUSH_MANAGER_BIND in package com.android.phone
W/PackageManager(  362): Unknown permission com.google.android.googleapps.permission.GOOGLE_AUTH in package com.android.providers.calendar
W/PackageManager(  362): Unknown permission com.google.android.googleapps.permission.GOOGLE_AUTH.cl in package com.android.providers.calendar
W/PackageManager(  362): Unknown permission com.google.android.googleapps.permission.GOOGLE_AUTH.mail in package com.android.calendar
W/PackageManager(  362): Not granting permission android.permission.ACCESS_DOWNLOAD_MANAGER to package com.android.browser (protectionLevel=18 flags=0x9be45)
W/PackageManager(  362): Not granting permission android.permission.SEND_DOWNLOAD_COMPLETED_INTENTS to package com.android.browser (protectionLevel=2 flags=0x9be45)
W/PackageManager(  362): Not granting permission android.permission.BIND_APPWIDGET to package com.android.widgetpreview (protectionLevel=18 flags=0x8be44)
W/PackageManager(  362): Unknown permission android.permission.INSTALL_DRM in package com.android.mms
W/PackageManager(  362): Unknown permission com.google.android.googleapps.permission.GOOGLE_AUTH in package com.android.settings
W/PackageManager(  362): Unknown permission com.google.android.googleapps.permission.ACCESS_GOOGLE_PASSWORD in package com.android.development
W/PackageManager(  362): Unknown permission com.google.android.googleapps.permission.GOOGLE_AUTH in package com.android.development
W/PackageManager(  362): Unknown permission com.google.android.googleapps.permission.GOOGLE_AUTH.ALL_SERVICES in package com.android.development
W/PackageManager(  362): Unknown permission com.google.android.googleapps.permission.GOOGLE_AUTH.YouTubeUser in package com.android.development
W/PackageManager(  362): Not granting permission android.permission.DELETE_PACKAGES to package com.svox.pico (protectionLevel=18 flags=0x8be45)
W/PackageManager(  362): Not granting permission android.permission.DEVICE_POWER to package com.android.deskclock (protectionLevel=2 flags=0x48be45)
D/dalvikvm(  362): GC_EXPLICIT freed 363K, 67% free 4281K/12712K, paused 4ms+3ms, total 55ms
I/SystemServer(  362): Entropy Mixer
W/EntropyMixer(  362): No existing entropy file -- first boot?
I/EntropyMixer(  362): Writing entropy...
I/SystemServer(  362): User Service
I/SystemServer(  362): Account Manager
I/SystemServer(  362): Content Manager
I/SystemServer(  362): System Content Providers
I/SyncManager(  362): No initial accounts
I/SyncManager(  362): No initial status
W/SyncManagerFile(  362): Error reading pending data.
W/SyncManagerFile(  362): java.io.FileNotFoundException: /data/system/sync/pending.xml: open failed: ENOENT (No such file or directory)
W/SyncManagerFile(  362): 	at libcore.io.IoBridge.open(IoBridge.java:409)
W/SyncManagerFile(  362): 	at java.io.FileInputStream.<init>(FileInputStream.java:78)
W/SyncManagerFile(  362): 	at android.util.AtomicFile.openRead(AtomicFile.java:199)
W/SyncManagerFile(  362): 	at com.android.server.content.SyncStorageEngine.readPendingOperationsLocked(SyncStorageEngine.java:2286)
W/SyncManagerFile(  362): 	at com.android.server.content.SyncStorageEngine.<init>(SyncStorageEngine.java:434)
W/SyncManagerFile(  362): 	at com.android.server.content.SyncStorageEngine.init(SyncStorageEngine.java:454)
W/SyncManagerFile(  362): 	at com.android.server.content.SyncManager.<init>(SyncManager.java:383)
W/SyncManagerFile(  362): 	at com.android.server.content.ContentService.getSyncManager(ContentService.java:75)
W/SyncManagerFile(  362): 	at com.android.server.content.ContentService.notifyChange(ContentService.java:283)
W/SyncManagerFile(  362): 	at android.content.ContentResolver.notifyChange(ContentResolver.java:1621)
W/SyncManagerFile(  362): 	at com.android.providers.settings.SettingsProvider.sendNotify(SettingsProvider.java:262)
W/SyncManagerFile(  362): 	at com.android.providers.settings.SettingsProvider.insertForUser(SettingsProvider.java:941)
W/SyncManagerFile(  362): 	at com.android.providers.settings.SettingsProvider.ensureAndroidIdIsSet(SettingsProvider.java:496)
W/SyncManagerFile(  362): 	at com.android.providers.settings.SettingsProvider.establishDbTracking(SettingsProvider.java:409)
W/SyncManagerFile(  362): 	at com.android.providers.settings.SettingsProvider.onCreate(SettingsProvider.java:335)
W/SyncManagerFile(  362): 	at android.content.ContentProvider.attachInfo(ContentProvider.java:1591)
W/SyncManagerFile(  362): 	at android.content.ContentProvider.attachInfo(ContentProvider.java:1562)
W/SyncManagerFile(  362): 	at android.app.ActivityThread.installProvider(ActivityThread.java:4774)
W/SyncManagerFile(  362): 	at android.app.ActivityThread.installContentProviders(ActivityThread.java:4369)
W/SyncManagerFile(  362): 	at android.app.ActivityThread.installSystemProviders(ActivityThread.java:4929)
W/SyncManagerFile(  362): 	at com.android.server.am.ActivityManagerService.installSystemProviders(ActivityManagerService.java:8081)
W/SyncManagerFile(  362): 	at com.android.server.ServerThread.initAndLoop(SystemServer.java:275)
W/SyncManagerFile(  362): 	at com.android.server.SystemServer.main(SystemServer.java:1179)
W/SyncManagerFile(  362): 	at java.lang.reflect.Method.invokeNative(Native Method)
W/SyncManagerFile(  362): 	at java.lang.reflect.Method.invoke(Method.java:515)
W/SyncManagerFile(  362): 	at com.android.internal.os.ZygoteInit$MethodAndArgsCaller.run(ZygoteInit.java:785)
W/SyncManagerFile(  362): 	at com.android.internal.os.ZygoteInit.main(ZygoteInit.java:601)
W/SyncManagerFile(  362): 	at dalvik.system.NativeStart.main(Native Method)
W/SyncManagerFile(  362): Caused by: libcore.io.ErrnoException: open failed: ENOENT (No such file or directory)
W/SyncManagerFile(  362): 	at libcore.io.Posix.open(Native Method)
W/SyncManagerFile(  362): 	at libcore.io.BlockGuardOs.open(BlockGuardOs.java:110)
W/SyncManagerFile(  362): 	at libcore.io.IoBridge.open(IoBridge.java:393)
W/SyncManagerFile(  362): 	... 27 more
I/SyncManager(  362): No initial statistics
D/SettingsProvider(  362): Generated and saved new ANDROID_ID [8ee2d553cc838ed8] for user 0
I/SystemServer(  362): Lights Service
I/SystemServer(  362): Battery Service
E/ConsumerIrService(  362): Can't open consumer IR HW Module, error: -2
W/libsuspend(  362): Error writing 'on' to /sys/power/state: Invalid argument
I/SystemServer(  362): Vibrator Service
I/SystemServer(  362): Consumer IR Service
E/libsuspend(  362): Error opening /sys/power/autosleep: No such file or directory
I/libsuspend(  362): Selected wakeup count
D/PermissionCache(   57): checking android.permission.ACCESS_SURFACE_FLINGER for uid=1000 => granted (2241 us)
D/SurfaceFlinger(   57): Screen acquired, type=0 flinger=0xb8130450
D/SurfaceFlinger(   57):  screen was previously acquired
I/SystemServer(  362): Alarm Manager
I/SystemServer(  362): Init Watchdog
I/SystemServer(  362): Input Manager
I/InputManager(  362): Initializing input manager, mUseDevInputEventForAudioJack=false
I/SystemServer(  362): Window Manager
I/WindowManager(  362): No existing display settings /data/system/display_settings.xml; starting empty
D/dalvikvm(  362): GC_CONCURRENT freed 260K, 65% free 4472K/12712K, paused 33ms+10ms, total 134ms
I/WindowManager(  362): No keyguard interface!
I/InputManager(  362): Starting input manager
I/SystemServer(  362): No Bluetooh Service (emulator)
I/SystemServer(  362): Input Method Service
E/EventHub(  362): could not get driver version for /dev/input/mouse0, Not a typewriter
W/EventHub(  362): Unable to disable kernel key repeat for /dev/input/event0: Function not implemented
I/EventHub(  362): New device: id=1, fd=93, path='/dev/input/event0', name='qwerty2', classes=0x2d, configuration='/system/usr/idc/qwerty2.idc', keyLayout='/system/usr/keylayout/qwerty.kl', keyCharacterMap='/system/usr/keychars/qwerty2.kcm', builtinKeyboard=true, usingSuspendBlockIoctl=true, usingClockIoctl=true
E/EventHub(  362): could not get driver version for /dev/input/mice, Not a typewriter
I/InputReader(  362): Device added: id=-1, name='Virtual', sources=0x00000301
I/InputReader(  362):   Touch device 'qwerty2' could not query the properties of its associated display.  The device will be inoperable until the display size becomes available.
I/InputReader(  362): Device added: id=0, name='qwerty2', sources=0x00011307
W/InputMethodManagerService(  362): No IME selected. Choose the most applicable IME.
I/InputMethodManagerService(  362): No default found, using com.android.inputmethod.latin/.LatinIME
I/SystemServer(  362): Accessibility Manager
I/ActivityManager(  362): Config changes=1df8 {1.0 ?mcc?mnc en_US ldltr sw480dp w480dp h864dp 160dpi lrg long port ?uimode ?night -touch -keyb/h/h tball/v s.2}
I/InputReader(  362): Reconfiguring input devices.  changes=0x00000004
I/InputReader(  362): Device reconfigured: id=0, name='qwerty2', size 480x864, orientation 0, mode 1, display id 0
I/ActivityManager(  362): Config changes=408 {1.0 ?mcc?mnc en_US ldltr sw480dp w480dp h839dp 160dpi lrg long port ?uimode ?night finger -keyb/h/h tball/v s.3}
I/SystemServer(  362): Mount Service
D/MountService(  362): got storage path: /storage/sdcard description: USB storage primary: true removable: false emulated: false mtpReserve: 0 allowMassStorage: false maxFileSize: 0
D/MountService(  362): addVolumeLocked() StorageVolume:
D/MountService(  362):     mStorageId=0 mPath=/storage/sdcard mDescriptionId=17040665 mPrimary=true 
D/MountService(  362):     mRemovable=false mEmulated=false mMtpReserveSpace=0 
D/MountService(  362):     mAllowMassStorage=false mMaxFileSize=0 mOwner=null mUuid=null 
D/MountService(  362):     mUserLabel=null mState=null 
I/SystemServer(  362): LockSettingsService
I/SystemServer(  362): Device Policy
I/SystemServer(  362): Status Bar
I/SystemServer(  362): Clipboard Service
I/SystemServer(  362): NetworkManagement Service
I/SystemServer(  362): Text Service Manager Service
W/MountService(  362): Duplicate state transition (unmounted -> unmounted) for /storage/sdcard
W/MountService(  362): getSecureContainerList() called when storage not mounted
I/PackageManager(  362): No secure containers on sdcard
I/SystemServer(  362): NetworkStats Service
I/SystemServer(  362): NetworkPolicy Service
I/SystemServer(  362): Wi-Fi P2pService
W/PackageManager(  362): Not granting permission android.permission.GLOBAL_SEARCH to package com.android.quicksearchbox (protectionLevel=18 flags=0x8be45)
W/PackageManager(  362): Unknown permission com.android.smspush.WAPPUSH_MANAGER_BIND in package com.android.phone
W/PackageManager(  362): Unknown permission com.google.android.googleapps.permission.GOOGLE_AUTH in package com.android.providers.calendar
W/PackageManager(  362): Unknown permission com.google.android.googleapps.permission.GOOGLE_AUTH.cl in package com.android.providers.calendar
W/PackageManager(  362): Unknown permission com.google.android.googleapps.permission.GOOGLE_AUTH.mail in package com.android.calendar
W/PackageManager(  362): Not granting permission android.permission.ACCESS_DOWNLOAD_MANAGER to package com.android.browser (protectionLevel=18 flags=0x9be45)
W/PackageManager(  362): Not granting permission android.permission.SEND_DOWNLOAD_COMPLETED_INTENTS to package com.android.browser (protectionLevel=2 flags=0x9be45)
W/PackageManager(  362): Not granting permission android.permission.BIND_APPWIDGET to package com.android.widgetpreview (protectionLevel=18 flags=0x8be44)
W/PackageManager(  362): Unknown permission android.permission.INSTALL_DRM in package com.android.mms
W/PackageManager(  362): Unknown permission com.google.android.googleapps.permission.GOOGLE_AUTH in package com.android.settings
D/dalvikvm(  362): GC_CONCURRENT freed 262K, 64% free 4612K/12712K, paused 5ms+5ms, total 85ms
W/PackageManager(  362): Unknown permission com.google.android.googleapps.permission.ACCESS_GOOGLE_PASSWORD in package com.android.development
W/PackageManager(  362): Unknown permission com.google.android.googleapps.permission.GOOGLE_AUTH in package com.android.development
W/PackageManager(  362): Unknown permission com.google.android.googleapps.permission.GOOGLE_AUTH.ALL_SERVICES in package com.android.development
W/PackageManager(  362): Unknown permission com.google.android.googleapps.permission.GOOGLE_AUTH.YouTubeUser in package com.android.development
W/PackageManager(  362): Not granting permission android.permission.DELETE_PACKAGES to package com.svox.pico (protectionLevel=18 flags=0x8be45)
W/PackageManager(  362): Not granting permission android.permission.DEVICE_POWER to package com.android.deskclock (protectionLevel=2 flags=0x48be45)
I/SystemServer(  362): Wi-Fi Service
D/WifiController(  362): isAirplaneModeOn = false, isWifiEnabled = false, isScanningAvailable = false
I/SystemServer(  362): Connectivity Service
D/ConnectivityService(  362): ConnectivityService starting up
D/ConnectivityService(  362): wifiOnly=false
E/MobileDataStateTracker(  362): default: Ignoring feature request because could not acquire PhoneService
E/MobileDataStateTracker(  362): default: Could not enable APN type "default"
I/WifiService(  362): WifiService starting up with Wi-Fi disabled
I/SystemServer(  362): Network Service Discovery Service
D/NsdService(  362): Network service discovery enabled true
I/SystemServer(  362): UpdateLock Service
I/SystemServer(  362): Notification Manager
I/SystemServer(  362): Device Storage Monitor
I/SystemServer(  362): Location Manager
I/SystemServer(  362): Country Detector
D/dalvikvm(  362): GC_CONCURRENT freed 283K, 63% free 4764K/12712K, paused 5ms+11ms, total 103ms
I/SystemServer(  362): Search Service
I/SystemServer(  362): DropBox Service
I/SystemServer(  362): Wallpaper Service
W/WallpaperService(  362): no current wallpaper -- first boot?
I/SystemServer(  362): Audio Service
W/ProcessCpuTracker(  362): Skipping unknown process pid 441
I/SystemServer(  362): Dock Observer
W/DockObserver(  362): This kernel does not have dock station support
I/SystemServer(  362): Wired Accessory Manager
W/WiredAccessoryManager(  362): This kernel does not have wired headset support
W/WiredAccessoryManager(  362): This kernel does not have usb audio support
W/WiredAccessoryManager(  362): This kernel does not have HDMI audio support
I/SystemServer(  362): USB Service
I/SystemServer(  362): Serial Service
I/SystemServer(  362): Twilight Service
I/SystemServer(  362): UI Mode Manager Service
I/SystemServer(  362): Backup Service
V/BackupManagerService(  362): Initializing package tracking
V/BackupManagerService(  362): No ancestral data
V/BackupManagerService(  362): addPackageParticipantsLocked: all
I/BackupManagerService(  362): Scheduling backup for new app com.android.calendar
D/BackupManagerService(  362): Now staging backup of com.android.calendar
I/BackupManagerService(  362): Scheduling backup for new app com.android.browser
D/BackupManagerService(  362): Now staging backup of com.android.browser
I/BackupManagerService(  362): Scheduling backup for new app com.android.providers.userdictionary
D/BackupManagerService(  362): Now staging backup of com.android.providers.userdictionary
I/BackupManagerService(  362): Scheduling backup for new app com.android.sharedstoragebackup
D/BackupManagerService(  362): Now staging backup of com.android.sharedstoragebackup
I/BackupManagerService(  362): Scheduling backup for new app android
D/BackupManagerService(  362): Now staging backup of android
I/BackupManagerService(  362): Scheduling backup for new app com.android.dialer
D/BackupManagerService(  362): Now staging backup of com.android.dialer
I/BackupManagerService(  362): Scheduling backup for new app com.android.providers.settings
D/BackupManagerService(  362): Now staging backup of com.android.providers.settings
V/BackupManagerService(  362): Starting with transport android/com.android.internal.backup.LocalTransport
V/BackupManagerService(  362): Found transports: 1
I/BackupManagerService(  362): Binding to transport host ComponentInfo{android/com.android.internal.backup.LocalTransportService}
I/BackupManagerService(  362): Backup enabled => true
I/SystemServer(  362): AppWidget Service
I/SystemServer(  362): Recognition Service
I/SystemServer(  362): DiskStats Service
I/SystemServer(  362): SamplingProfiler Service
I/SystemServer(  362): NetworkTimeUpdateService
I/SystemServer(  362): CommonTimeManagementService
I/SystemServer(  362): CertBlacklister
I/SystemServer(  362): Dreams Service
I/SystemServer(  362): Assets Atlas Service
I/WindowManager(  362): SAFE MODE not enabled
I/SystemServer(  362): IdleMaintenanceService
I/SystemServer(  362): Print Service
I/SystemServer(  362): Media Router Service
D/Atlas   (  362): Computing best atlas configuration...
D/Atlas   (  362): Running Thread-50
D/Atlas   (  362): Found best atlas configuration in 0.09s
D/Atlas   (  362): Loaded configuration: SliceMinArea (768x768) flags=0x2 count=24
D/gralloc_goldfish(  362): Emulator without GPU emulation detected.
E/SQLiteLog(  362): (1) no such table: locksettings
D/dalvikvm(  362): GC_CONCURRENT freed 327K, 61% free 4958K/12712K, paused 25ms+4ms, total 183ms
I/LockSettingsService(  362): Migrated lock settings to new location
W/AssetAtlasService(  362): Could not find EGL configuration
D/Atlas   (  362): Rendered atlas in 10.61ms (6.86+3.74ms)
I/LockSettingsService(  362): Migrated per-user lock settings to new location
I/Zygote  (  362): Process: zygote socket opened
V/KeyguardServiceDelegate(  362): *** Keyguard started
V/KeyguardServiceDelegate(  362): onSystemReady() called before keyguard service was ready
I/ActivityManager(  362): Start proc com.android.systemui for service com.android.keyguard/.KeyguardService: pid=451 uid=10007 gids={50007, 1028, 1015, 1035, 3002, 3001}
F/SystemServer(  362): BOOT FAILURE making Package Manager Service ready
F/SystemServer(  362): java.lang.SecurityException: Unable to find app for caller android.app.ActivityThread$ApplicationThread@b35a6ac0 (pid=362) when registering receiver android.app.LoadedApk$ReceiverDispatcher$InnerReceiver@b31866f0
F/SystemServer(  362): 	at com.android.server.am.ActivityManagerService.registerReceiver(ActivityManagerService.java:13021)
F/SystemServer(  362): 	at android.app.ContextImpl.registerReceiverInternal(ContextImpl.java:1450)
F/SystemServer(  362): 	at android.app.ContextImpl.registerReceiverAsUser(ContextImpl.java:1425)
F/SystemServer(  362): 	at com.android.internal.content.PackageMonitor.register(PackageMonitor.java:84)
F/SystemServer(  362): 	at com.android.server.pm.UserManagerService.systemReady(UserManagerService.java:237)
F/SystemServer(  362): 	at com.android.server.pm.PackageManagerService.systemReady(PackageManagerService.java:10476)
F/SystemServer(  362): 	at com.android.server.ServerThread.initAndLoop(SystemServer.java:893)
F/SystemServer(  362): 	at com.android.server.SystemServer.main(SystemServer.java:1179)
F/SystemServer(  362): 	at java.lang.reflect.Method.invokeNative(Native Method)
F/SystemServer(  362): 	at java.lang.reflect.Method.invoke(Method.java:515)
F/SystemServer(  362): 	at com.android.internal.os.ZygoteInit$MethodAndArgsCaller.run(ZygoteInit.java:785)
F/SystemServer(  362): 	at com.android.internal.os.ZygoteInit.main(ZygoteInit.java:601)
F/SystemServer(  362): 	at dalvik.system.NativeStart.main(Native Method)
W/SystemServer(  362): ***********************************************
I/ActivityManager(  362): Sending system update to ComponentInfo{com.android.providers.calendar/com.android.providers.calendar.CalendarUpgradeReceiver} for user 0
I/ActivityManager(  362): Sending system update to ComponentInfo{com.android.providers.contacts/com.android.providers.contacts.ContactsUpgradeReceiver} for user 0
I/ActivityManager(  362): Sending system update to ComponentInfo{com.android.providers.media/com.android.providers.media.MediaUpgradeReceiver} for user 0
I/SystemServer(  362): Enabled StrictMode for system server main thread.
I/ActivityManager(  362): Start proc com.android.providers.calendar for broadcast com.android.providers.calendar/.CalendarUpgradeReceiver: pid=462 uid=10001 gids={50001, 3003, 1028, 1015}
I/Choreographer(  362): Skipped 48 frames!  The application may be doing too much work on its main thread.
W/InputMethodManagerService(  362): Focus gain on non-focused client android.view.inputmethod.InputMethodManager$1@b31eafd8 (uid=1000 pid=362)
V/BackupManagerService(  362): Connected to transport ComponentInfo{android/com.android.internal.backup.LocalTransportService}
V/BackupManagerService(  362): Registering transport android/com.android.internal.backup.LocalTransportService::android/com.android.internal.backup.LocalTransport = com.android.internal.backup.LocalTransport@b3597108
I/ActivityManager(  362): Launching preboot mode app: ProcessRecord{b365a030 462:com.android.providers.calendar/u0a1}
E/SoundPool(  451): error loading /system/media/audio/ui/Lock.ogg
W/KeyguardViewMediator(  451): failed to load lock sound from /system/media/audio/ui/Lock.ogg
E/SoundPool(  451): error loading /system/media/audio/ui/Unlock.ogg
W/KeyguardViewMediator(  451): failed to load unlock sound from /system/media/audio/ui/Unlock.ogg
V/KeyguardService(  451): onCreate()
V/KeyguardServiceDelegate(  362): *** Keyguard connected (yay!)
V/KeyguardServiceDelegate(  362): **** SHOWN CALLED ****
I/ActivityManager(  362): Start proc android.process.acore for broadcast com.android.providers.contacts/.ContactsUpgradeReceiver: pid=482 uid=10002 gids={50002, 3003, 1028, 1015}
D/dalvikvm(  362): GC_CONCURRENT freed 351K, 60% free 5109K/12712K, paused 21ms+4ms, total 104ms
I/ActivityManager(  362): Launching preboot mode app: ProcessRecord{b2ff0268 482:android.process.acore/u0a2}
I/ContactsUpgradeReceiver(  482): Creating or opening contacts database
D/dalvikvm(  482): GC_CONCURRENT freed 390K, 15% free 2808K/3280K, paused 5ms+4ms, total 62ms
I/ContactsDatabaseHelper(  482): Bootstrapping database version: 803
D/dalvikvm(  482): GC_CONCURRENT freed 332K, 13% free 2874K/3288K, paused 13ms+1ms, total 38ms
I/ContactsProviderV1(  482): Bootstrapping database legacy support
I/ContactsDatabaseHelper(  482): Bootstrapping database version: 803
D/dalvikvm(  482): GC_CONCURRENT freed 332K, 13% free 2939K/3344K, paused 4ms+1ms, total 38ms
I/ContactsProviderV1(  482): Bootstrapping database legacy support
I/ContactsProvider(  482): Locale has changed from null to en_US
I/ContactsDatabaseHelper(  482): Switching to locale en_US (ICU v51.1.0.1)
D/dalvikvm(  482): GC_CONCURRENT freed 355K, 13% free 3035K/3468K, paused 14ms+4ms, total 63ms
I/ContactsDatabaseHelper(  482): Locale change completed in 453ms
I/ContactsDatabaseHelper(  482): Switching to locale en_US (ICU v51.1.0.1)
D/dalvikvm(  482): GC_CONCURRENT freed 373K, 13% free 3052K/3508K, paused 9ms+8ms, total 52ms
I/ContactsDatabaseHelper(  482): Locale change completed in 554ms
I/ActivityManager(  362): Start proc android.process.media for broadcast com.android.providers.media/.MediaUpgradeReceiver: pid=500 uid=10005 gids={50005, 1028, 1015, 1023, 1024, 2001, 3003, 3007}
I/ActivityManager(  362): Launching preboot mode app: ProcessRecord{b35971c8 500:android.process.media/u0a5}
I/ActivityManager(  362): Writing new set of last done pre-boot receivers...
I/ActivityManager(  362): Removing system update proc: ProcessRecord{b365a030 462:com.android.providers.calendar/u0a1}
I/ActivityManager(  362): Killing 462:com.android.providers.calendar/u0a1 (adj 13): system update done
I/ActivityManager(  362): Removing system update proc: ProcessRecord{b2ff0268 482:android.process.acore/u0a2}
I/ActivityManager(  362): Killing 482:android.process.acore/u0a2 (adj 11): system update done
I/ActivityManager(  362): Removing system update proc: ProcessRecord{b35971c8 500:android.process.media/u0a5}
I/ActivityManager(  362): Killing 500:android.process.media/u0a5 (adj 9): system update done
I/ActivityManager(  362): System now ready
I/SystemServer(  362): Making services ready
D/NetworkManagementService(  362): enabling bandwidth control
I/Vold    (   52): /dev/block/vold/179:0 being considered for volume sdcard
D/Vold    (   52): Volume sdcard state changing 1 (Idle-Unmounted) -> 3 (Checking)
D/MountService(  362): volume state changed for /storage/sdcard (unmounted -> checking)
D/MountService(  362): sendStorageIntent Intent { act=android.intent.action.MEDIA_CHECKING dat=file:///storage/sdcard (has extras) } to UserHandle{-1}
D/SystemUIService(  451): loading: class com.android.systemui.recent.Recents
D/SystemUIService(  451): running: com.android.systemui.recent.Recents@b2d25010
D/SystemUIService(  451): loading: class com.android.systemui.statusbar.SystemBars
D/SystemUIService(  451): running: com.android.systemui.statusbar.SystemBars@b2d255f8
D/SystemUIService(  451): loading: class com.android.systemui.usb.StorageNotification
D/SystemUIService(  451): running: com.android.systemui.usb.StorageNotification@b2d27348
D/SystemUIService(  451): loading: class com.android.systemui.power.PowerUI
D/SystemUIService(  451): running: com.android.systemui.power.PowerUI@b2d289a8
D/SystemUIService(  451): loading: class com.android.systemui.media.RingtonePlayer
D/SystemUIService(  451): running: com.android.systemui.media.RingtonePlayer@b2d299e0
D/SystemUIService(  451): loading: class com.android.systemui.settings.SettingsUI
D/SystemUIService(  451): running: com.android.systemui.settings.SettingsUI@b2d2acc8
I/fsck_msdos(   52): ** /dev/block/vold/179:0
I/fsck_msdos(   52): Invalid signature in fsinfo block
I/fsck_msdos(   52): FIXED
I/fsck_msdos(   52): ** Phase 1 - Read and Compare FATs
I/fsck_msdos(   52): Attempting to allocate 794 KB for FAT
D/PhoneStatusBar(  451): mSettingsPanelGravity = 55
I/StatusBarManagerService(  362): registerStatusBar bar=com.android.internal.statusbar.IStatusBar$Stub$Proxy@b3667f08
I/fsck_msdos(   52): Attempting to allocate 794 KB for FAT
D/dalvikvm(  451): GC_CONCURRENT freed 282K, 12% free 2832K/3196K, paused 5ms+4ms, total 184ms
I/fsck_msdos(   52): ** Phase 2 - Check Cluster Chains
I/fsck_msdos(   52): ** Phase 3 - Checking Directories
I/fsck_msdos(   52): ** Phase 4 - Checking for Lost Files
I/fsck_msdos(   52): Free space in FSInfo block (201592) not correct (201591)
I/fsck_msdos(   52): FIXED
I/fsck_msdos(   52): 1 files, 100795 free (201591 clusters)
I/Vold    (   52): Filesystem check completed OK
W/Vold    (   52): blkid failed to identify /dev/block/vold/179:0
D/Vold    (   52): Volume sdcard state changing 3 (Checking) -> 4 (Mounted)
I/PackageManager(  362): Updating external media status from unmounted to mounted
D/MountService(  362): volume state changed for /storage/sdcard (checking -> mounted)
E/VoldConnector(  362): NDC Command {3 volume mount /storage/sdcard} took too long (868ms)
D/MountService(  362): sendStorageIntent Intent { act=android.intent.action.MEDIA_MOUNTED dat=file:///storage/sdcard (has extras) } to UserHandle{-1}
D/dalvikvm(  451): GC_FOR_ALLOC freed 37K, 8% free 2947K/3196K, paused 36ms, total 38ms
I/PackageManager(  362): No secure containers on sdcard
E/VoldConnector(  362): NDC Command {4 asec list} took too long (517ms)
D/dalvikvm(  362): GC_CONCURRENT freed 405K, 59% free 5239K/12712K, paused 4ms+325ms, total 617ms
W/PackageManager(  362): Not granting permission android.permission.GLOBAL_SEARCH to package com.android.quicksearchbox (protectionLevel=18 flags=0x88be45)
W/PackageManager(  362): Unknown permission com.android.smspush.WAPPUSH_MANAGER_BIND in package com.android.phone
W/PackageManager(  362): Unknown permission com.google.android.googleapps.permission.GOOGLE_AUTH in package com.android.providers.calendar
W/PackageManager(  362): Unknown permission com.google.android.googleapps.permission.GOOGLE_AUTH.cl in package com.android.providers.calendar
W/PackageManager(  362): Unknown permission com.google.android.googleapps.permission.GOOGLE_AUTH.mail in package com.android.calendar
W/PackageManager(  362): Not granting permission android.permission.ACCESS_DOWNLOAD_MANAGER to package com.android.browser (protectionLevel=18 flags=0x89be45)
W/PackageManager(  362): Not granting permission android.permission.SEND_DOWNLOAD_COMPLETED_INTENTS to package com.android.browser (protectionLevel=2 flags=0x89be45)
W/PackageManager(  362): Not granting permission android.permission.BIND_APPWIDGET to package com.android.widgetpreview (protectionLevel=18 flags=0x8be44)
W/PackageManager(  362): Unknown permission android.permission.INSTALL_DRM in package com.android.mms
W/PackageManager(  362): Unknown permission com.google.android.googleapps.permission.GOOGLE_AUTH in package com.android.settings
W/PackageManager(  362): Unknown permission com.google.android.googleapps.permission.ACCESS_GOOGLE_PASSWORD in package com.android.development
W/PackageManager(  362): Unknown permission com.google.android.googleapps.permission.GOOGLE_AUTH in package com.android.development
W/PackageManager(  362): Unknown permission com.google.android.googleapps.permission.GOOGLE_AUTH.ALL_SERVICES in package com.android.development
W/PackageManager(  362): Unknown permission com.google.android.googleapps.permission.GOOGLE_AUTH.YouTubeUser in package com.android.development
W/PackageManager(  362): Not granting permission android.permission.DELETE_PACKAGES to package com.svox.pico (protectionLevel=18 flags=0x88be45)
W/PackageManager(  362): Not granting permission android.permission.DEVICE_POWER to package com.android.deskclock (protectionLevel=2 flags=0xc8be45)
E/BluetoothAdapter(  451): Bluetooth binder is null
E/BluetoothAdapter(  451): Bluetooth binder is null
D/dalvikvm(  451): GC_CONCURRENT freed 52K, 5% free 3307K/3472K, paused 4ms+32ms, total 84ms
E/BluetoothAdapter(  451): Bluetooth binder is null
E/BluetoothAdapter(  451): Bluetooth binder is null
E/NetdConnector(  362): NDC Command {1 bandwidth enable} took too long (2905ms)
I/ActivityManager(  362): Start proc android.process.acore for content provider com.android.providers.contacts/.ContactsProvider2: pid=553 uid=10002 gids={50002, 3003, 1028, 1015}
D/PhoneStatusBar(  451): disable: < expand icons alerts ticker system_info back home recent clock search >
E/BluetoothAdapter(  451): Bluetooth binder is null
D/PhoneStatusBar(  451): heads up is disabled
I/Choreographer(  451): Skipped 488 frames!  The application may be doing too much work on its main thread.
E/NetdConnector(  362): NDC Command {2 firewall disable} took too long (658ms)
D/dalvikvm(  451): GC_CONCURRENT freed 143K, 6% free 3555K/3780K, paused 5ms+3ms, total 128ms
D/dalvikvm(  553): GC_CONCURRENT freed 210K, 9% free 2999K/3288K, paused 72ms+33ms, total 237ms
D/dalvikvm(  553): WAIT_FOR_CONCURRENT_GC blocked 61ms
D/dalvikvm(  553): WAIT_FOR_CONCURRENT_GC blocked 83ms
D/dalvikvm(  553): WAIT_FOR_CONCURRENT_GC blocked 60ms
I/Choreographer(  451): Skipped 272 frames!  The application may be doing too much work on its main thread.
D/gralloc_goldfish(  451): Emulator without GPU emulation detected.
I/Choreographer(  451): Skipped 36 frames!  The application may be doing too much work on its main thread.
E/NetdConnector(  362): NDC Command {5 firewall disable} took too long (590ms)
I/ActivityManager(  362): Config changes=200 {1.0 ?mcc?mnc en_US ldltr sw480dp w480dp h839dp 160dpi lrg long port finger -keyb/h/h tball/v s.4}
W/RecognitionManagerService(  362): no available voice recognition services found for user 0
D/PhoneStatusBar(  451): mSettingsPanelGravity = 55
W/AppWidgetServiceImpl(  362): Failed to read state: java.io.FileNotFoundException: /data/system/users/0/appwidgets.xml: open failed: ENOENT (No such file or directory)
W/InputMethodManagerService(  362): Ignoring setImeWindowStatus of uid 1000 token: null
D/dalvikvm(  362): GC_CONCURRENT freed 639K, 59% free 5237K/12712K, paused 6ms+5ms, total 110ms
D/dalvikvm(  362): WAIT_FOR_CONCURRENT_GC blocked 42ms
D/dalvikvm(  362): WAIT_FOR_CONCURRENT_GC blocked 29ms
W/InputMethodUtils(  362): Found no subtypes in a system IME: com.android.inputmethod.pinyin
W/InputMethodManagerService(  362): Reset the default IME as "Resource" is ready here.
W/InputMethodUtils(  362): Found no subtypes in a system IME: com.android.inputmethod.pinyin
I/InputMethodManagerService(  362): Selected default: com.android.inputmethod.latin/.LatinIME
I/ActivityManager(  362): Config changes=20 {1.0 ?mcc?mnc en_US ldltr sw480dp w480dp h839dp 160dpi lrg long port finger -keyb/v/h tball/v s.5}
I/ActivityManager(  362): Start proc com.android.inputmethod.latin for service com.android.inputmethod.latin/.LatinIME: pid=591 uid=10029 gids={50029, 1028, 1015}
V/InputMethodManagerService(  362): Adding window token: android.os.Binder@b35e2f20
W/GpsLocationProvider(  362): Could not open GPS configuration file /etc/gps.conf
W/ServiceWatcher(  362): com.google.android.location not found
D/SettingsProvider(  362): User 0 external modification to /data/data/com.android.providers.settings/databases/settings.db; event=2
D/SettingsProvider(  362): User 0 updating our caches for /data/data/com.android.providers.settings/databases/settings.db
W/InputMethodManagerService(  362): Illegal subtype state: old subtype = null, new subtype = android.view.inputmethod.InputMethodSubtype@c9194f98
W/ServiceWatcher(  362): com.google.android.location not found
W/ServiceWatcher(  362): com.google.android.location not found
W/LocationManagerService(  362): no network location provider found
W/ServiceWatcher(  362): com.google.android.location not found
E/FlpHardwareProvider(  362): Error hw_get_module 'flp': -2
W/ServiceWatcher(  362): com.google.android.location not found
E/FlpHardwareProvider(  362): Error hw_get_module 'flp': -2
W/ServiceWatcher(  362): com.google.android.location not found
E/LocationManagerService(  362): no geocoder provider found
E/LocationManagerService(  362): No FusedProvider found.
E/LocationManagerService(  362): no geofence provider found
I/CommonTimeManagementService(  362): No common time service detected on this platform.  Common time services will be unavailable.
I/InputReader(  362): Reconfiguring input devices.  changes=0x00000020
I/InputReader(  362): Reconfiguring input devices.  changes=0x00000010
I/ActivityManager(  362): Start proc com.android.phone for added application com.android.phone: pid=604 uid=1001 gids={41001, 3002, 3001, 3003, 1028, 1015}
I/ActivityManager(  362): START u0 {act=android.intent.action.MAIN cat=[android.intent.category.HOME] flg=0x10000000 cmp=com.android.settings/.CryptKeeper} from pid 0
D/dalvikvm(  451): GC_FOR_ALLOC freed 95K, 6% free 3562K/3780K, paused 241ms, total 243ms
I/ActivityManager(  362): Start proc com.android.settings for activity com.android.settings/.CryptKeeper: pid=617 uid=1000 gids={41000, 1028, 1015, 3002, 3001, 3003}
I/ActivityManager(  362): Start proc android.process.media for broadcast com.android.providers.downloads/.DownloadReceiver: pid=624 uid=10005 gids={50005, 1028, 1015, 1023, 1024, 2001, 3003, 3007}
D/dalvikvm(   58): GC_EXPLICIT freed 38K, 5% free 2705K/2824K, paused 3ms+22ms, total 90ms
D/dalvikvm(   58): GC_EXPLICIT freed <1K, 5% free 2705K/2824K, paused 2ms+2ms, total 65ms
D/dalvikvm(   58): GC_EXPLICIT freed <1K, 5% free 2705K/2824K, paused 2ms+2ms, total 44ms
I/dalvikvm-heap(  451): Grow heap (frag case) to 6.483MB for 3072016-byte allocation
D/dalvikvm(  451): GC_FOR_ALLOC freed 3K, 4% free 6559K/6784K, paused 30ms, total 30ms
D/dalvikvm(  451): GC_CONCURRENT freed 1K, 4% free 6562K/6784K, paused 3ms+73ms, total 150ms
D/dalvikvm(  451): GC_FOR_ALLOC freed 3001K, 6% free 3563K/3780K, paused 57ms, total 58ms
D/dalvikvm(  362): GC_CONCURRENT freed 528K, 58% free 5346K/12712K, paused 26ms+36ms, total 346ms
D/dalvikvm(  362): WAIT_FOR_CONCURRENT_GC blocked 92ms
I/dalvikvm-heap(  451): Grow heap (frag case) to 6.485MB for 3072016-byte allocation
I/LatinIME(  591): Hardware accelerated drawing: true
D/dalvikvm(  451): GC_FOR_ALLOC freed <1K, 4% free 6563K/6784K, paused 126ms, total 126ms
D/dalvikvm(  451): GC_CONCURRENT freed <1K, 4% free 6564K/6784K, paused 3ms+63ms, total 111ms
W/WindowManager(  362): Window freeze timeout expired.
W/WindowManager(  362): Force clearing orientation change: Window{b3593750 u0 StatusBar}
W/WindowManager(  362): Force clearing orientation change: Window{b301a8b0 u0 com.android.systemui.ImageWallpaper}
I/ActivityManager(  362): START u0 {act=android.intent.action.MAIN cat=[android.intent.category.HOME] flg=0x10000000 cmp=com.android.sdksetup/.DefaultActivity} from pid 0
I/ActivityManager(  362): Start proc com.android.sdksetup for activity com.android.sdksetup/.DefaultActivity: pid=651 uid=10042 gids={50042}
D/PhoneStatusBar(  451): mSettingsPanelGravity = 55
I/ActivityManager(  362): Start proc com.android.printspooler for service com.android.printspooler/.PrintSpoolerService: pid=666 uid=10039 gids={50039}
W/InputAttributes(  591): No editor info for this field. Bug?
W/BackupManagerService(  362): dataChanged but no participant pkg='com.android.providers.settings' uid=1001
V/StatusBar(  451): userId 0 is in the house
D/dalvikvm(  591): GC_CONCURRENT freed 222K, 10% free 2884K/3188K, paused 100ms+2ms, total 307ms
I/PackageManager(  362):   Action: "android.intent.action.SENDTO"
I/PackageManager(  362):   Category: "android.intent.category.DEFAULT"
I/PackageManager(  362):   Scheme: "sms"
I/PackageManager(  362): Adding preferred activity ComponentInfo{com.android.mms/com.android.mms.ui.ComposeMessageActivity} for user 0 :
D/dalvikvm(  604): GC_CONCURRENT freed 179K, 9% free 2926K/3184K, paused 3ms+44ms, total 368ms
I/ResourceUtils(  591): Found default value: resource=keypress_vibration_durations build=[HARDWARE=goldfish MODEL=sdk BRAND=generic MANUFACTURER=unknown] default=-1
I/ResourceUtils(  591): Found default value: resource=keypress_volumes build=[HARDWARE=goldfish MODEL=sdk BRAND=generic MANUFACTURER=unknown] default=-1.0f
I/PackageManager(  362):   Action: "android.intent.action.SENDTO"
I/PackageManager(  362):   Category: "android.intent.category.DEFAULT"
I/PackageManager(  362):   Scheme: "smsto"
I/PackageManager(  362): Adding preferred activity ComponentInfo{com.android.mms/com.android.mms.ui.ComposeMessageActivity} for user 0 :
I/PackageManager(  362):   Action: "android.intent.action.SENDTO"
I/PackageManager(  362):   Category: "android.intent.category.DEFAULT"
I/PackageManager(  362):   Scheme: "mms"
I/PackageManager(  362): Adding preferred activity ComponentInfo{com.android.mms/com.android.mms.ui.ComposeMessageActivity} for user 0 :
I/Choreographer(  451): Skipped 216 frames!  The application may be doing too much work on its main thread.
D/dalvikvm(  362): GC_CONCURRENT freed 601K, 58% free 5401K/12712K, paused 254ms+11ms, total 511ms
D/dalvikvm(  362): WAIT_FOR_CONCURRENT_GC blocked 118ms
I/PackageManager(  362):   Action: "android.intent.action.SENDTO"
I/PackageManager(  362):   Category: "android.intent.category.DEFAULT"
I/PackageManager(  362):   Scheme: "mmsto"
I/PackageManager(  362): Adding preferred activity ComponentInfo{com.android.mms/com.android.mms.ui.ComposeMessageActivity} for user 0 :
I/PackageManager(  362):   Action: "android.intent.action.SENDTO"
I/PackageManager(  362):   Category: "android.intent.category.DEFAULT"
I/PackageManager(  362):   Scheme: "sms"
I/PackageManager(  362): Adding preferred activity ComponentInfo{com.android.mms/com.android.mms.ui.ComposeMessageActivity} for user 0 :
I/PackageManager(  362):   Action: "android.intent.action.SENDTO"
I/PackageManager(  362):   Category: "android.intent.category.DEFAULT"
I/PackageManager(  362):   Scheme: "smsto"
I/PackageManager(  362): Adding preferred activity ComponentInfo{com.android.mms/com.android.mms.ui.ComposeMessageActivity} for user 0 :
I/Choreographer(  451): Skipped 61 frames!  The application may be doing too much work on its main thread.
I/PackageManager(  362):   Action: "android.intent.action.SENDTO"
I/PackageManager(  362):   Category: "android.intent.category.DEFAULT"
I/PackageManager(  362):   Scheme: "mms"
I/PackageManager(  362): Adding preferred activity ComponentInfo{com.android.mms/com.android.mms.ui.ComposeMessageActivity} for user 0 :
I/PackageManager(  362):   Action: "android.intent.action.SENDTO"
I/PackageManager(  362):   Category: "android.intent.category.DEFAULT"
I/PackageManager(  362):   Scheme: "mmsto"
I/PackageManager(  362): Adding preferred activity ComponentInfo{com.android.mms/com.android.mms.ui.ComposeMessageActivity} for user 0 :
I/PrintSpoolerService(  666): No existing print spooler state.
I/LatinIME:LogUtils(  591): Dictionary info: dictionary = PersonalizationPredictionDictio ; version = ? ; date = 1538968638
I/LatinIME:LogUtils(  591): Dictionary info: dictionary = personalization.en_US.dict ; version = ? ; date = 1538968638
I/LatinIME:LogUtils(  591): Dictionary info: dictionary = UserHistoryDictionary.en_US.dic ; version = ? ; date = 1538968638
E/BluetoothAdapter(  604): Bluetooth binder is null
I/Choreographer(  451): Skipped 63 frames!  The application may be doing too much work on its main thread.
I/ActivityManager(  362): Force stopping com.android.sdksetup appid=10042 user=0: pkg changed
I/ActivityManager(  362): Killing 651:com.android.sdksetup/u0a42 (adj 0): stop com.android.sdksetup
I/ActivityManager(  362):   Force finishing activity ActivityRecord{b367a0b8 u0 com.android.sdksetup/.DefaultActivity t2}
I/ActivityManager(  362): START u0 {act=android.intent.action.MAIN cat=[android.intent.category.HOME] flg=0x10000000 cmp=com.android.launcher/com.android.launcher2.Launcher} from pid 0
