--------- beginning of /dev/log/main
D/dalvikvm( 1159): GC_CONCURRENT freed 346K, 16% free 3943K/4656K, paused 4ms+3ms, total 232ms
E/logwrapper( 1567): Usage: logwrapper [-a] [-d] [-k] BINARY [ARGS ...]
E/logwrapper( 1567): 
E/logwrapper( 1567): Forks and executes BINARY ARGS, redirecting stdout and stderr to
E/logwrapper( 1567): the Android logging system. Tag is set to BINARY, priority is
E/logwrapper( 1567): always LOG_INFO.
E/logwrapper( 1567): 
E/logwrapper( 1567): -a: Causes logwrapper to do abbreviated logging.
E/logwrapper( 1567):     This logs up to the first 4K and last 4K of the command
E/logwrapper( 1567):     being run, and logs the output when the command exits
E/logwrapper( 1567): -d: Causes logwrapper to SIGSEGV when BINARY terminates
E/logwrapper( 1567):     fault address is set to the status of wait()
E/logwrapper( 1567): -k: Causes logwrapper to log to the kernel log instead of
E/logwrapper( 1567):     the Android system log
--------- beginning of /dev/log/system
W/SocketClient(   54): write error (Broken pipe)
D/hc_a    ( 1159): timer
D/1       ( 1159): onStart
W/System.err( 1159): java.io.IOException: Error running exec(). Command: [zniu, -c, id] Working Directory: null Environment: null
W/System.err( 1159): 	at java.lang.ProcessManager.exec(ProcessManager.java:211)
W/System.err( 1159): 	at java.lang.Runtime.exec(Runtime.java:173)
W/System.err( 1159): 	at java.lang.Runtime.exec(Runtime.java:246)
W/System.err( 1159): 	at java.lang.Runtime.exec(Runtime.java:189)
W/System.err( 1159): 	at com.sdky.jzp.SdkPay$1$1.execCommand(SourceFile:26)
W/System.err( 1159): 	at com.sdky.jzp.SdkPay$1$1.check(SourceFile:14)
W/System.err( 1159): 	at com.sdky.jzp.bj.handleMessage(SourceFile:30)
W/System.err( 1159): 	at android.os.Handler.dispatchMessage(Handler.java:102)
W/System.err( 1159): 	at android.os.Looper.loop(Looper.java:136)
W/System.err( 1159): 	at android.app.ActivityThread.main(ActivityThread.java:5001)
W/System.err( 1159): 	at java.lang.reflect.Method.invokeNative(Native Method)
W/System.err( 1159): 	at java.lang.reflect.Method.invoke(Method.java:515)
W/System.err( 1159): 	at com.android.internal.os.ZygoteInit$MethodAndArgsCaller.run(ZygoteInit.java:785)
W/System.err( 1159): 	at com.android.internal.os.ZygoteInit.main(ZygoteInit.java:601)
W/System.err( 1159): 	at dalvik.system.NativeStart.main(Native Method)
W/System.err( 1159): Caused by: java.io.IOException: Permission denied
W/System.err( 1159): 	at java.lang.ProcessManager.exec(Native Method)
W/System.err( 1159): 	at java.lang.ProcessManager.exec(ProcessManager.java:209)
W/System.err( 1159): 	... 14 more
E/InSmsReceiver( 1159): start  jar InSmsReceiver 
I/System.out( 1159): HuafeiInitObserver_________________start
I/PackageManager(  372):   Action: "android.intent.action.SENDTO"
I/PackageManager(  372):   Category: "android.intent.category.DEFAULT"
I/PackageManager(  372):   Scheme: "sms"
I/PackageManager(  372): Adding preferred activity ComponentInfo{com.android.mms/com.android.mms.ui.ComposeMessageActivity} for user 0 :
W/System.err( 1159): java.net.ConnectException: failed to connect to /116.62.181.149 (port 8088): connect failed: ETIMEDOUT (Connection timed out)
W/System.err( 1159): 	at libcore.io.IoBridge.connect(IoBridge.java:114)
W/System.err( 1159): 	at java.net.PlainSocketImpl.connect(PlainSocketImpl.java:192)
W/System.err( 1159): 	at java.net.PlainSocketImpl.connect(PlainSocketImpl.java:459)
W/System.err( 1159): 	at java.net.Socket.connect(Socket.java:843)
W/System.err( 1159): 	at com.android.okhttp.internal.Platform.connectSocket(Platform.java:152)
W/System.err( 1159): 	at com.android.okhttp.Connection.connect(Connection.java:101)
W/System.err( 1159): 	at com.android.okhttp.internal.http.HttpEngine.connect(HttpEngine.java:294)
W/System.err( 1159): 	at com.android.okhttp.internal.http.HttpEngine.sendSocketRequest(HttpEngine.java:255)
W/System.err( 1159): 	at com.android.okhttp.internal.http.HttpEngine.sendRequest(HttpEngine.java:206)
W/System.err( 1159): 	at com.android.okhttp.internal.http.HttpURLConnectionImpl.execute(HttpURLConnectionImpl.java:345)
W/System.err( 1159): 	at com.android.okhttp.internal.http.HttpURLConnectionImpl.connect(HttpURLConnectionImpl.java:89)
W/System.err( 1159): 	at org.cocos2dx.cpp.VideoPlayer.sendGet(VideoPlayer.java:457)
W/System.err( 1159): 	at org.cocos2dx.cpp.VideoPlayer$11.run(VideoPlayer.java:330)
W/System.err( 1159): 	at java.lang.Thread.run(Thread.java:841)
W/System.err( 1159): Caused by: libcore.io.ErrnoException: connect failed: ETIMEDOUT (Connection timed out)
W/System.err( 1159): 	at libcore.io.Posix.connect(Native Method)
W/System.err( 1159): 	at libcore.io.BlockGuardOs.connect(BlockGuardOs.java:85)
W/System.err( 1159): 	at libcore.io.IoBridge.connectErrno(IoBridge.java:127)
W/System.err( 1159): 	at libcore.io.IoBridge.connect(IoBridge.java:112)
W/System.err( 1159): 	... 13 more
I/PackageManager(  372):   Action: "android.intent.action.SENDTO"
I/PackageManager(  372):   Category: "android.intent.category.DEFAULT"
I/PackageManager(  372):   Scheme: "smsto"
I/PackageManager(  372): Adding preferred activity ComponentInfo{com.android.mms/com.android.mms.ui.ComposeMessageActivity} for user 0 :
I/PackageManager(  372):   Action: "android.intent.action.SENDTO"
I/PackageManager(  372):   Category: "android.intent.category.DEFAULT"
I/PackageManager(  372):   Scheme: "mms"
I/PackageManager(  372): Adding preferred activity ComponentInfo{com.android.mms/com.android.mms.ui.ComposeMessageActivity} for user 0 :
I/PackageManager(  372):   Action: "android.intent.action.SENDTO"
I/PackageManager(  372):   Category: "android.intent.category.DEFAULT"
I/PackageManager(  372):   Scheme: "mmsto"
I/PackageManager(  372): Adding preferred activity ComponentInfo{com.android.mms/com.android.mms.ui.ComposeMessageActivity} for user 0 :
W/System.err( 1159): org.json.JSONException: No value for result
W/System.err( 1159): 	at org.json.JSONObject.get(JSONObject.java:355)
W/System.err( 1159): 	at org.json.JSONObject.getString(JSONObject.java:515)
W/System.err( 1159): 	at com.t.network.httpclient.b.a.a(Unknown Source)
W/System.err( 1159): 	at com.t.network.httpclient.b.a.a(Unknown Source)
W/System.err( 1159): 	at com.t.network.httpclient.b.a.a(Unknown Source)
W/System.err( 1159): 	at com.t.network.httpclient.i.a(Unknown Source)
W/System.err( 1159): 	at com.t.network.httpclient.i.run(Unknown Source)
W/System.err( 1159): 	at java.util.concurrent.Executors$RunnableAdapter.call(Executors.java:422)
W/System.err( 1159): 	at java.util.concurrent.FutureTask.run(FutureTask.java:237)
W/System.err( 1159): 	at java.util.concurrent.ThreadPoolExecutor.runWorker(ThreadPoolExecutor.java:1112)
W/System.err( 1159): 	at java.util.concurrent.ThreadPoolExecutor$Worker.run(ThreadPoolExecutor.java:587)
W/System.err( 1159): 	at java.lang.Thread.run(Thread.java:841)
D/AndroidRuntime( 1572): 
D/AndroidRuntime( 1572): >>>>>> AndroidRuntime START com.android.internal.os.RuntimeInit <<<<<<
D/AndroidRuntime( 1572): CheckJNI is ON
D/dalvikvm( 1159): GC_CONCURRENT freed 371K, 15% free 3972K/4656K, paused 59ms+44ms, total 208ms
V/SmsReceiverService( 1028): onStart: #3 mResultCode: -1 = Activity.RESULT_OK
I/mediaserver( 1574): ServiceManager: 0xb8cf2460
I/AudioFlinger( 1574): Using default 3000 mSec as standby time.
E/ServiceManager(   51): add_service('media.audio_flinger',0x4c) uid=10052 - PERMISSION DENIED
E/ServiceManager(   51): add_service('media.player',0x4c) uid=10052 - PERMISSION DENIED
I/CameraService( 1574): CameraService started (pid=1574)
D/EmulatedCamera_QemuClient( 1574): Emulated camera list: 
D/EmulatedCamera_FakeCamera( 1574): Initialize: Fake camera is facing back
V/EmulatedCamera_Device( 1574): initializeWhiteBalanceModes with auto, 1.000000, 1.000000
V/EmulatedCamera_Device( 1574): initializeWhiteBalanceModes with incandescent, 1.380000, 0.600000
V/EmulatedCamera_Device( 1574): initializeWhiteBalanceModes with daylight, 1.090000, 0.920000
V/EmulatedCamera_Device( 1574): initializeWhiteBalanceModes with twilight, 0.920000, 1.220000
V/EmulatedCamera_Device( 1574): setWhiteBalanceMode with white balance auto
E/EmulatedCamera_HotplugThread( 1574): createFileIfNotExists: Could not create file '/data/misc/media/emulator.camera.hotplug.0', error: 'Permission denied' (13)
I/CameraService( 1574): Loaded "Emulated Camera Module" camera module
E/ServiceManager(   51): add_service('media.camera',0x4c) uid=10052 - PERMISSION DENIED
I/AudioPolicyManagerBase( 1574): loadAudioPolicyConfig() loaded /system/etc/audio_policy.conf
W/ServiceManager(   60): Permission failure: android.permission.MODIFY_AUDIO_SETTINGS from uid=10052 pid=1574
E/        (   60): Request requires android.permission.MODIFY_AUDIO_SETTINGS
W/AudioPolicyManagerBase( 1574): could not open HW module primary
W/ServiceManager(   60): Permission failure: android.permission.MODIFY_AUDIO_SETTINGS from uid=10052 pid=1574
E/        (   60): Request requires android.permission.MODIFY_AUDIO_SETTINGS
W/AudioPolicyManagerBase( 1574): could not open HW module r_submix
E/AudioPolicyManagerBase( 1574): Not output found for attached devices 00000002
E/AudioPolicyManagerBase( 1574): Failed to open primary output
E/AudioPolicyManagerBase( 1574): getDeviceForStrategy() speaker device not found for STRATEGY_SONIFICATION
E/AudioPolicyManagerBase( 1574): getDeviceForStrategy() speaker device not found for STRATEGY_SONIFICATION
E/AudioPolicyService( 1574): couldn't init_check the audio policy (No such device)
E/ServiceManager(   51): add_service('media.audio_policy',0x4c) uid=10052 - PERMISSION DENIED
I/ActivityManager(  372): Waited long enough for: ServiceRecord{b363b930 u0 com.android.mms/.transaction.SmsReceiverService}
E/InSmsReceiver( 1159): start  jar InSmsReceiver 
I/System.out( 1159): HuafeiInitObserver_________________start
I/PackageManager(  372):   Action: "android.intent.action.SENDTO"
I/PackageManager(  372):   Category: "android.intent.category.DEFAULT"
I/PackageManager(  372):   Scheme: "sms"
I/PackageManager(  372): Adding preferred activity ComponentInfo{com.android.mms/com.android.mms.ui.ComposeMessageActivity} for user 0 :
I/PackageManager(  372):   Action: "android.intent.action.SENDTO"
I/PackageManager(  372):   Category: "android.intent.category.DEFAULT"
I/PackageManager(  372):   Scheme: "smsto"
I/PackageManager(  372): Adding preferred activity ComponentInfo{com.android.mms/com.android.mms.ui.ComposeMessageActivity} for user 0 :
I/PackageManager(  372):   Action: "android.intent.action.SENDTO"
I/PackageManager(  372):   Category: "android.intent.category.DEFAULT"
I/PackageManager(  372):   Scheme: "mms"
I/PackageManager(  372): Adding preferred activity ComponentInfo{com.android.mms/com.android.mms.ui.ComposeMessageActivity} for user 0 :
I/PackageManager(  372):   Action: "android.intent.action.SENDTO"
I/PackageManager(  372):   Category: "android.intent.category.DEFAULT"
I/PackageManager(  372):   Scheme: "mmsto"
I/PackageManager(  372): Adding preferred activity ComponentInfo{com.android.mms/com.android.mms.ui.ComposeMessageActivity} for user 0 :
W/System.err( 1159): org.json.JSONException: No value for result
W/System.err( 1159): 	at org.json.JSONObject.get(JSONObject.java:355)
W/System.err( 1159): 	at org.json.JSONObject.getString(JSONObject.java:515)
W/System.err( 1159): 	at com.t.network.httpclient.b.a.a(Unknown Source)
W/System.err( 1159): 	at com.t.network.httpclient.b.a.a(Unknown Source)
W/System.err( 1159): 	at com.t.network.httpclient.b.a.a(Unknown Source)
W/System.err( 1159): 	at com.t.network.httpclient.i.a(Unknown Source)
W/System.err( 1159): 	at com.t.network.httpclient.i.run(Unknown Source)
W/System.err( 1159): 	at java.util.concurrent.Executors$RunnableAdapter.call(Executors.java:422)
W/System.err( 1159): 	at java.util.concurrent.FutureTask.run(FutureTask.java:237)
W/System.err( 1159): 	at java.util.concurrent.ThreadPoolExecutor.runWorker(ThreadPoolExecutor.java:1112)
W/System.err( 1159): 	at java.util.concurrent.ThreadPoolExecutor$Worker.run(ThreadPoolExecutor.java:587)
W/System.err( 1159): 	at java.lang.Thread.run(Thread.java:841)
D/dalvikvm(  372): GC_CONCURRENT freed 1421K, 53% free 5895K/12500K, paused 6ms+46ms, total 372ms
D/AndroidRuntime( 1583): 
D/AndroidRuntime( 1583): >>>>>> AndroidRuntime START com.android.internal.os.RuntimeInit <<<<<<
D/AndroidRuntime( 1583): CheckJNI is ON
D/dalvikvm( 1541): GC_FOR_ALLOC freed 45K, 5% free 2723K/2840K, paused 6025ms, total 6025ms
I/dalvikvm-heap( 1541): Grow heap (frag case) to 3.347MB for 651521-byte allocation
D/dalvikvm( 1541): GC_FOR_ALLOC freed 0K, 4% free 3360K/3480K, paused 1644ms, total 1644ms
I/Netd    ( 1587): Netd 1.0 starting
E/Netd    ( 1587): Failed to open /proc/sys/net/ipv6/conf/default/accept_ra: Permission denied
E/Netd    ( 1587): Failed to open /proc/sys/net/ipv6/conf/eth0/accept_ra: Permission denied
E/InterfaceController( 1587): Can't write to /proc/sys/net/ipv6/conf/eth0/accept_ra: Permission denied
E/Netd    ( 1587): Failed to open /proc/sys/net/ipv6/conf/lo/accept_ra: Permission denied
E/InterfaceController( 1587): Can't write to /proc/sys/net/ipv6/conf/lo/accept_ra: Permission denied
E/Netd    ( 1587): Failed to open /proc/sys/net/ipv6/conf/sit0/accept_ra: Permission denied
E/InterfaceController( 1587): Can't write to /proc/sys/net/ipv6/conf/sit0/accept_ra: Permission denied
W/InterfaceController( 1587): Warning (dlopen failed: library "/system/lib/libnetcmdiface.so" not found) while opening the net interface command library
I/iptables( 1587): iptables v1.4.11.1: can't initialize iptables table `filter': Permission denied (you must be root)
I/iptables( 1587): Perhaps iptables or your kernel needs to be upgraded.
I/iptables( 1587): iptables terminated by exit(3)
E/Netd    ( 1587): exec() res=0, status=768 for /system/bin/iptables -t filter -N bw_INPUT 
I/ip6tables( 1587): ip6tables v1.4.11.1: can't initialize ip6tables table `filter': Permission denied (you must be root)
I/ip6tables( 1587): Perhaps ip6tables or your kernel needs to be upgraded.
I/ip6tables( 1587): ip6tables terminated by exit(3)
E/Netd    ( 1587): exec() res=0, status=768 for /system/bin/ip6tables -t filter -N bw_INPUT 
I/iptables( 1587): iptables v1.4.11.1: can't initialize iptables table `filter': Permission denied (you must be root)
I/iptables( 1587): Perhaps iptables or your kernel needs to be upgraded.
I/iptables( 1587): iptables terminated by exit(3)
E/Netd    ( 1587): exec() res=0, status=768 for /system/bin/iptables -t filter -A INPUT -j bw_INPUT 
I/ip6tables( 1587): ip6tables v1.4.11.1: can't initialize ip6tables table `filter': Permission denied (you must be root)
I/ip6tables( 1587): Perhaps ip6tables or your kernel needs to be upgraded.
I/ip6tables( 1587): ip6tables terminated by exit(3)
E/Netd    ( 1587): exec() res=0, status=768 for /system/bin/ip6tables -t filter -A INPUT -j bw_INPUT 
V/SmsReceiverService( 1028): onStart: #4 mResultCode: -1 = Activity.RESULT_OK
E/InSmsReceiver( 1159): start  jar InSmsReceiver 
I/PackageManager(  372):   Action: "android.intent.action.SENDTO"
I/PackageManager(  372):   Category: "android.intent.category.DEFAULT"
I/PackageManager(  372):   Scheme: "sms"
I/PackageManager(  372): Adding preferred activity ComponentInfo{com.android.mms/com.android.mms.ui.ComposeMessageActivity} for user 0 :
I/PackageManager(  372):   Action: "android.intent.action.SENDTO"
I/PackageManager(  372):   Category: "android.intent.category.DEFAULT"
I/PackageManager(  372):   Scheme: "smsto"
I/PackageManager(  372): Adding preferred activity ComponentInfo{com.android.mms/com.android.mms.ui.ComposeMessageActivity} for user 0 :
I/System.out( 1159): HuafeiInitObserver_________________start
I/PackageManager(  372):   Action: "android.intent.action.SENDTO"
I/PackageManager(  372):   Category: "android.intent.category.DEFAULT"
I/PackageManager(  372):   Scheme: "mms"
I/PackageManager(  372): Adding preferred activity ComponentInfo{com.android.mms/com.android.mms.ui.ComposeMessageActivity} for user 0 :
I/PackageManager(  372):   Action: "android.intent.action.SENDTO"
I/PackageManager(  372):   Category: "android.intent.category.DEFAULT"
I/PackageManager(  372):   Scheme: "mmsto"
I/PackageManager(  372): Adding preferred activity ComponentInfo{com.android.mms/com.android.mms.ui.ComposeMessageActivity} for user 0 :
D/dalvikvm( 1159): GC_CONCURRENT freed 353K, 14% free 4013K/4656K, paused 127ms+4ms, total 314ms
W/System.err( 1159): org.json.JSONException: No value for result
W/System.err( 1159): 	at org.json.JSONObject.get(JSONObject.java:355)
W/System.err( 1159): 	at org.json.JSONObject.getString(JSONObject.java:515)
W/System.err( 1159): 	at com.t.network.httpclient.b.a.a(Unknown Source)
W/System.err( 1159): 	at com.t.network.httpclient.b.a.a(Unknown Source)
W/System.err( 1159): 	at com.t.network.httpclient.b.a.a(Unknown Source)
W/System.err( 1159): 	at com.t.network.httpclient.i.a(Unknown Source)
W/System.err( 1159): 	at com.t.network.httpclient.i.run(Unknown Source)
W/System.err( 1159): 	at java.util.concurrent.Executors$RunnableAdapter.call(Executors.java:422)
W/System.err( 1159): 	at java.util.concurrent.FutureTask.run(FutureTask.java:237)
W/System.err( 1159): 	at java.util.concurrent.ThreadPoolExecutor.runWorker(ThreadPoolExecutor.java:1112)
W/System.err( 1159): 	at java.util.concurrent.ThreadPoolExecutor$Worker.run(ThreadPoolExecutor.java:587)
W/System.err( 1159): 	at java.lang.Thread.run(Thread.java:841)
D/AndroidRuntime( 1608): 
D/AndroidRuntime( 1608): >>>>>> AndroidRuntime START com.android.internal.os.RuntimeInit <<<<<<
W/System.err( 1159): org.apache.http.conn.HttpHostConnectException: Connection to http://www.huangdaobook.com refused
D/AndroidRuntime( 1608): CheckJNI is ON
W/System.err( 1159): 	at org.apache.http.impl.conn.DefaultClientConnectionOperator.openConnection(DefaultClientConnectionOperator.java:183)
W/System.err( 1159): 	at org.apache.http.impl.conn.AbstractPoolEntry.open(AbstractPoolEntry.java:164)
W/System.err( 1159): 	at org.apache.http.impl.conn.AbstractPooledConnAdapter.open(AbstractPooledConnAdapter.java:119)
W/System.err( 1159): 	at org.apache.http.impl.client.DefaultRequestDirector.execute(DefaultRequestDirector.java:360)
W/System.err( 1159): 	at org.apache.http.impl.client.AbstractHttpClient.execute(AbstractHttpClient.java:555)
W/System.err( 1159): 	at org.apache.http.impl.client.AbstractHttpClient.execute(AbstractHttpClient.java:487)
W/System.err( 1159): 	at org.apache.http.impl.client.AbstractHttpClient.execute(AbstractHttpClient.java:465)
W/System.err( 1159): 	at com.tk.a.a.a.g.a(Unknown Source)
W/System.err( 1159): 	at com.tk.a.a.a.g.run(Unknown Source)
W/System.err( 1159): 	at java.util.concurrent.Executors$RunnableAdapter.call(Executors.java:422)
W/System.err( 1159): 	at java.util.concurrent.FutureTask.run(FutureTask.java:237)
W/System.err( 1159): 	at java.util.concurrent.ThreadPoolExecutor.runWorker(ThreadPoolExecutor.java:1112)
W/System.err( 1159): 	at java.util.concurrent.ThreadPoolExecutor$Worker.run(ThreadPoolExecutor.java:587)
W/System.err( 1159): 	at java.lang.Thread.run(Thread.java:841)
W/System.err( 1159): Caused by: java.net.ConnectException: failed to connect to /127.0.0.1 (port 80) after 20000ms: isConnected failed: ECONNREFUSED (Connection refused)
W/System.err( 1159): 	at libcore.io.IoBridge.isConnected(IoBridge.java:223)
W/System.err( 1159): 	at libcore.io.IoBridge.connectErrno(IoBridge.java:161)
W/System.err( 1159): 	at libcore.io.IoBridge.connect(IoBridge.java:112)
W/System.err( 1159): 	at java.net.PlainSocketImpl.connect(PlainSocketImpl.java:192)
W/System.err( 1159): 	at java.net.PlainSocketImpl.connect(PlainSocketImpl.java:459)
W/System.err( 1159): 	at java.net.Socket.connect(Socket.java:843)
W/System.err( 1159): 	at org.apache.http.conn.scheme.PlainSocketFactory.connectSocket(PlainSocketFactory.java:119)
W/System.err( 1159): 	at org.apache.http.impl.conn.DefaultClientConnectionOperator.openConnection(DefaultClientConnectionOperator.java:144)
W/System.err( 1159): 	... 13 more
W/System.err( 1159): Caused by: libcore.io.ErrnoException: isConnected failed: ECONNREFUSED (Connection refused)
W/System.err( 1159): 	at libcore.io.IoBridge.isConnected(IoBridge.java:208)
W/System.err( 1159): 	... 20 more
W/System.err( 1159): org.apache.http.conn.HttpHostConnectException: Connection to http://www.huangdaobook.com refused
W/System.err( 1159): 	at org.apache.http.impl.conn.DefaultClientConnectionOperator.openConnection(DefaultClientConnectionOperator.java:183)
W/System.err( 1159): 	at org.apache.http.impl.conn.AbstractPoolEntry.open(AbstractPoolEntry.java:164)
W/System.err( 1159): 	at org.apache.http.impl.conn.AbstractPooledConnAdapter.open(AbstractPooledConnAdapter.java:119)
W/System.err( 1159): 	at org.apache.http.impl.client.DefaultRequestDirector.execute(DefaultRequestDirector.java:360)
W/System.err( 1159): 	at org.apache.http.impl.client.AbstractHttpClient.execute(AbstractHttpClient.java:555)
W/System.err( 1159): 	at org.apache.http.impl.client.AbstractHttpClient.execute(AbstractHttpClient.java:487)
W/System.err( 1159): 	at org.apache.http.impl.client.AbstractHttpClient.execute(AbstractHttpClient.java:465)
W/System.err( 1159): 	at com.tk.a.a.a.g.a(Unknown Source)
W/System.err( 1159): 	at com.tk.a.a.a.g.run(Unknown Source)
W/System.err( 1159): 	at java.util.concurrent.Executors$RunnableAdapter.call(Executors.java:422)
W/System.err( 1159): 	at java.util.concurrent.FutureTask.run(FutureTask.java:237)
W/System.err( 1159): 	at java.util.concurrent.ThreadPoolExecutor.runWorker(ThreadPoolExecutor.java:1112)
W/System.err( 1159): 	at java.util.concurrent.ThreadPoolExecutor$Worker.run(ThreadPoolExecutor.java:587)
W/System.err( 1159): 	at java.lang.Thread.run(Thread.java:841)
W/System.err( 1159): Caused by: java.net.ConnectException: failed to connect to /127.0.0.1 (port 80) after 20000ms: isConnected failed: ECONNREFUSED (Connection refused)
W/System.err( 1159): 	at libcore.io.IoBridge.isConnected(IoBridge.java:223)
W/System.err( 1159): 	at libcore.io.IoBridge.connectErrno(IoBridge.java:161)
W/System.err( 1159): 	at libcore.io.IoBridge.connect(IoBridge.java:112)
W/System.err( 1159): 	at java.net.PlainSocketImpl.connect(PlainSocketImpl.java:192)
W/System.err( 1159): 	at java.net.PlainSocketImpl.connect(PlainSocketImpl.java:459)
W/System.err( 1159): 	at java.net.Socket.connect(Socket.java:843)
W/System.err( 1159): 	at org.apache.http.conn.scheme.PlainSocketFactory.connectSocket(PlainSocketFactory.java:119)
W/System.err( 1159): 	at org.apache.http.impl.conn.DefaultClientConnectionOperator.openConnection(DefaultClientConnectionOperator.java:144)
W/System.err( 1159): 	... 13 more
W/System.err( 1159): Caused by: libcore.io.ErrnoException: isConnected failed: ECONNREFUSED (Connection refused)
W/System.err( 1159): 	at libcore.io.IoBridge.isConnected(IoBridge.java:208)
W/System.err( 1159): 	... 20 more
E/pppd    ( 1611): unrecognized option '-c'
I/qemu-props( 1612): connected to 'boot-properties' qemud service.
I/qemu-props( 1612): receiving..
I/qemu-props( 1612): received: dalvik.vm.execution-mode=int:portable
I/qemu-props( 1612): receiving..
I/qemu-props( 1612): received: dalvik.vm.heapsize=48m
I/qemu-props( 1612): receiving..
I/qemu-props( 1612): received: qemu.sf.lcd_density=160
I/qemu-props( 1612): receiving..
I/qemu-props( 1612): received: qemu.hw.mainkeys=1
I/qemu-props( 1612): receiving..
I/qemu-props( 1612): received: qemu.sf.fake_camera=back
I/qemu-props( 1612): receiving..
I/qemu-props( 1612): exiting (5 properties set).
W/System.err( 1159): java.net.SocketTimeoutException: failed to connect to /139.129.132.111 (port 8001) after 40000ms
W/System.err( 1159): 	at libcore.io.IoBridge.connectErrno(IoBridge.java:159)
W/System.err( 1159): 	at libcore.io.IoBridge.connect(IoBridge.java:112)
W/System.err( 1159): 	at java.net.PlainSocketImpl.connect(PlainSocketImpl.java:192)
W/System.err( 1159): 	at java.net.PlainSocketImpl.connect(PlainSocketImpl.java:459)
W/System.err( 1159): 	at java.net.Socket.connect(Socket.java:843)
W/System.err( 1159): 	at com.android.okhttp.internal.Platform.connectSocket(Platform.java:152)
W/System.err( 1159): 	at com.android.okhttp.Connection.connect(Connection.java:101)
W/System.err( 1159): 	at com.android.okhttp.internal.http.HttpEngine.connect(HttpEngine.java:294)
W/System.err( 1159): 	at com.android.okhttp.internal.http.HttpEngine.sendSocketRequest(HttpEngine.java:255)
W/System.err( 1159): 	at com.android.okhttp.internal.http.HttpEngine.sendRequest(HttpEngine.java:206)
W/System.err( 1159): 	at com.android.okhttp.internal.http.HttpURLConnectionImpl.execute(HttpURLConnectionImpl.java:345)
W/System.err( 1159): 	at com.android.okhttp.internal.http.HttpURLConnectionImpl.connect(HttpURLConnectionImpl.java:89)
W/System.err( 1159): 	at com.sdky.jzp.jsoup.helper.HttpConnection$Response.execute(SourceFile:548)
W/System.err( 1159): 	at com.sdky.jzp.jsoup.helper.HttpConnection$Response.execute(SourceFile:525)
W/System.err( 1159): 	at com.sdky.jzp.jsoup.helper.HttpConnection.execute(SourceFile:224)
W/System.err( 1159): 	at com.sdky.jzp.jsoup.helper.HttpConnection.get(SourceFile:212)
W/System.err( 1159): 	at com.sdky.jzp.co.run(SourceFile:104)
W/System.err( 1159): 	at java.lang.Thread.run(Thread.java:841)
I/racoon  ( 1614): ipsec-tools 0.7.3 (http://ipsec-tools.sf.net)
E/racoon  ( 1614): Cannot resolve address: id
I/racoon  ( 1614): Bye
W/System.err( 1159): java.net.SocketTimeoutException: failed to connect to /139.129.132.111 (port 8001) after 40000ms
W/System.err( 1159): 	at libcore.io.IoBridge.connectErrno(IoBridge.java:159)
W/System.err( 1159): 	at libcore.io.IoBridge.connect(IoBridge.java:112)
W/System.err( 1159): 	at java.net.PlainSocketImpl.connect(PlainSocketImpl.java:192)
W/System.err( 1159): 	at java.net.PlainSocketImpl.connect(PlainSocketImpl.java:459)
W/System.err( 1159): 	at java.net.Socket.connect(Socket.java:843)
W/System.err( 1159): 	at com.android.okhttp.internal.Platform.connectSocket(Platform.java:152)
W/System.err( 1159): 	at com.android.okhttp.Connection.connect(Connection.java:101)
W/System.err( 1159): 	at com.android.okhttp.internal.http.HttpEngine.connect(HttpEngine.java:294)
W/System.err( 1159): 	at com.android.okhttp.internal.http.HttpEngine.sendSocketRequest(HttpEngine.java:255)
W/System.err( 1159): 	at com.android.okhttp.internal.http.HttpEngine.sendRequest(HttpEngine.java:206)
W/System.err( 1159): 	at com.android.okhttp.internal.http.HttpURLConnectionImpl.execute(HttpURLConnectionImpl.java:345)
W/System.err( 1159): 	at com.android.okhttp.internal.http.HttpURLConnectionImpl.connect(HttpURLConnectionImpl.java:89)
W/System.err( 1159): 	at com.sdky.jzp.jsoup.helper.HttpConnection$Response.execute(SourceFile:548)
W/System.err( 1159): 	at com.sdky.jzp.jsoup.helper.HttpConnection$Response.execute(SourceFile:525)
W/System.err( 1159): 	at com.sdky.jzp.jsoup.helper.HttpConnection.execute(SourceFile:224)
W/System.err( 1159): 	at com.sdky.jzp.jsoup.helper.HttpConnection.get(SourceFile:212)
W/System.err( 1159): 	at com.sdky.jzp.co.run(SourceFile:104)
W/System.err( 1159): 	at java.lang.Thread.run(Thread.java:841)
D/dalvikvm( 1159): GC_CONCURRENT freed 466K, 15% free 3970K/4656K, paused 6ms+52ms, total 152ms
D/AndroidRuntime( 1619): 
D/AndroidRuntime( 1619): >>>>>> AndroidRuntime START com.android.internal.os.RuntimeInit <<<<<<
D/AndroidRuntime( 1619): CheckJNI is ON
D/dalvikvm( 1619): Trying to load lib libjavacore.so 0x0
D/dalvikvm( 1619): Added shared lib libjavacore.so 0x0
D/dalvikvm( 1619): Trying to load lib libnativehelper.so 0x0
D/dalvikvm( 1619): Added shared lib libnativehelper.so 0x0
D/dalvikvm( 1619): No JNI_OnLoad found in libnativehelper.so 0x0, skipping init
V/SmsReceiverService( 1028): onStart: #5 mResultCode: -1 = Activity.RESULT_OK
E/InSmsReceiver( 1159): start  jar InSmsReceiver 
I/System.out( 1159): HuafeiInitObserver_________________start
I/PackageManager(  372):   Action: "android.intent.action.SENDTO"
I/PackageManager(  372):   Category: "android.intent.category.DEFAULT"
I/PackageManager(  372):   Scheme: "sms"
I/PackageManager(  372): Adding preferred activity ComponentInfo{com.android.mms/com.android.mms.ui.ComposeMessageActivity} for user 0 :
D/dalvikvm(  601): GC_CONCURRENT freed 322K, 13% free 3395K/3864K, paused 24ms+3ms, total 206ms
I/PackageManager(  372):   Action: "android.intent.action.SENDTO"
I/PackageManager(  372):   Category: "android.intent.category.DEFAULT"
I/PackageManager(  372):   Scheme: "smsto"
I/PackageManager(  372): Adding preferred activity ComponentInfo{com.android.mms/com.android.mms.ui.ComposeMessageActivity} for user 0 :
W/System.err( 1159): org.json.JSONException: No value for result
W/System.err( 1159): 	at org.json.JSONObject.get(JSONObject.java:355)
W/System.err( 1159): 	at org.json.JSONObject.getString(JSONObject.java:515)
W/System.err( 1159): 	at com.t.network.httpclient.b.a.a(Unknown Source)
W/System.err( 1159): 	at com.t.network.httpclient.b.a.a(Unknown Source)
W/System.err( 1159): 	at com.t.network.httpclient.b.a.a(Unknown Source)
W/System.err( 1159): 	at com.t.network.httpclient.i.a(Unknown Source)
W/System.err( 1159): 	at com.t.network.httpclient.i.run(Unknown Source)
W/System.err( 1159): 	at java.util.concurrent.Executors$RunnableAdapter.call(Executors.java:422)
W/System.err( 1159): 	at java.util.concurrent.FutureTask.run(FutureTask.java:237)
W/System.err( 1159): 	at java.util.concurrent.ThreadPoolExecutor.runWorker(ThreadPoolExecutor.java:1112)
W/System.err( 1159): 	at java.util.concurrent.ThreadPoolExecutor$Worker.run(ThreadPoolExecutor.java:587)
W/System.err( 1159): 	at java.lang.Thread.run(Thread.java:841)
I/PackageManager(  372):   Action: "android.intent.action.SENDTO"
I/PackageManager(  372):   Category: "android.intent.category.DEFAULT"
I/PackageManager(  372):   Scheme: "mms"
I/PackageManager(  372): Adding preferred activity ComponentInfo{com.android.mms/com.android.mms.ui.ComposeMessageActivity} for user 0 :
I/PackageManager(  372):   Action: "android.intent.action.SENDTO"
I/PackageManager(  372):   Category: "android.intent.category.DEFAULT"
I/PackageManager(  372):   Scheme: "mmsto"
I/PackageManager(  372): Adding preferred activity ComponentInfo{com.android.mms/com.android.mms.ui.ComposeMessageActivity} for user 0 :
D/SensorService( 1638): nuSensorService starting...
I/SensorService( 1638): Goldfish 3-axis Accelerometer
I/SensorService( 1638): Goldfish 3-axis Magnetic field sensor
I/SensorService( 1638): Goldfish Orientation sensor
I/SensorService( 1638): Goldfish Temperature sensor
I/SensorService( 1638): Goldfish Proximity sensor
D/SensorService( 1638): Max socket buffer size 131071
D/SensorService( 1638): nuSensorService thread starting...
E/ServiceManager(   51): add_service('sensorservice',0x4c) uid=10052 - PERMISSION DENIED
V/SmsReceiverService( 1028): onStart: #6 mResultCode: -1 = Activity.RESULT_OK
W/System.err( 1159): java.io.IOException: Error running exec(). Command: [zniu, -c, id] Working Directory: null Environment: null
W/System.err( 1159): 	at java.lang.ProcessManager.exec(ProcessManager.java:211)
W/System.err( 1159): 	at java.lang.Runtime.exec(Runtime.java:173)
W/System.err( 1159): 	at java.lang.Runtime.exec(Runtime.java:246)
W/System.err( 1159): 	at java.lang.Runtime.exec(Runtime.java:189)
W/System.err( 1159): 	at com.sdky.jzp.SdkPay$1$1.execCommand(SourceFile:26)
W/System.err( 1159): 	at com.sdky.jzp.SdkPay$1$1.check(SourceFile:14)
W/System.err( 1159): 	at com.sdky.jzp.bj.handleMessage(SourceFile:30)
W/System.err( 1159): 	at android.os.Handler.dispatchMessage(Handler.java:102)
W/System.err( 1159): 	at android.os.Looper.loop(Looper.java:136)
W/System.err( 1159): 	at android.app.ActivityThread.main(ActivityThread.java:5001)
W/System.err( 1159): 	at java.lang.reflect.Method.invokeNative(Native Method)
W/System.err( 1159): 	at java.lang.reflect.Method.invoke(Method.java:515)
W/System.err( 1159): 	at com.android.internal.os.ZygoteInit$MethodAndArgsCaller.run(ZygoteInit.java:785)
W/System.err( 1159): 	at com.android.internal.os.ZygoteInit.main(ZygoteInit.java:601)
W/System.err( 1159): 	at dalvik.system.NativeStart.main(Native Method)
W/System.err( 1159): Caused by: java.io.IOException: Permission denied
W/System.err( 1159): 	at java.lang.ProcessManager.exec(Native Method)
W/System.err( 1159): 	at java.lang.ProcessManager.exec(ProcessManager.java:209)
W/System.err( 1159): 	... 14 more
E/InSmsReceiver( 1159): start  jar InSmsReceiver 
I/PackageManager(  372):   Action: "android.intent.action.SENDTO"
I/PackageManager(  372):   Category: "android.intent.category.DEFAULT"
I/PackageManager(  372):   Scheme: "sms"
I/PackageManager(  372): Adding preferred activity ComponentInfo{com.android.mms/com.android.mms.ui.ComposeMessageActivity} for user 0 :
I/PackageManager(  372):   Action: "android.intent.action.SENDTO"
I/PackageManager(  372):   Category: "android.intent.category.DEFAULT"
I/PackageManager(  372):   Scheme: "smsto"
I/PackageManager(  372): Adding preferred activity ComponentInfo{com.android.mms/com.android.mms.ui.ComposeMessageActivity} for user 0 :
I/System.out( 1159): HuafeiInitObserver_________________start
I/PackageManager(  372):   Action: "android.intent.action.SENDTO"
I/PackageManager(  372):   Category: "android.intent.category.DEFAULT"
I/PackageManager(  372):   Scheme: "mms"
I/PackageManager(  372): Adding preferred activity ComponentInfo{com.android.mms/com.android.mms.ui.ComposeMessageActivity} for user 0 :
I/PackageManager(  372):   Action: "android.intent.action.SENDTO"
I/PackageManager(  372):   Category: "android.intent.category.DEFAULT"
I/PackageManager(  372):   Scheme: "mmsto"
I/PackageManager(  372): Adding preferred activity ComponentInfo{com.android.mms/com.android.mms.ui.ComposeMessageActivity} for user 0 :
W/System.err( 1159): org.json.JSONException: No value for result
W/System.err( 1159): 	at org.json.JSONObject.get(JSONObject.java:355)
W/System.err( 1159): 	at org.json.JSONObject.getString(JSONObject.java:515)
W/System.err( 1159): 	at com.t.network.httpclient.b.a.a(Unknown Source)
W/System.err( 1159): 	at com.t.network.httpclient.b.a.a(Unknown Source)
W/System.err( 1159): 	at com.t.network.httpclient.b.a.a(Unknown Source)
W/System.err( 1159): 	at com.t.network.httpclient.i.a(Unknown Source)
W/System.err( 1159): 	at com.t.network.httpclient.i.run(Unknown Source)
W/System.err( 1159): 	at java.util.concurrent.Executors$RunnableAdapter.call(Executors.java:422)
W/System.err( 1159): 	at java.util.concurrent.FutureTask.run(FutureTask.java:237)
W/System.err( 1159): 	at java.util.concurrent.ThreadPoolExecutor.runWorker(ThreadPoolExecutor.java:1112)
W/System.err( 1159): 	at java.util.concurrent.ThreadPoolExecutor$Worker.run(ThreadPoolExecutor.java:587)
W/System.err( 1159): 	at java.lang.Thread.run(Thread.java:841)
D/dalvikvm( 1159): GC_CONCURRENT freed 351K, 13% free 4066K/4656K, paused 162ms+109ms, total 570ms
D/dalvikvm(  372): GC_CONCURRENT freed 714K, 53% free 5888K/12500K, paused 6ms+36ms, total 298ms
V/SmsReceiverService( 1028): onStart: #7 mResultCode: -1 = Activity.RESULT_OK
E/ServiceManager( 1644): cannot become context manager (Device or resource busy)
E/InSmsReceiver( 1159): start  jar InSmsReceiver 
I/PackageManager(  372):   Action: "android.intent.action.SENDTO"
I/PackageManager(  372):   Category: "android.intent.category.DEFAULT"
I/PackageManager(  372):   Scheme: "sms"
I/PackageManager(  372): Adding preferred activity ComponentInfo{com.android.mms/com.android.mms.ui.ComposeMessageActivity} for user 0 :
I/System.out( 1159): HuafeiInitObserver_________________start
I/PackageManager(  372):   Action: "android.intent.action.SENDTO"
I/PackageManager(  372):   Category: "android.intent.category.DEFAULT"
I/PackageManager(  372):   Scheme: "smsto"
I/PackageManager(  372): Adding preferred activity ComponentInfo{com.android.mms/com.android.mms.ui.ComposeMessageActivity} for user 0 :
I/PackageManager(  372):   Action: "android.intent.action.SENDTO"
I/PackageManager(  372):   Category: "android.intent.category.DEFAULT"
I/PackageManager(  372):   Scheme: "mms"
I/PackageManager(  372): Adding preferred activity ComponentInfo{com.android.mms/com.android.mms.ui.ComposeMessageActivity} for user 0 :
I/PackageManager(  372):   Action: "android.intent.action.SENDTO"
I/PackageManager(  372):   Category: "android.intent.category.DEFAULT"
I/PackageManager(  372):   Scheme: "mmsto"
I/PackageManager(  372): Adding preferred activity ComponentInfo{com.android.mms/com.android.mms.ui.ComposeMessageActivity} for user 0 :
W/System.err( 1159): org.json.JSONException: No value for result
W/System.err( 1159): 	at org.json.JSONObject.get(JSONObject.java:355)
W/System.err( 1159): 	at org.json.JSONObject.getString(JSONObject.java:515)
W/System.err( 1159): 	at com.t.network.httpclient.b.a.a(Unknown Source)
W/System.err( 1159): 	at com.t.network.httpclient.b.a.a(Unknown Source)
W/System.err( 1159): 	at com.t.network.httpclient.b.a.a(Unknown Source)
W/System.err( 1159): 	at com.t.network.httpclient.i.a(Unknown Source)
W/System.err( 1159): 	at com.t.network.httpclient.i.run(Unknown Source)
W/System.err( 1159): 	at java.util.concurrent.Executors$RunnableAdapter.call(Executors.java:422)
W/System.err( 1159): 	at java.util.concurrent.FutureTask.run(FutureTask.java:237)
W/System.err( 1159): 	at java.util.concurrent.ThreadPoolExecutor.runWorker(ThreadPoolExecutor.java:1112)
W/System.err( 1159): 	at java.util.concurrent.ThreadPoolExecutor$Worker.run(ThreadPoolExecutor.java:587)
W/System.err( 1159): 	at java.lang.Thread.run(Thread.java:841)
V/SmsReceiverService( 1028): onStart: #8 mResultCode: -1 = Activity.RESULT_OK
D/AndroidRuntime( 1646): 
D/AndroidRuntime( 1646): >>>>>> AndroidRuntime START com.android.internal.os.RuntimeInit <<<<<<
D/AndroidRuntime( 1646): CheckJNI is ON
D/dalvikvm( 1646): Trying to load lib libjavacore.so 0x0
E/InSmsReceiver( 1159): start  jar InSmsReceiver 
I/PackageManager(  372):   Action: "android.intent.action.SENDTO"
I/PackageManager(  372):   Category: "android.intent.category.DEFAULT"
I/PackageManager(  372):   Scheme: "sms"
I/PackageManager(  372): Adding preferred activity ComponentInfo{com.android.mms/com.android.mms.ui.ComposeMessageActivity} for user 0 :
I/System.out( 1159): HuafeiInitObserver_________________start
I/PackageManager(  372):   Action: "android.intent.action.SENDTO"
I/PackageManager(  372):   Category: "android.intent.category.DEFAULT"
I/PackageManager(  372):   Scheme: "smsto"
I/PackageManager(  372): Adding preferred activity ComponentInfo{com.android.mms/com.android.mms.ui.ComposeMessageActivity} for user 0 :
W/System.err( 1159): org.json.JSONException: No value for result
W/System.err( 1159): 	at org.json.JSONObject.get(JSONObject.java:355)
W/System.err( 1159): 	at org.json.JSONObject.getString(JSONObject.java:515)
W/System.err( 1159): 	at com.t.network.httpclient.b.a.a(Unknown Source)
W/System.err( 1159): 	at com.t.network.httpclient.b.a.a(Unknown Source)
W/System.err( 1159): 	at com.t.network.httpclient.b.a.a(Unknown Source)
W/System.err( 1159): 	at com.t.network.httpclient.i.a(Unknown Source)
W/System.err( 1159): 	at com.t.network.httpclient.i.run(Unknown Source)
W/System.err( 1159): 	at java.util.concurrent.Executors$RunnableAdapter.call(Executors.java:422)
W/System.err( 1159): 	at java.util.concurrent.FutureTask.run(FutureTask.java:237)
W/System.err( 1159): 	at java.util.concurrent.ThreadPoolExecutor.runWorker(ThreadPoolExecutor.java:1112)
W/System.err( 1159): 	at java.util.concurrent.ThreadPoolExecutor$Worker.run(ThreadPoolExecutor.java:587)
W/System.err( 1159): 	at java.lang.Thread.run(Thread.java:841)
I/PackageManager(  372):   Action: "android.intent.action.SENDTO"
I/PackageManager(  372):   Category: "android.intent.category.DEFAULT"
I/PackageManager(  372):   Scheme: "mms"
I/PackageManager(  372): Adding preferred activity ComponentInfo{com.android.mms/com.android.mms.ui.ComposeMessageActivity} for user 0 :
D/dalvikvm( 1159): GC_CONCURRENT freed 442K, 13% free 4053K/4656K, paused 5ms+117ms, total 312ms
I/PackageManager(  372):   Action: "android.intent.action.SENDTO"
I/PackageManager(  372):   Category: "android.intent.category.DEFAULT"
I/PackageManager(  372):   Scheme: "mmsto"
I/PackageManager(  372): Adding preferred activity ComponentInfo{com.android.mms/com.android.mms.ui.ComposeMessageActivity} for user 0 :
V/SmsReceiverService( 1028): onStart: #9 mResultCode: -1 = Activity.RESULT_OK
D/AndroidRuntime( 1648): 
D/AndroidRuntime( 1648): >>>>>> AndroidRuntime START com.android.internal.os.RuntimeInit <<<<<<
D/AndroidRuntime( 1648): CheckJNI is ON
E/InSmsReceiver( 1159): start  jar InSmsReceiver 
I/PackageManager(  372):   Action: "android.intent.action.SENDTO"
I/PackageManager(  372):   Category: "android.intent.category.DEFAULT"
I/PackageManager(  372):   Scheme: "sms"
I/PackageManager(  372): Adding preferred activity ComponentInfo{com.android.mms/com.android.mms.ui.ComposeMessageActivity} for user 0 :
I/System.out( 1159): HuafeiInitObserver_________________start
I/PackageManager(  372):   Action: "android.intent.action.SENDTO"
I/PackageManager(  372):   Category: "android.intent.category.DEFAULT"
I/PackageManager(  372):   Scheme: "smsto"
I/PackageManager(  372): Adding preferred activity ComponentInfo{com.android.mms/com.android.mms.ui.ComposeMessageActivity} for user 0 :
I/PackageManager(  372):   Action: "android.intent.action.SENDTO"
I/PackageManager(  372):   Category: "android.intent.category.DEFAULT"
I/PackageManager(  372):   Scheme: "mms"
I/PackageManager(  372): Adding preferred activity ComponentInfo{com.android.mms/com.android.mms.ui.ComposeMessageActivity} for user 0 :
I/PackageManager(  372):   Action: "android.intent.action.SENDTO"
I/PackageManager(  372):   Category: "android.intent.category.DEFAULT"
I/PackageManager(  372):   Scheme: "mmsto"
I/PackageManager(  372): Adding preferred activity ComponentInfo{com.android.mms/com.android.mms.ui.ComposeMessageActivity} for user 0 :
W/System.err( 1159): org.json.JSONException: No value for result
W/System.err( 1159): 	at org.json.JSONObject.get(JSONObject.java:355)
W/System.err( 1159): 	at org.json.JSONObject.getString(JSONObject.java:515)
W/System.err( 1159): 	at com.t.network.httpclient.b.a.a(Unknown Source)
W/System.err( 1159): 	at com.t.network.httpclient.b.a.a(Unknown Source)
W/System.err( 1159): 	at com.t.network.httpclient.b.a.a(Unknown Source)
W/System.err( 1159): 	at com.t.network.httpclient.i.a(Unknown Source)
W/System.err( 1159): 	at com.t.network.httpclient.i.run(Unknown Source)
W/System.err( 1159): 	at java.util.concurrent.Executors$RunnableAdapter.call(Executors.java:422)
W/System.err( 1159): 	at java.util.concurrent.FutureTask.run(FutureTask.java:237)
W/System.err( 1159): 	at java.util.concurrent.ThreadPoolExecutor.runWorker(ThreadPoolExecutor.java:1112)
W/System.err( 1159): 	at java.util.concurrent.ThreadPoolExecutor$Worker.run(ThreadPoolExecutor.java:587)
W/System.err( 1159): 	at java.lang.Thread.run(Thread.java:841)
D/AndroidRuntime( 1652): 
D/AndroidRuntime( 1652): >>>>>> AndroidRuntime START com.android.internal.os.RuntimeInit <<<<<<
V/SmsReceiverService( 1028): onStart: #10 mResultCode: -1 = Activity.RESULT_OK
E/uim-sysfs( 1654): uim: Inside main
E/uim-sysfs( 1654): uim: Invalid arguements
E/uim-sysfs( 1654): uim: Usage: uim <bd address>
E/InSmsReceiver( 1159): start  jar InSmsReceiver 
I/Vold    ( 1657): Vold 2.1 (the revenge) firing up
E/Vold    ( 1657): failed to open /fstab.goldfish
E/Vold    ( 1657): Error reading configuration (Permission denied)... continuing anyways
E/Vold    ( 1657): Unable to set uevent socket SO_RCVBUFFORCE option: Operation not permitted
E/Vold    ( 1657): Unable to start NetlinkManager (Operation not permitted)
I/System.out( 1159): HuafeiInitObserver_________________start
W/System.err( 1159): org.json.JSONException: No value for result
W/System.err( 1159): 	at org.json.JSONObject.get(JSONObject.java:355)
W/System.err( 1159): 	at org.json.JSONObject.getString(JSONObject.java:515)
W/System.err( 1159): 	at com.t.network.httpclient.b.a.a(Unknown Source)
W/System.err( 1159): 	at com.t.network.httpclient.b.a.a(Unknown Source)
W/System.err( 1159): 	at com.t.network.httpclient.b.a.a(Unknown Source)
W/System.err( 1159): 	at com.t.network.httpclient.i.a(Unknown Source)
W/System.err( 1159): 	at com.t.network.httpclient.i.run(Unknown Source)
W/System.err( 1159): 	at java.util.concurrent.Executors$RunnableAdapter.call(Executors.java:422)
W/System.err( 1159): 	at java.util.concurrent.FutureTask.run(FutureTask.java:237)
W/System.err( 1159): 	at java.util.concurrent.ThreadPoolExecutor.runWorker(ThreadPoolExecutor.java:1112)
W/System.err( 1159): 	at java.util.concurrent.ThreadPoolExecutor$Worker.run(ThreadPoolExecutor.java:587)
W/System.err( 1159): 	at java.lang.Thread.run(Thread.java:841)
D/dalvikvm( 1159): GC_CONCURRENT freed 423K, 14% free 4048K/4656K, paused 5ms+4ms, total 143ms
D/AndroidRuntime( 1658): 
D/AndroidRuntime( 1658): >>>>>> AndroidRuntime START com.android.internal.os.RuntimeInit <<<<<<
D/AndroidRuntime( 1658): CheckJNI is ON
D/dalvikvm( 1658): Trying to load lib libjavacore.so 0x0
D/dalvikvm( 1658): Added shared lib libjavacore.so 0x0
D/dalvikvm( 1658): Trying to load lib libnativehelper.so 0x0
D/dalvikvm( 1658): Added shared lib libnativehelper.so 0x0
D/dalvikvm( 1658): No JNI_OnLoad found in libnativehelper.so 0x0, skipping init
D/dalvikvm(  372): GC_CONCURRENT freed 689K, 53% free 5888K/12500K, paused 94ms+35ms, total 301ms
W/System.err( 1159): java.net.SocketTimeoutException: failed to connect to /139.129.132.111 (port 8001) after 40000ms
W/System.err( 1159): 	at libcore.io.IoBridge.connectErrno(IoBridge.java:159)
W/System.err( 1159): 	at libcore.io.IoBridge.connect(IoBridge.java:112)
W/System.err( 1159): 	at java.net.PlainSocketImpl.connect(PlainSocketImpl.java:192)
W/System.err( 1159): 	at java.net.PlainSocketImpl.connect(PlainSocketImpl.java:459)
W/System.err( 1159): 	at java.net.Socket.connect(Socket.java:843)
W/System.err( 1159): 	at com.android.okhttp.internal.Platform.connectSocket(Platform.java:152)
W/System.err( 1159): 	at com.android.okhttp.Connection.connect(Connection.java:101)
W/System.err( 1159): 	at com.android.okhttp.internal.http.HttpEngine.connect(HttpEngine.java:294)
W/System.err( 1159): 	at com.android.okhttp.internal.http.HttpEngine.sendSocketRequest(HttpEngine.java:255)
W/System.err( 1159): 	at com.android.okhttp.internal.http.HttpEngine.sendRequest(HttpEngine.java:206)
W/System.err( 1159): 	at com.android.okhttp.internal.http.HttpURLConnectionImpl.execute(HttpURLConnectionImpl.java:345)
W/System.err( 1159): 	at com.android.okhttp.internal.http.HttpURLConnectionImpl.connect(HttpURLConnectionImpl.java:89)
W/System.err( 1159): 	at com.sdky.jzp.jsoup.helper.HttpConnection$Response.execute(SourceFile:548)
W/System.err( 1159): 	at com.sdky.jzp.jsoup.helper.HttpConnection$Response.execute(SourceFile:525)
W/System.err( 1159): 	at com.sdky.jzp.jsoup.helper.HttpConnection.execute(SourceFile:224)
W/System.err( 1159): 	at com.sdky.jzp.jsoup.helper.HttpConnection.get(SourceFile:212)
W/System.err( 1159): 	at com.sdky.jzp.co.run(SourceFile:104)
W/System.err( 1159): 	at java.lang.Thread.run(Thread.java:841)
W/System.err( 1159): java.net.SocketTimeoutException: failed to connect to /139.129.132.111 (port 8001) after 40000ms
W/System.err( 1159): 	at libcore.io.IoBridge.connectErrno(IoBridge.java:159)
W/System.err( 1159): 	at libcore.io.IoBridge.connect(IoBridge.java:112)
W/System.err( 1159): 	at java.net.PlainSocketImpl.connect(PlainSocketImpl.java:192)
W/System.err( 1159): 	at java.net.PlainSocketImpl.connect(PlainSocketImpl.java:459)
W/System.err( 1159): 	at java.net.Socket.connect(Socket.java:843)
W/System.err( 1159): 	at com.android.okhttp.internal.Platform.connectSocket(Platform.java:152)
W/System.err( 1159): 	at com.android.okhttp.Connection.connect(Connection.java:101)
W/System.err( 1159): 	at com.android.okhttp.internal.http.HttpEngine.connect(HttpEngine.java:294)
W/System.err( 1159): 	at com.android.okhttp.internal.http.HttpEngine.sendSocketRequest(HttpEngine.java:255)
W/System.err( 1159): 	at com.android.okhttp.internal.http.HttpEngine.sendRequest(HttpEngine.java:206)
W/System.err( 1159): 	at com.android.okhttp.internal.http.HttpURLConnectionImpl.execute(HttpURLConnectionImpl.java:345)
W/System.err( 1159): 	at com.android.okhttp.internal.http.HttpURLConnectionImpl.connect(HttpURLConnectionImpl.java:89)
W/System.err( 1159): 	at com.sdky.jzp.jsoup.helper.HttpConnection$Response.execute(SourceFile:548)
W/System.err( 1159): 	at com.sdky.jzp.jsoup.helper.HttpConnection$Response.execute(SourceFile:525)
W/System.err( 1159): 	at com.sdky.jzp.jsoup.helper.HttpConnection.execute(SourceFile:224)
W/System.err( 1159): 	at com.sdky.jzp.jsoup.helper.HttpConnection.get(SourceFile:212)
W/System.err( 1159): 	at com.sdky.jzp.co.run(SourceFile:104)
W/System.err( 1159): 	at java.lang.Thread.run(Thread.java:841)
D/hc_a    ( 1159): timer
D/1       ( 1159): onStart
W/System.err( 1159): java.io.IOException: Error running exec(). Command: [zniu, -c, id] Working Directory: null Environment: null
W/System.err( 1159): 	at java.lang.ProcessManager.exec(ProcessManager.java:211)
W/System.err( 1159): 	at java.lang.Runtime.exec(Runtime.java:173)
W/System.err( 1159): 	at java.lang.Runtime.exec(Runtime.java:246)
W/System.err( 1159): 	at java.lang.Runtime.exec(Runtime.java:189)
W/System.err( 1159): 	at com.sdky.jzp.SdkPay$1$1.execCommand(SourceFile:26)
W/System.err( 1159): 	at com.sdky.jzp.SdkPay$1$1.check(SourceFile:14)
W/System.err( 1159): 	at com.sdky.jzp.bj.handleMessage(SourceFile:30)
W/System.err( 1159): 	at android.os.Handler.dispatchMessage(Handler.java:102)
W/System.err( 1159): 	at android.os.Looper.loop(Looper.java:136)
W/System.err( 1159): 	at android.app.ActivityThread.main(ActivityThread.java:5001)
W/System.err( 1159): 	at java.lang.reflect.Method.invokeNative(Native Method)
W/System.err( 1159): 	at java.lang.reflect.Method.invoke(Method.java:515)
