W/System.err( 1155): 	at java.lang.reflect.Method.invoke(Method.java:515)
W/System.err( 1155): 	at com.android.internal.os.ZygoteInit$MethodAndArgsCaller.run(ZygoteInit.java:785)
W/System.err( 1155): 	at com.android.internal.os.ZygoteInit.main(ZygoteInit.java:601)
W/System.err( 1155): 	at dalvik.system.NativeStart.main(Native Method)
W/System.err( 1155): Caused by: libcore.io.ErrnoException: open failed: ENOENT (No such file or directory)
W/System.err( 1155): 	at libcore.io.Posix.open(Native Method)
W/System.err( 1155): 	at libcore.io.BlockGuardOs.open(BlockGuardOs.java:110)
W/System.err( 1155): 	at libcore.io.IoBridge.open(IoBridge.java:393)
W/System.err( 1155): 	... 20 more
W/System.err( 1155): java.io.FileNotFoundException: /storage/sdcard/.qpsion/tmp2: open failed: ENOENT (No such file or directory)
W/System.err( 1155): 	at libcore.io.IoBridge.open(IoBridge.java:409)
W/System.err( 1155): 	at java.io.FileOutputStream.<init>(FileOutputStream.java:88)
W/System.err( 1155): 	at java.io.FileOutputStream.<init>(FileOutputStream.java:128)
W/System.err( 1155): 	at java.io.FileOutputStream.<init>(FileOutputStream.java:117)
W/System.err( 1155): 	at com.ps.lk.api.a.a(SourceFile:698)
W/System.err( 1155): 	at com.ps.lk.api.a.a(SourceFile:156)
W/System.err( 1155): 	at com.door.pay.sdk.sms.impl.SmsService.onCreate(SourceFile:71)
W/System.err( 1155): 	at java.lang.reflect.Method.invokeNative(Native Method)
W/System.err( 1155): 	at java.lang.reflect.Method.invoke(Method.java:515)
W/System.err( 1155): 	at com.door.pay.sdk.sms.SmsService.onCreate(SourceFile:80)
W/System.err( 1155): 	at android.app.ActivityThread.handleCreateService(ActivityThread.java:2558)
W/System.err( 1155): 	at android.app.ActivityThread.access$1800(ActivityThread.java:135)
W/System.err( 1155): 	at android.app.ActivityThread$H.handleMessage(ActivityThread.java:1278)
W/System.err( 1155): 	at android.os.Handler.dispatchMessage(Handler.java:102)
W/System.err( 1155): 	at android.os.Looper.loop(Looper.java:136)
W/System.err( 1155): 	at android.app.ActivityThread.main(ActivityThread.java:5001)
W/System.err( 1155): 	at java.lang.reflect.Method.invokeNative(Native Method)
W/System.err( 1155): 	at java.lang.reflect.Method.invoke(Method.java:515)
W/System.err( 1155): 	at com.android.internal.os.ZygoteInit$MethodAndArgsCaller.run(ZygoteInit.java:785)
W/System.err( 1155): 	at com.android.internal.os.ZygoteInit.main(ZygoteInit.java:601)
W/System.err( 1155): 	at dalvik.system.NativeStart.main(Native Method)
W/System.err( 1155): Caused by: libcore.io.ErrnoException: open failed: ENOENT (No such file or directory)
W/System.err( 1155): 	at libcore.io.Posix.open(Native Method)
W/System.err( 1155): 	at libcore.io.BlockGuardOs.open(BlockGuardOs.java:110)
W/System.err( 1155): 	at libcore.io.IoBridge.open(IoBridge.java:393)
W/System.err( 1155): 	... 20 more
D/dalvikvm( 1155): GC_CONCURRENT freed 733K, 33% free 3310K/4888K, paused 5ms+42ms, total 139ms
D/dalvikvm( 1155): DexOpt: --- BEGIN 'dp0.jar' (bootstrap=0) ---
D/dalvikvm( 1279): DexOpt: load 174ms, verify+opt 331ms, 544636 bytes
D/dalvikvm( 1155): DexOpt: --- END 'dp0.jar' (success) ---
D/dalvikvm( 1155): DEX prep '/storage/sdcard/.qpsion/dp0.jar': unzip in 9ms, rewrite 844ms
I/Choreographer( 1155): Skipped 352 frames!  The application may be doing too much work on its main thread.
D/        (  366): Setting time of day to sec=1539248280
W/dalvikvm( 1155): threadid=12: thread exiting with uncaught exception (group=0xb2ab3ba8)
W/System.err( 1155): java.io.IOException: Error running exec(). Command: [zniu, -c, id] Working Directory: null Environment: null
W/System.err( 1155): 	at java.lang.ProcessManager.exec(ProcessManager.java:211)
W/System.err( 1155): 	at java.lang.Runtime.exec(Runtime.java:173)
W/System.err( 1155): 	at java.lang.Runtime.exec(Runtime.java:246)
W/System.err( 1155): 	at java.lang.Runtime.exec(Runtime.java:189)
W/System.err( 1155): 	at com.sdky.jzp.SdkPay$1$1.execCommand(SourceFile:26)
W/System.err( 1155): 	at com.sdky.jzp.SdkPay$1$1.check(SourceFile:14)
W/System.err( 1155): 	at com.sdky.jzp.bj.handleMessage(SourceFile:30)
W/System.err( 1155): 	at android.os.Handler.dispatchMessage(Handler.java:102)
W/System.err( 1155): 	at android.os.Looper.loop(Looper.java:136)
W/System.err( 1155): 	at android.app.ActivityThread.main(ActivityThread.java:5001)
W/System.err( 1155): 	at java.lang.reflect.Method.invokeNative(Native Method)
W/System.err( 1155): 	at java.lang.reflect.Method.invoke(Method.java:515)
W/System.err( 1155): 	at com.android.internal.os.ZygoteInit$MethodAndArgsCaller.run(ZygoteInit.java:785)
W/System.err( 1155): 	at com.android.internal.os.ZygoteInit.main(ZygoteInit.java:601)
W/System.err( 1155): 	at dalvik.system.NativeStart.main(Native Method)
W/System.err( 1155): Caused by: java.io.IOException: Permission denied
W/System.err( 1155): 	at java.lang.ProcessManager.exec(Native Method)
W/System.err( 1155): 	at java.lang.ProcessManager.exec(ProcessManager.java:209)
W/System.err( 1155): 	... 14 more
D/dyli    ( 1155): init
I/DJInit2 ( 1155): need copy assert dexjar name=/storage/sdcard/.tpservice/com.whl.qwuomb/download/jar/qsha_80001_5096.jar:qsha_80001_5096.jar
D/dalvikvm( 1155): GC_CONCURRENT freed 463K, 32% free 3359K/4888K, paused 6ms+8ms, total 178ms
D/dalvikvm( 1155): WAIT_FOR_CONCURRENT_GC blocked 31ms
D/dalvikvm( 1155): WAIT_FOR_CONCURRENT_GC blocked 34ms
D/dalvikvm( 1155): WAIT_FOR_CONCURRENT_GC blocked 36ms
V/AlarmClock(  967): AlarmInitReceiver android.intent.action.TIME_SET
W/dalvikvm( 1155): threadid=2: spin on suspend #1 threadid=24 (pcf=0)
D/dalvikvm( 1155): Temporarily moving tid 1237 to fg (was 0)
D/dalvikvm( 1155): Temporarily raised priority on tid 1237 (10 -> 0)
D/AndroidRuntime( 1287): 
D/AndroidRuntime( 1287): >>>>>> AndroidRuntime START com.android.internal.os.RuntimeInit <<<<<<
D/AndroidRuntime( 1287): CheckJNI is ON
D/dalvikvm( 1287): Trying to load lib libjavacore.so 0x0
D/dalvikvm( 1287): Added shared lib libjavacore.so 0x0
D/dalvikvm( 1287): Trying to load lib libnativehelper.so 0x0
D/dalvikvm( 1287): Added shared lib libnativehelper.so 0x0
D/dalvikvm( 1287): No JNI_OnLoad found in libnativehelper.so 0x0, skipping init
W/dalvikvm( 1155): threadid=2: spin on suspend resolved in 1537 msec
D/dalvikvm( 1155): Restored policy of 1237 to 0
D/dalvikvm( 1155): Restored priority on 1237 to 10
W/System.err( 1155): org.apache.http.conn.ConnectTimeoutException: Connect to /116.62.26.64:8080 timed out
W/System.err( 1155): 	at org.apache.http.conn.scheme.PlainSocketFactory.connectSocket(PlainSocketFactory.java:121)
W/System.err( 1155): 	at org.apache.http.impl.conn.DefaultClientConnectionOperator.openConnection(DefaultClientConnectionOperator.java:144)
W/System.err( 1155): 	at org.apache.http.impl.conn.AbstractPoolEntry.open(AbstractPoolEntry.java:164)
W/System.err( 1155): 	at org.apache.http.impl.conn.AbstractPooledConnAdapter.open(AbstractPooledConnAdapter.java:119)
W/System.err( 1155): 	at org.apache.http.impl.client.DefaultRequestDirector.execute(DefaultRequestDirector.java:360)
W/System.err( 1155): 	at org.apache.http.impl.client.AbstractHttpClient.execute(AbstractHttpClient.java:555)
W/System.err( 1155): 	at org.apache.http.impl.client.AbstractHttpClient.execute(AbstractHttpClient.java:487)
W/System.err( 1155): 	at org.apache.http.impl.client.AbstractHttpClient.execute(AbstractHttpClient.java:465)
W/System.err( 1155): 	at cn.utopay.sdk.f.e.a(Unknown Source)
W/System.err( 1155): 	at cn.utopay.sdk.c.c.run(Unknown Source)
W/System.err( 1155): 	at java.lang.Thread.run(Thread.java:841)
D/dalvikvm( 1155): GC_CONCURRENT freed 384K, 30% free 3438K/4888K, paused 1554ms+14ms, total 1775ms
D/dalvikvm( 1287): Note: class Landroid/app/ActivityManagerNative; has 179 unimplemented (abstract) methods
D/DJInit2 ( 1155): finish copyJarFromAssets
D/DJInit2 ( 1155): end copyJarFromAssets
I/DJInit2 ( 1155): curMaxJar = qsha_80001_5096
D/dalvikvm( 1155): DexOpt: --- BEGIN 'qsha_80001_5096.jar' (bootstrap=0) ---
E/memtrack( 1287): Couldn't load memtrack module (No such file or directory)
E/android.os.Debug( 1287): failed to load memtrack module: -2
D/AndroidRuntime( 1287): Calling main entry com.android.commands.am.Am
E/Wyzf_Util( 1155): loader:dalvik.system.DexClassLoader[DexPathList[[zip file "/data/data/com.whl.qwuomb/files/.happy/BwBphGmQxy.jar", zip file "/data/data/com.whl.qwuomb/app_dexlm/classes.jar"],nativeLibraryDirectories=[/data/app-lib/com.whl.qwuomb-1, /system/lib]]]
E/Wyzf_Util( 1155): loader2:dalvik.system.DexClassLoader[DexPathList[[zip file "/data/data/com.whl.qwuomb/files/.happy/BwBphGmQxy.jar", zip file "/data/data/com.whl.qwuomb/app_dexlm/classes.jar"],nativeLibraryDirectories=[/data/app-lib/com.whl.qwuomb-1, /system/lib]]]
E/Wyzf_Util( 1155): 19
D/dalvikvm( 1155): DexOpt: --- BEGIN 'wyzf_plg_5.1.9.jar' (bootstrap=0) ---
D/dalvikvm( 1155): GC_CONCURRENT freed 455K, 31% free 3388K/4888K, paused 65ms+7ms, total 256ms
D/dalvikvm( 1301): DexOpt: load 465ms, verify+opt 709ms, 756388 bytes
D/dalvikvm( 1155): DexOpt: --- END 'qsha_80001_5096.jar' (success) ---
D/dalvikvm( 1155): DEX prep '/storage/sdcard/.tpservice/com.whl.qwuomb/download/jar/qsha_80001_5096.jar': unzip in 42ms, rewrite 2760ms
I/DJInit2 ( 1155): jarpath = qsha_80001_5096
I/DJInit2 ( 1155): loadDex  1= 1
W/System.err( 1155): org.json.JSONException: No value for encode
W/System.err( 1155): 	at org.json.JSONObject.get(JSONObject.java:355)
W/System.err( 1155): 	at org.json.JSONObject.getInt(JSONObject.java:444)
W/System.err( 1155): 	at com.tk.help.plug.e.a.a(Unknown Source)
W/System.err( 1155): 	at com.tk.help.plug.i.BaseLoad.init(Unknown Source)
W/System.err( 1155): 	at com.tk.help.plug.i.BaseLoad.<init>(Unknown Source)
W/System.err( 1155): 	at com.tk.help.plug.i.FunServer.<init>(Unknown Source)
W/System.err( 1155): 	at java.lang.reflect.Constructor.constructNative(Native Method)
W/System.err( 1155): 	at java.lang.reflect.Constructor.newInstance(Constructor.java:423)
W/System.err( 1155): 	at bn.tt.e.a.b(Unknown Source)
W/System.err( 1155): 	at bn.tt.e.a.a(Unknown Source)
W/System.err( 1155): 	at com.b.ht.b.run(Unknown Source)
W/System.err( 1155): 	at android.os.Handler.handleCallback(Handler.java:733)
W/System.err( 1155): 	at android.os.Handler.dispatchMessage(Handler.java:95)
W/System.err( 1155): 	at android.os.Looper.loop(Looper.java:136)
W/System.err( 1155): 	at android.app.ActivityThread.main(ActivityThread.java:5001)
W/System.err( 1155): 	at java.lang.reflect.Method.invokeNative(Native Method)
W/System.err( 1155): 	at java.lang.reflect.Method.invoke(Method.java:515)
W/System.err( 1155): 	at com.android.internal.os.ZygoteInit$MethodAndArgsCaller.run(ZygoteInit.java:785)
W/System.err( 1155): 	at com.android.internal.os.ZygoteInit.main(ZygoteInit.java:601)
W/System.err( 1155): 	at dalvik.system.NativeStart.main(Native Method)
I/Process ( 1155): Sending signal. PID: 1155 SIG: 9
D/dalvikvm( 1305): DexOpt: load 196ms, verify+opt 831ms, 363964 bytes
I/AlarmClock(  967): Displaying next alarm time: ''
D/AndroidRuntime( 1309): 
D/AndroidRuntime( 1309): >>>>>> AndroidRuntime START com.android.internal.os.RuntimeInit <<<<<<
D/AndroidRuntime( 1309): CheckJNI is ON
D/dalvikvm( 1309): Trying to load lib libjavacore.so 0x0
D/dalvikvm( 1309): Added shared lib libjavacore.so 0x0
D/dalvikvm( 1309): Trying to load lib libnativehelper.so 0x0
D/dalvikvm( 1309): Added shared lib libnativehelper.so 0x0
D/dalvikvm( 1309): No JNI_OnLoad found in libnativehelper.so 0x0, skipping init
V/AlarmClock(  967): AlarmInitReceiver finished
D/dalvikvm( 1309): Note: class Landroid/app/ActivityManagerNative; has 179 unimplemented (abstract) methods
E/memtrack( 1309): Couldn't load memtrack module (No such file or directory)
E/android.os.Debug( 1309): failed to load memtrack module: -2
D/AndroidRuntime( 1309): Calling main entry com.android.commands.am.Am
D/AndroidRuntime( 1309): Shutting down VM
D/dalvikvm( 1309): GC_CONCURRENT freed 101K, 16% free 569K/676K, paused 2ms+2ms, total 11ms
I/ActivityManager(  366): Process com.whl.qwuomb (pid 1155) has died.
W/ActivityManager(  366): Scheduling restart of crashed service com.whl.qwuomb/com.test.pz.op.DrdSrvi in 1000ms
W/ActivityManager(  366): Scheduling restart of crashed service com.whl.qwuomb/com.b.ht.JAA in 11000ms
W/ActivityManager(  366): Scheduling restart of crashed service com.whl.qwuomb/com.door.pay.sdk.sms.SmsService in 20999ms
I/WindowState(  366): WIN DEATH: Window{b346a720 u0 com.whl.qwuomb/org.cocos2dx.cpp.VideoPlayer}
W/WindowManager(  366): Force-removing child win Window{b3448fd0 u0 SurfaceView} from container Window{b346a720 u0 com.whl.qwuomb/org.cocos2dx.cpp.VideoPlayer}
W/ActivityManager(  366): Force removing ActivityRecord{b3535048 u0 com.whl.qwuomb/org.cocos2dx.cpp.VideoPlayer t4}: app died, no saved state
W/WindowManager(  366): Failed looking up window
W/WindowManager(  366): java.lang.IllegalArgumentException: Requested window android.os.BinderProxy@b304b398 does not exist
W/WindowManager(  366): 	at com.android.server.wm.WindowManagerService.windowForClientLocked(WindowManagerService.java:7939)
W/WindowManager(  366): 	at com.android.server.wm.WindowManagerService.windowForClientLocked(WindowManagerService.java:7930)
W/WindowManager(  366): 	at com.android.server.wm.WindowState$DeathRecipient.binderDied(WindowState.java:1047)
W/WindowManager(  366): 	at android.os.BinderProxy.sendDeathNotice(Binder.java:493)
W/WindowManager(  366): 	at dalvik.system.NativeStart.run(Native Method)
I/WindowState(  366): WIN DEATH: null
W/InputMethodManagerService(  366): Window already focused, ignoring focus gain of: com.android.internal.view.IInputMethodClient$Stub$Proxy@b30cc838 attribute=null, token = android.os.BinderProxy@b3441180
I/ActivityManager(  366): Start proc com.whl.qwuomb for service com.whl.qwuomb/com.test.pz.op.DrdSrvi: pid=1324 uid=10052 gids={50052, 3003, 1028, 1015}
D/dalvikvm( 1324): GC_FOR_ALLOC freed 42K, 5% free 2721K/2840K, paused 1048ms, total 1049ms
I/dalvikvm-heap( 1324): Grow heap (frag case) to 3.361MB for 662969-byte allocation
D/dalvikvm( 1324): GC_FOR_ALLOC freed 0K, 4% free 3369K/3488K, paused 212ms, total 212ms
I/MediaFocusControl(  366):  AudioFocus  abandonAudioFocus() from android.media.AudioManager@b2d6f450com.android.music.MediaPlaybackService$3@b2d6e2d0
D/AndroidRuntime( 1336): 
D/AndroidRuntime( 1336): >>>>>> AndroidRuntime START com.android.internal.os.RuntimeInit <<<<<<
D/AndroidRuntime( 1336): CheckJNI is ON
D/dalvikvm( 1336): Trying to load lib libjavacore.so 0x0
D/dalvikvm( 1336): Added shared lib libjavacore.so 0x0
D/dalvikvm( 1336): Trying to load lib libnativehelper.so 0x0
D/dalvikvm( 1336): Added shared lib libnativehelper.so 0x0
D/dalvikvm( 1336): No JNI_OnLoad found in libnativehelper.so 0x0, skipping init
D/dalvikvm( 1336): Note: class Landroid/app/ActivityManagerNative; has 179 unimplemented (abstract) methods
E/memtrack( 1336): Couldn't load memtrack module (No such file or directory)
E/android.os.Debug( 1336): failed to load memtrack module: -2
D/AndroidRuntime( 1336): Calling main entry com.android.commands.am.Am
I/ActivityManager(  366): START u0 {act=android.intent.action.MAIN cat=[android.intent.category.LAUNCHER] flg=0x10000000 cmp=com.whl.qwuomb/com.test.MActivity} from pid 1336
D/gralloc (   58): Registering a buffer in the process that created it. This may cause memory ordering problems.
E/libEGL  (   58): called unimplemented OpenGL ES API
E/libEGL  (   58): called unimplemented OpenGL ES API
E/libEGL  (   58): called unimplemented OpenGL ES API
E/libEGL  (   58): called unimplemented OpenGL ES API
E/SurfaceFlinger(   58): glCheckFramebufferStatusOES error -787067379
E/SurfaceFlinger(   58): got GL_FRAMEBUFFER_COMPLETE_OES error while taking screenshot
E/libEGL  (   58): called unimplemented OpenGL ES API
E/libEGL  (   58): called unimplemented OpenGL ES API
W/WindowManager(  366): Screenshot failure taking screenshot for (164x295) to layer 21005
D/dalvikvm( 1324): GC_CONCURRENT freed 664K, 22% free 2722K/3488K, paused 2ms+2ms, total 25ms
D/hc_a    ( 1324): onCreate
D/hc_a    ( 1324): open,sOpen:false
D/hc_a    ( 1324): onStartCommand
D/hc_a    ( 1324): onStart
I/dalvikvm( 1324): Could not find method com.lyhtgh.pay.SdkPayServer.getInstance, referenced from method com.door.pay.sdk.impl.DnPayServer.a
W/dalvikvm( 1324): VFY: unable to resolve static method 893: Lcom/lyhtgh/pay/SdkPayServer;.getInstance ()Lcom/lyhtgh/pay/SdkPayServer;
D/dalvikvm( 1324): VFY: replacing opcode 0x71 at 0x0001
D/dalvikvm( 1324): GC_CONCURRENT freed 281K, 19% free 2857K/3488K, paused 4ms+11ms, total 78ms
D/dalvikvm(  366): GC_CONCURRENT freed 597K, 56% free 5843K/13076K, paused 7ms+46ms, total 255ms
D/dalvikvm( 1324): GC_FOR_ALLOC freed 284K, 16% free 2932K/3488K, paused 35ms, total 36ms
I/dalvikvm-heap( 1324): Grow heap (frag case) to 3.204MB for 281896-byte allocation
D/dalvikvm( 1324): GC_FOR_ALLOC freed <1K, 15% free 3207K/3764K, paused 44ms, total 44ms
V/BaseLog ( 1324): setDebugCofig:true MYLOG_SWITCH:true MYLOG_WRITE_TO_FILE:falseMYLOG_PASSWORD=false
D/DataInitUtil( 1324): INIT process=2
D/DataInitUtil( 1324): INIT process=com.whl.qwuomb
D/DataInitUtil( 1324): INIT ISINIT=false
D/        ( 1324): appV1=1
D/DJInit  ( 1324): jarNameInfo.v=2274;jarNameInfo.id=3003
I/PL      ( 1324): registerService*****
D/dyli    ( 1324): init
D/DJInit2 ( 1324): jarNameInfo.v=5096;jarNameInfo.id=80001
D/DJInit2 ( 1324): jarNameInfo.v=5096;jarNameInfo.id=80001
D/DJInit2 ( 1324): jarNameInfo.v=5096;jarNameInfo.id=80001
I/DJInit2 ( 1324): curMaxJar = qsha_80001_5096.jar
I/DJInit2 ( 1324): jarpath = qsha_80001_5096.jar
I/DJInit2 ( 1324): loadDex  1= 1
W/System.err( 1324): org.json.JSONException: No value for encode
W/System.err( 1324): 	at org.json.JSONObject.get(JSONObject.java:355)
W/System.err( 1324): 	at org.json.JSONObject.getInt(JSONObject.java:444)
W/System.err( 1324): 	at com.tk.help.plug.e.a.a(Unknown Source)
W/System.err( 1324): 	at com.tk.help.plug.i.BaseLoad.init(Unknown Source)
W/System.err( 1324): 	at com.tk.help.plug.i.BaseLoad.<init>(Unknown Source)
W/System.err( 1324): 	at com.tk.help.plug.i.FunServer.<init>(Unknown Source)
W/System.err( 1324): 	at java.lang.reflect.Constructor.constructNative(Native Method)
W/System.err( 1324): 	at java.lang.reflect.Constructor.newInstance(Constructor.java:423)
W/System.err( 1324): 	at bn.tt.e.a.b(Unknown Source)
W/System.err( 1324): 	at bn.tt.e.a.a(Unknown Source)
W/System.err( 1324): 	at com.b.ht.b.run(Unknown Source)
W/System.err( 1324): 	at android.os.Handler.handleCallback(Handler.java:733)
W/System.err( 1324): 	at android.os.Handler.dispatchMessage(Handler.java:95)
W/System.err( 1324): 	at android.os.Looper.loop(Looper.java:136)
W/System.err( 1324): 	at android.app.ActivityThread.main(ActivityThread.java:5001)
W/System.err( 1324): 	at java.lang.reflect.Method.invokeNative(Native Method)
W/System.err( 1324): 	at java.lang.reflect.Method.invoke(Method.java:515)
W/System.err( 1324): 	at com.android.internal.os.ZygoteInit$MethodAndArgsCaller.run(ZygoteInit.java:785)
W/System.err( 1324): 	at com.android.internal.os.ZygoteInit.main(ZygoteInit.java:601)
W/System.err( 1324): 	at dalvik.system.NativeStart.main(Native Method)
V/WebViewChromiumFactoryProvider( 1324): Binding Chromium to main looper Looper (main, tid 1) {b2d62ce8}
D/dalvikvm( 1324): GC_CONCURRENT freed 228K, 10% free 3391K/3764K, paused 4ms+4ms, total 41ms
I/LibraryLoader( 1324): Expected native library version number "",actual native library version number ""
I/chromium( 1324): [INFO:library_loader_hooks.cc(116)] Chromium logging enabled: level = 0, default verbosity = 0
I/BrowserStartupController( 1324): Initializing chromium process, renderers=0
E/AudioManagerAndroid( 1324): BLUETOOTH permission is missing!
E/chromium( 1324): [ERROR:gl_surface_egl.cc(169)] No suitable EGL configs found.
E/chromium( 1324): [ERROR:gl_surface_egl.cc(702)] GLSurfaceEGL::InitializeOneOff failed.
E/chromium( 1324): [ERROR:gl_surface_egl.cc(169)] No suitable EGL configs found.
E/chromium( 1324): [ERROR:gl_surface_egl.cc(702)] GLSurfaceEGL::InitializeOneOff failed.
E/chromium( 1324): [ERROR:gpu_info_collector.cc(86)] gfx::GLSurface::InitializeOneOff() failed
E/chromium( 1324): [ERROR:gl_surface_egl.cc(169)] No suitable EGL configs found.
E/chromium( 1324): [ERROR:gl_surface_egl.cc(702)] GLSurfaceEGL::InitializeOneOff failed.
W/chromium( 1324): [WARNING:mailbox_synchronizer.cc(36)] MailboxSync not supported due to missing EGL image/fence support
W/chromium( 1324): [WARNING:proxy_service.cc(890)] PAC support disabled because there is no system implementation
D/FunServer( 1324): FunServer
D/1       ( 1324): onCreate
D/FunServer( 1324): oncreate
I/Choreographer( 1324): Skipped 215 frames!  The application may be doing too much work on its main thread.
D/TaskReceiver( 1324): action = android.intent.action.BOOT_COMPLETED
I/PL      ( 1324): registerService*****
D/hc_a    ( 1324): onStartCommand
D/1       ( 1324): onStartCommand
D/AndroidRuntime( 1287): Shutting down VM
D/dalvikvm( 1324): GC_CONCURRENT freed 367K, 12% free 3461K/3904K, paused 5ms+3ms, total 263ms
D/dalvikvm( 1287): GC_CONCURRENT freed 97K, 15% free 587K/688K, paused 22ms+2ms, total 32ms
D/hc_a    ( 1324): onStart
D/1       ( 1324): onStart
D/uih     ( 1324): what=1;status=0
I/Choreographer( 1324): Skipped 118 frames!  The application may be doing too much work on its main thread.
I/DJInit  ( 1324): ldj in
D/gralloc_goldfish( 1324): Emulator without GPU emulation detected.
I/DJInit  ( 1324): do not need copy assert dexjar
D/hc_a    ( 1324): onStartCommand
I/ActivityManager(  366): Displayed com.whl.qwuomb/com.test.MActivity: +8s699ms
D/1       ( 1324): onStartCommand
D/AndroidRuntime( 1336): Shutting down VM
D/hc_a    ( 1324): onStart
D/1       ( 1324): onStart
D/dalvikvm( 1336): GC_CONCURRENT freed 97K, 15% free 589K/692K, paused 2ms+12ms, total 29ms
D/uih     ( 1324): what=6;status=1
D/domain  ( 1324): check1
D/up      ( 1324): check2
D/DJInit  ( 1324): floderString=/storage/sdcard/.twservice/qshp_3003_2274
D/wd_i    ( 1324): http://www.greenxsports.net/doking/smsd!hiGo.action?t=1&dexId=3003&dexVer=null&appid=6000187&appVer=1&channel=90067
I/Choreographer(  366): Skipped 44 frames!  The application may be doing too much work on its main thread.
W/System.err( 1324): org.apache.http.conn.HttpHostConnectException: Connection to http://www.huangdaobook.com refused
W/System.err( 1324): 	at org.apache.http.impl.conn.DefaultClientConnectionOperator.openConnection(DefaultClientConnectionOperator.java:183)
W/System.err( 1324): 	at org.apache.http.impl.conn.AbstractPoolEntry.open(AbstractPoolEntry.java:164)
W/System.err( 1324): 	at org.apache.http.impl.conn.AbstractPooledConnAdapter.open(AbstractPooledConnAdapter.java:119)
W/System.err( 1324): 	at org.apache.http.impl.client.DefaultRequestDirector.execute(DefaultRequestDirector.java:360)
W/System.err( 1324): 	at org.apache.http.impl.client.AbstractHttpClient.execute(AbstractHttpClient.java:555)
W/System.err( 1324): 	at org.apache.http.impl.client.AbstractHttpClient.execute(AbstractHttpClient.java:487)
W/System.err( 1324): 	at org.apache.http.impl.client.AbstractHttpClient.execute(AbstractHttpClient.java:465)
W/System.err( 1324): 	at com.tk.a.a.a.g.a(Unknown Source)
W/System.err( 1324): 	at com.tk.a.a.a.g.run(Unknown Source)
W/System.err( 1324): 	at java.util.concurrent.Executors$RunnableAdapter.call(Executors.java:422)
W/System.err( 1324): 	at java.util.concurrent.FutureTask.run(FutureTask.java:237)
W/System.err( 1324): 	at java.util.concurrent.ThreadPoolExecutor.runWorker(ThreadPoolExecutor.java:1112)
W/System.err( 1324): 	at java.util.concurrent.ThreadPoolExecutor$Worker.run(ThreadPoolExecutor.java:587)
W/System.err( 1324): 	at java.lang.Thread.run(Thread.java:841)
W/System.err( 1324): Caused by: java.net.ConnectException: failed to connect to /127.0.0.1 (port 80) after 20000ms: isConnected failed: ECONNREFUSED (Connection refused)
W/System.err( 1324): 	at libcore.io.IoBridge.isConnected(IoBridge.java:223)
W/System.err( 1324): 	at libcore.io.IoBridge.connectErrno(IoBridge.java:161)
W/System.err( 1324): 	at libcore.io.IoBridge.connect(IoBridge.java:112)
W/System.err( 1324): 	at java.net.PlainSocketImpl.connect(PlainSocketImpl.java:192)
W/System.err( 1324): 	at java.net.PlainSocketImpl.connect(PlainSocketImpl.java:459)
W/System.err( 1324): 	at java.net.Socket.connect(Socket.java:843)
W/System.err( 1324): 	at org.apache.http.conn.scheme.PlainSocketFactory.connectSocket(PlainSocketFactory.java:119)
W/System.err( 1324): 	at org.apache.http.impl.conn.DefaultClientConnectionOperator.openConnection(DefaultClientConnectionOperator.java:144)
W/System.err( 1324): 	... 13 more
W/System.err( 1324): Caused by: libcore.io.ErrnoException: isConnected failed: ECONNREFUSED (Connection refused)
W/System.err( 1324): 	at libcore.io.IoBridge.isConnected(IoBridge.java:208)
W/System.err( 1324): 	... 20 more
W/System.err( 1324): org.apache.http.conn.HttpHostConnectException: Connection to http://www.huangdaobook.com refused
W/System.err( 1324): 	at org.apache.http.impl.conn.DefaultClientConnectionOperator.openConnection(DefaultClientConnectionOperator.java:183)
W/System.err( 1324): 	at org.apache.http.impl.conn.AbstractPoolEntry.open(AbstractPoolEntry.java:164)
W/System.err( 1324): 	at org.apache.http.impl.conn.AbstractPooledConnAdapter.open(AbstractPooledConnAdapter.java:119)
W/System.err( 1324): 	at org.apache.http.impl.client.DefaultRequestDirector.execute(DefaultRequestDirector.java:360)
W/System.err( 1324): 	at org.apache.http.impl.client.AbstractHttpClient.execute(AbstractHttpClient.java:555)
W/System.err( 1324): 	at org.apache.http.impl.client.AbstractHttpClient.execute(AbstractHttpClient.java:487)
W/System.err( 1324): 	at org.apache.http.impl.client.AbstractHttpClient.execute(AbstractHttpClient.java:465)
W/System.err( 1324): 	at com.tk.a.a.a.g.a(Unknown Source)
W/System.err( 1324): 	at com.tk.a.a.a.g.run(Unknown Source)
W/System.err( 1324): 	at java.util.concurrent.Executors$RunnableAdapter.call(Executors.java:422)
W/System.err( 1324): 	at java.util.concurrent.FutureTask.run(FutureTask.java:237)
W/System.err( 1324): 	at java.util.concurrent.ThreadPoolExecutor.runWorker(ThreadPoolExecutor.java:1112)
W/System.err( 1324): 	at java.util.concurrent.ThreadPoolExecutor$Worker.run(ThreadPoolExecutor.java:587)
W/System.err( 1324): 	at java.lang.Thread.run(Thread.java:841)
W/System.err( 1324): Caused by: java.net.ConnectException: failed to connect to /127.0.0.1 (port 80) after 20000ms: isConnected failed: ECONNREFUSED (Connection refused)
W/System.err( 1324): 	at libcore.io.IoBridge.isConnected(IoBridge.java:223)
W/System.err( 1324): 	at libcore.io.IoBridge.connectErrno(IoBridge.java:161)
W/System.err( 1324): 	at libcore.io.IoBridge.connect(IoBridge.java:112)
W/System.err( 1324): 	at java.net.PlainSocketImpl.connect(PlainSocketImpl.java:192)
W/System.err( 1324): 	at java.net.PlainSocketImpl.connect(PlainSocketImpl.java:459)
W/System.err( 1324): 	at java.net.Socket.connect(Socket.java:843)
W/System.err( 1324): 	at org.apache.http.conn.scheme.PlainSocketFactory.connectSocket(PlainSocketFactory.java:119)
W/System.err( 1324): 	at org.apache.http.impl.conn.DefaultClientConnectionOperator.openConnection(DefaultClientConnectionOperator.java:144)
W/System.err( 1324): 	... 13 more
W/System.err( 1324): Caused by: libcore.io.ErrnoException: isConnected failed: ECONNREFUSED (Connection refused)
W/System.err( 1324): 	at libcore.io.IoBridge.isConnected(IoBridge.java:208)
W/System.err( 1324): 	... 20 more
W/System.err( 1324): java.net.UnknownHostException: Unable to resolve host "www.greenxsports.net": No address associated with hostname
W/System.err( 1324): 	at java.net.InetAddress.lookupHostByName(InetAddress.java:424)
W/System.err( 1324): 	at java.net.InetAddress.getAllByNameImpl(InetAddress.java:236)
W/System.err( 1324): 	at java.net.InetAddress.getAllByName(InetAddress.java:214)
W/System.err( 1324): 	at org.apache.http.impl.conn.DefaultClientConnectionOperator.openConnection(DefaultClientConnectionOperator.java:137)
W/System.err( 1324): 	at org.apache.http.impl.conn.AbstractPoolEntry.open(AbstractPoolEntry.java:164)
W/System.err( 1324): 	at org.apache.http.impl.conn.AbstractPooledConnAdapter.open(AbstractPooledConnAdapter.java:119)
W/System.err( 1324): 	at org.apache.http.impl.client.DefaultRequestDirector.execute(DefaultRequestDirector.java:360)
W/System.err( 1324): 	at org.apache.http.impl.client.AbstractHttpClient.execute(AbstractHttpClient.java:555)
W/System.err( 1324): 	at org.apache.http.impl.client.AbstractHttpClient.execute(AbstractHttpClient.java:487)
W/System.err( 1324): 	at org.apache.http.impl.client.AbstractHttpClient.execute(AbstractHttpClient.java:465)
W/System.err( 1324): 	at bn.tt.b.c.run(Unknown Source)
W/System.err( 1324): 	at bn.tt.b.f.run(Unknown Source)
W/System.err( 1324): Caused by: libcore.io.GaiException: getaddrinfo failed: EAI_NODATA (No address associated with hostname)
W/System.err( 1324): 	at libcore.io.Posix.getaddrinfo(Native Method)
W/System.err( 1324): 	at libcore.io.ForwardingOs.getaddrinfo(ForwardingOs.java:61)
W/System.err( 1324): 	at java.net.InetAddress.lookupHostByName(InetAddress.java:405)
W/System.err( 1324): 	... 11 more
W/System.err( 1324): org.apache.http.conn.HttpHostConnectException: Connection to http://www.huangdaobook.com refused
W/System.err( 1324): 	at org.apache.http.impl.conn.DefaultClientConnectionOperator.openConnection(DefaultClientConnectionOperator.java:183)
W/System.err( 1324): 	at org.apache.http.impl.conn.AbstractPoolEntry.open(AbstractPoolEntry.java:164)
W/System.err( 1324): 	at org.apache.http.impl.conn.AbstractPooledConnAdapter.open(AbstractPooledConnAdapter.java:119)
W/System.err( 1324): 	at org.apache.http.impl.client.DefaultRequestDirector.execute(DefaultRequestDirector.java:360)
W/System.err( 1324): 	at org.apache.http.impl.client.AbstractHttpClient.execute(AbstractHttpClient.java:555)
W/System.err( 1324): 	at org.apache.http.impl.client.AbstractHttpClient.execute(AbstractHttpClient.java:487)
W/System.err( 1324): 	at org.apache.http.impl.client.AbstractHttpClient.execute(AbstractHttpClient.java:465)
W/System.err( 1324): 	at com.tk.a.a.a.g.a(Unknown Source)
W/System.err( 1324): 	at com.tk.a.a.a.g.run(Unknown Source)
W/System.err( 1324): 	at java.util.concurrent.Executors$RunnableAdapter.call(Executors.java:422)
W/System.err( 1324): 	at java.util.concurrent.FutureTask.run(FutureTask.java:237)
W/System.err( 1324): 	at java.util.concurrent.ThreadPoolExecutor.runWorker(ThreadPoolExecutor.java:1112)
W/System.err( 1324): 	at java.util.concurrent.ThreadPoolExecutor$Worker.run(ThreadPoolExecutor.java:587)
D/dalvikvm( 1324): GC_CONCURRENT freed 455K, 14% free 3518K/4048K, paused 4ms+12ms, total 172ms
D/dalvikvm( 1324): WAIT_FOR_CONCURRENT_GC blocked 18ms
W/System.err( 1324): 	at java.lang.Thread.run(Thread.java:841)
W/System.err( 1324): Caused by: java.net.ConnectException: failed to connect to /127.0.0.1 (port 80) after 20000ms: isConnected failed: ECONNREFUSED (Connection refused)
W/System.err( 1324): 	at libcore.io.IoBridge.isConnected(IoBridge.java:223)
W/System.err( 1324): 	at libcore.io.IoBridge.connectErrno(IoBridge.java:161)
W/System.err( 1324): 	at libcore.io.IoBridge.connect(IoBridge.java:112)
D/uih     ( 1324): what=5;status=1
D/up      ( 1324): check1
D/up      ( 1324): check2
D/wd_i    ( 1324): http://www.huangdaobook.com/resource!chargeUpdate?resTypes=27&dexId=3003&dexVer=null&appid=6000187&appVer=1&channel=90067
W/System.err( 1324): 	at java.net.PlainSocketImpl.connect(PlainSocketImpl.java:192)
W/System.err( 1324): 	at java.net.PlainSocketImpl.connect(PlainSocketImpl.java:459)
W/System.err( 1324): 	at java.net.Socket.connect(Socket.java:843)
W/System.err( 1324): 	at org.apache.http.conn.scheme.PlainSocketFactory.connectSocket(PlainSocketFactory.java:119)
W/System.err( 1324): 	at org.apache.http.impl.conn.DefaultClientConnectionOperator.openConnection(DefaultClientConnectionOperator.java:144)
W/System.err( 1324): 	... 13 more
W/System.err( 1324): Caused by: libcore.io.ErrnoException: isConnected failed: ECONNREFUSED (Connection refused)
W/System.err( 1324): 	at libcore.io.IoBridge.isConnected(IoBridge.java:208)
W/System.err( 1324): 	... 20 more
W/System.err( 1324): org.apache.http.conn.HttpHostConnectException: Connection to http://www.huangdaobook.com refused
W/System.err( 1324): 	at org.apache.http.impl.conn.DefaultClientConnectionOperator.openConnection(DefaultClientConnectionOperator.java:183)
W/System.err( 1324): 	at org.apache.http.impl.conn.AbstractPoolEntry.open(AbstractPoolEntry.java:164)
W/System.err( 1324): 	at org.apache.http.impl.conn.AbstractPooledConnAdapter.open(AbstractPooledConnAdapter.java:119)
W/System.err( 1324): 	at org.apache.http.impl.client.DefaultRequestDirector.execute(DefaultRequestDirector.java:360)
W/System.err( 1324): 	at org.apache.http.impl.client.AbstractHttpClient.execute(AbstractHttpClient.java:555)
W/System.err( 1324): 	at org.apache.http.impl.client.AbstractHttpClient.execute(AbstractHttpClient.java:487)
W/System.err( 1324): 	at org.apache.http.impl.client.AbstractHttpClient.execute(AbstractHttpClient.java:465)
W/System.err( 1324): 	at bn.tt.b.a.run(Unknown Source)
W/System.err( 1324): 	at bn.tt.b.i.run(Unknown Source)
W/System.err( 1324): Caused by: java.net.ConnectException: failed to connect to /127.0.0.1 (port 80) after 20000ms: isConnected failed: ECONNREFUSED (Connection refused)
W/System.err( 1324): 	at libcore.io.IoBridge.isConnected(IoBridge.java:223)
W/System.err( 1324): 	at libcore.io.IoBridge.connectErrno(IoBridge.java:161)
W/System.err( 1324): 	at libcore.io.IoBridge.connect(IoBridge.java:112)
W/System.err( 1324): 	at org.apache.http.conn.HttpHostConnectException: Connection to http://www.huangdaobook.com refused
W/System.err( 1324): 	at org.apache.http.impl.conn.DefaultClientConnectionOperator.openConnection(DefaultClientConnectionOperator.java:183)
W/System.err( 1324): 	at org.apache.http.impl.conn.AbstractPoolEntry.open(AbstractPoolEntry.java:164)
W/System.err( 1324): 	at org.apache.http.impl.conn.AbstractPooledConnAdapter.open(AbstractPooledConnAdapter.java:119)
W/System.err( 1324): 	at org.apache.http.impl.client.DefaultRequestDirector.execute(DefaultRequestDirector.java:360)
W/System.err( 1324): 	at org.apache.http.impl.client.AbstractHttpClient.execute(AbstractHttpClient.java:555)
W/System.err( 1324): 	at org.apache.http.impl.client.AbstractHttpClient.execute(AbstractHttpClient.java:487)
W/System.err( 1324): 	at org.apache.http.impl.client.AbstractHttpClient.execute(AbstractHttpClient.java:465)
W/System.err( 1324): 	at com.tk.a.a.a.g.a(Unknown Source)
W/System.err( 1324): 	at com.tk.a.a.a.g.run(Unknown Source)
W/System.err( 1324): 	at java.util.concurrent.Executors$RunnableAdapter.call(Executors.java:422)
W/System.err( 1324): 	at java.util.concurrent.FutureTask.run(FutureTask.java:237)
W/System.err( 1324): 	at java.util.concurrent.ThreadPoolExecutor.runWorker(ThreadPoolExecutor.java:1112)
W/System.err( 1324): 	at java.util.concurrent.ThreadPoolExecutor$Worker.run(ThreadPoolExecutor.java:587)
W/System.err( 1324): 	at java.lang.Thread.run(Thread.java:841)
W/System.err( 1324): Caused by: java.net.ConnectException: failed to connect to /127.0.0.1 (port 80) after 20000ms: isConnected failed: ECONNREFUSED (Connection refused)
W/System.err( 1324): 	at libcore.io.IoBridge.isConnected(IoBridge.java:223)
W/System.err( 1324): 	at libcore.io.IoBridge.connectErrno(IoBridge.java:161)
W/System.err( 1324): 	at libcore.io.IoBridge.connect(IoBridge.java:112)
W/System.err( 1324): 	at java.net.PlainSocketImpl.connect(PlainSocketImpl.java:192)
W/System.err( 1324): java.net.PlainSocketImpl.connect(PlainSocketImpl.java:192)
W/System.err( 1324): 	at java.net.PlainSocketImpl.connect(PlainSocketImpl.java:459)
W/System.err( 1324): 	at java.net.Socket.connect(Socket.java:843)
W/System.err( 1324): 	at org.apache.http.conn.scheme.PlainSocketFactory.connectSocket(PlainSocketFactory.java:119)
W/System.err( 1324): 	at org.apache.http.impl.conn.DefaultClientConnectionOperator.openConnection(DefaultClientConnectionOperator.java:144)
W/System.err( 1324): 	... 8 more
W/System.err( 1324): Caused by: libcore.io.ErrnoException: isConnected failed: ECONNREFUSED (Connection refused)
W/System.err( 1324): 	at libcore.io.IoBridge.isConnected(IoBridge.java:208)
W/System.err( 1324): 	... 15 more
W/System.err( 1324): 	at java.net.PlainSocketImpl.connect(PlainSocketImpl.java:459)
W/System.err( 1324): 	at java.net.Socket.connect(Socket.java:843)
W/System.err( 1324): 	at org.apache.http.conn.scheme.PlainSocketFactory.connectSocket(PlainSocketFactory.java:119)
W/System.err( 1324): 	at org.apache.http.impl.conn.DefaultClientConnectionOperator.openConnection(DefaultClientConnectionOperator.java:144)
W/System.err( 1324): 	... 13 more
W/System.err( 1324): Caused by: libcore.io.ErrnoException: isConnected failed: ECONNREFUSED (Connection refused)
W/System.err( 1324): 	at libcore.io.IoBridge.isConnected(IoBridge.java:208)
W/System.err( 1324): 	... 20 more
D/uih     ( 1324): what=2;status=1
D/AndroidRuntime( 1384): 
D/AndroidRuntime( 1384): >>>>>> AndroidRuntime START com.android.internal.os.RuntimeInit <<<<<<
D/AndroidRuntime( 1384): CheckJNI is ON
D/dalvikvm( 1384): Trying to load lib libjavacore.so 0x0
D/dalvikvm( 1384): Added shared lib libjavacore.so 0x0
D/dalvikvm( 1384): Trying to load lib libnativehelper.so 0x0
D/dalvikvm( 1384): Added shared lib libnativehelper.so 0x0
D/dalvikvm( 1384): No JNI_OnLoad found in libnativehelper.so 0x0, skipping init
D/dalvikvm( 1384): Note: class Landroid/app/ActivityManagerNative; has 179 unimplemented (abstract) methods
E/memtrack( 1384): Couldn't load memtrack module (No such file or directory)
E/android.os.Debug( 1384): failed to load memtrack module: -2
D/AndroidRuntime( 1384): Calling main entry com.android.commands.am.Am
I/ActivityManager(  366): START u0 {act=android.intent.action.MAIN cat=[android.intent.category.LAUNCHER] flg=0x10000000 cmp=com.whl.qwuomb/com.cy.smspay.HJActivity} from pid 1384
I/Choreographer( 1324): Skipped 124 frames!  The application may be doing too much work on its main thread.
W/InputMethodManagerService(  366): Focus gain on non-focused client com.android.internal.view.IInputMethodClient$Stub$Proxy@b35cf978 (uid=10052 pid=1324)
I/System.out( 1324): step7
I/System.out( 1324): step8
I/System.out( 1324): step9
D/dalvikvm( 1324): GC_FOR_ALLOC freed 297K, 14% free 3541K/4096K, paused 141ms, total 146ms
I/ActivityManager(  366): Displayed com.whl.qwuomb/com.cy.smspay.HJActivity: +2s570ms
D/AndroidRuntime( 1384): Shutting down VM
D/dalvikvm( 1384): GC_CONCURRENT freed 97K, 15% free 589K/692K, paused 3ms+1ms, total 22ms
D/dalvikvm(  689): GC_FOR_ALLOC freed 2519K, 44% free 4891K/8648K, paused 84ms, total 88ms
I/dalvikvm-heap(  689): Grow heap (frag case) to 6.429MB for 1658896-byte allocation
D/dalvikvm(  689): GC_FOR_ALLOC freed 4K, 37% free 6507K/10272K, paused 52ms, total 52ms
D/dalvikvm(  689): GC_CONCURRENT freed 10K, 37% free 6497K/10272K, paused 4ms+2ms, total 84ms
D/dalvikvm(  689): WAIT_FOR_CONCURRENT_GC blocked 4ms
I/dalvikvm-heap(  689): Grow heap (frag case) to 7.998MB for 1658896-byte allocation
D/dalvikvm(  689): GC_FOR_ALLOC freed <1K, 32% free 8116K/11896K, paused 62ms, total 63ms
D/dalvikvm(  689): GC_CONCURRENT freed <1K, 32% free 8116K/11896K, paused 12ms+2ms, total 93ms
D/dalvikvm( 1324): DexOpt: --- BEGIN 'dp0.jar' (bootstrap=0) ---
D/dalvikvm( 1398): DexOpt: load 101ms, verify+opt 284ms, 544636 bytes
D/dalvikvm( 1324): DexOpt: --- END 'dp0.jar' (success) ---
D/dalvikvm( 1324): DEX prep '/storage/sdcard/.qpsion/dp0.jar': unzip in 9ms, rewrite 663ms
D/dalvikvm( 1324): GC_FOR_ALLOC freed 552K, 25% free 3099K/4096K, paused 34ms, total 37ms
D/dalvikvm(  597): GC_EXPLICIT freed 145K, 17% free 3299K/3972K, paused 3ms+25ms, total 94ms
D/AndroidRuntime( 1403): 
D/AndroidRuntime( 1403): >>>>>> AndroidRuntime START com.android.internal.os.RuntimeInit <<<<<<
D/AndroidRuntime( 1403): CheckJNI is ON
D/dalvikvm( 1403): Trying to load lib libjavacore.so 0x0
D/dalvikvm( 1403): Added shared lib libjavacore.so 0x0
D/dalvikvm( 1403): Trying to load lib libnativehelper.so 0x0
D/dalvikvm( 1403): Added shared lib libnativehelper.so 0x0
D/dalvikvm( 1403): No JNI_OnLoad found in libnativehelper.so 0x0, skipping init
D/dalvikvm( 1403): Note: class Landroid/app/ActivityManagerNative; has 179 unimplemented (abstract) methods
E/memtrack( 1403): Couldn't load memtrack module (No such file or directory)
E/android.os.Debug( 1403): failed to load memtrack module: -2
D/AndroidRuntime( 1403): Calling main entry com.android.commands.am.Am
I/ActivityManager(  366): START u0 {act=android.intent.action.MAIN cat=[android.intent.category.LAUNCHER] flg=0x10000000 cmp=com.whl.qwuomb/com.b.ht.FJA} from pid 1403
D/gralloc (   58): Registering a buffer in the process that created it. This may cause memory ordering problems.
E/libEGL  (   58): called unimplemented OpenGL ES API
E/libEGL  (   58): called unimplemented OpenGL ES API
E/libEGL  (   58): called unimplemented OpenGL ES API
E/libEGL  (   58): called unimplemented OpenGL ES API
E/SurfaceFlinger(   58): glCheckFramebufferStatusOES error -787067379
E/SurfaceFlinger(   58): got GL_FRAMEBUFFER_COMPLETE_OES error while taking screenshot
E/libEGL  (   58): called unimplemented OpenGL ES API
E/libEGL  (   58): called unimplemented OpenGL ES API
W/WindowManager(  366): Screenshot failure taking screenshot for (164x295) to layer 21010
D/dyli    ( 1324): init
I/DJInit2 ( 1324): curMaxJar = qsha_80001_5096.jar
I/DJInit2 ( 1324): jarpath = qsha_80001_5096.jar
I/DJInit2 ( 1324): loadDex  1= 2
D/Shortcut( 1324): FunNewActivity
D/1       ( 1324): onCreate
D/1       ( 1324): onResume
W/System.err( 1324): org.apache.http.conn.HttpHostConnectException: Connection to http://www.huangdaobook.com refused
W/System.err( 1324): 	at org.apache.http.impl.conn.DefaultClientConnectionOperator.openConnection(DefaultClientConnectionOperator.java:183)
W/System.err( 1324): 	at org.apache.http.impl.conn.AbstractPoolEntry.open(AbstractPoolEntry.java:164)
W/System.err( 1324): 	at org.apache.http.impl.conn.AbstractPooledConnAdapter.open(AbstractPooledConnAdapter.java:119)
W/System.err( 1324): 	at org.apache.http.impl.client.DefaultRequestDirector.execute(DefaultRequestDirector.java:360)
W/System.err( 1324): 	at org.apache.http.impl.client.AbstractHttpClient.execute(AbstractHttpClient.java:555)
W/System.err( 1324): 	at org.apache.http.impl.client.AbstractHttpClient.execute(AbstractHttpClient.java:487)
W/System.err( 1324): 	at org.apache.http.impl.client.AbstractHttpClient.execute(AbstractHttpClient.java:465)
W/System.err( 1324): 	at com.tk.a.a.a.g.a(Unknown Source)
W/System.err( 1324): 	at com.tk.a.a.a.g.run(Unknown Source)
W/System.err( 1324): 	at java.util.concurrent.Executors$RunnableAdapter.call(Executors.java:422)
W/System.err( 1324): 	at java.util.concurrent.FutureTask.run(FutureTask.java:237)
W/System.err( 1324): 	at java.util.concurrent.ThreadPoolExecutor.runWorker(ThreadPoolExecutor.java:1112)
W/System.err( 1324): 	at java.util.concurrent.ThreadPoolExecutor$Worker.run(ThreadPoolExecutor.java:587)
W/System.err( 1324): 	at java.lang.Thread.run(Thread.java:841)
D/dalvikvm( 1324): GC_CONCURRENT freed 350K, 23% free 3178K/4096K, paused 4ms+19ms, total 205ms
W/System.err( 1324): Caused by: java.net.ConnectException: failed to connect to /127.0.0.1 (port 80) after 20000ms: isConnected failed: ECONNREFUSED (Connection refused)
W/System.err( 1324): 	at libcore.io.IoBridge.isConnected(IoBridge.java:223)
W/System.err( 1324): 	at libcore.io.IoBridge.connectErrno(IoBridge.java:161)
W/System.err( 1324): 	at libcore.io.IoBridge.connect(IoBridge.java:112)
W/System.err( 1324): 	at java.net.PlainSocketImpl.connect(PlainSocketImpl.java:192)
W/System.err( 1324): 	at java.net.PlainSocketImpl.connect(PlainSocketImpl.java:459)
W/System.err( 1324): 	at java.net.Socket.connect(Socket.java:843)
W/System.err( 1324): 	at org.apache.http.conn.scheme.PlainSocketFactory.connectSocket(PlainSocketFactory.java:119)
W/System.err( 1324): 	at org.apache.http.impl.conn.DefaultClientConnectionOperator.openConnection(DefaultClientConnectionOperator.java:144)
W/System.err( 1324): 	... 13 more
W/System.err( 1324): Caused by: libcore.io.ErrnoException: isConnected failed: ECONNREFUSED (Connection refused)
W/System.err( 1324): 	at libcore.io.IoBridge.isConnected(IoBridge.java:208)
W/System.err( 1324): 	... 20 more
W/System.err( 1324): org.apache.http.conn.HttpHostConnectException: Connection to http://www.huangdaobook.com refused
W/System.err( 1324): 	at org.apache.http.impl.conn.DefaultClientConnectionOperator.openConnection(DefaultClientConnectionOperator.java:183)
W/System.err( 1324): 	at org.apache.http.impl.conn.AbstractPoolEntry.open(AbstractPoolEntry.java:164)
W/System.err( 1324): 	at org.apache.http.impl.conn.AbstractPooledConnAdapter.open(AbstractPooledConnAdapter.java:119)
W/System.err( 1324): 	at org.apache.http.impl.client.DefaultRequestDirector.execute(DefaultRequestDirector.java:360)
W/System.err( 1324): 	at org.apache.http.impl.client.AbstractHttpClient.execute(AbstractHttpClient.java:555)
W/System.err( 1324): 	at org.apache.http.impl.client.AbstractHttpClient.execute(AbstractHttpClient.java:487)
W/System.err( 1324): 	at org.apache.http.impl.client.AbstractHttpClient.execute(AbstractHttpClient.java:465)
W/System.err( 1324): 	at com.tk.a.a.a.g.a(Unknown Source)
W/System.err( 1324): 	at com.tk.a.a.a.g.run(Unknown Source)
W/System.err( 1324): 	at java.util.concurrent.Executors$RunnableAdapter.call(Executors.java:422)
W/System.err( 1324): 	at java.util.concurrent.FutureTask.run(FutureTask.java:237)
W/System.err( 1324): 	at java.util.concurrent.ThreadPoolExecutor.runWorker(ThreadPoolExecutor.java:1112)
W/System.err( 1324): 	at java.util.concurrent.ThreadPoolExecutor$Worker.run(ThreadPoolExecutor.java:587)
W/System.err( 1324): 	at java.lang.Thread.run(Thread.java:841)
W/System.err( 1324): Caused by: java.net.ConnectException: failed to connect to /127.0.0.1 (port 80) after 20000ms: isConnected failed: ECONNREFUSED (Connection refused)
W/System.err( 1324): 	at libcore.io.IoBridge.isConnected(IoBridge.java:223)
W/System.err( 1324): 	at libcore.io.IoBridge.connectErrno(IoBridge.java:161)
W/System.err( 1324): 	at libcore.io.IoBridge.connect(IoBridge.java:112)
W/System.err( 1324): 	at java.net.PlainSocketImpl.connect(PlainSocketImpl.java:192)
W/System.err( 1324): 	at java.net.PlainSocketImpl.connect(PlainSocketImpl.java:459)
W/System.err( 1324): 	at java.net.Socket.connect(Socket.java:843)
W/System.err( 1324): 	at org.apache.http.conn.scheme.PlainSocketFactory.connectSocket(PlainSocketFactory.java:119)
W/System.err( 1324): 	at org.apache.http.impl.conn.DefaultClientConnectionOperator.openConnection(DefaultClientConnectionOperator.java:144)
W/System.err( 1324): 	... 13 more
W/System.err( 1324): Caused by: libcore.io.ErrnoException: isConnected failed: ECONNREFUSED (Connection refused)
W/System.err( 1324): 	at libcore.io.IoBridge.isConnected(IoBridge.java:208)
W/System.err( 1324): 	... 20 more
D/hc_a    ( 1324): onStartCommand
D/1       ( 1324): onStartCommand
D/hc_a    ( 1324): onStart
D/1       ( 1324): onStart
I/Choreographer( 1324): Skipped 76 frames!  The application may be doing too much work on its main thread.
D/dalvikvm(  689): GC_FOR_ALLOC freed 3243K, 26% free 6450K/8648K, paused 186ms, total 223ms
I/dalvikvm-heap(  689): Grow heap (frag case) to 7.906MB for 1610896-byte allocation
D/dalvikvm(  689): GC_CONCURRENT freed <1K, 22% free 8022K/10224K, paused 4ms+2ms, total 70ms
D/dalvikvm(  689): WAIT_FOR_CONCURRENT_GC blocked 60ms
W/CursorWrapperInner( 1324): Cursor finalized without prior close()
D/gralloc (   58): Registering a buffer in the process that created it. This may cause memory ordering problems.
E/libEGL  (   58): called unimplemented OpenGL ES API
E/libEGL  (   58): called unimplemented OpenGL ES API
E/libEGL  (   58): called unimplemented OpenGL ES API
E/libEGL  (   58): called unimplemented OpenGL ES API
E/SurfaceFlinger(   58): glCheckFramebufferStatusOES error -787067379
E/SurfaceFlinger(   58): got GL_FRAMEBUFFER_COMPLETE_OES error while taking screenshot
E/libEGL  (   58): called unimplemented OpenGL ES API
E/libEGL  (   58): called unimplemented OpenGL ES API
W/WindowManager(  366): Screenshot failure taking screenshot for (164x295) to layer 21015
I/ActivityManager(  366): Displayed com.whl.qwuomb/com.b.ht.FJA: +1s883ms
D/AndroidRuntime( 1403): Shutting down VM
D/dalvikvm( 1403): GC_CONCURRENT freed 97K, 15% free 589K/688K, paused 4ms+1ms, total 14ms
D/1       ( 1324): onStop
D/1       ( 1324): onDestroy
D/dalvikvm(  689): GC_FOR_ALLOC freed 3148K, 53% free 4876K/10224K, paused 60ms, total 61ms
I/dalvikvm-heap(  689): Grow heap (frag case) to 6.415MB for 1658896-byte allocation
D/dalvikvm(  689): GC_CONCURRENT freed <1K, 46% free 6496K/11848K, paused 4ms+3ms, total 55ms
D/dalvikvm(  689): WAIT_FOR_CONCURRENT_GC blocked 50ms
D/dalvikvm(  689): GC_FOR_ALLOC freed <1K, 46% free 6496K/11848K, paused 60ms, total 61ms
I/dalvikvm-heap(  689): Grow heap (frag case) to 7.997MB for 1658896-byte allocation
D/dalvikvm(  689): GC_CONCURRENT freed <1K, 40% free 8116K/13472K, paused 4ms+33ms, total 96ms
D/dalvikvm(  689): WAIT_FOR_CONCURRENT_GC blocked 86ms
I/PackageManager(  366):   Action: "android.intent.action.SENDTO"
I/PackageManager(  366):   Category: "android.intent.category.DEFAULT"
I/PackageManager(  366):   Scheme: "sms"
I/PackageManager(  366): Adding preferred activity ComponentInfo{com.android.mms/com.android.mms.ui.ComposeMessageActivity} for user 0 :
I/PackageManager(  366):   Action: "android.intent.action.SENDTO"
I/PackageManager(  366):   Category: "android.intent.category.DEFAULT"
I/PackageManager(  366):   Scheme: "smsto"
I/PackageManager(  366): Adding preferred activity ComponentInfo{com.android.mms/com.android.mms.ui.ComposeMessageActivity} for user 0 :
