V/MmsConfig( 1027): tag: int value: minMessageCountPerThread - 10
V/MmsConfig( 1027): tag: int value: maxMessageCountPerThread - 5000
V/MmsConfig( 1027): tag: string value: uaProfUrl - http://www.google.com/oha/rdf/ua-profile-kila.xml
V/MmsConfig( 1027): tag: int value: recipientLimit - -1
V/MmsConfig( 1027): tag: bool value: enableMultipartSMS - true
V/MmsConfig( 1027): tag: int value: smsToMmsTextThreshold - -1
V/MmsConfig( 1027): tag: bool value: enableSlideDuration - true
V/MmsConfig( 1027): tag: int value: maxMessageTextSize - -1
E/ConnectivityService(  360): Exception trying to add a route: java.lang.IllegalStateException: command '51 interface fwmark exempt add 216.58.204.46/32' failed with '400 51 Failed to add exemption rule (File exists)'
D/ConnectivityService(  360): requestRouteToHostAddress ok=false
D/ConnectivityService(  360): [CheckMp] isMobileOk: could not establish route to hostAddr=clients3.google.com/216.58.204.46
I/MediaProvider(  623): Upgrading media database from version 0 to 700, which will destroy all old data
I/ActivityManager(  360): Delay finish: com.android.mms/.transaction.MmsSystemEventReceiver
D/Mms:app ( 1027): cancelNotification
I/ActivityManager(  360): Resuming delayed broadcast
I/ActivityManager(  360): Delay finish: com.android.mms/.transaction.SmsReceiver
D/MmsSmsDatabaseHelper(  602): [MmsSmsDb] tableName: threads hasAutoIncrement: CREATE TABLE threads (_id INTEGER PRIMARY KEY AUTOINCREMENT,date INTEGER DEFAULT 0,message_count INTEGER DEFAULT 0,recipient_ids TEXT,snippet TEXT,snippet_cs INTEGER DEFAULT 0,read INTEGER DEFAULT 1,type INTEGER DEFAULT 0,error INTEGER DEFAULT 0,has_attachment INTEGER DEFAULT 0) result: true
D/MmsSmsDatabaseHelper(  602): [MmsSmsDb] tableName: canonical_addresses hasAutoIncrement: CREATE TABLE canonical_addresses (_id INTEGER PRIMARY KEY AUTOINCREMENT,address TEXT) result: true
D/MmsSmsDatabaseHelper(  602): [MmsSmsDb] tableName: part hasAutoIncrement: CREATE TABLE part (_id INTEGER PRIMARY KEY AUTOINCREMENT,mid INTEGER,seq INTEGER DEFAULT 0,ct TEXT,name TEXT,chset INTEGER,cd TEXT,fn TEXT,cid TEXT,cl TEXT,ctt_s INTEGER,ctt_t TEXT,_data TEXT,text TEXT) result: true
D/MmsSmsDatabaseHelper(  602): [MmsSmsDb] tableName: pdu hasAutoIncrement: CREATE TABLE pdu (_id INTEGER PRIMARY KEY AUTOINCREMENT,thread_id INTEGER,date INTEGER,date_sent INTEGER DEFAULT 0,msg_box INTEGER,read INTEGER DEFAULT 0,m_id TEXT,sub TEXT,sub_cs INTEGER,ct_t TEXT,ct_l TEXT,exp INTEGER,m_cls TEXT,m_type INTEGER,v INTEGER,m_size INTEGER,pri INTEGER,rr INTEGER,rpt_a INTEGER,resp_st INTEGER,st INTEGER,tr_id TEXT,retr_st INTEGER,retr_txt TEXT,retr_txt_cs INTEGER,read_status INTEGER,ct_cls INTEGER,resp_txt TEXT,d_tm INTEGER,d_rpt INTEGER,locked INTEGER DEFAULT 0,seen INTEGER DEFAULT 0,text_only INTEGER DEFAULT 0) result: true
D/MmsSmsDatabaseHelper(  602): [getWritableDatabase] hasAutoIncrementThreads: true hasAutoIncrementAddresses: true hasAutoIncrementPart: true hasAutoIncrementPdu: true
D/Mms:app ( 1027): cancelNotification
I/ActivityManager(  360): Resuming delayed broadcast
D/AlertReceiver(  954): onReceive: a=android.intent.action.BOOT_COMPLETED Intent { act=android.intent.action.BOOT_COMPLETED flg=0x8000010 cmp=com.android.calendar/.alerts.AlertReceiver (has extras) }
I/ActivityManager(  360): Delay finish: com.android.calendar/.alerts.AlertReceiver
D/AlertUtils(  954): Flushing old alerts from shared prefs table
D/AlertService(  954): 0 Action = android.intent.action.BOOT_COMPLETED
D/dalvikvm(  954): GC_CONCURRENT freed 304K, 13% free 2805K/3212K, paused 7ms+2ms, total 73ms
D/AlertService(  954): Scheduling next alarm with AlarmScheduler. sEventReminderReceived: null
D/AlarmScheduler(  954): No events found starting within 1 week.
E/SQLiteLog(  623): (1) no such table: files
E/WVMExtractor(   61): Failed to open libwvm.so
D/dalvikvm(  623): GC_CONCURRENT freed 248K, 11% free 3028K/3372K, paused 4ms+4ms, total 32ms
V/MediaScanner(  623): pruneDeadThumbnailFiles... android.database.sqlite.SQLiteCursor@b2d81520
V/MediaScanner(  623): /pruneDeadThumbnailFiles... android.database.sqlite.SQLiteCursor@b2d81520
I/ActivityManager(  360): Resuming delayed broadcast
V/AlarmClock(  973): AlarmInitReceiver android.intent.action.BOOT_COMPLETED
V/AlarmClock(  973): AlarmInitReceiver - Reset timers and clear stopwatch data
V/AlarmClock(  973): AlarmInitReceiver - resetting volume button default
I/AlarmClock(  973): Displaying next alarm time: ''
V/AlarmClock(  973): AlarmInitReceiver finished
D/dalvikvm(  973): GC_CONCURRENT freed 406K, 16% free 2803K/3312K, paused 12ms+2ms, total 130ms
I/ActivityManager(  360): Delay finish: com.android.email/.service.EmailUpgradeBroadcastReceiver
I/ActivityManager(  360): Resuming delayed broadcast
I/Email   (  912): Onetime initialization: 1
I/Email   (  912): Onetime initialization: 2
E/MetadataRetrieverClient(   61): failed to extract an album art
I/ActivityManager(  360): Delay finish: com.android.email/.service.EmailBroadcastReceiver
I/Email   (  912): Onetime initialization: completed.
I/ActivityManager(  360): Delaying start of: ServiceRecord{b31a4938 u0 com.android.exchange/.service.EmailSyncAdapterService}
I/ActivityManager(  360): Resuming delayed broadcast
I/LauncherIconVisibilityManager(  588): Boot has been completed
I/LauncherIconVisibilityManager(  588): Disable activity: ComponentInfo{com.android.inputmethod.latin/com.android.inputmethod.latin.setup.SetupActivity}
I/InputReader(  360): Reconfiguring input devices.  changes=0x00000010
I/InputReader(  360): Reconfiguring input devices.  changes=0x00000010
D/dalvikvm(  360): GC_CONCURRENT freed 777K, 57% free 5799K/13256K, paused 6ms+5ms, total 194ms
D/dalvikvm(  360): WAIT_FOR_CONCURRENT_GC blocked 70ms
D/dalvikvm(  360): WAIT_FOR_CONCURRENT_GC blocked 60ms
I/PackageManager(  360):   Action: "android.intent.action.SENDTO"
I/PackageManager(  360):   Category: "android.intent.category.DEFAULT"
I/PackageManager(  360):   Scheme: "sms"
I/PackageManager(  360): Adding preferred activity ComponentInfo{com.android.mms/com.android.mms.ui.ComposeMessageActivity} for user 0 :
D/dalvikvm(  360): WAIT_FOR_CONCURRENT_GC blocked 63ms
D/dalvikvm(  360): WAIT_FOR_CONCURRENT_GC blocked 70ms
I/InputReader(  360): Reconfiguring input devices.  changes=0x00000010
D/dalvikvm(  360): WAIT_FOR_CONCURRENT_GC blocked 63ms
D/dalvikvm(  360): WAIT_FOR_CONCURRENT_GC blocked 62ms
D/dalvikvm(  360): WAIT_FOR_CONCURRENT_GC blocked 37ms
D/dalvikvm(  360): WAIT_FOR_CONCURRENT_GC blocked 37ms
D/ConnectivityService(  360): [CheckMp] isMobileOk: too many loops tried - giving up
D/ConnectivityService(  360): [CheckMp] isMobileOk: X loops|timed out result=0
D/ConnectivityService(  360): [CheckMp] isMobileOk: F stop hipri
D/MobileDataStateTracker(  360): default: setEnableFailFastMobileData(enabled=0)
I/PackageManager(  360):   Action: "android.intent.action.SENDTO"
I/PackageManager(  360):   Category: "android.intent.category.DEFAULT"
I/PackageManager(  360):   Scheme: "smsto"
I/PackageManager(  360): Adding preferred activity ComponentInfo{com.android.mms/com.android.mms.ui.ComposeMessageActivity} for user 0 :
D/dalvikvm(  602): GC_CONCURRENT freed 401K, 15% free 3372K/3944K, paused 13ms+2ms, total 67ms
I/PackageManager(  360):   Action: "android.intent.action.SENDTO"
I/PackageManager(  360):   Category: "android.intent.category.DEFAULT"
I/PackageManager(  360):   Scheme: "mms"
I/PackageManager(  360): Adding preferred activity ComponentInfo{com.android.mms/com.android.mms.ui.ComposeMessageActivity} for user 0 :
I/PackageManager(  360):   Action: "android.intent.action.SENDTO"
I/PackageManager(  360):   Category: "android.intent.category.DEFAULT"
I/PackageManager(  360):   Scheme: "mmsto"
I/PackageManager(  360): Adding preferred activity ComponentInfo{com.android.mms/com.android.mms.ui.ComposeMessageActivity} for user 0 :
D/ConnectivityService(  360): stopUsingNetworkFeature: teardown net 0: enableHIPRI
I/PackageManager(  360):   Action: "android.intent.action.SENDTO"
I/PackageManager(  360):   Category: "android.intent.category.DEFAULT"
I/PackageManager(  360):   Scheme: "sms"
I/PackageManager(  360): Adding preferred activity ComponentInfo{com.android.mms/com.android.mms.ui.ComposeMessageActivity} for user 0 :
I/PackageManager(  360):   Action: "android.intent.action.SENDTO"
I/PackageManager(  360):   Category: "android.intent.category.DEFAULT"
I/PackageManager(  360):   Scheme: "smsto"
I/PackageManager(  360): Adding preferred activity ComponentInfo{com.android.mms/com.android.mms.ui.ComposeMessageActivity} for user 0 :
I/PackageManager(  360):   Action: "android.intent.action.SENDTO"
I/PackageManager(  360):   Category: "android.intent.category.DEFAULT"
I/PackageManager(  360):   Scheme: "mms"
I/PackageManager(  360): Adding preferred activity ComponentInfo{com.android.mms/com.android.mms.ui.ComposeMessageActivity} for user 0 :
I/PackageManager(  360): Adding preferred activity ComponentInfo{com.android.mms/com.android.mms.ui.ComposeMessageActivity} for user 0 :
D/dalvikvm(  360): GC_CONCURRENT freed 758K, 57% free 5818K/13256K, paused 7ms+7ms, total 154ms
D/dalvikvm(  360): WAIT_FOR_CONCURRENT_GC blocked 46ms
I/PackageManager(  360):   Action: "android.intent.action.SENDTO"
I/PackageManager(  360):   Category: "android.intent.category.DEFAULT"
I/PackageManager(  360):   Scheme: "mmsto"
D/dalvikvm(  360): WAIT_FOR_CONCURRENT_GC blocked 30ms
D/dalvikvm(  602): GC_CONCURRENT freed 429K, 14% free 3425K/3976K, paused 16ms+52ms, total 115ms
I/PackageManager(  360):   Action: "android.intent.action.SENDTO"
I/PackageManager(  360):   Category: "android.intent.category.DEFAULT"
I/PackageManager(  360):   Scheme: "sms"
I/PackageManager(  360): Adding preferred activity ComponentInfo{com.android.mms/com.android.mms.ui.ComposeMessageActivity} for user 0 :
I/PackageManager(  360):   Action: "android.intent.action.SENDTO"
I/PackageManager(  360):   Category: "android.intent.category.DEFAULT"
I/PackageManager(  360):   Scheme: "smsto"
I/PackageManager(  360): Adding preferred activity ComponentInfo{com.android.mms/com.android.mms.ui.ComposeMessageActivity} for user 0 :
I/PackageManager(  360):   Action: "android.intent.action.SENDTO"
I/PackageManager(  360):   Category: "android.intent.category.DEFAULT"
I/PackageManager(  360):   Scheme: "mms"
I/PackageManager(  360): Adding preferred activity ComponentInfo{com.android.mms/com.android.mms.ui.ComposeMessageActivity} for user 0 :
I/PackageManager(  360):   Action: "android.intent.action.SENDTO"
I/PackageManager(  360):   Category: "android.intent.category.DEFAULT"
I/PackageManager(  360):   Scheme: "mmsto"
I/PackageManager(  360): Adding preferred activity ComponentInfo{com.android.mms/com.android.mms.ui.ComposeMessageActivity} for user 0 :
I/PackageManager(  360):   Action: "android.intent.action.SENDTO"
I/PackageManager(  360):   Category: "android.intent.category.DEFAULT"
I/PackageManager(  360):   Scheme: "sms"
I/PackageManager(  360): Adding preferred activity ComponentInfo{com.android.mms/com.android.mms.ui.ComposeMessageActivity} for user 0 :
E/BluetoothAdapter(  613): Bluetooth binder is null
I/PackageManager(  360):   Action: "android.intent.action.SENDTO"
I/PackageManager(  360):   Category: "android.intent.category.DEFAULT"
I/PackageManager(  360):   Scheme: "smsto"
I/PackageManager(  360): Adding preferred activity ComponentInfo{com.android.mms/com.android.mms.ui.ComposeMessageActivity} for user 0 :
D/dalvikvm(  602): GC_CONCURRENT freed 463K, 16% free 3393K/4012K, paused 4ms+2ms, total 35ms
I/PackageManager(  360):   Action: "android.intent.action.SENDTO"
I/PackageManager(  360):   Category: "android.intent.category.DEFAULT"
I/PackageManager(  360):   Scheme: "mms"
I/PackageManager(  360): Adding preferred activity ComponentInfo{com.android.mms/com.android.mms.ui.ComposeMessageActivity} for user 0 :
D/dalvikvm(  360): GC_CONCURRENT freed 775K, 57% free 5824K/13256K, paused 16ms+5ms, total 126ms
D/dalvikvm(  360): WAIT_FOR_CONCURRENT_GC blocked 49ms
I/PackageManager(  360):   Action: "android.intent.action.SENDTO"
I/PackageManager(  360):   Category: "android.intent.category.DEFAULT"
I/PackageManager(  360):   Scheme: "mmsto"
I/PackageManager(  360): Adding preferred activity ComponentInfo{com.android.mms/com.android.mms.ui.ComposeMessageActivity} for user 0 :
I/PackageManager(  360):   Action: "android.intent.action.SENDTO"
I/PackageManager(  360):   Category: "android.intent.category.DEFAULT"
I/PackageManager(  360):   Scheme: "sms"
I/PackageManager(  360): Adding preferred activity ComponentInfo{com.android.mms/com.android.mms.ui.ComposeMessageActivity} for user 0 :
I/PackageManager(  360):   Action: "android.intent.action.SENDTO"
I/PackageManager(  360):   Category: "android.intent.category.DEFAULT"
I/PackageManager(  360):   Scheme: "smsto"
I/PackageManager(  360): Adding preferred activity ComponentInfo{com.android.mms/com.android.mms.ui.ComposeMessageActivity} for user 0 :
I/PackageManager(  360):   Action: "android.intent.action.SENDTO"
I/PackageManager(  360):   Category: "android.intent.category.DEFAULT"
I/PackageManager(  360):   Scheme: "mms"
I/PackageManager(  360): Adding preferred activity ComponentInfo{com.android.mms/com.android.mms.ui.ComposeMessageActivity} for user 0 :
I/PackageManager(  360):   Action: "android.intent.action.SENDTO"
I/PackageManager(  360):   Category: "android.intent.category.DEFAULT"
I/PackageManager(  360):   Scheme: "mmsto"
I/PackageManager(  360): Adding preferred activity ComponentInfo{com.android.mms/com.android.mms.ui.ComposeMessageActivity} for user 0 :
D/dalvikvm(  602): GC_CONCURRENT freed 480K, 16% free 3372K/4012K, paused 5ms+2ms, total 46ms
I/PackageManager(  360):   Action: "android.intent.action.SENDTO"
I/PackageManager(  360):   Category: "android.intent.category.DEFAULT"
I/PackageManager(  360):   Scheme: "sms"
I/PackageManager(  360): Adding preferred activity ComponentInfo{com.android.mms/com.android.mms.ui.ComposeMessageActivity} for user 0 :
I/PackageManager(  360):   Action: "android.intent.action.SENDTO"
I/PackageManager(  360):   Category: "android.intent.category.DEFAULT"
I/PackageManager(  360):   Scheme: "smsto"
I/PackageManager(  360): Adding preferred activity ComponentInfo{com.android.mms/com.android.mms.ui.ComposeMessageActivity} for user 0 :
I/PackageManager(  360):   Action: "android.intent.action.SENDTO"
I/PackageManager(  360):   Category: "android.intent.category.DEFAULT"
I/PackageManager(  360):   Scheme: "mms"
I/PackageManager(  360): Adding preferred activity ComponentInfo{com.android.mms/com.android.mms.ui.ComposeMessageActivity} for user 0 :
D/dalvikvm(  360): GC_CONCURRENT freed 825K, 57% free 5772K/13256K, paused 7ms+15ms, total 116ms
D/dalvikvm(  360): WAIT_FOR_CONCURRENT_GC blocked 42ms
I/PackageManager(  360):   Action: "android.intent.action.SENDTO"
I/PackageManager(  360):   Category: "android.intent.category.DEFAULT"
I/PackageManager(  360):   Scheme: "mmsto"
I/PackageManager(  360): Adding preferred activity ComponentInfo{com.android.mms/com.android.mms.ui.ComposeMessageActivity} for user 0 :
I/Choreographer(  699): Skipped 30 frames!  The application may be doing too much work on its main thread.
D/dalvikvm(  602): GC_CONCURRENT freed 573K, 18% free 3310K/4012K, paused 5ms+2ms, total 94ms
D/dalvikvm(  602): WAIT_FOR_CONCURRENT_GC blocked 69ms
D/dalvikvm(  602): WAIT_FOR_CONCURRENT_GC blocked 64ms
D/MobileDataStateTracker(  360): hipri: Broadcast received: android.intent.action.ANY_DATA_STATE apnType=hipri
D/MobileDataStateTracker(  360): hipri: Received state=DISCONNECTED, old=CONNECTED, reason=dataDisabled
D/MobileDataStateTracker(  360): hipri: setDetailed state, old =CONNECTED and new state=DISCONNECTED
D/ConnectivityService(  360): ConnectivityChange for mobile_hipri: DISCONNECTED/DISCONNECTED
E/logwrapper( 1064): executing /system/bin/ip failed: No such file or directory
E/SecondaryTablController(   55): ip route del failed: /system/bin/ip route del 10.0.2.2/32 via 0.0.0.0 dev eth0 table 60
W/FrameworkListener(   55): Handler 'interface' error (No such device)
E/logwrapper( 1065): executing /system/bin/ip failed: No such file or directory
E/SecondaryTablController(   55): ip route del failed: /system/bin/ip route del 0.0.0.0/0 via 10.0.2.2 dev eth0 table 60
W/FrameworkListener(   55): Handler 'interface' error (No such device)
D/Nat464Xlat(  360): requiresClat: netType=5, hasIPv4Address=true
D/MobileDataStateTracker(  360): default: setPolicyDataEnable(enabled=true)
I/ActivityManager(  360): Delay finish: com.android.providers.contacts/.PackageIntentReceiver
D/dalvikvm( 1027): GC_CONCURRENT freed 228K, 11% free 2879K/3208K, paused 5ms+40ms, total 230ms
E/StrictMode( 1027): A resource was acquired at attached stack trace but never released. See java.io.Closeable for information on avoiding resource leaks.
E/StrictMode( 1027): java.lang.Throwable: Explicit termination method 'release' not called
E/StrictMode( 1027): 	at dalvik.system.CloseGuard.open(CloseGuard.java:184)
E/StrictMode( 1027): 	at android.drm.DrmManagerClient.<init>(DrmManagerClient.java:258)
E/StrictMode( 1027): 	at com.google.android.mms.pdu.PduPersister.<init>(PduPersister.java:288)
E/StrictMode( 1027): 	at com.google.android.mms.pdu.PduPersister.getPduPersister(PduPersister.java:296)
E/StrictMode( 1027): 	at com.android.mms.transaction.TransactionService.onNewIntent(TransactionService.java:224)
E/StrictMode( 1027): 	at com.android.mms.transaction.TransactionService$ServiceHandler.handleMessage(TransactionService.java:621)
E/StrictMode( 1027): 	at android.os.Handler.dispatchMessage(Handler.java:102)
E/StrictMode( 1027): 	at android.os.Looper.loop(Looper.java:136)
E/StrictMode( 1027): 	at android.os.HandlerThread.run(HandlerThread.java:61)
I/ActivityManager(  360): Resuming delayed broadcast
E/BluetoothAdapter(  613): Bluetooth binder is null
E/NetdConnector(  360): NDC Command {59 bandwidth removeiquota eth0} took too long (879ms)
W/BroadcastQueue(  360): Permission Denial: broadcasting Intent { act=android.appwidget.action.APPWIDGET_UPDATE_OPTIONS flg=0x10 cmp=com.android.settings/.widget.SettingsAppWidgetProvider (has extras) } from android (pid=699, uid=10008) is not exported from uid 1000 due to receiver com.android.settings/.widget.SettingsAppWidgetProvider
E/NetdConnector(  360): NDC Command {60 bandwidth gettetherstats} took too long (777ms)
I/ActivityManager(  360): Delay finish: com.android.email/.provider.WidgetProvider
I/ActivityManager(  360): Resuming delayed broadcast
I/ActivityManager(  360): Start proc com.svox.pico for broadcast com.svox.pico/.VoiceDataInstallerReceiver: pid=1092 uid=10037 gids={50037, 1028, 1015}
E/BluetoothAdapter(  613): Bluetooth binder is null
I/Choreographer(  699): Skipped 79 frames!  The application may be doing too much work on its main thread.
D/AlertReceiver(  954): onReceive: a=android.intent.action.PROVIDER_CHANGED Intent { act=android.intent.action.PROVIDER_CHANGED dat=content://com.android.calendar flg=0x10 cmp=com.android.calendar/.alerts.AlertReceiver }
W/ProcessCpuTracker(  360): Skipping unknown process pid 1112
E/NetdConnector(  360): NDC Command {61 bandwidth setiquota eth0 9223372036854775807} took too long (1819ms)
D/MobileDataStateTracker(  360): default: setPolicyDataEnable(enabled=true)
D/dalvikvm(  360): GC_CONCURRENT freed 707K, 57% free 5830K/13256K, paused 10ms+79ms, total 260ms
I/ActivityManager(  360): Delay finish: com.android.calendar/.alerts.AlertReceiver
D/CaptivePortalTracker(  360): NoActiveNetworkState{ when=-1ms what=1 obj=NetworkInfo: type: mobile_hipri[UMTS], state: DISCONNECTED/DISCONNECTED, reason: dataDisabled, extra: epc.tmobile.com, roaming: false, failover: false, isAvailable: true, isConnectedToProvisioningNetwork: false target=com.android.internal.util.StateMachine$SmHandler }
D/CaptivePortalTracker(  360): NoActiveNetworkState not a wifi connectivity change, ignore
D/Tethering(  360): MasterInitialState.processMessage what=3
D/Tethering(  360): MasterInitialState.processMessage what=3
D/CaptivePortalTracker(  360): NoActiveNetworkState{ when=0 what=1 obj=NetworkInfo: type: mobile[UMTS], state: CONNECTED/CONNECTED, reason: connected, extra: epc.tmobile.com, roaming: false, failover: false, isAvailable: true, isConnectedToProvisioningNetwork: false target=com.android.internal.util.StateMachine$SmHandler }
D/CaptivePortalTracker(  360): NoActiveNetworkState not a wifi connectivity change, ignore
D/AlertService(  954): 0 Action = android.intent.action.PROVIDER_CHANGED
E/NetdConnector(  360): NDC Command {62 bandwidth removeiquota eth0} took too long (672ms)
D/ConnectivityService(  360): [CheckMp] isMobileOk: X result=0
D/ConnectivityService(  360): [CheckMp] onPostExecute: result=0
D/ConnectivityService(  360): CheckMp.onComplete: result=0
D/ConnectivityService(  360): CheckMp.onComplete: ignore, connected or no connection
E/NetdConnector(  360): NDC Command {63 bandwidth setiquota eth0 9223372036854775807} took too long (898ms)
D/MobileDataStateTracker(  360): default: setPolicyDataEnable(enabled=true)
D/MobileDataStateTracker(  360): default: setPolicyDataEnable(enabled=true)
I/ActivityManager(  360): Waited long enough for: ServiceRecord{b35b3dd0 u0 com.android.music/.MediaPlaybackService}
I/ActivityManager(  360): Resuming delayed broadcast
I/ActivityManager(  360): Delay finish: com.android.mms/.transaction.SmsReceiver
V/SmsReceiverService( 1027): onStart: #1 mResultCode: -1 = Activity.RESULT_OK
I/ActivityManager(  360): Resuming delayed broadcast
D/MobileDataStateTracker(  360): default: setPolicyDataEnable(enabled=true)
I/ActivityManager(  360): Delay finish: com.android.providers.calendar/.CalendarProviderBroadcastReceiver
I/ActivityManager(  360): Resuming delayed broadcast
D/dalvikvm(  980): GC_CONCURRENT freed 222K, 11% free 2894K/3216K, paused 5ms+3ms, total 118ms
I/GlobalDismissManager(  954): no sender configured
D/AlertService(  954): Beginning updateAlertNotification
D/AlertService(  954): No fired or scheduled alerts
D/AlertService(  954): Scheduling next alarm with AlarmScheduler. sEventReminderReceived: null
D/AlarmScheduler(  954): No events found starting within 1 week.
D/ConnectivityService(  360): Sampling interval elapsed, updating statistics ..
D/ConnectivityService(  360): Done.
D/ConnectivityService(  360): Setting timer for 720seconds
D/dalvikvm(  360): GC_CONCURRENT freed 770K, 57% free 5720K/13256K, paused 10ms+4ms, total 64ms
I/ActivityManager(  360): Waited long enough for: ServiceRecord{b33db360 u0 com.android.calendar/.alerts.InitAlarmsService}
D/AndroidRuntime( 1149): 
D/AndroidRuntime( 1149): >>>>>> AndroidRuntime START com.android.internal.os.RuntimeInit <<<<<<
D/AndroidRuntime( 1149): CheckJNI is ON
D/dalvikvm( 1149): Trying to load lib libjavacore.so 0x0
D/dalvikvm( 1149): Added shared lib libjavacore.so 0x0
D/dalvikvm( 1149): Trying to load lib libnativehelper.so 0x0
D/dalvikvm( 1149): Added shared lib libnativehelper.so 0x0
D/dalvikvm( 1149): No JNI_OnLoad found in libnativehelper.so 0x0, skipping init
D/dalvikvm( 1149): Note: class Landroid/app/ActivityManagerNative; has 179 unimplemented (abstract) methods
E/memtrack( 1149): Couldn't load memtrack module (No such file or directory)
E/android.os.Debug( 1149): failed to load memtrack module: -2
D/AndroidRuntime( 1149): Calling main entry com.android.commands.am.Am
I/ActivityManager(  360): START u0 {act=android.intent.action.MAIN cat=[android.intent.category.LAUNCHER] flg=0x10000000 cmp=com.zymy.shua.lbhz/.ui.SplashActivity} from pid 1149
D/gralloc (   58): Registering a buffer in the process that created it. This may cause memory ordering problems.
E/libEGL  (   58): called unimplemented OpenGL ES API
E/libEGL  (   58): called unimplemented OpenGL ES API
E/libEGL  (   58): called unimplemented OpenGL ES API
E/libEGL  (   58): called unimplemented OpenGL ES API
E/SurfaceFlinger(   58): glCheckFramebufferStatusOES error 1233653238
E/SurfaceFlinger(   58): got GL_FRAMEBUFFER_COMPLETE_OES error while taking screenshot
E/libEGL  (   58): called unimplemented OpenGL ES API
E/libEGL  (   58): called unimplemented OpenGL ES API
W/WindowManager(  360): Screenshot failure taking screenshot for (164x295) to layer 21005
I/ActivityManager(  360): Start proc com.zymy.shua.lbhz for activity com.zymy.shua.lbhz/.ui.SplashActivity: pid=1159 uid=10052 gids={50052, 3003, 1028, 1015}
D/dalvikvm( 1159): DexOpt: couldn't find static field Landroid/os/Build;.SUPPORTED_32_BIT_ABIS
W/dalvikvm( 1159): VFY: unable to resolve static field 3 (SUPPORTED_32_BIT_ABIS) in Landroid/os/Build;
D/dalvikvm( 1159): VFY: replacing opcode 0x62 at 0x0003
I/Choreographer(  360): Skipped 36 frames!  The application may be doing too much work on its main thread.
I/Choreographer(  699): Skipped 144 frames!  The application may be doing too much work on its main thread.
D/dalvikvm( 1159): Trying to load lib /data/data/com.zymy.shua.lbhz/.jiagu/libjiagu.so 0xb2d14290
D/dalvikvm( 1159): Added shared lib /data/data/com.zymy.shua.lbhz/.jiagu/libjiagu.so 0xb2d14290
D/dalvikvm( 1159): GC_CONCURRENT freed 272K, 12% free 2840K/3212K, paused 6ms+6ms, total 80ms
D/dalvikvm( 1159): GC_CONCURRENT freed 261K, 11% free 2981K/3344K, paused 4ms+4ms, total 31ms
I/dalvikvm( 1159): Could not find method android.view.Window$Callback.onPointerCaptureChanged, referenced from method android.support.v7.view.WindowCallbackWrapper.onPointerCaptureChanged
W/dalvikvm( 1159): VFY: unable to resolve interface method 17763: Landroid/view/Window$Callback;.onPointerCaptureChanged (Z)V
D/dalvikvm( 1159): VFY: replacing opcode 0x72 at 0x0002
I/dalvikvm( 1159): Could not find method android.view.Window$Callback.onProvideKeyboardShortcuts, referenced from method android.support.v7.view.WindowCallbackWrapper.onProvideKeyboardShortcuts
W/dalvikvm( 1159): VFY: unable to resolve interface method 17765: Landroid/view/Window$Callback;.onProvideKeyboardShortcuts (Ljava/util/List;Landroid/view/Menu;I)V
D/dalvikvm( 1159): VFY: replacing opcode 0x72 at 0x0002
W/dalvikvm( 1159): VFY: unable to find class referenced in signature (Landroid/view/SearchEvent;)
I/dalvikvm( 1159): Could not find method android.view.Window$Callback.onSearchRequested, referenced from method android.support.v7.view.WindowCallbackWrapper.onSearchRequested
W/dalvikvm( 1159): VFY: unable to resolve interface method 17767: Landroid/view/Window$Callback;.onSearchRequested (Landroid/view/SearchEvent;)Z
D/dalvikvm( 1159): VFY: replacing opcode 0x72 at 0x0002
I/dalvikvm( 1159): Could not find method android.view.Window$Callback.onWindowStartingActionMode, referenced from method android.support.v7.view.WindowCallbackWrapper.onWindowStartingActionMode
W/dalvikvm( 1159): VFY: unable to resolve interface method 17771: Landroid/view/Window$Callback;.onWindowStartingActionMode (Landroid/view/ActionMode$Callback;I)Landroid/view/ActionMode;
D/dalvikvm( 1159): VFY: replacing opcode 0x72 at 0x0002
I/dalvikvm( 1159): Could not find method android.content.res.TypedArray.getChangingConfigurations, referenced from method android.support.v7.widget.TintTypedArray.getChangingConfigurations
W/dalvikvm( 1159): VFY: unable to resolve virtual method 830: Landroid/content/res/TypedArray;.getChangingConfigurations ()I
D/dalvikvm( 1159): VFY: replacing opcode 0x6e at 0x0002
I/dalvikvm( 1159): Could not find method android.content.res.TypedArray.getType, referenced from method android.support.v7.widget.TintTypedArray.getType
W/dalvikvm( 1159): VFY: unable to resolve virtual method 852: Landroid/content/res/TypedArray;.getType (I)I
D/dalvikvm( 1159): VFY: replacing opcode 0x6e at 0x0008
I/dalvikvm( 1159): Could not find method android.content.Context.createDeviceProtectedStorageContext, referenced from method android.support.v4.content.ContextCompat.createDeviceProtectedStorageContext
W/dalvikvm( 1159): VFY: unable to resolve virtual method 574: Landroid/content/Context;.createDeviceProtectedStorageContext ()Landroid/content/Context;
D/dalvikvm( 1159): VFY: replacing opcode 0x6e at 0x0006
I/dalvikvm( 1159): Could not find method android.content.Context.getCodeCacheDir, referenced from method android.support.v4.content.ContextCompat.getCodeCacheDir
W/dalvikvm( 1159): VFY: unable to resolve virtual method 580: Landroid/content/Context;.getCodeCacheDir ()Ljava/io/File;
D/dalvikvm( 1159): VFY: replacing opcode 0x6e at 0x0006
I/dalvikvm( 1159): Could not find method android.content.Context.getColor, referenced from method android.support.v4.content.ContextCompat.getColor
W/dalvikvm( 1159): VFY: unable to resolve virtual method 581: Landroid/content/Context;.getColor (I)I
D/dalvikvm( 1159): VFY: replacing opcode 0x6e at 0x0006
I/dalvikvm( 1159): Could not find method android.content.Context.getColorStateList, referenced from method android.support.v4.content.ContextCompat.getColorStateList
W/dalvikvm( 1159): VFY: unable to resolve virtual method 582: Landroid/content/Context;.getColorStateList (I)Landroid/content/res/ColorStateList;
D/dalvikvm( 1159): VFY: replacing opcode 0x6e at 0x0006
I/dalvikvm( 1159): Could not find method android.content.Context.getDataDir, referenced from method android.support.v4.content.ContextCompat.getDataDir
W/dalvikvm( 1159): VFY: unable to resolve virtual method 584: Landroid/content/Context;.getDataDir ()Ljava/io/File;
D/dalvikvm( 1159): VFY: replacing opcode 0x6e at 0x0006
I/dalvikvm( 1159): Could not find method android.content.Context.getDrawable, referenced from method android.support.v4.content.ContextCompat.getDrawable
W/dalvikvm( 1159): VFY: unable to resolve virtual method 586: Landroid/content/Context;.getDrawable (I)Landroid/graphics/drawable/Drawable;
D/dalvikvm( 1159): VFY: replacing opcode 0x6e at 0x0006
I/dalvikvm( 1159): Could not find method android.content.Context.getNoBackupFilesDir, referenced from method android.support.v4.content.ContextCompat.getNoBackupFilesDir
W/dalvikvm( 1159): VFY: unable to resolve virtual method 593: Landroid/content/Context;.getNoBackupFilesDir ()Ljava/io/File;
D/dalvikvm( 1159): VFY: replacing opcode 0x6e at 0x0006
I/dalvikvm( 1159): Could not find method android.content.Context.isDeviceProtectedStorage, referenced from method android.support.v4.content.ContextCompat.isDeviceProtectedStorage
W/dalvikvm( 1159): VFY: unable to resolve virtual method 606: Landroid/content/Context;.isDeviceProtectedStorage ()Z
D/dalvikvm( 1159): VFY: replacing opcode 0x6e at 0x0006
I/dalvikvm( 1159): Could not find method android.content.Context.startForegroundService, referenced from method android.support.v4.content.ContextCompat.startForegroundService
W/dalvikvm( 1159): VFY: unable to resolve virtual method 621: Landroid/content/Context;.startForegroundService (Landroid/content/Intent;)Landroid/content/ComponentName;
D/dalvikvm( 1159): VFY: replacing opcode 0x6e at 0x0006
D/dalvikvm( 1159): GC_FOR_ALLOC freed 57K, 11% free 3007K/3344K, paused 18ms, total 19ms
I/dalvikvm-heap( 1159): Grow heap (frag case) to 3.397MB for 384016-byte allocation
D/dalvikvm( 1159): GC_FOR_ALLOC freed <1K, 10% free 3382K/3720K, paused 16ms, total 16ms
V/AlarmClock(  973): AlarmInitReceiver android.intent.action.TIME_SET
I/AlarmClock(  973): Displaying next alarm time: ''
V/AlarmClock(  973): AlarmInitReceiver finished
D/gralloc_goldfish( 1159): Emulator without GPU emulation detected.
I/ActivityManager(  360): Displayed com.zymy.shua.lbhz/.ui.SplashActivity: +7s247ms
D/AndroidRuntime( 1149): Shutting down VM
D/dalvikvm( 1149): GC_CONCURRENT freed 97K, 15% free 589K/688K, paused 1ms+12ms, total 20ms
I/dalvikvm( 1159): Could not find method android.widget.TextView.getAutoSizeMaxTextSize, referenced from method android.support.v7.widget.AppCompatTextView.getAutoSizeMaxTextSize
W/dalvikvm( 1159): VFY: unable to resolve virtual method 18701: Landroid/widget/TextView;.getAutoSizeMaxTextSize ()I
D/dalvikvm( 1159): VFY: replacing opcode 0x6f at 0x0006
I/dalvikvm( 1159): Could not find method android.widget.TextView.getAutoSizeMinTextSize, referenced from method android.support.v7.widget.AppCompatTextView.getAutoSizeMinTextSize
W/dalvikvm( 1159): VFY: unable to resolve virtual method 18702: Landroid/widget/TextView;.getAutoSizeMinTextSize ()I
D/dalvikvm( 1159): VFY: replacing opcode 0x6f at 0x0006
I/dalvikvm( 1159): Could not find method android.widget.TextView.getAutoSizeStepGranularity, referenced from method android.support.v7.widget.AppCompatTextView.getAutoSizeStepGranularity
W/dalvikvm( 1159): VFY: unable to resolve virtual method 18703: Landroid/widget/TextView;.getAutoSizeStepGranularity ()I
D/dalvikvm( 1159): VFY: replacing opcode 0x6f at 0x0006
I/dalvikvm( 1159): Could not find method android.widget.TextView.getAutoSizeTextAvailableSizes, referenced from method android.support.v7.widget.AppCompatTextView.getAutoSizeTextAvailableSizes
W/dalvikvm( 1159): VFY: unable to resolve virtual method 18704: Landroid/widget/TextView;.getAutoSizeTextAvailableSizes ()[I
D/dalvikvm( 1159): VFY: replacing opcode 0x6f at 0x0006
I/dalvikvm( 1159): Could not find method android.widget.TextView.getAutoSizeTextType, referenced from method android.support.v7.widget.AppCompatTextView.getAutoSizeTextType
W/dalvikvm( 1159): VFY: unable to resolve virtual method 18705: Landroid/widget/TextView;.getAutoSizeTextType ()I
D/dalvikvm( 1159): VFY: replacing opcode 0x6f at 0x0008
I/dalvikvm( 1159): Could not find method android.widget.TextView.setAutoSizeTextTypeUniformWithConfiguration, referenced from method android.support.v7.widget.AppCompatTextView.setAutoSizeTextTypeUniformWithConfiguration
W/dalvikvm( 1159): VFY: unable to resolve virtual method 18749: Landroid/widget/TextView;.setAutoSizeTextTypeUniformWithConfiguration (IIII)V
D/dalvikvm( 1159): VFY: replacing opcode 0x6f at 0x0006
I/dalvikvm( 1159): Could not find method android.widget.TextView.setAutoSizeTextTypeUniformWithPresetSizes, referenced from method android.support.v7.widget.AppCompatTextView.setAutoSizeTextTypeUniformWithPresetSizes
W/dalvikvm( 1159): VFY: unable to resolve virtual method 18750: Landroid/widget/TextView;.setAutoSizeTextTypeUniformWithPresetSizes ([II)V
D/dalvikvm( 1159): VFY: replacing opcode 0x6f at 0x0006
I/dalvikvm( 1159): Could not find method android.widget.TextView.setAutoSizeTextTypeWithDefaults, referenced from method android.support.v7.widget.AppCompatTextView.setAutoSizeTextTypeWithDefaults
W/dalvikvm( 1159): VFY: unable to resolve virtual method 18751: Landroid/widget/TextView;.setAutoSizeTextTypeWithDefaults (I)V
D/dalvikvm( 1159): VFY: replacing opcode 0x6f at 0x0006
I/dalvikvm( 1159): Could not find method android.content.res.Resources.getDrawable, referenced from method android.support.v7.widget.ResourcesWrapper.getDrawable
W/dalvikvm( 1159): VFY: unable to resolve virtual method 793: Landroid/content/res/Resources;.getDrawable (ILandroid/content/res/Resources$Theme;)Landroid/graphics/drawable/Drawable;
D/dalvikvm( 1159): VFY: replacing opcode 0x6e at 0x0002
I/dalvikvm( 1159): Could not find method android.content.res.Resources.getDrawableForDensity, referenced from method android.support.v7.widget.ResourcesWrapper.getDrawableForDensity
W/dalvikvm( 1159): VFY: unable to resolve virtual method 795: Landroid/content/res/Resources;.getDrawableForDensity (IILandroid/content/res/Resources$Theme;)Landroid/graphics/drawable/Drawable;
D/dalvikvm( 1159): VFY: replacing opcode 0x6e at 0x0002
I/dalvikvm( 1159): Could not find method android.widget.TextView.getAutoSizeStepGranularity, referenced from method android.support.v7.widget.AppCompatTextHelper.loadFromAttributes
W/dalvikvm( 1159): VFY: unable to resolve virtual method 18703: Landroid/widget/TextView;.getAutoSizeStepGranularity ()I
D/dalvikvm( 1159): VFY: replacing opcode 0x6e at 0x0197
I/dalvikvm( 1159): Could not find method android.text.StaticLayout$Builder.obtain, referenced from method android.support.v7.widget.AppCompatTextViewAutoSizeHelper.createStaticLayoutForMeasuring
W/dalvikvm( 1159): VFY: unable to resolve static method 16998: Landroid/text/StaticLayout$Builder;.obtain (Ljava/lang/CharSequence;IILandroid/text/TextPaint;I)Landroid/text/StaticLayout$Builder;
D/dalvikvm( 1159): VFY: replacing opcode 0x71 at 0x0013
I/dalvikvm( 1159): Could not find method android.content.Context.getColorStateList, referenced from method android.support.v7.content.res.AppCompatResources.getColorStateList
W/dalvikvm( 1159): VFY: unable to resolve virtual method 582: Landroid/content/Context;.getColorStateList (I)Landroid/content/res/ColorStateList;
D/dalvikvm( 1159): VFY: replacing opcode 0x6e at 0x0006
W/dalvikvm( 1159): VFY: unable to find class referenced in signature (Landroid/graphics/drawable/Icon;)
I/dalvikvm( 1159): Could not find method android.widget.ImageView.setImageIcon, referenced from method android.support.v7.widget.AppCompatImageView.setImageIcon
W/dalvikvm( 1159): VFY: unable to resolve virtual method 18393: Landroid/widget/ImageView;.setImageIcon (Landroid/graphics/drawable/Icon;)V
D/dalvikvm( 1159): VFY: replacing opcode 0x6f at 0x0000
E/dalvikvm( 1159): Could not find class 'android.graphics.drawable.RippleDrawable', referenced from method android.support.v7.widget.AppCompatImageHelper.hasOverlappingRendering
W/dalvikvm( 1159): VFY: unable to resolve instanceof 215 (Landroid/graphics/drawable/RippleDrawable;) in Landroid/support/v7/widget/AppCompatImageHelper;
D/dalvikvm( 1159): VFY: replacing opcode 0x20 at 0x000c
I/dalvikvm( 1159): Could not find method android.widget.Button.getAutoSizeMaxTextSize, referenced from method android.support.v7.widget.AppCompatButton.getAutoSizeMaxTextSize
W/dalvikvm( 1159): VFY: unable to resolve virtual method 18190: Landroid/widget/Button;.getAutoSizeMaxTextSize ()I
D/dalvikvm( 1159): VFY: replacing opcode 0x6f at 0x0006
I/dalvikvm( 1159): Could not find method android.widget.Button.getAutoSizeMinTextSize, referenced from method android.support.v7.widget.AppCompatButton.getAutoSizeMinTextSize
W/dalvikvm( 1159): VFY: unable to resolve virtual method 18191: Landroid/widget/Button;.getAutoSizeMinTextSize ()I
D/dalvikvm( 1159): VFY: replacing opcode 0x6f at 0x0006
I/dalvikvm( 1159): Could not find method android.widget.Button.getAutoSizeStepGranularity, referenced from method android.support.v7.widget.AppCompatButton.getAutoSizeStepGranularity
W/dalvikvm( 1159): VFY: unable to resolve virtual method 18192: Landroid/widget/Button;.getAutoSizeStepGranularity ()I
D/dalvikvm( 1159): VFY: replacing opcode 0x6f at 0x0006
I/dalvikvm( 1159): Could not find method android.widget.Button.getAutoSizeTextAvailableSizes, referenced from method android.support.v7.widget.AppCompatButton.getAutoSizeTextAvailableSizes
W/dalvikvm( 1159): VFY: unable to resolve virtual method 18193: Landroid/widget/Button;.getAutoSizeTextAvailableSizes ()[I
D/dalvikvm( 1159): VFY: replacing opcode 0x6f at 0x0006
I/dalvikvm( 1159): Could not find method android.widget.Button.getAutoSizeTextType, referenced from method android.support.v7.widget.AppCompatButton.getAutoSizeTextType
W/dalvikvm( 1159): VFY: unable to resolve virtual method 18194: Landroid/widget/Button;.getAutoSizeTextType ()I
D/dalvikvm( 1159): VFY: replacing opcode 0x6f at 0x0008
I/dalvikvm( 1159): Could not find method android.widget.Button.setAutoSizeTextTypeUniformWithConfiguration, referenced from method android.support.v7.widget.AppCompatButton.setAutoSizeTextTypeUniformWithConfiguration
W/dalvikvm( 1159): VFY: unable to resolve virtual method 18200: Landroid/widget/Button;.setAutoSizeTextTypeUniformWithConfiguration (IIII)V
D/dalvikvm( 1159): VFY: replacing opcode 0x6f at 0x0006
I/dalvikvm( 1159): Could not find method android.widget.Button.setAutoSizeTextTypeUniformWithPresetSizes, referenced from method android.support.v7.widget.AppCompatButton.setAutoSizeTextTypeUniformWithPresetSizes
W/dalvikvm( 1159): VFY: unable to resolve virtual method 18201: Landroid/widget/Button;.setAutoSizeTextTypeUniformWithPresetSizes ([II)V
D/dalvikvm( 1159): VFY: replacing opcode 0x6f at 0x0006
I/dalvikvm( 1159): Could not find method android.widget.Button.setAutoSizeTextTypeWithDefaults, referenced from method android.support.v7.widget.AppCompatButton.setAutoSizeTextTypeWithDefaults
W/dalvikvm( 1159): VFY: unable to resolve virtual method 18202: Landroid/widget/Button;.setAutoSizeTextTypeWithDefaults (I)V
D/dalvikvm( 1159): VFY: replacing opcode 0x6f at 0x0006
D/dalvikvm( 1159): GC_FOR_ALLOC freed 181K, 8% free 3555K/3840K, paused 17ms, total 19ms
D/dalvikvm(  360): GC_CONCURRENT freed 203K, 54% free 6176K/13256K, paused 5ms+6ms, total 78ms
D/InitAlarmsService(  954): Clearing and rescheduling alarms.
D/        (  360): Setting time of day to sec=1538951445
D/AndroidRuntime( 1188): 
D/AndroidRuntime( 1188): >>>>>> AndroidRuntime START com.android.internal.os.RuntimeInit <<<<<<
D/AndroidRuntime( 1188): CheckJNI is ON
D/dalvikvm( 1188): Trying to load lib libjavacore.so 0x0
D/dalvikvm( 1188): Added shared lib libjavacore.so 0x0
D/dalvikvm( 1188): Trying to load lib libnativehelper.so 0x0
D/dalvikvm( 1188): Added shared lib libnativehelper.so 0x0
D/dalvikvm( 1188): No JNI_OnLoad found in libnativehelper.so 0x0, skipping init
D/dalvikvm( 1188): Note: class Landroid/app/ActivityManagerNative; has 179 unimplemented (abstract) methods
E/memtrack( 1188): Couldn't load memtrack module (No such file or directory)
E/android.os.Debug( 1188): failed to load memtrack module: -2
D/AndroidRuntime( 1188): Calling main entry com.android.commands.am.Am
D/AndroidRuntime( 1188): Shutting down VM
D/dalvikvm( 1159): GC_CONCURRENT freed 57K, 6% free 3919K/4168K, paused 32ms+2ms, total 89ms
D/dalvikvm( 1159): WAIT_FOR_CONCURRENT_GC blocked 30ms
D/dalvikvm( 1188): GC_CONCURRENT freed 97K, 15% free 587K/688K, paused 11ms+1ms, total 21ms
W/Settings( 1159): Setting android_id has moved from android.provider.Settings.System to android.provider.Settings.Secure, returning read-only value.
D/dalvikvm( 1159): GC_CONCURRENT freed 223K, 8% free 4139K/4464K, paused 5ms+14ms, total 44ms
D/dalvikvm( 1159): GC_CONCURRENT freed 315K, 9% free 4306K/4696K, paused 13ms+5ms, total 56ms
D/dalvikvm( 1159): GC_CONCURRENT freed 438K, 12% free 4287K/4840K, paused 5ms+5ms, total 47ms
D/dalvikvm( 1159): GC_CONCURRENT freed 548K, 14% free 4237K/4872K, paused 13ms+6ms, total 57ms
D/dalvikvm( 1159): GC_CONCURRENT freed 416K, 13% free 4271K/4872K, paused 13ms+5ms, total 51ms
D/dalvikvm( 1159): GC_CONCURRENT freed 395K, 11% free 4370K/4876K, paused 14ms+6ms, total 71ms
D/LightsService(  360): Excessive delay setting light: 370ms
D/dalvikvm( 1159): GC_CONCURRENT freed 554K, 14% free 4261K/4928K, paused 5ms+4ms, total 47ms
D/dalvikvm( 1159): GC_FOR_ALLOC freed 461K, 19% free 4012K/4928K, paused 21ms, total 22ms
D/dalvikvm( 1159): GC_CONCURRENT freed 264K, 15% free 4196K/4928K, paused 4ms+13ms, total 45ms
I/MediaFocusControl(  360):  AudioFocus  abandonAudioFocus() from android.media.AudioManager@b2d1c450com.android.music.MediaPlaybackService$3@b2d1b2d0
D/AndroidRuntime( 1200): 
D/AndroidRuntime( 1200): >>>>>> AndroidRuntime START com.android.internal.os.RuntimeInit <<<<<<
D/AndroidRuntime( 1200): CheckJNI is ON
D/dalvikvm( 1200): Trying to load lib libjavacore.so 0x0
D/dalvikvm( 1200): Added shared lib libjavacore.so 0x0
D/dalvikvm( 1200): Trying to load lib libnativehelper.so 0x0
D/dalvikvm( 1200): Added shared lib libnativehelper.so 0x0
D/dalvikvm( 1200): No JNI_OnLoad found in libnativehelper.so 0x0, skipping init
D/dalvikvm( 1200): Note: class Landroid/app/ActivityManagerNative; has 179 unimplemented (abstract) methods
E/memtrack( 1200): Couldn't load memtrack module (No such file or directory)
E/android.os.Debug( 1200): failed to load memtrack module: -2
D/AndroidRuntime( 1200): Calling main entry com.android.commands.am.Am
I/ActivityManager(  360): START u0 {act=android.intent.action.MAIN cat=[android.intent.category.LAUNCHER] flg=0x10000000 cmp=com.zymy.shua.lbhz/.ui.MainActivity} from pid 1200
I/dalvikvm( 1159): Could not find method android.view.ViewConfiguration.getScaledHorizontalScrollFactor, referenced from method android.support.v4.view.ViewConfigurationCompat.getScaledHorizontalScrollFactor
W/dalvikvm( 1159): VFY: unable to resolve virtual method 17588: Landroid/view/ViewConfiguration;.getScaledHorizontalScrollFactor ()F
D/dalvikvm( 1159): VFY: replacing opcode 0x6e at 0x0006
I/dalvikvm( 1159): Could not find method android.view.ViewConfiguration.getScaledVerticalScrollFactor, referenced from method android.support.v4.view.ViewConfigurationCompat.getScaledVerticalScrollFactor
W/dalvikvm( 1159): VFY: unable to resolve virtual method 17593: Landroid/view/ViewConfiguration;.getScaledVerticalScrollFactor ()F
D/dalvikvm( 1159): VFY: replacing opcode 0x6e at 0x0006
D/dalvikvm( 1159): GC_CONCURRENT freed 299K, 14% free 4282K/4924K, paused 4ms+7ms, total 57ms
D/dalvikvm( 1159): GC_FOR_ALLOC freed 259K, 16% free 4177K/4924K, paused 66ms, total 71ms
I/dalvikvm-heap( 1159): Grow heap (frag case) to 4.205MB for 32774-byte allocation
D/dalvikvm( 1159): GC_FOR_ALLOC freed <1K, 16% free 4209K/4960K, paused 87ms, total 87ms
D/dalvikvm( 1159): GC_FOR_ALLOC freed 16K, 16% free 4193K/4960K, paused 96ms, total 96ms
I/dalvikvm-heap( 1159): Grow heap (frag case) to 4.251MB for 65578-byte allocation
D/dalvikvm( 1159): GC_FOR_ALLOC freed 32K, 16% free 4225K/5028K, paused 142ms, total 142ms
I/dalvikvm-heap( 1159): Grow heap (frag case) to 4.346MB for 132106-byte allocation
D/dalvikvm( 1159): GC_FOR_ALLOC freed 64K, 17% free 4290K/5160K, paused 92ms, total 92ms
I/dalvikvm-heap( 1159): Grow heap (frag case) to 4.536MB for 265102-byte allocation
D/dalvikvm( 1159): GC_FOR_ALLOC freed 129K, 19% free 4419K/5420K, paused 50ms, total 50ms
D/dalvikvm( 1159): GC_FOR_ALLOC freed <1K, 19% free 4419K/5420K, paused 31ms, total 31ms
I/dalvikvm-heap( 1159): Grow heap (frag case) to 4.638MB for 239500-byte allocation
D/dalvikvm( 1159): GC_FOR_ALLOC freed 1K, 18% free 4652K/5656K, paused 46ms, total 46ms
D/dalvikvm( 1159): DexOpt: --- BEGIN 'ymdex.jar' (bootstrap=0) ---
D/dalvikvm( 1216): DexOpt: couldn't find static field Landroid/os/Build;.SUPPORTED_ABIS
D/dalvikvm( 1216): DexOpt: load 433ms, verify+opt 1752ms, 1091836 bytes
D/dalvikvm( 1159): DexOpt: --- END 'ymdex.jar' (success) ---
D/dalvikvm( 1159): DEX prep '/data/data/com.zymy.shua.lbhz/app_libs/ymdex.jar': unzip in 76ms, rewrite 2670ms
E/dalvikvm( 1159): Could not find class 'android.app.usage.UsageStatsManager', referenced from method com.zymy.shua.lbhz.utils.Method.isRunningPackName
W/dalvikvm( 1159): VFY: unable to resolve check-cast 70 (Landroid/app/usage/UsageStatsManager;) in Lcom/zymy/shua/lbhz/utils/Method;
D/dalvikvm( 1159): VFY: replacing opcode 0x1f at 0x0012
I/dalvikvm( 1159): Could not find method android.os.PowerManager.isInteractive, referenced from method com.zymy.shua.lbhz.utils.Method.isScreenOn
W/dalvikvm( 1159): VFY: unable to resolve virtual method 1703: Landroid/os/PowerManager;.isInteractive ()Z
D/dalvikvm( 1159): VFY: replacing opcode 0x6e at 0x0014
E/dalvikvm( 1159): Could not find class 'android.app.usage.UsageStatsManager', referenced from method com.zymy.shua.lbhz.utils.Method.printForegroundTask
W/dalvikvm( 1159): VFY: unable to resolve check-cast 70 (Landroid/app/usage/UsageStatsManager;) in Lcom/zymy/shua/lbhz/utils/Method;
D/dalvikvm( 1159): VFY: replacing opcode 0x1f at 0x0029
I/Choreographer( 1159): Skipped 1581 frames!  The application may be doing too much work on its main thread.
I/dalvikvm( 1159): Could not find method java.util.Locale.getScript, referenced from method x.y.a.b.a
W/dalvikvm( 1159): VFY: unable to resolve virtual method 906: Ljava/util/Locale;.getScript ()Ljava/lang/String;
D/dalvikvm( 1159): VFY: replacing opcode 0x6e at 0x0040
I/Choreographer( 1159): Skipped 97 frames!  The application may be doing too much work on its main thread.
I/ActivityManager(  360): Displayed com.zymy.shua.lbhz/.ui.MainActivity: +9s624ms
D/AndroidRuntime( 1200): Shutting down VM
D/dalvikvm( 1200): GC_CONCURRENT freed 97K, 15% free 589K/692K, paused 3ms+1ms, total 13ms
W/ActivityManager(  360): Launch timeout has expired, giving up wake lock!
I/Choreographer( 1159): Skipped 168 frames!  The application may be doing too much work on its main thread.
I/Choreographer( 1159): Skipped 31 frames!  The application may be doing too much work on its main thread.
I/Choreographer( 1159): Skipped 30 frames!  The application may be doing too much work on its main thread.
D/AndroidRuntime( 1229): 
D/AndroidRuntime( 1229): >>>>>> AndroidRuntime START com.android.internal.os.RuntimeInit <<<<<<
D/AndroidRuntime( 1229): CheckJNI is ON
D/dalvikvm( 1229): Trying to load lib libjavacore.so 0x0
D/dalvikvm( 1229): Added shared lib libjavacore.so 0x0
D/dalvikvm( 1229): Trying to load lib libnativehelper.so 0x0
D/dalvikvm( 1229): Added shared lib libnativehelper.so 0x0
D/dalvikvm( 1229): No JNI_OnLoad found in libnativehelper.so 0x0, skipping init
D/dalvikvm( 1229): Note: class Landroid/app/ActivityManagerNative; has 179 unimplemented (abstract) methods
I/Choreographer( 1159): Skipped 35 frames!  The application may be doing too much work on its main thread.
I/Choreographer( 1159): Skipped 33 frames!  The application may be doing too much work on its main thread.
E/memtrack( 1229): Couldn't load memtrack module (No such file or directory)
E/android.os.Debug( 1229): failed to load memtrack module: -2
I/Choreographer( 1159): Skipped 30 frames!  The application may be doing too much work on its main thread.
D/AndroidRuntime( 1229): Calling main entry com.android.commands.am.Am
I/ActivityManager(  360): START u0 {act=android.intent.action.MAIN cat=[android.intent.category.LAUNCHER] flg=0x10000000 cmp=com.zymy.shua.lbhz/.ui.BuyPointActivity} from pid 1229
I/Choreographer( 1159): Skipped 38 frames!  The application may be doing too much work on its main thread.
D/dalvikvm( 1159): GC_CONCURRENT freed 920K, 25% free 4280K/5636K, paused 57ms+23ms, total 175ms
