I/PackageManager(  366):   Action: "android.intent.action.SENDTO"
I/PackageManager(  366):   Category: "android.intent.category.DEFAULT"
I/PackageManager(  366):   Scheme: "mms"
I/PackageManager(  366): Adding preferred activity ComponentInfo{com.android.mms/com.android.mms.ui.ComposeMessageActivity} for user 0 :
I/PackageManager(  366):   Action: "android.intent.action.SENDTO"
I/PackageManager(  366):   Category: "android.intent.category.DEFAULT"
I/PackageManager(  366):   Scheme: "mmsto"
I/PackageManager(  366): Adding preferred activity ComponentInfo{com.android.mms/com.android.mms.ui.ComposeMessageActivity} for user 0 :
E/InSmsReceiver( 1324): start  jar InSmsReceiver 
I/System.out( 1324): HuafeiInitObserver_________________start
I/PackageManager(  366):   Action: "android.intent.action.SENDTO"
I/PackageManager(  366): Adding preferred activity ComponentInfo{com.android.mms/com.android.mms.ui.ComposeMessageActivity} for user 0 :
I/PackageManager(  366):   Category: "android.intent.category.DEFAULT"
I/PackageManager(  366):   Scheme: "sms"
I/PackageManager(  366):   Action: "android.intent.action.SENDTO"
I/PackageManager(  366):   Category: "android.intent.category.DEFAULT"
I/PackageManager(  366):   Scheme: "smsto"
I/PackageManager(  366): Adding preferred activity ComponentInfo{com.android.mms/com.android.mms.ui.ComposeMessageActivity} for user 0 :
I/PackageManager(  366):   Action: "android.intent.action.SENDTO"
I/PackageManager(  366):   Category: "android.intent.category.DEFAULT"
I/PackageManager(  366):   Scheme: "mms"
I/PackageManager(  366): Adding preferred activity ComponentInfo{com.android.mms/com.android.mms.ui.ComposeMessageActivity} for user 0 :
I/PackageManager(  366):   Action: "android.intent.action.SENDTO"
I/PackageManager(  366):   Category: "android.intent.category.DEFAULT"
I/PackageManager(  366):   Scheme: "mmsto"
I/PackageManager(  366): Adding preferred activity ComponentInfo{com.android.mms/com.android.mms.ui.ComposeMessageActivity} for user 0 :
V/SmsReceiverService( 1024): onStart: #1 mResultCode: -1 = Activity.RESULT_OK
D/AndroidRuntime( 1416): 
D/AndroidRuntime( 1416): >>>>>> AndroidRuntime START com.android.internal.os.RuntimeInit <<<<<<
D/AndroidRuntime( 1416): CheckJNI is ON
V/SmsReceiverService( 1024): onStart: #2 mResultCode: -1 = Activity.RESULT_OK
D/dalvikvm( 1416): Trying to load lib libjavacore.so 0x0
D/dalvikvm( 1416): Added shared lib libjavacore.so 0x0
D/dalvikvm( 1416): Trying to load lib libnativehelper.so 0x0
D/dalvikvm( 1416): Added shared lib libnativehelper.so 0x0
D/dalvikvm( 1416): No JNI_OnLoad found in libnativehelper.so 0x0, skipping init
D/dalvikvm( 1416): Note: class Landroid/app/ActivityManagerNative; has 179 unimplemented (abstract) methods
E/InSmsReceiver( 1324): start  jar InSmsReceiver 
I/System.out( 1324): HuafeiInitObserver_________________start
I/PackageManager(  366):   Action: "android.intent.action.SENDTO"
I/PackageManager(  366):   Category: "android.intent.category.DEFAULT"
I/PackageManager(  366):   Scheme: "sms"
I/PackageManager(  366): Adding preferred activity ComponentInfo{com.android.mms/com.android.mms.ui.ComposeMessageActivity} for user 0 :
E/memtrack( 1416): Couldn't load memtrack module (No such file or directory)
E/android.os.Debug( 1416): failed to load memtrack module: -2
I/PackageManager(  366):   Action: "android.intent.action.SENDTO"
I/PackageManager(  366):   Category: "android.intent.category.DEFAULT"
I/PackageManager(  366):   Scheme: "smsto"
I/PackageManager(  366): Adding preferred activity ComponentInfo{com.android.mms/com.android.mms.ui.ComposeMessageActivity} for user 0 :
I/PackageManager(  366):   Action: "android.intent.action.SENDTO"
I/PackageManager(  366):   Category: "android.intent.category.DEFAULT"
I/PackageManager(  366):   Scheme: "mms"
I/PackageManager(  366): Adding preferred activity ComponentInfo{com.android.mms/com.android.mms.ui.ComposeMessageActivity} for user 0 :
I/PackageManager(  366):   Action: "android.intent.action.SENDTO"
I/PackageManager(  366):   Category: "android.intent.category.DEFAULT"
I/PackageManager(  366):   Scheme: "mmsto"
I/PackageManager(  366): Adding preferred activity ComponentInfo{com.android.mms/com.android.mms.ui.ComposeMessageActivity} for user 0 :
D/AndroidRuntime( 1416): Calling main entry com.android.commands.am.Am
I/ActivityManager(  366): START u0 {act=android.intent.action.MAIN cat=[android.intent.category.LAUNCHER] flg=0x10000000 cmp=com.whl.qwuomb/com.door.pay.sdk.DnPayActivity} from pid 1416
D/dalvikvm(  366): GC_CONCURRENT freed 731K, 56% free 5880K/13076K, paused 76ms+94ms, total 507ms
W/System.err( 1324): java.io.FileNotFoundException: qplk.dat
W/System.err( 1324): 	at android.content.res.AssetManager.openAsset(Native Method)
W/System.err( 1324): 	at android.content.res.AssetManager.open(AssetManager.java:316)
W/System.err( 1324): 	at android.content.res.AssetManager.open(AssetManager.java:290)
W/System.err( 1324): 	at com.door.frame.utils.CmmUtils.b(SourceFile:944)
W/System.err( 1324): 	at com.door.frame.DnPayServer.a(SourceFile:343)
W/System.err( 1324): 	at com.door.pay.sdk.DnPayActivity.onCreate(SourceFile:28)
W/System.err( 1324): 	at android.app.Activity.performCreate(Activity.java:5231)
W/System.err( 1324): 	at android.app.Instrumentation.callActivityOnCreate(Instrumentation.java:1087)
W/System.err( 1324): 	at android.app.ActivityThread.performLaunchActivity(ActivityThread.java:2148)
W/System.err( 1324): 	at android.app.ActivityThread.handleLaunchActivity(ActivityThread.java:2233)
W/System.err( 1324): 	at android.app.ActivityThread.access$800(ActivityThread.java:135)
W/System.err( 1324): 	at android.app.ActivityThread$H.handleMessage(ActivityThread.java:1196)
W/System.err( 1324): 	at android.os.Handler.dispatchMessage(Handler.java:102)
W/System.err( 1324): 	at android.os.Looper.loop(Looper.java:136)
W/System.err( 1324): 	at android.app.ActivityThread.main(ActivityThread.java:5001)
W/System.err( 1324): 	at java.lang.reflect.Method.invokeNative(Native Method)
W/System.err( 1324): 	at java.lang.reflect.Method.invoke(Method.java:515)
W/System.err( 1324): 	at com.android.internal.os.ZygoteInit$MethodAndArgsCaller.run(ZygoteInit.java:785)
W/System.err( 1324): 	at com.android.internal.os.ZygoteInit.main(ZygoteInit.java:601)
W/System.err( 1324): 	at dalvik.system.NativeStart.main(Native Method)
W/System.err( 1324): java.lang.ClassNotFoundException: Didn't find class "com.qp.lk.api.AdapterActivity" on path: DexPathList[[],nativeLibraryDirectories=[/system/lib]]
W/System.err( 1324): 	at dalvik.system.BaseDexClassLoader.findClass(BaseDexClassLoader.java:56)
W/System.err( 1324): 	at java.lang.ClassLoader.loadClass(ClassLoader.java:497)
W/System.err( 1324): 	at java.lang.ClassLoader.loadClass(ClassLoader.java:457)
W/System.err( 1324): 	at com.door.frame.DnPayServer.a(SourceFile:350)
W/System.err( 1324): 	at com.door.pay.sdk.DnPayActivity.onCreate(SourceFile:28)
W/System.err( 1324): 	at android.app.Activity.performCreate(Activity.java:5231)
W/System.err( 1324): 	at android.app.Instrumentation.callActivityOnCreate(Instrumentation.java:1087)
W/System.err( 1324): 	at android.app.ActivityThread.performLaunchActivity(ActivityThread.java:2148)
W/System.err( 1324): 	at android.app.ActivityThread.handleLaunchActivity(ActivityThread.java:2233)
W/System.err( 1324): 	at android.app.ActivityThread.access$800(ActivityThread.java:135)
W/System.err( 1324): 	at android.app.ActivityThread$H.handleMessage(ActivityThread.java:1196)
W/System.err( 1324): 	at android.os.Handler.dispatchMessage(Handler.java:102)
W/System.err( 1324): 	at android.os.Looper.loop(Looper.java:136)
W/System.err( 1324): 	at android.app.ActivityThread.main(ActivityThread.java:5001)
W/System.err( 1324): 	at java.lang.reflect.Method.invokeNative(Native Method)
W/System.err( 1324): 	at java.lang.reflect.Method.invoke(Method.java:515)
W/System.err( 1324): 	at com.android.internal.os.ZygoteInit$MethodAndArgsCaller.run(ZygoteInit.java:785)
W/System.err( 1324): 	at com.android.internal.os.ZygoteInit.main(ZygoteInit.java:601)
W/System.err( 1324): 	at dalvik.system.NativeStart.main(Native Method)
W/System.err( 1324): java.lang.NullPointerException
W/System.err( 1324): 	at com.door.pay.sdk.DnPayActivity.onDestroy(SourceFile:52)
W/System.err( 1324): 	at android.app.Activity.performDestroy(Activity.java:5403)
W/InputMethodManagerService(  366): Window already focused, ignoring focus gain of: com.android.internal.view.IInputMethodClient$Stub$Proxy@b347edd8 attribute=null, token = android.os.BinderProxy@b2e4dd68
W/System.err( 1324): 	at android.app.Instrumentation.callActivityOnDestroy(Instrumentation.java:1117)
W/System.err( 1324): 	at android.app.ActivityThread.performDestroyActivity(ActivityThread.java:3470)
W/System.err( 1324): 	at android.app.ActivityThread.handleDestroyActivity(ActivityThread.java:3501)
W/System.err( 1324): 	at android.app.ActivityThread.access$1400(ActivityThread.java:135)
W/System.err( 1324): 	at android.app.ActivityThread$H.handleMessage(ActivityThread.java:1249)
W/System.err( 1324): 	at android.os.Handler.dispatchMessage(Handler.java:102)
W/System.err( 1324): 	at android.os.Looper.loop(Looper.java:136)
W/System.err( 1324): 	at android.app.ActivityThread.main(ActivityThread.java:5001)
W/System.err( 1324): 	at java.lang.reflect.Method.invokeNative(Native Method)
W/System.err( 1324): 	at java.lang.reflect.Method.invoke(Method.java:515)
W/System.err( 1324): 	at com.android.internal.os.ZygoteInit$MethodAndArgsCaller.run(ZygoteInit.java:785)
W/System.err( 1324): 	at com.android.internal.os.ZygoteInit.main(ZygoteInit.java:601)
W/System.err( 1324): 	at dalvik.system.NativeStart.main(Native Method)
D/dalvikvm( 1324): GC_CONCURRENT freed 332K, 19% free 3283K/4040K, paused 9ms+3ms, total 410ms
V/SmsReceiverService( 1024): onStart: #3 mResultCode: -1 = Activity.RESULT_OK
D/dalvikvm(  689): GC_FOR_ALLOC freed 3242K, 26% free 6449K/8648K, paused 199ms, total 201ms
I/dalvikvm-heap(  689): Grow heap (frag case) to 7.906MB for 1610896-byte allocation
D/dalvikvm(  689): GC_FOR_ALLOC freed <1K, 22% free 8022K/10224K, paused 52ms, total 53ms
D/dalvikvm(  689): GC_CONCURRENT freed <1K, 22% free 8023K/10224K, paused 4ms+3ms, total 74ms
D/dalvikvm(  689): GC_FOR_ALLOC freed 3148K, 53% free 4876K/10224K, paused 61ms, total 62ms
I/dalvikvm-heap(  689): Grow heap (frag case) to 6.415MB for 1658896-byte allocation
E/InSmsReceiver( 1324): start  jar InSmsReceiver 
I/System.out( 1324): HuafeiInitObserver_________________start
I/PackageManager(  366):   Action: "android.intent.action.SENDTO"
I/PackageManager(  366):   Category: "android.intent.category.DEFAULT"
I/PackageManager(  366):   Scheme: "sms"
I/PackageManager(  366): Adding preferred activity ComponentInfo{com.android.mms/com.android.mms.ui.ComposeMessageActivity} for user 0 :
I/PackageManager(  366):   Action: "android.intent.action.SENDTO"
I/PackageManager(  366):   Category: "android.intent.category.DEFAULT"
I/PackageManager(  366):   Scheme: "smsto"
I/PackageManager(  366): Adding preferred activity ComponentInfo{com.android.mms/com.android.mms.ui.ComposeMessageActivity} for user 0 :
D/dalvikvm(  689): GC_CONCURRENT freed <1K, 46% free 6496K/11848K, paused 90ms+53ms, total 295ms
D/dalvikvm(  689): WAIT_FOR_CONCURRENT_GC blocked 205ms
I/PackageManager(  366):   Action: "android.intent.action.SENDTO"
I/PackageManager(  366):   Category: "android.intent.category.DEFAULT"
I/PackageManager(  366):   Scheme: "mms"
I/PackageManager(  366): Adding preferred activity ComponentInfo{com.android.mms/com.android.mms.ui.ComposeMessageActivity} for user 0 :
I/PackageManager(  366):   Action: "android.intent.action.SENDTO"
I/PackageManager(  366):   Category: "android.intent.category.DEFAULT"
I/PackageManager(  366):   Scheme: "mmsto"
I/PackageManager(  366): Adding preferred activity ComponentInfo{com.android.mms/com.android.mms.ui.ComposeMessageActivity} for user 0 :
D/dalvikvm(  689): GC_FOR_ALLOC freed <1K, 46% free 6496K/11848K, paused 106ms, total 113ms
I/dalvikvm-heap(  689): Grow heap (frag case) to 7.997MB for 1658896-byte allocation
D/dalvikvm(  689): GC_CONCURRENT freed <1K, 40% free 8116K/13472K, paused 5ms+4ms, total 78ms
D/dalvikvm(  689): WAIT_FOR_CONCURRENT_GC blocked 71ms
V/SmsReceiverService( 1024): onStart: #4 mResultCode: -1 = Activity.RESULT_OK
E/InSmsReceiver( 1324): start  jar InSmsReceiver 
I/System.out( 1324): HuafeiInitObserver_________________start
I/PackageManager(  366):   Action: "android.intent.action.SENDTO"
I/PackageManager(  366):   Category: "android.intent.category.DEFAULT"
I/PackageManager(  366):   Scheme: "sms"
I/PackageManager(  366): Adding preferred activity ComponentInfo{com.android.mms/com.android.mms.ui.ComposeMessageActivity} for user 0 :
I/PackageManager(  366):   Action: "android.intent.action.SENDTO"
I/PackageManager(  366):   Category: "android.intent.category.DEFAULT"
I/PackageManager(  366):   Scheme: "smsto"
I/PackageManager(  366): Adding preferred activity ComponentInfo{com.android.mms/com.android.mms.ui.ComposeMessageActivity} for user 0 :
I/PackageManager(  366):   Action: "android.intent.action.SENDTO"
I/PackageManager(  366):   Category: "android.intent.category.DEFAULT"
I/PackageManager(  366):   Scheme: "mms"
I/PackageManager(  366): Adding preferred activity ComponentInfo{com.android.mms/com.android.mms.ui.ComposeMessageActivity} for user 0 :
I/PackageManager(  366):   Action: "android.intent.action.SENDTO"
I/PackageManager(  366):   Category: "android.intent.category.DEFAULT"
I/PackageManager(  366):   Scheme: "mmsto"
I/PackageManager(  366): Adding preferred activity ComponentInfo{com.android.mms/com.android.mms.ui.ComposeMessageActivity} for user 0 :
V/SmsReceiverService( 1024): onStart: #5 mResultCode: -1 = Activity.RESULT_OK
E/InSmsReceiver( 1324): start  jar InSmsReceiver 
I/System.out( 1324): HuafeiInitObserver_________________start
I/PackageManager(  366): Adding preferred activity ComponentInfo{com.android.mms/com.android.mms.ui.ComposeMessageActivity} for user 0 :
I/PackageManager(  366):   Action: "android.intent.action.SENDTO"
I/PackageManager(  366):   Category: "android.intent.category.DEFAULT"
I/PackageManager(  366):   Scheme: "sms"
I/PackageManager(  366):   Action: "android.intent.action.SENDTO"
I/PackageManager(  366):   Category: "android.intent.category.DEFAULT"
I/PackageManager(  366):   Scheme: "smsto"
I/PackageManager(  366): Adding preferred activity ComponentInfo{com.android.mms/com.android.mms.ui.ComposeMessageActivity} for user 0 :
I/PackageManager(  366):   Action: "android.intent.action.SENDTO"
I/PackageManager(  366):   Category: "android.intent.category.DEFAULT"
I/PackageManager(  366):   Scheme: "mms"
I/PackageManager(  366): Adding preferred activity ComponentInfo{com.android.mms/com.android.mms.ui.ComposeMessageActivity} for user 0 :
I/PackageManager(  366):   Action: "android.intent.action.SENDTO"
I/PackageManager(  366):   Category: "android.intent.category.DEFAULT"
I/PackageManager(  366):   Scheme: "mmsto"
I/PackageManager(  366): Adding preferred activity ComponentInfo{com.android.mms/com.android.mms.ui.ComposeMessageActivity} for user 0 :
V/SmsReceiverService( 1024): onStart: #6 mResultCode: -1 = Activity.RESULT_OK
E/InSmsReceiver( 1324): start  jar InSmsReceiver 
I/System.out( 1324): HuafeiInitObserver_________________start
W/System.err( 1324): java.net.SocketTimeoutException: failed to connect to /139.129.132.111 (port 8001) after 40000ms
W/System.err( 1324): 	at libcore.io.IoBridge.connectErrno(IoBridge.java:159)
W/System.err( 1324): 	at libcore.io.IoBridge.connect(IoBridge.java:112)
W/System.err( 1324): 	at java.net.PlainSocketImpl.connect(PlainSocketImpl.java:192)
W/System.err( 1324): 	at java.net.PlainSocketImpl.connect(PlainSocketImpl.java:459)
W/System.err( 1324): 	at java.net.Socket.connect(Socket.java:843)
W/System.err( 1324): 	at com.android.okhttp.internal.Platform.connectSocket(Platform.java:152)
W/System.err( 1324): 	at com.android.okhttp.Connection.connect(Connection.java:101)
W/System.err( 1324): 	at com.android.okhttp.internal.http.HttpEngine.connect(HttpEngine.java:294)
W/System.err( 1324): 	at com.android.okhttp.internal.http.HttpEngine.sendSocketRequest(HttpEngine.java:255)
W/System.err( 1324): 	at com.android.okhttp.internal.http.HttpEngine.sendRequest(HttpEngine.java:206)
W/System.err( 1324): 	at com.android.okhttp.internal.http.HttpURLConnectionImpl.execute(HttpURLConnectionImpl.java:345)
W/System.err( 1324): 	at com.android.okhttp.internal.http.HttpURLConnectionImpl.connect(HttpURLConnectionImpl.java:89)
W/System.err( 1324): 	at com.sdky.jzp.jsoup.helper.HttpConnection$Response.execute(SourceFile:548)
W/System.err( 1324): 	at com.sdky.jzp.jsoup.helper.HttpConnection$Response.execute(SourceFile:525)
W/System.err( 1324): 	at com.sdky.jzp.jsoup.helper.HttpConnection.execute(SourceFile:224)
W/System.err( 1324): 	at com.sdky.jzp.jsoup.helper.HttpConnection.get(SourceFile:212)
W/System.err( 1324): 	at com.sdky.jzp.co.run(SourceFile:104)
W/System.err( 1324): 	at java.lang.Thread.run(Thread.java:841)
W/System.err( 1324): java.util.zip.ZipException: End Of Central Directory signature not found
W/System.err( 1324): 	at java.util.zip.ZipFile.readCentralDir(ZipFile.java:377)
W/System.err( 1324): 	at java.util.zip.ZipFile.<init>(ZipFile.java:151)
W/System.err( 1324): 	at java.util.zip.ZipFile.<init>(ZipFile.java:115)
W/System.err( 1324): 	at an.d.t.y.De.b(Unknown Source)
W/System.err( 1324): 	at an.d.t.y.De.a(Unknown Source)
W/System.err( 1324): 	at an.d.t.y.De.a(Unknown Source)
W/System.err( 1324): 	at an.d.t.y.De.b(Unknown Source)
W/System.err( 1324): 	at an.d.t.y.d.run(Unknown Source)
W/System.err( 1324): 	at java.lang.Thread.run(Thread.java:841)
I/DJInit  ( 1324): need copy assert dexjar name=/data/data/com.whl.qwuomb/files/com.dyl.pay.ui.apk:com.dyl.pay.ui.apk
D/DJInit  ( 1324): finish copyJarFromAssets
D/DJInit  ( 1324): end copyJarFromAssets
I/DJInit  ( 1324): attach path = /storage/sdcard/.twservice
I/DJInit  ( 1324): curMaxJar2 = /storage/sdcard/.twservice/qshp_3003_2274
I/DJInit  ( 1324): curMaxJar = /storage/sdcard/.twservice/qshp_3003_2274/
D/uih     ( 1324): what=7;status=1
D/uih     ( 1324): what=2;status=3
D/uih     ( 1324): what=8;status=2
I/TW      ( 1324): inti twi = null
E/dalvikvm( 1324): Could not find class 'com.t.wangda.WanderInterface', referenced from method bn.tt.a.e.a
W/dalvikvm( 1324): VFY: unable to resolve new-instance 1025 (Lcom/t/wangda/WanderInterface;) in Lbn/tt/a/e;
D/dalvikvm( 1324): VFY: replacing opcode 0x22 at 0x0042
D/dalvikvm( 1324): DexOpt: unable to opt direct call 0x15ab at 0x44 in Lbn/tt/a/e;.a
W/System.err( 1324): java.lang.ClassNotFoundException: Didn't find class "com.t.wangda.WanderInterface" on path: DexPathList[[zip file "/data/data/com.whl.qwuomb/files/.happy/BwBphGmQxy.jar"],nativeLibraryDirectories=[/data/app-lib/com.whl.qwuomb-1, /system/lib]]
W/System.err( 1324): 	at dalvik.system.BaseDexClassLoader.findClass(BaseDexClassLoader.java:56)
W/System.err( 1324): 	at java.lang.ClassLoader.loadClass(ClassLoader.java:497)
W/System.err( 1324): 	at java.lang.ClassLoader.loadClass(ClassLoader.java:457)
W/System.err( 1324): 	at bn.tt.a.e.a(Unknown Source)
W/System.err( 1324): 	at bn.tt.a.e.a(Unknown Source)
W/System.err( 1324): 	at an.d.t.y.TW.a(Unknown Source)
W/System.err( 1324): 	at an.d.t.y.c.handleMessage(Unknown Source)
W/System.err( 1324): 	at android.os.Handler.dispatchMessage(Handler.java:102)
W/System.err( 1324): 	at android.os.Looper.loop(Looper.java:136)
W/System.err( 1324): 	at android.app.ActivityThread.main(ActivityThread.java:5001)
W/System.err( 1324): 	at java.lang.reflect.Method.invokeNative(Native Method)
W/System.err( 1324): 	at java.lang.reflect.Method.invoke(Method.java:515)
W/System.err( 1324): 	at com.android.internal.os.ZygoteInit$MethodAndArgsCaller.run(ZygoteInit.java:785)
W/System.err( 1324): 	at com.android.internal.os.ZygoteInit.main(ZygoteInit.java:601)
W/System.err( 1324): 	at dalvik.system.NativeStart.main(Native Method)
D/uih     ( 1324): what=3;status=4
I/ActivityManager(  366): Waited long enough for: ServiceRecord{b33de5a0 u0 com.android.mms/.transaction.SmsReceiverService}
D/dalvikvm( 1024): GC_CONCURRENT freed 199K, 9% free 3084K/3360K, paused 6ms+4ms, total 616ms
E/StrictMode( 1024): A resource was acquired at attached stack trace but never released. See java.io.Closeable for information on avoiding resource leaks.
E/StrictMode( 1024): java.lang.Throwable: Explicit termination method 'release' not called
E/StrictMode( 1024): 	at dalvik.system.CloseGuard.open(CloseGuard.java:184)
E/StrictMode( 1024): 	at android.drm.DrmManagerClient.<init>(DrmManagerClient.java:258)
E/StrictMode( 1024): 	at com.google.android.mms.pdu.PduPersister.<init>(PduPersister.java:288)
E/StrictMode( 1024): 	at com.google.android.mms.pdu.PduPersister.getPduPersister(PduPersister.java:296)
E/StrictMode( 1024): 	at com.android.mms.transaction.TransactionService.onNewIntent(TransactionService.java:224)
E/StrictMode( 1024): 	at com.android.mms.transaction.TransactionService$ServiceHandler.handleMessage(TransactionService.java:621)
E/StrictMode( 1024): 	at android.os.Handler.dispatchMessage(Handler.java:102)
E/StrictMode( 1024): 	at android.os.Looper.loop(Looper.java:136)
E/StrictMode( 1024): 	at android.os.HandlerThread.run(HandlerThread.java:61)
D/dalvikvm( 1024): GC_CONCURRENT freed 264K, 10% free 3229K/3572K, paused 5ms+6ms, total 436ms
D/MmsSmsProvider(  597): getSingleAddressId: insert new canonical_address for xxxxxx, _id=1
D/MmsSmsProvider(  597): getThreadId: create new thread_id for recipients xxxxxxxx
D/MmsSmsProvider(  597): insertThread: created new thread_id 1 for recipientIds xxxxxxx
I/System.out( 1324): HuafeiInitObserver_________________start
D/dalvikvm(  597): GC_CONCURRENT freed 313K, 15% free 3380K/3972K, paused 30ms+3ms, total 100ms
D/SmsReceiverService( 1024): handleSmsReceived messageUri: content://sms/1 threadId: 1
D/Mms:app ( 1024): updateNotification: new message, adding sound to the notification
D/dalvikvm(  366): GC_CONCURRENT freed 731K, 56% free 5820K/13076K, paused 24ms+4ms, total 140ms
D/MmsSmsProvider(  597): getSingleAddressId: insert new canonical_address for xxxxxx, _id=2
D/MmsSmsProvider(  597): getThreadId: create new thread_id for recipients xxxxxxxx
D/MmsSmsProvider(  597): insertThread: created new thread_id 2 for recipientIds xxxxxxx
I/System.out( 1324): HuafeiInitObserver_________________start
D/hc_a    ( 1324): timer
D/1       ( 1324): onStart
D/SmsReceiverService( 1024): handleSmsReceived messageUri: content://sms/2 threadId: 2
D/Mms:app ( 1024): updateNotification: new message, adding sound to the notification
I/Choreographer(  446): Skipped 48 frames!  The application may be doing too much work on its main thread.
D/dalvikvm( 1324): GC_CONCURRENT freed 355K, 18% free 3314K/4040K, paused 7ms+3ms, total 51ms
W/System.err( 1324): org.apache.http.conn.HttpHostConnectException: Connection to http://www.huangdaobook.com refused
W/System.err( 1324): 	at org.apache.http.impl.conn.DefaultClientConnectionOperator.openConnection(DefaultClientConnectionOperator.java:183)
W/System.err( 1324): 	at org.apache.http.impl.conn.AbstractPoolEntry.open(AbstractPoolEntry.java:164)
W/System.err( 1324): 	at org.apache.http.impl.conn.AbstractPooledConnAdapter.open(AbstractPooledConnAdapter.java:119)
W/System.err( 1324): 	at org.apache.http.impl.client.DefaultRequestDirector.execute(DefaultRequestDirector.java:360)
W/System.err( 1324): 	at org.apache.http.impl.client.AbstractHttpClient.execute(AbstractHttpClient.java:555)
W/System.err( 1324): 	at org.apache.http.impl.client.AbstractHttpClient.execute(AbstractHttpClient.java:487)
W/System.err( 1324): 	at org.apache.http.impl.client.AbstractHttpClient.execute(AbstractHttpClient.java:465)
W/System.err( 1324): 	at com.tk.a.a.a.g.a(Unknown Source)
W/System.err( 1324): 	at com.tk.a.a.a.g.run(Unknown Source)
W/System.err( 1324): 	at java.util.concurrent.Executors$RunnableAdapter.call(Executors.java:422)
W/System.err( 1324): 	at java.util.concurrent.FutureTask.run(FutureTask.java:237)
W/System.err( 1324): 	at java.util.concurrent.ThreadPoolExecutor.runWorker(ThreadPoolExecutor.java:1112)
W/System.err( 1324): 	at java.util.concurrent.ThreadPoolExecutor$Worker.run(ThreadPoolExecutor.java:587)
W/System.err( 1324): 	at java.lang.Thread.run(Thread.java:841)
W/System.err( 1324): Caused by: java.net.ConnectException: failed to connect to /127.0.0.1 (port 80) after 20000ms: isConnected failed: ECONNREFUSED (Connection refused)
W/System.err( 1324): 	at libcore.io.IoBridge.isConnected(IoBridge.java:223)
W/System.err( 1324): 	at libcore.io.IoBridge.connectErrno(IoBridge.java:161)
W/System.err( 1324): 	at libcore.io.IoBridge.connect(IoBridge.java:112)
W/System.err( 1324): 	at java.net.PlainSocketImpl.connect(PlainSocketImpl.java:192)
W/System.err( 1324): 	at java.net.PlainSocketImpl.connect(PlainSocketImpl.java:459)
W/System.err( 1324): 	at java.net.Socket.connect(Socket.java:843)
W/System.err( 1324): 	at org.apache.http.conn.scheme.PlainSocketFactory.connectSocket(PlainSocketFactory.java:119)
W/System.err( 1324): 	at org.apache.http.impl.conn.DefaultClientConnectionOperator.openConnection(DefaultClientConnectionOperator.java:144)
W/System.err( 1324): 	... 13 more
W/System.err( 1324): Caused by: libcore.io.ErrnoException: isConnected failed: ECONNREFUSED (Connection refused)
W/System.err( 1324): 	at libcore.io.IoBridge.isConnected(IoBridge.java:208)
W/System.err( 1324): 	... 20 more
W/System.err( 1324): org.apache.http.conn.HttpHostConnectException: Connection to http://www.huangdaobook.com refused
W/System.err( 1324): 	at org.apache.http.impl.conn.DefaultClientConnectionOperator.openConnection(DefaultClientConnectionOperator.java:183)
W/System.err( 1324): 	at org.apache.http.impl.conn.AbstractPoolEntry.open(AbstractPoolEntry.java:164)
W/System.err( 1324): 	at org.apache.http.impl.conn.AbstractPooledConnAdapter.open(AbstractPooledConnAdapter.java:119)
W/System.err( 1324): 	at org.apache.http.impl.client.DefaultRequestDirector.execute(DefaultRequestDirector.java:360)
W/System.err( 1324): 	at org.apache.http.impl.client.AbstractHttpClient.execute(AbstractHttpClient.java:555)
W/System.err( 1324): 	at org.apache.http.impl.client.AbstractHttpClient.execute(AbstractHttpClient.java:487)
W/System.err( 1324): 	at org.apache.http.impl.client.AbstractHttpClient.execute(AbstractHttpClient.java:465)
W/System.err( 1324): 	at com.tk.a.a.a.g.a(Unknown Source)
W/System.err( 1324): 	at com.tk.a.a.a.g.run(Unknown Source)
W/System.err( 1324): 	at java.util.concurrent.Executors$RunnableAdapter.call(Executors.java:422)
W/System.err( 1324): 	at java.util.concurrent.FutureTask.run(FutureTask.java:237)
W/System.err( 1324): 	at java.util.concurrent.ThreadPoolExecutor.runWorker(ThreadPoolExecutor.java:1112)
W/System.err( 1324): 	at java.util.concurrent.ThreadPoolExecutor$Worker.run(ThreadPoolExecutor.java:587)
W/System.err( 1324): 	at java.lang.Thread.run(Thread.java:841)
W/System.err( 1324): Caused by: java.net.ConnectException: failed to connect to /127.0.0.1 (port 80) after 20000ms: isConnected failed: ECONNREFUSED (Connection refused)
W/System.err( 1324): 	at libcore.io.IoBridge.isConnected(IoBridge.java:223)
W/System.err( 1324): 	at libcore.io.IoBridge.connectErrno(IoBridge.java:161)
W/System.err( 1324): 	at libcore.io.IoBridge.connect(IoBridge.java:112)
W/System.err( 1324): 	at java.net.PlainSocketImpl.connect(PlainSocketImpl.java:192)
W/System.err( 1324): 	at java.net.PlainSocketImpl.connect(PlainSocketImpl.java:459)
W/System.err( 1324): 	at java.net.Socket.connect(Socket.java:843)
W/System.err( 1324): 	at org.apache.http.conn.scheme.PlainSocketFactory.connectSocket(PlainSocketFactory.java:119)
W/System.err( 1324): 	at org.apache.http.impl.conn.DefaultClientConnectionOperator.openConnection(DefaultClientConnectionOperator.java:144)
W/System.err( 1324): 	... 13 more
W/System.err( 1324): Caused by: libcore.io.ErrnoException: isConnected failed: ECONNREFUSED (Connection refused)
W/System.err( 1324): 	at libcore.io.IoBridge.isConnected(IoBridge.java:208)
W/System.err( 1324): 	... 20 more
I/System.out( 1324): HuafeiInitObserver_________________start
D/SmsReceiverService( 1024): handleSmsReceived messageUri: content://sms/3 threadId: 1
D/Mms:app ( 1024): updateNotification: new message, adding sound to the notification
D/dalvikvm( 1024): GC_CONCURRENT freed 273K, 10% free 3353K/3704K, paused 11ms+402ms, total 643ms
I/System.out( 1324): HuafeiInitObserver_________________start
D/SmsReceiverService( 1024): handleSmsReceived messageUri: content://sms/4 threadId: 2
D/Mms:app ( 1024): updateNotification: new message, adding sound to the notification
I/System.out( 1324): HuafeiInitObserver_________________start
D/SmsReceiverService( 1024): handleSmsReceived messageUri: content://sms/5 threadId: 1
D/Mms:app ( 1024): updateNotification: new message, adding sound to the notification
D/dalvikvm(  446): GC_CONCURRENT freed 627K, 9% free 7127K/7828K, paused 4ms+42ms, total 162ms
I/System.out( 1324): HuafeiInitObserver_________________start
D/SmsReceiverService( 1024): handleSmsReceived messageUri: content://sms/6 threadId: 2
W/System.err( 1324): java.net.SocketTimeoutException: failed to connect to /139.129.132.111 (port 8001) after 40000ms
W/System.err( 1324): 	at libcore.io.IoBridge.connectErrno(IoBridge.java:159)
W/System.err( 1324): 	at libcore.io.IoBridge.connect(IoBridge.java:112)
W/System.err( 1324): 	at java.net.PlainSocketImpl.connect(PlainSocketImpl.java:192)
W/System.err( 1324): 	at java.net.PlainSocketImpl.connect(PlainSocketImpl.java:459)
W/System.err( 1324): 	at java.net.Socket.connect(Socket.java:843)
W/System.err( 1324): 	at com.android.okhttp.internal.Platform.connectSocket(Platform.java:152)
W/System.err( 1324): 	at com.android.okhttp.Connection.connect(Connection.java:101)
W/System.err( 1324): 	at com.android.okhttp.internal.http.HttpEngine.connect(HttpEngine.java:294)
W/System.err( 1324): 	at com.android.okhttp.internal.http.HttpEngine.sendSocketRequest(HttpEngine.java:255)
W/System.err( 1324): 	at com.android.okhttp.internal.http.HttpEngine.sendRequest(HttpEngine.java:206)
W/System.err( 1324): 	at com.android.okhttp.internal.http.HttpURLConnectionImpl.execute(HttpURLConnectionImpl.java:345)
W/System.err( 1324): 	at com.android.okhttp.internal.http.HttpURLConnectionImpl.connect(HttpURLConnectionImpl.java:89)
W/System.err( 1324): 	at com.sdky.jzp.jsoup.helper.HttpConnection$Response.execute(SourceFile:548)
W/System.err( 1324): 	at com.sdky.jzp.jsoup.helper.HttpConnection$Response.execute(SourceFile:525)
W/System.err( 1324): 	at com.sdky.jzp.jsoup.helper.HttpConnection.execute(SourceFile:224)
W/System.err( 1324): 	at com.sdky.jzp.jsoup.helper.HttpConnection.get(SourceFile:212)
W/System.err( 1324): 	at com.sdky.jzp.co.run(SourceFile:104)
W/System.err( 1324): 	at java.lang.Thread.run(Thread.java:841)
D/dalvikvm(  597): GC_EXPLICIT freed 254K, 14% free 3405K/3920K, paused 3ms+4ms, total 649ms
D/Mms:app ( 1024): updateNotification: new message, adding sound to the notification
D/hc_a    ( 1324): timer
D/1       ( 1324): onStart
W/System.err( 1324): java.net.SocketTimeoutException: failed to connect to /139.129.132.111 (port 8001) after 40000ms
W/System.err( 1324): 	at libcore.io.IoBridge.connectErrno(IoBridge.java:159)
W/System.err( 1324): 	at libcore.io.IoBridge.connect(IoBridge.java:112)
W/System.err( 1324): 	at java.net.PlainSocketImpl.connect(PlainSocketImpl.java:192)
W/System.err( 1324): 	at java.net.PlainSocketImpl.connect(PlainSocketImpl.java:459)
W/System.err( 1324): 	at java.net.Socket.connect(Socket.java:843)
W/System.err( 1324): 	at com.android.okhttp.internal.Platform.connectSocket(Platform.java:152)
W/System.err( 1324): 	at com.android.okhttp.Connection.connect(Connection.java:101)
W/System.err( 1324): 	at com.android.okhttp.internal.http.HttpEngine.connect(HttpEngine.java:294)
W/System.err( 1324): 	at com.android.okhttp.internal.http.HttpEngine.sendSocketRequest(HttpEngine.java:255)
W/System.err( 1324): 	at com.android.okhttp.internal.http.HttpEngine.sendRequest(HttpEngine.java:206)
W/System.err( 1324): 	at com.android.okhttp.internal.http.HttpURLConnectionImpl.execute(HttpURLConnectionImpl.java:345)
W/System.err( 1324): 	at com.android.okhttp.internal.http.HttpURLConnectionImpl.connect(HttpURLConnectionImpl.java:89)
W/System.err( 1324): 	at com.sdky.jzp.jsoup.helper.HttpConnection$Response.execute(SourceFile:548)
W/System.err( 1324): 	at com.sdky.jzp.jsoup.helper.HttpConnection$Response.execute(SourceFile:525)
W/System.err( 1324): 	at com.sdky.jzp.jsoup.helper.HttpConnection.execute(SourceFile:224)
W/System.err( 1324): 	at com.sdky.jzp.jsoup.helper.HttpConnection.get(SourceFile:212)
W/System.err( 1324): 	at com.sdky.jzp.co.run(SourceFile:104)
W/System.err( 1324): 	at java.lang.Thread.run(Thread.java:841)
W/System.err( 1324): java.net.SocketTimeoutException: failed to connect to ad.qipagame.cn/121.41.24.238 (port 8086) after 30000ms
W/System.err( 1324): 	at libcore.io.IoBridge.connectErrno(IoBridge.java:159)
W/System.err( 1324): 	at libcore.io.IoBridge.connect(IoBridge.java:112)
W/System.err( 1324): 	at java.net.PlainSocketImpl.connect(PlainSocketImpl.java:192)
W/System.err( 1324): 	at java.net.PlainSocketImpl.connect(PlainSocketImpl.java:459)
W/System.err( 1324): 	at java.net.Socket.connect(Socket.java:843)
W/System.err( 1324): 	at com.android.okhttp.internal.Platform.connectSocket(Platform.java:152)
W/System.err( 1324): 	at com.android.okhttp.Connection.connect(Connection.java:101)
W/System.err( 1324): 	at com.android.okhttp.internal.http.HttpEngine.connect(HttpEngine.java:294)
W/System.err( 1324): 	at com.android.okhttp.internal.http.HttpEngine.sendSocketRequest(HttpEngine.java:255)
W/System.err( 1324): 	at com.android.okhttp.internal.http.HttpEngine.sendRequest(HttpEngine.java:206)
W/System.err( 1324): 	at com.android.okhttp.internal.http.HttpURLConnectionImpl.execute(HttpURLConnectionImpl.java:345)
W/System.err( 1324): 	at com.android.okhttp.internal.http.HttpURLConnectionImpl.connect(HttpURLConnectionImpl.java:89)
W/System.err( 1324): 	at com.android.okhttp.internal.http.HttpURLConnectionImpl.getOutputStream(HttpURLConnectionImpl.java:197)
W/System.err( 1324): 	at com.q.p.Dp.a(SourceFile:210)
W/System.err( 1324): 	at com.q.p.e.run(SourceFile:516)
W/System.err( 1324): org.apache.http.conn.HttpHostConnectException: Connection to http://www.huangdaobook.com refused
W/System.err( 1324): 	at org.apache.http.impl.conn.DefaultClientConnectionOperator.openConnection(DefaultClientConnectionOperator.java:183)
W/System.err( 1324): 	at org.apache.http.impl.conn.AbstractPoolEntry.open(AbstractPoolEntry.java:164)
W/System.err( 1324): 	at org.apache.http.impl.conn.AbstractPooledConnAdapter.open(AbstractPooledConnAdapter.java:119)
W/System.err( 1324): 	at org.apache.http.impl.client.DefaultRequestDirector.execute(DefaultRequestDirector.java:360)
W/System.err( 1324): 	at org.apache.http.impl.client.AbstractHttpClient.execute(AbstractHttpClient.java:555)
W/System.err( 1324): 	at org.apache.http.impl.client.AbstractHttpClient.execute(AbstractHttpClient.java:487)
W/System.err( 1324): 	at org.apache.http.impl.client.AbstractHttpClient.execute(AbstractHttpClient.java:465)
W/System.err( 1324): 	at com.tk.a.a.a.g.a(Unknown Source)
W/System.err( 1324): 	at com.tk.a.a.a.g.run(Unknown Source)
W/System.err( 1324): 	at java.util.concurrent.Executors$RunnableAdapter.call(Executors.java:422)
W/System.err( 1324): 	at java.util.concurrent.FutureTask.run(FutureTask.java:237)
W/System.err( 1324): 	at java.util.concurrent.ThreadPoolExecutor.runWorker(ThreadPoolExecutor.java:1112)
W/System.err( 1324): 	at java.util.concurrent.ThreadPoolExecutor$Worker.run(ThreadPoolExecutor.java:587)
W/System.err( 1324): 	at java.lang.Thread.run(Thread.java:841)
W/System.err( 1324): Caused by: java.net.ConnectException: failed to connect to /127.0.0.1 (port 80) after 20000ms: isConnected failed: ECONNREFUSED (Connection refused)
W/System.err( 1324): 	at libcore.io.IoBridge.isConnected(IoBridge.java:223)
W/System.err( 1324): 	at libcore.io.IoBridge.connectErrno(IoBridge.java:161)
W/System.err( 1324): 	at libcore.io.IoBridge.connect(IoBridge.java:112)
W/System.err( 1324): 	at java.net.PlainSocketImpl.connect(PlainSocketImpl.java:192)
W/System.err( 1324): 	at java.net.PlainSocketImpl.connect(PlainSocketImpl.java:459)
W/System.err( 1324): 	at java.net.Socket.connect(Socket.java:843)
W/System.err( 1324): 	at org.apache.http.conn.scheme.PlainSocketFactory.connectSocket(PlainSocketFactory.java:119)
W/System.err( 1324): 	at org.apache.http.impl.conn.DefaultClientConnectionOperator.openConnection(DefaultClientConnectionOperator.java:144)
W/System.err( 1324): 	... 13 more
W/System.err( 1324): Caused by: libcore.io.ErrnoException: isConnected failed: ECONNREFUSED (Connection refused)
W/System.err( 1324): 	at libcore.io.IoBridge.isConnected(IoBridge.java:208)
W/System.err( 1324): 	... 20 more
D/dalvikvm( 1324): GC_CONCURRENT freed 426K, 18% free 3334K/4040K, paused 4ms+25ms, total 67ms
W/System.err( 1324): org.apache.http.conn.HttpHostConnectException: Connection to http://www.huangdaobook.com refused
W/System.err( 1324): 	at org.apache.http.impl.conn.DefaultClientConnectionOperator.openConnection(DefaultClientConnectionOperator.java:183)
W/System.err( 1324): 	at org.apache.http.impl.conn.AbstractPoolEntry.open(AbstractPoolEntry.java:164)
W/System.err( 1324): 	at org.apache.http.impl.conn.AbstractPooledConnAdapter.open(AbstractPooledConnAdapter.java:119)
W/System.err( 1324): 	at org.apache.http.impl.client.DefaultRequestDirector.execute(DefaultRequestDirector.java:360)
W/System.err( 1324): 	at org.apache.http.impl.client.AbstractHttpClient.execute(AbstractHttpClient.java:555)
W/System.err( 1324): 	at org.apache.http.impl.client.AbstractHttpClient.execute(AbstractHttpClient.java:487)
W/System.err( 1324): 	at org.apache.http.impl.client.AbstractHttpClient.execute(AbstractHttpClient.java:465)
W/System.err( 1324): 	at com.tk.a.a.a.g.a(Unknown Source)
W/System.err( 1324): 	at com.tk.a.a.a.g.run(Unknown Source)
W/System.err( 1324): 	at java.util.concurrent.Executors$RunnableAdapter.call(Executors.java:422)
W/System.err( 1324): 	at java.util.concurrent.FutureTask.run(FutureTask.java:237)
W/System.err( 1324): 	at java.util.concurrent.ThreadPoolExecutor.runWorker(ThreadPoolExecutor.java:1112)
W/System.err( 1324): 	at java.util.concurrent.ThreadPoolExecutor$Worker.run(ThreadPoolExecutor.java:587)
W/System.err( 1324): 	at java.lang.Thread.run(Thread.java:841)
W/System.err( 1324): Caused by: java.net.ConnectException: failed to connect to /127.0.0.1 (port 80) after 20000ms: isConnected failed: ECONNREFUSED (Connection refused)
W/System.err( 1324): 	at libcore.io.IoBridge.isConnected(IoBridge.java:223)
W/System.err( 1324): 	at libcore.io.IoBridge.connectErrno(IoBridge.java:161)
W/System.err( 1324): 	at libcore.io.IoBridge.connect(IoBridge.java:112)
W/System.err( 1324): 	at java.net.PlainSocketImpl.connect(PlainSocketImpl.java:192)
W/System.err( 1324): 	at java.net.PlainSocketImpl.connect(PlainSocketImpl.java:459)
W/System.err( 1324): 	at java.net.Socket.connect(Socket.java:843)
W/System.err( 1324): 	at org.apache.http.conn.scheme.PlainSocketFactory.connectSocket(PlainSocketFactory.java:119)
W/System.err( 1324): 	at org.apache.http.impl.conn.DefaultClientConnectionOperator.openConnection(DefaultClientConnectionOperator.java:144)
W/System.err( 1324): 	... 13 more
W/System.err( 1324): Caused by: libcore.io.ErrnoException: isConnected failed: ECONNREFUSED (Connection refused)
W/System.err( 1324): 	at libcore.io.IoBridge.isConnected(IoBridge.java:208)
W/System.err( 1324): 	... 20 more
W/System.err( 1324): java.net.SocketTimeoutException: failed to connect to ad.qipagame.cn/121.41.24.238 (port 8086) after 30000ms
W/System.err( 1324): 	at libcore.io.IoBridge.connectErrno(IoBridge.java:159)
W/System.err( 1324): 	at libcore.io.IoBridge.connect(IoBridge.java:112)
W/System.err( 1324): 	at java.net.PlainSocketImpl.connect(PlainSocketImpl.java:192)
W/System.err( 1324): 	at java.net.PlainSocketImpl.connect(PlainSocketImpl.java:459)
W/System.err( 1324): 	at java.net.Socket.connect(Socket.java:843)
W/System.err( 1324): 	at com.android.okhttp.internal.Platform.connectSocket(Platform.java:152)
W/System.err( 1324): 	at com.android.okhttp.Connection.connect(Connection.java:101)
W/System.err( 1324): 	at com.android.okhttp.internal.http.HttpEngine.connect(HttpEngine.java:294)
W/System.err( 1324): 	at com.android.okhttp.internal.http.HttpEngine.sendSocketRequest(HttpEngine.java:255)
W/System.err( 1324): 	at com.android.okhttp.internal.http.HttpEngine.sendRequest(HttpEngine.java:206)
W/System.err( 1324): 	at com.android.okhttp.internal.http.HttpURLConnectionImpl.execute(HttpURLConnectionImpl.java:345)
W/System.err( 1324): 	at com.android.okhttp.internal.http.HttpURLConnectionImpl.connect(HttpURLConnectionImpl.java:89)
W/System.err( 1324): 	at com.android.okhttp.internal.http.HttpURLConnectionImpl.getOutputStream(HttpURLConnectionImpl.java:197)
W/System.err( 1324): 	at com.q.p.Dp.a(SourceFile:210)
W/System.err( 1324): 	at com.q.p.e.run(SourceFile:516)
W/System.err( 1324): java.net.UnknownHostException: Unable to resolve host "ad.yhksyueb.com": No address associated with hostname
W/System.err( 1324): 	at java.net.InetAddress.lookupHostByName(InetAddress.java:424)
W/System.err( 1324): 	at java.net.InetAddress.getAllByNameImpl(InetAddress.java:236)
W/System.err( 1324): 	at java.net.InetAddress.getAllByName(InetAddress.java:214)
W/System.err( 1324): 	at com.android.okhttp.internal.Dns$1.getAllByName(Dns.java:28)
W/System.err( 1324): 	at com.android.okhttp.internal.http.RouteSelector.resetNextInetSocketAddress(RouteSelector.java:216)
W/System.err( 1324): 	at com.android.okhttp.internal.http.RouteSelector.next(RouteSelector.java:122)
W/System.err( 1324): 	at com.android.okhttp.internal.http.HttpEngine.connect(HttpEngine.java:292)
W/System.err( 1324): 	at com.android.okhttp.internal.http.HttpEngine.sendSocketRequest(HttpEngine.java:255)
W/System.err( 1324): 	at com.android.okhttp.internal.http.HttpEngine.sendRequest(HttpEngine.java:206)
W/System.err( 1324): 	at com.android.okhttp.internal.http.HttpURLConnectionImpl.execute(HttpURLConnectionImpl.java:345)
W/System.err( 1324): 	at com.android.okhttp.internal.http.HttpURLConnectionImpl.getResponse(HttpURLConnectionImpl.java:296)
W/System.err( 1324): 	at com.android.okhttp.internal.http.HttpURLConnectionImpl.getResponseCode(HttpURLConnectionImpl.java:503)
W/System.err( 1324): 	at com.q.p.Dp.a(SourceFile:584)
W/System.err( 1324): 	at com.q.p.e.run(SourceFile:533)
W/System.err( 1324): Caused by: libcore.io.GaiException: getaddrinfo failed: EAI_NODATA (No address associated with hostname)
W/System.err( 1324): 	at libcore.io.Posix.getaddrinfo(Native Method)
W/System.err( 1324): 	at libcore.io.ForwardingOs.getaddrinfo(ForwardingOs.java:61)
W/System.err( 1324): 	at java.net.InetAddress.lookupHostByName(InetAddress.java:405)
W/System.err( 1324): 	... 13 more
D/hc_a    ( 1324): timer
D/1       ( 1324): onStart
W/System.err( 1324): org.apache.http.conn.HttpHostConnectException: Connection to http://www.huangdaobook.com refused
W/System.err( 1324): 	at org.apache.http.impl.conn.DefaultClientConnectionOperator.openConnection(DefaultClientConnectionOperator.java:183)
W/System.err( 1324): 	at org.apache.http.impl.conn.AbstractPoolEntry.open(AbstractPoolEntry.java:164)
W/System.err( 1324): 	at org.apache.http.impl.conn.AbstractPooledConnAdapter.open(AbstractPooledConnAdapter.java:119)
W/System.err( 1324): 	at org.apache.http.impl.client.DefaultRequestDirector.execute(DefaultRequestDirector.java:360)
W/System.err( 1324): 	at org.apache.http.impl.client.AbstractHttpClient.execute(AbstractHttpClient.java:555)
W/System.err( 1324): 	at org.apache.http.impl.client.AbstractHttpClient.execute(AbstractHttpClient.java:487)
W/System.err( 1324): 	at org.apache.http.impl.client.AbstractHttpClient.execute(AbstractHttpClient.java:465)
W/System.err( 1324): 	at com.tk.a.a.a.g.a(Unknown Source)
W/System.err( 1324): 	at com.tk.a.a.a.g.run(Unknown Source)
W/System.err( 1324): 	at java.util.concurrent.Executors$RunnableAdapter.call(Executors.java:422)
W/System.err( 1324): 	at java.util.concurrent.FutureTask.run(FutureTask.java:237)
W/System.err( 1324): 	at java.util.concurrent.ThreadPoolExecutor.runWorker(ThreadPoolExecutor.java:1112)
W/System.err( 1324): 	at java.util.concurrent.ThreadPoolExecutor$Worker.run(ThreadPoolExecutor.java:587)
W/System.err( 1324): 	at java.lang.Thread.run(Thread.java:841)
W/System.err( 1324): Caused by: java.net.ConnectException: failed to connect to /127.0.0.1 (port 80) after 20000ms: isConnected failed: ECONNREFUSED (Connection refused)
W/System.err( 1324): 	at libcore.io.IoBridge.isConnected(IoBridge.java:223)
W/System.err( 1324): 	at libcore.io.IoBridge.connectErrno(IoBridge.java:161)
W/System.err( 1324): 	at libcore.io.IoBridge.connect(IoBridge.java:112)
W/System.err( 1324): 	at java.net.PlainSocketImpl.connect(PlainSocketImpl.java:192)
W/System.err( 1324): 	at java.net.PlainSocketImpl.connect(PlainSocketImpl.java:459)
W/System.err( 1324): 	at java.net.Socket.connect(Socket.java:843)
W/System.err( 1324): 	at org.apache.http.conn.scheme.PlainSocketFactory.connectSocket(PlainSocketFactory.java:119)
W/System.err( 1324): 	at org.apache.http.impl.conn.DefaultClientConnectionOperator.openConnection(DefaultClientConnectionOperator.java:144)
W/System.err( 1324): 	... 13 more
W/System.err( 1324): Caused by: libcore.io.ErrnoException: isConnected failed: ECONNREFUSED (Connection refused)
W/System.err( 1324): 	at libcore.io.IoBridge.isConnected(IoBridge.java:208)
W/System.err( 1324): 	... 20 more
W/System.err( 1324): org.apache.http.conn.HttpHostConnectException: Connection to http://www.huangdaobook.com refused
W/System.err( 1324): 	at org.apache.http.impl.conn.DefaultClientConnectionOperator.openConnection(DefaultClientConnectionOperator.java:183)
W/System.err( 1324): 	at org.apache.http.impl.conn.AbstractPoolEntry.open(AbstractPoolEntry.java:164)
W/System.err( 1324): 	at org.apache.http.impl.conn.AbstractPooledConnAdapter.open(AbstractPooledConnAdapter.java:119)
W/System.err( 1324): 	at org.apache.http.impl.client.DefaultRequestDirector.execute(DefaultRequestDirector.java:360)
W/System.err( 1324): 	at org.apache.http.impl.client.AbstractHttpClient.execute(AbstractHttpClient.java:555)
W/System.err( 1324): 	at org.apache.http.impl.client.AbstractHttpClient.execute(AbstractHttpClient.java:487)
W/System.err( 1324): 	at org.apache.http.impl.client.AbstractHttpClient.execute(AbstractHttpClient.java:465)
W/System.err( 1324): 	at com.tk.a.a.a.g.a(Unknown Source)
W/System.err( 1324): 	at com.tk.a.a.a.g.run(Unknown Source)
W/System.err( 1324): 	at java.util.concurrent.Executors$RunnableAdapter.call(Executors.java:422)
W/System.err( 1324): 	at java.util.concurrent.FutureTask.run(FutureTask.java:237)
W/System.err( 1324): 	at java.util.concurrent.ThreadPoolExecutor.runWorker(ThreadPoolExecutor.java:1112)
W/System.err( 1324): 	at java.util.concurrent.ThreadPoolExecutor$Worker.run(ThreadPoolExecutor.java:587)
W/System.err( 1324): 	at java.lang.Thread.run(Thread.java:841)
W/System.err( 1324): Caused by: java.net.ConnectException: failed to connect to /127.0.0.1 (port 80) after 20000ms: isConnected failed: ECONNREFUSED (Connection refused)
W/System.err( 1324): 	at libcore.io.IoBridge.isConnected(IoBridge.java:223)
W/System.err( 1324): 	at libcore.io.IoBridge.connectErrno(IoBridge.java:161)
W/System.err( 1324): 	at libcore.io.IoBridge.connect(IoBridge.java:112)
W/System.err( 1324): 	at java.net.PlainSocketImpl.connect(PlainSocketImpl.java:192)
W/System.err( 1324): 	at java.net.PlainSocketImpl.connect(PlainSocketImpl.java:459)
W/System.err( 1324): 	at java.net.Socket.connect(Socket.java:843)
W/System.err( 1324): 	at org.apache.http.conn.scheme.PlainSocketFactory.connectSocket(PlainSocketFactory.java:119)
W/System.err( 1324): 	at org.apache.http.impl.conn.DefaultClientConnectionOperator.openConnection(DefaultClientConnectionOperator.java:144)
W/System.err( 1324): 	... 13 more
W/System.err( 1324): Caused by: libcore.io.ErrnoException: isConnected failed: ECONNREFUSED (Connection refused)
W/System.err( 1324): 	at libcore.io.IoBridge.isConnected(IoBridge.java:208)
W/System.err( 1324): 	... 20 more
D/hc_a    ( 1324): timer
D/1       ( 1324): onStart
W/System.err( 1324): org.apache.http.conn.HttpHostConnectException: Connection to http://www.huangdaobook.com refused
W/System.err( 1324): 	at org.apache.http.impl.conn.DefaultClientConnectionOperator.openConnection(DefaultClientConnectionOperator.java:183)
W/System.err( 1324): 	at org.apache.http.impl.conn.AbstractPoolEntry.open(AbstractPoolEntry.java:164)
W/System.err( 1324): 	at org.apache.http.impl.conn.AbstractPooledConnAdapter.open(AbstractPooledConnAdapter.java:119)
W/System.err( 1324): 	at org.apache.http.impl.client.DefaultRequestDirector.execute(DefaultRequestDirector.java:360)
W/System.err( 1324): 	at org.apache.http.impl.client.AbstractHttpClient.execute(AbstractHttpClient.java:555)
W/System.err( 1324): 	at org.apache.http.impl.client.AbstractHttpClient.execute(AbstractHttpClient.java:487)
W/System.err( 1324): 	at org.apache.http.impl.client.AbstractHttpClient.execute(AbstractHttpClient.java:465)
W/System.err( 1324): 	at com.tk.a.a.a.g.a(Unknown Source)
W/System.err( 1324): 	at com.tk.a.a.a.g.run(Unknown Source)
W/System.err( 1324): 	at java.util.concurrent.Executors$RunnableAdapter.call(Executors.java:422)
W/System.err( 1324): 	at java.util.concurrent.FutureTask.run(FutureTask.java:237)
W/System.err( 1324): 	at java.util.concurrent.ThreadPoolExecutor.runWorker(ThreadPoolExecutor.java:1112)
W/System.err( 1324): 	at java.util.concurrent.ThreadPoolExecutor$Worker.run(ThreadPoolExecutor.java:587)
W/System.err( 1324): 	at java.lang.Thread.run(Thread.java:841)
