D/MobileDataStateTracker(  350): supl: Received state=DISCONNECTED, old=DISCONNECTED, reason=dataAttached
D/MobileDataStateTracker(  350): hipri: Broadcast received: android.intent.action.ANY_DATA_STATE apnType=hipri
D/MobileDataStateTracker(  350): hipri: Received state=DISCONNECTED, old=DISCONNECTED, reason=dataAttached
D/MobileDataStateTracker(  350): ims: Broadcast received: android.intent.action.ANY_DATA_STATE apnType=ims
D/MobileDataStateTracker(  350): ims: Received state=DISCONNECTED, old=DISCONNECTED, reason=dataAttached
D/MobileDataStateTracker(  350): mms: Broadcast received: android.intent.action.ANY_DATA_STATE apnType=mms
D/MobileDataStateTracker(  350): mms: Received state=DISCONNECTED, old=DISCONNECTED, reason=dataAttached
D/MobileDataStateTracker(  350): cbs: Broadcast received: android.intent.action.ANY_DATA_STATE apnType=cbs
D/MobileDataStateTracker(  350): cbs: Received state=DISCONNECTED, old=DISCONNECTED, reason=dataAttached
D/MobileDataStateTracker(  350): fota: Broadcast received: android.intent.action.ANY_DATA_STATE apnType=fota
I/LatinIME:LogUtils(  586): Dictionary info: dictionary = main:en ; version = 42 ; date = 1381226429
I/LatinIME:LogUtils(  586): Dictionary info: dictionary = main:en ; version = 42 ; date = 1381226429
I/LatinIME:LogUtils(  586): Dictionary info: dictionary = main:en ; version = 42 ; date = 1381226429
D/MobileDataStateTracker(  350): fota: Received state=DISCONNECTED, old=DISCONNECTED, reason=dataAttached
D/MobileDataStateTracker(  350): ia: Broadcast received: android.intent.action.ANY_DATA_STATE apnType=ia
I/LatinIME:LogUtils(  586): Dictionary info: dictionary = main:en ; version = 42 ; date = 1381226429
D/MobileDataStateTracker(  350): ia: Received state=DISCONNECTED, old=DISCONNECTED, reason=dataAttached
D/MobileDataStateTracker(  350): supl: Broadcast received: android.intent.action.ANY_DATA_STATE apnType=supl
D/MobileDataStateTracker(  350): supl: Received state=DISCONNECTED, old=DISCONNECTED, reason=dataAttached
D/MobileDataStateTracker(  350): hipri: Broadcast received: android.intent.action.ANY_DATA_STATE apnType=hipri
D/MobileDataStateTracker(  350): hipri: Received state=DISCONNECTED, old=DISCONNECTED, reason=dataAttached
D/MobileDataStateTracker(  350): ims: Broadcast received: android.intent.action.ANY_DATA_STATE apnType=ims
D/MobileDataStateTracker(  350): ims: Received state=DISCONNECTED, old=DISCONNECTED, reason=dataAttached
D/MobileDataStateTracker(  350): mms: Broadcast received: android.intent.action.ANY_DATA_STATE apnType=mms
D/MobileDataStateTracker(  350): mms: Received state=DISCONNECTED, old=DISCONNECTED, reason=dataAttached
D/MobileDataStateTracker(  350): cbs: Broadcast received: android.intent.action.ANY_DATA_STATE apnType=cbs
D/MobileDataStateTracker(  350): cbs: Received state=DISCONNECTED, old=DISCONNECTED, reason=dataAttached
I/LatinIME:LogUtils(  586): Dictionary info: dictionary = main:en ; version = 42 ; date = 1381226429
I/LatinIME:LogUtils(  586): Dictionary info: dictionary = main:en ; version = 42 ; date = 1381226429
I/LatinIME:LogUtils(  586): Dictionary info: dictionary = main:en ; version = 42 ; date = 1381226429
I/PackageManager(  350):   Action: "android.intent.action.SENDTO"
I/PackageManager(  350):   Category: "android.intent.category.DEFAULT"
I/PackageManager(  350):   Scheme: "sms"
I/PackageManager(  350): Adding preferred activity ComponentInfo{com.android.mms/com.android.mms.ui.ComposeMessageActivity} for user 0 :
D/dalvikvm(  586): GC_CONCURRENT freed 316K, 13% free 3077K/3524K, paused 133ms+3ms, total 192ms
I/PackageManager(  350):   Action: "android.intent.action.SENDTO"
I/PackageManager(  350):   Category: "android.intent.category.DEFAULT"
I/PackageManager(  350):   Scheme: "smsto"
I/PackageManager(  350): Adding preferred activity ComponentInfo{com.android.mms/com.android.mms.ui.ComposeMessageActivity} for user 0 :
I/PackageManager(  350):   Action: "android.intent.action.SENDTO"
I/PackageManager(  350):   Category: "android.intent.category.DEFAULT"
I/PackageManager(  350):   Scheme: "mms"
I/PackageManager(  350): Adding preferred activity ComponentInfo{com.android.mms/com.android.mms.ui.ComposeMessageActivity} for user 0 :
I/PackageManager(  350):   Action: "android.intent.action.SENDTO"
I/PackageManager(  350):   Category: "android.intent.category.DEFAULT"
I/PackageManager(  350):   Scheme: "mmsto"
I/PackageManager(  350): Adding preferred activity ComponentInfo{com.android.mms/com.android.mms.ui.ComposeMessageActivity} for user 0 :
I/PackageManager(  350):   Action: "android.intent.action.SENDTO"
I/PackageManager(  350):   Category: "android.intent.category.DEFAULT"
I/PackageManager(  350):   Scheme: "sms"
I/PackageManager(  350): Adding preferred activity ComponentInfo{com.android.mms/com.android.mms.ui.ComposeMessageActivity} for user 0 :
D/dalvikvm(  598): GC_CONCURRENT freed 335K, 12% free 3270K/3696K, paused 40ms+2ms, total 79ms
D/dalvikvm(  350): GC_CONCURRENT freed 665K, 57% free 5482K/12724K, paused 5ms+5ms, total 166ms
D/dalvikvm(  350): WAIT_FOR_CONCURRENT_GC blocked 50ms
I/PackageManager(  350):   Action: "android.intent.action.SENDTO"
I/PackageManager(  350):   Category: "android.intent.category.DEFAULT"
I/PackageManager(  350):   Scheme: "smsto"
I/PackageManager(  350): Adding preferred activity ComponentInfo{com.android.mms/com.android.mms.ui.ComposeMessageActivity} for user 0 :
I/PackageManager(  350):   Action: "android.intent.action.SENDTO"
I/PackageManager(  350):   Category: "android.intent.category.DEFAULT"
I/PackageManager(  350):   Scheme: "mms"
I/PackageManager(  350): Adding preferred activity ComponentInfo{com.android.mms/com.android.mms.ui.ComposeMessageActivity} for user 0 :
I/PackageManager(  350):   Action: "android.intent.action.SENDTO"
I/PackageManager(  350):   Category: "android.intent.category.DEFAULT"
I/PackageManager(  350):   Scheme: "mmsto"
I/PackageManager(  350): Adding preferred activity ComponentInfo{com.android.mms/com.android.mms.ui.ComposeMessageActivity} for user 0 :
D/dalvikvm(  699): GC_CONCURRENT freed 176K, 9% free 2947K/3216K, paused 22ms+20ms, total 105ms
D/MccTable(  598): updateMccMncConfiguration: mcc=310, mnc=260
D/MccTable(  598): getLocaleFromMcc to en_us mcc=310
D/MccTable(  598): getLocaleForLanguageCountry: got match
D/MccTable(  598): getLocaleForLanguageCountry: X locale=en_US
D/MccTable(  598): updateMccMncConfiguration updateConfig config={1.0 310mcc260mnc en_US ldltr ?swdp ?wdp ?hdp ?density ?lsize ?long ?orien ?uimode ?night ?touch ?keyb/?/? ?nav/?}
I/ActivityManager(  350): Config changes=3 {1.0 310mcc260mnc en_US ldltr sw480dp w480dp h839dp 160dpi lrg long port finger -keyb/v/h tball/v s.6}
D/PhoneStatusBar(  449): mSettingsPanelGravity = 55
D/dalvikvm(  350): GC_CONCURRENT freed 603K, 57% free 5506K/12724K, paused 9ms+5ms, total 297ms
D/PermissionCache(   58): checking android.permission.READ_FRAME_BUFFER for uid=1000 => granted (8672 us)
D/gralloc (   58): Registering a buffer in the process that created it. This may cause memory ordering problems.
E/libEGL  (   58): called unimplemented OpenGL ES API
E/libEGL  (   58): called unimplemented OpenGL ES API
E/libEGL  (   58): called unimplemented OpenGL ES API
E/libEGL  (   58): called unimplemented OpenGL ES API
E/SurfaceFlinger(   58): glCheckFramebufferStatusOES error -1234823809
E/SurfaceFlinger(   58): got GL_FRAMEBUFFER_COMPLETE_OES error while taking screenshot
E/libEGL  (   58): called unimplemented OpenGL ES API
E/libEGL  (   58): called unimplemented OpenGL ES API
I/ARMAssembler(   58): generated scanline__00000077:03515104_00008001_00000000 [113 ipp] (134 ins) at [0xb5a131f0:0xb5a13408] in 10000000 ns
D/MccTable(  598): updateMccMncConfiguration: mcc=310, mnc=260
D/MccTable(  598): getLocaleFromMcc to en_us mcc=310
D/MccTable(  598): getLocaleForLanguageCountry: skipping already persisted
D/MccTable(  598): getLocaleForLanguageCountry: X locale=null
D/MccTable(  598): updateMccMncConfiguration updateConfig config={1.0 310mcc260mnc ?locale ?layoutDir ?swdp ?wdp ?hdp ?density ?lsize ?long ?orien ?uimode ?night ?touch ?keyb/?/? ?nav/?}
D/dalvikvm(  598): GC_CONCURRENT freed 528K, 16% free 3256K/3872K, paused 5ms+3ms, total 127ms
D/dalvikvm(  598): WAIT_FOR_CONCURRENT_GC blocked 30ms
D/dalvikvm(  598): WAIT_FOR_CONCURRENT_GC blocked 27ms
D/dalvikvm(  598): GC_CONCURRENT freed 363K, 15% free 3327K/3872K, paused 4ms+7ms, total 84ms
D/dalvikvm(  350): GC_CONCURRENT freed 654K, 57% free 5556K/12724K, paused 6ms+5ms, total 138ms
D/dalvikvm(  350): WAIT_FOR_CONCURRENT_GC blocked 65ms
D/dalvikvm(  350): GC_CONCURRENT freed 620K, 56% free 5653K/12724K, paused 7ms+6ms, total 120ms
D/dalvikvm(  350): WAIT_FOR_CONCURRENT_GC blocked 64ms
D/dalvikvm(  350): WAIT_FOR_CONCURRENT_GC blocked 47ms
D/dalvikvm(  350): WAIT_FOR_CONCURRENT_GC blocked 41ms
D/dalvikvm(  350): WAIT_FOR_CONCURRENT_GC blocked 40ms
D/MobileDataStateTracker(  350): fota: Broadcast received: android.intent.action.ANY_DATA_STATE apnType=fota
D/MobileDataStateTracker(  350): fota: Received state=DISCONNECTED, old=DISCONNECTED, reason=simLoaded
D/MobileDataStateTracker(  350): ia: Broadcast received: android.intent.action.ANY_DATA_STATE apnType=ia
D/MobileDataStateTracker(  350): ia: Received state=DISCONNECTED, old=DISCONNECTED, reason=simLoaded
D/MobileDataStateTracker(  350): supl: Broadcast received: android.intent.action.ANY_DATA_STATE apnType=supl
D/MobileDataStateTracker(  350): supl: Received state=DISCONNECTED, old=DISCONNECTED, reason=simLoaded
D/MobileDataStateTracker(  350): hipri: Broadcast received: android.intent.action.ANY_DATA_STATE apnType=hipri
D/MobileDataStateTracker(  350): hipri: Received state=DISCONNECTED, old=DISCONNECTED, reason=simLoaded
D/dalvikvm(  699): GC_FOR_ALLOC freed 189K, 9% free 3112K/3392K, paused 15ms, total 16ms
I/dalvikvm-heap(  699): Grow heap (frag case) to 3.736MB for 640016-byte allocation
D/MobileDataStateTracker(  350): ims: Broadcast received: android.intent.action.ANY_DATA_STATE apnType=ims
D/MobileDataStateTracker(  350): ims: Received state=DISCONNECTED, old=DISCONNECTED, reason=simLoaded
D/MobileDataStateTracker(  350): mms: Broadcast received: android.intent.action.ANY_DATA_STATE apnType=mms
D/MobileDataStateTracker(  350): mms: Received state=DISCONNECTED, old=DISCONNECTED, reason=simLoaded
D/MobileDataStateTracker(  350): cbs: Broadcast received: android.intent.action.ANY_DATA_STATE apnType=cbs
D/MobileDataStateTracker(  350): cbs: Received state=DISCONNECTED, old=DISCONNECTED, reason=simLoaded
D/dalvikvm(  699): GC_CONCURRENT freed 2K, 8% free 3734K/4020K, paused 10ms+2ms, total 105ms
D/dalvikvm(  699): WAIT_FOR_CONCURRENT_GC blocked 60ms
D/MobileDataStateTracker(  350): default: Broadcast received: android.intent.action.ANY_DATA_STATE apnType=default
D/MobileDataStateTracker(  350): default: Received state=CONNECTING, old=DISCONNECTED, reason=simLoaded
D/MobileDataStateTracker(  350): default: setDetailed state, old =IDLE and new state=CONNECTING
D/MobileDataStateTracker(  350): fota: Broadcast received: android.intent.action.ANY_DATA_STATE apnType=fota
D/MobileDataStateTracker(  350): fota: Received state=DISCONNECTED, old=DISCONNECTED, reason=simLoaded
D/MobileDataStateTracker(  350): ia: Broadcast received: android.intent.action.ANY_DATA_STATE apnType=ia
D/MobileDataStateTracker(  350): ia: Received state=DISCONNECTED, old=DISCONNECTED, reason=simLoaded
D/MobileDataStateTracker(  350): supl: Broadcast received: android.intent.action.ANY_DATA_STATE apnType=supl
D/MobileDataStateTracker(  350): supl: Received state=DISCONNECTED, old=DISCONNECTED, reason=simLoaded
D/MobileDataStateTracker(  350): hipri: Broadcast received: android.intent.action.ANY_DATA_STATE apnType=hipri
D/MobileDataStateTracker(  350): hipri: Received state=DISCONNECTED, old=DISCONNECTED, reason=simLoaded
D/MobileDataStateTracker(  350): ims: Broadcast received: android.intent.action.ANY_DATA_STATE apnType=ims
D/MobileDataStateTracker(  350): ims: Received state=DISCONNECTED, old=DISCONNECTED, reason=simLoaded
D/MobileDataStateTracker(  350): mms: Broadcast received: android.intent.action.ANY_DATA_STATE apnType=mms
D/MobileDataStateTracker(  350): mms: Received state=DISCONNECTED, old=DISCONNECTED, reason=simLoaded
D/MobileDataStateTracker(  350): cbs: Broadcast received: android.intent.action.ANY_DATA_STATE apnType=cbs
D/dalvikvm(  598): GC_CONCURRENT freed 446K, 15% free 3293K/3872K, paused 8ms+2ms, total 197ms
D/MobileDataStateTracker(  350): cbs: Received state=DISCONNECTED, old=DISCONNECTED, reason=simLoaded
D/MobileDataStateTracker(  350): default: Broadcast received: android.intent.action.ANY_DATA_STATE apnType=default
D/MobileDataStateTracker(  350): default: Received state=CONNECTED, old=CONNECTING, reason=connected
D/MobileDataStateTracker(  350): default: setDetailed state, old =CONNECTING and new state=CONNECTED
D/ConnectivityService(  350): ConnectivityChange for mobile: CONNECTED/CONNECTED
D/ConnectivityService(  350): ConnectivityChange checkMobileProvisioning for TYPE_MOBILE or ProvisioningNetwork
D/ConnectivityService(  350): checkMobileProvisioning: E suggestedTimeOutMs=60000
D/ConnectivityService(  350): setProvNotificationVisible: E visible=false networkType=5 extraInfo=null url=null
D/ConnectivityService(  350): checkMobileProvisioning: params={ url=http://clients3.google.com/generate_204 mTimeOutMs=60000 mCb=com.android.server.ConnectivityService$5@b3235708}
D/ConnectivityService(  350): checkMobileProvisioning: X
D/Nat464Xlat(  350): requiresClat: netType=0, hasIPv4Address=true
D/MobileDataStateTracker(  350): default: isProvisioningNetwork: retVal=false
D/ConnectivityService(  350): [CheckMp] isMobileOk: isDefaultProvisioning=false
D/MobileDataStateTracker(  350): hipri: isProvisioningNetwork: retVal=false
D/ConnectivityService(  350): [CheckMp] isMobileOk: isHipriProvisioning=false
D/ConnectivityService(  350): [CheckMp] isMobileOk: start hipri url=http://clients3.google.com/generate_204
D/ConnectivityService(  350): startUsingNetworkFeature reconnecting to 0: enableHIPRI
D/MobileDataStateTracker(  350): hipri: Broadcast received: android.intent.action.ANY_DATA_STATE apnType=hipri
D/MobileDataStateTracker(  350): hipri: Received state=CONNECTING, old=DISCONNECTED, reason=dataEnabled
D/MobileDataStateTracker(  350): hipri: setDetailed state, old =IDLE and new state=CONNECTING
D/MobileDataStateTracker(  350): fota: Broadcast received: android.intent.action.ANY_DATA_STATE apnType=fota
D/MobileDataStateTracker(  350): fota: Received state=DISCONNECTED, old=DISCONNECTED, reason=dataEnabled
I/NetworkPolicy(  350): no policy for active mobile network; generating default policy
D/MobileDataStateTracker(  350): ia: Broadcast received: android.intent.action.ANY_DATA_STATE apnType=ia
D/MobileDataStateTracker(  350): ia: Received state=DISCONNECTED, old=DISCONNECTED, reason=dataEnabled
D/MobileDataStateTracker(  350): supl: Broadcast received: android.intent.action.ANY_DATA_STATE apnType=supl
D/MobileDataStateTracker(  350): supl: Received state=DISCONNECTED, old=DISCONNECTED, reason=dataEnabled
D/MobileDataStateTracker(  350): ims: Broadcast received: android.intent.action.ANY_DATA_STATE apnType=ims
D/dalvikvm(  350): GC_CONCURRENT freed 802K, 57% free 5495K/12724K, paused 6ms+5ms, total 108ms
W/Resources(  699): Converting to int: TypedValue{t=0x3/d=0x12 "4" a=-1}
W/Resources(  699): Converting to int: TypedValue{t=0x3/d=0xf "1" a=-1}
W/Resources(  699): Converting to int: TypedValue{t=0x3/d=0x15 "2" a=-1}
W/Resources(  699): Converting to int: TypedValue{t=0x3/d=0x15 "2" a=-1}
W/Launcher.LauncherProvider(  699): Unable to add favorite: com.android.camera2/com.android.camera.CameraLauncher
W/Launcher.LauncherProvider(  699): android.content.pm.PackageManager$NameNotFoundException: ComponentInfo{com.android.camera2/com.android.camera.CameraLauncher}
W/Launcher.LauncherProvider(  699): 	at android.app.ApplicationPackageManager.getActivityInfo(ApplicationPackageManager.java:242)
W/Launcher.LauncherProvider(  699): 	at com.android.launcher2.LauncherProvider$DatabaseHelper.addAppShortcut(LauncherProvider.java:959)
W/Launcher.LauncherProvider(  699): 	at com.android.launcher2.LauncherProvider$DatabaseHelper.loadFavorites(LauncherProvider.java:863)
W/Launcher.LauncherProvider(  699): 	at com.android.launcher2.LauncherProvider$DatabaseHelper.access$000(LauncherProvider.java:253)
W/Launcher.LauncherProvider(  699): 	at com.android.launcher2.LauncherProvider.loadDefaultFavoritesIfNecessary(LauncherProvider.java:237)
W/Launcher.LauncherProvider(  699): 	at com.android.launcher2.LauncherModel$LoaderTask.loadWorkspace(LauncherModel.java:1278)
W/Launcher.LauncherProvider(  699): 	at com.android.launcher2.LauncherModel$LoaderTask.loadAndBindWorkspace(LauncherModel.java:1020)
W/Launcher.LauncherProvider(  699): 	at com.android.launcher2.LauncherModel$LoaderTask.run(LauncherModel.java:1126)
W/Launcher.LauncherProvider(  699): 	at android.os.Handler.handleCallback(Handler.java:733)
W/Launcher.LauncherProvider(  699): 	at android.os.Handler.dispatchMessage(Handler.java:95)
W/Launcher.LauncherProvider(  699): 	at android.os.Looper.loop(Looper.java:136)
W/Launcher.LauncherProvider(  699): 	at android.os.HandlerThread.run(HandlerThread.java:61)
W/Launcher.LauncherProvider(  699): Unable to add favorite: com.android.gallery3d/com.android.gallery3d.app.Gallery
W/Launcher.LauncherProvider(  699): android.content.pm.PackageManager$NameNotFoundException: ComponentInfo{com.android.gallery3d/com.android.gallery3d.app.Gallery}
W/Launcher.LauncherProvider(  699): 	at android.app.ApplicationPackageManager.getActivityInfo(ApplicationPackageManager.java:242)
W/Launcher.LauncherProvider(  699): 	at com.android.launcher2.LauncherProvider$DatabaseHelper.addAppShortcut(LauncherProvider.java:959)
W/Launcher.LauncherProvider(  699): 	at com.android.launcher2.LauncherProvider$DatabaseHelper.loadFavorites(LauncherProvider.java:863)
W/Launcher.LauncherProvider(  699): 	at com.android.launcher2.LauncherProvider$DatabaseHelper.access$000(LauncherProvider.java:253)
W/Launcher.LauncherProvider(  699): 	at com.android.launcher2.LauncherProvider.loadDefaultFavoritesIfNecessary(LauncherProvider.java:237)
W/Launcher.LauncherProvider(  699): 	at com.android.launcher2.LauncherModel$LoaderTask.loadWorkspace(LauncherModel.java:1278)
W/Launcher.LauncherProvider(  699): 	at com.android.launcher2.LauncherModel$LoaderTask.loadAndBindWorkspace(LauncherModel.java:1020)
W/Launcher.LauncherProvider(  699): 	at com.android.launcher2.LauncherModel$LoaderTask.run(LauncherModel.java:1126)
W/Launcher.LauncherProvider(  699): 	at android.os.Handler.handleCallback(Handler.java:733)
W/Launcher.LauncherProvider(  699): 	at android.os.Handler.dispatchMessage(Handler.java:95)
W/Launcher.LauncherProvider(  699): 	at android.os.Looper.loop(Looper.java:136)
W/Launcher.LauncherProvider(  699): 	at android.os.HandlerThread.run(HandlerThread.java:61)
D/MobileDataStateTracker(  350): default: setPolicyDataEnable(enabled=true)
D/MobileDataStateTracker(  350): ims: Received state=DISCONNECTED, old=DISCONNECTED, reason=dataEnabled
D/MobileDataStateTracker(  350): mms: Broadcast received: android.intent.action.ANY_DATA_STATE apnType=mms
D/MobileDataStateTracker(  350): mms: Received state=DISCONNECTED, old=DISCONNECTED, reason=dataEnabled
D/MobileDataStateTracker(  350): cbs: Broadcast received: android.intent.action.ANY_DATA_STATE apnType=cbs
D/MobileDataStateTracker(  350): cbs: Received state=DISCONNECTED, old=DISCONNECTED, reason=dataEnabled
I/SurfaceFlinger(   58): Boot is finished (68682 ms)
D/dalvikvm(  598): GC_CONCURRENT freed 406K, 15% free 3295K/3872K, paused 456ms+2ms, total 591ms
D/MobileDataStateTracker(  350): hipri: Broadcast received: android.intent.action.ANY_DATA_STATE apnType=hipri
D/MobileDataStateTracker(  350): hipri: Received state=CONNECTED, old=CONNECTING, reason=dataEnabled
D/MobileDataStateTracker(  350): hipri: setDetailed state, old =CONNECTING and new state=CONNECTED
D/ConnectivityService(  350): ConnectivityChange for mobile_hipri: CONNECTED/CONNECTED
D/ConnectivityService(  350): startUsingNetworkFeature X: return APN_REQUEST_STARTED
E/ConnectivityService(  350): startUsingNetworkFeature took too long: 1086ms
D/ConnectivityService(  350): [CheckMp] isMobileOk: hipri started
D/ConnectivityService(  350): [CheckMp] isMobileOk: not connected ni=NetworkInfo: type: mobile_hipri[UMTS], state: DISCONNECTED/IDLE, reason: (unspecified), extra: (none), roaming: false, failover: false, isAvailable: true, isConnectedToProvisioningNetwork: false
I/MediaProvider(  620): Upgrading media database from version 0 to 700, which will destroy all old data
D/dalvikvm(  699): GC_CONCURRENT freed 310K, 10% free 3852K/4256K, paused 4ms+4ms, total 126ms
D/ConnectivityService(  350): [CheckMp] isMobileOk: not connected ni=NetworkInfo: type: mobile_hipri[UMTS], state: DISCONNECTED/IDLE, reason: (unspecified), extra: (none), roaming: false, failover: false, isAvailable: true, isConnectedToProvisioningNetwork: false
E/NetdConnector(  350): NDC Command {12 bandwidth setiquota eth0 9223372036854775807} took too long (1855ms)
E/NetdConnector(  350): NDC Command {13 interface setmtu eth0 1440} took too long (1614ms)
D/Nat464Xlat(  350): requiresClat: netType=5, hasIPv4Address=true
D/MobileDataStateTracker(  350): default: setPolicyDataEnable(enabled=true)
W/WindowManager(  350): App freeze timeout expired.
W/WindowManager(  350): Force clearing freeze: AppWindowToken{b359ec30 token=Token{b32072c0 ActivityRecord{b3278c58 u0 com.android.launcher/com.android.launcher2.Launcher t3}}}
I/WindowManager(  350): Screen frozen for +5s54ms due to AppWindowToken{b359ec30 token=Token{b32072c0 ActivityRecord{b3278c58 u0 com.android.launcher/com.android.launcher2.Launcher t3}}}
D/Tethering(  350): MasterInitialState.processMessage what=3
W/ActivityManager(  350): Launch timeout has expired, giving up wake lock!
D/CaptivePortalTracker(  350): NoActiveNetworkState{ when=-1ms what=1 obj=NetworkInfo: type: mobile[UMTS], state: CONNECTED/CONNECTED, reason: connected, extra: epc.tmobile.com, roaming: false, failover: false, isAvailable: true, isConnectedToProvisioningNetwork: false target=com.android.internal.util.StateMachine$SmHandler }
D/CaptivePortalTracker(  350): NoActiveNetworkState not a wifi connectivity change, ignore
D/Launcher.Model(  699): Reload apps on config change. curr_mcc:310 prevmcc:0
I/Choreographer(  699): Skipped 619 frames!  The application may be doing too much work on its main thread.
I/Choreographer(  350): Skipped 42 frames!  The application may be doing too much work on its main thread.
I/ARMAssembler(   58): generated scanline__00000077:03515104_00009001_00000000 [131 ipp] (153 ins) at [0xb5a13410:0xb5a13674] in 0 ns
I/Choreographer(  350): Skipped 47 frames!  The application may be doing too much work on its main thread.
E/NetdConnector(  350): NDC Command {15 bandwidth removeiquota eth0} took too long (1166ms)
D/ConnectivityService(  350): [CheckMp] isMobileOk: not connected ni=NetworkInfo: type: mobile_hipri[UMTS], state: DISCONNECTED/IDLE, reason: (unspecified), extra: (none), roaming: false, failover: false, isAvailable: true, isConnectedToProvisioningNetwork: false
D/dalvikvm(  350): GC_CONCURRENT freed 517K, 56% free 5638K/12724K, paused 5ms+65ms, total 1251ms
D/dalvikvm(  699): GC_CONCURRENT freed 219K, 8% free 4025K/4340K, paused 5ms+342ms, total 608ms
I/PackageManager(  350):   Action: "android.intent.action.SENDTO"
I/PackageManager(  350):   Category: "android.intent.category.DEFAULT"
I/PackageManager(  350):   Scheme: "sms"
I/PackageManager(  350): Adding preferred activity ComponentInfo{com.android.mms/com.android.mms.ui.ComposeMessageActivity} for user 0 :
I/Choreographer(  699): Skipped 65 frames!  The application may be doing too much work on its main thread.
I/InputReader(  350): Reconfiguring input devices.  changes=0x00000010
I/Choreographer(  350): Skipped 94 frames!  The application may be doing too much work on its main thread.
D/gralloc_goldfish(  699): Emulator without GPU emulation detected.
D/Tethering(  350): MasterInitialState.processMessage what=3
D/ConnectivityService(  350): [CheckMp] isMobileOk: not connected ni=NetworkInfo: type: mobile_hipri[UMTS], state: DISCONNECTED/IDLE, reason: (unspecified), extra: (none), roaming: false, failover: false, isAvailable: true, isConnectedToProvisioningNetwork: false
D/CaptivePortalTracker(  350): NoActiveNetworkState{ when=-1ms what=1 obj=NetworkInfo: type: mobile_hipri[UMTS], state: CONNECTED/CONNECTED, reason: dataEnabled, extra: epc.tmobile.com, roaming: false, failover: false, isAvailable: true, isConnectedToProvisioningNetwork: false target=com.android.internal.util.StateMachine$SmHandler }
D/CaptivePortalTracker(  350): NoActiveNetworkState not a wifi connectivity change, ignore
I/PackageManager(  350):   Action: "android.intent.action.SENDTO"
I/PackageManager(  350):   Category: "android.intent.category.DEFAULT"
I/PackageManager(  350):   Scheme: "smsto"
I/PackageManager(  350): Adding preferred activity ComponentInfo{com.android.mms/com.android.mms.ui.ComposeMessageActivity} for user 0 :
E/NetdConnector(  350): NDC Command {16 bandwidth setiquota eth0 9223372036854775807} took too long (2448ms)
D/dalvikvm(  699): GC_FOR_ALLOC freed 54K, 8% free 4015K/4340K, paused 223ms, total 223ms
I/dalvikvm-heap(  699): Grow heap (frag case) to 5.543MB for 1610896-byte allocation
D/dalvikvm(  699): GC_FOR_ALLOC freed <1K, 6% free 5588K/5916K, paused 40ms, total 40ms
D/dalvikvm(  699): GC_CONCURRENT freed 116K, 8% free 5471K/5916K, paused 4ms+13ms, total 60ms
D/AndroidRuntime(  794): 
D/AndroidRuntime(  794): >>>>>> AndroidRuntime START com.android.internal.os.RuntimeInit <<<<<<
D/AndroidRuntime(  794): CheckJNI is ON
D/dalvikvm(  794): Trying to load lib libjavacore.so 0x0
D/dalvikvm(  350): GC_EXPLICIT freed 336K, 56% free 5654K/12724K, paused 582ms+477ms, total 1544ms
D/dalvikvm(  794): Added shared lib libjavacore.so 0x0
D/dalvikvm(  794): Trying to load lib libnativehelper.so 0x0
D/dalvikvm(  794): Added shared lib libnativehelper.so 0x0
D/dalvikvm(  794): No JNI_OnLoad found in libnativehelper.so 0x0, skipping init
I/PackageManager(  350):   Action: "android.intent.action.SENDTO"
I/PackageManager(  350):   Category: "android.intent.category.DEFAULT"
I/PackageManager(  350):   Scheme: "mms"
I/PackageManager(  350): Adding preferred activity ComponentInfo{com.android.mms/com.android.mms.ui.ComposeMessageActivity} for user 0 :
D/MobileDataStateTracker(  350): default: setPolicyDataEnable(enabled=true)
D/dalvikvm(  699): GC_FOR_ALLOC freed <1K, 8% free 5471K/5916K, paused 217ms, total 217ms
I/dalvikvm-heap(  699): Grow heap (frag case) to 6.965MB for 1610896-byte allocation
I/PackageManager(  350):   Action: "android.intent.action.SENDTO"
I/PackageManager(  350):   Category: "android.intent.category.DEFAULT"
I/PackageManager(  350):   Scheme: "mmsto"
I/PackageManager(  350): Adding preferred activity ComponentInfo{com.android.mms/com.android.mms.ui.ComposeMessageActivity} for user 0 :
D/dalvikvm(  699): GC_CONCURRENT freed 0K, 6% free 7044K/7492K, paused 19ms+3ms, total 107ms
D/dalvikvm(  699): WAIT_FOR_CONCURRENT_GC blocked 73ms
D/MobileDataStateTracker(  350): default: setPolicyDataEnable(enabled=true)
I/PackageManager(  350):   Action: "android.intent.action.SENDTO"
I/PackageManager(  350):   Category: "android.intent.category.DEFAULT"
I/PackageManager(  350):   Scheme: "sms"
I/PackageManager(  350): Adding preferred activity ComponentInfo{com.android.mms/com.android.mms.ui.ComposeMessageActivity} for user 0 :
D/dalvikvm(  794): Note: class Landroid/app/ActivityManagerNative; has 179 unimplemented (abstract) methods
D/dalvikvm(  598): GC_FOR_ALLOC freed 304K, 14% free 3376K/3892K, paused 90ms, total 112ms
I/PackageManager(  350):   Action: "android.intent.action.SENDTO"
I/PackageManager(  350):   Category: "android.intent.category.DEFAULT"
I/PackageManager(  350):   Scheme: "smsto"
I/PackageManager(  350): Adding preferred activity ComponentInfo{com.android.mms/com.android.mms.ui.ComposeMessageActivity} for user 0 :
W/ProcessCpuTracker(  350): Skipping unknown process pid 811
I/PackageManager(  350):   Action: "android.intent.action.SENDTO"
I/PackageManager(  350):   Category: "android.intent.category.DEFAULT"
I/PackageManager(  350):   Scheme: "mms"
I/PackageManager(  350): Adding preferred activity ComponentInfo{com.android.mms/com.android.mms.ui.ComposeMessageActivity} for user 0 :
I/PackageManager(  350):   Action: "android.intent.action.SENDTO"
I/PackageManager(  350):   Category: "android.intent.category.DEFAULT"
I/PackageManager(  350):   Scheme: "mmsto"
I/PackageManager(  350): Adding preferred activity ComponentInfo{com.android.mms/com.android.mms.ui.ComposeMessageActivity} for user 0 :
I/ActivityManager(  350): Displayed com.android.launcher/com.android.launcher2.Launcher: +13s772ms (total +18s166ms)
E/NetdConnector(  350): NDC Command {18 bandwidth removeiquota eth0} took too long (1102ms)
E/memtrack(  794): Couldn't load memtrack module (No such file or directory)
E/android.os.Debug(  794): failed to load memtrack module: -2
I/Choreographer(  350): Skipped 86 frames!  The application may be doing too much work on its main thread.
D/dalvikvm(  449): GC_FOR_ALLOC freed 3126K, 7% free 3588K/3844K, paused 800ms, total 805ms
I/Choreographer(  350): Skipped 45 frames!  The application may be doing too much work on its main thread.
D/AndroidRuntime(  794): Calling main entry com.android.commands.pm.Pm
D/dalvikvm(  350): GC_CONCURRENT freed 724K, 57% free 5580K/12724K, paused 84ms+186ms, total 1550ms
I/dalvikvm-heap(  449): Grow heap (frag case) to 6.516MB for 3072016-byte allocation
D/dalvikvm(  449): GC_CONCURRENT freed 5K, 4% free 6582K/6848K, paused 38ms+3ms, total 226ms
I/Choreographer(  699): Skipped 235 frames!  The application may be doing too much work on its main thread.
I/Choreographer(  699): Skipped 69 frames!  The application may be doing too much work on its main thread.
E/NetdConnector(  350): NDC Command {19 bandwidth setiquota eth0 9223372036854775807} took too long (1799ms)
D/MobileDataStateTracker(  350): default: setPolicyDataEnable(enabled=true)
D/ConnectivityService(  350): [CheckMp] isMobileOk: not connected ni=NetworkInfo: type: mobile_hipri[UMTS], state: DISCONNECTED/IDLE, reason: (unspecified), extra: (none), roaming: false, failover: false, isAvailable: true, isConnectedToProvisioningNetwork: false
I/ActivityManager(  350): Start proc com.android.defcontainer for service com.android.defcontainer/.DefaultContainerService: pid=836 uid=10003 gids={50003, 1028, 1015, 1023, 2001, 1035}
I/Choreographer(  699): Skipped 100 frames!  The application may be doing too much work on its main thread.
W/ActivityManager(  350): Activity destroy timeout for ActivityRecord{b2d60668 u0 com.android.settings/.CryptKeeper t1 f}
I/Choreographer(  699): Skipped 47 frames!  The application may be doing too much work on its main thread.
D/ConnectivityService(  350): [CheckMp] isMobileOk: not connected ni=NetworkInfo: type: mobile_hipri[UMTS], state: DISCONNECTED/IDLE, reason: (unspecified), extra: (none), roaming: false, failover: false, isAvailable: true, isConnectedToProvisioningNetwork: false
E/SQLiteLog(  620): (1) no such table: album_info
I/ActivityManager(  350): Start proc com.android.externalstorage for broadcast com.android.externalstorage/.MountReceiver: pid=853 uid=10006 gids={50006, 1028, 1015, 1023}
I/DownloadManager(  620): Upgrading downloads database from version 0 to version 109, which will destroy all old data
D/ExternalStorage(  853): Missing UUID for /storage/sdcard; skipping
D/ExternalStorage(  853): After updating volumes, found 0 active roots
W/ActivityManager(  350): No content provider found for permission revoke: file:///data/local/tmp/sample_for_analysis.apk
D/ConnectivityService(  350): [CheckMp] isMobileOk: not connected ni=NetworkInfo: type: mobile_hipri[UMTS], state: DISCONNECTED/IDLE, reason: (unspecified), extra: (none), roaming: false, failover: false, isAvailable: true, isConnectedToProvisioningNetwork: false
D/dalvikvm(  699): GC_CONCURRENT freed 1899K, 24% free 6473K/8464K, paused 14ms+2ms, total 39ms
I/ContactLocale(  552): AddressBook Labels [en_US]: [, A, B, C, D, E, F, G, H, I, J, K, L, M, N, O, P, Q, R, S, T, U, V, W, X, Y, Z, , , , , , , , , , , , , , , , , , , , , , , , , , , , , , , , , , , , , , , , , , , , , , , , , , , , , , , , , , , , , , , , , , , , , , , , , , , , , , , , , , , , , , , , , , , , , , , , , , , , , , , , , , , , , , , , , , , , , , , , , , , , , , , , , , , , , , , , , , , , , , , , , , , , , , , , , , , , , , , , , , , , , , , , , , , , , , , , , , , , , , #, ]
W/ActivityManager(  350): No content provider found for permission revoke: file:///data/local/tmp/sample_for_analysis.apk
I/PackageManager(  350): Copying native libraries to /data/app-lib/vmdl-181284843
D/GpsLocationProvider(  350): NTP server returned: 1545895455354 (Thu Dec 27 02:24:15 EST 2018) reference: 72604 certainty: 21 system time offset: -29079
D/dalvikvm(  350): GC_CONCURRENT freed 443K, 54% free 5855K/12724K, paused 8ms+5ms, total 83ms
D/dalvikvm(  350): WAIT_FOR_CONCURRENT_GC blocked 79ms
D/ConnectivityService(  350): [CheckMp] isMobileOk: not connected ni=NetworkInfo: type: mobile_hipri[UMTS], state: DISCONNECTED/IDLE, reason: (unspecified), extra: (none), roaming: false, failover: false, isAvailable: true, isConnectedToProvisioningNetwork: false
D/dalvikvm(  620): GC_CONCURRENT freed 282K, 12% free 2920K/3292K, paused 2ms+2ms, total 33ms
I/ActivityManager(  350): Start proc com.android.exchange for content provider com.android.exchange/.provider.ExchangeDirectoryProvider: pid=868 uid=10025 gids={50025, 3003, 1028, 1015}
D/dalvikvm(  350): GC_CONCURRENT freed 472K, 53% free 6081K/12724K, paused 8ms+102ms, total 219ms
D/ExternalStorage(  853): Missing UUID for /storage/sdcard; skipping
D/ExternalStorage(  853): After updating volumes, found 0 active roots
D/dalvikvm(  350): GC_CONCURRENT freed 599K, 51% free 6275K/12724K, paused 6ms+9ms, total 85ms
D/ConnectivityService(  350): [CheckMp] isMobileOk: not connected ni=NetworkInfo: type: mobile_hipri[UMTS], state: DISCONNECTED/IDLE, reason: (unspecified), extra: (none), roaming: false, failover: false, isAvailable: true, isConnectedToProvisioningNetwork: false
D/dalvikvm(  350): GC_CONCURRENT freed 824K, 51% free 6295K/12724K, paused 6ms+7ms, total 82ms
D/dalvikvm(  350): GC_CONCURRENT freed 841K, 51% free 6277K/12724K, paused 8ms+5ms, total 75ms
D/dalvikvm(  350): GC_CONCURRENT freed 814K, 51% free 6324K/12724K, paused 6ms+6ms, total 81ms
D/dalvikvm(  350): GC_CONCURRENT freed 871K, 51% free 6341K/12724K, paused 7ms+7ms, total 84ms
D/ConnectivityService(  350): [CheckMp] isMobileOk: not connected ni=NetworkInfo: type: mobile_hipri[UMTS], state: DISCONNECTED/IDLE, reason: (unspecified), extra: (none), roaming: false, failover: false, isAvailable: true, isConnectedToProvisioningNetwork: false
D/dalvikvm(  350): GC_CONCURRENT freed 890K, 51% free 6282K/12724K, paused 6ms+7ms, total 72ms
D/dalvikvm(  350): GC_CONCURRENT freed 782K, 51% free 6301K/12724K, paused 6ms+5ms, total 75ms
D/dalvikvm(  350): GC_CONCURRENT freed 819K, 51% free 6297K/12724K, paused 7ms+5ms, total 71ms
I/PackageManager(  350): Running dexopt on: com.cwa.PetKi
D/dalvikvm(  880): DexOpt: 'Landroid/annotation/SuppressLint;' has an earlier definition; blocking out
D/dalvikvm(  880): DexOpt: 'Landroid/annotation/TargetApi;' has an earlier definition; blocking out
D/ConnectivityService(  350): [CheckMp] isMobileOk: not connected ni=NetworkInfo: type: mobile_hipri[UMTS], state: DISCONNECTED/IDLE, reason: (unspecified), extra: (none), roaming: false, failover: false, isAvailable: true, isConnectedToProvisioningNetwork: false
D/dalvikvm(  880): DexOpt: not verifying/optimizing 'Landroid/annotation/SuppressLint;': multiple definitions
D/dalvikvm(  880): DexOpt: not verifying/optimizing 'Landroid/annotation/TargetApi;': multiple definitions
D/dalvikvm(  880): DexOpt: load 114ms, verify+opt 652ms, 961628 bytes
W/PackageManager(  350): Not granting permission android.permission.MOUNT_UNMOUNT_FILESYSTEMS to package com.cwa.PetKi (protectionLevel=18 flags=0x9e44)
D/ConnectivityService(  350): [CheckMp] isMobileOk: not connected ni=NetworkInfo: type: mobile_hipri[UMTS], state: DISCONNECTED/IDLE, reason: (unspecified), extra: (none), roaming: false, failover: false, isAvailable: true, isConnectedToProvisioningNetwork: false
D/MediaScannerReceiver(  620): action: android.intent.action.MEDIA_MOUNTED path: /storage/sdcard
I/ActivityManager(  350): Force stopping com.cwa.PetKi appid=10052 user=-1: update pkg
I/InputReader(  350): Reconfiguring input devices.  changes=0x00000010
I/PackageManager(  350):   Action: "android.intent.action.SENDTO"
I/PackageManager(  350):   Category: "android.intent.category.DEFAULT"
I/PackageManager(  350):   Scheme: "sms"
D/BackupManagerService(  350): Received broadcast Intent { act=android.intent.action.PACKAGE_ADDED dat=package:com.cwa.PetKi flg=0x4000010 (has extras) }
V/BackupManagerService(  350): addPackageParticipantsLocked: #1
I/PackageManager(  350): Adding preferred activity ComponentInfo{com.android.mms/com.android.mms.ui.ComposeMessageActivity} for user 0 :
D/dalvikvm(  350): GC_EXPLICIT freed 843K, 51% free 6355K/12724K, paused 10ms+8ms, total 218ms
D/dalvikvm(  350): WAIT_FOR_CONCURRENT_GC blocked 86ms
D/dalvikvm(  350): WAIT_FOR_CONCURRENT_GC blocked 91ms
D/dalvikvm(  350): WAIT_FOR_CONCURRENT_GC blocked 88ms
D/dalvikvm(  350): WAIT_FOR_CONCURRENT_GC blocked 84ms
D/dalvikvm(  350): WAIT_FOR_CONCURRENT_GC blocked 76ms
D/dalvikvm(  350): WAIT_FOR_CONCURRENT_GC blocked 127ms
I/PackageManager(  350):   Action: "android.intent.action.SENDTO"
I/PackageManager(  350):   Category: "android.intent.category.DEFAULT"
I/PackageManager(  350):   Scheme: "smsto"
I/PackageManager(  350): Adding preferred activity ComponentInfo{com.android.mms/com.android.mms.ui.ComposeMessageActivity} for user 0 :
D/dalvikvm(  598): GC_FOR_ALLOC freed 447K, 16% free 3341K/3976K, paused 50ms, total 55ms
D/dalvikvm(  350): WAIT_FOR_CONCURRENT_GC blocked 259ms
D/dalvikvm(  598): GC_CONCURRENT freed 2K, 16% free 3343K/3976K, paused 12ms+3ms, total 29ms
I/PackageManager(  350):   Action: "android.intent.action.SENDTO"
I/PackageManager(  350):   Category: "android.intent.category.DEFAULT"
I/PackageManager(  350):   Scheme: "mms"
I/PackageManager(  350): Adding preferred activity ComponentInfo{com.android.mms/com.android.mms.ui.ComposeMessageActivity} for user 0 :
I/PackageManager(  350):   Action: "android.intent.action.SENDTO"
I/PackageManager(  350):   Category: "android.intent.category.DEFAULT"
I/PackageManager(  350):   Scheme: "mmsto"
I/PackageManager(  350): Adding preferred activity ComponentInfo{com.android.mms/com.android.mms.ui.ComposeMessageActivity} for user 0 :
I/PackageManager(  350):   Action: "android.intent.action.SENDTO"
I/PackageManager(  350):   Category: "android.intent.category.DEFAULT"
I/PackageManager(  350):   Scheme: "sms"
I/PackageManager(  350): Adding preferred activity ComponentInfo{com.android.mms/com.android.mms.ui.ComposeMessageActivity} for user 0 :
I/PackageManager(  350):   Action: "android.intent.action.SENDTO"
I/PackageManager(  350):   Category: "android.intent.category.DEFAULT"
I/PackageManager(  350):   Scheme: "smsto"
I/PackageManager(  350): Adding preferred activity ComponentInfo{com.android.mms/com.android.mms.ui.ComposeMessageActivity} for user 0 :
I/PackageManager(  350):   Action: "android.intent.action.SENDTO"
I/PackageManager(  350):   Category: "android.intent.category.DEFAULT"
I/PackageManager(  350):   Scheme: "mms"
I/PackageManager(  350): Adding preferred activity ComponentInfo{com.android.mms/com.android.mms.ui.ComposeMessageActivity} for user 0 :
I/PackageManager(  350):   Action: "android.intent.action.SENDTO"
I/PackageManager(  350):   Category: "android.intent.category.DEFAULT"
I/PackageManager(  350):   Scheme: "mmsto"
I/PackageManager(  350): Adding preferred activity ComponentInfo{com.android.mms/com.android.mms.ui.ComposeMessageActivity} for user 0 :
D/dalvikvm(  598): GC_CONCURRENT freed 405K, 16% free 3375K/3976K, paused 5ms+2ms, total 26ms
D/dalvikvm(  598): WAIT_FOR_CONCURRENT_GC blocked 15ms
D/AndroidRuntime(  794): Shutting down VM
D/dalvikvm(  794): GC_CONCURRENT freed 95K, 16% free 560K/660K, paused 2ms+2ms, total 24ms
D/dalvikvm(  350): GC_CONCURRENT freed 894K, 51% free 6333K/12724K, paused 18ms+10ms, total 130ms
D/dalvikvm(  350): WAIT_FOR_CONCURRENT_GC blocked 48ms
D/ConnectivityService(  350): [CheckMp] isMobileOk: not connected ni=NetworkInfo: type: mobile_hipri[UMTS], state: DISCONNECTED/IDLE, reason: (unspecified), extra: (none), roaming: false, failover: false, isAvailable: true, isConnectedToProvisioningNetwork: false
E/BluetoothAdapter(  609): Bluetooth binder is null
I/ActivityManager(  350): Start proc com.android.music for broadcast com.android.music/.MediaButtonIntentReceiver: pid=886 uid=10032 gids={50032, 3003, 1028, 1015}
I/dalvikvm(  886): CheckJNI enabled: not enabling JNI app bug workarounds.
I/ActivityManager(  350): Start proc com.android.email for content provider com.android.email/.provider.EmailProvider: pid=898 uid=10024 gids={50024, 3003, 1028, 1015}
I/ContactDirectoryManager(  552): deleted 0 stale rows which don't have any relevant directory
I/ContactDirectoryManager(  552): Discovered 0 contact directories in 5724ms
D/ActivityThread(  898): Loading provider com.android.email.provider;com.android.email.notifier: com.android.email.provider.EmailProvider
I/ContactsProvider(  552): Upgrading aggregation algorithm
D/ConnectivityService(  350): [CheckMp] isMobileOk: not connected ni=NetworkInfo: type: mobile_hipri[UMTS], state: DISCONNECTED/IDLE, reason: (unspecified), extra: (none), roaming: false, failover: false, isAvailable: true, isConnectedToProvisioningNetwork: false
D/ActivityThread(  898): Loading provider com.android.email.provider;com.android.email.notifier: com.android.email.provider.EmailProvider
I/ContactAggregator(  552): Marked all visible contacts for aggregation: 0 raw contacts, 35 ms
W/RecognitionManagerService(  350): no available voice recognition services found for user 0
I/ContactsProvider(  552): Aggregation algorithm upgraded for 0 raw contacts in 204ms
V/MediaScanner(  620): pruneDeadThumbnailFiles... android.database.sqlite.SQLiteCursor@b2d63cb0
V/MediaScanner(  620): /pruneDeadThumbnailFiles... android.database.sqlite.SQLiteCursor@b2d63cb0
I/ContactsFTS(  552): Rebuild contact search index in 307ms, 0 contacts
D/dalvikvm(  552): GC_CONCURRENT freed 304K, 12% free 3084K/3476K, paused 4ms+2ms, total 38ms
I/ActivityManager(  350): Start proc com.android.calendar for broadcast com.android.calendar/.widget.CalendarAppWidgetService$CalendarFactory: pid=913 uid=10016 gids={50016, 3003}
I/MediaFocusControl(  350):   Remote Control   registerMediaButtonIntent() for PendingIntent{b3407128: PendingIntentRecord{b303a4a0 com.android.music broadcastIntent}}
D/ConnectivityService(  350): [CheckMp] isMobileOk: not connected ni=NetworkInfo: type: mobile_hipri[UMTS], state: DISCONNECTED/IDLE, reason: (unspecified), extra: (none), roaming: false, failover: false, isAvailable: true, isConnectedToProvisioningNetwork: false
D/ExtensionsFactory(  913): No custom extensions.
I/ActivityManager(  350): Start proc com.android.providers.calendar for content provider com.android.providers.calendar/.CalendarProvider2: pid=932 uid=10001 gids={50001, 3003, 1028, 1015}
I/ActivityManager(  350): Start proc com.android.deskclock for broadcast com.android.deskclock/.AlarmInitReceiver: pid=937 uid=10020 gids={50020, 1028}
D/dalvikvm(   59): GC_EXPLICIT freed 40K, 5% free 2705K/2836K, paused 14ms+2ms, total 59ms
D/dalvikvm(   59): GC_EXPLICIT freed <1K, 5% free 2705K/2836K, paused 13ms+2ms, total 54ms
D/dalvikvm(   59): GC_EXPLICIT freed <1K, 5% free 2705K/2836K, paused 3ms+2ms, total 43ms
D/dalvikvm(  898): GC_CONCURRENT freed 205K, 10% free 2886K/3184K, paused 5ms+2ms, total 383ms
V/AlarmClock(  937): AlarmInitReceiver android.intent.action.TIMEZONE_CHANGED
I/AlarmClock(  937): Alarms Table created
I/CalendarDatabaseHelper(  932): Bootstrapping database
I/AlarmClock(  937): Instance table created
I/AlarmClock(  937): Cities table created
I/AlarmClock(  937): Inserting default alarms
I/AlarmClock(  937): Displaying next alarm time: ''
D/ConnectivityService(  350): [CheckMp] isMobileOk: not connected ni=NetworkInfo: type: mobile_hipri[UMTS], state: DISCONNECTED/IDLE, reason: (unspecified), extra: (none), roaming: false, failover: false, isAvailable: true, isConnectedToProvisioningNetwork: false
W/BackupManagerService(  350): dataChanged but no participant pkg='com.android.providers.settings' uid=10020
V/AlarmClock(  937): AlarmInitReceiver finished
E/BluetoothAdapter(  609): Bluetooth binder is null
E/BluetoothAdapter(  609): Bluetooth binder is null
I/ActivityManager(  350): Start proc com.android.dialer for broadcast com.android.dialer/.calllog.CallLogReceiver: pid=959 uid=10004 gids={50004, 3003, 1028, 1015}
I/CalendarProvider2(  932): Created com.android.providers.calendar.CalendarAlarmManager@b2d35ad8(com.android.providers.calendar.CalendarProvider2@b2d220f0)
D/ExtensionsFactory(  959): No custom extensions.
I/ActivityManager(  350): Delay finish: com.android.dialer/.calllog.CallLogReceiver
I/ActivityManager(  350): Resuming delayed broadcast
E/BluetoothAdapter(  350): Bluetooth binder is null
E/BluetoothAdapter(  350): Bluetooth binder is null
V/WiredAccessoryManager(  350): init()
I/PowerManagerService(  350): Boot animation finished.
E/SoundPool(  350): error loading /system/media/audio/ui/Effect_Tick.ogg
W/AudioService(  350): Soundpool could not load file: /system/media/audio/ui/Effect_Tick.ogg
E/SoundPool(  350): error loading /system/media/audio/ui/Effect_Tick.ogg
W/AudioService(  350): Soundpool could not load file: /system/media/audio/ui/Effect_Tick.ogg
E/SoundPool(  350): error loading /system/media/audio/ui/Effect_Tick.ogg
W/AudioService(  350): Soundpool could not load file: /system/media/audio/ui/Effect_Tick.ogg
E/SoundPool(  350): error loading /system/media/audio/ui/Effect_Tick.ogg
W/AudioService(  350): Soundpool could not load file: /system/media/audio/ui/Effect_Tick.ogg
E/SoundPool(  350): error loading /system/media/audio/ui/Effect_Tick.ogg
W/AudioService(  350): Soundpool could not load file: /system/media/audio/ui/Effect_Tick.ogg
E/SoundPool(  350): error loading /system/media/audio/ui/KeypressStandard.ogg
W/AudioService(  350): Soundpool could not load file: /system/media/audio/ui/KeypressStandard.ogg
E/SoundPool(  350): error loading /system/media/audio/ui/KeypressSpacebar.ogg
W/AudioService(  350): Soundpool could not load file: /system/media/audio/ui/KeypressSpacebar.ogg
E/SoundPool(  350): error loading /system/media/audio/ui/KeypressDelete.ogg
W/AudioService(  350): Soundpool could not load file: /system/media/audio/ui/KeypressDelete.ogg
E/SoundPool(  350): error loading /system/media/audio/ui/KeypressReturn.ogg
W/AudioService(  350): Soundpool could not load file: /system/media/audio/ui/KeypressReturn.ogg
E/SoundPool(  350): error loading /system/media/audio/ui/KeypressInvalid.ogg
W/AudioService(  350): Soundpool could not load file: /system/media/audio/ui/KeypressInvalid.ogg
W/AudioService(  350): onLoadSoundEffects(), Error -1 while loading samples
I/RecoverySystem(  350): No recovery log file
I/BootReceiver(  350): Copying audit failures to DropBox
I/BootReceiver(  350): Checking for fsck errors
D/dalvikvm(  350): GC_CONCURRENT freed 1479K, 55% free 5761K/12724K, paused 16ms+5ms, total 107ms
D/ConnectivityService(  350): [CheckMp] isMobileOk: not connected ni=NetworkInfo: type: mobile_hipri[UMTS], state: DISCONNECTED/IDLE, reason: (unspecified), extra: (none), roaming: false, failover: false, isAvailable: true, isConnectedToProvisioningNetwork: false
I/ActivityManager(  350): Delay finish: com.android.providers.downloads/.DownloadReceiver
I/ActivityManager(  350): Resuming delayed broadcast
I/ActivityManager(  350): Delay finish: com.android.providers.media/.MediaScannerReceiver
I/MediaProvider(  620): Upgrading media database from version 0 to 700, which will destroy all old data
I/CalendarProvider2(  932): Sending notification intent: Intent { act=android.intent.action.PROVIDER_CHANGED dat=content://com.android.calendar }
W/ContentResolver(  932): Failed to get type for: content://com.android.calendar (Unknown URL content://com.android.calendar)
I/ActivityManager(  350): Resuming delayed broadcast
I/ActivityManager(  350): Start proc com.android.mms for broadcast com.android.mms/.transaction.MmsSystemEventReceiver: pid=987 uid=10009 gids={50009, 3003, 1028, 1015}
W/ActivityManager(  350): Unable to start service Intent { cmp=com.android.email/.service.AttachmentDownloadService } U=0: not found
W/ActivityManager(  350): Unable to start service Intent { cmp=com.android.email/.service.AttachmentDownloadService } U=0: not found
I/Email   (  898): Observing account changes for notifications
D/ConnectivityService(  350): [CheckMp] isMobileOk: not connected ni=NetworkInfo: type: mobile_hipri[UMTS], state: DISCONNECTED/IDLE, reason: (unspecified), extra: (none), roaming: false, failover: false, isAvailable: true, isConnectedToProvisioningNetwork: false
W/ActivityManager(  350): Unable to start service Intent { cmp=com.android.email/.service.AttachmentDownloadService } U=0: not found
D/CountryDetector(  350): The first listener is added
V/MmsConfig(  987): mnc/mcc: 310260
V/MmsConfig(  987): tag: bool value: enabledMMS - true
V/MmsConfig(  987): tag: int value: maxMessageSize - 307200
V/MmsConfig(  987): tag: int value: maxImageHeight - 480
V/MmsConfig(  987): tag: int value: maxImageWidth - 640
