--------- beginning of /dev/log/main
I/Process (  351): Sending signal. PID: 351 SIG: 3
I/dalvikvm(  351): threadid=3: reacting to signal 3
E/memtrack( 1505): Couldn't load memtrack module (No such file or directory)
E/android.os.Debug( 1505): failed to load memtrack module: -2
D/AndroidRuntime( 1505): Calling main entry com.android.commands.am.Am
I/dalvikvm( 1389): Wrote stack traces to '/data/anr/traces.txt'
E/logwrapper( 1515): Usage: logwrapper [-a] [-d] [-k] BINARY [ARGS ...]
E/logwrapper( 1515): 
E/logwrapper( 1515): Forks and executes BINARY ARGS, redirecting stdout and stderr to
E/logwrapper( 1515): the Android logging system. Tag is set to BINARY, priority is
E/logwrapper( 1515): always LOG_INFO.
E/logwrapper( 1515): 
E/logwrapper( 1515): -a: Causes logwrapper to do abbreviated logging.
E/logwrapper( 1515):     This logs up to the first 4K and last 4K of the command
E/logwrapper( 1515):     being run, and logs the output when the command exits
E/logwrapper( 1515): -d: Causes logwrapper to SIGSEGV when BINARY terminates
E/logwrapper( 1515):     fault address is set to the status of wait()
E/logwrapper( 1515): -k: Causes logwrapper to log to the kernel log instead of
E/logwrapper( 1515):     the Android system log
I/Process (  351): Sending signal. PID: 603 SIG: 3
I/dalvikvm(  603): threadid=3: reacting to signal 3
--------- beginning of /dev/log/system
I/ActivityManager(  351): START u0 {act=android.intent.action.MAIN cat=[android.intent.category.LAUNCHER] flg=0x10000000 cmp=com.nny.ihlhin/com.door.pay.sdk.DnPayActivity} from pid 1505
I/Process (  351): Sending signal. PID: 448 SIG: 3
I/dalvikvm(  448): threadid=3: reacting to signal 3
I/dalvikvm(  351): Wrote stack traces to '/data/anr/traces.txt'
W/System.err( 1065): java.io.FileNotFoundException: qplk.dat
W/System.err( 1065): 	at android.content.res.AssetManager.openAsset(Native Method)
W/System.err( 1065): 	at android.content.res.AssetManager.open(AssetManager.java:316)
W/System.err( 1065): 	at android.content.res.AssetManager.open(AssetManager.java:290)
W/System.err( 1065): 	at com.door.frame.utils.CmmUtils.b(SourceFile:944)
W/System.err( 1065): 	at com.door.frame.DnPayServer.a(SourceFile:343)
W/System.err( 1065): 	at com.door.pay.sdk.DnPayActivity.onCreate(SourceFile:28)
W/System.err( 1065): 	at android.app.Activity.performCreate(Activity.java:5231)
W/System.err( 1065): 	at android.app.Instrumentation.callActivityOnCreate(Instrumentation.java:1087)
W/System.err( 1065): 	at android.app.ActivityThread.performLaunchActivity(ActivityThread.java:2148)
W/System.err( 1065): 	at android.app.ActivityThread.handleLaunchActivity(ActivityThread.java:2233)
W/System.err( 1065): 	at android.app.ActivityThread.access$800(ActivityThread.java:135)
W/System.err( 1065): 	at android.app.ActivityThread$H.handleMessage(ActivityThread.java:1196)
W/System.err( 1065): 	at android.os.Handler.dispatchMessage(Handler.java:102)
W/System.err( 1065): 	at android.os.Looper.loop(Looper.java:136)
W/System.err( 1065): 	at android.app.ActivityThread.main(ActivityThread.java:5001)
W/System.err( 1065): 	at java.lang.reflect.Method.invokeNative(Native Method)
W/System.err( 1065): 	at java.lang.reflect.Method.invoke(Method.java:515)
W/System.err( 1065): 	at com.android.internal.os.ZygoteInit$MethodAndArgsCaller.run(ZygoteInit.java:785)
W/System.err( 1065): 	at com.android.internal.os.ZygoteInit.main(ZygoteInit.java:601)
W/System.err( 1065): 	at dalvik.system.NativeStart.main(Native Method)
W/System.err( 1065): java.lang.ClassNotFoundException: Didn't find class "com.qp.lk.api.AdapterActivity" on path: DexPathList[[],nativeLibraryDirectories=[/system/lib]]
W/System.err( 1065): 	at dalvik.system.BaseDexClassLoader.findClass(BaseDexClassLoader.java:56)
W/System.err( 1065): 	at java.lang.ClassLoader.loadClass(ClassLoader.java:497)
W/System.err( 1065): 	at java.lang.ClassLoader.loadClass(ClassLoader.java:457)
W/System.err( 1065): 	at com.door.frame.DnPayServer.a(SourceFile:350)
W/System.err( 1065): 	at com.door.pay.sdk.DnPayActivity.onCreate(SourceFile:28)
W/System.err( 1065): 	at android.app.Activity.performCreate(Activity.java:5231)
W/System.err( 1065): 	at android.app.Instrumentation.callActivityOnCreate(Instrumentation.java:1087)
W/System.err( 1065): 	at android.app.ActivityThread.performLaunchActivity(ActivityThread.java:2148)
W/System.err( 1065): 	at android.app.ActivityThread.handleLaunchActivity(ActivityThread.java:2233)
W/System.err( 1065): 	at android.app.ActivityThread.access$800(ActivityThread.java:135)
W/System.err( 1065): 	at android.app.ActivityThread$H.handleMessage(ActivityThread.java:1196)
W/System.err( 1065): 	at android.os.Handler.dispatchMessage(Handler.java:102)
W/System.err( 1065): 	at android.os.Looper.loop(Looper.java:136)
W/System.err( 1065): 	at android.app.ActivityThread.main(ActivityThread.java:5001)
W/System.err( 1065): 	at java.lang.reflect.Method.invokeNative(Native Method)
W/System.err( 1065): 	at java.lang.reflect.Method.invoke(Method.java:515)
W/System.err( 1065): 	at com.android.internal.os.ZygoteInit$MethodAndArgsCaller.run(ZygoteInit.java:785)
W/System.err( 1065): 	at com.android.internal.os.ZygoteInit.main(ZygoteInit.java:601)
W/System.err( 1065): 	at dalvik.system.NativeStart.main(Native Method)
W/InputMethodManagerService(  351): Window already focused, ignoring focus gain of: com.android.internal.view.IInputMethodClient$Stub$Proxy@b2e48ba0 attribute=null, token = android.os.BinderProxy@b2e00de8
W/System.err( 1065): java.lang.NullPointerException
W/System.err( 1065): 	at com.door.pay.sdk.DnPayActivity.onDestroy(SourceFile:52)
W/System.err( 1065): 	at android.app.Activity.performDestroy(Activity.java:5403)
W/System.err( 1065): 	at android.app.Instrumentation.callActivityOnDestroy(Instrumentation.java:1117)
W/System.err( 1065): 	at android.app.ActivityThread.performDestroyActivity(ActivityThread.java:3470)
W/System.err( 1065): 	at android.app.ActivityThread.handleDestroyActivity(ActivityThread.java:3501)
W/System.err( 1065): 	at android.app.ActivityThread.access$1400(ActivityThread.java:135)
W/System.err( 1065): 	at android.app.ActivityThread$H.handleMessage(ActivityThread.java:1249)
W/System.err( 1065): 	at android.os.Handler.dispatchMessage(Handler.java:102)
W/System.err( 1065): 	at android.os.Looper.loop(Looper.java:136)
W/System.err( 1065): 	at android.app.ActivityThread.main(ActivityThread.java:5001)
W/System.err( 1065): 	at java.lang.reflect.Method.invokeNative(Native Method)
W/System.err( 1065): 	at java.lang.reflect.Method.invoke(Method.java:515)
W/System.err( 1065): 	at com.android.internal.os.ZygoteInit$MethodAndArgsCaller.run(ZygoteInit.java:785)
W/System.err( 1065): 	at com.android.internal.os.ZygoteInit.main(ZygoteInit.java:601)
W/System.err( 1065): 	at dalvik.system.NativeStart.main(Native Method)
I/dalvikvm(  448): Wrote stack traces to '/data/anr/traces.txt'
I/dalvikvm(  603): Wrote stack traces to '/data/anr/traces.txt'
I/PackageManager(  351):   Action: "android.intent.action.SENDTO"
I/PackageManager(  351):   Category: "android.intent.category.DEFAULT"
I/PackageManager(  351):   Scheme: "sms"
I/PackageManager(  351): Adding preferred activity ComponentInfo{com.android.mms/com.android.mms.ui.ComposeMessageActivity} for user 0 :
I/PackageManager(  351):   Action: "android.intent.action.SENDTO"
I/PackageManager(  351):   Category: "android.intent.category.DEFAULT"
I/PackageManager(  351):   Scheme: "smsto"
I/PackageManager(  351): Adding preferred activity ComponentInfo{com.android.mms/com.android.mms.ui.ComposeMessageActivity} for user 0 :
I/PackageManager(  351):   Action: "android.intent.action.SENDTO"
I/PackageManager(  351):   Category: "android.intent.category.DEFAULT"
I/PackageManager(  351):   Scheme: "mms"
I/PackageManager(  351): Adding preferred activity ComponentInfo{com.android.mms/com.android.mms.ui.ComposeMessageActivity} for user 0 :
I/PackageManager(  351):   Action: "android.intent.action.SENDTO"
I/PackageManager(  351):   Category: "android.intent.category.DEFAULT"
I/PackageManager(  351):   Scheme: "mmsto"
I/PackageManager(  351): Adding preferred activity ComponentInfo{com.android.mms/com.android.mms.ui.ComposeMessageActivity} for user 0 :
D/dalvikvm(  351): GC_CONCURRENT freed 671K, 50% free 5976K/11900K, paused 110ms+6ms, total 441ms
D/dalvikvm(  351): GC_EXPLICIT freed 429K, 50% free 6046K/11900K, paused 45ms+5ms, total 269ms
E/ActivityManager(  351): ANR in com.nny.ihlhin:remote
E/ActivityManager(  351): PID: 1389
E/ActivityManager(  351): Reason: Executing service com.nny.ihlhin/com.emag.yapz.ph.game.syd.chjieservice
E/ActivityManager(  351): Load: 7.32 / 3.19 / 1.22
E/ActivityManager(  351): CPU usage from 3832ms to -8072ms ago:
E/ActivityManager(  351):   16% 1090/cpueater: 16% user + 0% kernel
E/ActivityManager(  351):   16% 1457/cpueater: 16% user + 0% kernel
E/ActivityManager(  351):   13% 351/system_server: 7.5% user + 5.7% kernel / faults: 390 minor
E/ActivityManager(  351):   2.6% 1316/debuggerd: 1.1% user + 1.4% kernel / faults: 1390 minor
E/ActivityManager(  351):   1.7% 603/com.android.phone: 0.8% user + 0.9% kernel / faults: 273 minor
E/ActivityManager(  351):   1% 1389/com.nny.ihlhin:remote: 0.6% user + 0.4% kernel / faults: 462 minor
E/ActivityManager(  351):   0.7% 1065/com.nny.ihlhin: 0.5% user + 0.2% kernel / faults: 21 minor
E/ActivityManager(  351):   0.6% 448/com.android.systemui: 0.4% user + 0.2% kernel / faults: 106 minor
E/ActivityManager(  351):   0.2% 57/surfaceflinger: 0.2% user + 0% kernel / faults: 7 minor
E/ActivityManager(  351):   0% 25/mtdblock0: 0% user + 0% kernel
E/ActivityManager(  351):   0% 11/kworker/0:1: 0% user + 0% kernel
E/ActivityManager(  351):   0% 56/rild: 0% user + 0% kernel
E/ActivityManager(  351):   0% 520/sdcard: 0% user + 0% kernel / faults: 1 minor
E/ActivityManager(  351):   0% 950/com.android.providers.calendar: 0% user + 0% kernel
E/ActivityManager(  351):  +0% 1504/libc_test: 0% user + 0% kernel
E/ActivityManager(  351):  +0% 1505/app_process: 0% user + 0% kernel
E/ActivityManager(  351):  +0% 1515/logwrapper: 0% user + 0% kernel
E/ActivityManager(  351):  +0% 1518/make_ext4fs: 0% user + 0% kernel
E/ActivityManager(  351):  +0% 1519/mdnsd: 0% user + 0% kernel
E/ActivityManager(  351):  +0% 1521/app_process: 0% user + 0% kernel
E/ActivityManager(  351):  +0% 1522/mediaserver: 0% user + 0% kernel
E/ActivityManager(  351): 100% TOTAL: 82% user + 16% kernel + 0% softirq
E/ActivityManager(  351): CPU usage from 7097ms to 7770ms later:
E/ActivityManager(  351):   22% 1090/cpueater: 22% user + 0% kernel
E/ActivityManager(  351):   21% 1457/cpueater: 21% user + 0% kernel
E/ActivityManager(  351):   21% 1504/libc_test: 21% user + 0% kernel
E/ActivityManager(  351):   8.9% 351/system_server: 4.4% user + 4.4% kernel
E/ActivityManager(  351):     7.4% 369/ActivityManager: 4.4% user + 2.9% kernel
E/ActivityManager(  351):     1.4% 371/android.bg: 0% user + 1.4% kernel
E/ActivityManager(  351):   4.2% 1521/app_process: 1.4% user + 2.8% kernel / faults: 210 minor
E/ActivityManager(  351):   0.9% 603/com.android.phone: 0% user + 0.9% kernel
E/ActivityManager(  351):     0.9% 603/m.android.phone: 0% user + 0.9% kernel
E/ActivityManager(  351):  +0% 1522/mediaserver: 0% user + 0% kernel
E/ActivityManager(  351): 100% TOTAL: 79% user + 20% kernel
I/ActivityManager(  351): Killing 1389:com.nny.ihlhin:remote/u0a52 (adj 5): background ANR
D/dalvikvm(  351): GC_CONCURRENT freed 445K, 46% free 6435K/11900K, paused 8ms+36ms, total 232ms
D/dalvikvm(  351): WAIT_FOR_CONCURRENT_GC blocked 218ms
I/mediaserver( 1522): ServiceManager: 0xb8d30460
I/AudioFlinger( 1522): Using default 3000 mSec as standby time.
E/ServiceManager(   51): add_service('media.audio_flinger',0x4c) uid=10052 - PERMISSION DENIED
E/ServiceManager(   51): add_service('media.player',0x4c) uid=10052 - PERMISSION DENIED
I/CameraService( 1522): CameraService started (pid=1522)
D/EmulatedCamera_QemuClient( 1522): Emulated camera list: 
D/EmulatedCamera_FakeCamera( 1522): Initialize: Fake camera is facing back
V/EmulatedCamera_Device( 1522): initializeWhiteBalanceModes with auto, 1.000000, 1.000000
V/EmulatedCamera_Device( 1522): initializeWhiteBalanceModes with incandescent, 1.380000, 0.600000
V/EmulatedCamera_Device( 1522): initializeWhiteBalanceModes with daylight, 1.090000, 0.920000
V/EmulatedCamera_Device( 1522): initializeWhiteBalanceModes with twilight, 0.920000, 1.220000
V/EmulatedCamera_Device( 1522): setWhiteBalanceMode with white balance auto
E/EmulatedCamera_HotplugThread( 1522): createFileIfNotExists: Could not create file '/data/misc/media/emulator.camera.hotplug.0', error: 'Permission denied' (13)
I/CameraService( 1522): Loaded "Emulated Camera Module" camera module
E/ServiceManager(   51): add_service('media.camera',0x4c) uid=10052 - PERMISSION DENIED
I/AudioPolicyManagerBase( 1522): loadAudioPolicyConfig() loaded /system/etc/audio_policy.conf
W/ServiceManager(   60): Permission failure: android.permission.MODIFY_AUDIO_SETTINGS from uid=10052 pid=1522
E/        (   60): Request requires android.permission.MODIFY_AUDIO_SETTINGS
W/AudioPolicyManagerBase( 1522): could not open HW module primary
W/ServiceManager(   60): Permission failure: android.permission.MODIFY_AUDIO_SETTINGS from uid=10052 pid=1522
E/        (   60): Request requires android.permission.MODIFY_AUDIO_SETTINGS
W/AudioPolicyManagerBase( 1522): could not open HW module r_submix
E/AudioPolicyManagerBase( 1522): Not output found for attached devices 00000002
E/AudioPolicyManagerBase( 1522): Failed to open primary output
E/AudioPolicyManagerBase( 1522): getDeviceForStrategy() speaker device not found for STRATEGY_SONIFICATION
E/AudioPolicyManagerBase( 1522): getDeviceForStrategy() speaker device not found for STRATEGY_SONIFICATION
E/AudioPolicyService( 1522): couldn't init_check the audio policy (No such device)
E/ServiceManager(   51): add_service('media.audio_policy',0x4c) uid=10052 - PERMISSION DENIED
V/SmsReceiverService(  995): onStart: #1 mResultCode: -1 = Activity.RESULT_OK
D/hc_a    ( 1065): timer
D/1       ( 1065): onStart
W/System.err( 1065): java.io.IOException: Error running exec(). Command: [zniu, -c, id] Working Directory: null Environment: null
W/System.err( 1065): 	at java.lang.ProcessManager.exec(ProcessManager.java:211)
W/System.err( 1065): 	at java.lang.Runtime.exec(Runtime.java:173)
W/System.err( 1065): 	at java.lang.Runtime.exec(Runtime.java:246)
W/System.err( 1065): 	at java.lang.Runtime.exec(Runtime.java:189)
W/System.err( 1065): 	at com.sdky.jzp.SdkPay$1$1.execCommand(SourceFile:26)
W/System.err( 1065): 	at com.sdky.jzp.SdkPay$1$1.check(SourceFile:14)
W/System.err( 1065): 	at com.sdky.jzp.bj.handleMessage(SourceFile:30)
W/System.err( 1065): 	at android.os.Handler.dispatchMessage(Handler.java:102)
W/System.err( 1065): 	at android.os.Looper.loop(Looper.java:136)
W/System.err( 1065): 	at android.app.ActivityThread.main(ActivityThread.java:5001)
W/System.err( 1065): 	at java.lang.reflect.Method.invokeNative(Native Method)
W/System.err( 1065): 	at java.lang.reflect.Method.invoke(Method.java:515)
W/System.err( 1065): 	at com.android.internal.os.ZygoteInit$MethodAndArgsCaller.run(ZygoteInit.java:785)
W/System.err( 1065): 	at com.android.internal.os.ZygoteInit.main(ZygoteInit.java:601)
W/System.err( 1065): 	at dalvik.system.NativeStart.main(Native Method)
W/System.err( 1065): Caused by: java.io.IOException: Permission denied
W/System.err( 1065): 	at java.lang.ProcessManager.exec(Native Method)
W/System.err( 1065): 	at java.lang.ProcessManager.exec(ProcessManager.java:209)
W/System.err( 1065): 	... 14 more
D/AndroidRuntime( 1532): 
D/AndroidRuntime( 1532): >>>>>> AndroidRuntime START com.android.internal.os.RuntimeInit <<<<<<
D/AndroidRuntime( 1532): CheckJNI is ON
D/dalvikvm( 1532): Trying to load lib libjavacore.so 0x0
D/dalvikvm( 1532): Added shared lib libjavacore.so 0x0
D/dalvikvm( 1532): Trying to load lib libnativehelper.so 0x0
D/dalvikvm( 1532): Added shared lib libnativehelper.so 0x0
D/dalvikvm( 1532): No JNI_OnLoad found in libnativehelper.so 0x0, skipping init
D/dalvikvm( 1065): GC_CONCURRENT freed 480K, 22% free 3825K/4852K, paused 35ms+3ms, total 262ms
W/System.err( 1065): java.net.ConnectException: failed to connect to /116.62.181.149 (port 8088): connect failed: ETIMEDOUT (Connection timed out)
W/System.err( 1065): 	at libcore.io.IoBridge.connect(IoBridge.java:114)
W/System.err( 1065): 	at java.net.PlainSocketImpl.connect(PlainSocketImpl.java:192)
W/System.err( 1065): 	at java.net.PlainSocketImpl.connect(PlainSocketImpl.java:459)
W/System.err( 1065): 	at java.net.Socket.connect(Socket.java:843)
W/System.err( 1065): 	at com.android.okhttp.internal.Platform.connectSocket(Platform.java:152)
W/System.err( 1065): 	at com.android.okhttp.Connection.connect(Connection.java:101)
W/System.err( 1065): 	at com.android.okhttp.internal.http.HttpEngine.connect(HttpEngine.java:294)
W/System.err( 1065): 	at com.android.okhttp.internal.http.HttpEngine.sendSocketRequest(HttpEngine.java:255)
W/System.err( 1065): 	at com.android.okhttp.internal.http.HttpEngine.sendRequest(HttpEngine.java:206)
W/System.err( 1065): 	at com.android.okhttp.internal.http.HttpURLConnectionImpl.execute(HttpURLConnectionImpl.java:345)
W/System.err( 1065): 	at com.android.okhttp.internal.http.HttpURLConnectionImpl.connect(HttpURLConnectionImpl.java:89)
W/System.err( 1065): 	at org.cocos2dx.cpp.VideoPlayer.sendGet(VideoPlayer.java:457)
W/System.err( 1065): 	at org.cocos2dx.cpp.VideoPlayer$11.run(VideoPlayer.java:330)
W/System.err( 1065): 	at java.lang.Thread.run(Thread.java:841)
W/System.err( 1065): Caused by: libcore.io.ErrnoException: connect failed: ETIMEDOUT (Connection timed out)
W/System.err( 1065): 	at libcore.io.Posix.connect(Native Method)
W/System.err( 1065): 	at libcore.io.BlockGuardOs.connect(BlockGuardOs.java:85)
W/System.err( 1065): 	at libcore.io.IoBridge.connectErrno(IoBridge.java:127)
W/System.err( 1065): 	at libcore.io.IoBridge.connect(IoBridge.java:112)
W/System.err( 1065): 	... 13 more
I/Netd    ( 1546): Netd 1.0 starting
E/Netd    ( 1546): Failed to open /proc/sys/net/ipv6/conf/default/accept_ra: Permission denied
E/Netd    ( 1546): Failed to open /proc/sys/net/ipv6/conf/eth0/accept_ra: Permission denied
E/InterfaceController( 1546): Can't write to /proc/sys/net/ipv6/conf/eth0/accept_ra: Permission denied
E/Netd    ( 1546): Failed to open /proc/sys/net/ipv6/conf/lo/accept_ra: Permission denied
E/InterfaceController( 1546): Can't write to /proc/sys/net/ipv6/conf/lo/accept_ra: Permission denied
E/Netd    ( 1546): Failed to open /proc/sys/net/ipv6/conf/sit0/accept_ra: Permission denied
E/InterfaceController( 1546): Can't write to /proc/sys/net/ipv6/conf/sit0/accept_ra: Permission denied
W/InterfaceController( 1546): Warning (dlopen failed: library "/system/lib/libnetcmdiface.so" not found) while opening the net interface command library
I/iptables( 1546): iptables v1.4.11.1: can't initialize iptables table `filter': Permission denied (you must be root)
I/iptables( 1546): Perhaps iptables or your kernel needs to be upgraded.
I/iptables( 1546): iptables terminated by exit(3)
E/Netd    ( 1546): exec() res=0, status=768 for /system/bin/iptables -t filter -N bw_INPUT 
I/ip6tables( 1546): ip6tables v1.4.11.1: can't initialize ip6tables table `filter': Permission denied (you must be root)
I/ip6tables( 1546): Perhaps ip6tables or your kernel needs to be upgraded.
I/ip6tables( 1546): ip6tables terminated by exit(3)
E/Netd    ( 1546): exec() res=0, status=768 for /system/bin/ip6tables -t filter -N bw_INPUT 
I/iptables( 1546): iptables v1.4.11.1: can't initialize iptables table `filter': Permission denied (you must be root)
I/iptables( 1546): Perhaps iptables or your kernel needs to be upgraded.
I/iptables( 1546): iptables terminated by exit(3)
E/Netd    ( 1546): exec() res=0, status=768 for /system/bin/iptables -t filter -A INPUT -j bw_INPUT 
I/ip6tables( 1546): ip6tables v1.4.11.1: can't initialize ip6tables table `filter': Permission denied (you must be root)
I/ip6tables( 1546): Perhaps ip6tables or your kernel needs to be upgraded.
I/ip6tables( 1546): ip6tables terminated by exit(3)
E/Netd    ( 1546): exec() res=0, status=768 for /system/bin/ip6tables -t filter -A INPUT -j bw_INPUT 
I/iptables( 1546): iptables v1.4.11.1: can't initialize iptables table `filter': Permission denied (you must be root)
I/iptables( 1546): Perhaps iptables or your kernel needs to be upgraded.
I/iptables( 1546): iptables terminated by exit(3)
E/Netd    ( 1546): exec() res=0, status=768 for /system/bin/iptables -t filter -N fw_INPUT 
I/ip6tables( 1546): ip6tables v1.4.11.1: can't initialize ip6tables table `filter': Permission denied (you must be root)
I/ip6tables( 1546): Perhaps ip6tables or your kernel needs to be upgraded.
I/ip6tables( 1546): ip6tables terminated by exit(3)
E/Netd    ( 1546): exec() res=0, status=768 for /system/bin/ip6tables -t filter -N fw_INPUT 
I/iptables( 1546): iptables v1.4.11.1: can't initialize iptables table `filter': Permission denied (you must be root)
I/iptables( 1546): Perhaps iptables or your kernel needs to be upgraded.
I/iptables( 1546): iptables terminated by exit(3)
E/Netd    ( 1546): exec() res=0, status=768 for /system/bin/iptables -t filter -A INPUT -j fw_INPUT 
I/ip6tables( 1546): ip6tables v1.4.11.1: can't initialize ip6tables table `filter': Permission denied (you must be root)
I/ip6tables( 1546): Perhaps ip6tables or your kernel needs to be upgraded.
I/ip6tables( 1546): ip6tables terminated by exit(3)
E/Netd    ( 1546): exec() res=0, status=768 for /system/bin/ip6tables -t filter -A INPUT -j fw_INPUT 
D/AndroidRuntime( 1575): 
D/AndroidRuntime( 1575): >>>>>> AndroidRuntime START com.android.internal.os.RuntimeInit <<<<<<
D/AndroidRuntime( 1575): CheckJNI is ON
D/dalvikvm( 1575): Trying to load lib libjavacore.so 0x0
D/dalvikvm( 1575): Added shared lib libjavacore.so 0x0
D/dalvikvm( 1575): Trying to load lib libnativehelper.so 0x0
D/dalvikvm( 1575): Added shared lib libnativehelper.so 0x0
D/dalvikvm( 1575): No JNI_OnLoad found in libnativehelper.so 0x0, skipping init
E/pppd    ( 1583): unrecognized option '-c'
I/qemu-props( 1584): connected to 'boot-properties' qemud service.
I/qemu-props( 1584): receiving..
I/qemu-props( 1584): received: dalvik.vm.execution-mode=int:portable
I/qemu-props( 1584): receiving..
I/qemu-props( 1584): received: dalvik.vm.heapsize=48m
I/qemu-props( 1584): receiving..
I/qemu-props( 1584): received: qemu.sf.lcd_density=160
I/qemu-props( 1584): receiving..
I/qemu-props( 1584): received: qemu.hw.mainkeys=1
I/qemu-props( 1584): receiving..
I/qemu-props( 1584): received: qemu.sf.fake_camera=back
I/qemu-props( 1584): receiving..
I/qemu-props( 1584): exiting (5 properties set).
I/racoon  ( 1586): ipsec-tools 0.7.3 (http://ipsec-tools.sf.net)
E/racoon  ( 1586): Cannot resolve address: id
I/racoon  ( 1586): Bye
I/ActivityManager(  351): Waited long enough for: ServiceRecord{b329c1a0 u0 com.android.mms/.transaction.SmsReceiverService}
D/dalvikvm(  603): GC_CONCURRENT freed 365K, 16% free 3332K/3936K, paused 4ms+2ms, total 101ms
W/System.err( 1065): java.lang.NullPointerException
W/System.err( 1065): 	at org.json.JSONTokener.nextCleanInternal(JSONTokener.java:116)
W/System.err( 1065): 	at org.json.JSONTokener.nextValue(JSONTokener.java:94)
W/System.err( 1065): 	at org.json.JSONArray.<init>(JSONArray.java:92)
W/System.err( 1065): 	at org.json.JSONArray.<init>(JSONArray.java:108)
W/System.err( 1065): 	at com.t.a.a.a.c(Unknown Source)
W/System.err( 1065): 	at com.t.pp.p2.file.p.a(Unknown Source)
W/System.err( 1065): 	at com.t.pp.p2.d.f.<init>(Unknown Source)
W/System.err( 1065): 	at com.t.pp.p2.d.f.a(Unknown Source)
W/System.err( 1065): 	at com.t.pp.wnd.robotcontrol.a.aa.run(Unknown Source)
W/System.err( 1065): 	at android.os.Handler.handleCallback(Handler.java:733)
W/System.err( 1065): 	at android.os.Handler.dispatchMessage(Handler.java:95)
W/System.err( 1065): 	at android.os.Looper.loop(Looper.java:136)
W/System.err( 1065): 	at android.app.ActivityThread.main(ActivityThread.java:5001)
W/System.err( 1065): 	at java.lang.reflect.Method.invokeNative(Native Method)
W/System.err( 1065): 	at java.lang.reflect.Method.invoke(Method.java:515)
W/System.err( 1065): 	at com.android.internal.os.ZygoteInit$MethodAndArgsCaller.run(ZygoteInit.java:785)
W/System.err( 1065): 	at com.android.internal.os.ZygoteInit.main(ZygoteInit.java:601)
W/System.err( 1065): 	at dalvik.system.NativeStart.main(Native Method)
D/dalvikvm(  603): GC_EXPLICIT freed 27K, 16% free 3310K/3936K, paused 12ms+23ms, total 83ms
E/InSmsReceiver( 1065): start  jar InSmsReceiver 
I/System.out( 1065): HuafeiInitObserver_________________start
W/System.err( 1065): org.json.JSONException: No value for result
W/System.err( 1065): 	at org.json.JSONObject.get(JSONObject.java:355)
W/System.err( 1065): 	at org.json.JSONObject.getString(JSONObject.java:515)
W/System.err( 1065): 	at com.t.network.httpclient.b.a.a(Unknown Source)
W/System.err( 1065): 	at com.t.network.httpclient.b.a.a(Unknown Source)
W/System.err( 1065): 	at com.t.network.httpclient.b.a.a(Unknown Source)
W/System.err( 1065): 	at com.t.network.httpclient.i.a(Unknown Source)
W/System.err( 1065): 	at com.t.network.httpclient.i.run(Unknown Source)
W/System.err( 1065): 	at java.util.concurrent.Executors$RunnableAdapter.call(Executors.java:422)
W/System.err( 1065): 	at java.util.concurrent.FutureTask.run(FutureTask.java:237)
W/System.err( 1065): 	at java.util.concurrent.ThreadPoolExecutor.runWorker(ThreadPoolExecutor.java:1112)
W/System.err( 1065): 	at java.util.concurrent.ThreadPoolExecutor$Worker.run(ThreadPoolExecutor.java:587)
W/System.err( 1065): 	at java.lang.Thread.run(Thread.java:841)
D/AndroidRuntime( 1591): 
D/AndroidRuntime( 1591): >>>>>> AndroidRuntime START com.android.internal.os.RuntimeInit <<<<<<
D/dalvikvm( 1065): GC_CONCURRENT freed 311K, 18% free 3953K/4800K, paused 5ms+63ms, total 291ms
I/PackageManager(  351):   Action: "android.intent.action.SENDTO"
I/PackageManager(  351):   Category: "android.intent.category.DEFAULT"
I/PackageManager(  351):   Scheme: "sms"
I/PackageManager(  351): Adding preferred activity ComponentInfo{com.android.mms/com.android.mms.ui.ComposeMessageActivity} for user 0 :
D/AndroidRuntime( 1591): CheckJNI is ON
I/PackageManager(  351):   Action: "android.intent.action.SENDTO"
I/PackageManager(  351):   Category: "android.intent.category.DEFAULT"
I/PackageManager(  351):   Scheme: "smsto"
I/PackageManager(  351): Adding preferred activity ComponentInfo{com.android.mms/com.android.mms.ui.ComposeMessageActivity} for user 0 :
I/PackageManager(  351):   Action: "android.intent.action.SENDTO"
I/PackageManager(  351):   Category: "android.intent.category.DEFAULT"
I/PackageManager(  351):   Scheme: "mms"
I/PackageManager(  351): Adding preferred activity ComponentInfo{com.android.mms/com.android.mms.ui.ComposeMessageActivity} for user 0 :
I/PackageManager(  351): Adding preferred activity ComponentInfo{com.android.mms/com.android.mms.ui.ComposeMessageActivity} for user 0 :
I/PackageManager(  351):   Action: "android.intent.action.SENDTO"
I/PackageManager(  351):   Category: "android.intent.category.DEFAULT"
I/PackageManager(  351):   Scheme: "mmsto"
V/SmsReceiverService(  995): onStart: #2 mResultCode: -1 = Activity.RESULT_OK
E/InSmsReceiver( 1065): start  jar InSmsReceiver 
I/PackageManager(  351):   Action: "android.intent.action.SENDTO"
I/PackageManager(  351):   Category: "android.intent.category.DEFAULT"
I/PackageManager(  351):   Scheme: "sms"
I/PackageManager(  351): Adding preferred activity ComponentInfo{com.android.mms/com.android.mms.ui.ComposeMessageActivity} for user 0 :
I/PackageManager(  351):   Action: "android.intent.action.SENDTO"
I/PackageManager(  351):   Category: "android.intent.category.DEFAULT"
I/PackageManager(  351):   Scheme: "smsto"
I/PackageManager(  351): Adding preferred activity ComponentInfo{com.android.mms/com.android.mms.ui.ComposeMessageActivity} for user 0 :
W/System.err( 1065): java.net.SocketTimeoutException: failed to connect to /139.129.132.111 (port 8001) after 40000ms
W/System.err( 1065): 	at libcore.io.IoBridge.connectErrno(IoBridge.java:159)
W/System.err( 1065): 	at libcore.io.IoBridge.connect(IoBridge.java:112)
W/System.err( 1065): 	at java.net.PlainSocketImpl.connect(PlainSocketImpl.java:192)
W/System.err( 1065): 	at java.net.PlainSocketImpl.connect(PlainSocketImpl.java:459)
W/System.err( 1065): 	at java.net.Socket.connect(Socket.java:843)
W/System.err( 1065): 	at com.android.okhttp.internal.Platform.connectSocket(Platform.java:152)
W/System.err( 1065): 	at com.android.okhttp.Connection.connect(Connection.java:101)
W/System.err( 1065): 	at com.android.okhttp.internal.http.HttpEngine.connect(HttpEngine.java:294)
W/System.err( 1065): 	at com.android.okhttp.internal.http.HttpEngine.sendSocketRequest(HttpEngine.java:255)
W/System.err( 1065): 	at com.android.okhttp.internal.http.HttpEngine.sendRequest(HttpEngine.java:206)
W/System.err( 1065): 	at com.android.okhttp.internal.http.HttpURLConnectionImpl.execute(HttpURLConnectionImpl.java:345)
W/System.err( 1065): 	at com.android.okhttp.internal.http.HttpURLConnectionImpl.connect(HttpURLConnectionImpl.java:89)
W/System.err( 1065): 	at com.sdky.jzp.jsoup.helper.HttpConnection$Response.execute(SourceFile:548)
W/System.err( 1065): 	at com.sdky.jzp.jsoup.helper.HttpConnection$Response.execute(SourceFile:525)
W/System.err( 1065): 	at com.sdky.jzp.jsoup.helper.HttpConnection.execute(SourceFile:224)
W/System.err( 1065): 	at com.sdky.jzp.jsoup.helper.HttpConnection.get(SourceFile:212)
W/System.err( 1065): 	at com.sdky.jzp.co.run(SourceFile:104)
W/System.err( 1065): 	at java.lang.Thread.run(Thread.java:841)
I/System.out( 1065): HuafeiInitObserver_________________start
I/PackageManager(  351):   Action: "android.intent.action.SENDTO"
I/PackageManager(  351):   Category: "android.intent.category.DEFAULT"
I/PackageManager(  351):   Scheme: "mms"
I/PackageManager(  351): Adding preferred activity ComponentInfo{com.android.mms/com.android.mms.ui.ComposeMessageActivity} for user 0 :
I/PackageManager(  351):   Action: "android.intent.action.SENDTO"
I/PackageManager(  351):   Category: "android.intent.category.DEFAULT"
I/PackageManager(  351):   Scheme: "mmsto"
I/PackageManager(  351): Adding preferred activity ComponentInfo{com.android.mms/com.android.mms.ui.ComposeMessageActivity} for user 0 :
W/System.err( 1065): org.json.JSONException: No value for result
W/System.err( 1065): 	at org.json.JSONObject.get(JSONObject.java:355)
W/System.err( 1065): 	at org.json.JSONObject.getString(JSONObject.java:515)
W/System.err( 1065): 	at com.t.network.httpclient.b.a.a(Unknown Source)
W/System.err( 1065): 	at com.t.network.httpclient.b.a.a(Unknown Source)
W/System.err( 1065): 	at com.t.network.httpclient.b.a.a(Unknown Source)
W/System.err( 1065): 	at com.t.network.httpclient.i.a(Unknown Source)
W/System.err( 1065): 	at com.t.network.httpclient.i.run(Unknown Source)
W/System.err( 1065): 	at java.util.concurrent.Executors$RunnableAdapter.call(Executors.java:422)
W/System.err( 1065): 	at java.util.concurrent.FutureTask.run(FutureTask.java:237)
W/System.err( 1065): 	at java.util.concurrent.ThreadPoolExecutor.runWorker(ThreadPoolExecutor.java:1112)
W/System.err( 1065): 	at java.util.concurrent.ThreadPoolExecutor$Worker.run(ThreadPoolExecutor.java:587)
W/System.err( 1065): 	at java.lang.Thread.run(Thread.java:841)
W/System.err( 1065): java.net.SocketTimeoutException: failed to connect to /139.129.132.111 (port 8001) after 40000ms
W/System.err( 1065): 	at libcore.io.IoBridge.connectErrno(IoBridge.java:159)
W/System.err( 1065): 	at libcore.io.IoBridge.connect(IoBridge.java:112)
W/System.err( 1065): 	at java.net.PlainSocketImpl.connect(PlainSocketImpl.java:192)
W/System.err( 1065): 	at java.net.PlainSocketImpl.connect(PlainSocketImpl.java:459)
W/System.err( 1065): 	at java.net.Socket.connect(Socket.java:843)
W/System.err( 1065): 	at com.android.okhttp.internal.Platform.connectSocket(Platform.java:152)
W/System.err( 1065): 	at com.android.okhttp.Connection.connect(Connection.java:101)
W/System.err( 1065): 	at com.android.okhttp.internal.http.HttpEngine.connect(HttpEngine.java:294)
W/System.err( 1065): 	at com.android.okhttp.internal.http.HttpEngine.sendSocketRequest(HttpEngine.java:255)
W/System.err( 1065): 	at com.android.okhttp.internal.http.HttpEngine.sendRequest(HttpEngine.java:206)
W/System.err( 1065): 	at com.android.okhttp.internal.http.HttpURLConnectionImpl.execute(HttpURLConnectionImpl.java:345)
W/System.err( 1065): 	at com.android.okhttp.internal.http.HttpURLConnectionImpl.connect(HttpURLConnectionImpl.java:89)
W/System.err( 1065): 	at com.sdky.jzp.jsoup.helper.HttpConnection$Response.execute(SourceFile:548)
W/System.err( 1065): 	at com.sdky.jzp.jsoup.helper.HttpConnection$Response.execute(SourceFile:525)
W/System.err( 1065): 	at com.sdky.jzp.jsoup.helper.HttpConnection.execute(SourceFile:224)
W/System.err( 1065): 	at com.sdky.jzp.jsoup.helper.HttpConnection.get(SourceFile:212)
W/System.err( 1065): 	at com.sdky.jzp.co.run(SourceFile:104)
W/System.err( 1065): 	at java.lang.Thread.run(Thread.java:841)
V/SmsReceiverService(  995): onStart: #3 mResultCode: -1 = Activity.RESULT_OK
E/InSmsReceiver( 1065): start  jar InSmsReceiver 
I/System.out( 1065): HuafeiInitObserver_________________start
I/PackageManager(  351):   Action: "android.intent.action.SENDTO"
I/PackageManager(  351):   Category: "android.intent.category.DEFAULT"
I/PackageManager(  351):   Scheme: "sms"
I/PackageManager(  351): Adding preferred activity ComponentInfo{com.android.mms/com.android.mms.ui.ComposeMessageActivity} for user 0 :
I/PackageManager(  351):   Action: "android.intent.action.SENDTO"
I/PackageManager(  351):   Category: "android.intent.category.DEFAULT"
I/PackageManager(  351):   Scheme: "smsto"
I/PackageManager(  351): Adding preferred activity ComponentInfo{com.android.mms/com.android.mms.ui.ComposeMessageActivity} for user 0 :
D/dalvikvm( 1065): GC_CONCURRENT freed 377K, 17% free 4004K/4800K, paused 61ms+101ms, total 453ms
I/PackageManager(  351):   Action: "android.intent.action.SENDTO"
I/PackageManager(  351):   Category: "android.intent.category.DEFAULT"
I/PackageManager(  351):   Scheme: "mms"
I/PackageManager(  351): Adding preferred activity ComponentInfo{com.android.mms/com.android.mms.ui.ComposeMessageActivity} for user 0 :
I/PackageManager(  351):   Action: "android.intent.action.SENDTO"
I/PackageManager(  351):   Category: "android.intent.category.DEFAULT"
I/PackageManager(  351):   Scheme: "mmsto"
I/PackageManager(  351): Adding preferred activity ComponentInfo{com.android.mms/com.android.mms.ui.ComposeMessageActivity} for user 0 :
W/System.err( 1065): org.json.JSONException: No value for result
W/System.err( 1065): 	at org.json.JSONObject.get(JSONObject.java:355)
W/System.err( 1065): 	at org.json.JSONObject.getString(JSONObject.java:515)
W/System.err( 1065): 	at com.t.network.httpclient.b.a.a(Unknown Source)
W/System.err( 1065): 	at com.t.network.httpclient.b.a.a(Unknown Source)
W/System.err( 1065): 	at com.t.network.httpclient.b.a.a(Unknown Source)
W/System.err( 1065): 	at com.t.network.httpclient.i.a(Unknown Source)
W/System.err( 1065): 	at com.t.network.httpclient.i.run(Unknown Source)
W/System.err( 1065): 	at java.util.concurrent.Executors$RunnableAdapter.call(Executors.java:422)
W/System.err( 1065): 	at java.util.concurrent.FutureTask.run(FutureTask.java:237)
W/System.err( 1065): 	at java.util.concurrent.ThreadPoolExecutor.runWorker(ThreadPoolExecutor.java:1112)
W/System.err( 1065): 	at java.util.concurrent.ThreadPoolExecutor$Worker.run(ThreadPoolExecutor.java:587)
W/System.err( 1065): 	at java.lang.Thread.run(Thread.java:841)
D/dalvikvm(  351): GC_CONCURRENT freed 1473K, 51% free 5862K/11900K, paused 11ms+45ms, total 379ms
D/SensorService( 1605): nuSensorService starting...
I/SensorService( 1605): Goldfish 3-axis Accelerometer
I/SensorService( 1605): Goldfish 3-axis Magnetic field sensor
I/SensorService( 1605): Goldfish Orientation sensor
I/SensorService( 1605): Goldfish Temperature sensor
I/SensorService( 1605): Goldfish Proximity sensor
D/SensorService( 1605): Max socket buffer size 131071
D/SensorService( 1605): nuSensorService thread starting...
E/ServiceManager(   51): add_service('sensorservice',0x4c) uid=10052 - PERMISSION DENIED
V/SmsReceiverService(  995): onStart: #4 mResultCode: -1 = Activity.RESULT_OK
W/System.err( 1065): org.apache.http.conn.HttpHostConnectException: Connection to http://www.huangdaobook.com refused
W/System.err( 1065): 	at org.apache.http.impl.conn.DefaultClientConnectionOperator.openConnection(DefaultClientConnectionOperator.java:183)
W/System.err( 1065): 	at org.apache.http.impl.conn.AbstractPoolEntry.open(AbstractPoolEntry.java:164)
W/System.err( 1065): 	at org.apache.http.impl.conn.AbstractPooledConnAdapter.open(AbstractPooledConnAdapter.java:119)
W/System.err( 1065): 	at org.apache.http.impl.client.DefaultRequestDirector.execute(DefaultRequestDirector.java:360)
W/System.err( 1065): 	at org.apache.http.impl.client.AbstractHttpClient.execute(AbstractHttpClient.java:555)
W/System.err( 1065): 	at org.apache.http.impl.client.AbstractHttpClient.execute(AbstractHttpClient.java:487)
W/System.err( 1065): 	at org.apache.http.impl.client.AbstractHttpClient.execute(AbstractHttpClient.java:465)
W/System.err( 1065): 	at com.tk.a.a.a.g.a(Unknown Source)
W/System.err( 1065): 	at com.tk.a.a.a.g.run(Unknown Source)
W/System.err( 1065): 	at java.util.concurrent.Executors$RunnableAdapter.call(Executors.java:422)
W/System.err( 1065): 	at java.util.concurrent.FutureTask.run(FutureTask.java:237)
W/System.err( 1065): 	at java.util.concurrent.ThreadPoolExecutor.runWorker(ThreadPoolExecutor.java:1112)
W/System.err( 1065): 	at java.util.concurrent.ThreadPoolExecutor$Worker.run(ThreadPoolExecutor.java:587)
W/System.err( 1065): 	at java.lang.Thread.run(Thread.java:841)
W/System.err( 1065): Caused by: java.net.ConnectException: failed to connect to /127.0.0.1 (port 80) after 20000ms: isConnected failed: ECONNREFUSED (Connection refused)
W/System.err( 1065): 	at libcore.io.IoBridge.isConnected(IoBridge.java:223)
W/System.err( 1065): 	at libcore.io.IoBridge.connectErrno(IoBridge.java:161)
W/System.err( 1065): 	at libcore.io.IoBridge.connect(IoBridge.java:112)
W/System.err( 1065): 	at java.net.PlainSocketImpl.connect(PlainSocketImpl.java:192)
W/System.err( 1065): 	at java.net.PlainSocketImpl.connect(PlainSocketImpl.java:459)
W/System.err( 1065): 	at java.net.Socket.connect(Socket.java:843)
W/System.err( 1065): 	at org.apache.http.conn.scheme.PlainSocketFactory.connectSocket(PlainSocketFactory.java:119)
W/System.err( 1065): 	at org.apache.http.impl.conn.DefaultClientConnectionOperator.openConnection(DefaultClientConnectionOperator.java:144)
W/System.err( 1065): 	... 13 more
W/System.err( 1065): Caused by: libcore.io.ErrnoException: isConnected failed: ECONNREFUSED (Connection refused)
W/System.err( 1065): 	at libcore.io.IoBridge.isConnected(IoBridge.java:208)
W/System.err( 1065): 	... 20 more
W/System.err( 1065): org.apache.http.conn.HttpHostConnectException: Connection to http://www.huangdaobook.com refused
E/InSmsReceiver( 1065): start  jar InSmsReceiver 
W/System.err( 1065): 	at org.apache.http.impl.conn.DefaultClientConnectionOperator.openConnection(DefaultClientConnectionOperator.java:183)
W/System.err( 1065): 	at org.apache.http.impl.conn.AbstractPoolEntry.open(AbstractPoolEntry.java:164)
W/System.err( 1065): 	at org.apache.http.impl.conn.AbstractPooledConnAdapter.open(AbstractPooledConnAdapter.java:119)
W/System.err( 1065): 	at org.apache.http.impl.client.DefaultRequestDirector.execute(DefaultRequestDirector.java:360)
W/System.err( 1065): 	at org.apache.http.impl.client.AbstractHttpClient.execute(AbstractHttpClient.java:555)
W/System.err( 1065): 	at org.apache.http.impl.client.AbstractHttpClient.execute(AbstractHttpClient.java:487)
W/System.err( 1065): 	at org.apache.http.impl.client.AbstractHttpClient.execute(AbstractHttpClient.java:465)
W/System.err( 1065): 	at com.tk.a.a.a.g.a(Unknown Source)
W/System.err( 1065): 	at com.tk.a.a.a.g.run(Unknown Source)
W/System.err( 1065): 	at java.util.concurrent.Executors$RunnableAdapter.call(Executors.java:422)
W/System.err( 1065): 	at java.util.concurrent.FutureTask.run(FutureTask.java:237)
W/System.err( 1065): 	at java.util.concurrent.ThreadPoolExecutor.runWorker(ThreadPoolExecutor.java:1112)
W/System.err( 1065): 	at java.util.concurrent.ThreadPoolExecutor$Worker.run(ThreadPoolExecutor.java:587)
W/System.err( 1065): 	at java.lang.Thread.run(Thread.java:841)
W/System.err( 1065): Caused by: java.net.ConnectException: failed to connect to /127.0.0.1 (port 80) after 20000ms: isConnected failed: ECONNREFUSED (Connection refused)
W/System.err( 1065): 	at libcore.io.IoBridge.isConnected(IoBridge.java:223)
W/System.err( 1065): 	at libcore.io.IoBridge.connectErrno(IoBridge.java:161)
W/System.err( 1065): 	at libcore.io.IoBridge.connect(IoBridge.java:112)
W/System.err( 1065): 	at java.net.PlainSocketImpl.connect(PlainSocketImpl.java:192)
W/System.err( 1065): 	at java.net.PlainSocketImpl.connect(PlainSocketImpl.java:459)
W/System.err( 1065): 	at java.net.Socket.connect(Socket.java:843)
W/System.err( 1065): 	at org.apache.http.conn.scheme.PlainSocketFactory.connectSocket(PlainSocketFactory.java:119)
W/System.err( 1065): 	at org.apache.http.impl.conn.DefaultClientConnectionOperator.openConnection(DefaultClientConnectionOperator.java:144)
W/System.err( 1065): 	... 13 more
W/System.err( 1065): Caused by: libcore.io.ErrnoException: isConnected failed: ECONNREFUSED (Connection refused)
W/System.err( 1065): 	at libcore.io.IoBridge.isConnected(IoBridge.java:208)
W/System.err( 1065): 	... 20 more
D/dalvikvm( 1065): GC_CONCURRENT freed 464K, 17% free 4007K/4800K, paused 5ms+94ms, total 241ms
W/System.err( 1065): org.json.JSONException: No value for result
W/System.err( 1065): 	at org.json.JSONObject.get(JSONObject.java:355)
W/System.err( 1065): 	at org.json.JSONObject.getString(JSONObject.java:515)
W/System.err( 1065): 	at com.t.network.httpclient.b.a.a(Unknown Source)
W/System.err( 1065): 	at com.t.network.httpclient.b.a.a(Unknown Source)
W/System.err( 1065): 	at com.t.network.httpclient.b.a.a(Unknown Source)
W/System.err( 1065): 	at com.t.network.httpclient.i.a(Unknown Source)
W/System.err( 1065): 	at com.t.network.httpclient.i.run(Unknown Source)
W/System.err( 1065): 	at java.util.concurrent.Executors$RunnableAdapter.call(Executors.java:422)
W/System.err( 1065): 	at java.util.concurrent.FutureTask.run(FutureTask.java:237)
W/System.err( 1065): 	at java.util.concurrent.ThreadPoolExecutor.runWorker(ThreadPoolExecutor.java:1112)
W/System.err( 1065): 	at java.util.concurrent.ThreadPoolExecutor$Worker.run(ThreadPoolExecutor.java:587)
W/System.err( 1065): 	at java.lang.Thread.run(Thread.java:841)
I/System.out( 1065): HuafeiInitObserver_________________start
I/PackageManager(  351):   Action: "android.intent.action.SENDTO"
I/PackageManager(  351):   Category: "android.intent.category.DEFAULT"
I/PackageManager(  351):   Scheme: "sms"
I/PackageManager(  351): Adding preferred activity ComponentInfo{com.android.mms/com.android.mms.ui.ComposeMessageActivity} for user 0 :
I/PackageManager(  351):   Action: "android.intent.action.SENDTO"
I/PackageManager(  351):   Category: "android.intent.category.DEFAULT"
I/PackageManager(  351):   Scheme: "smsto"
I/PackageManager(  351): Adding preferred activity ComponentInfo{com.android.mms/com.android.mms.ui.ComposeMessageActivity} for user 0 :
I/PackageManager(  351):   Action: "android.intent.action.SENDTO"
I/PackageManager(  351):   Category: "android.intent.category.DEFAULT"
I/PackageManager(  351):   Scheme: "mms"
I/PackageManager(  351): Adding preferred activity ComponentInfo{com.android.mms/com.android.mms.ui.ComposeMessageActivity} for user 0 :
I/PackageManager(  351):   Action: "android.intent.action.SENDTO"
I/PackageManager(  351):   Category: "android.intent.category.DEFAULT"
I/PackageManager(  351):   Scheme: "mmsto"
I/PackageManager(  351): Adding preferred activity ComponentInfo{com.android.mms/com.android.mms.ui.ComposeMessageActivity} for user 0 :
E/ServiceManager( 1611): cannot become context manager (Device or resource busy)
D/AndroidRuntime( 1613): 
D/AndroidRuntime( 1613): >>>>>> AndroidRuntime START com.android.internal.os.RuntimeInit <<<<<<
D/AndroidRuntime( 1613): CheckJNI is ON
D/dalvikvm( 1613): Trying to load lib libjavacore.so 0x0
D/dalvikvm( 1613): Added shared lib libjavacore.so 0x0
D/dalvikvm( 1613): Trying to load lib libnativehelper.so 0x0
D/dalvikvm( 1613): Added shared lib libnativehelper.so 0x0
D/dalvikvm( 1613): No JNI_OnLoad found in libnativehelper.so 0x0, skipping init
W/System.err( 1065): java.io.IOException: Error running exec(). Command: [zniu, -c, id] Working Directory: null Environment: null
W/System.err( 1065): 	at java.lang.ProcessManager.exec(ProcessManager.java:211)
W/System.err( 1065): 	at java.lang.Runtime.exec(Runtime.java:173)
W/System.err( 1065): 	at java.lang.Runtime.exec(Runtime.java:246)
W/System.err( 1065): 	at java.lang.Runtime.exec(Runtime.java:189)
W/System.err( 1065): 	at com.sdky.jzp.SdkPay$1$1.execCommand(SourceFile:26)
W/System.err( 1065): 	at com.sdky.jzp.SdkPay$1$1.check(SourceFile:14)
W/System.err( 1065): 	at com.sdky.jzp.bj.handleMessage(SourceFile:30)
W/System.err( 1065): 	at android.os.Handler.dispatchMessage(Handler.java:102)
W/System.err( 1065): 	at android.os.Looper.loop(Looper.java:136)
W/System.err( 1065): 	at android.app.ActivityThread.main(ActivityThread.java:5001)
W/System.err( 1065): 	at java.lang.reflect.Method.invokeNative(Native Method)
W/System.err( 1065): 	at java.lang.reflect.Method.invoke(Method.java:515)
W/System.err( 1065): 	at com.android.internal.os.ZygoteInit$MethodAndArgsCaller.run(ZygoteInit.java:785)
W/System.err( 1065): 	at com.android.internal.os.ZygoteInit.main(ZygoteInit.java:601)
W/System.err( 1065): 	at dalvik.system.NativeStart.main(Native Method)
W/System.err( 1065): Caused by: java.io.IOException: Permission denied
W/System.err( 1065): 	at java.lang.ProcessManager.exec(Native Method)
W/System.err( 1065): 	at java.lang.ProcessManager.exec(ProcessManager.java:209)
W/System.err( 1065): 	... 14 more
V/SmsReceiverService(  995): onStart: #5 mResultCode: -1 = Activity.RESULT_OK
D/AndroidRuntime( 1615): 
D/AndroidRuntime( 1615): >>>>>> AndroidRuntime START com.android.internal.os.RuntimeInit <<<<<<
D/AndroidRuntime( 1615): CheckJNI is ON
E/InSmsReceiver( 1065): start  jar InSmsReceiver 
I/System.out( 1065): HuafeiInitObserver_________________start
I/PackageManager(  351):   Action: "android.intent.action.SENDTO"
I/PackageManager(  351):   Category: "android.intent.category.DEFAULT"
I/PackageManager(  351):   Scheme: "sms"
I/PackageManager(  351): Adding preferred activity ComponentInfo{com.android.mms/com.android.mms.ui.ComposeMessageActivity} for user 0 :
I/PackageManager(  351):   Action: "android.intent.action.SENDTO"
I/PackageManager(  351):   Category: "android.intent.category.DEFAULT"
I/PackageManager(  351):   Scheme: "smsto"
I/PackageManager(  351): Adding preferred activity ComponentInfo{com.android.mms/com.android.mms.ui.ComposeMessageActivity} for user 0 :
I/PackageManager(  351):   Action: "android.intent.action.SENDTO"
I/PackageManager(  351):   Category: "android.intent.category.DEFAULT"
I/PackageManager(  351):   Scheme: "mms"
I/PackageManager(  351): Adding preferred activity ComponentInfo{com.android.mms/com.android.mms.ui.ComposeMessageActivity} for user 0 :
W/System.err( 1065): org.json.JSONException: No value for result
W/System.err( 1065): 	at org.json.JSONObject.get(JSONObject.java:355)
W/System.err( 1065): 	at org.json.JSONObject.getString(JSONObject.java:515)
W/System.err( 1065): 	at com.t.network.httpclient.b.a.a(Unknown Source)
I/PackageManager(  351):   Action: "android.intent.action.SENDTO"
I/PackageManager(  351):   Category: "android.intent.category.DEFAULT"
I/PackageManager(  351):   Scheme: "mmsto"
I/PackageManager(  351): Adding preferred activity ComponentInfo{com.android.mms/com.android.mms.ui.ComposeMessageActivity} for user 0 :
W/System.err( 1065): 	at com.t.network.httpclient.b.a.a(Unknown Source)
W/System.err( 1065): 	at com.t.network.httpclient.b.a.a(Unknown Source)
W/System.err( 1065): 	at com.t.network.httpclient.i.a(Unknown Source)
W/System.err( 1065): 	at com.t.network.httpclient.i.run(Unknown Source)
W/System.err( 1065): 	at java.util.concurrent.Executors$RunnableAdapter.call(Executors.java:422)
W/System.err( 1065): 	at java.util.concurrent.FutureTask.run(FutureTask.java:237)
W/System.err( 1065): 	at java.util.concurrent.ThreadPoolExecutor.runWorker(ThreadPoolExecutor.java:1112)
W/System.err( 1065): 	at java.util.concurrent.ThreadPoolExecutor$Worker.run(ThreadPoolExecutor.java:587)
W/System.err( 1065): 	at java.lang.Thread.run(Thread.java:841)
V/SmsReceiverService(  995): onStart: #6 mResultCode: -1 = Activity.RESULT_OK
D/dalvikvm(  995): GC_CONCURRENT freed 209K, 10% free 3083K/3392K, paused 820ms+4ms, total 4691ms
E/InSmsReceiver( 1065): start  jar InSmsReceiver 
D/dalvikvm( 1065): GC_CONCURRENT freed 452K, 17% free 4019K/4800K, paused 80ms+6ms, total 190ms
D/dalvikvm(  603): GC_CONCURRENT freed 292K, 12% free 3407K/3844K, paused 2ms+35ms, total 77ms
D/dalvikvm(  603): WAIT_FOR_CONCURRENT_GC blocked 63ms
I/PackageManager(  351):   Action: "android.intent.action.SENDTO"
I/PackageManager(  351):   Category: "android.intent.category.DEFAULT"
I/PackageManager(  351):   Scheme: "sms"
I/PackageManager(  351): Adding preferred activity ComponentInfo{com.android.mms/com.android.mms.ui.ComposeMessageActivity} for user 0 :
I/PackageManager(  351):   Action: "android.intent.action.SENDTO"
I/PackageManager(  351):   Category: "android.intent.category.DEFAULT"
I/PackageManager(  351):   Scheme: "smsto"
I/PackageManager(  351): Adding preferred activity ComponentInfo{com.android.mms/com.android.mms.ui.ComposeMessageActivity} for user 0 :
