V/MmsConfig(  987): tag: int value: defaultSMSMessagesPerThread - 10000
V/MmsConfig(  987): tag: int value: defaultMMSMessagesPerThread - 1000
V/MmsConfig(  987): tag: int value: minMessageCountPerThread - 10
V/MmsConfig(  987): tag: int value: maxMessageCountPerThread - 5000
V/MmsConfig(  987): tag: string value: uaProfUrl - http://www.google.com/oha/rdf/ua-profile-kila.xml
V/MmsConfig(  987): tag: int value: recipientLimit - -1
V/MmsConfig(  987): tag: bool value: enableMultipartSMS - true
V/MmsConfig(  987): tag: int value: smsToMmsTextThreshold - -1
V/MmsConfig(  987): tag: bool value: enableSlideDuration - true
V/MmsConfig(  987): tag: int value: maxMessageTextSize - -1
I/ActivityManager(  350): Delay finish: com.android.mms/.transaction.MmsSystemEventReceiver
D/Mms:app (  987): cancelNotification
I/ActivityManager(  350): Resuming delayed broadcast
I/ActivityManager(  350): Delay finish: com.android.mms/.transaction.SmsReceiver
D/MmsSmsDatabaseHelper(  598): [MmsSmsDb] tableName: threads hasAutoIncrement: CREATE TABLE threads (_id INTEGER PRIMARY KEY AUTOINCREMENT,date INTEGER DEFAULT 0,message_count INTEGER DEFAULT 0,recipient_ids TEXT,snippet TEXT,snippet_cs INTEGER DEFAULT 0,read INTEGER DEFAULT 1,type INTEGER DEFAULT 0,error INTEGER DEFAULT 0,has_attachment INTEGER DEFAULT 0) result: true
D/MmsSmsDatabaseHelper(  598): [MmsSmsDb] tableName: canonical_addresses hasAutoIncrement: CREATE TABLE canonical_addresses (_id INTEGER PRIMARY KEY AUTOINCREMENT,address TEXT) result: true
D/MmsSmsDatabaseHelper(  598): [MmsSmsDb] tableName: part hasAutoIncrement: CREATE TABLE part (_id INTEGER PRIMARY KEY AUTOINCREMENT,mid INTEGER,seq INTEGER DEFAULT 0,ct TEXT,name TEXT,chset INTEGER,cd TEXT,fn TEXT,cid TEXT,cl TEXT,ctt_s INTEGER,ctt_t TEXT,_data TEXT,text TEXT) result: true
D/MmsSmsDatabaseHelper(  598): [MmsSmsDb] tableName: pdu hasAutoIncrement: CREATE TABLE pdu (_id INTEGER PRIMARY KEY AUTOINCREMENT,thread_id INTEGER,date INTEGER,date_sent INTEGER DEFAULT 0,msg_box INTEGER,read INTEGER DEFAULT 0,m_id TEXT,sub TEXT,sub_cs INTEGER,ct_t TEXT,ct_l TEXT,exp INTEGER,m_cls TEXT,m_type INTEGER,v INTEGER,m_size INTEGER,pri INTEGER,rr INTEGER,rpt_a INTEGER,resp_st INTEGER,st INTEGER,tr_id TEXT,retr_st INTEGER,retr_txt TEXT,retr_txt_cs INTEGER,read_status INTEGER,ct_cls INTEGER,resp_txt TEXT,d_tm INTEGER,d_rpt INTEGER,locked INTEGER DEFAULT 0,seen INTEGER DEFAULT 0,text_only INTEGER DEFAULT 0) result: true
D/MmsSmsDatabaseHelper(  598): [getWritableDatabase] hasAutoIncrementThreads: true hasAutoIncrementAddresses: true hasAutoIncrementPart: true hasAutoIncrementPdu: true
D/Mms:app (  987): cancelNotification
D/ConnectivityService(  350): [CheckMp] isMobileOk: not connected ni=NetworkInfo: type: mobile_hipri[UMTS], state: DISCONNECTED/IDLE, reason: (unspecified), extra: (none), roaming: false, failover: false, isAvailable: true, isConnectedToProvisioningNetwork: false
I/ActivityManager(  350): Resuming delayed broadcast
D/AlertReceiver(  913): onReceive: a=android.intent.action.BOOT_COMPLETED Intent { act=android.intent.action.BOOT_COMPLETED flg=0x8000010 cmp=com.android.calendar/.alerts.AlertReceiver (has extras) }
I/ActivityManager(  350): Delay finish: com.android.calendar/.alerts.AlertReceiver
D/AlertUtils(  913): Flushing old alerts from shared prefs table
D/AlertService(  913): 0 Action = android.intent.action.BOOT_COMPLETED
D/AlertService(  913): Scheduling next alarm with AlarmScheduler. sEventReminderReceived: null
D/dalvikvm(  913): GC_CONCURRENT freed 307K, 13% free 2806K/3204K, paused 14ms+3ms, total 67ms
D/AlarmScheduler(  913): No events found starting within 1 week.
E/SQLiteLog(  620): (1) no such table: files
E/WVMExtractor(   61): Failed to open libwvm.so
D/ConnectivityService(  350): [CheckMp] isMobileOk: not connected ni=NetworkInfo: type: mobile_hipri[UMTS], state: DISCONNECTED/IDLE, reason: (unspecified), extra: (none), roaming: false, failover: false, isAvailable: true, isConnectedToProvisioningNetwork: false
D/dalvikvm(  620): GC_CONCURRENT freed 272K, 11% free 3038K/3400K, paused 4ms+3ms, total 39ms
V/MediaScanner(  620): pruneDeadThumbnailFiles... android.database.sqlite.SQLiteCursor@b2d95260
V/MediaScanner(  620): /pruneDeadThumbnailFiles... android.database.sqlite.SQLiteCursor@b2d95260
I/ActivityManager(  350): Resuming delayed broadcast
V/AlarmClock(  937): AlarmInitReceiver android.intent.action.BOOT_COMPLETED
V/AlarmClock(  937): AlarmInitReceiver - Reset timers and clear stopwatch data
V/AlarmClock(  937): AlarmInitReceiver - resetting volume button default
I/AlarmClock(  937): Displaying next alarm time: ''
D/dalvikvm(  937): GC_CONCURRENT freed 402K, 15% free 2810K/3304K, paused 4ms+2ms, total 84ms
D/dalvikvm(  937): WAIT_FOR_CONCURRENT_GC blocked 25ms
V/AlarmClock(  937): AlarmInitReceiver finished
I/ActivityManager(  350): Delay finish: com.android.email/.service.EmailUpgradeBroadcastReceiver
E/MetadataRetrieverClient(   61): failed to extract an album art
I/ActivityManager(  350): Resuming delayed broadcast
I/Email   (  898): Onetime initialization: 1
I/Email   (  898): Onetime initialization: 2
I/ActivityManager(  350): Delay finish: com.android.email/.service.EmailBroadcastReceiver
I/Email   (  898): Onetime initialization: completed.
I/ActivityManager(  350): Delaying start of: ServiceRecord{b3675e68 u0 com.android.exchange/.service.EmailSyncAdapterService}
I/ActivityManager(  350): Resuming delayed broadcast
I/LauncherIconVisibilityManager(  586): Boot has been completed
I/LauncherIconVisibilityManager(  586): Disable activity: ComponentInfo{com.android.inputmethod.latin/com.android.inputmethod.latin.setup.SetupActivity}
D/dalvikvm(  350): GC_CONCURRENT freed 704K, 55% free 5791K/12724K, paused 6ms+17ms, total 154ms
I/ActivityManager(  350): Delay finish: com.android.providers.contacts/.PackageIntentReceiver
D/ConnectivityService(  350): [CheckMp] isMobileOk: not connected ni=NetworkInfo: type: mobile_hipri[UMTS], state: DISCONNECTED/IDLE, reason: (unspecified), extra: (none), roaming: false, failover: false, isAvailable: true, isConnectedToProvisioningNetwork: false
D/dalvikvm(  987): GC_CONCURRENT freed 219K, 10% free 2878K/3188K, paused 6ms+12ms, total 66ms
I/ActivityManager(  350): Resuming delayed broadcast
E/BluetoothAdapter(  609): Bluetooth binder is null
I/ActivityManager(  350): Delay finish: com.android.deskclock/com.android.alarmclock.AnalogAppWidgetProvider
I/ActivityManager(  350): Resuming delayed broadcast
W/BroadcastQueue(  350): Permission Denial: broadcasting Intent { act=android.appwidget.action.APPWIDGET_UPDATE_OPTIONS flg=0x10 cmp=com.android.settings/.widget.SettingsAppWidgetProvider (has extras) } from android (pid=699, uid=10008) is not exported from uid 1000 due to receiver com.android.settings/.widget.SettingsAppWidgetProvider
I/ActivityManager(  350): Start proc com.svox.pico for broadcast com.svox.pico/.VoiceDataInstallerReceiver: pid=1037 uid=10037 gids={50037, 1028, 1015}
E/BluetoothAdapter(  609): Bluetooth binder is null
D/AlertReceiver(  913): onReceive: a=android.intent.action.PROVIDER_CHANGED Intent { act=android.intent.action.PROVIDER_CHANGED dat=content://com.android.calendar flg=0x10 cmp=com.android.calendar/.alerts.AlertReceiver }
I/ActivityManager(  350): Delay finish: com.android.calendar/.alerts.AlertReceiver
D/AlertService(  913): 0 Action = android.intent.action.PROVIDER_CHANGED
D/ConnectivityService(  350): [CheckMp] isMobileOk: not connected ni=NetworkInfo: type: mobile_hipri[UMTS], state: DISCONNECTED/IDLE, reason: (unspecified), extra: (none), roaming: false, failover: false, isAvailable: true, isConnectedToProvisioningNetwork: false
D/ConnectivityService(  350): [CheckMp] isMobileOk: not connected ni=NetworkInfo: type: mobile_hipri[UMTS], state: DISCONNECTED/IDLE, reason: (unspecified), extra: (none), roaming: false, failover: false, isAvailable: true, isConnectedToProvisioningNetwork: false
D/ConnectivityService(  350): [CheckMp] isMobileOk: not connected ni=NetworkInfo: type: mobile_hipri[UMTS], state: DISCONNECTED/IDLE, reason: (unspecified), extra: (none), roaming: false, failover: false, isAvailable: true, isConnectedToProvisioningNetwork: false
D/ConnectivityService(  350): [CheckMp] isMobileOk: not connected ni=NetworkInfo: type: mobile_hipri[UMTS], state: DISCONNECTED/IDLE, reason: (unspecified), extra: (none), roaming: false, failover: false, isAvailable: true, isConnectedToProvisioningNetwork: false
D/ConnectivityService(  350): [CheckMp] isMobileOk: not connected ni=NetworkInfo: type: mobile_hipri[UMTS], state: DISCONNECTED/IDLE, reason: (unspecified), extra: (none), roaming: false, failover: false, isAvailable: true, isConnectedToProvisioningNetwork: false
I/GlobalDismissManager(  913): no sender configured
D/AlertService(  913): Beginning updateAlertNotification
I/InputReader(  350): Reconfiguring input devices.  changes=0x00000010
I/InputReader(  350): Reconfiguring input devices.  changes=0x00000010
I/InputReader(  350): Reconfiguring input devices.  changes=0x00000010
I/PackageManager(  350):   Action: "android.intent.action.SENDTO"
I/PackageManager(  350):   Category: "android.intent.category.DEFAULT"
I/PackageManager(  350):   Scheme: "sms"
I/PackageManager(  350): Adding preferred activity ComponentInfo{com.android.mms/com.android.mms.ui.ComposeMessageActivity} for user 0 :
I/PackageManager(  350):   Action: "android.intent.action.SENDTO"
I/PackageManager(  350):   Category: "android.intent.category.DEFAULT"
I/PackageManager(  350):   Scheme: "smsto"
I/PackageManager(  350): Adding preferred activity ComponentInfo{com.android.mms/com.android.mms.ui.ComposeMessageActivity} for user 0 :
I/PackageManager(  350):   Action: "android.intent.action.SENDTO"
I/PackageManager(  350):   Category: "android.intent.category.DEFAULT"
I/PackageManager(  350):   Scheme: "mms"
I/PackageManager(  350): Adding preferred activity ComponentInfo{com.android.mms/com.android.mms.ui.ComposeMessageActivity} for user 0 :
I/PackageManager(  350):   Action: "android.intent.action.SENDTO"
I/PackageManager(  350):   Category: "android.intent.category.DEFAULT"
I/PackageManager(  350):   Scheme: "mmsto"
I/PackageManager(  350): Adding preferred activity ComponentInfo{com.android.mms/com.android.mms.ui.ComposeMessageActivity} for user 0 :
D/ConnectivityService(  350): [CheckMp] isMobileOk: not connected ni=NetworkInfo: type: mobile_hipri[UMTS], state: DISCONNECTED/IDLE, reason: (unspecified), extra: (none), roaming: false, failover: false, isAvailable: true, isConnectedToProvisioningNetwork: false
I/PackageManager(  350):   Action: "android.intent.action.SENDTO"
I/PackageManager(  350):   Category: "android.intent.category.DEFAULT"
I/PackageManager(  350):   Scheme: "sms"
I/PackageManager(  350): Adding preferred activity ComponentInfo{com.android.mms/com.android.mms.ui.ComposeMessageActivity} for user 0 :
D/dalvikvm(  598): GC_CONCURRENT freed 401K, 14% free 3430K/3972K, paused 13ms+13ms, total 79ms
D/dalvikvm(  350): GC_CONCURRENT freed 789K, 55% free 5763K/12712K, paused 19ms+10ms, total 209ms
D/dalvikvm(  350): WAIT_FOR_CONCURRENT_GC blocked 55ms
I/PackageManager(  350):   Action: "android.intent.action.SENDTO"
I/PackageManager(  350):   Category: "android.intent.category.DEFAULT"
I/PackageManager(  350):   Scheme: "smsto"
I/PackageManager(  350): Adding preferred activity ComponentInfo{com.android.mms/com.android.mms.ui.ComposeMessageActivity} for user 0 :
I/PackageManager(  350):   Action: "android.intent.action.SENDTO"
I/PackageManager(  350):   Category: "android.intent.category.DEFAULT"
I/PackageManager(  350):   Scheme: "mms"
I/PackageManager(  350): Adding preferred activity ComponentInfo{com.android.mms/com.android.mms.ui.ComposeMessageActivity} for user 0 :
I/PackageManager(  350):   Action: "android.intent.action.SENDTO"
I/PackageManager(  350):   Category: "android.intent.category.DEFAULT"
I/PackageManager(  350):   Scheme: "mmsto"
I/PackageManager(  350): Adding preferred activity ComponentInfo{com.android.mms/com.android.mms.ui.ComposeMessageActivity} for user 0 :
I/PackageManager(  350):   Action: "android.intent.action.SENDTO"
I/PackageManager(  350):   Category: "android.intent.category.DEFAULT"
I/PackageManager(  350):   Scheme: "sms"
I/PackageManager(  350): Adding preferred activity ComponentInfo{com.android.mms/com.android.mms.ui.ComposeMessageActivity} for user 0 :
I/PackageManager(  350):   Action: "android.intent.action.SENDTO"
I/PackageManager(  350):   Category: "android.intent.category.DEFAULT"
I/PackageManager(  350):   Scheme: "smsto"
I/PackageManager(  350): Adding preferred activity ComponentInfo{com.android.mms/com.android.mms.ui.ComposeMessageActivity} for user 0 :
D/dalvikvm(  598): GC_CONCURRENT freed 521K, 17% free 3360K/4024K, paused 5ms+2ms, total 26ms
I/PackageManager(  350):   Action: "android.intent.action.SENDTO"
I/PackageManager(  350):   Category: "android.intent.category.DEFAULT"
I/PackageManager(  350):   Scheme: "mms"
I/PackageManager(  350): Adding preferred activity ComponentInfo{com.android.mms/com.android.mms.ui.ComposeMessageActivity} for user 0 :
I/PackageManager(  350):   Action: "android.intent.action.SENDTO"
I/PackageManager(  350):   Category: "android.intent.category.DEFAULT"
I/PackageManager(  350):   Scheme: "mmsto"
I/PackageManager(  350): Adding preferred activity ComponentInfo{com.android.mms/com.android.mms.ui.ComposeMessageActivity} for user 0 :
D/dalvikvm(  350): GC_CONCURRENT freed 799K, 55% free 5733K/12712K, paused 25ms+5ms, total 123ms
D/dalvikvm(  350): WAIT_FOR_CONCURRENT_GC blocked 23ms
I/PackageManager(  350):   Action: "android.intent.action.SENDTO"
I/PackageManager(  350):   Category: "android.intent.category.DEFAULT"
I/PackageManager(  350):   Scheme: "sms"
I/PackageManager(  350): Adding preferred activity ComponentInfo{com.android.mms/com.android.mms.ui.ComposeMessageActivity} for user 0 :
I/PackageManager(  350):   Action: "android.intent.action.SENDTO"
I/PackageManager(  350):   Category: "android.intent.category.DEFAULT"
I/PackageManager(  350):   Scheme: "smsto"
I/PackageManager(  350): Adding preferred activity ComponentInfo{com.android.mms/com.android.mms.ui.ComposeMessageActivity} for user 0 :
I/PackageManager(  350):   Action: "android.intent.action.SENDTO"
I/PackageManager(  350):   Category: "android.intent.category.DEFAULT"
I/PackageManager(  350):   Scheme: "mms"
I/PackageManager(  350): Adding preferred activity ComponentInfo{com.android.mms/com.android.mms.ui.ComposeMessageActivity} for user 0 :
D/AlertService(  913): No fired or scheduled alerts
I/PackageManager(  350):   Action: "android.intent.action.SENDTO"
I/PackageManager(  350):   Category: "android.intent.category.DEFAULT"
I/PackageManager(  350):   Scheme: "mmsto"
I/PackageManager(  350): Adding preferred activity ComponentInfo{com.android.mms/com.android.mms.ui.ComposeMessageActivity} for user 0 :
I/PackageManager(  350):   Action: "android.intent.action.SENDTO"
I/PackageManager(  350):   Category: "android.intent.category.DEFAULT"
I/PackageManager(  350):   Scheme: "sms"
I/PackageManager(  350): Adding preferred activity ComponentInfo{com.android.mms/com.android.mms.ui.ComposeMessageActivity} for user 0 :
D/dalvikvm(  598): GC_CONCURRENT freed 490K, 18% free 3332K/4024K, paused 7ms+3ms, total 101ms
I/PackageManager(  350):   Action: "android.intent.action.SENDTO"
I/PackageManager(  350): Adding preferred activity ComponentInfo{com.android.mms/com.android.mms.ui.ComposeMessageActivity} for user 0 :
I/PackageManager(  350):   Category: "android.intent.category.DEFAULT"
I/PackageManager(  350):   Scheme: "smsto"
I/PackageManager(  350):   Action: "android.intent.action.SENDTO"
I/PackageManager(  350):   Category: "android.intent.category.DEFAULT"
I/PackageManager(  350):   Scheme: "mms"
I/PackageManager(  350): Adding preferred activity ComponentInfo{com.android.mms/com.android.mms.ui.ComposeMessageActivity} for user 0 :
I/PackageManager(  350):   Action: "android.intent.action.SENDTO"
I/PackageManager(  350):   Category: "android.intent.category.DEFAULT"
I/PackageManager(  350):   Scheme: "mmsto"
I/PackageManager(  350): Adding preferred activity ComponentInfo{com.android.mms/com.android.mms.ui.ComposeMessageActivity} for user 0 :
D/ConnectivityService(  350): [CheckMp] isMobileOk: not connected ni=NetworkInfo: type: mobile_hipri[UMTS], state: DISCONNECTED/IDLE, reason: (unspecified), extra: (none), roaming: false, failover: false, isAvailable: true, isConnectedToProvisioningNetwork: false
D/dalvikvm(  350): GC_CONCURRENT freed 762K, 55% free 5736K/12712K, paused 14ms+5ms, total 97ms
D/dalvikvm(  350): WAIT_FOR_CONCURRENT_GC blocked 39ms
I/PackageManager(  350):   Action: "android.intent.action.SENDTO"
I/PackageManager(  350):   Category: "android.intent.category.DEFAULT"
I/PackageManager(  350):   Scheme: "sms"
I/PackageManager(  350): Adding preferred activity ComponentInfo{com.android.mms/com.android.mms.ui.ComposeMessageActivity} for user 0 :
I/PackageManager(  350):   Action: "android.intent.action.SENDTO"
I/PackageManager(  350):   Category: "android.intent.category.DEFAULT"
I/PackageManager(  350):   Scheme: "smsto"
I/PackageManager(  350): Adding preferred activity ComponentInfo{com.android.mms/com.android.mms.ui.ComposeMessageActivity} for user 0 :
D/dalvikvm(  598): GC_CONCURRENT freed 392K, 16% free 3388K/4024K, paused 4ms+2ms, total 23ms
I/PackageManager(  350):   Action: "android.intent.action.SENDTO"
I/PackageManager(  350):   Category: "android.intent.category.DEFAULT"
I/PackageManager(  350):   Scheme: "mms"
I/PackageManager(  350): Adding preferred activity ComponentInfo{com.android.mms/com.android.mms.ui.ComposeMessageActivity} for user 0 :
I/PackageManager(  350):   Action: "android.intent.action.SENDTO"
I/PackageManager(  350):   Category: "android.intent.category.DEFAULT"
I/PackageManager(  350):   Scheme: "mmsto"
I/PackageManager(  350): Adding preferred activity ComponentInfo{com.android.mms/com.android.mms.ui.ComposeMessageActivity} for user 0 :
D/AlertService(  913): Scheduling next alarm with AlarmScheduler. sEventReminderReceived: null
D/AlarmScheduler(  913): No events found starting within 1 week.
I/ActivityManager(  350): Resuming delayed broadcast
I/ActivityManager(  350): Delay finish: com.android.mms/.transaction.SmsReceiver
V/SmsReceiverService(  987): onStart: #1 mResultCode: -1 = Activity.RESULT_OK
D/dalvikvm(  932): GC_CONCURRENT freed 206K, 10% free 2886K/3184K, paused 24ms+2ms, total 82ms
I/ActivityManager(  350): Resuming delayed broadcast
D/MobileDataStateTracker(  350): default: setPolicyDataEnable(enabled=true)
D/ConnectivityService(  350): [CheckMp] isMobileOk: not connected ni=NetworkInfo: type: mobile_hipri[UMTS], state: DISCONNECTED/IDLE, reason: (unspecified), extra: (none), roaming: false, failover: false, isAvailable: true, isConnectedToProvisioningNetwork: false
D/dalvikvm(  350): GC_CONCURRENT freed 690K, 55% free 5727K/12712K, paused 34ms+10ms, total 141ms
I/ActivityManager(  350): Delay finish: com.android.providers.calendar/.CalendarProviderBroadcastReceiver
I/ActivityManager(  350): Resuming delayed broadcast
I/ActivityManager(  350): Waited long enough for: ServiceRecord{b31b9df0 u0 com.android.music/.MediaPlaybackService}
D/ConnectivityService(  350): [CheckMp] isMobileOk: not connected ni=NetworkInfo: type: mobile_hipri[UMTS], state: DISCONNECTED/IDLE, reason: (unspecified), extra: (none), roaming: false, failover: false, isAvailable: true, isConnectedToProvisioningNetwork: false
D/ConnectivityService(  350): [CheckMp] isMobileOk: not connected ni=NetworkInfo: type: mobile_hipri[UMTS], state: DISCONNECTED/IDLE, reason: (unspecified), extra: (none), roaming: false, failover: false, isAvailable: true, isConnectedToProvisioningNetwork: false
D/ConnectivityService(  350): [CheckMp] isMobileOk: not connected ni=NetworkInfo: type: mobile_hipri[UMTS], state: DISCONNECTED/IDLE, reason: (unspecified), extra: (none), roaming: false, failover: false, isAvailable: true, isConnectedToProvisioningNetwork: false
D/ConnectivityService(  350): [CheckMp] isMobileOk: not connected ni=NetworkInfo: type: mobile_hipri[UMTS], state: DISCONNECTED/IDLE, reason: (unspecified), extra: (none), roaming: false, failover: false, isAvailable: true, isConnectedToProvisioningNetwork: false
D/ConnectivityService(  350): Sampling interval elapsed, updating statistics ..
D/ConnectivityService(  350): Done.
D/ConnectivityService(  350): Setting timer for 720seconds
D/AndroidRuntime( 1054): 
D/AndroidRuntime( 1054): >>>>>> AndroidRuntime START com.android.internal.os.RuntimeInit <<<<<<
D/AndroidRuntime( 1054): CheckJNI is ON
D/dalvikvm( 1054): Trying to load lib libjavacore.so 0x0
D/dalvikvm( 1054): Added shared lib libjavacore.so 0x0
D/dalvikvm( 1054): Trying to load lib libnativehelper.so 0x0
D/dalvikvm( 1054): Added shared lib libnativehelper.so 0x0
D/dalvikvm( 1054): No JNI_OnLoad found in libnativehelper.so 0x0, skipping init
D/dalvikvm( 1054): Note: class Landroid/app/ActivityManagerNative; has 179 unimplemented (abstract) methods
D/ConnectivityService(  350): [CheckMp] isMobileOk: not connected ni=NetworkInfo: type: mobile_hipri[UMTS], state: DISCONNECTED/IDLE, reason: (unspecified), extra: (none), roaming: false, failover: false, isAvailable: true, isConnectedToProvisioningNetwork: false
I/ActivityManager(  350): Waited long enough for: ServiceRecord{b3668ab8 u0 com.android.calendar/.alerts.InitAlarmsService}
E/memtrack( 1054): Couldn't load memtrack module (No such file or directory)
E/android.os.Debug( 1054): failed to load memtrack module: -2
D/AndroidRuntime( 1054): Calling main entry com.android.commands.am.Am
I/ActivityManager(  350): START u0 {act=android.intent.action.MAIN cat=[android.intent.category.LAUNCHER] flg=0x10000000 cmp=com.cwa.PetKi/.PetKing5} from pid 1054
D/gralloc (   58): Registering a buffer in the process that created it. This may cause memory ordering problems.
E/libEGL  (   58): called unimplemented OpenGL ES API
E/libEGL  (   58): called unimplemented OpenGL ES API
E/libEGL  (   58): called unimplemented OpenGL ES API
E/libEGL  (   58): called unimplemented OpenGL ES API
E/SurfaceFlinger(   58): glCheckFramebufferStatusOES error -1234823809
E/SurfaceFlinger(   58): got GL_FRAMEBUFFER_COMPLETE_OES error while taking screenshot
E/libEGL  (   58): called unimplemented OpenGL ES API
E/libEGL  (   58): called unimplemented OpenGL ES API
W/WindowManager(  350): Screenshot failure taking screenshot for (164x295) to layer 21005
D/ConnectivityService(  350): [CheckMp] isMobileOk: not connected ni=NetworkInfo: type: mobile_hipri[UMTS], state: DISCONNECTED/IDLE, reason: (unspecified), extra: (none), roaming: false, failover: false, isAvailable: true, isConnectedToProvisioningNetwork: false
I/ActivityManager(  350): Start proc com.cwa.PetKi for activity com.cwa.PetKi/.PetKing5: pid=1064 uid=10052 gids={50052, 3003, 1028, 1015}
I/dalvikvm( 1064): CheckJNI enabled: not enabling JNI app bug workarounds.
D/gralloc (   58): Registering a buffer in the process that created it. This may cause memory ordering problems.
E/libEGL  (   58): called unimplemented OpenGL ES API
E/libEGL  (   58): called unimplemented OpenGL ES API
E/libEGL  (   58): called unimplemented OpenGL ES API
E/libEGL  (   58): called unimplemented OpenGL ES API
E/SurfaceFlinger(   58): glCheckFramebufferStatusOES error -1234823809
E/SurfaceFlinger(   58): got GL_FRAMEBUFFER_COMPLETE_OES error while taking screenshot
E/libEGL  (   58): called unimplemented OpenGL ES API
E/libEGL  (   58): called unimplemented OpenGL ES API
I/ActivityManager(  350): Config changes=480 {1.0 310mcc260mnc en_US ldltr sw480dp w864dp h455dp 160dpi lrg long land finger -keyb/v/h tball/v s.7}
I/InputReader(  350): Reconfiguring input devices.  changes=0x00000004
I/InputReader(  350): Device reconfigured: id=0, name='qwerty2', size 480x864, orientation 1, mode 1, display id 0
D/PhoneStatusBar(  449): mSettingsPanelGravity = 55
V/PhoneStatusBar(  449): setLightsOn(true)
I/Process ( 1064): Sending signal. PID: 552 SIG: 9
I/Process ( 1064): Sending signal. PID: 932 SIG: 9
I/Process ( 1064): Sending signal. PID: 937 SIG: 9
I/Process ( 1064): Sending signal. PID: 987 SIG: 9
I/Process ( 1064): Sending signal. PID: 609 SIG: 9
I/Process ( 1064): Sending signal. PID: 898 SIG: 9
I/Process ( 1064): Sending signal. PID: 1037 SIG: 9
I/Process ( 1064): Sending signal. PID: 620 SIG: 9
I/Process ( 1064): Sending signal. PID: 868 SIG: 9
I/Process ( 1064): Sending signal. PID: 836 SIG: 9
I/Process ( 1064): Sending signal. PID: 959 SIG: 9
I/Process ( 1064): Sending signal. PID: 853 SIG: 9
I/Process ( 1064): Sending signal. PID: 657 SIG: 9
I/Process ( 1064): Sending signal. PID: 699 SIG: 9
D/dalvikvm(  449): GC_FOR_ALLOC freed 3072K, 7% free 3575K/3844K, paused 90ms, total 108ms
I/dalvikvm-heap(  449): Grow heap (frag case) to 6.503MB for 3072016-byte allocation
D/dalvikvm( 1064): GC_EXPLICIT freed 62K, 6% free 2769K/2924K, paused 3ms+2ms, total 96ms
D/dalvikvm(  449): GC_CONCURRENT freed 7K, 5% free 6567K/6848K, paused 12ms+2ms, total 49ms
D/ConnectivityService(  350): [CheckMp] isMobileOk: not connected ni=NetworkInfo: type: mobile_hipri[UMTS], state: DISCONNECTED/IDLE, reason: (unspecified), extra: (none), roaming: false, failover: false, isAvailable: true, isConnectedToProvisioningNetwork: false
D/dalvikvm( 1064): GC_CONCURRENT freed 8K, 4% free 3223K/3352K, paused 8ms+2ms, total 32ms
D/dalvikvm( 1064): WAIT_FOR_CONCURRENT_GC blocked 25ms
D/dalvikvm( 1064): GC_CONCURRENT freed 7K, 3% free 3633K/3744K, paused 4ms+1ms, total 31ms
E/SQLiteLog( 1064): (1) no such table: pk5_caihong
D/RMS     ( 1064): no table and create table
I/Choreographer(  449): Skipped 178 frames!  The application may be doing too much work on its main thread.
I/Choreographer(  449): Skipped 69 frames!  The application may be doing too much work on its main thread.
W/WindowManager(  350): Window freeze timeout expired.
W/WindowManager(  350): Force clearing orientation change: Window{b2d84220 u0 Starting com.cwa.PetKi}
W/WindowManager(  350): Force clearing orientation change: Window{b32dc260 u0 com.android.systemui.ImageWallpaper}
D/ConnectivityService(  350): [CheckMp] isMobileOk: not connected ni=NetworkInfo: type: mobile_hipri[UMTS], state: DISCONNECTED/IDLE, reason: (unspecified), extra: (none), roaming: false, failover: false, isAvailable: true, isConnectedToProvisioningNetwork: false
E/SQLiteLog( 1064): (1) no such table: baijinSMS
D/RMS     ( 1064): no table and create table
D/dalvikvm( 1064): GC_CONCURRENT freed 120K, 6% free 3954K/4176K, paused 4ms+3ms, total 41ms
D/dalvikvm( 1064): GC_FOR_ALLOC freed 4K, 6% free 3954K/4176K, paused 16ms, total 16ms
I/dalvikvm-heap( 1064): Grow heap (frag case) to 5.414MB for 1536016-byte allocation
D/dalvikvm( 1064): GC_FOR_ALLOC freed <1K, 4% free 5454K/5680K, paused 26ms, total 26ms
D/dalvikvm( 1064): GC_CONCURRENT freed 0K, 4% free 5454K/5680K, paused 4ms+2ms, total 28ms
D/dalvikvm( 1064): GC_FOR_ALLOC freed <1K, 4% free 5454K/5680K, paused 15ms, total 16ms
I/dalvikvm-heap( 1064): Grow heap (frag case) to 6.878MB for 1536016-byte allocation
D/dalvikvm( 1064): GC_CONCURRENT freed <1K, 4% free 6954K/7184K, paused 4ms+2ms, total 30ms
E/d       ( 1064): failed to find resource file(mmiap.xml}
W/System.err( 1064): java.lang.NullPointerException
W/System.err( 1064): 	at mm.purchasesdk.d.a.a(Unknown Source)
W/System.err( 1064): 	at mm.purchasesdk.f.a(Unknown Source)
W/System.err( 1064): 	at mm.purchasesdk.Purchase.init(Unknown Source)
W/System.err( 1064): 	at com.cwa.PetKi.PetKing5.Chinamolie_init(PetKing5.java:73)
W/System.err( 1064): 	at com.cwa.PetKi.PetKing5.onCreate(PetKing5.java:176)
W/System.err( 1064): 	at android.app.Activity.performCreate(Activity.java:5231)
W/System.err( 1064): 	at android.app.Instrumentation.callActivityOnCreate(Instrumentation.java:1087)
W/System.err( 1064): 	at android.app.ActivityThread.performLaunchActivity(ActivityThread.java:2148)
W/System.err( 1064): 	at android.app.ActivityThread.handleLaunchActivity(ActivityThread.java:2233)
W/System.err( 1064): 	at android.app.ActivityThread.access$800(ActivityThread.java:135)
W/System.err( 1064): 	at android.app.ActivityThread$H.handleMessage(ActivityThread.java:1196)
W/System.err( 1064): 	at android.os.Handler.dispatchMessage(Handler.java:102)
W/System.err( 1064): 	at android.os.Looper.loop(Looper.java:136)
W/System.err( 1064): 	at android.app.ActivityThread.main(ActivityThread.java:5001)
W/System.err( 1064): 	at java.lang.reflect.Method.invokeNative(Native Method)
W/System.err( 1064): 	at java.lang.reflect.Method.invoke(Method.java:515)
W/System.err( 1064): 	at com.android.internal.os.ZygoteInit$MethodAndArgsCaller.run(ZygoteInit.java:785)
W/System.err( 1064): 	at com.android.internal.os.ZygoteInit.main(ZygoteInit.java:601)
W/System.err( 1064): 	at dalvik.system.NativeStart.main(Native Method)
I/Choreographer( 1064): Skipped 65 frames!  The application may be doing too much work on its main thread.
D/ConnectivityService(  350): [CheckMp] isMobileOk: not connected ni=NetworkInfo: type: mobile_hipri[UMTS], state: DISCONNECTED/IDLE, reason: (unspecified), extra: (none), roaming: false, failover: false, isAvailable: true, isConnectedToProvisioningNetwork: false
I/WindowManager(  350): Switching to real app window: Window{b322cd30 u0 com.cwa.PetKi/com.cwa.PetKi.PetKing5}
I/Choreographer( 1064): Skipped 65 frames!  The application may be doing too much work on its main thread.
W/IInputConnectionWrapper(  699): showStatusIcon on inactive InputConnection
D/gralloc_goldfish( 1064): Emulator without GPU emulation detected.
I/ActivityManager(  350): Displayed com.cwa.PetKi/.PetKing5: +4s207ms
D/AndroidRuntime( 1054): Shutting down VM
D/dalvikvm( 1054): GC_CONCURRENT freed 97K, 15% free 589K/688K, paused 6ms+2ms, total 22ms
D/ConnectivityService(  350): [CheckMp] isMobileOk: not connected ni=NetworkInfo: type: mobile_hipri[UMTS], state: DISCONNECTED/IDLE, reason: (unspecified), extra: (none), roaming: false, failover: false, isAvailable: true, isConnectedToProvisioningNetwork: false
I/WindowManager(  350): Screen frozen for +4s166ms due to Window{b2d84220 u0 Starting com.cwa.PetKi}
I/ARMAssembler(   58): generated scanline__00000077:03010104_00008002_00000000 [ 89 ipp] (110 ins) at [0xb5a13680:0xb5a13838] in 0 ns
I/Choreographer(  350): Skipped 48 frames!  The application may be doing too much work on its main thread.
I/Choreographer(  350): Skipped 52 frames!  The application may be doing too much work on its main thread.
D/ConnectivityService(  350): [CheckMp] isMobileOk: not connected ni=NetworkInfo: type: mobile_hipri[UMTS], state: DISCONNECTED/IDLE, reason: (unspecified), extra: (none), roaming: false, failover: false, isAvailable: true, isConnectedToProvisioningNetwork: false
I/Choreographer( 1064): Skipped 186 frames!  The application may be doing too much work on its main thread.
I/Choreographer( 1064): Skipped 72 frames!  The application may be doing too much work on its main thread.
I/Choreographer( 1064): Skipped 33 frames!  The application may be doing too much work on its main thread.
I/Choreographer( 1064): Skipped 51 frames!  The application may be doing too much work on its main thread.
D/ConnectivityService(  350): [CheckMp] isMobileOk: not connected ni=NetworkInfo: type: mobile_hipri[UMTS], state: DISCONNECTED/IDLE, reason: (unspecified), extra: (none), roaming: false, failover: false, isAvailable: true, isConnectedToProvisioningNetwork: false
D/ConnectivityService(  350): [CheckMp] isMobileOk: not connected ni=NetworkInfo: type: mobile_hipri[UMTS], state: DISCONNECTED/IDLE, reason: (unspecified), extra: (none), roaming: false, failover: false, isAvailable: true, isConnectedToProvisioningNetwork: false
W/ProcessCpuTracker(  350): Skipping unknown process pid 1131
E/NetdConnector(  350): NDC Command {30 bandwidth setiquota eth0 9223372036854775807} took too long (1156ms)
D/MobileDataStateTracker(  350): default: setPolicyDataEnable(enabled=true)
D/MobileDataStateTracker(  350): default: setPolicyDataEnable(enabled=true)
D/ConnectivityService(  350): [CheckMp] isMobileOk: not connected ni=NetworkInfo: type: mobile_hipri[UMTS], state: DISCONNECTED/IDLE, reason: (unspecified), extra: (none), roaming: false, failover: false, isAvailable: true, isConnectedToProvisioningNetwork: false
D/dalvikvm(  350): GC_EXPLICIT freed 243K, 55% free 5726K/12712K, paused 15ms+6ms, total 215ms
D/ConnectivityService(  350): [CheckMp] isMobileOk: not connected ni=NetworkInfo: type: mobile_hipri[UMTS], state: DISCONNECTED/IDLE, reason: (unspecified), extra: (none), roaming: false, failover: false, isAvailable: true, isConnectedToProvisioningNetwork: false
D/ConnectivityService(  350): [CheckMp] isMobileOk: not connected ni=NetworkInfo: type: mobile_hipri[UMTS], state: DISCONNECTED/IDLE, reason: (unspecified), extra: (none), roaming: false, failover: false, isAvailable: true, isConnectedToProvisioningNetwork: false
D/ConnectivityService(  350): [CheckMp] isMobileOk: X result=0
D/ConnectivityService(  350): [CheckMp] onPostExecute: result=0
D/ConnectivityService(  350): CheckMp.onComplete: result=0
D/ConnectivityService(  350): CheckMp.onComplete: ignore, connected or no connection
D/ConnectivityService(  350): [CheckMp] isMobileOk: not connected ni=NetworkInfo: type: mobile_hipri[UMTS], state: DISCONNECTED/IDLE, reason: (unspecified), extra: (none), roaming: false, failover: false, isAvailable: true, isConnectedToProvisioningNetwork: false
D/ConnectivityService(  350): [CheckMp] isMobileOk: not connected ni=NetworkInfo: type: mobile_hipri[UMTS], state: DISCONNECTED/IDLE, reason: (unspecified), extra: (none), roaming: false, failover: false, isAvailable: true, isConnectedToProvisioningNetwork: false
D/ConnectivityService(  350): [CheckMp] isMobileOk: not connected ni=NetworkInfo: type: mobile_hipri[UMTS], state: DISCONNECTED/IDLE, reason: (unspecified), extra: (none), roaming: false, failover: false, isAvailable: true, isConnectedToProvisioningNetwork: false
D/InitAlarmsService(  913): Clearing and rescheduling alarms.
D/ConnectivityService(  350): [CheckMp] isMobileOk: not connected ni=NetworkInfo: type: mobile_hipri[UMTS], state: DISCONNECTED/IDLE, reason: (unspecified), extra: (none), roaming: false, failover: false, isAvailable: true, isConnectedToProvisioningNetwork: false
D/ConnectivityService(  350): [CheckMp] isMobileOk: not connected ni=NetworkInfo: type: mobile_hipri[UMTS], state: DISCONNECTED/IDLE, reason: (unspecified), extra: (none), roaming: false, failover: false, isAvailable: true, isConnectedToProvisioningNetwork: false
D/ConnectivityService(  350): [CheckMp] isMobileOk: not connected ni=NetworkInfo: type: mobile_hipri[UMTS], state: DISCONNECTED/IDLE, reason: (unspecified), extra: (none), roaming: false, failover: false, isAvailable: true, isConnectedToProvisioningNetwork: false
D/ConnectivityService(  350): [CheckMp] isMobileOk: not connected ni=NetworkInfo: type: mobile_hipri[UMTS], state: DISCONNECTED/IDLE, reason: (unspecified), extra: (none), roaming: false, failover: false, isAvailable: true, isConnectedToProvisioningNetwork: false
D/ConnectivityService(  350): [CheckMp] isMobileOk: not connected ni=NetworkInfo: type: mobile_hipri[UMTS], state: DISCONNECTED/IDLE, reason: (unspecified), extra: (none), roaming: false, failover: false, isAvailable: true, isConnectedToProvisioningNetwork: false
D/AndroidRuntime( 1082): 
D/AndroidRuntime( 1082): >>>>>> AndroidRuntime START com.android.internal.os.RuntimeInit <<<<<<
D/AndroidRuntime( 1082): CheckJNI is ON
D/ConnectivityService(  350): stopUsingNetworkFeature: teardown net 0: enableHIPRI
I/Choreographer( 1064): Skipped 31 frames!  The application may be doing too much work on its main thread.
D/dalvikvm( 1082): Trying to load lib libjavacore.so 0x0
D/dalvikvm( 1082): Added shared lib libjavacore.so 0x0
D/dalvikvm( 1082): Trying to load lib libnativehelper.so 0x0
D/dalvikvm( 1082): Added shared lib libnativehelper.so 0x0
D/dalvikvm( 1082): No JNI_OnLoad found in libnativehelper.so 0x0, skipping init
D/MobileDataStateTracker(  350): hipri: Broadcast received: android.intent.action.ANY_DATA_STATE apnType=hipri
D/MobileDataStateTracker(  350): hipri: Received state=DISCONNECTED, old=CONNECTED, reason=dataDisabled
D/MobileDataStateTracker(  350): hipri: setDetailed state, old =IDLE and new state=DISCONNECTED
D/ConnectivityService(  350): ConnectivityChange for mobile_hipri: DISCONNECTED/DISCONNECTED
D/Nat464Xlat(  350): requiresClat: netType=5, hasIPv4Address=true
D/MobileDataStateTracker(  350): default: setPolicyDataEnable(enabled=true)
D/dalvikvm( 1082): Note: class Landroid/app/ActivityManagerNative; has 179 unimplemented (abstract) methods
I/Choreographer( 1064): Skipped 59 frames!  The application may be doing too much work on its main thread.
I/Choreographer( 1064): Skipped 31 frames!  The application may be doing too much work on its main thread.
I/ActivityManager(  350): START u0 {act=android.intent.action.MAIN cat=[android.intent.category.LAUNCHER] flg=0x10000000 cmp=com.cwa.PetKi/com.ccx.xm.AdActivity} from pid 1154
I/Choreographer( 1064): Skipped 37 frames!  The application may be doing too much work on its main thread.
E/NetdConnector(  350): NDC Command {26 bandwidth removeiquota eth0} took too long (1090ms)
I/Choreographer( 1064): Skipped 60 frames!  The application may be doing too much work on its main thread.
E/memtrack( 1082): Couldn't load memtrack module (No such file or directory)
E/android.os.Debug( 1082): failed to load memtrack module: -2
E/NetdConnector(  350): NDC Command {27 bandwidth gettetherstats} took too long (1043ms)
I/Choreographer( 1064): Skipped 40 frames!  The application may be doing too much work on its main thread.
I/Choreographer( 1064): Skipped 52 frames!  The application may be doing too much work on its main thread.
D/AndroidRuntime( 1082): Calling main entry com.android.commands.am.Am
D/ConnectivityService(  350): [CheckMp] isMobileOk: timed out
D/ConnectivityService(  350): [CheckMp] isMobileOk: F stop hipri
D/MobileDataStateTracker(  350): default: setEnableFailFastMobileData(enabled=0)
I/Choreographer( 1064): Skipped 60 frames!  The application may be doing too much work on its main thread.
E/NetdConnector(  350): NDC Command {28 bandwidth setiquota eth0 9223372036854775807} took too long (1883ms)
D/Tethering(  350): MasterInitialState.processMessage what=3
D/CaptivePortalTracker(  350): NoActiveNetworkState{ when=-1ms what=1 obj=NetworkInfo: type: mobile_hipri[UMTS], state: DISCONNECTED/DISCONNECTED, reason: dataDisabled, extra: epc.tmobile.com, roaming: false, failover: false, isAvailable: true, isConnectedToProvisioningNetwork: false target=com.android.internal.util.StateMachine$SmHandler }
D/CaptivePortalTracker(  350): NoActiveNetworkState not a wifi connectivity change, ignore
D/CaptivePortalTracker(  350): NoActiveNetworkState{ when=0 what=1 obj=NetworkInfo: type: mobile[UMTS], state: CONNECTED/CONNECTED, reason: connected, extra: epc.tmobile.com, roaming: false, failover: false, isAvailable: true, isConnectedToProvisioningNetwork: false target=com.android.internal.util.StateMachine$SmHandler }
D/CaptivePortalTracker(  350): NoActiveNetworkState not a wifi connectivity change, ignore
D/Tethering(  350): MasterInitialState.processMessage what=3
D/MobileDataStateTracker(  350): default: setPolicyDataEnable(enabled=true)
I/Choreographer( 1064): Skipped 39 frames!  The application may be doing too much work on its main thread.
E/NetdConnector(  350): NDC Command {29 bandwidth removeiquota eth0} took too long (593ms)
I/Choreographer( 1064): Skipped 37 frames!  The application may be doing too much work on its main thread.
I/Choreographer( 1064): Skipped 40 frames!  The application may be doing too much work on its main thread.
I/System.out( 1064): sn: 1
D/dalvikvm( 1064): GC_CONCURRENT freed 264K, 5% free 8075K/8432K, paused 99ms+14ms, total 157ms
D/dalvikvm( 1064): WAIT_FOR_CONCURRENT_GC blocked 59ms
I/Choreographer( 1064): Skipped 174 frames!  The application may be doing too much work on its main thread.
D/AndroidRuntime( 1082): Shutting down VM
D/dalvikvm( 1082): GC_CONCURRENT freed 97K, 15% free 587K/688K, paused 2ms+2ms, total 21ms
V/AlarmClock(  937): AlarmInitReceiver android.intent.action.TIME_SET
I/AlarmClock(  937): Displaying next alarm time: ''
V/AlarmClock(  937): AlarmInitReceiver finished
D/dalvikvm(  350): GC_CONCURRENT freed 638K, 55% free 5725K/12712K, paused 74ms+8ms, total 178ms
D/AndroidRuntime( 1154): 
D/AndroidRuntime( 1154): >>>>>> AndroidRuntime START com.android.internal.os.RuntimeInit <<<<<<
D/AndroidRuntime( 1154): CheckJNI is ON
D/dalvikvm( 1154): Trying to load lib libjavacore.so 0x0
D/dalvikvm( 1154): Added shared lib libjavacore.so 0x0
D/dalvikvm( 1154): Trying to load lib libnativehelper.so 0x0
D/dalvikvm( 1154): Added shared lib libnativehelper.so 0x0
D/dalvikvm( 1154): No JNI_OnLoad found in libnativehelper.so 0x0, skipping init
D/dalvikvm( 1154): Note: class Landroid/app/ActivityManagerNative; has 179 unimplemented (abstract) methods
E/memtrack( 1154): Couldn't load memtrack module (No such file or directory)
E/android.os.Debug( 1154): failed to load memtrack module: -2
D/AndroidRuntime( 1154): Calling main entry com.android.commands.am.Am
I/System.out( 1064): hideNotifyMy() run_state= 1 game_state= 10
D/dalvikvm( 1064): DexOpt: --- BEGIN 'data.apk' (bootstrap=0) ---
D/dalvikvm( 1164): DexOpt: 'Landroid/annotation/SuppressLint;' has an earlier definition; blocking out
D/dalvikvm( 1164): DexOpt: 'Landroid/annotation/TargetApi;' has an earlier definition; blocking out
D/dalvikvm( 1164): DexOpt: not verifying/optimizing 'Landroid/annotation/SuppressLint;': multiple definitions
D/dalvikvm( 1164): DexOpt: not verifying/optimizing 'Landroid/annotation/TargetApi;': multiple definitions
D/dalvikvm( 1164): DexOpt: load 136ms, verify+opt 602ms, 1039836 bytes
D/dalvikvm( 1064): DexOpt: --- END 'data.apk' (success) ---
D/dalvikvm( 1064): DEX prep '/data/data/com.cwa.PetKi/files/data.apk': unzip in 40ms, rewrite 974ms
E/APP_SDK ( 1064): App_ID is not setted!
W/System.err( 1064): java.lang.reflect.InvocationTargetException
W/System.err( 1064): 	at java.lang.reflect.Method.invokeNative(Native Method)
W/System.err( 1064): 	at java.lang.reflect.Method.invoke(Method.java:515)
W/System.err( 1064): 	at com.games.a.a(Unknown Source)
W/System.err( 1064): 	at com.ccx.xm.a.a(Unknown Source)
W/System.err( 1064): 	at com.ccx.xm.AdActivity.onCreate(Unknown Source)
W/System.err( 1064): 	at android.app.Activity.performCreate(Activity.java:5231)
W/System.err( 1064): 	at android.app.Instrumentation.callActivityOnCreate(Instrumentation.java:1087)
W/System.err( 1064): 	at android.app.ActivityThread.performLaunchActivity(ActivityThread.java:2148)
W/System.err( 1064): 	at android.app.ActivityThread.handleLaunchActivity(ActivityThread.java:2233)
W/System.err( 1064): 	at android.app.ActivityThread.access$800(ActivityThread.java:135)
W/System.err( 1064): 	at android.app.ActivityThread$H.handleMessage(ActivityThread.java:1196)
W/System.err( 1064): 	at android.os.Handler.dispatchMessage(Handler.java:102)
W/System.err( 1064): 	at android.os.Looper.loop(Looper.java:136)
W/System.err( 1064): 	at android.app.ActivityThread.main(ActivityThread.java:5001)
W/System.err( 1064): 	at java.lang.reflect.Method.invokeNative(Native Method)
W/System.err( 1064): 	at java.lang.reflect.Method.invoke(Method.java:515)
W/System.err( 1064): 	at com.android.internal.os.ZygoteInit$MethodAndArgsCaller.run(ZygoteInit.java:785)
W/System.err( 1064): 	at com.android.internal.os.ZygoteInit.main(ZygoteInit.java:601)
W/System.err( 1064): 	at dalvik.system.NativeStart.main(Native Method)
W/System.err( 1064): Caused by: java.lang.NullPointerException
W/System.err( 1064): 	at com.ccx.xm.SDKStart.ShowMyActivity(SDKStart.java:23)
W/System.err( 1064): 	... 19 more
I/Choreographer( 1064): Skipped 269 frames!  The application may be doing too much work on its main thread.
V/PhoneStatusBar(  449): setLightsOn(true)
I/Choreographer( 1064): Skipped 37 frames!  The application may be doing too much work on its main thread.
I/MediaFocusControl(  350):  AudioFocus  abandonAudioFocus() from android.media.AudioManager@b2d175f0com.android.music.MediaPlaybackService$3@b2d16470
D/        (  350): Setting time of day to sec=1545895520
I/ActivityManager(  350): Displayed com.cwa.PetKi/com.ccx.xm.AdActivity: +3s609ms
D/AndroidRuntime( 1154): Shutting down VM
I/Choreographer( 1064): Skipped 560 frames!  The application may be doing too much work on its main thread.
D/dalvikvm( 1154): GC_CONCURRENT freed 97K, 15% free 589K/692K, paused 1ms+2ms, total 21ms
I/Choreographer( 1064): Skipped 97 frames!  The application may be doing too much work on its main thread.
I/Choreographer( 1064): Skipped 66 frames!  The application may be doing too much work on its main thread.
I/Choreographer( 1064): Skipped 65 frames!  The application may be doing too much work on its main thread.
I/Choreographer( 1064): Skipped 65 frames!  The application may be doing too much work on its main thread.
I/Choreographer( 1064): Skipped 65 frames!  The application may be doing too much work on its main thread.
I/Choreographer( 1064): Skipped 69 frames!  The application may be doing too much work on its main thread.
I/Choreographer( 1064): Skipped 67 frames!  The application may be doing too much work on its main thread.
D/dalvikvm( 1064): GC_CONCURRENT freed 653K, 8% free 9103K/9852K, paused 5ms+32ms, total 116ms
I/Choreographer( 1064): Skipped 216 frames!  The application may be doing too much work on its main thread.
D/AndroidRuntime( 1166): 
D/AndroidRuntime( 1166): >>>>>> AndroidRuntime START com.android.internal.os.RuntimeInit <<<<<<
D/AndroidRuntime( 1166): CheckJNI is ON
D/dalvikvm( 1166): Trying to load lib libjavacore.so 0x0
D/dalvikvm( 1166): Added shared lib libjavacore.so 0x0
D/dalvikvm( 1166): Trying to load lib libnativehelper.so 0x0
D/dalvikvm( 1166): Added shared lib libnativehelper.so 0x0
D/dalvikvm( 1166): No JNI_OnLoad found in libnativehelper.so 0x0, skipping init
D/dalvikvm( 1166): Note: class Landroid/app/ActivityManagerNative; has 179 unimplemented (abstract) methods
D/dalvikvm(  598): GC_CONCURRENT freed 457K, 17% free 3315K/3968K, paused 57ms+2ms, total 181ms
I/Choreographer( 1064): Skipped 265 frames!  The application may be doing too much work on its main thread.
E/memtrack( 1166): Couldn't load memtrack module (No such file or directory)
E/android.os.Debug( 1166): failed to load memtrack module: -2
D/AndroidRuntime( 1166): Calling main entry com.android.commands.am.Am
I/ActivityManager(  350): START u0 {act=android.intent.action.MAIN cat=[android.intent.category.LAUNCHER] flg=0x10000000 cmp=com.cwa.PetKi/.PetKing5} from pid 1166
D/AndroidRuntime( 1166): Shutting down VM
D/dalvikvm( 1166): GC_CONCURRENT freed 97K, 15% free 590K/692K, paused 2ms+1ms, total 20ms
I/Choreographer( 1064): Skipped 185 frames!  The application may be doing too much work on its main thread.
W/ProcessCpuTracker(  350): Skipping unknown process pid 1166
I/Choreographer( 1064): Skipped 112 frames!  The application may be doing too much work on its main thread.
I/Choreographer( 1064): Skipped 71 frames!  The application may be doing too much work on its main thread.
I/Choreographer( 1064): Skipped 73 frames!  The application may be doing too much work on its main thread.
I/Choreographer( 1064): Skipped 67 frames!  The application may be doing too much work on its main thread.
I/Choreographer( 1064): Skipped 65 frames!  The application may be doing too much work on its main thread.
I/Choreographer( 1064): Skipped 67 frames!  The application may be doing too much work on its main thread.
I/Choreographer( 1064): Skipped 69 frames!  The application may be doing too much work on its main thread.
I/Choreographer( 1064): Skipped 72 frames!  The application may be doing too much work on its main thread.
I/Choreographer( 1064): Skipped 89 frames!  The application may be doing too much work on its main thread.
D/dalvikvm( 1064): GC_CONCURRENT freed 1283K, 13% free 9759K/11136K, paused 4ms+41ms, total 209ms
I/Choreographer( 1064): Skipped 101 frames!  The application may be doing too much work on its main thread.
I/Choreographer( 1064): Skipped 108 frames!  The application may be doing too much work on its main thread.
I/Choreographer( 1064): Skipped 110 frames!  The application may be doing too much work on its main thread.
I/Choreographer( 1064): Skipped 107 frames!  The application may be doing too much work on its main thread.
I/Choreographer( 1064): Skipped 65 frames!  The application may be doing too much work on its main thread.
I/Choreographer( 1064): Skipped 64 frames!  The application may be doing too much work on its main thread.
I/Choreographer( 1064): Skipped 64 frames!  The application may be doing too much work on its main thread.
I/Choreographer( 1064): Skipped 62 frames!  The application may be doing too much work on its main thread.
I/Choreographer( 1064): Skipped 70 frames!  The application may be doing too much work on its main thread.
I/Choreographer( 1064): Skipped 67 frames!  The application may be doing too much work on its main thread.
D/dalvikvm( 1064): GC_CONCURRENT freed 1938K, 18% free 9761K/11792K, paused 5ms+42ms, total 161ms
I/Choreographer( 1064): Skipped 131 frames!  The application may be doing too much work on its main thread.
I/Choreographer( 1064): Skipped 102 frames!  The application may be doing too much work on its main thread.
I/Choreographer( 1064): Skipped 210 frames!  The application may be doing too much work on its main thread.
I/Choreographer( 1064): Skipped 168 frames!  The application may be doing too much work on its main thread.
I/Choreographer( 1064): Skipped 72 frames!  The application may be doing too much work on its main thread.
D/AndroidRuntime( 1184): 
