W/SyncManagerFile(  360): 	at com.android.server.content.SyncStorageEngine.init(SyncStorageEngine.java:454)
W/SyncManagerFile(  360): 	at com.android.server.content.SyncManager.<init>(SyncManager.java:383)
W/SyncManagerFile(  360): 	at com.android.server.content.ContentService.getSyncManager(ContentService.java:75)
W/SyncManagerFile(  360): 	at com.android.server.content.ContentService.notifyChange(ContentService.java:283)
W/SyncManagerFile(  360): 	at android.content.ContentResolver.notifyChange(ContentResolver.java:1621)
W/SyncManagerFile(  360): 	at com.android.providers.settings.SettingsProvider.sendNotify(SettingsProvider.java:262)
W/SyncManagerFile(  360): 	at com.android.providers.settings.SettingsProvider.insertForUser(SettingsProvider.java:941)
W/SyncManagerFile(  360): 	at com.android.providers.settings.SettingsProvider.ensureAndroidIdIsSet(SettingsProvider.java:496)
W/SyncManagerFile(  360): 	at com.android.providers.settings.SettingsProvider.establishDbTracking(SettingsProvider.java:409)
W/SyncManagerFile(  360): 	at com.android.providers.settings.SettingsProvider.onCreate(SettingsProvider.java:335)
W/SyncManagerFile(  360): 	at android.content.ContentProvider.attachInfo(ContentProvider.java:1591)
W/SyncManagerFile(  360): 	at android.content.ContentProvider.attachInfo(ContentProvider.java:1562)
W/SyncManagerFile(  360): 	at android.app.ActivityThread.installProvider(ActivityThread.java:4774)
W/SyncManagerFile(  360): 	at android.app.ActivityThread.installContentProviders(ActivityThread.java:4369)
W/SyncManagerFile(  360): 	at android.app.ActivityThread.installSystemProviders(ActivityThread.java:4929)
W/SyncManagerFile(  360): 	at com.android.server.am.ActivityManagerService.installSystemProviders(ActivityManagerService.java:8081)
W/SyncManagerFile(  360): 	at com.android.server.ServerThread.initAndLoop(SystemServer.java:275)
W/SyncManagerFile(  360): 	at com.android.server.SystemServer.main(SystemServer.java:1179)
W/SyncManagerFile(  360): 	at java.lang.reflect.Method.invokeNative(Native Method)
W/SyncManagerFile(  360): 	at java.lang.reflect.Method.invoke(Method.java:515)
W/SyncManagerFile(  360): 	at com.android.internal.os.ZygoteInit$MethodAndArgsCaller.run(ZygoteInit.java:785)
W/SyncManagerFile(  360): 	at com.android.internal.os.ZygoteInit.main(ZygoteInit.java:601)
W/SyncManagerFile(  360): 	at dalvik.system.NativeStart.main(Native Method)
W/SyncManagerFile(  360): Caused by: libcore.io.ErrnoException: open failed: ENOENT (No such file or directory)
W/SyncManagerFile(  360): 	at libcore.io.Posix.open(Native Method)
W/SyncManagerFile(  360): 	at libcore.io.BlockGuardOs.open(BlockGuardOs.java:110)
W/SyncManagerFile(  360): 	at libcore.io.IoBridge.open(IoBridge.java:393)
W/SyncManagerFile(  360): 	... 27 more
I/SyncManager(  360): No initial statistics
D/SettingsProvider(  360): Generated and saved new ANDROID_ID [e40f9caf589114c9] for user 0
I/SystemServer(  360): Lights Service
I/SystemServer(  360): Battery Service
E/ConsumerIrService(  360): Can't open consumer IR HW Module, error: -2
I/SystemServer(  360): Vibrator Service
I/SystemServer(  360): Consumer IR Service
W/libsuspend(  360): Error writing 'on' to /sys/power/state: Invalid argument
E/libsuspend(  360): Error opening /sys/power/autosleep: No such file or directory
I/libsuspend(  360): Selected wakeup count
D/PermissionCache(   58): checking android.permission.ACCESS_SURFACE_FLINGER for uid=1000 => granted (2283 us)
D/SurfaceFlinger(   58): Screen acquired, type=0 flinger=0xb7bf8450
D/SurfaceFlinger(   58):  screen was previously acquired
I/SystemServer(  360): Alarm Manager
I/SystemServer(  360): Init Watchdog
I/SystemServer(  360): Input Manager
I/InputManager(  360): Initializing input manager, mUseDevInputEventForAudioJack=false
I/SystemServer(  360): Window Manager
I/WindowManager(  360): No existing display settings /data/system/display_settings.xml; starting empty
D/dalvikvm(  360): GC_CONCURRENT freed 308K, 67% free 4478K/13256K, paused 9ms+7ms, total 153ms
D/dalvikvm(  360): WAIT_FOR_CONCURRENT_GC blocked 8ms
I/WindowManager(  360): No keyguard interface!
I/InputManager(  360): Starting input manager
I/SystemServer(  360): No Bluetooh Service (emulator)
I/SystemServer(  360): Input Method Service
E/EventHub(  360): could not get driver version for /dev/input/mouse0, Not a typewriter
W/EventHub(  360): Unable to disable kernel key repeat for /dev/input/event0: Function not implemented
I/EventHub(  360): New device: id=1, fd=93, path='/dev/input/event0', name='qwerty2', classes=0x2d, configuration='/system/usr/idc/qwerty2.idc', keyLayout='/system/usr/keylayout/qwerty.kl', keyCharacterMap='/system/usr/keychars/qwerty2.kcm', builtinKeyboard=true, usingSuspendBlockIoctl=true, usingClockIoctl=true
E/EventHub(  360): could not get driver version for /dev/input/mice, Not a typewriter
I/InputReader(  360): Device added: id=-1, name='Virtual', sources=0x00000301
I/InputReader(  360):   Touch device 'qwerty2' could not query the properties of its associated display.  The device will be inoperable until the display size becomes available.
I/InputReader(  360): Device added: id=0, name='qwerty2', sources=0x00011307
W/InputMethodManagerService(  360): No IME selected. Choose the most applicable IME.
I/InputMethodManagerService(  360): No default found, using com.android.inputmethod.latin/.LatinIME
I/SystemServer(  360): Accessibility Manager
I/ActivityManager(  360): Config changes=1df8 {1.0 ?mcc?mnc en_US ldltr sw480dp w480dp h864dp 160dpi lrg long port ?uimode ?night -touch -keyb/h/h tball/v s.2}
I/InputReader(  360): Reconfiguring input devices.  changes=0x00000004
I/InputReader(  360): Device reconfigured: id=0, name='qwerty2', size 480x864, orientation 0, mode 1, display id 0
I/ActivityManager(  360): Config changes=408 {1.0 ?mcc?mnc en_US ldltr sw480dp w480dp h839dp 160dpi lrg long port ?uimode ?night finger -keyb/h/h tball/v s.3}
I/SystemServer(  360): Mount Service
D/MountService(  360): got storage path: /storage/sdcard description: USB storage primary: true removable: false emulated: false mtpReserve: 0 allowMassStorage: false maxFileSize: 0
D/MountService(  360): addVolumeLocked() StorageVolume:
D/MountService(  360):     mStorageId=0 mPath=/storage/sdcard mDescriptionId=17040665 mPrimary=true 
D/MountService(  360):     mRemovable=false mEmulated=false mMtpReserveSpace=0 
D/MountService(  360):     mAllowMassStorage=false mMaxFileSize=0 mOwner=null mUuid=null 
D/MountService(  360):     mUserLabel=null mState=null 
I/SystemServer(  360): LockSettingsService
I/SystemServer(  360): Device Policy
I/SystemServer(  360): Status Bar
I/SystemServer(  360): Clipboard Service
I/SystemServer(  360): NetworkManagement Service
I/SystemServer(  360): Text Service Manager Service
W/MountService(  360): Duplicate state transition (unmounted -> unmounted) for /storage/sdcard
W/MountService(  360): getSecureContainerList() called when storage not mounted
I/SystemServer(  360): NetworkStats Service
I/PackageManager(  360): No secure containers on sdcard
I/SystemServer(  360): NetworkPolicy Service
I/SystemServer(  360): Wi-Fi P2pService
W/PackageManager(  360): Not granting permission android.permission.GLOBAL_SEARCH to package com.android.quicksearchbox (protectionLevel=18 flags=0x8be45)
W/PackageManager(  360): Unknown permission com.android.smspush.WAPPUSH_MANAGER_BIND in package com.android.phone
W/PackageManager(  360): Unknown permission com.google.android.googleapps.permission.GOOGLE_AUTH in package com.android.providers.calendar
W/PackageManager(  360): Unknown permission com.google.android.googleapps.permission.GOOGLE_AUTH.cl in package com.android.providers.calendar
W/PackageManager(  360): Unknown permission com.google.android.googleapps.permission.GOOGLE_AUTH.mail in package com.android.calendar
W/PackageManager(  360): Not granting permission android.permission.ACCESS_DOWNLOAD_MANAGER to package com.android.browser (protectionLevel=18 flags=0x9be45)
W/PackageManager(  360): Not granting permission android.permission.SEND_DOWNLOAD_COMPLETED_INTENTS to package com.android.browser (protectionLevel=2 flags=0x9be45)
W/PackageManager(  360): Not granting permission android.permission.BIND_APPWIDGET to package com.android.widgetpreview (protectionLevel=18 flags=0x8be44)
W/PackageManager(  360): Unknown permission android.permission.INSTALL_DRM in package com.android.mms
W/PackageManager(  360): Unknown permission com.google.android.googleapps.permission.GOOGLE_AUTH in package com.android.settings
W/PackageManager(  360): Unknown permission com.google.android.googleapps.permission.ACCESS_GOOGLE_PASSWORD in package com.android.development
W/PackageManager(  360): Unknown permission com.google.android.googleapps.permission.GOOGLE_AUTH in package com.android.development
W/PackageManager(  360): Unknown permission com.google.android.googleapps.permission.GOOGLE_AUTH.ALL_SERVICES in package com.android.development
W/PackageManager(  360): Unknown permission com.google.android.googleapps.permission.GOOGLE_AUTH.YouTubeUser in package com.android.development
W/PackageManager(  360): Not granting permission android.permission.DELETE_PACKAGES to package com.svox.pico (protectionLevel=18 flags=0x8be45)
W/PackageManager(  360): Not granting permission android.permission.DEVICE_POWER to package com.android.deskclock (protectionLevel=2 flags=0x48be45)
D/dalvikvm(  360): GC_CONCURRENT freed 265K, 65% free 4640K/13256K, paused 13ms+12ms, total 133ms
I/SystemServer(  360): Wi-Fi Service
D/WifiController(  360): isAirplaneModeOn = false, isWifiEnabled = false, isScanningAvailable = false
I/SystemServer(  360): Connectivity Service
D/ConnectivityService(  360): ConnectivityService starting up
D/ConnectivityService(  360): wifiOnly=false
E/MobileDataStateTracker(  360): default: Ignoring feature request because could not acquire PhoneService
E/MobileDataStateTracker(  360): default: Could not enable APN type "default"
I/WifiService(  360): WifiService starting up with Wi-Fi disabled
I/SystemServer(  360): Network Service Discovery Service
D/NsdService(  360): Network service discovery enabled true
I/SystemServer(  360): UpdateLock Service
I/SystemServer(  360): Notification Manager
I/SystemServer(  360): Device Storage Monitor
I/SystemServer(  360): Location Manager
I/SystemServer(  360): Country Detector
I/SystemServer(  360): Search Service
I/SystemServer(  360): DropBox Service
I/SystemServer(  360): Wallpaper Service
W/WallpaperService(  360): no current wallpaper -- first boot?
I/SystemServer(  360): Audio Service
D/dalvikvm(  360): GC_CONCURRENT freed 254K, 64% free 4855K/13256K, paused 15ms+22ms, total 112ms
I/SystemServer(  360): Dock Observer
W/DockObserver(  360): This kernel does not have dock station support
I/SystemServer(  360): Wired Accessory Manager
W/WiredAccessoryManager(  360): This kernel does not have wired headset support
W/WiredAccessoryManager(  360): This kernel does not have usb audio support
W/WiredAccessoryManager(  360): This kernel does not have HDMI audio support
I/SystemServer(  360): USB Service
I/SystemServer(  360): Serial Service
I/SystemServer(  360): Twilight Service
I/SystemServer(  360): UI Mode Manager Service
I/SystemServer(  360): Backup Service
V/BackupManagerService(  360): Initializing package tracking
V/BackupManagerService(  360): No ancestral data
V/BackupManagerService(  360): addPackageParticipantsLocked: all
I/BackupManagerService(  360): Scheduling backup for new app com.android.calendar
D/BackupManagerService(  360): Now staging backup of com.android.calendar
I/BackupManagerService(  360): Scheduling backup for new app com.android.browser
D/BackupManagerService(  360): Now staging backup of com.android.browser
I/BackupManagerService(  360): Scheduling backup for new app com.android.providers.userdictionary
D/BackupManagerService(  360): Now staging backup of com.android.providers.userdictionary
I/BackupManagerService(  360): Scheduling backup for new app com.android.sharedstoragebackup
D/BackupManagerService(  360): Now staging backup of com.android.sharedstoragebackup
I/BackupManagerService(  360): Scheduling backup for new app android
D/BackupManagerService(  360): Now staging backup of android
I/BackupManagerService(  360): Scheduling backup for new app com.android.dialer
D/BackupManagerService(  360): Now staging backup of com.android.dialer
I/BackupManagerService(  360): Scheduling backup for new app com.android.providers.settings
D/BackupManagerService(  360): Now staging backup of com.android.providers.settings
V/BackupManagerService(  360): Starting with transport android/com.android.internal.backup.LocalTransport
V/BackupManagerService(  360): Found transports: 1
I/BackupManagerService(  360): Binding to transport host ComponentInfo{android/com.android.internal.backup.LocalTransportService}
I/BackupManagerService(  360): Backup enabled => true
I/SystemServer(  360): AppWidget Service
I/SystemServer(  360): Recognition Service
I/SystemServer(  360): DiskStats Service
I/SystemServer(  360): SamplingProfiler Service
I/SystemServer(  360): NetworkTimeUpdateService
I/SystemServer(  360): CommonTimeManagementService
I/SystemServer(  360): CertBlacklister
I/SystemServer(  360): Dreams Service
I/SystemServer(  360): Assets Atlas Service
I/SystemServer(  360): IdleMaintenanceService
D/Atlas   (  360): Computing best atlas configuration...
D/Atlas   (  360): Running Thread-50
I/WindowManager(  360): SAFE MODE not enabled
I/SystemServer(  360): Print Service
I/SystemServer(  360): Media Router Service
D/Atlas   (  360): Found best atlas configuration in 0.08s
D/Atlas   (  360): Loaded configuration: SliceMinArea (768x768) flags=0x2 count=24
D/gralloc_goldfish(  360): Emulator without GPU emulation detected.
E/SQLiteLog(  360): (1) no such table: locksettings
W/AssetAtlasService(  360): Could not find EGL configuration
D/Atlas   (  360): Rendered atlas in 19.59ms (16.26+3.33ms)
I/LockSettingsService(  360): Migrated lock settings to new location
I/LockSettingsService(  360): Migrated per-user lock settings to new location
I/Zygote  (  360): Process: zygote socket opened
D/dalvikvm(  360): GC_CONCURRENT freed 337K, 63% free 4989K/13256K, paused 5ms+4ms, total 109ms
V/KeyguardServiceDelegate(  360): *** Keyguard started
V/KeyguardServiceDelegate(  360): onSystemReady() called before keyguard service was ready
I/ActivityManager(  360): Start proc com.android.systemui for service com.android.keyguard/.KeyguardService: pid=448 uid=10007 gids={50007, 1028, 1015, 1035, 3002, 3001}
F/SystemServer(  360): BOOT FAILURE making Package Manager Service ready
F/SystemServer(  360): java.lang.SecurityException: Unable to find app for caller android.app.ActivityThread$ApplicationThread@b34060f0 (pid=360) when registering receiver android.app.LoadedApk$ReceiverDispatcher$InnerReceiver@b33d9a68
F/SystemServer(  360): 	at com.android.server.am.ActivityManagerService.registerReceiver(ActivityManagerService.java:13021)
F/SystemServer(  360): 	at android.app.ContextImpl.registerReceiverInternal(ContextImpl.java:1450)
F/SystemServer(  360): 	at android.app.ContextImpl.registerReceiverAsUser(ContextImpl.java:1425)
F/SystemServer(  360): 	at com.android.internal.content.PackageMonitor.register(PackageMonitor.java:84)
F/SystemServer(  360): 	at com.android.server.pm.UserManagerService.systemReady(UserManagerService.java:237)
F/SystemServer(  360): 	at com.android.server.pm.PackageManagerService.systemReady(PackageManagerService.java:10476)
F/SystemServer(  360): 	at com.android.server.ServerThread.initAndLoop(SystemServer.java:893)
F/SystemServer(  360): 	at com.android.server.SystemServer.main(SystemServer.java:1179)
F/SystemServer(  360): 	at java.lang.reflect.Method.invokeNative(Native Method)
F/SystemServer(  360): 	at java.lang.reflect.Method.invoke(Method.java:515)
F/SystemServer(  360): 	at com.android.internal.os.ZygoteInit$MethodAndArgsCaller.run(ZygoteInit.java:785)
F/SystemServer(  360): 	at com.android.internal.os.ZygoteInit.main(ZygoteInit.java:601)
F/SystemServer(  360): 	at dalvik.system.NativeStart.main(Native Method)
W/SystemServer(  360): ***********************************************
I/ActivityManager(  360): Sending system update to ComponentInfo{com.android.providers.calendar/com.android.providers.calendar.CalendarUpgradeReceiver} for user 0
I/ActivityManager(  360): Sending system update to ComponentInfo{com.android.providers.contacts/com.android.providers.contacts.ContactsUpgradeReceiver} for user 0
I/ActivityManager(  360): Sending system update to ComponentInfo{com.android.providers.media/com.android.providers.media.MediaUpgradeReceiver} for user 0
I/SystemServer(  360): Enabled StrictMode for system server main thread.
I/ActivityManager(  360): Start proc com.android.providers.calendar for broadcast com.android.providers.calendar/.CalendarUpgradeReceiver: pid=459 uid=10001 gids={50001, 3003, 1028, 1015}
I/Choreographer(  360): Skipped 48 frames!  The application may be doing too much work on its main thread.
W/InputMethodManagerService(  360): Focus gain on non-focused client android.view.inputmethod.InputMethodManager$1@b357d9c8 (uid=1000 pid=360)
V/BackupManagerService(  360): Connected to transport ComponentInfo{android/com.android.internal.backup.LocalTransportService}
V/BackupManagerService(  360): Registering transport android/com.android.internal.backup.LocalTransportService::android/com.android.internal.backup.LocalTransport = com.android.internal.backup.LocalTransport@b3258b00
I/ActivityManager(  360): Launching preboot mode app: ProcessRecord{b3695cb0 459:com.android.providers.calendar/u0a1}
E/SoundPool(  448): error loading /system/media/audio/ui/Lock.ogg
W/KeyguardViewMediator(  448): failed to load lock sound from /system/media/audio/ui/Lock.ogg
E/SoundPool(  448): error loading /system/media/audio/ui/Unlock.ogg
W/KeyguardViewMediator(  448): failed to load unlock sound from /system/media/audio/ui/Unlock.ogg
V/KeyguardService(  448): onCreate()
V/KeyguardServiceDelegate(  360): *** Keyguard connected (yay!)
V/KeyguardServiceDelegate(  360): **** SHOWN CALLED ****
I/ActivityManager(  360): Start proc android.process.acore for broadcast com.android.providers.contacts/.ContactsUpgradeReceiver: pid=480 uid=10002 gids={50002, 3003, 1028, 1015}
I/ActivityManager(  360): Launching preboot mode app: ProcessRecord{b2e79f70 480:android.process.acore/u0a2}
I/ContactsUpgradeReceiver(  480): Creating or opening contacts database
I/ContactsDatabaseHelper(  480): Bootstrapping database version: 803
D/dalvikvm(  480): GC_CONCURRENT freed 411K, 16% free 2795K/3304K, paused 11ms+1ms, total 59ms
D/dalvikvm(  480): GC_CONCURRENT freed 321K, 13% free 2874K/3304K, paused 12ms+2ms, total 37ms
I/ContactsProviderV1(  480): Bootstrapping database legacy support
I/ContactsDatabaseHelper(  480): Bootstrapping database version: 803
D/dalvikvm(  480): GC_CONCURRENT freed 331K, 13% free 2938K/3368K, paused 4ms+12ms, total 38ms
I/ContactsProviderV1(  480): Bootstrapping database legacy support
I/ContactsProvider(  480): Locale has changed from null to en_US
I/ContactsDatabaseHelper(  480): Switching to locale en_US (ICU v51.1.0.1)
D/dalvikvm(  480): GC_CONCURRENT freed 343K, 13% free 3016K/3456K, paused 11ms+2ms, total 48ms
I/ContactsDatabaseHelper(  480): Locale change completed in 451ms
I/ContactsDatabaseHelper(  480): Switching to locale en_US (ICU v51.1.0.1)
D/dalvikvm(  480): GC_CONCURRENT freed 356K, 13% free 3052K/3508K, paused 3ms+2ms, total 31ms
I/ContactsDatabaseHelper(  480): Locale change completed in 440ms
I/ActivityManager(  360): Start proc android.process.media for broadcast com.android.providers.media/.MediaUpgradeReceiver: pid=496 uid=10005 gids={50005, 1028, 1015, 1023, 1024, 2001, 3003, 3007}
D/dalvikvm(  360): GC_CONCURRENT freed 394K, 62% free 5131K/13256K, paused 26ms+4ms, total 109ms
D/dalvikvm(  360): WAIT_FOR_CONCURRENT_GC blocked 70ms
I/ActivityManager(  360): Launching preboot mode app: ProcessRecord{b33ee720 496:android.process.media/u0a5}
I/ActivityManager(  360): Writing new set of last done pre-boot receivers...
I/ActivityManager(  360): Removing system update proc: ProcessRecord{b3695cb0 459:com.android.providers.calendar/u0a1}
I/ActivityManager(  360): Killing 459:com.android.providers.calendar/u0a1 (adj 13): system update done
I/ActivityManager(  360): Removing system update proc: ProcessRecord{b2e79f70 480:android.process.acore/u0a2}
I/ActivityManager(  360): Killing 480:android.process.acore/u0a2 (adj 11): system update done
I/ActivityManager(  360): Removing system update proc: ProcessRecord{b33ee720 496:android.process.media/u0a5}
I/ActivityManager(  360): Killing 496:android.process.media/u0a5 (adj 9): system update done
I/ActivityManager(  360): System now ready
I/SystemServer(  360): Making services ready
W/ActivityManager(  360): Can't find mystery application for StrictMode from pid=496 uid=10005: android.os.BinderProxy@b373b818
D/NetworkManagementService(  360): enabling bandwidth control
I/Vold    (   53): /dev/block/vold/179:0 being considered for volume sdcard
D/Vold    (   53): Volume sdcard state changing 1 (Idle-Unmounted) -> 3 (Checking)
D/MountService(  360): volume state changed for /storage/sdcard (unmounted -> checking)
D/MountService(  360): sendStorageIntent Intent { act=android.intent.action.MEDIA_CHECKING dat=file:///storage/sdcard (has extras) } to UserHandle{-1}
W/ProcessCpuTracker(  360): Skipping unknown process pid 459
D/SystemUIService(  448): loading: class com.android.systemui.recent.Recents
D/SystemUIService(  448): running: com.android.systemui.recent.Recents@b2d54010
D/SystemUIService(  448): loading: class com.android.systemui.statusbar.SystemBars
D/SystemUIService(  448): running: com.android.systemui.statusbar.SystemBars@b2d545f8
D/SystemUIService(  448): loading: class com.android.systemui.usb.StorageNotification
D/SystemUIService(  448): running: com.android.systemui.usb.StorageNotification@b2d56348
D/SystemUIService(  448): loading: class com.android.systemui.power.PowerUI
D/SystemUIService(  448): running: com.android.systemui.power.PowerUI@b2d57c00
I/fsck_msdos(   53): ** /dev/block/vold/179:0
I/fsck_msdos(   53): Invalid signature in fsinfo block
I/fsck_msdos(   53): FIXED
I/fsck_msdos(   53): ** Phase 1 - Read and Compare FATs
I/fsck_msdos(   53): Attempting to allocate 794 KB for FAT
D/SystemUIService(  448): loading: class com.android.systemui.media.RingtonePlayer
D/SystemUIService(  448): running: com.android.systemui.media.RingtonePlayer@b2d589e0
D/SystemUIService(  448): loading: class com.android.systemui.settings.SettingsUI
D/SystemUIService(  448): running: com.android.systemui.settings.SettingsUI@b2d59cc8
I/StatusBarManagerService(  360): registerStatusBar bar=com.android.internal.statusbar.IStatusBar$Stub$Proxy@b3069a50
D/PhoneStatusBar(  448): mSettingsPanelGravity = 55
I/fsck_msdos(   53): Attempting to allocate 794 KB for FAT
I/fsck_msdos(   53): ** Phase 2 - Check Cluster Chains
I/fsck_msdos(   53): ** Phase 3 - Checking Directories
I/fsck_msdos(   53): ** Phase 4 - Checking for Lost Files
I/fsck_msdos(   53): Free space in FSInfo block (201592) not correct (201591)
I/fsck_msdos(   53): FIXED
I/fsck_msdos(   53): 1 files, 100795 free (201591 clusters)
D/dalvikvm(  448): GC_CONCURRENT freed 287K, 12% free 2834K/3216K, paused 5ms+3ms, total 186ms
I/Vold    (   53): Filesystem check completed OK
W/Vold    (   53): blkid failed to identify /dev/block/vold/179:0
D/Vold    (   53): Volume sdcard state changing 3 (Checking) -> 4 (Mounted)
I/PackageManager(  360): Updating external media status from unmounted to mounted
D/MountService(  360): volume state changed for /storage/sdcard (checking -> mounted)
E/VoldConnector(  360): NDC Command {3 volume mount /storage/sdcard} took too long (840ms)
D/MountService(  360): sendStorageIntent Intent { act=android.intent.action.MEDIA_MOUNTED dat=file:///storage/sdcard (has extras) } to UserHandle{-1}
D/dalvikvm(  448): GC_FOR_ALLOC freed 32K, 9% free 2947K/3216K, paused 25ms, total 26ms
I/PackageManager(  360): No secure containers on sdcard
W/PackageManager(  360): Not granting permission android.permission.GLOBAL_SEARCH to package com.android.quicksearchbox (protectionLevel=18 flags=0x88be45)
W/PackageManager(  360): Unknown permission com.android.smspush.WAPPUSH_MANAGER_BIND in package com.android.phone
W/PackageManager(  360): Unknown permission com.google.android.googleapps.permission.GOOGLE_AUTH in package com.android.providers.calendar
W/PackageManager(  360): Unknown permission com.google.android.googleapps.permission.GOOGLE_AUTH.cl in package com.android.providers.calendar
W/PackageManager(  360): Unknown permission com.google.android.googleapps.permission.GOOGLE_AUTH.mail in package com.android.calendar
W/PackageManager(  360): Not granting permission android.permission.ACCESS_DOWNLOAD_MANAGER to package com.android.browser (protectionLevel=18 flags=0x89be45)
W/PackageManager(  360): Not granting permission android.permission.SEND_DOWNLOAD_COMPLETED_INTENTS to package com.android.browser (protectionLevel=2 flags=0x89be45)
W/PackageManager(  360): Not granting permission android.permission.BIND_APPWIDGET to package com.android.widgetpreview (protectionLevel=18 flags=0x8be44)
W/PackageManager(  360): Unknown permission android.permission.INSTALL_DRM in package com.android.mms
W/PackageManager(  360): Unknown permission com.google.android.googleapps.permission.GOOGLE_AUTH in package com.android.settings
D/dalvikvm(  360): GC_CONCURRENT freed 527K, 62% free 5091K/13256K, paused 6ms+5ms, total 143ms
W/PackageManager(  360): Unknown permission com.google.android.googleapps.permission.ACCESS_GOOGLE_PASSWORD in package com.android.development
W/PackageManager(  360): Unknown permission com.google.android.googleapps.permission.GOOGLE_AUTH in package com.android.development
W/PackageManager(  360): Unknown permission com.google.android.googleapps.permission.GOOGLE_AUTH.ALL_SERVICES in package com.android.development
W/PackageManager(  360): Unknown permission com.google.android.googleapps.permission.GOOGLE_AUTH.YouTubeUser in package com.android.development
W/PackageManager(  360): Not granting permission android.permission.DELETE_PACKAGES to package com.svox.pico (protectionLevel=18 flags=0x88be45)
W/PackageManager(  360): Not granting permission android.permission.DEVICE_POWER to package com.android.deskclock (protectionLevel=2 flags=0xc8be45)
E/BluetoothAdapter(  448): Bluetooth binder is null
E/BluetoothAdapter(  448): Bluetooth binder is null
D/dalvikvm(  448): GC_CONCURRENT freed 58K, 6% free 3302K/3492K, paused 4ms+2ms, total 124ms
E/BluetoothAdapter(  448): Bluetooth binder is null
E/BluetoothAdapter(  448): Bluetooth binder is null
I/ActivityManager(  360): Start proc android.process.acore for content provider com.android.providers.contacts/.ContactsProvider2: pid=547 uid=10002 gids={50002, 3003, 1028, 1015}
D/PhoneStatusBar(  448): disable: < expand icons alerts ticker system_info back home recent clock search >
E/BluetoothAdapter(  448): Bluetooth binder is null
D/PhoneStatusBar(  448): heads up is disabled
E/NetdConnector(  360): NDC Command {1 bandwidth enable} took too long (3144ms)
I/Choreographer(  448): Skipped 478 frames!  The application may be doing too much work on its main thread.
D/dalvikvm(  448): GC_CONCURRENT freed 137K, 7% free 3554K/3788K, paused 5ms+51ms, total 105ms
E/NetdConnector(  360): NDC Command {2 firewall disable} took too long (611ms)
I/Choreographer(  448): Skipped 222 frames!  The application may be doing too much work on its main thread.
D/gralloc_goldfish(  448): Emulator without GPU emulation detected.
I/Choreographer(  448): Skipped 88 frames!  The application may be doing too much work on its main thread.
D/dalvikvm(  547): GC_CONCURRENT freed 253K, 10% free 2977K/3300K, paused 4ms+63ms, total 385ms
E/NetdConnector(  360): NDC Command {5 firewall disable} took too long (656ms)
I/ActivityManager(  360): Config changes=200 {1.0 ?mcc?mnc en_US ldltr sw480dp w480dp h839dp 160dpi lrg long port finger -keyb/h/h tball/v s.4}
W/RecognitionManagerService(  360): no available voice recognition services found for user 0
D/PhoneStatusBar(  448): mSettingsPanelGravity = 55
W/AppWidgetServiceImpl(  360): Failed to read state: java.io.FileNotFoundException: /data/system/users/0/appwidgets.xml: open failed: ENOENT (No such file or directory)
W/InputMethodManagerService(  360): Ignoring setImeWindowStatus of uid 1000 token: null
D/dalvikvm(  360): GC_CONCURRENT freed 453K, 61% free 5238K/13256K, paused 6ms+5ms, total 100ms
D/dalvikvm(  360): WAIT_FOR_CONCURRENT_GC blocked 33ms
D/dalvikvm(  360): WAIT_FOR_CONCURRENT_GC blocked 35ms
W/InputMethodUtils(  360): Found no subtypes in a system IME: com.android.inputmethod.pinyin
W/InputMethodManagerService(  360): Reset the default IME as "Resource" is ready here.
W/InputMethodUtils(  360): Found no subtypes in a system IME: com.android.inputmethod.pinyin
I/InputMethodManagerService(  360): Selected default: com.android.inputmethod.latin/.LatinIME
I/ActivityManager(  360): Config changes=20 {1.0 ?mcc?mnc en_US ldltr sw480dp w480dp h839dp 160dpi lrg long port finger -keyb/v/h tball/v s.5}
D/dalvikvm(  448): GC_FOR_ALLOC freed 95K, 6% free 3561K/3788K, paused 55ms, total 56ms
I/ActivityManager(  360): Start proc com.android.inputmethod.latin for service com.android.inputmethod.latin/.LatinIME: pid=588 uid=10029 gids={50029, 1028, 1015}
V/InputMethodManagerService(  360): Adding window token: android.os.Binder@b35edfe0
W/GpsLocationProvider(  360): Could not open GPS configuration file /etc/gps.conf
W/ServiceWatcher(  360): com.google.android.location not found
W/ServiceWatcher(  360): com.google.android.location not found
W/ServiceWatcher(  360): com.google.android.location not found
W/LocationManagerService(  360): no network location provider found
I/dalvikvm-heap(  448): Grow heap (frag case) to 6.498MB for 3072016-byte allocation
W/InputMethodManagerService(  360): Illegal subtype state: old subtype = null, new subtype = android.view.inputmethod.InputMethodSubtype@c9194f98
W/ServiceWatcher(  360): com.google.android.location not found
E/FlpHardwareProvider(  360): Error hw_get_module 'flp': -2
W/ServiceWatcher(  360): com.google.android.location not found
E/FlpHardwareProvider(  360): Error hw_get_module 'flp': -2
W/ServiceWatcher(  360): com.google.android.location not found
E/LocationManagerService(  360): no geocoder provider found
E/LocationManagerService(  360): No FusedProvider found.
D/dalvikvm(  448): GC_FOR_ALLOC freed 4K, 4% free 6557K/6792K, paused 51ms, total 51ms
E/LocationManagerService(  360): no geofence provider found
I/CommonTimeManagementService(  360): No common time service detected on this platform.  Common time services will be unavailable.
I/InputReader(  360): Reconfiguring input devices.  changes=0x00000020
I/InputReader(  360): Reconfiguring input devices.  changes=0x00000010
D/dalvikvm(  448): GC_CONCURRENT freed 0K, 4% free 6558K/6792K, paused 4ms+62ms, total 111ms
I/ActivityManager(  360): Start proc com.android.phone for added application com.android.phone: pid=602 uid=1001 gids={41001, 3002, 3001, 3003, 1028, 1015}
I/ActivityManager(  360): START u0 {act=android.intent.action.MAIN cat=[android.intent.category.HOME] flg=0x10000000 cmp=com.android.settings/.CryptKeeper} from pid 0
I/ActivityManager(  360): Start proc com.android.settings for activity com.android.settings/.CryptKeeper: pid=613 uid=1000 gids={41000, 1028, 1015, 3002, 3001, 3003}
I/ActivityManager(  360): Start proc android.process.media for broadcast com.android.providers.downloads/.DownloadReceiver: pid=623 uid=10005 gids={50005, 1028, 1015, 1023, 1024, 2001, 3003, 3007}
D/dalvikvm(   59): GC_EXPLICIT freed 38K, 5% free 2705K/2840K, paused 13ms+2ms, total 70ms
D/dalvikvm(   59): GC_EXPLICIT freed <1K, 5% free 2705K/2840K, paused 2ms+9ms, total 39ms
D/dalvikvm(   59): GC_EXPLICIT freed <1K, 5% free 2705K/2840K, paused 2ms+12ms, total 42ms
I/LatinIME(  588): Hardware accelerated drawing: true
D/dalvikvm(  360): GC_CONCURRENT freed 543K, 60% free 5332K/13256K, paused 36ms+58ms, total 390ms
D/dalvikvm(  360): WAIT_FOR_CONCURRENT_GC blocked 235ms
D/dalvikvm(  360): WAIT_FOR_CONCURRENT_GC blocked 93ms
D/dalvikvm(  448): GC_FOR_ALLOC freed 3003K, 6% free 3564K/3788K, paused 205ms, total 206ms
I/dalvikvm-heap(  448): Grow heap (frag case) to 6.500MB for 3072016-byte allocation
W/WindowManager(  360): Window freeze timeout expired.
W/WindowManager(  360): Force clearing orientation change: Window{b33dcd38 u0 StatusBar}
W/WindowManager(  360): Force clearing orientation change: Window{b2ff28f0 u0 com.android.systemui.ImageWallpaper}
D/dalvikvm(  448): GC_CONCURRENT freed <1K, 4% free 6564K/6792K, paused 4ms+6ms, total 38ms
I/FusedLocation(  360): engine started (com.android.location.fused)
I/ActivityManager(  360): START u0 {act=android.intent.action.MAIN cat=[android.intent.category.HOME] flg=0x10000000 cmp=com.android.sdksetup/.DefaultActivity} from pid 0
W/InputAttributes(  588): No editor info for this field. Bug?
D/PhoneStatusBar(  448): mSettingsPanelGravity = 55
I/ResourceUtils(  588): Found default value: resource=keypress_vibration_durations build=[HARDWARE=goldfish MODEL=sdk BRAND=generic MANUFACTURER=unknown] default=-1
I/ResourceUtils(  588): Found default value: resource=keypress_volumes build=[HARDWARE=goldfish MODEL=sdk BRAND=generic MANUFACTURER=unknown] default=-1.0f
I/ActivityManager(  360): Start proc com.android.sdksetup for activity com.android.sdksetup/.DefaultActivity: pid=648 uid=10042 gids={50042}
V/StatusBar(  448): userId 0 is in the house
D/dalvikvm(  588): GC_CONCURRENT freed 231K, 9% free 2934K/3224K, paused 30ms+2ms, total 218ms
I/Choreographer(  448): Skipped 95 frames!  The application may be doing too much work on its main thread.
I/LatinIME:LogUtils(  588): Dictionary info: dictionary = PersonalizationPredictionDictio ; version = ? ; date = 1538951397
I/LatinIME:LogUtils(  588): Dictionary info: dictionary = UserHistoryDictionary.en_US.dic ; version = ? ; date = 1538951397
I/LatinIME:LogUtils(  588): Dictionary info: dictionary = personalization.en_US.dict ; version = ? ; date = 1538951397
I/LatinIME:LogUtils(  588): Dictionary info: dictionary = userunigram.en_US.dict ; version = ? ; date = ?
I/Choreographer(  448): Skipped 55 frames!  The application may be doing too much work on its main thread.
W/BackupManagerService(  360): dataChanged but no participant pkg='com.android.providers.settings' uid=1001
D/dalvikvm(  602): GC_CONCURRENT freed 175K, 9% free 2924K/3196K, paused 65ms+3ms, total 189ms
I/PackageManager(  360):   Action: "android.intent.action.SENDTO"
I/PackageManager(  360):   Category: "android.intent.category.DEFAULT"
I/PackageManager(  360):   Scheme: "sms"
I/PackageManager(  360): Adding preferred activity ComponentInfo{com.android.mms/com.android.mms.ui.ComposeMessageActivity} for user 0 :
I/PackageManager(  360):   Action: "android.intent.action.SENDTO"
I/PackageManager(  360):   Category: "android.intent.category.DEFAULT"
I/PackageManager(  360):   Scheme: "smsto"
I/PackageManager(  360): Adding preferred activity ComponentInfo{com.android.mms/com.android.mms.ui.ComposeMessageActivity} for user 0 :
D/dalvikvm(  360): GC_CONCURRENT freed 517K, 59% free 5470K/13256K, paused 5ms+51ms, total 414ms
I/PackageManager(  360):   Action: "android.intent.action.SENDTO"
I/PackageManager(  360):   Category: "android.intent.category.DEFAULT"
I/PackageManager(  360):   Scheme: "mms"
I/PackageManager(  360): Adding preferred activity ComponentInfo{com.android.mms/com.android.mms.ui.ComposeMessageActivity} for user 0 :
I/PackageManager(  360):   Action: "android.intent.action.SENDTO"
I/PackageManager(  360):   Category: "android.intent.category.DEFAULT"
I/PackageManager(  360):   Scheme: "mmsto"
I/PackageManager(  360): Adding preferred activity ComponentInfo{com.android.mms/com.android.mms.ui.ComposeMessageActivity} for user 0 :
I/PackageManager(  360):   Action: "android.intent.action.SENDTO"
I/PackageManager(  360):   Category: "android.intent.category.DEFAULT"
I/PackageManager(  360):   Scheme: "sms"
I/PackageManager(  360): Adding preferred activity ComponentInfo{com.android.mms/com.android.mms.ui.ComposeMessageActivity} for user 0 :
I/PackageManager(  360):   Action: "android.intent.action.SENDTO"
I/PackageManager(  360):   Category: "android.intent.category.DEFAULT"
I/PackageManager(  360):   Scheme: "smsto"
I/PackageManager(  360): Adding preferred activity ComponentInfo{com.android.mms/com.android.mms.ui.ComposeMessageActivity} for user 0 :
I/PackageManager(  360):   Action: "android.intent.action.SENDTO"
I/PackageManager(  360):   Category: "android.intent.category.DEFAULT"
I/PackageManager(  360):   Scheme: "mms"
I/PackageManager(  360): Adding preferred activity ComponentInfo{com.android.mms/com.android.mms.ui.ComposeMessageActivity} for user 0 :
I/PackageManager(  360):   Action: "android.intent.action.SENDTO"
I/PackageManager(  360): Adding preferred activity ComponentInfo{com.android.mms/com.android.mms.ui.ComposeMessageActivity} for user 0 :
I/PackageManager(  360):   Category: "android.intent.category.DEFAULT"
I/PackageManager(  360):   Scheme: "mmsto"
E/BluetoothAdapter(  602): Bluetooth binder is null
I/ActivityManager(  360): Start proc com.android.printspooler for service com.android.printspooler/.PrintSpoolerService: pid=678 uid=10039 gids={50039}
E/BluetoothAdapter(  602): Bluetooth binder is null
D/CallNotifier(  602): CallNotifier: mSignalInfoToneGenerator created when toneplay
E/BluetoothAdapter(  602): Bluetooth binder is null
D/MobileDataStateTracker(  360): fota: Broadcast received: android.intent.action.ANY_DATA_STATE apnType=fota
D/MobileDataStateTracker(  360): fota: Received state=DISCONNECTED, old=DISCONNECTED, reason=radioTurnedOff
D/MobileDataStateTracker(  360): ia: Broadcast received: android.intent.action.ANY_DATA_STATE apnType=ia
D/MobileDataStateTracker(  360): ia: Received state=DISCONNECTED, old=DISCONNECTED, reason=radioTurnedOff
D/MobileDataStateTracker(  360): supl: Broadcast received: android.intent.action.ANY_DATA_STATE apnType=supl
D/MobileDataStateTracker(  360): supl: Received state=DISCONNECTED, old=DISCONNECTED, reason=radioTurnedOff
D/MobileDataStateTracker(  360): hipri: Broadcast received: android.intent.action.ANY_DATA_STATE apnType=hipri
D/MobileDataStateTracker(  360): hipri: Received state=DISCONNECTED, old=DISCONNECTED, reason=radioTurnedOff
D/MobileDataStateTracker(  360): ims: Broadcast received: android.intent.action.ANY_DATA_STATE apnType=ims
D/MobileDataStateTracker(  360): ims: Received state=DISCONNECTED, old=DISCONNECTED, reason=radioTurnedOff
D/MobileDataStateTracker(  360): default: Broadcast received: android.intent.action.ANY_DATA_STATE apnType=default
D/MobileDataStateTracker(  360): default: Received state=DISCONNECTED, old=DISCONNECTED, reason=radioTurnedOff
D/MobileDataStateTracker(  360): mms: Broadcast received: android.intent.action.ANY_DATA_STATE apnType=mms
D/MobileDataStateTracker(  360): mms: Received state=DISCONNECTED, old=DISCONNECTED, reason=radioTurnedOff
D/MobileDataStateTracker(  360): cbs: Broadcast received: android.intent.action.ANY_DATA_STATE apnType=cbs
D/MobileDataStateTracker(  360): cbs: Received state=DISCONNECTED, old=DISCONNECTED, reason=radioTurnedOff
D/MobileDataStateTracker(  360): fota: Broadcast received: android.intent.action.ANY_DATA_STATE apnType=fota
D/MobileDataStateTracker(  360): fota: Received state=DISCONNECTED, old=DISCONNECTED, reason=radioTurnedOff
D/MobileDataStateTracker(  360): ia: Broadcast received: android.intent.action.ANY_DATA_STATE apnType=ia
D/MobileDataStateTracker(  360): ia: Received state=DISCONNECTED, old=DISCONNECTED, reason=radioTurnedOff
D/MobileDataStateTracker(  360): supl: Broadcast received: android.intent.action.ANY_DATA_STATE apnType=supl
D/MobileDataStateTracker(  360): supl: Received state=DISCONNECTED, old=DISCONNECTED, reason=radioTurnedOff
D/dalvikvm(  588): GC_CONCURRENT freed 430K, 15% free 3018K/3516K, paused 60ms+3ms, total 165ms
D/MobileDataStateTracker(  360): hipri: Broadcast received: android.intent.action.ANY_DATA_STATE apnType=hipri
D/MobileDataStateTracker(  360): hipri: Received state=DISCONNECTED, old=DISCONNECTED, reason=radioTurnedOff
D/MobileDataStateTracker(  360): ims: Broadcast received: android.intent.action.ANY_DATA_STATE apnType=ims
D/MobileDataStateTracker(  360): ims: Received state=DISCONNECTED, old=DISCONNECTED, reason=radioTurnedOff
D/MobileDataStateTracker(  360): default: Broadcast received: android.intent.action.ANY_DATA_STATE apnType=default
D/MobileDataStateTracker(  360): default: Received state=DISCONNECTED, old=DISCONNECTED, reason=radioTurnedOff
D/MobileDataStateTracker(  360): mms: Broadcast received: android.intent.action.ANY_DATA_STATE apnType=mms
D/MobileDataStateTracker(  360): mms: Received state=DISCONNECTED, old=DISCONNECTED, reason=radioTurnedOff
D/MobileDataStateTracker(  360): cbs: Broadcast received: android.intent.action.ANY_DATA_STATE apnType=cbs
D/MobileDataStateTracker(  360): cbs: Received state=DISCONNECTED, old=DISCONNECTED, reason=radioTurnedOff
D/MobileDataStateTracker(  360): fota: Broadcast received: android.intent.action.ANY_DATA_STATE apnType=fota
D/MobileDataStateTracker(  360): fota: Received state=DISCONNECTED, old=DISCONNECTED, reason=dataDetached
D/MobileDataStateTracker(  360): ia: Broadcast received: android.intent.action.ANY_DATA_STATE apnType=ia
D/MobileDataStateTracker(  360): ia: Received state=DISCONNECTED, old=DISCONNECTED, reason=dataDetached
D/MobileDataStateTracker(  360): supl: Broadcast received: android.intent.action.ANY_DATA_STATE apnType=supl
D/MobileDataStateTracker(  360): supl: Received state=DISCONNECTED, old=DISCONNECTED, reason=dataDetached
D/MobileDataStateTracker(  360): hipri: Broadcast received: android.intent.action.ANY_DATA_STATE apnType=hipri
D/MobileDataStateTracker(  360): hipri: Received state=DISCONNECTED, old=DISCONNECTED, reason=dataDetached
D/MobileDataStateTracker(  360): ims: Broadcast received: android.intent.action.ANY_DATA_STATE apnType=ims
D/MobileDataStateTracker(  360): ims: Received state=DISCONNECTED, old=DISCONNECTED, reason=dataDetached
D/MobileDataStateTracker(  360): default: Broadcast received: android.intent.action.ANY_DATA_STATE apnType=default
D/MobileDataStateTracker(  360): default: Received state=DISCONNECTED, old=DISCONNECTED, reason=dataDetached
D/MobileDataStateTracker(  360): mms: Broadcast received: android.intent.action.ANY_DATA_STATE apnType=mms
D/MobileDataStateTracker(  360): mms: Received state=DISCONNECTED, old=DISCONNECTED, reason=dataDetached
D/MobileDataStateTracker(  360): cbs: Broadcast received: android.intent.action.ANY_DATA_STATE apnType=cbs
D/MobileDataStateTracker(  360): cbs: Received state=DISCONNECTED, old=DISCONNECTED, reason=dataDetached
D/MobileDataStateTracker(  360): fota: Broadcast received: android.intent.action.ANY_DATA_STATE apnType=fota
D/MobileDataStateTracker(  360): fota: Received state=DISCONNECTED, old=DISCONNECTED, reason=roamingOff
D/MobileDataStateTracker(  360): ia: Broadcast received: android.intent.action.ANY_DATA_STATE apnType=ia
D/MobileDataStateTracker(  360): ia: Received state=DISCONNECTED, old=DISCONNECTED, reason=roamingOff
D/MobileDataStateTracker(  360): supl: Broadcast received: android.intent.action.ANY_DATA_STATE apnType=supl
D/MobileDataStateTracker(  360): supl: Received state=DISCONNECTED, old=DISCONNECTED, reason=roamingOff
D/MobileDataStateTracker(  360): hipri: Broadcast received: android.intent.action.ANY_DATA_STATE apnType=hipri
D/MobileDataStateTracker(  360): hipri: Received state=DISCONNECTED, old=DISCONNECTED, reason=roamingOff
D/MobileDataStateTracker(  360): ims: Broadcast received: android.intent.action.ANY_DATA_STATE apnType=ims
D/MobileDataStateTracker(  360): ims: Received state=DISCONNECTED, old=DISCONNECTED, reason=roamingOff
D/MobileDataStateTracker(  360): default: Broadcast received: android.intent.action.ANY_DATA_STATE apnType=default
D/MobileDataStateTracker(  360): default: Received state=DISCONNECTED, old=DISCONNECTED, reason=roamingOff
D/MobileDataStateTracker(  360): mms: Broadcast received: android.intent.action.ANY_DATA_STATE apnType=mms
D/MobileDataStateTracker(  360): mms: Received state=DISCONNECTED, old=DISCONNECTED, reason=roamingOff
D/MobileDataStateTracker(  360): cbs: Broadcast received: android.intent.action.ANY_DATA_STATE apnType=cbs
D/dalvikvm(  360): GC_CONCURRENT freed 718K, 60% free 5395K/13256K, paused 40ms+24ms, total 257ms
D/MobileDataStateTracker(  360): cbs: Received state=DISCONNECTED, old=DISCONNECTED, reason=roamingOff
D/MobileDataStateTracker(  360): fota: Broadcast received: android.intent.action.ANY_DATA_STATE apnType=fota
D/MobileDataStateTracker(  360): fota: Received state=DISCONNECTED, old=DISCONNECTED, reason=roamingOff
D/MobileDataStateTracker(  360): ia: Broadcast received: android.intent.action.ANY_DATA_STATE apnType=ia
D/MobileDataStateTracker(  360): ia: Received state=DISCONNECTED, old=DISCONNECTED, reason=roamingOff
D/MobileDataStateTracker(  360): supl: Broadcast received: android.intent.action.ANY_DATA_STATE apnType=supl
D/dalvikvm(  602): GC_CONCURRENT freed 263K, 11% free 3052K/3412K, paused 31ms+2ms, total 69ms
D/MobileDataStateTracker(  360): supl: Received state=DISCONNECTED, old=DISCONNECTED, reason=roamingOff
D/MobileDataStateTracker(  360): hipri: Broadcast received: android.intent.action.ANY_DATA_STATE apnType=hipri
D/TelephonyDebugService(  602): TelephonyDebugService()
D/MobileDataStateTracker(  360): hipri: Received state=DISCONNECTED, old=DISCONNECTED, reason=roamingOff
D/MobileDataStateTracker(  360): ims: Broadcast received: android.intent.action.ANY_DATA_STATE apnType=ims
D/MobileDataStateTracker(  360): ims: Received state=DISCONNECTED, old=DISCONNECTED, reason=roamingOff
D/MobileDataStateTracker(  360): default: Broadcast received: android.intent.action.ANY_DATA_STATE apnType=default
D/MobileDataStateTracker(  360): default: Received state=DISCONNECTED, old=DISCONNECTED, reason=roamingOff
D/MobileDataStateTracker(  360): mms: Broadcast received: android.intent.action.ANY_DATA_STATE apnType=mms
D/MobileDataStateTracker(  360): mms: Received state=DISCONNECTED, old=DISCONNECTED, reason=roamingOff
D/MobileDataStateTracker(  360): cbs: Broadcast received: android.intent.action.ANY_DATA_STATE apnType=cbs
D/MobileDataStateTracker(  360): cbs: Received state=DISCONNECTED, old=DISCONNECTED, reason=roamingOff
D/dalvikvm(  588): GC_CONCURRENT freed 435K, 17% free 2969K/3576K, paused 84ms+2ms, total 121ms
I/ActivityManager(  360): Force stopping com.android.sdksetup appid=10042 user=0: pkg changed
I/ActivityManager(  360): Killing 648:com.android.sdksetup/u0a42 (adj 0): stop com.android.sdksetup
I/ActivityManager(  360):   Force finishing activity ActivityRecord{b3070980 u0 com.android.sdksetup/.DefaultActivity t2}
I/ActivityManager(  360): START u0 {act=android.intent.action.MAIN cat=[android.intent.category.HOME] flg=0x10000000 cmp=com.android.launcher/com.android.launcher2.Launcher} from pid 0
I/PrintSpoolerService(  678): No existing print spooler state.
I/ActivityManager(  360): Start proc com.android.launcher for activity com.android.launcher/com.android.launcher2.Launcher: pid=699 uid=10008 gids={50008}
I/LatinIME:LogUtils(  588): Dictionary info: dictionary = main:en ; version = 42 ; date = 1381226429
W/ProcessCpuTracker(  360): Skipping unknown process pid 648
I/InputReader(  360): Reconfiguring input devices.  changes=0x00000010
D/MccTable(  602): updateMccMncConfiguration: mcc=310, mnc=260
I/LatinIME:LogUtils(  588): Dictionary info: dictionary = main:en ; version = 42 ; date = 1381226429
D/AlarmManagerService(  360): Kernel timezone updated to 240 minutes west of GMT
D/MccTable(  602): timezone set to America/New_York
D/MccTable(  602): getLocaleFromMcc to en_us mcc=310
D/MccTable(  602): getLocaleForLanguageCountry: got match
D/MccTable(  602): getLocaleForLanguageCountry: X locale=en_US
D/MccTable(  602): WIFI_COUNTRY_CODE set to us
I/WifiService(  360): WifiService trying to set country code to us with persist set to true
I/LatinIME:LogUtils(  588): Dictionary info: dictionary = main:en ; version = 42 ; date = 1381226429
I/LatinIME:LogUtils(  588): Dictionary info: dictionary = main:en ; version = 42 ; date = 1381226429
I/LatinIME:LogUtils(  588): Dictionary info: dictionary = main:en ; version = 42 ; date = 1381226429
I/LatinIME:LogUtils(  588): Dictionary info: dictionary = main:en ; version = 42 ; date = 1381226429
I/LatinIME:LogUtils(  588): Dictionary info: dictionary = main:en ; version = 42 ; date = 1381226429
I/LatinIME:LogUtils(  588): Dictionary info: dictionary = main:en ; version = 42 ; date = 1381226429
D/dalvikvm(  360): GC_CONCURRENT freed 483K, 59% free 5500K/13256K, paused 83ms+34ms, total 369ms
I/PackageManager(  360):   Action: "android.intent.action.SENDTO"
I/PackageManager(  360):   Category: "android.intent.category.DEFAULT"
I/PackageManager(  360):   Scheme: "sms"
I/PackageManager(  360): Adding preferred activity ComponentInfo{com.android.mms/com.android.mms.ui.ComposeMessageActivity} for user 0 :
D/dalvikvm(  602): GC_CONCURRENT freed 287K, 11% free 3174K/3560K, paused 2ms+5ms, total 82ms
I/PackageManager(  360):   Action: "android.intent.action.SENDTO"
I/PackageManager(  360):   Category: "android.intent.category.DEFAULT"
I/PackageManager(  360):   Scheme: "smsto"
I/PackageManager(  360): Adding preferred activity ComponentInfo{com.android.mms/com.android.mms.ui.ComposeMessageActivity} for user 0 :
I/PackageManager(  360):   Action: "android.intent.action.SENDTO"
I/PackageManager(  360):   Category: "android.intent.category.DEFAULT"
I/PackageManager(  360):   Scheme: "mms"
