I/ActivityManager(  355): Resuming delayed broadcast
I/ActivityManager(  355): Delay finish: com.android.mms/.transaction.SmsReceiver
D/MmsSmsDatabaseHelper(  595): [MmsSmsDb] tableName: threads hasAutoIncrement: CREATE TABLE threads (_id INTEGER PRIMARY KEY AUTOINCREMENT,date INTEGER DEFAULT 0,message_count INTEGER DEFAULT 0,recipient_ids TEXT,snippet TEXT,snippet_cs INTEGER DEFAULT 0,read INTEGER DEFAULT 1,type INTEGER DEFAULT 0,error INTEGER DEFAULT 0,has_attachment INTEGER DEFAULT 0) result: true
D/MmsSmsDatabaseHelper(  595): [MmsSmsDb] tableName: canonical_addresses hasAutoIncrement: CREATE TABLE canonical_addresses (_id INTEGER PRIMARY KEY AUTOINCREMENT,address TEXT) result: true
D/MmsSmsDatabaseHelper(  595): [MmsSmsDb] tableName: part hasAutoIncrement: CREATE TABLE part (_id INTEGER PRIMARY KEY AUTOINCREMENT,mid INTEGER,seq INTEGER DEFAULT 0,ct TEXT,name TEXT,chset INTEGER,cd TEXT,fn TEXT,cid TEXT,cl TEXT,ctt_s INTEGER,ctt_t TEXT,_data TEXT,text TEXT) result: true
D/MmsSmsDatabaseHelper(  595): [MmsSmsDb] tableName: pdu hasAutoIncrement: CREATE TABLE pdu (_id INTEGER PRIMARY KEY AUTOINCREMENT,thread_id INTEGER,date INTEGER,date_sent INTEGER DEFAULT 0,msg_box INTEGER,read INTEGER DEFAULT 0,m_id TEXT,sub TEXT,sub_cs INTEGER,ct_t TEXT,ct_l TEXT,exp INTEGER,m_cls TEXT,m_type INTEGER,v INTEGER,m_size INTEGER,pri INTEGER,rr INTEGER,rpt_a INTEGER,resp_st INTEGER,st INTEGER,tr_id TEXT,retr_st INTEGER,retr_txt TEXT,retr_txt_cs INTEGER,read_status INTEGER,ct_cls INTEGER,resp_txt TEXT,d_tm INTEGER,d_rpt INTEGER,locked INTEGER DEFAULT 0,seen INTEGER DEFAULT 0,text_only INTEGER DEFAULT 0) result: true
D/MmsSmsDatabaseHelper(  595): [getWritableDatabase] hasAutoIncrementThreads: true hasAutoIncrementAddresses: true hasAutoIncrementPart: true hasAutoIncrementPdu: true
D/Mms:app ( 1077): cancelNotification
I/ActivityManager(  355): Resuming delayed broadcast
D/AlertReceiver( 1003): onReceive: a=android.intent.action.BOOT_COMPLETED Intent { act=android.intent.action.BOOT_COMPLETED flg=0x8000010 cmp=com.android.calendar/.alerts.AlertReceiver (has extras) }
I/ActivityManager(  355): Delay finish: com.android.calendar/.alerts.AlertReceiver
D/AlertUtils( 1003): Flushing old alerts from shared prefs table
D/AlertService( 1003): 0 Action = android.intent.action.BOOT_COMPLETED
D/AlertService( 1003): Scheduling next alarm with AlarmScheduler. sEventReminderReceived: null
D/dalvikvm( 1003): GC_CONCURRENT freed 308K, 12% free 2805K/3184K, paused 13ms+4ms, total 68ms
D/AlarmScheduler( 1003): No events found starting within 1 week.
E/SQLiteLog(  610): (1) no such table: files
E/WVMExtractor(   60): Failed to open libwvm.so
D/dalvikvm(  610): GC_CONCURRENT freed 246K, 10% free 3029K/3340K, paused 4ms+2ms, total 34ms
V/MediaScanner(  610): pruneDeadThumbnailFiles... android.database.sqlite.SQLiteCursor@b2dd91a0
V/MediaScanner(  610): /pruneDeadThumbnailFiles... android.database.sqlite.SQLiteCursor@b2dd91a0
I/ActivityManager(  355): Resuming delayed broadcast
V/AlarmClock( 1022): AlarmInitReceiver android.intent.action.BOOT_COMPLETED
V/AlarmClock( 1022): AlarmInitReceiver - Reset timers and clear stopwatch data
V/AlarmClock( 1022): AlarmInitReceiver - resetting volume button default
D/dalvikvm( 1022): GC_CONCURRENT freed 371K, 14% free 2832K/3276K, paused 5ms+2ms, total 75ms
D/dalvikvm( 1022): WAIT_FOR_CONCURRENT_GC blocked 16ms
I/AlarmClock( 1022): Displaying next alarm time: ''
V/AlarmClock( 1022): AlarmInitReceiver finished
I/ActivityManager(  355): Delay finish: com.android.email/.service.EmailUpgradeBroadcastReceiver
I/ActivityManager(  355): Resuming delayed broadcast
I/ActivityManager(  355): Delay finish: com.android.email/.service.EmailBroadcastReceiver
I/Email   (  891): Onetime initialization: 1
I/Email   (  891): Onetime initialization: 2
I/Email   (  891): Onetime initialization: completed.
E/MetadataRetrieverClient(   60): failed to extract an album art
I/ActivityManager(  355): Delaying start of: ServiceRecord{b32c7280 u0 com.android.exchange/.service.EmailSyncAdapterService}
I/ActivityManager(  355): Resuming delayed broadcast
I/LauncherIconVisibilityManager(  583): Boot has been completed
I/LauncherIconVisibilityManager(  583): Disable activity: ComponentInfo{com.android.inputmethod.latin/com.android.inputmethod.latin.setup.SetupActivity}
I/ActivityManager(  355): Delay finish: com.android.providers.contacts/.PackageIntentReceiver
D/dalvikvm(  355): GC_CONCURRENT freed 648K, 54% free 5804K/12508K, paused 9ms+4ms, total 63ms
D/dalvikvm( 1077): GC_CONCURRENT freed 225K, 10% free 2873K/3168K, paused 18ms+122ms, total 186ms
E/StrictMode( 1077): A resource was acquired at attached stack trace but never released. See java.io.Closeable for information on avoiding resource leaks.
E/StrictMode( 1077): java.lang.Throwable: Explicit termination method 'release' not called
E/StrictMode( 1077): 	at dalvik.system.CloseGuard.open(CloseGuard.java:184)
E/StrictMode( 1077): 	at android.drm.DrmManagerClient.<init>(DrmManagerClient.java:258)
E/StrictMode( 1077): 	at com.google.android.mms.pdu.PduPersister.<init>(PduPersister.java:288)
E/StrictMode( 1077): 	at com.google.android.mms.pdu.PduPersister.getPduPersister(PduPersister.java:296)
E/StrictMode( 1077): 	at com.android.mms.transaction.TransactionService.onNewIntent(TransactionService.java:224)
E/StrictMode( 1077): 	at com.android.mms.transaction.TransactionService$ServiceHandler.handleMessage(TransactionService.java:621)
E/StrictMode( 1077): 	at android.os.Handler.dispatchMessage(Handler.java:102)
E/StrictMode( 1077): 	at android.os.Looper.loop(Looper.java:136)
E/StrictMode( 1077): 	at android.os.HandlerThread.run(HandlerThread.java:61)
I/ActivityManager(  355): Resuming delayed broadcast
E/BluetoothAdapter(  606): Bluetooth binder is null
W/BroadcastQueue(  355): Permission Denial: broadcasting Intent { act=android.appwidget.action.APPWIDGET_UPDATE_OPTIONS flg=0x10 cmp=com.android.settings/.widget.SettingsAppWidgetProvider (has extras) } from android (pid=681, uid=10008) is not exported from uid 1000 due to receiver com.android.settings/.widget.SettingsAppWidgetProvider
I/ActivityManager(  355): Delay finish: com.android.email/.provider.WidgetProvider
I/ActivityManager(  355): Resuming delayed broadcast
I/ActivityManager(  355): Start proc com.svox.pico for broadcast com.svox.pico/.VoiceDataInstallerReceiver: pid=1124 uid=10037 gids={50037, 1028, 1015}
I/ActivityManager(  355): Delay finish: com.android.deskclock/com.android.alarmclock.DigitalAppWidgetProvider
I/ActivityManager(  355): Resuming delayed broadcast
E/BluetoothAdapter(  606): Bluetooth binder is null
D/AlertReceiver( 1003): onReceive: a=android.intent.action.PROVIDER_CHANGED Intent { act=android.intent.action.PROVIDER_CHANGED dat=content://com.android.calendar flg=0x10 cmp=com.android.calendar/.alerts.AlertReceiver }
I/ActivityManager(  355): Delay finish: com.android.calendar/.alerts.AlertReceiver
D/AlertService( 1003): 0 Action = android.intent.action.PROVIDER_CHANGED
I/ActivityManager(  355): START u0 {act=android.intent.action.MAIN cat=[android.intent.category.LAUNCHER] flg=0x10000000 cmp=hottv.box.adultos/org.coolx.crframework.ui.activity.WelcomeActivity} from pid 1146
W/WindowManager(  355): Screenshot failure taking screenshot for (164x295) to layer 21005
I/ActivityManager(  355): Start proc hottv.box.adultos for activity hottv.box.adultos/org.coolx.crframework.ui.activity.WelcomeActivity: pid=1158 uid=10052 gids={50052, 3003, 1028, 1015}
I/ActivityManager(  355): Waited long enough for: ServiceRecord{b33fb598 u0 com.android.calendar/.alerts.InitAlarmsService}
I/InputReader(  355): Reconfiguring input devices.  changes=0x00000010
I/InputReader(  355): Reconfiguring input devices.  changes=0x00000010
I/InputReader(  355): Reconfiguring input devices.  changes=0x00000010
I/PackageManager(  355):   Action: "android.intent.action.SENDTO"
I/PackageManager(  355):   Category: "android.intent.category.DEFAULT"
I/PackageManager(  355):   Scheme: "sms"
I/PackageManager(  355): Adding preferred activity ComponentInfo{com.android.mms/com.android.mms.ui.ComposeMessageActivity} for user 0 :
I/PackageManager(  355):   Action: "android.intent.action.SENDTO"
I/PackageManager(  355):   Category: "android.intent.category.DEFAULT"
I/PackageManager(  355):   Scheme: "smsto"
I/PackageManager(  355): Adding preferred activity ComponentInfo{com.android.mms/com.android.mms.ui.ComposeMessageActivity} for user 0 :
I/GlobalDismissManager( 1003): no sender configured
D/AlertService( 1003): Beginning updateAlertNotification
I/PackageManager(  355):   Action: "android.intent.action.SENDTO"
I/PackageManager(  355):   Category: "android.intent.category.DEFAULT"
I/PackageManager(  355):   Scheme: "mms"
I/PackageManager(  355): Adding preferred activity ComponentInfo{com.android.mms/com.android.mms.ui.ComposeMessageActivity} for user 0 :
I/PackageManager(  355):   Action: "android.intent.action.SENDTO"
I/PackageManager(  355):   Category: "android.intent.category.DEFAULT"
I/PackageManager(  355):   Scheme: "mmsto"
I/PackageManager(  355): Adding preferred activity ComponentInfo{com.android.mms/com.android.mms.ui.ComposeMessageActivity} for user 0 :
D/dalvikvm(  595): GC_CONCURRENT freed 285K, 12% free 3414K/3868K, paused 2ms+4ms, total 56ms
I/PackageManager(  355):   Action: "android.intent.action.SENDTO"
I/PackageManager(  355):   Category: "android.intent.category.DEFAULT"
I/PackageManager(  355):   Scheme: "sms"
I/PackageManager(  355): Adding preferred activity ComponentInfo{com.android.mms/com.android.mms.ui.ComposeMessageActivity} for user 0 :
I/PackageManager(  355): Adding preferred activity ComponentInfo{com.android.mms/com.android.mms.ui.ComposeMessageActivity} for user 0 :
I/PackageManager(  355):   Action: "android.intent.action.SENDTO"
I/PackageManager(  355):   Category: "android.intent.category.DEFAULT"
I/PackageManager(  355):   Scheme: "smsto"
D/dalvikvm(  355): GC_CONCURRENT freed 789K, 54% free 5794K/12508K, paused 76ms+11ms, total 250ms
D/dalvikvm(  355): WAIT_FOR_CONCURRENT_GC blocked 13ms
D/dalvikvm(  355): WAIT_FOR_CONCURRENT_GC blocked 22ms
D/dalvikvm(  355): WAIT_FOR_CONCURRENT_GC blocked 23ms
D/dalvikvm(  355): WAIT_FOR_CONCURRENT_GC blocked 29ms
I/PackageManager(  355):   Action: "android.intent.action.SENDTO"
I/PackageManager(  355):   Category: "android.intent.category.DEFAULT"
I/PackageManager(  355):   Scheme: "mms"
I/PackageManager(  355): Adding preferred activity ComponentInfo{com.android.mms/com.android.mms.ui.ComposeMessageActivity} for user 0 :
I/PackageManager(  355):   Action: "android.intent.action.SENDTO"
I/PackageManager(  355):   Category: "android.intent.category.DEFAULT"
I/PackageManager(  355):   Scheme: "mmsto"
I/PackageManager(  355): Adding preferred activity ComponentInfo{com.android.mms/com.android.mms.ui.ComposeMessageActivity} for user 0 :
I/PackageManager(  355):   Action: "android.intent.action.SENDTO"
I/PackageManager(  355):   Category: "android.intent.category.DEFAULT"
I/PackageManager(  355):   Scheme: "sms"
I/PackageManager(  355): Adding preferred activity ComponentInfo{com.android.mms/com.android.mms.ui.ComposeMessageActivity} for user 0 :
I/PackageManager(  355):   Action: "android.intent.action.SENDTO"
I/PackageManager(  355):   Category: "android.intent.category.DEFAULT"
I/PackageManager(  355):   Scheme: "smsto"
I/PackageManager(  355): Adding preferred activity ComponentInfo{com.android.mms/com.android.mms.ui.ComposeMessageActivity} for user 0 :
D/dalvikvm(  595): GC_CONCURRENT freed 525K, 16% free 3348K/3940K, paused 4ms+11ms, total 46ms
I/PackageManager(  355):   Action: "android.intent.action.SENDTO"
I/PackageManager(  355):   Category: "android.intent.category.DEFAULT"
I/PackageManager(  355):   Scheme: "mms"
I/PackageManager(  355): Adding preferred activity ComponentInfo{com.android.mms/com.android.mms.ui.ComposeMessageActivity} for user 0 :
I/PackageManager(  355):   Action: "android.intent.action.SENDTO"
I/PackageManager(  355):   Category: "android.intent.category.DEFAULT"
I/PackageManager(  355):   Scheme: "mmsto"
I/PackageManager(  355): Adding preferred activity ComponentInfo{com.android.mms/com.android.mms.ui.ComposeMessageActivity} for user 0 :
D/AlertService( 1003): No fired or scheduled alerts
I/PackageManager(  355):   Action: "android.intent.action.SENDTO"
I/PackageManager(  355):   Category: "android.intent.category.DEFAULT"
I/PackageManager(  355):   Scheme: "sms"
I/PackageManager(  355): Adding preferred activity ComponentInfo{com.android.mms/com.android.mms.ui.ComposeMessageActivity} for user 0 :
D/dalvikvm(  355): GC_CONCURRENT freed 777K, 54% free 5791K/12508K, paused 6ms+7ms, total 128ms
D/dalvikvm(  355): WAIT_FOR_CONCURRENT_GC blocked 42ms
I/PackageManager(  355):   Action: "android.intent.action.SENDTO"
I/PackageManager(  355):   Category: "android.intent.category.DEFAULT"
I/PackageManager(  355):   Scheme: "smsto"
I/PackageManager(  355): Adding preferred activity ComponentInfo{com.android.mms/com.android.mms.ui.ComposeMessageActivity} for user 0 :
I/PackageManager(  355):   Action: "android.intent.action.SENDTO"
I/PackageManager(  355):   Category: "android.intent.category.DEFAULT"
I/PackageManager(  355):   Scheme: "mms"
I/PackageManager(  355): Adding preferred activity ComponentInfo{com.android.mms/com.android.mms.ui.ComposeMessageActivity} for user 0 :
I/PackageManager(  355):   Action: "android.intent.action.SENDTO"
I/PackageManager(  355):   Category: "android.intent.category.DEFAULT"
I/PackageManager(  355):   Scheme: "mmsto"
I/PackageManager(  355): Adding preferred activity ComponentInfo{com.android.mms/com.android.mms.ui.ComposeMessageActivity} for user 0 :
D/dalvikvm(  595): GC_CONCURRENT freed 408K, 13% free 3441K/3940K, paused 4ms+17ms, total 48ms
D/dalvikvm(  595): WAIT_FOR_CONCURRENT_GC blocked 3ms
I/PackageManager(  355):   Action: "android.intent.action.SENDTO"
I/PackageManager(  355):   Category: "android.intent.category.DEFAULT"
I/PackageManager(  355):   Scheme: "sms"
I/PackageManager(  355): Adding preferred activity ComponentInfo{com.android.mms/com.android.mms.ui.ComposeMessageActivity} for user 0 :
I/PackageManager(  355):   Action: "android.intent.action.SENDTO"
I/PackageManager(  355):   Category: "android.intent.category.DEFAULT"
I/PackageManager(  355):   Scheme: "smsto"
I/PackageManager(  355): Adding preferred activity ComponentInfo{com.android.mms/com.android.mms.ui.ComposeMessageActivity} for user 0 :
I/PackageManager(  355):   Action: "android.intent.action.SENDTO"
I/PackageManager(  355):   Category: "android.intent.category.DEFAULT"
I/PackageManager(  355):   Scheme: "mms"
I/PackageManager(  355): Adding preferred activity ComponentInfo{com.android.mms/com.android.mms.ui.ComposeMessageActivity} for user 0 :
I/PackageManager(  355):   Action: "android.intent.action.SENDTO"
I/PackageManager(  355):   Category: "android.intent.category.DEFAULT"
I/PackageManager(  355):   Scheme: "mmsto"
I/PackageManager(  355): Adding preferred activity ComponentInfo{com.android.mms/com.android.mms.ui.ComposeMessageActivity} for user 0 :
I/PackageManager(  355):   Action: "android.intent.action.SENDTO"
I/PackageManager(  355):   Category: "android.intent.category.DEFAULT"
I/PackageManager(  355):   Scheme: "sms"
I/PackageManager(  355): Adding preferred activity ComponentInfo{com.android.mms/com.android.mms.ui.ComposeMessageActivity} for user 0 :
D/dalvikvm(  355): GC_CONCURRENT freed 793K, 54% free 5760K/12508K, paused 6ms+6ms, total 116ms
D/dalvikvm(  355): WAIT_FOR_CONCURRENT_GC blocked 27ms
I/PackageManager(  355):   Action: "android.intent.action.SENDTO"
I/PackageManager(  355):   Category: "android.intent.category.DEFAULT"
I/PackageManager(  355):   Scheme: "smsto"
I/PackageManager(  355): Adding preferred activity ComponentInfo{com.android.mms/com.android.mms.ui.ComposeMessageActivity} for user 0 :
D/dalvikvm(  595): GC_CONCURRENT freed 476K, 15% free 3377K/3948K, paused 12ms+2ms, total 43ms
I/PackageManager(  355):   Action: "android.intent.action.SENDTO"
I/PackageManager(  355):   Category: "android.intent.category.DEFAULT"
I/PackageManager(  355):   Scheme: "mms"
I/PackageManager(  355): Adding preferred activity ComponentInfo{com.android.mms/com.android.mms.ui.ComposeMessageActivity} for user 0 :
I/PackageManager(  355):   Action: "android.intent.action.SENDTO"
I/PackageManager(  355):   Category: "android.intent.category.DEFAULT"
I/PackageManager(  355):   Scheme: "mmsto"
I/PackageManager(  355): Adding preferred activity ComponentInfo{com.android.mms/com.android.mms.ui.ComposeMessageActivity} for user 0 :
D/AlertService( 1003): Scheduling next alarm with AlarmScheduler. sEventReminderReceived: null
D/AlarmScheduler( 1003): No events found starting within 1 week.
I/ActivityManager(  355): Resuming delayed broadcast
I/ActivityManager(  355): Delay finish: com.android.mms/.transaction.SmsReceiver
I/Choreographer(  681): Skipped 32 frames!  The application may be doing too much work on its main thread.
V/SmsReceiverService( 1077): onStart: #1 mResultCode: -1 = Activity.RESULT_OK
I/ActivityManager(  355): Resuming delayed broadcast
D/ConnectivityService(  355): Sampling interval elapsed, updating statistics ..
D/ConnectivityService(  355): Done.
D/ConnectivityService(  355): Setting timer for 720seconds
D/MobileDataStateTracker(  355): default: setPolicyDataEnable(enabled=true)
I/ActivityManager(  355): Delay finish: com.android.providers.calendar/.CalendarProviderBroadcastReceiver
D/dalvikvm( 1032): GC_CONCURRENT freed 217K, 9% free 2911K/3176K, paused 4ms+5ms, total 466ms
I/ActivityManager(  355): Resuming delayed broadcast
I/ActivityManager(  355): Waited long enough for: ServiceRecord{b36978a0 u0 com.android.music/.MediaPlaybackService}
D/AndroidRuntime( 1146): 
D/AndroidRuntime( 1146): >>>>>> AndroidRuntime START com.android.internal.os.RuntimeInit <<<<<<
D/AndroidRuntime( 1146): CheckJNI is ON
D/dalvikvm( 1146): Trying to load lib libjavacore.so 0x0
D/dalvikvm( 1146): Added shared lib libjavacore.so 0x0
D/dalvikvm( 1146): Trying to load lib libnativehelper.so 0x0
D/dalvikvm( 1146): Added shared lib libnativehelper.so 0x0
D/dalvikvm( 1146): No JNI_OnLoad found in libnativehelper.so 0x0, skipping init
D/dalvikvm( 1146): Note: class Landroid/app/ActivityManagerNative; has 179 unimplemented (abstract) methods
E/memtrack( 1146): Couldn't load memtrack module (No such file or directory)
E/android.os.Debug( 1146): failed to load memtrack module: -2
D/dalvikvm(  355): GC_CONCURRENT freed 674K, 55% free 5731K/12508K, paused 19ms+6ms, total 551ms
V/AlarmClock( 1022): AlarmInitReceiver android.intent.action.TIME_SET
D/AndroidRuntime( 1146): Calling main entry com.android.commands.am.Am
I/AlarmClock( 1022): Displaying next alarm time: ''
D/gralloc (   57): Registering a buffer in the process that created it. This may cause memory ordering problems.
E/libEGL  (   57): called unimplemented OpenGL ES API
E/libEGL  (   57): called unimplemented OpenGL ES API
E/libEGL  (   57): called unimplemented OpenGL ES API
E/libEGL  (   57): called unimplemented OpenGL ES API
E/SurfaceFlinger(   57): glCheckFramebufferStatusOES error -1560038592
E/SurfaceFlinger(   57): got GL_FRAMEBUFFER_COMPLETE_OES error while taking screenshot
E/libEGL  (   57): called unimplemented OpenGL ES API
E/libEGL  (   57): called unimplemented OpenGL ES API
D/dalvikvm( 1158): Not late-enabling CheckJNI (already on)
D/dalvikvm(  355): GC_FOR_ALLOC freed 64K, 55% free 5719K/12508K, paused 73ms, total 74ms
I/dalvikvm-heap(  355): Grow heap (frag case) to 7.216MB for 1637776-byte allocation
D/dalvikvm(  355): GC_FOR_ALLOC freed <1K, 49% free 7319K/14108K, paused 76ms, total 76ms
D/dalvikvm(  355): GC_CONCURRENT freed 10K, 49% free 7335K/14108K, paused 6ms+47ms, total 378ms
V/AlarmClock( 1022): AlarmInitReceiver finished
I/Choreographer(  355): Skipped 52 frames!  The application may be doing too much work on its main thread.
W/System.err( 1158): java.lang.NullPointerException
W/System.err( 1158): 	at swl.lib.common.SwlDeviceInfo.getStbSn(SwlDeviceInfo.java:29)
W/System.err( 1158): 	at com.swl.lib.commonbaseclasses.app.BaseApp.getSn(BaseApp.java:96)
W/System.err( 1158): 	at com.swl.lib.commonbaseclasses.task.Epg4bRequestTask.request(Epg4bRequestTask.java:32)
W/System.err( 1158): 	at com.swl.lib.commonbaseclasses.app.BaseApp.requestEpg4b(BaseApp.java:87)
W/System.err( 1158): 	at org.coolx.crframework.app.App.onCreate(App.java:31)
W/System.err( 1158): 	at android.app.Instrumentation.callApplicationOnCreate(Instrumentation.java:1007)
W/System.err( 1158): 	at android.app.ActivityThread.handleBindApplication(ActivityThread.java:4328)
W/System.err( 1158): 	at android.app.ActivityThread.access$1500(ActivityThread.java:135)
W/System.err( 1158): 	at android.app.ActivityThread$H.handleMessage(ActivityThread.java:1256)
W/System.err( 1158): 	at android.os.Handler.dispatchMessage(Handler.java:102)
W/System.err( 1158): 	at android.os.Looper.loop(Looper.java:136)
W/System.err( 1158): 	at android.app.ActivityThread.main(ActivityThread.java:5001)
W/System.err( 1158): 	at java.lang.reflect.Method.invokeNative(Native Method)
W/System.err( 1158): 	at java.lang.reflect.Method.invoke(Method.java:515)
W/System.err( 1158): 	at com.android.internal.os.ZygoteInit$MethodAndArgsCaller.run(ZygoteInit.java:785)
W/System.err( 1158): 	at com.android.internal.os.ZygoteInit.main(ZygoteInit.java:601)
W/System.err( 1158): 	at dalvik.system.NativeStart.main(Native Method)
W/System.err( 1158): android.content.pm.PackageManager$NameNotFoundException: org.coolx.sexytribe
W/System.err( 1158): 	at android.app.ApplicationPackageManager.getApplicationInfo(ApplicationPackageManager.java:227)
W/System.err( 1158): 	at com.swl.lib.commonbaseclasses.task.Epg4bRequestTask.request(Epg4bRequestTask.java:39)
W/System.err( 1158): 	at com.swl.lib.commonbaseclasses.app.BaseApp.requestEpg4b(BaseApp.java:87)
W/System.err( 1158): 	at org.coolx.crframework.app.App.onCreate(App.java:31)
W/System.err( 1158): 	at android.app.Instrumentation.callApplicationOnCreate(Instrumentation.java:1007)
W/System.err( 1158): 	at android.app.ActivityThread.handleBindApplication(ActivityThread.java:4328)
W/System.err( 1158): 	at android.app.ActivityThread.access$1500(ActivityThread.java:135)
W/System.err( 1158): 	at android.app.ActivityThread$H.handleMessage(ActivityThread.java:1256)
W/System.err( 1158): 	at android.os.Handler.dispatchMessage(Handler.java:102)
W/System.err( 1158): 	at android.os.Looper.loop(Looper.java:136)
W/System.err( 1158): 	at android.app.ActivityThread.main(ActivityThread.java:5001)
W/System.err( 1158): 	at java.lang.reflect.Method.invokeNative(Native Method)
W/System.err( 1158): 	at java.lang.reflect.Method.invoke(Method.java:515)
W/System.err( 1158): 	at com.android.internal.os.ZygoteInit$MethodAndArgsCaller.run(ZygoteInit.java:785)
W/System.err( 1158): 	at com.android.internal.os.ZygoteInit.main(ZygoteInit.java:601)
W/System.err( 1158): 	at dalvik.system.NativeStart.main(Native Method)
W/ImageLoader( 1158): diskCache(), diskCacheSize() and diskCacheFileCount calls overlap each other
W/ImageLoader( 1158): diskCache() and diskCacheFileNameGenerator() calls overlap each other
D/dalvikvm( 1158): GC_CONCURRENT freed 349K, 13% free 2868K/3284K, paused 5ms+4ms, total 106ms
D/dalvikvm( 1158): WAIT_FOR_CONCURRENT_GC blocked 17ms
W/System.err( 1158): java.net.UnknownHostException: Unable to resolve host "y2y.dlx4c.com": No address associated with hostname
W/System.err( 1158): 	at java.net.InetAddress.lookupHostByName(InetAddress.java:424)
W/System.err( 1158): 	at java.net.InetAddress.getAllByNameImpl(InetAddress.java:236)
W/System.err( 1158): 	at java.net.InetAddress.getAllByName(InetAddress.java:214)
W/System.err( 1158): 	at com.android.okhttp.internal.Dns$1.getAllByName(Dns.java:28)
W/System.err( 1158): 	at com.android.okhttp.internal.http.RouteSelector.resetNextInetSocketAddress(RouteSelector.java:216)
W/System.err( 1158): 	at com.android.okhttp.internal.http.RouteSelector.next(RouteSelector.java:122)
W/System.err( 1158): 	at com.android.okhttp.internal.http.HttpEngine.connect(HttpEngine.java:292)
W/System.err( 1158): 	at com.android.okhttp.internal.http.HttpEngine.sendSocketRequest(HttpEngine.java:255)
W/System.err( 1158): 	at com.android.okhttp.internal.http.HttpEngine.sendRequest(HttpEngine.java:206)
W/System.err( 1158): 	at com.android.okhttp.internal.http.HttpURLConnectionImpl.execute(HttpURLConnectionImpl.java:345)
W/System.err( 1158): 	at com.android.okhttp.internal.http.HttpURLConnectionImpl.connect(HttpURLConnectionImpl.java:89)
W/System.err( 1158): 	at com.android.okhttp.internal.http.HttpURLConnectionImpl.getOutputStream(HttpURLConnectionImpl.java:197)
W/System.err( 1158): 	at org.coolx.utils.HttpUtils.doPost(HttpUtils.java:226)
W/System.err( 1158): 	at org.coox.advertisement.Advertisement.getAdvertConfgInfo(Advertisement.java:143)
W/System.err( 1158): 	at org.coox.advertisement.Advertisement.access$200(Advertisement.java:34)
W/System.err( 1158): 	at org.coox.advertisement.Advertisement$1.run(Advertisement.java:108)
W/System.err( 1158): 	at java.util.Timer$TimerImpl.run(Timer.java:284)
W/System.err( 1158): Caused by: libcore.io.GaiException: getaddrinfo failed: EAI_NODATA (No address associated with hostname)
W/System.err( 1158): 	at libcore.io.Posix.getaddrinfo(Native Method)
W/System.err( 1158): 	at libcore.io.ForwardingOs.getaddrinfo(ForwardingOs.java:61)
W/System.err( 1158): 	at java.net.InetAddress.lookupHostByName(InetAddress.java:405)
W/System.err( 1158): 	... 16 more
D/dalvikvm( 1158): GC_FOR_ALLOC freed 265K, 11% free 2983K/3316K, paused 56ms, total 57ms
I/dalvikvm-heap( 1158): Grow heap (frag case) to 4.539MB for 1637776-byte allocation
D/dalvikvm( 1158): GC_FOR_ALLOC freed <1K, 7% free 4582K/4916K, paused 20ms, total 21ms
W/System.err( 1158): java.lang.NullPointerException
W/System.err( 1158): 	at swl.lib.common.SwlDeviceInfo.getStbSn(SwlDeviceInfo.java:29)
W/System.err( 1158): 	at org.coolx.infocollector.InfoCollector.buildDeviceInfo(InfoCollector.java:257)
W/System.err( 1158): 	at org.coolx.infocollector.InfoCollector.packageData(InfoCollector.java:196)
W/System.err( 1158): 	at org.coolx.infocollector.InfoCollector.sendToServer(InfoCollector.java:145)
W/System.err( 1158): 	at org.coolx.infocollector.InfoCollector$1.run(InfoCollector.java:125)
W/System.err( 1158): 	at java.lang.Thread.run(Thread.java:841)
D/dalvikvm( 1158): GC_CONCURRENT freed 11K, 7% free 4584K/4916K, paused 4ms+9ms, total 45ms
D/dalvikvm( 1158): GC_FOR_ALLOC freed 47K, 6% free 4918K/5220K, paused 19ms, total 21ms
D/dalvikvm( 1158): GC_FOR_ALLOC freed 193K, 5% free 5200K/5460K, paused 21ms, total 22ms
I/Choreographer( 1158): Skipped 65 frames!  The application may be doing too much work on its main thread.
D/dalvikvm( 1158): GC_CONCURRENT freed 234K, 6% free 5692K/5996K, paused 4ms+13ms, total 54ms
D/dalvikvm( 1158): Trying to load lib /data/app-lib/hottv.box.adultos-1/libkbmodulejni.so 0xb2d5edb8
W/linker  ( 1158): libkbmodulejni.so has text relocations. This is wasting memory and is a security risk. Please fix.
D/dalvikvm( 1158): Added shared lib /data/app-lib/hottv.box.adultos-1/libkbmodulejni.so 0xb2d5edb8
I/KbServer( 1158): [1539014418:563338 JNI_OnLoad::1314]v1.4.0-H
I/Choreographer( 1158): Skipped 168 frames!  The application may be doing too much work on its main thread.
D/gralloc_goldfish( 1158): Emulator without GPU emulation detected.
I/ActivityManager(  355): Displayed hottv.box.adultos/org.coolx.crframework.ui.activity.WelcomeActivity: +4s275ms
D/AndroidRuntime( 1146): Shutting down VM
D/dalvikvm( 1146): GC_CONCURRENT freed 98K, 15% free 589K/692K, paused 2ms+2ms, total 18ms
D/        (  355): Setting time of day to sec=1539014413
D/InitAlarmsService( 1003): Clearing and rescheduling alarms.
D/AndroidRuntime( 1193): 
D/AndroidRuntime( 1193): >>>>>> AndroidRuntime START com.android.internal.os.RuntimeInit <<<<<<
D/AndroidRuntime( 1193): CheckJNI is ON
D/dalvikvm( 1193): Trying to load lib libjavacore.so 0x0
D/dalvikvm( 1193): Added shared lib libjavacore.so 0x0
D/dalvikvm( 1193): Trying to load lib libnativehelper.so 0x0
D/dalvikvm( 1193): Added shared lib libnativehelper.so 0x0
D/dalvikvm( 1193): No JNI_OnLoad found in libnativehelper.so 0x0, skipping init
D/dalvikvm( 1193): Note: class Landroid/app/ActivityManagerNative; has 179 unimplemented (abstract) methods
E/memtrack( 1193): Couldn't load memtrack module (No such file or directory)
E/android.os.Debug( 1193): failed to load memtrack module: -2
D/AndroidRuntime( 1193): Calling main entry com.android.commands.am.Am
D/AndroidRuntime( 1193): Shutting down VM
D/dalvikvm( 1193): GC_CONCURRENT freed 97K, 15% free 587K/688K, paused 1ms+2ms, total 7ms
W/System.err( 1158): java.net.SocketTimeoutException: failed to connect to fka.g3ert.com/104.250.140.74 (port 8095) after 30000ms
W/System.err( 1158): 	at libcore.io.IoBridge.connectErrno(IoBridge.java:159)
W/System.err( 1158): 	at libcore.io.IoBridge.connect(IoBridge.java:112)
W/System.err( 1158): 	at java.net.PlainSocketImpl.connect(PlainSocketImpl.java:192)
W/System.err( 1158): 	at java.net.PlainSocketImpl.connect(PlainSocketImpl.java:459)
W/System.err( 1158): 	at java.net.Socket.connect(Socket.java:843)
W/System.err( 1158): 	at com.android.okhttp.internal.Platform.connectSocket(Platform.java:152)
W/System.err( 1158): 	at com.android.okhttp.Connection.connect(Connection.java:101)
W/System.err( 1158): 	at com.android.okhttp.internal.http.HttpEngine.connect(HttpEngine.java:294)
W/System.err( 1158): 	at com.android.okhttp.internal.http.HttpEngine.sendSocketRequest(HttpEngine.java:255)
W/System.err( 1158): 	at com.android.okhttp.internal.http.HttpEngine.sendRequest(HttpEngine.java:206)
W/System.err( 1158): 	at com.android.okhttp.internal.http.HttpURLConnectionImpl.execute(HttpURLConnectionImpl.java:345)
W/System.err( 1158): 	at com.android.okhttp.internal.http.HttpURLConnectionImpl.getResponse(HttpURLConnectionImpl.java:296)
W/System.err( 1158): 	at com.android.okhttp.internal.http.HttpURLConnectionImpl.getInputStream(HttpURLConnectionImpl.java:179)
W/System.err( 1158): 	at com.kb.util.Utils.getFromNet(Utils.java:95)
W/System.err( 1158): 	at com.kb.util.Utils.getGrouping3AaddressFromNet(Utils.java:75)
W/System.err( 1158): 	at com.kb.helper.KBPortalProxy.isGet3ARegisterAddress(KBPortalProxy.java:203)
W/System.err( 1158): 	at com.kb.helper.KBPortalProxy.registerUser(KBPortalProxy.java:88)
W/System.err( 1158): 	at com.kb.helper.KBPortalProxy.registerUser(KBPortalProxy.java:65)
W/System.err( 1158): 	at com.swl.lib.commonbaseclasses.task.AAARegisterTask.doInBackground(AAARegisterTask.java:27)
W/System.err( 1158): 	at com.swl.lib.commonbaseclasses.task.AAARegisterTask.doInBackground(AAARegisterTask.java:18)
W/System.err( 1158): 	at android.os.AsyncTask$2.call(AsyncTask.java:288)
W/System.err( 1158): 	at java.util.concurrent.FutureTask.run(FutureTask.java:237)
W/System.err( 1158): 	at android.os.AsyncTask$SerialExecutor$1.run(AsyncTask.java:231)
W/System.err( 1158): 	at java.util.concurrent.ThreadPoolExecutor.runWorker(ThreadPoolExecutor.java:1112)
W/System.err( 1158): 	at java.util.concurrent.ThreadPoolExecutor$Worker.run(ThreadPoolExecutor.java:587)
W/System.err( 1158): 	at java.lang.Thread.run(Thread.java:841)
D/AndroidRuntime( 1204): 
D/AndroidRuntime( 1204): >>>>>> AndroidRuntime START com.android.internal.os.RuntimeInit <<<<<<
D/AndroidRuntime( 1204): CheckJNI is ON
D/dalvikvm( 1204): Trying to load lib libjavacore.so 0x0
D/dalvikvm( 1204): Added shared lib libjavacore.so 0x0
D/dalvikvm( 1204): Trying to load lib libnativehelper.so 0x0
D/dalvikvm( 1204): Added shared lib libnativehelper.so 0x0
D/dalvikvm( 1204): No JNI_OnLoad found in libnativehelper.so 0x0, skipping init
D/dalvikvm( 1204): Note: class Landroid/app/ActivityManagerNative; has 179 unimplemented (abstract) methods
E/memtrack( 1204): Couldn't load memtrack module (No such file or directory)
E/android.os.Debug( 1204): failed to load memtrack module: -2
D/AndroidRuntime( 1204): Calling main entry com.android.commands.am.Am
I/ActivityManager(  355): START u0 {act=android.intent.action.MAIN cat=[android.intent.category.LAUNCHER] flg=0x10000000 cmp=hottv.box.adultos/org.coolx.crframework.ui.activity.HomeActivity} from pid 1204
D/dalvikvm( 1158): GC_FOR_ALLOC freed 475K, 9% free 5910K/6456K, paused 119ms, total 120ms
I/dalvikvm-heap( 1158): Grow heap (frag case) to 9.350MB for 3686416-byte allocation
D/dalvikvm( 1158): GC_FOR_ALLOC freed <1K, 6% free 9510K/10060K, paused 81ms, total 81ms
D/dalvikvm( 1158): GC_CONCURRENT freed 419K, 10% free 9090K/10060K, paused 6ms+45ms, total 124ms
I/Choreographer( 1158): Skipped 113 frames!  The application may be doing too much work on its main thread.
I/Choreographer( 1158): Skipped 50 frames!  The application may be doing too much work on its main thread.
I/Choreographer( 1158): Skipped 47 frames!  The application may be doing too much work on its main thread.
I/ActivityManager(  355): Displayed hottv.box.adultos/org.coolx.crframework.ui.activity.HomeActivity: +4s132ms
D/AndroidRuntime( 1204): Shutting down VM
D/dalvikvm( 1204): GC_CONCURRENT freed 98K, 15% free 589K/692K, paused 1ms+3ms, total 23ms
I/MediaFocusControl(  355):  AudioFocus  abandonAudioFocus() from android.media.AudioManager@b2d67560com.android.music.MediaPlaybackService$3@b2d663e0
W/System.err( 1158): java.net.SocketTimeoutException: failed to connect to yt52.a3ggk.com/199.189.87.86 (port 8000) after 5000ms
W/System.err( 1158): 	at libcore.io.IoBridge.connectErrno(IoBridge.java:159)
W/System.err( 1158): 	at libcore.io.IoBridge.connect(IoBridge.java:112)
W/System.err( 1158): 	at java.net.PlainSocketImpl.connect(PlainSocketImpl.java:192)
W/System.err( 1158): 	at java.net.PlainSocketImpl.connect(PlainSocketImpl.java:459)
W/System.err( 1158): 	at java.net.Socket.connect(Socket.java:843)
W/System.err( 1158): 	at com.android.okhttp.internal.Platform.connectSocket(Platform.java:152)
W/System.err( 1158): 	at com.android.okhttp.Connection.connect(Connection.java:101)
W/System.err( 1158): 	at com.android.okhttp.internal.http.HttpEngine.connect(HttpEngine.java:294)
W/System.err( 1158): 	at com.android.okhttp.internal.http.HttpEngine.sendSocketRequest(HttpEngine.java:255)
W/System.err( 1158): 	at com.android.okhttp.internal.http.HttpEngine.sendRequest(HttpEngine.java:206)
W/System.err( 1158): 	at com.android.okhttp.internal.http.HttpURLConnectionImpl.execute(HttpURLConnectionImpl.java:345)
W/System.err( 1158): 	at com.android.okhttp.internal.http.HttpURLConnectionImpl.getResponse(HttpURLConnectionImpl.java:296)
W/System.err( 1158): 	at com.android.okhttp.internal.http.HttpURLConnectionImpl.getResponseCode(HttpURLConnectionImpl.java:503)
W/System.err( 1158): 	at org.model.utils.HttpUtils.doGet(HttpUtils.java:136)
W/System.err( 1158): 	at org.model.notice.NoteService.downloadNoteInfo(NoteService.java:72)
W/System.err( 1158): 	at org.model.notice.NoteService.access$000(NoteService.java:21)
W/System.err( 1158): 	at org.model.notice.NoteService$1.run(NoteService.java:65)
W/System.err( 1158): 	at java.util.Timer$TimerImpl.run(Timer.java:284)
I/Choreographer(  681): Skipped 30 frames!  The application may be doing too much work on its main thread.
D/AndroidRuntime( 1220): 
D/AndroidRuntime( 1220): >>>>>> AndroidRuntime START com.android.internal.os.RuntimeInit <<<<<<
D/AndroidRuntime( 1220): CheckJNI is ON
D/dalvikvm( 1220): Trying to load lib libjavacore.so 0x0
D/dalvikvm( 1220): Added shared lib libjavacore.so 0x0
D/dalvikvm( 1220): Trying to load lib libnativehelper.so 0x0
D/dalvikvm( 1220): Added shared lib libnativehelper.so 0x0
D/dalvikvm( 1220): No JNI_OnLoad found in libnativehelper.so 0x0, skipping init
D/dalvikvm( 1220): Note: class Landroid/app/ActivityManagerNative; has 179 unimplemented (abstract) methods
E/memtrack( 1220): Couldn't load memtrack module (No such file or directory)
E/android.os.Debug( 1220): failed to load memtrack module: -2
D/AndroidRuntime( 1220): Calling main entry com.android.commands.am.Am
I/ActivityManager(  355): START u0 {act=android.intent.action.MAIN cat=[android.intent.category.LAUNCHER] flg=0x10000000 cmp=hottv.box.adultos/org.coolx.crframework.ui.activity.LivePlayActivity} from pid 1220
I/Choreographer( 1158): Skipped 34 frames!  The application may be doing too much work on its main thread.
D/AndroidRuntime( 1158): Shutting down VM
W/dalvikvm( 1158): threadid=1: thread exiting with uncaught exception (group=0xb2aadba8)
E/AndroidRuntime( 1158): FATAL EXCEPTION: main
E/AndroidRuntime( 1158): Process: hottv.box.adultos, PID: 1158
E/AndroidRuntime( 1158): java.lang.RuntimeException: Unable to start activity ComponentInfo{hottv.box.adultos/org.coolx.crframework.ui.activity.LivePlayActivity}: java.lang.NullPointerException
E/AndroidRuntime( 1158): 	at android.app.ActivityThread.performLaunchActivity(ActivityThread.java:2184)
E/AndroidRuntime( 1158): 	at android.app.ActivityThread.handleLaunchActivity(ActivityThread.java:2233)
E/AndroidRuntime( 1158): 	at android.app.ActivityThread.access$800(ActivityThread.java:135)
E/AndroidRuntime( 1158): 	at android.app.ActivityThread$H.handleMessage(ActivityThread.java:1196)
E/AndroidRuntime( 1158): 	at android.os.Handler.dispatchMessage(Handler.java:102)
E/AndroidRuntime( 1158): 	at android.os.Looper.loop(Looper.java:136)
E/AndroidRuntime( 1158): 	at android.app.ActivityThread.main(ActivityThread.java:5001)
E/AndroidRuntime( 1158): 	at java.lang.reflect.Method.invokeNative(Native Method)
E/AndroidRuntime( 1158): 	at java.lang.reflect.Method.invoke(Method.java:515)
E/AndroidRuntime( 1158): 	at com.android.internal.os.ZygoteInit$MethodAndArgsCaller.run(ZygoteInit.java:785)
E/AndroidRuntime( 1158): 	at com.android.internal.os.ZygoteInit.main(ZygoteInit.java:601)
E/AndroidRuntime( 1158): 	at dalvik.system.NativeStart.main(Native Method)
E/AndroidRuntime( 1158): Caused by: java.lang.NullPointerException
E/AndroidRuntime( 1158): 	at org.coolx.crframework.ui.activity.LivePlayActivity.requestData(LivePlayActivity.java:149)
E/AndroidRuntime( 1158): 	at org.coolx.crframework.ui.activity.LivePlayActivity.processLogic(LivePlayActivity.java:71)
E/AndroidRuntime( 1158): 	at com.swl.lib.commonbaseclasses.ui.activity.BaseActivity.onCreate(BaseActivity.java:55)
E/AndroidRuntime( 1158): 	at android.app.Activity.performCreate(Activity.java:5231)
E/AndroidRuntime( 1158): 	at android.app.Instrumentation.callActivityOnCreate(Instrumentation.java:1087)
E/AndroidRuntime( 1158): 	at android.app.ActivityThread.performLaunchActivity(ActivityThread.java:2148)
E/AndroidRuntime( 1158): 	... 11 more
W/ActivityManager(  355):   Force finishing activity hottv.box.adultos/org.coolx.crframework.ui.activity.LivePlayActivity
W/ActivityManager(  355):   Force finishing activity hottv.box.adultos/org.coolx.crframework.ui.activity.HomeActivity
I/Choreographer(  355): Skipped 35 frames!  The application may be doing too much work on its main thread.
W/ActivityManager(  355): Activity pause timeout for ActivityRecord{b3673600 u0 hottv.box.adultos/org.coolx.crframework.ui.activity.LivePlayActivity t4 f}
W/ActivityManager(  355): Launch timeout has expired, giving up wake lock!
D/AndroidRuntime( 1220): Shutting down VM
D/dalvikvm( 1220): GC_CONCURRENT freed 98K, 15% free 589K/692K, paused 2ms+1ms, total 20ms
D/AndroidRuntime( 1231): 
D/AndroidRuntime( 1231): >>>>>> AndroidRuntime START com.android.internal.os.RuntimeInit <<<<<<
D/AndroidRuntime( 1231): CheckJNI is ON
W/System.err( 1158): java.net.SocketTimeoutException: failed to connect to a3c.jesp8.com/104.250.140.74 (port 8095) after 30000ms
W/System.err( 1158): 	at libcore.io.IoBridge.connectErrno(IoBridge.java:159)
W/System.err( 1158): 	at libcore.io.IoBridge.connect(IoBridge.java:112)
W/System.err( 1158): 	at java.net.PlainSocketImpl.connect(PlainSocketImpl.java:192)
W/System.err( 1158): 	at java.net.PlainSocketImpl.connect(PlainSocketImpl.java:459)
W/System.err( 1158): 	at java.net.Socket.connect(Socket.java:843)
W/System.err( 1158): 	at com.android.okhttp.internal.Platform.connectSocket(Platform.java:152)
W/System.err( 1158): 	at com.android.okhttp.Connection.connect(Connection.java:101)
W/System.err( 1158): 	at com.android.okhttp.internal.http.HttpEngine.connect(HttpEngine.java:294)
W/System.err( 1158): 	at com.android.okhttp.internal.http.HttpEngine.sendSocketRequest(HttpEngine.java:255)
W/System.err( 1158): 	at com.android.okhttp.internal.http.HttpEngine.sendRequest(HttpEngine.java:206)
W/System.err( 1158): 	at com.android.okhttp.internal.http.HttpURLConnectionImpl.execute(HttpURLConnectionImpl.java:345)
W/System.err( 1158): 	at com.android.okhttp.internal.http.HttpURLConnectionImpl.getResponse(HttpURLConnectionImpl.java:296)
W/System.err( 1158): 	at com.android.okhttp.internal.http.HttpURLConnectionImpl.getInputStream(HttpURLConnectionImpl.java:179)
W/System.err( 1158): 	at com.kb.util.Utils.getFromNet(Utils.java:95)
W/System.err( 1158): 	at com.kb.util.Utils.getGrouping3AaddressFromNet(Utils.java:75)
W/System.err( 1158): 	at com.kb.helper.KBPortalProxy.isGet3ARegisterAddress(KBPortalProxy.java:210)
W/System.err( 1158): 	at com.kb.helper.KBPortalProxy.registerUser(KBPortalProxy.java:88)
W/System.err( 1158): 	at com.kb.helper.KBPortalProxy.registerUser(KBPortalProxy.java:65)
W/System.err( 1158): 	at com.swl.lib.commonbaseclasses.task.AAARegisterTask.doInBackground(AAARegisterTask.java:27)
W/System.err( 1158): 	at com.swl.lib.commonbaseclasses.task.AAARegisterTask.doInBackground(AAARegisterTask.java:18)
W/System.err( 1158): 	at android.os.AsyncTask$2.call(AsyncTask.java:288)
W/System.err( 1158): 	at java.util.concurrent.FutureTask.run(FutureTask.java:237)
W/System.err( 1158): 	at android.os.AsyncTask$SerialExecutor$1.run(AsyncTask.java:231)
W/System.err( 1158): 	at java.util.concurrent.ThreadPoolExecutor.runWorker(ThreadPoolExecutor.java:1112)
W/System.err( 1158): 	at java.util.concurrent.ThreadPoolExecutor$Worker.run(ThreadPoolExecutor.java:587)
W/System.err( 1158): 	at java.lang.Thread.run(Thread.java:841)
D/dalvikvm( 1231): Trying to load lib libjavacore.so 0x0
D/dalvikvm( 1231): Added shared lib libjavacore.so 0x0
D/dalvikvm( 1231): Trying to load lib libnativehelper.so 0x0
D/dalvikvm( 1231): Added shared lib libnativehelper.so 0x0
D/dalvikvm( 1231): No JNI_OnLoad found in libnativehelper.so 0x0, skipping init
D/dalvikvm( 1231): Note: class Landroid/app/ActivityManagerNative; has 179 unimplemented (abstract) methods
E/memtrack( 1231): Couldn't load memtrack module (No such file or directory)
E/android.os.Debug( 1231): failed to load memtrack module: -2
D/AndroidRuntime( 1231): Calling main entry com.android.commands.am.Am
I/ActivityManager(  355): START u0 {act=android.intent.action.MAIN cat=[android.intent.category.LAUNCHER] flg=0x10000000 cmp=hottv.box.adultos/org.coolx.crframework.ui.activity.CategoryVodActivity} from pid 1231
W/ActivityManager(  355): Activity pause timeout for ActivityRecord{b3275c88 u0 hottv.box.adultos/org.coolx.crframework.ui.activity.WelcomeActivity t4}
W/System.err( 1158): java.net.SocketTimeoutException: failed to connect to /192.168.1.3 (port 8080) after 3000ms
W/System.err( 1158): 	at libcore.io.IoBridge.connectErrno(IoBridge.java:159)
W/System.err( 1158): 	at libcore.io.IoBridge.connect(IoBridge.java:112)
W/System.err( 1158): 	at java.net.PlainSocketImpl.connect(PlainSocketImpl.java:192)
W/System.err( 1158): 	at java.net.PlainSocketImpl.connect(PlainSocketImpl.java:459)
W/System.err( 1158): 	at java.net.Socket.connect(Socket.java:843)
W/System.err( 1158): 	at com.android.okhttp.internal.Platform.connectSocket(Platform.java:152)
W/System.err( 1158): 	at com.android.okhttp.Connection.connect(Connection.java:101)
W/System.err( 1158): 	at com.android.okhttp.internal.http.HttpEngine.connect(HttpEngine.java:294)
W/System.err( 1158): 	at com.android.okhttp.internal.http.HttpEngine.sendSocketRequest(HttpEngine.java:255)
W/System.err( 1158): 	at com.android.okhttp.internal.http.HttpEngine.sendRequest(HttpEngine.java:206)
W/System.err( 1158): 	at com.android.okhttp.internal.http.HttpURLConnectionImpl.execute(HttpURLConnectionImpl.java:345)
W/System.err( 1158): 	at com.android.okhttp.internal.http.HttpURLConnectionImpl.getResponse(HttpURLConnectionImpl.java:296)
W/System.err( 1158): 	at com.android.okhttp.internal.http.HttpURLConnectionImpl.getInputStream(HttpURLConnectionImpl.java:179)
W/System.err( 1158): 	at org.coolx.applicationupdate.UpdateHelper.downloadFile(UpdateHelper.java:448)
W/System.err( 1158): 	at org.coolx.applicationupdate.UpdateHelper.queryUpdateFromServer(UpdateHelper.java:229)
W/System.err( 1158): 	at org.coolx.applicationupdate.UpdateHelper.access$000(UpdateHelper.java:30)
W/System.err( 1158): 	at org.coolx.applicationupdate.UpdateHelper$QueryTask.doInBackground(UpdateHelper.java:540)
W/System.err( 1158): 	at org.coolx.applicationupdate.UpdateHelper$QueryTask.doInBackground(UpdateHelper.java:529)
W/System.err( 1158): 	at android.os.AsyncTask$2.call(AsyncTask.java:288)
W/System.err( 1158): 	at java.util.concurrent.FutureTask.run(FutureTask.java:237)
W/System.err( 1158): 	at android.os.AsyncTask$SerialExecutor$1.run(AsyncTask.java:231)
W/System.err( 1158): 	at java.util.concurrent.ThreadPoolExecutor.runWorker(ThreadPoolExecutor.java:1112)
W/System.err( 1158): 	at java.util.concurrent.ThreadPoolExecutor$Worker.run(ThreadPoolExecutor.java:587)
W/System.err( 1158): 	at java.lang.Thread.run(Thread.java:841)
W/ActivityManager(  355): Activity destroy timeout for ActivityRecord{b339d470 u0 hottv.box.adultos/org.coolx.crframework.ui.activity.HomeActivity t4 f}
W/ActivityManager(  355): Activity destroy timeout for ActivityRecord{b3673600 u0 hottv.box.adultos/org.coolx.crframework.ui.activity.LivePlayActivity t4 f}
W/ActivityManager(  355): Launch timeout has expired, giving up wake lock!
D/AndroidRuntime( 1231): Shutting down VM
D/dalvikvm( 1231): GC_CONCURRENT freed 98K, 15% free 589K/692K, paused 2ms+2ms, total 21ms
D/AndroidRuntime( 1243): 
D/AndroidRuntime( 1243): >>>>>> AndroidRuntime START com.android.internal.os.RuntimeInit <<<<<<
D/AndroidRuntime( 1243): CheckJNI is ON
D/dalvikvm( 1243): Trying to load lib libjavacore.so 0x0
D/dalvikvm( 1243): Added shared lib libjavacore.so 0x0
D/dalvikvm( 1243): Trying to load lib libnativehelper.so 0x0
D/dalvikvm( 1243): Added shared lib libnativehelper.so 0x0
D/dalvikvm( 1243): No JNI_OnLoad found in libnativehelper.so 0x0, skipping init
D/dalvikvm( 1243): Note: class Landroid/app/ActivityManagerNative; has 179 unimplemented (abstract) methods
E/memtrack( 1243): Couldn't load memtrack module (No such file or directory)
E/android.os.Debug( 1243): failed to load memtrack module: -2
D/AndroidRuntime( 1243): Calling main entry com.android.commands.am.Am
I/ActivityManager(  355): START u0 {act=android.intent.action.MAIN cat=[android.intent.category.LAUNCHER] flg=0x10000000 cmp=hottv.box.adultos/org.coolx.crframework.ui.activity.HistoryActivity} from pid 1243
W/ActivityManager(  355): Activity pause timeout for ActivityRecord{b30fff30 u0 hottv.box.adultos/org.coolx.crframework.ui.activity.CategoryVodActivity t4}
W/WindowManager(  355): Rebuild removed 3 windows but added 2
W/WindowManager(  355): java.lang.RuntimeException: here
W/WindowManager(  355): 	at com.android.server.wm.WindowManagerService.rebuildAppWindowListLocked(WindowManagerService.java:8027)
W/WindowManager(  355): 	at com.android.server.wm.WindowManagerService.rebuildAppWindowListLocked(WindowManagerService.java:7963)
W/WindowManager(  355): 	at com.android.server.wm.WindowManagerService.handleAppTransitionReadyLocked(WindowManagerService.java:8446)
W/WindowManager(  355): 	at com.android.server.wm.WindowManagerService.performLayoutAndPlaceSurfacesLockedInner(WindowManagerService.java:9209)
W/WindowManager(  355): 	at com.android.server.wm.WindowManagerService.performLayoutAndPlaceSurfacesLockedLoop(WindowManagerService.java:8179)
W/WindowManager(  355): 	at com.android.server.wm.WindowManagerService.performLayoutAndPlaceSurfacesLocked(WindowManagerService.java:8121)
W/WindowManager(  355): 	at com.android.server.wm.WindowManagerService.access$300(WindowManagerService.java:157)
W/WindowManager(  355): 	at com.android.server.wm.WindowManagerService$H.handleMessage(WindowManagerService.java:7342)
W/WindowManager(  355): 	at android.os.Handler.dispatchMessage(Handler.java:102)
W/WindowManager(  355): 	at android.os.Looper.loop(Looper.java:136)
W/WindowManager(  355): 	at android.os.HandlerThread.run(HandlerThread.java:61)
W/WindowManager(  355): This window was lost: Window{b3264fb0 u0 hottv.box.adultos/org.coolx.crframework.ui.activity.HomeActivity}
W/WindowManager(  355): mDisplayId=0 mSession=Session{b32f6798 1158:u0a10052} mClient=android.os.BinderProxy@b3114f48
W/WindowManager(  355): mOwnerUid=10052 mShowToOwnerOnly=true package=hottv.box.adultos appop=NONE
W/WindowManager(  355): mAttrs=WM.LayoutParams{(0,0)(fillxfill) sim=#120 ty=1 fl=#1810500 pfl=0x8 wanim=0x1030001}
W/WindowManager(  355): Requested w=480 h=864 mLayoutSeq=60
W/WindowManager(  355): mBaseLayer=21000 mSubLayer=0 mAnimLayer=21005+0=21005 mLastLayer=21015
W/WindowManager(  355): mToken=AppWindowToken{b3285cd0 token=Token{b36c1de8 ActivityRecord{b339d470 u0 hottv.box.adultos/org.coolx.crframework.ui.activity.HomeActivity t4}}}
W/WindowManager(  355): mRootToken=AppWindowToken{b3285cd0 token=Token{b36c1de8 ActivityRecord{b339d470 u0 hottv.box.adultos/org.coolx.crframework.ui.activity.HomeActivity t4}}}
W/WindowManager(  355): mAppToken=AppWindowToken{b3285cd0 token=Token{b36c1de8 ActivityRecord{b339d470 u0 hottv.box.adultos/org.coolx.crframework.ui.activity.HomeActivity t4}}}
W/WindowManager(  355): mViewVisibility=0x0 mHaveFrame=true mObscured=false
W/WindowManager(  355): mSeq=0 mSystemUiVisibility=0x0
W/WindowManager(  355): mGivenContentInsets=[0,0][0,0] mGivenVisibleInsets=[0,0][0,0]
