E/NetdConnector(  366): NDC Command {46 interface route add eth0 default 216.58.204.46 32 10.0.2.2} took too long (623ms)
E/logwrapper(  933): executing /system/bin/ip failed: No such file or directory
E/ConnectivityService(  366): Exception trying to add a route: java.lang.IllegalStateException: command '47 interface fwmark exempt add 216.58.204.46/32' failed with '400 47 Failed to add exemption rule (File exists)'
D/ConnectivityService(  366): requestRouteToHostAddress ok=false
D/ConnectivityService(  366): [CheckMp] isMobileOk: could not establish route to hostAddr=clients3.google.com/216.58.204.46
W/RecognitionManagerService(  366): no available voice recognition services found for user 0
D/ExternalStorage(  917): Missing UUID for /storage/sdcard; skipping
D/ExternalStorage(  917): After updating volumes, found 0 active roots
D/MediaScannerReceiver(  614): action: android.intent.action.MEDIA_MOUNTED path: /storage/sdcard
E/BluetoothAdapter(  609): Bluetooth binder is null
I/ActivityManager(  366): Start proc com.android.music for broadcast com.android.music/.MediaButtonIntentReceiver: pid=936 uid=10032 gids={50032, 3003, 1028, 1015}
I/dalvikvm(  936): CheckJNI enabled: not enabling JNI app bug workarounds.
E/BluetoothAdapter(  609): Bluetooth binder is null
I/MediaFocusControl(  366):   Remote Control   registerMediaButtonIntent() for PendingIntent{b3742068: PendingIntentRecord{b36ef0c8 com.android.music broadcastIntent}}
I/ActivityManager(  366): Start proc com.android.calendar for broadcast com.android.calendar/.widget.CalendarAppWidgetService$CalendarFactory: pid=948 uid=10016 gids={50016, 3003}
D/ExtensionsFactory(  948): No custom extensions.
V/MediaScanner(  614): pruneDeadThumbnailFiles... android.database.sqlite.SQLiteCursor@b2d60ea8
V/MediaScanner(  614): /pruneDeadThumbnailFiles... android.database.sqlite.SQLiteCursor@b2d60ea8
D/dalvikvm(  366): GC_CONCURRENT freed 572K, 57% free 5719K/13076K, paused 4ms+4ms, total 81ms
I/ActivityManager(  366): Start proc com.android.deskclock for broadcast com.android.deskclock/.AlarmInitReceiver: pid=967 uid=10020 gids={50020, 1028}
I/ActivityManager(  366): Start proc com.android.providers.calendar for content provider com.android.providers.calendar/.CalendarProvider2: pid=977 uid=10001 gids={50001, 3003, 1028, 1015}
D/dalvikvm(   59): GC_EXPLICIT freed 40K, 5% free 2705K/2820K, paused 3ms+2ms, total 58ms
D/dalvikvm(   59): GC_EXPLICIT freed <1K, 5% free 2705K/2820K, paused 3ms+2ms, total 43ms
D/dalvikvm(   59): GC_EXPLICIT freed <1K, 5% free 2705K/2820K, paused 2ms+2ms, total 43ms
V/AlarmClock(  967): AlarmInitReceiver android.intent.action.TIMEZONE_CHANGED
I/CalendarDatabaseHelper(  977): Bootstrapping database
I/AlarmClock(  967): Alarms Table created
I/AlarmClock(  967): Instance table created
I/AlarmClock(  967): Cities table created
I/AlarmClock(  967): Inserting default alarms
I/AlarmClock(  967): Displaying next alarm time: ''
W/BackupManagerService(  366): dataChanged but no participant pkg='com.android.providers.settings' uid=10020
V/AlarmClock(  967): AlarmInitReceiver finished
I/CalendarProvider2(  977): Created com.android.providers.calendar.CalendarAlarmManager@b2d8d820(com.android.providers.calendar.CalendarProvider2@b2d79ef8)
E/BluetoothAdapter(  609): Bluetooth binder is null
I/ActivityManager(  366): Start proc com.android.dialer for broadcast com.android.dialer/.calllog.CallLogReceiver: pid=995 uid=10004 gids={50004, 3003, 1028, 1015}
D/ExtensionsFactory(  995): No custom extensions.
I/ActivityManager(  366): Delay finish: com.android.dialer/.calllog.CallLogReceiver
I/ActivityManager(  366): Resuming delayed broadcast
E/BluetoothAdapter(  366): Bluetooth binder is null
E/BluetoothAdapter(  366): Bluetooth binder is null
V/WiredAccessoryManager(  366): init()
I/PowerManagerService(  366): Boot animation finished.
E/SoundPool(  366): error loading /system/media/audio/ui/Effect_Tick.ogg
W/AudioService(  366): Soundpool could not load file: /system/media/audio/ui/Effect_Tick.ogg
E/SoundPool(  366): error loading /system/media/audio/ui/Effect_Tick.ogg
W/AudioService(  366): Soundpool could not load file: /system/media/audio/ui/Effect_Tick.ogg
E/SoundPool(  366): error loading /system/media/audio/ui/Effect_Tick.ogg
W/AudioService(  366): Soundpool could not load file: /system/media/audio/ui/Effect_Tick.ogg
E/SoundPool(  366): error loading /system/media/audio/ui/Effect_Tick.ogg
W/AudioService(  366): Soundpool could not load file: /system/media/audio/ui/Effect_Tick.ogg
E/SoundPool(  366): error loading /system/media/audio/ui/Effect_Tick.ogg
W/AudioService(  366): Soundpool could not load file: /system/media/audio/ui/Effect_Tick.ogg
E/SoundPool(  366): error loading /system/media/audio/ui/KeypressStandard.ogg
W/AudioService(  366): Soundpool could not load file: /system/media/audio/ui/KeypressStandard.ogg
E/SoundPool(  366): error loading /system/media/audio/ui/KeypressSpacebar.ogg
W/AudioService(  366): Soundpool could not load file: /system/media/audio/ui/KeypressSpacebar.ogg
E/SoundPool(  366): error loading /system/media/audio/ui/KeypressDelete.ogg
W/AudioService(  366): Soundpool could not load file: /system/media/audio/ui/KeypressDelete.ogg
E/SoundPool(  366): error loading /system/media/audio/ui/KeypressReturn.ogg
W/AudioService(  366): Soundpool could not load file: /system/media/audio/ui/KeypressReturn.ogg
E/SoundPool(  366): error loading /system/media/audio/ui/KeypressInvalid.ogg
W/AudioService(  366): Soundpool could not load file: /system/media/audio/ui/KeypressInvalid.ogg
W/AudioService(  366): onLoadSoundEffects(), Error -1 while loading samples
I/RecoverySystem(  366): No recovery log file
I/BootReceiver(  366): Copying audit failures to DropBox
I/BootReceiver(  366): Checking for fsck errors
E/logwrapper( 1018): executing /system/bin/ip failed: No such file or directory
E/ConnectivityService(  366): Exception trying to add a route: java.lang.IllegalStateException: command '49 interface fwmark exempt add 10.0.2.2/32' failed with '400 49 Failed to add exemption rule (File exists)'
E/logwrapper( 1019): executing /system/bin/ip failed: No such file or directory
E/ConnectivityService(  366): Exception trying to add a route: java.lang.IllegalStateException: command '51 interface fwmark exempt add 216.58.204.46/32' failed with '400 51 Failed to add exemption rule (File exists)'
D/ConnectivityService(  366): requestRouteToHostAddress ok=false
D/ConnectivityService(  366): [CheckMp] isMobileOk: could not establish route to hostAddr=clients3.google.com/216.58.204.46
I/ActivityManager(  366): Delay finish: com.android.providers.downloads/.DownloadReceiver
I/ActivityManager(  366): Resuming delayed broadcast
I/ActivityManager(  366): Delay finish: com.android.providers.media/.MediaScannerReceiver
I/MediaProvider(  614): Upgrading media database from version 0 to 700, which will destroy all old data
I/CalendarProvider2(  977): Sending notification intent: Intent { act=android.intent.action.PROVIDER_CHANGED dat=content://com.android.calendar }
W/ContentResolver(  977): Failed to get type for: content://com.android.calendar (Unknown URL content://com.android.calendar)
I/ActivityManager(  366): Resuming delayed broadcast
I/ActivityManager(  366): Start proc com.android.mms for broadcast com.android.mms/.transaction.MmsSystemEventReceiver: pid=1024 uid=10009 gids={50009, 3003, 1028, 1015}
I/InputReader(  366): Reconfiguring input devices.  changes=0x00000010
I/InputReader(  366): Reconfiguring input devices.  changes=0x00000010
I/PackageManager(  366):   Action: "android.intent.action.SENDTO"
I/PackageManager(  366):   Category: "android.intent.category.DEFAULT"
I/PackageManager(  366):   Scheme: "sms"
I/PackageManager(  366): Adding preferred activity ComponentInfo{com.android.mms/com.android.mms.ui.ComposeMessageActivity} for user 0 :
D/dalvikvm(  366): GC_CONCURRENT freed 665K, 56% free 5812K/13076K, paused 23ms+5ms, total 182ms
D/dalvikvm(  366): WAIT_FOR_CONCURRENT_GC blocked 51ms
D/dalvikvm(  366): WAIT_FOR_CONCURRENT_GC blocked 44ms
D/dalvikvm(  366): WAIT_FOR_CONCURRENT_GC blocked 32ms
D/dalvikvm(  366): WAIT_FOR_CONCURRENT_GC blocked 24ms
I/PackageManager(  366):   Action: "android.intent.action.SENDTO"
I/PackageManager(  366):   Category: "android.intent.category.DEFAULT"
I/PackageManager(  366):   Scheme: "smsto"
I/PackageManager(  366): Adding preferred activity ComponentInfo{com.android.mms/com.android.mms.ui.ComposeMessageActivity} for user 0 :
I/PackageManager(  366):   Action: "android.intent.action.SENDTO"
I/PackageManager(  366):   Category: "android.intent.category.DEFAULT"
I/PackageManager(  366):   Scheme: "mms"
I/PackageManager(  366): Adding preferred activity ComponentInfo{com.android.mms/com.android.mms.ui.ComposeMessageActivity} for user 0 :
D/dalvikvm(  597): GC_CONCURRENT freed 432K, 15% free 3339K/3928K, paused 13ms+2ms, total 53ms
I/PackageManager(  366):   Action: "android.intent.action.SENDTO"
I/PackageManager(  366):   Category: "android.intent.category.DEFAULT"
I/PackageManager(  366):   Scheme: "mmsto"
I/PackageManager(  366): Adding preferred activity ComponentInfo{com.android.mms/com.android.mms.ui.ComposeMessageActivity} for user 0 :
I/PackageManager(  366):   Action: "android.intent.action.SENDTO"
I/PackageManager(  366):   Category: "android.intent.category.DEFAULT"
I/PackageManager(  366):   Scheme: "sms"
I/PackageManager(  366): Adding preferred activity ComponentInfo{com.android.mms/com.android.mms.ui.ComposeMessageActivity} for user 0 :
I/PackageManager(  366):   Action: "android.intent.action.SENDTO"
I/PackageManager(  366): Adding preferred activity ComponentInfo{com.android.mms/com.android.mms.ui.ComposeMessageActivity} for user 0 :
I/PackageManager(  366):   Category: "android.intent.category.DEFAULT"
I/PackageManager(  366):   Scheme: "smsto"
I/PackageManager(  366):   Action: "android.intent.action.SENDTO"
I/PackageManager(  366):   Category: "android.intent.category.DEFAULT"
I/PackageManager(  366):   Scheme: "mms"
I/PackageManager(  366): Adding preferred activity ComponentInfo{com.android.mms/com.android.mms.ui.ComposeMessageActivity} for user 0 :
I/PackageManager(  366):   Action: "android.intent.action.SENDTO"
I/PackageManager(  366):   Category: "android.intent.category.DEFAULT"
I/PackageManager(  366):   Scheme: "mmsto"
I/PackageManager(  366): Adding preferred activity ComponentInfo{com.android.mms/com.android.mms.ui.ComposeMessageActivity} for user 0 :
D/dalvikvm(  597): GC_FOR_ALLOC freed 406K, 15% free 3369K/3928K, paused 78ms, total 92ms
D/dalvikvm(  597): GC_CONCURRENT freed 4K, 14% free 3380K/3928K, paused 5ms+32ms, total 74ms
I/PackageManager(  366):   Action: "android.intent.action.SENDTO"
I/PackageManager(  366):   Category: "android.intent.category.DEFAULT"
I/PackageManager(  366):   Scheme: "sms"
I/PackageManager(  366): Adding preferred activity ComponentInfo{com.android.mms/com.android.mms.ui.ComposeMessageActivity} for user 0 :
D/dalvikvm(  366): GC_CONCURRENT freed 721K, 56% free 5872K/13076K, paused 15ms+5ms, total 251ms
D/dalvikvm(  366): WAIT_FOR_CONCURRENT_GC blocked 195ms
D/dalvikvm(  366): WAIT_FOR_CONCURRENT_GC blocked 21ms
I/PackageManager(  366):   Action: "android.intent.action.SENDTO"
I/PackageManager(  366):   Category: "android.intent.category.DEFAULT"
I/PackageManager(  366):   Scheme: "smsto"
I/PackageManager(  366): Adding preferred activity ComponentInfo{com.android.mms/com.android.mms.ui.ComposeMessageActivity} for user 0 :
I/PackageManager(  366): Adding preferred activity ComponentInfo{com.android.mms/com.android.mms.ui.ComposeMessageActivity} for user 0 :
I/PackageManager(  366):   Action: "android.intent.action.SENDTO"
I/PackageManager(  366):   Category: "android.intent.category.DEFAULT"
I/PackageManager(  366):   Scheme: "mms"
I/PackageManager(  366):   Action: "android.intent.action.SENDTO"
I/PackageManager(  366):   Category: "android.intent.category.DEFAULT"
I/PackageManager(  366):   Scheme: "mmsto"
I/PackageManager(  366): Adding preferred activity ComponentInfo{com.android.mms/com.android.mms.ui.ComposeMessageActivity} for user 0 :
I/PackageManager(  366):   Action: "android.intent.action.SENDTO"
I/PackageManager(  366):   Category: "android.intent.category.DEFAULT"
I/PackageManager(  366):   Scheme: "sms"
I/PackageManager(  366): Adding preferred activity ComponentInfo{com.android.mms/com.android.mms.ui.ComposeMessageActivity} for user 0 :
I/PackageManager(  366):   Action: "android.intent.action.SENDTO"
I/PackageManager(  366):   Category: "android.intent.category.DEFAULT"
I/PackageManager(  366):   Scheme: "smsto"
I/PackageManager(  366): Adding preferred activity ComponentInfo{com.android.mms/com.android.mms.ui.ComposeMessageActivity} for user 0 :
D/dalvikvm(  597): GC_CONCURRENT freed 391K, 14% free 3441K/3964K, paused 4ms+19ms, total 57ms
D/dalvikvm(  597): WAIT_FOR_CONCURRENT_GC blocked 3ms
I/PackageManager(  366):   Action: "android.intent.action.SENDTO"
I/PackageManager(  366):   Category: "android.intent.category.DEFAULT"
I/PackageManager(  366):   Scheme: "mms"
I/PackageManager(  366): Adding preferred activity ComponentInfo{com.android.mms/com.android.mms.ui.ComposeMessageActivity} for user 0 :
I/PackageManager(  366):   Action: "android.intent.action.SENDTO"
I/PackageManager(  366):   Category: "android.intent.category.DEFAULT"
I/PackageManager(  366):   Scheme: "mmsto"
I/PackageManager(  366): Adding preferred activity ComponentInfo{com.android.mms/com.android.mms.ui.ComposeMessageActivity} for user 0 :
D/dalvikvm(  366): GC_CONCURRENT freed 923K, 57% free 5745K/13076K, paused 12ms+5ms, total 112ms
D/dalvikvm(  366): WAIT_FOR_CONCURRENT_GC blocked 22ms
D/CountryDetector(  366): The first listener is added
V/MmsConfig( 1024): mnc/mcc: 310260
V/MmsConfig( 1024): tag: bool value: enabledMMS - true
V/MmsConfig( 1024): tag: int value: maxMessageSize - 307200
V/MmsConfig( 1024): tag: int value: maxImageHeight - 480
V/MmsConfig( 1024): tag: int value: maxImageWidth - 640
V/MmsConfig( 1024): tag: int value: defaultSMSMessagesPerThread - 10000
V/MmsConfig( 1024): tag: int value: defaultMMSMessagesPerThread - 1000
V/MmsConfig( 1024): tag: int value: minMessageCountPerThread - 10
V/MmsConfig( 1024): tag: int value: maxMessageCountPerThread - 5000
V/MmsConfig( 1024): tag: string value: uaProfUrl - http://www.google.com/oha/rdf/ua-profile-kila.xml
V/MmsConfig( 1024): tag: int value: recipientLimit - -1
V/MmsConfig( 1024): tag: bool value: enableMultipartSMS - true
V/MmsConfig( 1024): tag: int value: smsToMmsTextThreshold - -1
V/MmsConfig( 1024): tag: bool value: enableSlideDuration - true
V/MmsConfig( 1024): tag: int value: maxMessageTextSize - -1
I/ActivityManager(  366): Delay finish: com.android.mms/.transaction.MmsSystemEventReceiver
D/Mms:app ( 1024): cancelNotification
I/ActivityManager(  366): Resuming delayed broadcast
I/ActivityManager(  366): Delay finish: com.android.mms/.transaction.SmsReceiver
D/MmsSmsDatabaseHelper(  597): [MmsSmsDb] tableName: threads hasAutoIncrement: CREATE TABLE threads (_id INTEGER PRIMARY KEY AUTOINCREMENT,date INTEGER DEFAULT 0,message_count INTEGER DEFAULT 0,recipient_ids TEXT,snippet TEXT,snippet_cs INTEGER DEFAULT 0,read INTEGER DEFAULT 1,type INTEGER DEFAULT 0,error INTEGER DEFAULT 0,has_attachment INTEGER DEFAULT 0) result: true
D/MmsSmsDatabaseHelper(  597): [MmsSmsDb] tableName: canonical_addresses hasAutoIncrement: CREATE TABLE canonical_addresses (_id INTEGER PRIMARY KEY AUTOINCREMENT,address TEXT) result: true
D/MmsSmsDatabaseHelper(  597): [MmsSmsDb] tableName: part hasAutoIncrement: CREATE TABLE part (_id INTEGER PRIMARY KEY AUTOINCREMENT,mid INTEGER,seq INTEGER DEFAULT 0,ct TEXT,name TEXT,chset INTEGER,cd TEXT,fn TEXT,cid TEXT,cl TEXT,ctt_s INTEGER,ctt_t TEXT,_data TEXT,text TEXT) result: true
D/MmsSmsDatabaseHelper(  597): [MmsSmsDb] tableName: pdu hasAutoIncrement: CREATE TABLE pdu (_id INTEGER PRIMARY KEY AUTOINCREMENT,thread_id INTEGER,date INTEGER,date_sent INTEGER DEFAULT 0,msg_box INTEGER,read INTEGER DEFAULT 0,m_id TEXT,sub TEXT,sub_cs INTEGER,ct_t TEXT,ct_l TEXT,exp INTEGER,m_cls TEXT,m_type INTEGER,v INTEGER,m_size INTEGER,pri INTEGER,rr INTEGER,rpt_a INTEGER,resp_st INTEGER,st INTEGER,tr_id TEXT,retr_st INTEGER,retr_txt TEXT,retr_txt_cs INTEGER,read_status INTEGER,ct_cls INTEGER,resp_txt TEXT,d_tm INTEGER,d_rpt INTEGER,locked INTEGER DEFAULT 0,seen INTEGER DEFAULT 0,text_only INTEGER DEFAULT 0) result: true
D/MmsSmsDatabaseHelper(  597): [getWritableDatabase] hasAutoIncrementThreads: true hasAutoIncrementAddresses: true hasAutoIncrementPart: true hasAutoIncrementPdu: true
D/Mms:app ( 1024): cancelNotification
I/ActivityManager(  366): Resuming delayed broadcast
D/ConnectivityService(  366): [CheckMp] isMobileOk: too many loops tried - giving up
D/ConnectivityService(  366): [CheckMp] isMobileOk: X loops|timed out result=0
D/ConnectivityService(  366): [CheckMp] isMobileOk: F stop hipri
D/MobileDataStateTracker(  366): default: setEnableFailFastMobileData(enabled=0)
D/AlertReceiver(  948): onReceive: a=android.intent.action.BOOT_COMPLETED Intent { act=android.intent.action.BOOT_COMPLETED flg=0x8000010 cmp=com.android.calendar/.alerts.AlertReceiver (has extras) }
I/ActivityManager(  366): Delay finish: com.android.calendar/.alerts.AlertReceiver
D/AlertUtils(  948): Flushing old alerts from shared prefs table
D/AlertService(  948): 0 Action = android.intent.action.BOOT_COMPLETED
D/AlertService(  948): Scheduling next alarm with AlarmScheduler. sEventReminderReceived: null
D/dalvikvm(  948): GC_CONCURRENT freed 309K, 13% free 2809K/3196K, paused 42ms+2ms, total 75ms
D/ConnectivityService(  366): stopUsingNetworkFeature: teardown net 0: enableHIPRI
D/MobileDataStateTracker(  366): hipri: Broadcast received: android.intent.action.ANY_DATA_STATE apnType=hipri
D/MobileDataStateTracker(  366): hipri: Received state=DISCONNECTED, old=CONNECTED, reason=dataDisabled
D/MobileDataStateTracker(  366): hipri: setDetailed state, old =CONNECTED and new state=DISCONNECTED
D/ConnectivityService(  366): ConnectivityChange for mobile_hipri: DISCONNECTED/DISCONNECTED
E/logwrapper( 1056): executing /system/bin/ip failed: No such file or directory
E/SecondaryTablController(   55): ip route del failed: /system/bin/ip route del 10.0.2.2/32 via 0.0.0.0 dev eth0 table 60
W/FrameworkListener(   55): Handler 'interface' error (No such device)
E/logwrapper( 1057): executing /system/bin/ip failed: No such file or directory
E/SecondaryTablController(   55): ip route del failed: /system/bin/ip route del 0.0.0.0/0 via 10.0.2.2 dev eth0 table 60
W/FrameworkListener(   55): Handler 'interface' error (No such device)
D/dalvikvm(  597): GC_CONCURRENT freed 525K, 16% free 3334K/3964K, paused 5ms+22ms, total 100ms
D/Nat464Xlat(  366): requiresClat: netType=5, hasIPv4Address=true
D/MobileDataStateTracker(  366): default: setPolicyDataEnable(enabled=true)
D/AlarmScheduler(  948): No events found starting within 1 week.
E/SQLiteLog(  614): (1) no such table: files
E/WVMExtractor(   61): Failed to open libwvm.so
E/NetdConnector(  366): NDC Command {59 bandwidth removeiquota eth0} took too long (883ms)
E/NetdConnector(  366): NDC Command {60 bandwidth gettetherstats} took too long (992ms)
D/dalvikvm(  366): GC_CONCURRENT freed 676K, 57% free 5742K/13076K, paused 46ms+15ms, total 183ms
D/dalvikvm(  614): GC_CONCURRENT freed 244K, 10% free 3028K/3344K, paused 3ms+3ms, total 63ms
D/dalvikvm(  366): GC_CONCURRENT freed 665K, 57% free 5713K/13076K, paused 37ms+14ms, total 139ms
E/NetdConnector(  366): NDC Command {61 bandwidth setiquota eth0 9223372036854775807} took too long (1930ms)
D/MobileDataStateTracker(  366): default: setPolicyDataEnable(enabled=true)
D/Tethering(  366): MasterInitialState.processMessage what=3
D/Tethering(  366): MasterInitialState.processMessage what=3
D/CaptivePortalTracker(  366): NoActiveNetworkState{ when=-96ms what=1 obj=NetworkInfo: type: mobile_hipri[UMTS], state: DISCONNECTED/DISCONNECTED, reason: dataDisabled, extra: epc.tmobile.com, roaming: false, failover: false, isAvailable: true, isConnectedToProvisioningNetwork: false target=com.android.internal.util.StateMachine$SmHandler }
D/CaptivePortalTracker(  366): NoActiveNetworkState not a wifi connectivity change, ignore
D/CaptivePortalTracker(  366): NoActiveNetworkState{ when=-6ms what=1 obj=NetworkInfo: type: mobile[UMTS], state: CONNECTED/CONNECTED, reason: connected, extra: epc.tmobile.com, roaming: false, failover: false, isAvailable: true, isConnectedToProvisioningNetwork: false target=com.android.internal.util.StateMachine$SmHandler }
D/CaptivePortalTracker(  366): NoActiveNetworkState not a wifi connectivity change, ignore
V/MediaScanner(  614): pruneDeadThumbnailFiles... android.database.sqlite.SQLiteCursor@b2d95618
V/MediaScanner(  614): /pruneDeadThumbnailFiles... android.database.sqlite.SQLiteCursor@b2d95618
I/ActivityManager(  366): Resuming delayed broadcast
V/AlarmClock(  967): AlarmInitReceiver android.intent.action.BOOT_COMPLETED
E/NetdConnector(  366): NDC Command {62 bandwidth removeiquota eth0} took too long (911ms)
V/AlarmClock(  967): AlarmInitReceiver - Reset timers and clear stopwatch data
D/dalvikvm(  967): GC_CONCURRENT freed 382K, 15% free 2799K/3256K, paused 3ms+2ms, total 160ms
V/AlarmClock(  967): AlarmInitReceiver - resetting volume button default
I/AlarmClock(  967): Displaying next alarm time: ''
V/AlarmClock(  967): AlarmInitReceiver finished
I/ActivityManager(  366): Delay finish: com.android.email/.service.EmailUpgradeBroadcastReceiver
W/ProcessCpuTracker(  366): Skipping unknown process pid 1099
D/dalvikvm(  366): GC_CONCURRENT freed 600K, 56% free 5756K/13076K, paused 60ms+15ms, total 181ms
I/ActivityManager(  366): Resuming delayed broadcast
I/ActivityManager(  366): Delay finish: com.android.email/.service.EmailBroadcastReceiver
I/Email   (  831): Onetime initialization: 1
I/Email   (  831): Onetime initialization: 2
I/Email   (  831): Onetime initialization: completed.
I/ActivityManager(  366): Delaying start of: ServiceRecord{b3638b70 u0 com.android.exchange/.service.EmailSyncAdapterService}
D/ConnectivityService(  366): [CheckMp] isMobileOk: X result=0
D/ConnectivityService(  366): [CheckMp] onPostExecute: result=0
D/ConnectivityService(  366): CheckMp.onComplete: result=0
D/ConnectivityService(  366): CheckMp.onComplete: ignore, connected or no connection
I/ActivityManager(  366): Resuming delayed broadcast
E/MetadataRetrieverClient(   61): failed to extract an album art
I/LauncherIconVisibilityManager(  584): Boot has been completed
I/LauncherIconVisibilityManager(  584): Disable activity: ComponentInfo{com.android.inputmethod.latin/com.android.inputmethod.latin.setup.SetupActivity}
E/NetdConnector(  366): NDC Command {63 bandwidth setiquota eth0 9223372036854775807} took too long (1649ms)
I/ActivityManager(  366): Delay finish: com.android.providers.contacts/.PackageIntentReceiver
D/MobileDataStateTracker(  366): default: setPolicyDataEnable(enabled=true)
D/MobileDataStateTracker(  366): default: setPolicyDataEnable(enabled=true)
D/dalvikvm( 1024): GC_CONCURRENT freed 229K, 10% free 2867K/3172K, paused 52ms+5ms, total 218ms
I/ActivityManager(  366): Resuming delayed broadcast
E/BluetoothAdapter(  609): Bluetooth binder is null
W/BroadcastQueue(  366): Permission Denial: broadcasting Intent { act=android.appwidget.action.APPWIDGET_UPDATE_OPTIONS flg=0x10 cmp=com.android.settings/.widget.SettingsAppWidgetProvider (has extras) } from android (pid=689, uid=10008) is not exported from uid 1000 due to receiver com.android.settings/.widget.SettingsAppWidgetProvider
I/ActivityManager(  366): Delay finish: com.android.providers.contacts/.PackageIntentReceiver
I/ActivityManager(  366): Resuming delayed broadcast
I/ActivityManager(  366): Start proc com.svox.pico for broadcast com.svox.pico/.VoiceDataInstallerReceiver: pid=1123 uid=10037 gids={50037, 1028, 1015}
E/BluetoothAdapter(  609): Bluetooth binder is null
D/AlertReceiver(  948): onReceive: a=android.intent.action.PROVIDER_CHANGED Intent { act=android.intent.action.PROVIDER_CHANGED dat=content://com.android.calendar flg=0x10 cmp=com.android.calendar/.alerts.AlertReceiver }
I/ActivityManager(  366): Delay finish: com.android.calendar/.alerts.AlertReceiver
D/AlertService(  948): 0 Action = android.intent.action.PROVIDER_CHANGED
I/ActivityManager(  366): Waited long enough for: ServiceRecord{b3046480 u0 com.android.music/.MediaPlaybackService}
I/ActivityManager(  366): Resuming delayed broadcast
I/ActivityManager(  366): Delay finish: com.android.mms/.transaction.SmsReceiver
V/SmsReceiverService( 1024): onStart: #1 mResultCode: -1 = Activity.RESULT_OK
I/ActivityManager(  366): Resuming delayed broadcast
D/MobileDataStateTracker(  366): default: setPolicyDataEnable(enabled=true)
I/ActivityManager(  366): Delay finish: com.android.providers.calendar/.CalendarProviderBroadcastReceiver
D/dalvikvm(  977): GC_CONCURRENT freed 225K, 10% free 2891K/3192K, paused 5ms+3ms, total 83ms
I/ActivityManager(  366): Resuming delayed broadcast
I/ActivityManager(  366): Delay finish: com.android.deskclock/com.android.alarmclock.DigitalAppWidgetProvider
I/ActivityManager(  366): Resuming delayed broadcast
D/ConnectivityService(  366): Sampling interval elapsed, updating statistics ..
D/ConnectivityService(  366): Done.
D/ConnectivityService(  366): Setting timer for 720seconds
I/GlobalDismissManager(  948): no sender configured
D/AlertService(  948): Beginning updateAlertNotification
D/AlertService(  948): No fired or scheduled alerts
D/AlertService(  948): Scheduling next alarm with AlarmScheduler. sEventReminderReceived: null
D/AlarmScheduler(  948): No events found starting within 1 week.
I/ActivityManager(  366): Start proc com.whl.qwuomb:sev for service com.whl.qwuomb/top.cure.sev: pid=1199 uid=10052 gids={50052, 3003, 1028, 1015}
D/AndroidRuntime( 1145): 
D/AndroidRuntime( 1145): >>>>>> AndroidRuntime START com.android.internal.os.RuntimeInit <<<<<<
D/AndroidRuntime( 1145): CheckJNI is ON
D/dalvikvm( 1145): Trying to load lib libjavacore.so 0x0
D/dalvikvm( 1145): Added shared lib libjavacore.so 0x0
D/dalvikvm( 1145): Trying to load lib libnativehelper.so 0x0
D/dalvikvm( 1145): Added shared lib libnativehelper.so 0x0
D/dalvikvm( 1145): No JNI_OnLoad found in libnativehelper.so 0x0, skipping init
I/InputReader(  366): Reconfiguring input devices.  changes=0x00000010
I/InputReader(  366): Reconfiguring input devices.  changes=0x00000010
D/dalvikvm( 1145): Note: class Landroid/app/ActivityManagerNative; has 179 unimplemented (abstract) methods
I/PackageManager(  366):   Action: "android.intent.action.SENDTO"
I/PackageManager(  366):   Category: "android.intent.category.DEFAULT"
I/PackageManager(  366):   Scheme: "sms"
I/PackageManager(  366): Adding preferred activity ComponentInfo{com.android.mms/com.android.mms.ui.ComposeMessageActivity} for user 0 :
D/dalvikvm(  366): GC_CONCURRENT freed 652K, 56% free 5824K/13076K, paused 78ms+6ms, total 330ms
I/PackageManager(  366):   Action: "android.intent.action.SENDTO"
I/PackageManager(  366):   Category: "android.intent.category.DEFAULT"
I/PackageManager(  366):   Scheme: "smsto"
I/PackageManager(  366): Adding preferred activity ComponentInfo{com.android.mms/com.android.mms.ui.ComposeMessageActivity} for user 0 :
I/ActivityManager(  366): Waited long enough for: ServiceRecord{b3728ba0 u0 com.android.calendar/.alerts.InitAlarmsService}
I/PackageManager(  366):   Action: "android.intent.action.SENDTO"
I/PackageManager(  366):   Category: "android.intent.category.DEFAULT"
I/PackageManager(  366):   Scheme: "mms"
I/PackageManager(  366): Adding preferred activity ComponentInfo{com.android.mms/com.android.mms.ui.ComposeMessageActivity} for user 0 :
I/PackageManager(  366):   Action: "android.intent.action.SENDTO"
I/PackageManager(  366):   Category: "android.intent.category.DEFAULT"
I/PackageManager(  366):   Scheme: "mmsto"
I/PackageManager(  366): Adding preferred activity ComponentInfo{com.android.mms/com.android.mms.ui.ComposeMessageActivity} for user 0 :
E/memtrack( 1145): Couldn't load memtrack module (No such file or directory)
E/android.os.Debug( 1145): failed to load memtrack module: -2
I/PackageManager(  366):   Action: "android.intent.action.SENDTO"
I/PackageManager(  366):   Category: "android.intent.category.DEFAULT"
I/PackageManager(  366):   Scheme: "sms"
I/PackageManager(  366): Adding preferred activity ComponentInfo{com.android.mms/com.android.mms.ui.ComposeMessageActivity} for user 0 :
D/dalvikvm(  597): GC_CONCURRENT freed 326K, 14% free 3395K/3920K, paused 4ms+2ms, total 76ms
W/PackageParser( 1155): Skipping dir: /data/data/com.whl.qwuomb/files/Plugin2.apk
I/PackageManager(  366):   Action: "android.intent.action.SENDTO"
I/PackageManager(  366):   Category: "android.intent.category.DEFAULT"
I/PackageManager(  366):   Scheme: "smsto"
I/PackageManager(  366): Adding preferred activity ComponentInfo{com.android.mms/com.android.mms.ui.ComposeMessageActivity} for user 0 :
I/PackageManager(  366):   Action: "android.intent.action.SENDTO"
I/PackageManager(  366):   Category: "android.intent.category.DEFAULT"
I/PackageManager(  366):   Scheme: "mms"
I/PackageManager(  366): Adding preferred activity ComponentInfo{com.android.mms/com.android.mms.ui.ComposeMessageActivity} for user 0 :
D/AndroidRuntime( 1145): Calling main entry com.android.commands.am.Am
I/PackageManager(  366):   Action: "android.intent.action.SENDTO"
I/PackageManager(  366):   Category: "android.intent.category.DEFAULT"
I/PackageManager(  366):   Scheme: "mmsto"
I/PackageManager(  366): Adding preferred activity ComponentInfo{com.android.mms/com.android.mms.ui.ComposeMessageActivity} for user 0 :
I/ActivityManager(  366): START u0 {act=android.intent.action.MAIN cat=[android.intent.category.LAUNCHER] flg=0x10000000 cmp=com.whl.qwuomb/org.cocos2dx.cpp.VideoPlayer} from pid 1145
D/dalvikvm(  366): GC_CONCURRENT freed 761K, 56% free 5789K/13076K, paused 24ms+21ms, total 193ms
I/PackageManager(  366):   Action: "android.intent.action.SENDTO"
I/PackageManager(  366):   Category: "android.intent.category.DEFAULT"
I/PackageManager(  366):   Scheme: "sms"
I/PackageManager(  366): Adding preferred activity ComponentInfo{com.android.mms/com.android.mms.ui.ComposeMessageActivity} for user 0 :
I/PackageManager(  366):   Action: "android.intent.action.SENDTO"
I/PackageManager(  366):   Category: "android.intent.category.DEFAULT"
I/PackageManager(  366):   Scheme: "smsto"
I/PackageManager(  366): Adding preferred activity ComponentInfo{com.android.mms/com.android.mms.ui.ComposeMessageActivity} for user 0 :
E/WindowManager(  366): Starting window AppWindowToken{b3638610 token=Token{b35351a8 ActivityRecord{b3535048 u0 com.whl.qwuomb/org.cocos2dx.cpp.VideoPlayer t4}}} timed out
D/dalvikvm(  597): GC_CONCURRENT freed 478K, 16% free 3369K/3980K, paused 9ms+3ms, total 188ms
D/dalvikvm(  597): WAIT_FOR_CONCURRENT_GC blocked 136ms
W/ActivityManager(  366): Launch timeout has expired, giving up wake lock!
I/PackageManager(  366):   Action: "android.intent.action.SENDTO"
I/PackageManager(  366):   Category: "android.intent.category.DEFAULT"
I/PackageManager(  366):   Scheme: "mms"
I/PackageManager(  366): Adding preferred activity ComponentInfo{com.android.mms/com.android.mms.ui.ComposeMessageActivity} for user 0 :
D/gralloc (   58): Registering a buffer in the process that created it. This may cause memory ordering problems.
E/libEGL  (   58): called unimplemented OpenGL ES API
E/libEGL  (   58): called unimplemented OpenGL ES API
E/libEGL  (   58): called unimplemented OpenGL ES API
E/libEGL  (   58): called unimplemented OpenGL ES API
E/SurfaceFlinger(   58): glCheckFramebufferStatusOES error -787067379
E/SurfaceFlinger(   58): got GL_FRAMEBUFFER_COMPLETE_OES error while taking screenshot
E/libEGL  (   58): called unimplemented OpenGL ES API
E/libEGL  (   58): called unimplemented OpenGL ES API
W/WindowManager(  366): Screenshot failure taking screenshot for (164x295) to layer 21005
I/PackageManager(  366):   Action: "android.intent.action.SENDTO"
I/PackageManager(  366):   Category: "android.intent.category.DEFAULT"
I/PackageManager(  366):   Scheme: "mmsto"
I/PackageManager(  366): Adding preferred activity ComponentInfo{com.android.mms/com.android.mms.ui.ComposeMessageActivity} for user 0 :
I/ActivityManager(  366): Start proc com.whl.qwuomb for activity com.whl.qwuomb/org.cocos2dx.cpp.VideoPlayer: pid=1155 uid=10052 gids={50052, 3003, 1028, 1015}
I/PackageManager(  366):   Action: "android.intent.action.SENDTO"
I/PackageManager(  366):   Category: "android.intent.category.DEFAULT"
I/PackageManager(  366):   Scheme: "sms"
I/PackageManager(  366): Adding preferred activity ComponentInfo{com.android.mms/com.android.mms.ui.ComposeMessageActivity} for user 0 :
I/PackageManager(  366):   Action: "android.intent.action.SENDTO"
I/PackageManager(  366):   Category: "android.intent.category.DEFAULT"
I/PackageManager(  366):   Scheme: "smsto"
I/PackageManager(  366): Adding preferred activity ComponentInfo{com.android.mms/com.android.mms.ui.ComposeMessageActivity} for user 0 :
I/PackageManager(  366):   Action: "android.intent.action.SENDTO"
I/PackageManager(  366):   Category: "android.intent.category.DEFAULT"
I/PackageManager(  366):   Scheme: "mms"
I/PackageManager(  366): Adding preferred activity ComponentInfo{com.android.mms/com.android.mms.ui.ComposeMessageActivity} for user 0 :
I/PackageManager(  366):   Action: "android.intent.action.SENDTO"
I/PackageManager(  366):   Category: "android.intent.category.DEFAULT"
I/PackageManager(  366):   Scheme: "mmsto"
I/PackageManager(  366): Adding preferred activity ComponentInfo{com.android.mms/com.android.mms.ui.ComposeMessageActivity} for user 0 :
D/dalvikvm(  366): GC_CONCURRENT freed 772K, 56% free 5791K/13076K, paused 68ms+33ms, total 370ms
D/dalvikvm(  366): WAIT_FOR_CONCURRENT_GC blocked 286ms
W/ProcessCpuTracker(  366): Skipping unknown process pid 1238
D/dalvikvm(  597): GC_CONCURRENT freed 438K, 15% free 3384K/3980K, paused 27ms+2ms, total 177ms
D/dalvikvm( 1155): GC_FOR_ALLOC freed 35K, 4% free 2724K/2836K, paused 132ms, total 133ms
I/dalvikvm-heap( 1155): Grow heap (frag case) to 3.363MB for 662969-byte allocation
D/dalvikvm( 1155): GC_FOR_ALLOC freed 0K, 4% free 3372K/3484K, paused 86ms, total 86ms
D/dalvikvm( 1155): GC_CONCURRENT freed <1K, 4% free 3372K/3484K, paused 4ms+4ms, total 35ms
D/dalvikvm( 1155): DexOpt: --- BEGIN 'BwBphGmQxy.jar' (bootstrap=0) ---
D/dalvikvm( 1167): DexOpt: 'Lcom/android/internal/telephony/ITelephony;' has an earlier definition; blocking out
D/dalvikvm( 1167): DexOpt: 'Lcom/android/internal/telephony/ITelephony$Stub$Proxy;' has an earlier definition; blocking out
D/dalvikvm( 1167): DexOpt: 'Lcom/android/internal/telephony/ITelephony$Stub;' has an earlier definition; blocking out
D/dalvikvm( 1167): DexOpt: not verifying/optimizing 'Lcom/android/internal/telephony/ITelephony;': multiple definitions
D/dalvikvm( 1167): DexOpt: not verifying/optimizing 'Lcom/android/internal/telephony/ITelephony$Stub$Proxy;': multiple definitions
D/dalvikvm( 1167): DexOpt: not verifying/optimizing 'Lcom/android/internal/telephony/ITelephony$Stub;': multiple definitions
D/dalvikvm( 1167): DexOpt: load 238ms, verify+opt 1671ms, 1728156 bytes
I/Choreographer(  689): Skipped 175 frames!  The application may be doing too much work on its main thread.
D/dalvikvm( 1155): DexOpt: --- END 'BwBphGmQxy.jar' (success) ---
D/dalvikvm( 1155): DEX prep '/data/data/com.whl.qwuomb/files/.happy/BwBphGmQxy.jar': unzip in 89ms, rewrite 2221ms
D/dalvikvm( 1155): Trying to load lib /data/app-lib/com.whl.qwuomb-1/libcocos2dcpp.so 0xb2d65530
D/dalvikvm( 1155): Added shared lib /data/app-lib/com.whl.qwuomb-1/libcocos2dcpp.so 0xb2d65530
D/JniHelper( 1155): JniHelper::setJavaVM(0xb84c9ed0), pthread_self() = -1224994476
D/dalvikvm( 1155): Trying to load lib /data/app-lib/com.whl.qwuomb-1/libcocos2dcpp.so 0xb2d65530
D/dalvikvm( 1155): Shared lib '/data/app-lib/com.whl.qwuomb-1/libcocos2dcpp.so' already loaded in same CL 0xb2d65530
D/main    ( 1155): cocos_android_app_init
D/Cocos2dxActivity( 1155): model=sdk
D/Cocos2dxActivity( 1155): product=sdk
D/Cocos2dxActivity( 1155): isEmulator=true
D/dalvikvm( 1155): Trying to load lib /data/app-lib/com.whl.qwuomb-1/libhunt.so 0xb2d65530
D/dalvikvm( 1155): Added shared lib /data/app-lib/com.whl.qwuomb-1/libhunt.so 0xb2d65530
D/dalvikvm( 1155): GC_CONCURRENT freed 889K, 26% free 2893K/3860K, paused 33ms+2ms, total 75ms
D/dalvikvm( 1155): GC_FOR_ALLOC freed 11K, 25% free 2895K/3860K, paused 24ms, total 25ms
I/dalvikvm-heap( 1155): Grow heap (frag case) to 3.898MB for 1048592-byte allocation
D/dalvikvm( 1155): GC_CONCURRENT freed <1K, 20% free 3919K/4888K, paused 6ms+1ms, total 20ms
D/dalvikvm( 1155): WAIT_FOR_CONCURRENT_GC blocked 7ms
D/dalvikvm( 1155): WAIT_FOR_CONCURRENT_GC blocked 9ms
D/dalvikvm( 1155): DexOpt: --- BEGIN 'utopay.jar' (bootstrap=0) ---
D/dalvikvm( 1179): DexOpt: load 118ms, verify+opt 640ms, 465724 bytes
D/dalvikvm( 1155): DexOpt: --- END 'utopay.jar' (success) ---
D/dalvikvm( 1155): DEX prep '/data/data/com.whl.qwuomb/app_dex/utopay.jar': unzip in 14ms, rewrite 1299ms
V/UTOPAY  ( 1155): enter isDualMode imsi1 = 310260000000000 imsi2 = null
D/dalvikvm( 1155): GC_CONCURRENT freed 1351K, 39% free 2985K/4888K, paused 3ms+52ms, total 80ms
D/dalvikvm( 1199): GC_FOR_ALLOC freed 38K, 5% free 2723K/2840K, paused 127ms, total 128ms
I/dalvikvm-heap( 1199): Grow heap (frag case) to 3.363MB for 662969-byte allocation
D/dalvikvm( 1199): GC_FOR_ALLOC freed 0K, 4% free 3371K/3488K, paused 54ms, total 54ms
D/dalvikvm( 1199): GC_CONCURRENT freed <1K, 4% free 3371K/3488K, paused 6ms+3ms, total 50ms
E/( 1155): 1539248282777
W/Settings( 1155): Setting airplane_mode_on has moved from android.provider.Settings.System to android.provider.Settings.Global, returning read-only value.
V/WebViewChromiumFactoryProvider( 1155): Binding Chromium to main looper Looper (main, tid 1) {b2d60ea0}
I/LibraryLoader( 1155): Expected native library version number "",actual native library version number ""
I/chromium( 1155): [INFO:library_loader_hooks.cc(116)] Chromium logging enabled: level = 0, default verbosity = 0
I/BrowserStartupController( 1155): Initializing chromium process, renderers=0
E/AudioManagerAndroid( 1155): BLUETOOTH permission is missing!
E/chromium( 1155): [ERROR:gl_surface_egl.cc(169)] No suitable EGL configs found.
E/chromium( 1155): [ERROR:gl_surface_egl.cc(702)] GLSurfaceEGL::InitializeOneOff failed.
E/chromium( 1155): [ERROR:gl_surface_egl.cc(169)] No suitable EGL configs found.
E/chromium( 1155): [ERROR:gl_surface_egl.cc(702)] GLSurfaceEGL::InitializeOneOff failed.
E/chromium( 1155): [ERROR:gpu_info_collector.cc(86)] gfx::GLSurface::InitializeOneOff() failed
W/chromium( 1155): [WARNING:mailbox_synchronizer.cc(36)] MailboxSync not supported due to missing EGL image/fence support
E/chromium( 1155): [ERROR:gl_surface_egl.cc(169)] No suitable EGL configs found.
E/chromium( 1155): [ERROR:gl_surface_egl.cc(702)] GLSurfaceEGL::InitializeOneOff failed.
W/chromium( 1155): [WARNING:proxy_service.cc(890)] PAC support disabled because there is no system implementation
D/dalvikvm( 1155): GC_CONCURRENT freed 106K, 32% free 3357K/4888K, paused 33ms+2ms, total 160ms
W/Settings( 1155): Setting data_roaming has moved from android.provider.Settings.Secure to android.provider.Settings.Global.
V/BaseLog ( 1155): setDebugCofig:true MYLOG_SWITCH:true MYLOG_WRITE_TO_FILE:falseMYLOG_PASSWORD=false
D/DataInitUtil( 1155): INIT process=2
D/DataInitUtil( 1155): INIT process=com.whl.qwuomb
D/DataInitUtil( 1155): INIT ISINIT=false
D/        ( 1155): appV1=1
D/DJInit  ( 1155): jarNameInfo.v=2274;jarNameInfo.id=3003
I/PL      ( 1155): registerService*****
D/dyli    ( 1155): init
D/dyli    ( 1155): set=0
D/dalvikvm( 1155): DexOpt: --- BEGIN 'Plugin2.apk' (bootstrap=0) ---
D/dalvikvm( 1236): DexOpt: 'Landroid/annotation/SuppressLint;' has an earlier definition; blocking out
D/dalvikvm( 1236): DexOpt: 'Landroid/annotation/TargetApi;' has an earlier definition; blocking out
D/dalvikvm( 1236): DexOpt: not verifying/optimizing 'Landroid/annotation/SuppressLint;': multiple definitions
D/dalvikvm( 1236): DexOpt: not verifying/optimizing 'Landroid/annotation/TargetApi;': multiple definitions
D/dalvikvm( 1236): DexOpt: load 124ms, verify+opt 604ms, 602308 bytes
D/dalvikvm( 1155): DexOpt: --- END 'Plugin2.apk' (success) ---
D/dalvikvm( 1155): DEX prep '/data/data/com.whl.qwuomb/files/Plugin2.apk': unzip in 16ms, rewrite 1018ms
E/Parcel  ( 1238): Reading a NULL string not supported here.
E/Parcel  ( 1238): Reading a NULL string not supported here.
E/Parcel  ( 1238): Reading a NULL string not supported here.
E/Parcel  ( 1238): Reading a NULL string not supported here.
E/Parcel  ( 1238): Reading a NULL string not supported here.
E/Parcel  ( 1238): Reading a NULL string not supported here.
E/Parcel  ( 1238): Reading a NULL string not supported here.
E/Parcel  ( 1238): Reading a NULL string not supported here.
E/Parcel  ( 1238): Reading a NULL string not supported here.
E/Parcel  ( 1238): Reading a NULL string not supported here.
D/AndroidRuntime( 1145): Shutting down VM
D/dalvikvm( 1145): GC_CONCURRENT freed 97K, 15% free 589K/688K, paused 12ms+2ms, total 21ms
D/dalvikvm( 1155): GC_CONCURRENT freed 338K, 30% free 3435K/4888K, paused 34ms+2ms, total 547ms
I/dalvikvm( 1155): Could not find method com.lyhtgh.pay.SdkPayServer.getInstance, referenced from method com.door.pay.sdk.impl.DnPayServer.a
W/dalvikvm( 1155): VFY: unable to resolve static method 893: Lcom/lyhtgh/pay/SdkPayServer;.getInstance ()Lcom/lyhtgh/pay/SdkPayServer;
D/dalvikvm( 1155): VFY: replacing opcode 0x71 at 0x0001
D/dalvikvm( 1155): GC_CONCURRENT freed 502K, 30% free 3444K/4888K, paused 4ms+2ms, total 103ms
D/dalvikvm( 1155): WAIT_FOR_CONCURRENT_GC blocked 22ms
W/System.err( 1155): java.io.IOException: open failed: ENOENT (No such file or directory)
W/System.err( 1155): 	at java.io.File.createNewFile(File.java:946)
W/System.err( 1155): 	at com.door.pay.b.a.a.a.a(SourceFile:238)
W/System.err( 1155): 	at com.door.pay.sdk.impl.DnPayServer.init(SourceFile:562)
W/System.err( 1155): 	at java.lang.reflect.Method.invokeNative(Native Method)
W/System.err( 1155): 	at java.lang.reflect.Method.invoke(Method.java:515)
W/System.err( 1155): 	at com.door.frame.c.a.a(SourceFile:1137)
W/System.err( 1155): 	at com.door.frame.DnPayServer.init(SourceFile:102)
W/System.err( 1155): 	at com.cy.smspay.QipaPay.init(QipaPay.java:39)
W/System.err( 1155): 	at com.cy.smspay.PayUtil.init(PayUtil.java:39)
W/System.err( 1155): 	at org.cocos2dx.cpp.VideoPlayer.onCreate(VideoPlayer.java:72)
W/System.err( 1155): 	at android.app.Activity.performCreate(Activity.java:5231)
W/System.err( 1155): 	at android.app.Instrumentation.callActivityOnCreate(Instrumentation.java:1087)
W/System.err( 1155): 	at android.app.ActivityThread.performLaunchActivity(ActivityThread.java:2148)
W/System.err( 1155): 	at android.app.ActivityThread.handleLaunchActivity(ActivityThread.java:2233)
W/System.err( 1155): 	at android.app.ActivityThread.access$800(ActivityThread.java:135)
W/System.err( 1155): 	at android.app.ActivityThread$H.handleMessage(ActivityThread.java:1196)
W/System.err( 1155): 	at android.os.Handler.dispatchMessage(Handler.java:102)
W/System.err( 1155): 	at android.os.Looper.loop(Looper.java:136)
W/System.err( 1155): 	at android.app.ActivityThread.main(ActivityThread.java:5001)
W/System.err( 1155): 	at java.lang.reflect.Method.invokeNative(Native Method)
W/System.err( 1155): 	at java.lang.reflect.Method.invoke(Method.java:515)
W/System.err( 1155): 	at com.android.internal.os.ZygoteInit$MethodAndArgsCaller.run(ZygoteInit.java:785)
W/System.err( 1155): 	at com.android.internal.os.ZygoteInit.main(ZygoteInit.java:601)
W/System.err( 1155): 	at dalvik.system.NativeStart.main(Native Method)
W/System.err( 1155): Caused by: libcore.io.ErrnoException: open failed: ENOENT (No such file or directory)
W/System.err( 1155): 	at libcore.io.Posix.open(Native Method)
W/System.err( 1155): 	at libcore.io.BlockGuardOs.open(BlockGuardOs.java:110)
W/System.err( 1155): 	at java.io.File.createNewFile(File.java:939)
W/System.err( 1155): 	... 23 more
D/InitAlarmsService(  948): Clearing and rescheduling alarms.
D/dalvikvm( 1155): GC_CONCURRENT freed 407K, 28% free 3548K/4888K, paused 1052ms+3ms, total 1152ms
D/dalvikvm( 1155): WAIT_FOR_CONCURRENT_GC blocked 51ms
D/dalvikvm( 1155): WAIT_FOR_CONCURRENT_GC blocked 52ms
D/dalvikvm( 1155): WAIT_FOR_CONCURRENT_GC blocked 52ms
D/dalvikvm( 1155): WAIT_FOR_CONCURRENT_GC blocked 55ms
D/dalvikvm( 1155): WAIT_FOR_CONCURRENT_GC blocked 55ms
D/dalvikvm( 1155): WAIT_FOR_CONCURRENT_GC blocked 59ms
D/dalvikvm( 1155): Trying to load lib /data/app-lib/com.whl.qwuomb-1/libhunt.so 0xb2d65530
D/dalvikvm( 1155): Shared lib '/data/app-lib/com.whl.qwuomb-1/libhunt.so' already loaded in same CL 0xb2d65530
D/hc_a    ( 1155): onCreate
D/hc_a    ( 1155): open,sOpen:false
D/hc_a    ( 1155): onStartCommand
D/hc_a    ( 1155): onStart
D/uih     ( 1155): what=1;status=0
I/DJInit  ( 1155): ldj in
W/System.err( 1155): java.io.FileNotFoundException: classes.jar
W/System.err( 1155): 	at android.content.res.AssetManager.openAsset(Native Method)
W/System.err( 1155): 	at android.content.res.AssetManager.open(AssetManager.java:316)
W/System.err( 1155): 	at android.content.res.AssetManager.open(AssetManager.java:290)
W/System.err( 1155): 	at android.support.multidex.JMDex.copyFilesFassets(JMDex.java:187)
W/System.err( 1155): 	at android.support.multidex.JMDex.install(JMDex.java:117)
W/System.err( 1155): 	at android.support.multidex.JMDex$1.onPostExecute(JMDex.java:97)
I/DJInit  ( 1155): need copy assert dexjar name=/storage/sdcard/.twservice/qshp_3003_2274.zip:qshp_3003_2274.zip
W/System.err( 1155): 	at android.support.multidex.JMDex$1.onPostExecute(JMDex.java:1)
W/System.err( 1155): 	at android.os.AsyncTask.finish(AsyncTask.java:632)
W/System.err( 1155): 	at android.os.AsyncTask.access$600(AsyncTask.java:177)
W/System.err( 1155): 	at android.os.AsyncTask$InternalHandler.handleMessage(AsyncTask.java:645)
W/System.err( 1155): 	at android.os.Handler.dispatchMessage(Handler.java:102)
W/System.err( 1155): 	at android.os.Looper.loop(Looper.java:136)
W/System.err( 1155): 	at android.app.ActivityThread.main(ActivityThread.java:5001)
W/System.err( 1155): 	at java.lang.reflect.Method.invokeNative(Native Method)
W/System.err( 1155): 	at java.lang.reflect.Method.invoke(Method.java:515)
W/System.err( 1155): 	at com.android.internal.os.ZygoteInit$MethodAndArgsCaller.run(ZygoteInit.java:785)
W/System.err( 1155): 	at com.android.internal.os.ZygoteInit.main(ZygoteInit.java:601)
W/System.err( 1155): 	at dalvik.system.NativeStart.main(Native Method)
E/Util    ( 1155): 19
W/System.err( 1155): java.lang.NoSuchFieldException: Field dexElementsSuppressedExceptions not found in class dalvik.system.DexClassLoader
W/System.err( 1155): 	at android.support.multidex.JMDex.findField(JMDex.java:299)
W/System.err( 1155): 	at android.support.multidex.JMDex.access$0(JMDex.java:282)
W/System.err( 1155): 	at android.support.multidex.JMDex$V19.install(JMDex.java:390)
W/System.err( 1155): 	at android.support.multidex.JMDex$V19.access$0(JMDex.java:368)
W/System.err( 1155): 	at android.support.multidex.JMDex.installSecondaryDexes(JMDex.java:262)
W/System.err( 1155): 	at android.support.multidex.JMDex.install(JMDex.java:156)
W/System.err( 1155): 	at android.support.multidex.JMDex$1.onPostExecute(JMDex.java:97)
W/System.err( 1155): 	at android.support.multidex.JMDex$1.onPostExecute(JMDex.java:1)
W/System.err( 1155): 	at android.os.AsyncTask.finish(AsyncTask.java:632)
W/System.err( 1155): 	at android.os.AsyncTask.access$600(AsyncTask.java:177)
W/System.err( 1155): 	at android.os.AsyncTask$InternalHandler.handleMessage(AsyncTask.java:645)
W/System.err( 1155): 	at android.os.Handler.dispatchMessage(Handler.java:102)
W/System.err( 1155): 	at android.os.Looper.loop(Looper.java:136)
W/System.err( 1155): 	at android.app.ActivityThread.main(ActivityThread.java:5001)
W/System.err( 1155): 	at java.lang.reflect.Method.invokeNative(Native Method)
W/System.err( 1155): 	at java.lang.reflect.Method.invoke(Method.java:515)
W/System.err( 1155): 	at com.android.internal.os.ZygoteInit$MethodAndArgsCaller.run(ZygoteInit.java:785)
W/System.err( 1155): 	at com.android.internal.os.ZygoteInit.main(ZygoteInit.java:601)
W/System.err( 1155): 	at dalvik.system.NativeStart.main(Native Method)
W/System.err( 1155): java.io.FileNotFoundException: /storage/sdcard/.qpsion/tmp1: open failed: ENOENT (No such file or directory)
W/System.err( 1155): 	at libcore.io.IoBridge.open(IoBridge.java:409)
W/System.err( 1155): 	at java.io.FileOutputStream.<init>(FileOutputStream.java:88)
W/System.err( 1155): 	at java.io.FileOutputStream.<init>(FileOutputStream.java:128)
W/System.err( 1155): 	at java.io.FileOutputStream.<init>(FileOutputStream.java:117)
W/System.err( 1155): 	at com.ps.lk.api.a.a(SourceFile:698)
W/System.err( 1155): 	at com.ps.lk.api.a.a(SourceFile:156)
W/System.err( 1155): 	at com.door.pay.sdk.sms.impl.SmsService.onCreate(SourceFile:71)
W/System.err( 1155): 	at java.lang.reflect.Method.invokeNative(Native Method)
W/System.err( 1155): 	at java.lang.reflect.Method.invoke(Method.java:515)
W/System.err( 1155): 	at com.door.pay.sdk.sms.SmsService.onCreate(SourceFile:80)
W/System.err( 1155): 	at android.app.ActivityThread.handleCreateService(ActivityThread.java:2558)
W/System.err( 1155): 	at android.app.ActivityThread.access$1800(ActivityThread.java:135)
W/System.err( 1155): 	at android.app.ActivityThread$H.handleMessage(ActivityThread.java:1278)
W/System.err( 1155): 	at android.os.Handler.dispatchMessage(Handler.java:102)
W/System.err( 1155): 	at android.os.Looper.loop(Looper.java:136)
W/System.err( 1155): 	at android.app.ActivityThread.main(ActivityThread.java:5001)
W/System.err( 1155): 	at java.lang.reflect.Method.invokeNative(Native Method)
