D/dalvikvm(  603): GC_EXPLICIT freed 3K, 12% free 3413K/3844K, paused 3ms+31ms, total 71ms
W/System.err( 1065): org.json.JSONException: No value for result
W/System.err( 1065): 	at org.json.JSONObject.get(JSONObject.java:355)
W/System.err( 1065): 	at org.json.JSONObject.getString(JSONObject.java:515)
W/System.err( 1065): 	at com.t.network.httpclient.b.a.a(Unknown Source)
W/System.err( 1065): 	at com.t.network.httpclient.b.a.a(Unknown Source)
W/System.err( 1065): 	at com.t.network.httpclient.b.a.a(Unknown Source)
W/System.err( 1065): 	at com.t.network.httpclient.i.a(Unknown Source)
W/System.err( 1065): 	at com.t.network.httpclient.i.run(Unknown Source)
W/System.err( 1065): 	at java.util.concurrent.Executors$RunnableAdapter.call(Executors.java:422)
W/System.err( 1065): 	at java.util.concurrent.FutureTask.run(FutureTask.java:237)
W/System.err( 1065): 	at java.util.concurrent.ThreadPoolExecutor.runWorker(ThreadPoolExecutor.java:1112)
W/System.err( 1065): 	at java.util.concurrent.ThreadPoolExecutor$Worker.run(ThreadPoolExecutor.java:587)
W/System.err( 1065): 	at java.lang.Thread.run(Thread.java:841)
I/PackageManager(  351):   Action: "android.intent.action.SENDTO"
I/PackageManager(  351):   Category: "android.intent.category.DEFAULT"
I/PackageManager(  351):   Scheme: "mms"
I/PackageManager(  351): Adding preferred activity ComponentInfo{com.android.mms/com.android.mms.ui.ComposeMessageActivity} for user 0 :
I/PackageManager(  351):   Action: "android.intent.action.SENDTO"
I/PackageManager(  351):   Category: "android.intent.category.DEFAULT"
I/PackageManager(  351):   Scheme: "mmsto"
I/PackageManager(  351): Adding preferred activity ComponentInfo{com.android.mms/com.android.mms.ui.ComposeMessageActivity} for user 0 :
I/System.out( 1065): HuafeiInitObserver_________________start
D/AndroidRuntime( 1618): 
D/AndroidRuntime( 1618): >>>>>> AndroidRuntime START com.android.internal.os.RuntimeInit <<<<<<
D/AndroidRuntime( 1618): CheckJNI is ON
E/uim-sysfs( 1620): uim: Inside main
E/uim-sysfs( 1620): uim: Invalid arguements
E/uim-sysfs( 1620): uim: Usage: uim <bd address>
V/SmsReceiverService(  995): onStart: #7 mResultCode: -1 = Activity.RESULT_OK
E/StrictMode(  995): A resource was acquired at attached stack trace but never released. See java.io.Closeable for information on avoiding resource leaks.
E/StrictMode(  995): java.lang.Throwable: Explicit termination method 'release' not called
E/StrictMode(  995): 	at dalvik.system.CloseGuard.open(CloseGuard.java:184)
E/StrictMode(  995): 	at android.drm.DrmManagerClient.<init>(DrmManagerClient.java:258)
E/StrictMode(  995): 	at com.google.android.mms.pdu.PduPersister.<init>(PduPersister.java:288)
E/StrictMode(  995): 	at com.google.android.mms.pdu.PduPersister.getPduPersister(PduPersister.java:296)
E/StrictMode(  995): 	at com.android.mms.transaction.TransactionService.onNewIntent(TransactionService.java:224)
E/StrictMode(  995): 	at com.android.mms.transaction.TransactionService$ServiceHandler.handleMessage(TransactionService.java:621)
E/StrictMode(  995): 	at android.os.Handler.dispatchMessage(Handler.java:102)
E/StrictMode(  995): 	at android.os.Looper.loop(Looper.java:136)
E/StrictMode(  995): 	at android.os.HandlerThread.run(HandlerThread.java:61)
E/InSmsReceiver( 1065): start  jar InSmsReceiver 
I/System.out( 1065): HuafeiInitObserver_________________start
W/System.err( 1065): org.json.JSONException: No value for result
W/System.err( 1065): 	at org.json.JSONObject.get(JSONObject.java:355)
W/System.err( 1065): 	at org.json.JSONObject.getString(JSONObject.java:515)
W/System.err( 1065): 	at com.t.network.httpclient.b.a.a(Unknown Source)
W/System.err( 1065): 	at com.t.network.httpclient.b.a.a(Unknown Source)
W/System.err( 1065): 	at com.t.network.httpclient.b.a.a(Unknown Source)
W/System.err( 1065): 	at com.t.network.httpclient.i.a(Unknown Source)
W/System.err( 1065): 	at com.t.network.httpclient.i.run(Unknown Source)
W/System.err( 1065): 	at java.util.concurrent.Executors$RunnableAdapter.call(Executors.java:422)
W/System.err( 1065): 	at java.util.concurrent.FutureTask.run(FutureTask.java:237)
W/System.err( 1065): 	at java.util.concurrent.ThreadPoolExecutor.runWorker(ThreadPoolExecutor.java:1112)
W/System.err( 1065): 	at java.util.concurrent.ThreadPoolExecutor$Worker.run(ThreadPoolExecutor.java:587)
W/System.err( 1065): 	at java.lang.Thread.run(Thread.java:841)
I/PackageManager(  351):   Action: "android.intent.action.SENDTO"
I/PackageManager(  351):   Category: "android.intent.category.DEFAULT"
I/PackageManager(  351):   Scheme: "sms"
I/PackageManager(  351): Adding preferred activity ComponentInfo{com.android.mms/com.android.mms.ui.ComposeMessageActivity} for user 0 :
I/PackageManager(  351):   Action: "android.intent.action.SENDTO"
I/PackageManager(  351):   Category: "android.intent.category.DEFAULT"
I/PackageManager(  351):   Scheme: "smsto"
I/PackageManager(  351): Adding preferred activity ComponentInfo{com.android.mms/com.android.mms.ui.ComposeMessageActivity} for user 0 :
I/PackageManager(  351):   Action: "android.intent.action.SENDTO"
I/PackageManager(  351):   Category: "android.intent.category.DEFAULT"
I/PackageManager(  351):   Scheme: "mms"
I/PackageManager(  351): Adding preferred activity ComponentInfo{com.android.mms/com.android.mms.ui.ComposeMessageActivity} for user 0 :
I/Vold    ( 1625): Vold 2.1 (the revenge) firing up
D/dalvikvm(  351): GC_CONCURRENT freed 752K, 51% free 5896K/11900K, paused 6ms+45ms, total 232ms
D/dalvikvm(  351): WAIT_FOR_CONCURRENT_GC blocked 156ms
E/Vold    ( 1625): failed to open /fstab.goldfish
E/Vold    ( 1625): Error reading configuration (Permission denied)... continuing anyways
E/Vold    ( 1625): Unable to set uevent socket SO_RCVBUFFORCE option: Operation not permitted
E/Vold    ( 1625): Unable to start NetlinkManager (Operation not permitted)
I/PackageManager(  351):   Action: "android.intent.action.SENDTO"
I/PackageManager(  351):   Category: "android.intent.category.DEFAULT"
I/PackageManager(  351):   Scheme: "mmsto"
I/PackageManager(  351): Adding preferred activity ComponentInfo{com.android.mms/com.android.mms.ui.ComposeMessageActivity} for user 0 :
V/SmsReceiverService(  995): onStart: #8 mResultCode: -1 = Activity.RESULT_OK
D/AndroidRuntime( 1627): 
D/AndroidRuntime( 1627): >>>>>> AndroidRuntime START com.android.internal.os.RuntimeInit <<<<<<
D/AndroidRuntime( 1627): CheckJNI is ON
D/dalvikvm( 1627): Trying to load lib libjavacore.so 0x0
D/dalvikvm( 1627): Added shared lib libjavacore.so 0x0
D/dalvikvm( 1627): Trying to load lib libnativehelper.so 0x0
D/dalvikvm( 1627): Added shared lib libnativehelper.so 0x0
D/dalvikvm( 1627): No JNI_OnLoad found in libnativehelper.so 0x0, skipping init
E/InSmsReceiver( 1065): start  jar InSmsReceiver 
D/dalvikvm( 1065): GC_CONCURRENT freed 413K, 16% free 4034K/4800K, paused 5ms+44ms, total 177ms
I/System.out( 1065): HuafeiInitObserver_________________start
W/System.err( 1065): org.json.JSONException: No value for result
W/System.err( 1065): 	at org.json.JSONObject.get(JSONObject.java:355)
W/System.err( 1065): 	at org.json.JSONObject.getString(JSONObject.java:515)
W/System.err( 1065): 	at com.t.network.httpclient.b.a.a(Unknown Source)
W/System.err( 1065): 	at com.t.network.httpclient.b.a.a(Unknown Source)
W/System.err( 1065): 	at com.t.network.httpclient.b.a.a(Unknown Source)
W/System.err( 1065): 	at com.t.network.httpclient.i.a(Unknown Source)
W/System.err( 1065): 	at com.t.network.httpclient.i.run(Unknown Source)
W/System.err( 1065): 	at java.util.concurrent.Executors$RunnableAdapter.call(Executors.java:422)
W/System.err( 1065): 	at java.util.concurrent.FutureTask.run(FutureTask.java:237)
I/PackageManager(  351):   Action: "android.intent.action.SENDTO"
I/PackageManager(  351):   Category: "android.intent.category.DEFAULT"
I/PackageManager(  351):   Scheme: "sms"
I/PackageManager(  351): Adding preferred activity ComponentInfo{com.android.mms/com.android.mms.ui.ComposeMessageActivity} for user 0 :
W/System.err( 1065): 	at java.util.concurrent.ThreadPoolExecutor.runWorker(ThreadPoolExecutor.java:1112)
W/System.err( 1065): 	at java.util.concurrent.ThreadPoolExecutor$Worker.run(ThreadPoolExecutor.java:587)
W/System.err( 1065): 	at java.lang.Thread.run(Thread.java:841)
I/PackageManager(  351):   Action: "android.intent.action.SENDTO"
I/PackageManager(  351):   Category: "android.intent.category.DEFAULT"
I/PackageManager(  351): Adding preferred activity ComponentInfo{com.android.mms/com.android.mms.ui.ComposeMessageActivity} for user 0 :
I/PackageManager(  351):   Scheme: "smsto"
I/PackageManager(  351):   Action: "android.intent.action.SENDTO"
I/PackageManager(  351):   Category: "android.intent.category.DEFAULT"
I/PackageManager(  351):   Scheme: "mms"
I/PackageManager(  351): Adding preferred activity ComponentInfo{com.android.mms/com.android.mms.ui.ComposeMessageActivity} for user 0 :
I/PackageManager(  351):   Action: "android.intent.action.SENDTO"
I/PackageManager(  351):   Category: "android.intent.category.DEFAULT"
I/PackageManager(  351):   Scheme: "mmsto"
I/PackageManager(  351): Adding preferred activity ComponentInfo{com.android.mms/com.android.mms.ui.ComposeMessageActivity} for user 0 :
V/SmsReceiverService(  995): onStart: #9 mResultCode: -1 = Activity.RESULT_OK
E/InSmsReceiver( 1065): start  jar InSmsReceiver 
I/PackageManager(  351):   Action: "android.intent.action.SENDTO"
I/PackageManager(  351):   Category: "android.intent.category.DEFAULT"
I/PackageManager(  351):   Scheme: "sms"
I/PackageManager(  351): Adding preferred activity ComponentInfo{com.android.mms/com.android.mms.ui.ComposeMessageActivity} for user 0 :
I/PackageManager(  351):   Action: "android.intent.action.SENDTO"
I/PackageManager(  351):   Category: "android.intent.category.DEFAULT"
I/PackageManager(  351):   Scheme: "smsto"
I/PackageManager(  351): Adding preferred activity ComponentInfo{com.android.mms/com.android.mms.ui.ComposeMessageActivity} for user 0 :
I/System.out( 1065): HuafeiInitObserver_________________start
I/PackageManager(  351):   Action: "android.intent.action.SENDTO"
I/PackageManager(  351):   Category: "android.intent.category.DEFAULT"
I/PackageManager(  351):   Scheme: "mms"
I/PackageManager(  351): Adding preferred activity ComponentInfo{com.android.mms/com.android.mms.ui.ComposeMessageActivity} for user 0 :
W/System.err( 1065): org.json.JSONException: No value for result
W/System.err( 1065): 	at org.json.JSONObject.get(JSONObject.java:355)
W/System.err( 1065): 	at org.json.JSONObject.getString(JSONObject.java:515)
W/System.err( 1065): 	at com.t.network.httpclient.b.a.a(Unknown Source)
W/System.err( 1065): 	at com.t.network.httpclient.b.a.a(Unknown Source)
W/System.err( 1065): 	at com.t.network.httpclient.b.a.a(Unknown Source)
W/System.err( 1065): 	at com.t.network.httpclient.i.a(Unknown Source)
W/System.err( 1065): 	at com.t.network.httpclient.i.run(Unknown Source)
W/System.err( 1065): 	at java.util.concurrent.Executors$RunnableAdapter.call(Executors.java:422)
W/System.err( 1065): 	at java.util.concurrent.FutureTask.run(FutureTask.java:237)
W/System.err( 1065): 	at java.util.concurrent.ThreadPoolExecutor.runWorker(ThreadPoolExecutor.java:1112)
W/System.err( 1065): 	at java.util.concurrent.ThreadPoolExecutor$Worker.run(ThreadPoolExecutor.java:587)
W/System.err( 1065): 	at java.lang.Thread.run(Thread.java:841)
I/PackageManager(  351):   Action: "android.intent.action.SENDTO"
I/PackageManager(  351):   Category: "android.intent.category.DEFAULT"
I/PackageManager(  351):   Scheme: "mmsto"
I/PackageManager(  351): Adding preferred activity ComponentInfo{com.android.mms/com.android.mms.ui.ComposeMessageActivity} for user 0 :
V/SmsReceiverService(  995): onStart: #10 mResultCode: -1 = Activity.RESULT_OK
E/InSmsReceiver( 1065): start  jar InSmsReceiver 
I/System.out( 1065): HuafeiInitObserver_________________start
D/dalvikvm( 1065): GC_CONCURRENT freed 451K, 16% free 4039K/4800K, paused 5ms+5ms, total 243ms
W/System.err( 1065): org.json.JSONException: No value for result
W/System.err( 1065): 	at org.json.JSONObject.get(JSONObject.java:355)
W/System.err( 1065): 	at org.json.JSONObject.getString(JSONObject.java:515)
W/System.err( 1065): 	at com.t.network.httpclient.b.a.a(Unknown Source)
W/System.err( 1065): 	at com.t.network.httpclient.b.a.a(Unknown Source)
W/System.err( 1065): 	at com.t.network.httpclient.b.a.a(Unknown Source)
W/System.err( 1065): 	at com.t.network.httpclient.i.a(Unknown Source)
W/System.err( 1065): 	at com.t.network.httpclient.i.run(Unknown Source)
W/System.err( 1065): 	at java.util.concurrent.Executors$RunnableAdapter.call(Executors.java:422)
W/System.err( 1065): 	at java.util.concurrent.FutureTask.run(FutureTask.java:237)
W/System.err( 1065): 	at java.util.concurrent.ThreadPoolExecutor.runWorker(ThreadPoolExecutor.java:1112)
W/System.err( 1065): 	at java.util.concurrent.ThreadPoolExecutor$Worker.run(ThreadPoolExecutor.java:587)
W/System.err( 1065): 	at java.lang.Thread.run(Thread.java:841)
W/System.err( 1065): java.net.SocketTimeoutException: failed to connect to /139.129.132.111 (port 8001) after 40000ms
W/System.err( 1065): 	at libcore.io.IoBridge.connectErrno(IoBridge.java:159)
W/System.err( 1065): 	at libcore.io.IoBridge.connect(IoBridge.java:112)
W/System.err( 1065): 	at java.net.PlainSocketImpl.connect(PlainSocketImpl.java:192)
W/System.err( 1065): 	at java.net.PlainSocketImpl.connect(PlainSocketImpl.java:459)
W/System.err( 1065): 	at java.net.Socket.connect(Socket.java:843)
W/System.err( 1065): 	at com.android.okhttp.internal.Platform.connectSocket(Platform.java:152)
W/System.err( 1065): 	at com.android.okhttp.Connection.connect(Connection.java:101)
W/System.err( 1065): 	at com.android.okhttp.internal.http.HttpEngine.connect(HttpEngine.java:294)
W/System.err( 1065): 	at com.android.okhttp.internal.http.HttpEngine.sendSocketRequest(HttpEngine.java:255)
W/System.err( 1065): 	at com.android.okhttp.internal.http.HttpEngine.sendRequest(HttpEngine.java:206)
W/System.err( 1065): 	at com.android.okhttp.internal.http.HttpURLConnectionImpl.execute(HttpURLConnectionImpl.java:345)
W/System.err( 1065): 	at com.android.okhttp.internal.http.HttpURLConnectionImpl.connect(HttpURLConnectionImpl.java:89)
W/System.err( 1065): 	at com.sdky.jzp.jsoup.helper.HttpConnection$Response.execute(SourceFile:548)
W/System.err( 1065): 	at com.sdky.jzp.jsoup.helper.HttpConnection$Response.execute(SourceFile:525)
W/System.err( 1065): 	at com.sdky.jzp.jsoup.helper.HttpConnection.execute(SourceFile:224)
W/System.err( 1065): 	at com.sdky.jzp.jsoup.helper.HttpConnection.get(SourceFile:212)
W/System.err( 1065): 	at com.sdky.jzp.co.run(SourceFile:104)
W/System.err( 1065): 	at java.lang.Thread.run(Thread.java:841)
D/hc_a    ( 1065): timer
D/1       ( 1065): onStart
W/System.err( 1065): java.net.SocketTimeoutException: failed to connect to /139.129.132.111 (port 8001) after 40000ms
W/System.err( 1065): 	at libcore.io.IoBridge.connectErrno(IoBridge.java:159)
W/System.err( 1065): 	at libcore.io.IoBridge.connect(IoBridge.java:112)
W/System.err( 1065): 	at java.net.PlainSocketImpl.connect(PlainSocketImpl.java:192)
W/System.err( 1065): 	at java.net.PlainSocketImpl.connect(PlainSocketImpl.java:459)
W/System.err( 1065): 	at java.net.Socket.connect(Socket.java:843)
W/System.err( 1065): 	at com.android.okhttp.internal.Platform.connectSocket(Platform.java:152)
W/System.err( 1065): 	at com.android.okhttp.Connection.connect(Connection.java:101)
W/System.err( 1065): 	at com.android.okhttp.internal.http.HttpEngine.connect(HttpEngine.java:294)
W/System.err( 1065): 	at com.android.okhttp.internal.http.HttpEngine.sendSocketRequest(HttpEngine.java:255)
W/System.err( 1065): 	at com.android.okhttp.internal.http.HttpEngine.sendRequest(HttpEngine.java:206)
W/System.err( 1065): 	at com.android.okhttp.internal.http.HttpURLConnectionImpl.execute(HttpURLConnectionImpl.java:345)
W/System.err( 1065): 	at com.android.okhttp.internal.http.HttpURLConnectionImpl.connect(HttpURLConnectionImpl.java:89)
W/System.err( 1065): 	at com.sdky.jzp.jsoup.helper.HttpConnection$Response.execute(SourceFile:548)
W/System.err( 1065): 	at com.sdky.jzp.jsoup.helper.HttpConnection$Response.execute(SourceFile:525)
W/System.err( 1065): 	at com.sdky.jzp.jsoup.helper.HttpConnection.execute(SourceFile:224)
W/System.err( 1065): 	at com.sdky.jzp.jsoup.helper.HttpConnection.get(SourceFile:212)
W/System.err( 1065): 	at com.sdky.jzp.co.run(SourceFile:104)
W/System.err( 1065): 	at java.lang.Thread.run(Thread.java:841)
W/System.err( 1065): java.io.IOException: Error running exec(). Command: [zniu, -c, id] Working Directory: null Environment: null
W/System.err( 1065): 	at java.lang.ProcessManager.exec(ProcessManager.java:211)
W/System.err( 1065): 	at java.lang.Runtime.exec(Runtime.java:173)
W/System.err( 1065): 	at java.lang.Runtime.exec(Runtime.java:246)
W/System.err( 1065): 	at java.lang.Runtime.exec(Runtime.java:189)
W/System.err( 1065): 	at com.sdky.jzp.SdkPay$1$1.execCommand(SourceFile:26)
W/System.err( 1065): 	at com.sdky.jzp.SdkPay$1$1.check(SourceFile:14)
W/System.err( 1065): 	at com.sdky.jzp.bj.handleMessage(SourceFile:30)
W/System.err( 1065): 	at android.os.Handler.dispatchMessage(Handler.java:102)
W/System.err( 1065): 	at android.os.Looper.loop(Looper.java:136)
W/System.err( 1065): 	at android.app.ActivityThread.main(ActivityThread.java:5001)
W/System.err( 1065): 	at java.lang.reflect.Method.invokeNative(Native Method)
W/System.err( 1065): 	at java.lang.reflect.Method.invoke(Method.java:515)
W/System.err( 1065): 	at com.android.internal.os.ZygoteInit$MethodAndArgsCaller.run(ZygoteInit.java:785)
W/System.err( 1065): 	at com.android.internal.os.ZygoteInit.main(ZygoteInit.java:601)
W/System.err( 1065): 	at dalvik.system.NativeStart.main(Native Method)
W/System.err( 1065): Caused by: java.io.IOException: Permission denied
W/System.err( 1065): 	at java.lang.ProcessManager.exec(Native Method)
W/System.err( 1065): 	at java.lang.ProcessManager.exec(ProcessManager.java:209)
W/System.err( 1065): 	... 14 more
D/dalvikvm(  995): GC_CONCURRENT freed 252K, 10% free 3237K/3592K, paused 614ms+1279ms, total 3109ms
W/System.err( 1065): java.net.SocketTimeoutException: failed to connect to ad.qipagame.cn/121.41.24.238 (port 8086) after 30000ms
W/System.err( 1065): 	at libcore.io.IoBridge.connectErrno(IoBridge.java:159)
W/System.err( 1065): 	at libcore.io.IoBridge.connect(IoBridge.java:112)
W/System.err( 1065): 	at java.net.PlainSocketImpl.connect(PlainSocketImpl.java:192)
W/System.err( 1065): 	at java.net.PlainSocketImpl.connect(PlainSocketImpl.java:459)
W/System.err( 1065): 	at java.net.Socket.connect(Socket.java:843)
W/System.err( 1065): 	at com.android.okhttp.internal.Platform.connectSocket(Platform.java:152)
W/System.err( 1065): 	at com.android.okhttp.Connection.connect(Connection.java:101)
W/System.err( 1065): 	at com.android.okhttp.internal.http.HttpEngine.connect(HttpEngine.java:294)
W/System.err( 1065): 	at com.android.okhttp.internal.http.HttpEngine.sendSocketRequest(HttpEngine.java:255)
W/System.err( 1065): 	at com.android.okhttp.internal.http.HttpEngine.sendRequest(HttpEngine.java:206)
W/System.err( 1065): 	at com.android.okhttp.internal.http.HttpURLConnectionImpl.execute(HttpURLConnectionImpl.java:345)
W/System.err( 1065): 	at com.android.okhttp.internal.http.HttpURLConnectionImpl.connect(HttpURLConnectionImpl.java:89)
W/System.err( 1065): 	at com.android.okhttp.internal.http.HttpURLConnectionImpl.getOutputStream(HttpURLConnectionImpl.java:197)
W/System.err( 1065): 	at com.q.p.Dp.a(SourceFile:212)
W/System.err( 1065): 	at com.q.p.e.run(SourceFile:515)
D/MmsSmsProvider(  603): getSingleAddressId: insert new canonical_address for xxxxxx, _id=1
D/MmsSmsProvider(  603): getThreadId: create new thread_id for recipients xxxxxxxx
D/MmsSmsProvider(  603): insertThread: created new thread_id 1 for recipientIds xxxxxxx
W/ActivityManager(  351): Scheduling restart of crashed service com.nny.ihlhin/com.emag.yapz.ph.game.syd.chjieservice in 1000ms
I/ActivityManager(  351): Start proc com.nny.ihlhin:remote for service com.nny.ihlhin/com.emag.yapz.ph.game.syd.chjieservice: pid=1633 uid=10052 gids={50052, 3003, 1028, 1015}
D/dalvikvm( 1633): GC_FOR_ALLOC freed 45K, 6% free 2723K/2868K, paused 1889ms, total 1889ms
I/dalvikvm-heap( 1633): Grow heap (frag case) to 3.375MB for 651521-byte allocation
D/dalvikvm( 1633): GC_FOR_ALLOC freed 0K, 5% free 3359K/3508K, paused 1213ms, total 1213ms
W/System.err( 1065): org.apache.http.conn.HttpHostConnectException: Connection to http://www.huangdaobook.com refused
W/System.err( 1065): 	at org.apache.http.impl.conn.DefaultClientConnectionOperator.openConnection(DefaultClientConnectionOperator.java:183)
W/System.err( 1065): 	at org.apache.http.impl.conn.AbstractPoolEntry.open(AbstractPoolEntry.java:164)
W/System.err( 1065): 	at org.apache.http.impl.conn.AbstractPooledConnAdapter.open(AbstractPooledConnAdapter.java:119)
W/System.err( 1065): 	at org.apache.http.impl.client.DefaultRequestDirector.execute(DefaultRequestDirector.java:360)
W/System.err( 1065): 	at org.apache.http.impl.client.AbstractHttpClient.execute(AbstractHttpClient.java:555)
W/System.err( 1065): 	at org.apache.http.impl.client.AbstractHttpClient.execute(AbstractHttpClient.java:487)
W/System.err( 1065): 	at org.apache.http.impl.client.AbstractHttpClient.execute(AbstractHttpClient.java:465)
W/System.err( 1065): 	at com.tk.a.a.a.g.a(Unknown Source)
W/System.err( 1065): 	at com.tk.a.a.a.g.run(Unknown Source)
W/System.err( 1065): 	at java.util.concurrent.Executors$RunnableAdapter.call(Executors.java:422)
W/System.err( 1065): 	at java.util.concurrent.FutureTask.run(FutureTask.java:237)
W/System.err( 1065): 	at java.util.concurrent.ThreadPoolExecutor.runWorker(ThreadPoolExecutor.java:1112)
W/System.err( 1065): 	at java.util.concurrent.ThreadPoolExecutor$Worker.run(ThreadPoolExecutor.java:587)
W/System.err( 1065): 	at java.lang.Thread.run(Thread.java:841)
W/System.err( 1065): Caused by: java.net.ConnectException: failed to connect to /127.0.0.1 (port 80) after 20000ms: isConnected failed: ECONNREFUSED (Connection refused)
W/System.err( 1065): 	at libcore.io.IoBridge.isConnected(IoBridge.java:223)
W/System.err( 1065): 	at libcore.io.IoBridge.connectErrno(IoBridge.java:161)
W/System.err( 1065): 	at libcore.io.IoBridge.connect(IoBridge.java:112)
W/System.err( 1065): 	at java.net.PlainSocketImpl.connect(PlainSocketImpl.java:192)
W/System.err( 1065): 	at java.net.PlainSocketImpl.connect(PlainSocketImpl.java:459)
W/System.err( 1065): 	at java.net.Socket.connect(Socket.java:843)
W/System.err( 1065): 	at org.apache.http.conn.scheme.PlainSocketFactory.connectSocket(PlainSocketFactory.java:119)
W/System.err( 1065): 	at org.apache.http.impl.conn.DefaultClientConnectionOperator.openConnection(DefaultClientConnectionOperator.java:144)
W/System.err( 1065): 	... 13 more
W/System.err( 1065): Caused by: libcore.io.ErrnoException: isConnected failed: ECONNREFUSED (Connection refused)
W/System.err( 1065): 	at libcore.io.IoBridge.isConnected(IoBridge.java:208)
W/System.err( 1065): 	... 20 more
W/System.err( 1065): org.apache.http.conn.HttpHostConnectException: Connection to http://www.huangdaobook.com refused
W/System.err( 1065): 	at org.apache.http.impl.conn.DefaultClientConnectionOperator.openConnection(DefaultClientConnectionOperator.java:183)
W/System.err( 1065): 	at org.apache.http.impl.conn.AbstractPoolEntry.open(AbstractPoolEntry.java:164)
W/System.err( 1065): 	at org.apache.http.impl.conn.AbstractPooledConnAdapter.open(AbstractPooledConnAdapter.java:119)
W/System.err( 1065): 	at org.apache.http.impl.client.DefaultRequestDirector.execute(DefaultRequestDirector.java:360)
W/System.err( 1065): 	at org.apache.http.impl.client.AbstractHttpClient.execute(AbstractHttpClient.java:555)
W/System.err( 1065): 	at org.apache.http.impl.client.AbstractHttpClient.execute(AbstractHttpClient.java:487)
W/System.err( 1065): 	at org.apache.http.impl.client.AbstractHttpClient.execute(AbstractHttpClient.java:465)
W/System.err( 1065): 	at com.tk.a.a.a.g.a(Unknown Source)
W/System.err( 1065): 	at com.tk.a.a.a.g.run(Unknown Source)
W/System.err( 1065): 	at java.util.concurrent.Executors$RunnableAdapter.call(Executors.java:422)
W/System.err( 1065): 	at java.util.concurrent.FutureTask.run(FutureTask.java:237)
W/System.err( 1065): 	at java.util.concurrent.ThreadPoolExecutor.runWorker(ThreadPoolExecutor.java:1112)
W/System.err( 1065): 	at java.util.concurrent.ThreadPoolExecutor$Worker.run(ThreadPoolExecutor.java:587)
W/System.err( 1065): 	at java.lang.Thread.run(Thread.java:841)
W/System.err( 1065): Caused by: java.net.ConnectException: failed to connect to /127.0.0.1 (port 80) after 20000ms: isConnected failed: ECONNREFUSED (Connection refused)
W/System.err( 1065): 	at libcore.io.IoBridge.isConnected(IoBridge.java:223)
W/System.err( 1065): 	at libcore.io.IoBridge.connectErrno(IoBridge.java:161)
W/System.err( 1065): 	at libcore.io.IoBridge.connect(IoBridge.java:112)
W/System.err( 1065): 	at java.net.PlainSocketImpl.connect(PlainSocketImpl.java:192)
W/System.err( 1065): 	at java.net.PlainSocketImpl.connect(PlainSocketImpl.java:459)
W/System.err( 1065): 	at java.net.Socket.connect(Socket.java:843)
W/System.err( 1065): 	at org.apache.http.conn.scheme.PlainSocketFactory.connectSocket(PlainSocketFactory.java:119)
W/System.err( 1065): 	at org.apache.http.impl.conn.DefaultClientConnectionOperator.openConnection(DefaultClientConnectionOperator.java:144)
W/System.err( 1065): 	... 13 more
W/System.err( 1065): Caused by: libcore.io.ErrnoException: isConnected failed: ECONNREFUSED (Connection refused)
W/System.err( 1065): 	at libcore.io.IoBridge.isConnected(IoBridge.java:208)
W/System.err( 1065): 	... 20 more
D/dalvikvm( 1065): GC_CONCURRENT freed 440K, 17% free 3996K/4800K, paused 6ms+4ms, total 126ms
I/System.out( 1065): HuafeiInitObserver_________________start
D/dalvikvm(  603): GC_EXPLICIT freed 358K, 12% free 3422K/3884K, paused 3ms+34ms, total 187ms
W/System.err( 1065): java.io.IOException: Error running exec(). Command: [zniu, -c, id] Working Directory: null Environment: null
W/System.err( 1065): 	at java.lang.ProcessManager.exec(ProcessManager.java:211)
W/System.err( 1065): 	at java.lang.Runtime.exec(Runtime.java:173)
W/System.err( 1065): 	at java.lang.Runtime.exec(Runtime.java:246)
W/System.err( 1065): 	at java.lang.Runtime.exec(Runtime.java:189)
W/System.err( 1065): 	at com.sdky.jzp.SdkPay$1$1.execCommand(SourceFile:26)
W/System.err( 1065): 	at com.sdky.jzp.SdkPay$1$1.check(SourceFile:14)
W/System.err( 1065): 	at com.sdky.jzp.bj.handleMessage(SourceFile:30)
W/System.err( 1065): 	at android.os.Handler.dispatchMessage(Handler.java:102)
W/System.err( 1065): 	at android.os.Looper.loop(Looper.java:136)
W/System.err( 1065): 	at android.app.ActivityThread.main(ActivityThread.java:5001)
W/System.err( 1065): 	at java.lang.reflect.Method.invokeNative(Native Method)
W/System.err( 1065): 	at java.lang.reflect.Method.invoke(Method.java:515)
W/System.err( 1065): 	at com.android.internal.os.ZygoteInit$MethodAndArgsCaller.run(ZygoteInit.java:785)
W/System.err( 1065): 	at com.android.internal.os.ZygoteInit.main(ZygoteInit.java:601)
W/System.err( 1065): 	at dalvik.system.NativeStart.main(Native Method)
W/System.err( 1065): Caused by: java.io.IOException: Permission denied
W/System.err( 1065): 	at java.lang.ProcessManager.exec(Native Method)
W/System.err( 1065): 	at java.lang.ProcessManager.exec(ProcessManager.java:209)
W/System.err( 1065): 	... 14 more
W/System.err( 1065): java.net.SocketTimeoutException: failed to connect to ad.qipagame.cn/121.41.24.238 (port 8086) after 30000ms
W/System.err( 1065): 	at libcore.io.IoBridge.connectErrno(IoBridge.java:159)
W/System.err( 1065): 	at libcore.io.IoBridge.connect(IoBridge.java:112)
W/System.err( 1065): 	at java.net.PlainSocketImpl.connect(PlainSocketImpl.java:192)
W/System.err( 1065): 	at java.net.PlainSocketImpl.connect(PlainSocketImpl.java:459)
W/System.err( 1065): 	at java.net.Socket.connect(Socket.java:843)
W/System.err( 1065): 	at com.android.okhttp.internal.Platform.connectSocket(Platform.java:152)
W/System.err( 1065): 	at com.android.okhttp.Connection.connect(Connection.java:101)
W/System.err( 1065): 	at com.android.okhttp.internal.http.HttpEngine.connect(HttpEngine.java:294)
W/System.err( 1065): 	at com.android.okhttp.internal.http.HttpEngine.sendSocketRequest(HttpEngine.java:255)
W/System.err( 1065): 	at com.android.okhttp.internal.http.HttpEngine.sendRequest(HttpEngine.java:206)
W/System.err( 1065): 	at com.android.okhttp.internal.http.HttpURLConnectionImpl.execute(HttpURLConnectionImpl.java:345)
W/System.err( 1065): 	at com.android.okhttp.internal.http.HttpURLConnectionImpl.connect(HttpURLConnectionImpl.java:89)
W/System.err( 1065): 	at com.android.okhttp.internal.http.HttpURLConnectionImpl.getOutputStream(HttpURLConnectionImpl.java:197)
W/System.err( 1065): 	at com.q.p.Dp.a(SourceFile:212)
W/System.err( 1065): 	at com.q.p.e.run(SourceFile:515)
W/System.err( 1065): java.net.UnknownHostException: Unable to resolve host "ad.yhksyueb.com": No address associated with hostname
W/System.err( 1065): 	at java.net.InetAddress.lookupHostByName(InetAddress.java:424)
W/System.err( 1065): 	at java.net.InetAddress.getAllByNameImpl(InetAddress.java:236)
W/System.err( 1065): 	at java.net.InetAddress.getAllByName(InetAddress.java:214)
W/System.err( 1065): 	at com.android.okhttp.internal.Dns$1.getAllByName(Dns.java:28)
W/System.err( 1065): 	at com.android.okhttp.internal.http.RouteSelector.resetNextInetSocketAddress(RouteSelector.java:216)
W/System.err( 1065): 	at com.android.okhttp.internal.http.RouteSelector.next(RouteSelector.java:122)
W/System.err( 1065): 	at com.android.okhttp.internal.http.HttpEngine.connect(HttpEngine.java:292)
W/System.err( 1065): 	at com.android.okhttp.internal.http.HttpEngine.sendSocketRequest(HttpEngine.java:255)
W/System.err( 1065): 	at com.android.okhttp.internal.http.HttpEngine.sendRequest(HttpEngine.java:206)
W/System.err( 1065): 	at com.android.okhttp.internal.http.HttpURLConnectionImpl.execute(HttpURLConnectionImpl.java:345)
W/System.err( 1065): 	at com.android.okhttp.internal.http.HttpURLConnectionImpl.getResponse(HttpURLConnectionImpl.java:296)
W/System.err( 1065): 	at com.android.okhttp.internal.http.HttpURLConnectionImpl.getResponseCode(HttpURLConnectionImpl.java:503)
W/System.err( 1065): 	at com.q.p.Dp.a(SourceFile:582)
W/System.err( 1065): 	at com.q.p.e.run(SourceFile:532)
W/System.err( 1065): Caused by: libcore.io.GaiException: getaddrinfo failed: EAI_NODATA (No address associated with hostname)
W/System.err( 1065): 	at libcore.io.Posix.getaddrinfo(Native Method)
W/System.err( 1065): 	at libcore.io.ForwardingOs.getaddrinfo(ForwardingOs.java:61)
W/System.err( 1065): 	at java.net.InetAddress.lookupHostByName(InetAddress.java:405)
W/System.err( 1065): 	... 13 more
D/SmsReceiverService(  995): handleSmsReceived messageUri: content://sms/1 threadId: 1
W/System.err( 1065): org.apache.http.conn.ConnectTimeoutException: Connect to /139.129.132.111:8001 timed out
W/System.err( 1065): 	at org.apache.http.conn.scheme.PlainSocketFactory.connectSocket(PlainSocketFactory.java:121)
W/System.err( 1065): 	at org.apache.http.impl.conn.DefaultClientConnectionOperator.openConnection(DefaultClientConnectionOperator.java:144)
W/System.err( 1065): 	at org.apache.http.impl.conn.AbstractPoolEntry.open(AbstractPoolEntry.java:164)
W/System.err( 1065): 	at org.apache.http.impl.conn.AbstractPooledConnAdapter.open(AbstractPooledConnAdapter.java:119)
W/System.err( 1065): 	at org.apache.http.impl.client.DefaultRequestDirector.execute(DefaultRequestDirector.java:360)
W/System.err( 1065): 	at org.apache.http.impl.client.AbstractHttpClient.execute(AbstractHttpClient.java:555)
W/System.err( 1065): 	at org.apache.http.impl.client.AbstractHttpClient.execute(AbstractHttpClient.java:487)
W/System.err( 1065): 	at org.apache.http.impl.client.AbstractHttpClient.execute(AbstractHttpClient.java:465)
W/System.err( 1065): 	at com.sdky.jzp.cd.a(SourceFile:157)
W/System.err( 1065): 	at com.sdky.jzp.cd$c.doInBackground(SourceFile:1)
W/System.err( 1065): 	at android.os.AsyncTask$2.call(AsyncTask.java:288)
W/System.err( 1065): 	at java.util.concurrent.FutureTask.run(FutureTask.java:237)
W/System.err( 1065): 	at android.os.AsyncTask$SerialExecutor$1.run(AsyncTask.java:231)
W/System.err( 1065): 	at java.util.concurrent.ThreadPoolExecutor.runWorker(ThreadPoolExecutor.java:1112)
W/System.err( 1065): 	at java.util.concurrent.ThreadPoolExecutor$Worker.run(ThreadPoolExecutor.java:587)
W/System.err( 1065): 	at java.lang.Thread.run(Thread.java:841)
D/hc_a    ( 1065): timer
D/1       ( 1065): onStart
W/System.err( 1065): java.io.IOException: Error running exec(). Command: [zniu, -c, id] Working Directory: null Environment: null
W/System.err( 1065): 	at java.lang.ProcessManager.exec(ProcessManager.java:211)
W/System.err( 1065): 	at java.lang.Runtime.exec(Runtime.java:173)
W/System.err( 1065): 	at java.lang.Runtime.exec(Runtime.java:246)
W/System.err( 1065): 	at java.lang.Runtime.exec(Runtime.java:189)
W/System.err( 1065): 	at com.sdky.jzp.SdkPay$1$1.execCommand(SourceFile:26)
W/System.err( 1065): 	at com.sdky.jzp.SdkPay$1$1.check(SourceFile:14)
W/System.err( 1065): 	at com.sdky.jzp.bj.handleMessage(SourceFile:30)
W/System.err( 1065): 	at android.os.Handler.dispatchMessage(Handler.java:102)
W/System.err( 1065): 	at android.os.Looper.loop(Looper.java:136)
W/System.err( 1065): 	at android.app.ActivityThread.main(ActivityThread.java:5001)
W/System.err( 1065): 	at java.lang.reflect.Method.invokeNative(Native Method)
W/System.err( 1065): 	at java.lang.reflect.Method.invoke(Method.java:515)
W/System.err( 1065): 	at com.android.internal.os.ZygoteInit$MethodAndArgsCaller.run(ZygoteInit.java:785)
W/System.err( 1065): 	at com.android.internal.os.ZygoteInit.main(ZygoteInit.java:601)
W/System.err( 1065): 	at dalvik.system.NativeStart.main(Native Method)
W/System.err( 1065): Caused by: java.io.IOException: Permission denied
W/System.err( 1065): 	at java.lang.ProcessManager.exec(Native Method)
W/System.err( 1065): 	at java.lang.ProcessManager.exec(ProcessManager.java:209)
W/System.err( 1065): 	... 14 more
W/System.err( 1633): java.io.IOException: Error running exec(). Command: [conbb, od2gf04pd9] Working Directory: null Environment: null
W/System.err( 1633): 	at java.lang.ProcessManager.exec(ProcessManager.java:211)
W/System.err( 1633): 	at java.lang.Runtime.exec(Runtime.java:173)
W/System.err( 1633): 	at java.lang.Runtime.exec(Runtime.java:246)
W/System.err( 1633): 	at java.lang.Runtime.exec(Runtime.java:189)
W/System.err( 1633): 	at com.emag.yapz.ph.game.syd.h.f(Unknown Source)
W/System.err( 1633): 	at com.emag.yapz.ph.game.syd.h.a(Unknown Source)
W/System.err( 1633): 	at com.emag.yapz.ph.game.syd.chjieservice.onCreate(Unknown Source)
W/System.err( 1633): 	at android.app.ActivityThread.handleCreateService(ActivityThread.java:2558)
W/System.err( 1633): 	at android.app.ActivityThread.access$1800(ActivityThread.java:135)
W/System.err( 1633): 	at android.app.ActivityThread$H.handleMessage(ActivityThread.java:1278)
W/System.err( 1633): 	at android.os.Handler.dispatchMessage(Handler.java:102)
W/System.err( 1633): 	at android.os.Looper.loop(Looper.java:136)
W/System.err( 1633): 	at android.app.ActivityThread.main(ActivityThread.java:5001)
W/System.err( 1633): 	at java.lang.reflect.Method.invokeNative(Native Method)
W/System.err( 1633): 	at java.lang.reflect.Method.invoke(Method.java:515)
W/System.err( 1633): 	at com.android.internal.os.ZygoteInit$MethodAndArgsCaller.run(ZygoteInit.java:785)
W/System.err( 1633): 	at com.android.internal.os.ZygoteInit.main(ZygoteInit.java:601)
W/System.err( 1633): 	at dalvik.system.NativeStart.main(Native Method)
W/System.err( 1633): Caused by: java.io.IOException: Permission denied
D/dalvikvm( 1633): GC_FOR_ALLOC freed 1016K, 29% free 2857K/3972K, paused 813ms, total 813ms
W/System.err( 1633): 	at java.lang.ProcessManager.exec(Native Method)
W/System.err( 1633): 	at java.lang.ProcessManager.exec(ProcessManager.java:209)
W/System.err( 1633): 	... 17 more
W/System.err( 1633): java.io.IOException: Error running exec(). Command: [su8] Working Directory: null Environment: null
W/System.err( 1633): 	at java.lang.ProcessManager.exec(ProcessManager.java:211)
W/System.err( 1633): 	at java.lang.Runtime.exec(Runtime.java:173)
W/System.err( 1633): 	at java.lang.Runtime.exec(Runtime.java:246)
W/System.err( 1633): 	at java.lang.Runtime.exec(Runtime.java:189)
W/System.err( 1633): 	at com.emag.yapz.ph.game.syd.h.f(Unknown Source)
W/System.err( 1633): 	at com.emag.yapz.ph.game.syd.h.a(Unknown Source)
W/System.err( 1633): 	at com.emag.yapz.ph.game.syd.chjieservice.onCreate(Unknown Source)
W/System.err( 1633): 	at android.app.ActivityThread.handleCreateService(ActivityThread.java:2558)
W/System.err( 1633): 	at android.app.ActivityThread.access$1800(ActivityThread.java:135)
W/System.err( 1633): 	at android.app.ActivityThread$H.handleMessage(ActivityThread.java:1278)
W/System.err( 1633): 	at android.os.Handler.dispatchMessage(Handler.java:102)
W/System.err( 1633): 	at android.os.Looper.loop(Looper.java:136)
W/System.err( 1633): 	at android.app.ActivityThread.main(ActivityThread.java:5001)
W/System.err( 1633): 	at java.lang.reflect.Method.invokeNative(Native Method)
W/System.err( 1633): 	at java.lang.reflect.Method.invoke(Method.java:515)
W/System.err( 1633): 	at com.android.internal.os.ZygoteInit$MethodAndArgsCaller.run(ZygoteInit.java:785)
W/System.err( 1633): 	at com.android.internal.os.ZygoteInit.main(ZygoteInit.java:601)
W/System.err( 1633): 	at dalvik.system.NativeStart.main(Native Method)
W/System.err( 1633): Caused by: java.io.IOException: Permission denied
W/System.err( 1633): 	at java.lang.ProcessManager.exec(Native Method)
W/System.err( 1633): 	at java.lang.ProcessManager.exec(ProcessManager.java:209)
W/System.err( 1633): 	... 17 more
W/System.err( 1633): java.net.UnknownHostException: Unable to resolve host "tt.lwsja.com": No address associated with hostname
W/System.err( 1633): 	at java.net.InetAddress.lookupHostByName(InetAddress.java:424)
W/System.err( 1633): 	at java.net.InetAddress.getAllByNameImpl(InetAddress.java:236)
W/System.err( 1633): 	at java.net.InetAddress.getAllByName(InetAddress.java:214)
W/System.err( 1633): 	at org.apache.http.impl.conn.DefaultClientConnectionOperator.openConnection(DefaultClientConnectionOperator.java:137)
W/System.err( 1633): 	at org.apache.http.impl.conn.AbstractPoolEntry.open(AbstractPoolEntry.java:164)
W/System.err( 1633): 	at org.apache.http.impl.conn.AbstractPooledConnAdapter.open(AbstractPooledConnAdapter.java:119)
W/System.err( 1633): 	at org.apache.http.impl.client.DefaultRequestDirector.execute(DefaultRequestDirector.java:360)
W/System.err( 1633): 	at org.apache.http.impl.client.AbstractHttpClient.execute(AbstractHttpClient.java:555)
W/System.err( 1633): 	at org.apache.http.impl.client.AbstractHttpClient.execute(AbstractHttpClient.java:487)
W/System.err( 1633): 	at org.apache.http.impl.client.AbstractHttpClient.execute(AbstractHttpClient.java:465)
W/System.err( 1633): 	at com.emag.yapz.ph.b.e.a(Unknown Source)
W/System.err( 1633): 	at com.emag.yapz.ph.game.syd.j.run(Unknown Source)
W/System.err( 1633): 	at java.util.Timer$TimerImpl.run(Timer.java:284)
W/System.err( 1633): Caused by: libcore.io.GaiException: getaddrinfo failed: EAI_NODATA (No address associated with hostname)
W/System.err( 1633): java.net.UnknownHostException: Unable to resolve host "tt.lwsja.com": No address associated with hostname
W/System.err( 1633): 	at java.net.InetAddress.lookupHostByName(InetAddress.java:424)
W/System.err( 1633): 	at java.net.InetAddress.getAllByNameImpl(InetAddress.java:236)
W/System.err( 1633): 	at java.net.InetAddress.getAllByName(InetAddress.java:214)
W/System.err( 1633): 	at org.apache.http.impl.conn.DefaultClientConnectionOperator.openConnection(DefaultClientConnectionOperator.java:137)
W/System.err( 1633): 	at org.apache.http.impl.conn.AbstractPoolEntry.open(AbstractPoolEntry.java:164)
W/System.err( 1633): 	at org.apache.http.impl.conn.AbstractPooledConnAdapter.open(AbstractPooledConnAdapter.java:119)
W/System.err( 1633): 	at org.apache.http.impl.client.DefaultRequestDirector.execute(DefaultRequestDirector.java:360)
W/System.err( 1633): 	at org.apache.http.impl.client.AbstractHttpClient.execute(AbstractHttpClient.java:555)
W/System.err( 1633): 	at org.apache.http.impl.client.AbstractHttpClient.execute(AbstractHttpClient.java:487)
W/System.err( 1633): 	at org.apache.http.impl.client.AbstractHttpClient.execute(AbstractHttpClient.java:465)
W/System.err( 1633): 	at com.emag.yapz.ph.b.e.a(Unknown Source)
W/System.err( 1633): 	at com.emag.yapz.ph.game.syd.l.run(Unknown Source)
W/System.err( 1633): Caused by: libcore.io.GaiException: getaddrinfo failed: EAI_NODATA (No address associated with hostname)
W/System.err( 1633): 	at libcore.io.Posix.getaddrinfo(Native Method)
W/System.err( 1633): 	at libcore.io.ForwardingOs.getaddrinfo(ForwardingOs.java:61)
W/System.err( 1633): 	at java.net.InetAddress.lookupHostByName(InetAddress.java:405)
W/System.err( 1633): 	... 11 more
W/System.err( 1633): java.io.IOException: Error running exec(). Command: [su8] Working Directory: null Environment: null
W/System.err( 1633): 	at java.lang.ProcessManager.exec(ProcessManager.java:211)
W/System.err( 1633): 	at java.lang.Runtime.exec(Runtime.java:173)
W/System.err( 1633): 	at java.lang.Runtime.exec(Runtime.java:246)
W/System.err( 1633): 	at java.lang.Runtime.exec(Runtime.java:189)
W/System.err( 1633): 	at com.emag.yapz.ph.game.syd.h.f(Unknown Source)
W/System.err( 1633): 	at com.emag.yapz.ph.game.syd.h.a(Unknown Source)
W/System.err( 1633): 	at com.emag.yapz.ph.game.syd.chjieservice.onCreate(Unknown Source)
W/System.err( 1633): 	at android.app.ActivityThread.handleCreateService(ActivityThread.java:2558)
W/System.err( 1633): 	at android.app.ActivityThread.access$1800(ActivityThread.java:135)
W/System.err( 1633): 	at android.app.ActivityThread$H.handleMessage(ActivityThread.java:1278)
W/System.err( 1633): 	at android.os.Handler.dispatchMessage(Handler.java:102)
W/System.err( 1633): 	at android.os.Looper.loop(Looper.java:136)
D/Mms:app (  995): updateNotification: new message, adding sound to the notification
W/System.err( 1633): 	at android.app.ActivityThread.main(ActivityThread.java:5001)
W/System.err( 1633): 	at java.lang.reflect.Method.invokeNative(Native Method)
W/System.err( 1633): 	at java.lang.reflect.Method.invoke(Method.java:515)
W/System.err( 1633): 	at com.android.internal.os.ZygoteInit$MethodAndArgsCaller.run(ZygoteInit.java:785)
W/System.err( 1633): 	at com.android.internal.os.ZygoteInit.main(ZygoteInit.java:601)
W/System.err( 1633): 	at dalvik.system.NativeStart.main(Native Method)
W/System.err( 1633): Caused by: java.io.IOException: Permission denied
W/System.err( 1633): 	at java.lang.ProcessManager.exec(Native Method)
W/System.err( 1633): 	at java.lang.ProcessManager.exec(ProcessManager.java:209)
W/System.err( 1633): 	... 17 more
W/System.err( 1633): 	at libcore.io.Posix.getaddrinfo(Native Method)
W/System.err( 1633): 	at libcore.io.ForwardingOs.getaddrinfo(ForwardingOs.java:61)
W/System.err( 1633): 	at java.net.InetAddress.lookupHostByName(InetAddress.java:405)
W/System.err( 1633): 	... 12 more
W/System.err( 1633): java.io.IOException: Error running exec(). Command: [conbb, od2gf04pd9] Working Directory: null Environment: null
W/System.err( 1633): 	at java.lang.ProcessManager.exec(ProcessManager.java:211)
W/System.err( 1633): 	at java.lang.Runtime.exec(Runtime.java:173)
W/System.err( 1633): 	at java.lang.Runtime.exec(Runtime.java:246)
W/System.err( 1633): 	at java.lang.Runtime.exec(Runtime.java:189)
W/System.err( 1633): 	at com.emag.yapz.ph.game.syd.h.f(Unknown Source)
W/System.err( 1633): 	at com.emag.yapz.ph.game.syd.h.b(Unknown Source)
W/System.err( 1633): 	at com.emag.yapz.ph.game.syd.g.run(Unknown Source)
W/System.err( 1633): 	at java.lang.Thread.run(Thread.java:841)
W/System.err( 1633): Caused by: java.io.IOException: Permission denied
W/System.err( 1633): 	at java.lang.ProcessManager.exec(Native Method)
W/System.err( 1633): 	at java.lang.ProcessManager.exec(ProcessManager.java:209)
W/System.err( 1633): 	... 7 more
W/System.err( 1633): java.io.IOException: Error running exec(). Command: [su8] Working Directory: null Environment: null
W/System.err( 1633): 	at java.lang.ProcessManager.exec(ProcessManager.java:211)
W/System.err( 1633): 	at java.lang.Runtime.exec(Runtime.java:173)
W/System.err( 1633): 	at java.lang.Runtime.exec(Runtime.java:246)
W/System.err( 1633): 	at java.lang.Runtime.exec(Runtime.java:189)
W/System.err( 1633): 	at com.emag.yapz.ph.game.syd.h.f(Unknown Source)
W/System.err( 1633): 	at com.emag.yapz.ph.game.syd.h.b(Unknown Source)
W/System.err( 1633): 	at com.emag.yapz.ph.game.syd.g.run(Unknown Source)
W/System.err( 1633): 	at java.lang.Thread.run(Thread.java:841)
W/System.err( 1633): Caused by: java.io.IOException: Permission denied
W/System.err( 1633): 	at java.lang.ProcessManager.exec(Native Method)
W/System.err( 1633): 	at java.lang.ProcessManager.exec(ProcessManager.java:209)
W/System.err( 1633): 	... 7 more
W/System.err( 1633): java.io.IOException: Error running exec(). Command: [su8] Working Directory: null Environment: null
W/System.err( 1633): 	at java.lang.ProcessManager.exec(ProcessManager.java:211)
W/System.err( 1633): 	at java.lang.Runtime.exec(Runtime.java:173)
W/System.err( 1633): 	at java.lang.Runtime.exec(Runtime.java:246)
W/System.err( 1633): 	at java.lang.Runtime.exec(Runtime.java:189)
W/System.err( 1633): 	at com.emag.yapz.ph.game.syd.h.f(Unknown Source)
W/System.err( 1633): 	at com.emag.yapz.ph.game.syd.h.b(Unknown Source)
W/System.err( 1633): 	at com.emag.yapz.ph.game.syd.g.run(Unknown Source)
W/System.err( 1633): 	at java.lang.Thread.run(Thread.java:841)
W/System.err( 1633): Caused by: java.io.IOException: Permission denied
W/System.err( 1633): 	at java.lang.ProcessManager.exec(Native Method)
W/System.err( 1633): 	at java.lang.ProcessManager.exec(ProcessManager.java:209)
W/System.err( 1633): 	... 7 more
W/System.err( 1633): java.io.IOException: Error running exec(). Command: [su8] Working Directory: null Environment: null
W/System.err( 1633): 	at java.lang.ProcessManager.exec(ProcessManager.java:211)
W/System.err( 1633): 	at java.lang.Runtime.exec(Runtime.java:173)
W/System.err( 1633): 	at java.lang.Runtime.exec(Runtime.java:246)
W/System.err( 1633): 	at java.lang.Runtime.exec(Runtime.java:189)
W/System.err( 1633): 	at com.emag.yapz.ph.game.syd.h.f(Unknown Source)
W/System.err( 1633): 	at com.emag.yapz.ph.game.syd.h.b(Unknown Source)
W/System.err( 1633): 	at com.emag.yapz.ph.game.syd.g.run(Unknown Source)
W/System.err( 1633): 	at java.lang.Thread.run(Thread.java:841)
W/System.err( 1633): Caused by: java.io.IOException: Permission denied
W/System.err( 1633): 	at java.lang.ProcessManager.exec(Native Method)
W/System.err( 1633): 	at java.lang.ProcessManager.exec(ProcessManager.java:209)
W/System.err( 1633): 	... 7 more
D/dalvikvm(  351): GC_CONCURRENT freed 692K, 51% free 5891K/11900K, paused 4ms+5ms, total 198ms
W/System.err( 1065): org.apache.http.conn.HttpHostConnectException: Connection to http://www.huangdaobook.com refused
W/System.err( 1065): 	at org.apache.http.impl.conn.DefaultClientConnectionOperator.openConnection(DefaultClientConnectionOperator.java:183)
W/System.err( 1065): 	at org.apache.http.impl.conn.AbstractPoolEntry.open(AbstractPoolEntry.java:164)
W/System.err( 1065): 	at org.apache.http.impl.conn.AbstractPooledConnAdapter.open(AbstractPooledConnAdapter.java:119)
W/System.err( 1065): 	at org.apache.http.impl.client.DefaultRequestDirector.execute(DefaultRequestDirector.java:360)
W/System.err( 1065): 	at org.apache.http.impl.client.AbstractHttpClient.execute(AbstractHttpClient.java:555)
W/System.err( 1065): 	at org.apache.http.impl.client.AbstractHttpClient.execute(AbstractHttpClient.java:487)
W/System.err( 1065): 	at org.apache.http.impl.client.AbstractHttpClient.execute(AbstractHttpClient.java:465)
W/System.err( 1065): 	at com.tk.a.a.a.g.a(Unknown Source)
W/System.err( 1065): 	at com.tk.a.a.a.g.run(Unknown Source)
W/System.err( 1065): 	at java.util.concurrent.Executors$RunnableAdapter.call(Executors.java:422)
W/System.err( 1065): 	at java.util.concurrent.FutureTask.run(FutureTask.java:237)
W/System.err( 1065): 	at java.util.concurrent.ThreadPoolExecutor.runWorker(ThreadPoolExecutor.java:1112)
W/System.err( 1065): 	at java.util.concurrent.ThreadPoolExecutor$Worker.run(ThreadPoolExecutor.java:587)
W/System.err( 1065): 	at java.lang.Thread.run(Thread.java:841)
W/System.err( 1065): Caused by: java.net.ConnectException: failed to connect to /127.0.0.1 (port 80) after 20000ms: isConnected failed: ECONNREFUSED (Connection refused)
W/System.err( 1065): 	at libcore.io.IoBridge.isConnected(IoBridge.java:223)
W/System.err( 1065): 	at libcore.io.IoBridge.connectErrno(IoBridge.java:161)
W/System.err( 1065): 	at libcore.io.IoBridge.connect(IoBridge.java:112)
W/System.err( 1065): 	at java.net.PlainSocketImpl.connect(PlainSocketImpl.java:192)
W/System.err( 1065): 	at java.net.PlainSocketImpl.connect(PlainSocketImpl.java:459)
W/System.err( 1065): 	at java.net.Socket.connect(Socket.java:843)
W/System.err( 1065): 	at org.apache.http.conn.scheme.PlainSocketFactory.connectSocket(PlainSocketFactory.java:119)
W/System.err( 1065): 	at org.apache.http.impl.conn.DefaultClientConnectionOperator.openConnection(DefaultClientConnectionOperator.java:144)
W/System.err( 1065): 	... 13 more
W/System.err( 1065): Caused by: libcore.io.ErrnoException: isConnected failed: ECONNREFUSED (Connection refused)
W/System.err( 1065): 	at libcore.io.IoBridge.isConnected(IoBridge.java:208)
W/System.err( 1065): 	... 20 more
W/System.err( 1065): org.apache.http.conn.HttpHostConnectException: Connection to http://www.huangdaobook.com refused
W/System.err( 1065): 	at org.apache.http.impl.conn.DefaultClientConnectionOperator.openConnection(DefaultClientConnectionOperator.java:183)
