D/dalvikvm(  353): WAIT_FOR_CONCURRENT_GC blocked 94ms
D/dalvikvm(  353): WAIT_FOR_CONCURRENT_GC blocked 89ms
D/dalvikvm(  353): WAIT_FOR_CONCURRENT_GC blocked 89ms
D/dalvikvm(  353): WAIT_FOR_CONCURRENT_GC blocked 88ms
D/dalvikvm(  353): WAIT_FOR_CONCURRENT_GC blocked 93ms
D/dalvikvm(  353): WAIT_FOR_CONCURRENT_GC blocked 96ms
D/dalvikvm(  353): WAIT_FOR_CONCURRENT_GC blocked 93ms
D/dalvikvm(  353): WAIT_FOR_CONCURRENT_GC blocked 80ms
I/InputReader(  353): Reconfiguring input devices.  changes=0x00000010
D/dalvikvm(  353): WAIT_FOR_CONCURRENT_GC blocked 130ms
D/dalvikvm(  353): WAIT_FOR_CONCURRENT_GC blocked 113ms
D/ConnectivityService(  353): [CheckMp] isMobileOk: not connected ni=NetworkInfo: type: mobile_hipri[UMTS], state: DISCONNECTED/IDLE, reason: (unspecified), extra: (none), roaming: false, failover: false, isAvailable: true, isConnectedToProvisioningNetwork: false
I/PackageManager(  353):   Action: "android.intent.action.SENDTO"
I/PackageManager(  353):   Category: "android.intent.category.DEFAULT"
I/PackageManager(  353):   Scheme: "sms"
I/PackageManager(  353): Adding preferred activity ComponentInfo{com.android.mms/com.android.mms.ui.ComposeMessageActivity} for user 0 :
I/PackageManager(  353):   Action: "android.intent.action.SENDTO"
I/PackageManager(  353):   Category: "android.intent.category.DEFAULT"
I/PackageManager(  353):   Scheme: "smsto"
I/PackageManager(  353): Adding preferred activity ComponentInfo{com.android.mms/com.android.mms.ui.ComposeMessageActivity} for user 0 :
D/dalvikvm(  601): GC_CONCURRENT freed 360K, 14% free 3363K/3872K, paused 23ms+2ms, total 52ms
I/PackageManager(  353):   Action: "android.intent.action.SENDTO"
I/PackageManager(  353):   Category: "android.intent.category.DEFAULT"
I/PackageManager(  353):   Scheme: "mms"
I/PackageManager(  353): Adding preferred activity ComponentInfo{com.android.mms/com.android.mms.ui.ComposeMessageActivity} for user 0 :
I/Email   (  915): Observing account changes for notifications
I/PackageManager(  353):   Action: "android.intent.action.SENDTO"
I/PackageManager(  353):   Category: "android.intent.category.DEFAULT"
I/PackageManager(  353):   Scheme: "mmsto"
I/PackageManager(  353): Adding preferred activity ComponentInfo{com.android.mms/com.android.mms.ui.ComposeMessageActivity} for user 0 :
D/AndroidRuntime(  778): Shutting down VM
D/dalvikvm(  778): GC_CONCURRENT freed 95K, 16% free 560K/660K, paused 2ms+12ms, total 25ms
I/ContactsProvider(  550): Upgrading aggregation algorithm
D/dalvikvm(  353): GC_CONCURRENT freed 1303K, 56% free 5675K/12704K, paused 4ms+4ms, total 55ms
E/BluetoothAdapter(  614): Bluetooth binder is null
I/ActivityManager(  353): Start proc com.android.calendar for broadcast com.android.calendar/.widget.CalendarAppWidgetService$CalendarFactory: pid=949 uid=10016 gids={50016, 3003}
I/MediaFocusControl(  353):   Remote Control   registerMediaButtonIntent() for PendingIntent{b3572358: PendingIntentRecord{b35b50a8 com.android.music broadcastIntent}}
I/ContactAggregator(  550): Marked all visible contacts for aggregation: 0 raw contacts, 4 ms
I/ContactsProvider(  550): Aggregation algorithm upgraded for 0 raw contacts in 627ms
D/ConnectivityService(  353): [CheckMp] isMobileOk: not connected ni=NetworkInfo: type: mobile_hipri[UMTS], state: DISCONNECTED/IDLE, reason: (unspecified), extra: (none), roaming: false, failover: false, isAvailable: true, isConnectedToProvisioningNetwork: false
D/ExtensionsFactory(  949): No custom extensions.
I/ActivityManager(  353): Start proc com.android.deskclock for broadcast com.android.deskclock/.AlarmInitReceiver: pid=970 uid=10020 gids={50020, 1028}
I/ActivityManager(  353): Start proc com.android.providers.calendar for content provider com.android.providers.calendar/.CalendarProvider2: pid=980 uid=10001 gids={50001, 3003, 1028, 1015}
D/dalvikvm(   59): GC_EXPLICIT freed 39K, 4% free 2705K/2812K, paused 2ms+13ms, total 58ms
D/dalvikvm(   59): GC_EXPLICIT freed <1K, 4% free 2705K/2812K, paused 2ms+2ms, total 44ms
D/dalvikvm(   59): GC_EXPLICIT freed <1K, 4% free 2705K/2812K, paused 4ms+2ms, total 34ms
V/AlarmClock(  970): AlarmInitReceiver android.intent.action.TIMEZONE_CHANGED
I/CalendarDatabaseHelper(  980): Bootstrapping database
I/AlarmClock(  970): Alarms Table created
I/AlarmClock(  970): Instance table created
I/AlarmClock(  970): Cities table created
I/AlarmClock(  970): Inserting default alarms
I/AlarmClock(  970): Displaying next alarm time: ''
W/BackupManagerService(  353): dataChanged but no participant pkg='com.android.providers.settings' uid=10020
V/AlarmClock(  970): AlarmInitReceiver finished
I/CalendarProvider2(  980): Created com.android.providers.calendar.CalendarAlarmManager@b2d306f0(com.android.providers.calendar.CalendarProvider2@b2d1cdc8)
D/ConnectivityService(  353): [CheckMp] isMobileOk: not connected ni=NetworkInfo: type: mobile_hipri[UMTS], state: DISCONNECTED/IDLE, reason: (unspecified), extra: (none), roaming: false, failover: false, isAvailable: true, isConnectedToProvisioningNetwork: false
W/RecognitionManagerService(  353): no available voice recognition services found for user 0
I/ContactsFTS(  550): Rebuild contact search index in 1257ms, 0 contacts
D/dalvikvm(  550): GC_CONCURRENT freed 262K, 10% free 3085K/3412K, paused 4ms+6ms, total 47ms
E/BluetoothAdapter(  614): Bluetooth binder is null
I/ActivityManager(  353): Start proc com.android.dialer for broadcast com.android.dialer/.calllog.CallLogReceiver: pid=999 uid=10004 gids={50004, 3003, 1028, 1015}
D/ExtensionsFactory(  999): No custom extensions.
I/ActivityManager(  353): Delay finish: com.android.dialer/.calllog.CallLogReceiver
I/ActivityManager(  353): Resuming delayed broadcast
E/BluetoothAdapter(  353): Bluetooth binder is null
E/BluetoothAdapter(  353): Bluetooth binder is null
V/WiredAccessoryManager(  353): init()
I/PowerManagerService(  353): Boot animation finished.
E/SoundPool(  353): error loading /system/media/audio/ui/Effect_Tick.ogg
W/AudioService(  353): Soundpool could not load file: /system/media/audio/ui/Effect_Tick.ogg
E/SoundPool(  353): error loading /system/media/audio/ui/Effect_Tick.ogg
W/AudioService(  353): Soundpool could not load file: /system/media/audio/ui/Effect_Tick.ogg
E/SoundPool(  353): error loading /system/media/audio/ui/Effect_Tick.ogg
W/AudioService(  353): Soundpool could not load file: /system/media/audio/ui/Effect_Tick.ogg
E/SoundPool(  353): error loading /system/media/audio/ui/Effect_Tick.ogg
W/AudioService(  353): Soundpool could not load file: /system/media/audio/ui/Effect_Tick.ogg
E/SoundPool(  353): error loading /system/media/audio/ui/Effect_Tick.ogg
W/AudioService(  353): Soundpool could not load file: /system/media/audio/ui/Effect_Tick.ogg
E/SoundPool(  353): error loading /system/media/audio/ui/KeypressStandard.ogg
W/AudioService(  353): Soundpool could not load file: /system/media/audio/ui/KeypressStandard.ogg
E/SoundPool(  353): error loading /system/media/audio/ui/KeypressSpacebar.ogg
W/AudioService(  353): Soundpool could not load file: /system/media/audio/ui/KeypressSpacebar.ogg
E/SoundPool(  353): error loading /system/media/audio/ui/KeypressDelete.ogg
W/AudioService(  353): Soundpool could not load file: /system/media/audio/ui/KeypressDelete.ogg
E/SoundPool(  353): error loading /system/media/audio/ui/KeypressReturn.ogg
W/AudioService(  353): Soundpool could not load file: /system/media/audio/ui/KeypressReturn.ogg
E/SoundPool(  353): error loading /system/media/audio/ui/KeypressInvalid.ogg
W/AudioService(  353): Soundpool could not load file: /system/media/audio/ui/KeypressInvalid.ogg
W/AudioService(  353): onLoadSoundEffects(), Error -1 while loading samples
I/RecoverySystem(  353): No recovery log file
I/BootReceiver(  353): Copying audit failures to DropBox
I/BootReceiver(  353): Checking for fsck errors
D/dalvikvm(  353): GC_CONCURRENT freed 537K, 55% free 5760K/12704K, paused 24ms+6ms, total 151ms
I/CalendarProvider2(  980): Sending notification intent: Intent { act=android.intent.action.PROVIDER_CHANGED dat=content://com.android.calendar }
D/ConnectivityService(  353): [CheckMp] isMobileOk: not connected ni=NetworkInfo: type: mobile_hipri[UMTS], state: DISCONNECTED/IDLE, reason: (unspecified), extra: (none), roaming: false, failover: false, isAvailable: true, isConnectedToProvisioningNetwork: false
W/ContentResolver(  980): Failed to get type for: content://com.android.calendar (Unknown URL content://com.android.calendar)
I/ActivityManager(  353): Start proc com.android.mms for broadcast com.android.mms/.transaction.MmsSystemEventReceiver: pid=1027 uid=10009 gids={50009, 3003, 1028, 1015}
D/CountryDetector(  353): The first listener is added
I/MediaProvider(  624): Upgrading media database from version 0 to 700, which will destroy all old data
V/MmsConfig( 1027): mnc/mcc: 310260
V/MmsConfig( 1027): tag: bool value: enabledMMS - true
V/MmsConfig( 1027): tag: int value: maxMessageSize - 307200
V/MmsConfig( 1027): tag: int value: maxImageHeight - 480
V/MmsConfig( 1027): tag: int value: maxImageWidth - 640
V/MmsConfig( 1027): tag: int value: defaultSMSMessagesPerThread - 10000
V/MmsConfig( 1027): tag: int value: defaultMMSMessagesPerThread - 1000
V/MmsConfig( 1027): tag: int value: minMessageCountPerThread - 10
V/MmsConfig( 1027): tag: int value: maxMessageCountPerThread - 5000
V/MmsConfig( 1027): tag: string value: uaProfUrl - http://www.google.com/oha/rdf/ua-profile-kila.xml
V/MmsConfig( 1027): tag: int value: recipientLimit - -1
V/MmsConfig( 1027): tag: bool value: enableMultipartSMS - true
V/MmsConfig( 1027): tag: int value: smsToMmsTextThreshold - -1
V/MmsConfig( 1027): tag: bool value: enableSlideDuration - true
V/MmsConfig( 1027): tag: int value: maxMessageTextSize - -1
I/ActivityManager(  353): Delay finish: com.android.mms/.transaction.MmsSystemEventReceiver
D/Mms:app ( 1027): cancelNotification
D/ConnectivityService(  353): [CheckMp] isMobileOk: not connected ni=NetworkInfo: type: mobile_hipri[UMTS], state: DISCONNECTED/IDLE, reason: (unspecified), extra: (none), roaming: false, failover: false, isAvailable: true, isConnectedToProvisioningNetwork: false
I/ActivityManager(  353): Resuming delayed broadcast
I/ActivityManager(  353): Delay finish: com.android.mms/.transaction.SmsReceiver
D/MmsSmsDatabaseHelper(  601): [MmsSmsDb] tableName: threads hasAutoIncrement: CREATE TABLE threads (_id INTEGER PRIMARY KEY AUTOINCREMENT,date INTEGER DEFAULT 0,message_count INTEGER DEFAULT 0,recipient_ids TEXT,snippet TEXT,snippet_cs INTEGER DEFAULT 0,read INTEGER DEFAULT 1,type INTEGER DEFAULT 0,error INTEGER DEFAULT 0,has_attachment INTEGER DEFAULT 0) result: true
D/MmsSmsDatabaseHelper(  601): [MmsSmsDb] tableName: canonical_addresses hasAutoIncrement: CREATE TABLE canonical_addresses (_id INTEGER PRIMARY KEY AUTOINCREMENT,address TEXT) result: true
D/MmsSmsDatabaseHelper(  601): [MmsSmsDb] tableName: part hasAutoIncrement: CREATE TABLE part (_id INTEGER PRIMARY KEY AUTOINCREMENT,mid INTEGER,seq INTEGER DEFAULT 0,ct TEXT,name TEXT,chset INTEGER,cd TEXT,fn TEXT,cid TEXT,cl TEXT,ctt_s INTEGER,ctt_t TEXT,_data TEXT,text TEXT) result: true
D/MmsSmsDatabaseHelper(  601): [MmsSmsDb] tableName: pdu hasAutoIncrement: CREATE TABLE pdu (_id INTEGER PRIMARY KEY AUTOINCREMENT,thread_id INTEGER,date INTEGER,date_sent INTEGER DEFAULT 0,msg_box INTEGER,read INTEGER DEFAULT 0,m_id TEXT,sub TEXT,sub_cs INTEGER,ct_t TEXT,ct_l TEXT,exp INTEGER,m_cls TEXT,m_type INTEGER,v INTEGER,m_size INTEGER,pri INTEGER,rr INTEGER,rpt_a INTEGER,resp_st INTEGER,st INTEGER,tr_id TEXT,retr_st INTEGER,retr_txt TEXT,retr_txt_cs INTEGER,read_status INTEGER,ct_cls INTEGER,resp_txt TEXT,d_tm INTEGER,d_rpt INTEGER,locked INTEGER DEFAULT 0,seen INTEGER DEFAULT 0,text_only INTEGER DEFAULT 0) result: true
D/MmsSmsDatabaseHelper(  601): [getWritableDatabase] hasAutoIncrementThreads: true hasAutoIncrementAddresses: true hasAutoIncrementPart: true hasAutoIncrementPdu: true
D/Mms:app ( 1027): cancelNotification
I/ActivityManager(  353): Resuming delayed broadcast
D/AlertReceiver(  949): onReceive: a=android.intent.action.BOOT_COMPLETED Intent { act=android.intent.action.BOOT_COMPLETED flg=0x8000010 cmp=com.android.calendar/.alerts.AlertReceiver (has extras) }
I/ActivityManager(  353): Delay finish: com.android.calendar/.alerts.AlertReceiver
D/AlertUtils(  949): Flushing old alerts from shared prefs table
D/AlertService(  949): 0 Action = android.intent.action.BOOT_COMPLETED
D/AlertService(  949): Scheduling next alarm with AlarmScheduler. sEventReminderReceived: null
D/dalvikvm(  949): GC_CONCURRENT freed 309K, 12% free 2809K/3188K, paused 12ms+2ms, total 92ms
D/AlarmScheduler(  949): No events found starting within 1 week.
E/SQLiteLog(  624): (1) no such table: files
D/ConnectivityService(  353): [CheckMp] isMobileOk: not connected ni=NetworkInfo: type: mobile_hipri[UMTS], state: DISCONNECTED/IDLE, reason: (unspecified), extra: (none), roaming: false, failover: false, isAvailable: true, isConnectedToProvisioningNetwork: false
I/InputReader(  353): Reconfiguring input devices.  changes=0x00000010
I/InputReader(  353): Reconfiguring input devices.  changes=0x00000010
I/PackageManager(  353):   Action: "android.intent.action.SENDTO"
I/PackageManager(  353):   Category: "android.intent.category.DEFAULT"
I/PackageManager(  353):   Scheme: "sms"
I/PackageManager(  353): Adding preferred activity ComponentInfo{com.android.mms/com.android.mms.ui.ComposeMessageActivity} for user 0 :
I/PackageManager(  353):   Action: "android.intent.action.SENDTO"
I/PackageManager(  353):   Category: "android.intent.category.DEFAULT"
I/PackageManager(  353):   Scheme: "smsto"
I/PackageManager(  353): Adding preferred activity ComponentInfo{com.android.mms/com.android.mms.ui.ComposeMessageActivity} for user 0 :
I/PackageManager(  353):   Action: "android.intent.action.SENDTO"
I/PackageManager(  353):   Category: "android.intent.category.DEFAULT"
I/PackageManager(  353):   Scheme: "mms"
I/PackageManager(  353): Adding preferred activity ComponentInfo{com.android.mms/com.android.mms.ui.ComposeMessageActivity} for user 0 :
D/dalvikvm(  601): GC_CONCURRENT freed 459K, 14% free 3386K/3912K, paused 6ms+3ms, total 110ms
I/PackageManager(  353):   Action: "android.intent.action.SENDTO"
I/PackageManager(  353):   Category: "android.intent.category.DEFAULT"
I/PackageManager(  353):   Scheme: "mmsto"
I/PackageManager(  353): Adding preferred activity ComponentInfo{com.android.mms/com.android.mms.ui.ComposeMessageActivity} for user 0 :
D/dalvikvm(  353): GC_CONCURRENT freed 790K, 55% free 5738K/12704K, paused 63ms+5ms, total 158ms
D/dalvikvm(  353): WAIT_FOR_CONCURRENT_GC blocked 38ms
I/PackageManager(  353):   Action: "android.intent.action.SENDTO"
I/PackageManager(  353):   Category: "android.intent.category.DEFAULT"
I/PackageManager(  353):   Scheme: "sms"
I/PackageManager(  353): Adding preferred activity ComponentInfo{com.android.mms/com.android.mms.ui.ComposeMessageActivity} for user 0 :
D/dalvikvm(  353): WAIT_FOR_CONCURRENT_GC blocked 40ms
I/PackageManager(  353):   Action: "android.intent.action.SENDTO"
I/PackageManager(  353):   Category: "android.intent.category.DEFAULT"
I/PackageManager(  353):   Scheme: "smsto"
I/PackageManager(  353): Adding preferred activity ComponentInfo{com.android.mms/com.android.mms.ui.ComposeMessageActivity} for user 0 :
I/PackageManager(  353):   Action: "android.intent.action.SENDTO"
I/PackageManager(  353):   Category: "android.intent.category.DEFAULT"
I/PackageManager(  353):   Scheme: "mms"
I/PackageManager(  353): Adding preferred activity ComponentInfo{com.android.mms/com.android.mms.ui.ComposeMessageActivity} for user 0 :
I/PackageManager(  353):   Action: "android.intent.action.SENDTO"
I/PackageManager(  353):   Category: "android.intent.category.DEFAULT"
I/PackageManager(  353):   Scheme: "mmsto"
I/PackageManager(  353): Adding preferred activity ComponentInfo{com.android.mms/com.android.mms.ui.ComposeMessageActivity} for user 0 :
I/PackageManager(  353):   Action: "android.intent.action.SENDTO"
I/PackageManager(  353):   Category: "android.intent.category.DEFAULT"
I/PackageManager(  353):   Scheme: "sms"
I/PackageManager(  353): Adding preferred activity ComponentInfo{com.android.mms/com.android.mms.ui.ComposeMessageActivity} for user 0 :
D/dalvikvm(  601): GC_CONCURRENT freed 504K, 15% free 3403K/3960K, paused 6ms+3ms, total 104ms
D/dalvikvm(  601): WAIT_FOR_CONCURRENT_GC blocked 5ms
I/PackageManager(  353):   Action: "android.intent.action.SENDTO"
I/PackageManager(  353):   Category: "android.intent.category.DEFAULT"
I/PackageManager(  353):   Scheme: "smsto"
I/PackageManager(  353): Adding preferred activity ComponentInfo{com.android.mms/com.android.mms.ui.ComposeMessageActivity} for user 0 :
I/PackageManager(  353):   Action: "android.intent.action.SENDTO"
I/PackageManager(  353):   Category: "android.intent.category.DEFAULT"
I/PackageManager(  353):   Scheme: "mms"
I/PackageManager(  353): Adding preferred activity ComponentInfo{com.android.mms/com.android.mms.ui.ComposeMessageActivity} for user 0 :
I/PackageManager(  353):   Action: "android.intent.action.SENDTO"
I/PackageManager(  353):   Category: "android.intent.category.DEFAULT"
I/PackageManager(  353):   Scheme: "mmsto"
I/PackageManager(  353): Adding preferred activity ComponentInfo{com.android.mms/com.android.mms.ui.ComposeMessageActivity} for user 0 :
D/dalvikvm(  353): GC_CONCURRENT freed 788K, 56% free 5698K/12704K, paused 6ms+15ms, total 91ms
D/dalvikvm(  353): WAIT_FOR_CONCURRENT_GC blocked 36ms
I/PackageManager(  353):   Action: "android.intent.action.SENDTO"
I/PackageManager(  353):   Category: "android.intent.category.DEFAULT"
I/PackageManager(  353):   Scheme: "sms"
I/PackageManager(  353): Adding preferred activity ComponentInfo{com.android.mms/com.android.mms.ui.ComposeMessageActivity} for user 0 :
I/PackageManager(  353):   Action: "android.intent.action.SENDTO"
I/PackageManager(  353):   Category: "android.intent.category.DEFAULT"
I/PackageManager(  353):   Scheme: "smsto"
I/PackageManager(  353): Adding preferred activity ComponentInfo{com.android.mms/com.android.mms.ui.ComposeMessageActivity} for user 0 :
I/PackageManager(  353):   Action: "android.intent.action.SENDTO"
I/PackageManager(  353):   Category: "android.intent.category.DEFAULT"
I/PackageManager(  353):   Scheme: "mms"
I/PackageManager(  353): Adding preferred activity ComponentInfo{com.android.mms/com.android.mms.ui.ComposeMessageActivity} for user 0 :
I/PackageManager(  353):   Action: "android.intent.action.SENDTO"
I/PackageManager(  353):   Category: "android.intent.category.DEFAULT"
I/PackageManager(  353):   Scheme: "mmsto"
I/PackageManager(  353): Adding preferred activity ComponentInfo{com.android.mms/com.android.mms.ui.ComposeMessageActivity} for user 0 :
D/dalvikvm(  601): GC_CONCURRENT freed 527K, 15% free 3386K/3980K, paused 4ms+2ms, total 68ms
D/dalvikvm(  601): WAIT_FOR_CONCURRENT_GC blocked 8ms
D/ConnectivityService(  353): [CheckMp] isMobileOk: not connected ni=NetworkInfo: type: mobile_hipri[UMTS], state: DISCONNECTED/IDLE, reason: (unspecified), extra: (none), roaming: false, failover: false, isAvailable: true, isConnectedToProvisioningNetwork: false
E/WVMExtractor(   61): Failed to open libwvm.so
D/dalvikvm(  624): GC_CONCURRENT freed 250K, 10% free 3028K/3344K, paused 4ms+4ms, total 35ms
V/MediaScanner(  624): pruneDeadThumbnailFiles... android.database.sqlite.SQLiteCursor@b2d382c8
V/MediaScanner(  624): /pruneDeadThumbnailFiles... android.database.sqlite.SQLiteCursor@b2d382c8
I/ActivityManager(  353): Resuming delayed broadcast
V/AlarmClock(  970): AlarmInitReceiver android.intent.action.BOOT_COMPLETED
D/ConnectivityService(  353): [CheckMp] isMobileOk: not connected ni=NetworkInfo: type: mobile_hipri[UMTS], state: DISCONNECTED/IDLE, reason: (unspecified), extra: (none), roaming: false, failover: false, isAvailable: true, isConnectedToProvisioningNetwork: false
V/AlarmClock(  970): AlarmInitReceiver - Reset timers and clear stopwatch data
V/AlarmClock(  970): AlarmInitReceiver - resetting volume button default
D/dalvikvm(  353): GC_CONCURRENT freed 642K, 56% free 5692K/12704K, paused 12ms+5ms, total 72ms
D/dalvikvm(  970): GC_CONCURRENT freed 392K, 15% free 2816K/3280K, paused 4ms+3ms, total 169ms
I/AlarmClock(  970): Displaying next alarm time: ''
E/MetadataRetrieverClient(   61): failed to extract an album art
V/AlarmClock(  970): AlarmInitReceiver finished
I/ActivityManager(  353): Delay finish: com.android.email/.service.EmailUpgradeBroadcastReceiver
I/ActivityManager(  353): Resuming delayed broadcast
I/ActivityManager(  353): Delay finish: com.android.email/.service.EmailBroadcastReceiver
I/Email   (  915): Onetime initialization: 1
I/Email   (  915): Onetime initialization: 2
I/Email   (  915): Onetime initialization: completed.
I/ActivityManager(  353): Delaying start of: ServiceRecord{b3402bd0 u0 com.android.exchange/.service.EmailSyncAdapterService}
I/ActivityManager(  353): Resuming delayed broadcast
I/LauncherIconVisibilityManager(  588): Boot has been completed
I/LauncherIconVisibilityManager(  588): Disable activity: ComponentInfo{com.android.inputmethod.latin/com.android.inputmethod.latin.setup.SetupActivity}
E/BluetoothAdapter(  614): Bluetooth binder is null
I/ActivityManager(  353): Delay finish: com.android.deskclock/com.android.alarmclock.AnalogAppWidgetProvider
D/ConnectivityService(  353): [CheckMp] isMobileOk: not connected ni=NetworkInfo: type: mobile_hipri[UMTS], state: DISCONNECTED/IDLE, reason: (unspecified), extra: (none), roaming: false, failover: false, isAvailable: true, isConnectedToProvisioningNetwork: false
D/dalvikvm( 1027): GC_CONCURRENT freed 220K, 10% free 2880K/3168K, paused 5ms+12ms, total 73ms
E/StrictMode( 1027): A resource was acquired at attached stack trace but never released. See java.io.Closeable for information on avoiding resource leaks.
E/StrictMode( 1027): java.lang.Throwable: Explicit termination method 'release' not called
E/StrictMode( 1027): 	at dalvik.system.CloseGuard.open(CloseGuard.java:184)
E/StrictMode( 1027): 	at android.drm.DrmManagerClient.<init>(DrmManagerClient.java:258)
E/StrictMode( 1027): 	at com.google.android.mms.pdu.PduPersister.<init>(PduPersister.java:288)
E/StrictMode( 1027): 	at com.google.android.mms.pdu.PduPersister.getPduPersister(PduPersister.java:296)
E/StrictMode( 1027): 	at com.android.mms.transaction.TransactionService.onNewIntent(TransactionService.java:224)
E/StrictMode( 1027): 	at com.android.mms.transaction.TransactionService$ServiceHandler.handleMessage(TransactionService.java:621)
E/StrictMode( 1027): 	at android.os.Handler.dispatchMessage(Handler.java:102)
E/StrictMode( 1027): 	at android.os.Looper.loop(Looper.java:136)
E/StrictMode( 1027): 	at android.os.HandlerThread.run(HandlerThread.java:61)
I/ActivityManager(  353): Resuming delayed broadcast
W/BroadcastQueue(  353): Permission Denial: broadcasting Intent { act=android.appwidget.action.APPWIDGET_UPDATE_OPTIONS flg=0x10 cmp=com.android.settings/.widget.SettingsAppWidgetProvider (has extras) } from android (pid=675, uid=10008) is not exported from uid 1000 due to receiver com.android.settings/.widget.SettingsAppWidgetProvider
I/ActivityManager(  353): Delay finish: com.android.email/.provider.WidgetProvider
I/ActivityManager(  353): Resuming delayed broadcast
I/ActivityManager(  353): Start proc com.svox.pico for broadcast com.svox.pico/.VoiceDataInstallerReceiver: pid=1073 uid=10037 gids={50037, 1028, 1015}
E/BluetoothAdapter(  614): Bluetooth binder is null
D/AlertReceiver(  949): onReceive: a=android.intent.action.PROVIDER_CHANGED Intent { act=android.intent.action.PROVIDER_CHANGED dat=content://com.android.calendar flg=0x10 cmp=com.android.calendar/.alerts.AlertReceiver }
I/ActivityManager(  353): Delay finish: com.android.calendar/.alerts.AlertReceiver
D/AlertService(  949): 0 Action = android.intent.action.PROVIDER_CHANGED
D/ConnectivityService(  353): [CheckMp] isMobileOk: not connected ni=NetworkInfo: type: mobile_hipri[UMTS], state: DISCONNECTED/IDLE, reason: (unspecified), extra: (none), roaming: false, failover: false, isAvailable: true, isConnectedToProvisioningNetwork: false
D/ConnectivityService(  353): [CheckMp] isMobileOk: not connected ni=NetworkInfo: type: mobile_hipri[UMTS], state: DISCONNECTED/IDLE, reason: (unspecified), extra: (none), roaming: false, failover: false, isAvailable: true, isConnectedToProvisioningNetwork: false
D/ConnectivityService(  353): [CheckMp] isMobileOk: not connected ni=NetworkInfo: type: mobile_hipri[UMTS], state: DISCONNECTED/IDLE, reason: (unspecified), extra: (none), roaming: false, failover: false, isAvailable: true, isConnectedToProvisioningNetwork: false
D/ConnectivityService(  353): [CheckMp] isMobileOk: not connected ni=NetworkInfo: type: mobile_hipri[UMTS], state: DISCONNECTED/IDLE, reason: (unspecified), extra: (none), roaming: false, failover: false, isAvailable: true, isConnectedToProvisioningNetwork: false
D/ConnectivityService(  353): [CheckMp] isMobileOk: not connected ni=NetworkInfo: type: mobile_hipri[UMTS], state: DISCONNECTED/IDLE, reason: (unspecified), extra: (none), roaming: false, failover: false, isAvailable: true, isConnectedToProvisioningNetwork: false
I/GlobalDismissManager(  949): no sender configured
D/AlertService(  949): Beginning updateAlertNotification
D/AlertService(  949): No fired or scheduled alerts
D/AlertService(  949): Scheduling next alarm with AlarmScheduler. sEventReminderReceived: null
D/AlarmScheduler(  949): No events found starting within 1 week.
I/ActivityManager(  353): Resuming delayed broadcast
V/SmsReceiverService( 1027): onStart: #1 mResultCode: -1 = Activity.RESULT_OK
I/ActivityManager(  353): Delay finish: com.android.mms/.transaction.SmsReceiver
I/ActivityManager(  353): Resuming delayed broadcast
D/ConnectivityService(  353): [CheckMp] isMobileOk: not connected ni=NetworkInfo: type: mobile_hipri[UMTS], state: DISCONNECTED/IDLE, reason: (unspecified), extra: (none), roaming: false, failover: false, isAvailable: true, isConnectedToProvisioningNetwork: false
D/MobileDataStateTracker(  353): default: setPolicyDataEnable(enabled=true)
I/ActivityManager(  353): Delay finish: com.android.providers.calendar/.CalendarProviderBroadcastReceiver
D/dalvikvm(  980): GC_CONCURRENT freed 221K, 10% free 2895K/3184K, paused 6ms+11ms, total 63ms
I/ActivityManager(  353): Resuming delayed broadcast
I/ActivityManager(  353): Waited long enough for: ServiceRecord{b2dfcf68 u0 com.android.music/.MediaPlaybackService}
D/ConnectivityService(  353): [CheckMp] isMobileOk: not connected ni=NetworkInfo: type: mobile_hipri[UMTS], state: DISCONNECTED/IDLE, reason: (unspecified), extra: (none), roaming: false, failover: false, isAvailable: true, isConnectedToProvisioningNetwork: false
D/ConnectivityService(  353): [CheckMp] isMobileOk: not connected ni=NetworkInfo: type: mobile_hipri[UMTS], state: DISCONNECTED/IDLE, reason: (unspecified), extra: (none), roaming: false, failover: false, isAvailable: true, isConnectedToProvisioningNetwork: false
D/ConnectivityService(  353): [CheckMp] isMobileOk: not connected ni=NetworkInfo: type: mobile_hipri[UMTS], state: DISCONNECTED/IDLE, reason: (unspecified), extra: (none), roaming: false, failover: false, isAvailable: true, isConnectedToProvisioningNetwork: false
D/ConnectivityService(  353): Sampling interval elapsed, updating statistics ..
D/ConnectivityService(  353): Done.
D/ConnectivityService(  353): Setting timer for 720seconds
D/dalvikvm(  353): GC_CONCURRENT freed 625K, 56% free 5699K/12704K, paused 7ms+4ms, total 71ms
I/InputReader(  353): Reconfiguring input devices.  changes=0x00000010
I/PackageManager(  353):   Action: "android.intent.action.SENDTO"
I/PackageManager(  353):   Category: "android.intent.category.DEFAULT"
I/PackageManager(  353):   Scheme: "sms"
I/PackageManager(  353): Adding preferred activity ComponentInfo{com.android.mms/com.android.mms.ui.ComposeMessageActivity} for user 0 :
I/InputReader(  353): Reconfiguring input devices.  changes=0x00000010
I/PackageManager(  353):   Action: "android.intent.action.SENDTO"
I/PackageManager(  353):   Category: "android.intent.category.DEFAULT"
I/PackageManager(  353):   Scheme: "smsto"
I/PackageManager(  353): Adding preferred activity ComponentInfo{com.android.mms/com.android.mms.ui.ComposeMessageActivity} for user 0 :
I/PackageManager(  353):   Action: "android.intent.action.SENDTO"
I/PackageManager(  353):   Category: "android.intent.category.DEFAULT"
I/PackageManager(  353):   Scheme: "mms"
I/PackageManager(  353): Adding preferred activity ComponentInfo{com.android.mms/com.android.mms.ui.ComposeMessageActivity} for user 0 :
I/PackageManager(  353):   Action: "android.intent.action.SENDTO"
I/PackageManager(  353):   Category: "android.intent.category.DEFAULT"
I/PackageManager(  353):   Scheme: "mmsto"
I/PackageManager(  353): Adding preferred activity ComponentInfo{com.android.mms/com.android.mms.ui.ComposeMessageActivity} for user 0 :
I/PackageManager(  353):   Action: "android.intent.action.SENDTO"
I/PackageManager(  353):   Category: "android.intent.category.DEFAULT"
I/PackageManager(  353):   Scheme: "sms"
I/PackageManager(  353): Adding preferred activity ComponentInfo{com.android.mms/com.android.mms.ui.ComposeMessageActivity} for user 0 :
I/PackageManager(  353):   Action: "android.intent.action.SENDTO"
I/PackageManager(  353):   Category: "android.intent.category.DEFAULT"
I/PackageManager(  353):   Scheme: "smsto"
I/PackageManager(  353): Adding preferred activity ComponentInfo{com.android.mms/com.android.mms.ui.ComposeMessageActivity} for user 0 :
D/dalvikvm(  601): GC_CONCURRENT freed 432K, 15% free 3400K/3980K, paused 13ms+3ms, total 90ms
I/PackageManager(  353):   Action: "android.intent.action.SENDTO"
I/PackageManager(  353):   Category: "android.intent.category.DEFAULT"
I/PackageManager(  353):   Scheme: "mms"
I/PackageManager(  353): Adding preferred activity ComponentInfo{com.android.mms/com.android.mms.ui.ComposeMessageActivity} for user 0 :
D/dalvikvm(  353): GC_CONCURRENT freed 716K, 55% free 5729K/12704K, paused 6ms+5ms, total 103ms
D/dalvikvm(  353): WAIT_FOR_CONCURRENT_GC blocked 29ms
I/PackageManager(  353):   Action: "android.intent.action.SENDTO"
I/PackageManager(  353):   Category: "android.intent.category.DEFAULT"
I/PackageManager(  353):   Scheme: "mmsto"
I/PackageManager(  353): Adding preferred activity ComponentInfo{com.android.mms/com.android.mms.ui.ComposeMessageActivity} for user 0 :
I/PackageManager(  353):   Action: "android.intent.action.SENDTO"
I/PackageManager(  353):   Category: "android.intent.category.DEFAULT"
I/PackageManager(  353):   Scheme: "sms"
I/PackageManager(  353): Adding preferred activity ComponentInfo{com.android.mms/com.android.mms.ui.ComposeMessageActivity} for user 0 :
I/PackageManager(  353):   Action: "android.intent.action.SENDTO"
I/PackageManager(  353):   Category: "android.intent.category.DEFAULT"
I/PackageManager(  353):   Scheme: "smsto"
I/PackageManager(  353): Adding preferred activity ComponentInfo{com.android.mms/com.android.mms.ui.ComposeMessageActivity} for user 0 :
I/PackageManager(  353):   Action: "android.intent.action.SENDTO"
I/PackageManager(  353):   Category: "android.intent.category.DEFAULT"
I/PackageManager(  353):   Scheme: "mms"
I/PackageManager(  353): Adding preferred activity ComponentInfo{com.android.mms/com.android.mms.ui.ComposeMessageActivity} for user 0 :
D/ConnectivityService(  353): [CheckMp] isMobileOk: not connected ni=NetworkInfo: type: mobile_hipri[UMTS], state: DISCONNECTED/IDLE, reason: (unspecified), extra: (none), roaming: false, failover: false, isAvailable: true, isConnectedToProvisioningNetwork: false
I/PackageManager(  353):   Action: "android.intent.action.SENDTO"
I/PackageManager(  353):   Category: "android.intent.category.DEFAULT"
I/PackageManager(  353):   Scheme: "mmsto"
I/PackageManager(  353): Adding preferred activity ComponentInfo{com.android.mms/com.android.mms.ui.ComposeMessageActivity} for user 0 :
D/dalvikvm(  601): GC_CONCURRENT freed 480K, 16% free 3379K/3980K, paused 5ms+12ms, total 45ms
I/PackageManager(  353):   Action: "android.intent.action.SENDTO"
I/PackageManager(  353):   Category: "android.intent.category.DEFAULT"
I/PackageManager(  353):   Scheme: "sms"
I/PackageManager(  353): Adding preferred activity ComponentInfo{com.android.mms/com.android.mms.ui.ComposeMessageActivity} for user 0 :
I/PackageManager(  353):   Action: "android.intent.action.SENDTO"
I/PackageManager(  353):   Category: "android.intent.category.DEFAULT"
I/PackageManager(  353):   Scheme: "smsto"
I/PackageManager(  353): Adding preferred activity ComponentInfo{com.android.mms/com.android.mms.ui.ComposeMessageActivity} for user 0 :
D/dalvikvm(  353): GC_CONCURRENT freed 723K, 55% free 5765K/12704K, paused 7ms+5ms, total 88ms
D/dalvikvm(  353): WAIT_FOR_CONCURRENT_GC blocked 31ms
I/PackageManager(  353):   Action: "android.intent.action.SENDTO"
I/PackageManager(  353):   Category: "android.intent.category.DEFAULT"
I/PackageManager(  353):   Scheme: "mms"
I/PackageManager(  353): Adding preferred activity ComponentInfo{com.android.mms/com.android.mms.ui.ComposeMessageActivity} for user 0 :
I/PackageManager(  353):   Action: "android.intent.action.SENDTO"
I/PackageManager(  353):   Category: "android.intent.category.DEFAULT"
I/PackageManager(  353):   Scheme: "mmsto"
I/PackageManager(  353): Adding preferred activity ComponentInfo{com.android.mms/com.android.mms.ui.ComposeMessageActivity} for user 0 :
D/ConnectivityService(  353): [CheckMp] isMobileOk: not connected ni=NetworkInfo: type: mobile_hipri[UMTS], state: DISCONNECTED/IDLE, reason: (unspecified), extra: (none), roaming: false, failover: false, isAvailable: true, isConnectedToProvisioningNetwork: false
D/ConnectivityService(  353): [CheckMp] isMobileOk: not connected ni=NetworkInfo: type: mobile_hipri[UMTS], state: DISCONNECTED/IDLE, reason: (unspecified), extra: (none), roaming: false, failover: false, isAvailable: true, isConnectedToProvisioningNetwork: false
I/ActivityManager(  353): Waited long enough for: ServiceRecord{b2e1f1e8 u0 com.android.calendar/.alerts.InitAlarmsService}
D/ConnectivityService(  353): [CheckMp] isMobileOk: not connected ni=NetworkInfo: type: mobile_hipri[UMTS], state: DISCONNECTED/IDLE, reason: (unspecified), extra: (none), roaming: false, failover: false, isAvailable: true, isConnectedToProvisioningNetwork: false
D/ConnectivityService(  353): [CheckMp] isMobileOk: not connected ni=NetworkInfo: type: mobile_hipri[UMTS], state: DISCONNECTED/IDLE, reason: (unspecified), extra: (none), roaming: false, failover: false, isAvailable: true, isConnectedToProvisioningNetwork: false
D/AndroidRuntime( 1093): 
D/AndroidRuntime( 1093): >>>>>> AndroidRuntime START com.android.internal.os.RuntimeInit <<<<<<
D/AndroidRuntime( 1093): CheckJNI is ON
D/ConnectivityService(  353): [CheckMp] isMobileOk: not connected ni=NetworkInfo: type: mobile_hipri[UMTS], state: DISCONNECTED/IDLE, reason: (unspecified), extra: (none), roaming: false, failover: false, isAvailable: true, isConnectedToProvisioningNetwork: false
D/dalvikvm( 1093): Trying to load lib libjavacore.so 0x0
D/dalvikvm( 1093): Added shared lib libjavacore.so 0x0
D/dalvikvm( 1093): Trying to load lib libnativehelper.so 0x0
D/dalvikvm( 1093): Added shared lib libnativehelper.so 0x0
D/dalvikvm( 1093): No JNI_OnLoad found in libnativehelper.so 0x0, skipping init
D/ConnectivityService(  353): [CheckMp] isMobileOk: not connected ni=NetworkInfo: type: mobile_hipri[UMTS], state: DISCONNECTED/IDLE, reason: (unspecified), extra: (none), roaming: false, failover: false, isAvailable: true, isConnectedToProvisioningNetwork: false
D/dalvikvm( 1093): Note: class Landroid/app/ActivityManagerNative; has 179 unimplemented (abstract) methods
E/memtrack( 1093): Couldn't load memtrack module (No such file or directory)
E/android.os.Debug( 1093): failed to load memtrack module: -2
D/AndroidRuntime( 1093): Calling main entry com.android.commands.am.Am
I/ActivityManager(  353): START u0 {act=android.intent.action.MAIN cat=[android.intent.category.LAUNCHER] flg=0x10000000 cmp=com.squareenix.dxm/com.iapp.app.logoActivity} from pid 1093
D/gralloc (   58): Registering a buffer in the process that created it. This may cause memory ordering problems.
E/libEGL  (   58): called unimplemented OpenGL ES API
E/libEGL  (   58): called unimplemented OpenGL ES API
E/libEGL  (   58): called unimplemented OpenGL ES API
E/libEGL  (   58): called unimplemented OpenGL ES API
E/SurfaceFlinger(   58): glCheckFramebufferStatusOES error 854837674
E/SurfaceFlinger(   58): got GL_FRAMEBUFFER_COMPLETE_OES error while taking screenshot
E/libEGL  (   58): called unimplemented OpenGL ES API
E/libEGL  (   58): called unimplemented OpenGL ES API
W/WindowManager(  353): Screenshot failure taking screenshot for (164x295) to layer 21005
D/ConnectivityService(  353): [CheckMp] isMobileOk: not connected ni=NetworkInfo: type: mobile_hipri[UMTS], state: DISCONNECTED/IDLE, reason: (unspecified), extra: (none), roaming: false, failover: false, isAvailable: true, isConnectedToProvisioningNetwork: false
I/ActivityManager(  353): Start proc com.squareenix.dxm for activity com.squareenix.dxm/com.iapp.app.logoActivity: pid=1103 uid=10052 gids={50052, 3003, 1028, 1015}
D/ConnectivityService(  353): [CheckMp] isMobileOk: not connected ni=NetworkInfo: type: mobile_hipri[UMTS], state: DISCONNECTED/IDLE, reason: (unspecified), extra: (none), roaming: false, failover: false, isAvailable: true, isConnectedToProvisioningNetwork: false
I/ActivityManager(  353): START u0 {flg=0x4000000 cmp=com.squareenix.dxm/com.iapp.app.run.mian (has extras)} from pid 1103
D/dalvikvm( 1103): Trying to load lib /data/app-lib/com.squareenix.dxm-1/libygsiyu.so 0xb2d09bf0
D/dalvikvm( 1103): Added shared lib /data/app-lib/com.squareenix.dxm-1/libygsiyu.so 0xb2d09bf0
D/dalvikvm( 1103): Trying to load lib /data/app-lib/com.squareenix.dxm-1/libluajava.so 0xb2d09bf0
D/dalvikvm( 1103): Added shared lib /data/app-lib/com.squareenix.dxm-1/libluajava.so 0xb2d09bf0
I/LUA-JNI ( 1103): start load
W/LUA-JNI ( 1103): methods len:102
I/LUA-JNI ( 1103): load success
D/ConnectivityService(  353): [CheckMp] isMobileOk: not connected ni=NetworkInfo: type: mobile_hipri[UMTS], state: DISCONNECTED/IDLE, reason: (unspecified), extra: (none), roaming: false, failover: false, isAvailable: true, isConnectedToProvisioningNetwork: false
D/dalvikvm( 1103): GC_CONCURRENT freed 251K, 11% free 2920K/3248K, paused 4ms+17ms, total 76ms
D/dalvikvm( 1103): WAIT_FOR_CONCURRENT_GC blocked 62ms
D/ConnectivityService(  353): [CheckMp] isMobileOk: not connected ni=NetworkInfo: type: mobile_hipri[UMTS], state: DISCONNECTED/IDLE, reason: (unspecified), extra: (none), roaming: false, failover: false, isAvailable: true, isConnectedToProvisioningNetwork: false
E/dalvikvm( 1103): Could not find class 'android.graphics.drawable.RippleDrawable', referenced from method com.iapp.app.ei.d
W/dalvikvm( 1103): VFY: unable to resolve new-instance 187 (Landroid/graphics/drawable/RippleDrawable;) in Lcom/iapp/app/ei;
D/dalvikvm( 1103): VFY: replacing opcode 0x22 at 0x0008
D/dalvikvm( 1103): DexOpt: unable to opt direct call 0x039e at 0x1e in Lcom/iapp/app/ei;.d
V/WebViewChromiumFactoryProvider( 1103): Binding Chromium to main looper Looper (main, tid 1) {b2d03f80}
I/LibraryLoader( 1103): Expected native library version number "",actual native library version number ""
I/chromium( 1103): [INFO:library_loader_hooks.cc(116)] Chromium logging enabled: level = 0, default verbosity = 0
I/BrowserStartupController( 1103): Initializing chromium process, renderers=0
D/ConnectivityService(  353): [CheckMp] isMobileOk: not connected ni=NetworkInfo: type: mobile_hipri[UMTS], state: DISCONNECTED/IDLE, reason: (unspecified), extra: (none), roaming: false, failover: false, isAvailable: true, isConnectedToProvisioningNetwork: false
E/AudioManagerAndroid( 1103): BLUETOOTH permission is missing!
E/chromium( 1103): [ERROR:gl_surface_egl.cc(169)] No suitable EGL configs found.
E/chromium( 1103): [ERROR:gl_surface_egl.cc(702)] GLSurfaceEGL::InitializeOneOff failed.
E/chromium( 1103): [ERROR:gl_surface_egl.cc(169)] No suitable EGL configs found.
E/chromium( 1103): [ERROR:gl_surface_egl.cc(702)] GLSurfaceEGL::InitializeOneOff failed.
E/chromium( 1103): [ERROR:gpu_info_collector.cc(86)] gfx::GLSurface::InitializeOneOff() failed
W/chromium( 1103): [WARNING:mailbox_synchronizer.cc(36)] MailboxSync not supported due to missing EGL image/fence support
D/ConnectivityService(  353): [CheckMp] isMobileOk: not connected ni=NetworkInfo: type: mobile_hipri[UMTS], state: DISCONNECTED/IDLE, reason: (unspecified), extra: (none), roaming: false, failover: false, isAvailable: true, isConnectedToProvisioningNetwork: false
E/chromium( 1103): [ERROR:gl_surface_egl.cc(169)] No suitable EGL configs found.
E/chromium( 1103): [ERROR:gl_surface_egl.cc(702)] GLSurfaceEGL::InitializeOneOff failed.
D/dalvikvm( 1103): GC_FOR_ALLOC freed 356K, 16% free 2932K/3476K, paused 50ms, total 51ms
D/dalvikvm( 1103): GC_FOR_ALLOC freed 1K, 15% free 2956K/3476K, paused 37ms, total 38ms
I/dalvikvm-heap( 1103): Grow heap (frag case) to 3.218MB for 281896-byte allocation
D/dalvikvm( 1103): GC_FOR_ALLOC freed <1K, 14% free 3231K/3752K, paused 38ms, total 38ms
W/chromium( 1103): [WARNING:proxy_service.cc(890)] PAC support disabled because there is no system implementation
D/ConnectivityService(  353): [CheckMp] isMobileOk: not connected ni=NetworkInfo: type: mobile_hipri[UMTS], state: DISCONNECTED/IDLE, reason: (unspecified), extra: (none), roaming: false, failover: false, isAvailable: true, isConnectedToProvisioningNetwork: false
W/System.err( 1103): java.lang.ArrayIndexOutOfBoundsException: length=26; index=26
W/System.err( 1103): 	at com.b.a.a.ab.f(Unknown Source)
W/System.err( 1103): 	at com.b.a.a.ab.b(Unknown Source)
W/System.err( 1103): 	at com.b.a.a.ab.a(Unknown Source)
W/System.err( 1103): 	at com.iapp.app.run.mian.a(Unknown Source)
W/System.err( 1103): 	at com.iapp.app.run.mian.onCreate(Unknown Source)
W/System.err( 1103): 	at android.app.Activity.performCreate(Activity.java:5231)
W/System.err( 1103): 	at android.app.Instrumentation.callActivityOnCreate(Instrumentation.java:1087)
W/System.err( 1103): 	at android.app.ActivityThread.performLaunchActivity(ActivityThread.java:2148)
W/System.err( 1103): 	at android.app.ActivityThread.handleLaunchActivity(ActivityThread.java:2233)
W/System.err( 1103): 	at android.app.ActivityThread.access$800(ActivityThread.java:135)
W/System.err( 1103): 	at android.app.ActivityThread$H.handleMessage(ActivityThread.java:1196)
W/System.err( 1103): 	at android.os.Handler.dispatchMessage(Handler.java:102)
W/System.err( 1103): 	at android.os.Looper.loop(Looper.java:136)
W/System.err( 1103): 	at android.app.ActivityThread.main(ActivityThread.java:5001)
W/System.err( 1103): 	at java.lang.reflect.Method.invokeNative(Native Method)
W/System.err( 1103): 	at java.lang.reflect.Method.invoke(Method.java:515)
W/System.err( 1103): 	at com.android.internal.os.ZygoteInit$MethodAndArgsCaller.run(ZygoteInit.java:785)
W/System.err( 1103): 	at com.android.internal.os.ZygoteInit.main(ZygoteInit.java:601)
W/System.err( 1103): 	at dalvik.system.NativeStart.main(Native Method)
D/ConnectivityService(  353): [CheckMp] isMobileOk: not connected ni=NetworkInfo: type: mobile_hipri[UMTS], state: DISCONNECTED/IDLE, reason: (unspecified), extra: (none), roaming: false, failover: false, isAvailable: true, isConnectedToProvisioningNetwork: false
I/Choreographer( 1103): Skipped 47 frames!  The application may be doing too much work on its main thread.
D/gralloc_goldfish( 1103): Emulator without GPU emulation detected.
D/ConnectivityService(  353): [CheckMp] isMobileOk: not connected ni=NetworkInfo: type: mobile_hipri[UMTS], state: DISCONNECTED/IDLE, reason: (unspecified), extra: (none), roaming: false, failover: false, isAvailable: true, isConnectedToProvisioningNetwork: false
D/ConnectivityService(  353): [CheckMp] isMobileOk: not connected ni=NetworkInfo: type: mobile_hipri[UMTS], state: DISCONNECTED/IDLE, reason: (unspecified), extra: (none), roaming: false, failover: false, isAvailable: true, isConnectedToProvisioningNetwork: false
I/Choreographer(  353): Skipped 48 frames!  The application may be doing too much work on its main thread.
I/ActivityManager(  353): Displayed com.squareenix.dxm/com.iapp.app.run.mian: +5s137ms (total +5s723ms)
D/ConnectivityService(  353): [CheckMp] isMobileOk: not connected ni=NetworkInfo: type: mobile_hipri[UMTS], state: DISCONNECTED/IDLE, reason: (unspecified), extra: (none), roaming: false, failover: false, isAvailable: true, isConnectedToProvisioningNetwork: false
D/AndroidRuntime( 1093): Shutting down VM
D/dalvikvm( 1093): GC_CONCURRENT freed 98K, 15% free 589K/692K, paused 2ms+2ms, total 22ms
I/ARMAssembler(   58): generated scanline__00000077:03010104_00008001_00000000 [ 89 ipp] (110 ins) at [0xb5769680:0xb5769838] in 0 ns
W/chromium( 1103): [WARNING:simple_index_file.cc(338)] Could not map Simple Index file.
I/chromium( 1103): [INFO:simple_index_file.cc(437)] Simple Cache Index is being restored from disk.
V/AlarmClock(  970): AlarmInitReceiver android.intent.action.TIME_SET
I/AlarmClock(  970): Displaying next alarm time: ''
V/AlarmClock(  970): AlarmInitReceiver finished
D/dalvikvm( 1103): GC_CONCURRENT freed 145K, 7% free 3494K/3736K, paused 6ms+5ms, total 36ms
D/dalvikvm( 1103): GC_CONCURRENT freed 426K, 13% free 3523K/4016K, paused 46ms+54ms, total 158ms
D/dalvikvm( 1103): GC_CONCURRENT freed 431K, 13% free 3518K/4016K, paused 24ms+24ms, total 98ms
D/InitAlarmsService(  949): Clearing and rescheduling alarms.
D/dalvikvm( 1103): GC_CONCURRENT freed 447K, 13% free 3506K/4020K, paused 4ms+5ms, total 76ms
D/dalvikvm(  353): GC_CONCURRENT freed 675K, 55% free 5732K/12704K, paused 6ms+18ms, total 115ms
D/        (  353): Setting time of day to sec=1539128591
D/ConnectivityService(  353): [CheckMp] isMobileOk: not connected ni=NetworkInfo: type: mobile_hipri[UMTS], state: DISCONNECTED/IDLE, reason: (unspecified), extra: (none), roaming: false, failover: false, isAvailable: true, isConnectedToProvisioningNetwork: false
D/ConnectivityService(  353): [CheckMp] isMobileOk: not connected ni=NetworkInfo: type: mobile_hipri[UMTS], state: DISCONNECTED/IDLE, reason: (unspecified), extra: (none), roaming: false, failover: false, isAvailable: true, isConnectedToProvisioningNetwork: false
D/ConnectivityService(  353): [CheckMp] isMobileOk: not connected ni=NetworkInfo: type: mobile_hipri[UMTS], state: DISCONNECTED/IDLE, reason: (unspecified), extra: (none), roaming: false, failover: false, isAvailable: true, isConnectedToProvisioningNetwork: false
D/dalvikvm( 1103): GC_CONCURRENT freed 408K, 13% free 3509K/4020K, paused 4ms+2ms, total 115ms
D/AndroidRuntime( 1163): 
D/AndroidRuntime( 1163): >>>>>> AndroidRuntime START com.android.internal.os.RuntimeInit <<<<<<
D/AndroidRuntime( 1163): CheckJNI is ON
D/dalvikvm( 1163): Trying to load lib libjavacore.so 0x0
D/dalvikvm( 1163): Added shared lib libjavacore.so 0x0
D/dalvikvm( 1163): Trying to load lib libnativehelper.so 0x0
D/dalvikvm( 1163): Added shared lib libnativehelper.so 0x0
D/dalvikvm( 1163): No JNI_OnLoad found in libnativehelper.so 0x0, skipping init
D/dalvikvm( 1163): Note: class Landroid/app/ActivityManagerNative; has 179 unimplemented (abstract) methods
D/ConnectivityService(  353): [CheckMp] isMobileOk: timed out
D/ConnectivityService(  353): [CheckMp] isMobileOk: F stop hipri
D/MobileDataStateTracker(  353): default: setEnableFailFastMobileData(enabled=0)
E/memtrack( 1163): Couldn't load memtrack module (No such file or directory)
E/android.os.Debug( 1163): failed to load memtrack module: -2
D/AndroidRuntime( 1163): Calling main entry com.android.commands.am.Am
D/AndroidRuntime( 1163): Shutting down VM
D/dalvikvm( 1163): GC_CONCURRENT freed 97K, 15% free 587K/688K, paused 2ms+1ms, total 21ms
E/NetdConnector(  353): NDC Command {38 resolver clearifaceforpid 353} took too long (2135ms)
D/ConnectivityService(  353): stopUsingNetworkFeature: teardown net 0: enableHIPRI
D/dalvikvm(  601): GC_CONCURRENT freed 571K, 17% free 3316K/3960K, paused 38ms+12ms, total 98ms
D/MobileDataStateTracker(  353): hipri: Broadcast received: android.intent.action.ANY_DATA_STATE apnType=hipri
D/MobileDataStateTracker(  353): hipri: Received state=DISCONNECTED, old=CONNECTED, reason=dataDisabled
D/MobileDataStateTracker(  353): hipri: setDetailed state, old =IDLE and new state=DISCONNECTED
D/ConnectivityService(  353): ConnectivityChange for mobile_hipri: DISCONNECTED/DISCONNECTED
E/logwrapper( 1174): executing /system/bin/ip failed: No such file or directory
E/SecondaryTablController(   55): ip route del failed: /system/bin/ip route del 10.0.2.2/32 via 0.0.0.0 dev eth0 table 60
W/FrameworkListener(   55): Handler 'interface' error (No such device)
E/logwrapper( 1175): executing /system/bin/ip failed: No such file or directory
E/SecondaryTablController(   55): ip route del failed: /system/bin/ip route del 0.0.0.0/0 via 10.0.2.2 dev eth0 table 60
W/FrameworkListener(   55): Handler 'interface' error (No such device)
D/Nat464Xlat(  353): requiresClat: netType=5, hasIPv4Address=true
D/MobileDataStateTracker(  353): default: setPolicyDataEnable(enabled=true)
E/NetdConnector(  353): NDC Command {45 bandwidth removeiquota eth0} took too long (631ms)
E/NetdConnector(  353): NDC Command {46 bandwidth gettetherstats} took too long (504ms)
E/NetdConnector(  353): NDC Command {47 bandwidth setiquota eth0 9223372036854775807} took too long (1229ms)
D/MobileDataStateTracker(  353): default: setPolicyDataEnable(enabled=true)
E/NetdConnector(  353): NDC Command {48 bandwidth removeiquota eth0} took too long (609ms)
D/Tethering(  353): MasterInitialState.processMessage what=3
D/Tethering(  353): MasterInitialState.processMessage what=3
