D/dalvikvm(  798): GC_CONCURRENT freed 95K, 16% free 560K/660K, paused 13ms+2ms, total 22ms
I/PackageManager(  362):   Action: "android.intent.action.SENDTO"
I/PackageManager(  362):   Category: "android.intent.category.DEFAULT"
I/PackageManager(  362):   Scheme: "mmsto"
I/PackageManager(  362): Adding preferred activity ComponentInfo{com.android.mms/com.android.mms.ui.ComposeMessageActivity} for user 0 :
E/BluetoothAdapter(  617): Bluetooth binder is null
I/ActivityManager(  362): Start proc com.android.music for broadcast com.android.music/.MediaButtonIntentReceiver: pid=900 uid=10032 gids={50032, 3003, 1028, 1015}
I/dalvikvm(  900): CheckJNI enabled: not enabling JNI app bug workarounds.
I/ContactDirectoryManager(  553): deleted 0 stale rows which don't have any relevant directory
D/ActivityThread(  882): Loading provider com.android.email.provider;com.android.email.notifier: com.android.email.provider.EmailProvider
D/ActivityThread(  882): Loading provider com.android.email.provider;com.android.email.notifier: com.android.email.provider.EmailProvider
I/ContactDirectoryManager(  553): Discovered 0 contact directories in 4301ms
D/ConnectivityService(  362): [CheckMp] isMobileOk: not connected ni=NetworkInfo: type: mobile_hipri[UMTS], state: DISCONNECTED/IDLE, reason: (unspecified), extra: (none), roaming: false, failover: false, isAvailable: true, isConnectedToProvisioningNetwork: false
I/ContactsProvider(  553): Upgrading aggregation algorithm
I/ContactAggregator(  553): Marked all visible contacts for aggregation: 0 raw contacts, 26 ms
I/ContactsProvider(  553): Aggregation algorithm upgraded for 0 raw contacts in 67ms
W/RecognitionManagerService(  362): no available voice recognition services found for user 0
D/dalvikvm(  362): GC_CONCURRENT freed 561K, 56% free 5691K/12708K, paused 6ms+4ms, total 66ms
I/ContactsFTS(  553): Rebuild contact search index in 386ms, 0 contacts
D/dalvikvm(  553): GC_CONCURRENT freed 304K, 12% free 3084K/3468K, paused 4ms+10ms, total 49ms
E/BluetoothAdapter(  617): Bluetooth binder is null
I/MediaFocusControl(  362):   Remote Control   registerMediaButtonIntent() for PendingIntent{b363a150: PendingIntentRecord{b361cda8 com.android.music broadcastIntent}}
I/ActivityManager(  362): Start proc com.android.calendar for broadcast com.android.calendar/.widget.CalendarAppWidgetService$CalendarFactory: pid=914 uid=10016 gids={50016, 3003}
D/ConnectivityService(  362): [CheckMp] isMobileOk: not connected ni=NetworkInfo: type: mobile_hipri[UMTS], state: DISCONNECTED/IDLE, reason: (unspecified), extra: (none), roaming: false, failover: false, isAvailable: true, isConnectedToProvisioningNetwork: false
D/dalvikvm(  882): GC_CONCURRENT freed 208K, 10% free 2889K/3180K, paused 15ms+2ms, total 393ms
D/ExtensionsFactory(  914): No custom extensions.
I/ActivityManager(  362): Start proc com.android.deskclock for broadcast com.android.deskclock/.AlarmInitReceiver: pid=933 uid=10020 gids={50020, 1028}
I/ActivityManager(  362): Start proc com.android.providers.calendar for content provider com.android.providers.calendar/.CalendarProvider2: pid=937 uid=10001 gids={50001, 3003, 1028, 1015}
D/dalvikvm(   58): GC_EXPLICIT freed 40K, 5% free 2705K/2828K, paused 3ms+2ms, total 62ms
D/dalvikvm(   58): GC_EXPLICIT freed <1K, 5% free 2705K/2828K, paused 2ms+2ms, total 56ms
D/dalvikvm(   58): GC_EXPLICIT freed <1K, 5% free 2705K/2828K, paused 2ms+2ms, total 46ms
V/AlarmClock(  933): AlarmInitReceiver android.intent.action.TIMEZONE_CHANGED
D/ConnectivityService(  362): [CheckMp] isMobileOk: not connected ni=NetworkInfo: type: mobile_hipri[UMTS], state: DISCONNECTED/IDLE, reason: (unspecified), extra: (none), roaming: false, failover: false, isAvailable: true, isConnectedToProvisioningNetwork: false
I/CalendarDatabaseHelper(  937): Bootstrapping database
I/AlarmClock(  933): Alarms Table created
I/AlarmClock(  933): Instance table created
I/AlarmClock(  933): Cities table created
I/AlarmClock(  933): Inserting default alarms
I/AlarmClock(  933): Displaying next alarm time: ''
W/BackupManagerService(  362): dataChanged but no participant pkg='com.android.providers.settings' uid=10020
V/AlarmClock(  933): AlarmInitReceiver finished
I/ActivityManager(  362): Start proc com.android.dialer for broadcast com.android.dialer/.calllog.CallLogReceiver: pid=959 uid=10004 gids={50004, 3003, 1028, 1015}
I/CalendarProvider2(  937): Created com.android.providers.calendar.CalendarAlarmManager@b2d0b810(com.android.providers.calendar.CalendarProvider2@b2cf7ee8)
W/ActivityManager(  362): Unable to start service Intent { cmp=com.android.email/.service.AttachmentDownloadService } U=0: not found
W/ActivityManager(  362): Unable to start service Intent { cmp=com.android.email/.service.AttachmentDownloadService } U=0: not found
D/ExtensionsFactory(  959): No custom extensions.
E/BluetoothAdapter(  362): Bluetooth binder is null
E/BluetoothAdapter(  362): Bluetooth binder is null
V/WiredAccessoryManager(  362): init()
I/PowerManagerService(  362): Boot animation finished.
E/SoundPool(  362): error loading /system/media/audio/ui/Effect_Tick.ogg
W/AudioService(  362): Soundpool could not load file: /system/media/audio/ui/Effect_Tick.ogg
E/SoundPool(  362): error loading /system/media/audio/ui/Effect_Tick.ogg
W/AudioService(  362): Soundpool could not load file: /system/media/audio/ui/Effect_Tick.ogg
E/SoundPool(  362): error loading /system/media/audio/ui/Effect_Tick.ogg
W/AudioService(  362): Soundpool could not load file: /system/media/audio/ui/Effect_Tick.ogg
E/SoundPool(  362): error loading /system/media/audio/ui/Effect_Tick.ogg
W/AudioService(  362): Soundpool could not load file: /system/media/audio/ui/Effect_Tick.ogg
E/SoundPool(  362): error loading /system/media/audio/ui/Effect_Tick.ogg
W/AudioService(  362): Soundpool could not load file: /system/media/audio/ui/Effect_Tick.ogg
E/SoundPool(  362): error loading /system/media/audio/ui/KeypressStandard.ogg
W/AudioService(  362): Soundpool could not load file: /system/media/audio/ui/KeypressStandard.ogg
E/SoundPool(  362): error loading /system/media/audio/ui/KeypressSpacebar.ogg
W/AudioService(  362): Soundpool could not load file: /system/media/audio/ui/KeypressSpacebar.ogg
E/SoundPool(  362): error loading /system/media/audio/ui/KeypressDelete.ogg
W/AudioService(  362): Soundpool could not load file: /system/media/audio/ui/KeypressDelete.ogg
E/SoundPool(  362): error loading /system/media/audio/ui/KeypressReturn.ogg
W/AudioService(  362): Soundpool could not load file: /system/media/audio/ui/KeypressReturn.ogg
E/SoundPool(  362): error loading /system/media/audio/ui/KeypressInvalid.ogg
W/AudioService(  362): Soundpool could not load file: /system/media/audio/ui/KeypressInvalid.ogg
W/AudioService(  362): onLoadSoundEffects(), Error -1 while loading samples
I/Email   (  882): Observing account changes for notifications
I/RecoverySystem(  362): No recovery log file
I/BootReceiver(  362): Copying audit failures to DropBox
I/BootReceiver(  362): Checking for fsck errors
D/ConnectivityService(  362): [CheckMp] isMobileOk: not connected ni=NetworkInfo: type: mobile_hipri[UMTS], state: DISCONNECTED/IDLE, reason: (unspecified), extra: (none), roaming: false, failover: false, isAvailable: true, isConnectedToProvisioningNetwork: false
W/ActivityManager(  362): Unable to start service Intent { cmp=com.android.email/.service.AttachmentDownloadService } U=0: not found
I/ActivityManager(  362): Delay finish: com.android.providers.downloads/.DownloadReceiver
I/ActivityManager(  362): Resuming delayed broadcast
I/ActivityManager(  362): Delay finish: com.android.providers.media/.MediaScannerReceiver
I/MediaProvider(  624): Upgrading media database from version 0 to 700, which will destroy all old data
D/ConnectivityService(  362): [CheckMp] isMobileOk: not connected ni=NetworkInfo: type: mobile_hipri[UMTS], state: DISCONNECTED/IDLE, reason: (unspecified), extra: (none), roaming: false, failover: false, isAvailable: true, isConnectedToProvisioningNetwork: false
E/SQLiteLog(  624): (1) no such table: files
D/dalvikvm(  362): GC_FOR_ALLOC freed 658K, 55% free 5784K/12708K, paused 56ms, total 58ms
I/CalendarProvider2(  937): Sending notification intent: Intent { act=android.intent.action.PROVIDER_CHANGED dat=content://com.android.calendar }
D/dalvikvm(  362): GC_CONCURRENT freed 9K, 55% free 5784K/12708K, paused 19ms+10ms, total 125ms
W/ContentResolver(  937): Failed to get type for: content://com.android.calendar (Unknown URL content://com.android.calendar)
I/ActivityManager(  362): Resuming delayed broadcast
I/ActivityManager(  362): Start proc com.android.mms for broadcast com.android.mms/.transaction.MmsSystemEventReceiver: pid=989 uid=10009 gids={50009, 3003, 1028, 1015}
E/WVMExtractor(   60): Failed to open libwvm.so
D/CountryDetector(  362): The first listener is added
V/MmsConfig(  989): mnc/mcc: 310260
V/MmsConfig(  989): tag: bool value: enabledMMS - true
V/MmsConfig(  989): tag: int value: maxMessageSize - 307200
V/MmsConfig(  989): tag: int value: maxImageHeight - 480
V/MmsConfig(  989): tag: int value: maxImageWidth - 640
V/MmsConfig(  989): tag: int value: defaultSMSMessagesPerThread - 10000
V/MmsConfig(  989): tag: int value: defaultMMSMessagesPerThread - 1000
V/MmsConfig(  989): tag: int value: minMessageCountPerThread - 10
V/MmsConfig(  989): tag: int value: maxMessageCountPerThread - 5000
V/MmsConfig(  989): tag: string value: uaProfUrl - http://www.google.com/oha/rdf/ua-profile-kila.xml
V/MmsConfig(  989): tag: int value: recipientLimit - -1
V/MmsConfig(  989): tag: bool value: enableMultipartSMS - true
V/MmsConfig(  989): tag: int value: smsToMmsTextThreshold - -1
V/MmsConfig(  989): tag: bool value: enableSlideDuration - true
V/MmsConfig(  989): tag: int value: maxMessageTextSize - -1
D/ConnectivityService(  362): [CheckMp] isMobileOk: not connected ni=NetworkInfo: type: mobile_hipri[UMTS], state: DISCONNECTED/IDLE, reason: (unspecified), extra: (none), roaming: false, failover: false, isAvailable: true, isConnectedToProvisioningNetwork: false
I/ActivityManager(  362): Delay finish: com.android.mms/.transaction.MmsSystemEventReceiver
D/Mms:app (  989): cancelNotification
I/ActivityManager(  362): Resuming delayed broadcast
I/ActivityManager(  362): Delay finish: com.android.mms/.transaction.SmsReceiver
D/MmsSmsDatabaseHelper(  604): [MmsSmsDb] tableName: threads hasAutoIncrement: CREATE TABLE threads (_id INTEGER PRIMARY KEY AUTOINCREMENT,date INTEGER DEFAULT 0,message_count INTEGER DEFAULT 0,recipient_ids TEXT,snippet TEXT,snippet_cs INTEGER DEFAULT 0,read INTEGER DEFAULT 1,type INTEGER DEFAULT 0,error INTEGER DEFAULT 0,has_attachment INTEGER DEFAULT 0) result: true
D/MmsSmsDatabaseHelper(  604): [MmsSmsDb] tableName: canonical_addresses hasAutoIncrement: CREATE TABLE canonical_addresses (_id INTEGER PRIMARY KEY AUTOINCREMENT,address TEXT) result: true
D/MmsSmsDatabaseHelper(  604): [MmsSmsDb] tableName: part hasAutoIncrement: CREATE TABLE part (_id INTEGER PRIMARY KEY AUTOINCREMENT,mid INTEGER,seq INTEGER DEFAULT 0,ct TEXT,name TEXT,chset INTEGER,cd TEXT,fn TEXT,cid TEXT,cl TEXT,ctt_s INTEGER,ctt_t TEXT,_data TEXT,text TEXT) result: true
D/MmsSmsDatabaseHelper(  604): [MmsSmsDb] tableName: pdu hasAutoIncrement: CREATE TABLE pdu (_id INTEGER PRIMARY KEY AUTOINCREMENT,thread_id INTEGER,date INTEGER,date_sent INTEGER DEFAULT 0,msg_box INTEGER,read INTEGER DEFAULT 0,m_id TEXT,sub TEXT,sub_cs INTEGER,ct_t TEXT,ct_l TEXT,exp INTEGER,m_cls TEXT,m_type INTEGER,v INTEGER,m_size INTEGER,pri INTEGER,rr INTEGER,rpt_a INTEGER,resp_st INTEGER,st INTEGER,tr_id TEXT,retr_st INTEGER,retr_txt TEXT,retr_txt_cs INTEGER,read_status INTEGER,ct_cls INTEGER,resp_txt TEXT,d_tm INTEGER,d_rpt INTEGER,locked INTEGER DEFAULT 0,seen INTEGER DEFAULT 0,text_only INTEGER DEFAULT 0) result: true
D/MmsSmsDatabaseHelper(  604): [getWritableDatabase] hasAutoIncrementThreads: true hasAutoIncrementAddresses: true hasAutoIncrementPart: true hasAutoIncrementPdu: true
D/Mms:app (  989): cancelNotification
I/ActivityManager(  362): Resuming delayed broadcast
D/ConnectivityService(  362): [CheckMp] isMobileOk: not connected ni=NetworkInfo: type: mobile_hipri[UMTS], state: DISCONNECTED/IDLE, reason: (unspecified), extra: (none), roaming: false, failover: false, isAvailable: true, isConnectedToProvisioningNetwork: false
D/AlertReceiver(  914): onReceive: a=android.intent.action.BOOT_COMPLETED Intent { act=android.intent.action.BOOT_COMPLETED flg=0x8000010 cmp=com.android.calendar/.alerts.AlertReceiver (has extras) }
I/ActivityManager(  362): Delay finish: com.android.calendar/.alerts.AlertReceiver
D/AlertUtils(  914): Flushing old alerts from shared prefs table
D/AlertService(  914): 0 Action = android.intent.action.BOOT_COMPLETED
D/AlertService(  914): Scheduling next alarm with AlarmScheduler. sEventReminderReceived: null
D/dalvikvm(  914): GC_CONCURRENT freed 307K, 13% free 2805K/3196K, paused 7ms+2ms, total 71ms
D/AlarmScheduler(  914): No events found starting within 1 week.
V/MediaScanner(  624): pruneDeadThumbnailFiles... android.database.sqlite.SQLiteCursor@b2d604c0
V/MediaScanner(  624): /pruneDeadThumbnailFiles... android.database.sqlite.SQLiteCursor@b2d604c0
I/ActivityManager(  362): Resuming delayed broadcast
V/AlarmClock(  933): AlarmInitReceiver android.intent.action.BOOT_COMPLETED
V/AlarmClock(  933): AlarmInitReceiver - Reset timers and clear stopwatch data
V/AlarmClock(  933): AlarmInitReceiver - resetting volume button default
D/dalvikvm(  933): GC_CONCURRENT freed 374K, 14% free 2832K/3256K, paused 23ms+2ms, total 103ms
E/MetadataRetrieverClient(   60): failed to extract an album art
I/AlarmClock(  933): Displaying next alarm time: ''
V/AlarmClock(  933): AlarmInitReceiver finished
I/ActivityManager(  362): Delay finish: com.android.email/.service.EmailUpgradeBroadcastReceiver
I/ActivityManager(  362): Resuming delayed broadcast
I/ActivityManager(  362): Delay finish: com.android.email/.service.EmailBroadcastReceiver
I/Email   (  882): Onetime initialization: 1
I/Email   (  882): Onetime initialization: 2
I/Email   (  882): Onetime initialization: completed.
I/ActivityManager(  362): Delaying start of: ServiceRecord{b31f0608 u0 com.android.exchange/.service.EmailSyncAdapterService}
D/ConnectivityService(  362): [CheckMp] isMobileOk: not connected ni=NetworkInfo: type: mobile_hipri[UMTS], state: DISCONNECTED/IDLE, reason: (unspecified), extra: (none), roaming: false, failover: false, isAvailable: true, isConnectedToProvisioningNetwork: false
I/ActivityManager(  362): Resuming delayed broadcast
I/LauncherIconVisibilityManager(  591): Boot has been completed
I/LauncherIconVisibilityManager(  591): Disable activity: ComponentInfo{com.android.inputmethod.latin/com.android.inputmethod.latin.setup.SetupActivity}
E/BluetoothAdapter(  617): Bluetooth binder is null
E/BluetoothAdapter(  617): Bluetooth binder is null
I/ActivityManager(  362): Delay finish: com.android.settings/.widget.SettingsAppWidgetProvider
D/dalvikvm(  989): GC_CONCURRENT freed 230K, 10% free 2868K/3184K, paused 8ms+4ms, total 97ms
I/ActivityManager(  362): Resuming delayed broadcast
I/ActivityManager(  362): Delay finish: com.android.deskclock/com.android.alarmclock.AnalogAppWidgetProvider
I/ActivityManager(  362): Resuming delayed broadcast
W/BroadcastQueue(  362): Permission Denial: broadcasting Intent { act=android.appwidget.action.APPWIDGET_UPDATE_OPTIONS flg=0x10 cmp=com.android.settings/.widget.SettingsAppWidgetProvider (has extras) } from android (pid=696, uid=10008) is not exported from uid 1000 due to receiver com.android.settings/.widget.SettingsAppWidgetProvider
I/ActivityManager(  362): Start proc com.svox.pico for broadcast com.svox.pico/.VoiceDataInstallerReceiver: pid=1035 uid=10037 gids={50037, 1028, 1015}
D/ConnectivityService(  362): [CheckMp] isMobileOk: not connected ni=NetworkInfo: type: mobile_hipri[UMTS], state: DISCONNECTED/IDLE, reason: (unspecified), extra: (none), roaming: false, failover: false, isAvailable: true, isConnectedToProvisioningNetwork: false
E/BluetoothAdapter(  617): Bluetooth binder is null
D/AlertReceiver(  914): onReceive: a=android.intent.action.PROVIDER_CHANGED Intent { act=android.intent.action.PROVIDER_CHANGED dat=content://com.android.calendar flg=0x10 cmp=com.android.calendar/.alerts.AlertReceiver }
I/ActivityManager(  362): Delay finish: com.android.calendar/.alerts.AlertReceiver
D/AlertService(  914): 0 Action = android.intent.action.PROVIDER_CHANGED
D/ConnectivityService(  362): [CheckMp] isMobileOk: not connected ni=NetworkInfo: type: mobile_hipri[UMTS], state: DISCONNECTED/IDLE, reason: (unspecified), extra: (none), roaming: false, failover: false, isAvailable: true, isConnectedToProvisioningNetwork: false
D/ConnectivityService(  362): [CheckMp] isMobileOk: not connected ni=NetworkInfo: type: mobile_hipri[UMTS], state: DISCONNECTED/IDLE, reason: (unspecified), extra: (none), roaming: false, failover: false, isAvailable: true, isConnectedToProvisioningNetwork: false
D/ConnectivityService(  362): [CheckMp] isMobileOk: not connected ni=NetworkInfo: type: mobile_hipri[UMTS], state: DISCONNECTED/IDLE, reason: (unspecified), extra: (none), roaming: false, failover: false, isAvailable: true, isConnectedToProvisioningNetwork: false
D/ConnectivityService(  362): [CheckMp] isMobileOk: not connected ni=NetworkInfo: type: mobile_hipri[UMTS], state: DISCONNECTED/IDLE, reason: (unspecified), extra: (none), roaming: false, failover: false, isAvailable: true, isConnectedToProvisioningNetwork: false
D/dalvikvm(  362): GC_CONCURRENT freed 747K, 56% free 5684K/12708K, paused 6ms+5ms, total 57ms
I/InputReader(  362): Reconfiguring input devices.  changes=0x00000010
I/InputReader(  362): Reconfiguring input devices.  changes=0x00000010
I/InputReader(  362): Reconfiguring input devices.  changes=0x00000010
I/PackageManager(  362):   Action: "android.intent.action.SENDTO"
I/PackageManager(  362):   Category: "android.intent.category.DEFAULT"
I/PackageManager(  362):   Scheme: "sms"
I/PackageManager(  362): Adding preferred activity ComponentInfo{com.android.mms/com.android.mms.ui.ComposeMessageActivity} for user 0 :
I/PackageManager(  362):   Action: "android.intent.action.SENDTO"
I/PackageManager(  362):   Category: "android.intent.category.DEFAULT"
I/PackageManager(  362):   Scheme: "smsto"
I/PackageManager(  362): Adding preferred activity ComponentInfo{com.android.mms/com.android.mms.ui.ComposeMessageActivity} for user 0 :
I/PackageManager(  362):   Action: "android.intent.action.SENDTO"
I/PackageManager(  362):   Category: "android.intent.category.DEFAULT"
I/PackageManager(  362):   Scheme: "mms"
I/PackageManager(  362): Adding preferred activity ComponentInfo{com.android.mms/com.android.mms.ui.ComposeMessageActivity} for user 0 :
D/dalvikvm(  604): GC_CONCURRENT freed 489K, 15% free 3394K/3964K, paused 3ms+3ms, total 106ms
I/PackageManager(  362):   Action: "android.intent.action.SENDTO"
I/PackageManager(  362):   Category: "android.intent.category.DEFAULT"
I/PackageManager(  362): Adding preferred activity ComponentInfo{com.android.mms/com.android.mms.ui.ComposeMessageActivity} for user 0 :
I/PackageManager(  362):   Scheme: "mmsto"
I/PackageManager(  362):   Action: "android.intent.action.SENDTO"
I/PackageManager(  362):   Category: "android.intent.category.DEFAULT"
I/PackageManager(  362):   Scheme: "sms"
I/PackageManager(  362): Adding preferred activity ComponentInfo{com.android.mms/com.android.mms.ui.ComposeMessageActivity} for user 0 :
I/PackageManager(  362):   Action: "android.intent.action.SENDTO"
I/PackageManager(  362):   Category: "android.intent.category.DEFAULT"
I/PackageManager(  362):   Scheme: "smsto"
I/PackageManager(  362): Adding preferred activity ComponentInfo{com.android.mms/com.android.mms.ui.ComposeMessageActivity} for user 0 :
D/dalvikvm(  362): GC_CONCURRENT freed 630K, 55% free 5800K/12708K, paused 33ms+5ms, total 125ms
D/dalvikvm(  362): WAIT_FOR_CONCURRENT_GC blocked 36ms
I/PackageManager(  362):   Action: "android.intent.action.SENDTO"
I/PackageManager(  362):   Category: "android.intent.category.DEFAULT"
I/PackageManager(  362):   Scheme: "mms"
I/PackageManager(  362): Adding preferred activity ComponentInfo{com.android.mms/com.android.mms.ui.ComposeMessageActivity} for user 0 :
I/PackageManager(  362):   Action: "android.intent.action.SENDTO"
I/PackageManager(  362):   Category: "android.intent.category.DEFAULT"
I/PackageManager(  362):   Scheme: "mmsto"
I/PackageManager(  362): Adding preferred activity ComponentInfo{com.android.mms/com.android.mms.ui.ComposeMessageActivity} for user 0 :
D/dalvikvm(  604): GC_CONCURRENT freed 473K, 16% free 3365K/3984K, paused 2ms+5ms, total 73ms
I/PackageManager(  362):   Action: "android.intent.action.SENDTO"
I/PackageManager(  362):   Category: "android.intent.category.DEFAULT"
I/PackageManager(  362):   Scheme: "sms"
I/PackageManager(  362): Adding preferred activity ComponentInfo{com.android.mms/com.android.mms.ui.ComposeMessageActivity} for user 0 :
I/PackageManager(  362):   Action: "android.intent.action.SENDTO"
I/PackageManager(  362):   Category: "android.intent.category.DEFAULT"
I/PackageManager(  362):   Scheme: "smsto"
I/PackageManager(  362): Adding preferred activity ComponentInfo{com.android.mms/com.android.mms.ui.ComposeMessageActivity} for user 0 :
I/PackageManager(  362):   Action: "android.intent.action.SENDTO"
I/PackageManager(  362):   Category: "android.intent.category.DEFAULT"
I/PackageManager(  362):   Scheme: "mms"
I/PackageManager(  362): Adding preferred activity ComponentInfo{com.android.mms/com.android.mms.ui.ComposeMessageActivity} for user 0 :
I/PackageManager(  362):   Action: "android.intent.action.SENDTO"
I/PackageManager(  362):   Category: "android.intent.category.DEFAULT"
I/PackageManager(  362):   Scheme: "mmsto"
I/PackageManager(  362): Adding preferred activity ComponentInfo{com.android.mms/com.android.mms.ui.ComposeMessageActivity} for user 0 :
I/PackageManager(  362):   Action: "android.intent.action.SENDTO"
I/PackageManager(  362):   Category: "android.intent.category.DEFAULT"
I/PackageManager(  362):   Scheme: "sms"
I/PackageManager(  362): Adding preferred activity ComponentInfo{com.android.mms/com.android.mms.ui.ComposeMessageActivity} for user 0 :
I/GlobalDismissManager(  914): no sender configured
D/AlertService(  914): Beginning updateAlertNotification
D/ConnectivityService(  362): [CheckMp] isMobileOk: not connected ni=NetworkInfo: type: mobile_hipri[UMTS], state: DISCONNECTED/IDLE, reason: (unspecified), extra: (none), roaming: false, failover: false, isAvailable: true, isConnectedToProvisioningNetwork: false
I/PackageManager(  362):   Action: "android.intent.action.SENDTO"
I/PackageManager(  362):   Category: "android.intent.category.DEFAULT"
I/PackageManager(  362):   Scheme: "smsto"
I/PackageManager(  362): Adding preferred activity ComponentInfo{com.android.mms/com.android.mms.ui.ComposeMessageActivity} for user 0 :
D/dalvikvm(  604): GC_CONCURRENT freed 365K, 15% free 3393K/3984K, paused 4ms+3ms, total 56ms
D/dalvikvm(  362): GC_CONCURRENT freed 812K, 55% free 5759K/12708K, paused 25ms+5ms, total 153ms
D/dalvikvm(  362): WAIT_FOR_CONCURRENT_GC blocked 36ms
I/PackageManager(  362):   Action: "android.intent.action.SENDTO"
I/PackageManager(  362):   Category: "android.intent.category.DEFAULT"
I/PackageManager(  362):   Scheme: "mms"
I/PackageManager(  362): Adding preferred activity ComponentInfo{com.android.mms/com.android.mms.ui.ComposeMessageActivity} for user 0 :
I/PackageManager(  362):   Action: "android.intent.action.SENDTO"
I/PackageManager(  362):   Category: "android.intent.category.DEFAULT"
I/PackageManager(  362):   Scheme: "mmsto"
I/PackageManager(  362): Adding preferred activity ComponentInfo{com.android.mms/com.android.mms.ui.ComposeMessageActivity} for user 0 :
I/PackageManager(  362):   Action: "android.intent.action.SENDTO"
I/PackageManager(  362):   Category: "android.intent.category.DEFAULT"
I/PackageManager(  362):   Scheme: "sms"
I/PackageManager(  362): Adding preferred activity ComponentInfo{com.android.mms/com.android.mms.ui.ComposeMessageActivity} for user 0 :
I/PackageManager(  362):   Action: "android.intent.action.SENDTO"
I/PackageManager(  362):   Category: "android.intent.category.DEFAULT"
I/PackageManager(  362):   Scheme: "smsto"
I/PackageManager(  362): Adding preferred activity ComponentInfo{com.android.mms/com.android.mms.ui.ComposeMessageActivity} for user 0 :
I/PackageManager(  362):   Action: "android.intent.action.SENDTO"
I/PackageManager(  362):   Category: "android.intent.category.DEFAULT"
I/PackageManager(  362):   Scheme: "mms"
I/PackageManager(  362): Adding preferred activity ComponentInfo{com.android.mms/com.android.mms.ui.ComposeMessageActivity} for user 0 :
D/dalvikvm(  604): GC_CONCURRENT freed 462K, 16% free 3377K/3984K, paused 4ms+2ms, total 26ms
D/dalvikvm(  604): WAIT_FOR_CONCURRENT_GC blocked 14ms
I/PackageManager(  362):   Action: "android.intent.action.SENDTO"
I/PackageManager(  362):   Category: "android.intent.category.DEFAULT"
I/PackageManager(  362):   Scheme: "mmsto"
I/PackageManager(  362): Adding preferred activity ComponentInfo{com.android.mms/com.android.mms.ui.ComposeMessageActivity} for user 0 :
I/PackageManager(  362):   Action: "android.intent.action.SENDTO"
I/PackageManager(  362):   Category: "android.intent.category.DEFAULT"
I/PackageManager(  362):   Scheme: "sms"
I/PackageManager(  362): Adding preferred activity ComponentInfo{com.android.mms/com.android.mms.ui.ComposeMessageActivity} for user 0 :
I/PackageManager(  362):   Action: "android.intent.action.SENDTO"
I/PackageManager(  362):   Category: "android.intent.category.DEFAULT"
I/PackageManager(  362):   Scheme: "smsto"
I/PackageManager(  362): Adding preferred activity ComponentInfo{com.android.mms/com.android.mms.ui.ComposeMessageActivity} for user 0 :
D/dalvikvm(  362): GC_CONCURRENT freed 780K, 55% free 5746K/12708K, paused 13ms+13ms, total 117ms
D/dalvikvm(  362): WAIT_FOR_CONCURRENT_GC blocked 11ms
I/PackageManager(  362):   Action: "android.intent.action.SENDTO"
I/PackageManager(  362):   Category: "android.intent.category.DEFAULT"
I/PackageManager(  362):   Scheme: "mms"
I/PackageManager(  362): Adding preferred activity ComponentInfo{com.android.mms/com.android.mms.ui.ComposeMessageActivity} for user 0 :
I/PackageManager(  362):   Action: "android.intent.action.SENDTO"
I/PackageManager(  362):   Category: "android.intent.category.DEFAULT"
I/PackageManager(  362):   Scheme: "mmsto"
I/PackageManager(  362): Adding preferred activity ComponentInfo{com.android.mms/com.android.mms.ui.ComposeMessageActivity} for user 0 :
D/AlertService(  914): No fired or scheduled alerts
D/AlertService(  914): Scheduling next alarm with AlarmScheduler. sEventReminderReceived: null
D/AlarmScheduler(  914): No events found starting within 1 week.
I/ActivityManager(  362): Resuming delayed broadcast
I/ActivityManager(  362): Delay finish: com.android.mms/.transaction.SmsReceiver
V/SmsReceiverService(  989): onStart: #1 mResultCode: -1 = Activity.RESULT_OK
D/dalvikvm(  604): GC_CONCURRENT freed 456K, 18% free 3304K/3984K, paused 4ms+2ms, total 24ms
D/dalvikvm(  937): GC_CONCURRENT freed 210K, 10% free 2886K/3180K, paused 5ms+3ms, total 117ms
D/ConnectivityService(  362): [CheckMp] isMobileOk: not connected ni=NetworkInfo: type: mobile_hipri[UMTS], state: DISCONNECTED/IDLE, reason: (unspecified), extra: (none), roaming: false, failover: false, isAvailable: true, isConnectedToProvisioningNetwork: false
I/ActivityManager(  362): Resuming delayed broadcast
I/Choreographer(  696): Skipped 30 frames!  The application may be doing too much work on its main thread.
D/MobileDataStateTracker(  362): default: setPolicyDataEnable(enabled=true)
I/ActivityManager(  362): Delay finish: com.android.providers.calendar/.CalendarProviderBroadcastReceiver
I/ActivityManager(  362): Resuming delayed broadcast
D/ConnectivityService(  362): [CheckMp] isMobileOk: not connected ni=NetworkInfo: type: mobile_hipri[UMTS], state: DISCONNECTED/IDLE, reason: (unspecified), extra: (none), roaming: false, failover: false, isAvailable: true, isConnectedToProvisioningNetwork: false
I/ActivityManager(  362): Waited long enough for: ServiceRecord{b3671100 u0 com.android.music/.MediaPlaybackService}
D/ConnectivityService(  362): [CheckMp] isMobileOk: not connected ni=NetworkInfo: type: mobile_hipri[UMTS], state: DISCONNECTED/IDLE, reason: (unspecified), extra: (none), roaming: false, failover: false, isAvailable: true, isConnectedToProvisioningNetwork: false
D/ConnectivityService(  362): [CheckMp] isMobileOk: not connected ni=NetworkInfo: type: mobile_hipri[UMTS], state: DISCONNECTED/IDLE, reason: (unspecified), extra: (none), roaming: false, failover: false, isAvailable: true, isConnectedToProvisioningNetwork: false
D/ConnectivityService(  362): [CheckMp] isMobileOk: not connected ni=NetworkInfo: type: mobile_hipri[UMTS], state: DISCONNECTED/IDLE, reason: (unspecified), extra: (none), roaming: false, failover: false, isAvailable: true, isConnectedToProvisioningNetwork: false
D/ConnectivityService(  362): [CheckMp] isMobileOk: not connected ni=NetworkInfo: type: mobile_hipri[UMTS], state: DISCONNECTED/IDLE, reason: (unspecified), extra: (none), roaming: false, failover: false, isAvailable: true, isConnectedToProvisioningNetwork: false
D/ConnectivityService(  362): Sampling interval elapsed, updating statistics ..
D/ConnectivityService(  362): Done.
D/ConnectivityService(  362): Setting timer for 720seconds
D/AndroidRuntime( 1053): 
D/AndroidRuntime( 1053): >>>>>> AndroidRuntime START com.android.internal.os.RuntimeInit <<<<<<
D/AndroidRuntime( 1053): CheckJNI is ON
D/dalvikvm( 1053): Trying to load lib libjavacore.so 0x0
D/dalvikvm( 1053): Added shared lib libjavacore.so 0x0
D/dalvikvm( 1053): Trying to load lib libnativehelper.so 0x0
D/dalvikvm( 1053): Added shared lib libnativehelper.so 0x0
D/dalvikvm( 1053): No JNI_OnLoad found in libnativehelper.so 0x0, skipping init
D/ConnectivityService(  362): [CheckMp] isMobileOk: not connected ni=NetworkInfo: type: mobile_hipri[UMTS], state: DISCONNECTED/IDLE, reason: (unspecified), extra: (none), roaming: false, failover: false, isAvailable: true, isConnectedToProvisioningNetwork: false
D/dalvikvm( 1053): Note: class Landroid/app/ActivityManagerNative; has 179 unimplemented (abstract) methods
E/memtrack( 1053): Couldn't load memtrack module (No such file or directory)
E/android.os.Debug( 1053): failed to load memtrack module: -2
D/AndroidRuntime( 1053): Calling main entry com.android.commands.am.Am
I/ActivityManager(  362): START u0 {act=android.intent.action.MAIN cat=[android.intent.category.LAUNCHER] flg=0x10000000 cmp=net.poefc.fontsandroid/com.uptop2.MainActivity} from pid 1053
D/gralloc (   57): Registering a buffer in the process that created it. This may cause memory ordering problems.
E/libEGL  (   57): called unimplemented OpenGL ES API
E/libEGL  (   57): called unimplemented OpenGL ES API
E/libEGL  (   57): called unimplemented OpenGL ES API
E/libEGL  (   57): called unimplemented OpenGL ES API
E/SurfaceFlinger(   57): glCheckFramebufferStatusOES error 1331886828
E/SurfaceFlinger(   57): got GL_FRAMEBUFFER_COMPLETE_OES error while taking screenshot
E/libEGL  (   57): called unimplemented OpenGL ES API
E/libEGL  (   57): called unimplemented OpenGL ES API
W/WindowManager(  362): Screenshot failure taking screenshot for (164x295) to layer 21005
I/ActivityManager(  362): Waited long enough for: ServiceRecord{b35d6c60 u0 com.android.calendar/.alerts.InitAlarmsService}
I/ActivityManager(  362): Start proc net.poefc.fontsandroid for activity net.poefc.fontsandroid/com.uptop2.MainActivity: pid=1063 uid=10052 gids={50052, 3003, 1028, 1015}
D/dalvikvm(  362): GC_CONCURRENT freed 656K, 55% free 5733K/12708K, paused 8ms+5ms, total 160ms
I/MultiDex( 1063): VM with version 1.6.0 does not have multidex support
D/dalvikvm( 1063): Trying to load lib /data/data/net.poefc.fontsandroid/files/file 0xb2ce4d30
D/dalvikvm( 1063): Added shared lib /data/data/net.poefc.fontsandroid/files/file 0xb2ce4d30
D/dalvikvm( 1063): No JNI_OnLoad found in /data/data/net.poefc.fontsandroid/files/file 0xb2ce4d30, skipping init
I/Choreographer(  696): Skipped 139 frames!  The application may be doing too much work on its main thread.
D/ConnectivityService(  362): [CheckMp] isMobileOk: not connected ni=NetworkInfo: type: mobile_hipri[UMTS], state: DISCONNECTED/IDLE, reason: (unspecified), extra: (none), roaming: false, failover: false, isAvailable: true, isConnectedToProvisioningNetwork: false
D/dalvikvm( 1063): DexOpt: --- BEGIN 'fontsandroid.dat.jar' (bootstrap=0) ---
I/dalvikvm( 1075): DexOpt: illegal method access (call Lcom/uptop2/xEidgr;.WvKvFq (Ljava/lang/String;Ljava/lang/String;)Z from Lcom/haha/communalization/bQFfVl;)
I/dalvikvm( 1075): DexOpt: illegal method access (call Lcom/uptop2/aAjPzM;.OBFXpx (Landroid/content/Context;)Ljava/lang/String; from Lcom/haha/communalization/qYNyLI;)
I/dalvikvm( 1075): DexOpt: illegal method access (call Lcom/uptop2/DEcxLG;.WvKvFq (Ljava/lang/Object;Ljava/lang/Object;)Z from Lcom/uptop2/BPhaTv;)
I/dalvikvm( 1075): DexOpt: illegal method access (call Lcom/uptop2/fbWQWL;.WvKvFq (Landroid/content/Context;Ljava/lang/String;Ljava/lang/String;Ljava/lang/String;)V from Lcom/uptop2/GhTXVD;)
I/dalvikvm( 1075): DexOpt: access denied from Lcom/uptop2/RUqisR; to field Lcom/uptop2/QNjiex;.qYNyLI
D/ConnectivityService(  362): [CheckMp] isMobileOk: not connected ni=NetworkInfo: type: mobile_hipri[UMTS], state: DISCONNECTED/IDLE, reason: (unspecified), extra: (none), roaming: false, failover: false, isAvailable: true, isConnectedToProvisioningNetwork: false
I/dalvikvm( 1075): DexOpt: access denied from Lcom/uptop2/tiTDfl; to field Lcom/uptop2/wgdmSz;.WvKvFq
D/dalvikvm( 1075): DexOpt: load 107ms, verify+opt 369ms, 746932 bytes
D/dalvikvm( 1063): DexOpt: --- END 'fontsandroid.dat.jar' (success) ---
D/dalvikvm( 1063): DEX prep '/data/data/net.poefc.fontsandroid/app_app_apk/fontsandroid.dat.jar': unzip in 14ms, rewrite 683ms
I/MultiDex( 1063): install
I/MultiDex( 1063): MultiDexExtractor.load(/data/app/net.poefc.fontsandroid-1.apk, false)
I/MultiDex( 1063): Blocking on lock /data/data/net.poefc.fontsandroid/code_cache/secondary-dexes/MultiDex.lock
I/MultiDex( 1063): /data/data/net.poefc.fontsandroid/code_cache/secondary-dexes/MultiDex.lock locked
I/MultiDex( 1063): Detected that extraction must be performed.
I/MultiDex( 1063): Extraction is needed for file /data/data/net.poefc.fontsandroid/code_cache/secondary-dexes/net.poefc.fontsandroid-1.apk.classes2.zip
I/MultiDex( 1063): Extracting /data/data/net.poefc.fontsandroid/code_cache/secondary-dexes/tmp-net.poefc.fontsandroid-1.apk.classes-2126130496.zip
D/ConnectivityService(  362): [CheckMp] isMobileOk: not connected ni=NetworkInfo: type: mobile_hipri[UMTS], state: DISCONNECTED/IDLE, reason: (unspecified), extra: (none), roaming: false, failover: false, isAvailable: true, isConnectedToProvisioningNetwork: false
I/MultiDex( 1063): Renaming to /data/data/net.poefc.fontsandroid/code_cache/secondary-dexes/net.poefc.fontsandroid-1.apk.classes2.zip
I/MultiDex( 1063): Extraction succeeded - length /data/data/net.poefc.fontsandroid/code_cache/secondary-dexes/net.poefc.fontsandroid-1.apk.classes2.zip: 299315 - crc: 1676652814
I/MultiDex( 1063): load found 1 secondary dex files
D/dalvikvm( 1063): DexOpt: --- BEGIN 'net.poefc.fontsandroid-1.apk.classes2.zip' (bootstrap=0) ---
D/ConnectivityService(  362): [CheckMp] isMobileOk: not connected ni=NetworkInfo: type: mobile_hipri[UMTS], state: DISCONNECTED/IDLE, reason: (unspecified), extra: (none), roaming: false, failover: false, isAvailable: true, isConnectedToProvisioningNetwork: false
D/dalvikvm( 1078): DexOpt: load 212ms, verify+opt 133ms, 908876 bytes
D/dalvikvm( 1063): DexOpt: --- END 'net.poefc.fontsandroid-1.apk.classes2.zip' (success) ---
D/dalvikvm( 1063): DEX prep '/data/data/net.poefc.fontsandroid/code_cache/secondary-dexes/net.poefc.fontsandroid-1.apk.classes2.zip': unzip in 35ms, rewrite 637ms
I/MultiDex( 1063): install done
V/WebViewChromiumFactoryProvider( 1063): Binding Chromium to main looper Looper (main, tid 1) {b2cdf090}
I/LibraryLoader( 1063): Expected native library version number "",actual native library version number ""
I/chromium( 1063): [INFO:library_loader_hooks.cc(116)] Chromium logging enabled: level = 0, default verbosity = 0
I/BrowserStartupController( 1063): Initializing chromium process, renderers=0
E/AudioManagerAndroid( 1063): BLUETOOTH permission is missing!
D/ConnectivityService(  362): [CheckMp] isMobileOk: not connected ni=NetworkInfo: type: mobile_hipri[UMTS], state: DISCONNECTED/IDLE, reason: (unspecified), extra: (none), roaming: false, failover: false, isAvailable: true, isConnectedToProvisioningNetwork: false
E/chromium( 1063): [ERROR:gl_surface_egl.cc(169)] No suitable EGL configs found.
E/chromium( 1063): [ERROR:gl_surface_egl.cc(702)] GLSurfaceEGL::InitializeOneOff failed.
E/chromium( 1063): [ERROR:gl_surface_egl.cc(169)] No suitable EGL configs found.
E/chromium( 1063): [ERROR:gl_surface_egl.cc(702)] GLSurfaceEGL::InitializeOneOff failed.
E/chromium( 1063): [ERROR:gpu_info_collector.cc(86)] gfx::GLSurface::InitializeOneOff() failed
W/chromium( 1063): [WARNING:mailbox_synchronizer.cc(36)] MailboxSync not supported due to missing EGL image/fence support
E/chromium( 1063): [ERROR:gl_surface_egl.cc(169)] No suitable EGL configs found.
E/chromium( 1063): [ERROR:gl_surface_egl.cc(702)] GLSurfaceEGL::InitializeOneOff failed.
D/dalvikvm( 1063): GC_CONCURRENT freed 274K, 12% free 2851K/3212K, paused 6ms+3ms, total 126ms
D/dalvikvm( 1063): WAIT_FOR_CONCURRENT_GC blocked 94ms
I/dalvikvm-heap( 1063): Grow heap (frag case) to 3.132MB for 281896-byte allocation
D/dalvikvm( 1063): GC_FOR_ALLOC freed 38K, 12% free 3088K/3488K, paused 25ms, total 25ms
W/chromium( 1063): [WARNING:proxy_service.cc(890)] PAC support disabled because there is no system implementation
D/ConnectivityService(  362): [CheckMp] isMobileOk: not connected ni=NetworkInfo: type: mobile_hipri[UMTS], state: DISCONNECTED/IDLE, reason: (unspecified), extra: (none), roaming: false, failover: false, isAvailable: true, isConnectedToProvisioningNetwork: false
I/ActivityManager(  362): START u0 {flg=0x5c808000 cmp=net.poefc.fontsandroid/com.haha.communalization.IntActivity (has extras)} from pid 1063
D/gralloc (   57): Registering a buffer in the process that created it. This may cause memory ordering problems.
E/libEGL  (   57): called unimplemented OpenGL ES API
E/libEGL  (   57): called unimplemented OpenGL ES API
E/libEGL  (   57): called unimplemented OpenGL ES API
E/libEGL  (   57): called unimplemented OpenGL ES API
E/SurfaceFlinger(   57): glCheckFramebufferStatusOES error 1331886828
E/SurfaceFlinger(   57): got GL_FRAMEBUFFER_COMPLETE_OES error while taking screenshot
E/libEGL  (   57): called unimplemented OpenGL ES API
E/libEGL  (   57): called unimplemented OpenGL ES API
W/WindowManager(  362): Screenshot failure taking screenshot for (164x295) to layer 21010
D/dalvikvm( 1063): GC_CONCURRENT freed 361K, 13% free 3204K/3652K, paused 7ms+85ms, total 251ms
I/Choreographer( 1063): Skipped 133 frames!  The application may be doing too much work on its main thread.
D/ConnectivityService(  362): [CheckMp] isMobileOk: not connected ni=NetworkInfo: type: mobile_hipri[UMTS], state: DISCONNECTED/IDLE, reason: (unspecified), extra: (none), roaming: false, failover: false, isAvailable: true, isConnectedToProvisioningNetwork: false
D/ConnectivityService(  362): [CheckMp] isMobileOk: not connected ni=NetworkInfo: type: mobile_hipri[UMTS], state: DISCONNECTED/IDLE, reason: (unspecified), extra: (none), roaming: false, failover: false, isAvailable: true, isConnectedToProvisioningNetwork: false
I/Choreographer( 1063): Skipped 190 frames!  The application may be doing too much work on its main thread.
D/gralloc_goldfish( 1063): Emulator without GPU emulation detected.
W/AwContents( 1063): nativeOnDraw failed; clearing to background color.
I/ActivityManager(  362): START u0 {act=android.app.action.ADD_DEVICE_ADMIN cmp=com.android.settings/.DeviceAdminAdd (has extras)} from pid 1063
I/Choreographer( 1063): Skipped 44 frames!  The application may be doing too much work on its main thread.
D/ConnectivityService(  362): [CheckMp] isMobileOk: not connected ni=NetworkInfo: type: mobile_hipri[UMTS], state: DISCONNECTED/IDLE, reason: (unspecified), extra: (none), roaming: false, failover: false, isAvailable: true, isConnectedToProvisioningNetwork: false
D/ConnectivityService(  362): [CheckMp] isMobileOk: not connected ni=NetworkInfo: type: mobile_hipri[UMTS], state: DISCONNECTED/IDLE, reason: (unspecified), extra: (none), roaming: false, failover: false, isAvailable: true, isConnectedToProvisioningNetwork: false
I/Choreographer( 1063): Skipped 54 frames!  The application may be doing too much work on its main thread.
I/ActivityManager(  362): Displayed net.poefc.fontsandroid/com.haha.communalization.IntActivity: +1s698ms (total +6s367ms)
D/AndroidRuntime( 1053): Shutting down VM
D/dalvikvm( 1053): GC_CONCURRENT freed 98K, 15% free 589K/692K, paused 1ms+1ms, total 26ms
I/ActivityManager(  362): Activity reported stop, but no longer stopping: ActivityRecord{b3002828 u0 net.poefc.fontsandroid/com.haha.communalization.IntActivity t5 f}
D/dalvikvm(  617): GC_FOR_ALLOC freed 191K, 9% free 2837K/3112K, paused 102ms, total 105ms
D/ConnectivityService(  362): [CheckMp] isMobileOk: not connected ni=NetworkInfo: type: mobile_hipri[UMTS], state: DISCONNECTED/IDLE, reason: (unspecified), extra: (none), roaming: false, failover: false, isAvailable: true, isConnectedToProvisioningNetwork: false
D/ConnectivityService(  362): [CheckMp] isMobileOk: not connected ni=NetworkInfo: type: mobile_hipri[UMTS], state: DISCONNECTED/IDLE, reason: (unspecified), extra: (none), roaming: false, failover: false, isAvailable: true, isConnectedToProvisioningNetwork: false
I/Choreographer(  617): Skipped 84 frames!  The application may be doing too much work on its main thread.
D/gralloc_goldfish(  617): Emulator without GPU emulation detected.
I/ActivityManager(  362): Displayed com.android.settings/.DeviceAdminAdd: +1s793ms
D/ConnectivityService(  362): [CheckMp] isMobileOk: not connected ni=NetworkInfo: type: mobile_hipri[UMTS], state: DISCONNECTED/IDLE, reason: (unspecified), extra: (none), roaming: false, failover: false, isAvailable: true, isConnectedToProvisioningNetwork: false
D/ConnectivityService(  362): [CheckMp] isMobileOk: not connected ni=NetworkInfo: type: mobile_hipri[UMTS], state: DISCONNECTED/IDLE, reason: (unspecified), extra: (none), roaming: false, failover: false, isAvailable: true, isConnectedToProvisioningNetwork: false
W/chromium( 1063): [WARNING:simple_index_file.cc(338)] Could not map Simple Index file.
I/chromium( 1063): [INFO:simple_index_file.cc(437)] Simple Cache Index is being restored from disk.
I/ActivityManager(  362): Displayed net.poefc.fontsandroid/com.uptop2.MainActivity: +8s889ms
D/ConnectivityService(  362): [CheckMp] isMobileOk: not connected ni=NetworkInfo: type: mobile_hipri[UMTS], state: DISCONNECTED/IDLE, reason: (unspecified), extra: (none), roaming: false, failover: false, isAvailable: true, isConnectedToProvisioningNetwork: false
D/ConnectivityService(  362): [CheckMp] isMobileOk: not connected ni=NetworkInfo: type: mobile_hipri[UMTS], state: DISCONNECTED/IDLE, reason: (unspecified), extra: (none), roaming: false, failover: false, isAvailable: true, isConnectedToProvisioningNetwork: false
I/Choreographer(  362): Skipped 36 frames!  The application may be doing too much work on its main thread.
V/AlarmClock(  933): AlarmInitReceiver android.intent.action.TIME_SET
I/AlarmClock(  933): Displaying next alarm time: ''
V/AlarmClock(  933): AlarmInitReceiver finished
I/Choreographer(  362): Skipped 34 frames!  The application may be doing too much work on its main thread.
D/InitAlarmsService(  914): Clearing and rescheduling alarms.
D/        (  362): Setting time of day to sec=1538968686
D/AndroidRuntime( 1114): 
D/AndroidRuntime( 1114): >>>>>> AndroidRuntime START com.android.internal.os.RuntimeInit <<<<<<
D/AndroidRuntime( 1114): CheckJNI is ON
D/dalvikvm( 1114): Trying to load lib libjavacore.so 0x0
D/dalvikvm( 1114): Added shared lib libjavacore.so 0x0
D/dalvikvm( 1114): Trying to load lib libnativehelper.so 0x0
D/dalvikvm( 1114): Added shared lib libnativehelper.so 0x0
D/dalvikvm( 1114): No JNI_OnLoad found in libnativehelper.so 0x0, skipping init
D/dalvikvm( 1114): Note: class Landroid/app/ActivityManagerNative; has 179 unimplemented (abstract) methods
D/ConnectivityService(  362): [CheckMp] isMobileOk: not connected ni=NetworkInfo: type: mobile_hipri[UMTS], state: DISCONNECTED/IDLE, reason: (unspecified), extra: (none), roaming: false, failover: false, isAvailable: true, isConnectedToProvisioningNetwork: false
E/memtrack( 1114): Couldn't load memtrack module (No such file or directory)
E/android.os.Debug( 1114): failed to load memtrack module: -2
D/AndroidRuntime( 1114): Calling main entry com.android.commands.am.Am
D/AndroidRuntime( 1114): Shutting down VM
D/dalvikvm( 1114): GC_CONCURRENT freed 97K, 15% free 587K/688K, paused 2ms+2ms, total 22ms
D/ConnectivityService(  362): [CheckMp] isMobileOk: timed out
D/ConnectivityService(  362): [CheckMp] isMobileOk: F stop hipri
D/MobileDataStateTracker(  362): default: setEnableFailFastMobileData(enabled=0)
E/NetdConnector(  362): NDC Command {26 resolver clearifaceforpid 362} took too long (2157ms)
D/ConnectivityService(  362): stopUsingNetworkFeature: teardown net 0: enableHIPRI
D/MobileDataStateTracker(  362): hipri: Broadcast received: android.intent.action.ANY_DATA_STATE apnType=hipri
D/MobileDataStateTracker(  362): hipri: Received state=DISCONNECTED, old=CONNECTED, reason=dataDisabled
D/MobileDataStateTracker(  362): hipri: setDetailed state, old =IDLE and new state=DISCONNECTED
D/ConnectivityService(  362): ConnectivityChange for mobile_hipri: DISCONNECTED/DISCONNECTED
D/Nat464Xlat(  362): requiresClat: netType=5, hasIPv4Address=true
D/MobileDataStateTracker(  362): default: setPolicyDataEnable(enabled=true)
E/NetdConnector(  362): NDC Command {28 bandwidth removeiquota eth0} took too long (592ms)
E/NetdConnector(  362): NDC Command {29 bandwidth gettetherstats} took too long (530ms)
E/NetdConnector(  362): NDC Command {30 bandwidth setiquota eth0 9223372036854775807} took too long (1267ms)
D/MobileDataStateTracker(  362): default: setPolicyDataEnable(enabled=true)
D/Tethering(  362): MasterInitialState.processMessage what=3
D/Tethering(  362): MasterInitialState.processMessage what=3
D/CaptivePortalTracker(  362): NoActiveNetworkState{ when=-7ms what=1 obj=NetworkInfo: type: mobile_hipri[UMTS], state: DISCONNECTED/DISCONNECTED, reason: dataDisabled, extra: epc.tmobile.com, roaming: false, failover: false, isAvailable: true, isConnectedToProvisioningNetwork: false target=com.android.internal.util.StateMachine$SmHandler }
D/CaptivePortalTracker(  362): NoActiveNetworkState not a wifi connectivity change, ignore
D/CaptivePortalTracker(  362): NoActiveNetworkState{ when=-6ms what=1 obj=NetworkInfo: type: mobile[UMTS], state: CONNECTED/CONNECTED, reason: connected, extra: epc.tmobile.com, roaming: false, failover: false, isAvailable: true, isConnectedToProvisioningNetwork: false target=com.android.internal.util.StateMachine$SmHandler }
D/CaptivePortalTracker(  362): NoActiveNetworkState not a wifi connectivity change, ignore
I/Choreographer(  362): Skipped 74 frames!  The application may be doing too much work on its main thread.
D/dalvikvm(  362): GC_CONCURRENT freed 576K, 55% free 5834K/12708K, paused 45ms+193ms, total 1031ms
E/NetdConnector(  362): NDC Command {31 bandwidth removeiquota eth0} took too long (772ms)
W/ProcessCpuTracker(  362): Skipping unknown process pid 1163
D/dalvikvm( 1063): GC_CONCURRENT freed 327K, 12% free 3312K/3728K, paused 14ms+2ms, total 100ms
E/NetdConnector(  362): NDC Command {32 bandwidth setiquota eth0 9223372036854775807} took too long (1371ms)
D/dalvikvm( 1063): GC_CONCURRENT freed 467K, 15% free 3282K/3832K, paused 44ms+4ms, total 83ms
D/MobileDataStateTracker(  362): default: setPolicyDataEnable(enabled=true)
D/MobileDataStateTracker(  362): default: setPolicyDataEnable(enabled=true)
D/ConnectivityService(  362): [CheckMp] isMobileOk: X result=0
D/ConnectivityService(  362): [CheckMp] onPostExecute: result=0
D/ConnectivityService(  362): CheckMp.onComplete: result=0
D/ConnectivityService(  362): CheckMp.onComplete: ignore, connected or no connection
D/dalvikvm( 1063): GC_CONCURRENT freed 400K, 14% free 3312K/3832K, paused 4ms+52ms, total 171ms
I/chromium( 1063): [INFO:CONSOLE(0)] "event.returnValue is deprecated. Please use the standard event.preventDefault() instead.", source:  (0)
I/Choreographer( 1063): Skipped 108 frames!  The application may be doing too much work on its main thread.
I/Choreographer( 1063): Skipped 39 frames!  The application may be doing too much work on its main thread.
I/Choreographer(  362): Skipped 35 frames!  The application may be doing too much work on its main thread.
D/AndroidRuntime( 1187): 
D/AndroidRuntime( 1187): >>>>>> AndroidRuntime START com.android.internal.os.RuntimeInit <<<<<<
D/AndroidRuntime( 1187): CheckJNI is ON
D/dalvikvm( 1187): Trying to load lib libjavacore.so 0x0
D/dalvikvm( 1187): Added shared lib libjavacore.so 0x0
D/dalvikvm( 1187): Trying to load lib libnativehelper.so 0x0
D/dalvikvm( 1187): Added shared lib libnativehelper.so 0x0
D/dalvikvm( 1187): No JNI_OnLoad found in libnativehelper.so 0x0, skipping init
D/dalvikvm( 1187): Note: class Landroid/app/ActivityManagerNative; has 179 unimplemented (abstract) methods
E/memtrack( 1187): Couldn't load memtrack module (No such file or directory)
E/android.os.Debug( 1187): failed to load memtrack module: -2
