D/dalvikvm(  353): GC_CONCURRENT freed 419K, 68% free 4092K/12704K, paused 5ms+15ms, total 79ms
I/PackageManager(  353): /system/app/LatinIME.apk changed; collecting certs
D/dalvikvm(  353): GC_CONCURRENT freed 472K, 68% free 4129K/12704K, paused 6ms+2ms, total 47ms
D/dalvikvm(  353): WAIT_FOR_CONCURRENT_GC blocked 30ms
D/dalvikvm(  353): GC_FOR_ALLOC freed 335K, 67% free 4248K/12704K, paused 28ms, total 29ms
D/dalvikvm(  353): GC_CONCURRENT freed 273K, 65% free 4500K/12704K, paused 4ms+6ms, total 96ms
D/dalvikvm(  353): GC_CONCURRENT freed 287K, 63% free 4725K/12704K, paused 5ms+5ms, total 81ms
D/dalvikvm(  353): WAIT_FOR_CONCURRENT_GC blocked 10ms
D/dalvikvm(  353): GC_CONCURRENT freed 335K, 62% free 4883K/12704K, paused 5ms+14ms, total 91ms
I/PackageManager(  353): /system/app/LegacyCamera.apk changed; collecting certs
D/dalvikvm(  353): GC_CONCURRENT freed 434K, 61% free 4995K/12704K, paused 5ms+23ms, total 101ms
D/dalvikvm(  353): WAIT_FOR_CONCURRENT_GC blocked 42ms
D/dalvikvm(  353): GC_CONCURRENT freed 1274K, 68% free 4170K/12704K, paused 12ms+3ms, total 81ms
D/dalvikvm(  353): WAIT_FOR_CONCURRENT_GC blocked 59ms
D/dalvikvm(  353): GC_CONCURRENT freed 467K, 67% free 4214K/12704K, paused 20ms+4ms, total 51ms
D/dalvikvm(  353): WAIT_FOR_CONCURRENT_GC blocked 21ms
D/dalvikvm(  353): GC_CONCURRENT freed 144K, 64% free 4582K/12704K, paused 14ms+12ms, total 86ms
D/dalvikvm(  353): WAIT_FOR_CONCURRENT_GC blocked 6ms
D/dalvikvm(  353): GC_CONCURRENT freed 312K, 63% free 4763K/12704K, paused 12ms+14ms, total 88ms
I/PackageManager(  353): /system/app/LiveWallpapersPicker.apk changed; collecting certs
I/PackageManager(  353): /system/app/Music.apk changed; collecting certs
D/dalvikvm(  353): GC_CONCURRENT freed 468K, 63% free 4807K/12704K, paused 15ms+8ms, total 57ms
D/dalvikvm(  353): WAIT_FOR_CONCURRENT_GC blocked 28ms
D/dalvikvm(  353): GC_CONCURRENT freed 1143K, 67% free 4197K/12704K, paused 13ms+5ms, total 98ms
I/PackageManager(  353): /system/app/NetSpeed.apk changed; collecting certs
I/PackageManager(  353): /system/app/OpenWnn.apk changed; collecting certs
D/dalvikvm(  353): GC_CONCURRENT freed 341K, 66% free 4349K/12704K, paused 4ms+5ms, total 50ms
D/dalvikvm(  353): WAIT_FOR_CONCURRENT_GC blocked 17ms
D/dalvikvm(  353): GC_CONCURRENT freed 656K, 67% free 4204K/12704K, paused 5ms+4ms, total 64ms
D/dalvikvm(  353): WAIT_FOR_CONCURRENT_GC blocked 19ms
D/dalvikvm(  353): GC_CONCURRENT freed 197K, 65% free 4519K/12704K, paused 4ms+8ms, total 72ms
D/dalvikvm(  353): WAIT_FOR_CONCURRENT_GC blocked 6ms
I/PackageManager(  353): /system/app/PacProcessor.apk changed; collecting certs
I/PackageManager(  353): /system/app/PackageInstaller.apk changed; collecting certs
D/dalvikvm(  353): GC_CONCURRENT freed 410K, 64% free 4576K/12704K, paused 4ms+15ms, total 77ms
I/PackageManager(  353): /system/app/PicoTts.apk changed; collecting certs
I/PackageManager(  353): /system/app/PinyinIME.apk changed; collecting certs
D/dalvikvm(  353): GC_CONCURRENT freed 974K, 68% free 4113K/12704K, paused 13ms+4ms, total 59ms
D/dalvikvm(  353): WAIT_FOR_CONCURRENT_GC blocked 27ms
I/PackageManager(  353): /system/app/PrintSpooler.apk changed; collecting certs
I/PackageManager(  353): /system/app/Protips.apk changed; collecting certs
D/dalvikvm(  353): GC_CONCURRENT freed 407K, 68% free 4178K/12704K, paused 4ms+15ms, total 79ms
I/PackageManager(  353): /system/app/QuickSearchBox.apk changed; collecting certs
D/dalvikvm(  353): GC_CONCURRENT freed 504K, 68% free 4161K/12704K, paused 7ms+4ms, total 73ms
D/dalvikvm(  353): WAIT_FOR_CONCURRENT_GC blocked 53ms
D/dalvikvm(  353): GC_CONCURRENT freed 356K, 67% free 4297K/12704K, paused 15ms+5ms, total 90ms
I/PackageManager(  353): /system/app/SdkSetup.apk changed; collecting certs
I/PackageManager(  353): /system/app/SoundRecorder.apk changed; collecting certs
I/PackageManager(  353): /system/app/SpeechRecorder.apk changed; collecting certs
I/PackageManager(  353): /system/app/TelephonyProvider.apk changed; collecting certs
D/dalvikvm(  353): GC_CONCURRENT freed 382K, 65% free 4454K/12704K, paused 14ms+6ms, total 91ms
I/PackageManager(  353): /system/app/UserDictionaryProvider.apk changed; collecting certs
D/PackageManager(  353): No files in app dir /vendor/app
D/dalvikvm(  353): GC_CONCURRENT freed 663K, 67% free 4306K/12704K, paused 5ms+5ms, total 103ms
W/PackageParser(  353): No actions in intent filter at /data/app/ApiDemos.apk Binary XML file line #2899
W/PackageParser(  353): No actions in intent filter at /data/app/ApiDemos.apk Binary XML file line #2905
I/PackageManager(  353): /data/app/ApiDemos.apk changed; collecting certs
D/dalvikvm(  353): GC_CONCURRENT freed 245K, 65% free 4570K/12704K, paused 11ms+3ms, total 43ms
D/dalvikvm(  353): WAIT_FOR_CONCURRENT_GC blocked 32ms
D/dalvikvm(  353): GC_CONCURRENT freed 417K, 64% free 4689K/12704K, paused 5ms+5ms, total 102ms
D/dalvikvm(  353): GC_CONCURRENT freed 272K, 62% free 4871K/12704K, paused 5ms+4ms, total 71ms
D/dalvikvm(  353): GC_CONCURRENT freed 559K, 62% free 4852K/12704K, paused 15ms+3ms, total 65ms
D/dalvikvm(  353): WAIT_FOR_CONCURRENT_GC blocked 29ms
D/dalvikvm(  353): GC_CONCURRENT freed 537K, 62% free 4852K/12704K, paused 5ms+3ms, total 63ms
D/dalvikvm(  353): WAIT_FOR_CONCURRENT_GC blocked 24ms
D/dalvikvm(  353): GC_CONCURRENT freed 514K, 62% free 4934K/12704K, paused 4ms+4ms, total 105ms
D/dalvikvm(  353): GC_CONCURRENT freed 624K, 62% free 4866K/12704K, paused 4ms+3ms, total 67ms
D/dalvikvm(  353): WAIT_FOR_CONCURRENT_GC blocked 26ms
D/dalvikvm(  353): GC_CONCURRENT freed 547K, 62% free 4860K/12704K, paused 5ms+13ms, total 101ms
D/dalvikvm(  353): WAIT_FOR_CONCURRENT_GC blocked 58ms
D/dalvikvm(  353): GC_CONCURRENT freed 538K, 62% free 4862K/12704K, paused 13ms+3ms, total 73ms
D/dalvikvm(  353): WAIT_FOR_CONCURRENT_GC blocked 33ms
D/dalvikvm(  353): GC_CONCURRENT freed 522K, 62% free 4873K/12704K, paused 5ms+3ms, total 67ms
D/dalvikvm(  353): WAIT_FOR_CONCURRENT_GC blocked 27ms
D/dalvikvm(  353): GC_CONCURRENT freed 539K, 62% free 4878K/12704K, paused 4ms+3ms, total 67ms
D/dalvikvm(  353): WAIT_FOR_CONCURRENT_GC blocked 26ms
D/dalvikvm(  353): GC_CONCURRENT freed 541K, 62% free 4881K/12704K, paused 15ms+2ms, total 65ms
D/dalvikvm(  353): WAIT_FOR_CONCURRENT_GC blocked 29ms
W/PackageManager(  353): Package com.example.android.apis desires unavailable shared library com.example.will.never.exist; ignoring!
D/dalvikvm(  353): GC_CONCURRENT freed 522K, 62% free 4894K/12704K, paused 5ms+3ms, total 75ms
D/dalvikvm(  353): WAIT_FOR_CONCURRENT_GC blocked 28ms
I/PackageManager(  353): /data/app/CubeLiveWallpapers.apk changed; collecting certs
I/PackageManager(  353): /data/app/GestureBuilder.apk changed; collecting certs
D/dalvikvm(  353): GC_CONCURRENT freed 433K, 61% free 5005K/12704K, paused 4ms+8ms, total 73ms
D/dalvikvm(  353): WAIT_FOR_CONCURRENT_GC blocked 29ms
I/PackageManager(  353): /data/app/SmokeTest.apk changed; collecting certs
I/PackageManager(  353): /data/app/SmokeTestApp.apk changed; collecting certs
I/PackageManager(  353): /data/app/SoftKeyboard.apk changed; collecting certs
D/dalvikvm(  353): GC_CONCURRENT freed 1143K, 66% free 4425K/12704K, paused 14ms+4ms, total 80ms
D/dalvikvm(  353): WAIT_FOR_CONCURRENT_GC blocked 20ms
I/PackageManager(  353): /data/app/WidgetPreview.apk changed; collecting certs
D/dalvikvm(  353): GC_CONCURRENT freed 450K, 65% free 4449K/12704K, paused 5ms+13ms, total 70ms
W/PackageManager(  353): Package com.example.android.apis desires unavailable shared library com.example.will.never.exist; ignoring!
W/PackageManager(  353): Package com.android.camera desires unavailable shared library com.google.android.media.effects; ignoring!
I/PackageManager(  353): Time to scan packages: 23.119 seconds
W/PackageManager(  353): Not granting permission android.permission.GLOBAL_SEARCH to package com.android.quicksearchbox (protectionLevel=18 flags=0x8be45)
W/PackageManager(  353): Unknown permission com.android.smspush.WAPPUSH_MANAGER_BIND in package com.android.phone
W/PackageManager(  353): Unknown permission com.google.android.googleapps.permission.GOOGLE_AUTH in package com.android.providers.calendar
W/PackageManager(  353): Unknown permission com.google.android.googleapps.permission.GOOGLE_AUTH.cl in package com.android.providers.calendar
W/PackageManager(  353): Unknown permission com.google.android.googleapps.permission.GOOGLE_AUTH.mail in package com.android.calendar
W/PackageManager(  353): Not granting permission android.permission.ACCESS_DOWNLOAD_MANAGER to package com.android.browser (protectionLevel=18 flags=0x9be45)
W/PackageManager(  353): Not granting permission android.permission.SEND_DOWNLOAD_COMPLETED_INTENTS to package com.android.browser (protectionLevel=2 flags=0x9be45)
W/PackageManager(  353): Not granting permission android.permission.BIND_APPWIDGET to package com.android.widgetpreview (protectionLevel=18 flags=0x8be44)
W/PackageManager(  353): Unknown permission android.permission.INSTALL_DRM in package com.android.mms
W/PackageManager(  353): Unknown permission com.google.android.googleapps.permission.GOOGLE_AUTH in package com.android.settings
W/PackageManager(  353): Unknown permission com.google.android.googleapps.permission.ACCESS_GOOGLE_PASSWORD in package com.android.development
W/PackageManager(  353): Unknown permission com.google.android.googleapps.permission.GOOGLE_AUTH in package com.android.development
W/PackageManager(  353): Unknown permission com.google.android.googleapps.permission.GOOGLE_AUTH.ALL_SERVICES in package com.android.development
W/PackageManager(  353): Unknown permission com.google.android.googleapps.permission.GOOGLE_AUTH.YouTubeUser in package com.android.development
W/PackageManager(  353): Not granting permission android.permission.DELETE_PACKAGES to package com.svox.pico (protectionLevel=18 flags=0x8be45)
W/PackageManager(  353): Not granting permission android.permission.DEVICE_POWER to package com.android.deskclock (protectionLevel=2 flags=0x48be45)
D/dalvikvm(  353): GC_CONCURRENT freed 424K, 66% free 4441K/12704K, paused 13ms+5ms, total 101ms
D/dalvikvm(  353): GC_EXPLICIT freed 236K, 67% free 4300K/12704K, paused 3ms+3ms, total 49ms
I/SystemServer(  353): Entropy Mixer
W/EntropyMixer(  353): No existing entropy file -- first boot?
I/EntropyMixer(  353): Writing entropy...
I/SystemServer(  353): User Service
I/SystemServer(  353): Account Manager
I/SystemServer(  353): Content Manager
I/SystemServer(  353): System Content Providers
I/SyncManager(  353): No initial accounts
I/SyncManager(  353): No initial status
W/SyncManagerFile(  353): Error reading pending data.
W/SyncManagerFile(  353): java.io.FileNotFoundException: /data/system/sync/pending.xml: open failed: ENOENT (No such file or directory)
W/SyncManagerFile(  353): 	at libcore.io.IoBridge.open(IoBridge.java:409)
W/SyncManagerFile(  353): 	at java.io.FileInputStream.<init>(FileInputStream.java:78)
W/SyncManagerFile(  353): 	at android.util.AtomicFile.openRead(AtomicFile.java:199)
W/SyncManagerFile(  353): 	at com.android.server.content.SyncStorageEngine.readPendingOperationsLocked(SyncStorageEngine.java:2286)
W/SyncManagerFile(  353): 	at com.android.server.content.SyncStorageEngine.<init>(SyncStorageEngine.java:434)
W/SyncManagerFile(  353): 	at com.android.server.content.SyncStorageEngine.init(SyncStorageEngine.java:454)
W/SyncManagerFile(  353): 	at com.android.server.content.SyncManager.<init>(SyncManager.java:383)
W/SyncManagerFile(  353): 	at com.android.server.content.ContentService.getSyncManager(ContentService.java:75)
W/SyncManagerFile(  353): 	at com.android.server.content.ContentService.notifyChange(ContentService.java:283)
W/SyncManagerFile(  353): 	at android.content.ContentResolver.notifyChange(ContentResolver.java:1621)
W/SyncManagerFile(  353): 	at com.android.providers.settings.SettingsProvider.sendNotify(SettingsProvider.java:262)
W/SyncManagerFile(  353): 	at com.android.providers.settings.SettingsProvider.insertForUser(SettingsProvider.java:941)
W/SyncManagerFile(  353): 	at com.android.providers.settings.SettingsProvider.ensureAndroidIdIsSet(SettingsProvider.java:496)
W/SyncManagerFile(  353): 	at com.android.providers.settings.SettingsProvider.establishDbTracking(SettingsProvider.java:409)
W/SyncManagerFile(  353): 	at com.android.providers.settings.SettingsProvider.onCreate(SettingsProvider.java:335)
W/SyncManagerFile(  353): 	at android.content.ContentProvider.attachInfo(ContentProvider.java:1591)
W/SyncManagerFile(  353): 	at android.content.ContentProvider.attachInfo(ContentProvider.java:1562)
W/SyncManagerFile(  353): 	at android.app.ActivityThread.installProvider(ActivityThread.java:4774)
W/SyncManagerFile(  353): 	at android.app.ActivityThread.installContentProviders(ActivityThread.java:4369)
W/SyncManagerFile(  353): 	at android.app.ActivityThread.installSystemProviders(ActivityThread.java:4929)
W/SyncManagerFile(  353): 	at com.android.server.am.ActivityManagerService.installSystemProviders(ActivityManagerService.java:8081)
W/SyncManagerFile(  353): 	at com.android.server.ServerThread.initAndLoop(SystemServer.java:275)
W/SyncManagerFile(  353): 	at com.android.server.SystemServer.main(SystemServer.java:1179)
W/SyncManagerFile(  353): 	at java.lang.reflect.Method.invokeNative(Native Method)
W/SyncManagerFile(  353): 	at java.lang.reflect.Method.invoke(Method.java:515)
W/SyncManagerFile(  353): 	at com.android.internal.os.ZygoteInit$MethodAndArgsCaller.run(ZygoteInit.java:785)
W/SyncManagerFile(  353): 	at com.android.internal.os.ZygoteInit.main(ZygoteInit.java:601)
W/SyncManagerFile(  353): 	at dalvik.system.NativeStart.main(Native Method)
W/SyncManagerFile(  353): Caused by: libcore.io.ErrnoException: open failed: ENOENT (No such file or directory)
W/SyncManagerFile(  353): 	at libcore.io.Posix.open(Native Method)
W/SyncManagerFile(  353): 	at libcore.io.BlockGuardOs.open(BlockGuardOs.java:110)
W/SyncManagerFile(  353): 	at libcore.io.IoBridge.open(IoBridge.java:393)
W/SyncManagerFile(  353): 	... 27 more
I/SyncManager(  353): No initial statistics
D/SettingsProvider(  353): Generated and saved new ANDROID_ID [9ba13a7ddc6e1f] for user 0
I/SystemServer(  353): Lights Service
I/SystemServer(  353): Battery Service
E/ConsumerIrService(  353): Can't open consumer IR HW Module, error: -2
I/SystemServer(  353): Vibrator Service
I/SystemServer(  353): Consumer IR Service
W/libsuspend(  353): Error writing 'on' to /sys/power/state: Invalid argument
E/libsuspend(  353): Error opening /sys/power/autosleep: No such file or directory
I/libsuspend(  353): Selected wakeup count
D/PermissionCache(   58): checking android.permission.ACCESS_SURFACE_FLINGER for uid=1000 => granted (2494 us)
D/SurfaceFlinger(   58): Screen acquired, type=0 flinger=0xb896d450
D/SurfaceFlinger(   58):  screen was previously acquired
I/SystemServer(  353): Alarm Manager
I/SystemServer(  353): Init Watchdog
I/SystemServer(  353): Input Manager
I/InputManager(  353): Initializing input manager, mUseDevInputEventForAudioJack=false
I/SystemServer(  353): Window Manager
I/WindowManager(  353): No existing display settings /data/system/display_settings.xml; starting empty
D/dalvikvm(  353): GC_CONCURRENT freed 261K, 65% free 4496K/12704K, paused 9ms+5ms, total 138ms
I/WindowManager(  353): No keyguard interface!
I/InputManager(  353): Starting input manager
I/SystemServer(  353): No Bluetooh Service (emulator)
I/SystemServer(  353): Input Method Service
E/EventHub(  353): could not get driver version for /dev/input/mouse0, Not a typewriter
W/EventHub(  353): Unable to disable kernel key repeat for /dev/input/event0: Function not implemented
I/EventHub(  353): New device: id=1, fd=93, path='/dev/input/event0', name='qwerty2', classes=0x2d, configuration='/system/usr/idc/qwerty2.idc', keyLayout='/system/usr/keylayout/qwerty.kl', keyCharacterMap='/system/usr/keychars/qwerty2.kcm', builtinKeyboard=true, usingSuspendBlockIoctl=true, usingClockIoctl=true
E/EventHub(  353): could not get driver version for /dev/input/mice, Not a typewriter
I/InputReader(  353): Device added: id=-1, name='Virtual', sources=0x00000301
I/InputReader(  353):   Touch device 'qwerty2' could not query the properties of its associated display.  The device will be inoperable until the display size becomes available.
I/InputReader(  353): Device added: id=0, name='qwerty2', sources=0x00011307
W/InputMethodManagerService(  353): No IME selected. Choose the most applicable IME.
I/InputMethodManagerService(  353): No default found, using com.android.inputmethod.latin/.LatinIME
I/SystemServer(  353): Accessibility Manager
I/InputReader(  353): Reconfiguring input devices.  changes=0x00000004
I/InputReader(  353): Device reconfigured: id=0, name='qwerty2', size 480x864, orientation 0, mode 1, display id 0
I/ActivityManager(  353): Config changes=1df8 {1.0 ?mcc?mnc en_US ldltr sw480dp w480dp h864dp 160dpi lrg long port ?uimode ?night -touch -keyb/h/h tball/v s.2}
I/ActivityManager(  353): Config changes=408 {1.0 ?mcc?mnc en_US ldltr sw480dp w480dp h839dp 160dpi lrg long port ?uimode ?night finger -keyb/h/h tball/v s.3}
I/SystemServer(  353): Mount Service
D/MountService(  353): got storage path: /storage/sdcard description: USB storage primary: true removable: false emulated: false mtpReserve: 0 allowMassStorage: false maxFileSize: 0
D/MountService(  353): addVolumeLocked() StorageVolume:
D/MountService(  353):     mStorageId=0 mPath=/storage/sdcard mDescriptionId=17040665 mPrimary=true 
D/MountService(  353):     mRemovable=false mEmulated=false mMtpReserveSpace=0 
D/MountService(  353):     mAllowMassStorage=false mMaxFileSize=0 mOwner=null mUuid=null 
D/MountService(  353):     mUserLabel=null mState=null 
I/SystemServer(  353): LockSettingsService
I/SystemServer(  353): Device Policy
I/SystemServer(  353): Status Bar
I/SystemServer(  353): Clipboard Service
I/SystemServer(  353): NetworkManagement Service
I/SystemServer(  353): Text Service Manager Service
W/MountService(  353): Duplicate state transition (unmounted -> unmounted) for /storage/sdcard
W/MountService(  353): getSecureContainerList() called when storage not mounted
I/PackageManager(  353): No secure containers on sdcard
I/SystemServer(  353): NetworkStats Service
I/SystemServer(  353): NetworkPolicy Service
I/SystemServer(  353): Wi-Fi P2pService
W/PackageManager(  353): Not granting permission android.permission.GLOBAL_SEARCH to package com.android.quicksearchbox (protectionLevel=18 flags=0x8be45)
W/PackageManager(  353): Unknown permission com.android.smspush.WAPPUSH_MANAGER_BIND in package com.android.phone
W/PackageManager(  353): Unknown permission com.google.android.googleapps.permission.GOOGLE_AUTH in package com.android.providers.calendar
W/PackageManager(  353): Unknown permission com.google.android.googleapps.permission.GOOGLE_AUTH.cl in package com.android.providers.calendar
W/PackageManager(  353): Unknown permission com.google.android.googleapps.permission.GOOGLE_AUTH.mail in package com.android.calendar
W/PackageManager(  353): Not granting permission android.permission.ACCESS_DOWNLOAD_MANAGER to package com.android.browser (protectionLevel=18 flags=0x9be45)
W/PackageManager(  353): Not granting permission android.permission.SEND_DOWNLOAD_COMPLETED_INTENTS to package com.android.browser (protectionLevel=2 flags=0x9be45)
W/PackageManager(  353): Not granting permission android.permission.BIND_APPWIDGET to package com.android.widgetpreview (protectionLevel=18 flags=0x8be44)
W/PackageManager(  353): Unknown permission android.permission.INSTALL_DRM in package com.android.mms
W/PackageManager(  353): Unknown permission com.google.android.googleapps.permission.GOOGLE_AUTH in package com.android.settings
D/dalvikvm(  353): GC_CONCURRENT freed 262K, 64% free 4631K/12704K, paused 5ms+5ms, total 85ms
W/PackageManager(  353): Unknown permission com.google.android.googleapps.permission.ACCESS_GOOGLE_PASSWORD in package com.android.development
W/PackageManager(  353): Unknown permission com.google.android.googleapps.permission.GOOGLE_AUTH in package com.android.development
W/PackageManager(  353): Unknown permission com.google.android.googleapps.permission.GOOGLE_AUTH.ALL_SERVICES in package com.android.development
W/PackageManager(  353): Unknown permission com.google.android.googleapps.permission.GOOGLE_AUTH.YouTubeUser in package com.android.development
W/PackageManager(  353): Not granting permission android.permission.DELETE_PACKAGES to package com.svox.pico (protectionLevel=18 flags=0x8be45)
W/PackageManager(  353): Not granting permission android.permission.DEVICE_POWER to package com.android.deskclock (protectionLevel=2 flags=0x48be45)
I/SystemServer(  353): Wi-Fi Service
D/WifiController(  353): isAirplaneModeOn = false, isWifiEnabled = false, isScanningAvailable = false
I/SystemServer(  353): Connectivity Service
D/ConnectivityService(  353): ConnectivityService starting up
D/ConnectivityService(  353): wifiOnly=false
E/MobileDataStateTracker(  353): default: Ignoring feature request because could not acquire PhoneService
E/MobileDataStateTracker(  353): default: Could not enable APN type "default"
I/WifiService(  353): WifiService starting up with Wi-Fi disabled
I/SystemServer(  353): Network Service Discovery Service
D/NsdService(  353): Network service discovery enabled true
I/SystemServer(  353): UpdateLock Service
I/SystemServer(  353): Notification Manager
I/SystemServer(  353): Device Storage Monitor
I/SystemServer(  353): Location Manager
I/SystemServer(  353): Country Detector
I/SystemServer(  353): Search Service
I/SystemServer(  353): DropBox Service
I/SystemServer(  353): Wallpaper Service
W/WallpaperService(  353): no current wallpaper -- first boot?
I/SystemServer(  353): Audio Service
D/dalvikvm(  353): GC_CONCURRENT freed 285K, 63% free 4810K/12704K, paused 4ms+4ms, total 119ms
I/SystemServer(  353): Dock Observer
W/DockObserver(  353): This kernel does not have dock station support
I/SystemServer(  353): Wired Accessory Manager
W/WiredAccessoryManager(  353): This kernel does not have wired headset support
W/WiredAccessoryManager(  353): This kernel does not have usb audio support
W/WiredAccessoryManager(  353): This kernel does not have HDMI audio support
I/SystemServer(  353): USB Service
I/SystemServer(  353): Serial Service
I/SystemServer(  353): Twilight Service
I/SystemServer(  353): UI Mode Manager Service
I/SystemServer(  353): Backup Service
V/BackupManagerService(  353): Initializing package tracking
V/BackupManagerService(  353): No ancestral data
V/BackupManagerService(  353): addPackageParticipantsLocked: all
I/BackupManagerService(  353): Scheduling backup for new app com.android.calendar
D/BackupManagerService(  353): Now staging backup of com.android.calendar
I/BackupManagerService(  353): Scheduling backup for new app com.android.browser
D/BackupManagerService(  353): Now staging backup of com.android.browser
I/BackupManagerService(  353): Scheduling backup for new app com.android.providers.userdictionary
D/BackupManagerService(  353): Now staging backup of com.android.providers.userdictionary
I/BackupManagerService(  353): Scheduling backup for new app com.android.sharedstoragebackup
D/BackupManagerService(  353): Now staging backup of com.android.sharedstoragebackup
I/BackupManagerService(  353): Scheduling backup for new app android
D/BackupManagerService(  353): Now staging backup of android
I/BackupManagerService(  353): Scheduling backup for new app com.android.dialer
D/BackupManagerService(  353): Now staging backup of com.android.dialer
I/BackupManagerService(  353): Scheduling backup for new app com.android.providers.settings
D/BackupManagerService(  353): Now staging backup of com.android.providers.settings
V/BackupManagerService(  353): Starting with transport android/com.android.internal.backup.LocalTransport
V/BackupManagerService(  353): Found transports: 1
I/BackupManagerService(  353): Binding to transport host ComponentInfo{android/com.android.internal.backup.LocalTransportService}
I/BackupManagerService(  353): Backup enabled => true
I/SystemServer(  353): AppWidget Service
I/SystemServer(  353): Recognition Service
I/SystemServer(  353): DiskStats Service
I/SystemServer(  353): SamplingProfiler Service
I/SystemServer(  353): NetworkTimeUpdateService
I/SystemServer(  353): CommonTimeManagementService
I/SystemServer(  353): CertBlacklister
I/SystemServer(  353): Dreams Service
I/SystemServer(  353): Assets Atlas Service
I/SystemServer(  353): IdleMaintenanceService
I/SystemServer(  353): Print Service
D/Atlas   (  353): Computing best atlas configuration...
D/Atlas   (  353): Running Thread-50
I/WindowManager(  353): SAFE MODE not enabled
I/SystemServer(  353): Media Router Service
D/Atlas   (  353): Found best atlas configuration in 0.07s
D/Atlas   (  353): Loaded configuration: SliceMinArea (768x768) flags=0x2 count=24
D/gralloc_goldfish(  353): Emulator without GPU emulation detected.
E/SQLiteLog(  353): (1) no such table: locksettings
D/dalvikvm(  353): GC_CONCURRENT freed 323K, 61% free 4978K/12704K, paused 5ms+64ms, total 184ms
I/LockSettingsService(  353): Migrated lock settings to new location
I/LockSettingsService(  353): Migrated per-user lock settings to new location
W/AssetAtlasService(  353): Could not find EGL configuration
D/Atlas   (  353): Rendered atlas in 59.37ms (5.73+53.64ms)
I/Zygote  (  353): Process: zygote socket opened
V/KeyguardServiceDelegate(  353): *** Keyguard started
V/KeyguardServiceDelegate(  353): onSystemReady() called before keyguard service was ready
I/ActivityManager(  353): Start proc com.android.systemui for service com.android.keyguard/.KeyguardService: pid=451 uid=10007 gids={50007, 1028, 1015, 1035, 3002, 3001}
W/SystemServer(  353): ***********************************************
F/SystemServer(  353): BOOT FAILURE making Package Manager Service ready
F/SystemServer(  353): java.lang.SecurityException: Unable to find app for caller android.app.ActivityThread$ApplicationThread@b3584a88 (pid=353) when registering receiver android.app.LoadedApk$ReceiverDispatcher$InnerReceiver@b30e5418
F/SystemServer(  353): 	at com.android.server.am.ActivityManagerService.registerReceiver(ActivityManagerService.java:13021)
F/SystemServer(  353): 	at android.app.ContextImpl.registerReceiverInternal(ContextImpl.java:1450)
F/SystemServer(  353): 	at android.app.ContextImpl.registerReceiverAsUser(ContextImpl.java:1425)
F/SystemServer(  353): 	at com.android.internal.content.PackageMonitor.register(PackageMonitor.java:84)
F/SystemServer(  353): 	at com.android.server.pm.UserManagerService.systemReady(UserManagerService.java:237)
F/SystemServer(  353): 	at com.android.server.pm.PackageManagerService.systemReady(PackageManagerService.java:10476)
F/SystemServer(  353): 	at com.android.server.ServerThread.initAndLoop(SystemServer.java:893)
F/SystemServer(  353): 	at com.android.server.SystemServer.main(SystemServer.java:1179)
F/SystemServer(  353): 	at java.lang.reflect.Method.invokeNative(Native Method)
F/SystemServer(  353): 	at java.lang.reflect.Method.invoke(Method.java:515)
F/SystemServer(  353): 	at com.android.internal.os.ZygoteInit$MethodAndArgsCaller.run(ZygoteInit.java:785)
F/SystemServer(  353): 	at com.android.internal.os.ZygoteInit.main(ZygoteInit.java:601)
F/SystemServer(  353): 	at dalvik.system.NativeStart.main(Native Method)
I/ActivityManager(  353): Sending system update to ComponentInfo{com.android.providers.calendar/com.android.providers.calendar.CalendarUpgradeReceiver} for user 0
I/ActivityManager(  353): Sending system update to ComponentInfo{com.android.providers.contacts/com.android.providers.contacts.ContactsUpgradeReceiver} for user 0
I/ActivityManager(  353): Sending system update to ComponentInfo{com.android.providers.media/com.android.providers.media.MediaUpgradeReceiver} for user 0
I/SystemServer(  353): Enabled StrictMode for system server main thread.
I/ActivityManager(  353): Start proc com.android.providers.calendar for broadcast com.android.providers.calendar/.CalendarUpgradeReceiver: pid=462 uid=10001 gids={50001, 3003, 1028, 1015}
I/Choreographer(  353): Skipped 59 frames!  The application may be doing too much work on its main thread.
W/InputMethodManagerService(  353): Focus gain on non-focused client android.view.inputmethod.InputMethodManager$1@b2d795a0 (uid=1000 pid=353)
V/BackupManagerService(  353): Connected to transport ComponentInfo{android/com.android.internal.backup.LocalTransportService}
V/BackupManagerService(  353): Registering transport android/com.android.internal.backup.LocalTransportService::android/com.android.internal.backup.LocalTransport = com.android.internal.backup.LocalTransport@b31e3210
I/ActivityManager(  353): Launching preboot mode app: ProcessRecord{b3179da8 462:com.android.providers.calendar/u0a1}
E/SoundPool(  451): error loading /system/media/audio/ui/Lock.ogg
W/KeyguardViewMediator(  451): failed to load lock sound from /system/media/audio/ui/Lock.ogg
E/SoundPool(  451): error loading /system/media/audio/ui/Unlock.ogg
W/KeyguardViewMediator(  451): failed to load unlock sound from /system/media/audio/ui/Unlock.ogg
V/KeyguardService(  451): onCreate()
V/KeyguardServiceDelegate(  353): *** Keyguard connected (yay!)
V/KeyguardServiceDelegate(  353): **** SHOWN CALLED ****
I/ActivityManager(  353): Start proc android.process.acore for broadcast com.android.providers.contacts/.ContactsUpgradeReceiver: pid=481 uid=10002 gids={50002, 3003, 1028, 1015}
D/dalvikvm(  353): GC_CONCURRENT freed 373K, 60% free 5106K/12704K, paused 4ms+13ms, total 96ms
I/ActivityManager(  353): Launching preboot mode app: ProcessRecord{b3181a60 481:android.process.acore/u0a2}
I/ContactsUpgradeReceiver(  481): Creating or opening contacts database
I/ContactsDatabaseHelper(  481): Bootstrapping database version: 803
D/dalvikvm(  481): GC_CONCURRENT freed 410K, 15% free 2794K/3268K, paused 3ms+2ms, total 52ms
D/dalvikvm(  481): GC_CONCURRENT freed 326K, 13% free 2874K/3268K, paused 24ms+1ms, total 48ms
I/ContactsProviderV1(  481): Bootstrapping database legacy support
I/ContactsDatabaseHelper(  481): Bootstrapping database version: 803
D/dalvikvm(  481): GC_CONCURRENT freed 332K, 12% free 2938K/3336K, paused 4ms+13ms, total 39ms
I/ContactsProviderV1(  481): Bootstrapping database legacy support
I/ContactsProvider(  481): Locale has changed from null to en_US
I/ContactsDatabaseHelper(  481): Switching to locale en_US (ICU v51.1.0.1)
D/dalvikvm(  481): GC_CONCURRENT freed 336K, 12% free 3017K/3416K, paused 4ms+10ms, total 39ms
I/ContactsDatabaseHelper(  481): Locale change completed in 420ms
I/ContactsDatabaseHelper(  481): Switching to locale en_US (ICU v51.1.0.1)
D/dalvikvm(  481): GC_CONCURRENT freed 361K, 13% free 3053K/3480K, paused 4ms+3ms, total 42ms
I/ContactsDatabaseHelper(  481): Locale change completed in 444ms
I/ActivityManager(  353): Start proc android.process.media for broadcast com.android.providers.media/.MediaUpgradeReceiver: pid=497 uid=10005 gids={50005, 1028, 1015, 1023, 1024, 2001, 3003, 3007}
I/ActivityManager(  353): Launching preboot mode app: ProcessRecord{b30a8610 497:android.process.media/u0a5}
I/ActivityManager(  353): Writing new set of last done pre-boot receivers...
I/ActivityManager(  353): Removing system update proc: ProcessRecord{b3179da8 462:com.android.providers.calendar/u0a1}
I/ActivityManager(  353): Killing 462:com.android.providers.calendar/u0a1 (adj 13): system update done
I/ActivityManager(  353): Removing system update proc: ProcessRecord{b3181a60 481:android.process.acore/u0a2}
I/ActivityManager(  353): Killing 481:android.process.acore/u0a2 (adj 11): system update done
I/ActivityManager(  353): Removing system update proc: ProcessRecord{b30a8610 497:android.process.media/u0a5}
I/ActivityManager(  353): Killing 497:android.process.media/u0a5 (adj 9): system update done
I/ActivityManager(  353): System now ready
I/SystemServer(  353): Making services ready
D/NetworkManagementService(  353): enabling bandwidth control
I/Vold    (   53): /dev/block/vold/179:0 being considered for volume sdcard
D/Vold    (   53): Volume sdcard state changing 1 (Idle-Unmounted) -> 3 (Checking)
D/MountService(  353): volume state changed for /storage/sdcard (unmounted -> checking)
D/MountService(  353): sendStorageIntent Intent { act=android.intent.action.MEDIA_CHECKING dat=file:///storage/sdcard (has extras) } to UserHandle{-1}
I/fsck_msdos(   53): ** /dev/block/vold/179:0
I/fsck_msdos(   53): Invalid signature in fsinfo block
I/fsck_msdos(   53): FIXED
I/fsck_msdos(   53): ** Phase 1 - Read and Compare FATs
I/fsck_msdos(   53): Attempting to allocate 794 KB for FAT
W/ProcessCpuTracker(  353): Skipping unknown process pid 497
D/SystemUIService(  451): loading: class com.android.systemui.recent.Recents
D/SystemUIService(  451): running: com.android.systemui.recent.Recents@b2d4a0a8
D/SystemUIService(  451): loading: class com.android.systemui.statusbar.SystemBars
D/SystemUIService(  451): running: com.android.systemui.statusbar.SystemBars@b2d4a690
D/SystemUIService(  451): loading: class com.android.systemui.usb.StorageNotification
D/SystemUIService(  451): running: com.android.systemui.usb.StorageNotification@b2d4c3e0
D/SystemUIService(  451): loading: class com.android.systemui.power.PowerUI
D/SystemUIService(  451): running: com.android.systemui.power.PowerUI@b2d4da40
D/dalvikvm(  353): GC_CONCURRENT freed 394K, 59% free 5218K/12704K, paused 5ms+33ms, total 299ms
I/fsck_msdos(   53): Attempting to allocate 794 KB for FAT
D/SystemUIService(  451): loading: class com.android.systemui.media.RingtonePlayer
D/SystemUIService(  451): running: com.android.systemui.media.RingtonePlayer@b2d4ea30
D/SystemUIService(  451): loading: class com.android.systemui.settings.SettingsUI
D/SystemUIService(  451): running: com.android.systemui.settings.SettingsUI@b2d4fd60
D/PhoneStatusBar(  451): mSettingsPanelGravity = 55
I/StatusBarManagerService(  353): registerStatusBar bar=com.android.internal.statusbar.IStatusBar$Stub$Proxy@b3625420
I/fsck_msdos(   53): ** Phase 2 - Check Cluster Chains
I/fsck_msdos(   53): ** Phase 3 - Checking Directories
I/fsck_msdos(   53): ** Phase 4 - Checking for Lost Files
I/fsck_msdos(   53): Free space in FSInfo block (201592) not correct (201591)
I/fsck_msdos(   53): FIXED
I/fsck_msdos(   53): 1 files, 100795 free (201591 clusters)
I/Vold    (   53): Filesystem check completed OK
W/Vold    (   53): blkid failed to identify /dev/block/vold/179:0
D/Vold    (   53): Volume sdcard state changing 3 (Checking) -> 4 (Mounted)
I/PackageManager(  353): Updating external media status from unmounted to mounted
E/VoldConnector(  353): NDC Command {3 volume mount /storage/sdcard} took too long (690ms)
D/MountService(  353): volume state changed for /storage/sdcard (checking -> mounted)
I/PackageManager(  353): No secure containers on sdcard
D/dalvikvm(  451): GC_CONCURRENT freed 282K, 11% free 2834K/3172K, paused 24ms+2ms, total 316ms
D/MountService(  353): sendStorageIntent Intent { act=android.intent.action.MEDIA_MOUNTED dat=file:///storage/sdcard (has extras) } to UserHandle{-1}
D/dalvikvm(  451): GC_FOR_ALLOC freed 36K, 8% free 2947K/3172K, paused 25ms, total 26ms
W/PackageManager(  353): Not granting permission android.permission.GLOBAL_SEARCH to package com.android.quicksearchbox (protectionLevel=18 flags=0x88be45)
W/PackageManager(  353): Unknown permission com.android.smspush.WAPPUSH_MANAGER_BIND in package com.android.phone
W/PackageManager(  353): Unknown permission com.google.android.googleapps.permission.GOOGLE_AUTH in package com.android.providers.calendar
W/PackageManager(  353): Unknown permission com.google.android.googleapps.permission.GOOGLE_AUTH.cl in package com.android.providers.calendar
W/PackageManager(  353): Unknown permission com.google.android.googleapps.permission.GOOGLE_AUTH.mail in package com.android.calendar
W/PackageManager(  353): Not granting permission android.permission.ACCESS_DOWNLOAD_MANAGER to package com.android.browser (protectionLevel=18 flags=0x89be45)
W/PackageManager(  353): Not granting permission android.permission.SEND_DOWNLOAD_COMPLETED_INTENTS to package com.android.browser (protectionLevel=2 flags=0x89be45)
W/PackageManager(  353): Not granting permission android.permission.BIND_APPWIDGET to package com.android.widgetpreview (protectionLevel=18 flags=0x8be44)
W/PackageManager(  353): Unknown permission android.permission.INSTALL_DRM in package com.android.mms
W/PackageManager(  353): Unknown permission com.google.android.googleapps.permission.GOOGLE_AUTH in package com.android.settings
W/PackageManager(  353): Unknown permission com.google.android.googleapps.permission.ACCESS_GOOGLE_PASSWORD in package com.android.development
W/PackageManager(  353): Unknown permission com.google.android.googleapps.permission.GOOGLE_AUTH in package com.android.development
W/PackageManager(  353): Unknown permission com.google.android.googleapps.permission.GOOGLE_AUTH.ALL_SERVICES in package com.android.development
W/PackageManager(  353): Unknown permission com.google.android.googleapps.permission.GOOGLE_AUTH.YouTubeUser in package com.android.development
W/PackageManager(  353): Not granting permission android.permission.DELETE_PACKAGES to package com.svox.pico (protectionLevel=18 flags=0x88be45)
W/PackageManager(  353): Not granting permission android.permission.DEVICE_POWER to package com.android.deskclock (protectionLevel=2 flags=0xc8be45)
E/BluetoothAdapter(  451): Bluetooth binder is null
E/BluetoothAdapter(  451): Bluetooth binder is null
D/dalvikvm(  451): GC_CONCURRENT freed 55K, 5% free 3301K/3448K, paused 4ms+1ms, total 62ms
E/BluetoothAdapter(  451): Bluetooth binder is null
E/BluetoothAdapter(  451): Bluetooth binder is null
I/ActivityManager(  353): Start proc android.process.acore for content provider com.android.providers.contacts/.ContactsProvider2: pid=550 uid=10002 gids={50002, 3003, 1028, 1015}
E/NetdConnector(  353): NDC Command {1 bandwidth enable} took too long (2778ms)
D/PhoneStatusBar(  451): disable: < expand icons alerts ticker system_info back home recent clock search >
E/BluetoothAdapter(  451): Bluetooth binder is null
D/PhoneStatusBar(  451): heads up is disabled
I/Choreographer(  451): Skipped 441 frames!  The application may be doing too much work on its main thread.
E/NetdConnector(  353): NDC Command {2 firewall disable} took too long (551ms)
D/dalvikvm(  353): GC_CONCURRENT freed 618K, 60% free 5125K/12704K, paused 4ms+54ms, total 318ms
D/dalvikvm(  451): GC_CONCURRENT freed 139K, 6% free 3551K/3756K, paused 5ms+4ms, total 135ms
I/Choreographer(  451): Skipped 267 frames!  The application may be doing too much work on its main thread.
D/dalvikvm(  550): GC_CONCURRENT freed 254K, 10% free 2955K/3272K, paused 24ms+2ms, total 272ms
D/dalvikvm(  550): WAIT_FOR_CONCURRENT_GC blocked 101ms
D/dalvikvm(  550): WAIT_FOR_CONCURRENT_GC blocked 123ms
D/gralloc_goldfish(  451): Emulator without GPU emulation detected.
I/Choreographer(  451): Skipped 79 frames!  The application may be doing too much work on its main thread.
E/NetdConnector(  353): NDC Command {5 firewall disable} took too long (603ms)
I/ActivityManager(  353): Config changes=200 {1.0 ?mcc?mnc en_US ldltr sw480dp w480dp h839dp 160dpi lrg long port finger -keyb/h/h tball/v s.4}
W/RecognitionManagerService(  353): no available voice recognition services found for user 0
D/PhoneStatusBar(  451): mSettingsPanelGravity = 55
W/AppWidgetServiceImpl(  353): Failed to read state: java.io.FileNotFoundException: /data/system/users/0/appwidgets.xml: open failed: ENOENT (No such file or directory)
W/InputMethodManagerService(  353): Ignoring setImeWindowStatus of uid 1000 token: null
W/InputMethodUtils(  353): Found no subtypes in a system IME: com.android.inputmethod.pinyin
W/InputMethodManagerService(  353): Reset the default IME as "Resource" is ready here.
W/InputMethodUtils(  353): Found no subtypes in a system IME: com.android.inputmethod.pinyin
I/InputMethodManagerService(  353): Selected default: com.android.inputmethod.latin/.LatinIME
I/ActivityManager(  353): Start proc com.android.inputmethod.latin for service com.android.inputmethod.latin/.LatinIME: pid=588 uid=10029 gids={50029, 1028, 1015}
V/InputMethodManagerService(  353): Adding window token: android.os.Binder@b2edc810
W/InputMethodManagerService(  353): Illegal subtype state: old subtype = null, new subtype = android.view.inputmethod.InputMethodSubtype@c9194f98
I/ActivityManager(  353): Config changes=20 {1.0 ?mcc?mnc en_US ldltr sw480dp w480dp h839dp 160dpi lrg long port finger -keyb/v/h tball/v s.5}
W/GpsLocationProvider(  353): Could not open GPS configuration file /etc/gps.conf
W/ServiceWatcher(  353): com.google.android.location not found
W/ServiceWatcher(  353): com.google.android.location not found
W/ServiceWatcher(  353): com.google.android.location not found
W/LocationManagerService(  353): no network location provider found
W/ServiceWatcher(  353): com.google.android.location not found
E/FlpHardwareProvider(  353): Error hw_get_module 'flp': -2
W/ServiceWatcher(  353): com.google.android.location not found
E/FlpHardwareProvider(  353): Error hw_get_module 'flp': -2
W/ServiceWatcher(  353): com.google.android.location not found
E/LocationManagerService(  353): no geocoder provider found
E/LocationManagerService(  353): No FusedProvider found.
E/LocationManagerService(  353): no geofence provider found
I/CommonTimeManagementService(  353): No common time service detected on this platform.  Common time services will be unavailable.
I/InputReader(  353): Reconfiguring input devices.  changes=0x00000020
D/dalvikvm(  451): GC_FOR_ALLOC freed 96K, 6% free 3562K/3756K, paused 203ms, total 205ms
I/ActivityManager(  353): Start proc com.android.phone for added application com.android.phone: pid=601 uid=1001 gids={41001, 3002, 3001, 3003, 1028, 1015}
D/dalvikvm(  353): GC_CONCURRENT freed 456K, 59% free 5278K/12704K, paused 42ms+6ms, total 262ms
D/dalvikvm(  353): WAIT_FOR_CONCURRENT_GC blocked 56ms
D/dalvikvm(  353): WAIT_FOR_CONCURRENT_GC blocked 57ms
D/dalvikvm(  353): WAIT_FOR_CONCURRENT_GC blocked 65ms
D/dalvikvm(  353): WAIT_FOR_CONCURRENT_GC blocked 74ms
I/InputReader(  353): Reconfiguring input devices.  changes=0x00000010
I/ActivityManager(  353): START u0 {act=android.intent.action.MAIN cat=[android.intent.category.HOME] flg=0x10000000 cmp=com.android.settings/.CryptKeeper} from pid 0
I/ActivityManager(  353): Start proc com.android.settings for activity com.android.settings/.CryptKeeper: pid=614 uid=1000 gids={41000, 1028, 1015, 3002, 3001, 3003}
I/ActivityManager(  353): Start proc android.process.media for broadcast com.android.providers.downloads/.DownloadReceiver: pid=624 uid=10005 gids={50005, 1028, 1015, 1023, 1024, 2001, 3003, 3007}
D/dalvikvm(   59): GC_EXPLICIT freed 38K, 4% free 2705K/2808K, paused 13ms+2ms, total 58ms
I/dalvikvm-heap(  451): Grow heap (frag case) to 6.467MB for 3072016-byte allocation
D/dalvikvm(   59): GC_EXPLICIT freed <1K, 4% free 2705K/2808K, paused 12ms+2ms, total 53ms
D/dalvikvm(   59): GC_EXPLICIT freed <1K, 4% free 2705K/2808K, paused 2ms+2ms, total 42ms
D/dalvikvm(  451): GC_FOR_ALLOC freed 4K, 3% free 6558K/6760K, paused 91ms, total 91ms
D/dalvikvm(  451): GC_CONCURRENT freed 1K, 3% free 6561K/6760K, paused 3ms+3ms, total 139ms
I/LatinIME(  588): Hardware accelerated drawing: true
D/dalvikvm(  353): GC_CONCURRENT freed 543K, 58% free 5381K/12704K, paused 12ms+29ms, total 229ms
D/dalvikvm(  353): WAIT_FOR_CONCURRENT_GC blocked 62ms
D/dalvikvm(  353): WAIT_FOR_CONCURRENT_GC blocked 8ms
I/ActivityManager(  353): START u0 {act=android.intent.action.MAIN cat=[android.intent.category.HOME] flg=0x10000000 cmp=com.android.sdksetup/.DefaultActivity} from pid 0
D/dalvikvm(  451): GC_FOR_ALLOC freed 3002K, 6% free 3564K/3756K, paused 128ms, total 151ms
I/ActivityManager(  353): Start proc com.android.sdksetup for activity com.android.sdksetup/.DefaultActivity: pid=646 uid=10042 gids={50042}
W/WindowManager(  353): Window freeze timeout expired.
W/WindowManager(  353): Force clearing orientation change: Window{b2ecec88 u0 StatusBar}
W/WindowManager(  353): Force clearing orientation change: Window{b31a39b0 u0 com.android.systemui.ImageWallpaper}
I/dalvikvm-heap(  451): Grow heap (frag case) to 6.469MB for 3072016-byte allocation
D/dalvikvm(  451): GC_CONCURRENT freed <1K, 3% free 6564K/6760K, paused 6ms+3ms, total 94ms
W/InputAttributes(  588): No editor info for this field. Bug?
I/ResourceUtils(  588): Found default value: resource=keypress_vibration_durations build=[HARDWARE=goldfish MODEL=sdk BRAND=generic MANUFACTURER=unknown] default=-1
I/ResourceUtils(  588): Found default value: resource=keypress_volumes build=[HARDWARE=goldfish MODEL=sdk BRAND=generic MANUFACTURER=unknown] default=-1.0f
D/dalvikvm(  588): GC_CONCURRENT freed 224K, 9% free 2904K/3192K, paused 32ms+46ms, total 192ms
I/LatinIME:LogUtils(  588): Dictionary info: dictionary = UserHistoryDictionary.en_US.dic ; version = ? ; date = 1539128542
I/LatinIME:LogUtils(  588): Dictionary info: dictionary = PersonalizationPredictionDictio ; version = ? ; date = 1539128542
I/LatinIME:LogUtils(  588): Dictionary info: dictionary = personalization.en_US.dict ; version = ? ; date = 1539128542
I/LatinIME:LogUtils(  588): Dictionary info: dictionary = userunigram.en_US.dict ; version = ? ; date = ?
I/ActivityManager(  353): Force stopping com.android.sdksetup appid=10042 user=0: pkg changed
I/ActivityManager(  353): Killing 646:com.android.sdksetup/u0a42 (adj 0): stop com.android.sdksetup
I/ActivityManager(  353):   Force finishing activity ActivityRecord{b31af3f8 u0 com.android.sdksetup/.DefaultActivity t2}
I/ActivityManager(  353): START u0 {act=android.intent.action.MAIN cat=[android.intent.category.HOME] flg=0x10000000 cmp=com.android.launcher/com.android.launcher2.Launcher} from pid 0
I/ActivityManager(  353): Start proc com.android.launcher for activity com.android.launcher/com.android.launcher2.Launcher: pid=675 uid=10008 gids={50008}
D/PhoneStatusBar(  451): mSettingsPanelGravity = 55
I/ActivityManager(  353): Start proc com.android.printspooler for service com.android.printspooler/.PrintSpoolerService: pid=686 uid=10039 gids={50039}
I/PackageManager(  353):   Action: "android.intent.action.SENDTO"
I/PackageManager(  353):   Category: "android.intent.category.DEFAULT"
I/PackageManager(  353):   Scheme: "sms"
W/BackupManagerService(  353): dataChanged but no participant pkg='com.android.providers.settings' uid=1001
I/PackageManager(  353): Adding preferred activity ComponentInfo{com.android.mms/com.android.mms.ui.ComposeMessageActivity} for user 0 :
I/InputReader(  353): Reconfiguring input devices.  changes=0x00000010
D/dalvikvm(  601): GC_CONCURRENT freed 184K, 8% free 2925K/3176K, paused 3ms+2ms, total 436ms
V/StatusBar(  451): userId 0 is in the house
D/dalvikvm(  588): GC_CONCURRENT freed 379K, 14% free 2967K/3412K, paused 4ms+16ms, total 85ms
D/dalvikvm(  353): GC_CONCURRENT freed 591K, 58% free 5462K/12704K, paused 78ms+73ms, total 505ms
D/dalvikvm(  353): WAIT_FOR_CONCURRENT_GC blocked 357ms
I/PackageManager(  353):   Action: "android.intent.action.SENDTO"
I/PackageManager(  353):   Category: "android.intent.category.DEFAULT"
I/PackageManager(  353):   Scheme: "smsto"
D/dalvikvm(  353): WAIT_FOR_CONCURRENT_GC blocked 356ms
I/PackageManager(  353): Adding preferred activity ComponentInfo{com.android.mms/com.android.mms.ui.ComposeMessageActivity} for user 0 :
D/dalvikvm(  353): WAIT_FOR_CONCURRENT_GC blocked 292ms
D/dalvikvm(  353): WAIT_FOR_CONCURRENT_GC blocked 194ms
D/dalvikvm(  353): WAIT_FOR_CONCURRENT_GC blocked 89ms
I/PackageManager(  353):   Action: "android.intent.action.SENDTO"
I/PackageManager(  353):   Category: "android.intent.category.DEFAULT"
I/PackageManager(  353):   Scheme: "mms"
I/PackageManager(  353): Adding preferred activity ComponentInfo{com.android.mms/com.android.mms.ui.ComposeMessageActivity} for user 0 :
I/PackageManager(  353):   Action: "android.intent.action.SENDTO"
I/PackageManager(  353):   Category: "android.intent.category.DEFAULT"
I/PackageManager(  353):   Scheme: "mmsto"
I/PackageManager(  353): Adding preferred activity ComponentInfo{com.android.mms/com.android.mms.ui.ComposeMessageActivity} for user 0 :
I/PackageManager(  353):   Action: "android.intent.action.SENDTO"
I/PackageManager(  353):   Category: "android.intent.category.DEFAULT"
I/PackageManager(  353):   Scheme: "sms"
I/PackageManager(  353): Adding preferred activity ComponentInfo{com.android.mms/com.android.mms.ui.ComposeMessageActivity} for user 0 :
I/Choreographer(  451): Skipped 236 frames!  The application may be doing too much work on its main thread.
I/PackageManager(  353):   Action: "android.intent.action.SENDTO"
I/PackageManager(  353):   Category: "android.intent.category.DEFAULT"
I/PackageManager(  353):   Scheme: "smsto"
I/PackageManager(  353): Adding preferred activity ComponentInfo{com.android.mms/com.android.mms.ui.ComposeMessageActivity} for user 0 :
I/PackageManager(  353):   Action: "android.intent.action.SENDTO"
I/PackageManager(  353):   Category: "android.intent.category.DEFAULT"
I/PackageManager(  353):   Scheme: "mms"
I/PackageManager(  353): Adding preferred activity ComponentInfo{com.android.mms/com.android.mms.ui.ComposeMessageActivity} for user 0 :
I/PackageManager(  353):   Action: "android.intent.action.SENDTO"
I/PackageManager(  353):   Category: "android.intent.category.DEFAULT"
I/PackageManager(  353):   Scheme: "mmsto"
I/PackageManager(  353): Adding preferred activity ComponentInfo{com.android.mms/com.android.mms.ui.ComposeMessageActivity} for user 0 :
I/Choreographer(  451): Skipped 55 frames!  The application may be doing too much work on its main thread.
I/PrintSpoolerService(  686): No existing print spooler state.
E/BluetoothAdapter(  601): Bluetooth binder is null
E/BluetoothAdapter(  601): Bluetooth binder is null
