W/ServiceWatcher(  349): com.google.android.location not found
E/FlpHardwareProvider(  349): Error hw_get_module 'flp': -2
E/LocationManagerService(  349): no geocoder provider found
E/LocationManagerService(  349): No FusedProvider found.
W/ServiceWatcher(  349): com.google.android.location not found
E/LocationManagerService(  349): no geofence provider found
I/CommonTimeManagementService(  349): No common time service detected on this platform.  Common time services will be unavailable.
I/InputReader(  349): Reconfiguring input devices.  changes=0x00000020
I/InputReader(  349): Reconfiguring input devices.  changes=0x00000010
I/ActivityManager(  349): Start proc com.android.phone for added application com.android.phone: pid=607 uid=1001 gids={41001, 3002, 3001, 3003, 1028, 1015}
I/ActivityManager(  349): START u0 {act=android.intent.action.MAIN cat=[android.intent.category.HOME] flg=0x10000000 cmp=com.android.settings/.CryptKeeper} from pid 0
I/ActivityManager(  349): Start proc com.android.settings for activity com.android.settings/.CryptKeeper: pid=618 uid=1000 gids={41000, 1028, 1015, 3002, 3001, 3003}
D/dalvikvm(   59): GC_EXPLICIT freed 37K, 4% free 2705K/2816K, paused 2ms+12ms, total 58ms
D/dalvikvm(   59): GC_EXPLICIT freed <1K, 4% free 2705K/2816K, paused 2ms+2ms, total 43ms
D/dalvikvm(   59): GC_EXPLICIT freed <1K, 4% free 2705K/2816K, paused 12ms+12ms, total 54ms
D/dalvikvm(  576): GC_CONCURRENT freed 197K, 9% free 2977K/3248K, paused 10ms+20ms, total 229ms
I/ActivityManager(  349): Start proc com.android.printspooler for service com.android.printspooler/.PrintSpoolerService: pid=636 uid=10039 gids={50039}
I/ActivityManager(  349): Start proc android.process.media for broadcast com.android.providers.downloads/.DownloadReceiver: pid=653 uid=10005 gids={50005, 1028, 1015, 1023, 1024, 2001, 3003, 3007}
D/PhoneStatusBar(  459): mSettingsPanelGravity = 55
D/dalvikvm(  459): GC_CONCURRENT freed 183K, 7% free 3577K/3832K, paused 15ms+86ms, total 210ms
I/Choreographer(  459): Skipped 530 frames!  The application may be doing too much work on its main thread.
D/gralloc_goldfish(  459): Emulator without GPU emulation detected.
I/PrintSpoolerService(  636): No existing print spooler state.
I/Choreographer(  459): Skipped 152 frames!  The application may be doing too much work on its main thread.
I/LatinIME(  595): Hardware accelerated drawing: true
D/dalvikvm(  349): GC_CONCURRENT freed 475K, 58% free 5361K/12736K, paused 32ms+63ms, total 381ms
D/dalvikvm(  349): WAIT_FOR_CONCURRENT_GC blocked 129ms
D/dalvikvm(  349): WAIT_FOR_CONCURRENT_GC blocked 117ms
D/dalvikvm(  349): WAIT_FOR_CONCURRENT_GC blocked 19ms
D/dalvikvm(  349): WAIT_FOR_CONCURRENT_GC blocked 38ms
V/StatusBar(  459): userId 0 is in the house
I/Choreographer(  459): Skipped 59 frames!  The application may be doing too much work on its main thread.
I/ActivityManager(  349): START u0 {act=android.intent.action.MAIN cat=[android.intent.category.HOME] flg=0x10000000 cmp=com.android.sdksetup/.DefaultActivity} from pid 0
I/ActivityManager(  349): Start proc com.android.sdksetup for activity com.android.sdksetup/.DefaultActivity: pid=669 uid=10042 gids={50042}
I/FusedLocation(  349): engine started (com.android.location.fused)
I/FusedLocation(  349): engine stopped (com.android.location.fused)
I/FusedLocation(  349): engine started (com.android.location.fused)
W/InputAttributes(  595): No editor info for this field. Bug?
I/ResourceUtils(  595): Found default value: resource=keypress_vibration_durations build=[HARDWARE=goldfish MODEL=sdk BRAND=generic MANUFACTURER=unknown] default=-1
D/dalvikvm(  595): GC_CONCURRENT freed 227K, 10% free 2895K/3192K, paused 19ms+2ms, total 354ms
I/ResourceUtils(  595): Found default value: resource=keypress_volumes build=[HARDWARE=goldfish MODEL=sdk BRAND=generic MANUFACTURER=unknown] default=-1.0f
D/dalvikvm(  349): GC_CONCURRENT freed 581K, 58% free 5378K/12736K, paused 4ms+15ms, total 487ms
I/LatinIME:LogUtils(  595): Dictionary info: dictionary = UserHistoryDictionary.en_US.dic ; version = ? ; date = 1539015820
I/LatinIME:LogUtils(  595): Dictionary info: dictionary = personalization.en_US.dict ; version = ? ; date = 1539015820
I/LatinIME:LogUtils(  595): Dictionary info: dictionary = PersonalizationPredictionDictio ; version = ? ; date = 1539015820
W/BackupManagerService(  349): dataChanged but no participant pkg='com.android.providers.settings' uid=1001
I/PackageManager(  349):   Action: "android.intent.action.SENDTO"
I/PackageManager(  349):   Category: "android.intent.category.DEFAULT"
I/PackageManager(  349):   Scheme: "sms"
I/PackageManager(  349): Adding preferred activity ComponentInfo{com.android.mms/com.android.mms.ui.ComposeMessageActivity} for user 0 :
W/dalvikvm(  459): threadid=1: spin on suspend #1 threadid=14 (pcf=0)
D/dalvikvm(  459): Temporarily moving tid 574 to fg (was 0)
D/dalvikvm(  459): Temporarily raised priority on tid 574 (10 -> 0)
I/PackageManager(  349):   Action: "android.intent.action.SENDTO"
I/PackageManager(  349):   Category: "android.intent.category.DEFAULT"
I/PackageManager(  349):   Scheme: "smsto"
I/PackageManager(  349): Adding preferred activity ComponentInfo{com.android.mms/com.android.mms.ui.ComposeMessageActivity} for user 0 :
D/dalvikvm(  607): GC_CONCURRENT freed 186K, 9% free 2918K/3176K, paused 4ms+2ms, total 232ms
I/ActivityManager(  349): Force stopping com.android.sdksetup appid=10042 user=0: pkg changed
I/ActivityManager(  349): Killing 669:com.android.sdksetup/u0a42 (adj 0): stop com.android.sdksetup
I/ActivityManager(  349):   Force finishing activity ActivityRecord{b2d3baa0 u0 com.android.sdksetup/.DefaultActivity t2}
I/PackageManager(  349):   Action: "android.intent.action.SENDTO"
I/PackageManager(  349):   Category: "android.intent.category.DEFAULT"
I/PackageManager(  349):   Scheme: "mms"
I/PackageManager(  349): Adding preferred activity ComponentInfo{com.android.mms/com.android.mms.ui.ComposeMessageActivity} for user 0 :
I/ActivityManager(  349): START u0 {act=android.intent.action.MAIN cat=[android.intent.category.HOME] flg=0x10000000 cmp=com.android.launcher/com.android.launcher2.Launcher} from pid 0
I/PackageManager(  349):   Action: "android.intent.action.SENDTO"
I/PackageManager(  349):   Category: "android.intent.category.DEFAULT"
I/PackageManager(  349):   Scheme: "mmsto"
I/PackageManager(  349): Adding preferred activity ComponentInfo{com.android.mms/com.android.mms.ui.ComposeMessageActivity} for user 0 :
I/PackageManager(  349):   Action: "android.intent.action.SENDTO"
I/PackageManager(  349):   Category: "android.intent.category.DEFAULT"
I/PackageManager(  349):   Scheme: "sms"
I/PackageManager(  349): Adding preferred activity ComponentInfo{com.android.mms/com.android.mms.ui.ComposeMessageActivity} for user 0 :
W/dalvikvm(  459): threadid=1: spin on suspend resolved in 1280 msec
D/dalvikvm(  459): Restored policy of 574 to 0
D/dalvikvm(  459): Restored priority on 574 to 10
I/PackageManager(  349):   Action: "android.intent.action.SENDTO"
I/PackageManager(  349):   Category: "android.intent.category.DEFAULT"
I/PackageManager(  349):   Scheme: "smsto"
I/PackageManager(  349): Adding preferred activity ComponentInfo{com.android.mms/com.android.mms.ui.ComposeMessageActivity} for user 0 :
I/PackageManager(  349):   Action: "android.intent.action.SENDTO"
I/PackageManager(  349):   Category: "android.intent.category.DEFAULT"
I/PackageManager(  349):   Scheme: "mms"
I/PackageManager(  349): Adding preferred activity ComponentInfo{com.android.mms/com.android.mms.ui.ComposeMessageActivity} for user 0 :
I/PackageManager(  349):   Action: "android.intent.action.SENDTO"
I/PackageManager(  349):   Category: "android.intent.category.DEFAULT"
I/PackageManager(  349):   Scheme: "mmsto"
I/PackageManager(  349): Adding preferred activity ComponentInfo{com.android.mms/com.android.mms.ui.ComposeMessageActivity} for user 0 :
D/dalvikvm(  459): GC_FOR_ALLOC freed 72K, 7% free 3568K/3832K, paused 1395ms, total 1407ms
I/dalvikvm-heap(  459): Grow heap (frag case) to 6.482MB for 3072016-byte allocation
D/dalvikvm(  459): GC_FOR_ALLOC freed 2K, 4% free 6566K/6836K, paused 87ms, total 87ms
D/dalvikvm(  459): GC_CONCURRENT freed <1K, 4% free 6568K/6836K, paused 4ms+3ms, total 124ms
D/dalvikvm(  595): GC_CONCURRENT freed 399K, 14% free 2979K/3456K, paused 4ms+23ms, total 80ms
D/dalvikvm(  595): GC_CONCURRENT freed 428K, 16% free 2974K/3536K, paused 15ms+4ms, total 51ms
D/dalvikvm(  349): GC_CONCURRENT freed 517K, 58% free 5450K/12736K, paused 863ms+13ms, total 986ms
I/ActivityManager(  349): Start proc com.android.launcher for activity com.android.launcher/com.android.launcher2.Launcher: pid=703 uid=10008 gids={50008}
I/InputReader(  349): Reconfiguring input devices.  changes=0x00000010
E/BluetoothAdapter(  607): Bluetooth binder is null
I/LatinIME:LogUtils(  595): Dictionary info: dictionary = main:en ; version = 42 ; date = 1381226429
I/LatinIME:LogUtils(  595): Dictionary info: dictionary = main:en ; version = 42 ; date = 1381226429
D/dalvikvm(  459): GC_FOR_ALLOC freed 3001K, 7% free 3570K/3832K, paused 358ms, total 365ms
E/BluetoothAdapter(  607): Bluetooth binder is null
I/LatinIME:LogUtils(  595): Dictionary info: dictionary = main:en ; version = 42 ; date = 1381226429
I/LatinIME:LogUtils(  595): Dictionary info: dictionary = main:en ; version = 42 ; date = 1381226429
I/dalvikvm-heap(  459): Grow heap (frag case) to 6.484MB for 3072016-byte allocation
I/LatinIME:LogUtils(  595): Dictionary info: dictionary = main:en ; version = 42 ; date = 1381226429
D/dalvikvm(  459): GC_CONCURRENT freed <1K, 4% free 6570K/6836K, paused 7ms+2ms, total 134ms
I/LatinIME:LogUtils(  595): Dictionary info: dictionary = main:en ; version = 42 ; date = 1381226429
I/LatinIME:LogUtils(  595): Dictionary info: dictionary = main:en ; version = 42 ; date = 1381226429
I/LatinIME:LogUtils(  595): Dictionary info: dictionary = main:en ; version = 42 ; date = 1381226429
D/CallNotifier(  607): CallNotifier: mSignalInfoToneGenerator created when toneplay
E/BluetoothAdapter(  607): Bluetooth binder is null
D/dalvikvm(  595): GC_CONCURRENT freed 289K, 14% free 3069K/3536K, paused 3ms+2ms, total 235ms
D/MobileDataStateTracker(  349): fota: Broadcast received: android.intent.action.ANY_DATA_STATE apnType=fota
D/MobileDataStateTracker(  349): fota: Received state=DISCONNECTED, old=DISCONNECTED, reason=radioTurnedOff
D/MobileDataStateTracker(  349): ia: Broadcast received: android.intent.action.ANY_DATA_STATE apnType=ia
D/MobileDataStateTracker(  349): ia: Received state=DISCONNECTED, old=DISCONNECTED, reason=radioTurnedOff
D/MobileDataStateTracker(  349): supl: Broadcast received: android.intent.action.ANY_DATA_STATE apnType=supl
D/MobileDataStateTracker(  349): supl: Received state=DISCONNECTED, old=DISCONNECTED, reason=radioTurnedOff
D/MobileDataStateTracker(  349): hipri: Broadcast received: android.intent.action.ANY_DATA_STATE apnType=hipri
D/MobileDataStateTracker(  349): hipri: Received state=DISCONNECTED, old=DISCONNECTED, reason=radioTurnedOff
D/MobileDataStateTracker(  349): ims: Broadcast received: android.intent.action.ANY_DATA_STATE apnType=ims
D/MobileDataStateTracker(  349): ims: Received state=DISCONNECTED, old=DISCONNECTED, reason=radioTurnedOff
D/MobileDataStateTracker(  349): default: Broadcast received: android.intent.action.ANY_DATA_STATE apnType=default
D/MobileDataStateTracker(  349): default: Received state=DISCONNECTED, old=DISCONNECTED, reason=radioTurnedOff
D/MobileDataStateTracker(  349): mms: Broadcast received: android.intent.action.ANY_DATA_STATE apnType=mms
D/MobileDataStateTracker(  349): mms: Received state=DISCONNECTED, old=DISCONNECTED, reason=radioTurnedOff
D/MobileDataStateTracker(  349): cbs: Broadcast received: android.intent.action.ANY_DATA_STATE apnType=cbs
D/MobileDataStateTracker(  349): cbs: Received state=DISCONNECTED, old=DISCONNECTED, reason=radioTurnedOff
D/MobileDataStateTracker(  349): fota: Broadcast received: android.intent.action.ANY_DATA_STATE apnType=fota
D/MobileDataStateTracker(  349): fota: Received state=DISCONNECTED, old=DISCONNECTED, reason=radioTurnedOff
D/MobileDataStateTracker(  349): ia: Broadcast received: android.intent.action.ANY_DATA_STATE apnType=ia
D/MobileDataStateTracker(  349): ia: Received state=DISCONNECTED, old=DISCONNECTED, reason=radioTurnedOff
D/MobileDataStateTracker(  349): supl: Broadcast received: android.intent.action.ANY_DATA_STATE apnType=supl
D/MobileDataStateTracker(  349): supl: Received state=DISCONNECTED, old=DISCONNECTED, reason=radioTurnedOff
D/MobileDataStateTracker(  349): hipri: Broadcast received: android.intent.action.ANY_DATA_STATE apnType=hipri
D/MobileDataStateTracker(  349): hipri: Received state=DISCONNECTED, old=DISCONNECTED, reason=radioTurnedOff
D/MobileDataStateTracker(  349): ims: Broadcast received: android.intent.action.ANY_DATA_STATE apnType=ims
D/MobileDataStateTracker(  349): ims: Received state=DISCONNECTED, old=DISCONNECTED, reason=radioTurnedOff
D/MobileDataStateTracker(  349): default: Broadcast received: android.intent.action.ANY_DATA_STATE apnType=default
D/MobileDataStateTracker(  349): default: Received state=DISCONNECTED, old=DISCONNECTED, reason=radioTurnedOff
D/MobileDataStateTracker(  349): mms: Broadcast received: android.intent.action.ANY_DATA_STATE apnType=mms
D/MobileDataStateTracker(  349): mms: Received state=DISCONNECTED, old=DISCONNECTED, reason=radioTurnedOff
D/MobileDataStateTracker(  349): cbs: Broadcast received: android.intent.action.ANY_DATA_STATE apnType=cbs
D/MobileDataStateTracker(  349): cbs: Received state=DISCONNECTED, old=DISCONNECTED, reason=radioTurnedOff
D/MobileDataStateTracker(  349): fota: Broadcast received: android.intent.action.ANY_DATA_STATE apnType=fota
D/MobileDataStateTracker(  349): fota: Received state=DISCONNECTED, old=DISCONNECTED, reason=dataDetached
D/MobileDataStateTracker(  349): ia: Broadcast received: android.intent.action.ANY_DATA_STATE apnType=ia
D/MobileDataStateTracker(  349): ia: Received state=DISCONNECTED, old=DISCONNECTED, reason=dataDetached
D/MobileDataStateTracker(  349): supl: Broadcast received: android.intent.action.ANY_DATA_STATE apnType=supl
D/MobileDataStateTracker(  349): supl: Received state=DISCONNECTED, old=DISCONNECTED, reason=dataDetached
D/MobileDataStateTracker(  349): hipri: Broadcast received: android.intent.action.ANY_DATA_STATE apnType=hipri
D/MobileDataStateTracker(  349): hipri: Received state=DISCONNECTED, old=DISCONNECTED, reason=dataDetached
D/MobileDataStateTracker(  349): ims: Broadcast received: android.intent.action.ANY_DATA_STATE apnType=ims
D/MobileDataStateTracker(  349): ims: Received state=DISCONNECTED, old=DISCONNECTED, reason=dataDetached
D/MobileDataStateTracker(  349): default: Broadcast received: android.intent.action.ANY_DATA_STATE apnType=default
D/MobileDataStateTracker(  349): default: Received state=DISCONNECTED, old=DISCONNECTED, reason=dataDetached
D/MobileDataStateTracker(  349): mms: Broadcast received: android.intent.action.ANY_DATA_STATE apnType=mms
D/MobileDataStateTracker(  349): mms: Received state=DISCONNECTED, old=DISCONNECTED, reason=dataDetached
D/MobileDataStateTracker(  349): cbs: Broadcast received: android.intent.action.ANY_DATA_STATE apnType=cbs
D/MobileDataStateTracker(  349): cbs: Received state=DISCONNECTED, old=DISCONNECTED, reason=dataDetached
D/MobileDataStateTracker(  349): fota: Broadcast received: android.intent.action.ANY_DATA_STATE apnType=fota
D/MobileDataStateTracker(  349): fota: Received state=DISCONNECTED, old=DISCONNECTED, reason=roamingOff
D/MobileDataStateTracker(  349): ia: Broadcast received: android.intent.action.ANY_DATA_STATE apnType=ia
D/MobileDataStateTracker(  349): ia: Received state=DISCONNECTED, old=DISCONNECTED, reason=roamingOff
D/MobileDataStateTracker(  349): supl: Broadcast received: android.intent.action.ANY_DATA_STATE apnType=supl
D/dalvikvm(  349): GC_CONCURRENT freed 717K, 58% free 5423K/12736K, paused 6ms+15ms, total 384ms
D/dalvikvm(  349): WAIT_FOR_CONCURRENT_GC blocked 59ms
D/dalvikvm(  349): WAIT_FOR_CONCURRENT_GC blocked 59ms
D/dalvikvm(  349): WAIT_FOR_CONCURRENT_GC blocked 61ms
D/dalvikvm(  349): WAIT_FOR_CONCURRENT_GC blocked 64ms
D/MobileDataStateTracker(  349): supl: Received state=DISCONNECTED, old=DISCONNECTED, reason=roamingOff
D/MobileDataStateTracker(  349): hipri: Broadcast received: android.intent.action.ANY_DATA_STATE apnType=hipri
D/MobileDataStateTracker(  349): hipri: Received state=DISCONNECTED, old=DISCONNECTED, reason=roamingOff
D/MobileDataStateTracker(  349): ims: Broadcast received: android.intent.action.ANY_DATA_STATE apnType=ims
D/MobileDataStateTracker(  349): ims: Received state=DISCONNECTED, old=DISCONNECTED, reason=roamingOff
D/MobileDataStateTracker(  349): default: Broadcast received: android.intent.action.ANY_DATA_STATE apnType=default
D/MobileDataStateTracker(  349): default: Received state=DISCONNECTED, old=DISCONNECTED, reason=roamingOff
D/MobileDataStateTracker(  349): mms: Broadcast received: android.intent.action.ANY_DATA_STATE apnType=mms
D/MobileDataStateTracker(  349): mms: Received state=DISCONNECTED, old=DISCONNECTED, reason=roamingOff
D/MobileDataStateTracker(  349): cbs: Broadcast received: android.intent.action.ANY_DATA_STATE apnType=cbs
D/MobileDataStateTracker(  349): cbs: Received state=DISCONNECTED, old=DISCONNECTED, reason=roamingOff
D/MobileDataStateTracker(  349): fota: Broadcast received: android.intent.action.ANY_DATA_STATE apnType=fota
D/MobileDataStateTracker(  349): fota: Received state=DISCONNECTED, old=DISCONNECTED, reason=roamingOff
D/MobileDataStateTracker(  349): ia: Broadcast received: android.intent.action.ANY_DATA_STATE apnType=ia
D/MobileDataStateTracker(  349): ia: Received state=DISCONNECTED, old=DISCONNECTED, reason=roamingOff
D/MobileDataStateTracker(  349): supl: Broadcast received: android.intent.action.ANY_DATA_STATE apnType=supl
D/MobileDataStateTracker(  349): supl: Received state=DISCONNECTED, old=DISCONNECTED, reason=roamingOff
D/MobileDataStateTracker(  349): hipri: Broadcast received: android.intent.action.ANY_DATA_STATE apnType=hipri
D/MobileDataStateTracker(  349): hipri: Received state=DISCONNECTED, old=DISCONNECTED, reason=roamingOff
D/MobileDataStateTracker(  349): ims: Broadcast received: android.intent.action.ANY_DATA_STATE apnType=ims
D/MobileDataStateTracker(  349): ims: Received state=DISCONNECTED, old=DISCONNECTED, reason=roamingOff
D/MobileDataStateTracker(  349): default: Broadcast received: android.intent.action.ANY_DATA_STATE apnType=default
D/dalvikvm(  607): GC_CONCURRENT freed 287K, 11% free 3047K/3408K, paused 15ms+4ms, total 172ms
D/MobileDataStateTracker(  349): default: Received state=DISCONNECTED, old=DISCONNECTED, reason=roamingOff
D/MobileDataStateTracker(  349): mms: Broadcast received: android.intent.action.ANY_DATA_STATE apnType=mms
D/TelephonyDebugService(  607): TelephonyDebugService()
D/MobileDataStateTracker(  349): mms: Received state=DISCONNECTED, old=DISCONNECTED, reason=roamingOff
D/MobileDataStateTracker(  349): cbs: Broadcast received: android.intent.action.ANY_DATA_STATE apnType=cbs
D/MobileDataStateTracker(  349): cbs: Received state=DISCONNECTED, old=DISCONNECTED, reason=roamingOff
D/MccTable(  607): updateMccMncConfiguration: mcc=310, mnc=260
D/AlarmManagerService(  349): Kernel timezone updated to 240 minutes west of GMT
D/MccTable(  607): timezone set to America/New_York
D/MccTable(  607): getLocaleFromMcc to en_us mcc=310
D/MccTable(  607): getLocaleForLanguageCountry: got match
D/MccTable(  607): getLocaleForLanguageCountry: X locale=en_US
D/MccTable(  607): WIFI_COUNTRY_CODE set to us
I/WifiService(  349): WifiService trying to set country code to us with persist set to true
I/LatinIME:LogUtils(  595): Dictionary info: dictionary = userunigram.en_US.dict ; version = ? ; date = ?
D/dalvikvm(  703): GC_CONCURRENT freed 175K, 8% free 2958K/3212K, paused 5ms+13ms, total 95ms
D/dalvikvm(  349): GC_CONCURRENT freed 625K, 57% free 5477K/12736K, paused 14ms+5ms, total 91ms
D/dalvikvm(  349): WAIT_FOR_CONCURRENT_GC blocked 41ms
D/dalvikvm(  703): GC_FOR_ALLOC freed 186K, 8% free 3110K/3372K, paused 16ms, total 18ms
I/dalvikvm-heap(  703): Grow heap (frag case) to 3.718MB for 640016-byte allocation
D/dalvikvm(  703): GC_FOR_ALLOC freed 3K, 7% free 3731K/4000K, paused 36ms, total 36ms
D/dalvikvm(  703): GC_CONCURRENT freed 6K, 7% free 3725K/4000K, paused 4ms+2ms, total 37ms
D/dalvikvm(  349): GC_CONCURRENT freed 621K, 58% free 5439K/12736K, paused 8ms+4ms, total 187ms
D/MobileDataStateTracker(  349): fota: Broadcast received: android.intent.action.ANY_DATA_STATE apnType=fota
D/MobileDataStateTracker(  349): fota: Received state=DISCONNECTED, old=DISCONNECTED, reason=dataAttached
W/Resources(  703): Converting to int: TypedValue{t=0x3/d=0x12 "4" a=-1}
W/Resources(  703): Converting to int: TypedValue{t=0x3/d=0xf "1" a=-1}
D/MobileDataStateTracker(  349): ia: Broadcast received: android.intent.action.ANY_DATA_STATE apnType=ia
W/Resources(  703): Converting to int: TypedValue{t=0x3/d=0x15 "2" a=-1}
W/Resources(  703): Converting to int: TypedValue{t=0x3/d=0x15 "2" a=-1}
D/MobileDataStateTracker(  349): ia: Received state=DISCONNECTED, old=DISCONNECTED, reason=dataAttached
D/MobileDataStateTracker(  349): supl: Broadcast received: android.intent.action.ANY_DATA_STATE apnType=supl
D/MobileDataStateTracker(  349): supl: Received state=DISCONNECTED, old=DISCONNECTED, reason=dataAttached
D/MobileDataStateTracker(  349): hipri: Broadcast received: android.intent.action.ANY_DATA_STATE apnType=hipri
D/MobileDataStateTracker(  349): hipri: Received state=DISCONNECTED, old=DISCONNECTED, reason=dataAttached
D/MobileDataStateTracker(  349): ims: Broadcast received: android.intent.action.ANY_DATA_STATE apnType=ims
D/MobileDataStateTracker(  349): ims: Received state=DISCONNECTED, old=DISCONNECTED, reason=dataAttached
D/MobileDataStateTracker(  349): mms: Broadcast received: android.intent.action.ANY_DATA_STATE apnType=mms
D/MobileDataStateTracker(  349): mms: Received state=DISCONNECTED, old=DISCONNECTED, reason=dataAttached
D/MobileDataStateTracker(  349): cbs: Broadcast received: android.intent.action.ANY_DATA_STATE apnType=cbs
D/MobileDataStateTracker(  349): cbs: Received state=DISCONNECTED, old=DISCONNECTED, reason=dataAttached
D/MobileDataStateTracker(  349): fota: Broadcast received: android.intent.action.ANY_DATA_STATE apnType=fota
D/MobileDataStateTracker(  349): fota: Received state=DISCONNECTED, old=DISCONNECTED, reason=dataAttached
D/MobileDataStateTracker(  349): ia: Broadcast received: android.intent.action.ANY_DATA_STATE apnType=ia
D/MobileDataStateTracker(  349): ia: Received state=DISCONNECTED, old=DISCONNECTED, reason=dataAttached
D/MobileDataStateTracker(  349): supl: Broadcast received: android.intent.action.ANY_DATA_STATE apnType=supl
D/MobileDataStateTracker(  349): supl: Received state=DISCONNECTED, old=DISCONNECTED, reason=dataAttached
D/MobileDataStateTracker(  349): hipri: Broadcast received: android.intent.action.ANY_DATA_STATE apnType=hipri
D/MobileDataStateTracker(  349): hipri: Received state=DISCONNECTED, old=DISCONNECTED, reason=dataAttached
D/MobileDataStateTracker(  349): ims: Broadcast received: android.intent.action.ANY_DATA_STATE apnType=ims
D/MobileDataStateTracker(  349): ims: Received state=DISCONNECTED, old=DISCONNECTED, reason=dataAttached
D/MobileDataStateTracker(  349): mms: Broadcast received: android.intent.action.ANY_DATA_STATE apnType=mms
D/MobileDataStateTracker(  349): mms: Received state=DISCONNECTED, old=DISCONNECTED, reason=dataAttached
D/MobileDataStateTracker(  349): cbs: Broadcast received: android.intent.action.ANY_DATA_STATE apnType=cbs
D/MobileDataStateTracker(  349): cbs: Received state=DISCONNECTED, old=DISCONNECTED, reason=dataAttached
D/dalvikvm(  607): GC_CONCURRENT freed 320K, 12% free 3168K/3564K, paused 44ms+4ms, total 282ms
D/MccTable(  607): updateMccMncConfiguration: mcc=310, mnc=260
D/MccTable(  607): getLocaleFromMcc to en_us mcc=310
D/MccTable(  607): getLocaleForLanguageCountry: got match
D/MccTable(  607): getLocaleForLanguageCountry: X locale=en_US
D/MccTable(  607): updateMccMncConfiguration updateConfig config={1.0 310mcc260mnc en_US ldltr ?swdp ?wdp ?hdp ?density ?lsize ?long ?orien ?uimode ?night ?touch ?keyb/?/? ?nav/?}
I/ActivityManager(  349): Config changes=3 {1.0 310mcc260mnc en_US ldltr sw480dp w480dp h839dp 160dpi lrg long port finger -keyb/v/h tball/v s.6}
D/PermissionCache(   58): checking android.permission.READ_FRAME_BUFFER for uid=1000 => granted (709 us)
D/PhoneStatusBar(  459): mSettingsPanelGravity = 55
D/gralloc (   58): Registering a buffer in the process that created it. This may cause memory ordering problems.
E/libEGL  (   58): called unimplemented OpenGL ES API
E/libEGL  (   58): called unimplemented OpenGL ES API
E/libEGL  (   58): called unimplemented OpenGL ES API
E/libEGL  (   58): called unimplemented OpenGL ES API
E/SurfaceFlinger(   58): glCheckFramebufferStatusOES error -1211484015
E/SurfaceFlinger(   58): got GL_FRAMEBUFFER_COMPLETE_OES error while taking screenshot
E/libEGL  (   58): called unimplemented OpenGL ES API
E/libEGL  (   58): called unimplemented OpenGL ES API
I/Choreographer(  459): Skipped 37 frames!  The application may be doing too much work on its main thread.
D/MccTable(  607): updateMccMncConfiguration: mcc=310, mnc=260
D/MccTable(  607): getLocaleFromMcc to en_us mcc=310
D/MccTable(  607): getLocaleForLanguageCountry: skipping already persisted
D/MccTable(  607): getLocaleForLanguageCountry: X locale=null
D/MccTable(  607): updateMccMncConfiguration updateConfig config={1.0 310mcc260mnc ?locale ?layoutDir ?swdp ?wdp ?hdp ?density ?lsize ?long ?orien ?uimode ?night ?touch ?keyb/?/? ?nav/?}
D/dalvikvm(  607): GC_CONCURRENT freed 363K, 12% free 3311K/3748K, paused 4ms+5ms, total 68ms
D/dalvikvm(  607): WAIT_FOR_CONCURRENT_GC blocked 36ms
D/dalvikvm(  349): GC_CONCURRENT freed 542K, 57% free 5581K/12736K, paused 4ms+4ms, total 71ms
D/dalvikvm(  349): WAIT_FOR_CONCURRENT_GC blocked 53ms
I/SurfaceFlinger(   58): Boot is finished (81424 ms)
I/ARMAssembler(   58): generated scanline__00000077:03515104_00008001_00000000 [113 ipp] (134 ins) at [0xb619b1f0:0xb619b408] in 0 ns
D/MobileDataStateTracker(  349): fota: Broadcast received: android.intent.action.ANY_DATA_STATE apnType=fota
D/MobileDataStateTracker(  349): fota: Received state=DISCONNECTED, old=DISCONNECTED, reason=simLoaded
D/MobileDataStateTracker(  349): ia: Broadcast received: android.intent.action.ANY_DATA_STATE apnType=ia
D/MobileDataStateTracker(  349): ia: Received state=DISCONNECTED, old=DISCONNECTED, reason=simLoaded
D/MobileDataStateTracker(  349): supl: Broadcast received: android.intent.action.ANY_DATA_STATE apnType=supl
D/MobileDataStateTracker(  349): supl: Received state=DISCONNECTED, old=DISCONNECTED, reason=simLoaded
D/MobileDataStateTracker(  349): hipri: Broadcast received: android.intent.action.ANY_DATA_STATE apnType=hipri
D/MobileDataStateTracker(  349): hipri: Received state=DISCONNECTED, old=DISCONNECTED, reason=simLoaded
D/MobileDataStateTracker(  349): ims: Broadcast received: android.intent.action.ANY_DATA_STATE apnType=ims
D/MobileDataStateTracker(  349): ims: Received state=DISCONNECTED, old=DISCONNECTED, reason=simLoaded
D/MobileDataStateTracker(  349): mms: Broadcast received: android.intent.action.ANY_DATA_STATE apnType=mms
D/MobileDataStateTracker(  349): mms: Received state=DISCONNECTED, old=DISCONNECTED, reason=simLoaded
D/MobileDataStateTracker(  349): cbs: Broadcast received: android.intent.action.ANY_DATA_STATE apnType=cbs
D/MobileDataStateTracker(  349): cbs: Received state=DISCONNECTED, old=DISCONNECTED, reason=simLoaded
D/MobileDataStateTracker(  349): default: Broadcast received: android.intent.action.ANY_DATA_STATE apnType=default
D/MobileDataStateTracker(  349): default: Received state=CONNECTING, old=DISCONNECTED, reason=simLoaded
D/MobileDataStateTracker(  349): default: setDetailed state, old =IDLE and new state=CONNECTING
D/MobileDataStateTracker(  349): fota: Broadcast received: android.intent.action.ANY_DATA_STATE apnType=fota
D/MobileDataStateTracker(  349): fota: Received state=DISCONNECTED, old=DISCONNECTED, reason=simLoaded
D/MobileDataStateTracker(  349): ia: Broadcast received: android.intent.action.ANY_DATA_STATE apnType=ia
D/dalvikvm(  607): GC_CONCURRENT freed 485K, 14% free 3373K/3896K, paused 20ms+5ms, total 114ms
D/dalvikvm(  607): WAIT_FOR_CONCURRENT_GC blocked 3ms
D/MobileDataStateTracker(  349): ia: Received state=DISCONNECTED, old=DISCONNECTED, reason=simLoaded
D/MobileDataStateTracker(  349): supl: Broadcast received: android.intent.action.ANY_DATA_STATE apnType=supl
D/MobileDataStateTracker(  349): supl: Received state=DISCONNECTED, old=DISCONNECTED, reason=simLoaded
D/MobileDataStateTracker(  349): hipri: Broadcast received: android.intent.action.ANY_DATA_STATE apnType=hipri
D/MobileDataStateTracker(  349): hipri: Received state=DISCONNECTED, old=DISCONNECTED, reason=simLoaded
D/MobileDataStateTracker(  349): ims: Broadcast received: android.intent.action.ANY_DATA_STATE apnType=ims
D/MobileDataStateTracker(  349): ims: Received state=DISCONNECTED, old=DISCONNECTED, reason=simLoaded
D/MobileDataStateTracker(  349): mms: Broadcast received: android.intent.action.ANY_DATA_STATE apnType=mms
D/MobileDataStateTracker(  349): mms: Received state=DISCONNECTED, old=DISCONNECTED, reason=simLoaded
D/MobileDataStateTracker(  349): cbs: Broadcast received: android.intent.action.ANY_DATA_STATE apnType=cbs
D/MobileDataStateTracker(  349): cbs: Received state=DISCONNECTED, old=DISCONNECTED, reason=simLoaded
D/MobileDataStateTracker(  349): default: Broadcast received: android.intent.action.ANY_DATA_STATE apnType=default
D/MobileDataStateTracker(  349): default: Received state=CONNECTED, old=CONNECTING, reason=connected
D/MobileDataStateTracker(  349): default: setDetailed state, old =CONNECTING and new state=CONNECTED
D/ConnectivityService(  349): ConnectivityChange for mobile: CONNECTED/CONNECTED
D/ConnectivityService(  349): ConnectivityChange checkMobileProvisioning for TYPE_MOBILE or ProvisioningNetwork
D/ConnectivityService(  349): checkMobileProvisioning: E suggestedTimeOutMs=60000
D/ConnectivityService(  349): setProvNotificationVisible: E visible=false networkType=5 extraInfo=null url=null
D/ConnectivityService(  349): checkMobileProvisioning: params={ url=http://clients3.google.com/generate_204 mTimeOutMs=60000 mCb=com.android.server.ConnectivityService$5@b312cd40}
D/ConnectivityService(  349): checkMobileProvisioning: X
D/Nat464Xlat(  349): requiresClat: netType=0, hasIPv4Address=true
I/MediaProvider(  653): Upgrading media database from version 0 to 700, which will destroy all old data
I/NetworkPolicy(  349): no policy for active mobile network; generating default policy
W/Launcher.LauncherProvider(  703): Unable to add favorite: com.android.camera2/com.android.camera.CameraLauncher
W/Launcher.LauncherProvider(  703): android.content.pm.PackageManager$NameNotFoundException: ComponentInfo{com.android.camera2/com.android.camera.CameraLauncher}
W/Launcher.LauncherProvider(  703): 	at android.app.ApplicationPackageManager.getActivityInfo(ApplicationPackageManager.java:242)
W/Launcher.LauncherProvider(  703): 	at com.android.launcher2.LauncherProvider$DatabaseHelper.addAppShortcut(LauncherProvider.java:959)
W/Launcher.LauncherProvider(  703): 	at com.android.launcher2.LauncherProvider$DatabaseHelper.loadFavorites(LauncherProvider.java:863)
W/Launcher.LauncherProvider(  703): 	at com.android.launcher2.LauncherProvider$DatabaseHelper.access$000(LauncherProvider.java:253)
W/Launcher.LauncherProvider(  703): 	at com.android.launcher2.LauncherProvider.loadDefaultFavoritesIfNecessary(LauncherProvider.java:237)
W/Launcher.LauncherProvider(  703): 	at com.android.launcher2.LauncherModel$LoaderTask.loadWorkspace(LauncherModel.java:1278)
W/Launcher.LauncherProvider(  703): 	at com.android.launcher2.LauncherModel$LoaderTask.loadAndBindWorkspace(LauncherModel.java:1020)
W/Launcher.LauncherProvider(  703): 	at com.android.launcher2.LauncherModel$LoaderTask.run(LauncherModel.java:1126)
W/Launcher.LauncherProvider(  703): 	at android.os.Handler.handleCallback(Handler.java:733)
W/Launcher.LauncherProvider(  703): 	at android.os.Handler.dispatchMessage(Handler.java:95)
W/Launcher.LauncherProvider(  703): 	at android.os.Looper.loop(Looper.java:136)
W/Launcher.LauncherProvider(  703): 	at android.os.HandlerThread.run(HandlerThread.java:61)
W/Launcher.LauncherProvider(  703): Unable to add favorite: com.android.gallery3d/com.android.gallery3d.app.Gallery
W/Launcher.LauncherProvider(  703): android.content.pm.PackageManager$NameNotFoundException: ComponentInfo{com.android.gallery3d/com.android.gallery3d.app.Gallery}
W/Launcher.LauncherProvider(  703): 	at android.app.ApplicationPackageManager.getActivityInfo(ApplicationPackageManager.java:242)
W/Launcher.LauncherProvider(  703): 	at com.android.launcher2.LauncherProvider$DatabaseHelper.addAppShortcut(LauncherProvider.java:959)
W/Launcher.LauncherProvider(  703): 	at com.android.launcher2.LauncherProvider$DatabaseHelper.loadFavorites(LauncherProvider.java:863)
W/Launcher.LauncherProvider(  703): 	at com.android.launcher2.LauncherProvider$DatabaseHelper.access$000(LauncherProvider.java:253)
W/Launcher.LauncherProvider(  703): 	at com.android.launcher2.LauncherProvider.loadDefaultFavoritesIfNecessary(LauncherProvider.java:237)
W/Launcher.LauncherProvider(  703): 	at com.android.launcher2.LauncherModel$LoaderTask.loadWorkspace(LauncherModel.java:1278)
W/Launcher.LauncherProvider(  703): 	at com.android.launcher2.LauncherModel$LoaderTask.loadAndBindWorkspace(LauncherModel.java:1020)
W/Launcher.LauncherProvider(  703): 	at com.android.launcher2.LauncherModel$LoaderTask.run(LauncherModel.java:1126)
W/Launcher.LauncherProvider(  703): 	at android.os.Handler.handleCallback(Handler.java:733)
W/Launcher.LauncherProvider(  703): 	at android.os.Handler.dispatchMessage(Handler.java:95)
W/Launcher.LauncherProvider(  703): 	at android.os.Looper.loop(Looper.java:136)
W/Launcher.LauncherProvider(  703): 	at android.os.HandlerThread.run(HandlerThread.java:61)
D/MobileDataStateTracker(  349): default: setPolicyDataEnable(enabled=true)
W/ActivityManager(  349): Launch timeout has expired, giving up wake lock!
D/dalvikvm(  703): GC_CONCURRENT freed 276K, 9% free 3875K/4228K, paused 4ms+32ms, total 152ms
I/InputReader(  349): Reconfiguring input devices.  changes=0x00000010
I/PackageManager(  349):   Action: "android.intent.action.SENDTO"
I/PackageManager(  349):   Category: "android.intent.category.DEFAULT"
I/PackageManager(  349):   Scheme: "sms"
I/PackageManager(  349): Adding preferred activity ComponentInfo{com.android.mms/com.android.mms.ui.ComposeMessageActivity} for user 0 :
I/PackageManager(  349):   Action: "android.intent.action.SENDTO"
I/PackageManager(  349):   Category: "android.intent.category.DEFAULT"
I/PackageManager(  349):   Scheme: "smsto"
I/PackageManager(  349): Adding preferred activity ComponentInfo{com.android.mms/com.android.mms.ui.ComposeMessageActivity} for user 0 :
I/PackageManager(  349):   Action: "android.intent.action.SENDTO"
I/PackageManager(  349):   Category: "android.intent.category.DEFAULT"
I/PackageManager(  349):   Scheme: "mms"
I/PackageManager(  349): Adding preferred activity ComponentInfo{com.android.mms/com.android.mms.ui.ComposeMessageActivity} for user 0 :
D/dalvikvm(  607): GC_CONCURRENT freed 439K, 14% free 3350K/3896K, paused 4ms+2ms, total 117ms
I/PackageManager(  349):   Action: "android.intent.action.SENDTO"
I/PackageManager(  349):   Category: "android.intent.category.DEFAULT"
I/PackageManager(  349):   Scheme: "mmsto"
I/PackageManager(  349): Adding preferred activity ComponentInfo{com.android.mms/com.android.mms.ui.ComposeMessageActivity} for user 0 :
D/MobileDataStateTracker(  349): default: isProvisioningNetwork: retVal=false
D/ConnectivityService(  349): [CheckMp] isMobileOk: isDefaultProvisioning=false
D/dalvikvm(  349): GC_CONCURRENT freed 630K, 56% free 5705K/12736K, paused 6ms+20ms, total 306ms
D/dalvikvm(  349): WAIT_FOR_CONCURRENT_GC blocked 52ms
I/PackageManager(  349):   Action: "android.intent.action.SENDTO"
I/PackageManager(  349):   Category: "android.intent.category.DEFAULT"
I/PackageManager(  349):   Scheme: "sms"
I/PackageManager(  349): Adding preferred activity ComponentInfo{com.android.mms/com.android.mms.ui.ComposeMessageActivity} for user 0 :
I/PackageManager(  349):   Action: "android.intent.action.SENDTO"
I/PackageManager(  349):   Category: "android.intent.category.DEFAULT"
I/PackageManager(  349):   Scheme: "smsto"
I/PackageManager(  349): Adding preferred activity ComponentInfo{com.android.mms/com.android.mms.ui.ComposeMessageActivity} for user 0 :
I/PackageManager(  349):   Action: "android.intent.action.SENDTO"
I/PackageManager(  349):   Category: "android.intent.category.DEFAULT"
I/PackageManager(  349): Adding preferred activity ComponentInfo{com.android.mms/com.android.mms.ui.ComposeMessageActivity} for user 0 :
I/PackageManager(  349):   Scheme: "mms"
I/PackageManager(  349):   Action: "android.intent.action.SENDTO"
I/PackageManager(  349):   Category: "android.intent.category.DEFAULT"
I/PackageManager(  349):   Scheme: "mmsto"
I/PackageManager(  349): Adding preferred activity ComponentInfo{com.android.mms/com.android.mms.ui.ComposeMessageActivity} for user 0 :
D/dalvikvm(  607): GC_FOR_ALLOC freed 418K, 15% free 3371K/3932K, paused 38ms, total 39ms
D/dalvikvm(  607): GC_CONCURRENT freed 3K, 15% free 3374K/3932K, paused 42ms+2ms, total 108ms
D/dalvikvm(  349): GC_CONCURRENT freed 610K, 55% free 5792K/12736K, paused 6ms+4ms, total 145ms
D/dalvikvm(  349): WAIT_FOR_CONCURRENT_GC blocked 106ms
E/NetdConnector(  349): NDC Command {12 bandwidth setiquota eth0 9223372036854775807} took too long (1644ms)
D/MobileDataStateTracker(  349): hipri: isProvisioningNetwork: retVal=false
D/ConnectivityService(  349): [CheckMp] isMobileOk: isHipriProvisioning=false
D/ConnectivityService(  349): [CheckMp] isMobileOk: start hipri url=http://clients3.google.com/generate_204
D/MobileDataStateTracker(  349): default: setPolicyDataEnable(enabled=true)
D/Tethering(  349): MasterInitialState.processMessage what=3
W/WindowManager(  349): App freeze timeout expired.
W/WindowManager(  349): Force clearing freeze: AppWindowToken{b2d37028 token=Token{b2cf2888 ActivityRecord{b2d3dbb8 u0 com.android.launcher/com.android.launcher2.Launcher t3}}}
W/ProcessCpuTracker(  349): Skipping unknown process pid 795
E/NetdConnector(  349): NDC Command {13 bandwidth removeiquota eth0} took too long (1413ms)
D/CaptivePortalTracker(  349): NoActiveNetworkState{ when=-59ms what=1 obj=NetworkInfo: type: mobile[UMTS], state: CONNECTED/CONNECTED, reason: connected, extra: epc.tmobile.com, roaming: false, failover: false, isAvailable: true, isConnectedToProvisioningNetwork: false target=com.android.internal.util.StateMachine$SmHandler }
I/WindowManager(  349): Screen frozen for +5s98ms due to AppWindowToken{b2d37028 token=Token{b2cf2888 ActivityRecord{b2d3dbb8 u0 com.android.launcher/com.android.launcher2.Launcher t3}}}
D/CaptivePortalTracker(  349): NoActiveNetworkState not a wifi connectivity change, ignore
I/Choreographer(  349): Skipped 42 frames!  The application may be doing too much work on its main thread.
I/Choreographer(  349): Skipped 44 frames!  The application may be doing too much work on its main thread.
I/ARMAssembler(   58): generated scanline__00000077:03515104_00009001_00000000 [131 ipp] (153 ins) at [0xb619b410:0xb619b674] in 20000000 ns
D/AndroidRuntime(  801): 
D/AndroidRuntime(  801): >>>>>> AndroidRuntime START com.android.internal.os.RuntimeInit <<<<<<
D/AndroidRuntime(  801): CheckJNI is ON
E/NetdConnector(  349): NDC Command {14 bandwidth setiquota eth0 9223372036854775807} took too long (3660ms)
D/dalvikvm(  349): WAIT_FOR_CONCURRENT_GC blocked 1ms
D/dalvikvm(  801): Trying to load lib libjavacore.so 0x0
D/dalvikvm(  801): Added shared lib libjavacore.so 0x0
D/dalvikvm(  801): Trying to load lib libnativehelper.so 0x0
D/dalvikvm(  801): Added shared lib libnativehelper.so 0x0
D/dalvikvm(  801): No JNI_OnLoad found in libnativehelper.so 0x0, skipping init
D/MobileDataStateTracker(  349): default: setPolicyDataEnable(enabled=true)
D/dalvikvm(  349): GC_EXPLICIT freed 890K, 57% free 5512K/12724K, paused 4ms+17ms, total 220ms
D/ConnectivityService(  349): startUsingNetworkFeature reconnecting to 0: enableHIPRI
D/MobileDataStateTracker(  349): hipri: Broadcast received: android.intent.action.ANY_DATA_STATE apnType=hipri
D/MobileDataStateTracker(  349): hipri: Received state=CONNECTING, old=DISCONNECTED, reason=dataEnabled
D/MobileDataStateTracker(  349): hipri: setDetailed state, old =IDLE and new state=CONNECTING
D/MobileDataStateTracker(  349): fota: Broadcast received: android.intent.action.ANY_DATA_STATE apnType=fota
D/ConnectivityService(  349): startUsingNetworkFeature X: return APN_REQUEST_STARTED
E/ConnectivityService(  349): startUsingNetworkFeature took too long: 5530ms
D/ConnectivityService(  349): [CheckMp] isMobileOk: hipri started
D/ConnectivityService(  349): [CheckMp] isMobileOk: not connected ni=NetworkInfo: type: mobile_hipri[UMTS], state: DISCONNECTED/IDLE, reason: (unspecified), extra: (none), roaming: false, failover: false, isAvailable: true, isConnectedToProvisioningNetwork: false
D/MobileDataStateTracker(  349): fota: Received state=DISCONNECTED, old=DISCONNECTED, reason=dataEnabled
D/MobileDataStateTracker(  349): ia: Broadcast received: android.intent.action.ANY_DATA_STATE apnType=ia
D/MobileDataStateTracker(  349): ia: Received state=DISCONNECTED, old=DISCONNECTED, reason=dataEnabled
D/MobileDataStateTracker(  349): supl: Broadcast received: android.intent.action.ANY_DATA_STATE apnType=supl
D/MobileDataStateTracker(  349): supl: Received state=DISCONNECTED, old=DISCONNECTED, reason=dataEnabled
D/MobileDataStateTracker(  349): ims: Broadcast received: android.intent.action.ANY_DATA_STATE apnType=ims
D/MobileDataStateTracker(  349): ims: Received state=DISCONNECTED, old=DISCONNECTED, reason=dataEnabled
D/MobileDataStateTracker(  349): mms: Broadcast received: android.intent.action.ANY_DATA_STATE apnType=mms
D/MobileDataStateTracker(  349): mms: Received state=DISCONNECTED, old=DISCONNECTED, reason=dataEnabled
D/dalvikvm(  801): Note: class Landroid/app/ActivityManagerNative; has 179 unimplemented (abstract) methods
D/MobileDataStateTracker(  349): cbs: Broadcast received: android.intent.action.ANY_DATA_STATE apnType=cbs
D/MobileDataStateTracker(  349): cbs: Received state=DISCONNECTED, old=DISCONNECTED, reason=dataEnabled
D/MobileDataStateTracker(  349): hipri: Broadcast received: android.intent.action.ANY_DATA_STATE apnType=hipri
D/MobileDataStateTracker(  349): hipri: Received state=CONNECTED, old=CONNECTING, reason=dataEnabled
D/MobileDataStateTracker(  349): hipri: setDetailed state, old =IDLE and new state=CONNECTED
D/ConnectivityService(  349): ConnectivityChange for mobile_hipri: CONNECTED/CONNECTED
E/logwrapper(  822): executing /system/bin/ip failed: No such file or directory
E/ConnectivityService(  349): Exception trying to add a route: java.lang.IllegalStateException: command '21 interface fwmark exempt add 10.0.2.2/32' failed with '400 21 Failed to add exemption rule (File exists)'
E/logwrapper(  823): executing /system/bin/ip failed: No such file or directory
E/ConnectivityService(  349): Exception trying to add a route: java.lang.IllegalStateException: command '23 interface fwmark exempt add 10.0.2.3/32' failed with '400 23 Failed to add exemption rule (File exists)'
E/logwrapper(  824): executing /system/bin/ip failed: No such file or directory
E/ConnectivityService(  349): Exception trying to add a route: java.lang.IllegalStateException: command '25 interface fwmark exempt add 10.0.2.2/32' failed with '400 25 Failed to add exemption rule (File exists)'
E/logwrapper(  825): executing /system/bin/ip failed: No such file or directory
E/ConnectivityService(  349): Exception trying to add a route: java.lang.IllegalStateException: command '27 interface fwmark exempt add 10.0.2.4/32' failed with '400 27 Failed to add exemption rule (File exists)'
E/logwrapper(  826): executing /system/bin/ip failed: No such file or directory
E/SecondaryTablController(   55): ip route add failed: /system/bin/ip route add 10.0.2.2/32 via 0.0.0.0 dev eth0 table 60
W/FrameworkListener(   55): Handler 'interface' error (No such device)
E/ConnectivityService(  349): Exception trying to add a route: java.lang.IllegalStateException: command '28 interface route add eth0 secondary 10.0.2.2 32 0.0.0.0' failed with '400 28 ip route modification failed (No such device)'
E/logwrapper(  827): executing /system/bin/ip failed: No such file or directory
E/SecondaryTablController(   55): ip route add failed: /system/bin/ip route add 0.0.0.0/0 via 10.0.2.2 dev eth0 table 60
W/FrameworkListener(   55): Handler 'interface' error (No such device)
E/ConnectivityService(  349): Exception trying to add a route: java.lang.IllegalStateException: command '29 interface route add eth0 secondary 0.0.0.0 0 10.0.2.2' failed with '400 29 ip route modification failed (No such device)'
D/Nat464Xlat(  349): requiresClat: netType=5, hasIPv4Address=true
D/MobileDataStateTracker(  349): default: setPolicyDataEnable(enabled=true)
W/NetworkPolicy(  349): shared quota unsupported; generating rule for each iface
D/MobileDataStateTracker(  349): hipri: isProvisioningNetwork: retVal=false
D/ConnectivityService(  349): [CheckMp] isMobileOk: isProvisioningNetwork is false, continue
E/memtrack(  801): Couldn't load memtrack module (No such file or directory)
E/android.os.Debug(  801): failed to load memtrack module: -2
I/Choreographer(  703): Skipped 2571 frames!  The application may be doing too much work on its main thread.
W/ActivityManager(  349): Activity destroy timeout for ActivityRecord{b2d3cd60 u0 com.android.settings/.CryptKeeper t1 f}
D/AndroidRuntime(  801): Calling main entry com.android.commands.pm.Pm
D/Launcher.Model(  703): Reload apps on config change. curr_mcc:310 prevmcc:0
I/ActivityManager(  349): Start proc com.android.defcontainer for service com.android.defcontainer/.DefaultContainerService: pid=838 uid=10003 gids={50003, 1028, 1015, 1023, 2001, 1035}
E/NetdConnector(  349): NDC Command {31 bandwidth removeiquota eth0} took too long (1350ms)
I/Choreographer(  703): Skipped 104 frames!  The application may be doing too much work on its main thread.
D/dalvikvm(  703): GC_CONCURRENT freed 260K, 8% free 4019K/4356K, paused 4ms+3ms, total 229ms
D/gralloc_goldfish(  703): Emulator without GPU emulation detected.
D/dalvikvm(  703): GC_FOR_ALLOC freed 139K, 11% free 3910K/4356K, paused 105ms, total 119ms
I/dalvikvm-heap(  703): Grow heap (frag case) to 5.425MB for 1610896-byte allocation
D/dalvikvm(  703): GC_FOR_ALLOC freed 9K, 8% free 5474K/5932K, paused 38ms, total 38ms
D/dalvikvm(  703): GC_CONCURRENT freed <1K, 8% free 5474K/5932K, paused 3ms+2ms, total 42ms
D/dalvikvm(  703): GC_FOR_ALLOC freed <1K, 8% free 5474K/5932K, paused 40ms, total 40ms
I/dalvikvm-heap(  703): Grow heap (frag case) to 6.953MB for 1610896-byte allocation
D/dalvikvm(  703): GC_CONCURRENT freed 0K, 7% free 7047K/7508K, paused 4ms+13ms, total 43ms
D/dalvikvm(  703): WAIT_FOR_CONCURRENT_GC blocked 24ms
I/ActivityManager(  349): Displayed com.android.launcher/com.android.launcher2.Launcher: +18s919ms (total +22s776ms)
D/dalvikvm(  459): GC_FOR_ALLOC freed 3085K, 7% free 3585K/3832K, paused 29ms, total 30ms
I/dalvikvm-heap(  459): Grow heap (frag case) to 6.498MB for 3072016-byte allocation
D/Tethering(  349): MasterInitialState.processMessage what=3
D/CaptivePortalTracker(  349): NoActiveNetworkState{ when=-3ms what=1 obj=NetworkInfo: type: mobile_hipri[UMTS], state: CONNECTED/CONNECTED, reason: dataEnabled, extra: epc.tmobile.com, roaming: false, failover: false, isAvailable: true, isConnectedToProvisioningNetwork: false target=com.android.internal.util.StateMachine$SmHandler }
D/dalvikvm(  459): GC_CONCURRENT freed 2K, 4% free 6582K/6836K, paused 5ms+104ms, total 191ms
D/dalvikvm(  459): WAIT_FOR_CONCURRENT_GC blocked 107ms
D/CaptivePortalTracker(  349): NoActiveNetworkState not a wifi connectivity change, ignore
E/NetdConnector(  349): NDC Command {32 bandwidth setiquota eth0 9223372036854775807} took too long (1620ms)
E/NetdConnector(  349): NDC Command {33 bandwidth removeiquota eth0} took too long (738ms)
I/Choreographer(  349): Skipped 32 frames!  The application may be doing too much work on its main thread.
I/Choreographer(  703): Skipped 44 frames!  The application may be doing too much work on its main thread.
I/Choreographer(  703): Skipped 102 frames!  The application may be doing too much work on its main thread.
I/Choreographer(  703): Skipped 70 frames!  The application may be doing too much work on its main thread.
D/ConnectivityService(  349): [CheckMp] isMobileOk: addresses=clients3.google.com/216.58.204.46
E/SQLiteLog(  653): (1) no such table: album_info
E/NetdConnector(  349): NDC Command {34 bandwidth setiquota eth0 9223372036854775807} took too long (1757ms)
D/ConnectivityService(  349): [CheckMp] isMobileOk: linkHasIpv4=true linkHasIpv6=false
E/logwrapper(  895): executing /system/bin/ip failed: No such file or directory
D/MobileDataStateTracker(  349): default: setPolicyDataEnable(enabled=true)
E/ConnectivityService(  349): Exception trying to add a route: java.lang.IllegalStateException: command '36 interface fwmark exempt add 10.0.2.2/32' failed with '400 36 Failed to add exemption rule (File exists)'
E/logwrapper(  896): executing /system/bin/ip failed: No such file or directory
