I/PackageManager(  352): /system/app/Gallery.apk changed; collecting certs
D/dalvikvm(  352): GC_CONCURRENT freed 458K, 63% free 4748K/12708K, paused 24ms+28ms, total 122ms
D/dalvikvm(  352): WAIT_FOR_CONCURRENT_GC blocked 9ms
D/dalvikvm(  352): GC_CONCURRENT freed 1167K, 69% free 4061K/12708K, paused 4ms+5ms, total 90ms
I/PackageManager(  352): /system/app/GpsLocationTest.apk changed; collecting certs
I/PackageManager(  352): /system/app/HTMLViewer.apk changed; collecting certs
I/PackageManager(  352): /system/app/KeyChain.apk changed; collecting certs
D/dalvikvm(  352): GC_CONCURRENT freed 425K, 68% free 4094K/12708K, paused 5ms+15ms, total 90ms
I/PackageManager(  352): /system/app/LatinIME.apk changed; collecting certs
D/dalvikvm(  352): GC_CONCURRENT freed 498K, 68% free 4105K/12708K, paused 15ms+3ms, total 57ms
D/dalvikvm(  352): WAIT_FOR_CONCURRENT_GC blocked 46ms
D/dalvikvm(  352): GC_FOR_ALLOC freed 335K, 67% free 4225K/12708K, paused 28ms, total 29ms
D/dalvikvm(  352): GC_CONCURRENT freed 260K, 66% free 4425K/12708K, paused 11ms+6ms, total 82ms
D/dalvikvm(  352): GC_CONCURRENT freed 274K, 64% free 4629K/12708K, paused 5ms+5ms, total 92ms
D/dalvikvm(  352): GC_CONCURRENT freed 318K, 63% free 4764K/12708K, paused 15ms+5ms, total 83ms
I/PackageManager(  352): /system/app/LegacyCamera.apk changed; collecting certs
D/dalvikvm(  352): GC_CONCURRENT freed 388K, 62% free 4861K/12708K, paused 4ms+25ms, total 86ms
D/dalvikvm(  352): GC_CONCURRENT freed 1151K, 67% free 4251K/12708K, paused 20ms+3ms, total 54ms
D/dalvikvm(  352): WAIT_FOR_CONCURRENT_GC blocked 35ms
D/dalvikvm(  352): GC_FOR_ALLOC freed 483K, 68% free 4178K/12708K, paused 40ms, total 41ms
D/dalvikvm(  352): GC_CONCURRENT freed 269K, 66% free 4380K/12708K, paused 4ms+24ms, total 86ms
D/dalvikvm(  352): GC_CONCURRENT freed 296K, 64% free 4585K/12708K, paused 17ms+8ms, total 115ms
I/PackageManager(  352): /system/app/LiveWallpapersPicker.apk changed; collecting certs
D/dalvikvm(  352): GC_CONCURRENT freed 416K, 64% free 4680K/12708K, paused 5ms+9ms, total 88ms
D/dalvikvm(  352): WAIT_FOR_CONCURRENT_GC blocked 23ms
I/PackageManager(  352): /system/app/Music.apk changed; collecting certs
D/dalvikvm(  352): GC_CONCURRENT freed 1069K, 69% free 4064K/12708K, paused 6ms+5ms, total 82ms
I/PackageManager(  352): /system/app/NetSpeed.apk changed; collecting certs
D/dalvikvm(  352): GC_CONCURRENT freed 423K, 68% free 4152K/12708K, paused 4ms+10ms, total 93ms
D/dalvikvm(  352): WAIT_FOR_CONCURRENT_GC blocked 8ms
I/PackageManager(  352): /system/app/OpenWnn.apk changed; collecting certs
D/dalvikvm(  352): GC_CONCURRENT freed 473K, 68% free 4160K/12708K, paused 10ms+12ms, total 54ms
D/dalvikvm(  352): WAIT_FOR_CONCURRENT_GC blocked 45ms
D/dalvikvm(  352): GC_CONCURRENT freed 355K, 67% free 4262K/12708K, paused 5ms+6ms, total 79ms
D/dalvikvm(  352): GC_CONCURRENT freed 256K, 65% free 4453K/12708K, paused 5ms+5ms, total 81ms
I/PackageManager(  352): /system/app/PacProcessor.apk changed; collecting certs
I/PackageManager(  352): /system/app/PackageInstaller.apk changed; collecting certs
D/dalvikvm(  352): GC_CONCURRENT freed 352K, 65% free 4556K/12708K, paused 4ms+12ms, total 86ms
I/PackageManager(  352): /system/app/PicoTts.apk changed; collecting certs
I/PackageManager(  352): /system/app/PinyinIME.apk changed; collecting certs
D/dalvikvm(  352): GC_CONCURRENT freed 953K, 68% free 4114K/12708K, paused 4ms+4ms, total 82ms
D/dalvikvm(  352): WAIT_FOR_CONCURRENT_GC blocked 35ms
I/PackageManager(  352): /system/app/PrintSpooler.apk changed; collecting certs
I/PackageManager(  352): /system/app/Protips.apk changed; collecting certs
D/dalvikvm(  352): GC_CONCURRENT freed 422K, 68% free 4139K/12708K, paused 5ms+15ms, total 80ms
I/PackageManager(  352): /system/app/QuickSearchBox.apk changed; collecting certs
D/dalvikvm(  352): GC_CONCURRENT freed 453K, 68% free 4190K/12708K, paused 5ms+4ms, total 43ms
D/dalvikvm(  352): WAIT_FOR_CONCURRENT_GC blocked 30ms
I/PackageManager(  352): /system/app/SdkSetup.apk changed; collecting certs
D/dalvikvm(  352): GC_CONCURRENT freed 420K, 66% free 4332K/12708K, paused 15ms+3ms, total 133ms
I/PackageManager(  352): /system/app/SoundRecorder.apk changed; collecting certs
I/PackageManager(  352): /system/app/SpeechRecorder.apk changed; collecting certs
I/PackageManager(  352): /system/app/TelephonyProvider.apk changed; collecting certs
I/PackageManager(  352): /system/app/UserDictionaryProvider.apk changed; collecting certs
D/dalvikvm(  352): GC_CONCURRENT freed 477K, 66% free 4414K/12708K, paused 24ms+7ms, total 198ms
D/dalvikvm(  352): WAIT_FOR_CONCURRENT_GC blocked 8ms
D/PackageManager(  352): No files in app dir /vendor/app
I/PackageManager(  352): /data/app/ApiDemos.apk changed; collecting certs
W/PackageParser(  352): No actions in intent filter at /data/app/ApiDemos.apk Binary XML file line #2899
W/PackageParser(  352): No actions in intent filter at /data/app/ApiDemos.apk Binary XML file line #2905
D/dalvikvm(  352): GC_CONCURRENT freed 572K, 66% free 4387K/12708K, paused 15ms+14ms, total 127ms
D/dalvikvm(  352): GC_CONCURRENT freed 306K, 64% free 4587K/12708K, paused 5ms+4ms, total 55ms
D/dalvikvm(  352): WAIT_FOR_CONCURRENT_GC blocked 43ms
D/dalvikvm(  352): GC_CONCURRENT freed 341K, 63% free 4727K/12708K, paused 6ms+5ms, total 93ms
D/dalvikvm(  352): GC_CONCURRENT freed 304K, 62% free 4930K/12708K, paused 14ms+4ms, total 124ms
D/dalvikvm(  352): WAIT_FOR_CONCURRENT_GC blocked 12ms
D/dalvikvm(  352): GC_CONCURRENT freed 660K, 63% free 4827K/12708K, paused 5ms+3ms, total 82ms
D/dalvikvm(  352): WAIT_FOR_CONCURRENT_GC blocked 29ms
D/dalvikvm(  352): GC_CONCURRENT freed 531K, 63% free 4827K/12708K, paused 5ms+3ms, total 94ms
D/dalvikvm(  352): WAIT_FOR_CONCURRENT_GC blocked 18ms
D/dalvikvm(  352): GC_CONCURRENT freed 525K, 62% free 4831K/12708K, paused 5ms+4ms, total 82ms
D/dalvikvm(  352): WAIT_FOR_CONCURRENT_GC blocked 34ms
D/dalvikvm(  352): GC_CONCURRENT freed 534K, 62% free 4831K/12708K, paused 9ms+5ms, total 80ms
D/dalvikvm(  352): WAIT_FOR_CONCURRENT_GC blocked 19ms
D/dalvikvm(  352): GC_CONCURRENT freed 522K, 62% free 4841K/12708K, paused 16ms+3ms, total 82ms
D/dalvikvm(  352): WAIT_FOR_CONCURRENT_GC blocked 35ms
D/dalvikvm(  352): GC_CONCURRENT freed 530K, 62% free 4844K/12708K, paused 4ms+3ms, total 169ms
D/dalvikvm(  352): WAIT_FOR_CONCURRENT_GC blocked 80ms
D/dalvikvm(  352): GC_CONCURRENT freed 529K, 62% free 4847K/12708K, paused 5ms+3ms, total 79ms
D/dalvikvm(  352): WAIT_FOR_CONCURRENT_GC blocked 24ms
D/dalvikvm(  352): GC_CONCURRENT freed 532K, 62% free 4852K/12708K, paused 24ms+3ms, total 82ms
D/dalvikvm(  352): WAIT_FOR_CONCURRENT_GC blocked 33ms
D/dalvikvm(  352): GC_CONCURRENT freed 530K, 62% free 4855K/12708K, paused 5ms+3ms, total 79ms
D/dalvikvm(  352): WAIT_FOR_CONCURRENT_GC blocked 27ms
W/PackageManager(  352): Package com.example.android.apis desires unavailable shared library com.example.will.never.exist; ignoring!
D/dalvikvm(  352): GC_CONCURRENT freed 541K, 62% free 4852K/12708K, paused 14ms+4ms, total 104ms
D/dalvikvm(  352): WAIT_FOR_CONCURRENT_GC blocked 13ms
I/PackageManager(  352): /data/app/CubeLiveWallpapers.apk changed; collecting certs
I/PackageManager(  352): /data/app/GestureBuilder.apk changed; collecting certs
D/dalvikvm(  352): GC_CONCURRENT freed 404K, 61% free 4981K/12708K, paused 5ms+21ms, total 87ms
D/dalvikvm(  352): WAIT_FOR_CONCURRENT_GC blocked 37ms
I/PackageManager(  352): /data/app/SmokeTest.apk changed; collecting certs
I/PackageManager(  352): /data/app/SmokeTestApp.apk changed; collecting certs
I/PackageManager(  352): /data/app/SoftKeyboard.apk changed; collecting certs
D/dalvikvm(  352): GC_CONCURRENT freed 1131K, 65% free 4449K/12708K, paused 4ms+5ms, total 117ms
I/PackageManager(  352): /data/app/WidgetPreview.apk changed; collecting certs
D/dalvikvm(  352): GC_CONCURRENT freed 585K, 66% free 4373K/12708K, paused 6ms+5ms, total 88ms
D/dalvikvm(  352): WAIT_FOR_CONCURRENT_GC blocked 33ms
W/PackageManager(  352): Package com.example.android.apis desires unavailable shared library com.example.will.never.exist; ignoring!
W/PackageManager(  352): Package com.android.camera desires unavailable shared library com.google.android.media.effects; ignoring!
I/PackageManager(  352): Time to scan packages: 27.013 seconds
W/PackageManager(  352): Not granting permission android.permission.GLOBAL_SEARCH to package com.android.quicksearchbox (protectionLevel=18 flags=0x8be45)
W/PackageManager(  352): Unknown permission com.android.smspush.WAPPUSH_MANAGER_BIND in package com.android.phone
W/PackageManager(  352): Unknown permission com.google.android.googleapps.permission.GOOGLE_AUTH in package com.android.providers.calendar
W/PackageManager(  352): Unknown permission com.google.android.googleapps.permission.GOOGLE_AUTH.cl in package com.android.providers.calendar
W/PackageManager(  352): Unknown permission com.google.android.googleapps.permission.GOOGLE_AUTH.mail in package com.android.calendar
W/PackageManager(  352): Not granting permission android.permission.ACCESS_DOWNLOAD_MANAGER to package com.android.browser (protectionLevel=18 flags=0x9be45)
W/PackageManager(  352): Not granting permission android.permission.SEND_DOWNLOAD_COMPLETED_INTENTS to package com.android.browser (protectionLevel=2 flags=0x9be45)
W/PackageManager(  352): Not granting permission android.permission.BIND_APPWIDGET to package com.android.widgetpreview (protectionLevel=18 flags=0x8be44)
W/PackageManager(  352): Unknown permission android.permission.INSTALL_DRM in package com.android.mms
W/PackageManager(  352): Unknown permission com.google.android.googleapps.permission.GOOGLE_AUTH in package com.android.settings
W/PackageManager(  352): Unknown permission com.google.android.googleapps.permission.ACCESS_GOOGLE_PASSWORD in package com.android.development
W/PackageManager(  352): Unknown permission com.google.android.googleapps.permission.GOOGLE_AUTH in package com.android.development
W/PackageManager(  352): Unknown permission com.google.android.googleapps.permission.GOOGLE_AUTH.ALL_SERVICES in package com.android.development
W/PackageManager(  352): Unknown permission com.google.android.googleapps.permission.GOOGLE_AUTH.YouTubeUser in package com.android.development
W/PackageManager(  352): Not granting permission android.permission.DELETE_PACKAGES to package com.svox.pico (protectionLevel=18 flags=0x8be45)
W/PackageManager(  352): Not granting permission android.permission.DEVICE_POWER to package com.android.deskclock (protectionLevel=2 flags=0x48be45)
D/dalvikvm(  352): GC_CONCURRENT freed 449K, 66% free 4347K/12708K, paused 5ms+3ms, total 87ms
D/dalvikvm(  352): WAIT_FOR_CONCURRENT_GC blocked 46ms
D/dalvikvm(  352): GC_EXPLICIT freed 74K, 67% free 4272K/12708K, paused 3ms+14ms, total 157ms
I/SystemServer(  352): Entropy Mixer
W/EntropyMixer(  352): No existing entropy file -- first boot?
I/EntropyMixer(  352): Writing entropy...
I/SystemServer(  352): User Service
I/SystemServer(  352): Account Manager
I/SystemServer(  352): Content Manager
I/SystemServer(  352): System Content Providers
D/SettingsProvider(  352): User 0 external modification to /data/data/com.android.providers.settings/databases/settings.db; event=2
D/SettingsProvider(  352): User 0 updating our caches for /data/data/com.android.providers.settings/databases/settings.db
I/SyncManager(  352): No initial accounts
I/SyncManager(  352): No initial status
W/SyncManagerFile(  352): Error reading pending data.
W/SyncManagerFile(  352): java.io.FileNotFoundException: /data/system/sync/pending.xml: open failed: ENOENT (No such file or directory)
W/SyncManagerFile(  352): 	at libcore.io.IoBridge.open(IoBridge.java:409)
W/SyncManagerFile(  352): 	at java.io.FileInputStream.<init>(FileInputStream.java:78)
W/SyncManagerFile(  352): 	at android.util.AtomicFile.openRead(AtomicFile.java:199)
W/SyncManagerFile(  352): 	at com.android.server.content.SyncStorageEngine.readPendingOperationsLocked(SyncStorageEngine.java:2286)
W/SyncManagerFile(  352): 	at com.android.server.content.SyncStorageEngine.<init>(SyncStorageEngine.java:434)
W/SyncManagerFile(  352): 	at com.android.server.content.SyncStorageEngine.init(SyncStorageEngine.java:454)
W/SyncManagerFile(  352): 	at com.android.server.content.SyncManager.<init>(SyncManager.java:383)
W/SyncManagerFile(  352): 	at com.android.server.content.ContentService.getSyncManager(ContentService.java:75)
W/SyncManagerFile(  352): 	at com.android.server.content.ContentService.notifyChange(ContentService.java:283)
W/SyncManagerFile(  352): 	at android.content.ContentResolver.notifyChange(ContentResolver.java:1621)
W/SyncManagerFile(  352): 	at com.android.providers.settings.SettingsProvider.sendNotify(SettingsProvider.java:262)
W/SyncManagerFile(  352): 	at com.android.providers.settings.SettingsProvider.insertForUser(SettingsProvider.java:941)
W/SyncManagerFile(  352): 	at com.android.providers.settings.SettingsProvider.ensureAndroidIdIsSet(SettingsProvider.java:496)
W/SyncManagerFile(  352): 	at com.android.providers.settings.SettingsProvider.establishDbTracking(SettingsProvider.java:409)
W/SyncManagerFile(  352): 	at com.android.providers.settings.SettingsProvider.onCreate(SettingsProvider.java:335)
W/SyncManagerFile(  352): 	at android.content.ContentProvider.attachInfo(ContentProvider.java:1591)
W/SyncManagerFile(  352): 	at android.content.ContentProvider.attachInfo(ContentProvider.java:1562)
W/SyncManagerFile(  352): 	at android.app.ActivityThread.installProvider(ActivityThread.java:4774)
W/SyncManagerFile(  352): 	at android.app.ActivityThread.installContentProviders(ActivityThread.java:4369)
W/SyncManagerFile(  352): 	at android.app.ActivityThread.installSystemProviders(ActivityThread.java:4929)
W/SyncManagerFile(  352): 	at com.android.server.am.ActivityManagerService.installSystemProviders(ActivityManagerService.java:8081)
W/SyncManagerFile(  352): 	at com.android.server.ServerThread.initAndLoop(SystemServer.java:275)
W/SyncManagerFile(  352): 	at com.android.server.SystemServer.main(SystemServer.java:1179)
W/SyncManagerFile(  352): 	at java.lang.reflect.Method.invokeNative(Native Method)
W/SyncManagerFile(  352): 	at java.lang.reflect.Method.invoke(Method.java:515)
W/SyncManagerFile(  352): 	at com.android.internal.os.ZygoteInit$MethodAndArgsCaller.run(ZygoteInit.java:785)
W/SyncManagerFile(  352): 	at com.android.internal.os.ZygoteInit.main(ZygoteInit.java:601)
W/SyncManagerFile(  352): 	at dalvik.system.NativeStart.main(Native Method)
W/SyncManagerFile(  352): Caused by: libcore.io.ErrnoException: open failed: ENOENT (No such file or directory)
W/SyncManagerFile(  352): 	at libcore.io.Posix.open(Native Method)
W/SyncManagerFile(  352): 	at libcore.io.BlockGuardOs.open(BlockGuardOs.java:110)
W/SyncManagerFile(  352): 	at libcore.io.IoBridge.open(IoBridge.java:393)
W/SyncManagerFile(  352): 	... 27 more
I/SyncManager(  352): No initial statistics
D/SettingsProvider(  352): User 0 external modification to /data/data/com.android.providers.settings/databases/settings.db; event=2
D/SettingsProvider(  352): User 0 updating our caches for /data/data/com.android.providers.settings/databases/settings.db
D/SettingsProvider(  352): Generated and saved new ANDROID_ID [9eec5c7d3de8e671] for user 0
I/SystemServer(  352): Lights Service
I/SystemServer(  352): Battery Service
E/ConsumerIrService(  352): Can't open consumer IR HW Module, error: -2
W/libsuspend(  352): Error writing 'on' to /sys/power/state: Invalid argument
E/libsuspend(  352): Error opening /sys/power/autosleep: No such file or directory
I/SystemServer(  352): Vibrator Service
I/SystemServer(  352): Consumer IR Service
I/libsuspend(  352): Selected wakeup count
D/PermissionCache(   57): checking android.permission.ACCESS_SURFACE_FLINGER for uid=1000 => granted (2222 us)
D/SurfaceFlinger(   57): Screen acquired, type=0 flinger=0xb84a8450
D/SurfaceFlinger(   57):  screen was previously acquired
I/SystemServer(  352): Alarm Manager
I/SystemServer(  352): Init Watchdog
I/SystemServer(  352): Input Manager
I/InputManager(  352): Initializing input manager, mUseDevInputEventForAudioJack=false
I/SystemServer(  352): Window Manager
I/WindowManager(  352): No existing display settings /data/system/display_settings.xml; starting empty
D/dalvikvm(  352): GC_CONCURRENT freed 324K, 65% free 4460K/12708K, paused 5ms+27ms, total 187ms
D/dalvikvm(  352): WAIT_FOR_CONCURRENT_GC blocked 18ms
I/WindowManager(  352): No keyguard interface!
I/InputManager(  352): Starting input manager
E/EventHub(  352): could not get driver version for /dev/input/mouse0, Not a typewriter
I/SystemServer(  352): No Bluetooh Service (emulator)
I/SystemServer(  352): Input Method Service
W/EventHub(  352): Unable to disable kernel key repeat for /dev/input/event0: Function not implemented
I/EventHub(  352): New device: id=1, fd=93, path='/dev/input/event0', name='qwerty2', classes=0x2d, configuration='/system/usr/idc/qwerty2.idc', keyLayout='/system/usr/keylayout/qwerty.kl', keyCharacterMap='/system/usr/keychars/qwerty2.kcm', builtinKeyboard=true, usingSuspendBlockIoctl=true, usingClockIoctl=true
E/EventHub(  352): could not get driver version for /dev/input/mice, Not a typewriter
I/InputReader(  352): Device added: id=-1, name='Virtual', sources=0x00000301
I/InputReader(  352):   Touch device 'qwerty2' could not query the properties of its associated display.  The device will be inoperable until the display size becomes available.
I/InputReader(  352): Device added: id=0, name='qwerty2', sources=0x00011307
W/InputMethodManagerService(  352): No IME selected. Choose the most applicable IME.
I/InputMethodManagerService(  352): No default found, using com.android.inputmethod.latin/.LatinIME
I/SystemServer(  352): Accessibility Manager
I/ActivityManager(  352): Config changes=1df8 {1.0 ?mcc?mnc en_US ldltr sw480dp w480dp h864dp 160dpi lrg long port ?uimode ?night -touch -keyb/h/h tball/v s.2}
I/InputReader(  352): Reconfiguring input devices.  changes=0x00000004
I/InputReader(  352): Device reconfigured: id=0, name='qwerty2', size 480x864, orientation 0, mode 1, display id 0
I/ActivityManager(  352): Config changes=408 {1.0 ?mcc?mnc en_US ldltr sw480dp w480dp h839dp 160dpi lrg long port ?uimode ?night finger -keyb/h/h tball/v s.3}
I/SystemServer(  352): Mount Service
D/MountService(  352): got storage path: /storage/sdcard description: USB storage primary: true removable: false emulated: false mtpReserve: 0 allowMassStorage: false maxFileSize: 0
D/MountService(  352): addVolumeLocked() StorageVolume:
D/MountService(  352):     mStorageId=0 mPath=/storage/sdcard mDescriptionId=17040665 mPrimary=true 
D/MountService(  352):     mRemovable=false mEmulated=false mMtpReserveSpace=0 
D/MountService(  352):     mAllowMassStorage=false mMaxFileSize=0 mOwner=null mUuid=null 
D/MountService(  352):     mUserLabel=null mState=null 
I/SystemServer(  352): LockSettingsService
I/SystemServer(  352): Device Policy
I/SystemServer(  352): Status Bar
I/SystemServer(  352): Clipboard Service
I/SystemServer(  352): NetworkManagement Service
I/SystemServer(  352): Text Service Manager Service
W/MountService(  352): Duplicate state transition (unmounted -> unmounted) for /storage/sdcard
W/MountService(  352): getSecureContainerList() called when storage not mounted
I/PackageManager(  352): No secure containers on sdcard
W/PackageManager(  352): Not granting permission android.permission.GLOBAL_SEARCH to package com.android.quicksearchbox (protectionLevel=18 flags=0x8be45)
I/SystemServer(  352): NetworkStats Service
I/SystemServer(  352): NetworkPolicy Service
I/SystemServer(  352): Wi-Fi P2pService
W/PackageManager(  352): Unknown permission com.android.smspush.WAPPUSH_MANAGER_BIND in package com.android.phone
D/dalvikvm(  352): GC_CONCURRENT freed 241K, 64% free 4609K/12708K, paused 13ms+5ms, total 83ms
W/PackageManager(  352): Unknown permission com.google.android.googleapps.permission.GOOGLE_AUTH in package com.android.providers.calendar
W/PackageManager(  352): Unknown permission com.google.android.googleapps.permission.GOOGLE_AUTH.cl in package com.android.providers.calendar
W/PackageManager(  352): Unknown permission com.google.android.googleapps.permission.GOOGLE_AUTH.mail in package com.android.calendar
W/PackageManager(  352): Not granting permission android.permission.ACCESS_DOWNLOAD_MANAGER to package com.android.browser (protectionLevel=18 flags=0x9be45)
W/PackageManager(  352): Not granting permission android.permission.SEND_DOWNLOAD_COMPLETED_INTENTS to package com.android.browser (protectionLevel=2 flags=0x9be45)
W/PackageManager(  352): Not granting permission android.permission.BIND_APPWIDGET to package com.android.widgetpreview (protectionLevel=18 flags=0x8be44)
W/PackageManager(  352): Unknown permission android.permission.INSTALL_DRM in package com.android.mms
W/PackageManager(  352): Unknown permission com.google.android.googleapps.permission.GOOGLE_AUTH in package com.android.settings
W/PackageManager(  352): Unknown permission com.google.android.googleapps.permission.ACCESS_GOOGLE_PASSWORD in package com.android.development
W/PackageManager(  352): Unknown permission com.google.android.googleapps.permission.GOOGLE_AUTH in package com.android.development
W/PackageManager(  352): Unknown permission com.google.android.googleapps.permission.GOOGLE_AUTH.ALL_SERVICES in package com.android.development
W/PackageManager(  352): Unknown permission com.google.android.googleapps.permission.GOOGLE_AUTH.YouTubeUser in package com.android.development
W/PackageManager(  352): Not granting permission android.permission.DELETE_PACKAGES to package com.svox.pico (protectionLevel=18 flags=0x8be45)
W/PackageManager(  352): Not granting permission android.permission.DEVICE_POWER to package com.android.deskclock (protectionLevel=2 flags=0x48be45)
I/SystemServer(  352): Wi-Fi Service
D/WifiController(  352): isAirplaneModeOn = false, isWifiEnabled = false, isScanningAvailable = false
I/SystemServer(  352): Connectivity Service
D/ConnectivityService(  352): ConnectivityService starting up
D/ConnectivityService(  352): wifiOnly=false
E/MobileDataStateTracker(  352): default: Ignoring feature request because could not acquire PhoneService
E/MobileDataStateTracker(  352): default: Could not enable APN type "default"
I/WifiService(  352): WifiService starting up with Wi-Fi disabled
I/SystemServer(  352): Network Service Discovery Service
D/NsdService(  352): Network service discovery enabled true
I/SystemServer(  352): UpdateLock Service
I/SystemServer(  352): Notification Manager
I/SystemServer(  352): Device Storage Monitor
I/SystemServer(  352): Location Manager
I/SystemServer(  352): Country Detector
I/SystemServer(  352): Search Service
I/SystemServer(  352): DropBox Service
I/SystemServer(  352): Wallpaper Service
W/WallpaperService(  352): no current wallpaper -- first boot?
I/SystemServer(  352): Audio Service
D/dalvikvm(  352): GC_CONCURRENT freed 334K, 63% free 4790K/12708K, paused 28ms+7ms, total 230ms
I/SystemServer(  352): Dock Observer
W/DockObserver(  352): This kernel does not have dock station support
I/SystemServer(  352): Wired Accessory Manager
W/WiredAccessoryManager(  352): This kernel does not have wired headset support
W/WiredAccessoryManager(  352): This kernel does not have usb audio support
W/WiredAccessoryManager(  352): This kernel does not have HDMI audio support
I/SystemServer(  352): USB Service
I/SystemServer(  352): Serial Service
I/SystemServer(  352): Twilight Service
I/SystemServer(  352): UI Mode Manager Service
I/SystemServer(  352): Backup Service
V/BackupManagerService(  352): Initializing package tracking
V/BackupManagerService(  352): No ancestral data
V/BackupManagerService(  352): addPackageParticipantsLocked: all
I/BackupManagerService(  352): Scheduling backup for new app com.android.calendar
D/BackupManagerService(  352): Now staging backup of com.android.calendar
I/BackupManagerService(  352): Scheduling backup for new app com.android.browser
D/BackupManagerService(  352): Now staging backup of com.android.browser
I/BackupManagerService(  352): Scheduling backup for new app com.android.providers.userdictionary
D/BackupManagerService(  352): Now staging backup of com.android.providers.userdictionary
I/BackupManagerService(  352): Scheduling backup for new app com.android.sharedstoragebackup
D/BackupManagerService(  352): Now staging backup of com.android.sharedstoragebackup
I/BackupManagerService(  352): Scheduling backup for new app android
D/BackupManagerService(  352): Now staging backup of android
I/BackupManagerService(  352): Scheduling backup for new app com.android.dialer
D/BackupManagerService(  352): Now staging backup of com.android.dialer
I/BackupManagerService(  352): Scheduling backup for new app com.android.providers.settings
D/BackupManagerService(  352): Now staging backup of com.android.providers.settings
V/BackupManagerService(  352): Starting with transport android/com.android.internal.backup.LocalTransport
V/BackupManagerService(  352): Found transports: 1
I/BackupManagerService(  352): Binding to transport host ComponentInfo{android/com.android.internal.backup.LocalTransportService}
I/BackupManagerService(  352): Backup enabled => true
I/SystemServer(  352): AppWidget Service
I/SystemServer(  352): Recognition Service
I/SystemServer(  352): DiskStats Service
I/SystemServer(  352): SamplingProfiler Service
I/SystemServer(  352): NetworkTimeUpdateService
I/SystemServer(  352): CommonTimeManagementService
I/SystemServer(  352): CertBlacklister
I/SystemServer(  352): Dreams Service
I/SystemServer(  352): Assets Atlas Service
I/SystemServer(  352): IdleMaintenanceService
D/Atlas   (  352): Computing best atlas configuration...
D/Atlas   (  352): Running Thread-50
I/WindowManager(  352): SAFE MODE not enabled
I/SystemServer(  352): Print Service
I/SystemServer(  352): Media Router Service
D/Atlas   (  352): Found best atlas configuration in 0.11s
D/Atlas   (  352): Loaded configuration: SliceMinArea (768x768) flags=0x2 count=24
D/gralloc_goldfish(  352): Emulator without GPU emulation detected.
E/SQLiteLog(  352): (1) no such table: locksettings
D/dalvikvm(  352): GC_CONCURRENT freed 306K, 62% free 4953K/12708K, paused 34ms+5ms, total 197ms
I/LockSettingsService(  352): Migrated lock settings to new location
I/LockSettingsService(  352): Migrated per-user lock settings to new location
W/AssetAtlasService(  352): Could not find EGL configuration
D/Atlas   (  352): Rendered atlas in 19.55ms (6.24+13.32ms)
I/Zygote  (  352): Process: zygote socket opened
V/KeyguardServiceDelegate(  352): *** Keyguard started
I/ActivityManager(  352): Start proc com.android.systemui for service com.android.keyguard/.KeyguardService: pid=461 uid=10007 gids={50007, 1028, 1015, 1035, 3002, 3001}
V/KeyguardServiceDelegate(  352): onSystemReady() called before keyguard service was ready
F/SystemServer(  352): BOOT FAILURE making Package Manager Service ready
F/SystemServer(  352): java.lang.SecurityException: Unable to find app for caller android.app.ActivityThread$ApplicationThread@b30dfb40 (pid=352) when registering receiver android.app.LoadedApk$ReceiverDispatcher$InnerReceiver@b2d14678
F/SystemServer(  352): 	at com.android.server.am.ActivityManagerService.registerReceiver(ActivityManagerService.java:13021)
F/SystemServer(  352): 	at android.app.ContextImpl.registerReceiverInternal(ContextImpl.java:1450)
F/SystemServer(  352): 	at android.app.ContextImpl.registerReceiverAsUser(ContextImpl.java:1425)
F/SystemServer(  352): 	at com.android.internal.content.PackageMonitor.register(PackageMonitor.java:84)
F/SystemServer(  352): 	at com.android.server.pm.UserManagerService.systemReady(UserManagerService.java:237)
F/SystemServer(  352): 	at com.android.server.pm.PackageManagerService.systemReady(PackageManagerService.java:10476)
F/SystemServer(  352): 	at com.android.server.ServerThread.initAndLoop(SystemServer.java:893)
F/SystemServer(  352): 	at com.android.server.SystemServer.main(SystemServer.java:1179)
F/SystemServer(  352): 	at java.lang.reflect.Method.invokeNative(Native Method)
F/SystemServer(  352): 	at java.lang.reflect.Method.invoke(Method.java:515)
F/SystemServer(  352): 	at com.android.internal.os.ZygoteInit$MethodAndArgsCaller.run(ZygoteInit.java:785)
F/SystemServer(  352): 	at com.android.internal.os.ZygoteInit.main(ZygoteInit.java:601)
F/SystemServer(  352): 	at dalvik.system.NativeStart.main(Native Method)
W/SystemServer(  352): ***********************************************
I/ActivityManager(  352): Sending system update to ComponentInfo{com.android.providers.calendar/com.android.providers.calendar.CalendarUpgradeReceiver} for user 0
I/ActivityManager(  352): Sending system update to ComponentInfo{com.android.providers.contacts/com.android.providers.contacts.ContactsUpgradeReceiver} for user 0
I/ActivityManager(  352): Sending system update to ComponentInfo{com.android.providers.media/com.android.providers.media.MediaUpgradeReceiver} for user 0
I/SystemServer(  352): Enabled StrictMode for system server main thread.
I/ActivityManager(  352): Start proc com.android.providers.calendar for broadcast com.android.providers.calendar/.CalendarUpgradeReceiver: pid=472 uid=10001 gids={50001, 3003, 1028, 1015}
I/Choreographer(  352): Skipped 46 frames!  The application may be doing too much work on its main thread.
W/InputMethodManagerService(  352): Focus gain on non-focused client android.view.inputmethod.InputMethodManager$1@b31e56c8 (uid=1000 pid=352)
V/BackupManagerService(  352): Connected to transport ComponentInfo{android/com.android.internal.backup.LocalTransportService}
V/BackupManagerService(  352): Registering transport android/com.android.internal.backup.LocalTransportService::android/com.android.internal.backup.LocalTransport = com.android.internal.backup.LocalTransport@b3216cb8
I/ActivityManager(  352): Launching preboot mode app: ProcessRecord{b31e6608 472:com.android.providers.calendar/u0a1}
E/SoundPool(  461): error loading /system/media/audio/ui/Lock.ogg
W/KeyguardViewMediator(  461): failed to load lock sound from /system/media/audio/ui/Lock.ogg
E/SoundPool(  461): error loading /system/media/audio/ui/Unlock.ogg
W/KeyguardViewMediator(  461): failed to load unlock sound from /system/media/audio/ui/Unlock.ogg
V/KeyguardService(  461): onCreate()
V/KeyguardServiceDelegate(  352): *** Keyguard connected (yay!)
V/KeyguardServiceDelegate(  352): **** SHOWN CALLED ****
I/ActivityManager(  352): Start proc android.process.acore for broadcast com.android.providers.contacts/.ContactsUpgradeReceiver: pid=493 uid=10002 gids={50002, 3003, 1028, 1015}
D/dalvikvm(  352): GC_CONCURRENT freed 345K, 60% free 5109K/12708K, paused 56ms+4ms, total 150ms
I/ActivityManager(  352): Launching preboot mode app: ProcessRecord{b3641c28 493:android.process.acore/u0a2}
I/ContactsUpgradeReceiver(  493): Creating or opening contacts database
I/ContactsDatabaseHelper(  493): Bootstrapping database version: 803
D/dalvikvm(  493): GC_CONCURRENT freed 398K, 15% free 2810K/3272K, paused 171ms+2ms, total 199ms
D/dalvikvm(  493): WAIT_FOR_CONCURRENT_GC blocked 28ms
I/ContactsProviderV1(  493): Bootstrapping database legacy support
D/dalvikvm(  493): GC_CONCURRENT freed 348K, 13% free 2898K/3312K, paused 14ms+2ms, total 49ms
I/ContactsDatabaseHelper(  493): Bootstrapping database version: 803
D/dalvikvm(  493): GC_CONCURRENT freed 365K, 13% free 2931K/3364K, paused 14ms+15ms, total 52ms
I/ContactsProviderV1(  493): Bootstrapping database legacy support
I/ContactsProvider(  493): Locale has changed from null to en_US
I/ContactsDatabaseHelper(  493): Switching to locale en_US (ICU v51.1.0.1)
D/dalvikvm(  493): GC_CONCURRENT freed 291K, 11% free 3043K/3400K, paused 3ms+30ms, total 59ms
I/ContactsDatabaseHelper(  493): Locale change completed in 551ms
I/ContactsDatabaseHelper(  493): Switching to locale en_US (ICU v51.1.0.1)
D/dalvikvm(  493): GC_CONCURRENT freed 389K, 13% free 3052K/3508K, paused 23ms+1ms, total 50ms
I/ContactsDatabaseHelper(  493): Locale change completed in 523ms
I/ActivityManager(  352): Start proc android.process.media for broadcast com.android.providers.media/.MediaUpgradeReceiver: pid=511 uid=10005 gids={50005, 1028, 1015, 1023, 1024, 2001, 3003, 3007}
I/ActivityManager(  352): Launching preboot mode app: ProcessRecord{b3631618 511:android.process.media/u0a5}
I/ActivityManager(  352): Writing new set of last done pre-boot receivers...
I/ActivityManager(  352): Removing system update proc: ProcessRecord{b31e6608 472:com.android.providers.calendar/u0a1}
I/ActivityManager(  352): Killing 472:com.android.providers.calendar/u0a1 (adj 13): system update done
I/ActivityManager(  352): Removing system update proc: ProcessRecord{b3641c28 493:android.process.acore/u0a2}
I/ActivityManager(  352): Killing 493:android.process.acore/u0a2 (adj 11): system update done
I/ActivityManager(  352): Removing system update proc: ProcessRecord{b3631618 511:android.process.media/u0a5}
I/ActivityManager(  352): Killing 511:android.process.media/u0a5 (adj 9): system update done
I/ActivityManager(  352): System now ready
I/SystemServer(  352): Making services ready
D/NetworkManagementService(  352): enabling bandwidth control
I/Vold    (   52): /dev/block/vold/179:0 being considered for volume sdcard
D/Vold    (   52): Volume sdcard state changing 1 (Idle-Unmounted) -> 3 (Checking)
I/fsck_msdos(   52): ** /dev/block/vold/179:0
I/fsck_msdos(   52): Invalid signature in fsinfo block
I/fsck_msdos(   52): FIXED
I/fsck_msdos(   52): ** Phase 1 - Read and Compare FATs
I/fsck_msdos(   52): Attempting to allocate 794 KB for FAT
D/SystemUIService(  461): loading: class com.android.systemui.recent.Recents
D/SystemUIService(  461): running: com.android.systemui.recent.Recents@b2d27010
D/SystemUIService(  461): loading: class com.android.systemui.statusbar.SystemBars
D/SystemUIService(  461): running: com.android.systemui.statusbar.SystemBars@b2d275f8
I/fsck_msdos(   52): Attempting to allocate 794 KB for FAT
D/dalvikvm(  352): GC_CONCURRENT freed 389K, 59% free 5325K/12708K, paused 6ms+4ms, total 368ms
D/dalvikvm(  352): WAIT_FOR_CONCURRENT_GC blocked 274ms
D/dalvikvm(  352): WAIT_FOR_CONCURRENT_GC blocked 238ms
D/dalvikvm(  352): WAIT_FOR_CONCURRENT_GC blocked 148ms
D/MountService(  352): volume state changed for /storage/sdcard (unmounted -> checking)
D/MountService(  352): sendStorageIntent Intent { act=android.intent.action.MEDIA_CHECKING dat=file:///storage/sdcard (has extras) } to UserHandle{-1}
D/SystemUIService(  461): loading: class com.android.systemui.usb.StorageNotification
D/SystemUIService(  461): running: com.android.systemui.usb.StorageNotification@b2d29348
I/fsck_msdos(   52): ** Phase 2 - Check Cluster Chains
I/fsck_msdos(   52): ** Phase 3 - Checking Directories
I/fsck_msdos(   52): ** Phase 4 - Checking for Lost Files
D/SystemUIService(  461): loading: class com.android.systemui.power.PowerUI
D/SystemUIService(  461): running: com.android.systemui.power.PowerUI@b2d2a9a8
D/SystemUIService(  461): loading: class com.android.systemui.media.RingtonePlayer
I/fsck_msdos(   52): Free space in FSInfo block (201592) not correct (201591)
I/fsck_msdos(   52): FIXED
I/fsck_msdos(   52): 1 files, 100795 free (201591 clusters)
I/Vold    (   52): Filesystem check completed OK
D/SystemUIService(  461): running: com.android.systemui.media.RingtonePlayer@b2d2b788
D/SystemUIService(  461): loading: class com.android.systemui.settings.SettingsUI
D/SystemUIService(  461): running: com.android.systemui.settings.SettingsUI@b2d2ccc8
W/Vold    (   52): blkid failed to identify /dev/block/vold/179:0
I/PackageManager(  352): Updating external media status from unmounted to mounted
D/Vold    (   52): Volume sdcard state changing 3 (Checking) -> 4 (Mounted)
D/MountService(  352): volume state changed for /storage/sdcard (checking -> mounted)
D/MountService(  352): sendStorageIntent Intent { act=android.intent.action.MEDIA_MOUNTED dat=file:///storage/sdcard (has extras) } to UserHandle{-1}
I/StatusBarManagerService(  352): registerStatusBar bar=com.android.internal.statusbar.IStatusBar$Stub$Proxy@b3365940
D/PhoneStatusBar(  461): mSettingsPanelGravity = 55
E/VoldConnector(  352): NDC Command {4 asec list} took too long (546ms)
D/dalvikvm(  461): GC_CONCURRENT freed 295K, 12% free 2849K/3208K, paused 27ms+54ms, total 294ms
D/dalvikvm(  461): GC_FOR_ALLOC freed 24K, 9% free 2947K/3208K, paused 98ms, total 100ms
I/PackageManager(  352): No secure containers on sdcard
E/VoldConnector(  352): NDC Command {3 volume mount /storage/sdcard} took too long (1904ms)
W/PackageManager(  352): Not granting permission android.permission.GLOBAL_SEARCH to package com.android.quicksearchbox (protectionLevel=18 flags=0x88be45)
W/PackageManager(  352): Unknown permission com.android.smspush.WAPPUSH_MANAGER_BIND in package com.android.phone
W/PackageManager(  352): Unknown permission com.google.android.googleapps.permission.GOOGLE_AUTH in package com.android.providers.calendar
W/PackageManager(  352): Unknown permission com.google.android.googleapps.permission.GOOGLE_AUTH.cl in package com.android.providers.calendar
W/PackageManager(  352): Unknown permission com.google.android.googleapps.permission.GOOGLE_AUTH.mail in package com.android.calendar
W/PackageManager(  352): Not granting permission android.permission.ACCESS_DOWNLOAD_MANAGER to package com.android.browser (protectionLevel=18 flags=0x89be45)
W/PackageManager(  352): Not granting permission android.permission.SEND_DOWNLOAD_COMPLETED_INTENTS to package com.android.browser (protectionLevel=2 flags=0x89be45)
W/PackageManager(  352): Not granting permission android.permission.BIND_APPWIDGET to package com.android.widgetpreview (protectionLevel=18 flags=0x8be44)
W/PackageManager(  352): Unknown permission android.permission.INSTALL_DRM in package com.android.mms
W/PackageManager(  352): Unknown permission com.google.android.googleapps.permission.GOOGLE_AUTH in package com.android.settings
W/PackageManager(  352): Unknown permission com.google.android.googleapps.permission.ACCESS_GOOGLE_PASSWORD in package com.android.development
W/PackageManager(  352): Unknown permission com.google.android.googleapps.permission.GOOGLE_AUTH in package com.android.development
W/PackageManager(  352): Unknown permission com.google.android.googleapps.permission.GOOGLE_AUTH.ALL_SERVICES in package com.android.development
W/PackageManager(  352): Unknown permission com.google.android.googleapps.permission.GOOGLE_AUTH.YouTubeUser in package com.android.development
W/PackageManager(  352): Not granting permission android.permission.DELETE_PACKAGES to package com.svox.pico (protectionLevel=18 flags=0x88be45)
W/PackageManager(  352): Not granting permission android.permission.DEVICE_POWER to package com.android.deskclock (protectionLevel=2 flags=0xc8be45)
E/NetdConnector(  352): NDC Command {1 bandwidth enable} took too long (3010ms)
E/BluetoothAdapter(  461): Bluetooth binder is null
E/BluetoothAdapter(  461): Bluetooth binder is null
D/dalvikvm(  461): GC_CONCURRENT freed 53K, 6% free 3300K/3484K, paused 34ms+2ms, total 73ms
E/BluetoothAdapter(  461): Bluetooth binder is null
E/BluetoothAdapter(  461): Bluetooth binder is null
I/ActivityManager(  352): Start proc android.process.acore for content provider com.android.providers.contacts/.ContactsProvider2: pid=575 uid=10002 gids={50002, 3003, 1028, 1015}
D/PhoneStatusBar(  461): disable: < expand icons alerts ticker system_info back home recent clock search >
E/BluetoothAdapter(  461): Bluetooth binder is null
D/PhoneStatusBar(  461): heads up is disabled
I/Choreographer(  461): Skipped 609 frames!  The application may be doing too much work on its main thread.
E/NetdConnector(  352): NDC Command {5 firewall disable} took too long (647ms)
I/ActivityManager(  352): Config changes=200 {1.0 ?mcc?mnc en_US ldltr sw480dp w480dp h839dp 160dpi lrg long port finger -keyb/h/h tball/v s.4}
W/RecognitionManagerService(  352): no available voice recognition services found for user 0
D/dalvikvm(  461): GC_CONCURRENT freed 141K, 6% free 3550K/3756K, paused 4ms+63ms, total 135ms
D/dalvikvm(  352): GC_CONCURRENT freed 710K, 60% free 5178K/12708K, paused 10ms+14ms, total 252ms
W/AppWidgetServiceImpl(  352): Failed to read state: java.io.FileNotFoundException: /data/system/users/0/appwidgets.xml: open failed: ENOENT (No such file or directory)
W/InputMethodManagerService(  352): Ignoring setImeWindowStatus of uid 1000 token: null
W/InputMethodUtils(  352): Found no subtypes in a system IME: com.android.inputmethod.pinyin
W/InputMethodManagerService(  352): Reset the default IME as "Resource" is ready here.
W/InputMethodUtils(  352): Found no subtypes in a system IME: com.android.inputmethod.pinyin
I/InputMethodManagerService(  352): Selected default: com.android.inputmethod.latin/.LatinIME
I/ActivityManager(  352): Config changes=20 {1.0 ?mcc?mnc en_US ldltr sw480dp w480dp h839dp 160dpi lrg long port finger -keyb/v/h tball/v s.5}
I/ActivityManager(  352): Start proc com.android.inputmethod.latin for service com.android.inputmethod.latin/.LatinIME: pid=598 uid=10029 gids={50029, 1028, 1015}
V/InputMethodManagerService(  352): Adding window token: android.os.Binder@b33cfed8
W/InputMethodManagerService(  352): Illegal subtype state: old subtype = null, new subtype = android.view.inputmethod.InputMethodSubtype@c9194f98
W/GpsLocationProvider(  352): Could not open GPS configuration file /etc/gps.conf
W/ServiceWatcher(  352): com.google.android.location not found
W/ServiceWatcher(  352): com.google.android.location not found
W/ServiceWatcher(  352): com.google.android.location not found
W/LocationManagerService(  352): no network location provider found
W/ServiceWatcher(  352): com.google.android.location not found
E/FlpHardwareProvider(  352): Error hw_get_module 'flp': -2
W/ServiceWatcher(  352): com.google.android.location not found
E/FlpHardwareProvider(  352): Error hw_get_module 'flp': -2
W/ServiceWatcher(  352): com.google.android.location not found
E/LocationManagerService(  352): no geocoder provider found
E/LocationManagerService(  352): No FusedProvider found.
E/LocationManagerService(  352): no geofence provider found
I/CommonTimeManagementService(  352): No common time service detected on this platform.  Common time services will be unavailable.
I/InputReader(  352): Reconfiguring input devices.  changes=0x00000020
I/InputReader(  352): Reconfiguring input devices.  changes=0x00000010
I/ActivityManager(  352): Start proc com.android.phone for added application com.android.phone: pid=610 uid=1001 gids={41001, 3002, 3001, 3003, 1028, 1015}
I/ActivityManager(  352): START u0 {act=android.intent.action.MAIN cat=[android.intent.category.HOME] flg=0x10000000 cmp=com.android.settings/.CryptKeeper} from pid 0
I/ActivityManager(  352): Start proc com.android.settings for activity com.android.settings/.CryptKeeper: pid=614 uid=1000 gids={41000, 1028, 1015, 3002, 3001, 3003}
I/ActivityManager(  352): Start proc android.process.media for broadcast com.android.providers.downloads/.DownloadReceiver: pid=624 uid=10005 gids={50005, 1028, 1015, 1023, 1024, 2001, 3003, 3007}
D/dalvikvm(   58): GC_EXPLICIT freed 38K, 4% free 2705K/2808K, paused 3ms+2ms, total 73ms
D/dalvikvm(   58): GC_EXPLICIT freed <1K, 4% free 2705K/2808K, paused 23ms+22ms, total 84ms
D/dalvikvm(   58): GC_EXPLICIT freed <1K, 4% free 2705K/2808K, paused 2ms+2ms, total 63ms
D/dalvikvm(  575): GC_CONCURRENT freed 200K, 9% free 2964K/3236K, paused 74ms+81ms, total 693ms
I/Choreographer(  461): Skipped 505 frames!  The application may be doing too much work on its main thread.
D/gralloc_goldfish(  461): Emulator without GPU emulation detected.
D/dalvikvm(  352): GC_CONCURRENT freed 481K, 59% free 5319K/12708K, paused 7ms+5ms, total 213ms
D/dalvikvm(  352): WAIT_FOR_CONCURRENT_GC blocked 104ms
D/dalvikvm(  352): WAIT_FOR_CONCURRENT_GC blocked 105ms
D/dalvikvm(  352): WAIT_FOR_CONCURRENT_GC blocked 55ms
D/dalvikvm(  352): WAIT_FOR_CONCURRENT_GC blocked 51ms
D/dalvikvm(  352): WAIT_FOR_CONCURRENT_GC blocked 55ms
D/PhoneStatusBar(  461): mSettingsPanelGravity = 55
I/LatinIME(  598): Hardware accelerated drawing: true
V/StatusBar(  461): userId 0 is in the house
I/Choreographer(  461): Skipped 225 frames!  The application may be doing too much work on its main thread.
I/Choreographer(  461): Skipped 52 frames!  The application may be doing too much work on its main thread.
W/InputAttributes(  598): No editor info for this field. Bug?
D/dalvikvm(  461): GC_FOR_ALLOC freed 116K, 5% free 3576K/3756K, paused 139ms, total 146ms
I/dalvikvm-heap(  461): Grow heap (frag case) to 6.481MB for 3072016-byte allocation
I/ResourceUtils(  598): Found default value: resource=keypress_vibration_durations build=[HARDWARE=goldfish MODEL=sdk BRAND=generic MANUFACTURER=unknown] default=-1
I/ResourceUtils(  598): Found default value: resource=keypress_volumes build=[HARDWARE=goldfish MODEL=sdk BRAND=generic MANUFACTURER=unknown] default=-1.0f
D/dalvikvm(  598): GC_CONCURRENT freed 230K, 10% free 2894K/3188K, paused 5ms+60ms, total 259ms
I/ActivityManager(  352): START u0 {act=android.intent.action.MAIN cat=[android.intent.category.HOME] flg=0x10000000 cmp=com.android.sdksetup/.DefaultActivity} from pid 0
D/dalvikvm(  461): GC_CONCURRENT freed 4K, 3% free 6572K/6760K, paused 67ms+62ms, total 355ms
I/ActivityManager(  352): Start proc com.android.sdksetup for activity com.android.sdksetup/.DefaultActivity: pid=665 uid=10042 gids={50042}
D/dalvikvm(  352): GC_CONCURRENT freed 597K, 59% free 5335K/12708K, paused 228ms+51ms, total 571ms
I/LatinIME:LogUtils(  598): Dictionary info: dictionary = UserHistoryDictionary.en_US.dic ; version = ? ; date = 1538955304
I/LatinIME:LogUtils(  598): Dictionary info: dictionary = personalization.en_US.dict ; version = ? ; date = 1538955304
I/LatinIME:LogUtils(  598): Dictionary info: dictionary = PersonalizationPredictionDictio ; version = ? ; date = 1538955304
D/dalvikvm(  461): GC_FOR_ALLOC freed 3001K, 5% free 3573K/3756K, paused 175ms, total 179ms
W/BackupManagerService(  352): dataChanged but no participant pkg='com.android.providers.settings' uid=1001
I/PackageManager(  352):   Action: "android.intent.action.SENDTO"
I/PackageManager(  352):   Category: "android.intent.category.DEFAULT"
I/PackageManager(  352):   Scheme: "sms"
I/PackageManager(  352): Adding preferred activity ComponentInfo{com.android.mms/com.android.mms.ui.ComposeMessageActivity} for user 0 :
I/PackageManager(  352):   Action: "android.intent.action.SENDTO"
I/PackageManager(  352):   Category: "android.intent.category.DEFAULT"
I/PackageManager(  352):   Scheme: "smsto"
I/PackageManager(  352): Adding preferred activity ComponentInfo{com.android.mms/com.android.mms.ui.ComposeMessageActivity} for user 0 :
I/dalvikvm-heap(  461): Grow heap (frag case) to 6.478MB for 3072016-byte allocation
I/PackageManager(  352):   Action: "android.intent.action.SENDTO"
I/PackageManager(  352):   Category: "android.intent.category.DEFAULT"
I/PackageManager(  352):   Scheme: "mms"
I/PackageManager(  352): Adding preferred activity ComponentInfo{com.android.mms/com.android.mms.ui.ComposeMessageActivity} for user 0 :
D/dalvikvm(  610): GC_CONCURRENT freed 187K, 8% free 2934K/3176K, paused 5ms+2ms, total 300ms
I/PackageManager(  352):   Action: "android.intent.action.SENDTO"
I/PackageManager(  352):   Category: "android.intent.category.DEFAULT"
I/PackageManager(  352):   Scheme: "mmsto"
I/PackageManager(  352): Adding preferred activity ComponentInfo{com.android.mms/com.android.mms.ui.ComposeMessageActivity} for user 0 :
D/dalvikvm(  461): GC_FOR_ALLOC freed <1K, 3% free 6573K/6760K, paused 143ms, total 143ms
I/PackageManager(  352):   Action: "android.intent.action.SENDTO"
I/PackageManager(  352):   Category: "android.intent.category.DEFAULT"
I/PackageManager(  352):   Scheme: "sms"
I/PackageManager(  352): Adding preferred activity ComponentInfo{com.android.mms/com.android.mms.ui.ComposeMessageActivity} for user 0 :
I/PackageManager(  352):   Action: "android.intent.action.SENDTO"
I/PackageManager(  352):   Category: "android.intent.category.DEFAULT"
I/PackageManager(  352):   Scheme: "smsto"
I/PackageManager(  352): Adding preferred activity ComponentInfo{com.android.mms/com.android.mms.ui.ComposeMessageActivity} for user 0 :
D/dalvikvm(  461): GC_CONCURRENT freed <1K, 3% free 6573K/6760K, paused 6ms+58ms, total 138ms
I/PackageManager(  352):   Action: "android.intent.action.SENDTO"
I/PackageManager(  352):   Category: "android.intent.category.DEFAULT"
I/PackageManager(  352):   Scheme: "mms"
I/PackageManager(  352): Adding preferred activity ComponentInfo{com.android.mms/com.android.mms.ui.ComposeMessageActivity} for user 0 :
I/PackageManager(  352):   Action: "android.intent.action.SENDTO"
I/PackageManager(  352):   Category: "android.intent.category.DEFAULT"
I/PackageManager(  352):   Scheme: "mmsto"
I/PackageManager(  352): Adding preferred activity ComponentInfo{com.android.mms/com.android.mms.ui.ComposeMessageActivity} for user 0 :
E/BluetoothAdapter(  610): Bluetooth binder is null
D/dalvikvm(  352): GC_CONCURRENT freed 544K, 58% free 5437K/12708K, paused 32ms+44ms, total 533ms
D/dalvikvm(  352): WAIT_FOR_CONCURRENT_GC blocked 157ms
D/dalvikvm(  352): WAIT_FOR_CONCURRENT_GC blocked 79ms
D/dalvikvm(  598): GC_CONCURRENT freed 444K, 15% free 2963K/3472K, paused 4ms+2ms, total 125ms
I/Choreographer(  461): Skipped 709 frames!  The application may be doing too much work on its main thread.
I/ActivityManager(  352): Start proc com.android.printspooler for service com.android.printspooler/.PrintSpoolerService: pid=692 uid=10039 gids={50039}
D/dalvikvm(  598): GC_CONCURRENT freed 402K, 16% free 2970K/3512K, paused 3ms+11ms, total 50ms
I/ActivityManager(  352): Force stopping com.android.sdksetup appid=10042 user=0: pkg changed
