I/ActivityManager(  352): Killing 665:com.android.sdksetup/u0a42 (adj 0): stop com.android.sdksetup
I/ActivityManager(  352):   Force finishing activity ActivityRecord{b3213c70 u0 com.android.sdksetup/.DefaultActivity t2}
I/ActivityManager(  352): START u0 {act=android.intent.action.MAIN cat=[android.intent.category.HOME] flg=0x10000000 cmp=com.android.launcher/com.android.launcher2.Launcher} from pid 0
I/ActivityManager(  352): Start proc com.android.launcher for activity com.android.launcher/com.android.launcher2.Launcher: pid=709 uid=10008 gids={50008}
E/BluetoothAdapter(  610): Bluetooth binder is null
I/InputReader(  352): Reconfiguring input devices.  changes=0x00000010
I/LatinIME:LogUtils(  598): Dictionary info: dictionary = main:en ; version = 42 ; date = 1381226429
I/PrintSpoolerService(  692): No existing print spooler state.
D/CallNotifier(  610): CallNotifier: mSignalInfoToneGenerator created when toneplay
E/BluetoothAdapter(  610): Bluetooth binder is null
I/LatinIME:LogUtils(  598): Dictionary info: dictionary = main:en ; version = 42 ; date = 1381226429
I/LatinIME:LogUtils(  598): Dictionary info: dictionary = main:en ; version = 42 ; date = 1381226429
I/LatinIME:LogUtils(  598): Dictionary info: dictionary = main:en ; version = 42 ; date = 1381226429
I/LatinIME:LogUtils(  598): Dictionary info: dictionary = userunigram.en_US.dict ; version = ? ; date = ?
D/MobileDataStateTracker(  352): fota: Broadcast received: android.intent.action.ANY_DATA_STATE apnType=fota
I/LatinIME:LogUtils(  598): Dictionary info: dictionary = main:en ; version = 42 ; date = 1381226429
D/MobileDataStateTracker(  352): fota: Received state=DISCONNECTED, old=DISCONNECTED, reason=radioTurnedOff
D/MobileDataStateTracker(  352): ia: Broadcast received: android.intent.action.ANY_DATA_STATE apnType=ia
D/MobileDataStateTracker(  352): ia: Received state=DISCONNECTED, old=DISCONNECTED, reason=radioTurnedOff
D/MobileDataStateTracker(  352): supl: Broadcast received: android.intent.action.ANY_DATA_STATE apnType=supl
D/MobileDataStateTracker(  352): supl: Received state=DISCONNECTED, old=DISCONNECTED, reason=radioTurnedOff
I/LatinIME:LogUtils(  598): Dictionary info: dictionary = main:en ; version = 42 ; date = 1381226429
D/MobileDataStateTracker(  352): hipri: Broadcast received: android.intent.action.ANY_DATA_STATE apnType=hipri
D/MobileDataStateTracker(  352): hipri: Received state=DISCONNECTED, old=DISCONNECTED, reason=radioTurnedOff
D/MobileDataStateTracker(  352): ims: Broadcast received: android.intent.action.ANY_DATA_STATE apnType=ims
D/MobileDataStateTracker(  352): ims: Received state=DISCONNECTED, old=DISCONNECTED, reason=radioTurnedOff
D/MobileDataStateTracker(  352): default: Broadcast received: android.intent.action.ANY_DATA_STATE apnType=default
D/MobileDataStateTracker(  352): default: Received state=DISCONNECTED, old=DISCONNECTED, reason=radioTurnedOff
I/LatinIME:LogUtils(  598): Dictionary info: dictionary = main:en ; version = 42 ; date = 1381226429
D/MobileDataStateTracker(  352): mms: Broadcast received: android.intent.action.ANY_DATA_STATE apnType=mms
D/MobileDataStateTracker(  352): mms: Received state=DISCONNECTED, old=DISCONNECTED, reason=radioTurnedOff
D/MobileDataStateTracker(  352): cbs: Broadcast received: android.intent.action.ANY_DATA_STATE apnType=cbs
D/MobileDataStateTracker(  352): cbs: Received state=DISCONNECTED, old=DISCONNECTED, reason=radioTurnedOff
D/MobileDataStateTracker(  352): fota: Broadcast received: android.intent.action.ANY_DATA_STATE apnType=fota
D/MobileDataStateTracker(  352): fota: Received state=DISCONNECTED, old=DISCONNECTED, reason=radioTurnedOff
I/LatinIME:LogUtils(  598): Dictionary info: dictionary = main:en ; version = 42 ; date = 1381226429
D/MobileDataStateTracker(  352): ia: Broadcast received: android.intent.action.ANY_DATA_STATE apnType=ia
D/MobileDataStateTracker(  352): ia: Received state=DISCONNECTED, old=DISCONNECTED, reason=radioTurnedOff
D/MobileDataStateTracker(  352): supl: Broadcast received: android.intent.action.ANY_DATA_STATE apnType=supl
D/MobileDataStateTracker(  352): supl: Received state=DISCONNECTED, old=DISCONNECTED, reason=radioTurnedOff
D/dalvikvm(  598): GC_CONCURRENT freed 281K, 13% free 3073K/3512K, paused 4ms+83ms, total 117ms
D/MobileDataStateTracker(  352): hipri: Broadcast received: android.intent.action.ANY_DATA_STATE apnType=hipri
D/MobileDataStateTracker(  352): hipri: Received state=DISCONNECTED, old=DISCONNECTED, reason=radioTurnedOff
D/MobileDataStateTracker(  352): ims: Broadcast received: android.intent.action.ANY_DATA_STATE apnType=ims
D/MobileDataStateTracker(  352): ims: Received state=DISCONNECTED, old=DISCONNECTED, reason=radioTurnedOff
D/MobileDataStateTracker(  352): default: Broadcast received: android.intent.action.ANY_DATA_STATE apnType=default
D/MobileDataStateTracker(  352): default: Received state=DISCONNECTED, old=DISCONNECTED, reason=radioTurnedOff
D/MobileDataStateTracker(  352): mms: Broadcast received: android.intent.action.ANY_DATA_STATE apnType=mms
D/MobileDataStateTracker(  352): mms: Received state=DISCONNECTED, old=DISCONNECTED, reason=radioTurnedOff
D/MobileDataStateTracker(  352): cbs: Broadcast received: android.intent.action.ANY_DATA_STATE apnType=cbs
D/MobileDataStateTracker(  352): cbs: Received state=DISCONNECTED, old=DISCONNECTED, reason=radioTurnedOff
D/MobileDataStateTracker(  352): fota: Broadcast received: android.intent.action.ANY_DATA_STATE apnType=fota
D/MobileDataStateTracker(  352): fota: Received state=DISCONNECTED, old=DISCONNECTED, reason=dataDetached
D/MobileDataStateTracker(  352): ia: Broadcast received: android.intent.action.ANY_DATA_STATE apnType=ia
D/MobileDataStateTracker(  352): ia: Received state=DISCONNECTED, old=DISCONNECTED, reason=dataDetached
D/MobileDataStateTracker(  352): supl: Broadcast received: android.intent.action.ANY_DATA_STATE apnType=supl
D/dalvikvm(  352): GC_CONCURRENT freed 672K, 58% free 5453K/12708K, paused 45ms+91ms, total 515ms
D/dalvikvm(  352): WAIT_FOR_CONCURRENT_GC blocked 35ms
D/dalvikvm(  352): WAIT_FOR_CONCURRENT_GC blocked 36ms
D/MobileDataStateTracker(  352): supl: Received state=DISCONNECTED, old=DISCONNECTED, reason=dataDetached
D/MobileDataStateTracker(  352): hipri: Broadcast received: android.intent.action.ANY_DATA_STATE apnType=hipri
D/MobileDataStateTracker(  352): hipri: Received state=DISCONNECTED, old=DISCONNECTED, reason=dataDetached
D/MobileDataStateTracker(  352): ims: Broadcast received: android.intent.action.ANY_DATA_STATE apnType=ims
D/MobileDataStateTracker(  352): ims: Received state=DISCONNECTED, old=DISCONNECTED, reason=dataDetached
D/MobileDataStateTracker(  352): default: Broadcast received: android.intent.action.ANY_DATA_STATE apnType=default
D/MobileDataStateTracker(  352): default: Received state=DISCONNECTED, old=DISCONNECTED, reason=dataDetached
D/MobileDataStateTracker(  352): mms: Broadcast received: android.intent.action.ANY_DATA_STATE apnType=mms
D/MobileDataStateTracker(  352): mms: Received state=DISCONNECTED, old=DISCONNECTED, reason=dataDetached
D/MobileDataStateTracker(  352): cbs: Broadcast received: android.intent.action.ANY_DATA_STATE apnType=cbs
D/MobileDataStateTracker(  352): cbs: Received state=DISCONNECTED, old=DISCONNECTED, reason=dataDetached
D/MobileDataStateTracker(  352): fota: Broadcast received: android.intent.action.ANY_DATA_STATE apnType=fota
D/MobileDataStateTracker(  352): fota: Received state=DISCONNECTED, old=DISCONNECTED, reason=roamingOff
D/dalvikvm(  610): GC_CONCURRENT freed 284K, 11% free 3051K/3400K, paused 15ms+1ms, total 168ms
D/TelephonyDebugService(  610): TelephonyDebugService()
I/PackageManager(  352): Adding preferred activity ComponentInfo{com.android.mms/com.android.mms.ui.ComposeMessageActivity} for user 0 :
I/PackageManager(  352):   Action: "android.intent.action.SENDTO"
I/PackageManager(  352):   Category: "android.intent.category.DEFAULT"
I/PackageManager(  352):   Scheme: "sms"
I/PackageManager(  352):   Action: "android.intent.action.SENDTO"
I/PackageManager(  352):   Category: "android.intent.category.DEFAULT"
I/PackageManager(  352):   Scheme: "smsto"
I/PackageManager(  352): Adding preferred activity ComponentInfo{com.android.mms/com.android.mms.ui.ComposeMessageActivity} for user 0 :
I/PackageManager(  352):   Action: "android.intent.action.SENDTO"
I/PackageManager(  352):   Category: "android.intent.category.DEFAULT"
I/PackageManager(  352):   Scheme: "mms"
I/PackageManager(  352): Adding preferred activity ComponentInfo{com.android.mms/com.android.mms.ui.ComposeMessageActivity} for user 0 :
I/PackageManager(  352):   Action: "android.intent.action.SENDTO"
I/PackageManager(  352):   Category: "android.intent.category.DEFAULT"
I/PackageManager(  352):   Scheme: "mmsto"
I/PackageManager(  352): Adding preferred activity ComponentInfo{com.android.mms/com.android.mms.ui.ComposeMessageActivity} for user 0 :
I/PackageManager(  352):   Action: "android.intent.action.SENDTO"
I/PackageManager(  352):   Category: "android.intent.category.DEFAULT"
I/PackageManager(  352):   Scheme: "sms"
I/PackageManager(  352): Adding preferred activity ComponentInfo{com.android.mms/com.android.mms.ui.ComposeMessageActivity} for user 0 :
I/PackageManager(  352):   Action: "android.intent.action.SENDTO"
I/PackageManager(  352):   Category: "android.intent.category.DEFAULT"
I/PackageManager(  352):   Scheme: "smsto"
I/PackageManager(  352): Adding preferred activity ComponentInfo{com.android.mms/com.android.mms.ui.ComposeMessageActivity} for user 0 :
D/dalvikvm(  610): GC_CONCURRENT freed 309K, 11% free 3143K/3524K, paused 4ms+4ms, total 62ms
I/PackageManager(  352):   Action: "android.intent.action.SENDTO"
I/PackageManager(  352):   Category: "android.intent.category.DEFAULT"
I/PackageManager(  352):   Scheme: "mms"
I/PackageManager(  352): Adding preferred activity ComponentInfo{com.android.mms/com.android.mms.ui.ComposeMessageActivity} for user 0 :
D/dalvikvm(  352): GC_CONCURRENT freed 672K, 57% free 5472K/12708K, paused 24ms+10ms, total 194ms
D/dalvikvm(  352): WAIT_FOR_CONCURRENT_GC blocked 56ms
I/PackageManager(  352):   Action: "android.intent.action.SENDTO"
I/PackageManager(  352):   Category: "android.intent.category.DEFAULT"
I/PackageManager(  352):   Scheme: "mmsto"
I/PackageManager(  352): Adding preferred activity ComponentInfo{com.android.mms/com.android.mms.ui.ComposeMessageActivity} for user 0 :
D/dalvikvm(  352): WAIT_FOR_CONCURRENT_GC blocked 210ms
D/dalvikvm(  709): GC_CONCURRENT freed 175K, 8% free 2932K/3176K, paused 5ms+3ms, total 64ms
D/dalvikvm(  352): WAIT_FOR_CONCURRENT_GC blocked 469ms
D/dalvikvm(  352): GC_CONCURRENT freed 649K, 57% free 5519K/12708K, paused 75ms+5ms, total 162ms
D/dalvikvm(  352): WAIT_FOR_CONCURRENT_GC blocked 43ms
D/MccTable(  610): updateMccMncConfiguration: mcc=310, mnc=260
D/AlarmManagerService(  352): Kernel timezone updated to 240 minutes west of GMT
D/MccTable(  610): timezone set to America/New_York
D/MccTable(  610): getLocaleFromMcc to en_us mcc=310
D/MccTable(  610): getLocaleForLanguageCountry: got match
D/MccTable(  610): getLocaleForLanguageCountry: X locale=en_US
D/MccTable(  610): WIFI_COUNTRY_CODE set to us
I/FusedLocation(  352): engine stopped (com.android.location.fused)
I/FusedLocation(  352): engine started (com.android.location.fused)
I/FusedLocation(  352): engine started (com.android.location.fused)
D/MobileDataStateTracker(  352): ia: Broadcast received: android.intent.action.ANY_DATA_STATE apnType=ia
D/MobileDataStateTracker(  352): ia: Received state=DISCONNECTED, old=DISCONNECTED, reason=roamingOff
D/MobileDataStateTracker(  352): supl: Broadcast received: android.intent.action.ANY_DATA_STATE apnType=supl
D/MobileDataStateTracker(  352): supl: Received state=DISCONNECTED, old=DISCONNECTED, reason=roamingOff
I/WifiService(  352): WifiService trying to set country code to us with persist set to true
D/MobileDataStateTracker(  352): hipri: Broadcast received: android.intent.action.ANY_DATA_STATE apnType=hipri
D/MobileDataStateTracker(  352): hipri: Received state=DISCONNECTED, old=DISCONNECTED, reason=roamingOff
D/dalvikvm(  352): GC_CONCURRENT freed 685K, 57% free 5543K/12708K, paused 31ms+14ms, total 240ms
D/dalvikvm(  352): WAIT_FOR_CONCURRENT_GC blocked 129ms
D/dalvikvm(  352): WAIT_FOR_CONCURRENT_GC blocked 123ms
D/MobileDataStateTracker(  352): ims: Broadcast received: android.intent.action.ANY_DATA_STATE apnType=ims
D/MobileDataStateTracker(  352): ims: Received state=DISCONNECTED, old=DISCONNECTED, reason=roamingOff
D/MobileDataStateTracker(  352): default: Broadcast received: android.intent.action.ANY_DATA_STATE apnType=default
D/MobileDataStateTracker(  352): default: Received state=DISCONNECTED, old=DISCONNECTED, reason=roamingOff
D/MobileDataStateTracker(  352): mms: Broadcast received: android.intent.action.ANY_DATA_STATE apnType=mms
D/MobileDataStateTracker(  352): mms: Received state=DISCONNECTED, old=DISCONNECTED, reason=roamingOff
D/MobileDataStateTracker(  352): cbs: Broadcast received: android.intent.action.ANY_DATA_STATE apnType=cbs
D/MobileDataStateTracker(  352): cbs: Received state=DISCONNECTED, old=DISCONNECTED, reason=roamingOff
D/MobileDataStateTracker(  352): fota: Broadcast received: android.intent.action.ANY_DATA_STATE apnType=fota
D/MobileDataStateTracker(  352): fota: Received state=DISCONNECTED, old=DISCONNECTED, reason=roamingOff
D/MobileDataStateTracker(  352): ia: Broadcast received: android.intent.action.ANY_DATA_STATE apnType=ia
D/MobileDataStateTracker(  352): ia: Received state=DISCONNECTED, old=DISCONNECTED, reason=roamingOff
D/MobileDataStateTracker(  352): supl: Broadcast received: android.intent.action.ANY_DATA_STATE apnType=supl
D/MobileDataStateTracker(  352): supl: Received state=DISCONNECTED, old=DISCONNECTED, reason=roamingOff
D/MobileDataStateTracker(  352): hipri: Broadcast received: android.intent.action.ANY_DATA_STATE apnType=hipri
D/MobileDataStateTracker(  352): hipri: Received state=DISCONNECTED, old=DISCONNECTED, reason=roamingOff
D/MobileDataStateTracker(  352): ims: Broadcast received: android.intent.action.ANY_DATA_STATE apnType=ims
D/MobileDataStateTracker(  352): ims: Received state=DISCONNECTED, old=DISCONNECTED, reason=roamingOff
D/MobileDataStateTracker(  352): default: Broadcast received: android.intent.action.ANY_DATA_STATE apnType=default
D/MobileDataStateTracker(  352): default: Received state=DISCONNECTED, old=DISCONNECTED, reason=roamingOff
D/MobileDataStateTracker(  352): mms: Broadcast received: android.intent.action.ANY_DATA_STATE apnType=mms
D/MobileDataStateTracker(  352): mms: Received state=DISCONNECTED, old=DISCONNECTED, reason=roamingOff
D/MobileDataStateTracker(  352): cbs: Broadcast received: android.intent.action.ANY_DATA_STATE apnType=cbs
D/MobileDataStateTracker(  352): cbs: Received state=DISCONNECTED, old=DISCONNECTED, reason=roamingOff
D/dalvikvm(  610): GC_CONCURRENT freed 495K, 16% free 3161K/3720K, paused 3ms+2ms, total 79ms
D/dalvikvm(  610): WAIT_FOR_CONCURRENT_GC blocked 14ms
D/dalvikvm(  610): WAIT_FOR_CONCURRENT_GC blocked 12ms
D/dalvikvm(  709): GC_FOR_ALLOC freed 189K, 8% free 3111K/3368K, paused 81ms, total 84ms
I/dalvikvm-heap(  709): Grow heap (frag case) to 3.711MB for 640016-byte allocation
D/dalvikvm(  709): GC_FOR_ALLOC freed 2K, 7% free 3733K/3996K, paused 132ms, total 132ms
D/dalvikvm(  709): GC_CONCURRENT freed 7K, 7% free 3726K/3996K, paused 3ms+2ms, total 70ms
D/MobileDataStateTracker(  352): fota: Broadcast received: android.intent.action.ANY_DATA_STATE apnType=fota
D/MobileDataStateTracker(  352): fota: Received state=DISCONNECTED, old=DISCONNECTED, reason=dataAttached
D/MobileDataStateTracker(  352): ia: Broadcast received: android.intent.action.ANY_DATA_STATE apnType=ia
D/MobileDataStateTracker(  352): ia: Received state=DISCONNECTED, old=DISCONNECTED, reason=dataAttached
D/MobileDataStateTracker(  352): supl: Broadcast received: android.intent.action.ANY_DATA_STATE apnType=supl
D/MobileDataStateTracker(  352): supl: Received state=DISCONNECTED, old=DISCONNECTED, reason=dataAttached
D/MobileDataStateTracker(  352): hipri: Broadcast received: android.intent.action.ANY_DATA_STATE apnType=hipri
D/MobileDataStateTracker(  352): hipri: Received state=DISCONNECTED, old=DISCONNECTED, reason=dataAttached
D/MobileDataStateTracker(  352): ims: Broadcast received: android.intent.action.ANY_DATA_STATE apnType=ims
D/MobileDataStateTracker(  352): ims: Received state=DISCONNECTED, old=DISCONNECTED, reason=dataAttached
D/MobileDataStateTracker(  352): mms: Broadcast received: android.intent.action.ANY_DATA_STATE apnType=mms
D/MobileDataStateTracker(  352): mms: Received state=DISCONNECTED, old=DISCONNECTED, reason=dataAttached
D/MobileDataStateTracker(  352): cbs: Broadcast received: android.intent.action.ANY_DATA_STATE apnType=cbs
D/MobileDataStateTracker(  352): cbs: Received state=DISCONNECTED, old=DISCONNECTED, reason=dataAttached
D/MobileDataStateTracker(  352): fota: Broadcast received: android.intent.action.ANY_DATA_STATE apnType=fota
D/MobileDataStateTracker(  352): fota: Received state=DISCONNECTED, old=DISCONNECTED, reason=dataAttached
D/MobileDataStateTracker(  352): ia: Broadcast received: android.intent.action.ANY_DATA_STATE apnType=ia
D/MobileDataStateTracker(  352): ia: Received state=DISCONNECTED, old=DISCONNECTED, reason=dataAttached
D/MobileDataStateTracker(  352): supl: Broadcast received: android.intent.action.ANY_DATA_STATE apnType=supl
D/MobileDataStateTracker(  352): supl: Received state=DISCONNECTED, old=DISCONNECTED, reason=dataAttached
D/MobileDataStateTracker(  352): hipri: Broadcast received: android.intent.action.ANY_DATA_STATE apnType=hipri
D/MobileDataStateTracker(  352): hipri: Received state=DISCONNECTED, old=DISCONNECTED, reason=dataAttached
D/MobileDataStateTracker(  352): ims: Broadcast received: android.intent.action.ANY_DATA_STATE apnType=ims
D/MobileDataStateTracker(  352): ims: Received state=DISCONNECTED, old=DISCONNECTED, reason=dataAttached
D/MobileDataStateTracker(  352): mms: Broadcast received: android.intent.action.ANY_DATA_STATE apnType=mms
D/MobileDataStateTracker(  352): mms: Received state=DISCONNECTED, old=DISCONNECTED, reason=dataAttached
D/MobileDataStateTracker(  352): cbs: Broadcast received: android.intent.action.ANY_DATA_STATE apnType=cbs
D/MobileDataStateTracker(  352): cbs: Received state=DISCONNECTED, old=DISCONNECTED, reason=dataAttached
D/MccTable(  610): updateMccMncConfiguration: mcc=310, mnc=260
D/MccTable(  610): getLocaleFromMcc to en_us mcc=310
D/MccTable(  610): getLocaleForLanguageCountry: got match
D/MccTable(  610): getLocaleForLanguageCountry: X locale=en_US
D/MccTable(  610): updateMccMncConfiguration updateConfig config={1.0 310mcc260mnc en_US ldltr ?swdp ?wdp ?hdp ?density ?lsize ?long ?orien ?uimode ?night ?touch ?keyb/?/? ?nav/?}
I/ActivityManager(  352): Config changes=3 {1.0 310mcc260mnc en_US ldltr sw480dp w480dp h839dp 160dpi lrg long port finger -keyb/v/h tball/v s.6}
D/PermissionCache(   57): checking android.permission.READ_FRAME_BUFFER for uid=1000 => granted (759 us)
D/gralloc (   57): Registering a buffer in the process that created it. This may cause memory ordering problems.
E/libEGL  (   57): called unimplemented OpenGL ES API
E/libEGL  (   57): called unimplemented OpenGL ES API
E/libEGL  (   57): called unimplemented OpenGL ES API
E/libEGL  (   57): called unimplemented OpenGL ES API
E/SurfaceFlinger(   57): glCheckFramebufferStatusOES error 643759608
E/SurfaceFlinger(   57): got GL_FRAMEBUFFER_COMPLETE_OES error while taking screenshot
E/libEGL  (   57): called unimplemented OpenGL ES API
E/libEGL  (   57): called unimplemented OpenGL ES API
D/PhoneStatusBar(  461): mSettingsPanelGravity = 55
D/MccTable(  610): updateMccMncConfiguration: mcc=310, mnc=260
D/MccTable(  610): getLocaleFromMcc to en_us mcc=310
D/MccTable(  610): getLocaleForLanguageCountry: skipping already persisted
D/MccTable(  610): getLocaleForLanguageCountry: X locale=null
D/MccTable(  610): updateMccMncConfiguration updateConfig config={1.0 310mcc260mnc ?locale ?layoutDir ?swdp ?wdp ?hdp ?density ?lsize ?long ?orien ?uimode ?night ?touch ?keyb/?/? ?nav/?}
W/Resources(  709): Converting to int: TypedValue{t=0x3/d=0x12 "4" a=-1}
W/Resources(  709): Converting to int: TypedValue{t=0x3/d=0xf "1" a=-1}
W/Resources(  709): Converting to int: TypedValue{t=0x3/d=0x15 "2" a=-1}
W/Resources(  709): Converting to int: TypedValue{t=0x3/d=0x15 "2" a=-1}
W/Launcher.LauncherProvider(  709): Unable to add favorite: com.android.camera2/com.android.camera.CameraLauncher
W/Launcher.LauncherProvider(  709): android.content.pm.PackageManager$NameNotFoundException: ComponentInfo{com.android.camera2/com.android.camera.CameraLauncher}
W/Launcher.LauncherProvider(  709): 	at android.app.ApplicationPackageManager.getActivityInfo(ApplicationPackageManager.java:242)
W/Launcher.LauncherProvider(  709): 	at com.android.launcher2.LauncherProvider$DatabaseHelper.addAppShortcut(LauncherProvider.java:959)
W/Launcher.LauncherProvider(  709): 	at com.android.launcher2.LauncherProvider$DatabaseHelper.loadFavorites(LauncherProvider.java:863)
W/Launcher.LauncherProvider(  709): 	at com.android.launcher2.LauncherProvider$DatabaseHelper.access$000(LauncherProvider.java:253)
W/Launcher.LauncherProvider(  709): 	at com.android.launcher2.LauncherProvider.loadDefaultFavoritesIfNecessary(LauncherProvider.java:237)
W/Launcher.LauncherProvider(  709): 	at com.android.launcher2.LauncherModel$LoaderTask.loadWorkspace(LauncherModel.java:1278)
W/Launcher.LauncherProvider(  709): 	at com.android.launcher2.LauncherModel$LoaderTask.loadAndBindWorkspace(LauncherModel.java:1020)
W/Launcher.LauncherProvider(  709): 	at com.android.launcher2.LauncherModel$LoaderTask.run(LauncherModel.java:1126)
W/Launcher.LauncherProvider(  709): 	at android.os.Handler.handleCallback(Handler.java:733)
W/Launcher.LauncherProvider(  709): 	at android.os.Handler.dispatchMessage(Handler.java:95)
W/Launcher.LauncherProvider(  709): 	at android.os.Looper.loop(Looper.java:136)
W/Launcher.LauncherProvider(  709): 	at android.os.HandlerThread.run(HandlerThread.java:61)
W/Launcher.LauncherProvider(  709): Unable to add favorite: com.android.gallery3d/com.android.gallery3d.app.Gallery
W/Launcher.LauncherProvider(  709): android.content.pm.PackageManager$NameNotFoundException: ComponentInfo{com.android.gallery3d/com.android.gallery3d.app.Gallery}
W/Launcher.LauncherProvider(  709): 	at android.app.ApplicationPackageManager.getActivityInfo(ApplicationPackageManager.java:242)
W/Launcher.LauncherProvider(  709): 	at com.android.launcher2.LauncherProvider$DatabaseHelper.addAppShortcut(LauncherProvider.java:959)
W/Launcher.LauncherProvider(  709): 	at com.android.launcher2.LauncherProvider$DatabaseHelper.loadFavorites(LauncherProvider.java:863)
W/Launcher.LauncherProvider(  709): 	at com.android.launcher2.LauncherProvider$DatabaseHelper.access$000(LauncherProvider.java:253)
W/Launcher.LauncherProvider(  709): 	at com.android.launcher2.LauncherProvider.loadDefaultFavoritesIfNecessary(LauncherProvider.java:237)
W/Launcher.LauncherProvider(  709): 	at com.android.launcher2.LauncherModel$LoaderTask.loadWorkspace(LauncherModel.java:1278)
W/Launcher.LauncherProvider(  709): 	at com.android.launcher2.LauncherModel$LoaderTask.loadAndBindWorkspace(LauncherModel.java:1020)
W/Launcher.LauncherProvider(  709): 	at com.android.launcher2.LauncherModel$LoaderTask.run(LauncherModel.java:1126)
W/Launcher.LauncherProvider(  709): 	at android.os.Handler.handleCallback(Handler.java:733)
W/Launcher.LauncherProvider(  709): 	at android.os.Handler.dispatchMessage(Handler.java:95)
W/Launcher.LauncherProvider(  709): 	at android.os.Looper.loop(Looper.java:136)
W/Launcher.LauncherProvider(  709): 	at android.os.HandlerThread.run(HandlerThread.java:61)
D/dalvikvm(  610): GC_CONCURRENT freed 317K, 12% free 3282K/3720K, paused 69ms+2ms, total 242ms
D/dalvikvm(  352): GC_CONCURRENT freed 679K, 57% free 5577K/12708K, paused 4ms+5ms, total 194ms
D/dalvikvm(  352): WAIT_FOR_CONCURRENT_GC blocked 105ms
D/dalvikvm(  352): WAIT_FOR_CONCURRENT_GC blocked 89ms
D/dalvikvm(  352): WAIT_FOR_CONCURRENT_GC blocked 78ms
D/dalvikvm(  610): GC_CONCURRENT freed 355K, 11% free 3363K/3756K, paused 20ms+5ms, total 141ms
I/SurfaceFlinger(   57): Boot is finished (80068 ms)
I/ARMAssembler(   57): generated scanline__00000077:03515104_00008001_00000000 [113 ipp] (134 ins) at [0xb621f1f0:0xb621f408] in 10000000 ns
D/MobileDataStateTracker(  352): fota: Broadcast received: android.intent.action.ANY_DATA_STATE apnType=fota
D/MobileDataStateTracker(  352): fota: Received state=DISCONNECTED, old=DISCONNECTED, reason=simLoaded
D/MobileDataStateTracker(  352): ia: Broadcast received: android.intent.action.ANY_DATA_STATE apnType=ia
D/MobileDataStateTracker(  352): ia: Received state=DISCONNECTED, old=DISCONNECTED, reason=simLoaded
D/MobileDataStateTracker(  352): supl: Broadcast received: android.intent.action.ANY_DATA_STATE apnType=supl
D/MobileDataStateTracker(  352): supl: Received state=DISCONNECTED, old=DISCONNECTED, reason=simLoaded
D/MobileDataStateTracker(  352): hipri: Broadcast received: android.intent.action.ANY_DATA_STATE apnType=hipri
D/MobileDataStateTracker(  352): hipri: Received state=DISCONNECTED, old=DISCONNECTED, reason=simLoaded
D/MobileDataStateTracker(  352): ims: Broadcast received: android.intent.action.ANY_DATA_STATE apnType=ims
D/MobileDataStateTracker(  352): ims: Received state=DISCONNECTED, old=DISCONNECTED, reason=simLoaded
D/MobileDataStateTracker(  352): mms: Broadcast received: android.intent.action.ANY_DATA_STATE apnType=mms
D/MobileDataStateTracker(  352): mms: Received state=DISCONNECTED, old=DISCONNECTED, reason=simLoaded
D/MobileDataStateTracker(  352): cbs: Broadcast received: android.intent.action.ANY_DATA_STATE apnType=cbs
D/MobileDataStateTracker(  352): cbs: Received state=DISCONNECTED, old=DISCONNECTED, reason=simLoaded
D/MobileDataStateTracker(  352): default: Broadcast received: android.intent.action.ANY_DATA_STATE apnType=default
D/MobileDataStateTracker(  352): default: Received state=CONNECTING, old=DISCONNECTED, reason=simLoaded
D/MobileDataStateTracker(  352): default: setDetailed state, old =IDLE and new state=CONNECTING
D/MobileDataStateTracker(  352): fota: Broadcast received: android.intent.action.ANY_DATA_STATE apnType=fota
D/MobileDataStateTracker(  352): fota: Received state=DISCONNECTED, old=DISCONNECTED, reason=simLoaded
D/MobileDataStateTracker(  352): ia: Broadcast received: android.intent.action.ANY_DATA_STATE apnType=ia
D/MobileDataStateTracker(  352): ia: Received state=DISCONNECTED, old=DISCONNECTED, reason=simLoaded
D/MobileDataStateTracker(  352): supl: Broadcast received: android.intent.action.ANY_DATA_STATE apnType=supl
D/MobileDataStateTracker(  352): supl: Received state=DISCONNECTED, old=DISCONNECTED, reason=simLoaded
D/MobileDataStateTracker(  352): hipri: Broadcast received: android.intent.action.ANY_DATA_STATE apnType=hipri
D/MobileDataStateTracker(  352): hipri: Received state=DISCONNECTED, old=DISCONNECTED, reason=simLoaded
D/MobileDataStateTracker(  352): ims: Broadcast received: android.intent.action.ANY_DATA_STATE apnType=ims
D/MobileDataStateTracker(  352): ims: Received state=DISCONNECTED, old=DISCONNECTED, reason=simLoaded
D/dalvikvm(  352): GC_CONCURRENT freed 622K, 56% free 5594K/12708K, paused 6ms+4ms, total 189ms
D/MobileDataStateTracker(  352): mms: Broadcast received: android.intent.action.ANY_DATA_STATE apnType=mms
D/MobileDataStateTracker(  352): mms: Received state=DISCONNECTED, old=DISCONNECTED, reason=simLoaded
D/MobileDataStateTracker(  352): cbs: Broadcast received: android.intent.action.ANY_DATA_STATE apnType=cbs
D/MobileDataStateTracker(  352): cbs: Received state=DISCONNECTED, old=DISCONNECTED, reason=simLoaded
D/dalvikvm(  610): GC_CONCURRENT freed 570K, 17% free 3306K/3940K, paused 42ms+2ms, total 143ms
D/dalvikvm(  610): WAIT_FOR_CONCURRENT_GC blocked 30ms
D/dalvikvm(  610): WAIT_FOR_CONCURRENT_GC blocked 31ms
D/MobileDataStateTracker(  352): default: Broadcast received: android.intent.action.ANY_DATA_STATE apnType=default
D/MobileDataStateTracker(  352): default: Received state=CONNECTED, old=CONNECTING, reason=connected
D/MobileDataStateTracker(  352): default: setDetailed state, old =CONNECTING and new state=CONNECTED
D/ConnectivityService(  352): ConnectivityChange for mobile: CONNECTED/CONNECTED
D/ConnectivityService(  352): ConnectivityChange checkMobileProvisioning for TYPE_MOBILE or ProvisioningNetwork
D/ConnectivityService(  352): checkMobileProvisioning: E suggestedTimeOutMs=60000
D/ConnectivityService(  352): setProvNotificationVisible: E visible=false networkType=5 extraInfo=null url=null
D/ConnectivityService(  352): checkMobileProvisioning: params={ url=http://clients3.google.com/generate_204 mTimeOutMs=60000 mCb=com.android.server.ConnectivityService$5@b32ede10}
D/ConnectivityService(  352): checkMobileProvisioning: X
I/InputReader(  352): Reconfiguring input devices.  changes=0x00000010
W/ActivityManager(  352): Launch timeout has expired, giving up wake lock!
D/Nat464Xlat(  352): requiresClat: netType=0, hasIPv4Address=true
I/PackageManager(  352):   Action: "android.intent.action.SENDTO"
I/PackageManager(  352):   Category: "android.intent.category.DEFAULT"
I/PackageManager(  352):   Scheme: "sms"
I/PackageManager(  352): Adding preferred activity ComponentInfo{com.android.mms/com.android.mms.ui.ComposeMessageActivity} for user 0 :
I/NetworkPolicy(  352): no policy for active mobile network; generating default policy
I/PackageManager(  352):   Action: "android.intent.action.SENDTO"
I/PackageManager(  352):   Category: "android.intent.category.DEFAULT"
I/PackageManager(  352): Adding preferred activity ComponentInfo{com.android.mms/com.android.mms.ui.ComposeMessageActivity} for user 0 :
I/PackageManager(  352):   Scheme: "smsto"
I/PackageManager(  352):   Action: "android.intent.action.SENDTO"
I/PackageManager(  352):   Category: "android.intent.category.DEFAULT"
I/PackageManager(  352):   Scheme: "mms"
I/PackageManager(  352): Adding preferred activity ComponentInfo{com.android.mms/com.android.mms.ui.ComposeMessageActivity} for user 0 :
D/MobileDataStateTracker(  352): default: setPolicyDataEnable(enabled=true)
I/PackageManager(  352):   Action: "android.intent.action.SENDTO"
I/PackageManager(  352):   Category: "android.intent.category.DEFAULT"
I/PackageManager(  352):   Scheme: "mmsto"
I/PackageManager(  352): Adding preferred activity ComponentInfo{com.android.mms/com.android.mms.ui.ComposeMessageActivity} for user 0 :
I/PackageManager(  352):   Action: "android.intent.action.SENDTO"
I/PackageManager(  352):   Category: "android.intent.category.DEFAULT"
I/PackageManager(  352):   Scheme: "sms"
I/PackageManager(  352): Adding preferred activity ComponentInfo{com.android.mms/com.android.mms.ui.ComposeMessageActivity} for user 0 :
D/dalvikvm(  352): GC_CONCURRENT freed 663K, 56% free 5656K/12708K, paused 63ms+5ms, total 254ms
D/dalvikvm(  352): WAIT_FOR_CONCURRENT_GC blocked 73ms
I/MediaProvider(  624): Upgrading media database from version 0 to 700, which will destroy all old data
I/PackageManager(  352):   Action: "android.intent.action.SENDTO"
I/PackageManager(  352):   Category: "android.intent.category.DEFAULT"
I/PackageManager(  352):   Scheme: "smsto"
I/PackageManager(  352): Adding preferred activity ComponentInfo{com.android.mms/com.android.mms.ui.ComposeMessageActivity} for user 0 :
I/PackageManager(  352):   Action: "android.intent.action.SENDTO"
I/PackageManager(  352):   Category: "android.intent.category.DEFAULT"
I/PackageManager(  352):   Scheme: "mms"
I/PackageManager(  352): Adding preferred activity ComponentInfo{com.android.mms/com.android.mms.ui.ComposeMessageActivity} for user 0 :
D/dalvikvm(  610): GC_CONCURRENT freed 367K, 13% free 3458K/3940K, paused 53ms+2ms, total 172ms
I/PackageManager(  352):   Action: "android.intent.action.SENDTO"
I/PackageManager(  352):   Category: "android.intent.category.DEFAULT"
I/PackageManager(  352): Adding preferred activity ComponentInfo{com.android.mms/com.android.mms.ui.ComposeMessageActivity} for user 0 :
I/PackageManager(  352):   Scheme: "mmsto"
D/dalvikvm(  709): GC_CONCURRENT freed 306K, 9% free 3854K/4228K, paused 4ms+32ms, total 99ms
E/NetdConnector(  352): NDC Command {12 bandwidth setiquota eth0 9223372036854775807} took too long (1934ms)
D/MobileDataStateTracker(  352): default: setPolicyDataEnable(enabled=true)
D/MobileDataStateTracker(  352): default: isProvisioningNetwork: retVal=false
D/ConnectivityService(  352): [CheckMp] isMobileOk: isDefaultProvisioning=false
D/MobileDataStateTracker(  352): hipri: isProvisioningNetwork: retVal=false
D/ConnectivityService(  352): [CheckMp] isMobileOk: isHipriProvisioning=false
D/ConnectivityService(  352): [CheckMp] isMobileOk: start hipri url=http://clients3.google.com/generate_204
W/WindowManager(  352): App freeze timeout expired.
W/WindowManager(  352): Force clearing freeze: AppWindowToken{b3356788 token=Token{b314b718 ActivityRecord{b2e8cef0 u0 com.android.launcher/com.android.launcher2.Launcher t3}}}
I/WindowManager(  352): Screen frozen for +5s68ms due to AppWindowToken{b3356788 token=Token{b314b718 ActivityRecord{b2e8cef0 u0 com.android.launcher/com.android.launcher2.Launcher t3}}}
D/AndroidRuntime(  782): 
D/AndroidRuntime(  782): >>>>>> AndroidRuntime START com.android.internal.os.RuntimeInit <<<<<<
D/AndroidRuntime(  782): CheckJNI is ON
D/Tethering(  352): MasterInitialState.processMessage what=3
D/CaptivePortalTracker(  352): NoActiveNetworkState{ when=-122ms what=1 obj=NetworkInfo: type: mobile[UMTS], state: CONNECTED/CONNECTED, reason: connected, extra: epc.tmobile.com, roaming: false, failover: false, isAvailable: true, isConnectedToProvisioningNetwork: false target=com.android.internal.util.StateMachine$SmHandler }
D/CaptivePortalTracker(  352): NoActiveNetworkState not a wifi connectivity change, ignore
I/ARMAssembler(   57): generated scanline__00000077:03515104_00009001_00000000 [131 ipp] (153 ins) at [0xb621f410:0xb621f674] in 0 ns
I/Choreographer(  352): Skipped 44 frames!  The application may be doing too much work on its main thread.
D/dalvikvm(  782): Trying to load lib libjavacore.so 0x0
E/NetdConnector(  352): NDC Command {13 bandwidth removeiquota eth0} took too long (1206ms)
D/dalvikvm(  782): Added shared lib libjavacore.so 0x0
D/dalvikvm(  782): Trying to load lib libnativehelper.so 0x0
D/dalvikvm(  782): Added shared lib libnativehelper.so 0x0
D/dalvikvm(  782): No JNI_OnLoad found in libnativehelper.so 0x0, skipping init
I/Choreographer(  352): Skipped 37 frames!  The application may be doing too much work on its main thread.
D/dalvikvm(  782): Note: class Landroid/app/ActivityManagerNative; has 179 unimplemented (abstract) methods
D/dalvikvm(  352): GC_CONCURRENT freed 721K, 56% free 5656K/12708K, paused 38ms+27ms, total 378ms
E/memtrack(  782): Couldn't load memtrack module (No such file or directory)
E/android.os.Debug(  782): failed to load memtrack module: -2
E/NetdConnector(  352): NDC Command {14 bandwidth setiquota eth0 9223372036854775807} took too long (2416ms)
D/dalvikvm(  352): GC_EXPLICIT freed 180K, 57% free 5500K/12708K, paused 258ms+262ms, total 754ms
D/AndroidRuntime(  782): Calling main entry com.android.commands.pm.Pm
D/MobileDataStateTracker(  352): default: setPolicyDataEnable(enabled=true)
D/ConnectivityService(  352): startUsingNetworkFeature reconnecting to 0: enableHIPRI
D/ConnectivityService(  352): startUsingNetworkFeature X: return APN_REQUEST_STARTED
E/ConnectivityService(  352): startUsingNetworkFeature took too long: 3688ms
D/ConnectivityService(  352): [CheckMp] isMobileOk: hipri started
D/ConnectivityService(  352): [CheckMp] isMobileOk: not connected ni=NetworkInfo: type: mobile_hipri[UMTS], state: DISCONNECTED/IDLE, reason: (unspecified), extra: (none), roaming: false, failover: false, isAvailable: true, isConnectedToProvisioningNetwork: false
D/MobileDataStateTracker(  352): hipri: Broadcast received: android.intent.action.ANY_DATA_STATE apnType=hipri
D/MobileDataStateTracker(  352): hipri: Received state=CONNECTING, old=DISCONNECTED, reason=dataEnabled
D/MobileDataStateTracker(  352): hipri: setDetailed state, old =IDLE and new state=CONNECTING
D/MobileDataStateTracker(  352): fota: Broadcast received: android.intent.action.ANY_DATA_STATE apnType=fota
D/MobileDataStateTracker(  352): fota: Received state=DISCONNECTED, old=DISCONNECTED, reason=dataEnabled
D/MobileDataStateTracker(  352): ia: Broadcast received: android.intent.action.ANY_DATA_STATE apnType=ia
D/MobileDataStateTracker(  352): ia: Received state=DISCONNECTED, old=DISCONNECTED, reason=dataEnabled
D/MobileDataStateTracker(  352): supl: Broadcast received: android.intent.action.ANY_DATA_STATE apnType=supl
D/MobileDataStateTracker(  352): supl: Received state=DISCONNECTED, old=DISCONNECTED, reason=dataEnabled
D/MobileDataStateTracker(  352): ims: Broadcast received: android.intent.action.ANY_DATA_STATE apnType=ims
D/MobileDataStateTracker(  352): ims: Received state=DISCONNECTED, old=DISCONNECTED, reason=dataEnabled
D/MobileDataStateTracker(  352): mms: Broadcast received: android.intent.action.ANY_DATA_STATE apnType=mms
D/MobileDataStateTracker(  352): mms: Received state=DISCONNECTED, old=DISCONNECTED, reason=dataEnabled
D/MobileDataStateTracker(  352): cbs: Broadcast received: android.intent.action.ANY_DATA_STATE apnType=cbs
D/MobileDataStateTracker(  352): cbs: Received state=DISCONNECTED, old=DISCONNECTED, reason=dataEnabled
D/MobileDataStateTracker(  352): hipri: Broadcast received: android.intent.action.ANY_DATA_STATE apnType=hipri
D/MobileDataStateTracker(  352): hipri: Received state=CONNECTED, old=CONNECTING, reason=dataEnabled
D/MobileDataStateTracker(  352): hipri: setDetailed state, old =CONNECTING and new state=CONNECTED
D/ConnectivityService(  352): ConnectivityChange for mobile_hipri: CONNECTED/CONNECTED
E/logwrapper(  821): executing /system/bin/ip failed: No such file or directory
I/ActivityManager(  352): Start proc com.android.defcontainer for service com.android.defcontainer/.DefaultContainerService: pid=822 uid=10003 gids={50003, 1028, 1015, 1023, 2001, 1035}
E/ConnectivityService(  352): Exception trying to add a route: java.lang.IllegalStateException: command '21 interface fwmark exempt add 10.0.2.2/32' failed with '400 21 Failed to add exemption rule (File exists)'
E/logwrapper(  831): executing /system/bin/ip failed: No such file or directory
D/Launcher.Model(  709): Reload apps on config change. curr_mcc:310 prevmcc:0
I/Choreographer(  709): Skipped 1854 frames!  The application may be doing too much work on its main thread.
E/ConnectivityService(  352): Exception trying to add a route: java.lang.IllegalStateException: command '23 interface fwmark exempt add 10.0.2.3/32' failed with '400 23 Failed to add exemption rule (File exists)'
E/logwrapper(  833): executing /system/bin/ip failed: No such file or directory
E/ConnectivityService(  352): Exception trying to add a route: java.lang.IllegalStateException: command '25 interface fwmark exempt add 10.0.2.2/32' failed with '400 25 Failed to add exemption rule (File exists)'
E/logwrapper(  834): executing /system/bin/ip failed: No such file or directory
E/ConnectivityService(  352): Exception trying to add a route: java.lang.IllegalStateException: command '27 interface fwmark exempt add 10.0.2.4/32' failed with '400 27 Failed to add exemption rule (File exists)'
E/logwrapper(  835): executing /system/bin/ip failed: No such file or directory
E/SecondaryTablController(   54): ip route add failed: /system/bin/ip route add 10.0.2.2/32 via 0.0.0.0 dev eth0 table 60
W/FrameworkListener(   54): Handler 'interface' error (No such device)
E/ConnectivityService(  352): Exception trying to add a route: java.lang.IllegalStateException: command '28 interface route add eth0 secondary 10.0.2.2 32 0.0.0.0' failed with '400 28 ip route modification failed (No such device)'
E/logwrapper(  836): executing /system/bin/ip failed: No such file or directory
E/SecondaryTablController(   54): ip route add failed: /system/bin/ip route add 0.0.0.0/0 via 10.0.2.2 dev eth0 table 60
W/FrameworkListener(   54): Handler 'interface' error (No such device)
E/ConnectivityService(  352): Exception trying to add a route: java.lang.IllegalStateException: command '29 interface route add eth0 secondary 0.0.0.0 0 10.0.2.2' failed with '400 29 ip route modification failed (No such device)'
D/Nat464Xlat(  352): requiresClat: netType=5, hasIPv4Address=true
D/MobileDataStateTracker(  352): default: setPolicyDataEnable(enabled=true)
W/NetworkPolicy(  352): shared quota unsupported; generating rule for each iface
I/Choreographer(  709): Skipped 95 frames!  The application may be doing too much work on its main thread.
D/gralloc_goldfish(  709): Emulator without GPU emulation detected.
D/dalvikvm(  709): GC_CONCURRENT freed 342K, 10% free 3897K/4308K, paused 22ms+2ms, total 116ms
D/dalvikvm(  709): GC_FOR_ALLOC freed 30K, 10% free 3899K/4308K, paused 37ms, total 38ms
I/dalvikvm-heap(  709): Grow heap (frag case) to 5.407MB for 1610896-byte allocation
D/dalvikvm(  709): GC_FOR_ALLOC freed <1K, 7% free 5472K/5884K, paused 42ms, total 42ms
D/dalvikvm(  709): GC_CONCURRENT freed <1K, 7% free 5472K/5884K, paused 18ms+12ms, total 54ms
D/dalvikvm(  709): WAIT_FOR_CONCURRENT_GC blocked 36ms
I/dalvikvm-heap(  709): Grow heap (frag case) to 6.943MB for 1610896-byte allocation
D/MobileDataStateTracker(  352): hipri: isProvisioningNetwork: retVal=false
D/ConnectivityService(  352): [CheckMp] isMobileOk: isProvisioningNetwork is false, continue
D/dalvikvm(  709): GC_CONCURRENT freed <1K, 6% free 7045K/7460K, paused 5ms+2ms, total 42ms
D/dalvikvm(  709): WAIT_FOR_CONCURRENT_GC blocked 25ms
E/NetdConnector(  352): NDC Command {31 bandwidth removeiquota eth0} took too long (1014ms)
I/ActivityManager(  352): Displayed com.android.launcher/com.android.launcher2.Launcher: +15s563ms (total +20s729ms)
W/ProcessCpuTracker(  352): Skipping unknown process pid 851
D/dalvikvm(  461): GC_FOR_ALLOC freed 3094K, 5% free 3585K/3756K, paused 118ms, total 138ms
I/dalvikvm-heap(  461): Grow heap (frag case) to 6.490MB for 3072016-byte allocation
D/dalvikvm(  461): GC_CONCURRENT freed 3K, 3% free 6582K/6760K, paused 4ms+114ms, total 163ms
W/ActivityManager(  352): Activity destroy timeout for ActivityRecord{b3567ad0 u0 com.android.settings/.CryptKeeper t1 f}
I/Choreographer(  352): Skipped 47 frames!  The application may be doing too much work on its main thread.
E/NetdConnector(  352): NDC Command {32 bandwidth setiquota eth0 9223372036854775807} took too long (1574ms)
D/ConnectivityService(  352): [CheckMp] isMobileOk: addresses=clients3.google.com/216.58.204.46
D/ConnectivityService(  352): [CheckMp] isMobileOk: linkHasIpv4=true linkHasIpv6=false
I/Choreographer(  352): Skipped 34 frames!  The application may be doing too much work on its main thread.
D/Tethering(  352): MasterInitialState.processMessage what=3
D/CaptivePortalTracker(  352): NoActiveNetworkState{ when=-3ms what=1 obj=NetworkInfo: type: mobile_hipri[UMTS], state: CONNECTED/CONNECTED, reason: dataEnabled, extra: epc.tmobile.com, roaming: false, failover: false, isAvailable: true, isConnectedToProvisioningNetwork: false target=com.android.internal.util.StateMachine$SmHandler }
D/CaptivePortalTracker(  352): NoActiveNetworkState not a wifi connectivity change, ignore
E/NetdConnector(  352): NDC Command {33 bandwidth removeiquota eth0} took too long (838ms)
I/Choreographer(  709): Skipped 38 frames!  The application may be doing too much work on its main thread.
I/Choreographer(  709): Skipped 84 frames!  The application may be doing too much work on its main thread.
E/NetdConnector(  352): NDC Command {34 interface route add eth0 default 10.0.2.2 32 0.0.0.0} took too long (1229ms)
I/Choreographer(  709): Skipped 65 frames!  The application may be doing too much work on its main thread.
E/SQLiteLog(  624): (1) no such table: album_info
E/logwrapper(  892): executing /system/bin/ip failed: No such file or directory
E/NetdConnector(  352): NDC Command {35 bandwidth setiquota eth0 9223372036854775807} took too long (1471ms)
D/MobileDataStateTracker(  352): default: setPolicyDataEnable(enabled=true)
E/NetdConnector(  352): NDC Command {36 interface fwmark exempt add 10.0.2.2/32} took too long (1206ms)
E/ConnectivityService(  352): Exception trying to add a route: java.lang.IllegalStateException: command '36 interface fwmark exempt add 10.0.2.2/32' failed with '400 36 Failed to add exemption rule (File exists)'
E/logwrapper(  893): executing /system/bin/ip failed: No such file or directory
E/ConnectivityService(  352): Exception trying to add a route: java.lang.IllegalStateException: command '39 interface fwmark exempt add 216.58.204.46/32' failed with '400 39 Failed to add exemption rule (File exists)'
D/ConnectivityService(  352): requestRouteToHostAddress ok=false
D/ConnectivityService(  352): [CheckMp] isMobileOk: could not establish route to hostAddr=clients3.google.com/216.58.204.46
I/ContactLocale(  575): AddressBook Labels [en_US]: [, A, B, C, D, E, F, G, H, I, J, K, L, M, N, O, P, Q, R, S, T, U, V, W, X, Y, Z, , , , , , , , , , , , , , , , , , , , , , , , , , , , , , , , , , , , , , , , , , , , , , , , , , , , , , , , , , , , , , , , , , , , , , , , , , , , , , , , , , , , , , , , , , , , , , , , , , , , , , , , , , , , , , , , , , , , , , , , , , , , , , , , , , , , , , , , , , , , , , , , , , , , , , , , , , , , , , , , , , , , , , , , , , , , , , , , , , , , , , #, ]
W/ActivityManager(  352): No content provider found for permission revoke: file:///data/local/tmp/sample_for_analysis.apk
W/ActivityManager(  352): No content provider found for permission revoke: file:///data/local/tmp/sample_for_analysis.apk
I/PackageManager(  352): Copying native libraries to /data/app-lib/vmdl-192150554
D/dalvikvm(  709): GC_CONCURRENT freed 1891K, 24% free 6477K/8440K, paused 15ms+3ms, total 42ms
D/dalvikvm(  352): GC_CONCURRENT freed 470K, 56% free 5611K/12484K, paused 16ms+5ms, total 64ms
D/GpsLocationProvider(  352): NTP server returned: 1538955303908 (Sun Oct 07 19:35:03 EDT 2018) reference: 85432 certainty: 10 system time offset: -22321
I/PackageManager(  352): Running dexopt on: com.newapp
I/ActivityManager(  352): Start proc com.android.exchange for content provider com.android.exchange/.provider.ExchangeDirectoryProvider: pid=897 uid=10025 gids={50025, 3003, 1028, 1015}
D/dalvikvm(  624): GC_CONCURRENT freed 227K, 10% free 2882K/3172K, paused 3ms+1ms, total 255ms
D/dalvikvm(  895): DexOpt: load 248ms, verify+opt 456ms, 986260 bytes
W/PackageManager(  352): Not granting permission android.permission.MOUNT_UNMOUNT_FILESYSTEMS to package com.newapp (protectionLevel=18 flags=0xbe44)
W/PackageManager(  352): Unknown permission android.hardware.camera in package com.newapp
W/PackageManager(  352): Not granting permission android.permission.CHANGE_CONFIGURATION to package com.newapp (protectionLevel=50 flags=0xbe44)
I/ActivityManager(  352): Force stopping com.newapp appid=10052 user=-1: update pkg
I/ActivityManager(  352): Start proc com.android.externalstorage for broadcast com.android.externalstorage/.MountReceiver: pid=912 uid=10006 gids={50006, 1028, 1015, 1023}
I/PackageManager(  352):   Action: "android.intent.action.SENDTO"
I/PackageManager(  352):   Category: "android.intent.category.DEFAULT"
I/PackageManager(  352):   Scheme: "sms"
I/PackageManager(  352): Adding preferred activity ComponentInfo{com.android.mms/com.android.mms.ui.ComposeMessageActivity} for user 0 :
D/dalvikvm(  610): GC_CONCURRENT freed 548K, 17% free 3298K/3940K, paused 4ms+3ms, total 49ms
I/PackageManager(  352):   Action: "android.intent.action.SENDTO"
I/PackageManager(  352):   Category: "android.intent.category.DEFAULT"
I/PackageManager(  352): Adding preferred activity ComponentInfo{com.android.mms/com.android.mms.ui.ComposeMessageActivity} for user 0 :
I/PackageManager(  352):   Scheme: "smsto"
D/dalvikvm(  352): GC_CONCURRENT freed 691K, 55% free 5648K/12484K, paused 75ms+5ms, total 156ms
D/dalvikvm(  352): WAIT_FOR_CONCURRENT_GC blocked 37ms
I/PackageManager(  352):   Action: "android.intent.action.SENDTO"
I/PackageManager(  352):   Category: "android.intent.category.DEFAULT"
I/PackageManager(  352):   Scheme: "mms"
I/PackageManager(  352): Adding preferred activity ComponentInfo{com.android.mms/com.android.mms.ui.ComposeMessageActivity} for user 0 :
I/PackageManager(  352):   Action: "android.intent.action.SENDTO"
I/PackageManager(  352):   Category: "android.intent.category.DEFAULT"
I/PackageManager(  352):   Scheme: "mmsto"
I/PackageManager(  352): Adding preferred activity ComponentInfo{com.android.mms/com.android.mms.ui.ComposeMessageActivity} for user 0 :
I/PackageManager(  352):   Action: "android.intent.action.SENDTO"
I/PackageManager(  352):   Category: "android.intent.category.DEFAULT"
I/PackageManager(  352):   Scheme: "sms"
I/PackageManager(  352): Adding preferred activity ComponentInfo{com.android.mms/com.android.mms.ui.ComposeMessageActivity} for user 0 :
I/PackageManager(  352):   Action: "android.intent.action.SENDTO"
I/PackageManager(  352):   Category: "android.intent.category.DEFAULT"
I/PackageManager(  352):   Scheme: "smsto"
I/PackageManager(  352): Adding preferred activity ComponentInfo{com.android.mms/com.android.mms.ui.ComposeMessageActivity} for user 0 :
D/dalvikvm(  610): GC_CONCURRENT freed 361K, 15% free 3374K/3940K, paused 5ms+2ms, total 26ms
D/dalvikvm(  610): WAIT_FOR_CONCURRENT_GC blocked 15ms
I/PackageManager(  352):   Action: "android.intent.action.SENDTO"
I/PackageManager(  352):   Category: "android.intent.category.DEFAULT"
I/PackageManager(  352):   Scheme: "mms"
I/PackageManager(  352): Adding preferred activity ComponentInfo{com.android.mms/com.android.mms.ui.ComposeMessageActivity} for user 0 :
