I/LatinIME:LogUtils(  585): Dictionary info: dictionary = main:en ; version = 42 ; date = 1381226429
E/BluetoothAdapter(  600): Bluetooth binder is null
E/BluetoothAdapter(  600): Bluetooth binder is null
D/CallNotifier(  600): CallNotifier: mSignalInfoToneGenerator created when toneplay
E/BluetoothAdapter(  600): Bluetooth binder is null
D/dalvikvm(  681): GC_CONCURRENT freed 175K, 8% free 2944K/3192K, paused 5ms+2ms, total 63ms
I/FusedLocation(  354): engine stopped (com.android.location.fused)
I/FusedLocation(  354): engine started (com.android.location.fused)
D/MobileDataStateTracker(  354): fota: Broadcast received: android.intent.action.ANY_DATA_STATE apnType=fota
D/MobileDataStateTracker(  354): fota: Received state=DISCONNECTED, old=DISCONNECTED, reason=radioTurnedOff
D/MobileDataStateTracker(  354): ia: Broadcast received: android.intent.action.ANY_DATA_STATE apnType=ia
D/MobileDataStateTracker(  354): ia: Received state=DISCONNECTED, old=DISCONNECTED, reason=radioTurnedOff
D/MobileDataStateTracker(  354): supl: Broadcast received: android.intent.action.ANY_DATA_STATE apnType=supl
D/MobileDataStateTracker(  354): supl: Received state=DISCONNECTED, old=DISCONNECTED, reason=radioTurnedOff
D/MobileDataStateTracker(  354): hipri: Broadcast received: android.intent.action.ANY_DATA_STATE apnType=hipri
D/MobileDataStateTracker(  354): hipri: Received state=DISCONNECTED, old=DISCONNECTED, reason=radioTurnedOff
I/LatinIME:LogUtils(  585): Dictionary info: dictionary = main:en ; version = 42 ; date = 1381226429
I/LatinIME:LogUtils(  585): Dictionary info: dictionary = main:en ; version = 42 ; date = 1381226429
D/dalvikvm(  354): GC_CONCURRENT freed 575K, 59% free 5504K/13232K, paused 30ms+25ms, total 341ms
D/dalvikvm(  354): WAIT_FOR_CONCURRENT_GC blocked 120ms
D/dalvikvm(  354): WAIT_FOR_CONCURRENT_GC blocked 99ms
D/dalvikvm(  354): WAIT_FOR_CONCURRENT_GC blocked 100ms
D/dalvikvm(  354): WAIT_FOR_CONCURRENT_GC blocked 109ms
D/dalvikvm(  354): WAIT_FOR_CONCURRENT_GC blocked 67ms
D/MobileDataStateTracker(  354): ims: Broadcast received: android.intent.action.ANY_DATA_STATE apnType=ims
D/MobileDataStateTracker(  354): ims: Received state=DISCONNECTED, old=DISCONNECTED, reason=radioTurnedOff
D/MobileDataStateTracker(  354): default: Broadcast received: android.intent.action.ANY_DATA_STATE apnType=default
D/MobileDataStateTracker(  354): default: Received state=DISCONNECTED, old=DISCONNECTED, reason=radioTurnedOff
D/MobileDataStateTracker(  354): mms: Broadcast received: android.intent.action.ANY_DATA_STATE apnType=mms
D/MobileDataStateTracker(  354): mms: Received state=DISCONNECTED, old=DISCONNECTED, reason=radioTurnedOff
D/MobileDataStateTracker(  354): cbs: Broadcast received: android.intent.action.ANY_DATA_STATE apnType=cbs
W/ProcessCpuTracker(  354): Skipping unknown process pid 721
D/MobileDataStateTracker(  354): cbs: Received state=DISCONNECTED, old=DISCONNECTED, reason=radioTurnedOff
D/MobileDataStateTracker(  354): fota: Broadcast received: android.intent.action.ANY_DATA_STATE apnType=fota
D/MobileDataStateTracker(  354): fota: Received state=DISCONNECTED, old=DISCONNECTED, reason=radioTurnedOff
D/dalvikvm(  585): GC_CONCURRENT freed 304K, 13% free 3077K/3516K, paused 7ms+3ms, total 139ms
D/MobileDataStateTracker(  354): ia: Broadcast received: android.intent.action.ANY_DATA_STATE apnType=ia
D/MobileDataStateTracker(  354): ia: Received state=DISCONNECTED, old=DISCONNECTED, reason=radioTurnedOff
D/MobileDataStateTracker(  354): supl: Broadcast received: android.intent.action.ANY_DATA_STATE apnType=supl
D/MobileDataStateTracker(  354): supl: Received state=DISCONNECTED, old=DISCONNECTED, reason=radioTurnedOff
D/MobileDataStateTracker(  354): hipri: Broadcast received: android.intent.action.ANY_DATA_STATE apnType=hipri
D/MobileDataStateTracker(  354): hipri: Received state=DISCONNECTED, old=DISCONNECTED, reason=radioTurnedOff
D/MobileDataStateTracker(  354): ims: Broadcast received: android.intent.action.ANY_DATA_STATE apnType=ims
D/MobileDataStateTracker(  354): ims: Received state=DISCONNECTED, old=DISCONNECTED, reason=radioTurnedOff
D/MobileDataStateTracker(  354): default: Broadcast received: android.intent.action.ANY_DATA_STATE apnType=default
D/MobileDataStateTracker(  354): default: Received state=DISCONNECTED, old=DISCONNECTED, reason=radioTurnedOff
D/MobileDataStateTracker(  354): mms: Broadcast received: android.intent.action.ANY_DATA_STATE apnType=mms
D/MobileDataStateTracker(  354): mms: Received state=DISCONNECTED, old=DISCONNECTED, reason=radioTurnedOff
D/MobileDataStateTracker(  354): cbs: Broadcast received: android.intent.action.ANY_DATA_STATE apnType=cbs
D/MobileDataStateTracker(  354): cbs: Received state=DISCONNECTED, old=DISCONNECTED, reason=radioTurnedOff
D/MobileDataStateTracker(  354): fota: Broadcast received: android.intent.action.ANY_DATA_STATE apnType=fota
D/MobileDataStateTracker(  354): fota: Received state=DISCONNECTED, old=DISCONNECTED, reason=dataDetached
D/MobileDataStateTracker(  354): ia: Broadcast received: android.intent.action.ANY_DATA_STATE apnType=ia
D/MobileDataStateTracker(  354): ia: Received state=DISCONNECTED, old=DISCONNECTED, reason=dataDetached
D/MobileDataStateTracker(  354): supl: Broadcast received: android.intent.action.ANY_DATA_STATE apnType=supl
D/MobileDataStateTracker(  354): supl: Received state=DISCONNECTED, old=DISCONNECTED, reason=dataDetached
D/MobileDataStateTracker(  354): hipri: Broadcast received: android.intent.action.ANY_DATA_STATE apnType=hipri
D/MobileDataStateTracker(  354): hipri: Received state=DISCONNECTED, old=DISCONNECTED, reason=dataDetached
I/LatinIME:LogUtils(  585): Dictionary info: dictionary = main:en ; version = 42 ; date = 1381226429
D/MobileDataStateTracker(  354): ims: Broadcast received: android.intent.action.ANY_DATA_STATE apnType=ims
D/MobileDataStateTracker(  354): ims: Received state=DISCONNECTED, old=DISCONNECTED, reason=dataDetached
D/MobileDataStateTracker(  354): default: Broadcast received: android.intent.action.ANY_DATA_STATE apnType=default
D/MobileDataStateTracker(  354): default: Received state=DISCONNECTED, old=DISCONNECTED, reason=dataDetached
D/MobileDataStateTracker(  354): mms: Broadcast received: android.intent.action.ANY_DATA_STATE apnType=mms
D/MobileDataStateTracker(  354): mms: Received state=DISCONNECTED, old=DISCONNECTED, reason=dataDetached
D/MobileDataStateTracker(  354): cbs: Broadcast received: android.intent.action.ANY_DATA_STATE apnType=cbs
D/dalvikvm(  600): GC_CONCURRENT freed 280K, 11% free 3054K/3400K, paused 4ms+2ms, total 89ms
D/MobileDataStateTracker(  354): cbs: Received state=DISCONNECTED, old=DISCONNECTED, reason=dataDetached
D/MobileDataStateTracker(  354): fota: Broadcast received: android.intent.action.ANY_DATA_STATE apnType=fota
D/MobileDataStateTracker(  354): fota: Received state=DISCONNECTED, old=DISCONNECTED, reason=roamingOff
D/MobileDataStateTracker(  354): ia: Broadcast received: android.intent.action.ANY_DATA_STATE apnType=ia
D/TelephonyDebugService(  600): TelephonyDebugService()
D/MobileDataStateTracker(  354): ia: Received state=DISCONNECTED, old=DISCONNECTED, reason=roamingOff
D/MobileDataStateTracker(  354): supl: Broadcast received: android.intent.action.ANY_DATA_STATE apnType=supl
D/MobileDataStateTracker(  354): supl: Received state=DISCONNECTED, old=DISCONNECTED, reason=roamingOff
D/MobileDataStateTracker(  354): hipri: Broadcast received: android.intent.action.ANY_DATA_STATE apnType=hipri
D/MobileDataStateTracker(  354): hipri: Received state=DISCONNECTED, old=DISCONNECTED, reason=roamingOff
D/MobileDataStateTracker(  354): ims: Broadcast received: android.intent.action.ANY_DATA_STATE apnType=ims
D/MobileDataStateTracker(  354): ims: Received state=DISCONNECTED, old=DISCONNECTED, reason=roamingOff
D/MobileDataStateTracker(  354): default: Broadcast received: android.intent.action.ANY_DATA_STATE apnType=default
D/MobileDataStateTracker(  354): default: Received state=DISCONNECTED, old=DISCONNECTED, reason=roamingOff
D/MobileDataStateTracker(  354): mms: Broadcast received: android.intent.action.ANY_DATA_STATE apnType=mms
D/MobileDataStateTracker(  354): mms: Received state=DISCONNECTED, old=DISCONNECTED, reason=roamingOff
D/MobileDataStateTracker(  354): cbs: Broadcast received: android.intent.action.ANY_DATA_STATE apnType=cbs
D/MobileDataStateTracker(  354): cbs: Received state=DISCONNECTED, old=DISCONNECTED, reason=roamingOff
D/MobileDataStateTracker(  354): fota: Broadcast received: android.intent.action.ANY_DATA_STATE apnType=fota
D/MobileDataStateTracker(  354): fota: Received state=DISCONNECTED, old=DISCONNECTED, reason=roamingOff
D/MobileDataStateTracker(  354): ia: Broadcast received: android.intent.action.ANY_DATA_STATE apnType=ia
D/MobileDataStateTracker(  354): ia: Received state=DISCONNECTED, old=DISCONNECTED, reason=roamingOff
D/dalvikvm(  354): GC_CONCURRENT freed 683K, 59% free 5524K/13232K, paused 15ms+4ms, total 201ms
D/dalvikvm(  354): WAIT_FOR_CONCURRENT_GC blocked 34ms
D/dalvikvm(  354): WAIT_FOR_CONCURRENT_GC blocked 39ms
D/dalvikvm(  354): WAIT_FOR_CONCURRENT_GC blocked 37ms
D/MobileDataStateTracker(  354): supl: Broadcast received: android.intent.action.ANY_DATA_STATE apnType=supl
D/MobileDataStateTracker(  354): supl: Received state=DISCONNECTED, old=DISCONNECTED, reason=roamingOff
D/MobileDataStateTracker(  354): hipri: Broadcast received: android.intent.action.ANY_DATA_STATE apnType=hipri
D/MobileDataStateTracker(  354): hipri: Received state=DISCONNECTED, old=DISCONNECTED, reason=roamingOff
D/MobileDataStateTracker(  354): ims: Broadcast received: android.intent.action.ANY_DATA_STATE apnType=ims
D/MobileDataStateTracker(  354): ims: Received state=DISCONNECTED, old=DISCONNECTED, reason=roamingOff
D/MobileDataStateTracker(  354): default: Broadcast received: android.intent.action.ANY_DATA_STATE apnType=default
D/MobileDataStateTracker(  354): default: Received state=DISCONNECTED, old=DISCONNECTED, reason=roamingOff
D/MobileDataStateTracker(  354): mms: Broadcast received: android.intent.action.ANY_DATA_STATE apnType=mms
D/MobileDataStateTracker(  354): mms: Received state=DISCONNECTED, old=DISCONNECTED, reason=roamingOff
D/MobileDataStateTracker(  354): cbs: Broadcast received: android.intent.action.ANY_DATA_STATE apnType=cbs
D/MobileDataStateTracker(  354): cbs: Received state=DISCONNECTED, old=DISCONNECTED, reason=roamingOff
D/MccTable(  600): updateMccMncConfiguration: mcc=310, mnc=260
D/AlarmManagerService(  354): Kernel timezone updated to 240 minutes west of GMT
D/MccTable(  600): timezone set to America/New_York
D/MccTable(  600): getLocaleFromMcc to en_us mcc=310
D/MccTable(  600): getLocaleForLanguageCountry: got match
D/MccTable(  600): getLocaleForLanguageCountry: X locale=en_US
D/MccTable(  600): WIFI_COUNTRY_CODE set to us
D/dalvikvm(  681): GC_FOR_ALLOC freed 189K, 8% free 3111K/3372K, paused 86ms, total 88ms
I/dalvikvm-heap(  681): Grow heap (frag case) to 3.715MB for 640016-byte allocation
I/WifiService(  354): WifiService trying to set country code to us with persist set to true
D/dalvikvm(  681): GC_FOR_ALLOC freed 2K, 7% free 3733K/4000K, paused 43ms, total 43ms
D/dalvikvm(  681): GC_CONCURRENT freed 7K, 7% free 3726K/4000K, paused 4ms+2ms, total 29ms
D/MobileDataStateTracker(  354): fota: Broadcast received: android.intent.action.ANY_DATA_STATE apnType=fota
D/MobileDataStateTracker(  354): fota: Received state=DISCONNECTED, old=DISCONNECTED, reason=dataAttached
D/MobileDataStateTracker(  354): ia: Broadcast received: android.intent.action.ANY_DATA_STATE apnType=ia
D/MobileDataStateTracker(  354): ia: Received state=DISCONNECTED, old=DISCONNECTED, reason=dataAttached
D/MobileDataStateTracker(  354): supl: Broadcast received: android.intent.action.ANY_DATA_STATE apnType=supl
D/MobileDataStateTracker(  354): supl: Received state=DISCONNECTED, old=DISCONNECTED, reason=dataAttached
D/MobileDataStateTracker(  354): hipri: Broadcast received: android.intent.action.ANY_DATA_STATE apnType=hipri
D/MobileDataStateTracker(  354): hipri: Received state=DISCONNECTED, old=DISCONNECTED, reason=dataAttached
D/MobileDataStateTracker(  354): ims: Broadcast received: android.intent.action.ANY_DATA_STATE apnType=ims
D/MobileDataStateTracker(  354): ims: Received state=DISCONNECTED, old=DISCONNECTED, reason=dataAttached
D/MobileDataStateTracker(  354): mms: Broadcast received: android.intent.action.ANY_DATA_STATE apnType=mms
D/MobileDataStateTracker(  354): mms: Received state=DISCONNECTED, old=DISCONNECTED, reason=dataAttached
D/MobileDataStateTracker(  354): cbs: Broadcast received: android.intent.action.ANY_DATA_STATE apnType=cbs
D/MobileDataStateTracker(  354): cbs: Received state=DISCONNECTED, old=DISCONNECTED, reason=dataAttached
D/MobileDataStateTracker(  354): fota: Broadcast received: android.intent.action.ANY_DATA_STATE apnType=fota
D/MobileDataStateTracker(  354): fota: Received state=DISCONNECTED, old=DISCONNECTED, reason=dataAttached
D/MobileDataStateTracker(  354): ia: Broadcast received: android.intent.action.ANY_DATA_STATE apnType=ia
D/MobileDataStateTracker(  354): ia: Received state=DISCONNECTED, old=DISCONNECTED, reason=dataAttached
D/MobileDataStateTracker(  354): supl: Broadcast received: android.intent.action.ANY_DATA_STATE apnType=supl
D/MobileDataStateTracker(  354): supl: Received state=DISCONNECTED, old=DISCONNECTED, reason=dataAttached
D/MobileDataStateTracker(  354): hipri: Broadcast received: android.intent.action.ANY_DATA_STATE apnType=hipri
D/MobileDataStateTracker(  354): hipri: Received state=DISCONNECTED, old=DISCONNECTED, reason=dataAttached
D/MobileDataStateTracker(  354): ims: Broadcast received: android.intent.action.ANY_DATA_STATE apnType=ims
D/MobileDataStateTracker(  354): ims: Received state=DISCONNECTED, old=DISCONNECTED, reason=dataAttached
D/MobileDataStateTracker(  354): mms: Broadcast received: android.intent.action.ANY_DATA_STATE apnType=mms
D/MobileDataStateTracker(  354): mms: Received state=DISCONNECTED, old=DISCONNECTED, reason=dataAttached
D/MobileDataStateTracker(  354): cbs: Broadcast received: android.intent.action.ANY_DATA_STATE apnType=cbs
D/MobileDataStateTracker(  354): cbs: Received state=DISCONNECTED, old=DISCONNECTED, reason=dataAttached
D/dalvikvm(  600): GC_CONCURRENT freed 314K, 11% free 3184K/3560K, paused 12ms+51ms, total 270ms
W/Resources(  681): Converting to int: TypedValue{t=0x3/d=0x12 "4" a=-1}
W/Resources(  681): Converting to int: TypedValue{t=0x3/d=0xf "1" a=-1}
D/MccTable(  600): updateMccMncConfiguration: mcc=310, mnc=260
D/MccTable(  600): getLocaleFromMcc to en_us mcc=310
D/MccTable(  600): getLocaleForLanguageCountry: got match
D/MccTable(  600): getLocaleForLanguageCountry: X locale=en_US
D/MccTable(  600): updateMccMncConfiguration updateConfig config={1.0 310mcc260mnc en_US ldltr ?swdp ?wdp ?hdp ?density ?lsize ?long ?orien ?uimode ?night ?touch ?keyb/?/? ?nav/?}
I/ActivityManager(  354): Config changes=3 {1.0 310mcc260mnc en_US ldltr sw480dp w480dp h839dp 160dpi lrg long port finger -keyb/v/h tball/v s.6}
D/PermissionCache(   57): checking android.permission.READ_FRAME_BUFFER for uid=1000 => granted (778 us)
D/gralloc (   57): Registering a buffer in the process that created it. This may cause memory ordering problems.
E/libEGL  (   57): called unimplemented OpenGL ES API
E/libEGL  (   57): called unimplemented OpenGL ES API
E/libEGL  (   57): called unimplemented OpenGL ES API
E/libEGL  (   57): called unimplemented OpenGL ES API
E/SurfaceFlinger(   57): glCheckFramebufferStatusOES error -1504137639
E/SurfaceFlinger(   57): got GL_FRAMEBUFFER_COMPLETE_OES error while taking screenshot
E/libEGL  (   57): called unimplemented OpenGL ES API
E/libEGL  (   57): called unimplemented OpenGL ES API
I/ARMAssembler(   57): generated scanline__00000077:03515104_00008001_00000000 [113 ipp] (134 ins) at [0xb5ac51f0:0xb5ac5408] in 10000000 ns
D/PhoneStatusBar(  448): mSettingsPanelGravity = 55
I/Choreographer(  448): Skipped 32 frames!  The application may be doing too much work on its main thread.
D/MccTable(  600): updateMccMncConfiguration: mcc=310, mnc=260
D/MccTable(  600): getLocaleFromMcc to en_us mcc=310
D/MccTable(  600): getLocaleForLanguageCountry: skipping already persisted
D/MccTable(  600): getLocaleForLanguageCountry: X locale=null
D/MccTable(  600): updateMccMncConfiguration updateConfig config={1.0 310mcc260mnc ?locale ?layoutDir ?swdp ?wdp ?hdp ?density ?lsize ?long ?orien ?uimode ?night ?touch ?keyb/?/? ?nav/?}
D/dalvikvm(  600): GC_CONCURRENT freed 379K, 12% free 3315K/3764K, paused 4ms+18ms, total 94ms
D/dalvikvm(  600): WAIT_FOR_CONCURRENT_GC blocked 5ms
D/dalvikvm(  354): GC_CONCURRENT freed 675K, 59% free 5550K/13232K, paused 48ms+5ms, total 350ms
D/dalvikvm(  354): WAIT_FOR_CONCURRENT_GC blocked 45ms
D/MobileDataStateTracker(  354): fota: Broadcast received: android.intent.action.ANY_DATA_STATE apnType=fota
W/Resources(  681): Converting to int: TypedValue{t=0x3/d=0x15 "2" a=-1}
W/Resources(  681): Converting to int: TypedValue{t=0x3/d=0x15 "2" a=-1}
W/Launcher.LauncherProvider(  681): Unable to add favorite: com.android.camera2/com.android.camera.CameraLauncher
W/Launcher.LauncherProvider(  681): android.content.pm.PackageManager$NameNotFoundException: ComponentInfo{com.android.camera2/com.android.camera.CameraLauncher}
W/Launcher.LauncherProvider(  681): 	at android.app.ApplicationPackageManager.getActivityInfo(ApplicationPackageManager.java:242)
W/Launcher.LauncherProvider(  681): 	at com.android.launcher2.LauncherProvider$DatabaseHelper.addAppShortcut(LauncherProvider.java:959)
W/Launcher.LauncherProvider(  681): 	at com.android.launcher2.LauncherProvider$DatabaseHelper.loadFavorites(LauncherProvider.java:863)
W/Launcher.LauncherProvider(  681): 	at com.android.launcher2.LauncherProvider$DatabaseHelper.access$000(LauncherProvider.java:253)
W/Launcher.LauncherProvider(  681): 	at com.android.launcher2.LauncherProvider.loadDefaultFavoritesIfNecessary(LauncherProvider.java:237)
W/Launcher.LauncherProvider(  681): 	at com.android.launcher2.LauncherModel$LoaderTask.loadWorkspace(LauncherModel.java:1278)
W/Launcher.LauncherProvider(  681): 	at com.android.launcher2.LauncherModel$LoaderTask.loadAndBindWorkspace(LauncherModel.java:1020)
W/Launcher.LauncherProvider(  681): 	at com.android.launcher2.LauncherModel$LoaderTask.run(LauncherModel.java:1126)
W/Launcher.LauncherProvider(  681): 	at android.os.Handler.handleCallback(Handler.java:733)
W/Launcher.LauncherProvider(  681): 	at android.os.Handler.dispatchMessage(Handler.java:95)
W/Launcher.LauncherProvider(  681): 	at android.os.Looper.loop(Looper.java:136)
W/Launcher.LauncherProvider(  681): 	at android.os.HandlerThread.run(HandlerThread.java:61)
D/MobileDataStateTracker(  354): fota: Received state=DISCONNECTED, old=DISCONNECTED, reason=simLoaded
D/MobileDataStateTracker(  354): ia: Broadcast received: android.intent.action.ANY_DATA_STATE apnType=ia
D/MobileDataStateTracker(  354): ia: Received state=DISCONNECTED, old=DISCONNECTED, reason=simLoaded
D/MobileDataStateTracker(  354): supl: Broadcast received: android.intent.action.ANY_DATA_STATE apnType=supl
D/MobileDataStateTracker(  354): supl: Received state=DISCONNECTED, old=DISCONNECTED, reason=simLoaded
D/MobileDataStateTracker(  354): hipri: Broadcast received: android.intent.action.ANY_DATA_STATE apnType=hipri
D/MobileDataStateTracker(  354): hipri: Received state=DISCONNECTED, old=DISCONNECTED, reason=simLoaded
W/Launcher.LauncherProvider(  681): Unable to add favorite: com.android.gallery3d/com.android.gallery3d.app.Gallery
W/Launcher.LauncherProvider(  681): android.content.pm.PackageManager$NameNotFoundException: ComponentInfo{com.android.gallery3d/com.android.gallery3d.app.Gallery}
W/Launcher.LauncherProvider(  681): 	at android.app.ApplicationPackageManager.getActivityInfo(ApplicationPackageManager.java:242)
W/Launcher.LauncherProvider(  681): 	at com.android.launcher2.LauncherProvider$DatabaseHelper.addAppShortcut(LauncherProvider.java:959)
W/Launcher.LauncherProvider(  681): 	at com.android.launcher2.LauncherProvider$DatabaseHelper.loadFavorites(LauncherProvider.java:863)
W/Launcher.LauncherProvider(  681): 	at com.android.launcher2.LauncherProvider$DatabaseHelper.access$000(LauncherProvider.java:253)
W/Launcher.LauncherProvider(  681): 	at com.android.launcher2.LauncherProvider.loadDefaultFavoritesIfNecessary(LauncherProvider.java:237)
W/Launcher.LauncherProvider(  681): 	at com.android.launcher2.LauncherModel$LoaderTask.loadWorkspace(LauncherModel.java:1278)
W/Launcher.LauncherProvider(  681): 	at com.android.launcher2.LauncherModel$LoaderTask.loadAndBindWorkspace(LauncherModel.java:1020)
W/Launcher.LauncherProvider(  681): 	at com.android.launcher2.LauncherModel$LoaderTask.run(LauncherModel.java:1126)
W/Launcher.LauncherProvider(  681): 	at android.os.Handler.handleCallback(Handler.java:733)
W/Launcher.LauncherProvider(  681): 	at android.os.Handler.dispatchMessage(Handler.java:95)
W/Launcher.LauncherProvider(  681): 	at android.os.Looper.loop(Looper.java:136)
W/Launcher.LauncherProvider(  681): 	at android.os.HandlerThread.run(HandlerThread.java:61)
D/MobileDataStateTracker(  354): ims: Broadcast received: android.intent.action.ANY_DATA_STATE apnType=ims
D/MobileDataStateTracker(  354): ims: Received state=DISCONNECTED, old=DISCONNECTED, reason=simLoaded
D/MobileDataStateTracker(  354): mms: Broadcast received: android.intent.action.ANY_DATA_STATE apnType=mms
D/dalvikvm(  600): GC_CONCURRENT freed 483K, 15% free 3286K/3840K, paused 5ms+4ms, total 100ms
D/MobileDataStateTracker(  354): mms: Received state=DISCONNECTED, old=DISCONNECTED, reason=simLoaded
D/MobileDataStateTracker(  354): cbs: Broadcast received: android.intent.action.ANY_DATA_STATE apnType=cbs
D/MobileDataStateTracker(  354): cbs: Received state=DISCONNECTED, old=DISCONNECTED, reason=simLoaded
D/MobileDataStateTracker(  354): default: Broadcast received: android.intent.action.ANY_DATA_STATE apnType=default
D/MobileDataStateTracker(  354): default: Received state=CONNECTING, old=DISCONNECTED, reason=simLoaded
D/MobileDataStateTracker(  354): default: setDetailed state, old =IDLE and new state=CONNECTING
D/MobileDataStateTracker(  354): fota: Broadcast received: android.intent.action.ANY_DATA_STATE apnType=fota
D/MobileDataStateTracker(  354): fota: Received state=DISCONNECTED, old=DISCONNECTED, reason=simLoaded
D/MobileDataStateTracker(  354): ia: Broadcast received: android.intent.action.ANY_DATA_STATE apnType=ia
D/MobileDataStateTracker(  354): ia: Received state=DISCONNECTED, old=DISCONNECTED, reason=simLoaded
D/MobileDataStateTracker(  354): supl: Broadcast received: android.intent.action.ANY_DATA_STATE apnType=supl
D/MobileDataStateTracker(  354): supl: Received state=DISCONNECTED, old=DISCONNECTED, reason=simLoaded
D/MobileDataStateTracker(  354): hipri: Broadcast received: android.intent.action.ANY_DATA_STATE apnType=hipri
D/MobileDataStateTracker(  354): hipri: Received state=DISCONNECTED, old=DISCONNECTED, reason=simLoaded
D/MobileDataStateTracker(  354): ims: Broadcast received: android.intent.action.ANY_DATA_STATE apnType=ims
D/MobileDataStateTracker(  354): ims: Received state=DISCONNECTED, old=DISCONNECTED, reason=simLoaded
D/MobileDataStateTracker(  354): mms: Broadcast received: android.intent.action.ANY_DATA_STATE apnType=mms
D/MobileDataStateTracker(  354): mms: Received state=DISCONNECTED, old=DISCONNECTED, reason=simLoaded
D/MobileDataStateTracker(  354): cbs: Broadcast received: android.intent.action.ANY_DATA_STATE apnType=cbs
D/MobileDataStateTracker(  354): cbs: Received state=DISCONNECTED, old=DISCONNECTED, reason=simLoaded
D/MobileDataStateTracker(  354): default: Broadcast received: android.intent.action.ANY_DATA_STATE apnType=default
D/MobileDataStateTracker(  354): default: Received state=CONNECTED, old=CONNECTING, reason=connected
D/MobileDataStateTracker(  354): default: setDetailed state, old =CONNECTING and new state=CONNECTED
D/ConnectivityService(  354): ConnectivityChange for mobile: CONNECTED/CONNECTED
D/ConnectivityService(  354): ConnectivityChange checkMobileProvisioning for TYPE_MOBILE or ProvisioningNetwork
D/ConnectivityService(  354): checkMobileProvisioning: E suggestedTimeOutMs=60000
D/ConnectivityService(  354): setProvNotificationVisible: E visible=false networkType=5 extraInfo=null url=null
D/ConnectivityService(  354): checkMobileProvisioning: params={ url=http://clients3.google.com/generate_204 mTimeOutMs=60000 mCb=com.android.server.ConnectivityService$5@b2f42508}
D/ConnectivityService(  354): checkMobileProvisioning: X
D/dalvikvm(  681): GC_CONCURRENT freed 313K, 10% free 3864K/4248K, paused 5ms+3ms, total 205ms
D/Nat464Xlat(  354): requiresClat: netType=0, hasIPv4Address=true
I/NetworkPolicy(  354): no policy for active mobile network; generating default policy
D/MobileDataStateTracker(  354): default: setPolicyDataEnable(enabled=true)
D/dalvikvm(  354): GC_CONCURRENT freed 563K, 58% free 5635K/13232K, paused 75ms+7ms, total 252ms
D/Launcher.Model(  681): Reload apps on config change. curr_mcc:310 prevmcc:0
I/Choreographer(  681): Skipped 440 frames!  The application may be doing too much work on its main thread.
D/gralloc_goldfish(  681): Emulator without GPU emulation detected.
D/dalvikvm(  681): GC_FOR_ALLOC freed 102K, 7% free 3970K/4264K, paused 60ms, total 71ms
I/dalvikvm-heap(  681): Grow heap (frag case) to 5.480MB for 1610896-byte allocation
D/dalvikvm(  681): GC_FOR_ALLOC freed 111K, 7% free 5431K/5840K, paused 40ms, total 40ms
D/dalvikvm(  681): GC_CONCURRENT freed 14K, 8% free 5419K/5840K, paused 4ms+2ms, total 49ms
D/dalvikvm(  681): WAIT_FOR_CONCURRENT_GC blocked 37ms
I/dalvikvm-heap(  681): Grow heap (frag case) to 6.895MB for 1610896-byte allocation
D/dalvikvm(  681): GC_FOR_ALLOC freed 1K, 6% free 6991K/7416K, paused 38ms, total 38ms
D/dalvikvm(  681): GC_CONCURRENT freed <1K, 6% free 7034K/7460K, paused 4ms+85ms, total 150ms
W/ProcessCpuTracker(  354): Skipping unknown process pid 764
W/ActivityManager(  354): Launch timeout has expired, giving up wake lock!
E/NetdConnector(  354): NDC Command {12 bandwidth setiquota eth0 9223372036854775807} took too long (1680ms)
I/InputReader(  354): Reconfiguring input devices.  changes=0x00000010
I/ActivityManager(  354): Displayed com.android.launcher/com.android.launcher2.Launcher: +9s165ms (total +12s9ms)
I/PackageManager(  354):   Action: "android.intent.action.SENDTO"
I/PackageManager(  354):   Category: "android.intent.category.DEFAULT"
I/PackageManager(  354):   Scheme: "sms"
I/PackageManager(  354): Adding preferred activity ComponentInfo{com.android.mms/com.android.mms.ui.ComposeMessageActivity} for user 0 :
D/dalvikvm(  448): GC_FOR_ALLOC freed 3122K, 48% free 3587K/6776K, paused 298ms, total 302ms
I/dalvikvm-heap(  448): Grow heap (frag case) to 6.496MB for 3072016-byte allocation
D/dalvikvm(  448): GC_FOR_ALLOC freed 5K, 3% free 6582K/6776K, paused 172ms, total 172ms
D/dalvikvm(  448): GC_CONCURRENT freed <1K, 3% free 6582K/6776K, paused 4ms+14ms, total 43ms
I/SurfaceFlinger(   57): Boot is finished (70381 ms)
I/WindowManager(  354): Screen frozen for +4s698ms due to Window{b33a0fd8 u0 com.android.systemui.ImageWallpaper}
D/MobileDataStateTracker(  354): default: setPolicyDataEnable(enabled=true)
I/PackageManager(  354):   Action: "android.intent.action.SENDTO"
I/PackageManager(  354):   Category: "android.intent.category.DEFAULT"
I/PackageManager(  354):   Scheme: "smsto"
I/PackageManager(  354): Adding preferred activity ComponentInfo{com.android.mms/com.android.mms.ui.ComposeMessageActivity} for user 0 :
D/dalvikvm(  600): GC_CONCURRENT freed 434K, 14% free 3357K/3860K, paused 40ms+2ms, total 149ms
D/dalvikvm(  600): WAIT_FOR_CONCURRENT_GC blocked 20ms
I/ARMAssembler(   57): generated scanline__00000077:03515104_00009001_00000000 [131 ipp] (153 ins) at [0xb5ac5410:0xb5ac5674] in 10000000 ns
I/PackageManager(  354):   Action: "android.intent.action.SENDTO"
I/PackageManager(  354):   Category: "android.intent.category.DEFAULT"
I/PackageManager(  354):   Scheme: "mms"
I/PackageManager(  354): Adding preferred activity ComponentInfo{com.android.mms/com.android.mms.ui.ComposeMessageActivity} for user 0 :
I/Choreographer(  354): Skipped 44 frames!  The application may be doing too much work on its main thread.
D/Tethering(  354): MasterInitialState.processMessage what=3
D/CaptivePortalTracker(  354): NoActiveNetworkState{ when=-1ms what=1 obj=NetworkInfo: type: mobile[UMTS], state: CONNECTED/CONNECTED, reason: connected, extra: epc.tmobile.com, roaming: false, failover: false, isAvailable: true, isConnectedToProvisioningNetwork: false target=com.android.internal.util.StateMachine$SmHandler }
D/CaptivePortalTracker(  354): NoActiveNetworkState not a wifi connectivity change, ignore
I/PackageManager(  354):   Action: "android.intent.action.SENDTO"
I/PackageManager(  354):   Category: "android.intent.category.DEFAULT"
I/PackageManager(  354):   Scheme: "mmsto"
I/PackageManager(  354): Adding preferred activity ComponentInfo{com.android.mms/com.android.mms.ui.ComposeMessageActivity} for user 0 :
D/dalvikvm(  354): GC_CONCURRENT freed 840K, 59% free 5531K/13232K, paused 264ms+36ms, total 625ms
D/dalvikvm(  354): WAIT_FOR_CONCURRENT_GC blocked 179ms
E/NetdConnector(  354): NDC Command {13 bandwidth removeiquota eth0} took too long (1099ms)
I/MediaProvider(  621): Upgrading media database from version 0 to 700, which will destroy all old data
I/PackageManager(  354):   Action: "android.intent.action.SENDTO"
I/PackageManager(  354):   Category: "android.intent.category.DEFAULT"
I/PackageManager(  354):   Scheme: "sms"
I/PackageManager(  354): Adding preferred activity ComponentInfo{com.android.mms/com.android.mms.ui.ComposeMessageActivity} for user 0 :
I/PackageManager(  354):   Action: "android.intent.action.SENDTO"
I/PackageManager(  354):   Category: "android.intent.category.DEFAULT"
I/PackageManager(  354):   Scheme: "smsto"
I/PackageManager(  354): Adding preferred activity ComponentInfo{com.android.mms/com.android.mms.ui.ComposeMessageActivity} for user 0 :
I/PackageManager(  354):   Action: "android.intent.action.SENDTO"
I/PackageManager(  354):   Category: "android.intent.category.DEFAULT"
I/PackageManager(  354):   Scheme: "mms"
I/PackageManager(  354): Adding preferred activity ComponentInfo{com.android.mms/com.android.mms.ui.ComposeMessageActivity} for user 0 :
I/PackageManager(  354):   Action: "android.intent.action.SENDTO"
I/PackageManager(  354):   Category: "android.intent.category.DEFAULT"
I/PackageManager(  354):   Scheme: "mmsto"
I/PackageManager(  354): Adding preferred activity ComponentInfo{com.android.mms/com.android.mms.ui.ComposeMessageActivity} for user 0 :
D/dalvikvm(  600): GC_CONCURRENT freed 411K, 15% free 3381K/3932K, paused 7ms+2ms, total 49ms
D/dalvikvm(  600): WAIT_FOR_CONCURRENT_GC blocked 38ms
D/dalvikvm(  354): GC_EXPLICIT freed 658K, 58% free 5580K/13232K, paused 193ms+26ms, total 988ms
D/dalvikvm(  354): WAIT_FOR_CONCURRENT_GC blocked 369ms
I/Choreographer(  681): Skipped 310 frames!  The application may be doing too much work on its main thread.
E/NetdConnector(  354): NDC Command {14 bandwidth setiquota eth0 9223372036854775807} took too long (2658ms)
D/MobileDataStateTracker(  354): default: setPolicyDataEnable(enabled=true)
I/Choreographer(  681): Skipped 165 frames!  The application may be doing too much work on its main thread.
D/MobileDataStateTracker(  354): default: isProvisioningNetwork: retVal=false
D/ConnectivityService(  354): [CheckMp] isMobileOk: isDefaultProvisioning=false
D/AndroidRuntime(  791): 
D/AndroidRuntime(  791): >>>>>> AndroidRuntime START com.android.internal.os.RuntimeInit <<<<<<
D/AndroidRuntime(  791): CheckJNI is ON
D/MobileDataStateTracker(  354): hipri: isProvisioningNetwork: retVal=false
D/ConnectivityService(  354): [CheckMp] isMobileOk: isHipriProvisioning=false
D/ConnectivityService(  354): [CheckMp] isMobileOk: start hipri url=http://clients3.google.com/generate_204
D/ConnectivityService(  354): startUsingNetworkFeature reconnecting to 0: enableHIPRI
I/Choreographer(  681): Skipped 72 frames!  The application may be doing too much work on its main thread.
D/dalvikvm(  791): Trying to load lib libjavacore.so 0x0
D/dalvikvm(  791): Added shared lib libjavacore.so 0x0
D/dalvikvm(  791): Trying to load lib libnativehelper.so 0x0
D/dalvikvm(  791): Added shared lib libnativehelper.so 0x0
D/dalvikvm(  791): No JNI_OnLoad found in libnativehelper.so 0x0, skipping init
D/MobileDataStateTracker(  354): hipri: Broadcast received: android.intent.action.ANY_DATA_STATE apnType=hipri
D/MobileDataStateTracker(  354): hipri: Received state=CONNECTING, old=DISCONNECTED, reason=dataEnabled
D/MobileDataStateTracker(  354): hipri: setDetailed state, old =IDLE and new state=CONNECTING
D/MobileDataStateTracker(  354): fota: Broadcast received: android.intent.action.ANY_DATA_STATE apnType=fota
D/MobileDataStateTracker(  354): fota: Received state=DISCONNECTED, old=DISCONNECTED, reason=dataEnabled
D/MobileDataStateTracker(  354): ia: Broadcast received: android.intent.action.ANY_DATA_STATE apnType=ia
D/dalvikvm(  791): Note: class Landroid/app/ActivityManagerNative; has 179 unimplemented (abstract) methods
D/MobileDataStateTracker(  354): ia: Received state=DISCONNECTED, old=DISCONNECTED, reason=dataEnabled
D/MobileDataStateTracker(  354): supl: Broadcast received: android.intent.action.ANY_DATA_STATE apnType=supl
D/MobileDataStateTracker(  354): supl: Received state=DISCONNECTED, old=DISCONNECTED, reason=dataEnabled
D/MobileDataStateTracker(  354): ims: Broadcast received: android.intent.action.ANY_DATA_STATE apnType=ims
D/MobileDataStateTracker(  354): ims: Received state=DISCONNECTED, old=DISCONNECTED, reason=dataEnabled
D/MobileDataStateTracker(  354): mms: Broadcast received: android.intent.action.ANY_DATA_STATE apnType=mms
D/MobileDataStateTracker(  354): mms: Received state=DISCONNECTED, old=DISCONNECTED, reason=dataEnabled
D/MobileDataStateTracker(  354): cbs: Broadcast received: android.intent.action.ANY_DATA_STATE apnType=cbs
D/MobileDataStateTracker(  354): cbs: Received state=DISCONNECTED, old=DISCONNECTED, reason=dataEnabled
D/MobileDataStateTracker(  354): hipri: Broadcast received: android.intent.action.ANY_DATA_STATE apnType=hipri
D/MobileDataStateTracker(  354): hipri: Received state=CONNECTED, old=CONNECTING, reason=dataEnabled
D/MobileDataStateTracker(  354): hipri: setDetailed state, old =CONNECTING and new state=CONNECTED
D/ConnectivityService(  354): ConnectivityChange for mobile_hipri: CONNECTED/CONNECTED
D/ConnectivityService(  354): startUsingNetworkFeature X: return APN_REQUEST_STARTED
E/ConnectivityService(  354): startUsingNetworkFeature took too long: 977ms
D/ConnectivityService(  354): [CheckMp] isMobileOk: hipri started
D/ConnectivityService(  354): [CheckMp] isMobileOk: not connected ni=NetworkInfo: type: mobile_hipri[UMTS], state: DISCONNECTED/IDLE, reason: (unspecified), extra: (none), roaming: false, failover: false, isAvailable: true, isConnectedToProvisioningNetwork: false
E/logwrapper(  805): executing /system/bin/ip failed: No such file or directory
E/ConnectivityService(  354): Exception trying to add a route: java.lang.IllegalStateException: command '21 interface fwmark exempt add 10.0.2.2/32' failed with '400 21 Failed to add exemption rule (File exists)'
E/logwrapper(  806): executing /system/bin/ip failed: No such file or directory
E/ConnectivityService(  354): Exception trying to add a route: java.lang.IllegalStateException: command '23 interface fwmark exempt add 10.0.2.3/32' failed with '400 23 Failed to add exemption rule (File exists)'
E/logwrapper(  807): executing /system/bin/ip failed: No such file or directory
E/ConnectivityService(  354): Exception trying to add a route: java.lang.IllegalStateException: command '25 interface fwmark exempt add 10.0.2.2/32' failed with '400 25 Failed to add exemption rule (File exists)'
E/logwrapper(  808): executing /system/bin/ip failed: No such file or directory
E/ConnectivityService(  354): Exception trying to add a route: java.lang.IllegalStateException: command '27 interface fwmark exempt add 10.0.2.4/32' failed with '400 27 Failed to add exemption rule (File exists)'
E/logwrapper(  809): executing /system/bin/ip failed: No such file or directory
E/SecondaryTablController(   54): ip route add failed: /system/bin/ip route add 10.0.2.2/32 via 0.0.0.0 dev eth0 table 60
W/FrameworkListener(   54): Handler 'interface' error (No such device)
E/ConnectivityService(  354): Exception trying to add a route: java.lang.IllegalStateException: command '28 interface route add eth0 secondary 10.0.2.2 32 0.0.0.0' failed with '400 28 ip route modification failed (No such device)'
E/logwrapper(  810): executing /system/bin/ip failed: No such file or directory
E/SecondaryTablController(   54): ip route add failed: /system/bin/ip route add 0.0.0.0/0 via 10.0.2.2 dev eth0 table 60
W/FrameworkListener(   54): Handler 'interface' error (No such device)
E/ConnectivityService(  354): Exception trying to add a route: java.lang.IllegalStateException: command '29 interface route add eth0 secondary 0.0.0.0 0 10.0.2.2' failed with '400 29 ip route modification failed (No such device)'
D/Nat464Xlat(  354): requiresClat: netType=5, hasIPv4Address=true
D/MobileDataStateTracker(  354): default: setPolicyDataEnable(enabled=true)
E/memtrack(  791): Couldn't load memtrack module (No such file or directory)
E/android.os.Debug(  791): failed to load memtrack module: -2
D/ConnectivityService(  354): [CheckMp] isMobileOk: not connected ni=NetworkInfo: type: mobile_hipri[UMTS], state: DISCONNECTED/IDLE, reason: (unspecified), extra: (none), roaming: false, failover: false, isAvailable: true, isConnectedToProvisioningNetwork: false
D/AndroidRuntime(  791): Calling main entry com.android.commands.pm.Pm
I/ActivityManager(  354): Start proc com.android.defcontainer for service com.android.defcontainer/.DefaultContainerService: pid=818 uid=10003 gids={50003, 1028, 1015, 1023, 2001, 1035}
E/NetdConnector(  354): NDC Command {31 bandwidth removeiquota eth0} took too long (1206ms)
D/ConnectivityService(  354): [CheckMp] isMobileOk: not connected ni=NetworkInfo: type: mobile_hipri[UMTS], state: DISCONNECTED/IDLE, reason: (unspecified), extra: (none), roaming: false, failover: false, isAvailable: true, isConnectedToProvisioningNetwork: false
W/ActivityManager(  354): Activity destroy timeout for ActivityRecord{b33a7b50 u0 com.android.settings/.CryptKeeper t1 f}
E/SQLiteLog(  621): (1) no such table: album_info
D/ConnectivityService(  354): [CheckMp] isMobileOk: not connected ni=NetworkInfo: type: mobile_hipri[UMTS], state: DISCONNECTED/IDLE, reason: (unspecified), extra: (none), roaming: false, failover: false, isAvailable: true, isConnectedToProvisioningNetwork: false
I/ActivityManager(  354): Start proc com.android.externalstorage for broadcast com.android.externalstorage/.MountReceiver: pid=853 uid=10006 gids={50006, 1028, 1015, 1023}
D/Tethering(  354): MasterInitialState.processMessage what=3
D/CaptivePortalTracker(  354): NoActiveNetworkState{ when=-55ms what=1 obj=NetworkInfo: type: mobile_hipri[UMTS], state: CONNECTED/CONNECTED, reason: dataEnabled, extra: epc.tmobile.com, roaming: false, failover: false, isAvailable: true, isConnectedToProvisioningNetwork: false target=com.android.internal.util.StateMachine$SmHandler }
D/CaptivePortalTracker(  354): NoActiveNetworkState not a wifi connectivity change, ignore
E/NetdConnector(  354): NDC Command {32 bandwidth setiquota eth0 9223372036854775807} took too long (1839ms)
D/MobileDataStateTracker(  354): default: setPolicyDataEnable(enabled=true)
D/dalvikvm(  354): GC_CONCURRENT freed 633K, 59% free 5554K/13228K, paused 7ms+4ms, total 95ms
D/ExternalStorage(  853): Missing UUID for /storage/sdcard; skipping
D/ExternalStorage(  853): After updating volumes, found 0 active roots
I/DownloadManager(  621): Upgrading downloads database from version 0 to version 109, which will destroy all old data
D/dalvikvm(  681): GC_CONCURRENT freed 1928K, 24% free 6428K/8432K, paused 5ms+2ms, total 30ms
D/ConnectivityService(  354): [CheckMp] isMobileOk: not connected ni=NetworkInfo: type: mobile_hipri[UMTS], state: DISCONNECTED/IDLE, reason: (unspecified), extra: (none), roaming: false, failover: false, isAvailable: true, isConnectedToProvisioningNetwork: false
W/ActivityManager(  354): No content provider found for permission revoke: file:///data/local/tmp/sample_for_analysis.apk
W/ActivityManager(  354): No content provider found for permission revoke: file:///data/local/tmp/sample_for_analysis.apk
I/PackageManager(  354): Copying native libraries to /data/app-lib/vmdl1759040012
D/GpsLocationProvider(  354): NTP server returned: 1539295238221 (Thu Oct 11 18:00:38 EDT 2018) reference: 73208 certainty: 28 system time offset: -22694
I/ContactLocale(  549): AddressBook Labels [en_US]: [, A, B, C, D, E, F, G, H, I, J, K, L, M, N, O, P, Q, R, S, T, U, V, W, X, Y, Z, , , , , , , , , , , , , , , , , , , , , , , , , , , , , , , , , , , , , , , , , , , , , , , , , , , , , , , , , , , , , , , , , , , , , , , , , , , , , , , , , , , , , , , , , , , , , , , , , , , , , , , , , , , , , , , , , , , , , , , , , , , , , , , , , , , , , , , , , , , , , , , , , , , , , , , , , , , , , , , , , , , , , , , , , , , , , , , , , , , , , , #, ]
D/ConnectivityService(  354): [CheckMp] isMobileOk: not connected ni=NetworkInfo: type: mobile_hipri[UMTS], state: DISCONNECTED/IDLE, reason: (unspecified), extra: (none), roaming: false, failover: false, isAvailable: true, isConnectedToProvisioningNetwork: false
D/dalvikvm(  354): GC_CONCURRENT freed 381K, 56% free 5879K/13228K, paused 7ms+4ms, total 64ms
D/dalvikvm(  354): WAIT_FOR_CONCURRENT_GC blocked 55ms
I/ActivityManager(  354): Start proc com.android.exchange for content provider com.android.exchange/.provider.ExchangeDirectoryProvider: pid=870 uid=10025 gids={50025, 3003, 1028, 1015}
D/dalvikvm(  549): GC_CONCURRENT freed 191K, 8% free 3142K/3400K, paused 4ms+2ms, total 152ms
D/dalvikvm(  621): GC_CONCURRENT freed 282K, 11% free 2920K/3272K, paused 2ms+3ms, total 34ms
D/ConnectivityService(  354): [CheckMp] isMobileOk: not connected ni=NetworkInfo: type: mobile_hipri[UMTS], state: DISCONNECTED/IDLE, reason: (unspecified), extra: (none), roaming: false, failover: false, isAvailable: true, isConnectedToProvisioningNetwork: false
D/dalvikvm(  354): GC_CONCURRENT freed 485K, 54% free 6095K/13228K, paused 8ms+6ms, total 82ms
D/dalvikvm(  354): GC_CONCURRENT freed 711K, 54% free 6155K/13228K, paused 6ms+4ms, total 69ms
D/ExternalStorage(  853): Missing UUID for /storage/sdcard; skipping
D/ExternalStorage(  853): After updating volumes, found 0 active roots
D/dalvikvm(  354): GC_CONCURRENT freed 786K, 54% free 6159K/13228K, paused 6ms+7ms, total 70ms
D/dalvikvm(  354): GC_CONCURRENT freed 799K, 54% free 6158K/13228K, paused 6ms+6ms, total 70ms
D/ConnectivityService(  354): [CheckMp] isMobileOk: not connected ni=NetworkInfo: type: mobile_hipri[UMTS], state: DISCONNECTED/IDLE, reason: (unspecified), extra: (none), roaming: false, failover: false, isAvailable: true, isConnectedToProvisioningNetwork: false
D/dalvikvm(  354): GC_CONCURRENT freed 782K, 54% free 6169K/13228K, paused 7ms+4ms, total 68ms
D/dalvikvm(  354): GC_CONCURRENT freed 780K, 53% free 6232K/13228K, paused 7ms+6ms, total 80ms
D/dalvikvm(  354): GC_CONCURRENT freed 825K, 54% free 6194K/13228K, paused 7ms+4ms, total 70ms
I/PackageManager(  354): Running dexopt on: com.joyjia.ring
D/ConnectivityService(  354): [CheckMp] isMobileOk: not connected ni=NetworkInfo: type: mobile_hipri[UMTS], state: DISCONNECTED/IDLE, reason: (unspecified), extra: (none), roaming: false, failover: false, isAvailable: true, isConnectedToProvisioningNetwork: false
W/dalvikvm(  882): method Landroid/support/v7/widget/ListViewCompat;.lookForSelectablePosition incorrectly overrides package-private method with same name in Landroid/widget/ListView;
D/ConnectivityService(  354): [CheckMp] isMobileOk: not connected ni=NetworkInfo: type: mobile_hipri[UMTS], state: DISCONNECTED/IDLE, reason: (unspecified), extra: (none), roaming: false, failover: false, isAvailable: true, isConnectedToProvisioningNetwork: false
D/ConnectivityService(  354): [CheckMp] isMobileOk: not connected ni=NetworkInfo: type: mobile_hipri[UMTS], state: DISCONNECTED/IDLE, reason: (unspecified), extra: (none), roaming: false, failover: false, isAvailable: true, isConnectedToProvisioningNetwork: false
D/ConnectivityService(  354): [CheckMp] isMobileOk: not connected ni=NetworkInfo: type: mobile_hipri[UMTS], state: DISCONNECTED/IDLE, reason: (unspecified), extra: (none), roaming: false, failover: false, isAvailable: true, isConnectedToProvisioningNetwork: false
D/dalvikvm(  882): DexOpt: load 563ms, verify+opt 2075ms, 3054492 bytes
W/PackageManager(  354): Not granting permission android.permission.MOUNT_UNMOUNT_FILESYSTEMS to package com.joyjia.ring (protectionLevel=18 flags=0x48be44)
W/PackageManager(  354): Unknown permission android.permission.WRITE_OWNER_DATA in package com.joyjia.ring
W/PackageManager(  354): Unknown permission android.permission.READ_SETTINGS in package com.joyjia.ring
W/PackageManager(  354): Unknown permission android.permission.READ_OWNER_DATA in package com.joyjia.ring
W/PackageManager(  354): Not granting permission android.permission.READ_LOGS to package com.joyjia.ring (protectionLevel=50 flags=0x48be44)
W/PackageManager(  354): Not granting permission android.permission.PACKAGE_USAGE_STATS to package com.joyjia.ring (protectionLevel=18 flags=0x48be44)
W/PackageManager(  354): Unknown permission android.permission.ACCESS_MTK_MMHW in package com.joyjia.ring
W/PackageManager(  354): Not granting permission android.permission.ACCESS_DOWNLOAD_MANAGER to package com.joyjia.ring (protectionLevel=18 flags=0x48be44)
D/ConnectivityService(  354): [CheckMp] isMobileOk: not connected ni=NetworkInfo: type: mobile_hipri[UMTS], state: DISCONNECTED/IDLE, reason: (unspecified), extra: (none), roaming: false, failover: false, isAvailable: true, isConnectedToProvisioningNetwork: false
D/MediaScannerReceiver(  621): action: android.intent.action.MEDIA_MOUNTED path: /storage/sdcard
I/ActivityManager(  354): Force stopping com.joyjia.ring appid=10052 user=-1: update pkg
I/InputReader(  354): Reconfiguring input devices.  changes=0x00000010
D/BackupManagerService(  354): Received broadcast Intent { act=android.intent.action.PACKAGE_ADDED dat=package:com.joyjia.ring flg=0x4000010 (has extras) }
I/PackageManager(  354):   Action: "android.intent.action.SENDTO"
I/PackageManager(  354):   Category: "android.intent.category.DEFAULT"
I/PackageManager(  354):   Scheme: "sms"
I/PackageManager(  354): Adding preferred activity ComponentInfo{com.android.mms/com.android.mms.ui.ComposeMessageActivity} for user 0 :
V/BackupManagerService(  354): addPackageParticipantsLocked: #1
I/PackageManager(  354):   Action: "android.intent.action.SENDTO"
I/PackageManager(  354):   Category: "android.intent.category.DEFAULT"
I/PackageManager(  354):   Scheme: "smsto"
I/PackageManager(  354): Adding preferred activity ComponentInfo{com.android.mms/com.android.mms.ui.ComposeMessageActivity} for user 0 :
D/dalvikvm(  354): GC_CONCURRENT freed 772K, 53% free 6284K/13228K, paused 40ms+62ms, total 182ms
I/PackageManager(  354):   Action: "android.intent.action.SENDTO"
I/PackageManager(  354):   Category: "android.intent.category.DEFAULT"
I/PackageManager(  354):   Scheme: "mms"
I/PackageManager(  354): Adding preferred activity ComponentInfo{com.android.mms/com.android.mms.ui.ComposeMessageActivity} for user 0 :
I/PackageManager(  354):   Action: "android.intent.action.SENDTO"
I/PackageManager(  354):   Category: "android.intent.category.DEFAULT"
I/PackageManager(  354):   Scheme: "mmsto"
I/PackageManager(  354): Adding preferred activity ComponentInfo{com.android.mms/com.android.mms.ui.ComposeMessageActivity} for user 0 :
D/dalvikvm(  600): GC_CONCURRENT freed 512K, 15% free 3356K/3940K, paused 3ms+2ms, total 64ms
I/PackageManager(  354):   Action: "android.intent.action.SENDTO"
I/PackageManager(  354):   Category: "android.intent.category.DEFAULT"
I/PackageManager(  354):   Scheme: "sms"
I/PackageManager(  354): Adding preferred activity ComponentInfo{com.android.mms/com.android.mms.ui.ComposeMessageActivity} for user 0 :
I/PackageManager(  354):   Action: "android.intent.action.SENDTO"
I/PackageManager(  354):   Category: "android.intent.category.DEFAULT"
I/PackageManager(  354):   Scheme: "smsto"
I/PackageManager(  354): Adding preferred activity ComponentInfo{com.android.mms/com.android.mms.ui.ComposeMessageActivity} for user 0 :
I/PackageManager(  354):   Action: "android.intent.action.SENDTO"
I/PackageManager(  354):   Category: "android.intent.category.DEFAULT"
I/PackageManager(  354):   Scheme: "mms"
I/PackageManager(  354): Adding preferred activity ComponentInfo{com.android.mms/com.android.mms.ui.ComposeMessageActivity} for user 0 :
I/PackageManager(  354):   Action: "android.intent.action.SENDTO"
I/PackageManager(  354):   Category: "android.intent.category.DEFAULT"
I/PackageManager(  354):   Scheme: "mmsto"
I/PackageManager(  354): Adding preferred activity ComponentInfo{com.android.mms/com.android.mms.ui.ComposeMessageActivity} for user 0 :
D/dalvikvm(  354): GC_CONCURRENT freed 1526K, 58% free 5653K/13228K, paused 12ms+4ms, total 72ms
D/dalvikvm(  354): WAIT_FOR_CONCURRENT_GC blocked 42ms
D/dalvikvm(  354): WAIT_FOR_CONCURRENT_GC blocked 486ms
E/BluetoothAdapter(  610): Bluetooth binder is null
I/ActivityManager(  354): Start proc com.android.email for content provider com.android.email/.provider.EmailProvider: pid=886 uid=10024 gids={50024, 3003, 1028, 1015}
I/ActivityManager(  354): Start proc com.android.music for broadcast com.android.music/.MediaButtonIntentReceiver: pid=896 uid=10032 gids={50032, 3003, 1028, 1015}
