I/LatinIME:LogUtils(  590): Dictionary info: dictionary = userunigram.en_US.dict ; version = ? ; date = ?
D/dalvikvm(  370): GC_CONCURRENT freed 631K, 58% free 5454K/12732K, paused 34ms+5ms, total 396ms
D/dalvikvm(  370): WAIT_FOR_CONCURRENT_GC blocked 84ms
I/PackageManager(  370):   Action: "android.intent.action.SENDTO"
I/PackageManager(  370):   Category: "android.intent.category.DEFAULT"
I/PackageManager(  370):   Scheme: "mms"
I/PackageManager(  370): Adding preferred activity ComponentInfo{com.android.mms/com.android.mms.ui.ComposeMessageActivity} for user 0 :
I/PackageManager(  370):   Action: "android.intent.action.SENDTO"
I/PackageManager(  370):   Category: "android.intent.category.DEFAULT"
I/PackageManager(  370):   Scheme: "mmsto"
I/PackageManager(  370): Adding preferred activity ComponentInfo{com.android.mms/com.android.mms.ui.ComposeMessageActivity} for user 0 :
E/BluetoothAdapter(  601): Bluetooth binder is null
E/BluetoothAdapter(  601): Bluetooth binder is null
D/CallNotifier(  601): CallNotifier: mSignalInfoToneGenerator created when toneplay
E/BluetoothAdapter(  601): Bluetooth binder is null
D/dalvikvm(  590): GC_CONCURRENT freed 389K, 14% free 2985K/3464K, paused 15ms+9ms, total 82ms
D/dalvikvm(  590): GC_CONCURRENT freed 459K, 17% free 2983K/3584K, paused 6ms+3ms, total 97ms
D/dalvikvm(  601): GC_CONCURRENT freed 277K, 11% free 3052K/3416K, paused 4ms+2ms, total 81ms
D/TelephonyDebugService(  601): TelephonyDebugService()
I/LatinIME:LogUtils(  590): Dictionary info: dictionary = main:en ; version = 42 ; date = 1381226429
I/LatinIME:LogUtils(  590): Dictionary info: dictionary = main:en ; version = 42 ; date = 1381226429
I/LatinIME:LogUtils(  590): Dictionary info: dictionary = main:en ; version = 42 ; date = 1381226429
I/LatinIME:LogUtils(  590): Dictionary info: dictionary = main:en ; version = 42 ; date = 1381226429
I/LatinIME:LogUtils(  590): Dictionary info: dictionary = main:en ; version = 42 ; date = 1381226429
D/MccTable(  601): updateMccMncConfiguration: mcc=310, mnc=260
D/AlarmManagerService(  370): Kernel timezone updated to 240 minutes west of GMT
D/MccTable(  601): timezone set to America/New_York
D/MccTable(  601): getLocaleFromMcc to en_us mcc=310
D/MccTable(  601): getLocaleForLanguageCountry: got match
D/MccTable(  601): getLocaleForLanguageCountry: X locale=en_US
D/MccTable(  601): WIFI_COUNTRY_CODE set to us
I/WifiService(  370): WifiService trying to set country code to us with persist set to true
I/LatinIME:LogUtils(  590): Dictionary info: dictionary = main:en ; version = 42 ; date = 1381226429
I/LatinIME:LogUtils(  590): Dictionary info: dictionary = main:en ; version = 42 ; date = 1381226429
I/LatinIME:LogUtils(  590): Dictionary info: dictionary = main:en ; version = 42 ; date = 1381226429
D/dalvikvm(  370): GC_CONCURRENT freed 449K, 57% free 5584K/12732K, paused 16ms+6ms, total 145ms
D/dalvikvm(  682): GC_CONCURRENT freed 179K, 9% free 2968K/3244K, paused 15ms+14ms, total 108ms
D/dalvikvm(  601): GC_CONCURRENT freed 287K, 11% free 3155K/3532K, paused 517ms+13ms, total 604ms
D/dalvikvm(  370): GC_CONCURRENT freed 689K, 56% free 5618K/12732K, paused 8ms+5ms, total 151ms
D/dalvikvm(  370): WAIT_FOR_CONCURRENT_GC blocked 86ms
D/dalvikvm(  370): WAIT_FOR_CONCURRENT_GC blocked 92ms
D/dalvikvm(  370): WAIT_FOR_CONCURRENT_GC blocked 47ms
D/dalvikvm(  370): WAIT_FOR_CONCURRENT_GC blocked 50ms
D/MobileDataStateTracker(  370): fota: Broadcast received: android.intent.action.ANY_DATA_STATE apnType=fota
D/MobileDataStateTracker(  370): fota: Received state=DISCONNECTED, old=DISCONNECTED, reason=radioTurnedOff
D/MobileDataStateTracker(  370): ia: Broadcast received: android.intent.action.ANY_DATA_STATE apnType=ia
D/MobileDataStateTracker(  370): ia: Received state=DISCONNECTED, old=DISCONNECTED, reason=radioTurnedOff
D/MobileDataStateTracker(  370): supl: Broadcast received: android.intent.action.ANY_DATA_STATE apnType=supl
D/MobileDataStateTracker(  370): supl: Received state=DISCONNECTED, old=DISCONNECTED, reason=radioTurnedOff
D/MobileDataStateTracker(  370): hipri: Broadcast received: android.intent.action.ANY_DATA_STATE apnType=hipri
D/MobileDataStateTracker(  370): hipri: Received state=DISCONNECTED, old=DISCONNECTED, reason=radioTurnedOff
D/MobileDataStateTracker(  370): ims: Broadcast received: android.intent.action.ANY_DATA_STATE apnType=ims
D/MobileDataStateTracker(  370): ims: Received state=DISCONNECTED, old=DISCONNECTED, reason=radioTurnedOff
D/MobileDataStateTracker(  370): default: Broadcast received: android.intent.action.ANY_DATA_STATE apnType=default
D/MobileDataStateTracker(  370): default: Received state=DISCONNECTED, old=DISCONNECTED, reason=radioTurnedOff
D/MobileDataStateTracker(  370): mms: Broadcast received: android.intent.action.ANY_DATA_STATE apnType=mms
D/MobileDataStateTracker(  370): mms: Received state=DISCONNECTED, old=DISCONNECTED, reason=radioTurnedOff
D/MobileDataStateTracker(  370): cbs: Broadcast received: android.intent.action.ANY_DATA_STATE apnType=cbs
D/MobileDataStateTracker(  370): cbs: Received state=DISCONNECTED, old=DISCONNECTED, reason=radioTurnedOff
D/MobileDataStateTracker(  370): fota: Broadcast received: android.intent.action.ANY_DATA_STATE apnType=fota
D/MobileDataStateTracker(  370): fota: Received state=DISCONNECTED, old=DISCONNECTED, reason=radioTurnedOff
D/MobileDataStateTracker(  370): ia: Broadcast received: android.intent.action.ANY_DATA_STATE apnType=ia
D/MobileDataStateTracker(  370): ia: Received state=DISCONNECTED, old=DISCONNECTED, reason=radioTurnedOff
D/MobileDataStateTracker(  370): supl: Broadcast received: android.intent.action.ANY_DATA_STATE apnType=supl
D/MobileDataStateTracker(  370): supl: Received state=DISCONNECTED, old=DISCONNECTED, reason=radioTurnedOff
D/MobileDataStateTracker(  370): hipri: Broadcast received: android.intent.action.ANY_DATA_STATE apnType=hipri
D/MobileDataStateTracker(  370): hipri: Received state=DISCONNECTED, old=DISCONNECTED, reason=radioTurnedOff
D/MobileDataStateTracker(  370): ims: Broadcast received: android.intent.action.ANY_DATA_STATE apnType=ims
D/MobileDataStateTracker(  370): ims: Received state=DISCONNECTED, old=DISCONNECTED, reason=radioTurnedOff
D/MobileDataStateTracker(  370): default: Broadcast received: android.intent.action.ANY_DATA_STATE apnType=default
D/MobileDataStateTracker(  370): default: Received state=DISCONNECTED, old=DISCONNECTED, reason=radioTurnedOff
D/MobileDataStateTracker(  370): mms: Broadcast received: android.intent.action.ANY_DATA_STATE apnType=mms
D/MobileDataStateTracker(  370): mms: Received state=DISCONNECTED, old=DISCONNECTED, reason=radioTurnedOff
D/MobileDataStateTracker(  370): cbs: Broadcast received: android.intent.action.ANY_DATA_STATE apnType=cbs
D/MobileDataStateTracker(  370): cbs: Received state=DISCONNECTED, old=DISCONNECTED, reason=radioTurnedOff
D/MobileDataStateTracker(  370): fota: Broadcast received: android.intent.action.ANY_DATA_STATE apnType=fota
D/MobileDataStateTracker(  370): fota: Received state=DISCONNECTED, old=DISCONNECTED, reason=dataDetached
D/MobileDataStateTracker(  370): ia: Broadcast received: android.intent.action.ANY_DATA_STATE apnType=ia
D/MobileDataStateTracker(  370): ia: Received state=DISCONNECTED, old=DISCONNECTED, reason=dataDetached
D/MobileDataStateTracker(  370): supl: Broadcast received: android.intent.action.ANY_DATA_STATE apnType=supl
D/MobileDataStateTracker(  370): supl: Received state=DISCONNECTED, old=DISCONNECTED, reason=dataDetached
D/MobileDataStateTracker(  370): hipri: Broadcast received: android.intent.action.ANY_DATA_STATE apnType=hipri
D/MobileDataStateTracker(  370): hipri: Received state=DISCONNECTED, old=DISCONNECTED, reason=dataDetached
D/MobileDataStateTracker(  370): ims: Broadcast received: android.intent.action.ANY_DATA_STATE apnType=ims
D/MobileDataStateTracker(  370): ims: Received state=DISCONNECTED, old=DISCONNECTED, reason=dataDetached
D/MobileDataStateTracker(  370): default: Broadcast received: android.intent.action.ANY_DATA_STATE apnType=default
D/MobileDataStateTracker(  370): default: Received state=DISCONNECTED, old=DISCONNECTED, reason=dataDetached
D/MobileDataStateTracker(  370): mms: Broadcast received: android.intent.action.ANY_DATA_STATE apnType=mms
D/MobileDataStateTracker(  370): mms: Received state=DISCONNECTED, old=DISCONNECTED, reason=dataDetached
D/MobileDataStateTracker(  370): cbs: Broadcast received: android.intent.action.ANY_DATA_STATE apnType=cbs
D/MobileDataStateTracker(  370): cbs: Received state=DISCONNECTED, old=DISCONNECTED, reason=dataDetached
D/MobileDataStateTracker(  370): fota: Broadcast received: android.intent.action.ANY_DATA_STATE apnType=fota
D/MobileDataStateTracker(  370): fota: Received state=DISCONNECTED, old=DISCONNECTED, reason=roamingOff
D/MobileDataStateTracker(  370): ia: Broadcast received: android.intent.action.ANY_DATA_STATE apnType=ia
D/MobileDataStateTracker(  370): ia: Received state=DISCONNECTED, old=DISCONNECTED, reason=roamingOff
D/MobileDataStateTracker(  370): supl: Broadcast received: android.intent.action.ANY_DATA_STATE apnType=supl
D/MobileDataStateTracker(  370): supl: Received state=DISCONNECTED, old=DISCONNECTED, reason=roamingOff
D/MobileDataStateTracker(  370): hipri: Broadcast received: android.intent.action.ANY_DATA_STATE apnType=hipri
D/MobileDataStateTracker(  370): hipri: Received state=DISCONNECTED, old=DISCONNECTED, reason=roamingOff
D/MobileDataStateTracker(  370): ims: Broadcast received: android.intent.action.ANY_DATA_STATE apnType=ims
D/MobileDataStateTracker(  370): ims: Received state=DISCONNECTED, old=DISCONNECTED, reason=roamingOff
D/MobileDataStateTracker(  370): default: Broadcast received: android.intent.action.ANY_DATA_STATE apnType=default
D/MobileDataStateTracker(  370): default: Received state=DISCONNECTED, old=DISCONNECTED, reason=roamingOff
D/MobileDataStateTracker(  370): mms: Broadcast received: android.intent.action.ANY_DATA_STATE apnType=mms
D/MobileDataStateTracker(  370): mms: Received state=DISCONNECTED, old=DISCONNECTED, reason=roamingOff
D/MobileDataStateTracker(  370): cbs: Broadcast received: android.intent.action.ANY_DATA_STATE apnType=cbs
D/MobileDataStateTracker(  370): cbs: Received state=DISCONNECTED, old=DISCONNECTED, reason=roamingOff
D/MobileDataStateTracker(  370): fota: Broadcast received: android.intent.action.ANY_DATA_STATE apnType=fota
D/MobileDataStateTracker(  370): fota: Received state=DISCONNECTED, old=DISCONNECTED, reason=roamingOff
D/MobileDataStateTracker(  370): ia: Broadcast received: android.intent.action.ANY_DATA_STATE apnType=ia
D/MobileDataStateTracker(  370): ia: Received state=DISCONNECTED, old=DISCONNECTED, reason=roamingOff
D/MobileDataStateTracker(  370): supl: Broadcast received: android.intent.action.ANY_DATA_STATE apnType=supl
D/MobileDataStateTracker(  370): supl: Received state=DISCONNECTED, old=DISCONNECTED, reason=roamingOff
D/MobileDataStateTracker(  370): hipri: Broadcast received: android.intent.action.ANY_DATA_STATE apnType=hipri
D/MobileDataStateTracker(  370): hipri: Received state=DISCONNECTED, old=DISCONNECTED, reason=roamingOff
D/MobileDataStateTracker(  370): ims: Broadcast received: android.intent.action.ANY_DATA_STATE apnType=ims
D/MobileDataStateTracker(  370): ims: Received state=DISCONNECTED, old=DISCONNECTED, reason=roamingOff
D/MobileDataStateTracker(  370): default: Broadcast received: android.intent.action.ANY_DATA_STATE apnType=default
D/MobileDataStateTracker(  370): default: Received state=DISCONNECTED, old=DISCONNECTED, reason=roamingOff
D/MobileDataStateTracker(  370): mms: Broadcast received: android.intent.action.ANY_DATA_STATE apnType=mms
D/MobileDataStateTracker(  370): mms: Received state=DISCONNECTED, old=DISCONNECTED, reason=roamingOff
D/MobileDataStateTracker(  370): cbs: Broadcast received: android.intent.action.ANY_DATA_STATE apnType=cbs
D/MobileDataStateTracker(  370): cbs: Received state=DISCONNECTED, old=DISCONNECTED, reason=roamingOff
I/FusedLocation(  370): engine stopped (com.android.location.fused)
I/FusedLocation(  370): engine started (com.android.location.fused)
I/FusedLocation(  370): engine started (com.android.location.fused)
D/MobileDataStateTracker(  370): fota: Broadcast received: android.intent.action.ANY_DATA_STATE apnType=fota
D/MobileDataStateTracker(  370): fota: Received state=DISCONNECTED, old=DISCONNECTED, reason=dataAttached
D/MobileDataStateTracker(  370): ia: Broadcast received: android.intent.action.ANY_DATA_STATE apnType=ia
D/MobileDataStateTracker(  370): ia: Received state=DISCONNECTED, old=DISCONNECTED, reason=dataAttached
D/MobileDataStateTracker(  370): supl: Broadcast received: android.intent.action.ANY_DATA_STATE apnType=supl
D/MobileDataStateTracker(  370): supl: Received state=DISCONNECTED, old=DISCONNECTED, reason=dataAttached
D/MobileDataStateTracker(  370): hipri: Broadcast received: android.intent.action.ANY_DATA_STATE apnType=hipri
D/MobileDataStateTracker(  370): hipri: Received state=DISCONNECTED, old=DISCONNECTED, reason=dataAttached
D/MobileDataStateTracker(  370): ims: Broadcast received: android.intent.action.ANY_DATA_STATE apnType=ims
D/MobileDataStateTracker(  370): ims: Received state=DISCONNECTED, old=DISCONNECTED, reason=dataAttached
D/MobileDataStateTracker(  370): mms: Broadcast received: android.intent.action.ANY_DATA_STATE apnType=mms
D/MobileDataStateTracker(  370): mms: Received state=DISCONNECTED, old=DISCONNECTED, reason=dataAttached
D/MobileDataStateTracker(  370): cbs: Broadcast received: android.intent.action.ANY_DATA_STATE apnType=cbs
D/MobileDataStateTracker(  370): cbs: Received state=DISCONNECTED, old=DISCONNECTED, reason=dataAttached
D/MobileDataStateTracker(  370): fota: Broadcast received: android.intent.action.ANY_DATA_STATE apnType=fota
D/MobileDataStateTracker(  370): fota: Received state=DISCONNECTED, old=DISCONNECTED, reason=dataAttached
D/MobileDataStateTracker(  370): ia: Broadcast received: android.intent.action.ANY_DATA_STATE apnType=ia
D/MobileDataStateTracker(  370): ia: Received state=DISCONNECTED, old=DISCONNECTED, reason=dataAttached
D/MobileDataStateTracker(  370): supl: Broadcast received: android.intent.action.ANY_DATA_STATE apnType=supl
D/MobileDataStateTracker(  370): supl: Received state=DISCONNECTED, old=DISCONNECTED, reason=dataAttached
D/MobileDataStateTracker(  370): hipri: Broadcast received: android.intent.action.ANY_DATA_STATE apnType=hipri
D/MobileDataStateTracker(  370): hipri: Received state=DISCONNECTED, old=DISCONNECTED, reason=dataAttached
D/MobileDataStateTracker(  370): ims: Broadcast received: android.intent.action.ANY_DATA_STATE apnType=ims
D/MobileDataStateTracker(  370): ims: Received state=DISCONNECTED, old=DISCONNECTED, reason=dataAttached
D/MobileDataStateTracker(  370): mms: Broadcast received: android.intent.action.ANY_DATA_STATE apnType=mms
D/MobileDataStateTracker(  370): mms: Received state=DISCONNECTED, old=DISCONNECTED, reason=dataAttached
D/MobileDataStateTracker(  370): cbs: Broadcast received: android.intent.action.ANY_DATA_STATE apnType=cbs
D/dalvikvm(  682): GC_FOR_ALLOC freed 185K, 9% free 3111K/3388K, paused 202ms, total 204ms
D/MccTable(  601): updateMccMncConfiguration: mcc=310, mnc=260
D/MccTable(  601): getLocaleFromMcc to en_us mcc=310
I/dalvikvm-heap(  682): Grow heap (frag case) to 3.735MB for 640016-byte allocation
D/MobileDataStateTracker(  370): cbs: Received state=DISCONNECTED, old=DISCONNECTED, reason=dataAttached
D/MccTable(  601): getLocaleForLanguageCountry: got match
D/MccTable(  601): getLocaleForLanguageCountry: X locale=en_US
D/MccTable(  601): updateMccMncConfiguration updateConfig config={1.0 310mcc260mnc en_US ldltr ?swdp ?wdp ?hdp ?density ?lsize ?long ?orien ?uimode ?night ?touch ?keyb/?/? ?nav/?}
I/ActivityManager(  370): Config changes=3 {1.0 310mcc260mnc en_US ldltr sw480dp w480dp h839dp 160dpi lrg long port finger -keyb/v/h tball/v s.6}
D/dalvikvm(  370): GC_CONCURRENT freed 775K, 57% free 5491K/12732K, paused 58ms+62ms, total 460ms
D/dalvikvm(  682): GC_FOR_ALLOC freed 4K, 8% free 3732K/4016K, paused 126ms, total 126ms
D/PermissionCache(   57): checking android.permission.READ_FRAME_BUFFER for uid=1000 => granted (6112 us)
D/PhoneStatusBar(  447): mSettingsPanelGravity = 55
D/gralloc (   57): Registering a buffer in the process that created it. This may cause memory ordering problems.
E/libEGL  (   57): called unimplemented OpenGL ES API
E/libEGL  (   57): called unimplemented OpenGL ES API
E/libEGL  (   57): called unimplemented OpenGL ES API
E/libEGL  (   57): called unimplemented OpenGL ES API
E/SurfaceFlinger(   57): glCheckFramebufferStatusOES error -585410877
E/SurfaceFlinger(   57): got GL_FRAMEBUFFER_COMPLETE_OES error while taking screenshot
E/libEGL  (   57): called unimplemented OpenGL ES API
E/libEGL  (   57): called unimplemented OpenGL ES API
I/ARMAssembler(   57): generated scanline__00000077:03515104_00008001_00000000 [113 ipp] (134 ins) at [0xb5a011f0:0xb5a01408] in 10000000 ns
D/dalvikvm(  682): GC_CONCURRENT freed 6K, 8% free 3727K/4016K, paused 3ms+4ms, total 220ms
D/MccTable(  601): updateMccMncConfiguration: mcc=310, mnc=260
D/MccTable(  601): getLocaleFromMcc to en_us mcc=310
D/MccTable(  601): getLocaleForLanguageCountry: skipping already persisted
D/MccTable(  601): getLocaleForLanguageCountry: X locale=null
D/MccTable(  601): updateMccMncConfiguration updateConfig config={1.0 310mcc260mnc ?locale ?layoutDir ?swdp ?wdp ?hdp ?density ?lsize ?long ?orien ?uimode ?night ?touch ?keyb/?/? ?nav/?}
W/Resources(  682): Converting to int: TypedValue{t=0x3/d=0x12 "4" a=-1}
W/Resources(  682): Converting to int: TypedValue{t=0x3/d=0xf "1" a=-1}
D/dalvikvm(  601): GC_CONCURRENT freed 366K, 13% free 3301K/3756K, paused 4ms+3ms, total 144ms
D/dalvikvm(  601): WAIT_FOR_CONCURRENT_GC blocked 65ms
W/Resources(  682): Converting to int: TypedValue{t=0x3/d=0x15 "2" a=-1}
W/Resources(  682): Converting to int: TypedValue{t=0x3/d=0x15 "2" a=-1}
D/dalvikvm(  601): GC_CONCURRENT freed 408K, 14% free 3278K/3776K, paused 4ms+2ms, total 28ms
D/MobileDataStateTracker(  370): fota: Broadcast received: android.intent.action.ANY_DATA_STATE apnType=fota
D/MobileDataStateTracker(  370): fota: Received state=DISCONNECTED, old=DISCONNECTED, reason=simLoaded
D/MobileDataStateTracker(  370): ia: Broadcast received: android.intent.action.ANY_DATA_STATE apnType=ia
D/MobileDataStateTracker(  370): ia: Received state=DISCONNECTED, old=DISCONNECTED, reason=simLoaded
D/MobileDataStateTracker(  370): supl: Broadcast received: android.intent.action.ANY_DATA_STATE apnType=supl
D/MobileDataStateTracker(  370): supl: Received state=DISCONNECTED, old=DISCONNECTED, reason=simLoaded
D/MobileDataStateTracker(  370): hipri: Broadcast received: android.intent.action.ANY_DATA_STATE apnType=hipri
D/MobileDataStateTracker(  370): hipri: Received state=DISCONNECTED, old=DISCONNECTED, reason=simLoaded
D/MobileDataStateTracker(  370): ims: Broadcast received: android.intent.action.ANY_DATA_STATE apnType=ims
D/MobileDataStateTracker(  370): ims: Received state=DISCONNECTED, old=DISCONNECTED, reason=simLoaded
D/MobileDataStateTracker(  370): mms: Broadcast received: android.intent.action.ANY_DATA_STATE apnType=mms
D/MobileDataStateTracker(  370): mms: Received state=DISCONNECTED, old=DISCONNECTED, reason=simLoaded
D/MobileDataStateTracker(  370): cbs: Broadcast received: android.intent.action.ANY_DATA_STATE apnType=cbs
D/MobileDataStateTracker(  370): cbs: Received state=DISCONNECTED, old=DISCONNECTED, reason=simLoaded
D/dalvikvm(  370): GC_CONCURRENT freed 587K, 57% free 5487K/12732K, paused 40ms+4ms, total 157ms
D/MobileDataStateTracker(  370): default: Broadcast received: android.intent.action.ANY_DATA_STATE apnType=default
D/MobileDataStateTracker(  370): default: Received state=CONNECTING, old=DISCONNECTED, reason=simLoaded
D/MobileDataStateTracker(  370): default: setDetailed state, old =IDLE and new state=CONNECTING
D/MobileDataStateTracker(  370): fota: Broadcast received: android.intent.action.ANY_DATA_STATE apnType=fota
D/MobileDataStateTracker(  370): fota: Received state=DISCONNECTED, old=DISCONNECTED, reason=simLoaded
D/MobileDataStateTracker(  370): ia: Broadcast received: android.intent.action.ANY_DATA_STATE apnType=ia
D/MobileDataStateTracker(  370): ia: Received state=DISCONNECTED, old=DISCONNECTED, reason=simLoaded
D/MobileDataStateTracker(  370): supl: Broadcast received: android.intent.action.ANY_DATA_STATE apnType=supl
D/MobileDataStateTracker(  370): supl: Received state=DISCONNECTED, old=DISCONNECTED, reason=simLoaded
D/MobileDataStateTracker(  370): hipri: Broadcast received: android.intent.action.ANY_DATA_STATE apnType=hipri
D/MobileDataStateTracker(  370): hipri: Received state=DISCONNECTED, old=DISCONNECTED, reason=simLoaded
D/MobileDataStateTracker(  370): ims: Broadcast received: android.intent.action.ANY_DATA_STATE apnType=ims
D/MobileDataStateTracker(  370): ims: Received state=DISCONNECTED, old=DISCONNECTED, reason=simLoaded
D/MobileDataStateTracker(  370): mms: Broadcast received: android.intent.action.ANY_DATA_STATE apnType=mms
D/MobileDataStateTracker(  370): mms: Received state=DISCONNECTED, old=DISCONNECTED, reason=simLoaded
D/MobileDataStateTracker(  370): cbs: Broadcast received: android.intent.action.ANY_DATA_STATE apnType=cbs
D/MobileDataStateTracker(  370): cbs: Received state=DISCONNECTED, old=DISCONNECTED, reason=simLoaded
D/MobileDataStateTracker(  370): default: Broadcast received: android.intent.action.ANY_DATA_STATE apnType=default
D/MobileDataStateTracker(  370): default: Received state=CONNECTED, old=CONNECTING, reason=connected
D/MobileDataStateTracker(  370): default: setDetailed state, old =CONNECTING and new state=CONNECTED
D/ConnectivityService(  370): ConnectivityChange for mobile: CONNECTED/CONNECTED
D/ConnectivityService(  370): ConnectivityChange checkMobileProvisioning for TYPE_MOBILE or ProvisioningNetwork
D/ConnectivityService(  370): checkMobileProvisioning: E suggestedTimeOutMs=60000
D/ConnectivityService(  370): setProvNotificationVisible: E visible=false networkType=5 extraInfo=null url=null
D/ConnectivityService(  370): checkMobileProvisioning: params={ url=http://clients3.google.com/generate_204 mTimeOutMs=60000 mCb=com.android.server.ConnectivityService$5@b35cad88}
D/ConnectivityService(  370): checkMobileProvisioning: X
D/dalvikvm(  601): GC_CONCURRENT freed 465K, 15% free 3294K/3852K, paused 8ms+82ms, total 223ms
D/Nat464Xlat(  370): requiresClat: netType=0, hasIPv4Address=true
W/Launcher.LauncherProvider(  682): Unable to add favorite: com.android.camera2/com.android.camera.CameraLauncher
W/Launcher.LauncherProvider(  682): android.content.pm.PackageManager$NameNotFoundException: ComponentInfo{com.android.camera2/com.android.camera.CameraLauncher}
W/Launcher.LauncherProvider(  682): 	at android.app.ApplicationPackageManager.getActivityInfo(ApplicationPackageManager.java:242)
W/Launcher.LauncherProvider(  682): 	at com.android.launcher2.LauncherProvider$DatabaseHelper.addAppShortcut(LauncherProvider.java:959)
W/Launcher.LauncherProvider(  682): 	at com.android.launcher2.LauncherProvider$DatabaseHelper.loadFavorites(LauncherProvider.java:863)
W/Launcher.LauncherProvider(  682): 	at com.android.launcher2.LauncherProvider$DatabaseHelper.access$000(LauncherProvider.java:253)
W/Launcher.LauncherProvider(  682): 	at com.android.launcher2.LauncherProvider.loadDefaultFavoritesIfNecessary(LauncherProvider.java:237)
W/Launcher.LauncherProvider(  682): 	at com.android.launcher2.LauncherModel$LoaderTask.loadWorkspace(LauncherModel.java:1278)
W/Launcher.LauncherProvider(  682): 	at com.android.launcher2.LauncherModel$LoaderTask.loadAndBindWorkspace(LauncherModel.java:1020)
W/Launcher.LauncherProvider(  682): 	at com.android.launcher2.LauncherModel$LoaderTask.run(LauncherModel.java:1126)
W/Launcher.LauncherProvider(  682): 	at android.os.Handler.handleCallback(Handler.java:733)
W/Launcher.LauncherProvider(  682): 	at android.os.Handler.dispatchMessage(Handler.java:95)
W/Launcher.LauncherProvider(  682): 	at android.os.Looper.loop(Looper.java:136)
W/Launcher.LauncherProvider(  682): 	at android.os.HandlerThread.run(HandlerThread.java:61)
W/Launcher.LauncherProvider(  682): Unable to add favorite: com.android.gallery3d/com.android.gallery3d.app.Gallery
W/Launcher.LauncherProvider(  682): android.content.pm.PackageManager$NameNotFoundException: ComponentInfo{com.android.gallery3d/com.android.gallery3d.app.Gallery}
W/Launcher.LauncherProvider(  682): 	at android.app.ApplicationPackageManager.getActivityInfo(ApplicationPackageManager.java:242)
W/Launcher.LauncherProvider(  682): 	at com.android.launcher2.LauncherProvider$DatabaseHelper.addAppShortcut(LauncherProvider.java:959)
W/Launcher.LauncherProvider(  682): 	at com.android.launcher2.LauncherProvider$DatabaseHelper.loadFavorites(LauncherProvider.java:863)
W/Launcher.LauncherProvider(  682): 	at com.android.launcher2.LauncherProvider$DatabaseHelper.access$000(LauncherProvider.java:253)
W/Launcher.LauncherProvider(  682): 	at com.android.launcher2.LauncherProvider.loadDefaultFavoritesIfNecessary(LauncherProvider.java:237)
W/Launcher.LauncherProvider(  682): 	at com.android.launcher2.LauncherModel$LoaderTask.loadWorkspace(LauncherModel.java:1278)
W/Launcher.LauncherProvider(  682): 	at com.android.launcher2.LauncherModel$LoaderTask.loadAndBindWorkspace(LauncherModel.java:1020)
W/Launcher.LauncherProvider(  682): 	at com.android.launcher2.LauncherModel$LoaderTask.run(LauncherModel.java:1126)
W/Launcher.LauncherProvider(  682): 	at android.os.Handler.handleCallback(Handler.java:733)
W/Launcher.LauncherProvider(  682): 	at android.os.Handler.dispatchMessage(Handler.java:95)
W/Launcher.LauncherProvider(  682): 	at android.os.Looper.loop(Looper.java:136)
W/Launcher.LauncherProvider(  682): 	at android.os.HandlerThread.run(HandlerThread.java:61)
W/ProcessCpuTracker(  370): Skipping unknown process pid 752
I/NetworkPolicy(  370): no policy for active mobile network; generating default policy
D/MobileDataStateTracker(  370): default: setPolicyDataEnable(enabled=true)
D/dalvikvm(  682): GC_CONCURRENT freed 304K, 9% free 3871K/4248K, paused 5ms+6ms, total 190ms
D/dalvikvm(  370): GC_CONCURRENT freed 500K, 57% free 5564K/12732K, paused 19ms+15ms, total 166ms
I/SurfaceFlinger(   57): Boot is finished (69733 ms)
E/NetdConnector(  370): NDC Command {12 bandwidth setiquota eth0 9223372036854775807} took too long (1345ms)
D/Launcher.Model(  682): Reload apps on config change. curr_mcc:310 prevmcc:0
D/MobileDataStateTracker(  370): default: isProvisioningNetwork: retVal=false
D/ConnectivityService(  370): [CheckMp] isMobileOk: isDefaultProvisioning=false
D/MobileDataStateTracker(  370): default: setPolicyDataEnable(enabled=true)
D/MobileDataStateTracker(  370): hipri: isProvisioningNetwork: retVal=false
D/ConnectivityService(  370): [CheckMp] isMobileOk: isHipriProvisioning=false
D/ConnectivityService(  370): [CheckMp] isMobileOk: start hipri url=http://clients3.google.com/generate_204
I/Choreographer(  682): Skipped 522 frames!  The application may be doing too much work on its main thread.
W/ActivityManager(  370): Launch timeout has expired, giving up wake lock!
I/Choreographer(  682): Skipped 47 frames!  The application may be doing too much work on its main thread.
D/gralloc_goldfish(  682): Emulator without GPU emulation detected.
D/dalvikvm(  590): GC_CONCURRENT freed 289K, 14% free 3077K/3560K, paused 2ms+32ms, total 118ms
D/dalvikvm(  682): GC_FOR_ALLOC freed 184K, 8% free 4029K/4352K, paused 42ms, total 56ms
I/dalvikvm-heap(  682): Grow heap (frag case) to 5.557MB for 1610896-byte allocation
D/dalvikvm(  682): GC_FOR_ALLOC freed 111K, 8% free 5490K/5928K, paused 43ms, total 43ms
E/NetdConnector(  370): NDC Command {13 bandwidth removeiquota eth0} took too long (845ms)
I/InputReader(  370): Reconfiguring input devices.  changes=0x00000010
I/PackageManager(  370):   Action: "android.intent.action.SENDTO"
I/PackageManager(  370):   Category: "android.intent.category.DEFAULT"
I/PackageManager(  370):   Scheme: "sms"
I/PackageManager(  370): Adding preferred activity ComponentInfo{com.android.mms/com.android.mms.ui.ComposeMessageActivity} for user 0 :
D/dalvikvm(  682): GC_CONCURRENT freed 20K, 8% free 5471K/5928K, paused 17ms+43ms, total 289ms
D/dalvikvm(  682): WAIT_FOR_CONCURRENT_GC blocked 136ms
I/dalvikvm-heap(  682): Grow heap (frag case) to 6.966MB for 1610896-byte allocation
I/PackageManager(  370):   Action: "android.intent.action.SENDTO"
I/PackageManager(  370):   Category: "android.intent.category.DEFAULT"
I/PackageManager(  370):   Scheme: "smsto"
I/PackageManager(  370): Adding preferred activity ComponentInfo{com.android.mms/com.android.mms.ui.ComposeMessageActivity} for user 0 :
I/PackageManager(  370):   Action: "android.intent.action.SENDTO"
I/PackageManager(  370):   Category: "android.intent.category.DEFAULT"
I/PackageManager(  370):   Scheme: "mms"
I/PackageManager(  370): Adding preferred activity ComponentInfo{com.android.mms/com.android.mms.ui.ComposeMessageActivity} for user 0 :
I/PackageManager(  370):   Action: "android.intent.action.SENDTO"
I/PackageManager(  370):   Category: "android.intent.category.DEFAULT"
I/PackageManager(  370):   Scheme: "mmsto"
I/PackageManager(  370): Adding preferred activity ComponentInfo{com.android.mms/com.android.mms.ui.ComposeMessageActivity} for user 0 :
D/dalvikvm(  682): GC_FOR_ALLOC freed <1K, 7% free 7044K/7504K, paused 180ms, total 180ms
W/WindowManager(  370): App freeze timeout expired.
W/WindowManager(  370): Force clearing freeze: AppWindowToken{b36b5c48 token=Token{b33228c0 ActivityRecord{b2f076b8 u0 com.android.launcher/com.android.launcher2.Launcher t3}}}
D/dalvikvm(  682): GC_CONCURRENT freed 1K, 7% free 7090K/7548K, paused 4ms+3ms, total 149ms
D/Tethering(  370): MasterInitialState.processMessage what=3
D/CaptivePortalTracker(  370): NoActiveNetworkState{ when=-16ms what=1 obj=NetworkInfo: type: mobile[UMTS], state: CONNECTED/CONNECTED, reason: connected, extra: epc.tmobile.com, roaming: false, failover: false, isAvailable: true, isConnectedToProvisioningNetwork: false target=com.android.internal.util.StateMachine$SmHandler }
D/CaptivePortalTracker(  370): NoActiveNetworkState not a wifi connectivity change, ignore
I/ActivityManager(  370): Displayed com.android.launcher/com.android.launcher2.Launcher: +10s154ms (total +13s64ms)
I/PackageManager(  370):   Action: "android.intent.action.SENDTO"
I/PackageManager(  370):   Category: "android.intent.category.DEFAULT"
I/PackageManager(  370):   Scheme: "sms"
I/PackageManager(  370): Adding preferred activity ComponentInfo{com.android.mms/com.android.mms.ui.ComposeMessageActivity} for user 0 :
E/NetdConnector(  370): NDC Command {14 bandwidth setiquota eth0 9223372036854775807} took too long (1309ms)
W/WindowManager(  370): Window freeze timeout expired.
W/WindowManager(  370): Force clearing orientation change: Window{b333a218 u0 com.android.systemui.ImageWallpaper}
I/PackageManager(  370):   Action: "android.intent.action.SENDTO"
I/PackageManager(  370):   Category: "android.intent.category.DEFAULT"
I/PackageManager(  370):   Scheme: "smsto"
I/PackageManager(  370): Adding preferred activity ComponentInfo{com.android.mms/com.android.mms.ui.ComposeMessageActivity} for user 0 :
D/MobileDataStateTracker(  370): default: setPolicyDataEnable(enabled=true)
I/WindowManager(  370): Screen frozen for +5s985ms due to Window{b333a218 u0 com.android.systemui.ImageWallpaper}
D/dalvikvm(  447): GC_FOR_ALLOC freed 3125K, 48% free 3587K/6800K, paused 480ms, total 547ms
I/dalvikvm-heap(  447): Grow heap (frag case) to 6.515MB for 3072016-byte allocation
D/dalvikvm(  601): GC_CONCURRENT freed 318K, 13% free 3383K/3872K, paused 5ms+2ms, total 295ms
D/dalvikvm(  447): GC_CONCURRENT freed 5K, 4% free 6581K/6800K, paused 42ms+28ms, total 190ms
D/dalvikvm(  370): GC_CONCURRENT freed 694K, 57% free 5589K/12732K, paused 4ms+5ms, total 508ms
D/dalvikvm(  370): WAIT_FOR_CONCURRENT_GC blocked 226ms
D/dalvikvm(  370): WAIT_FOR_CONCURRENT_GC blocked 191ms
D/dalvikvm(  370): WAIT_FOR_CONCURRENT_GC blocked 170ms
D/dalvikvm(  370): WAIT_FOR_CONCURRENT_GC blocked 47ms
I/PackageManager(  370):   Action: "android.intent.action.SENDTO"
I/PackageManager(  370):   Category: "android.intent.category.DEFAULT"
I/PackageManager(  370):   Scheme: "mms"
I/PackageManager(  370): Adding preferred activity ComponentInfo{com.android.mms/com.android.mms.ui.ComposeMessageActivity} for user 0 :
I/Choreographer(  370): Skipped 35 frames!  The application may be doing too much work on its main thread.
I/PackageManager(  370):   Action: "android.intent.action.SENDTO"
I/PackageManager(  370):   Category: "android.intent.category.DEFAULT"
I/PackageManager(  370):   Scheme: "mmsto"
I/PackageManager(  370): Adding preferred activity ComponentInfo{com.android.mms/com.android.mms.ui.ComposeMessageActivity} for user 0 :
I/Choreographer(  370): Skipped 62 frames!  The application may be doing too much work on its main thread.
I/Choreographer(  370): Skipped 253 frames!  The application may be doing too much work on its main thread.
I/ContactLocale(  547): AddressBook Labels [en_US]: [, A, B, C, D, E, F, G, H, I, J, K, L, M, N, O, P, Q, R, S, T, U, V, W, X, Y, Z, , , , , , , , , , , , , , , , , , , , , , , , , , , , , , , , , , , , , , , , , , , , , , , , , , , , , , , , , , , , , , , , , , , , , , , , , , , , , , , , , , , , , , , , , , , , , , , , , , , , , , , , , , , , , , , , , , , , , , , , , , , , , , , , , , , , , , , , , , , , , , , , , , , , , , , , , , , , , , , , , , , , , , , , , , , , , , , , , , , , , , #, ]
D/dalvikvm(  370): GC_CONCURRENT freed 674K, 57% free 5576K/12732K, paused 17ms+39ms, total 266ms
D/ConnectivityService(  370): startUsingNetworkFeature reconnecting to 0: enableHIPRI
D/ConnectivityService(  370): startUsingNetworkFeature X: return APN_REQUEST_STARTED
E/ConnectivityService(  370): startUsingNetworkFeature took too long: 6203ms
D/ConnectivityService(  370): [CheckMp] isMobileOk: hipri started
D/ConnectivityService(  370): [CheckMp] isMobileOk: not connected ni=NetworkInfo: type: mobile_hipri[UMTS], state: DISCONNECTED/IDLE, reason: (unspecified), extra: (none), roaming: false, failover: false, isAvailable: true, isConnectedToProvisioningNetwork: false
D/MobileDataStateTracker(  370): hipri: Broadcast received: android.intent.action.ANY_DATA_STATE apnType=hipri
D/MobileDataStateTracker(  370): hipri: Received state=CONNECTING, old=DISCONNECTED, reason=dataEnabled
D/MobileDataStateTracker(  370): hipri: setDetailed state, old =IDLE and new state=CONNECTING
D/MobileDataStateTracker(  370): fota: Broadcast received: android.intent.action.ANY_DATA_STATE apnType=fota
D/MobileDataStateTracker(  370): fota: Received state=DISCONNECTED, old=DISCONNECTED, reason=dataEnabled
D/MobileDataStateTracker(  370): ia: Broadcast received: android.intent.action.ANY_DATA_STATE apnType=ia
D/MobileDataStateTracker(  370): ia: Received state=DISCONNECTED, old=DISCONNECTED, reason=dataEnabled
D/MobileDataStateTracker(  370): supl: Broadcast received: android.intent.action.ANY_DATA_STATE apnType=supl
D/MobileDataStateTracker(  370): supl: Received state=DISCONNECTED, old=DISCONNECTED, reason=dataEnabled
D/MobileDataStateTracker(  370): ims: Broadcast received: android.intent.action.ANY_DATA_STATE apnType=ims
D/MobileDataStateTracker(  370): ims: Received state=DISCONNECTED, old=DISCONNECTED, reason=dataEnabled
D/MobileDataStateTracker(  370): mms: Broadcast received: android.intent.action.ANY_DATA_STATE apnType=mms
D/dalvikvm(  601): GC_CONCURRENT freed 479K, 15% free 3295K/3872K, paused 53ms+17ms, total 161ms
D/MobileDataStateTracker(  370): mms: Received state=DISCONNECTED, old=DISCONNECTED, reason=dataEnabled
D/MobileDataStateTracker(  370): cbs: Broadcast received: android.intent.action.ANY_DATA_STATE apnType=cbs
D/MobileDataStateTracker(  370): cbs: Received state=DISCONNECTED, old=DISCONNECTED, reason=dataEnabled
D/MobileDataStateTracker(  370): hipri: Broadcast received: android.intent.action.ANY_DATA_STATE apnType=hipri
D/MobileDataStateTracker(  370): hipri: Received state=CONNECTED, old=CONNECTING, reason=dataEnabled
D/MobileDataStateTracker(  370): hipri: setDetailed state, old =CONNECTING and new state=CONNECTED
D/ConnectivityService(  370): ConnectivityChange for mobile_hipri: CONNECTED/CONNECTED
E/logwrapper(  801): executing /system/bin/ip failed: No such file or directory
E/ConnectivityService(  370): Exception trying to add a route: java.lang.IllegalStateException: command '21 interface fwmark exempt add 10.0.2.2/32' failed with '400 21 Failed to add exemption rule (File exists)'
E/logwrapper(  802): executing /system/bin/ip failed: No such file or directory
E/ConnectivityService(  370): Exception trying to add a route: java.lang.IllegalStateException: command '23 interface fwmark exempt add 10.0.2.3/32' failed with '400 23 Failed to add exemption rule (File exists)'
E/logwrapper(  803): executing /system/bin/ip failed: No such file or directory
E/ConnectivityService(  370): Exception trying to add a route: java.lang.IllegalStateException: command '25 interface fwmark exempt add 10.0.2.2/32' failed with '400 25 Failed to add exemption rule (File exists)'
E/logwrapper(  804): executing /system/bin/ip failed: No such file or directory
E/ConnectivityService(  370): Exception trying to add a route: java.lang.IllegalStateException: command '27 interface fwmark exempt add 10.0.2.4/32' failed with '400 27 Failed to add exemption rule (File exists)'
E/logwrapper(  805): executing /system/bin/ip failed: No such file or directory
E/SecondaryTablController(   54): ip route add failed: /system/bin/ip route add 10.0.2.2/32 via 0.0.0.0 dev eth0 table 60
W/FrameworkListener(   54): Handler 'interface' error (No such device)
E/ConnectivityService(  370): Exception trying to add a route: java.lang.IllegalStateException: command '28 interface route add eth0 secondary 10.0.2.2 32 0.0.0.0' failed with '400 28 ip route modification failed (No such device)'
E/logwrapper(  806): executing /system/bin/ip failed: No such file or directory
E/SecondaryTablController(   54): ip route add failed: /system/bin/ip route add 0.0.0.0/0 via 10.0.2.2 dev eth0 table 60
W/FrameworkListener(   54): Handler 'interface' error (No such device)
E/ConnectivityService(  370): Exception trying to add a route: java.lang.IllegalStateException: command '29 interface route add eth0 secondary 0.0.0.0 0 10.0.2.2' failed with '400 29 ip route modification failed (No such device)'
D/Nat464Xlat(  370): requiresClat: netType=5, hasIPv4Address=true
D/AndroidRuntime(  799): 
D/AndroidRuntime(  799): >>>>>> AndroidRuntime START com.android.internal.os.RuntimeInit <<<<<<
D/AndroidRuntime(  799): CheckJNI is ON
I/MediaProvider(  620): Upgrading media database from version 0 to 700, which will destroy all old data
D/MobileDataStateTracker(  370): default: setPolicyDataEnable(enabled=true)
W/NetworkPolicy(  370): shared quota unsupported; generating rule for each iface
D/dalvikvm(  799): Trying to load lib libjavacore.so 0x0
D/dalvikvm(  799): Added shared lib libjavacore.so 0x0
D/dalvikvm(  799): Trying to load lib libnativehelper.so 0x0
D/dalvikvm(  799): Added shared lib libnativehelper.so 0x0
D/dalvikvm(  799): No JNI_OnLoad found in libnativehelper.so 0x0, skipping init
I/Choreographer(  682): Skipped 73 frames!  The application may be doing too much work on its main thread.
D/dalvikvm(  799): Note: class Landroid/app/ActivityManagerNative; has 179 unimplemented (abstract) methods
E/NetdConnector(  370): NDC Command {30 bandwidth gettetherstats} took too long (1051ms)
D/MobileDataStateTracker(  370): hipri: isProvisioningNetwork: retVal=false
D/ConnectivityService(  370): [CheckMp] isMobileOk: isProvisioningNetwork is false, continue
D/dalvikvm(  370): GC_EXPLICIT freed 205K, 56% free 5603K/12732K, paused 844ms+27ms, total 1343ms
E/NetdConnector(  370): NDC Command {31 bandwidth removeiquota eth0} took too long (1513ms)
I/Choreographer(  682): Skipped 303 frames!  The application may be doing too much work on its main thread.
D/ConnectivityService(  370): [CheckMp] isMobileOk: addresses=clients3.google.com/216.58.204.46
D/ConnectivityService(  370): [CheckMp] isMobileOk: linkHasIpv4=true linkHasIpv6=false
E/memtrack(  799): Couldn't load memtrack module (No such file or directory)
E/android.os.Debug(  799): failed to load memtrack module: -2
I/Choreographer(  682): Skipped 98 frames!  The application may be doing too much work on its main thread.
D/AndroidRuntime(  799): Calling main entry com.android.commands.pm.Pm
I/ActivityManager(  370): Start proc com.android.defcontainer for service com.android.defcontainer/.DefaultContainerService: pid=837 uid=10003 gids={50003, 1028, 1015, 1023, 2001, 1035}
D/Tethering(  370): MasterInitialState.processMessage what=3
D/CaptivePortalTracker(  370): NoActiveNetworkState{ when=-1ms what=1 obj=NetworkInfo: type: mobile_hipri[UMTS], state: CONNECTED/CONNECTED, reason: dataEnabled, extra: epc.tmobile.com, roaming: false, failover: false, isAvailable: true, isConnectedToProvisioningNetwork: false target=com.android.internal.util.StateMachine$SmHandler }
D/CaptivePortalTracker(  370): NoActiveNetworkState not a wifi connectivity change, ignore
E/NetdConnector(  370): NDC Command {32 bandwidth setiquota eth0 9223372036854775807} took too long (1884ms)
E/NetdConnector(  370): NDC Command {33 interface route add eth0 default 10.0.2.2 32 0.0.0.0} took too long (1361ms)
E/logwrapper(  863): executing /system/bin/ip failed: No such file or directory
E/NetdConnector(  370): NDC Command {34 bandwidth removeiquota eth0} took too long (576ms)
E/NetdConnector(  370): NDC Command {35 interface fwmark exempt add 10.0.2.2/32} took too long (561ms)
E/ConnectivityService(  370): Exception trying to add a route: java.lang.IllegalStateException: command '35 interface fwmark exempt add 10.0.2.2/32' failed with '400 35 Failed to add exemption rule (File exists)'
I/Choreographer(  682): Skipped 77 frames!  The application may be doing too much work on its main thread.
W/ProcessCpuTracker(  370): Skipping unknown process pid 872
E/SQLiteLog(  620): (1) no such table: album_info
E/NetdConnector(  370): NDC Command {36 bandwidth setiquota eth0 9223372036854775807} took too long (1677ms)
E/NetdConnector(  370): NDC Command {37 interface route add eth0 default 216.58.204.46 32 10.0.2.2} took too long (1673ms)
E/logwrapper(  882): executing /system/bin/ip failed: No such file or directory
D/MobileDataStateTracker(  370): default: setPolicyDataEnable(enabled=true)
E/ConnectivityService(  370): Exception trying to add a route: java.lang.IllegalStateException: command '38 interface fwmark exempt add 216.58.204.46/32' failed with '400 38 Failed to add exemption rule (File exists)'
D/ConnectivityService(  370): requestRouteToHostAddress ok=false
D/ConnectivityService(  370): [CheckMp] isMobileOk: could not establish route to hostAddr=clients3.google.com/216.58.204.46
I/ActivityManager(  370): Start proc com.android.externalstorage for broadcast com.android.externalstorage/.MountReceiver: pid=886 uid=10006 gids={50006, 1028, 1015, 1023}
I/DownloadManager(  620): Upgrading downloads database from version 0 to version 109, which will destroy all old data
D/ExternalStorage(  886): Missing UUID for /storage/sdcard; skipping
D/ExternalStorage(  886): After updating volumes, found 0 active roots
W/ActivityManager(  370): No content provider found for permission revoke: file:///data/local/tmp/sample_for_analysis.apk
D/dalvikvm(  682): GC_CONCURRENT freed 1943K, 24% free 6487K/8528K, paused 15ms+3ms, total 43ms
D/GpsLocationProvider(  370): NTP server returned: 1539041810301 (Mon Oct 08 19:36:50 EDT 2018) reference: 73581 certainty: 64 system time offset: -25173
I/ActivityManager(  370): Start proc com.android.exchange for content provider com.android.exchange/.provider.ExchangeDirectoryProvider: pid=900 uid=10025 gids={50025, 3003, 1028, 1015}
I/ActivityManager(  370): Start proc com.android.email for content provider com.android.email/.provider.EmailProvider: pid=912 uid=10024 gids={50024, 3003, 1028, 1015}
I/ContactDirectoryManager(  547): deleted 0 stale rows which don't have any relevant directory
D/ActivityThread(  912): Loading provider com.android.email.provider;com.android.email.notifier: com.android.email.provider.EmailProvider
I/ContactDirectoryManager(  547): Discovered 0 contact directories in 920ms
I/ContactsProvider(  547): Upgrading aggregation algorithm
I/ContactAggregator(  547): Marked all visible contacts for aggregation: 0 raw contacts, 6 ms
I/ContactsProvider(  547): Aggregation algorithm upgraded for 0 raw contacts in 72ms
I/ContactsFTS(  547): Rebuild contact search index in 320ms, 0 contacts
D/dalvikvm(  547): GC_CONCURRENT freed 259K, 11% free 3084K/3432K, paused 4ms+2ms, total 59ms
W/ActivityManager(  370): No content provider found for permission revoke: file:///data/local/tmp/sample_for_analysis.apk
I/PackageManager(  370): Copying native libraries to /data/app-lib/vmdl1216958680
I/zipro   (  370): +++ successful write
D/dalvikvm(  620): GC_CONCURRENT freed 279K, 12% free 2914K/3280K, paused 2ms+2ms, total 68ms
I/zipro   (  370): +++ successful write
I/zipro   (  370): +++ successful write
E/logwrapper(  928): executing /system/bin/ip failed: No such file or directory
W/PackageParser(  370): Unknown element under <manifest>: key-sets at /data/app/vmdl1216958680.tmp Binary XML file line #22
W/PackageParser(  370): Unknown element under <manifest>: receiver at /data/app/vmdl1216958680.tmp Binary XML file line #43
E/ConnectivityService(  370): Exception trying to add a route: java.lang.IllegalStateException: command '41 interface fwmark exempt add 10.0.2.2/32' failed with '400 41 Failed to add exemption rule (File exists)'
E/logwrapper(  929): executing /system/bin/ip failed: No such file or directory
E/ConnectivityService(  370): Exception trying to add a route: java.lang.IllegalStateException: command '43 interface fwmark exempt add 216.58.204.46/32' failed with '400 43 Failed to add exemption rule (File exists)'
D/ConnectivityService(  370): requestRouteToHostAddress ok=false
D/ConnectivityService(  370): [CheckMp] isMobileOk: could not establish route to hostAddr=clients3.google.com/216.58.204.46
D/dalvikvm(  370): GC_CONCURRENT freed 605K, 55% free 5725K/12568K, paused 5ms+7ms, total 84ms
W/ActivityManager(  370): Unable to start service Intent { cmp=com.android.email/.service.AttachmentDownloadService } U=0: not found
I/Email   (  912): Observing account changes for notifications
W/ActivityManager(  370): Unable to start service Intent { cmp=com.android.email/.service.AttachmentDownloadService } U=0: not found
D/dalvikvm(  912): GC_FOR_ALLOC freed 297K, 12% free 2909K/3300K, paused 36ms, total 36ms
D/dalvikvm(  370): GC_CONCURRENT freed 632K, 55% free 5778K/12568K, paused 5ms+6ms, total 83ms
D/dalvikvm(  912): GC_CONCURRENT freed 40K, 13% free 2895K/3300K, paused 12ms+2ms, total 43ms
D/ExternalStorage(  886): Missing UUID for /storage/sdcard; skipping
D/ExternalStorage(  886): After updating volumes, found 0 active roots
D/dalvikvm(  370): GC_CONCURRENT freed 687K, 54% free 5843K/12568K, paused 24ms+7ms, total 98ms
I/PackageManager(  370): Running dexopt on: com.gsdgsd.wrtase.mnlirf
D/dalvikvm(  932): DexOpt: load 31ms, verify+opt 83ms, 174332 bytes
D/dalvikvm(  370): GC_CONCURRENT freed 748K, 54% free 5809K/12568K, paused 6ms+8ms, total 84ms
W/PackageManager(  370): Not granting permission android.permission.MOUNT_UNMOUNT_FILESYSTEMS to package com.gsdgsd.wrtase.mnlirf (protectionLevel=18 flags=0x8be44)
W/PackageManager(  370): Not granting permission com.android.launcher.permission.WRITE_SETTINGS to package com.gsdgsd.wrtase.mnlirf (protectionLevel=18 flags=0x8be44)
W/PackageManager(  370): Not granting permission android.permission.CHANGE_CONFIGURATION to package com.gsdgsd.wrtase.mnlirf (protectionLevel=50 flags=0x8be44)
W/PackageManager(  370): Not granting permission android.permission.WRITE_APN_SETTINGS to package com.gsdgsd.wrtase.mnlirf (protectionLevel=18 flags=0x8be44)
W/PackageManager(  370): Not granting permission android.permission.WRITE_SECURE_SETTINGS to package com.gsdgsd.wrtase.mnlirf (protectionLevel=50 flags=0x8be44)
I/ActivityManager(  370): Force stopping com.gsdgsd.wrtase.mnlirf appid=10052 user=-1: update pkg
D/MediaScannerReceiver(  620): action: android.intent.action.MEDIA_MOUNTED path: /storage/sdcard
I/InputReader(  370): Reconfiguring input devices.  changes=0x00000010
D/BackupManagerService(  370): Received broadcast Intent { act=android.intent.action.PACKAGE_ADDED dat=package:com.gsdgsd.wrtase.mnlirf flg=0x4000010 (has extras) }
V/BackupManagerService(  370): addPackageParticipantsLocked: #1
I/PackageManager(  370):   Action: "android.intent.action.SENDTO"
I/PackageManager(  370):   Category: "android.intent.category.DEFAULT"
I/PackageManager(  370):   Scheme: "sms"
I/PackageManager(  370): Adding preferred activity ComponentInfo{com.android.mms/com.android.mms.ui.ComposeMessageActivity} for user 0 :
I/PackageManager(  370):   Action: "android.intent.action.SENDTO"
I/PackageManager(  370):   Category: "android.intent.category.DEFAULT"
I/PackageManager(  370):   Scheme: "smsto"
I/PackageManager(  370): Adding preferred activity ComponentInfo{com.android.mms/com.android.mms.ui.ComposeMessageActivity} for user 0 :
I/PackageManager(  370):   Action: "android.intent.action.SENDTO"
I/PackageManager(  370):   Category: "android.intent.category.DEFAULT"
I/PackageManager(  370):   Scheme: "mms"
I/PackageManager(  370): Adding preferred activity ComponentInfo{com.android.mms/com.android.mms.ui.ComposeMessageActivity} for user 0 :
I/PackageManager(  370):   Action: "android.intent.action.SENDTO"
I/PackageManager(  370):   Category: "android.intent.category.DEFAULT"
I/PackageManager(  370):   Scheme: "mmsto"
