I/InputReader(  352): Reconfiguring input devices.  changes=0x00000010
D/BackupManagerService(  352): Received broadcast Intent { act=android.intent.action.PACKAGE_ADDED dat=package:com.newapp flg=0x4000010 (has extras) }
I/PackageManager(  352):   Action: "android.intent.action.SENDTO"
I/PackageManager(  352):   Category: "android.intent.category.DEFAULT"
I/PackageManager(  352):   Scheme: "mmsto"
I/PackageManager(  352): Adding preferred activity ComponentInfo{com.android.mms/com.android.mms.ui.ComposeMessageActivity} for user 0 :
V/BackupManagerService(  352): addPackageParticipantsLocked: #1
I/DownloadManager(  624): Upgrading downloads database from version 0 to version 109, which will destroy all old data
D/dalvikvm(  352): GC_EXPLICIT freed 779K, 56% free 5608K/12484K, paused 188ms+5ms, total 312ms
D/dalvikvm(  352): WAIT_FOR_CONCURRENT_GC blocked 157ms
D/dalvikvm(  352): WAIT_FOR_CONCURRENT_GC blocked 150ms
D/dalvikvm(  352): WAIT_FOR_CONCURRENT_GC blocked 138ms
D/dalvikvm(  352): WAIT_FOR_CONCURRENT_GC blocked 95ms
D/dalvikvm(  352): WAIT_FOR_CONCURRENT_GC blocked 52ms
D/dalvikvm(  352): WAIT_FOR_CONCURRENT_GC blocked 180ms
D/dalvikvm(  352): WAIT_FOR_CONCURRENT_GC blocked 182ms
D/dalvikvm(  352): WAIT_FOR_CONCURRENT_GC blocked 189ms
D/AndroidRuntime(  782): Shutting down VM
E/logwrapper(  925): executing /system/bin/ip failed: No such file or directory
E/ConnectivityService(  352): Exception trying to add a route: java.lang.IllegalStateException: command '41 interface fwmark exempt add 10.0.2.2/32' failed with '400 41 Failed to add exemption rule (File exists)'
D/dalvikvm(  782): GC_CONCURRENT freed 95K, 16% free 560K/660K, paused 3ms+12ms, total 23ms
E/logwrapper(  926): executing /system/bin/ip failed: No such file or directory
E/ConnectivityService(  352): Exception trying to add a route: java.lang.IllegalStateException: command '43 interface fwmark exempt add 216.58.204.46/32' failed with '400 43 Failed to add exemption rule (File exists)'
D/ConnectivityService(  352): requestRouteToHostAddress ok=false
D/ConnectivityService(  352): [CheckMp] isMobileOk: could not establish route to hostAddr=clients3.google.com/216.58.204.46
D/ExternalStorage(  912): Missing UUID for /storage/sdcard; skipping
D/ExternalStorage(  912): After updating volumes, found 0 active roots
D/ExternalStorage(  912): Missing UUID for /storage/sdcard; skipping
D/ExternalStorage(  912): After updating volumes, found 0 active roots
D/MediaScannerReceiver(  624): action: android.intent.action.MEDIA_MOUNTED path: /storage/sdcard
E/BluetoothAdapter(  614): Bluetooth binder is null
I/ActivityManager(  352): Start proc com.android.email for content provider com.android.email/.provider.EmailProvider: pid=931 uid=10024 gids={50024, 3003, 1028, 1015}
I/ActivityManager(  352): Start proc com.android.music for broadcast com.android.music/.MediaButtonIntentReceiver: pid=943 uid=10032 gids={50032, 3003, 1028, 1015}
I/dalvikvm(  943): CheckJNI enabled: not enabling JNI app bug workarounds.
I/MediaFocusControl(  352):   Remote Control   registerMediaButtonIntent() for PendingIntent{b3615f60: PendingIntentRecord{b308b1c8 com.android.music broadcastIntent}}
I/ContactDirectoryManager(  575): deleted 0 stale rows which don't have any relevant directory
I/ActivityManager(  352): Start proc com.android.calendar for broadcast com.android.calendar/.widget.CalendarAppWidgetService$CalendarFactory: pid=956 uid=10016 gids={50016, 3003}
D/ActivityThread(  931): Loading provider com.android.email.provider;com.android.email.notifier: com.android.email.provider.EmailProvider
I/ContactDirectoryManager(  575): Discovered 0 contact directories in 4057ms
D/ExtensionsFactory(  956): No custom extensions.
D/ActivityThread(  931): Loading provider com.android.email.provider;com.android.email.notifier: com.android.email.provider.EmailProvider
I/ActivityManager(  352): Start proc com.android.providers.calendar for content provider com.android.providers.calendar/.CalendarProvider2: pid=978 uid=10001 gids={50001, 3003, 1028, 1015}
I/ActivityManager(  352): Start proc com.android.deskclock for broadcast com.android.deskclock/.AlarmInitReceiver: pid=990 uid=10020 gids={50020, 1028}
D/dalvikvm(   58): GC_EXPLICIT freed 39K, 4% free 2705K/2812K, paused 2ms+2ms, total 61ms
D/dalvikvm(   58): GC_EXPLICIT freed <1K, 4% free 2705K/2812K, paused 2ms+2ms, total 44ms
D/dalvikvm(   58): GC_EXPLICIT freed <1K, 4% free 2705K/2812K, paused 12ms+12ms, total 53ms
I/ContactsProvider(  575): Upgrading aggregation algorithm
I/ContactAggregator(  575): Marked all visible contacts for aggregation: 0 raw contacts, 20 ms
V/AlarmClock(  990): AlarmInitReceiver android.intent.action.TIMEZONE_CHANGED
I/CalendarDatabaseHelper(  978): Bootstrapping database
D/dalvikvm(  575): GC_CONCURRENT freed 284K, 11% free 3070K/3420K, paused 7ms+254ms, total 295ms
I/ContactsProvider(  575): Aggregation algorithm upgraded for 0 raw contacts in 334ms
W/RecognitionManagerService(  352): no available voice recognition services found for user 0
I/AlarmClock(  990): Alarms Table created
D/dalvikvm(  352): GC_CONCURRENT freed 525K, 55% free 5738K/12484K, paused 93ms+5ms, total 194ms
I/AlarmClock(  990): Instance table created
I/AlarmClock(  990): Cities table created
I/AlarmClock(  990): Inserting default alarms
I/AlarmClock(  990): Displaying next alarm time: ''
W/BackupManagerService(  352): dataChanged but no participant pkg='com.android.providers.settings' uid=10020
V/AlarmClock(  990): AlarmInitReceiver finished
I/CalendarProvider2(  978): Created com.android.providers.calendar.CalendarAlarmManager@b2d0c978(com.android.providers.calendar.CalendarProvider2@b2cf9050)
E/logwrapper( 1005): executing /system/bin/ip failed: No such file or directory
E/ConnectivityService(  352): Exception trying to add a route: java.lang.IllegalStateException: command '45 interface fwmark exempt add 10.0.2.2/32' failed with '400 45 Failed to add exemption rule (File exists)'
E/BluetoothAdapter(  614): Bluetooth binder is null
E/logwrapper( 1006): executing /system/bin/ip failed: No such file or directory
V/MediaScanner(  624): pruneDeadThumbnailFiles... android.database.sqlite.SQLiteCursor@b2cdd708
E/BluetoothAdapter(  614): Bluetooth binder is null
I/ActivityManager(  352): Start proc com.android.dialer for broadcast com.android.dialer/.calllog.CallLogReceiver: pid=1007 uid=10004 gids={50004, 3003, 1028, 1015}
E/ConnectivityService(  352): Exception trying to add a route: java.lang.IllegalStateException: command '47 interface fwmark exempt add 216.58.204.46/32' failed with '400 47 Failed to add exemption rule (File exists)'
D/ConnectivityService(  352): requestRouteToHostAddress ok=false
D/ConnectivityService(  352): [CheckMp] isMobileOk: could not establish route to hostAddr=clients3.google.com/216.58.204.46
V/MediaScanner(  624): /pruneDeadThumbnailFiles... android.database.sqlite.SQLiteCursor@b2cdd708
D/ExtensionsFactory( 1007): No custom extensions.
I/ActivityManager(  352): Delay finish: com.android.dialer/.calllog.CallLogReceiver
I/ActivityManager(  352): Delaying start of: ServiceRecord{b3626230 u0 com.android.providers.calendar/.EmptyService}
I/ContactsFTS(  575): Rebuild contact search index in 1145ms, 0 contacts
I/ActivityManager(  352): Resuming delayed broadcast
E/BluetoothAdapter(  352): Bluetooth binder is null
E/BluetoothAdapter(  352): Bluetooth binder is null
V/WiredAccessoryManager(  352): init()
I/PowerManagerService(  352): Boot animation finished.
E/SoundPool(  352): error loading /system/media/audio/ui/Effect_Tick.ogg
W/AudioService(  352): Soundpool could not load file: /system/media/audio/ui/Effect_Tick.ogg
E/SoundPool(  352): error loading /system/media/audio/ui/Effect_Tick.ogg
W/AudioService(  352): Soundpool could not load file: /system/media/audio/ui/Effect_Tick.ogg
E/SoundPool(  352): error loading /system/media/audio/ui/Effect_Tick.ogg
W/AudioService(  352): Soundpool could not load file: /system/media/audio/ui/Effect_Tick.ogg
E/SoundPool(  352): error loading /system/media/audio/ui/Effect_Tick.ogg
W/AudioService(  352): Soundpool could not load file: /system/media/audio/ui/Effect_Tick.ogg
E/SoundPool(  352): error loading /system/media/audio/ui/Effect_Tick.ogg
W/AudioService(  352): Soundpool could not load file: /system/media/audio/ui/Effect_Tick.ogg
E/SoundPool(  352): error loading /system/media/audio/ui/KeypressStandard.ogg
W/AudioService(  352): Soundpool could not load file: /system/media/audio/ui/KeypressStandard.ogg
E/SoundPool(  352): error loading /system/media/audio/ui/KeypressSpacebar.ogg
W/AudioService(  352): Soundpool could not load file: /system/media/audio/ui/KeypressSpacebar.ogg
E/SoundPool(  352): error loading /system/media/audio/ui/KeypressDelete.ogg
W/AudioService(  352): Soundpool could not load file: /system/media/audio/ui/KeypressDelete.ogg
E/SoundPool(  352): error loading /system/media/audio/ui/KeypressReturn.ogg
W/AudioService(  352): Soundpool could not load file: /system/media/audio/ui/KeypressReturn.ogg
E/SoundPool(  352): error loading /system/media/audio/ui/KeypressInvalid.ogg
W/AudioService(  352): Soundpool could not load file: /system/media/audio/ui/KeypressInvalid.ogg
W/AudioService(  352): onLoadSoundEffects(), Error -1 while loading samples
I/RecoverySystem(  352): No recovery log file
I/BootReceiver(  352): Copying audit failures to DropBox
I/BootReceiver(  352): Checking for fsck errors
D/dalvikvm(  931): GC_CONCURRENT freed 206K, 9% free 2886K/3160K, paused 4ms+2ms, total 46ms
I/CalendarProvider2(  978): Sending notification intent: Intent { act=android.intent.action.PROVIDER_CHANGED dat=content://com.android.calendar }
W/ContentResolver(  978): Failed to get type for: content://com.android.calendar (Unknown URL content://com.android.calendar)
I/ActivityManager(  352): Delay finish: com.android.providers.downloads/.DownloadReceiver
I/ActivityManager(  352): Resuming delayed broadcast
I/ActivityManager(  352): Delay finish: com.android.providers.media/.MediaScannerReceiver
I/ActivityManager(  352): Resuming delayed broadcast
I/ActivityManager(  352): Start proc com.android.mms for broadcast com.android.mms/.transaction.MmsSystemEventReceiver: pid=1034 uid=10009 gids={50009, 3003, 1028, 1015}
D/CountryDetector(  352): The first listener is added
V/MmsConfig( 1034): mnc/mcc: 310260
V/MmsConfig( 1034): tag: bool value: enabledMMS - true
V/MmsConfig( 1034): tag: int value: maxMessageSize - 307200
V/MmsConfig( 1034): tag: int value: maxImageHeight - 480
V/MmsConfig( 1034): tag: int value: maxImageWidth - 640
V/MmsConfig( 1034): tag: int value: defaultSMSMessagesPerThread - 10000
V/MmsConfig( 1034): tag: int value: defaultMMSMessagesPerThread - 1000
V/MmsConfig( 1034): tag: int value: minMessageCountPerThread - 10
V/MmsConfig( 1034): tag: int value: maxMessageCountPerThread - 5000
V/MmsConfig( 1034): tag: string value: uaProfUrl - http://www.google.com/oha/rdf/ua-profile-kila.xml
V/MmsConfig( 1034): tag: int value: recipientLimit - -1
V/MmsConfig( 1034): tag: bool value: enableMultipartSMS - true
V/MmsConfig( 1034): tag: int value: smsToMmsTextThreshold - -1
V/MmsConfig( 1034): tag: bool value: enableSlideDuration - true
V/MmsConfig( 1034): tag: int value: maxMessageTextSize - -1
I/ActivityManager(  352): Delay finish: com.android.mms/.transaction.MmsSystemEventReceiver
I/MediaProvider(  624): Upgrading media database from version 0 to 700, which will destroy all old data
D/dalvikvm(  352): GC_CONCURRENT freed 707K, 55% free 5695K/12484K, paused 39ms+5ms, total 90ms
W/ActivityManager(  352): Unable to start service Intent { cmp=com.android.email/.service.AttachmentDownloadService } U=0: not found
W/ActivityManager(  352): Unable to start service Intent { cmp=com.android.email/.service.AttachmentDownloadService } U=0: not found
I/ActivityManager(  352): Resuming delayed broadcast
D/Mms:app ( 1034): cancelNotification
W/ActivityManager(  352): Unable to start service Intent { cmp=com.android.email/.service.AttachmentDownloadService } U=0: not found
I/ActivityManager(  352): Delay finish: com.android.mms/.transaction.SmsReceiver
I/Email   (  931): Observing account changes for notifications
D/MmsSmsDatabaseHelper(  610): [MmsSmsDb] tableName: threads hasAutoIncrement: CREATE TABLE threads (_id INTEGER PRIMARY KEY AUTOINCREMENT,date INTEGER DEFAULT 0,message_count INTEGER DEFAULT 0,recipient_ids TEXT,snippet TEXT,snippet_cs INTEGER DEFAULT 0,read INTEGER DEFAULT 1,type INTEGER DEFAULT 0,error INTEGER DEFAULT 0,has_attachment INTEGER DEFAULT 0) result: true
D/MmsSmsDatabaseHelper(  610): [MmsSmsDb] tableName: canonical_addresses hasAutoIncrement: CREATE TABLE canonical_addresses (_id INTEGER PRIMARY KEY AUTOINCREMENT,address TEXT) result: true
D/MmsSmsDatabaseHelper(  610): [MmsSmsDb] tableName: part hasAutoIncrement: CREATE TABLE part (_id INTEGER PRIMARY KEY AUTOINCREMENT,mid INTEGER,seq INTEGER DEFAULT 0,ct TEXT,name TEXT,chset INTEGER,cd TEXT,fn TEXT,cid TEXT,cl TEXT,ctt_s INTEGER,ctt_t TEXT,_data TEXT,text TEXT) result: true
D/MmsSmsDatabaseHelper(  610): [MmsSmsDb] tableName: pdu hasAutoIncrement: CREATE TABLE pdu (_id INTEGER PRIMARY KEY AUTOINCREMENT,thread_id INTEGER,date INTEGER,date_sent INTEGER DEFAULT 0,msg_box INTEGER,read INTEGER DEFAULT 0,m_id TEXT,sub TEXT,sub_cs INTEGER,ct_t TEXT,ct_l TEXT,exp INTEGER,m_cls TEXT,m_type INTEGER,v INTEGER,m_size INTEGER,pri INTEGER,rr INTEGER,rpt_a INTEGER,resp_st INTEGER,st INTEGER,tr_id TEXT,retr_st INTEGER,retr_txt TEXT,retr_txt_cs INTEGER,read_status INTEGER,ct_cls INTEGER,resp_txt TEXT,d_tm INTEGER,d_rpt INTEGER,locked INTEGER DEFAULT 0,seen INTEGER DEFAULT 0,text_only INTEGER DEFAULT 0) result: true
D/MmsSmsDatabaseHelper(  610): [getWritableDatabase] hasAutoIncrementThreads: true hasAutoIncrementAddresses: true hasAutoIncrementPart: true hasAutoIncrementPdu: true
D/Mms:app ( 1034): cancelNotification
I/ActivityManager(  352): Resuming delayed broadcast
D/AlertReceiver(  956): onReceive: a=android.intent.action.BOOT_COMPLETED Intent { act=android.intent.action.BOOT_COMPLETED flg=0x8000010 cmp=com.android.calendar/.alerts.AlertReceiver (has extras) }
I/ActivityManager(  352): Delay finish: com.android.calendar/.alerts.AlertReceiver
D/AlertUtils(  956): Flushing old alerts from shared prefs table
D/AlertService(  956): 0 Action = android.intent.action.BOOT_COMPLETED
D/AlertService(  956): Scheduling next alarm with AlarmScheduler. sEventReminderReceived: null
D/dalvikvm(  956): GC_CONCURRENT freed 308K, 12% free 2809K/3188K, paused 4ms+19ms, total 102ms
D/AlarmScheduler(  956): No events found starting within 1 week.
E/logwrapper( 1071): executing /system/bin/ip failed: No such file or directory
E/ConnectivityService(  352): Exception trying to add a route: java.lang.IllegalStateException: command '49 interface fwmark exempt add 10.0.2.2/32' failed with '400 49 Failed to add exemption rule (File exists)'
E/logwrapper( 1072): executing /system/bin/ip failed: No such file or directory
E/ConnectivityService(  352): Exception trying to add a route: java.lang.IllegalStateException: command '51 interface fwmark exempt add 216.58.204.46/32' failed with '400 51 Failed to add exemption rule (File exists)'
D/ConnectivityService(  352): requestRouteToHostAddress ok=false
D/ConnectivityService(  352): [CheckMp] isMobileOk: could not establish route to hostAddr=clients3.google.com/216.58.204.46
E/SQLiteLog(  624): (1) no such table: files
E/WVMExtractor(   60): Failed to open libwvm.so
D/dalvikvm(  624): GC_CONCURRENT freed 239K, 10% free 3027K/3332K, paused 4ms+2ms, total 32ms
V/MediaScanner(  624): pruneDeadThumbnailFiles... android.database.sqlite.SQLiteCursor@b2cdc4a0
V/MediaScanner(  624): /pruneDeadThumbnailFiles... android.database.sqlite.SQLiteCursor@b2cdc4a0
I/ActivityManager(  352): Resuming delayed broadcast
V/AlarmClock(  990): AlarmInitReceiver android.intent.action.BOOT_COMPLETED
V/AlarmClock(  990): AlarmInitReceiver - Reset timers and clear stopwatch data
V/AlarmClock(  990): AlarmInitReceiver - resetting volume button default
D/dalvikvm(  990): GC_CONCURRENT freed 389K, 15% free 2819K/3280K, paused 5ms+4ms, total 73ms
I/AlarmClock(  990): Displaying next alarm time: ''
V/AlarmClock(  990): AlarmInitReceiver finished
I/ActivityManager(  352): Delay finish: com.android.email/.service.EmailUpgradeBroadcastReceiver
E/MetadataRetrieverClient(   60): failed to extract an album art
I/ActivityManager(  352): Resuming delayed broadcast
I/ActivityManager(  352): Delay finish: com.android.email/.service.EmailBroadcastReceiver
I/Email   (  931): Onetime initialization: 1
I/Email   (  931): Onetime initialization: 2
I/Email   (  931): Onetime initialization: completed.
I/ActivityManager(  352): Delaying start of: ServiceRecord{b32802b8 u0 com.android.exchange/.service.EmailSyncAdapterService}
I/ActivityManager(  352): Resuming delayed broadcast
I/LauncherIconVisibilityManager(  598): Boot has been completed
I/LauncherIconVisibilityManager(  598): Disable activity: ComponentInfo{com.android.inputmethod.latin/com.android.inputmethod.latin.setup.SetupActivity}
E/BluetoothAdapter(  614): Bluetooth binder is null
I/ActivityManager(  352): Delay finish: com.android.deskclock/com.android.alarmclock.AnalogAppWidgetProvider
D/dalvikvm( 1034): GC_CONCURRENT freed 236K, 10% free 2880K/3184K, paused 45ms+4ms, total 184ms
E/StrictMode( 1034): A resource was acquired at attached stack trace but never released. See java.io.Closeable for information on avoiding resource leaks.
E/StrictMode( 1034): java.lang.Throwable: Explicit termination method 'release' not called
E/StrictMode( 1034): 	at dalvik.system.CloseGuard.open(CloseGuard.java:184)
E/StrictMode( 1034): 	at android.drm.DrmManagerClient.<init>(DrmManagerClient.java:258)
E/StrictMode( 1034): 	at com.google.android.mms.pdu.PduPersister.<init>(PduPersister.java:288)
E/StrictMode( 1034): 	at com.google.android.mms.pdu.PduPersister.getPduPersister(PduPersister.java:296)
E/StrictMode( 1034): 	at com.android.mms.transaction.TransactionService.onNewIntent(TransactionService.java:224)
E/StrictMode( 1034): 	at com.android.mms.transaction.TransactionService$ServiceHandler.handleMessage(TransactionService.java:621)
E/StrictMode( 1034): 	at android.os.Handler.dispatchMessage(Handler.java:102)
E/StrictMode( 1034): 	at android.os.Looper.loop(Looper.java:136)
E/StrictMode( 1034): 	at android.os.HandlerThread.run(HandlerThread.java:61)
I/ActivityManager(  352): Resuming delayed broadcast
W/BroadcastQueue(  352): Permission Denial: broadcasting Intent { act=android.appwidget.action.APPWIDGET_UPDATE_OPTIONS flg=0x10 cmp=com.android.settings/.widget.SettingsAppWidgetProvider (has extras) } from android (pid=709, uid=10008) is not exported from uid 1000 due to receiver com.android.settings/.widget.SettingsAppWidgetProvider
I/ActivityManager(  352): Start proc com.svox.pico for broadcast com.svox.pico/.VoiceDataInstallerReceiver: pid=1083 uid=10037 gids={50037, 1028, 1015}
E/BluetoothAdapter(  614): Bluetooth binder is null
D/AlertReceiver(  956): onReceive: a=android.intent.action.PROVIDER_CHANGED Intent { act=android.intent.action.PROVIDER_CHANGED dat=content://com.android.calendar flg=0x10 cmp=com.android.calendar/.alerts.AlertReceiver }
D/AlertService(  956): 0 Action = android.intent.action.PROVIDER_CHANGED
I/ActivityManager(  352): Delay finish: com.android.calendar/.alerts.AlertReceiver
D/ConnectivityService(  352): [CheckMp] isMobileOk: too many loops tried - giving up
D/ConnectivityService(  352): [CheckMp] isMobileOk: X loops|timed out result=0
D/ConnectivityService(  352): [CheckMp] isMobileOk: F stop hipri
D/MobileDataStateTracker(  352): default: setEnableFailFastMobileData(enabled=0)
D/ConnectivityService(  352): stopUsingNetworkFeature: teardown net 0: enableHIPRI
D/MobileDataStateTracker(  352): hipri: Broadcast received: android.intent.action.ANY_DATA_STATE apnType=hipri
D/MobileDataStateTracker(  352): hipri: Received state=DISCONNECTED, old=CONNECTED, reason=dataDisabled
D/MobileDataStateTracker(  352): hipri: setDetailed state, old =CONNECTED and new state=DISCONNECTED
D/ConnectivityService(  352): ConnectivityChange for mobile_hipri: DISCONNECTED/DISCONNECTED
E/logwrapper( 1096): executing /system/bin/ip failed: No such file or directory
E/SecondaryTablController(   54): ip route del failed: /system/bin/ip route del 10.0.2.2/32 via 0.0.0.0 dev eth0 table 60
W/FrameworkListener(   54): Handler 'interface' error (No such device)
D/dalvikvm(  610): GC_CONCURRENT freed 472K, 15% free 3353K/3940K, paused 4ms+3ms, total 89ms
E/logwrapper( 1097): executing /system/bin/ip failed: No such file or directory
E/SecondaryTablController(   54): ip route del failed: /system/bin/ip route del 0.0.0.0/0 via 10.0.2.2 dev eth0 table 60
W/FrameworkListener(   54): Handler 'interface' error (No such device)
D/Nat464Xlat(  352): requiresClat: netType=5, hasIPv4Address=true
D/MobileDataStateTracker(  352): default: setPolicyDataEnable(enabled=true)
D/dalvikvm(  352): GC_CONCURRENT freed 597K, 55% free 5741K/12484K, paused 32ms+15ms, total 153ms
E/NetdConnector(  352): NDC Command {59 bandwidth removeiquota eth0} took too long (674ms)
E/NetdConnector(  352): NDC Command {60 bandwidth gettetherstats} took too long (607ms)
D/dalvikvm(  352): GC_CONCURRENT freed 684K, 55% free 5731K/12484K, paused 6ms+26ms, total 161ms
D/dalvikvm(  352): GC_CONCURRENT freed 708K, 55% free 5681K/12484K, paused 6ms+4ms, total 128ms
E/NetdConnector(  352): NDC Command {61 bandwidth setiquota eth0 9223372036854775807} took too long (1808ms)
D/MobileDataStateTracker(  352): default: setPolicyDataEnable(enabled=true)
D/dalvikvm(  352): GC_CONCURRENT freed 646K, 55% free 5681K/12484K, paused 7ms+27ms, total 151ms
D/Tethering(  352): MasterInitialState.processMessage what=3
D/Tethering(  352): MasterInitialState.processMessage what=3
D/CaptivePortalTracker(  352): NoActiveNetworkState{ when=-5ms what=1 obj=NetworkInfo: type: mobile_hipri[UMTS], state: DISCONNECTED/DISCONNECTED, reason: dataDisabled, extra: epc.tmobile.com, roaming: false, failover: false, isAvailable: true, isConnectedToProvisioningNetwork: false target=com.android.internal.util.StateMachine$SmHandler }
D/CaptivePortalTracker(  352): NoActiveNetworkState not a wifi connectivity change, ignore
D/CaptivePortalTracker(  352): NoActiveNetworkState{ when=-1ms what=1 obj=NetworkInfo: type: mobile[UMTS], state: CONNECTED/CONNECTED, reason: connected, extra: epc.tmobile.com, roaming: false, failover: false, isAvailable: true, isConnectedToProvisioningNetwork: false target=com.android.internal.util.StateMachine$SmHandler }
D/CaptivePortalTracker(  352): NoActiveNetworkState not a wifi connectivity change, ignore
E/NetdConnector(  352): NDC Command {62 bandwidth removeiquota eth0} took too long (811ms)
D/dalvikvm(  352): GC_CONCURRENT freed 642K, 55% free 5684K/12484K, paused 17ms+5ms, total 151ms
I/GlobalDismissManager(  956): no sender configured
D/AlertService(  956): Beginning updateAlertNotification
E/NetdConnector(  352): NDC Command {63 bandwidth setiquota eth0 9223372036854775807} took too long (1172ms)
D/MobileDataStateTracker(  352): default: setPolicyDataEnable(enabled=true)
D/MobileDataStateTracker(  352): default: setPolicyDataEnable(enabled=true)
D/AlertService(  956): No fired or scheduled alerts
I/InputReader(  352): Reconfiguring input devices.  changes=0x00000010
I/InputReader(  352): Reconfiguring input devices.  changes=0x00000010
I/PackageManager(  352):   Action: "android.intent.action.SENDTO"
I/PackageManager(  352):   Category: "android.intent.category.DEFAULT"
I/PackageManager(  352):   Scheme: "sms"
I/PackageManager(  352): Adding preferred activity ComponentInfo{com.android.mms/com.android.mms.ui.ComposeMessageActivity} for user 0 :
I/InputReader(  352): Reconfiguring input devices.  changes=0x00000010
D/ConnectivityService(  352): [CheckMp] isMobileOk: X result=0
D/dalvikvm(  352): GC_CONCURRENT freed 678K, 54% free 5755K/12484K, paused 15ms+4ms, total 140ms
D/dalvikvm(  352): WAIT_FOR_CONCURRENT_GC blocked 39ms
I/PackageManager(  352):   Action: "android.intent.action.SENDTO"
I/PackageManager(  352):   Category: "android.intent.category.DEFAULT"
I/PackageManager(  352):   Scheme: "smsto"
I/PackageManager(  352): Adding preferred activity ComponentInfo{com.android.mms/com.android.mms.ui.ComposeMessageActivity} for user 0 :
I/PackageManager(  352):   Action: "android.intent.action.SENDTO"
I/PackageManager(  352):   Category: "android.intent.category.DEFAULT"
I/PackageManager(  352):   Scheme: "mms"
I/PackageManager(  352): Adding preferred activity ComponentInfo{com.android.mms/com.android.mms.ui.ComposeMessageActivity} for user 0 :
D/ConnectivityService(  352): [CheckMp] onPostExecute: result=0
D/ConnectivityService(  352): CheckMp.onComplete: result=0
D/ConnectivityService(  352): CheckMp.onComplete: ignore, connected or no connection
I/PackageManager(  352):   Action: "android.intent.action.SENDTO"
I/PackageManager(  352):   Category: "android.intent.category.DEFAULT"
I/PackageManager(  352):   Scheme: "mmsto"
I/PackageManager(  352): Adding preferred activity ComponentInfo{com.android.mms/com.android.mms.ui.ComposeMessageActivity} for user 0 :
I/PackageManager(  352):   Action: "android.intent.action.SENDTO"
I/PackageManager(  352):   Category: "android.intent.category.DEFAULT"
I/PackageManager(  352):   Scheme: "sms"
I/PackageManager(  352): Adding preferred activity ComponentInfo{com.android.mms/com.android.mms.ui.ComposeMessageActivity} for user 0 :
I/PackageManager(  352):   Action: "android.intent.action.SENDTO"
I/PackageManager(  352):   Category: "android.intent.category.DEFAULT"
I/PackageManager(  352):   Scheme: "smsto"
I/PackageManager(  352): Adding preferred activity ComponentInfo{com.android.mms/com.android.mms.ui.ComposeMessageActivity} for user 0 :
D/dalvikvm(  610): GC_CONCURRENT freed 384K, 15% free 3379K/3936K, paused 23ms+2ms, total 53ms
I/PackageManager(  352):   Action: "android.intent.action.SENDTO"
I/PackageManager(  352):   Category: "android.intent.category.DEFAULT"
I/PackageManager(  352):   Scheme: "mms"
I/PackageManager(  352): Adding preferred activity ComponentInfo{com.android.mms/com.android.mms.ui.ComposeMessageActivity} for user 0 :
I/PackageManager(  352):   Action: "android.intent.action.SENDTO"
I/PackageManager(  352):   Category: "android.intent.category.DEFAULT"
I/PackageManager(  352):   Scheme: "mmsto"
I/PackageManager(  352): Adding preferred activity ComponentInfo{com.android.mms/com.android.mms.ui.ComposeMessageActivity} for user 0 :
D/dalvikvm(  352): GC_CONCURRENT freed 740K, 54% free 5782K/12484K, paused 6ms+5ms, total 101ms
D/dalvikvm(  352): WAIT_FOR_CONCURRENT_GC blocked 29ms
I/PackageManager(  352):   Action: "android.intent.action.SENDTO"
I/PackageManager(  352):   Category: "android.intent.category.DEFAULT"
I/PackageManager(  352): Adding preferred activity ComponentInfo{com.android.mms/com.android.mms.ui.ComposeMessageActivity} for user 0 :
I/PackageManager(  352):   Scheme: "sms"
I/PackageManager(  352): Adding preferred activity ComponentInfo{com.android.mms/com.android.mms.ui.ComposeMessageActivity} for user 0 :
I/PackageManager(  352):   Action: "android.intent.action.SENDTO"
I/PackageManager(  352):   Category: "android.intent.category.DEFAULT"
I/PackageManager(  352):   Scheme: "smsto"
I/PackageManager(  352):   Action: "android.intent.action.SENDTO"
I/PackageManager(  352):   Category: "android.intent.category.DEFAULT"
I/PackageManager(  352):   Scheme: "mms"
I/PackageManager(  352): Adding preferred activity ComponentInfo{com.android.mms/com.android.mms.ui.ComposeMessageActivity} for user 0 :
D/dalvikvm(  610): GC_CONCURRENT freed 443K, 15% free 3373K/3956K, paused 24ms+2ms, total 43ms
D/dalvikvm(  610): WAIT_FOR_CONCURRENT_GC blocked 19ms
I/PackageManager(  352):   Action: "android.intent.action.SENDTO"
I/PackageManager(  352):   Category: "android.intent.category.DEFAULT"
I/PackageManager(  352):   Scheme: "mmsto"
I/PackageManager(  352): Adding preferred activity ComponentInfo{com.android.mms/com.android.mms.ui.ComposeMessageActivity} for user 0 :
I/PackageManager(  352):   Action: "android.intent.action.SENDTO"
I/PackageManager(  352):   Category: "android.intent.category.DEFAULT"
I/PackageManager(  352):   Scheme: "sms"
I/PackageManager(  352): Adding preferred activity ComponentInfo{com.android.mms/com.android.mms.ui.ComposeMessageActivity} for user 0 :
I/PackageManager(  352):   Action: "android.intent.action.SENDTO"
I/PackageManager(  352):   Category: "android.intent.category.DEFAULT"
I/PackageManager(  352):   Scheme: "smsto"
I/PackageManager(  352): Adding preferred activity ComponentInfo{com.android.mms/com.android.mms.ui.ComposeMessageActivity} for user 0 :
I/PackageManager(  352):   Action: "android.intent.action.SENDTO"
I/PackageManager(  352):   Category: "android.intent.category.DEFAULT"
I/PackageManager(  352):   Scheme: "mms"
I/PackageManager(  352): Adding preferred activity ComponentInfo{com.android.mms/com.android.mms.ui.ComposeMessageActivity} for user 0 :
I/PackageManager(  352):   Action: "android.intent.action.SENDTO"
I/PackageManager(  352):   Category: "android.intent.category.DEFAULT"
I/PackageManager(  352):   Scheme: "mmsto"
I/PackageManager(  352): Adding preferred activity ComponentInfo{com.android.mms/com.android.mms.ui.ComposeMessageActivity} for user 0 :
D/dalvikvm(  352): GC_CONCURRENT freed 823K, 55% free 5728K/12484K, paused 5ms+5ms, total 81ms
D/dalvikvm(  352): WAIT_FOR_CONCURRENT_GC blocked 36ms
D/dalvikvm(  610): GC_CONCURRENT freed 439K, 16% free 3325K/3956K, paused 4ms+4ms, total 34ms
I/PackageManager(  352):   Action: "android.intent.action.SENDTO"
I/PackageManager(  352):   Category: "android.intent.category.DEFAULT"
I/PackageManager(  352):   Scheme: "sms"
I/PackageManager(  352): Adding preferred activity ComponentInfo{com.android.mms/com.android.mms.ui.ComposeMessageActivity} for user 0 :
I/PackageManager(  352):   Action: "android.intent.action.SENDTO"
I/PackageManager(  352):   Category: "android.intent.category.DEFAULT"
I/PackageManager(  352):   Scheme: "smsto"
I/PackageManager(  352): Adding preferred activity ComponentInfo{com.android.mms/com.android.mms.ui.ComposeMessageActivity} for user 0 :
I/PackageManager(  352):   Action: "android.intent.action.SENDTO"
I/PackageManager(  352):   Category: "android.intent.category.DEFAULT"
I/PackageManager(  352):   Scheme: "mms"
I/PackageManager(  352): Adding preferred activity ComponentInfo{com.android.mms/com.android.mms.ui.ComposeMessageActivity} for user 0 :
I/PackageManager(  352):   Action: "android.intent.action.SENDTO"
I/PackageManager(  352):   Category: "android.intent.category.DEFAULT"
I/PackageManager(  352):   Scheme: "mmsto"
I/PackageManager(  352): Adding preferred activity ComponentInfo{com.android.mms/com.android.mms.ui.ComposeMessageActivity} for user 0 :
I/PackageManager(  352):   Action: "android.intent.action.SENDTO"
I/PackageManager(  352):   Category: "android.intent.category.DEFAULT"
I/PackageManager(  352):   Scheme: "sms"
I/PackageManager(  352): Adding preferred activity ComponentInfo{com.android.mms/com.android.mms.ui.ComposeMessageActivity} for user 0 :
I/PackageManager(  352):   Action: "android.intent.action.SENDTO"
I/PackageManager(  352):   Category: "android.intent.category.DEFAULT"
I/PackageManager(  352):   Scheme: "smsto"
I/PackageManager(  352): Adding preferred activity ComponentInfo{com.android.mms/com.android.mms.ui.ComposeMessageActivity} for user 0 :
D/dalvikvm(  610): GC_CONCURRENT freed 415K, 15% free 3374K/3956K, paused 12ms+4ms, total 62ms
I/PackageManager(  352):   Action: "android.intent.action.SENDTO"
I/PackageManager(  352):   Category: "android.intent.category.DEFAULT"
I/PackageManager(  352):   Scheme: "mms"
I/PackageManager(  352): Adding preferred activity ComponentInfo{com.android.mms/com.android.mms.ui.ComposeMessageActivity} for user 0 :
I/ActivityManager(  352): Waited long enough for: ServiceRecord{b30a8b38 u0 com.android.music/.MediaPlaybackService}
I/ActivityManager(  352): Resuming delayed broadcast
I/PackageManager(  352):   Action: "android.intent.action.SENDTO"
I/PackageManager(  352):   Category: "android.intent.category.DEFAULT"
I/PackageManager(  352):   Scheme: "mmsto"
I/PackageManager(  352): Adding preferred activity ComponentInfo{com.android.mms/com.android.mms.ui.ComposeMessageActivity} for user 0 :
D/AlertService(  956): Scheduling next alarm with AlarmScheduler. sEventReminderReceived: null
D/dalvikvm(  352): GC_CONCURRENT freed 734K, 54% free 5754K/12484K, paused 16ms+5ms, total 119ms
D/dalvikvm(  352): WAIT_FOR_CONCURRENT_GC blocked 30ms
D/dalvikvm(  352): WAIT_FOR_CONCURRENT_GC blocked 27ms
D/dalvikvm(  352): WAIT_FOR_CONCURRENT_GC blocked 65ms
I/ActivityManager(  352): Delay finish: com.android.mms/.transaction.SmsReceiver
V/SmsReceiverService( 1034): onStart: #1 mResultCode: -1 = Activity.RESULT_OK
D/AlarmScheduler(  956): No events found starting within 1 week.
I/ActivityManager(  352): Resuming delayed broadcast
D/dalvikvm(  978): GC_CONCURRENT freed 205K, 9% free 2886K/3160K, paused 3ms+12ms, total 135ms
D/MobileDataStateTracker(  352): default: setPolicyDataEnable(enabled=true)
I/ActivityManager(  352): Delay finish: com.android.providers.calendar/.CalendarProviderBroadcastReceiver
I/ActivityManager(  352): Resuming delayed broadcast
I/ActivityManager(  352): Delay finish: com.android.providers.contacts/.PackageIntentReceiver
I/ActivityManager(  352): Resuming delayed broadcast
D/ConnectivityService(  352): Sampling interval elapsed, updating statistics ..
D/ConnectivityService(  352): Done.
D/ConnectivityService(  352): Setting timer for 720seconds
D/AndroidRuntime( 1157): 
D/AndroidRuntime( 1157): >>>>>> AndroidRuntime START com.android.internal.os.RuntimeInit <<<<<<
D/AndroidRuntime( 1157): CheckJNI is ON
D/dalvikvm( 1157): Trying to load lib libjavacore.so 0x0
D/dalvikvm( 1157): Added shared lib libjavacore.so 0x0
D/dalvikvm( 1157): Trying to load lib libnativehelper.so 0x0
D/dalvikvm( 1157): Added shared lib libnativehelper.so 0x0
D/dalvikvm( 1157): No JNI_OnLoad found in libnativehelper.so 0x0, skipping init
I/ActivityManager(  352): Waited long enough for: ServiceRecord{b359f488 u0 com.android.calendar/.alerts.InitAlarmsService}
D/dalvikvm( 1157): Note: class Landroid/app/ActivityManagerNative; has 179 unimplemented (abstract) methods
E/memtrack( 1157): Couldn't load memtrack module (No such file or directory)
E/android.os.Debug( 1157): failed to load memtrack module: -2
D/AndroidRuntime( 1157): Calling main entry com.android.commands.am.Am
I/ActivityManager(  352): START u0 {act=android.intent.action.MAIN cat=[android.intent.category.LAUNCHER] flg=0x10000000 cmp=com.newapp/com.e4a.runtime.android.StartActivity} from pid 1157
D/gralloc (   57): Registering a buffer in the process that created it. This may cause memory ordering problems.
E/libEGL  (   57): called unimplemented OpenGL ES API
E/libEGL  (   57): called unimplemented OpenGL ES API
E/libEGL  (   57): called unimplemented OpenGL ES API
E/libEGL  (   57): called unimplemented OpenGL ES API
E/SurfaceFlinger(   57): glCheckFramebufferStatusOES error 643759608
E/SurfaceFlinger(   57): got GL_FRAMEBUFFER_COMPLETE_OES error while taking screenshot
E/libEGL  (   57): called unimplemented OpenGL ES API
E/libEGL  (   57): called unimplemented OpenGL ES API
W/WindowManager(  352): Screenshot failure taking screenshot for (164x295) to layer 21005
I/ActivityManager(  352): Start proc com.newapp for activity com.newapp/com.e4a.runtime.android.StartActivity: pid=1167 uid=10052 gids={50052, 1028, 1015, 3003}
I/dalvikvm( 1167): CheckJNI enabled: not enabling JNI app bug workarounds.
I/ActivityManager(  352): START u0 {cmp=com.newapp/com.e4a.runtime.android.mainActivity (has extras)} from pid 1167
W/Simple Runtime Library( 1167): attempt to set column for form component
E/Simple Runtime Library( 1167): Runtime exception setting property default values: 
W/System.err( 1167): java.lang.reflect.InvocationTargetException
W/System.err( 1167): 	at java.lang.reflect.Method.invokeNative(Native Method)
W/System.err( 1167): 	at java.lang.reflect.Method.invoke(Method.java:515)
W/System.err( 1167): 	at com.e4a.runtime.Objects$2.initializer(Objects.java:82)
W/System.err( 1167): 	at com.e4a.runtime.Objects$PropertyInitializer.run(Objects.java:46)
W/System.err( 1167): 	at com.e4a.runtime.Objects$PropertyDescriptor.runInitializer(Objects.java:39)
W/System.err( 1167): 	at com.e4a.runtime.Objects.initializeProperties(Objects.java:245)
W/System.err( 1167): 	at com.e4a.runtime.Objects.initializeProperties(Objects.java:225)
W/System.err( 1167): 	at com.e4a.runtime.Objects.initializeProperties(Objects.java:221)
W/System.err( 1167): 	at com.e4a.runtime.Objects.initializeProperties(Objects.java:221)
W/System.err( 1167): 	at com.e4a.runtime.Objects.initializeProperties(Objects.java:221)
W/System.err( 1167): 	at com.e4a.runtime.Objects.initializeProperties(Objects.java:204)
W/System.err( 1167): 	at com.newapp..<init>(.code)
W/System.err( 1167): 	at java.lang.Class.newInstanceImpl(Native Method)
W/System.err( 1167): 	at java.lang.Class.newInstance(Class.java:1208)
W/System.err( 1167): 	at com.e4a.runtime.android.mainActivity.onCreate(mainActivity.java:336)
W/System.err( 1167): 	at android.app.Activity.performCreate(Activity.java:5231)
W/System.err( 1167): 	at android.app.Instrumentation.callActivityOnCreate(Instrumentation.java:1087)
W/System.err( 1167): 	at android.app.ActivityThread.performLaunchActivity(ActivityThread.java:2148)
W/System.err( 1167): 	at android.app.ActivityThread.handleLaunchActivity(ActivityThread.java:2233)
W/System.err( 1167): 	at android.app.ActivityThread.access$800(ActivityThread.java:135)
W/System.err( 1167): 	at android.app.ActivityThread$H.handleMessage(ActivityThread.java:1196)
W/System.err( 1167): 	at android.os.Handler.dispatchMessage(Handler.java:102)
W/System.err( 1167): 	at android.os.Looper.loop(Looper.java:136)
W/System.err( 1167): 	at android.app.ActivityThread.main(ActivityThread.java:5001)
W/System.err( 1167): 	at java.lang.reflect.Method.invokeNative(Native Method)
W/System.err( 1167): 	at java.lang.reflect.Method.invoke(Method.java:515)
W/System.err( 1167): 	at com.android.internal.os.ZygoteInit$MethodAndArgsCaller.run(ZygoteInit.java:785)
W/System.err( 1167): 	at com.android.internal.os.ZygoteInit.main(ZygoteInit.java:601)
W/System.err( 1167): 	at dalvik.system.NativeStart.main(Native Method)
W/System.err( 1167): Caused by: java.lang.NullPointerException
W/System.err( 1167): 	at com.e4a.runtime.components.impl.android.Impl.getView(Impl.java:300)
W/System.err( 1167): 	at com.e4a.runtime.components.impl.android.ViewComponent.(ViewComponent.java:713)
W/System.err( 1167): 	... 29 more
E/Simple Runtime Library( 1167): Runtime exception setting property default values: 
W/System.err( 1167): java.lang.reflect.InvocationTargetException
W/System.err( 1167): 	at java.lang.reflect.Method.invokeNative(Native Method)
W/System.err( 1167): 	at java.lang.reflect.Method.invoke(Method.java:515)
W/System.err( 1167): 	at com.e4a.runtime.Objects$2.initializer(Objects.java:82)
W/System.err( 1167): 	at com.e4a.runtime.Objects$PropertyInitializer.run(Objects.java:46)
W/System.err( 1167): 	at com.e4a.runtime.Objects$PropertyDescriptor.runInitializer(Objects.java:39)
W/System.err( 1167): 	at com.e4a.runtime.Objects.initializeProperties(Objects.java:245)
W/System.err( 1167): 	at com.e4a.runtime.Objects.initializeProperties(Objects.java:225)
W/System.err( 1167): 	at com.e4a.runtime.Objects.initializeProperties(Objects.java:221)
W/System.err( 1167): 	at com.e4a.runtime.Objects.initializeProperties(Objects.java:221)
W/System.err( 1167): 	at com.e4a.runtime.Objects.initializeProperties(Objects.java:221)
W/System.err( 1167): 	at com.e4a.runtime.Objects.initializeProperties(Objects.java:204)
W/System.err( 1167): 	at com.newapp..<init>(.code)
W/System.err( 1167): 	at java.lang.Class.newInstanceImpl(Native Method)
W/System.err( 1167): 	at java.lang.Class.newInstance(Class.java:1208)
W/System.err( 1167): 	at com.e4a.runtime.android.mainActivity.onCreate(mainActivity.java:336)
W/System.err( 1167): 	at android.app.Activity.performCreate(Activity.java:5231)
W/System.err( 1167): 	at android.app.Instrumentation.callActivityOnCreate(Instrumentation.java:1087)
W/System.err( 1167): 	at android.app.ActivityThread.performLaunchActivity(ActivityThread.java:2148)
W/System.err( 1167): 	at android.app.ActivityThread.handleLaunchActivity(ActivityThread.java:2233)
W/System.err( 1167): 	at android.app.ActivityThread.access$800(ActivityThread.java:135)
W/System.err( 1167): 	at android.app.ActivityThread$H.handleMessage(ActivityThread.java:1196)
W/System.err( 1167): 	at android.os.Handler.dispatchMessage(Handler.java:102)
W/System.err( 1167): 	at android.os.Looper.loop(Looper.java:136)
W/System.err( 1167): 	at android.app.ActivityThread.main(ActivityThread.java:5001)
W/System.err( 1167): 	at java.lang.reflect.Method.invokeNative(Native Method)
W/System.err( 1167): 	at java.lang.reflect.Method.invoke(Method.java:515)
W/System.err( 1167): 	at com.android.internal.os.ZygoteInit$MethodAndArgsCaller.run(ZygoteInit.java:785)
W/System.err( 1167): 	at com.android.internal.os.ZygoteInit.main(ZygoteInit.java:601)
W/System.err( 1167): 	at dalvik.system.NativeStart.main(Native Method)
W/System.err( 1167): Caused by: java.lang.NullPointerException
W/System.err( 1167): 	at com.e4a.runtime.components.impl.android.Impl.getView(Impl.java:300)
W/System.err( 1167): 	at com.e4a.runtime.components.impl.android.ViewComponent.(ViewComponent.java:723)
W/System.err( 1167): 	... 29 more
E/Simple Runtime Library( 1167): Runtime exception setting property default values: 
W/System.err( 1167): java.lang.reflect.InvocationTargetException
W/System.err( 1167): 	at java.lang.reflect.Method.invokeNative(Native Method)
W/System.err( 1167): 	at java.lang.reflect.Method.invoke(Method.java:515)
W/System.err( 1167): 	at com.e4a.runtime.Objects$2.initializer(Objects.java:82)
W/System.err( 1167): 	at com.e4a.runtime.Objects$PropertyInitializer.run(Objects.java:46)
W/System.err( 1167): 	at com.e4a.runtime.Objects$PropertyDescriptor.runInitializer(Objects.java:39)
W/System.err( 1167): 	at com.e4a.runtime.Objects.initializeProperties(Objects.java:245)
W/System.err( 1167): 	at com.e4a.runtime.Objects.initializeProperties(Objects.java:225)
W/System.err( 1167): 	at com.e4a.runtime.Objects.initializeProperties(Objects.java:221)
W/System.err( 1167): 	at com.e4a.runtime.Objects.initializeProperties(Objects.java:221)
W/System.err( 1167): 	at com.e4a.runtime.Objects.initializeProperties(Objects.java:221)
W/System.err( 1167): 	at com.e4a.runtime.Objects.initializeProperties(Objects.java:204)
W/System.err( 1167): 	at com.newapp..<init>(.code)
W/System.err( 1167): 	at java.lang.Class.newInstanceImpl(Native Method)
W/System.err( 1167): 	at java.lang.Class.newInstance(Class.java:1208)
W/System.err( 1167): 	at com.e4a.runtime.android.mainActivity.onCreate(mainActivity.java:336)
W/System.err( 1167): 	at android.app.Activity.performCreate(Activity.java:5231)
W/System.err( 1167): 	at android.app.Instrumentation.callActivityOnCreate(Instrumentation.java:1087)
W/System.err( 1167): 	at android.app.ActivityThread.performLaunchActivity(ActivityThread.java:2148)
W/System.err( 1167): 	at android.app.ActivityThread.handleLaunchActivity(ActivityThread.java:2233)
W/System.err( 1167): 	at android.app.ActivityThread.access$800(ActivityThread.java:135)
W/System.err( 1167): 	at android.app.ActivityThread$H.handleMessage(ActivityThread.java:1196)
W/System.err( 1167): 	at android.os.Handler.dispatchMessage(Handler.java:102)
W/System.err( 1167): 	at android.os.Looper.loop(Looper.java:136)
W/System.err( 1167): 	at android.app.ActivityThread.main(ActivityThread.java:5001)
W/System.err( 1167): 	at java.lang.reflect.Method.invokeNative(Native Method)
W/System.err( 1167): 	at java.lang.reflect.Method.invoke(Method.java:515)
W/System.err( 1167): 	at com.android.internal.os.ZygoteInit$MethodAndArgsCaller.run(ZygoteInit.java:785)
W/System.err( 1167): 	at com.android.internal.os.ZygoteInit.main(ZygoteInit.java:601)
W/System.err( 1167): 	at dalvik.system.NativeStart.main(Native Method)
W/System.err( 1167): Caused by: java.lang.NullPointerException
W/System.err( 1167): 	at com.e4a.runtime.components.impl.android.Impl.getView(Impl.java:300)
W/System.err( 1167): 	at com.e4a.runtime.components.impl.android.ViewComponent.(ViewComponent.java:728)
W/System.err( 1167): 	... 29 more
W/Simple Runtime Library( 1167): attempt to set row for form component
W/Simple Runtime Library( 1167): attempt to set column for form component
E/Simple Runtime Library( 1167): Runtime exception setting property default values: 
W/System.err( 1167): java.lang.reflect.InvocationTargetException
W/System.err( 1167): 	at java.lang.reflect.Method.invokeNative(Native Method)
W/System.err( 1167): 	at java.lang.reflect.Method.invoke(Method.java:515)
W/System.err( 1167): 	at com.e4a.runtime.Objects$2.initializer(Objects.java:82)
W/System.err( 1167): 	at com.e4a.runtime.Objects$PropertyInitializer.run(Objects.java:46)
W/System.err( 1167): 	at com.e4a.runtime.Objects$PropertyDescriptor.runInitializer(Objects.java:39)
W/System.err( 1167): 	at com.e4a.runtime.Objects.initializeProperties(Objects.java:245)
W/System.err( 1167): 	at com.e4a.runtime.Objects.initializeProperties(Objects.java:225)
W/System.err( 1167): 	at com.e4a.runtime.Objects.initializeProperties(Objects.java:225)
W/System.err( 1167): 	at com.e4a.runtime.Objects.initializeProperties(Objects.java:221)
W/System.err( 1167): 	at com.e4a.runtime.Objects.initializeProperties(Objects.java:221)
W/System.err( 1167): 	at com.e4a.runtime.Objects.initializeProperties(Objects.java:204)
W/System.err( 1167): 	at com.newapp..<init>(.code)
W/System.err( 1167): 	at java.lang.Class.newInstanceImpl(Native Method)
W/System.err( 1167): 	at java.lang.Class.newInstance(Class.java:1208)
W/System.err( 1167): 	at com.e4a.runtime.android.mainActivity.onCreate(mainActivity.java:336)
W/System.err( 1167): 	at android.app.Activity.performCreate(Activity.java:5231)
W/System.err( 1167): 	at android.app.Instrumentation.callActivityOnCreate(Instrumentation.java:1087)
W/System.err( 1167): 	at android.app.ActivityThread.performLaunchActivity(ActivityThread.java:2148)
W/System.err( 1167): 	at android.app.ActivityThread.handleLaunchActivity(ActivityThread.java:2233)
W/System.err( 1167): 	at android.app.ActivityThread.access$800(ActivityThread.java:135)
W/System.err( 1167): 	at android.app.ActivityThread$H.handleMessage(ActivityThread.java:1196)
W/System.err( 1167): 	at android.os.Handler.dispatchMessage(Handler.java:102)
W/System.err( 1167): 	at android.os.Looper.loop(Looper.java:136)
W/System.err( 1167): 	at android.app.ActivityThread.main(ActivityThread.java:5001)
W/System.err( 1167): 	at java.lang.reflect.Method.invokeNative(Native Method)
W/System.err( 1167): 	at java.lang.reflect.Method.invoke(Method.java:515)
W/System.err( 1167): 	at com.android.internal.os.ZygoteInit$MethodAndArgsCaller.run(ZygoteInit.java:785)
W/System.err( 1167): 	at com.android.internal.os.ZygoteInit.main(ZygoteInit.java:601)
W/System.err( 1167): 	at dalvik.system.NativeStart.main(Native Method)
W/System.err( 1167): Caused by: java.lang.NullPointerException
W/System.err( 1167): 	at com.e4a.runtime.components.impl.android.Impl.getView(Impl.java:300)
W/System.err( 1167): 	at com.e4a.runtime.components.impl.android.ViewComponent.(ViewComponent.java:713)
W/System.err( 1167): 	... 29 more
E/Simple Runtime Library( 1167): Runtime exception setting property default values: 
W/System.err( 1167): java.lang.reflect.InvocationTargetException
D/dalvikvm( 1167): GC_CONCURRENT freed 230K, 10% free 2934K/3232K, paused 5ms+5ms, total 154ms
W/System.err( 1167): 	at java.lang.reflect.Method.invokeNative(Native Method)
W/System.err( 1167): 	at java.lang.reflect.Method.invoke(Method.java:515)
W/System.err( 1167): 	at com.e4a.runtime.Objects$2.initializer(Objects.java:82)
W/System.err( 1167): 	at com.e4a.runtime.Objects$PropertyInitializer.run(Objects.java:46)
W/System.err( 1167): 	at com.e4a.runtime.Objects$PropertyDescriptor.runInitializer(Objects.java:39)
W/System.err( 1167): 	at com.e4a.runtime.Objects.initializeProperties(Objects.java:245)
W/System.err( 1167): 	at com.e4a.runtime.Objects.initializeProperties(Objects.java:225)
W/System.err( 1167): 	at com.e4a.runtime.Objects.initializeProperties(Objects.java:225)
W/System.err( 1167): 	at com.e4a.runtime.Objects.initializeProperties(Objects.java:221)
W/System.err( 1167): 	at com.e4a.runtime.Objects.initializeProperties(Objects.java:221)
W/System.err( 1167): 	at com.e4a.runtime.Objects.initializeProperties(Objects.java:204)
W/System.err( 1167): 	at com.newapp..<init>(.code)
W/System.err( 1167): 	at java.lang.Class.newInstanceImpl(Native Method)
W/System.err( 1167): 	at java.lang.Class.newInstance(Class.java:1208)
W/System.err( 1167): 	at com.e4a.runtime.android.mainActivity.onCreate(mainActivity.java:336)
W/System.err( 1167): 	at android.app.Activity.performCreate(Activity.java:5231)
W/System.err( 1167): 	at android.app.Instrumentation.callActivityOnCreate(Instrumentation.java:1087)
W/System.err( 1167): 	at android.app.ActivityThread.performLaunchActivity(ActivityThread.java:2148)
W/System.err( 1167): 	at android.app.ActivityThread.handleLaunchActivity(ActivityThread.java:2233)
W/System.err( 1167): 	at android.app.ActivityThread.access$800(ActivityThread.java:135)
W/System.err( 1167): 	at android.app.ActivityThread$H.handleMessage(ActivityThread.java:1196)
W/System.err( 1167): 	at android.os.Handler.dispatchMessage(Handler.java:102)
W/System.err( 1167): 	at android.os.Looper.loop(Looper.java:136)
W/System.err( 1167): 	at android.app.ActivityThread.main(ActivityThread.java:5001)
W/System.err( 1167): 	at java.lang.reflect.Method.invokeNative(Native Method)
