I/PackageManager(  349): /system/priv-app/Contacts.apk changed; collecting certs
D/dalvikvm(  349): GC_CONCURRENT freed 2340K, 19% free 10346K/12736K, paused 5ms+70ms, total 157ms
I/PackageManager(  349): New shared user android.uid.shared: id=10002
I/PackageManager(  349): /system/priv-app/ContactsProvider.apk changed; collecting certs
I/PackageManager(  349): /system/priv-app/DefaultContainerService.apk changed; collecting certs
W/PackageParser(  349): No actions in intent filter at /system/priv-app/Dialer.apk Binary XML file line #163
I/PackageManager(  349): /system/priv-app/Dialer.apk changed; collecting certs
D/dalvikvm(  349): GC_CONCURRENT freed 7955K, 67% free 4293K/12736K, paused 4ms+8ms, total 84ms
D/dalvikvm(  349): WAIT_FOR_CONCURRENT_GC blocked 74ms
D/dalvikvm(  349): GC_CONCURRENT freed 1176K, 72% free 3628K/12736K, paused 4ms+2ms, total 44ms
D/dalvikvm(  349): WAIT_FOR_CONCURRENT_GC blocked 33ms
D/dalvikvm(  349): GC_CONCURRENT freed 134K, 69% free 3960K/12736K, paused 5ms+5ms, total 84ms
D/dalvikvm(  349): GC_CONCURRENT freed 296K, 68% free 4116K/12736K, paused 5ms+14ms, total 78ms
I/PackageManager(  349): /system/priv-app/DownloadProvider.apk changed; collecting certs
I/PackageManager(  349): New shared user android.media: id=10005
I/PackageManager(  349): /system/priv-app/ExternalStorageProvider.apk changed; collecting certs
D/dalvikvm(  349): GC_CONCURRENT freed 387K, 68% free 4183K/12736K, paused 10ms+10ms, total 134ms
I/PackageManager(  349): /system/priv-app/FusedLocation.apk changed; collecting certs
I/PackageManager(  349): /system/priv-app/InputDevices.apk changed; collecting certs
W/ResourceType(  349): Failure getting entry for 0x7f050000 (t=4 e=0) in package 0 (error -75)
I/PackageManager(  349): /system/priv-app/Keyguard.apk changed; collecting certs
D/dalvikvm(  349): GC_CONCURRENT freed 1198K, 74% free 3431K/12736K, paused 5ms+3ms, total 86ms
D/dalvikvm(  349): GC_CONCURRENT freed 324K, 72% free 3589K/12736K, paused 5ms+14ms, total 92ms
I/PackageManager(  349): New shared user android.uid.systemui: id=10007
I/PackageManager(  349): /system/priv-app/Launcher2.apk changed; collecting certs
D/dalvikvm(  349): GC_CONCURRENT freed 361K, 71% free 3724K/12736K, paused 13ms+14ms, total 82ms
D/dalvikvm(  349): GC_CONCURRENT freed 614K, 72% free 3622K/12736K, paused 4ms+3ms, total 46ms
D/dalvikvm(  349): WAIT_FOR_CONCURRENT_GC blocked 17ms
D/dalvikvm(  349): GC_CONCURRENT freed 334K, 71% free 3749K/12736K, paused 4ms+5ms, total 83ms
I/PackageManager(  349): /system/priv-app/MediaProvider.apk changed; collecting certs
I/PackageManager(  349): /system/priv-app/Mms.apk changed; collecting certs
D/dalvikvm(  349): GC_CONCURRENT freed 323K, 70% free 3887K/12736K, paused 5ms+8ms, total 91ms
D/dalvikvm(  349): GC_CONCURRENT freed 756K, 72% free 3631K/12736K, paused 5ms+3ms, total 49ms
D/dalvikvm(  349): WAIT_FOR_CONCURRENT_GC blocked 26ms
D/dalvikvm(  349): GC_CONCURRENT freed 391K, 71% free 3737K/12736K, paused 5ms+4ms, total 63ms
I/PackageManager(  349): /system/priv-app/ProxyHandler.apk changed; collecting certs
D/dalvikvm(  349): GC_CONCURRENT freed 320K, 71% free 3813K/12736K, paused 4ms+7ms, total 76ms
I/PackageManager(  349): /system/priv-app/Settings.apk changed; collecting certs
D/dalvikvm(  349): GC_CONCURRENT freed 569K, 71% free 3727K/12736K, paused 7ms+11ms, total 152ms
D/dalvikvm(  349): GC_CONCURRENT freed 260K, 69% free 3968K/12736K, paused 10ms+2ms, total 50ms
D/dalvikvm(  349): WAIT_FOR_CONCURRENT_GC blocked 40ms
D/dalvikvm(  349): GC_FOR_ALLOC freed 430K, 70% free 3924K/12736K, paused 25ms, total 26ms
D/dalvikvm(  349): GC_CONCURRENT freed 26K, 67% free 4233K/12736K, paused 5ms+6ms, total 117ms
D/dalvikvm(  349): GC_CONCURRENT freed 342K, 66% free 4416K/12736K, paused 11ms+6ms, total 104ms
D/dalvikvm(  349): GC_CONCURRENT freed 356K, 65% free 4584K/12736K, paused 5ms+5ms, total 121ms
I/PackageManager(  349): /system/priv-app/SettingsProvider.apk changed; collecting certs
D/dalvikvm(  349): GC_CONCURRENT freed 434K, 64% free 4631K/12736K, paused 5ms+13ms, total 82ms
I/PackageManager(  349): /system/priv-app/SharedStorageBackup.apk changed; collecting certs
I/PackageManager(  349): /system/priv-app/Shell.apk changed; collecting certs
I/PackageManager(  349): /system/priv-app/SystemUI.apk changed; collecting certs
D/dalvikvm(  349): GC_CONCURRENT freed 1406K, 72% free 3665K/12736K, paused 14ms+6ms, total 73ms
D/dalvikvm(  349): GC_CONCURRENT freed 265K, 71% free 3798K/12736K, paused 4ms+2ms, total 46ms
D/dalvikvm(  349): WAIT_FOR_CONCURRENT_GC blocked 38ms
D/dalvikvm(  349): GC_FOR_ALLOC freed 338K, 70% free 3913K/12736K, paused 25ms, total 26ms
D/dalvikvm(  349): GC_CONCURRENT freed 272K, 68% free 4116K/12736K, paused 6ms+14ms, total 84ms
D/dalvikvm(  349): GC_CONCURRENT freed 277K, 66% free 4387K/12736K, paused 4ms+17ms, total 108ms
D/dalvikvm(  349): GC_CONCURRENT freed 338K, 65% free 4544K/12736K, paused 5ms+5ms, total 129ms
I/PackageManager(  349): /system/priv-app/TeleService.apk changed; collecting certs
D/dalvikvm(  349): GC_CONCURRENT freed 378K, 64% free 4664K/12736K, paused 13ms+9ms, total 56ms
D/dalvikvm(  349): WAIT_FOR_CONCURRENT_GC blocked 46ms
D/dalvikvm(  349): GC_CONCURRENT freed 1273K, 70% free 3859K/12736K, paused 4ms+5ms, total 89ms
I/PackageManager(  349): /system/priv-app/VpnDialogs.apk changed; collecting certs
I/PackageManager(  349): /system/app/BasicDreams.apk changed; collecting certs
I/PackageManager(  349): /system/app/Browser.apk changed; collecting certs
D/dalvikvm(  349): GC_CONCURRENT freed 340K, 69% free 3984K/12736K, paused 26ms+11ms, total 113ms
D/dalvikvm(  349): GC_CONCURRENT freed 582K, 70% free 3908K/12736K, paused 5ms+3ms, total 51ms
D/dalvikvm(  349): WAIT_FOR_CONCURRENT_GC blocked 39ms
D/dalvikvm(  349): GC_CONCURRENT freed 406K, 69% free 4014K/12736K, paused 4ms+3ms, total 62ms
D/dalvikvm(  349): WAIT_FOR_CONCURRENT_GC blocked 13ms
I/PackageManager(  349): /system/app/Calculator.apk changed; collecting certs
D/dalvikvm(  349): GC_CONCURRENT freed 337K, 68% free 4176K/12736K, paused 13ms+9ms, total 87ms
I/PackageManager(  349): /system/app/Calendar.apk changed; collecting certs
D/dalvikvm(  349): GC_CONCURRENT freed 698K, 70% free 3938K/12736K, paused 8ms+3ms, total 51ms
D/dalvikvm(  349): WAIT_FOR_CONCURRENT_GC blocked 18ms
D/dalvikvm(  349): GC_CONCURRENT freed 446K, 69% free 3976K/12736K, paused 5ms+14ms, total 87ms
D/dalvikvm(  349): GC_CONCURRENT freed 211K, 67% free 4269K/12736K, paused 5ms+10ms, total 148ms
I/PackageManager(  349): /system/app/CertInstaller.apk changed; collecting certs
D/dalvikvm(  349): GC_CONCURRENT freed 449K, 67% free 4304K/12736K, paused 5ms+12ms, total 86ms
I/PackageManager(  349): /system/app/ConnectivityTest.apk changed; collecting certs
I/PackageManager(  349): /system/app/CustomLocale.apk changed; collecting certs
I/PackageManager(  349): /system/app/DeskClock.apk changed; collecting certs
D/dalvikvm(  349): GC_CONCURRENT freed 935K, 70% free 3945K/12736K, paused 17ms+5ms, total 123ms
D/dalvikvm(  349): GC_CONCURRENT freed 413K, 69% free 3994K/12736K, paused 5ms+2ms, total 36ms
D/dalvikvm(  349): WAIT_FOR_CONCURRENT_GC blocked 28ms
D/dalvikvm(  349): GC_CONCURRENT freed 294K, 68% free 4173K/12736K, paused 5ms+15ms, total 86ms
D/dalvikvm(  349): GC_CONCURRENT freed 210K, 65% free 4499K/12736K, paused 5ms+5ms, total 112ms
I/PackageManager(  349): /system/app/Development.apk changed; collecting certs
D/dalvikvm(  349): GC_CONCURRENT freed 477K, 64% free 4611K/12736K, paused 4ms+5ms, total 122ms
I/PackageManager(  349): /system/app/DevelopmentSettings.apk changed; collecting certs
I/PackageManager(  349): /system/app/DocumentsUI.apk changed; collecting certs
D/dalvikvm(  349): GC_CONCURRENT freed 392K, 64% free 4705K/12736K, paused 5ms+18ms, total 58ms
D/dalvikvm(  349): WAIT_FOR_CONCURRENT_GC blocked 45ms
I/PackageManager(  349): /system/app/DownloadProviderUi.apk changed; collecting certs
D/dalvikvm(  349): GC_CONCURRENT freed 1164K, 69% free 4064K/12736K, paused 5ms+5ms, total 132ms
I/PackageManager(  349): /system/app/Email.apk changed; collecting certs
D/dalvikvm(  349): GC_CONCURRENT freed 285K, 66% free 4429K/12736K, paused 4ms+12ms, total 172ms
D/dalvikvm(  349): WAIT_FOR_CONCURRENT_GC blocked 4ms
D/dalvikvm(  349): GC_CONCURRENT freed 688K, 67% free 4253K/12736K, paused 6ms+2ms, total 117ms
D/dalvikvm(  349): WAIT_FOR_CONCURRENT_GC blocked 76ms
D/dalvikvm(  349): GC_CONCURRENT freed 494K, 67% free 4261K/12736K, paused 13ms+16ms, total 99ms
D/dalvikvm(  349): GC_CONCURRENT freed 283K, 65% free 4490K/12736K, paused 13ms+3ms, total 62ms
D/dalvikvm(  349): WAIT_FOR_CONCURRENT_GC blocked 24ms
D/dalvikvm(  349): GC_CONCURRENT freed 189K, 63% free 4781K/12736K, paused 13ms+15ms, total 100ms
I/PackageManager(  349): /system/app/Exchange2.apk changed; collecting certs
I/PackageManager(  349): /system/app/Fallback.apk changed; collecting certs
I/PackageManager(  349): /system/app/Gallery.apk changed; collecting certs
D/dalvikvm(  349): GC_CONCURRENT freed 531K, 63% free 4769K/12736K, paused 23ms+10ms, total 73ms
D/dalvikvm(  349): WAIT_FOR_CONCURRENT_GC blocked 29ms
I/PackageManager(  349): /system/app/GpsLocationTest.apk changed; collecting certs
D/dalvikvm(  349): GC_CONCURRENT freed 1204K, 68% free 4083K/12736K, paused 4ms+4ms, total 103ms
I/PackageManager(  349): /system/app/HTMLViewer.apk changed; collecting certs
I/PackageManager(  349): /system/app/KeyChain.apk changed; collecting certs
I/PackageManager(  349): /system/app/LatinIME.apk changed; collecting certs
D/dalvikvm(  349): GC_CONCURRENT freed 365K, 67% free 4220K/12736K, paused 5ms+7ms, total 92ms
D/dalvikvm(  349): GC_CONCURRENT freed 506K, 68% free 4145K/12736K, paused 3ms+3ms, total 48ms
D/dalvikvm(  349): WAIT_FOR_CONCURRENT_GC blocked 45ms
D/dalvikvm(  349): GC_CONCURRENT freed 396K, 67% free 4206K/12736K, paused 4ms+3ms, total 47ms
D/dalvikvm(  349): WAIT_FOR_CONCURRENT_GC blocked 35ms
D/dalvikvm(  349): GC_CONCURRENT freed 288K, 66% free 4389K/12736K, paused 4ms+5ms, total 87ms
D/dalvikvm(  349): GC_CONCURRENT freed 144K, 63% free 4714K/12736K, paused 6ms+14ms, total 117ms
D/dalvikvm(  349): WAIT_FOR_CONCURRENT_GC blocked 66ms
D/dalvikvm(  349): GC_CONCURRENT freed 317K, 62% free 4888K/12736K, paused 5ms+5ms, total 122ms
I/PackageManager(  349): /system/app/LegacyCamera.apk changed; collecting certs
D/dalvikvm(  349): GC_CONCURRENT freed 447K, 61% free 4981K/12736K, paused 14ms+10ms, total 82ms
D/dalvikvm(  349): WAIT_FOR_CONCURRENT_GC blocked 20ms
D/dalvikvm(  349): GC_CONCURRENT freed 1285K, 67% free 4244K/12736K, paused 4ms+2ms, total 51ms
D/dalvikvm(  349): WAIT_FOR_CONCURRENT_GC blocked 41ms
D/dalvikvm(  349): GC_CONCURRENT freed 458K, 67% free 4240K/12736K, paused 5ms+6ms, total 79ms
D/dalvikvm(  349): GC_CONCURRENT freed 145K, 65% free 4566K/12736K, paused 22ms+3ms, total 75ms
D/dalvikvm(  349): WAIT_FOR_CONCURRENT_GC blocked 23ms
D/dalvikvm(  349): GC_CONCURRENT freed 295K, 63% free 4748K/12736K, paused 14ms+12ms, total 100ms
I/PackageManager(  349): /system/app/LiveWallpapersPicker.apk changed; collecting certs
I/PackageManager(  349): /system/app/Music.apk changed; collecting certs
D/dalvikvm(  349): GC_CONCURRENT freed 465K, 63% free 4791K/12736K, paused 14ms+20ms, total 66ms
D/dalvikvm(  349): WAIT_FOR_CONCURRENT_GC blocked 39ms
D/dalvikvm(  349): GC_CONCURRENT freed 1137K, 68% free 4166K/12736K, paused 14ms+5ms, total 112ms
I/PackageManager(  349): /system/app/NetSpeed.apk changed; collecting certs
I/PackageManager(  349): /system/app/OpenWnn.apk changed; collecting certs
D/dalvikvm(  349): GC_CONCURRENT freed 345K, 67% free 4328K/12736K, paused 5ms+5ms, total 70ms
D/dalvikvm(  349): WAIT_FOR_CONCURRENT_GC blocked 25ms
D/dalvikvm(  349): GC_CONCURRENT freed 657K, 68% free 4182K/12736K, paused 5ms+27ms, total 146ms
D/dalvikvm(  349): WAIT_FOR_CONCURRENT_GC blocked 64ms
D/dalvikvm(  349): GC_CONCURRENT freed 200K, 65% free 4531K/12736K, paused 5ms+5ms, total 123ms
I/PackageManager(  349): /system/app/PacProcessor.apk changed; collecting certs
I/PackageManager(  349): /system/app/PackageInstaller.apk changed; collecting certs
D/dalvikvm(  349): GC_CONCURRENT freed 409K, 65% free 4567K/12736K, paused 4ms+12ms, total 86ms
I/PackageManager(  349): /system/app/PicoTts.apk changed; collecting certs
I/PackageManager(  349): /system/app/PinyinIME.apk changed; collecting certs
D/dalvikvm(  349): GC_CONCURRENT freed 983K, 68% free 4096K/12736K, paused 4ms+4ms, total 76ms
D/dalvikvm(  349): WAIT_FOR_CONCURRENT_GC blocked 36ms
I/PackageManager(  349): /system/app/PrintSpooler.apk changed; collecting certs
I/PackageManager(  349): /system/app/Protips.apk changed; collecting certs
D/dalvikvm(  349): GC_CONCURRENT freed 394K, 68% free 4160K/12736K, paused 5ms+14ms, total 90ms
I/PackageManager(  349): /system/app/QuickSearchBox.apk changed; collecting certs
D/dalvikvm(  349): GC_CONCURRENT freed 511K, 68% free 4137K/12736K, paused 5ms+3ms, total 44ms
D/dalvikvm(  349): WAIT_FOR_CONCURRENT_GC blocked 33ms
D/dalvikvm(  349): GC_CONCURRENT freed 345K, 67% free 4259K/12736K, paused 4ms+5ms, total 93ms
I/PackageManager(  349): /system/app/SdkSetup.apk changed; collecting certs
I/PackageManager(  349): /system/app/SoundRecorder.apk changed; collecting certs
I/PackageManager(  349): /system/app/SpeechRecorder.apk changed; collecting certs
D/dalvikvm(  349): GC_CONCURRENT freed 391K, 66% free 4337K/12736K, paused 5ms+12ms, total 89ms
I/PackageManager(  349): /system/app/TelephonyProvider.apk changed; collecting certs
I/PackageManager(  349): /system/app/UserDictionaryProvider.apk changed; collecting certs
D/PackageManager(  349): No files in app dir /vendor/app
D/dalvikvm(  349): GC_CONCURRENT freed 645K, 68% free 4162K/12736K, paused 15ms+15ms, total 95ms
W/PackageParser(  349): No actions in intent filter at /data/app/ApiDemos.apk Binary XML file line #2899
I/PackageManager(  349): /data/app/ApiDemos.apk changed; collecting certs
W/PackageParser(  349): No actions in intent filter at /data/app/ApiDemos.apk Binary XML file line #2905
D/dalvikvm(  349): GC_CONCURRENT freed 237K, 66% free 4409K/12736K, paused 5ms+3ms, total 63ms
D/dalvikvm(  349): WAIT_FOR_CONCURRENT_GC blocked 19ms
D/dalvikvm(  349): GC_CONCURRENT freed 354K, 65% free 4566K/12736K, paused 4ms+5ms, total 82ms
D/dalvikvm(  349): WAIT_FOR_CONCURRENT_GC blocked 19ms
D/dalvikvm(  349): GC_CONCURRENT freed 237K, 63% free 4838K/12736K, paused 4ms+13ms, total 103ms
D/dalvikvm(  349): GC_CONCURRENT freed 538K, 63% free 4827K/12736K, paused 5ms+3ms, total 78ms
D/dalvikvm(  349): WAIT_FOR_CONCURRENT_GC blocked 38ms
D/dalvikvm(  349): GC_CONCURRENT freed 524K, 63% free 4832K/12736K, paused 15ms+4ms, total 79ms
D/dalvikvm(  349): WAIT_FOR_CONCURRENT_GC blocked 42ms
D/dalvikvm(  349): GC_CONCURRENT freed 524K, 63% free 4834K/12736K, paused 4ms+3ms, total 80ms
D/dalvikvm(  349): WAIT_FOR_CONCURRENT_GC blocked 24ms
D/dalvikvm(  349): GC_CONCURRENT freed 522K, 62% free 4839K/12736K, paused 4ms+3ms, total 78ms
D/dalvikvm(  349): WAIT_FOR_CONCURRENT_GC blocked 24ms
D/dalvikvm(  349): GC_CONCURRENT freed 528K, 62% free 4845K/12736K, paused 16ms+3ms, total 82ms
D/dalvikvm(  349): WAIT_FOR_CONCURRENT_GC blocked 33ms
D/dalvikvm(  349): GC_CONCURRENT freed 529K, 62% free 4848K/12736K, paused 5ms+4ms, total 84ms
D/dalvikvm(  349): WAIT_FOR_CONCURRENT_GC blocked 30ms
D/dalvikvm(  349): GC_CONCURRENT freed 529K, 62% free 4851K/12736K, paused 26ms+3ms, total 83ms
D/dalvikvm(  349): WAIT_FOR_CONCURRENT_GC blocked 35ms
D/dalvikvm(  349): GC_CONCURRENT freed 529K, 62% free 4854K/12736K, paused 5ms+3ms, total 132ms
D/dalvikvm(  349): WAIT_FOR_CONCURRENT_GC blocked 75ms
D/dalvikvm(  349): GC_CONCURRENT freed 532K, 62% free 4858K/12736K, paused 13ms+16ms, total 83ms
D/dalvikvm(  349): WAIT_FOR_CONCURRENT_GC blocked 43ms
D/dalvikvm(  349): GC_CONCURRENT freed 531K, 62% free 4867K/12736K, paused 5ms+4ms, total 107ms
D/dalvikvm(  349): WAIT_FOR_CONCURRENT_GC blocked 24ms
W/PackageManager(  349): Package com.example.android.apis desires unavailable shared library com.example.will.never.exist; ignoring!
I/PackageManager(  349): /data/app/CubeLiveWallpapers.apk changed; collecting certs
D/dalvikvm(  349): GC_CONCURRENT freed 484K, 62% free 4924K/12736K, paused 13ms+8ms, total 89ms
D/dalvikvm(  349): WAIT_FOR_CONCURRENT_GC blocked 23ms
I/PackageManager(  349): /data/app/GestureBuilder.apk changed; collecting certs
I/PackageManager(  349): /data/app/SmokeTest.apk changed; collecting certs
D/dalvikvm(  349): GC_CONCURRENT freed 1101K, 66% free 4372K/12736K, paused 4ms+15ms, total 84ms
D/dalvikvm(  349): WAIT_FOR_CONCURRENT_GC blocked 41ms
I/PackageManager(  349): /data/app/SmokeTestApp.apk changed; collecting certs
I/PackageManager(  349): /data/app/SoftKeyboard.apk changed; collecting certs
D/dalvikvm(  349): GC_CONCURRENT freed 510K, 66% free 4369K/12736K, paused 5ms+4ms, total 81ms
D/dalvikvm(  349): WAIT_FOR_CONCURRENT_GC blocked 20ms
I/PackageManager(  349): /data/app/WidgetPreview.apk changed; collecting certs
W/PackageManager(  349): Package com.example.android.apis desires unavailable shared library com.example.will.never.exist; ignoring!
W/PackageManager(  349): Package com.android.camera desires unavailable shared library com.google.android.media.effects; ignoring!
I/PackageManager(  349): Time to scan packages: 28.954 seconds
W/PackageManager(  349): Not granting permission android.permission.GLOBAL_SEARCH to package com.android.quicksearchbox (protectionLevel=18 flags=0x8be45)
D/dalvikvm(  349): GC_CONCURRENT freed 486K, 66% free 4376K/12736K, paused 5ms+6ms, total 125ms
W/PackageManager(  349): Unknown permission com.android.smspush.WAPPUSH_MANAGER_BIND in package com.android.phone
W/PackageManager(  349): Unknown permission com.google.android.googleapps.permission.GOOGLE_AUTH in package com.android.providers.calendar
W/PackageManager(  349): Unknown permission com.google.android.googleapps.permission.GOOGLE_AUTH.cl in package com.android.providers.calendar
W/PackageManager(  349): Unknown permission com.google.android.googleapps.permission.GOOGLE_AUTH.mail in package com.android.calendar
W/PackageManager(  349): Not granting permission android.permission.ACCESS_DOWNLOAD_MANAGER to package com.android.browser (protectionLevel=18 flags=0x9be45)
W/PackageManager(  349): Not granting permission android.permission.SEND_DOWNLOAD_COMPLETED_INTENTS to package com.android.browser (protectionLevel=2 flags=0x9be45)
W/PackageManager(  349): Not granting permission android.permission.BIND_APPWIDGET to package com.android.widgetpreview (protectionLevel=18 flags=0x8be44)
W/PackageManager(  349): Unknown permission android.permission.INSTALL_DRM in package com.android.mms
W/PackageManager(  349): Unknown permission com.google.android.googleapps.permission.GOOGLE_AUTH in package com.android.settings
W/PackageManager(  349): Unknown permission com.google.android.googleapps.permission.ACCESS_GOOGLE_PASSWORD in package com.android.development
W/PackageManager(  349): Unknown permission com.google.android.googleapps.permission.GOOGLE_AUTH in package com.android.development
W/PackageManager(  349): Unknown permission com.google.android.googleapps.permission.GOOGLE_AUTH.ALL_SERVICES in package com.android.development
W/PackageManager(  349): Unknown permission com.google.android.googleapps.permission.GOOGLE_AUTH.YouTubeUser in package com.android.development
W/PackageManager(  349): Not granting permission android.permission.DELETE_PACKAGES to package com.svox.pico (protectionLevel=18 flags=0x8be45)
W/PackageManager(  349): Not granting permission android.permission.DEVICE_POWER to package com.android.deskclock (protectionLevel=2 flags=0x48be45)
D/dalvikvm(  349): GC_EXPLICIT freed 366K, 67% free 4309K/12736K, paused 4ms+4ms, total 52ms
I/SystemServer(  349): Entropy Mixer
W/EntropyMixer(  349): No existing entropy file -- first boot?
I/EntropyMixer(  349): Writing entropy...
I/SystemServer(  349): User Service
I/SystemServer(  349): Account Manager
I/SystemServer(  349): Content Manager
I/SystemServer(  349): System Content Providers
I/SyncManager(  349): No initial accounts
I/SyncManager(  349): No initial status
W/SyncManagerFile(  349): Error reading pending data.
W/SyncManagerFile(  349): java.io.FileNotFoundException: /data/system/sync/pending.xml: open failed: ENOENT (No such file or directory)
W/SyncManagerFile(  349): 	at libcore.io.IoBridge.open(IoBridge.java:409)
W/SyncManagerFile(  349): 	at java.io.FileInputStream.<init>(FileInputStream.java:78)
W/SyncManagerFile(  349): 	at android.util.AtomicFile.openRead(AtomicFile.java:199)
W/SyncManagerFile(  349): 	at com.android.server.content.SyncStorageEngine.readPendingOperationsLocked(SyncStorageEngine.java:2286)
W/SyncManagerFile(  349): 	at com.android.server.content.SyncStorageEngine.<init>(SyncStorageEngine.java:434)
W/SyncManagerFile(  349): 	at com.android.server.content.SyncStorageEngine.init(SyncStorageEngine.java:454)
W/SyncManagerFile(  349): 	at com.android.server.content.SyncManager.<init>(SyncManager.java:383)
W/SyncManagerFile(  349): 	at com.android.server.content.ContentService.getSyncManager(ContentService.java:75)
W/SyncManagerFile(  349): 	at com.android.server.content.ContentService.notifyChange(ContentService.java:283)
W/SyncManagerFile(  349): 	at android.content.ContentResolver.notifyChange(ContentResolver.java:1621)
W/SyncManagerFile(  349): 	at com.android.providers.settings.SettingsProvider.sendNotify(SettingsProvider.java:262)
W/SyncManagerFile(  349): 	at com.android.providers.settings.SettingsProvider.insertForUser(SettingsProvider.java:941)
W/SyncManagerFile(  349): 	at com.android.providers.settings.SettingsProvider.ensureAndroidIdIsSet(SettingsProvider.java:496)
W/SyncManagerFile(  349): 	at com.android.providers.settings.SettingsProvider.establishDbTracking(SettingsProvider.java:409)
W/SyncManagerFile(  349): 	at com.android.providers.settings.SettingsProvider.onCreate(SettingsProvider.java:335)
W/SyncManagerFile(  349): 	at android.content.ContentProvider.attachInfo(ContentProvider.java:1591)
W/SyncManagerFile(  349): 	at android.content.ContentProvider.attachInfo(ContentProvider.java:1562)
W/SyncManagerFile(  349): 	at android.app.ActivityThread.installProvider(ActivityThread.java:4774)
W/SyncManagerFile(  349): 	at android.app.ActivityThread.installContentProviders(ActivityThread.java:4369)
W/SyncManagerFile(  349): 	at android.app.ActivityThread.installSystemProviders(ActivityThread.java:4929)
W/SyncManagerFile(  349): 	at com.android.server.am.ActivityManagerService.installSystemProviders(ActivityManagerService.java:8081)
W/SyncManagerFile(  349): 	at com.android.server.ServerThread.initAndLoop(SystemServer.java:275)
W/SyncManagerFile(  349): 	at com.android.server.SystemServer.main(SystemServer.java:1179)
W/SyncManagerFile(  349): 	at java.lang.reflect.Method.invokeNative(Native Method)
W/SyncManagerFile(  349): 	at java.lang.reflect.Method.invoke(Method.java:515)
W/SyncManagerFile(  349): 	at com.android.internal.os.ZygoteInit$MethodAndArgsCaller.run(ZygoteInit.java:785)
W/SyncManagerFile(  349): 	at com.android.internal.os.ZygoteInit.main(ZygoteInit.java:601)
W/SyncManagerFile(  349): 	at dalvik.system.NativeStart.main(Native Method)
W/SyncManagerFile(  349): Caused by: libcore.io.ErrnoException: open failed: ENOENT (No such file or directory)
W/SyncManagerFile(  349): 	at libcore.io.Posix.open(Native Method)
W/SyncManagerFile(  349): 	at libcore.io.BlockGuardOs.open(BlockGuardOs.java:110)
W/SyncManagerFile(  349): 	at libcore.io.IoBridge.open(IoBridge.java:393)
W/SyncManagerFile(  349): 	... 27 more
I/SyncManager(  349): No initial statistics
D/SettingsProvider(  349): Generated and saved new ANDROID_ID [f2dae7750295080] for user 0
I/SystemServer(  349): Lights Service
I/SystemServer(  349): Battery Service
E/ConsumerIrService(  349): Can't open consumer IR HW Module, error: -2
I/SystemServer(  349): Vibrator Service
I/SystemServer(  349): Consumer IR Service
W/libsuspend(  349): Error writing 'on' to /sys/power/state: Invalid argument
E/libsuspend(  349): Error opening /sys/power/autosleep: No such file or directory
I/libsuspend(  349): Selected wakeup count
D/PermissionCache(   58): checking android.permission.ACCESS_SURFACE_FLINGER for uid=1000 => granted (2063 us)
D/SurfaceFlinger(   58): Screen acquired, type=0 flinger=0xb8e60450
D/SurfaceFlinger(   58):  screen was previously acquired
I/SystemServer(  349): Alarm Manager
I/SystemServer(  349): Init Watchdog
I/SystemServer(  349): Input Manager
I/InputManager(  349): Initializing input manager, mUseDevInputEventForAudioJack=false
I/SystemServer(  349): Window Manager
I/WindowManager(  349): No existing display settings /data/system/display_settings.xml; starting empty
D/dalvikvm(  349): GC_CONCURRENT freed 286K, 65% free 4459K/12736K, paused 8ms+4ms, total 132ms
I/WindowManager(  349): No keyguard interface!
I/InputManager(  349): Starting input manager
E/EventHub(  349): could not get driver version for /dev/input/mouse0, Not a typewriter
I/SystemServer(  349): No Bluetooh Service (emulator)
I/SystemServer(  349): Input Method Service
W/EventHub(  349): Unable to disable kernel key repeat for /dev/input/event0: Function not implemented
I/EventHub(  349): New device: id=1, fd=93, path='/dev/input/event0', name='qwerty2', classes=0x2d, configuration='/system/usr/idc/qwerty2.idc', keyLayout='/system/usr/keylayout/qwerty.kl', keyCharacterMap='/system/usr/keychars/qwerty2.kcm', builtinKeyboard=true, usingSuspendBlockIoctl=true, usingClockIoctl=true
E/EventHub(  349): could not get driver version for /dev/input/mice, Not a typewriter
I/InputReader(  349): Device added: id=-1, name='Virtual', sources=0x00000301
I/InputReader(  349):   Touch device 'qwerty2' could not query the properties of its associated display.  The device will be inoperable until the display size becomes available.
I/InputReader(  349): Device added: id=0, name='qwerty2', sources=0x00011307
W/InputMethodManagerService(  349): No IME selected. Choose the most applicable IME.
I/InputMethodManagerService(  349): No default found, using com.android.inputmethod.latin/.LatinIME
I/SystemServer(  349): Accessibility Manager
I/ActivityManager(  349): Config changes=1df8 {1.0 ?mcc?mnc en_US ldltr sw480dp w480dp h864dp 160dpi lrg long port ?uimode ?night -touch -keyb/h/h tball/v s.2}
I/InputReader(  349): Reconfiguring input devices.  changes=0x00000004
I/InputReader(  349): Device reconfigured: id=0, name='qwerty2', size 480x864, orientation 0, mode 1, display id 0
I/ActivityManager(  349): Config changes=408 {1.0 ?mcc?mnc en_US ldltr sw480dp w480dp h839dp 160dpi lrg long port ?uimode ?night finger -keyb/h/h tball/v s.3}
I/SystemServer(  349): Mount Service
D/MountService(  349): got storage path: /storage/sdcard description: USB storage primary: true removable: false emulated: false mtpReserve: 0 allowMassStorage: false maxFileSize: 0
D/MountService(  349): addVolumeLocked() StorageVolume:
D/MountService(  349):     mStorageId=0 mPath=/storage/sdcard mDescriptionId=17040665 mPrimary=true 
D/MountService(  349):     mRemovable=false mEmulated=false mMtpReserveSpace=0 
D/MountService(  349):     mAllowMassStorage=false mMaxFileSize=0 mOwner=null mUuid=null 
D/MountService(  349):     mUserLabel=null mState=null 
I/SystemServer(  349): LockSettingsService
I/SystemServer(  349): Device Policy
I/SystemServer(  349): Status Bar
I/SystemServer(  349): Clipboard Service
I/SystemServer(  349): NetworkManagement Service
I/SystemServer(  349): Text Service Manager Service
W/MountService(  349): Duplicate state transition (unmounted -> unmounted) for /storage/sdcard
I/SystemServer(  349): NetworkStats Service
I/PackageManager(  349): No secure containers on sdcard
W/MountService(  349): getSecureContainerList() called when storage not mounted
I/SystemServer(  349): NetworkPolicy Service
I/SystemServer(  349): Wi-Fi P2pService
W/PackageManager(  349): Not granting permission android.permission.GLOBAL_SEARCH to package com.android.quicksearchbox (protectionLevel=18 flags=0x8be45)
W/PackageManager(  349): Unknown permission com.android.smspush.WAPPUSH_MANAGER_BIND in package com.android.phone
W/PackageManager(  349): Unknown permission com.google.android.googleapps.permission.GOOGLE_AUTH in package com.android.providers.calendar
W/PackageManager(  349): Unknown permission com.google.android.googleapps.permission.GOOGLE_AUTH.cl in package com.android.providers.calendar
W/PackageManager(  349): Unknown permission com.google.android.googleapps.permission.GOOGLE_AUTH.mail in package com.android.calendar
W/PackageManager(  349): Not granting permission android.permission.ACCESS_DOWNLOAD_MANAGER to package com.android.browser (protectionLevel=18 flags=0x9be45)
W/PackageManager(  349): Not granting permission android.permission.SEND_DOWNLOAD_COMPLETED_INTENTS to package com.android.browser (protectionLevel=2 flags=0x9be45)
W/PackageManager(  349): Not granting permission android.permission.BIND_APPWIDGET to package com.android.widgetpreview (protectionLevel=18 flags=0x8be44)
D/dalvikvm(  349): GC_CONCURRENT freed 246K, 64% free 4611K/12736K, paused 16ms+5ms, total 84ms
W/PackageManager(  349): Unknown permission android.permission.INSTALL_DRM in package com.android.mms
W/PackageManager(  349): Unknown permission com.google.android.googleapps.permission.GOOGLE_AUTH in package com.android.settings
W/PackageManager(  349): Unknown permission com.google.android.googleapps.permission.ACCESS_GOOGLE_PASSWORD in package com.android.development
W/PackageManager(  349): Unknown permission com.google.android.googleapps.permission.GOOGLE_AUTH in package com.android.development
W/PackageManager(  349): Unknown permission com.google.android.googleapps.permission.GOOGLE_AUTH.ALL_SERVICES in package com.android.development
W/PackageManager(  349): Unknown permission com.google.android.googleapps.permission.GOOGLE_AUTH.YouTubeUser in package com.android.development
W/PackageManager(  349): Not granting permission android.permission.DELETE_PACKAGES to package com.svox.pico (protectionLevel=18 flags=0x8be45)
W/PackageManager(  349): Not granting permission android.permission.DEVICE_POWER to package com.android.deskclock (protectionLevel=2 flags=0x48be45)
I/SystemServer(  349): Wi-Fi Service
D/WifiController(  349): isAirplaneModeOn = false, isWifiEnabled = false, isScanningAvailable = false
I/SystemServer(  349): Connectivity Service
D/ConnectivityService(  349): ConnectivityService starting up
D/ConnectivityService(  349): wifiOnly=false
E/MobileDataStateTracker(  349): default: Ignoring feature request because could not acquire PhoneService
E/MobileDataStateTracker(  349): default: Could not enable APN type "default"
I/WifiService(  349): WifiService starting up with Wi-Fi disabled
I/SystemServer(  349): Network Service Discovery Service
D/NsdService(  349): Network service discovery enabled true
I/SystemServer(  349): UpdateLock Service
I/SystemServer(  349): Notification Manager
I/SystemServer(  349): Device Storage Monitor
I/SystemServer(  349): Location Manager
I/SystemServer(  349): Country Detector
I/SystemServer(  349): Search Service
D/dalvikvm(  349): GC_CONCURRENT freed 289K, 63% free 4783K/12736K, paused 5ms+4ms, total 144ms
I/SystemServer(  349): DropBox Service
I/SystemServer(  349): Wallpaper Service
W/WallpaperService(  349): no current wallpaper -- first boot?
I/SystemServer(  349): Audio Service
I/SystemServer(  349): Dock Observer
W/DockObserver(  349): This kernel does not have dock station support
I/SystemServer(  349): Wired Accessory Manager
W/WiredAccessoryManager(  349): This kernel does not have wired headset support
W/WiredAccessoryManager(  349): This kernel does not have usb audio support
W/WiredAccessoryManager(  349): This kernel does not have HDMI audio support
I/SystemServer(  349): USB Service
I/SystemServer(  349): Serial Service
I/SystemServer(  349): Twilight Service
I/SystemServer(  349): UI Mode Manager Service
I/SystemServer(  349): Backup Service
V/BackupManagerService(  349): Initializing package tracking
V/BackupManagerService(  349): No ancestral data
V/BackupManagerService(  349): addPackageParticipantsLocked: all
I/BackupManagerService(  349): Scheduling backup for new app com.android.calendar
D/BackupManagerService(  349): Now staging backup of com.android.calendar
I/BackupManagerService(  349): Scheduling backup for new app com.android.browser
D/BackupManagerService(  349): Now staging backup of com.android.browser
I/BackupManagerService(  349): Scheduling backup for new app com.android.providers.userdictionary
D/BackupManagerService(  349): Now staging backup of com.android.providers.userdictionary
I/BackupManagerService(  349): Scheduling backup for new app com.android.sharedstoragebackup
D/BackupManagerService(  349): Now staging backup of com.android.sharedstoragebackup
I/BackupManagerService(  349): Scheduling backup for new app android
D/BackupManagerService(  349): Now staging backup of android
I/BackupManagerService(  349): Scheduling backup for new app com.android.dialer
D/BackupManagerService(  349): Now staging backup of com.android.dialer
I/BackupManagerService(  349): Scheduling backup for new app com.android.providers.settings
D/BackupManagerService(  349): Now staging backup of com.android.providers.settings
V/BackupManagerService(  349): Starting with transport android/com.android.internal.backup.LocalTransport
V/BackupManagerService(  349): Found transports: 1
I/BackupManagerService(  349): Binding to transport host ComponentInfo{android/com.android.internal.backup.LocalTransportService}
I/BackupManagerService(  349): Backup enabled => true
I/SystemServer(  349): AppWidget Service
I/SystemServer(  349): Recognition Service
I/SystemServer(  349): DiskStats Service
I/SystemServer(  349): SamplingProfiler Service
I/SystemServer(  349): NetworkTimeUpdateService
I/SystemServer(  349): CommonTimeManagementService
I/SystemServer(  349): CertBlacklister
I/SystemServer(  349): Dreams Service
I/SystemServer(  349): Assets Atlas Service
I/SystemServer(  349): IdleMaintenanceService
I/SystemServer(  349): Print Service
D/Atlas   (  349): Computing best atlas configuration...
D/Atlas   (  349): Running Thread-50
I/WindowManager(  349): SAFE MODE not enabled
I/SystemServer(  349): Media Router Service
D/Atlas   (  349): Found best atlas configuration in 0.11s
D/Atlas   (  349): Loaded configuration: SliceMinArea (768x768) flags=0x2 count=24
D/gralloc_goldfish(  349): Emulator without GPU emulation detected.
D/dalvikvm(  349): GC_CONCURRENT freed 333K, 62% free 4954K/12736K, paused 23ms+33ms, total 171ms
E/SQLiteLog(  349): (1) no such table: locksettings
W/AssetAtlasService(  349): Could not find EGL configuration
D/Atlas   (  349): Rendered atlas in 21.43ms (6.85+14.58ms)
I/LockSettingsService(  349): Migrated lock settings to new location
I/LockSettingsService(  349): Migrated per-user lock settings to new location
I/Zygote  (  349): Process: zygote socket opened
V/KeyguardServiceDelegate(  349): *** Keyguard started
V/KeyguardServiceDelegate(  349): onSystemReady() called before keyguard service was ready
I/ActivityManager(  349): Start proc com.android.systemui for service com.android.keyguard/.KeyguardService: pid=459 uid=10007 gids={50007, 1028, 1015, 1035, 3002, 3001}
F/SystemServer(  349): BOOT FAILURE making Package Manager Service ready
F/SystemServer(  349): java.lang.SecurityException: Unable to find app for caller android.app.ActivityThread$ApplicationThread@b2f74ba0 (pid=349) when registering receiver android.app.LoadedApk$ReceiverDispatcher$InnerReceiver@b30e6c98
F/SystemServer(  349): 	at com.android.server.am.ActivityManagerService.registerReceiver(ActivityManagerService.java:13021)
F/SystemServer(  349): 	at android.app.ContextImpl.registerReceiverInternal(ContextImpl.java:1450)
F/SystemServer(  349): 	at android.app.ContextImpl.registerReceiverAsUser(ContextImpl.java:1425)
F/SystemServer(  349): 	at com.android.internal.content.PackageMonitor.register(PackageMonitor.java:84)
F/SystemServer(  349): 	at com.android.server.pm.UserManagerService.systemReady(UserManagerService.java:237)
F/SystemServer(  349): 	at com.android.server.pm.PackageManagerService.systemReady(PackageManagerService.java:10476)
F/SystemServer(  349): 	at com.android.server.ServerThread.initAndLoop(SystemServer.java:893)
F/SystemServer(  349): 	at com.android.server.SystemServer.main(SystemServer.java:1179)
F/SystemServer(  349): 	at java.lang.reflect.Method.invokeNative(Native Method)
F/SystemServer(  349): 	at java.lang.reflect.Method.invoke(Method.java:515)
F/SystemServer(  349): 	at com.android.internal.os.ZygoteInit$MethodAndArgsCaller.run(ZygoteInit.java:785)
F/SystemServer(  349): 	at com.android.internal.os.ZygoteInit.main(ZygoteInit.java:601)
F/SystemServer(  349): 	at dalvik.system.NativeStart.main(Native Method)
W/SystemServer(  349): ***********************************************
I/ActivityManager(  349): Sending system update to ComponentInfo{com.android.providers.calendar/com.android.providers.calendar.CalendarUpgradeReceiver} for user 0
I/ActivityManager(  349): Sending system update to ComponentInfo{com.android.providers.contacts/com.android.providers.contacts.ContactsUpgradeReceiver} for user 0
I/ActivityManager(  349): Sending system update to ComponentInfo{com.android.providers.media/com.android.providers.media.MediaUpgradeReceiver} for user 0
I/SystemServer(  349): Enabled StrictMode for system server main thread.
I/ActivityManager(  349): Start proc com.android.providers.calendar for broadcast com.android.providers.calendar/.CalendarUpgradeReceiver: pid=469 uid=10001 gids={50001, 3003, 1028, 1015}
I/Choreographer(  349): Skipped 50 frames!  The application may be doing too much work on its main thread.
W/InputMethodManagerService(  349): Focus gain on non-focused client android.view.inputmethod.InputMethodManager$1@b35b6810 (uid=1000 pid=349)
V/BackupManagerService(  349): Connected to transport ComponentInfo{android/com.android.internal.backup.LocalTransportService}
V/BackupManagerService(  349): Registering transport android/com.android.internal.backup.LocalTransportService::android/com.android.internal.backup.LocalTransport = com.android.internal.backup.LocalTransport@b2e71a70
I/ActivityManager(  349): Launching preboot mode app: ProcessRecord{b36138e0 469:com.android.providers.calendar/u0a1}
E/SoundPool(  459): error loading /system/media/audio/ui/Lock.ogg
W/KeyguardViewMediator(  459): failed to load lock sound from /system/media/audio/ui/Lock.ogg
E/SoundPool(  459): error loading /system/media/audio/ui/Unlock.ogg
W/KeyguardViewMediator(  459): failed to load unlock sound from /system/media/audio/ui/Unlock.ogg
V/KeyguardService(  459): onCreate()
V/KeyguardServiceDelegate(  349): *** Keyguard connected (yay!)
V/KeyguardServiceDelegate(  349): **** SHOWN CALLED ****
D/dalvikvm(  349): GC_CONCURRENT freed 299K, 60% free 5096K/12736K, paused 20ms+21ms, total 79ms
I/ActivityManager(  349): Start proc android.process.acore for broadcast com.android.providers.contacts/.ContactsUpgradeReceiver: pid=490 uid=10002 gids={50002, 3003, 1028, 1015}
I/ActivityManager(  349): Launching preboot mode app: ProcessRecord{b3610d10 490:android.process.acore/u0a2}
I/ContactsUpgradeReceiver(  490): Creating or opening contacts database
D/dalvikvm(  490): GC_CONCURRENT freed 364K, 14% free 2806K/3244K, paused 17ms+4ms, total 75ms
I/ContactsDatabaseHelper(  490): Bootstrapping database version: 803
D/dalvikvm(  490): GC_CONCURRENT freed 332K, 13% free 2871K/3276K, paused 12ms+2ms, total 49ms
I/ContactsProviderV1(  490): Bootstrapping database legacy support
I/ContactsDatabaseHelper(  490): Bootstrapping database version: 803
D/dalvikvm(  490): GC_CONCURRENT freed 334K, 13% free 2929K/3336K, paused 5ms+2ms, total 29ms
I/ContactsProviderV1(  490): Bootstrapping database legacy support
D/dalvikvm(  490): GC_CONCURRENT freed 325K, 11% free 3030K/3388K, paused 4ms+1ms, total 42ms
I/ContactsProvider(  490): Locale has changed from null to en_US
I/ContactsDatabaseHelper(  490): Switching to locale en_US (ICU v51.1.0.1)
I/ContactsDatabaseHelper(  490): Locale change completed in 516ms
I/ContactsDatabaseHelper(  490): Switching to locale en_US (ICU v51.1.0.1)
D/dalvikvm(  490): GC_CONCURRENT freed 378K, 13% free 3050K/3504K, paused 4ms+4ms, total 53ms
I/ContactsDatabaseHelper(  490): Locale change completed in 524ms
I/ActivityManager(  349): Start proc android.process.media for broadcast com.android.providers.media/.MediaUpgradeReceiver: pid=508 uid=10005 gids={50005, 1028, 1015, 1023, 1024, 2001, 3003, 3007}
I/ActivityManager(  349): Launching preboot mode app: ProcessRecord{b3637b78 508:android.process.media/u0a5}
I/ActivityManager(  349): Writing new set of last done pre-boot receivers...
I/ActivityManager(  349): Removing system update proc: ProcessRecord{b36138e0 469:com.android.providers.calendar/u0a1}
I/ActivityManager(  349): Killing 469:com.android.providers.calendar/u0a1 (adj 13): system update done
I/ActivityManager(  349): Removing system update proc: ProcessRecord{b3610d10 490:android.process.acore/u0a2}
I/ActivityManager(  349): Killing 490:android.process.acore/u0a2 (adj 11): system update done
I/ActivityManager(  349): Removing system update proc: ProcessRecord{b3637b78 508:android.process.media/u0a5}
I/ActivityManager(  349): Killing 508:android.process.media/u0a5 (adj 9): system update done
I/ActivityManager(  349): System now ready
I/SystemServer(  349): Making services ready
D/NetworkManagementService(  349): enabling bandwidth control
I/Vold    (   53): /dev/block/vold/179:0 being considered for volume sdcard
D/Vold    (   53): Volume sdcard state changing 1 (Idle-Unmounted) -> 3 (Checking)
D/MountService(  349): volume state changed for /storage/sdcard (unmounted -> checking)
D/MountService(  349): sendStorageIntent Intent { act=android.intent.action.MEDIA_CHECKING dat=file:///storage/sdcard (has extras) } to UserHandle{-1}
I/fsck_msdos(   53): ** /dev/block/vold/179:0
I/fsck_msdos(   53): Invalid signature in fsinfo block
I/fsck_msdos(   53): FIXED
I/fsck_msdos(   53): ** Phase 1 - Read and Compare FATs
I/fsck_msdos(   53): Attempting to allocate 794 KB for FAT
D/SystemUIService(  459): loading: class com.android.systemui.recent.Recents
I/fsck_msdos(   53): Attempting to allocate 794 KB for FAT
D/SystemUIService(  459): running: com.android.systemui.recent.Recents@b2d04010
D/SystemUIService(  459): loading: class com.android.systemui.statusbar.SystemBars
D/SystemUIService(  459): running: com.android.systemui.statusbar.SystemBars@b2d045f8
D/SystemUIService(  459): loading: class com.android.systemui.usb.StorageNotification
D/SystemUIService(  459): running: com.android.systemui.usb.StorageNotification@b2d06348
I/fsck_msdos(   53): ** Phase 2 - Check Cluster Chains
D/SystemUIService(  459): loading: class com.android.systemui.power.PowerUI
D/SystemUIService(  459): running: com.android.systemui.power.PowerUI@b2d079a8
I/fsck_msdos(   53): ** Phase 3 - Checking Directories
I/fsck_msdos(   53): ** Phase 4 - Checking for Lost Files
I/fsck_msdos(   53): Free space in FSInfo block (201592) not correct (201591)
I/fsck_msdos(   53): FIXED
I/fsck_msdos(   53): 1 files, 100795 free (201591 clusters)
I/Vold    (   53): Filesystem check completed OK
D/SystemUIService(  459): loading: class com.android.systemui.media.RingtonePlayer
D/SystemUIService(  459): running: com.android.systemui.media.RingtonePlayer@b2d089e0
D/SystemUIService(  459): loading: class com.android.systemui.settings.SettingsUI
D/SystemUIService(  459): running: com.android.systemui.settings.SettingsUI@b2d09cc8
W/Vold    (   53): blkid failed to identify /dev/block/vold/179:0
D/Vold    (   53): Volume sdcard state changing 3 (Checking) -> 4 (Mounted)
E/VoldConnector(  349): NDC Command {3 volume mount /storage/sdcard} took too long (849ms)
D/dalvikvm(  349): GC_CONCURRENT freed 436K, 59% free 5227K/12736K, paused 6ms+4ms, total 935ms
D/PhoneStatusBar(  459): mSettingsPanelGravity = 55
I/StatusBarManagerService(  349): registerStatusBar bar=com.android.internal.statusbar.IStatusBar$Stub$Proxy@b3626310
I/PackageManager(  349): Updating external media status from unmounted to mounted
D/MountService(  349): volume state changed for /storage/sdcard (checking -> mounted)
D/MountService(  349): sendStorageIntent Intent { act=android.intent.action.MEDIA_MOUNTED dat=file:///storage/sdcard (has extras) } to UserHandle{-1}
D/dalvikvm(  459): GC_CONCURRENT freed 283K, 12% free 2825K/3180K, paused 15ms+4ms, total 171ms
D/dalvikvm(  459): GC_FOR_ALLOC freed 36K, 8% free 2947K/3180K, paused 35ms, total 37ms
I/PackageManager(  349): No secure containers on sdcard
W/PackageManager(  349): Not granting permission android.permission.GLOBAL_SEARCH to package com.android.quicksearchbox (protectionLevel=18 flags=0x88be45)
W/PackageManager(  349): Unknown permission com.android.smspush.WAPPUSH_MANAGER_BIND in package com.android.phone
W/PackageManager(  349): Unknown permission com.google.android.googleapps.permission.GOOGLE_AUTH in package com.android.providers.calendar
W/PackageManager(  349): Unknown permission com.google.android.googleapps.permission.GOOGLE_AUTH.cl in package com.android.providers.calendar
W/PackageManager(  349): Unknown permission com.google.android.googleapps.permission.GOOGLE_AUTH.mail in package com.android.calendar
W/PackageManager(  349): Not granting permission android.permission.ACCESS_DOWNLOAD_MANAGER to package com.android.browser (protectionLevel=18 flags=0x89be45)
W/PackageManager(  349): Not granting permission android.permission.SEND_DOWNLOAD_COMPLETED_INTENTS to package com.android.browser (protectionLevel=2 flags=0x89be45)
W/PackageManager(  349): Not granting permission android.permission.BIND_APPWIDGET to package com.android.widgetpreview (protectionLevel=18 flags=0x8be44)
W/PackageManager(  349): Unknown permission android.permission.INSTALL_DRM in package com.android.mms
W/PackageManager(  349): Unknown permission com.google.android.googleapps.permission.GOOGLE_AUTH in package com.android.settings
W/PackageManager(  349): Unknown permission com.google.android.googleapps.permission.ACCESS_GOOGLE_PASSWORD in package com.android.development
W/PackageManager(  349): Unknown permission com.google.android.googleapps.permission.GOOGLE_AUTH in package com.android.development
W/PackageManager(  349): Unknown permission com.google.android.googleapps.permission.GOOGLE_AUTH.ALL_SERVICES in package com.android.development
W/PackageManager(  349): Unknown permission com.google.android.googleapps.permission.GOOGLE_AUTH.YouTubeUser in package com.android.development
W/PackageManager(  349): Not granting permission android.permission.DELETE_PACKAGES to package com.svox.pico (protectionLevel=18 flags=0x88be45)
W/PackageManager(  349): Not granting permission android.permission.DEVICE_POWER to package com.android.deskclock (protectionLevel=2 flags=0xc8be45)
E/NetdConnector(  349): NDC Command {1 bandwidth enable} took too long (2956ms)
E/BluetoothAdapter(  459): Bluetooth binder is null
E/BluetoothAdapter(  459): Bluetooth binder is null
E/BluetoothAdapter(  459): Bluetooth binder is null
D/dalvikvm(  459): GC_CONCURRENT freed 60K, 4% free 3364K/3504K, paused 4ms+30ms, total 189ms
E/BluetoothAdapter(  459): Bluetooth binder is null
I/ActivityManager(  349): Start proc android.process.acore for content provider com.android.providers.contacts/.ContactsProvider2: pid=576 uid=10002 gids={50002, 3003, 1028, 1015}
D/PhoneStatusBar(  459): disable: < expand icons alerts ticker system_info back home recent clock search >
E/NetdConnector(  349): NDC Command {5 firewall disable} took too long (625ms)
I/ActivityManager(  349): Config changes=200 {1.0 ?mcc?mnc en_US ldltr sw480dp w480dp h839dp 160dpi lrg long port finger -keyb/h/h tball/v s.4}
W/RecognitionManagerService(  349): no available voice recognition services found for user 0
E/BluetoothAdapter(  459): Bluetooth binder is null
D/PhoneStatusBar(  459): heads up is disabled
I/Choreographer(  459): Skipped 699 frames!  The application may be doing too much work on its main thread.
W/AppWidgetServiceImpl(  349): Failed to read state: java.io.FileNotFoundException: /data/system/users/0/appwidgets.xml: open failed: ENOENT (No such file or directory)
W/InputMethodManagerService(  349): Ignoring setImeWindowStatus of uid 1000 token: null
W/InputMethodUtils(  349): Found no subtypes in a system IME: com.android.inputmethod.pinyin
W/InputMethodManagerService(  349): Reset the default IME as "Resource" is ready here.
W/InputMethodUtils(  349): Found no subtypes in a system IME: com.android.inputmethod.pinyin
I/InputMethodManagerService(  349): Selected default: com.android.inputmethod.latin/.LatinIME
D/dalvikvm(  349): GC_CONCURRENT freed 657K, 60% free 5207K/12736K, paused 5ms+4ms, total 270ms
D/dalvikvm(  349): WAIT_FOR_CONCURRENT_GC blocked 88ms
I/ActivityManager(  349): Config changes=20 {1.0 ?mcc?mnc en_US ldltr sw480dp w480dp h839dp 160dpi lrg long port finger -keyb/v/h tball/v s.5}
I/ActivityManager(  349): Start proc com.android.inputmethod.latin for service com.android.inputmethod.latin/.LatinIME: pid=595 uid=10029 gids={50029, 1028, 1015}
V/InputMethodManagerService(  349): Adding window token: android.os.Binder@b30b4808
W/InputMethodManagerService(  349): Illegal subtype state: old subtype = null, new subtype = android.view.inputmethod.InputMethodSubtype@c9194f98
W/GpsLocationProvider(  349): Could not open GPS configuration file /etc/gps.conf
W/ServiceWatcher(  349): com.google.android.location not found
W/ServiceWatcher(  349): com.google.android.location not found
W/ServiceWatcher(  349): com.google.android.location not found
W/LocationManagerService(  349): no network location provider found
W/ServiceWatcher(  349): com.google.android.location not found
E/FlpHardwareProvider(  349): Error hw_get_module 'flp': -2
