I/dalvikvm(  896): CheckJNI enabled: not enabling JNI app bug workarounds.
D/ConnectivityService(  354): [CheckMp] isMobileOk: not connected ni=NetworkInfo: type: mobile_hipri[UMTS], state: DISCONNECTED/IDLE, reason: (unspecified), extra: (none), roaming: false, failover: false, isAvailable: true, isConnectedToProvisioningNetwork: false
D/dalvikvm(  354): GC_EXPLICIT freed 142K, 57% free 5690K/13228K, paused 55ms+37ms, total 761ms
W/RecognitionManagerService(  354): no available voice recognition services found for user 0
D/AndroidRuntime(  791): Shutting down VM
D/dalvikvm(  791): GC_CONCURRENT freed 95K, 16% free 560K/660K, paused 2ms+3ms, total 24ms
V/MediaScanner(  621): pruneDeadThumbnailFiles... android.database.sqlite.SQLiteCursor@b2df3b68
I/ContactDirectoryManager(  549): deleted 0 stale rows which don't have any relevant directory
V/MediaScanner(  621): /pruneDeadThumbnailFiles... android.database.sqlite.SQLiteCursor@b2df3b68
E/BluetoothAdapter(  610): Bluetooth binder is null
I/ActivityManager(  354): Start proc com.android.calendar for broadcast com.android.calendar/.widget.CalendarAppWidgetService$CalendarFactory: pid=912 uid=10016 gids={50016, 3003}
I/MediaFocusControl(  354):   Remote Control   registerMediaButtonIntent() for PendingIntent{b32ba2e0: PendingIntentRecord{b2ee9ef0 com.android.music broadcastIntent}}
D/ConnectivityService(  354): [CheckMp] isMobileOk: not connected ni=NetworkInfo: type: mobile_hipri[UMTS], state: DISCONNECTED/IDLE, reason: (unspecified), extra: (none), roaming: false, failover: false, isAvailable: true, isConnectedToProvisioningNetwork: false
I/ContactDirectoryManager(  549): Discovered 0 contact directories in 8944ms
D/ActivityThread(  886): Loading provider com.android.email.provider;com.android.email.notifier: com.android.email.provider.EmailProvider
D/ActivityThread(  886): Loading provider com.android.email.provider;com.android.email.notifier: com.android.email.provider.EmailProvider
D/ExtensionsFactory(  912): No custom extensions.
I/ContactsProvider(  549): Upgrading aggregation algorithm
I/ContactAggregator(  549): Marked all visible contacts for aggregation: 0 raw contacts, 16 ms
I/ContactsProvider(  549): Aggregation algorithm upgraded for 0 raw contacts in 106ms
D/ConnectivityService(  354): [CheckMp] isMobileOk: not connected ni=NetworkInfo: type: mobile_hipri[UMTS], state: DISCONNECTED/IDLE, reason: (unspecified), extra: (none), roaming: false, failover: false, isAvailable: true, isConnectedToProvisioningNetwork: false
W/ActivityManager(  354): Unable to start service Intent { cmp=com.android.email/.service.AttachmentDownloadService } U=0: not found
W/ActivityManager(  354): Unable to start service Intent { cmp=com.android.email/.service.AttachmentDownloadService } U=0: not found
D/dalvikvm(  886): GC_FOR_ALLOC freed 293K, 12% free 2908K/3272K, paused 30ms, total 30ms
W/ActivityManager(  354): Unable to start service Intent { cmp=com.android.email/.service.AttachmentDownloadService } U=0: not found
I/Email   (  886): Observing account changes for notifications
I/ContactsFTS(  549): Rebuild contact search index in 385ms, 0 contacts
D/dalvikvm(  886): GC_CONCURRENT freed 50K, 12% free 2903K/3272K, paused 55ms+2ms, total 73ms
I/ActivityManager(  354): Start proc com.android.deskclock for broadcast com.android.deskclock/.AlarmInitReceiver: pid=937 uid=10020 gids={50020, 1028}
I/ActivityManager(  354): Start proc com.android.providers.calendar for content provider com.android.providers.calendar/.CalendarProvider2: pid=941 uid=10001 gids={50001, 3003, 1028, 1015}
D/dalvikvm(   58): GC_EXPLICIT freed 40K, 4% free 2705K/2816K, paused 2ms+2ms, total 59ms
D/dalvikvm(   58): GC_EXPLICIT freed <1K, 4% free 2705K/2816K, paused 2ms+2ms, total 42ms
D/dalvikvm(   58): GC_EXPLICIT freed <1K, 4% free 2705K/2816K, paused 13ms+2ms, total 44ms
V/AlarmClock(  937): AlarmInitReceiver android.intent.action.TIMEZONE_CHANGED
D/ConnectivityService(  354): [CheckMp] isMobileOk: not connected ni=NetworkInfo: type: mobile_hipri[UMTS], state: DISCONNECTED/IDLE, reason: (unspecified), extra: (none), roaming: false, failover: false, isAvailable: true, isConnectedToProvisioningNetwork: false
I/CalendarDatabaseHelper(  941): Bootstrapping database
I/AlarmClock(  937): Alarms Table created
I/AlarmClock(  937): Instance table created
I/AlarmClock(  937): Cities table created
I/AlarmClock(  937): Inserting default alarms
I/AlarmClock(  937): Displaying next alarm time: ''
W/BackupManagerService(  354): dataChanged but no participant pkg='com.android.providers.settings' uid=10020
V/AlarmClock(  937): AlarmInitReceiver finished
E/BluetoothAdapter(  610): Bluetooth binder is null
I/ActivityManager(  354): Start proc com.android.dialer for broadcast com.android.dialer/.calllog.CallLogReceiver: pid=963 uid=10004 gids={50004, 3003, 1028, 1015}
I/CalendarProvider2(  941): Created com.android.providers.calendar.CalendarAlarmManager@b2dc3978(com.android.providers.calendar.CalendarProvider2@b2daff90)
D/ExtensionsFactory(  963): No custom extensions.
I/ActivityManager(  354): Delay finish: com.android.dialer/.calllog.CallLogReceiver
D/ConnectivityService(  354): [CheckMp] isMobileOk: not connected ni=NetworkInfo: type: mobile_hipri[UMTS], state: DISCONNECTED/IDLE, reason: (unspecified), extra: (none), roaming: false, failover: false, isAvailable: true, isConnectedToProvisioningNetwork: false
I/ActivityManager(  354): Resuming delayed broadcast
E/BluetoothAdapter(  354): Bluetooth binder is null
E/BluetoothAdapter(  354): Bluetooth binder is null
V/WiredAccessoryManager(  354): init()
E/SoundPool(  354): error loading /system/media/audio/ui/Effect_Tick.ogg
W/AudioService(  354): Soundpool could not load file: /system/media/audio/ui/Effect_Tick.ogg
E/SoundPool(  354): error loading /system/media/audio/ui/Effect_Tick.ogg
W/AudioService(  354): Soundpool could not load file: /system/media/audio/ui/Effect_Tick.ogg
E/SoundPool(  354): error loading /system/media/audio/ui/Effect_Tick.ogg
W/AudioService(  354): Soundpool could not load file: /system/media/audio/ui/Effect_Tick.ogg
E/SoundPool(  354): error loading /system/media/audio/ui/Effect_Tick.ogg
W/AudioService(  354): Soundpool could not load file: /system/media/audio/ui/Effect_Tick.ogg
E/SoundPool(  354): error loading /system/media/audio/ui/Effect_Tick.ogg
W/AudioService(  354): Soundpool could not load file: /system/media/audio/ui/Effect_Tick.ogg
E/SoundPool(  354): error loading /system/media/audio/ui/KeypressStandard.ogg
W/AudioService(  354): Soundpool could not load file: /system/media/audio/ui/KeypressStandard.ogg
E/SoundPool(  354): error loading /system/media/audio/ui/KeypressSpacebar.ogg
W/AudioService(  354): Soundpool could not load file: /system/media/audio/ui/KeypressSpacebar.ogg
E/SoundPool(  354): error loading /system/media/audio/ui/KeypressDelete.ogg
W/AudioService(  354): Soundpool could not load file: /system/media/audio/ui/KeypressDelete.ogg
E/SoundPool(  354): error loading /system/media/audio/ui/KeypressReturn.ogg
W/AudioService(  354): Soundpool could not load file: /system/media/audio/ui/KeypressReturn.ogg
E/SoundPool(  354): error loading /system/media/audio/ui/KeypressInvalid.ogg
W/AudioService(  354): Soundpool could not load file: /system/media/audio/ui/KeypressInvalid.ogg
W/AudioService(  354): onLoadSoundEffects(), Error -1 while loading samples
I/PowerManagerService(  354): Boot animation finished.
I/RecoverySystem(  354): No recovery log file
I/BootReceiver(  354): Copying audit failures to DropBox
I/BootReceiver(  354): Checking for fsck errors
D/dalvikvm(  354): GC_CONCURRENT freed 498K, 56% free 5864K/13228K, paused 29ms+5ms, total 140ms
D/dalvikvm(  354): WAIT_FOR_CONCURRENT_GC blocked 44ms
I/ActivityManager(  354): Delay finish: com.android.providers.downloads/.DownloadReceiver
I/ActivityManager(  354): Resuming delayed broadcast
I/ActivityManager(  354): Delay finish: com.android.providers.media/.MediaScannerReceiver
I/CalendarProvider2(  941): Sending notification intent: Intent { act=android.intent.action.PROVIDER_CHANGED dat=content://com.android.calendar }
W/ContentResolver(  941): Failed to get type for: content://com.android.calendar (Unknown URL content://com.android.calendar)
I/ActivityManager(  354): Resuming delayed broadcast
I/MediaProvider(  621): Upgrading media database from version 0 to 700, which will destroy all old data
I/ActivityManager(  354): Start proc com.android.mms for broadcast com.android.mms/.transaction.MmsSystemEventReceiver: pid=990 uid=10009 gids={50009, 3003, 1028, 1015}
D/ConnectivityService(  354): [CheckMp] isMobileOk: not connected ni=NetworkInfo: type: mobile_hipri[UMTS], state: DISCONNECTED/IDLE, reason: (unspecified), extra: (none), roaming: false, failover: false, isAvailable: true, isConnectedToProvisioningNetwork: false
D/CountryDetector(  354): The first listener is added
V/MmsConfig(  990): mnc/mcc: 310260
V/MmsConfig(  990): tag: bool value: enabledMMS - true
V/MmsConfig(  990): tag: int value: maxMessageSize - 307200
V/MmsConfig(  990): tag: int value: maxImageHeight - 480
V/MmsConfig(  990): tag: int value: maxImageWidth - 640
V/MmsConfig(  990): tag: int value: defaultSMSMessagesPerThread - 10000
V/MmsConfig(  990): tag: int value: defaultMMSMessagesPerThread - 1000
V/MmsConfig(  990): tag: int value: minMessageCountPerThread - 10
V/MmsConfig(  990): tag: int value: maxMessageCountPerThread - 5000
V/MmsConfig(  990): tag: string value: uaProfUrl - http://www.google.com/oha/rdf/ua-profile-kila.xml
V/MmsConfig(  990): tag: int value: recipientLimit - -1
V/MmsConfig(  990): tag: bool value: enableMultipartSMS - true
V/MmsConfig(  990): tag: int value: smsToMmsTextThreshold - -1
V/MmsConfig(  990): tag: bool value: enableSlideDuration - true
V/MmsConfig(  990): tag: int value: maxMessageTextSize - -1
I/ActivityManager(  354): Delay finish: com.android.mms/.transaction.MmsSystemEventReceiver
D/dalvikvm(  600): GC_CONCURRENT freed 451K, 17% free 3306K/3940K, paused 73ms+2ms, total 122ms
D/Mms:app (  990): cancelNotification
I/ActivityManager(  354): Resuming delayed broadcast
I/ActivityManager(  354): Delay finish: com.android.mms/.transaction.SmsReceiver
D/MmsSmsDatabaseHelper(  600): [MmsSmsDb] tableName: threads hasAutoIncrement: CREATE TABLE threads (_id INTEGER PRIMARY KEY AUTOINCREMENT,date INTEGER DEFAULT 0,message_count INTEGER DEFAULT 0,recipient_ids TEXT,snippet TEXT,snippet_cs INTEGER DEFAULT 0,read INTEGER DEFAULT 1,type INTEGER DEFAULT 0,error INTEGER DEFAULT 0,has_attachment INTEGER DEFAULT 0) result: true
D/MmsSmsDatabaseHelper(  600): [MmsSmsDb] tableName: canonical_addresses hasAutoIncrement: CREATE TABLE canonical_addresses (_id INTEGER PRIMARY KEY AUTOINCREMENT,address TEXT) result: true
D/MmsSmsDatabaseHelper(  600): [MmsSmsDb] tableName: part hasAutoIncrement: CREATE TABLE part (_id INTEGER PRIMARY KEY AUTOINCREMENT,mid INTEGER,seq INTEGER DEFAULT 0,ct TEXT,name TEXT,chset INTEGER,cd TEXT,fn TEXT,cid TEXT,cl TEXT,ctt_s INTEGER,ctt_t TEXT,_data TEXT,text TEXT) result: true
D/MmsSmsDatabaseHelper(  600): [MmsSmsDb] tableName: pdu hasAutoIncrement: CREATE TABLE pdu (_id INTEGER PRIMARY KEY AUTOINCREMENT,thread_id INTEGER,date INTEGER,date_sent INTEGER DEFAULT 0,msg_box INTEGER,read INTEGER DEFAULT 0,m_id TEXT,sub TEXT,sub_cs INTEGER,ct_t TEXT,ct_l TEXT,exp INTEGER,m_cls TEXT,m_type INTEGER,v INTEGER,m_size INTEGER,pri INTEGER,rr INTEGER,rpt_a INTEGER,resp_st INTEGER,st INTEGER,tr_id TEXT,retr_st INTEGER,retr_txt TEXT,retr_txt_cs INTEGER,read_status INTEGER,ct_cls INTEGER,resp_txt TEXT,d_tm INTEGER,d_rpt INTEGER,locked INTEGER DEFAULT 0,seen INTEGER DEFAULT 0,text_only INTEGER DEFAULT 0) result: true
D/MmsSmsDatabaseHelper(  600): [getWritableDatabase] hasAutoIncrementThreads: true hasAutoIncrementAddresses: true hasAutoIncrementPart: true hasAutoIncrementPdu: true
D/Mms:app (  990): cancelNotification
I/ActivityManager(  354): Resuming delayed broadcast
D/AlertReceiver(  912): onReceive: a=android.intent.action.BOOT_COMPLETED Intent { act=android.intent.action.BOOT_COMPLETED flg=0x8000010 cmp=com.android.calendar/.alerts.AlertReceiver (has extras) }
D/ConnectivityService(  354): [CheckMp] isMobileOk: not connected ni=NetworkInfo: type: mobile_hipri[UMTS], state: DISCONNECTED/IDLE, reason: (unspecified), extra: (none), roaming: false, failover: false, isAvailable: true, isConnectedToProvisioningNetwork: false
I/ActivityManager(  354): Delay finish: com.android.calendar/.alerts.AlertReceiver
D/AlertUtils(  912): Flushing old alerts from shared prefs table
D/AlertService(  912): 0 Action = android.intent.action.BOOT_COMPLETED
D/AlertService(  912): Scheduling next alarm with AlarmScheduler. sEventReminderReceived: null
D/dalvikvm(  912): GC_CONCURRENT freed 309K, 12% free 2807K/3188K, paused 5ms+3ms, total 68ms
D/AlarmScheduler(  912): No events found starting within 1 week.
E/SQLiteLog(  621): (1) no such table: files
E/WVMExtractor(   60): Failed to open libwvm.so
D/ConnectivityService(  354): [CheckMp] isMobileOk: not connected ni=NetworkInfo: type: mobile_hipri[UMTS], state: DISCONNECTED/IDLE, reason: (unspecified), extra: (none), roaming: false, failover: false, isAvailable: true, isConnectedToProvisioningNetwork: false
D/dalvikvm(  621): GC_CONCURRENT freed 272K, 11% free 3039K/3380K, paused 2ms+3ms, total 45ms
V/MediaScanner(  621): pruneDeadThumbnailFiles... android.database.sqlite.SQLiteCursor@b2e220b8
V/MediaScanner(  621): /pruneDeadThumbnailFiles... android.database.sqlite.SQLiteCursor@b2e220b8
V/AlarmClock(  937): AlarmInitReceiver android.intent.action.BOOT_COMPLETED
I/ActivityManager(  354): Resuming delayed broadcast
V/AlarmClock(  937): AlarmInitReceiver - Reset timers and clear stopwatch data
E/MetadataRetrieverClient(   60): failed to extract an album art
V/AlarmClock(  937): AlarmInitReceiver - resetting volume button default
I/AlarmClock(  937): Displaying next alarm time: ''
V/AlarmClock(  937): AlarmInitReceiver finished
D/dalvikvm(  937): GC_CONCURRENT freed 375K, 14% free 2834K/3280K, paused 11ms+28ms, total 127ms
D/dalvikvm(  937): WAIT_FOR_CONCURRENT_GC blocked 68ms
I/ActivityManager(  354): Delay finish: com.android.email/.service.EmailUpgradeBroadcastReceiver
I/ActivityManager(  354): Resuming delayed broadcast
I/ActivityManager(  354): Delay finish: com.android.email/.service.EmailBroadcastReceiver
I/Email   (  886): Onetime initialization: 1
I/Email   (  886): Onetime initialization: 2
I/Email   (  886): Onetime initialization: completed.
I/ActivityManager(  354): Delaying start of: ServiceRecord{b33ca8b8 u0 com.android.exchange/.service.EmailSyncAdapterService}
I/ActivityManager(  354): Resuming delayed broadcast
I/LauncherIconVisibilityManager(  585): Boot has been completed
I/LauncherIconVisibilityManager(  585): Disable activity: ComponentInfo{com.android.inputmethod.latin/com.android.inputmethod.latin.setup.SetupActivity}
E/BluetoothAdapter(  610): Bluetooth binder is null
I/ActivityManager(  354): Delay finish: com.android.settings/.widget.SettingsAppWidgetProvider
D/ConnectivityService(  354): [CheckMp] isMobileOk: not connected ni=NetworkInfo: type: mobile_hipri[UMTS], state: DISCONNECTED/IDLE, reason: (unspecified), extra: (none), roaming: false, failover: false, isAvailable: true, isConnectedToProvisioningNetwork: false
D/dalvikvm(  354): GC_CONCURRENT freed 815K, 57% free 5724K/13228K, paused 7ms+27ms, total 93ms
D/dalvikvm(  990): GC_CONCURRENT freed 221K, 10% free 2879K/3172K, paused 6ms+3ms, total 65ms
I/ActivityManager(  354): Resuming delayed broadcast
W/BroadcastQueue(  354): Permission Denial: broadcasting Intent { act=android.appwidget.action.APPWIDGET_UPDATE_OPTIONS flg=0x10 cmp=com.android.settings/.widget.SettingsAppWidgetProvider (has extras) } from android (pid=681, uid=10008) is not exported from uid 1000 due to receiver com.android.settings/.widget.SettingsAppWidgetProvider
E/StrictMode(  990): A resource was acquired at attached stack trace but never released. See java.io.Closeable for information on avoiding resource leaks.
E/StrictMode(  990): java.lang.Throwable: Explicit termination method 'release' not called
E/StrictMode(  990): 	at dalvik.system.CloseGuard.open(CloseGuard.java:184)
E/StrictMode(  990): 	at android.drm.DrmManagerClient.<init>(DrmManagerClient.java:258)
E/StrictMode(  990): 	at com.google.android.mms.pdu.PduPersister.<init>(PduPersister.java:288)
E/StrictMode(  990): 	at com.google.android.mms.pdu.PduPersister.getPduPersister(PduPersister.java:296)
E/StrictMode(  990): 	at com.android.mms.transaction.TransactionService.onNewIntent(TransactionService.java:224)
E/StrictMode(  990): 	at com.android.mms.transaction.TransactionService$ServiceHandler.handleMessage(TransactionService.java:621)
E/StrictMode(  990): 	at android.os.Handler.dispatchMessage(Handler.java:102)
E/StrictMode(  990): 	at android.os.Looper.loop(Looper.java:136)
E/StrictMode(  990): 	at android.os.HandlerThread.run(HandlerThread.java:61)
I/ActivityManager(  354): Delay finish: com.android.providers.contacts/.PackageIntentReceiver
I/ActivityManager(  354): Resuming delayed broadcast
I/ActivityManager(  354): Start proc com.svox.pico for broadcast com.svox.pico/.VoiceDataInstallerReceiver: pid=1040 uid=10037 gids={50037, 1028, 1015}
E/BluetoothAdapter(  610): Bluetooth binder is null
D/AlertReceiver(  912): onReceive: a=android.intent.action.PROVIDER_CHANGED Intent { act=android.intent.action.PROVIDER_CHANGED dat=content://com.android.calendar flg=0x10 cmp=com.android.calendar/.alerts.AlertReceiver }
I/ActivityManager(  354): Delay finish: com.android.calendar/.alerts.AlertReceiver
D/AlertService(  912): 0 Action = android.intent.action.PROVIDER_CHANGED
D/ConnectivityService(  354): [CheckMp] isMobileOk: not connected ni=NetworkInfo: type: mobile_hipri[UMTS], state: DISCONNECTED/IDLE, reason: (unspecified), extra: (none), roaming: false, failover: false, isAvailable: true, isConnectedToProvisioningNetwork: false
D/ConnectivityService(  354): [CheckMp] isMobileOk: not connected ni=NetworkInfo: type: mobile_hipri[UMTS], state: DISCONNECTED/IDLE, reason: (unspecified), extra: (none), roaming: false, failover: false, isAvailable: true, isConnectedToProvisioningNetwork: false
D/ConnectivityService(  354): [CheckMp] isMobileOk: not connected ni=NetworkInfo: type: mobile_hipri[UMTS], state: DISCONNECTED/IDLE, reason: (unspecified), extra: (none), roaming: false, failover: false, isAvailable: true, isConnectedToProvisioningNetwork: false
D/ConnectivityService(  354): [CheckMp] isMobileOk: not connected ni=NetworkInfo: type: mobile_hipri[UMTS], state: DISCONNECTED/IDLE, reason: (unspecified), extra: (none), roaming: false, failover: false, isAvailable: true, isConnectedToProvisioningNetwork: false
I/InputReader(  354): Reconfiguring input devices.  changes=0x00000010
I/InputReader(  354): Reconfiguring input devices.  changes=0x00000010
I/InputReader(  354): Reconfiguring input devices.  changes=0x00000010
I/PackageManager(  354):   Action: "android.intent.action.SENDTO"
I/PackageManager(  354):   Category: "android.intent.category.DEFAULT"
I/PackageManager(  354):   Scheme: "sms"
I/PackageManager(  354): Adding preferred activity ComponentInfo{com.android.mms/com.android.mms.ui.ComposeMessageActivity} for user 0 :
I/PackageManager(  354):   Action: "android.intent.action.SENDTO"
I/PackageManager(  354):   Category: "android.intent.category.DEFAULT"
I/PackageManager(  354):   Scheme: "smsto"
I/PackageManager(  354): Adding preferred activity ComponentInfo{com.android.mms/com.android.mms.ui.ComposeMessageActivity} for user 0 :
I/PackageManager(  354):   Action: "android.intent.action.SENDTO"
I/PackageManager(  354):   Category: "android.intent.category.DEFAULT"
I/PackageManager(  354):   Scheme: "mms"
I/PackageManager(  354): Adding preferred activity ComponentInfo{com.android.mms/com.android.mms.ui.ComposeMessageActivity} for user 0 :
I/PackageManager(  354):   Action: "android.intent.action.SENDTO"
I/PackageManager(  354):   Category: "android.intent.category.DEFAULT"
I/PackageManager(  354):   Scheme: "mmsto"
I/PackageManager(  354): Adding preferred activity ComponentInfo{com.android.mms/com.android.mms.ui.ComposeMessageActivity} for user 0 :
I/PackageManager(  354):   Action: "android.intent.action.SENDTO"
I/PackageManager(  354):   Category: "android.intent.category.DEFAULT"
I/PackageManager(  354):   Scheme: "sms"
I/PackageManager(  354): Adding preferred activity ComponentInfo{com.android.mms/com.android.mms.ui.ComposeMessageActivity} for user 0 :
D/dalvikvm(  600): GC_CONCURRENT freed 313K, 14% free 3405K/3928K, paused 4ms+13ms, total 61ms
D/dalvikvm(  354): GC_CONCURRENT freed 706K, 57% free 5777K/13228K, paused 16ms+5ms, total 137ms
D/dalvikvm(  354): WAIT_FOR_CONCURRENT_GC blocked 54ms
D/dalvikvm(  354): WAIT_FOR_CONCURRENT_GC blocked 61ms
I/PackageManager(  354):   Action: "android.intent.action.SENDTO"
I/PackageManager(  354):   Category: "android.intent.category.DEFAULT"
I/PackageManager(  354):   Scheme: "smsto"
I/PackageManager(  354): Adding preferred activity ComponentInfo{com.android.mms/com.android.mms.ui.ComposeMessageActivity} for user 0 :
I/PackageManager(  354):   Action: "android.intent.action.SENDTO"
I/PackageManager(  354):   Category: "android.intent.category.DEFAULT"
I/PackageManager(  354):   Scheme: "mms"
I/PackageManager(  354): Adding preferred activity ComponentInfo{com.android.mms/com.android.mms.ui.ComposeMessageActivity} for user 0 :
I/PackageManager(  354):   Action: "android.intent.action.SENDTO"
I/PackageManager(  354):   Category: "android.intent.category.DEFAULT"
I/PackageManager(  354):   Scheme: "mmsto"
I/PackageManager(  354): Adding preferred activity ComponentInfo{com.android.mms/com.android.mms.ui.ComposeMessageActivity} for user 0 :
I/PackageManager(  354):   Action: "android.intent.action.SENDTO"
I/PackageManager(  354):   Category: "android.intent.category.DEFAULT"
I/PackageManager(  354):   Scheme: "sms"
I/PackageManager(  354): Adding preferred activity ComponentInfo{com.android.mms/com.android.mms.ui.ComposeMessageActivity} for user 0 :
I/PackageManager(  354):   Action: "android.intent.action.SENDTO"
I/PackageManager(  354):   Category: "android.intent.category.DEFAULT"
I/PackageManager(  354):   Scheme: "smsto"
I/PackageManager(  354): Adding preferred activity ComponentInfo{com.android.mms/com.android.mms.ui.ComposeMessageActivity} for user 0 :
I/PackageManager(  354):   Action: "android.intent.action.SENDTO"
I/PackageManager(  354):   Category: "android.intent.category.DEFAULT"
I/PackageManager(  354):   Scheme: "mms"
I/PackageManager(  354): Adding preferred activity ComponentInfo{com.android.mms/com.android.mms.ui.ComposeMessageActivity} for user 0 :
D/dalvikvm(  600): GC_CONCURRENT freed 497K, 15% free 3362K/3944K, paused 32ms+3ms, total 76ms
I/PackageManager(  354):   Action: "android.intent.action.SENDTO"
I/PackageManager(  354):   Category: "android.intent.category.DEFAULT"
I/PackageManager(  354):   Scheme: "mmsto"
I/PackageManager(  354): Adding preferred activity ComponentInfo{com.android.mms/com.android.mms.ui.ComposeMessageActivity} for user 0 :
I/PackageManager(  354):   Action: "android.intent.action.SENDTO"
I/PackageManager(  354):   Category: "android.intent.category.DEFAULT"
I/PackageManager(  354):   Scheme: "sms"
I/PackageManager(  354): Adding preferred activity ComponentInfo{com.android.mms/com.android.mms.ui.ComposeMessageActivity} for user 0 :
D/dalvikvm(  354): GC_CONCURRENT freed 825K, 57% free 5718K/13228K, paused 7ms+4ms, total 107ms
D/dalvikvm(  354): WAIT_FOR_CONCURRENT_GC blocked 30ms
I/PackageManager(  354):   Action: "android.intent.action.SENDTO"
I/PackageManager(  354):   Category: "android.intent.category.DEFAULT"
I/PackageManager(  354):   Scheme: "smsto"
I/PackageManager(  354): Adding preferred activity ComponentInfo{com.android.mms/com.android.mms.ui.ComposeMessageActivity} for user 0 :
I/PackageManager(  354):   Action: "android.intent.action.SENDTO"
I/PackageManager(  354):   Category: "android.intent.category.DEFAULT"
I/PackageManager(  354):   Scheme: "mms"
I/PackageManager(  354): Adding preferred activity ComponentInfo{com.android.mms/com.android.mms.ui.ComposeMessageActivity} for user 0 :
I/PackageManager(  354):   Action: "android.intent.action.SENDTO"
I/PackageManager(  354):   Category: "android.intent.category.DEFAULT"
I/PackageManager(  354):   Scheme: "mmsto"
I/PackageManager(  354): Adding preferred activity ComponentInfo{com.android.mms/com.android.mms.ui.ComposeMessageActivity} for user 0 :
D/dalvikvm(  600): GC_CONCURRENT freed 503K, 17% free 3309K/3944K, paused 5ms+2ms, total 50ms
I/PackageManager(  354):   Action: "android.intent.action.SENDTO"
I/PackageManager(  354):   Category: "android.intent.category.DEFAULT"
I/PackageManager(  354):   Scheme: "sms"
I/PackageManager(  354): Adding preferred activity ComponentInfo{com.android.mms/com.android.mms.ui.ComposeMessageActivity} for user 0 :
I/PackageManager(  354):   Action: "android.intent.action.SENDTO"
I/PackageManager(  354):   Category: "android.intent.category.DEFAULT"
I/PackageManager(  354):   Scheme: "smsto"
I/PackageManager(  354): Adding preferred activity ComponentInfo{com.android.mms/com.android.mms.ui.ComposeMessageActivity} for user 0 :
I/PackageManager(  354):   Action: "android.intent.action.SENDTO"
I/PackageManager(  354):   Category: "android.intent.category.DEFAULT"
I/PackageManager(  354):   Scheme: "mms"
I/PackageManager(  354): Adding preferred activity ComponentInfo{com.android.mms/com.android.mms.ui.ComposeMessageActivity} for user 0 :
I/PackageManager(  354):   Action: "android.intent.action.SENDTO"
I/PackageManager(  354):   Category: "android.intent.category.DEFAULT"
I/PackageManager(  354):   Scheme: "mmsto"
I/PackageManager(  354): Adding preferred activity ComponentInfo{com.android.mms/com.android.mms.ui.ComposeMessageActivity} for user 0 :
D/dalvikvm(  354): GC_CONCURRENT freed 690K, 57% free 5785K/13228K, paused 7ms+5ms, total 90ms
D/dalvikvm(  354): WAIT_FOR_CONCURRENT_GC blocked 28ms
I/PackageManager(  354):   Action: "android.intent.action.SENDTO"
I/PackageManager(  354):   Category: "android.intent.category.DEFAULT"
I/PackageManager(  354):   Scheme: "sms"
I/PackageManager(  354): Adding preferred activity ComponentInfo{com.android.mms/com.android.mms.ui.ComposeMessageActivity} for user 0 :
I/PackageManager(  354):   Action: "android.intent.action.SENDTO"
I/PackageManager(  354):   Category: "android.intent.category.DEFAULT"
I/PackageManager(  354):   Scheme: "smsto"
I/PackageManager(  354): Adding preferred activity ComponentInfo{com.android.mms/com.android.mms.ui.ComposeMessageActivity} for user 0 :
D/dalvikvm(  600): GC_CONCURRENT freed 321K, 15% free 3375K/3944K, paused 11ms+2ms, total 43ms
I/PackageManager(  354):   Action: "android.intent.action.SENDTO"
I/PackageManager(  354):   Category: "android.intent.category.DEFAULT"
I/PackageManager(  354):   Scheme: "mms"
I/PackageManager(  354): Adding preferred activity ComponentInfo{com.android.mms/com.android.mms.ui.ComposeMessageActivity} for user 0 :
I/PackageManager(  354):   Action: "android.intent.action.SENDTO"
I/PackageManager(  354):   Category: "android.intent.category.DEFAULT"
I/PackageManager(  354):   Scheme: "mmsto"
I/PackageManager(  354): Adding preferred activity ComponentInfo{com.android.mms/com.android.mms.ui.ComposeMessageActivity} for user 0 :
D/ConnectivityService(  354): [CheckMp] isMobileOk: not connected ni=NetworkInfo: type: mobile_hipri[UMTS], state: DISCONNECTED/IDLE, reason: (unspecified), extra: (none), roaming: false, failover: false, isAvailable: true, isConnectedToProvisioningNetwork: false
I/GlobalDismissManager(  912): no sender configured
D/AlertService(  912): Beginning updateAlertNotification
D/AlertService(  912): No fired or scheduled alerts
D/AlertService(  912): Scheduling next alarm with AlarmScheduler. sEventReminderReceived: null
D/AlarmScheduler(  912): No events found starting within 1 week.
I/ActivityManager(  354): Resuming delayed broadcast
I/ActivityManager(  354): Delay finish: com.android.mms/.transaction.SmsReceiver
V/SmsReceiverService(  990): onStart: #1 mResultCode: -1 = Activity.RESULT_OK
D/dalvikvm(  941): GC_CONCURRENT freed 210K, 9% free 2885K/3168K, paused 5ms+2ms, total 65ms
I/ActivityManager(  354): Resuming delayed broadcast
D/MobileDataStateTracker(  354): default: setPolicyDataEnable(enabled=true)
I/ActivityManager(  354): Delay finish: com.android.providers.calendar/.CalendarProviderBroadcastReceiver
D/dalvikvm(  354): GC_CONCURRENT freed 733K, 57% free 5713K/13228K, paused 6ms+5ms, total 132ms
I/ActivityManager(  354): Resuming delayed broadcast
D/ConnectivityService(  354): [CheckMp] isMobileOk: not connected ni=NetworkInfo: type: mobile_hipri[UMTS], state: DISCONNECTED/IDLE, reason: (unspecified), extra: (none), roaming: false, failover: false, isAvailable: true, isConnectedToProvisioningNetwork: false
I/ActivityManager(  354): Waited long enough for: ServiceRecord{b37a16c0 u0 com.android.music/.MediaPlaybackService}
D/ConnectivityService(  354): [CheckMp] isMobileOk: not connected ni=NetworkInfo: type: mobile_hipri[UMTS], state: DISCONNECTED/IDLE, reason: (unspecified), extra: (none), roaming: false, failover: false, isAvailable: true, isConnectedToProvisioningNetwork: false
D/ConnectivityService(  354): [CheckMp] isMobileOk: not connected ni=NetworkInfo: type: mobile_hipri[UMTS], state: DISCONNECTED/IDLE, reason: (unspecified), extra: (none), roaming: false, failover: false, isAvailable: true, isConnectedToProvisioningNetwork: false
D/ConnectivityService(  354): Sampling interval elapsed, updating statistics ..
D/ConnectivityService(  354): Done.
D/ConnectivityService(  354): Setting timer for 720seconds
D/ConnectivityService(  354): [CheckMp] isMobileOk: not connected ni=NetworkInfo: type: mobile_hipri[UMTS], state: DISCONNECTED/IDLE, reason: (unspecified), extra: (none), roaming: false, failover: false, isAvailable: true, isConnectedToProvisioningNetwork: false
D/ConnectivityService(  354): [CheckMp] isMobileOk: not connected ni=NetworkInfo: type: mobile_hipri[UMTS], state: DISCONNECTED/IDLE, reason: (unspecified), extra: (none), roaming: false, failover: false, isAvailable: true, isConnectedToProvisioningNetwork: false
D/ConnectivityService(  354): [CheckMp] isMobileOk: not connected ni=NetworkInfo: type: mobile_hipri[UMTS], state: DISCONNECTED/IDLE, reason: (unspecified), extra: (none), roaming: false, failover: false, isAvailable: true, isConnectedToProvisioningNetwork: false
D/ConnectivityService(  354): [CheckMp] isMobileOk: not connected ni=NetworkInfo: type: mobile_hipri[UMTS], state: DISCONNECTED/IDLE, reason: (unspecified), extra: (none), roaming: false, failover: false, isAvailable: true, isConnectedToProvisioningNetwork: false
I/ActivityManager(  354): START u0 {cmp=com.joyjia.ring/.MainActivity} from pid 1067
D/ConnectivityService(  354): [CheckMp] isMobileOk: not connected ni=NetworkInfo: type: mobile_hipri[UMTS], state: DISCONNECTED/IDLE, reason: (unspecified), extra: (none), roaming: false, failover: false, isAvailable: true, isConnectedToProvisioningNetwork: false
D/ConnectivityService(  354): [CheckMp] isMobileOk: not connected ni=NetworkInfo: type: mobile_hipri[UMTS], state: DISCONNECTED/IDLE, reason: (unspecified), extra: (none), roaming: false, failover: false, isAvailable: true, isConnectedToProvisioningNetwork: false
I/ActivityManager(  354): Waited long enough for: ServiceRecord{b32e30f8 u0 com.android.calendar/.alerts.InitAlarmsService}
D/AndroidRuntime( 1057): 
D/AndroidRuntime( 1057): >>>>>> AndroidRuntime START com.android.internal.os.RuntimeInit <<<<<<
D/AndroidRuntime( 1057): CheckJNI is ON
D/dalvikvm( 1057): Trying to load lib libjavacore.so 0x0
D/dalvikvm( 1057): Added shared lib libjavacore.so 0x0
D/dalvikvm( 1057): Trying to load lib libnativehelper.so 0x0
D/dalvikvm( 1057): Added shared lib libnativehelper.so 0x0
D/dalvikvm( 1057): No JNI_OnLoad found in libnativehelper.so 0x0, skipping init
D/ConnectivityService(  354): [CheckMp] isMobileOk: not connected ni=NetworkInfo: type: mobile_hipri[UMTS], state: DISCONNECTED/IDLE, reason: (unspecified), extra: (none), roaming: false, failover: false, isAvailable: true, isConnectedToProvisioningNetwork: false
D/dalvikvm( 1057): Note: class Landroid/app/ActivityManagerNative; has 179 unimplemented (abstract) methods
E/memtrack( 1057): Couldn't load memtrack module (No such file or directory)
E/android.os.Debug( 1057): failed to load memtrack module: -2
D/AndroidRuntime( 1057): Calling main entry com.android.commands.am.Am
I/ActivityManager(  354): START u0 {act=android.intent.action.MAIN cat=[android.intent.category.LAUNCHER] flg=0x10000000 cmp=com.joyjia.ring/.SplashActivity} from pid 1057
D/gralloc (   57): Registering a buffer in the process that created it. This may cause memory ordering problems.
E/libEGL  (   57): called unimplemented OpenGL ES API
E/libEGL  (   57): called unimplemented OpenGL ES API
E/libEGL  (   57): called unimplemented OpenGL ES API
E/libEGL  (   57): called unimplemented OpenGL ES API
E/SurfaceFlinger(   57): glCheckFramebufferStatusOES error -1504137639
E/SurfaceFlinger(   57): got GL_FRAMEBUFFER_COMPLETE_OES error while taking screenshot
E/libEGL  (   57): called unimplemented OpenGL ES API
E/libEGL  (   57): called unimplemented OpenGL ES API
W/WindowManager(  354): Screenshot failure taking screenshot for (164x295) to layer 21005
I/ActivityManager(  354): Start proc com.joyjia.ring for activity com.joyjia.ring/.SplashActivity: pid=1067 uid=10052 gids={50052, 3003, 1028, 1015, 3001, 3002}
D/dalvikvm(  354): GC_FOR_ALLOC freed 121K, 57% free 5702K/13228K, paused 70ms, total 73ms
I/dalvikvm-heap(  354): Grow heap (frag case) to 7.203MB for 1637776-byte allocation
D/dalvikvm(  354): GC_FOR_ALLOC freed 2K, 51% free 7299K/14828K, paused 74ms, total 75ms
I/MultiDex( 1067): VM with version 1.6.0 does not have multidex support
I/MultiDex( 1067): install
I/MultiDex( 1067): MultiDexExtractor.load(/data/app/com.joyjia.ring-1.apk, false)
D/dalvikvm(  354): GC_CONCURRENT freed 6K, 51% free 7310K/14828K, paused 7ms+46ms, total 376ms
I/MultiDex( 1067): Detected that extraction must be performed.
I/Choreographer(  354): Skipped 40 frames!  The application may be doing too much work on its main thread.
D/ConnectivityService(  354): [CheckMp] isMobileOk: not connected ni=NetworkInfo: type: mobile_hipri[UMTS], state: DISCONNECTED/IDLE, reason: (unspecified), extra: (none), roaming: false, failover: false, isAvailable: true, isConnectedToProvisioningNetwork: false
I/MultiDex( 1067): load found 0 secondary dex files
I/MultiDex( 1067): install done
D/ConnectivityService(  354): [CheckMp] isMobileOk: not connected ni=NetworkInfo: type: mobile_hipri[UMTS], state: DISCONNECTED/IDLE, reason: (unspecified), extra: (none), roaming: false, failover: false, isAvailable: true, isConnectedToProvisioningNetwork: false
D/dalvikvm( 1067): GC_CONCURRENT freed 230K, 10% free 2920K/3224K, paused 42ms+4ms, total 167ms
W/dalvikvm( 1067): VFY: unable to find class referenced in signature (Landroid/view/SearchEvent;)
I/dalvikvm( 1067): Could not find method android.view.Window$Callback.onSearchRequested, referenced from method android.support.v7.view.WindowCallbackWrapper.onSearchRequested
W/dalvikvm( 1067): VFY: unable to resolve interface method 19078: Landroid/view/Window$Callback;.onSearchRequested (Landroid/view/SearchEvent;)Z
D/dalvikvm( 1067): VFY: replacing opcode 0x72 at 0x0002
I/dalvikvm( 1067): Could not find method android.view.Window$Callback.onWindowStartingActionMode, referenced from method android.support.v7.view.WindowCallbackWrapper.onWindowStartingActionMode
W/dalvikvm( 1067): VFY: unable to resolve interface method 19082: Landroid/view/Window$Callback;.onWindowStartingActionMode (Landroid/view/ActionMode$Callback;I)Landroid/view/ActionMode;
D/dalvikvm( 1067): VFY: replacing opcode 0x72 at 0x0002
D/dalvikvm( 1067): GC_FOR_ALLOC freed 202K, 12% free 2861K/3224K, paused 25ms, total 26ms
I/dalvikvm-heap( 1067): Grow heap (frag case) to 4.423MB for 1637776-byte allocation
D/dalvikvm( 1067): GC_FOR_ALLOC freed <1K, 8% free 4461K/4824K, paused 20ms, total 20ms
D/dalvikvm( 1067): GC_CONCURRENT freed 2K, 8% free 4458K/4824K, paused 2ms+1ms, total 26ms
I/dalvikvm( 1067): Could not find method android.app.Activity.requestPermissions, referenced from method kr.co.namee.permissiongen.PermissionGen.requestPermissions
W/dalvikvm( 1067): VFY: unable to resolve virtual method 76: Landroid/app/Activity;.requestPermissions ([Ljava/lang/String;I)V
D/dalvikvm( 1067): VFY: replacing opcode 0x6e at 0x002a
I/dalvikvm( 1067): Could not find method android.app.Activity.checkSelfPermission, referenced from method kr.co.namee.permissiongen.internal.Utils.findDeniedPermissions
W/dalvikvm( 1067): VFY: unable to resolve virtual method 49: Landroid/app/Activity;.checkSelfPermission (Ljava/lang/String;)I
D/dalvikvm( 1067): VFY: replacing opcode 0x6e at 0x000b
I/ActivityManager(  354): Start proc com.joyjia.ring:teernal for service com.joyjia.ring/com.refppw.teernal.Serviceteernal: pid=1082 uid=10052 gids={50052, 3003, 1028, 1015, 3001, 3002}
D/gralloc_goldfish( 1067): Emulator without GPU emulation detected.
D/ConnectivityService(  354): [CheckMp] isMobileOk: not connected ni=NetworkInfo: type: mobile_hipri[UMTS], state: DISCONNECTED/IDLE, reason: (unspecified), extra: (none), roaming: false, failover: false, isAvailable: true, isConnectedToProvisioningNetwork: false
I/MultiDex( 1082): VM with version 1.6.0 does not have multidex support
I/MultiDex( 1082): install
I/MultiDex( 1082): MultiDexExtractor.load(/data/app/com.joyjia.ring-1.apk, false)
I/ActivityManager(  354): Displayed com.joyjia.ring/.SplashActivity: +2s260ms
D/AndroidRuntime( 1057): Shutting down VM
D/dalvikvm( 1057): GC_CONCURRENT freed 97K, 15% free 589K/688K, paused 3ms+13ms, total 32ms
I/MultiDex( 1082): loading existing secondary dex files
I/MultiDex( 1082): load found 0 secondary dex files
I/MultiDex( 1082): install done
D/ConnectivityService(  354): [CheckMp] isMobileOk: not connected ni=NetworkInfo: type: mobile_hipri[UMTS], state: DISCONNECTED/IDLE, reason: (unspecified), extra: (none), roaming: false, failover: false, isAvailable: true, isConnectedToProvisioningNetwork: false
D/dalvikvm( 1082): Trying to load lib /data/app-lib/com.joyjia.ring-1/libcom.refppw.teernal.so 0xb2d9d818
D/dalvikvm( 1082): Added shared lib /data/app-lib/com.joyjia.ring-1/libcom.refppw.teernal.so 0xb2d9d818
D/dalvikvm( 1082): DexOpt: --- BEGIN '201708211650.apk' (bootstrap=0) ---
D/dalvikvm( 1082): GC_CONCURRENT freed 210K, 9% free 2989K/3272K, paused 15ms+47ms, total 120ms
D/ConnectivityService(  354): [CheckMp] isMobileOk: not connected ni=NetworkInfo: type: mobile_hipri[UMTS], state: DISCONNECTED/IDLE, reason: (unspecified), extra: (none), roaming: false, failover: false, isAvailable: true, isConnectedToProvisioningNetwork: false
D/dalvikvm( 1095): DexOpt: couldn't find static field Landroid/os/Build;.SUPPORTED_32_BIT_ABIS
D/dalvikvm( 1095): DexOpt: load 135ms, verify+opt 536ms, 804076 bytes
D/ConnectivityService(  354): [CheckMp] isMobileOk: not connected ni=NetworkInfo: type: mobile_hipri[UMTS], state: DISCONNECTED/IDLE, reason: (unspecified), extra: (none), roaming: false, failover: false, isAvailable: true, isConnectedToProvisioningNetwork: false
D/dalvikvm( 1082): DexOpt: --- END '201708211650.apk' (success) ---
D/dalvikvm( 1082): DEX prep '/data/data/com.joyjia.ring/files/201708211650.apk': unzip in 22ms, rewrite 905ms
D/dalvikvm( 1082): Trying to load lib /data/app-lib/com.joyjia.ring-1/libcom.refppw.teernal.so 0xb2d9d818
D/dalvikvm( 1082): Shared lib '/data/app-lib/com.joyjia.ring-1/libcom.refppw.teernal.so' already loaded in same CL 0xb2d9d818
W/ProcessManager( 1082): waitpid on failed exec failed: No child processes
D/dalvikvm( 1082): GC_CONCURRENT freed 421K, 14% free 2989K/3468K, paused 4ms+2ms, total 77ms
D/dalvikvm( 1082): GC_CONCURRENT freed 462K, 15% free 3059K/3560K, paused 23ms+4ms, total 82ms
D/ConnectivityService(  354): [CheckMp] isMobileOk: not connected ni=NetworkInfo: type: mobile_hipri[UMTS], state: DISCONNECTED/IDLE, reason: (unspecified), extra: (none), roaming: false, failover: false, isAvailable: true, isConnectedToProvisioningNetwork: false
W/ProcessCpuTracker(  354): Skipping unknown process pid 1140
W/ProcessManager( 1082): waitpid on failed exec failed: No child processes
D/ConnectivityService(  354): [CheckMp] isMobileOk: not connected ni=NetworkInfo: type: mobile_hipri[UMTS], state: DISCONNECTED/IDLE, reason: (unspecified), extra: (none), roaming: false, failover: false, isAvailable: true, isConnectedToProvisioningNetwork: false
D/dalvikvm( 1082): GC_CONCURRENT freed 418K, 15% free 3074K/3580K, paused 14ms+2ms, total 69ms
D/NoHttpSample( 1067): --------------Request start--------------
I/NoHttpSample( 1067): Request address: http://pay.gmpmobi.com/in?appId=app_gmp_dailyringtone_th_sg_54184&method=add.user.info&ts=1539295297122&f=json&v=1&s=D175F81D5D465B756D8D64E9E96EC768&secret=358042e1a18e&deviceId=000000000000000&imsi=310260000000000&areaCode=us&phoneNetwork=3&phoneNumber=0&phoneOS=4.4.4&phoneType=sdk&telecomOperator=310260&phoneCPU=0&callback=?
I/NoHttpSample( 1067): Request method: GET
D/ConnectivityService(  354): [CheckMp] isMobileOk: not connected ni=NetworkInfo: type: mobile_hipri[UMTS], state: DISCONNECTED/IDLE, reason: (unspecified), extra: (none), roaming: false, failover: false, isAvailable: true, isConnectedToProvisioningNetwork: false
V/AlarmClock(  937): AlarmInitReceiver android.intent.action.TIME_SET
I/NoHttpSample( 1067): Accept: application/json,application/xml,application/xhtml+xml,text/html;q=0.9,image/webp,*/*;q=0.8
I/NoHttpSample( 1067): Accept-Encoding: gzip, deflate
I/NoHttpSample( 1067): Accept-Language: en-US,en
I/NoHttpSample( 1067): Connection: keep-alive
I/NoHttpSample( 1067): Content-Type: application/x-www-form-urlencoded; charset=utf-8
I/NoHttpSample( 1067): User-Agent: Mozilla/5.0 (Linux; U; Android 4.4.4; en-us; sdk Build/KK) AppleWebKit/534.30 (KHTML, like Gecko) Version/4.0 Mobile Safari/534.30
I/AlarmClock(  937): Displaying next alarm time: ''
V/AlarmClock(  937): AlarmInitReceiver finished
W/dalvikvm( 1067): VFY: unable to find class referenced in signature (Ljava/nio/file/Path;)
W/dalvikvm( 1067): VFY: unable to find class referenced in signature ([Ljava/nio/file/OpenOption;)
I/dalvikvm( 1067): Could not find method java.nio.file.Files.newOutputStream, referenced from method okio.Okio.sink
W/dalvikvm( 1067): VFY: unable to resolve static method 23491: Ljava/nio/file/Files;.newOutputStream (Ljava/nio/file/Path;[Ljava/nio/file/OpenOption;)Ljava/io/OutputStream;
D/dalvikvm( 1067): VFY: replacing opcode 0x71 at 0x000a
W/dalvikvm( 1067): VFY: unable to find class referenced in signature (Ljava/nio/file/Path;)
W/dalvikvm( 1067): VFY: unable to find class referenced in signature ([Ljava/nio/file/OpenOption;)
I/dalvikvm( 1067): Could not find method java.nio.file.Files.newInputStream, referenced from method okio.Okio.source
W/dalvikvm( 1067): VFY: unable to resolve static method 23490: Ljava/nio/file/Files;.newInputStream (Ljava/nio/file/Path;[Ljava/nio/file/OpenOption;)Ljava/io/InputStream;
D/dalvikvm( 1067): VFY: replacing opcode 0x71 at 0x000a
D/NoHttpSample( 1067): -------Response start-------
D/AndroidRuntime( 1152): 
D/AndroidRuntime( 1152): >>>>>> AndroidRuntime START com.android.internal.os.RuntimeInit <<<<<<
D/AndroidRuntime( 1152): CheckJNI is ON
D/dalvikvm( 1152): Trying to load lib libjavacore.so 0x0
D/dalvikvm( 1152): Added shared lib libjavacore.so 0x0
D/dalvikvm( 1152): Trying to load lib libnativehelper.so 0x0
D/dalvikvm( 1152): Added shared lib libnativehelper.so 0x0
D/dalvikvm( 1152): No JNI_OnLoad found in libnativehelper.so 0x0, skipping init
D/dalvikvm( 1152): Note: class Landroid/app/ActivityManagerNative; has 179 unimplemented (abstract) methods
I/NoHttpSample( 1067): Connection: keep-alive
I/NoHttpSample( 1067): Content-Encoding: gzip
I/NoHttpSample( 1067): Content-Type: application/json;charset=UTF-8
I/NoHttpSample( 1067): Date: Thu, 11 Oct 2018 22:01:28 GMT
I/NoHttpSample( 1067): OkHttp-Response-Source: NETWORK 200
I/NoHttpSample( 1067): OkHttp-Selected-Protocol: http/1.1
I/NoHttpSample( 1067): ResponseCode: 200
I/NoHttpSample( 1067): Server: Tengine/2.1.1
I/NoHttpSample( 1067): Transfer-Encoding: chunked
I/NoHttpSample( 1067): Vary: Accept-Encoding
D/NoHttpSample( 1067): -------Response end-------
D/NoHttpSample( 1067): --------------Request finish--------------
E/lijun   ( 1067): data------------{"message":"Success","code":"200"}
D/dalvikvm( 1067): GC_CONCURRENT freed 302K, 8% free 4647K/5020K, paused 31ms+15ms, total 130ms
D/dalvikvm( 1067): GC_FOR_ALLOC freed 31K, 8% free 4640K/5020K, paused 51ms, total 52ms
I/dalvikvm-heap( 1067): Grow heap (frag case) to 6.163MB for 1639696-byte allocation
D/dalvikvm( 1067): GC_FOR_ALLOC freed <1K, 6% free 6242K/6624K, paused 47ms, total 47ms
D/dalvikvm( 1067): GC_CONCURRENT freed <1K, 6% free 6242K/6624K, paused 5ms+2ms, total 77ms
I/dalvikvm( 1067): Could not find method android.content.res.TypedArray.getChangingConfigurations, referenced from method android.support.v7.widget.TintTypedArray.getChangingConfigurations
W/dalvikvm( 1067): VFY: unable to resolve virtual method 472: Landroid/content/res/TypedArray;.getChangingConfigurations ()I
D/dalvikvm( 1067): VFY: replacing opcode 0x6e at 0x0002
I/dalvikvm( 1067): Could not find method android.content.res.TypedArray.getType, referenced from method android.support.v7.widget.TintTypedArray.getType
W/dalvikvm( 1067): VFY: unable to resolve virtual method 494: Landroid/content/res/TypedArray;.getType (I)I
D/dalvikvm( 1067): VFY: replacing opcode 0x6e at 0x0002
I/dalvikvm( 1067): Could not find method android.content.res.Resources.getDrawable, referenced from method android.support.v7.widget.ResourcesWrapper.getDrawable
W/dalvikvm( 1067): VFY: unable to resolve virtual method 435: Landroid/content/res/Resources;.getDrawable (ILandroid/content/res/Resources$Theme;)Landroid/graphics/drawable/Drawable;
D/dalvikvm( 1067): VFY: replacing opcode 0x6e at 0x0002
I/dalvikvm( 1067): Could not find method android.content.res.Resources.getDrawableForDensity, referenced from method android.support.v7.widget.ResourcesWrapper.getDrawableForDensity
W/dalvikvm( 1067): VFY: unable to resolve virtual method 437: Landroid/content/res/Resources;.getDrawableForDensity (IILandroid/content/res/Resources$Theme;)Landroid/graphics/drawable/Drawable;
D/dalvikvm( 1067): VFY: replacing opcode 0x6e at 0x0002
D/dalvikvm( 1067): GC_FOR_ALLOC freed 49K, 5% free 6299K/6624K, paused 46ms, total 48ms
I/dalvikvm-heap( 1067): Grow heap (frag case) to 7.421MB for 1261312-byte allocation
D/dalvikvm( 1067): GC_CONCURRENT freed 1K, 5% free 7530K/7856K, paused 4ms+2ms, total 53ms
D/dalvikvm( 1067): GC_FOR_ALLOC freed 36K, 4% free 7887K/8144K, paused 78ms, total 78ms
I/dalvikvm-heap( 1067): Grow heap (frag case) to 9.341MB for 1648456-byte allocation
D/dalvikvm( 1067): GC_CONCURRENT freed <1K, 3% free 9496K/9756K, paused 26ms+2ms, total 94ms
I/franics ( 1067): onCreateView
E/lijun   ( 1067): first-------true
E/lijun   ( 1067): -------loadFragmentData
E/lijun   ( 1067): -------onViewCreated
I/franics ( 1067): onCreateView
W/FragmentManager( 1067): moveToState: Fragment state for ClassiFragment{b2d995c0 #1 id=0x7f0c00a2 android:switcher:2131493026:1} not updated inline; expected state 3 found 2
I/franics ( 1067): onCreateView
W/FragmentManager( 1067): moveToState: Fragment state for PopuFragment{b2dc9378 #2 id=0x7f0c00a2 android:switcher:2131493026:2} not updated inline; expected state 3 found 2
I/Choreographer( 1067): Skipped 73 frames!  The application may be doing too much work on its main thread.
I/Choreographer( 1067): Skipped 69 frames!  The application may be doing too much work on its main thread.
I/ActivityManager(  354): Displayed com.joyjia.ring/.MainActivity: +5s102ms
I/Choreographer(  354): Skipped 30 frames!  The application may be doing too much work on its main thread.
I/Choreographer( 1067): Skipped 78 frames!  The application may be doing too much work on its main thread.
D/InitAlarmsService(  912): Clearing and rescheduling alarms.
I/Choreographer( 1067): Skipped 32 frames!  The application may be doing too much work on its main thread.
D/        (  354): Setting time of day to sec=1539295287
D/NoHttpSample( 1067): --------------Request start--------------
I/NoHttpSample( 1067): Request address: http://content.gmpmobi.com/in?appId=app_gmp_dailyringtone_th_sg_54184&method=content.audio.list&ts=1539295293278&f=json&v=1&s=2096881B0EF3DA8848FE045C99E393E0&secret=358042e1a18e&pageNo=1&pageSize=50&categoryId=003001&language=TH&callback=?
I/NoHttpSample( 1067): Request method: GET
D/ConnectivityService(  354): [CheckMp] isMobileOk: not connected ni=NetworkInfo: type: mobile_hipri[UMTS], state: DISCONNECTED/IDLE, reason: (unspecified), extra: (none), roaming: false, failover: false, isAvailable: true, isConnectedToProvisioningNetwork: false
D/AndroidRuntime( 1180): 
D/AndroidRuntime( 1180): >>>>>> AndroidRuntime START com.android.internal.os.RuntimeInit <<<<<<
D/AndroidRuntime( 1180): CheckJNI is ON
D/dalvikvm( 1180): Trying to load lib libjavacore.so 0x0
D/dalvikvm( 1180): Added shared lib libjavacore.so 0x0
D/dalvikvm( 1180): Trying to load lib libnativehelper.so 0x0
D/dalvikvm( 1180): Added shared lib libnativehelper.so 0x0
D/dalvikvm( 1180): No JNI_OnLoad found in libnativehelper.so 0x0, skipping init
D/ConnectivityService(  354): [CheckMp] isMobileOk: not connected ni=NetworkInfo: type: mobile_hipri[UMTS], state: DISCONNECTED/IDLE, reason: (unspecified), extra: (none), roaming: false, failover: false, isAvailable: true, isConnectedToProvisioningNetwork: false
D/dalvikvm( 1180): Note: class Landroid/app/ActivityManagerNative; has 179 unimplemented (abstract) methods
