E/ConnectivityService(  357): Exception trying to add a route: java.lang.IllegalStateException: command '28 interface route add eth0 secondary 10.0.2.2 32 0.0.0.0' failed with '400 28 ip route modification failed (No such device)'
W/FrameworkListener(   54): Handler 'interface' error (No such device)
E/ConnectivityService(  357): Exception trying to add a route: java.lang.IllegalStateException: command '29 interface route add eth0 secondary 0.0.0.0 0 10.0.2.2' failed with '400 29 ip route modification failed (No such device)'
D/Nat464Xlat(  357): requiresClat: netType=5, hasIPv4Address=true
D/MobileDataStateTracker(  357): default: setPolicyDataEnable(enabled=true)
W/NetworkPolicy(  357): shared quota unsupported; generating rule for each iface
D/MobileDataStateTracker(  357): hipri: isProvisioningNetwork: retVal=false
D/ConnectivityService(  357): [CheckMp] isMobileOk: isProvisioningNetwork is false, continue
E/NetdConnector(  357): NDC Command {31 bandwidth removeiquota eth0} took too long (1005ms)
D/ConnectivityService(  357): [CheckMp] isMobileOk: addresses=clients3.google.com/216.58.204.46
D/ConnectivityService(  357): [CheckMp] isMobileOk: linkHasIpv4=true linkHasIpv6=false
E/NetdConnector(  357): NDC Command {32 bandwidth setiquota eth0 9223372036854775807} took too long (1461ms)
E/NetdConnector(  357): NDC Command {33 interface route add eth0 default 10.0.2.2 32 0.0.0.0} took too long (1349ms)
E/NetdConnector(  357): NDC Command {34 bandwidth removeiquota eth0} took too long (762ms)
E/NetdConnector(  357): NDC Command {35 interface fwmark exempt add 10.0.2.2/32} took too long (568ms)
E/ConnectivityService(  357): Exception trying to add a route: java.lang.IllegalStateException: command '35 interface fwmark exempt add 10.0.2.2/32' failed with '400 35 Failed to add exemption rule (File exists)'
E/NetdConnector(  357): NDC Command {36 bandwidth setiquota eth0 9223372036854775807} took too long (1486ms)
E/NetdConnector(  357): NDC Command {37 interface route add eth0 default 216.58.204.46 32 10.0.2.2} took too long (1469ms)
D/MobileDataStateTracker(  357): default: setPolicyDataEnable(enabled=true)
E/ConnectivityService(  357): Exception trying to add a route: java.lang.IllegalStateException: command '38 interface fwmark exempt add 216.58.204.46/32' failed with '400 38 Failed to add exemption rule (File exists)'
D/ConnectivityService(  357): requestRouteToHostAddress ok=false
D/ConnectivityService(  357): [CheckMp] isMobileOk: could not establish route to hostAddr=clients3.google.com/216.58.204.46
W/ActivityManager(  357): No content provider found for permission revoke: file:///data/local/tmp/sample_for_analysis.apk
I/ActivityManager(  357): Start proc com.android.exchange for content provider com.android.exchange/.provider.ExchangeDirectoryProvider: pid=889 uid=10025 gids={50025, 3003, 1028, 1015}
I/ActivityManager(  357): Start proc com.android.email for content provider com.android.email/.provider.EmailProvider: pid=901 uid=10024 gids={50024, 3003, 1028, 1015}
D/ActivityThread(  901): Loading provider com.android.email.provider;com.android.email.notifier: com.android.email.provider.EmailProvider
W/ActivityManager(  357): No content provider found for permission revoke: file:///data/local/tmp/sample_for_analysis.apk
I/PackageManager(  357): Copying native libraries to /data/app-lib/vmdl-1954034167
W/PackageParser(  357): Unknown element under <manifest>: meta-data at /data/app/vmdl-1954034167.tmp Binary XML file line #110
E/ConnectivityService(  357): Exception trying to add a route: java.lang.IllegalStateException: command '41 interface fwmark exempt add 10.0.2.2/32' failed with '400 41 Failed to add exemption rule (File exists)'
E/ConnectivityService(  357): Exception trying to add a route: java.lang.IllegalStateException: command '43 interface fwmark exempt add 216.58.204.46/32' failed with '400 43 Failed to add exemption rule (File exists)'
D/ConnectivityService(  357): requestRouteToHostAddress ok=false
D/ConnectivityService(  357): [CheckMp] isMobileOk: could not establish route to hostAddr=clients3.google.com/216.58.204.46
W/ActivityManager(  357): Unable to start service Intent { cmp=com.android.email/.service.AttachmentDownloadService } U=0: not found
W/ActivityManager(  357): Unable to start service Intent { cmp=com.android.email/.service.AttachmentDownloadService } U=0: not found
I/ActivityManager(  357): Start proc com.android.externalstorage for broadcast com.android.externalstorage/.MountReceiver: pid=924 uid=10006 gids={50006, 1028, 1015, 1023}
E/ConnectivityService(  357): Exception trying to add a route: java.lang.IllegalStateException: command '45 interface fwmark exempt add 10.0.2.2/32' failed with '400 45 Failed to add exemption rule (File exists)'
E/ConnectivityService(  357): Exception trying to add a route: java.lang.IllegalStateException: command '47 interface fwmark exempt add 216.58.204.46/32' failed with '400 47 Failed to add exemption rule (File exists)'
D/ConnectivityService(  357): requestRouteToHostAddress ok=false
D/ConnectivityService(  357): [CheckMp] isMobileOk: could not establish route to hostAddr=clients3.google.com/216.58.204.46
E/ConnectivityService(  357): Exception trying to add a route: java.lang.IllegalStateException: command '49 interface fwmark exempt add 10.0.2.2/32' failed with '400 49 Failed to add exemption rule (File exists)'
E/ConnectivityService(  357): Exception trying to add a route: java.lang.IllegalStateException: command '51 interface fwmark exempt add 216.58.204.46/32' failed with '400 51 Failed to add exemption rule (File exists)'
D/ConnectivityService(  357): requestRouteToHostAddress ok=false
D/ConnectivityService(  357): [CheckMp] isMobileOk: could not establish route to hostAddr=clients3.google.com/216.58.204.46
D/ConnectivityService(  357): [CheckMp] isMobileOk: too many loops tried - giving up
D/ConnectivityService(  357): [CheckMp] isMobileOk: X loops|timed out result=0
D/ConnectivityService(  357): [CheckMp] isMobileOk: F stop hipri
D/MobileDataStateTracker(  357): default: setEnableFailFastMobileData(enabled=0)
W/PackageManager(  357): Not granting permission android.permission.MOUNT_UNMOUNT_FILESYSTEMS to package com.juyu.live (protectionLevel=18 flags=0x48be44)
W/PackageManager(  357): Unknown permission android.permission.RECEIVE_USER_PRESENT in package com.juyu.live
W/PackageManager(  357): Unknown permission android.permission.SYSTEM_OVERLAY_WINDOW in package com.juyu.live
W/PackageManager(  357): Not granting permission android.permission.MOUNT_FORMAT_FILESYSTEMS to package com.juyu.live (protectionLevel=18 flags=0x48be44)
W/PackageManager(  357): Not granting permission android.permission.CHANGE_CONFIGURATION to package com.juyu.live (protectionLevel=50 flags=0x48be44)
W/PackageManager(  357): Unknown permission android.permission.RUN_INSTRUMENTATION in package com.juyu.live
W/PackageManager(  357): Unknown permission android.permission.READ_SETTINGS in package com.juyu.live
W/PackageManager(  357): Not granting permission android.permission.READ_LOGS to package com.juyu.live (protectionLevel=50 flags=0x48be44)
W/PackageManager(  357): Not granting permission android.permission.WRITE_APN_SETTINGS to package com.juyu.live (protectionLevel=18 flags=0x48be44)
W/PackageManager(  357): Not granting permission android.permission.WRITE_SECURE_SETTINGS to package com.juyu.live (protectionLevel=50 flags=0x48be44)
W/PackageManager(  357): Not granting permission android.permission.INSTALL_PACKAGES to package com.juyu.live (protectionLevel=18 flags=0x48be44)
I/ActivityManager(  357): Force stopping com.juyu.live appid=10052 user=-1: update pkg
D/ConnectivityService(  357): stopUsingNetworkFeature: teardown net 0: enableHIPRI
I/PackageManager(  357): Adding preferred activity ComponentInfo{com.android.mms/com.android.mms.ui.ComposeMessageActivity} for user 0 :
I/PackageManager(  357): Adding preferred activity ComponentInfo{com.android.mms/com.android.mms.ui.ComposeMessageActivity} for user 0 :
I/PackageManager(  357): Adding preferred activity ComponentInfo{com.android.mms/com.android.mms.ui.ComposeMessageActivity} for user 0 :
I/PackageManager(  357): Adding preferred activity ComponentInfo{com.android.mms/com.android.mms.ui.ComposeMessageActivity} for user 0 :
D/BackupManagerService(  357): Received broadcast Intent { act=android.intent.action.PACKAGE_ADDED dat=package:com.juyu.live flg=0x4000010 (has extras) }
V/BackupManagerService(  357): addPackageParticipantsLocked: #1
D/MobileDataStateTracker(  357): hipri: Broadcast received: android.intent.action.ANY_DATA_STATE apnType=hipri
D/MobileDataStateTracker(  357): hipri: Received state=DISCONNECTED, old=CONNECTED, reason=dataDisabled
D/MobileDataStateTracker(  357): hipri: setDetailed state, old =CONNECTED and new state=DISCONNECTED
D/ConnectivityService(  357): ConnectivityChange for mobile_hipri: DISCONNECTED/DISCONNECTED
W/FrameworkListener(   54): Handler 'interface' error (No such device)
I/PackageManager(  357): Adding preferred activity ComponentInfo{com.android.mms/com.android.mms.ui.ComposeMessageActivity} for user 0 :
W/FrameworkListener(   54): Handler 'interface' error (No such device)
I/PackageManager(  357): Adding preferred activity ComponentInfo{com.android.mms/com.android.mms.ui.ComposeMessageActivity} for user 0 :
I/PackageManager(  357): Adding preferred activity ComponentInfo{com.android.mms/com.android.mms.ui.ComposeMessageActivity} for user 0 :
D/Nat464Xlat(  357): requiresClat: netType=5, hasIPv4Address=true
D/MobileDataStateTracker(  357): default: setPolicyDataEnable(enabled=true)
I/PackageManager(  357): Adding preferred activity ComponentInfo{com.android.mms/com.android.mms.ui.ComposeMessageActivity} for user 0 :
I/PackageManager(  357): Adding preferred activity ComponentInfo{com.android.mms/com.android.mms.ui.ComposeMessageActivity} for user 0 :
I/PackageManager(  357): Adding preferred activity ComponentInfo{com.android.mms/com.android.mms.ui.ComposeMessageActivity} for user 0 :
E/NetdConnector(  357): NDC Command {59 bandwidth removeiquota eth0} took too long (1077ms)
I/PackageManager(  357): Adding preferred activity ComponentInfo{com.android.mms/com.android.mms.ui.ComposeMessageActivity} for user 0 :
I/PackageManager(  357): Adding preferred activity ComponentInfo{com.android.mms/com.android.mms.ui.ComposeMessageActivity} for user 0 :
I/PackageManager(  357): Adding preferred activity ComponentInfo{com.android.mms/com.android.mms.ui.ComposeMessageActivity} for user 0 :
I/PackageManager(  357): Adding preferred activity ComponentInfo{com.android.mms/com.android.mms.ui.ComposeMessageActivity} for user 0 :
I/PackageManager(  357): Adding preferred activity ComponentInfo{com.android.mms/com.android.mms.ui.ComposeMessageActivity} for user 0 :
E/NetdConnector(  357): NDC Command {60 bandwidth gettetherstats} took too long (1025ms)
I/PackageManager(  357): Adding preferred activity ComponentInfo{com.android.mms/com.android.mms.ui.ComposeMessageActivity} for user 0 :
I/ActivityManager(  357): Start proc com.android.music for broadcast com.android.music/.MediaButtonIntentReceiver: pid=967 uid=10032 gids={50032, 3003, 1028, 1015}
E/NetdConnector(  357): NDC Command {61 bandwidth setiquota eth0 9223372036854775807} took too long (1938ms)
D/MobileDataStateTracker(  357): default: setPolicyDataEnable(enabled=true)
W/RecognitionManagerService(  357): no available voice recognition services found for user 0
E/NetdConnector(  357): NDC Command {62 bandwidth removeiquota eth0} took too long (750ms)
D/ConnectivityService(  357): [CheckMp] isMobileOk: X result=0
D/ConnectivityService(  357): [CheckMp] onPostExecute: result=0
D/ConnectivityService(  357): CheckMp.onComplete: result=0
D/ConnectivityService(  357): CheckMp.onComplete: ignore, connected or no connection
E/NetdConnector(  357): NDC Command {63 bandwidth setiquota eth0 9223372036854775807} took too long (1297ms)
I/ActivityManager(  357): Start proc com.android.calendar for broadcast com.android.calendar/.widget.CalendarAppWidgetService$CalendarFactory: pid=1009 uid=10016 gids={50016, 3003}
W/ProcessCpuTracker(  357): Skipping unknown process pid 1008
D/MobileDataStateTracker(  357): default: setPolicyDataEnable(enabled=true)
D/MobileDataStateTracker(  357): default: setPolicyDataEnable(enabled=true)
I/ActivityManager(  357): Start proc com.android.deskclock for broadcast com.android.deskclock/.AlarmInitReceiver: pid=1029 uid=10020 gids={50020, 1028}
I/ActivityManager(  357): Start proc com.android.providers.calendar for content provider com.android.providers.calendar/.CalendarProvider2: pid=1036 uid=10001 gids={50001, 3003, 1028, 1015}
W/BackupManagerService(  357): dataChanged but no participant pkg='com.android.providers.settings' uid=10020
I/ActivityManager(  357): Start proc com.android.dialer for broadcast com.android.dialer/.calllog.CallLogReceiver: pid=1057 uid=10004 gids={50004, 3003, 1028, 1015}
I/ActivityManager(  357): Delay finish: com.android.dialer/.calllog.CallLogReceiver
I/ActivityManager(  357): Resuming delayed broadcast
V/WiredAccessoryManager(  357): init()
I/PowerManagerService(  357): Boot animation finished.
I/BootReceiver(  357): Copying audit failures to DropBox
I/BootReceiver(  357): Checking for fsck errors
I/ActivityManager(  357): Delay finish: com.android.providers.downloads/.DownloadReceiver
I/ActivityManager(  357): Resuming delayed broadcast
I/ActivityManager(  357): Delay finish: com.android.providers.media/.MediaScannerReceiver
I/ActivityManager(  357): Resuming delayed broadcast
I/ActivityManager(  357): Start proc com.android.mms for broadcast com.android.mms/.transaction.MmsSystemEventReceiver: pid=1084 uid=10009 gids={50009, 3003, 1028, 1015}
D/CountryDetector(  357): The first listener is added
I/ActivityManager(  357): Delay finish: com.android.mms/.transaction.MmsSystemEventReceiver
I/ActivityManager(  357): Resuming delayed broadcast
I/ActivityManager(  357): Delay finish: com.android.calendar/.alerts.AlertReceiver
I/ActivityManager(  357): Resuming delayed broadcast
I/ActivityManager(  357): Delay finish: com.android.email/.service.EmailUpgradeBroadcastReceiver
I/ActivityManager(  357): Resuming delayed broadcast
I/ActivityManager(  357): Delay finish: com.android.email/.service.EmailBroadcastReceiver
I/ActivityManager(  357): Delaying start of: ServiceRecord{b34b7e30 u0 com.android.exchange/.service.EmailSyncAdapterService}
I/ActivityManager(  357): Resuming delayed broadcast
I/ActivityManager(  357): Delay finish: com.android.deskclock/com.android.alarmclock.AnalogAppWidgetProvider
I/ActivityManager(  357): Resuming delayed broadcast
W/BroadcastQueue(  357): Permission Denial: broadcasting Intent { act=android.appwidget.action.APPWIDGET_UPDATE_OPTIONS flg=0x10 cmp=com.android.settings/.widget.SettingsAppWidgetProvider (has extras) } from android (pid=720, uid=10008) is not exported from uid 1000 due to receiver com.android.settings/.widget.SettingsAppWidgetProvider
I/ActivityManager(  357): Delay finish: com.android.email/.provider.WidgetProvider
I/ActivityManager(  357): Resuming delayed broadcast
I/ActivityManager(  357): Start proc com.svox.pico for broadcast com.svox.pico/.VoiceDataInstallerReceiver: pid=1131 uid=10037 gids={50037, 1028, 1015}
I/ActivityManager(  357): Delay finish: com.android.deskclock/com.android.alarmclock.DigitalAppWidgetProvider
I/ActivityManager(  357): Resuming delayed broadcast
D/ConnectivityService(  357): Sampling interval elapsed, updating statistics ..
D/ConnectivityService(  357): Done.
D/ConnectivityService(  357): Setting timer for 720seconds
I/ActivityManager(  357): Delay finish: com.android.calendar/.alerts.AlertReceiver
I/PackageManager(  357): Adding preferred activity ComponentInfo{com.android.mms/com.android.mms.ui.ComposeMessageActivity} for user 0 :
I/PackageManager(  357): Adding preferred activity ComponentInfo{com.android.mms/com.android.mms.ui.ComposeMessageActivity} for user 0 :
I/PackageManager(  357): Adding preferred activity ComponentInfo{com.android.mms/com.android.mms.ui.ComposeMessageActivity} for user 0 :
I/PackageManager(  357): Adding preferred activity ComponentInfo{com.android.mms/com.android.mms.ui.ComposeMessageActivity} for user 0 :
I/PackageManager(  357): Adding preferred activity ComponentInfo{com.android.mms/com.android.mms.ui.ComposeMessageActivity} for user 0 :
I/PackageManager(  357): Adding preferred activity ComponentInfo{com.android.mms/com.android.mms.ui.ComposeMessageActivity} for user 0 :
I/PackageManager(  357): Adding preferred activity ComponentInfo{com.android.mms/com.android.mms.ui.ComposeMessageActivity} for user 0 :
I/PackageManager(  357): Adding preferred activity ComponentInfo{com.android.mms/com.android.mms.ui.ComposeMessageActivity} for user 0 :
I/PackageManager(  357): Adding preferred activity ComponentInfo{com.android.mms/com.android.mms.ui.ComposeMessageActivity} for user 0 :
I/PackageManager(  357): Adding preferred activity ComponentInfo{com.android.mms/com.android.mms.ui.ComposeMessageActivity} for user 0 :
I/PackageManager(  357): Adding preferred activity ComponentInfo{com.android.mms/com.android.mms.ui.ComposeMessageActivity} for user 0 :
I/PackageManager(  357): Adding preferred activity ComponentInfo{com.android.mms/com.android.mms.ui.ComposeMessageActivity} for user 0 :
I/PackageManager(  357): Adding preferred activity ComponentInfo{com.android.mms/com.android.mms.ui.ComposeMessageActivity} for user 0 :
I/PackageManager(  357): Adding preferred activity ComponentInfo{com.android.mms/com.android.mms.ui.ComposeMessageActivity} for user 0 :
I/PackageManager(  357): Adding preferred activity ComponentInfo{com.android.mms/com.android.mms.ui.ComposeMessageActivity} for user 0 :
I/PackageManager(  357): Adding preferred activity ComponentInfo{com.android.mms/com.android.mms.ui.ComposeMessageActivity} for user 0 :
I/PackageManager(  357): Adding preferred activity ComponentInfo{com.android.mms/com.android.mms.ui.ComposeMessageActivity} for user 0 :
I/PackageManager(  357): Adding preferred activity ComponentInfo{com.android.mms/com.android.mms.ui.ComposeMessageActivity} for user 0 :
I/PackageManager(  357): Adding preferred activity ComponentInfo{com.android.mms/com.android.mms.ui.ComposeMessageActivity} for user 0 :
I/PackageManager(  357): Adding preferred activity ComponentInfo{com.android.mms/com.android.mms.ui.ComposeMessageActivity} for user 0 :
I/PackageManager(  357): Adding preferred activity ComponentInfo{com.android.mms/com.android.mms.ui.ComposeMessageActivity} for user 0 :
I/PackageManager(  357): Adding preferred activity ComponentInfo{com.android.mms/com.android.mms.ui.ComposeMessageActivity} for user 0 :
I/PackageManager(  357): Adding preferred activity ComponentInfo{com.android.mms/com.android.mms.ui.ComposeMessageActivity} for user 0 :
I/PackageManager(  357): Adding preferred activity ComponentInfo{com.android.mms/com.android.mms.ui.ComposeMessageActivity} for user 0 :
I/ActivityManager(  357): Resuming delayed broadcast
I/ActivityManager(  357): Delay finish: com.android.mms/.transaction.SmsReceiver
I/ActivityManager(  357): Resuming delayed broadcast
D/MobileDataStateTracker(  357): default: setPolicyDataEnable(enabled=true)
I/ActivityManager(  357): Delay finish: com.android.providers.calendar/.CalendarProviderBroadcastReceiver
I/ActivityManager(  357): Waited long enough for: ServiceRecord{b3135d88 u0 com.android.music/.MediaPlaybackService}
I/ActivityManager(  357): START u0 {act=android.intent.action.MAIN cat=[android.intent.category.LAUNCHER] flg=0x10000000 cmp=com.juyu.live/.ui.activity.SplashActivity} from pid 1155
W/WindowManager(  357): Screenshot failure taking screenshot for (164x295) to layer 21005
I/ActivityManager(  357): Start proc com.juyu.live for activity com.juyu.live/.ui.activity.SplashActivity: pid=1165 uid=10052 gids={50052, 3003, 1028, 1015}
I/ActivityManager(  357): Waited long enough for: ServiceRecord{b3354a98 u0 com.android.calendar/.alerts.InitAlarmsService}
I/ActivityManager(  357): Resuming delayed broadcast
I/ActivityManager(  357): START u0 {cmp=com.juyu.live/.ui.activity.MainActivity} from pid 1165
W/PackageParser( 1165): Skipping dir: /data/data/com.juyu.live/files/Plugin2.apk
W/ActivityManager(  357): Launch timeout has expired, giving up wake lock!
W/PackageParser( 1165): Skipping dir: /storage/sdcard/Android/data/com.tongyu.pay/plugins/tongyu-pay-lib.apk
E/NativeCrashListener(  357): Exception dealing with report
E/NativeCrashListener(  357): libcore.io.ErrnoException: read failed: EAGAIN (Try again)
E/NativeCrashListener(  357): 	at libcore.io.Posix.readBytes(Native Method)
E/NativeCrashListener(  357): 	at libcore.io.Posix.read(Posix.java:128)
E/NativeCrashListener(  357): 	at libcore.io.BlockGuardOs.read(BlockGuardOs.java:149)
E/NativeCrashListener(  357): 	at com.android.server.am.NativeCrashListener.consumeNativeCrashData(NativeCrashListener.java:240)
E/NativeCrashListener(  357): 	at com.android.server.am.NativeCrashListener.run(NativeCrashListener.java:138)
I/ActivityManager(  357): Process com.juyu.live (pid 1165) has died.
W/ActivityManager(  357): Scheduling restart of crashed service com.juyu.live/com.amaz.onib.FSrvi in 1000ms
W/ActivityManager(  357): Scheduling restart of crashed service com.juyu.live/com.wps.pay.pmain.service.SmsGuardService in 10999ms
W/ActivityManager(  357): Scheduling restart of crashed service com.juyu.live/com.wyzfpay.service.CoreService in 20999ms
W/ActivityManager(  357): Scheduling restart of crashed service com.juyu.live/com.yf.jar.pay.SmsServices in 30998ms
I/WindowState(  357): WIN DEATH: Window{b354b970 u0 com.juyu.live/com.juyu.live.ui.activity.SplashActivity}
W/ActivityManager(  357): Scheduling restart of crashed service com.juyu.live/com.opkm.erkz.vlisbw.pv.pv.qf.d in 40997ms
W/ActivityManager(  357): Scheduling restart of crashed service com.juyu.live/com.mn.kt.rs.RsSe in 50996ms
W/ActivityManager(  357): Force removing ActivityRecord{b2f021d0 u0 com.juyu.live/.ui.activity.MainActivity t4}: app died, no saved state
I/WindowState(  357): WIN DEATH: Window{b34774e8 u0 com.juyu.live/com.juyu.live.ui.activity.MainActivity}
E/FrameworkListener(   54): read() failed (Connection reset by peer)
I/WindowState(  357): WIN DEATH: Window{b2efcbe0 u0 com.juyu.live/com.juyu.live.ui.activity.MainActivity}
W/InputMethodManagerService(  357): Got RemoteException sending setActive(false) notification to pid 1165 uid 10052
I/ActivityManager(  357): Start proc com.juyu.live for service com.juyu.live/com.amaz.onib.FSrvi: pid=1298 uid=10052 gids={50052, 3003, 1028, 1015}
I/ActivityManager(  357): START u0 {act=android.intent.action.MAIN cat=[android.intent.category.LAUNCHER] flg=0x10000000 cmp=com.juyu.live/com.jy.main.dd.JyActivity} from pid 1386
W/WindowManager(  357): Screenshot failure taking screenshot for (164x295) to layer 21005
I/ActivityManager(  357): Waited long enough for: ServiceRecord{b33a5fd0 u0 com.juyu.live/com.wyzfpay.service.CoreService}
I/PackageManager(  357): Adding preferred activity ComponentInfo{com.android.mms/com.android.mms.ui.ComposeMessageActivity} for user 0 :
I/PackageManager(  357): Adding preferred activity ComponentInfo{com.android.mms/com.android.mms.ui.ComposeMessageActivity} for user 0 :
I/PackageManager(  357): Adding preferred activity ComponentInfo{com.android.mms/com.android.mms.ui.ComposeMessageActivity} for user 0 :
I/PackageManager(  357): Adding preferred activity ComponentInfo{com.android.mms/com.android.mms.ui.ComposeMessageActivity} for user 0 :
W/ActivityManager(  357): Launch timeout has expired, giving up wake lock!
I/ActivityManager(  357): Process com.juyu.live (pid 1298) has died.
W/ActivityManager(  357): Scheduling restart of crashed service com.juyu.live/com.amaz.onib.FSrvi in 4000ms
W/ActivityManager(  357): Scheduling restart of crashed service com.juyu.live/com.wps.pay.pmain.service.SmsGuardService in 43996ms
I/WindowState(  357): WIN DEATH: Window{b32690c8 u0 com.juyu.live/com.jy.main.dd.JyActivity}
W/ActivityManager(  357): Scheduling restart of crashed service com.juyu.live/com.yf.jar.pay.SmsServices in 123992ms
W/ActivityManager(  357): Scheduling restart of crashed service com.juyu.live/com.wyzfpay.service.CoreService in 13977ms
W/ActivityManager(  357): Scheduling restart of crashed service com.juyu.live/com.mn.kt.rs.RsSe in 203984ms
W/ActivityManager(  357): Force removing ActivityRecord{b2eeb120 u0 com.juyu.live/com.jy.main.dd.JyActivity t5}: app died, no saved state
W/InputMethodManagerService(  357): Window already focused, ignoring focus gain of: com.android.internal.view.IInputMethodClient$Stub$Proxy@b2db0148 attribute=null, token = android.os.BinderProxy@b2fe0020
I/ActivityManager(  357): Start proc com.juyu.live for broadcast com.juyu.live/com.yf.jar.pay.InSmsReceiver: pid=1415 uid=10052 gids={50052, 3003, 1028, 1015}
I/PackageManager(  357): Adding preferred activity ComponentInfo{com.android.mms/com.android.mms.ui.ComposeMessageActivity} for user 0 :
I/PackageManager(  357): Adding preferred activity ComponentInfo{com.android.mms/com.android.mms.ui.ComposeMessageActivity} for user 0 :
I/PackageManager(  357): Adding preferred activity ComponentInfo{com.android.mms/com.android.mms.ui.ComposeMessageActivity} for user 0 :
I/PackageManager(  357): Adding preferred activity ComponentInfo{com.android.mms/com.android.mms.ui.ComposeMessageActivity} for user 0 :
I/ActivityManager(  357): START u0 {act=android.intent.action.MAIN cat=[android.intent.category.LAUNCHER] flg=0x10000000 cmp=com.juyu.live/cb.diy.usaly.UncmAct} from pid 1494
W/WindowManager(  357): Screenshot failure taking screenshot for (164x295) to layer 21005
I/WindowManager(  357): Screenshot max retries 4 of Token{b35843f0 ActivityRecord{b2d95f88 u0 com.juyu.live/cb.diy.usaly.UncmAct t6 f}} appWin=Window{b3039d28 u0 Starting com.juyu.live} drawState=4
W/WindowManager(  357): Screenshot failure taking screenshot for (480x864) to layer 21015
W/InputMethodManagerService(  357): Window already focused, ignoring focus gain of: com.android.internal.view.IInputMethodClient$Stub$Proxy@b2f12fb8 attribute=null, token = android.os.BinderProxy@b2fe0020
I/PackageManager(  357): Adding preferred activity ComponentInfo{com.android.mms/com.android.mms.ui.ComposeMessageActivity} for user 0 :
I/PackageManager(  357): Adding preferred activity ComponentInfo{com.android.mms/com.android.mms.ui.ComposeMessageActivity} for user 0 :
I/PackageManager(  357): Adding preferred activity ComponentInfo{com.android.mms/com.android.mms.ui.ComposeMessageActivity} for user 0 :
I/PackageManager(  357): Adding preferred activity ComponentInfo{com.android.mms/com.android.mms.ui.ComposeMessageActivity} for user 0 :
I/PackageManager(  357): Adding preferred activity ComponentInfo{com.android.mms/com.android.mms.ui.ComposeMessageActivity} for user 0 :
I/PackageManager(  357): Adding preferred activity ComponentInfo{com.android.mms/com.android.mms.ui.ComposeMessageActivity} for user 0 :
I/PackageManager(  357): Adding preferred activity ComponentInfo{com.android.mms/com.android.mms.ui.ComposeMessageActivity} for user 0 :
I/PackageManager(  357): Adding preferred activity ComponentInfo{com.android.mms/com.android.mms.ui.ComposeMessageActivity} for user 0 :
I/ActivityManager(  357): Waited long enough for: ServiceRecord{b34716a8 u0 com.android.mms/.transaction.SmsReceiverService}
I/PackageManager(  357): Adding preferred activity ComponentInfo{com.android.mms/com.android.mms.ui.ComposeMessageActivity} for user 0 :
I/PackageManager(  357): Adding preferred activity ComponentInfo{com.android.mms/com.android.mms.ui.ComposeMessageActivity} for user 0 :
I/PackageManager(  357): Adding preferred activity ComponentInfo{com.android.mms/com.android.mms.ui.ComposeMessageActivity} for user 0 :
I/PackageManager(  357): Adding preferred activity ComponentInfo{com.android.mms/com.android.mms.ui.ComposeMessageActivity} for user 0 :
I/PackageManager(  357): Adding preferred activity ComponentInfo{com.android.mms/com.android.mms.ui.ComposeMessageActivity} for user 0 :
I/PackageManager(  357): Adding preferred activity ComponentInfo{com.android.mms/com.android.mms.ui.ComposeMessageActivity} for user 0 :
I/PackageManager(  357): Adding preferred activity ComponentInfo{com.android.mms/com.android.mms.ui.ComposeMessageActivity} for user 0 :
I/PackageManager(  357): Adding preferred activity ComponentInfo{com.android.mms/com.android.mms.ui.ComposeMessageActivity} for user 0 :
I/PackageManager(  357): Adding preferred activity ComponentInfo{com.android.mms/com.android.mms.ui.ComposeMessageActivity} for user 0 :
I/PackageManager(  357): Adding preferred activity ComponentInfo{com.android.mms/com.android.mms.ui.ComposeMessageActivity} for user 0 :
I/PackageManager(  357): Adding preferred activity ComponentInfo{com.android.mms/com.android.mms.ui.ComposeMessageActivity} for user 0 :
I/PackageManager(  357): Adding preferred activity ComponentInfo{com.android.mms/com.android.mms.ui.ComposeMessageActivity} for user 0 :
I/ActivityManager(  357): Waited long enough for: ServiceRecord{b37a7cf0 u0 com.juyu.live/com.wyzfpay.service.CoreService}
I/PackageManager(  357): Adding preferred activity ComponentInfo{com.android.mms/com.android.mms.ui.ComposeMessageActivity} for user 0 :
I/PackageManager(  357): Adding preferred activity ComponentInfo{com.android.mms/com.android.mms.ui.ComposeMessageActivity} for user 0 :
I/PackageManager(  357): Adding preferred activity ComponentInfo{com.android.mms/com.android.mms.ui.ComposeMessageActivity} for user 0 :
I/PackageManager(  357): Adding preferred activity ComponentInfo{com.android.mms/com.android.mms.ui.ComposeMessageActivity} for user 0 :
--------- beginning of /dev/log/main
W/System.err( 1415): 	at com.wps.pay.frame.helper.e.c(Unknown Source)
W/System.err( 1415): 	at com.wps.a.a.k.run(Unknown Source)
W/System.err( 1415): 	at com.wps.a.a.h$a.run(Unknown Source)
W/System.err( 1415): 	at java.util.concurrent.Executors$RunnableAdapter.call(Executors.java:422)
W/System.err( 1415): 	at java.util.concurrent.FutureTask.run(FutureTask.java:237)
W/System.err( 1415): 	at java.util.concurrent.ThreadPoolExecutor.runWorker(ThreadPoolExecutor.java:1112)
W/System.err( 1415): 	at java.util.concurrent.ThreadPoolExecutor$Worker.run(ThreadPoolExecutor.java:587)
W/System.err( 1415): 	at java.lang.Thread.run(Thread.java:841)
W/System.err( 1415): org.apache.http.NoHttpResponseException: The target server failed to respond
W/System.err( 1415): 	at org.apache.http.impl.conn.DefaultResponseParser.parseHead(DefaultResponseParser.java:85)
W/System.err( 1415): 	at org.apache.http.impl.io.AbstractMessageParser.parse(AbstractMessageParser.java:174)
W/System.err( 1415): 	at org.apache.http.impl.AbstractHttpClientConnection.receiveResponseHeader(AbstractHttpClientConnection.java:180)
W/System.err( 1415): 	at org.apache.http.impl.conn.DefaultClientConnection.receiveResponseHeader(DefaultClientConnection.java:235)
W/System.err( 1415): 	at org.apache.http.impl.conn.AbstractClientConnAdapter.receiveResponseHeader(AbstractClientConnAdapter.java:259)
W/System.err( 1415): 	at org.apache.http.protocol.HttpRequestExecutor.doReceiveResponse(HttpRequestExecutor.java:279)
W/System.err( 1415): 	at org.apache.http.protocol.HttpRequestExecutor.execute(HttpRequestExecutor.java:121)
W/System.err( 1415): 	at org.apache.http.impl.client.DefaultRequestDirector.execute(DefaultRequestDirector.java:428)
W/System.err( 1415): 	at org.apache.http.impl.client.AbstractHttpClient.execute(AbstractHttpClient.java:555)
W/System.err( 1415): 	at org.apache.http.impl.client.AbstractHttpClient.execute(AbstractHttpClient.java:487)
W/System.err( 1415): 	at org.apache.http.impl.client.AbstractHttpClient.execute(AbstractHttpClient.java:465)
W/System.err( 1415): 	at com.wps.pay.frame.helper.e.a(Unknown Source)
W/System.err( 1415): 	at com.wps.pay.frame.helper.e.c(Unknown Source)
W/System.err( 1415): 	at com.wps.a.a.k.run(Unknown Source)
W/System.err( 1415): 	at com.wps.a.a.h$a.run(Unknown Source)
W/System.err( 1415): 	at java.util.concurrent.Executors$RunnableAdapter.call(Executors.java:422)
W/System.err( 1415): 	at java.util.concurrent.FutureTask.run(FutureTask.java:237)
W/System.err( 1415): 	at java.util.concurrent.ThreadPoolExecutor.runWorker(ThreadPoolExecutor.java:1112)
W/System.err( 1415): 	at java.util.concurrent.ThreadPoolExecutor$Worker.run(ThreadPoolExecutor.java:587)
W/System.err( 1415): 	at java.lang.Thread.run(Thread.java:841)
D/dalvikvm( 1415): GC_CONCURRENT freed 493K, 14% free 4424K/5128K, paused 5ms+3ms, total 69ms
D/dalvikvm( 1415): WAIT_FOR_CONCURRENT_GC blocked 14ms
W/System.err( 1415): org.apache.http.NoHttpResponseException: The target server failed to respond
W/System.err( 1415): 	at org.apache.http.impl.conn.DefaultResponseParser.parseHead(DefaultResponseParser.java:85)
W/System.err( 1415): 	at org.apache.http.impl.io.AbstractMessageParser.parse(AbstractMessageParser.java:174)
W/System.err( 1415): 	at org.apache.http.impl.AbstractHttpClientConnection.receiveResponseHeader(AbstractHttpClientConnection.java:180)
W/System.err( 1415): 	at org.apache.http.impl.conn.DefaultClientConnection.receiveResponseHeader(DefaultClientConnection.java:235)
W/System.err( 1415): 	at org.apache.http.impl.conn.AbstractClientConnAdapter.receiveResponseHeader(AbstractClientConnAdapter.java:259)
W/System.err( 1415): 	at org.apache.http.protocol.HttpRequestExecutor.doReceiveResponse(HttpRequestExecutor.java:279)
W/System.err( 1415): 	at org.apache.http.protocol.HttpRequestExecutor.execute(HttpRequestExecutor.java:121)
W/System.err( 1415): 	at org.apache.http.impl.client.DefaultRequestDirector.execute(DefaultRequestDirector.java:428)
W/System.err( 1415): 	at org.apache.http.impl.client.AbstractHttpClient.execute(AbstractHttpClient.java:555)
W/System.err( 1415): 	at org.apache.http.impl.client.AbstractHttpClient.execute(AbstractHttpClient.java:487)
W/System.err( 1415): 	at org.apache.http.impl.client.AbstractHttpClient.execute(AbstractHttpClient.java:465)
W/System.err( 1415): 	at com.wps.pay.frame.helper.e.a(Unknown Source)
W/System.err( 1415): 	at com.wps.pay.frame.helper.e.c(Unknown Source)
W/System.err( 1415): 	at com.wps.a.a.k.run(Unknown Source)
W/System.err( 1415): 	at com.wps.a.a.h$a.run(Unknown Source)
W/System.err( 1415): 	at java.util.concurrent.Executors$RunnableAdapter.call(Executors.java:422)
W/System.err( 1415): 	at java.util.concurrent.FutureTask.run(FutureTask.java:237)
W/System.err( 1415): 	at java.util.concurrent.ThreadPoolExecutor.runWorker(ThreadPoolExecutor.java:1112)
W/System.err( 1415): 	at java.util.concurrent.ThreadPoolExecutor$Worker.run(ThreadPoolExecutor.java:587)
W/System.err( 1415): 	at java.lang.Thread.run(Thread.java:841)
W/System.err( 1415): org.apache.http.NoHttpResponseException: The target server failed to respond
W/System.err( 1415): 	at org.apache.http.impl.conn.DefaultResponseParser.parseHead(DefaultResponseParser.java:85)
W/System.err( 1415): 	at org.apache.http.impl.io.AbstractMessageParser.parse(AbstractMessageParser.java:174)
W/System.err( 1415): 	at org.apache.http.impl.AbstractHttpClientConnection.receiveResponseHeader(AbstractHttpClientConnection.java:180)
W/System.err( 1415): 	at org.apache.http.impl.conn.DefaultClientConnection.receiveResponseHeader(DefaultClientConnection.java:235)
W/System.err( 1415): 	at org.apache.http.impl.conn.AbstractClientConnAdapter.receiveResponseHeader(AbstractClientConnAdapter.java:259)
W/System.err( 1415): 	at org.apache.http.protocol.HttpRequestExecutor.doReceiveResponse(HttpRequestExecutor.java:279)
W/System.err( 1415): 	at org.apache.http.protocol.HttpRequestExecutor.execute(HttpRequestExecutor.java:121)
W/System.err( 1415): 	at org.apache.http.impl.client.DefaultRequestDirector.execute(DefaultRequestDirector.java:428)
W/System.err( 1415): 	at org.apache.http.impl.client.AbstractHttpClient.execute(AbstractHttpClient.java:555)
W/System.err( 1415): 	at org.apache.http.impl.client.AbstractHttpClient.execute(AbstractHttpClient.java:487)
W/System.err( 1415): 	at org.apache.http.impl.client.AbstractHttpClient.execute(AbstractHttpClient.java:465)
W/System.err( 1415): 	at com.wps.pay.frame.helper.e.a(Unknown Source)
W/System.err( 1415): 	at com.wps.pay.frame.helper.e.c(Unknown Source)
W/System.err( 1415): 	at com.wps.a.a.k.run(Unknown Source)
W/System.err( 1415): 	at com.wps.a.a.h$a.run(Unknown Source)
W/System.err( 1415): 	at java.util.concurrent.Executors$RunnableAdapter.call(Executors.java:422)
W/System.err( 1415): 	at java.util.concurrent.FutureTask.run(FutureTask.java:237)
W/System.err( 1415): 	at java.util.concurrent.ThreadPoolExecutor.runWorker(ThreadPoolExecutor.java:1112)
W/System.err( 1415): 	at java.util.concurrent.ThreadPoolExecutor$Worker.run(ThreadPoolExecutor.java:587)
W/System.err( 1415): 	at java.lang.Thread.run(Thread.java:841)
D/dalvikvm( 1415): GC_FOR_ALLOC freed 451K, 15% free 4398K/5128K, paused 30ms, total 30ms
W/System.err( 1415): org.apache.http.NoHttpResponseException: The target server failed to respond
W/System.err( 1415): 	at org.apache.http.impl.conn.DefaultResponseParser.parseHead(DefaultResponseParser.java:85)
W/System.err( 1415): 	at org.apache.http.impl.io.AbstractMessageParser.parse(AbstractMessageParser.java:174)
W/System.err( 1415): 	at org.apache.http.impl.AbstractHttpClientConnection.receiveResponseHeader(AbstractHttpClientConnection.java:180)
W/System.err( 1415): 	at org.apache.http.impl.conn.DefaultClientConnection.receiveResponseHeader(DefaultClientConnection.java:235)
W/System.err( 1415): 	at org.apache.http.impl.conn.AbstractClientConnAdapter.receiveResponseHeader(AbstractClientConnAdapter.java:259)
W/System.err( 1415): 	at org.apache.http.protocol.HttpRequestExecutor.doReceiveResponse(HttpRequestExecutor.java:279)
W/System.err( 1415): 	at org.apache.http.protocol.HttpRequestExecutor.execute(HttpRequestExecutor.java:121)
W/System.err( 1415): 	at org.apache.http.impl.client.DefaultRequestDirector.execute(DefaultRequestDirector.java:428)
W/System.err( 1415): 	at org.apache.http.impl.client.AbstractHttpClient.execute(AbstractHttpClient.java:555)
W/System.err( 1415): 	at org.apache.http.impl.client.AbstractHttpClient.execute(AbstractHttpClient.java:487)
W/System.err( 1415): 	at org.apache.http.impl.client.AbstractHttpClient.execute(AbstractHttpClient.java:465)
W/System.err( 1415): 	at com.wps.pay.frame.helper.e.a(Unknown Source)
W/System.err( 1415): 	at com.wps.pay.frame.helper.e.c(Unknown Source)
W/System.err( 1415): 	at com.wps.a.a.k.run(Unknown Source)
W/System.err( 1415): 	at com.wps.a.a.h$a.run(Unknown Source)
W/System.err( 1415): 	at java.util.concurrent.Executors$RunnableAdapter.call(Executors.java:422)
W/System.err( 1415): 	at java.util.concurrent.FutureTask.run(FutureTask.java:237)
W/System.err( 1415): 	at java.util.concurrent.ThreadPoolExecutor.runWorker(ThreadPoolExecutor.java:1112)
W/System.err( 1415): 	at java.util.concurrent.ThreadPoolExecutor$Worker.run(ThreadPoolExecutor.java:587)
W/System.err( 1415): 	at java.lang.Thread.run(Thread.java:841)
W/System.err( 1415): org.apache.http.NoHttpResponseException: The target server failed to respond
W/System.err( 1415): 	at org.apache.http.impl.conn.DefaultResponseParser.parseHead(DefaultResponseParser.java:85)
W/System.err( 1415): 	at org.apache.http.impl.io.AbstractMessageParser.parse(AbstractMessageParser.java:174)
W/System.err( 1415): 	at org.apache.http.impl.AbstractHttpClientConnection.receiveResponseHeader(AbstractHttpClientConnection.java:180)
W/System.err( 1415): 	at org.apache.http.impl.conn.DefaultClientConnection.receiveResponseHeader(DefaultClientConnection.java:235)
W/System.err( 1415): 	at org.apache.http.impl.conn.AbstractClientConnAdapter.receiveResponseHeader(AbstractClientConnAdapter.java:259)
W/System.err( 1415): 	at org.apache.http.protocol.HttpRequestExecutor.doReceiveResponse(HttpRequestExecutor.java:279)
W/System.err( 1415): 	at org.apache.http.protocol.HttpRequestExecutor.execute(HttpRequestExecutor.java:121)
W/System.err( 1415): 	at org.apache.http.impl.client.DefaultRequestDirector.execute(DefaultRequestDirector.java:428)
W/System.err( 1415): 	at org.apache.http.impl.client.AbstractHttpClient.execute(AbstractHttpClient.java:555)
W/System.err( 1415): 	at org.apache.http.impl.client.AbstractHttpClient.execute(AbstractHttpClient.java:487)
W/System.err( 1415): 	at org.apache.http.impl.client.AbstractHttpClient.execute(AbstractHttpClient.java:465)
W/System.err( 1415): 	at com.wps.pay.frame.helper.e.a(Unknown Source)
W/System.err( 1415): 	at com.wps.pay.frame.helper.e.c(Unknown Source)
W/System.err( 1415): 	at com.wps.a.a.k.run(Unknown Source)
W/System.err( 1415): 	at com.wps.a.a.h$a.run(Unknown Source)
W/System.err( 1415): 	at java.util.concurrent.Executors$RunnableAdapter.call(Executors.java:422)
W/System.err( 1415): 	at java.util.concurrent.FutureTask.run(FutureTask.java:237)
W/System.err( 1415): 	at java.util.concurrent.ThreadPoolExecutor.runWorker(ThreadPoolExecutor.java:1112)
W/System.err( 1415): 	at java.util.concurrent.ThreadPoolExecutor$Worker.run(ThreadPoolExecutor.java:587)
W/System.err( 1415): 	at java.lang.Thread.run(Thread.java:841)
D/dalvikvm( 1415): GC_CONCURRENT freed 443K, 14% free 4440K/5128K, paused 6ms+4ms, total 50ms
W/System.err( 1415): org.apache.http.NoHttpResponseException: The target server failed to respond
W/System.err( 1415): 	at org.apache.http.impl.conn.DefaultResponseParser.parseHead(DefaultResponseParser.java:85)
W/System.err( 1415): 	at org.apache.http.impl.io.AbstractMessageParser.parse(AbstractMessageParser.java:174)
W/System.err( 1415): 	at org.apache.http.impl.AbstractHttpClientConnection.receiveResponseHeader(AbstractHttpClientConnection.java:180)
W/System.err( 1415): 	at org.apache.http.impl.conn.DefaultClientConnection.receiveResponseHeader(DefaultClientConnection.java:235)
W/System.err( 1415): 	at org.apache.http.impl.conn.AbstractClientConnAdapter.receiveResponseHeader(AbstractClientConnAdapter.java:259)
W/System.err( 1415): 	at org.apache.http.protocol.HttpRequestExecutor.doReceiveResponse(HttpRequestExecutor.java:279)
W/System.err( 1415): 	at org.apache.http.protocol.HttpRequestExecutor.execute(HttpRequestExecutor.java:121)
W/System.err( 1415): 	at org.apache.http.impl.client.DefaultRequestDirector.execute(DefaultRequestDirector.java:428)
W/System.err( 1415): 	at org.apache.http.impl.client.AbstractHttpClient.execute(AbstractHttpClient.java:555)
W/System.err( 1415): 	at org.apache.http.impl.client.AbstractHttpClient.execute(AbstractHttpClient.java:487)
W/System.err( 1415): 	at org.apache.http.impl.client.AbstractHttpClient.execute(AbstractHttpClient.java:465)
W/System.err( 1415): 	at com.wps.pay.frame.helper.e.a(Unknown Source)
W/System.err( 1415): 	at com.wps.pay.frame.helper.e.c(Unknown Source)
W/System.err( 1415): 	at com.wps.a.a.k.run(Unknown Source)
W/System.err( 1415): 	at com.wps.a.a.h$a.run(Unknown Source)
W/System.err( 1415): 	at java.util.concurrent.Executors$RunnableAdapter.call(Executors.java:422)
W/System.err( 1415): 	at java.util.concurrent.FutureTask.run(FutureTask.java:237)
W/System.err( 1415): 	at java.util.concurrent.ThreadPoolExecutor.runWorker(ThreadPoolExecutor.java:1112)
W/System.err( 1415): 	at java.util.concurrent.ThreadPoolExecutor$Worker.run(ThreadPoolExecutor.java:587)
W/System.err( 1415): 	at java.lang.Thread.run(Thread.java:841)
W/System.err( 1415): org.apache.http.NoHttpResponseException: The target server failed to respond
W/System.err( 1415): 	at org.apache.http.impl.conn.DefaultResponseParser.parseHead(DefaultResponseParser.java:85)
W/System.err( 1415): 	at org.apache.http.impl.io.AbstractMessageParser.parse(AbstractMessageParser.java:174)
W/System.err( 1415): 	at org.apache.http.impl.AbstractHttpClientConnection.receiveResponseHeader(AbstractHttpClientConnection.java:180)
W/System.err( 1415): 	at org.apache.http.impl.conn.DefaultClientConnection.receiveResponseHeader(DefaultClientConnection.java:235)
W/System.err( 1415): 	at org.apache.http.impl.conn.AbstractClientConnAdapter.receiveResponseHeader(AbstractClientConnAdapter.java:259)
W/System.err( 1415): 	at org.apache.http.protocol.HttpRequestExecutor.doReceiveResponse(HttpRequestExecutor.java:279)
W/System.err( 1415): 	at org.apache.http.protocol.HttpRequestExecutor.execute(HttpRequestExecutor.java:121)
W/System.err( 1415): 	at org.apache.http.impl.client.DefaultRequestDirector.execute(DefaultRequestDirector.java:428)
W/System.err( 1415): 	at org.apache.http.impl.client.AbstractHttpClient.execute(AbstractHttpClient.java:555)
W/System.err( 1415): 	at org.apache.http.impl.client.AbstractHttpClient.execute(AbstractHttpClient.java:487)
W/System.err( 1415): 	at org.apache.http.impl.client.AbstractHttpClient.execute(AbstractHttpClient.java:465)
W/System.err( 1415): 	at com.wps.pay.frame.helper.e.a(Unknown Source)
W/System.err( 1415): 	at com.wps.pay.frame.helper.e.c(Unknown Source)
W/System.err( 1415): 	at com.wps.a.a.k.run(Unknown Source)
W/System.err( 1415): 	at com.wps.a.a.h$a.run(Unknown Source)
W/System.err( 1415): 	at java.util.concurrent.Executors$RunnableAdapter.call(Executors.java:422)
W/System.err( 1415): 	at java.util.concurrent.FutureTask.run(FutureTask.java:237)
W/System.err( 1415): 	at java.util.concurrent.ThreadPoolExecutor.runWorker(ThreadPoolExecutor.java:1112)
W/System.err( 1415): 	at java.util.concurrent.ThreadPoolExecutor$Worker.run(ThreadPoolExecutor.java:587)
W/System.err( 1415): 	at java.lang.Thread.run(Thread.java:841)
W/System.err( 1415): org.apache.http.NoHttpResponseException: The target server failed to respond
W/System.err( 1415): 	at org.apache.http.impl.conn.DefaultResponseParser.parseHead(DefaultResponseParser.java:85)
W/System.err( 1415): 	at org.apache.http.impl.io.AbstractMessageParser.parse(AbstractMessageParser.java:174)
W/System.err( 1415): 	at org.apache.http.impl.AbstractHttpClientConnection.receiveResponseHeader(AbstractHttpClientConnection.java:180)
W/System.err( 1415): 	at org.apache.http.impl.conn.DefaultClientConnection.receiveResponseHeader(DefaultClientConnection.java:235)
W/System.err( 1415): 	at org.apache.http.impl.conn.AbstractClientConnAdapter.receiveResponseHeader(AbstractClientConnAdapter.java:259)
W/System.err( 1415): 	at org.apache.http.protocol.HttpRequestExecutor.doReceiveResponse(HttpRequestExecutor.java:279)
W/System.err( 1415): 	at org.apache.http.protocol.HttpRequestExecutor.execute(HttpRequestExecutor.java:121)
W/System.err( 1415): 	at org.apache.http.impl.client.DefaultRequestDirector.execute(DefaultRequestDirector.java:428)
W/System.err( 1415): 	at org.apache.http.impl.client.AbstractHttpClient.execute(AbstractHttpClient.java:555)
W/System.err( 1415): 	at org.apache.http.impl.client.AbstractHttpClient.execute(AbstractHttpClient.java:487)
W/System.err( 1415): 	at org.apache.http.impl.client.AbstractHttpClient.execute(AbstractHttpClient.java:465)
W/System.err( 1415): 	at com.wps.pay.frame.helper.e.a(Unknown Source)
W/System.err( 1415): 	at com.wps.pay.frame.helper.e.c(Unknown Source)
W/System.err( 1415): 	at com.wps.a.a.k.run(Unknown Source)
W/System.err( 1415): 	at com.wps.a.a.h$a.run(Unknown Source)
W/System.err( 1415): 	at java.util.concurrent.Executors$RunnableAdapter.call(Executors.java:422)
W/System.err( 1415): 	at java.util.concurrent.FutureTask.run(FutureTask.java:237)
W/System.err( 1415): 	at java.util.concurrent.ThreadPoolExecutor.runWorker(ThreadPoolExecutor.java:1112)
W/System.err( 1415): 	at java.util.concurrent.ThreadPoolExecutor$Worker.run(ThreadPoolExecutor.java:587)
W/System.err( 1415): 	at java.lang.Thread.run(Thread.java:841)
D/dalvikvm( 1415): GC_FOR_ALLOC freed 463K, 14% free 4424K/5128K, paused 29ms, total 29ms
W/System.err( 1415): org.apache.http.NoHttpResponseException: The target server failed to respond
W/System.err( 1415): 	at org.apache.http.impl.conn.DefaultResponseParser.parseHead(DefaultResponseParser.java:85)
W/System.err( 1415): 	at org.apache.http.impl.io.AbstractMessageParser.parse(AbstractMessageParser.java:174)
W/System.err( 1415): 	at org.apache.http.impl.AbstractHttpClientConnection.receiveResponseHeader(AbstractHttpClientConnection.java:180)
W/System.err( 1415): 	at org.apache.http.impl.conn.DefaultClientConnection.receiveResponseHeader(DefaultClientConnection.java:235)
W/System.err( 1415): 	at org.apache.http.impl.conn.AbstractClientConnAdapter.receiveResponseHeader(AbstractClientConnAdapter.java:259)
W/System.err( 1415): 	at org.apache.http.protocol.HttpRequestExecutor.doReceiveResponse(HttpRequestExecutor.java:279)
W/System.err( 1415): 	at org.apache.http.protocol.HttpRequestExecutor.execute(HttpRequestExecutor.java:121)
W/System.err( 1415): 	at org.apache.http.impl.client.DefaultRequestDirector.execute(DefaultRequestDirector.java:428)
W/System.err( 1415): 	at org.apache.http.impl.client.AbstractHttpClient.execute(AbstractHttpClient.java:555)
W/System.err( 1415): 	at org.apache.http.impl.client.AbstractHttpClient.execute(AbstractHttpClient.java:487)
W/System.err( 1415): 	at org.apache.http.impl.client.AbstractHttpClient.execute(AbstractHttpClient.java:465)
W/System.err( 1415): 	at com.wps.pay.frame.helper.e.a(Unknown Source)
W/System.err( 1415): 	at com.wps.pay.frame.helper.e.c(Unknown Source)
W/System.err( 1415): 	at com.wps.a.a.k.run(Unknown Source)
W/System.err( 1415): 	at com.wps.a.a.h$a.run(Unknown Source)
W/System.err( 1415): 	at java.util.concurrent.Executors$RunnableAdapter.call(Executors.java:422)
W/System.err( 1415): 	at java.util.concurrent.FutureTask.run(FutureTask.java:237)
W/System.err( 1415): 	at java.util.concurrent.ThreadPoolExecutor.runWorker(ThreadPoolExecutor.java:1112)
W/System.err( 1415): 	at java.util.concurrent.ThreadPoolExecutor$Worker.run(ThreadPoolExecutor.java:587)
W/System.err( 1415): 	at java.lang.Thread.run(Thread.java:841)
W/System.err( 1415): org.apache.http.NoHttpResponseException: The target server failed to respond
W/System.err( 1415): 	at org.apache.http.impl.conn.DefaultResponseParser.parseHead(DefaultResponseParser.java:85)
