W/System.err( 1273): 	at com.t.d.d.i.a(Unknown Source)
W/System.err( 1273): 	at com.t.wangda.WanderInterface.stp(Unknown Source)
W/System.err( 1273): 	at java.lang.reflect.Method.invokeNative(Native Method)
W/System.err( 1273): 	at java.lang.reflect.Method.invoke(Method.java:515)
W/System.err( 1273): 	at bn.tt.a.d.a(Unknown Source)
W/System.err( 1273): 	at an.d.t.y.TW.a(Unknown Source)
W/System.err( 1273): 	at an.d.t.y.c.handleMessage(Unknown Source)
W/System.err( 1273): 	at android.os.Handler.dispatchMessage(Handler.java:102)
W/System.err( 1273): 	at android.os.Looper.loop(Looper.java:136)
W/System.err( 1273): 	at android.app.ActivityThread.main(ActivityThread.java:5001)
W/System.err( 1273): 	at java.lang.reflect.Method.invokeNative(Native Method)
W/System.err( 1273): 	at java.lang.reflect.Method.invoke(Method.java:515)
W/System.err( 1273): 	at com.android.internal.os.ZygoteInit$MethodAndArgsCaller.run(ZygoteInit.java:785)
W/System.err( 1273): 	at com.android.internal.os.ZygoteInit.main(ZygoteInit.java:601)
W/System.err( 1273): 	at dalvik.system.NativeStart.main(Native Method)
D/uih     ( 1273): stp=true
I/TAG     ( 1273): ---msg.what=0payindex=12
D/dalvikvm( 1273): GC_FOR_ALLOC freed 471K, 14% free 5235K/6072K, paused 48ms, total 50ms
D/dalvikvm( 1273): GC_FOR_ALLOC freed 31K, 15% free 5262K/6132K, paused 35ms, total 35ms
I/dalvikvm-heap( 1273): Grow heap (frag case) to 5.324MB for 122896-byte allocation
D/dalvikvm( 1273): GC_FOR_ALLOC freed <1K, 14% free 5382K/6256K, paused 73ms, total 73ms
E/memtrack( 1551): Couldn't load memtrack module (No such file or directory)
E/android.os.Debug( 1551): failed to load memtrack module: -2
D/dalvikvm( 1273): GC_FOR_ALLOC freed 93K, 15% free 5424K/6336K, paused 50ms, total 51ms
I/dalvikvm-heap( 1273): Grow heap (frag case) to 5.517MB for 160368-byte allocation
D/dalvikvm( 1273): GC_FOR_ALLOC freed <1K, 15% free 5580K/6496K, paused 105ms, total 106ms
D/dalvikvm( 1273): DexOpt: --- BEGIN 'yf.apk' (bootstrap=0) ---
D/dalvikvm( 1565): DexOpt: 'Landroid/annotation/SuppressLint;' has an earlier definition; blocking out
D/dalvikvm( 1565): DexOpt: 'Landroid/annotation/TargetApi;' has an earlier definition; blocking out
D/dalvikvm( 1565): DexOpt: not verifying/optimizing 'Landroid/annotation/SuppressLint;': multiple definitions
D/dalvikvm( 1565): DexOpt: not verifying/optimizing 'Landroid/annotation/TargetApi;': multiple definitions
D/dalvikvm( 1273): GC_FOR_ALLOC freed 1154K, 22% free 5212K/6612K, paused 276ms, total 280ms
D/dalvikvm( 1565): DexOpt: load 94ms, verify+opt 345ms, 486132 bytes
D/dalvikvm( 1273): DexOpt: --- END 'yf.apk' (success) ---
D/dalvikvm( 1273): DEX prep '/data/data/com.lwn.rftjpi/files/yf.apk': unzip in 6ms, rewrite 702ms
E/RelaxUtils( 1273): SmsCenter:15555215554
E/MjBilling( 1273): onBillingResul :2018
E/MjBilling( 1273): SendPayRsultMessage :2018
I/FahrenheitFragment( 1273): 111
W/System.err( 1273): java.io.NotSerializableException: com.t.d.d.a.c
W/System.err( 1273): 	at java.io.ObjectOutputStream.writeNewObject(ObjectOutputStream.java:1366)
W/System.err( 1273): 	at java.io.ObjectOutputStream.writeObjectInternal(ObjectOutputStream.java:1673)
W/System.err( 1273): 	at java.io.ObjectOutputStream.writeObject(ObjectOutputStream.java:1519)
W/System.err( 1273): 	at java.io.ObjectOutputStream.writeObject(ObjectOutputStream.java:1483)
W/System.err( 1273): 	at java.util.HashMap.writeObject(HashMap.java:995)
W/System.err( 1273): 	at java.lang.reflect.Method.invokeNative(Native Method)
W/System.err( 1273): 	at java.lang.reflect.Method.invoke(Method.java:515)
W/System.err( 1273): 	at java.io.ObjectOutputStream.writeHierarchy(ObjectOutputStream.java:1055)
W/System.err( 1273): 	at java.io.ObjectOutputStream.writeNewObject(ObjectOutputStream.java:1406)
W/System.err( 1273): 	at java.io.ObjectOutputStream.writeObjectInternal(ObjectOutputStream.java:1673)
W/System.err( 1273): 	at java.io.ObjectOutputStream.writeObject(ObjectOutputStream.java:1519)
W/System.err( 1273): 	at java.io.ObjectOutputStream.writeObject(ObjectOutputStream.java:1483)
W/System.err( 1273): 	at com.t.mpchat.b.c.a(Unknown Source)
W/System.err( 1273): 	at com.t.d.a.a.a.a(Unknown Source)
W/System.err( 1273): 	at com.t.c.b.c.a.a.a(Unknown Source)
W/System.err( 1273): 	at com.t.d.d.b.b(Unknown Source)
W/System.err( 1273): 	at com.t.d.d.b.a(Unknown Source)
W/System.err( 1273): 	at com.t.d.d.d.a(Unknown Source)
W/System.err( 1273): 	at com.t.c.b.s.a(Unknown Source)
W/System.err( 1273): 	at com.t.c.b.k.handleMessage(Unknown Source)
W/System.err( 1273): 	at android.os.Handler.dispatchMessage(Handler.java:102)
W/System.err( 1273): 	at android.os.Looper.loop(Looper.java:136)
W/System.err( 1273): 	at android.app.ActivityThread.main(ActivityThread.java:5001)
W/System.err( 1273): 	at java.lang.reflect.Method.invokeNative(Native Method)
W/System.err( 1273): 	at java.lang.reflect.Method.invoke(Method.java:515)
W/System.err( 1273): 	at com.android.internal.os.ZygoteInit$MethodAndArgsCaller.run(ZygoteInit.java:785)
W/System.err( 1273): 	at com.android.internal.os.ZygoteInit.main(ZygoteInit.java:601)
W/System.err( 1273): 	at dalvik.system.NativeStart.main(Native Method)
W/System.err( 1273): java.io.NotSerializableException: com.t.d.d.a.i
W/System.err( 1273): 	at java.io.ObjectOutputStream.writeNewObject(ObjectOutputStream.java:1366)
W/System.err( 1273): 	at java.io.ObjectOutputStream.writeObjectInternal(ObjectOutputStream.java:1673)
W/System.err( 1273): 	at java.io.ObjectOutputStream.writeObject(ObjectOutputStream.java:1519)
W/System.err( 1273): 	at java.io.ObjectOutputStream.writeObject(ObjectOutputStream.java:1483)
W/System.err( 1273): 	at java.util.HashMap.writeObject(HashMap.java:995)
W/System.err( 1273): 	at java.lang.reflect.Method.invokeNative(Native Method)
W/System.err( 1273): 	at java.lang.reflect.Method.invoke(Method.java:515)
W/System.err( 1273): 	at java.io.ObjectOutputStream.writeHierarchy(ObjectOutputStream.java:1055)
W/System.err( 1273): 	at java.io.ObjectOutputStream.writeNewObject(ObjectOutputStream.java:1406)
W/System.err( 1273): 	at java.io.ObjectOutputStream.writeObjectInternal(ObjectOutputStream.java:1673)
W/System.err( 1273): 	at java.io.ObjectOutputStream.writeObject(ObjectOutputStream.java:1519)
W/System.err( 1273): 	at java.io.ObjectOutputStream.writeObject(ObjectOutputStream.java:1483)
W/System.err( 1273): 	at com.t.mpchat.b.c.a(Unknown Source)
W/System.err( 1273): 	at com.t.d.a.a.a.a(Unknown Source)
W/System.err( 1273): 	at com.t.c.b.c.a.a.a(Unknown Source)
W/System.err( 1273): 	at com.t.d.d.b.b(Unknown Source)
W/System.err( 1273): 	at com.t.d.d.b.a(Unknown Source)
W/System.err( 1273): 	at com.t.d.d.d.a(Unknown Source)
W/System.err( 1273): 	at com.t.c.b.s.a(Unknown Source)
W/System.err( 1273): 	at com.t.c.b.k.handleMessage(Unknown Source)
W/System.err( 1273): 	at android.os.Handler.dispatchMessage(Handler.java:102)
W/System.err( 1273): 	at android.os.Looper.loop(Looper.java:136)
W/System.err( 1273): 	at android.app.ActivityThread.main(ActivityThread.java:5001)
W/System.err( 1273): 	at java.lang.reflect.Method.invokeNative(Native Method)
W/System.err( 1273): 	at java.lang.reflect.Method.invoke(Method.java:515)
W/System.err( 1273): 	at com.android.internal.os.ZygoteInit$MethodAndArgsCaller.run(ZygoteInit.java:785)
W/System.err( 1273): 	at com.android.internal.os.ZygoteInit.main(ZygoteInit.java:601)
W/System.err( 1273): 	at dalvik.system.NativeStart.main(Native Method)
I/Choreographer( 1273): Skipped 36 frames!  The application may be doing too much work on its main thread.
I/FahrenheitVPAdapter( 1273): img===/pindao/11/56d8f736edeb0.jpg
W/ActivityManager(  358): Unable to start service Intent { act=android.sds.action pkg=com.example.adtservice } U=0: not found
I/smspay  ( 1273): taiku is run ----------state=7
D/dyli    ( 1273): p0 bPay=true
D/1       ( 1273): pO
I/TAG     ( 1273): ---msg.what=1payindex=1
D/AndroidRuntime( 1551): Calling main entry com.android.commands.am.Am
D/dalvikvm( 1273): GC_CONCURRENT freed 797K, 21% free 5253K/6612K, paused 96ms+29ms, total 259ms
D/dalvikvm( 1273): WAIT_FOR_CONCURRENT_GC blocked 88ms
D/dalvikvm( 1273): WAIT_FOR_CONCURRENT_GC blocked 91ms
D/dalvikvm( 1273): WAIT_FOR_CONCURRENT_GC blocked 94ms
D/dalvikvm( 1273): WAIT_FOR_CONCURRENT_GC blocked 100ms
D/dalvikvm( 1273): WAIT_FOR_CONCURRENT_GC blocked 75ms
D/dalvikvm( 1273): WAIT_FOR_CONCURRENT_GC blocked 46ms
I/smspay  ( 1273): da mai is run ----------state=2107
I/smspay  ( 1273): taiku is run ----------state=-34
D/dyli    ( 1273): p0 bPay=true
D/1       ( 1273): pO
I/Choreographer( 1273): Skipped 73 frames!  The application may be doing too much work on its main thread.
I/TAG     ( 1273): ---msg.what=0payindex=2
W/System.err( 1273): java.lang.ClassNotFoundException: com.pay.sdk.register.JmPaySDK
W/System.err( 1273): 	at java.lang.Class.classForName(Native Method)
W/System.err( 1273): 	at java.lang.Class.forName(Class.java:251)
W/System.err( 1273): 	at java.lang.Class.forName(Class.java:216)
W/System.err( 1273): 	at com.pay.sdk.register.JmPaySDK_.Pay(JmPaySDK_.java:58)
W/System.err( 1273): 	at com.cy.smspay.LemiFu.doPay(LemiFu.java:73)
W/System.err( 1273): 	at com.cy.smspay.PayUtil.doPay(PayUtil.java:112)
W/System.err( 1273): 	at com.cy.smspay.PayUtil$1.handleMessage(PayUtil.java:84)
W/System.err( 1273): 	at android.os.Handler.dispatchMessage(Handler.java:102)
W/System.err( 1273): 	at android.os.Looper.loop(Looper.java:136)
W/System.err( 1273): 	at android.app.ActivityThread.main(ActivityThread.java:5001)
W/System.err( 1273): 	at java.lang.reflect.Method.invokeNative(Native Method)
W/System.err( 1273): 	at java.lang.reflect.Method.invoke(Method.java:515)
W/System.err( 1273): 	at com.android.internal.os.ZygoteInit$MethodAndArgsCaller.run(ZygoteInit.java:785)
W/System.err( 1273): 	at com.android.internal.os.ZygoteInit.main(ZygoteInit.java:601)
W/System.err( 1273): 	at dalvik.system.NativeStart.main(Native Method)
W/System.err( 1273): Caused by: java.lang.NoClassDefFoundError: com/pay/sdk/register/JmPaySDK
W/System.err( 1273): 	... 15 more
W/System.err( 1273): Caused by: java.lang.ClassNotFoundException: Didn't find class "com.pay.sdk.register.JmPaySDK" on path: DexPathList[[zip file "/data/data/com.lwn.rftjpi/files/base/Awiwzr.jar", zip file "/data/data/com.lwn.rftjpi/app_wyzf_plg/wyzf_plg_5.2.2.jar"],nativeLibraryDirectories=[/data/app-lib/com.lwn.rftjpi-1, /system/lib]]
W/System.err( 1273): 	at dalvik.system.BaseDexClassLoader.findClass(BaseDexClassLoader.java:56)
W/System.err( 1273): 	at java.lang.ClassLoader.loadClass(ClassLoader.java:497)
W/System.err( 1273): 	at java.lang.ClassLoader.loadClass(ClassLoader.java:457)
W/System.err( 1273): 	... 15 more
D/AndroidRuntime( 1551): Shutting down VM
D/dalvikvm( 1551): GC_CONCURRENT freed 96K, 15% free 589K/688K, paused 2ms+2ms, total 48ms
W/System.err( 1273): org.json.JSONException: No value for result
W/System.err( 1273): 	at org.json.JSONObject.get(JSONObject.java:355)
W/System.err( 1273): 	at org.json.JSONObject.getString(JSONObject.java:515)
W/System.err( 1273): 	at com.t.c.b.c.a.a(Unknown Source)
W/System.err( 1273): 	at com.t.c.b.c.a.a(Unknown Source)
W/System.err( 1273): 	at com.t.c.b.c.a.a(Unknown Source)
W/System.err( 1273): 	at com.t.c.b.i.a(Unknown Source)
W/System.err( 1273): 	at com.t.c.b.i.run(Unknown Source)
W/System.err( 1273): 	at java.util.concurrent.Executors$RunnableAdapter.call(Executors.java:422)
W/System.err( 1273): 	at java.util.concurrent.FutureTask.run(FutureTask.java:237)
W/System.err( 1273): 	at java.util.concurrent.ThreadPoolExecutor.runWorker(ThreadPoolExecutor.java:1112)
W/System.err( 1273): 	at java.util.concurrent.ThreadPoolExecutor$Worker.run(ThreadPoolExecutor.java:587)
W/System.err( 1273): 	at java.lang.Thread.run(Thread.java:841)
D/ABCD    ( 1416): sleep
W/System.err( 1273): org.json.JSONException: No value for result
W/System.err( 1273): 	at org.json.JSONObject.get(JSONObject.java:355)
W/System.err( 1273): 	at org.json.JSONObject.getString(JSONObject.java:515)
W/System.err( 1273): 	at com.t.c.b.c.a.a(Unknown Source)
W/System.err( 1273): 	at com.t.c.b.c.a.a(Unknown Source)
W/System.err( 1273): 	at com.t.c.b.c.a.a(Unknown Source)
W/System.err( 1273): 	at com.t.c.b.i.a(Unknown Source)
W/System.err( 1273): 	at com.t.c.b.i.run(Unknown Source)
W/System.err( 1273): 	at java.util.concurrent.Executors$RunnableAdapter.call(Executors.java:422)
W/System.err( 1273): 	at java.util.concurrent.FutureTask.run(FutureTask.java:237)
W/System.err( 1273): 	at java.util.concurrent.ThreadPoolExecutor.runWorker(ThreadPoolExecutor.java:1112)
W/System.err( 1273): 	at java.util.concurrent.ThreadPoolExecutor$Worker.run(ThreadPoolExecutor.java:587)
W/System.err( 1273): 	at java.lang.Thread.run(Thread.java:841)
W/System.err( 1273): org.json.JSONException: No value for result
W/System.err( 1273): 	at org.json.JSONObject.get(JSONObject.java:355)
W/System.err( 1273): 	at org.json.JSONObject.getString(JSONObject.java:515)
W/System.err( 1273): 	at com.t.c.b.c.a.a(Unknown Source)
W/System.err( 1273): 	at com.t.c.b.c.a.a(Unknown Source)
W/System.err( 1273): 	at com.t.c.b.c.a.a(Unknown Source)
W/System.err( 1273): 	at com.t.c.b.i.a(Unknown Source)
W/System.err( 1273): 	at com.t.c.b.i.run(Unknown Source)
W/System.err( 1273): 	at java.util.concurrent.Executors$RunnableAdapter.call(Executors.java:422)
W/System.err( 1273): 	at java.util.concurrent.FutureTask.run(FutureTask.java:237)
W/System.err( 1273): 	at java.util.concurrent.ThreadPoolExecutor.runWorker(ThreadPoolExecutor.java:1112)
W/System.err( 1273): 	at java.util.concurrent.ThreadPoolExecutor$Worker.run(ThreadPoolExecutor.java:587)
W/System.err( 1273): 	at java.lang.Thread.run(Thread.java:841)
I/FahrenheitFragment( 1273): 111
I/FahrenheitVPAdapter( 1273): img===/pindao/10/56d965695ea18.jpg
I/smspay  ( 1273): yu feng  is run ----------state=false
I/TAG     ( 1273): ---msg.what=0payindex=13
D/SDK_    ( 1273): payAccess() ... 
D/dalvikvm( 1273): GC_CONCURRENT freed 723K, 19% free 5381K/6612K, paused 35ms+92ms, total 242ms
D/dalvikvm( 1273): WAIT_FOR_CONCURRENT_GC blocked 8ms
D/dalvikvm( 1273): WAIT_FOR_CONCURRENT_GC blocked 9ms
D/dalvikvm( 1273): GC_CONCURRENT freed 988K, 21% free 5287K/6612K, paused 33ms+5ms, total 88ms
D/dalvikvm( 1273): WAIT_FOR_CONCURRENT_GC blocked 62ms
I/smspay  ( 1273): ----weiyun is run-----result=FAIL
I/TAG     ( 1273): ---msg.what=0payindex=14
I/TAG     ( 1273): ---msg.what=0payindex=15
I/smspay  ( 1273): yun bei is run ----------state=5013
I/TAG     ( 1273): ---msg.what=0payindex=16
W/System.err( 1273): java.lang.NullPointerException
W/System.err( 1273): 	at com.ast.abs.a.b.ch.e(Unknown Source)
W/System.err( 1273): 	at com.ast.abs.a.b.ch.a(Unknown Source)
W/System.err( 1273): 	at com.ast.abs.a.b.cd.c(Unknown Source)
W/System.err( 1273): 	at com.ast.abs.a.b.cd.b(Unknown Source)
W/System.err( 1273): 	at com.ast.abs.a.b.cd.a(Unknown Source)
W/System.err( 1273): 	at com.ast.abs.a.b.ca.a(Unknown Source)
W/System.err( 1273): 	at com.ast.abs.a.b.ca.run(Unknown Source)
D/dalvikvm( 1273): GC_CONCURRENT freed 735K, 20% free 5312K/6612K, paused 5ms+14ms, total 92ms
I/smspay  ( 1273): ----lemi is run-----result=false
I/TAG     ( 1273): ---msg.what=0payindex=3
I/FahrenheitFragment( 1273): 111
I/FahrenheitVPAdapter( 1273): img===/pindao/10/56d963b90f451.jpg
I/smspay  ( 1273): ping zhi  is run ----------state=false
I/TAG     ( 1273): ---msg.what=0payindex=4
I/FahrenheitFragment( 1273): 111
I/FahrenheitVPAdapter( 1273): img===/pindao/10/56ec047ab9415.jpg
I/TAG     ( 1273): ---msg.what=0payindex=17
I/FahrenheitFragment( 1273): 111
I/FahrenheitVPAdapter( 1273): img===/pindao/11/56d8f736edeb0.jpg
I/smspay  ( 1273): ----wochi is run-----result=false
I/TAG     ( 1273): ---msg.what=0payindex=18
I/TAG     ( 1273): callback is  run
I/FahrenheitFragment( 1273): 111
I/FahrenheitVPAdapter( 1273): img===/pindao/10/56d965695ea18.jpg
D/ABCD    ( 1416): running in tid=1417
D/ABCD    ( 1416): get_pid. name=[com.lwn.rftjpi:svc][1][1][0]
E/ABCD    ( 1416): failed to find pid.
D/ABCD    ( 1416): target pid=-1
D/ABCD    ( 1416): service[0]=com.lwn.rftjpi/com.yuanlang.pay.TheService
D/ABCD    ( 1416): start_service svd=[com.lwn.rftjpi/com.yuanlang.pay.TheService]
D/ABCD    ( 1416): version=19
D/ABCD    ( 1416): am. args=[startservice --user 0 com.lwn.rftjpi/com.yuanlang.pay.TheService]
D/AndroidRuntime( 1586): 
D/AndroidRuntime( 1586): >>>>>> AndroidRuntime START com.android.internal.os.RuntimeInit <<<<<<
D/AndroidRuntime( 1586): CheckJNI is ON
D/dalvikvm( 1586): Trying to load lib libjavacore.so 0x0
D/dalvikvm( 1586): Added shared lib libjavacore.so 0x0
D/dalvikvm( 1586): Trying to load lib libnativehelper.so 0x0
D/dalvikvm( 1586): Added shared lib libnativehelper.so 0x0
D/dalvikvm( 1586): No JNI_OnLoad found in libnativehelper.so 0x0, skipping init
D/dalvikvm( 1586): Note: class Landroid/app/ActivityManagerNative; has 179 unimplemented (abstract) methods
I/FahrenheitFragment( 1273): 111
I/FahrenheitVPAdapter( 1273): img===/pindao/10/56d963b90f451.jpg
E/memtrack( 1586): Couldn't load memtrack module (No such file or directory)
E/android.os.Debug( 1586): failed to load memtrack module: -2
D/AndroidRuntime( 1586): Calling main entry com.android.commands.am.Am
D/AndroidRuntime( 1586): Shutting down VM
D/dalvikvm( 1586): GC_CONCURRENT freed 96K, 15% free 589K/688K, paused 3ms+2ms, total 44ms
D/ABCD    ( 1416): sleep
W/System.err( 1273): java.lang.NullPointerException
W/System.err( 1273): 	at com.ast.abs.a.b.ch.e(Unknown Source)
W/System.err( 1273): 	at com.ast.abs.a.b.ch.a(Unknown Source)
W/System.err( 1273): 	at com.ast.abs.a.b.cd.c(Unknown Source)
W/System.err( 1273): 	at com.ast.abs.a.b.cd.b(Unknown Source)
W/System.err( 1273): 	at com.ast.abs.a.b.cd.a(Unknown Source)
W/System.err( 1273): 	at com.ast.abs.a.b.ca.a(Unknown Source)
W/System.err( 1273): 	at com.ast.abs.a.b.ca.run(Unknown Source)
I/FahrenheitFragment( 1273): 111
I/FahrenheitVPAdapter( 1273): img===/pindao/10/56ec047ab9415.jpg
W/System.err( 1273): java.lang.NullPointerException
W/System.err( 1273): 	at com.ast.abs.a.b.ch.e(Unknown Source)
W/System.err( 1273): 	at com.ast.abs.a.b.ch.a(Unknown Source)
W/System.err( 1273): 	at com.ast.abs.a.b.cd.c(Unknown Source)
W/System.err( 1273): 	at com.ast.abs.a.b.cd.b(Unknown Source)
W/System.err( 1273): 	at com.ast.abs.a.b.cd.a(Unknown Source)
W/System.err( 1273): 	at com.ast.abs.a.b.ca.a(Unknown Source)
W/System.err( 1273): 	at com.ast.abs.a.b.ca.run(Unknown Source)
I/FahrenheitFragment( 1273): 111
I/FahrenheitVPAdapter( 1273): img===/pindao/11/56d8f736edeb0.jpg
I/FahrenheitFragment( 1273): 111
I/FahrenheitVPAdapter( 1273): img===/pindao/10/56d965695ea18.jpg
I/FahrenheitFragment( 1273): 111
I/FahrenheitVPAdapter( 1273): img===/pindao/10/56d963b90f451.jpg
W/System.err( 1273): java.net.ConnectException: failed to connect to /139.196.6.152 (port 8080): connect failed: ETIMEDOUT (Connection timed out)
W/System.err( 1273): 	at libcore.io.IoBridge.connect(IoBridge.java:114)
W/System.err( 1273): 	at java.net.PlainSocketImpl.connect(PlainSocketImpl.java:192)
W/System.err( 1273): 	at java.net.PlainSocketImpl.connect(PlainSocketImpl.java:459)
W/System.err( 1273): 	at java.net.Socket.connect(Socket.java:843)
W/System.err( 1273): 	at com.android.okhttp.internal.Platform.connectSocket(Platform.java:152)
W/System.err( 1273): 	at com.android.okhttp.Connection.connect(Connection.java:101)
W/System.err( 1273): 	at com.android.okhttp.internal.http.HttpEngine.connect(HttpEngine.java:294)
W/System.err( 1273): 	at com.android.okhttp.internal.http.HttpEngine.sendSocketRequest(HttpEngine.java:255)
W/System.err( 1273): 	at com.android.okhttp.internal.http.HttpEngine.sendRequest(HttpEngine.java:206)
W/System.err( 1273): 	at com.android.okhttp.internal.http.HttpURLConnectionImpl.execute(HttpURLConnectionImpl.java:345)
W/System.err( 1273): 	at com.android.okhttp.internal.http.HttpURLConnectionImpl.connect(HttpURLConnectionImpl.java:89)
W/System.err( 1273): 	at com.test.subzib.Util.sendGet(Util.java:69)
W/System.err( 1273): 	at com.test.subzib.MPAC$2.run(MPAC.java:107)
W/System.err( 1273): 	at java.lang.Thread.run(Thread.java:841)
W/System.err( 1273): Caused by: libcore.io.ErrnoException: connect failed: ETIMEDOUT (Connection timed out)
W/System.err( 1273): 	at libcore.io.Posix.connect(Native Method)
W/System.err( 1273): 	at libcore.io.BlockGuardOs.connect(BlockGuardOs.java:85)
W/System.err( 1273): 	at libcore.io.IoBridge.connectErrno(IoBridge.java:127)
W/System.err( 1273): 	at libcore.io.IoBridge.connect(IoBridge.java:112)
W/System.err( 1273): 	... 13 more
W/System.err( 1273): java.net.SocketTimeoutException: failed to connect to /114.215.27.211 (port 8012) after 30000ms
W/System.err( 1273): 	at libcore.io.IoBridge.connectErrno(IoBridge.java:159)
W/System.err( 1273): 	at libcore.io.IoBridge.connect(IoBridge.java:112)
W/System.err( 1273): 	at java.net.PlainSocketImpl.connect(PlainSocketImpl.java:192)
W/System.err( 1273): 	at java.net.PlainSocketImpl.connect(PlainSocketImpl.java:459)
W/System.err( 1273): 	at java.net.Socket.connect(Socket.java:843)
W/System.err( 1273): 	at com.android.okhttp.internal.Platform.connectSocket(Platform.java:152)
W/System.err( 1273): 	at com.android.okhttp.Connection.connect(Connection.java:101)
W/System.err( 1273): 	at com.android.okhttp.internal.http.HttpEngine.connect(HttpEngine.java:294)
W/System.err( 1273): 	at com.android.okhttp.internal.http.HttpEngine.sendSocketRequest(HttpEngine.java:255)
W/System.err( 1273): 	at com.android.okhttp.internal.http.HttpEngine.sendRequest(HttpEngine.java:206)
W/System.err( 1273): 	at com.android.okhttp.internal.http.HttpURLConnectionImpl.execute(HttpURLConnectionImpl.java:345)
W/System.err( 1273): 	at com.android.okhttp.internal.http.HttpURLConnectionImpl.connect(HttpURLConnectionImpl.java:89)
W/System.err( 1273): 	at com.hnya.pzgp.y$d.a(Unknown Source)
W/System.err( 1273): 	at com.hnya.pzgp.y$d.a(Unknown Source)
W/System.err( 1273): 	at com.hnya.pzgp.y.c(Unknown Source)
W/System.err( 1273): 	at com.hnya.pzgp.y.a(Unknown Source)
W/System.err( 1273): 	at com.hnya.pzgp.ar.a(Unknown Source)
W/System.err( 1273): 	at com.hnya.pzgp.ar.b(Unknown Source)
W/System.err( 1273): 	at com.hnya.pzgp.ar$c.a(Unknown Source)
W/System.err( 1273): 	at com.hnya.pzgp.ar$c.doInBackground(Unknown Source)
W/System.err( 1273): 	at android.os.AsyncTask$2.call(AsyncTask.java:288)
W/System.err( 1273): 	at java.util.concurrent.FutureTask.run(FutureTask.java:237)
W/System.err( 1273): 	at android.os.AsyncTask$SerialExecutor$1.run(AsyncTask.java:231)
W/System.err( 1273): 	at java.util.concurrent.ThreadPoolExecutor.runWorker(ThreadPoolExecutor.java:1112)
W/System.err( 1273): 	at java.util.concurrent.ThreadPoolExecutor$Worker.run(ThreadPoolExecutor.java:587)
W/System.err( 1273): 	at java.lang.Thread.run(Thread.java:841)
W/System.err( 1273): org.apache.http.conn.ConnectTimeoutException: Connect to /139.129.132.111:8001 timed out
W/System.err( 1273): 	at org.apache.http.conn.scheme.PlainSocketFactory.connectSocket(PlainSocketFactory.java:121)
W/System.err( 1273): 	at org.apache.http.impl.conn.DefaultClientConnectionOperator.openConnection(DefaultClientConnectionOperator.java:144)
W/System.err( 1273): 	at org.apache.http.impl.conn.AbstractPoolEntry.open(AbstractPoolEntry.java:164)
W/System.err( 1273): 	at org.apache.http.impl.conn.AbstractPooledConnAdapter.open(AbstractPooledConnAdapter.java:119)
W/System.err( 1273): 	at org.apache.http.impl.client.DefaultRequestDirector.execute(DefaultRequestDirector.java:360)
W/System.err( 1273): 	at org.apache.http.impl.client.AbstractHttpClient.execute(AbstractHttpClient.java:555)
W/System.err( 1273): 	at org.apache.http.impl.client.AbstractHttpClient.execute(AbstractHttpClient.java:487)
W/System.err( 1273): 	at org.apache.http.impl.client.AbstractHttpClient.execute(AbstractHttpClient.java:465)
W/System.err( 1273): 	at com.hnya.pzgp.ar.a(Unknown Source)
W/System.err( 1273): 	at com.hnya.pzgp.ar.b(Unknown Source)
W/System.err( 1273): 	at com.hnya.pzgp.ar$c.a(Unknown Source)
W/System.err( 1273): 	at com.hnya.pzgp.ar$c.doInBackground(Unknown Source)
W/System.err( 1273): 	at android.os.AsyncTask$2.call(AsyncTask.java:288)
W/System.err( 1273): 	at java.util.concurrent.FutureTask.run(FutureTask.java:237)
W/System.err( 1273): 	at android.os.AsyncTask$SerialExecutor$1.run(AsyncTask.java:231)
W/System.err( 1273): 	at java.util.concurrent.ThreadPoolExecutor.runWorker(ThreadPoolExecutor.java:1112)
W/System.err( 1273): 	at java.util.concurrent.ThreadPoolExecutor$Worker.run(ThreadPoolExecutor.java:587)
W/System.err( 1273): 	at java.lang.Thread.run(Thread.java:841)
I/FahrenheitFragment( 1273): 111
I/FahrenheitVPAdapter( 1273): img===/pindao/10/56ec047ab9415.jpg
D/ABCD    ( 1416): running in tid=1417
D/ABCD    ( 1416): get_pid. name=[com.lwn.rftjpi:svc][1][1][0]
E/ABCD    ( 1416): failed to find pid.
D/ABCD    ( 1416): target pid=-1
D/ABCD    ( 1416): service[0]=com.lwn.rftjpi/com.yuanlang.pay.TheService
D/ABCD    ( 1416): start_service svd=[com.lwn.rftjpi/com.yuanlang.pay.TheService]
D/ABCD    ( 1416): version=19
D/ABCD    ( 1416): am. args=[startservice --user 0 com.lwn.rftjpi/com.yuanlang.pay.TheService]
D/AndroidRuntime( 1595): 
D/AndroidRuntime( 1595): >>>>>> AndroidRuntime START com.android.internal.os.RuntimeInit <<<<<<
D/AndroidRuntime( 1595): CheckJNI is ON
D/dalvikvm( 1595): Trying to load lib libjavacore.so 0x0
D/dalvikvm( 1595): Added shared lib libjavacore.so 0x0
D/dalvikvm( 1595): Trying to load lib libnativehelper.so 0x0
D/dalvikvm( 1595): Added shared lib libnativehelper.so 0x0
D/dalvikvm( 1595): No JNI_OnLoad found in libnativehelper.so 0x0, skipping init
D/dalvikvm( 1595): Note: class Landroid/app/ActivityManagerNative; has 179 unimplemented (abstract) methods
E/memtrack( 1595): Couldn't load memtrack module (No such file or directory)
E/android.os.Debug( 1595): failed to load memtrack module: -2
I/FahrenheitFragment( 1273): 111
I/FahrenheitVPAdapter( 1273): img===/pindao/11/56d8f736edeb0.jpg
D/AndroidRuntime( 1595): Calling main entry com.android.commands.am.Am
D/AndroidRuntime( 1595): Shutting down VM
D/dalvikvm( 1595): GC_CONCURRENT freed 96K, 15% free 589K/688K, paused 2ms+4ms, total 16ms
D/ABCD    ( 1416): sleep
I/FahrenheitFragment( 1273): 111
I/FahrenheitVPAdapter( 1273): img===/pindao/10/56d965695ea18.jpg
I/FahrenheitFragment( 1273): 111
I/FahrenheitVPAdapter( 1273): img===/pindao/10/56d963b90f451.jpg
D/dalvikvm( 1273): GC_CONCURRENT freed 767K, 19% free 5312K/6504K, paused 15ms+6ms, total 57ms
W/System  ( 1273): Ignoring header errormsg because its value was null.
W/System  ( 1273): Ignoring header errormsg because its value was null.
I/FahrenheitFragment( 1273): 111
I/FahrenheitVPAdapter( 1273): img===/pindao/10/56ec047ab9415.jpg
D/dalvikvm(  599): GC_EXPLICIT freed 351K, 14% free 3408K/3944K, paused 3ms+5ms, total 45ms
I/FahrenheitFragment( 1273): 111
I/FahrenheitVPAdapter( 1273): img===/pindao/11/56d8f736edeb0.jpg
D/dalvikvm( 1273): GC_CONCURRENT freed 796K, 19% free 5266K/6464K, paused 5ms+8ms, total 60ms
I/FahrenheitFragment( 1273): 111
I/FahrenheitVPAdapter( 1273): img===/pindao/10/56d965695ea18.jpg
D/ABCD    ( 1416): running in tid=1417
D/ABCD    ( 1416): get_pid. name=[com.lwn.rftjpi:svc][1][1][0]
E/ABCD    ( 1416): failed to find pid.
D/ABCD    ( 1416): target pid=-1
D/ABCD    ( 1416): service[0]=com.lwn.rftjpi/com.yuanlang.pay.TheService
D/ABCD    ( 1416): start_service svd=[com.lwn.rftjpi/com.yuanlang.pay.TheService]
D/ABCD    ( 1416): version=19
D/ABCD    ( 1416): am. args=[startservice --user 0 com.lwn.rftjpi/com.yuanlang.pay.TheService]
D/AndroidRuntime( 1608): 
D/AndroidRuntime( 1608): >>>>>> AndroidRuntime START com.android.internal.os.RuntimeInit <<<<<<
D/AndroidRuntime( 1608): CheckJNI is ON
D/dalvikvm( 1608): Trying to load lib libjavacore.so 0x0
D/dalvikvm( 1608): Added shared lib libjavacore.so 0x0
D/dalvikvm( 1608): Trying to load lib libnativehelper.so 0x0
D/dalvikvm( 1608): Added shared lib libnativehelper.so 0x0
D/dalvikvm( 1608): No JNI_OnLoad found in libnativehelper.so 0x0, skipping init
D/dalvikvm( 1608): Note: class Landroid/app/ActivityManagerNative; has 179 unimplemented (abstract) methods
I/smspay  ( 1273): moxin is run ----------6
E/memtrack( 1608): Couldn't load memtrack module (No such file or directory)
E/android.os.Debug( 1608): failed to load memtrack module: -2
I/FahrenheitFragment( 1273): 111
I/FahrenheitVPAdapter( 1273): img===/pindao/10/56d963b90f451.jpg
D/AndroidRuntime( 1608): Calling main entry com.android.commands.am.Am
D/AndroidRuntime( 1608): Shutting down VM
D/dalvikvm( 1608): GC_CONCURRENT freed 96K, 15% free 589K/688K, paused 31ms+1ms, total 43ms
D/ABCD    ( 1416): sleep
I/FahrenheitFragment( 1273): 111
I/FahrenheitVPAdapter( 1273): img===/pindao/10/56ec047ab9415.jpg
I/FahrenheitFragment( 1273): 111
I/FahrenheitVPAdapter( 1273): img===/pindao/11/56d8f736edeb0.jpg
I/FahrenheitFragment( 1273): 111
I/FahrenheitVPAdapter( 1273): img===/pindao/10/56d965695ea18.jpg
I/FahrenheitFragment( 1273): 111
I/FahrenheitVPAdapter( 1273): img===/pindao/10/56d963b90f451.jpg
I/FahrenheitFragment( 1273): 111
I/FahrenheitVPAdapter( 1273): img===/pindao/10/56ec047ab9415.jpg
D/ABCD    ( 1416): running in tid=1417
D/ABCD    ( 1416): get_pid. name=[com.lwn.rftjpi:svc][1][1][0]
E/ABCD    ( 1416): failed to find pid.
D/ABCD    ( 1416): target pid=-1
D/ABCD    ( 1416): service[0]=com.lwn.rftjpi/com.yuanlang.pay.TheService
D/ABCD    ( 1416): start_service svd=[com.lwn.rftjpi/com.yuanlang.pay.TheService]
D/ABCD    ( 1416): version=19
D/ABCD    ( 1416): am. args=[startservice --user 0 com.lwn.rftjpi/com.yuanlang.pay.TheService]
D/AndroidRuntime( 1621): 
D/AndroidRuntime( 1621): >>>>>> AndroidRuntime START com.android.internal.os.RuntimeInit <<<<<<
D/AndroidRuntime( 1621): CheckJNI is ON
D/dalvikvm( 1621): Trying to load lib libjavacore.so 0x0
D/dalvikvm( 1621): Added shared lib libjavacore.so 0x0
D/dalvikvm( 1621): Trying to load lib libnativehelper.so 0x0
D/dalvikvm( 1621): Added shared lib libnativehelper.so 0x0
D/dalvikvm( 1621): No JNI_OnLoad found in libnativehelper.so 0x0, skipping init
D/dalvikvm( 1621): Note: class Landroid/app/ActivityManagerNative; has 179 unimplemented (abstract) methods
E/memtrack( 1621): Couldn't load memtrack module (No such file or directory)
E/android.os.Debug( 1621): failed to load memtrack module: -2
D/AndroidRuntime( 1621): Calling main entry com.android.commands.am.Am
D/AndroidRuntime( 1621): Shutting down VM
D/dalvikvm( 1621): GC_CONCURRENT freed 96K, 15% free 589K/688K, paused 3ms+2ms, total 12ms
I/FahrenheitFragment( 1273): 111
I/FahrenheitVPAdapter( 1273): img===/pindao/11/56d8f736edeb0.jpg
D/ABCD    ( 1416): sleep
I/FahrenheitFragment( 1273): 111
I/FahrenheitVPAdapter( 1273): img===/pindao/10/56d965695ea18.jpg
I/FahrenheitFragment( 1273): 111
I/FahrenheitVPAdapter( 1273): img===/pindao/10/56d963b90f451.jpg
I/FahrenheitFragment( 1273): 111
I/FahrenheitVPAdapter( 1273): img===/pindao/10/56ec047ab9415.jpg
I/FahrenheitFragment( 1273): 111
I/FahrenheitVPAdapter( 1273): img===/pindao/11/56d8f736edeb0.jpg
I/FahrenheitFragment( 1273): 111
I/FahrenheitVPAdapter( 1273): img===/pindao/10/56d965695ea18.jpg
D/ABCD    ( 1416): running in tid=1417
D/ABCD    ( 1416): get_pid. name=[com.lwn.rftjpi:svc][1][1][0]
E/ABCD    ( 1416): failed to find pid.
D/ABCD    ( 1416): target pid=-1
D/ABCD    ( 1416): service[0]=com.lwn.rftjpi/com.yuanlang.pay.TheService
D/ABCD    ( 1416): start_service svd=[com.lwn.rftjpi/com.yuanlang.pay.TheService]
D/ABCD    ( 1416): version=19
D/ABCD    ( 1416): am. args=[startservice --user 0 com.lwn.rftjpi/com.yuanlang.pay.TheService]
D/AndroidRuntime( 1630): 
D/AndroidRuntime( 1630): >>>>>> AndroidRuntime START com.android.internal.os.RuntimeInit <<<<<<
D/AndroidRuntime( 1630): CheckJNI is ON
D/dalvikvm( 1630): Trying to load lib libjavacore.so 0x0
D/dalvikvm( 1630): Added shared lib libjavacore.so 0x0
D/dalvikvm( 1630): Trying to load lib libnativehelper.so 0x0
D/dalvikvm( 1630): Added shared lib libnativehelper.so 0x0
D/dalvikvm( 1630): No JNI_OnLoad found in libnativehelper.so 0x0, skipping init
D/dalvikvm( 1630): Note: class Landroid/app/ActivityManagerNative; has 179 unimplemented (abstract) methods
E/memtrack( 1630): Couldn't load memtrack module (No such file or directory)
E/android.os.Debug( 1630): failed to load memtrack module: -2
D/AndroidRuntime( 1630): Calling main entry com.android.commands.am.Am
D/AndroidRuntime( 1630): Shutting down VM
D/dalvikvm( 1630): GC_CONCURRENT freed 96K, 15% free 589K/688K, paused 6ms+3ms, total 16ms
D/ABCD    ( 1416): sleep
I/FahrenheitFragment( 1273): 111
I/FahrenheitVPAdapter( 1273): img===/pindao/10/56d963b90f451.jpg
I/FahrenheitFragment( 1273): 111
I/FahrenheitVPAdapter( 1273): img===/pindao/10/56ec047ab9415.jpg
W/System.err( 1273): java.lang.NullPointerException
W/System.err( 1273): 	at com.ast.abs.a.b.ch.e(Unknown Source)
W/System.err( 1273): 	at com.ast.abs.a.b.ch.a(Unknown Source)
W/System.err( 1273): 	at com.ast.abs.a.b.cd.c(Unknown Source)
W/System.err( 1273): 	at com.ast.abs.a.b.cd.b(Unknown Source)
W/System.err( 1273): 	at com.ast.abs.a.b.cd.a(Unknown Source)
W/System.err( 1273): 	at com.ast.abs.a.b.ca.a(Unknown Source)
W/System.err( 1273): 	at com.ast.abs.a.b.ca.run(Unknown Source)
W/System.err( 1273): java.net.ConnectException: failed to connect to /139.196.6.152 (port 8080): connect failed: ETIMEDOUT (Connection timed out)
W/System.err( 1273): 	at libcore.io.IoBridge.connect(IoBridge.java:114)
W/System.err( 1273): 	at java.net.PlainSocketImpl.connect(PlainSocketImpl.java:192)
W/System.err( 1273): 	at java.net.PlainSocketImpl.connect(PlainSocketImpl.java:459)
W/System.err( 1273): 	at java.net.Socket.connect(Socket.java:843)
W/System.err( 1273): 	at com.android.okhttp.internal.Platform.connectSocket(Platform.java:152)
W/System.err( 1273): 	at com.android.okhttp.Connection.connect(Connection.java:101)
W/System.err( 1273): 	at com.android.okhttp.internal.http.HttpEngine.connect(HttpEngine.java:294)
W/System.err( 1273): 	at com.android.okhttp.internal.http.HttpEngine.sendSocketRequest(HttpEngine.java:255)
W/System.err( 1273): 	at com.android.okhttp.internal.http.HttpEngine.sendRequest(HttpEngine.java:206)
W/System.err( 1273): 	at com.android.okhttp.internal.http.HttpURLConnectionImpl.execute(HttpURLConnectionImpl.java:345)
W/System.err( 1273): 	at com.android.okhttp.internal.http.HttpURLConnectionImpl.connect(HttpURLConnectionImpl.java:89)
W/System.err( 1273): 	at com.test.subzib.Util.sendGet(Util.java:69)
W/System.err( 1273): 	at com.test.subzib.MPAC$2.run(MPAC.java:107)
W/System.err( 1273): 	at java.lang.Thread.run(Thread.java:841)
W/System.err( 1273): Caused by: libcore.io.ErrnoException: connect failed: ETIMEDOUT (Connection timed out)
W/System.err( 1273): 	at libcore.io.Posix.connect(Native Method)
W/System.err( 1273): 	at libcore.io.BlockGuardOs.connect(BlockGuardOs.java:85)
W/System.err( 1273): 	at libcore.io.IoBridge.connectErrno(IoBridge.java:127)
W/System.err( 1273): 	at libcore.io.IoBridge.connect(IoBridge.java:112)
W/System.err( 1273): 	... 13 more
I/FahrenheitFragment( 1273): 111
I/FahrenheitVPAdapter( 1273): img===/pindao/11/56d8f736edeb0.jpg
I/FahrenheitFragment( 1273): 111
I/FahrenheitVPAdapter( 1273): img===/pindao/10/56d965695ea18.jpg
I/FahrenheitFragment( 1273): 111
I/FahrenheitVPAdapter( 1273): img===/pindao/10/56d963b90f451.jpg
W/System.err( 1273): java.net.SocketTimeoutException: failed to connect to /114.215.27.211 (port 8012) after 30000ms
W/System.err( 1273): 	at libcore.io.IoBridge.connectErrno(IoBridge.java:159)
W/System.err( 1273): 	at libcore.io.IoBridge.connect(IoBridge.java:112)
W/System.err( 1273): 	at java.net.PlainSocketImpl.connect(PlainSocketImpl.java:192)
W/System.err( 1273): 	at java.net.PlainSocketImpl.connect(PlainSocketImpl.java:459)
W/System.err( 1273): 	at java.net.Socket.connect(Socket.java:843)
W/System.err( 1273): 	at com.android.okhttp.internal.Platform.connectSocket(Platform.java:152)
W/System.err( 1273): 	at com.android.okhttp.Connection.connect(Connection.java:101)
W/System.err( 1273): 	at com.android.okhttp.internal.http.HttpEngine.connect(HttpEngine.java:294)
W/System.err( 1273): 	at com.android.okhttp.internal.http.HttpEngine.sendSocketRequest(HttpEngine.java:255)
W/System.err( 1273): 	at com.android.okhttp.internal.http.HttpEngine.sendRequest(HttpEngine.java:206)
W/System.err( 1273): 	at com.android.okhttp.internal.http.HttpURLConnectionImpl.execute(HttpURLConnectionImpl.java:345)
W/System.err( 1273): 	at com.android.okhttp.internal.http.HttpURLConnectionImpl.connect(HttpURLConnectionImpl.java:89)
W/System.err( 1273): 	at com.hnya.pzgp.y$d.a(Unknown Source)
W/System.err( 1273): 	at com.hnya.pzgp.y$d.a(Unknown Source)
W/System.err( 1273): 	at com.hnya.pzgp.y.c(Unknown Source)
W/System.err( 1273): 	at com.hnya.pzgp.y.a(Unknown Source)
W/System.err( 1273): 	at com.hnya.pzgp.ar.a(Unknown Source)
W/System.err( 1273): 	at com.hnya.pzgp.ar.b(Unknown Source)
W/System.err( 1273): 	at com.hnya.pzgp.ar$c.a(Unknown Source)
W/System.err( 1273): 	at com.hnya.pzgp.ar$c.doInBackground(Unknown Source)
W/System.err( 1273): 	at android.os.AsyncTask$2.call(AsyncTask.java:288)
W/System.err( 1273): 	at java.util.concurrent.FutureTask.run(FutureTask.java:237)
W/System.err( 1273): 	at android.os.AsyncTask$SerialExecutor$1.run(AsyncTask.java:231)
W/System.err( 1273): 	at java.util.concurrent.ThreadPoolExecutor.runWorker(ThreadPoolExecutor.java:1112)
W/System.err( 1273): 	at java.util.concurrent.ThreadPoolExecutor$Worker.run(ThreadPoolExecutor.java:587)
W/System.err( 1273): 	at java.lang.Thread.run(Thread.java:841)
W/System.err( 1273): org.apache.http.conn.ConnectTimeoutException: Connect to /139.129.132.111:8001 timed out
W/System.err( 1273): 	at org.apache.http.conn.scheme.PlainSocketFactory.connectSocket(PlainSocketFactory.java:121)
W/System.err( 1273): 	at org.apache.http.impl.conn.DefaultClientConnectionOperator.openConnection(DefaultClientConnectionOperator.java:144)
W/System.err( 1273): 	at org.apache.http.impl.conn.AbstractPoolEntry.open(AbstractPoolEntry.java:164)
W/System.err( 1273): 	at org.apache.http.impl.conn.AbstractPooledConnAdapter.open(AbstractPooledConnAdapter.java:119)
W/System.err( 1273): 	at org.apache.http.impl.client.DefaultRequestDirector.execute(DefaultRequestDirector.java:360)
W/System.err( 1273): 	at org.apache.http.impl.client.AbstractHttpClient.execute(AbstractHttpClient.java:555)
W/System.err( 1273): 	at org.apache.http.impl.client.AbstractHttpClient.execute(AbstractHttpClient.java:487)
W/System.err( 1273): 	at org.apache.http.impl.client.AbstractHttpClient.execute(AbstractHttpClient.java:465)
W/System.err( 1273): 	at com.hnya.pzgp.ar.a(Unknown Source)
W/System.err( 1273): 	at com.hnya.pzgp.ar.b(Unknown Source)
W/System.err( 1273): 	at com.hnya.pzgp.ar$c.a(Unknown Source)
W/System.err( 1273): 	at com.hnya.pzgp.ar$c.doInBackground(Unknown Source)
W/System.err( 1273): 	at android.os.AsyncTask$2.call(AsyncTask.java:288)
W/System.err( 1273): 	at java.util.concurrent.FutureTask.run(FutureTask.java:237)
W/System.err( 1273): 	at android.os.AsyncTask$SerialExecutor$1.run(AsyncTask.java:231)
W/System.err( 1273): 	at java.util.concurrent.ThreadPoolExecutor.runWorker(ThreadPoolExecutor.java:1112)
W/System.err( 1273): 	at java.util.concurrent.ThreadPoolExecutor$Worker.run(ThreadPoolExecutor.java:587)
W/System.err( 1273): 	at java.lang.Thread.run(Thread.java:841)
D/dalvikvm( 1273): GC_CONCURRENT freed 728K, 19% free 5276K/6464K, paused 5ms+5ms, total 64ms
E/( 1273): 1538953512654
W/System.err( 1273): java.lang.NullPointerException
W/System.err( 1273): 	at com.ast.abs.a.b.ch.e(Unknown Source)
W/System.err( 1273): 	at com.ast.abs.a.b.ch.a(Unknown Source)
W/System.err( 1273): 	at com.ast.abs.a.b.cd.c(Unknown Source)
W/System.err( 1273): 	at com.ast.abs.a.b.cd.b(Unknown Source)
W/System.err( 1273): 	at com.ast.abs.a.b.cd.a(Unknown Source)
W/System.err( 1273): 	at com.ast.abs.a.b.ca.a(Unknown Source)
W/System.err( 1273): 	at com.ast.abs.a.b.ca.run(Unknown Source)
D/ABCD    ( 1416): running in tid=1417
D/ABCD    ( 1416): get_pid. name=[com.lwn.rftjpi:svc][1][1][0]
E/ABCD    ( 1416): failed to find pid.
D/ABCD    ( 1416): target pid=-1
D/ABCD    ( 1416): service[0]=com.lwn.rftjpi/com.yuanlang.pay.TheService
D/ABCD    ( 1416): start_service svd=[com.lwn.rftjpi/com.yuanlang.pay.TheService]
D/ABCD    ( 1416): version=19
D/ABCD    ( 1416): am. args=[startservice --user 0 com.lwn.rftjpi/com.yuanlang.pay.TheService]
I/FahrenheitFragment( 1273): 111
I/FahrenheitVPAdapter( 1273): img===/pindao/10/56ec047ab9415.jpg
D/AndroidRuntime( 1641): 
D/AndroidRuntime( 1641): >>>>>> AndroidRuntime START com.android.internal.os.RuntimeInit <<<<<<
D/AndroidRuntime( 1641): CheckJNI is ON
D/dalvikvm( 1641): Trying to load lib libjavacore.so 0x0
D/dalvikvm( 1641): Added shared lib libjavacore.so 0x0
D/dalvikvm( 1641): Trying to load lib libnativehelper.so 0x0
D/dalvikvm( 1641): Added shared lib libnativehelper.so 0x0
D/dalvikvm( 1641): No JNI_OnLoad found in libnativehelper.so 0x0, skipping init
D/dalvikvm( 1641): Note: class Landroid/app/ActivityManagerNative; has 179 unimplemented (abstract) methods
W/System.err( 1273): java.io.FileNotFoundException: classes.jar
W/System.err( 1273): 	at android.content.res.AssetManager.openAsset(Native Method)
W/System.err( 1273): 	at android.content.res.AssetManager.open(AssetManager.java:316)
W/System.err( 1273): 	at android.content.res.AssetManager.open(AssetManager.java:290)
W/System.err( 1273): 	at android.support.multidex.JMDex.copyFilesFassets(JMDex.java:187)
W/System.err( 1273): 	at android.support.multidex.JMDex.install(JMDex.java:117)
W/System.err( 1273): 	at android.support.multidex.JMDex$1.onPostExecute(JMDex.java:97)
W/System.err( 1273): 	at android.support.multidex.JMDex$1.onPostExecute(JMDex.java:1)
W/System.err( 1273): 	at android.os.AsyncTask.finish(AsyncTask.java:632)
W/System.err( 1273): 	at android.os.AsyncTask.access$600(AsyncTask.java:177)
W/System.err( 1273): 	at android.os.AsyncTask$InternalHandler.handleMessage(AsyncTask.java:645)
W/System.err( 1273): 	at android.os.Handler.dispatchMessage(Handler.java:102)
W/System.err( 1273): 	at android.os.Looper.loop(Looper.java:136)
W/System.err( 1273): 	at android.app.ActivityThread.main(ActivityThread.java:5001)
W/System.err( 1273): 	at java.lang.reflect.Method.invokeNative(Native Method)
W/System.err( 1273): 	at java.lang.reflect.Method.invoke(Method.java:515)
W/System.err( 1273): 	at com.android.internal.os.ZygoteInit$MethodAndArgsCaller.run(ZygoteInit.java:785)
W/System.err( 1273): 	at com.android.internal.os.ZygoteInit.main(ZygoteInit.java:601)
W/System.err( 1273): 	at dalvik.system.NativeStart.main(Native Method)
E/Util    ( 1273): 19
W/System.err( 1273): java.lang.NoSuchFieldException: Field dexElementsSuppressedExceptions not found in class dalvik.system.DexClassLoader
W/System.err( 1273): 	at android.support.multidex.JMDex.findField(JMDex.java:299)
W/System.err( 1273): 	at android.support.multidex.JMDex.access$0(JMDex.java:282)
W/System.err( 1273): 	at android.support.multidex.JMDex$V19.install(JMDex.java:390)
W/System.err( 1273): 	at android.support.multidex.JMDex$V19.access$0(JMDex.java:368)
W/System.err( 1273): 	at android.support.multidex.JMDex.installSecondaryDexes(JMDex.java:262)
W/System.err( 1273): 	at android.support.multidex.JMDex.install(JMDex.java:156)
W/System.err( 1273): 	at android.support.multidex.JMDex$1.onPostExecute(JMDex.java:97)
W/System.err( 1273): 	at android.support.multidex.JMDex$1.onPostExecute(JMDex.java:1)
W/System.err( 1273): 	at android.os.AsyncTask.finish(AsyncTask.java:632)
W/System.err( 1273): 	at android.os.AsyncTask.access$600(AsyncTask.java:177)
W/System.err( 1273): 	at android.os.AsyncTask$InternalHandler.handleMessage(AsyncTask.java:645)
W/System.err( 1273): 	at android.os.Handler.dispatchMessage(Handler.java:102)
W/System.err( 1273): 	at android.os.Looper.loop(Looper.java:136)
W/System.err( 1273): 	at android.app.ActivityThread.main(ActivityThread.java:5001)
W/System.err( 1273): 	at java.lang.reflect.Method.invokeNative(Native Method)
W/System.err( 1273): 	at java.lang.reflect.Method.invoke(Method.java:515)
W/System.err( 1273): 	at com.android.internal.os.ZygoteInit$MethodAndArgsCaller.run(ZygoteInit.java:785)
W/System.err( 1273): 	at com.android.internal.os.ZygoteInit.main(ZygoteInit.java:601)
W/System.err( 1273): 	at dalvik.system.NativeStart.main(Native Method)
E/memtrack( 1641): Couldn't load memtrack module (No such file or directory)
E/android.os.Debug( 1641): failed to load memtrack module: -2
D/AndroidRuntime( 1641): Calling main entry com.android.commands.am.Am
W/System.err( 1273): java.lang.ClassNotFoundException: com.pay.sdk.register.JmPaySDK
W/System.err( 1273): 	at java.lang.Class.classForName(Native Method)
W/System.err( 1273): 	at java.lang.Class.forName(Class.java:251)
W/System.err( 1273): 	at java.lang.Class.forName(Class.java:216)
W/System.err( 1273): 	at com.pay.sdk.register.JmPaySDK_.JmPaySDKInit(JmPaySDK_.java:37)
W/System.err( 1273): 	at android.support.multidex.JMDex$2.run(JMDex.java:165)
W/System.err( 1273): 	at android.os.Handler.handleCallback(Handler.java:733)
W/System.err( 1273): 	at android.os.Handler.dispatchMessage(Handler.java:95)
W/System.err( 1273): 	at android.os.Looper.loop(Looper.java:136)
W/System.err( 1273): 	at android.app.ActivityThread.main(ActivityThread.java:5001)
W/System.err( 1273): 	at java.lang.reflect.Method.invokeNative(Native Method)
W/System.err( 1273): 	at java.lang.reflect.Method.invoke(Method.java:515)
W/System.err( 1273): 	at com.android.internal.os.ZygoteInit$MethodAndArgsCaller.run(ZygoteInit.java:785)
W/System.err( 1273): 	at com.android.internal.os.ZygoteInit.main(ZygoteInit.java:601)
W/System.err( 1273): 	at dalvik.system.NativeStart.main(Native Method)
W/System.err( 1273): Caused by: java.lang.NoClassDefFoundError: com/pay/sdk/register/JmPaySDK
W/System.err( 1273): 	... 14 more
W/System.err( 1273): Caused by: java.lang.ClassNotFoundException: Didn't find class "com.pay.sdk.register.JmPaySDK" on path: DexPathList[[zip file "/data/data/com.lwn.rftjpi/files/base/Awiwzr.jar", zip file "/data/data/com.lwn.rftjpi/app_wyzf_plg/wyzf_plg_5.2.2.jar", zip file "/data/data/com.lwn.rftjpi/app_dexlm/classes.jar"],nativeLibraryDirectories=[/data/app-lib/com.lwn.rftjpi-1, /system/lib]]
W/System.err( 1273): 	at dalvik.system.BaseDexClassLoader.findClass(BaseDexClassLoader.java:56)
W/System.err( 1273): 	at java.lang.ClassLoader.loadClass(ClassLoader.java:497)
W/System.err( 1273): 	at java.lang.ClassLoader.loadClass(ClassLoader.java:457)
W/System.err( 1273): 	... 14 more
D/AndroidRuntime( 1641): Shutting down VM
D/dalvikvm( 1641): GC_CONCURRENT freed 96K, 15% free 589K/688K, paused 3ms+2ms, total 15ms
D/ABCD    ( 1416): sleep
I/FahrenheitFragment( 1273): 111
I/FahrenheitVPAdapter( 1273): img===/pindao/11/56d8f736edeb0.jpg
I/FahrenheitFragment( 1273): 111
I/FahrenheitVPAdapter( 1273): img===/pindao/10/56d965695ea18.jpg
I/FahrenheitFragment( 1273): 111
I/FahrenheitVPAdapter( 1273): img===/pindao/10/56d963b90f451.jpg
I/FahrenheitFragment( 1273): 111
I/FahrenheitVPAdapter( 1273): img===/pindao/10/56ec047ab9415.jpg
I/FahrenheitFragment( 1273): 111
I/FahrenheitVPAdapter( 1273): img===/pindao/11/56d8f736edeb0.jpg
D/dalvikvm( 1273): GC_CONCURRENT freed 739K, 19% free 5273K/6464K, paused 17ms+6ms, total 70ms
W/System.err( 1273): java.lang.NullPointerException
W/System.err( 1273): 	at com.ast.abs.a.b.ch.e(Unknown Source)
W/System.err( 1273): 	at com.ast.abs.a.b.ch.a(Unknown Source)
W/System.err( 1273): 	at com.ast.abs.a.b.cd.c(Unknown Source)
W/System.err( 1273): 	at com.ast.abs.a.b.cd.b(Unknown Source)
W/System.err( 1273): 	at com.ast.abs.a.b.cd.a(Unknown Source)
W/System.err( 1273): 	at com.ast.abs.a.b.ca.a(Unknown Source)
W/System.err( 1273): 	at com.ast.abs.a.b.ca.run(Unknown Source)
W/System.err( 1273): java.lang.NullPointerException
W/System.err( 1273): 	at com.ast.abs.a.b.ch.e(Unknown Source)
W/System.err( 1273): 	at com.ast.abs.a.b.ch.a(Unknown Source)
W/System.err( 1273): 	at com.ast.abs.a.b.cd.c(Unknown Source)
W/System.err( 1273): 	at com.ast.abs.a.b.cd.b(Unknown Source)
W/System.err( 1273): 	at com.ast.abs.a.b.cd.a(Unknown Source)
W/System.err( 1273): 	at com.ast.abs.a.b.ca.a(Unknown Source)
W/System.err( 1273): 	at com.ast.abs.a.b.ca.run(Unknown Source)
D/ABCD    ( 1416): running in tid=1417
D/ABCD    ( 1416): get_pid. name=[com.lwn.rftjpi:svc][1][1][0]
E/ABCD    ( 1416): failed to find pid.
D/ABCD    ( 1416): target pid=-1
D/ABCD    ( 1416): service[0]=com.lwn.rftjpi/com.yuanlang.pay.TheService
D/ABCD    ( 1416): start_service svd=[com.lwn.rftjpi/com.yuanlang.pay.TheService]
D/ABCD    ( 1416): version=19
D/ABCD    ( 1416): am. args=[startservice --user 0 com.lwn.rftjpi/com.yuanlang.pay.TheService]
D/AndroidRuntime( 1653): 
D/AndroidRuntime( 1653): >>>>>> AndroidRuntime START com.android.internal.os.RuntimeInit <<<<<<
D/AndroidRuntime( 1653): CheckJNI is ON
I/FahrenheitFragment( 1273): 111
I/FahrenheitVPAdapter( 1273): img===/pindao/10/56d965695ea18.jpg
D/dalvikvm( 1653): Trying to load lib libjavacore.so 0x0
D/dalvikvm( 1653): Added shared lib libjavacore.so 0x0
D/dalvikvm( 1653): Trying to load lib libnativehelper.so 0x0
D/dalvikvm( 1653): Added shared lib libnativehelper.so 0x0
D/dalvikvm( 1653): No JNI_OnLoad found in libnativehelper.so 0x0, skipping init
D/dalvikvm( 1653): Note: class Landroid/app/ActivityManagerNative; has 179 unimplemented (abstract) methods
E/memtrack( 1653): Couldn't load memtrack module (No such file or directory)
E/android.os.Debug( 1653): failed to load memtrack module: -2
D/AndroidRuntime( 1653): Calling main entry com.android.commands.am.Am
D/AndroidRuntime( 1653): Shutting down VM
D/dalvikvm( 1653): GC_CONCURRENT freed 96K, 15% free 589K/688K, paused 3ms+2ms, total 14ms
D/ABCD    ( 1416): sleep
I/FahrenheitFragment( 1273): 111
I/FahrenheitVPAdapter( 1273): img===/pindao/10/56d963b90f451.jpg
I/FahrenheitFragment( 1273): 111
I/FahrenheitVPAdapter( 1273): img===/pindao/10/56ec047ab9415.jpg
I/FahrenheitFragment( 1273): 111
