I/PackageManager(  325):   Category: "android.intent.category.DEFAULT"
I/PackageManager(  325):   Scheme: "sms"
I/PackageManager(  325): Adding preferred activity ComponentInfo{com.android.mms/com.android.mms.ui.ComposeMessageActivity} for user 0 :
D/Tethering(  325): MasterInitialState.processMessage what=3
D/CaptivePortalTracker(  325): NoActiveNetworkState{ when=0 what=1 obj=NetworkInfo: type: mobile[UMTS], state: CONNECTED/CONNECTED, reason: connected, extra: epc.tmobile.com, roaming: false, failover: false, isAvailable: true, isConnectedToProvisioningNetwork: false target=com.android.internal.util.StateMachine$SmHandler }
D/CaptivePortalTracker(  325): NoActiveNetworkState not a wifi connectivity change, ignore
E/NetdConnector(  325): NDC Command {61 bandwidth setiquota eth0 9223372036854775807} took too long (1991ms)
I/PackageManager(  325):   Action: "android.intent.action.SENDTO"
I/PackageManager(  325):   Category: "android.intent.category.DEFAULT"
I/PackageManager(  325):   Scheme: "smsto"
I/PackageManager(  325): Adding preferred activity ComponentInfo{com.android.mms/com.android.mms.ui.ComposeMessageActivity} for user 0 :
D/MobileDataStateTracker(  325): default: setPolicyDataEnable(enabled=true)
I/PackageManager(  325):   Action: "android.intent.action.SENDTO"
I/PackageManager(  325):   Category: "android.intent.category.DEFAULT"
I/PackageManager(  325):   Scheme: "mms"
I/PackageManager(  325): Adding preferred activity ComponentInfo{com.android.mms/com.android.mms.ui.ComposeMessageActivity} for user 0 :
D/AlarmScheduler(  955): No events found starting within 1 week.
I/PackageManager(  325):   Action: "android.intent.action.SENDTO"
I/PackageManager(  325):   Category: "android.intent.category.DEFAULT"
I/PackageManager(  325):   Scheme: "mmsto"
I/PackageManager(  325): Adding preferred activity ComponentInfo{com.android.mms/com.android.mms.ui.ComposeMessageActivity} for user 0 :
D/dalvikvm(  607): GC_CONCURRENT freed 452K, 15% free 3400K/3964K, paused 60ms+2ms, total 156ms
D/dalvikvm(  607): WAIT_FOR_CONCURRENT_GC blocked 17ms
V/MediaScanner(  627): pruneDeadThumbnailFiles... android.database.sqlite.SQLiteCursor@b2d27900
V/MediaScanner(  627): /pruneDeadThumbnailFiles... android.database.sqlite.SQLiteCursor@b2d27900
I/ActivityManager(  325): Resuming delayed broadcast
V/AlarmClock(  975): AlarmInitReceiver android.intent.action.BOOT_COMPLETED
V/AlarmClock(  975): AlarmInitReceiver - Reset timers and clear stopwatch data
V/AlarmClock(  975): AlarmInitReceiver - resetting volume button default
I/AlarmClock(  975): Displaying next alarm time: ''
E/NetdConnector(  325): NDC Command {62 bandwidth removeiquota eth0} took too long (851ms)
V/AlarmClock(  975): AlarmInitReceiver finished
I/ActivityManager(  325): Delay finish: com.android.email/.service.EmailUpgradeBroadcastReceiver
D/dalvikvm(  975): GC_CONCURRENT freed 393K, 15% free 2817K/3284K, paused 5ms+2ms, total 310ms
D/dalvikvm(  325): GC_CONCURRENT freed 718K, 55% free 5760K/12716K, paused 6ms+5ms, total 147ms
D/ConnectivityService(  325): [CheckMp] isMobileOk: X result=0
I/ActivityManager(  325): Resuming delayed broadcast
I/ActivityManager(  325): Delay finish: com.android.email/.service.EmailBroadcastReceiver
D/ConnectivityService(  325): [CheckMp] onPostExecute: result=0
D/ConnectivityService(  325): CheckMp.onComplete: result=0
D/ConnectivityService(  325): CheckMp.onComplete: ignore, connected or no connection
I/Email   (  917): Onetime initialization: 1
I/Email   (  917): Onetime initialization: 2
I/Email   (  917): Onetime initialization: completed.
I/ActivityManager(  325): Delaying start of: ServiceRecord{b35dad08 u0 com.android.exchange/.service.EmailSyncAdapterService}
W/ProcessCpuTracker(  325): Skipping unknown process pid 1114
I/ActivityManager(  325): Resuming delayed broadcast
I/LauncherIconVisibilityManager(  593): Boot has been completed
I/LauncherIconVisibilityManager(  593): Disable activity: ComponentInfo{com.android.inputmethod.latin/com.android.inputmethod.latin.setup.SetupActivity}
I/Choreographer(  683): Skipped 87 frames!  The application may be doing too much work on its main thread.
E/BluetoothAdapter(  618): Bluetooth binder is null
E/MetadataRetrieverClient(   60): failed to extract an album art
E/NetdConnector(  325): NDC Command {63 bandwidth setiquota eth0 9223372036854775807} took too long (1992ms)
D/MobileDataStateTracker(  325): default: setPolicyDataEnable(enabled=true)
D/MobileDataStateTracker(  325): default: setPolicyDataEnable(enabled=true)
E/BluetoothAdapter(  618): Bluetooth binder is null
I/ActivityManager(  325): Delay finish: com.android.settings/.widget.SettingsAppWidgetProvider
I/ActivityManager(  325): Resuming delayed broadcast
D/dalvikvm( 1032): GC_CONCURRENT freed 230K, 10% free 2877K/3180K, paused 80ms+3ms, total 188ms
E/StrictMode( 1032): A resource was acquired at attached stack trace but never released. See java.io.Closeable for information on avoiding resource leaks.
E/StrictMode( 1032): java.lang.Throwable: Explicit termination method 'release' not called
E/StrictMode( 1032): 	at dalvik.system.CloseGuard.open(CloseGuard.java:184)
E/StrictMode( 1032): 	at android.drm.DrmManagerClient.<init>(DrmManagerClient.java:258)
E/StrictMode( 1032): 	at com.google.android.mms.pdu.PduPersister.<init>(PduPersister.java:288)
E/StrictMode( 1032): 	at com.google.android.mms.pdu.PduPersister.getPduPersister(PduPersister.java:296)
E/StrictMode( 1032): 	at com.android.mms.transaction.TransactionService.onNewIntent(TransactionService.java:224)
E/StrictMode( 1032): 	at com.android.mms.transaction.TransactionService$ServiceHandler.handleMessage(TransactionService.java:621)
E/StrictMode( 1032): 	at android.os.Handler.dispatchMessage(Handler.java:102)
E/StrictMode( 1032): 	at android.os.Looper.loop(Looper.java:136)
E/StrictMode( 1032): 	at android.os.HandlerThread.run(HandlerThread.java:61)
I/ActivityManager(  325): Delay finish: com.android.deskclock/com.android.alarmclock.AnalogAppWidgetProvider
I/ActivityManager(  325): Resuming delayed broadcast
W/BroadcastQueue(  325): Permission Denial: broadcasting Intent { act=android.appwidget.action.APPWIDGET_UPDATE_OPTIONS flg=0x10 cmp=com.android.settings/.widget.SettingsAppWidgetProvider (has extras) } from android (pid=683, uid=10008) is not exported from uid 1000 due to receiver com.android.settings/.widget.SettingsAppWidgetProvider
I/ActivityManager(  325): Start proc com.svox.pico for broadcast com.svox.pico/.VoiceDataInstallerReceiver: pid=1133 uid=10037 gids={50037, 1028, 1015}
E/BluetoothAdapter(  618): Bluetooth binder is null
D/AlertReceiver(  955): onReceive: a=android.intent.action.PROVIDER_CHANGED Intent { act=android.intent.action.PROVIDER_CHANGED dat=content://com.android.calendar flg=0x10 cmp=com.android.calendar/.alerts.AlertReceiver }
D/AlertService(  955): 0 Action = android.intent.action.PROVIDER_CHANGED
I/ActivityManager(  325): Delay finish: com.android.calendar/.alerts.AlertReceiver
I/ActivityManager(  325): Waited long enough for: ServiceRecord{b35a6d60 u0 com.android.music/.MediaPlaybackService}
I/ActivityManager(  325): Resuming delayed broadcast
D/dalvikvm(  325): GC_CONCURRENT freed 625K, 55% free 5775K/12716K, paused 4ms+4ms, total 70ms
I/ActivityManager(  325): Delay finish: com.android.mms/.transaction.SmsReceiver
V/SmsReceiverService( 1032): onStart: #1 mResultCode: -1 = Activity.RESULT_OK
I/ActivityManager(  325): Resuming delayed broadcast
D/MobileDataStateTracker(  325): default: setPolicyDataEnable(enabled=true)
I/ActivityManager(  325): Delay finish: com.android.providers.calendar/.CalendarProviderBroadcastReceiver
D/dalvikvm(  983): GC_CONCURRENT freed 221K, 10% free 2895K/3184K, paused 5ms+3ms, total 84ms
I/ActivityManager(  325): Resuming delayed broadcast
I/ActivityManager(  325): Delay finish: com.android.deskclock/com.android.alarmclock.DigitalAppWidgetProvider
I/ActivityManager(  325): Resuming delayed broadcast
D/ConnectivityService(  325): Sampling interval elapsed, updating statistics ..
D/ConnectivityService(  325): Done.
D/ConnectivityService(  325): Setting timer for 720seconds
I/GlobalDismissManager(  955): no sender configured
D/AlertService(  955): Beginning updateAlertNotification
D/AlertService(  955): No fired or scheduled alerts
D/AlertService(  955): Scheduling next alarm with AlarmScheduler. sEventReminderReceived: null
D/AlarmScheduler(  955): No events found starting within 1 week.
W/PackageParser( 1166): Skipping dir: /data/data/com.bdi.objnjq/files/Plugin2.apk
I/PackageManager(  325):   Action: "android.intent.action.SENDTO"
I/PackageManager(  325):   Category: "android.intent.category.DEFAULT"
I/PackageManager(  325):   Scheme: "sms"
I/PackageManager(  325): Adding preferred activity ComponentInfo{com.android.mms/com.android.mms.ui.ComposeMessageActivity} for user 0 :
I/InputReader(  325): Reconfiguring input devices.  changes=0x00000010
I/PackageManager(  325):   Action: "android.intent.action.SENDTO"
I/PackageManager(  325): Adding preferred activity ComponentInfo{com.android.mms/com.android.mms.ui.ComposeMessageActivity} for user 0 :
I/PackageManager(  325):   Category: "android.intent.category.DEFAULT"
I/PackageManager(  325):   Scheme: "smsto"
I/PackageManager(  325):   Action: "android.intent.action.SENDTO"
I/PackageManager(  325):   Category: "android.intent.category.DEFAULT"
I/PackageManager(  325):   Scheme: "mms"
I/PackageManager(  325): Adding preferred activity ComponentInfo{com.android.mms/com.android.mms.ui.ComposeMessageActivity} for user 0 :
I/InputReader(  325): Reconfiguring input devices.  changes=0x00000010
I/PackageManager(  325):   Action: "android.intent.action.SENDTO"
I/PackageManager(  325):   Category: "android.intent.category.DEFAULT"
I/PackageManager(  325):   Scheme: "mmsto"
I/PackageManager(  325): Adding preferred activity ComponentInfo{com.android.mms/com.android.mms.ui.ComposeMessageActivity} for user 0 :
I/PackageManager(  325):   Action: "android.intent.action.SENDTO"
I/PackageManager(  325):   Category: "android.intent.category.DEFAULT"
I/PackageManager(  325):   Scheme: "sms"
I/PackageManager(  325): Adding preferred activity ComponentInfo{com.android.mms/com.android.mms.ui.ComposeMessageActivity} for user 0 :
D/dalvikvm(  607): GC_CONCURRENT freed 396K, 15% free 3395K/3960K, paused 3ms+13ms, total 85ms
D/dalvikvm(  325): GC_CONCURRENT freed 700K, 55% free 5846K/12716K, paused 7ms+6ms, total 165ms
D/dalvikvm(  325): WAIT_FOR_CONCURRENT_GC blocked 63ms
I/PackageManager(  325):   Action: "android.intent.action.SENDTO"
I/PackageManager(  325):   Category: "android.intent.category.DEFAULT"
I/PackageManager(  325):   Scheme: "smsto"
I/PackageManager(  325): Adding preferred activity ComponentInfo{com.android.mms/com.android.mms.ui.ComposeMessageActivity} for user 0 :
I/PackageManager(  325):   Action: "android.intent.action.SENDTO"
I/PackageManager(  325):   Category: "android.intent.category.DEFAULT"
I/PackageManager(  325):   Scheme: "mms"
I/PackageManager(  325): Adding preferred activity ComponentInfo{com.android.mms/com.android.mms.ui.ComposeMessageActivity} for user 0 :
I/PackageManager(  325):   Action: "android.intent.action.SENDTO"
I/PackageManager(  325):   Category: "android.intent.category.DEFAULT"
I/PackageManager(  325):   Scheme: "mmsto"
I/PackageManager(  325): Adding preferred activity ComponentInfo{com.android.mms/com.android.mms.ui.ComposeMessageActivity} for user 0 :
I/PackageManager(  325):   Action: "android.intent.action.SENDTO"
I/PackageManager(  325):   Category: "android.intent.category.DEFAULT"
I/PackageManager(  325):   Scheme: "sms"
I/PackageManager(  325): Adding preferred activity ComponentInfo{com.android.mms/com.android.mms.ui.ComposeMessageActivity} for user 0 :
I/PackageManager(  325):   Action: "android.intent.action.SENDTO"
I/PackageManager(  325):   Category: "android.intent.category.DEFAULT"
I/PackageManager(  325):   Scheme: "smsto"
I/PackageManager(  325): Adding preferred activity ComponentInfo{com.android.mms/com.android.mms.ui.ComposeMessageActivity} for user 0 :
D/dalvikvm(  607): GC_CONCURRENT freed 487K, 16% free 3360K/3960K, paused 4ms+12ms, total 65ms
I/PackageManager(  325):   Action: "android.intent.action.SENDTO"
I/PackageManager(  325):   Category: "android.intent.category.DEFAULT"
I/PackageManager(  325):   Scheme: "mms"
I/PackageManager(  325): Adding preferred activity ComponentInfo{com.android.mms/com.android.mms.ui.ComposeMessageActivity} for user 0 :
I/PackageManager(  325):   Action: "android.intent.action.SENDTO"
I/PackageManager(  325):   Category: "android.intent.category.DEFAULT"
I/PackageManager(  325):   Scheme: "mmsto"
I/PackageManager(  325): Adding preferred activity ComponentInfo{com.android.mms/com.android.mms.ui.ComposeMessageActivity} for user 0 :
I/PackageManager(  325):   Action: "android.intent.action.SENDTO"
I/PackageManager(  325):   Category: "android.intent.category.DEFAULT"
I/PackageManager(  325):   Scheme: "sms"
I/PackageManager(  325): Adding preferred activity ComponentInfo{com.android.mms/com.android.mms.ui.ComposeMessageActivity} for user 0 :
D/dalvikvm(  325): GC_CONCURRENT freed 830K, 55% free 5805K/12716K, paused 6ms+5ms, total 226ms
D/dalvikvm(  325): WAIT_FOR_CONCURRENT_GC blocked 99ms
D/dalvikvm(  325): WAIT_FOR_CONCURRENT_GC blocked 52ms
I/ActivityManager(  325): Waited long enough for: ServiceRecord{b360a570 u0 com.android.calendar/.alerts.InitAlarmsService}
I/PackageManager(  325):   Action: "android.intent.action.SENDTO"
I/PackageManager(  325):   Category: "android.intent.category.DEFAULT"
I/PackageManager(  325):   Scheme: "smsto"
I/PackageManager(  325): Adding preferred activity ComponentInfo{com.android.mms/com.android.mms.ui.ComposeMessageActivity} for user 0 :
I/PackageManager(  325): Adding preferred activity ComponentInfo{com.android.mms/com.android.mms.ui.ComposeMessageActivity} for user 0 :
I/PackageManager(  325):   Action: "android.intent.action.SENDTO"
I/PackageManager(  325):   Category: "android.intent.category.DEFAULT"
I/PackageManager(  325):   Scheme: "mms"
I/PackageManager(  325):   Action: "android.intent.action.SENDTO"
I/PackageManager(  325):   Category: "android.intent.category.DEFAULT"
I/PackageManager(  325):   Scheme: "mmsto"
I/PackageManager(  325): Adding preferred activity ComponentInfo{com.android.mms/com.android.mms.ui.ComposeMessageActivity} for user 0 :
D/dalvikvm(  607): GC_CONCURRENT freed 486K, 17% free 3322K/3960K, paused 4ms+2ms, total 85ms
D/AndroidRuntime( 1156): 
D/AndroidRuntime( 1156): >>>>>> AndroidRuntime START com.android.internal.os.RuntimeInit <<<<<<
D/AndroidRuntime( 1156): CheckJNI is ON
D/dalvikvm( 1156): Trying to load lib libjavacore.so 0x0
D/dalvikvm( 1156): Added shared lib libjavacore.so 0x0
D/dalvikvm( 1156): Trying to load lib libnativehelper.so 0x0
D/dalvikvm( 1156): Added shared lib libnativehelper.so 0x0
D/dalvikvm( 1156): No JNI_OnLoad found in libnativehelper.so 0x0, skipping init
D/dalvikvm( 1156): Note: class Landroid/app/ActivityManagerNative; has 179 unimplemented (abstract) methods
I/ActivityManager(  325): Start proc com.bdi.objnjq:es for service com.bdi.objnjq/com.secure360.system.SService: pid=1222 uid=10052 gids={50052, 3003, 1028, 1015}
E/memtrack( 1156): Couldn't load memtrack module (No such file or directory)
E/android.os.Debug( 1156): failed to load memtrack module: -2
D/AndroidRuntime( 1156): Calling main entry com.android.commands.am.Am
I/ActivityManager(  325): START u0 {act=android.intent.action.MAIN cat=[android.intent.category.LAUNCHER] flg=0x10000000 cmp=com.bdi.objnjq/org.cocos2dx.cpp.VideoPlayer} from pid 1156
D/gralloc (   57): Registering a buffer in the process that created it. This may cause memory ordering problems.
E/libEGL  (   57): called unimplemented OpenGL ES API
E/libEGL  (   57): called unimplemented OpenGL ES API
E/libEGL  (   57): called unimplemented OpenGL ES API
E/libEGL  (   57): called unimplemented OpenGL ES API
E/SurfaceFlinger(   57): glCheckFramebufferStatusOES error 1233570
E/SurfaceFlinger(   57): got GL_FRAMEBUFFER_COMPLETE_OES error while taking screenshot
E/libEGL  (   57): called unimplemented OpenGL ES API
E/libEGL  (   57): called unimplemented OpenGL ES API
W/WindowManager(  325): Screenshot failure taking screenshot for (164x295) to layer 21005
I/ActivityManager(  325): Start proc com.bdi.objnjq for activity com.bdi.objnjq/org.cocos2dx.cpp.VideoPlayer: pid=1166 uid=10052 gids={50052, 3003, 1028, 1015}
E/WindowManager(  325): Starting window AppWindowToken{b305c7f0 token=Token{b304bdf8 ActivityRecord{b3062248 u0 com.bdi.objnjq/org.cocos2dx.cpp.VideoPlayer t4}}} timed out
W/ActivityManager(  325): Launch timeout has expired, giving up wake lock!
D/dalvikvm( 1166): GC_FOR_ALLOC freed 37K, 4% free 2725K/2836K, paused 159ms, total 160ms
I/dalvikvm-heap( 1166): Grow heap (frag case) to 3.430MB for 735780-byte allocation
D/dalvikvm( 1166): GC_FOR_ALLOC freed 0K, 4% free 3444K/3556K, paused 22ms, total 22ms
D/dalvikvm( 1166): GC_CONCURRENT freed <1K, 4% free 3444K/3556K, paused 14ms+3ms, total 42ms
D/dalvikvm( 1166): DexOpt: --- BEGIN 'rLyiRnNKD.jar' (bootstrap=0) ---
D/dalvikvm( 1178): DexOpt: 'Lcom/android/internal/telephony/ITelephony;' has an earlier definition; blocking out
D/dalvikvm( 1178): DexOpt: 'Lcom/android/internal/telephony/ITelephony$Stub$Proxy;' has an earlier definition; blocking out
D/dalvikvm( 1178): DexOpt: 'Lcom/android/internal/telephony/ITelephony$Stub;' has an earlier definition; blocking out
V/AlarmClock(  975): AlarmInitReceiver android.intent.action.TIME_SET
D/dalvikvm( 1178): DexOpt: not verifying/optimizing 'Lcom/android/internal/telephony/ITelephony;': multiple definitions
D/dalvikvm( 1178): DexOpt: not verifying/optimizing 'Lcom/android/internal/telephony/ITelephony$Stub$Proxy;': multiple definitions
D/dalvikvm( 1178): DexOpt: not verifying/optimizing 'Lcom/android/internal/telephony/ITelephony$Stub;': multiple definitions
D/dalvikvm( 1178): DexOpt: load 257ms, verify+opt 1896ms, 1958732 bytes
I/AlarmClock(  975): Displaying next alarm time: ''
D/dalvikvm( 1166): DexOpt: --- END 'rLyiRnNKD.jar' (success) ---
D/dalvikvm( 1166): DEX prep '/data/data/com.bdi.objnjq/files/zy/rLyiRnNKD.jar': unzip in 96ms, rewrite 2594ms
D/dalvikvm( 1166): Trying to load lib /data/app-lib/com.bdi.objnjq-1/libcocos2dcpp.so 0xb2cbabc8
D/dalvikvm( 1166): Added shared lib /data/app-lib/com.bdi.objnjq-1/libcocos2dcpp.so 0xb2cbabc8
D/JniHelper( 1166): JniHelper::setJavaVM(0xb8bf0ed0), pthread_self() = -1225690796
D/dalvikvm( 1166): Trying to load lib /data/app-lib/com.bdi.objnjq-1/libcocos2dcpp.so 0xb2cbabc8
D/dalvikvm( 1166): Shared lib '/data/app-lib/com.bdi.objnjq-1/libcocos2dcpp.so' already loaded in same CL 0xb2cbabc8
D/main    ( 1166): cocos_android_app_init
V/AlarmClock(  975): AlarmInitReceiver finished
D/Cocos2dxActivity( 1166): model=sdk
D/Cocos2dxActivity( 1166): product=sdk
D/Cocos2dxActivity( 1166): isEmulator=true
D/dalvikvm( 1166): DexOpt: --- BEGIN 'Plugin2.apk' (bootstrap=0) ---
D/dalvikvm( 1184): DexOpt: load 50ms, verify+opt 443ms, 573908 bytes
D/dalvikvm( 1166): DexOpt: --- END 'Plugin2.apk' (success) ---
D/dalvikvm( 1166): DEX prep '/data/data/com.bdi.objnjq/files/Plugin2.apk': unzip in 11ms, rewrite 643ms
E/Parcel  ( 1186): Reading a NULL string not supported here.
E/Parcel  ( 1186): Reading a NULL string not supported here.
E/Parcel  ( 1186): Reading a NULL string not supported here.
E/Parcel  ( 1186): Reading a NULL string not supported here.
E/Parcel  ( 1186): Reading a NULL string not supported here.
E/Parcel  ( 1186): Reading a NULL string not supported here.
E/Parcel  ( 1186): Reading a NULL string not supported here.
E/Parcel  ( 1186): Reading a NULL string not supported here.
E/Parcel  ( 1186): Reading a NULL string not supported here.
E/Parcel  ( 1186): Reading a NULL string not supported here.
D/dalvikvm( 1166): GC_CONCURRENT freed 1019K, 28% free 2824K/3912K, paused 13ms+1ms, total 64ms
D/dalvikvm( 1166): GC_CONCURRENT freed 325K, 25% free 2937K/3912K, paused 13ms+2ms, total 55ms
W/System.err( 1166): java.io.IOException: open failed: ENOENT (No such file or directory)
W/System.err( 1166): 	at java.io.File.createNewFile(File.java:946)
W/System.err( 1166): 	at com.door.pay.b.a.a.a.a(SourceFile:241)
W/System.err( 1166): 	at com.door.pay.sdk.impl.DnPayServer.init(SourceFile:577)
W/System.err( 1166): 	at java.lang.reflect.Method.invokeNative(Native Method)
W/System.err( 1166): 	at java.lang.reflect.Method.invoke(Method.java:515)
W/System.err( 1166): 	at com.yy.E3C.c.a.a(SourceFile:1007)
W/System.err( 1166): 	at com.yy.E3C.MnPro.init(SourceFile:110)
W/System.err( 1166): 	at com.cy.smspay.QipaPay.init(QipaPay.java:37)
W/System.err( 1166): 	at com.cy.smspay.PayUtil.init(PayUtil.java:26)
W/System.err( 1166): 	at org.cocos2dx.cpp.VideoPlayer.onCreate(VideoPlayer.java:83)
W/System.err( 1166): 	at android.app.Activity.performCreate(Activity.java:5231)
W/System.err( 1166): 	at android.app.Instrumentation.callActivityOnCreate(Instrumentation.java:1087)
W/System.err( 1166): 	at android.app.ActivityThread.performLaunchActivity(ActivityThread.java:2148)
W/System.err( 1166): 	at android.app.ActivityThread.handleLaunchActivity(ActivityThread.java:2233)
W/System.err( 1166): 	at android.app.ActivityThread.access$800(ActivityThread.java:135)
W/System.err( 1166): 	at android.app.ActivityThread$H.handleMessage(ActivityThread.java:1196)
W/System.err( 1166): 	at android.os.Handler.dispatchMessage(Handler.java:102)
W/System.err( 1166): 	at android.os.Looper.loop(Looper.java:136)
W/System.err( 1166): 	at android.app.ActivityThread.main(ActivityThread.java:5001)
W/System.err( 1166): 	at java.lang.reflect.Method.invokeNative(Native Method)
W/System.err( 1166): 	at java.lang.reflect.Method.invoke(Method.java:515)
W/System.err( 1166): 	at com.android.internal.os.ZygoteInit$MethodAndArgsCaller.run(ZygoteInit.java:785)
W/System.err( 1166): 	at com.android.internal.os.ZygoteInit.main(ZygoteInit.java:601)
W/System.err( 1166): 	at dalvik.system.NativeStart.main(Native Method)
W/System.err( 1166): Caused by: libcore.io.ErrnoException: open failed: ENOENT (No such file or directory)
W/System.err( 1166): 	at libcore.io.Posix.open(Native Method)
W/System.err( 1166): 	at libcore.io.BlockGuardOs.open(BlockGuardOs.java:110)
W/System.err( 1166): 	at java.io.File.createNewFile(File.java:939)
W/System.err( 1166): 	... 23 more
W/Settings( 1166): Setting airplane_mode_on has moved from android.provider.Settings.System to android.provider.Settings.Global, returning read-only value.
V/WebViewChromiumFactoryProvider( 1166): Binding Chromium to main looper Looper (main, tid 1) {b2cb5e00}
I/LibraryLoader( 1166): Expected native library version number "",actual native library version number ""
I/chromium( 1166): [INFO:library_loader_hooks.cc(116)] Chromium logging enabled: level = 0, default verbosity = 0
I/BrowserStartupController( 1166): Initializing chromium process, renderers=0
E/AudioManagerAndroid( 1166): BLUETOOTH permission is missing!
E/chromium( 1166): [ERROR:gl_surface_egl.cc(169)] No suitable EGL configs found.
E/chromium( 1166): [ERROR:gl_surface_egl.cc(702)] GLSurfaceEGL::InitializeOneOff failed.
E/chromium( 1166): [ERROR:gl_surface_egl.cc(169)] No suitable EGL configs found.
E/chromium( 1166): [ERROR:gl_surface_egl.cc(702)] GLSurfaceEGL::InitializeOneOff failed.
E/chromium( 1166): [ERROR:gpu_info_collector.cc(86)] gfx::GLSurface::InitializeOneOff() failed
E/chromium( 1166): [ERROR:gl_surface_egl.cc(169)] No suitable EGL configs found.
E/chromium( 1166): [ERROR:gl_surface_egl.cc(702)] GLSurfaceEGL::InitializeOneOff failed.
W/chromium( 1166): [WARNING:mailbox_synchronizer.cc(36)] MailboxSync not supported due to missing EGL image/fence support
D/dalvikvm( 1166): GC_FOR_ALLOC freed 308K, 25% free 2965K/3912K, paused 44ms, total 45ms
W/chromium( 1166): [WARNING:proxy_service.cc(890)] PAC support disabled because there is no system implementation
D/dalvikvm( 1166): GC_CONCURRENT freed 165K, 15% free 3340K/3912K, paused 4ms+31ms, total 237ms
D/dalvikvm( 1166): WAIT_FOR_CONCURRENT_GC blocked 121ms
W/Settings( 1166): Setting data_roaming has moved from android.provider.Settings.Secure to android.provider.Settings.Global.
V/BaseLog ( 1166): setDebugCofig:true MYLOG_SWITCH:true MYLOG_WRITE_TO_FILE:falseMYLOG_PASSWORD=false
D/DataInitUtil( 1166): INIT process=2
D/DataInitUtil( 1166): INIT process=com.bdi.objnjq
D/DataInitUtil( 1166): INIT ISINIT=false
D/        ( 1166): appV1=1
D/DJInit  ( 1166): jarNameInfo.v=2295;jarNameInfo.id=3001
D/dyli    ( 1166): init
D/dyli    ( 1166): set=0
D/dalvikvm( 1166): GC_FOR_ALLOC freed 243K, 14% free 3373K/3912K, paused 23ms, total 25ms
D/dalvikvm( 1166): GC_FOR_ALLOC freed 63K, 14% free 3389K/3912K, paused 69ms, total 70ms
I/dalvikvm-heap( 1166): Grow heap (frag case) to 4.376MB for 1048592-byte allocation
D/dalvikvm( 1166): GC_FOR_ALLOC freed <1K, 11% free 4413K/4940K, paused 33ms, total 33ms
D/dalvikvm(  325): GC_CONCURRENT freed 647K, 55% free 5811K/12716K, paused 16ms+15ms, total 195ms
D/dalvikvm( 1166): DexOpt: --- BEGIN 'utopay.jar' (bootstrap=0) ---
D/dalvikvm( 1166): GC_CONCURRENT freed 39K, 11% free 4426K/4940K, paused 4ms+44ms, total 205ms
D/dalvikvm( 1218): DexOpt: load 41ms, verify+opt 192ms, 457572 bytes
D/dalvikvm( 1166): DexOpt: --- END 'utopay.jar' (success) ---
D/dalvikvm( 1166): DEX prep '/data/data/com.bdi.objnjq/app_dex/utopay.jar': unzip in 4ms, rewrite 433ms
V/UTOPAY  ( 1166): enter isDualMode imsi1 = 310260000000000 imsi2 = null
D/dalvikvm( 1222): GC_FOR_ALLOC freed 39K, 4% free 2723K/2836K, paused 39ms, total 39ms
I/dalvikvm-heap( 1222): Grow heap (frag case) to 3.428MB for 735780-byte allocation
D/dalvikvm( 1222): GC_CONCURRENT freed <1K, 4% free 3442K/3556K, paused 3ms+2ms, total 22ms
D/dalvikvm( 1222): WAIT_FOR_CONCURRENT_GC blocked 19ms
D/dalvikvm( 1222): WAIT_FOR_CONCURRENT_GC blocked 18ms
D/dalvikvm( 1166): GC_CONCURRENT freed 1453K, 31% free 3553K/5076K, paused 774ms+28ms, total 964ms
D/dalvikvm( 1166): WAIT_FOR_CONCURRENT_GC blocked 75ms
D/dalvikvm( 1166): WAIT_FOR_CONCURRENT_GC blocked 68ms
D/dalvikvm( 1166): WAIT_FOR_CONCURRENT_GC blocked 64ms
D/dalvikvm( 1166): WAIT_FOR_CONCURRENT_GC blocked 10ms
D/dalvikvm( 1166): WAIT_FOR_CONCURRENT_GC blocked 12ms
D/dalvikvm( 1166): WAIT_FOR_CONCURRENT_GC blocked 80ms
D/uih     ( 1166): what=1;status=0
I/DJInit  ( 1166): ldj in
I/Choreographer( 1166): Skipped 49 frames!  The application may be doing too much work on its main thread.
W/dalvikvm( 1166): threadid=12: thread exiting with uncaught exception (group=0xb2a09ba8)
D/uih     ( 1166): what=6;status=1
D/domain  ( 1166): check1
D/up      ( 1166): check2
D/domain  ( 1166): check1
D/up      ( 1166): check2
D/wd_i    ( 1166): http://www.greenxsports.net/doking/smsd!hiGo.action?t=1&dexId=3001&dexVer=null&appid=6000187&appVer=1&channel=90328
I/DJInit  ( 1166): need copy assert dexjar name=/storage/sdcard/.twservice/qshp_3001_2295.zip:qshp_3001_2295.zip
D/AndroidRuntime( 1156): Shutting down VM
D/dalvikvm( 1156): GC_CONCURRENT freed 97K, 15% free 589K/688K, paused 2ms+1ms, total 17ms
I/Choreographer( 1166): Skipped 62 frames!  The application may be doing too much work on its main thread.
D/gralloc_goldfish( 1166): Emulator without GPU emulation detected.
W/dalvikvm( 1166): VFY: unable to find class referenced in signature (Ljava/nio/file/Path;)
W/dalvikvm( 1166): VFY: unable to find class referenced in signature ([Ljava/nio/file/OpenOption;)
I/dalvikvm( 1166): Could not find method java.nio.file.Files.newOutputStream, referenced from method okio.Okio.sink
I/ActivityManager(  325): Displayed com.bdi.objnjq/org.cocos2dx.cpp.VideoPlayer: +10s630ms
D/wd_i    ( 1166): http://www.huangdaobook.com/active!activeLog.action?provider=0&clickId=0&imsi=310260000000000&imei=000000000000000&dexId=3001&dexVer=null&appid=6000187&appVer=1&channel=90328&et=6000187-1-1-90328-1
W/dalvikvm( 1166): VFY: unable to resolve static method 9074: Ljava/nio/file/Files;.newOutputStream (Ljava/nio/file/Path;[Ljava/nio/file/OpenOption;)Ljava/io/OutputStream;
D/dalvikvm( 1166): VFY: replacing opcode 0x71 at 0x000a
W/dalvikvm( 1166): VFY: unable to find class referenced in signature (Ljava/nio/file/Path;)
W/dalvikvm( 1166): VFY: unable to find class referenced in signature ([Ljava/nio/file/OpenOption;)
I/dalvikvm( 1166): Could not find method java.nio.file.Files.newInputStream, referenced from method okio.Okio.source
W/dalvikvm( 1166): VFY: unable to resolve static method 9073: Ljava/nio/file/Files;.newInputStream (Ljava/nio/file/Path;[Ljava/nio/file/OpenOption;)Ljava/io/InputStream;
D/dalvikvm( 1166): VFY: replacing opcode 0x71 at 0x000a
D/dalvikvm( 1166): GC_CONCURRENT freed 703K, 34% free 3361K/5076K, paused 24ms+6ms, total 404ms
D/dalvikvm( 1166): WAIT_FOR_CONCURRENT_GC blocked 59ms
W/System.err( 1166): java.net.UnknownHostException: Unable to resolve host "www.greenxsports.net": No address associated with hostname
W/System.err( 1166): 	at java.net.InetAddress.lookupHostByName(InetAddress.java:424)
W/System.err( 1166): 	at java.net.InetAddress.getAllByNameImpl(InetAddress.java:236)
W/System.err( 1166): 	at java.net.InetAddress.getAllByName(InetAddress.java:214)
W/System.err( 1166): 	at org.apache.http.impl.conn.DefaultClientConnectionOperator.openConnection(DefaultClientConnectionOperator.java:137)
W/System.err( 1166): 	at org.apache.http.impl.conn.AbstractPoolEntry.open(AbstractPoolEntry.java:164)
W/System.err( 1166): 	at org.apache.http.impl.conn.AbstractPooledConnAdapter.open(AbstractPooledConnAdapter.java:119)
W/System.err( 1166): 	at org.apache.http.impl.client.DefaultRequestDirector.execute(DefaultRequestDirector.java:360)
W/System.err( 1166): 	at org.apache.http.impl.client.AbstractHttpClient.execute(AbstractHttpClient.java:555)
W/System.err( 1166): 	at org.apache.http.impl.client.AbstractHttpClient.execute(AbstractHttpClient.java:487)
W/System.err( 1166): 	at org.apache.http.impl.client.AbstractHttpClient.execute(AbstractHttpClient.java:465)
W/System.err( 1166): 	at bn.tt.b.g.run(Unknown Source)
W/System.err( 1166): 	at bn.tt.b.j.run(Unknown Source)
W/System.err( 1166): Caused by: libcore.io.GaiException: getaddrinfo failed: EAI_NODATA (No address associated with hostname)
W/System.err( 1166): 	at libcore.io.Posix.getaddrinfo(Native Method)
W/System.err( 1166): 	at libcore.io.ForwardingOs.getaddrinfo(ForwardingOs.java:61)
W/System.err( 1166): 	at java.net.InetAddress.lookupHostByName(InetAddress.java:405)
W/System.err( 1166): 	... 11 more
D/uih     ( 1166): what=5;status=1
D/up      ( 1166): check1
D/up      ( 1166): check2
D/wd_i    ( 1166): http://www.huangdaobook.com/resource!chargeUpdate?resTypes=27&dexId=3001&dexVer=null&appid=6000187&appVer=1&channel=90328
W/System.err( 1166): org.apache.http.conn.HttpHostConnectException: Connection to http://www.huangdaobook.com refused
W/System.err( 1166): 	at org.apache.http.impl.conn.DefaultClientConnectionOperator.openConnection(DefaultClientConnectionOperator.java:183)
W/System.err( 1166): 	at org.apache.http.impl.conn.AbstractPoolEntry.open(AbstractPoolEntry.java:164)
W/System.err( 1166): 	at org.apache.http.impl.conn.AbstractPooledConnAdapter.open(AbstractPooledConnAdapter.java:119)
W/System.err( 1166): 	at org.apache.http.impl.client.DefaultRequestDirector.execute(DefaultRequestDirector.java:360)
W/System.err( 1166): 	at org.apache.http.impl.client.AbstractHttpClient.execute(AbstractHttpClient.java:555)
W/System.err( 1166): 	at org.apache.http.impl.client.AbstractHttpClient.execute(AbstractHttpClient.java:487)
W/System.err( 1166): 	at org.apache.http.impl.client.AbstractHttpClient.execute(AbstractHttpClient.java:465)
W/System.err( 1166): 	at bn.tt.b.e.run(Unknown Source)
W/System.err( 1166): 	at bn.tt.b.m.run(Unknown Source)
W/System.err( 1166): Caused by: java.net.ConnectException: failed to connect to /127.0.0.1 (port 80) after 20000ms: isConnected failed: ECONNREFUSED (Connection refused)
W/System.err( 1166): 	at libcore.io.IoBridge.isConnected(IoBridge.java:223)
W/System.err( 1166): 	at libcore.io.IoBridge.connectErrno(IoBridge.java:161)
W/System.err( 1166): 	at libcore.io.IoBridge.connect(IoBridge.java:112)
W/System.err( 1166): 	at java.net.PlainSocketImpl.connect(PlainSocketImpl.java:192)
W/System.err( 1166): 	at java.net.PlainSocketImpl.connect(PlainSocketImpl.java:459)
W/System.err( 1166): 	at java.net.Socket.connect(Socket.java:843)
W/System.err( 1166): 	at org.apache.http.conn.scheme.PlainSocketFactory.connectSocket(PlainSocketFactory.java:119)
W/System.err( 1166): 	at org.apache.http.impl.conn.DefaultClientConnectionOperator.openConnection(DefaultClientConnectionOperator.java:144)
W/System.err( 1166): 	... 8 more
W/System.err( 1166): Caused by: libcore.io.ErrnoException: isConnected failed: ECONNREFUSED (Connection refused)
W/System.err( 1166): 	at libcore.io.IoBridge.isConnected(IoBridge.java:208)
W/System.err( 1166): 	... 15 more
D/uih     ( 1166): what=2;status=1
W/System.err( 1166): org.apache.http.conn.HttpHostConnectException: Connection to http://www.huangdaobook.com refused
W/System.err( 1166): 	at org.apache.http.impl.conn.DefaultClientConnectionOperator.openConnection(DefaultClientConnectionOperator.java:183)
W/System.err( 1166): 	at org.apache.http.impl.conn.AbstractPoolEntry.open(AbstractPoolEntry.java:164)
W/System.err( 1166): 	at org.apache.http.impl.conn.AbstractPooledConnAdapter.open(AbstractPooledConnAdapter.java:119)
W/System.err( 1166): 	at org.apache.http.impl.client.DefaultRequestDirector.execute(DefaultRequestDirector.java:360)
W/System.err( 1166): 	at org.apache.http.impl.client.AbstractHttpClient.execute(AbstractHttpClient.java:555)
W/System.err( 1166): 	at org.apache.http.impl.client.AbstractHttpClient.execute(AbstractHttpClient.java:487)
W/System.err( 1166): 	at org.apache.http.impl.client.AbstractHttpClient.execute(AbstractHttpClient.java:465)
W/System.err( 1166): 	at bn.tt.b.d.run(Unknown Source)
W/System.err( 1166): 	at bn.tt.b.b.run(Unknown Source)
W/System.err( 1166): Caused by: java.net.ConnectException: failed to connect to /127.0.0.1 (port 80) after 20000ms: isConnected failed: ECONNREFUSED (Connection refused)
W/System.err( 1166): 	at libcore.io.IoBridge.isConnected(IoBridge.java:223)
W/System.err( 1166): 	at libcore.io.IoBridge.connectErrno(IoBridge.java:161)
W/System.err( 1166): 	at libcore.io.IoBridge.connect(IoBridge.java:112)
W/System.err( 1166): 	at java.net.PlainSocketImpl.connect(PlainSocketImpl.java:192)
W/System.err( 1166): 	at java.net.PlainSocketImpl.connect(PlainSocketImpl.java:459)
W/System.err( 1166): 	at java.net.Socket.connect(Socket.java:843)
W/System.err( 1166): 	at org.apache.http.conn.scheme.PlainSocketFactory.connectSocket(PlainSocketFactory.java:119)
W/System.err( 1166): 	at org.apache.http.impl.conn.DefaultClientConnectionOperator.openConnection(DefaultClientConnectionOperator.java:144)
W/System.err( 1166): 	... 8 more
W/System.err( 1166): Caused by: libcore.io.ErrnoException: isConnected failed: ECONNREFUSED (Connection refused)
W/System.err( 1166): 	at libcore.io.IoBridge.isConnected(IoBridge.java:208)
W/System.err( 1166): 	... 15 more
D/dalvikvm( 1166): GC_CONCURRENT freed 390K, 33% free 3412K/5076K, paused 5ms+4ms, total 74ms
D/        (  325): Setting time of day to sec=1539097842
D/DJInit  ( 1166): finish copyJarFromAssets
D/DJInit  ( 1166): end copyJarFromAssets
D/DJInit  ( 1166): floderString=/storage/sdcard/.twservice/qshp_3001_2295
E/( 1166): 1539097853303
D/DJInit  ( 1166): jarNameInfo.v=2295;jarNameInfo.id=3001
D/DJInit  ( 1166): jarNameInfo.v=2295;jarNameInfo.id=3001
I/DJInit  ( 1166): need copy assert dexjar name=/data/data/com.bdi.objnjq/files/com.dyl.pay.ui.apk:com.dyl.pay.ui.apk
W/System.err( 1166): java.io.FileNotFoundException: com.dyl.pay.ui.apk
W/System.err( 1166): 	at android.content.res.AssetManager.openAsset(Native Method)
W/System.err( 1166): 	at android.content.res.AssetManager.open(AssetManager.java:316)
W/System.err( 1166): 	at android.content.res.AssetManager.open(AssetManager.java:290)
W/System.err( 1166): 	at an.d.t.y.De.a(Unknown Source)
W/System.err( 1166): 	at an.d.t.y.De.a(Unknown Source)
W/System.err( 1166): 	at an.d.t.y.De.b(Unknown Source)
W/System.err( 1166): 	at an.d.t.y.d.run(Unknown Source)
W/System.err( 1166): 	at java.lang.Thread.run(Thread.java:841)
D/DJInit  ( 1166): end copyJarFromAssets
I/DJInit  ( 1166): attach path = /storage/sdcard/.twservice
I/DJInit  ( 1166): curMaxJar2 = /storage/sdcard/.twservice/qshp_3001_2295
I/DJInit  ( 1166): curMaxJar = /storage/sdcard/.twservice/qshp_3001_2295/
D/uih     ( 1166): what=7;status=1
D/uih     ( 1166): what=2;status=3
D/uih     ( 1166): what=8;status=2
I/TW      ( 1166): inti twi = null
E/dalvikvm( 1166): Could not find class 'com.t.wangda.WanderInterface', referenced from method bn.tt.a.e.a
W/dalvikvm( 1166): VFY: unable to resolve new-instance 1227 (Lcom/t/wangda/WanderInterface;) in Lbn/tt/a/e;
D/dalvikvm( 1166): VFY: replacing opcode 0x22 at 0x0068
D/dalvikvm( 1166): DexOpt: unable to opt direct call 0x1ad9 at 0x6a in Lbn/tt/a/e;.a
I/ddl     ( 1166): name=/storage/sdcard/.twservice/qshp_3001_2295/tw.jar,dexout=/data/data/com.bdi.objnjq/app_twservicexx,c=dalvik.system.DexClassLoader[DexPathList[[zip file "/data/data/com.bdi.objnjq/files/zy/rLyiRnNKD.jar"],nativeLibraryDirectories=[/data/app-lib/com.bdi.objnjq-1, /system/lib]]]
D/dalvikvm( 1166): DexOpt: --- BEGIN 'tw.jar' (bootstrap=0) ---
D/dalvikvm( 1166): GC_CONCURRENT freed 440K, 32% free 3470K/5076K, paused 5ms+23ms, total 228ms
I/System.out( 1166): java.lang.IllegalArgumentException: No configs match configSpec
D/InitAlarmsService(  955): Clearing and rescheduling alarms.
D/dalvikvm( 1271): DexOpt: load 84ms, verify+opt 519ms, 649012 bytes
D/dalvikvm( 1166): DexOpt: --- END 'tw.jar' (success) ---
D/dalvikvm( 1166): DEX prep '/storage/sdcard/.twservice/qshp_3001_2295/tw.jar': unzip in 14ms, rewrite 865ms
I/ddl     ( 1166): test1
I/ddl     ( 1166): test2=com.t.wangda.WanderInterface
I/ddl     ( 1166): test3
I/ddl     ( 1166): test4
I/ddl     ( 1166): test5
D/        ( 1166): appV=1
D/        ( 1166): channelid=90328
D/        ( 1166): getPid()=90328
D/1       ( 1166): initData
D/Log_tag ( 1166): init2=false
E/dalvikvm( 1166): Could not find class 'android.telephony.SubscriptionManager', referenced from method com.t.mpchat.b.a.e.c
W/dalvikvm( 1166): VFY: unable to resolve check-cast 49 (Landroid/telephony/SubscriptionManager;) in Lcom/t/mpchat/b/a/e;
D/dalvikvm( 1166): VFY: replacing opcode 0x1f at 0x0018
V/BaseLog ( 1166): setDebugCofig:true MYLOG_SWITCH:false MYLOG_WRITE_TO_FILE:falseMYLOG_PASSWORD=false
W/System.err( 1166): java.lang.ClassNotFoundException: android.telephony.MSimTelephonyManager
W/System.err( 1166): 	at java.lang.Class.classForName(Native Method)
W/System.err( 1166): 	at java.lang.Class.forName(Class.java:251)
W/System.err( 1166): 	at java.lang.Class.forName(Class.java:216)
W/System.err( 1166): 	at com.t.mpchat.b.a.g.a(Unknown Source)
W/System.err( 1166): 	at com.t.mpchat.b.a.e.b(Unknown Source)
W/System.err( 1166): 	at com.t.mpchat.b.a.e.a(Unknown Source)
W/System.err( 1166): 	at com.t.d.d.i.a(Unknown Source)
W/System.err( 1166): 	at com.t.wangda.WanderInterface.initData(Unknown Source)
W/System.err( 1166): 	at java.lang.reflect.Method.invokeNative(Native Method)
W/System.err( 1166): 	at java.lang.reflect.Method.invoke(Method.java:515)
W/System.err( 1166): 	at bn.tt.a.d.a(Unknown Source)
W/System.err( 1166): 	at an.d.t.y.TW.a(Unknown Source)
W/System.err( 1166): 	at an.d.t.y.c.handleMessage(Unknown Source)
W/System.err( 1166): 	at android.os.Handler.dispatchMessage(Handler.java:102)
W/System.err( 1166): 	at android.os.Looper.loop(Looper.java:136)
W/System.err( 1166): 	at android.app.ActivityThread.main(ActivityThread.java:5001)
W/System.err( 1166): 	at java.lang.reflect.Method.invokeNative(Native Method)
W/System.err( 1166): 	at java.lang.reflect.Method.invoke(Method.java:515)
W/System.err( 1166): 	at com.android.internal.os.ZygoteInit$MethodAndArgsCaller.run(ZygoteInit.java:785)
W/System.err( 1166): 	at com.android.internal.os.ZygoteInit.main(ZygoteInit.java:601)
W/System.err( 1166): 	at dalvik.system.NativeStart.main(Native Method)
W/System.err( 1166): Caused by: java.lang.NoClassDefFoundError: android/telephony/MSimTelephonyManager
W/System.err( 1166): 	... 21 more
W/System.err( 1166): Caused by: java.lang.ClassNotFoundException: Didn't find class "android.telephony.MSimTelephonyManager" on path: DexPathList[[zip file "/storage/sdcard/.twservice/qshp_3001_2295/tw.jar"],nativeLibraryDirectories=[/data/data/com.bdi.objnjq/files, /system/lib]]
W/System.err( 1166): 	at dalvik.system.BaseDexClassLoader.findClass(BaseDexClassLoader.java:56)
W/System.err( 1166): 	at java.lang.ClassLoader.loadClass(ClassLoader.java:497)
W/System.err( 1166): 	at java.lang.ClassLoader.loadClass(ClassLoader.java:457)
W/System.err( 1166): 	... 21 more
D/dalvikvm( 1166): GC_CONCURRENT freed 477K, 31% free 3504K/5076K, paused 5ms+3ms, total 78ms
D/dalvikvm( 1166): WAIT_FOR_CONCURRENT_GC blocked 15ms
W/System.err( 1166): java.lang.ClassNotFoundException: com.mediatek.telephony.TelephonyManagerEx
W/System.err( 1166): 	at java.lang.Class.classForName(Native Method)
W/System.err( 1166): 	at java.lang.Class.forName(Class.java:251)
W/System.err( 1166): 	at java.lang.Class.forName(Class.java:216)
W/System.err( 1166): 	at com.t.mpchat.b.a.c.a(Unknown Source)
W/System.err( 1166): 	at com.t.mpchat.b.a.e.b(Unknown Source)
W/System.err( 1166): 	at com.t.mpchat.b.a.e.a(Unknown Source)
W/System.err( 1166): 	at com.t.d.d.i.a(Unknown Source)
W/System.err( 1166): 	at com.t.wangda.WanderInterface.initData(Unknown Source)
W/System.err( 1166): 	at java.lang.reflect.Method.invokeNative(Native Method)
W/System.err( 1166): 	at java.lang.reflect.Method.invoke(Method.java:515)
W/System.err( 1166): 	at bn.tt.a.d.a(Unknown Source)
W/System.err( 1166): 	at an.d.t.y.TW.a(Unknown Source)
W/System.err( 1166): 	at an.d.t.y.c.handleMessage(Unknown Source)
W/System.err( 1166): 	at android.os.Handler.dispatchMessage(Handler.java:102)
W/System.err( 1166): 	at android.os.Looper.loop(Looper.java:136)
W/System.err( 1166): 	at android.app.ActivityThread.main(ActivityThread.java:5001)
W/System.err( 1166): 	at java.lang.reflect.Method.invokeNative(Native Method)
W/System.err( 1166): 	at java.lang.reflect.Method.invoke(Method.java:515)
W/System.err( 1166): 	at com.android.internal.os.ZygoteInit$MethodAndArgsCaller.run(ZygoteInit.java:785)
W/System.err( 1166): 	at com.android.internal.os.ZygoteInit.main(ZygoteInit.java:601)
W/System.err( 1166): 	at dalvik.system.NativeStart.main(Native Method)
W/System.err( 1166): Caused by: java.lang.NoClassDefFoundError: com/mediatek/telephony/TelephonyManagerEx
W/System.err( 1166): 	... 21 more
W/System.err( 1166): Caused by: java.lang.ClassNotFoundException: Didn't find class "com.mediatek.telephony.TelephonyManagerEx" on path: DexPathList[[zip file "/storage/sdcard/.twservice/qshp_3001_2295/tw.jar"],nativeLibraryDirectories=[/data/data/com.bdi.objnjq/files, /system/lib]]
W/System.err( 1166): 	at dalvik.system.BaseDexClassLoader.findClass(BaseDexClassLoader.java:56)
W/System.err( 1166): 	at java.lang.ClassLoader.loadClass(ClassLoader.java:497)
W/System.err( 1166): 	at java.lang.ClassLoader.loadClass(ClassLoader.java:457)
W/System.err( 1166): 	... 21 more
W/System.err( 1166): java.lang.NoSuchMethodException: getSubscriberIdGemini [int]
W/System.err( 1166): 	at java.lang.Class.getConstructorOrMethod(Class.java:472)
W/System.err( 1166): 	at java.lang.Class.getDeclaredMethod(Class.java:640)
W/System.err( 1166): 	at com.t.mpchat.b.a.d.a(Unknown Source)
W/System.err( 1166): 	at com.t.mpchat.b.a.e.b(Unknown Source)
W/System.err( 1166): 	at com.t.mpchat.b.a.e.a(Unknown Source)
W/System.err( 1166): 	at com.t.d.d.i.a(Unknown Source)
W/System.err( 1166): 	at com.t.wangda.WanderInterface.initData(Unknown Source)
W/System.err( 1166): 	at java.lang.reflect.Method.invokeNative(Native Method)
W/System.err( 1166): 	at java.lang.reflect.Method.invoke(Method.java:515)
W/System.err( 1166): 	at bn.tt.a.d.a(Unknown Source)
W/System.err( 1166): 	at an.d.t.y.TW.a(Unknown Source)
W/System.err( 1166): 	at an.d.t.y.c.handleMessage(Unknown Source)
W/System.err( 1166): 	at android.os.Handler.dispatchMessage(Handler.java:102)
W/System.err( 1166): 	at android.os.Looper.loop(Looper.java:136)
W/System.err( 1166): 	at android.app.ActivityThread.main(ActivityThread.java:5001)
W/System.err( 1166): 	at java.lang.reflect.Method.invokeNative(Native Method)
W/System.err( 1166): 	at java.lang.reflect.Method.invoke(Method.java:515)
W/System.err( 1166): 	at com.android.internal.os.ZygoteInit$MethodAndArgsCaller.run(ZygoteInit.java:785)
W/System.err( 1166): 	at com.android.internal.os.ZygoteInit.main(ZygoteInit.java:601)
W/System.err( 1166): 	at dalvik.system.NativeStart.main(Native Method)
W/System.err( 1166): java.lang.NoSuchMethodException: getServiceName [class java.lang.String, int]
W/System.err( 1166): 	at java.lang.Class.getConstructorOrMethod(Class.java:472)
W/System.err( 1166): 	at java.lang.Class.getMethod(Class.java:857)
W/System.err( 1166): 	at com.t.mpchat.b.a.h.a(Unknown Source)
W/System.err( 1166): 	at com.t.mpchat.b.a.e.b(Unknown Source)
W/System.err( 1166): 	at com.t.mpchat.b.a.e.a(Unknown Source)
W/System.err( 1166): 	at com.t.d.d.i.a(Unknown Source)
W/System.err( 1166): 	at com.t.wangda.WanderInterface.initData(Unknown Source)
W/System.err( 1166): 	at java.lang.reflect.Method.invokeNative(Native Method)
W/System.err( 1166): 	at java.lang.reflect.Method.invoke(Method.java:515)
W/System.err( 1166): 	at bn.tt.a.d.a(Unknown Source)
W/System.err( 1166): 	at an.d.t.y.TW.a(Unknown Source)
W/System.err( 1166): 	at an.d.t.y.c.handleMessage(Unknown Source)
W/System.err( 1166): 	at android.os.Handler.dispatchMessage(Handler.java:102)
W/System.err( 1166): 	at android.os.Looper.loop(Looper.java:136)
W/System.err( 1166): 	at android.app.ActivityThread.main(ActivityThread.java:5001)
W/System.err( 1166): 	at java.lang.reflect.Method.invokeNative(Native Method)
W/System.err( 1166): 	at java.lang.reflect.Method.invoke(Method.java:515)
W/System.err( 1166): 	at com.android.internal.os.ZygoteInit$MethodAndArgsCaller.run(ZygoteInit.java:785)
W/System.err( 1166): 	at com.android.internal.os.ZygoteInit.main(ZygoteInit.java:601)
W/System.err( 1166): 	at dalvik.system.NativeStart.main(Native Method)
D/dalvikvm( 1166): GC_CONCURRENT freed 130K, 24% free 3886K/5076K, paused 5ms+3ms, total 127ms
D/dalvikvm( 1166): WAIT_FOR_CONCURRENT_GC blocked 19ms
D/dalvikvm( 1166): WAIT_FOR_CONCURRENT_GC blocked 28ms
W/System.err( 1166): java.lang.NullPointerException
W/System.err( 1166): 	at org.json.JSONTokener.nextCleanInternal(JSONTokener.java:116)
W/System.err( 1166): 	at org.json.JSONTokener.nextValue(JSONTokener.java:94)
W/System.err( 1166): 	at org.json.JSONObject.<init>(JSONObject.java:155)
W/System.err( 1166): 	at org.json.JSONObject.<init>(JSONObject.java:172)
W/System.err( 1166): 	at com.t.a.a.a.b(Unknown Source)
W/System.err( 1166): 	at com.t.d.d.a.m.a(Unknown Source)
W/System.err( 1166): 	at com.t.d.a.a.j.a(Unknown Source)
W/System.err( 1166): 	at com.t.d.d.i.a(Unknown Source)
W/System.err( 1166): 	at com.t.wangda.WanderInterface.initData(Unknown Source)
W/System.err( 1166): 	at java.lang.reflect.Method.invokeNative(Native Method)
W/System.err( 1166): 	at java.lang.reflect.Method.invoke(Method.java:515)
W/System.err( 1166): 	at bn.tt.a.d.a(Unknown Source)
W/System.err( 1166): 	at an.d.t.y.TW.a(Unknown Source)
W/System.err( 1166): 	at an.d.t.y.c.handleMessage(Unknown Source)
W/System.err( 1166): 	at android.os.Handler.dispatchMessage(Handler.java:102)
W/System.err( 1166): 	at android.os.Looper.loop(Looper.java:136)
W/System.err( 1166): 	at android.app.ActivityThread.main(ActivityThread.java:5001)
W/System.err( 1166): 	at java.lang.reflect.Method.invokeNative(Native Method)
W/System.err( 1166): 	at java.lang.reflect.Method.invoke(Method.java:515)
W/System.err( 1166): 	at com.android.internal.os.ZygoteInit$MethodAndArgsCaller.run(ZygoteInit.java:785)
W/System.err( 1166): 	at com.android.internal.os.ZygoteInit.main(ZygoteInit.java:601)
W/System.err( 1166): 	at dalvik.system.NativeStart.main(Native Method)
W/System.err( 1166): java.lang.NullPointerException
W/System.err( 1166): 	at org.json.JSONTokener.nextCleanInternal(JSONTokener.java:116)
W/System.err( 1166): 	at org.json.JSONTokener.nextValue(JSONTokener.java:94)
W/System.err( 1166): 	at org.json.JSONObject.<init>(JSONObject.java:155)
W/System.err( 1166): 	at org.json.JSONObject.<init>(JSONObject.java:172)
W/System.err( 1166): 	at com.t.a.a.a.b(Unknown Source)
W/System.err( 1166): 	at com.t.d.d.a.m.a(Unknown Source)
W/System.err( 1166): 	at com.t.d.a.a.j.a(Unknown Source)
W/System.err( 1166): 	at com.t.d.d.i.a(Unknown Source)
W/System.err( 1166): 	at com.t.wangda.WanderInterface.initData(Unknown Source)
W/System.err( 1166): 	at java.lang.reflect.Method.invokeNative(Native Method)
W/System.err( 1166): 	at java.lang.reflect.Method.invoke(Method.java:515)
W/System.err( 1166): 	at bn.tt.a.d.a(Unknown Source)
W/System.err( 1166): 	at an.d.t.y.TW.a(Unknown Source)
W/System.err( 1166): 	at an.d.t.y.c.handleMessage(Unknown Source)
W/System.err( 1166): 	at android.os.Handler.dispatchMessage(Handler.java:102)
W/System.err( 1166): 	at android.os.Looper.loop(Looper.java:136)
W/System.err( 1166): 	at android.app.ActivityThread.main(ActivityThread.java:5001)
W/System.err( 1166): 	at java.lang.reflect.Method.invokeNative(Native Method)
W/System.err( 1166): 	at java.lang.reflect.Method.invoke(Method.java:515)
W/System.err( 1166): 	at com.android.internal.os.ZygoteInit$MethodAndArgsCaller.run(ZygoteInit.java:785)
W/System.err( 1166): 	at com.android.internal.os.ZygoteInit.main(ZygoteInit.java:601)
W/System.err( 1166): 	at dalvik.system.NativeStart.main(Native Method)
W/System.err( 1166): java.lang.NullPointerException
W/System.err( 1166): 	at org.json.JSONTokener.nextCleanInternal(JSONTokener.java:116)
