I/PackageManager(  370): /system/app/Exchange2.apk changed; collecting certs
I/PackageManager(  370): /system/app/Fallback.apk changed; collecting certs
D/dalvikvm(  370): GC_CONCURRENT freed 460K, 63% free 4712K/12732K, paused 4ms+22ms, total 78ms
I/PackageManager(  370): /system/app/Gallery.apk changed; collecting certs
D/dalvikvm(  370): GC_CONCURRENT freed 1171K, 68% free 4082K/12732K, paused 4ms+5ms, total 106ms
I/PackageManager(  370): /system/app/GpsLocationTest.apk changed; collecting certs
I/PackageManager(  370): /system/app/HTMLViewer.apk changed; collecting certs
I/PackageManager(  370): /system/app/KeyChain.apk changed; collecting certs
D/dalvikvm(  370): GC_CONCURRENT freed 411K, 68% free 4107K/12732K, paused 4ms+7ms, total 86ms
I/PackageManager(  370): /system/app/LatinIME.apk changed; collecting certs
D/dalvikvm(  370): GC_CONCURRENT freed 485K, 68% free 4115K/12732K, paused 4ms+3ms, total 47ms
D/dalvikvm(  370): WAIT_FOR_CONCURRENT_GC blocked 37ms
D/dalvikvm(  370): GC_FOR_ALLOC freed 343K, 67% free 4227K/12732K, paused 33ms, total 34ms
D/dalvikvm(  370): GC_CONCURRENT freed 270K, 66% free 4425K/12732K, paused 6ms+14ms, total 122ms
D/dalvikvm(  370): GC_CONCURRENT freed 274K, 64% free 4662K/12732K, paused 5ms+16ms, total 97ms
D/dalvikvm(  370): WAIT_FOR_CONCURRENT_GC blocked 6ms
D/dalvikvm(  370): GC_CONCURRENT freed 331K, 63% free 4812K/12732K, paused 4ms+6ms, total 88ms
I/PackageManager(  370): /system/app/LegacyCamera.apk changed; collecting certs
D/dalvikvm(  370): GC_CONCURRENT freed 397K, 62% free 4943K/12732K, paused 5ms+11ms, total 88ms
D/dalvikvm(  370): WAIT_FOR_CONCURRENT_GC blocked 25ms
D/dalvikvm(  370): GC_CONCURRENT freed 1342K, 68% free 4138K/12732K, paused 5ms+3ms, total 47ms
D/dalvikvm(  370): WAIT_FOR_CONCURRENT_GC blocked 37ms
D/dalvikvm(  370): GC_CONCURRENT freed 457K, 68% free 4192K/12732K, paused 5ms+3ms, total 41ms
D/dalvikvm(  370): WAIT_FOR_CONCURRENT_GC blocked 28ms
D/dalvikvm(  370): GC_CONCURRENT freed 145K, 65% free 4562K/12732K, paused 5ms+5ms, total 90ms
D/dalvikvm(  370): WAIT_FOR_CONCURRENT_GC blocked 6ms
D/dalvikvm(  370): GC_CONCURRENT freed 312K, 63% free 4724K/12732K, paused 5ms+6ms, total 87ms
I/PackageManager(  370): /system/app/LiveWallpapersPicker.apk changed; collecting certs
I/PackageManager(  370): /system/app/Music.apk changed; collecting certs
D/dalvikvm(  370): GC_CONCURRENT freed 431K, 63% free 4791K/12732K, paused 13ms+9ms, total 65ms
D/dalvikvm(  370): WAIT_FOR_CONCURRENT_GC blocked 34ms
D/dalvikvm(  370): GC_CONCURRENT freed 1146K, 68% free 4167K/12732K, paused 14ms+12ms, total 92ms
D/dalvikvm(  370): WAIT_FOR_CONCURRENT_GC blocked 10ms
I/PackageManager(  370): /system/app/NetSpeed.apk changed; collecting certs
I/PackageManager(  370): /system/app/OpenWnn.apk changed; collecting certs
D/dalvikvm(  370): GC_CONCURRENT freed 360K, 67% free 4311K/12732K, paused 4ms+6ms, total 66ms
D/dalvikvm(  370): WAIT_FOR_CONCURRENT_GC blocked 30ms
D/dalvikvm(  370): GC_CONCURRENT freed 662K, 68% free 4160K/12732K, paused 5ms+3ms, total 56ms
D/dalvikvm(  370): WAIT_FOR_CONCURRENT_GC blocked 21ms
D/dalvikvm(  370): GC_CONCURRENT freed 248K, 66% free 4424K/12732K, paused 5ms+3ms, total 105ms
D/dalvikvm(  370): WAIT_FOR_CONCURRENT_GC blocked 13ms
I/PackageManager(  370): /system/app/PacProcessor.apk changed; collecting certs
I/PackageManager(  370): /system/app/PackageInstaller.apk changed; collecting certs
D/dalvikvm(  370): GC_CONCURRENT freed 394K, 65% free 4541K/12732K, paused 12ms+15ms, total 91ms
D/dalvikvm(  370): WAIT_FOR_CONCURRENT_GC blocked 8ms
I/PackageManager(  370): /system/app/PicoTts.apk changed; collecting certs
I/PackageManager(  370): /system/app/PinyinIME.apk changed; collecting certs
D/dalvikvm(  370): GC_CONCURRENT freed 953K, 68% free 4099K/12732K, paused 4ms+4ms, total 66ms
D/dalvikvm(  370): WAIT_FOR_CONCURRENT_GC blocked 28ms
I/PackageManager(  370): /system/app/PrintSpooler.apk changed; collecting certs
I/PackageManager(  370): /system/app/Protips.apk changed; collecting certs
D/dalvikvm(  370): GC_CONCURRENT freed 443K, 67% free 4213K/12732K, paused 5ms+7ms, total 99ms
D/dalvikvm(  370): WAIT_FOR_CONCURRENT_GC blocked 8ms
I/PackageManager(  370): /system/app/QuickSearchBox.apk changed; collecting certs
D/dalvikvm(  370): GC_CONCURRENT freed 483K, 67% free 4241K/12732K, paused 5ms+4ms, total 74ms
D/dalvikvm(  370): WAIT_FOR_CONCURRENT_GC blocked 13ms
I/PackageManager(  370): /system/app/SdkSetup.apk changed; collecting certs
I/PackageManager(  370): /system/app/SoundRecorder.apk changed; collecting certs
D/dalvikvm(  370): GC_CONCURRENT freed 528K, 67% free 4224K/12732K, paused 15ms+8ms, total 88ms
D/dalvikvm(  370): WAIT_FOR_CONCURRENT_GC blocked 9ms
I/PackageManager(  370): /system/app/SpeechRecorder.apk changed; collecting certs
I/PackageManager(  370): /system/app/TelephonyProvider.apk changed; collecting certs
I/PackageManager(  370): /system/app/UserDictionaryProvider.apk changed; collecting certs
D/dalvikvm(  370): GC_CONCURRENT freed 632K, 68% free 4103K/12732K, paused 15ms+9ms, total 91ms
D/dalvikvm(  370): WAIT_FOR_CONCURRENT_GC blocked 10ms
D/PackageManager(  370): No files in app dir /vendor/app
W/PackageParser(  370): No actions in intent filter at /data/app/ApiDemos.apk Binary XML file line #2899
W/PackageParser(  370): No actions in intent filter at /data/app/ApiDemos.apk Binary XML file line #2905
I/PackageManager(  370): /data/app/ApiDemos.apk changed; collecting certs
D/dalvikvm(  370): GC_CONCURRENT freed 273K, 66% free 4341K/12732K, paused 14ms+15ms, total 95ms
D/dalvikvm(  370): WAIT_FOR_CONCURRENT_GC blocked 7ms
D/dalvikvm(  370): GC_CONCURRENT freed 279K, 65% free 4574K/12732K, paused 8ms+3ms, total 46ms
D/dalvikvm(  370): WAIT_FOR_CONCURRENT_GC blocked 38ms
D/dalvikvm(  370): GC_CONCURRENT freed 371K, 63% free 4762K/12732K, paused 5ms+5ms, total 107ms
D/dalvikvm(  370): GC_CONCURRENT freed 309K, 61% free 4982K/12732K, paused 5ms+5ms, total 181ms
D/dalvikvm(  370): GC_CONCURRENT freed 718K, 63% free 4830K/12732K, paused 6ms+3ms, total 76ms
D/dalvikvm(  370): WAIT_FOR_CONCURRENT_GC blocked 36ms
D/dalvikvm(  370): GC_CONCURRENT freed 525K, 63% free 4829K/12732K, paused 4ms+4ms, total 75ms
D/dalvikvm(  370): WAIT_FOR_CONCURRENT_GC blocked 30ms
D/dalvikvm(  370): GC_CONCURRENT freed 526K, 63% free 4833K/12732K, paused 14ms+4ms, total 73ms
D/dalvikvm(  370): WAIT_FOR_CONCURRENT_GC blocked 36ms
D/dalvikvm(  370): GC_CONCURRENT freed 534K, 63% free 4832K/12732K, paused 5ms+3ms, total 75ms
D/dalvikvm(  370): WAIT_FOR_CONCURRENT_GC blocked 32ms
D/dalvikvm(  370): GC_CONCURRENT freed 522K, 62% free 4843K/12732K, paused 16ms+4ms, total 76ms
D/dalvikvm(  370): WAIT_FOR_CONCURRENT_GC blocked 37ms
D/dalvikvm(  370): GC_CONCURRENT freed 529K, 62% free 4846K/12732K, paused 5ms+3ms, total 75ms
D/dalvikvm(  370): WAIT_FOR_CONCURRENT_GC blocked 37ms
D/dalvikvm(  370): GC_CONCURRENT freed 529K, 62% free 4849K/12732K, paused 4ms+4ms, total 75ms
D/dalvikvm(  370): WAIT_FOR_CONCURRENT_GC blocked 33ms
D/dalvikvm(  370): GC_CONCURRENT freed 531K, 62% free 4853K/12732K, paused 5ms+4ms, total 77ms
D/dalvikvm(  370): WAIT_FOR_CONCURRENT_GC blocked 32ms
D/dalvikvm(  370): GC_CONCURRENT freed 529K, 62% free 4855K/12732K, paused 15ms+3ms, total 75ms
D/dalvikvm(  370): WAIT_FOR_CONCURRENT_GC blocked 35ms
W/PackageManager(  370): Package com.example.android.apis desires unavailable shared library com.example.will.never.exist; ignoring!
D/dalvikvm(  370): GC_CONCURRENT freed 491K, 62% free 4899K/12732K, paused 5ms+16ms, total 125ms
I/PackageManager(  370): /data/app/CubeLiveWallpapers.apk changed; collecting certs
I/PackageManager(  370): /data/app/GestureBuilder.apk changed; collecting certs
D/dalvikvm(  370): GC_CONCURRENT freed 490K, 62% free 4959K/12732K, paused 5ms+9ms, total 81ms
D/dalvikvm(  370): WAIT_FOR_CONCURRENT_GC blocked 34ms
I/PackageManager(  370): /data/app/SmokeTest.apk changed; collecting certs
I/PackageManager(  370): /data/app/SmokeTestApp.apk changed; collecting certs
I/PackageManager(  370): /data/app/SoftKeyboard.apk changed; collecting certs
D/dalvikvm(  370): GC_CONCURRENT freed 1127K, 66% free 4398K/12732K, paused 6ms+4ms, total 129ms
D/dalvikvm(  370): WAIT_FOR_CONCURRENT_GC blocked 31ms
I/PackageManager(  370): /data/app/WidgetPreview.apk changed; collecting certs
D/dalvikvm(  370): GC_CONCURRENT freed 534K, 66% free 4372K/12732K, paused 5ms+5ms, total 81ms
D/dalvikvm(  370): WAIT_FOR_CONCURRENT_GC blocked 19ms
W/PackageManager(  370): Package com.example.android.apis desires unavailable shared library com.example.will.never.exist; ignoring!
W/PackageManager(  370): Package com.android.camera desires unavailable shared library com.google.android.media.effects; ignoring!
I/PackageManager(  370): Time to scan packages: 23.643 seconds
W/PackageManager(  370): Not granting permission android.permission.GLOBAL_SEARCH to package com.android.quicksearchbox (protectionLevel=18 flags=0x8be45)
W/PackageManager(  370): Unknown permission com.android.smspush.WAPPUSH_MANAGER_BIND in package com.android.phone
W/PackageManager(  370): Unknown permission com.google.android.googleapps.permission.GOOGLE_AUTH in package com.android.providers.calendar
W/PackageManager(  370): Unknown permission com.google.android.googleapps.permission.GOOGLE_AUTH.cl in package com.android.providers.calendar
W/PackageManager(  370): Unknown permission com.google.android.googleapps.permission.GOOGLE_AUTH.mail in package com.android.calendar
W/PackageManager(  370): Not granting permission android.permission.ACCESS_DOWNLOAD_MANAGER to package com.android.browser (protectionLevel=18 flags=0x9be45)
W/PackageManager(  370): Not granting permission android.permission.SEND_DOWNLOAD_COMPLETED_INTENTS to package com.android.browser (protectionLevel=2 flags=0x9be45)
W/PackageManager(  370): Not granting permission android.permission.BIND_APPWIDGET to package com.android.widgetpreview (protectionLevel=18 flags=0x8be44)
W/PackageManager(  370): Unknown permission android.permission.INSTALL_DRM in package com.android.mms
W/PackageManager(  370): Unknown permission com.google.android.googleapps.permission.GOOGLE_AUTH in package com.android.settings
W/PackageManager(  370): Unknown permission com.google.android.googleapps.permission.ACCESS_GOOGLE_PASSWORD in package com.android.development
W/PackageManager(  370): Unknown permission com.google.android.googleapps.permission.GOOGLE_AUTH in package com.android.development
W/PackageManager(  370): Unknown permission com.google.android.googleapps.permission.GOOGLE_AUTH.ALL_SERVICES in package com.android.development
W/PackageManager(  370): Unknown permission com.google.android.googleapps.permission.GOOGLE_AUTH.YouTubeUser in package com.android.development
W/PackageManager(  370): Not granting permission android.permission.DELETE_PACKAGES to package com.svox.pico (protectionLevel=18 flags=0x8be45)
W/PackageManager(  370): Not granting permission android.permission.DEVICE_POWER to package com.android.deskclock (protectionLevel=2 flags=0x48be45)
D/dalvikvm(  370): GC_CONCURRENT freed 389K, 66% free 4375K/12732K, paused 5ms+3ms, total 50ms
D/dalvikvm(  370): WAIT_FOR_CONCURRENT_GC blocked 37ms
D/dalvikvm(  370): GC_EXPLICIT freed 97K, 67% free 4277K/12732K, paused 5ms+4ms, total 54ms
I/SystemServer(  370): Entropy Mixer
W/EntropyMixer(  370): No existing entropy file -- first boot?
I/EntropyMixer(  370): Writing entropy...
I/SystemServer(  370): User Service
I/SystemServer(  370): Account Manager
I/SystemServer(  370): Content Manager
I/SystemServer(  370): System Content Providers
I/SyncManager(  370): No initial accounts
I/SyncManager(  370): No initial status
W/SyncManagerFile(  370): Error reading pending data.
W/SyncManagerFile(  370): java.io.FileNotFoundException: /data/system/sync/pending.xml: open failed: ENOENT (No such file or directory)
W/SyncManagerFile(  370): 	at libcore.io.IoBridge.open(IoBridge.java:409)
W/SyncManagerFile(  370): 	at java.io.FileInputStream.<init>(FileInputStream.java:78)
W/SyncManagerFile(  370): 	at android.util.AtomicFile.openRead(AtomicFile.java:199)
W/SyncManagerFile(  370): 	at com.android.server.content.SyncStorageEngine.readPendingOperationsLocked(SyncStorageEngine.java:2286)
W/SyncManagerFile(  370): 	at com.android.server.content.SyncStorageEngine.<init>(SyncStorageEngine.java:434)
W/SyncManagerFile(  370): 	at com.android.server.content.SyncStorageEngine.init(SyncStorageEngine.java:454)
W/SyncManagerFile(  370): 	at com.android.server.content.SyncManager.<init>(SyncManager.java:383)
W/SyncManagerFile(  370): 	at com.android.server.content.ContentService.getSyncManager(ContentService.java:75)
W/SyncManagerFile(  370): 	at com.android.server.content.ContentService.notifyChange(ContentService.java:283)
W/SyncManagerFile(  370): 	at android.content.ContentResolver.notifyChange(ContentResolver.java:1621)
W/SyncManagerFile(  370): 	at com.android.providers.settings.SettingsProvider.sendNotify(SettingsProvider.java:262)
W/SyncManagerFile(  370): 	at com.android.providers.settings.SettingsProvider.insertForUser(SettingsProvider.java:941)
W/SyncManagerFile(  370): 	at com.android.providers.settings.SettingsProvider.ensureAndroidIdIsSet(SettingsProvider.java:496)
W/SyncManagerFile(  370): 	at com.android.providers.settings.SettingsProvider.establishDbTracking(SettingsProvider.java:409)
W/SyncManagerFile(  370): 	at com.android.providers.settings.SettingsProvider.onCreate(SettingsProvider.java:335)
W/SyncManagerFile(  370): 	at android.content.ContentProvider.attachInfo(ContentProvider.java:1591)
W/SyncManagerFile(  370): 	at android.content.ContentProvider.attachInfo(ContentProvider.java:1562)
W/SyncManagerFile(  370): 	at android.app.ActivityThread.installProvider(ActivityThread.java:4774)
W/SyncManagerFile(  370): 	at android.app.ActivityThread.installContentProviders(ActivityThread.java:4369)
W/SyncManagerFile(  370): 	at android.app.ActivityThread.installSystemProviders(ActivityThread.java:4929)
W/SyncManagerFile(  370): 	at com.android.server.am.ActivityManagerService.installSystemProviders(ActivityManagerService.java:8081)
W/SyncManagerFile(  370): 	at com.android.server.ServerThread.initAndLoop(SystemServer.java:275)
W/SyncManagerFile(  370): 	at com.android.server.SystemServer.main(SystemServer.java:1179)
W/SyncManagerFile(  370): 	at java.lang.reflect.Method.invokeNative(Native Method)
W/SyncManagerFile(  370): 	at java.lang.reflect.Method.invoke(Method.java:515)
W/SyncManagerFile(  370): 	at com.android.internal.os.ZygoteInit$MethodAndArgsCaller.run(ZygoteInit.java:785)
W/SyncManagerFile(  370): 	at com.android.internal.os.ZygoteInit.main(ZygoteInit.java:601)
W/SyncManagerFile(  370): 	at dalvik.system.NativeStart.main(Native Method)
W/SyncManagerFile(  370): Caused by: libcore.io.ErrnoException: open failed: ENOENT (No such file or directory)
W/SyncManagerFile(  370): 	at libcore.io.Posix.open(Native Method)
W/SyncManagerFile(  370): 	at libcore.io.BlockGuardOs.open(BlockGuardOs.java:110)
W/SyncManagerFile(  370): 	at libcore.io.IoBridge.open(IoBridge.java:393)
W/SyncManagerFile(  370): 	... 27 more
I/SyncManager(  370): No initial statistics
D/SettingsProvider(  370): Generated and saved new ANDROID_ID [2181e9cd7f61f66c] for user 0
I/SystemServer(  370): Lights Service
I/SystemServer(  370): Battery Service
I/SystemServer(  370): Vibrator Service
E/ConsumerIrService(  370): Can't open consumer IR HW Module, error: -2
W/libsuspend(  370): Error writing 'on' to /sys/power/state: Invalid argument
E/libsuspend(  370): Error opening /sys/power/autosleep: No such file or directory
I/libsuspend(  370): Selected wakeup count
I/SystemServer(  370): Consumer IR Service
D/PermissionCache(   57): checking android.permission.ACCESS_SURFACE_FLINGER for uid=1000 => granted (2252 us)
D/SurfaceFlinger(   57): Screen acquired, type=0 flinger=0xb8840450
D/SurfaceFlinger(   57):  screen was previously acquired
I/SystemServer(  370): Alarm Manager
I/SystemServer(  370): Init Watchdog
I/SystemServer(  370): Input Manager
I/InputManager(  370): Initializing input manager, mUseDevInputEventForAudioJack=false
I/SystemServer(  370): Window Manager
I/WindowManager(  370): No existing display settings /data/system/display_settings.xml; starting empty
D/dalvikvm(  370): GC_CONCURRENT freed 309K, 65% free 4479K/12732K, paused 9ms+4ms, total 156ms
D/dalvikvm(  370): WAIT_FOR_CONCURRENT_GC blocked 13ms
I/WindowManager(  370): No keyguard interface!
I/InputManager(  370): Starting input manager
I/SystemServer(  370): No Bluetooh Service (emulator)
I/SystemServer(  370): Input Method Service
E/EventHub(  370): could not get driver version for /dev/input/mouse0, Not a typewriter
W/EventHub(  370): Unable to disable kernel key repeat for /dev/input/event0: Function not implemented
I/EventHub(  370): New device: id=1, fd=93, path='/dev/input/event0', name='qwerty2', classes=0x2d, configuration='/system/usr/idc/qwerty2.idc', keyLayout='/system/usr/keylayout/qwerty.kl', keyCharacterMap='/system/usr/keychars/qwerty2.kcm', builtinKeyboard=true, usingSuspendBlockIoctl=true, usingClockIoctl=true
E/EventHub(  370): could not get driver version for /dev/input/mice, Not a typewriter
I/InputReader(  370): Device added: id=-1, name='Virtual', sources=0x00000301
I/InputReader(  370):   Touch device 'qwerty2' could not query the properties of its associated display.  The device will be inoperable until the display size becomes available.
I/InputReader(  370): Device added: id=0, name='qwerty2', sources=0x00011307
W/InputMethodManagerService(  370): No IME selected. Choose the most applicable IME.
I/InputMethodManagerService(  370): No default found, using com.android.inputmethod.latin/.LatinIME
I/SystemServer(  370): Accessibility Manager
I/ActivityManager(  370): Config changes=1df8 {1.0 ?mcc?mnc en_US ldltr sw480dp w480dp h864dp 160dpi lrg long port ?uimode ?night -touch -keyb/h/h tball/v s.2}
I/InputReader(  370): Reconfiguring input devices.  changes=0x00000004
I/InputReader(  370): Device reconfigured: id=0, name='qwerty2', size 480x864, orientation 0, mode 1, display id 0
I/ActivityManager(  370): Config changes=408 {1.0 ?mcc?mnc en_US ldltr sw480dp w480dp h839dp 160dpi lrg long port ?uimode ?night finger -keyb/h/h tball/v s.3}
I/SystemServer(  370): Mount Service
D/MountService(  370): got storage path: /storage/sdcard description: USB storage primary: true removable: false emulated: false mtpReserve: 0 allowMassStorage: false maxFileSize: 0
D/MountService(  370): addVolumeLocked() StorageVolume:
D/MountService(  370):     mStorageId=0 mPath=/storage/sdcard mDescriptionId=17040665 mPrimary=true 
D/MountService(  370):     mRemovable=false mEmulated=false mMtpReserveSpace=0 
D/MountService(  370):     mAllowMassStorage=false mMaxFileSize=0 mOwner=null mUuid=null 
D/MountService(  370):     mUserLabel=null mState=null 
I/SystemServer(  370): LockSettingsService
I/SystemServer(  370): Device Policy
I/SystemServer(  370): Status Bar
I/SystemServer(  370): Clipboard Service
I/SystemServer(  370): NetworkManagement Service
I/SystemServer(  370): Text Service Manager Service
I/PackageManager(  370): No secure containers on sdcard
W/MountService(  370): Duplicate state transition (unmounted -> unmounted) for /storage/sdcard
W/MountService(  370): getSecureContainerList() called when storage not mounted
I/SystemServer(  370): NetworkStats Service
I/SystemServer(  370): NetworkPolicy Service
I/SystemServer(  370): Wi-Fi P2pService
W/PackageManager(  370): Not granting permission android.permission.GLOBAL_SEARCH to package com.android.quicksearchbox (protectionLevel=18 flags=0x8be45)
W/PackageManager(  370): Unknown permission com.android.smspush.WAPPUSH_MANAGER_BIND in package com.android.phone
W/PackageManager(  370): Unknown permission com.google.android.googleapps.permission.GOOGLE_AUTH in package com.android.providers.calendar
W/PackageManager(  370): Unknown permission com.google.android.googleapps.permission.GOOGLE_AUTH.cl in package com.android.providers.calendar
W/PackageManager(  370): Unknown permission com.google.android.googleapps.permission.GOOGLE_AUTH.mail in package com.android.calendar
W/PackageManager(  370): Not granting permission android.permission.ACCESS_DOWNLOAD_MANAGER to package com.android.browser (protectionLevel=18 flags=0x9be45)
W/PackageManager(  370): Not granting permission android.permission.SEND_DOWNLOAD_COMPLETED_INTENTS to package com.android.browser (protectionLevel=2 flags=0x9be45)
W/PackageManager(  370): Not granting permission android.permission.BIND_APPWIDGET to package com.android.widgetpreview (protectionLevel=18 flags=0x8be44)
W/PackageManager(  370): Unknown permission android.permission.INSTALL_DRM in package com.android.mms
W/PackageManager(  370): Unknown permission com.google.android.googleapps.permission.GOOGLE_AUTH in package com.android.settings
W/PackageManager(  370): Unknown permission com.google.android.googleapps.permission.ACCESS_GOOGLE_PASSWORD in package com.android.development
W/PackageManager(  370): Unknown permission com.google.android.googleapps.permission.GOOGLE_AUTH in package com.android.development
W/PackageManager(  370): Unknown permission com.google.android.googleapps.permission.GOOGLE_AUTH.ALL_SERVICES in package com.android.development
W/PackageManager(  370): Unknown permission com.google.android.googleapps.permission.GOOGLE_AUTH.YouTubeUser in package com.android.development
W/PackageManager(  370): Not granting permission android.permission.DELETE_PACKAGES to package com.svox.pico (protectionLevel=18 flags=0x8be45)
W/PackageManager(  370): Not granting permission android.permission.DEVICE_POWER to package com.android.deskclock (protectionLevel=2 flags=0x48be45)
D/dalvikvm(  370): GC_CONCURRENT freed 280K, 64% free 4649K/12732K, paused 5ms+4ms, total 153ms
I/SystemServer(  370): Wi-Fi Service
D/WifiController(  370): isAirplaneModeOn = false, isWifiEnabled = false, isScanningAvailable = false
I/SystemServer(  370): Connectivity Service
D/ConnectivityService(  370): ConnectivityService starting up
D/ConnectivityService(  370): wifiOnly=false
E/MobileDataStateTracker(  370): default: Ignoring feature request because could not acquire PhoneService
E/MobileDataStateTracker(  370): default: Could not enable APN type "default"
I/WifiService(  370): WifiService starting up with Wi-Fi disabled
I/SystemServer(  370): Network Service Discovery Service
D/NsdService(  370): Network service discovery enabled true
I/SystemServer(  370): UpdateLock Service
I/SystemServer(  370): Notification Manager
I/SystemServer(  370): Device Storage Monitor
I/SystemServer(  370): Location Manager
I/SystemServer(  370): Country Detector
I/SystemServer(  370): Search Service
I/SystemServer(  370): DropBox Service
I/SystemServer(  370): Wallpaper Service
W/WallpaperService(  370): no current wallpaper -- first boot?
I/SystemServer(  370): Audio Service
D/dalvikvm(  370): GC_CONCURRENT freed 247K, 62% free 4851K/12732K, paused 6ms+14ms, total 128ms
I/SystemServer(  370): Dock Observer
W/DockObserver(  370): This kernel does not have dock station support
I/SystemServer(  370): Wired Accessory Manager
W/WiredAccessoryManager(  370): This kernel does not have wired headset support
W/WiredAccessoryManager(  370): This kernel does not have usb audio support
W/WiredAccessoryManager(  370): This kernel does not have HDMI audio support
I/SystemServer(  370): USB Service
I/SystemServer(  370): Serial Service
I/SystemServer(  370): Twilight Service
I/SystemServer(  370): UI Mode Manager Service
I/SystemServer(  370): Backup Service
V/BackupManagerService(  370): Initializing package tracking
V/BackupManagerService(  370): No ancestral data
V/BackupManagerService(  370): addPackageParticipantsLocked: all
I/BackupManagerService(  370): Scheduling backup for new app com.android.calendar
D/BackupManagerService(  370): Now staging backup of com.android.calendar
I/BackupManagerService(  370): Scheduling backup for new app com.android.browser
D/BackupManagerService(  370): Now staging backup of com.android.browser
I/BackupManagerService(  370): Scheduling backup for new app com.android.providers.userdictionary
D/BackupManagerService(  370): Now staging backup of com.android.providers.userdictionary
I/BackupManagerService(  370): Scheduling backup for new app com.android.sharedstoragebackup
D/BackupManagerService(  370): Now staging backup of com.android.sharedstoragebackup
I/BackupManagerService(  370): Scheduling backup for new app android
D/BackupManagerService(  370): Now staging backup of android
I/BackupManagerService(  370): Scheduling backup for new app com.android.dialer
D/BackupManagerService(  370): Now staging backup of com.android.dialer
I/BackupManagerService(  370): Scheduling backup for new app com.android.providers.settings
D/BackupManagerService(  370): Now staging backup of com.android.providers.settings
V/BackupManagerService(  370): Starting with transport android/com.android.internal.backup.LocalTransport
V/BackupManagerService(  370): Found transports: 1
I/BackupManagerService(  370): Binding to transport host ComponentInfo{android/com.android.internal.backup.LocalTransportService}
I/BackupManagerService(  370): Backup enabled => true
I/SystemServer(  370): AppWidget Service
I/SystemServer(  370): Recognition Service
I/SystemServer(  370): DiskStats Service
I/SystemServer(  370): SamplingProfiler Service
I/SystemServer(  370): NetworkTimeUpdateService
I/SystemServer(  370): CommonTimeManagementService
I/SystemServer(  370): CertBlacklister
I/SystemServer(  370): Dreams Service
I/SystemServer(  370): Assets Atlas Service
I/WindowManager(  370): SAFE MODE not enabled
I/SystemServer(  370): IdleMaintenanceService
I/SystemServer(  370): Print Service
I/SystemServer(  370): Media Router Service
D/Atlas   (  370): Computing best atlas configuration...
D/Atlas   (  370): Running Thread-50
D/Atlas   (  370): Found best atlas configuration in 0.08s
D/Atlas   (  370): Loaded configuration: SliceMinArea (768x768) flags=0x2 count=24
D/gralloc_goldfish(  370): Emulator without GPU emulation detected.
E/SQLiteLog(  370): (1) no such table: locksettings
I/LockSettingsService(  370): Migrated lock settings to new location
I/LockSettingsService(  370): Migrated per-user lock settings to new location
W/AssetAtlasService(  370): Could not find EGL configuration
D/Atlas   (  370): Rendered atlas in 67.06ms (63.77+3.29ms)
I/Zygote  (  370): Process: zygote socket opened
V/KeyguardServiceDelegate(  370): *** Keyguard started
V/KeyguardServiceDelegate(  370): onSystemReady() called before keyguard service was ready
I/ActivityManager(  370): Start proc com.android.systemui for service com.android.keyguard/.KeyguardService: pid=447 uid=10007 gids={50007, 1028, 1015, 1035, 3002, 3001}
D/dalvikvm(  370): GC_CONCURRENT freed 328K, 61% free 5009K/12732K, paused 25ms+11ms, total 155ms
F/SystemServer(  370): BOOT FAILURE making Package Manager Service ready
F/SystemServer(  370): java.lang.SecurityException: Unable to find app for caller android.app.ActivityThread$ApplicationThread@b35c7458 (pid=370) when registering receiver android.app.LoadedApk$ReceiverDispatcher$InnerReceiver@b33b7e70
F/SystemServer(  370): 	at com.android.server.am.ActivityManagerService.registerReceiver(ActivityManagerService.java:13021)
F/SystemServer(  370): 	at android.app.ContextImpl.registerReceiverInternal(ContextImpl.java:1450)
F/SystemServer(  370): 	at android.app.ContextImpl.registerReceiverAsUser(ContextImpl.java:1425)
F/SystemServer(  370): 	at com.android.internal.content.PackageMonitor.register(PackageMonitor.java:84)
F/SystemServer(  370): 	at com.android.server.pm.UserManagerService.systemReady(UserManagerService.java:237)
F/SystemServer(  370): 	at com.android.server.pm.PackageManagerService.systemReady(PackageManagerService.java:10476)
F/SystemServer(  370): 	at com.android.server.ServerThread.initAndLoop(SystemServer.java:893)
F/SystemServer(  370): 	at com.android.server.SystemServer.main(SystemServer.java:1179)
F/SystemServer(  370): 	at java.lang.reflect.Method.invokeNative(Native Method)
F/SystemServer(  370): 	at java.lang.reflect.Method.invoke(Method.java:515)
F/SystemServer(  370): 	at com.android.internal.os.ZygoteInit$MethodAndArgsCaller.run(ZygoteInit.java:785)
F/SystemServer(  370): 	at com.android.internal.os.ZygoteInit.main(ZygoteInit.java:601)
F/SystemServer(  370): 	at dalvik.system.NativeStart.main(Native Method)
W/SystemServer(  370): ***********************************************
I/ActivityManager(  370): Sending system update to ComponentInfo{com.android.providers.calendar/com.android.providers.calendar.CalendarUpgradeReceiver} for user 0
I/ActivityManager(  370): Sending system update to ComponentInfo{com.android.providers.contacts/com.android.providers.contacts.ContactsUpgradeReceiver} for user 0
I/ActivityManager(  370): Sending system update to ComponentInfo{com.android.providers.media/com.android.providers.media.MediaUpgradeReceiver} for user 0
I/SystemServer(  370): Enabled StrictMode for system server main thread.
I/ActivityManager(  370): Start proc com.android.providers.calendar for broadcast com.android.providers.calendar/.CalendarUpgradeReceiver: pid=458 uid=10001 gids={50001, 3003, 1028, 1015}
I/Choreographer(  370): Skipped 58 frames!  The application may be doing too much work on its main thread.
W/InputMethodManagerService(  370): Focus gain on non-focused client android.view.inputmethod.InputMethodManager$1@b3323cc0 (uid=1000 pid=370)
V/BackupManagerService(  370): Connected to transport ComponentInfo{android/com.android.internal.backup.LocalTransportService}
V/BackupManagerService(  370): Registering transport android/com.android.internal.backup.LocalTransportService::android/com.android.internal.backup.LocalTransport = com.android.internal.backup.LocalTransport@b2ef6a00
I/ActivityManager(  370): Launching preboot mode app: ProcessRecord{b3669e68 458:com.android.providers.calendar/u0a1}
E/SoundPool(  447): error loading /system/media/audio/ui/Lock.ogg
W/KeyguardViewMediator(  447): failed to load lock sound from /system/media/audio/ui/Lock.ogg
E/SoundPool(  447): error loading /system/media/audio/ui/Unlock.ogg
W/KeyguardViewMediator(  447): failed to load unlock sound from /system/media/audio/ui/Unlock.ogg
V/KeyguardService(  447): onCreate()
V/KeyguardServiceDelegate(  370): *** Keyguard connected (yay!)
V/KeyguardServiceDelegate(  370): **** SHOWN CALLED ****
I/ActivityManager(  370): Start proc android.process.acore for broadcast com.android.providers.contacts/.ContactsUpgradeReceiver: pid=480 uid=10002 gids={50002, 3003, 1028, 1015}
I/ActivityManager(  370): Launching preboot mode app: ProcessRecord{b35c94f8 480:android.process.acore/u0a2}
I/ContactsUpgradeReceiver(  480): Creating or opening contacts database
D/dalvikvm(  480): GC_CONCURRENT freed 390K, 15% free 2808K/3288K, paused 5ms+2ms, total 66ms
I/ContactsDatabaseHelper(  480): Bootstrapping database version: 803
D/dalvikvm(  480): GC_CONCURRENT freed 333K, 13% free 2874K/3296K, paused 4ms+3ms, total 53ms
I/ContactsProviderV1(  480): Bootstrapping database legacy support
I/ContactsDatabaseHelper(  480): Bootstrapping database version: 803
D/dalvikvm(  480): GC_CONCURRENT freed 336K, 13% free 2932K/3356K, paused 6ms+3ms, total 47ms
I/ContactsProviderV1(  480): Bootstrapping database legacy support
I/ContactsProvider(  480): Locale has changed from null to en_US
I/ContactsDatabaseHelper(  480): Switching to locale en_US (ICU v51.1.0.1)
D/dalvikvm(  480): GC_CONCURRENT freed 347K, 13% free 3015K/3452K, paused 3ms+2ms, total 45ms
I/ContactsDatabaseHelper(  480): Locale change completed in 440ms
I/ContactsDatabaseHelper(  480): Switching to locale en_US (ICU v51.1.0.1)
D/dalvikvm(  480): GC_CONCURRENT freed 362K, 13% free 3058K/3504K, paused 4ms+1ms, total 57ms
I/ContactsDatabaseHelper(  480): Locale change completed in 443ms
I/ActivityManager(  370): Start proc android.process.media for broadcast com.android.providers.media/.MediaUpgradeReceiver: pid=496 uid=10005 gids={50005, 1028, 1015, 1023, 1024, 2001, 3003, 3007}
I/ActivityManager(  370): Launching preboot mode app: ProcessRecord{b36696e8 496:android.process.media/u0a5}
D/dalvikvm(  370): GC_CONCURRENT freed 384K, 60% free 5132K/12732K, paused 20ms+4ms, total 138ms
I/ActivityManager(  370): Writing new set of last done pre-boot receivers...
I/ActivityManager(  370): Removing system update proc: ProcessRecord{b3669e68 458:com.android.providers.calendar/u0a1}
I/ActivityManager(  370): Killing 458:com.android.providers.calendar/u0a1 (adj 13): system update done
I/ActivityManager(  370): Removing system update proc: ProcessRecord{b35c94f8 480:android.process.acore/u0a2}
I/ActivityManager(  370): Killing 480:android.process.acore/u0a2 (adj 11): system update done
I/ActivityManager(  370): Removing system update proc: ProcessRecord{b36696e8 496:android.process.media/u0a5}
I/ActivityManager(  370): Killing 496:android.process.media/u0a5 (adj 9): system update done
I/ActivityManager(  370): System now ready
I/SystemServer(  370): Making services ready
W/ActivityManager(  370): Can't find mystery application for StrictMode from pid=496 uid=10005: android.os.BinderProxy@b35d0ac8
D/NetworkManagementService(  370): enabling bandwidth control
I/Vold    (   52): /dev/block/vold/179:0 being considered for volume sdcard
D/Vold    (   52): Volume sdcard state changing 1 (Idle-Unmounted) -> 3 (Checking)
D/MountService(  370): volume state changed for /storage/sdcard (unmounted -> checking)
D/MountService(  370): sendStorageIntent Intent { act=android.intent.action.MEDIA_CHECKING dat=file:///storage/sdcard (has extras) } to UserHandle{-1}
I/fsck_msdos(   52): ** /dev/block/vold/179:0
I/fsck_msdos(   52): Invalid signature in fsinfo block
I/fsck_msdos(   52): FIXED
I/fsck_msdos(   52): ** Phase 1 - Read and Compare FATs
I/fsck_msdos(   52): Attempting to allocate 794 KB for FAT
D/SystemUIService(  447): loading: class com.android.systemui.recent.Recents
D/SystemUIService(  447): running: com.android.systemui.recent.Recents@b2d870a8
D/SystemUIService(  447): loading: class com.android.systemui.statusbar.SystemBars
D/SystemUIService(  447): running: com.android.systemui.statusbar.SystemBars@b2d87690
D/SystemUIService(  447): loading: class com.android.systemui.usb.StorageNotification
D/SystemUIService(  447): running: com.android.systemui.usb.StorageNotification@b2d893e0
W/ProcessCpuTracker(  370): Skipping unknown process pid 509
D/SystemUIService(  447): loading: class com.android.systemui.power.PowerUI
D/SystemUIService(  447): running: com.android.systemui.power.PowerUI@b2d8ac98
D/SystemUIService(  447): loading: class com.android.systemui.media.RingtonePlayer
D/SystemUIService(  447): running: com.android.systemui.media.RingtonePlayer@b2d8ba78
D/SystemUIService(  447): loading: class com.android.systemui.settings.SettingsUI
D/SystemUIService(  447): running: com.android.systemui.settings.SettingsUI@b2d8cd60
I/fsck_msdos(   52): Attempting to allocate 794 KB for FAT
I/StatusBarManagerService(  370): registerStatusBar bar=com.android.internal.statusbar.IStatusBar$Stub$Proxy@b32a8e00
D/PhoneStatusBar(  447): mSettingsPanelGravity = 55
I/fsck_msdos(   52): ** Phase 2 - Check Cluster Chains
I/fsck_msdos(   52): ** Phase 3 - Checking Directories
I/fsck_msdos(   52): ** Phase 4 - Checking for Lost Files
I/fsck_msdos(   52): Free space in FSInfo block (201592) not correct (201591)
I/fsck_msdos(   52): FIXED
I/fsck_msdos(   52): 1 files, 100795 free (201591 clusters)
I/Vold    (   52): Filesystem check completed OK
W/Vold    (   52): blkid failed to identify /dev/block/vold/179:0
D/Vold    (   52): Volume sdcard state changing 3 (Checking) -> 4 (Mounted)
I/PackageManager(  370): Updating external media status from unmounted to mounted
D/MountService(  370): volume state changed for /storage/sdcard (checking -> mounted)
D/dalvikvm(  447): GC_CONCURRENT freed 285K, 12% free 2832K/3204K, paused 5ms+1ms, total 268ms
D/MountService(  370): sendStorageIntent Intent { act=android.intent.action.MEDIA_MOUNTED dat=file:///storage/sdcard (has extras) } to UserHandle{-1}
E/VoldConnector(  370): NDC Command {3 volume mount /storage/sdcard} took too long (681ms)
I/PackageManager(  370): No secure containers on sdcard
D/dalvikvm(  447): GC_FOR_ALLOC freed 34K, 9% free 2947K/3204K, paused 39ms, total 40ms
E/BluetoothAdapter(  447): Bluetooth binder is null
E/BluetoothAdapter(  447): Bluetooth binder is null
W/PackageManager(  370): Not granting permission android.permission.GLOBAL_SEARCH to package com.android.quicksearchbox (protectionLevel=18 flags=0x88be45)
W/PackageManager(  370): Unknown permission com.android.smspush.WAPPUSH_MANAGER_BIND in package com.android.phone
W/PackageManager(  370): Unknown permission com.google.android.googleapps.permission.GOOGLE_AUTH in package com.android.providers.calendar
W/PackageManager(  370): Unknown permission com.google.android.googleapps.permission.GOOGLE_AUTH.cl in package com.android.providers.calendar
W/PackageManager(  370): Unknown permission com.google.android.googleapps.permission.GOOGLE_AUTH.mail in package com.android.calendar
W/PackageManager(  370): Not granting permission android.permission.ACCESS_DOWNLOAD_MANAGER to package com.android.browser (protectionLevel=18 flags=0x89be45)
W/PackageManager(  370): Not granting permission android.permission.SEND_DOWNLOAD_COMPLETED_INTENTS to package com.android.browser (protectionLevel=2 flags=0x89be45)
W/PackageManager(  370): Not granting permission android.permission.BIND_APPWIDGET to package com.android.widgetpreview (protectionLevel=18 flags=0x8be44)
W/PackageManager(  370): Unknown permission android.permission.INSTALL_DRM in package com.android.mms
W/PackageManager(  370): Unknown permission com.google.android.googleapps.permission.GOOGLE_AUTH in package com.android.settings
D/dalvikvm(  370): GC_CONCURRENT freed 526K, 61% free 5092K/12732K, paused 6ms+13ms, total 131ms
W/PackageManager(  370): Unknown permission com.google.android.googleapps.permission.ACCESS_GOOGLE_PASSWORD in package com.android.development
W/PackageManager(  370): Unknown permission com.google.android.googleapps.permission.GOOGLE_AUTH in package com.android.development
W/PackageManager(  370): Unknown permission com.google.android.googleapps.permission.GOOGLE_AUTH.ALL_SERVICES in package com.android.development
W/PackageManager(  370): Unknown permission com.google.android.googleapps.permission.GOOGLE_AUTH.YouTubeUser in package com.android.development
W/PackageManager(  370): Not granting permission android.permission.DELETE_PACKAGES to package com.svox.pico (protectionLevel=18 flags=0x88be45)
W/PackageManager(  370): Not granting permission android.permission.DEVICE_POWER to package com.android.deskclock (protectionLevel=2 flags=0xc8be45)
D/dalvikvm(  447): GC_CONCURRENT freed 58K, 6% free 3301K/3480K, paused 4ms+1ms, total 75ms
E/BluetoothAdapter(  447): Bluetooth binder is null
E/BluetoothAdapter(  447): Bluetooth binder is null
I/ActivityManager(  370): Start proc android.process.acore for content provider com.android.providers.contacts/.ContactsProvider2: pid=547 uid=10002 gids={50002, 3003, 1028, 1015}
D/PhoneStatusBar(  447): disable: < expand icons alerts ticker system_info back home recent clock search >
E/NetdConnector(  370): NDC Command {1 bandwidth enable} took too long (3081ms)
E/BluetoothAdapter(  447): Bluetooth binder is null
D/PhoneStatusBar(  447): heads up is disabled
I/Choreographer(  447): Skipped 473 frames!  The application may be doing too much work on its main thread.
E/NetdConnector(  370): NDC Command {2 firewall disable} took too long (589ms)
D/dalvikvm(  447): GC_CONCURRENT freed 137K, 6% free 3556K/3780K, paused 31ms+56ms, total 166ms
I/Choreographer(  447): Skipped 216 frames!  The application may be doing too much work on its main thread.
D/gralloc_goldfish(  447): Emulator without GPU emulation detected.
D/dalvikvm(  547): GC_CONCURRENT freed 255K, 11% free 2954K/3296K, paused 5ms+5ms, total 225ms
D/dalvikvm(  547): WAIT_FOR_CONCURRENT_GC blocked 29ms
I/Choreographer(  447): Skipped 120 frames!  The application may be doing too much work on its main thread.
E/NetdConnector(  370): NDC Command {5 firewall disable} took too long (536ms)
I/ActivityManager(  370): Config changes=200 {1.0 ?mcc?mnc en_US ldltr sw480dp w480dp h839dp 160dpi lrg long port finger -keyb/h/h tball/v s.4}
W/RecognitionManagerService(  370): no available voice recognition services found for user 0
D/PhoneStatusBar(  447): mSettingsPanelGravity = 55
W/AppWidgetServiceImpl(  370): Failed to read state: java.io.FileNotFoundException: /data/system/users/0/appwidgets.xml: open failed: ENOENT (No such file or directory)
W/InputMethodManagerService(  370): Ignoring setImeWindowStatus of uid 1000 token: null
D/dalvikvm(  370): GC_CONCURRENT freed 455K, 59% free 5238K/12732K, paused 6ms+4ms, total 106ms
D/dalvikvm(  370): WAIT_FOR_CONCURRENT_GC blocked 42ms
D/dalvikvm(  370): WAIT_FOR_CONCURRENT_GC blocked 29ms
W/InputMethodUtils(  370): Found no subtypes in a system IME: com.android.inputmethod.pinyin
W/InputMethodManagerService(  370): Reset the default IME as "Resource" is ready here.
W/InputMethodUtils(  370): Found no subtypes in a system IME: com.android.inputmethod.pinyin
I/InputMethodManagerService(  370): Selected default: com.android.inputmethod.latin/.LatinIME
I/ActivityManager(  370): Config changes=20 {1.0 ?mcc?mnc en_US ldltr sw480dp w480dp h839dp 160dpi lrg long port finger -keyb/v/h tball/v s.5}
D/dalvikvm(  447): GC_FOR_ALLOC freed 95K, 6% free 3561K/3780K, paused 70ms, total 72ms
I/ActivityManager(  370): Start proc com.android.inputmethod.latin for service com.android.inputmethod.latin/.LatinIME: pid=590 uid=10029 gids={50029, 1028, 1015}
V/InputMethodManagerService(  370): Adding window token: android.os.Binder@b30d5f08
W/GpsLocationProvider(  370): Could not open GPS configuration file /etc/gps.conf
W/ServiceWatcher(  370): com.google.android.location not found
W/ServiceWatcher(  370): com.google.android.location not found
W/ServiceWatcher(  370): com.google.android.location not found
W/ServiceWatcher(  370): com.google.android.location not found
W/LocationManagerService(  370): no network location provider found
E/LocationManagerService(  370): no geocoder provider found
W/InputMethodManagerService(  370): Illegal subtype state: old subtype = null, new subtype = android.view.inputmethod.InputMethodSubtype@c9194f98
E/FlpHardwareProvider(  370): Error hw_get_module 'flp': -2
W/ServiceWatcher(  370): com.google.android.location not found
E/FlpHardwareProvider(  370): Error hw_get_module 'flp': -2
W/ServiceWatcher(  370): com.google.android.location not found
E/LocationManagerService(  370): No FusedProvider found.
E/LocationManagerService(  370): no geofence provider found
I/dalvikvm-heap(  447): Grow heap (frag case) to 6.490MB for 3072016-byte allocation
I/CommonTimeManagementService(  370): No common time service detected on this platform.  Common time services will be unavailable.
I/InputReader(  370): Reconfiguring input devices.  changes=0x00000020
I/InputReader(  370): Reconfiguring input devices.  changes=0x00000010
I/ActivityManager(  370): Start proc com.android.phone for added application com.android.phone: pid=601 uid=1001 gids={41001, 3002, 3001, 3003, 1028, 1015}
I/ActivityManager(  370): START u0 {act=android.intent.action.MAIN cat=[android.intent.category.HOME] flg=0x10000000 cmp=com.android.settings/.CryptKeeper} from pid 0
D/dalvikvm(  447): GC_FOR_ALLOC freed 4K, 4% free 6557K/6784K, paused 210ms, total 210ms
I/ActivityManager(  370): Start proc com.android.settings for activity com.android.settings/.CryptKeeper: pid=614 uid=1000 gids={41000, 1028, 1015, 3002, 3001, 3003}
I/ActivityManager(  370): Start proc android.process.media for broadcast com.android.providers.downloads/.DownloadReceiver: pid=620 uid=10005 gids={50005, 1028, 1015, 1023, 1024, 2001, 3003, 3007}
D/dalvikvm(   58): GC_EXPLICIT freed 38K, 5% free 2705K/2832K, paused 3ms+2ms, total 62ms
D/dalvikvm(   58): GC_EXPLICIT freed <1K, 5% free 2705K/2832K, paused 2ms+2ms, total 46ms
D/dalvikvm(   58): GC_EXPLICIT freed <1K, 5% free 2705K/2832K, paused 3ms+2ms, total 46ms
D/dalvikvm(  447): GC_CONCURRENT freed 1K, 4% free 6561K/6784K, paused 3ms+3ms, total 343ms
D/dalvikvm(  447): GC_FOR_ALLOC freed 3001K, 6% free 3563K/3780K, paused 138ms, total 141ms
I/dalvikvm-heap(  447): Grow heap (frag case) to 6.492MB for 3072016-byte allocation
D/dalvikvm(  370): GC_CONCURRENT freed 542K, 59% free 5333K/12732K, paused 37ms+43ms, total 530ms
D/dalvikvm(  370): WAIT_FOR_CONCURRENT_GC blocked 132ms
D/dalvikvm(  370): WAIT_FOR_CONCURRENT_GC blocked 43ms
D/dalvikvm(  370): WAIT_FOR_CONCURRENT_GC blocked 45ms
I/LatinIME(  590): Hardware accelerated drawing: true
D/dalvikvm(  447): GC_FOR_ALLOC freed <1K, 4% free 6563K/6784K, paused 263ms, total 263ms
D/dalvikvm(  447): GC_CONCURRENT freed <1K, 4% free 6563K/6784K, paused 26ms+43ms, total 127ms
W/WindowManager(  370): Window freeze timeout expired.
W/WindowManager(  370): Force clearing orientation change: Window{b2da8268 u0 StatusBar}
W/WindowManager(  370): Force clearing orientation change: Window{b333a218 u0 com.android.systemui.ImageWallpaper}
I/ActivityManager(  370): START u0 {act=android.intent.action.MAIN cat=[android.intent.category.HOME] flg=0x10000000 cmp=com.android.sdksetup/.DefaultActivity} from pid 0
I/ActivityManager(  370): Start proc com.android.sdksetup for activity com.android.sdksetup/.DefaultActivity: pid=646 uid=10042 gids={50042}
D/PhoneStatusBar(  447): mSettingsPanelGravity = 55
V/StatusBar(  447): userId 0 is in the house
I/Choreographer(  447): Skipped 36 frames!  The application may be doing too much work on its main thread.
I/Choreographer(  447): Skipped 38 frames!  The application may be doing too much work on its main thread.
D/dalvikvm(  370): GC_CONCURRENT freed 514K, 58% free 5406K/12732K, paused 35ms+10ms, total 225ms
D/dalvikvm(  601): GC_CONCURRENT freed 169K, 9% free 2921K/3180K, paused 12ms+3ms, total 65ms
I/ActivityManager(  370): Start proc com.android.printspooler for service com.android.printspooler/.PrintSpoolerService: pid=668 uid=10039 gids={50039}
I/ActivityManager(  370): Force stopping com.android.sdksetup appid=10042 user=0: pkg changed
I/ActivityManager(  370): Killing 646:com.android.sdksetup/u0a42 (adj 0): stop com.android.sdksetup
I/ActivityManager(  370):   Force finishing activity ActivityRecord{b2f06f98 u0 com.android.sdksetup/.DefaultActivity t2}
I/ActivityManager(  370): START u0 {act=android.intent.action.MAIN cat=[android.intent.category.HOME] flg=0x10000000 cmp=com.android.launcher/com.android.launcher2.Launcher} from pid 0
I/ActivityManager(  370): Start proc com.android.launcher for activity com.android.launcher/com.android.launcher2.Launcher: pid=682 uid=10008 gids={50008}
W/InputAttributes(  590): No editor info for this field. Bug?
I/InputReader(  370): Reconfiguring input devices.  changes=0x00000010
W/BackupManagerService(  370): dataChanged but no participant pkg='com.android.providers.settings' uid=1001
I/ResourceUtils(  590): Found default value: resource=keypress_vibration_durations build=[HARDWARE=goldfish MODEL=sdk BRAND=generic MANUFACTURER=unknown] default=-1
I/PackageManager(  370):   Action: "android.intent.action.SENDTO"
I/PackageManager(  370):   Category: "android.intent.category.DEFAULT"
I/PackageManager(  370):   Scheme: "sms"
I/PackageManager(  370): Adding preferred activity ComponentInfo{com.android.mms/com.android.mms.ui.ComposeMessageActivity} for user 0 :
I/PackageManager(  370):   Action: "android.intent.action.SENDTO"
I/PackageManager(  370):   Category: "android.intent.category.DEFAULT"
I/PackageManager(  370):   Scheme: "smsto"
I/PackageManager(  370): Adding preferred activity ComponentInfo{com.android.mms/com.android.mms.ui.ComposeMessageActivity} for user 0 :
D/dalvikvm(  590): GC_CONCURRENT freed 227K, 10% free 2893K/3208K, paused 76ms+3ms, total 280ms
I/ResourceUtils(  590): Found default value: resource=keypress_volumes build=[HARDWARE=goldfish MODEL=sdk BRAND=generic MANUFACTURER=unknown] default=-1.0f
I/PackageManager(  370):   Action: "android.intent.action.SENDTO"
I/PackageManager(  370):   Category: "android.intent.category.DEFAULT"
I/PackageManager(  370):   Scheme: "mms"
I/PackageManager(  370): Adding preferred activity ComponentInfo{com.android.mms/com.android.mms.ui.ComposeMessageActivity} for user 0 :
I/PackageManager(  370):   Action: "android.intent.action.SENDTO"
I/PackageManager(  370):   Category: "android.intent.category.DEFAULT"
I/PackageManager(  370):   Scheme: "mmsto"
I/PackageManager(  370): Adding preferred activity ComponentInfo{com.android.mms/com.android.mms.ui.ComposeMessageActivity} for user 0 :
I/PrintSpoolerService(  668): No existing print spooler state.
I/PackageManager(  370):   Action: "android.intent.action.SENDTO"
I/PackageManager(  370):   Category: "android.intent.category.DEFAULT"
I/PackageManager(  370):   Scheme: "sms"
I/PackageManager(  370): Adding preferred activity ComponentInfo{com.android.mms/com.android.mms.ui.ComposeMessageActivity} for user 0 :
I/LatinIME:LogUtils(  590): Dictionary info: dictionary = UserHistoryDictionary.en_US.dic ; version = ? ; date = 1539041813
I/LatinIME:LogUtils(  590): Dictionary info: dictionary = PersonalizationPredictionDictio ; version = ? ; date = 1539041813
I/LatinIME:LogUtils(  590): Dictionary info: dictionary = personalization.en_US.dict ; version = ? ; date = 1539041813
I/PackageManager(  370):   Action: "android.intent.action.SENDTO"
I/PackageManager(  370):   Category: "android.intent.category.DEFAULT"
I/PackageManager(  370):   Scheme: "smsto"
I/PackageManager(  370): Adding preferred activity ComponentInfo{com.android.mms/com.android.mms.ui.ComposeMessageActivity} for user 0 :
