D/SettingsProvider(  325): User 0 external modification to /data/data/com.android.providers.settings/databases/settings.db; event=2
D/SettingsProvider(  325): User 0 updating our caches for /data/data/com.android.providers.settings/databases/settings.db
I/SystemServer(  325): Wi-Fi Service
D/WifiController(  325): isAirplaneModeOn = false, isWifiEnabled = false, isScanningAvailable = false
I/SystemServer(  325): Connectivity Service
D/ConnectivityService(  325): ConnectivityService starting up
D/ConnectivityService(  325): wifiOnly=false
E/MobileDataStateTracker(  325): default: Ignoring feature request because could not acquire PhoneService
E/MobileDataStateTracker(  325): default: Could not enable APN type "default"
I/WifiService(  325): WifiService starting up with Wi-Fi disabled
I/SystemServer(  325): Network Service Discovery Service
D/NsdService(  325): Network service discovery enabled true
I/SystemServer(  325): UpdateLock Service
I/SystemServer(  325): Notification Manager
D/dalvikvm(  325): GC_CONCURRENT freed 280K, 63% free 4773K/12724K, paused 15ms+10ms, total 112ms
I/SystemServer(  325): Device Storage Monitor
I/SystemServer(  325): Location Manager
I/SystemServer(  325): Country Detector
I/SystemServer(  325): Search Service
I/SystemServer(  325): DropBox Service
I/SystemServer(  325): Wallpaper Service
W/WallpaperService(  325): no current wallpaper -- first boot?
I/SystemServer(  325): Audio Service
D/SettingsProvider(  325): User 0 external modification to /data/data/com.android.providers.settings/databases/settings.db; event=2
D/SettingsProvider(  325): User 0 updating our caches for /data/data/com.android.providers.settings/databases/settings.db
D/SettingsProvider(  325): User 0 external modification to /data/data/com.android.providers.settings/databases/settings.db; event=2
D/SettingsProvider(  325): User 0 updating our caches for /data/data/com.android.providers.settings/databases/settings.db
I/SystemServer(  325): Dock Observer
W/DockObserver(  325): This kernel does not have dock station support
I/SystemServer(  325): Wired Accessory Manager
W/WiredAccessoryManager(  325): This kernel does not have wired headset support
W/WiredAccessoryManager(  325): This kernel does not have usb audio support
W/WiredAccessoryManager(  325): This kernel does not have HDMI audio support
I/SystemServer(  325): USB Service
I/SystemServer(  325): Serial Service
I/SystemServer(  325): Twilight Service
I/SystemServer(  325): UI Mode Manager Service
I/SystemServer(  325): Backup Service
V/BackupManagerService(  325): Initializing package tracking
V/BackupManagerService(  325): No ancestral data
V/BackupManagerService(  325): addPackageParticipantsLocked: all
I/BackupManagerService(  325): Scheduling backup for new app com.android.calendar
D/BackupManagerService(  325): Now staging backup of com.android.calendar
I/BackupManagerService(  325): Scheduling backup for new app com.android.browser
D/BackupManagerService(  325): Now staging backup of com.android.browser
I/BackupManagerService(  325): Scheduling backup for new app com.android.providers.userdictionary
D/BackupManagerService(  325): Now staging backup of com.android.providers.userdictionary
I/BackupManagerService(  325): Scheduling backup for new app com.android.sharedstoragebackup
D/BackupManagerService(  325): Now staging backup of com.android.sharedstoragebackup
I/BackupManagerService(  325): Scheduling backup for new app android
D/BackupManagerService(  325): Now staging backup of android
I/BackupManagerService(  325): Scheduling backup for new app com.android.dialer
D/BackupManagerService(  325): Now staging backup of com.android.dialer
I/BackupManagerService(  325): Scheduling backup for new app com.android.providers.settings
D/BackupManagerService(  325): Now staging backup of com.android.providers.settings
V/BackupManagerService(  325): Starting with transport android/com.android.internal.backup.LocalTransport
V/BackupManagerService(  325): Found transports: 1
I/BackupManagerService(  325): Binding to transport host ComponentInfo{android/com.android.internal.backup.LocalTransportService}
I/BackupManagerService(  325): Backup enabled => true
I/SystemServer(  325): AppWidget Service
I/SystemServer(  325): Recognition Service
I/SystemServer(  325): DiskStats Service
I/SystemServer(  325): SamplingProfiler Service
I/SystemServer(  325): NetworkTimeUpdateService
I/SystemServer(  325): CommonTimeManagementService
I/SystemServer(  325): CertBlacklister
I/SystemServer(  325): Dreams Service
I/SystemServer(  325): Assets Atlas Service
I/SystemServer(  325): IdleMaintenanceService
I/SystemServer(  325): Print Service
D/Atlas   (  325): Computing best atlas configuration...
D/Atlas   (  325): Running Thread-51
I/WindowManager(  325): SAFE MODE not enabled
I/SystemServer(  325): Media Router Service
E/SQLiteLog(  325): (1) no such table: locksettings
D/dalvikvm(  325): GC_CONCURRENT freed 337K, 61% free 4962K/12724K, paused 6ms+5ms, total 206ms
D/dalvikvm(  325): WAIT_FOR_CONCURRENT_GC blocked 33ms
I/LockSettingsService(  325): Migrated lock settings to new location
I/LockSettingsService(  325): Migrated per-user lock settings to new location
D/Atlas   (  325): Found best atlas configuration in 0.25s
D/Atlas   (  325): Loaded configuration: SliceMinArea (768x768) flags=0x2 count=24
I/Zygote  (  325): Process: zygote socket opened
D/gralloc_goldfish(  325): Emulator without GPU emulation detected.
V/KeyguardServiceDelegate(  325): *** Keyguard started
V/KeyguardServiceDelegate(  325): onSystemReady() called before keyguard service was ready
I/ActivityManager(  325): Start proc com.android.systemui for service com.android.keyguard/.KeyguardService: pid=454 uid=10007 gids={50007, 1028, 1015, 1035, 3002, 3001}
W/SystemServer(  325): ***********************************************
F/SystemServer(  325): BOOT FAILURE making Package Manager Service ready
F/SystemServer(  325): java.lang.SecurityException: Unable to find app for caller android.app.ActivityThread$ApplicationThread@b2fbffd0 (pid=325) when registering receiver android.app.LoadedApk$ReceiverDispatcher$InnerReceiver@b353ba40
F/SystemServer(  325): 	at com.android.server.am.ActivityManagerService.registerReceiver(ActivityManagerService.java:13021)
F/SystemServer(  325): 	at android.app.ContextImpl.registerReceiverInternal(ContextImpl.java:1450)
F/SystemServer(  325): 	at android.app.ContextImpl.registerReceiverAsUser(ContextImpl.java:1425)
F/SystemServer(  325): 	at com.android.internal.content.PackageMonitor.register(PackageMonitor.java:84)
F/SystemServer(  325): 	at com.android.server.pm.UserManagerService.systemReady(UserManagerService.java:237)
F/SystemServer(  325): 	at com.android.server.pm.PackageManagerService.systemReady(PackageManagerService.java:10476)
F/SystemServer(  325): 	at com.android.server.ServerThread.initAndLoop(SystemServer.java:893)
F/SystemServer(  325): 	at com.android.server.SystemServer.main(SystemServer.java:1179)
F/SystemServer(  325): 	at java.lang.reflect.Method.invokeNative(Native Method)
F/SystemServer(  325): 	at java.lang.reflect.Method.invoke(Method.java:515)
F/SystemServer(  325): 	at com.android.internal.os.ZygoteInit$MethodAndArgsCaller.run(ZygoteInit.java:785)
F/SystemServer(  325): 	at com.android.internal.os.ZygoteInit.main(ZygoteInit.java:601)
F/SystemServer(  325): 	at dalvik.system.NativeStart.main(Native Method)
W/AssetAtlasService(  325): Could not find EGL configuration
D/Atlas   (  325): Rendered atlas in 53.39ms (47.81+5.58ms)
I/ActivityManager(  325): Sending system update to ComponentInfo{com.android.providers.calendar/com.android.providers.calendar.CalendarUpgradeReceiver} for user 0
I/ActivityManager(  325): Sending system update to ComponentInfo{com.android.providers.contacts/com.android.providers.contacts.ContactsUpgradeReceiver} for user 0
I/ActivityManager(  325): Sending system update to ComponentInfo{com.android.providers.media/com.android.providers.media.MediaUpgradeReceiver} for user 0
I/SystemServer(  325): Enabled StrictMode for system server main thread.
I/ActivityManager(  325): Start proc com.android.providers.calendar for broadcast com.android.providers.calendar/.CalendarUpgradeReceiver: pid=467 uid=10001 gids={50001, 3003, 1028, 1015}
I/Choreographer(  325): Skipped 83 frames!  The application may be doing too much work on its main thread.
W/InputMethodManagerService(  325): Focus gain on non-focused client android.view.inputmethod.InputMethodManager$1@b2eb6850 (uid=1000 pid=325)
V/BackupManagerService(  325): Connected to transport ComponentInfo{android/com.android.internal.backup.LocalTransportService}
V/BackupManagerService(  325): Registering transport android/com.android.internal.backup.LocalTransportService::android/com.android.internal.backup.LocalTransport = com.android.internal.backup.LocalTransport@b361fd30
I/ActivityManager(  325): Launching preboot mode app: ProcessRecord{b2f69e58 467:com.android.providers.calendar/u0a1}
E/SoundPool(  454): error loading /system/media/audio/ui/Lock.ogg
W/KeyguardViewMediator(  454): failed to load lock sound from /system/media/audio/ui/Lock.ogg
E/SoundPool(  454): error loading /system/media/audio/ui/Unlock.ogg
W/KeyguardViewMediator(  454): failed to load unlock sound from /system/media/audio/ui/Unlock.ogg
V/KeyguardService(  454): onCreate()
V/KeyguardServiceDelegate(  325): *** Keyguard connected (yay!)
V/KeyguardServiceDelegate(  325): **** SHOWN CALLED ****
D/dalvikvm(  325): GC_CONCURRENT freed 381K, 60% free 5096K/12724K, paused 8ms+5ms, total 116ms
I/ActivityManager(  325): Start proc android.process.acore for broadcast com.android.providers.contacts/.ContactsUpgradeReceiver: pid=485 uid=10002 gids={50002, 3003, 1028, 1015}
I/ActivityManager(  325): Launching preboot mode app: ProcessRecord{b2f44320 485:android.process.acore/u0a2}
I/ContactsUpgradeReceiver(  485): Creating or opening contacts database
I/ContactsDatabaseHelper(  485): Bootstrapping database version: 803
D/dalvikvm(  485): GC_CONCURRENT freed 386K, 14% free 2794K/3248K, paused 26ms+2ms, total 81ms
D/dalvikvm(  485): GC_CONCURRENT freed 318K, 12% free 2871K/3260K, paused 3ms+4ms, total 35ms
I/ContactsProviderV1(  485): Bootstrapping database legacy support
I/ContactsDatabaseHelper(  485): Bootstrapping database version: 803
D/dalvikvm(  485): GC_CONCURRENT freed 340K, 13% free 2930K/3340K, paused 4ms+3ms, total 47ms
I/ContactsProviderV1(  485): Bootstrapping database legacy support
I/ContactsProvider(  485): Locale has changed from null to en_US
I/ContactsDatabaseHelper(  485): Switching to locale en_US (ICU v51.1.0.1)
D/dalvikvm(  485): GC_CONCURRENT freed 335K, 12% free 3013K/3416K, paused 4ms+2ms, total 57ms
I/ContactsDatabaseHelper(  485): Locale change completed in 459ms
I/ContactsDatabaseHelper(  485): Switching to locale en_US (ICU v51.1.0.1)
D/dalvikvm(  485): GC_CONCURRENT freed 360K, 13% free 3055K/3488K, paused 4ms+12ms, total 59ms
I/ContactsDatabaseHelper(  485): Locale change completed in 461ms
I/ActivityManager(  325): Start proc android.process.media for broadcast com.android.providers.media/.MediaUpgradeReceiver: pid=501 uid=10005 gids={50005, 1028, 1015, 1023, 1024, 2001, 3003, 3007}
I/ActivityManager(  325): Launching preboot mode app: ProcessRecord{b2fad710 501:android.process.media/u0a5}
I/ActivityManager(  325): Writing new set of last done pre-boot receivers...
I/ActivityManager(  325): Removing system update proc: ProcessRecord{b2f69e58 467:com.android.providers.calendar/u0a1}
I/ActivityManager(  325): Killing 467:com.android.providers.calendar/u0a1 (adj 13): system update done
I/ActivityManager(  325): Removing system update proc: ProcessRecord{b2f44320 485:android.process.acore/u0a2}
I/ActivityManager(  325): Killing 485:android.process.acore/u0a2 (adj 11): system update done
I/ActivityManager(  325): Removing system update proc: ProcessRecord{b2fad710 501:android.process.media/u0a5}
I/ActivityManager(  325): Killing 501:android.process.media/u0a5 (adj 9): system update done
I/ActivityManager(  325): System now ready
I/SystemServer(  325): Making services ready
D/NetworkManagementService(  325): enabling bandwidth control
I/Vold    (   52): /dev/block/vold/179:0 being considered for volume sdcard
D/Vold    (   52): Volume sdcard state changing 1 (Idle-Unmounted) -> 3 (Checking)
D/MountService(  325): volume state changed for /storage/sdcard (unmounted -> checking)
D/MountService(  325): sendStorageIntent Intent { act=android.intent.action.MEDIA_CHECKING dat=file:///storage/sdcard (has extras) } to UserHandle{-1}
D/SystemUIService(  454): loading: class com.android.systemui.recent.Recents
D/SystemUIService(  454): running: com.android.systemui.recent.Recents@b2cfc010
D/SystemUIService(  454): loading: class com.android.systemui.statusbar.SystemBars
D/SystemUIService(  454): running: com.android.systemui.statusbar.SystemBars@b2cfc5f8
D/SystemUIService(  454): loading: class com.android.systemui.usb.StorageNotification
D/SystemUIService(  454): running: com.android.systemui.usb.StorageNotification@b2cfe348
D/SystemUIService(  454): loading: class com.android.systemui.power.PowerUI
D/SystemUIService(  454): running: com.android.systemui.power.PowerUI@b2cffc00
I/fsck_msdos(   52): ** /dev/block/vold/179:0
D/SystemUIService(  454): loading: class com.android.systemui.media.RingtonePlayer
D/SystemUIService(  454): running: com.android.systemui.media.RingtonePlayer@b2d009e0
D/SystemUIService(  454): loading: class com.android.systemui.settings.SettingsUI
D/SystemUIService(  454): running: com.android.systemui.settings.SettingsUI@b2d01cc8
I/fsck_msdos(   52): Invalid signature in fsinfo block
I/fsck_msdos(   52): FIXED
I/fsck_msdos(   52): ** Phase 1 - Read and Compare FATs
I/fsck_msdos(   52): Attempting to allocate 794 KB for FAT
D/PhoneStatusBar(  454): mSettingsPanelGravity = 55
I/StatusBarManagerService(  325): registerStatusBar bar=com.android.internal.statusbar.IStatusBar$Stub$Proxy@b2f0afe8
I/fsck_msdos(   52): Attempting to allocate 794 KB for FAT
I/fsck_msdos(   52): ** Phase 2 - Check Cluster Chains
I/fsck_msdos(   52): ** Phase 3 - Checking Directories
I/fsck_msdos(   52): ** Phase 4 - Checking for Lost Files
I/fsck_msdos(   52): Free space in FSInfo block (201592) not correct (201591)
I/fsck_msdos(   52): FIXED
I/fsck_msdos(   52): 1 files, 100795 free (201591 clusters)
I/Vold    (   52): Filesystem check completed OK
D/dalvikvm(  454): GC_CONCURRENT freed 286K, 12% free 2836K/3192K, paused 53ms+122ms, total 427ms
W/Vold    (   52): blkid failed to identify /dev/block/vold/179:0
D/Vold    (   52): Volume sdcard state changing 3 (Checking) -> 4 (Mounted)
I/PackageManager(  325): Updating external media status from unmounted to mounted
D/MountService(  325): volume state changed for /storage/sdcard (checking -> mounted)
D/MountService(  325): sendStorageIntent Intent { act=android.intent.action.MEDIA_MOUNTED dat=file:///storage/sdcard (has extras) } to UserHandle{-1}
E/VoldConnector(  325): NDC Command {3 volume mount /storage/sdcard} took too long (1060ms)
D/dalvikvm(  325): GC_CONCURRENT freed 459K, 59% free 5226K/12724K, paused 36ms+4ms, total 623ms
I/PackageManager(  325): No secure containers on sdcard
D/dalvikvm(  454): GC_FOR_ALLOC freed 33K, 8% free 2947K/3192K, paused 41ms, total 43ms
W/PackageManager(  325): Not granting permission android.permission.GLOBAL_SEARCH to package com.android.quicksearchbox (protectionLevel=18 flags=0x88be45)
W/PackageManager(  325): Unknown permission com.android.smspush.WAPPUSH_MANAGER_BIND in package com.android.phone
W/PackageManager(  325): Unknown permission com.google.android.googleapps.permission.GOOGLE_AUTH in package com.android.providers.calendar
W/PackageManager(  325): Unknown permission com.google.android.googleapps.permission.GOOGLE_AUTH.cl in package com.android.providers.calendar
W/PackageManager(  325): Unknown permission com.google.android.googleapps.permission.GOOGLE_AUTH.mail in package com.android.calendar
W/PackageManager(  325): Not granting permission android.permission.ACCESS_DOWNLOAD_MANAGER to package com.android.browser (protectionLevel=18 flags=0x89be45)
W/PackageManager(  325): Not granting permission android.permission.SEND_DOWNLOAD_COMPLETED_INTENTS to package com.android.browser (protectionLevel=2 flags=0x89be45)
W/PackageManager(  325): Not granting permission android.permission.BIND_APPWIDGET to package com.android.widgetpreview (protectionLevel=18 flags=0x8be44)
W/PackageManager(  325): Unknown permission android.permission.INSTALL_DRM in package com.android.mms
W/PackageManager(  325): Unknown permission com.google.android.googleapps.permission.GOOGLE_AUTH in package com.android.settings
W/PackageManager(  325): Unknown permission com.google.android.googleapps.permission.ACCESS_GOOGLE_PASSWORD in package com.android.development
W/PackageManager(  325): Unknown permission com.google.android.googleapps.permission.GOOGLE_AUTH in package com.android.development
W/PackageManager(  325): Unknown permission com.google.android.googleapps.permission.GOOGLE_AUTH.ALL_SERVICES in package com.android.development
W/PackageManager(  325): Unknown permission com.google.android.googleapps.permission.GOOGLE_AUTH.YouTubeUser in package com.android.development
W/PackageManager(  325): Not granting permission android.permission.DELETE_PACKAGES to package com.svox.pico (protectionLevel=18 flags=0x88be45)
W/PackageManager(  325): Not granting permission android.permission.DEVICE_POWER to package com.android.deskclock (protectionLevel=2 flags=0xc8be45)
E/BluetoothAdapter(  454): Bluetooth binder is null
E/BluetoothAdapter(  454): Bluetooth binder is null
E/BluetoothAdapter(  454): Bluetooth binder is null
D/dalvikvm(  454): GC_CONCURRENT freed 59K, 5% free 3304K/3468K, paused 13ms+4ms, total 141ms
E/BluetoothAdapter(  454): Bluetooth binder is null
I/ActivityManager(  325): Start proc android.process.acore for content provider com.android.providers.contacts/.ContactsProvider2: pid=548 uid=10002 gids={50002, 3003, 1028, 1015}
D/PhoneStatusBar(  454): disable: < expand icons alerts ticker system_info back home recent clock search >
E/BluetoothAdapter(  454): Bluetooth binder is null
D/PhoneStatusBar(  454): heads up is disabled
I/Choreographer(  454): Skipped 517 frames!  The application may be doing too much work on its main thread.
E/NetdConnector(  325): NDC Command {1 bandwidth enable} took too long (4087ms)
D/dalvikvm(  454): GC_CONCURRENT freed 147K, 6% free 3553K/3768K, paused 5ms+36ms, total 408ms
E/NetdConnector(  325): NDC Command {2 firewall disable} took too long (707ms)
D/dalvikvm(  548): GC_CONCURRENT freed 254K, 10% free 2955K/3276K, paused 5ms+14ms, total 182ms
D/dalvikvm(  548): WAIT_FOR_CONCURRENT_GC blocked 41ms
I/Choreographer(  454): Skipped 346 frames!  The application may be doing too much work on its main thread.
D/gralloc_goldfish(  454): Emulator without GPU emulation detected.
I/Choreographer(  454): Skipped 37 frames!  The application may be doing too much work on its main thread.
I/ContactLocale(  548): AddressBook Labels [en_US]: [, A, B, C, D, E, F, G, H, I, J, K, L, M, N, O, P, Q, R, S, T, U, V, W, X, Y, Z, , , , , , , , , , , , , , , , , , , , , , , , , , , , , , , , , , , , , , , , , , , , , , , , , , , , , , , , , , , , , , , , , , , , , , , , , , , , , , , , , , , , , , , , , , , , , , , , , , , , , , , , , , , , , , , , , , , , , , , , , , , , , , , , , , , , , , , , , , , , , , , , , , , , , , , , , , , , , , , , , , , , , , , , , , , , , , , , , , , , , , #, ]
E/NetdConnector(  325): NDC Command {5 firewall disable} took too long (672ms)
I/ActivityManager(  325): Config changes=200 {1.0 ?mcc?mnc en_US ldltr sw480dp w480dp h839dp 160dpi lrg long port finger -keyb/h/h tball/v s.4}
W/RecognitionManagerService(  325): no available voice recognition services found for user 0
D/PhoneStatusBar(  454): mSettingsPanelGravity = 55
W/AppWidgetServiceImpl(  325): Failed to read state: java.io.FileNotFoundException: /data/system/users/0/appwidgets.xml: open failed: ENOENT (No such file or directory)
W/InputMethodManagerService(  325): Ignoring setImeWindowStatus of uid 1000 token: null
D/dalvikvm(  325): GC_CONCURRENT freed 647K, 59% free 5213K/12716K, paused 15ms+5ms, total 139ms
D/dalvikvm(  325): WAIT_FOR_CONCURRENT_GC blocked 53ms
D/dalvikvm(  325): WAIT_FOR_CONCURRENT_GC blocked 46ms
W/InputMethodUtils(  325): Found no subtypes in a system IME: com.android.inputmethod.pinyin
W/InputMethodManagerService(  325): Reset the default IME as "Resource" is ready here.
W/InputMethodUtils(  325): Found no subtypes in a system IME: com.android.inputmethod.pinyin
I/InputMethodManagerService(  325): Selected default: com.android.inputmethod.latin/.LatinIME
D/SettingsProvider(  325): User 0 external modification to /data/data/com.android.providers.settings/databases/settings.db; event=2
D/SettingsProvider(  325): User 0 updating our caches for /data/data/com.android.providers.settings/databases/settings.db
I/ActivityManager(  325): Start proc com.android.inputmethod.latin for service com.android.inputmethod.latin/.LatinIME: pid=593 uid=10029 gids={50029, 1028, 1015}
V/InputMethodManagerService(  325): Adding window token: android.os.Binder@b308f7c0
W/InputMethodManagerService(  325): Illegal subtype state: old subtype = null, new subtype = android.view.inputmethod.InputMethodSubtype@c9194f98
I/ActivityManager(  325): Config changes=20 {1.0 ?mcc?mnc en_US ldltr sw480dp w480dp h839dp 160dpi lrg long port finger -keyb/v/h tball/v s.5}
W/GpsLocationProvider(  325): Could not open GPS configuration file /etc/gps.conf
W/ServiceWatcher(  325): com.google.android.location not found
W/ServiceWatcher(  325): com.google.android.location not found
W/ServiceWatcher(  325): com.google.android.location not found
W/LocationManagerService(  325): no network location provider found
W/ServiceWatcher(  325): com.google.android.location not found
E/FlpHardwareProvider(  325): Error hw_get_module 'flp': -2
E/LocationManagerService(  325): no geocoder provider found
W/ServiceWatcher(  325): com.google.android.location not found
E/FlpHardwareProvider(  325): Error hw_get_module 'flp': -2
W/ServiceWatcher(  325): com.google.android.location not found
E/LocationManagerService(  325): No FusedProvider found.
E/LocationManagerService(  325): no geofence provider found
I/CommonTimeManagementService(  325): No common time service detected on this platform.  Common time services will be unavailable.
I/InputReader(  325): Reconfiguring input devices.  changes=0x00000020
I/InputReader(  325): Reconfiguring input devices.  changes=0x00000010
I/ActivityManager(  325): Start proc com.android.phone for added application com.android.phone: pid=607 uid=1001 gids={41001, 3002, 3001, 3003, 1028, 1015}
I/ActivityManager(  325): START u0 {act=android.intent.action.MAIN cat=[android.intent.category.HOME] flg=0x10000000 cmp=com.android.settings/.CryptKeeper} from pid 0
I/FusedLocation(  325): engine started (com.android.location.fused)
I/ActivityManager(  325): Start proc com.android.settings for activity com.android.settings/.CryptKeeper: pid=618 uid=1000 gids={41000, 1028, 1015, 3002, 3001, 3003}
D/dalvikvm(  454): GC_FOR_ALLOC freed 83K, 6% free 3563K/3768K, paused 133ms, total 135ms
I/ActivityManager(  325): Start proc android.process.media for broadcast com.android.providers.downloads/.DownloadReceiver: pid=627 uid=10005 gids={50005, 1028, 1015, 1023, 1024, 2001, 3003, 3007}
D/dalvikvm(   58): GC_EXPLICIT freed 38K, 4% free 2705K/2812K, paused 2ms+12ms, total 64ms
D/dalvikvm(   58): GC_EXPLICIT freed <1K, 4% free 2705K/2812K, paused 2ms+12ms, total 57ms
D/dalvikvm(   58): GC_EXPLICIT freed <1K, 4% free 2705K/2812K, paused 2ms+12ms, total 57ms
I/dalvikvm-heap(  454): Grow heap (frag case) to 6.472MB for 3072016-byte allocation
D/dalvikvm(  454): GC_FOR_ALLOC freed 4K, 4% free 6559K/6772K, paused 140ms, total 140ms
D/dalvikvm(  454): GC_CONCURRENT freed 1K, 4% free 6561K/6772K, paused 5ms+13ms, total 82ms
D/dalvikvm(  454): GC_FOR_ALLOC freed 3001K, 6% free 3563K/3768K, paused 210ms, total 221ms
D/dalvikvm(  325): GC_CONCURRENT freed 458K, 59% free 5322K/12716K, paused 257ms+43ms, total 690ms
I/dalvikvm-heap(  454): Grow heap (frag case) to 6.473MB for 3072016-byte allocation
I/LatinIME(  593): Hardware accelerated drawing: true
D/dalvikvm(  454): GC_CONCURRENT freed <1K, 4% free 6563K/6772K, paused 45ms+2ms, total 155ms
I/ActivityManager(  325): START u0 {act=android.intent.action.MAIN cat=[android.intent.category.HOME] flg=0x10000000 cmp=com.android.sdksetup/.DefaultActivity} from pid 0
W/WindowManager(  325): Window freeze timeout expired.
W/WindowManager(  325): Force clearing orientation change: Window{b3098550 u0 StatusBar}
W/WindowManager(  325): Force clearing orientation change: Window{b35dfad8 u0 com.android.systemui.ImageWallpaper}
I/ActivityManager(  325): Start proc com.android.sdksetup for activity com.android.sdksetup/.DefaultActivity: pid=649 uid=10042 gids={50042}
D/PhoneStatusBar(  454): mSettingsPanelGravity = 55
I/ActivityManager(  325): Start proc com.android.printspooler for service com.android.printspooler/.PrintSpoolerService: pid=666 uid=10039 gids={50039}
W/InputAttributes(  593): No editor info for this field. Bug?
D/dalvikvm(  593): GC_CONCURRENT freed 217K, 10% free 2873K/3160K, paused 33ms+2ms, total 70ms
V/StatusBar(  454): userId 0 is in the house
I/ResourceUtils(  593): Found default value: resource=keypress_vibration_durations build=[HARDWARE=goldfish MODEL=sdk BRAND=generic MANUFACTURER=unknown] default=-1
I/ResourceUtils(  593): Found default value: resource=keypress_volumes build=[HARDWARE=goldfish MODEL=sdk BRAND=generic MANUFACTURER=unknown] default=-1.0f
I/Choreographer(  454): Skipped 89 frames!  The application may be doing too much work on its main thread.
I/PrintSpoolerService(  666): No existing print spooler state.
D/dalvikvm(  325): GC_CONCURRENT freed 571K, 58% free 5409K/12716K, paused 128ms+16ms, total 560ms
D/dalvikvm(  325): WAIT_FOR_CONCURRENT_GC blocked 107ms
D/dalvikvm(  325): WAIT_FOR_CONCURRENT_GC blocked 112ms
D/dalvikvm(  325): WAIT_FOR_CONCURRENT_GC blocked 110ms
I/Choreographer(  454): Skipped 52 frames!  The application may be doing too much work on its main thread.
D/dalvikvm(  325): WAIT_FOR_CONCURRENT_GC blocked 105ms
D/dalvikvm(  325): WAIT_FOR_CONCURRENT_GC blocked 110ms
D/dalvikvm(  325): WAIT_FOR_CONCURRENT_GC blocked 102ms
I/ActivityManager(  325): Force stopping com.android.sdksetup appid=10042 user=0: pkg changed
I/ActivityManager(  325): Killing 649:com.android.sdksetup/u0a42 (adj 0): stop com.android.sdksetup
I/ActivityManager(  325):   Force finishing activity ActivityRecord{b357baa8 u0 com.android.sdksetup/.DefaultActivity t2}
I/ActivityManager(  325): START u0 {act=android.intent.action.MAIN cat=[android.intent.category.HOME] flg=0x10000000 cmp=com.android.launcher/com.android.launcher2.Launcher} from pid 0
I/ActivityManager(  325): Start proc com.android.launcher for activity com.android.launcher/com.android.launcher2.Launcher: pid=683 uid=10008 gids={50008}
I/InputReader(  325): Reconfiguring input devices.  changes=0x00000010
I/LatinIME:LogUtils(  593): Dictionary info: dictionary = PersonalizationPredictionDictio ; version = ? ; date = 1539097795
I/LatinIME:LogUtils(  593): Dictionary info: dictionary = personalization.en_US.dict ; version = ? ; date = 1539097795
I/LatinIME:LogUtils(  593): Dictionary info: dictionary = UserHistoryDictionary.en_US.dic ; version = ? ; date = 1539097796
W/BackupManagerService(  325): dataChanged but no participant pkg='com.android.providers.settings' uid=1001
I/PackageManager(  325):   Action: "android.intent.action.SENDTO"
I/PackageManager(  325):   Category: "android.intent.category.DEFAULT"
I/PackageManager(  325):   Scheme: "sms"
I/PackageManager(  325): Adding preferred activity ComponentInfo{com.android.mms/com.android.mms.ui.ComposeMessageActivity} for user 0 :
D/dalvikvm(  607): GC_CONCURRENT freed 179K, 8% free 2929K/3176K, paused 33ms+2ms, total 262ms
I/PackageManager(  325):   Action: "android.intent.action.SENDTO"
I/PackageManager(  325):   Category: "android.intent.category.DEFAULT"
I/PackageManager(  325):   Scheme: "smsto"
I/PackageManager(  325): Adding preferred activity ComponentInfo{com.android.mms/com.android.mms.ui.ComposeMessageActivity} for user 0 :
D/dalvikvm(  325): GC_CONCURRENT freed 624K, 58% free 5462K/12716K, paused 6ms+6ms, total 424ms
D/dalvikvm(  325): WAIT_FOR_CONCURRENT_GC blocked 86ms
I/PackageManager(  325):   Action: "android.intent.action.SENDTO"
I/PackageManager(  325):   Category: "android.intent.category.DEFAULT"
I/PackageManager(  325):   Scheme: "mms"
I/PackageManager(  325): Adding preferred activity ComponentInfo{com.android.mms/com.android.mms.ui.ComposeMessageActivity} for user 0 :
I/PackageManager(  325):   Action: "android.intent.action.SENDTO"
I/PackageManager(  325):   Category: "android.intent.category.DEFAULT"
I/PackageManager(  325):   Scheme: "mmsto"
I/PackageManager(  325): Adding preferred activity ComponentInfo{com.android.mms/com.android.mms.ui.ComposeMessageActivity} for user 0 :
I/PackageManager(  325):   Action: "android.intent.action.SENDTO"
I/PackageManager(  325):   Category: "android.intent.category.DEFAULT"
I/PackageManager(  325):   Scheme: "sms"
I/PackageManager(  325): Adding preferred activity ComponentInfo{com.android.mms/com.android.mms.ui.ComposeMessageActivity} for user 0 :
I/PackageManager(  325):   Action: "android.intent.action.SENDTO"
I/PackageManager(  325):   Category: "android.intent.category.DEFAULT"
I/PackageManager(  325):   Scheme: "smsto"
I/PackageManager(  325): Adding preferred activity ComponentInfo{com.android.mms/com.android.mms.ui.ComposeMessageActivity} for user 0 :
I/PackageManager(  325):   Action: "android.intent.action.SENDTO"
I/PackageManager(  325):   Category: "android.intent.category.DEFAULT"
I/PackageManager(  325):   Scheme: "mms"
I/PackageManager(  325): Adding preferred activity ComponentInfo{com.android.mms/com.android.mms.ui.ComposeMessageActivity} for user 0 :
I/PackageManager(  325):   Action: "android.intent.action.SENDTO"
I/PackageManager(  325):   Category: "android.intent.category.DEFAULT"
I/PackageManager(  325):   Scheme: "mmsto"
I/PackageManager(  325): Adding preferred activity ComponentInfo{com.android.mms/com.android.mms.ui.ComposeMessageActivity} for user 0 :
D/dalvikvm(  593): GC_CONCURRENT freed 362K, 13% free 2977K/3408K, paused 4ms+2ms, total 108ms
E/BluetoothAdapter(  607): Bluetooth binder is null
E/BluetoothAdapter(  607): Bluetooth binder is null
D/CallNotifier(  607): CallNotifier: mSignalInfoToneGenerator created when toneplay
E/BluetoothAdapter(  607): Bluetooth binder is null
I/FusedLocation(  325): engine stopped (com.android.location.fused)
I/FusedLocation(  325): engine started (com.android.location.fused)
D/dalvikvm(  593): GC_CONCURRENT freed 477K, 17% free 2974K/3548K, paused 4ms+7ms, total 183ms
D/MobileDataStateTracker(  325): fota: Broadcast received: android.intent.action.ANY_DATA_STATE apnType=fota
D/MobileDataStateTracker(  325): fota: Received state=DISCONNECTED, old=DISCONNECTED, reason=radioTurnedOff
D/MobileDataStateTracker(  325): ia: Broadcast received: android.intent.action.ANY_DATA_STATE apnType=ia
D/MobileDataStateTracker(  325): ia: Received state=DISCONNECTED, old=DISCONNECTED, reason=radioTurnedOff
D/MobileDataStateTracker(  325): supl: Broadcast received: android.intent.action.ANY_DATA_STATE apnType=supl
D/MobileDataStateTracker(  325): supl: Received state=DISCONNECTED, old=DISCONNECTED, reason=radioTurnedOff
D/MobileDataStateTracker(  325): hipri: Broadcast received: android.intent.action.ANY_DATA_STATE apnType=hipri
D/MobileDataStateTracker(  325): hipri: Received state=DISCONNECTED, old=DISCONNECTED, reason=radioTurnedOff
D/MobileDataStateTracker(  325): ims: Broadcast received: android.intent.action.ANY_DATA_STATE apnType=ims
D/MobileDataStateTracker(  325): ims: Received state=DISCONNECTED, old=DISCONNECTED, reason=radioTurnedOff
D/MobileDataStateTracker(  325): default: Broadcast received: android.intent.action.ANY_DATA_STATE apnType=default
D/MobileDataStateTracker(  325): default: Received state=DISCONNECTED, old=DISCONNECTED, reason=radioTurnedOff
D/MobileDataStateTracker(  325): mms: Broadcast received: android.intent.action.ANY_DATA_STATE apnType=mms
D/MobileDataStateTracker(  325): mms: Received state=DISCONNECTED, old=DISCONNECTED, reason=radioTurnedOff
D/MobileDataStateTracker(  325): cbs: Broadcast received: android.intent.action.ANY_DATA_STATE apnType=cbs
D/MobileDataStateTracker(  325): cbs: Received state=DISCONNECTED, old=DISCONNECTED, reason=radioTurnedOff
D/MobileDataStateTracker(  325): fota: Broadcast received: android.intent.action.ANY_DATA_STATE apnType=fota
D/MobileDataStateTracker(  325): fota: Received state=DISCONNECTED, old=DISCONNECTED, reason=radioTurnedOff
D/MobileDataStateTracker(  325): ia: Broadcast received: android.intent.action.ANY_DATA_STATE apnType=ia
D/MobileDataStateTracker(  325): ia: Received state=DISCONNECTED, old=DISCONNECTED, reason=radioTurnedOff
D/MobileDataStateTracker(  325): supl: Broadcast received: android.intent.action.ANY_DATA_STATE apnType=supl
D/MobileDataStateTracker(  325): supl: Received state=DISCONNECTED, old=DISCONNECTED, reason=radioTurnedOff
D/MobileDataStateTracker(  325): hipri: Broadcast received: android.intent.action.ANY_DATA_STATE apnType=hipri
D/MobileDataStateTracker(  325): hipri: Received state=DISCONNECTED, old=DISCONNECTED, reason=radioTurnedOff
D/MobileDataStateTracker(  325): ims: Broadcast received: android.intent.action.ANY_DATA_STATE apnType=ims
D/MobileDataStateTracker(  325): ims: Received state=DISCONNECTED, old=DISCONNECTED, reason=radioTurnedOff
D/MobileDataStateTracker(  325): default: Broadcast received: android.intent.action.ANY_DATA_STATE apnType=default
D/MobileDataStateTracker(  325): default: Received state=DISCONNECTED, old=DISCONNECTED, reason=radioTurnedOff
D/MobileDataStateTracker(  325): mms: Broadcast received: android.intent.action.ANY_DATA_STATE apnType=mms
D/MobileDataStateTracker(  325): mms: Received state=DISCONNECTED, old=DISCONNECTED, reason=radioTurnedOff
D/MobileDataStateTracker(  325): cbs: Broadcast received: android.intent.action.ANY_DATA_STATE apnType=cbs
D/MobileDataStateTracker(  325): cbs: Received state=DISCONNECTED, old=DISCONNECTED, reason=radioTurnedOff
D/MobileDataStateTracker(  325): fota: Broadcast received: android.intent.action.ANY_DATA_STATE apnType=fota
D/MobileDataStateTracker(  325): fota: Received state=DISCONNECTED, old=DISCONNECTED, reason=dataDetached
D/MobileDataStateTracker(  325): ia: Broadcast received: android.intent.action.ANY_DATA_STATE apnType=ia
D/MobileDataStateTracker(  325): ia: Received state=DISCONNECTED, old=DISCONNECTED, reason=dataDetached
D/MobileDataStateTracker(  325): supl: Broadcast received: android.intent.action.ANY_DATA_STATE apnType=supl
D/MobileDataStateTracker(  325): supl: Received state=DISCONNECTED, old=DISCONNECTED, reason=dataDetached
D/MobileDataStateTracker(  325): hipri: Broadcast received: android.intent.action.ANY_DATA_STATE apnType=hipri
D/MobileDataStateTracker(  325): hipri: Received state=DISCONNECTED, old=DISCONNECTED, reason=dataDetached
D/MobileDataStateTracker(  325): ims: Broadcast received: android.intent.action.ANY_DATA_STATE apnType=ims
D/MobileDataStateTracker(  325): ims: Received state=DISCONNECTED, old=DISCONNECTED, reason=dataDetached
D/MobileDataStateTracker(  325): default: Broadcast received: android.intent.action.ANY_DATA_STATE apnType=default
D/MobileDataStateTracker(  325): default: Received state=DISCONNECTED, old=DISCONNECTED, reason=dataDetached
D/MobileDataStateTracker(  325): mms: Broadcast received: android.intent.action.ANY_DATA_STATE apnType=mms
D/MobileDataStateTracker(  325): mms: Received state=DISCONNECTED, old=DISCONNECTED, reason=dataDetached
D/MobileDataStateTracker(  325): cbs: Broadcast received: android.intent.action.ANY_DATA_STATE apnType=cbs
D/MobileDataStateTracker(  325): cbs: Received state=DISCONNECTED, old=DISCONNECTED, reason=dataDetached
D/MobileDataStateTracker(  325): fota: Broadcast received: android.intent.action.ANY_DATA_STATE apnType=fota
D/MobileDataStateTracker(  325): fota: Received state=DISCONNECTED, old=DISCONNECTED, reason=roamingOff
D/MobileDataStateTracker(  325): ia: Broadcast received: android.intent.action.ANY_DATA_STATE apnType=ia
D/MobileDataStateTracker(  325): ia: Received state=DISCONNECTED, old=DISCONNECTED, reason=roamingOff
D/MobileDataStateTracker(  325): supl: Broadcast received: android.intent.action.ANY_DATA_STATE apnType=supl
D/MobileDataStateTracker(  325): supl: Received state=DISCONNECTED, old=DISCONNECTED, reason=roamingOff
D/MobileDataStateTracker(  325): hipri: Broadcast received: android.intent.action.ANY_DATA_STATE apnType=hipri
D/MobileDataStateTracker(  325): hipri: Received state=DISCONNECTED, old=DISCONNECTED, reason=roamingOff
D/MobileDataStateTracker(  325): ims: Broadcast received: android.intent.action.ANY_DATA_STATE apnType=ims
D/MobileDataStateTracker(  325): ims: Received state=DISCONNECTED, old=DISCONNECTED, reason=roamingOff
D/MobileDataStateTracker(  325): default: Broadcast received: android.intent.action.ANY_DATA_STATE apnType=default
D/MobileDataStateTracker(  325): default: Received state=DISCONNECTED, old=DISCONNECTED, reason=roamingOff
D/MobileDataStateTracker(  325): mms: Broadcast received: android.intent.action.ANY_DATA_STATE apnType=mms
I/LatinIME:LogUtils(  593): Dictionary info: dictionary = main:en ; version = 42 ; date = 1381226429
I/LatinIME:LogUtils(  593): Dictionary info: dictionary = main:en ; version = 42 ; date = 1381226429
D/MobileDataStateTracker(  325): mms: Received state=DISCONNECTED, old=DISCONNECTED, reason=roamingOff
D/MobileDataStateTracker(  325): cbs: Broadcast received: android.intent.action.ANY_DATA_STATE apnType=cbs
D/MobileDataStateTracker(  325): cbs: Received state=DISCONNECTED, old=DISCONNECTED, reason=roamingOff
D/dalvikvm(  607): GC_CONCURRENT freed 283K, 11% free 3047K/3400K, paused 30ms+2ms, total 145ms
D/MobileDataStateTracker(  325): fota: Broadcast received: android.intent.action.ANY_DATA_STATE apnType=fota
D/MobileDataStateTracker(  325): fota: Received state=DISCONNECTED, old=DISCONNECTED, reason=roamingOff
D/MobileDataStateTracker(  325): ia: Broadcast received: android.intent.action.ANY_DATA_STATE apnType=ia
I/LatinIME:LogUtils(  593): Dictionary info: dictionary = main:en ; version = 42 ; date = 1381226429
I/LatinIME:LogUtils(  593): Dictionary info: dictionary = main:en ; version = 42 ; date = 1381226429
D/MobileDataStateTracker(  325): ia: Received state=DISCONNECTED, old=DISCONNECTED, reason=roamingOff
D/MobileDataStateTracker(  325): supl: Broadcast received: android.intent.action.ANY_DATA_STATE apnType=supl
D/MobileDataStateTracker(  325): supl: Received state=DISCONNECTED, old=DISCONNECTED, reason=roamingOff
D/MobileDataStateTracker(  325): hipri: Broadcast received: android.intent.action.ANY_DATA_STATE apnType=hipri
D/MobileDataStateTracker(  325): hipri: Received state=DISCONNECTED, old=DISCONNECTED, reason=roamingOff
D/TelephonyDebugService(  607): TelephonyDebugService()
D/MobileDataStateTracker(  325): ims: Broadcast received: android.intent.action.ANY_DATA_STATE apnType=ims
D/MobileDataStateTracker(  325): ims: Received state=DISCONNECTED, old=DISCONNECTED, reason=roamingOff
I/LatinIME:LogUtils(  593): Dictionary info: dictionary = main:en ; version = 42 ; date = 1381226429
D/MobileDataStateTracker(  325): default: Broadcast received: android.intent.action.ANY_DATA_STATE apnType=default
D/MobileDataStateTracker(  325): default: Received state=DISCONNECTED, old=DISCONNECTED, reason=roamingOff
D/MobileDataStateTracker(  325): mms: Broadcast received: android.intent.action.ANY_DATA_STATE apnType=mms
D/MobileDataStateTracker(  325): mms: Received state=DISCONNECTED, old=DISCONNECTED, reason=roamingOff
D/MobileDataStateTracker(  325): cbs: Broadcast received: android.intent.action.ANY_DATA_STATE apnType=cbs
D/MobileDataStateTracker(  325): cbs: Received state=DISCONNECTED, old=DISCONNECTED, reason=roamingOff
D/dalvikvm(  325): GC_CONCURRENT freed 691K, 58% free 5462K/12716K, paused 7ms+46ms, total 803ms
I/LatinIME:LogUtils(  593): Dictionary info: dictionary = main:en ; version = 42 ; date = 1381226429
I/LatinIME:LogUtils(  593): Dictionary info: dictionary = main:en ; version = 42 ; date = 1381226429
D/MccTable(  607): updateMccMncConfiguration: mcc=310, mnc=260
D/AlarmManagerService(  325): Kernel timezone updated to 240 minutes west of GMT
D/MccTable(  607): timezone set to America/New_York
D/MccTable(  607): getLocaleFromMcc to en_us mcc=310
D/MccTable(  607): getLocaleForLanguageCountry: got match
D/MccTable(  607): getLocaleForLanguageCountry: X locale=en_US
D/MccTable(  607): WIFI_COUNTRY_CODE set to us
I/LatinIME:LogUtils(  593): Dictionary info: dictionary = main:en ; version = 42 ; date = 1381226429
I/WifiService(  325): WifiService trying to set country code to us with persist set to true
D/MobileDataStateTracker(  325): fota: Broadcast received: android.intent.action.ANY_DATA_STATE apnType=fota
D/MobileDataStateTracker(  325): fota: Received state=DISCONNECTED, old=DISCONNECTED, reason=dataAttached
D/MobileDataStateTracker(  325): ia: Broadcast received: android.intent.action.ANY_DATA_STATE apnType=ia
D/MobileDataStateTracker(  325): ia: Received state=DISCONNECTED, old=DISCONNECTED, reason=dataAttached
D/MobileDataStateTracker(  325): supl: Broadcast received: android.intent.action.ANY_DATA_STATE apnType=supl
D/MobileDataStateTracker(  325): supl: Received state=DISCONNECTED, old=DISCONNECTED, reason=dataAttached
D/MobileDataStateTracker(  325): hipri: Broadcast received: android.intent.action.ANY_DATA_STATE apnType=hipri
D/MobileDataStateTracker(  325): hipri: Received state=DISCONNECTED, old=DISCONNECTED, reason=dataAttached
D/MobileDataStateTracker(  325): ims: Broadcast received: android.intent.action.ANY_DATA_STATE apnType=ims
D/MobileDataStateTracker(  325): ims: Received state=DISCONNECTED, old=DISCONNECTED, reason=dataAttached
D/MobileDataStateTracker(  325): mms: Broadcast received: android.intent.action.ANY_DATA_STATE apnType=mms
D/MobileDataStateTracker(  325): mms: Received state=DISCONNECTED, old=DISCONNECTED, reason=dataAttached
D/MobileDataStateTracker(  325): cbs: Broadcast received: android.intent.action.ANY_DATA_STATE apnType=cbs
D/MobileDataStateTracker(  325): cbs: Received state=DISCONNECTED, old=DISCONNECTED, reason=dataAttached
D/MobileDataStateTracker(  325): fota: Broadcast received: android.intent.action.ANY_DATA_STATE apnType=fota
D/MobileDataStateTracker(  325): fota: Received state=DISCONNECTED, old=DISCONNECTED, reason=dataAttached
D/MobileDataStateTracker(  325): ia: Broadcast received: android.intent.action.ANY_DATA_STATE apnType=ia
D/MobileDataStateTracker(  325): ia: Received state=DISCONNECTED, old=DISCONNECTED, reason=dataAttached
D/MobileDataStateTracker(  325): supl: Broadcast received: android.intent.action.ANY_DATA_STATE apnType=supl
D/MobileDataStateTracker(  325): supl: Received state=DISCONNECTED, old=DISCONNECTED, reason=dataAttached
D/MobileDataStateTracker(  325): hipri: Broadcast received: android.intent.action.ANY_DATA_STATE apnType=hipri
D/MobileDataStateTracker(  325): hipri: Received state=DISCONNECTED, old=DISCONNECTED, reason=dataAttached
D/MobileDataStateTracker(  325): ims: Broadcast received: android.intent.action.ANY_DATA_STATE apnType=ims
D/MobileDataStateTracker(  325): ims: Received state=DISCONNECTED, old=DISCONNECTED, reason=dataAttached
D/MobileDataStateTracker(  325): mms: Broadcast received: android.intent.action.ANY_DATA_STATE apnType=mms
D/MobileDataStateTracker(  325): mms: Received state=DISCONNECTED, old=DISCONNECTED, reason=dataAttached
D/MobileDataStateTracker(  325): cbs: Broadcast received: android.intent.action.ANY_DATA_STATE apnType=cbs
D/MobileDataStateTracker(  325): cbs: Received state=DISCONNECTED, old=DISCONNECTED, reason=dataAttached
D/dalvikvm(  607): GC_CONCURRENT freed 318K, 11% free 3168K/3556K, paused 30ms+43ms, total 200ms
D/dalvikvm(  683): GC_CONCURRENT freed 179K, 8% free 2960K/3216K, paused 5ms+605ms, total 779ms
D/MccTable(  607): updateMccMncConfiguration: mcc=310, mnc=260
D/MccTable(  607): getLocaleFromMcc to en_us mcc=310
D/MccTable(  607): getLocaleForLanguageCountry: got match
D/MccTable(  607): getLocaleForLanguageCountry: X locale=en_US
D/MccTable(  607): updateMccMncConfiguration updateConfig config={1.0 310mcc260mnc en_US ldltr ?swdp ?wdp ?hdp ?density ?lsize ?long ?orien ?uimode ?night ?touch ?keyb/?/? ?nav/?}
I/ActivityManager(  325): Config changes=3 {1.0 310mcc260mnc en_US ldltr sw480dp w480dp h839dp 160dpi lrg long port finger -keyb/v/h tball/v s.6}
D/PermissionCache(   57): checking android.permission.READ_FRAME_BUFFER for uid=1000 => granted (773 us)
D/gralloc (   57): Registering a buffer in the process that created it. This may cause memory ordering problems.
E/libEGL  (   57): called unimplemented OpenGL ES API
E/libEGL  (   57): called unimplemented OpenGL ES API
E/libEGL  (   57): called unimplemented OpenGL ES API
E/libEGL  (   57): called unimplemented OpenGL ES API
E/SurfaceFlinger(   57): glCheckFramebufferStatusOES error 1233570
E/SurfaceFlinger(   57): got GL_FRAMEBUFFER_COMPLETE_OES error while taking screenshot
E/libEGL  (   57): called unimplemented OpenGL ES API
E/libEGL  (   57): called unimplemented OpenGL ES API
D/PhoneStatusBar(  454): mSettingsPanelGravity = 55
I/ARMAssembler(   57): generated scanline__00000077:03515104_00008001_00000000 [113 ipp] (134 ins) at [0xb5abf1f0:0xb5abf408] in 30000000 ns
D/dalvikvm(  593): GC_CONCURRENT freed 293K, 14% free 3072K/3548K, paused 16ms+83ms, total 254ms
D/MccTable(  607): updateMccMncConfiguration: mcc=310, mnc=260
D/MccTable(  607): getLocaleFromMcc to en_us mcc=310
D/MccTable(  607): getLocaleForLanguageCountry: skipping already persisted
D/MccTable(  607): getLocaleForLanguageCountry: X locale=null
D/MccTable(  607): updateMccMncConfiguration updateConfig config={1.0 310mcc260mnc ?locale ?layoutDir ?swdp ?wdp ?hdp ?density ?lsize ?long ?orien ?uimode ?night ?touch ?keyb/?/? ?nav/?}
D/dalvikvm(  607): GC_CONCURRENT freed 369K, 12% free 3309K/3748K, paused 5ms+13ms, total 74ms
D/dalvikvm(  607): WAIT_FOR_CONCURRENT_GC blocked 28ms
D/dalvikvm(  325): GC_CONCURRENT freed 626K, 57% free 5527K/12716K, paused 155ms+5ms, total 287ms
D/dalvikvm(  325): WAIT_FOR_CONCURRENT_GC blocked 49ms
D/dalvikvm(  325): WAIT_FOR_CONCURRENT_GC blocked 47ms
I/LatinIME:LogUtils(  593): Dictionary info: dictionary = userunigram.en_US.dict ; version = ? ; date = ?
D/MobileDataStateTracker(  325): fota: Broadcast received: android.intent.action.ANY_DATA_STATE apnType=fota
D/MobileDataStateTracker(  325): fota: Received state=DISCONNECTED, old=DISCONNECTED, reason=simLoaded
D/dalvikvm(  325): GC_CONCURRENT freed 699K, 57% free 5543K/12716K, paused 24ms+8ms, total 182ms
D/dalvikvm(  325): WAIT_FOR_CONCURRENT_GC blocked 73ms
D/MobileDataStateTracker(  325): ia: Broadcast received: android.intent.action.ANY_DATA_STATE apnType=ia
D/MobileDataStateTracker(  325): ia: Received state=DISCONNECTED, old=DISCONNECTED, reason=simLoaded
D/MobileDataStateTracker(  325): supl: Broadcast received: android.intent.action.ANY_DATA_STATE apnType=supl
D/MobileDataStateTracker(  325): supl: Received state=DISCONNECTED, old=DISCONNECTED, reason=simLoaded
D/MobileDataStateTracker(  325): hipri: Broadcast received: android.intent.action.ANY_DATA_STATE apnType=hipri
D/MobileDataStateTracker(  325): hipri: Received state=DISCONNECTED, old=DISCONNECTED, reason=simLoaded
D/MobileDataStateTracker(  325): ims: Broadcast received: android.intent.action.ANY_DATA_STATE apnType=ims
D/MobileDataStateTracker(  325): ims: Received state=DISCONNECTED, old=DISCONNECTED, reason=simLoaded
D/MobileDataStateTracker(  325): mms: Broadcast received: android.intent.action.ANY_DATA_STATE apnType=mms
D/MobileDataStateTracker(  325): mms: Received state=DISCONNECTED, old=DISCONNECTED, reason=simLoaded
D/MobileDataStateTracker(  325): cbs: Broadcast received: android.intent.action.ANY_DATA_STATE apnType=cbs
D/MobileDataStateTracker(  325): cbs: Received state=DISCONNECTED, old=DISCONNECTED, reason=simLoaded
D/MobileDataStateTracker(  325): default: Broadcast received: android.intent.action.ANY_DATA_STATE apnType=default
D/dalvikvm(  607): GC_CONCURRENT freed 487K, 14% free 3319K/3852K, paused 4ms+5ms, total 101ms
D/MobileDataStateTracker(  325): default: Received state=CONNECTING, old=DISCONNECTED, reason=simLoaded
D/MobileDataStateTracker(  325): default: setDetailed state, old =IDLE and new state=CONNECTING
D/MobileDataStateTracker(  325): fota: Broadcast received: android.intent.action.ANY_DATA_STATE apnType=fota
D/MobileDataStateTracker(  325): fota: Received state=DISCONNECTED, old=DISCONNECTED, reason=simLoaded
D/MobileDataStateTracker(  325): ia: Broadcast received: android.intent.action.ANY_DATA_STATE apnType=ia
D/MobileDataStateTracker(  325): ia: Received state=DISCONNECTED, old=DISCONNECTED, reason=simLoaded
D/MobileDataStateTracker(  325): supl: Broadcast received: android.intent.action.ANY_DATA_STATE apnType=supl
D/MobileDataStateTracker(  325): supl: Received state=DISCONNECTED, old=DISCONNECTED, reason=simLoaded
D/MobileDataStateTracker(  325): hipri: Broadcast received: android.intent.action.ANY_DATA_STATE apnType=hipri
D/MobileDataStateTracker(  325): hipri: Received state=DISCONNECTED, old=DISCONNECTED, reason=simLoaded
D/MobileDataStateTracker(  325): ims: Broadcast received: android.intent.action.ANY_DATA_STATE apnType=ims
D/MobileDataStateTracker(  325): ims: Received state=DISCONNECTED, old=DISCONNECTED, reason=simLoaded
D/MobileDataStateTracker(  325): mms: Broadcast received: android.intent.action.ANY_DATA_STATE apnType=mms
