D/dalvikvm(  350): GC_CONCURRENT freed 1146K, 67% free 3990K/12076K, paused 5ms+5ms, total 80ms
I/PackageManager(  350): /system/app/GpsLocationTest.apk changed; collecting certs
I/PackageManager(  350): /system/app/HTMLViewer.apk changed; collecting certs
D/dalvikvm(  350): GC_CONCURRENT freed 407K, 67% free 4066K/12076K, paused 4ms+6ms, total 79ms
I/PackageManager(  350): /system/app/KeyChain.apk changed; collecting certs
I/PackageManager(  350): /system/app/LatinIME.apk changed; collecting certs
D/dalvikvm(  350): GC_CONCURRENT freed 461K, 67% free 4067K/12076K, paused 5ms+6ms, total 81ms
D/dalvikvm(  350): GC_CONCURRENT freed 313K, 65% free 4258K/12076K, paused 10ms+2ms, total 39ms
D/dalvikvm(  350): WAIT_FOR_CONCURRENT_GC blocked 30ms
D/dalvikvm(  350): GC_FOR_ALLOC freed 466K, 65% free 4295K/12076K, paused 28ms, total 29ms
D/dalvikvm(  350): GC_CONCURRENT freed 17K, 64% free 4439K/12076K, paused 14ms+5ms, total 94ms
D/dalvikvm(  350): GC_CONCURRENT freed 270K, 62% free 4641K/12076K, paused 5ms+5ms, total 100ms
D/dalvikvm(  350): GC_CONCURRENT freed 316K, 61% free 4790K/12076K, paused 4ms+3ms, total 100ms
I/PackageManager(  350): /system/app/LegacyCamera.apk changed; collecting certs
D/dalvikvm(  350): GC_CONCURRENT freed 397K, 60% free 4895K/12076K, paused 5ms+28ms, total 102ms
D/dalvikvm(  350): GC_CONCURRENT freed 1224K, 66% free 4215K/12076K, paused 4ms+2ms, total 44ms
D/dalvikvm(  350): WAIT_FOR_CONCURRENT_GC blocked 33ms
D/dalvikvm(  350): GC_FOR_ALLOC freed 463K, 65% free 4243K/12076K, paused 28ms, total 28ms
D/dalvikvm(  350): GC_CONCURRENT freed 17K, 65% free 4346K/12076K, paused 4ms+4ms, total 73ms
D/dalvikvm(  350): GC_CONCURRENT freed 257K, 63% free 4587K/12076K, paused 13ms+5ms, total 97ms
D/dalvikvm(  350): GC_CONCURRENT freed 303K, 62% free 4707K/12076K, paused 5ms+5ms, total 71ms
I/PackageManager(  350): /system/app/LiveWallpapersPicker.apk changed; collecting certs
I/PackageManager(  350): /system/app/Music.apk changed; collecting certs
D/dalvikvm(  350): GC_CONCURRENT freed 417K, 61% free 4786K/12076K, paused 4ms+9ms, total 97ms
D/dalvikvm(  350): WAIT_FOR_CONCURRENT_GC blocked 17ms
D/dalvikvm(  350): GC_CONCURRENT freed 1152K, 66% free 4148K/12076K, paused 13ms+5ms, total 101ms
I/PackageManager(  350): /system/app/NetSpeed.apk changed; collecting certs
I/PackageManager(  350): /system/app/OpenWnn.apk changed; collecting certs
D/dalvikvm(  350): GC_CONCURRENT freed 320K, 64% free 4349K/12076K, paused 13ms+7ms, total 96ms
D/dalvikvm(  350): WAIT_FOR_CONCURRENT_GC blocked 8ms
D/dalvikvm(  350): GC_CONCURRENT freed 714K, 66% free 4146K/12076K, paused 4ms+3ms, total 48ms
D/dalvikvm(  350): WAIT_FOR_CONCURRENT_GC blocked 16ms
D/dalvikvm(  350): GC_CONCURRENT freed 253K, 64% free 4405K/12076K, paused 4ms+3ms, total 74ms
D/dalvikvm(  350): WAIT_FOR_CONCURRENT_GC blocked 12ms
I/PackageManager(  350): /system/app/PacProcessor.apk changed; collecting certs
D/dalvikvm(  350): GC_CONCURRENT freed 371K, 63% free 4517K/12076K, paused 4ms+12ms, total 75ms
I/PackageManager(  350): /system/app/PackageInstaller.apk changed; collecting certs
I/PackageManager(  350): /system/app/PicoTts.apk changed; collecting certs
I/PackageManager(  350): /system/app/PinyinIME.apk changed; collecting certs
D/dalvikvm(  350): GC_CONCURRENT freed 965K, 67% free 4061K/12076K, paused 12ms+4ms, total 58ms
D/dalvikvm(  350): WAIT_FOR_CONCURRENT_GC blocked 27ms
I/PackageManager(  350): /system/app/PrintSpooler.apk changed; collecting certs
D/dalvikvm(  350): GC_CONCURRENT freed 391K, 66% free 4140K/12076K, paused 5ms+13ms, total 78ms
I/PackageManager(  350): /system/app/Protips.apk changed; collecting certs
I/PackageManager(  350): /system/app/QuickSearchBox.apk changed; collecting certs
D/dalvikvm(  350): GC_CONCURRENT freed 477K, 66% free 4170K/12076K, paused 12ms+3ms, total 44ms
D/dalvikvm(  350): WAIT_FOR_CONCURRENT_GC blocked 33ms
D/dalvikvm(  350): GC_CONCURRENT freed 387K, 66% free 4217K/12076K, paused 5ms+9ms, total 125ms
I/PackageManager(  350): /system/app/SdkSetup.apk changed; collecting certs
I/PackageManager(  350): /system/app/SoundRecorder.apk changed; collecting certs
I/PackageManager(  350): /system/app/SpeechRecorder.apk changed; collecting certs
D/dalvikvm(  350): GC_CONCURRENT freed 363K, 64% free 4365K/12076K, paused 5ms+14ms, total 89ms
I/PackageManager(  350): /system/app/TelephonyProvider.apk changed; collecting certs
I/PackageManager(  350): /system/app/UserDictionaryProvider.apk changed; collecting certs
D/PackageManager(  350): No files in app dir /vendor/app
D/dalvikvm(  350): GC_CONCURRENT freed 635K, 66% free 4192K/12076K, paused 5ms+13ms, total 81ms
W/PackageParser(  350): No actions in intent filter at /data/app/ApiDemos.apk Binary XML file line #2899
W/PackageParser(  350): No actions in intent filter at /data/app/ApiDemos.apk Binary XML file line #2905
I/PackageManager(  350): /data/app/ApiDemos.apk changed; collecting certs
D/dalvikvm(  350): GC_CONCURRENT freed 279K, 64% free 4415K/12076K, paused 4ms+3ms, total 61ms
D/dalvikvm(  350): WAIT_FOR_CONCURRENT_GC blocked 17ms
D/dalvikvm(  350): GC_CONCURRENT freed 264K, 62% free 4674K/12076K, paused 4ms+16ms, total 100ms
D/dalvikvm(  350): GC_CONCURRENT freed 320K, 61% free 4814K/12076K, paused 5ms+13ms, total 92ms
D/dalvikvm(  350): GC_CONCURRENT freed 508K, 61% free 4828K/12076K, paused 5ms+3ms, total 72ms
D/dalvikvm(  350): WAIT_FOR_CONCURRENT_GC blocked 24ms
D/dalvikvm(  350): GC_CONCURRENT freed 526K, 60% free 4833K/12076K, paused 14ms+3ms, total 74ms
D/dalvikvm(  350): WAIT_FOR_CONCURRENT_GC blocked 30ms
D/dalvikvm(  350): GC_CONCURRENT freed 524K, 60% free 4836K/12076K, paused 13ms+3ms, total 73ms
D/dalvikvm(  350): WAIT_FOR_CONCURRENT_GC blocked 32ms
D/dalvikvm(  350): GC_CONCURRENT freed 537K, 60% free 4833K/12076K, paused 4ms+13ms, total 125ms
D/dalvikvm(  350): WAIT_FOR_CONCURRENT_GC blocked 74ms
D/dalvikvm(  350): GC_CONCURRENT freed 527K, 60% free 4838K/12076K, paused 5ms+3ms, total 70ms
D/dalvikvm(  350): WAIT_FOR_CONCURRENT_GC blocked 24ms
D/dalvikvm(  350): GC_CONCURRENT freed 523K, 60% free 4849K/12076K, paused 4ms+3ms, total 72ms
D/dalvikvm(  350): WAIT_FOR_CONCURRENT_GC blocked 29ms
D/dalvikvm(  350): GC_CONCURRENT freed 529K, 60% free 4852K/12076K, paused 4ms+3ms, total 70ms
D/dalvikvm(  350): WAIT_FOR_CONCURRENT_GC blocked 24ms
D/dalvikvm(  350): GC_CONCURRENT freed 529K, 60% free 4855K/12076K, paused 4ms+3ms, total 69ms
D/dalvikvm(  350): WAIT_FOR_CONCURRENT_GC blocked 24ms
D/dalvikvm(  350): GC_CONCURRENT freed 531K, 60% free 4860K/12076K, paused 4ms+3ms, total 70ms
D/dalvikvm(  350): WAIT_FOR_CONCURRENT_GC blocked 29ms
D/dalvikvm(  350): GC_CONCURRENT freed 541K, 60% free 4853K/12076K, paused 5ms+4ms, total 80ms
D/dalvikvm(  350): WAIT_FOR_CONCURRENT_GC blocked 17ms
W/PackageManager(  350): Package com.example.android.apis desires unavailable shared library com.example.will.never.exist; ignoring!
I/PackageManager(  350): /data/app/CubeLiveWallpapers.apk changed; collecting certs
D/dalvikvm(  350): GC_CONCURRENT freed 424K, 59% free 4967K/12076K, paused 5ms+19ms, total 97ms
D/dalvikvm(  350): WAIT_FOR_CONCURRENT_GC blocked 9ms
I/PackageManager(  350): /data/app/GestureBuilder.apk changed; collecting certs
I/PackageManager(  350): /data/app/SmokeTest.apk changed; collecting certs
D/dalvikvm(  350): GC_CONCURRENT freed 1134K, 64% free 4386K/12076K, paused 5ms+10ms, total 79ms
I/PackageManager(  350): /data/app/SmokeTestApp.apk changed; collecting certs
I/PackageManager(  350): /data/app/SoftKeyboard.apk changed; collecting certs
D/dalvikvm(  350): GC_CONCURRENT freed 476K, 63% free 4486K/12076K, paused 4ms+6ms, total 101ms
D/dalvikvm(  350): WAIT_FOR_CONCURRENT_GC blocked 8ms
I/PackageManager(  350): /data/app/WidgetPreview.apk changed; collecting certs
W/PackageManager(  350): Package com.example.android.apis desires unavailable shared library com.example.will.never.exist; ignoring!
W/PackageManager(  350): Package com.android.camera desires unavailable shared library com.google.android.media.effects; ignoring!
I/PackageManager(  350): Time to scan packages: 32.643 seconds
D/dalvikvm(  350): GC_CONCURRENT freed 564K, 64% free 4375K/12076K, paused 4ms+22ms, total 79ms
W/PackageManager(  350): Not granting permission android.permission.GLOBAL_SEARCH to package com.android.quicksearchbox (protectionLevel=18 flags=0x8be45)
W/PackageManager(  350): Unknown permission com.android.smspush.WAPPUSH_MANAGER_BIND in package com.android.phone
W/PackageManager(  350): Unknown permission com.google.android.googleapps.permission.GOOGLE_AUTH in package com.android.providers.calendar
W/PackageManager(  350): Unknown permission com.google.android.googleapps.permission.GOOGLE_AUTH.cl in package com.android.providers.calendar
W/PackageManager(  350): Unknown permission com.google.android.googleapps.permission.GOOGLE_AUTH.mail in package com.android.calendar
W/PackageManager(  350): Not granting permission android.permission.ACCESS_DOWNLOAD_MANAGER to package com.android.browser (protectionLevel=18 flags=0x9be45)
W/PackageManager(  350): Not granting permission android.permission.SEND_DOWNLOAD_COMPLETED_INTENTS to package com.android.browser (protectionLevel=2 flags=0x9be45)
W/PackageManager(  350): Not granting permission android.permission.BIND_APPWIDGET to package com.android.widgetpreview (protectionLevel=18 flags=0x8be44)
W/PackageManager(  350): Unknown permission android.permission.INSTALL_DRM in package com.android.mms
W/PackageManager(  350): Unknown permission com.google.android.googleapps.permission.GOOGLE_AUTH in package com.android.settings
W/PackageManager(  350): Unknown permission com.google.android.googleapps.permission.ACCESS_GOOGLE_PASSWORD in package com.android.development
W/PackageManager(  350): Unknown permission com.google.android.googleapps.permission.GOOGLE_AUTH in package com.android.development
W/PackageManager(  350): Unknown permission com.google.android.googleapps.permission.GOOGLE_AUTH.ALL_SERVICES in package com.android.development
W/PackageManager(  350): Unknown permission com.google.android.googleapps.permission.GOOGLE_AUTH.YouTubeUser in package com.android.development
W/PackageManager(  350): Not granting permission android.permission.DELETE_PACKAGES to package com.svox.pico (protectionLevel=18 flags=0x8be45)
W/PackageManager(  350): Not granting permission android.permission.DEVICE_POWER to package com.android.deskclock (protectionLevel=2 flags=0x48be45)
D/dalvikvm(  350): GC_EXPLICIT freed 374K, 65% free 4311K/12076K, paused 4ms+3ms, total 51ms
I/SystemServer(  350): Entropy Mixer
W/EntropyMixer(  350): No existing entropy file -- first boot?
I/EntropyMixer(  350): Writing entropy...
I/SystemServer(  350): User Service
I/SystemServer(  350): Account Manager
I/SystemServer(  350): Content Manager
I/SystemServer(  350): System Content Providers
I/SyncManager(  350): No initial accounts
I/SyncManager(  350): No initial status
W/SyncManagerFile(  350): Error reading pending data.
W/SyncManagerFile(  350): java.io.FileNotFoundException: /data/system/sync/pending.xml: open failed: ENOENT (No such file or directory)
W/SyncManagerFile(  350): 	at libcore.io.IoBridge.open(IoBridge.java:409)
W/SyncManagerFile(  350): 	at java.io.FileInputStream.<init>(FileInputStream.java:78)
W/SyncManagerFile(  350): 	at android.util.AtomicFile.openRead(AtomicFile.java:199)
W/SyncManagerFile(  350): 	at com.android.server.content.SyncStorageEngine.readPendingOperationsLocked(SyncStorageEngine.java:2286)
W/SyncManagerFile(  350): 	at com.android.server.content.SyncStorageEngine.<init>(SyncStorageEngine.java:434)
W/SyncManagerFile(  350): 	at com.android.server.content.SyncStorageEngine.init(SyncStorageEngine.java:454)
W/SyncManagerFile(  350): 	at com.android.server.content.SyncManager.<init>(SyncManager.java:383)
W/SyncManagerFile(  350): 	at com.android.server.content.ContentService.getSyncManager(ContentService.java:75)
W/SyncManagerFile(  350): 	at com.android.server.content.ContentService.notifyChange(ContentService.java:283)
W/SyncManagerFile(  350): 	at android.content.ContentResolver.notifyChange(ContentResolver.java:1621)
W/SyncManagerFile(  350): 	at com.android.providers.settings.SettingsProvider.sendNotify(SettingsProvider.java:262)
W/SyncManagerFile(  350): 	at com.android.providers.settings.SettingsProvider.insertForUser(SettingsProvider.java:941)
W/SyncManagerFile(  350): 	at com.android.providers.settings.SettingsProvider.ensureAndroidIdIsSet(SettingsProvider.java:496)
W/SyncManagerFile(  350): 	at com.android.providers.settings.SettingsProvider.establishDbTracking(SettingsProvider.java:409)
W/SyncManagerFile(  350): 	at com.android.providers.settings.SettingsProvider.onCreate(SettingsProvider.java:335)
W/SyncManagerFile(  350): 	at android.content.ContentProvider.attachInfo(ContentProvider.java:1591)
W/SyncManagerFile(  350): 	at android.content.ContentProvider.attachInfo(ContentProvider.java:1562)
W/SyncManagerFile(  350): 	at android.app.ActivityThread.installProvider(ActivityThread.java:4774)
W/SyncManagerFile(  350): 	at android.app.ActivityThread.installContentProviders(ActivityThread.java:4369)
W/SyncManagerFile(  350): 	at android.app.ActivityThread.installSystemProviders(ActivityThread.java:4929)
W/SyncManagerFile(  350): 	at com.android.server.am.ActivityManagerService.installSystemProviders(ActivityManagerService.java:8081)
W/SyncManagerFile(  350): 	at com.android.server.ServerThread.initAndLoop(SystemServer.java:275)
W/SyncManagerFile(  350): 	at com.android.server.SystemServer.main(SystemServer.java:1179)
W/SyncManagerFile(  350): 	at java.lang.reflect.Method.invokeNative(Native Method)
W/SyncManagerFile(  350): 	at java.lang.reflect.Method.invoke(Method.java:515)
W/SyncManagerFile(  350): 	at com.android.internal.os.ZygoteInit$MethodAndArgsCaller.run(ZygoteInit.java:785)
W/SyncManagerFile(  350): 	at com.android.internal.os.ZygoteInit.main(ZygoteInit.java:601)
W/SyncManagerFile(  350): 	at dalvik.system.NativeStart.main(Native Method)
W/SyncManagerFile(  350): Caused by: libcore.io.ErrnoException: open failed: ENOENT (No such file or directory)
W/SyncManagerFile(  350): 	at libcore.io.Posix.open(Native Method)
W/SyncManagerFile(  350): 	at libcore.io.BlockGuardOs.open(BlockGuardOs.java:110)
W/SyncManagerFile(  350): 	at libcore.io.IoBridge.open(IoBridge.java:393)
W/SyncManagerFile(  350): 	... 27 more
I/SyncManager(  350): No initial statistics
D/SettingsProvider(  350): Generated and saved new ANDROID_ID [2e0e937526bce316] for user 0
I/SystemServer(  350): Lights Service
I/SystemServer(  350): Battery Service
E/ConsumerIrService(  350): Can't open consumer IR HW Module, error: -2
W/libsuspend(  350): Error writing 'on' to /sys/power/state: Invalid argument
E/libsuspend(  350): Error opening /sys/power/autosleep: No such file or directory
I/SystemServer(  350): Vibrator Service
I/SystemServer(  350): Consumer IR Service
I/libsuspend(  350): Selected wakeup count
D/PermissionCache(   57): checking android.permission.ACCESS_SURFACE_FLINGER for uid=1000 => granted (2362 us)
D/SurfaceFlinger(   57): Screen acquired, type=0 flinger=0xb795f450
D/SurfaceFlinger(   57):  screen was previously acquired
I/SystemServer(  350): Alarm Manager
I/SystemServer(  350): Init Watchdog
I/SystemServer(  350): Input Manager
I/InputManager(  350): Initializing input manager, mUseDevInputEventForAudioJack=false
I/SystemServer(  350): Window Manager
I/WindowManager(  350): No existing display settings /data/system/display_settings.xml; starting empty
D/dalvikvm(  350): GC_CONCURRENT freed 286K, 64% free 4461K/12076K, paused 27ms+3ms, total 108ms
I/WindowManager(  350): No keyguard interface!
I/InputManager(  350): Starting input manager
E/EventHub(  350): could not get driver version for /dev/input/mouse0, Not a typewriter
I/SystemServer(  350): No Bluetooh Service (emulator)
I/SystemServer(  350): Input Method Service
W/EventHub(  350): Unable to disable kernel key repeat for /dev/input/event0: Function not implemented
I/EventHub(  350): New device: id=1, fd=93, path='/dev/input/event0', name='qwerty2', classes=0x2d, configuration='/system/usr/idc/qwerty2.idc', keyLayout='/system/usr/keylayout/qwerty.kl', keyCharacterMap='/system/usr/keychars/qwerty2.kcm', builtinKeyboard=true, usingSuspendBlockIoctl=true, usingClockIoctl=true
E/EventHub(  350): could not get driver version for /dev/input/mice, Not a typewriter
I/InputReader(  350): Device added: id=-1, name='Virtual', sources=0x00000301
I/InputReader(  350):   Touch device 'qwerty2' could not query the properties of its associated display.  The device will be inoperable until the display size becomes available.
I/InputReader(  350): Device added: id=0, name='qwerty2', sources=0x00011307
W/InputMethodManagerService(  350): No IME selected. Choose the most applicable IME.
I/InputMethodManagerService(  350): No default found, using com.android.inputmethod.latin/.LatinIME
I/SystemServer(  350): Accessibility Manager
I/ActivityManager(  350): Config changes=1df8 {1.0 ?mcc?mnc en_US ldltr sw480dp w480dp h864dp 160dpi lrg long port ?uimode ?night -touch -keyb/h/h tball/v s.2}
I/InputReader(  350): Reconfiguring input devices.  changes=0x00000004
I/InputReader(  350): Device reconfigured: id=0, name='qwerty2', size 480x864, orientation 0, mode 1, display id 0
I/ActivityManager(  350): Config changes=408 {1.0 ?mcc?mnc en_US ldltr sw480dp w480dp h839dp 160dpi lrg long port ?uimode ?night finger -keyb/h/h tball/v s.3}
I/SystemServer(  350): Mount Service
D/MountService(  350): got storage path: /storage/sdcard description: USB storage primary: true removable: false emulated: false mtpReserve: 0 allowMassStorage: false maxFileSize: 0
D/MountService(  350): addVolumeLocked() StorageVolume:
D/MountService(  350):     mStorageId=0 mPath=/storage/sdcard mDescriptionId=17040665 mPrimary=true 
D/MountService(  350):     mRemovable=false mEmulated=false mMtpReserveSpace=0 
D/MountService(  350):     mAllowMassStorage=false mMaxFileSize=0 mOwner=null mUuid=null 
D/MountService(  350):     mUserLabel=null mState=null 
I/SystemServer(  350): LockSettingsService
I/SystemServer(  350): Device Policy
I/SystemServer(  350): Status Bar
I/SystemServer(  350): Clipboard Service
I/SystemServer(  350): NetworkManagement Service
I/SystemServer(  350): Text Service Manager Service
W/MountService(  350): Duplicate state transition (unmounted -> unmounted) for /storage/sdcard
I/PackageManager(  350): No secure containers on sdcard
W/MountService(  350): getSecureContainerList() called when storage not mounted
I/SystemServer(  350): NetworkStats Service
W/PackageManager(  350): Not granting permission android.permission.GLOBAL_SEARCH to package com.android.quicksearchbox (protectionLevel=18 flags=0x8be45)
I/SystemServer(  350): NetworkPolicy Service
I/SystemServer(  350): Wi-Fi P2pService
W/PackageManager(  350): Unknown permission com.android.smspush.WAPPUSH_MANAGER_BIND in package com.android.phone
W/PackageManager(  350): Unknown permission com.google.android.googleapps.permission.GOOGLE_AUTH in package com.android.providers.calendar
W/PackageManager(  350): Unknown permission com.google.android.googleapps.permission.GOOGLE_AUTH.cl in package com.android.providers.calendar
W/PackageManager(  350): Unknown permission com.google.android.googleapps.permission.GOOGLE_AUTH.mail in package com.android.calendar
W/PackageManager(  350): Not granting permission android.permission.ACCESS_DOWNLOAD_MANAGER to package com.android.browser (protectionLevel=18 flags=0x9be45)
W/PackageManager(  350): Not granting permission android.permission.SEND_DOWNLOAD_COMPLETED_INTENTS to package com.android.browser (protectionLevel=2 flags=0x9be45)
W/PackageManager(  350): Not granting permission android.permission.BIND_APPWIDGET to package com.android.widgetpreview (protectionLevel=18 flags=0x8be44)
D/dalvikvm(  350): GC_CONCURRENT freed 240K, 62% free 4620K/12076K, paused 5ms+13ms, total 72ms
W/PackageManager(  350): Unknown permission android.permission.INSTALL_DRM in package com.android.mms
W/PackageManager(  350): Unknown permission com.google.android.googleapps.permission.GOOGLE_AUTH in package com.android.settings
W/PackageManager(  350): Unknown permission com.google.android.googleapps.permission.ACCESS_GOOGLE_PASSWORD in package com.android.development
W/PackageManager(  350): Unknown permission com.google.android.googleapps.permission.GOOGLE_AUTH in package com.android.development
W/PackageManager(  350): Unknown permission com.google.android.googleapps.permission.GOOGLE_AUTH.ALL_SERVICES in package com.android.development
W/PackageManager(  350): Unknown permission com.google.android.googleapps.permission.GOOGLE_AUTH.YouTubeUser in package com.android.development
W/PackageManager(  350): Not granting permission android.permission.DELETE_PACKAGES to package com.svox.pico (protectionLevel=18 flags=0x8be45)
W/PackageManager(  350): Not granting permission android.permission.DEVICE_POWER to package com.android.deskclock (protectionLevel=2 flags=0x48be45)
I/SystemServer(  350): Wi-Fi Service
D/WifiController(  350): isAirplaneModeOn = false, isWifiEnabled = false, isScanningAvailable = false
I/SystemServer(  350): Connectivity Service
D/ConnectivityService(  350): ConnectivityService starting up
D/ConnectivityService(  350): wifiOnly=false
E/MobileDataStateTracker(  350): default: Ignoring feature request because could not acquire PhoneService
E/MobileDataStateTracker(  350): default: Could not enable APN type "default"
I/WifiService(  350): WifiService starting up with Wi-Fi disabled
I/SystemServer(  350): Network Service Discovery Service
D/NsdService(  350): Network service discovery enabled true
I/SystemServer(  350): UpdateLock Service
I/SystemServer(  350): Notification Manager
I/SystemServer(  350): Device Storage Monitor
I/SystemServer(  350): Location Manager
I/SystemServer(  350): Country Detector
D/dalvikvm(  350): GC_CONCURRENT freed 301K, 61% free 4784K/12076K, paused 5ms+24ms, total 123ms
I/SystemServer(  350): Search Service
I/SystemServer(  350): DropBox Service
I/SystemServer(  350): Wallpaper Service
W/WallpaperService(  350): no current wallpaper -- first boot?
I/SystemServer(  350): Audio Service
I/SystemServer(  350): Dock Observer
W/DockObserver(  350): This kernel does not have dock station support
I/SystemServer(  350): Wired Accessory Manager
W/WiredAccessoryManager(  350): This kernel does not have wired headset support
W/WiredAccessoryManager(  350): This kernel does not have usb audio support
W/WiredAccessoryManager(  350): This kernel does not have HDMI audio support
I/SystemServer(  350): USB Service
I/SystemServer(  350): Serial Service
I/SystemServer(  350): Twilight Service
I/SystemServer(  350): UI Mode Manager Service
I/SystemServer(  350): Backup Service
V/BackupManagerService(  350): Initializing package tracking
V/BackupManagerService(  350): No ancestral data
V/BackupManagerService(  350): addPackageParticipantsLocked: all
I/BackupManagerService(  350): Scheduling backup for new app com.android.calendar
D/BackupManagerService(  350): Now staging backup of com.android.calendar
I/BackupManagerService(  350): Scheduling backup for new app com.android.browser
D/BackupManagerService(  350): Now staging backup of com.android.browser
I/BackupManagerService(  350): Scheduling backup for new app com.android.providers.userdictionary
D/BackupManagerService(  350): Now staging backup of com.android.providers.userdictionary
I/BackupManagerService(  350): Scheduling backup for new app com.android.sharedstoragebackup
D/BackupManagerService(  350): Now staging backup of com.android.sharedstoragebackup
I/BackupManagerService(  350): Scheduling backup for new app android
D/BackupManagerService(  350): Now staging backup of android
I/BackupManagerService(  350): Scheduling backup for new app com.android.dialer
D/BackupManagerService(  350): Now staging backup of com.android.dialer
I/BackupManagerService(  350): Scheduling backup for new app com.android.providers.settings
D/BackupManagerService(  350): Now staging backup of com.android.providers.settings
V/BackupManagerService(  350): Starting with transport android/com.android.internal.backup.LocalTransport
V/BackupManagerService(  350): Found transports: 1
I/BackupManagerService(  350): Binding to transport host ComponentInfo{android/com.android.internal.backup.LocalTransportService}
I/BackupManagerService(  350): Backup enabled => true
I/SystemServer(  350): AppWidget Service
I/SystemServer(  350): Recognition Service
I/SystemServer(  350): DiskStats Service
I/SystemServer(  350): SamplingProfiler Service
I/SystemServer(  350): NetworkTimeUpdateService
I/SystemServer(  350): CommonTimeManagementService
I/SystemServer(  350): CertBlacklister
I/SystemServer(  350): Dreams Service
I/SystemServer(  350): Assets Atlas Service
I/SystemServer(  350): IdleMaintenanceService
I/SystemServer(  350): Print Service
I/SystemServer(  350): Media Router Service
D/Atlas   (  350): Computing best atlas configuration...
D/Atlas   (  350): Running Thread-50
I/WindowManager(  350): SAFE MODE not enabled
D/Atlas   (  350): Found best atlas configuration in 0.08s
D/Atlas   (  350): Loaded configuration: SliceMinArea (768x768) flags=0x2 count=24
D/gralloc_goldfish(  350): Emulator without GPU emulation detected.
E/SQLiteLog(  350): (1) no such table: locksettings
D/dalvikvm(  350): GC_CONCURRENT freed 327K, 59% free 4959K/12076K, paused 5ms+29ms, total 161ms
I/LockSettingsService(  350): Migrated lock settings to new location
W/AssetAtlasService(  350): Could not find EGL configuration
D/Atlas   (  350): Rendered atlas in 29.97ms (27.23+2.74ms)
I/LockSettingsService(  350): Migrated per-user lock settings to new location
I/Zygote  (  350): Process: zygote socket opened
V/KeyguardServiceDelegate(  350): *** Keyguard started
V/KeyguardServiceDelegate(  350): onSystemReady() called before keyguard service was ready
I/ActivityManager(  350): Start proc com.android.systemui for service com.android.keyguard/.KeyguardService: pid=450 uid=10007 gids={50007, 1028, 1015, 1035, 3002, 3001}
F/SystemServer(  350): BOOT FAILURE making Package Manager Service ready
F/SystemServer(  350): java.lang.SecurityException: Unable to find app for caller android.app.ActivityThread$ApplicationThread@b35d4798 (pid=350) when registering receiver android.app.LoadedApk$ReceiverDispatcher$InnerReceiver@b2f26c78
F/SystemServer(  350): 	at com.android.server.am.ActivityManagerService.registerReceiver(ActivityManagerService.java:13021)
F/SystemServer(  350): 	at android.app.ContextImpl.registerReceiverInternal(ContextImpl.java:1450)
F/SystemServer(  350): 	at android.app.ContextImpl.registerReceiverAsUser(ContextImpl.java:1425)
F/SystemServer(  350): 	at com.android.internal.content.PackageMonitor.register(PackageMonitor.java:84)
F/SystemServer(  350): 	at com.android.server.pm.UserManagerService.systemReady(UserManagerService.java:237)
F/SystemServer(  350): 	at com.android.server.pm.PackageManagerService.systemReady(PackageManagerService.java:10476)
F/SystemServer(  350): 	at com.android.server.ServerThread.initAndLoop(SystemServer.java:893)
F/SystemServer(  350): 	at com.android.server.SystemServer.main(SystemServer.java:1179)
F/SystemServer(  350): 	at java.lang.reflect.Method.invokeNative(Native Method)
F/SystemServer(  350): 	at java.lang.reflect.Method.invoke(Method.java:515)
F/SystemServer(  350): 	at com.android.internal.os.ZygoteInit$MethodAndArgsCaller.run(ZygoteInit.java:785)
F/SystemServer(  350): 	at com.android.internal.os.ZygoteInit.main(ZygoteInit.java:601)
F/SystemServer(  350): 	at dalvik.system.NativeStart.main(Native Method)
W/SystemServer(  350): ***********************************************
I/ActivityManager(  350): Sending system update to ComponentInfo{com.android.providers.calendar/com.android.providers.calendar.CalendarUpgradeReceiver} for user 0
I/ActivityManager(  350): Sending system update to ComponentInfo{com.android.providers.contacts/com.android.providers.contacts.ContactsUpgradeReceiver} for user 0
I/ActivityManager(  350): Sending system update to ComponentInfo{com.android.providers.media/com.android.providers.media.MediaUpgradeReceiver} for user 0
I/SystemServer(  350): Enabled StrictMode for system server main thread.
I/ActivityManager(  350): Start proc com.android.providers.calendar for broadcast com.android.providers.calendar/.CalendarUpgradeReceiver: pid=462 uid=10001 gids={50001, 3003, 1028, 1015}
I/Choreographer(  350): Skipped 43 frames!  The application may be doing too much work on its main thread.
W/InputMethodManagerService(  350): Focus gain on non-focused client android.view.inputmethod.InputMethodManager$1@b30f21e8 (uid=1000 pid=350)
V/BackupManagerService(  350): Connected to transport ComponentInfo{android/com.android.internal.backup.LocalTransportService}
V/BackupManagerService(  350): Registering transport android/com.android.internal.backup.LocalTransportService::android/com.android.internal.backup.LocalTransport = com.android.internal.backup.LocalTransport@b33419a0
I/ActivityManager(  350): Launching preboot mode app: ProcessRecord{b3319708 462:com.android.providers.calendar/u0a1}
E/SoundPool(  450): error loading /system/media/audio/ui/Lock.ogg
W/KeyguardViewMediator(  450): failed to load lock sound from /system/media/audio/ui/Lock.ogg
E/SoundPool(  450): error loading /system/media/audio/ui/Unlock.ogg
W/KeyguardViewMediator(  450): failed to load unlock sound from /system/media/audio/ui/Unlock.ogg
V/KeyguardService(  450): onCreate()
V/KeyguardServiceDelegate(  350): *** Keyguard connected (yay!)
V/KeyguardServiceDelegate(  350): **** SHOWN CALLED ****
I/ActivityManager(  350): Start proc android.process.acore for broadcast com.android.providers.contacts/.ContactsUpgradeReceiver: pid=480 uid=10002 gids={50002, 3003, 1028, 1015}
D/dalvikvm(  350): GC_CONCURRENT freed 304K, 58% free 5098K/12076K, paused 4ms+14ms, total 110ms
I/ActivityManager(  350): Launching preboot mode app: ProcessRecord{b2f5f7f8 480:android.process.acore/u0a2}
I/ContactsUpgradeReceiver(  480): Creating or opening contacts database
I/ContactsDatabaseHelper(  480): Bootstrapping database version: 803
D/dalvikvm(  480): GC_CONCURRENT freed 386K, 15% free 2793K/3268K, paused 5ms+1ms, total 68ms
D/dalvikvm(  480): GC_CONCURRENT freed 322K, 13% free 2871K/3284K, paused 2ms+1ms, total 27ms
I/ContactsProviderV1(  480): Bootstrapping database legacy support
I/ContactsDatabaseHelper(  480): Bootstrapping database version: 803
D/dalvikvm(  480): GC_CONCURRENT freed 339K, 13% free 2930K/3360K, paused 13ms+1ms, total 38ms
I/ContactsProviderV1(  480): Bootstrapping database legacy support
I/ContactsProvider(  480): Locale has changed from null to en_US
I/ContactsDatabaseHelper(  480): Switching to locale en_US (ICU v51.1.0.1)
D/dalvikvm(  480): GC_CONCURRENT freed 333K, 13% free 3013K/3436K, paused 10ms+3ms, total 49ms
I/ContactsDatabaseHelper(  480): Locale change completed in 597ms
I/ContactsDatabaseHelper(  480): Switching to locale en_US (ICU v51.1.0.1)
D/dalvikvm(  480): GC_CONCURRENT freed 358K, 13% free 3049K/3500K, paused 14ms+2ms, total 41ms
I/ContactsDatabaseHelper(  480): Locale change completed in 499ms
I/ActivityManager(  350): Start proc android.process.media for broadcast com.android.providers.media/.MediaUpgradeReceiver: pid=498 uid=10005 gids={50005, 1028, 1015, 1023, 1024, 2001, 3003, 3007}
I/ActivityManager(  350): Launching preboot mode app: ProcessRecord{b2f60b68 498:android.process.media/u0a5}
I/ActivityManager(  350): Writing new set of last done pre-boot receivers...
I/ActivityManager(  350): Removing system update proc: ProcessRecord{b3319708 462:com.android.providers.calendar/u0a1}
I/ActivityManager(  350): Killing 462:com.android.providers.calendar/u0a1 (adj 13): system update done
I/ActivityManager(  350): Removing system update proc: ProcessRecord{b2f5f7f8 480:android.process.acore/u0a2}
I/ActivityManager(  350): Killing 480:android.process.acore/u0a2 (adj 11): system update done
I/ActivityManager(  350): Removing system update proc: ProcessRecord{b2f60b68 498:android.process.media/u0a5}
I/ActivityManager(  350): Killing 498:android.process.media/u0a5 (adj 9): system update done
I/ActivityManager(  350): System now ready
I/SystemServer(  350): Making services ready
D/NetworkManagementService(  350): enabling bandwidth control
I/Vold    (   52): /dev/block/vold/179:0 being considered for volume sdcard
D/Vold    (   52): Volume sdcard state changing 1 (Idle-Unmounted) -> 3 (Checking)
D/MountService(  350): volume state changed for /storage/sdcard (unmounted -> checking)
D/MountService(  350): sendStorageIntent Intent { act=android.intent.action.MEDIA_CHECKING dat=file:///storage/sdcard (has extras) } to UserHandle{-1}
D/SystemUIService(  450): loading: class com.android.systemui.recent.Recents
D/SystemUIService(  450): running: com.android.systemui.recent.Recents@b2d2d010
D/SystemUIService(  450): loading: class com.android.systemui.statusbar.SystemBars
D/SystemUIService(  450): running: com.android.systemui.statusbar.SystemBars@b2d2d5f8
I/fsck_msdos(   52): ** /dev/block/vold/179:0
I/fsck_msdos(   52): Invalid signature in fsinfo block
I/fsck_msdos(   52): FIXED
I/fsck_msdos(   52): ** Phase 1 - Read and Compare FATs
I/fsck_msdos(   52): Attempting to allocate 794 KB for FAT
D/SystemUIService(  450): loading: class com.android.systemui.usb.StorageNotification
D/SystemUIService(  450): running: com.android.systemui.usb.StorageNotification@b2d2f348
D/SystemUIService(  450): loading: class com.android.systemui.power.PowerUI
D/SystemUIService(  450): running: com.android.systemui.power.PowerUI@b2d30c00
D/SystemUIService(  450): loading: class com.android.systemui.media.RingtonePlayer
D/SystemUIService(  450): running: com.android.systemui.media.RingtonePlayer@b2d319e0
D/SystemUIService(  450): loading: class com.android.systemui.settings.SettingsUI
D/SystemUIService(  450): running: com.android.systemui.settings.SettingsUI@b2d32cc8
I/StatusBarManagerService(  350): registerStatusBar bar=com.android.internal.statusbar.IStatusBar$Stub$Proxy@b3145620
I/fsck_msdos(   52): Attempting to allocate 794 KB for FAT
D/PhoneStatusBar(  450): mSettingsPanelGravity = 55
I/fsck_msdos(   52): ** Phase 2 - Check Cluster Chains
I/fsck_msdos(   52): ** Phase 3 - Checking Directories
I/fsck_msdos(   52): ** Phase 4 - Checking for Lost Files
I/fsck_msdos(   52): Free space in FSInfo block (201592) not correct (201591)
I/fsck_msdos(   52): FIXED
I/fsck_msdos(   52): 1 files, 100795 free (201591 clusters)
D/dalvikvm(  450): GC_CONCURRENT freed 282K, 12% free 2834K/3204K, paused 9ms+54ms, total 190ms
I/Vold    (   52): Filesystem check completed OK
W/Vold    (   52): blkid failed to identify /dev/block/vold/179:0
I/PackageManager(  350): Updating external media status from unmounted to mounted
D/Vold    (   52): Volume sdcard state changing 3 (Checking) -> 4 (Mounted)
D/MountService(  350): volume state changed for /storage/sdcard (checking -> mounted)
D/MountService(  350): sendStorageIntent Intent { act=android.intent.action.MEDIA_MOUNTED dat=file:///storage/sdcard (has extras) } to UserHandle{-1}
D/dalvikvm(  350): GC_CONCURRENT freed 452K, 57% free 5236K/12076K, paused 4ms+34ms, total 448ms
I/PackageManager(  350): No secure containers on sdcard
E/VoldConnector(  350): NDC Command {3 volume mount /storage/sdcard} took too long (1139ms)
D/dalvikvm(  450): GC_FOR_ALLOC freed 37K, 8% free 2947K/3204K, paused 25ms, total 27ms
W/PackageManager(  350): Not granting permission android.permission.GLOBAL_SEARCH to package com.android.quicksearchbox (protectionLevel=18 flags=0x88be45)
W/PackageManager(  350): Unknown permission com.android.smspush.WAPPUSH_MANAGER_BIND in package com.android.phone
W/PackageManager(  350): Unknown permission com.google.android.googleapps.permission.GOOGLE_AUTH in package com.android.providers.calendar
W/PackageManager(  350): Unknown permission com.google.android.googleapps.permission.GOOGLE_AUTH.cl in package com.android.providers.calendar
W/PackageManager(  350): Unknown permission com.google.android.googleapps.permission.GOOGLE_AUTH.mail in package com.android.calendar
W/PackageManager(  350): Not granting permission android.permission.ACCESS_DOWNLOAD_MANAGER to package com.android.browser (protectionLevel=18 flags=0x89be45)
W/PackageManager(  350): Not granting permission android.permission.SEND_DOWNLOAD_COMPLETED_INTENTS to package com.android.browser (protectionLevel=2 flags=0x89be45)
W/PackageManager(  350): Not granting permission android.permission.BIND_APPWIDGET to package com.android.widgetpreview (protectionLevel=18 flags=0x8be44)
W/PackageManager(  350): Unknown permission android.permission.INSTALL_DRM in package com.android.mms
W/PackageManager(  350): Unknown permission com.google.android.googleapps.permission.GOOGLE_AUTH in package com.android.settings
W/PackageManager(  350): Unknown permission com.google.android.googleapps.permission.ACCESS_GOOGLE_PASSWORD in package com.android.development
W/PackageManager(  350): Unknown permission com.google.android.googleapps.permission.GOOGLE_AUTH in package com.android.development
W/PackageManager(  350): Unknown permission com.google.android.googleapps.permission.GOOGLE_AUTH.ALL_SERVICES in package com.android.development
W/PackageManager(  350): Unknown permission com.google.android.googleapps.permission.GOOGLE_AUTH.YouTubeUser in package com.android.development
W/PackageManager(  350): Not granting permission android.permission.DELETE_PACKAGES to package com.svox.pico (protectionLevel=18 flags=0x88be45)
W/PackageManager(  350): Not granting permission android.permission.DEVICE_POWER to package com.android.deskclock (protectionLevel=2 flags=0xc8be45)
E/BluetoothAdapter(  450): Bluetooth binder is null
E/BluetoothAdapter(  450): Bluetooth binder is null
D/dalvikvm(  450): GC_CONCURRENT freed 54K, 5% free 3306K/3480K, paused 4ms+30ms, total 90ms
E/BluetoothAdapter(  450): Bluetooth binder is null
E/BluetoothAdapter(  450): Bluetooth binder is null
I/ActivityManager(  350): Start proc android.process.acore for content provider com.android.providers.contacts/.ContactsProvider2: pid=547 uid=10002 gids={50002, 3003, 1028, 1015}
D/PhoneStatusBar(  450): disable: < expand icons alerts ticker system_info back home recent clock search >
E/BluetoothAdapter(  450): Bluetooth binder is null
D/PhoneStatusBar(  450): heads up is disabled
I/Choreographer(  450): Skipped 438 frames!  The application may be doing too much work on its main thread.
E/NetdConnector(  350): NDC Command {1 bandwidth enable} took too long (3235ms)
E/NetdConnector(  350): NDC Command {2 firewall disable} took too long (525ms)
D/dalvikvm(  450): GC_CONCURRENT freed 141K, 7% free 3553K/3784K, paused 5ms+3ms, total 117ms
I/Choreographer(  450): Skipped 238 frames!  The application may be doing too much work on its main thread.
D/gralloc_goldfish(  450): Emulator without GPU emulation detected.
D/dalvikvm(  547): GC_CONCURRENT freed 255K, 11% free 2963K/3296K, paused 5ms+16ms, total 268ms
D/dalvikvm(  547): WAIT_FOR_CONCURRENT_GC blocked 66ms
I/Choreographer(  450): Skipped 83 frames!  The application may be doing too much work on its main thread.
E/NetdConnector(  350): NDC Command {5 firewall disable} took too long (507ms)
I/ActivityManager(  350): Config changes=200 {1.0 ?mcc?mnc en_US ldltr sw480dp w480dp h839dp 160dpi lrg long port finger -keyb/h/h tball/v s.4}
W/RecognitionManagerService(  350): no available voice recognition services found for user 0
D/PhoneStatusBar(  450): mSettingsPanelGravity = 55
W/AppWidgetServiceImpl(  350): Failed to read state: java.io.FileNotFoundException: /data/system/users/0/appwidgets.xml: open failed: ENOENT (No such file or directory)
W/InputMethodManagerService(  350): Ignoring setImeWindowStatus of uid 1000 token: null
D/dalvikvm(  350): GC_CONCURRENT freed 643K, 57% free 5229K/12076K, paused 6ms+4ms, total 153ms
D/dalvikvm(  350): WAIT_FOR_CONCURRENT_GC blocked 66ms
D/dalvikvm(  350): WAIT_FOR_CONCURRENT_GC blocked 79ms
W/InputMethodUtils(  350): Found no subtypes in a system IME: com.android.inputmethod.pinyin
W/InputMethodManagerService(  350): Reset the default IME as "Resource" is ready here.
W/InputMethodUtils(  350): Found no subtypes in a system IME: com.android.inputmethod.pinyin
I/InputMethodManagerService(  350): Selected default: com.android.inputmethod.latin/.LatinIME
I/ActivityManager(  350): Config changes=20 {1.0 ?mcc?mnc en_US ldltr sw480dp w480dp h839dp 160dpi lrg long port finger -keyb/v/h tball/v s.5}
I/ActivityManager(  350): Start proc com.android.inputmethod.latin for service com.android.inputmethod.latin/.LatinIME: pid=591 uid=10029 gids={50029, 1028, 1015}
V/InputMethodManagerService(  350): Adding window token: android.os.Binder@b2f52c58
W/GpsLocationProvider(  350): Could not open GPS configuration file /etc/gps.conf
W/ServiceWatcher(  350): com.google.android.location not found
W/ServiceWatcher(  350): com.google.android.location not found
W/ServiceWatcher(  350): com.google.android.location not found
W/InputMethodManagerService(  350): Illegal subtype state: old subtype = null, new subtype = android.view.inputmethod.InputMethodSubtype@c9194f98
W/LocationManagerService(  350): no network location provider found
W/ServiceWatcher(  350): com.google.android.location not found
E/FlpHardwareProvider(  350): Error hw_get_module 'flp': -2
W/ServiceWatcher(  350): com.google.android.location not found
E/FlpHardwareProvider(  350): Error hw_get_module 'flp': -2
W/ServiceWatcher(  350): com.google.android.location not found
E/LocationManagerService(  350): no geocoder provider found
E/LocationManagerService(  350): No FusedProvider found.
D/dalvikvm(  450): GC_FOR_ALLOC freed 95K, 6% free 3562K/3784K, paused 131ms, total 133ms
I/CommonTimeManagementService(  350): No common time service detected on this platform.  Common time services will be unavailable.
E/LocationManagerService(  350): no geofence provider found
I/InputReader(  350): Reconfiguring input devices.  changes=0x00000020
I/InputReader(  350): Reconfiguring input devices.  changes=0x00000010
I/ActivityManager(  350): Start proc com.android.phone for added application com.android.phone: pid=603 uid=1001 gids={41001, 3002, 3001, 3003, 1028, 1015}
I/ActivityManager(  350): START u0 {act=android.intent.action.MAIN cat=[android.intent.category.HOME] flg=0x10000000 cmp=com.android.settings/.CryptKeeper} from pid 0
I/dalvikvm-heap(  450): Grow heap (frag case) to 6.491MB for 3072016-byte allocation
I/ActivityManager(  350): Start proc com.android.settings for activity com.android.settings/.CryptKeeper: pid=610 uid=1000 gids={41000, 1028, 1015, 3002, 3001, 3003}
I/ActivityManager(  350): Start proc android.process.media for broadcast com.android.providers.downloads/.DownloadReceiver: pid=622 uid=10005 gids={50005, 1028, 1015, 1023, 1024, 2001, 3003, 3007}
D/dalvikvm(   58): GC_EXPLICIT freed 38K, 5% free 2705K/2832K, paused 2ms+11ms, total 58ms
D/dalvikvm(  450): GC_CONCURRENT freed 3K, 4% free 6558K/6788K, paused 4ms+143ms, total 193ms
D/dalvikvm(  450): WAIT_FOR_CONCURRENT_GC blocked 1ms
D/dalvikvm(   58): GC_EXPLICIT freed <1K, 5% free 2705K/2832K, paused 3ms+2ms, total 43ms
D/dalvikvm(   58): GC_EXPLICIT freed <1K, 5% free 2705K/2832K, paused 3ms+2ms, total 43ms
D/dalvikvm(  450): GC_FOR_ALLOC freed 3003K, 6% free 3563K/3784K, paused 118ms, total 119ms
D/dalvikvm(  350): GC_CONCURRENT freed 550K, 57% free 5313K/12076K, paused 6ms+20ms, total 412ms
I/dalvikvm-heap(  450): Grow heap (frag case) to 6.492MB for 3072016-byte allocation
D/dalvikvm(  450): GC_FOR_ALLOC freed <1K, 4% free 6563K/6788K, paused 39ms, total 39ms
D/dalvikvm(  450): GC_CONCURRENT freed <1K, 4% free 6563K/6788K, paused 4ms+3ms, total 69ms
I/LatinIME(  591): Hardware accelerated drawing: true
D/dalvikvm(  350): WAIT_FOR_CONCURRENT_GC blocked 287ms
I/ActivityManager(  350): START u0 {act=android.intent.action.MAIN cat=[android.intent.category.HOME] flg=0x10000000 cmp=com.android.sdksetup/.DefaultActivity} from pid 0
W/WindowManager(  350): Window freeze timeout expired.
W/WindowManager(  350): Force clearing orientation change: Window{b30bf290 u0 StatusBar}
W/WindowManager(  350): Force clearing orientation change: Window{b2d45758 u0 com.android.systemui.ImageWallpaper}
I/ActivityManager(  350): Start proc com.android.sdksetup for activity com.android.sdksetup/.DefaultActivity: pid=645 uid=10042 gids={50042}
D/PhoneStatusBar(  450): mSettingsPanelGravity = 55
V/StatusBar(  450): userId 0 is in the house
W/InputAttributes(  591): No editor info for this field. Bug?
I/Choreographer(  450): Skipped 81 frames!  The application may be doing too much work on its main thread.
I/ActivityManager(  350): Force stopping com.android.sdksetup appid=10042 user=0: pkg changed
I/ActivityManager(  350): Killing 645:com.android.sdksetup/u0a42 (adj 0): stop com.android.sdksetup
I/ActivityManager(  350):   Force finishing activity ActivityRecord{b2f5d7a8 u0 com.android.sdksetup/.DefaultActivity t2}
I/ActivityManager(  350): START u0 {act=android.intent.action.MAIN cat=[android.intent.category.HOME] flg=0x10000000 cmp=com.android.launcher/com.android.launcher2.Launcher} from pid 0
D/dalvikvm(  591): GC_CONCURRENT freed 222K, 10% free 2894K/3196K, paused 44ms+3ms, total 267ms
I/ResourceUtils(  591): Found default value: resource=keypress_vibration_durations build=[HARDWARE=goldfish MODEL=sdk BRAND=generic MANUFACTURER=unknown] default=-1
I/ResourceUtils(  591): Found default value: resource=keypress_volumes build=[HARDWARE=goldfish MODEL=sdk BRAND=generic MANUFACTURER=unknown] default=-1.0f
I/ActivityManager(  350): Start proc com.android.launcher for activity com.android.launcher/com.android.launcher2.Launcher: pid=671 uid=10008 gids={50008}
I/Choreographer(  450): Skipped 69 frames!  The application may be doing too much work on its main thread.
D/dalvikvm(  350): GC_CONCURRENT freed 552K, 56% free 5417K/12076K, paused 14ms+6ms, total 366ms
D/dalvikvm(  350): WAIT_FOR_CONCURRENT_GC blocked 118ms
D/dalvikvm(  350): WAIT_FOR_CONCURRENT_GC blocked 121ms
D/dalvikvm(  350): WAIT_FOR_CONCURRENT_GC blocked 121ms
D/dalvikvm(  350): WAIT_FOR_CONCURRENT_GC blocked 116ms
D/dalvikvm(  350): WAIT_FOR_CONCURRENT_GC blocked 114ms
I/Choreographer(  450): Skipped 37 frames!  The application may be doing too much work on its main thread.
I/InputReader(  350): Reconfiguring input devices.  changes=0x00000010
I/LatinIME:LogUtils(  591): Dictionary info: dictionary = PersonalizationPredictionDictio ; version = ? ; date = 1539002981
I/LatinIME:LogUtils(  591): Dictionary info: dictionary = personalization.en_US.dict ; version = ? ; date = 1539002981
W/BackupManagerService(  350): dataChanged but no participant pkg='com.android.providers.settings' uid=1001
I/PackageManager(  350):   Action: "android.intent.action.SENDTO"
I/PackageManager(  350):   Category: "android.intent.category.DEFAULT"
I/PackageManager(  350):   Scheme: "sms"
I/PackageManager(  350): Adding preferred activity ComponentInfo{com.android.mms/com.android.mms.ui.ComposeMessageActivity} for user 0 :
I/PackageManager(  350):   Action: "android.intent.action.SENDTO"
I/PackageManager(  350):   Category: "android.intent.category.DEFAULT"
I/PackageManager(  350):   Scheme: "smsto"
I/PackageManager(  350): Adding preferred activity ComponentInfo{com.android.mms/com.android.mms.ui.ComposeMessageActivity} for user 0 :
I/LatinIME:LogUtils(  591): Dictionary info: dictionary = UserHistoryDictionary.en_US.dic ; version = ? ; date = 1539002981
I/PackageManager(  350):   Action: "android.intent.action.SENDTO"
I/PackageManager(  350):   Category: "android.intent.category.DEFAULT"
I/PackageManager(  350):   Scheme: "mms"
I/PackageManager(  350): Adding preferred activity ComponentInfo{com.android.mms/com.android.mms.ui.ComposeMessageActivity} for user 0 :
D/dalvikvm(  603): GC_CONCURRENT freed 188K, 9% free 2926K/3204K, paused 3ms+2ms, total 400ms
I/LatinIME:LogUtils(  591): Dictionary info: dictionary = userunigram.en_US.dict ; version = ? ; date = ?
I/PackageManager(  350):   Action: "android.intent.action.SENDTO"
I/PackageManager(  350):   Category: "android.intent.category.DEFAULT"
I/PackageManager(  350):   Scheme: "mmsto"
I/PackageManager(  350): Adding preferred activity ComponentInfo{com.android.mms/com.android.mms.ui.ComposeMessageActivity} for user 0 :
I/PackageManager(  350):   Action: "android.intent.action.SENDTO"
I/PackageManager(  350):   Category: "android.intent.category.DEFAULT"
I/PackageManager(  350):   Scheme: "sms"
I/PackageManager(  350): Adding preferred activity ComponentInfo{com.android.mms/com.android.mms.ui.ComposeMessageActivity} for user 0 :
D/dalvikvm(  350): GC_CONCURRENT freed 701K, 56% free 5392K/12076K, paused 42ms+25ms, total 293ms
D/dalvikvm(  350): WAIT_FOR_CONCURRENT_GC blocked 103ms
I/PackageManager(  350):   Action: "android.intent.action.SENDTO"
I/PackageManager(  350):   Category: "android.intent.category.DEFAULT"
I/PackageManager(  350):   Scheme: "smsto"
I/PackageManager(  350): Adding preferred activity ComponentInfo{com.android.mms/com.android.mms.ui.ComposeMessageActivity} for user 0 :
I/PackageManager(  350):   Action: "android.intent.action.SENDTO"
I/PackageManager(  350):   Category: "android.intent.category.DEFAULT"
I/PackageManager(  350):   Scheme: "mms"
I/PackageManager(  350): Adding preferred activity ComponentInfo{com.android.mms/com.android.mms.ui.ComposeMessageActivity} for user 0 :
I/PackageManager(  350):   Action: "android.intent.action.SENDTO"
I/PackageManager(  350):   Category: "android.intent.category.DEFAULT"
I/PackageManager(  350):   Scheme: "mmsto"
I/PackageManager(  350): Adding preferred activity ComponentInfo{com.android.mms/com.android.mms.ui.ComposeMessageActivity} for user 0 :
E/BluetoothAdapter(  603): Bluetooth binder is null
E/BluetoothAdapter(  603): Bluetooth binder is null
