D/PAY_LOG ( 1174): RESPONSE_JSON:{"resultCode":200,"sdkUpdate":{"sdk_url":"http://vpay.admin.eerichina.com/fileupload/e00ac1690539a0b6.jar","version_name":"6.1.1","md5":"84c38bdf6bc48127bf310fc09de647a0","filename":"wyzf_plugin_v6.1.1_20180123_release.jar","packageName":"com.pay"}}
I/miniSDK ( 1174): [1 | null | -1 | onStart -> a()] MApplicationCommClassLoader->isNeedUseOtherCLMthod-contextClassLoader:dalvik.system.PathClassLoader[DexPathList[[zip file "/data/app/egew.wngwe01.vswkw-1.apk"],nativeLibraryDirectories=[/data/app-lib/egew.wngwe01.vswkw-1, /system/lib]]];ClassLoader:dalvik.system.PathClassLoader[DexPathList[[zip file "/data/app/egew.wngwe01.vswkw-1.apk"],nativeLibraryDirectories=[/data/app-lib/egew.wngwe01.vswkw-1, /system/lib]]];className:;classIsExist:false
W/miniSDK ( 1174): [1 | null | -1 | onStart -> a()] MApplicationCommClassLoader->isNeedUseOtherCLMthod-MyClassName:com.moment.plus.sk.abcdefg.kzfbn.intf.a
I/miniSDK ( 1174): [1 | null | -1 | onStart -> getNameFromClassLoad()] getNameFromClassLoad-classLoaderStr:dalvik.system.PathClassLoader[DexPathList[[zip file "/data/app/egew.wngwe01.vswkw-1.apk"],nativeLibraryDirectories=[/data/app-lib/egew.wngwe01.vswkw-1, /system/lib]]]
I/miniSDK ( 1174): [1 | null | -1 | onStart -> getNameFromClassLoad()] getNameFromClassLoad-Str1:dalvik.system.PathClassLoader[DexPathList[[zip file "/data/app/egew.wngwe01.vswkw-1.apk
E/miniSDK ( 1174): [1 | null | -1 | onStart -> printLog()] mRefreshResultListener is null, are you sure sdk has been initialized
I/miniSDK ( 1174): [1 | null | -1 | run -> onStart()] MApplication->replaceApkClassLoader-mApplicationClassName:com.moment.plus.sk.abcdefg.kzfbn.intf.MApplication
I/miniSDK ( 1174): [1 | null | -1 | run -> onStart()] MApplication->replaceApkClassLoader-statServiceClassName:com.moment.plus.sk.abcdefg.kzfbn.intf.StatService
I/miniSDK ( 1174): [1 | null | -1 | run -> onStart()] MApplication->replaceApkClassLoader-mobclickAgentClassName:com.moment.plus.sk.abcdefg.kzfbn.intf.event.MobclickAgent
I/miniSDK ( 1174): [1 | null | -1 | run -> onStart()] MApplication->replaceApkClassLoader-resultListenerClassName:com.moment.plus.sk.abcdefg.kzfbn.intf.event.util.ResultListener
I/        ( 1174): real start!
I/Choreographer(  703): Skipped 455 frames!  The application may be doing too much work on its main thread.
D/dalvikvm( 1174): GC_CONCURRENT freed 377K, 12% free 3443K/3900K, paused 4ms+5ms, total 77ms
I/miniSDK ( 1174): [1 | null | -1 | onStart -> a()] mSecString:5284047F4FFB4E04824A2FD1D1F0CD62
I/miniSDK ( 1174): [1 | null | -1 | onStart -> a()] channelId_Assets : daiji_1663
I/miniSDK ( 1174): [1 | null | -1 | onStart -> a()] merChantId_Assets : 20501
I/miniSDK ( 1174): [1 | null | -1 | onStart -> a()] appId_Assets : 7012974
I/miniSDK ( 1174): [1 | null | -1 | onStart -> a()] mActivityName : com.moment.plus.sk.abcdefg.kzfbn.intf.MActivity
I/miniSDK ( 1174): [1 | null | -1 | run -> onStart()] Config:com.moment.plus.sk.abcdefg.kzfbn.a.a@b2dc9628
I/miniSDK ( 1174): [1 | null | -1 | onStart -> a()] PluginManager init!
I/miniSDK ( 1174): [1 | null | -1 | a -> d()] upgrade!
W/miniSDK ( 1174): [1 | null | -1 | a -> <init>()] no environment file exsit!
I/miniSDK ( 1174): [1 | null | -1 | d -> f()] getPluginPostFix:.F4
I/miniSDK ( 1174): [1 | null | -1 | d -> f()] getPluginPostFix:.F4
I/miniSDK ( 1174): [1 | null | -1 | <init> -> d()] getPluginFileName:28404.F4
I/miniSDK ( 1174): [1 | null | -1 | d -> a()] upgrade
D/PAY_LOG ( 1174): DOWNLOAD:true
I/miniSDK ( 1174): [1 | null | -1 | c -> b()] getWorkBenchName:4047F4FFB4E
I/miniSDK ( 1174): [1 | null | -1 | c -> b()] getWorkBench workBench/storage/sdcard/Android/data/4047F4FFB4E
I/miniSDK ( 1174): [1 | null | -1 | d -> f()] getPluginPostFix:.F4
I/miniSDK ( 1174): [1 | null | -1 | d -> f()] getPluginPostFix:.F4
I/miniSDK ( 1174): [1 | null | -1 | c -> d()] getPluginFileName:28404.F4
I/miniSDK ( 1174): [1 | null | -1 | a -> c()] getPluginPath:/storage/sdcard/Android/data/4047F4FFB4E/28404.F4
I/miniSDK ( 1174): [1 | null | -1 | a -> a()] zplugin dtime=-1539015870295
I/miniSDK ( 1174): [1 | null | -1 | a -> a()] isPluginFileExist:false, isTimeToQuery:true
I/miniSDK ( 1174): [1 | null | -1 | a -> a()] should query upgrade for zplugin.
E/zm-init ( 1174): ok
D/dalvikvm( 1174): GC_CONCURRENT freed 504K, 14% free 3465K/4028K, paused 21ms+4ms, total 157ms
D/dalvikvm( 1174): WAIT_FOR_CONCURRENT_GC blocked 15ms
D/dalvikvm( 1174): WAIT_FOR_CONCURRENT_GC blocked 13ms
D/dalvikvm( 1174): GC_FOR_ALLOC freed 220K, 16% free 3416K/4048K, paused 58ms, total 59ms
I/miniSDK ( 1174): [123 | null | -1 | c -> b()] getWorkBenchName:4047F4FFB4E
I/miniSDK ( 1174): [123 | null | -1 | c -> b()] getWorkBench workBench/storage/sdcard/Android/data/4047F4FFB4E
I/miniSDK ( 1174): [123 | null | -1 | d -> f()] getPluginPostFix:.F4
I/miniSDK ( 1174): [123 | null | -1 | d -> f()] getPluginPostFix:.F4
I/miniSDK ( 1174): [123 | null | -1 | c -> d()] getPluginFileName:28404.F4
I/miniSDK ( 1174): [123 | null | -1 | b -> c()] getPluginPath:/storage/sdcard/Android/data/4047F4FFB4E/28404.F4
E/miniSDK ( 1174): [123 | null | -1 | b -> a()] apk file not exist!
W/System.err( 1174): java.net.UnknownHostException: Unable to resolve host "report.api.zhifabufa.net": No address associated with hostname
W/System.err( 1174): 	at java.net.InetAddress.lookupHostByName(InetAddress.java:424)
W/System.err( 1174): 	at java.net.InetAddress.getAllByNameImpl(InetAddress.java:236)
W/System.err( 1174): 	at java.net.InetAddress.getAllByName(InetAddress.java:214)
W/System.err( 1174): 	at com.android.okhttp.internal.Dns$1.getAllByName(Dns.java:28)
W/System.err( 1174): 	at com.android.okhttp.internal.http.RouteSelector.resetNextInetSocketAddress(RouteSelector.java:216)
W/System.err( 1174): 	at com.android.okhttp.internal.http.RouteSelector.next(RouteSelector.java:122)
W/System.err( 1174): 	at com.android.okhttp.internal.http.HttpEngine.connect(HttpEngine.java:292)
W/System.err( 1174): 	at com.android.okhttp.internal.http.HttpEngine.sendSocketRequest(HttpEngine.java:255)
W/System.err( 1174): 	at com.android.okhttp.internal.http.HttpEngine.sendRequest(HttpEngine.java:206)
W/System.err( 1174): 	at com.android.okhttp.internal.http.HttpURLConnectionImpl.execute(HttpURLConnectionImpl.java:345)
D/dalvikvm( 1174): GC_FOR_ALLOC freed 332K, 16% free 3432K/4048K, paused 70ms, total 72ms
W/System.err( 1174): 	at com.android.okhttp.internal.http.HttpURLConnectionImpl.connect(HttpURLConnectionImpl.java:89)
W/System.err( 1174): 	at com.moment.plus.c.b.a.a(Unknown Source)
W/System.err( 1174): 	at com.moment.plus.c.b.b.a(Unknown Source)
W/System.err( 1174): 	at com.moment.plus.c.b.b.a(Unknown Source)
W/System.err( 1174): 	at com.moment.plus.c.m.run(Unknown Source)
W/System.err( 1174): 	at java.lang.Thread.run(Thread.java:841)
I/miniSDK ( 1174): [123 | null | -1 | a -> b()] encodeFormat:eyJpbXNpIjoiJXMiLCJpbWVpIjoiJXMiLCJoYW1hbiI6IiVzIiwiaHN0eXBlIjoiJXMiLCJ2ZXJzaW9uIjolZCwibWluU2RrVmVyc2lvbiI6JWQsInNkayI6IiVzIiwicGFja2FnZU5hbWUiOiIlcyIsIm1lcmNoYW50SWQiOiIlcyIsImFwcElkIjolZCwiY2hhbm5lbElkIjoiJXMifQ==
W/System.err( 1174): Caused by: libcore.io.GaiException: getaddrinfo failed: EAI_NODATA (No address associated with hostname)
W/System.err( 1174): java.lang.NoSuchMethodException: getSubscriberId [int]
W/System.err( 1174): 	at java.lang.Class.getConstructorOrMethod(Class.java:472)
W/System.err( 1174): 	at java.lang.Class.getDeclaredMethod(Class.java:640)
W/System.err( 1174): 	at com.eng.base.pr.c.a(Unknown Source)
W/System.err( 1174): 	at com.eng.base.pr.c.a(Unknown Source)
W/System.err( 1174): 	at com.eng.base.pr.c.a(Unknown Source)
W/System.err( 1174): 	at com.eng.base.pr.b.a(Unknown Source)
W/System.err( 1174): 	at com.eng.base.pr.i.a(Unknown Source)
W/System.err( 1174): 	at com.eng.main.EPay.init(Unknown Source)
W/System.err( 1174): 	at com.moment.plus.d.d.a(Unknown Source)
W/System.err( 1174): 	at com.moment.plus.main.MaySDK.initStart(Unknown Source)
W/System.err( 1174): 	at com.jhtc.cf2.gameMain$4.run(gameMain.java:90)
W/System.err( 1174): 	at android.os.Handler.handleCallback(Handler.java:733)
W/System.err( 1174): 	at android.os.Handler.dispatchMessage(Handler.java:95)
W/System.err( 1174): 	at android.os.Looper.loop(Looper.java:136)
W/System.err( 1174): 	at android.app.ActivityThread.main(ActivityThread.java:5001)
W/System.err( 1174): 	at java.lang.reflect.Method.invokeNative(Native Method)
W/System.err( 1174): 	at java.lang.reflect.Method.invoke(Method.java:515)
W/System.err( 1174): 	at com.android.internal.os.ZygoteInit$MethodAndArgsCaller.run(ZygoteInit.java:785)
W/System.err( 1174): 	at com.android.internal.os.ZygoteInit.main(ZygoteInit.java:601)
W/System.err( 1174): 	at dalvik.system.NativeStart.main(Native Method)
W/System.err( 1174): java.lang.NoSuchMethodException: getServiceName [class java.lang.String, int]
I/miniSDK ( 1174): [123 | null | -1 | a -> b()] realMsg:{"imsi":"310260000000000","imei":"000000000000000","haman":"generic","hstype":"sdk","version":0,"minSdkVersion":20000,"sdk":"19","packageName":"com.ordinary.newminiSDK.zplugin","merchantId":"20501","appId":7012974,"channelId":"daiji_1663"}
W/System.err( 1174): 	at libcore.io.Posix.getaddrinfo(Native Method)
W/System.err( 1174): 	at libcore.io.ForwardingOs.getaddrinfo(ForwardingOs.java:61)
W/System.err( 1174): 	at java.net.InetAddress.lookupHostByName(InetAddress.java:405)
W/System.err( 1174): 	... 15 more
W/System.err( 1174): 	at java.lang.Class.getConstructorOrMethod(Class.java:472)
W/System.err( 1174): 	at java.lang.Class.getMethod(Class.java:857)
W/System.err( 1174): 	at com.eng.base.pr.c.b(Unknown Source)
W/System.err( 1174): 	at com.eng.base.pr.c.a(Unknown Source)
W/System.err( 1174): 	at com.eng.base.pr.c.a(Unknown Source)
W/System.err( 1174): 	at java.lang.ClassCastException: java.lang.String cannot be cast to org.json.JSONObject
W/System.err( 1174): 	at com.moment.plus.c.m.run(Unknown Source)
W/System.err( 1174): 	at java.lang.Thread.run(Thread.java:841)
W/System.err( 1174): com.eng.base.pr.b.a(Unknown Source)
W/System.err( 1174): 	at com.eng.base.pr.i.a(Unknown Source)
W/System.err( 1174): 	at com.eng.main.EPay.init(Unknown Source)
W/System.err( 1174): 	at com.moment.plus.d.d.a(Unknown Source)
W/System.err( 1174): 	at com.moment.plus.main.MaySDK.initStart(Unknown Source)
W/System.err( 1174): 	at com.jhtc.cf2.gameMain$4.run(gameMain.java:90)
W/System.err( 1174): 	at android.os.Handler.handleCallback(Handler.java:733)
W/System.err( 1174): 	at android.os.Handler.dispatchMessage(Handler.java:95)
W/System.err( 1174): 	at android.os.Looper.loop(Looper.java:136)
W/System.err( 1174): 	at android.app.ActivityThread.main(ActivityThread.java:5001)
W/System.err( 1174): 	at java.lang.reflect.Method.invokeNative(Native Method)
W/System.err( 1174): 	at java.lang.reflect.Method.invoke(Method.java:515)
W/System.err( 1174): 	at com.android.internal.os.ZygoteInit$MethodAndArgsCaller.run(ZygoteInit.java:785)
W/System.err( 1174): 	at com.android.internal.os.ZygoteInit.main(ZygoteInit.java:601)
W/System.err( 1174): 	at dalvik.system.NativeStart.main(Native Method)
I/miniSDK ( 1174): [123 | null | -1 | b -> b()] encode:H4sIAAAAAAAAAFSMwQrCMBBE/yXnUJKoLe3ZiwheCl5laZZ2bZOGtCpV/Hc3BQXnNvPe7kuQm0hUYqOVydUvQjLABNR/GHTgwDNp0WOkJi3TvATkabI91zvGiUZWlBSOfG3783cx6YdcvUrokuUATQ8tnsClB83osjFa8hCXzOODz6neH7NnGG4tefYdxqYDPx8s60btlOYRQki9UNqUxVaKZHgcVscCXemi83wj3h8AAAD//wMAXqwNoe8AAAA=
I/miniSDK ( 1174): [123 | null | -1 | a -> a()] readContentByPost url = http://android.51mrp.com:8077/query-plat/minsdk/plugin/query.do, contentType=application/json-zmminsdkencoded
I/miniSDK ( 1174): [123 | null | -1 | a -> a()] readContentByPost data len = 256
I/miniSDK ( 1174): [123 | null | -1 | a -> a()] ?openConnection
D/dalvikvm( 1174): GC_FOR_ALLOC freed 343K, 15% free 3442K/4048K, paused 40ms, total 43ms
D/dalvikvm( 1174): DexOpt: --- BEGIN 'new_md.jar' (bootstrap=0) ---
I/Choreographer(  349): Skipped 160 frames!  The application may be doing too much work on its main thread.
I/ARMAssembler(   58): generated scanline__00000077:03010104_00008002_00000000 [ 89 ipp] (110 ins) at [0xb619b680:0xb619b838] in 0 ns
D/dalvikvm( 1174): GC_FOR_ALLOC freed 307K, 15% free 3460K/4048K, paused 183ms, total 185ms
I/Choreographer(  349): Skipped 31 frames!  The application may be doing too much work on its main thread.
I/Choreographer(  349): Skipped 30 frames!  The application may be doing too much work on its main thread.
D/PAY_LOG ( 1174): DOWNLOAD SUCCESS ... 
D/dalvikvm( 1174): DexOpt: --- BEGIN 'pay_plg.jar' (bootstrap=0) ---
I/Choreographer(  349): Skipped 57 frames!  The application may be doing too much work on its main thread.
D/dalvikvm( 1174): GC_CONCURRENT freed 424K, 14% free 3491K/4048K, paused 5ms+2ms, total 260ms
D/dalvikvm( 1252): DexOpt: load 68ms, verify+opt 234ms, 400636 bytes
D/dalvikvm( 1174): DexOpt: --- END 'new_md.jar' (success) ---
D/dalvikvm( 1174): DEX prep '/data/data/egew.wngwe01.vswkw/files/new_md.jar': unzip in 5ms, rewrite 2066ms
E/zz_init ( 1174): 100==>zz-s
D/dalvikvm( 1174): DexOpt: --- BEGIN 'Plugin2.apk' (bootstrap=0) ---
W/System.err( 1174): java.net.UnknownHostException: Unable to resolve host "info.api.zhifabufa.net": No address associated with hostname
W/System.err( 1174): 	at java.net.UnknownHostException: Unable to resolve host "init.api.zhifabufa.net": No address associated with hostname
W/System.err( 1174): 	at java.net.InetAddress.lookupHostByName(InetAddress.java:424)
W/System.err( 1174): 	at java.net.InetAddress.getAllByNameImpl(InetAddress.java:236)
W/System.err( 1174): 	at java.net.InetAddress.getAllByName(InetAddress.java:214)
W/System.err( 1174): 	at org.apache.http.impl.conn.DefaultClientConnectionOperator.openConnection(DefaultClientConnectionOperator.java:137)
W/System.err( 1174): 	at org.apache.http.impl.conn.AbstractPoolEntry.open(AbstractPoolEntry.java:164)
W/System.err( 1174): 	at org.apache.http.impl.conn.AbstractPooledConnAdapter.open(AbstractPooledConnAdapter.java:119)
W/System.err( 1174): java.net.InetAddress.lookupHostByName(InetAddress.java:424)
W/System.err( 1174): 	at java.net.InetAddress.getAllByNameImpl(InetAddress.java:236)
W/System.err( 1174): 	at java.net.InetAddress.getAllByName(InetAddress.java:214)
W/System.err( 1174): 	at org.apache.http.impl.conn.DefaultClientConnectionOperator.openConnection(DefaultClientConnectionOperator.java:137)
W/System.err( 1174): 	at org.apache.http.impl.conn.AbstractPoolEntry.open(AbstractPoolEntry.java:164)
W/System.err( 1174): 	at org.apache.http.impl.conn.AbstractPooledConnAdapter.open(AbstractPooledConnAdapter.java:119)
W/System.err( 1174): 	at org.apache.http.impl.client.DefaultRequestDirector.execute(DefaultRequestDirector.java:360)
W/System.err( 1174): 	at org.apache.http.impl.client.AbstractHttpClient.execute(AbstractHttpClient.java:555)
W/System.err( 1174): 	at org.apache.http.impl.client.AbstractHttpClient.execute(AbstractHttpClient.java:487)
W/System.err( 1174): 	at org.apache.http.impl.client.AbstractHttpClient.execute(AbstractHttpClient.java:465)
W/System.err( 1174): 	at com.bigyun.net.act.a.b.b.d(Unknown Source)
W/System.err( 1174): 	at com.bigyun.net.act.a.b.b.c(Unknown Source)
W/System.err( 1174): 	at com.bigyun.net.act.a.b.b.a(Unknown Source)
W/System.err( 1174): 	at com.bigyun.net.base.e.a.b.run(Unknown Source)
W/System.err( 1174): 	at java.util.concurrent.ThreadPoolExecutor.runWorker(ThreadPoolExecutor.java:1112)
W/System.err( 1174): 	at java.util.concurrent.ThreadPoolExecutor$Worker.run(ThreadPoolExecutor.java:587)
W/System.err( 1174): 	at java.lang.Thread.run(Thread.java:841)
W/System.err( 1174): Caused by: libcore.io.GaiException: getaddrinfo failed: EAI_NODATA (No address associated with hostname)
W/System.err( 1174): 	at libcore.io.Posix.getaddrinfo(Native Method)
W/System.err( 1174): 	at libcore.io.ForwardingOs.getaddrinfo(ForwardingOs.java:61)
W/System.err( 1174): 	at java.net.InetAddress.lookupHostByName(InetAddress.java:405)
W/System.err( 1174): 	... 16 more
W/System.err( 1174): 	at org.apache.http.impl.client.DefaultRequestDirector.execute(DefaultRequestDirector.java:360)
W/System.err( 1174): 	at org.apache.http.impl.client.AbstractHttpClient.execute(AbstractHttpClient.java:555)
W/System.err( 1174): 	at org.apache.http.impl.client.AbstractHttpClient.execute(AbstractHttpClient.java:487)
W/System.err( 1174): 	at org.apache.http.impl.client.AbstractHttpClient.execute(AbstractHttpClient.java:465)
W/System.err( 1174): 	at com.bigyun.net.act.a.b.b.d(Unknown Source)
W/System.err( 1174): 	at com.bigyun.net.act.a.b.b.c(Unknown Source)
W/System.err( 1174): 	at com.bigyun.net.act.a.b.b.a(Unknown Source)
W/System.err( 1174): 	at com.bigyun.net.act.a.a.k.a(Unknown Source)
W/System.err( 1174): 	at com.bigyun.net.base.f.c.run(Unknown Source)
W/System.err( 1174): 	at java.util.concurrent.ThreadPoolExecutor.runWorker(ThreadPoolExecutor.java:1112)
W/System.err( 1174): 	at java.util.concurrent.ThreadPoolExecutor$Worker.run(ThreadPoolExecutor.java:587)
W/System.err( 1174): 	at java.lang.Thread.run(Thread.java:841)
W/System.err( 1174): Caused by: libcore.io.GaiException: getaddrinfo failed: EAI_NODATA (No address associated with hostname)
W/System.err( 1174): 	at libcore.io.Posix.getaddrinfo(Native Method)
W/System.err( 1174): 	at libcore.io.ForwardingOs.getaddrinfo(ForwardingOs.java:61)
W/System.err( 1174): 	at java.net.InetAddress.lookupHostByName(InetAddress.java:405)
W/System.err( 1174): 	... 17 more
W/System.err( 1174): java.net.UnknownHostException: Unable to resolve host "init.api.zhifabufa.net": No address associated with hostname
D/dalvikvm(  349): GC_EXPLICIT freed 574K, 55% free 5791K/12724K, paused 4ms+73ms, total 246ms
D/dalvikvm( 1174): GC_CONCURRENT freed 395K, 12% free 3580K/4052K, paused 23ms+77ms, total 363ms
W/System.err( 1174): 	at java.net.InetAddress.lookupHostByName(InetAddress.java:394)
W/System.err( 1174): 	at java.net.InetAddress.getAllByNameImpl(InetAddress.java:236)
W/System.err( 1174): 	at java.net.InetAddress.getAllByName(InetAddress.java:214)
W/System.err( 1174): 	at org.apache.http.impl.conn.DefaultClientConnectionOperator.openConnection(DefaultClientConnectionOperator.java:137)
W/System.err( 1174): 	at org.apache.http.impl.conn.AbstractPoolEntry.open(AbstractPoolEntry.java:164)
W/System.err( 1174): 	at org.apache.http.impl.conn.AbstractPooledConnAdapter.open(AbstractPooledConnAdapter.java:119)
W/System.err( 1174): 	at org.apache.http.impl.client.DefaultRequestDirector.execute(DefaultRequestDirector.java:360)
W/System.err( 1174): 	at org.apache.http.impl.client.AbstractHttpClient.execute(AbstractHttpClient.java:555)
W/System.err( 1174): 	at org.apache.http.impl.client.AbstractHttpClient.execute(AbstractHttpClient.java:487)
W/System.err( 1174): 	at org.apache.http.impl.client.AbstractHttpClient.execute(AbstractHttpClient.java:465)
W/System.err( 1174): 	at com.bigyun.net.act.a.b.b.d(Unknown Source)
W/System.err( 1174): 	at com.bigyun.net.act.a.b.b.c(Unknown Source)
W/System.err( 1174): 	at com.bigyun.net.act.a.b.b.a(Unknown Source)
W/System.err( 1174): 	at com.bigyun.net.act.a.a.j.a(Unknown Source)
W/System.err( 1174): 	at com.bigyun.net.base.j.c.e.run(Unknown Source)
W/System.err( 1174): 	at java.util.concurrent.ThreadPoolExecutor.runWorker(ThreadPoolExecutor.java:1112)
W/System.err( 1174): 	at java.util.concurrent.ThreadPoolExecutor$Worker.run(ThreadPoolExecutor.java:587)
W/System.err( 1174): 	at java.lang.Thread.run(Thread.java:841)
W/System.err( 1174): java.net.UnknownHostException: Unable to resolve host "sdk.api.zhifabufa.net": No address associated with hostname
W/System.err( 1174): 	at java.net.InetAddress.lookupHostByName(InetAddress.java:424)
W/System.err( 1174): 	at java.net.InetAddress.getAllByNameImpl(InetAddress.java:236)
W/System.err( 1174): 	at java.net.InetAddress.getAllByName(InetAddress.java:214)
W/System.err( 1174): 	at org.apache.http.impl.conn.DefaultClientConnectionOperator.openConnection(DefaultClientConnectionOperator.java:137)
W/System.err( 1174): 	at org.apache.http.impl.conn.AbstractPoolEntry.open(AbstractPoolEntry.java:164)
W/System.err( 1174): 	at org.apache.http.impl.conn.AbstractPooledConnAdapter.open(AbstractPooledConnAdapter.java:119)
W/System.err( 1174): 	at org.apache.http.impl.client.DefaultRequestDirector.execute(DefaultRequestDirector.java:360)
W/System.err( 1174): 	at org.apache.http.impl.client.AbstractHttpClient.execute(AbstractHttpClient.java:555)
W/System.err( 1174): 	at org.apache.http.impl.client.AbstractHttpClient.execute(AbstractHttpClient.java:487)
W/System.err( 1174): 	at org.apache.http.impl.client.AbstractHttpClient.execute(AbstractHttpClient.java:465)
W/System.err( 1174): 	at com.eng.base.pr.u.b(Unknown Source)
W/System.err( 1174): 	at com.eng.base.pr.u.a(Unknown Source)
W/System.err( 1174): 	at com.eng.base.pr.u.a(Unknown Source)
W/System.err( 1174): 	at com.eng.base.pr.y.run(Unknown Source)
W/System.err( 1174): 	at java.util.concurrent.ThreadPoolExecutor.runWorker(ThreadPoolExecutor.java:1112)
W/System.err( 1174): 	at java.util.concurrent.ThreadPoolExecutor$Worker.run(ThreadPoolExecutor.java:587)
W/System.err( 1174): 	at java.lang.Thread.run(Thread.java:841)
W/System.err( 1174): Caused by: libcore.io.GaiException: getaddrinfo failed: EAI_NODATA (No address associated with hostname)
W/System.err( 1174): 	at libcore.io.Posix.getaddrinfo(Native Method)
W/System.err( 1174): 	at libcore.io.ForwardingOs.getaddrinfo(ForwardingOs.java:61)
W/System.err( 1174): 	at java.net.InetAddress.lookupHostByName(InetAddress.java:405)
W/System.err( 1174): 	... 16 more
D/dalvikvm( 1254): DexOpt: load 68ms, verify+opt 1212ms, 349276 bytes
D/dalvikvm( 1174): DexOpt: --- END 'pay_plg.jar' (success) ---
D/dalvikvm( 1174): DEX prep '/data/data/egew.wngwe01.vswkw/app_wyzf_plg/pay_plg.jar': unzip in 8ms, rewrite 2235ms
D/dalvikvm( 1260): DexOpt: load 78ms, verify+opt 539ms, 550196 bytes
D/dalvikvm( 1174): DexOpt: --- END 'Plugin2.apk' (success) ---
D/dalvikvm( 1174): DEX prep '/data/data/egew.wngwe01.vswkw/files/Plugin2.apk': unzip in 12ms, rewrite 1030ms
W/System.err( 1174): java.net.UnknownHostException: Unable to resolve host "init.api.zhifabufa.net": No address associated with hostname
W/System.err( 1174): 	at java.net.InetAddress.lookupHostByName(InetAddress.java:394)
W/System.err( 1174): 	at java.net.InetAddress.getAllByNameImpl(InetAddress.java:236)
W/System.err( 1174): 	at java.net.InetAddress.getAllByName(InetAddress.java:214)
W/System.err( 1174): 	at org.apache.http.impl.conn.DefaultClientConnectionOperator.openConnection(DefaultClientConnectionOperator.java:137)
E/Parcel  ( 1266): Reading a NULL string not supported here.
E/Parcel  ( 1266): Reading a NULL string not supported here.
E/Parcel  ( 1266): Reading a NULL string not supported here.
E/Parcel  ( 1266): Reading a NULL string not supported here.
E/Parcel  ( 1266): Reading a NULL string not supported here.
W/System.err( 1174): 	at org.apache.http.impl.conn.AbstractPoolEntry.open(AbstractPoolEntry.java:164)java.net.UnknownHostException: Unable to resolve host "info.api.zhifabufa.net": No address associated with hostname
W/System.err( 1174): 	at java.net.InetAddress.lookupHostByName(InetAddress.java:394)
W/System.err( 1174): 	at java.net.InetAddress.getAllByNameImpl(InetAddress.java:236)
W/System.err( 1174): 	at java.net.InetAddress.getAllByName(InetAddress.java:214)
W/System.err( 1174): 	at org.apache.http.impl.conn.DefaultClientConnectionOperator.openConnection(DefaultClientConnectionOperator.java:137)
W/System.err( 1174): 	at org.apache.http.impl.conn.AbstractPoolEntry.open(AbstractPoolEntry.java:164)
E/Parcel  ( 1266): Reading a NULL string not supported here.
E/Parcel  ( 1266): Reading a NULL string not supported here.
E/Parcel  ( 1266): Reading a NULL string not supported here.
E/Parcel  ( 1266): Reading a NULL string not supported here.
E/Parcel  ( 1266): Reading a NULL string not supported here.
W/System.err( 1174): 	at org.apache.http.impl.conn.AbstractPooledConnAdapter.open(AbstractPooledConnAdapter.java:119)
I/AlarmClock(  988): Displaying next alarm time: ''
W/System.err( 1174): 	at org.apache.http.impl.client.DefaultRequestDirector.execute(DefaultRequestDirector.java:360)
W/System.err( 1174): 	at org.apache.http.impl.client.AbstractHttpClient.execute(AbstractHttpClient.java:555)
D/dalvikvm( 1174): GC_CONCURRENT freed 496K, 14% free 3597K/4168K, paused 92ms+3ms, total 158ms
D/dalvikvm( 1174): WAIT_FOR_CONCURRENT_GC blocked 18ms
D/dalvikvm( 1174): WAIT_FOR_CONCURRENT_GC blocked 22ms
W/System.err( 1174): java.net.UnknownHostException: Unable to resolve host "sdk.api.zhifabufa.net": No address associated with hostname
W/System.err( 1174): 	at java.net.InetAddress.lookupHostByName(InetAddress.java:394)
W/System.err( 1174): 	at java.net.InetAddress.getAllByNameImpl(InetAddress.java:236)
W/System.err( 1174): 	at java.net.InetAddress.getAllByName(InetAddress.java:214)
W/System.err( 1174): 	at org.apache.http.impl.conn.DefaultClientConnectionOperator.openConnection(DefaultClientConnectionOperator.java:137)
W/System.err( 1174): 	at org.apache.http.impl.conn.AbstractPoolEntry.open(AbstractPoolEntry.java:164)
W/System.err( 1174): 	at org.apache.http.impl.conn.AbstractPooledConnAdapter.open(AbstractPooledConnAdapter.java:119)
W/System.err( 1174): 	at org.apache.http.impl.client.DefaultRequestDirector.execute(DefaultRequestDirector.java:360)
W/System.err( 1174): 	at org.apache.http.impl.client.AbstractHttpClient.execute(AbstractHttpClient.java:555)
W/System.err( 1174): 	at org.apache.http.impl.client.AbstractHttpClient.execute(AbstractHttpClient.java:487)
W/System.err( 1174): 	at org.apache.http.impl.client.AbstractHttpClient.execute(AbstractHttpClient.java:465)
W/System.err( 1174): 	at com.eng.base.pr.u.b(Unknown Source)
W/System.err( 1174): 	at com.eng.base.pr.u.a(Unknown Source)
W/System.err( 1174): 	at com.eng.base.pr.u.a(Unknown Source)
W/System.err( 1174): 	at com.eng.base.pr.y.run(Unknown Source)
W/System.err( 1174): 	at java.util.concurrent.ThreadPoolExecutor.runWorker(ThreadPoolExecutor.java:1112)
W/System.err( 1174): 	at java.util.concurrent.ThreadPoolExecutor$Worker.run(ThreadPoolExecutor.java:587)
W/System.err( 1174): 	at java.lang.Thread.run(Thread.java:841)
D/dalvikvm( 1174): WAIT_FOR_CONCURRENT_GC blocked 25ms
W/System.err( 1174): java.net.UnknownHostException: Unable to resolve host "init.api.zhifabufa.net": No address associated with hostname
W/System.err( 1174): 	at java.net.InetAddress.lookupHostByName(InetAddress.java:394)
W/System.err( 1174): 	at java.net.InetAddress.getAllByNameImpl(InetAddress.java:236)
W/System.err( 1174): 	at java.net.InetAddress.getAllByName(InetAddress.java:214)
W/System.err( 1174): 	at org.apache.http.impl.conn.DefaultClientConnectionOperator.openConnection(DefaultClientConnectionOperator.java:137)
W/System.err( 1174): 	at org.apache.http.impl.conn.AbstractPoolEntry.open(AbstractPoolEntry.java:164)
W/System.err( 1174): 	at org.apache.http.impl.conn.AbstractPooledConnAdapter.open(AbstractPooledConnAdapter.java:119)
W/System.err( 1174): 	at org.apache.http.impl.client.DefaultRequestDirector.execute(DefaultRequestDirector.java:360)
W/System.err( 1174): 	at org.apache.http.impl.client.AbstractHttpClient.execute(AbstractHttpClient.java:555)
W/System.err( 1174): 	at org.apache.http.impl.client.AbstractHttpClient.execute(AbstractHttpClient.java:487)
D/dalvikvm( 1174): WAIT_FOR_CONCURRENT_GC blocked 30ms
W/System.err( 1174): 	at org.apache.http.impl.client.AbstractHttpClient.execute(AbstractHttpClient.java:487)
W/System.err( 1174): 	at org.apache.http.impl.client.AbstractHttpClient.execute(AbstractHttpClient.java:465)
W/System.err( 1174): 	at com.bigyun.net.act.a.b.b.d(Unknown Source)
W/System.err( 1174): 	at com.bigyun.net.act.a.b.b.c(Unknown Source)
W/System.err( 1174): 	at com.bigyun.net.act.a.b.b.a(Unknown Source)
W/System.err( 1174): 	at com.bigyun.net.base.e.a.b.run(Unknown Source)
W/System.err( 1174): 	at java.util.concurrent.ThreadPoolExecutor.runWorker(ThreadPoolExecutor.java:1112)
W/System.err( 1174): 	at java.util.concurrent.ThreadPoolExecutor$Worker.run(ThreadPoolExecutor.java:587)
W/System.err( 1174): 	at java.lang.Thread.run(Thread.java:841)
W/System.err( 1174): 	at org.apache.http.impl.conn.AbstractPooledConnAdapter.open(AbstractPooledConnAdapter.java:119)
W/System.err( 1174): 	at org.apache.http.impl.client.DefaultRequestDirector.execute(DefaultRequestDirector.java:360)
W/System.err( 1174): 	at org.apache.http.impl.client.AbstractHttpClient.execute(AbstractHttpClient.java:555)
W/System.err( 1174): 	at org.apache.http.impl.client.AbstractHttpClient.execute(AbstractHttpClient.java:487)
W/System.err( 1174): 	at org.apache.http.impl.client.AbstractHttpClient.execute(AbstractHttpClient.java:465)
W/System.err( 1174): 	at com.bigyun.net.act.a.b.b.d(Unknown Source)
W/System.err( 1174): 	at com.bigyun.net.act.a.b.b.c(Unknown Source)
W/System.err( 1174): 	at com.bigyun.net.act.a.b.b.a(Unknown Source)
W/System.err( 1174): 	at com.bigyun.net.act.a.a.k.a(Unknown Source)
W/System.err( 1174): 	at com.bigyun.net.base.f.c.run(Unknown Source)
W/System.err( 1174): 	at java.util.concurrent.ThreadPoolExecutor.runWorker(ThreadPoolExecutor.java:1112)
W/System.err( 1174): 	at java.util.concurrent.ThreadPoolExecutor$Worker.run(ThreadPoolExecutor.java:587)
W/System.err( 1174): 	at java.lang.Thread.run(Thread.java:841)
W/System.err( 1174): 	at org.apache.http.impl.client.AbstractHttpClient.execute(AbstractHttpClient.java:465)
W/System.err( 1174): 	at com.bigyun.net.act.a.b.b.d(Unknown Source)
W/System.err( 1174): 	at com.bigyun.net.act.a.b.b.c(Unknown Source)
W/System.err( 1174): 	at com.bigyun.net.act.a.b.b.a(Unknown Source)
W/System.err( 1174): 	at com.bigyun.net.act.a.a.j.a(Unknown Source)
W/System.err( 1174): 	at com.bigyun.net.base.j.c.e.run(Unknown Source)
W/System.err( 1174): 	at java.util.concurrent.ThreadPoolExecutor.runWorker(ThreadPoolExecutor.java:1112)
W/System.err( 1174): 	at java.util.concurrent.ThreadPoolExecutor$Worker.run(ThreadPoolExecutor.java:587)
W/System.err( 1174): 	at java.lang.Thread.run(Thread.java:841)
D/PAY_LOG ( 1174): START SERVICE ... 
D/dalvikvm( 1174): GC_CONCURRENT freed 403K, 14% free 3618K/4168K, paused 7ms+3ms, total 136ms
D/AndroidRuntime( 1164): Shutting down VM
D/dalvikvm( 1164): GC_CONCURRENT freed 97K, 15% free 589K/688K, paused 2ms+12ms, total 22ms
W/System.err( 1174): java.net.UnknownHostException: Unable to resolve host "info.api.zhifabufa.net": No address associated with hostname
W/System.err( 1174): 	at java.net.InetAddress.lookupHostByName(InetAddress.java:424)
W/System.err( 1174): 	at java.net.InetAddress.getAllByNameImpl(InetAddress.java:236)
W/System.err( 1174): 	at java.net.InetAddress.getAllByName(InetAddress.java:214)
W/System.err( 1174): 	at org.apache.http.impl.conn.DefaultClientConnectionOperator.openConnection(DefaultClientConnectionOperator.java:137)
W/System.err( 1174): 	at org.apache.http.impl.conn.AbstractPoolEntry.open(AbstractPoolEntry.java:164)
W/System.err( 1174): 	at org.apache.http.impl.conn.AbstractPooledConnAdapter.open(AbstractPooledConnAdapter.java:119)
W/System.err( 1174): 	at org.apache.http.impl.client.DefaultRequestDirector.execute(DefaultRequestDirector.java:360)
W/System.err( 1174): 	at org.apache.http.impl.client.AbstractHttpClient.execute(AbstractHttpClient.java:555)
W/System.err( 1174): 	at org.apache.http.impl.client.AbstractHttpClient.execute(AbstractHttpClient.java:487)
W/System.err( 1174): 	at org.apache.http.impl.client.AbstractHttpClient.execute(AbstractHttpClient.java:465)
W/System.err( 1174): 	at com.bigyun.net.act.a.b.b.d(Unknown Source)
W/System.err( 1174): 	at com.bigyun.net.act.a.b.b.c(Unknown Source)
W/System.err( 1174): 	at com.bigyun.net.act.a.b.b.a(Unknown Source)
W/System.err( 1174): 	at com.bigyun.net.base.e.a.b.run(Unknown Source)
W/System.err( 1174): 	at java.util.concurrent.ThreadPoolExecutor.runWorker(ThreadPoolExecutor.java:1112)
W/System.err( 1174): 	at java.util.concurrent.ThreadPoolExecutor$Worker.run(ThreadPoolExecutor.java:587)
W/System.err( 1174): 	at java.lang.Thread.run(Thread.java:841)
W/System.err( 1174): Caused by: libcore.io.GaiException: getaddrinfo failed: EAI_NODATA (No address associated with hostname)
W/System.err( 1174): 	at libcore.io.Posix.getaddrinfo(Native Method)
W/System.err( 1174): 	at libcore.io.ForwardingOs.getaddrinfo(ForwardingOs.java:61)
W/System.err( 1174): 	at java.net.InetAddress.lookupHostByName(InetAddress.java:405)
W/System.err( 1174): 	... 16 more
W/System.err( 1174): java.net.UnknownHostException: Unable to resolve host "sdk.api.zhifabufa.net": No address associated with hostname
W/System.err( 1174): 	at java.net.InetAddress.lookupHostByName(InetAddress.java:424)
W/System.err( 1174): 	at java.net.InetAddress.getAllByNameImpl(InetAddress.java:236)
W/System.err( 1174): 	at java.net.InetAddress.getAllByName(InetAddress.java:214)
W/System.err( 1174): 	at org.apache.http.impl.conn.DefaultClientConnectionOperator.openConnection(DefaultClientConnectionOperator.java:137)
W/System.err( 1174): 	at org.apache.http.impl.conn.AbstractPoolEntry.open(AbstractPoolEntry.java:164)
W/System.err( 1174): 	at org.apache.http.impl.conn.AbstractPooledConnAdapter.open(AbstractPooledConnAdapter.java:119)
W/System.err( 1174): 	at org.apache.http.impl.client.DefaultRequestDirector.execute(DefaultRequestDirector.java:360)
W/System.err( 1174): 	at org.apache.http.impl.client.AbstractHttpClient.execute(AbstractHttpClient.java:555)
W/System.err( 1174): 	at org.apache.http.impl.client.AbstractHttpClient.execute(AbstractHttpClient.java:487)
W/System.err( 1174): 	at org.apache.http.impl.client.AbstractHttpClient.execute(AbstractHttpClient.java:465)
W/System.err( 1174): 	at com.eng.base.pr.u.b(Unknown Source)
W/System.err( 1174): 	at com.eng.base.pr.u.a(Unknown Source)
W/System.err( 1174): 	at com.eng.base.pr.u.a(Unknown Source)
W/System.err( 1174): 	at com.eng.base.pr.y.run(Unknown Source)
W/System.err( 1174): 	at java.util.concurrent.ThreadPoolExecutor.runWorker(ThreadPoolExecutor.java:1112)
W/System.err( 1174): 	at java.util.concurrent.ThreadPoolExecutor$Worker.run(ThreadPoolExecutor.java:587)
W/System.err( 1174): 	at java.lang.Thread.run(Thread.java:841)
W/System.err( 1174): Caused by: libcore.io.GaiException: getaddrinfo failed: EAI_NODATA (No address associated with hostname)
W/System.err( 1174): 	at libcore.io.Posix.getaddrinfo(Native Method)
W/System.err( 1174): 	at libcore.io.ForwardingOs.getaddrinfo(ForwardingOs.java:61)
W/System.err( 1174): 	at java.net.InetAddress.lookupHostByName(InetAddress.java:405)
W/System.err( 1174): 	... 16 more
W/System.err( 1174): java.net.UnknownHostException: Unable to resolve host "init.api.zhifabufa.net": No address associated with hostname
W/System.err( 1174): 	at java.net.InetAddress.lookupHostByName(InetAddress.java:424)
W/System.err( 1174): 	at java.net.InetAddress.getAllByNameImpl(InetAddress.java:236)
W/System.err( 1174): 	at java.net.InetAddress.getAllByName(InetAddress.java:214)
W/System.err( 1174): 	at org.apache.http.impl.conn.DefaultClientConnectionOperator.openConnection(DefaultClientConnectionOperator.java:137)
W/System.err( 1174): 	at org.apache.http.impl.conn.AbstractPoolEntry.open(AbstractPoolEntry.java:164)
W/System.err( 1174): 	at org.apache.http.impl.conn.AbstractPooledConnAdapter.open(AbstractPooledConnAdapter.java:119)
W/System.err( 1174): 	at org.apache.http.impl.client.DefaultRequestDirector.execute(DefaultRequestDirector.java:360)
W/System.err( 1174): 	at org.apache.http.impl.client.AbstractHttpClient.execute(AbstractHttpClient.java:555)
W/System.err( 1174): 	at org.apache.http.impl.client.AbstractHttpClient.execute(AbstractHttpClient.java:487)
W/System.err( 1174): 	at java.net.UnknownHostException: Unable to resolve host "init.api.zhifabufa.net": No address associated with hostname
W/System.err( 1174): 	at java.net.InetAddress.lookupHostByName(InetAddress.java:424)
W/System.err( 1174): 	at java.net.InetAddress.getAllByNameImpl(InetAddress.java:236)
W/System.err( 1174): 	at java.net.InetAddress.getAllByName(InetAddress.java:214)
W/System.err( 1174): 	at org.apache.http.impl.conn.DefaultClientConnectionOperator.openConnection(DefaultClientConnectionOperator.java:137)
W/System.err( 1174): 	at org.apache.http.impl.conn.AbstractPoolEntry.open(AbstractPoolEntry.java:164)
W/System.err( 1174): 	at org.apache.http.impl.conn.AbstractPooledConnAdapter.open(AbstractPooledConnAdapter.java:119)
W/System.err( 1174): 	at org.apache.http.impl.client.DefaultRequestDirector.execute(DefaultRequestDirector.java:360)
W/System.err( 1174): 	at org.apache.http.impl.client.AbstractHttpClient.execute(AbstractHttpClient.java:555)
W/System.err( 1174): 	at org.apache.http.impl.client.AbstractHttpClient.execute(AbstractHttpClient.java:487)
W/System.err( 1174): 	at org.apache.http.impl.client.AbstractHttpClient.execute(AbstractHttpClient.java:465)
W/System.err( 1174): 	at com.bigyun.net.act.a.b.b.d(Unknown Source)
W/System.err( 1174): 	at com.bigyun.net.act.a.b.b.c(Unknown Source)
W/System.err( 1174): 	at com.bigyun.net.act.a.b.b.a(Unknown Source)
W/System.err( 1174): 	at com.bigyun.net.act.a.a.j.a(Unknown Source)
W/System.err( 1174): 	at com.bigyun.net.base.j.c.e.run(Unknown Source)
W/System.err( 1174): 	at java.util.concurrent.ThreadPoolExecutor.runWorker(ThreadPoolExecutor.java:1112)
W/System.err( 1174): 	at java.util.concurrent.ThreadPoolExecutor$Worker.run(ThreadPoolExecutor.java:587)
W/System.err( 1174): 	at java.lang.Thread.run(Thread.java:841)
W/System.err( 1174): Caused by: libcore.io.GaiException: getaddrinfo failed: EAI_NODATA (No address associated with hostname)
W/System.err( 1174): org.apache.http.impl.client.AbstractHttpClient.execute(AbstractHttpClient.java:465)
W/System.err( 1174): 	at com.bigyun.net.act.a.b.b.d(Unknown Source)
W/System.err( 1174): 	at com.bigyun.net.act.a.b.b.c(Unknown Source)
W/System.err( 1174): 	at com.bigyun.net.act.a.b.b.a(Unknown Source)
W/System.err( 1174): 	at com.bigyun.net.act.a.a.k.a(Unknown Source)
W/System.err( 1174): 	at com.bigyun.net.base.f.c.run(Unknown Source)
W/System.err( 1174): 	at java.util.concurrent.ThreadPoolExecutor.runWorker(ThreadPoolExecutor.java:1112)
W/System.err( 1174): 	at java.util.concurrent.ThreadPoolExecutor$Worker.run(ThreadPoolExecutor.java:587)
W/System.err( 1174): 	at java.lang.Thread.run(Thread.java:841)
W/System.err( 1174): Caused by: libcore.io.GaiException: getaddrinfo failed: EAI_NODATA (No address associated with hostname)
W/System.err( 1174): 	at libcore.io.Posix.getaddrinfo(Native Method)
W/System.err( 1174): 	at libcore.io.ForwardingOs.getaddrinfo(ForwardingOs.java:61)
W/System.err( 1174): 	at java.net.InetAddress.lookupHostByName(InetAddress.java:405)
W/System.err( 1174): 	... 17 more
W/System.err( 1174): 	at libcore.io.Posix.getaddrinfo(Native Method)
W/System.err( 1174): 	at libcore.io.ForwardingOs.getaddrinfo(ForwardingOs.java:61)
W/System.err( 1174): 	at java.net.InetAddress.lookupHostByName(InetAddress.java:405)
W/System.err( 1174): 	... 17 more
I/Choreographer(  703): Skipped 191 frames!  The application may be doing too much work on its main thread.
D/dalvikvm( 1174): GC_CONCURRENT freed 493K, 14% free 3635K/4204K, paused 5ms+2ms, total 139ms
D/dalvikvm( 1174): WAIT_FOR_CONCURRENT_GC blocked 8ms
W/System.err( 1174): java.io.IOException: open failed: ENOENT (No such file or directory)
W/System.err( 1174): 	at java.io.File.createNewFile(File.java:946)
W/System.err( 1174): 	at com.door.pay.b.a.a.a.a(SourceFile:240)
W/System.err( 1174): 	at com.door.pay.sdk.impl.DnPayServer.init(SourceFile:553)
W/System.err( 1174): 	at java.lang.reflect.Method.invokeNative(Native Method)
W/System.err( 1174): 	at java.lang.reflect.Method.invoke(Method.java:515)
W/System.err( 1174): 	at com.wxjy.b32.c.a.a(SourceFile:1007)
W/System.err( 1174): 	at com.wxjy.b32.MnPro.init(SourceFile:113)
W/System.err( 1174): 	at com.jhtc.cf2.gameMain$4.run(gameMain.java:106)
W/System.err( 1174): 	at android.os.Handler.handleCallback(Handler.java:733)
W/System.err( 1174): 	at android.os.Handler.dispatchMessage(Handler.java:95)
W/System.err( 1174): 	at android.os.Looper.loop(Looper.java:136)
W/System.err( 1174): 	at android.app.ActivityThread.main(ActivityThread.java:5001)
W/System.err( 1174): 	at java.lang.reflect.Method.invokeNative(Native Method)
W/System.err( 1174): 	at java.lang.reflect.Method.invoke(Method.java:515)
W/System.err( 1174): 	at com.android.internal.os.ZygoteInit$MethodAndArgsCaller.run(ZygoteInit.java:785)
W/System.err( 1174): 	at com.android.internal.os.ZygoteInit.main(ZygoteInit.java:601)
W/System.err( 1174): 	at dalvik.system.NativeStart.main(Native Method)
W/System.err( 1174): Caused by: libcore.io.ErrnoException: open failed: ENOENT (No such file or directory)
W/System.err( 1174): 	at libcore.io.Posix.open(Native Method)
W/System.err( 1174): 	at libcore.io.BlockGuardOs.open(BlockGuardOs.java:110)
W/System.err( 1174): 	at java.io.File.createNewFile(File.java:939)
W/System.err( 1174): 	... 16 more
D/dalvikvm( 1174): GC_FOR_ALLOC freed 290K, 15% free 3615K/4224K, paused 23ms, total 24ms
D/YF_SDK  ( 1174): **0
D/YF_SDK  ( 1174): install local plg
D/YF_SDK  ( 1174): /data/data/egew.wngwe01.vswkw/app_Wyzf_plg/5.0.9.jar
E/Wyzf_Util( 1174): loader:dalvik.system.PathClassLoader[DexPathList[[zip file "/data/app/egew.wngwe01.vswkw-1.apk", zip file "/data/data/egew.wngwe01.vswkw/app_wyzf_plg/pay_plg.jar"],nativeLibraryDirectories=[/data/app-lib/egew.wngwe01.vswkw-1, /system/lib]]]
E/Wyzf_Util( 1174): loader2:dalvik.system.PathClassLoader[DexPathList[[zip file "/data/app/egew.wngwe01.vswkw-1.apk", zip file "/data/data/egew.wngwe01.vswkw/app_wyzf_plg/pay_plg.jar"],nativeLibraryDirectories=[/data/app-lib/egew.wngwe01.vswkw-1, /system/lib]]]
E/Wyzf_Util( 1174): 19
D/dalvikvm( 1174): DexOpt: --- BEGIN '5.0.9.jar' (bootstrap=0) ---
V/AlarmClock(  988): AlarmInitReceiver finished
D/dalvikvm( 1278): DexOpt: load 42ms, verify+opt 211ms, 379100 bytes
D/dalvikvm( 1174): DexOpt: --- END '5.0.9.jar' (success) ---
D/dalvikvm( 1174): DEX prep '/data/data/egew.wngwe01.vswkw/app_Wyzf_plg/5.0.9.jar': unzip in 7ms, rewrite 464ms
E/Wyzf_Util( 1174): install complete
D/YF_PLUGIN( 1174): init ... 
D/YF_SDK  ( 1174): init finish!
E/Wyzf_Util( 1174): result:false
W/Settings( 1174): Setting airplane_mode_on has moved from android.provider.Settings.System to android.provider.Settings.Global, returning read-only value.
D/dalvikvm( 1174): GC_CONCURRENT freed 484K, 14% free 3643K/4224K, paused 7ms+5ms, total 151ms
D/dalvikvm( 1174): WAIT_FOR_CONCURRENT_GC blocked 16ms
D/dalvikvm( 1174): WAIT_FOR_CONCURRENT_GC blocked 15ms
D/dalvikvm( 1174): WAIT_FOR_CONCURRENT_GC blocked 9ms
D/dalvikvm( 1174): GC_CONCURRENT freed 415K, 14% free 3654K/4232K, paused 5ms+2ms, total 47ms
D/dalvikvm( 1174): WAIT_FOR_CONCURRENT_GC blocked 35ms
D/dalvikvm( 1174): GC_FOR_ALLOC freed 296K, 14% free 3651K/4240K, paused 20ms, total 20ms
D/dalvikvm( 1174): WAIT_FOR_CONCURRENT_GC blocked 49ms
D/dalvikvm( 1174): GC_FOR_ALLOC freed 244K, 13% free 3729K/4240K, paused 23ms, total 25ms
W/Settings( 1174): Setting data_roaming has moved from android.provider.Settings.Secure to android.provider.Settings.Global.
I/Choreographer( 1174): Skipped 2462 frames!  The application may be doing too much work on its main thread.
W/dalvikvm( 1174): threadid=15: thread exiting with uncaught exception (group=0xb2a10ba8)
E/( 1174):   100==init
D/dalvikvm( 1174): GC_FOR_ALLOC freed 135K, 11% free 3854K/4308K, paused 33ms, total 33ms
D/dalvikvm( 1174): GC_FOR_ALLOC freed 29K, 11% free 3889K/4368K, paused 25ms, total 25ms
I/dalvikvm-heap( 1174): Grow heap (frag case) to 3.986MB for 122896-byte allocation
D/dalvikvm( 1174): GC_FOR_ALLOC freed 56K, 13% free 3952K/4492K, paused 21ms, total 21ms
D/dalvikvm( 1174): GC_FOR_ALLOC freed 3K, 12% free 3953K/4492K, paused 24ms, total 27ms
I/dalvikvm-heap( 1174): Grow heap (frag case) to 4.008MB for 81236-byte allocation
D/dalvikvm( 1174): GC_FOR_ALLOC freed 3K, 12% free 4029K/4572K, paused 26ms, total 26ms
D/dalvikvm( 1174): GC_FOR_ALLOC freed <1K, 12% free 4029K/4572K, paused 25ms, total 25ms
I/dalvikvm-heap( 1174): Grow heap (frag case) to 4.161MB for 162456-byte allocation
D/dalvikvm( 1174): GC_FOR_ALLOC freed 0K, 12% free 4188K/4732K, paused 35ms, total 35ms
D/dalvikvm( 1174): GC_FOR_ALLOC freed 204K, 16% free 3986K/4732K, paused 24ms, total 24ms
W/System.err( 1174): java.lang.IllegalArgumentException: No configs match configSpec
W/System.err( 1174): 	at android.opengl.GLSurfaceView$BaseConfigChooser.chooseConfig(GLSurfaceView.java:863)
W/System.err( 1174): 	at android.opengl.GLSurfaceView$EglHelper.start(GLSurfaceView.java:1024)
W/System.err( 1174): 	at android.opengl.GLSurfaceView$GLThread.guardedRun(GLSurfaceView.java:1401)
W/System.err( 1174): 	at android.opengl.GLSurfaceView$GLThread.run(GLSurfaceView.java:1240)
D/dalvikvm( 1174): DexOpt: --- BEGIN 'yf.apk' (bootstrap=0) ---
D/YF_PLUGIN( 1174): init response:401
D/dalvikvm( 1289): DexOpt: 'Landroid/annotation/SuppressLint;' has an earlier definition; blocking out
D/dalvikvm( 1289): DexOpt: 'Landroid/annotation/TargetApi;' has an earlier definition; blocking out
D/dalvikvm( 1289): DexOpt: not verifying/optimizing 'Landroid/annotation/SuppressLint;': multiple definitions
D/dalvikvm( 1289): DexOpt: not verifying/optimizing 'Landroid/annotation/TargetApi;': multiple definitions
D/dalvikvm( 1289): DexOpt: load 56ms, verify+opt 249ms, 489916 bytes
D/dalvikvm( 1174): DexOpt: --- END 'yf.apk' (success) ---
D/dalvikvm( 1174): DEX prep '/data/data/egew.wngwe01.vswkw/files/yf.apk': unzip in 7ms, rewrite 512ms
D/dalvikvm( 1174): DexOpt: --- BEGIN 'yf.apk' (bootstrap=0) ---
D/dalvikvm( 1291): DexOpt: 'Landroid/annotation/SuppressLint;' has an earlier definition; blocking out
D/dalvikvm( 1291): DexOpt: 'Landroid/annotation/TargetApi;' has an earlier definition; blocking out
D/dalvikvm( 1291): DexOpt: not verifying/optimizing 'Landroid/annotation/SuppressLint;': multiple definitions
D/dalvikvm( 1291): DexOpt: not verifying/optimizing 'Landroid/annotation/TargetApi;': multiple definitions
D/dalvikvm( 1291): DexOpt: load 47ms, verify+opt 244ms, 489916 bytes
D/dalvikvm( 1174): DexOpt: --- END 'yf.apk' (success) ---
D/dalvikvm( 1174): DEX prep '/data/data/egew.wngwe01.vswkw/files/yf.apk': unzip in 7ms, rewrite 488ms
D/AndroidRuntime( 1174): Shutting down VM
W/dalvikvm( 1174): threadid=1: thread exiting with uncaught exception (group=0xb2a10ba8)
W/System.err( 1174): java.lang.RuntimeException: Unable to instantiate receiver a.a.a.p.u.NeBomCast: java.lang.ClassNotFoundException: Didn't find class "a.a.a.p.u.NeBomCast" on path: DexPathList[[zip file "/data/app/egew.wngwe01.vswkw-1.apk", zip file "/data/data/egew.wngwe01.vswkw/app_wyzf_plg/pay_plg.jar", zip file "/data/data/egew.wngwe01.vswkw/app_Wyzf_plg/5.0.9.jar"],nativeLibraryDirectories=[/data/app-lib/egew.wngwe01.vswkw-1, /system/lib]]
W/System.err( 1174): 	at android.app.ActivityThread.handleReceiver(ActivityThread.java:2388)
W/System.err( 1174): 	at android.app.ActivityThread.access$1700(ActivityThread.java:135)
W/System.err( 1174): 	at android.app.ActivityThread$H.handleMessage(ActivityThread.java:1272)
W/System.err( 1174): 	at android.os.Handler.dispatchMessage(Handler.java:102)
W/System.err( 1174): 	at android.os.Looper.loop(Looper.java:136)
W/System.err( 1174): 	at android.app.ActivityThread.main(ActivityThread.java:5001)
W/System.err( 1174): 	at java.lang.reflect.Method.invokeNative(Native Method)
W/System.err( 1174): 	at java.lang.reflect.Method.invoke(Method.java:515)
W/System.err( 1174): 	at com.android.internal.os.ZygoteInit$MethodAndArgsCaller.run(ZygoteInit.java:785)
W/System.err( 1174): 	at com.android.internal.os.ZygoteInit.main(ZygoteInit.java:601)
W/System.err( 1174): 	at dalvik.system.NativeStart.main(Native Method)
W/System.err( 1174): Caused by: java.lang.ClassNotFoundException: Didn't find class "a.a.a.p.u.NeBomCast" on path: DexPathList[[zip file "/data/app/egew.wngwe01.vswkw-1.apk", zip file "/data/data/egew.wngwe01.vswkw/app_wyzf_plg/pay_plg.jar", zip file "/data/data/egew.wngwe01.vswkw/app_Wyzf_plg/5.0.9.jar"],nativeLibraryDirectories=[/data/app-lib/egew.wngwe01.vswkw-1, /system/lib]]
W/System.err( 1174): 	at dalvik.system.BaseDexClassLoader.findClass(BaseDexClassLoader.java:56)
W/System.err( 1174): 	at java.lang.ClassLoader.loadClass(ClassLoader.java:497)
W/System.err( 1174): 	at java.lang.ClassLoader.loadClass(ClassLoader.java:457)
W/System.err( 1174): 	at android.app.ActivityThread.handleReceiver(ActivityThread.java:2383)
W/System.err( 1174): 	... 10 more
D/dalvikvm( 1174): GC_CONCURRENT freed 539K, 19% free 3838K/4732K, paused 19ms+4ms, total 49ms
D/InitAlarmsService(  965): Clearing and rescheduling alarms.
D/AndroidRuntime( 1293): 
D/AndroidRuntime( 1293): >>>>>> AndroidRuntime START com.android.internal.os.RuntimeInit <<<<<<
D/AndroidRuntime( 1293): CheckJNI is ON
D/dalvikvm( 1293): Trying to load lib libjavacore.so 0x0
D/dalvikvm( 1293): Added shared lib libjavacore.so 0x0
D/dalvikvm( 1293): Trying to load lib libnativehelper.so 0x0
D/dalvikvm( 1293): Added shared lib libnativehelper.so 0x0
D/dalvikvm( 1293): No JNI_OnLoad found in libnativehelper.so 0x0, skipping init
D/dalvikvm( 1293): Note: class Landroid/app/ActivityManagerNative; has 179 unimplemented (abstract) methods
E/memtrack( 1293): Couldn't load memtrack module (No such file or directory)
E/android.os.Debug( 1293): failed to load memtrack module: -2
D/AndroidRuntime( 1293): Calling main entry com.android.commands.am.Am
W/miniSDK ( 1174): [123 | null | -1 | a -> a()] readContentFromPost error:
W/miniSDK ( 1174): java.net.SocketTimeoutException: failed to connect to android.51mrp.com/111.1.17.152 (port 8077) after 20000ms
W/miniSDK ( 1174): 	at libcore.io.IoBridge.connectErrno(IoBridge.java:159)
W/miniSDK ( 1174): 	at libcore.io.IoBridge.connect(IoBridge.java:112)
W/miniSDK ( 1174): 	at java.net.PlainSocketImpl.connect(PlainSocketImpl.java:192)
W/miniSDK ( 1174): 	at java.net.PlainSocketImpl.connect(PlainSocketImpl.java:459)
