E/memtrack( 1180): Couldn't load memtrack module (No such file or directory)
E/android.os.Debug( 1180): failed to load memtrack module: -2
D/ConnectivityService(  354): [CheckMp] isMobileOk: not connected ni=NetworkInfo: type: mobile_hipri[UMTS], state: DISCONNECTED/IDLE, reason: (unspecified), extra: (none), roaming: false, failover: false, isAvailable: true, isConnectedToProvisioningNetwork: false
D/AndroidRuntime( 1180): Calling main entry com.android.commands.am.Am
D/ConnectivityService(  354): [CheckMp] isMobileOk: not connected ni=NetworkInfo: type: mobile_hipri[UMTS], state: DISCONNECTED/IDLE, reason: (unspecified), extra: (none), roaming: false, failover: false, isAvailable: true, isConnectedToProvisioningNetwork: false
D/ConnectivityService(  354): stopUsingNetworkFeature: teardown net 0: enableHIPRI
D/ConnectivityService(  354): [CheckMp] isMobileOk: timed out
D/ConnectivityService(  354): [CheckMp] isMobileOk: F stop hipri
D/MobileDataStateTracker(  354): default: setEnableFailFastMobileData(enabled=0)
D/dalvikvm(  600): GC_CONCURRENT freed 464K, 16% free 3312K/3932K, paused 4ms+3ms, total 27ms
D/MobileDataStateTracker(  354): hipri: Broadcast received: android.intent.action.ANY_DATA_STATE apnType=hipri
D/MobileDataStateTracker(  354): hipri: Received state=DISCONNECTED, old=CONNECTED, reason=dataDisabled
D/MobileDataStateTracker(  354): hipri: setDetailed state, old =IDLE and new state=DISCONNECTED
D/ConnectivityService(  354): ConnectivityChange for mobile_hipri: DISCONNECTED/DISCONNECTED
E/logwrapper( 1192): executing /system/bin/ip failed: No such file or directory
E/SecondaryTablController(   54): ip route del failed: /system/bin/ip route del 10.0.2.2/32 via 0.0.0.0 dev eth0 table 60
W/FrameworkListener(   54): Handler 'interface' error (No such device)
E/logwrapper( 1193): executing /system/bin/ip failed: No such file or directory
E/SecondaryTablController(   54): ip route del failed: /system/bin/ip route del 0.0.0.0/0 via 10.0.2.2 dev eth0 table 60
W/FrameworkListener(   54): Handler 'interface' error (No such device)
D/Nat464Xlat(  354): requiresClat: netType=5, hasIPv4Address=true
D/MobileDataStateTracker(  354): default: setPolicyDataEnable(enabled=true)
W/ProcessCpuTracker(  354): Skipping unknown process pid 1198
E/NetdConnector(  354): NDC Command {43 bandwidth removeiquota eth0} took too long (578ms)
E/NetdConnector(  354): NDC Command {42 bandwidth gettetherstats} took too long (792ms)
E/NetdConnector(  354): NDC Command {44 bandwidth setiquota eth0 9223372036854775807} took too long (1239ms)
D/MobileDataStateTracker(  354): default: setPolicyDataEnable(enabled=true)
E/NetdConnector(  354): NDC Command {45 bandwidth gettetherstats} took too long (1174ms)
E/NetdConnector(  354): NDC Command {46 bandwidth removeiquota eth0} took too long (679ms)
D/Tethering(  354): MasterInitialState.processMessage what=3
D/CaptivePortalTracker(  354): NoActiveNetworkState{ when=-15ms what=1 obj=NetworkInfo: type: mobile_hipri[UMTS], state: DISCONNECTED/DISCONNECTED, reason: dataDisabled, extra: epc.tmobile.com, roaming: false, failover: false, isAvailable: true, isConnectedToProvisioningNetwork: false target=com.android.internal.util.StateMachine$SmHandler }
D/CaptivePortalTracker(  354): NoActiveNetworkState not a wifi connectivity change, ignore
D/Tethering(  354): MasterInitialState.processMessage what=3
D/CaptivePortalTracker(  354): NoActiveNetworkState{ when=-22ms what=1 obj=NetworkInfo: type: mobile[UMTS], state: CONNECTED/CONNECTED, reason: connected, extra: epc.tmobile.com, roaming: false, failover: false, isAvailable: true, isConnectedToProvisioningNetwork: false target=com.android.internal.util.StateMachine$SmHandler }
D/CaptivePortalTracker(  354): NoActiveNetworkState not a wifi connectivity change, ignore
E/NetdConnector(  354): NDC Command {47 bandwidth setiquota eth0 9223372036854775807} took too long (1298ms)
D/MobileDataStateTracker(  354): default: setPolicyDataEnable(enabled=true)
D/MobileDataStateTracker(  354): default: setPolicyDataEnable(enabled=true)
V/WebViewChromiumFactoryProvider( 1082): Binding Chromium to main looper Looper (main, tid 1) {b2d97eb0}
I/LibraryLoader( 1082): Expected native library version number "",actual native library version number ""
I/chromium( 1082): [INFO:library_loader_hooks.cc(116)] Chromium logging enabled: level = 0, default verbosity = 0
D/dalvikvm( 1082): GC_CONCURRENT freed 360K, 14% free 3106K/3572K, paused 2136ms+4ms, total 4906ms
I/BrowserStartupController( 1082): Initializing chromium process, renderers=0
D/ConnectivityService(  354): [CheckMp] isMobileOk: X result=0
D/ConnectivityService(  354): [CheckMp] onPostExecute: result=0
D/ConnectivityService(  354): CheckMp.onComplete: result=0
D/ConnectivityService(  354): CheckMp.onComplete: ignore, connected or no connection
E/BluetoothAdapter( 1082): Bluetooth binder is null
D/AndroidRuntime( 1253): 
D/AndroidRuntime( 1253): >>>>>> AndroidRuntime START com.android.internal.os.RuntimeInit <<<<<<
D/AndroidRuntime( 1253): CheckJNI is ON
E/chromium( 1082): [ERROR:gl_surface_egl.cc(169)] No suitable EGL configs found.
E/chromium( 1082): [ERROR:gl_surface_egl.cc(702)] GLSurfaceEGL::InitializeOneOff failed.
E/chromium( 1082): [ERROR:gl_surface_egl.cc(169)] No suitable EGL configs found.
E/chromium( 1082): [ERROR:gl_surface_egl.cc(702)] GLSurfaceEGL::InitializeOneOff failed.
E/chromium( 1082): [ERROR:gpu_info_collector.cc(86)] gfx::GLSurface::InitializeOneOff() failed
D/dalvikvm( 1253): Trying to load lib libjavacore.so 0x0
D/dalvikvm( 1253): Added shared lib libjavacore.so 0x0
D/dalvikvm( 1253): Trying to load lib libnativehelper.so 0x0
D/dalvikvm( 1253): Added shared lib libnativehelper.so 0x0
D/dalvikvm( 1253): No JNI_OnLoad found in libnativehelper.so 0x0, skipping init
D/dalvikvm( 1253): Note: class Landroid/app/ActivityManagerNative; has 179 unimplemented (abstract) methods
E/memtrack( 1253): Couldn't load memtrack module (No such file or directory)
E/android.os.Debug( 1253): failed to load memtrack module: -2
D/AndroidRuntime( 1253): Calling main entry com.android.commands.am.Am
I/ActivityManager(  354): START u0 {act=android.intent.action.MAIN cat=[android.intent.category.LAUNCHER] flg=0x10000000 cmp=com.joyjia.ring/.BaseActivity} from pid 1253
D/dalvikvm( 1067): newInstance failed: p0 i0 [0 a1
D/AndroidRuntime( 1067): Shutting down VM
W/dalvikvm( 1067): threadid=1: thread exiting with uncaught exception (group=0xb2aeaba8)
I/System.out( 1067): uncaughtException
I/francis ( 1067): throwable---->Unable to instantiate activity ComponentInfo{com.joyjia.ring/com.joyjia.ring.BaseActivity}: java.lang.InstantiationException: can't instantiate class com.joyjia.ring.BaseActivity
E/AndroidRuntime( 1067): FATAL EXCEPTION: main
E/AndroidRuntime( 1067): Process: com.joyjia.ring, PID: 1067
E/AndroidRuntime( 1067): java.lang.RuntimeException: Unable to instantiate activity ComponentInfo{com.joyjia.ring/com.joyjia.ring.BaseActivity}: java.lang.InstantiationException: can't instantiate class com.joyjia.ring.BaseActivity
E/AndroidRuntime( 1067): 	at android.app.ActivityThread.performLaunchActivity(ActivityThread.java:2110)
E/AndroidRuntime( 1067): 	at android.app.ActivityThread.handleLaunchActivity(ActivityThread.java:2233)
E/AndroidRuntime( 1067): 	at android.app.ActivityThread.access$800(ActivityThread.java:135)
E/AndroidRuntime( 1067): 	at android.app.ActivityThread$H.handleMessage(ActivityThread.java:1196)
E/AndroidRuntime( 1067): 	at android.os.Handler.dispatchMessage(Handler.java:102)
E/AndroidRuntime( 1067): 	at android.os.Looper.loop(Looper.java:136)
E/AndroidRuntime( 1067): 	at android.app.ActivityThread.main(ActivityThread.java:5001)
E/AndroidRuntime( 1067): 	at java.lang.reflect.Method.invokeNative(Native Method)
E/AndroidRuntime( 1067): 	at java.lang.reflect.Method.invoke(Method.java:515)
E/AndroidRuntime( 1067): 	at com.android.internal.os.ZygoteInit$MethodAndArgsCaller.run(ZygoteInit.java:785)
E/AndroidRuntime( 1067): 	at com.android.internal.os.ZygoteInit.main(ZygoteInit.java:601)
E/AndroidRuntime( 1067): 	at dalvik.system.NativeStart.main(Native Method)
E/AndroidRuntime( 1067): Caused by: java.lang.InstantiationException: can't instantiate class com.joyjia.ring.BaseActivity
E/AndroidRuntime( 1067): 	at java.lang.Class.newInstanceImpl(Native Method)
E/AndroidRuntime( 1067): 	at java.lang.Class.newInstance(Class.java:1208)
E/AndroidRuntime( 1067): 	at android.app.Instrumentation.newActivity(Instrumentation.java:1061)
E/AndroidRuntime( 1067): 	at android.app.ActivityThread.performLaunchActivity(ActivityThread.java:2101)
E/AndroidRuntime( 1067): 	... 11 more
W/ActivityManager(  354):   Force finishing activity com.joyjia.ring/.BaseActivity
W/ActivityManager(  354):   Force finishing activity com.joyjia.ring/.MainActivity
I/Choreographer(  354): Skipped 46 frames!  The application may be doing too much work on its main thread.
W/ActivityManager(  354): Activity pause timeout for ActivityRecord{b3689ac8 u0 com.joyjia.ring/.BaseActivity t4 f}
I/Choreographer(  681): Skipped 36 frames!  The application may be doing too much work on its main thread.
D/dalvikvm(  354): GC_CONCURRENT freed 590K, 48% free 7760K/14828K, paused 8ms+62ms, total 449ms
W/chromium( 1082): [WARNING:mailbox_synchronizer.cc(36)] MailboxSync not supported due to missing EGL image/fence support
I/NoHttpSample( 1067): Accept: application/json,application/xml,application/xhtml+xml,text/html;q=0.9,image/webp,*/*;q=0.8
I/NoHttpSample( 1067): Accept-Encoding: gzip, deflate
I/NoHttpSample( 1067): Accept-Language: en-US,en
I/NoHttpSample( 1067): Connection: keep-alive
I/NoHttpSample( 1067): Content-Type: application/x-www-form-urlencoded; charset=utf-8
I/NoHttpSample( 1067): User-Agent: Mozilla/5.0 (Linux; U; Android 4.4.4; en-us; sdk Build/KK) AppleWebKit/534.30 (KHTML, like Gecko) Version/4.0 Mobile Safari/534.30
D/dalvikvm( 1082): GC_FOR_ALLOC freed 23K, 12% free 3144K/3556K, paused 88ms, total 89ms
I/dalvikvm-heap( 1082): Grow heap (frag case) to 3.406MB for 281896-byte allocation
E/chromium( 1082): [ERROR:gl_surface_egl.cc(169)] No suitable EGL configs found.
E/chromium( 1082): [ERROR:gl_surface_egl.cc(702)] GLSurfaceEGL::InitializeOneOff failed.
D/dalvikvm( 1082): GC_FOR_ALLOC freed <1K, 11% free 3419K/3832K, paused 77ms, total 77ms
W/chromium( 1082): [WARNING:proxy_service.cc(890)] PAC support disabled because there is no system implementation
I/MediaFocusControl(  354):  AudioFocus  abandonAudioFocus() from android.media.AudioManager@b2da5338com.android.music.MediaPlaybackService$3@b2da41b8
D/NoHttpSample( 1067): -------Response start-------
D/AndroidRuntime( 1276): 
D/AndroidRuntime( 1276): >>>>>> AndroidRuntime START com.android.internal.os.RuntimeInit <<<<<<
D/AndroidRuntime( 1276): CheckJNI is ON
D/dalvikvm( 1276): Trying to load lib libjavacore.so 0x0
D/dalvikvm( 1276): Added shared lib libjavacore.so 0x0
D/dalvikvm( 1276): Trying to load lib libnativehelper.so 0x0
D/dalvikvm( 1276): Added shared lib libnativehelper.so 0x0
D/dalvikvm( 1276): No JNI_OnLoad found in libnativehelper.so 0x0, skipping init
D/dalvikvm( 1276): Note: class Landroid/app/ActivityManagerNative; has 179 unimplemented (abstract) methods
I/NoHttpSample( 1067): Connection: keep-alive
I/NoHttpSample( 1067): Content-Encoding: gzip
I/NoHttpSample( 1067): Content-Type: application/json;charset=UTF-8
I/NoHttpSample( 1067): Date: Thu, 11 Oct 2018 22:02:02 GMT
E/memtrack( 1276): Couldn't load memtrack module (No such file or directory)
E/android.os.Debug( 1276): failed to load memtrack module: -2
D/AndroidRuntime( 1276): Calling main entry com.android.commands.pm.Pm
I/NoHttpSample( 1067): OkHttp-Response-Source: NETWORK 200
I/NoHttpSample( 1067): OkHttp-Selected-Protocol: http/1.1
I/NoHttpSample( 1067): ResponseCode: 200
I/NoHttpSample( 1067): Server: Tengine/2.1.1
I/NoHttpSample( 1067): Transfer-Encoding: chunked
I/NoHttpSample( 1067): Vary: Accept-Encoding
D/AndroidRuntime( 1276): Shutting down VM
D/dalvikvm( 1276): GC_CONCURRENT freed 93K, 15% free 556K/652K, paused 2ms+1ms, total 11ms
D/NoHttpSample( 1067): -------Response end-------
D/NoHttpSample( 1067): --------------Request finish--------------
D/AndroidRuntime( 1180): Shutting down VM
D/dalvikvm( 1180): GC_CONCURRENT freed 97K, 15% free 587K/688K, paused 2ms+12ms, total 21ms
D/AndroidRuntime( 1293): 
D/AndroidRuntime( 1293): >>>>>> AndroidRuntime START com.android.internal.os.RuntimeInit <<<<<<
D/AndroidRuntime( 1293): CheckJNI is ON
D/dalvikvm( 1293): Trying to load lib libjavacore.so 0x0
D/dalvikvm( 1293): Added shared lib libjavacore.so 0x0
D/dalvikvm( 1293): Trying to load lib libnativehelper.so 0x0
D/dalvikvm( 1293): Added shared lib libnativehelper.so 0x0
D/dalvikvm( 1293): No JNI_OnLoad found in libnativehelper.so 0x0, skipping init
D/dalvikvm( 1293): Note: class Landroid/app/ActivityManagerNative; has 179 unimplemented (abstract) methods
E/memtrack( 1293): Couldn't load memtrack module (No such file or directory)
E/android.os.Debug( 1293): failed to load memtrack module: -2
D/AndroidRuntime( 1293): Calling main entry com.android.commands.pm.Pm
D/AndroidRuntime( 1293): Shutting down VM
D/dalvikvm( 1293): GC_CONCURRENT freed 93K, 15% free 556K/652K, paused 2ms+2ms, total 10ms
E/memtrack( 1152): Couldn't load memtrack module (No such file or directory)
E/android.os.Debug( 1152): failed to load memtrack module: -2
D/AndroidRuntime( 1311): 
D/AndroidRuntime( 1311): >>>>>> AndroidRuntime START com.android.internal.os.RuntimeInit <<<<<<
D/AndroidRuntime( 1311): CheckJNI is ON
D/dalvikvm( 1311): Trying to load lib libjavacore.so 0x0
D/dalvikvm( 1311): Added shared lib libjavacore.so 0x0
D/dalvikvm( 1311): Trying to load lib libnativehelper.so 0x0
D/dalvikvm( 1311): Added shared lib libnativehelper.so 0x0
D/dalvikvm( 1311): No JNI_OnLoad found in libnativehelper.so 0x0, skipping init
D/dalvikvm( 1311): Note: class Landroid/app/ActivityManagerNative; has 179 unimplemented (abstract) methods
E/memtrack( 1311): Couldn't load memtrack module (No such file or directory)
E/android.os.Debug( 1311): failed to load memtrack module: -2
D/AndroidRuntime( 1311): Calling main entry com.android.commands.pm.Pm
D/AndroidRuntime( 1311): Shutting down VM
D/dalvikvm( 1311): GC_CONCURRENT freed 93K, 15% free 556K/652K, paused 2ms+2ms, total 12ms
D/AndroidRuntime( 1152): Calling main entry com.android.commands.pm.Pm
D/AndroidRuntime( 1152): Shutting down VM
D/dalvikvm( 1152): GC_CONCURRENT freed 93K, 15% free 556K/652K, paused 22ms+1ms, total 31ms
D/dalvikvm( 1067): GC_CONCURRENT freed 1447K, 13% free 10121K/11556K, paused 4ms+15ms, total 66ms
D/dalvikvm( 1082): GC_CONCURRENT freed 676K, 20% free 3173K/3920K, paused 15ms+4ms, total 78ms
W/ActivityManager(  354): Activity destroy timeout for ActivityRecord{b37a2fe0 u0 com.joyjia.ring/.MainActivity t4 f}
W/ActivityManager(  354): Activity destroy timeout for ActivityRecord{b3689ac8 u0 com.joyjia.ring/.BaseActivity t4 f}
I/PackageManager(  354):   Action: "android.intent.action.SENDTO"
I/PackageManager(  354):   Category: "android.intent.category.DEFAULT"
I/PackageManager(  354):   Scheme: "sms"
I/PackageManager(  354): Adding preferred activity ComponentInfo{com.android.mms/com.android.mms.ui.ComposeMessageActivity} for user 0 :
I/PackageManager(  354):   Action: "android.intent.action.SENDTO"
I/PackageManager(  354):   Category: "android.intent.category.DEFAULT"
I/PackageManager(  354):   Scheme: "smsto"
I/PackageManager(  354): Adding preferred activity ComponentInfo{com.android.mms/com.android.mms.ui.ComposeMessageActivity} for user 0 :
I/PackageManager(  354):   Action: "android.intent.action.SENDTO"
I/PackageManager(  354):   Category: "android.intent.category.DEFAULT"
I/PackageManager(  354):   Scheme: "mms"
I/PackageManager(  354): Adding preferred activity ComponentInfo{com.android.mms/com.android.mms.ui.ComposeMessageActivity} for user 0 :
I/PackageManager(  354):   Action: "android.intent.action.SENDTO"
I/PackageManager(  354):   Category: "android.intent.category.DEFAULT"
I/PackageManager(  354):   Scheme: "mmsto"
I/PackageManager(  354): Adding preferred activity ComponentInfo{com.android.mms/com.android.mms.ui.ComposeMessageActivity} for user 0 :
V/SmsReceiverService(  990): onStart: #1 mResultCode: -1 = Activity.RESULT_OK
D/dalvikvm(  990): GC_CONCURRENT freed 199K, 8% free 3094K/3364K, paused 5ms+13ms, total 42ms
E/StrictMode(  990): A resource was acquired at attached stack trace but never released. See java.io.Closeable for information on avoiding resource leaks.
E/StrictMode(  990): java.lang.Throwable: Explicit termination method 'release' not called
E/StrictMode(  990): 	at dalvik.system.CloseGuard.open(CloseGuard.java:184)
E/StrictMode(  990): 	at android.drm.DrmManagerClient.<init>(DrmManagerClient.java:258)
E/StrictMode(  990): 	at com.google.android.mms.pdu.PduPersister.<init>(PduPersister.java:288)
E/StrictMode(  990): 	at com.google.android.mms.pdu.PduPersister.getPduPersister(PduPersister.java:296)
E/StrictMode(  990): 	at com.android.mms.transaction.TransactionService.onNewIntent(TransactionService.java:224)
E/StrictMode(  990): 	at com.android.mms.transaction.TransactionService$ServiceHandler.handleMessage(TransactionService.java:621)
E/StrictMode(  990): 	at android.os.Handler.dispatchMessage(Handler.java:102)
E/StrictMode(  990): 	at android.os.Looper.loop(Looper.java:136)
E/StrictMode(  990): 	at android.os.HandlerThread.run(HandlerThread.java:61)
D/dalvikvm(  990): GC_CONCURRENT freed 265K, 10% free 3232K/3572K, paused 3ms+3ms, total 32ms
D/MmsSmsProvider(  600): getSingleAddressId: insert new canonical_address for xxxxxx, _id=1
D/MmsSmsProvider(  600): getThreadId: create new thread_id for recipients xxxxxxxx
D/MmsSmsProvider(  600): insertThread: created new thread_id 1 for recipientIds xxxxxxx
D/dalvikvm(  600): GC_EXPLICIT freed 110K, 16% free 3325K/3928K, paused 3ms+4ms, total 37ms
D/SmsReceiverService(  990): handleSmsReceived messageUri: content://sms/1 threadId: 1
D/Mms:app (  990): updateNotification: new message, adding sound to the notification
I/PackageManager(  354):   Action: "android.intent.action.SENDTO"
I/PackageManager(  354):   Category: "android.intent.category.DEFAULT"
I/PackageManager(  354):   Scheme: "sms"
I/PackageManager(  354): Adding preferred activity ComponentInfo{com.android.mms/com.android.mms.ui.ComposeMessageActivity} for user 0 :
I/PackageManager(  354):   Action: "android.intent.action.SENDTO"
I/PackageManager(  354):   Category: "android.intent.category.DEFAULT"
I/PackageManager(  354):   Scheme: "smsto"
I/PackageManager(  354): Adding preferred activity ComponentInfo{com.android.mms/com.android.mms.ui.ComposeMessageActivity} for user 0 :
I/PackageManager(  354):   Action: "android.intent.action.SENDTO"
I/PackageManager(  354):   Category: "android.intent.category.DEFAULT"
I/PackageManager(  354):   Scheme: "mms"
I/PackageManager(  354): Adding preferred activity ComponentInfo{com.android.mms/com.android.mms.ui.ComposeMessageActivity} for user 0 :
I/PackageManager(  354):   Action: "android.intent.action.SENDTO"
I/PackageManager(  354):   Category: "android.intent.category.DEFAULT"
I/PackageManager(  354):   Scheme: "mmsto"
I/PackageManager(  354): Adding preferred activity ComponentInfo{com.android.mms/com.android.mms.ui.ComposeMessageActivity} for user 0 :
V/SmsReceiverService(  990): onStart: #1 mResultCode: -1 = Activity.RESULT_OK
D/MmsSmsProvider(  600): getSingleAddressId: insert new canonical_address for xxxxxx, _id=2
D/MmsSmsProvider(  600): getThreadId: create new thread_id for recipients xxxxxxxx
D/MmsSmsProvider(  600): insertThread: created new thread_id 2 for recipientIds xxxxxxx
D/SmsReceiverService(  990): handleSmsReceived messageUri: content://sms/2 threadId: 2
D/Mms:app (  990): updateNotification: new message, adding sound to the notification
W/System.err( 1082): java.net.SocketTimeoutException: failed to connect to www.koapkmobi.com/13.229.16.115 (port 8081) after 60000ms: isConnected failed: ETIMEDOUT (Connection timed out)
W/System.err( 1082): 	at libcore.io.IoBridge.isConnected(IoBridge.java:221)
W/System.err( 1082): 	at libcore.io.IoBridge.connectErrno(IoBridge.java:161)
W/System.err( 1082): 	at libcore.io.IoBridge.connect(IoBridge.java:112)
W/System.err( 1082): 	at java.net.PlainSocketImpl.connect(PlainSocketImpl.java:192)
W/System.err( 1082): 	at java.net.PlainSocketImpl.connect(PlainSocketImpl.java:459)
W/System.err( 1082): 	at java.net.Socket.connect(Socket.java:843)
W/System.err( 1082): 	at com.android.okhttp.internal.Platform.connectSocket(Platform.java:152)
W/System.err( 1082): 	at com.android.okhttp.Connection.connect(Connection.java:101)
W/System.err( 1082): 	at com.android.okhttp.internal.http.HttpEngine.connect(HttpEngine.java:294)
W/System.err( 1082): 	at com.android.okhttp.internal.http.HttpEngine.sendSocketRequest(HttpEngine.java:255)
W/System.err( 1082): 	at com.android.okhttp.internal.http.HttpEngine.sendRequest(HttpEngine.java:206)
W/System.err( 1082): 	at com.android.okhttp.internal.http.HttpURLConnectionImpl.execute(HttpURLConnectionImpl.java:345)
W/System.err( 1082): 	at com.android.okhttp.internal.http.HttpURLConnectionImpl.connect(HttpURLConnectionImpl.java:89)
W/System.err( 1082): 	at b.a.run(HttpRunner.java:190)
W/System.err( 1082): 	at java.util.concurrent.Executors$RunnableAdapter.call(Executors.java:422)
W/System.err( 1082): 	at java.util.concurrent.FutureTask.run(FutureTask.java:237)
W/System.err( 1082): 	at java.util.concurrent.ThreadPoolExecutor.runWorker(ThreadPoolExecutor.java:1112)
W/System.err( 1082): 	at java.util.concurrent.ThreadPoolExecutor$Worker.run(ThreadPoolExecutor.java:587)
W/System.err( 1082): 	at java.lang.Thread.run(Thread.java:841)
W/System.err( 1082): Caused by: libcore.io.ErrnoException: isConnected failed: ETIMEDOUT (Connection timed out)
W/System.err( 1082): 	at libcore.io.IoBridge.isConnected(IoBridge.java:208)
W/System.err( 1082): 	... 18 more
W/System.err( 1082): java.net.SocketTimeoutException: failed to connect to www.okyesmobi.com/13.228.232.113 (port 8081) after 30000ms
W/System.err( 1082): 	at libcore.io.IoBridge.connectErrno(IoBridge.java:159)
W/System.err( 1082): 	at libcore.io.IoBridge.connect(IoBridge.java:112)
W/System.err( 1082): 	at java.net.PlainSocketImpl.connect(PlainSocketImpl.java:192)
W/System.err( 1082): 	at java.net.PlainSocketImpl.connect(PlainSocketImpl.java:459)
W/System.err( 1082): 	at java.net.Socket.connect(Socket.java:843)
W/System.err( 1082): 	at com.android.okhttp.internal.Platform.connectSocket(Platform.java:152)
W/System.err( 1082): 	at com.android.okhttp.Connection.connect(Connection.java:101)
W/System.err( 1082): 	at com.android.okhttp.internal.http.HttpEngine.connect(HttpEngine.java:294)
W/System.err( 1082): 	at com.android.okhttp.internal.http.HttpEngine.sendSocketRequest(HttpEngine.java:255)
W/System.err( 1082): 	at com.android.okhttp.internal.http.HttpEngine.sendRequest(HttpEngine.java:206)
W/System.err( 1082): 	at com.android.okhttp.internal.http.HttpURLConnectionImpl.execute(HttpURLConnectionImpl.java:345)
W/System.err( 1082): 	at com.android.okhttp.internal.http.HttpURLConnectionImpl.connect(HttpURLConnectionImpl.java:89)
W/System.err( 1082): 	at com.android.okhttp.internal.http.HttpURLConnectionImpl.getOutputStream(HttpURLConnectionImpl.java:197)
W/System.err( 1082): 	at an.c.a(XHttpPostS.java:103)
W/System.err( 1082): 	at am.d.doInBackground(CoreGetter.java:48)
W/System.err( 1082): 	at android.os.AsyncTask$2.call(AsyncTask.java:288)
W/System.err( 1082): 	at java.util.concurrent.FutureTask.run(FutureTask.java:237)
W/System.err( 1082): 	at android.os.AsyncTask$SerialExecutor$1.run(AsyncTask.java:231)
W/System.err( 1082): 	at java.util.concurrent.ThreadPoolExecutor.runWorker(ThreadPoolExecutor.java:1112)
W/System.err( 1082): 	at java.util.concurrent.ThreadPoolExecutor$Worker.run(ThreadPoolExecutor.java:587)
W/System.err( 1082): 	at java.lang.Thread.run(Thread.java:841)
W/System.err( 1082): java.net.SocketTimeoutException: failed to connect to www.koapkmobi.com/13.229.16.115 (port 8081) after 60000ms
W/System.err( 1082): 	at libcore.io.IoBridge.connectErrno(IoBridge.java:159)
W/System.err( 1082): 	at libcore.io.IoBridge.connect(IoBridge.java:112)
W/System.err( 1082): 	at java.net.PlainSocketImpl.connect(PlainSocketImpl.java:192)
W/System.err( 1082): 	at java.net.PlainSocketImpl.connect(PlainSocketImpl.java:459)
W/System.err( 1082): 	at java.net.Socket.connect(Socket.java:843)
W/System.err( 1082): 	at com.android.okhttp.internal.Platform.connectSocket(Platform.java:152)
W/System.err( 1082): 	at com.android.okhttp.Connection.connect(Connection.java:101)
W/System.err( 1082): 	at com.android.okhttp.internal.http.HttpEngine.connect(HttpEngine.java:294)
W/System.err( 1082): 	at com.android.okhttp.internal.http.HttpEngine.sendSocketRequest(HttpEngine.java:255)
W/System.err( 1082): 	at com.android.okhttp.internal.http.HttpEngine.sendRequest(HttpEngine.java:206)
W/System.err( 1082): 	at com.android.okhttp.internal.http.HttpURLConnectionImpl.execute(HttpURLConnectionImpl.java:345)
W/System.err( 1082): 	at com.android.okhttp.internal.http.HttpURLConnectionImpl.connect(HttpURLConnectionImpl.java:89)
W/System.err( 1082): 	at b.a.run(HttpRunner.java:190)
W/System.err( 1082): 	at java.util.concurrent.Executors$RunnableAdapter.call(Executors.java:422)
W/System.err( 1082): 	at java.util.concurrent.FutureTask.run(FutureTask.java:237)
W/System.err( 1082): 	at java.util.concurrent.ThreadPoolExecutor.runWorker(ThreadPoolExecutor.java:1112)
W/System.err( 1082): 	at java.util.concurrent.ThreadPoolExecutor$Worker.run(ThreadPoolExecutor.java:587)
W/System.err( 1082): 	at java.lang.Thread.run(Thread.java:841)
W/System.err( 1082): java.net.SocketTimeoutException: failed to connect to www.koapkmobi.com/13.229.16.115 (port 8081) after 60000ms
W/System.err( 1082): 	at libcore.io.IoBridge.connectErrno(IoBridge.java:159)
W/System.err( 1082): 	at libcore.io.IoBridge.connect(IoBridge.java:112)
W/System.err( 1082): 	at java.net.PlainSocketImpl.connect(PlainSocketImpl.java:192)
W/System.err( 1082): 	at java.net.PlainSocketImpl.connect(PlainSocketImpl.java:459)
W/System.err( 1082): 	at java.net.Socket.connect(Socket.java:843)
W/System.err( 1082): 	at com.android.okhttp.internal.Platform.connectSocket(Platform.java:152)
W/System.err( 1082): 	at com.android.okhttp.Connection.connect(Connection.java:101)
W/System.err( 1082): 	at com.android.okhttp.internal.http.HttpEngine.connect(HttpEngine.java:294)
W/System.err( 1082): 	at com.android.okhttp.internal.http.HttpEngine.sendSocketRequest(HttpEngine.java:255)
W/System.err( 1082): 	at com.android.okhttp.internal.http.HttpEngine.sendRequest(HttpEngine.java:206)
W/System.err( 1082): 	at com.android.okhttp.internal.http.HttpURLConnectionImpl.execute(HttpURLConnectionImpl.java:345)
W/System.err( 1082): 	at com.android.okhttp.internal.http.HttpURLConnectionImpl.connect(HttpURLConnectionImpl.java:89)
W/System.err( 1082): 	at b.a.run(HttpRunner.java:190)
W/System.err( 1082): 	at java.util.concurrent.Executors$RunnableAdapter.call(Executors.java:422)
W/System.err( 1082): 	at java.util.concurrent.FutureTask.run(FutureTask.java:237)
W/System.err( 1082): 	at java.util.concurrent.ThreadPoolExecutor.runWorker(ThreadPoolExecutor.java:1112)
W/System.err( 1082): 	at java.util.concurrent.ThreadPoolExecutor$Worker.run(ThreadPoolExecutor.java:587)
W/System.err( 1082): 	at java.lang.Thread.run(Thread.java:841)
