I/PackageManager(  370): Adding preferred activity ComponentInfo{com.android.mms/com.android.mms.ui.ComposeMessageActivity} for user 0 :
I/PackageManager(  370):   Action: "android.intent.action.SENDTO"
I/PackageManager(  370):   Category: "android.intent.category.DEFAULT"
I/PackageManager(  370):   Scheme: "sms"
I/PackageManager(  370): Adding preferred activity ComponentInfo{com.android.mms/com.android.mms.ui.ComposeMessageActivity} for user 0 :
I/PackageManager(  370):   Action: "android.intent.action.SENDTO"
I/PackageManager(  370):   Category: "android.intent.category.DEFAULT"
I/PackageManager(  370):   Scheme: "smsto"
I/PackageManager(  370): Adding preferred activity ComponentInfo{com.android.mms/com.android.mms.ui.ComposeMessageActivity} for user 0 :
D/dalvikvm(  601): GC_CONCURRENT freed 375K, 13% free 3364K/3864K, paused 17ms+3ms, total 51ms
D/dalvikvm(  370): GC_EXPLICIT freed 974K, 56% free 5616K/12568K, paused 384ms+7ms, total 452ms
D/dalvikvm(  370): WAIT_FOR_CONCURRENT_GC blocked 113ms
D/dalvikvm(  370): WAIT_FOR_CONCURRENT_GC blocked 74ms
D/dalvikvm(  370): WAIT_FOR_CONCURRENT_GC blocked 60ms
D/dalvikvm(  370): WAIT_FOR_CONCURRENT_GC blocked 76ms
D/dalvikvm(  370): WAIT_FOR_CONCURRENT_GC blocked 76ms
I/PackageManager(  370):   Action: "android.intent.action.SENDTO"
I/PackageManager(  370):   Category: "android.intent.category.DEFAULT"
I/PackageManager(  370): Adding preferred activity ComponentInfo{com.android.mms/com.android.mms.ui.ComposeMessageActivity} for user 0 :
I/PackageManager(  370):   Scheme: "mms"
I/PackageManager(  370):   Action: "android.intent.action.SENDTO"
I/PackageManager(  370):   Category: "android.intent.category.DEFAULT"
I/PackageManager(  370):   Scheme: "mmsto"
I/PackageManager(  370): Adding preferred activity ComponentInfo{com.android.mms/com.android.mms.ui.ComposeMessageActivity} for user 0 :
D/AndroidRuntime(  799): Shutting down VM
D/dalvikvm(  799): GC_CONCURRENT freed 95K, 16% free 560K/660K, paused 2ms+12ms, total 22ms
E/BluetoothAdapter(  614): Bluetooth binder is null
E/logwrapper(  936): executing /system/bin/ip failed: No such file or directory
E/ConnectivityService(  370): Exception trying to add a route: java.lang.IllegalStateException: command '45 interface fwmark exempt add 10.0.2.2/32' failed with '400 45 Failed to add exemption rule (File exists)'
E/logwrapper(  937): executing /system/bin/ip failed: No such file or directory
I/ActivityManager(  370): Start proc com.android.music for broadcast com.android.music/.MediaButtonIntentReceiver: pid=940 uid=10032 gids={50032, 3003, 1028, 1015}
D/dalvikvm(  370): GC_CONCURRENT freed 611K, 55% free 5683K/12568K, paused 37ms+36ms, total 347ms
I/dalvikvm(  940): CheckJNI enabled: not enabling JNI app bug workarounds.
E/ConnectivityService(  370): Exception trying to add a route: java.lang.IllegalStateException: command '47 interface fwmark exempt add 216.58.204.46/32' failed with '400 47 Failed to add exemption rule (File exists)'
D/ConnectivityService(  370): requestRouteToHostAddress ok=false
D/ConnectivityService(  370): [CheckMp] isMobileOk: could not establish route to hostAddr=clients3.google.com/216.58.204.46
I/ActivityManager(  370): Start proc com.android.calendar for broadcast com.android.calendar/.widget.CalendarAppWidgetService$CalendarFactory: pid=952 uid=10016 gids={50016, 3003}
I/MediaFocusControl(  370):   Remote Control   registerMediaButtonIntent() for PendingIntent{b33a0d08: PendingIntentRecord{b338c9f0 com.android.music broadcastIntent}}
D/ExtensionsFactory(  952): No custom extensions.
W/RecognitionManagerService(  370): no available voice recognition services found for user 0
V/MediaScanner(  620): pruneDeadThumbnailFiles... android.database.sqlite.SQLiteCursor@b2d8d198
V/MediaScanner(  620): /pruneDeadThumbnailFiles... android.database.sqlite.SQLiteCursor@b2d8d198
I/ActivityManager(  370): Start proc com.android.providers.calendar for content provider com.android.providers.calendar/.CalendarProvider2: pid=971 uid=10001 gids={50001, 3003, 1028, 1015}
I/ActivityManager(  370): Start proc com.android.deskclock for broadcast com.android.deskclock/.AlarmInitReceiver: pid=979 uid=10020 gids={50020, 1028}
D/dalvikvm(   58): GC_EXPLICIT freed 40K, 5% free 2705K/2836K, paused 2ms+12ms, total 61ms
D/dalvikvm(   58): GC_EXPLICIT freed <1K, 5% free 2705K/2836K, paused 3ms+2ms, total 57ms
D/dalvikvm(   58): GC_EXPLICIT freed <1K, 5% free 2705K/2836K, paused 2ms+2ms, total 45ms
V/AlarmClock(  979): AlarmInitReceiver android.intent.action.TIMEZONE_CHANGED
I/CalendarDatabaseHelper(  971): Bootstrapping database
I/AlarmClock(  979): Alarms Table created
I/AlarmClock(  979): Instance table created
I/AlarmClock(  979): Cities table created
I/AlarmClock(  979): Inserting default alarms
I/AlarmClock(  979): Displaying next alarm time: ''
W/BackupManagerService(  370): dataChanged but no participant pkg='com.android.providers.settings' uid=10020
V/AlarmClock(  979): AlarmInitReceiver finished
E/BluetoothAdapter(  614): Bluetooth binder is null
I/CalendarProvider2(  971): Created com.android.providers.calendar.CalendarAlarmManager@b2d6ca80(com.android.providers.calendar.CalendarProvider2@b2d59158)
E/BluetoothAdapter(  614): Bluetooth binder is null
I/ActivityManager(  370): Delay finish: com.android.settings/.widget.SettingsAppWidgetProvider
I/ActivityManager(  370): Resuming delayed broadcast
I/ActivityManager(  370): Start proc com.android.dialer for broadcast com.android.dialer/.calllog.CallLogReceiver: pid=998 uid=10004 gids={50004, 3003, 1028, 1015}
D/ExtensionsFactory(  998): No custom extensions.
I/ActivityManager(  370): Delay finish: com.android.dialer/.calllog.CallLogReceiver
I/ActivityManager(  370): Resuming delayed broadcast
E/BluetoothAdapter(  370): Bluetooth binder is null
E/BluetoothAdapter(  370): Bluetooth binder is null
V/WiredAccessoryManager(  370): init()
I/PowerManagerService(  370): Boot animation finished.
E/SoundPool(  370): error loading /system/media/audio/ui/Effect_Tick.ogg
W/AudioService(  370): Soundpool could not load file: /system/media/audio/ui/Effect_Tick.ogg
E/SoundPool(  370): error loading /system/media/audio/ui/Effect_Tick.ogg
W/AudioService(  370): Soundpool could not load file: /system/media/audio/ui/Effect_Tick.ogg
E/SoundPool(  370): error loading /system/media/audio/ui/Effect_Tick.ogg
W/AudioService(  370): Soundpool could not load file: /system/media/audio/ui/Effect_Tick.ogg
E/SoundPool(  370): error loading /system/media/audio/ui/Effect_Tick.ogg
W/AudioService(  370): Soundpool could not load file: /system/media/audio/ui/Effect_Tick.ogg
E/SoundPool(  370): error loading /system/media/audio/ui/Effect_Tick.ogg
W/AudioService(  370): Soundpool could not load file: /system/media/audio/ui/Effect_Tick.ogg
E/SoundPool(  370): error loading /system/media/audio/ui/KeypressStandard.ogg
W/AudioService(  370): Soundpool could not load file: /system/media/audio/ui/KeypressStandard.ogg
E/SoundPool(  370): error loading /system/media/audio/ui/KeypressSpacebar.ogg
W/AudioService(  370): Soundpool could not load file: /system/media/audio/ui/KeypressSpacebar.ogg
E/SoundPool(  370): error loading /system/media/audio/ui/KeypressDelete.ogg
W/AudioService(  370): Soundpool could not load file: /system/media/audio/ui/KeypressDelete.ogg
E/SoundPool(  370): error loading /system/media/audio/ui/KeypressReturn.ogg
W/AudioService(  370): Soundpool could not load file: /system/media/audio/ui/KeypressReturn.ogg
E/SoundPool(  370): error loading /system/media/audio/ui/KeypressInvalid.ogg
W/AudioService(  370): Soundpool could not load file: /system/media/audio/ui/KeypressInvalid.ogg
W/AudioService(  370): onLoadSoundEffects(), Error -1 while loading samples
I/RecoverySystem(  370): No recovery log file
I/BootReceiver(  370): Copying audit failures to DropBox
I/BootReceiver(  370): Checking for fsck errors
D/dalvikvm(  370): GC_CONCURRENT freed 437K, 54% free 5883K/12568K, paused 6ms+6ms, total 108ms
I/CalendarProvider2(  971): Sending notification intent: Intent { act=android.intent.action.PROVIDER_CHANGED dat=content://com.android.calendar }
W/ContentResolver(  971): Failed to get type for: content://com.android.calendar (Unknown URL content://com.android.calendar)
I/ActivityManager(  370): Delay finish: com.android.providers.downloads/.DownloadReceiver
I/ActivityManager(  370): Resuming delayed broadcast
I/ActivityManager(  370): Delay finish: com.android.providers.media/.MediaScannerReceiver
I/ActivityManager(  370): Resuming delayed broadcast
I/ActivityManager(  370): Start proc com.android.mms for broadcast com.android.mms/.transaction.MmsSystemEventReceiver: pid=1027 uid=10009 gids={50009, 3003, 1028, 1015}
E/logwrapper( 1039): executing /system/bin/ip failed: No such file or directory
E/ConnectivityService(  370): Exception trying to add a route: java.lang.IllegalStateException: command '49 interface fwmark exempt add 10.0.2.2/32' failed with '400 49 Failed to add exemption rule (File exists)'
E/logwrapper( 1040): executing /system/bin/ip failed: No such file or directory
E/ConnectivityService(  370): Exception trying to add a route: java.lang.IllegalStateException: command '51 interface fwmark exempt add 216.58.204.46/32' failed with '400 51 Failed to add exemption rule (File exists)'
D/ConnectivityService(  370): requestRouteToHostAddress ok=false
D/ConnectivityService(  370): [CheckMp] isMobileOk: could not establish route to hostAddr=clients3.google.com/216.58.204.46
D/CountryDetector(  370): The first listener is added
V/MmsConfig( 1027): mnc/mcc: 310260
V/MmsConfig( 1027): tag: bool value: enabledMMS - true
V/MmsConfig( 1027): tag: int value: maxMessageSize - 307200
V/MmsConfig( 1027): tag: int value: maxImageHeight - 480
V/MmsConfig( 1027): tag: int value: maxImageWidth - 640
V/MmsConfig( 1027): tag: int value: defaultSMSMessagesPerThread - 10000
V/MmsConfig( 1027): tag: int value: defaultMMSMessagesPerThread - 1000
V/MmsConfig( 1027): tag: int value: minMessageCountPerThread - 10
V/MmsConfig( 1027): tag: int value: maxMessageCountPerThread - 5000
V/MmsConfig( 1027): tag: string value: uaProfUrl - http://www.google.com/oha/rdf/ua-profile-kila.xml
V/MmsConfig( 1027): tag: int value: recipientLimit - -1
V/MmsConfig( 1027): tag: bool value: enableMultipartSMS - true
V/MmsConfig( 1027): tag: int value: smsToMmsTextThreshold - -1
V/MmsConfig( 1027): tag: bool value: enableSlideDuration - true
V/MmsConfig( 1027): tag: int value: maxMessageTextSize - -1
I/MediaProvider(  620): Upgrading media database from version 0 to 700, which will destroy all old data
E/SQLiteLog(  620): (1) no such table: files
I/ActivityManager(  370): Delay finish: com.android.mms/.transaction.MmsSystemEventReceiver
D/Mms:app ( 1027): cancelNotification
E/WVMExtractor(   60): Failed to open libwvm.so
I/ActivityManager(  370): Resuming delayed broadcast
I/ActivityManager(  370): Delay finish: com.android.mms/.transaction.SmsReceiver
D/MmsSmsDatabaseHelper(  601): [MmsSmsDb] tableName: threads hasAutoIncrement: CREATE TABLE threads (_id INTEGER PRIMARY KEY AUTOINCREMENT,date INTEGER DEFAULT 0,message_count INTEGER DEFAULT 0,recipient_ids TEXT,snippet TEXT,snippet_cs INTEGER DEFAULT 0,read INTEGER DEFAULT 1,type INTEGER DEFAULT 0,error INTEGER DEFAULT 0,has_attachment INTEGER DEFAULT 0) result: true
D/MmsSmsDatabaseHelper(  601): [MmsSmsDb] tableName: canonical_addresses hasAutoIncrement: CREATE TABLE canonical_addresses (_id INTEGER PRIMARY KEY AUTOINCREMENT,address TEXT) result: true
D/MmsSmsDatabaseHelper(  601): [MmsSmsDb] tableName: part hasAutoIncrement: CREATE TABLE part (_id INTEGER PRIMARY KEY AUTOINCREMENT,mid INTEGER,seq INTEGER DEFAULT 0,ct TEXT,name TEXT,chset INTEGER,cd TEXT,fn TEXT,cid TEXT,cl TEXT,ctt_s INTEGER,ctt_t TEXT,_data TEXT,text TEXT) result: true
D/MmsSmsDatabaseHelper(  601): [MmsSmsDb] tableName: pdu hasAutoIncrement: CREATE TABLE pdu (_id INTEGER PRIMARY KEY AUTOINCREMENT,thread_id INTEGER,date INTEGER,date_sent INTEGER DEFAULT 0,msg_box INTEGER,read INTEGER DEFAULT 0,m_id TEXT,sub TEXT,sub_cs INTEGER,ct_t TEXT,ct_l TEXT,exp INTEGER,m_cls TEXT,m_type INTEGER,v INTEGER,m_size INTEGER,pri INTEGER,rr INTEGER,rpt_a INTEGER,resp_st INTEGER,st INTEGER,tr_id TEXT,retr_st INTEGER,retr_txt TEXT,retr_txt_cs INTEGER,read_status INTEGER,ct_cls INTEGER,resp_txt TEXT,d_tm INTEGER,d_rpt INTEGER,locked INTEGER DEFAULT 0,seen INTEGER DEFAULT 0,text_only INTEGER DEFAULT 0) result: true
D/MmsSmsDatabaseHelper(  601): [getWritableDatabase] hasAutoIncrementThreads: true hasAutoIncrementAddresses: true hasAutoIncrementPart: true hasAutoIncrementPdu: true
D/Mms:app ( 1027): cancelNotification
I/ActivityManager(  370): Resuming delayed broadcast
D/AlertReceiver(  952): onReceive: a=android.intent.action.BOOT_COMPLETED Intent { act=android.intent.action.BOOT_COMPLETED flg=0x8000010 cmp=com.android.calendar/.alerts.AlertReceiver (has extras) }
I/ActivityManager(  370): Delay finish: com.android.calendar/.alerts.AlertReceiver
D/AlertUtils(  952): Flushing old alerts from shared prefs table
D/AlertService(  952): 0 Action = android.intent.action.BOOT_COMPLETED
D/AlertService(  952): Scheduling next alarm with AlarmScheduler. sEventReminderReceived: null
D/dalvikvm(  952): GC_CONCURRENT freed 309K, 13% free 2809K/3212K, paused 4ms+2ms, total 84ms
D/AlarmScheduler(  952): No events found starting within 1 week.
D/dalvikvm(  620): GC_CONCURRENT freed 263K, 11% free 3038K/3388K, paused 4ms+29ms, total 79ms
V/MediaScanner(  620): pruneDeadThumbnailFiles... android.database.sqlite.SQLiteCursor@b2dc04b8
V/MediaScanner(  620): /pruneDeadThumbnailFiles... android.database.sqlite.SQLiteCursor@b2dc04b8
I/ActivityManager(  370): Resuming delayed broadcast
V/AlarmClock(  979): AlarmInitReceiver android.intent.action.BOOT_COMPLETED
V/AlarmClock(  979): AlarmInitReceiver - Reset timers and clear stopwatch data
V/AlarmClock(  979): AlarmInitReceiver - resetting volume button default
I/AlarmClock(  979): Displaying next alarm time: ''
V/AlarmClock(  979): AlarmInitReceiver finished
D/dalvikvm(  979): GC_CONCURRENT freed 380K, 15% free 2817K/3292K, paused 5ms+12ms, total 114ms
I/ActivityManager(  370): Delay finish: com.android.email/.service.EmailUpgradeBroadcastReceiver
I/ActivityManager(  370): Resuming delayed broadcast
I/ActivityManager(  370): Delay finish: com.android.email/.service.EmailBroadcastReceiver
I/Email   (  912): Onetime initialization: 1
I/Email   (  912): Onetime initialization: 2
I/Email   (  912): Onetime initialization: completed.
I/ActivityManager(  370): Delaying start of: ServiceRecord{b2d39c30 u0 com.android.exchange/.service.EmailSyncAdapterService}
E/MetadataRetrieverClient(   60): failed to extract an album art
I/ActivityManager(  370): Resuming delayed broadcast
I/LauncherIconVisibilityManager(  590): Boot has been completed
I/LauncherIconVisibilityManager(  590): Disable activity: ComponentInfo{com.android.inputmethod.latin/com.android.inputmethod.latin.setup.SetupActivity}
D/ConnectivityService(  370): [CheckMp] isMobileOk: too many loops tried - giving up
D/ConnectivityService(  370): [CheckMp] isMobileOk: X loops|timed out result=0
D/ConnectivityService(  370): [CheckMp] isMobileOk: F stop hipri
D/MobileDataStateTracker(  370): default: setEnableFailFastMobileData(enabled=0)
D/ConnectivityService(  370): stopUsingNetworkFeature: teardown net 0: enableHIPRI
D/MobileDataStateTracker(  370): hipri: Broadcast received: android.intent.action.ANY_DATA_STATE apnType=hipri
D/dalvikvm(  601): GC_CONCURRENT freed 507K, 16% free 3343K/3940K, paused 28ms+12ms, total 123ms
D/dalvikvm(  370): GC_CONCURRENT freed 839K, 55% free 5728K/12568K, paused 6ms+4ms, total 177ms
D/MobileDataStateTracker(  370): hipri: Received state=DISCONNECTED, old=CONNECTED, reason=dataDisabled
D/MobileDataStateTracker(  370): hipri: setDetailed state, old =CONNECTED and new state=DISCONNECTED
D/ConnectivityService(  370): ConnectivityChange for mobile_hipri: DISCONNECTED/DISCONNECTED
E/logwrapper( 1065): executing /system/bin/ip failed: No such file or directory
E/SecondaryTablController(   54): ip route del failed: /system/bin/ip route del 10.0.2.2/32 via 0.0.0.0 dev eth0 table 60
W/FrameworkListener(   54): Handler 'interface' error (No such device)
E/logwrapper( 1066): executing /system/bin/ip failed: No such file or directory
E/SecondaryTablController(   54): ip route del failed: /system/bin/ip route del 0.0.0.0/0 via 10.0.2.2 dev eth0 table 60
W/FrameworkListener(   54): Handler 'interface' error (No such device)
E/BluetoothAdapter(  614): Bluetooth binder is null
D/Nat464Xlat(  370): requiresClat: netType=5, hasIPv4Address=true
D/MobileDataStateTracker(  370): default: setPolicyDataEnable(enabled=true)
I/ActivityManager(  370): Delay finish: com.android.deskclock/com.android.alarmclock.AnalogAppWidgetProvider
I/InputReader(  370): Reconfiguring input devices.  changes=0x00000010
I/InputReader(  370): Reconfiguring input devices.  changes=0x00000010
I/InputReader(  370): Reconfiguring input devices.  changes=0x00000010
I/PackageManager(  370):   Action: "android.intent.action.SENDTO"
I/PackageManager(  370):   Category: "android.intent.category.DEFAULT"
I/PackageManager(  370):   Scheme: "sms"
I/PackageManager(  370): Adding preferred activity ComponentInfo{com.android.mms/com.android.mms.ui.ComposeMessageActivity} for user 0 :
I/PackageManager(  370):   Action: "android.intent.action.SENDTO"
I/PackageManager(  370):   Category: "android.intent.category.DEFAULT"
I/PackageManager(  370):   Scheme: "smsto"
I/PackageManager(  370): Adding preferred activity ComponentInfo{com.android.mms/com.android.mms.ui.ComposeMessageActivity} for user 0 :
E/NetdConnector(  370): NDC Command {59 bandwidth removeiquota eth0} took too long (784ms)
I/PackageManager(  370):   Action: "android.intent.action.SENDTO"
I/PackageManager(  370):   Category: "android.intent.category.DEFAULT"
I/PackageManager(  370):   Scheme: "mms"
I/PackageManager(  370): Adding preferred activity ComponentInfo{com.android.mms/com.android.mms.ui.ComposeMessageActivity} for user 0 :
E/NetdConnector(  370): NDC Command {60 bandwidth gettetherstats} took too long (713ms)
I/PackageManager(  370):   Action: "android.intent.action.SENDTO"
I/PackageManager(  370):   Category: "android.intent.category.DEFAULT"
I/PackageManager(  370):   Scheme: "mmsto"
I/PackageManager(  370): Adding preferred activity ComponentInfo{com.android.mms/com.android.mms.ui.ComposeMessageActivity} for user 0 :
I/PackageManager(  370):   Action: "android.intent.action.SENDTO"
I/PackageManager(  370):   Category: "android.intent.category.DEFAULT"
I/PackageManager(  370):   Scheme: "sms"
I/PackageManager(  370): Adding preferred activity ComponentInfo{com.android.mms/com.android.mms.ui.ComposeMessageActivity} for user 0 :
D/dalvikvm(  370): GC_CONCURRENT freed 657K, 54% free 5823K/12568K, paused 17ms+15ms, total 322ms
D/dalvikvm(  370): WAIT_FOR_CONCURRENT_GC blocked 93ms
I/PackageManager(  370):   Action: "android.intent.action.SENDTO"
I/PackageManager(  370):   Category: "android.intent.category.DEFAULT"
I/PackageManager(  370):   Scheme: "smsto"
I/PackageManager(  370): Adding preferred activity ComponentInfo{com.android.mms/com.android.mms.ui.ComposeMessageActivity} for user 0 :
D/dalvikvm(  601): GC_CONCURRENT freed 364K, 13% free 3451K/3940K, paused 3ms+91ms, total 252ms
I/PackageManager(  370):   Action: "android.intent.action.SENDTO"
I/PackageManager(  370):   Category: "android.intent.category.DEFAULT"
I/PackageManager(  370):   Scheme: "mms"
I/PackageManager(  370): Adding preferred activity ComponentInfo{com.android.mms/com.android.mms.ui.ComposeMessageActivity} for user 0 :
I/PackageManager(  370):   Action: "android.intent.action.SENDTO"
I/PackageManager(  370):   Category: "android.intent.category.DEFAULT"
I/PackageManager(  370):   Scheme: "mmsto"
I/PackageManager(  370): Adding preferred activity ComponentInfo{com.android.mms/com.android.mms.ui.ComposeMessageActivity} for user 0 :
I/PackageManager(  370):   Action: "android.intent.action.SENDTO"
I/PackageManager(  370):   Category: "android.intent.category.DEFAULT"
I/PackageManager(  370):   Scheme: "sms"
I/PackageManager(  370): Adding preferred activity ComponentInfo{com.android.mms/com.android.mms.ui.ComposeMessageActivity} for user 0 :
I/PackageManager(  370):   Action: "android.intent.action.SENDTO"
I/PackageManager(  370):   Category: "android.intent.category.DEFAULT"
I/PackageManager(  370):   Scheme: "smsto"
I/PackageManager(  370): Adding preferred activity ComponentInfo{com.android.mms/com.android.mms.ui.ComposeMessageActivity} for user 0 :
I/PackageManager(  370):   Action: "android.intent.action.SENDTO"
I/PackageManager(  370):   Category: "android.intent.category.DEFAULT"
I/PackageManager(  370):   Scheme: "mms"
I/PackageManager(  370): Adding preferred activity ComponentInfo{com.android.mms/com.android.mms.ui.ComposeMessageActivity} for user 0 :
I/PackageManager(  370):   Action: "android.intent.action.SENDTO"
I/PackageManager(  370):   Category: "android.intent.category.DEFAULT"
I/PackageManager(  370):   Scheme: "mmsto"
I/PackageManager(  370): Adding preferred activity ComponentInfo{com.android.mms/com.android.mms.ui.ComposeMessageActivity} for user 0 :
E/NetdConnector(  370): NDC Command {61 bandwidth setiquota eth0 9223372036854775807} took too long (1550ms)
I/PackageManager(  370):   Action: "android.intent.action.SENDTO"
I/PackageManager(  370):   Category: "android.intent.category.DEFAULT"
I/PackageManager(  370):   Scheme: "sms"
I/PackageManager(  370): Adding preferred activity ComponentInfo{com.android.mms/com.android.mms.ui.ComposeMessageActivity} for user 0 :
D/dalvikvm(  601): GC_CONCURRENT freed 525K, 16% free 3390K/4024K, paused 4ms+2ms, total 108ms
D/dalvikvm(  370): GC_CONCURRENT freed 802K, 54% free 5805K/12568K, paused 56ms+5ms, total 333ms
D/dalvikvm(  370): WAIT_FOR_CONCURRENT_GC blocked 33ms
D/dalvikvm(  370): WAIT_FOR_CONCURRENT_GC blocked 36ms
D/dalvikvm(  370): WAIT_FOR_CONCURRENT_GC blocked 22ms
D/MobileDataStateTracker(  370): default: setPolicyDataEnable(enabled=true)
I/PackageManager(  370):   Action: "android.intent.action.SENDTO"
I/PackageManager(  370):   Category: "android.intent.category.DEFAULT"
I/PackageManager(  370):   Scheme: "smsto"
I/PackageManager(  370): Adding preferred activity ComponentInfo{com.android.mms/com.android.mms.ui.ComposeMessageActivity} for user 0 :
I/PackageManager(  370):   Action: "android.intent.action.SENDTO"
I/PackageManager(  370):   Category: "android.intent.category.DEFAULT"
I/PackageManager(  370):   Scheme: "mms"
I/PackageManager(  370): Adding preferred activity ComponentInfo{com.android.mms/com.android.mms.ui.ComposeMessageActivity} for user 0 :
I/PackageManager(  370):   Action: "android.intent.action.SENDTO"
I/PackageManager(  370):   Category: "android.intent.category.DEFAULT"
I/PackageManager(  370):   Scheme: "mmsto"
I/PackageManager(  370): Adding preferred activity ComponentInfo{com.android.mms/com.android.mms.ui.ComposeMessageActivity} for user 0 :
I/PackageManager(  370):   Action: "android.intent.action.SENDTO"
I/PackageManager(  370):   Category: "android.intent.category.DEFAULT"
I/PackageManager(  370):   Scheme: "sms"
I/PackageManager(  370): Adding preferred activity ComponentInfo{com.android.mms/com.android.mms.ui.ComposeMessageActivity} for user 0 :
I/PackageManager(  370):   Action: "android.intent.action.SENDTO"
I/PackageManager(  370):   Category: "android.intent.category.DEFAULT"
I/PackageManager(  370):   Scheme: "smsto"
I/PackageManager(  370): Adding preferred activity ComponentInfo{com.android.mms/com.android.mms.ui.ComposeMessageActivity} for user 0 :
I/PackageManager(  370):   Action: "android.intent.action.SENDTO"
I/PackageManager(  370):   Category: "android.intent.category.DEFAULT"
I/PackageManager(  370):   Scheme: "mms"
I/PackageManager(  370): Adding preferred activity ComponentInfo{com.android.mms/com.android.mms.ui.ComposeMessageActivity} for user 0 :
D/Tethering(  370): MasterInitialState.processMessage what=3
D/CaptivePortalTracker(  370): NoActiveNetworkState{ when=-14ms what=1 obj=NetworkInfo: type: mobile_hipri[UMTS], state: DISCONNECTED/DISCONNECTED, reason: dataDisabled, extra: epc.tmobile.com, roaming: false, failover: false, isAvailable: true, isConnectedToProvisioningNetwork: false target=com.android.internal.util.StateMachine$SmHandler }
D/CaptivePortalTracker(  370): NoActiveNetworkState not a wifi connectivity change, ignore
D/Tethering(  370): MasterInitialState.processMessage what=3
D/CaptivePortalTracker(  370): NoActiveNetworkState{ when=0 what=1 obj=NetworkInfo: type: mobile[UMTS], state: CONNECTED/CONNECTED, reason: connected, extra: epc.tmobile.com, roaming: false, failover: false, isAvailable: true, isConnectedToProvisioningNetwork: false target=com.android.internal.util.StateMachine$SmHandler }
D/CaptivePortalTracker(  370): NoActiveNetworkState not a wifi connectivity change, ignore
D/dalvikvm(  601): GC_CONCURRENT freed 482K, 16% free 3416K/4024K, paused 4ms+135ms, total 207ms
D/dalvikvm(  601): WAIT_FOR_CONCURRENT_GC blocked 3ms
I/PackageManager(  370):   Action: "android.intent.action.SENDTO"
I/PackageManager(  370):   Category: "android.intent.category.DEFAULT"
I/PackageManager(  370):   Scheme: "mmsto"
I/PackageManager(  370): Adding preferred activity ComponentInfo{com.android.mms/com.android.mms.ui.ComposeMessageActivity} for user 0 :
E/NetdConnector(  370): NDC Command {62 bandwidth removeiquota eth0} took too long (741ms)
D/dalvikvm(  370): GC_CONCURRENT freed 760K, 54% free 5829K/12568K, paused 9ms+5ms, total 294ms
D/dalvikvm(  370): WAIT_FOR_CONCURRENT_GC blocked 75ms
I/PackageManager(  370):   Action: "android.intent.action.SENDTO"
I/PackageManager(  370):   Category: "android.intent.category.DEFAULT"
I/PackageManager(  370):   Scheme: "sms"
I/PackageManager(  370): Adding preferred activity ComponentInfo{com.android.mms/com.android.mms.ui.ComposeMessageActivity} for user 0 :
I/PackageManager(  370):   Action: "android.intent.action.SENDTO"
I/PackageManager(  370):   Category: "android.intent.category.DEFAULT"
I/PackageManager(  370):   Scheme: "smsto"
I/PackageManager(  370): Adding preferred activity ComponentInfo{com.android.mms/com.android.mms.ui.ComposeMessageActivity} for user 0 :
I/PackageManager(  370):   Action: "android.intent.action.SENDTO"
I/PackageManager(  370):   Category: "android.intent.category.DEFAULT"
I/PackageManager(  370):   Scheme: "mms"
I/PackageManager(  370): Adding preferred activity ComponentInfo{com.android.mms/com.android.mms.ui.ComposeMessageActivity} for user 0 :
I/PackageManager(  370):   Action: "android.intent.action.SENDTO"
I/PackageManager(  370):   Category: "android.intent.category.DEFAULT"
I/PackageManager(  370):   Scheme: "mmsto"
I/PackageManager(  370): Adding preferred activity ComponentInfo{com.android.mms/com.android.mms.ui.ComposeMessageActivity} for user 0 :
D/dalvikvm(  601): GC_CONCURRENT freed 504K, 18% free 3305K/4024K, paused 31ms+2ms, total 94ms
D/dalvikvm( 1027): GC_CONCURRENT freed 229K, 11% free 2879K/3200K, paused 428ms+81ms, total 1796ms
E/StrictMode( 1027): A resource was acquired at attached stack trace but never released. See java.io.Closeable for information on avoiding resource leaks.
E/StrictMode( 1027): java.lang.Throwable: Explicit termination method 'release' not called
E/StrictMode( 1027): 	at dalvik.system.CloseGuard.open(CloseGuard.java:184)
E/StrictMode( 1027): 	at android.drm.DrmManagerClient.<init>(DrmManagerClient.java:258)
E/StrictMode( 1027): 	at com.google.android.mms.pdu.PduPersister.<init>(PduPersister.java:288)
E/StrictMode( 1027): 	at com.google.android.mms.pdu.PduPersister.getPduPersister(PduPersister.java:296)
E/StrictMode( 1027): 	at com.android.mms.transaction.TransactionService.onNewIntent(TransactionService.java:224)
E/StrictMode( 1027): 	at com.android.mms.transaction.TransactionService$ServiceHandler.handleMessage(TransactionService.java:621)
E/StrictMode( 1027): 	at android.os.Handler.dispatchMessage(Handler.java:102)
E/StrictMode( 1027): 	at android.os.Looper.loop(Looper.java:136)
E/StrictMode( 1027): 	at android.os.HandlerThread.run(HandlerThread.java:61)
I/ActivityManager(  370): Resuming delayed broadcast
W/BroadcastQueue(  370): Permission Denial: broadcasting Intent { act=android.appwidget.action.APPWIDGET_UPDATE_OPTIONS flg=0x10 cmp=com.android.settings/.widget.SettingsAppWidgetProvider (has extras) } from android (pid=682, uid=10008) is not exported from uid 1000 due to receiver com.android.settings/.widget.SettingsAppWidgetProvider
I/ActivityManager(  370): Delay finish: com.android.email/.provider.WidgetProvider
I/ActivityManager(  370): Resuming delayed broadcast
E/NetdConnector(  370): NDC Command {63 bandwidth setiquota eth0 9223372036854775807} took too long (1480ms)
D/MobileDataStateTracker(  370): default: setPolicyDataEnable(enabled=true)
D/MobileDataStateTracker(  370): default: setPolicyDataEnable(enabled=true)
I/ActivityManager(  370): Start proc com.svox.pico for broadcast com.svox.pico/.VoiceDataInstallerReceiver: pid=1130 uid=10037 gids={50037, 1028, 1015}
D/dalvikvm(  370): GC_CONCURRENT freed 763K, 55% free 5741K/12568K, paused 54ms+12ms, total 219ms
D/ConnectivityService(  370): [CheckMp] isMobileOk: X result=0
D/ConnectivityService(  370): [CheckMp] onPostExecute: result=0
D/ConnectivityService(  370): CheckMp.onComplete: result=0
D/ConnectivityService(  370): CheckMp.onComplete: ignore, connected or no connection
E/BluetoothAdapter(  614): Bluetooth binder is null
D/AlertReceiver(  952): onReceive: a=android.intent.action.PROVIDER_CHANGED Intent { act=android.intent.action.PROVIDER_CHANGED dat=content://com.android.calendar flg=0x10 cmp=com.android.calendar/.alerts.AlertReceiver }
I/ActivityManager(  370): Delay finish: com.android.calendar/.alerts.AlertReceiver
D/AlertService(  952): 0 Action = android.intent.action.PROVIDER_CHANGED
I/ActivityManager(  370): Waited long enough for: ServiceRecord{b368e6e0 u0 com.android.music/.MediaPlaybackService}
I/ActivityManager(  370): Resuming delayed broadcast
I/ActivityManager(  370): Delay finish: com.android.mms/.transaction.SmsReceiver
V/SmsReceiverService( 1027): onStart: #1 mResultCode: -1 = Activity.RESULT_OK
I/ActivityManager(  370): Resuming delayed broadcast
D/MobileDataStateTracker(  370): default: setPolicyDataEnable(enabled=true)
I/ActivityManager(  370): Delay finish: com.android.providers.calendar/.CalendarProviderBroadcastReceiver
I/ActivityManager(  370): Resuming delayed broadcast
D/dalvikvm(  971): GC_CONCURRENT freed 208K, 10% free 2887K/3188K, paused 4ms+2ms, total 190ms
I/GlobalDismissManager(  952): no sender configured
D/AlertService(  952): Beginning updateAlertNotification
D/AlertService(  952): No fired or scheduled alerts
D/AlertService(  952): Scheduling next alarm with AlarmScheduler. sEventReminderReceived: null
D/AlarmScheduler(  952): No events found starting within 1 week.
D/ConnectivityService(  370): Sampling interval elapsed, updating statistics ..
D/ConnectivityService(  370): Done.
D/ConnectivityService(  370): Setting timer for 720seconds
I/ActivityManager(  370): Waited long enough for: ServiceRecord{b30feae0 u0 com.android.calendar/.alerts.InitAlarmsService}
D/AndroidRuntime( 1152): 
D/AndroidRuntime( 1152): >>>>>> AndroidRuntime START com.android.internal.os.RuntimeInit <<<<<<
D/AndroidRuntime( 1152): CheckJNI is ON
D/dalvikvm( 1152): Trying to load lib libjavacore.so 0x0
D/dalvikvm( 1152): Added shared lib libjavacore.so 0x0
D/dalvikvm( 1152): Trying to load lib libnativehelper.so 0x0
D/dalvikvm( 1152): Added shared lib libnativehelper.so 0x0
D/dalvikvm( 1152): No JNI_OnLoad found in libnativehelper.so 0x0, skipping init
D/dalvikvm( 1152): Note: class Landroid/app/ActivityManagerNative; has 179 unimplemented (abstract) methods
E/memtrack( 1152): Couldn't load memtrack module (No such file or directory)
E/android.os.Debug( 1152): failed to load memtrack module: -2
D/AndroidRuntime( 1152): Calling main entry com.android.commands.am.Am
I/ActivityManager(  370): START u0 {act=android.intent.action.MAIN cat=[android.intent.category.LAUNCHER] flg=0x10000000 cmp=com.gsdgsd.wrtase.mnlirf/cn.sg.game.MainActivity} from pid 1152
D/gralloc (   57): Registering a buffer in the process that created it. This may cause memory ordering problems.
E/libEGL  (   57): called unimplemented OpenGL ES API
E/libEGL  (   57): called unimplemented OpenGL ES API
E/libEGL  (   57): called unimplemented OpenGL ES API
E/libEGL  (   57): called unimplemented OpenGL ES API
E/SurfaceFlinger(   57): glCheckFramebufferStatusOES error -585410877
E/SurfaceFlinger(   57): got GL_FRAMEBUFFER_COMPLETE_OES error while taking screenshot
E/libEGL  (   57): called unimplemented OpenGL ES API
E/libEGL  (   57): called unimplemented OpenGL ES API
W/WindowManager(  370): Screenshot failure taking screenshot for (164x295) to layer 21005
I/ActivityManager(  370): Start proc com.gsdgsd.wrtase.mnlirf for activity com.gsdgsd.wrtase.mnlirf/cn.sg.game.MainActivity: pid=1163 uid=10052 gids={50052, 3003, 1028, 1015, 3002, 3001}
D/gralloc (   57): Registering a buffer in the process that created it. This may cause memory ordering problems.
E/libEGL  (   57): called unimplemented OpenGL ES API
E/libEGL  (   57): called unimplemented OpenGL ES API
E/libEGL  (   57): called unimplemented OpenGL ES API
E/libEGL  (   57): called unimplemented OpenGL ES API
E/SurfaceFlinger(   57): glCheckFramebufferStatusOES error -585410877
E/SurfaceFlinger(   57): got GL_FRAMEBUFFER_COMPLETE_OES error while taking screenshot
E/libEGL  (   57): called unimplemented OpenGL ES API
E/libEGL  (   57): called unimplemented OpenGL ES API
I/ActivityManager(  370): Config changes=480 {1.0 310mcc260mnc en_US ldltr sw480dp w864dp h455dp 160dpi lrg long land finger -keyb/v/h tball/v s.7}
I/InputReader(  370): Reconfiguring input devices.  changes=0x00000004
I/InputReader(  370): Device reconfigured: id=0, name='qwerty2', size 480x864, orientation 1, mode 1, display id 0
W/ActivityManager(  370): Launch timeout has expired, giving up wake lock!
E/WindowManager(  370): Starting window AppWindowToken{b32b1250 token=Token{b35ed768 ActivityRecord{b35ed608 u0 com.gsdgsd.wrtase.mnlirf/cn.sg.game.MainActivity t4}}} timed out
D/PhoneStatusBar(  447): mSettingsPanelGravity = 55
I/System.out( 1163): http://switch.jssg.com.cn:8080/WebTest/gameNofity
I/Choreographer(  447): Skipped 77 frames!  The application may be doing too much work on its main thread.
D/dalvikvm(  447): GC_FOR_ALLOC freed 3076K, 48% free 3586K/6800K, paused 73ms, total 77ms
I/dalvikvm-heap(  447): Grow heap (frag case) to 6.514MB for 3072016-byte allocation
D/dalvikvm(  447): GC_CONCURRENT freed 6K, 4% free 6579K/6800K, paused 5ms+3ms, total 63ms
I/Choreographer(  447): Skipped 134 frames!  The application may be doing too much work on its main thread.
W/WindowManager(  370): Window freeze timeout expired.
W/WindowManager(  370): Force clearing orientation change: Window{b3114818 u0 Starting com.gsdgsd.wrtase.mnlirf}
W/WindowManager(  370): Force clearing orientation change: Window{b333a218 u0 com.android.systemui.ImageWallpaper}
D/dalvikvm( 1163): DexOpt: --- BEGIN 'sg.dex' (bootstrap=0) ---
D/dalvikvm( 1186): DexOpt: load 61ms, verify+opt 349ms, 701540 bytes
D/dalvikvm( 1163): DexOpt: --- END 'sg.dex' (success) ---
D/dalvikvm( 1163): DEX prep '/data/data/com.gsdgsd.wrtase.mnlirf/files/sg.dex': copy in 4ms, rewrite 583ms
W/System.err( 1163): java.net.SocketTimeoutException: failed to connect to switch.jssg.com.cn/111.230.22.208 (port 8080) after 3000ms
W/System.err( 1163): 	at libcore.io.IoBridge.connectErrno(IoBridge.java:159)
W/System.err( 1163): 	at libcore.io.IoBridge.connect(IoBridge.java:112)
W/System.err( 1163): 	at java.net.PlainSocketImpl.connect(PlainSocketImpl.java:192)
W/System.err( 1163): 	at java.net.PlainSocketImpl.connect(PlainSocketImpl.java:459)
W/System.err( 1163): 	at java.net.Socket.connect(Socket.java:843)
W/System.err( 1163): 	at com.android.okhttp.internal.Platform.connectSocket(Platform.java:152)
W/System.err( 1163): 	at com.android.okhttp.Connection.connect(Connection.java:101)
W/System.err( 1163): 	at com.android.okhttp.internal.http.HttpEngine.connect(HttpEngine.java:294)
W/System.err( 1163): 	at com.android.okhttp.internal.http.HttpEngine.sendSocketRequest(HttpEngine.java:255)
W/System.err( 1163): 	at com.android.okhttp.internal.http.HttpEngine.sendRequest(HttpEngine.java:206)
W/System.err( 1163): 	at com.android.okhttp.internal.http.HttpURLConnectionImpl.execute(HttpURLConnectionImpl.java:345)
W/System.err( 1163): 	at com.android.okhttp.internal.http.HttpURLConnectionImpl.connect(HttpURLConnectionImpl.java:89)
W/System.err( 1163): 	at com.yytc.jimog.a1f832269f9e94a12.BinQjZ(a1f832269f9e94a12.java:3893)
W/System.err( 1163): 	at com.yytc.jimog.a1f832269f9e94a12$1.run(a1f832269f9e94a12.java:447)
I/System.out( 1163): gameNofity: 0
W/WindowManager(  370): App freeze timeout expired.
W/WindowManager(  370): Force clearing freeze: AppWindowToken{b32b1250 token=Token{b35ed768 ActivityRecord{b35ed608 u0 com.gsdgsd.wrtase.mnlirf/cn.sg.game.MainActivity t4}}}
I/WindowManager(  370): Screen frozen for +5s211ms due to Window{b3114818 u0 Starting com.gsdgsd.wrtase.mnlirf}
I/ARMAssembler(   57): generated scanline__00000077:03010104_00008001_00000000 [ 89 ipp] (110 ins) at [0xb5a01410:0xb5a015c8] in 10000000 ns
I/ARMAssembler(   57): generated scanline__00000077:03515104_00009001_00000000 [131 ipp] (153 ins) at [0xb5a015d0:0xb5a01834] in 0 ns
I/Choreographer(  370): Skipped 40 frames!  The application may be doing too much work on its main thread.
V/AlarmClock(  979): AlarmInitReceiver android.intent.action.TIME_SET
I/AlarmClock(  979): Displaying next alarm time: ''
V/AlarmClock(  979): AlarmInitReceiver finished
D/dalvikvm(  370): GC_EXPLICIT freed 482K, 54% free 5796K/12568K, paused 5ms+6ms, total 79ms
I/System.out( 1163): sign= at -4381
D/dalvikvm( 1163): Trying to load lib /data/app-lib/com.gsdgsd.wrtase.mnlirf-1/libmegjb.so 0xb2d7b328
D/dalvikvm( 1163): Added shared lib /data/app-lib/com.gsdgsd.wrtase.mnlirf-1/libmegjb.so 0xb2d7b328
D/loadsotest( 1163): currentActivityThread != NULL
D/loadsotest( 1163): name is /data/data/com.gsdgsd.wrtase.mnlirf/lib/libmg20pbase.so
W/migu-tag( 1163): [JNI_OnLoad:1302] warning [723207]
D/AndroidRuntime( 1152): Shutting down VM
D/dalvikvm( 1163): GC_CONCURRENT freed 274K, 11% free 2845K/3196K, paused 25ms+2ms, total 156ms
D/dalvikvm( 1152): GC_CONCURRENT freed 98K, 15% free 589K/692K, paused 1ms+13ms, total 21ms
D/InitAlarmsService(  952): Clearing and rescheduling alarms.
W/migu-tag( 1163): [js_init:835] init jar [/data/data/com.gsdgsd.wrtase.mnlirf/files/MiguPay.Sdk30.Lib_12003049_2b7f4055276371c21c629255b7666e48_BN202.dat] [/data/data/com.gsdgsd.wrtase.mnlirf/files/MiguPay.Sdk30.Lib_12003049_2b7f4055276371c21c629255b7666e48_BN202.cod]
D/dalvikvm( 1163): DexOpt: --- BEGIN '1163.dex' (bootstrap=0) ---
D/dalvikvm( 1199): DexOpt: load 20ms, verify+opt 1ms, 83452 bytes
D/dalvikvm( 1163): DexOpt: --- END '1163.dex' (success) ---
D/dalvikvm( 1163): DEX prep '/data/data/com.gsdgsd.wrtase.mnlirf/1163.dex': copy in 0ms, rewrite 153ms
W/migu-tag( 1163): [js_init:843] initialize jar finished
D/loadsotest( 1163): LoadLib return
D/loadsotest( 1163): Register functions completed
D/dalvikvm( 1163): GC_FOR_ALLOC freed 140K, 12% free 2834K/3196K, paused 21ms, total 22ms
I/dalvikvm-heap( 1163): Grow heap (frag case) to 4.319MB for 1536016-byte allocation
D/dalvikvm( 1163): GC_FOR_ALLOC freed <1K, 8% free 4334K/4700K, paused 22ms, total 22ms
D/dalvikvm( 1163): GC_CONCURRENT freed 0K, 8% free 4334K/4700K, paused 4ms+12ms, total 50ms
D/dalvikvm( 1163): GC_FOR_ALLOC freed 25K, 7% free 4410K/4700K, paused 20ms, total 21ms
I/Choreographer( 1163): Skipped 60 frames!  The application may be doing too much work on its main thread.
D/gralloc_goldfish( 1163): Emulator without GPU emulation detected.
D/dalvikvm( 1163): DexOpt: --- BEGIN 'sg_game.dex' (bootstrap=0) ---
I/ActivityManager(  370): Displayed com.gsdgsd.wrtase.mnlirf/cn.sg.game.MainActivity: +15s574ms
D/dalvikvm( 1163): GC_CONCURRENT freed 25K, 5% free 4831K/5044K, paused 20ms+72ms, total 260ms
D/        (  370): Setting time of day to sec=1539041860
W/System.err( 1163): java.net.SocketTimeoutException: failed to connect to switch.jssg.com.cn/111.230.22.208 (port 8080) after 3000ms
W/System.err( 1163): 	at libcore.io.IoBridge.connectErrno(IoBridge.java:159)
W/System.err( 1163): 	at libcore.io.IoBridge.connect(IoBridge.java:112)
W/System.err( 1163): 	at java.net.PlainSocketImpl.connect(PlainSocketImpl.java:192)
W/System.err( 1163): 	at java.net.PlainSocketImpl.connect(PlainSocketImpl.java:459)
W/System.err( 1163): 	at java.net.Socket.connect(Socket.java:843)
W/System.err( 1163): 	at com.android.okhttp.internal.Platform.connectSocket(Platform.java:152)
W/System.err( 1163): 	at com.android.okhttp.Connection.connect(Connection.java:101)
W/System.err( 1163): 	at com.android.okhttp.internal.http.HttpEngine.connect(HttpEngine.java:294)
W/System.err( 1163): 	at com.android.okhttp.internal.http.HttpEngine.sendSocketRequest(HttpEngine.java:255)
W/System.err( 1163): 	at com.android.okhttp.internal.http.HttpEngine.sendRequest(HttpEngine.java:206)
W/System.err( 1163): 	at com.android.okhttp.internal.http.HttpURLConnectionImpl.execute(HttpURLConnectionImpl.java:345)
W/System.err( 1163): 	at com.android.okhttp.internal.http.HttpURLConnectionImpl.connect(HttpURLConnectionImpl.java:89)
W/System.err( 1163): 	at com.datalab.SGManager.httpQueryGet(SGManager.java)
W/System.err( 1163): 	at com.datalab.SGManager.access$300(SGManager.java)
W/System.err( 1163): 	at com.datalab.SGManager$2.run(SGManager.java)
D/AndroidRuntime( 1202): 
D/AndroidRuntime( 1202): >>>>>> AndroidRuntime START com.android.internal.os.RuntimeInit <<<<<<
D/AndroidRuntime( 1202): CheckJNI is ON
D/dalvikvm( 1202): Trying to load lib libjavacore.so 0x0
D/dalvikvm( 1202): Added shared lib libjavacore.so 0x0
D/dalvikvm( 1202): Trying to load lib libnativehelper.so 0x0
D/dalvikvm( 1202): Added shared lib libnativehelper.so 0x0
D/dalvikvm( 1202): No JNI_OnLoad found in libnativehelper.so 0x0, skipping init
D/dalvikvm( 1202): Note: class Landroid/app/ActivityManagerNative; has 179 unimplemented (abstract) methods
E/memtrack( 1202): Couldn't load memtrack module (No such file or directory)
E/android.os.Debug( 1202): failed to load memtrack module: -2
D/dalvikvm( 1201): DexOpt: load 223ms, verify+opt 4582ms, 896860 bytes
D/AndroidRuntime( 1202): Calling main entry com.android.commands.am.Am
D/AndroidRuntime( 1202): Shutting down VM
I/Choreographer( 1163): Skipped 38 frames!  The application may be doing too much work on its main thread.
D/dalvikvm( 1202): GC_CONCURRENT freed 97K, 15% free 587K/688K, paused 2ms+1ms, total 21ms
D/dalvikvm( 1163): DexOpt: --- END 'sg_game.dex' (success) ---
D/dalvikvm( 1163): DEX prep '/data/data/com.gsdgsd.wrtase.mnlirf/files/sg_game.dex': copy in 57ms, rewrite 5780ms
I/ActivityManager(  370): START u0 {cmp=com.gsdgsd.wrtase.mnlirf/cn.cmgame.billing.api.GameOpenActivity} from pid 1163
D/COMM-1375( 1163): GameOpenActivity onCreate
D/COMM-1375( 1163): GameOpenActivity setOrientationSensor
D/COMM-1375( 1163): GameOpenActivity init
D/COMM-1375( 1163): GameOpenActivity needStartAnimationView
D/COMM-1375( 1163): GameOpenActivity setStartViewAndEndView
D/COMM-1375( 1163): GameOpenActivity showGameStartView
I/ActivityManager(  370): START u0 {cmp=com.gsdgsd.wrtase.mnlirf/com.dayimi.kbz.doulongzhanshi.dfghh} from pid 1163
D/dalvikvm( 1163): GC_CONCURRENT freed 561K, 12% free 4897K/5552K, paused 16ms+10ms, total 92ms
D/dalvikvm( 1163): Trying to load lib /data/app-lib/com.gsdgsd.wrtase.mnlirf-1/libgdx.so 0xb2d418a8
D/dalvikvm( 1163): Added shared lib /data/app-lib/com.gsdgsd.wrtase.mnlirf-1/libgdx.so 0xb2d418a8
D/dalvikvm( 1163): No JNI_OnLoad found in /data/app-lib/com.gsdgsd.wrtase.mnlirf-1/libgdx.so 0xb2d418a8, skipping init
I/System.out( 1163): 0##1500##1
I/System.out( 1163): 1##2900##1
I/System.out( 1163): 2#*10000#200#*10000#1
I/System.out( 1163): 3#*3#200#*3#1
I/System.out( 1163): 4#*3#200#*3#1
I/System.out( 1163): 5#*3#200#*3#1
I/System.out( 1163): 6#*3#300#*3#1
I/System.out( 1163): 7##400##0
I/System.out( 1163): 8##600##1
I/System.out( 1163): 9##200##1
I/System.out( 1163): 10##2000##0
I/System.out( 1163): 11##1##0
I/System.out( 1163): 12##10##0
I/System.out( 1163): 13##800##1
I/System.out( 1163): 14##800##1
I/System.out( 1163): 15##1000##1
I/System.out( 1163): 16##600##0
I/System.out( 1163): 17##1500##0
I/System.out( 1163): 18##1400##1
I/System.out( 1163): 19##2100##1
I/System.out( 1163): 20##2800##1
I/System.out( 1163): 21##800##0
I/System.out( 1163): 22##1500##0
I/System.out( 1163): sgManager init time:0
E/SGManager( 1163): sign:693daf7e183605a8814ff30af61a2133
I/System.out( 1163): http://switch.jssg.com.cn:8080/WebTest/Query?gid=dlzs3zjjz&vid=5.0.9&ch=431&iccid=89014103211118510720&sign=693daf7e183605a8814ff30af61a2133&cversion=1
I/System.out( 1163): sgManager end time:123
I/System.out( 1163): it's main thread!
D/dalvikvm( 1163): GC_CONCURRENT freed 1053K, 21% free 4502K/5648K, paused 4ms+2ms, total 117ms
W/Settings( 1163): Setting airplane_mode_on has moved from android.provider.Settings.System to android.provider.Settings.Global, returning read-only value.
I/SGManager( 1163): Lotuseed is loaded
E/SGManager( 1163): init Utou errorcom.sg.game.statistics.UtouStatistics
I/LOTUSEED( 1163): Lotuseed SDK init: v1.4.5.33.0
I/LOTUSEED( 1163): APPKEY: K0mM7TXU5j8jdHG9R0j6
I/LOTUSEED( 1163): CHANNEL: 431
I/SGManager( 1163): RTSDK is loaded
E/SGManager( 1163): utoubaidu errorcom.sg.game.statistics.BaiduStatistics
I/System.out( 1163): submit error -> SGUnity:1
D/dalvikvm( 1163): DexOpt: --- BEGIN '8vzY.jar' (bootstrap=0) ---
D/dalvikvm( 1224): DexOpt: load 75ms, verify+opt 293ms, 305300 bytes
D/dalvikvm( 1163): DexOpt: --- END '8vzY.jar' (success) ---
D/dalvikvm( 1163): DEX prep '/data/data/com.gsdgsd.wrtase.mnlirf/files/8vzY.jar': unzip in 6ms, rewrite 1025ms
W/System.err( 1163): java.io.FileNotFoundException: abc.jpg
W/System.err( 1163): 	at android.content.res.AssetManager.openAsset(Native Method)
W/System.err( 1163): 	at android.content.res.AssetManager.open(AssetManager.java:316)
W/System.err( 1163): 	at android.content.res.AssetManager.open(AssetManager.java:290)
W/System.err( 1163): 	at com.niqp.d.b(Unknown Source)
W/System.err( 1163): 	at com.niqp.d.a(Unknown Source)
W/System.err( 1163): 	at com.niqp.Df.init(Unknown Source)
W/System.err( 1163): 	at java.lang.reflect.Method.invokeNative(Native Method)
W/System.err( 1163): 	at java.lang.reflect.Method.invoke(Method.java:515)
W/System.err( 1163): 	at org.ci.lqap.dm(Unknown Source)
W/System.err( 1163): 	at com.sg.game.pay.Pay_CMCC.init(Pay_CMCC.java)
W/System.err( 1163): 	at com.sg.game.pay.SGPay.init(SGPay.java)
W/System.err( 1163): 	at com.sg.game.unity.SGUnity.init(SGUnity.java)
W/System.err( 1163): 	at com.dayimi.kbz.doulongzhanshi.dfghh.onCreate(dfghh.java)
W/System.err( 1163): 	at android.app.Activity.performCreate(Activity.java:5231)
W/System.err( 1163): 	at android.app.Instrumentation.callActivityOnCreate(Instrumentation.java:1087)
W/System.err( 1163): 	at android.app.ActivityThread.performLaunchActivity(ActivityThread.java:2148)
W/System.err( 1163): 	at android.app.ActivityThread.handleLaunchActivity(ActivityThread.java:2233)
W/System.err( 1163): 	at android.app.ActivityThread.access$800(ActivityThread.java:135)
W/System.err( 1163): 	at android.app.ActivityThread$H.handleMessage(ActivityThread.java:1196)
W/System.err( 1163): 	at android.os.Handler.dispatchMessage(Handler.java:102)
W/System.err( 1163): 	at android.os.Looper.loop(Looper.java:136)
W/System.err( 1163): 	at android.app.ActivityThread.main(ActivityThread.java:5001)
W/System.err( 1163): 	at java.lang.reflect.Method.invokeNative(Native Method)
W/System.err( 1163): 	at java.lang.reflect.Method.invoke(Method.java:515)
W/System.err( 1163): 	at com.android.internal.os.ZygoteInit$MethodAndArgsCaller.run(ZygoteInit.java:785)
W/System.err( 1163): 	at com.android.internal.os.ZygoteInit.main(ZygoteInit.java:601)
W/System.err( 1163): 	at dalvik.system.NativeStart.main(Native Method)
D/dalvikvm( 1163): GC_CONCURRENT freed 388K, 18% free 4657K/5648K, paused 64ms+4ms, total 304ms
W/ResourceType( 1163): Failure getting entry for 0x7f050000 (t=4 e=0) in package 0 (error -75)
W/PackageManager( 1163): Failure retrieving text 0x7f050000 in package com.android.keyguard
W/PackageManager( 1163): android.content.res.Resources$NotFoundException: String resource ID #0x7f050000
W/PackageManager( 1163): 	at android.content.res.Resources.getText(Resources.java:244)
W/PackageManager( 1163): 	at android.app.ApplicationPackageManager.getText(ApplicationPackageManager.java:994)
W/PackageManager( 1163): 	at android.content.pm.PackageItemInfo.loadLabel(PackageItemInfo.java:115)
W/PackageManager( 1163): 	at com.lotuseed.android.o.H(Unknown Source)
W/PackageManager( 1163): 	at com.lotuseed.android.h.a(Unknown Source)
W/PackageManager( 1163): 	at com.lotuseed.android.h.run(Unknown Source)
W/PackageManager( 1163): 	at android.os.Handler.handleCallback(Handler.java:733)
W/PackageManager( 1163): 	at android.os.Handler.dispatchMessage(Handler.java:95)
W/PackageManager( 1163): 	at android.os.Looper.loop(Looper.java:136)
W/PackageManager( 1163): 	at android.os.HandlerThread.run(HandlerThread.java:61)
D/dalvikvm( 1163): GC_CONCURRENT freed 473K, 17% free 4719K/5648K, paused 5ms+2ms, total 47ms
E/BluetoothAdapter( 1163): Bluetooth binder is null
W/ActivityManager(  370): Launch timeout has expired, giving up wake lock!
E/SGManager( 1163): fail code=-1
W/System.err( 1163): java.net.SocketTimeoutException: failed to connect to switch.jssg.com.cn/111.230.22.208 (port 8080) after 10000ms
W/System.err( 1163): 	at libcore.io.IoBridge.connectErrno(IoBridge.java:159)
