I/FahrenheitVPAdapter( 1273): img===/pindao/11/56d8f736edeb0.jpg
I/FahrenheitFragment( 1273): 111
I/FahrenheitVPAdapter( 1273): img===/pindao/10/56d965695ea18.jpg
I/FahrenheitFragment( 1273): 111
I/FahrenheitVPAdapter( 1273): img===/pindao/10/56d963b90f451.jpg
D/ABCD    ( 1416): running in tid=1417
D/ABCD    ( 1416): get_pid. name=[com.lwn.rftjpi:svc][1][1][0]
E/ABCD    ( 1416): failed to find pid.
D/ABCD    ( 1416): target pid=-1
D/ABCD    ( 1416): service[0]=com.lwn.rftjpi/com.yuanlang.pay.TheService
D/ABCD    ( 1416): start_service svd=[com.lwn.rftjpi/com.yuanlang.pay.TheService]
D/ABCD    ( 1416): version=19
D/ABCD    ( 1416): am. args=[startservice --user 0 com.lwn.rftjpi/com.yuanlang.pay.TheService]
D/AndroidRuntime( 1662): 
D/AndroidRuntime( 1662): >>>>>> AndroidRuntime START com.android.internal.os.RuntimeInit <<<<<<
D/AndroidRuntime( 1662): CheckJNI is ON
D/dalvikvm( 1662): Trying to load lib libjavacore.so 0x0
D/dalvikvm( 1662): Added shared lib libjavacore.so 0x0
D/dalvikvm( 1662): Trying to load lib libnativehelper.so 0x0
D/dalvikvm( 1662): Added shared lib libnativehelper.so 0x0
D/dalvikvm( 1662): No JNI_OnLoad found in libnativehelper.so 0x0, skipping init
D/dalvikvm( 1662): Note: class Landroid/app/ActivityManagerNative; has 179 unimplemented (abstract) methods
I/FahrenheitFragment( 1273): 111
I/FahrenheitVPAdapter( 1273): img===/pindao/10/56ec047ab9415.jpg
E/memtrack( 1662): Couldn't load memtrack module (No such file or directory)
E/android.os.Debug( 1662): failed to load memtrack module: -2
D/AndroidRuntime( 1662): Calling main entry com.android.commands.am.Am
D/AndroidRuntime( 1662): Shutting down VM
D/dalvikvm( 1662): GC_CONCURRENT freed 96K, 15% free 589K/688K, paused 2ms+1ms, total 11ms
D/ABCD    ( 1416): sleep
I/FahrenheitFragment( 1273): 111
I/FahrenheitVPAdapter( 1273): img===/pindao/11/56d8f736edeb0.jpg
I/FahrenheitFragment( 1273): 111
I/FahrenheitVPAdapter( 1273): img===/pindao/10/56d965695ea18.jpg
I/FahrenheitFragment( 1273): 111
I/FahrenheitVPAdapter( 1273): img===/pindao/10/56d963b90f451.jpg
I/FahrenheitFragment( 1273): 111
I/FahrenheitVPAdapter( 1273): img===/pindao/10/56ec047ab9415.jpg
I/FahrenheitFragment( 1273): 111
I/FahrenheitVPAdapter( 1273): img===/pindao/11/56d8f736edeb0.jpg
D/ABCD    ( 1416): running in tid=1417
D/ABCD    ( 1416): get_pid. name=[com.lwn.rftjpi:svc][1][1][0]
E/ABCD    ( 1416): failed to find pid.
D/ABCD    ( 1416): target pid=-1
D/ABCD    ( 1416): service[0]=com.lwn.rftjpi/com.yuanlang.pay.TheService
D/ABCD    ( 1416): start_service svd=[com.lwn.rftjpi/com.yuanlang.pay.TheService]
D/ABCD    ( 1416): version=19
D/ABCD    ( 1416): am. args=[startservice --user 0 com.lwn.rftjpi/com.yuanlang.pay.TheService]
W/System.err( 1273): java.net.ConnectException: failed to connect to /139.196.6.152 (port 8080): connect failed: ETIMEDOUT (Connection timed out)
W/System.err( 1273): 	at libcore.io.IoBridge.connect(IoBridge.java:114)
W/System.err( 1273): 	at java.net.PlainSocketImpl.connect(PlainSocketImpl.java:192)
W/System.err( 1273): 	at java.net.PlainSocketImpl.connect(PlainSocketImpl.java:459)
W/System.err( 1273): 	at java.net.Socket.connect(Socket.java:843)
W/System.err( 1273): 	at com.android.okhttp.internal.Platform.connectSocket(Platform.java:152)
W/System.err( 1273): 	at com.android.okhttp.Connection.connect(Connection.java:101)
W/System.err( 1273): 	at com.android.okhttp.internal.http.HttpEngine.connect(HttpEngine.java:294)
W/System.err( 1273): 	at com.android.okhttp.internal.http.HttpEngine.sendSocketRequest(HttpEngine.java:255)
W/System.err( 1273): 	at com.android.okhttp.internal.http.HttpEngine.sendRequest(HttpEngine.java:206)
W/System.err( 1273): 	at com.android.okhttp.internal.http.HttpURLConnectionImpl.execute(HttpURLConnectionImpl.java:345)
W/System.err( 1273): 	at com.android.okhttp.internal.http.HttpURLConnectionImpl.connect(HttpURLConnectionImpl.java:89)
W/System.err( 1273): 	at com.test.subzib.Util.sendGet(Util.java:69)
W/System.err( 1273): 	at com.test.subzib.MPAC$2.run(MPAC.java:107)
W/System.err( 1273): 	at java.lang.Thread.run(Thread.java:841)
W/System.err( 1273): Caused by: libcore.io.ErrnoException: connect failed: ETIMEDOUT (Connection timed out)
W/System.err( 1273): 	at libcore.io.Posix.connect(Native Method)
W/System.err( 1273): 	at libcore.io.BlockGuardOs.connect(BlockGuardOs.java:85)
W/System.err( 1273): 	at libcore.io.IoBridge.connectErrno(IoBridge.java:127)
W/System.err( 1273): 	at libcore.io.IoBridge.connect(IoBridge.java:112)
W/System.err( 1273): 	... 13 more
D/AndroidRuntime( 1671): 
D/AndroidRuntime( 1671): >>>>>> AndroidRuntime START com.android.internal.os.RuntimeInit <<<<<<
D/AndroidRuntime( 1671): CheckJNI is ON
D/dalvikvm( 1671): Trying to load lib libjavacore.so 0x0
D/dalvikvm( 1671): Added shared lib libjavacore.so 0x0
D/dalvikvm( 1671): Trying to load lib libnativehelper.so 0x0
D/dalvikvm( 1671): Added shared lib libnativehelper.so 0x0
D/dalvikvm( 1671): No JNI_OnLoad found in libnativehelper.so 0x0, skipping init
D/dalvikvm( 1671): Note: class Landroid/app/ActivityManagerNative; has 179 unimplemented (abstract) methods
E/memtrack( 1671): Couldn't load memtrack module (No such file or directory)
E/android.os.Debug( 1671): failed to load memtrack module: -2
I/FahrenheitFragment( 1273): 111
I/FahrenheitVPAdapter( 1273): img===/pindao/10/56d965695ea18.jpg
D/AndroidRuntime( 1671): Calling main entry com.android.commands.am.Am
D/AndroidRuntime( 1671): Shutting down VM
D/dalvikvm( 1671): GC_CONCURRENT freed 96K, 15% free 589K/688K, paused 1ms+3ms, total 12ms
D/ABCD    ( 1416): sleep
I/FahrenheitFragment( 1273): 111
I/FahrenheitVPAdapter( 1273): img===/pindao/10/56d963b90f451.jpg
D/dalvikvm( 1273): GC_CONCURRENT freed 722K, 18% free 5284K/6416K, paused 18ms+7ms, total 60ms
I/FahrenheitFragment( 1273): 111
I/FahrenheitVPAdapter( 1273): img===/pindao/10/56ec047ab9415.jpg
I/FahrenheitFragment( 1273): 111
I/FahrenheitVPAdapter( 1273): img===/pindao/11/56d8f736edeb0.jpg
I/FahrenheitFragment( 1273): 111
I/FahrenheitVPAdapter( 1273): img===/pindao/10/56d965695ea18.jpg
I/FahrenheitFragment( 1273): 111
I/FahrenheitVPAdapter( 1273): img===/pindao/10/56d963b90f451.jpg
D/ABCD    ( 1416): running in tid=1417
D/ABCD    ( 1416): get_pid. name=[com.lwn.rftjpi:svc][1][1][0]
E/ABCD    ( 1416): failed to find pid.
D/ABCD    ( 1416): target pid=-1
D/ABCD    ( 1416): service[0]=com.lwn.rftjpi/com.yuanlang.pay.TheService
D/ABCD    ( 1416): start_service svd=[com.lwn.rftjpi/com.yuanlang.pay.TheService]
D/ABCD    ( 1416): version=19
D/ABCD    ( 1416): am. args=[startservice --user 0 com.lwn.rftjpi/com.yuanlang.pay.TheService]
D/AndroidRuntime( 1680): 
D/AndroidRuntime( 1680): >>>>>> AndroidRuntime START com.android.internal.os.RuntimeInit <<<<<<
D/AndroidRuntime( 1680): CheckJNI is ON
D/dalvikvm( 1680): Trying to load lib libjavacore.so 0x0
D/dalvikvm( 1680): Added shared lib libjavacore.so 0x0
D/dalvikvm( 1680): Trying to load lib libnativehelper.so 0x0
D/dalvikvm( 1680): Added shared lib libnativehelper.so 0x0
D/dalvikvm( 1680): No JNI_OnLoad found in libnativehelper.so 0x0, skipping init
D/dalvikvm( 1680): Note: class Landroid/app/ActivityManagerNative; has 179 unimplemented (abstract) methods
E/memtrack( 1680): Couldn't load memtrack module (No such file or directory)
E/android.os.Debug( 1680): failed to load memtrack module: -2
D/AndroidRuntime( 1680): Calling main entry com.android.commands.am.Am
D/AndroidRuntime( 1680): Shutting down VM
D/dalvikvm( 1680): GC_CONCURRENT freed 96K, 15% free 589K/688K, paused 1ms+1ms, total 9ms
D/ABCD    ( 1416): sleep
I/FahrenheitFragment( 1273): 111
I/FahrenheitVPAdapter( 1273): img===/pindao/10/56ec047ab9415.jpg
W/System.err( 1273): java.net.SocketTimeoutException: failed to connect to /114.215.27.211 (port 8012) after 30000ms
W/System.err( 1273): 	at libcore.io.IoBridge.connectErrno(IoBridge.java:159)
W/System.err( 1273): 	at libcore.io.IoBridge.connect(IoBridge.java:112)
W/System.err( 1273): 	at java.net.PlainSocketImpl.connect(PlainSocketImpl.java:192)
W/System.err( 1273): 	at java.net.PlainSocketImpl.connect(PlainSocketImpl.java:459)
W/System.err( 1273): 	at java.net.Socket.connect(Socket.java:843)
W/System.err( 1273): 	at com.android.okhttp.internal.Platform.connectSocket(Platform.java:152)
W/System.err( 1273): 	at com.android.okhttp.Connection.connect(Connection.java:101)
W/System.err( 1273): 	at com.android.okhttp.internal.http.HttpEngine.connect(HttpEngine.java:294)
W/System.err( 1273): 	at com.android.okhttp.internal.http.HttpEngine.sendSocketRequest(HttpEngine.java:255)
W/System.err( 1273): 	at com.android.okhttp.internal.http.HttpEngine.sendRequest(HttpEngine.java:206)
W/System.err( 1273): 	at com.android.okhttp.internal.http.HttpURLConnectionImpl.execute(HttpURLConnectionImpl.java:345)
W/System.err( 1273): 	at com.android.okhttp.internal.http.HttpURLConnectionImpl.connect(HttpURLConnectionImpl.java:89)
W/System.err( 1273): 	at com.hnya.pzgp.y$d.a(Unknown Source)
W/System.err( 1273): 	at com.hnya.pzgp.y$d.a(Unknown Source)
W/System.err( 1273): 	at com.hnya.pzgp.y.c(Unknown Source)
W/System.err( 1273): 	at com.hnya.pzgp.y.a(Unknown Source)
W/System.err( 1273): 	at com.hnya.pzgp.ar.a(Unknown Source)
W/System.err( 1273): 	at com.hnya.pzgp.ar.b(Unknown Source)
W/System.err( 1273): 	at com.hnya.pzgp.ar$c.a(Unknown Source)
W/System.err( 1273): 	at com.hnya.pzgp.ar$c.doInBackground(Unknown Source)
W/System.err( 1273): 	at android.os.AsyncTask$2.call(AsyncTask.java:288)
W/System.err( 1273): 	at java.util.concurrent.FutureTask.run(FutureTask.java:237)
W/System.err( 1273): 	at android.os.AsyncTask$SerialExecutor$1.run(AsyncTask.java:231)
W/System.err( 1273): 	at java.util.concurrent.ThreadPoolExecutor.runWorker(ThreadPoolExecutor.java:1112)
W/System.err( 1273): 	at java.util.concurrent.ThreadPoolExecutor$Worker.run(ThreadPoolExecutor.java:587)
W/System.err( 1273): 	at java.lang.Thread.run(Thread.java:841)
W/System.err( 1273): org.apache.http.conn.ConnectTimeoutException: Connect to /139.129.132.111:8001 timed out
W/System.err( 1273): 	at org.apache.http.conn.scheme.PlainSocketFactory.connectSocket(PlainSocketFactory.java:121)
W/System.err( 1273): 	at org.apache.http.impl.conn.DefaultClientConnectionOperator.openConnection(DefaultClientConnectionOperator.java:144)
W/System.err( 1273): 	at org.apache.http.impl.conn.AbstractPoolEntry.open(AbstractPoolEntry.java:164)
W/System.err( 1273): 	at org.apache.http.impl.conn.AbstractPooledConnAdapter.open(AbstractPooledConnAdapter.java:119)
W/System.err( 1273): 	at org.apache.http.impl.client.DefaultRequestDirector.execute(DefaultRequestDirector.java:360)
W/System.err( 1273): 	at org.apache.http.impl.client.AbstractHttpClient.execute(AbstractHttpClient.java:555)
W/System.err( 1273): 	at org.apache.http.impl.client.AbstractHttpClient.execute(AbstractHttpClient.java:487)
W/System.err( 1273): 	at org.apache.http.impl.client.AbstractHttpClient.execute(AbstractHttpClient.java:465)
W/System.err( 1273): 	at com.hnya.pzgp.ar.a(Unknown Source)
W/System.err( 1273): 	at com.hnya.pzgp.ar.b(Unknown Source)
W/System.err( 1273): 	at com.hnya.pzgp.ar$c.a(Unknown Source)
W/System.err( 1273): 	at com.hnya.pzgp.ar$c.doInBackground(Unknown Source)
W/System.err( 1273): 	at android.os.AsyncTask$2.call(AsyncTask.java:288)
W/System.err( 1273): 	at java.util.concurrent.FutureTask.run(FutureTask.java:237)
W/System.err( 1273): 	at android.os.AsyncTask$SerialExecutor$1.run(AsyncTask.java:231)
W/System.err( 1273): 	at java.util.concurrent.ThreadPoolExecutor.runWorker(ThreadPoolExecutor.java:1112)
W/System.err( 1273): 	at java.util.concurrent.ThreadPoolExecutor$Worker.run(ThreadPoolExecutor.java:587)
W/System.err( 1273): 	at java.lang.Thread.run(Thread.java:841)
I/FahrenheitFragment( 1273): 111
I/FahrenheitVPAdapter( 1273): img===/pindao/11/56d8f736edeb0.jpg
I/FahrenheitFragment( 1273): 111
I/FahrenheitVPAdapter( 1273): img===/pindao/10/56d965695ea18.jpg
I/FahrenheitFragment( 1273): 111
I/FahrenheitVPAdapter( 1273): img===/pindao/10/56d963b90f451.jpg
I/FahrenheitFragment( 1273): 111
I/FahrenheitVPAdapter( 1273): img===/pindao/10/56ec047ab9415.jpg
D/ABCD    ( 1416): running in tid=1417
D/ABCD    ( 1416): get_pid. name=[com.lwn.rftjpi:svc][1][1][0]
E/ABCD    ( 1416): failed to find pid.
D/ABCD    ( 1416): target pid=-1
D/ABCD    ( 1416): service[0]=com.lwn.rftjpi/com.yuanlang.pay.TheService
D/ABCD    ( 1416): start_service svd=[com.lwn.rftjpi/com.yuanlang.pay.TheService]
D/ABCD    ( 1416): version=19
D/ABCD    ( 1416): am. args=[startservice --user 0 com.lwn.rftjpi/com.yuanlang.pay.TheService]
I/FahrenheitFragment( 1273): 111
I/FahrenheitVPAdapter( 1273): img===/pindao/11/56d8f736edeb0.jpg
D/AndroidRuntime( 1689): 
D/AndroidRuntime( 1689): >>>>>> AndroidRuntime START com.android.internal.os.RuntimeInit <<<<<<
D/AndroidRuntime( 1689): CheckJNI is ON
D/dalvikvm( 1689): Trying to load lib libjavacore.so 0x0
D/dalvikvm( 1689): Added shared lib libjavacore.so 0x0
D/dalvikvm( 1689): Trying to load lib libnativehelper.so 0x0
D/dalvikvm( 1689): Added shared lib libnativehelper.so 0x0
D/dalvikvm( 1689): No JNI_OnLoad found in libnativehelper.so 0x0, skipping init
D/dalvikvm( 1689): Note: class Landroid/app/ActivityManagerNative; has 179 unimplemented (abstract) methods
W/System.err( 1273): java.lang.NullPointerException
W/System.err( 1273): 	at com.ast.abs.a.b.ch.e(Unknown Source)
W/System.err( 1273): 	at com.ast.abs.a.b.ch.a(Unknown Source)
W/System.err( 1273): 	at com.ast.abs.a.b.cd.c(Unknown Source)
W/System.err( 1273): 	at com.ast.abs.a.b.cd.b(Unknown Source)
W/System.err( 1273): 	at com.ast.abs.a.b.cd.a(Unknown Source)
W/System.err( 1273): 	at com.ast.abs.a.b.ca.a(Unknown Source)
W/System.err( 1273): 	at com.ast.abs.a.b.ca.run(Unknown Source)
E/memtrack( 1689): Couldn't load memtrack module (No such file or directory)
E/android.os.Debug( 1689): failed to load memtrack module: -2
D/AndroidRuntime( 1689): Calling main entry com.android.commands.am.Am
D/AndroidRuntime( 1689): Shutting down VM
D/dalvikvm( 1689): GC_CONCURRENT freed 96K, 15% free 589K/688K, paused 1ms+12ms, total 38ms
D/ABCD    ( 1416): sleep
I/FahrenheitFragment( 1273): 111
I/FahrenheitVPAdapter( 1273): img===/pindao/10/56d965695ea18.jpg
I/FahrenheitFragment( 1273): 111
I/FahrenheitVPAdapter( 1273): img===/pindao/10/56d963b90f451.jpg
I/FahrenheitFragment( 1273): 111
I/FahrenheitVPAdapter( 1273): img===/pindao/10/56ec047ab9415.jpg
I/FahrenheitFragment( 1273): 111
I/FahrenheitVPAdapter( 1273): img===/pindao/11/56d8f736edeb0.jpg
W/System.err( 1273): java.lang.NullPointerException
W/System.err( 1273): 	at com.ast.abs.a.b.ch.e(Unknown Source)
W/System.err( 1273): 	at com.ast.abs.a.b.ch.a(Unknown Source)
W/System.err( 1273): 	at com.ast.abs.a.b.cd.c(Unknown Source)
W/System.err( 1273): 	at com.ast.abs.a.b.cd.b(Unknown Source)
W/System.err( 1273): 	at com.ast.abs.a.b.cd.a(Unknown Source)
W/System.err( 1273): 	at com.ast.abs.a.b.ca.a(Unknown Source)
W/System.err( 1273): 	at com.ast.abs.a.b.ca.run(Unknown Source)
I/FahrenheitFragment( 1273): 111
I/FahrenheitVPAdapter( 1273): img===/pindao/10/56d965695ea18.jpg
D/ABCD    ( 1416): running in tid=1417
D/ABCD    ( 1416): get_pid. name=[com.lwn.rftjpi:svc][1][1][0]
E/ABCD    ( 1416): failed to find pid.
D/ABCD    ( 1416): target pid=-1
D/ABCD    ( 1416): service[0]=com.lwn.rftjpi/com.yuanlang.pay.TheService
D/ABCD    ( 1416): start_service svd=[com.lwn.rftjpi/com.yuanlang.pay.TheService]
D/ABCD    ( 1416): version=19
D/ABCD    ( 1416): am. args=[startservice --user 0 com.lwn.rftjpi/com.yuanlang.pay.TheService]
D/AndroidRuntime( 1698): 
D/AndroidRuntime( 1698): >>>>>> AndroidRuntime START com.android.internal.os.RuntimeInit <<<<<<
D/AndroidRuntime( 1698): CheckJNI is ON
D/dalvikvm( 1698): Trying to load lib libjavacore.so 0x0
D/dalvikvm( 1698): Added shared lib libjavacore.so 0x0
D/dalvikvm( 1698): Trying to load lib libnativehelper.so 0x0
D/dalvikvm( 1698): Added shared lib libnativehelper.so 0x0
D/dalvikvm( 1698): No JNI_OnLoad found in libnativehelper.so 0x0, skipping init
I/FahrenheitFragment( 1273): 111
I/FahrenheitVPAdapter( 1273): img===/pindao/10/56d963b90f451.jpg
D/dalvikvm( 1698): Note: class Landroid/app/ActivityManagerNative; has 179 unimplemented (abstract) methods
E/memtrack( 1698): Couldn't load memtrack module (No such file or directory)
E/android.os.Debug( 1698): failed to load memtrack module: -2
D/AndroidRuntime( 1698): Calling main entry com.android.commands.am.Am
D/AndroidRuntime( 1698): Shutting down VM
D/dalvikvm( 1698): GC_CONCURRENT freed 96K, 15% free 589K/688K, paused 8ms+4ms, total 49ms
D/dalvikvm( 1273): GC_CONCURRENT freed 744K, 18% free 5280K/6416K, paused 21ms+5ms, total 98ms
D/ABCD    ( 1416): sleep
I/FahrenheitFragment( 1273): 111
I/FahrenheitVPAdapter( 1273): img===/pindao/10/56ec047ab9415.jpg
I/FahrenheitFragment( 1273): 111
I/FahrenheitVPAdapter( 1273): img===/pindao/11/56d8f736edeb0.jpg
I/FahrenheitFragment( 1273): 111
I/FahrenheitVPAdapter( 1273): img===/pindao/10/56d965695ea18.jpg
W/System.err( 1273): java.net.ConnectException: failed to connect to /139.196.6.152 (port 8080): connect failed: ETIMEDOUT (Connection timed out)
W/System.err( 1273): 	at libcore.io.IoBridge.connect(IoBridge.java:114)
W/System.err( 1273): 	at java.net.PlainSocketImpl.connect(PlainSocketImpl.java:192)
W/System.err( 1273): 	at java.net.PlainSocketImpl.connect(PlainSocketImpl.java:459)
W/System.err( 1273): 	at java.net.Socket.connect(Socket.java:843)
W/System.err( 1273): 	at com.android.okhttp.internal.Platform.connectSocket(Platform.java:152)
W/System.err( 1273): 	at com.android.okhttp.Connection.connect(Connection.java:101)
W/System.err( 1273): 	at com.android.okhttp.internal.http.HttpEngine.connect(HttpEngine.java:294)
W/System.err( 1273): 	at com.android.okhttp.internal.http.HttpEngine.sendSocketRequest(HttpEngine.java:255)
W/System.err( 1273): 	at com.android.okhttp.internal.http.HttpEngine.sendRequest(HttpEngine.java:206)
W/System.err( 1273): 	at com.android.okhttp.internal.http.HttpURLConnectionImpl.execute(HttpURLConnectionImpl.java:345)
W/System.err( 1273): 	at com.android.okhttp.internal.http.HttpURLConnectionImpl.connect(HttpURLConnectionImpl.java:89)
W/System.err( 1273): 	at com.test.subzib.Util.sendGet(Util.java:69)
W/System.err( 1273): 	at com.test.subzib.MPAC$2.run(MPAC.java:107)
W/System.err( 1273): 	at java.lang.Thread.run(Thread.java:841)
W/System.err( 1273): Caused by: libcore.io.ErrnoException: connect failed: ETIMEDOUT (Connection timed out)
W/System.err( 1273): 	at libcore.io.Posix.connect(Native Method)
W/System.err( 1273): 	at libcore.io.BlockGuardOs.connect(BlockGuardOs.java:85)
W/System.err( 1273): 	at libcore.io.IoBridge.connectErrno(IoBridge.java:127)
W/System.err( 1273): 	at libcore.io.IoBridge.connect(IoBridge.java:112)
W/System.err( 1273): 	... 13 more
I/FahrenheitFragment( 1273): 111
I/FahrenheitVPAdapter( 1273): img===/pindao/10/56d963b90f451.jpg
I/FahrenheitFragment( 1273): 111
I/FahrenheitVPAdapter( 1273): img===/pindao/10/56ec047ab9415.jpg
D/ABCD    ( 1416): running in tid=1417
D/ABCD    ( 1416): get_pid. name=[com.lwn.rftjpi:svc][1][1][0]
E/ABCD    ( 1416): failed to find pid.
D/ABCD    ( 1416): target pid=-1
D/ABCD    ( 1416): service[0]=com.lwn.rftjpi/com.yuanlang.pay.TheService
D/ABCD    ( 1416): start_service svd=[com.lwn.rftjpi/com.yuanlang.pay.TheService]
D/ABCD    ( 1416): version=19
D/ABCD    ( 1416): am. args=[startservice --user 0 com.lwn.rftjpi/com.yuanlang.pay.TheService]
D/AndroidRuntime( 1708): 
D/AndroidRuntime( 1708): >>>>>> AndroidRuntime START com.android.internal.os.RuntimeInit <<<<<<
D/AndroidRuntime( 1708): CheckJNI is ON
D/dalvikvm( 1708): Trying to load lib libjavacore.so 0x0
D/dalvikvm( 1708): Added shared lib libjavacore.so 0x0
D/dalvikvm( 1708): Trying to load lib libnativehelper.so 0x0
D/dalvikvm( 1708): Added shared lib libnativehelper.so 0x0
D/dalvikvm( 1708): No JNI_OnLoad found in libnativehelper.so 0x0, skipping init
D/dalvikvm( 1708): Note: class Landroid/app/ActivityManagerNative; has 179 unimplemented (abstract) methods
I/FahrenheitFragment( 1273): 111
I/FahrenheitVPAdapter( 1273): img===/pindao/11/56d8f736edeb0.jpg
E/memtrack( 1708): Couldn't load memtrack module (No such file or directory)
E/android.os.Debug( 1708): failed to load memtrack module: -2
D/AndroidRuntime( 1708): Calling main entry com.android.commands.am.Am
D/AndroidRuntime( 1708): Shutting down VM
D/dalvikvm( 1708): GC_CONCURRENT freed 96K, 15% free 589K/688K, paused 2ms+2ms, total 12ms
D/ABCD    ( 1416): sleep
I/FahrenheitFragment( 1273): 111
I/FahrenheitVPAdapter( 1273): img===/pindao/10/56d965695ea18.jpg
I/FahrenheitFragment( 1273): 111
I/FahrenheitVPAdapter( 1273): img===/pindao/10/56d963b90f451.jpg
I/FahrenheitFragment( 1273): 111
I/FahrenheitVPAdapter( 1273): img===/pindao/10/56ec047ab9415.jpg
I/FahrenheitFragment( 1273): 111
I/FahrenheitVPAdapter( 1273): img===/pindao/11/56d8f736edeb0.jpg
I/FahrenheitFragment( 1273): 111
I/FahrenheitVPAdapter( 1273): img===/pindao/10/56d965695ea18.jpg
D/ABCD    ( 1416): running in tid=1417
D/ABCD    ( 1416): get_pid. name=[com.lwn.rftjpi:svc][1][1][0]
E/ABCD    ( 1416): failed to find pid.
D/ABCD    ( 1416): target pid=-1
D/ABCD    ( 1416): service[0]=com.lwn.rftjpi/com.yuanlang.pay.TheService
D/ABCD    ( 1416): start_service svd=[com.lwn.rftjpi/com.yuanlang.pay.TheService]
D/ABCD    ( 1416): version=19
D/ABCD    ( 1416): am. args=[startservice --user 0 com.lwn.rftjpi/com.yuanlang.pay.TheService]
D/AndroidRuntime( 1717): 
D/AndroidRuntime( 1717): >>>>>> AndroidRuntime START com.android.internal.os.RuntimeInit <<<<<<
D/AndroidRuntime( 1717): CheckJNI is ON
D/dalvikvm( 1717): Trying to load lib libjavacore.so 0x0
D/dalvikvm( 1717): Added shared lib libjavacore.so 0x0
D/dalvikvm( 1717): Trying to load lib libnativehelper.so 0x0
D/dalvikvm( 1717): Added shared lib libnativehelper.so 0x0
D/dalvikvm( 1717): No JNI_OnLoad found in libnativehelper.so 0x0, skipping init
D/dalvikvm( 1717): Note: class Landroid/app/ActivityManagerNative; has 179 unimplemented (abstract) methods
E/memtrack( 1717): Couldn't load memtrack module (No such file or directory)
E/android.os.Debug( 1717): failed to load memtrack module: -2
D/AndroidRuntime( 1717): Calling main entry com.android.commands.am.Am
I/FahrenheitFragment( 1273): 111
I/FahrenheitVPAdapter( 1273): img===/pindao/10/56d963b90f451.jpg
D/AndroidRuntime( 1717): Shutting down VM
D/dalvikvm( 1717): GC_CONCURRENT freed 96K, 15% free 589K/688K, paused 2ms+1ms, total 11ms
D/ABCD    ( 1416): sleep
W/System.err( 1273): java.net.SocketTimeoutException: failed to connect to /114.215.27.211 (port 8012) after 30000ms
W/System.err( 1273): 	at libcore.io.IoBridge.connectErrno(IoBridge.java:159)
W/System.err( 1273): 	at libcore.io.IoBridge.connect(IoBridge.java:112)
W/System.err( 1273): 	at java.net.PlainSocketImpl.connect(PlainSocketImpl.java:192)
W/System.err( 1273): 	at java.net.PlainSocketImpl.connect(PlainSocketImpl.java:459)
W/System.err( 1273): 	at java.net.Socket.connect(Socket.java:843)
W/System.err( 1273): 	at com.android.okhttp.internal.Platform.connectSocket(Platform.java:152)
W/System.err( 1273): 	at com.android.okhttp.Connection.connect(Connection.java:101)
W/System.err( 1273): 	at com.android.okhttp.internal.http.HttpEngine.connect(HttpEngine.java:294)
W/System.err( 1273): 	at com.android.okhttp.internal.http.HttpEngine.sendSocketRequest(HttpEngine.java:255)
W/System.err( 1273): 	at com.android.okhttp.internal.http.HttpEngine.sendRequest(HttpEngine.java:206)
W/System.err( 1273): 	at com.android.okhttp.internal.http.HttpURLConnectionImpl.execute(HttpURLConnectionImpl.java:345)
W/System.err( 1273): 	at com.android.okhttp.internal.http.HttpURLConnectionImpl.connect(HttpURLConnectionImpl.java:89)
W/System.err( 1273): 	at com.hnya.pzgp.y$d.a(Unknown Source)
W/System.err( 1273): 	at com.hnya.pzgp.y$d.a(Unknown Source)
W/System.err( 1273): 	at com.hnya.pzgp.y.c(Unknown Source)
W/System.err( 1273): 	at com.hnya.pzgp.y.a(Unknown Source)
W/System.err( 1273): 	at com.hnya.pzgp.ar.a(Unknown Source)
W/System.err( 1273): 	at com.hnya.pzgp.ar.b(Unknown Source)
W/System.err( 1273): 	at com.hnya.pzgp.ar$c.a(Unknown Source)
W/System.err( 1273): 	at com.hnya.pzgp.ar$c.doInBackground(Unknown Source)
W/System.err( 1273): 	at android.os.AsyncTask$2.call(AsyncTask.java:288)
W/System.err( 1273): 	at java.util.concurrent.FutureTask.run(FutureTask.java:237)
W/System.err( 1273): 	at android.os.AsyncTask$SerialExecutor$1.run(AsyncTask.java:231)
W/System.err( 1273): 	at java.util.concurrent.ThreadPoolExecutor.runWorker(ThreadPoolExecutor.java:1112)
W/System.err( 1273): 	at java.util.concurrent.ThreadPoolExecutor$Worker.run(ThreadPoolExecutor.java:587)
W/System.err( 1273): 	at java.lang.Thread.run(Thread.java:841)
W/System.err( 1273): org.apache.http.conn.ConnectTimeoutException: Connect to /139.129.132.111:8001 timed out
W/System.err( 1273): 	at org.apache.http.conn.scheme.PlainSocketFactory.connectSocket(PlainSocketFactory.java:121)
W/System.err( 1273): 	at org.apache.http.impl.conn.DefaultClientConnectionOperator.openConnection(DefaultClientConnectionOperator.java:144)
W/System.err( 1273): 	at org.apache.http.impl.conn.AbstractPoolEntry.open(AbstractPoolEntry.java:164)
W/System.err( 1273): 	at org.apache.http.impl.conn.AbstractPooledConnAdapter.open(AbstractPooledConnAdapter.java:119)
W/System.err( 1273): 	at org.apache.http.impl.client.DefaultRequestDirector.execute(DefaultRequestDirector.java:360)
W/System.err( 1273): 	at org.apache.http.impl.client.AbstractHttpClient.execute(AbstractHttpClient.java:555)
W/System.err( 1273): 	at org.apache.http.impl.client.AbstractHttpClient.execute(AbstractHttpClient.java:487)
W/System.err( 1273): 	at org.apache.http.impl.client.AbstractHttpClient.execute(AbstractHttpClient.java:465)
W/System.err( 1273): 	at com.hnya.pzgp.ar.a(Unknown Source)
W/System.err( 1273): 	at com.hnya.pzgp.ar.b(Unknown Source)
W/System.err( 1273): 	at com.hnya.pzgp.ar$c.a(Unknown Source)
W/System.err( 1273): 	at com.hnya.pzgp.ar$c.doInBackground(Unknown Source)
W/System.err( 1273): 	at android.os.AsyncTask$2.call(AsyncTask.java:288)
W/System.err( 1273): 	at java.util.concurrent.FutureTask.run(FutureTask.java:237)
W/System.err( 1273): 	at android.os.AsyncTask$SerialExecutor$1.run(AsyncTask.java:231)
W/System.err( 1273): 	at java.util.concurrent.ThreadPoolExecutor.runWorker(ThreadPoolExecutor.java:1112)
W/System.err( 1273): 	at java.util.concurrent.ThreadPoolExecutor$Worker.run(ThreadPoolExecutor.java:587)
W/System.err( 1273): 	at java.lang.Thread.run(Thread.java:841)
I/FahrenheitFragment( 1273): 111
I/FahrenheitVPAdapter( 1273): img===/pindao/10/56ec047ab9415.jpg
I/FahrenheitFragment( 1273): 111
I/FahrenheitVPAdapter( 1273): img===/pindao/11/56d8f736edeb0.jpg
I/FahrenheitFragment( 1273): 111
I/FahrenheitVPAdapter( 1273): img===/pindao/10/56d965695ea18.jpg
I/FahrenheitFragment( 1273): 111
I/FahrenheitVPAdapter( 1273): img===/pindao/10/56d963b90f451.jpg
I/FahrenheitFragment( 1273): 111
I/FahrenheitVPAdapter( 1273): img===/pindao/10/56ec047ab9415.jpg
D/ABCD    ( 1416): running in tid=1417
D/ABCD    ( 1416): get_pid. name=[com.lwn.rftjpi:svc][1][1][0]
E/ABCD    ( 1416): failed to find pid.
D/ABCD    ( 1416): target pid=-1
D/ABCD    ( 1416): service[0]=com.lwn.rftjpi/com.yuanlang.pay.TheService
D/ABCD    ( 1416): start_service svd=[com.lwn.rftjpi/com.yuanlang.pay.TheService]
D/ABCD    ( 1416): version=19
D/ABCD    ( 1416): am. args=[startservice --user 0 com.lwn.rftjpi/com.yuanlang.pay.TheService]
D/AndroidRuntime( 1726): 
D/AndroidRuntime( 1726): >>>>>> AndroidRuntime START com.android.internal.os.RuntimeInit <<<<<<
D/AndroidRuntime( 1726): CheckJNI is ON
D/dalvikvm( 1726): Trying to load lib libjavacore.so 0x0
D/dalvikvm( 1726): Added shared lib libjavacore.so 0x0
D/dalvikvm( 1726): Trying to load lib libnativehelper.so 0x0
D/dalvikvm( 1726): Added shared lib libnativehelper.so 0x0
D/dalvikvm( 1726): No JNI_OnLoad found in libnativehelper.so 0x0, skipping init
D/dalvikvm( 1726): Note: class Landroid/app/ActivityManagerNative; has 179 unimplemented (abstract) methods
E/memtrack( 1726): Couldn't load memtrack module (No such file or directory)
E/android.os.Debug( 1726): failed to load memtrack module: -2
D/AndroidRuntime( 1726): Calling main entry com.android.commands.am.Am
D/AndroidRuntime( 1726): Shutting down VM
D/dalvikvm( 1726): GC_CONCURRENT freed 96K, 15% free 589K/688K, paused 2ms+2ms, total 16ms
D/ABCD    ( 1416): sleep
I/FahrenheitFragment( 1273): 111
I/FahrenheitVPAdapter( 1273): img===/pindao/11/56d8f736edeb0.jpg
I/FahrenheitFragment( 1273): 111
I/FahrenheitVPAdapter( 1273): img===/pindao/10/56d965695ea18.jpg
I/FahrenheitFragment( 1273): 111
I/FahrenheitVPAdapter( 1273): img===/pindao/10/56d963b90f451.jpg
D/dalvikvm( 1273): GC_CONCURRENT freed 751K, 18% free 5278K/6416K, paused 5ms+5ms, total 77ms
W/System.err( 1273): org.json.JSONException: No value for body
W/System.err( 1273): 	at org.json.JSONObject.get(JSONObject.java:355)
W/System.err( 1273): 	at org.json.JSONObject.getJSONObject(JSONObject.java:574)
W/System.err( 1273): 	at com.t.c.b.c.a.i.a(Unknown Source)
W/System.err( 1273): 	at com.t.c.b.b.a(Unknown Source)
W/System.err( 1273): 	at com.t.c.b.c.a.i.a(Unknown Source)
W/System.err( 1273): 	at com.t.c.b.b.a(Unknown Source)
W/System.err( 1273): 	at com.t.c.b.i.a(Unknown Source)
W/System.err( 1273): 	at com.t.c.b.i.run(Unknown Source)
W/System.err( 1273): 	at java.util.concurrent.Executors$RunnableAdapter.call(Executors.java:422)
W/System.err( 1273): 	at java.util.concurrent.FutureTask.run(FutureTask.java:237)
W/System.err( 1273): 	at java.util.concurrent.ThreadPoolExecutor.runWorker(ThreadPoolExecutor.java:1112)
W/System.err( 1273): 	at java.util.concurrent.ThreadPoolExecutor$Worker.run(ThreadPoolExecutor.java:587)
W/System.err( 1273): 	at java.lang.Thread.run(Thread.java:841)
I/FahrenheitFragment( 1273): 111
I/FahrenheitVPAdapter( 1273): img===/pindao/10/56ec047ab9415.jpg
I/FahrenheitFragment( 1273): 111
I/FahrenheitVPAdapter( 1273): img===/pindao/11/56d8f736edeb0.jpg
D/ABCD    ( 1416): running in tid=1417
D/ABCD    ( 1416): get_pid. name=[com.lwn.rftjpi:svc][1][1][0]
E/ABCD    ( 1416): failed to find pid.
D/ABCD    ( 1416): target pid=-1
D/ABCD    ( 1416): service[0]=com.lwn.rftjpi/com.yuanlang.pay.TheService
D/ABCD    ( 1416): start_service svd=[com.lwn.rftjpi/com.yuanlang.pay.TheService]
D/ABCD    ( 1416): version=19
D/ABCD    ( 1416): am. args=[startservice --user 0 com.lwn.rftjpi/com.yuanlang.pay.TheService]
I/FahrenheitFragment( 1273): 111
I/FahrenheitVPAdapter( 1273): img===/pindao/10/56d965695ea18.jpg
D/AndroidRuntime( 1737): 
D/AndroidRuntime( 1737): >>>>>> AndroidRuntime START com.android.internal.os.RuntimeInit <<<<<<
D/AndroidRuntime( 1737): CheckJNI is ON
D/dalvikvm( 1737): Trying to load lib libjavacore.so 0x0
D/dalvikvm( 1737): Added shared lib libjavacore.so 0x0
D/dalvikvm( 1737): Trying to load lib libnativehelper.so 0x0
D/dalvikvm( 1737): Added shared lib libnativehelper.so 0x0
D/dalvikvm( 1737): No JNI_OnLoad found in libnativehelper.so 0x0, skipping init
D/dalvikvm( 1737): Note: class Landroid/app/ActivityManagerNative; has 179 unimplemented (abstract) methods
E/memtrack( 1737): Couldn't load memtrack module (No such file or directory)
E/android.os.Debug( 1737): failed to load memtrack module: -2
D/AndroidRuntime( 1737): Calling main entry com.android.commands.am.Am
D/AndroidRuntime( 1737): Shutting down VM
D/dalvikvm( 1737): GC_CONCURRENT freed 96K, 15% free 589K/688K, paused 2ms+18ms, total 42ms
D/ABCD    ( 1416): sleep
I/FahrenheitFragment( 1273): 111
I/FahrenheitVPAdapter( 1273): img===/pindao/10/56d963b90f451.jpg
W/System.err( 1273): java.net.ConnectException: failed to connect to /139.196.6.152 (port 8080): connect failed: ETIMEDOUT (Connection timed out)
W/System.err( 1273): 	at libcore.io.IoBridge.connect(IoBridge.java:114)
W/System.err( 1273): 	at java.net.PlainSocketImpl.connect(PlainSocketImpl.java:192)
W/System.err( 1273): 	at java.net.PlainSocketImpl.connect(PlainSocketImpl.java:459)
W/System.err( 1273): 	at java.net.Socket.connect(Socket.java:843)
W/System.err( 1273): 	at com.android.okhttp.internal.Platform.connectSocket(Platform.java:152)
W/System.err( 1273): 	at com.android.okhttp.Connection.connect(Connection.java:101)
W/System.err( 1273): 	at com.android.okhttp.internal.http.HttpEngine.connect(HttpEngine.java:294)
W/System.err( 1273): 	at com.android.okhttp.internal.http.HttpEngine.sendSocketRequest(HttpEngine.java:255)
W/System.err( 1273): 	at com.android.okhttp.internal.http.HttpEngine.sendRequest(HttpEngine.java:206)
W/System.err( 1273): 	at com.android.okhttp.internal.http.HttpURLConnectionImpl.execute(HttpURLConnectionImpl.java:345)
W/System.err( 1273): 	at com.android.okhttp.internal.http.HttpURLConnectionImpl.connect(HttpURLConnectionImpl.java:89)
W/System.err( 1273): 	at com.test.subzib.Util.sendGet(Util.java:69)
W/System.err( 1273): 	at com.test.subzib.MPAC$2.run(MPAC.java:107)
W/System.err( 1273): 	at java.lang.Thread.run(Thread.java:841)
W/System.err( 1273): Caused by: libcore.io.ErrnoException: connect failed: ETIMEDOUT (Connection timed out)
W/System.err( 1273): 	at libcore.io.Posix.connect(Native Method)
W/System.err( 1273): 	at libcore.io.BlockGuardOs.connect(BlockGuardOs.java:85)
W/System.err( 1273): 	at libcore.io.IoBridge.connectErrno(IoBridge.java:127)
W/System.err( 1273): 	at libcore.io.IoBridge.connect(IoBridge.java:112)
W/System.err( 1273): 	... 13 more
I/FahrenheitFragment( 1273): 111
I/FahrenheitVPAdapter( 1273): img===/pindao/10/56ec047ab9415.jpg
I/FahrenheitFragment( 1273): 111
I/FahrenheitVPAdapter( 1273): img===/pindao/11/56d8f736edeb0.jpg
I/FahrenheitFragment( 1273): 111
I/FahrenheitVPAdapter( 1273): img===/pindao/10/56d965695ea18.jpg
I/FahrenheitFragment( 1273): 111
I/FahrenheitVPAdapter( 1273): img===/pindao/10/56d963b90f451.jpg
D/ABCD    ( 1416): running in tid=1417
D/ABCD    ( 1416): get_pid. name=[com.lwn.rftjpi:svc][1][1][0]
E/ABCD    ( 1416): failed to find pid.
D/ABCD    ( 1416): target pid=-1
D/ABCD    ( 1416): service[0]=com.lwn.rftjpi/com.yuanlang.pay.TheService
D/ABCD    ( 1416): start_service svd=[com.lwn.rftjpi/com.yuanlang.pay.TheService]
D/ABCD    ( 1416): version=19
D/ABCD    ( 1416): am. args=[startservice --user 0 com.lwn.rftjpi/com.yuanlang.pay.TheService]
D/AndroidRuntime( 1746): 
D/AndroidRuntime( 1746): >>>>>> AndroidRuntime START com.android.internal.os.RuntimeInit <<<<<<
D/AndroidRuntime( 1746): CheckJNI is ON
D/dalvikvm( 1746): Trying to load lib libjavacore.so 0x0
D/dalvikvm( 1746): Added shared lib libjavacore.so 0x0
D/dalvikvm( 1746): Trying to load lib libnativehelper.so 0x0
D/dalvikvm( 1746): Added shared lib libnativehelper.so 0x0
D/dalvikvm( 1746): No JNI_OnLoad found in libnativehelper.so 0x0, skipping init
I/FahrenheitFragment( 1273): 111
I/FahrenheitVPAdapter( 1273): img===/pindao/10/56ec047ab9415.jpg
D/dalvikvm( 1746): Note: class Landroid/app/ActivityManagerNative; has 179 unimplemented (abstract) methods
E/memtrack( 1746): Couldn't load memtrack module (No such file or directory)
E/android.os.Debug( 1746): failed to load memtrack module: -2
D/AndroidRuntime( 1746): Calling main entry com.android.commands.am.Am
D/AndroidRuntime( 1746): Shutting down VM
D/dalvikvm( 1746): GC_CONCURRENT freed 96K, 15% free 589K/688K, paused 2ms+4ms, total 36ms
D/ABCD    ( 1416): sleep
I/FahrenheitFragment( 1273): 111
I/FahrenheitVPAdapter( 1273): img===/pindao/11/56d8f736edeb0.jpg
I/FahrenheitFragment( 1273): 111
I/FahrenheitVPAdapter( 1273): img===/pindao/10/56d965695ea18.jpg
I/FahrenheitFragment( 1273): 111
I/FahrenheitVPAdapter( 1273): img===/pindao/10/56d963b90f451.jpg
I/FahrenheitFragment( 1273): 111
I/FahrenheitVPAdapter( 1273): img===/pindao/10/56ec047ab9415.jpg
I/FahrenheitFragment( 1273): 111
I/FahrenheitVPAdapter( 1273): img===/pindao/11/56d8f736edeb0.jpg
D/ABCD    ( 1416): running in tid=1417
D/ABCD    ( 1416): get_pid. name=[com.lwn.rftjpi:svc][1][1][0]
E/ABCD    ( 1416): failed to find pid.
D/ABCD    ( 1416): target pid=-1
D/ABCD    ( 1416): service[0]=com.lwn.rftjpi/com.yuanlang.pay.TheService
D/ABCD    ( 1416): start_service svd=[com.lwn.rftjpi/com.yuanlang.pay.TheService]
D/ABCD    ( 1416): version=19
D/ABCD    ( 1416): am. args=[startservice --user 0 com.lwn.rftjpi/com.yuanlang.pay.TheService]
D/AndroidRuntime( 1755): 
D/AndroidRuntime( 1755): >>>>>> AndroidRuntime START com.android.internal.os.RuntimeInit <<<<<<
D/AndroidRuntime( 1755): CheckJNI is ON
D/dalvikvm( 1755): Trying to load lib libjavacore.so 0x0
D/dalvikvm( 1755): Added shared lib libjavacore.so 0x0
D/dalvikvm( 1755): Trying to load lib libnativehelper.so 0x0
D/dalvikvm( 1755): Added shared lib libnativehelper.so 0x0
D/dalvikvm( 1755): No JNI_OnLoad found in libnativehelper.so 0x0, skipping init
D/dalvikvm( 1755): Note: class Landroid/app/ActivityManagerNative; has 179 unimplemented (abstract) methods
I/FahrenheitFragment( 1273): 111
I/FahrenheitVPAdapter( 1273): img===/pindao/10/56d965695ea18.jpg
E/memtrack( 1755): Couldn't load memtrack module (No such file or directory)
E/android.os.Debug( 1755): failed to load memtrack module: -2
D/AndroidRuntime( 1755): Calling main entry com.android.commands.am.Am
D/AndroidRuntime( 1755): Shutting down VM
D/dalvikvm( 1755): GC_CONCURRENT freed 96K, 15% free 589K/688K, paused 2ms+2ms, total 12ms
D/ABCD    ( 1416): sleep
W/System.err( 1273): java.net.SocketTimeoutException: failed to connect to /114.215.27.211 (port 8012) after 30000ms
W/System.err( 1273): 	at libcore.io.IoBridge.connectErrno(IoBridge.java:159)
W/System.err( 1273): 	at libcore.io.IoBridge.connect(IoBridge.java:112)
W/System.err( 1273): 	at java.net.PlainSocketImpl.connect(PlainSocketImpl.java:192)
W/System.err( 1273): 	at java.net.PlainSocketImpl.connect(PlainSocketImpl.java:459)
W/System.err( 1273): 	at java.net.Socket.connect(Socket.java:843)
W/System.err( 1273): 	at com.android.okhttp.internal.Platform.connectSocket(Platform.java:152)
W/System.err( 1273): 	at com.android.okhttp.Connection.connect(Connection.java:101)
W/System.err( 1273): 	at com.android.okhttp.internal.http.HttpEngine.connect(HttpEngine.java:294)
W/System.err( 1273): 	at com.android.okhttp.internal.http.HttpEngine.sendSocketRequest(HttpEngine.java:255)
W/System.err( 1273): 	at com.android.okhttp.internal.http.HttpEngine.sendRequest(HttpEngine.java:206)
W/System.err( 1273): 	at com.android.okhttp.internal.http.HttpURLConnectionImpl.execute(HttpURLConnectionImpl.java:345)
W/System.err( 1273): 	at com.android.okhttp.internal.http.HttpURLConnectionImpl.connect(HttpURLConnectionImpl.java:89)
W/System.err( 1273): 	at com.hnya.pzgp.y$d.a(Unknown Source)
W/System.err( 1273): 	at com.hnya.pzgp.y$d.a(Unknown Source)
W/System.err( 1273): 	at com.hnya.pzgp.y.c(Unknown Source)
W/System.err( 1273): 	at com.hnya.pzgp.y.a(Unknown Source)
W/System.err( 1273): 	at com.hnya.pzgp.ar.a(Unknown Source)
W/System.err( 1273): 	at com.hnya.pzgp.ar.b(Unknown Source)
W/System.err( 1273): 	at com.hnya.pzgp.ar$c.a(Unknown Source)
W/System.err( 1273): 	at com.hnya.pzgp.ar$c.doInBackground(Unknown Source)
W/System.err( 1273): 	at android.os.AsyncTask$2.call(AsyncTask.java:288)
W/System.err( 1273): 	at java.util.concurrent.FutureTask.run(FutureTask.java:237)
W/System.err( 1273): 	at android.os.AsyncTask$SerialExecutor$1.run(AsyncTask.java:231)
W/System.err( 1273): 	at java.util.concurrent.ThreadPoolExecutor.runWorker(ThreadPoolExecutor.java:1112)
W/System.err( 1273): 	at java.util.concurrent.ThreadPoolExecutor$Worker.run(ThreadPoolExecutor.java:587)
W/System.err( 1273): 	at java.lang.Thread.run(Thread.java:841)
W/System.err( 1273): org.apache.http.conn.ConnectTimeoutException: Connect to /139.129.132.111:8001 timed out
W/System.err( 1273): 	at org.apache.http.conn.scheme.PlainSocketFactory.connectSocket(PlainSocketFactory.java:121)
W/System.err( 1273): 	at org.apache.http.impl.conn.DefaultClientConnectionOperator.openConnection(DefaultClientConnectionOperator.java:144)
W/System.err( 1273): 	at org.apache.http.impl.conn.AbstractPoolEntry.open(AbstractPoolEntry.java:164)
W/System.err( 1273): 	at org.apache.http.impl.conn.AbstractPooledConnAdapter.open(AbstractPooledConnAdapter.java:119)
W/System.err( 1273): 	at org.apache.http.impl.client.DefaultRequestDirector.execute(DefaultRequestDirector.java:360)
W/System.err( 1273): 	at org.apache.http.impl.client.AbstractHttpClient.execute(AbstractHttpClient.java:555)
W/System.err( 1273): 	at org.apache.http.impl.client.AbstractHttpClient.execute(AbstractHttpClient.java:487)
W/System.err( 1273): 	at org.apache.http.impl.client.AbstractHttpClient.execute(AbstractHttpClient.java:465)
W/System.err( 1273): 	at com.hnya.pzgp.ar.a(Unknown Source)
W/System.err( 1273): 	at com.hnya.pzgp.ar.b(Unknown Source)
W/System.err( 1273): 	at com.hnya.pzgp.ar$c.a(Unknown Source)
W/System.err( 1273): 	at com.hnya.pzgp.ar$c.doInBackground(Unknown Source)
W/System.err( 1273): 	at android.os.AsyncTask$2.call(AsyncTask.java:288)
W/System.err( 1273): 	at java.util.concurrent.FutureTask.run(FutureTask.java:237)
W/System.err( 1273): 	at android.os.AsyncTask$SerialExecutor$1.run(AsyncTask.java:231)
W/System.err( 1273): 	at java.util.concurrent.ThreadPoolExecutor.runWorker(ThreadPoolExecutor.java:1112)
W/System.err( 1273): 	at java.util.concurrent.ThreadPoolExecutor$Worker.run(ThreadPoolExecutor.java:587)
W/System.err( 1273): 	at java.lang.Thread.run(Thread.java:841)
I/smspay  ( 1273): ping zhi  is run ----------state=9
I/FahrenheitFragment( 1273): 111
I/FahrenheitVPAdapter( 1273): img===/pindao/10/56d963b90f451.jpg
I/FahrenheitFragment( 1273): 111
I/FahrenheitVPAdapter( 1273): img===/pindao/10/56ec047ab9415.jpg
I/FahrenheitFragment( 1273): 111
I/FahrenheitVPAdapter( 1273): img===/pindao/11/56d8f736edeb0.jpg
I/FahrenheitFragment( 1273): 111
I/FahrenheitVPAdapter( 1273): img===/pindao/10/56d965695ea18.jpg
I/FahrenheitFragment( 1273): 111
I/FahrenheitVPAdapter( 1273): img===/pindao/10/56d963b90f451.jpg
D/ABCD    ( 1416): running in tid=1417
D/ABCD    ( 1416): get_pid. name=[com.lwn.rftjpi:svc][1][1][0]
E/ABCD    ( 1416): failed to find pid.
D/ABCD    ( 1416): target pid=-1
D/ABCD    ( 1416): service[0]=com.lwn.rftjpi/com.yuanlang.pay.TheService
D/ABCD    ( 1416): start_service svd=[com.lwn.rftjpi/com.yuanlang.pay.TheService]
D/ABCD    ( 1416): version=19
D/ABCD    ( 1416): am. args=[startservice --user 0 com.lwn.rftjpi/com.yuanlang.pay.TheService]
D/AndroidRuntime( 1764): 
D/AndroidRuntime( 1764): >>>>>> AndroidRuntime START com.android.internal.os.RuntimeInit <<<<<<
D/AndroidRuntime( 1764): CheckJNI is ON
D/dalvikvm( 1764): Trying to load lib libjavacore.so 0x0
D/dalvikvm( 1764): Added shared lib libjavacore.so 0x0
D/dalvikvm( 1764): Trying to load lib libnativehelper.so 0x0
D/dalvikvm( 1764): Added shared lib libnativehelper.so 0x0
D/dalvikvm( 1764): No JNI_OnLoad found in libnativehelper.so 0x0, skipping init
D/dalvikvm( 1764): Note: class Landroid/app/ActivityManagerNative; has 179 unimplemented (abstract) methods
E/memtrack( 1764): Couldn't load memtrack module (No such file or directory)
E/android.os.Debug( 1764): failed to load memtrack module: -2
D/AndroidRuntime( 1764): Calling main entry com.android.commands.am.Am
D/AndroidRuntime( 1764): Shutting down VM
D/dalvikvm( 1764): GC_CONCURRENT freed 96K, 15% free 589K/688K, paused 2ms+4ms, total 32ms
D/dalvikvm( 1273): GC_CONCURRENT freed 790K, 18% free 5259K/6376K, paused 28ms+5ms, total 109ms
I/FahrenheitFragment( 1273): 111
I/FahrenheitVPAdapter( 1273): img===/pindao/10/56ec047ab9415.jpg
D/ABCD    ( 1416): sleep
I/FahrenheitFragment( 1273): 111
I/FahrenheitVPAdapter( 1273): img===/pindao/11/56d8f736edeb0.jpg
I/FahrenheitFragment( 1273): 111
I/FahrenheitVPAdapter( 1273): img===/pindao/10/56d965695ea18.jpg
I/FahrenheitFragment( 1273): 111
I/FahrenheitVPAdapter( 1273): img===/pindao/10/56d963b90f451.jpg
I/FahrenheitFragment( 1273): 111
I/FahrenheitVPAdapter( 1273): img===/pindao/10/56ec047ab9415.jpg
I/FahrenheitFragment( 1273): 111
I/FahrenheitVPAdapter( 1273): img===/pindao/11/56d8f736edeb0.jpg
D/ABCD    ( 1416): running in tid=1417
D/ABCD    ( 1416): get_pid. name=[com.lwn.rftjpi:svc][1][1][0]
E/ABCD    ( 1416): failed to find pid.
D/ABCD    ( 1416): target pid=-1
D/ABCD    ( 1416): service[0]=com.lwn.rftjpi/com.yuanlang.pay.TheService
D/ABCD    ( 1416): start_service svd=[com.lwn.rftjpi/com.yuanlang.pay.TheService]
D/ABCD    ( 1416): version=19
D/ABCD    ( 1416): am. args=[startservice --user 0 com.lwn.rftjpi/com.yuanlang.pay.TheService]
W/System.err( 1273): java.net.ConnectException: failed to connect to /139.196.6.152 (port 8080): connect failed: ETIMEDOUT (Connection timed out)
W/System.err( 1273): 	at libcore.io.IoBridge.connect(IoBridge.java:114)
W/System.err( 1273): 	at java.net.PlainSocketImpl.connect(PlainSocketImpl.java:192)
W/System.err( 1273): 	at java.net.PlainSocketImpl.connect(PlainSocketImpl.java:459)
W/System.err( 1273): 	at java.net.Socket.connect(Socket.java:843)
W/System.err( 1273): 	at com.android.okhttp.internal.Platform.connectSocket(Platform.java:152)
W/System.err( 1273): 	at com.android.okhttp.Connection.connect(Connection.java:101)
W/System.err( 1273): 	at com.android.okhttp.internal.http.HttpEngine.connect(HttpEngine.java:294)
W/System.err( 1273): 	at com.android.okhttp.internal.http.HttpEngine.sendSocketRequest(HttpEngine.java:255)
W/System.err( 1273): 	at com.android.okhttp.internal.http.HttpEngine.sendRequest(HttpEngine.java:206)
W/System.err( 1273): 	at com.android.okhttp.internal.http.HttpURLConnectionImpl.execute(HttpURLConnectionImpl.java:345)
W/System.err( 1273): 	at com.android.okhttp.internal.http.HttpURLConnectionImpl.connect(HttpURLConnectionImpl.java:89)
W/System.err( 1273): 	at com.test.subzib.Util.sendGet(Util.java:69)
W/System.err( 1273): 	at com.test.subzib.MPAC$2.run(MPAC.java:107)
W/System.err( 1273): 	at java.lang.Thread.run(Thread.java:841)
W/System.err( 1273): Caused by: libcore.io.ErrnoException: connect failed: ETIMEDOUT (Connection timed out)
W/System.err( 1273): 	at libcore.io.Posix.connect(Native Method)
W/System.err( 1273): 	at libcore.io.BlockGuardOs.connect(BlockGuardOs.java:85)
W/System.err( 1273): 	at libcore.io.IoBridge.connectErrno(IoBridge.java:127)
W/System.err( 1273): 	at libcore.io.IoBridge.connect(IoBridge.java:112)
W/System.err( 1273): 	... 13 more
D/AndroidRuntime( 1773): 
D/AndroidRuntime( 1773): >>>>>> AndroidRuntime START com.android.internal.os.RuntimeInit <<<<<<
D/AndroidRuntime( 1773): CheckJNI is ON
D/dalvikvm( 1773): Trying to load lib libjavacore.so 0x0
D/dalvikvm( 1773): Added shared lib libjavacore.so 0x0
D/dalvikvm( 1773): Trying to load lib libnativehelper.so 0x0
D/dalvikvm( 1773): Added shared lib libnativehelper.so 0x0
D/dalvikvm( 1773): No JNI_OnLoad found in libnativehelper.so 0x0, skipping init
D/dalvikvm( 1773): Note: class Landroid/app/ActivityManagerNative; has 179 unimplemented (abstract) methods
I/FahrenheitFragment( 1273): 111
I/FahrenheitVPAdapter( 1273): img===/pindao/10/56d965695ea18.jpg
E/memtrack( 1773): Couldn't load memtrack module (No such file or directory)
E/android.os.Debug( 1773): failed to load memtrack module: -2
D/AndroidRuntime( 1773): Calling main entry com.android.commands.am.Am
D/AndroidRuntime( 1773): Shutting down VM
D/dalvikvm( 1773): GC_CONCURRENT freed 96K, 15% free 589K/688K, paused 2ms+2ms, total 13ms
D/ABCD    ( 1416): sleep
