I/ActivityManager(  362): Start proc com.android.printspooler for service com.android.printspooler/.PrintSpoolerService: pid=671 uid=10039 gids={50039}
I/LatinIME:LogUtils(  588): Dictionary info: dictionary = personalization.en_US.dict ; version = ? ; date = 1545656255
I/LatinIME:LogUtils(  588): Dictionary info: dictionary = PersonalizationPredictionDictio ; version = ? ; date = 1545656255
I/LatinIME:LogUtils(  588): Dictionary info: dictionary = UserHistoryDictionary.en_US.dic ; version = ? ; date = 1545656255
I/ActivityManager(  362): Force stopping com.android.sdksetup appid=10042 user=0: pkg changed
I/ActivityManager(  362): Killing 649:com.android.sdksetup/u0a42 (adj 0): stop com.android.sdksetup
I/ActivityManager(  362):   Force finishing activity ActivityRecord{b36a9728 u0 com.android.sdksetup/.DefaultActivity t2}
I/ActivityManager(  362): START u0 {act=android.intent.action.MAIN cat=[android.intent.category.HOME] flg=0x10000000 cmp=com.android.launcher/com.android.launcher2.Launcher} from pid 0
I/ActivityManager(  362): Start proc com.android.launcher for activity com.android.launcher/com.android.launcher2.Launcher: pid=692 uid=10008 gids={50008}
I/InputReader(  362): Reconfiguring input devices.  changes=0x00000010
E/BluetoothAdapter(  602): Bluetooth binder is null
I/PrintSpoolerService(  671): No existing print spooler state.
E/BluetoothAdapter(  602): Bluetooth binder is null
D/dalvikvm(  588): GC_CONCURRENT freed 392K, 14% free 2962K/3424K, paused 4ms+2ms, total 121ms
D/CallNotifier(  602): CallNotifier: mSignalInfoToneGenerator created when toneplay
E/BluetoothAdapter(  602): Bluetooth binder is null
D/dalvikvm(  362): GC_CONCURRENT freed 554K, 58% free 5413K/12740K, paused 5ms+4ms, total 359ms
D/dalvikvm(  588): GC_CONCURRENT freed 431K, 16% free 2973K/3524K, paused 5ms+2ms, total 69ms
D/MobileDataStateTracker(  362): fota: Broadcast received: android.intent.action.ANY_DATA_STATE apnType=fota
D/MobileDataStateTracker(  362): fota: Received state=DISCONNECTED, old=DISCONNECTED, reason=radioTurnedOff
D/MobileDataStateTracker(  362): ia: Broadcast received: android.intent.action.ANY_DATA_STATE apnType=ia
D/MobileDataStateTracker(  362): ia: Received state=DISCONNECTED, old=DISCONNECTED, reason=radioTurnedOff
D/MobileDataStateTracker(  362): supl: Broadcast received: android.intent.action.ANY_DATA_STATE apnType=supl
D/MobileDataStateTracker(  362): supl: Received state=DISCONNECTED, old=DISCONNECTED, reason=radioTurnedOff
D/MobileDataStateTracker(  362): hipri: Broadcast received: android.intent.action.ANY_DATA_STATE apnType=hipri
D/MobileDataStateTracker(  362): hipri: Received state=DISCONNECTED, old=DISCONNECTED, reason=radioTurnedOff
D/MobileDataStateTracker(  362): ims: Broadcast received: android.intent.action.ANY_DATA_STATE apnType=ims
D/MobileDataStateTracker(  362): ims: Received state=DISCONNECTED, old=DISCONNECTED, reason=radioTurnedOff
D/MobileDataStateTracker(  362): default: Broadcast received: android.intent.action.ANY_DATA_STATE apnType=default
D/MobileDataStateTracker(  362): default: Received state=DISCONNECTED, old=DISCONNECTED, reason=radioTurnedOff
D/MobileDataStateTracker(  362): mms: Broadcast received: android.intent.action.ANY_DATA_STATE apnType=mms
D/MobileDataStateTracker(  362): mms: Received state=DISCONNECTED, old=DISCONNECTED, reason=radioTurnedOff
D/MobileDataStateTracker(  362): cbs: Broadcast received: android.intent.action.ANY_DATA_STATE apnType=cbs
D/MobileDataStateTracker(  362): cbs: Received state=DISCONNECTED, old=DISCONNECTED, reason=radioTurnedOff
I/LatinIME:LogUtils(  588): Dictionary info: dictionary = main:en ; version = 42 ; date = 1381226429
I/LatinIME:LogUtils(  588): Dictionary info: dictionary = main:en ; version = 42 ; date = 1381226429
D/MobileDataStateTracker(  362): fota: Broadcast received: android.intent.action.ANY_DATA_STATE apnType=fota
D/MobileDataStateTracker(  362): fota: Received state=DISCONNECTED, old=DISCONNECTED, reason=radioTurnedOff
D/MobileDataStateTracker(  362): ia: Broadcast received: android.intent.action.ANY_DATA_STATE apnType=ia
D/MobileDataStateTracker(  362): ia: Received state=DISCONNECTED, old=DISCONNECTED, reason=radioTurnedOff
D/MobileDataStateTracker(  362): supl: Broadcast received: android.intent.action.ANY_DATA_STATE apnType=supl
I/LatinIME:LogUtils(  588): Dictionary info: dictionary = main:en ; version = 42 ; date = 1381226429
D/MobileDataStateTracker(  362): supl: Received state=DISCONNECTED, old=DISCONNECTED, reason=radioTurnedOff
D/MobileDataStateTracker(  362): hipri: Broadcast received: android.intent.action.ANY_DATA_STATE apnType=hipri
D/MobileDataStateTracker(  362): hipri: Received state=DISCONNECTED, old=DISCONNECTED, reason=radioTurnedOff
D/MobileDataStateTracker(  362): ims: Broadcast received: android.intent.action.ANY_DATA_STATE apnType=ims
D/MobileDataStateTracker(  362): ims: Received state=DISCONNECTED, old=DISCONNECTED, reason=radioTurnedOff
D/MobileDataStateTracker(  362): default: Broadcast received: android.intent.action.ANY_DATA_STATE apnType=default
D/MobileDataStateTracker(  362): default: Received state=DISCONNECTED, old=DISCONNECTED, reason=radioTurnedOff
D/MobileDataStateTracker(  362): mms: Broadcast received: android.intent.action.ANY_DATA_STATE apnType=mms
D/MobileDataStateTracker(  362): mms: Received state=DISCONNECTED, old=DISCONNECTED, reason=radioTurnedOff
D/MobileDataStateTracker(  362): cbs: Broadcast received: android.intent.action.ANY_DATA_STATE apnType=cbs
D/MobileDataStateTracker(  362): cbs: Received state=DISCONNECTED, old=DISCONNECTED, reason=radioTurnedOff
D/MobileDataStateTracker(  362): fota: Broadcast received: android.intent.action.ANY_DATA_STATE apnType=fota
D/MobileDataStateTracker(  362): fota: Received state=DISCONNECTED, old=DISCONNECTED, reason=dataDetached
D/MobileDataStateTracker(  362): ia: Broadcast received: android.intent.action.ANY_DATA_STATE apnType=ia
D/MobileDataStateTracker(  362): ia: Received state=DISCONNECTED, old=DISCONNECTED, reason=dataDetached
D/MobileDataStateTracker(  362): supl: Broadcast received: android.intent.action.ANY_DATA_STATE apnType=supl
D/MobileDataStateTracker(  362): supl: Received state=DISCONNECTED, old=DISCONNECTED, reason=dataDetached
D/MobileDataStateTracker(  362): hipri: Broadcast received: android.intent.action.ANY_DATA_STATE apnType=hipri
D/MobileDataStateTracker(  362): hipri: Received state=DISCONNECTED, old=DISCONNECTED, reason=dataDetached
I/LatinIME:LogUtils(  588): Dictionary info: dictionary = main:en ; version = 42 ; date = 1381226429
D/MobileDataStateTracker(  362): ims: Broadcast received: android.intent.action.ANY_DATA_STATE apnType=ims
D/MobileDataStateTracker(  362): ims: Received state=DISCONNECTED, old=DISCONNECTED, reason=dataDetached
D/MobileDataStateTracker(  362): default: Broadcast received: android.intent.action.ANY_DATA_STATE apnType=default
D/MobileDataStateTracker(  362): default: Received state=DISCONNECTED, old=DISCONNECTED, reason=dataDetached
D/MobileDataStateTracker(  362): mms: Broadcast received: android.intent.action.ANY_DATA_STATE apnType=mms
D/MobileDataStateTracker(  362): mms: Received state=DISCONNECTED, old=DISCONNECTED, reason=dataDetached
D/MobileDataStateTracker(  362): cbs: Broadcast received: android.intent.action.ANY_DATA_STATE apnType=cbs
D/MobileDataStateTracker(  362): cbs: Received state=DISCONNECTED, old=DISCONNECTED, reason=dataDetached
D/MobileDataStateTracker(  362): fota: Broadcast received: android.intent.action.ANY_DATA_STATE apnType=fota
D/MobileDataStateTracker(  362): fota: Received state=DISCONNECTED, old=DISCONNECTED, reason=roamingOff
I/LatinIME:LogUtils(  588): Dictionary info: dictionary = main:en ; version = 42 ; date = 1381226429
D/MobileDataStateTracker(  362): ia: Broadcast received: android.intent.action.ANY_DATA_STATE apnType=ia
D/MobileDataStateTracker(  362): ia: Received state=DISCONNECTED, old=DISCONNECTED, reason=roamingOff
D/MobileDataStateTracker(  362): supl: Broadcast received: android.intent.action.ANY_DATA_STATE apnType=supl
D/MobileDataStateTracker(  362): supl: Received state=DISCONNECTED, old=DISCONNECTED, reason=roamingOff
D/MobileDataStateTracker(  362): hipri: Broadcast received: android.intent.action.ANY_DATA_STATE apnType=hipri
D/MobileDataStateTracker(  362): hipri: Received state=DISCONNECTED, old=DISCONNECTED, reason=roamingOff
I/LatinIME:LogUtils(  588): Dictionary info: dictionary = main:en ; version = 42 ; date = 1381226429
D/MobileDataStateTracker(  362): ims: Broadcast received: android.intent.action.ANY_DATA_STATE apnType=ims
D/MobileDataStateTracker(  362): ims: Received state=DISCONNECTED, old=DISCONNECTED, reason=roamingOff
D/MobileDataStateTracker(  362): default: Broadcast received: android.intent.action.ANY_DATA_STATE apnType=default
D/MobileDataStateTracker(  362): default: Received state=DISCONNECTED, old=DISCONNECTED, reason=roamingOff
D/MobileDataStateTracker(  362): mms: Broadcast received: android.intent.action.ANY_DATA_STATE apnType=mms
D/MobileDataStateTracker(  362): mms: Received state=DISCONNECTED, old=DISCONNECTED, reason=roamingOff
D/MobileDataStateTracker(  362): cbs: Broadcast received: android.intent.action.ANY_DATA_STATE apnType=cbs
D/MobileDataStateTracker(  362): cbs: Received state=DISCONNECTED, old=DISCONNECTED, reason=roamingOff
I/LatinIME:LogUtils(  588): Dictionary info: dictionary = main:en ; version = 42 ; date = 1381226429
D/MobileDataStateTracker(  362): fota: Broadcast received: android.intent.action.ANY_DATA_STATE apnType=fota
D/MobileDataStateTracker(  362): fota: Received state=DISCONNECTED, old=DISCONNECTED, reason=roamingOff
D/MobileDataStateTracker(  362): ia: Broadcast received: android.intent.action.ANY_DATA_STATE apnType=ia
D/MobileDataStateTracker(  362): ia: Received state=DISCONNECTED, old=DISCONNECTED, reason=roamingOff
D/MobileDataStateTracker(  362): supl: Broadcast received: android.intent.action.ANY_DATA_STATE apnType=supl
D/MobileDataStateTracker(  362): supl: Received state=DISCONNECTED, old=DISCONNECTED, reason=roamingOff
I/LatinIME:LogUtils(  588): Dictionary info: dictionary = main:en ; version = 42 ; date = 1381226429
D/MobileDataStateTracker(  362): hipri: Broadcast received: android.intent.action.ANY_DATA_STATE apnType=hipri
D/MobileDataStateTracker(  362): hipri: Received state=DISCONNECTED, old=DISCONNECTED, reason=roamingOff
D/MobileDataStateTracker(  362): ims: Broadcast received: android.intent.action.ANY_DATA_STATE apnType=ims
D/MobileDataStateTracker(  362): ims: Received state=DISCONNECTED, old=DISCONNECTED, reason=roamingOff
D/MobileDataStateTracker(  362): default: Broadcast received: android.intent.action.ANY_DATA_STATE apnType=default
D/MobileDataStateTracker(  362): default: Received state=DISCONNECTED, old=DISCONNECTED, reason=roamingOff
D/MobileDataStateTracker(  362): mms: Broadcast received: android.intent.action.ANY_DATA_STATE apnType=mms
D/MobileDataStateTracker(  362): mms: Received state=DISCONNECTED, old=DISCONNECTED, reason=roamingOff
D/MobileDataStateTracker(  362): cbs: Broadcast received: android.intent.action.ANY_DATA_STATE apnType=cbs
D/dalvikvm(  602): GC_CONCURRENT freed 286K, 11% free 3056K/3408K, paused 28ms+3ms, total 182ms
I/PackageManager(  362):   Action: "android.intent.action.SENDTO"
I/PackageManager(  362):   Category: "android.intent.category.DEFAULT"
I/PackageManager(  362):   Scheme: "sms"
I/PackageManager(  362): Adding preferred activity ComponentInfo{com.android.mms/com.android.mms.ui.ComposeMessageActivity} for user 0 :
D/MobileDataStateTracker(  362): cbs: Received state=DISCONNECTED, old=DISCONNECTED, reason=roamingOff
I/PackageManager(  362):   Action: "android.intent.action.SENDTO"
I/PackageManager(  362):   Category: "android.intent.category.DEFAULT"
I/PackageManager(  362):   Scheme: "smsto"
I/PackageManager(  362): Adding preferred activity ComponentInfo{com.android.mms/com.android.mms.ui.ComposeMessageActivity} for user 0 :
I/PackageManager(  362):   Action: "android.intent.action.SENDTO"
I/PackageManager(  362):   Category: "android.intent.category.DEFAULT"
I/PackageManager(  362):   Scheme: "mms"
I/PackageManager(  362): Adding preferred activity ComponentInfo{com.android.mms/com.android.mms.ui.ComposeMessageActivity} for user 0 :
I/PackageManager(  362):   Action: "android.intent.action.SENDTO"
I/PackageManager(  362):   Category: "android.intent.category.DEFAULT"
I/PackageManager(  362):   Scheme: "mmsto"
I/PackageManager(  362): Adding preferred activity ComponentInfo{com.android.mms/com.android.mms.ui.ComposeMessageActivity} for user 0 :
D/dalvikvm(  362): GC_CONCURRENT freed 567K, 57% free 5527K/12740K, paused 94ms+4ms, total 247ms
D/dalvikvm(  362): WAIT_FOR_CONCURRENT_GC blocked 100ms
D/dalvikvm(  362): WAIT_FOR_CONCURRENT_GC blocked 33ms
I/PackageManager(  362):   Action: "android.intent.action.SENDTO"
I/PackageManager(  362):   Category: "android.intent.category.DEFAULT"
I/PackageManager(  362):   Scheme: "sms"
I/PackageManager(  362): Adding preferred activity ComponentInfo{com.android.mms/com.android.mms.ui.ComposeMessageActivity} for user 0 :
I/PackageManager(  362):   Action: "android.intent.action.SENDTO"
I/PackageManager(  362):   Category: "android.intent.category.DEFAULT"
I/PackageManager(  362):   Scheme: "smsto"
I/PackageManager(  362): Adding preferred activity ComponentInfo{com.android.mms/com.android.mms.ui.ComposeMessageActivity} for user 0 :
I/PackageManager(  362):   Action: "android.intent.action.SENDTO"
I/PackageManager(  362):   Category: "android.intent.category.DEFAULT"
I/PackageManager(  362):   Scheme: "mms"
I/PackageManager(  362): Adding preferred activity ComponentInfo{com.android.mms/com.android.mms.ui.ComposeMessageActivity} for user 0 :
D/dalvikvm(  602): GC_CONCURRENT freed 324K, 11% free 3194K/3588K, paused 20ms+31ms, total 102ms
D/dalvikvm(  692): GC_CONCURRENT freed 184K, 8% free 2997K/3252K, paused 5ms+3ms, total 182ms
I/PackageManager(  362):   Action: "android.intent.action.SENDTO"
I/PackageManager(  362):   Category: "android.intent.category.DEFAULT"
I/PackageManager(  362):   Scheme: "mmsto"
I/PackageManager(  362): Adding preferred activity ComponentInfo{com.android.mms/com.android.mms.ui.ComposeMessageActivity} for user 0 :
D/dalvikvm(  362): GC_CONCURRENT freed 637K, 57% free 5599K/12740K, paused 10ms+35ms, total 161ms
D/dalvikvm(  362): WAIT_FOR_CONCURRENT_GC blocked 116ms
D/dalvikvm(  362): WAIT_FOR_CONCURRENT_GC blocked 113ms
I/FusedLocation(  362): engine started (com.android.location.fused)
D/dalvikvm(  362): WAIT_FOR_CONCURRENT_GC blocked 61ms
D/dalvikvm(  362): WAIT_FOR_CONCURRENT_GC blocked 209ms
D/dalvikvm(  362): WAIT_FOR_CONCURRENT_GC blocked 212ms
D/dalvikvm(  362): WAIT_FOR_CONCURRENT_GC blocked 213ms
D/TelephonyDebugService(  602): TelephonyDebugService()
D/dalvikvm(  362): GC_CONCURRENT freed 655K, 56% free 5672K/12740K, paused 75ms+5ms, total 160ms
D/dalvikvm(  362): WAIT_FOR_CONCURRENT_GC blocked 66ms
D/dalvikvm(  362): WAIT_FOR_CONCURRENT_GC blocked 66ms
D/dalvikvm(  362): WAIT_FOR_CONCURRENT_GC blocked 56ms
D/dalvikvm(  692): GC_FOR_ALLOC freed 181K, 8% free 3110K/3380K, paused 23ms, total 25ms
I/dalvikvm-heap(  692): Grow heap (frag case) to 3.714MB for 640016-byte allocation
D/MccTable(  602): updateMccMncConfiguration: mcc=310, mnc=260
D/AlarmManagerService(  362): Kernel timezone updated to 300 minutes west of GMT
I/LatinIME:LogUtils(  588): Dictionary info: dictionary = userunigram.en_US.dict ; version = ? ; date = ?
D/MccTable(  602): timezone set to America/New_York
D/MccTable(  602): getLocaleFromMcc to en_us mcc=310
D/MccTable(  602): getLocaleForLanguageCountry: got match
D/MccTable(  602): getLocaleForLanguageCountry: X locale=en_US
D/MccTable(  602): WIFI_COUNTRY_CODE set to us
D/dalvikvm(  692): GC_FOR_ALLOC freed 3K, 7% free 3731K/4008K, paused 99ms, total 99ms
I/WifiService(  362): WifiService trying to set country code to us with persist set to true
D/dalvikvm(  588): GC_CONCURRENT freed 296K, 13% free 3077K/3524K, paused 16ms+3ms, total 139ms
D/dalvikvm(  692): GC_CONCURRENT freed 4K, 8% free 3726K/4008K, paused 4ms+2ms, total 80ms
D/dalvikvm(  602): GC_CONCURRENT freed 470K, 15% free 3210K/3748K, paused 23ms+51ms, total 123ms
W/Resources(  692): Converting to int: TypedValue{t=0x3/d=0x12 "4" a=-1}
W/Resources(  692): Converting to int: TypedValue{t=0x3/d=0xf "1" a=-1}
W/Resources(  692): Converting to int: TypedValue{t=0x3/d=0x15 "2" a=-1}
W/Resources(  692): Converting to int: TypedValue{t=0x3/d=0x15 "2" a=-1}
W/Launcher.LauncherProvider(  692): Unable to add favorite: com.android.camera2/com.android.camera.CameraLauncher
W/Launcher.LauncherProvider(  692): android.content.pm.PackageManager$NameNotFoundException: ComponentInfo{com.android.camera2/com.android.camera.CameraLauncher}
W/Launcher.LauncherProvider(  692): 	at android.app.ApplicationPackageManager.getActivityInfo(ApplicationPackageManager.java:242)
W/Launcher.LauncherProvider(  692): 	at com.android.launcher2.LauncherProvider$DatabaseHelper.addAppShortcut(LauncherProvider.java:959)
W/Launcher.LauncherProvider(  692): 	at com.android.launcher2.LauncherProvider$DatabaseHelper.loadFavorites(LauncherProvider.java:863)
W/Launcher.LauncherProvider(  692): 	at com.android.launcher2.LauncherProvider$DatabaseHelper.access$000(LauncherProvider.java:253)
W/Launcher.LauncherProvider(  692): 	at com.android.launcher2.LauncherProvider.loadDefaultFavoritesIfNecessary(LauncherProvider.java:237)
W/Launcher.LauncherProvider(  692): 	at com.android.launcher2.LauncherModel$LoaderTask.loadWorkspace(LauncherModel.java:1278)
W/Launcher.LauncherProvider(  692): 	at com.android.launcher2.LauncherModel$LoaderTask.loadAndBindWorkspace(LauncherModel.java:1020)
W/Launcher.LauncherProvider(  692): 	at com.android.launcher2.LauncherModel$LoaderTask.run(LauncherModel.java:1126)
W/Launcher.LauncherProvider(  692): 	at android.os.Handler.handleCallback(Handler.java:733)
W/Launcher.LauncherProvider(  692): 	at android.os.Handler.dispatchMessage(Handler.java:95)
W/Launcher.LauncherProvider(  692): 	at android.os.Looper.loop(Looper.java:136)
W/Launcher.LauncherProvider(  692): 	at android.os.HandlerThread.run(HandlerThread.java:61)
W/Launcher.LauncherProvider(  692): Unable to add favorite: com.android.gallery3d/com.android.gallery3d.app.Gallery
W/Launcher.LauncherProvider(  692): android.content.pm.PackageManager$NameNotFoundException: ComponentInfo{com.android.gallery3d/com.android.gallery3d.app.Gallery}
W/Launcher.LauncherProvider(  692): 	at android.app.ApplicationPackageManager.getActivityInfo(ApplicationPackageManager.java:242)
W/Launcher.LauncherProvider(  692): 	at com.android.launcher2.LauncherProvider$DatabaseHelper.addAppShortcut(LauncherProvider.java:959)
W/Launcher.LauncherProvider(  692): 	at com.android.launcher2.LauncherProvider$DatabaseHelper.loadFavorites(LauncherProvider.java:863)
W/Launcher.LauncherProvider(  692): 	at com.android.launcher2.LauncherProvider$DatabaseHelper.access$000(LauncherProvider.java:253)
W/Launcher.LauncherProvider(  692): 	at com.android.launcher2.LauncherProvider.loadDefaultFavoritesIfNecessary(LauncherProvider.java:237)
W/Launcher.LauncherProvider(  692): 	at com.android.launcher2.LauncherModel$LoaderTask.loadWorkspace(LauncherModel.java:1278)
W/Launcher.LauncherProvider(  692): 	at com.android.launcher2.LauncherModel$LoaderTask.loadAndBindWorkspace(LauncherModel.java:1020)
W/Launcher.LauncherProvider(  692): 	at com.android.launcher2.LauncherModel$LoaderTask.run(LauncherModel.java:1126)
W/Launcher.LauncherProvider(  692): 	at android.os.Handler.handleCallback(Handler.java:733)
W/Launcher.LauncherProvider(  692): 	at android.os.Handler.dispatchMessage(Handler.java:95)
W/Launcher.LauncherProvider(  692): 	at android.os.Looper.loop(Looper.java:136)
W/Launcher.LauncherProvider(  692): 	at android.os.HandlerThread.run(HandlerThread.java:61)
D/MccTable(  602): updateMccMncConfiguration: mcc=310, mnc=260
D/MccTable(  602): getLocaleFromMcc to en_us mcc=310
D/MccTable(  602): getLocaleForLanguageCountry: got match
D/MccTable(  602): getLocaleForLanguageCountry: X locale=en_US
D/MccTable(  602): updateMccMncConfiguration updateConfig config={1.0 310mcc260mnc en_US ldltr ?swdp ?wdp ?hdp ?density ?lsize ?long ?orien ?uimode ?night ?touch ?keyb/?/? ?nav/?}
I/ActivityManager(  362): Config changes=3 {1.0 310mcc260mnc en_US ldltr sw480dp w480dp h839dp 160dpi lrg long port finger -keyb/v/h tball/v s.6}
D/PermissionCache(   58): checking android.permission.READ_FRAME_BUFFER for uid=1000 => granted (7051 us)
D/gralloc (   58): Registering a buffer in the process that created it. This may cause memory ordering problems.
E/libEGL  (   58): called unimplemented OpenGL ES API
E/libEGL  (   58): called unimplemented OpenGL ES API
E/libEGL  (   58): called unimplemented OpenGL ES API
E/libEGL  (   58): called unimplemented OpenGL ES API
E/SurfaceFlinger(   58): glCheckFramebufferStatusOES error 1330242731
E/SurfaceFlinger(   58): got GL_FRAMEBUFFER_COMPLETE_OES error while taking screenshot
E/libEGL  (   58): called unimplemented OpenGL ES API
E/libEGL  (   58): called unimplemented OpenGL ES API
I/FusedLocation(  362): engine stopped (com.android.location.fused)
I/FusedLocation(  362): engine started (com.android.location.fused)
I/ARMAssembler(   58): generated scanline__00000077:03515104_00008001_00000000 [113 ipp] (134 ins) at [0xb5ab71f0:0xb5ab7408] in 0 ns
D/PhoneStatusBar(  449): mSettingsPanelGravity = 55
D/MobileDataStateTracker(  362): fota: Broadcast received: android.intent.action.ANY_DATA_STATE apnType=fota
D/MobileDataStateTracker(  362): fota: Received state=DISCONNECTED, old=DISCONNECTED, reason=dataAttached
D/MobileDataStateTracker(  362): ia: Broadcast received: android.intent.action.ANY_DATA_STATE apnType=ia
D/MobileDataStateTracker(  362): ia: Received state=DISCONNECTED, old=DISCONNECTED, reason=dataAttached
D/MobileDataStateTracker(  362): supl: Broadcast received: android.intent.action.ANY_DATA_STATE apnType=supl
D/MobileDataStateTracker(  362): supl: Received state=DISCONNECTED, old=DISCONNECTED, reason=dataAttached
D/MobileDataStateTracker(  362): hipri: Broadcast received: android.intent.action.ANY_DATA_STATE apnType=hipri
D/MobileDataStateTracker(  362): hipri: Received state=DISCONNECTED, old=DISCONNECTED, reason=dataAttached
I/Choreographer(  449): Skipped 43 frames!  The application may be doing too much work on its main thread.
D/MobileDataStateTracker(  362): ims: Broadcast received: android.intent.action.ANY_DATA_STATE apnType=ims
D/MobileDataStateTracker(  362): ims: Received state=DISCONNECTED, old=DISCONNECTED, reason=dataAttached
D/MobileDataStateTracker(  362): mms: Broadcast received: android.intent.action.ANY_DATA_STATE apnType=mms
D/MobileDataStateTracker(  362): mms: Received state=DISCONNECTED, old=DISCONNECTED, reason=dataAttached
D/MobileDataStateTracker(  362): cbs: Broadcast received: android.intent.action.ANY_DATA_STATE apnType=cbs
D/MobileDataStateTracker(  362): cbs: Received state=DISCONNECTED, old=DISCONNECTED, reason=dataAttached
D/MobileDataStateTracker(  362): fota: Broadcast received: android.intent.action.ANY_DATA_STATE apnType=fota
D/MobileDataStateTracker(  362): fota: Received state=DISCONNECTED, old=DISCONNECTED, reason=dataAttached
D/MobileDataStateTracker(  362): ia: Broadcast received: android.intent.action.ANY_DATA_STATE apnType=ia
D/MobileDataStateTracker(  362): ia: Received state=DISCONNECTED, old=DISCONNECTED, reason=dataAttached
D/MobileDataStateTracker(  362): supl: Broadcast received: android.intent.action.ANY_DATA_STATE apnType=supl
D/MobileDataStateTracker(  362): supl: Received state=DISCONNECTED, old=DISCONNECTED, reason=dataAttached
D/MobileDataStateTracker(  362): hipri: Broadcast received: android.intent.action.ANY_DATA_STATE apnType=hipri
D/MobileDataStateTracker(  362): hipri: Received state=DISCONNECTED, old=DISCONNECTED, reason=dataAttached
D/MobileDataStateTracker(  362): ims: Broadcast received: android.intent.action.ANY_DATA_STATE apnType=ims
D/dalvikvm(  362): GC_CONCURRENT freed 825K, 57% free 5592K/12740K, paused 82ms+6ms, total 440ms
D/dalvikvm(  362): WAIT_FOR_CONCURRENT_GC blocked 275ms
D/dalvikvm(  362): WAIT_FOR_CONCURRENT_GC blocked 242ms
D/dalvikvm(  362): WAIT_FOR_CONCURRENT_GC blocked 204ms
D/dalvikvm(  362): WAIT_FOR_CONCURRENT_GC blocked 167ms
D/MobileDataStateTracker(  362): ims: Received state=DISCONNECTED, old=DISCONNECTED, reason=dataAttached
D/MobileDataStateTracker(  362): mms: Broadcast received: android.intent.action.ANY_DATA_STATE apnType=mms
D/MobileDataStateTracker(  362): mms: Received state=DISCONNECTED, old=DISCONNECTED, reason=dataAttached
D/MobileDataStateTracker(  362): cbs: Broadcast received: android.intent.action.ANY_DATA_STATE apnType=cbs
D/MobileDataStateTracker(  362): cbs: Received state=DISCONNECTED, old=DISCONNECTED, reason=dataAttached
D/MccTable(  602): updateMccMncConfiguration: mcc=310, mnc=260
D/MccTable(  602): getLocaleFromMcc to en_us mcc=310
D/MccTable(  602): getLocaleForLanguageCountry: skipping already persisted
D/MccTable(  602): getLocaleForLanguageCountry: X locale=null
D/MccTable(  602): updateMccMncConfiguration updateConfig config={1.0 310mcc260mnc ?locale ?layoutDir ?swdp ?wdp ?hdp ?density ?lsize ?long ?orien ?uimode ?night ?touch ?keyb/?/? ?nav/?}
D/dalvikvm(  602): GC_CONCURRENT freed 366K, 12% free 3354K/3788K, paused 4ms+13ms, total 51ms
D/dalvikvm(  602): WAIT_FOR_CONCURRENT_GC blocked 4ms
D/MobileDataStateTracker(  362): fota: Broadcast received: android.intent.action.ANY_DATA_STATE apnType=fota
D/dalvikvm(  602): GC_CONCURRENT freed 534K, 16% free 3277K/3880K, paused 3ms+35ms, total 152ms
D/dalvikvm(  692): GC_CONCURRENT freed 305K, 9% free 3871K/4248K, paused 22ms+33ms, total 120ms
D/dalvikvm(  362): GC_CONCURRENT freed 615K, 57% free 5587K/12740K, paused 5ms+4ms, total 224ms
D/MobileDataStateTracker(  362): fota: Received state=DISCONNECTED, old=DISCONNECTED, reason=simLoaded
D/MobileDataStateTracker(  362): ia: Broadcast received: android.intent.action.ANY_DATA_STATE apnType=ia
D/MobileDataStateTracker(  362): ia: Received state=DISCONNECTED, old=DISCONNECTED, reason=simLoaded
D/MobileDataStateTracker(  362): supl: Broadcast received: android.intent.action.ANY_DATA_STATE apnType=supl
D/MobileDataStateTracker(  362): supl: Received state=DISCONNECTED, old=DISCONNECTED, reason=simLoaded
D/MobileDataStateTracker(  362): hipri: Broadcast received: android.intent.action.ANY_DATA_STATE apnType=hipri
D/MobileDataStateTracker(  362): hipri: Received state=DISCONNECTED, old=DISCONNECTED, reason=simLoaded
D/MobileDataStateTracker(  362): ims: Broadcast received: android.intent.action.ANY_DATA_STATE apnType=ims
D/MobileDataStateTracker(  362): ims: Received state=DISCONNECTED, old=DISCONNECTED, reason=simLoaded
D/MobileDataStateTracker(  362): mms: Broadcast received: android.intent.action.ANY_DATA_STATE apnType=mms
D/MobileDataStateTracker(  362): mms: Received state=DISCONNECTED, old=DISCONNECTED, reason=simLoaded
D/MobileDataStateTracker(  362): cbs: Broadcast received: android.intent.action.ANY_DATA_STATE apnType=cbs
D/MobileDataStateTracker(  362): cbs: Received state=DISCONNECTED, old=DISCONNECTED, reason=simLoaded
D/MobileDataStateTracker(  362): default: Broadcast received: android.intent.action.ANY_DATA_STATE apnType=default
D/MobileDataStateTracker(  362): default: Received state=CONNECTING, old=DISCONNECTED, reason=simLoaded
D/MobileDataStateTracker(  362): default: setDetailed state, old =IDLE and new state=CONNECTING
D/MobileDataStateTracker(  362): fota: Broadcast received: android.intent.action.ANY_DATA_STATE apnType=fota
D/MobileDataStateTracker(  362): fota: Received state=DISCONNECTED, old=DISCONNECTED, reason=simLoaded
D/MobileDataStateTracker(  362): ia: Broadcast received: android.intent.action.ANY_DATA_STATE apnType=ia
D/MobileDataStateTracker(  362): ia: Received state=DISCONNECTED, old=DISCONNECTED, reason=simLoaded
D/MobileDataStateTracker(  362): supl: Broadcast received: android.intent.action.ANY_DATA_STATE apnType=supl
D/MobileDataStateTracker(  362): supl: Received state=DISCONNECTED, old=DISCONNECTED, reason=simLoaded
D/MobileDataStateTracker(  362): hipri: Broadcast received: android.intent.action.ANY_DATA_STATE apnType=hipri
D/MobileDataStateTracker(  362): hipri: Received state=DISCONNECTED, old=DISCONNECTED, reason=simLoaded
D/MobileDataStateTracker(  362): ims: Broadcast received: android.intent.action.ANY_DATA_STATE apnType=ims
D/MobileDataStateTracker(  362): ims: Received state=DISCONNECTED, old=DISCONNECTED, reason=simLoaded
D/MobileDataStateTracker(  362): mms: Broadcast received: android.intent.action.ANY_DATA_STATE apnType=mms
D/MobileDataStateTracker(  362): mms: Received state=DISCONNECTED, old=DISCONNECTED, reason=simLoaded
D/MobileDataStateTracker(  362): cbs: Broadcast received: android.intent.action.ANY_DATA_STATE apnType=cbs
D/MobileDataStateTracker(  362): cbs: Received state=DISCONNECTED, old=DISCONNECTED, reason=simLoaded
D/MobileDataStateTracker(  362): default: Broadcast received: android.intent.action.ANY_DATA_STATE apnType=default
D/MobileDataStateTracker(  362): default: Received state=CONNECTED, old=CONNECTING, reason=connected
D/MobileDataStateTracker(  362): default: setDetailed state, old =CONNECTING and new state=CONNECTED
D/ConnectivityService(  362): ConnectivityChange for mobile: CONNECTED/CONNECTED
D/ConnectivityService(  362): ConnectivityChange checkMobileProvisioning for TYPE_MOBILE or ProvisioningNetwork
D/ConnectivityService(  362): checkMobileProvisioning: E suggestedTimeOutMs=60000
D/ConnectivityService(  362): setProvNotificationVisible: E visible=false networkType=5 extraInfo=null url=null
D/ConnectivityService(  362): checkMobileProvisioning: params={ url=http://clients3.google.com/generate_204 mTimeOutMs=60000 mCb=com.android.server.ConnectivityService$5@b3662390}
D/ConnectivityService(  362): checkMobileProvisioning: X
D/dalvikvm(  602): GC_CONCURRENT freed 385K, 15% free 3318K/3880K, paused 7ms+3ms, total 268ms
I/SurfaceFlinger(   58): Boot is finished (72616 ms)
D/Nat464Xlat(  362): requiresClat: netType=0, hasIPv4Address=true
I/NetworkPolicy(  362): no policy for active mobile network; generating default policy
D/MobileDataStateTracker(  362): default: setPolicyDataEnable(enabled=true)
D/MobileDataStateTracker(  362): default: isProvisioningNetwork: retVal=false
D/ConnectivityService(  362): [CheckMp] isMobileOk: isDefaultProvisioning=false
D/MobileDataStateTracker(  362): hipri: isProvisioningNetwork: retVal=false
D/ConnectivityService(  362): [CheckMp] isMobileOk: isHipriProvisioning=false
D/ConnectivityService(  362): [CheckMp] isMobileOk: start hipri url=http://clients3.google.com/generate_204
W/ActivityManager(  362): Launch timeout has expired, giving up wake lock!
I/MediaProvider(  629): Upgrading media database from version 0 to 700, which will destroy all old data
I/PackageManager(  362):   Action: "android.intent.action.SENDTO"
I/PackageManager(  362):   Category: "android.intent.category.DEFAULT"
I/PackageManager(  362):   Scheme: "sms"
I/PackageManager(  362): Adding preferred activity ComponentInfo{com.android.mms/com.android.mms.ui.ComposeMessageActivity} for user 0 :
I/PackageManager(  362):   Action: "android.intent.action.SENDTO"
I/PackageManager(  362):   Category: "android.intent.category.DEFAULT"
I/PackageManager(  362):   Scheme: "smsto"
I/PackageManager(  362): Adding preferred activity ComponentInfo{com.android.mms/com.android.mms.ui.ComposeMessageActivity} for user 0 :
I/PackageManager(  362):   Action: "android.intent.action.SENDTO"
I/PackageManager(  362):   Category: "android.intent.category.DEFAULT"
I/PackageManager(  362):   Scheme: "mms"
I/PackageManager(  362): Adding preferred activity ComponentInfo{com.android.mms/com.android.mms.ui.ComposeMessageActivity} for user 0 :
I/PackageManager(  362):   Action: "android.intent.action.SENDTO"
I/PackageManager(  362):   Category: "android.intent.category.DEFAULT"
I/PackageManager(  362):   Scheme: "mmsto"
I/PackageManager(  362): Adding preferred activity ComponentInfo{com.android.mms/com.android.mms.ui.ComposeMessageActivity} for user 0 :
I/PackageManager(  362):   Action: "android.intent.action.SENDTO"
I/PackageManager(  362):   Category: "android.intent.category.DEFAULT"
I/PackageManager(  362):   Scheme: "sms"
I/PackageManager(  362): Adding preferred activity ComponentInfo{com.android.mms/com.android.mms.ui.ComposeMessageActivity} for user 0 :
D/dalvikvm(  362): GC_CONCURRENT freed 620K, 56% free 5690K/12740K, paused 36ms+15ms, total 251ms
D/dalvikvm(  362): WAIT_FOR_CONCURRENT_GC blocked 76ms
D/dalvikvm(  602): GC_CONCURRENT freed 335K, 14% free 3374K/3896K, paused 4ms+3ms, total 62ms
D/dalvikvm(  602): WAIT_FOR_CONCURRENT_GC blocked 42ms
I/PackageManager(  362):   Action: "android.intent.action.SENDTO"
I/PackageManager(  362):   Category: "android.intent.category.DEFAULT"
I/PackageManager(  362):   Scheme: "smsto"
I/PackageManager(  362): Adding preferred activity ComponentInfo{com.android.mms/com.android.mms.ui.ComposeMessageActivity} for user 0 :
I/PackageManager(  362):   Action: "android.intent.action.SENDTO"
I/PackageManager(  362):   Category: "android.intent.category.DEFAULT"
I/PackageManager(  362):   Scheme: "mms"
I/PackageManager(  362): Adding preferred activity ComponentInfo{com.android.mms/com.android.mms.ui.ComposeMessageActivity} for user 0 :
I/PackageManager(  362):   Action: "android.intent.action.SENDTO"
I/PackageManager(  362):   Category: "android.intent.category.DEFAULT"
I/PackageManager(  362):   Scheme: "mmsto"
I/PackageManager(  362): Adding preferred activity ComponentInfo{com.android.mms/com.android.mms.ui.ComposeMessageActivity} for user 0 :
E/NetdConnector(  362): NDC Command {12 bandwidth setiquota eth0 9223372036854775807} took too long (1723ms)
D/MobileDataStateTracker(  362): default: setPolicyDataEnable(enabled=true)
I/InputReader(  362): Reconfiguring input devices.  changes=0x00000010
W/WindowManager(  362): App freeze timeout expired.
W/WindowManager(  362): Force clearing freeze: AppWindowToken{b30fa780 token=Token{b2ddcec8 ActivityRecord{b2dd7e78 u0 com.android.launcher/com.android.launcher2.Launcher t3}}}
I/WindowManager(  362): Screen frozen for +5s33ms due to AppWindowToken{b30fa780 token=Token{b2ddcec8 ActivityRecord{b2dd7e78 u0 com.android.launcher/com.android.launcher2.Launcher t3}}}
E/NetdConnector(  362): NDC Command {13 bandwidth removeiquota eth0} took too long (1033ms)
D/CaptivePortalTracker(  362): NoActiveNetworkState{ when=-35ms what=1 obj=NetworkInfo: type: mobile[UMTS], state: CONNECTED/CONNECTED, reason: connected, extra: epc.tmobile.com, roaming: false, failover: false, isAvailable: true, isConnectedToProvisioningNetwork: false target=com.android.internal.util.StateMachine$SmHandler }
D/CaptivePortalTracker(  362): NoActiveNetworkState not a wifi connectivity change, ignore
I/Choreographer(  362): Skipped 32 frames!  The application may be doing too much work on its main thread.
D/Tethering(  362): MasterInitialState.processMessage what=3
I/ARMAssembler(   58): generated scanline__00000077:03515104_00009001_00000000 [131 ipp] (153 ins) at [0xb5ab7410:0xb5ab7674] in 10000000 ns
I/Choreographer(  362): Skipped 168 frames!  The application may be doing too much work on its main thread.
D/dalvikvm(  362): GC_CONCURRENT freed 715K, 56% free 5681K/12740K, paused 373ms+435ms, total 1463ms
D/dalvikvm(  362): WAIT_FOR_CONCURRENT_GC blocked 13ms
W/ProcessCpuTracker(  362): Skipping unknown process pid 792
D/dalvikvm(  362): GC_EXPLICIT freed 196K, 57% free 5491K/12740K, paused 76ms+27ms, total 506ms
I/Choreographer(  692): Skipped 1865 frames!  The application may be doing too much work on its main thread.
D/Launcher.Model(  692): Reload apps on config change. curr_mcc:310 prevmcc:0
E/NetdConnector(  362): NDC Command {14 bandwidth setiquota eth0 9223372036854775807} took too long (3117ms)
D/MobileDataStateTracker(  362): default: setPolicyDataEnable(enabled=true)
D/ConnectivityService(  362): startUsingNetworkFeature reconnecting to 0: enableHIPRI
D/ConnectivityService(  362): startUsingNetworkFeature X: return APN_REQUEST_STARTED
E/ConnectivityService(  362): startUsingNetworkFeature took too long: 5992ms
D/ConnectivityService(  362): [CheckMp] isMobileOk: hipri started
D/MobileDataStateTracker(  362): hipri: Broadcast received: android.intent.action.ANY_DATA_STATE apnType=hipri
D/MobileDataStateTracker(  362): hipri: Received state=CONNECTING, old=DISCONNECTED, reason=dataEnabled
D/MobileDataStateTracker(  362): hipri: setDetailed state, old =IDLE and new state=CONNECTING
D/MobileDataStateTracker(  362): fota: Broadcast received: android.intent.action.ANY_DATA_STATE apnType=fota
D/MobileDataStateTracker(  362): fota: Received state=DISCONNECTED, old=DISCONNECTED, reason=dataEnabled
D/MobileDataStateTracker(  362): ia: Broadcast received: android.intent.action.ANY_DATA_STATE apnType=ia
D/MobileDataStateTracker(  362): ia: Received state=DISCONNECTED, old=DISCONNECTED, reason=dataEnabled
D/dalvikvm(  602): GC_CONCURRENT freed 465K, 16% free 3306K/3896K, paused 15ms+2ms, total 172ms
D/MobileDataStateTracker(  362): supl: Broadcast received: android.intent.action.ANY_DATA_STATE apnType=supl
D/MobileDataStateTracker(  362): supl: Received state=DISCONNECTED, old=DISCONNECTED, reason=dataEnabled
D/MobileDataStateTracker(  362): ims: Broadcast received: android.intent.action.ANY_DATA_STATE apnType=ims
D/MobileDataStateTracker(  362): ims: Received state=DISCONNECTED, old=DISCONNECTED, reason=dataEnabled
D/MobileDataStateTracker(  362): mms: Broadcast received: android.intent.action.ANY_DATA_STATE apnType=mms
D/MobileDataStateTracker(  362): mms: Received state=DISCONNECTED, old=DISCONNECTED, reason=dataEnabled
D/MobileDataStateTracker(  362): cbs: Broadcast received: android.intent.action.ANY_DATA_STATE apnType=cbs
D/MobileDataStateTracker(  362): cbs: Received state=DISCONNECTED, old=DISCONNECTED, reason=dataEnabled
D/MobileDataStateTracker(  362): hipri: Broadcast received: android.intent.action.ANY_DATA_STATE apnType=hipri
D/MobileDataStateTracker(  362): hipri: Received state=CONNECTED, old=CONNECTING, reason=dataEnabled
D/MobileDataStateTracker(  362): hipri: setDetailed state, old =CONNECTING and new state=CONNECTED
D/AndroidRuntime(  793): 
D/AndroidRuntime(  793): >>>>>> AndroidRuntime START com.android.internal.os.RuntimeInit <<<<<<
D/ConnectivityService(  362): ConnectivityChange for mobile_hipri: CONNECTED/CONNECTED
D/AndroidRuntime(  793): CheckJNI is ON
D/ConnectivityService(  362): [CheckMp] isMobileOk: not connected ni=NetworkInfo: type: mobile_hipri[UMTS], state: CONNECTED/CONNECTED, reason: dataEnabled, extra: epc.tmobile.com, roaming: false, failover: false, isAvailable: true, isConnectedToProvisioningNetwork: false
E/logwrapper(  801): executing /system/bin/ip failed: No such file or directory
E/ConnectivityService(  362): Exception trying to add a route: java.lang.IllegalStateException: command '21 interface fwmark exempt add 10.0.2.2/32' failed with '400 21 Failed to add exemption rule (File exists)'
E/logwrapper(  802): executing /system/bin/ip failed: No such file or directory
D/dalvikvm(  793): Trying to load lib libjavacore.so 0x0
E/ConnectivityService(  362): Exception trying to add a route: java.lang.IllegalStateException: command '23 interface fwmark exempt add 10.0.2.3/32' failed with '400 23 Failed to add exemption rule (File exists)'
D/dalvikvm(  793): Added shared lib libjavacore.so 0x0
E/logwrapper(  803): executing /system/bin/ip failed: No such file or directory
E/ConnectivityService(  362): Exception trying to add a route: java.lang.IllegalStateException: command '25 interface fwmark exempt add 10.0.2.2/32' failed with '400 25 Failed to add exemption rule (File exists)'
D/dalvikvm(  793): Trying to load lib libnativehelper.so 0x0
D/dalvikvm(  793): Added shared lib libnativehelper.so 0x0
D/dalvikvm(  793): No JNI_OnLoad found in libnativehelper.so 0x0, skipping init
E/logwrapper(  804): executing /system/bin/ip failed: No such file or directory
E/ConnectivityService(  362): Exception trying to add a route: java.lang.IllegalStateException: command '27 interface fwmark exempt add 10.0.2.4/32' failed with '400 27 Failed to add exemption rule (File exists)'
E/logwrapper(  805): executing /system/bin/ip failed: No such file or directory
E/SecondaryTablController(   55): ip route add failed: /system/bin/ip route add 10.0.2.2/32 via 0.0.0.0 dev eth0 table 60
W/FrameworkListener(   55): Handler 'interface' error (No such device)
E/ConnectivityService(  362): Exception trying to add a route: java.lang.IllegalStateException: command '28 interface route add eth0 secondary 10.0.2.2 32 0.0.0.0' failed with '400 28 ip route modification failed (No such device)'
E/logwrapper(  806): executing /system/bin/ip failed: No such file or directory
E/SecondaryTablController(   55): ip route add failed: /system/bin/ip route add 0.0.0.0/0 via 10.0.2.2 dev eth0 table 60
W/FrameworkListener(   55): Handler 'interface' error (No such device)
E/ConnectivityService(  362): Exception trying to add a route: java.lang.IllegalStateException: command '29 interface route add eth0 secondary 0.0.0.0 0 10.0.2.2' failed with '400 29 ip route modification failed (No such device)'
D/Nat464Xlat(  362): requiresClat: netType=5, hasIPv4Address=true
D/MobileDataStateTracker(  362): default: setPolicyDataEnable(enabled=true)
W/NetworkPolicy(  362): shared quota unsupported; generating rule for each iface
D/dalvikvm(  793): Note: class Landroid/app/ActivityManagerNative; has 179 unimplemented (abstract) methods
I/Choreographer(  692): Skipped 399 frames!  The application may be doing too much work on its main thread.
D/gralloc_goldfish(  692): Emulator without GPU emulation detected.
D/dalvikvm(  692): GC_CONCURRENT freed 240K, 8% free 4034K/4348K, paused 6ms+4ms, total 121ms
D/dalvikvm(  692): WAIT_FOR_CONCURRENT_GC blocked 87ms
I/dalvikvm-heap(  692): Grow heap (frag case) to 5.542MB for 1610896-byte allocation
D/MobileDataStateTracker(  362): hipri: isProvisioningNetwork: retVal=false
D/ConnectivityService(  362): [CheckMp] isMobileOk: isProvisioningNetwork is false, continue
D/dalvikvm(  692): GC_FOR_ALLOC freed 111K, 8% free 5495K/5924K, paused 90ms, total 141ms
D/dalvikvm(  692): GC_CONCURRENT freed 19K, 8% free 5476K/5924K, paused 4ms+2ms, total 133ms
D/dalvikvm(  692): WAIT_FOR_CONCURRENT_GC blocked 71ms
I/dalvikvm-heap(  692): Grow heap (frag case) to 6.951MB for 1610896-byte allocation
D/ConnectivityService(  362): [CheckMp] isMobileOk: addresses=clients3.google.com/172.217.23.14
D/ConnectivityService(  362): [CheckMp] isMobileOk: linkHasIpv4=true linkHasIpv6=false
D/dalvikvm(  692): GC_FOR_ALLOC freed <1K, 7% free 7049K/7500K, paused 229ms, total 229ms
D/dalvikvm(  692): GC_CONCURRENT freed <1K, 6% free 7092K/7544K, paused 33ms+3ms, total 118ms
E/memtrack(  793): Couldn't load memtrack module (No such file or directory)
E/android.os.Debug(  793): failed to load memtrack module: -2
E/NetdConnector(  362): NDC Command {31 bandwidth removeiquota eth0} took too long (1778ms)
I/ActivityManager(  362): Displayed com.android.launcher/com.android.launcher2.Launcher: +16s936ms (total +20s631ms)
D/AndroidRuntime(  793): Calling main entry com.android.commands.pm.Pm
I/Choreographer(  362): Skipped 41 frames!  The application may be doing too much work on its main thread.
I/Choreographer(  362): Skipped 70 frames!  The application may be doing too much work on its main thread.
D/dalvikvm(  449): GC_FOR_ALLOC freed 3120K, 48% free 3588K/6776K, paused 453ms, total 471ms
I/dalvikvm-heap(  449): Grow heap (frag case) to 6.497MB for 3072016-byte allocation
D/Tethering(  362): MasterInitialState.processMessage what=3
I/Choreographer(  362): Skipped 32 frames!  The application may be doing too much work on its main thread.
D/CaptivePortalTracker(  362): NoActiveNetworkState{ when=-197ms what=1 obj=NetworkInfo: type: mobile_hipri[UMTS], state: CONNECTED/CONNECTED, reason: dataEnabled, extra: epc.tmobile.com, roaming: false, failover: false, isAvailable: true, isConnectedToProvisioningNetwork: false target=com.android.internal.util.StateMachine$SmHandler }
D/CaptivePortalTracker(  362): NoActiveNetworkState not a wifi connectivity change, ignore
D/dalvikvm(  449): GC_CONCURRENT freed 5K, 3% free 6582K/6776K, paused 133ms+34ms, total 337ms
D/dalvikvm(  449): WAIT_FOR_CONCURRENT_GC blocked 277ms
E/NetdConnector(  362): NDC Command {32 interface route add eth0 default 10.0.2.2 32 0.0.0.0} took too long (1943ms)
I/ActivityManager(  362): Start proc com.android.defcontainer for service com.android.defcontainer/.DefaultContainerService: pid=838 uid=10003 gids={50003, 1028, 1015, 1023, 2001, 1035}
E/logwrapper(  854): executing /system/bin/ip failed: No such file or directory
E/NetdConnector(  362): NDC Command {33 bandwidth setiquota eth0 9223372036854775807} took too long (1919ms)
W/ProcessCpuTracker(  362): Skipping unknown process pid 852
E/NetdConnector(  362): NDC Command {34 interface fwmark exempt add 10.0.2.2/32} took too long (670ms)
E/ConnectivityService(  362): Exception trying to add a route: java.lang.IllegalStateException: command '34 interface fwmark exempt add 10.0.2.2/32' failed with '400 34 Failed to add exemption rule (File exists)'
I/Choreographer(  692): Skipped 48 frames!  The application may be doing too much work on its main thread.
E/NetdConnector(  362): NDC Command {36 interface route add eth0 default 172.217.23.14 32 10.0.2.2} took too long (556ms)
E/logwrapper(  864): executing /system/bin/ip failed: No such file or directory
E/NetdConnector(  362): NDC Command {35 bandwidth removeiquota eth0} took too long (727ms)
E/ConnectivityService(  362): Exception trying to add a route: java.lang.IllegalStateException: command '37 interface fwmark exempt add 172.217.23.14/32' failed with '400 37 Failed to add exemption rule (File exists)'
D/ConnectivityService(  362): requestRouteToHostAddress ok=false
D/ConnectivityService(  362): [CheckMp] isMobileOk: could not establish route to hostAddr=clients3.google.com/172.217.23.14
I/Choreographer(  692): Skipped 186 frames!  The application may be doing too much work on its main thread.
I/Choreographer(  692): Skipped 79 frames!  The application may be doing too much work on its main thread.
E/SQLiteLog(  629): (1) no such table: album_info
E/NetdConnector(  362): NDC Command {38 bandwidth setiquota eth0 9223372036854775807} took too long (2081ms)
D/MobileDataStateTracker(  362): default: setPolicyDataEnable(enabled=true)
D/dalvikvm(  362): GC_CONCURRENT freed 504K, 57% free 5565K/12736K, paused 6ms+5ms, total 77ms
I/ActivityManager(  362): Start proc com.android.externalstorage for broadcast com.android.externalstorage/.MountReceiver: pid=885 uid=10006 gids={50006, 1028, 1015, 1023}
I/DownloadManager(  629): Upgrading downloads database from version 0 to version 109, which will destroy all old data
D/ExternalStorage(  885): Missing UUID for /storage/sdcard; skipping
D/ExternalStorage(  885): After updating volumes, found 0 active roots
I/ContactLocale(  548): AddressBook Labels [en_US]: [, A, B, C, D, E, F, G, H, I, J, K, L, M, N, O, P, Q, R, S, T, U, V, W, X, Y, Z, , , , , , , , , , , , , , , , , , , , , , , , , , , , , , , , , , , , , , , , , , , , , , , , , , , , , , , , , , , , , , , , , , , , , , , , , , , , , , , , , , , , , , , , , , , , , , , , , , , , , , , , , , , , , , , , , , , , , , , , , , , , , , , , , , , , , , , , , , , , , , , , , , , , , , , , , , , , , , , , , , , , , , , , , , , , , , , , , , , , , , #, ]
W/ActivityManager(  362): No content provider found for permission revoke: file:///data/local/tmp/sample_for_analysis.apk
E/logwrapper(  899): executing /system/bin/ip failed: No such file or directory
E/ConnectivityService(  362): Exception trying to add a route: java.lang.IllegalStateException: command '41 interface fwmark exempt add 10.0.2.2/32' failed with '400 41 Failed to add exemption rule (File exists)'
E/logwrapper(  900): executing /system/bin/ip failed: No such file or directory
E/ConnectivityService(  362): Exception trying to add a route: java.lang.IllegalStateException: command '43 interface fwmark exempt add 172.217.23.14/32' failed with '400 43 Failed to add exemption rule (File exists)'
D/ConnectivityService(  362): requestRouteToHostAddress ok=false
D/ConnectivityService(  362): [CheckMp] isMobileOk: could not establish route to hostAddr=clients3.google.com/172.217.23.14
D/dalvikvm(  692): GC_CONCURRENT freed 1930K, 24% free 6508K/8512K, paused 4ms+3ms, total 37ms
W/ActivityManager(  362): No content provider found for permission revoke: file:///data/local/tmp/sample_for_analysis.apk
I/PackageManager(  362): Copying native libraries to /data/app-lib/vmdl1324374150
D/GpsLocationProvider(  362): NTP server returned: 1545656246995 (Mon Dec 24 07:57:26 EST 2018) reference: 77743 certainty: 17 system time offset: -31897
I/ActivityManager(  362): Start proc com.android.exchange for content provider com.android.exchange/.provider.ExchangeDirectoryProvider: pid=903 uid=10025 gids={50025, 3003, 1028, 1015}
D/dalvikvm(  362): GC_CONCURRENT freed 530K, 56% free 5638K/12736K, paused 6ms+5ms, total 90ms
I/PackageManager(  362): Running dexopt on: com.anzhi14022604.shengjing
D/dalvikvm(  629): GC_CONCURRENT freed 282K, 11% free 2920K/3272K, paused 18ms+2ms, total 166ms
D/ExternalStorage(  885): Missing UUID for /storage/sdcard; skipping
D/ExternalStorage(  885): After updating volumes, found 0 active roots
E/logwrapper(  916): executing /system/bin/ip failed: No such file or directory
E/ConnectivityService(  362): Exception trying to add a route: java.lang.IllegalStateException: command '45 interface fwmark exempt add 10.0.2.2/32' failed with '400 45 Failed to add exemption rule (File exists)'
E/logwrapper(  917): executing /system/bin/ip failed: No such file or directory
