D/dalvikvm(  912): DexOpt: 'Landroid/content/pm/PackageParser$Provider;' has an earlier definition; blocking out
D/dalvikvm(  912): DexOpt: 'Landroid/content/pm/PackageParser$ProviderIntentInfo;' has an earlier definition; blocking out
D/dalvikvm(  912): DexOpt: 'Landroid/content/pm/PackageParser$Service;' has an earlier definition; blocking out
D/dalvikvm(  912): DexOpt: 'Landroid/content/pm/PackageParser$ServiceIntentInfo;' has an earlier definition; blocking out
D/dalvikvm(  912): DexOpt: 'Landroid/content/pm/PackageParser;' has an earlier definition; blocking out
D/dalvikvm(  912): DexOpt: 'Landroid/net/IConnectivityManager;' has an earlier definition; blocking out
D/dalvikvm(  912): DexOpt: 'Landroid/net/IConnectivityManager$Stub$Proxy;' has an earlier definition; blocking out
D/dalvikvm(  912): DexOpt: 'Landroid/net/IConnectivityManager$Stub;' has an earlier definition; blocking out
D/dalvikvm(  912): DexOpt: not verifying/optimizing 'Landroid/accounts/IAccountAuthenticator;': multiple definitions
D/dalvikvm(  912): DexOpt: not verifying/optimizing 'Landroid/accounts/IAccountAuthenticator$Stub$Proxy;': multiple definitions
D/dalvikvm(  912): DexOpt: not verifying/optimizing 'Landroid/accounts/IAccountAuthenticator$Stub;': multiple definitions
D/dalvikvm(  912): DexOpt: not verifying/optimizing 'Landroid/accounts/IAccountAuthenticatorResponse;': multiple definitions
D/dalvikvm(  912): DexOpt: not verifying/optimizing 'Landroid/accounts/IAccountAuthenticatorResponse$Stub$Proxy;': multiple definitions
D/dalvikvm(  912): DexOpt: not verifying/optimizing 'Landroid/accounts/IAccountAuthenticatorResponse$Stub;': multiple definitions
D/dalvikvm(  912): DexOpt: not verifying/optimizing 'Landroid/accounts/IAccountManagerResponse;': multiple definitions
D/dalvikvm(  912): DexOpt: not verifying/optimizing 'Landroid/accounts/IAccountManagerResponse$Stub$Proxy;': multiple definitions
D/dalvikvm(  912): DexOpt: not verifying/optimizing 'Landroid/accounts/IAccountManagerResponse$Stub;': multiple definitions
D/dalvikvm(  912): DexOpt: not verifying/optimizing 'Landroid/app/IServiceConnection;': multiple definitions
D/dalvikvm(  912): DexOpt: not verifying/optimizing 'Landroid/app/IServiceConnection$Stub$Proxy;': multiple definitions
D/dalvikvm(  912): DexOpt: not verifying/optimizing 'Landroid/app/IServiceConnection$Stub;': multiple definitions
D/dalvikvm(  912): DexOpt: not verifying/optimizing 'Landroid/app/IStopUserCallback;': multiple definitions
D/dalvikvm(  912): DexOpt: not verifying/optimizing 'Landroid/app/IStopUserCallback$Stub$Proxy;': multiple definitions
D/dalvikvm(  912): DexOpt: not verifying/optimizing 'Landroid/app/IStopUserCallback$Stub;': multiple definitions
D/dalvikvm(  912): DexOpt: not verifying/optimizing 'Landroid/content/IIntentReceiver;': multiple definitions
D/dalvikvm(  912): DexOpt: not verifying/optimizing 'Landroid/content/IIntentReceiver$Stub$Proxy;': multiple definitions
D/dalvikvm(  912): DexOpt: not verifying/optimizing 'Landroid/content/IIntentReceiver$Stub;': multiple definitions
D/dalvikvm(  912): DexOpt: not verifying/optimizing 'Landroid/content/ISyncAdapter;': multiple definitions
D/dalvikvm(  912): DexOpt: not verifying/optimizing 'Landroid/content/ISyncAdapter$Stub$Proxy;': multiple definitions
D/dalvikvm(  912): DexOpt: not verifying/optimizing 'Landroid/content/ISyncAdapter$Stub;': multiple definitions
D/dalvikvm(  912): DexOpt: not verifying/optimizing 'Landroid/content/ISyncContext;': multiple definitions
D/dalvikvm(  912): DexOpt: not verifying/optimizing 'Landroid/content/ISyncContext$Stub$Proxy;': multiple definitions
D/dalvikvm(  912): DexOpt: not verifying/optimizing 'Landroid/content/ISyncContext$Stub;': multiple definitions
D/dalvikvm(  912): DexOpt: not verifying/optimizing 'Landroid/content/ISyncStatusObserver;': multiple definitions
D/dalvikvm(  912): DexOpt: not verifying/optimizing 'Landroid/content/ISyncStatusObserver$Stub$Proxy;': multiple definitions
D/dalvikvm(  912): DexOpt: not verifying/optimizing 'Landroid/content/ISyncStatusObserver$Stub;': multiple definitions
D/dalvikvm(  912): DexOpt: not verifying/optimizing 'Landroid/content/SyncStatusInfo$1;': multiple definitions
D/dalvikvm(  912): DexOpt: not verifying/optimizing 'Landroid/content/SyncStatusInfo;': multiple definitions
D/dalvikvm(  912): DexOpt: not verifying/optimizing 'Landroid/content/pm/IPackageDataObserver;': multiple definitions
D/dalvikvm(  912): DexOpt: not verifying/optimizing 'Landroid/content/pm/IPackageDataObserver$Stub$Proxy;': multiple definitions
D/dalvikvm(  912): DexOpt: not verifying/optimizing 'Landroid/content/pm/IPackageDataObserver$Stub;': multiple definitions
D/dalvikvm(  912): DexOpt: not verifying/optimizing 'Landroid/content/pm/IPackageInstallObserver;': multiple definitions
D/dalvikvm(  912): DexOpt: not verifying/optimizing 'Landroid/content/pm/IPackageInstallObserver$Stub$Proxy;': multiple definitions
D/dalvikvm(  912): DexOpt: not verifying/optimizing 'Landroid/content/pm/IPackageInstallObserver$Stub;': multiple definitions
D/dalvikvm(  912): DexOpt: not verifying/optimizing 'Landroid/content/pm/PackageParser$Component;': multiple definitions
D/dalvikvm(  912): DexOpt: not verifying/optimizing 'Landroid/content/pm/PackageParser$Activity;': multiple definitions
D/dalvikvm(  912): DexOpt: not verifying/optimizing 'Landroid/content/pm/PackageParser$IntentInfo;': multiple definitions
D/dalvikvm(  912): DexOpt: not verifying/optimizing 'Landroid/content/pm/PackageParser$ActivityIntentInfo;': multiple definitions
D/dalvikvm(  912): DexOpt: not verifying/optimizing 'Landroid/content/pm/PackageParser$Instrumentation;': multiple definitions
D/dalvikvm(  912): DexOpt: not verifying/optimizing 'Landroid/content/pm/PackageParser$Package;': multiple definitions
D/dalvikvm(  912): DexOpt: not verifying/optimizing 'Landroid/content/pm/PackageParser$Permission;': multiple definitions
D/dalvikvm(  912): DexOpt: not verifying/optimizing 'Landroid/content/pm/PackageParser$PermissionGroup;': multiple definitions
D/dalvikvm(  912): DexOpt: not verifying/optimizing 'Landroid/content/pm/PackageParser$Provider;': multiple definitions
D/dalvikvm(  912): DexOpt: not verifying/optimizing 'Landroid/content/pm/PackageParser$ProviderIntentInfo;': multiple definitions
D/dalvikvm(  912): DexOpt: not verifying/optimizing 'Landroid/content/pm/PackageParser$Service;': multiple definitions
D/dalvikvm(  912): DexOpt: not verifying/optimizing 'Landroid/content/pm/PackageParser$ServiceIntentInfo;': multiple definitions
D/dalvikvm(  912): DexOpt: not verifying/optimizing 'Landroid/content/pm/PackageParser;': multiple definitions
D/dalvikvm(  912): DexOpt: not verifying/optimizing 'Landroid/net/IConnectivityManager;': multiple definitions
D/dalvikvm(  912): DexOpt: not verifying/optimizing 'Landroid/net/IConnectivityManager$Stub$Proxy;': multiple definitions
D/dalvikvm(  912): DexOpt: not verifying/optimizing 'Landroid/net/IConnectivityManager$Stub;': multiple definitions
I/dalvikvm(  912): DexOpt: not resolving ambiguous class 'Landroid/accounts/IAccountManagerResponse;'
I/dalvikvm(  912): DexOpt: not resolving ambiguous class 'Landroid/accounts/IAccountManagerResponse;'
I/dalvikvm(  912): DexOpt: not resolving ambiguous class 'Landroid/accounts/IAccountManagerResponse;'
I/dalvikvm(  912): DexOpt: not resolving ambiguous class 'Landroid/accounts/IAccountManagerResponse;'
I/dalvikvm(  912): DexOpt: not resolving ambiguous class 'Landroid/accounts/IAccountManagerResponse;'
I/dalvikvm(  912): DexOpt: not resolving ambiguous class 'Landroid/accounts/IAccountManagerResponse;'
I/dalvikvm(  912): DexOpt: not resolving ambiguous class 'Landroid/accounts/IAccountManagerResponse;'
I/dalvikvm(  912): DexOpt: not resolving ambiguous class 'Landroid/accounts/IAccountManagerResponse;'
I/dalvikvm(  912): DexOpt: not resolving ambiguous class 'Landroid/accounts/IAccountManagerResponse;'
I/dalvikvm(  912): DexOpt: not resolving ambiguous class 'Landroid/accounts/IAccountManagerResponse;'
I/dalvikvm(  912): DexOpt: not resolving ambiguous class 'Landroid/accounts/IAccountManagerResponse;'
I/dalvikvm(  912): DexOpt: not resolving ambiguous class 'Landroid/accounts/IAccountManagerResponse;'
I/dalvikvm(  912): DexOpt: not resolving ambiguous class 'Landroid/accounts/IAccountManagerResponse;'
D/dalvikvm(  912): DexOpt: couldn't find field Landroid/app/ActivityManager$RecentTaskInfo;.topActivity
I/dalvikvm(  912): DexOpt: not resolving ambiguous class 'Landroid/app/IServiceConnection;'
I/dalvikvm(  912): DexOpt: not resolving ambiguous class 'Landroid/content/IIntentReceiver$Stub;'
I/dalvikvm(  912): DexOpt: not resolving ambiguous class 'Landroid/content/IIntentReceiver;'
I/dalvikvm(  912): DexOpt: not resolving ambiguous class 'Landroid/app/IServiceConnection;'
I/dalvikvm(  912): DexOpt: not resolving ambiguous class 'Landroid/content/pm/IPackageDataObserver;'
I/dalvikvm(  912): DexOpt: not resolving ambiguous class 'Landroid/app/IServiceConnection$Stub;'
I/dalvikvm(  912): DexOpt: not resolving ambiguous class 'Landroid/accounts/IAccountManagerResponse$Stub;'
D/dalvikvm(  912): DexOpt: couldn't find static field Landroid/os/Build$VERSION;.PREVIEW_SDK_INT
D/dalvikvm(  912): DexOpt: couldn't find static field Landroid/os/Build;.SUPPORTED_64_BIT_ABIS
I/dalvikvm(  912): DexOpt: not resolving ambiguous class 'Landroid/content/pm/PackageParser;'
I/dalvikvm(  912): DexOpt: not resolving ambiguous class 'Landroid/accounts/IAccountManagerResponse;'
I/dalvikvm(  912): DexOpt: not resolving ambiguous class 'Landroid/accounts/IAccountManagerResponse$Stub;'
I/dalvikvm(  912): DexOpt: not resolving ambiguous class 'Landroid/app/IServiceConnection;'
I/dalvikvm(  912): DexOpt: not resolving ambiguous class 'Landroid/app/IServiceConnection$Stub;'
I/dalvikvm(  912): DexOpt: not resolving ambiguous class 'Landroid/accounts/IAccountAuthenticatorResponse$Stub;'
I/dalvikvm(  912): DexOpt: not resolving ambiguous class 'Landroid/accounts/IAccountAuthenticator;'
I/dalvikvm(  912): DexOpt: not resolving ambiguous class 'Landroid/accounts/IAccountManagerResponse;'
I/dalvikvm(  912): DexOpt: not resolving ambiguous class 'Landroid/accounts/IAccountAuthenticator;'
I/dalvikvm(  912): DexOpt: not resolving ambiguous class 'Landroid/accounts/IAccountAuthenticator;'
I/dalvikvm(  912): DexOpt: not resolving ambiguous class 'Landroid/accounts/IAccountAuthenticator;'
I/dalvikvm(  912): DexOpt: not resolving ambiguous class 'Landroid/accounts/IAccountAuthenticator;'
I/dalvikvm(  912): DexOpt: not resolving ambiguous class 'Landroid/accounts/IAccountAuthenticator;'
I/dalvikvm(  912): DexOpt: not resolving ambiguous class 'Landroid/accounts/IAccountManagerResponse;'
I/dalvikvm(  912): DexOpt: not resolving ambiguous class 'Landroid/accounts/IAccountAuthenticator;'
I/dalvikvm(  912): DexOpt: not resolving ambiguous class 'Landroid/accounts/IAccountManagerResponse;'
D/dalvikvm(  912): DexOpt: couldn't find field Landroid/content/pm/ActivityInfo;.documentLaunchMode
I/dalvikvm(  912): DexOpt: not resolving ambiguous class 'Landroid/app/IServiceConnection;'
I/dalvikvm(  912): DexOpt: not resolving ambiguous class 'Landroid/app/IServiceConnection;'
I/dalvikvm(  912): DexOpt: not resolving ambiguous class 'Landroid/app/IServiceConnection;'
D/dalvikvm(  912): DexOpt: couldn't find field Landroid/app/Notification;.headsUpContentView
D/dalvikvm(  912): DexOpt: couldn't find field Landroid/app/Notification;.headsUpContentView
I/dalvikvm(  912): DexOpt: not resolving ambiguous class 'Landroid/app/IStopUserCallback$Stub;'
I/dalvikvm(  912): DexOpt: not resolving ambiguous class 'Landroid/content/pm/PackageParser$Package;'
I/dalvikvm(  912): DexOpt: not resolving ambiguous class 'Landroid/content/pm/PackageParser$Component;'
I/dalvikvm(  912): DexOpt: not resolving ambiguous class 'Landroid/content/pm/PackageParser$Activity;'
I/dalvikvm(  912): DexOpt: not resolving ambiguous class 'Landroid/content/pm/PackageParser$IntentInfo;'
I/dalvikvm(  912): DexOpt: not resolving ambiguous class 'Landroid/content/pm/PackageParser$Instrumentation;'
I/dalvikvm(  912): DexOpt: not resolving ambiguous class 'Landroid/content/pm/PackageParser$Permission;'
I/dalvikvm(  912): DexOpt: not resolving ambiguous class 'Landroid/content/pm/PackageParser$PermissionGroup;'
I/dalvikvm(  912): DexOpt: not resolving ambiguous class 'Landroid/content/pm/PackageParser$Provider;'
I/dalvikvm(  912): DexOpt: not resolving ambiguous class 'Landroid/content/pm/PackageParser$Service;'
D/dalvikvm(  912): DexOpt: load 165ms, verify+opt 678ms, 1510052 bytes
E/logwrapper(  913): executing /system/bin/ip failed: No such file or directory
E/ConnectivityService(  350): Exception trying to add a route: java.lang.IllegalStateException: command '45 interface fwmark exempt add 10.0.2.2/32' failed with '400 45 Failed to add exemption rule (File exists)'
E/logwrapper(  914): executing /system/bin/ip failed: No such file or directory
E/ConnectivityService(  350): Exception trying to add a route: java.lang.IllegalStateException: command '47 interface fwmark exempt add 216.58.206.110/32' failed with '400 47 Failed to add exemption rule (File exists)'
D/ConnectivityService(  350): requestRouteToHostAddress ok=false
D/ConnectivityService(  350): [CheckMp] isMobileOk: could not establish route to hostAddr=clients3.google.com/216.58.206.110
W/PackageManager(  350): Unknown permission com.huawei.authentication.HW_ACCESS_AUTH_SERVICE in package uWWQ.vJCb.Chj
W/PackageManager(  350): Unknown permission com.samsung.svoice.sync.READ_DATABASE in package uWWQ.vJCb.Chj
W/PackageManager(  350): Unknown permission com.samsung.svoice.sync.ACCESS_SERVICE in package uWWQ.vJCb.Chj
W/PackageManager(  350): Unknown permission com.samsung.svoice.sync.WRITE_DATABASE in package uWWQ.vJCb.Chj
W/PackageManager(  350): Unknown permission com.sec.android.app.voicenote.Controller in package uWWQ.vJCb.Chj
W/PackageManager(  350): Unknown permission com.sec.android.permission.VOIP_INTERFACE in package uWWQ.vJCb.Chj
W/PackageManager(  350): Unknown permission com.sec.android.permission.LAUNCH_PERSONAL_PAGE_SERVICE in package uWWQ.vJCb.Chj
W/PackageManager(  350): Unknown permission com.samsung.android.providers.context.permission.WRITE_USE_APP_FEATURE_SURVEY in package uWWQ.vJCb.Chj
W/PackageManager(  350): Unknown permission com.samsung.android.providers.context.permission.READ_RECORD_AUDIO in package uWWQ.vJCb.Chj
W/PackageManager(  350): Unknown permission com.samsung.android.providers.context.permission.WRITE_RECORD_AUDIO in package uWWQ.vJCb.Chj
W/PackageManager(  350): Unknown permission com.sec.android.settings.permission.SOFT_RESET in package uWWQ.vJCb.Chj
W/PackageManager(  350): Unknown permission sec.android.permission.READ_MSG_PREF in package uWWQ.vJCb.Chj
W/PackageManager(  350): Unknown permission com.samsung.android.scloud.backup.lib.read in package uWWQ.vJCb.Chj
W/PackageManager(  350): Unknown permission com.samsung.android.scloud.backup.lib.write in package uWWQ.vJCb.Chj
W/PackageManager(  350): Not granting permission android.permission.BIND_DIRECTORY_SEARCH to package uWWQ.vJCb.Chj (protectionLevel=18 flags=0x8be44)
W/PackageManager(  350): Not granting permission android.permission.UPDATE_APP_OPS_STATS to package uWWQ.vJCb.Chj (protectionLevel=18 flags=0x8be44)
W/PackageManager(  350): Not granting permission com.android.voicemail.permission.READ_WRITE_ALL_VOICEMAIL to package uWWQ.vJCb.Chj (protectionLevel=18 flags=0x8be44)
W/PackageManager(  350): Not granting permission android.permission.ACCOUNT_MANAGER to package uWWQ.vJCb.Chj (protectionLevel=2 flags=0x8be44)
W/PackageManager(  350): Not granting permission android.permission.PACKAGE_USAGE_STATS to package uWWQ.vJCb.Chj (protectionLevel=18 flags=0x8be44)
W/PackageManager(  350): Not granting permission android.permission.BIND_APPWIDGET to package uWWQ.vJCb.Chj (protectionLevel=18 flags=0x8be44)
W/PackageManager(  350): Unknown permission android.permission.BODY_SENSORS in package uWWQ.vJCb.Chj
W/PackageManager(  350): Unknown permission android.permission.GET_CLIPS in package uWWQ.vJCb.Chj
W/PackageManager(  350): Unknown permission android.permission.READ_CLIPS in package uWWQ.vJCb.Chj
W/PackageManager(  350): Unknown permission android.permission.READ_INSTALL_SESSIONS in package uWWQ.vJCb.Chj
W/PackageManager(  350): Unknown permission android.permission.WRITE_CLIPS in package uWWQ.vJCb.Chj
W/PackageManager(  350): Unknown permission android.permission.USE_FINGERPRINT in package uWWQ.vJCb.Chj
W/PackageManager(  350): Unknown permission com.android.vending.BILLING in package uWWQ.vJCb.Chj
W/PackageManager(  350): Unknown permission com.android.vending.CHECK_LICENSE in package uWWQ.vJCb.Chj
W/PackageManager(  350): Unknown permission com.google.android.c2dm.permission.RECEIVE in package uWWQ.vJCb.Chj
W/PackageManager(  350): Unknown permission com.google.android.gms.permission.ACTIVITY_RECOGNITION in package uWWQ.vJCb.Chj
W/PackageManager(  350): Unknown permission com.google.android.gms.permission.AD_ID_NOTIFICATION in package uWWQ.vJCb.Chj
W/PackageManager(  350): Unknown permission com.google.android.googleapps.permission.GOOGLE_AUTH in package uWWQ.vJCb.Chj
W/PackageManager(  350): Unknown permission com.google.android.googleapps.permission.GOOGLE_AUTH.OTHER_SERVICES in package uWWQ.vJCb.Chj
W/PackageManager(  350): Unknown permission com.google.android.googleapps.permission.GOOGLE_AUTH.YouTubeUser in package uWWQ.vJCb.Chj
W/PackageManager(  350): Unknown permission com.google.android.googleapps.permission.GOOGLE_AUTH.adsense in package uWWQ.vJCb.Chj
W/PackageManager(  350): Unknown permission com.google.android.googleapps.permission.GOOGLE_AUTH.adwords in package uWWQ.vJCb.Chj
W/PackageManager(  350): Unknown permission com.google.android.googleapps.permission.GOOGLE_AUTH.ah in package uWWQ.vJCb.Chj
W/PackageManager(  350): Unknown permission com.google.android.googleapps.permission.GOOGLE_AUTH.android in package uWWQ.vJCb.Chj
W/PackageManager(  350): Unknown permission com.google.android.googleapps.permission.GOOGLE_AUTH.androidsecure in package uWWQ.vJCb.Chj
W/PackageManager(  350): Unknown permission com.google.android.googleapps.permission.GOOGLE_AUTH.blogger in package uWWQ.vJCb.Chj
W/PackageManager(  350): Unknown permission com.google.android.googleapps.permission.GOOGLE_AUTH.cl in package uWWQ.vJCb.Chj
W/PackageManager(  350): Unknown permission com.google.android.googleapps.permission.GOOGLE_AUTH.cp in package uWWQ.vJCb.Chj
W/PackageManager(  350): Unknown permission com.google.android.googleapps.permission.GOOGLE_AUTH.dodgeball in package uWWQ.vJCb.Chj
W/PackageManager(  350): Unknown permission com.google.android.googleapps.permission.GOOGLE_AUTH.finance in package uWWQ.vJCb.Chj
W/PackageManager(  350): Unknown permission com.google.android.googleapps.permission.GOOGLE_AUTH.gbase in package uWWQ.vJCb.Chj
W/PackageManager(  350): Unknown permission com.google.android.googleapps.permission.GOOGLE_AUTH.grandcentral in package uWWQ.vJCb.Chj
W/PackageManager(  350): Unknown permission com.google.android.googleapps.permission.GOOGLE_AUTH.groups2 in package uWWQ.vJCb.Chj
W/PackageManager(  350): Unknown permission com.google.android.googleapps.permission.GOOGLE_AUTH.health in package uWWQ.vJCb.Chj
W/PackageManager(  350): Unknown permission com.google.android.googleapps.permission.GOOGLE_AUTH.ig in package uWWQ.vJCb.Chj
W/PackageManager(  350): Unknown permission com.google.android.googleapps.permission.GOOGLE_AUTH.jotspot in package uWWQ.vJCb.Chj
W/PackageManager(  350): Unknown permission com.google.android.googleapps.permission.GOOGLE_AUTH.knol in package uWWQ.vJCb.Chj
W/PackageManager(  350): Unknown permission com.google.android.googleapps.permission.GOOGLE_AUTH.lh2 in package uWWQ.vJCb.Chj
W/PackageManager(  350): Unknown permission com.google.android.googleapps.permission.GOOGLE_AUTH.local in package uWWQ.vJCb.Chj
W/PackageManager(  350): Unknown permission com.google.android.googleapps.permission.GOOGLE_AUTH.mail in package uWWQ.vJCb.Chj
W/PackageManager(  350): Unknown permission com.google.android.googleapps.permission.GOOGLE_AUTH.mobile in package uWWQ.vJCb.Chj
W/PackageManager(  350): Unknown permission com.google.android.googleapps.permission.GOOGLE_AUTH.news in package uWWQ.vJCb.Chj
W/PackageManager(  350): Unknown permission com.google.android.googleapps.permission.GOOGLE_AUTH.notebook in package uWWQ.vJCb.Chj
W/PackageManager(  350): Unknown permission com.google.android.googleapps.permission.GOOGLE_AUTH.orkut in package uWWQ.vJCb.Chj
W/PackageManager(  350): Unknown permission com.google.android.googleapps.permission.GOOGLE_AUTH.print in package uWWQ.vJCb.Chj
W/PackageManager(  350): Unknown permission com.google.android.googleapps.permission.GOOGLE_AUTH.sierra in package uWWQ.vJCb.Chj
W/PackageManager(  350): Unknown permission com.google.android.googleapps.permission.GOOGLE_AUTH.sierraqa in package uWWQ.vJCb.Chj
W/PackageManager(  350): Unknown permission com.google.android.googleapps.permission.GOOGLE_AUTH.sierrasandbox in package uWWQ.vJCb.Chj
W/PackageManager(  350): Unknown permission com.google.android.googleapps.permission.GOOGLE_AUTH.sitemaps in package uWWQ.vJCb.Chj
W/PackageManager(  350): Unknown permission com.google.android.googleapps.permission.GOOGLE_AUTH.speech in package uWWQ.vJCb.Chj
W/PackageManager(  350): Unknown permission com.google.android.googleapps.permission.GOOGLE_AUTH.speechpersonalization in package uWWQ.vJCb.Chj
W/PackageManager(  350): Unknown permission com.google.android.googleapps.permission.GOOGLE_AUTH.talk in package uWWQ.vJCb.Chj
W/PackageManager(  350): Unknown permission com.google.android.googleapps.permission.GOOGLE_AUTH.wifi in package uWWQ.vJCb.Chj
W/PackageManager(  350): Unknown permission com.google.android.googleapps.permission.GOOGLE_AUTH.wise in package uWWQ.vJCb.Chj
W/PackageManager(  350): Unknown permission com.google.android.googleapps.permission.GOOGLE_AUTH.writely in package uWWQ.vJCb.Chj
W/PackageManager(  350): Unknown permission com.google.android.googleapps.permission.GOOGLE_AUTH.youtube in package uWWQ.vJCb.Chj
W/PackageManager(  350): Unknown permission com.google.android.launcher.permission.READ_SETTINGS in package uWWQ.vJCb.Chj
W/PackageManager(  350): Unknown permission com.google.android.providers.gsf.permission.READ_GSERVICES in package uWWQ.vJCb.Chj
W/PackageManager(  350): Unknown permission com.google.android.providers.talk.permission.READ_ONLY in package uWWQ.vJCb.Chj
W/PackageManager(  350): Unknown permission com.google.android.providers.talk.permission.WRITE_ONLY in package uWWQ.vJCb.Chj
W/PackageManager(  350): Not granting permission android.permission.MOUNT_UNMOUNT_FILESYSTEMS to package uWWQ.vJCb.Chj (protectionLevel=18 flags=0x8be44)
W/PackageManager(  350): Not granting permission android.permission.READ_LOGS to package uWWQ.vJCb.Chj (protectionLevel=50 flags=0x8be44)
W/PackageManager(  350): Not granting permission android.permission.INSTALL_PACKAGES to package uWWQ.vJCb.Chj (protectionLevel=18 flags=0x8be44)
W/PackageManager(  350): Not granting permission android.permission.DELETE_PACKAGES to package uWWQ.vJCb.Chj (protectionLevel=18 flags=0x8be44)
W/PackageManager(  350): Not granting permission android.permission.CLEAR_APP_USER_DATA to package uWWQ.vJCb.Chj (protectionLevel=2 flags=0x8be44)
W/PackageManager(  350): Not granting permission android.permission.WRITE_MEDIA_STORAGE to package uWWQ.vJCb.Chj (protectionLevel=18 flags=0x8be44)
W/PackageManager(  350): Not granting permission android.permission.ACCESS_CACHE_FILESYSTEM to package uWWQ.vJCb.Chj (protectionLevel=18 flags=0x8be44)
W/PackageManager(  350): Unknown permission android.permission.READ_OWNER_DATA in package uWWQ.vJCb.Chj
W/PackageManager(  350): Unknown permission android.permission.WRITE_OWNER_DATA in package uWWQ.vJCb.Chj
W/PackageManager(  350): Not granting permission android.permission.CHANGE_CONFIGURATION to package uWWQ.vJCb.Chj (protectionLevel=50 flags=0x8be44)
W/PackageManager(  350): Not granting permission android.permission.DEVICE_POWER to package uWWQ.vJCb.Chj (protectionLevel=2 flags=0x8be44)
W/PackageManager(  350): Not granting permission android.permission.BATTERY_STATS to package uWWQ.vJCb.Chj (protectionLevel=18 flags=0x8be44)
W/PackageManager(  350): Not granting permission android.permission.ACCESS_DOWNLOAD_MANAGER to package uWWQ.vJCb.Chj (protectionLevel=18 flags=0x8be44)
W/PackageManager(  350): Not granting permission com.android.launcher.permission.WRITE_SETTINGS to package uWWQ.vJCb.Chj (protectionLevel=18 flags=0x8be44)
W/PackageManager(  350): Unknown permission com.android.launcher3.permission.READ_SETTINGS in package uWWQ.vJCb.Chj
W/PackageManager(  350): Unknown permission com.android.launcher2.permission.READ_SETTINGS in package uWWQ.vJCb.Chj
W/PackageManager(  350): Unknown permission com.teslacoilsw.launcher.permission.READ_SETTINGS in package uWWQ.vJCb.Chj
W/PackageManager(  350): Unknown permission com.actionlauncher.playstore.permission.READ_SETTINGS in package uWWQ.vJCb.Chj
W/PackageManager(  350): Unknown permission com.mx.launcher.permission.READ_SETTINGS in package uWWQ.vJCb.Chj
W/PackageManager(  350): Unknown permission com.anddoes.launcher.permission.READ_SETTINGS in package uWWQ.vJCb.Chj
W/PackageManager(  350): Unknown permission com.apusapps.launcher.permission.READ_SETTINGS in package uWWQ.vJCb.Chj
W/PackageManager(  350): Unknown permission com.tsf.shell.permission.READ_SETTINGS in package uWWQ.vJCb.Chj
W/PackageManager(  350): Unknown permission com.htc.launcher.permission.READ_SETTINGS in package uWWQ.vJCb.Chj
W/PackageManager(  350): Unknown permission com.lenovo.launcher.permission.READ_SETTINGS in package uWWQ.vJCb.Chj
W/PackageManager(  350): Unknown permission com.oppo.launcher.permission.READ_SETTINGS in package uWWQ.vJCb.Chj
W/PackageManager(  350): Unknown permission com.bbk.launcher2.permission.READ_SETTINGS in package uWWQ.vJCb.Chj
W/PackageManager(  350): Unknown permission com.s.launcher.permission.READ_SETTINGS in package uWWQ.vJCb.Chj
W/PackageManager(  350): Unknown permission cn.nubia.launcher.permission.READ_SETTINGS in package uWWQ.vJCb.Chj
W/PackageManager(  350): Unknown permission com.huawei.android.launcher.permission.READ_SETTINGS in package uWWQ.vJCb.Chj
W/PackageManager(  350): Unknown permission com.huawei.android.launcher.permission.CHANGE_BADGE in package uWWQ.vJCb.Chj
W/PackageManager(  350): Unknown permission android.permission.GET_INTENT_SENDER_INTENT in package uWWQ.vJCb.Chj
W/PackageManager(  350): Not granting permission android.permission.WRITE_APN_SETTINGS to package uWWQ.vJCb.Chj (protectionLevel=18 flags=0x8be44)
D/dalvikvm(  350): GC_CONCURRENT freed 605K, 53% free 5758K/12076K, paused 6ms+6ms, total 84ms
I/ActivityManager(  350): Force stopping uWWQ.vJCb.Chj appid=10052 user=-1: update pkg
D/MediaScannerReceiver(  622): action: android.intent.action.MEDIA_MOUNTED path: /storage/sdcard
I/InputReader(  350): Reconfiguring input devices.  changes=0x00000010
I/PackageManager(  350):   Action: "android.intent.action.SENDTO"
I/PackageManager(  350):   Category: "android.intent.category.DEFAULT"
I/PackageManager(  350):   Scheme: "sms"
I/PackageManager(  350): Adding preferred activity ComponentInfo{com.android.mms/com.android.mms.ui.ComposeMessageActivity} for user 0 :
D/BackupManagerService(  350): Received broadcast Intent { act=android.intent.action.PACKAGE_ADDED dat=package:uWWQ.vJCb.Chj flg=0x4000010 (has extras) }
I/PackageManager(  350):   Action: "android.intent.action.SENDTO"
I/PackageManager(  350):   Category: "android.intent.category.DEFAULT"
I/PackageManager(  350):   Scheme: "smsto"
I/PackageManager(  350): Adding preferred activity ComponentInfo{com.android.mms/com.android.mms.ui.ComposeMessageActivity} for user 0 :
V/BackupManagerService(  350): addPackageParticipantsLocked: #1
I/PackageManager(  350):   Action: "android.intent.action.SENDTO"
I/PackageManager(  350):   Category: "android.intent.category.DEFAULT"
I/PackageManager(  350):   Scheme: "mms"
I/PackageManager(  350): Adding preferred activity ComponentInfo{com.android.mms/com.android.mms.ui.ComposeMessageActivity} for user 0 :
I/PackageManager(  350):   Action: "android.intent.action.SENDTO"
I/PackageManager(  350):   Category: "android.intent.category.DEFAULT"
I/PackageManager(  350):   Scheme: "mmsto"
I/PackageManager(  350): Adding preferred activity ComponentInfo{com.android.mms/com.android.mms.ui.ComposeMessageActivity} for user 0 :
I/PackageManager(  350):   Action: "android.intent.action.SENDTO"
I/PackageManager(  350):   Category: "android.intent.category.DEFAULT"
I/PackageManager(  350):   Scheme: "sms"
I/PackageManager(  350): Adding preferred activity ComponentInfo{com.android.mms/com.android.mms.ui.ComposeMessageActivity} for user 0 :
I/PackageManager(  350):   Action: "android.intent.action.SENDTO"
I/PackageManager(  350):   Category: "android.intent.category.DEFAULT"
I/PackageManager(  350):   Scheme: "smsto"
I/PackageManager(  350): Adding preferred activity ComponentInfo{com.android.mms/com.android.mms.ui.ComposeMessageActivity} for user 0 :
D/dalvikvm(  603): GC_CONCURRENT freed 334K, 13% free 3382K/3872K, paused 4ms+6ms, total 42ms
D/dalvikvm(  350): GC_EXPLICIT freed 778K, 53% free 5747K/12076K, paused 403ms+6ms, total 479ms
D/dalvikvm(  350): WAIT_FOR_CONCURRENT_GC blocked 86ms
D/dalvikvm(  350): WAIT_FOR_CONCURRENT_GC blocked 66ms
D/dalvikvm(  350): WAIT_FOR_CONCURRENT_GC blocked 79ms
D/dalvikvm(  350): WAIT_FOR_CONCURRENT_GC blocked 81ms
I/PackageManager(  350):   Action: "android.intent.action.SENDTO"
I/PackageManager(  350):   Category: "android.intent.category.DEFAULT"
I/PackageManager(  350):   Scheme: "mms"
I/PackageManager(  350): Adding preferred activity ComponentInfo{com.android.mms/com.android.mms.ui.ComposeMessageActivity} for user 0 :
I/PackageManager(  350):   Action: "android.intent.action.SENDTO"
I/PackageManager(  350):   Category: "android.intent.category.DEFAULT"
I/PackageManager(  350):   Scheme: "mmsto"
I/PackageManager(  350): Adding preferred activity ComponentInfo{com.android.mms/com.android.mms.ui.ComposeMessageActivity} for user 0 :
D/AndroidRuntime(  791): Shutting down VM
D/dalvikvm(  791): GC_CONCURRENT freed 95K, 16% free 560K/660K, paused 2ms+2ms, total 24ms
E/BluetoothAdapter(  610): Bluetooth binder is null
D/GpsLocationProvider(  350): NTP server returned: 1539002978926 (Mon Oct 08 08:49:38 EDT 2018) reference: 83341 certainty: 17 system time offset: -27473
I/ActivityManager(  350): Start proc com.android.music for broadcast com.android.music/.MediaButtonIntentReceiver: pid=922 uid=10032 gids={50032, 3003, 1028, 1015}
I/dalvikvm(  922): CheckJNI enabled: not enabling JNI app bug workarounds.
I/ActivityManager(  350): Start proc com.android.email for content provider com.android.email/.provider.EmailProvider: pid=934 uid=10024 gids={50024, 3003, 1028, 1015}
I/ContactDirectoryManager(  547): deleted 0 stale rows which don't have any relevant directory
D/dalvikvm(  350): GC_CONCURRENT freed 621K, 53% free 5776K/12076K, paused 6ms+40ms, total 136ms
I/ContactDirectoryManager(  547): Discovered 0 contact directories in 4859ms
I/ContactsProvider(  547): Upgrading aggregation algorithm
I/ContactAggregator(  547): Marked all visible contacts for aggregation: 0 raw contacts, 4 ms
I/ContactsProvider(  547): Aggregation algorithm upgraded for 0 raw contacts in 106ms
V/MediaScanner(  622): pruneDeadThumbnailFiles... android.database.sqlite.SQLiteCursor@b2d5c0c0
V/MediaScanner(  622): /pruneDeadThumbnailFiles... android.database.sqlite.SQLiteCursor@b2d5c0c0
W/RecognitionManagerService(  350): no available voice recognition services found for user 0
E/logwrapper(  949): executing /system/bin/ip failed: No such file or directory
E/ConnectivityService(  350): Exception trying to add a route: java.lang.IllegalStateException: command '49 interface fwmark exempt add 10.0.2.2/32' failed with '400 49 Failed to add exemption rule (File exists)'
E/logwrapper(  950): executing /system/bin/ip failed: No such file or directory
E/ConnectivityService(  350): Exception trying to add a route: java.lang.IllegalStateException: command '51 interface fwmark exempt add 216.58.206.110/32' failed with '400 51 Failed to add exemption rule (File exists)'
D/ConnectivityService(  350): requestRouteToHostAddress ok=false
D/ConnectivityService(  350): [CheckMp] isMobileOk: could not establish route to hostAddr=clients3.google.com/216.58.206.110
I/ContactsFTS(  547): Rebuild contact search index in 446ms, 0 contacts
D/dalvikvm(  547): GC_CONCURRENT freed 266K, 11% free 3087K/3440K, paused 5ms+13ms, total 91ms
I/MediaFocusControl(  350):   Remote Control   registerMediaButtonIntent() for PendingIntent{b3539618: PendingIntentRecord{b3250ec0 com.android.music broadcastIntent}}
I/ActivityManager(  350): Start proc com.android.calendar for broadcast com.android.calendar/.widget.CalendarAppWidgetService$CalendarFactory: pid=951 uid=10016 gids={50016, 3003}
D/ExtensionsFactory(  951): No custom extensions.
I/ActivityManager(  350): Start proc com.android.deskclock for broadcast com.android.deskclock/.AlarmInitReceiver: pid=970 uid=10020 gids={50020, 1028}
I/ActivityManager(  350): Start proc com.android.providers.calendar for content provider com.android.providers.calendar/.CalendarProvider2: pid=977 uid=10001 gids={50001, 3003, 1028, 1015}
D/dalvikvm(   58): GC_EXPLICIT freed 40K, 5% free 2705K/2836K, paused 3ms+2ms, total 60ms
D/dalvikvm(   58): GC_EXPLICIT freed <1K, 5% free 2705K/2836K, paused 2ms+2ms, total 44ms
D/dalvikvm(   58): GC_EXPLICIT freed <1K, 5% free 2705K/2836K, paused 12ms+1ms, total 53ms
V/AlarmClock(  970): AlarmInitReceiver android.intent.action.TIMEZONE_CHANGED
I/CalendarDatabaseHelper(  977): Bootstrapping database
I/AlarmClock(  970): Alarms Table created
I/AlarmClock(  970): Instance table created
I/AlarmClock(  970): Cities table created
I/AlarmClock(  970): Inserting default alarms
I/AlarmClock(  970): Displaying next alarm time: ''
W/BackupManagerService(  350): dataChanged but no participant pkg='com.android.providers.settings' uid=10020
V/AlarmClock(  970): AlarmInitReceiver finished
E/BluetoothAdapter(  610): Bluetooth binder is null
E/BluetoothAdapter(  610): Bluetooth binder is null
D/dalvikvm(  934): GC_CONCURRENT freed 209K, 10% free 2886K/3188K, paused 5ms+2ms, total 240ms
I/ActivityManager(  350): Start proc com.android.dialer for broadcast com.android.dialer/.calllog.CallLogReceiver: pid=997 uid=10004 gids={50004, 3003, 1028, 1015}
I/CalendarProvider2(  977): Created com.android.providers.calendar.CalendarAlarmManager@b2d139b8(com.android.providers.calendar.CalendarProvider2@b2cfffd0)
D/ExtensionsFactory(  997): No custom extensions.
I/ActivityManager(  350): Delay finish: com.android.dialer/.calllog.CallLogReceiver
I/ActivityManager(  350): Resuming delayed broadcast
E/BluetoothAdapter(  350): Bluetooth binder is null
E/BluetoothAdapter(  350): Bluetooth binder is null
V/WiredAccessoryManager(  350): init()
I/PowerManagerService(  350): Boot animation finished.
E/SoundPool(  350): error loading /system/media/audio/ui/Effect_Tick.ogg
W/AudioService(  350): Soundpool could not load file: /system/media/audio/ui/Effect_Tick.ogg
E/SoundPool(  350): error loading /system/media/audio/ui/Effect_Tick.ogg
W/AudioService(  350): Soundpool could not load file: /system/media/audio/ui/Effect_Tick.ogg
E/SoundPool(  350): error loading /system/media/audio/ui/Effect_Tick.ogg
W/AudioService(  350): Soundpool could not load file: /system/media/audio/ui/Effect_Tick.ogg
E/SoundPool(  350): error loading /system/media/audio/ui/Effect_Tick.ogg
W/AudioService(  350): Soundpool could not load file: /system/media/audio/ui/Effect_Tick.ogg
E/SoundPool(  350): error loading /system/media/audio/ui/Effect_Tick.ogg
W/AudioService(  350): Soundpool could not load file: /system/media/audio/ui/Effect_Tick.ogg
E/SoundPool(  350): error loading /system/media/audio/ui/KeypressStandard.ogg
W/AudioService(  350): Soundpool could not load file: /system/media/audio/ui/KeypressStandard.ogg
E/SoundPool(  350): error loading /system/media/audio/ui/KeypressSpacebar.ogg
W/AudioService(  350): Soundpool could not load file: /system/media/audio/ui/KeypressSpacebar.ogg
E/SoundPool(  350): error loading /system/media/audio/ui/KeypressDelete.ogg
W/AudioService(  350): Soundpool could not load file: /system/media/audio/ui/KeypressDelete.ogg
E/SoundPool(  350): error loading /system/media/audio/ui/KeypressReturn.ogg
W/AudioService(  350): Soundpool could not load file: /system/media/audio/ui/KeypressReturn.ogg
E/SoundPool(  350): error loading /system/media/audio/ui/KeypressInvalid.ogg
W/AudioService(  350): Soundpool could not load file: /system/media/audio/ui/KeypressInvalid.ogg
W/AudioService(  350): onLoadSoundEffects(), Error -1 while loading samples
W/ActivityManager(  350): Unable to start service Intent { cmp=com.android.email/.service.AttachmentDownloadService } U=0: not found
I/Email   (  934): Observing account changes for notifications
I/RecoverySystem(  350): No recovery log file
I/BootReceiver(  350): Copying audit failures to DropBox
I/BootReceiver(  350): Checking for fsck errors
D/dalvikvm(  350): GC_CONCURRENT freed 512K, 51% free 5975K/12076K, paused 16ms+5ms, total 96ms
D/ConnectivityService(  350): [CheckMp] isMobileOk: too many loops tried - giving up
D/ConnectivityService(  350): [CheckMp] isMobileOk: X loops|timed out result=0
D/ConnectivityService(  350): [CheckMp] isMobileOk: F stop hipri
D/MobileDataStateTracker(  350): default: setEnableFailFastMobileData(enabled=0)
I/ActivityManager(  350): Delay finish: com.android.providers.downloads/.DownloadReceiver
D/ConnectivityService(  350): stopUsingNetworkFeature: teardown net 0: enableHIPRI
I/CalendarProvider2(  977): Sending notification intent: Intent { act=android.intent.action.PROVIDER_CHANGED dat=content://com.android.calendar }
D/MobileDataStateTracker(  350): hipri: Broadcast received: android.intent.action.ANY_DATA_STATE apnType=hipri
D/MobileDataStateTracker(  350): hipri: Received state=DISCONNECTED, old=CONNECTED, reason=dataDisabled
D/MobileDataStateTracker(  350): hipri: setDetailed state, old =CONNECTED and new state=DISCONNECTED
D/ConnectivityService(  350): ConnectivityChange for mobile_hipri: DISCONNECTED/DISCONNECTED
E/logwrapper( 1027): executing /system/bin/ip failed: No such file or directory
E/SecondaryTablController(   54): ip route del failed: /system/bin/ip route del 10.0.2.2/32 via 0.0.0.0 dev eth0 table 60
W/FrameworkListener(   54): Handler 'interface' error (No such device)
E/logwrapper( 1028): executing /system/bin/ip failed: No such file or directory
E/SecondaryTablController(   54): ip route del failed: /system/bin/ip route del 0.0.0.0/0 via 10.0.2.2 dev eth0 table 60
W/FrameworkListener(   54): Handler 'interface' error (No such device)
D/dalvikvm(  603): GC_CONCURRENT freed 473K, 15% free 3302K/3872K, paused 4ms+2ms, total 96ms
D/Nat464Xlat(  350): requiresClat: netType=5, hasIPv4Address=true
D/MobileDataStateTracker(  350): default: setPolicyDataEnable(enabled=true)
W/ContentResolver(  977): Failed to get type for: content://com.android.calendar (Unknown URL content://com.android.calendar)
I/ActivityManager(  350): Resuming delayed broadcast
I/ActivityManager(  350): Start proc com.android.mms for broadcast com.android.mms/.transaction.MmsSystemEventReceiver: pid=1035 uid=10009 gids={50009, 3003, 1028, 1015}
E/NetdConnector(  350): NDC Command {59 bandwidth removeiquota eth0} took too long (1169ms)
D/CountryDetector(  350): The first listener is added
V/MmsConfig( 1035): mnc/mcc: 310260
V/MmsConfig( 1035): tag: bool value: enabledMMS - true
V/MmsConfig( 1035): tag: int value: maxMessageSize - 307200
V/MmsConfig( 1035): tag: int value: maxImageHeight - 480
V/MmsConfig( 1035): tag: int value: maxImageWidth - 640
V/MmsConfig( 1035): tag: int value: defaultSMSMessagesPerThread - 10000
V/MmsConfig( 1035): tag: int value: defaultMMSMessagesPerThread - 1000
V/MmsConfig( 1035): tag: int value: minMessageCountPerThread - 10
V/MmsConfig( 1035): tag: int value: maxMessageCountPerThread - 5000
V/MmsConfig( 1035): tag: string value: uaProfUrl - http://www.google.com/oha/rdf/ua-profile-kila.xml
V/MmsConfig( 1035): tag: int value: recipientLimit - -1
V/MmsConfig( 1035): tag: bool value: enableMultipartSMS - true
V/MmsConfig( 1035): tag: int value: smsToMmsTextThreshold - -1
V/MmsConfig( 1035): tag: bool value: enableSlideDuration - true
V/MmsConfig( 1035): tag: int value: maxMessageTextSize - -1
E/NetdConnector(  350): NDC Command {60 bandwidth gettetherstats} took too long (1096ms)
W/ProcessCpuTracker(  350): Skipping unknown process pid 1055
D/dalvikvm(  350): GC_CONCURRENT freed 883K, 53% free 5786K/12076K, paused 25ms+16ms, total 160ms
I/MediaProvider(  622): Upgrading media database from version 0 to 700, which will destroy all old data
D/Tethering(  350): MasterInitialState.processMessage what=3
D/Tethering(  350): MasterInitialState.processMessage what=3
D/CaptivePortalTracker(  350): NoActiveNetworkState{ when=-38ms what=1 obj=NetworkInfo: type: mobile_hipri[UMTS], state: DISCONNECTED/DISCONNECTED, reason: dataDisabled, extra: epc.tmobile.com, roaming: false, failover: false, isAvailable: true, isConnectedToProvisioningNetwork: false target=com.android.internal.util.StateMachine$SmHandler }
D/CaptivePortalTracker(  350): NoActiveNetworkState not a wifi connectivity change, ignore
D/CaptivePortalTracker(  350): NoActiveNetworkState{ when=-1ms what=1 obj=NetworkInfo: type: mobile[UMTS], state: CONNECTED/CONNECTED, reason: connected, extra: epc.tmobile.com, roaming: false, failover: false, isAvailable: true, isConnectedToProvisioningNetwork: false target=com.android.internal.util.StateMachine$SmHandler }
D/CaptivePortalTracker(  350): NoActiveNetworkState not a wifi connectivity change, ignore
E/NetdConnector(  350): NDC Command {61 bandwidth setiquota eth0 9223372036854775807} took too long (1899ms)
D/MobileDataStateTracker(  350): default: setPolicyDataEnable(enabled=true)
D/dalvikvm(  350): GC_CONCURRENT freed 685K, 53% free 5787K/12076K, paused 24ms+5ms, total 214ms
E/NetdConnector(  350): NDC Command {62 bandwidth removeiquota eth0} took too long (771ms)
D/dalvikvm(  350): GC_CONCURRENT freed 675K, 53% free 5783K/12076K, paused 7ms+19ms, total 144ms
I/ActivityManager(  350): Delay finish: com.android.mms/.transaction.MmsSystemEventReceiver
D/Mms:app ( 1035): cancelNotification
E/NetdConnector(  350): NDC Command {63 bandwidth setiquota eth0 9223372036854775807} took too long (1382ms)
D/MobileDataStateTracker(  350): default: setPolicyDataEnable(enabled=true)
D/MobileDataStateTracker(  350): default: setPolicyDataEnable(enabled=true)
I/ActivityManager(  350): Resuming delayed broadcast
D/ConnectivityService(  350): [CheckMp] isMobileOk: X result=0
I/ActivityManager(  350): Delay finish: com.android.mms/.transaction.SmsReceiver
D/ConnectivityService(  350): [CheckMp] onPostExecute: result=0
D/ConnectivityService(  350): CheckMp.onComplete: result=0
D/ConnectivityService(  350): CheckMp.onComplete: ignore, connected or no connection
D/MmsSmsDatabaseHelper(  603): [MmsSmsDb] tableName: threads hasAutoIncrement: CREATE TABLE threads (_id INTEGER PRIMARY KEY AUTOINCREMENT,date INTEGER DEFAULT 0,message_count INTEGER DEFAULT 0,recipient_ids TEXT,snippet TEXT,snippet_cs INTEGER DEFAULT 0,read INTEGER DEFAULT 1,type INTEGER DEFAULT 0,error INTEGER DEFAULT 0,has_attachment INTEGER DEFAULT 0) result: true
D/MmsSmsDatabaseHelper(  603): [MmsSmsDb] tableName: canonical_addresses hasAutoIncrement: CREATE TABLE canonical_addresses (_id INTEGER PRIMARY KEY AUTOINCREMENT,address TEXT) result: true
D/MmsSmsDatabaseHelper(  603): [MmsSmsDb] tableName: part hasAutoIncrement: CREATE TABLE part (_id INTEGER PRIMARY KEY AUTOINCREMENT,mid INTEGER,seq INTEGER DEFAULT 0,ct TEXT,name TEXT,chset INTEGER,cd TEXT,fn TEXT,cid TEXT,cl TEXT,ctt_s INTEGER,ctt_t TEXT,_data TEXT,text TEXT) result: true
D/MmsSmsDatabaseHelper(  603): [MmsSmsDb] tableName: pdu hasAutoIncrement: CREATE TABLE pdu (_id INTEGER PRIMARY KEY AUTOINCREMENT,thread_id INTEGER,date INTEGER,date_sent INTEGER DEFAULT 0,msg_box INTEGER,read INTEGER DEFAULT 0,m_id TEXT,sub TEXT,sub_cs INTEGER,ct_t TEXT,ct_l TEXT,exp INTEGER,m_cls TEXT,m_type INTEGER,v INTEGER,m_size INTEGER,pri INTEGER,rr INTEGER,rpt_a INTEGER,resp_st INTEGER,st INTEGER,tr_id TEXT,retr_st INTEGER,retr_txt TEXT,retr_txt_cs INTEGER,read_status INTEGER,ct_cls INTEGER,resp_txt TEXT,d_tm INTEGER,d_rpt INTEGER,locked INTEGER DEFAULT 0,seen INTEGER DEFAULT 0,text_only INTEGER DEFAULT 0) result: true
D/MmsSmsDatabaseHelper(  603): [getWritableDatabase] hasAutoIncrementThreads: true hasAutoIncrementAddresses: true hasAutoIncrementPart: true hasAutoIncrementPdu: true
E/SQLiteLog(  622): (1) no such table: files
D/Mms:app ( 1035): cancelNotification
I/ActivityManager(  350): Resuming delayed broadcast
D/AlertReceiver(  951): onReceive: a=android.intent.action.BOOT_COMPLETED Intent { act=android.intent.action.BOOT_COMPLETED flg=0x8000010 cmp=com.android.calendar/.alerts.AlertReceiver (has extras) }
I/ActivityManager(  350): Delay finish: com.android.calendar/.alerts.AlertReceiver
D/AlertUtils(  951): Flushing old alerts from shared prefs table
D/AlertService(  951): 0 Action = android.intent.action.BOOT_COMPLETED
D/dalvikvm(  951): GC_CONCURRENT freed 278K, 12% free 2826K/3204K, paused 11ms+2ms, total 75ms
D/AlertService(  951): Scheduling next alarm with AlarmScheduler. sEventReminderReceived: null
D/AlarmScheduler(  951): No events found starting within 1 week.
E/WVMExtractor(   60): Failed to open libwvm.so
D/dalvikvm(  622): GC_CONCURRENT freed 271K, 11% free 3038K/3400K, paused 4ms+2ms, total 39ms
V/MediaScanner(  622): pruneDeadThumbnailFiles... android.database.sqlite.SQLiteCursor@b2d721c0
V/MediaScanner(  622): /pruneDeadThumbnailFiles... android.database.sqlite.SQLiteCursor@b2d721c0
I/ActivityManager(  350): Resuming delayed broadcast
V/AlarmClock(  970): AlarmInitReceiver android.intent.action.BOOT_COMPLETED
V/AlarmClock(  970): AlarmInitReceiver - Reset timers and clear stopwatch data
V/AlarmClock(  970): AlarmInitReceiver - resetting volume button default
I/AlarmClock(  970): Displaying next alarm time: ''
V/AlarmClock(  970): AlarmInitReceiver finished
D/dalvikvm(  970): GC_CONCURRENT freed 388K, 15% free 2820K/3300K, paused 12ms+2ms, total 109ms
D/dalvikvm(  970): WAIT_FOR_CONCURRENT_GC blocked 48ms
E/MetadataRetrieverClient(   60): failed to extract an album art
I/ActivityManager(  350): Delay finish: com.android.email/.service.EmailUpgradeBroadcastReceiver
I/ActivityManager(  350): Resuming delayed broadcast
I/ActivityManager(  350): Delay finish: com.android.email/.service.EmailBroadcastReceiver
I/Email   (  934): Onetime initialization: 1
I/Email   (  934): Onetime initialization: 2
I/Email   (  934): Onetime initialization: completed.
I/ActivityManager(  350): Delaying start of: ServiceRecord{b353e810 u0 com.android.exchange/.service.EmailSyncAdapterService}
I/LauncherIconVisibilityManager(  591): Boot has been completed
I/ActivityManager(  350): Resuming delayed broadcast
I/LauncherIconVisibilityManager(  591): Disable activity: ComponentInfo{com.android.inputmethod.latin/com.android.inputmethod.latin.setup.SetupActivity}
E/BluetoothAdapter(  610): Bluetooth binder is null
I/ActivityManager(  350): Delay finish: com.android.deskclock/com.android.alarmclock.AnalogAppWidgetProvider
D/dalvikvm( 1035): GC_CONCURRENT freed 227K, 10% free 2880K/3200K, paused 4ms+23ms, total 105ms
E/StrictMode( 1035): A resource was acquired at attached stack trace but never released. See java.io.Closeable for information on avoiding resource leaks.
E/StrictMode( 1035): java.lang.Throwable: Explicit termination method 'release' not called
E/StrictMode( 1035): 	at dalvik.system.CloseGuard.open(CloseGuard.java:184)
E/StrictMode( 1035): 	at android.drm.DrmManagerClient.<init>(DrmManagerClient.java:258)
E/StrictMode( 1035): 	at com.google.android.mms.pdu.PduPersister.<init>(PduPersister.java:288)
E/StrictMode( 1035): 	at com.google.android.mms.pdu.PduPersister.getPduPersister(PduPersister.java:296)
E/StrictMode( 1035): 	at com.android.mms.transaction.TransactionService.onNewIntent(TransactionService.java:224)
E/StrictMode( 1035): 	at com.android.mms.transaction.TransactionService$ServiceHandler.handleMessage(TransactionService.java:621)
E/StrictMode( 1035): 	at android.os.Handler.dispatchMessage(Handler.java:102)
E/StrictMode( 1035): 	at android.os.Looper.loop(Looper.java:136)
E/StrictMode( 1035): 	at android.os.HandlerThread.run(HandlerThread.java:61)
I/ActivityManager(  350): Resuming delayed broadcast
W/BroadcastQueue(  350): Permission Denial: broadcasting Intent { act=android.appwidget.action.APPWIDGET_UPDATE_OPTIONS flg=0x10 cmp=com.android.settings/.widget.SettingsAppWidgetProvider (has extras) } from android (pid=671, uid=10008) is not exported from uid 1000 due to receiver com.android.settings/.widget.SettingsAppWidgetProvider
I/ActivityManager(  350): Start proc com.svox.pico for broadcast com.svox.pico/.VoiceDataInstallerReceiver: pid=1124 uid=10037 gids={50037, 1028, 1015}
E/BluetoothAdapter(  610): Bluetooth binder is null
D/AlertReceiver(  951): onReceive: a=android.intent.action.PROVIDER_CHANGED Intent { act=android.intent.action.PROVIDER_CHANGED dat=content://com.android.calendar flg=0x10 cmp=com.android.calendar/.alerts.AlertReceiver }
I/ActivityManager(  350): Delay finish: com.android.calendar/.alerts.AlertReceiver
D/AlertService(  951): 0 Action = android.intent.action.PROVIDER_CHANGED
I/InputReader(  350): Reconfiguring input devices.  changes=0x00000010
I/InputReader(  350): Reconfiguring input devices.  changes=0x00000010
I/InputReader(  350): Reconfiguring input devices.  changes=0x00000010
I/PackageManager(  350):   Action: "android.intent.action.SENDTO"
