W/System.err( 1167): 	at java.lang.reflect.Method.invoke(Method.java:515)
W/System.err( 1167): 	at com.android.internal.os.ZygoteInit$MethodAndArgsCaller.run(ZygoteInit.java:785)
W/System.err( 1167): 	at com.android.internal.os.ZygoteInit.main(ZygoteInit.java:601)
W/System.err( 1167): 	at dalvik.system.NativeStart.main(Native Method)
W/System.err( 1167): Caused by: java.lang.NullPointerException
W/System.err( 1167): 	at com.e4a.runtime.components.impl.android.Impl.getView(Impl.java:300)
W/System.err( 1167): 	at com.e4a.runtime.components.impl.android.ViewComponent.(ViewComponent.java:723)
W/System.err( 1167): 	... 29 more
E/Simple Runtime Library( 1167): Runtime exception setting property default values: 
W/System.err( 1167): java.lang.reflect.InvocationTargetException
W/System.err( 1167): 	at java.lang.reflect.Method.invokeNative(Native Method)
W/System.err( 1167): 	at java.lang.reflect.Method.invoke(Method.java:515)
W/System.err( 1167): 	at com.e4a.runtime.Objects$2.initializer(Objects.java:82)
W/System.err( 1167): 	at com.e4a.runtime.Objects$PropertyInitializer.run(Objects.java:46)
W/System.err( 1167): 	at com.e4a.runtime.Objects$PropertyDescriptor.runInitializer(Objects.java:39)
W/System.err( 1167): 	at com.e4a.runtime.Objects.initializeProperties(Objects.java:245)
W/System.err( 1167): 	at com.e4a.runtime.Objects.initializeProperties(Objects.java:225)
W/System.err( 1167): 	at com.e4a.runtime.Objects.initializeProperties(Objects.java:225)
W/System.err( 1167): 	at com.e4a.runtime.Objects.initializeProperties(Objects.java:221)
W/System.err( 1167): 	at com.e4a.runtime.Objects.initializeProperties(Objects.java:221)
W/System.err( 1167): 	at com.e4a.runtime.Objects.initializeProperties(Objects.java:204)
W/System.err( 1167): 	at com.newapp..<init>(.code)
W/System.err( 1167): 	at java.lang.Class.newInstanceImpl(Native Method)
W/System.err( 1167): 	at java.lang.Class.newInstance(Class.java:1208)
W/System.err( 1167): 	at com.e4a.runtime.android.mainActivity.onCreate(mainActivity.java:336)
W/System.err( 1167): 	at android.app.Activity.performCreate(Activity.java:5231)
W/System.err( 1167): 	at android.app.Instrumentation.callActivityOnCreate(Instrumentation.java:1087)
W/System.err( 1167): 	at android.app.ActivityThread.performLaunchActivity(ActivityThread.java:2148)
W/System.err( 1167): 	at android.app.ActivityThread.handleLaunchActivity(ActivityThread.java:2233)
W/System.err( 1167): 	at android.app.ActivityThread.access$800(ActivityThread.java:135)
W/System.err( 1167): 	at android.app.ActivityThread$H.handleMessage(ActivityThread.java:1196)
W/System.err( 1167): 	at android.os.Handler.dispatchMessage(Handler.java:102)
W/System.err( 1167): 	at android.os.Looper.loop(Looper.java:136)
W/System.err( 1167): 	at android.app.ActivityThread.main(ActivityThread.java:5001)
W/System.err( 1167): 	at java.lang.reflect.Method.invokeNative(Native Method)
W/System.err( 1167): 	at java.lang.reflect.Method.invoke(Method.java:515)
W/System.err( 1167): 	at com.android.internal.os.ZygoteInit$MethodAndArgsCaller.run(ZygoteInit.java:785)
W/System.err( 1167): 	at com.android.internal.os.ZygoteInit.main(ZygoteInit.java:601)
W/System.err( 1167): 	at dalvik.system.NativeStart.main(Native Method)
W/System.err( 1167): Caused by: java.lang.NullPointerException
W/System.err( 1167): 	at com.e4a.runtime.components.impl.android.Impl.getView(Impl.java:300)
W/System.err( 1167): 	at com.e4a.runtime.components.impl.android.ViewComponent.(ViewComponent.java:728)
W/System.err( 1167): 	... 29 more
W/Simple Runtime Library( 1167): attempt to set row for form component
W/Simple Runtime Library( 1167): attempt to set column for form component
W/Simple Runtime Library( 1167): attempt to set row for form component
D/dalvikvm( 1167): GC_CONCURRENT freed 406K, 14% free 2969K/3436K, paused 40ms+2ms, total 278ms
D/dalvikvm( 1167): GC_CONCURRENT freed 360K, 13% free 3067K/3496K, paused 42ms+7ms, total 158ms
D/dalvikvm( 1167): GC_CONCURRENT freed 398K, 14% free 3069K/3540K, paused 13ms+10ms, total 60ms
I/ActivityManager( 1167): 
I/ActivityManager( 1167): 
I/Choreographer( 1167): Skipped 756 frames!  The application may be doing too much work on its main thread.
D/gralloc_goldfish( 1167): Emulator without GPU emulation detected.
V/PhoneStatusBar(  461): setLightsOn(true)
I/Choreographer( 1167): Skipped 34 frames!  The application may be doing too much work on its main thread.
I/ActivityManager(  352): Displayed com.newapp/com.e4a.runtime.android.StartActivity: +5s460ms
D/AndroidRuntime( 1157): Shutting down VM
D/dalvikvm( 1157): GC_CONCURRENT freed 98K, 15% free 589K/692K, paused 13ms+1ms, total 31ms
I/ActivityManager(  352): Displayed com.newapp/com.e4a.runtime.android.mainActivity: +5s216ms
I/Choreographer( 1167): Skipped 37 frames!  The application may be doing too much work on its main thread.
D/dalvikvm(  598): GC_CONCURRENT freed 291K, 10% free 3201K/3556K, paused 4ms+35ms, total 83ms
I/ResourceUtils(  598): Found default value: resource=phantom_sudden_move_event_device_list build=[HARDWARE=goldfish MODEL=sdk BRAND=generic MANUFACTURER=unknown] default=false
I/ResourceUtils(  598): Found default value: resource=keyboard_heights build=[HARDWARE=goldfish MODEL=sdk BRAND=generic MANUFACTURER=unknown] default=
W/SubtypeSwitcher(  598): Can't find Emoji subtype
W/SubtypeSwitcher(  598): No input method subtype found; return dummy subtype: android.view.inputmethod.InputMethodSubtype@d78b2ed0
I/Choreographer(  709): Skipped 41 frames!  The application may be doing too much work on its main thread.
D/dalvikvm(  598): GC_FOR_ALLOC freed 178K, 7% free 3358K/3600K, paused 19ms, total 23ms
D/dalvikvm(  598): GC_CONCURRENT freed 367K, 13% free 3405K/3908K, paused 4ms+10ms, total 40ms
D/dalvikvm(  598): GC_FOR_ALLOC freed 72K, 12% free 3444K/3908K, paused 18ms, total 19ms
I/dalvikvm-heap(  598): Grow heap (frag case) to 3.739MB for 331792-byte allocation
D/dalvikvm(  598): GC_FOR_ALLOC freed <1K, 12% free 3767K/4236K, paused 18ms, total 18ms
D/dalvikvm(  598): GC_FOR_ALLOC freed 509K, 17% free 3554K/4236K, paused 20ms, total 21ms
D/dalvikvm(  598): GC_CONCURRENT freed 89K, 8% free 3914K/4236K, paused 12ms+13ms, total 63ms
D/dalvikvm(  598): GC_CONCURRENT freed 443K, 13% free 3892K/4472K, paused 13ms+13ms, total 45ms
D/dalvikvm(  598): GC_FOR_ALLOC freed 434K, 19% free 3632K/4472K, paused 21ms, total 22ms
I/dalvikvm-heap(  598): Grow heap (frag case) to 4.020MB for 434192-byte allocation
D/dalvikvm(  598): GC_CONCURRENT freed 44K, 19% free 4011K/4900K, paused 4ms+3ms, total 26ms
D/dalvikvm(  598): WAIT_FOR_CONCURRENT_GC blocked 15ms
D/dalvikvm(  598): GC_FOR_ALLOC freed 590K, 25% free 3714K/4900K, paused 31ms, total 32ms
W/ViewPager(  598): Requested offscreen page limit 0 too small; defaulting to 1
D/dalvikvm(  598): GC_CONCURRENT freed 78K, 17% free 4080K/4900K, paused 13ms+9ms, total 50ms
E/RichInputConnection(  598): Unable to connect to the editor to retrieve text... will retry later
I/InputAttributes(  598): InputType.TYPE_NULL is specified
I/LatinIME:LogUtils(  598): Dictionary info: dictionary = contacts.en_US.dict ; version = ? ; date = ?
D/dalvikvm(  598): GC_CONCURRENT freed 447K, 18% free 4062K/4900K, paused 7ms+3ms, total 102ms
I/Choreographer(  598): Skipped 67 frames!  The application may be doing too much work on its main thread.
D/gralloc_goldfish(  598): Emulator without GPU emulation detected.
I/Choreographer( 1167): Skipped 30 frames!  The application may be doing too much work on its main thread.
D/dalvikvm(  598): GC_FOR_ALLOC freed 367K, 17% free 4076K/4900K, paused 83ms, total 87ms
I/dalvikvm-heap(  598): Grow heap (frag case) to 4.583MB for 568336-byte allocation
D/dalvikvm(  598): GC_FOR_ALLOC freed 21K, 16% free 4610K/5456K, paused 23ms, total 23ms
D/dalvikvm(  598): GC_CONCURRENT freed 4K, 16% free 4614K/5456K, paused 4ms+3ms, total 54ms
D/dalvikvm(  598): WAIT_FOR_CONCURRENT_GC blocked 44ms
I/dalvikvm-heap(  598): Grow heap (frag case) to 5.107MB for 568336-byte allocation
D/dalvikvm(  598): GC_CONCURRENT freed 1K, 15% free 5167K/6012K, paused 4ms+2ms, total 25ms
D/dalvikvm(  598): WAIT_FOR_CONCURRENT_GC blocked 19ms
I/Choreographer(  709): Skipped 83 frames!  The application may be doing too much work on its main thread.
I/Choreographer(  598): Skipped 36 frames!  The application may be doing too much work on its main thread.
V/AlarmClock(  990): AlarmInitReceiver android.intent.action.TIME_SET
D/dalvikvm(  352): GC_CONCURRENT freed 607K, 54% free 5798K/12484K, paused 21ms+5ms, total 78ms
I/AlarmClock(  990): Displaying next alarm time: ''
V/AlarmClock(  990): AlarmInitReceiver finished
D/InitAlarmsService(  956): Clearing and rescheduling alarms.
D/AndroidRuntime( 1191): 
D/AndroidRuntime( 1191): >>>>>> AndroidRuntime START com.android.internal.os.RuntimeInit <<<<<<
D/AndroidRuntime( 1191): CheckJNI is ON
D/dalvikvm( 1191): Trying to load lib libjavacore.so 0x0
D/dalvikvm( 1191): Added shared lib libjavacore.so 0x0
D/dalvikvm( 1191): Trying to load lib libnativehelper.so 0x0
D/dalvikvm( 1191): Added shared lib libnativehelper.so 0x0
D/dalvikvm( 1191): No JNI_OnLoad found in libnativehelper.so 0x0, skipping init
D/dalvikvm( 1191): Note: class Landroid/app/ActivityManagerNative; has 179 unimplemented (abstract) methods
D/        (  352): Setting time of day to sec=1538955351
E/memtrack( 1191): Couldn't load memtrack module (No such file or directory)
E/android.os.Debug( 1191): failed to load memtrack module: -2
D/AndroidRuntime( 1191): Calling main entry com.android.commands.am.Am
D/AndroidRuntime( 1191): Shutting down VM
D/dalvikvm( 1191): GC_CONCURRENT freed 97K, 15% free 587K/688K, paused 2ms+1ms, total 10ms
D/AndroidRuntime( 1202): 
D/AndroidRuntime( 1202): >>>>>> AndroidRuntime START com.android.internal.os.RuntimeInit <<<<<<
D/AndroidRuntime( 1202): CheckJNI is ON
D/dalvikvm( 1202): Trying to load lib libjavacore.so 0x0
D/dalvikvm( 1202): Added shared lib libjavacore.so 0x0
D/dalvikvm( 1202): Trying to load lib libnativehelper.so 0x0
D/dalvikvm( 1202): Added shared lib libnativehelper.so 0x0
D/dalvikvm( 1202): No JNI_OnLoad found in libnativehelper.so 0x0, skipping init
D/dalvikvm( 1202): Note: class Landroid/app/ActivityManagerNative; has 179 unimplemented (abstract) methods
E/memtrack( 1202): Couldn't load memtrack module (No such file or directory)
E/android.os.Debug( 1202): failed to load memtrack module: -2
D/AndroidRuntime( 1202): Calling main entry com.android.commands.am.Am
I/ActivityManager(  352): START u0 {act=android.intent.action.MAIN cat=[android.intent.category.LAUNCHER] flg=0x10000000 cmp=com.newapp/com.e4a.runtime.android.mainActivity} from pid 1202
D/AndroidRuntime( 1202): Shutting down VM
I/ActivityManager( 1167): 
I/ActivityManager( 1167): 
I/ActivityManager( 1167): 
D/dalvikvm( 1202): GC_CONCURRENT freed 98K, 15% free 590K/692K, paused 2ms+2ms, total 13ms
I/MediaFocusControl(  352):  AudioFocus  abandonAudioFocus() from android.media.AudioManager@b2cef3a0com.android.music.MediaPlaybackService$3@b2cee220
D/AndroidRuntime( 1212): 
D/AndroidRuntime( 1212): >>>>>> AndroidRuntime START com.android.internal.os.RuntimeInit <<<<<<
D/AndroidRuntime( 1212): CheckJNI is ON
D/dalvikvm( 1212): Trying to load lib libjavacore.so 0x0
D/dalvikvm( 1212): Added shared lib libjavacore.so 0x0
D/dalvikvm( 1212): Trying to load lib libnativehelper.so 0x0
D/dalvikvm( 1212): Added shared lib libnativehelper.so 0x0
D/dalvikvm( 1212): No JNI_OnLoad found in libnativehelper.so 0x0, skipping init
D/dalvikvm( 1212): Note: class Landroid/app/ActivityManagerNative; has 179 unimplemented (abstract) methods
E/memtrack( 1212): Couldn't load memtrack module (No such file or directory)
E/android.os.Debug( 1212): failed to load memtrack module: -2
D/AndroidRuntime( 1212): Calling main entry com.android.commands.am.Am
I/ActivityManager(  352): START u0 {act=android.intent.action.MAIN cat=[android.intent.category.LAUNCHER] flg=0x10000000 cmp=com.newapp/com.e4a.runtime.android.StartActivity} from pid 1212
D/AndroidRuntime( 1212): Shutting down VM
D/dalvikvm( 1212): GC_CONCURRENT freed 98K, 15% free 589K/692K, paused 2ms+2ms, total 12ms
D/AndroidRuntime( 1230): 
D/AndroidRuntime( 1230): >>>>>> AndroidRuntime START com.android.internal.os.RuntimeInit <<<<<<
D/AndroidRuntime( 1230): CheckJNI is ON
D/dalvikvm( 1230): Trying to load lib libjavacore.so 0x0
D/dalvikvm( 1230): Added shared lib libjavacore.so 0x0
D/dalvikvm( 1230): Trying to load lib libnativehelper.so 0x0
D/dalvikvm( 1230): Added shared lib libnativehelper.so 0x0
D/dalvikvm( 1230): No JNI_OnLoad found in libnativehelper.so 0x0, skipping init
D/dalvikvm( 1230): Note: class Landroid/app/ActivityManagerNative; has 179 unimplemented (abstract) methods
E/memtrack( 1230): Couldn't load memtrack module (No such file or directory)
E/android.os.Debug( 1230): failed to load memtrack module: -2
D/AndroidRuntime( 1230): Calling main entry com.android.commands.monkey.Monkey
W/BroadcastQueue(  352): Skipping deliver [background] BroadcastRecord{b3634b58 u-1 android.net.conn.CONNECTIVITY_CHANGE} to ReceiverList{b3271a80 1230 (unknown name)/0/u-1 remote:b31fde70}: process crashing
D/MonkeyStub( 1230): translateCommand: wake
D/MonkeyStub( 1230): translateCommand: wake
D/MonkeyStub( 1230): translateCommand: type chupachupachupachupachupachupachupachupachupachupachupachupachupachupachupachupachupachupa
I/LatinIME:LogUtils(  598): Dictionary info: dictionary = contacts.en_US.dict ; version = ? ; date = ?
W/SpellChecker( 1167): Trying to spellcheck invalid region, from 0 to 2
W/SpellChecker( 1167): Trying to spellcheck invalid region, from 0 to 3
W/SpellChecker( 1167): Trying to spellcheck invalid region, from 0 to 4
W/SpellChecker( 1167): Trying to spellcheck invalid region, from 0 to 5
W/SpellChecker( 1167): Trying to spellcheck invalid region, from 0 to 6
W/SpellChecker( 1167): Trying to spellcheck invalid region, from 0 to 7
W/SpellChecker( 1167): Trying to spellcheck invalid region, from 0 to 8
W/SpellChecker( 1167): Trying to spellcheck invalid region, from 0 to 9
I/Choreographer(  352): Skipped 255 frames!  The application may be doing too much work on its main thread.
W/SpellChecker( 1167): Trying to spellcheck invalid region, from 0 to 10
W/SpellChecker( 1167): Trying to spellcheck invalid region, from 0 to 11
W/SpellChecker( 1167): Trying to spellcheck invalid region, from 0 to 12
W/SpellChecker( 1167): Trying to spellcheck invalid region, from 0 to 13
W/SpellChecker( 1167): Trying to spellcheck invalid region, from 0 to 14
W/SpellChecker( 1167): Trying to spellcheck invalid region, from 0 to 15
W/SpellChecker( 1167): Trying to spellcheck invalid region, from 0 to 16
W/SpellChecker( 1167): Trying to spellcheck invalid region, from 0 to 17
W/SpellChecker( 1167): Trying to spellcheck invalid region, from 0 to 18
W/SpellChecker( 1167): Trying to spellcheck invalid region, from 0 to 19
W/SpellChecker( 1167): Trying to spellcheck invalid region, from 0 to 20
W/SpellChecker( 1167): Trying to spellcheck invalid region, from 0 to 21
W/SpellChecker( 1167): Trying to spellcheck invalid region, from 0 to 22
W/SpellChecker( 1167): Trying to spellcheck invalid region, from 0 to 23
W/SpellChecker( 1167): Trying to spellcheck invalid region, from 0 to 24
W/SpellChecker( 1167): Trying to spellcheck invalid region, from 0 to 25
W/SpellChecker( 1167): Trying to spellcheck invalid region, from 0 to 26
W/SpellChecker( 1167): Trying to spellcheck invalid region, from 0 to 27
W/SpellChecker( 1167): Trying to spellcheck invalid region, from 0 to 28
W/SpellChecker( 1167): Trying to spellcheck invalid region, from 0 to 29
W/SpellChecker( 1167): Trying to spellcheck invalid region, from 0 to 30
W/SpellChecker( 1167): Trying to spellcheck invalid region, from 0 to 31
W/SpellChecker( 1167): Trying to spellcheck invalid region, from 0 to 32
W/SpellChecker( 1167): Trying to spellcheck invalid region, from 0 to 33
W/SpellChecker( 1167): Trying to spellcheck invalid region, from 0 to 34
W/SpellChecker( 1167): Trying to spellcheck invalid region, from 0 to 35
W/SpellChecker( 1167): Trying to spellcheck invalid region, from 0 to 36
W/SpellChecker( 1167): Trying to spellcheck invalid region, from 0 to 37
W/SpellChecker( 1167): Trying to spellcheck invalid region, from 0 to 38
W/SpellChecker( 1167): Trying to spellcheck invalid region, from 0 to 39
W/SpellChecker( 1167): Trying to spellcheck invalid region, from 0 to 40
W/SpellChecker( 1167): Trying to spellcheck invalid region, from 0 to 41
W/SpellChecker( 1167): Trying to spellcheck invalid region, from 0 to 42
W/SpellChecker( 1167): Trying to spellcheck invalid region, from 0 to 43
W/SpellChecker( 1167): Trying to spellcheck invalid region, from 0 to 44
W/SpellChecker( 1167): Trying to spellcheck invalid region, from 0 to 45
W/SpellChecker( 1167): Trying to spellcheck invalid region, from 0 to 46
W/SpellChecker( 1167): Trying to spellcheck invalid region, from 0 to 47
W/SpellChecker( 1167): Trying to spellcheck invalid region, from 0 to 48
I/Choreographer(  598): Skipped 38 frames!  The application may be doing too much work on its main thread.
W/SpellChecker( 1167): Trying to spellcheck invalid region, from 0 to 49
W/SpellChecker( 1167): Trying to spellcheck invalid region, from 0 to 50
W/SpellChecker( 1167): Trying to spellcheck invalid region, from 0 to 51
D/dalvikvm( 1167): GC_CONCURRENT freed 371K, 13% free 3086K/3540K, paused 5ms+32ms, total 133ms
I/InputDispatcher(  352): Dropped event because it is stale.
W/InputManager(  352): Input event injection from pid 1230 failed.
I/InputDispatcher(  352): Dropped event because it is stale.
W/InputManager(  352): Input event injection from pid 1230 failed.
I/InputDispatcher(  352): Dropped event because it is stale.
W/InputManager(  352): Input event injection from pid 1230 failed.
I/InputDispatcher(  352): Dropped event because it is stale.
I/InputDispatcher(  352): Dropped event because it is stale.
W/InputManager(  352): Input event injection from pid 1230 failed.
I/InputDispatcher(  352): Dropped event because it is stale.
W/InputManager(  352): Input event injection from pid 1230 failed.
W/InputManager(  352): Input event injection from pid 1230 failed.
I/InputDispatcher(  352): Dropped event because it is stale.
W/InputManager(  352): Input event injection from pid 1230 failed.
I/InputDispatcher(  352): Dropped event because it is stale.
W/InputManager(  352): Input event injection from pid 1230 failed.
I/InputDispatcher(  352): Dropped event because it is stale.
I/InputDispatcher(  352): Dropped event because it is stale.
W/InputManager(  352): Input event injection from pid 1230 failed.
W/InputManager(  352): Input event injection from pid 1230 failed.
I/InputDispatcher(  352): Dropped event because it is stale.
W/InputManager(  352): Input event injection from pid 1230 failed.
I/InputDispatcher(  352): Dropped event because it is stale.
I/InputDispatcher(  352): Dropped event because it is stale.
W/InputManager(  352): Input event injection from pid 1230 failed.
W/InputManager(  352): Input event injection from pid 1230 failed.
I/InputDispatcher(  352): Dropped event because it is stale.
I/InputDispatcher(  352): Dropped event because it is stale.
W/InputManager(  352): Input event injection from pid 1230 failed.
W/InputManager(  352): Input event injection from pid 1230 failed.
I/InputDispatcher(  352): Dropped event because it is stale.
W/InputManager(  352): Input event injection from pid 1230 failed.
I/InputDispatcher(  352): Dropped event because it is stale.
I/InputDispatcher(  352): Dropped event because it is stale.
W/InputManager(  352): Input event injection from pid 1230 failed.
W/InputManager(  352): Input event injection from pid 1230 failed.
I/InputDispatcher(  352): Dropped event because it is stale.
W/InputManager(  352): Input event injection from pid 1230 failed.
I/InputDispatcher(  352): Dropped event because it is stale.
W/InputManager(  352): Input event injection from pid 1230 failed.
I/InputDispatcher(  352): Dropped event because it is stale.
I/InputDispatcher(  352): Dropped event because it is stale.
W/InputManager(  352): Input event injection from pid 1230 failed.
W/InputManager(  352): Input event injection from pid 1230 failed.
I/InputDispatcher(  352): Dropped event because it is stale.
W/InputManager(  352): Input event injection from pid 1230 failed.
I/InputDispatcher(  352): Dropped event because it is stale.
I/InputDispatcher(  352): Dropped event because it is stale.
D/MonkeyStub( 1230): Quit requested
W/InputManager(  352): Input event injection from pid 1230 failed.
W/InputManager(  352): Input event injection from pid 1230 failed.
I/AndroidRuntime( 1230): VM exiting with result code 180.
D/dalvikvm(  352): GC_CONCURRENT freed 704K, 54% free 5745K/12484K, paused 12ms+7ms, total 134ms
