E/ConnectivityService(  362): Exception trying to add a route: java.lang.IllegalStateException: command '47 interface fwmark exempt add 172.217.23.14/32' failed with '400 47 Failed to add exemption rule (File exists)'
D/ConnectivityService(  362): requestRouteToHostAddress ok=false
D/ConnectivityService(  362): [CheckMp] isMobileOk: could not establish route to hostAddr=clients3.google.com/172.217.23.14
D/dalvikvm(  915): DexOpt: load 196ms, verify+opt 511ms, 1041196 bytes
W/PackageManager(  362): Not granting permission android.permission.MOUNT_UNMOUNT_FILESYSTEMS to package com.anzhi14022604.shengjing (protectionLevel=18 flags=0x8be44)
D/MediaScannerReceiver(  629): action: android.intent.action.MEDIA_MOUNTED path: /storage/sdcard
I/ActivityManager(  362): Force stopping com.anzhi14022604.shengjing appid=10052 user=-1: update pkg
I/InputReader(  362): Reconfiguring input devices.  changes=0x00000010
D/BackupManagerService(  362): Received broadcast Intent { act=android.intent.action.PACKAGE_ADDED dat=package:com.anzhi14022604.shengjing flg=0x4000010 (has extras) }
V/BackupManagerService(  362): addPackageParticipantsLocked: #1
I/PackageManager(  362):   Action: "android.intent.action.SENDTO"
I/PackageManager(  362):   Category: "android.intent.category.DEFAULT"
I/PackageManager(  362):   Scheme: "sms"
I/PackageManager(  362): Adding preferred activity ComponentInfo{com.android.mms/com.android.mms.ui.ComposeMessageActivity} for user 0 :
I/PackageManager(  362):   Action: "android.intent.action.SENDTO"
I/PackageManager(  362):   Category: "android.intent.category.DEFAULT"
I/PackageManager(  362):   Scheme: "smsto"
I/PackageManager(  362): Adding preferred activity ComponentInfo{com.android.mms/com.android.mms.ui.ComposeMessageActivity} for user 0 :
I/PackageManager(  362):   Action: "android.intent.action.SENDTO"
I/PackageManager(  362):   Category: "android.intent.category.DEFAULT"
I/PackageManager(  362):   Scheme: "mms"
I/PackageManager(  362): Adding preferred activity ComponentInfo{com.android.mms/com.android.mms.ui.ComposeMessageActivity} for user 0 :
D/dalvikvm(  362): GC_EXPLICIT freed 739K, 56% free 5636K/12736K, paused 7ms+7ms, total 514ms
D/dalvikvm(  362): WAIT_FOR_CONCURRENT_GC blocked 164ms
D/dalvikvm(  362): WAIT_FOR_CONCURRENT_GC blocked 88ms
D/dalvikvm(  362): WAIT_FOR_CONCURRENT_GC blocked 84ms
D/dalvikvm(  362): WAIT_FOR_CONCURRENT_GC blocked 86ms
D/dalvikvm(  362): WAIT_FOR_CONCURRENT_GC blocked 75ms
D/dalvikvm(  362): WAIT_FOR_CONCURRENT_GC blocked 95ms
D/dalvikvm(  362): WAIT_FOR_CONCURRENT_GC blocked 96ms
D/AndroidRuntime(  793): Shutting down VM
D/dalvikvm(  793): GC_CONCURRENT freed 95K, 16% free 560K/660K, paused 3ms+3ms, total 25ms
I/ActivityManager(  362): Start proc com.android.email for content provider com.android.email/.provider.EmailProvider: pid=919 uid=10024 gids={50024, 3003, 1028, 1015}
I/PackageManager(  362):   Action: "android.intent.action.SENDTO"
I/PackageManager(  362):   Category: "android.intent.category.DEFAULT"
I/PackageManager(  362):   Scheme: "mmsto"
I/PackageManager(  362): Adding preferred activity ComponentInfo{com.android.mms/com.android.mms.ui.ComposeMessageActivity} for user 0 :
I/PackageManager(  362):   Action: "android.intent.action.SENDTO"
I/PackageManager(  362):   Category: "android.intent.category.DEFAULT"
I/PackageManager(  362):   Scheme: "sms"
I/PackageManager(  362): Adding preferred activity ComponentInfo{com.android.mms/com.android.mms.ui.ComposeMessageActivity} for user 0 :
I/PackageManager(  362):   Action: "android.intent.action.SENDTO"
I/PackageManager(  362):   Category: "android.intent.category.DEFAULT"
I/PackageManager(  362):   Scheme: "smsto"
I/PackageManager(  362): Adding preferred activity ComponentInfo{com.android.mms/com.android.mms.ui.ComposeMessageActivity} for user 0 :
D/dalvikvm(  602): GC_CONCURRENT freed 398K, 13% free 3394K/3892K, paused 5ms+3ms, total 179ms
D/dalvikvm(  602): WAIT_FOR_CONCURRENT_GC blocked 17ms
I/PackageManager(  362):   Action: "android.intent.action.SENDTO"
I/PackageManager(  362):   Category: "android.intent.category.DEFAULT"
I/PackageManager(  362):   Scheme: "mms"
I/PackageManager(  362): Adding preferred activity ComponentInfo{com.android.mms/com.android.mms.ui.ComposeMessageActivity} for user 0 :
I/PackageManager(  362):   Action: "android.intent.action.SENDTO"
I/PackageManager(  362):   Category: "android.intent.category.DEFAULT"
I/PackageManager(  362):   Scheme: "mmsto"
I/PackageManager(  362): Adding preferred activity ComponentInfo{com.android.mms/com.android.mms.ui.ComposeMessageActivity} for user 0 :
D/dalvikvm(  362): GC_CONCURRENT freed 731K, 56% free 5636K/12736K, paused 4ms+5ms, total 84ms
D/dalvikvm(  362): WAIT_FOR_CONCURRENT_GC blocked 53ms
I/ContactDirectoryManager(  548): deleted 0 stale rows which don't have any relevant directory
E/BluetoothAdapter(  619): Bluetooth binder is null
I/ActivityManager(  362): Start proc com.android.music for broadcast com.android.music/.MediaButtonIntentReceiver: pid=936 uid=10032 gids={50032, 3003, 1028, 1015}
I/dalvikvm(  936): CheckJNI enabled: not enabling JNI app bug workarounds.
I/ContactDirectoryManager(  548): Discovered 0 contact directories in 4321ms
D/ActivityThread(  919): Loading provider com.android.email.provider;com.android.email.notifier: com.android.email.provider.EmailProvider
D/ActivityThread(  919): Loading provider com.android.email.provider;com.android.email.notifier: com.android.email.provider.EmailProvider
I/ContactsProvider(  548): Upgrading aggregation algorithm
I/ContactAggregator(  548): Marked all visible contacts for aggregation: 0 raw contacts, 5 ms
I/ContactsProvider(  548): Aggregation algorithm upgraded for 0 raw contacts in 125ms
W/RecognitionManagerService(  362): no available voice recognition services found for user 0
V/MediaScanner(  629): pruneDeadThumbnailFiles... android.database.sqlite.SQLiteCursor@b2db9d08
V/MediaScanner(  629): /pruneDeadThumbnailFiles... android.database.sqlite.SQLiteCursor@b2db9d08
E/logwrapper(  951): executing /system/bin/ip failed: No such file or directory
E/ConnectivityService(  362): Exception trying to add a route: java.lang.IllegalStateException: command '49 interface fwmark exempt add 10.0.2.2/32' failed with '400 49 Failed to add exemption rule (File exists)'
I/ContactsFTS(  548): Rebuild contact search index in 466ms, 0 contacts
E/logwrapper(  952): executing /system/bin/ip failed: No such file or directory
E/ConnectivityService(  362): Exception trying to add a route: java.lang.IllegalStateException: command '51 interface fwmark exempt add 172.217.23.14/32' failed with '400 51 Failed to add exemption rule (File exists)'
D/ConnectivityService(  362): requestRouteToHostAddress ok=false
D/ConnectivityService(  362): [CheckMp] isMobileOk: could not establish route to hostAddr=clients3.google.com/172.217.23.14
D/dalvikvm(  548): GC_CONCURRENT freed 261K, 10% free 3084K/3412K, paused 4ms+2ms, total 45ms
I/ActivityManager(  362): Start proc com.android.calendar for broadcast com.android.calendar/.widget.CalendarAppWidgetService$CalendarFactory: pid=955 uid=10016 gids={50016, 3003}
I/MediaFocusControl(  362):   Remote Control   registerMediaButtonIntent() for PendingIntent{b3136550: PendingIntentRecord{b2ebc9e8 com.android.music broadcastIntent}}
D/ExtensionsFactory(  955): No custom extensions.
I/ActivityManager(  362): Start proc com.android.deskclock for broadcast com.android.deskclock/.AlarmInitReceiver: pid=975 uid=10020 gids={50020, 1028}
I/ActivityManager(  362): Start proc com.android.providers.calendar for content provider com.android.providers.calendar/.CalendarProvider2: pid=985 uid=10001 gids={50001, 3003, 1028, 1015}
D/dalvikvm(   59): GC_EXPLICIT freed 40K, 4% free 2705K/2816K, paused 14ms+3ms, total 75ms
D/dalvikvm(   59): GC_EXPLICIT freed <1K, 4% free 2705K/2816K, paused 3ms+2ms, total 59ms
D/dalvikvm(   59): GC_EXPLICIT freed <1K, 4% free 2705K/2816K, paused 2ms+2ms, total 59ms
D/dalvikvm(  919): GC_CONCURRENT freed 208K, 9% free 2890K/3172K, paused 15ms+30ms, total 470ms
I/CalendarDatabaseHelper(  985): Bootstrapping database
I/CalendarProvider2(  985): Created com.android.providers.calendar.CalendarAlarmManager@b2d8c820(com.android.providers.calendar.CalendarProvider2@b2d78ef8)
W/ActivityManager(  362): Unable to start service Intent { cmp=com.android.email/.service.AttachmentDownloadService } U=0: not found
W/ActivityManager(  362): Unable to start service Intent { cmp=com.android.email/.service.AttachmentDownloadService } U=0: not found
W/ActivityManager(  362): Unable to start service Intent { cmp=com.android.email/.service.AttachmentDownloadService } U=0: not found
I/Email   (  919): Observing account changes for notifications
V/AlarmClock(  975): AlarmInitReceiver android.intent.action.TIMEZONE_CHANGED
I/AlarmClock(  975): Alarms Table created
I/AlarmClock(  975): Instance table created
I/AlarmClock(  975): Cities table created
I/AlarmClock(  975): Inserting default alarms
I/AlarmClock(  975): Displaying next alarm time: ''
W/BackupManagerService(  362): dataChanged but no participant pkg='com.android.providers.settings' uid=10020
V/AlarmClock(  975): AlarmInitReceiver finished
E/BluetoothAdapter(  619): Bluetooth binder is null
E/BluetoothAdapter(  619): Bluetooth binder is null
I/ActivityManager(  362): Start proc com.android.dialer for broadcast com.android.dialer/.calllog.CallLogReceiver: pid=1006 uid=10004 gids={50004, 3003, 1028, 1015}
I/CalendarProvider2(  985): Sending notification intent: Intent { act=android.intent.action.PROVIDER_CHANGED dat=content://com.android.calendar }
W/ContentResolver(  985): Failed to get type for: content://com.android.calendar (Unknown URL content://com.android.calendar)
D/dalvikvm(  362): GC_CONCURRENT freed 498K, 55% free 5747K/12736K, paused 4ms+5ms, total 75ms
D/ExtensionsFactory( 1006): No custom extensions.
E/BluetoothAdapter(  362): Bluetooth binder is null
E/BluetoothAdapter(  362): Bluetooth binder is null
V/WiredAccessoryManager(  362): init()
I/PowerManagerService(  362): Boot animation finished.
E/SoundPool(  362): error loading /system/media/audio/ui/Effect_Tick.ogg
W/AudioService(  362): Soundpool could not load file: /system/media/audio/ui/Effect_Tick.ogg
E/SoundPool(  362): error loading /system/media/audio/ui/Effect_Tick.ogg
W/AudioService(  362): Soundpool could not load file: /system/media/audio/ui/Effect_Tick.ogg
E/SoundPool(  362): error loading /system/media/audio/ui/Effect_Tick.ogg
W/AudioService(  362): Soundpool could not load file: /system/media/audio/ui/Effect_Tick.ogg
E/SoundPool(  362): error loading /system/media/audio/ui/Effect_Tick.ogg
W/AudioService(  362): Soundpool could not load file: /system/media/audio/ui/Effect_Tick.ogg
E/SoundPool(  362): error loading /system/media/audio/ui/Effect_Tick.ogg
W/AudioService(  362): Soundpool could not load file: /system/media/audio/ui/Effect_Tick.ogg
E/SoundPool(  362): error loading /system/media/audio/ui/KeypressStandard.ogg
W/AudioService(  362): Soundpool could not load file: /system/media/audio/ui/KeypressStandard.ogg
E/SoundPool(  362): error loading /system/media/audio/ui/KeypressSpacebar.ogg
W/AudioService(  362): Soundpool could not load file: /system/media/audio/ui/KeypressSpacebar.ogg
E/SoundPool(  362): error loading /system/media/audio/ui/KeypressDelete.ogg
W/AudioService(  362): Soundpool could not load file: /system/media/audio/ui/KeypressDelete.ogg
E/SoundPool(  362): error loading /system/media/audio/ui/KeypressReturn.ogg
W/AudioService(  362): Soundpool could not load file: /system/media/audio/ui/KeypressReturn.ogg
E/SoundPool(  362): error loading /system/media/audio/ui/KeypressInvalid.ogg
W/AudioService(  362): Soundpool could not load file: /system/media/audio/ui/KeypressInvalid.ogg
W/AudioService(  362): onLoadSoundEffects(), Error -1 while loading samples
I/RecoverySystem(  362): No recovery log file
I/BootReceiver(  362): Copying audit failures to DropBox
I/BootReceiver(  362): Checking for fsck errors
D/ConnectivityService(  362): [CheckMp] isMobileOk: too many loops tried - giving up
D/ConnectivityService(  362): [CheckMp] isMobileOk: X loops|timed out result=0
D/ConnectivityService(  362): [CheckMp] isMobileOk: F stop hipri
D/MobileDataStateTracker(  362): default: setEnableFailFastMobileData(enabled=0)
I/ActivityManager(  362): Delay finish: com.android.providers.media/.MediaScannerReceiver
D/ConnectivityService(  362): stopUsingNetworkFeature: teardown net 0: enableHIPRI
D/MobileDataStateTracker(  362): hipri: Broadcast received: android.intent.action.ANY_DATA_STATE apnType=hipri
D/MobileDataStateTracker(  362): hipri: Received state=DISCONNECTED, old=CONNECTED, reason=dataDisabled
D/MobileDataStateTracker(  362): hipri: setDetailed state, old =CONNECTED and new state=DISCONNECTED
D/ConnectivityService(  362): ConnectivityChange for mobile_hipri: DISCONNECTED/DISCONNECTED
E/logwrapper( 1030): executing /system/bin/ip failed: No such file or directory
E/SecondaryTablController(   55): ip route del failed: /system/bin/ip route del 10.0.2.2/32 via 0.0.0.0 dev eth0 table 60
W/FrameworkListener(   55): Handler 'interface' error (No such device)
I/ActivityManager(  362): Resuming delayed broadcast
E/logwrapper( 1031): executing /system/bin/ip failed: No such file or directory
E/SecondaryTablController(   55): ip route del failed: /system/bin/ip route del 0.0.0.0/0 via 10.0.2.2 dev eth0 table 60
W/FrameworkListener(   55): Handler 'interface' error (No such device)
I/ActivityManager(  362): Start proc com.android.mms for broadcast com.android.mms/.transaction.MmsSystemEventReceiver: pid=1032 uid=10009 gids={50009, 3003, 1028, 1015}
D/Nat464Xlat(  362): requiresClat: netType=5, hasIPv4Address=true
D/MobileDataStateTracker(  362): default: setPolicyDataEnable(enabled=true)
W/ProcessCpuTracker(  362): Skipping unknown process pid 1046
D/dalvikvm(  362): GC_CONCURRENT freed 784K, 56% free 5673K/12736K, paused 32ms+5ms, total 371ms
D/CountryDetector(  362): The first listener is added
E/NetdConnector(  362): NDC Command {59 bandwidth removeiquota eth0} took too long (889ms)
V/MmsConfig( 1032): mnc/mcc: 310260
V/MmsConfig( 1032): tag: bool value: enabledMMS - true
V/MmsConfig( 1032): tag: int value: maxMessageSize - 307200
V/MmsConfig( 1032): tag: int value: maxImageHeight - 480
V/MmsConfig( 1032): tag: int value: maxImageWidth - 640
V/MmsConfig( 1032): tag: int value: defaultSMSMessagesPerThread - 10000
V/MmsConfig( 1032): tag: int value: defaultMMSMessagesPerThread - 1000
V/MmsConfig( 1032): tag: int value: minMessageCountPerThread - 10
V/MmsConfig( 1032): tag: int value: maxMessageCountPerThread - 5000
V/MmsConfig( 1032): tag: string value: uaProfUrl - http://www.google.com/oha/rdf/ua-profile-kila.xml
V/MmsConfig( 1032): tag: int value: recipientLimit - -1
V/MmsConfig( 1032): tag: bool value: enableMultipartSMS - true
V/MmsConfig( 1032): tag: int value: smsToMmsTextThreshold - -1
V/MmsConfig( 1032): tag: bool value: enableSlideDuration - true
V/MmsConfig( 1032): tag: int value: maxMessageTextSize - -1
E/NetdConnector(  362): NDC Command {60 bandwidth gettetherstats} took too long (791ms)
I/MediaProvider(  629): Upgrading media database from version 0 to 700, which will destroy all old data
D/dalvikvm(  362): GC_CONCURRENT freed 618K, 56% free 5673K/12736K, paused 36ms+4ms, total 183ms
E/NetdConnector(  362): NDC Command {61 bandwidth setiquota eth0 9223372036854775807} took too long (1799ms)
D/MobileDataStateTracker(  362): default: setPolicyDataEnable(enabled=true)
D/Tethering(  362): MasterInitialState.processMessage what=3
D/Tethering(  362): MasterInitialState.processMessage what=3
D/CaptivePortalTracker(  362): NoActiveNetworkState{ when=-6ms what=1 obj=NetworkInfo: type: mobile_hipri[UMTS], state: DISCONNECTED/DISCONNECTED, reason: dataDisabled, extra: epc.tmobile.com, roaming: false, failover: false, isAvailable: true, isConnectedToProvisioningNetwork: false target=com.android.internal.util.StateMachine$SmHandler }
D/CaptivePortalTracker(  362): NoActiveNetworkState not a wifi connectivity change, ignore
D/CaptivePortalTracker(  362): NoActiveNetworkState{ when=-6ms what=1 obj=NetworkInfo: type: mobile[UMTS], state: CONNECTED/CONNECTED, reason: connected, extra: epc.tmobile.com, roaming: false, failover: false, isAvailable: true, isConnectedToProvisioningNetwork: false target=com.android.internal.util.StateMachine$SmHandler }
D/CaptivePortalTracker(  362): NoActiveNetworkState not a wifi connectivity change, ignore
D/dalvikvm(  362): GC_CONCURRENT freed 615K, 56% free 5676K/12736K, paused 14ms+4ms, total 150ms
D/dalvikvm(  602): GC_CONCURRENT freed 479K, 16% free 3303K/3892K, paused 5ms+258ms, total 334ms
E/NetdConnector(  362): NDC Command {62 bandwidth removeiquota eth0} took too long (813ms)
D/dalvikvm(  362): GC_CONCURRENT freed 621K, 56% free 5673K/12736K, paused 38ms+5ms, total 174ms
E/SQLiteLog(  629): (1) no such table: files
D/ConnectivityService(  362): [CheckMp] isMobileOk: X result=0
D/ConnectivityService(  362): [CheckMp] onPostExecute: result=0
D/ConnectivityService(  362): CheckMp.onComplete: result=0
D/ConnectivityService(  362): CheckMp.onComplete: ignore, connected or no connection
E/WVMExtractor(   61): Failed to open libwvm.so
E/NetdConnector(  362): NDC Command {63 bandwidth setiquota eth0 9223372036854775807} took too long (1758ms)
W/ProcessCpuTracker(  362): Skipping unknown process pid 1104
D/MobileDataStateTracker(  362): default: setPolicyDataEnable(enabled=true)
D/MobileDataStateTracker(  362): default: setPolicyDataEnable(enabled=true)
I/ActivityManager(  362): Delay finish: com.android.mms/.transaction.MmsSystemEventReceiver
D/Mms:app ( 1032): cancelNotification
I/ActivityManager(  362): Resuming delayed broadcast
I/ActivityManager(  362): Delay finish: com.android.mms/.transaction.SmsReceiver
D/MmsSmsDatabaseHelper(  602): [MmsSmsDb] tableName: threads hasAutoIncrement: CREATE TABLE threads (_id INTEGER PRIMARY KEY AUTOINCREMENT,date INTEGER DEFAULT 0,message_count INTEGER DEFAULT 0,recipient_ids TEXT,snippet TEXT,snippet_cs INTEGER DEFAULT 0,read INTEGER DEFAULT 1,type INTEGER DEFAULT 0,error INTEGER DEFAULT 0,has_attachment INTEGER DEFAULT 0) result: true
D/MmsSmsDatabaseHelper(  602): [MmsSmsDb] tableName: canonical_addresses hasAutoIncrement: CREATE TABLE canonical_addresses (_id INTEGER PRIMARY KEY AUTOINCREMENT,address TEXT) result: true
D/MmsSmsDatabaseHelper(  602): [MmsSmsDb] tableName: part hasAutoIncrement: CREATE TABLE part (_id INTEGER PRIMARY KEY AUTOINCREMENT,mid INTEGER,seq INTEGER DEFAULT 0,ct TEXT,name TEXT,chset INTEGER,cd TEXT,fn TEXT,cid TEXT,cl TEXT,ctt_s INTEGER,ctt_t TEXT,_data TEXT,text TEXT) result: true
D/MmsSmsDatabaseHelper(  602): [MmsSmsDb] tableName: pdu hasAutoIncrement: CREATE TABLE pdu (_id INTEGER PRIMARY KEY AUTOINCREMENT,thread_id INTEGER,date INTEGER,date_sent INTEGER DEFAULT 0,msg_box INTEGER,read INTEGER DEFAULT 0,m_id TEXT,sub TEXT,sub_cs INTEGER,ct_t TEXT,ct_l TEXT,exp INTEGER,m_cls TEXT,m_type INTEGER,v INTEGER,m_size INTEGER,pri INTEGER,rr INTEGER,rpt_a INTEGER,resp_st INTEGER,st INTEGER,tr_id TEXT,retr_st INTEGER,retr_txt TEXT,retr_txt_cs INTEGER,read_status INTEGER,ct_cls INTEGER,resp_txt TEXT,d_tm INTEGER,d_rpt INTEGER,locked INTEGER DEFAULT 0,seen INTEGER DEFAULT 0,text_only INTEGER DEFAULT 0) result: true
D/MmsSmsDatabaseHelper(  602): [getWritableDatabase] hasAutoIncrementThreads: true hasAutoIncrementAddresses: true hasAutoIncrementPart: true hasAutoIncrementPdu: true
D/Mms:app ( 1032): cancelNotification
I/ActivityManager(  362): Resuming delayed broadcast
D/AlertReceiver(  955): onReceive: a=android.intent.action.BOOT_COMPLETED Intent { act=android.intent.action.BOOT_COMPLETED flg=0x8000010 cmp=com.android.calendar/.alerts.AlertReceiver (has extras) }
I/ActivityManager(  362): Delay finish: com.android.calendar/.alerts.AlertReceiver
D/AlertUtils(  955): Flushing old alerts from shared prefs table
D/AlertService(  955): 0 Action = android.intent.action.BOOT_COMPLETED
D/AlertService(  955): Scheduling next alarm with AlarmScheduler. sEventReminderReceived: null
D/dalvikvm(  955): GC_CONCURRENT freed 307K, 12% free 2805K/3184K, paused 33ms+5ms, total 77ms
D/AlarmScheduler(  955): No events found starting within 1 week.
D/dalvikvm(  629): GC_CONCURRENT freed 271K, 11% free 3039K/3380K, paused 4ms+3ms, total 37ms
V/MediaScanner(  629): pruneDeadThumbnailFiles... android.database.sqlite.SQLiteCursor@b2deb110
V/MediaScanner(  629): /pruneDeadThumbnailFiles... android.database.sqlite.SQLiteCursor@b2deb110
I/ActivityManager(  362): Resuming delayed broadcast
V/AlarmClock(  975): AlarmInitReceiver android.intent.action.BOOT_COMPLETED
V/AlarmClock(  975): AlarmInitReceiver - Reset timers and clear stopwatch data
V/AlarmClock(  975): AlarmInitReceiver - resetting volume button default
I/AlarmClock(  975): Displaying next alarm time: ''
V/AlarmClock(  975): AlarmInitReceiver finished
D/dalvikvm(  975): GC_CONCURRENT freed 388K, 14% free 2821K/3280K, paused 3ms+3ms, total 118ms
D/dalvikvm(  975): WAIT_FOR_CONCURRENT_GC blocked 42ms
I/ActivityManager(  362): Delay finish: com.android.email/.service.EmailUpgradeBroadcastReceiver
E/MetadataRetrieverClient(   61): failed to extract an album art
I/ActivityManager(  362): Resuming delayed broadcast
I/ActivityManager(  362): Delay finish: com.android.email/.service.EmailBroadcastReceiver
I/Email   (  919): Onetime initialization: 1
I/Email   (  919): Onetime initialization: 2
I/Email   (  919): Onetime initialization: completed.
I/ActivityManager(  362): Delaying start of: ServiceRecord{b2fe0960 u0 com.android.exchange/.service.EmailSyncAdapterService}
I/LauncherIconVisibilityManager(  588): Boot has been completed
I/ActivityManager(  362): Resuming delayed broadcast
I/LauncherIconVisibilityManager(  588): Disable activity: ComponentInfo{com.android.inputmethod.latin/com.android.inputmethod.latin.setup.SetupActivity}
E/BluetoothAdapter(  619): Bluetooth binder is null
D/dalvikvm(  362): GC_CONCURRENT freed 567K, 56% free 5728K/12736K, paused 21ms+5ms, total 100ms
I/ActivityManager(  362): Delay finish: com.android.deskclock/com.android.alarmclock.AnalogAppWidgetProvider
D/dalvikvm( 1032): GC_CONCURRENT freed 230K, 10% free 2880K/3184K, paused 23ms+32ms, total 136ms
E/StrictMode( 1032): A resource was acquired at attached stack trace but never released. See java.io.Closeable for information on avoiding resource leaks.
E/StrictMode( 1032): java.lang.Throwable: Explicit termination method 'release' not called
E/StrictMode( 1032): 	at dalvik.system.CloseGuard.open(CloseGuard.java:184)
E/StrictMode( 1032): 	at android.drm.DrmManagerClient.<init>(DrmManagerClient.java:258)
E/StrictMode( 1032): 	at com.google.android.mms.pdu.PduPersister.<init>(PduPersister.java:288)
E/StrictMode( 1032): 	at com.google.android.mms.pdu.PduPersister.getPduPersister(PduPersister.java:296)
E/StrictMode( 1032): 	at com.android.mms.transaction.TransactionService.onNewIntent(TransactionService.java:224)
E/StrictMode( 1032): 	at com.android.mms.transaction.TransactionService$ServiceHandler.handleMessage(TransactionService.java:621)
E/StrictMode( 1032): 	at android.os.Handler.dispatchMessage(Handler.java:102)
E/StrictMode( 1032): 	at android.os.Looper.loop(Looper.java:136)
E/StrictMode( 1032): 	at android.os.HandlerThread.run(HandlerThread.java:61)
I/ActivityManager(  362): Resuming delayed broadcast
W/BroadcastQueue(  362): Permission Denial: broadcasting Intent { act=android.appwidget.action.APPWIDGET_UPDATE_OPTIONS flg=0x10 cmp=com.android.settings/.widget.SettingsAppWidgetProvider (has extras) } from android (pid=692, uid=10008) is not exported from uid 1000 due to receiver com.android.settings/.widget.SettingsAppWidgetProvider
I/ActivityManager(  362): Start proc com.svox.pico for broadcast com.svox.pico/.VoiceDataInstallerReceiver: pid=1129 uid=10037 gids={50037, 1028, 1015}
I/InputReader(  362): Reconfiguring input devices.  changes=0x00000010
I/InputReader(  362): Reconfiguring input devices.  changes=0x00000010
I/InputReader(  362): Reconfiguring input devices.  changes=0x00000010
I/PackageManager(  362):   Action: "android.intent.action.SENDTO"
I/PackageManager(  362):   Category: "android.intent.category.DEFAULT"
I/PackageManager(  362):   Scheme: "sms"
I/PackageManager(  362): Adding preferred activity ComponentInfo{com.android.mms/com.android.mms.ui.ComposeMessageActivity} for user 0 :
I/PackageManager(  362):   Action: "android.intent.action.SENDTO"
I/PackageManager(  362):   Category: "android.intent.category.DEFAULT"
I/PackageManager(  362):   Scheme: "smsto"
I/PackageManager(  362): Adding preferred activity ComponentInfo{com.android.mms/com.android.mms.ui.ComposeMessageActivity} for user 0 :
I/PackageManager(  362):   Action: "android.intent.action.SENDTO"
I/PackageManager(  362):   Category: "android.intent.category.DEFAULT"
I/PackageManager(  362):   Scheme: "mms"
I/PackageManager(  362): Adding preferred activity ComponentInfo{com.android.mms/com.android.mms.ui.ComposeMessageActivity} for user 0 :
I/PackageManager(  362):   Action: "android.intent.action.SENDTO"
I/PackageManager(  362):   Category: "android.intent.category.DEFAULT"
I/PackageManager(  362):   Scheme: "mmsto"
I/PackageManager(  362): Adding preferred activity ComponentInfo{com.android.mms/com.android.mms.ui.ComposeMessageActivity} for user 0 :
I/PackageManager(  362):   Action: "android.intent.action.SENDTO"
I/PackageManager(  362):   Category: "android.intent.category.DEFAULT"
I/PackageManager(  362):   Scheme: "sms"
I/PackageManager(  362): Adding preferred activity ComponentInfo{com.android.mms/com.android.mms.ui.ComposeMessageActivity} for user 0 :
D/dalvikvm(  602): GC_CONCURRENT freed 317K, 13% free 3406K/3880K, paused 23ms+2ms, total 81ms
I/PackageManager(  362):   Action: "android.intent.action.SENDTO"
I/PackageManager(  362):   Category: "android.intent.category.DEFAULT"
I/PackageManager(  362):   Scheme: "smsto"
I/PackageManager(  362): Adding preferred activity ComponentInfo{com.android.mms/com.android.mms.ui.ComposeMessageActivity} for user 0 :
D/dalvikvm(  362): GC_CONCURRENT freed 642K, 55% free 5845K/12736K, paused 40ms+5ms, total 136ms
D/dalvikvm(  362): WAIT_FOR_CONCURRENT_GC blocked 49ms
D/dalvikvm(  362): WAIT_FOR_CONCURRENT_GC blocked 51ms
I/PackageManager(  362):   Action: "android.intent.action.SENDTO"
I/PackageManager(  362):   Category: "android.intent.category.DEFAULT"
I/PackageManager(  362):   Scheme: "mms"
I/PackageManager(  362): Adding preferred activity ComponentInfo{com.android.mms/com.android.mms.ui.ComposeMessageActivity} for user 0 :
I/PackageManager(  362):   Action: "android.intent.action.SENDTO"
I/PackageManager(  362):   Category: "android.intent.category.DEFAULT"
I/PackageManager(  362):   Scheme: "mmsto"
I/PackageManager(  362): Adding preferred activity ComponentInfo{com.android.mms/com.android.mms.ui.ComposeMessageActivity} for user 0 :
I/PackageManager(  362):   Action: "android.intent.action.SENDTO"
I/PackageManager(  362):   Category: "android.intent.category.DEFAULT"
I/PackageManager(  362):   Scheme: "sms"
I/PackageManager(  362): Adding preferred activity ComponentInfo{com.android.mms/com.android.mms.ui.ComposeMessageActivity} for user 0 :
I/PackageManager(  362):   Action: "android.intent.action.SENDTO"
I/PackageManager(  362):   Category: "android.intent.category.DEFAULT"
I/PackageManager(  362):   Scheme: "smsto"
I/PackageManager(  362): Adding preferred activity ComponentInfo{com.android.mms/com.android.mms.ui.ComposeMessageActivity} for user 0 :
D/dalvikvm(  602): GC_CONCURRENT freed 499K, 16% free 3358K/3976K, paused 4ms+2ms, total 32ms
I/PackageManager(  362):   Action: "android.intent.action.SENDTO"
I/PackageManager(  362):   Category: "android.intent.category.DEFAULT"
I/PackageManager(  362):   Scheme: "mms"
I/PackageManager(  362): Adding preferred activity ComponentInfo{com.android.mms/com.android.mms.ui.ComposeMessageActivity} for user 0 :
I/PackageManager(  362):   Action: "android.intent.action.SENDTO"
I/PackageManager(  362):   Category: "android.intent.category.DEFAULT"
I/PackageManager(  362):   Scheme: "mmsto"
I/PackageManager(  362): Adding preferred activity ComponentInfo{com.android.mms/com.android.mms.ui.ComposeMessageActivity} for user 0 :
I/PackageManager(  362):   Action: "android.intent.action.SENDTO"
I/PackageManager(  362):   Category: "android.intent.category.DEFAULT"
I/PackageManager(  362):   Scheme: "sms"
I/PackageManager(  362): Adding preferred activity ComponentInfo{com.android.mms/com.android.mms.ui.ComposeMessageActivity} for user 0 :
I/PackageManager(  362):   Action: "android.intent.action.SENDTO"
I/PackageManager(  362):   Category: "android.intent.category.DEFAULT"
I/PackageManager(  362):   Scheme: "smsto"
I/PackageManager(  362): Adding preferred activity ComponentInfo{com.android.mms/com.android.mms.ui.ComposeMessageActivity} for user 0 :
D/dalvikvm(  362): GC_CONCURRENT freed 848K, 55% free 5772K/12736K, paused 15ms+6ms, total 104ms
D/dalvikvm(  362): WAIT_FOR_CONCURRENT_GC blocked 45ms
I/PackageManager(  362):   Action: "android.intent.action.SENDTO"
I/PackageManager(  362):   Category: "android.intent.category.DEFAULT"
I/PackageManager(  362):   Scheme: "mms"
I/PackageManager(  362): Adding preferred activity ComponentInfo{com.android.mms/com.android.mms.ui.ComposeMessageActivity} for user 0 :
I/PackageManager(  362):   Action: "android.intent.action.SENDTO"
I/PackageManager(  362):   Category: "android.intent.category.DEFAULT"
I/PackageManager(  362):   Scheme: "mmsto"
I/PackageManager(  362): Adding preferred activity ComponentInfo{com.android.mms/com.android.mms.ui.ComposeMessageActivity} for user 0 :
I/PackageManager(  362):   Action: "android.intent.action.SENDTO"
I/PackageManager(  362):   Category: "android.intent.category.DEFAULT"
I/PackageManager(  362):   Scheme: "sms"
I/PackageManager(  362): Adding preferred activity ComponentInfo{com.android.mms/com.android.mms.ui.ComposeMessageActivity} for user 0 :
D/dalvikvm(  602): GC_CONCURRENT freed 484K, 17% free 3336K/3976K, paused 4ms+3ms, total 73ms
D/AlertReceiver(  955): onReceive: a=android.intent.action.PROVIDER_CHANGED Intent { act=android.intent.action.PROVIDER_CHANGED dat=content://com.android.calendar flg=0x10 cmp=com.android.calendar/.alerts.AlertReceiver }
I/PackageManager(  362):   Action: "android.intent.action.SENDTO"
I/PackageManager(  362):   Category: "android.intent.category.DEFAULT"
I/PackageManager(  362):   Scheme: "smsto"
I/PackageManager(  362): Adding preferred activity ComponentInfo{com.android.mms/com.android.mms.ui.ComposeMessageActivity} for user 0 :
I/PackageManager(  362):   Action: "android.intent.action.SENDTO"
I/PackageManager(  362):   Category: "android.intent.category.DEFAULT"
I/PackageManager(  362):   Scheme: "mms"
I/PackageManager(  362): Adding preferred activity ComponentInfo{com.android.mms/com.android.mms.ui.ComposeMessageActivity} for user 0 :
I/PackageManager(  362):   Action: "android.intent.action.SENDTO"
I/PackageManager(  362):   Category: "android.intent.category.DEFAULT"
I/PackageManager(  362):   Scheme: "mmsto"
I/PackageManager(  362): Adding preferred activity ComponentInfo{com.android.mms/com.android.mms.ui.ComposeMessageActivity} for user 0 :
I/PackageManager(  362):   Action: "android.intent.action.SENDTO"
I/PackageManager(  362):   Category: "android.intent.category.DEFAULT"
I/PackageManager(  362):   Scheme: "sms"
I/PackageManager(  362): Adding preferred activity ComponentInfo{com.android.mms/com.android.mms.ui.ComposeMessageActivity} for user 0 :
D/dalvikvm(  362): GC_CONCURRENT freed 698K, 55% free 5844K/12736K, paused 15ms+5ms, total 129ms
D/dalvikvm(  362): WAIT_FOR_CONCURRENT_GC blocked 41ms
I/ActivityManager(  362): Delay finish: com.android.calendar/.alerts.AlertReceiver
I/PackageManager(  362):   Action: "android.intent.action.SENDTO"
I/PackageManager(  362):   Category: "android.intent.category.DEFAULT"
I/PackageManager(  362):   Scheme: "smsto"
I/PackageManager(  362): Adding preferred activity ComponentInfo{com.android.mms/com.android.mms.ui.ComposeMessageActivity} for user 0 :
I/PackageManager(  362):   Action: "android.intent.action.SENDTO"
I/PackageManager(  362):   Category: "android.intent.category.DEFAULT"
I/PackageManager(  362):   Scheme: "mms"
I/PackageManager(  362): Adding preferred activity ComponentInfo{com.android.mms/com.android.mms.ui.ComposeMessageActivity} for user 0 :
D/dalvikvm(  602): GC_CONCURRENT freed 402K, 15% free 3384K/3976K, paused 4ms+2ms, total 52ms
I/PackageManager(  362):   Action: "android.intent.action.SENDTO"
I/PackageManager(  362):   Category: "android.intent.category.DEFAULT"
I/PackageManager(  362):   Scheme: "mmsto"
I/PackageManager(  362): Adding preferred activity ComponentInfo{com.android.mms/com.android.mms.ui.ComposeMessageActivity} for user 0 :
D/AlertService(  955): 0 Action = android.intent.action.PROVIDER_CHANGED
I/ActivityManager(  362): Waited long enough for: ServiceRecord{b342c628 u0 com.android.music/.MediaPlaybackService}
I/ActivityManager(  362): Resuming delayed broadcast
E/BluetoothAdapter(  619): Bluetooth binder is null
I/ActivityManager(  362): Delay finish: com.android.mms/.transaction.SmsReceiver
V/SmsReceiverService( 1032): onStart: #1 mResultCode: -1 = Activity.RESULT_OK
I/ActivityManager(  362): Resuming delayed broadcast
D/MobileDataStateTracker(  362): default: setPolicyDataEnable(enabled=true)
I/ActivityManager(  362): Delay finish: com.android.providers.calendar/.CalendarProviderBroadcastReceiver
I/ActivityManager(  362): Resuming delayed broadcast
D/dalvikvm(  985): GC_CONCURRENT freed 211K, 9% free 2886K/3172K, paused 13ms+2ms, total 90ms
D/ConnectivityService(  362): Sampling interval elapsed, updating statistics ..
D/ConnectivityService(  362): Done.
D/ConnectivityService(  362): Setting timer for 720seconds
D/dalvikvm(  362): GC_CONCURRENT freed 773K, 55% free 5751K/12736K, paused 6ms+6ms, total 99ms
I/GlobalDismissManager(  955): no sender configured
D/AlertService(  955): Beginning updateAlertNotification
D/AlertService(  955): No fired or scheduled alerts
D/AlertService(  955): Scheduling next alarm with AlarmScheduler. sEventReminderReceived: null
D/AlarmScheduler(  955): No events found starting within 1 week.
D/AndroidRuntime( 1152): 
D/AndroidRuntime( 1152): >>>>>> AndroidRuntime START com.android.internal.os.RuntimeInit <<<<<<
D/AndroidRuntime( 1152): CheckJNI is ON
D/dalvikvm( 1152): Trying to load lib libjavacore.so 0x0
D/dalvikvm( 1152): Added shared lib libjavacore.so 0x0
D/dalvikvm( 1152): Trying to load lib libnativehelper.so 0x0
D/dalvikvm( 1152): Added shared lib libnativehelper.so 0x0
D/dalvikvm( 1152): No JNI_OnLoad found in libnativehelper.so 0x0, skipping init
D/dalvikvm( 1152): Note: class Landroid/app/ActivityManagerNative; has 179 unimplemented (abstract) methods
E/memtrack( 1152): Couldn't load memtrack module (No such file or directory)
E/android.os.Debug( 1152): failed to load memtrack module: -2
D/AndroidRuntime( 1152): Calling main entry com.android.commands.am.Am
I/ActivityManager(  362): START u0 {act=android.intent.action.MAIN cat=[android.intent.category.LAUNCHER] flg=0x10000000 cmp=com.anzhi14022604.shengjing/.MainActivity} from pid 1152
D/gralloc (   58): Registering a buffer in the process that created it. This may cause memory ordering problems.
E/libEGL  (   58): called unimplemented OpenGL ES API
E/libEGL  (   58): called unimplemented OpenGL ES API
E/libEGL  (   58): called unimplemented OpenGL ES API
E/libEGL  (   58): called unimplemented OpenGL ES API
E/SurfaceFlinger(   58): glCheckFramebufferStatusOES error 1330242731
E/SurfaceFlinger(   58): got GL_FRAMEBUFFER_COMPLETE_OES error while taking screenshot
E/libEGL  (   58): called unimplemented OpenGL ES API
E/libEGL  (   58): called unimplemented OpenGL ES API
W/WindowManager(  362): Screenshot failure taking screenshot for (164x295) to layer 21005
I/ActivityManager(  362): Start proc com.anzhi14022604.shengjing for activity com.anzhi14022604.shengjing/.MainActivity: pid=1162 uid=10052 gids={50052, 1028, 1015, 3003}
D/dalvikvm( 1162): GC_CONCURRENT freed 46K, 4% free 3110K/3228K, paused 17ms+12ms, total 82ms
E/SQLiteLog( 1162): (14) cannot open file at line 30184 of [00bb9c9ce4]
E/SQLiteLog( 1162): (14) os_unix.c:30184: (2) open(/data/data/com.anzhi14022604.shengjing/databases/db.db) - 
E/SQLiteDatabase( 1162): Failed to open database '/data/data/com.anzhi14022604.shengjing/databases/db.db'.
E/SQLiteDatabase( 1162): android.database.sqlite.SQLiteCantOpenDatabaseException: unknown error (code 14): Could not open database
E/SQLiteDatabase( 1162): 	at android.database.sqlite.SQLiteConnection.nativeOpen(Native Method)
E/SQLiteDatabase( 1162): 	at android.database.sqlite.SQLiteConnection.open(SQLiteConnection.java:209)
E/SQLiteDatabase( 1162): 	at android.database.sqlite.SQLiteConnection.open(SQLiteConnection.java:193)
E/SQLiteDatabase( 1162): 	at android.database.sqlite.SQLiteConnectionPool.openConnectionLocked(SQLiteConnectionPool.java:463)
E/SQLiteDatabase( 1162): 	at android.database.sqlite.SQLiteConnectionPool.open(SQLiteConnectionPool.java:185)
E/SQLiteDatabase( 1162): 	at android.database.sqlite.SQLiteConnectionPool.open(SQLiteConnectionPool.java:177)
E/SQLiteDatabase( 1162): 	at android.database.sqlite.SQLiteDatabase.openInner(SQLiteDatabase.java:804)
E/SQLiteDatabase( 1162): 	at android.database.sqlite.SQLiteDatabase.open(SQLiteDatabase.java:789)
E/SQLiteDatabase( 1162): 	at android.database.sqlite.SQLiteDatabase.openDatabase(SQLiteDatabase.java:694)
E/SQLiteDatabase( 1162): 	at android.database.sqlite.SQLiteDatabase.openDatabase(SQLiteDatabase.java:669)
E/SQLiteDatabase( 1162): 	at com.anzhi14022604.shengjing.MainActivity$SQLiteDatabaseDao.checkDataBase(MainActivity.java:324)
E/SQLiteDatabase( 1162): 	at com.anzhi14022604.shengjing.MainActivity$SQLiteDatabaseDao.<init>(MainActivity.java:221)
E/SQLiteDatabase( 1162): 	at com.anzhi14022604.shengjing.MainActivity.onCreate(MainActivity.java:135)
E/SQLiteDatabase( 1162): 	at android.app.Activity.performCreate(Activity.java:5231)
E/SQLiteDatabase( 1162): 	at android.app.Instrumentation.callActivityOnCreate(Instrumentation.java:1087)
E/SQLiteDatabase( 1162): 	at android.app.ActivityThread.performLaunchActivity(ActivityThread.java:2148)
E/SQLiteDatabase( 1162): 	at android.app.ActivityThread.handleLaunchActivity(ActivityThread.java:2233)
E/SQLiteDatabase( 1162): 	at android.app.ActivityThread.access$800(ActivityThread.java:135)
E/SQLiteDatabase( 1162): 	at android.app.ActivityThread$H.handleMessage(ActivityThread.java:1196)
E/SQLiteDatabase( 1162): 	at android.os.Handler.dispatchMessage(Handler.java:102)
E/SQLiteDatabase( 1162): 	at android.os.Looper.loop(Looper.java:136)
E/SQLiteDatabase( 1162): 	at android.app.ActivityThread.main(ActivityThread.java:5001)
E/SQLiteDatabase( 1162): 	at java.lang.reflect.Method.invokeNative(Native Method)
E/SQLiteDatabase( 1162): 	at java.lang.reflect.Method.invoke(Method.java:515)
E/SQLiteDatabase( 1162): 	at com.android.internal.os.ZygoteInit$MethodAndArgsCaller.run(ZygoteInit.java:785)
E/SQLiteDatabase( 1162): 	at com.android.internal.os.ZygoteInit.main(ZygoteInit.java:601)
E/SQLiteDatabase( 1162): 	at dalvik.system.NativeStart.main(Native Method)
D/dalvikvm( 1162): GC_CONCURRENT freed 276K, 10% free 3247K/3596K, paused 5ms+2ms, total 93ms
W/System.err( 1162): java.net.UnknownHostException: Unable to resolve host "csapi.adfeiwo.com": No address associated with hostname
W/System.err( 1162): 	at java.net.InetAddress.lookupHostByName(InetAddress.java:394)
W/System.err( 1162): 	at java.net.InetAddress.getAllByNameImpl(InetAddress.java:236)
W/System.err( 1162): 	at java.net.InetAddress.getAllByName(InetAddress.java:214)
W/System.err( 1162): 	at com.android.okhttp.internal.Dns$1.getAllByName(Dns.java:28)
W/System.err( 1162): 	at com.android.okhttp.internal.http.RouteSelector.resetNextInetSocketAddress(RouteSelector.java:216)
W/System.err( 1162): 	at com.android.okhttp.internal.http.RouteSelector.next(RouteSelector.java:122)
W/System.err( 1162): 	at com.android.okhttp.internal.http.HttpEngine.connect(HttpEngine.java:292)
W/System.err( 1162): 	at com.android.okhttp.internal.http.HttpEngine.sendSocketRequest(HttpEngine.java:255)
W/System.err( 1162): 	at com.android.okhttp.internal.http.HttpEngine.sendRequest(HttpEngine.java:206)
W/System.err( 1162): 	at com.android.okhttp.internal.http.HttpURLConnectionImpl.execute(HttpURLConnectionImpl.java:345)
W/System.err( 1162): 	at com.android.okhttp.internal.http.HttpURLConnectionImpl.connect(HttpURLConnectionImpl.java:89)
W/System.err( 1162): 	at com.android.okhttp.internal.http.HttpURLConnectionImpl.getOutputStream(HttpURLConnectionImpl.java:197)
W/System.err( 1162): 	at com.feiwo.banner.e.l.run(Unknown Source)
W/System.err( 1162): 	at java.util.concurrent.Executors$RunnableAdapter.call(Executors.java:422)
W/System.err( 1162): 	at java.util.concurrent.FutureTask.run(FutureTask.java:237)
W/System.err( 1162): 	at java.util.concurrent.ThreadPoolExecutor.runWorker(ThreadPoolExecutor.java:1112)
W/System.err( 1162): 	at java.util.concurrent.ThreadPoolExecutor$Worker.run(ThreadPoolExecutor.java:587)
W/System.err( 1162): 	at java.lang.Thread.run(Thread.java:841)
V/debug   ( 1162): 
V/debug   ( 1162): :
W/CursorWindow( 1162): Window is full: requested allocation 166095 bytes, free space 112075 bytes, window size 2097152 bytes
V/debug   ( 1162): 
V/debug   ( 1162): 
V/debug   ( 1162): 
V/debug   ( 1162): 
V/debug   ( 1162): 
V/debug   ( 1162): 
V/debug   ( 1162): 
V/debug   ( 1162): 
V/debug   ( 1162): ()
V/debug   ( 1162): ()
V/debug   ( 1162): ()
V/debug   ( 1162): ()
V/debug   ( 1162): ()
V/debug   ( 1162): ()
V/debug   ( 1162): 
V/debug   ( 1162): 
V/debug   ( 1162): 
V/debug   ( 1162): 
V/debug   ( 1162): 
V/debug   ( 1162): 
V/debug   ( 1162): 
V/debug   ( 1162): 
V/debug   ( 1162): 
V/debug   ( 1162): 
V/debug   ( 1162): 
V/debug   ( 1162): 
V/debug   ( 1162): 
V/debug   ( 1162): 
V/debug   ( 1162): 
V/debug   ( 1162): 
V/debug   ( 1162): 
V/debug   ( 1162): 
V/debug   ( 1162): 
V/debug   ( 1162): 
V/debug   ( 1162): 
V/debug   ( 1162): 
V/debug   ( 1162): 
V/debug   ( 1162): 
V/debug   ( 1162): 
V/debug   ( 1162): 
V/debug   ( 1162): .
V/debug   ( 1162): 
V/debug   ( 1162): 
V/debug   ( 1162): 
V/debug   ( 1162): 
V/debug   ( 1162): 
V/debug   ( 1162): 
V/debug   ( 1162): 
V/debug   ( 1162): 
V/debug   ( 1162): 
V/debug   ( 1162): 
V/debug   ( 1162): 
V/debug   ( 1162): 
V/debug   ( 1162): 
V/debug   ( 1162): 
V/debug   ( 1162): 
V/debug   ( 1162): 
V/debug   ( 1162): 
V/debug   ( 1162): 
V/debug   ( 1162): 
V/debug   ( 1162): 
V/debug   ( 1162): 
V/debug   ( 1162): 
V/debug   ( 1162): 
V/debug   ( 1162): 
V/debug   ( 1162): 
I/Choreographer( 1162): Skipped 41 frames!  The application may be doing too much work on its main thread.
D/gralloc_goldfish( 1162): Emulator without GPU emulation detected.
I/ActivityManager(  362): Displayed com.anzhi14022604.shengjing/.MainActivity: +3s645ms
D/AndroidRuntime( 1152): Shutting down VM
D/dalvikvm( 1152): GC_CONCURRENT freed 97K, 15% free 589K/692K, paused 1ms+1ms, total 20ms
I/Choreographer( 1162): Skipped 87 frames!  The application may be doing too much work on its main thread.
I/ActivityManager(  362): Waited long enough for: ServiceRecord{b341a270 u0 com.android.calendar/.alerts.InitAlarmsService}
V/AlarmClock(  975): AlarmInitReceiver android.intent.action.TIME_SET
I/AlarmClock(  975): Displaying next alarm time: ''
V/AlarmClock(  975): AlarmInitReceiver finished
D/AndroidRuntime( 1190): 
D/AndroidRuntime( 1190): >>>>>> AndroidRuntime START com.android.internal.os.RuntimeInit <<<<<<
D/AndroidRuntime( 1190): CheckJNI is ON
D/dalvikvm( 1190): Trying to load lib libjavacore.so 0x0
D/dalvikvm( 1190): Added shared lib libjavacore.so 0x0
D/dalvikvm( 1190): Trying to load lib libnativehelper.so 0x0
D/dalvikvm( 1190): Added shared lib libnativehelper.so 0x0
D/dalvikvm( 1190): No JNI_OnLoad found in libnativehelper.so 0x0, skipping init
D/dalvikvm( 1190): Note: class Landroid/app/ActivityManagerNative; has 179 unimplemented (abstract) methods
E/memtrack( 1190): Couldn't load memtrack module (No such file or directory)
E/android.os.Debug( 1190): failed to load memtrack module: -2
D/AndroidRuntime( 1190): Calling main entry com.android.commands.am.Am
D/AndroidRuntime( 1190): Shutting down VM
D/InitAlarmsService(  955): Clearing and rescheduling alarms.
D/dalvikvm( 1190): GC_CONCURRENT freed 97K, 15% free 587K/688K, paused 2ms+1ms, total 21ms
D/        (  362): Setting time of day to sec=1545656295
D/AndroidRuntime( 1201): 
D/AndroidRuntime( 1201): >>>>>> AndroidRuntime START com.android.internal.os.RuntimeInit <<<<<<
D/AndroidRuntime( 1201): CheckJNI is ON
D/dalvikvm( 1201): Trying to load lib libjavacore.so 0x0
D/dalvikvm( 1201): Added shared lib libjavacore.so 0x0
D/dalvikvm( 1201): Trying to load lib libnativehelper.so 0x0
D/dalvikvm( 1201): Added shared lib libnativehelper.so 0x0
D/dalvikvm( 1201): No JNI_OnLoad found in libnativehelper.so 0x0, skipping init
D/dalvikvm( 1201): Note: class Landroid/app/ActivityManagerNative; has 179 unimplemented (abstract) methods
E/memtrack( 1201): Couldn't load memtrack module (No such file or directory)
E/android.os.Debug( 1201): failed to load memtrack module: -2
D/AndroidRuntime( 1201): Calling main entry com.android.commands.am.Am
I/ActivityManager(  362): START u0 {act=android.intent.action.MAIN cat=[android.intent.category.LAUNCHER] flg=0x10000000 cmp=com.anzhi14022604.shengjing/com.meimei20091013.mine.ContentActivity} from pid 1201
D/AndroidRuntime( 1162): Shutting down VM
W/dalvikvm( 1162): threadid=1: thread exiting with uncaught exception (group=0xb2ab3ba8)
E/AndroidRuntime( 1162): FATAL EXCEPTION: main
E/AndroidRuntime( 1162): Process: com.anzhi14022604.shengjing, PID: 1162
E/AndroidRuntime( 1162): java.lang.RuntimeException: Unable to start activity ComponentInfo{com.anzhi14022604.shengjing/com.meimei20091013.mine.ContentActivity}: java.lang.NullPointerException
E/AndroidRuntime( 1162): 	at android.app.ActivityThread.performLaunchActivity(ActivityThread.java:2184)
E/AndroidRuntime( 1162): 	at android.app.ActivityThread.handleLaunchActivity(ActivityThread.java:2233)
E/AndroidRuntime( 1162): 	at android.app.ActivityThread.access$800(ActivityThread.java:135)
E/AndroidRuntime( 1162): 	at android.app.ActivityThread$H.handleMessage(ActivityThread.java:1196)
E/AndroidRuntime( 1162): 	at android.os.Handler.dispatchMessage(Handler.java:102)
E/AndroidRuntime( 1162): 	at android.os.Looper.loop(Looper.java:136)
E/AndroidRuntime( 1162): 	at android.app.ActivityThread.main(ActivityThread.java:5001)
E/AndroidRuntime( 1162): 	at java.lang.reflect.Method.invokeNative(Native Method)
E/AndroidRuntime( 1162): 	at java.lang.reflect.Method.invoke(Method.java:515)
E/AndroidRuntime( 1162): 	at com.android.internal.os.ZygoteInit$MethodAndArgsCaller.run(ZygoteInit.java:785)
E/AndroidRuntime( 1162): 	at com.android.internal.os.ZygoteInit.main(ZygoteInit.java:601)
E/AndroidRuntime( 1162): 	at dalvik.system.NativeStart.main(Native Method)
E/AndroidRuntime( 1162): Caused by: java.lang.NullPointerException
E/AndroidRuntime( 1162): 	at com.meimei20091013.mine.ContentActivity.setDisplayData(ContentActivity.java:211)
E/AndroidRuntime( 1162): 	at com.meimei20091013.mine.ContentActivity.onCreate(ContentActivity.java:80)
E/AndroidRuntime( 1162): 	at android.app.Activity.performCreate(Activity.java:5231)
E/AndroidRuntime( 1162): 	at android.app.Instrumentation.callActivityOnCreate(Instrumentation.java:1087)
E/AndroidRuntime( 1162): 	at android.app.ActivityThread.performLaunchActivity(ActivityThread.java:2148)
E/AndroidRuntime( 1162): 	... 11 more
W/ActivityManager(  362):   Force finishing activity com.anzhi14022604.shengjing/com.meimei20091013.mine.ContentActivity
W/ActivityManager(  362):   Force finishing activity com.anzhi14022604.shengjing/.MainActivity
D/dalvikvm( 1162): GC_CONCURRENT freed 267K, 9% free 3418K/3756K, paused 30ms+2ms, total 185ms
D/dalvikvm(  362): GC_CONCURRENT freed 355K, 52% free 6161K/12736K, paused 88ms+16ms, total 354ms
D/dalvikvm(  362): WAIT_FOR_CONCURRENT_GC blocked 176ms
D/dalvikvm(  362): WAIT_FOR_CONCURRENT_GC blocked 169ms
W/ActivityManager(  362): Activity pause timeout for ActivityRecord{b365b1e0 u0 com.anzhi14022604.shengjing/com.meimei20091013.mine.ContentActivity t4 f}
I/Choreographer(  362): Skipped 30 frames!  The application may be doing too much work on its main thread.
I/Choreographer(  692): Skipped 30 frames!  The application may be doing too much work on its main thread.
I/Choreographer(  362): Skipped 36 frames!  The application may be doing too much work on its main thread.
D/dalvikvm( 1162): GC_CONCURRENT freed 413K, 13% free 3430K/3916K, paused 5ms+126ms, total 479ms
I/MediaFocusControl(  362):  AudioFocus  abandonAudioFocus() from android.media.AudioManager@b2d6e410com.android.music.MediaPlaybackService$3@b2d6d290
D/dalvikvm( 1162): GC_CONCURRENT freed 407K, 13% free 3434K/3916K, paused 4ms+4ms, total 103ms
D/dalvikvm( 1162): GC_CONCURRENT freed 401K, 13% free 3425K/3916K, paused 3ms+5ms, total 51ms
D/dalvikvm( 1162): GC_CONCURRENT freed 394K, 13% free 3430K/3916K, paused 4ms+2ms, total 50ms
W/SocketClient(   55): write error (Broken pipe)
D/dalvikvm( 1162): GC_CONCURRENT freed 405K, 13% free 3432K/3916K, paused 4ms+4ms, total 72ms
D/dalvikvm( 1162): GC_CONCURRENT freed 396K, 13% free 3429K/3916K, paused 3ms+3ms, total 49ms
D/dalvikvm( 1162): GC_CONCURRENT freed 396K, 13% free 3436K/3916K, paused 5ms+5ms, total 63ms
W/SocketClient(   55): write error (Broken pipe)
D/dalvikvm( 1162): GC_CONCURRENT freed 402K, 13% free 3436K/3916K, paused 4ms+3ms, total 50ms
D/dalvikvm( 1162): GC_CONCURRENT freed 400K, 13% free 3441K/3916K, paused 4ms+5ms, total 62ms
D/dalvikvm( 1162): GC_CONCURRENT freed 397K, 13% free 3438K/3916K, paused 4ms+3ms, total 51ms
