E/ConnectivityService(  349): Exception trying to add a route: java.lang.IllegalStateException: command '39 interface fwmark exempt add 216.58.204.46/32' failed with '400 39 Failed to add exemption rule (File exists)'
D/ConnectivityService(  349): requestRouteToHostAddress ok=false
D/ConnectivityService(  349): [CheckMp] isMobileOk: could not establish route to hostAddr=clients3.google.com/216.58.204.46
I/ActivityManager(  349): Start proc com.android.externalstorage for broadcast com.android.externalstorage/.MountReceiver: pid=899 uid=10006 gids={50006, 1028, 1015, 1023}
D/ExternalStorage(  899): Missing UUID for /storage/sdcard; skipping
D/ExternalStorage(  899): After updating volumes, found 0 active roots
D/ExternalStorage(  899): Missing UUID for /storage/sdcard; skipping
D/ExternalStorage(  899): After updating volumes, found 0 active roots
D/MediaScannerReceiver(  653): action: android.intent.action.MEDIA_MOUNTED path: /storage/sdcard
I/DownloadManager(  653): Upgrading downloads database from version 0 to version 109, which will destroy all old data
W/ActivityManager(  349): No content provider found for permission revoke: file:///data/local/tmp/sample_for_analysis.apk
I/ContactLocale(  576): AddressBook Labels [en_US]: [, A, B, C, D, E, F, G, H, I, J, K, L, M, N, O, P, Q, R, S, T, U, V, W, X, Y, Z, , , , , , , , , , , , , , , , , , , , , , , , , , , , , , , , , , , , , , , , , , , , , , , , , , , , , , , , , , , , , , , , , , , , , , , , , , , , , , , , , , , , , , , , , , , , , , , , , , , , , , , , , , , , , , , , , , , , , , , , , , , , , , , , , , , , , , , , , , , , , , , , , , , , , , , , , , , , , , , , , , , , , , , , , , , , , , , , , , , , , , #, ]
D/dalvikvm(  653): GC_FOR_ALLOC freed 273K, 11% free 2944K/3292K, paused 78ms, total 79ms
D/GpsLocationProvider(  349): NTP server returned: 1539015818959 (Mon Oct 08 12:23:38 EDT 2018) reference: 86570 certainty: 21 system time offset: -25353
D/dalvikvm(  703): GC_CONCURRENT freed 1880K, 24% free 6497K/8456K, paused 5ms+48ms, total 81ms
V/MediaScanner(  653): pruneDeadThumbnailFiles... android.database.sqlite.SQLiteCursor@b2d01218
V/MediaScanner(  653): /pruneDeadThumbnailFiles... android.database.sqlite.SQLiteCursor@b2d01218
W/ActivityManager(  349): No content provider found for permission revoke: file:///data/local/tmp/sample_for_analysis.apk
I/PackageManager(  349): Copying native libraries to /data/app-lib/vmdl-649253103
D/dalvikvm(  653): GC_CONCURRENT freed 67K, 11% free 2955K/3292K, paused 2ms+2ms, total 95ms
I/ActivityManager(  349): Start proc com.android.exchange for content provider com.android.exchange/.provider.ExchangeDirectoryProvider: pid=916 uid=10025 gids={50025, 3003, 1028, 1015}
D/dalvikvm(  349): GC_CONCURRENT freed 526K, 57% free 5564K/12724K, paused 16ms+5ms, total 67ms
E/logwrapper(  928): executing /system/bin/ip failed: No such file or directory
I/ActivityManager(  349): Start proc com.android.email for content provider com.android.email/.provider.EmailProvider: pid=929 uid=10024 gids={50024, 3003, 1028, 1015}
E/ConnectivityService(  349): Exception trying to add a route: java.lang.IllegalStateException: command '41 interface fwmark exempt add 10.0.2.2/32' failed with '400 41 Failed to add exemption rule (File exists)'
E/logwrapper(  941): executing /system/bin/ip failed: No such file or directory
E/ConnectivityService(  349): Exception trying to add a route: java.lang.IllegalStateException: command '43 interface fwmark exempt add 216.58.204.46/32' failed with '400 43 Failed to add exemption rule (File exists)'
D/ConnectivityService(  349): requestRouteToHostAddress ok=false
D/ConnectivityService(  349): [CheckMp] isMobileOk: could not establish route to hostAddr=clients3.google.com/216.58.204.46
D/ActivityThread(  929): Loading provider com.android.email.provider;com.android.email.notifier: com.android.email.provider.EmailProvider
E/BluetoothAdapter(  618): Bluetooth binder is null
I/ActivityManager(  349): Start proc com.android.music for broadcast com.android.music/.MediaButtonIntentReceiver: pid=946 uid=10032 gids={50032, 3003, 1028, 1015}
I/dalvikvm(  946): CheckJNI enabled: not enabling JNI app bug workarounds.
D/dalvikvm(  349): GC_CONCURRENT freed 371K, 55% free 5785K/12724K, paused 5ms+5ms, total 59ms
D/dalvikvm(  349): GC_CONCURRENT freed 685K, 55% free 5799K/12724K, paused 5ms+5ms, total 68ms
D/dalvikvm(  929): GC_FOR_ALLOC freed 288K, 12% free 2921K/3288K, paused 30ms, total 30ms
D/dalvikvm(  349): GC_CONCURRENT freed 687K, 55% free 5799K/12724K, paused 6ms+6ms, total 71ms
D/dalvikvm(  929): GC_CONCURRENT freed 28K, 12% free 2907K/3288K, paused 123ms+2ms, total 148ms
I/PackageManager(  349): Running dexopt on: egew.wngwe01.vswkw
E/logwrapper(  961): executing /system/bin/ip failed: No such file or directory
E/ConnectivityService(  349): Exception trying to add a route: java.lang.IllegalStateException: command '45 interface fwmark exempt add 10.0.2.2/32' failed with '400 45 Failed to add exemption rule (File exists)'
E/logwrapper(  962): executing /system/bin/ip failed: No such file or directory
E/ConnectivityService(  349): Exception trying to add a route: java.lang.IllegalStateException: command '47 interface fwmark exempt add 216.58.204.46/32' failed with '400 47 Failed to add exemption rule (File exists)'
D/ConnectivityService(  349): requestRouteToHostAddress ok=false
D/ConnectivityService(  349): [CheckMp] isMobileOk: could not establish route to hostAddr=clients3.google.com/216.58.204.46
D/dalvikvm(  960): DexOpt: load 198ms, verify+opt 809ms, 1236276 bytes
W/PackageManager(  349): Not granting permission android.permission.MOUNT_UNMOUNT_FILESYSTEMS to package egew.wngwe01.vswkw (protectionLevel=18 flags=0x8be46)
W/PackageManager(  349): Not granting permission android.permission.UPDATE_APP_OPS_STATS to package egew.wngwe01.vswkw (protectionLevel=18 flags=0x8be46)
W/ActivityManager(  349): Unable to start service Intent { cmp=com.android.email/.service.AttachmentDownloadService } U=0: not found
W/ActivityManager(  349): Unable to start service Intent { cmp=com.android.email/.service.AttachmentDownloadService } U=0: not found
I/ActivityManager(  349): Force stopping egew.wngwe01.vswkw appid=10052 user=-1: update pkg
I/ContactDirectoryManager(  576): deleted 0 stale rows which don't have any relevant directory
I/InputReader(  349): Reconfiguring input devices.  changes=0x00000010
I/PackageManager(  349):   Action: "android.intent.action.SENDTO"
I/PackageManager(  349):   Category: "android.intent.category.DEFAULT"
I/PackageManager(  349):   Scheme: "sms"
I/PackageManager(  349): Adding preferred activity ComponentInfo{com.android.mms/com.android.mms.ui.ComposeMessageActivity} for user 0 :
I/PackageManager(  349):   Action: "android.intent.action.SENDTO"
I/PackageManager(  349):   Category: "android.intent.category.DEFAULT"
I/PackageManager(  349):   Scheme: "smsto"
D/BackupManagerService(  349): Received broadcast Intent { act=android.intent.action.PACKAGE_ADDED dat=package:egew.wngwe01.vswkw flg=0x4000010 (has extras) }
I/PackageManager(  349): Adding preferred activity ComponentInfo{com.android.mms/com.android.mms.ui.ComposeMessageActivity} for user 0 :
D/dalvikvm(  349): GC_CONCURRENT freed 727K, 55% free 5849K/12724K, paused 24ms+8ms, total 151ms
D/dalvikvm(  349): WAIT_FOR_CONCURRENT_GC blocked 9ms
V/BackupManagerService(  349): addPackageParticipantsLocked: #1
I/PackageManager(  349):   Action: "android.intent.action.SENDTO"
I/PackageManager(  349):   Category: "android.intent.category.DEFAULT"
I/PackageManager(  349):   Scheme: "mms"
I/PackageManager(  349): Adding preferred activity ComponentInfo{com.android.mms/com.android.mms.ui.ComposeMessageActivity} for user 0 :
D/dalvikvm(  607): GC_CONCURRENT freed 436K, 16% free 3339K/3932K, paused 2ms+2ms, total 44ms
I/PackageManager(  349):   Action: "android.intent.action.SENDTO"
I/PackageManager(  349):   Category: "android.intent.category.DEFAULT"
I/PackageManager(  349):   Scheme: "mmsto"
I/PackageManager(  349): Adding preferred activity ComponentInfo{com.android.mms/com.android.mms.ui.ComposeMessageActivity} for user 0 :
I/PackageManager(  349):   Action: "android.intent.action.SENDTO"
I/PackageManager(  349):   Category: "android.intent.category.DEFAULT"
I/PackageManager(  349):   Scheme: "sms"
I/PackageManager(  349): Adding preferred activity ComponentInfo{com.android.mms/com.android.mms.ui.ComposeMessageActivity} for user 0 :
I/PackageManager(  349):   Action: "android.intent.action.SENDTO"
I/PackageManager(  349):   Category: "android.intent.category.DEFAULT"
I/PackageManager(  349):   Scheme: "smsto"
I/PackageManager(  349): Adding preferred activity ComponentInfo{com.android.mms/com.android.mms.ui.ComposeMessageActivity} for user 0 :
I/PackageManager(  349):   Action: "android.intent.action.SENDTO"
I/PackageManager(  349):   Category: "android.intent.category.DEFAULT"
I/PackageManager(  349):   Scheme: "mms"
I/PackageManager(  349): Adding preferred activity ComponentInfo{com.android.mms/com.android.mms.ui.ComposeMessageActivity} for user 0 :
I/PackageManager(  349):   Action: "android.intent.action.SENDTO"
I/PackageManager(  349):   Category: "android.intent.category.DEFAULT"
I/PackageManager(  349):   Scheme: "mmsto"
I/PackageManager(  349): Adding preferred activity ComponentInfo{com.android.mms/com.android.mms.ui.ComposeMessageActivity} for user 0 :
I/ContactDirectoryManager(  576): Discovered 0 contact directories in 5831ms
D/dalvikvm(  349): GC_CONCURRENT freed 861K, 56% free 5685K/12724K, paused 6ms+24ms, total 119ms
D/dalvikvm(  607): GC_FOR_ALLOC freed 409K, 15% free 3366K/3932K, paused 29ms, total 30ms
D/dalvikvm(  349): WAIT_FOR_CONCURRENT_GC blocked 546ms
D/dalvikvm(  607): GC_CONCURRENT freed 2K, 15% free 3371K/3932K, paused 3ms+2ms, total 30ms
I/Email   (  929): Observing account changes for notifications
I/ContactsProvider(  576): Upgrading aggregation algorithm
I/ContactAggregator(  576): Marked all visible contacts for aggregation: 0 raw contacts, 56 ms
E/BluetoothAdapter(  618): Bluetooth binder is null
I/ContactsProvider(  576): Aggregation algorithm upgraded for 0 raw contacts in 75ms
I/ActivityManager(  349): Start proc com.android.calendar for broadcast com.android.calendar/.widget.CalendarAppWidgetService$CalendarFactory: pid=965 uid=10016 gids={50016, 3003}
D/dalvikvm(  576): GC_CONCURRENT freed 292K, 11% free 3071K/3436K, paused 5ms+1ms, total 59ms
D/ExtensionsFactory(  965): No custom extensions.
I/MediaFocusControl(  349):   Remote Control   registerMediaButtonIntent() for PendingIntent{b3148ca0: PendingIntentRecord{b3138da0 com.android.music broadcastIntent}}
D/dalvikvm(  349): GC_EXPLICIT freed 303K, 55% free 5763K/12724K, paused 41ms+155ms, total 791ms
D/AndroidRuntime(  801): Shutting down VM
D/dalvikvm(  801): GC_CONCURRENT freed 95K, 16% free 560K/660K, paused 12ms+2ms, total 22ms
W/RecognitionManagerService(  349): no available voice recognition services found for user 0
E/logwrapper(  982): executing /system/bin/ip failed: No such file or directory
E/ConnectivityService(  349): Exception trying to add a route: java.lang.IllegalStateException: command '49 interface fwmark exempt add 10.0.2.2/32' failed with '400 49 Failed to add exemption rule (File exists)'
E/logwrapper(  983): executing /system/bin/ip failed: No such file or directory
E/ConnectivityService(  349): Exception trying to add a route: java.lang.IllegalStateException: command '51 interface fwmark exempt add 216.58.204.46/32' failed with '400 51 Failed to add exemption rule (File exists)'
D/ConnectivityService(  349): requestRouteToHostAddress ok=false
D/ConnectivityService(  349): [CheckMp] isMobileOk: could not establish route to hostAddr=clients3.google.com/216.58.204.46
I/ContactsFTS(  576): Rebuild contact search index in 658ms, 0 contacts
I/ActivityManager(  349): Start proc com.android.deskclock for broadcast com.android.deskclock/.AlarmInitReceiver: pid=988 uid=10020 gids={50020, 1028}
I/ActivityManager(  349): Start proc com.android.providers.calendar for content provider com.android.providers.calendar/.CalendarProvider2: pid=992 uid=10001 gids={50001, 3003, 1028, 1015}
D/dalvikvm(   59): GC_EXPLICIT freed 40K, 5% free 2705K/2820K, paused 2ms+22ms, total 69ms
D/dalvikvm(   59): GC_EXPLICIT freed <1K, 5% free 2705K/2820K, paused 3ms+2ms, total 65ms
D/dalvikvm(   59): GC_EXPLICIT freed <1K, 5% free 2705K/2820K, paused 4ms+3ms, total 56ms
V/AlarmClock(  988): AlarmInitReceiver android.intent.action.TIMEZONE_CHANGED
I/CalendarDatabaseHelper(  992): Bootstrapping database
I/AlarmClock(  988): Alarms Table created
I/AlarmClock(  988): Instance table created
I/AlarmClock(  988): Cities table created
I/AlarmClock(  988): Inserting default alarms
I/AlarmClock(  988): Displaying next alarm time: ''
W/BackupManagerService(  349): dataChanged but no participant pkg='com.android.providers.settings' uid=10020
V/AlarmClock(  988): AlarmInitReceiver finished
E/BluetoothAdapter(  618): Bluetooth binder is null
I/ActivityManager(  349): Start proc com.android.dialer for broadcast com.android.dialer/.calllog.CallLogReceiver: pid=1014 uid=10004 gids={50004, 3003, 1028, 1015}
I/CalendarProvider2(  992): Created com.android.providers.calendar.CalendarAlarmManager@b2ceaa48(com.android.providers.calendar.CalendarProvider2@b2cd7060)
D/ExtensionsFactory( 1014): No custom extensions.
E/BluetoothAdapter(  349): Bluetooth binder is null
E/BluetoothAdapter(  349): Bluetooth binder is null
V/WiredAccessoryManager(  349): init()
I/PowerManagerService(  349): Boot animation finished.
E/SoundPool(  349): error loading /system/media/audio/ui/Effect_Tick.ogg
W/AudioService(  349): Soundpool could not load file: /system/media/audio/ui/Effect_Tick.ogg
E/SoundPool(  349): error loading /system/media/audio/ui/Effect_Tick.ogg
W/AudioService(  349): Soundpool could not load file: /system/media/audio/ui/Effect_Tick.ogg
E/SoundPool(  349): error loading /system/media/audio/ui/Effect_Tick.ogg
W/AudioService(  349): Soundpool could not load file: /system/media/audio/ui/Effect_Tick.ogg
E/SoundPool(  349): error loading /system/media/audio/ui/Effect_Tick.ogg
W/AudioService(  349): Soundpool could not load file: /system/media/audio/ui/Effect_Tick.ogg
E/SoundPool(  349): error loading /system/media/audio/ui/Effect_Tick.ogg
W/AudioService(  349): Soundpool could not load file: /system/media/audio/ui/Effect_Tick.ogg
E/SoundPool(  349): error loading /system/media/audio/ui/KeypressStandard.ogg
W/AudioService(  349): Soundpool could not load file: /system/media/audio/ui/KeypressStandard.ogg
E/SoundPool(  349): error loading /system/media/audio/ui/KeypressSpacebar.ogg
W/AudioService(  349): Soundpool could not load file: /system/media/audio/ui/KeypressSpacebar.ogg
E/SoundPool(  349): error loading /system/media/audio/ui/KeypressDelete.ogg
W/AudioService(  349): Soundpool could not load file: /system/media/audio/ui/KeypressDelete.ogg
E/SoundPool(  349): error loading /system/media/audio/ui/KeypressReturn.ogg
W/AudioService(  349): Soundpool could not load file: /system/media/audio/ui/KeypressReturn.ogg
E/SoundPool(  349): error loading /system/media/audio/ui/KeypressInvalid.ogg
W/AudioService(  349): Soundpool could not load file: /system/media/audio/ui/KeypressInvalid.ogg
W/AudioService(  349): onLoadSoundEffects(), Error -1 while loading samples
I/RecoverySystem(  349): No recovery log file
I/BootReceiver(  349): Copying audit failures to DropBox
I/BootReceiver(  349): Checking for fsck errors
I/ActivityManager(  349): Delay finish: com.android.providers.downloads/.DownloadReceiver
I/ActivityManager(  349): Resuming delayed broadcast
I/ActivityManager(  349): Delay finish: com.android.providers.media/.MediaScannerReceiver
I/MediaProvider(  653): Upgrading media database from version 0 to 700, which will destroy all old data
I/CalendarProvider2(  992): Sending notification intent: Intent { act=android.intent.action.PROVIDER_CHANGED dat=content://com.android.calendar }
W/ContentResolver(  992): Failed to get type for: content://com.android.calendar (Unknown URL content://com.android.calendar)
I/ActivityManager(  349): Resuming delayed broadcast
I/ActivityManager(  349): Start proc com.android.mms for broadcast com.android.mms/.transaction.MmsSystemEventReceiver: pid=1043 uid=10009 gids={50009, 3003, 1028, 1015}
D/CountryDetector(  349): The first listener is added
D/ConnectivityService(  349): [CheckMp] isMobileOk: too many loops tried - giving up
V/MmsConfig( 1043): mnc/mcc: 310260
V/MmsConfig( 1043): tag: bool value: enabledMMS - true
V/MmsConfig( 1043): tag: int value: maxMessageSize - 307200
V/MmsConfig( 1043): tag: int value: maxImageHeight - 480
V/MmsConfig( 1043): tag: int value: maxImageWidth - 640
V/MmsConfig( 1043): tag: int value: defaultSMSMessagesPerThread - 10000
V/MmsConfig( 1043): tag: int value: defaultMMSMessagesPerThread - 1000
V/MmsConfig( 1043): tag: int value: minMessageCountPerThread - 10
V/MmsConfig( 1043): tag: int value: maxMessageCountPerThread - 5000
V/MmsConfig( 1043): tag: string value: uaProfUrl - http://www.google.com/oha/rdf/ua-profile-kila.xml
V/MmsConfig( 1043): tag: int value: recipientLimit - -1
V/MmsConfig( 1043): tag: bool value: enableMultipartSMS - true
V/MmsConfig( 1043): tag: int value: smsToMmsTextThreshold - -1
V/MmsConfig( 1043): tag: bool value: enableSlideDuration - true
V/MmsConfig( 1043): tag: int value: maxMessageTextSize - -1
D/ConnectivityService(  349): [CheckMp] isMobileOk: X loops|timed out result=0
D/ConnectivityService(  349): [CheckMp] isMobileOk: F stop hipri
D/MobileDataStateTracker(  349): default: setEnableFailFastMobileData(enabled=0)
D/ConnectivityService(  349): stopUsingNetworkFeature: teardown net 0: enableHIPRI
D/MobileDataStateTracker(  349): hipri: Broadcast received: android.intent.action.ANY_DATA_STATE apnType=hipri
D/MobileDataStateTracker(  349): hipri: Received state=DISCONNECTED, old=CONNECTED, reason=dataDisabled
D/MobileDataStateTracker(  349): hipri: setDetailed state, old =CONNECTED and new state=DISCONNECTED
D/ConnectivityService(  349): ConnectivityChange for mobile_hipri: DISCONNECTED/DISCONNECTED
E/logwrapper( 1064): executing /system/bin/ip failed: No such file or directory
E/SecondaryTablController(   55): ip route del failed: /system/bin/ip route del 10.0.2.2/32 via 0.0.0.0 dev eth0 table 60
W/FrameworkListener(   55): Handler 'interface' error (No such device)
E/logwrapper( 1065): executing /system/bin/ip failed: No such file or directory
E/SecondaryTablController(   55): ip route del failed: /system/bin/ip route del 0.0.0.0/0 via 10.0.2.2 dev eth0 table 60
W/FrameworkListener(   55): Handler 'interface' error (No such device)
D/Nat464Xlat(  349): requiresClat: netType=5, hasIPv4Address=true
D/MobileDataStateTracker(  349): default: setPolicyDataEnable(enabled=true)
D/dalvikvm(  349): GC_CONCURRENT freed 641K, 55% free 5799K/12724K, paused 4ms+5ms, total 241ms
E/SQLiteLog(  653): (1) no such table: files
E/WVMExtractor(   61): Failed to open libwvm.so
E/NetdConnector(  349): NDC Command {59 bandwidth removeiquota eth0} took too long (1061ms)
E/NetdConnector(  349): NDC Command {60 bandwidth gettetherstats} took too long (1058ms)
W/ProcessCpuTracker(  349): Skipping unknown process pid 1076
D/dalvikvm(  349): GC_CONCURRENT freed 789K, 56% free 5686K/12724K, paused 6ms+76ms, total 212ms
I/InputReader(  349): Reconfiguring input devices.  changes=0x00000010
I/InputReader(  349): Reconfiguring input devices.  changes=0x00000010
I/PackageManager(  349):   Action: "android.intent.action.SENDTO"
I/PackageManager(  349):   Category: "android.intent.category.DEFAULT"
I/PackageManager(  349):   Scheme: "sms"
I/PackageManager(  349): Adding preferred activity ComponentInfo{com.android.mms/com.android.mms.ui.ComposeMessageActivity} for user 0 :
I/PackageManager(  349):   Action: "android.intent.action.SENDTO"
I/PackageManager(  349):   Category: "android.intent.category.DEFAULT"
I/PackageManager(  349):   Scheme: "smsto"
I/PackageManager(  349): Adding preferred activity ComponentInfo{com.android.mms/com.android.mms.ui.ComposeMessageActivity} for user 0 :
I/PackageManager(  349):   Action: "android.intent.action.SENDTO"
I/PackageManager(  349):   Category: "android.intent.category.DEFAULT"
I/PackageManager(  349):   Scheme: "mms"
I/PackageManager(  349): Adding preferred activity ComponentInfo{com.android.mms/com.android.mms.ui.ComposeMessageActivity} for user 0 :
E/NetdConnector(  349): NDC Command {61 bandwidth setiquota eth0 9223372036854775807} took too long (1937ms)
I/PackageManager(  349):   Action: "android.intent.action.SENDTO"
I/PackageManager(  349):   Category: "android.intent.category.DEFAULT"
I/PackageManager(  349):   Scheme: "mmsto"
I/PackageManager(  349): Adding preferred activity ComponentInfo{com.android.mms/com.android.mms.ui.ComposeMessageActivity} for user 0 :
D/dalvikvm(  607): GC_CONCURRENT freed 448K, 15% free 3364K/3932K, paused 2ms+20ms, total 81ms
D/dalvikvm(  349): GC_CONCURRENT freed 671K, 55% free 5764K/12724K, paused 34ms+55ms, total 278ms
D/dalvikvm(  349): WAIT_FOR_CONCURRENT_GC blocked 125ms
D/dalvikvm(  349): WAIT_FOR_CONCURRENT_GC blocked 80ms
D/dalvikvm(  349): WAIT_FOR_CONCURRENT_GC blocked 82ms
D/dalvikvm(  349): WAIT_FOR_CONCURRENT_GC blocked 19ms
D/dalvikvm(  349): WAIT_FOR_CONCURRENT_GC blocked 20ms
D/MobileDataStateTracker(  349): default: setPolicyDataEnable(enabled=true)
D/dalvikvm(  349): WAIT_FOR_CONCURRENT_GC blocked 28ms
D/Tethering(  349): MasterInitialState.processMessage what=3
D/Tethering(  349): MasterInitialState.processMessage what=3
D/CaptivePortalTracker(  349): NoActiveNetworkState{ when=-3ms what=1 obj=NetworkInfo: type: mobile_hipri[UMTS], state: DISCONNECTED/DISCONNECTED, reason: dataDisabled, extra: epc.tmobile.com, roaming: false, failover: false, isAvailable: true, isConnectedToProvisioningNetwork: false target=com.android.internal.util.StateMachine$SmHandler }
D/CaptivePortalTracker(  349): NoActiveNetworkState not a wifi connectivity change, ignore
D/CaptivePortalTracker(  349): NoActiveNetworkState{ when=-2ms what=1 obj=NetworkInfo: type: mobile[UMTS], state: CONNECTED/CONNECTED, reason: connected, extra: epc.tmobile.com, roaming: false, failover: false, isAvailable: true, isConnectedToProvisioningNetwork: false target=com.android.internal.util.StateMachine$SmHandler }
D/CaptivePortalTracker(  349): NoActiveNetworkState not a wifi connectivity change, ignore
I/PackageManager(  349):   Action: "android.intent.action.SENDTO"
I/PackageManager(  349):   Category: "android.intent.category.DEFAULT"
I/PackageManager(  349):   Scheme: "sms"
I/PackageManager(  349): Adding preferred activity ComponentInfo{com.android.mms/com.android.mms.ui.ComposeMessageActivity} for user 0 :
I/PackageManager(  349):   Action: "android.intent.action.SENDTO"
I/PackageManager(  349):   Category: "android.intent.category.DEFAULT"
I/PackageManager(  349):   Scheme: "smsto"
I/PackageManager(  349): Adding preferred activity ComponentInfo{com.android.mms/com.android.mms.ui.ComposeMessageActivity} for user 0 :
I/PackageManager(  349):   Action: "android.intent.action.SENDTO"
I/PackageManager(  349):   Category: "android.intent.category.DEFAULT"
I/PackageManager(  349):   Scheme: "mms"
I/PackageManager(  349): Adding preferred activity ComponentInfo{com.android.mms/com.android.mms.ui.ComposeMessageActivity} for user 0 :
I/PackageManager(  349):   Action: "android.intent.action.SENDTO"
I/PackageManager(  349):   Category: "android.intent.category.DEFAULT"
I/PackageManager(  349):   Scheme: "mmsto"
I/PackageManager(  349): Adding preferred activity ComponentInfo{com.android.mms/com.android.mms.ui.ComposeMessageActivity} for user 0 :
I/PackageManager(  349):   Action: "android.intent.action.SENDTO"
I/PackageManager(  349):   Category: "android.intent.category.DEFAULT"
I/PackageManager(  349):   Scheme: "sms"
I/PackageManager(  349): Adding preferred activity ComponentInfo{com.android.mms/com.android.mms.ui.ComposeMessageActivity} for user 0 :
D/dalvikvm(  607): GC_CONCURRENT freed 447K, 16% free 3304K/3932K, paused 3ms+2ms, total 96ms
I/PackageManager(  349):   Action: "android.intent.action.SENDTO"
I/PackageManager(  349):   Category: "android.intent.category.DEFAULT"
I/PackageManager(  349):   Scheme: "smsto"
I/PackageManager(  349): Adding preferred activity ComponentInfo{com.android.mms/com.android.mms.ui.ComposeMessageActivity} for user 0 :
E/NetdConnector(  349): NDC Command {62 bandwidth removeiquota eth0} took too long (862ms)
I/PackageManager(  349):   Action: "android.intent.action.SENDTO"
I/PackageManager(  349):   Category: "android.intent.category.DEFAULT"
I/PackageManager(  349):   Scheme: "mms"
I/PackageManager(  349): Adding preferred activity ComponentInfo{com.android.mms/com.android.mms.ui.ComposeMessageActivity} for user 0 :
D/dalvikvm(  349): GC_CONCURRENT freed 799K, 55% free 5730K/12724K, paused 81ms+64ms, total 336ms
D/dalvikvm(  349): WAIT_FOR_CONCURRENT_GC blocked 85ms
I/ActivityManager(  349): Delay finish: com.android.mms/.transaction.MmsSystemEventReceiver
I/PackageManager(  349):   Action: "android.intent.action.SENDTO"
I/PackageManager(  349):   Category: "android.intent.category.DEFAULT"
I/PackageManager(  349):   Scheme: "mmsto"
I/PackageManager(  349): Adding preferred activity ComponentInfo{com.android.mms/com.android.mms.ui.ComposeMessageActivity} for user 0 :
I/PackageManager(  349):   Action: "android.intent.action.SENDTO"
I/PackageManager(  349):   Category: "android.intent.category.DEFAULT"
I/PackageManager(  349):   Scheme: "sms"
I/PackageManager(  349): Adding preferred activity ComponentInfo{com.android.mms/com.android.mms.ui.ComposeMessageActivity} for user 0 :
I/PackageManager(  349):   Action: "android.intent.action.SENDTO"
I/PackageManager(  349):   Category: "android.intent.category.DEFAULT"
I/PackageManager(  349):   Scheme: "smsto"
I/PackageManager(  349): Adding preferred activity ComponentInfo{com.android.mms/com.android.mms.ui.ComposeMessageActivity} for user 0 :
I/PackageManager(  349):   Action: "android.intent.action.SENDTO"
I/PackageManager(  349):   Category: "android.intent.category.DEFAULT"
I/PackageManager(  349):   Scheme: "mms"
I/PackageManager(  349): Adding preferred activity ComponentInfo{com.android.mms/com.android.mms.ui.ComposeMessageActivity} for user 0 :
D/dalvikvm(  607): GC_CONCURRENT freed 377K, 15% free 3378K/3932K, paused 5ms+2ms, total 108ms
I/PackageManager(  349):   Action: "android.intent.action.SENDTO"
I/PackageManager(  349):   Category: "android.intent.category.DEFAULT"
I/PackageManager(  349):   Scheme: "mmsto"
I/PackageManager(  349): Adding preferred activity ComponentInfo{com.android.mms/com.android.mms.ui.ComposeMessageActivity} for user 0 :
D/ConnectivityService(  349): [CheckMp] isMobileOk: X result=0
D/ConnectivityService(  349): [CheckMp] onPostExecute: result=0
D/ConnectivityService(  349): CheckMp.onComplete: result=0
D/ConnectivityService(  349): CheckMp.onComplete: ignore, connected or no connection
D/Mms:app ( 1043): cancelNotification
D/dalvikvm(  349): GC_CONCURRENT freed 650K, 55% free 5725K/12724K, paused 8ms+7ms, total 187ms
E/NetdConnector(  349): NDC Command {63 bandwidth setiquota eth0 9223372036854775807} took too long (1614ms)
D/MobileDataStateTracker(  349): default: setPolicyDataEnable(enabled=true)
D/MobileDataStateTracker(  349): default: setPolicyDataEnable(enabled=true)
I/Choreographer(  703): Skipped 140 frames!  The application may be doing too much work on its main thread.
E/MetadataRetrieverClient(   61): failed to extract an album art
V/MediaScanner(  653): pruneDeadThumbnailFiles... android.database.sqlite.SQLiteCursor@b2d3c330
V/MediaScanner(  653): /pruneDeadThumbnailFiles... android.database.sqlite.SQLiteCursor@b2d3c330
I/ActivityManager(  349): Resuming delayed broadcast
D/AlertReceiver(  965): onReceive: a=android.intent.action.BOOT_COMPLETED Intent { act=android.intent.action.BOOT_COMPLETED flg=0x8000010 cmp=com.android.calendar/.alerts.AlertReceiver (has extras) }
I/ActivityManager(  349): Delay finish: com.android.calendar/.alerts.AlertReceiver
D/AlertUtils(  965): Flushing old alerts from shared prefs table
D/AlertService(  965): 0 Action = android.intent.action.BOOT_COMPLETED
D/AlertService(  965): Scheduling next alarm with AlarmScheduler. sEventReminderReceived: null
D/MmsSmsDatabaseHelper(  607): [MmsSmsDb] tableName: threads hasAutoIncrement: CREATE TABLE threads (_id INTEGER PRIMARY KEY AUTOINCREMENT,date INTEGER DEFAULT 0,message_count INTEGER DEFAULT 0,recipient_ids TEXT,snippet TEXT,snippet_cs INTEGER DEFAULT 0,read INTEGER DEFAULT 1,type INTEGER DEFAULT 0,error INTEGER DEFAULT 0,has_attachment INTEGER DEFAULT 0) result: true
D/dalvikvm(  965): GC_CONCURRENT freed 285K, 12% free 2832K/3196K, paused 6ms+2ms, total 85ms
D/MmsSmsDatabaseHelper(  607): [MmsSmsDb] tableName: canonical_addresses hasAutoIncrement: CREATE TABLE canonical_addresses (_id INTEGER PRIMARY KEY AUTOINCREMENT,address TEXT) result: true
D/MmsSmsDatabaseHelper(  607): [MmsSmsDb] tableName: part hasAutoIncrement: CREATE TABLE part (_id INTEGER PRIMARY KEY AUTOINCREMENT,mid INTEGER,seq INTEGER DEFAULT 0,ct TEXT,name TEXT,chset INTEGER,cd TEXT,fn TEXT,cid TEXT,cl TEXT,ctt_s INTEGER,ctt_t TEXT,_data TEXT,text TEXT) result: true
D/MmsSmsDatabaseHelper(  607): [MmsSmsDb] tableName: pdu hasAutoIncrement: CREATE TABLE pdu (_id INTEGER PRIMARY KEY AUTOINCREMENT,thread_id INTEGER,date INTEGER,date_sent INTEGER DEFAULT 0,msg_box INTEGER,read INTEGER DEFAULT 0,m_id TEXT,sub TEXT,sub_cs INTEGER,ct_t TEXT,ct_l TEXT,exp INTEGER,m_cls TEXT,m_type INTEGER,v INTEGER,m_size INTEGER,pri INTEGER,rr INTEGER,rpt_a INTEGER,resp_st INTEGER,st INTEGER,tr_id TEXT,retr_st INTEGER,retr_txt TEXT,retr_txt_cs INTEGER,read_status INTEGER,ct_cls INTEGER,resp_txt TEXT,d_tm INTEGER,d_rpt INTEGER,locked INTEGER DEFAULT 0,seen INTEGER DEFAULT 0,text_only INTEGER DEFAULT 0) result: true
D/MmsSmsDatabaseHelper(  607): [getWritableDatabase] hasAutoIncrementThreads: true hasAutoIncrementAddresses: true hasAutoIncrementPart: true hasAutoIncrementPdu: true
D/AlarmScheduler(  965): No events found starting within 1 week.
D/Mms:app ( 1043): cancelNotification
I/ActivityManager(  349): Resuming delayed broadcast
V/AlarmClock(  988): AlarmInitReceiver android.intent.action.BOOT_COMPLETED
V/AlarmClock(  988): AlarmInitReceiver - Reset timers and clear stopwatch data
V/AlarmClock(  988): AlarmInitReceiver - resetting volume button default
I/AlarmClock(  988): Displaying next alarm time: ''
D/dalvikvm(  988): GC_CONCURRENT freed 329K, 13% free 2856K/3264K, paused 4ms+20ms, total 91ms
V/AlarmClock(  988): AlarmInitReceiver finished
I/ActivityManager(  349): Delay finish: com.android.email/.service.EmailUpgradeBroadcastReceiver
I/ActivityManager(  349): Resuming delayed broadcast
I/ActivityManager(  349): Delay finish: com.android.email/.service.EmailBroadcastReceiver
I/Email   (  929): Onetime initialization: 1
I/Email   (  929): Onetime initialization: 2
I/Email   (  929): Onetime initialization: completed.
I/ActivityManager(  349): Delaying start of: ServiceRecord{b338a810 u0 com.android.exchange/.service.EmailSyncAdapterService}
I/ActivityManager(  349): Resuming delayed broadcast
I/LauncherIconVisibilityManager(  595): Boot has been completed
I/LauncherIconVisibilityManager(  595): Disable activity: ComponentInfo{com.android.inputmethod.latin/com.android.inputmethod.latin.setup.SetupActivity}
E/BluetoothAdapter(  618): Bluetooth binder is null
I/ActivityManager(  349): Delay finish: com.android.deskclock/com.android.alarmclock.AnalogAppWidgetProvider
D/dalvikvm( 1043): GC_CONCURRENT freed 247K, 10% free 2885K/3204K, paused 22ms+5ms, total 124ms
I/ActivityManager(  349): Resuming delayed broadcast
W/BroadcastQueue(  349): Permission Denial: broadcasting Intent { act=android.appwidget.action.APPWIDGET_UPDATE_OPTIONS flg=0x10 cmp=com.android.settings/.widget.SettingsAppWidgetProvider (has extras) } from android (pid=703, uid=10008) is not exported from uid 1000 due to receiver com.android.settings/.widget.SettingsAppWidgetProvider
E/StrictMode( 1043): A resource was acquired at attached stack trace but never released. See java.io.Closeable for information on avoiding resource leaks.
E/StrictMode( 1043): java.lang.Throwable: Explicit termination method 'release' not called
E/StrictMode( 1043): 	at dalvik.system.CloseGuard.open(CloseGuard.java:184)
E/StrictMode( 1043): 	at android.drm.DrmManagerClient.<init>(DrmManagerClient.java:258)
E/StrictMode( 1043): 	at com.google.android.mms.pdu.PduPersister.<init>(PduPersister.java:288)
E/StrictMode( 1043): 	at com.google.android.mms.pdu.PduPersister.getPduPersister(PduPersister.java:296)
E/StrictMode( 1043): 	at com.android.mms.transaction.TransactionService.onNewIntent(TransactionService.java:224)
E/StrictMode( 1043): 	at com.android.mms.transaction.TransactionService$ServiceHandler.handleMessage(TransactionService.java:621)
E/StrictMode( 1043): 	at android.os.Handler.dispatchMessage(Handler.java:102)
E/StrictMode( 1043): 	at android.os.Looper.loop(Looper.java:136)
E/StrictMode( 1043): 	at android.os.HandlerThread.run(HandlerThread.java:61)
I/ActivityManager(  349): Start proc com.svox.pico for broadcast com.svox.pico/.VoiceDataInstallerReceiver: pid=1140 uid=10037 gids={50037, 1028, 1015}
E/BluetoothAdapter(  618): Bluetooth binder is null
D/AlertReceiver(  965): onReceive: a=android.intent.action.PROVIDER_CHANGED Intent { act=android.intent.action.PROVIDER_CHANGED dat=content://com.android.calendar flg=0x10 cmp=com.android.calendar/.alerts.AlertReceiver }
I/ActivityManager(  349): Delay finish: com.android.calendar/.alerts.AlertReceiver
D/AlertService(  965): 0 Action = android.intent.action.PROVIDER_CHANGED
I/ActivityManager(  349): Waited long enough for: ServiceRecord{b33b9e28 u0 com.android.music/.MediaPlaybackService}
I/ActivityManager(  349): Resuming delayed broadcast
I/ActivityManager(  349): Delay finish: com.android.mms/.transaction.SmsReceiver
V/SmsReceiverService( 1043): onStart: #1 mResultCode: -1 = Activity.RESULT_OK
I/ActivityManager(  349): Resuming delayed broadcast
D/dalvikvm(  349): GC_CONCURRENT freed 590K, 55% free 5768K/12724K, paused 6ms+5ms, total 58ms
D/MobileDataStateTracker(  349): default: setPolicyDataEnable(enabled=true)
I/ActivityManager(  349): Delay finish: com.android.providers.calendar/.CalendarProviderBroadcastReceiver
I/ActivityManager(  349): Resuming delayed broadcast
D/ConnectivityService(  349): Sampling interval elapsed, updating statistics ..
D/ConnectivityService(  349): Done.
D/ConnectivityService(  349): Setting timer for 720seconds
D/dalvikvm(  992): GC_CONCURRENT freed 225K, 10% free 2892K/3192K, paused 13ms+2ms, total 200ms
I/ActivityManager(  349): Waited long enough for: ServiceRecord{b3636e98 u0 com.android.calendar/.alerts.InitAlarmsService}
W/WindowManager(  349): Window freeze timeout expired.
W/WindowManager(  349): Force clearing orientation change: Window{b2d4a158 u0 Starting egew.wngwe01.vswkw}
W/WindowManager(  349): Force clearing orientation change: Window{b2d51578 u0 com.android.systemui.ImageWallpaper}
D/ConnectivityService(  349): setMobileDataEnabled(true)
D/MobileDataStateTracker(  349): default: setUserDataEnable: E enabled=true
I/GlobalDismissManager(  965): no sender configured
D/AlertService(  965): Beginning updateAlertNotification
D/AlertService(  965): No fired or scheduled alerts
D/AlertService(  965): Scheduling next alarm with AlarmScheduler. sEventReminderReceived: null
D/AlarmScheduler(  965): No events found starting within 1 week.
W/WindowManager(  349): App freeze timeout expired.
W/WindowManager(  349): Force clearing freeze: AppWindowToken{b3651930 token=Token{b335ee30 ActivityRecord{b2e44848 u0 egew.wngwe01.vswkw/com.jhtc.cf2.gameMain t4}}}
I/WindowManager(  349): Screen frozen for +6s36ms due to Window{b2d4a158 u0 Starting egew.wngwe01.vswkw}
W/BackupManagerService(  349): dataChanged but no participant pkg='com.android.providers.settings' uid=10052
I/InputReader(  349): Reconfiguring input devices.  changes=0x00000010
D/AndroidRuntime( 1164): 
D/AndroidRuntime( 1164): >>>>>> AndroidRuntime START com.android.internal.os.RuntimeInit <<<<<<
D/AndroidRuntime( 1164): CheckJNI is ON
I/InputReader(  349): Reconfiguring input devices.  changes=0x00000010
I/PackageManager(  349):   Action: "android.intent.action.SENDTO"
I/PackageManager(  349):   Category: "android.intent.category.DEFAULT"
I/PackageManager(  349):   Scheme: "sms"
I/PackageManager(  349): Adding preferred activity ComponentInfo{com.android.mms/com.android.mms.ui.ComposeMessageActivity} for user 0 :
D/dalvikvm( 1164): Trying to load lib libjavacore.so 0x0
D/dalvikvm( 1164): Added shared lib libjavacore.so 0x0
I/PackageManager(  349):   Action: "android.intent.action.SENDTO"
I/PackageManager(  349):   Category: "android.intent.category.DEFAULT"
I/PackageManager(  349):   Scheme: "smsto"
I/PackageManager(  349): Adding preferred activity ComponentInfo{com.android.mms/com.android.mms.ui.ComposeMessageActivity} for user 0 :
D/dalvikvm( 1164): Trying to load lib libnativehelper.so 0x0
D/dalvikvm( 1164): Added shared lib libnativehelper.so 0x0
D/dalvikvm( 1164): No JNI_OnLoad found in libnativehelper.so 0x0, skipping init
W/ActivityManager(  349): Unable to start service Intent { cmp=egew.wngwe01.vswkw/com.eng.base.service.EPService } U=0: not found
I/PackageManager(  349):   Action: "android.intent.action.SENDTO"
I/PackageManager(  349):   Category: "android.intent.category.DEFAULT"
I/PackageManager(  349):   Scheme: "mms"
I/PackageManager(  349): Adding preferred activity ComponentInfo{com.android.mms/com.android.mms.ui.ComposeMessageActivity} for user 0 :
D/dalvikvm(  607): GC_CONCURRENT freed 427K, 13% free 3454K/3956K, paused 4ms+57ms, total 170ms
D/dalvikvm(  607): WAIT_FOR_CONCURRENT_GC blocked 16ms
I/PackageManager(  349):   Action: "android.intent.action.SENDTO"
I/PackageManager(  349):   Category: "android.intent.category.DEFAULT"
I/PackageManager(  349):   Scheme: "mmsto"
I/PackageManager(  349): Adding preferred activity ComponentInfo{com.android.mms/com.android.mms.ui.ComposeMessageActivity} for user 0 :
D/dalvikvm( 1164): Note: class Landroid/app/ActivityManagerNative; has 179 unimplemented (abstract) methods
W/PackageParser( 1174): Skipping dir: /data/data/egew.wngwe01.vswkw/files/Plugin2.apk
I/PackageManager(  349):   Action: "android.intent.action.SENDTO"
I/PackageManager(  349):   Category: "android.intent.category.DEFAULT"
I/PackageManager(  349):   Scheme: "sms"
I/PackageManager(  349): Adding preferred activity ComponentInfo{com.android.mms/com.android.mms.ui.ComposeMessageActivity} for user 0 :
D/dalvikvm(  349): GC_CONCURRENT freed 720K, 55% free 5817K/12724K, paused 92ms+6ms, total 373ms
D/dalvikvm(  349): WAIT_FOR_CONCURRENT_GC blocked 64ms
I/PackageManager(  349):   Action: "android.intent.action.SENDTO"
I/PackageManager(  349):   Category: "android.intent.category.DEFAULT"
I/PackageManager(  349):   Scheme: "smsto"
I/PackageManager(  349): Adding preferred activity ComponentInfo{com.android.mms/com.android.mms.ui.ComposeMessageActivity} for user 0 :
I/PackageManager(  349):   Action: "android.intent.action.SENDTO"
I/PackageManager(  349):   Category: "android.intent.category.DEFAULT"
I/PackageManager(  349):   Scheme: "mms"
I/PackageManager(  349): Adding preferred activity ComponentInfo{com.android.mms/com.android.mms.ui.ComposeMessageActivity} for user 0 :
I/PackageManager(  349):   Action: "android.intent.action.SENDTO"
I/PackageManager(  349):   Category: "android.intent.category.DEFAULT"
I/PackageManager(  349):   Scheme: "mmsto"
I/PackageManager(  349): Adding preferred activity ComponentInfo{com.android.mms/com.android.mms.ui.ComposeMessageActivity} for user 0 :
I/PackageManager(  349):   Action: "android.intent.action.SENDTO"
I/PackageManager(  349):   Category: "android.intent.category.DEFAULT"
I/PackageManager(  349):   Scheme: "sms"
I/PackageManager(  349): Adding preferred activity ComponentInfo{com.android.mms/com.android.mms.ui.ComposeMessageActivity} for user 0 :
E/memtrack( 1164): Couldn't load memtrack module (No such file or directory)
E/android.os.Debug( 1164): failed to load memtrack module: -2
D/dalvikvm(  607): GC_CONCURRENT freed 548K, 17% free 3314K/3972K, paused 3ms+34ms, total 161ms
I/PackageManager(  349):   Action: "android.intent.action.SENDTO"
I/PackageManager(  349):   Category: "android.intent.category.DEFAULT"
I/PackageManager(  349):   Scheme: "smsto"
I/PackageManager(  349): Adding preferred activity ComponentInfo{com.android.mms/com.android.mms.ui.ComposeMessageActivity} for user 0 :
I/PackageManager(  349):   Action: "android.intent.action.SENDTO"
I/PackageManager(  349):   Category: "android.intent.category.DEFAULT"
I/PackageManager(  349):   Scheme: "mms"
I/PackageManager(  349): Adding preferred activity ComponentInfo{com.android.mms/com.android.mms.ui.ComposeMessageActivity} for user 0 :
I/PackageManager(  349):   Action: "android.intent.action.SENDTO"
I/PackageManager(  349):   Category: "android.intent.category.DEFAULT"
I/PackageManager(  349):   Scheme: "mmsto"
I/PackageManager(  349): Adding preferred activity ComponentInfo{com.android.mms/com.android.mms.ui.ComposeMessageActivity} for user 0 :
I/PackageManager(  349):   Action: "android.intent.action.SENDTO"
I/PackageManager(  349):   Category: "android.intent.category.DEFAULT"
I/PackageManager(  349):   Scheme: "sms"
I/PackageManager(  349): Adding preferred activity ComponentInfo{com.android.mms/com.android.mms.ui.ComposeMessageActivity} for user 0 :
D/dalvikvm(  349): GC_CONCURRENT freed 850K, 55% free 5737K/12724K, paused 5ms+5ms, total 166ms
D/dalvikvm(  349): WAIT_FOR_CONCURRENT_GC blocked 65ms
D/AndroidRuntime( 1164): Calling main entry com.android.commands.am.Am
I/PackageManager(  349):   Action: "android.intent.action.SENDTO"
I/PackageManager(  349):   Category: "android.intent.category.DEFAULT"
I/PackageManager(  349):   Scheme: "smsto"
I/PackageManager(  349): Adding preferred activity ComponentInfo{com.android.mms/com.android.mms.ui.ComposeMessageActivity} for user 0 :
I/ActivityManager(  349): START u0 {act=android.intent.action.MAIN cat=[android.intent.category.LAUNCHER] flg=0x10000000 cmp=egew.wngwe01.vswkw/com.jhtc.cf2.gameMain} from pid 1164
I/PackageManager(  349):   Action: "android.intent.action.SENDTO"
I/PackageManager(  349):   Category: "android.intent.category.DEFAULT"
I/PackageManager(  349):   Scheme: "mms"
I/PackageManager(  349): Adding preferred activity ComponentInfo{com.android.mms/com.android.mms.ui.ComposeMessageActivity} for user 0 :
D/gralloc (   58): Registering a buffer in the process that created it. This may cause memory ordering problems.
E/libEGL  (   58): called unimplemented OpenGL ES API
E/libEGL  (   58): called unimplemented OpenGL ES API
E/libEGL  (   58): called unimplemented OpenGL ES API
E/libEGL  (   58): called unimplemented OpenGL ES API
E/SurfaceFlinger(   58): glCheckFramebufferStatusOES error -1211484015
E/SurfaceFlinger(   58): got GL_FRAMEBUFFER_COMPLETE_OES error while taking screenshot
E/libEGL  (   58): called unimplemented OpenGL ES API
E/libEGL  (   58): called unimplemented OpenGL ES API
W/WindowManager(  349): Screenshot failure taking screenshot for (164x295) to layer 21005
D/dalvikvm(  607): GC_CONCURRENT freed 379K, 15% free 3387K/3972K, paused 8ms+33ms, total 140ms
I/PackageManager(  349):   Action: "android.intent.action.SENDTO"
I/PackageManager(  349):   Category: "android.intent.category.DEFAULT"
I/PackageManager(  349):   Scheme: "mmsto"
I/PackageManager(  349): Adding preferred activity ComponentInfo{com.android.mms/com.android.mms.ui.ComposeMessageActivity} for user 0 :
E/WindowManager(  349): Starting window AppWindowToken{b3651930 token=Token{b335ee30 ActivityRecord{b2e44848 u0 egew.wngwe01.vswkw/com.jhtc.cf2.gameMain t4}}} timed out
W/ActivityManager(  349): Launch timeout has expired, giving up wake lock!
I/ActivityManager(  349): Start proc egew.wngwe01.vswkw for activity egew.wngwe01.vswkw/com.jhtc.cf2.gameMain: pid=1174 uid=10052 gids={50052, 3003, 1028, 1015}
D/dalvikvm( 1174): Not late-enabling CheckJNI (already on)
I/dalvikvm( 1174): CheckJNI enabled: not enabling JNI app bug workarounds.
D/gralloc (   58): Registering a buffer in the process that created it. This may cause memory ordering problems.
E/libEGL  (   58): called unimplemented OpenGL ES API
E/libEGL  (   58): called unimplemented OpenGL ES API
E/libEGL  (   58): called unimplemented OpenGL ES API
E/libEGL  (   58): called unimplemented OpenGL ES API
E/SurfaceFlinger(   58): glCheckFramebufferStatusOES error -1211484015
E/SurfaceFlinger(   58): got GL_FRAMEBUFFER_COMPLETE_OES error while taking screenshot
E/libEGL  (   58): called unimplemented OpenGL ES API
E/libEGL  (   58): called unimplemented OpenGL ES API
I/ActivityManager(  349): Config changes=480 {1.0 310mcc260mnc en_US ldltr sw480dp w864dp h455dp 160dpi lrg long land finger -keyb/v/h tball/v s.7}
I/InputReader(  349): Reconfiguring input devices.  changes=0x00000004
I/InputReader(  349): Device reconfigured: id=0, name='qwerty2', size 480x864, orientation 1, mode 1, display id 0
I/InputReader(  349): Reconfiguring input devices.  changes=0x00000004
D/PhoneStatusBar(  459): mSettingsPanelGravity = 55
D/dalvikvm( 1174): Trying to load lib /data/app-lib/egew.wngwe01.vswkw-1/libsfunityoffline.so 0xb2cc3e78
D/dalvikvm( 1174): Added shared lib /data/app-lib/egew.wngwe01.vswkw-1/libsfunityoffline.so 0xb2cc3e78
D/dalvikvm( 1174): Trying to load lib /data/app-lib/egew.wngwe01.vswkw-1/libZombies.so 0xb2cc3e78
V/PhoneStatusBar(  459): setLightsOn(true)
I/Choreographer(  459): Skipped 90 frames!  The application may be doing too much work on its main thread.
D/        (  349): Setting time of day to sec=1539015867
D/dalvikvm(  459): GC_FOR_ALLOC freed 3082K, 7% free 3587K/3832K, paused 77ms, total 79ms
I/dalvikvm-heap(  459): Grow heap (frag case) to 6.500MB for 3072016-byte allocation
D/dalvikvm(  459): GC_CONCURRENT freed <1K, 4% free 6587K/6836K, paused 4ms+2ms, total 62ms
D/dalvikvm( 1174): Added shared lib /data/app-lib/egew.wngwe01.vswkw-1/libZombies.so 0xb2cc3e78
E/tag     ( 1174):    gameName  Lost Tracks   channels   CS803 issue  jiayou    MoLeChannel  CS803
E/tag     ( 1174): http://cp.wxmolegames.com/molecp/backend/web/site/channelinfo?gamename=Lost+Tracks&channel=CS803&third=jiayou
I/Choreographer(  459): Skipped 197 frames!  The application may be doing too much work on its main thread.
D/dalvikvm( 1174): Trying to load lib /data/app-lib/egew.wngwe01.vswkw-1/libshunpay.so 0xb2cc3e78
D/dalvikvm( 1174): Added shared lib /data/app-lib/egew.wngwe01.vswkw-1/libshunpay.so 0xb2cc3e78
D/PAY_LOG ( 1174): REQUEST_URL:http://vpay.api.eerichina.com/api/payment/updateinit_v2
I/Choreographer(  459): Skipped 45 frames!  The application may be doing too much work on its main thread.
I/Choreographer(  459): Skipped 38 frames!  The application may be doing too much work on its main thread.
E/LocalInfo( 1174): initLocalInfo:userId:dd04e9c9-cc22-48e8-bc17-408ead6be5cc regTime: 2018-10-08 12:24:28 imsi:310260000000000 imei:000000000000000 version:2.03 model:sdk osVersion:4.4.4 netType:2 os:  appid:1078
I/SMSService( 1174): init()
D/PAY_LOG ( 1174): REQUEST_BODY:{"packageName":"com.pay","packCode":"CS803","appCode":"20373403","sdkVersion":"6.0.7"}
D/dalvikvm( 1174): GC_CONCURRENT freed 249K, 11% free 2894K/3224K, paused 6ms+23ms, total 90ms
W/System.err( 1174): java.io.FileNotFoundException: http://cp.wxmolegames.com/molecp/backend/web/site/channelinfo?gamename=Lost+Tracks&channel=CS803&third=jiayou
W/System.err( 1174): 	at com.android.okhttp.internal.http.HttpURLConnectionImpl.getInputStream(HttpURLConnectionImpl.java:186)
W/System.err( 1174): 	at com.jhtc.cf2.PayUtil$7.run(PayUtil.java:183)
W/System.err( 1174): 	at java.lang.Thread.run(Thread.java:841)
W/Settings( 1174): Setting airplane_mode_on has moved from android.provider.Settings.System to android.provider.Settings.Global, returning read-only value.
E/tag     ( 1174): imei    000000000000000   imsi  310260000000000
V/cocos2dx_activity( 1174): resume
V/AlarmClock(  988): AlarmInitReceiver android.intent.action.TIME_SET
D/dalvikvm( 1174): GC_CONCURRENT freed 319K, 12% free 2973K/3368K, paused 12ms+4ms, total 35ms
V/WebViewChromiumFactoryProvider( 1174): Binding Chromium to main looper Looper (main, tid 1) {b2cbdc20}
I/LibraryLoader( 1174): Expected native library version number "",actual native library version number ""
I/chromium( 1174): [INFO:library_loader_hooks.cc(116)] Chromium logging enabled: level = 0, default verbosity = 0
I/BrowserStartupController( 1174): Initializing chromium process, renderers=0
E/AudioManagerAndroid( 1174): BLUETOOTH permission is missing!
E/chromium( 1174): [ERROR:gl_surface_egl.cc(169)] No suitable EGL configs found.
E/chromium( 1174): [ERROR:gl_surface_egl.cc(702)] GLSurfaceEGL::InitializeOneOff failed.
E/chromium( 1174): [ERROR:gl_surface_egl.cc(169)] No suitable EGL configs found.
E/chromium( 1174): [ERROR:gl_surface_egl.cc(702)] GLSurfaceEGL::InitializeOneOff failed.
E/chromium( 1174): [ERROR:gpu_info_collector.cc(86)] gfx::GLSurface::InitializeOneOff() failed
W/chromium( 1174): [WARNING:mailbox_synchronizer.cc(36)] MailboxSync not supported due to missing EGL image/fence support
E/chromium( 1174): [ERROR:gl_surface_egl.cc(169)] No suitable EGL configs found.
E/chromium( 1174): [ERROR:gl_surface_egl.cc(702)] GLSurfaceEGL::InitializeOneOff failed.
D/dalvikvm( 1174): GC_FOR_ALLOC freed 229K, 11% free 3059K/3436K, paused 28ms, total 30ms
I/dalvikvm-heap( 1174): Grow heap (frag case) to 3.328MB for 281896-byte allocation
D/dalvikvm( 1174): GC_FOR_ALLOC freed 5K, 11% free 3329K/3712K, paused 94ms, total 94ms
W/chromium( 1174): [WARNING:proxy_service.cc(890)] PAC support disabled because there is no system implementation
