D/MobileDataStateTracker(  325): mms: Received state=DISCONNECTED, old=DISCONNECTED, reason=simLoaded
D/MobileDataStateTracker(  325): cbs: Broadcast received: android.intent.action.ANY_DATA_STATE apnType=cbs
D/MobileDataStateTracker(  325): cbs: Received state=DISCONNECTED, old=DISCONNECTED, reason=simLoaded
D/MobileDataStateTracker(  325): default: Broadcast received: android.intent.action.ANY_DATA_STATE apnType=default
D/MobileDataStateTracker(  325): default: Received state=CONNECTED, old=CONNECTING, reason=connected
D/MobileDataStateTracker(  325): default: setDetailed state, old =CONNECTING and new state=CONNECTED
D/ConnectivityService(  325): ConnectivityChange for mobile: CONNECTED/CONNECTED
D/ConnectivityService(  325): ConnectivityChange checkMobileProvisioning for TYPE_MOBILE or ProvisioningNetwork
D/ConnectivityService(  325): checkMobileProvisioning: E suggestedTimeOutMs=60000
D/ConnectivityService(  325): setProvNotificationVisible: E visible=false networkType=5 extraInfo=null url=null
D/ConnectivityService(  325): checkMobileProvisioning: params={ url=http://clients3.google.com/generate_204 mTimeOutMs=60000 mCb=com.android.server.ConnectivityService$5@b2fd6710}
D/ConnectivityService(  325): checkMobileProvisioning: X
D/dalvikvm(  683): GC_FOR_ALLOC freed 187K, 8% free 3111K/3372K, paused 178ms, total 179ms
I/dalvikvm-heap(  683): Grow heap (frag case) to 3.715MB for 640016-byte allocation
D/Nat464Xlat(  325): requiresClat: netType=0, hasIPv4Address=true
D/dalvikvm(  683): GC_FOR_ALLOC freed 2K, 7% free 3734K/4000K, paused 89ms, total 89ms
D/dalvikvm(  683): GC_CONCURRENT freed 6K, 7% free 3727K/4000K, paused 3ms+2ms, total 98ms
I/NetworkPolicy(  325): no policy for active mobile network; generating default policy
D/MobileDataStateTracker(  325): default: setPolicyDataEnable(enabled=true)
W/Resources(  683): Converting to int: TypedValue{t=0x3/d=0x12 "4" a=-1}
W/Resources(  683): Converting to int: TypedValue{t=0x3/d=0xf "1" a=-1}
I/SurfaceFlinger(   57): Boot is finished (76349 ms)
W/Resources(  683): Converting to int: TypedValue{t=0x3/d=0x15 "2" a=-1}
W/Resources(  683): Converting to int: TypedValue{t=0x3/d=0x15 "2" a=-1}
W/Launcher.LauncherProvider(  683): Unable to add favorite: com.android.camera2/com.android.camera.CameraLauncher
W/Launcher.LauncherProvider(  683): android.content.pm.PackageManager$NameNotFoundException: ComponentInfo{com.android.camera2/com.android.camera.CameraLauncher}
W/Launcher.LauncherProvider(  683): 	at android.app.ApplicationPackageManager.getActivityInfo(ApplicationPackageManager.java:242)
W/Launcher.LauncherProvider(  683): 	at com.android.launcher2.LauncherProvider$DatabaseHelper.addAppShortcut(LauncherProvider.java:959)
W/Launcher.LauncherProvider(  683): 	at com.android.launcher2.LauncherProvider$DatabaseHelper.loadFavorites(LauncherProvider.java:863)
W/Launcher.LauncherProvider(  683): 	at com.android.launcher2.LauncherProvider$DatabaseHelper.access$000(LauncherProvider.java:253)
W/Launcher.LauncherProvider(  683): 	at com.android.launcher2.LauncherProvider.loadDefaultFavoritesIfNecessary(LauncherProvider.java:237)
W/Launcher.LauncherProvider(  683): 	at com.android.launcher2.LauncherModel$LoaderTask.loadWorkspace(LauncherModel.java:1278)
W/Launcher.LauncherProvider(  683): 	at com.android.launcher2.LauncherModel$LoaderTask.loadAndBindWorkspace(LauncherModel.java:1020)
W/Launcher.LauncherProvider(  683): 	at com.android.launcher2.LauncherModel$LoaderTask.run(LauncherModel.java:1126)
W/Launcher.LauncherProvider(  683): 	at android.os.Handler.handleCallback(Handler.java:733)
W/Launcher.LauncherProvider(  683): 	at android.os.Handler.dispatchMessage(Handler.java:95)
W/Launcher.LauncherProvider(  683): 	at android.os.Looper.loop(Looper.java:136)
W/Launcher.LauncherProvider(  683): 	at android.os.HandlerThread.run(HandlerThread.java:61)
W/Launcher.LauncherProvider(  683): Unable to add favorite: com.android.gallery3d/com.android.gallery3d.app.Gallery
W/Launcher.LauncherProvider(  683): android.content.pm.PackageManager$NameNotFoundException: ComponentInfo{com.android.gallery3d/com.android.gallery3d.app.Gallery}
W/Launcher.LauncherProvider(  683): 	at android.app.ApplicationPackageManager.getActivityInfo(ApplicationPackageManager.java:242)
W/Launcher.LauncherProvider(  683): 	at com.android.launcher2.LauncherProvider$DatabaseHelper.addAppShortcut(LauncherProvider.java:959)
W/Launcher.LauncherProvider(  683): 	at com.android.launcher2.LauncherProvider$DatabaseHelper.loadFavorites(LauncherProvider.java:863)
W/Launcher.LauncherProvider(  683): 	at com.android.launcher2.LauncherProvider$DatabaseHelper.access$000(LauncherProvider.java:253)
W/Launcher.LauncherProvider(  683): 	at com.android.launcher2.LauncherProvider.loadDefaultFavoritesIfNecessary(LauncherProvider.java:237)
W/Launcher.LauncherProvider(  683): 	at com.android.launcher2.LauncherModel$LoaderTask.loadWorkspace(LauncherModel.java:1278)
W/Launcher.LauncherProvider(  683): 	at com.android.launcher2.LauncherModel$LoaderTask.loadAndBindWorkspace(LauncherModel.java:1020)
W/Launcher.LauncherProvider(  683): 	at com.android.launcher2.LauncherModel$LoaderTask.run(LauncherModel.java:1126)
W/Launcher.LauncherProvider(  683): 	at android.os.Handler.handleCallback(Handler.java:733)
W/Launcher.LauncherProvider(  683): 	at android.os.Handler.dispatchMessage(Handler.java:95)
W/Launcher.LauncherProvider(  683): 	at android.os.Looper.loop(Looper.java:136)
W/Launcher.LauncherProvider(  683): 	at android.os.HandlerThread.run(HandlerThread.java:61)
D/dalvikvm(  325): GC_CONCURRENT freed 584K, 57% free 5577K/12716K, paused 6ms+29ms, total 719ms
W/ActivityManager(  325): Launch timeout has expired, giving up wake lock!
I/InputReader(  325): Reconfiguring input devices.  changes=0x00000010
I/PackageManager(  325):   Action: "android.intent.action.SENDTO"
I/PackageManager(  325):   Category: "android.intent.category.DEFAULT"
I/PackageManager(  325):   Scheme: "sms"
I/PackageManager(  325): Adding preferred activity ComponentInfo{com.android.mms/com.android.mms.ui.ComposeMessageActivity} for user 0 :
D/dalvikvm(  683): GC_CONCURRENT freed 242K, 8% free 3909K/4224K, paused 5ms+40ms, total 348ms
I/PackageManager(  325):   Action: "android.intent.action.SENDTO"
I/PackageManager(  325):   Category: "android.intent.category.DEFAULT"
I/PackageManager(  325):   Scheme: "smsto"
I/PackageManager(  325): Adding preferred activity ComponentInfo{com.android.mms/com.android.mms.ui.ComposeMessageActivity} for user 0 :
I/PackageManager(  325):   Action: "android.intent.action.SENDTO"
I/PackageManager(  325):   Category: "android.intent.category.DEFAULT"
I/PackageManager(  325):   Scheme: "mms"
I/PackageManager(  325): Adding preferred activity ComponentInfo{com.android.mms/com.android.mms.ui.ComposeMessageActivity} for user 0 :
D/dalvikvm(  607): GC_CONCURRENT freed 456K, 14% free 3339K/3868K, paused 2ms+2ms, total 205ms
I/PackageManager(  325):   Action: "android.intent.action.SENDTO"
I/PackageManager(  325):   Category: "android.intent.category.DEFAULT"
I/PackageManager(  325):   Scheme: "mmsto"
I/PackageManager(  325): Adding preferred activity ComponentInfo{com.android.mms/com.android.mms.ui.ComposeMessageActivity} for user 0 :
D/dalvikvm(  325): GC_CONCURRENT freed 555K, 55% free 5742K/12716K, paused 16ms+16ms, total 230ms
D/dalvikvm(  325): WAIT_FOR_CONCURRENT_GC blocked 115ms
I/PackageManager(  325):   Action: "android.intent.action.SENDTO"
I/PackageManager(  325):   Category: "android.intent.category.DEFAULT"
I/PackageManager(  325):   Scheme: "sms"
I/PackageManager(  325): Adding preferred activity ComponentInfo{com.android.mms/com.android.mms.ui.ComposeMessageActivity} for user 0 :
W/WindowManager(  325): App freeze timeout expired.
W/WindowManager(  325): Force clearing freeze: AppWindowToken{b2fcb4d8 token=Token{b2d455e0 ActivityRecord{b2d1f7d8 u0 com.android.launcher/com.android.launcher2.Launcher t3}}}
I/WindowManager(  325): Screen frozen for +5s138ms due to AppWindowToken{b2fcb4d8 token=Token{b2d455e0 ActivityRecord{b2d1f7d8 u0 com.android.launcher/com.android.launcher2.Launcher t3}}}
I/PackageManager(  325):   Action: "android.intent.action.SENDTO"
I/PackageManager(  325):   Category: "android.intent.category.DEFAULT"
I/PackageManager(  325):   Scheme: "smsto"
I/PackageManager(  325): Adding preferred activity ComponentInfo{com.android.mms/com.android.mms.ui.ComposeMessageActivity} for user 0 :
E/NetdConnector(  325): NDC Command {12 bandwidth setiquota eth0 9223372036854775807} took too long (2527ms)
D/MobileDataStateTracker(  325): default: setPolicyDataEnable(enabled=true)
I/PackageManager(  325):   Action: "android.intent.action.SENDTO"
I/PackageManager(  325):   Category: "android.intent.category.DEFAULT"
I/PackageManager(  325):   Scheme: "mms"
I/PackageManager(  325): Adding preferred activity ComponentInfo{com.android.mms/com.android.mms.ui.ComposeMessageActivity} for user 0 :
I/ARMAssembler(   57): generated scanline__00000077:03515104_00009001_00000000 [131 ipp] (153 ins) at [0xb5abf410:0xb5abf674] in 0 ns
I/PackageManager(  325):   Action: "android.intent.action.SENDTO"
I/PackageManager(  325):   Category: "android.intent.category.DEFAULT"
I/PackageManager(  325):   Scheme: "mmsto"
I/PackageManager(  325): Adding preferred activity ComponentInfo{com.android.mms/com.android.mms.ui.ComposeMessageActivity} for user 0 :
D/dalvikvm(  607): GC_FOR_ALLOC freed 396K, 14% free 3371K/3916K, paused 133ms, total 201ms
W/Launcher.Model(  683): LoaderTask running with no launcher (loadAllAppsByBatch)
D/dalvikvm(  607): GC_CONCURRENT freed 15K, 14% free 3373K/3916K, paused 53ms+155ms, total 469ms
D/dalvikvm(  325): GC_CONCURRENT freed 785K, 56% free 5703K/12716K, paused 11ms+25ms, total 511ms
D/dalvikvm(  325): WAIT_FOR_CONCURRENT_GC blocked 220ms
D/MobileDataStateTracker(  325): default: isProvisioningNetwork: retVal=false
D/ConnectivityService(  325): [CheckMp] isMobileOk: isDefaultProvisioning=false
D/MobileDataStateTracker(  325): hipri: isProvisioningNetwork: retVal=false
D/ConnectivityService(  325): [CheckMp] isMobileOk: isHipriProvisioning=false
D/ConnectivityService(  325): [CheckMp] isMobileOk: start hipri url=http://clients3.google.com/generate_204
W/ProcessCpuTracker(  325): Skipping unknown process pid 783
D/dalvikvm(  325): GC_EXPLICIT freed 362K, 57% free 5536K/12716K, paused 29ms+103ms, total 604ms
E/NetdConnector(  325): NDC Command {13 bandwidth removeiquota eth0} took too long (2386ms)
D/Tethering(  325): MasterInitialState.processMessage what=3
D/CaptivePortalTracker(  325): NoActiveNetworkState{ when=-22ms what=1 obj=NetworkInfo: type: mobile[UMTS], state: CONNECTED/CONNECTED, reason: connected, extra: epc.tmobile.com, roaming: false, failover: false, isAvailable: true, isConnectedToProvisioningNetwork: false target=com.android.internal.util.StateMachine$SmHandler }
D/CaptivePortalTracker(  325): NoActiveNetworkState not a wifi connectivity change, ignore
I/MediaProvider(  627): Upgrading media database from version 0 to 700, which will destroy all old data
D/AndroidRuntime(  789): 
D/AndroidRuntime(  789): >>>>>> AndroidRuntime START com.android.internal.os.RuntimeInit <<<<<<
D/AndroidRuntime(  789): CheckJNI is ON
D/dalvikvm(  789): Trying to load lib libjavacore.so 0x0
D/dalvikvm(  789): Added shared lib libjavacore.so 0x0
D/dalvikvm(  789): Trying to load lib libnativehelper.so 0x0
D/dalvikvm(  789): Added shared lib libnativehelper.so 0x0
D/dalvikvm(  789): No JNI_OnLoad found in libnativehelper.so 0x0, skipping init
E/NetdConnector(  325): NDC Command {14 bandwidth setiquota eth0 9223372036854775807} took too long (3946ms)
D/MobileDataStateTracker(  325): default: setPolicyDataEnable(enabled=true)
D/dalvikvm(  789): Note: class Landroid/app/ActivityManagerNative; has 179 unimplemented (abstract) methods
D/ConnectivityService(  325): startUsingNetworkFeature reconnecting to 0: enableHIPRI
D/ConnectivityService(  325): startUsingNetworkFeature X: return APN_REQUEST_STARTED
E/ConnectivityService(  325): startUsingNetworkFeature took too long: 3705ms
D/ConnectivityService(  325): [CheckMp] isMobileOk: hipri started
D/ConnectivityService(  325): [CheckMp] isMobileOk: not connected ni=NetworkInfo: type: mobile_hipri[UMTS], state: DISCONNECTED/IDLE, reason: (unspecified), extra: (none), roaming: false, failover: false, isAvailable: true, isConnectedToProvisioningNetwork: false
D/MobileDataStateTracker(  325): hipri: Broadcast received: android.intent.action.ANY_DATA_STATE apnType=hipri
D/MobileDataStateTracker(  325): hipri: Received state=CONNECTING, old=DISCONNECTED, reason=dataEnabled
D/MobileDataStateTracker(  325): hipri: setDetailed state, old =IDLE and new state=CONNECTING
D/MobileDataStateTracker(  325): fota: Broadcast received: android.intent.action.ANY_DATA_STATE apnType=fota
D/MobileDataStateTracker(  325): fota: Received state=DISCONNECTED, old=DISCONNECTED, reason=dataEnabled
D/MobileDataStateTracker(  325): ia: Broadcast received: android.intent.action.ANY_DATA_STATE apnType=ia
D/MobileDataStateTracker(  325): ia: Received state=DISCONNECTED, old=DISCONNECTED, reason=dataEnabled
D/MobileDataStateTracker(  325): supl: Broadcast received: android.intent.action.ANY_DATA_STATE apnType=supl
D/MobileDataStateTracker(  325): supl: Received state=DISCONNECTED, old=DISCONNECTED, reason=dataEnabled
D/MobileDataStateTracker(  325): ims: Broadcast received: android.intent.action.ANY_DATA_STATE apnType=ims
D/MobileDataStateTracker(  325): ims: Received state=DISCONNECTED, old=DISCONNECTED, reason=dataEnabled
D/MobileDataStateTracker(  325): mms: Broadcast received: android.intent.action.ANY_DATA_STATE apnType=mms
D/MobileDataStateTracker(  325): mms: Received state=DISCONNECTED, old=DISCONNECTED, reason=dataEnabled
D/MobileDataStateTracker(  325): cbs: Broadcast received: android.intent.action.ANY_DATA_STATE apnType=cbs
D/MobileDataStateTracker(  325): cbs: Received state=DISCONNECTED, old=DISCONNECTED, reason=dataEnabled
D/MobileDataStateTracker(  325): hipri: Broadcast received: android.intent.action.ANY_DATA_STATE apnType=hipri
D/MobileDataStateTracker(  325): hipri: Received state=CONNECTED, old=CONNECTING, reason=dataEnabled
D/MobileDataStateTracker(  325): hipri: setDetailed state, old =CONNECTING and new state=CONNECTED
D/ConnectivityService(  325): ConnectivityChange for mobile_hipri: CONNECTED/CONNECTED
E/logwrapper(  811): executing /system/bin/ip failed: No such file or directory
E/ConnectivityService(  325): Exception trying to add a route: java.lang.IllegalStateException: command '21 interface fwmark exempt add 10.0.2.2/32' failed with '400 21 Failed to add exemption rule (File exists)'
E/logwrapper(  812): executing /system/bin/ip failed: No such file or directory
E/ConnectivityService(  325): Exception trying to add a route: java.lang.IllegalStateException: command '23 interface fwmark exempt add 10.0.2.3/32' failed with '400 23 Failed to add exemption rule (File exists)'
E/logwrapper(  813): executing /system/bin/ip failed: No such file or directory
E/ConnectivityService(  325): Exception trying to add a route: java.lang.IllegalStateException: command '25 interface fwmark exempt add 10.0.2.2/32' failed with '400 25 Failed to add exemption rule (File exists)'
E/logwrapper(  814): executing /system/bin/ip failed: No such file or directory
E/ConnectivityService(  325): Exception trying to add a route: java.lang.IllegalStateException: command '27 interface fwmark exempt add 10.0.2.4/32' failed with '400 27 Failed to add exemption rule (File exists)'
E/logwrapper(  815): executing /system/bin/ip failed: No such file or directory
E/SecondaryTablController(   54): ip route add failed: /system/bin/ip route add 10.0.2.2/32 via 0.0.0.0 dev eth0 table 60
W/FrameworkListener(   54): Handler 'interface' error (No such device)
E/ConnectivityService(  325): Exception trying to add a route: java.lang.IllegalStateException: command '28 interface route add eth0 secondary 10.0.2.2 32 0.0.0.0' failed with '400 28 ip route modification failed (No such device)'
E/logwrapper(  816): executing /system/bin/ip failed: No such file or directory
E/memtrack(  789): Couldn't load memtrack module (No such file or directory)
E/android.os.Debug(  789): failed to load memtrack module: -2
E/SecondaryTablController(   54): ip route add failed: /system/bin/ip route add 0.0.0.0/0 via 10.0.2.2 dev eth0 table 60
W/FrameworkListener(   54): Handler 'interface' error (No such device)
E/ConnectivityService(  325): Exception trying to add a route: java.lang.IllegalStateException: command '29 interface route add eth0 secondary 0.0.0.0 0 10.0.2.2' failed with '400 29 ip route modification failed (No such device)'
D/Nat464Xlat(  325): requiresClat: netType=5, hasIPv4Address=true
D/MobileDataStateTracker(  325): default: setPolicyDataEnable(enabled=true)
W/NetworkPolicy(  325): shared quota unsupported; generating rule for each iface
W/ActivityManager(  325): Activity destroy timeout for ActivityRecord{b35d7410 u0 com.android.settings/.CryptKeeper t1 f}
D/MobileDataStateTracker(  325): hipri: isProvisioningNetwork: retVal=false
D/ConnectivityService(  325): [CheckMp] isMobileOk: isProvisioningNetwork is false, continue
D/ConnectivityService(  325): [CheckMp] isMobileOk: addresses=clients3.google.com/216.58.204.46
D/ConnectivityService(  325): [CheckMp] isMobileOk: linkHasIpv4=true linkHasIpv6=false
D/AndroidRuntime(  789): Calling main entry com.android.commands.pm.Pm
I/ActivityManager(  325): Start proc com.android.defcontainer for service com.android.defcontainer/.DefaultContainerService: pid=824 uid=10003 gids={50003, 1028, 1015, 1023, 2001, 1035}
D/Launcher.Model(  683): Reload apps on config change. curr_mcc:310 prevmcc:0
I/Choreographer(  683): Skipped 2405 frames!  The application may be doing too much work on its main thread.
E/NetdConnector(  325): NDC Command {30 bandwidth removeiquota eth0} took too long (1491ms)
I/Launcher(  683): Deferring update until onResume
I/Choreographer(  683): Skipped 36 frames!  The application may be doing too much work on its main thread.
D/gralloc_goldfish(  683): Emulator without GPU emulation detected.
E/NetdConnector(  325): NDC Command {31 bandwidth gettetherstats} took too long (1772ms)
D/dalvikvm(  683): GC_CONCURRENT freed 261K, 8% free 4045K/4380K, paused 36ms+4ms, total 119ms
D/dalvikvm(  683): WAIT_FOR_CONCURRENT_GC blocked 42ms
I/dalvikvm-heap(  683): Grow heap (frag case) to 5.553MB for 1610896-byte allocation
D/dalvikvm(  683): GC_FOR_ALLOC freed 5K, 6% free 5613K/5956K, paused 57ms, total 57ms
D/dalvikvm(  683): GC_CONCURRENT freed 25K, 7% free 5587K/5956K, paused 4ms+3ms, total 82ms
E/NetdConnector(  325): NDC Command {32 interface route add eth0 default 10.0.2.2 32 0.0.0.0} took too long (1990ms)
D/dalvikvm(  683): GC_FOR_ALLOC freed 1K, 7% free 5589K/5956K, paused 127ms, total 127ms
I/dalvikvm-heap(  683): Grow heap (frag case) to 7.061MB for 1610896-byte allocation
D/dalvikvm(  683): GC_CONCURRENT freed 0K, 5% free 7162K/7532K, paused 4ms+2ms, total 65ms
D/dalvikvm(  683): WAIT_FOR_CONCURRENT_GC blocked 60ms
D/Tethering(  325): MasterInitialState.processMessage what=3
I/ActivityManager(  325): Displayed com.android.launcher/com.android.launcher2.Launcher: +20s593ms (total +23s845ms)
I/Choreographer(  325): Skipped 40 frames!  The application may be doing too much work on its main thread.
D/CaptivePortalTracker(  325): NoActiveNetworkState{ when=-3ms what=1 obj=NetworkInfo: type: mobile_hipri[UMTS], state: CONNECTED/CONNECTED, reason: dataEnabled, extra: epc.tmobile.com, roaming: false, failover: false, isAvailable: true, isConnectedToProvisioningNetwork: false target=com.android.internal.util.StateMachine$SmHandler }
D/CaptivePortalTracker(  325): NoActiveNetworkState not a wifi connectivity change, ignore
I/Choreographer(  325): Skipped 37 frames!  The application may be doing too much work on its main thread.
D/dalvikvm(  454): GC_FOR_ALLOC freed 3147K, 48% free 3586K/6800K, paused 415ms, total 576ms
I/dalvikvm-heap(  454): Grow heap (frag case) to 6.495MB for 3072016-byte allocation
I/Choreographer(  325): Skipped 32 frames!  The application may be doing too much work on its main thread.
D/dalvikvm(  454): GC_FOR_ALLOC freed 9K, 4% free 6577K/6800K, paused 337ms, total 337ms
E/logwrapper(  861): executing /system/bin/ip failed: No such file or directory
E/NetdConnector(  325): NDC Command {33 bandwidth setiquota eth0 9223372036854775807} took too long (2365ms)
D/dalvikvm(  454): GC_CONCURRENT freed <1K, 4% free 6577K/6800K, paused 5ms+3ms, total 141ms
E/NetdConnector(  325): NDC Command {34 interface fwmark exempt add 10.0.2.2/32} took too long (1852ms)
E/SQLiteLog(  627): (1) no such table: album_info
E/ConnectivityService(  325): Exception trying to add a route: java.lang.IllegalStateException: command '34 interface fwmark exempt add 10.0.2.2/32' failed with '400 34 Failed to add exemption rule (File exists)'
D/dalvikvm(  627): GC_CONCURRENT freed 227K, 10% free 2887K/3184K, paused 43ms+2ms, total 190ms
I/ActivityManager(  325): Start proc com.android.exchange for content provider com.android.exchange/.provider.ExchangeDirectoryProvider: pid=871 uid=10025 gids={50025, 3003, 1028, 1015}
I/ActivityManager(  325): Start proc com.android.externalstorage for broadcast com.android.externalstorage/.MountReceiver: pid=877 uid=10006 gids={50006, 1028, 1015, 1023}
E/NetdConnector(  325): NDC Command {35 bandwidth removeiquota eth0} took too long (1067ms)
E/NetdConnector(  325): NDC Command {36 interface route add eth0 default 216.58.204.46 32 10.0.2.2} took too long (885ms)
I/Choreographer(  683): Skipped 49 frames!  The application may be doing too much work on its main thread.
I/Choreographer(  683): Skipped 101 frames!  The application may be doing too much work on its main thread.
I/Choreographer(  683): Skipped 64 frames!  The application may be doing too much work on its main thread.
I/DownloadManager(  627): Upgrading downloads database from version 0 to version 109, which will destroy all old data
E/NetdConnector(  325): NDC Command {37 bandwidth setiquota eth0 9223372036854775807} took too long (2072ms)
E/logwrapper(  915): executing /system/bin/ip failed: No such file or directory
E/NetdConnector(  325): NDC Command {38 interface fwmark exempt add 216.58.204.46/32} took too long (1755ms)
E/ConnectivityService(  325): Exception trying to add a route: java.lang.IllegalStateException: command '38 interface fwmark exempt add 216.58.204.46/32' failed with '400 38 Failed to add exemption rule (File exists)'
D/ConnectivityService(  325): requestRouteToHostAddress ok=false
D/ConnectivityService(  325): [CheckMp] isMobileOk: could not establish route to hostAddr=clients3.google.com/216.58.204.46
D/MobileDataStateTracker(  325): default: setPolicyDataEnable(enabled=true)
D/dalvikvm(  325): GC_CONCURRENT freed 543K, 57% free 5585K/12716K, paused 6ms+6ms, total 160ms
D/ExternalStorage(  877): Missing UUID for /storage/sdcard; skipping
D/ExternalStorage(  877): After updating volumes, found 0 active roots
D/ExternalStorage(  877): Missing UUID for /storage/sdcard; skipping
D/ExternalStorage(  877): After updating volumes, found 0 active roots
D/MediaScannerReceiver(  627): action: android.intent.action.MEDIA_MOUNTED path: /storage/sdcard
I/ActivityManager(  325): Start proc com.android.email for content provider com.android.email/.provider.EmailProvider: pid=917 uid=10024 gids={50024, 3003, 1028, 1015}
E/BluetoothAdapter(  618): Bluetooth binder is null
I/ActivityManager(  325): Start proc com.android.music for broadcast com.android.music/.MediaButtonIntentReceiver: pid=930 uid=10032 gids={50032, 3003, 1028, 1015}
I/dalvikvm(  930): CheckJNI enabled: not enabling JNI app bug workarounds.
D/ActivityThread(  917): Loading provider com.android.email.provider;com.android.email.notifier: com.android.email.provider.EmailProvider
I/ContactDirectoryManager(  548): deleted 0 stale rows which don't have any relevant directory
I/ContactDirectoryManager(  548): Discovered 0 contact directories in 7989ms
W/ActivityManager(  325): No content provider found for permission revoke: file:///data/local/tmp/sample_for_analysis.apk
I/ContactsProvider(  548): Upgrading aggregation algorithm
I/ContactAggregator(  548): Marked all visible contacts for aggregation: 0 raw contacts, 67 ms
I/ContactsProvider(  548): Aggregation algorithm upgraded for 0 raw contacts in 237ms
V/MediaScanner(  627): pruneDeadThumbnailFiles... android.database.sqlite.SQLiteCursor@b2cb08f0
V/MediaScanner(  627): /pruneDeadThumbnailFiles... android.database.sqlite.SQLiteCursor@b2cb08f0
D/GpsLocationProvider(  325): NTP server returned: 1539097793270 (Tue Oct 09 11:09:53 EDT 2018) reference: 80666 certainty: 11 system time offset: -29182
D/dalvikvm(  683): GC_CONCURRENT freed 1925K, 24% free 6633K/8624K, paused 4ms+40ms, total 99ms
I/ContactsFTS(  548): Rebuild contact search index in 644ms, 0 contacts
D/dalvikvm(  548): GC_CONCURRENT freed 260K, 10% free 3085K/3416K, paused 4ms+21ms, total 84ms
E/logwrapper(  946): executing /system/bin/ip failed: No such file or directory
E/ConnectivityService(  325): Exception trying to add a route: java.lang.IllegalStateException: command '41 interface fwmark exempt add 10.0.2.2/32' failed with '400 41 Failed to add exemption rule (File exists)'
E/logwrapper(  947): executing /system/bin/ip failed: No such file or directory
E/ConnectivityService(  325): Exception trying to add a route: java.lang.IllegalStateException: command '43 interface fwmark exempt add 216.58.204.46/32' failed with '400 43 Failed to add exemption rule (File exists)'
D/ConnectivityService(  325): requestRouteToHostAddress ok=false
D/ConnectivityService(  325): [CheckMp] isMobileOk: could not establish route to hostAddr=clients3.google.com/216.58.204.46
W/ActivityManager(  325): No content provider found for permission revoke: file:///data/local/tmp/sample_for_analysis.apk
I/PackageManager(  325): Copying native libraries to /data/app-lib/vmdl-1872262969
W/ActivityManager(  325): Unable to start service Intent { cmp=com.android.email/.service.AttachmentDownloadService } U=0: not found
W/ActivityManager(  325): Unable to start service Intent { cmp=com.android.email/.service.AttachmentDownloadService } U=0: not found
D/dalvikvm(  917): GC_FOR_ALLOC freed 290K, 12% free 2908K/3272K, paused 48ms, total 48ms
I/Email   (  917): Observing account changes for notifications
D/dalvikvm(  325): GC_CONCURRENT freed 448K, 55% free 5740K/12716K, paused 17ms+4ms, total 80ms
D/dalvikvm(  917): GC_CONCURRENT freed 46K, 12% free 2900K/3272K, paused 5ms+2ms, total 109ms
D/dalvikvm(  325): GC_CONCURRENT freed 551K, 54% free 5866K/12716K, paused 5ms+6ms, total 79ms
D/dalvikvm(  325): GC_CONCURRENT freed 711K, 54% free 5870K/12716K, paused 5ms+5ms, total 79ms
D/dalvikvm(  325): GC_CONCURRENT freed 678K, 54% free 5909K/12716K, paused 24ms+9ms, total 119ms
I/PackageManager(  325): Running dexopt on: com.bdi.objnjq
E/logwrapper(  951): executing /system/bin/ip failed: No such file or directory
E/ConnectivityService(  325): Exception trying to add a route: java.lang.IllegalStateException: command '45 interface fwmark exempt add 10.0.2.2/32' failed with '400 45 Failed to add exemption rule (File exists)'
E/logwrapper(  952): executing /system/bin/ip failed: No such file or directory
E/ConnectivityService(  325): Exception trying to add a route: java.lang.IllegalStateException: command '47 interface fwmark exempt add 216.58.204.46/32' failed with '400 47 Failed to add exemption rule (File exists)'
D/ConnectivityService(  325): requestRouteToHostAddress ok=false
D/ConnectivityService(  325): [CheckMp] isMobileOk: could not establish route to hostAddr=clients3.google.com/216.58.204.46
D/dalvikvm(  950): DexOpt: load 87ms, verify+opt 29ms, 150508 bytes
W/PackageManager(  325): Not granting permission android.permission.MOUNT_UNMOUNT_FILESYSTEMS to package com.bdi.objnjq (protectionLevel=18 flags=0x8be44)
W/PackageManager(  325): Not granting permission android.permission.CHANGE_CONFIGURATION to package com.bdi.objnjq (protectionLevel=50 flags=0x8be44)
W/PackageManager(  325): Not granting permission android.permission.WRITE_APN_SETTINGS to package com.bdi.objnjq (protectionLevel=18 flags=0x8be44)
W/PackageManager(  325): Not granting permission android.permission.WRITE_SECURE_SETTINGS to package com.bdi.objnjq (protectionLevel=50 flags=0x8be44)
W/PackageManager(  325): Unknown permission android.permission.ACCESS_MTK_MMHW in package com.bdi.objnjq
W/PackageManager(  325): Not granting permission android.permission.ACCESS_CACHE_FILESYSTEM to package com.bdi.objnjq (protectionLevel=18 flags=0x8be44)
W/PackageManager(  325): Not granting permission android.permission.INTERACT_ACROSS_USERS_FULL to package com.bdi.objnjq (protectionLevel=2 flags=0x8be44)
W/PackageManager(  325): Unknown permission android.permission.READ_SETTINGS in package com.bdi.objnjq
W/PackageManager(  325): Unknown permission android.permission.READ_INTERNAL_STORAGE in package com.bdi.objnjq
W/PackageManager(  325): Unknown permission android.permission.SAMSUNG_TUNTAP in package com.bdi.objnjq
W/PackageManager(  325): Not granting permission android.permission.UPDATE_APP_OPS_STATS to package com.bdi.objnjq (protectionLevel=18 flags=0x8be44)
W/PackageManager(  325): Unknown permission android.permission.WRITE_INTERNAL_STORAGE in package com.bdi.objnjq
W/PackageManager(  325): Unknown permission com.oppo.launcher.permission.READ_SETTINGS in package com.bdi.objnjq
D/dalvikvm(  325): GC_CONCURRENT freed 700K, 54% free 5967K/12716K, paused 6ms+10ms, total 92ms
I/ActivityManager(  325): Force stopping com.bdi.objnjq appid=10052 user=-1: update pkg
I/InputReader(  325): Reconfiguring input devices.  changes=0x00000010
I/PackageManager(  325):   Action: "android.intent.action.SENDTO"
I/PackageManager(  325):   Category: "android.intent.category.DEFAULT"
I/PackageManager(  325):   Scheme: "sms"
I/PackageManager(  325): Adding preferred activity ComponentInfo{com.android.mms/com.android.mms.ui.ComposeMessageActivity} for user 0 :
D/BackupManagerService(  325): Received broadcast Intent { act=android.intent.action.PACKAGE_ADDED dat=package:com.bdi.objnjq flg=0x4000010 (has extras) }
I/PackageManager(  325):   Action: "android.intent.action.SENDTO"
I/PackageManager(  325):   Category: "android.intent.category.DEFAULT"
I/PackageManager(  325):   Scheme: "smsto"
V/BackupManagerService(  325): addPackageParticipantsLocked: #1
I/PackageManager(  325): Adding preferred activity ComponentInfo{com.android.mms/com.android.mms.ui.ComposeMessageActivity} for user 0 :
I/PackageManager(  325):   Action: "android.intent.action.SENDTO"
I/PackageManager(  325):   Category: "android.intent.category.DEFAULT"
I/PackageManager(  325):   Scheme: "mms"
I/PackageManager(  325): Adding preferred activity ComponentInfo{com.android.mms/com.android.mms.ui.ComposeMessageActivity} for user 0 :
I/PackageManager(  325):   Action: "android.intent.action.SENDTO"
I/PackageManager(  325):   Category: "android.intent.category.DEFAULT"
I/PackageManager(  325):   Scheme: "mmsto"
I/PackageManager(  325): Adding preferred activity ComponentInfo{com.android.mms/com.android.mms.ui.ComposeMessageActivity} for user 0 :
D/dalvikvm(  607): GC_CONCURRENT freed 491K, 15% free 3355K/3916K, paused 3ms+2ms, total 95ms
I/PackageManager(  325):   Action: "android.intent.action.SENDTO"
I/PackageManager(  325):   Category: "android.intent.category.DEFAULT"
I/PackageManager(  325):   Scheme: "sms"
I/PackageManager(  325): Adding preferred activity ComponentInfo{com.android.mms/com.android.mms.ui.ComposeMessageActivity} for user 0 :
I/PackageManager(  325):   Action: "android.intent.action.SENDTO"
I/PackageManager(  325):   Category: "android.intent.category.DEFAULT"
I/PackageManager(  325):   Scheme: "smsto"
I/PackageManager(  325): Adding preferred activity ComponentInfo{com.android.mms/com.android.mms.ui.ComposeMessageActivity} for user 0 :
D/dalvikvm(  325): GC_EXPLICIT freed 1142K, 56% free 5644K/12716K, paused 279ms+8ms, total 367ms
D/dalvikvm(  325): WAIT_FOR_CONCURRENT_GC blocked 103ms
D/dalvikvm(  325): WAIT_FOR_CONCURRENT_GC blocked 97ms
D/dalvikvm(  325): WAIT_FOR_CONCURRENT_GC blocked 74ms
D/dalvikvm(  325): WAIT_FOR_CONCURRENT_GC blocked 98ms
I/PackageManager(  325):   Action: "android.intent.action.SENDTO"
I/PackageManager(  325):   Category: "android.intent.category.DEFAULT"
I/PackageManager(  325):   Scheme: "mms"
I/PackageManager(  325): Adding preferred activity ComponentInfo{com.android.mms/com.android.mms.ui.ComposeMessageActivity} for user 0 :
D/dalvikvm(  325): WAIT_FOR_CONCURRENT_GC blocked 101ms
D/AndroidRuntime(  789): Shutting down VM
I/PackageManager(  325):   Action: "android.intent.action.SENDTO"
I/PackageManager(  325):   Category: "android.intent.category.DEFAULT"
I/PackageManager(  325):   Scheme: "mmsto"
I/PackageManager(  325): Adding preferred activity ComponentInfo{com.android.mms/com.android.mms.ui.ComposeMessageActivity} for user 0 :
D/dalvikvm(  789): GC_CONCURRENT freed 95K, 16% free 560K/660K, paused 22ms+1ms, total 34ms
I/MediaFocusControl(  325):   Remote Control   registerMediaButtonIntent() for PendingIntent{b2fa6c10: PendingIntentRecord{b2d1fd20 com.android.music broadcastIntent}}
E/BluetoothAdapter(  618): Bluetooth binder is null
I/ActivityManager(  325): Start proc com.android.calendar for broadcast com.android.calendar/.widget.CalendarAppWidgetService$CalendarFactory: pid=955 uid=10016 gids={50016, 3003}
D/ExtensionsFactory(  955): No custom extensions.
I/ActivityManager(  325): Start proc com.android.deskclock for broadcast com.android.deskclock/.AlarmInitReceiver: pid=975 uid=10020 gids={50020, 1028}
D/dalvikvm(   58): GC_EXPLICIT freed 40K, 4% free 2705K/2816K, paused 2ms+2ms, total 62ms
I/ActivityManager(  325): Start proc com.android.providers.calendar for content provider com.android.providers.calendar/.CalendarProvider2: pid=983 uid=10001 gids={50001, 3003, 1028, 1015}
D/dalvikvm(   58): GC_EXPLICIT freed <1K, 4% free 2705K/2816K, paused 12ms+2ms, total 57ms
D/dalvikvm(   58): GC_EXPLICIT freed <1K, 4% free 2705K/2816K, paused 12ms+12ms, total 56ms
V/AlarmClock(  975): AlarmInitReceiver android.intent.action.TIMEZONE_CHANGED
I/CalendarDatabaseHelper(  983): Bootstrapping database
I/AlarmClock(  975): Alarms Table created
I/AlarmClock(  975): Instance table created
I/AlarmClock(  975): Cities table created
I/AlarmClock(  975): Inserting default alarms
W/RecognitionManagerService(  325): no available voice recognition services found for user 0
D/dalvikvm(  325): GC_CONCURRENT freed 613K, 55% free 5762K/12716K, paused 23ms+5ms, total 157ms
D/dalvikvm(  325): WAIT_FOR_CONCURRENT_GC blocked 125ms
I/AlarmClock(  975): Displaying next alarm time: ''
W/BackupManagerService(  325): dataChanged but no participant pkg='com.android.providers.settings' uid=10020
V/AlarmClock(  975): AlarmInitReceiver finished
I/CalendarProvider2(  983): Created com.android.providers.calendar.CalendarAlarmManager@b2ce2a18(com.android.providers.calendar.CalendarProvider2@b2ccf0f0)
E/logwrapper( 1002): executing /system/bin/ip failed: No such file or directory
E/ConnectivityService(  325): Exception trying to add a route: java.lang.IllegalStateException: command '49 interface fwmark exempt add 10.0.2.2/32' failed with '400 49 Failed to add exemption rule (File exists)'
E/logwrapper( 1004): executing /system/bin/ip failed: No such file or directory
E/ConnectivityService(  325): Exception trying to add a route: java.lang.IllegalStateException: command '51 interface fwmark exempt add 216.58.204.46/32' failed with '400 51 Failed to add exemption rule (File exists)'
D/ConnectivityService(  325): requestRouteToHostAddress ok=false
D/ConnectivityService(  325): [CheckMp] isMobileOk: could not establish route to hostAddr=clients3.google.com/216.58.204.46
I/ActivityManager(  325): Start proc com.android.dialer for broadcast com.android.dialer/.calllog.CallLogReceiver: pid=1003 uid=10004 gids={50004, 3003, 1028, 1015}
D/ExtensionsFactory( 1003): No custom extensions.
E/BluetoothAdapter(  325): Bluetooth binder is null
E/BluetoothAdapter(  325): Bluetooth binder is null
V/WiredAccessoryManager(  325): init()
E/SoundPool(  325): error loading /system/media/audio/ui/Effect_Tick.ogg
W/AudioService(  325): Soundpool could not load file: /system/media/audio/ui/Effect_Tick.ogg
E/SoundPool(  325): error loading /system/media/audio/ui/Effect_Tick.ogg
W/AudioService(  325): Soundpool could not load file: /system/media/audio/ui/Effect_Tick.ogg
E/SoundPool(  325): error loading /system/media/audio/ui/Effect_Tick.ogg
W/AudioService(  325): Soundpool could not load file: /system/media/audio/ui/Effect_Tick.ogg
E/SoundPool(  325): error loading /system/media/audio/ui/Effect_Tick.ogg
W/AudioService(  325): Soundpool could not load file: /system/media/audio/ui/Effect_Tick.ogg
E/SoundPool(  325): error loading /system/media/audio/ui/Effect_Tick.ogg
W/AudioService(  325): Soundpool could not load file: /system/media/audio/ui/Effect_Tick.ogg
E/SoundPool(  325): error loading /system/media/audio/ui/KeypressStandard.ogg
W/AudioService(  325): Soundpool could not load file: /system/media/audio/ui/KeypressStandard.ogg
E/SoundPool(  325): error loading /system/media/audio/ui/KeypressSpacebar.ogg
W/AudioService(  325): Soundpool could not load file: /system/media/audio/ui/KeypressSpacebar.ogg
E/SoundPool(  325): error loading /system/media/audio/ui/KeypressDelete.ogg
W/AudioService(  325): Soundpool could not load file: /system/media/audio/ui/KeypressDelete.ogg
E/SoundPool(  325): error loading /system/media/audio/ui/KeypressReturn.ogg
W/AudioService(  325): Soundpool could not load file: /system/media/audio/ui/KeypressReturn.ogg
E/SoundPool(  325): error loading /system/media/audio/ui/KeypressInvalid.ogg
W/AudioService(  325): Soundpool could not load file: /system/media/audio/ui/KeypressInvalid.ogg
I/PowerManagerService(  325): Boot animation finished.
W/AudioService(  325): onLoadSoundEffects(), Error -1 while loading samples
I/RecoverySystem(  325): No recovery log file
I/BootReceiver(  325): Copying audit failures to DropBox
I/BootReceiver(  325): Checking for fsck errors
I/ActivityManager(  325): Delay finish: com.android.providers.calendar/.CalendarReceiver
I/ActivityManager(  325): Resuming delayed broadcast
I/ActivityManager(  325): Delay finish: com.android.providers.downloads/.DownloadReceiver
I/ActivityManager(  325): Resuming delayed broadcast
I/ActivityManager(  325): Delay finish: com.android.providers.media/.MediaScannerReceiver
I/MediaProvider(  627): Upgrading media database from version 0 to 700, which will destroy all old data
E/SQLiteLog(  627): (1) no such table: files
I/CalendarProvider2(  983): Sending notification intent: Intent { act=android.intent.action.PROVIDER_CHANGED dat=content://com.android.calendar }
W/ContentResolver(  983): Failed to get type for: content://com.android.calendar (Unknown URL content://com.android.calendar)
I/ActivityManager(  325): Resuming delayed broadcast
I/ActivityManager(  325): Start proc com.android.mms for broadcast com.android.mms/.transaction.MmsSystemEventReceiver: pid=1032 uid=10009 gids={50009, 3003, 1028, 1015}
D/CountryDetector(  325): The first listener is added
V/MmsConfig( 1032): mnc/mcc: 310260
V/MmsConfig( 1032): tag: bool value: enabledMMS - true
V/MmsConfig( 1032): tag: int value: maxMessageSize - 307200
V/MmsConfig( 1032): tag: int value: maxImageHeight - 480
V/MmsConfig( 1032): tag: int value: maxImageWidth - 640
V/MmsConfig( 1032): tag: int value: defaultSMSMessagesPerThread - 10000
V/MmsConfig( 1032): tag: int value: defaultMMSMessagesPerThread - 1000
V/MmsConfig( 1032): tag: int value: minMessageCountPerThread - 10
V/MmsConfig( 1032): tag: int value: maxMessageCountPerThread - 5000
V/MmsConfig( 1032): tag: string value: uaProfUrl - http://www.google.com/oha/rdf/ua-profile-kila.xml
V/MmsConfig( 1032): tag: int value: recipientLimit - -1
V/MmsConfig( 1032): tag: bool value: enableMultipartSMS - true
V/MmsConfig( 1032): tag: int value: smsToMmsTextThreshold - -1
V/MmsConfig( 1032): tag: bool value: enableSlideDuration - true
V/MmsConfig( 1032): tag: int value: maxMessageTextSize - -1
E/WVMExtractor(   60): Failed to open libwvm.so
D/dalvikvm(  607): GC_CONCURRENT freed 445K, 16% free 3302K/3916K, paused 7ms+72ms, total 110ms
I/ActivityManager(  325): Delay finish: com.android.mms/.transaction.MmsSystemEventReceiver
D/Mms:app ( 1032): cancelNotification
I/ActivityManager(  325): Resuming delayed broadcast
I/ActivityManager(  325): Delay finish: com.android.mms/.transaction.SmsReceiver
D/MmsSmsDatabaseHelper(  607): [MmsSmsDb] tableName: threads hasAutoIncrement: CREATE TABLE threads (_id INTEGER PRIMARY KEY AUTOINCREMENT,date INTEGER DEFAULT 0,message_count INTEGER DEFAULT 0,recipient_ids TEXT,snippet TEXT,snippet_cs INTEGER DEFAULT 0,read INTEGER DEFAULT 1,type INTEGER DEFAULT 0,error INTEGER DEFAULT 0,has_attachment INTEGER DEFAULT 0) result: true
D/MmsSmsDatabaseHelper(  607): [MmsSmsDb] tableName: canonical_addresses hasAutoIncrement: CREATE TABLE canonical_addresses (_id INTEGER PRIMARY KEY AUTOINCREMENT,address TEXT) result: true
D/MmsSmsDatabaseHelper(  607): [MmsSmsDb] tableName: part hasAutoIncrement: CREATE TABLE part (_id INTEGER PRIMARY KEY AUTOINCREMENT,mid INTEGER,seq INTEGER DEFAULT 0,ct TEXT,name TEXT,chset INTEGER,cd TEXT,fn TEXT,cid TEXT,cl TEXT,ctt_s INTEGER,ctt_t TEXT,_data TEXT,text TEXT) result: true
D/MmsSmsDatabaseHelper(  607): [MmsSmsDb] tableName: pdu hasAutoIncrement: CREATE TABLE pdu (_id INTEGER PRIMARY KEY AUTOINCREMENT,thread_id INTEGER,date INTEGER,date_sent INTEGER DEFAULT 0,msg_box INTEGER,read INTEGER DEFAULT 0,m_id TEXT,sub TEXT,sub_cs INTEGER,ct_t TEXT,ct_l TEXT,exp INTEGER,m_cls TEXT,m_type INTEGER,v INTEGER,m_size INTEGER,pri INTEGER,rr INTEGER,rpt_a INTEGER,resp_st INTEGER,st INTEGER,tr_id TEXT,retr_st INTEGER,retr_txt TEXT,retr_txt_cs INTEGER,read_status INTEGER,ct_cls INTEGER,resp_txt TEXT,d_tm INTEGER,d_rpt INTEGER,locked INTEGER DEFAULT 0,seen INTEGER DEFAULT 0,text_only INTEGER DEFAULT 0) result: true
D/MmsSmsDatabaseHelper(  607): [getWritableDatabase] hasAutoIncrementThreads: true hasAutoIncrementAddresses: true hasAutoIncrementPart: true hasAutoIncrementPdu: true
D/dalvikvm(  627): GC_CONCURRENT freed 250K, 10% free 3034K/3352K, paused 4ms+3ms, total 59ms
D/Mms:app ( 1032): cancelNotification
D/ConnectivityService(  325): [CheckMp] isMobileOk: too many loops tried - giving up
D/ConnectivityService(  325): [CheckMp] isMobileOk: X loops|timed out result=0
D/ConnectivityService(  325): [CheckMp] isMobileOk: F stop hipri
D/MobileDataStateTracker(  325): default: setEnableFailFastMobileData(enabled=0)
I/ActivityManager(  325): Resuming delayed broadcast
D/ConnectivityService(  325): stopUsingNetworkFeature: teardown net 0: enableHIPRI
D/AlertReceiver(  955): onReceive: a=android.intent.action.BOOT_COMPLETED Intent { act=android.intent.action.BOOT_COMPLETED flg=0x8000010 cmp=com.android.calendar/.alerts.AlertReceiver (has extras) }
D/MobileDataStateTracker(  325): hipri: Broadcast received: android.intent.action.ANY_DATA_STATE apnType=hipri
D/MobileDataStateTracker(  325): hipri: Received state=DISCONNECTED, old=CONNECTED, reason=dataDisabled
D/MobileDataStateTracker(  325): hipri: setDetailed state, old =CONNECTED and new state=DISCONNECTED
D/ConnectivityService(  325): ConnectivityChange for mobile_hipri: DISCONNECTED/DISCONNECTED
E/logwrapper( 1061): executing /system/bin/ip failed: No such file or directory
E/SecondaryTablController(   54): ip route del failed: /system/bin/ip route del 10.0.2.2/32 via 0.0.0.0 dev eth0 table 60
W/FrameworkListener(   54): Handler 'interface' error (No such device)
E/logwrapper( 1062): executing /system/bin/ip failed: No such file or directory
E/SecondaryTablController(   54): ip route del failed: /system/bin/ip route del 0.0.0.0/0 via 10.0.2.2 dev eth0 table 60
W/FrameworkListener(   54): Handler 'interface' error (No such device)
D/Nat464Xlat(  325): requiresClat: netType=5, hasIPv4Address=true
D/MobileDataStateTracker(  325): default: setPolicyDataEnable(enabled=true)
I/ActivityManager(  325): Delay finish: com.android.calendar/.alerts.AlertReceiver
D/dalvikvm(  325): GC_CONCURRENT freed 757K, 56% free 5712K/12716K, paused 5ms+39ms, total 300ms
D/AlertUtils(  955): Flushing old alerts from shared prefs table
D/AlertService(  955): 0 Action = android.intent.action.BOOT_COMPLETED
D/AlertService(  955): Scheduling next alarm with AlarmScheduler. sEventReminderReceived: null
D/dalvikvm(  955): GC_CONCURRENT freed 309K, 12% free 2809K/3192K, paused 72ms+97ms, total 315ms
I/InputReader(  325): Reconfiguring input devices.  changes=0x00000010
I/InputReader(  325): Reconfiguring input devices.  changes=0x00000010
I/PackageManager(  325):   Action: "android.intent.action.SENDTO"
I/PackageManager(  325):   Category: "android.intent.category.DEFAULT"
I/PackageManager(  325):   Scheme: "sms"
I/PackageManager(  325): Adding preferred activity ComponentInfo{com.android.mms/com.android.mms.ui.ComposeMessageActivity} for user 0 :
E/NetdConnector(  325): NDC Command {59 bandwidth removeiquota eth0} took too long (1209ms)
E/NetdConnector(  325): NDC Command {60 bandwidth gettetherstats} took too long (1048ms)
I/PackageManager(  325):   Action: "android.intent.action.SENDTO"
I/PackageManager(  325):   Category: "android.intent.category.DEFAULT"
I/PackageManager(  325):   Scheme: "smsto"
I/PackageManager(  325): Adding preferred activity ComponentInfo{com.android.mms/com.android.mms.ui.ComposeMessageActivity} for user 0 :
I/PackageManager(  325):   Action: "android.intent.action.SENDTO"
I/PackageManager(  325):   Category: "android.intent.category.DEFAULT"
I/PackageManager(  325):   Scheme: "mms"
I/PackageManager(  325): Adding preferred activity ComponentInfo{com.android.mms/com.android.mms.ui.ComposeMessageActivity} for user 0 :
I/PackageManager(  325):   Action: "android.intent.action.SENDTO"
I/PackageManager(  325):   Category: "android.intent.category.DEFAULT"
I/PackageManager(  325):   Scheme: "mmsto"
I/PackageManager(  325): Adding preferred activity ComponentInfo{com.android.mms/com.android.mms.ui.ComposeMessageActivity} for user 0 :
D/dalvikvm(  607): GC_CONCURRENT freed 412K, 14% free 3400K/3916K, paused 3ms+3ms, total 425ms
D/dalvikvm(  607): WAIT_FOR_CONCURRENT_GC blocked 143ms
I/PackageManager(  325):   Action: "android.intent.action.SENDTO"
I/PackageManager(  325):   Category: "android.intent.category.DEFAULT"
I/PackageManager(  325):   Scheme: "sms"
I/PackageManager(  325): Adding preferred activity ComponentInfo{com.android.mms/com.android.mms.ui.ComposeMessageActivity} for user 0 :
D/dalvikvm(  325): GC_CONCURRENT freed 652K, 55% free 5816K/12716K, paused 6ms+5ms, total 398ms
D/dalvikvm(  325): WAIT_FOR_CONCURRENT_GC blocked 64ms
I/PackageManager(  325):   Action: "android.intent.action.SENDTO"
I/PackageManager(  325):   Category: "android.intent.category.DEFAULT"
I/PackageManager(  325):   Scheme: "smsto"
I/PackageManager(  325): Adding preferred activity ComponentInfo{com.android.mms/com.android.mms.ui.ComposeMessageActivity} for user 0 :
I/PackageManager(  325):   Action: "android.intent.action.SENDTO"
I/PackageManager(  325):   Category: "android.intent.category.DEFAULT"
I/PackageManager(  325): Adding preferred activity ComponentInfo{com.android.mms/com.android.mms.ui.ComposeMessageActivity} for user 0 :
I/PackageManager(  325):   Scheme: "mms"
I/PackageManager(  325):   Action: "android.intent.action.SENDTO"
I/PackageManager(  325):   Category: "android.intent.category.DEFAULT"
I/PackageManager(  325):   Scheme: "mmsto"
I/PackageManager(  325): Adding preferred activity ComponentInfo{com.android.mms/com.android.mms.ui.ComposeMessageActivity} for user 0 :
I/PackageManager(  325):   Action: "android.intent.action.SENDTO"
I/PackageManager(  325):   Category: "android.intent.category.DEFAULT"
I/PackageManager(  325):   Scheme: "sms"
I/PackageManager(  325): Adding preferred activity ComponentInfo{com.android.mms/com.android.mms.ui.ComposeMessageActivity} for user 0 :
I/PackageManager(  325):   Action: "android.intent.action.SENDTO"
I/PackageManager(  325):   Category: "android.intent.category.DEFAULT"
I/PackageManager(  325):   Scheme: "smsto"
I/PackageManager(  325): Adding preferred activity ComponentInfo{com.android.mms/com.android.mms.ui.ComposeMessageActivity} for user 0 :
D/dalvikvm(  607): GC_CONCURRENT freed 499K, 16% free 3342K/3964K, paused 32ms+3ms, total 120ms
I/PackageManager(  325):   Action: "android.intent.action.SENDTO"
I/PackageManager(  325):   Category: "android.intent.category.DEFAULT"
I/PackageManager(  325):   Scheme: "mms"
I/PackageManager(  325): Adding preferred activity ComponentInfo{com.android.mms/com.android.mms.ui.ComposeMessageActivity} for user 0 :
I/PackageManager(  325):   Action: "android.intent.action.SENDTO"
I/PackageManager(  325):   Category: "android.intent.category.DEFAULT"
I/PackageManager(  325):   Scheme: "mmsto"
I/PackageManager(  325): Adding preferred activity ComponentInfo{com.android.mms/com.android.mms.ui.ComposeMessageActivity} for user 0 :
D/dalvikvm(  325): GC_CONCURRENT freed 790K, 55% free 5807K/12716K, paused 97ms+17ms, total 345ms
D/dalvikvm(  325): WAIT_FOR_CONCURRENT_GC blocked 81ms
D/Tethering(  325): MasterInitialState.processMessage what=3
D/CaptivePortalTracker(  325): NoActiveNetworkState{ when=-1ms what=1 obj=NetworkInfo: type: mobile_hipri[UMTS], state: DISCONNECTED/DISCONNECTED, reason: dataDisabled, extra: epc.tmobile.com, roaming: false, failover: false, isAvailable: true, isConnectedToProvisioningNetwork: false target=com.android.internal.util.StateMachine$SmHandler }
D/CaptivePortalTracker(  325): NoActiveNetworkState not a wifi connectivity change, ignore
I/PackageManager(  325):   Action: "android.intent.action.SENDTO"
