D/dalvikvm(  852): DexOpt: 'Landroid/net/IConnectivityManager$Stub$Proxy;' has an earlier definition; blocking out
D/dalvikvm(  852): DexOpt: 'Landroid/net/IConnectivityManager$Stub;' has an earlier definition; blocking out
E/ConnectivityService(  351): Exception trying to add a route: java.lang.IllegalStateException: command '35 interface fwmark exempt add 10.0.2.2/32' failed with '400 35 Failed to add exemption rule (File exists)'
E/logwrapper(  869): executing /system/bin/ip failed: No such file or directory
E/ConnectivityService(  351): Exception trying to add a route: java.lang.IllegalStateException: command '37 interface fwmark exempt add 216.58.204.46/32' failed with '400 37 Failed to add exemption rule (File exists)'
D/ConnectivityService(  351): requestRouteToHostAddress ok=false
D/ConnectivityService(  351): [CheckMp] isMobileOk: could not establish route to hostAddr=clients3.google.com/216.58.204.46
D/dalvikvm(  852): DexOpt: not verifying/optimizing 'Landroid/accounts/IAccountAuthenticator;': multiple definitions
D/dalvikvm(  852): DexOpt: not verifying/optimizing 'Landroid/accounts/IAccountAuthenticator$Stub$Proxy;': multiple definitions
D/dalvikvm(  852): DexOpt: not verifying/optimizing 'Landroid/accounts/IAccountAuthenticator$Stub;': multiple definitions
D/dalvikvm(  852): DexOpt: not verifying/optimizing 'Landroid/accounts/IAccountAuthenticatorResponse;': multiple definitions
D/dalvikvm(  852): DexOpt: not verifying/optimizing 'Landroid/accounts/IAccountAuthenticatorResponse$Stub$Proxy;': multiple definitions
D/dalvikvm(  852): DexOpt: not verifying/optimizing 'Landroid/accounts/IAccountAuthenticatorResponse$Stub;': multiple definitions
D/dalvikvm(  852): DexOpt: not verifying/optimizing 'Landroid/accounts/IAccountManagerResponse;': multiple definitions
D/dalvikvm(  852): DexOpt: not verifying/optimizing 'Landroid/accounts/IAccountManagerResponse$Stub$Proxy;': multiple definitions
D/dalvikvm(  852): DexOpt: not verifying/optimizing 'Landroid/accounts/IAccountManagerResponse$Stub;': multiple definitions
D/dalvikvm(  852): DexOpt: not verifying/optimizing 'Landroid/app/IServiceConnection;': multiple definitions
D/dalvikvm(  852): DexOpt: not verifying/optimizing 'Landroid/app/IServiceConnection$Stub$Proxy;': multiple definitions
D/dalvikvm(  852): DexOpt: not verifying/optimizing 'Landroid/app/IServiceConnection$Stub;': multiple definitions
D/dalvikvm(  852): DexOpt: not verifying/optimizing 'Landroid/app/IStopUserCallback;': multiple definitions
D/dalvikvm(  852): DexOpt: not verifying/optimizing 'Landroid/app/IStopUserCallback$Stub$Proxy;': multiple definitions
D/dalvikvm(  852): DexOpt: not verifying/optimizing 'Landroid/app/IStopUserCallback$Stub;': multiple definitions
D/dalvikvm(  852): DexOpt: not verifying/optimizing 'Landroid/content/IIntentReceiver;': multiple definitions
D/dalvikvm(  852): DexOpt: not verifying/optimizing 'Landroid/content/IIntentReceiver$Stub$Proxy;': multiple definitions
D/dalvikvm(  852): DexOpt: not verifying/optimizing 'Landroid/content/IIntentReceiver$Stub;': multiple definitions
D/dalvikvm(  852): DexOpt: not verifying/optimizing 'Landroid/content/ISyncAdapter;': multiple definitions
D/dalvikvm(  852): DexOpt: not verifying/optimizing 'Landroid/content/ISyncAdapter$Stub$Proxy;': multiple definitions
D/dalvikvm(  852): DexOpt: not verifying/optimizing 'Landroid/content/ISyncAdapter$Stub;': multiple definitions
D/dalvikvm(  852): DexOpt: not verifying/optimizing 'Landroid/content/ISyncContext;': multiple definitions
D/dalvikvm(  852): DexOpt: not verifying/optimizing 'Landroid/content/ISyncContext$Stub$Proxy;': multiple definitions
D/dalvikvm(  852): DexOpt: not verifying/optimizing 'Landroid/content/ISyncContext$Stub;': multiple definitions
D/dalvikvm(  852): DexOpt: not verifying/optimizing 'Landroid/content/ISyncStatusObserver;': multiple definitions
D/dalvikvm(  852): DexOpt: not verifying/optimizing 'Landroid/content/ISyncStatusObserver$Stub$Proxy;': multiple definitions
D/dalvikvm(  852): DexOpt: not verifying/optimizing 'Landroid/content/ISyncStatusObserver$Stub;': multiple definitions
D/dalvikvm(  852): DexOpt: not verifying/optimizing 'Landroid/content/SyncStatusInfo$1;': multiple definitions
D/dalvikvm(  852): DexOpt: not verifying/optimizing 'Landroid/content/SyncStatusInfo;': multiple definitions
D/dalvikvm(  852): DexOpt: not verifying/optimizing 'Landroid/content/pm/IPackageDataObserver;': multiple definitions
D/dalvikvm(  852): DexOpt: not verifying/optimizing 'Landroid/content/pm/IPackageDataObserver$Stub$Proxy;': multiple definitions
D/dalvikvm(  852): DexOpt: not verifying/optimizing 'Landroid/content/pm/IPackageDataObserver$Stub;': multiple definitions
D/dalvikvm(  852): DexOpt: not verifying/optimizing 'Landroid/content/pm/IPackageInstallObserver;': multiple definitions
D/dalvikvm(  852): DexOpt: not verifying/optimizing 'Landroid/content/pm/IPackageInstallObserver$Stub$Proxy;': multiple definitions
D/dalvikvm(  852): DexOpt: not verifying/optimizing 'Landroid/content/pm/IPackageInstallObserver$Stub;': multiple definitions
D/dalvikvm(  852): DexOpt: not verifying/optimizing 'Landroid/content/pm/PackageParser$Component;': multiple definitions
D/dalvikvm(  852): DexOpt: not verifying/optimizing 'Landroid/content/pm/PackageParser$Activity;': multiple definitions
D/dalvikvm(  852): DexOpt: not verifying/optimizing 'Landroid/content/pm/PackageParser$IntentInfo;': multiple definitions
D/dalvikvm(  852): DexOpt: not verifying/optimizing 'Landroid/content/pm/PackageParser$ActivityIntentInfo;': multiple definitions
D/dalvikvm(  852): DexOpt: not verifying/optimizing 'Landroid/content/pm/PackageParser$Instrumentation;': multiple definitions
D/dalvikvm(  852): DexOpt: not verifying/optimizing 'Landroid/content/pm/PackageParser$Package;': multiple definitions
D/dalvikvm(  852): DexOpt: not verifying/optimizing 'Landroid/content/pm/PackageParser$Permission;': multiple definitions
D/dalvikvm(  852): DexOpt: not verifying/optimizing 'Landroid/content/pm/PackageParser$PermissionGroup;': multiple definitions
D/dalvikvm(  852): DexOpt: not verifying/optimizing 'Landroid/content/pm/PackageParser$Provider;': multiple definitions
D/dalvikvm(  852): DexOpt: not verifying/optimizing 'Landroid/content/pm/PackageParser$ProviderIntentInfo;': multiple definitions
D/dalvikvm(  852): DexOpt: not verifying/optimizing 'Landroid/content/pm/PackageParser$Service;': multiple definitions
D/dalvikvm(  852): DexOpt: not verifying/optimizing 'Landroid/content/pm/PackageParser$ServiceIntentInfo;': multiple definitions
D/dalvikvm(  852): DexOpt: not verifying/optimizing 'Landroid/content/pm/PackageParser;': multiple definitions
D/dalvikvm(  852): DexOpt: not verifying/optimizing 'Landroid/location/ILocationListener;': multiple definitions
D/dalvikvm(  852): DexOpt: not verifying/optimizing 'Landroid/location/ILocationListener$Stub$Proxy;': multiple definitions
D/dalvikvm(  852): DexOpt: not verifying/optimizing 'Landroid/location/ILocationListener$Stub;': multiple definitions
D/dalvikvm(  852): DexOpt: not verifying/optimizing 'Landroid/location/LocationRequest$1;': multiple definitions
D/dalvikvm(  852): DexOpt: not verifying/optimizing 'Landroid/location/LocationRequest;': multiple definitions
D/dalvikvm(  852): DexOpt: not verifying/optimizing 'Landroid/net/IConnectivityManager;': multiple definitions
D/dalvikvm(  852): DexOpt: not verifying/optimizing 'Landroid/net/IConnectivityManager$Stub$Proxy;': multiple definitions
D/dalvikvm(  852): DexOpt: not verifying/optimizing 'Landroid/net/IConnectivityManager$Stub;': multiple definitions
I/dalvikvm(  852): DexOpt: not resolving ambiguous class 'Landroid/accounts/IAccountManagerResponse;'
I/dalvikvm(  852): DexOpt: not resolving ambiguous class 'Landroid/accounts/IAccountManagerResponse;'
I/dalvikvm(  852): DexOpt: not resolving ambiguous class 'Landroid/accounts/IAccountManagerResponse;'
I/dalvikvm(  852): DexOpt: not resolving ambiguous class 'Landroid/accounts/IAccountManagerResponse;'
I/dalvikvm(  852): DexOpt: not resolving ambiguous class 'Landroid/accounts/IAccountManagerResponse;'
I/dalvikvm(  852): DexOpt: not resolving ambiguous class 'Landroid/accounts/IAccountManagerResponse;'
I/dalvikvm(  852): DexOpt: not resolving ambiguous class 'Landroid/accounts/IAccountManagerResponse;'
I/dalvikvm(  852): DexOpt: not resolving ambiguous class 'Landroid/accounts/IAccountManagerResponse;'
I/dalvikvm(  852): DexOpt: not resolving ambiguous class 'Landroid/accounts/IAccountManagerResponse;'
I/dalvikvm(  852): DexOpt: not resolving ambiguous class 'Landroid/accounts/IAccountManagerResponse;'
I/dalvikvm(  852): DexOpt: not resolving ambiguous class 'Landroid/accounts/IAccountManagerResponse;'
I/dalvikvm(  852): DexOpt: not resolving ambiguous class 'Landroid/accounts/IAccountManagerResponse;'
I/dalvikvm(  852): DexOpt: not resolving ambiguous class 'Landroid/accounts/IAccountManagerResponse;'
D/dalvikvm(  852): DexOpt: couldn't find field Landroid/app/ActivityManager$RecentTaskInfo;.topActivity
I/dalvikvm(  852): DexOpt: not resolving ambiguous class 'Landroid/app/IServiceConnection;'
I/dalvikvm(  852): DexOpt: not resolving ambiguous class 'Landroid/content/IIntentReceiver$Stub;'
I/dalvikvm(  852): DexOpt: not resolving ambiguous class 'Landroid/content/IIntentReceiver;'
I/dalvikvm(  852): DexOpt: not resolving ambiguous class 'Landroid/app/IServiceConnection;'
I/dalvikvm(  852): DexOpt: not resolving ambiguous class 'Landroid/location/LocationRequest;'
I/dalvikvm(  852): DexOpt: not resolving ambiguous class 'Landroid/location/LocationRequest;'
I/dalvikvm(  852): DexOpt: not resolving ambiguous class 'Landroid/content/pm/IPackageDataObserver;'
I/dalvikvm(  852): DexOpt: not resolving ambiguous class 'Landroid/app/IServiceConnection$Stub;'
I/dalvikvm(  852): DexOpt: not resolving ambiguous class 'Landroid/accounts/IAccountManagerResponse$Stub;'
D/dalvikvm(  852): DexOpt: couldn't find static field Landroid/os/Build$VERSION;.PREVIEW_SDK_INT
D/dalvikvm(  852): DexOpt: couldn't find static field Landroid/os/Build;.SUPPORTED_64_BIT_ABIS
I/dalvikvm(  852): DexOpt: not resolving ambiguous class 'Landroid/content/pm/PackageParser;'
I/dalvikvm(  852): DexOpt: not resolving ambiguous class 'Landroid/accounts/IAccountAuthenticatorResponse$Stub;'
I/dalvikvm(  852): DexOpt: not resolving ambiguous class 'Landroid/accounts/IAccountAuthenticator;'
I/dalvikvm(  852): DexOpt: not resolving ambiguous class 'Landroid/accounts/IAccountManagerResponse;'
I/dalvikvm(  852): DexOpt: not resolving ambiguous class 'Landroid/accounts/IAccountAuthenticator;'
I/dalvikvm(  852): DexOpt: not resolving ambiguous class 'Landroid/accounts/IAccountAuthenticator;'
I/dalvikvm(  852): DexOpt: not resolving ambiguous class 'Landroid/accounts/IAccountAuthenticator;'
I/dalvikvm(  852): DexOpt: not resolving ambiguous class 'Landroid/accounts/IAccountAuthenticator;'
I/dalvikvm(  852): DexOpt: not resolving ambiguous class 'Landroid/accounts/IAccountAuthenticator;'
I/dalvikvm(  852): DexOpt: not resolving ambiguous class 'Landroid/accounts/IAccountManagerResponse;'
I/dalvikvm(  852): DexOpt: not resolving ambiguous class 'Landroid/accounts/IAccountAuthenticator;'
I/dalvikvm(  852): DexOpt: not resolving ambiguous class 'Landroid/accounts/IAccountManagerResponse;'
D/dalvikvm(  852): DexOpt: couldn't find field Landroid/content/pm/ActivityInfo;.documentLaunchMode
I/dalvikvm(  852): DexOpt: not resolving ambiguous class 'Landroid/app/IServiceConnection;'
I/dalvikvm(  852): DexOpt: not resolving ambiguous class 'Landroid/app/IServiceConnection;'
I/dalvikvm(  852): DexOpt: not resolving ambiguous class 'Landroid/app/IServiceConnection;'
D/dalvikvm(  852): DexOpt: couldn't find field Landroid/app/Notification;.headsUpContentView
D/dalvikvm(  852): DexOpt: couldn't find field Landroid/app/Notification;.headsUpContentView
I/dalvikvm(  852): DexOpt: not resolving ambiguous class 'Landroid/app/IStopUserCallback$Stub;'
I/dalvikvm(  852): DexOpt: not resolving ambiguous class 'Landroid/content/pm/PackageParser$Package;'
I/dalvikvm(  852): DexOpt: not resolving ambiguous class 'Landroid/content/pm/PackageParser$Component;'
I/dalvikvm(  852): DexOpt: not resolving ambiguous class 'Landroid/content/pm/PackageParser$Activity;'
I/dalvikvm(  852): DexOpt: not resolving ambiguous class 'Landroid/content/pm/PackageParser$IntentInfo;'
I/dalvikvm(  852): DexOpt: not resolving ambiguous class 'Landroid/content/pm/PackageParser$Instrumentation;'
I/dalvikvm(  852): DexOpt: not resolving ambiguous class 'Landroid/content/pm/PackageParser$Permission;'
I/dalvikvm(  852): DexOpt: not resolving ambiguous class 'Landroid/content/pm/PackageParser$PermissionGroup;'
I/dalvikvm(  852): DexOpt: not resolving ambiguous class 'Landroid/content/pm/PackageParser$Provider;'
I/dalvikvm(  852): DexOpt: not resolving ambiguous class 'Landroid/content/pm/PackageParser$Service;'
D/dalvikvm(  852): DexOpt: load 289ms, verify+opt 618ms, 1556652 bytes
D/dalvikvm(  351): GC_CONCURRENT freed 592K, 57% free 5741K/13076K, paused 6ms+6ms, total 68ms
W/PackageManager(  351): Unknown permission com.huawei.authentication.HW_ACCESS_AUTH_SERVICE in package zBTIIj.DbQUhu.lhkmMr.vAnsR
W/PackageManager(  351): Unknown permission com.samsung.svoice.sync.READ_DATABASE in package zBTIIj.DbQUhu.lhkmMr.vAnsR
W/PackageManager(  351): Unknown permission com.samsung.svoice.sync.ACCESS_SERVICE in package zBTIIj.DbQUhu.lhkmMr.vAnsR
W/PackageManager(  351): Unknown permission com.samsung.svoice.sync.WRITE_DATABASE in package zBTIIj.DbQUhu.lhkmMr.vAnsR
W/PackageManager(  351): Unknown permission com.sec.android.app.voicenote.Controller in package zBTIIj.DbQUhu.lhkmMr.vAnsR
W/PackageManager(  351): Unknown permission com.sec.android.permission.VOIP_INTERFACE in package zBTIIj.DbQUhu.lhkmMr.vAnsR
W/PackageManager(  351): Unknown permission com.sec.android.permission.LAUNCH_PERSONAL_PAGE_SERVICE in package zBTIIj.DbQUhu.lhkmMr.vAnsR
W/PackageManager(  351): Unknown permission com.samsung.android.providers.context.permission.WRITE_USE_APP_FEATURE_SURVEY in package zBTIIj.DbQUhu.lhkmMr.vAnsR
W/PackageManager(  351): Unknown permission com.samsung.android.providers.context.permission.READ_RECORD_AUDIO in package zBTIIj.DbQUhu.lhkmMr.vAnsR
W/PackageManager(  351): Unknown permission com.samsung.android.providers.context.permission.WRITE_RECORD_AUDIO in package zBTIIj.DbQUhu.lhkmMr.vAnsR
W/PackageManager(  351): Unknown permission com.sec.android.settings.permission.SOFT_RESET in package zBTIIj.DbQUhu.lhkmMr.vAnsR
W/PackageManager(  351): Unknown permission sec.android.permission.READ_MSG_PREF in package zBTIIj.DbQUhu.lhkmMr.vAnsR
W/PackageManager(  351): Unknown permission com.samsung.android.scloud.backup.lib.read in package zBTIIj.DbQUhu.lhkmMr.vAnsR
W/PackageManager(  351): Unknown permission com.samsung.android.scloud.backup.lib.write in package zBTIIj.DbQUhu.lhkmMr.vAnsR
W/PackageManager(  351): Not granting permission android.permission.BIND_DIRECTORY_SEARCH to package zBTIIj.DbQUhu.lhkmMr.vAnsR (protectionLevel=18 flags=0x8be44)
W/PackageManager(  351): Not granting permission android.permission.UPDATE_APP_OPS_STATS to package zBTIIj.DbQUhu.lhkmMr.vAnsR (protectionLevel=18 flags=0x8be44)
W/PackageManager(  351): Not granting permission com.android.voicemail.permission.READ_WRITE_ALL_VOICEMAIL to package zBTIIj.DbQUhu.lhkmMr.vAnsR (protectionLevel=18 flags=0x8be44)
W/PackageManager(  351): Not granting permission android.permission.ACCOUNT_MANAGER to package zBTIIj.DbQUhu.lhkmMr.vAnsR (protectionLevel=2 flags=0x8be44)
W/PackageManager(  351): Not granting permission android.permission.PACKAGE_USAGE_STATS to package zBTIIj.DbQUhu.lhkmMr.vAnsR (protectionLevel=18 flags=0x8be44)
W/PackageManager(  351): Not granting permission android.permission.BIND_APPWIDGET to package zBTIIj.DbQUhu.lhkmMr.vAnsR (protectionLevel=18 flags=0x8be44)
W/PackageManager(  351): Unknown permission android.permission.BODY_SENSORS in package zBTIIj.DbQUhu.lhkmMr.vAnsR
W/PackageManager(  351): Unknown permission android.permission.GET_CLIPS in package zBTIIj.DbQUhu.lhkmMr.vAnsR
W/PackageManager(  351): Unknown permission android.permission.READ_CLIPS in package zBTIIj.DbQUhu.lhkmMr.vAnsR
W/PackageManager(  351): Unknown permission android.permission.READ_INSTALL_SESSIONS in package zBTIIj.DbQUhu.lhkmMr.vAnsR
W/PackageManager(  351): Unknown permission android.permission.WRITE_CLIPS in package zBTIIj.DbQUhu.lhkmMr.vAnsR
W/PackageManager(  351): Unknown permission android.permission.USE_FINGERPRINT in package zBTIIj.DbQUhu.lhkmMr.vAnsR
W/PackageManager(  351): Unknown permission com.android.vending.BILLING in package zBTIIj.DbQUhu.lhkmMr.vAnsR
W/PackageManager(  351): Unknown permission com.android.vending.CHECK_LICENSE in package zBTIIj.DbQUhu.lhkmMr.vAnsR
W/PackageManager(  351): Unknown permission com.google.android.c2dm.permission.RECEIVE in package zBTIIj.DbQUhu.lhkmMr.vAnsR
W/PackageManager(  351): Unknown permission com.google.android.gms.permission.ACTIVITY_RECOGNITION in package zBTIIj.DbQUhu.lhkmMr.vAnsR
W/PackageManager(  351): Unknown permission com.google.android.gms.permission.AD_ID_NOTIFICATION in package zBTIIj.DbQUhu.lhkmMr.vAnsR
W/PackageManager(  351): Unknown permission com.google.android.googleapps.permission.GOOGLE_AUTH in package zBTIIj.DbQUhu.lhkmMr.vAnsR
W/PackageManager(  351): Unknown permission com.google.android.googleapps.permission.GOOGLE_AUTH.OTHER_SERVICES in package zBTIIj.DbQUhu.lhkmMr.vAnsR
W/PackageManager(  351): Unknown permission com.google.android.googleapps.permission.GOOGLE_AUTH.YouTubeUser in package zBTIIj.DbQUhu.lhkmMr.vAnsR
W/PackageManager(  351): Unknown permission com.google.android.googleapps.permission.GOOGLE_AUTH.adsense in package zBTIIj.DbQUhu.lhkmMr.vAnsR
W/PackageManager(  351): Unknown permission com.google.android.googleapps.permission.GOOGLE_AUTH.adwords in package zBTIIj.DbQUhu.lhkmMr.vAnsR
W/PackageManager(  351): Unknown permission com.google.android.googleapps.permission.GOOGLE_AUTH.ah in package zBTIIj.DbQUhu.lhkmMr.vAnsR
W/PackageManager(  351): Unknown permission com.google.android.googleapps.permission.GOOGLE_AUTH.android in package zBTIIj.DbQUhu.lhkmMr.vAnsR
W/PackageManager(  351): Unknown permission com.google.android.googleapps.permission.GOOGLE_AUTH.androidsecure in package zBTIIj.DbQUhu.lhkmMr.vAnsR
W/PackageManager(  351): Unknown permission com.google.android.googleapps.permission.GOOGLE_AUTH.blogger in package zBTIIj.DbQUhu.lhkmMr.vAnsR
W/PackageManager(  351): Unknown permission com.google.android.googleapps.permission.GOOGLE_AUTH.cl in package zBTIIj.DbQUhu.lhkmMr.vAnsR
W/PackageManager(  351): Unknown permission com.google.android.googleapps.permission.GOOGLE_AUTH.cp in package zBTIIj.DbQUhu.lhkmMr.vAnsR
W/PackageManager(  351): Unknown permission com.google.android.googleapps.permission.GOOGLE_AUTH.dodgeball in package zBTIIj.DbQUhu.lhkmMr.vAnsR
W/PackageManager(  351): Unknown permission com.google.android.googleapps.permission.GOOGLE_AUTH.finance in package zBTIIj.DbQUhu.lhkmMr.vAnsR
W/PackageManager(  351): Unknown permission com.google.android.googleapps.permission.GOOGLE_AUTH.gbase in package zBTIIj.DbQUhu.lhkmMr.vAnsR
W/PackageManager(  351): Unknown permission com.google.android.googleapps.permission.GOOGLE_AUTH.grandcentral in package zBTIIj.DbQUhu.lhkmMr.vAnsR
W/PackageManager(  351): Unknown permission com.google.android.googleapps.permission.GOOGLE_AUTH.groups2 in package zBTIIj.DbQUhu.lhkmMr.vAnsR
W/PackageManager(  351): Unknown permission com.google.android.googleapps.permission.GOOGLE_AUTH.health in package zBTIIj.DbQUhu.lhkmMr.vAnsR
W/PackageManager(  351): Unknown permission com.google.android.googleapps.permission.GOOGLE_AUTH.ig in package zBTIIj.DbQUhu.lhkmMr.vAnsR
W/PackageManager(  351): Unknown permission com.google.android.googleapps.permission.GOOGLE_AUTH.jotspot in package zBTIIj.DbQUhu.lhkmMr.vAnsR
W/PackageManager(  351): Unknown permission com.google.android.googleapps.permission.GOOGLE_AUTH.knol in package zBTIIj.DbQUhu.lhkmMr.vAnsR
W/PackageManager(  351): Unknown permission com.google.android.googleapps.permission.GOOGLE_AUTH.lh2 in package zBTIIj.DbQUhu.lhkmMr.vAnsR
W/PackageManager(  351): Unknown permission com.google.android.googleapps.permission.GOOGLE_AUTH.local in package zBTIIj.DbQUhu.lhkmMr.vAnsR
W/PackageManager(  351): Unknown permission com.google.android.googleapps.permission.GOOGLE_AUTH.mail in package zBTIIj.DbQUhu.lhkmMr.vAnsR
W/PackageManager(  351): Unknown permission com.google.android.googleapps.permission.GOOGLE_AUTH.mobile in package zBTIIj.DbQUhu.lhkmMr.vAnsR
W/PackageManager(  351): Unknown permission com.google.android.googleapps.permission.GOOGLE_AUTH.news in package zBTIIj.DbQUhu.lhkmMr.vAnsR
W/PackageManager(  351): Unknown permission com.google.android.googleapps.permission.GOOGLE_AUTH.notebook in package zBTIIj.DbQUhu.lhkmMr.vAnsR
W/PackageManager(  351): Unknown permission com.google.android.googleapps.permission.GOOGLE_AUTH.orkut in package zBTIIj.DbQUhu.lhkmMr.vAnsR
W/PackageManager(  351): Unknown permission com.google.android.googleapps.permission.GOOGLE_AUTH.print in package zBTIIj.DbQUhu.lhkmMr.vAnsR
W/PackageManager(  351): Unknown permission com.google.android.googleapps.permission.GOOGLE_AUTH.sierra in package zBTIIj.DbQUhu.lhkmMr.vAnsR
W/PackageManager(  351): Unknown permission com.google.android.googleapps.permission.GOOGLE_AUTH.sierraqa in package zBTIIj.DbQUhu.lhkmMr.vAnsR
W/PackageManager(  351): Unknown permission com.google.android.googleapps.permission.GOOGLE_AUTH.sierrasandbox in package zBTIIj.DbQUhu.lhkmMr.vAnsR
W/PackageManager(  351): Unknown permission com.google.android.googleapps.permission.GOOGLE_AUTH.sitemaps in package zBTIIj.DbQUhu.lhkmMr.vAnsR
W/PackageManager(  351): Unknown permission com.google.android.googleapps.permission.GOOGLE_AUTH.speech in package zBTIIj.DbQUhu.lhkmMr.vAnsR
W/PackageManager(  351): Unknown permission com.google.android.googleapps.permission.GOOGLE_AUTH.speechpersonalization in package zBTIIj.DbQUhu.lhkmMr.vAnsR
W/PackageManager(  351): Unknown permission com.google.android.googleapps.permission.GOOGLE_AUTH.talk in package zBTIIj.DbQUhu.lhkmMr.vAnsR
W/PackageManager(  351): Unknown permission com.google.android.googleapps.permission.GOOGLE_AUTH.wifi in package zBTIIj.DbQUhu.lhkmMr.vAnsR
W/PackageManager(  351): Unknown permission com.google.android.googleapps.permission.GOOGLE_AUTH.wise in package zBTIIj.DbQUhu.lhkmMr.vAnsR
W/PackageManager(  351): Unknown permission com.google.android.googleapps.permission.GOOGLE_AUTH.writely in package zBTIIj.DbQUhu.lhkmMr.vAnsR
W/PackageManager(  351): Unknown permission com.google.android.googleapps.permission.GOOGLE_AUTH.youtube in package zBTIIj.DbQUhu.lhkmMr.vAnsR
W/PackageManager(  351): Unknown permission com.google.android.launcher.permission.READ_SETTINGS in package zBTIIj.DbQUhu.lhkmMr.vAnsR
W/PackageManager(  351): Unknown permission com.google.android.providers.gsf.permission.READ_GSERVICES in package zBTIIj.DbQUhu.lhkmMr.vAnsR
W/PackageManager(  351): Unknown permission com.google.android.providers.talk.permission.READ_ONLY in package zBTIIj.DbQUhu.lhkmMr.vAnsR
W/PackageManager(  351): Unknown permission com.google.android.providers.talk.permission.WRITE_ONLY in package zBTIIj.DbQUhu.lhkmMr.vAnsR
W/PackageManager(  351): Not granting permission android.permission.MOUNT_UNMOUNT_FILESYSTEMS to package zBTIIj.DbQUhu.lhkmMr.vAnsR (protectionLevel=18 flags=0x8be44)
W/PackageManager(  351): Not granting permission android.permission.READ_LOGS to package zBTIIj.DbQUhu.lhkmMr.vAnsR (protectionLevel=50 flags=0x8be44)
W/PackageManager(  351): Not granting permission android.permission.INSTALL_PACKAGES to package zBTIIj.DbQUhu.lhkmMr.vAnsR (protectionLevel=18 flags=0x8be44)
W/PackageManager(  351): Not granting permission android.permission.DELETE_PACKAGES to package zBTIIj.DbQUhu.lhkmMr.vAnsR (protectionLevel=18 flags=0x8be44)
W/PackageManager(  351): Not granting permission android.permission.CLEAR_APP_USER_DATA to package zBTIIj.DbQUhu.lhkmMr.vAnsR (protectionLevel=2 flags=0x8be44)
W/PackageManager(  351): Not granting permission android.permission.WRITE_MEDIA_STORAGE to package zBTIIj.DbQUhu.lhkmMr.vAnsR (protectionLevel=18 flags=0x8be44)
W/PackageManager(  351): Not granting permission android.permission.ACCESS_CACHE_FILESYSTEM to package zBTIIj.DbQUhu.lhkmMr.vAnsR (protectionLevel=18 flags=0x8be44)
W/PackageManager(  351): Unknown permission android.permission.READ_OWNER_DATA in package zBTIIj.DbQUhu.lhkmMr.vAnsR
W/PackageManager(  351): Unknown permission android.permission.WRITE_OWNER_DATA in package zBTIIj.DbQUhu.lhkmMr.vAnsR
W/PackageManager(  351): Not granting permission android.permission.CHANGE_CONFIGURATION to package zBTIIj.DbQUhu.lhkmMr.vAnsR (protectionLevel=50 flags=0x8be44)
W/PackageManager(  351): Not granting permission android.permission.DEVICE_POWER to package zBTIIj.DbQUhu.lhkmMr.vAnsR (protectionLevel=2 flags=0x8be44)
W/PackageManager(  351): Not granting permission android.permission.BATTERY_STATS to package zBTIIj.DbQUhu.lhkmMr.vAnsR (protectionLevel=18 flags=0x8be44)
W/PackageManager(  351): Not granting permission android.permission.ACCESS_DOWNLOAD_MANAGER to package zBTIIj.DbQUhu.lhkmMr.vAnsR (protectionLevel=18 flags=0x8be44)
W/PackageManager(  351): Not granting permission com.android.launcher.permission.WRITE_SETTINGS to package zBTIIj.DbQUhu.lhkmMr.vAnsR (protectionLevel=18 flags=0x8be44)
W/PackageManager(  351): Unknown permission com.android.launcher3.permission.READ_SETTINGS in package zBTIIj.DbQUhu.lhkmMr.vAnsR
W/PackageManager(  351): Unknown permission com.android.launcher2.permission.READ_SETTINGS in package zBTIIj.DbQUhu.lhkmMr.vAnsR
W/PackageManager(  351): Unknown permission com.teslacoilsw.launcher.permission.READ_SETTINGS in package zBTIIj.DbQUhu.lhkmMr.vAnsR
W/PackageManager(  351): Unknown permission com.actionlauncher.playstore.permission.READ_SETTINGS in package zBTIIj.DbQUhu.lhkmMr.vAnsR
W/PackageManager(  351): Unknown permission com.mx.launcher.permission.READ_SETTINGS in package zBTIIj.DbQUhu.lhkmMr.vAnsR
W/PackageManager(  351): Unknown permission com.anddoes.launcher.permission.READ_SETTINGS in package zBTIIj.DbQUhu.lhkmMr.vAnsR
W/PackageManager(  351): Unknown permission com.apusapps.launcher.permission.READ_SETTINGS in package zBTIIj.DbQUhu.lhkmMr.vAnsR
W/PackageManager(  351): Unknown permission com.tsf.shell.permission.READ_SETTINGS in package zBTIIj.DbQUhu.lhkmMr.vAnsR
W/PackageManager(  351): Unknown permission com.htc.launcher.permission.READ_SETTINGS in package zBTIIj.DbQUhu.lhkmMr.vAnsR
W/PackageManager(  351): Unknown permission com.lenovo.launcher.permission.READ_SETTINGS in package zBTIIj.DbQUhu.lhkmMr.vAnsR
W/PackageManager(  351): Unknown permission com.oppo.launcher.permission.READ_SETTINGS in package zBTIIj.DbQUhu.lhkmMr.vAnsR
W/PackageManager(  351): Unknown permission com.bbk.launcher2.permission.READ_SETTINGS in package zBTIIj.DbQUhu.lhkmMr.vAnsR
W/PackageManager(  351): Unknown permission com.s.launcher.permission.READ_SETTINGS in package zBTIIj.DbQUhu.lhkmMr.vAnsR
W/PackageManager(  351): Unknown permission cn.nubia.launcher.permission.READ_SETTINGS in package zBTIIj.DbQUhu.lhkmMr.vAnsR
W/PackageManager(  351): Unknown permission com.huawei.android.launcher.permission.READ_SETTINGS in package zBTIIj.DbQUhu.lhkmMr.vAnsR
W/PackageManager(  351): Unknown permission com.huawei.android.launcher.permission.CHANGE_BADGE in package zBTIIj.DbQUhu.lhkmMr.vAnsR
W/PackageManager(  351): Unknown permission android.permission.GET_INTENT_SENDER_INTENT in package zBTIIj.DbQUhu.lhkmMr.vAnsR
W/PackageManager(  351): Not granting permission android.permission.WRITE_APN_SETTINGS to package zBTIIj.DbQUhu.lhkmMr.vAnsR (protectionLevel=18 flags=0x8be44)
I/ActivityManager(  351): Force stopping zBTIIj.DbQUhu.lhkmMr.vAnsR appid=10052 user=-1: update pkg
I/InputReader(  351): Reconfiguring input devices.  changes=0x00000010
I/PackageManager(  351):   Action: "android.intent.action.SENDTO"
I/PackageManager(  351):   Category: "android.intent.category.DEFAULT"
I/PackageManager(  351):   Scheme: "sms"
I/PackageManager(  351): Adding preferred activity ComponentInfo{com.android.mms/com.android.mms.ui.ComposeMessageActivity} for user 0 :
D/BackupManagerService(  351): Received broadcast Intent { act=android.intent.action.PACKAGE_ADDED dat=package:zBTIIj.DbQUhu.lhkmMr.vAnsR flg=0x4000010 (has extras) }
V/BackupManagerService(  351): addPackageParticipantsLocked: #1
I/PackageManager(  351):   Action: "android.intent.action.SENDTO"
I/PackageManager(  351):   Category: "android.intent.category.DEFAULT"
I/PackageManager(  351):   Scheme: "smsto"
I/PackageManager(  351): Adding preferred activity ComponentInfo{com.android.mms/com.android.mms.ui.ComposeMessageActivity} for user 0 :
I/PackageManager(  351):   Action: "android.intent.action.SENDTO"
I/PackageManager(  351):   Category: "android.intent.category.DEFAULT"
I/PackageManager(  351): Adding preferred activity ComponentInfo{com.android.mms/com.android.mms.ui.ComposeMessageActivity} for user 0 :
I/PackageManager(  351):   Scheme: "mms"
D/dalvikvm(  351): GC_EXPLICIT freed 769K, 57% free 5736K/13076K, paused 335ms+6ms, total 402ms
D/dalvikvm(  351): WAIT_FOR_CONCURRENT_GC blocked 78ms
D/dalvikvm(  351): WAIT_FOR_CONCURRENT_GC blocked 58ms
D/dalvikvm(  351): WAIT_FOR_CONCURRENT_GC blocked 81ms
D/AndroidRuntime(  779): Shutting down VM
D/dalvikvm(  779): GC_CONCURRENT freed 95K, 16% free 560K/660K, paused 3ms+2ms, total 28ms
I/PackageManager(  351):   Action: "android.intent.action.SENDTO"
I/PackageManager(  351):   Category: "android.intent.category.DEFAULT"
I/PackageManager(  351):   Scheme: "mmsto"
I/PackageManager(  351): Adding preferred activity ComponentInfo{com.android.mms/com.android.mms.ui.ComposeMessageActivity} for user 0 :
I/PackageManager(  351):   Action: "android.intent.action.SENDTO"
I/PackageManager(  351):   Category: "android.intent.category.DEFAULT"
I/PackageManager(  351):   Scheme: "sms"
I/PackageManager(  351): Adding preferred activity ComponentInfo{com.android.mms/com.android.mms.ui.ComposeMessageActivity} for user 0 :
I/PackageManager(  351):   Action: "android.intent.action.SENDTO"
I/PackageManager(  351):   Category: "android.intent.category.DEFAULT"
I/PackageManager(  351):   Scheme: "smsto"
I/PackageManager(  351): Adding preferred activity ComponentInfo{com.android.mms/com.android.mms.ui.ComposeMessageActivity} for user 0 :
D/dalvikvm(  610): GC_CONCURRENT freed 422K, 15% free 3364K/3936K, paused 22ms+2ms, total 61ms
I/PackageManager(  351):   Action: "android.intent.action.SENDTO"
I/PackageManager(  351):   Category: "android.intent.category.DEFAULT"
I/PackageManager(  351):   Scheme: "mms"
I/PackageManager(  351): Adding preferred activity ComponentInfo{com.android.mms/com.android.mms.ui.ComposeMessageActivity} for user 0 :
I/PackageManager(  351):   Action: "android.intent.action.SENDTO"
I/PackageManager(  351):   Category: "android.intent.category.DEFAULT"
I/PackageManager(  351):   Scheme: "mmsto"
I/PackageManager(  351): Adding preferred activity ComponentInfo{com.android.mms/com.android.mms.ui.ComposeMessageActivity} for user 0 :
D/dalvikvm(  351): GC_CONCURRENT freed 723K, 57% free 5733K/13076K, paused 5ms+12ms, total 143ms
D/dalvikvm(  351): WAIT_FOR_CONCURRENT_GC blocked 78ms
I/ActivityManager(  351): Start proc com.android.calendar for broadcast com.android.calendar/.widget.CalendarAppWidgetService$CalendarFactory: pid=873 uid=10016 gids={50016, 3003}
D/ExtensionsFactory(  873): No custom extensions.
W/RecognitionManagerService(  351): no available voice recognition services found for user 0
E/logwrapper(  888): executing /system/bin/ip failed: No such file or directory
I/MediaFocusControl(  351):   Remote Control   registerMediaButtonIntent() for PendingIntent{b3040530: PendingIntentRecord{b304dae8 com.android.music broadcastIntent}}
E/ConnectivityService(  351): Exception trying to add a route: java.lang.IllegalStateException: command '39 interface fwmark exempt add 10.0.2.2/32' failed with '400 39 Failed to add exemption rule (File exists)'
E/logwrapper(  890): executing /system/bin/ip failed: No such file or directory
E/ConnectivityService(  351): Exception trying to add a route: java.lang.IllegalStateException: command '41 interface fwmark exempt add 216.58.204.46/32' failed with '400 41 Failed to add exemption rule (File exists)'
D/ConnectivityService(  351): requestRouteToHostAddress ok=false
D/ConnectivityService(  351): [CheckMp] isMobileOk: could not establish route to hostAddr=clients3.google.com/216.58.204.46
I/ActivityManager(  351): Start proc com.android.deskclock for broadcast com.android.deskclock/.AlarmInitReceiver: pid=894 uid=10020 gids={50020, 1028}
I/ActivityManager(  351): Start proc com.android.providers.calendar for content provider com.android.providers.calendar/.CalendarProvider2: pid=900 uid=10001 gids={50001, 3003, 1028, 1015}
D/dalvikvm(   58): GC_EXPLICIT freed 40K, 5% free 2705K/2844K, paused 3ms+2ms, total 48ms
D/dalvikvm(   58): WAIT_FOR_CONCURRENT_GC blocked 1ms
D/dalvikvm(   58): GC_EXPLICIT freed <1K, 5% free 2705K/2844K, paused 2ms+2ms, total 44ms
D/dalvikvm(   58): GC_EXPLICIT freed <1K, 5% free 2705K/2844K, paused 2ms+2ms, total 43ms
V/AlarmClock(  894): AlarmInitReceiver android.intent.action.TIMEZONE_CHANGED
I/CalendarDatabaseHelper(  900): Bootstrapping database
I/AlarmClock(  894): Alarms Table created
I/AlarmClock(  894): Instance table created
I/AlarmClock(  894): Cities table created
I/AlarmClock(  894): Inserting default alarms
I/AlarmClock(  894): Displaying next alarm time: ''
W/BackupManagerService(  351): dataChanged but no participant pkg='com.android.providers.settings' uid=10020
V/AlarmClock(  894): AlarmInitReceiver finished
I/CalendarProvider2(  900): Created com.android.providers.calendar.CalendarAlarmManager@b2d3c790(com.android.providers.calendar.CalendarProvider2@b2d28e68)
E/BluetoothAdapter(  622): Bluetooth binder is null
E/BluetoothAdapter(  622): Bluetooth binder is null
I/ActivityManager(  351): Start proc com.android.dialer for broadcast com.android.dialer/.calllog.CallLogReceiver: pid=922 uid=10004 gids={50004, 3003, 1028, 1015}
D/ExtensionsFactory(  922): No custom extensions.
I/ActivityManager(  351): Delay finish: com.android.dialer/.calllog.CallLogReceiver
I/ActivityManager(  351): Resuming delayed broadcast
E/BluetoothAdapter(  351): Bluetooth binder is null
E/BluetoothAdapter(  351): Bluetooth binder is null
V/WiredAccessoryManager(  351): init()
E/SoundPool(  351): error loading /system/media/audio/ui/Effect_Tick.ogg
W/AudioService(  351): Soundpool could not load file: /system/media/audio/ui/Effect_Tick.ogg
I/PowerManagerService(  351): Boot animation finished.
E/SoundPool(  351): error loading /system/media/audio/ui/Effect_Tick.ogg
W/AudioService(  351): Soundpool could not load file: /system/media/audio/ui/Effect_Tick.ogg
E/SoundPool(  351): error loading /system/media/audio/ui/Effect_Tick.ogg
W/AudioService(  351): Soundpool could not load file: /system/media/audio/ui/Effect_Tick.ogg
E/SoundPool(  351): error loading /system/media/audio/ui/Effect_Tick.ogg
W/AudioService(  351): Soundpool could not load file: /system/media/audio/ui/Effect_Tick.ogg
E/SoundPool(  351): error loading /system/media/audio/ui/Effect_Tick.ogg
W/AudioService(  351): Soundpool could not load file: /system/media/audio/ui/Effect_Tick.ogg
E/SoundPool(  351): error loading /system/media/audio/ui/KeypressStandard.ogg
W/AudioService(  351): Soundpool could not load file: /system/media/audio/ui/KeypressStandard.ogg
E/SoundPool(  351): error loading /system/media/audio/ui/KeypressSpacebar.ogg
W/AudioService(  351): Soundpool could not load file: /system/media/audio/ui/KeypressSpacebar.ogg
E/SoundPool(  351): error loading /system/media/audio/ui/KeypressDelete.ogg
W/AudioService(  351): Soundpool could not load file: /system/media/audio/ui/KeypressDelete.ogg
E/SoundPool(  351): error loading /system/media/audio/ui/KeypressReturn.ogg
W/AudioService(  351): Soundpool could not load file: /system/media/audio/ui/KeypressReturn.ogg
E/SoundPool(  351): error loading /system/media/audio/ui/KeypressInvalid.ogg
W/AudioService(  351): Soundpool could not load file: /system/media/audio/ui/KeypressInvalid.ogg
W/AudioService(  351): onLoadSoundEffects(), Error -1 while loading samples
I/RecoverySystem(  351): No recovery log file
I/BootReceiver(  351): Copying audit failures to DropBox
I/BootReceiver(  351): Checking for fsck errors
D/dalvikvm(  351): GC_CONCURRENT freed 533K, 56% free 5869K/13076K, paused 5ms+5ms, total 71ms
D/dalvikvm(  351): WAIT_FOR_CONCURRENT_GC blocked 43ms
I/CalendarProvider2(  900): Sending notification intent: Intent { act=android.intent.action.PROVIDER_CHANGED dat=content://com.android.calendar }
W/ContentResolver(  900): Failed to get type for: content://com.android.calendar (Unknown URL content://com.android.calendar)
I/ActivityManager(  351): Delay finish: com.android.providers.media/.MediaScannerReceiver
I/ActivityManager(  351): Resuming delayed broadcast
I/ActivityManager(  351): Start proc com.android.mms for broadcast com.android.mms/.transaction.MmsSystemEventReceiver: pid=950 uid=10009 gids={50009, 3003, 1028, 1015}
I/MediaProvider(  627): Upgrading media database from version 0 to 700, which will destroy all old data
D/CountryDetector(  351): The first listener is added
V/MmsConfig(  950): mnc/mcc: 310260
V/MmsConfig(  950): tag: bool value: enabledMMS - true
V/MmsConfig(  950): tag: int value: maxMessageSize - 307200
V/MmsConfig(  950): tag: int value: maxImageHeight - 480
V/MmsConfig(  950): tag: int value: maxImageWidth - 640
V/MmsConfig(  950): tag: int value: defaultSMSMessagesPerThread - 10000
V/MmsConfig(  950): tag: int value: defaultMMSMessagesPerThread - 1000
V/MmsConfig(  950): tag: int value: minMessageCountPerThread - 10
V/MmsConfig(  950): tag: int value: maxMessageCountPerThread - 5000
V/MmsConfig(  950): tag: string value: uaProfUrl - http://www.google.com/oha/rdf/ua-profile-kila.xml
V/MmsConfig(  950): tag: int value: recipientLimit - -1
V/MmsConfig(  950): tag: bool value: enableMultipartSMS - true
V/MmsConfig(  950): tag: int value: smsToMmsTextThreshold - -1
V/MmsConfig(  950): tag: bool value: enableSlideDuration - true
V/MmsConfig(  950): tag: int value: maxMessageTextSize - -1
D/ConnectivityService(  351): [CheckMp] isMobileOk: too many loops tried - giving up
D/ConnectivityService(  351): [CheckMp] isMobileOk: X loops|timed out result=0
D/ConnectivityService(  351): [CheckMp] isMobileOk: F stop hipri
D/MobileDataStateTracker(  351): default: setEnableFailFastMobileData(enabled=0)
D/ConnectivityService(  351): stopUsingNetworkFeature: teardown net 0: enableHIPRI
D/MobileDataStateTracker(  351): hipri: Broadcast received: android.intent.action.ANY_DATA_STATE apnType=hipri
D/MobileDataStateTracker(  351): hipri: Received state=DISCONNECTED, old=CONNECTED, reason=dataDisabled
D/MobileDataStateTracker(  351): hipri: setDetailed state, old =CONNECTED and new state=DISCONNECTED
D/ConnectivityService(  351): ConnectivityChange for mobile_hipri: DISCONNECTED/DISCONNECTED
E/logwrapper(  971): executing /system/bin/ip failed: No such file or directory
E/SecondaryTablController(   54): ip route del failed: /system/bin/ip route del 10.0.2.2/32 via 0.0.0.0 dev eth0 table 60
W/FrameworkListener(   54): Handler 'interface' error (No such device)
E/logwrapper(  972): executing /system/bin/ip failed: No such file or directory
E/SecondaryTablController(   54): ip route del failed: /system/bin/ip route del 0.0.0.0/0 via 10.0.2.2 dev eth0 table 60
W/FrameworkListener(   54): Handler 'interface' error (No such device)
D/dalvikvm(  610): GC_CONCURRENT freed 470K, 16% free 3308K/3936K, paused 5ms+9ms, total 97ms
D/Nat464Xlat(  351): requiresClat: netType=5, hasIPv4Address=true
D/dalvikvm(  351): GC_CONCURRENT freed 663K, 56% free 5874K/13076K, paused 14ms+4ms, total 67ms
D/dalvikvm(  351): GC_CONCURRENT freed 777K, 56% free 5765K/13076K, paused 17ms+4ms, total 70ms
I/NetworkPolicy(  351): no policy for active mobile network; generating default policy
D/MobileDataStateTracker(  351): default: setPolicyDataEnable(enabled=true)
E/SQLiteLog(  627): (1) no such table: files
D/dalvikvm(  351): GC_CONCURRENT freed 654K, 56% free 5788K/13076K, paused 39ms+36ms, total 196ms
I/InputReader(  351): Reconfiguring input devices.  changes=0x00000010
I/InputReader(  351): Reconfiguring input devices.  changes=0x00000010
I/PackageManager(  351):   Action: "android.intent.action.SENDTO"
I/PackageManager(  351):   Category: "android.intent.category.DEFAULT"
I/PackageManager(  351):   Scheme: "sms"
I/PackageManager(  351): Adding preferred activity ComponentInfo{com.android.mms/com.android.mms.ui.ComposeMessageActivity} for user 0 :
E/WVMExtractor(   60): Failed to open libwvm.so
E/NetdConnector(  351): NDC Command {50 bandwidth setiquota eth0 9223372036854775807} took too long (1815ms)
I/PackageManager(  351):   Action: "android.intent.action.SENDTO"
I/PackageManager(  351):   Category: "android.intent.category.DEFAULT"
I/PackageManager(  351):   Scheme: "smsto"
I/PackageManager(  351): Adding preferred activity ComponentInfo{com.android.mms/com.android.mms.ui.ComposeMessageActivity} for user 0 :
D/Tethering(  351): MasterInitialState.processMessage what=3
D/CaptivePortalTracker(  351): NoActiveNetworkState{ when=-1ms what=1 obj=NetworkInfo: type: mobile_hipri[UMTS], state: DISCONNECTED/DISCONNECTED, reason: dataDisabled, extra: epc.tmobile.com, roaming: false, failover: false, isAvailable: true, isConnectedToProvisioningNetwork: false target=com.android.internal.util.StateMachine$SmHandler }
D/CaptivePortalTracker(  351): NoActiveNetworkState not a wifi connectivity change, ignore
D/Tethering(  351): MasterInitialState.processMessage what=3
D/CaptivePortalTracker(  351): NoActiveNetworkState{ when=-1ms what=1 obj=NetworkInfo: type: mobile[UMTS], state: CONNECTED/CONNECTED, reason: connected, extra: epc.tmobile.com, roaming: false, failover: false, isAvailable: true, isConnectedToProvisioningNetwork: false target=com.android.internal.util.StateMachine$SmHandler }
D/CaptivePortalTracker(  351): NoActiveNetworkState not a wifi connectivity change, ignore
D/dalvikvm(  351): GC_CONCURRENT freed 662K, 55% free 5901K/13076K, paused 97ms+5ms, total 176ms
D/dalvikvm(  351): WAIT_FOR_CONCURRENT_GC blocked 54ms
D/dalvikvm(  351): WAIT_FOR_CONCURRENT_GC blocked 56ms
D/dalvikvm(  351): WAIT_FOR_CONCURRENT_GC blocked 50ms
D/MobileDataStateTracker(  351): default: setPolicyDataEnable(enabled=true)
I/PackageManager(  351):   Action: "android.intent.action.SENDTO"
I/PackageManager(  351):   Category: "android.intent.category.DEFAULT"
I/PackageManager(  351):   Scheme: "mms"
I/PackageManager(  351): Adding preferred activity ComponentInfo{com.android.mms/com.android.mms.ui.ComposeMessageActivity} for user 0 :
I/PackageManager(  351): Adding preferred activity ComponentInfo{com.android.mms/com.android.mms.ui.ComposeMessageActivity} for user 0 :
I/PackageManager(  351):   Action: "android.intent.action.SENDTO"
I/PackageManager(  351):   Category: "android.intent.category.DEFAULT"
I/PackageManager(  351):   Scheme: "mmsto"
I/PackageManager(  351):   Action: "android.intent.action.SENDTO"
I/PackageManager(  351):   Category: "android.intent.category.DEFAULT"
I/PackageManager(  351):   Scheme: "sms"
I/PackageManager(  351): Adding preferred activity ComponentInfo{com.android.mms/com.android.mms.ui.ComposeMessageActivity} for user 0 :
I/PackageManager(  351):   Action: "android.intent.action.SENDTO"
I/PackageManager(  351):   Category: "android.intent.category.DEFAULT"
I/PackageManager(  351):   Scheme: "smsto"
I/PackageManager(  351): Adding preferred activity ComponentInfo{com.android.mms/com.android.mms.ui.ComposeMessageActivity} for user 0 :
D/dalvikvm(  610): GC_CONCURRENT freed 335K, 15% free 3370K/3936K, paused 3ms+2ms, total 74ms
I/PackageManager(  351):   Action: "android.intent.action.SENDTO"
I/PackageManager(  351):   Category: "android.intent.category.DEFAULT"
I/PackageManager(  351):   Scheme: "mms"
I/PackageManager(  351): Adding preferred activity ComponentInfo{com.android.mms/com.android.mms.ui.ComposeMessageActivity} for user 0 :
I/PackageManager(  351):   Action: "android.intent.action.SENDTO"
I/PackageManager(  351):   Category: "android.intent.category.DEFAULT"
I/PackageManager(  351):   Scheme: "mmsto"
I/PackageManager(  351): Adding preferred activity ComponentInfo{com.android.mms/com.android.mms.ui.ComposeMessageActivity} for user 0 :
I/PackageManager(  351):   Action: "android.intent.action.SENDTO"
I/PackageManager(  351):   Category: "android.intent.category.DEFAULT"
I/PackageManager(  351):   Scheme: "sms"
I/PackageManager(  351): Adding preferred activity ComponentInfo{com.android.mms/com.android.mms.ui.ComposeMessageActivity} for user 0 :
I/PackageManager(  351):   Action: "android.intent.action.SENDTO"
I/PackageManager(  351):   Category: "android.intent.category.DEFAULT"
I/PackageManager(  351):   Scheme: "smsto"
I/PackageManager(  351): Adding preferred activity ComponentInfo{com.android.mms/com.android.mms.ui.ComposeMessageActivity} for user 0 :
D/dalvikvm(  351): GC_CONCURRENT freed 867K, 56% free 5866K/13076K, paused 18ms+58ms, total 428ms
I/PackageManager(  351):   Action: "android.intent.action.SENDTO"
I/PackageManager(  351):   Category: "android.intent.category.DEFAULT"
I/PackageManager(  351):   Scheme: "mms"
I/PackageManager(  351): Adding preferred activity ComponentInfo{com.android.mms/com.android.mms.ui.ComposeMessageActivity} for user 0 :
I/PackageManager(  351):   Action: "android.intent.action.SENDTO"
I/PackageManager(  351):   Category: "android.intent.category.DEFAULT"
I/PackageManager(  351):   Scheme: "mmsto"
I/PackageManager(  351): Adding preferred activity ComponentInfo{com.android.mms/com.android.mms.ui.ComposeMessageActivity} for user 0 :
D/dalvikvm(  610): GC_CONCURRENT freed 455K, 15% free 3373K/3948K, paused 4ms+33ms, total 87ms
I/PackageManager(  351):   Action: "android.intent.action.SENDTO"
I/PackageManager(  351):   Category: "android.intent.category.DEFAULT"
I/PackageManager(  351):   Scheme: "sms"
I/PackageManager(  351): Adding preferred activity ComponentInfo{com.android.mms/com.android.mms.ui.ComposeMessageActivity} for user 0 :
I/PackageManager(  351):   Action: "android.intent.action.SENDTO"
I/PackageManager(  351):   Category: "android.intent.category.DEFAULT"
I/PackageManager(  351):   Scheme: "smsto"
I/PackageManager(  351): Adding preferred activity ComponentInfo{com.android.mms/com.android.mms.ui.ComposeMessageActivity} for user 0 :
E/NetdConnector(  351): NDC Command {51 bandwidth removeiquota eth0} took too long (1336ms)
I/PackageManager(  351):   Action: "android.intent.action.SENDTO"
I/PackageManager(  351):   Category: "android.intent.category.DEFAULT"
I/PackageManager(  351):   Scheme: "mms"
I/PackageManager(  351): Adding preferred activity ComponentInfo{com.android.mms/com.android.mms.ui.ComposeMessageActivity} for user 0 :
I/PackageManager(  351):   Action: "android.intent.action.SENDTO"
I/PackageManager(  351):   Category: "android.intent.category.DEFAULT"
I/PackageManager(  351):   Scheme: "mmsto"
I/PackageManager(  351): Adding preferred activity ComponentInfo{com.android.mms/com.android.mms.ui.ComposeMessageActivity} for user 0 :
D/dalvikvm(  351): GC_CONCURRENT freed 713K, 56% free 5847K/13076K, paused 75ms+15ms, total 267ms
D/ConnectivityService(  351): [CheckMp] isMobileOk: X result=0
D/ConnectivityService(  351): [CheckMp] onPostExecute: result=0
D/ConnectivityService(  351): CheckMp.onComplete: result=0
D/ConnectivityService(  351): CheckMp.onComplete: ignore, connected or no connection
W/ProcessCpuTracker(  351): Skipping unknown process pid 1006
E/NetdConnector(  351): NDC Command {52 bandwidth setiquota eth0 9223372036854775807} took too long (1718ms)
D/dalvikvm(  627): GC_CONCURRENT freed 247K, 11% free 3029K/3372K, paused 8ms+3ms, total 53ms
D/MobileDataStateTracker(  351): default: setPolicyDataEnable(enabled=true)
D/MobileDataStateTracker(  351): default: setPolicyDataEnable(enabled=true)
E/NetdConnector(  351): NDC Command {53 bandwidth removeiquota eth0} took too long (931ms)
V/MediaScanner(  627): pruneDeadThumbnailFiles... android.database.sqlite.SQLiteCursor@b2d80248
V/MediaScanner(  627): /pruneDeadThumbnailFiles... android.database.sqlite.SQLiteCursor@b2d80248
E/MetadataRetrieverClient(   60): failed to extract an album art
D/dalvikvm(  610): GC_CONCURRENT freed 459K, 17% free 3301K/3948K, paused 3ms+19ms, total 73ms
D/Mms:app (  950): cancelNotification
I/ActivityManager(  351): Delay finish: com.android.mms/.transaction.SmsReceiver
D/MmsSmsDatabaseHelper(  610): [MmsSmsDb] tableName: threads hasAutoIncrement: CREATE TABLE threads (_id INTEGER PRIMARY KEY AUTOINCREMENT,date INTEGER DEFAULT 0,message_count INTEGER DEFAULT 0,recipient_ids TEXT,snippet TEXT,snippet_cs INTEGER DEFAULT 0,read INTEGER DEFAULT 1,type INTEGER DEFAULT 0,error INTEGER DEFAULT 0,has_attachment INTEGER DEFAULT 0) result: true
D/MmsSmsDatabaseHelper(  610): [MmsSmsDb] tableName: canonical_addresses hasAutoIncrement: CREATE TABLE canonical_addresses (_id INTEGER PRIMARY KEY AUTOINCREMENT,address TEXT) result: true
D/MmsSmsDatabaseHelper(  610): [MmsSmsDb] tableName: part hasAutoIncrement: CREATE TABLE part (_id INTEGER PRIMARY KEY AUTOINCREMENT,mid INTEGER,seq INTEGER DEFAULT 0,ct TEXT,name TEXT,chset INTEGER,cd TEXT,fn TEXT,cid TEXT,cl TEXT,ctt_s INTEGER,ctt_t TEXT,_data TEXT,text TEXT) result: true
