E/SurfaceFlinger(   58): got GL_FRAMEBUFFER_COMPLETE_OES error while taking screenshot
E/libEGL  (   58): called unimplemented OpenGL ES API
E/libEGL  (   58): called unimplemented OpenGL ES API
I/ActivityManager(  365): Config changes=480 {1.0 310mcc260mnc en_US ldltr sw480dp w864dp h455dp 160dpi lrg long land finger -keyb/v/h tball/v s.7}
I/InputReader(  365): Reconfiguring input devices.  changes=0x00000004
I/InputReader(  365): Device reconfigured: id=0, name='qwerty2', size 480x864, orientation 1, mode 1, display id 0
D/PhoneStatusBar(  448): mSettingsPanelGravity = 55
D/dalvikvm(  365): GC_EXPLICIT freed 656K, 56% free 5849K/13192K, paused 5ms+7ms, total 187ms
W/System.err( 1157): java.net.ConnectException: failed to connect to /116.62.181.149 (port 8088): connect failed: ETIMEDOUT (Connection timed out)
W/System.err( 1157): 	at libcore.io.IoBridge.connect(IoBridge.java:114)
W/System.err( 1157): 	at java.net.PlainSocketImpl.connect(PlainSocketImpl.java:192)
W/System.err( 1157): 	at java.net.PlainSocketImpl.connect(PlainSocketImpl.java:459)
W/System.err( 1157): 	at java.net.Socket.connect(Socket.java:843)
W/System.err( 1157): 	at com.android.okhttp.internal.Platform.connectSocket(Platform.java:152)
W/System.err( 1157): 	at com.android.okhttp.Connection.connect(Connection.java:101)
W/System.err( 1157): 	at com.android.okhttp.internal.http.HttpEngine.connect(HttpEngine.java:294)
W/System.err( 1157): 	at com.android.okhttp.internal.http.HttpEngine.sendSocketRequest(HttpEngine.java:255)
W/System.err( 1157): 	at com.android.okhttp.internal.http.HttpEngine.sendRequest(HttpEngine.java:206)
W/System.err( 1157): 	at com.android.okhttp.internal.http.HttpURLConnectionImpl.execute(HttpURLConnectionImpl.java:345)
W/System.err( 1157): 	at com.android.okhttp.internal.http.HttpURLConnectionImpl.connect(HttpURLConnectionImpl.java:89)
W/System.err( 1157): 	at com.cy.config.Config.sendGet(Config.java:465)
W/System.err( 1157): 	at com.cy.config.PicUrl$1.run(PicUrl.java:47)
W/System.err( 1157): 	at java.lang.Thread.run(Thread.java:841)
W/System.err( 1157): Caused by: libcore.io.ErrnoException: connect failed: ETIMEDOUT (Connection timed out)
W/System.err( 1157): 	at libcore.io.Posix.connect(Native Method)
W/System.err( 1157): 	at libcore.io.BlockGuardOs.connect(BlockGuardOs.java:85)
W/System.err( 1157): 	at libcore.io.IoBridge.connectErrno(IoBridge.java:127)
W/System.err( 1157): 	at libcore.io.IoBridge.connect(IoBridge.java:112)
W/System.err( 1157): 	... 13 more
D/MediaPlayer( 1157): Couldn't open file on client side, trying server side
I/Choreographer(  448): Skipped 110 frames!  The application may be doing too much work on its main thread.
I/AwesomePlayer(   61): setDataSource_l(URL suppressed)
D/ABCD    ( 1315): running in tid=1316
D/ABCD    ( 1315): get_pid. name=[com.gea.jfwvov:svc][1][1][0]
D/dalvikvm( 1157): GC_CONCURRENT freed 705K, 12% free 5617K/6376K, paused 73ms+7ms, total 466ms
W/SQLiteConnectionPool( 1157): A SQLiteConnection object for database '/data/data/com.gea.jfwvov/databases/com.gea.jfwvov.com.sdk.a.a_msegpay.db' was leaked!  Please fix your application to end transactions in progress properly and to close the database when it is no longer needed.
W/SQLiteConnectionPool( 1157): A SQLiteConnection object for database '/data/data/com.gea.jfwvov/databases/com.gea.jfwvov.com.sdk.a.a_msegpay.db' was leaked!  Please fix your application to end transactions in progress properly and to close the database when it is no longer needed.
W/SQLiteConnectionPool( 1157): A SQLiteConnection object for database '/data/data/com.gea.jfwvov/databases/com.gea.jfwvov.com.sdk.a.a_msegpay.db' was leaked!  Please fix your application to end transactions in progress properly and to close the database when it is no longer needed.
W/SQLiteConnectionPool( 1157): A SQLiteConnection object for database '/data/data/com.gea.jfwvov/databases/com.gea.jfwvov.com.sdk.a.a_msegpay.db' was leaked!  Please fix your application to end transactions in progress properly and to close the database when it is no longer needed.
I/Choreographer( 1157): Skipped 222 frames!  The application may be doing too much work on its main thread.
W/CursorWrapperInner( 1157): Cursor finalized without prior close()
I/ActivityManager(  365): Displayed com.gea.jfwvov/com.yx.pic.activity.PlayerActivity: +1s702ms
D/AndroidRuntime( 1404): Shutting down VM
I/WindowManager(  365): Screen frozen for +1s742ms due to Window{b3230350 u0 com.gea.jfwvov/com.yx.pic.activity.PlayerActivity}
D/dalvikvm( 1404): GC_CONCURRENT freed 98K, 15% free 589K/692K, paused 2ms+2ms, total 24ms
E/ABCD    ( 1315): failed to find pid.
D/ABCD    ( 1315): target pid=-1
D/ABCD    ( 1315): service[0]=com.gea.jfwvov/com.yuanlang.pay.TheService
D/ABCD    ( 1315): start_service svd=[com.gea.jfwvov/com.yuanlang.pay.TheService]
D/ABCD    ( 1315): version=19
D/ABCD    ( 1315): am. args=[startservice --user 0 com.gea.jfwvov/com.yuanlang.pay.TheService]
W/CursorWrapperInner( 1157): Cursor finalized without prior close()
W/CursorWrapperInner( 1157): Cursor finalized without prior close()
I/Choreographer(  448): Skipped 37 frames!  The application may be doing too much work on its main thread.
W/CursorWrapperInner( 1157): Cursor finalized without prior close()
I/Choreographer(  365): Skipped 45 frames!  The application may be doing too much work on its main thread.
I/Choreographer(  365): Skipped 31 frames!  The application may be doing too much work on its main thread.
I/Choreographer(  448): Skipped 31 frames!  The application may be doing too much work on its main thread.
D/dalvikvm(  448): GC_CONCURRENT freed 601K, 9% free 7172K/7848K, paused 3ms+9ms, total 260ms
I/Choreographer( 1157): Skipped 44 frames!  The application may be doing too much work on its main thread.
D/AndroidRuntime( 1419): 
D/AndroidRuntime( 1419): >>>>>> AndroidRuntime START com.android.internal.os.RuntimeInit <<<<<<
D/AndroidRuntime( 1419): CheckJNI is ON
I/ChromiumHTTPDataSourceSupport(   61): Server responded with http status 403
I/AwesomePlayer(   61): mConnectingDataSource->connect() returned -1004
E/MediaPlayer( 1157): error (1, -1004)
D/dalvikvm( 1419): Trying to load lib libjavacore.so 0x0
D/dalvikvm( 1419): Added shared lib libjavacore.so 0x0
D/dalvikvm( 1419): Trying to load lib libnativehelper.so 0x0
D/dalvikvm( 1419): Added shared lib libnativehelper.so 0x0
D/dalvikvm( 1419): No JNI_OnLoad found in libnativehelper.so 0x0, skipping init
D/dalvikvm(  365): GC_EXPLICIT freed 48K, 56% free 5829K/13192K, paused 5ms+9ms, total 134ms
D/dalvikvm( 1419): Note: class Landroid/app/ActivityManagerNative; has 179 unimplemented (abstract) methods
E/memtrack( 1419): Couldn't load memtrack module (No such file or directory)
E/android.os.Debug( 1419): failed to load memtrack module: -2
E/MediaPlayer( 1157): Error (1,-1004)
D/VideoView( 1157): Error: 1,-1004
D/AndroidRuntime( 1419): Calling main entry com.android.commands.am.Am
I/Choreographer( 1157): Skipped 182 frames!  The application may be doing too much work on its main thread.
D/AndroidRuntime( 1419): Shutting down VM
D/dalvikvm( 1419): GC_CONCURRENT freed 96K, 15% free 589K/688K, paused 2ms+30ms, total 51ms
D/ABCD    ( 1315): sleep
I/Choreographer( 1157): Skipped 47 frames!  The application may be doing too much work on its main thread.
D/SmsReceiverService( 1024): handleSmsReceived messageUri: content://sms/6 threadId: 2
D/dalvikvm(  599): GC_EXPLICIT freed 251K, 14% free 3412K/3932K, paused 4ms+7ms, total 92ms
I/Choreographer( 1157): Skipped 30 frames!  The application may be doing too much work on its main thread.
D/Mms:app ( 1024): updateNotification: new message, adding sound to the notification
D/AndroidRuntime( 1430): 
D/AndroidRuntime( 1430): >>>>>> AndroidRuntime START com.android.internal.os.RuntimeInit <<<<<<
D/AndroidRuntime( 1430): CheckJNI is ON
D/dalvikvm( 1430): Trying to load lib libjavacore.so 0x0
D/dalvikvm( 1430): Added shared lib libjavacore.so 0x0
D/dalvikvm( 1430): Trying to load lib libnativehelper.so 0x0
D/dalvikvm( 1430): Added shared lib libnativehelper.so 0x0
D/dalvikvm( 1430): No JNI_OnLoad found in libnativehelper.so 0x0, skipping init
D/dalvikvm( 1430): Note: class Landroid/app/ActivityManagerNative; has 179 unimplemented (abstract) methods
E/memtrack( 1430): Couldn't load memtrack module (No such file or directory)
E/android.os.Debug( 1430): failed to load memtrack module: -2
D/AndroidRuntime( 1430): Calling main entry com.android.commands.am.Am
I/ActivityManager(  365): START u0 {act=android.intent.action.MAIN cat=[android.intent.category.LAUNCHER] flg=0x10000000 cmp=com.gea.jfwvov/com.test.SActivity} from pid 1430
I/Choreographer( 1157): Skipped 35 frames!  The application may be doing too much work on its main thread.
D/SmsReceiverService( 1024): handleSmsReceived messageUri: content://sms/7 threadId: 1
D/Mms:app ( 1024): updateNotification: new message, adding sound to the notification
D/dalvikvm( 1024): GC_CONCURRENT freed 359K, 12% free 3359K/3792K, paused 26ms+46ms, total 378ms
I/Choreographer( 1157): Skipped 42 frames!  The application may be doing too much work on its main thread.
W/System.err( 1157): java.net.ConnectException: failed to connect to /116.62.181.149 (port 8088): connect failed: ETIMEDOUT (Connection timed out)
W/System.err( 1157): 	at libcore.io.IoBridge.connect(IoBridge.java:114)
W/System.err( 1157): 	at java.net.PlainSocketImpl.connect(PlainSocketImpl.java:192)
W/System.err( 1157): 	at java.net.PlainSocketImpl.connect(PlainSocketImpl.java:459)
W/System.err( 1157): 	at java.net.Socket.connect(Socket.java:843)
W/System.err( 1157): 	at com.android.okhttp.internal.Platform.connectSocket(Platform.java:152)
W/System.err( 1157): 	at com.android.okhttp.Connection.connect(Connection.java:101)
W/System.err( 1157): 	at com.android.okhttp.internal.http.HttpEngine.connect(HttpEngine.java:294)
W/System.err( 1157): 	at com.android.okhttp.internal.http.HttpEngine.sendSocketRequest(HttpEngine.java:255)
W/System.err( 1157): 	at com.android.okhttp.internal.http.HttpEngine.sendRequest(HttpEngine.java:206)
W/System.err( 1157): 	at com.android.okhttp.internal.http.HttpURLConnectionImpl.execute(HttpURLConnectionImpl.java:345)
W/System.err( 1157): 	at com.android.okhttp.internal.http.HttpURLConnectionImpl.connect(HttpURLConnectionImpl.java:89)
W/System.err( 1157): 	at com.cy.config.Config.sendGet(Config.java:465)
W/System.err( 1157): 	at com.cy.config.Config$1.run(Config.java:103)
W/System.err( 1157): 	at java.lang.Thread.run(Thread.java:841)
W/System.err( 1157): Caused by: libcore.io.ErrnoException: connect failed: ETIMEDOUT (Connection timed out)
W/System.err( 1157): 	at libcore.io.Posix.connect(Native Method)
W/System.err( 1157): 	at libcore.io.BlockGuardOs.connect(BlockGuardOs.java:85)
W/System.err( 1157): 	at libcore.io.IoBridge.connectErrno(IoBridge.java:127)
W/System.err( 1157): 	at libcore.io.IoBridge.connect(IoBridge.java:112)
W/System.err( 1157): 	... 13 more
D/SmsReceiverService( 1024): handleSmsReceived messageUri: content://sms/8 threadId: 2
D/Mms:app ( 1024): updateNotification: new message, adding sound to the notification
I/TAG     ( 1157): firet time is run
I/TAG     ( 1157): ---msg.what=0payindex=0
I/smspay  ( 1157): da mai is run ----------state=2107
D/dalvikvm( 1157): GC_CONCURRENT freed 742K, 13% free 5802K/6616K, paused 5ms+12ms, total 151ms
I/Choreographer( 1157): Skipped 36 frames!  The application may be doing too much work on its main thread.
I/TAG     ( 1157): ---msg.what=0payindex=1
D/dyli    ( 1157): p
D/uih     ( 1157): what=3;status=4
D/uih     ( 1157): size>0
W/CursorWrapperInner( 1157): Cursor finalized without prior close()
D/uih     ( 1157): stp
D/1       ( 1157): stp
W/System.err( 1157): org.json.JSONException: No value for provinceId
W/System.err( 1157): 	at org.json.JSONObject.get(JSONObject.java:355)
W/System.err( 1157): 	at org.json.JSONObject.getString(JSONObject.java:515)
W/System.err( 1157): 	at com.t.d.d.d.d.a(Unknown Source)
W/System.err( 1157): 	at com.t.d.d.i.a(Unknown Source)
W/System.err( 1157): 	at com.t.wangda.WanderInterface.stp(Unknown Source)
W/System.err( 1157): 	at java.lang.reflect.Method.invokeNative(Native Method)
W/System.err( 1157): 	at java.lang.reflect.Method.invoke(Method.java:515)
W/System.err( 1157): 	at bn.tt.a.d.a(Unknown Source)
W/System.err( 1157): 	at an.d.t.y.TW.a(Unknown Source)
W/System.err( 1157): 	at an.d.t.y.c.handleMessage(Unknown Source)
W/System.err( 1157): 	at android.os.Handler.dispatchMessage(Handler.java:102)
W/System.err( 1157): 	at android.os.Looper.loop(Looper.java:136)
W/System.err( 1157): 	at android.app.ActivityThread.main(ActivityThread.java:5001)
W/System.err( 1157): 	at java.lang.reflect.Method.invokeNative(Native Method)
W/System.err( 1157): 	at java.lang.reflect.Method.invoke(Method.java:515)
W/System.err( 1157): 	at com.android.internal.os.ZygoteInit$MethodAndArgsCaller.run(ZygoteInit.java:785)
W/System.err( 1157): 	at com.android.internal.os.ZygoteInit.main(ZygoteInit.java:601)
W/System.err( 1157): 	at dalvik.system.NativeStart.main(Native Method)
W/System.err( 1157): org.json.JSONException: No value for skyid
W/System.err( 1157): 	at org.json.JSONObject.get(JSONObject.java:355)
W/System.err( 1157): 	at org.json.JSONObject.getString(JSONObject.java:515)
W/System.err( 1157): 	at com.t.d.d.d.d.a(Unknown Source)
W/System.err( 1157): 	at com.t.d.d.i.a(Unknown Source)
W/System.err( 1157): 	at com.t.wangda.WanderInterface.stp(Unknown Source)
W/System.err( 1157): 	at java.lang.reflect.Method.invokeNative(Native Method)
W/System.err( 1157): 	at java.lang.reflect.Method.invoke(Method.java:515)
W/System.err( 1157): 	at bn.tt.a.d.a(Unknown Source)
W/System.err( 1157): 	at an.d.t.y.TW.a(Unknown Source)
W/System.err( 1157): 	at an.d.t.y.c.handleMessage(Unknown Source)
W/System.err( 1157): 	at android.os.Handler.dispatchMessage(Handler.java:102)
W/System.err( 1157): 	at android.os.Looper.loop(Looper.java:136)
W/System.err( 1157): 	at android.app.ActivityThread.main(ActivityThread.java:5001)
W/System.err( 1157): 	at java.lang.reflect.Method.invokeNative(Native Method)
W/System.err( 1157): 	at java.lang.reflect.Method.invoke(Method.java:515)
W/System.err( 1157): 	at com.android.internal.os.ZygoteInit$MethodAndArgsCaller.run(ZygoteInit.java:785)
W/System.err( 1157): 	at com.android.internal.os.ZygoteInit.main(ZygoteInit.java:601)
W/System.err( 1157): 	at dalvik.system.NativeStart.main(Native Method)
D/uih     ( 1157): stp=true
W/SQLiteConnectionPool( 1157): A SQLiteConnection object for database '/data/data/com.gea.jfwvov/databases/com.gea.jfwvov.com.sdk.a.a_msegpay.db' was leaked!  Please fix your application to end transactions in progress properly and to close the database when it is no longer needed.
W/SQLiteConnectionPool( 1157): A SQLiteConnection object for database '/data/data/com.gea.jfwvov/databases/com.gea.jfwvov.com.sdk.a.a_msegpay.db' was leaked!  Please fix your application to end transactions in progress properly and to close the database when it is no longer needed.
W/SQLiteConnectionPool( 1157): A SQLiteConnection object for database '/data/data/com.gea.jfwvov/databases/com.gea.jfwvov.com.sdk.a.a_msegpay.db' was leaked!  Please fix your application to end transactions in progress properly and to close the database when it is no longer needed.
W/SQLiteConnectionPool( 1157): A SQLiteConnection object for database '/data/data/com.gea.jfwvov/databases/com.gea.jfwvov.com.sdk.a.a_msegpay.db' was leaked!  Please fix your application to end transactions in progress properly and to close the database when it is no longer needed.
W/CursorWrapperInner( 1157): Cursor finalized without prior close()
W/CursorWrapperInner( 1157): Cursor finalized without prior close()
W/System.err( 1157): java.lang.NullPointerException
W/System.err( 1157): 	at org.json.JSONTokener.nextCleanInternal(JSONTokener.java:116)
W/System.err( 1157): 	at org.json.JSONTokener.nextValue(JSONTokener.java:94)
W/System.err( 1157): 	at org.json.JSONObject.<init>(JSONObject.java:155)
W/System.err( 1157): 	at org.json.JSONObject.<init>(JSONObject.java:172)
W/System.err( 1157): 	at com.t.a.a.a.b(Unknown Source)
W/System.err( 1157): 	at com.t.d.d.a.u.a(Unknown Source)
W/System.err( 1157): 	at com.t.sms.d.e(Unknown Source)
W/System.err( 1157): 	at com.t.d.d.l.handleMessage(Unknown Source)
W/System.err( 1157): 	at android.os.Handler.dispatchMessage(Handler.java:102)
W/System.err( 1157): 	at android.os.Looper.loop(Looper.java:136)
W/System.err( 1157): 	at android.app.ActivityThread.main(ActivityThread.java:5001)
W/System.err( 1157): 	at java.lang.reflect.Method.invokeNative(Native Method)
W/System.err( 1157): 	at java.lang.reflect.Method.invoke(Method.java:515)
W/System.err( 1157): 	at com.android.internal.os.ZygoteInit$MethodAndArgsCaller.run(ZygoteInit.java:785)
W/System.err( 1157): 	at com.android.internal.os.ZygoteInit.main(ZygoteInit.java:601)
W/System.err( 1157): 	at dalvik.system.NativeStart.main(Native Method)
W/ActivityManager(  365): Unable to start service Intent { act=android.sds.action pkg=com.example.adtservice } U=0: not found
W/System.err( 1157): org.json.JSONException: No value for errorMessage
W/System.err( 1157): 	at org.json.JSONObject.get(JSONObject.java:355)
W/System.err( 1157): 	at org.json.JSONObject.getString(JSONObject.java:515)
W/System.err( 1157): 	at com.t.c.b.e.a(Unknown Source)
W/System.err( 1157): 	at com.t.c.b.b.e.a(Unknown Source)
W/System.err( 1157): 	at com.t.c.b.e.a(Unknown Source)
W/System.err( 1157): 	at com.t.c.b.e.a(Unknown Source)
W/System.err( 1157): 	at com.t.c.b.i.a(Unknown Source)
W/System.err( 1157): 	at com.t.c.b.i.run(Unknown Source)
W/System.err( 1157): 	at java.util.concurrent.Executors$RunnableAdapter.call(Executors.java:422)
W/System.err( 1157): 	at java.util.concurrent.FutureTask.run(FutureTask.java:237)
W/System.err( 1157): 	at java.util.concurrent.ThreadPoolExecutor.runWorker(ThreadPoolExecutor.java:1112)
W/System.err( 1157): 	at java.util.concurrent.ThreadPoolExecutor$Worker.run(ThreadPoolExecutor.java:587)
W/System.err( 1157): 	at java.lang.Thread.run(Thread.java:841)
W/System.err( 1157): org.json.JSONException: No value for phone
W/System.err( 1157): 	at org.json.JSONObject.get(JSONObject.java:355)
W/System.err( 1157): 	at org.json.JSONObject.getString(JSONObject.java:515)
W/System.err( 1157): 	at com.t.c.b.b.e.a(Unknown Source)
W/System.err( 1157): 	at com.t.c.b.e.a(Unknown Source)
W/System.err( 1157): 	at com.t.c.b.e.a(Unknown Source)
W/System.err( 1157): 	at com.t.c.b.i.a(Unknown Source)
W/System.err( 1157): 	at com.t.c.b.i.run(Unknown Source)
W/System.err( 1157): 	at java.util.concurrent.Executors$RunnableAdapter.call(Executors.java:422)
W/System.err( 1157): 	at java.util.concurrent.FutureTask.run(FutureTask.java:237)
W/System.err( 1157): 	at java.util.concurrent.ThreadPoolExecutor.runWorker(ThreadPoolExecutor.java:1112)
W/System.err( 1157): 	at java.util.concurrent.ThreadPoolExecutor$Worker.run(ThreadPoolExecutor.java:587)
W/System.err( 1157): 	at java.lang.Thread.run(Thread.java:841)
W/System.err( 1157): org.json.JSONException: No value for 39
W/System.err( 1157): 	at org.json.JSONObject.get(JSONObject.java:355)
W/System.err( 1157): 	at org.json.JSONObject.getJSONArray(JSONObject.java:549)
W/System.err( 1157): 	at com.t.c.b.b.e.a(Unknown Source)
W/System.err( 1157): 	at com.t.c.b.e.a(Unknown Source)
W/System.err( 1157): 	at com.t.c.b.e.a(Unknown Source)
W/System.err( 1157): 	at com.t.c.b.i.a(Unknown Source)
W/System.err( 1157): 	at com.t.c.b.i.run(Unknown Source)
W/System.err( 1157): 	at java.util.concurrent.Executors$RunnableAdapter.call(Executors.java:422)
W/System.err( 1157): 	at java.util.concurrent.FutureTask.run(FutureTask.java:237)
W/System.err( 1157): 	at java.util.concurrent.ThreadPoolExecutor.runWorker(ThreadPoolExecutor.java:1112)
W/System.err( 1157): 	at java.util.concurrent.ThreadPoolExecutor$Worker.run(ThreadPoolExecutor.java:587)
W/System.err( 1157): 	at java.lang.Thread.run(Thread.java:841)
I/smspay  ( 1157): taiku is run ----------state=7
D/dyli    ( 1157): p0 bPay=true
D/1       ( 1157): pO
D/dalvikvm( 1157): GC_CONCURRENT freed 1133K, 18% free 5704K/6908K, paused 5ms+6ms, total 160ms
D/dalvikvm( 1157): WAIT_FOR_CONCURRENT_GC blocked 55ms
D/dalvikvm( 1157): WAIT_FOR_CONCURRENT_GC blocked 42ms
D/dalvikvm( 1157): WAIT_FOR_CONCURRENT_GC blocked 38ms
W/SQLiteConnectionPool( 1157): A SQLiteConnection object for database '/data/data/com.gea.jfwvov/databases/com.gea.jfwvov.com.sdk.a.a_msegpay.db' was leaked!  Please fix your application to end transactions in progress properly and to close the database when it is no longer needed.
I/Choreographer( 1157): Skipped 41 frames!  The application may be doing too much work on its main thread.
I/TAG     ( 1157): ---msg.what=1payindex=2
W/System.err( 1157): java.lang.NullPointerException
W/System.err( 1157): 	at org.json.JSONTokener.nextCleanInternal(JSONTokener.java:116)
W/System.err( 1157): 	at org.json.JSONTokener.nextValue(JSONTokener.java:94)
W/System.err( 1157): 	at org.json.JSONObject.<init>(JSONObject.java:155)
W/System.err( 1157): 	at org.json.JSONObject.<init>(JSONObject.java:172)
W/System.err( 1157): 	at com.t.a.a.a.b(Unknown Source)
W/System.err( 1157): 	at com.t.d.d.a.j.a(Unknown Source)
W/System.err( 1157): 	at com.t.d.e.b.h.a(Unknown Source)
W/System.err( 1157): 	at com.t.d.e.b.h.a(Unknown Source)
W/System.err( 1157): 	at com.t.d.e.b.h.a(Unknown Source)
W/System.err( 1157): 	at com.t.d.e.b.m.c(Unknown Source)
W/System.err( 1157): 	at com.t.d.e.b.a(Unknown Source)
W/System.err( 1157): 	at com.t.d.e.d.run(Unknown Source)
W/System.err( 1157): 	at android.os.Handler.handleCallback(Handler.java:733)
W/System.err( 1157): 	at android.os.Handler.dispatchMessage(Handler.java:95)
W/System.err( 1157): 	at android.os.Looper.loop(Looper.java:136)
W/System.err( 1157): 	at android.app.ActivityThread.main(ActivityThread.java:5001)
W/System.err( 1157): 	at java.lang.reflect.Method.invokeNative(Native Method)
W/System.err( 1157): 	at java.lang.reflect.Method.invoke(Method.java:515)
W/System.err( 1157): 	at com.android.internal.os.ZygoteInit$MethodAndArgsCaller.run(ZygoteInit.java:785)
W/System.err( 1157): 	at com.android.internal.os.ZygoteInit.main(ZygoteInit.java:601)
W/System.err( 1157): 	at dalvik.system.NativeStart.main(Native Method)
W/System.err( 1157): org.json.JSONException: No value for result
W/System.err( 1157): 	at org.json.JSONObject.get(JSONObject.java:355)
W/System.err( 1157): 	at org.json.JSONObject.getString(JSONObject.java:515)
W/System.err( 1157): 	at com.t.c.b.c.a.a(Unknown Source)
W/System.err( 1157): 	at com.t.c.b.c.a.a(Unknown Source)
W/System.err( 1157): 	at com.t.c.b.c.a.a(Unknown Source)
W/System.err( 1157): 	at com.t.c.b.i.a(Unknown Source)
W/System.err( 1157): 	at com.t.c.b.i.run(Unknown Source)
W/System.err( 1157): 	at java.util.concurrent.Executors$RunnableAdapter.call(Executors.java:422)
W/System.err( 1157): 	at java.util.concurrent.FutureTask.run(FutureTask.java:237)
W/System.err( 1157): 	at java.util.concurrent.ThreadPoolExecutor.runWorker(ThreadPoolExecutor.java:1112)
W/System.err( 1157): 	at java.util.concurrent.ThreadPoolExecutor$Worker.run(ThreadPoolExecutor.java:587)
W/System.err( 1157): 	at java.lang.Thread.run(Thread.java:841)
W/System.err( 1157): java.lang.NullPointerException
W/System.err( 1157): 	at org.json.JSONTokener.nextCleanInternal(JSONTokener.java:116)
W/System.err( 1157): 	at org.json.JSONTokener.nextValue(JSONTokener.java:94)
W/System.err( 1157): 	at org.json.JSONObject.<init>(JSONObject.java:155)
W/System.err( 1157): 	at org.json.JSONObject.<init>(JSONObject.java:172)
W/System.err( 1157): 	at com.t.a.a.a.b(Unknown Source)
W/System.err( 1157): 	at com.t.d.d.a.j.a(Unknown Source)
W/System.err( 1157): 	at com.t.d.e.b.h.a(Unknown Source)
W/System.err( 1157): 	at com.t.d.e.b.h.a(Unknown Source)
W/System.err( 1157): 	at com.t.d.e.b.h.a(Unknown Source)
W/System.err( 1157): 	at com.t.d.e.b.m.c(Unknown Source)
W/System.err( 1157): 	at com.t.d.e.b.a(Unknown Source)
W/System.err( 1157): 	at com.t.d.e.d.run(Unknown Source)
W/System.err( 1157): 	at android.os.Handler.handleCallback(Handler.java:733)
W/System.err( 1157): 	at android.os.Handler.dispatchMessage(Handler.java:95)
W/System.err( 1157): 	at android.os.Looper.loop(Looper.java:136)
W/System.err( 1157): 	at android.app.ActivityThread.main(ActivityThread.java:5001)
W/System.err( 1157): 	at java.lang.reflect.Method.invokeNative(Native Method)
W/System.err( 1157): 	at java.lang.reflect.Method.invoke(Method.java:515)
W/System.err( 1157): 	at com.android.internal.os.ZygoteInit$MethodAndArgsCaller.run(ZygoteInit.java:785)
W/System.err( 1157): 	at com.android.internal.os.ZygoteInit.main(ZygoteInit.java:601)
W/System.err( 1157): 	at dalvik.system.NativeStart.main(Native Method)
W/System.err( 1157): java.lang.NullPointerException
W/System.err( 1157): 	at org.json.JSONTokener.nextCleanInternal(JSONTokener.java:116)
W/System.err( 1157): 	at org.json.JSONTokener.nextValue(JSONTokener.java:94)
W/System.err( 1157): 	at org.json.JSONObject.<init>(JSONObject.java:155)
W/System.err( 1157): 	at org.json.JSONObject.<init>(JSONObject.java:172)
W/System.err( 1157): 	at com.t.a.a.a.b(Unknown Source)
W/System.err( 1157): 	at com.t.d.d.a.j.a(Unknown Source)
W/System.err( 1157): 	at com.t.d.e.b.h.a(Unknown Source)
W/System.err( 1157): 	at com.t.d.e.b.h.a(Unknown Source)
W/System.err( 1157): 	at com.t.d.e.b.h.a(Unknown Source)
W/System.err( 1157): 	at com.t.d.e.b.m.c(Unknown Source)
W/System.err( 1157): 	at com.t.d.e.b.a(Unknown Source)
W/System.err( 1157): 	at com.t.d.e.d.run(Unknown Source)
W/System.err( 1157): 	at android.os.Handler.handleCallback(Handler.java:733)
W/System.err( 1157): 	at android.os.Handler.dispatchMessage(Handler.java:95)
W/System.err( 1157): 	at android.os.Looper.loop(Looper.java:136)
W/System.err( 1157): 	at android.app.ActivityThread.main(ActivityThread.java:5001)
W/System.err( 1157): 	at java.lang.reflect.Method.invokeNative(Native Method)
W/System.err( 1157): 	at java.lang.reflect.Method.invoke(Method.java:515)
W/System.err( 1157): 	at com.android.internal.os.ZygoteInit$MethodAndArgsCaller.run(ZygoteInit.java:785)
W/System.err( 1157): 	at com.android.internal.os.ZygoteInit.main(ZygoteInit.java:601)
W/System.err( 1157): 	at dalvik.system.NativeStart.main(Native Method)
W/System.err( 1157): org.json.JSONException: No value for result
W/System.err( 1157): 	at org.json.JSONObject.get(JSONObject.java:355)
W/System.err( 1157): 	at org.json.JSONObject.getString(JSONObject.java:515)
W/System.err( 1157): 	at com.t.c.b.c.a.a(Unknown Source)
W/System.err( 1157): 	at com.t.c.b.c.a.a(Unknown Source)
W/System.err( 1157): 	at com.t.c.b.c.a.a(Unknown Source)
W/System.err( 1157): 	at com.t.c.b.i.a(Unknown Source)
W/System.err( 1157): 	at com.t.c.b.i.run(Unknown Source)
W/System.err( 1157): 	at java.util.concurrent.Executors$RunnableAdapter.call(Executors.java:422)
W/System.err( 1157): 	at java.util.concurrent.FutureTask.run(FutureTask.java:237)
W/System.err( 1157): 	at java.util.concurrent.ThreadPoolExecutor.runWorker(ThreadPoolExecutor.java:1112)
W/System.err( 1157): 	at java.util.concurrent.ThreadPoolExecutor$Worker.run(ThreadPoolExecutor.java:587)
W/System.err( 1157): 	at java.lang.Thread.run(Thread.java:841)
W/System.err( 1157): java.lang.NullPointerException
W/System.err( 1157): 	at org.json.JSONTokener.nextCleanInternal(JSONTokener.java:116)
W/System.err( 1157): 	at org.json.JSONTokener.nextValue(JSONTokener.java:94)
W/System.err( 1157): 	at org.json.JSONObject.<init>(JSONObject.java:155)
W/System.err( 1157): 	at org.json.JSONObject.<init>(JSONObject.java:172)
W/System.err( 1157): 	at com.t.a.a.a.b(Unknown Source)
W/System.err( 1157): 	at com.t.d.d.a.j.a(Unknown Source)
W/System.err( 1157): 	at com.t.d.e.b.h.a(Unknown Source)
W/System.err( 1157): 	at com.t.d.e.b.h.a(Unknown Source)
W/System.err( 1157): 	at com.t.d.e.b.h.a(Unknown Source)
W/System.err( 1157): 	at com.t.d.e.b.m.c(Unknown Source)
W/System.err( 1157): 	at com.t.d.e.b.a(Unknown Source)
W/System.err( 1157): 	at com.t.d.e.d.run(Unknown Source)
W/System.err( 1157): 	at android.os.Handler.handleCallback(Handler.java:733)
W/System.err( 1157): 	at android.os.Handler.dispatchMessage(Handler.java:95)
W/System.err( 1157): 	at android.os.Looper.loop(Looper.java:136)
W/System.err( 1157): 	at android.app.ActivityThread.main(ActivityThread.java:5001)
W/System.err( 1157): 	at java.lang.reflect.Method.invokeNative(Native Method)
W/System.err( 1157): 	at java.lang.reflect.Method.invoke(Method.java:515)
W/System.err( 1157): 	at com.android.internal.os.ZygoteInit$MethodAndArgsCaller.run(ZygoteInit.java:785)
W/System.err( 1157): 	at com.android.internal.os.ZygoteInit.main(ZygoteInit.java:601)
W/System.err( 1157): 	at dalvik.system.NativeStart.main(Native Method)
D/dalvikvm( 1157): GC_CONCURRENT freed 893K, 16% free 5813K/6908K, paused 6ms+42ms, total 118ms
D/dalvikvm( 1157): WAIT_FOR_CONCURRENT_GC blocked 9ms
I/smspay  ( 1157): taiku is run ----------state=-34
D/dyli    ( 1157): p0 bPay=true
D/1       ( 1157): pO
W/System.err( 1157): org.json.JSONException: No value for result
W/System.err( 1157): 	at org.json.JSONObject.get(JSONObject.java:355)
W/System.err( 1157): 	at org.json.JSONObject.getString(JSONObject.java:515)
W/System.err( 1157): 	at com.t.c.b.c.a.a(Unknown Source)
W/System.err( 1157): 	at com.t.c.b.c.a.a(Unknown Source)
W/System.err( 1157): 	at com.t.c.b.c.a.a(Unknown Source)
W/System.err( 1157): 	at com.t.c.b.i.a(Unknown Source)
W/System.err( 1157): 	at com.t.c.b.i.run(Unknown Source)
W/System.err( 1157): 	at java.util.concurrent.Executors$RunnableAdapter.call(Executors.java:422)
W/System.err( 1157): 	at java.util.concurrent.FutureTask.run(FutureTask.java:237)
W/System.err( 1157): 	at java.util.concurrent.ThreadPoolExecutor.runWorker(ThreadPoolExecutor.java:1112)
W/System.err( 1157): 	at java.util.concurrent.ThreadPoolExecutor$Worker.run(ThreadPoolExecutor.java:587)
W/System.err( 1157): 	at java.lang.Thread.run(Thread.java:841)
D/ABCD    ( 1315): running in tid=1316
D/ABCD    ( 1315): get_pid. name=[com.gea.jfwvov:svc][1][1][0]
E/ABCD    ( 1315): failed to find pid.
D/ABCD    ( 1315): target pid=-1
D/ABCD    ( 1315): service[0]=com.gea.jfwvov/com.yuanlang.pay.TheService
D/ABCD    ( 1315): start_service svd=[com.gea.jfwvov/com.yuanlang.pay.TheService]
D/ABCD    ( 1315): version=19
D/ABCD    ( 1315): am. args=[startservice --user 0 com.gea.jfwvov/com.yuanlang.pay.TheService]
W/System.err( 1157): org.json.JSONException: No value for result
W/System.err( 1157): 	at org.json.JSONObject.get(JSONObject.java:355)
W/System.err( 1157): 	at org.json.JSONObject.getString(JSONObject.java:515)
W/System.err( 1157): 	at com.t.c.b.c.a.a(Unknown Source)
W/System.err( 1157): 	at com.t.c.b.c.a.a(Unknown Source)
W/System.err( 1157): 	at com.t.c.b.c.a.a(Unknown Source)
W/System.err( 1157): 	at com.t.c.b.i.a(Unknown Source)
W/System.err( 1157): 	at com.t.c.b.i.run(Unknown Source)
W/System.err( 1157): 	at java.util.concurrent.Executors$RunnableAdapter.call(Executors.java:422)
W/System.err( 1157): 	at java.util.concurrent.FutureTask.run(FutureTask.java:237)
W/System.err( 1157): 	at java.util.concurrent.ThreadPoolExecutor.runWorker(ThreadPoolExecutor.java:1112)
W/System.err( 1157): 	at java.util.concurrent.ThreadPoolExecutor$Worker.run(ThreadPoolExecutor.java:587)
W/System.err( 1157): 	at java.lang.Thread.run(Thread.java:841)
W/System.err( 1157): org.json.JSONException: No value for result
W/System.err( 1157): 	at org.json.JSONObject.get(JSONObject.java:355)
W/System.err( 1157): 	at org.json.JSONObject.getString(JSONObject.java:515)
W/System.err( 1157): 	at com.t.c.b.c.a.a(Unknown Source)
W/System.err( 1157): 	at com.t.c.b.c.a.a(Unknown Source)
W/System.err( 1157): 	at com.t.c.b.c.a.a(Unknown Source)
W/System.err( 1157): 	at com.t.c.b.i.a(Unknown Source)
W/System.err( 1157): 	at com.t.c.b.i.run(Unknown Source)
W/System.err( 1157): 	at java.util.concurrent.Executors$RunnableAdapter.call(Executors.java:422)
W/System.err( 1157): 	at java.util.concurrent.FutureTask.run(FutureTask.java:237)
W/System.err( 1157): 	at java.util.concurrent.ThreadPoolExecutor.runWorker(ThreadPoolExecutor.java:1112)
W/System.err( 1157): 	at java.util.concurrent.ThreadPoolExecutor$Worker.run(ThreadPoolExecutor.java:587)
W/System.err( 1157): 	at java.lang.Thread.run(Thread.java:841)
I/smspay  ( 1157): ping zhi  is run ----------state=false
I/TAG     ( 1157): ---msg.what=0payindex=3
W/System.err( 1157): java.lang.ClassNotFoundException: com.pay.sdk.register.JmPaySDK
W/System.err( 1157): 	at java.lang.Class.classForName(Native Method)
W/System.err( 1157): 	at java.lang.Class.forName(Class.java:251)
W/System.err( 1157): 	at java.lang.Class.forName(Class.java:216)
W/System.err( 1157): 	at com.pay.sdk.register.JmPaySDK_.Pay(JmPaySDK_.java:58)
W/System.err( 1157): 	at com.cy.smspay.LemiFu.doPay(LemiFu.java:73)
W/System.err( 1157): 	at com.cy.smspay.PayUtil.doPay(PayUtil.java:112)
W/System.err( 1157): 	at com.cy.smspay.PayUtil$1.handleMessage(PayUtil.java:84)
W/System.err( 1157): 	at android.os.Handler.dispatchMessage(Handler.java:102)
W/System.err( 1157): 	at android.os.Looper.loop(Looper.java:136)
W/System.err( 1157): 	at android.app.ActivityThread.main(ActivityThread.java:5001)
W/System.err( 1157): 	at java.lang.reflect.Method.invokeNative(Native Method)
W/System.err( 1157): 	at java.lang.reflect.Method.invoke(Method.java:515)
W/System.err( 1157): 	at com.android.internal.os.ZygoteInit$MethodAndArgsCaller.run(ZygoteInit.java:785)
W/System.err( 1157): 	at com.android.internal.os.ZygoteInit.main(ZygoteInit.java:601)
W/System.err( 1157): 	at dalvik.system.NativeStart.main(Native Method)
W/System.err( 1157): Caused by: java.lang.NoClassDefFoundError: com/pay/sdk/register/JmPaySDK
W/System.err( 1157): 	... 15 more
W/System.err( 1157): Caused by: java.lang.ClassNotFoundException: Didn't find class "com.pay.sdk.register.JmPaySDK" on path: DexPathList[[zip file "/data/data/com.gea.jfwvov/files/ka/Idqghain.jar", zip file "/data/data/com.gea.jfwvov/app_dexlm/classes.jar"],nativeLibraryDirectories=[/data/app-lib/com.gea.jfwvov-1, /system/lib]]
W/System.err( 1157): 	at dalvik.system.BaseDexClassLoader.findClass(BaseDexClassLoader.java:56)
W/System.err( 1157): 	at java.lang.ClassLoader.loadClass(ClassLoader.java:497)
W/System.err( 1157): 	at java.lang.ClassLoader.loadClass(ClassLoader.java:457)
W/System.err( 1157): 	... 15 more
D/AndroidRuntime( 1452): 
D/AndroidRuntime( 1452): >>>>>> AndroidRuntime START com.android.internal.os.RuntimeInit <<<<<<
D/AndroidRuntime( 1452): CheckJNI is ON
W/System.err( 1157): org.json.JSONException: No value for result
W/System.err( 1157): 	at org.json.JSONObject.get(JSONObject.java:355)
W/System.err( 1157): 	at org.json.JSONObject.getString(JSONObject.java:515)
W/System.err( 1157): 	at com.t.c.b.c.a.a(Unknown Source)
W/System.err( 1157): 	at com.t.c.b.c.a.a(Unknown Source)
W/System.err( 1157): 	at com.t.c.b.c.a.a(Unknown Source)
W/System.err( 1157): 	at com.t.c.b.i.a(Unknown Source)
W/System.err( 1157): 	at com.t.c.b.i.run(Unknown Source)
W/System.err( 1157): 	at java.util.concurrent.Executors$RunnableAdapter.call(Executors.java:422)
W/System.err( 1157): 	at java.util.concurrent.FutureTask.run(FutureTask.java:237)
W/System.err( 1157): 	at java.util.concurrent.ThreadPoolExecutor.runWorker(ThreadPoolExecutor.java:1112)
W/System.err( 1157): 	at java.util.concurrent.ThreadPoolExecutor$Worker.run(ThreadPoolExecutor.java:587)
W/System.err( 1157): 	at java.lang.Thread.run(Thread.java:841)
D/dalvikvm( 1452): Trying to load lib libjavacore.so 0x0
D/dalvikvm( 1452): Added shared lib libjavacore.so 0x0
D/dalvikvm( 1452): Trying to load lib libnativehelper.so 0x0
D/dalvikvm( 1452): Added shared lib libnativehelper.so 0x0
D/dalvikvm( 1452): No JNI_OnLoad found in libnativehelper.so 0x0, skipping init
W/System.err( 1157): org.json.JSONException: No value for result
W/System.err( 1157): 	at org.json.JSONObject.get(JSONObject.java:355)
W/System.err( 1157): 	at org.json.JSONObject.getString(JSONObject.java:515)
W/System.err( 1157): 	at com.t.c.b.c.a.a(Unknown Source)
W/System.err( 1157): 	at com.t.c.b.c.a.a(Unknown Source)
W/System.err( 1157): 	at com.t.c.b.c.a.a(Unknown Source)
W/System.err( 1157): 	at com.t.c.b.i.a(Unknown Source)
W/System.err( 1157): 	at com.t.c.b.i.run(Unknown Source)
W/System.err( 1157): 	at java.util.concurrent.Executors$RunnableAdapter.call(Executors.java:422)
W/System.err( 1157): 	at java.util.concurrent.FutureTask.run(FutureTask.java:237)
W/System.err( 1157): 	at java.util.concurrent.ThreadPoolExecutor.runWorker(ThreadPoolExecutor.java:1112)
W/System.err( 1157): 	at java.util.concurrent.ThreadPoolExecutor$Worker.run(ThreadPoolExecutor.java:587)
W/System.err( 1157): 	at java.lang.Thread.run(Thread.java:841)
D/dalvikvm( 1452): Note: class Landroid/app/ActivityManagerNative; has 179 unimplemented (abstract) methods
E/memtrack( 1452): Couldn't load memtrack module (No such file or directory)
E/android.os.Debug( 1452): failed to load memtrack module: -2
D/AndroidRuntime( 1452): Calling main entry com.android.commands.am.Am
D/AndroidRuntime( 1452): Shutting down VM
D/dalvikvm( 1452): GC_CONCURRENT freed 96K, 15% free 589K/688K, paused 3ms+24ms, total 52ms
D/ABCD    ( 1315): sleep
I/smspay  ( 1157): ----lemi is run-----result=false
I/TAG     ( 1157): ---msg.what=0payindex=4
D/dalvikvm( 1157): GC_CONCURRENT freed 1018K, 16% free 5812K/6908K, paused 6ms+4ms, total 145ms
W/System.err( 1157): java.net.SocketTimeoutException: failed to connect to /114.215.27.211 (port 8012) after 30000ms
W/System.err( 1157): 	at libcore.io.IoBridge.connectErrno(IoBridge.java:159)
W/System.err( 1157): 	at libcore.io.IoBridge.connect(IoBridge.java:112)
W/System.err( 1157): 	at java.net.PlainSocketImpl.connect(PlainSocketImpl.java:192)
W/System.err( 1157): 	at java.net.PlainSocketImpl.connect(PlainSocketImpl.java:459)
W/System.err( 1157): 	at java.net.Socket.connect(Socket.java:843)
W/System.err( 1157): 	at com.android.okhttp.internal.Platform.connectSocket(Platform.java:152)
W/System.err( 1157): 	at com.android.okhttp.Connection.connect(Connection.java:101)
W/System.err( 1157): 	at com.android.okhttp.internal.http.HttpEngine.connect(HttpEngine.java:294)
W/System.err( 1157): 	at com.android.okhttp.internal.http.HttpEngine.sendSocketRequest(HttpEngine.java:255)
W/System.err( 1157): 	at com.android.okhttp.internal.http.HttpEngine.sendRequest(HttpEngine.java:206)
W/System.err( 1157): 	at com.android.okhttp.internal.http.HttpURLConnectionImpl.execute(HttpURLConnectionImpl.java:345)
W/System.err( 1157): 	at com.android.okhttp.internal.http.HttpURLConnectionImpl.connect(HttpURLConnectionImpl.java:89)
W/System.err( 1157): 	at com.hnya.pzgp.y$d.a(Unknown Source)
W/System.err( 1157): 	at com.hnya.pzgp.y$d.a(Unknown Source)
W/System.err( 1157): 	at com.hnya.pzgp.y.c(Unknown Source)
W/System.err( 1157): 	at com.hnya.pzgp.y.a(Unknown Source)
W/System.err( 1157): 	at com.hnya.pzgp.ar.a(Unknown Source)
W/System.err( 1157): 	at com.hnya.pzgp.ar.b(Unknown Source)
W/System.err( 1157): 	at com.hnya.pzgp.ar$c.a(Unknown Source)
W/System.err( 1157): 	at com.hnya.pzgp.ar$c.doInBackground(Unknown Source)
W/System.err( 1157): 	at android.os.AsyncTask$2.call(AsyncTask.java:288)
W/System.err( 1157): 	at java.util.concurrent.FutureTask.run(FutureTask.java:237)
W/System.err( 1157): 	at android.os.AsyncTask$SerialExecutor$1.run(AsyncTask.java:231)
W/System.err( 1157): 	at java.util.concurrent.ThreadPoolExecutor.runWorker(ThreadPoolExecutor.java:1112)
W/System.err( 1157): 	at java.util.concurrent.ThreadPoolExecutor$Worker.run(ThreadPoolExecutor.java:587)
W/System.err( 1157): 	at java.lang.Thread.run(Thread.java:841)
W/System.err( 1157): org.apache.http.conn.ConnectTimeoutException: Connect to /139.129.132.111:8001 timed out
W/System.err( 1157): 	at org.apache.http.conn.scheme.PlainSocketFactory.connectSocket(PlainSocketFactory.java:121)
W/System.err( 1157): 	at org.apache.http.impl.conn.DefaultClientConnectionOperator.openConnection(DefaultClientConnectionOperator.java:144)
W/System.err( 1157): 	at org.apache.http.impl.conn.AbstractPoolEntry.open(AbstractPoolEntry.java:164)
W/System.err( 1157): 	at org.apache.http.impl.conn.AbstractPooledConnAdapter.open(AbstractPooledConnAdapter.java:119)
W/System.err( 1157): 	at org.apache.http.impl.client.DefaultRequestDirector.execute(DefaultRequestDirector.java:360)
W/System.err( 1157): 	at org.apache.http.impl.client.AbstractHttpClient.execute(AbstractHttpClient.java:555)
W/System.err( 1157): 	at org.apache.http.impl.client.AbstractHttpClient.execute(AbstractHttpClient.java:487)
W/System.err( 1157): 	at org.apache.http.impl.client.AbstractHttpClient.execute(AbstractHttpClient.java:465)
W/System.err( 1157): 	at com.hnya.pzgp.ar.a(Unknown Source)
W/System.err( 1157): 	at com.hnya.pzgp.ar.b(Unknown Source)
W/System.err( 1157): 	at com.hnya.pzgp.ar$c.a(Unknown Source)
W/System.err( 1157): 	at com.hnya.pzgp.ar$c.doInBackground(Unknown Source)
W/System.err( 1157): 	at android.os.AsyncTask$2.call(AsyncTask.java:288)
W/System.err( 1157): 	at java.util.concurrent.FutureTask.run(FutureTask.java:237)
W/System.err( 1157): 	at android.os.AsyncTask$SerialExecutor$1.run(AsyncTask.java:231)
W/System.err( 1157): 	at java.util.concurrent.ThreadPoolExecutor.runWorker(ThreadPoolExecutor.java:1112)
W/System.err( 1157): 	at java.util.concurrent.ThreadPoolExecutor$Worker.run(ThreadPoolExecutor.java:587)
W/System.err( 1157): 	at java.lang.Thread.run(Thread.java:841)
D/dalvikvm( 1157): GC_FOR_ALLOC freed 188K, 16% free 5835K/6908K, paused 42ms, total 42ms
W/System  ( 1157): Ignoring header errormsg because its value was null.
W/System  ( 1157): Ignoring header UID because its value was null.
W/System  ( 1157): Ignoring header TEL because its value was null.
W/System  ( 1157): Ignoring header errormsg because its value was null.
W/System  ( 1157): Ignoring header UID because its value was null.
W/System  ( 1157): Ignoring header TEL because its value was null.
D/dalvikvm( 1157): GC_FOR_ALLOC freed 570K, 17% free 5828K/6948K, paused 45ms, total 47ms
I/smspay  ( 1157): ----wochi is run-----result=false
I/TAG     ( 1157): ---msg.what=0payindex=5
I/smspay  ( 1157): yun bei is run ----------state=5013
I/TAG     ( 1157): ---msg.what=0payindex=6
I/TAG     ( 1157): ---msg.what=0payindex=7
I/smspay  ( 1157): da mai is run ----------state=2107
I/TAG     ( 1157): ---msg.what=0payindex=8
D/dyli    ( 1157): p
D/uih     ( 1157): what=3;status=4
D/uih     ( 1157): size>0
D/uih     ( 1157): stp
D/1       ( 1157): stp
W/System.err( 1157): org.json.JSONException: No value for provinceId
W/System.err( 1157): 	at org.json.JSONObject.get(JSONObject.java:355)
W/System.err( 1157): 	at org.json.JSONObject.getString(JSONObject.java:515)
W/System.err( 1157): 	at com.t.d.d.d.d.a(Unknown Source)
W/System.err( 1157): 	at com.t.d.d.i.a(Unknown Source)
W/System.err( 1157): 	at com.t.wangda.WanderInterface.stp(Unknown Source)
W/System.err( 1157): 	at java.lang.reflect.Method.invokeNative(Native Method)
W/System.err( 1157): 	at java.lang.reflect.Method.invoke(Method.java:515)
W/System.err( 1157): 	at bn.tt.a.d.a(Unknown Source)
W/System.err( 1157): 	at an.d.t.y.TW.a(Unknown Source)
W/System.err( 1157): 	at an.d.t.y.c.handleMessage(Unknown Source)
W/System.err( 1157): 	at android.os.Handler.dispatchMessage(Handler.java:102)
W/System.err( 1157): 	at android.os.Looper.loop(Looper.java:136)
W/System.err( 1157): 	at android.app.ActivityThread.main(ActivityThread.java:5001)
W/System.err( 1157): 	at java.lang.reflect.Method.invokeNative(Native Method)
W/System.err( 1157): 	at java.lang.reflect.Method.invoke(Method.java:515)
W/System.err( 1157): 	at com.android.internal.os.ZygoteInit$MethodAndArgsCaller.run(ZygoteInit.java:785)
W/System.err( 1157): 	at com.android.internal.os.ZygoteInit.main(ZygoteInit.java:601)
W/System.err( 1157): 	at dalvik.system.NativeStart.main(Native Method)
W/System.err( 1157): org.json.JSONException: No value for skyid
W/System.err( 1157): 	at org.json.JSONObject.get(JSONObject.java:355)
W/System.err( 1157): 	at org.json.JSONObject.getString(JSONObject.java:515)
W/System.err( 1157): 	at com.t.d.d.d.d.a(Unknown Source)
W/System.err( 1157): 	at com.t.d.d.i.a(Unknown Source)
W/System.err( 1157): 	at com.t.wangda.WanderInterface.stp(Unknown Source)
W/System.err( 1157): 	at java.lang.reflect.Method.invokeNative(Native Method)
W/System.err( 1157): 	at java.lang.reflect.Method.invoke(Method.java:515)
W/System.err( 1157): 	at bn.tt.a.d.a(Unknown Source)
W/System.err( 1157): 	at an.d.t.y.TW.a(Unknown Source)
W/System.err( 1157): 	at an.d.t.y.c.handleMessage(Unknown Source)
W/System.err( 1157): 	at android.os.Handler.dispatchMessage(Handler.java:102)
W/System.err( 1157): 	at android.os.Looper.loop(Looper.java:136)
W/System.err( 1157): 	at android.app.ActivityThread.main(ActivityThread.java:5001)
W/System.err( 1157): 	at java.lang.reflect.Method.invokeNative(Native Method)
W/System.err( 1157): 	at java.lang.reflect.Method.invoke(Method.java:515)
W/System.err( 1157): 	at com.android.internal.os.ZygoteInit$MethodAndArgsCaller.run(ZygoteInit.java:785)
W/System.err( 1157): 	at com.android.internal.os.ZygoteInit.main(ZygoteInit.java:601)
W/System.err( 1157): 	at dalvik.system.NativeStart.main(Native Method)
D/uih     ( 1157): stp=true
W/System.err( 1157): java.io.NotSerializableException: com.t.d.d.a.c
W/System.err( 1157): 	at java.io.ObjectOutputStream.writeNewObject(ObjectOutputStream.java:1366)
W/System.err( 1157): 	at java.io.ObjectOutputStream.writeObjectInternal(ObjectOutputStream.java:1673)
W/System.err( 1157): 	at java.io.ObjectOutputStream.writeObject(ObjectOutputStream.java:1519)
W/System.err( 1157): 	at java.io.ObjectOutputStream.writeObject(ObjectOutputStream.java:1483)
W/System.err( 1157): 	at java.util.HashMap.writeObject(HashMap.java:995)
W/System.err( 1157): 	at java.lang.reflect.Method.invokeNative(Native Method)
W/System.err( 1157): 	at java.lang.reflect.Method.invoke(Method.java:515)
W/System.err( 1157): 	at java.io.ObjectOutputStream.writeHierarchy(ObjectOutputStream.java:1055)
W/System.err( 1157): 	at java.io.ObjectOutputStream.writeNewObject(ObjectOutputStream.java:1406)
W/System.err( 1157): 	at java.io.ObjectOutputStream.writeObjectInternal(ObjectOutputStream.java:1673)
W/System.err( 1157): 	at java.io.ObjectOutputStream.writeObject(ObjectOutputStream.java:1519)
W/System.err( 1157): 	at java.io.ObjectOutputStream.writeObject(ObjectOutputStream.java:1483)
W/System.err( 1157): 	at com.t.mpchat.b.c.a(Unknown Source)
W/System.err( 1157): 	at com.t.d.a.a.a.a(Unknown Source)
W/System.err( 1157): 	at com.t.c.b.c.a.a.a(Unknown Source)
W/System.err( 1157): 	at com.t.d.d.b.b(Unknown Source)
W/System.err( 1157): 	at com.t.d.d.b.a(Unknown Source)
W/System.err( 1157): 	at com.t.d.d.d.a(Unknown Source)
W/System.err( 1157): 	at com.t.c.b.s.a(Unknown Source)
W/System.err( 1157): 	at com.t.c.b.k.handleMessage(Unknown Source)
W/System.err( 1157): 	at android.os.Handler.dispatchMessage(Handler.java:102)
W/System.err( 1157): 	at android.os.Looper.loop(Looper.java:136)
W/System.err( 1157): 	at android.app.ActivityThread.main(ActivityThread.java:5001)
W/System.err( 1157): 	at java.lang.reflect.Method.invokeNative(Native Method)
W/System.err( 1157): 	at java.lang.reflect.Method.invoke(Method.java:515)
W/System.err( 1157): 	at com.android.internal.os.ZygoteInit$MethodAndArgsCaller.run(ZygoteInit.java:785)
W/System.err( 1157): 	at com.android.internal.os.ZygoteInit.main(ZygoteInit.java:601)
W/System.err( 1157): 	at dalvik.system.NativeStart.main(Native Method)
W/System.err( 1157): java.io.NotSerializableException: com.t.d.d.a.i
W/System.err( 1157): 	at java.io.ObjectOutputStream.writeNewObject(ObjectOutputStream.java:1366)
W/System.err( 1157): 	at java.io.ObjectOutputStream.writeObjectInternal(ObjectOutputStream.java:1673)
W/System.err( 1157): 	at java.io.ObjectOutputStream.writeObject(ObjectOutputStream.java:1519)
W/System.err( 1157): 	at java.io.ObjectOutputStream.writeObject(ObjectOutputStream.java:1483)
W/System.err( 1157): 	at java.util.HashMap.writeObject(HashMap.java:995)
W/System.err( 1157): 	at java.lang.reflect.Method.invokeNative(Native Method)
W/System.err( 1157): 	at java.lang.reflect.Method.invoke(Method.java:515)
W/System.err( 1157): 	at java.io.ObjectOutputStream.writeHierarchy(ObjectOutputStream.java:1055)
W/System.err( 1157): 	at java.io.ObjectOutputStream.writeNewObject(ObjectOutputStream.java:1406)
W/System.err( 1157): 	at java.io.ObjectOutputStream.writeObjectInternal(ObjectOutputStream.java:1673)
W/System.err( 1157): 	at java.io.ObjectOutputStream.writeObject(ObjectOutputStream.java:1519)
W/System.err( 1157): 	at java.io.ObjectOutputStream.writeObject(ObjectOutputStream.java:1483)
W/System.err( 1157): 	at com.t.mpchat.b.c.a(Unknown Source)
W/System.err( 1157): 	at com.t.d.a.a.a.a(Unknown Source)
W/System.err( 1157): 	at com.t.c.b.c.a.a.a(Unknown Source)
W/System.err( 1157): 	at com.t.d.d.b.b(Unknown Source)
W/System.err( 1157): 	at com.t.d.d.b.a(Unknown Source)
W/System.err( 1157): 	at com.t.d.d.d.a(Unknown Source)
W/System.err( 1157): 	at com.t.c.b.s.a(Unknown Source)
W/System.err( 1157): 	at com.t.c.b.k.handleMessage(Unknown Source)
W/System.err( 1157): 	at android.os.Handler.dispatchMessage(Handler.java:102)
W/System.err( 1157): 	at android.os.Looper.loop(Looper.java:136)
W/System.err( 1157): 	at android.app.ActivityThread.main(ActivityThread.java:5001)
W/System.err( 1157): 	at java.lang.reflect.Method.invokeNative(Native Method)
W/System.err( 1157): 	at java.lang.reflect.Method.invoke(Method.java:515)
W/System.err( 1157): 	at com.android.internal.os.ZygoteInit$MethodAndArgsCaller.run(ZygoteInit.java:785)
W/System.err( 1157): 	at com.android.internal.os.ZygoteInit.main(ZygoteInit.java:601)
W/System.err( 1157): 	at dalvik.system.NativeStart.main(Native Method)
W/ActivityManager(  365): Unable to start service Intent { act=android.sds.action pkg=com.example.adtservice } U=0: not found
I/smspay  ( 1157): taiku is run ----------state=7
