D/MobileDataStateTracker(  352): default: Received state=DISCONNECTED, old=DISCONNECTED, reason=dataDetached
D/MobileDataStateTracker(  352): mms: Broadcast received: android.intent.action.ANY_DATA_STATE apnType=mms
D/MobileDataStateTracker(  352): mms: Received state=DISCONNECTED, old=DISCONNECTED, reason=dataDetached
D/MobileDataStateTracker(  352): cbs: Broadcast received: android.intent.action.ANY_DATA_STATE apnType=cbs
D/MobileDataStateTracker(  352): cbs: Received state=DISCONNECTED, old=DISCONNECTED, reason=dataDetached
D/MobileDataStateTracker(  352): fota: Broadcast received: android.intent.action.ANY_DATA_STATE apnType=fota
D/MobileDataStateTracker(  352): fota: Received state=DISCONNECTED, old=DISCONNECTED, reason=roamingOff
D/MobileDataStateTracker(  352): ia: Broadcast received: android.intent.action.ANY_DATA_STATE apnType=ia
D/MobileDataStateTracker(  352): ia: Received state=DISCONNECTED, old=DISCONNECTED, reason=roamingOff
D/MobileDataStateTracker(  352): supl: Broadcast received: android.intent.action.ANY_DATA_STATE apnType=supl
D/MobileDataStateTracker(  352): supl: Received state=DISCONNECTED, old=DISCONNECTED, reason=roamingOff
D/MobileDataStateTracker(  352): hipri: Broadcast received: android.intent.action.ANY_DATA_STATE apnType=hipri
D/MobileDataStateTracker(  352): hipri: Received state=DISCONNECTED, old=DISCONNECTED, reason=roamingOff
D/MobileDataStateTracker(  352): ims: Broadcast received: android.intent.action.ANY_DATA_STATE apnType=ims
I/LatinIME:LogUtils(  589): Dictionary info: dictionary = main:en ; version = 42 ; date = 1381226429
D/MobileDataStateTracker(  352): ims: Received state=DISCONNECTED, old=DISCONNECTED, reason=roamingOff
D/MobileDataStateTracker(  352): default: Broadcast received: android.intent.action.ANY_DATA_STATE apnType=default
D/MobileDataStateTracker(  352): default: Received state=DISCONNECTED, old=DISCONNECTED, reason=roamingOff
D/MobileDataStateTracker(  352): mms: Broadcast received: android.intent.action.ANY_DATA_STATE apnType=mms
D/MobileDataStateTracker(  352): mms: Received state=DISCONNECTED, old=DISCONNECTED, reason=roamingOff
D/MobileDataStateTracker(  352): cbs: Broadcast received: android.intent.action.ANY_DATA_STATE apnType=cbs
D/MobileDataStateTracker(  352): cbs: Received state=DISCONNECTED, old=DISCONNECTED, reason=roamingOff
D/MobileDataStateTracker(  352): fota: Broadcast received: android.intent.action.ANY_DATA_STATE apnType=fota
D/MobileDataStateTracker(  352): fota: Received state=DISCONNECTED, old=DISCONNECTED, reason=roamingOff
D/MobileDataStateTracker(  352): ia: Broadcast received: android.intent.action.ANY_DATA_STATE apnType=ia
D/MobileDataStateTracker(  352): ia: Received state=DISCONNECTED, old=DISCONNECTED, reason=roamingOff
D/MobileDataStateTracker(  352): supl: Broadcast received: android.intent.action.ANY_DATA_STATE apnType=supl
D/MobileDataStateTracker(  352): supl: Received state=DISCONNECTED, old=DISCONNECTED, reason=roamingOff
D/MobileDataStateTracker(  352): hipri: Broadcast received: android.intent.action.ANY_DATA_STATE apnType=hipri
D/MobileDataStateTracker(  352): hipri: Received state=DISCONNECTED, old=DISCONNECTED, reason=roamingOff
D/MobileDataStateTracker(  352): ims: Broadcast received: android.intent.action.ANY_DATA_STATE apnType=ims
D/MobileDataStateTracker(  352): ims: Received state=DISCONNECTED, old=DISCONNECTED, reason=roamingOff
D/MobileDataStateTracker(  352): default: Broadcast received: android.intent.action.ANY_DATA_STATE apnType=default
D/dalvikvm(  603): GC_CONCURRENT freed 291K, 11% free 3058K/3416K, paused 49ms+14ms, total 188ms
D/MobileDataStateTracker(  352): default: Received state=DISCONNECTED, old=DISCONNECTED, reason=roamingOff
D/MobileDataStateTracker(  352): mms: Broadcast received: android.intent.action.ANY_DATA_STATE apnType=mms
D/TelephonyDebugService(  603): TelephonyDebugService()
D/MobileDataStateTracker(  352): mms: Received state=DISCONNECTED, old=DISCONNECTED, reason=roamingOff
D/MobileDataStateTracker(  352): cbs: Broadcast received: android.intent.action.ANY_DATA_STATE apnType=cbs
D/MobileDataStateTracker(  352): cbs: Received state=DISCONNECTED, old=DISCONNECTED, reason=roamingOff
D/MccTable(  603): updateMccMncConfiguration: mcc=310, mnc=260
D/AlarmManagerService(  352): Kernel timezone updated to 300 minutes west of GMT
D/MccTable(  603): timezone set to America/New_York
D/MccTable(  603): getLocaleFromMcc to en_us mcc=310
D/MccTable(  603): getLocaleForLanguageCountry: got match
D/MccTable(  603): getLocaleForLanguageCountry: X locale=en_US
D/MccTable(  603): WIFI_COUNTRY_CODE set to us
I/WifiService(  352): WifiService trying to set country code to us with persist set to true
D/dalvikvm(  692): GC_CONCURRENT freed 175K, 8% free 2946K/3196K, paused 46ms+9ms, total 101ms
D/MobileDataStateTracker(  352): fota: Broadcast received: android.intent.action.ANY_DATA_STATE apnType=fota
D/MobileDataStateTracker(  352): fota: Received state=DISCONNECTED, old=DISCONNECTED, reason=dataAttached
D/MobileDataStateTracker(  352): ia: Broadcast received: android.intent.action.ANY_DATA_STATE apnType=ia
D/MobileDataStateTracker(  352): ia: Received state=DISCONNECTED, old=DISCONNECTED, reason=dataAttached
D/MobileDataStateTracker(  352): supl: Broadcast received: android.intent.action.ANY_DATA_STATE apnType=supl
D/MobileDataStateTracker(  352): supl: Received state=DISCONNECTED, old=DISCONNECTED, reason=dataAttached
D/MobileDataStateTracker(  352): hipri: Broadcast received: android.intent.action.ANY_DATA_STATE apnType=hipri
D/MobileDataStateTracker(  352): hipri: Received state=DISCONNECTED, old=DISCONNECTED, reason=dataAttached
D/MobileDataStateTracker(  352): ims: Broadcast received: android.intent.action.ANY_DATA_STATE apnType=ims
D/MobileDataStateTracker(  352): ims: Received state=DISCONNECTED, old=DISCONNECTED, reason=dataAttached
D/MobileDataStateTracker(  352): mms: Broadcast received: android.intent.action.ANY_DATA_STATE apnType=mms
D/MobileDataStateTracker(  352): mms: Received state=DISCONNECTED, old=DISCONNECTED, reason=dataAttached
D/MobileDataStateTracker(  352): cbs: Broadcast received: android.intent.action.ANY_DATA_STATE apnType=cbs
D/MobileDataStateTracker(  352): cbs: Received state=DISCONNECTED, old=DISCONNECTED, reason=dataAttached
D/MobileDataStateTracker(  352): fota: Broadcast received: android.intent.action.ANY_DATA_STATE apnType=fota
D/MobileDataStateTracker(  352): fota: Received state=DISCONNECTED, old=DISCONNECTED, reason=dataAttached
D/MobileDataStateTracker(  352): ia: Broadcast received: android.intent.action.ANY_DATA_STATE apnType=ia
D/MobileDataStateTracker(  352): ia: Received state=DISCONNECTED, old=DISCONNECTED, reason=dataAttached
D/MobileDataStateTracker(  352): supl: Broadcast received: android.intent.action.ANY_DATA_STATE apnType=supl
D/MobileDataStateTracker(  352): supl: Received state=DISCONNECTED, old=DISCONNECTED, reason=dataAttached
D/MobileDataStateTracker(  352): hipri: Broadcast received: android.intent.action.ANY_DATA_STATE apnType=hipri
D/MobileDataStateTracker(  352): hipri: Received state=DISCONNECTED, old=DISCONNECTED, reason=dataAttached
D/MobileDataStateTracker(  352): ims: Broadcast received: android.intent.action.ANY_DATA_STATE apnType=ims
D/MobileDataStateTracker(  352): ims: Received state=DISCONNECTED, old=DISCONNECTED, reason=dataAttached
D/MobileDataStateTracker(  352): mms: Broadcast received: android.intent.action.ANY_DATA_STATE apnType=mms
D/MobileDataStateTracker(  352): mms: Received state=DISCONNECTED, old=DISCONNECTED, reason=dataAttached
D/MobileDataStateTracker(  352): cbs: Broadcast received: android.intent.action.ANY_DATA_STATE apnType=cbs
D/MobileDataStateTracker(  352): cbs: Received state=DISCONNECTED, old=DISCONNECTED, reason=dataAttached
D/dalvikvm(  603): GC_CONCURRENT freed 327K, 12% free 3169K/3564K, paused 4ms+6ms, total 227ms
D/MccTable(  603): updateMccMncConfiguration: mcc=310, mnc=260
D/MccTable(  603): getLocaleFromMcc to en_us mcc=310
D/MccTable(  603): getLocaleForLanguageCountry: got match
D/MccTable(  603): getLocaleForLanguageCountry: X locale=en_US
D/MccTable(  603): updateMccMncConfiguration updateConfig config={1.0 310mcc260mnc en_US ldltr ?swdp ?wdp ?hdp ?density ?lsize ?long ?orien ?uimode ?night ?touch ?keyb/?/? ?nav/?}
I/ActivityManager(  352): Config changes=3 {1.0 310mcc260mnc en_US ldltr sw480dp w480dp h839dp 160dpi lrg long port finger -keyb/v/h tball/v s.6}
D/PermissionCache(   58): checking android.permission.READ_FRAME_BUFFER for uid=1000 => granted (745 us)
D/PhoneStatusBar(  451): mSettingsPanelGravity = 55
D/gralloc (   58): Registering a buffer in the process that created it. This may cause memory ordering problems.
E/libEGL  (   58): called unimplemented OpenGL ES API
E/libEGL  (   58): called unimplemented OpenGL ES API
E/libEGL  (   58): called unimplemented OpenGL ES API
E/libEGL  (   58): called unimplemented OpenGL ES API
E/SurfaceFlinger(   58): glCheckFramebufferStatusOES error 305242634
E/SurfaceFlinger(   58): got GL_FRAMEBUFFER_COMPLETE_OES error while taking screenshot
E/libEGL  (   58): called unimplemented OpenGL ES API
E/libEGL  (   58): called unimplemented OpenGL ES API
I/ARMAssembler(   58): generated scanline__00000077:03515104_00008001_00000000 [113 ipp] (134 ins) at [0xb5a621f0:0xb5a62408] in 0 ns
D/SettingsProvider(  352): User 0 external modification to /data/data/com.android.providers.settings/databases/settings.db; event=2
D/SettingsProvider(  352): User 0 updating our caches for /data/data/com.android.providers.settings/databases/settings.db
D/dalvikvm(  352): GC_CONCURRENT freed 622K, 57% free 5532K/12684K, paused 150ms+6ms, total 435ms
D/dalvikvm(  352): WAIT_FOR_CONCURRENT_GC blocked 97ms
D/dalvikvm(  352): WAIT_FOR_CONCURRENT_GC blocked 93ms
D/dalvikvm(  352): WAIT_FOR_CONCURRENT_GC blocked 79ms
D/MccTable(  603): updateMccMncConfiguration: mcc=310, mnc=260
D/MccTable(  603): getLocaleFromMcc to en_us mcc=310
D/MccTable(  603): getLocaleForLanguageCountry: skipping already persisted
D/MccTable(  603): getLocaleForLanguageCountry: X locale=null
D/MccTable(  603): updateMccMncConfiguration updateConfig config={1.0 310mcc260mnc ?locale ?layoutDir ?swdp ?wdp ?hdp ?density ?lsize ?long ?orien ?uimode ?night ?touch ?keyb/?/? ?nav/?}
D/dalvikvm(  603): GC_CONCURRENT freed 323K, 11% free 3308K/3704K, paused 4ms+4ms, total 56ms
D/dalvikvm(  352): GC_CONCURRENT freed 717K, 57% free 5526K/12684K, paused 11ms+14ms, total 156ms
D/dalvikvm(  352): WAIT_FOR_CONCURRENT_GC blocked 66ms
D/dalvikvm(  692): GC_FOR_ALLOC freed 189K, 8% free 3112K/3372K, paused 65ms, total 67ms
I/dalvikvm-heap(  692): Grow heap (frag case) to 3.716MB for 640016-byte allocation
D/dalvikvm(  692): GC_FOR_ALLOC freed 2K, 7% free 3734K/4000K, paused 43ms, total 43ms
D/MobileDataStateTracker(  352): fota: Broadcast received: android.intent.action.ANY_DATA_STATE apnType=fota
D/dalvikvm(  692): GC_CONCURRENT freed 7K, 7% free 3727K/4000K, paused 7ms+53ms, total 90ms
D/MobileDataStateTracker(  352): fota: Received state=DISCONNECTED, old=DISCONNECTED, reason=simLoaded
D/MobileDataStateTracker(  352): ia: Broadcast received: android.intent.action.ANY_DATA_STATE apnType=ia
D/dalvikvm(  603): GC_CONCURRENT freed 434K, 14% free 3277K/3780K, paused 27ms+21ms, total 97ms
D/MobileDataStateTracker(  352): ia: Received state=DISCONNECTED, old=DISCONNECTED, reason=simLoaded
D/MobileDataStateTracker(  352): supl: Broadcast received: android.intent.action.ANY_DATA_STATE apnType=supl
D/MobileDataStateTracker(  352): supl: Received state=DISCONNECTED, old=DISCONNECTED, reason=simLoaded
D/MobileDataStateTracker(  352): hipri: Broadcast received: android.intent.action.ANY_DATA_STATE apnType=hipri
D/MobileDataStateTracker(  352): hipri: Received state=DISCONNECTED, old=DISCONNECTED, reason=simLoaded
D/MobileDataStateTracker(  352): ims: Broadcast received: android.intent.action.ANY_DATA_STATE apnType=ims
D/MobileDataStateTracker(  352): ims: Received state=DISCONNECTED, old=DISCONNECTED, reason=simLoaded
D/MobileDataStateTracker(  352): mms: Broadcast received: android.intent.action.ANY_DATA_STATE apnType=mms
D/MobileDataStateTracker(  352): mms: Received state=DISCONNECTED, old=DISCONNECTED, reason=simLoaded
D/MobileDataStateTracker(  352): cbs: Broadcast received: android.intent.action.ANY_DATA_STATE apnType=cbs
D/MobileDataStateTracker(  352): cbs: Received state=DISCONNECTED, old=DISCONNECTED, reason=simLoaded
D/MobileDataStateTracker(  352): default: Broadcast received: android.intent.action.ANY_DATA_STATE apnType=default
D/MobileDataStateTracker(  352): default: Received state=CONNECTING, old=DISCONNECTED, reason=simLoaded
D/MobileDataStateTracker(  352): default: setDetailed state, old =IDLE and new state=CONNECTING
D/MobileDataStateTracker(  352): fota: Broadcast received: android.intent.action.ANY_DATA_STATE apnType=fota
D/MobileDataStateTracker(  352): fota: Received state=DISCONNECTED, old=DISCONNECTED, reason=simLoaded
D/MobileDataStateTracker(  352): ia: Broadcast received: android.intent.action.ANY_DATA_STATE apnType=ia
D/MobileDataStateTracker(  352): ia: Received state=DISCONNECTED, old=DISCONNECTED, reason=simLoaded
D/MobileDataStateTracker(  352): supl: Broadcast received: android.intent.action.ANY_DATA_STATE apnType=supl
D/MobileDataStateTracker(  352): supl: Received state=DISCONNECTED, old=DISCONNECTED, reason=simLoaded
D/MobileDataStateTracker(  352): hipri: Broadcast received: android.intent.action.ANY_DATA_STATE apnType=hipri
D/dalvikvm(  352): WAIT_FOR_CONCURRENT_GC blocked 592ms
D/dalvikvm(  352): WAIT_FOR_CONCURRENT_GC blocked 592ms
D/dalvikvm(  352): WAIT_FOR_CONCURRENT_GC blocked 593ms
D/MobileDataStateTracker(  352): hipri: Received state=DISCONNECTED, old=DISCONNECTED, reason=simLoaded
D/MobileDataStateTracker(  352): ims: Broadcast received: android.intent.action.ANY_DATA_STATE apnType=ims
D/MobileDataStateTracker(  352): ims: Received state=DISCONNECTED, old=DISCONNECTED, reason=simLoaded
D/MobileDataStateTracker(  352): mms: Broadcast received: android.intent.action.ANY_DATA_STATE apnType=mms
D/MobileDataStateTracker(  352): mms: Received state=DISCONNECTED, old=DISCONNECTED, reason=simLoaded
D/MobileDataStateTracker(  352): cbs: Broadcast received: android.intent.action.ANY_DATA_STATE apnType=cbs
D/MobileDataStateTracker(  352): cbs: Received state=DISCONNECTED, old=DISCONNECTED, reason=simLoaded
D/MobileDataStateTracker(  352): default: Broadcast received: android.intent.action.ANY_DATA_STATE apnType=default
D/MobileDataStateTracker(  352): default: Received state=CONNECTED, old=CONNECTING, reason=connected
D/MobileDataStateTracker(  352): default: setDetailed state, old =CONNECTING and new state=CONNECTED
D/ConnectivityService(  352): ConnectivityChange for mobile: CONNECTED/CONNECTED
D/ConnectivityService(  352): ConnectivityChange checkMobileProvisioning for TYPE_MOBILE or ProvisioningNetwork
D/ConnectivityService(  352): checkMobileProvisioning: E suggestedTimeOutMs=60000
D/ConnectivityService(  352): setProvNotificationVisible: E visible=false networkType=5 extraInfo=null url=null
D/ConnectivityService(  352): checkMobileProvisioning: params={ url=http://clients3.google.com/generate_204 mTimeOutMs=60000 mCb=com.android.server.ConnectivityService$5@b32064e0}
D/ConnectivityService(  352): checkMobileProvisioning: X
D/dalvikvm(  603): GC_CONCURRENT freed 404K, 13% free 3294K/3780K, paused 4ms+2ms, total 243ms
D/dalvikvm(  352): GC_CONCURRENT freed 618K, 56% free 5617K/12684K, paused 4ms+4ms, total 289ms
D/dalvikvm(  352): WAIT_FOR_CONCURRENT_GC blocked 35ms
D/dalvikvm(  352): WAIT_FOR_CONCURRENT_GC blocked 30ms
D/Nat464Xlat(  352): requiresClat: netType=0, hasIPv4Address=true
D/MobileDataStateTracker(  352): default: isProvisioningNetwork: retVal=false
D/ConnectivityService(  352): [CheckMp] isMobileOk: isDefaultProvisioning=false
I/NetworkPolicy(  352): no policy for active mobile network; generating default policy
D/MobileDataStateTracker(  352): default: setPolicyDataEnable(enabled=true)
D/MobileDataStateTracker(  352): hipri: isProvisioningNetwork: retVal=false
D/ConnectivityService(  352): [CheckMp] isMobileOk: isHipriProvisioning=false
D/ConnectivityService(  352): [CheckMp] isMobileOk: start hipri url=http://clients3.google.com/generate_204
W/Resources(  692): Converting to int: TypedValue{t=0x3/d=0x12 "4" a=-1}
W/Resources(  692): Converting to int: TypedValue{t=0x3/d=0xf "1" a=-1}
W/Resources(  692): Converting to int: TypedValue{t=0x3/d=0x15 "2" a=-1}
W/Resources(  692): Converting to int: TypedValue{t=0x3/d=0x15 "2" a=-1}
W/Launcher.LauncherProvider(  692): Unable to add favorite: com.android.camera2/com.android.camera.CameraLauncher
W/Launcher.LauncherProvider(  692): android.content.pm.PackageManager$NameNotFoundException: ComponentInfo{com.android.camera2/com.android.camera.CameraLauncher}
W/Launcher.LauncherProvider(  692): 	at android.app.ApplicationPackageManager.getActivityInfo(ApplicationPackageManager.java:242)
W/Launcher.LauncherProvider(  692): 	at com.android.launcher2.LauncherProvider$DatabaseHelper.addAppShortcut(LauncherProvider.java:959)
W/Launcher.LauncherProvider(  692): 	at com.android.launcher2.LauncherProvider$DatabaseHelper.loadFavorites(LauncherProvider.java:863)
W/Launcher.LauncherProvider(  692): 	at com.android.launcher2.LauncherProvider$DatabaseHelper.access$000(LauncherProvider.java:253)
W/Launcher.LauncherProvider(  692): 	at com.android.launcher2.LauncherProvider.loadDefaultFavoritesIfNecessary(LauncherProvider.java:237)
W/Launcher.LauncherProvider(  692): 	at com.android.launcher2.LauncherModel$LoaderTask.loadWorkspace(LauncherModel.java:1278)
W/Launcher.LauncherProvider(  692): 	at com.android.launcher2.LauncherModel$LoaderTask.loadAndBindWorkspace(LauncherModel.java:1020)
W/Launcher.LauncherProvider(  692): 	at com.android.launcher2.LauncherModel$LoaderTask.run(LauncherModel.java:1126)
W/Launcher.LauncherProvider(  692): 	at android.os.Handler.handleCallback(Handler.java:733)
W/Launcher.LauncherProvider(  692): 	at android.os.Handler.dispatchMessage(Handler.java:95)
W/Launcher.LauncherProvider(  692): 	at android.os.Looper.loop(Looper.java:136)
W/Launcher.LauncherProvider(  692): 	at android.os.HandlerThread.run(HandlerThread.java:61)
W/Launcher.LauncherProvider(  692): Unable to add favorite: com.android.gallery3d/com.android.gallery3d.app.Gallery
W/Launcher.LauncherProvider(  692): android.content.pm.PackageManager$NameNotFoundException: ComponentInfo{com.android.gallery3d/com.android.gallery3d.app.Gallery}
W/Launcher.LauncherProvider(  692): 	at android.app.ApplicationPackageManager.getActivityInfo(ApplicationPackageManager.java:242)
W/Launcher.LauncherProvider(  692): 	at com.android.launcher2.LauncherProvider$DatabaseHelper.addAppShortcut(LauncherProvider.java:959)
W/Launcher.LauncherProvider(  692): 	at com.android.launcher2.LauncherProvider$DatabaseHelper.loadFavorites(LauncherProvider.java:863)
W/Launcher.LauncherProvider(  692): 	at com.android.launcher2.LauncherProvider$DatabaseHelper.access$000(LauncherProvider.java:253)
W/Launcher.LauncherProvider(  692): 	at com.android.launcher2.LauncherProvider.loadDefaultFavoritesIfNecessary(LauncherProvider.java:237)
W/Launcher.LauncherProvider(  692): 	at com.android.launcher2.LauncherModel$LoaderTask.loadWorkspace(LauncherModel.java:1278)
W/Launcher.LauncherProvider(  692): 	at com.android.launcher2.LauncherModel$LoaderTask.loadAndBindWorkspace(LauncherModel.java:1020)
W/Launcher.LauncherProvider(  692): 	at com.android.launcher2.LauncherModel$LoaderTask.run(LauncherModel.java:1126)
W/Launcher.LauncherProvider(  692): 	at android.os.Handler.handleCallback(Handler.java:733)
W/Launcher.LauncherProvider(  692): 	at android.os.Handler.dispatchMessage(Handler.java:95)
W/Launcher.LauncherProvider(  692): 	at android.os.Looper.loop(Looper.java:136)
W/Launcher.LauncherProvider(  692): 	at android.os.HandlerThread.run(HandlerThread.java:61)
W/Launcher.Model(  692): Desktop items loading interrupted:
W/Launcher.Model(  692): java.lang.NullPointerException
W/Launcher.Model(  692): 	at com.android.launcher2.LauncherModel$LoaderTask.checkItemPlacement(LauncherModel.java:1226)
W/Launcher.Model(  692): 	at com.android.launcher2.LauncherModel$LoaderTask.loadWorkspace(LauncherModel.java:1383)
W/Launcher.Model(  692): 	at com.android.launcher2.LauncherModel$LoaderTask.loadAndBindWorkspace(LauncherModel.java:1020)
W/Launcher.Model(  692): 	at com.android.launcher2.LauncherModel$LoaderTask.run(LauncherModel.java:1126)
W/Launcher.Model(  692): 	at android.os.Handler.handleCallback(Handler.java:733)
W/Launcher.Model(  692): 	at android.os.Handler.dispatchMessage(Handler.java:95)
W/Launcher.Model(  692): 	at android.os.Looper.loop(Looper.java:136)
W/Launcher.Model(  692): 	at android.os.HandlerThread.run(HandlerThread.java:61)
D/dalvikvm(  692): GC_CONCURRENT freed 263K, 8% free 3903K/4208K, paused 4ms+2ms, total 107ms
E/NetdConnector(  352): NDC Command {12 bandwidth setiquota eth0 9223372036854775807} took too long (1521ms)
D/MobileDataStateTracker(  352): default: setPolicyDataEnable(enabled=true)
I/SurfaceFlinger(   58): Boot is finished (71263 ms)
D/Launcher.Model(  692): Reload apps on config change. curr_mcc:310 prevmcc:0
I/Choreographer(  692): Skipped 296 frames!  The application may be doing too much work on its main thread.
E/NetdConnector(  352): NDC Command {13 bandwidth removeiquota eth0} took too long (751ms)
W/ActivityManager(  352): Launch timeout has expired, giving up wake lock!
I/Choreographer(  692): Skipped 46 frames!  The application may be doing too much work on its main thread.
D/gralloc_goldfish(  692): Emulator without GPU emulation detected.
D/Tethering(  352): MasterInitialState.processMessage what=3
D/CaptivePortalTracker(  352): NoActiveNetworkState{ when=-2ms what=1 obj=NetworkInfo: type: mobile[UMTS], state: CONNECTED/CONNECTED, reason: connected, extra: epc.tmobile.com, roaming: false, failover: false, isAvailable: true, isConnectedToProvisioningNetwork: false target=com.android.internal.util.StateMachine$SmHandler }
D/CaptivePortalTracker(  352): NoActiveNetworkState not a wifi connectivity change, ignore
D/dalvikvm(  692): GC_FOR_ALLOC freed 252K, 8% free 3997K/4324K, paused 40ms, total 55ms
W/WindowManager(  352): App freeze timeout expired.
W/WindowManager(  352): Force clearing freeze: AppWindowToken{b328cbf0 token=Token{b3564dd0 ActivityRecord{b305c518 u0 com.android.launcher/com.android.launcher2.Launcher t3}}}
I/dalvikvm-heap(  692): Grow heap (frag case) to 5.506MB for 1610896-byte allocation
I/InputReader(  352): Reconfiguring input devices.  changes=0x00000010
D/dalvikvm(  692): GC_CONCURRENT freed 17K, 6% free 5553K/5900K, paused 13ms+2ms, total 237ms
D/dalvikvm(  692): WAIT_FOR_CONCURRENT_GC blocked 206ms
D/dalvikvm(  692): WAIT_FOR_CONCURRENT_GC blocked 209ms
D/dalvikvm(  692): WAIT_FOR_CONCURRENT_GC blocked 178ms
I/PackageManager(  352):   Action: "android.intent.action.SENDTO"
I/PackageManager(  352):   Category: "android.intent.category.DEFAULT"
I/PackageManager(  352):   Scheme: "sms"
I/PackageManager(  352): Adding preferred activity ComponentInfo{com.android.mms/com.android.mms.ui.ComposeMessageActivity} for user 0 :
D/dalvikvm(  692): GC_FOR_ALLOC freed 11K, 7% free 5543K/5900K, paused 43ms, total 43ms
I/dalvikvm-heap(  692): Grow heap (frag case) to 7.016MB for 1610896-byte allocation
D/dalvikvm(  692): GC_FOR_ALLOC freed <1K, 5% free 7115K/7476K, paused 40ms, total 40ms
D/dalvikvm(  692): GC_CONCURRENT freed <1K, 5% free 7158K/7520K, paused 33ms+3ms, total 82ms
I/ActivityManager(  352): Displayed com.android.launcher/com.android.launcher2.Launcher: +10s162ms (total +13s457ms)
E/NetdConnector(  352): NDC Command {14 bandwidth setiquota eth0 9223372036854775807} took too long (1940ms)
D/MobileDataStateTracker(  352): default: setPolicyDataEnable(enabled=true)
I/PackageManager(  352):   Action: "android.intent.action.SENDTO"
I/PackageManager(  352):   Category: "android.intent.category.DEFAULT"
I/PackageManager(  352):   Scheme: "smsto"
I/PackageManager(  352): Adding preferred activity ComponentInfo{com.android.mms/com.android.mms.ui.ComposeMessageActivity} for user 0 :
D/dalvikvm(  451): GC_FOR_ALLOC freed 3116K, 48% free 3587K/6772K, paused 430ms, total 433ms
I/dalvikvm-heap(  451): Grow heap (frag case) to 6.496MB for 3072016-byte allocation
D/dalvikvm(  451): GC_CONCURRENT freed 5K, 3% free 6581K/6772K, paused 4ms+83ms, total 143ms
D/dalvikvm(  352): GC_CONCURRENT freed 734K, 56% free 5615K/12684K, paused 553ms+5ms, total 1343ms
D/dalvikvm(  352): WAIT_FOR_CONCURRENT_GC blocked 288ms
D/dalvikvm(  352): WAIT_FOR_CONCURRENT_GC blocked 230ms
D/dalvikvm(  352): WAIT_FOR_CONCURRENT_GC blocked 151ms
W/WindowManager(  352): Window freeze timeout expired.
W/WindowManager(  352): Force clearing orientation change: Window{b2d17050 u0 com.android.systemui.ImageWallpaper}
I/WindowManager(  352): Screen frozen for +6s837ms due to Window{b2d17050 u0 com.android.systemui.ImageWallpaper}
I/PackageManager(  352):   Action: "android.intent.action.SENDTO"
I/PackageManager(  352):   Category: "android.intent.category.DEFAULT"
I/PackageManager(  352):   Scheme: "mms"
I/PackageManager(  352): Adding preferred activity ComponentInfo{com.android.mms/com.android.mms.ui.ComposeMessageActivity} for user 0 :
I/PackageManager(  352):   Action: "android.intent.action.SENDTO"
I/PackageManager(  352):   Category: "android.intent.category.DEFAULT"
I/PackageManager(  352):   Scheme: "mmsto"
I/PackageManager(  352): Adding preferred activity ComponentInfo{com.android.mms/com.android.mms.ui.ComposeMessageActivity} for user 0 :
I/ARMAssembler(   58): generated scanline__00000077:03515104_00009001_00000000 [131 ipp] (153 ins) at [0xb5a62410:0xb5a62674] in 10000000 ns
I/PackageManager(  352):   Action: "android.intent.action.SENDTO"
I/PackageManager(  352):   Category: "android.intent.category.DEFAULT"
I/PackageManager(  352):   Scheme: "sms"
I/PackageManager(  352): Adding preferred activity ComponentInfo{com.android.mms/com.android.mms.ui.ComposeMessageActivity} for user 0 :
I/PackageManager(  352):   Action: "android.intent.action.SENDTO"
I/PackageManager(  352):   Category: "android.intent.category.DEFAULT"
I/PackageManager(  352):   Scheme: "smsto"
I/PackageManager(  352): Adding preferred activity ComponentInfo{com.android.mms/com.android.mms.ui.ComposeMessageActivity} for user 0 :
D/dalvikvm(  603): GC_CONCURRENT freed 338K, 13% free 3363K/3832K, paused 53ms+23ms, total 188ms
I/PackageManager(  352):   Action: "android.intent.action.SENDTO"
I/PackageManager(  352):   Category: "android.intent.category.DEFAULT"
I/PackageManager(  352):   Scheme: "mms"
I/PackageManager(  352): Adding preferred activity ComponentInfo{com.android.mms/com.android.mms.ui.ComposeMessageActivity} for user 0 :
I/PackageManager(  352):   Action: "android.intent.action.SENDTO"
I/PackageManager(  352):   Category: "android.intent.category.DEFAULT"
I/PackageManager(  352):   Scheme: "mmsto"
I/PackageManager(  352): Adding preferred activity ComponentInfo{com.android.mms/com.android.mms.ui.ComposeMessageActivity} for user 0 :
D/ConnectivityService(  352): startUsingNetworkFeature reconnecting to 0: enableHIPRI
D/ConnectivityService(  352): startUsingNetworkFeature X: return APN_REQUEST_STARTED
E/ConnectivityService(  352): startUsingNetworkFeature took too long: 5568ms
D/ConnectivityService(  352): [CheckMp] isMobileOk: hipri started
I/MediaProvider(  624): Upgrading media database from version 0 to 700, which will destroy all old data
I/Choreographer(  352): Skipped 51 frames!  The application may be doing too much work on its main thread.
D/dalvikvm(  352): GC_CONCURRENT freed 740K, 56% free 5599K/12684K, paused 6ms+209ms, total 506ms
D/dalvikvm(  352): WAIT_FOR_CONCURRENT_GC blocked 298ms
I/Choreographer(  692): Skipped 39 frames!  The application may be doing too much work on its main thread.
D/dalvikvm(  603): GC_CONCURRENT freed 481K, 15% free 3299K/3848K, paused 4ms+2ms, total 97ms
D/ConnectivityService(  352): [CheckMp] isMobileOk: not connected ni=NetworkInfo: type: mobile_hipri[UMTS], state: DISCONNECTED/IDLE, reason: (unspecified), extra: (none), roaming: false, failover: false, isAvailable: true, isConnectedToProvisioningNetwork: false
D/MobileDataStateTracker(  352): hipri: Broadcast received: android.intent.action.ANY_DATA_STATE apnType=hipri
D/MobileDataStateTracker(  352): hipri: Received state=CONNECTING, old=DISCONNECTED, reason=dataEnabled
D/MobileDataStateTracker(  352): hipri: setDetailed state, old =IDLE and new state=CONNECTING
D/MobileDataStateTracker(  352): fota: Broadcast received: android.intent.action.ANY_DATA_STATE apnType=fota
D/MobileDataStateTracker(  352): fota: Received state=DISCONNECTED, old=DISCONNECTED, reason=dataEnabled
D/MobileDataStateTracker(  352): ia: Broadcast received: android.intent.action.ANY_DATA_STATE apnType=ia
D/MobileDataStateTracker(  352): ia: Received state=DISCONNECTED, old=DISCONNECTED, reason=dataEnabled
D/MobileDataStateTracker(  352): supl: Broadcast received: android.intent.action.ANY_DATA_STATE apnType=supl
D/MobileDataStateTracker(  352): supl: Received state=DISCONNECTED, old=DISCONNECTED, reason=dataEnabled
D/MobileDataStateTracker(  352): ims: Broadcast received: android.intent.action.ANY_DATA_STATE apnType=ims
D/MobileDataStateTracker(  352): ims: Received state=DISCONNECTED, old=DISCONNECTED, reason=dataEnabled
D/MobileDataStateTracker(  352): mms: Broadcast received: android.intent.action.ANY_DATA_STATE apnType=mms
D/MobileDataStateTracker(  352): mms: Received state=DISCONNECTED, old=DISCONNECTED, reason=dataEnabled
D/MobileDataStateTracker(  352): cbs: Broadcast received: android.intent.action.ANY_DATA_STATE apnType=cbs
D/MobileDataStateTracker(  352): cbs: Received state=DISCONNECTED, old=DISCONNECTED, reason=dataEnabled
D/MobileDataStateTracker(  352): hipri: Broadcast received: android.intent.action.ANY_DATA_STATE apnType=hipri
D/MobileDataStateTracker(  352): hipri: Received state=CONNECTED, old=CONNECTING, reason=dataEnabled
D/MobileDataStateTracker(  352): hipri: setDetailed state, old =CONNECTING and new state=CONNECTED
D/ConnectivityService(  352): ConnectivityChange for mobile_hipri: CONNECTED/CONNECTED
E/logwrapper(  801): executing /system/bin/ip failed: No such file or directory
E/ConnectivityService(  352): Exception trying to add a route: java.lang.IllegalStateException: command '21 interface fwmark exempt add 10.0.2.2/32' failed with '400 21 Failed to add exemption rule (File exists)'
E/logwrapper(  802): executing /system/bin/ip failed: No such file or directory
E/ConnectivityService(  352): Exception trying to add a route: java.lang.IllegalStateException: command '23 interface fwmark exempt add 10.0.2.3/32' failed with '400 23 Failed to add exemption rule (File exists)'
E/logwrapper(  803): executing /system/bin/ip failed: No such file or directory
D/dalvikvm(  352): GC_CONCURRENT freed 715K, 57% free 5533K/12684K, paused 106ms+184ms, total 1454ms
E/ConnectivityService(  352): Exception trying to add a route: java.lang.IllegalStateException: command '25 interface fwmark exempt add 10.0.2.2/32' failed with '400 25 Failed to add exemption rule (File exists)'
E/logwrapper(  804): executing /system/bin/ip failed: No such file or directory
I/Choreographer(  692): Skipped 546 frames!  The application may be doing too much work on its main thread.
D/dalvikvm(  352): WAIT_FOR_CONCURRENT_GC blocked 1835ms
E/NetdConnector(  352): NDC Command {27 interface fwmark exempt add 10.0.2.4/32} took too long (1651ms)
E/ConnectivityService(  352): Exception trying to add a route: java.lang.IllegalStateException: command '27 interface fwmark exempt add 10.0.2.4/32' failed with '400 27 Failed to add exemption rule (File exists)'
E/logwrapper(  805): executing /system/bin/ip failed: No such file or directory
E/SecondaryTablController(   55): ip route add failed: /system/bin/ip route add 10.0.2.2/32 via 0.0.0.0 dev eth0 table 60
W/FrameworkListener(   55): Handler 'interface' error (No such device)
E/ConnectivityService(  352): Exception trying to add a route: java.lang.IllegalStateException: command '28 interface route add eth0 secondary 10.0.2.2 32 0.0.0.0' failed with '400 28 ip route modification failed (No such device)'
E/logwrapper(  806): executing /system/bin/ip failed: No such file or directory
D/dalvikvm(  352): GC_EXPLICIT freed 59K, 57% free 5505K/12684K, paused 1043ms+10ms, total 1285ms
E/SecondaryTablController(   55): ip route add failed: /system/bin/ip route add 0.0.0.0/0 via 10.0.2.2 dev eth0 table 60
W/FrameworkListener(   55): Handler 'interface' error (No such device)
E/ConnectivityService(  352): Exception trying to add a route: java.lang.IllegalStateException: command '29 interface route add eth0 secondary 0.0.0.0 0 10.0.2.2' failed with '400 29 ip route modification failed (No such device)'
D/Nat464Xlat(  352): requiresClat: netType=5, hasIPv4Address=true
D/MobileDataStateTracker(  352): default: setPolicyDataEnable(enabled=true)
W/NetworkPolicy(  352): shared quota unsupported; generating rule for each iface
I/Choreographer(  692): Skipped 432 frames!  The application may be doing too much work on its main thread.
D/MobileDataStateTracker(  352): hipri: isProvisioningNetwork: retVal=false
D/ConnectivityService(  352): [CheckMp] isMobileOk: isProvisioningNetwork is false, continue
D/ConnectivityService(  352): [CheckMp] isMobileOk: addresses=clients3.google.com/216.58.213.110
D/ConnectivityService(  352): [CheckMp] isMobileOk: linkHasIpv4=true linkHasIpv6=false
D/AndroidRuntime(  807): 
D/AndroidRuntime(  807): >>>>>> AndroidRuntime START com.android.internal.os.RuntimeInit <<<<<<
D/AndroidRuntime(  807): CheckJNI is ON
D/dalvikvm(  807): Trying to load lib libjavacore.so 0x0
D/dalvikvm(  807): Added shared lib libjavacore.so 0x0
D/dalvikvm(  807): Trying to load lib libnativehelper.so 0x0
D/dalvikvm(  807): Added shared lib libnativehelper.so 0x0
D/dalvikvm(  807): No JNI_OnLoad found in libnativehelper.so 0x0, skipping init
W/ActivityManager(  352): Activity destroy timeout for ActivityRecord{b3069be8 u0 com.android.settings/.CryptKeeper t1 f}
E/NetdConnector(  352): NDC Command {31 bandwidth removeiquota eth0} took too long (1452ms)
E/NetdConnector(  352): NDC Command {32 interface route add eth0 default 10.0.2.2 32 0.0.0.0} took too long (1358ms)
D/dalvikvm(  807): Note: class Landroid/app/ActivityManagerNative; has 179 unimplemented (abstract) methods
E/SQLiteLog(  624): (1) no such table: album_info
D/CaptivePortalTracker(  352): NoActiveNetworkState{ when=-23ms what=1 obj=NetworkInfo: type: mobile_hipri[UMTS], state: CONNECTED/CONNECTED, reason: dataEnabled, extra: epc.tmobile.com, roaming: false, failover: false, isAvailable: true, isConnectedToProvisioningNetwork: false target=com.android.internal.util.StateMachine$SmHandler }
D/CaptivePortalTracker(  352): NoActiveNetworkState not a wifi connectivity change, ignore
D/Tethering(  352): MasterInitialState.processMessage what=3
I/ActivityManager(  352): Start proc com.android.externalstorage for broadcast com.android.externalstorage/.MountReceiver: pid=845 uid=10006 gids={50006, 1028, 1015, 1023}
E/memtrack(  807): Couldn't load memtrack module (No such file or directory)
E/android.os.Debug(  807): failed to load memtrack module: -2
E/logwrapper(  860): executing /system/bin/ip failed: No such file or directory
E/NetdConnector(  352): NDC Command {33 bandwidth setiquota eth0 9223372036854775807} took too long (2391ms)
E/NetdConnector(  352): NDC Command {34 interface fwmark exempt add 10.0.2.2/32} took too long (2103ms)
E/ConnectivityService(  352): Exception trying to add a route: java.lang.IllegalStateException: command '34 interface fwmark exempt add 10.0.2.2/32' failed with '400 34 Failed to add exemption rule (File exists)'
D/AndroidRuntime(  807): Calling main entry com.android.commands.pm.Pm
D/ExternalStorage(  845): Missing UUID for /storage/sdcard; skipping
D/ExternalStorage(  845): After updating volumes, found 0 active roots
I/ActivityManager(  352): Start proc com.android.defcontainer for service com.android.defcontainer/.DefaultContainerService: pid=867 uid=10003 gids={50003, 1028, 1015, 1023, 2001, 1035}
W/ProcessCpuTracker(  352): Skipping unknown process pid 878
E/NetdConnector(  352): NDC Command {35 bandwidth removeiquota eth0} took too long (811ms)
E/NetdConnector(  352): NDC Command {36 interface route add eth0 default 216.58.213.110 32 10.0.2.2} took too long (841ms)
I/DownloadManager(  624): Upgrading downloads database from version 0 to version 109, which will destroy all old data
D/ExternalStorage(  845): Missing UUID for /storage/sdcard; skipping
D/ExternalStorage(  845): After updating volumes, found 0 active roots
D/MediaScannerReceiver(  624): action: android.intent.action.MEDIA_MOUNTED path: /storage/sdcard
I/ActivityManager(  352): Start proc com.android.exchange for content provider com.android.exchange/.provider.ExchangeDirectoryProvider: pid=896 uid=10025 gids={50025, 3003, 1028, 1015}
I/ActivityManager(  352): Start proc com.android.email for content provider com.android.email/.provider.EmailProvider: pid=913 uid=10024 gids={50024, 3003, 1028, 1015}
E/logwrapper(  923): executing /system/bin/ip failed: No such file or directory
E/NetdConnector(  352): NDC Command {37 bandwidth setiquota eth0 9223372036854775807} took too long (1945ms)
D/MobileDataStateTracker(  352): default: setPolicyDataEnable(enabled=true)
E/NetdConnector(  352): NDC Command {38 interface fwmark exempt add 216.58.213.110/32} took too long (1913ms)
E/ConnectivityService(  352): Exception trying to add a route: java.lang.IllegalStateException: command '38 interface fwmark exempt add 216.58.213.110/32' failed with '400 38 Failed to add exemption rule (File exists)'
D/ConnectivityService(  352): requestRouteToHostAddress ok=false
D/ConnectivityService(  352): [CheckMp] isMobileOk: could not establish route to hostAddr=clients3.google.com/216.58.213.110
D/dalvikvm(  624): GC_FOR_ALLOC freed 284K, 11% free 2925K/3276K, paused 42ms, total 43ms
D/dalvikvm(  692): GC_CONCURRENT freed 1965K, 24% free 6553K/8592K, paused 5ms+4ms, total 35ms
D/ActivityThread(  913): Loading provider com.android.email.provider;com.android.email.notifier: com.android.email.provider.EmailProvider
D/ActivityThread(  913): Loading provider com.android.email.provider;com.android.email.notifier: com.android.email.provider.EmailProvider
W/ActivityManager(  352): No content provider found for permission revoke: file:///data/local/tmp/sample_for_analysis.apk
D/GpsLocationProvider(  352): NTP server returned: 1541365172886 (Sun Nov 04 15:59:32 EST 2018) reference: 74254 certainty: 31 system time offset: -29705
V/MediaScanner(  624): pruneDeadThumbnailFiles... android.database.sqlite.SQLiteCursor@b2d1a140
V/MediaScanner(  624): /pruneDeadThumbnailFiles... android.database.sqlite.SQLiteCursor@b2d1a140
W/ActivityManager(  352): No content provider found for permission revoke: file:///data/local/tmp/sample_for_analysis.apk
I/PackageManager(  352): Copying native libraries to /data/app-lib/vmdl-1754610610
W/ActivityManager(  352): Unable to start service Intent { cmp=com.android.email/.service.AttachmentDownloadService } U=0: not found
W/ActivityManager(  352): Unable to start service Intent { cmp=com.android.email/.service.AttachmentDownloadService } U=0: not found
D/dalvikvm(  913): GC_FOR_ALLOC freed 291K, 12% free 2911K/3272K, paused 29ms, total 30ms
I/Email   (  913): Observing account changes for notifications
W/ActivityManager(  352): Unable to start service Intent { cmp=com.android.email/.service.AttachmentDownloadService } U=0: not found
D/dalvikvm(  352): GC_CONCURRENT freed 443K, 55% free 5638K/12508K, paused 16ms+4ms, total 74ms
D/dalvikvm(  624): GC_CONCURRENT freed 68K, 10% free 2978K/3276K, paused 3ms+2ms, total 102ms
D/dalvikvm(  352): GC_CONCURRENT freed 380K, 54% free 5877K/12508K, paused 17ms+3ms, total 63ms
I/ContactDirectoryManager(  545): deleted 0 stale rows which don't have any relevant directory
D/dalvikvm(  913): GC_CONCURRENT freed 40K, 11% free 2915K/3272K, paused 2ms+2ms, total 93ms
I/ContactDirectoryManager(  545): Discovered 0 contact directories in 6790ms
I/ContactsProvider(  545): Upgrading aggregation algorithm
I/ContactAggregator(  545): Marked all visible contacts for aggregation: 0 raw contacts, 4 ms
E/logwrapper(  934): executing /system/bin/ip failed: No such file or directory
I/ContactsProvider(  545): Aggregation algorithm upgraded for 0 raw contacts in 62ms
E/ConnectivityService(  352): Exception trying to add a route: java.lang.IllegalStateException: command '41 interface fwmark exempt add 10.0.2.2/32' failed with '400 41 Failed to add exemption rule (File exists)'
E/logwrapper(  935): executing /system/bin/ip failed: No such file or directory
E/ConnectivityService(  352): Exception trying to add a route: java.lang.IllegalStateException: command '43 interface fwmark exempt add 216.58.213.110/32' failed with '400 43 Failed to add exemption rule (File exists)'
D/ConnectivityService(  352): requestRouteToHostAddress ok=false
D/ConnectivityService(  352): [CheckMp] isMobileOk: could not establish route to hostAddr=clients3.google.com/216.58.213.110
E/BluetoothAdapter(  613): Bluetooth binder is null
I/ActivityManager(  352): Start proc com.android.music for broadcast com.android.music/.MediaButtonIntentReceiver: pid=937 uid=10032 gids={50032, 3003, 1028, 1015}
I/dalvikvm(  937): CheckJNI enabled: not enabling JNI app bug workarounds.
I/ContactsFTS(  545): Rebuild contact search index in 205ms, 0 contacts
D/dalvikvm(  545): GC_CONCURRENT freed 255K, 10% free 3083K/3408K, paused 4ms+2ms, total 41ms
D/dalvikvm(  352): GC_CONCURRENT freed 463K, 52% free 6083K/12508K, paused 15ms+5ms, total 67ms
D/dalvikvm(  352): GC_CONCURRENT freed 661K, 51% free 6193K/12508K, paused 7ms+5ms, total 73ms
D/dalvikvm(  352): GC_CONCURRENT freed 796K, 51% free 6197K/12508K, paused 6ms+5ms, total 74ms
D/dalvikvm(  352): GC_CONCURRENT freed 784K, 51% free 6216K/12508K, paused 6ms+6ms, total 72ms
D/dalvikvm(  352): GC_CONCURRENT freed 798K, 51% free 6212K/12508K, paused 6ms+8ms, total 73ms
D/dalvikvm(  352): GC_CONCURRENT freed 808K, 51% free 6208K/12508K, paused 6ms+6ms, total 75ms
D/dalvikvm(  352): GC_CONCURRENT freed 790K, 51% free 6229K/12508K, paused 6ms+7ms, total 78ms
I/PackageManager(  352): Running dexopt on: com.kx.uuuu.iii
E/logwrapper(  949): executing /system/bin/ip failed: No such file or directory
E/ConnectivityService(  352): Exception trying to add a route: java.lang.IllegalStateException: command '45 interface fwmark exempt add 10.0.2.2/32' failed with '400 45 Failed to add exemption rule (File exists)'
E/logwrapper(  951): executing /system/bin/ip failed: No such file or directory
E/ConnectivityService(  352): Exception trying to add a route: java.lang.IllegalStateException: command '47 interface fwmark exempt add 216.58.213.110/32' failed with '400 47 Failed to add exemption rule (File exists)'
D/ConnectivityService(  352): requestRouteToHostAddress ok=false
D/ConnectivityService(  352): [CheckMp] isMobileOk: could not establish route to hostAddr=clients3.google.com/216.58.213.110
D/dalvikvm(  950): DexOpt: load 274ms, verify+opt 833ms, 1720124 bytes
D/dalvikvm(  352): GC_CONCURRENT freed 738K, 51% free 6251K/12508K, paused 6ms+12ms, total 80ms
W/PackageManager(  352): Not granting permission android.permission.READ_LOGS to package com.kx.uuuu.iii (protectionLevel=50 flags=0x8be44)
W/PackageManager(  352): Not granting permission android.permission.MOUNT_UNMOUNT_FILESYSTEMS to package com.kx.uuuu.iii (protectionLevel=18 flags=0x8be44)
W/PackageManager(  352): Unknown permission android.permission.RUN_INSTRUMENTATION in package com.kx.uuuu.iii
W/PackageManager(  352): Unknown permission android.permission.READ_SETTINGS in package com.kx.uuuu.iii
I/ActivityManager(  352): Force stopping com.kx.uuuu.iii appid=10052 user=-1: update pkg
I/InputReader(  352): Reconfiguring input devices.  changes=0x00000010
I/PackageManager(  352):   Action: "android.intent.action.SENDTO"
I/PackageManager(  352):   Category: "android.intent.category.DEFAULT"
I/PackageManager(  352):   Scheme: "sms"
D/BackupManagerService(  352): Received broadcast Intent { act=android.intent.action.PACKAGE_ADDED dat=package:com.kx.uuuu.iii flg=0x4000010 (has extras) }
I/PackageManager(  352): Adding preferred activity ComponentInfo{com.android.mms/com.android.mms.ui.ComposeMessageActivity} for user 0 :
D/dalvikvm(  589): GC_CONCURRENT freed 320K, 13% free 3079K/3532K, paused 4ms+5ms, total 205ms
D/dalvikvm(  692): GC_FOR_ALLOC freed 480K, 25% free 6457K/8592K, paused 153ms, total 158ms
V/BackupManagerService(  352): addPackageParticipantsLocked: #1
I/PackageManager(  352):   Action: "android.intent.action.SENDTO"
I/PackageManager(  352):   Category: "android.intent.category.DEFAULT"
I/PackageManager(  352):   Scheme: "smsto"
I/PackageManager(  352): Adding preferred activity ComponentInfo{com.android.mms/com.android.mms.ui.ComposeMessageActivity} for user 0 :
I/PackageManager(  352):   Action: "android.intent.action.SENDTO"
I/PackageManager(  352):   Category: "android.intent.category.DEFAULT"
I/PackageManager(  352):   Scheme: "mms"
I/PackageManager(  352): Adding preferred activity ComponentInfo{com.android.mms/com.android.mms.ui.ComposeMessageActivity} for user 0 :
I/PackageManager(  352):   Action: "android.intent.action.SENDTO"
I/PackageManager(  352):   Category: "android.intent.category.DEFAULT"
I/PackageManager(  352):   Scheme: "mmsto"
I/PackageManager(  352): Adding preferred activity ComponentInfo{com.android.mms/com.android.mms.ui.ComposeMessageActivity} for user 0 :
I/PackageManager(  352):   Action: "android.intent.action.SENDTO"
I/PackageManager(  352):   Category: "android.intent.category.DEFAULT"
I/PackageManager(  352):   Scheme: "sms"
I/PackageManager(  352): Adding preferred activity ComponentInfo{com.android.mms/com.android.mms.ui.ComposeMessageActivity} for user 0 :
D/dalvikvm(  352): GC_CONCURRENT freed 1408K, 55% free 5741K/12508K, paused 157ms+6ms, total 256ms
I/PackageManager(  352):   Action: "android.intent.action.SENDTO"
I/PackageManager(  352):   Category: "android.intent.category.DEFAULT"
I/PackageManager(  352):   Scheme: "smsto"
I/PackageManager(  352): Adding preferred activity ComponentInfo{com.android.mms/com.android.mms.ui.ComposeMessageActivity} for user 0 :
D/dalvikvm(  603): GC_CONCURRENT freed 424K, 14% free 3365K/3872K, paused 24ms+2ms, total 89ms
I/PackageManager(  352):   Action: "android.intent.action.SENDTO"
I/PackageManager(  352):   Category: "android.intent.category.DEFAULT"
I/PackageManager(  352): Adding preferred activity ComponentInfo{com.android.mms/com.android.mms.ui.ComposeMessageActivity} for user 0 :
I/PackageManager(  352):   Scheme: "mms"
I/PackageManager(  352):   Action: "android.intent.action.SENDTO"
I/PackageManager(  352):   Category: "android.intent.category.DEFAULT"
I/PackageManager(  352):   Scheme: "mmsto"
I/PackageManager(  352): Adding preferred activity ComponentInfo{com.android.mms/com.android.mms.ui.ComposeMessageActivity} for user 0 :
D/dalvikvm(  352): WAIT_FOR_CONCURRENT_GC blocked 287ms
E/logwrapper(  953): executing /system/bin/ip failed: No such file or directory
E/ConnectivityService(  352): Exception trying to add a route: java.lang.IllegalStateException: command '49 interface fwmark exempt add 10.0.2.2/32' failed with '400 49 Failed to add exemption rule (File exists)'
E/logwrapper(  954): executing /system/bin/ip failed: No such file or directory
E/ConnectivityService(  352): Exception trying to add a route: java.lang.IllegalStateException: command '51 interface fwmark exempt add 216.58.213.110/32' failed with '400 51 Failed to add exemption rule (File exists)'
D/ConnectivityService(  352): requestRouteToHostAddress ok=false
D/ConnectivityService(  352): [CheckMp] isMobileOk: could not establish route to hostAddr=clients3.google.com/216.58.213.110
I/MediaFocusControl(  352):   Remote Control   registerMediaButtonIntent() for PendingIntent{b3209df0: PendingIntentRecord{b35cec70 com.android.music broadcastIntent}}
E/BluetoothAdapter(  613): Bluetooth binder is null
I/ActivityManager(  352): Start proc com.android.calendar for broadcast com.android.calendar/.widget.CalendarAppWidgetService$CalendarFactory: pid=956 uid=10016 gids={50016, 3003}
D/ExtensionsFactory(  956): No custom extensions.
D/dalvikvm(  352): GC_EXPLICIT freed 705K, 55% free 5724K/12508K, paused 18ms+7ms, total 718ms
D/AndroidRuntime(  807): Shutting down VM
D/dalvikvm(  807): GC_CONCURRENT freed 95K, 16% free 560K/660K, paused 3ms+3ms, total 25ms
W/RecognitionManagerService(  352): no available voice recognition services found for user 0
I/ActivityManager(  352): Start proc com.android.deskclock for broadcast com.android.deskclock/.AlarmInitReceiver: pid=974 uid=10020 gids={50020, 1028}
D/dalvikvm(   59): GC_EXPLICIT freed 40K, 4% free 2705K/2816K, paused 2ms+2ms, total 59ms
I/ActivityManager(  352): Start proc com.android.providers.calendar for content provider com.android.providers.calendar/.CalendarProvider2: pid=984 uid=10001 gids={50001, 3003, 1028, 1015}
D/dalvikvm(   59): GC_EXPLICIT freed <1K, 4% free 2705K/2816K, paused 2ms+2ms, total 77ms
D/dalvikvm(   59): GC_EXPLICIT freed <1K, 4% free 2705K/2816K, paused 3ms+2ms, total 85ms
V/AlarmClock(  974): AlarmInitReceiver android.intent.action.TIMEZONE_CHANGED
I/CalendarDatabaseHelper(  984): Bootstrapping database
I/AlarmClock(  974): Alarms Table created
I/AlarmClock(  974): Instance table created
I/AlarmClock(  974): Cities table created
I/AlarmClock(  974): Inserting default alarms
I/AlarmClock(  974): Displaying next alarm time: ''
W/BackupManagerService(  352): dataChanged but no participant pkg='com.android.providers.settings' uid=10020
V/AlarmClock(  974): AlarmInitReceiver finished
