--------- beginning of /dev/log/system
I/Vold    (   53): Vold 2.1 (the revenge) firing up
D/Vold    (   53): Volume sdcard state changing -1 (Initializing) -> 0 (No-Media)
D/Vold    (   53): Volume sdcard state changing 0 (No-Media) -> 1 (Idle-Unmounted)
I/SystemServer(  357): Entered the Android system server!
I/SystemServer(  357): Waiting for installd to be ready.
I/SystemServer(  357): Enabled StrictMode logging for WM Looper
I/Installer(  357): connecting...
I/SystemServer(  357): Power Manager
I/SystemServer(  357): Activity Manager
I/ActivityManager(  357): Memory class: 48
I/AppOps  (  357): No existing app ops /data/system/appops.xml; starting empty
W/ProcessCpuTracker(  357): Skipping unknown process pid 382
I/UiThread(  357): Enabled StrictMode logging for UI thread
I/IntentFirewall(  357): Read new rules (A:0 B:0 S:0)
I/ActivityManager(  357): Enabled StrictMode logging for AThread's Looper
I/SystemServer(  357): Display Manager
I/SystemServer(  357): Telephony Registry
I/SystemServer(  357): Scheduling Policy
I/DisplayManagerService(  357): Display device added: DisplayDeviceInfo{"Built-in Screen": 480 x 864, 241.12602 fps, density 160, 160.0 x 160.0 dpi, touch INTERNAL, rotation 0, type BUILT_IN, FLAG_DEFAULT_DISPLAY, FLAG_ROTATES_WITH_CONTENT, FLAG_SECURE, FLAG_SUPPORTS_PROTECTED_BUFFERS}
I/SystemServer(  357): Package Manager
W/FileUtils(  357): Failed to chmod(/data/system/packages.list): libcore.io.ErrnoException: chmod failed: ENOENT (No such file or directory)
D/SELinuxMMAC(  357): Couldn't find install policy /data/security/mac_permissions.xml
D/SELinuxMMAC(  357): Using install policy file /system/etc/security/mac_permissions.xml
I/PackageManager(  357): No settings file; creating initial state
W/PackageManager(  357): Running ENG build: no pre-dexopt!
W/PackageParser(  357): No actions in intent filter at /system/priv-app/Contacts.apk Binary XML file line #375
W/PackageParser(  357): No actions in intent filter at /system/priv-app/Dialer.apk Binary XML file line #163
W/PackageParser(  357): No actions in intent filter at /data/app/ApiDemos.apk Binary XML file line #2899
W/PackageParser(  357): No actions in intent filter at /data/app/ApiDemos.apk Binary XML file line #2905
W/PackageManager(  357): Package com.example.android.apis desires unavailable shared library com.example.will.never.exist; ignoring!
W/PackageManager(  357): Package com.example.android.apis desires unavailable shared library com.example.will.never.exist; ignoring!
W/PackageManager(  357): Package com.android.camera desires unavailable shared library com.google.android.media.effects; ignoring!
I/PackageManager(  357): Time to scan packages: 29.179 seconds
W/PackageManager(  357): Not granting permission android.permission.GLOBAL_SEARCH to package com.android.quicksearchbox (protectionLevel=18 flags=0x8be45)
W/PackageManager(  357): Unknown permission com.android.smspush.WAPPUSH_MANAGER_BIND in package com.android.phone
W/PackageManager(  357): Unknown permission com.google.android.googleapps.permission.GOOGLE_AUTH in package com.android.providers.calendar
W/PackageManager(  357): Unknown permission com.google.android.googleapps.permission.GOOGLE_AUTH.cl in package com.android.providers.calendar
W/PackageManager(  357): Unknown permission com.google.android.googleapps.permission.GOOGLE_AUTH.mail in package com.android.calendar
W/PackageManager(  357): Not granting permission android.permission.ACCESS_DOWNLOAD_MANAGER to package com.android.browser (protectionLevel=18 flags=0x9be45)
W/PackageManager(  357): Not granting permission android.permission.SEND_DOWNLOAD_COMPLETED_INTENTS to package com.android.browser (protectionLevel=2 flags=0x9be45)
W/PackageManager(  357): Not granting permission android.permission.BIND_APPWIDGET to package com.android.widgetpreview (protectionLevel=18 flags=0x8be44)
W/PackageManager(  357): Unknown permission android.permission.INSTALL_DRM in package com.android.mms
W/PackageManager(  357): Unknown permission com.google.android.googleapps.permission.GOOGLE_AUTH in package com.android.settings
W/PackageManager(  357): Unknown permission com.google.android.googleapps.permission.ACCESS_GOOGLE_PASSWORD in package com.android.development
W/PackageManager(  357): Unknown permission com.google.android.googleapps.permission.GOOGLE_AUTH in package com.android.development
W/PackageManager(  357): Unknown permission com.google.android.googleapps.permission.GOOGLE_AUTH.ALL_SERVICES in package com.android.development
W/PackageManager(  357): Unknown permission com.google.android.googleapps.permission.GOOGLE_AUTH.YouTubeUser in package com.android.development
W/PackageManager(  357): Not granting permission android.permission.DELETE_PACKAGES to package com.svox.pico (protectionLevel=18 flags=0x8be45)
W/PackageManager(  357): Not granting permission android.permission.DEVICE_POWER to package com.android.deskclock (protectionLevel=2 flags=0x48be45)
I/SystemServer(  357): Entropy Mixer
W/EntropyMixer(  357): No existing entropy file -- first boot?
I/EntropyMixer(  357): Writing entropy...
I/SystemServer(  357): User Service
I/SystemServer(  357): Account Manager
I/SystemServer(  357): Content Manager
I/SystemServer(  357): System Content Providers
D/SettingsProvider(  357): Generated and saved new ANDROID_ID [18e701c6d82cd65b] for user 0
I/SystemServer(  357): Lights Service
I/SystemServer(  357): Battery Service
I/SystemServer(  357): Vibrator Service
I/SystemServer(  357): Consumer IR Service
I/SystemServer(  357): Alarm Manager
I/SystemServer(  357): Init Watchdog
I/SystemServer(  357): Input Manager
I/InputManager(  357): Initializing input manager, mUseDevInputEventForAudioJack=false
I/SystemServer(  357): Window Manager
I/WindowManager(  357): No existing display settings /data/system/display_settings.xml; starting empty
I/WindowManager(  357): No keyguard interface!
I/InputManager(  357): Starting input manager
I/SystemServer(  357): No Bluetooh Service (emulator)
I/SystemServer(  357): Input Method Service
W/InputMethodManagerService(  357): No IME selected. Choose the most applicable IME.
I/InputMethodManagerService(  357): No default found, using com.android.inputmethod.latin/.LatinIME
I/SystemServer(  357): Accessibility Manager
I/ActivityManager(  357): Config changes=1df8 {1.0 ?mcc?mnc en_US ldltr sw480dp w480dp h864dp 160dpi lrg long port ?uimode ?night -touch -keyb/h/h tball/v s.2}
I/ActivityManager(  357): Config changes=408 {1.0 ?mcc?mnc en_US ldltr sw480dp w480dp h839dp 160dpi lrg long port ?uimode ?night finger -keyb/h/h tball/v s.3}
I/SystemServer(  357): Mount Service
D/MountService(  357): got storage path: /storage/sdcard description: USB storage primary: true removable: false emulated: false mtpReserve: 0 allowMassStorage: false maxFileSize: 0
D/MountService(  357): addVolumeLocked() StorageVolume:
D/MountService(  357):     mStorageId=0 mPath=/storage/sdcard mDescriptionId=17040665 mPrimary=true 
D/MountService(  357):     mRemovable=false mEmulated=false mMtpReserveSpace=0 
D/MountService(  357):     mAllowMassStorage=false mMaxFileSize=0 mOwner=null mUuid=null 
D/MountService(  357):     mUserLabel=null mState=null 
I/SystemServer(  357): LockSettingsService
I/SystemServer(  357): Device Policy
I/SystemServer(  357): Status Bar
I/SystemServer(  357): Clipboard Service
I/SystemServer(  357): NetworkManagement Service
I/SystemServer(  357): Text Service Manager Service
W/MountService(  357): Duplicate state transition (unmounted -> unmounted) for /storage/sdcard
W/MountService(  357): getSecureContainerList() called when storage not mounted
I/SystemServer(  357): NetworkStats Service
W/PackageManager(  357): Not granting permission android.permission.GLOBAL_SEARCH to package com.android.quicksearchbox (protectionLevel=18 flags=0x8be45)
I/SystemServer(  357): NetworkPolicy Service
I/SystemServer(  357): Wi-Fi P2pService
W/PackageManager(  357): Unknown permission com.android.smspush.WAPPUSH_MANAGER_BIND in package com.android.phone
W/PackageManager(  357): Unknown permission com.google.android.googleapps.permission.GOOGLE_AUTH in package com.android.providers.calendar
W/PackageManager(  357): Unknown permission com.google.android.googleapps.permission.GOOGLE_AUTH.cl in package com.android.providers.calendar
W/PackageManager(  357): Unknown permission com.google.android.googleapps.permission.GOOGLE_AUTH.mail in package com.android.calendar
W/PackageManager(  357): Not granting permission android.permission.ACCESS_DOWNLOAD_MANAGER to package com.android.browser (protectionLevel=18 flags=0x9be45)
W/PackageManager(  357): Not granting permission android.permission.SEND_DOWNLOAD_COMPLETED_INTENTS to package com.android.browser (protectionLevel=2 flags=0x9be45)
W/PackageManager(  357): Not granting permission android.permission.BIND_APPWIDGET to package com.android.widgetpreview (protectionLevel=18 flags=0x8be44)
W/PackageManager(  357): Unknown permission android.permission.INSTALL_DRM in package com.android.mms
W/PackageManager(  357): Unknown permission com.google.android.googleapps.permission.GOOGLE_AUTH in package com.android.settings
W/PackageManager(  357): Unknown permission com.google.android.googleapps.permission.ACCESS_GOOGLE_PASSWORD in package com.android.development
W/PackageManager(  357): Unknown permission com.google.android.googleapps.permission.GOOGLE_AUTH in package com.android.development
W/PackageManager(  357): Unknown permission com.google.android.googleapps.permission.GOOGLE_AUTH.ALL_SERVICES in package com.android.development
W/PackageManager(  357): Unknown permission com.google.android.googleapps.permission.GOOGLE_AUTH.YouTubeUser in package com.android.development
W/PackageManager(  357): Not granting permission android.permission.DELETE_PACKAGES to package com.svox.pico (protectionLevel=18 flags=0x8be45)
W/PackageManager(  357): Not granting permission android.permission.DEVICE_POWER to package com.android.deskclock (protectionLevel=2 flags=0x48be45)
I/SystemServer(  357): Wi-Fi Service
I/SystemServer(  357): Connectivity Service
D/ConnectivityService(  357): ConnectivityService starting up
D/ConnectivityService(  357): wifiOnly=false
E/MobileDataStateTracker(  357): default: Ignoring feature request because could not acquire PhoneService
E/MobileDataStateTracker(  357): default: Could not enable APN type "default"
I/WifiService(  357): WifiService starting up with Wi-Fi disabled
I/SystemServer(  357): Network Service Discovery Service
D/NsdService(  357): Network service discovery enabled true
I/SystemServer(  357): UpdateLock Service
I/SystemServer(  357): Notification Manager
I/SystemServer(  357): Device Storage Monitor
I/SystemServer(  357): Location Manager
I/SystemServer(  357): Country Detector
I/SystemServer(  357): Search Service
I/SystemServer(  357): DropBox Service
I/SystemServer(  357): Wallpaper Service
W/WallpaperService(  357): no current wallpaper -- first boot?
I/SystemServer(  357): Audio Service
I/SystemServer(  357): Dock Observer
W/DockObserver(  357): This kernel does not have dock station support
I/SystemServer(  357): Wired Accessory Manager
W/WiredAccessoryManager(  357): This kernel does not have wired headset support
W/WiredAccessoryManager(  357): This kernel does not have usb audio support
W/WiredAccessoryManager(  357): This kernel does not have HDMI audio support
I/SystemServer(  357): USB Service
I/SystemServer(  357): Serial Service
I/SystemServer(  357): Twilight Service
I/SystemServer(  357): UI Mode Manager Service
I/SystemServer(  357): Backup Service
V/BackupManagerService(  357): Initializing package tracking
V/BackupManagerService(  357): No ancestral data
V/BackupManagerService(  357): addPackageParticipantsLocked: all
I/BackupManagerService(  357): Scheduling backup for new app com.android.calendar
D/BackupManagerService(  357): Now staging backup of com.android.calendar
I/BackupManagerService(  357): Scheduling backup for new app com.android.browser
D/BackupManagerService(  357): Now staging backup of com.android.browser
I/BackupManagerService(  357): Scheduling backup for new app com.android.providers.userdictionary
D/BackupManagerService(  357): Now staging backup of com.android.providers.userdictionary
I/BackupManagerService(  357): Scheduling backup for new app com.android.sharedstoragebackup
D/BackupManagerService(  357): Now staging backup of com.android.sharedstoragebackup
I/BackupManagerService(  357): Scheduling backup for new app android
D/BackupManagerService(  357): Now staging backup of android
I/BackupManagerService(  357): Scheduling backup for new app com.android.dialer
D/BackupManagerService(  357): Now staging backup of com.android.dialer
I/BackupManagerService(  357): Scheduling backup for new app com.android.providers.settings
D/BackupManagerService(  357): Now staging backup of com.android.providers.settings
V/BackupManagerService(  357): Starting with transport android/com.android.internal.backup.LocalTransport
V/BackupManagerService(  357): Found transports: 1
I/BackupManagerService(  357): Binding to transport host ComponentInfo{android/com.android.internal.backup.LocalTransportService}
I/BackupManagerService(  357): Backup enabled => true
I/SystemServer(  357): AppWidget Service
I/SystemServer(  357): Recognition Service
I/SystemServer(  357): DiskStats Service
I/SystemServer(  357): SamplingProfiler Service
I/SystemServer(  357): NetworkTimeUpdateService
I/SystemServer(  357): CommonTimeManagementService
I/SystemServer(  357): CertBlacklister
I/SystemServer(  357): Dreams Service
I/SystemServer(  357): Assets Atlas Service
I/SystemServer(  357): IdleMaintenanceService
I/SystemServer(  357): Print Service
I/SystemServer(  357): Media Router Service
I/LockSettingsService(  357): Migrated lock settings to new location
I/LockSettingsService(  357): Migrated per-user lock settings to new location
I/ActivityManager(  357): Start proc com.android.systemui for service com.android.keyguard/.KeyguardService: pid=461 uid=10007 gids={50007, 1028, 1015, 1035, 3002, 3001}
W/SystemServer(  357): ***********************************************
I/ActivityManager(  357): Sending system update to ComponentInfo{com.android.providers.calendar/com.android.providers.calendar.CalendarUpgradeReceiver} for user 0
I/ActivityManager(  357): Sending system update to ComponentInfo{com.android.providers.contacts/com.android.providers.contacts.ContactsUpgradeReceiver} for user 0
I/ActivityManager(  357): Sending system update to ComponentInfo{com.android.providers.media/com.android.providers.media.MediaUpgradeReceiver} for user 0
I/SystemServer(  357): Enabled StrictMode for system server main thread.
I/ActivityManager(  357): Start proc com.android.providers.calendar for broadcast com.android.providers.calendar/.CalendarUpgradeReceiver: pid=472 uid=10001 gids={50001, 3003, 1028, 1015}
W/InputMethodManagerService(  357): Focus gain on non-focused client android.view.inputmethod.InputMethodManager$1@b360c330 (uid=1000 pid=357)
V/BackupManagerService(  357): Connected to transport ComponentInfo{android/com.android.internal.backup.LocalTransportService}
V/BackupManagerService(  357): Registering transport android/com.android.internal.backup.LocalTransportService::android/com.android.internal.backup.LocalTransport = com.android.internal.backup.LocalTransport@b3317d30
I/ActivityManager(  357): Launching preboot mode app: ProcessRecord{b32bc490 472:com.android.providers.calendar/u0a1}
I/ActivityManager(  357): Start proc android.process.acore for broadcast com.android.providers.contacts/.ContactsUpgradeReceiver: pid=492 uid=10002 gids={50002, 3003, 1028, 1015}
I/ActivityManager(  357): Launching preboot mode app: ProcessRecord{b32f30c0 492:android.process.acore/u0a2}
I/ActivityManager(  357): Start proc android.process.media for broadcast com.android.providers.media/.MediaUpgradeReceiver: pid=510 uid=10005 gids={50005, 1028, 1015, 1023, 1024, 2001, 3003, 3007}
I/ActivityManager(  357): Launching preboot mode app: ProcessRecord{b36228f8 510:android.process.media/u0a5}
I/ActivityManager(  357): Writing new set of last done pre-boot receivers...
I/ActivityManager(  357): Removing system update proc: ProcessRecord{b32bc490 472:com.android.providers.calendar/u0a1}
I/ActivityManager(  357): Killing 472:com.android.providers.calendar/u0a1 (adj 13): system update done
I/ActivityManager(  357): Removing system update proc: ProcessRecord{b32f30c0 492:android.process.acore/u0a2}
I/ActivityManager(  357): Killing 492:android.process.acore/u0a2 (adj 11): system update done
I/ActivityManager(  357): Removing system update proc: ProcessRecord{b36228f8 510:android.process.media/u0a5}
I/ActivityManager(  357): Killing 510:android.process.media/u0a5 (adj 9): system update done
I/ActivityManager(  357): System now ready
I/SystemServer(  357): Making services ready
D/NetworkManagementService(  357): enabling bandwidth control
I/Vold    (   53): /dev/block/vold/179:0 being considered for volume sdcard
D/Vold    (   53): Volume sdcard state changing 1 (Idle-Unmounted) -> 3 (Checking)
D/MountService(  357): volume state changed for /storage/sdcard (unmounted -> checking)
D/MountService(  357): sendStorageIntent Intent { act=android.intent.action.MEDIA_CHECKING dat=file:///storage/sdcard (has extras) } to UserHandle{-1}
I/Vold    (   53): Filesystem check completed OK
I/StatusBarManagerService(  357): registerStatusBar bar=com.android.internal.statusbar.IStatusBar$Stub$Proxy@b325a3e8
D/Vold    (   53): Volume sdcard state changing 3 (Checking) -> 4 (Mounted)
E/VoldConnector(  357): NDC Command {3 volume mount /storage/sdcard} took too long (719ms)
D/MountService(  357): volume state changed for /storage/sdcard (checking -> mounted)
D/MountService(  357): sendStorageIntent Intent { act=android.intent.action.MEDIA_MOUNTED dat=file:///storage/sdcard (has extras) } to UserHandle{-1}
W/PackageManager(  357): Not granting permission android.permission.GLOBAL_SEARCH to package com.android.quicksearchbox (protectionLevel=18 flags=0x88be45)
W/PackageManager(  357): Unknown permission com.android.smspush.WAPPUSH_MANAGER_BIND in package com.android.phone
W/PackageManager(  357): Unknown permission com.google.android.googleapps.permission.GOOGLE_AUTH in package com.android.providers.calendar
W/PackageManager(  357): Unknown permission com.google.android.googleapps.permission.GOOGLE_AUTH.cl in package com.android.providers.calendar
W/PackageManager(  357): Unknown permission com.google.android.googleapps.permission.GOOGLE_AUTH.mail in package com.android.calendar
W/PackageManager(  357): Not granting permission android.permission.ACCESS_DOWNLOAD_MANAGER to package com.android.browser (protectionLevel=18 flags=0x89be45)
W/PackageManager(  357): Not granting permission android.permission.SEND_DOWNLOAD_COMPLETED_INTENTS to package com.android.browser (protectionLevel=2 flags=0x89be45)
W/PackageManager(  357): Not granting permission android.permission.BIND_APPWIDGET to package com.android.widgetpreview (protectionLevel=18 flags=0x8be44)
W/PackageManager(  357): Unknown permission android.permission.INSTALL_DRM in package com.android.mms
W/PackageManager(  357): Unknown permission com.google.android.googleapps.permission.GOOGLE_AUTH in package com.android.settings
W/PackageManager(  357): Unknown permission com.google.android.googleapps.permission.ACCESS_GOOGLE_PASSWORD in package com.android.development
W/PackageManager(  357): Unknown permission com.google.android.googleapps.permission.GOOGLE_AUTH in package com.android.development
W/PackageManager(  357): Unknown permission com.google.android.googleapps.permission.GOOGLE_AUTH.ALL_SERVICES in package com.android.development
W/PackageManager(  357): Unknown permission com.google.android.googleapps.permission.GOOGLE_AUTH.YouTubeUser in package com.android.development
W/PackageManager(  357): Not granting permission android.permission.DELETE_PACKAGES to package com.svox.pico (protectionLevel=18 flags=0x88be45)
W/PackageManager(  357): Not granting permission android.permission.DEVICE_POWER to package com.android.deskclock (protectionLevel=2 flags=0xc8be45)
E/NetdConnector(  357): NDC Command {1 bandwidth enable} took too long (3114ms)
E/NetdConnector(  357): NDC Command {2 firewall disable} took too long (634ms)
I/ActivityManager(  357): Start proc android.process.acore for content provider com.android.providers.contacts/.ContactsProvider2: pid=573 uid=10002 gids={50002, 3003, 1028, 1015}
I/ActivityManager(  357): Config changes=200 {1.0 ?mcc?mnc en_US ldltr sw480dp w480dp h839dp 160dpi lrg long port finger -keyb/h/h tball/v s.4}
W/RecognitionManagerService(  357): no available voice recognition services found for user 0
W/AppWidgetServiceImpl(  357): Failed to read state: java.io.FileNotFoundException: /data/system/users/0/appwidgets.xml: open failed: ENOENT (No such file or directory)
W/InputMethodManagerService(  357): Ignoring setImeWindowStatus of uid 1000 token: null
W/InputMethodUtils(  357): Found no subtypes in a system IME: com.android.inputmethod.pinyin
W/InputMethodManagerService(  357): Reset the default IME as "Resource" is ready here.
W/InputMethodUtils(  357): Found no subtypes in a system IME: com.android.inputmethod.pinyin
I/InputMethodManagerService(  357): Selected default: com.android.inputmethod.latin/.LatinIME
I/ActivityManager(  357): Config changes=20 {1.0 ?mcc?mnc en_US ldltr sw480dp w480dp h839dp 160dpi lrg long port finger -keyb/v/h tball/v s.5}
I/ActivityManager(  357): Start proc com.android.inputmethod.latin for service com.android.inputmethod.latin/.LatinIME: pid=598 uid=10029 gids={50029, 1028, 1015}
V/InputMethodManagerService(  357): Adding window token: android.os.Binder@b2ddc440
W/LocationManagerService(  357): no network location provider found
W/InputMethodManagerService(  357): Illegal subtype state: old subtype = null, new subtype = android.view.inputmethod.InputMethodSubtype@c9194f98
E/LocationManagerService(  357): no geocoder provider found
E/LocationManagerService(  357): No FusedProvider found.
E/LocationManagerService(  357): no geofence provider found
I/ActivityManager(  357): Start proc com.android.phone for added application com.android.phone: pid=613 uid=1001 gids={41001, 3002, 3001, 3003, 1028, 1015}
I/ActivityManager(  357): START u0 {act=android.intent.action.MAIN cat=[android.intent.category.HOME] flg=0x10000000 cmp=com.android.settings/.CryptKeeper} from pid 0
I/ActivityManager(  357): Start proc com.android.settings for activity com.android.settings/.CryptKeeper: pid=623 uid=1000 gids={41000, 1028, 1015, 3002, 3001, 3003}
I/ActivityManager(  357): Start proc com.android.printspooler for service com.android.printspooler/.PrintSpoolerService: pid=631 uid=10039 gids={50039}
I/ActivityManager(  357): Start proc android.process.media for broadcast com.android.providers.downloads/.DownloadReceiver: pid=642 uid=10005 gids={50005, 1028, 1015, 1023, 1024, 2001, 3003, 3007}
I/ActivityManager(  357): START u0 {act=android.intent.action.MAIN cat=[android.intent.category.HOME] flg=0x10000000 cmp=com.android.sdksetup/.DefaultActivity} from pid 0
I/ActivityManager(  357): Start proc com.android.sdksetup for activity com.android.sdksetup/.DefaultActivity: pid=673 uid=10042 gids={50042}
W/BackupManagerService(  357): dataChanged but no participant pkg='com.android.providers.settings' uid=1001
I/PackageManager(  357): Adding preferred activity ComponentInfo{com.android.mms/com.android.mms.ui.ComposeMessageActivity} for user 0 :
I/PackageManager(  357): Adding preferred activity ComponentInfo{com.android.mms/com.android.mms.ui.ComposeMessageActivity} for user 0 :
I/PackageManager(  357): Adding preferred activity ComponentInfo{com.android.mms/com.android.mms.ui.ComposeMessageActivity} for user 0 :
I/PackageManager(  357): Adding preferred activity ComponentInfo{com.android.mms/com.android.mms.ui.ComposeMessageActivity} for user 0 :
I/PackageManager(  357): Adding preferred activity ComponentInfo{com.android.mms/com.android.mms.ui.ComposeMessageActivity} for user 0 :
I/PackageManager(  357): Adding preferred activity ComponentInfo{com.android.mms/com.android.mms.ui.ComposeMessageActivity} for user 0 :
I/PackageManager(  357): Adding preferred activity ComponentInfo{com.android.mms/com.android.mms.ui.ComposeMessageActivity} for user 0 :
I/PackageManager(  357): Adding preferred activity ComponentInfo{com.android.mms/com.android.mms.ui.ComposeMessageActivity} for user 0 :
I/ActivityManager(  357): Force stopping com.android.sdksetup appid=10042 user=0: pkg changed
I/ActivityManager(  357): Killing 673:com.android.sdksetup/u0a42 (adj 0): stop com.android.sdksetup
I/ActivityManager(  357):   Force finishing activity ActivityRecord{b320e0c8 u0 com.android.sdksetup/.DefaultActivity t2}
I/ActivityManager(  357): START u0 {act=android.intent.action.MAIN cat=[android.intent.category.HOME] flg=0x10000000 cmp=com.android.launcher/com.android.launcher2.Launcher} from pid 0
I/ActivityManager(  357): Start proc com.android.launcher for activity com.android.launcher/com.android.launcher2.Launcher: pid=727 uid=10008 gids={50008}
I/PackageManager(  357): Adding preferred activity ComponentInfo{com.android.mms/com.android.mms.ui.ComposeMessageActivity} for user 0 :
I/PackageManager(  357): Adding preferred activity ComponentInfo{com.android.mms/com.android.mms.ui.ComposeMessageActivity} for user 0 :
I/PackageManager(  357): Adding preferred activity ComponentInfo{com.android.mms/com.android.mms.ui.ComposeMessageActivity} for user 0 :
I/PackageManager(  357): Adding preferred activity ComponentInfo{com.android.mms/com.android.mms.ui.ComposeMessageActivity} for user 0 :
I/PackageManager(  357): Adding preferred activity ComponentInfo{com.android.mms/com.android.mms.ui.ComposeMessageActivity} for user 0 :
I/PackageManager(  357): Adding preferred activity ComponentInfo{com.android.mms/com.android.mms.ui.ComposeMessageActivity} for user 0 :
I/PackageManager(  357): Adding preferred activity ComponentInfo{com.android.mms/com.android.mms.ui.ComposeMessageActivity} for user 0 :
I/PackageManager(  357): Adding preferred activity ComponentInfo{com.android.mms/com.android.mms.ui.ComposeMessageActivity} for user 0 :
D/MccTable(  613): updateMccMncConfiguration: mcc=310, mnc=260
D/MccTable(  613): timezone set to America/New_York
D/MccTable(  613): getLocaleFromMcc to en_us mcc=310
D/MccTable(  613): getLocaleForLanguageCountry: got match
D/MccTable(  613): getLocaleForLanguageCountry: X locale=en_US
D/MccTable(  613): WIFI_COUNTRY_CODE set to us
I/WifiService(  357): WifiService trying to set country code to us with persist set to true
D/MccTable(  613): updateMccMncConfiguration: mcc=310, mnc=260
D/MccTable(  613): getLocaleFromMcc to en_us mcc=310
D/MccTable(  613): getLocaleForLanguageCountry: got match
D/MccTable(  613): getLocaleForLanguageCountry: X locale=en_US
D/MccTable(  613): updateMccMncConfiguration updateConfig config={1.0 310mcc260mnc en_US ldltr ?swdp ?wdp ?hdp ?density ?lsize ?long ?orien ?uimode ?night ?touch ?keyb/?/? ?nav/?}
I/ActivityManager(  357): Config changes=3 {1.0 310mcc260mnc en_US ldltr sw480dp w480dp h839dp 160dpi lrg long port finger -keyb/v/h tball/v s.6}
D/MccTable(  613): updateMccMncConfiguration: mcc=310, mnc=260
D/MccTable(  613): getLocaleFromMcc to en_us mcc=310
D/MccTable(  613): getLocaleForLanguageCountry: skipping already persisted
D/MccTable(  613): getLocaleForLanguageCountry: X locale=null
D/MccTable(  613): updateMccMncConfiguration updateConfig config={1.0 310mcc260mnc ?locale ?layoutDir ?swdp ?wdp ?hdp ?density ?lsize ?long ?orien ?uimode ?night ?touch ?keyb/?/? ?nav/?}
D/MobileDataStateTracker(  357): fota: Broadcast received: android.intent.action.ANY_DATA_STATE apnType=fota
D/MobileDataStateTracker(  357): fota: Received state=DISCONNECTED, old=DISCONNECTED, reason=radioTurnedOff
D/MobileDataStateTracker(  357): ia: Broadcast received: android.intent.action.ANY_DATA_STATE apnType=ia
D/MobileDataStateTracker(  357): ia: Received state=DISCONNECTED, old=DISCONNECTED, reason=radioTurnedOff
D/MobileDataStateTracker(  357): supl: Broadcast received: android.intent.action.ANY_DATA_STATE apnType=supl
D/MobileDataStateTracker(  357): supl: Received state=DISCONNECTED, old=DISCONNECTED, reason=radioTurnedOff
D/MobileDataStateTracker(  357): hipri: Broadcast received: android.intent.action.ANY_DATA_STATE apnType=hipri
D/MobileDataStateTracker(  357): hipri: Received state=DISCONNECTED, old=DISCONNECTED, reason=radioTurnedOff
D/MobileDataStateTracker(  357): ims: Broadcast received: android.intent.action.ANY_DATA_STATE apnType=ims
D/MobileDataStateTracker(  357): ims: Received state=DISCONNECTED, old=DISCONNECTED, reason=radioTurnedOff
D/MobileDataStateTracker(  357): default: Broadcast received: android.intent.action.ANY_DATA_STATE apnType=default
D/MobileDataStateTracker(  357): default: Received state=DISCONNECTED, old=DISCONNECTED, reason=radioTurnedOff
D/MobileDataStateTracker(  357): mms: Broadcast received: android.intent.action.ANY_DATA_STATE apnType=mms
D/MobileDataStateTracker(  357): mms: Received state=DISCONNECTED, old=DISCONNECTED, reason=radioTurnedOff
D/MobileDataStateTracker(  357): cbs: Broadcast received: android.intent.action.ANY_DATA_STATE apnType=cbs
D/MobileDataStateTracker(  357): cbs: Received state=DISCONNECTED, old=DISCONNECTED, reason=radioTurnedOff
D/MobileDataStateTracker(  357): fota: Broadcast received: android.intent.action.ANY_DATA_STATE apnType=fota
D/MobileDataStateTracker(  357): fota: Received state=DISCONNECTED, old=DISCONNECTED, reason=radioTurnedOff
D/MobileDataStateTracker(  357): ia: Broadcast received: android.intent.action.ANY_DATA_STATE apnType=ia
D/MobileDataStateTracker(  357): ia: Received state=DISCONNECTED, old=DISCONNECTED, reason=radioTurnedOff
D/MobileDataStateTracker(  357): supl: Broadcast received: android.intent.action.ANY_DATA_STATE apnType=supl
D/MobileDataStateTracker(  357): supl: Received state=DISCONNECTED, old=DISCONNECTED, reason=radioTurnedOff
D/MobileDataStateTracker(  357): hipri: Broadcast received: android.intent.action.ANY_DATA_STATE apnType=hipri
D/MobileDataStateTracker(  357): hipri: Received state=DISCONNECTED, old=DISCONNECTED, reason=radioTurnedOff
D/MobileDataStateTracker(  357): ims: Broadcast received: android.intent.action.ANY_DATA_STATE apnType=ims
D/MobileDataStateTracker(  357): ims: Received state=DISCONNECTED, old=DISCONNECTED, reason=radioTurnedOff
D/MobileDataStateTracker(  357): default: Broadcast received: android.intent.action.ANY_DATA_STATE apnType=default
D/MobileDataStateTracker(  357): default: Received state=DISCONNECTED, old=DISCONNECTED, reason=radioTurnedOff
D/MobileDataStateTracker(  357): mms: Broadcast received: android.intent.action.ANY_DATA_STATE apnType=mms
D/MobileDataStateTracker(  357): mms: Received state=DISCONNECTED, old=DISCONNECTED, reason=radioTurnedOff
D/MobileDataStateTracker(  357): cbs: Broadcast received: android.intent.action.ANY_DATA_STATE apnType=cbs
D/MobileDataStateTracker(  357): cbs: Received state=DISCONNECTED, old=DISCONNECTED, reason=radioTurnedOff
D/MobileDataStateTracker(  357): fota: Broadcast received: android.intent.action.ANY_DATA_STATE apnType=fota
D/MobileDataStateTracker(  357): fota: Received state=DISCONNECTED, old=DISCONNECTED, reason=dataDetached
D/MobileDataStateTracker(  357): ia: Broadcast received: android.intent.action.ANY_DATA_STATE apnType=ia
D/MobileDataStateTracker(  357): ia: Received state=DISCONNECTED, old=DISCONNECTED, reason=dataDetached
D/MobileDataStateTracker(  357): supl: Broadcast received: android.intent.action.ANY_DATA_STATE apnType=supl
D/MobileDataStateTracker(  357): supl: Received state=DISCONNECTED, old=DISCONNECTED, reason=dataDetached
D/MobileDataStateTracker(  357): hipri: Broadcast received: android.intent.action.ANY_DATA_STATE apnType=hipri
D/MobileDataStateTracker(  357): hipri: Received state=DISCONNECTED, old=DISCONNECTED, reason=dataDetached
D/MobileDataStateTracker(  357): ims: Broadcast received: android.intent.action.ANY_DATA_STATE apnType=ims
D/MobileDataStateTracker(  357): ims: Received state=DISCONNECTED, old=DISCONNECTED, reason=dataDetached
D/MobileDataStateTracker(  357): default: Broadcast received: android.intent.action.ANY_DATA_STATE apnType=default
D/MobileDataStateTracker(  357): default: Received state=DISCONNECTED, old=DISCONNECTED, reason=dataDetached
D/MobileDataStateTracker(  357): mms: Broadcast received: android.intent.action.ANY_DATA_STATE apnType=mms
D/MobileDataStateTracker(  357): mms: Received state=DISCONNECTED, old=DISCONNECTED, reason=dataDetached
D/MobileDataStateTracker(  357): cbs: Broadcast received: android.intent.action.ANY_DATA_STATE apnType=cbs
D/MobileDataStateTracker(  357): cbs: Received state=DISCONNECTED, old=DISCONNECTED, reason=dataDetached
D/MobileDataStateTracker(  357): fota: Broadcast received: android.intent.action.ANY_DATA_STATE apnType=fota
D/MobileDataStateTracker(  357): fota: Received state=DISCONNECTED, old=DISCONNECTED, reason=roamingOff
D/MobileDataStateTracker(  357): ia: Broadcast received: android.intent.action.ANY_DATA_STATE apnType=ia
D/MobileDataStateTracker(  357): ia: Received state=DISCONNECTED, old=DISCONNECTED, reason=roamingOff
D/MobileDataStateTracker(  357): supl: Broadcast received: android.intent.action.ANY_DATA_STATE apnType=supl
D/MobileDataStateTracker(  357): supl: Received state=DISCONNECTED, old=DISCONNECTED, reason=roamingOff
D/MobileDataStateTracker(  357): hipri: Broadcast received: android.intent.action.ANY_DATA_STATE apnType=hipri
D/MobileDataStateTracker(  357): hipri: Received state=DISCONNECTED, old=DISCONNECTED, reason=roamingOff
D/MobileDataStateTracker(  357): ims: Broadcast received: android.intent.action.ANY_DATA_STATE apnType=ims
D/MobileDataStateTracker(  357): ims: Received state=DISCONNECTED, old=DISCONNECTED, reason=roamingOff
D/MobileDataStateTracker(  357): default: Broadcast received: android.intent.action.ANY_DATA_STATE apnType=default
D/MobileDataStateTracker(  357): default: Received state=DISCONNECTED, old=DISCONNECTED, reason=roamingOff
D/MobileDataStateTracker(  357): mms: Broadcast received: android.intent.action.ANY_DATA_STATE apnType=mms
D/MobileDataStateTracker(  357): mms: Received state=DISCONNECTED, old=DISCONNECTED, reason=roamingOff
D/MobileDataStateTracker(  357): cbs: Broadcast received: android.intent.action.ANY_DATA_STATE apnType=cbs
D/MobileDataStateTracker(  357): cbs: Received state=DISCONNECTED, old=DISCONNECTED, reason=roamingOff
D/MobileDataStateTracker(  357): fota: Broadcast received: android.intent.action.ANY_DATA_STATE apnType=fota
D/MobileDataStateTracker(  357): fota: Received state=DISCONNECTED, old=DISCONNECTED, reason=roamingOff
D/MobileDataStateTracker(  357): ia: Broadcast received: android.intent.action.ANY_DATA_STATE apnType=ia
D/MobileDataStateTracker(  357): ia: Received state=DISCONNECTED, old=DISCONNECTED, reason=roamingOff
D/MobileDataStateTracker(  357): supl: Broadcast received: android.intent.action.ANY_DATA_STATE apnType=supl
D/MobileDataStateTracker(  357): supl: Received state=DISCONNECTED, old=DISCONNECTED, reason=roamingOff
D/MobileDataStateTracker(  357): hipri: Broadcast received: android.intent.action.ANY_DATA_STATE apnType=hipri
D/MobileDataStateTracker(  357): hipri: Received state=DISCONNECTED, old=DISCONNECTED, reason=roamingOff
D/MobileDataStateTracker(  357): ims: Broadcast received: android.intent.action.ANY_DATA_STATE apnType=ims
D/MobileDataStateTracker(  357): ims: Received state=DISCONNECTED, old=DISCONNECTED, reason=roamingOff
D/MobileDataStateTracker(  357): default: Broadcast received: android.intent.action.ANY_DATA_STATE apnType=default
D/MobileDataStateTracker(  357): default: Received state=DISCONNECTED, old=DISCONNECTED, reason=roamingOff
D/MobileDataStateTracker(  357): mms: Broadcast received: android.intent.action.ANY_DATA_STATE apnType=mms
D/MobileDataStateTracker(  357): mms: Received state=DISCONNECTED, old=DISCONNECTED, reason=roamingOff
D/MobileDataStateTracker(  357): cbs: Broadcast received: android.intent.action.ANY_DATA_STATE apnType=cbs
D/MobileDataStateTracker(  357): cbs: Received state=DISCONNECTED, old=DISCONNECTED, reason=roamingOff
D/MobileDataStateTracker(  357): fota: Broadcast received: android.intent.action.ANY_DATA_STATE apnType=fota
D/MobileDataStateTracker(  357): fota: Received state=DISCONNECTED, old=DISCONNECTED, reason=dataAttached
D/MobileDataStateTracker(  357): ia: Broadcast received: android.intent.action.ANY_DATA_STATE apnType=ia
D/MobileDataStateTracker(  357): ia: Received state=DISCONNECTED, old=DISCONNECTED, reason=dataAttached
D/MobileDataStateTracker(  357): supl: Broadcast received: android.intent.action.ANY_DATA_STATE apnType=supl
D/MobileDataStateTracker(  357): supl: Received state=DISCONNECTED, old=DISCONNECTED, reason=dataAttached
D/MobileDataStateTracker(  357): hipri: Broadcast received: android.intent.action.ANY_DATA_STATE apnType=hipri
D/MobileDataStateTracker(  357): hipri: Received state=DISCONNECTED, old=DISCONNECTED, reason=dataAttached
D/MobileDataStateTracker(  357): ims: Broadcast received: android.intent.action.ANY_DATA_STATE apnType=ims
D/MobileDataStateTracker(  357): ims: Received state=DISCONNECTED, old=DISCONNECTED, reason=dataAttached
D/MobileDataStateTracker(  357): mms: Broadcast received: android.intent.action.ANY_DATA_STATE apnType=mms
D/MobileDataStateTracker(  357): mms: Received state=DISCONNECTED, old=DISCONNECTED, reason=dataAttached
D/MobileDataStateTracker(  357): cbs: Broadcast received: android.intent.action.ANY_DATA_STATE apnType=cbs
D/MobileDataStateTracker(  357): cbs: Received state=DISCONNECTED, old=DISCONNECTED, reason=dataAttached
D/MobileDataStateTracker(  357): fota: Broadcast received: android.intent.action.ANY_DATA_STATE apnType=fota
D/MobileDataStateTracker(  357): fota: Received state=DISCONNECTED, old=DISCONNECTED, reason=dataAttached
D/MobileDataStateTracker(  357): ia: Broadcast received: android.intent.action.ANY_DATA_STATE apnType=ia
D/MobileDataStateTracker(  357): ia: Received state=DISCONNECTED, old=DISCONNECTED, reason=dataAttached
D/MobileDataStateTracker(  357): supl: Broadcast received: android.intent.action.ANY_DATA_STATE apnType=supl
D/MobileDataStateTracker(  357): supl: Received state=DISCONNECTED, old=DISCONNECTED, reason=dataAttached
D/MobileDataStateTracker(  357): hipri: Broadcast received: android.intent.action.ANY_DATA_STATE apnType=hipri
D/MobileDataStateTracker(  357): hipri: Received state=DISCONNECTED, old=DISCONNECTED, reason=dataAttached
D/MobileDataStateTracker(  357): ims: Broadcast received: android.intent.action.ANY_DATA_STATE apnType=ims
D/MobileDataStateTracker(  357): ims: Received state=DISCONNECTED, old=DISCONNECTED, reason=dataAttached
D/MobileDataStateTracker(  357): mms: Broadcast received: android.intent.action.ANY_DATA_STATE apnType=mms
D/MobileDataStateTracker(  357): mms: Received state=DISCONNECTED, old=DISCONNECTED, reason=dataAttached
D/MobileDataStateTracker(  357): cbs: Broadcast received: android.intent.action.ANY_DATA_STATE apnType=cbs
D/MobileDataStateTracker(  357): cbs: Received state=DISCONNECTED, old=DISCONNECTED, reason=dataAttached
D/MobileDataStateTracker(  357): fota: Broadcast received: android.intent.action.ANY_DATA_STATE apnType=fota
D/MobileDataStateTracker(  357): fota: Received state=DISCONNECTED, old=DISCONNECTED, reason=simLoaded
D/MobileDataStateTracker(  357): ia: Broadcast received: android.intent.action.ANY_DATA_STATE apnType=ia
D/MobileDataStateTracker(  357): ia: Received state=DISCONNECTED, old=DISCONNECTED, reason=simLoaded
D/MobileDataStateTracker(  357): supl: Broadcast received: android.intent.action.ANY_DATA_STATE apnType=supl
D/MobileDataStateTracker(  357): supl: Received state=DISCONNECTED, old=DISCONNECTED, reason=simLoaded
D/MobileDataStateTracker(  357): hipri: Broadcast received: android.intent.action.ANY_DATA_STATE apnType=hipri
D/MobileDataStateTracker(  357): hipri: Received state=DISCONNECTED, old=DISCONNECTED, reason=simLoaded
D/MobileDataStateTracker(  357): ims: Broadcast received: android.intent.action.ANY_DATA_STATE apnType=ims
D/MobileDataStateTracker(  357): ims: Received state=DISCONNECTED, old=DISCONNECTED, reason=simLoaded
D/MobileDataStateTracker(  357): mms: Broadcast received: android.intent.action.ANY_DATA_STATE apnType=mms
D/MobileDataStateTracker(  357): mms: Received state=DISCONNECTED, old=DISCONNECTED, reason=simLoaded
D/MobileDataStateTracker(  357): cbs: Broadcast received: android.intent.action.ANY_DATA_STATE apnType=cbs
D/MobileDataStateTracker(  357): cbs: Received state=DISCONNECTED, old=DISCONNECTED, reason=simLoaded
D/MobileDataStateTracker(  357): default: Broadcast received: android.intent.action.ANY_DATA_STATE apnType=default
D/MobileDataStateTracker(  357): default: Received state=CONNECTING, old=DISCONNECTED, reason=simLoaded
D/MobileDataStateTracker(  357): default: setDetailed state, old =IDLE and new state=CONNECTING
D/MobileDataStateTracker(  357): fota: Broadcast received: android.intent.action.ANY_DATA_STATE apnType=fota
D/MobileDataStateTracker(  357): fota: Received state=DISCONNECTED, old=DISCONNECTED, reason=simLoaded
D/MobileDataStateTracker(  357): ia: Broadcast received: android.intent.action.ANY_DATA_STATE apnType=ia
D/MobileDataStateTracker(  357): ia: Received state=DISCONNECTED, old=DISCONNECTED, reason=simLoaded
D/MobileDataStateTracker(  357): supl: Broadcast received: android.intent.action.ANY_DATA_STATE apnType=supl
D/MobileDataStateTracker(  357): supl: Received state=DISCONNECTED, old=DISCONNECTED, reason=simLoaded
D/MobileDataStateTracker(  357): hipri: Broadcast received: android.intent.action.ANY_DATA_STATE apnType=hipri
D/MobileDataStateTracker(  357): hipri: Received state=DISCONNECTED, old=DISCONNECTED, reason=simLoaded
D/MobileDataStateTracker(  357): ims: Broadcast received: android.intent.action.ANY_DATA_STATE apnType=ims
D/MobileDataStateTracker(  357): ims: Received state=DISCONNECTED, old=DISCONNECTED, reason=simLoaded
D/MobileDataStateTracker(  357): mms: Broadcast received: android.intent.action.ANY_DATA_STATE apnType=mms
D/MobileDataStateTracker(  357): mms: Received state=DISCONNECTED, old=DISCONNECTED, reason=simLoaded
D/MobileDataStateTracker(  357): cbs: Broadcast received: android.intent.action.ANY_DATA_STATE apnType=cbs
D/MobileDataStateTracker(  357): cbs: Received state=DISCONNECTED, old=DISCONNECTED, reason=simLoaded
D/MobileDataStateTracker(  357): default: Broadcast received: android.intent.action.ANY_DATA_STATE apnType=default
D/MobileDataStateTracker(  357): default: Received state=CONNECTED, old=CONNECTING, reason=connected
D/MobileDataStateTracker(  357): default: setDetailed state, old =CONNECTING and new state=CONNECTED
D/ConnectivityService(  357): ConnectivityChange for mobile: CONNECTED/CONNECTED
D/ConnectivityService(  357): ConnectivityChange checkMobileProvisioning for TYPE_MOBILE or ProvisioningNetwork
D/ConnectivityService(  357): checkMobileProvisioning: E suggestedTimeOutMs=60000
D/ConnectivityService(  357): setProvNotificationVisible: E visible=false networkType=5 extraInfo=null url=null
D/ConnectivityService(  357): checkMobileProvisioning: params={ url=http://clients3.google.com/generate_204 mTimeOutMs=60000 mCb=com.android.server.ConnectivityService$5@b32fd330}
D/ConnectivityService(  357): checkMobileProvisioning: X
D/Nat464Xlat(  357): requiresClat: netType=0, hasIPv4Address=true
I/NetworkPolicy(  357): no policy for active mobile network; generating default policy
D/MobileDataStateTracker(  357): default: setPolicyDataEnable(enabled=true)
D/MobileDataStateTracker(  357): default: isProvisioningNetwork: retVal=false
D/ConnectivityService(  357): [CheckMp] isMobileOk: isDefaultProvisioning=false
W/ActivityManager(  357): Launch timeout has expired, giving up wake lock!
I/PackageManager(  357): Adding preferred activity ComponentInfo{com.android.mms/com.android.mms.ui.ComposeMessageActivity} for user 0 :
I/PackageManager(  357): Adding preferred activity ComponentInfo{com.android.mms/com.android.mms.ui.ComposeMessageActivity} for user 0 :
I/PackageManager(  357): Adding preferred activity ComponentInfo{com.android.mms/com.android.mms.ui.ComposeMessageActivity} for user 0 :
I/PackageManager(  357): Adding preferred activity ComponentInfo{com.android.mms/com.android.mms.ui.ComposeMessageActivity} for user 0 :
I/PackageManager(  357): Adding preferred activity ComponentInfo{com.android.mms/com.android.mms.ui.ComposeMessageActivity} for user 0 :
I/PackageManager(  357): Adding preferred activity ComponentInfo{com.android.mms/com.android.mms.ui.ComposeMessageActivity} for user 0 :
I/PackageManager(  357): Adding preferred activity ComponentInfo{com.android.mms/com.android.mms.ui.ComposeMessageActivity} for user 0 :
I/PackageManager(  357): Adding preferred activity ComponentInfo{com.android.mms/com.android.mms.ui.ComposeMessageActivity} for user 0 :
E/NetdConnector(  357): NDC Command {12 bandwidth setiquota eth0 9223372036854775807} took too long (1696ms)
D/MobileDataStateTracker(  357): default: setPolicyDataEnable(enabled=true)
D/MobileDataStateTracker(  357): hipri: isProvisioningNetwork: retVal=false
D/ConnectivityService(  357): [CheckMp] isMobileOk: isHipriProvisioning=false
D/ConnectivityService(  357): [CheckMp] isMobileOk: start hipri url=http://clients3.google.com/generate_204
W/WindowManager(  357): App freeze timeout expired.
W/WindowManager(  357): Force clearing freeze: AppWindowToken{b3305298 token=Token{b330e940 ActivityRecord{b335ae38 u0 com.android.launcher/com.android.launcher2.Launcher t3}}}
I/WindowManager(  357): Screen frozen for +5s68ms due to AppWindowToken{b3305298 token=Token{b330e940 ActivityRecord{b335ae38 u0 com.android.launcher/com.android.launcher2.Launcher t3}}}
E/NetdConnector(  357): NDC Command {13 bandwidth removeiquota eth0} took too long (703ms)
E/NetdConnector(  357): NDC Command {14 bandwidth setiquota eth0 9223372036854775807} took too long (2261ms)
D/MobileDataStateTracker(  357): default: setPolicyDataEnable(enabled=true)
D/ConnectivityService(  357): startUsingNetworkFeature reconnecting to 0: enableHIPRI
D/MobileDataStateTracker(  357): hipri: Broadcast received: android.intent.action.ANY_DATA_STATE apnType=hipri
D/MobileDataStateTracker(  357): hipri: Received state=CONNECTING, old=DISCONNECTED, reason=dataEnabled
D/MobileDataStateTracker(  357): hipri: setDetailed state, old =IDLE and new state=CONNECTING
D/MobileDataStateTracker(  357): fota: Broadcast received: android.intent.action.ANY_DATA_STATE apnType=fota
D/MobileDataStateTracker(  357): fota: Received state=DISCONNECTED, old=DISCONNECTED, reason=dataEnabled
D/MobileDataStateTracker(  357): ia: Broadcast received: android.intent.action.ANY_DATA_STATE apnType=ia
D/MobileDataStateTracker(  357): ia: Received state=DISCONNECTED, old=DISCONNECTED, reason=dataEnabled
D/MobileDataStateTracker(  357): supl: Broadcast received: android.intent.action.ANY_DATA_STATE apnType=supl
D/MobileDataStateTracker(  357): supl: Received state=DISCONNECTED, old=DISCONNECTED, reason=dataEnabled
D/MobileDataStateTracker(  357): ims: Broadcast received: android.intent.action.ANY_DATA_STATE apnType=ims
D/MobileDataStateTracker(  357): ims: Received state=DISCONNECTED, old=DISCONNECTED, reason=dataEnabled
D/MobileDataStateTracker(  357): mms: Broadcast received: android.intent.action.ANY_DATA_STATE apnType=mms
D/MobileDataStateTracker(  357): mms: Received state=DISCONNECTED, old=DISCONNECTED, reason=dataEnabled
D/MobileDataStateTracker(  357): cbs: Broadcast received: android.intent.action.ANY_DATA_STATE apnType=cbs
D/MobileDataStateTracker(  357): cbs: Received state=DISCONNECTED, old=DISCONNECTED, reason=dataEnabled
D/MobileDataStateTracker(  357): hipri: Broadcast received: android.intent.action.ANY_DATA_STATE apnType=hipri
D/MobileDataStateTracker(  357): hipri: Received state=CONNECTED, old=CONNECTING, reason=dataEnabled
D/MobileDataStateTracker(  357): hipri: setDetailed state, old =CONNECTING and new state=CONNECTED
D/ConnectivityService(  357): ConnectivityChange for mobile_hipri: CONNECTED/CONNECTED
E/ConnectivityService(  357): Exception trying to add a route: java.lang.IllegalStateException: command '21 interface fwmark exempt add 10.0.2.2/32' failed with '400 21 Failed to add exemption rule (File exists)'
E/ConnectivityService(  357): Exception trying to add a route: java.lang.IllegalStateException: command '23 interface fwmark exempt add 10.0.2.3/32' failed with '400 23 Failed to add exemption rule (File exists)'
E/ConnectivityService(  357): Exception trying to add a route: java.lang.IllegalStateException: command '25 interface fwmark exempt add 10.0.2.2/32' failed with '400 25 Failed to add exemption rule (File exists)'
E/ConnectivityService(  357): Exception trying to add a route: java.lang.IllegalStateException: command '27 interface fwmark exempt add 10.0.2.4/32' failed with '400 27 Failed to add exemption rule (File exists)'
W/FrameworkListener(   55): Handler 'interface' error (No such device)
E/ConnectivityService(  357): Exception trying to add a route: java.lang.IllegalStateException: command '28 interface route add eth0 secondary 10.0.2.2 32 0.0.0.0' failed with '400 28 ip route modification failed (No such device)'
W/FrameworkListener(   55): Handler 'interface' error (No such device)
E/ConnectivityService(  357): Exception trying to add a route: java.lang.IllegalStateException: command '29 interface route add eth0 secondary 0.0.0.0 0 10.0.2.2' failed with '400 29 ip route modification failed (No such device)'
D/Nat464Xlat(  357): requiresClat: netType=5, hasIPv4Address=true
D/MobileDataStateTracker(  357): default: setPolicyDataEnable(enabled=true)
W/NetworkPolicy(  357): shared quota unsupported; generating rule for each iface
E/NetdConnector(  357): NDC Command {31 bandwidth removeiquota eth0} took too long (1369ms)
