D/MobileDataStateTracker(  351): fota: Received state=DISCONNECTED, old=DISCONNECTED, reason=radioTurnedOff
D/MobileDataStateTracker(  351): ia: Broadcast received: android.intent.action.ANY_DATA_STATE apnType=ia
D/MobileDataStateTracker(  351): ia: Received state=DISCONNECTED, old=DISCONNECTED, reason=radioTurnedOff
D/MobileDataStateTracker(  351): supl: Broadcast received: android.intent.action.ANY_DATA_STATE apnType=supl
D/MobileDataStateTracker(  351): supl: Received state=DISCONNECTED, old=DISCONNECTED, reason=radioTurnedOff
D/dalvikvm(  599): GC_CONCURRENT freed 421K, 17% free 2974K/3572K, paused 4ms+2ms, total 52ms
D/dalvikvm(  599): WAIT_FOR_CONCURRENT_GC blocked 34ms
D/MobileDataStateTracker(  351): hipri: Broadcast received: android.intent.action.ANY_DATA_STATE apnType=hipri
D/MobileDataStateTracker(  351): hipri: Received state=DISCONNECTED, old=DISCONNECTED, reason=radioTurnedOff
D/MobileDataStateTracker(  351): ims: Broadcast received: android.intent.action.ANY_DATA_STATE apnType=ims
D/MobileDataStateTracker(  351): ims: Received state=DISCONNECTED, old=DISCONNECTED, reason=radioTurnedOff
D/MobileDataStateTracker(  351): default: Broadcast received: android.intent.action.ANY_DATA_STATE apnType=default
D/MobileDataStateTracker(  351): default: Received state=DISCONNECTED, old=DISCONNECTED, reason=radioTurnedOff
D/MobileDataStateTracker(  351): mms: Broadcast received: android.intent.action.ANY_DATA_STATE apnType=mms
D/MobileDataStateTracker(  351): mms: Received state=DISCONNECTED, old=DISCONNECTED, reason=radioTurnedOff
D/MobileDataStateTracker(  351): cbs: Broadcast received: android.intent.action.ANY_DATA_STATE apnType=cbs
D/MobileDataStateTracker(  351): cbs: Received state=DISCONNECTED, old=DISCONNECTED, reason=radioTurnedOff
D/MobileDataStateTracker(  351): fota: Broadcast received: android.intent.action.ANY_DATA_STATE apnType=fota
D/MobileDataStateTracker(  351): fota: Received state=DISCONNECTED, old=DISCONNECTED, reason=radioTurnedOff
D/MobileDataStateTracker(  351): ia: Broadcast received: android.intent.action.ANY_DATA_STATE apnType=ia
D/MobileDataStateTracker(  351): ia: Received state=DISCONNECTED, old=DISCONNECTED, reason=radioTurnedOff
D/MobileDataStateTracker(  351): supl: Broadcast received: android.intent.action.ANY_DATA_STATE apnType=supl
D/MobileDataStateTracker(  351): supl: Received state=DISCONNECTED, old=DISCONNECTED, reason=radioTurnedOff
D/MobileDataStateTracker(  351): hipri: Broadcast received: android.intent.action.ANY_DATA_STATE apnType=hipri
D/MobileDataStateTracker(  351): hipri: Received state=DISCONNECTED, old=DISCONNECTED, reason=radioTurnedOff
D/MobileDataStateTracker(  351): ims: Broadcast received: android.intent.action.ANY_DATA_STATE apnType=ims
D/MobileDataStateTracker(  351): ims: Received state=DISCONNECTED, old=DISCONNECTED, reason=radioTurnedOff
D/MobileDataStateTracker(  351): default: Broadcast received: android.intent.action.ANY_DATA_STATE apnType=default
D/MobileDataStateTracker(  351): default: Received state=DISCONNECTED, old=DISCONNECTED, reason=radioTurnedOff
D/MobileDataStateTracker(  351): mms: Broadcast received: android.intent.action.ANY_DATA_STATE apnType=mms
D/MobileDataStateTracker(  351): mms: Received state=DISCONNECTED, old=DISCONNECTED, reason=radioTurnedOff
D/MobileDataStateTracker(  351): cbs: Broadcast received: android.intent.action.ANY_DATA_STATE apnType=cbs
D/MobileDataStateTracker(  351): cbs: Received state=DISCONNECTED, old=DISCONNECTED, reason=radioTurnedOff
D/MobileDataStateTracker(  351): fota: Broadcast received: android.intent.action.ANY_DATA_STATE apnType=fota
I/LatinIME:LogUtils(  599): Dictionary info: dictionary = main:en ; version = 42 ; date = 1381226429
D/MobileDataStateTracker(  351): fota: Received state=DISCONNECTED, old=DISCONNECTED, reason=dataDetached
D/MobileDataStateTracker(  351): ia: Broadcast received: android.intent.action.ANY_DATA_STATE apnType=ia
D/MobileDataStateTracker(  351): ia: Received state=DISCONNECTED, old=DISCONNECTED, reason=dataDetached
D/MobileDataStateTracker(  351): supl: Broadcast received: android.intent.action.ANY_DATA_STATE apnType=supl
D/MobileDataStateTracker(  351): supl: Received state=DISCONNECTED, old=DISCONNECTED, reason=dataDetached
D/MobileDataStateTracker(  351): hipri: Broadcast received: android.intent.action.ANY_DATA_STATE apnType=hipri
D/MobileDataStateTracker(  351): hipri: Received state=DISCONNECTED, old=DISCONNECTED, reason=dataDetached
D/MobileDataStateTracker(  351): ims: Broadcast received: android.intent.action.ANY_DATA_STATE apnType=ims
D/MobileDataStateTracker(  351): ims: Received state=DISCONNECTED, old=DISCONNECTED, reason=dataDetached
D/MobileDataStateTracker(  351): default: Broadcast received: android.intent.action.ANY_DATA_STATE apnType=default
D/MobileDataStateTracker(  351): default: Received state=DISCONNECTED, old=DISCONNECTED, reason=dataDetached
D/MobileDataStateTracker(  351): mms: Broadcast received: android.intent.action.ANY_DATA_STATE apnType=mms
I/LatinIME:LogUtils(  599): Dictionary info: dictionary = main:en ; version = 42 ; date = 1381226429
D/MobileDataStateTracker(  351): mms: Received state=DISCONNECTED, old=DISCONNECTED, reason=dataDetached
D/MobileDataStateTracker(  351): cbs: Broadcast received: android.intent.action.ANY_DATA_STATE apnType=cbs
D/MobileDataStateTracker(  351): cbs: Received state=DISCONNECTED, old=DISCONNECTED, reason=dataDetached
D/MobileDataStateTracker(  351): fota: Broadcast received: android.intent.action.ANY_DATA_STATE apnType=fota
D/MobileDataStateTracker(  351): fota: Received state=DISCONNECTED, old=DISCONNECTED, reason=roamingOff
D/MobileDataStateTracker(  351): ia: Broadcast received: android.intent.action.ANY_DATA_STATE apnType=ia
D/MobileDataStateTracker(  351): ia: Received state=DISCONNECTED, old=DISCONNECTED, reason=roamingOff
D/MobileDataStateTracker(  351): supl: Broadcast received: android.intent.action.ANY_DATA_STATE apnType=supl
D/MobileDataStateTracker(  351): supl: Received state=DISCONNECTED, old=DISCONNECTED, reason=roamingOff
I/LatinIME:LogUtils(  599): Dictionary info: dictionary = main:en ; version = 42 ; date = 1381226429
D/MobileDataStateTracker(  351): hipri: Broadcast received: android.intent.action.ANY_DATA_STATE apnType=hipri
D/MobileDataStateTracker(  351): hipri: Received state=DISCONNECTED, old=DISCONNECTED, reason=roamingOff
D/MobileDataStateTracker(  351): ims: Broadcast received: android.intent.action.ANY_DATA_STATE apnType=ims
D/MobileDataStateTracker(  351): ims: Received state=DISCONNECTED, old=DISCONNECTED, reason=roamingOff
D/dalvikvm(  610): GC_CONCURRENT freed 287K, 12% free 3054K/3436K, paused 2ms+2ms, total 135ms
D/MobileDataStateTracker(  351): default: Broadcast received: android.intent.action.ANY_DATA_STATE apnType=default
D/MobileDataStateTracker(  351): default: Received state=DISCONNECTED, old=DISCONNECTED, reason=roamingOff
D/MobileDataStateTracker(  351): mms: Broadcast received: android.intent.action.ANY_DATA_STATE apnType=mms
D/MobileDataStateTracker(  351): mms: Received state=DISCONNECTED, old=DISCONNECTED, reason=roamingOff
D/MobileDataStateTracker(  351): cbs: Broadcast received: android.intent.action.ANY_DATA_STATE apnType=cbs
D/MobileDataStateTracker(  351): cbs: Received state=DISCONNECTED, old=DISCONNECTED, reason=roamingOff
D/MobileDataStateTracker(  351): fota: Broadcast received: android.intent.action.ANY_DATA_STATE apnType=fota
D/MobileDataStateTracker(  351): fota: Received state=DISCONNECTED, old=DISCONNECTED, reason=roamingOff
D/MobileDataStateTracker(  351): ia: Broadcast received: android.intent.action.ANY_DATA_STATE apnType=ia
D/MobileDataStateTracker(  351): ia: Received state=DISCONNECTED, old=DISCONNECTED, reason=roamingOff
I/LatinIME:LogUtils(  599): Dictionary info: dictionary = main:en ; version = 42 ; date = 1381226429
D/MobileDataStateTracker(  351): supl: Broadcast received: android.intent.action.ANY_DATA_STATE apnType=supl
D/MobileDataStateTracker(  351): supl: Received state=DISCONNECTED, old=DISCONNECTED, reason=roamingOff
D/MobileDataStateTracker(  351): hipri: Broadcast received: android.intent.action.ANY_DATA_STATE apnType=hipri
D/MobileDataStateTracker(  351): hipri: Received state=DISCONNECTED, old=DISCONNECTED, reason=roamingOff
D/TelephonyDebugService(  610): TelephonyDebugService()
I/LatinIME:LogUtils(  599): Dictionary info: dictionary = main:en ; version = 42 ; date = 1381226429
D/MobileDataStateTracker(  351): ims: Broadcast received: android.intent.action.ANY_DATA_STATE apnType=ims
D/MobileDataStateTracker(  351): ims: Received state=DISCONNECTED, old=DISCONNECTED, reason=roamingOff
D/MobileDataStateTracker(  351): default: Broadcast received: android.intent.action.ANY_DATA_STATE apnType=default
D/MobileDataStateTracker(  351): default: Received state=DISCONNECTED, old=DISCONNECTED, reason=roamingOff
D/MobileDataStateTracker(  351): mms: Broadcast received: android.intent.action.ANY_DATA_STATE apnType=mms
D/MobileDataStateTracker(  351): mms: Received state=DISCONNECTED, old=DISCONNECTED, reason=roamingOff
D/MobileDataStateTracker(  351): cbs: Broadcast received: android.intent.action.ANY_DATA_STATE apnType=cbs
D/MobileDataStateTracker(  351): cbs: Received state=DISCONNECTED, old=DISCONNECTED, reason=roamingOff
I/LatinIME:LogUtils(  599): Dictionary info: dictionary = main:en ; version = 42 ; date = 1381226429
I/LatinIME:LogUtils(  599): Dictionary info: dictionary = main:en ; version = 42 ; date = 1381226429
D/dalvikvm(  599): GC_CONCURRENT freed 312K, 14% free 3073K/3572K, paused 5ms+33ms, total 126ms
I/LatinIME:LogUtils(  599): Dictionary info: dictionary = main:en ; version = 42 ; date = 1381226429
D/MccTable(  610): updateMccMncConfiguration: mcc=310, mnc=260
D/AlarmManagerService(  351): Kernel timezone updated to 240 minutes west of GMT
D/MccTable(  610): timezone set to America/New_York
D/MccTable(  610): getLocaleFromMcc to en_us mcc=310
D/MccTable(  610): getLocaleForLanguageCountry: got match
D/MccTable(  610): getLocaleForLanguageCountry: X locale=en_US
D/MccTable(  610): WIFI_COUNTRY_CODE set to us
I/WifiService(  351): WifiService trying to set country code to us with persist set to true
D/MobileDataStateTracker(  351): fota: Broadcast received: android.intent.action.ANY_DATA_STATE apnType=fota
D/MobileDataStateTracker(  351): fota: Received state=DISCONNECTED, old=DISCONNECTED, reason=dataAttached
D/MobileDataStateTracker(  351): ia: Broadcast received: android.intent.action.ANY_DATA_STATE apnType=ia
D/MobileDataStateTracker(  351): ia: Received state=DISCONNECTED, old=DISCONNECTED, reason=dataAttached
D/MobileDataStateTracker(  351): supl: Broadcast received: android.intent.action.ANY_DATA_STATE apnType=supl
D/MobileDataStateTracker(  351): supl: Received state=DISCONNECTED, old=DISCONNECTED, reason=dataAttached
D/MobileDataStateTracker(  351): hipri: Broadcast received: android.intent.action.ANY_DATA_STATE apnType=hipri
D/MobileDataStateTracker(  351): hipri: Received state=DISCONNECTED, old=DISCONNECTED, reason=dataAttached
D/MobileDataStateTracker(  351): ims: Broadcast received: android.intent.action.ANY_DATA_STATE apnType=ims
D/MobileDataStateTracker(  351): ims: Received state=DISCONNECTED, old=DISCONNECTED, reason=dataAttached
D/MobileDataStateTracker(  351): mms: Broadcast received: android.intent.action.ANY_DATA_STATE apnType=mms
D/MobileDataStateTracker(  351): mms: Received state=DISCONNECTED, old=DISCONNECTED, reason=dataAttached
D/MobileDataStateTracker(  351): cbs: Broadcast received: android.intent.action.ANY_DATA_STATE apnType=cbs
D/MobileDataStateTracker(  351): cbs: Received state=DISCONNECTED, old=DISCONNECTED, reason=dataAttached
D/MobileDataStateTracker(  351): fota: Broadcast received: android.intent.action.ANY_DATA_STATE apnType=fota
D/MobileDataStateTracker(  351): fota: Received state=DISCONNECTED, old=DISCONNECTED, reason=dataAttached
D/MobileDataStateTracker(  351): ia: Broadcast received: android.intent.action.ANY_DATA_STATE apnType=ia
D/MobileDataStateTracker(  351): ia: Received state=DISCONNECTED, old=DISCONNECTED, reason=dataAttached
D/MobileDataStateTracker(  351): supl: Broadcast received: android.intent.action.ANY_DATA_STATE apnType=supl
D/MobileDataStateTracker(  351): supl: Received state=DISCONNECTED, old=DISCONNECTED, reason=dataAttached
D/dalvikvm(  610): GC_CONCURRENT freed 289K, 11% free 3161K/3548K, paused 21ms+6ms, total 126ms
D/dalvikvm(  351): GC_CONCURRENT freed 631K, 59% free 5463K/13080K, paused 54ms+30ms, total 289ms
D/dalvikvm(  688): GC_CONCURRENT freed 175K, 9% free 2945K/3220K, paused 45ms+2ms, total 121ms
I/ActivityManager(  351): Start proc com.android.printspooler for service com.android.printspooler/.PrintSpoolerService: pid=734 uid=10039 gids={50039}
D/MobileDataStateTracker(  351): hipri: Broadcast received: android.intent.action.ANY_DATA_STATE apnType=hipri
D/MobileDataStateTracker(  351): hipri: Received state=DISCONNECTED, old=DISCONNECTED, reason=dataAttached
D/MobileDataStateTracker(  351): ims: Broadcast received: android.intent.action.ANY_DATA_STATE apnType=ims
D/MobileDataStateTracker(  351): ims: Received state=DISCONNECTED, old=DISCONNECTED, reason=dataAttached
D/MobileDataStateTracker(  351): mms: Broadcast received: android.intent.action.ANY_DATA_STATE apnType=mms
D/MobileDataStateTracker(  351): mms: Received state=DISCONNECTED, old=DISCONNECTED, reason=dataAttached
D/MobileDataStateTracker(  351): cbs: Broadcast received: android.intent.action.ANY_DATA_STATE apnType=cbs
D/MobileDataStateTracker(  351): cbs: Received state=DISCONNECTED, old=DISCONNECTED, reason=dataAttached
D/dalvikvm(  351): GC_CONCURRENT freed 643K, 58% free 5514K/13080K, paused 13ms+15ms, total 239ms
D/dalvikvm(  351): WAIT_FOR_CONCURRENT_GC blocked 89ms
D/dalvikvm(  351): WAIT_FOR_CONCURRENT_GC blocked 40ms
D/dalvikvm(  351): WAIT_FOR_CONCURRENT_GC blocked 14ms
I/PrintSpoolerService(  734): No existing print spooler state.
D/MccTable(  610): updateMccMncConfiguration: mcc=310, mnc=260
D/MccTable(  610): getLocaleFromMcc to en_us mcc=310
D/MccTable(  610): getLocaleForLanguageCountry: got match
D/MccTable(  610): getLocaleForLanguageCountry: X locale=en_US
D/MccTable(  610): updateMccMncConfiguration updateConfig config={1.0 310mcc260mnc en_US ldltr ?swdp ?wdp ?hdp ?density ?lsize ?long ?orien ?uimode ?night ?touch ?keyb/?/? ?nav/?}
I/ActivityManager(  351): Config changes=3 {1.0 310mcc260mnc en_US ldltr sw480dp w480dp h839dp 160dpi lrg long port finger -keyb/v/h tball/v s.6}
D/PermissionCache(   57): checking android.permission.READ_FRAME_BUFFER for uid=1000 => granted (908 us)
D/gralloc (   57): Registering a buffer in the process that created it. This may cause memory ordering problems.
E/libEGL  (   57): called unimplemented OpenGL ES API
E/libEGL  (   57): called unimplemented OpenGL ES API
E/libEGL  (   57): called unimplemented OpenGL ES API
E/libEGL  (   57): called unimplemented OpenGL ES API
E/SurfaceFlinger(   57): glCheckFramebufferStatusOES error 896461394
E/SurfaceFlinger(   57): got GL_FRAMEBUFFER_COMPLETE_OES error while taking screenshot
E/libEGL  (   57): called unimplemented OpenGL ES API
E/libEGL  (   57): called unimplemented OpenGL ES API
I/ARMAssembler(   57): generated scanline__00000077:03515104_00008001_00000000 [113 ipp] (134 ins) at [0xb5a5f1f0:0xb5a5f408] in 10000000 ns
D/PhoneStatusBar(  458): mSettingsPanelGravity = 55
I/Choreographer(  458): Skipped 72 frames!  The application may be doing too much work on its main thread.
D/MccTable(  610): updateMccMncConfiguration: mcc=310, mnc=260
D/MccTable(  610): getLocaleFromMcc to en_us mcc=310
D/MccTable(  610): getLocaleForLanguageCountry: skipping already persisted
D/MccTable(  610): getLocaleForLanguageCountry: X locale=null
D/MccTable(  610): updateMccMncConfiguration updateConfig config={1.0 310mcc260mnc ?locale ?layoutDir ?swdp ?wdp ?hdp ?density ?lsize ?long ?orien ?uimode ?night ?touch ?keyb/?/? ?nav/?}
D/dalvikvm(  688): GC_FOR_ALLOC freed 186K, 9% free 3112K/3400K, paused 67ms, total 68ms
I/dalvikvm-heap(  688): Grow heap (frag case) to 3.744MB for 640016-byte allocation
D/dalvikvm(  351): GC_CONCURRENT freed 689K, 59% free 5432K/13080K, paused 22ms+5ms, total 212ms
I/FusedLocation(  351): engine started (com.android.location.fused)
D/dalvikvm(  688): GC_FOR_ALLOC freed 2K, 8% free 3735K/4028K, paused 102ms, total 103ms
D/dalvikvm(  688): GC_CONCURRENT freed 7K, 8% free 3727K/4028K, paused 3ms+2ms, total 84ms
D/dalvikvm(  610): GC_CONCURRENT freed 357K, 13% free 3315K/3768K, paused 7ms+16ms, total 86ms
D/dalvikvm(  610): WAIT_FOR_CONCURRENT_GC blocked 4ms
W/Resources(  688): Converting to int: TypedValue{t=0x3/d=0x12 "4" a=-1}
W/Resources(  688): Converting to int: TypedValue{t=0x3/d=0xf "1" a=-1}
W/Resources(  688): Converting to int: TypedValue{t=0x3/d=0x15 "2" a=-1}
W/Resources(  688): Converting to int: TypedValue{t=0x3/d=0x15 "2" a=-1}
W/Launcher.LauncherProvider(  688): Unable to add favorite: com.android.camera2/com.android.camera.CameraLauncher
W/Launcher.LauncherProvider(  688): android.content.pm.PackageManager$NameNotFoundException: ComponentInfo{com.android.camera2/com.android.camera.CameraLauncher}
W/Launcher.LauncherProvider(  688): 	at android.app.ApplicationPackageManager.getActivityInfo(ApplicationPackageManager.java:242)
W/Launcher.LauncherProvider(  688): 	at com.android.launcher2.LauncherProvider$DatabaseHelper.addAppShortcut(LauncherProvider.java:959)
W/Launcher.LauncherProvider(  688): 	at com.android.launcher2.LauncherProvider$DatabaseHelper.loadFavorites(LauncherProvider.java:863)
W/Launcher.LauncherProvider(  688): 	at com.android.launcher2.LauncherProvider$DatabaseHelper.access$000(LauncherProvider.java:253)
W/Launcher.LauncherProvider(  688): 	at com.android.launcher2.LauncherProvider.loadDefaultFavoritesIfNecessary(LauncherProvider.java:237)
W/Launcher.LauncherProvider(  688): 	at com.android.launcher2.LauncherModel$LoaderTask.loadWorkspace(LauncherModel.java:1278)
W/Launcher.LauncherProvider(  688): 	at com.android.launcher2.LauncherModel$LoaderTask.loadAndBindWorkspace(LauncherModel.java:1020)
W/Launcher.LauncherProvider(  688): 	at com.android.launcher2.LauncherModel$LoaderTask.run(LauncherModel.java:1126)
W/Launcher.LauncherProvider(  688): 	at android.os.Handler.handleCallback(Handler.java:733)
W/Launcher.LauncherProvider(  688): 	at android.os.Handler.dispatchMessage(Handler.java:95)
W/Launcher.LauncherProvider(  688): 	at android.os.Looper.loop(Looper.java:136)
W/Launcher.LauncherProvider(  688): 	at android.os.HandlerThread.run(HandlerThread.java:61)
W/Launcher.LauncherProvider(  688): Unable to add favorite: com.android.gallery3d/com.android.gallery3d.app.Gallery
W/Launcher.LauncherProvider(  688): android.content.pm.PackageManager$NameNotFoundException: ComponentInfo{com.android.gallery3d/com.android.gallery3d.app.Gallery}
W/Launcher.LauncherProvider(  688): 	at android.app.ApplicationPackageManager.getActivityInfo(ApplicationPackageManager.java:242)
W/Launcher.LauncherProvider(  688): 	at com.android.launcher2.LauncherProvider$DatabaseHelper.addAppShortcut(LauncherProvider.java:959)
W/Launcher.LauncherProvider(  688): 	at com.android.launcher2.LauncherProvider$DatabaseHelper.loadFavorites(LauncherProvider.java:863)
W/Launcher.LauncherProvider(  688): 	at com.android.launcher2.LauncherProvider$DatabaseHelper.access$000(LauncherProvider.java:253)
W/Launcher.LauncherProvider(  688): 	at com.android.launcher2.LauncherProvider.loadDefaultFavoritesIfNecessary(LauncherProvider.java:237)
W/Launcher.LauncherProvider(  688): 	at com.android.launcher2.LauncherModel$LoaderTask.loadWorkspace(LauncherModel.java:1278)
W/Launcher.LauncherProvider(  688): 	at com.android.launcher2.LauncherModel$LoaderTask.loadAndBindWorkspace(LauncherModel.java:1020)
W/Launcher.LauncherProvider(  688): 	at com.android.launcher2.LauncherModel$LoaderTask.run(LauncherModel.java:1126)
W/Launcher.LauncherProvider(  688): 	at android.os.Handler.handleCallback(Handler.java:733)
W/Launcher.LauncherProvider(  688): 	at android.os.Handler.dispatchMessage(Handler.java:95)
W/Launcher.LauncherProvider(  688): 	at android.os.Looper.loop(Looper.java:136)
W/Launcher.LauncherProvider(  688): 	at android.os.HandlerThread.run(HandlerThread.java:61)
D/dalvikvm(  610): GC_CONCURRENT freed 439K, 15% free 3282K/3820K, paused 4ms+2ms, total 89ms
I/FusedLocation(  351): engine stopped (com.android.location.fused)
I/FusedLocation(  351): engine started (com.android.location.fused)
D/MobileDataStateTracker(  351): fota: Broadcast received: android.intent.action.ANY_DATA_STATE apnType=fota
D/dalvikvm(  688): GC_CONCURRENT freed 233K, 8% free 3921K/4252K, paused 49ms+3ms, total 94ms
D/dalvikvm(  610): GC_CONCURRENT freed 396K, 14% free 3295K/3820K, paused 72ms+3ms, total 113ms
D/MobileDataStateTracker(  351): fota: Received state=DISCONNECTED, old=DISCONNECTED, reason=simLoaded
D/MobileDataStateTracker(  351): ia: Broadcast received: android.intent.action.ANY_DATA_STATE apnType=ia
D/MobileDataStateTracker(  351): ia: Received state=DISCONNECTED, old=DISCONNECTED, reason=simLoaded
D/MobileDataStateTracker(  351): supl: Broadcast received: android.intent.action.ANY_DATA_STATE apnType=supl
D/MobileDataStateTracker(  351): supl: Received state=DISCONNECTED, old=DISCONNECTED, reason=simLoaded
D/MobileDataStateTracker(  351): hipri: Broadcast received: android.intent.action.ANY_DATA_STATE apnType=hipri
D/MobileDataStateTracker(  351): hipri: Received state=DISCONNECTED, old=DISCONNECTED, reason=simLoaded
D/MobileDataStateTracker(  351): ims: Broadcast received: android.intent.action.ANY_DATA_STATE apnType=ims
D/dalvikvm(  351): GC_CONCURRENT freed 476K, 57% free 5642K/13080K, paused 73ms+5ms, total 267ms
D/dalvikvm(  351): WAIT_FOR_CONCURRENT_GC blocked 167ms
D/dalvikvm(  351): WAIT_FOR_CONCURRENT_GC blocked 139ms
D/dalvikvm(  351): WAIT_FOR_CONCURRENT_GC blocked 134ms
D/dalvikvm(  351): WAIT_FOR_CONCURRENT_GC blocked 136ms
D/MobileDataStateTracker(  351): ims: Received state=DISCONNECTED, old=DISCONNECTED, reason=simLoaded
D/MobileDataStateTracker(  351): mms: Broadcast received: android.intent.action.ANY_DATA_STATE apnType=mms
D/dalvikvm(  351): WAIT_FOR_CONCURRENT_GC blocked 108ms
D/dalvikvm(  351): WAIT_FOR_CONCURRENT_GC blocked 101ms
D/MobileDataStateTracker(  351): mms: Received state=DISCONNECTED, old=DISCONNECTED, reason=simLoaded
D/MobileDataStateTracker(  351): cbs: Broadcast received: android.intent.action.ANY_DATA_STATE apnType=cbs
D/MobileDataStateTracker(  351): cbs: Received state=DISCONNECTED, old=DISCONNECTED, reason=simLoaded
D/MobileDataStateTracker(  351): default: Broadcast received: android.intent.action.ANY_DATA_STATE apnType=default
D/MobileDataStateTracker(  351): default: Received state=CONNECTING, old=DISCONNECTED, reason=simLoaded
D/MobileDataStateTracker(  351): default: setDetailed state, old =IDLE and new state=CONNECTING
D/MobileDataStateTracker(  351): fota: Broadcast received: android.intent.action.ANY_DATA_STATE apnType=fota
D/MobileDataStateTracker(  351): fota: Received state=DISCONNECTED, old=DISCONNECTED, reason=simLoaded
D/MobileDataStateTracker(  351): ia: Broadcast received: android.intent.action.ANY_DATA_STATE apnType=ia
D/MobileDataStateTracker(  351): ia: Received state=DISCONNECTED, old=DISCONNECTED, reason=simLoaded
D/MobileDataStateTracker(  351): supl: Broadcast received: android.intent.action.ANY_DATA_STATE apnType=supl
D/MobileDataStateTracker(  351): supl: Received state=DISCONNECTED, old=DISCONNECTED, reason=simLoaded
D/MobileDataStateTracker(  351): hipri: Broadcast received: android.intent.action.ANY_DATA_STATE apnType=hipri
D/MobileDataStateTracker(  351): hipri: Received state=DISCONNECTED, old=DISCONNECTED, reason=simLoaded
D/MobileDataStateTracker(  351): ims: Broadcast received: android.intent.action.ANY_DATA_STATE apnType=ims
D/MobileDataStateTracker(  351): ims: Received state=DISCONNECTED, old=DISCONNECTED, reason=simLoaded
D/MobileDataStateTracker(  351): mms: Broadcast received: android.intent.action.ANY_DATA_STATE apnType=mms
D/MobileDataStateTracker(  351): mms: Received state=DISCONNECTED, old=DISCONNECTED, reason=simLoaded
D/MobileDataStateTracker(  351): cbs: Broadcast received: android.intent.action.ANY_DATA_STATE apnType=cbs
D/MobileDataStateTracker(  351): cbs: Received state=DISCONNECTED, old=DISCONNECTED, reason=simLoaded
D/MobileDataStateTracker(  351): default: Broadcast received: android.intent.action.ANY_DATA_STATE apnType=default
D/MobileDataStateTracker(  351): default: Received state=CONNECTED, old=CONNECTING, reason=connected
D/MobileDataStateTracker(  351): default: setDetailed state, old =CONNECTING and new state=CONNECTED
D/ConnectivityService(  351): ConnectivityChange for mobile: CONNECTED/CONNECTED
D/ConnectivityService(  351): ConnectivityChange checkMobileProvisioning for TYPE_MOBILE or ProvisioningNetwork
D/ConnectivityService(  351): checkMobileProvisioning: E suggestedTimeOutMs=60000
D/ConnectivityService(  351): setProvNotificationVisible: E visible=false networkType=5 extraInfo=null url=null
D/ConnectivityService(  351): checkMobileProvisioning: params={ url=http://clients3.google.com/generate_204 mTimeOutMs=60000 mCb=com.android.server.ConnectivityService$5@b2f18a08}
D/ConnectivityService(  351): checkMobileProvisioning: X
D/Nat464Xlat(  351): requiresClat: netType=0, hasIPv4Address=true
D/dalvikvm(  351): WAIT_FOR_CONCURRENT_GC blocked 598ms
D/MobileDataStateTracker(  351): default: isProvisioningNetwork: retVal=false
D/ConnectivityService(  351): [CheckMp] isMobileOk: isDefaultProvisioning=false
D/MobileDataStateTracker(  351): hipri: isProvisioningNetwork: retVal=false
D/ConnectivityService(  351): [CheckMp] isMobileOk: isHipriProvisioning=false
D/ConnectivityService(  351): [CheckMp] isMobileOk: start hipri url=http://clients3.google.com/generate_204
I/MediaProvider(  627): Upgrading media database from version 0 to 700, which will destroy all old data
D/ConnectivityService(  351): startUsingNetworkFeature reconnecting to 0: enableHIPRI
D/ConnectivityService(  351): startUsingNetworkFeature X: return APN_REQUEST_STARTED
D/ConnectivityService(  351): [CheckMp] isMobileOk: hipri started
D/ConnectivityService(  351): [CheckMp] isMobileOk: not connected ni=NetworkInfo: type: mobile_hipri[UMTS], state: DISCONNECTED/IDLE, reason: (unspecified), extra: (none), roaming: false, failover: false, isAvailable: true, isConnectedToProvisioningNetwork: false
D/MobileDataStateTracker(  351): hipri: Broadcast received: android.intent.action.ANY_DATA_STATE apnType=hipri
D/MobileDataStateTracker(  351): hipri: Received state=CONNECTING, old=DISCONNECTED, reason=dataEnabled
D/MobileDataStateTracker(  351): hipri: setDetailed state, old =IDLE and new state=CONNECTING
D/MobileDataStateTracker(  351): fota: Broadcast received: android.intent.action.ANY_DATA_STATE apnType=fota
D/MobileDataStateTracker(  351): fota: Received state=DISCONNECTED, old=DISCONNECTED, reason=dataEnabled
D/MobileDataStateTracker(  351): ia: Broadcast received: android.intent.action.ANY_DATA_STATE apnType=ia
D/MobileDataStateTracker(  351): ia: Received state=DISCONNECTED, old=DISCONNECTED, reason=dataEnabled
D/MobileDataStateTracker(  351): supl: Broadcast received: android.intent.action.ANY_DATA_STATE apnType=supl
D/MobileDataStateTracker(  351): supl: Received state=DISCONNECTED, old=DISCONNECTED, reason=dataEnabled
D/MobileDataStateTracker(  351): ims: Broadcast received: android.intent.action.ANY_DATA_STATE apnType=ims
D/MobileDataStateTracker(  351): ims: Received state=DISCONNECTED, old=DISCONNECTED, reason=dataEnabled
I/SurfaceFlinger(   57): Boot is finished (81281 ms)
D/MobileDataStateTracker(  351): mms: Broadcast received: android.intent.action.ANY_DATA_STATE apnType=mms
D/MobileDataStateTracker(  351): mms: Received state=DISCONNECTED, old=DISCONNECTED, reason=dataEnabled
D/MobileDataStateTracker(  351): cbs: Broadcast received: android.intent.action.ANY_DATA_STATE apnType=cbs
D/MobileDataStateTracker(  351): cbs: Received state=DISCONNECTED, old=DISCONNECTED, reason=dataEnabled
D/MobileDataStateTracker(  351): hipri: Broadcast received: android.intent.action.ANY_DATA_STATE apnType=hipri
D/MobileDataStateTracker(  351): hipri: Received state=CONNECTED, old=CONNECTING, reason=dataEnabled
D/MobileDataStateTracker(  351): hipri: setDetailed state, old =CONNECTING and new state=CONNECTED
D/ConnectivityService(  351): ConnectivityChange for mobile_hipri: CONNECTED/CONNECTED
E/logwrapper(  760): executing /system/bin/ip failed: No such file or directory
E/ConnectivityService(  351): Exception trying to add a route: java.lang.IllegalStateException: command '16 interface fwmark exempt add 10.0.2.2/32' failed with '400 16 Failed to add exemption rule (File exists)'
E/logwrapper(  761): executing /system/bin/ip failed: No such file or directory
E/ConnectivityService(  351): Exception trying to add a route: java.lang.IllegalStateException: command '18 interface fwmark exempt add 10.0.2.3/32' failed with '400 18 Failed to add exemption rule (File exists)'
E/logwrapper(  762): executing /system/bin/ip failed: No such file or directory
E/ConnectivityService(  351): Exception trying to add a route: java.lang.IllegalStateException: command '20 interface fwmark exempt add 10.0.2.2/32' failed with '400 20 Failed to add exemption rule (File exists)'
E/logwrapper(  763): executing /system/bin/ip failed: No such file or directory
E/ConnectivityService(  351): Exception trying to add a route: java.lang.IllegalStateException: command '22 interface fwmark exempt add 10.0.2.4/32' failed with '400 22 Failed to add exemption rule (File exists)'
E/logwrapper(  764): executing /system/bin/ip failed: No such file or directory
E/SecondaryTablController(   54): ip route add failed: /system/bin/ip route add 10.0.2.2/32 via 0.0.0.0 dev eth0 table 60
W/FrameworkListener(   54): Handler 'interface' error (No such device)
E/ConnectivityService(  351): Exception trying to add a route: java.lang.IllegalStateException: command '23 interface route add eth0 secondary 10.0.2.2 32 0.0.0.0' failed with '400 23 ip route modification failed (No such device)'
E/logwrapper(  765): executing /system/bin/ip failed: No such file or directory
E/SecondaryTablController(   54): ip route add failed: /system/bin/ip route add 0.0.0.0/0 via 10.0.2.2 dev eth0 table 60
W/FrameworkListener(   54): Handler 'interface' error (No such device)
E/ConnectivityService(  351): Exception trying to add a route: java.lang.IllegalStateException: command '24 interface route add eth0 secondary 0.0.0.0 0 10.0.2.2' failed with '400 24 ip route modification failed (No such device)'
D/Nat464Xlat(  351): requiresClat: netType=5, hasIPv4Address=true
D/Launcher.Model(  688): Reload apps on config change. curr_mcc:310 prevmcc:0
I/Choreographer(  688): Skipped 557 frames!  The application may be doing too much work on its main thread.
W/ActivityManager(  351): Launch timeout has expired, giving up wake lock!
I/InputReader(  351): Reconfiguring input devices.  changes=0x00000010
I/PackageManager(  351):   Action: "android.intent.action.SENDTO"
I/PackageManager(  351):   Category: "android.intent.category.DEFAULT"
I/PackageManager(  351):   Scheme: "sms"
I/PackageManager(  351): Adding preferred activity ComponentInfo{com.android.mms/com.android.mms.ui.ComposeMessageActivity} for user 0 :
D/gralloc_goldfish(  688): Emulator without GPU emulation detected.
I/PackageManager(  351):   Action: "android.intent.action.SENDTO"
I/PackageManager(  351):   Category: "android.intent.category.DEFAULT"
I/PackageManager(  351):   Scheme: "smsto"
I/PackageManager(  351): Adding preferred activity ComponentInfo{com.android.mms/com.android.mms.ui.ComposeMessageActivity} for user 0 :
D/dalvikvm(  610): GC_CONCURRENT freed 337K, 13% free 3351K/3820K, paused 4ms+3ms, total 57ms
D/dalvikvm(  688): GC_FOR_ALLOC freed 246K, 8% free 4042K/4392K, paused 72ms, total 82ms
I/dalvikvm-heap(  688): Grow heap (frag case) to 5.578MB for 1610896-byte allocation
D/dalvikvm(  688): GC_FOR_ALLOC freed 4K, 6% free 5611K/5968K, paused 30ms, total 30ms
D/dalvikvm(  688): GC_CONCURRENT freed 26K, 7% free 5585K/5968K, paused 4ms+3ms, total 31ms
D/dalvikvm(  351): GC_CONCURRENT freed 639K, 57% free 5740K/13080K, paused 145ms+175ms, total 487ms
D/dalvikvm(  351): WAIT_FOR_CONCURRENT_GC blocked 258ms
I/PackageManager(  351):   Action: "android.intent.action.SENDTO"
I/PackageManager(  351):   Category: "android.intent.category.DEFAULT"
I/PackageManager(  351):   Scheme: "mms"
I/PackageManager(  351): Adding preferred activity ComponentInfo{com.android.mms/com.android.mms.ui.ComposeMessageActivity} for user 0 :
D/dalvikvm(  351): WAIT_FOR_CONCURRENT_GC blocked 242ms
D/dalvikvm(  351): WAIT_FOR_CONCURRENT_GC blocked 28ms
D/dalvikvm(  688): GC_FOR_ALLOC freed <1K, 7% free 5585K/5968K, paused 58ms, total 58ms
I/dalvikvm-heap(  688): Grow heap (frag case) to 7.084MB for 1610896-byte allocation
D/dalvikvm(  688): GC_FOR_ALLOC freed 0K, 6% free 7158K/7544K, paused 44ms, total 45ms
W/WindowManager(  351): App freeze timeout expired.
W/WindowManager(  351): Force clearing freeze: AppWindowToken{b33fc1c8 token=Token{b2fdd990 ActivityRecord{b2dd36d8 u0 com.android.launcher/com.android.launcher2.Launcher t3}}}
D/dalvikvm(  688): GC_CONCURRENT freed <1K, 6% free 7200K/7588K, paused 34ms+2ms, total 113ms
I/ActivityManager(  351): Displayed com.android.launcher/com.android.launcher2.Launcher: +9s435ms (total +12s992ms)
D/dalvikvm(  458): GC_FOR_ALLOC freed 3113K, 48% free 3587K/6796K, paused 87ms, total 113ms
I/dalvikvm-heap(  458): Grow heap (frag case) to 6.523MB for 3072016-byte allocation
D/dalvikvm(  458): GC_FOR_ALLOC freed 5K, 4% free 6581K/6796K, paused 58ms, total 58ms
D/dalvikvm(  458): GC_CONCURRENT freed 0K, 4% free 6582K/6796K, paused 4ms+3ms, total 60ms
I/WindowManager(  351): Screen frozen for +5s668ms due to Window{b3711218 u0 com.android.systemui.ImageWallpaper}
I/ARMAssembler(   57): generated scanline__00000077:03515104_00009001_00000000 [131 ipp] (153 ins) at [0xb5a5f410:0xb5a5f674] in 0 ns
I/PackageManager(  351):   Action: "android.intent.action.SENDTO"
I/PackageManager(  351):   Category: "android.intent.category.DEFAULT"
I/PackageManager(  351):   Scheme: "mmsto"
I/PackageManager(  351): Adding preferred activity ComponentInfo{com.android.mms/com.android.mms.ui.ComposeMessageActivity} for user 0 :
D/Tethering(  351): MasterInitialState.processMessage what=3
D/CaptivePortalTracker(  351): NoActiveNetworkState{ when=-2ms what=1 obj=NetworkInfo: type: mobile[UMTS], state: CONNECTED/CONNECTED, reason: connected, extra: epc.tmobile.com, roaming: false, failover: false, isAvailable: true, isConnectedToProvisioningNetwork: false target=com.android.internal.util.StateMachine$SmHandler }
D/CaptivePortalTracker(  351): NoActiveNetworkState not a wifi connectivity change, ignore
I/PackageManager(  351):   Action: "android.intent.action.SENDTO"
I/PackageManager(  351):   Category: "android.intent.category.DEFAULT"
I/PackageManager(  351):   Scheme: "sms"
I/PackageManager(  351): Adding preferred activity ComponentInfo{com.android.mms/com.android.mms.ui.ComposeMessageActivity} for user 0 :
I/PackageManager(  351):   Action: "android.intent.action.SENDTO"
I/PackageManager(  351):   Category: "android.intent.category.DEFAULT"
I/PackageManager(  351):   Scheme: "smsto"
I/PackageManager(  351): Adding preferred activity ComponentInfo{com.android.mms/com.android.mms.ui.ComposeMessageActivity} for user 0 :
I/PackageManager(  351):   Action: "android.intent.action.SENDTO"
I/PackageManager(  351):   Category: "android.intent.category.DEFAULT"
I/PackageManager(  351):   Scheme: "mms"
I/PackageManager(  351): Adding preferred activity ComponentInfo{com.android.mms/com.android.mms.ui.ComposeMessageActivity} for user 0 :
I/PackageManager(  351):   Action: "android.intent.action.SENDTO"
I/PackageManager(  351):   Category: "android.intent.category.DEFAULT"
I/PackageManager(  351):   Scheme: "mmsto"
I/PackageManager(  351): Adding preferred activity ComponentInfo{com.android.mms/com.android.mms.ui.ComposeMessageActivity} for user 0 :
D/dalvikvm(  351): GC_CONCURRENT freed 782K, 57% free 5720K/13080K, paused 5ms+5ms, total 90ms
D/dalvikvm(  351): WAIT_FOR_CONCURRENT_GC blocked 36ms
D/dalvikvm(  351): WAIT_FOR_CONCURRENT_GC blocked 42ms
D/dalvikvm(  351): WAIT_FOR_CONCURRENT_GC blocked 42ms
D/dalvikvm(  610): GC_CONCURRENT freed 418K, 15% free 3377K/3952K, paused 4ms+12ms, total 52ms
D/MobileDataStateTracker(  351): hipri: isProvisioningNetwork: retVal=false
D/ConnectivityService(  351): [CheckMp] isMobileOk: isProvisioningNetwork is false, continue
D/ConnectivityService(  351): [CheckMp] isMobileOk: addresses=clients3.google.com/216.58.204.46
D/ConnectivityService(  351): [CheckMp] isMobileOk: linkHasIpv4=true linkHasIpv6=false
D/Tethering(  351): MasterInitialState.processMessage what=3
D/CaptivePortalTracker(  351): NoActiveNetworkState{ when=-3ms what=1 obj=NetworkInfo: type: mobile_hipri[UMTS], state: CONNECTED/CONNECTED, reason: dataEnabled, extra: epc.tmobile.com, roaming: false, failover: false, isAvailable: true, isConnectedToProvisioningNetwork: false target=com.android.internal.util.StateMachine$SmHandler }
D/CaptivePortalTracker(  351): NoActiveNetworkState not a wifi connectivity change, ignore
E/logwrapper(  775): executing /system/bin/ip failed: No such file or directory
I/Choreographer(  688): Skipped 51 frames!  The application may be doing too much work on its main thread.
I/Choreographer(  688): Skipped 31 frames!  The application may be doing too much work on its main thread.
E/ConnectivityService(  351): Exception trying to add a route: java.lang.IllegalStateException: command '27 interface fwmark exempt add 10.0.2.2/32' failed with '400 27 Failed to add exemption rule (File exists)'
E/logwrapper(  778): executing /system/bin/ip failed: No such file or directory
E/SQLiteLog(  627): (1) no such table: album_info
D/dalvikvm(  351): GC_EXPLICIT freed 629K, 58% free 5590K/13080K, paused 10ms+257ms, total 635ms
E/NetdConnector(  351): NDC Command {29 interface fwmark exempt add 216.58.204.46/32} took too long (959ms)
E/ConnectivityService(  351): Exception trying to add a route: java.lang.IllegalStateException: command '29 interface fwmark exempt add 216.58.204.46/32' failed with '400 29 Failed to add exemption rule (File exists)'
D/ConnectivityService(  351): requestRouteToHostAddress ok=false
D/ConnectivityService(  351): [CheckMp] isMobileOk: could not establish route to hostAddr=clients3.google.com/216.58.204.46
D/dalvikvm(  627): GC_CONCURRENT freed 228K, 11% free 2888K/3212K, paused 15ms+2ms, total 294ms
I/ActivityManager(  351): Start proc com.android.externalstorage for broadcast com.android.externalstorage/.MountReceiver: pid=785 uid=10006 gids={50006, 1028, 1015, 1023}
I/DownloadManager(  627): Upgrading downloads database from version 0 to version 109, which will destroy all old data
D/AndroidRuntime(  779): 
D/AndroidRuntime(  779): >>>>>> AndroidRuntime START com.android.internal.os.RuntimeInit <<<<<<
D/AndroidRuntime(  779): CheckJNI is ON
D/ExternalStorage(  785): Missing UUID for /storage/sdcard; skipping
D/ExternalStorage(  785): After updating volumes, found 0 active roots
D/dalvikvm(  779): Trying to load lib libjavacore.so 0x0
D/ExternalStorage(  785): Missing UUID for /storage/sdcard; skipping
D/ExternalStorage(  785): After updating volumes, found 0 active roots
D/dalvikvm(  779): Added shared lib libjavacore.so 0x0
D/dalvikvm(  779): Trying to load lib libnativehelper.so 0x0
D/dalvikvm(  779): Added shared lib libnativehelper.so 0x0
D/dalvikvm(  779): No JNI_OnLoad found in libnativehelper.so 0x0, skipping init
D/MediaScannerReceiver(  627): action: android.intent.action.MEDIA_MOUNTED path: /storage/sdcard
D/dalvikvm(  554): GC_CONCURRENT freed 186K, 9% free 3128K/3412K, paused 26ms+2ms, total 69ms
D/dalvikvm(  779): Note: class Landroid/app/ActivityManagerNative; has 179 unimplemented (abstract) methods
I/ActivityManager(  351): Start proc com.android.exchange for content provider com.android.exchange/.provider.ExchangeDirectoryProvider: pid=805 uid=10025 gids={50025, 3003, 1028, 1015}
I/ActivityManager(  351): Start proc com.android.email for content provider com.android.email/.provider.EmailProvider: pid=817 uid=10024 gids={50024, 3003, 1028, 1015}
E/memtrack(  779): Couldn't load memtrack module (No such file or directory)
E/android.os.Debug(  779): failed to load memtrack module: -2
I/ContactDirectoryManager(  554): deleted 0 stale rows which don't have any relevant directory
D/AndroidRuntime(  779): Calling main entry com.android.commands.pm.Pm
I/ContactDirectoryManager(  554): Discovered 0 contact directories in 2734ms
E/logwrapper(  833): executing /system/bin/ip failed: No such file or directory
I/ActivityManager(  351): Start proc com.android.defcontainer for service com.android.defcontainer/.DefaultContainerService: pid=831 uid=10003 gids={50003, 1028, 1015, 1023, 2001, 1035}
E/ConnectivityService(  351): Exception trying to add a route: java.lang.IllegalStateException: command '31 interface fwmark exempt add 10.0.2.2/32' failed with '400 31 Failed to add exemption rule (File exists)'
E/logwrapper(  845): executing /system/bin/ip failed: No such file or directory
E/ConnectivityService(  351): Exception trying to add a route: java.lang.IllegalStateException: command '33 interface fwmark exempt add 216.58.204.46/32' failed with '400 33 Failed to add exemption rule (File exists)'
D/ConnectivityService(  351): requestRouteToHostAddress ok=false
D/ConnectivityService(  351): [CheckMp] isMobileOk: could not establish route to hostAddr=clients3.google.com/216.58.204.46
D/ActivityThread(  817): Loading provider com.android.email.provider;com.android.email.notifier: com.android.email.provider.EmailProvider
I/ContactsProvider(  554): Upgrading aggregation algorithm
D/dalvikvm(  688): GC_CONCURRENT freed 2110K, 26% free 6464K/8684K, paused 5ms+4ms, total 35ms
I/ContactAggregator(  554): Marked all visible contacts for aggregation: 0 raw contacts, 5 ms
I/ContactsProvider(  554): Aggregation algorithm upgraded for 0 raw contacts in 198ms
V/MediaScanner(  627): pruneDeadThumbnailFiles... android.database.sqlite.SQLiteCursor@b2d602f8
V/MediaScanner(  627): /pruneDeadThumbnailFiles... android.database.sqlite.SQLiteCursor@b2d602f8
W/ActivityManager(  351): No content provider found for permission revoke: file:///data/local/tmp/sample_for_analysis.apk
I/ContactsFTS(  554): Rebuild contact search index in 608ms, 0 contacts
W/ActivityManager(  351): No content provider found for permission revoke: file:///data/local/tmp/sample_for_analysis.apk
I/PackageManager(  351): Copying native libraries to /data/app-lib/vmdl1271846087
W/ActivityManager(  351): Activity destroy timeout for ActivityRecord{b33dcd68 u0 com.android.settings/.CryptKeeper t1 f}
D/dalvikvm(  351): GC_CONCURRENT freed 502K, 57% free 5685K/13076K, paused 17ms+5ms, total 74ms
D/dalvikvm(  817): GC_CONCURRENT freed 274K, 12% free 2898K/3272K, paused 5ms+2ms, total 45ms
I/PackageManager(  351): Running dexopt on: zBTIIj.DbQUhu.lhkmMr.vAnsR
W/ActivityManager(  351): Unable to start service Intent { cmp=com.android.email/.service.AttachmentDownloadService } U=0: not found
I/Email   (  817): Observing account changes for notifications
W/ActivityManager(  351): Unable to start service Intent { cmp=com.android.email/.service.AttachmentDownloadService } U=0: not found
E/BluetoothAdapter(  622): Bluetooth binder is null
I/ActivityManager(  351): Start proc com.android.music for broadcast com.android.music/.MediaButtonIntentReceiver: pid=855 uid=10032 gids={50032, 3003, 1028, 1015}
I/dalvikvm(  855): CheckJNI enabled: not enabling JNI app bug workarounds.
D/dalvikvm(  852): DexOpt: 'Landroid/accounts/IAccountAuthenticator;' has an earlier definition; blocking out
D/dalvikvm(  852): DexOpt: 'Landroid/accounts/IAccountAuthenticator$Stub$Proxy;' has an earlier definition; blocking out
D/dalvikvm(  852): DexOpt: 'Landroid/accounts/IAccountAuthenticator$Stub;' has an earlier definition; blocking out
D/dalvikvm(  852): DexOpt: 'Landroid/accounts/IAccountAuthenticatorResponse;' has an earlier definition; blocking out
D/dalvikvm(  852): DexOpt: 'Landroid/accounts/IAccountAuthenticatorResponse$Stub$Proxy;' has an earlier definition; blocking out
D/dalvikvm(  852): DexOpt: 'Landroid/accounts/IAccountAuthenticatorResponse$Stub;' has an earlier definition; blocking out
D/dalvikvm(  852): DexOpt: 'Landroid/accounts/IAccountManagerResponse;' has an earlier definition; blocking out
D/dalvikvm(  852): DexOpt: 'Landroid/accounts/IAccountManagerResponse$Stub$Proxy;' has an earlier definition; blocking out
D/dalvikvm(  852): DexOpt: 'Landroid/accounts/IAccountManagerResponse$Stub;' has an earlier definition; blocking out
D/dalvikvm(  852): DexOpt: 'Landroid/app/IServiceConnection;' has an earlier definition; blocking out
D/dalvikvm(  852): DexOpt: 'Landroid/app/IServiceConnection$Stub$Proxy;' has an earlier definition; blocking out
D/dalvikvm(  852): DexOpt: 'Landroid/app/IServiceConnection$Stub;' has an earlier definition; blocking out
D/dalvikvm(  852): DexOpt: 'Landroid/app/IStopUserCallback;' has an earlier definition; blocking out
D/dalvikvm(  852): DexOpt: 'Landroid/app/IStopUserCallback$Stub$Proxy;' has an earlier definition; blocking out
D/dalvikvm(  852): DexOpt: 'Landroid/app/IStopUserCallback$Stub;' has an earlier definition; blocking out
D/dalvikvm(  852): DexOpt: 'Landroid/content/IIntentReceiver;' has an earlier definition; blocking out
D/dalvikvm(  852): DexOpt: 'Landroid/content/IIntentReceiver$Stub$Proxy;' has an earlier definition; blocking out
D/dalvikvm(  852): DexOpt: 'Landroid/content/IIntentReceiver$Stub;' has an earlier definition; blocking out
D/dalvikvm(  852): DexOpt: 'Landroid/content/ISyncAdapter;' has an earlier definition; blocking out
D/dalvikvm(  852): DexOpt: 'Landroid/content/ISyncAdapter$Stub$Proxy;' has an earlier definition; blocking out
D/dalvikvm(  852): DexOpt: 'Landroid/content/ISyncAdapter$Stub;' has an earlier definition; blocking out
D/dalvikvm(  852): DexOpt: 'Landroid/content/ISyncContext;' has an earlier definition; blocking out
D/dalvikvm(  852): DexOpt: 'Landroid/content/ISyncContext$Stub$Proxy;' has an earlier definition; blocking out
D/dalvikvm(  852): DexOpt: 'Landroid/content/ISyncContext$Stub;' has an earlier definition; blocking out
D/dalvikvm(  852): DexOpt: 'Landroid/content/ISyncStatusObserver;' has an earlier definition; blocking out
D/dalvikvm(  852): DexOpt: 'Landroid/content/ISyncStatusObserver$Stub$Proxy;' has an earlier definition; blocking out
D/dalvikvm(  852): DexOpt: 'Landroid/content/ISyncStatusObserver$Stub;' has an earlier definition; blocking out
D/dalvikvm(  852): DexOpt: 'Landroid/content/SyncStatusInfo$1;' has an earlier definition; blocking out
D/dalvikvm(  852): DexOpt: 'Landroid/content/SyncStatusInfo;' has an earlier definition; blocking out
D/dalvikvm(  852): DexOpt: 'Landroid/content/pm/IPackageDataObserver;' has an earlier definition; blocking out
D/dalvikvm(  852): DexOpt: 'Landroid/content/pm/IPackageDataObserver$Stub$Proxy;' has an earlier definition; blocking out
D/dalvikvm(  852): DexOpt: 'Landroid/content/pm/IPackageDataObserver$Stub;' has an earlier definition; blocking out
D/dalvikvm(  852): DexOpt: 'Landroid/content/pm/IPackageInstallObserver;' has an earlier definition; blocking out
D/dalvikvm(  852): DexOpt: 'Landroid/content/pm/IPackageInstallObserver$Stub$Proxy;' has an earlier definition; blocking out
D/dalvikvm(  852): DexOpt: 'Landroid/content/pm/IPackageInstallObserver$Stub;' has an earlier definition; blocking out
D/dalvikvm(  852): DexOpt: 'Landroid/content/pm/PackageParser$Component;' has an earlier definition; blocking out
D/dalvikvm(  852): DexOpt: 'Landroid/content/pm/PackageParser$Activity;' has an earlier definition; blocking out
D/dalvikvm(  852): DexOpt: 'Landroid/content/pm/PackageParser$IntentInfo;' has an earlier definition; blocking out
D/dalvikvm(  852): DexOpt: 'Landroid/content/pm/PackageParser$ActivityIntentInfo;' has an earlier definition; blocking out
D/dalvikvm(  852): DexOpt: 'Landroid/content/pm/PackageParser$Instrumentation;' has an earlier definition; blocking out
D/dalvikvm(  852): DexOpt: 'Landroid/content/pm/PackageParser$Package;' has an earlier definition; blocking out
D/dalvikvm(  852): DexOpt: 'Landroid/content/pm/PackageParser$Permission;' has an earlier definition; blocking out
D/dalvikvm(  852): DexOpt: 'Landroid/content/pm/PackageParser$PermissionGroup;' has an earlier definition; blocking out
E/logwrapper(  868): executing /system/bin/ip failed: No such file or directory
D/dalvikvm(  852): DexOpt: 'Landroid/content/pm/PackageParser$Provider;' has an earlier definition; blocking out
D/dalvikvm(  852): DexOpt: 'Landroid/content/pm/PackageParser$ProviderIntentInfo;' has an earlier definition; blocking out
D/dalvikvm(  852): DexOpt: 'Landroid/content/pm/PackageParser$Service;' has an earlier definition; blocking out
D/dalvikvm(  852): DexOpt: 'Landroid/content/pm/PackageParser$ServiceIntentInfo;' has an earlier definition; blocking out
D/dalvikvm(  852): DexOpt: 'Landroid/content/pm/PackageParser;' has an earlier definition; blocking out
D/dalvikvm(  852): DexOpt: 'Landroid/location/ILocationListener;' has an earlier definition; blocking out
D/dalvikvm(  852): DexOpt: 'Landroid/location/ILocationListener$Stub$Proxy;' has an earlier definition; blocking out
D/dalvikvm(  852): DexOpt: 'Landroid/location/ILocationListener$Stub;' has an earlier definition; blocking out
D/dalvikvm(  852): DexOpt: 'Landroid/location/LocationRequest$1;' has an earlier definition; blocking out
D/dalvikvm(  852): DexOpt: 'Landroid/location/LocationRequest;' has an earlier definition; blocking out
D/dalvikvm(  852): DexOpt: 'Landroid/net/IConnectivityManager;' has an earlier definition; blocking out
