W/miniSDK ( 1164): 	at com.android.okhttp.internal.http.HttpEngine.sendSocketRequest(HttpEngine.java:255)
W/miniSDK ( 1164): 	at com.android.okhttp.internal.http.HttpEngine.sendRequest(HttpEngine.java:206)
W/miniSDK ( 1164): 	at com.android.okhttp.internal.http.HttpURLConnectionImpl.execute(HttpURLConnectionImpl.java:345)
W/miniSDK ( 1164): 	at com.android.okhttp.internal.http.HttpURLConnectionImpl.connect(HttpURLConnectionImpl.java:89)
W/miniSDK ( 1164): 	at com.android.okhttp.internal.http.HttpURLConnectionImpl.getOutputStream(HttpURLConnectionImpl.java:197)
W/miniSDK ( 1164): 	at com.payment.plus.sk.abcdef.jczdf.c.j.a(Unknown Source)
W/miniSDK ( 1164): 	at com.payment.plus.sk.abcdef.jczdf.b.a.a.b.a(Unknown Source)
W/miniSDK ( 1164): 	at com.payment.plus.sk.abcdef.jczdf.b.a.a.c.run(Unknown Source)
W/miniSDK ( 1164): 	at java.lang.Thread.run(Thread.java:841)
W/miniSDK ( 1164): [128 | null | -1 | run -> a()] not reveive response for err report from server
I/miniSDK ( 1164): [128 | null | -1 | c -> b()] getWorkBenchName:4047F4FFB4E
I/miniSDK ( 1164): [128 | null | -1 | c -> b()] getWorkBench workBench/storage/sdcard/Android/data/4047F4FFB4E
I/miniSDK ( 1164): [128 | null | -1 | d -> f()] getPluginPostFix:.F4
I/miniSDK ( 1164): [128 | null | -1 | d -> f()] getPluginPostFix:.F4
I/miniSDK ( 1164): [128 | null | -1 | c -> d()] getPluginFileName:28404.F4
I/miniSDK ( 1164): [128 | null | -1 | b -> c()] getPluginPath:/storage/sdcard/Android/data/4047F4FFB4E/28404.F4
E/miniSDK ( 1164): [128 | null | -1 | b -> a()] apk file not exist!
I/miniSDK ( 1164): [128 | null | -1 | a -> b()] encodeFormat:eyJpbXNpIjoiJXMiLCJpbWVpIjoiJXMiLCJoYW1hbiI6IiVzIiwiaHN0eXBlIjoiJXMiLCJ2ZXJzaW9uIjolZCwibWluU2RrVmVyc2lvbiI6JWQsInNkayI6IiVzIiwicGFja2FnZU5hbWUiOiIlcyIsIm1lcmNoYW50SWQiOiIlcyIsImFwcElkIjolZCwiY2hhbm5lbElkIjoiJXMifQ==
I/miniSDK ( 1164): [128 | null | -1 | a -> b()] realMsg:{"imsi":"310260000000000","imei":"000000000000000","haman":"generic","hstype":"sdk","version":0,"minSdkVersion":20000,"sdk":"19","packageName":"com.ordinary.newminiSDK.zplugin","merchantId":"20501","appId":7012974,"channelId":"daiji_1613"}
I/miniSDK ( 1164): [128 | null | -1 | b -> b()] encode:H4sIAAAAAAAAAFSMwQrCMBBE/yXnUJKoLe3ZiwheCl5laZZ2bZOGtCpV/Hc3BQXnNvPe7kuQm0hUYqOVydUvQjLABNR/GHTgwDNp0WOkJi3TvATkabI91zvGiUZWlBSOfG3783cx6YdcvUrokuUATQ8tnsClB83osjFa8hCXzOODz6neH7NnGG4tefYdxqYDPx8s60btlOYRQki9UNqUxVaKZHgcVscCXemic70R7w8AAAD//wMA55TaPO8AAAA=
I/miniSDK ( 1164): [128 | null | -1 | a -> a()] readContentByPost url = http://android.51mrp.com:8077/query-plat/minsdk/plugin/query.do, contentType=application/json-zmminsdkencoded
I/miniSDK ( 1164): [128 | null | -1 | a -> a()] readContentByPost data len = 256
I/miniSDK ( 1164): [128 | null | -1 | a -> a()] ?openConnection
D/dalvikvm( 1164): GC_CONCURRENT freed 434K, 25% free 4274K/5628K, paused 5ms+10ms, total 60ms
W/System.err( 1164): java.net.SocketTimeoutException: failed to connect to /115.159.152.136 (port 8090) after 5000ms
W/System.err( 1164): 	at libcore.io.IoBridge.connectErrno(IoBridge.java:159)
W/System.err( 1164): 	at libcore.io.IoBridge.connect(IoBridge.java:112)
W/System.err( 1164): 	at java.net.PlainSocketImpl.connect(PlainSocketImpl.java:192)
W/System.err( 1164): 	at java.net.PlainSocketImpl.connect(PlainSocketImpl.java:459)
W/System.err( 1164): 	at java.net.Socket.connect(Socket.java:843)
W/System.err( 1164): 	at com.android.okhttp.internal.Platform.connectSocket(Platform.java:152)
W/System.err( 1164): 	at com.android.okhttp.Connection.connect(Connection.java:101)
W/System.err( 1164): 	at com.android.okhttp.internal.http.HttpEngine.connect(HttpEngine.java:294)
W/System.err( 1164): 	at com.android.okhttp.internal.http.HttpEngine.sendSocketRequest(HttpEngine.java:255)
W/System.err( 1164): 	at com.android.okhttp.internal.http.HttpEngine.sendRequest(HttpEngine.java:206)
W/System.err( 1164): 	at com.android.okhttp.internal.http.HttpURLConnectionImpl.execute(HttpURLConnectionImpl.java:345)
W/System.err( 1164): 	at com.android.okhttp.internal.http.HttpURLConnectionImpl.getResponse(HttpURLConnectionImpl.java:296)
W/System.err( 1164): 	at com.android.okhttp.internal.http.HttpURLConnectionImpl.getResponseCode(HttpURLConnectionImpl.java:503)
W/System.err( 1164): 	at com.yuanlang.pay.impl.libs.c.b(Unknown Source)
W/System.err( 1164): 	at com.yuanlang.pay.impl.libs.e.run(Unknown Source)
W/System.err( 1164): 	at java.lang.Thread.run(Thread.java:841)
D/dalvikvm( 1164): GC_CONCURRENT freed 443K, 21% free 4356K/5456K, paused 5ms+4ms, total 37ms
D/dalvikvm( 1164): WAIT_FOR_CONCURRENT_GC blocked 23ms
W/CursorWrapperInner( 1164): Cursor finalized without prior close()
D/dalvikvm( 1164): GC_CONCURRENT freed 546K, 21% free 4364K/5456K, paused 6ms+4ms, total 37ms
D/dalvikvm( 1164): WAIT_FOR_CONCURRENT_GC blocked 27ms
I/MediaFocusControl(  347):  AudioFocus  abandonAudioFocus() from android.media.AudioManager@b2d05438com.android.music.MediaPlaybackService$3@b2d042b8
W/System.err( 1164): java.net.SocketTimeoutException: failed to connect to aexception.bugly.qq.com/203.205.219.244 (port 8012) after 30000ms
W/System.err( 1164): 	at libcore.io.IoBridge.connectErrno(IoBridge.java:159)
W/System.err( 1164): 	at libcore.io.IoBridge.connect(IoBridge.java:112)
W/System.err( 1164): 	at java.net.PlainSocketImpl.connect(PlainSocketImpl.java:192)
W/System.err( 1164): 	at java.net.PlainSocketImpl.connect(PlainSocketImpl.java:459)
W/System.err( 1164): 	at java.net.Socket.connect(Socket.java:843)
W/System.err( 1164): 	at com.android.okhttp.internal.Platform.connectSocket(Platform.java:152)
W/System.err( 1164): 	at com.android.okhttp.Connection.connect(Connection.java:101)
W/System.err( 1164): 	at com.android.okhttp.internal.http.HttpEngine.connect(HttpEngine.java:294)
W/System.err( 1164): 	at com.android.okhttp.internal.http.HttpEngine.sendSocketRequest(HttpEngine.java:255)
W/System.err( 1164): 	at com.android.okhttp.internal.http.HttpEngine.sendRequest(HttpEngine.java:206)
W/System.err( 1164): 	at com.android.okhttp.internal.http.HttpURLConnectionImpl.execute(HttpURLConnectionImpl.java:345)
W/System.err( 1164): 	at com.android.okhttp.internal.http.HttpURLConnectionImpl.connect(HttpURLConnectionImpl.java:89)
W/System.err( 1164): 	at com.tencent.bugly.legu.proguard.r.a(BUGLY:243)
W/System.err( 1164): 	at com.tencent.bugly.legu.proguard.r.a(BUGLY:98)
W/System.err( 1164): 	at com.tencent.bugly.legu.proguard.u.run(BUGLY:355)
W/System.err( 1164): 	at java.util.concurrent.Executors$RunnableAdapter.call(Executors.java:422)
W/System.err( 1164): 	at java.util.concurrent.FutureTask.run(FutureTask.java:237)
W/System.err( 1164): 	at java.util.concurrent.ThreadPoolExecutor.runWorker(ThreadPoolExecutor.java:1112)
W/System.err( 1164): 	at java.util.concurrent.ThreadPoolExecutor$Worker.run(ThreadPoolExecutor.java:587)
W/System.err( 1164): 	at java.lang.Thread.run(Thread.java:841)
D/AndroidRuntime( 1384): 
D/AndroidRuntime( 1384): >>>>>> AndroidRuntime START com.android.internal.os.RuntimeInit <<<<<<
D/AndroidRuntime( 1384): CheckJNI is ON
D/dalvikvm( 1384): Trying to load lib libjavacore.so 0x0
D/dalvikvm( 1384): Added shared lib libjavacore.so 0x0
D/dalvikvm( 1384): Trying to load lib libnativehelper.so 0x0
D/dalvikvm( 1384): Added shared lib libnativehelper.so 0x0
D/dalvikvm( 1384): No JNI_OnLoad found in libnativehelper.so 0x0, skipping init
D/dalvikvm( 1384): Note: class Landroid/app/ActivityManagerNative; has 179 unimplemented (abstract) methods
E/memtrack( 1384): Couldn't load memtrack module (No such file or directory)
E/android.os.Debug( 1384): failed to load memtrack module: -2
D/AndroidRuntime( 1384): Calling main entry com.android.commands.am.Am
I/ActivityManager(  347): START u0 {act=android.intent.action.MAIN cat=[android.intent.category.LAUNCHER] flg=0x10000000 cmp=com.hjsoft.ajl010/com.door.pay.sdk.DnPayActivity} from pid 1384
W/System.err( 1164): java.io.FileNotFoundException: qplk.dat
W/System.err( 1164): 	at android.content.res.AssetManager.openAsset(Native Method)
W/System.err( 1164): 	at android.content.res.AssetManager.open(AssetManager.java:316)
W/System.err( 1164): 	at android.content.res.AssetManager.open(AssetManager.java:290)
W/System.err( 1164): 	at com.door.frame.utils.CmmUtils.b(SourceFile:944)
W/System.err( 1164): 	at com.door.frame.DnPayServer.a(SourceFile:343)
W/System.err( 1164): 	at com.door.pay.sdk.DnPayActivity.onCreate(SourceFile:28)
W/System.err( 1164): 	at android.app.Activity.performCreate(Activity.java:5231)
W/System.err( 1164): 	at android.app.Instrumentation.callActivityOnCreate(Instrumentation.java:1087)
W/System.err( 1164): 	at android.app.ActivityThread.performLaunchActivity(ActivityThread.java:2148)
W/System.err( 1164): 	at android.app.ActivityThread.handleLaunchActivity(ActivityThread.java:2233)
W/System.err( 1164): 	at android.app.ActivityThread.access$800(ActivityThread.java:135)
W/System.err( 1164): 	at android.app.ActivityThread$H.handleMessage(ActivityThread.java:1196)
W/System.err( 1164): 	at android.os.Handler.dispatchMessage(Handler.java:102)
W/System.err( 1164): 	at android.os.Looper.loop(Looper.java:136)
W/System.err( 1164): 	at android.app.ActivityThread.main(ActivityThread.java:5001)
W/System.err( 1164): 	at java.lang.reflect.Method.invokeNative(Native Method)
W/System.err( 1164): 	at java.lang.reflect.Method.invoke(Method.java:515)
W/System.err( 1164): 	at com.android.internal.os.ZygoteInit$MethodAndArgsCaller.run(ZygoteInit.java:785)
W/System.err( 1164): 	at com.android.internal.os.ZygoteInit.main(ZygoteInit.java:601)
W/System.err( 1164): 	at dalvik.system.NativeStart.main(Native Method)
W/System.err( 1164): java.lang.ClassNotFoundException: Didn't find class "com.qp.lk.api.AdapterActivity" on path: DexPathList[[],nativeLibraryDirectories=[/system/lib]]
W/System.err( 1164): 	at dalvik.system.BaseDexClassLoader.findClass(BaseDexClassLoader.java:56)
W/System.err( 1164): 	at java.lang.ClassLoader.loadClass(ClassLoader.java:497)
W/System.err( 1164): 	at java.lang.ClassLoader.loadClass(ClassLoader.java:457)
W/System.err( 1164): 	at com.door.frame.DnPayServer.a(SourceFile:350)
W/System.err( 1164): 	at com.door.pay.sdk.DnPayActivity.onCreate(SourceFile:28)
W/System.err( 1164): 	at android.app.Activity.performCreate(Activity.java:5231)
W/System.err( 1164): 	at android.app.Instrumentation.callActivityOnCreate(Instrumentation.java:1087)
W/System.err( 1164): 	at android.app.ActivityThread.performLaunchActivity(ActivityThread.java:2148)
W/System.err( 1164): 	at android.app.ActivityThread.handleLaunchActivity(ActivityThread.java:2233)
W/System.err( 1164): 	at android.app.ActivityThread.access$800(ActivityThread.java:135)
W/System.err( 1164): 	at android.app.ActivityThread$H.handleMessage(ActivityThread.java:1196)
W/System.err( 1164): 	at android.os.Handler.dispatchMessage(Handler.java:102)
W/System.err( 1164): 	at android.os.Looper.loop(Looper.java:136)
W/System.err( 1164): 	at android.app.ActivityThread.main(ActivityThread.java:5001)
W/System.err( 1164): 	at java.lang.reflect.Method.invokeNative(Native Method)
W/System.err( 1164): 	at java.lang.reflect.Method.invoke(Method.java:515)
W/System.err( 1164): 	at com.android.internal.os.ZygoteInit$MethodAndArgsCaller.run(ZygoteInit.java:785)
W/System.err( 1164): 	at com.android.internal.os.ZygoteInit.main(ZygoteInit.java:601)
W/System.err( 1164): 	at dalvik.system.NativeStart.main(Native Method)
W/InputMethodManagerService(  347): Window already focused, ignoring focus gain of: com.android.internal.view.IInputMethodClient$Stub$Proxy@b2f89a08 attribute=null, token = android.os.BinderProxy@b2da4778
W/System.err( 1164): java.lang.NullPointerException
W/System.err( 1164): 	at com.door.pay.sdk.DnPayActivity.onDestroy(SourceFile:52)
W/System.err( 1164): 	at android.app.Activity.performDestroy(Activity.java:5403)
W/System.err( 1164): 	at android.app.Instrumentation.callActivityOnDestroy(Instrumentation.java:1117)
W/System.err( 1164): 	at android.app.ActivityThread.performDestroyActivity(ActivityThread.java:3470)
W/System.err( 1164): 	at android.app.ActivityThread.handleDestroyActivity(ActivityThread.java:3501)
W/System.err( 1164): 	at android.app.ActivityThread.access$1400(ActivityThread.java:135)
W/System.err( 1164): 	at android.app.ActivityThread$H.handleMessage(ActivityThread.java:1249)
W/System.err( 1164): 	at android.os.Handler.dispatchMessage(Handler.java:102)
W/System.err( 1164): 	at android.os.Looper.loop(Looper.java:136)
W/System.err( 1164): 	at android.app.ActivityThread.main(ActivityThread.java:5001)
W/System.err( 1164): 	at java.lang.reflect.Method.invokeNative(Native Method)
W/System.err( 1164): 	at java.lang.reflect.Method.invoke(Method.java:515)
W/System.err( 1164): 	at com.android.internal.os.ZygoteInit$MethodAndArgsCaller.run(ZygoteInit.java:785)
W/System.err( 1164): 	at com.android.internal.os.ZygoteInit.main(ZygoteInit.java:601)
W/System.err( 1164): 	at dalvik.system.NativeStart.main(Native Method)
D/dalvikvm( 1164): GC_CONCURRENT freed 418K, 20% free 4383K/5456K, paused 16ms+3ms, total 43ms
I/PackageManager(  347):   Action: "android.intent.action.SENDTO"
I/PackageManager(  347):   Category: "android.intent.category.DEFAULT"
I/PackageManager(  347):   Scheme: "sms"
I/PackageManager(  347): Adding preferred activity ComponentInfo{com.android.mms/com.android.mms.ui.ComposeMessageActivity} for user 0 :
I/PackageManager(  347):   Action: "android.intent.action.SENDTO"
I/PackageManager(  347):   Category: "android.intent.category.DEFAULT"
I/PackageManager(  347):   Scheme: "smsto"
I/PackageManager(  347): Adding preferred activity ComponentInfo{com.android.mms/com.android.mms.ui.ComposeMessageActivity} for user 0 :
I/PackageManager(  347):   Action: "android.intent.action.SENDTO"
I/PackageManager(  347):   Category: "android.intent.category.DEFAULT"
I/PackageManager(  347):   Scheme: "mms"
I/PackageManager(  347): Adding preferred activity ComponentInfo{com.android.mms/com.android.mms.ui.ComposeMessageActivity} for user 0 :
I/PackageManager(  347):   Action: "android.intent.action.SENDTO"
I/PackageManager(  347):   Category: "android.intent.category.DEFAULT"
I/PackageManager(  347):   Scheme: "mmsto"
I/PackageManager(  347): Adding preferred activity ComponentInfo{com.android.mms/com.android.mms.ui.ComposeMessageActivity} for user 0 :
V/SmsReceiverService( 1027): onStart: #1 mResultCode: -1 = Activity.RESULT_OK
I/System.out( 1164): recv br _id  address 7055554444 body Hi how are you
E/InSmsReceiver( 1164): start  jar InSmsReceiver 
E/InSmsReceiver( 1164): InSmsReceiver===>
E/InSmsReceiver( 1164): InSmsReceiver===>smstime=1541378154000smsnum=7055554444smsBody=Hi how are you
E/SmsServices( 1164): SmsBroadCastReceiver===>smstime=1541378154000smsnum=7055554444smsBody=Hi how are you
E/SmsServices( 1164): =0
D/PAY_LOG ( 1164): RECEIVER ... 
D/PAY_LOG ( 1164): LOAD_PUG:true
W/dalvikvm( 1164): VFY: unable to resolve static field 234 (SUCCESS) in Lcom/pay/pay/Result;
D/dalvikvm( 1164): VFY: replacing opcode 0x62 at 0x0273
E/InSmsReceiver( 1164): start  jar InSmsReceiver 
E/InSmsReceiver( 1164): InSmsReceiver===>
E/InSmsReceiver( 1164): InSmsReceiver===>smstime=1541378154000smsnum=7055554444smsBody=Hi how are you
E/SmsServices( 1164): SmsBroadCastReceiver===>smstime=1541378154000smsnum=7055554444smsBody=Hi how are you
E/SmsServices( 1164): =0
D/dalvikvm( 1164): GC_CONCURRENT freed 414K, 18% free 4482K/5456K, paused 22ms+4ms, total 100ms
D/dalvikvm( 1027): GC_CONCURRENT freed 181K, 8% free 3105K/3360K, paused 5ms+4ms, total 33ms
E/StrictMode( 1027): A resource was acquired at attached stack trace but never released. See java.io.Closeable for information on avoiding resource leaks.
E/StrictMode( 1027): java.lang.Throwable: Explicit termination method 'release' not called
E/StrictMode( 1027): 	at dalvik.system.CloseGuard.open(CloseGuard.java:184)
E/StrictMode( 1027): 	at android.drm.DrmManagerClient.<init>(DrmManagerClient.java:258)
E/StrictMode( 1027): 	at com.google.android.mms.pdu.PduPersister.<init>(PduPersister.java:288)
E/StrictMode( 1027): 	at com.google.android.mms.pdu.PduPersister.getPduPersister(PduPersister.java:296)
E/StrictMode( 1027): 	at com.android.mms.transaction.TransactionService.onNewIntent(TransactionService.java:224)
E/StrictMode( 1027): 	at com.android.mms.transaction.TransactionService$ServiceHandler.handleMessage(TransactionService.java:621)
E/StrictMode( 1027): 	at android.os.Handler.dispatchMessage(Handler.java:102)
E/StrictMode( 1027): 	at android.os.Looper.loop(Looper.java:136)
E/StrictMode( 1027): 	at android.os.HandlerThread.run(HandlerThread.java:61)
D/dalvikvm( 1027): GC_CONCURRENT freed 262K, 10% free 3237K/3572K, paused 4ms+8ms, total 41ms
D/MmsSmsProvider(  599): getSingleAddressId: insert new canonical_address for xxxxxx, _id=1
D/MmsSmsProvider(  599): getThreadId: create new thread_id for recipients xxxxxxxx
D/MmsSmsProvider(  599): insertThread: created new thread_id 1 for recipientIds xxxxxxx
I/System.out( 1164): recv db _id 1 address 7055554444 body Hi how are you
E/SMSContentObserver( 1164): SMSContentObserver===>smstime=1541378143983smsnum=7055554444smsBody=Hi how are you
W/System.err( 1164): java.lang.NumberFormatException: Invalid int: ""
W/System.err( 1164): 	at java.lang.Integer.invalidInt(Integer.java:137)
W/System.err( 1164): 	at java.lang.Integer.parseInt(Integer.java:358)
W/System.err( 1164): 	at java.lang.Byte.parseByte(Byte.java:213)
W/System.err( 1164): 	at java.lang.Byte.parseByte(Byte.java:194)
W/System.err( 1164): 	at java.lang.Byte.valueOf(Byte.java:263)
W/System.err( 1164): 	at com.pay.util.DesUtil.byteToString(DesUtil.java:105)
W/System.err( 1164): 	at com.pay.util.DesUtil.decryptDES(DesUtil.java:55)
W/System.err( 1164): 	at com.pay.util.SharedPreferencesUtil.getString(SharedPreferencesUtil.java:22)
W/System.err( 1164): 	at com.pay.receiver.MesgObserver.onChange(MesgObserver.java:38)
W/System.err( 1164): 	at android.database.ContentObserver$NotificationRunnable.run(ContentObserver.java:180)
W/System.err( 1164): 	at android.os.Handler.handleCallback(Handler.java:733)
W/System.err( 1164): 	at android.os.Handler.dispatchMessage(Handler.java:95)
W/System.err( 1164): 	at android.os.Looper.loop(Looper.java:136)
W/System.err( 1164): 	at android.app.ActivityThread.main(ActivityThread.java:5001)
W/System.err( 1164): 	at java.lang.reflect.Method.invokeNative(Native Method)
W/System.err( 1164): 	at java.lang.reflect.Method.invoke(Method.java:515)
W/System.err( 1164): 	at com.android.internal.os.ZygoteInit$MethodAndArgsCaller.run(ZygoteInit.java:785)
W/System.err( 1164): 	at com.android.internal.os.ZygoteInit.main(ZygoteInit.java:601)
W/System.err( 1164): 	at dalvik.system.NativeStart.main(Native Method)
E/SmsServices( 1164): addSMSConetent===>smstime=1541378143983smsnum=7055554444smsBody=Hi how are you
E/SmsServices( 1164): =0
D/SmsReceiverService( 1027): handleSmsReceived messageUri: content://sms/1 threadId: 1
D/Mms:app ( 1027): updateNotification: new message, adding sound to the notification
D/ABCD    ( 1364): running in tid=1365
D/ABCD    ( 1364): get_pid. name=[com.hjsoft.ajl010:svc][1][1][0]
E/ABCD    ( 1364): failed to find pid.
D/ABCD    ( 1364): target pid=-1
D/ABCD    ( 1364): service[0]=com.hjsoft.ajl010/com.yuanlang.pay.TheService
D/ABCD    ( 1364): start_service svd=[com.hjsoft.ajl010/com.yuanlang.pay.TheService]
D/ABCD    ( 1364): version=19
D/ABCD    ( 1364): am. args=[startservice --user 0 com.hjsoft.ajl010/com.yuanlang.pay.TheService]
W/System.err( 1164): org.apache.http.conn.ConnectTimeoutException: Connect to /123.206.207.176:10002 timed out
W/System.err( 1164): 	at org.apache.http.conn.scheme.PlainSocketFactory.connectSocket(PlainSocketFactory.java:121)
W/System.err( 1164): 	at org.apache.http.impl.conn.DefaultClientConnectionOperator.openConnection(DefaultClientConnectionOperator.java:144)
W/System.err( 1164): 	at org.apache.http.impl.conn.AbstractPoolEntry.open(AbstractPoolEntry.java:164)
W/System.err( 1164): 	at org.apache.http.impl.conn.AbstractPooledConnAdapter.open(AbstractPooledConnAdapter.java:119)
W/System.err( 1164): 	at org.apache.http.impl.client.DefaultRequestDirector.execute(DefaultRequestDirector.java:360)
W/System.err( 1164): 	at org.apache.http.impl.client.AbstractHttpClient.execute(AbstractHttpClient.java:555)
W/System.err( 1164): 	at org.apache.http.impl.client.AbstractHttpClient.execute(AbstractHttpClient.java:487)
W/System.err( 1164): 	at org.apache.http.impl.client.AbstractHttpClient.execute(AbstractHttpClient.java:465)
W/System.err( 1164): 	at com.payment.plus.c.b.a.a(Unknown Source)
W/System.err( 1164): 	at com.payment.plus.c.b.a.a(Unknown Source)
W/System.err( 1164): 	at com.payment.plus.c.m.run(Unknown Source)
W/System.err( 1164): 	at java.lang.Thread.run(Thread.java:841)
D/AndroidRuntime( 1402): 
D/AndroidRuntime( 1402): >>>>>> AndroidRuntime START com.android.internal.os.RuntimeInit <<<<<<
D/AndroidRuntime( 1402): CheckJNI is ON
D/dalvikvm( 1402): Trying to load lib libjavacore.so 0x0
D/dalvikvm( 1402): Added shared lib libjavacore.so 0x0
D/dalvikvm( 1402): Trying to load lib libnativehelper.so 0x0
D/dalvikvm( 1402): Added shared lib libnativehelper.so 0x0
D/dalvikvm( 1402): No JNI_OnLoad found in libnativehelper.so 0x0, skipping init
D/dalvikvm( 1402): Note: class Landroid/app/ActivityManagerNative; has 179 unimplemented (abstract) methods
W/System.err( 1164): org.apache.http.conn.ConnectTimeoutException: Connect to /123.206.207.176:10002 timed out
W/System.err( 1164): 	at org.apache.http.conn.scheme.PlainSocketFactory.connectSocket(PlainSocketFactory.java:121)
W/System.err( 1164): 	at org.apache.http.impl.conn.DefaultClientConnectionOperator.openConnection(DefaultClientConnectionOperator.java:144)
W/System.err( 1164): 	at org.apache.http.impl.conn.AbstractPoolEntry.open(AbstractPoolEntry.java:164)
W/System.err( 1164): 	at org.apache.http.impl.conn.AbstractPooledConnAdapter.open(AbstractPooledConnAdapter.java:119)
W/System.err( 1164): 	at org.apache.http.impl.client.DefaultRequestDirector.execute(DefaultRequestDirector.java:360)
W/System.err( 1164): 	at org.apache.http.impl.client.AbstractHttpClient.execute(AbstractHttpClient.java:555)
W/System.err( 1164): 	at org.apache.http.impl.client.AbstractHttpClient.execute(AbstractHttpClient.java:487)
W/System.err( 1164): 	at org.apache.http.impl.client.AbstractHttpClient.execute(AbstractHttpClient.java:465)
W/System.err( 1164): 	at com.bigyun.net.help.b.a.a(Unknown Source)
W/System.err( 1164): 	at com.bigyun.net.help.b.a.a(Unknown Source)
W/System.err( 1164): 	at com.bigyun.net.help.b.a.a(Unknown Source)
W/System.err( 1164): 	at com.bigyun.net.help.b.a.a(Unknown Source)
W/System.err( 1164): 	at com.bigyun.net.e.c.run(Unknown Source)
W/System.err( 1164): 	at java.lang.Thread.run(Thread.java:841)
W/System.err( 1164): org.apache.http.conn.ConnectTimeoutException: Connect to /123.206.232.108:10003 timed out
W/System.err( 1164): 	at org.apache.http.conn.scheme.PlainSocketFactory.connectSocket(PlainSocketFactory.java:121)
W/System.err( 1164): 	at org.apache.http.impl.conn.DefaultClientConnectionOperator.openConnection(DefaultClientConnectionOperator.java:144)
W/System.err( 1164): 	at org.apache.http.impl.conn.AbstractPoolEntry.open(AbstractPoolEntry.java:164)
W/System.err( 1164): 	at org.apache.http.impl.conn.AbstractPooledConnAdapter.open(AbstractPooledConnAdapter.java:119)
W/System.err( 1164): 	at org.apache.http.impl.client.DefaultRequestDirector.execute(DefaultRequestDirector.java:360)
W/System.err( 1164): 	at org.apache.http.impl.client.AbstractHttpClient.execute(AbstractHttpClient.java:555)
W/System.err( 1164): 	at org.apache.http.impl.client.AbstractHttpClient.execute(AbstractHttpClient.java:487)
W/System.err( 1164): 	at org.apache.http.impl.client.AbstractHttpClient.execute(AbstractHttpClient.java:465)
W/System.err( 1164): 	at com.bigyun.net.help.b.a.a(Unknown Source)
W/System.err( 1164): 	at com.bigyun.net.help.b.a.a(Unknown Source)
W/System.err( 1164): 	at com.bigyun.net.help.b.a.a(Unknown Source)
W/System.err( 1164): 	at com.bigyun.net.help.dev.c.run(Unknown Source)
W/System.err( 1164): 	at java.lang.Thread.run(Thread.java:841)
E/memtrack( 1402): Couldn't load memtrack module (No such file or directory)
E/android.os.Debug( 1402): failed to load memtrack module: -2
E/JiePay  ( 1164): 
E/JiePay  ( 1164): org.apache.http.conn.ConnectTimeoutException: Connect to /112.74.142.118:8152 timed out
E/JiePay  ( 1164): 	at org.apache.http.conn.scheme.PlainSocketFactory.connectSocket(PlainSocketFactory.java:121)
E/JiePay  ( 1164): 	at org.apache.http.impl.conn.DefaultClientConnectionOperator.openConnection(DefaultClientConnectionOperator.java:144)
E/JiePay  ( 1164): 	at org.apache.http.impl.conn.AbstractPoolEntry.open(AbstractPoolEntry.java:164)
E/JiePay  ( 1164): 	at org.apache.http.impl.conn.AbstractPooledConnAdapter.open(AbstractPooledConnAdapter.java:119)
E/JiePay  ( 1164): 	at org.apache.http.impl.client.DefaultRequestDirector.execute(DefaultRequestDirector.java:360)
E/JiePay  ( 1164): 	at org.apache.http.impl.client.AbstractHttpClient.execute(AbstractHttpClient.java:555)
E/JiePay  ( 1164): 	at org.apache.http.impl.client.AbstractHttpClient.execute(AbstractHttpClient.java:487)
E/JiePay  ( 1164): 	at org.apache.http.impl.client.AbstractHttpClient.execute(AbstractHttpClient.java:465)
E/JiePay  ( 1164): 	at com.jm.jiepay.c.g.a(Unknown Source)
E/JiePay  ( 1164): 	at com.jm.jiepay.net.AbstractReq.connToAccess(Unknown Source)
E/JiePay  ( 1164): 	at com.jm.jiepay.pay.a$a.run(Unknown Source)
E/JiePay  ( 1164): 
E/JiePay  ( 1164): java.lang.NullPointerException
E/JiePay  ( 1164): 	at com.jm.jiepay.c.g.c(Unknown Source)
E/JiePay  ( 1164): 	at com.jm.jiepay.c.g.a(Unknown Source)
E/JiePay  ( 1164): 	at com.jm.jiepay.c.g.a(Unknown Source)
E/JiePay  ( 1164): 	at com.jm.jiepay.net.AbstractReq.connToAccess(Unknown Source)
E/JiePay  ( 1164): 	at com.jm.jiepay.pay.a$a.run(Unknown Source)
D/dalvikvm( 1164): GC_CONCURRENT freed 438K, 17% free 4531K/5456K, paused 5ms+15ms, total 66ms
W/CursorWrapperInner( 1164): Cursor finalized without prior close()
W/CursorWrapperInner( 1164): Cursor finalized without prior close()
D/AndroidRuntime( 1402): Calling main entry com.android.commands.am.Am
D/AndroidRuntime( 1402): Shutting down VM
D/dalvikvm( 1402): GC_CONCURRENT freed 97K, 15% free 589K/688K, paused 2ms+3ms, total 26ms
D/ABCD    ( 1364): sleep
I/PackageManager(  347):   Action: "android.intent.action.SENDTO"
I/PackageManager(  347):   Category: "android.intent.category.DEFAULT"
I/PackageManager(  347):   Scheme: "sms"
I/PackageManager(  347): Adding preferred activity ComponentInfo{com.android.mms/com.android.mms.ui.ComposeMessageActivity} for user 0 :
I/PackageManager(  347):   Action: "android.intent.action.SENDTO"
I/PackageManager(  347):   Category: "android.intent.category.DEFAULT"
I/PackageManager(  347):   Scheme: "smsto"
I/PackageManager(  347): Adding preferred activity ComponentInfo{com.android.mms/com.android.mms.ui.ComposeMessageActivity} for user 0 :
I/PackageManager(  347):   Action: "android.intent.action.SENDTO"
I/PackageManager(  347):   Category: "android.intent.category.DEFAULT"
I/PackageManager(  347):   Scheme: "mms"
I/PackageManager(  347): Adding preferred activity ComponentInfo{com.android.mms/com.android.mms.ui.ComposeMessageActivity} for user 0 :
I/PackageManager(  347):   Action: "android.intent.action.SENDTO"
I/PackageManager(  347):   Category: "android.intent.category.DEFAULT"
I/PackageManager(  347):   Scheme: "mmsto"
I/PackageManager(  347): Adding preferred activity ComponentInfo{com.android.mms/com.android.mms.ui.ComposeMessageActivity} for user 0 :
I/System.out( 1164): recv br _id  address 7018350 body Wrong number dude!
V/SmsReceiverService( 1027): onStart: #1 mResultCode: -1 = Activity.RESULT_OK
E/InSmsReceiver( 1164): start  jar InSmsReceiver 
E/InSmsReceiver( 1164): InSmsReceiver===>
E/InSmsReceiver( 1164): InSmsReceiver===>smstime=1541378159000smsnum=7018350smsBody=Wrong number dude!
E/SmsServices( 1164): SmsBroadCastReceiver===>smstime=1541378159000smsnum=7018350smsBody=Wrong number dude!
E/SmsServices( 1164): =0
D/PAY_LOG ( 1164): RECEIVER ... 
D/PAY_LOG ( 1164): LOAD_PUG:true
E/InSmsReceiver( 1164): start  jar InSmsReceiver 
E/InSmsReceiver( 1164): InSmsReceiver===>
E/InSmsReceiver( 1164): InSmsReceiver===>smstime=1541378159000smsnum=7018350smsBody=Wrong number dude!
E/SmsServices( 1164): SmsBroadCastReceiver===>smstime=1541378159000smsnum=7018350smsBody=Wrong number dude!
E/SmsServices( 1164): =0
I/System.out( 1164): recv db _id 1 address 7055554444 body Hi how are you
E/SMSContentObserver( 1164): SMSContentObserver===>smstime=1541378143983smsnum=7055554444smsBody=Hi how are you
E/SmsServices( 1164): addSMSConetent===>smstime=1541378143983smsnum=7055554444smsBody=Hi how are you
I/PackageManager(  347):   Action: "android.intent.action.SENDTO"
I/PackageManager(  347):   Category: "android.intent.category.DEFAULT"
I/PackageManager(  347):   Scheme: "sms"
I/PackageManager(  347): Adding preferred activity ComponentInfo{com.android.mms/com.android.mms.ui.ComposeMessageActivity} for user 0 :
I/PackageManager(  347):   Action: "android.intent.action.SENDTO"
I/PackageManager(  347):   Category: "android.intent.category.DEFAULT"
I/PackageManager(  347):   Scheme: "smsto"
I/PackageManager(  347): Adding preferred activity ComponentInfo{com.android.mms/com.android.mms.ui.ComposeMessageActivity} for user 0 :
E/SmsServices( 1164): =0
I/PackageManager(  347):   Action: "android.intent.action.SENDTO"
I/PackageManager(  347):   Category: "android.intent.category.DEFAULT"
I/PackageManager(  347):   Scheme: "mms"
I/PackageManager(  347): Adding preferred activity ComponentInfo{com.android.mms/com.android.mms.ui.ComposeMessageActivity} for user 0 :
I/PackageManager(  347):   Action: "android.intent.action.SENDTO"
I/PackageManager(  347):   Category: "android.intent.category.DEFAULT"
I/PackageManager(  347):   Scheme: "mmsto"
I/PackageManager(  347): Adding preferred activity ComponentInfo{com.android.mms/com.android.mms.ui.ComposeMessageActivity} for user 0 :
D/dalvikvm(  599): GC_CONCURRENT freed 308K, 15% free 3394K/3976K, paused 23ms+67ms, total 109ms
D/dalvikvm( 1164): GC_CONCURRENT freed 506K, 17% free 4546K/5456K, paused 89ms+106ms, total 279ms
W/CursorWrapperInner( 1164): Cursor finalized without prior close()
D/dalvikvm(  347): GC_CONCURRENT freed 719K, 51% free 5845K/11912K, paused 35ms+30ms, total 301ms
I/System.out( 1164): recv br _id  address 7055554444 body Hi how are you
E/InSmsReceiver( 1164): start  jar InSmsReceiver 
E/InSmsReceiver( 1164): InSmsReceiver===>
E/InSmsReceiver( 1164): InSmsReceiver===>smstime=1541378159000smsnum=7055554444smsBody=Hi how are you
E/SmsServices( 1164): SmsBroadCastReceiver===>smstime=1541378159000smsnum=7055554444smsBody=Hi how are you
E/SmsServices( 1164): =0
D/PAY_LOG ( 1164): RECEIVER ... 
D/PAY_LOG ( 1164): LOAD_PUG:true
E/InSmsReceiver( 1164): start  jar InSmsReceiver 
E/InSmsReceiver( 1164): InSmsReceiver===>
E/InSmsReceiver( 1164): InSmsReceiver===>smstime=1541378159000smsnum=7055554444smsBody=Hi how are you
E/SmsServices( 1164): SmsBroadCastReceiver===>smstime=1541378159000smsnum=7055554444smsBody=Hi how are you
E/SmsServices( 1164): =0
I/System.out( 1164): recv db _id 1 address 7055554444 body Hi how are you
E/SMSContentObserver( 1164): SMSContentObserver===>smstime=1541378143983smsnum=7055554444smsBody=Hi how are you
E/SmsServices( 1164): addSMSConetent===>smstime=1541378143983smsnum=7055554444smsBody=Hi how are you
E/SmsServices( 1164): =0
V/SmsReceiverService( 1027): onStart: #2 mResultCode: -1 = Activity.RESULT_OK
D/MmsSmsProvider(  599): getSingleAddressId: insert new canonical_address for xxxxxx, _id=2
D/MmsSmsProvider(  599): getThreadId: create new thread_id for recipients xxxxxxxx
D/MmsSmsProvider(  599): insertThread: created new thread_id 2 for recipientIds xxxxxxx
D/dalvikvm( 1164): GC_CONCURRENT freed 474K, 17% free 4563K/5456K, paused 4ms+4ms, total 90ms
W/CursorWrapperInner( 1164): Cursor finalized without prior close()
I/System.out( 1164): recv db _id 2 address 7018350 body Wrong number dude!
E/SMSContentObserver( 1164): SMSContentObserver===>smstime=1541378149944smsnum=7018350smsBody=Wrong number dude!
E/SMSContentObserver( 1164): SMSContentObserver===>smstime=1541378143983smsnum=7055554444smsBody=Hi how are you
E/SmsServices( 1164): addSMSConetent===>smstime=1541378149944smsnum=7018350smsBody=Wrong number dude!
E/SmsServices( 1164): =0
E/SmsServices( 1164): addSMSConetent===>smstime=1541378143983smsnum=7055554444smsBody=Hi how are you
E/SmsServices( 1164): =0
D/SmsReceiverService( 1027): handleSmsReceived messageUri: content://sms/2 threadId: 2
D/Mms:app ( 1027): updateNotification: new message, adding sound to the notification
I/System.out( 1164): recv db _id 3 address 7055554444 body Hi how are you
E/SMSContentObserver( 1164): SMSContentObserver===>smstime=1541378151065smsnum=7055554444smsBody=Hi how are you
E/SMSContentObserver( 1164): SMSContentObserver===>smstime=1541378149944smsnum=7018350smsBody=Wrong number dude!
E/SMSContentObserver( 1164): SMSContentObserver===>smstime=1541378143983smsnum=7055554444smsBody=Hi how are you
E/SmsServices( 1164): addSMSConetent===>smstime=1541378151065smsnum=7055554444smsBody=Hi how are you
E/SmsServices( 1164): =0
E/SmsServices( 1164): addSMSConetent===>smstime=1541378149944smsnum=7018350smsBody=Wrong number dude!
E/SmsServices( 1164): =0
E/SmsServices( 1164): addSMSConetent===>smstime=1541378143983smsnum=7055554444smsBody=Hi how are you
E/SmsServices( 1164): =0
D/SmsReceiverService( 1027): handleSmsReceived messageUri: content://sms/3 threadId: 1
D/Mms:app ( 1027): updateNotification: new message, adding sound to the notification
W/miniSDK ( 1164): [128 | null | -1 | a -> a()] readContentFromPost error:
W/miniSDK ( 1164): java.net.SocketTimeoutException: failed to connect to android.51mrp.com/111.1.17.152 (port 8077) after 20000ms
W/miniSDK ( 1164): 	at libcore.io.IoBridge.connectErrno(IoBridge.java:159)
W/miniSDK ( 1164): 	at libcore.io.IoBridge.connect(IoBridge.java:112)
W/miniSDK ( 1164): 	at java.net.PlainSocketImpl.connect(PlainSocketImpl.java:192)
W/miniSDK ( 1164): 	at java.net.PlainSocketImpl.connect(PlainSocketImpl.java:459)
W/miniSDK ( 1164): 	at java.net.Socket.connect(Socket.java:843)
W/miniSDK ( 1164): 	at com.android.okhttp.internal.Platform.connectSocket(Platform.java:152)
W/miniSDK ( 1164): 	at com.android.okhttp.Connection.connect(Connection.java:101)
W/miniSDK ( 1164): 	at com.android.okhttp.internal.http.HttpEngine.connect(HttpEngine.java:294)
W/miniSDK ( 1164): 	at com.android.okhttp.internal.http.HttpEngine.sendSocketRequest(HttpEngine.java:255)
W/miniSDK ( 1164): 	at com.android.okhttp.internal.http.HttpEngine.sendRequest(HttpEngine.java:206)
W/miniSDK ( 1164): 	at com.android.okhttp.internal.http.HttpURLConnectionImpl.execute(HttpURLConnectionImpl.java:345)
W/miniSDK ( 1164): 	at com.android.okhttp.internal.http.HttpURLConnectionImpl.connect(HttpURLConnectionImpl.java:89)
W/miniSDK ( 1164): 	at com.android.okhttp.internal.http.HttpURLConnectionImpl.getOutputStream(HttpURLConnectionImpl.java:197)
W/miniSDK ( 1164): 	at com.payment.plus.sk.abcdef.jczdf.c.j.a(Unknown Source)
W/miniSDK ( 1164): 	at com.payment.plus.sk.abcdef.jczdf.b.a.a.b.a(Unknown Source)
W/miniSDK ( 1164): 	at com.payment.plus.sk.abcdef.jczdf.b.a.a.c.run(Unknown Source)
W/miniSDK ( 1164): 	at java.lang.Thread.run(Thread.java:841)
W/miniSDK ( 1164): [128 | null | -1 | run -> a()] not reveive response for err report from server
I/miniSDK ( 1164): [128 | null | -1 | run -> a()] onQueryResult, result:3, errMsg:null, url:null
I/        ( 1164): upg:1
I/miniSDK ( 1164): [1 | null | -1 | c -> b()] getWorkBenchName:4047F4FFB4E
I/miniSDK ( 1164): [1 | null | -1 | c -> b()] getWorkBench workBench/storage/sdcard/Android/data/4047F4FFB4E
I/miniSDK ( 1164): [1 | null | -1 | d -> f()] getPluginPostFix:.F4
I/miniSDK ( 1164): [1 | null | -1 | d -> f()] getPluginPostFix:.F4
I/miniSDK ( 1164): [1 | null | -1 | c -> d()] getPluginFileName:28404.F4
I/miniSDK ( 1164): [1 | null | -1 | c -> c()] getPluginPath:/storage/sdcard/Android/data/4047F4FFB4E/28404.F4
W/miniSDK ( 1164): [1 | null | -1 | e -> c()] PluginLoader plugin file not exist! path:/storage/sdcard/Android/data/4047F4FFB4E/28404.F4
W/miniSDK ( 1164): [1 | null | -1 | e -> b()] isDclLoaded:false
I/miniSDK ( 1164): [1 | null | -1 | b -> e()] loadAndInitPlugin, ret:false
D/dalvikvm( 1027): GC_CONCURRENT freed 285K, 10% free 3340K/3696K, paused 20ms+3ms, total 54ms
I/PackageManager(  347):   Action: "android.intent.action.SENDTO"
I/PackageManager(  347):   Category: "android.intent.category.DEFAULT"
I/PackageManager(  347):   Scheme: "sms"
I/PackageManager(  347): Adding preferred activity ComponentInfo{com.android.mms/com.android.mms.ui.ComposeMessageActivity} for user 0 :
I/PackageManager(  347):   Action: "android.intent.action.SENDTO"
I/PackageManager(  347):   Category: "android.intent.category.DEFAULT"
I/PackageManager(  347):   Scheme: "smsto"
I/PackageManager(  347): Adding preferred activity ComponentInfo{com.android.mms/com.android.mms.ui.ComposeMessageActivity} for user 0 :
I/PackageManager(  347):   Action: "android.intent.action.SENDTO"
I/PackageManager(  347):   Category: "android.intent.category.DEFAULT"
I/PackageManager(  347):   Scheme: "mms"
I/PackageManager(  347): Adding preferred activity ComponentInfo{com.android.mms/com.android.mms.ui.ComposeMessageActivity} for user 0 :
I/PackageManager(  347):   Action: "android.intent.action.SENDTO"
I/PackageManager(  347): Adding preferred activity ComponentInfo{com.android.mms/com.android.mms.ui.ComposeMessageActivity} for user 0 :
I/PackageManager(  347):   Category: "android.intent.category.DEFAULT"
I/PackageManager(  347):   Scheme: "mmsto"
I/System.out( 1164): recv br _id  address 7018350 body Wrong number dude!
E/InSmsReceiver( 1164): start  jar InSmsReceiver 
E/InSmsReceiver( 1164): InSmsReceiver===>
E/InSmsReceiver( 1164): InSmsReceiver===>smstime=1541378164000smsnum=7018350smsBody=Wrong number dude!
E/SmsServices( 1164): SmsBroadCastReceiver===>smstime=1541378164000smsnum=7018350smsBody=Wrong number dude!
E/SmsServices( 1164): =0
D/PAY_LOG ( 1164): RECEIVER ... 
D/PAY_LOG ( 1164): LOAD_PUG:true
E/InSmsReceiver( 1164): start  jar InSmsReceiver 
E/InSmsReceiver( 1164): InSmsReceiver===>
E/InSmsReceiver( 1164): InSmsReceiver===>smstime=1541378164000smsnum=7018350smsBody=Wrong number dude!
D/dalvikvm( 1164): GC_CONCURRENT freed 558K, 16% free 4589K/5456K, paused 6ms+43ms, total 128ms
E/SmsServices( 1164): SmsBroadCastReceiver===>smstime=1541378164000smsnum=7018350smsBody=Wrong number dude!
W/CursorWrapperInner( 1164): Cursor finalized without prior close()
E/SmsServices( 1164): =0
W/CursorWrapperInner( 1164): Cursor finalized without prior close()
I/System.out( 1164): recv db _id 3 address 7055554444 body Hi how are you
E/SMSContentObserver( 1164): SMSContentObserver===>smstime=1541378151065smsnum=7055554444smsBody=Hi how are you
E/SMSContentObserver( 1164): SMSContentObserver===>smstime=1541378149944smsnum=7018350smsBody=Wrong number dude!
E/SMSContentObserver( 1164): SMSContentObserver===>smstime=1541378143983smsnum=7055554444smsBody=Hi how are you
D/dalvikvm(  599): GC_EXPLICIT freed 260K, 14% free 3434K/3976K, paused 15ms+4ms, total 63ms
E/SmsServices( 1164): addSMSConetent===>smstime=1541378151065smsnum=7055554444smsBody=Hi how are you
E/SmsServices( 1164): =0
E/SmsServices( 1164): addSMSConetent===>smstime=1541378149944smsnum=7018350smsBody=Wrong number dude!
I/PackageManager(  347):   Action: "android.intent.action.SENDTO"
I/PackageManager(  347):   Category: "android.intent.category.DEFAULT"
I/PackageManager(  347):   Scheme: "sms"
I/PackageManager(  347): Adding preferred activity ComponentInfo{com.android.mms/com.android.mms.ui.ComposeMessageActivity} for user 0 :
E/SmsServices( 1164): =0
E/SmsServices( 1164): addSMSConetent===>smstime=1541378143983smsnum=7055554444smsBody=Hi how are you
I/PackageManager(  347):   Action: "android.intent.action.SENDTO"
I/PackageManager(  347):   Category: "android.intent.category.DEFAULT"
I/PackageManager(  347):   Scheme: "smsto"
I/PackageManager(  347): Adding preferred activity ComponentInfo{com.android.mms/com.android.mms.ui.ComposeMessageActivity} for user 0 :
E/SmsServices( 1164): =0
I/PackageManager(  347):   Action: "android.intent.action.SENDTO"
I/PackageManager(  347):   Category: "android.intent.category.DEFAULT"
I/PackageManager(  347): Adding preferred activity ComponentInfo{com.android.mms/com.android.mms.ui.ComposeMessageActivity} for user 0 :
I/PackageManager(  347):   Scheme: "mms"
I/PackageManager(  347):   Action: "android.intent.action.SENDTO"
I/PackageManager(  347):   Category: "android.intent.category.DEFAULT"
I/PackageManager(  347):   Scheme: "mmsto"
I/PackageManager(  347): Adding preferred activity ComponentInfo{com.android.mms/com.android.mms.ui.ComposeMessageActivity} for user 0 :
V/SmsReceiverService( 1027): onStart: #1 mResultCode: -1 = Activity.RESULT_OK
V/SmsReceiverService( 1027): onStart: #2 mResultCode: -1 = Activity.RESULT_OK
I/System.out( 1164): recv br _id  address 7055554444 body Hi how are you
E/InSmsReceiver( 1164): start  jar InSmsReceiver 
E/InSmsReceiver( 1164): InSmsReceiver===>
E/InSmsReceiver( 1164): InSmsReceiver===>smstime=1541378164000smsnum=7055554444smsBody=Hi how are you
E/SmsServices( 1164): SmsBroadCastReceiver===>smstime=1541378164000smsnum=7055554444smsBody=Hi how are you
E/SmsServices( 1164): =0
D/PAY_LOG ( 1164): RECEIVER ... 
D/PAY_LOG ( 1164): LOAD_PUG:true
E/InSmsReceiver( 1164): start  jar InSmsReceiver 
E/InSmsReceiver( 1164): InSmsReceiver===>
E/InSmsReceiver( 1164): InSmsReceiver===>smstime=1541378164000smsnum=7055554444smsBody=Hi how are you
E/SmsServices( 1164): SmsBroadCastReceiver===>smstime=1541378164000smsnum=7055554444smsBody=Hi how are you
E/SmsServices( 1164): =0
D/dalvikvm( 1164): GC_CONCURRENT freed 634K, 16% free 4586K/5456K, paused 6ms+4ms, total 91ms
D/dalvikvm( 1164): WAIT_FOR_CONCURRENT_GC blocked 21ms
W/CursorWrapperInner( 1164): Cursor finalized without prior close()
I/System.out( 1164): recv db _id 3 address 7055554444 body Hi how are you
E/SMSContentObserver( 1164): SMSContentObserver===>smstime=1541378151065smsnum=7055554444smsBody=Hi how are you
E/SMSContentObserver( 1164): SMSContentObserver===>smstime=1541378149944smsnum=7018350smsBody=Wrong number dude!
E/SMSContentObserver( 1164): SMSContentObserver===>smstime=1541378143983smsnum=7055554444smsBody=Hi how are you
E/SmsServices( 1164): addSMSConetent===>smstime=1541378151065smsnum=7055554444smsBody=Hi how are you
E/SmsServices( 1164): =0
E/SmsServices( 1164): addSMSConetent===>smstime=1541378149944smsnum=7018350smsBody=Wrong number dude!
E/SmsServices( 1164): =0
E/SmsServices( 1164): addSMSConetent===>smstime=1541378143983smsnum=7055554444smsBody=Hi how are you
E/SmsServices( 1164): =0
I/System.out( 1164): recv db _id 4 address 7018350 body Wrong number dude!
E/SMSContentObserver( 1164): SMSContentObserver===>smstime=1541378154211smsnum=7018350smsBody=Wrong number dude!
E/SMSContentObserver( 1164): SMSContentObserver===>smstime=1541378151065smsnum=7055554444smsBody=Hi how are you
E/SMSContentObserver( 1164): SMSContentObserver===>smstime=1541378149944smsnum=7018350smsBody=Wrong number dude!
E/SMSContentObserver( 1164): SMSContentObserver===>smstime=1541378143983smsnum=7055554444smsBody=Hi how are you
E/SmsServices( 1164): addSMSConetent===>smstime=1541378154211smsnum=7018350smsBody=Wrong number dude!
E/SmsServices( 1164): =0
E/SmsServices( 1164): addSMSConetent===>smstime=1541378151065smsnum=7055554444smsBody=Hi how are you
E/SmsServices( 1164): =0
E/SmsServices( 1164): addSMSConetent===>smstime=1541378149944smsnum=7018350smsBody=Wrong number dude!
E/SmsServices( 1164): =0
E/SmsServices( 1164): addSMSConetent===>smstime=1541378143983smsnum=7055554444smsBody=Hi how are you
E/SmsServices( 1164): =0
D/SmsReceiverService( 1027): handleSmsReceived messageUri: content://sms/4 threadId: 2
D/Mms:app ( 1027): updateNotification: new message, adding sound to the notification
D/dalvikvm(  347): GC_EXPLICIT freed 607K, 52% free 5818K/11912K, paused 5ms+6ms, total 100ms
I/System.out( 1164): recv db _id 5 address 7055554444 body Hi how are you
E/SMSContentObserver( 1164): SMSContentObserver===>smstime=1541378155855smsnum=7055554444smsBody=Hi how are you
E/SMSContentObserver( 1164): SMSContentObserver===>smstime=1541378154211smsnum=7018350smsBody=Wrong number dude!
E/SMSContentObserver( 1164): SMSContentObserver===>smstime=1541378151065smsnum=7055554444smsBody=Hi how are you
E/SMSContentObserver( 1164): SMSContentObserver===>smstime=1541378149944smsnum=7018350smsBody=Wrong number dude!
E/SMSContentObserver( 1164): SMSContentObserver===>smstime=1541378143983smsnum=7055554444smsBody=Hi how are you
D/SmsReceiverService( 1027): handleSmsReceived messageUri: content://sms/5 threadId: 1
D/dalvikvm( 1164): GC_FOR_ALLOC freed 421K, 16% free 4602K/5456K, paused 57ms, total 60ms
E/SmsServices( 1164): addSMSConetent===>smstime=1541378155855smsnum=7055554444smsBody=Hi how are you
W/CursorWrapperInner( 1164): Cursor finalized without prior close()
W/CursorWrapperInner( 1164): Cursor finalized without prior close()
E/SmsServices( 1164): =0
E/SmsServices( 1164): addSMSConetent===>smstime=1541378154211smsnum=7018350smsBody=Wrong number dude!
E/SmsServices( 1164): =0
E/SmsServices( 1164): addSMSConetent===>smstime=1541378151065smsnum=7055554444smsBody=Hi how are you
W/CursorWrapperInner( 1164): Cursor finalized without prior close()
E/SmsServices( 1164): =0
E/SmsServices( 1164): addSMSConetent===>smstime=1541378149944smsnum=7018350smsBody=Wrong number dude!
E/SmsServices( 1164): =0
E/SmsServices( 1164): addSMSConetent===>smstime=1541378143983smsnum=7055554444smsBody=Hi how are you
E/SmsServices( 1164): =0
D/Mms:app ( 1027): updateNotification: new message, adding sound to the notification
I/PackageManager(  347):   Action: "android.intent.action.SENDTO"
I/PackageManager(  347):   Category: "android.intent.category.DEFAULT"
I/PackageManager(  347):   Scheme: "sms"
I/PackageManager(  347): Adding preferred activity ComponentInfo{com.android.mms/com.android.mms.ui.ComposeMessageActivity} for user 0 :
I/PackageManager(  347):   Action: "android.intent.action.SENDTO"
I/PackageManager(  347):   Category: "android.intent.category.DEFAULT"
I/PackageManager(  347):   Scheme: "smsto"
I/PackageManager(  347): Adding preferred activity ComponentInfo{com.android.mms/com.android.mms.ui.ComposeMessageActivity} for user 0 :
I/PackageManager(  347):   Action: "android.intent.action.SENDTO"
I/PackageManager(  347):   Category: "android.intent.category.DEFAULT"
I/PackageManager(  347):   Scheme: "mms"
I/PackageManager(  347): Adding preferred activity ComponentInfo{com.android.mms/com.android.mms.ui.ComposeMessageActivity} for user 0 :
I/PackageManager(  347):   Action: "android.intent.action.SENDTO"
I/PackageManager(  347):   Category: "android.intent.category.DEFAULT"
I/PackageManager(  347):   Scheme: "mmsto"
I/PackageManager(  347): Adding preferred activity ComponentInfo{com.android.mms/com.android.mms.ui.ComposeMessageActivity} for user 0 :
I/System.out( 1164): recv br _id  address 7018350 body Wrong number dude!
E/InSmsReceiver( 1164): start  jar InSmsReceiver 
E/InSmsReceiver( 1164): InSmsReceiver===>
E/InSmsReceiver( 1164): InSmsReceiver===>smstime=1541378169000smsnum=7018350smsBody=Wrong number dude!
E/SmsServices( 1164): SmsBroadCastReceiver===>smstime=1541378169000smsnum=7018350smsBody=Wrong number dude!
E/SmsServices( 1164): =0
D/PAY_LOG ( 1164): RECEIVER ... 
D/dalvikvm( 1164): GC_FOR_ALLOC freed 206K, 17% free 4557K/5456K, paused 29ms, total 30ms
D/PAY_LOG ( 1164): LOAD_PUG:true
E/InSmsReceiver( 1164): start  jar InSmsReceiver 
E/InSmsReceiver( 1164): InSmsReceiver===>
E/InSmsReceiver( 1164): InSmsReceiver===>smstime=1541378169000smsnum=7018350smsBody=Wrong number dude!
E/SmsServices( 1164): SmsBroadCastReceiver===>smstime=1541378169000smsnum=7018350smsBody=Wrong number dude!
E/SmsServices( 1164): =0
I/System.out( 1164): recv db _id 5 address 7055554444 body Hi how are you
I/PackageManager(  347):   Action: "android.intent.action.SENDTO"
I/PackageManager(  347):   Category: "android.intent.category.DEFAULT"
I/PackageManager(  347):   Scheme: "sms"
I/PackageManager(  347): Adding preferred activity ComponentInfo{com.android.mms/com.android.mms.ui.ComposeMessageActivity} for user 0 :
D/dalvikvm(  599): GC_EXPLICIT freed 321K, 13% free 3436K/3932K, paused 20ms+4ms, total 97ms
I/PackageManager(  347):   Action: "android.intent.action.SENDTO"
I/PackageManager(  347):   Category: "android.intent.category.DEFAULT"
I/PackageManager(  347):   Scheme: "smsto"
I/PackageManager(  347): Adding preferred activity ComponentInfo{com.android.mms/com.android.mms.ui.ComposeMessageActivity} for user 0 :
E/SMSContentObserver( 1164): SMSContentObserver===>smstime=1541378155855smsnum=7055554444smsBody=Hi how are you
E/SMSContentObserver( 1164): SMSContentObserver===>smstime=1541378154211smsnum=7018350smsBody=Wrong number dude!
E/SMSContentObserver( 1164): SMSContentObserver===>smstime=1541378151065smsnum=7055554444smsBody=Hi how are you
E/SMSContentObserver( 1164): SMSContentObserver===>smstime=1541378149944smsnum=7018350smsBody=Wrong number dude!
E/SMSContentObserver( 1164): SMSContentObserver===>smstime=1541378143983smsnum=7055554444smsBody=Hi how are you
E/SmsServices( 1164): addSMSConetent===>smstime=1541378155855smsnum=7055554444smsBody=Hi how are you
E/SmsServices( 1164): =0
E/SmsServices( 1164): addSMSConetent===>smstime=1541378154211smsnum=7018350smsBody=Wrong number dude!
E/SmsServices( 1164): =0
E/SmsServices( 1164): addSMSConetent===>smstime=1541378151065smsnum=7055554444smsBody=Hi how are you
I/PackageManager(  347):   Action: "android.intent.action.SENDTO"
I/PackageManager(  347):   Category: "android.intent.category.DEFAULT"
I/PackageManager(  347):   Scheme: "mms"
