W/RecognitionManagerService(  356): no available voice recognition services found for user 0
D/dalvikvm(  546): GC_CONCURRENT freed 285K, 12% free 3074K/3456K, paused 4ms+2ms, total 55ms
V/MediaScanner(  620): pruneDeadThumbnailFiles... android.database.sqlite.SQLiteCursor@b2d60118
V/MediaScanner(  620): /pruneDeadThumbnailFiles... android.database.sqlite.SQLiteCursor@b2d60118
I/ContactsFTS(  546): Rebuild contact search index in 630ms, 0 contacts
E/BluetoothAdapter(  610): Bluetooth binder is null
I/MediaFocusControl(  356):   Remote Control   registerMediaButtonIntent() for PendingIntent{b30046c8: PendingIntentRecord{b3004690 com.android.music broadcastIntent}}
I/ActivityManager(  356): Start proc com.android.calendar for broadcast com.android.calendar/.widget.CalendarAppWidgetService$CalendarFactory: pid=946 uid=10016 gids={50016, 3003}
D/ExtensionsFactory(  946): No custom extensions.
I/ActivityManager(  356): Start proc com.android.providers.calendar for content provider com.android.providers.calendar/.CalendarProvider2: pid=966 uid=10001 gids={50001, 3003, 1028, 1015}
I/ActivityManager(  356): Start proc com.android.deskclock for broadcast com.android.deskclock/.AlarmInitReceiver: pid=971 uid=10020 gids={50020, 1028}
D/dalvikvm(   58): GC_EXPLICIT freed 40K, 5% free 2705K/2844K, paused 3ms+12ms, total 59ms
D/dalvikvm(   58): GC_EXPLICIT freed <1K, 5% free 2705K/2844K, paused 2ms+2ms, total 42ms
D/dalvikvm(   58): GC_EXPLICIT freed <1K, 5% free 2705K/2844K, paused 12ms+2ms, total 52ms
D/dalvikvm(  915): GC_CONCURRENT freed 207K, 10% free 2886K/3192K, paused 9ms+2ms, total 328ms
V/AlarmClock(  971): AlarmInitReceiver android.intent.action.TIMEZONE_CHANGED
I/CalendarDatabaseHelper(  966): Bootstrapping database
I/AlarmClock(  971): Alarms Table created
I/AlarmClock(  971): Instance table created
I/AlarmClock(  971): Cities table created
I/AlarmClock(  971): Inserting default alarms
I/AlarmClock(  971): Displaying next alarm time: ''
W/BackupManagerService(  356): dataChanged but no participant pkg='com.android.providers.settings' uid=10020
V/AlarmClock(  971): AlarmInitReceiver finished
E/BluetoothAdapter(  610): Bluetooth binder is null
I/ActivityManager(  356): Start proc com.android.dialer for broadcast com.android.dialer/.calllog.CallLogReceiver: pid=992 uid=10004 gids={50004, 3003, 1028, 1015}
I/CalendarProvider2(  966): Created com.android.providers.calendar.CalendarAlarmManager@b2d8d958(com.android.providers.calendar.CalendarProvider2@b2d7a030)
D/ExtensionsFactory(  992): No custom extensions.
W/ActivityManager(  356): Unable to start service Intent { cmp=com.android.email/.service.AttachmentDownloadService } U=0: not found
W/ActivityManager(  356): Unable to start service Intent { cmp=com.android.email/.service.AttachmentDownloadService } U=0: not found
I/Email   (  915): Observing account changes for notifications
I/ActivityManager(  356): Delay finish: com.android.dialer/.calllog.CallLogReceiver
I/ActivityManager(  356): Resuming delayed broadcast
E/BluetoothAdapter(  356): Bluetooth binder is null
E/BluetoothAdapter(  356): Bluetooth binder is null
V/WiredAccessoryManager(  356): init()
E/SoundPool(  356): error loading /system/media/audio/ui/Effect_Tick.ogg
W/AudioService(  356): Soundpool could not load file: /system/media/audio/ui/Effect_Tick.ogg
E/SoundPool(  356): error loading /system/media/audio/ui/Effect_Tick.ogg
W/AudioService(  356): Soundpool could not load file: /system/media/audio/ui/Effect_Tick.ogg
E/SoundPool(  356): error loading /system/media/audio/ui/Effect_Tick.ogg
W/AudioService(  356): Soundpool could not load file: /system/media/audio/ui/Effect_Tick.ogg
E/SoundPool(  356): error loading /system/media/audio/ui/Effect_Tick.ogg
W/AudioService(  356): Soundpool could not load file: /system/media/audio/ui/Effect_Tick.ogg
I/PowerManagerService(  356): Boot animation finished.
E/SoundPool(  356): error loading /system/media/audio/ui/Effect_Tick.ogg
W/AudioService(  356): Soundpool could not load file: /system/media/audio/ui/Effect_Tick.ogg
E/SoundPool(  356): error loading /system/media/audio/ui/KeypressStandard.ogg
W/AudioService(  356): Soundpool could not load file: /system/media/audio/ui/KeypressStandard.ogg
E/SoundPool(  356): error loading /system/media/audio/ui/KeypressSpacebar.ogg
W/AudioService(  356): Soundpool could not load file: /system/media/audio/ui/KeypressSpacebar.ogg
E/SoundPool(  356): error loading /system/media/audio/ui/KeypressDelete.ogg
W/AudioService(  356): Soundpool could not load file: /system/media/audio/ui/KeypressDelete.ogg
E/SoundPool(  356): error loading /system/media/audio/ui/KeypressReturn.ogg
W/AudioService(  356): Soundpool could not load file: /system/media/audio/ui/KeypressReturn.ogg
E/SoundPool(  356): error loading /system/media/audio/ui/KeypressInvalid.ogg
W/AudioService(  356): Soundpool could not load file: /system/media/audio/ui/KeypressInvalid.ogg
W/AudioService(  356): onLoadSoundEffects(), Error -1 while loading samples
E/logwrapper( 1015): executing /system/bin/ip failed: No such file or directory
E/ConnectivityService(  356): Exception trying to add a route: java.lang.IllegalStateException: command '49 interface fwmark exempt add 10.0.2.2/32' failed with '400 49 Failed to add exemption rule (File exists)'
E/logwrapper( 1016): executing /system/bin/ip failed: No such file or directory
E/ConnectivityService(  356): Exception trying to add a route: java.lang.IllegalStateException: command '51 interface fwmark exempt add 172.217.23.14/32' failed with '400 51 Failed to add exemption rule (File exists)'
D/ConnectivityService(  356): requestRouteToHostAddress ok=false
D/ConnectivityService(  356): [CheckMp] isMobileOk: could not establish route to hostAddr=clients3.google.com/172.217.23.14
I/RecoverySystem(  356): No recovery log file
I/BootReceiver(  356): Copying audit failures to DropBox
I/BootReceiver(  356): Checking for fsck errors
D/dalvikvm(  356): GC_CONCURRENT freed 501K, 55% free 5871K/12964K, paused 7ms+16ms, total 108ms
I/CalendarProvider2(  966): Sending notification intent: Intent { act=android.intent.action.PROVIDER_CHANGED dat=content://com.android.calendar }
W/ContentResolver(  966): Failed to get type for: content://com.android.calendar (Unknown URL content://com.android.calendar)
I/ActivityManager(  356): Delay finish: com.android.providers.media/.MediaScannerReceiver
I/ActivityManager(  356): Resuming delayed broadcast
I/ActivityManager(  356): Start proc com.android.mms for broadcast com.android.mms/.transaction.MmsSystemEventReceiver: pid=1025 uid=10009 gids={50009, 3003, 1028, 1015}
D/CountryDetector(  356): The first listener is added
I/MediaProvider(  620): Upgrading media database from version 0 to 700, which will destroy all old data
V/MmsConfig( 1025): mnc/mcc: 310260
V/MmsConfig( 1025): tag: bool value: enabledMMS - true
V/MmsConfig( 1025): tag: int value: maxMessageSize - 307200
V/MmsConfig( 1025): tag: int value: maxImageHeight - 480
V/MmsConfig( 1025): tag: int value: maxImageWidth - 640
V/MmsConfig( 1025): tag: int value: defaultSMSMessagesPerThread - 10000
V/MmsConfig( 1025): tag: int value: defaultMMSMessagesPerThread - 1000
V/MmsConfig( 1025): tag: int value: minMessageCountPerThread - 10
V/MmsConfig( 1025): tag: int value: maxMessageCountPerThread - 5000
V/MmsConfig( 1025): tag: string value: uaProfUrl - http://www.google.com/oha/rdf/ua-profile-kila.xml
V/MmsConfig( 1025): tag: int value: recipientLimit - -1
V/MmsConfig( 1025): tag: bool value: enableMultipartSMS - true
V/MmsConfig( 1025): tag: int value: smsToMmsTextThreshold - -1
V/MmsConfig( 1025): tag: bool value: enableSlideDuration - true
V/MmsConfig( 1025): tag: int value: maxMessageTextSize - -1
E/SQLiteLog(  620): (1) no such table: files
E/WVMExtractor(   60): Failed to open libwvm.so
I/ActivityManager(  356): Delay finish: com.android.mms/.transaction.MmsSystemEventReceiver
D/Mms:app ( 1025): cancelNotification
D/dalvikvm(  620): GC_CONCURRENT freed 244K, 11% free 3027K/3368K, paused 32ms+2ms, total 71ms
I/ActivityManager(  356): Resuming delayed broadcast
I/ActivityManager(  356): Delay finish: com.android.mms/.transaction.SmsReceiver
D/MmsSmsDatabaseHelper(  599): [MmsSmsDb] tableName: threads hasAutoIncrement: CREATE TABLE threads (_id INTEGER PRIMARY KEY AUTOINCREMENT,date INTEGER DEFAULT 0,message_count INTEGER DEFAULT 0,recipient_ids TEXT,snippet TEXT,snippet_cs INTEGER DEFAULT 0,read INTEGER DEFAULT 1,type INTEGER DEFAULT 0,error INTEGER DEFAULT 0,has_attachment INTEGER DEFAULT 0) result: true
D/MmsSmsDatabaseHelper(  599): [MmsSmsDb] tableName: canonical_addresses hasAutoIncrement: CREATE TABLE canonical_addresses (_id INTEGER PRIMARY KEY AUTOINCREMENT,address TEXT) result: true
D/MmsSmsDatabaseHelper(  599): [MmsSmsDb] tableName: part hasAutoIncrement: CREATE TABLE part (_id INTEGER PRIMARY KEY AUTOINCREMENT,mid INTEGER,seq INTEGER DEFAULT 0,ct TEXT,name TEXT,chset INTEGER,cd TEXT,fn TEXT,cid TEXT,cl TEXT,ctt_s INTEGER,ctt_t TEXT,_data TEXT,text TEXT) result: true
D/MmsSmsDatabaseHelper(  599): [MmsSmsDb] tableName: pdu hasAutoIncrement: CREATE TABLE pdu (_id INTEGER PRIMARY KEY AUTOINCREMENT,thread_id INTEGER,date INTEGER,date_sent INTEGER DEFAULT 0,msg_box INTEGER,read INTEGER DEFAULT 0,m_id TEXT,sub TEXT,sub_cs INTEGER,ct_t TEXT,ct_l TEXT,exp INTEGER,m_cls TEXT,m_type INTEGER,v INTEGER,m_size INTEGER,pri INTEGER,rr INTEGER,rpt_a INTEGER,resp_st INTEGER,st INTEGER,tr_id TEXT,retr_st INTEGER,retr_txt TEXT,retr_txt_cs INTEGER,read_status INTEGER,ct_cls INTEGER,resp_txt TEXT,d_tm INTEGER,d_rpt INTEGER,locked INTEGER DEFAULT 0,seen INTEGER DEFAULT 0,text_only INTEGER DEFAULT 0) result: true
D/MmsSmsDatabaseHelper(  599): [getWritableDatabase] hasAutoIncrementThreads: true hasAutoIncrementAddresses: true hasAutoIncrementPart: true hasAutoIncrementPdu: true
D/Mms:app ( 1025): cancelNotification
I/ActivityManager(  356): Resuming delayed broadcast
D/AlertReceiver(  946): onReceive: a=android.intent.action.BOOT_COMPLETED Intent { act=android.intent.action.BOOT_COMPLETED flg=0x8000010 cmp=com.android.calendar/.alerts.AlertReceiver (has extras) }
D/AlertUtils(  946): Flushing old alerts from shared prefs table
I/ActivityManager(  356): Delay finish: com.android.calendar/.alerts.AlertReceiver
D/AlertService(  946): 0 Action = android.intent.action.BOOT_COMPLETED
D/AlertService(  946): Scheduling next alarm with AlarmScheduler. sEventReminderReceived: null
D/dalvikvm(  946): GC_CONCURRENT freed 308K, 13% free 2810K/3220K, paused 4ms+2ms, total 77ms
D/AlarmScheduler(  946): No events found starting within 1 week.
V/MediaScanner(  620): pruneDeadThumbnailFiles... android.database.sqlite.SQLiteCursor@b2d614c8
V/MediaScanner(  620): /pruneDeadThumbnailFiles... android.database.sqlite.SQLiteCursor@b2d614c8
D/ConnectivityService(  356): [CheckMp] isMobileOk: too many loops tried - giving up
D/ConnectivityService(  356): [CheckMp] isMobileOk: X loops|timed out result=0
D/ConnectivityService(  356): [CheckMp] isMobileOk: F stop hipri
D/MobileDataStateTracker(  356): default: setEnableFailFastMobileData(enabled=0)
D/ConnectivityService(  356): stopUsingNetworkFeature: teardown net 0: enableHIPRI
D/MobileDataStateTracker(  356): hipri: Broadcast received: android.intent.action.ANY_DATA_STATE apnType=hipri
D/MobileDataStateTracker(  356): hipri: Received state=DISCONNECTED, old=CONNECTED, reason=dataDisabled
D/MobileDataStateTracker(  356): hipri: setDetailed state, old =CONNECTED and new state=DISCONNECTED
D/ConnectivityService(  356): ConnectivityChange for mobile_hipri: DISCONNECTED/DISCONNECTED
E/logwrapper( 1057): executing /system/bin/ip failed: No such file or directory
E/SecondaryTablController(   54): ip route del failed: /system/bin/ip route del 10.0.2.2/32 via 0.0.0.0 dev eth0 table 60
W/FrameworkListener(   54): Handler 'interface' error (No such device)
E/logwrapper( 1058): executing /system/bin/ip failed: No such file or directory
E/SecondaryTablController(   54): ip route del failed: /system/bin/ip route del 0.0.0.0/0 via 10.0.2.2 dev eth0 table 60
W/FrameworkListener(   54): Handler 'interface' error (No such device)
D/Nat464Xlat(  356): requiresClat: netType=5, hasIPv4Address=true
D/MobileDataStateTracker(  356): default: setPolicyDataEnable(enabled=true)
I/ActivityManager(  356): Resuming delayed broadcast
V/AlarmClock(  971): AlarmInitReceiver android.intent.action.BOOT_COMPLETED
V/AlarmClock(  971): AlarmInitReceiver - Reset timers and clear stopwatch data
V/AlarmClock(  971): AlarmInitReceiver - resetting volume button default
D/dalvikvm(  971): GC_CONCURRENT freed 366K, 15% free 2840K/3312K, paused 14ms+18ms, total 149ms
I/AlarmClock(  971): Displaying next alarm time: ''
V/AlarmClock(  971): AlarmInitReceiver finished
I/ActivityManager(  356): Delay finish: com.android.email/.service.EmailUpgradeBroadcastReceiver
E/NetdConnector(  356): NDC Command {59 bandwidth removeiquota eth0} took too long (798ms)
I/ActivityManager(  356): Resuming delayed broadcast
E/NetdConnector(  356): NDC Command {60 bandwidth gettetherstats} took too long (794ms)
D/dalvikvm(  356): GC_CONCURRENT freed 816K, 56% free 5769K/12964K, paused 17ms+25ms, total 252ms
I/ActivityManager(  356): Delay finish: com.android.email/.service.EmailBroadcastReceiver
I/Email   (  915): Onetime initialization: 1
I/Email   (  915): Onetime initialization: 2
I/Email   (  915): Onetime initialization: completed.
I/ActivityManager(  356): Delaying start of: ServiceRecord{b353e660 u0 com.android.exchange/.service.EmailSyncAdapterService}
I/ActivityManager(  356): Resuming delayed broadcast
E/MetadataRetrieverClient(   60): failed to extract an album art
I/LauncherIconVisibilityManager(  588): Boot has been completed
I/LauncherIconVisibilityManager(  588): Disable activity: ComponentInfo{com.android.inputmethod.latin/com.android.inputmethod.latin.setup.SetupActivity}
I/ActivityManager(  356): Delay finish: com.android.providers.contacts/.PackageIntentReceiver
D/dalvikvm( 1025): GC_CONCURRENT freed 222K, 11% free 2869K/3192K, paused 4ms+3ms, total 73ms
D/dalvikvm(  599): GC_CONCURRENT freed 422K, 16% free 3332K/3940K, paused 32ms+2ms, total 92ms
I/ActivityManager(  356): Resuming delayed broadcast
E/BluetoothAdapter(  610): Bluetooth binder is null
W/BroadcastQueue(  356): Permission Denial: broadcasting Intent { act=android.appwidget.action.APPWIDGET_UPDATE_OPTIONS flg=0x10 cmp=com.android.settings/.widget.SettingsAppWidgetProvider (has extras) } from android (pid=682, uid=10008) is not exported from uid 1000 due to receiver com.android.settings/.widget.SettingsAppWidgetProvider
W/ProcessCpuTracker(  356): Skipping unknown process pid 1093
E/NetdConnector(  356): NDC Command {61 bandwidth setiquota eth0 9223372036854775807} took too long (1836ms)
D/MobileDataStateTracker(  356): default: setPolicyDataEnable(enabled=true)
I/ActivityManager(  356): Delay finish: com.android.providers.contacts/.PackageIntentReceiver
D/Tethering(  356): MasterInitialState.processMessage what=3
D/CaptivePortalTracker(  356): NoActiveNetworkState{ when=-2ms what=1 obj=NetworkInfo: type: mobile_hipri[UMTS], state: DISCONNECTED/DISCONNECTED, reason: dataDisabled, extra: epc.tmobile.com, roaming: false, failover: false, isAvailable: true, isConnectedToProvisioningNetwork: false target=com.android.internal.util.StateMachine$SmHandler }
D/CaptivePortalTracker(  356): NoActiveNetworkState not a wifi connectivity change, ignore
D/Tethering(  356): MasterInitialState.processMessage what=3
D/CaptivePortalTracker(  356): NoActiveNetworkState{ when=-10ms what=1 obj=NetworkInfo: type: mobile[UMTS], state: CONNECTED/CONNECTED, reason: connected, extra: epc.tmobile.com, roaming: false, failover: false, isAvailable: true, isConnectedToProvisioningNetwork: false target=com.android.internal.util.StateMachine$SmHandler }
D/CaptivePortalTracker(  356): NoActiveNetworkState not a wifi connectivity change, ignore
I/ActivityManager(  356): Resuming delayed broadcast
I/ActivityManager(  356): Start proc com.svox.pico for broadcast com.svox.pico/.VoiceDataInstallerReceiver: pid=1106 uid=10037 gids={50037, 1028, 1015}
E/NetdConnector(  356): NDC Command {62 bandwidth removeiquota eth0} took too long (755ms)
D/dalvikvm(  356): GC_CONCURRENT freed 690K, 56% free 5746K/12964K, paused 20ms+15ms, total 154ms
D/ConnectivityService(  356): [CheckMp] isMobileOk: X result=0
D/ConnectivityService(  356): [CheckMp] onPostExecute: result=0
D/ConnectivityService(  356): CheckMp.onComplete: result=0
D/ConnectivityService(  356): CheckMp.onComplete: ignore, connected or no connection
E/NetdConnector(  356): NDC Command {63 bandwidth setiquota eth0 9223372036854775807} took too long (2038ms)
D/MobileDataStateTracker(  356): default: setPolicyDataEnable(enabled=true)
D/MobileDataStateTracker(  356): default: setPolicyDataEnable(enabled=true)
E/BluetoothAdapter(  610): Bluetooth binder is null
D/AlertReceiver(  946): onReceive: a=android.intent.action.PROVIDER_CHANGED Intent { act=android.intent.action.PROVIDER_CHANGED dat=content://com.android.calendar flg=0x10 cmp=com.android.calendar/.alerts.AlertReceiver }
D/AlertService(  946): 0 Action = android.intent.action.PROVIDER_CHANGED
I/ActivityManager(  356): Delay finish: com.android.calendar/.alerts.AlertReceiver
I/InputReader(  356): Reconfiguring input devices.  changes=0x00000010
I/InputReader(  356): Reconfiguring input devices.  changes=0x00000010
I/InputReader(  356): Reconfiguring input devices.  changes=0x00000010
I/PackageManager(  356):   Action: "android.intent.action.SENDTO"
I/PackageManager(  356):   Category: "android.intent.category.DEFAULT"
I/PackageManager(  356):   Scheme: "sms"
I/PackageManager(  356): Adding preferred activity ComponentInfo{com.android.mms/com.android.mms.ui.ComposeMessageActivity} for user 0 :
D/dalvikvm(  356): GC_CONCURRENT freed 742K, 56% free 5756K/12964K, paused 45ms+5ms, total 168ms
D/dalvikvm(  356): WAIT_FOR_CONCURRENT_GC blocked 58ms
I/PackageManager(  356):   Action: "android.intent.action.SENDTO"
I/PackageManager(  356):   Category: "android.intent.category.DEFAULT"
I/PackageManager(  356):   Scheme: "smsto"
I/PackageManager(  356): Adding preferred activity ComponentInfo{com.android.mms/com.android.mms.ui.ComposeMessageActivity} for user 0 :
I/PackageManager(  356):   Action: "android.intent.action.SENDTO"
I/PackageManager(  356):   Category: "android.intent.category.DEFAULT"
I/PackageManager(  356):   Scheme: "mms"
I/PackageManager(  356): Adding preferred activity ComponentInfo{com.android.mms/com.android.mms.ui.ComposeMessageActivity} for user 0 :
I/PackageManager(  356):   Action: "android.intent.action.SENDTO"
I/PackageManager(  356):   Category: "android.intent.category.DEFAULT"
I/PackageManager(  356):   Scheme: "mmsto"
I/PackageManager(  356): Adding preferred activity ComponentInfo{com.android.mms/com.android.mms.ui.ComposeMessageActivity} for user 0 :
I/PackageManager(  356):   Action: "android.intent.action.SENDTO"
I/PackageManager(  356):   Category: "android.intent.category.DEFAULT"
I/PackageManager(  356):   Scheme: "sms"
I/PackageManager(  356): Adding preferred activity ComponentInfo{com.android.mms/com.android.mms.ui.ComposeMessageActivity} for user 0 :
I/PackageManager(  356):   Action: "android.intent.action.SENDTO"
I/PackageManager(  356):   Category: "android.intent.category.DEFAULT"
I/PackageManager(  356):   Scheme: "smsto"
I/PackageManager(  356): Adding preferred activity ComponentInfo{com.android.mms/com.android.mms.ui.ComposeMessageActivity} for user 0 :
D/dalvikvm(  599): GC_CONCURRENT freed 369K, 15% free 3385K/3940K, paused 24ms+2ms, total 53ms
I/PackageManager(  356):   Action: "android.intent.action.SENDTO"
I/PackageManager(  356):   Category: "android.intent.category.DEFAULT"
I/PackageManager(  356):   Scheme: "mms"
I/PackageManager(  356): Adding preferred activity ComponentInfo{com.android.mms/com.android.mms.ui.ComposeMessageActivity} for user 0 :
I/PackageManager(  356):   Action: "android.intent.action.SENDTO"
I/PackageManager(  356):   Category: "android.intent.category.DEFAULT"
I/PackageManager(  356):   Scheme: "mmsto"
I/PackageManager(  356): Adding preferred activity ComponentInfo{com.android.mms/com.android.mms.ui.ComposeMessageActivity} for user 0 :
D/dalvikvm(  356): GC_CONCURRENT freed 719K, 56% free 5804K/12964K, paused 7ms+5ms, total 88ms
D/dalvikvm(  356): WAIT_FOR_CONCURRENT_GC blocked 40ms
I/PackageManager(  356):   Action: "android.intent.action.SENDTO"
I/PackageManager(  356):   Category: "android.intent.category.DEFAULT"
I/PackageManager(  356):   Scheme: "sms"
I/PackageManager(  356): Adding preferred activity ComponentInfo{com.android.mms/com.android.mms.ui.ComposeMessageActivity} for user 0 :
I/PackageManager(  356):   Action: "android.intent.action.SENDTO"
I/PackageManager(  356):   Category: "android.intent.category.DEFAULT"
I/PackageManager(  356):   Scheme: "smsto"
I/PackageManager(  356): Adding preferred activity ComponentInfo{com.android.mms/com.android.mms.ui.ComposeMessageActivity} for user 0 :
I/PackageManager(  356):   Action: "android.intent.action.SENDTO"
I/PackageManager(  356):   Category: "android.intent.category.DEFAULT"
I/PackageManager(  356):   Scheme: "mms"
I/PackageManager(  356): Adding preferred activity ComponentInfo{com.android.mms/com.android.mms.ui.ComposeMessageActivity} for user 0 :
I/PackageManager(  356):   Action: "android.intent.action.SENDTO"
I/PackageManager(  356):   Category: "android.intent.category.DEFAULT"
I/PackageManager(  356):   Scheme: "mmsto"
I/PackageManager(  356): Adding preferred activity ComponentInfo{com.android.mms/com.android.mms.ui.ComposeMessageActivity} for user 0 :
D/dalvikvm(  599): GC_CONCURRENT freed 464K, 16% free 3380K/3984K, paused 4ms+2ms, total 56ms
I/PackageManager(  356):   Action: "android.intent.action.SENDTO"
I/PackageManager(  356):   Category: "android.intent.category.DEFAULT"
I/PackageManager(  356):   Scheme: "sms"
I/PackageManager(  356): Adding preferred activity ComponentInfo{com.android.mms/com.android.mms.ui.ComposeMessageActivity} for user 0 :
I/PackageManager(  356):   Action: "android.intent.action.SENDTO"
I/PackageManager(  356):   Category: "android.intent.category.DEFAULT"
I/PackageManager(  356):   Scheme: "smsto"
I/PackageManager(  356): Adding preferred activity ComponentInfo{com.android.mms/com.android.mms.ui.ComposeMessageActivity} for user 0 :
I/PackageManager(  356):   Action: "android.intent.action.SENDTO"
I/PackageManager(  356):   Category: "android.intent.category.DEFAULT"
I/PackageManager(  356):   Scheme: "mms"
I/PackageManager(  356): Adding preferred activity ComponentInfo{com.android.mms/com.android.mms.ui.ComposeMessageActivity} for user 0 :
I/PackageManager(  356):   Action: "android.intent.action.SENDTO"
I/PackageManager(  356):   Category: "android.intent.category.DEFAULT"
I/PackageManager(  356):   Scheme: "mmsto"
I/PackageManager(  356): Adding preferred activity ComponentInfo{com.android.mms/com.android.mms.ui.ComposeMessageActivity} for user 0 :
D/dalvikvm(  356): GC_CONCURRENT freed 849K, 56% free 5727K/12964K, paused 15ms+7ms, total 103ms
D/dalvikvm(  356): WAIT_FOR_CONCURRENT_GC blocked 51ms
I/PackageManager(  356):   Action: "android.intent.action.SENDTO"
I/PackageManager(  356):   Category: "android.intent.category.DEFAULT"
I/PackageManager(  356):   Scheme: "sms"
I/PackageManager(  356): Adding preferred activity ComponentInfo{com.android.mms/com.android.mms.ui.ComposeMessageActivity} for user 0 :
I/PackageManager(  356):   Action: "android.intent.action.SENDTO"
I/PackageManager(  356):   Category: "android.intent.category.DEFAULT"
I/PackageManager(  356):   Scheme: "smsto"
I/PackageManager(  356): Adding preferred activity ComponentInfo{com.android.mms/com.android.mms.ui.ComposeMessageActivity} for user 0 :
D/dalvikvm(  599): GC_CONCURRENT freed 494K, 17% free 3344K/3984K, paused 5ms+2ms, total 46ms
I/PackageManager(  356):   Action: "android.intent.action.SENDTO"
I/PackageManager(  356):   Category: "android.intent.category.DEFAULT"
I/PackageManager(  356):   Scheme: "mms"
I/PackageManager(  356): Adding preferred activity ComponentInfo{com.android.mms/com.android.mms.ui.ComposeMessageActivity} for user 0 :
I/PackageManager(  356):   Action: "android.intent.action.SENDTO"
I/PackageManager(  356):   Category: "android.intent.category.DEFAULT"
I/PackageManager(  356):   Scheme: "mmsto"
I/PackageManager(  356): Adding preferred activity ComponentInfo{com.android.mms/com.android.mms.ui.ComposeMessageActivity} for user 0 :
I/PackageManager(  356):   Action: "android.intent.action.SENDTO"
I/PackageManager(  356):   Category: "android.intent.category.DEFAULT"
I/PackageManager(  356):   Scheme: "sms"
I/PackageManager(  356): Adding preferred activity ComponentInfo{com.android.mms/com.android.mms.ui.ComposeMessageActivity} for user 0 :
I/PackageManager(  356):   Action: "android.intent.action.SENDTO"
I/PackageManager(  356):   Category: "android.intent.category.DEFAULT"
I/PackageManager(  356):   Scheme: "smsto"
I/PackageManager(  356): Adding preferred activity ComponentInfo{com.android.mms/com.android.mms.ui.ComposeMessageActivity} for user 0 :
I/PackageManager(  356):   Action: "android.intent.action.SENDTO"
I/PackageManager(  356):   Category: "android.intent.category.DEFAULT"
I/PackageManager(  356):   Scheme: "mms"
I/PackageManager(  356): Adding preferred activity ComponentInfo{com.android.mms/com.android.mms.ui.ComposeMessageActivity} for user 0 :
D/dalvikvm(  356): GC_CONCURRENT freed 682K, 56% free 5804K/12964K, paused 6ms+5ms, total 85ms
D/dalvikvm(  356): WAIT_FOR_CONCURRENT_GC blocked 28ms
I/PackageManager(  356):   Action: "android.intent.action.SENDTO"
I/PackageManager(  356):   Category: "android.intent.category.DEFAULT"
I/PackageManager(  356):   Scheme: "mmsto"
I/PackageManager(  356): Adding preferred activity ComponentInfo{com.android.mms/com.android.mms.ui.ComposeMessageActivity} for user 0 :
D/dalvikvm(  599): GC_CONCURRENT freed 409K, 14% free 3437K/3984K, paused 4ms+2ms, total 49ms
D/dalvikvm(  599): WAIT_FOR_CONCURRENT_GC blocked 2ms
I/ActivityManager(  356): Waited long enough for: ServiceRecord{b3738a28 u0 com.android.music/.MediaPlaybackService}
I/ActivityManager(  356): Resuming delayed broadcast
V/SmsReceiverService( 1025): onStart: #1 mResultCode: -1 = Activity.RESULT_OK
I/ActivityManager(  356): Delay finish: com.android.mms/.transaction.SmsReceiver
I/ActivityManager(  356): Resuming delayed broadcast
D/MobileDataStateTracker(  356): default: setPolicyDataEnable(enabled=true)
I/ActivityManager(  356): Delay finish: com.android.providers.calendar/.CalendarProviderBroadcastReceiver
I/ActivityManager(  356): Resuming delayed broadcast
D/dalvikvm(  966): GC_CONCURRENT freed 208K, 10% free 2887K/3196K, paused 6ms+52ms, total 115ms
I/ActivityManager(  356): Delay finish: com.android.providers.contacts/.PackageIntentReceiver
I/ActivityManager(  356): Resuming delayed broadcast
I/GlobalDismissManager(  946): no sender configured
D/AlertService(  946): Beginning updateAlertNotification
D/AlertService(  946): No fired or scheduled alerts
D/AlertService(  946): Scheduling next alarm with AlarmScheduler. sEventReminderReceived: null
D/AlarmScheduler(  946): No events found starting within 1 week.
D/ConnectivityService(  356): Sampling interval elapsed, updating statistics ..
D/ConnectivityService(  356): Done.
D/ConnectivityService(  356): Setting timer for 720seconds
I/ActivityManager(  356): Waited long enough for: ServiceRecord{b353fa00 u0 com.android.calendar/.alerts.InitAlarmsService}
D/AndroidRuntime( 1145): 
D/AndroidRuntime( 1145): >>>>>> AndroidRuntime START com.android.internal.os.RuntimeInit <<<<<<
D/AndroidRuntime( 1145): CheckJNI is ON
D/dalvikvm( 1145): Trying to load lib libjavacore.so 0x0
D/dalvikvm( 1145): Added shared lib libjavacore.so 0x0
D/dalvikvm( 1145): Trying to load lib libnativehelper.so 0x0
D/dalvikvm( 1145): Added shared lib libnativehelper.so 0x0
D/dalvikvm( 1145): No JNI_OnLoad found in libnativehelper.so 0x0, skipping init
D/dalvikvm( 1145): Note: class Landroid/app/ActivityManagerNative; has 179 unimplemented (abstract) methods
E/memtrack( 1145): Couldn't load memtrack module (No such file or directory)
E/android.os.Debug( 1145): failed to load memtrack module: -2
D/AndroidRuntime( 1145): Calling main entry com.android.commands.am.Am
I/ActivityManager(  356): START u0 {act=android.intent.action.MAIN cat=[android.intent.category.LAUNCHER] flg=0x10000000 cmp=com.nomen.search/.SearchActivity} from pid 1145
D/gralloc (   57): Registering a buffer in the process that created it. This may cause memory ordering problems.
E/libEGL  (   57): called unimplemented OpenGL ES API
E/libEGL  (   57): called unimplemented OpenGL ES API
E/libEGL  (   57): called unimplemented OpenGL ES API
E/libEGL  (   57): called unimplemented OpenGL ES API
E/SurfaceFlinger(   57): glCheckFramebufferStatusOES error 436437750
E/SurfaceFlinger(   57): got GL_FRAMEBUFFER_COMPLETE_OES error while taking screenshot
E/libEGL  (   57): called unimplemented OpenGL ES API
E/libEGL  (   57): called unimplemented OpenGL ES API
W/WindowManager(  356): Screenshot failure taking screenshot for (164x295) to layer 21005
I/ActivityManager(  356): Start proc com.nomen.search for activity com.nomen.search/.SearchActivity: pid=1155 uid=10052 gids={50052, 1028, 1015, 3003}
I/dalvikvm( 1155): CheckJNI enabled: not enabling JNI app bug workarounds.
V/PhoneStatusBar(  448): setLightsOn(true)
I/ARMAssembler(   57): generated scanline__00000077:03515104_00009002_00000000 [127 ipp] (149 ins) at [0xb5a73680:0xb5a738d4] in 10000000 ns
I/Choreographer(  356): Skipped 30 frames!  The application may be doing too much work on its main thread.
I/ARMAssembler(   57): generated scanline__00000077:03010104_00008002_00000000 [ 89 ipp] (110 ins) at [0xb5a738e0:0xb5a73a98] in 0 ns
V/WebViewChromiumFactoryProvider( 1155): Binding Chromium to main looper Looper (main, tid 1) {b2d61f38}
I/LibraryLoader( 1155): Expected native library version number "",actual native library version number ""
I/chromium( 1155): [INFO:library_loader_hooks.cc(116)] Chromium logging enabled: level = 0, default verbosity = 0
I/BrowserStartupController( 1155): Initializing chromium process, renderers=0
E/AudioManagerAndroid( 1155): BLUETOOTH permission is missing!
E/chromium( 1155): [ERROR:gl_surface_egl.cc(169)] No suitable EGL configs found.
E/chromium( 1155): [ERROR:gl_surface_egl.cc(702)] GLSurfaceEGL::InitializeOneOff failed.
E/chromium( 1155): [ERROR:gl_surface_egl.cc(169)] No suitable EGL configs found.
E/chromium( 1155): [ERROR:gl_surface_egl.cc(702)] GLSurfaceEGL::InitializeOneOff failed.
E/chromium( 1155): [ERROR:gpu_info_collector.cc(86)] gfx::GLSurface::InitializeOneOff() failed
W/chromium( 1155): [WARNING:mailbox_synchronizer.cc(36)] MailboxSync not supported due to missing EGL image/fence support
E/chromium( 1155): [ERROR:gl_surface_egl.cc(169)] No suitable EGL configs found.
E/chromium( 1155): [ERROR:gl_surface_egl.cc(702)] GLSurfaceEGL::InitializeOneOff failed.
D/dalvikvm( 1155): GC_FOR_ALLOC freed 90K, 7% free 2932K/3124K, paused 32ms, total 35ms
W/chromium( 1155): [WARNING:proxy_service.cc(890)] PAC support disabled because there is no system implementation
I/Android ( 1155): Creating weivda reganam...
D/dalvikvm( 1155): GC_CONCURRENT freed 92K, 6% free 3289K/3480K, paused 45ms+4ms, total 142ms
I/Choreographer( 1155): Skipped 53 frames!  The application may be doing too much work on its main thread.
D/gralloc_goldfish( 1155): Emulator without GPU emulation detected.
W/AwContents( 1155): nativeOnDraw failed; clearing to background color.
I/ActivityManager(  356): Displayed com.nomen.search/.SearchActivity: +2s939ms
D/AndroidRuntime( 1145): Shutting down VM
D/dalvikvm( 1145): GC_CONCURRENT freed 97K, 15% free 589K/688K, paused 1ms+2ms, total 18ms
I/DomobSDK( 1155): current version is 20110820
W/DomobSDK( 1155): refreshInterval is 0, AD will not be refreshed any more.
W/AwContents( 1155): nativeOnDraw failed; clearing to background color.
D/DomobSDK( 1155): Application's package name is com.nomen.search
D/DomobSDK( 1155): Application's version number is 12
W/AwContents( 1155): nativeOnDraw failed; clearing to background color.
W/AwContents( 1155): nativeOnDraw failed; clearing to background color.
W/AwContents( 1155): nativeOnDraw failed; clearing to background color.
W/AwContents( 1155): nativeOnDraw failed; clearing to background color.
W/AwContents( 1155): nativeOnDraw failed; clearing to background color.
W/AwContents( 1155): nativeOnDraw failed; clearing to background color.
W/AwContents( 1155): nativeOnDraw failed; clearing to background color.
W/AwContents( 1155): nativeOnDraw failed; clearing to background color.
E/DatabaseUtils(  599): Writing exception to parcel
E/DatabaseUtils(  599): java.lang.SecurityException: No permission to write APN settings: Neither user 10052 nor current process has android.permission.WRITE_APN_SETTINGS.
E/DatabaseUtils(  599): 	at android.app.ContextImpl.enforce(ContextImpl.java:1693)
E/DatabaseUtils(  599): 	at android.app.ContextImpl.enforceCallingOrSelfPermission(ContextImpl.java:1722)
E/DatabaseUtils(  599): 	at com.android.providers.telephony.TelephonyProvider.checkPermission(TelephonyProvider.java:735)
E/DatabaseUtils(  599): 	at com.android.providers.telephony.TelephonyProvider.query(TelephonyProvider.java:462)
E/DatabaseUtils(  599): 	at android.content.ContentProvider.query(ContentProvider.java:857)
E/DatabaseUtils(  599): 	at android.content.ContentProvider$Transport.query(ContentProvider.java:200)
E/DatabaseUtils(  599): 	at android.content.ContentProviderNative.onTransact(ContentProviderNative.java:112)
E/DatabaseUtils(  599): 	at android.os.Binder.execTransact(Binder.java:404)
E/DatabaseUtils(  599): 	at dalvik.system.NativeStart.run(Native Method)
D/dalvikvm( 1155): GC_CONCURRENT freed 230K, 9% free 3457K/3788K, paused 5ms+2ms, total 67ms
W/System.err( 1155): java.lang.SecurityException: No permission to write APN settings: Neither user 10052 nor current process has android.permission.WRITE_APN_SETTINGS.
W/System.err( 1155): 	at android.os.Parcel.readException(Parcel.java:1472)
W/System.err( 1155): 	at android.database.DatabaseUtils.readExceptionFromParcel(DatabaseUtils.java:185)
W/System.err( 1155): 	at android.database.DatabaseUtils.readExceptionFromParcel(DatabaseUtils.java:137)
W/System.err( 1155): 	at android.content.ContentProviderProxy.query(ContentProviderNative.java:413)
W/System.err( 1155): 	at android.content.ContentResolver.query(ContentResolver.java:461)
W/System.err( 1155): 	at android.content.ContentResolver.query(ContentResolver.java:404)
W/System.err( 1155): 	at cn.domob.android.ads.DomobAdManager.m(Unknown Source)
W/System.err( 1155): 	at cn.domob.android.ads.af.a(Unknown Source)
W/System.err( 1155): 	at cn.domob.android.ads.bc.a(Unknown Source)
W/System.err( 1155): 	at cn.domob.android.ads.aj.run(Unknown Source)
W/chromium( 1155): [WARNING:simple_index_file.cc(338)] Could not map Simple Index file.
I/chromium( 1155): [INFO:simple_index_file.cc(437)] Simple Cache Index is being restored from disk.
I/System.out( 1155): http://image.baidu.com/search/index?tn=baiduimage&ct=201326592&lm=-1&cl=2&fr=ala0&word=%C3%C0%C5%AEcheckImageDownload.jpg
I/System.out( 1155): http://image.baidu.com/search/index?tn=baiduimage&ct=201326592&lm=-1&cl=2&fr=ala0&word=%C3%C0%C5%AEcheckImageDownload.png
I/System.out( 1155): http://image.baidu.com/search/index?tn=baiduimage&ct=201326592&lm=-1&cl=2&fr=ala0&word=%C3%C0%C5%AEcheckImageDownload.gif
I/System.out( 1155): http://image.baidu.com/search/index?tn=baiduimage&ct=201326592&lm=-1&cl=2&fr=ala0&word=%C3%C0%C5%AEcheckImageDownload.JPG
I/System.out( 1155): http://image.baidu.com/search/index?tn=baiduimage&ct=201326592&lm=-1&cl=2&fr=ala0&word=%C3%C0%C5%AEcheckImageDownload.PNG
I/System.out( 1155): http://image.baidu.com/search/index?tn=baiduimage&ct=201326592&lm=-1&cl=2&fr=ala0&word=%C3%C0%C5%AEcheckImageDownload.GIF
W/DomobSDK( 1155): CID is null, continue detecting!
I/System.out( 1155): https://m.baidu.com/sf/vsearch?pd=image_content&word=%C3%C0%C5%AE&tn=vsearch&atn=pagecheckImageDownload.jpg
I/System.out( 1155): https://m.baidu.com/sf/vsearch?pd=image_content&word=%C3%C0%C5%AE&tn=vsearch&atn=pagecheckImageDownload.png
I/System.out( 1155): https://m.baidu.com/sf/vsearch?pd=image_content&word=%C3%C0%C5%AE&tn=vsearch&atn=pagecheckImageDownload.gif
I/System.out( 1155): https://m.baidu.com/sf/vsearch?pd=image_content&word=%C3%C0%C5%AE&tn=vsearch&atn=pagecheckImageDownload.JPG
I/System.out( 1155): https://m.baidu.com/sf/vsearch?pd=image_content&word=%C3%C0%C5%AE&tn=vsearch&atn=pagecheckImageDownload.PNG
I/System.out( 1155): https://m.baidu.com/sf/vsearch?pd=image_content&word=%C3%C0%C5%AE&tn=vsearch&atn=pagecheckImageDownload.GIF
D/dalvikvm( 1155): GC_CONCURRENT freed 412K, 13% free 3453K/3964K, paused 4ms+2ms, total 46ms
V/AlarmClock(  971): AlarmInitReceiver android.intent.action.TIME_SET
I/AlarmClock(  971): Displaying next alarm time: ''
V/AlarmClock(  971): AlarmInitReceiver finished
D/dalvikvm(  356): GC_CONCURRENT freed 648K, 56% free 5810K/12964K, paused 6ms+5ms, total 67ms
D/InitAlarmsService(  946): Clearing and rescheduling alarms.
I/Choreographer( 1155): Skipped 39 frames!  The application may be doing too much work on its main thread.
I/chromium( 1155): [INFO:CONSOLE(2)] "Uncaught URIError: URI malformed", source: https://m.baidu.com/sf/vsearch?pd=image_content&word=%C3%C0%C5%AE&tn=vsearch&atn=page (2)
D/AndroidRuntime( 1207): 
D/AndroidRuntime( 1207): >>>>>> AndroidRuntime START com.android.internal.os.RuntimeInit <<<<<<
D/AndroidRuntime( 1207): CheckJNI is ON
D/dalvikvm( 1207): Trying to load lib libjavacore.so 0x0
D/dalvikvm( 1207): Added shared lib libjavacore.so 0x0
I/chromium( 1155): [INFO:CONSOLE(2)] "Uncaught URIError: URI malformed", source: https://m.baidu.com/sf/vsearch?pd=image_content&word=%C3%C0%C5%AE&tn=vsearch&atn=page (2)
D/dalvikvm( 1207): Trying to load lib libnativehelper.so 0x0
D/dalvikvm( 1207): Added shared lib libnativehelper.so 0x0
D/dalvikvm( 1207): No JNI_OnLoad found in libnativehelper.so 0x0, skipping init
D/dalvikvm( 1207): Note: class Landroid/app/ActivityManagerNative; has 179 unimplemented (abstract) methods
E/memtrack( 1207): Couldn't load memtrack module (No such file or directory)
E/android.os.Debug( 1207): failed to load memtrack module: -2
D/AndroidRuntime( 1207): Calling main entry com.android.commands.am.Am
D/AndroidRuntime( 1207): Shutting down VM
D/dalvikvm( 1207): GC_CONCURRENT freed 97K, 15% free 587K/688K, paused 2ms+2ms, total 12ms
D/        (  356): Setting time of day to sec=1545895321
E/DatabaseUtils(  599): Writing exception to parcel
E/DatabaseUtils(  599): java.lang.SecurityException: No permission to write APN settings: Neither user 10052 nor current process has android.permission.WRITE_APN_SETTINGS.
E/DatabaseUtils(  599): 	at android.app.ContextImpl.enforce(ContextImpl.java:1693)
E/DatabaseUtils(  599): 	at android.app.ContextImpl.enforceCallingOrSelfPermission(ContextImpl.java:1722)
E/DatabaseUtils(  599): 	at com.android.providers.telephony.TelephonyProvider.checkPermission(TelephonyProvider.java:735)
E/DatabaseUtils(  599): 	at com.android.providers.telephony.TelephonyProvider.query(TelephonyProvider.java:462)
E/DatabaseUtils(  599): 	at android.content.ContentProvider.query(ContentProvider.java:857)
E/DatabaseUtils(  599): 	at android.content.ContentProvider$Transport.query(ContentProvider.java:200)
E/DatabaseUtils(  599): 	at android.content.ContentProviderNative.onTransact(ContentProviderNative.java:112)
E/DatabaseUtils(  599): 	at android.os.Binder.execTransact(Binder.java:404)
E/DatabaseUtils(  599): 	at dalvik.system.NativeStart.run(Native Method)
W/System.err( 1155): java.lang.SecurityException: No permission to write APN settings: Neither user 10052 nor current process has android.permission.WRITE_APN_SETTINGS.
W/System.err( 1155): 	at android.os.Parcel.readException(Parcel.java:1472)
W/System.err( 1155): 	at android.database.DatabaseUtils.readExceptionFromParcel(DatabaseUtils.java:185)
W/System.err( 1155): 	at android.database.DatabaseUtils.readExceptionFromParcel(DatabaseUtils.java:137)
W/System.err( 1155): 	at android.content.ContentProviderProxy.query(ContentProviderNative.java:413)
W/System.err( 1155): 	at android.content.ContentResolver.query(ContentResolver.java:461)
W/System.err( 1155): 	at android.content.ContentResolver.query(ContentResolver.java:404)
W/System.err( 1155): 	at cn.domob.android.ads.DomobAdManager.m(Unknown Source)
W/System.err( 1155): 	at cn.domob.android.ads.af.a(Unknown Source)
W/System.err( 1155): 	at cn.domob.android.ads.bc.a(Unknown Source)
W/System.err( 1155): 	at cn.domob.android.ads.aj.run(Unknown Source)
W/DomobSDK( 1155): CID is null, continue detecting!
D/AndroidRuntime( 1219): 
D/AndroidRuntime( 1219): >>>>>> AndroidRuntime START com.android.internal.os.RuntimeInit <<<<<<
D/AndroidRuntime( 1219): CheckJNI is ON
D/dalvikvm( 1219): Trying to load lib libjavacore.so 0x0
D/dalvikvm( 1219): Added shared lib libjavacore.so 0x0
D/dalvikvm( 1219): Trying to load lib libnativehelper.so 0x0
D/dalvikvm( 1219): Added shared lib libnativehelper.so 0x0
D/dalvikvm( 1219): No JNI_OnLoad found in libnativehelper.so 0x0, skipping init
D/dalvikvm( 1219): Note: class Landroid/app/ActivityManagerNative; has 179 unimplemented (abstract) methods
E/memtrack( 1219): Couldn't load memtrack module (No such file or directory)
E/android.os.Debug( 1219): failed to load memtrack module: -2
D/AndroidRuntime( 1219): Calling main entry com.android.commands.am.Am
I/ActivityManager(  356): START u0 {act=android.intent.action.MAIN cat=[android.intent.category.LAUNCHER] flg=0x10000000 cmp=com.nomen.search/.ImageViewActivity} from pid 1219
V/PhoneStatusBar(  448): setLightsOn(true)
D/dalvikvm( 1155): GC_CONCURRENT freed 405K, 13% free 3460K/3964K, paused 32ms+3ms, total 255ms
I/ActivityManager(  356): Displayed com.nomen.search/.ImageViewActivity: +361ms
D/AndroidRuntime( 1219): Shutting down VM
D/dalvikvm( 1219): GC_CONCURRENT freed 97K, 15% free 589K/688K, paused 2ms+1ms, total 31ms
I/MediaFocusControl(  356):  AudioFocus  abandonAudioFocus() from android.media.AudioManager@b2d70438com.android.music.MediaPlaybackService$3@b2d6f2b8
D/AndroidRuntime( 1229): 
D/AndroidRuntime( 1229): >>>>>> AndroidRuntime START com.android.internal.os.RuntimeInit <<<<<<
D/AndroidRuntime( 1229): CheckJNI is ON
D/dalvikvm( 1229): Trying to load lib libjavacore.so 0x0
D/dalvikvm( 1229): Added shared lib libjavacore.so 0x0
D/dalvikvm( 1229): Trying to load lib libnativehelper.so 0x0
D/dalvikvm( 1229): Added shared lib libnativehelper.so 0x0
D/dalvikvm( 1229): No JNI_OnLoad found in libnativehelper.so 0x0, skipping init
D/dalvikvm( 1229): Note: class Landroid/app/ActivityManagerNative; has 179 unimplemented (abstract) methods
E/memtrack( 1229): Couldn't load memtrack module (No such file or directory)
E/android.os.Debug( 1229): failed to load memtrack module: -2
D/AndroidRuntime( 1229): Calling main entry com.android.commands.am.Am
I/ActivityManager(  356): START u0 {act=android.intent.action.MAIN cat=[android.intent.category.LAUNCHER] flg=0x10000000 cmp=com.nomen.search/com.adwo.adsdk.AdwoAdBrowserActivity} from pid 1229
W/WebView ( 1155): java.lang.Throwable: A WebView method was called on thread 'Thread-100'. All WebView methods must be called on the same thread. (Expected Looper Looper (main, tid 1) {b2d61f38} called on null, FYI main Looper is Looper (main, tid 1) {b2d61f38})
W/WebView ( 1155): 	at android.webkit.WebView.checkThread(WebView.java:2072)
W/WebView ( 1155): 	at android.webkit.WebView.loadUrl(WebView.java:803)
W/WebView ( 1155): 	at com.adwo.adsdk.ar.run(Unknown Source)
W/WebView ( 1155): 	at java.lang.Thread.run(Thread.java:841)
V/PhoneStatusBar(  448): setLightsOn(true)
D/dalvikvm( 1155): GC_FOR_ALLOC freed 56K, 11% free 3565K/3964K, paused 50ms, total 51ms
I/dalvikvm-heap( 1155): Grow heap (frag case) to 5.112MB for 1610896-byte allocation
D/dalvikvm( 1155): GC_FOR_ALLOC freed <1K, 8% free 5138K/5540K, paused 54ms, total 55ms
W/AwContents( 1155): nativeOnDraw failed; clearing to background color.
I/ActivityManager(  356): Displayed com.nomen.search/com.adwo.adsdk.AdwoAdBrowserActivity: +757ms
D/AndroidRuntime( 1229): Shutting down VM
D/dalvikvm( 1229): GC_CONCURRENT freed 98K, 15% free 589K/692K, paused 2ms+2ms, total 16ms
D/dalvikvm( 1155): GC_CONCURRENT freed 29K, 8% free 5110K/5540K, paused 86ms+3ms, total 221ms
W/AwContents( 1155): nativeOnDraw failed; clearing to background color.
E/DatabaseUtils(  599): Writing exception to parcel
E/DatabaseUtils(  599): java.lang.SecurityException: No permission to write APN settings: Neither user 10052 nor current process has android.permission.WRITE_APN_SETTINGS.
E/DatabaseUtils(  599): 	at android.app.ContextImpl.enforce(ContextImpl.java:1693)
E/DatabaseUtils(  599): 	at android.app.ContextImpl.enforceCallingOrSelfPermission(ContextImpl.java:1722)
E/DatabaseUtils(  599): 	at com.android.providers.telephony.TelephonyProvider.checkPermission(TelephonyProvider.java:735)
E/DatabaseUtils(  599): 	at com.android.providers.telephony.TelephonyProvider.query(TelephonyProvider.java:462)
E/DatabaseUtils(  599): 	at android.content.ContentProvider.query(ContentProvider.java:857)
E/DatabaseUtils(  599): 	at android.content.ContentProvider$Transport.query(ContentProvider.java:200)
E/DatabaseUtils(  599): 	at android.content.ContentProviderNative.onTransact(ContentProviderNative.java:112)
E/DatabaseUtils(  599): 	at android.os.Binder.execTransact(Binder.java:404)
E/DatabaseUtils(  599): 	at dalvik.system.NativeStart.run(Native Method)
W/System.err( 1155): java.lang.SecurityException: No permission to write APN settings: Neither user 10052 nor current process has android.permission.WRITE_APN_SETTINGS.
W/System.err( 1155): 	at android.os.Parcel.readException(Parcel.java:1472)
W/System.err( 1155): 	at android.database.DatabaseUtils.readExceptionFromParcel(DatabaseUtils.java:185)
W/System.err( 1155): 	at android.database.DatabaseUtils.readExceptionFromParcel(DatabaseUtils.java:137)
W/System.err( 1155): 	at android.content.ContentProviderProxy.query(ContentProviderNative.java:413)
W/System.err( 1155): 	at android.content.ContentResolver.query(ContentResolver.java:461)
W/System.err( 1155): 	at android.content.ContentResolver.query(ContentResolver.java:404)
W/System.err( 1155): 	at cn.domob.android.ads.DomobAdManager.m(Unknown Source)
W/System.err( 1155): 	at cn.domob.android.ads.af.a(Unknown Source)
W/System.err( 1155): 	at cn.domob.android.ads.bc.a(Unknown Source)
W/System.err( 1155): 	at cn.domob.android.ads.aj.run(Unknown Source)
W/DomobSDK( 1155): CID is null, continue detecting!
D/AndroidRuntime( 1245): 
D/AndroidRuntime( 1245): >>>>>> AndroidRuntime START com.android.internal.os.RuntimeInit <<<<<<
D/AndroidRuntime( 1245): CheckJNI is ON
D/dalvikvm( 1245): Trying to load lib libjavacore.so 0x0
D/dalvikvm( 1245): Added shared lib libjavacore.so 0x0
D/dalvikvm( 1245): Trying to load lib libnativehelper.so 0x0
D/dalvikvm( 1245): Added shared lib libnativehelper.so 0x0
D/dalvikvm( 1245): No JNI_OnLoad found in libnativehelper.so 0x0, skipping init
D/dalvikvm( 1245): Note: class Landroid/app/ActivityManagerNative; has 179 unimplemented (abstract) methods
D/MobileDataStateTracker(  356): default: setPolicyDataEnable(enabled=true)
E/memtrack( 1245): Couldn't load memtrack module (No such file or directory)
E/android.os.Debug( 1245): failed to load memtrack module: -2
D/AndroidRuntime( 1245): Calling main entry com.android.commands.am.Am
I/ActivityManager(  356): START u0 {act=android.intent.action.MAIN cat=[android.intent.category.LAUNCHER] flg=0x10000000 cmp=com.nomen.search/com.google.ads.AdActivity} from pid 1245
E/Ads     ( 1155): Could not get currentAdManager.
W/InputMethodManagerService(  356): Window already focused, ignoring focus gain of: com.android.internal.view.IInputMethodClient$Stub$Proxy@b2e85b70 attribute=null, token = android.os.BinderProxy@b2f64cc0
I/Choreographer( 1155): Skipped 152 frames!  The application may be doing too much work on its main thread.
I/Choreographer( 1155): Skipped 96 frames!  The application may be doing too much work on its main thread.
I/Choreographer( 1155): Skipped 48 frames!  The application may be doing too much work on its main thread.
I/Choreographer( 1155): Skipped 81 frames!  The application may be doing too much work on its main thread.
I/Choreographer( 1155): Skipped 40 frames!  The application may be doing too much work on its main thread.
E/DatabaseUtils(  599): Writing exception to parcel
E/DatabaseUtils(  599): java.lang.SecurityException: No permission to write APN settings: Neither user 10052 nor current process has android.permission.WRITE_APN_SETTINGS.
E/DatabaseUtils(  599): 	at android.app.ContextImpl.enforce(ContextImpl.java:1693)
E/DatabaseUtils(  599): 	at android.app.ContextImpl.enforceCallingOrSelfPermission(ContextImpl.java:1722)
E/DatabaseUtils(  599): 	at com.android.providers.telephony.TelephonyProvider.checkPermission(TelephonyProvider.java:735)
E/DatabaseUtils(  599): 	at com.android.providers.telephony.TelephonyProvider.query(TelephonyProvider.java:462)
E/DatabaseUtils(  599): 	at android.content.ContentProvider.query(ContentProvider.java:857)
E/DatabaseUtils(  599): 	at android.content.ContentProvider$Transport.query(ContentProvider.java:200)
E/DatabaseUtils(  599): 	at android.content.ContentProviderNative.onTransact(ContentProviderNative.java:112)
E/DatabaseUtils(  599): 	at android.os.Binder.execTransact(Binder.java:404)
E/DatabaseUtils(  599): 	at dalvik.system.NativeStart.run(Native Method)
W/System.err( 1155): java.lang.SecurityException: No permission to write APN settings: Neither user 10052 nor current process has android.permission.WRITE_APN_SETTINGS.
W/System.err( 1155): 	at android.os.Parcel.readException(Parcel.java:1472)
