--------- beginning of /dev/log/system
I/Vold    (   53): Vold 2.1 (the revenge) firing up
D/Vold    (   53): Volume sdcard state changing -1 (Initializing) -> 0 (No-Media)
D/Vold    (   53): Volume sdcard state changing 0 (No-Media) -> 1 (Idle-Unmounted)
I/SystemServer(  365): Entered the Android system server!
I/SystemServer(  365): Waiting for installd to be ready.
I/SystemServer(  365): Enabled StrictMode logging for WM Looper
I/Installer(  365): connecting...
I/SystemServer(  365): Power Manager
I/SystemServer(  365): Activity Manager
I/ActivityManager(  365): Memory class: 48
I/AppOps  (  365): No existing app ops /data/system/appops.xml; starting empty
I/UiThread(  365): Enabled StrictMode logging for UI thread
I/IntentFirewall(  365): Read new rules (A:0 B:0 S:0)
I/ActivityManager(  365): Enabled StrictMode logging for AThread's Looper
I/SystemServer(  365): Display Manager
I/SystemServer(  365): Telephony Registry
I/SystemServer(  365): Scheduling Policy
I/DisplayManagerService(  365): Display device added: DisplayDeviceInfo{"Built-in Screen": 480 x 864, 241.12602 fps, density 160, 160.0 x 160.0 dpi, touch INTERNAL, rotation 0, type BUILT_IN, FLAG_DEFAULT_DISPLAY, FLAG_ROTATES_WITH_CONTENT, FLAG_SECURE, FLAG_SUPPORTS_PROTECTED_BUFFERS}
I/SystemServer(  365): Package Manager
W/FileUtils(  365): Failed to chmod(/data/system/packages.list): libcore.io.ErrnoException: chmod failed: ENOENT (No such file or directory)
D/SELinuxMMAC(  365): Couldn't find install policy /data/security/mac_permissions.xml
D/SELinuxMMAC(  365): Using install policy file /system/etc/security/mac_permissions.xml
I/PackageManager(  365): No settings file; creating initial state
W/PackageManager(  365): Running ENG build: no pre-dexopt!
W/PackageParser(  365): No actions in intent filter at /system/priv-app/Contacts.apk Binary XML file line #375
W/PackageParser(  365): No actions in intent filter at /system/priv-app/Dialer.apk Binary XML file line #163
W/PackageParser(  365): No actions in intent filter at /data/app/ApiDemos.apk Binary XML file line #2899
W/PackageParser(  365): No actions in intent filter at /data/app/ApiDemos.apk Binary XML file line #2905
W/PackageManager(  365): Package com.example.android.apis desires unavailable shared library com.example.will.never.exist; ignoring!
W/PackageManager(  365): Package com.example.android.apis desires unavailable shared library com.example.will.never.exist; ignoring!
W/PackageManager(  365): Package com.android.camera desires unavailable shared library com.google.android.media.effects; ignoring!
I/PackageManager(  365): Time to scan packages: 23.337 seconds
W/PackageManager(  365): Not granting permission android.permission.GLOBAL_SEARCH to package com.android.quicksearchbox (protectionLevel=18 flags=0x8be45)
W/PackageManager(  365): Unknown permission com.android.smspush.WAPPUSH_MANAGER_BIND in package com.android.phone
W/PackageManager(  365): Unknown permission com.google.android.googleapps.permission.GOOGLE_AUTH in package com.android.providers.calendar
W/PackageManager(  365): Unknown permission com.google.android.googleapps.permission.GOOGLE_AUTH.cl in package com.android.providers.calendar
W/PackageManager(  365): Unknown permission com.google.android.googleapps.permission.GOOGLE_AUTH.mail in package com.android.calendar
W/PackageManager(  365): Not granting permission android.permission.ACCESS_DOWNLOAD_MANAGER to package com.android.browser (protectionLevel=18 flags=0x9be45)
W/PackageManager(  365): Not granting permission android.permission.SEND_DOWNLOAD_COMPLETED_INTENTS to package com.android.browser (protectionLevel=2 flags=0x9be45)
W/PackageManager(  365): Not granting permission android.permission.BIND_APPWIDGET to package com.android.widgetpreview (protectionLevel=18 flags=0x8be44)
W/PackageManager(  365): Unknown permission android.permission.INSTALL_DRM in package com.android.mms
W/PackageManager(  365): Unknown permission com.google.android.googleapps.permission.GOOGLE_AUTH in package com.android.settings
W/PackageManager(  365): Unknown permission com.google.android.googleapps.permission.ACCESS_GOOGLE_PASSWORD in package com.android.development
W/PackageManager(  365): Unknown permission com.google.android.googleapps.permission.GOOGLE_AUTH in package com.android.development
W/PackageManager(  365): Unknown permission com.google.android.googleapps.permission.GOOGLE_AUTH.ALL_SERVICES in package com.android.development
W/PackageManager(  365): Unknown permission com.google.android.googleapps.permission.GOOGLE_AUTH.YouTubeUser in package com.android.development
W/PackageManager(  365): Not granting permission android.permission.DELETE_PACKAGES to package com.svox.pico (protectionLevel=18 flags=0x8be45)
W/PackageManager(  365): Not granting permission android.permission.DEVICE_POWER to package com.android.deskclock (protectionLevel=2 flags=0x48be45)
I/SystemServer(  365): Entropy Mixer
W/EntropyMixer(  365): No existing entropy file -- first boot?
I/EntropyMixer(  365): Writing entropy...
I/SystemServer(  365): User Service
I/SystemServer(  365): Account Manager
I/SystemServer(  365): Content Manager
I/SystemServer(  365): System Content Providers
D/SettingsProvider(  365): Generated and saved new ANDROID_ID [5d1c46e3c295d004] for user 0
I/SystemServer(  365): Lights Service
I/SystemServer(  365): Battery Service
I/SystemServer(  365): Vibrator Service
I/SystemServer(  365): Consumer IR Service
I/SystemServer(  365): Alarm Manager
I/SystemServer(  365): Init Watchdog
I/SystemServer(  365): Input Manager
I/InputManager(  365): Initializing input manager, mUseDevInputEventForAudioJack=false
I/SystemServer(  365): Window Manager
I/WindowManager(  365): No existing display settings /data/system/display_settings.xml; starting empty
I/WindowManager(  365): No keyguard interface!
I/InputManager(  365): Starting input manager
I/SystemServer(  365): No Bluetooh Service (emulator)
I/SystemServer(  365): Input Method Service
W/InputMethodManagerService(  365): No IME selected. Choose the most applicable IME.
I/InputMethodManagerService(  365): No default found, using com.android.inputmethod.latin/.LatinIME
I/SystemServer(  365): Accessibility Manager
I/ActivityManager(  365): Config changes=1df8 {1.0 ?mcc?mnc en_US ldltr sw480dp w480dp h864dp 160dpi lrg long port ?uimode ?night -touch -keyb/h/h tball/v s.2}
I/ActivityManager(  365): Config changes=408 {1.0 ?mcc?mnc en_US ldltr sw480dp w480dp h839dp 160dpi lrg long port ?uimode ?night finger -keyb/h/h tball/v s.3}
I/SystemServer(  365): Mount Service
D/MountService(  365): got storage path: /storage/sdcard description: USB storage primary: true removable: false emulated: false mtpReserve: 0 allowMassStorage: false maxFileSize: 0
D/MountService(  365): addVolumeLocked() StorageVolume:
D/MountService(  365):     mStorageId=0 mPath=/storage/sdcard mDescriptionId=17040665 mPrimary=true 
D/MountService(  365):     mRemovable=false mEmulated=false mMtpReserveSpace=0 
D/MountService(  365):     mAllowMassStorage=false mMaxFileSize=0 mOwner=null mUuid=null 
D/MountService(  365):     mUserLabel=null mState=null 
I/SystemServer(  365): LockSettingsService
I/SystemServer(  365): Device Policy
I/SystemServer(  365): Status Bar
I/SystemServer(  365): Clipboard Service
I/SystemServer(  365): NetworkManagement Service
I/SystemServer(  365): Text Service Manager Service
W/MountService(  365): Duplicate state transition (unmounted -> unmounted) for /storage/sdcard
W/MountService(  365): getSecureContainerList() called when storage not mounted
I/SystemServer(  365): NetworkStats Service
W/PackageManager(  365): Not granting permission android.permission.GLOBAL_SEARCH to package com.android.quicksearchbox (protectionLevel=18 flags=0x8be45)
I/SystemServer(  365): NetworkPolicy Service
I/SystemServer(  365): Wi-Fi P2pService
W/PackageManager(  365): Unknown permission com.android.smspush.WAPPUSH_MANAGER_BIND in package com.android.phone
W/PackageManager(  365): Unknown permission com.google.android.googleapps.permission.GOOGLE_AUTH in package com.android.providers.calendar
W/PackageManager(  365): Unknown permission com.google.android.googleapps.permission.GOOGLE_AUTH.cl in package com.android.providers.calendar
W/PackageManager(  365): Unknown permission com.google.android.googleapps.permission.GOOGLE_AUTH.mail in package com.android.calendar
W/PackageManager(  365): Not granting permission android.permission.ACCESS_DOWNLOAD_MANAGER to package com.android.browser (protectionLevel=18 flags=0x9be45)
W/PackageManager(  365): Not granting permission android.permission.SEND_DOWNLOAD_COMPLETED_INTENTS to package com.android.browser (protectionLevel=2 flags=0x9be45)
W/PackageManager(  365): Not granting permission android.permission.BIND_APPWIDGET to package com.android.widgetpreview (protectionLevel=18 flags=0x8be44)
W/PackageManager(  365): Unknown permission android.permission.INSTALL_DRM in package com.android.mms
W/PackageManager(  365): Unknown permission com.google.android.googleapps.permission.GOOGLE_AUTH in package com.android.settings
W/PackageManager(  365): Unknown permission com.google.android.googleapps.permission.ACCESS_GOOGLE_PASSWORD in package com.android.development
W/PackageManager(  365): Unknown permission com.google.android.googleapps.permission.GOOGLE_AUTH in package com.android.development
W/PackageManager(  365): Unknown permission com.google.android.googleapps.permission.GOOGLE_AUTH.ALL_SERVICES in package com.android.development
W/PackageManager(  365): Unknown permission com.google.android.googleapps.permission.GOOGLE_AUTH.YouTubeUser in package com.android.development
W/PackageManager(  365): Not granting permission android.permission.DELETE_PACKAGES to package com.svox.pico (protectionLevel=18 flags=0x8be45)
W/PackageManager(  365): Not granting permission android.permission.DEVICE_POWER to package com.android.deskclock (protectionLevel=2 flags=0x48be45)
I/SystemServer(  365): Wi-Fi Service
I/SystemServer(  365): Connectivity Service
D/ConnectivityService(  365): ConnectivityService starting up
D/ConnectivityService(  365): wifiOnly=false
E/MobileDataStateTracker(  365): default: Ignoring feature request because could not acquire PhoneService
E/MobileDataStateTracker(  365): default: Could not enable APN type "default"
I/WifiService(  365): WifiService starting up with Wi-Fi disabled
I/SystemServer(  365): Network Service Discovery Service
D/NsdService(  365): Network service discovery enabled true
I/SystemServer(  365): UpdateLock Service
I/SystemServer(  365): Notification Manager
I/SystemServer(  365): Device Storage Monitor
I/SystemServer(  365): Location Manager
I/SystemServer(  365): Country Detector
I/SystemServer(  365): Search Service
I/SystemServer(  365): DropBox Service
I/SystemServer(  365): Wallpaper Service
W/WallpaperService(  365): no current wallpaper -- first boot?
I/SystemServer(  365): Audio Service
I/SystemServer(  365): Dock Observer
W/DockObserver(  365): This kernel does not have dock station support
I/SystemServer(  365): Wired Accessory Manager
W/WiredAccessoryManager(  365): This kernel does not have wired headset support
W/WiredAccessoryManager(  365): This kernel does not have usb audio support
W/WiredAccessoryManager(  365): This kernel does not have HDMI audio support
I/SystemServer(  365): USB Service
I/SystemServer(  365): Serial Service
I/SystemServer(  365): Twilight Service
I/SystemServer(  365): UI Mode Manager Service
I/SystemServer(  365): Backup Service
V/BackupManagerService(  365): Initializing package tracking
V/BackupManagerService(  365): No ancestral data
V/BackupManagerService(  365): addPackageParticipantsLocked: all
I/BackupManagerService(  365): Scheduling backup for new app com.android.calendar
D/BackupManagerService(  365): Now staging backup of com.android.calendar
I/BackupManagerService(  365): Scheduling backup for new app com.android.browser
D/BackupManagerService(  365): Now staging backup of com.android.browser
I/BackupManagerService(  365): Scheduling backup for new app com.android.providers.userdictionary
D/BackupManagerService(  365): Now staging backup of com.android.providers.userdictionary
I/BackupManagerService(  365): Scheduling backup for new app com.android.sharedstoragebackup
D/BackupManagerService(  365): Now staging backup of com.android.sharedstoragebackup
I/BackupManagerService(  365): Scheduling backup for new app android
D/BackupManagerService(  365): Now staging backup of android
I/BackupManagerService(  365): Scheduling backup for new app com.android.dialer
D/BackupManagerService(  365): Now staging backup of com.android.dialer
I/BackupManagerService(  365): Scheduling backup for new app com.android.providers.settings
D/BackupManagerService(  365): Now staging backup of com.android.providers.settings
V/BackupManagerService(  365): Starting with transport android/com.android.internal.backup.LocalTransport
V/BackupManagerService(  365): Found transports: 1
I/BackupManagerService(  365): Binding to transport host ComponentInfo{android/com.android.internal.backup.LocalTransportService}
I/BackupManagerService(  365): Backup enabled => true
I/SystemServer(  365): AppWidget Service
I/SystemServer(  365): Recognition Service
I/SystemServer(  365): DiskStats Service
I/SystemServer(  365): SamplingProfiler Service
I/SystemServer(  365): NetworkTimeUpdateService
I/SystemServer(  365): CommonTimeManagementService
I/SystemServer(  365): CertBlacklister
I/SystemServer(  365): Dreams Service
I/SystemServer(  365): Assets Atlas Service
I/SystemServer(  365): IdleMaintenanceService
I/SystemServer(  365): Print Service
I/SystemServer(  365): Media Router Service
I/LockSettingsService(  365): Migrated lock settings to new location
I/LockSettingsService(  365): Migrated per-user lock settings to new location
I/ActivityManager(  365): Start proc com.android.systemui for service com.android.keyguard/.KeyguardService: pid=448 uid=10007 gids={50007, 1028, 1015, 1035, 3002, 3001}
W/SystemServer(  365): ***********************************************
I/ActivityManager(  365): Sending system update to ComponentInfo{com.android.providers.calendar/com.android.providers.calendar.CalendarUpgradeReceiver} for user 0
I/ActivityManager(  365): Sending system update to ComponentInfo{com.android.providers.contacts/com.android.providers.contacts.ContactsUpgradeReceiver} for user 0
I/ActivityManager(  365): Sending system update to ComponentInfo{com.android.providers.media/com.android.providers.media.MediaUpgradeReceiver} for user 0
I/SystemServer(  365): Enabled StrictMode for system server main thread.
I/ActivityManager(  365): Start proc com.android.providers.calendar for broadcast com.android.providers.calendar/.CalendarUpgradeReceiver: pid=459 uid=10001 gids={50001, 3003, 1028, 1015}
W/InputMethodManagerService(  365): Focus gain on non-focused client android.view.inputmethod.InputMethodManager$1@b3213910 (uid=1000 pid=365)
V/BackupManagerService(  365): Connected to transport ComponentInfo{android/com.android.internal.backup.LocalTransportService}
V/BackupManagerService(  365): Registering transport android/com.android.internal.backup.LocalTransportService::android/com.android.internal.backup.LocalTransport = com.android.internal.backup.LocalTransport@b2f1e618
I/ActivityManager(  365): Launching preboot mode app: ProcessRecord{b2f91210 459:com.android.providers.calendar/u0a1}
I/ActivityManager(  365): Start proc android.process.acore for broadcast com.android.providers.contacts/.ContactsUpgradeReceiver: pid=479 uid=10002 gids={50002, 3003, 1028, 1015}
I/ActivityManager(  365): Launching preboot mode app: ProcessRecord{b36f85f0 479:android.process.acore/u0a2}
I/ActivityManager(  365): Start proc android.process.media for broadcast com.android.providers.media/.MediaUpgradeReceiver: pid=495 uid=10005 gids={50005, 1028, 1015, 1023, 1024, 2001, 3003, 3007}
I/ActivityManager(  365): Launching preboot mode app: ProcessRecord{b342cb08 495:android.process.media/u0a5}
I/ActivityManager(  365): Writing new set of last done pre-boot receivers...
I/ActivityManager(  365): Removing system update proc: ProcessRecord{b2f91210 459:com.android.providers.calendar/u0a1}
I/ActivityManager(  365): Killing 459:com.android.providers.calendar/u0a1 (adj 13): system update done
I/ActivityManager(  365): Removing system update proc: ProcessRecord{b36f85f0 479:android.process.acore/u0a2}
I/ActivityManager(  365): Killing 479:android.process.acore/u0a2 (adj 11): system update done
I/ActivityManager(  365): Removing system update proc: ProcessRecord{b342cb08 495:android.process.media/u0a5}
I/ActivityManager(  365): Killing 495:android.process.media/u0a5 (adj 9): system update done
I/ActivityManager(  365): System now ready
I/SystemServer(  365): Making services ready
D/NetworkManagementService(  365): enabling bandwidth control
I/Vold    (   53): /dev/block/vold/179:0 being considered for volume sdcard
D/Vold    (   53): Volume sdcard state changing 1 (Idle-Unmounted) -> 3 (Checking)
D/MountService(  365): volume state changed for /storage/sdcard (unmounted -> checking)
D/MountService(  365): sendStorageIntent Intent { act=android.intent.action.MEDIA_CHECKING dat=file:///storage/sdcard (has extras) } to UserHandle{-1}
I/StatusBarManagerService(  365): registerStatusBar bar=com.android.internal.statusbar.IStatusBar$Stub$Proxy@b3710be8
I/Vold    (   53): Filesystem check completed OK
D/Vold    (   53): Volume sdcard state changing 3 (Checking) -> 4 (Mounted)
D/MountService(  365): volume state changed for /storage/sdcard (checking -> mounted)
D/MountService(  365): sendStorageIntent Intent { act=android.intent.action.MEDIA_MOUNTED dat=file:///storage/sdcard (has extras) } to UserHandle{-1}
E/VoldConnector(  365): NDC Command {3 volume mount /storage/sdcard} took too long (856ms)
W/PackageManager(  365): Not granting permission android.permission.GLOBAL_SEARCH to package com.android.quicksearchbox (protectionLevel=18 flags=0x88be45)
W/PackageManager(  365): Unknown permission com.android.smspush.WAPPUSH_MANAGER_BIND in package com.android.phone
W/PackageManager(  365): Unknown permission com.google.android.googleapps.permission.GOOGLE_AUTH in package com.android.providers.calendar
W/PackageManager(  365): Unknown permission com.google.android.googleapps.permission.GOOGLE_AUTH.cl in package com.android.providers.calendar
W/PackageManager(  365): Unknown permission com.google.android.googleapps.permission.GOOGLE_AUTH.mail in package com.android.calendar
W/PackageManager(  365): Not granting permission android.permission.ACCESS_DOWNLOAD_MANAGER to package com.android.browser (protectionLevel=18 flags=0x89be45)
W/PackageManager(  365): Not granting permission android.permission.SEND_DOWNLOAD_COMPLETED_INTENTS to package com.android.browser (protectionLevel=2 flags=0x89be45)
W/PackageManager(  365): Not granting permission android.permission.BIND_APPWIDGET to package com.android.widgetpreview (protectionLevel=18 flags=0x8be44)
W/PackageManager(  365): Unknown permission android.permission.INSTALL_DRM in package com.android.mms
W/PackageManager(  365): Unknown permission com.google.android.googleapps.permission.GOOGLE_AUTH in package com.android.settings
W/PackageManager(  365): Unknown permission com.google.android.googleapps.permission.ACCESS_GOOGLE_PASSWORD in package com.android.development
W/PackageManager(  365): Unknown permission com.google.android.googleapps.permission.GOOGLE_AUTH in package com.android.development
W/PackageManager(  365): Unknown permission com.google.android.googleapps.permission.GOOGLE_AUTH.ALL_SERVICES in package com.android.development
W/PackageManager(  365): Unknown permission com.google.android.googleapps.permission.GOOGLE_AUTH.YouTubeUser in package com.android.development
W/PackageManager(  365): Not granting permission android.permission.DELETE_PACKAGES to package com.svox.pico (protectionLevel=18 flags=0x88be45)
W/PackageManager(  365): Not granting permission android.permission.DEVICE_POWER to package com.android.deskclock (protectionLevel=2 flags=0xc8be45)
I/ActivityManager(  365): Start proc android.process.acore for content provider com.android.providers.contacts/.ContactsProvider2: pid=547 uid=10002 gids={50002, 3003, 1028, 1015}
E/NetdConnector(  365): NDC Command {1 bandwidth enable} took too long (3118ms)
E/NetdConnector(  365): NDC Command {2 firewall disable} took too long (549ms)
E/NetdConnector(  365): NDC Command {5 firewall disable} took too long (662ms)
I/ActivityManager(  365): Config changes=200 {1.0 ?mcc?mnc en_US ldltr sw480dp w480dp h839dp 160dpi lrg long port finger -keyb/h/h tball/v s.4}
W/RecognitionManagerService(  365): no available voice recognition services found for user 0
W/AppWidgetServiceImpl(  365): Failed to read state: java.io.FileNotFoundException: /data/system/users/0/appwidgets.xml: open failed: ENOENT (No such file or directory)
W/InputMethodManagerService(  365): Ignoring setImeWindowStatus of uid 1000 token: null
W/InputMethodUtils(  365): Found no subtypes in a system IME: com.android.inputmethod.pinyin
W/InputMethodManagerService(  365): Reset the default IME as "Resource" is ready here.
W/InputMethodUtils(  365): Found no subtypes in a system IME: com.android.inputmethod.pinyin
I/InputMethodManagerService(  365): Selected default: com.android.inputmethod.latin/.LatinIME
I/ActivityManager(  365): Config changes=20 {1.0 ?mcc?mnc en_US ldltr sw480dp w480dp h839dp 160dpi lrg long port finger -keyb/v/h tball/v s.5}
I/ActivityManager(  365): Start proc com.android.inputmethod.latin for service com.android.inputmethod.latin/.LatinIME: pid=588 uid=10029 gids={50029, 1028, 1015}
V/InputMethodManagerService(  365): Adding window token: android.os.Binder@b3226218
W/InputMethodManagerService(  365): Illegal subtype state: old subtype = null, new subtype = android.view.inputmethod.InputMethodSubtype@c9194f98
W/LocationManagerService(  365): no network location provider found
E/LocationManagerService(  365): no geocoder provider found
E/LocationManagerService(  365): No FusedProvider found.
E/LocationManagerService(  365): no geofence provider found
I/ActivityManager(  365): Start proc com.android.phone for added application com.android.phone: pid=599 uid=1001 gids={41001, 3002, 3001, 3003, 1028, 1015}
I/ActivityManager(  365): START u0 {act=android.intent.action.MAIN cat=[android.intent.category.HOME] flg=0x10000000 cmp=com.android.settings/.CryptKeeper} from pid 0
I/ActivityManager(  365): Start proc com.android.settings for activity com.android.settings/.CryptKeeper: pid=607 uid=1000 gids={41000, 1028, 1015, 3002, 3001, 3003}
I/ActivityManager(  365): Start proc android.process.media for broadcast com.android.providers.downloads/.DownloadReceiver: pid=612 uid=10005 gids={50005, 1028, 1015, 1023, 1024, 2001, 3003, 3007}
I/ActivityManager(  365): START u0 {act=android.intent.action.MAIN cat=[android.intent.category.HOME] flg=0x10000000 cmp=com.android.sdksetup/.DefaultActivity} from pid 0
I/ActivityManager(  365): Start proc com.android.sdksetup for activity com.android.sdksetup/.DefaultActivity: pid=645 uid=10042 gids={50042}
W/BackupManagerService(  365): dataChanged but no participant pkg='com.android.providers.settings' uid=1001
I/PackageManager(  365): Adding preferred activity ComponentInfo{com.android.mms/com.android.mms.ui.ComposeMessageActivity} for user 0 :
I/PackageManager(  365): Adding preferred activity ComponentInfo{com.android.mms/com.android.mms.ui.ComposeMessageActivity} for user 0 :
I/PackageManager(  365): Adding preferred activity ComponentInfo{com.android.mms/com.android.mms.ui.ComposeMessageActivity} for user 0 :
I/PackageManager(  365): Adding preferred activity ComponentInfo{com.android.mms/com.android.mms.ui.ComposeMessageActivity} for user 0 :
I/PackageManager(  365): Adding preferred activity ComponentInfo{com.android.mms/com.android.mms.ui.ComposeMessageActivity} for user 0 :
I/PackageManager(  365): Adding preferred activity ComponentInfo{com.android.mms/com.android.mms.ui.ComposeMessageActivity} for user 0 :
I/PackageManager(  365): Adding preferred activity ComponentInfo{com.android.mms/com.android.mms.ui.ComposeMessageActivity} for user 0 :
I/PackageManager(  365): Adding preferred activity ComponentInfo{com.android.mms/com.android.mms.ui.ComposeMessageActivity} for user 0 :
I/ActivityManager(  365): Start proc com.android.printspooler for service com.android.printspooler/.PrintSpoolerService: pid=670 uid=10039 gids={50039}
I/ActivityManager(  365): Force stopping com.android.sdksetup appid=10042 user=0: pkg changed
I/ActivityManager(  365): Killing 645:com.android.sdksetup/u0a42 (adj 0): stop com.android.sdksetup
I/ActivityManager(  365):   Force finishing activity ActivityRecord{b33ce038 u0 com.android.sdksetup/.DefaultActivity t2}
I/ActivityManager(  365): START u0 {act=android.intent.action.MAIN cat=[android.intent.category.HOME] flg=0x10000000 cmp=com.android.launcher/com.android.launcher2.Launcher} from pid 0
I/ActivityManager(  365): Start proc com.android.launcher for activity com.android.launcher/com.android.launcher2.Launcher: pid=688 uid=10008 gids={50008}
D/MobileDataStateTracker(  365): fota: Broadcast received: android.intent.action.ANY_DATA_STATE apnType=fota
D/MobileDataStateTracker(  365): fota: Received state=DISCONNECTED, old=DISCONNECTED, reason=radioTurnedOff
D/MobileDataStateTracker(  365): ia: Broadcast received: android.intent.action.ANY_DATA_STATE apnType=ia
D/MobileDataStateTracker(  365): ia: Received state=DISCONNECTED, old=DISCONNECTED, reason=radioTurnedOff
D/MobileDataStateTracker(  365): supl: Broadcast received: android.intent.action.ANY_DATA_STATE apnType=supl
D/MobileDataStateTracker(  365): supl: Received state=DISCONNECTED, old=DISCONNECTED, reason=radioTurnedOff
D/MobileDataStateTracker(  365): hipri: Broadcast received: android.intent.action.ANY_DATA_STATE apnType=hipri
D/MobileDataStateTracker(  365): hipri: Received state=DISCONNECTED, old=DISCONNECTED, reason=radioTurnedOff
D/MobileDataStateTracker(  365): ims: Broadcast received: android.intent.action.ANY_DATA_STATE apnType=ims
D/MobileDataStateTracker(  365): ims: Received state=DISCONNECTED, old=DISCONNECTED, reason=radioTurnedOff
D/MobileDataStateTracker(  365): default: Broadcast received: android.intent.action.ANY_DATA_STATE apnType=default
D/MobileDataStateTracker(  365): default: Received state=DISCONNECTED, old=DISCONNECTED, reason=radioTurnedOff
D/MobileDataStateTracker(  365): mms: Broadcast received: android.intent.action.ANY_DATA_STATE apnType=mms
D/MobileDataStateTracker(  365): mms: Received state=DISCONNECTED, old=DISCONNECTED, reason=radioTurnedOff
D/MobileDataStateTracker(  365): cbs: Broadcast received: android.intent.action.ANY_DATA_STATE apnType=cbs
D/MobileDataStateTracker(  365): cbs: Received state=DISCONNECTED, old=DISCONNECTED, reason=radioTurnedOff
D/MobileDataStateTracker(  365): fota: Broadcast received: android.intent.action.ANY_DATA_STATE apnType=fota
D/MobileDataStateTracker(  365): fota: Received state=DISCONNECTED, old=DISCONNECTED, reason=radioTurnedOff
D/MobileDataStateTracker(  365): ia: Broadcast received: android.intent.action.ANY_DATA_STATE apnType=ia
D/MobileDataStateTracker(  365): ia: Received state=DISCONNECTED, old=DISCONNECTED, reason=radioTurnedOff
D/MobileDataStateTracker(  365): supl: Broadcast received: android.intent.action.ANY_DATA_STATE apnType=supl
D/MobileDataStateTracker(  365): supl: Received state=DISCONNECTED, old=DISCONNECTED, reason=radioTurnedOff
D/MobileDataStateTracker(  365): hipri: Broadcast received: android.intent.action.ANY_DATA_STATE apnType=hipri
D/MobileDataStateTracker(  365): hipri: Received state=DISCONNECTED, old=DISCONNECTED, reason=radioTurnedOff
D/MobileDataStateTracker(  365): ims: Broadcast received: android.intent.action.ANY_DATA_STATE apnType=ims
D/MobileDataStateTracker(  365): ims: Received state=DISCONNECTED, old=DISCONNECTED, reason=radioTurnedOff
D/MobileDataStateTracker(  365): default: Broadcast received: android.intent.action.ANY_DATA_STATE apnType=default
D/MobileDataStateTracker(  365): default: Received state=DISCONNECTED, old=DISCONNECTED, reason=radioTurnedOff
D/MobileDataStateTracker(  365): mms: Broadcast received: android.intent.action.ANY_DATA_STATE apnType=mms
D/MobileDataStateTracker(  365): mms: Received state=DISCONNECTED, old=DISCONNECTED, reason=radioTurnedOff
D/MobileDataStateTracker(  365): cbs: Broadcast received: android.intent.action.ANY_DATA_STATE apnType=cbs
D/MobileDataStateTracker(  365): cbs: Received state=DISCONNECTED, old=DISCONNECTED, reason=radioTurnedOff
D/MobileDataStateTracker(  365): fota: Broadcast received: android.intent.action.ANY_DATA_STATE apnType=fota
D/MobileDataStateTracker(  365): fota: Received state=DISCONNECTED, old=DISCONNECTED, reason=dataDetached
D/MobileDataStateTracker(  365): ia: Broadcast received: android.intent.action.ANY_DATA_STATE apnType=ia
D/MobileDataStateTracker(  365): ia: Received state=DISCONNECTED, old=DISCONNECTED, reason=dataDetached
D/MobileDataStateTracker(  365): supl: Broadcast received: android.intent.action.ANY_DATA_STATE apnType=supl
D/MobileDataStateTracker(  365): supl: Received state=DISCONNECTED, old=DISCONNECTED, reason=dataDetached
D/MobileDataStateTracker(  365): hipri: Broadcast received: android.intent.action.ANY_DATA_STATE apnType=hipri
D/MobileDataStateTracker(  365): hipri: Received state=DISCONNECTED, old=DISCONNECTED, reason=dataDetached
D/MobileDataStateTracker(  365): ims: Broadcast received: android.intent.action.ANY_DATA_STATE apnType=ims
D/MobileDataStateTracker(  365): ims: Received state=DISCONNECTED, old=DISCONNECTED, reason=dataDetached
D/MobileDataStateTracker(  365): default: Broadcast received: android.intent.action.ANY_DATA_STATE apnType=default
D/MobileDataStateTracker(  365): default: Received state=DISCONNECTED, old=DISCONNECTED, reason=dataDetached
D/MobileDataStateTracker(  365): mms: Broadcast received: android.intent.action.ANY_DATA_STATE apnType=mms
D/MobileDataStateTracker(  365): mms: Received state=DISCONNECTED, old=DISCONNECTED, reason=dataDetached
D/MobileDataStateTracker(  365): cbs: Broadcast received: android.intent.action.ANY_DATA_STATE apnType=cbs
D/MobileDataStateTracker(  365): cbs: Received state=DISCONNECTED, old=DISCONNECTED, reason=dataDetached
D/MobileDataStateTracker(  365): fota: Broadcast received: android.intent.action.ANY_DATA_STATE apnType=fota
D/MobileDataStateTracker(  365): fota: Received state=DISCONNECTED, old=DISCONNECTED, reason=roamingOff
D/MobileDataStateTracker(  365): ia: Broadcast received: android.intent.action.ANY_DATA_STATE apnType=ia
D/MobileDataStateTracker(  365): ia: Received state=DISCONNECTED, old=DISCONNECTED, reason=roamingOff
D/MobileDataStateTracker(  365): supl: Broadcast received: android.intent.action.ANY_DATA_STATE apnType=supl
D/MobileDataStateTracker(  365): supl: Received state=DISCONNECTED, old=DISCONNECTED, reason=roamingOff
D/MobileDataStateTracker(  365): hipri: Broadcast received: android.intent.action.ANY_DATA_STATE apnType=hipri
D/MobileDataStateTracker(  365): hipri: Received state=DISCONNECTED, old=DISCONNECTED, reason=roamingOff
D/MobileDataStateTracker(  365): ims: Broadcast received: android.intent.action.ANY_DATA_STATE apnType=ims
D/MobileDataStateTracker(  365): ims: Received state=DISCONNECTED, old=DISCONNECTED, reason=roamingOff
D/MobileDataStateTracker(  365): default: Broadcast received: android.intent.action.ANY_DATA_STATE apnType=default
D/MobileDataStateTracker(  365): default: Received state=DISCONNECTED, old=DISCONNECTED, reason=roamingOff
D/MobileDataStateTracker(  365): mms: Broadcast received: android.intent.action.ANY_DATA_STATE apnType=mms
D/MobileDataStateTracker(  365): mms: Received state=DISCONNECTED, old=DISCONNECTED, reason=roamingOff
D/MobileDataStateTracker(  365): cbs: Broadcast received: android.intent.action.ANY_DATA_STATE apnType=cbs
D/MobileDataStateTracker(  365): cbs: Received state=DISCONNECTED, old=DISCONNECTED, reason=roamingOff
D/MobileDataStateTracker(  365): fota: Broadcast received: android.intent.action.ANY_DATA_STATE apnType=fota
D/MobileDataStateTracker(  365): fota: Received state=DISCONNECTED, old=DISCONNECTED, reason=roamingOff
D/MobileDataStateTracker(  365): ia: Broadcast received: android.intent.action.ANY_DATA_STATE apnType=ia
D/MobileDataStateTracker(  365): ia: Received state=DISCONNECTED, old=DISCONNECTED, reason=roamingOff
D/MobileDataStateTracker(  365): supl: Broadcast received: android.intent.action.ANY_DATA_STATE apnType=supl
D/MobileDataStateTracker(  365): supl: Received state=DISCONNECTED, old=DISCONNECTED, reason=roamingOff
D/MobileDataStateTracker(  365): hipri: Broadcast received: android.intent.action.ANY_DATA_STATE apnType=hipri
D/MobileDataStateTracker(  365): hipri: Received state=DISCONNECTED, old=DISCONNECTED, reason=roamingOff
D/MobileDataStateTracker(  365): ims: Broadcast received: android.intent.action.ANY_DATA_STATE apnType=ims
D/MobileDataStateTracker(  365): ims: Received state=DISCONNECTED, old=DISCONNECTED, reason=roamingOff
D/MobileDataStateTracker(  365): default: Broadcast received: android.intent.action.ANY_DATA_STATE apnType=default
D/MobileDataStateTracker(  365): default: Received state=DISCONNECTED, old=DISCONNECTED, reason=roamingOff
D/MobileDataStateTracker(  365): mms: Broadcast received: android.intent.action.ANY_DATA_STATE apnType=mms
D/MobileDataStateTracker(  365): mms: Received state=DISCONNECTED, old=DISCONNECTED, reason=roamingOff
D/MobileDataStateTracker(  365): cbs: Broadcast received: android.intent.action.ANY_DATA_STATE apnType=cbs
D/MobileDataStateTracker(  365): cbs: Received state=DISCONNECTED, old=DISCONNECTED, reason=roamingOff
D/MccTable(  599): updateMccMncConfiguration: mcc=310, mnc=260
D/MccTable(  599): timezone set to America/New_York
D/MccTable(  599): getLocaleFromMcc to en_us mcc=310
D/MccTable(  599): getLocaleForLanguageCountry: got match
D/MccTable(  599): getLocaleForLanguageCountry: X locale=en_US
D/MccTable(  599): WIFI_COUNTRY_CODE set to us
I/WifiService(  365): WifiService trying to set country code to us with persist set to true
D/MobileDataStateTracker(  365): fota: Broadcast received: android.intent.action.ANY_DATA_STATE apnType=fota
D/MobileDataStateTracker(  365): fota: Received state=DISCONNECTED, old=DISCONNECTED, reason=dataAttached
D/MobileDataStateTracker(  365): ia: Broadcast received: android.intent.action.ANY_DATA_STATE apnType=ia
D/MobileDataStateTracker(  365): ia: Received state=DISCONNECTED, old=DISCONNECTED, reason=dataAttached
D/MobileDataStateTracker(  365): supl: Broadcast received: android.intent.action.ANY_DATA_STATE apnType=supl
D/MobileDataStateTracker(  365): supl: Received state=DISCONNECTED, old=DISCONNECTED, reason=dataAttached
D/MobileDataStateTracker(  365): hipri: Broadcast received: android.intent.action.ANY_DATA_STATE apnType=hipri
D/MobileDataStateTracker(  365): hipri: Received state=DISCONNECTED, old=DISCONNECTED, reason=dataAttached
D/MobileDataStateTracker(  365): ims: Broadcast received: android.intent.action.ANY_DATA_STATE apnType=ims
D/MobileDataStateTracker(  365): ims: Received state=DISCONNECTED, old=DISCONNECTED, reason=dataAttached
D/MobileDataStateTracker(  365): mms: Broadcast received: android.intent.action.ANY_DATA_STATE apnType=mms
D/MobileDataStateTracker(  365): mms: Received state=DISCONNECTED, old=DISCONNECTED, reason=dataAttached
D/MobileDataStateTracker(  365): cbs: Broadcast received: android.intent.action.ANY_DATA_STATE apnType=cbs
D/MobileDataStateTracker(  365): cbs: Received state=DISCONNECTED, old=DISCONNECTED, reason=dataAttached
D/MobileDataStateTracker(  365): fota: Broadcast received: android.intent.action.ANY_DATA_STATE apnType=fota
D/MobileDataStateTracker(  365): fota: Received state=DISCONNECTED, old=DISCONNECTED, reason=dataAttached
D/MobileDataStateTracker(  365): ia: Broadcast received: android.intent.action.ANY_DATA_STATE apnType=ia
D/MobileDataStateTracker(  365): ia: Received state=DISCONNECTED, old=DISCONNECTED, reason=dataAttached
D/MobileDataStateTracker(  365): supl: Broadcast received: android.intent.action.ANY_DATA_STATE apnType=supl
D/MobileDataStateTracker(  365): supl: Received state=DISCONNECTED, old=DISCONNECTED, reason=dataAttached
D/MobileDataStateTracker(  365): hipri: Broadcast received: android.intent.action.ANY_DATA_STATE apnType=hipri
D/MobileDataStateTracker(  365): hipri: Received state=DISCONNECTED, old=DISCONNECTED, reason=dataAttached
D/MobileDataStateTracker(  365): ims: Broadcast received: android.intent.action.ANY_DATA_STATE apnType=ims
D/MobileDataStateTracker(  365): ims: Received state=DISCONNECTED, old=DISCONNECTED, reason=dataAttached
D/MobileDataStateTracker(  365): mms: Broadcast received: android.intent.action.ANY_DATA_STATE apnType=mms
D/MobileDataStateTracker(  365): mms: Received state=DISCONNECTED, old=DISCONNECTED, reason=dataAttached
D/MobileDataStateTracker(  365): cbs: Broadcast received: android.intent.action.ANY_DATA_STATE apnType=cbs
D/MobileDataStateTracker(  365): cbs: Received state=DISCONNECTED, old=DISCONNECTED, reason=dataAttached
D/MccTable(  599): updateMccMncConfiguration: mcc=310, mnc=260
D/MccTable(  599): getLocaleFromMcc to en_us mcc=310
D/MccTable(  599): getLocaleForLanguageCountry: got match
D/MccTable(  599): getLocaleForLanguageCountry: X locale=en_US
D/MccTable(  599): updateMccMncConfiguration updateConfig config={1.0 310mcc260mnc en_US ldltr ?swdp ?wdp ?hdp ?density ?lsize ?long ?orien ?uimode ?night ?touch ?keyb/?/? ?nav/?}
I/ActivityManager(  365): Config changes=3 {1.0 310mcc260mnc en_US ldltr sw480dp w480dp h839dp 160dpi lrg long port finger -keyb/v/h tball/v s.6}
D/MccTable(  599): updateMccMncConfiguration: mcc=310, mnc=260
D/MccTable(  599): getLocaleFromMcc to en_us mcc=310
D/MccTable(  599): getLocaleForLanguageCountry: skipping already persisted
D/MccTable(  599): getLocaleForLanguageCountry: X locale=null
D/MccTable(  599): updateMccMncConfiguration updateConfig config={1.0 310mcc260mnc ?locale ?layoutDir ?swdp ?wdp ?hdp ?density ?lsize ?long ?orien ?uimode ?night ?touch ?keyb/?/? ?nav/?}
D/MobileDataStateTracker(  365): fota: Broadcast received: android.intent.action.ANY_DATA_STATE apnType=fota
D/MobileDataStateTracker(  365): fota: Received state=DISCONNECTED, old=DISCONNECTED, reason=simLoaded
D/MobileDataStateTracker(  365): ia: Broadcast received: android.intent.action.ANY_DATA_STATE apnType=ia
D/MobileDataStateTracker(  365): ia: Received state=DISCONNECTED, old=DISCONNECTED, reason=simLoaded
D/MobileDataStateTracker(  365): supl: Broadcast received: android.intent.action.ANY_DATA_STATE apnType=supl
D/MobileDataStateTracker(  365): supl: Received state=DISCONNECTED, old=DISCONNECTED, reason=simLoaded
D/MobileDataStateTracker(  365): hipri: Broadcast received: android.intent.action.ANY_DATA_STATE apnType=hipri
D/MobileDataStateTracker(  365): hipri: Received state=DISCONNECTED, old=DISCONNECTED, reason=simLoaded
D/MobileDataStateTracker(  365): ims: Broadcast received: android.intent.action.ANY_DATA_STATE apnType=ims
D/MobileDataStateTracker(  365): ims: Received state=DISCONNECTED, old=DISCONNECTED, reason=simLoaded
D/MobileDataStateTracker(  365): mms: Broadcast received: android.intent.action.ANY_DATA_STATE apnType=mms
D/MobileDataStateTracker(  365): mms: Received state=DISCONNECTED, old=DISCONNECTED, reason=simLoaded
D/MobileDataStateTracker(  365): cbs: Broadcast received: android.intent.action.ANY_DATA_STATE apnType=cbs
D/MobileDataStateTracker(  365): cbs: Received state=DISCONNECTED, old=DISCONNECTED, reason=simLoaded
D/MobileDataStateTracker(  365): default: Broadcast received: android.intent.action.ANY_DATA_STATE apnType=default
D/MobileDataStateTracker(  365): default: Received state=CONNECTING, old=DISCONNECTED, reason=simLoaded
D/MobileDataStateTracker(  365): default: setDetailed state, old =IDLE and new state=CONNECTING
D/MobileDataStateTracker(  365): fota: Broadcast received: android.intent.action.ANY_DATA_STATE apnType=fota
D/MobileDataStateTracker(  365): fota: Received state=DISCONNECTED, old=DISCONNECTED, reason=simLoaded
D/MobileDataStateTracker(  365): ia: Broadcast received: android.intent.action.ANY_DATA_STATE apnType=ia
D/MobileDataStateTracker(  365): ia: Received state=DISCONNECTED, old=DISCONNECTED, reason=simLoaded
D/MobileDataStateTracker(  365): supl: Broadcast received: android.intent.action.ANY_DATA_STATE apnType=supl
D/MobileDataStateTracker(  365): supl: Received state=DISCONNECTED, old=DISCONNECTED, reason=simLoaded
D/MobileDataStateTracker(  365): hipri: Broadcast received: android.intent.action.ANY_DATA_STATE apnType=hipri
D/MobileDataStateTracker(  365): hipri: Received state=DISCONNECTED, old=DISCONNECTED, reason=simLoaded
D/MobileDataStateTracker(  365): ims: Broadcast received: android.intent.action.ANY_DATA_STATE apnType=ims
D/MobileDataStateTracker(  365): ims: Received state=DISCONNECTED, old=DISCONNECTED, reason=simLoaded
D/MobileDataStateTracker(  365): mms: Broadcast received: android.intent.action.ANY_DATA_STATE apnType=mms
D/MobileDataStateTracker(  365): mms: Received state=DISCONNECTED, old=DISCONNECTED, reason=simLoaded
D/MobileDataStateTracker(  365): cbs: Broadcast received: android.intent.action.ANY_DATA_STATE apnType=cbs
D/MobileDataStateTracker(  365): cbs: Received state=DISCONNECTED, old=DISCONNECTED, reason=simLoaded
D/MobileDataStateTracker(  365): default: Broadcast received: android.intent.action.ANY_DATA_STATE apnType=default
D/MobileDataStateTracker(  365): default: Received state=CONNECTED, old=CONNECTING, reason=connected
D/MobileDataStateTracker(  365): default: setDetailed state, old =CONNECTING and new state=CONNECTED
D/ConnectivityService(  365): ConnectivityChange for mobile: CONNECTED/CONNECTED
D/ConnectivityService(  365): ConnectivityChange checkMobileProvisioning for TYPE_MOBILE or ProvisioningNetwork
D/ConnectivityService(  365): checkMobileProvisioning: E suggestedTimeOutMs=60000
D/ConnectivityService(  365): setProvNotificationVisible: E visible=false networkType=5 extraInfo=null url=null
D/ConnectivityService(  365): checkMobileProvisioning: params={ url=http://clients3.google.com/generate_204 mTimeOutMs=60000 mCb=com.android.server.ConnectivityService$5@b308bbd8}
D/ConnectivityService(  365): checkMobileProvisioning: X
D/Nat464Xlat(  365): requiresClat: netType=0, hasIPv4Address=true
I/NetworkPolicy(  365): no policy for active mobile network; generating default policy
D/MobileDataStateTracker(  365): default: setPolicyDataEnable(enabled=true)
D/MobileDataStateTracker(  365): default: isProvisioningNetwork: retVal=false
D/ConnectivityService(  365): [CheckMp] isMobileOk: isDefaultProvisioning=false
D/MobileDataStateTracker(  365): hipri: isProvisioningNetwork: retVal=false
D/ConnectivityService(  365): [CheckMp] isMobileOk: isHipriProvisioning=false
D/ConnectivityService(  365): [CheckMp] isMobileOk: start hipri url=http://clients3.google.com/generate_204
W/ProcessCpuTracker(  365): Skipping unknown process pid 753
E/NetdConnector(  365): NDC Command {12 bandwidth setiquota eth0 9223372036854775807} took too long (1858ms)
D/MobileDataStateTracker(  365): default: setPolicyDataEnable(enabled=true)
W/ActivityManager(  365): Launch timeout has expired, giving up wake lock!
W/WindowManager(  365): App freeze timeout expired.
W/WindowManager(  365): Force clearing freeze: AppWindowToken{b3750978 token=Token{b3064660 ActivityRecord{b2f83e88 u0 com.android.launcher/com.android.launcher2.Launcher t3}}}
I/WindowManager(  365): Screen frozen for +5s44ms due to AppWindowToken{b3750978 token=Token{b3064660 ActivityRecord{b2f83e88 u0 com.android.launcher/com.android.launcher2.Launcher t3}}}
E/NetdConnector(  365): NDC Command {13 bandwidth removeiquota eth0} took too long (695ms)
I/PackageManager(  365): Adding preferred activity ComponentInfo{com.android.mms/com.android.mms.ui.ComposeMessageActivity} for user 0 :
I/PackageManager(  365): Adding preferred activity ComponentInfo{com.android.mms/com.android.mms.ui.ComposeMessageActivity} for user 0 :
E/NetdConnector(  365): NDC Command {14 bandwidth setiquota eth0 9223372036854775807} took too long (1380ms)
D/MobileDataStateTracker(  365): default: setPolicyDataEnable(enabled=true)
I/PackageManager(  365): Adding preferred activity ComponentInfo{com.android.mms/com.android.mms.ui.ComposeMessageActivity} for user 0 :
I/PackageManager(  365): Adding preferred activity ComponentInfo{com.android.mms/com.android.mms.ui.ComposeMessageActivity} for user 0 :
I/PackageManager(  365): Adding preferred activity ComponentInfo{com.android.mms/com.android.mms.ui.ComposeMessageActivity} for user 0 :
I/PackageManager(  365): Adding preferred activity ComponentInfo{com.android.mms/com.android.mms.ui.ComposeMessageActivity} for user 0 :
I/PackageManager(  365): Adding preferred activity ComponentInfo{com.android.mms/com.android.mms.ui.ComposeMessageActivity} for user 0 :
I/PackageManager(  365): Adding preferred activity ComponentInfo{com.android.mms/com.android.mms.ui.ComposeMessageActivity} for user 0 :
D/ConnectivityService(  365): startUsingNetworkFeature reconnecting to 0: enableHIPRI
D/ConnectivityService(  365): startUsingNetworkFeature X: return APN_REQUEST_STARTED
E/ConnectivityService(  365): startUsingNetworkFeature took too long: 5657ms
D/ConnectivityService(  365): [CheckMp] isMobileOk: hipri started
D/ConnectivityService(  365): [CheckMp] isMobileOk: not connected ni=NetworkInfo: type: mobile_hipri[UMTS], state: DISCONNECTED/IDLE, reason: (unspecified), extra: (none), roaming: false, failover: false, isAvailable: true, isConnectedToProvisioningNetwork: false
D/MobileDataStateTracker(  365): hipri: Broadcast received: android.intent.action.ANY_DATA_STATE apnType=hipri
D/MobileDataStateTracker(  365): hipri: Received state=CONNECTING, old=DISCONNECTED, reason=dataEnabled
D/MobileDataStateTracker(  365): hipri: setDetailed state, old =IDLE and new state=CONNECTING
D/MobileDataStateTracker(  365): fota: Broadcast received: android.intent.action.ANY_DATA_STATE apnType=fota
D/MobileDataStateTracker(  365): fota: Received state=DISCONNECTED, old=DISCONNECTED, reason=dataEnabled
D/MobileDataStateTracker(  365): ia: Broadcast received: android.intent.action.ANY_DATA_STATE apnType=ia
D/MobileDataStateTracker(  365): ia: Received state=DISCONNECTED, old=DISCONNECTED, reason=dataEnabled
D/MobileDataStateTracker(  365): supl: Broadcast received: android.intent.action.ANY_DATA_STATE apnType=supl
D/MobileDataStateTracker(  365): supl: Received state=DISCONNECTED, old=DISCONNECTED, reason=dataEnabled
D/MobileDataStateTracker(  365): ims: Broadcast received: android.intent.action.ANY_DATA_STATE apnType=ims
D/MobileDataStateTracker(  365): ims: Received state=DISCONNECTED, old=DISCONNECTED, reason=dataEnabled
D/MobileDataStateTracker(  365): mms: Broadcast received: android.intent.action.ANY_DATA_STATE apnType=mms
D/MobileDataStateTracker(  365): mms: Received state=DISCONNECTED, old=DISCONNECTED, reason=dataEnabled
D/MobileDataStateTracker(  365): cbs: Broadcast received: android.intent.action.ANY_DATA_STATE apnType=cbs
D/MobileDataStateTracker(  365): cbs: Received state=DISCONNECTED, old=DISCONNECTED, reason=dataEnabled
D/MobileDataStateTracker(  365): hipri: Broadcast received: android.intent.action.ANY_DATA_STATE apnType=hipri
D/MobileDataStateTracker(  365): hipri: Received state=CONNECTED, old=CONNECTING, reason=dataEnabled
D/MobileDataStateTracker(  365): hipri: setDetailed state, old =CONNECTING and new state=CONNECTED
D/ConnectivityService(  365): ConnectivityChange for mobile_hipri: CONNECTED/CONNECTED
E/ConnectivityService(  365): Exception trying to add a route: java.lang.IllegalStateException: command '21 interface fwmark exempt add 10.0.2.2/32' failed with '400 21 Failed to add exemption rule (File exists)'
D/MobileDataStateTracker(  365): hipri: isProvisioningNetwork: retVal=false
D/ConnectivityService(  365): [CheckMp] isMobileOk: isProvisioningNetwork is false, continue
E/ConnectivityService(  365): Exception trying to add a route: java.lang.IllegalStateException: command '23 interface fwmark exempt add 10.0.2.3/32' failed with '400 23 Failed to add exemption rule (File exists)'
D/ConnectivityService(  365): [CheckMp] isMobileOk: addresses=clients3.google.com/216.58.206.110
D/ConnectivityService(  365): [CheckMp] isMobileOk: linkHasIpv4=true linkHasIpv6=false
E/ConnectivityService(  365): Exception trying to add a route: java.lang.IllegalStateException: command '25 interface fwmark exempt add 10.0.2.2/32' failed with '400 25 Failed to add exemption rule (File exists)'
E/ConnectivityService(  365): Exception trying to add a route: java.lang.IllegalStateException: command '27 interface fwmark exempt add 10.0.2.4/32' failed with '400 27 Failed to add exemption rule (File exists)'
W/FrameworkListener(   55): Handler 'interface' error (No such device)
E/ConnectivityService(  365): Exception trying to add a route: java.lang.IllegalStateException: command '28 interface route add eth0 secondary 10.0.2.2 32 0.0.0.0' failed with '400 28 ip route modification failed (No such device)'
W/FrameworkListener(   55): Handler 'interface' error (No such device)
E/ConnectivityService(  365): Exception trying to add a route: java.lang.IllegalStateException: command '30 interface route add eth0 secondary 0.0.0.0 0 10.0.2.2' failed with '400 30 ip route modification failed (No such device)'
E/NetdConnector(  365): NDC Command {29 interface route add eth0 default 10.0.2.2 32 0.0.0.0} took too long (650ms)
D/Nat464Xlat(  365): requiresClat: netType=5, hasIPv4Address=true
D/MobileDataStateTracker(  365): default: setPolicyDataEnable(enabled=true)
W/NetworkPolicy(  365): shared quota unsupported; generating rule for each iface
