D/dalvikvm(  351): GC_CONCURRENT freed 258K, 67% free 4427K/13080K, paused 6ms+4ms, total 71ms
D/dalvikvm(  351): GC_CONCURRENT freed 142K, 64% free 4735K/13080K, paused 10ms+4ms, total 92ms
D/dalvikvm(  351): WAIT_FOR_CONCURRENT_GC blocked 21ms
D/dalvikvm(  351): GC_CONCURRENT freed 307K, 63% free 4866K/13080K, paused 5ms+4ms, total 86ms
I/PackageManager(  351): /system/app/LegacyCamera.apk changed; collecting certs
D/dalvikvm(  351): GC_CONCURRENT freed 380K, 62% free 4990K/13080K, paused 5ms+19ms, total 94ms
D/dalvikvm(  351): GC_CONCURRENT freed 1314K, 68% free 4187K/13080K, paused 4ms+2ms, total 44ms
D/dalvikvm(  351): WAIT_FOR_CONCURRENT_GC blocked 31ms
D/dalvikvm(  351): GC_CONCURRENT freed 481K, 68% free 4217K/13080K, paused 5ms+3ms, total 47ms
D/dalvikvm(  351): WAIT_FOR_CONCURRENT_GC blocked 16ms
D/dalvikvm(  351): GC_CONCURRENT freed 134K, 66% free 4540K/13080K, paused 5ms+15ms, total 93ms
D/dalvikvm(  351): GC_CONCURRENT freed 289K, 64% free 4718K/13080K, paused 6ms+5ms, total 105ms
I/PackageManager(  351): /system/app/LiveWallpapersPicker.apk changed; collecting certs
I/PackageManager(  351): /system/app/Music.apk changed; collecting certs
D/dalvikvm(  351): GC_CONCURRENT freed 411K, 64% free 4772K/13080K, paused 4ms+19ms, total 93ms
D/dalvikvm(  351): GC_CONCURRENT freed 1111K, 68% free 4196K/13080K, paused 5ms+5ms, total 107ms
I/PackageManager(  351): /system/app/NetSpeed.apk changed; collecting certs
I/PackageManager(  351): /system/app/OpenWnn.apk changed; collecting certs
D/dalvikvm(  351): GC_CONCURRENT freed 377K, 68% free 4300K/13080K, paused 14ms+17ms, total 93ms
D/dalvikvm(  351): GC_CONCURRENT freed 566K, 68% free 4206K/13080K, paused 5ms+2ms, total 41ms
D/dalvikvm(  351): WAIT_FOR_CONCURRENT_GC blocked 26ms
D/dalvikvm(  351): GC_CONCURRENT freed 263K, 67% free 4402K/13080K, paused 14ms+15ms, total 90ms
D/dalvikvm(  351): GC_CONCURRENT freed 262K, 65% free 4607K/13080K, paused 5ms+5ms, total 102ms
I/PackageManager(  351): /system/app/PacProcessor.apk changed; collecting certs
I/PackageManager(  351): /system/app/PackageInstaller.apk changed; collecting certs
I/PackageManager(  351): /system/app/PicoTts.apk changed; collecting certs
D/dalvikvm(  351): GC_CONCURRENT freed 432K, 65% free 4640K/13080K, paused 5ms+13ms, total 80ms
I/PackageManager(  351): /system/app/PinyinIME.apk changed; collecting certs
D/dalvikvm(  351): GC_CONCURRENT freed 934K, 68% free 4193K/13080K, paused 5ms+5ms, total 105ms
I/PackageManager(  351): /system/app/PrintSpooler.apk changed; collecting certs
I/PackageManager(  351): /system/app/Protips.apk changed; collecting certs
I/PackageManager(  351): /system/app/QuickSearchBox.apk changed; collecting certs
D/dalvikvm(  351): GC_CONCURRENT freed 423K, 68% free 4253K/13080K, paused 5ms+5ms, total 103ms
D/dalvikvm(  351): GC_CONCURRENT freed 488K, 68% free 4237K/13080K, paused 13ms+5ms, total 100ms
I/PackageManager(  351): /system/app/SdkSetup.apk changed; collecting certs
I/PackageManager(  351): /system/app/SoundRecorder.apk changed; collecting certs
D/dalvikvm(  351): GC_CONCURRENT freed 371K, 68% free 4308K/13080K, paused 6ms+32ms, total 151ms
I/PackageManager(  351): /system/app/SpeechRecorder.apk changed; collecting certs
I/PackageManager(  351): /system/app/TelephonyProvider.apk changed; collecting certs
I/PackageManager(  351): /system/app/UserDictionaryProvider.apk changed; collecting certs
D/dalvikvm(  351): GC_CONCURRENT freed 629K, 69% free 4136K/13080K, paused 6ms+5ms, total 84ms
D/PackageManager(  351): No files in app dir /vendor/app
W/PackageParser(  351): No actions in intent filter at /data/app/ApiDemos.apk Binary XML file line #2899
W/PackageParser(  351): No actions in intent filter at /data/app/ApiDemos.apk Binary XML file line #2905
I/PackageManager(  351): /data/app/ApiDemos.apk changed; collecting certs
D/dalvikvm(  351): GC_CONCURRENT freed 302K, 67% free 4350K/13080K, paused 6ms+6ms, total 105ms
D/dalvikvm(  351): GC_CONCURRENT freed 330K, 66% free 4516K/13080K, paused 9ms+3ms, total 44ms
D/dalvikvm(  351): WAIT_FOR_CONCURRENT_GC blocked 35ms
D/dalvikvm(  351): GC_CONCURRENT freed 257K, 64% free 4715K/13080K, paused 5ms+14ms, total 92ms
D/dalvikvm(  351): GC_CONCURRENT freed 299K, 63% free 4882K/13080K, paused 13ms+4ms, total 104ms
D/dalvikvm(  351): GC_CONCURRENT freed 570K, 63% free 4856K/13080K, paused 5ms+3ms, total 76ms
D/dalvikvm(  351): WAIT_FOR_CONCURRENT_GC blocked 35ms
D/dalvikvm(  351): GC_CONCURRENT freed 538K, 63% free 4857K/13080K, paused 5ms+4ms, total 72ms
D/dalvikvm(  351): WAIT_FOR_CONCURRENT_GC blocked 30ms
D/dalvikvm(  351): GC_CONCURRENT freed 533K, 63% free 4861K/13080K, paused 13ms+3ms, total 97ms
D/dalvikvm(  351): WAIT_FOR_CONCURRENT_GC blocked 13ms
D/dalvikvm(  351): GC_CONCURRENT freed 532K, 63% free 4869K/13080K, paused 5ms+4ms, total 77ms
D/dalvikvm(  351): WAIT_FOR_CONCURRENT_GC blocked 34ms
D/dalvikvm(  351): GC_CONCURRENT freed 539K, 63% free 4872K/13080K, paused 6ms+4ms, total 122ms
D/dalvikvm(  351): WAIT_FOR_CONCURRENT_GC blocked 44ms
D/dalvikvm(  351): GC_CONCURRENT freed 561K, 63% free 4854K/13080K, paused 5ms+4ms, total 76ms
D/dalvikvm(  351): WAIT_FOR_CONCURRENT_GC blocked 32ms
D/dalvikvm(  351): GC_CONCURRENT freed 528K, 63% free 4856K/13080K, paused 5ms+4ms, total 76ms
D/dalvikvm(  351): WAIT_FOR_CONCURRENT_GC blocked 32ms
D/dalvikvm(  351): GC_CONCURRENT freed 530K, 63% free 4861K/13080K, paused 5ms+3ms, total 76ms
D/dalvikvm(  351): WAIT_FOR_CONCURRENT_GC blocked 31ms
D/dalvikvm(  351): GC_CONCURRENT freed 545K, 63% free 4856K/13080K, paused 5ms+3ms, total 76ms
D/dalvikvm(  351): WAIT_FOR_CONCURRENT_GC blocked 34ms
D/dalvikvm(  351): GC_CONCURRENT freed 531K, 63% free 4864K/13080K, paused 6ms+3ms, total 76ms
D/dalvikvm(  351): WAIT_FOR_CONCURRENT_GC blocked 28ms
W/PackageManager(  351): Package com.example.android.apis desires unavailable shared library com.example.will.never.exist; ignoring!
I/PackageManager(  351): /data/app/CubeLiveWallpapers.apk changed; collecting certs
I/PackageManager(  351): /data/app/GestureBuilder.apk changed; collecting certs
D/dalvikvm(  351): GC_CONCURRENT freed 369K, 62% free 4994K/13080K, paused 15ms+13ms, total 93ms
I/PackageManager(  351): /data/app/SmokeTest.apk changed; collecting certs
I/PackageManager(  351): /data/app/SmokeTestApp.apk changed; collecting certs
D/dalvikvm(  351): GC_CONCURRENT freed 1166K, 67% free 4393K/13080K, paused 5ms+4ms, total 81ms
D/dalvikvm(  351): WAIT_FOR_CONCURRENT_GC blocked 16ms
I/PackageManager(  351): /data/app/SoftKeyboard.apk changed; collecting certs
D/dalvikvm(  351): GC_CONCURRENT freed 539K, 67% free 4363K/13080K, paused 5ms+3ms, total 70ms
D/dalvikvm(  351): WAIT_FOR_CONCURRENT_GC blocked 24ms
I/PackageManager(  351): /data/app/WidgetPreview.apk changed; collecting certs
W/PackageManager(  351): Package com.example.android.apis desires unavailable shared library com.example.will.never.exist; ignoring!
W/PackageManager(  351): Package com.android.camera desires unavailable shared library com.google.android.media.effects; ignoring!
I/PackageManager(  351): Time to scan packages: 32.932 seconds
W/PackageManager(  351): Not granting permission android.permission.GLOBAL_SEARCH to package com.android.quicksearchbox (protectionLevel=18 flags=0x8be45)
W/PackageManager(  351): Unknown permission com.android.smspush.WAPPUSH_MANAGER_BIND in package com.android.phone
W/PackageManager(  351): Unknown permission com.google.android.googleapps.permission.GOOGLE_AUTH in package com.android.providers.calendar
W/PackageManager(  351): Unknown permission com.google.android.googleapps.permission.GOOGLE_AUTH.cl in package com.android.providers.calendar
W/PackageManager(  351): Unknown permission com.google.android.googleapps.permission.GOOGLE_AUTH.mail in package com.android.calendar
W/PackageManager(  351): Not granting permission android.permission.ACCESS_DOWNLOAD_MANAGER to package com.android.browser (protectionLevel=18 flags=0x9be45)
W/PackageManager(  351): Not granting permission android.permission.SEND_DOWNLOAD_COMPLETED_INTENTS to package com.android.browser (protectionLevel=2 flags=0x9be45)
W/PackageManager(  351): Not granting permission android.permission.BIND_APPWIDGET to package com.android.widgetpreview (protectionLevel=18 flags=0x8be44)
W/PackageManager(  351): Unknown permission android.permission.INSTALL_DRM in package com.android.mms
W/PackageManager(  351): Unknown permission com.google.android.googleapps.permission.GOOGLE_AUTH in package com.android.settings
W/PackageManager(  351): Unknown permission com.google.android.googleapps.permission.ACCESS_GOOGLE_PASSWORD in package com.android.development
W/PackageManager(  351): Unknown permission com.google.android.googleapps.permission.GOOGLE_AUTH in package com.android.development
W/PackageManager(  351): Unknown permission com.google.android.googleapps.permission.GOOGLE_AUTH.ALL_SERVICES in package com.android.development
W/PackageManager(  351): Unknown permission com.google.android.googleapps.permission.GOOGLE_AUTH.YouTubeUser in package com.android.development
W/PackageManager(  351): Not granting permission android.permission.DELETE_PACKAGES to package com.svox.pico (protectionLevel=18 flags=0x8be45)
W/PackageManager(  351): Not granting permission android.permission.DEVICE_POWER to package com.android.deskclock (protectionLevel=2 flags=0x48be45)
D/dalvikvm(  351): GC_CONCURRENT freed 396K, 67% free 4371K/13080K, paused 5ms+5ms, total 104ms
D/dalvikvm(  351): GC_EXPLICIT freed 286K, 68% free 4284K/13080K, paused 4ms+4ms, total 55ms
I/SystemServer(  351): Entropy Mixer
W/EntropyMixer(  351): No existing entropy file -- first boot?
I/EntropyMixer(  351): Writing entropy...
I/SystemServer(  351): User Service
I/SystemServer(  351): Account Manager
I/SystemServer(  351): Content Manager
I/SystemServer(  351): System Content Providers
D/SettingsProvider(  351): User 0 external modification to /data/data/com.android.providers.settings/databases/settings.db; event=2
D/SettingsProvider(  351): User 0 updating our caches for /data/data/com.android.providers.settings/databases/settings.db
I/SyncManager(  351): No initial accounts
I/SyncManager(  351): No initial status
W/SyncManagerFile(  351): Error reading pending data.
W/SyncManagerFile(  351): java.io.FileNotFoundException: /data/system/sync/pending.xml: open failed: ENOENT (No such file or directory)
W/SyncManagerFile(  351): 	at libcore.io.IoBridge.open(IoBridge.java:409)
W/SyncManagerFile(  351): 	at java.io.FileInputStream.<init>(FileInputStream.java:78)
W/SyncManagerFile(  351): 	at android.util.AtomicFile.openRead(AtomicFile.java:199)
W/SyncManagerFile(  351): 	at com.android.server.content.SyncStorageEngine.readPendingOperationsLocked(SyncStorageEngine.java:2286)
W/SyncManagerFile(  351): 	at com.android.server.content.SyncStorageEngine.<init>(SyncStorageEngine.java:434)
W/SyncManagerFile(  351): 	at com.android.server.content.SyncStorageEngine.init(SyncStorageEngine.java:454)
W/SyncManagerFile(  351): 	at com.android.server.content.SyncManager.<init>(SyncManager.java:383)
W/SyncManagerFile(  351): 	at com.android.server.content.ContentService.getSyncManager(ContentService.java:75)
W/SyncManagerFile(  351): 	at com.android.server.content.ContentService.notifyChange(ContentService.java:283)
W/SyncManagerFile(  351): 	at android.content.ContentResolver.notifyChange(ContentResolver.java:1621)
W/SyncManagerFile(  351): 	at com.android.providers.settings.SettingsProvider.sendNotify(SettingsProvider.java:262)
W/SyncManagerFile(  351): 	at com.android.providers.settings.SettingsProvider.insertForUser(SettingsProvider.java:941)
W/SyncManagerFile(  351): 	at com.android.providers.settings.SettingsProvider.ensureAndroidIdIsSet(SettingsProvider.java:496)
W/SyncManagerFile(  351): 	at com.android.providers.settings.SettingsProvider.establishDbTracking(SettingsProvider.java:409)
W/SyncManagerFile(  351): 	at com.android.providers.settings.SettingsProvider.onCreate(SettingsProvider.java:335)
W/SyncManagerFile(  351): 	at android.content.ContentProvider.attachInfo(ContentProvider.java:1591)
W/SyncManagerFile(  351): 	at android.content.ContentProvider.attachInfo(ContentProvider.java:1562)
W/SyncManagerFile(  351): 	at android.app.ActivityThread.installProvider(ActivityThread.java:4774)
W/SyncManagerFile(  351): 	at android.app.ActivityThread.installContentProviders(ActivityThread.java:4369)
W/SyncManagerFile(  351): 	at android.app.ActivityThread.installSystemProviders(ActivityThread.java:4929)
W/SyncManagerFile(  351): 	at com.android.server.am.ActivityManagerService.installSystemProviders(ActivityManagerService.java:8081)
W/SyncManagerFile(  351): 	at com.android.server.ServerThread.initAndLoop(SystemServer.java:275)
W/SyncManagerFile(  351): 	at com.android.server.SystemServer.main(SystemServer.java:1179)
W/SyncManagerFile(  351): 	at java.lang.reflect.Method.invokeNative(Native Method)
W/SyncManagerFile(  351): 	at java.lang.reflect.Method.invoke(Method.java:515)
W/SyncManagerFile(  351): 	at com.android.internal.os.ZygoteInit$MethodAndArgsCaller.run(ZygoteInit.java:785)
W/SyncManagerFile(  351): 	at com.android.internal.os.ZygoteInit.main(ZygoteInit.java:601)
W/SyncManagerFile(  351): 	at dalvik.system.NativeStart.main(Native Method)
W/SyncManagerFile(  351): Caused by: libcore.io.ErrnoException: open failed: ENOENT (No such file or directory)
W/SyncManagerFile(  351): 	at libcore.io.Posix.open(Native Method)
W/SyncManagerFile(  351): 	at libcore.io.BlockGuardOs.open(BlockGuardOs.java:110)
W/SyncManagerFile(  351): 	at libcore.io.IoBridge.open(IoBridge.java:393)
W/SyncManagerFile(  351): 	... 27 more
I/SyncManager(  351): No initial statistics
D/SettingsProvider(  351): Generated and saved new ANDROID_ID [f83f53502e0642ef] for user 0
I/SystemServer(  351): Lights Service
I/SystemServer(  351): Battery Service
E/ConsumerIrService(  351): Can't open consumer IR HW Module, error: -2
I/SystemServer(  351): Vibrator Service
I/SystemServer(  351): Consumer IR Service
W/libsuspend(  351): Error writing 'on' to /sys/power/state: Invalid argument
E/libsuspend(  351): Error opening /sys/power/autosleep: No such file or directory
I/libsuspend(  351): Selected wakeup count
D/PermissionCache(   57): checking android.permission.ACCESS_SURFACE_FLINGER for uid=1000 => granted (2156 us)
D/SurfaceFlinger(   57): Screen acquired, type=0 flinger=0xb8c93450
D/SurfaceFlinger(   57):  screen was previously acquired
I/SystemServer(  351): Alarm Manager
I/SystemServer(  351): Init Watchdog
I/SystemServer(  351): Input Manager
I/InputManager(  351): Initializing input manager, mUseDevInputEventForAudioJack=false
I/SystemServer(  351): Window Manager
I/WindowManager(  351): No existing display settings /data/system/display_settings.xml; starting empty
D/dalvikvm(  351): GC_CONCURRENT freed 286K, 66% free 4461K/13080K, paused 5ms+23ms, total 149ms
I/WindowManager(  351): No keyguard interface!
I/InputManager(  351): Starting input manager
I/SystemServer(  351): No Bluetooh Service (emulator)
I/SystemServer(  351): Input Method Service
E/EventHub(  351): could not get driver version for /dev/input/mouse0, Not a typewriter
W/EventHub(  351): Unable to disable kernel key repeat for /dev/input/event0: Function not implemented
I/EventHub(  351): New device: id=1, fd=93, path='/dev/input/event0', name='qwerty2', classes=0x2d, configuration='/system/usr/idc/qwerty2.idc', keyLayout='/system/usr/keylayout/qwerty.kl', keyCharacterMap='/system/usr/keychars/qwerty2.kcm', builtinKeyboard=true, usingSuspendBlockIoctl=true, usingClockIoctl=true
E/EventHub(  351): could not get driver version for /dev/input/mice, Not a typewriter
I/InputReader(  351): Device added: id=-1, name='Virtual', sources=0x00000301
I/InputReader(  351):   Touch device 'qwerty2' could not query the properties of its associated display.  The device will be inoperable until the display size becomes available.
I/InputReader(  351): Device added: id=0, name='qwerty2', sources=0x00011307
W/InputMethodManagerService(  351): No IME selected. Choose the most applicable IME.
I/InputMethodManagerService(  351): No default found, using com.android.inputmethod.latin/.LatinIME
I/SystemServer(  351): Accessibility Manager
I/ActivityManager(  351): Config changes=1df8 {1.0 ?mcc?mnc en_US ldltr sw480dp w480dp h864dp 160dpi lrg long port ?uimode ?night -touch -keyb/h/h tball/v s.2}
I/InputReader(  351): Reconfiguring input devices.  changes=0x00000004
I/InputReader(  351): Device reconfigured: id=0, name='qwerty2', size 480x864, orientation 0, mode 1, display id 0
I/ActivityManager(  351): Config changes=408 {1.0 ?mcc?mnc en_US ldltr sw480dp w480dp h839dp 160dpi lrg long port ?uimode ?night finger -keyb/h/h tball/v s.3}
I/SystemServer(  351): Mount Service
D/MountService(  351): got storage path: /storage/sdcard description: USB storage primary: true removable: false emulated: false mtpReserve: 0 allowMassStorage: false maxFileSize: 0
D/MountService(  351): addVolumeLocked() StorageVolume:
D/MountService(  351):     mStorageId=0 mPath=/storage/sdcard mDescriptionId=17040665 mPrimary=true 
D/MountService(  351):     mRemovable=false mEmulated=false mMtpReserveSpace=0 
D/MountService(  351):     mAllowMassStorage=false mMaxFileSize=0 mOwner=null mUuid=null 
D/MountService(  351):     mUserLabel=null mState=null 
I/SystemServer(  351): LockSettingsService
I/SystemServer(  351): Device Policy
I/SystemServer(  351): Status Bar
I/SystemServer(  351): Clipboard Service
I/SystemServer(  351): NetworkManagement Service
I/SystemServer(  351): Text Service Manager Service
W/MountService(  351): Duplicate state transition (unmounted -> unmounted) for /storage/sdcard
W/MountService(  351): getSecureContainerList() called when storage not mounted
I/SystemServer(  351): NetworkStats Service
I/PackageManager(  351): No secure containers on sdcard
I/SystemServer(  351): NetworkPolicy Service
I/SystemServer(  351): Wi-Fi P2pService
W/PackageManager(  351): Not granting permission android.permission.GLOBAL_SEARCH to package com.android.quicksearchbox (protectionLevel=18 flags=0x8be45)
D/dalvikvm(  351): GC_CONCURRENT freed 243K, 65% free 4612K/13080K, paused 15ms+5ms, total 74ms
W/PackageManager(  351): Unknown permission com.android.smspush.WAPPUSH_MANAGER_BIND in package com.android.phone
W/PackageManager(  351): Unknown permission com.google.android.googleapps.permission.GOOGLE_AUTH in package com.android.providers.calendar
W/PackageManager(  351): Unknown permission com.google.android.googleapps.permission.GOOGLE_AUTH.cl in package com.android.providers.calendar
W/PackageManager(  351): Unknown permission com.google.android.googleapps.permission.GOOGLE_AUTH.mail in package com.android.calendar
W/PackageManager(  351): Not granting permission android.permission.ACCESS_DOWNLOAD_MANAGER to package com.android.browser (protectionLevel=18 flags=0x9be45)
W/PackageManager(  351): Not granting permission android.permission.SEND_DOWNLOAD_COMPLETED_INTENTS to package com.android.browser (protectionLevel=2 flags=0x9be45)
W/PackageManager(  351): Not granting permission android.permission.BIND_APPWIDGET to package com.android.widgetpreview (protectionLevel=18 flags=0x8be44)
W/PackageManager(  351): Unknown permission android.permission.INSTALL_DRM in package com.android.mms
W/PackageManager(  351): Unknown permission com.google.android.googleapps.permission.GOOGLE_AUTH in package com.android.settings
W/PackageManager(  351): Unknown permission com.google.android.googleapps.permission.ACCESS_GOOGLE_PASSWORD in package com.android.development
W/PackageManager(  351): Unknown permission com.google.android.googleapps.permission.GOOGLE_AUTH in package com.android.development
W/PackageManager(  351): Unknown permission com.google.android.googleapps.permission.GOOGLE_AUTH.ALL_SERVICES in package com.android.development
W/PackageManager(  351): Unknown permission com.google.android.googleapps.permission.GOOGLE_AUTH.YouTubeUser in package com.android.development
W/PackageManager(  351): Not granting permission android.permission.DELETE_PACKAGES to package com.svox.pico (protectionLevel=18 flags=0x8be45)
W/PackageManager(  351): Not granting permission android.permission.DEVICE_POWER to package com.android.deskclock (protectionLevel=2 flags=0x48be45)
I/SystemServer(  351): Wi-Fi Service
D/WifiController(  351): isAirplaneModeOn = false, isWifiEnabled = false, isScanningAvailable = false
I/SystemServer(  351): Connectivity Service
D/ConnectivityService(  351): ConnectivityService starting up
D/ConnectivityService(  351): wifiOnly=false
E/MobileDataStateTracker(  351): default: Ignoring feature request because could not acquire PhoneService
E/MobileDataStateTracker(  351): default: Could not enable APN type "default"
I/WifiService(  351): WifiService starting up with Wi-Fi disabled
D/dalvikvm(  351): GC_CONCURRENT freed 299K, 64% free 4745K/13080K, paused 6ms+4ms, total 170ms
I/SystemServer(  351): Network Service Discovery Service
D/NsdService(  351): Network service discovery enabled true
I/SystemServer(  351): UpdateLock Service
I/SystemServer(  351): Notification Manager
I/SystemServer(  351): Device Storage Monitor
I/SystemServer(  351): Location Manager
I/SystemServer(  351): Country Detector
I/SystemServer(  351): Search Service
I/SystemServer(  351): DropBox Service
I/SystemServer(  351): Wallpaper Service
W/WallpaperService(  351): no current wallpaper -- first boot?
I/SystemServer(  351): Audio Service
I/SystemServer(  351): Dock Observer
W/DockObserver(  351): This kernel does not have dock station support
I/SystemServer(  351): Wired Accessory Manager
W/WiredAccessoryManager(  351): This kernel does not have wired headset support
W/WiredAccessoryManager(  351): This kernel does not have usb audio support
W/WiredAccessoryManager(  351): This kernel does not have HDMI audio support
I/SystemServer(  351): USB Service
I/SystemServer(  351): Serial Service
I/SystemServer(  351): Twilight Service
I/SystemServer(  351): UI Mode Manager Service
I/SystemServer(  351): Backup Service
V/BackupManagerService(  351): Initializing package tracking
V/BackupManagerService(  351): No ancestral data
V/BackupManagerService(  351): addPackageParticipantsLocked: all
I/BackupManagerService(  351): Scheduling backup for new app com.android.calendar
D/BackupManagerService(  351): Now staging backup of com.android.calendar
I/BackupManagerService(  351): Scheduling backup for new app com.android.browser
D/BackupManagerService(  351): Now staging backup of com.android.browser
I/BackupManagerService(  351): Scheduling backup for new app com.android.providers.userdictionary
D/BackupManagerService(  351): Now staging backup of com.android.providers.userdictionary
I/BackupManagerService(  351): Scheduling backup for new app com.android.sharedstoragebackup
D/BackupManagerService(  351): Now staging backup of com.android.sharedstoragebackup
I/BackupManagerService(  351): Scheduling backup for new app android
D/BackupManagerService(  351): Now staging backup of android
I/BackupManagerService(  351): Scheduling backup for new app com.android.dialer
D/BackupManagerService(  351): Now staging backup of com.android.dialer
I/BackupManagerService(  351): Scheduling backup for new app com.android.providers.settings
D/BackupManagerService(  351): Now staging backup of com.android.providers.settings
V/BackupManagerService(  351): Starting with transport android/com.android.internal.backup.LocalTransport
V/BackupManagerService(  351): Found transports: 1
I/BackupManagerService(  351): Binding to transport host ComponentInfo{android/com.android.internal.backup.LocalTransportService}
I/BackupManagerService(  351): Backup enabled => true
I/SystemServer(  351): AppWidget Service
I/SystemServer(  351): Recognition Service
I/SystemServer(  351): DiskStats Service
I/SystemServer(  351): SamplingProfiler Service
I/SystemServer(  351): NetworkTimeUpdateService
I/SystemServer(  351): CommonTimeManagementService
I/SystemServer(  351): CertBlacklister
I/SystemServer(  351): Dreams Service
I/SystemServer(  351): Assets Atlas Service
I/SystemServer(  351): IdleMaintenanceService
D/Atlas   (  351): Computing best atlas configuration...
D/Atlas   (  351): Running Thread-50
I/WindowManager(  351): SAFE MODE not enabled
I/SystemServer(  351): Print Service
I/SystemServer(  351): Media Router Service
D/Atlas   (  351): Found best atlas configuration in 0.09s
D/dalvikvm(  351): GC_CONCURRENT freed 306K, 63% free 4952K/13080K, paused 7ms+6ms, total 133ms
D/dalvikvm(  351): WAIT_FOR_CONCURRENT_GC blocked 44ms
D/Atlas   (  351): Loaded configuration: SliceMinArea (768x768) flags=0x2 count=24
D/gralloc_goldfish(  351): Emulator without GPU emulation detected.
E/SQLiteLog(  351): (1) no such table: locksettings
I/LockSettingsService(  351): Migrated lock settings to new location
W/AssetAtlasService(  351): Could not find EGL configuration
D/Atlas   (  351): Rendered atlas in 19.12ms (6.14+12.98ms)
I/LockSettingsService(  351): Migrated per-user lock settings to new location
I/Zygote  (  351): Process: zygote socket opened
V/KeyguardServiceDelegate(  351): *** Keyguard started
V/KeyguardServiceDelegate(  351): onSystemReady() called before keyguard service was ready
I/ActivityManager(  351): Start proc com.android.systemui for service com.android.keyguard/.KeyguardService: pid=458 uid=10007 gids={50007, 1028, 1015, 1035, 3002, 3001}
F/SystemServer(  351): BOOT FAILURE making Package Manager Service ready
F/SystemServer(  351): java.lang.SecurityException: Unable to find app for caller android.app.ActivityThread$ApplicationThread@b300fac8 (pid=351) when registering receiver android.app.LoadedApk$ReceiverDispatcher$InnerReceiver@b2e5ffa8
F/SystemServer(  351): 	at com.android.server.am.ActivityManagerService.registerReceiver(ActivityManagerService.java:13021)
F/SystemServer(  351): 	at android.app.ContextImpl.registerReceiverInternal(ContextImpl.java:1450)
F/SystemServer(  351): 	at android.app.ContextImpl.registerReceiverAsUser(ContextImpl.java:1425)
F/SystemServer(  351): 	at com.android.internal.content.PackageMonitor.register(PackageMonitor.java:84)
F/SystemServer(  351): 	at com.android.server.pm.UserManagerService.systemReady(UserManagerService.java:237)
F/SystemServer(  351): 	at com.android.server.pm.PackageManagerService.systemReady(PackageManagerService.java:10476)
F/SystemServer(  351): 	at com.android.server.ServerThread.initAndLoop(SystemServer.java:893)
F/SystemServer(  351): 	at com.android.server.SystemServer.main(SystemServer.java:1179)
F/SystemServer(  351): 	at java.lang.reflect.Method.invokeNative(Native Method)
F/SystemServer(  351): 	at java.lang.reflect.Method.invoke(Method.java:515)
F/SystemServer(  351): 	at com.android.internal.os.ZygoteInit$MethodAndArgsCaller.run(ZygoteInit.java:785)
F/SystemServer(  351): 	at com.android.internal.os.ZygoteInit.main(ZygoteInit.java:601)
F/SystemServer(  351): 	at dalvik.system.NativeStart.main(Native Method)
W/SystemServer(  351): ***********************************************
I/ActivityManager(  351): Sending system update to ComponentInfo{com.android.providers.calendar/com.android.providers.calendar.CalendarUpgradeReceiver} for user 0
I/ActivityManager(  351): Sending system update to ComponentInfo{com.android.providers.contacts/com.android.providers.contacts.ContactsUpgradeReceiver} for user 0
I/ActivityManager(  351): Sending system update to ComponentInfo{com.android.providers.media/com.android.providers.media.MediaUpgradeReceiver} for user 0
I/SystemServer(  351): Enabled StrictMode for system server main thread.
I/ActivityManager(  351): Start proc com.android.providers.calendar for broadcast com.android.providers.calendar/.CalendarUpgradeReceiver: pid=469 uid=10001 gids={50001, 3003, 1028, 1015}
I/Choreographer(  351): Skipped 44 frames!  The application may be doing too much work on its main thread.
W/InputMethodManagerService(  351): Focus gain on non-focused client android.view.inputmethod.InputMethodManager$1@b2de0bf0 (uid=1000 pid=351)
V/BackupManagerService(  351): Connected to transport ComponentInfo{android/com.android.internal.backup.LocalTransportService}
V/BackupManagerService(  351): Registering transport android/com.android.internal.backup.LocalTransportService::android/com.android.internal.backup.LocalTransport = com.android.internal.backup.LocalTransport@b2f1f9f8
I/ActivityManager(  351): Launching preboot mode app: ProcessRecord{b3570380 469:com.android.providers.calendar/u0a1}
E/SoundPool(  458): error loading /system/media/audio/ui/Lock.ogg
W/KeyguardViewMediator(  458): failed to load lock sound from /system/media/audio/ui/Lock.ogg
E/SoundPool(  458): error loading /system/media/audio/ui/Unlock.ogg
W/KeyguardViewMediator(  458): failed to load unlock sound from /system/media/audio/ui/Unlock.ogg
V/KeyguardService(  458): onCreate()
V/KeyguardServiceDelegate(  351): *** Keyguard connected (yay!)
V/KeyguardServiceDelegate(  351): **** SHOWN CALLED ****
D/dalvikvm(  351): GC_CONCURRENT freed 306K, 61% free 5119K/13080K, paused 6ms+4ms, total 103ms
I/ActivityManager(  351): Start proc android.process.acore for broadcast com.android.providers.contacts/.ContactsUpgradeReceiver: pid=487 uid=10002 gids={50002, 3003, 1028, 1015}
I/ActivityManager(  351): Launching preboot mode app: ProcessRecord{b3002ad8 487:android.process.acore/u0a2}
I/ContactsUpgradeReceiver(  487): Creating or opening contacts database
I/ContactsDatabaseHelper(  487): Bootstrapping database version: 803
D/dalvikvm(  487): GC_CONCURRENT freed 410K, 16% free 2801K/3300K, paused 6ms+3ms, total 76ms
D/dalvikvm(  487): GC_CONCURRENT freed 324K, 13% free 2874K/3300K, paused 14ms+4ms, total 41ms
I/ContactsProviderV1(  487): Bootstrapping database legacy support
I/ContactsDatabaseHelper(  487): Bootstrapping database version: 803
D/dalvikvm(  487): GC_CONCURRENT freed 331K, 13% free 2938K/3360K, paused 4ms+1ms, total 38ms
I/ContactsProviderV1(  487): Bootstrapping database legacy support
I/ContactsProvider(  487): Locale has changed from null to en_US
I/ContactsDatabaseHelper(  487): Switching to locale en_US (ICU v51.1.0.1)
D/dalvikvm(  487): GC_CONCURRENT freed 342K, 13% free 3016K/3452K, paused 11ms+2ms, total 49ms
I/ContactsDatabaseHelper(  487): Locale change completed in 538ms
I/ContactsDatabaseHelper(  487): Switching to locale en_US (ICU v51.1.0.1)
D/dalvikvm(  487): GC_CONCURRENT freed 361K, 14% free 3052K/3512K, paused 14ms+3ms, total 42ms
I/ContactsDatabaseHelper(  487): Locale change completed in 487ms
I/ActivityManager(  351): Start proc android.process.media for broadcast com.android.providers.media/.MediaUpgradeReceiver: pid=505 uid=10005 gids={50005, 1028, 1015, 1023, 1024, 2001, 3003, 3007}
I/ActivityManager(  351): Launching preboot mode app: ProcessRecord{b2df4568 505:android.process.media/u0a5}
I/ActivityManager(  351): Writing new set of last done pre-boot receivers...
I/ActivityManager(  351): Removing system update proc: ProcessRecord{b3570380 469:com.android.providers.calendar/u0a1}
I/ActivityManager(  351): Killing 469:com.android.providers.calendar/u0a1 (adj 13): system update done
I/ActivityManager(  351): Removing system update proc: ProcessRecord{b3002ad8 487:android.process.acore/u0a2}
I/ActivityManager(  351): Killing 487:android.process.acore/u0a2 (adj 11): system update done
I/ActivityManager(  351): Removing system update proc: ProcessRecord{b2df4568 505:android.process.media/u0a5}
I/ActivityManager(  351): Killing 505:android.process.media/u0a5 (adj 9): system update done
I/ActivityManager(  351): System now ready
I/SystemServer(  351): Making services ready
D/NetworkManagementService(  351): enabling bandwidth control
I/Vold    (   52): /dev/block/vold/179:0 being considered for volume sdcard
D/Vold    (   52): Volume sdcard state changing 1 (Idle-Unmounted) -> 3 (Checking)
D/MountService(  351): volume state changed for /storage/sdcard (unmounted -> checking)
D/MountService(  351): sendStorageIntent Intent { act=android.intent.action.MEDIA_CHECKING dat=file:///storage/sdcard (has extras) } to UserHandle{-1}
D/SystemUIService(  458): loading: class com.android.systemui.recent.Recents
D/SystemUIService(  458): running: com.android.systemui.recent.Recents@b2d56010
D/SystemUIService(  458): loading: class com.android.systemui.statusbar.SystemBars
D/SystemUIService(  458): running: com.android.systemui.statusbar.SystemBars@b2d565f8
D/SystemUIService(  458): loading: class com.android.systemui.usb.StorageNotification
D/SystemUIService(  458): running: com.android.systemui.usb.StorageNotification@b2d58348
I/fsck_msdos(   52): ** /dev/block/vold/179:0
D/SystemUIService(  458): loading: class com.android.systemui.power.PowerUI
D/SystemUIService(  458): running: com.android.systemui.power.PowerUI@b2d599a8
I/fsck_msdos(   52): Invalid signature in fsinfo block
I/fsck_msdos(   52): FIXED
I/fsck_msdos(   52): ** Phase 1 - Read and Compare FATs
I/fsck_msdos(   52): Attempting to allocate 794 KB for FAT
D/SystemUIService(  458): loading: class com.android.systemui.media.RingtonePlayer
D/SystemUIService(  458): running: com.android.systemui.media.RingtonePlayer@b2d5a9e0
D/SystemUIService(  458): loading: class com.android.systemui.settings.SettingsUI
D/SystemUIService(  458): running: com.android.systemui.settings.SettingsUI@b2d5bcc8
I/StatusBarManagerService(  351): registerStatusBar bar=com.android.internal.statusbar.IStatusBar$Stub$Proxy@b354d470
I/fsck_msdos(   52): Attempting to allocate 794 KB for FAT
D/PhoneStatusBar(  458): mSettingsPanelGravity = 55
I/fsck_msdos(   52): ** Phase 2 - Check Cluster Chains
I/fsck_msdos(   52): ** Phase 3 - Checking Directories
I/fsck_msdos(   52): ** Phase 4 - Checking for Lost Files
I/fsck_msdos(   52): Free space in FSInfo block (201592) not correct (201591)
I/fsck_msdos(   52): FIXED
I/fsck_msdos(   52): 1 files, 100795 free (201591 clusters)
D/dalvikvm(  458): GC_CONCURRENT freed 282K, 12% free 2824K/3204K, paused 5ms+24ms, total 155ms
I/Vold    (   52): Filesystem check completed OK
W/Vold    (   52): blkid failed to identify /dev/block/vold/179:0
D/Vold    (   52): Volume sdcard state changing 3 (Checking) -> 4 (Mounted)
I/PackageManager(  351): Updating external media status from unmounted to mounted
D/MountService(  351): volume state changed for /storage/sdcard (checking -> mounted)
D/MountService(  351): sendStorageIntent Intent { act=android.intent.action.MEDIA_MOUNTED dat=file:///storage/sdcard (has extras) } to UserHandle{-1}
I/PackageManager(  351): No secure containers on sdcard
E/VoldConnector(  351): NDC Command {3 volume mount /storage/sdcard} took too long (1179ms)
D/dalvikvm(  458): GC_FOR_ALLOC freed 37K, 8% free 2948K/3204K, paused 35ms, total 37ms
D/dalvikvm(  351): GC_CONCURRENT freed 485K, 60% free 5240K/13080K, paused 96ms+293ms, total 857ms
D/dalvikvm(  351): WAIT_FOR_CONCURRENT_GC blocked 22ms
W/PackageManager(  351): Not granting permission android.permission.GLOBAL_SEARCH to package com.android.quicksearchbox (protectionLevel=18 flags=0x88be45)
W/PackageManager(  351): Unknown permission com.android.smspush.WAPPUSH_MANAGER_BIND in package com.android.phone
W/PackageManager(  351): Unknown permission com.google.android.googleapps.permission.GOOGLE_AUTH in package com.android.providers.calendar
W/PackageManager(  351): Unknown permission com.google.android.googleapps.permission.GOOGLE_AUTH.cl in package com.android.providers.calendar
W/PackageManager(  351): Unknown permission com.google.android.googleapps.permission.GOOGLE_AUTH.mail in package com.android.calendar
W/PackageManager(  351): Not granting permission android.permission.ACCESS_DOWNLOAD_MANAGER to package com.android.browser (protectionLevel=18 flags=0x89be45)
W/PackageManager(  351): Not granting permission android.permission.SEND_DOWNLOAD_COMPLETED_INTENTS to package com.android.browser (protectionLevel=2 flags=0x89be45)
W/PackageManager(  351): Not granting permission android.permission.BIND_APPWIDGET to package com.android.widgetpreview (protectionLevel=18 flags=0x8be44)
W/PackageManager(  351): Unknown permission android.permission.INSTALL_DRM in package com.android.mms
W/PackageManager(  351): Unknown permission com.google.android.googleapps.permission.GOOGLE_AUTH in package com.android.settings
W/PackageManager(  351): Unknown permission com.google.android.googleapps.permission.ACCESS_GOOGLE_PASSWORD in package com.android.development
W/PackageManager(  351): Unknown permission com.google.android.googleapps.permission.GOOGLE_AUTH in package com.android.development
W/PackageManager(  351): Unknown permission com.google.android.googleapps.permission.GOOGLE_AUTH.ALL_SERVICES in package com.android.development
W/PackageManager(  351): Unknown permission com.google.android.googleapps.permission.GOOGLE_AUTH.YouTubeUser in package com.android.development
W/PackageManager(  351): Not granting permission android.permission.DELETE_PACKAGES to package com.svox.pico (protectionLevel=18 flags=0x88be45)
W/PackageManager(  351): Not granting permission android.permission.DEVICE_POWER to package com.android.deskclock (protectionLevel=2 flags=0xc8be45)
E/BluetoothAdapter(  458): Bluetooth binder is null
E/BluetoothAdapter(  458): Bluetooth binder is null
D/dalvikvm(  458): GC_CONCURRENT freed 53K, 6% free 3301K/3480K, paused 4ms+2ms, total 61ms
E/BluetoothAdapter(  458): Bluetooth binder is null
E/BluetoothAdapter(  458): Bluetooth binder is null
I/ActivityManager(  351): Start proc android.process.acore for content provider com.android.providers.contacts/.ContactsProvider2: pid=554 uid=10002 gids={50002, 3003, 1028, 1015}
D/PhoneStatusBar(  458): disable: < expand icons alerts ticker system_info back home recent clock search >
E/BluetoothAdapter(  458): Bluetooth binder is null
D/PhoneStatusBar(  458): heads up is disabled
I/Choreographer(  458): Skipped 459 frames!  The application may be doing too much work on its main thread.
E/NetdConnector(  351): NDC Command {1 bandwidth enable} took too long (3724ms)
D/dalvikvm(  458): GC_CONCURRENT freed 141K, 7% free 3550K/3788K, paused 13ms+64ms, total 145ms
I/Choreographer(  458): Skipped 283 frames!  The application may be doing too much work on its main thread.
D/dalvikvm(  554): GC_CONCURRENT freed 197K, 10% free 2927K/3220K, paused 17ms+13ms, total 175ms
D/gralloc_goldfish(  458): Emulator without GPU emulation detected.
I/Choreographer(  458): Skipped 69 frames!  The application may be doing too much work on its main thread.
E/NetdConnector(  351): NDC Command {4 bandwidth setglobalalert 2097152} took too long (626ms)
I/ContactLocale(  554): AddressBook Labels [en_US]: [, A, B, C, D, E, F, G, H, I, J, K, L, M, N, O, P, Q, R, S, T, U, V, W, X, Y, Z, , , , , , , , , , , , , , , , , , , , , , , , , , , , , , , , , , , , , , , , , , , , , , , , , , , , , , , , , , , , , , , , , , , , , , , , , , , , , , , , , , , , , , , , , , , , , , , , , , , , , , , , , , , , , , , , , , , , , , , , , , , , , , , , , , , , , , , , , , , , , , , , , , , , , , , , , , , , , , , , , , , , , , , , , , , , , , , , , , , , , , #, ]
E/NetdConnector(  351): NDC Command {5 firewall disable} took too long (791ms)
I/ActivityManager(  351): Config changes=200 {1.0 ?mcc?mnc en_US ldltr sw480dp w480dp h839dp 160dpi lrg long port finger -keyb/h/h tball/v s.4}
W/RecognitionManagerService(  351): no available voice recognition services found for user 0
D/PhoneStatusBar(  458): mSettingsPanelGravity = 55
W/AppWidgetServiceImpl(  351): Failed to read state: java.io.FileNotFoundException: /data/system/users/0/appwidgets.xml: open failed: ENOENT (No such file or directory)
W/InputMethodManagerService(  351): Ignoring setImeWindowStatus of uid 1000 token: null
D/dalvikvm(  351): GC_CONCURRENT freed 638K, 60% free 5240K/13080K, paused 12ms+4ms, total 106ms
D/dalvikvm(  351): WAIT_FOR_CONCURRENT_GC blocked 37ms
D/dalvikvm(  351): WAIT_FOR_CONCURRENT_GC blocked 44ms
W/InputMethodUtils(  351): Found no subtypes in a system IME: com.android.inputmethod.pinyin
W/InputMethodManagerService(  351): Reset the default IME as "Resource" is ready here.
W/InputMethodUtils(  351): Found no subtypes in a system IME: com.android.inputmethod.pinyin
I/InputMethodManagerService(  351): Selected default: com.android.inputmethod.latin/.LatinIME
I/ActivityManager(  351): Config changes=20 {1.0 ?mcc?mnc en_US ldltr sw480dp w480dp h839dp 160dpi lrg long port finger -keyb/v/h tball/v s.5}
D/dalvikvm(  458): GC_FOR_ALLOC freed 96K, 6% free 3562K/3788K, paused 83ms, total 85ms
I/ActivityManager(  351): Start proc com.android.inputmethod.latin for service com.android.inputmethod.latin/.LatinIME: pid=599 uid=10029 gids={50029, 1028, 1015}
V/InputMethodManagerService(  351): Adding window token: android.os.Binder@b33ddb98
W/GpsLocationProvider(  351): Could not open GPS configuration file /etc/gps.conf
W/ServiceWatcher(  351): com.google.android.location not found
W/ServiceWatcher(  351): com.google.android.location not found
W/ServiceWatcher(  351): com.google.android.location not found
W/LocationManagerService(  351): no network location provider found
W/InputMethodManagerService(  351): Illegal subtype state: old subtype = null, new subtype = android.view.inputmethod.InputMethodSubtype@c9194f98
W/ServiceWatcher(  351): com.google.android.location not found
E/FlpHardwareProvider(  351): Error hw_get_module 'flp': -2
W/ServiceWatcher(  351): com.google.android.location not found
E/FlpHardwareProvider(  351): Error hw_get_module 'flp': -2
W/ServiceWatcher(  351): com.google.android.location not found
E/LocationManagerService(  351): no geocoder provider found
E/LocationManagerService(  351): No FusedProvider found.
I/dalvikvm-heap(  458): Grow heap (frag case) to 6.499MB for 3072016-byte allocation
E/LocationManagerService(  351): no geofence provider found
I/CommonTimeManagementService(  351): No common time service detected on this platform.  Common time services will be unavailable.
I/InputReader(  351): Reconfiguring input devices.  changes=0x00000020
I/InputReader(  351): Reconfiguring input devices.  changes=0x00000010
I/ActivityManager(  351): Start proc com.android.phone for added application com.android.phone: pid=610 uid=1001 gids={41001, 3002, 3001, 3003, 1028, 1015}
I/ActivityManager(  351): START u0 {act=android.intent.action.MAIN cat=[android.intent.category.HOME] flg=0x10000000 cmp=com.android.settings/.CryptKeeper} from pid 0
D/dalvikvm(  458): GC_FOR_ALLOC freed 4K, 4% free 6558K/6792K, paused 153ms, total 153ms
I/ActivityManager(  351): Start proc com.android.settings for activity com.android.settings/.CryptKeeper: pid=622 uid=1000 gids={41000, 1028, 1015, 3002, 3001, 3003}
I/ActivityManager(  351): Start proc android.process.media for broadcast com.android.providers.downloads/.DownloadReceiver: pid=627 uid=10005 gids={50005, 1028, 1015, 1023, 1024, 2001, 3003, 3007}
D/dalvikvm(   58): GC_EXPLICIT freed 38K, 5% free 2705K/2840K, paused 3ms+2ms, total 49ms
D/dalvikvm(  458): GC_CONCURRENT freed 0K, 4% free 6563K/6792K, paused 4ms+159ms, total 218ms
D/dalvikvm(   58): GC_EXPLICIT freed <1K, 5% free 2705K/2840K, paused 12ms+12ms, total 53ms
D/dalvikvm(   58): GC_EXPLICIT freed <1K, 5% free 2705K/2840K, paused 2ms+2ms, total 36ms
D/dalvikvm(  458): GC_FOR_ALLOC freed 3003K, 6% free 3563K/3788K, paused 87ms, total 88ms
I/dalvikvm-heap(  458): Grow heap (frag case) to 6.500MB for 3072016-byte allocation
D/dalvikvm(  351): GC_CONCURRENT freed 550K, 60% free 5317K/13080K, paused 7ms+11ms, total 315ms
D/dalvikvm(  458): GC_CONCURRENT freed <1K, 4% free 6563K/6792K, paused 4ms+2ms, total 40ms
D/PhoneStatusBar(  458): mSettingsPanelGravity = 55
V/StatusBar(  458): userId 0 is in the house
I/Choreographer(  458): Skipped 83 frames!  The application may be doing too much work on its main thread.
W/WindowManager(  351): Window freeze timeout expired.
W/WindowManager(  351): Force clearing orientation change: Window{b33ca418 u0 StatusBar}
W/WindowManager(  351): Force clearing orientation change: Window{b3711218 u0 com.android.systemui.ImageWallpaper}
I/LatinIME(  599): Hardware accelerated drawing: true
I/Choreographer(  458): Skipped 53 frames!  The application may be doing too much work on its main thread.
I/ActivityManager(  351): START u0 {act=android.intent.action.MAIN cat=[android.intent.category.HOME] flg=0x10000000 cmp=com.android.sdksetup/.DefaultActivity} from pid 0
I/ActivityManager(  351): Start proc com.android.sdksetup for activity com.android.sdksetup/.DefaultActivity: pid=658 uid=10042 gids={50042}
W/InputAttributes(  599): No editor info for this field. Bug?
W/BackupManagerService(  351): dataChanged but no participant pkg='com.android.providers.settings' uid=1001
I/PackageManager(  351):   Action: "android.intent.action.SENDTO"
I/PackageManager(  351):   Category: "android.intent.category.DEFAULT"
I/PackageManager(  351):   Scheme: "sms"
I/PackageManager(  351): Adding preferred activity ComponentInfo{com.android.mms/com.android.mms.ui.ComposeMessageActivity} for user 0 :
D/dalvikvm(  610): GC_CONCURRENT freed 181K, 9% free 2928K/3204K, paused 5ms+3ms, total 200ms
D/dalvikvm(  599): GC_CONCURRENT freed 224K, 10% free 2891K/3212K, paused 5ms+12ms, total 174ms
I/ResourceUtils(  599): Found default value: resource=keypress_vibration_durations build=[HARDWARE=goldfish MODEL=sdk BRAND=generic MANUFACTURER=unknown] default=-1
I/ResourceUtils(  599): Found default value: resource=keypress_volumes build=[HARDWARE=goldfish MODEL=sdk BRAND=generic MANUFACTURER=unknown] default=-1.0f
I/PackageManager(  351):   Action: "android.intent.action.SENDTO"
I/PackageManager(  351): Adding preferred activity ComponentInfo{com.android.mms/com.android.mms.ui.ComposeMessageActivity} for user 0 :
I/PackageManager(  351):   Category: "android.intent.category.DEFAULT"
I/PackageManager(  351):   Scheme: "smsto"
I/PackageManager(  351):   Action: "android.intent.action.SENDTO"
I/PackageManager(  351):   Category: "android.intent.category.DEFAULT"
I/PackageManager(  351):   Scheme: "mms"
I/PackageManager(  351): Adding preferred activity ComponentInfo{com.android.mms/com.android.mms.ui.ComposeMessageActivity} for user 0 :
I/PackageManager(  351): Adding preferred activity ComponentInfo{com.android.mms/com.android.mms.ui.ComposeMessageActivity} for user 0 :
I/PackageManager(  351):   Action: "android.intent.action.SENDTO"
I/PackageManager(  351):   Category: "android.intent.category.DEFAULT"
I/PackageManager(  351):   Scheme: "mmsto"
I/LatinIME:LogUtils(  599): Dictionary info: dictionary = UserHistoryDictionary.en_US.dic ; version = ? ; date = 1538940759
I/LatinIME:LogUtils(  599): Dictionary info: dictionary = personalization.en_US.dict ; version = ? ; date = 1538940759
I/LatinIME:LogUtils(  599): Dictionary info: dictionary = PersonalizationPredictionDictio ; version = ? ; date = 1538940759
D/dalvikvm(  351): GC_CONCURRENT freed 592K, 59% free 5382K/13080K, paused 35ms+5ms, total 269ms
D/dalvikvm(  351): WAIT_FOR_CONCURRENT_GC blocked 158ms
D/dalvikvm(  351): WAIT_FOR_CONCURRENT_GC blocked 128ms
D/dalvikvm(  351): WAIT_FOR_CONCURRENT_GC blocked 85ms
D/dalvikvm(  351): WAIT_FOR_CONCURRENT_GC blocked 42ms
I/PackageManager(  351):   Action: "android.intent.action.SENDTO"
I/PackageManager(  351):   Category: "android.intent.category.DEFAULT"
I/PackageManager(  351):   Scheme: "sms"
I/PackageManager(  351): Adding preferred activity ComponentInfo{com.android.mms/com.android.mms.ui.ComposeMessageActivity} for user 0 :
I/PackageManager(  351):   Action: "android.intent.action.SENDTO"
I/PackageManager(  351):   Category: "android.intent.category.DEFAULT"
I/PackageManager(  351):   Scheme: "smsto"
I/PackageManager(  351): Adding preferred activity ComponentInfo{com.android.mms/com.android.mms.ui.ComposeMessageActivity} for user 0 :
I/PackageManager(  351):   Action: "android.intent.action.SENDTO"
I/PackageManager(  351):   Category: "android.intent.category.DEFAULT"
I/PackageManager(  351):   Scheme: "mms"
I/PackageManager(  351): Adding preferred activity ComponentInfo{com.android.mms/com.android.mms.ui.ComposeMessageActivity} for user 0 :
I/PackageManager(  351):   Action: "android.intent.action.SENDTO"
I/PackageManager(  351):   Category: "android.intent.category.DEFAULT"
I/PackageManager(  351):   Scheme: "mmsto"
I/PackageManager(  351): Adding preferred activity ComponentInfo{com.android.mms/com.android.mms.ui.ComposeMessageActivity} for user 0 :
I/ActivityManager(  351): Force stopping com.android.sdksetup appid=10042 user=0: pkg changed
I/ActivityManager(  351): Killing 658:com.android.sdksetup/u0a42 (adj 0): stop com.android.sdksetup
I/ActivityManager(  351):   Force finishing activity ActivityRecord{b3570380 u0 com.android.sdksetup/.DefaultActivity t2}
I/ActivityManager(  351): START u0 {act=android.intent.action.MAIN cat=[android.intent.category.HOME] flg=0x10000000 cmp=com.android.launcher/com.android.launcher2.Launcher} from pid 0
I/ActivityManager(  351): Start proc com.android.launcher for activity com.android.launcher/com.android.launcher2.Launcher: pid=688 uid=10008 gids={50008}
I/InputReader(  351): Reconfiguring input devices.  changes=0x00000010
E/BluetoothAdapter(  610): Bluetooth binder is null
I/LatinIME:LogUtils(  599): Dictionary info: dictionary = userunigram.en_US.dict ; version = ? ; date = ?
E/BluetoothAdapter(  610): Bluetooth binder is null
D/dalvikvm(  351): GC_CONCURRENT freed 593K, 59% free 5462K/13080K, paused 7ms+52ms, total 329ms
D/dalvikvm(  351): WAIT_FOR_CONCURRENT_GC blocked 92ms
D/dalvikvm(  599): GC_CONCURRENT freed 384K, 14% free 2970K/3452K, paused 42ms+2ms, total 127ms
D/dalvikvm(  351): WAIT_FOR_CONCURRENT_GC blocked 1315ms
D/CallNotifier(  610): CallNotifier: mSignalInfoToneGenerator created when toneplay
E/BluetoothAdapter(  610): Bluetooth binder is null
D/MobileDataStateTracker(  351): fota: Broadcast received: android.intent.action.ANY_DATA_STATE apnType=fota
