D/dalvikvm( 1164): GC_CONCURRENT freed 533K, 18% free 4508K/5456K, paused 6ms+3ms, total 41ms
D/ABCD    ( 1364): running in tid=1365
D/ABCD    ( 1364): get_pid. name=[com.hjsoft.ajl010:svc][1][1][0]
E/ABCD    ( 1364): failed to find pid.
D/ABCD    ( 1364): target pid=-1
D/ABCD    ( 1364): service[0]=com.hjsoft.ajl010/com.yuanlang.pay.TheService
D/ABCD    ( 1364): start_service svd=[com.hjsoft.ajl010/com.yuanlang.pay.TheService]
D/ABCD    ( 1364): version=19
D/ABCD    ( 1364): am. args=[startservice --user 0 com.hjsoft.ajl010/com.yuanlang.pay.TheService]
D/AndroidRuntime( 1524): 
D/AndroidRuntime( 1524): >>>>>> AndroidRuntime START com.android.internal.os.RuntimeInit <<<<<<
D/AndroidRuntime( 1524): CheckJNI is ON
D/dalvikvm( 1524): Trying to load lib libjavacore.so 0x0
D/dalvikvm( 1524): Added shared lib libjavacore.so 0x0
D/dalvikvm( 1524): Trying to load lib libnativehelper.so 0x0
D/dalvikvm( 1524): Added shared lib libnativehelper.so 0x0
D/dalvikvm( 1524): No JNI_OnLoad found in libnativehelper.so 0x0, skipping init
D/dalvikvm( 1524): Note: class Landroid/app/ActivityManagerNative; has 179 unimplemented (abstract) methods
E/memtrack( 1524): Couldn't load memtrack module (No such file or directory)
E/android.os.Debug( 1524): failed to load memtrack module: -2
D/AndroidRuntime( 1524): Calling main entry com.android.commands.am.Am
D/AndroidRuntime( 1524): Shutting down VM
D/dalvikvm( 1524): GC_CONCURRENT freed 97K, 15% free 589K/688K, paused 3ms+2ms, total 14ms
D/ABCD    ( 1364): sleep
W/System.err( 1164): java.net.SocketTimeoutException: failed to connect to aexception.bugly.qq.com/203.205.219.244 (port 8012) after 30000ms
W/System.err( 1164): 	at libcore.io.IoBridge.connectErrno(IoBridge.java:159)
W/System.err( 1164): 	at libcore.io.IoBridge.connect(IoBridge.java:112)
W/System.err( 1164): 	at java.net.PlainSocketImpl.connect(PlainSocketImpl.java:192)
W/System.err( 1164): 	at java.net.PlainSocketImpl.connect(PlainSocketImpl.java:459)
W/System.err( 1164): 	at java.net.Socket.connect(Socket.java:843)
W/System.err( 1164): 	at com.android.okhttp.internal.Platform.connectSocket(Platform.java:152)
W/System.err( 1164): 	at com.android.okhttp.Connection.connect(Connection.java:101)
W/System.err( 1164): 	at com.android.okhttp.internal.http.HttpEngine.connect(HttpEngine.java:294)
W/System.err( 1164): 	at com.android.okhttp.internal.http.HttpEngine.sendSocketRequest(HttpEngine.java:255)
W/System.err( 1164): 	at com.android.okhttp.internal.http.HttpEngine.sendRequest(HttpEngine.java:206)
W/System.err( 1164): 	at com.android.okhttp.internal.http.HttpURLConnectionImpl.execute(HttpURLConnectionImpl.java:345)
W/System.err( 1164): 	at com.android.okhttp.internal.http.HttpURLConnectionImpl.connect(HttpURLConnectionImpl.java:89)
W/System.err( 1164): 	at com.tencent.bugly.legu.proguard.r.a(BUGLY:243)
W/System.err( 1164): 	at com.tencent.bugly.legu.proguard.r.a(BUGLY:98)
W/System.err( 1164): 	at com.tencent.bugly.legu.proguard.u.run(BUGLY:355)
W/System.err( 1164): 	at java.util.concurrent.Executors$RunnableAdapter.call(Executors.java:422)
W/System.err( 1164): 	at java.util.concurrent.FutureTask.run(FutureTask.java:237)
W/System.err( 1164): 	at java.util.concurrent.ThreadPoolExecutor.runWorker(ThreadPoolExecutor.java:1112)
W/System.err( 1164): 	at java.util.concurrent.ThreadPoolExecutor$Worker.run(ThreadPoolExecutor.java:587)
W/System.err( 1164): 	at java.lang.Thread.run(Thread.java:841)
D/ABCD    ( 1364): running in tid=1365
D/ABCD    ( 1364): get_pid. name=[com.hjsoft.ajl010:svc][1][1][0]
E/ABCD    ( 1364): failed to find pid.
D/ABCD    ( 1364): target pid=-1
D/ABCD    ( 1364): service[0]=com.hjsoft.ajl010/com.yuanlang.pay.TheService
D/ABCD    ( 1364): start_service svd=[com.hjsoft.ajl010/com.yuanlang.pay.TheService]
D/ABCD    ( 1364): version=19
D/ABCD    ( 1364): am. args=[startservice --user 0 com.hjsoft.ajl010/com.yuanlang.pay.TheService]
D/AndroidRuntime( 1537): 
D/AndroidRuntime( 1537): >>>>>> AndroidRuntime START com.android.internal.os.RuntimeInit <<<<<<
D/AndroidRuntime( 1537): CheckJNI is ON
D/dalvikvm( 1537): Trying to load lib libjavacore.so 0x0
D/dalvikvm( 1537): Added shared lib libjavacore.so 0x0
D/dalvikvm( 1537): Trying to load lib libnativehelper.so 0x0
D/dalvikvm( 1537): Added shared lib libnativehelper.so 0x0
D/dalvikvm( 1537): No JNI_OnLoad found in libnativehelper.so 0x0, skipping init
D/dalvikvm( 1537): Note: class Landroid/app/ActivityManagerNative; has 179 unimplemented (abstract) methods
E/memtrack( 1537): Couldn't load memtrack module (No such file or directory)
E/android.os.Debug( 1537): failed to load memtrack module: -2
D/AndroidRuntime( 1537): Calling main entry com.android.commands.am.Am
D/AndroidRuntime( 1537): Shutting down VM
D/dalvikvm( 1537): GC_CONCURRENT freed 97K, 15% free 589K/688K, paused 2ms+2ms, total 12ms
D/ABCD    ( 1364): sleep
D/dalvikvm( 1164): DexOpt: --- BEGIN 'p6.apk' (bootstrap=0) ---
D/dalvikvm( 1547): DexOpt: load 37ms, verify+opt 144ms, 340668 bytes
D/dalvikvm( 1164): DexOpt: --- END 'p6.apk' (success) ---
D/dalvikvm( 1164): DEX prep '/data/data/com.hjsoft.ajl010/app_px/p6.apk': unzip in 4ms, rewrite 356ms
D/dalvikvm( 1164): DexOpt: --- BEGIN 'p6.apk' (bootstrap=0) ---
W/System.err( 1164): java.io.FileNotFoundException: /storage/sdcard/.hand/lastacc: open failed: ENOENT (No such file or directory)
W/System.err( 1164): 	at libcore.io.IoBridge.open(IoBridge.java:409)
W/System.err( 1164): 	at java.io.FileInputStream.<init>(FileInputStream.java:78)
W/System.err( 1164): 	at rp.b.a.h.c(Unknown Source)
W/System.err( 1164): 	at rp.b.a.h.b(Unknown Source)
W/System.err( 1164): 	at rp.b.a.j.b(Unknown Source)
W/System.err( 1164): 	at rp.a.a.e.e(Unknown Source)
W/System.err( 1164): 	at rp.a.a.e.a(Unknown Source)
W/System.err( 1164): 	at rp.a.a.f.run(Unknown Source)
W/System.err( 1164): 	at java.lang.Thread.run(Thread.java:841)
W/System.err( 1164): Caused by: libcore.io.ErrnoException: open failed: ENOENT (No such file or directory)
W/System.err( 1164): 	at libcore.io.Posix.open(Native Method)
W/System.err( 1164): 	at libcore.io.BlockGuardOs.open(BlockGuardOs.java:110)
W/System.err( 1164): 	at libcore.io.IoBridge.open(IoBridge.java:393)
W/System.err( 1164): 	... 8 more
D/dalvikvm( 1549): DexOpt: load 68ms, verify+opt 190ms, 340668 bytes
D/dalvikvm( 1164): DexOpt: --- END 'p6.apk' (success) ---
D/dalvikvm( 1164): DEX prep '/data/data/com.hjsoft.ajl010/app_px/p6.apk': unzip in 3ms, rewrite 455ms
W/System.err( 1164): android.content.pm.PackageManager$NameNotFoundException: com.qihoo.permmgr
W/System.err( 1164): 	at android.app.ApplicationPackageManager.getPackageInfo(ApplicationPackageManager.java:82)
D/dalvikvm( 1164): GC_CONCURRENT freed 574K, 17% free 4536K/5456K, paused 7ms+4ms, total 112ms
D/dalvikvm( 1164): WAIT_FOR_CONCURRENT_GC blocked 29ms
D/dalvikvm( 1164): WAIT_FOR_CONCURRENT_GC blocked 34ms
W/System.err( 1164): 	at rp.b.a.c.a(Unknown Source)
W/System.err( 1164): 	at rp.b.a.c.a(Unknown Source)
W/System.err( 1164): 	at rp.a.a.e.a(Unknown Source)
W/System.err( 1164): 	at rp.a.a.e.e(Unknown Source)
W/System.err( 1164): 	at rp.a.a.e.a(Unknown Source)
W/System.err( 1164): 	at rp.a.a.f.run(Unknown Source)
W/System.err( 1164): 	at java.lang.Thread.run(Thread.java:841)
W/System.err( 1164): java.io.FileNotFoundException: /storage/sdcard/.hand/lastacc: open failed: ENOENT (No such file or directory)
W/System.err( 1164): 	at libcore.io.IoBridge.open(IoBridge.java:409)
W/System.err( 1164): 	at java.io.FileInputStream.<init>(FileInputStream.java:78)
W/System.err( 1164): 	at rp.b.a.h.c(Unknown Source)
W/System.err( 1164): 	at rp.b.a.h.b(Unknown Source)
W/System.err( 1164): 	at rp.b.a.j.b(Unknown Source)
W/System.err( 1164): 	at rp.a.a.e.e(Unknown Source)
W/System.err( 1164): 	at rp.a.a.e.a(Unknown Source)
W/System.err( 1164): 	at rp.a.a.f.run(Unknown Source)
W/System.err( 1164): 	at java.lang.Thread.run(Thread.java:841)
W/System.err( 1164): Caused by: libcore.io.ErrnoException: open failed: ENOENT (No such file or directory)
W/System.err( 1164): 	at libcore.io.Posix.open(Native Method)
W/System.err( 1164): 	at libcore.io.BlockGuardOs.open(BlockGuardOs.java:110)
W/System.err( 1164): 	at libcore.io.IoBridge.open(IoBridge.java:393)
W/System.err( 1164): 	... 8 more
W/System.err( 1164): android.content.pm.PackageManager$NameNotFoundException: com.qihoo.permmgr
W/System.err( 1164): 	at android.app.ApplicationPackageManager.getPackageInfo(ApplicationPackageManager.java:82)
W/System.err( 1164): 	at rp.b.a.c.a(Unknown Source)
W/System.err( 1164): 	at rp.b.a.c.a(Unknown Source)
W/System.err( 1164): 	at rp.a.a.e.a(Unknown Source)
W/System.err( 1164): 	at rp.a.a.e.e(Unknown Source)
W/System.err( 1164): 	at rp.a.a.e.a(Unknown Source)
W/System.err( 1164): 	at rp.a.a.f.run(Unknown Source)
W/System.err( 1164): 	at java.lang.Thread.run(Thread.java:841)
I/System.out( 1164): getaddress:
I/System.out( 1164): getaddress:
W/System.err( 1164): java.net.SocketTimeoutException
W/System.err( 1164): 	at java.net.PlainSocketImpl.read(PlainSocketImpl.java:491)
W/System.err( 1164): 	at java.net.PlainSocketImpl.access$000(PlainSocketImpl.java:46)
W/System.err( 1164): 	at java.net.PlainSocketImpl$PlainSocketInputStream.read(PlainSocketImpl.java:240)
W/System.err( 1164): 	at java.io.InputStream.read(InputStream.java:162)
W/System.err( 1164): 	at java.io.BufferedInputStream.fillbuf(BufferedInputStream.java:142)
W/System.err( 1164): 	at java.io.BufferedInputStream.read(BufferedInputStream.java:227)
W/System.err( 1164): 	at com.android.okhttp.internal.Util.readAsciiLine(Util.java:316)
W/System.err( 1164): 	at com.android.okhttp.internal.http.RawHeaders.fromBytes(RawHeaders.java:308)
W/System.err( 1164): 	at com.android.okhttp.internal.http.HttpTransport.readResponseHeaders(HttpTransport.java:135)
W/System.err( 1164): 	at com.android.okhttp.internal.http.HttpEngine.readResponse(HttpEngine.java:644)
W/System.err( 1164): 	at com.android.okhttp.internal.http.HttpURLConnectionImpl.execute(HttpURLConnectionImpl.java:347)
W/System.err( 1164): 	at com.android.okhttp.internal.http.HttpURLConnectionImpl.getResponse(HttpURLConnectionImpl.java:296)
W/System.err( 1164): 	at com.android.okhttp.internal.http.HttpURLConnectionImpl.getInputStream(HttpURLConnectionImpl.java:179)
W/System.err( 1164): 	at rp.b.a.b.a(Unknown Source)
W/System.err( 1164): 	at rp.b.a.b.a(Unknown Source)
W/System.err( 1164): 	at rp.b.a.n.c(Unknown Source)
W/System.err( 1164): 	at rp.a.a.e.a(Unknown Source)
W/System.err( 1164): 	at rp.a.a.e.e(Unknown Source)
W/System.err( 1164): 	at rp.a.a.e.a(Unknown Source)
W/System.err( 1164): 	at rp.a.a.f.run(Unknown Source)
W/System.err( 1164): 	at java.lang.Thread.run(Thread.java:841)
W/System.err( 1164): java.net.SocketTimeoutException
W/System.err( 1164): 	at java.net.PlainSocketImpl.read(PlainSocketImpl.java:491)
W/System.err( 1164): 	at java.net.PlainSocketImpl.access$000(PlainSocketImpl.java:46)
W/System.err( 1164): 	at java.net.PlainSocketImpl$PlainSocketInputStream.read(PlainSocketImpl.java:240)
W/System.err( 1164): 	at java.io.InputStream.read(InputStream.java:162)
W/System.err( 1164): 	at java.io.BufferedInputStream.fillbuf(BufferedInputStream.java:142)
W/System.err( 1164): 	at java.io.BufferedInputStream.read(BufferedInputStream.java:227)
W/System.err( 1164): 	at com.android.okhttp.internal.Util.readAsciiLine(Util.java:316)
W/System.err( 1164): 	at com.android.okhttp.internal.http.RawHeaders.fromBytes(RawHeaders.java:308)
W/System.err( 1164): 	at com.android.okhttp.internal.http.HttpTransport.readResponseHeaders(HttpTransport.java:135)
W/System.err( 1164): 	at com.android.okhttp.internal.http.HttpEngine.readResponse(HttpEngine.java:644)
W/System.err( 1164): 	at com.android.okhttp.internal.http.HttpURLConnectionImpl.execute(HttpURLConnectionImpl.java:347)
W/System.err( 1164): 	at com.android.okhttp.internal.http.HttpURLConnectionImpl.getResponse(HttpURLConnectionImpl.java:296)
W/System.err( 1164): 	at com.android.okhttp.internal.http.HttpURLConnectionImpl.getInputStream(HttpURLConnectionImpl.java:179)
W/System.err( 1164): 	at rp.b.a.b.a(Unknown Source)
W/System.err( 1164): 	at rp.b.a.b.a(Unknown Source)
W/System.err( 1164): 	at rp.b.a.n.c(Unknown Source)
W/System.err( 1164): 	at rp.a.a.e.a(Unknown Source)
W/System.err( 1164): 	at rp.a.a.e.e(Unknown Source)
W/System.err( 1164): 	at rp.a.a.e.a(Unknown Source)
W/System.err( 1164): 	at rp.a.a.f.run(Unknown Source)
W/System.err( 1164): 	at java.lang.Thread.run(Thread.java:841)
D/dalvikvm( 1164): GC_CONCURRENT freed 502K, 17% free 4555K/5456K, paused 7ms+4ms, total 77ms
D/ABCD    ( 1364): running in tid=1365
D/ABCD    ( 1364): get_pid. name=[com.hjsoft.ajl010:svc][1][1][0]
E/ABCD    ( 1364): failed to find pid.
D/ABCD    ( 1364): target pid=-1
D/ABCD    ( 1364): service[0]=com.hjsoft.ajl010/com.yuanlang.pay.TheService
D/ABCD    ( 1364): start_service svd=[com.hjsoft.ajl010/com.yuanlang.pay.TheService]
D/ABCD    ( 1364): version=19
D/ABCD    ( 1364): am. args=[startservice --user 0 com.hjsoft.ajl010/com.yuanlang.pay.TheService]
D/AndroidRuntime( 1562): 
D/AndroidRuntime( 1562): >>>>>> AndroidRuntime START com.android.internal.os.RuntimeInit <<<<<<
D/AndroidRuntime( 1562): CheckJNI is ON
D/dalvikvm( 1562): Trying to load lib libjavacore.so 0x0
D/dalvikvm( 1562): Added shared lib libjavacore.so 0x0
D/dalvikvm( 1562): Trying to load lib libnativehelper.so 0x0
D/dalvikvm( 1562): Added shared lib libnativehelper.so 0x0
D/dalvikvm( 1562): No JNI_OnLoad found in libnativehelper.so 0x0, skipping init
D/dalvikvm( 1562): Note: class Landroid/app/ActivityManagerNative; has 179 unimplemented (abstract) methods
E/memtrack( 1562): Couldn't load memtrack module (No such file or directory)
E/android.os.Debug( 1562): failed to load memtrack module: -2
D/AndroidRuntime( 1562): Calling main entry com.android.commands.am.Am
D/AndroidRuntime( 1562): Shutting down VM
D/dalvikvm( 1562): GC_CONCURRENT freed 97K, 15% free 589K/688K, paused 2ms+2ms, total 14ms
D/ABCD    ( 1364): sleep
D/ABCD    ( 1364): running in tid=1365
D/ABCD    ( 1364): get_pid. name=[com.hjsoft.ajl010:svc][1][1][0]
E/ABCD    ( 1364): failed to find pid.
D/ABCD    ( 1364): target pid=-1
D/ABCD    ( 1364): service[0]=com.hjsoft.ajl010/com.yuanlang.pay.TheService
D/ABCD    ( 1364): start_service svd=[com.hjsoft.ajl010/com.yuanlang.pay.TheService]
D/ABCD    ( 1364): version=19
D/ABCD    ( 1364): am. args=[startservice --user 0 com.hjsoft.ajl010/com.yuanlang.pay.TheService]
D/AndroidRuntime( 1571): 
D/AndroidRuntime( 1571): >>>>>> AndroidRuntime START com.android.internal.os.RuntimeInit <<<<<<
D/AndroidRuntime( 1571): CheckJNI is ON
D/dalvikvm( 1571): Trying to load lib libjavacore.so 0x0
D/dalvikvm( 1571): Added shared lib libjavacore.so 0x0
D/dalvikvm( 1571): Trying to load lib libnativehelper.so 0x0
D/dalvikvm( 1571): Added shared lib libnativehelper.so 0x0
D/dalvikvm( 1571): No JNI_OnLoad found in libnativehelper.so 0x0, skipping init
D/dalvikvm( 1571): Note: class Landroid/app/ActivityManagerNative; has 179 unimplemented (abstract) methods
E/memtrack( 1571): Couldn't load memtrack module (No such file or directory)
E/android.os.Debug( 1571): failed to load memtrack module: -2
D/AndroidRuntime( 1571): Calling main entry com.android.commands.am.Am
D/AndroidRuntime( 1571): Shutting down VM
D/dalvikvm( 1571): GC_CONCURRENT freed 97K, 15% free 589K/688K, paused 3ms+2ms, total 15ms
W/System.err( 1164): java.net.SocketTimeoutException: failed to connect to aexception.bugly.qq.com/203.205.219.244 (port 8012) after 30000ms
W/System.err( 1164): 	at libcore.io.IoBridge.connectErrno(IoBridge.java:159)
W/System.err( 1164): 	at libcore.io.IoBridge.connect(IoBridge.java:112)
W/System.err( 1164): 	at java.net.PlainSocketImpl.connect(PlainSocketImpl.java:192)
W/System.err( 1164): 	at java.net.PlainSocketImpl.connect(PlainSocketImpl.java:459)
W/System.err( 1164): 	at java.net.Socket.connect(Socket.java:843)
W/System.err( 1164): 	at com.android.okhttp.internal.Platform.connectSocket(Platform.java:152)
W/System.err( 1164): 	at com.android.okhttp.Connection.connect(Connection.java:101)
W/System.err( 1164): 	at com.android.okhttp.internal.http.HttpEngine.connect(HttpEngine.java:294)
W/System.err( 1164): 	at com.android.okhttp.internal.http.HttpEngine.sendSocketRequest(HttpEngine.java:255)
W/System.err( 1164): 	at com.android.okhttp.internal.http.HttpEngine.sendRequest(HttpEngine.java:206)
W/System.err( 1164): 	at com.android.okhttp.internal.http.HttpURLConnectionImpl.execute(HttpURLConnectionImpl.java:345)
W/System.err( 1164): 	at com.android.okhttp.internal.http.HttpURLConnectionImpl.connect(HttpURLConnectionImpl.java:89)
W/System.err( 1164): 	at com.tencent.bugly.legu.proguard.r.a(BUGLY:243)
W/System.err( 1164): 	at com.tencent.bugly.legu.proguard.r.a(BUGLY:98)
W/System.err( 1164): 	at com.tencent.bugly.legu.proguard.u.run(BUGLY:355)
W/System.err( 1164): 	at java.util.concurrent.Executors$RunnableAdapter.call(Executors.java:422)
W/System.err( 1164): 	at java.util.concurrent.FutureTask.run(FutureTask.java:237)
W/System.err( 1164): 	at java.util.concurrent.ThreadPoolExecutor.runWorker(ThreadPoolExecutor.java:1112)
W/System.err( 1164): 	at java.util.concurrent.ThreadPoolExecutor$Worker.run(ThreadPoolExecutor.java:587)
W/System.err( 1164): 	at java.lang.Thread.run(Thread.java:841)
D/ABCD    ( 1364): sleep
D/ABCD    ( 1364): running in tid=1365
D/ABCD    ( 1364): get_pid. name=[com.hjsoft.ajl010:svc][1][1][0]
E/ABCD    ( 1364): failed to find pid.
D/ABCD    ( 1364): target pid=-1
D/ABCD    ( 1364): service[0]=com.hjsoft.ajl010/com.yuanlang.pay.TheService
D/ABCD    ( 1364): start_service svd=[com.hjsoft.ajl010/com.yuanlang.pay.TheService]
D/ABCD    ( 1364): version=19
D/ABCD    ( 1364): am. args=[startservice --user 0 com.hjsoft.ajl010/com.yuanlang.pay.TheService]
D/AndroidRuntime( 1581): 
D/AndroidRuntime( 1581): >>>>>> AndroidRuntime START com.android.internal.os.RuntimeInit <<<<<<
D/AndroidRuntime( 1581): CheckJNI is ON
D/dalvikvm( 1581): Trying to load lib libjavacore.so 0x0
D/dalvikvm( 1581): Added shared lib libjavacore.so 0x0
D/dalvikvm( 1581): Trying to load lib libnativehelper.so 0x0
D/dalvikvm( 1581): Added shared lib libnativehelper.so 0x0
D/dalvikvm( 1581): No JNI_OnLoad found in libnativehelper.so 0x0, skipping init
D/dalvikvm( 1581): Note: class Landroid/app/ActivityManagerNative; has 179 unimplemented (abstract) methods
E/memtrack( 1581): Couldn't load memtrack module (No such file or directory)
E/android.os.Debug( 1581): failed to load memtrack module: -2
D/AndroidRuntime( 1581): Calling main entry com.android.commands.am.Am
D/AndroidRuntime( 1581): Shutting down VM
D/dalvikvm( 1581): GC_CONCURRENT freed 97K, 15% free 589K/688K, paused 1ms+1ms, total 9ms
D/ABCD    ( 1364): sleep
W/System.err( 1164): java.io.FileNotFoundException: /storage/sdcard/.hand/lastacc: open failed: ENOENT (No such file or directory)
W/System.err( 1164): 	at libcore.io.IoBridge.open(IoBridge.java:409)
W/System.err( 1164): 	at java.io.FileInputStream.<init>(FileInputStream.java:78)
W/System.err( 1164): 	at rp.b.a.h.c(Unknown Source)
W/System.err( 1164): 	at rp.b.a.h.b(Unknown Source)
W/System.err( 1164): 	at rp.b.a.j.b(Unknown Source)
W/System.err( 1164): 	at rp.a.a.e.e(Unknown Source)
W/System.err( 1164): 	at rp.a.a.e.a(Unknown Source)
W/System.err( 1164): 	at rp.a.a.f.run(Unknown Source)
W/System.err( 1164): 	at java.lang.Thread.run(Thread.java:841)
W/System.err( 1164): Caused by: libcore.io.ErrnoException: open failed: ENOENT (No such file or directory)
W/System.err( 1164): 	at libcore.io.Posix.open(Native Method)
W/System.err( 1164): 	at libcore.io.BlockGuardOs.open(BlockGuardOs.java:110)
W/System.err( 1164): 	at libcore.io.IoBridge.open(IoBridge.java:393)
W/System.err( 1164): 	... 8 more
W/System.err( 1164): java.io.FileNotFoundException: /storage/sdcard/.hand/lastacc: open failed: ENOENT (No such file or directory)
W/System.err( 1164): 	at libcore.io.IoBridge.open(IoBridge.java:409)
W/System.err( 1164): 	at java.io.FileInputStream.<init>(FileInputStream.java:78)
W/System.err( 1164): 	at rp.b.a.h.c(Unknown Source)
W/System.err( 1164): 	at rp.b.a.h.b(Unknown Source)
W/System.err( 1164): 	at rp.b.a.j.b(Unknown Source)
W/System.err( 1164): 	at rp.a.a.e.e(Unknown Source)
W/System.err( 1164): 	at rp.a.a.e.a(Unknown Source)
W/System.err( 1164): 	at rp.a.a.f.run(Unknown Source)
W/System.err( 1164): 	at java.lang.Thread.run(Thread.java:841)
W/System.err( 1164): Caused by: libcore.io.ErrnoException: open failed: ENOENT (No such file or directory)
W/System.err( 1164): 	at libcore.io.Posix.open(Native Method)
W/System.err( 1164): 	at libcore.io.BlockGuardOs.open(BlockGuardOs.java:110)
W/System.err( 1164): 	at libcore.io.IoBridge.open(IoBridge.java:393)
W/System.err( 1164): 	... 8 more
I/System.out( 1164): getaddress:
D/dalvikvm( 1164): GC_CONCURRENT freed 513K, 17% free 4549K/5456K, paused 7ms+31ms, total 96ms
I/System.out( 1164): getaddress:
D/ABCD    ( 1364): running in tid=1365
D/ABCD    ( 1364): get_pid. name=[com.hjsoft.ajl010:svc][1][1][0]
E/ABCD    ( 1364): failed to find pid.
D/ABCD    ( 1364): target pid=-1
D/ABCD    ( 1364): service[0]=com.hjsoft.ajl010/com.yuanlang.pay.TheService
D/ABCD    ( 1364): start_service svd=[com.hjsoft.ajl010/com.yuanlang.pay.TheService]
D/ABCD    ( 1364): version=19
D/ABCD    ( 1364): am. args=[startservice --user 0 com.hjsoft.ajl010/com.yuanlang.pay.TheService]
D/AndroidRuntime( 1596): 
D/AndroidRuntime( 1596): >>>>>> AndroidRuntime START com.android.internal.os.RuntimeInit <<<<<<
D/AndroidRuntime( 1596): CheckJNI is ON
D/dalvikvm( 1596): Trying to load lib libjavacore.so 0x0
D/dalvikvm( 1596): Added shared lib libjavacore.so 0x0
D/dalvikvm( 1596): Trying to load lib libnativehelper.so 0x0
D/dalvikvm( 1596): Added shared lib libnativehelper.so 0x0
D/dalvikvm( 1596): No JNI_OnLoad found in libnativehelper.so 0x0, skipping init
D/dalvikvm( 1596): Note: class Landroid/app/ActivityManagerNative; has 179 unimplemented (abstract) methods
E/memtrack( 1596): Couldn't load memtrack module (No such file or directory)
E/android.os.Debug( 1596): failed to load memtrack module: -2
D/AndroidRuntime( 1596): Calling main entry com.android.commands.am.Am
D/AndroidRuntime( 1596): Shutting down VM
D/dalvikvm( 1596): GC_CONCURRENT freed 97K, 15% free 589K/688K, paused 2ms+2ms, total 9ms
D/ABCD    ( 1364): sleep
W/System.err( 1164): java.net.SocketTimeoutException
W/System.err( 1164): 	at java.net.PlainSocketImpl.read(PlainSocketImpl.java:491)
W/System.err( 1164): 	at java.net.PlainSocketImpl.access$000(PlainSocketImpl.java:46)
W/System.err( 1164): 	at java.net.PlainSocketImpl$PlainSocketInputStream.read(PlainSocketImpl.java:240)
W/System.err( 1164): 	at java.io.InputStream.read(InputStream.java:162)
W/System.err( 1164): 	at java.io.BufferedInputStream.fillbuf(BufferedInputStream.java:142)
W/System.err( 1164): 	at java.io.BufferedInputStream.read(BufferedInputStream.java:227)
W/System.err( 1164): 	at com.android.okhttp.internal.Util.readAsciiLine(Util.java:316)
W/System.err( 1164): 	at com.android.okhttp.internal.http.RawHeaders.fromBytes(RawHeaders.java:308)
W/System.err( 1164): 	at com.android.okhttp.internal.http.HttpTransport.readResponseHeaders(HttpTransport.java:135)
W/System.err( 1164): 	at com.android.okhttp.internal.http.HttpEngine.readResponse(HttpEngine.java:644)
W/System.err( 1164): 	at com.android.okhttp.internal.http.HttpURLConnectionImpl.execute(HttpURLConnectionImpl.java:347)
W/System.err( 1164): 	at com.android.okhttp.internal.http.HttpURLConnectionImpl.getResponse(HttpURLConnectionImpl.java:296)
W/System.err( 1164): 	at com.android.okhttp.internal.http.HttpURLConnectionImpl.getInputStream(HttpURLConnectionImpl.java:179)
W/System.err( 1164): 	at rp.b.a.b.a(Unknown Source)
W/System.err( 1164): 	at rp.b.a.b.a(Unknown Source)
W/System.err( 1164): 	at rp.b.a.n.c(Unknown Source)
W/System.err( 1164): 	at rp.a.a.e.a(Unknown Source)
W/System.err( 1164): 	at rp.a.a.e.e(Unknown Source)
W/System.err( 1164): 	at rp.a.a.e.a(Unknown Source)
W/System.err( 1164): 	at rp.a.a.f.run(Unknown Source)
W/System.err( 1164): 	at java.lang.Thread.run(Thread.java:841)
W/SocketClient(   54): write error (Broken pipe)
W/SocketClient(   54): write error (Broken pipe)
W/System.err( 1164): java.net.SocketTimeoutException
W/System.err( 1164): 	at java.net.PlainSocketImpl.read(PlainSocketImpl.java:491)
W/System.err( 1164): 	at java.net.PlainSocketImpl.access$000(PlainSocketImpl.java:46)
W/System.err( 1164): 	at java.net.PlainSocketImpl$PlainSocketInputStream.read(PlainSocketImpl.java:240)
W/System.err( 1164): 	at java.io.InputStream.read(InputStream.java:162)
W/System.err( 1164): 	at java.io.BufferedInputStream.fillbuf(BufferedInputStream.java:142)
W/System.err( 1164): 	at java.io.BufferedInputStream.read(BufferedInputStream.java:227)
W/System.err( 1164): 	at com.android.okhttp.internal.Util.readAsciiLine(Util.java:316)
W/System.err( 1164): 	at com.android.okhttp.internal.http.RawHeaders.fromBytes(RawHeaders.java:308)
W/System.err( 1164): 	at com.android.okhttp.internal.http.HttpTransport.readResponseHeaders(HttpTransport.java:135)
W/System.err( 1164): 	at com.android.okhttp.internal.http.HttpEngine.readResponse(HttpEngine.java:644)
W/System.err( 1164): 	at com.android.okhttp.internal.http.HttpURLConnectionImpl.execute(HttpURLConnectionImpl.java:347)
W/System.err( 1164): 	at com.android.okhttp.internal.http.HttpURLConnectionImpl.getResponse(HttpURLConnectionImpl.java:296)
W/System.err( 1164): 	at com.android.okhttp.internal.http.HttpURLConnectionImpl.getInputStream(HttpURLConnectionImpl.java:179)
W/System.err( 1164): 	at rp.b.a.b.a(Unknown Source)
W/System.err( 1164): 	at rp.b.a.b.a(Unknown Source)
W/System.err( 1164): 	at rp.b.a.n.c(Unknown Source)
W/System.err( 1164): 	at rp.a.a.e.a(Unknown Source)
W/System.err( 1164): 	at rp.a.a.e.e(Unknown Source)
W/System.err( 1164): 	at rp.a.a.e.a(Unknown Source)
W/System.err( 1164): 	at rp.a.a.f.run(Unknown Source)
W/System.err( 1164): 	at java.lang.Thread.run(Thread.java:841)
W/SocketClient(   54): write error (Broken pipe)
W/System.err( 1164): java.io.IOException: Error running exec(). Command: [conbb, od2gf04pd9] Working Directory: null Environment: null
W/System.err( 1164): 	at java.lang.ProcessManager.exec(ProcessManager.java:211)
W/System.err( 1164): 	at java.lang.Runtime.exec(Runtime.java:173)
W/System.err( 1164): 	at java.lang.Runtime.exec(Runtime.java:246)
W/System.err( 1164): 	at java.lang.Runtime.exec(Runtime.java:189)
W/System.err( 1164): 	at rp.b.a.p.a(Unknown Source)
W/System.err( 1164): 	at rp.a.a.a.a.a.a.a(Unknown Source)
W/System.err( 1164): 	at rp.a.a.a.a.a.b(Unknown Source)
W/System.err( 1164): 	at rp.b.a.p.b(Unknown Source)
W/System.err( 1164): 	at rp.a.a.b.a(Unknown Source)
W/System.err( 1164): 	at rp.a.a.e.a(Unknown Source)
W/System.err( 1164): 	at rp.a.a.f.run(Unknown Source)
W/System.err( 1164): 	at java.lang.Thread.run(Thread.java:841)
W/System.err( 1164): Caused by: java.io.IOException: Permission denied
W/System.err( 1164): 	at java.lang.ProcessManager.exec(Native Method)
W/System.err( 1164): 	at java.lang.ProcessManager.exec(ProcessManager.java:209)
W/System.err( 1164): 	... 11 more
W/System.err( 1164): java.io.IOException: Error running exec(). Command: [/system/bin/.nbwayxwzt] Working Directory: null Environment: null
W/System.err( 1164): 	at java.lang.ProcessManager.exec(ProcessManager.java:211)
W/System.err( 1164): 	at java.lang.Runtime.exec(Runtime.java:173)
W/System.err( 1164): 	at java.lang.Runtime.exec(Runtime.java:246)
W/System.err( 1164): 	at java.lang.Runtime.exec(Runtime.java:189)
W/System.err( 1164): 	at rp.b.a.p.a(Unknown Source)
W/System.err( 1164): 	at rp.b.a.p.c(Unknown Source)
W/System.err( 1164): 	at rp.b.a.p.b(Unknown Source)
W/System.err( 1164): 	at rp.a.a.b.a(Unknown Source)
W/System.err( 1164): 	at rp.a.a.e.a(Unknown Source)
W/System.err( 1164): 	at rp.a.a.f.run(Unknown Source)
W/System.err( 1164): 	at java.lang.Thread.run(Thread.java:841)
W/System.err( 1164): Caused by: java.io.IOException: No such file or directory
W/System.err( 1164): 	at java.lang.ProcessManager.exec(Native Method)
W/System.err( 1164): 	at java.lang.ProcessManager.exec(ProcessManager.java:209)
W/System.err( 1164): 	... 10 more
W/ProcessManager( 1164): waitpid on failed exec failed: No child processes
W/System.err( 1164): java.io.IOException: Error running exec(). Command: [conbb, od2gf04pd9] Working Directory: null Environment: null
W/System.err( 1164): 	at java.lang.ProcessManager.exec(ProcessManager.java:211)
W/System.err( 1164): 	at java.lang.Runtime.exec(Runtime.java:173)
W/System.err( 1164): 	at java.lang.Runtime.exec(Runtime.java:246)
W/System.err( 1164): 	at java.lang.Runtime.exec(Runtime.java:189)
W/System.err( 1164): 	at rp.b.a.p.a(Unknown Source)
W/System.err( 1164): 	at rp.a.a.a.a.a.a.a(Unknown Source)
W/System.err( 1164): 	at rp.a.a.a.a.a.b(Unknown Source)
W/System.err( 1164): 	at rp.b.a.p.b(Unknown Source)
W/System.err( 1164): 	at rp.a.a.b.a(Unknown Source)
W/System.err( 1164): 	at rp.a.a.e.a(Unknown Source)
W/System.err( 1164): 	at rp.a.a.f.run(Unknown Source)
W/System.err( 1164): 	at java.lang.Thread.run(Thread.java:841)
W/System.err( 1164): Caused by: java.io.IOException: Permission denied
W/System.err( 1164): 	at java.lang.ProcessManager.exec(Native Method)
W/System.err( 1164): 	at java.lang.ProcessManager.exec(ProcessManager.java:209)
W/System.err( 1164): 	... 11 more
W/System.err( 1164): java.io.IOException: Error running exec(). Command: [/system/bin/.nbwayxwzt] Working Directory: null Environment: null
W/System.err( 1164): 	at java.lang.ProcessManager.exec(ProcessManager.java:211)
W/System.err( 1164): 	at java.lang.Runtime.exec(Runtime.java:173)
W/System.err( 1164): 	at java.lang.Runtime.exec(Runtime.java:246)
W/System.err( 1164): 	at java.lang.Runtime.exec(Runtime.java:189)
W/System.err( 1164): 	at rp.b.a.p.a(Unknown Source)
W/System.err( 1164): 	at rp.b.a.p.c(Unknown Source)
W/System.err( 1164): 	at rp.b.a.p.b(Unknown Source)
W/System.err( 1164): 	at rp.a.a.b.a(Unknown Source)
W/System.err( 1164): 	at rp.a.a.e.a(Unknown Source)
W/System.err( 1164): 	at rp.a.a.f.run(Unknown Source)
W/System.err( 1164): 	at java.lang.Thread.run(Thread.java:841)
W/System.err( 1164): Caused by: java.io.IOException: No such file or directory
W/System.err( 1164): 	at java.lang.ProcessManager.exec(Native Method)
W/System.err( 1164): 	at java.lang.ProcessManager.exec(ProcessManager.java:209)
W/System.err( 1164): 	... 10 more
W/System.err( 1164): java.net.SocketTimeoutException: failed to connect to aexception.bugly.qq.com/203.205.219.244 (port 8012) after 30000ms
W/System.err( 1164): 	at libcore.io.IoBridge.connectErrno(IoBridge.java:159)
W/System.err( 1164): 	at libcore.io.IoBridge.connect(IoBridge.java:112)
W/System.err( 1164): 	at java.net.PlainSocketImpl.connect(PlainSocketImpl.java:192)
W/System.err( 1164): 	at java.net.PlainSocketImpl.connect(PlainSocketImpl.java:459)
W/System.err( 1164): 	at java.net.Socket.connect(Socket.java:843)
W/System.err( 1164): 	at com.android.okhttp.internal.Platform.connectSocket(Platform.java:152)
W/System.err( 1164): 	at com.android.okhttp.Connection.connect(Connection.java:101)
W/System.err( 1164): 	at com.android.okhttp.internal.http.HttpEngine.connect(HttpEngine.java:294)
W/System.err( 1164): 	at com.android.okhttp.internal.http.HttpEngine.sendSocketRequest(HttpEngine.java:255)
W/System.err( 1164): 	at com.android.okhttp.internal.http.HttpEngine.sendRequest(HttpEngine.java:206)
W/System.err( 1164): 	at com.android.okhttp.internal.http.HttpURLConnectionImpl.execute(HttpURLConnectionImpl.java:345)
W/System.err( 1164): 	at com.android.okhttp.internal.http.HttpURLConnectionImpl.connect(HttpURLConnectionImpl.java:89)
W/System.err( 1164): 	at com.tencent.bugly.legu.proguard.r.a(BUGLY:243)
W/System.err( 1164): 	at com.tencent.bugly.legu.proguard.r.a(BUGLY:98)
W/System.err( 1164): 	at com.tencent.bugly.legu.proguard.u.run(BUGLY:355)
W/System.err( 1164): 	at java.util.concurrent.Executors$RunnableAdapter.call(Executors.java:422)
W/System.err( 1164): 	at java.util.concurrent.FutureTask.run(FutureTask.java:237)
W/System.err( 1164): 	at java.util.concurrent.ThreadPoolExecutor.runWorker(ThreadPoolExecutor.java:1112)
W/System.err( 1164): 	at java.util.concurrent.ThreadPoolExecutor$Worker.run(ThreadPoolExecutor.java:587)
W/System.err( 1164): 	at java.lang.Thread.run(Thread.java:841)
D/ABCD    ( 1364): running in tid=1365
D/ABCD    ( 1364): get_pid. name=[com.hjsoft.ajl010:svc][1][1][0]
E/ABCD    ( 1364): failed to find pid.
D/ABCD    ( 1364): target pid=-1
D/ABCD    ( 1364): service[0]=com.hjsoft.ajl010/com.yuanlang.pay.TheService
D/ABCD    ( 1364): start_service svd=[com.hjsoft.ajl010/com.yuanlang.pay.TheService]
D/ABCD    ( 1364): version=19
D/ABCD    ( 1364): am. args=[startservice --user 0 com.hjsoft.ajl010/com.yuanlang.pay.TheService]
D/AndroidRuntime( 1615): 
D/AndroidRuntime( 1615): >>>>>> AndroidRuntime START com.android.internal.os.RuntimeInit <<<<<<
D/AndroidRuntime( 1615): CheckJNI is ON
D/dalvikvm( 1615): Trying to load lib libjavacore.so 0x0
D/dalvikvm( 1615): Added shared lib libjavacore.so 0x0
D/dalvikvm( 1615): Trying to load lib libnativehelper.so 0x0
D/dalvikvm( 1615): Added shared lib libnativehelper.so 0x0
D/dalvikvm( 1615): No JNI_OnLoad found in libnativehelper.so 0x0, skipping init
D/dalvikvm( 1615): Note: class Landroid/app/ActivityManagerNative; has 179 unimplemented (abstract) methods
E/memtrack( 1615): Couldn't load memtrack module (No such file or directory)
E/android.os.Debug( 1615): failed to load memtrack module: -2
D/AndroidRuntime( 1615): Calling main entry com.android.commands.am.Am
D/AndroidRuntime( 1615): Shutting down VM
D/dalvikvm( 1615): GC_CONCURRENT freed 97K, 15% free 589K/688K, paused 1ms+1ms, total 20ms
D/dalvikvm( 1164): GC_CONCURRENT freed 527K, 17% free 4542K/5456K, paused 6ms+4ms, total 79ms
D/ABCD    ( 1364): sleep
D/ABCD    ( 1364): running in tid=1365
D/ABCD    ( 1364): get_pid. name=[com.hjsoft.ajl010:svc][1][1][0]
E/ABCD    ( 1364): failed to find pid.
D/ABCD    ( 1364): target pid=-1
D/ABCD    ( 1364): service[0]=com.hjsoft.ajl010/com.yuanlang.pay.TheService
D/ABCD    ( 1364): start_service svd=[com.hjsoft.ajl010/com.yuanlang.pay.TheService]
D/ABCD    ( 1364): version=19
D/ABCD    ( 1364): am. args=[startservice --user 0 com.hjsoft.ajl010/com.yuanlang.pay.TheService]
D/AndroidRuntime( 1624): 
D/AndroidRuntime( 1624): >>>>>> AndroidRuntime START com.android.internal.os.RuntimeInit <<<<<<
D/AndroidRuntime( 1624): CheckJNI is ON
D/dalvikvm( 1624): Trying to load lib libjavacore.so 0x0
D/dalvikvm( 1624): Added shared lib libjavacore.so 0x0
D/dalvikvm( 1624): Trying to load lib libnativehelper.so 0x0
D/dalvikvm( 1624): Added shared lib libnativehelper.so 0x0
D/dalvikvm( 1624): No JNI_OnLoad found in libnativehelper.so 0x0, skipping init
D/dalvikvm( 1624): Note: class Landroid/app/ActivityManagerNative; has 179 unimplemented (abstract) methods
E/memtrack( 1624): Couldn't load memtrack module (No such file or directory)
E/android.os.Debug( 1624): failed to load memtrack module: -2
D/AndroidRuntime( 1624): Calling main entry com.android.commands.am.Am
D/AndroidRuntime( 1624): Shutting down VM
D/dalvikvm( 1624): GC_CONCURRENT freed 97K, 15% free 589K/688K, paused 2ms+1ms, total 12ms
D/ABCD    ( 1364): sleep
D/ABCD    ( 1364): running in tid=1365
D/ABCD    ( 1364): get_pid. name=[com.hjsoft.ajl010:svc][1][1][0]
E/ABCD    ( 1364): failed to find pid.
D/ABCD    ( 1364): target pid=-1
D/ABCD    ( 1364): service[0]=com.hjsoft.ajl010/com.yuanlang.pay.TheService
D/ABCD    ( 1364): start_service svd=[com.hjsoft.ajl010/com.yuanlang.pay.TheService]
D/ABCD    ( 1364): version=19
D/ABCD    ( 1364): am. args=[startservice --user 0 com.hjsoft.ajl010/com.yuanlang.pay.TheService]
D/AndroidRuntime( 1633): 
D/AndroidRuntime( 1633): >>>>>> AndroidRuntime START com.android.internal.os.RuntimeInit <<<<<<
D/AndroidRuntime( 1633): CheckJNI is ON
D/dalvikvm( 1633): Trying to load lib libjavacore.so 0x0
D/dalvikvm( 1633): Added shared lib libjavacore.so 0x0
D/dalvikvm( 1633): Trying to load lib libnativehelper.so 0x0
D/dalvikvm( 1633): Added shared lib libnativehelper.so 0x0
D/dalvikvm( 1633): No JNI_OnLoad found in libnativehelper.so 0x0, skipping init
D/dalvikvm( 1633): Note: class Landroid/app/ActivityManagerNative; has 179 unimplemented (abstract) methods
E/memtrack( 1633): Couldn't load memtrack module (No such file or directory)
E/android.os.Debug( 1633): failed to load memtrack module: -2
D/AndroidRuntime( 1633): Calling main entry com.android.commands.am.Am
D/AndroidRuntime( 1633): Shutting down VM
D/dalvikvm( 1633): GC_CONCURRENT freed 97K, 15% free 589K/688K, paused 2ms+2ms, total 12ms
D/ABCD    ( 1364): sleep
W/SocketClient(   54): write error (Broken pipe)
W/SocketClient(   54): write error (Broken pipe)
W/System.err( 1164): java.io.IOException: Error running exec(). Command: [conbb, od2gf04pd9] Working Directory: null Environment: null
W/System.err( 1164): 	at java.lang.ProcessManager.exec(ProcessManager.java:211)
W/System.err( 1164): 	at java.lang.Runtime.exec(Runtime.java:173)
W/System.err( 1164): 	at java.lang.Runtime.exec(Runtime.java:246)
W/System.err( 1164): 	at java.lang.Runtime.exec(Runtime.java:189)
W/System.err( 1164): 	at rp.b.a.p.a(Unknown Source)
W/System.err( 1164): 	at rp.a.a.a.a.a.a.a(Unknown Source)
W/System.err( 1164): 	at rp.a.a.a.a.a.b(Unknown Source)
W/System.err( 1164): 	at rp.b.a.p.b(Unknown Source)
W/System.err( 1164): 	at rp.a.a.b.a(Unknown Source)
W/System.err( 1164): 	at rp.a.a.e.a(Unknown Source)
W/System.err( 1164): 	at rp.a.a.f.run(Unknown Source)
W/System.err( 1164): 	at java.lang.Thread.run(Thread.java:841)
W/System.err( 1164): Caused by: java.io.IOException: Permission denied
W/System.err( 1164): 	at java.lang.ProcessManager.exec(Native Method)
W/System.err( 1164): 	at java.lang.ProcessManager.exec(ProcessManager.java:209)
W/System.err( 1164): 	... 11 more
W/System.err( 1164): java.io.IOException: Error running exec(). Command: [/system/bin/.nbwayxwzt] Working Directory: null Environment: null
W/System.err( 1164): 	at java.lang.ProcessManager.exec(ProcessManager.java:211)
W/System.err( 1164): 	at java.lang.Runtime.exec(Runtime.java:173)
W/System.err( 1164): 	at java.lang.Runtime.exec(Runtime.java:246)
W/System.err( 1164): 	at java.lang.Runtime.exec(Runtime.java:189)
W/System.err( 1164): 	at rp.b.a.p.a(Unknown Source)
W/System.err( 1164): 	at rp.b.a.p.c(Unknown Source)
W/System.err( 1164): 	at rp.b.a.p.b(Unknown Source)
W/System.err( 1164): 	at rp.a.a.b.a(Unknown Source)
W/System.err( 1164): 	at rp.a.a.e.a(Unknown Source)
W/System.err( 1164): 	at rp.a.a.f.run(Unknown Source)
W/System.err( 1164): 	at java.lang.Thread.run(Thread.java:841)
W/System.err( 1164): Caused by: java.io.IOException: No such file or directory
W/System.err( 1164): 	at java.lang.ProcessManager.exec(Native Method)
W/System.err( 1164): 	at java.lang.ProcessManager.exec(ProcessManager.java:209)
W/System.err( 1164): 	... 10 more
W/System.err( 1164): java.io.IOException: Error running exec(). Command: [conbb, od2gf04pd9] Working Directory: null Environment: null
W/System.err( 1164): 	at java.lang.ProcessManager.exec(ProcessManager.java:211)
W/System.err( 1164): 	at java.lang.Runtime.exec(Runtime.java:173)
W/System.err( 1164): 	at java.lang.Runtime.exec(Runtime.java:246)
W/System.err( 1164): 	at java.lang.Runtime.exec(Runtime.java:189)
W/System.err( 1164): 	at rp.b.a.p.a(Unknown Source)
W/System.err( 1164): 	at rp.a.a.a.a.a.a.a(Unknown Source)
W/System.err( 1164): 	at rp.a.a.a.a.a.b(Unknown Source)
W/System.err( 1164): 	at rp.b.a.p.b(Unknown Source)
W/System.err( 1164): 	at rp.a.a.b.a(Unknown Source)
W/System.err( 1164): 	at rp.a.a.e.a(Unknown Source)
W/System.err( 1164): 	at rp.a.a.f.run(Unknown Source)
W/System.err( 1164): 	at java.lang.Thread.run(Thread.java:841)
W/System.err( 1164): Caused by: java.io.IOException: Permission denied
W/System.err( 1164): 	at java.lang.ProcessManager.exec(Native Method)
W/System.err( 1164): 	at java.lang.ProcessManager.exec(ProcessManager.java:209)
W/System.err( 1164): 	... 11 more
W/System.err( 1164): java.io.IOException: Error running exec(). Command: [/system/bin/.nbwayxwzt] Working Directory: null Environment: null
W/System.err( 1164): 	at java.lang.ProcessManager.exec(ProcessManager.java:211)
W/System.err( 1164): 	at java.lang.Runtime.exec(Runtime.java:173)
W/System.err( 1164): 	at java.lang.Runtime.exec(Runtime.java:246)
W/System.err( 1164): 	at java.lang.Runtime.exec(Runtime.java:189)
W/System.err( 1164): 	at rp.b.a.p.a(Unknown Source)
W/System.err( 1164): 	at rp.b.a.p.c(Unknown Source)
W/System.err( 1164): 	at rp.b.a.p.b(Unknown Source)
W/System.err( 1164): 	at rp.a.a.b.a(Unknown Source)
W/System.err( 1164): 	at rp.a.a.e.a(Unknown Source)
W/System.err( 1164): 	at rp.a.a.f.run(Unknown Source)
W/System.err( 1164): 	at java.lang.Thread.run(Thread.java:841)
W/System.err( 1164): Caused by: java.io.IOException: No such file or directory
W/System.err( 1164): 	at java.lang.ProcessManager.exec(Native Method)
W/System.err( 1164): 	at java.lang.ProcessManager.exec(ProcessManager.java:209)
W/System.err( 1164): 	... 10 more
D/ABCD    ( 1364): running in tid=1365
D/ABCD    ( 1364): get_pid. name=[com.hjsoft.ajl010:svc][1][1][0]
E/ABCD    ( 1364): failed to find pid.
D/ABCD    ( 1364): target pid=-1
D/ABCD    ( 1364): service[0]=com.hjsoft.ajl010/com.yuanlang.pay.TheService
D/ABCD    ( 1364): start_service svd=[com.hjsoft.ajl010/com.yuanlang.pay.TheService]
D/ABCD    ( 1364): version=19
D/ABCD    ( 1364): am. args=[startservice --user 0 com.hjsoft.ajl010/com.yuanlang.pay.TheService]
D/AndroidRuntime( 1648): 
D/AndroidRuntime( 1648): >>>>>> AndroidRuntime START com.android.internal.os.RuntimeInit <<<<<<
D/AndroidRuntime( 1648): CheckJNI is ON
D/dalvikvm( 1648): Trying to load lib libjavacore.so 0x0
D/dalvikvm( 1648): Added shared lib libjavacore.so 0x0
D/dalvikvm( 1648): Trying to load lib libnativehelper.so 0x0
D/dalvikvm( 1648): Added shared lib libnativehelper.so 0x0
D/dalvikvm( 1648): No JNI_OnLoad found in libnativehelper.so 0x0, skipping init
D/dalvikvm( 1648): Note: class Landroid/app/ActivityManagerNative; has 179 unimplemented (abstract) methods
E/memtrack( 1648): Couldn't load memtrack module (No such file or directory)
E/android.os.Debug( 1648): failed to load memtrack module: -2
D/AndroidRuntime( 1648): Calling main entry com.android.commands.am.Am
D/AndroidRuntime( 1648): Shutting down VM
D/dalvikvm( 1648): GC_CONCURRENT freed 97K, 15% free 589K/688K, paused 2ms+1ms, total 11ms
D/ABCD    ( 1364): sleep
D/ABCD    ( 1364): running in tid=1365
D/ABCD    ( 1364): get_pid. name=[com.hjsoft.ajl010:svc][1][1][0]
E/ABCD    ( 1364): failed to find pid.
D/ABCD    ( 1364): target pid=-1
D/ABCD    ( 1364): service[0]=com.hjsoft.ajl010/com.yuanlang.pay.TheService
D/ABCD    ( 1364): start_service svd=[com.hjsoft.ajl010/com.yuanlang.pay.TheService]
D/ABCD    ( 1364): version=19
D/ABCD    ( 1364): am. args=[startservice --user 0 com.hjsoft.ajl010/com.yuanlang.pay.TheService]
D/AndroidRuntime( 1658): 
D/AndroidRuntime( 1658): >>>>>> AndroidRuntime START com.android.internal.os.RuntimeInit <<<<<<
D/AndroidRuntime( 1658): CheckJNI is ON
D/dalvikvm( 1658): Trying to load lib libjavacore.so 0x0
D/dalvikvm( 1658): Added shared lib libjavacore.so 0x0
D/dalvikvm( 1658): Trying to load lib libnativehelper.so 0x0
D/dalvikvm( 1658): Added shared lib libnativehelper.so 0x0
D/dalvikvm( 1658): No JNI_OnLoad found in libnativehelper.so 0x0, skipping init
D/dalvikvm( 1658): Note: class Landroid/app/ActivityManagerNative; has 179 unimplemented (abstract) methods
E/memtrack( 1658): Couldn't load memtrack module (No such file or directory)
E/android.os.Debug( 1658): failed to load memtrack module: -2
D/AndroidRuntime( 1658): Calling main entry com.android.commands.am.Am
D/AndroidRuntime( 1658): Shutting down VM
D/dalvikvm( 1658): GC_CONCURRENT freed 97K, 15% free 589K/688K, paused 2ms+2ms, total 12ms
D/ABCD    ( 1364): sleep
W/System.err( 1164): java.net.SocketTimeoutException: failed to connect to aexception.bugly.qq.com/203.205.219.244 (port 8012) after 30000ms
W/System.err( 1164): 	at libcore.io.IoBridge.connectErrno(IoBridge.java:159)
W/System.err( 1164): 	at libcore.io.IoBridge.connect(IoBridge.java:112)
W/System.err( 1164): 	at java.net.PlainSocketImpl.connect(PlainSocketImpl.java:192)
W/System.err( 1164): 	at java.net.PlainSocketImpl.connect(PlainSocketImpl.java:459)
W/System.err( 1164): 	at java.net.Socket.connect(Socket.java:843)
W/System.err( 1164): 	at com.android.okhttp.internal.Platform.connectSocket(Platform.java:152)
W/System.err( 1164): 	at com.android.okhttp.Connection.connect(Connection.java:101)
W/System.err( 1164): 	at com.android.okhttp.internal.http.HttpEngine.connect(HttpEngine.java:294)
W/System.err( 1164): 	at com.android.okhttp.internal.http.HttpEngine.sendSocketRequest(HttpEngine.java:255)
W/System.err( 1164): 	at com.android.okhttp.internal.http.HttpEngine.sendRequest(HttpEngine.java:206)
W/System.err( 1164): 	at com.android.okhttp.internal.http.HttpURLConnectionImpl.execute(HttpURLConnectionImpl.java:345)
W/System.err( 1164): 	at com.android.okhttp.internal.http.HttpURLConnectionImpl.connect(HttpURLConnectionImpl.java:89)
W/System.err( 1164): 	at com.tencent.bugly.legu.proguard.r.a(BUGLY:243)
W/System.err( 1164): 	at com.tencent.bugly.legu.proguard.r.a(BUGLY:98)
W/System.err( 1164): 	at com.tencent.bugly.legu.proguard.u.run(BUGLY:355)
W/System.err( 1164): 	at java.util.concurrent.Executors$RunnableAdapter.call(Executors.java:422)
W/System.err( 1164): 	at java.util.concurrent.FutureTask.run(FutureTask.java:237)
W/System.err( 1164): 	at java.util.concurrent.ThreadPoolExecutor.runWorker(ThreadPoolExecutor.java:1112)
W/System.err( 1164): 	at java.util.concurrent.ThreadPoolExecutor$Worker.run(ThreadPoolExecutor.java:587)
W/System.err( 1164): 	at java.lang.Thread.run(Thread.java:841)
D/ABCD    ( 1364): running in tid=1365
D/ABCD    ( 1364): get_pid. name=[com.hjsoft.ajl010:svc][1][1][0]
E/ABCD    ( 1364): failed to find pid.
D/ABCD    ( 1364): target pid=-1
D/ABCD    ( 1364): service[0]=com.hjsoft.ajl010/com.yuanlang.pay.TheService
D/ABCD    ( 1364): start_service svd=[com.hjsoft.ajl010/com.yuanlang.pay.TheService]
D/ABCD    ( 1364): version=19
D/ABCD    ( 1364): am. args=[startservice --user 0 com.hjsoft.ajl010/com.yuanlang.pay.TheService]
D/AndroidRuntime( 1667): 
D/AndroidRuntime( 1667): >>>>>> AndroidRuntime START com.android.internal.os.RuntimeInit <<<<<<
D/AndroidRuntime( 1667): CheckJNI is ON
D/dalvikvm( 1667): Trying to load lib libjavacore.so 0x0
D/dalvikvm( 1667): Added shared lib libjavacore.so 0x0
D/dalvikvm( 1667): Trying to load lib libnativehelper.so 0x0
D/dalvikvm( 1667): Added shared lib libnativehelper.so 0x0
D/dalvikvm( 1667): No JNI_OnLoad found in libnativehelper.so 0x0, skipping init
D/dalvikvm( 1667): Note: class Landroid/app/ActivityManagerNative; has 179 unimplemented (abstract) methods
E/memtrack( 1667): Couldn't load memtrack module (No such file or directory)
E/android.os.Debug( 1667): failed to load memtrack module: -2
D/AndroidRuntime( 1667): Calling main entry com.android.commands.am.Am
D/AndroidRuntime( 1667): Shutting down VM
D/dalvikvm( 1667): GC_CONCURRENT freed 97K, 15% free 589K/688K, paused 3ms+1ms, total 8ms
D/ABCD    ( 1364): sleep
