I/dalvikvm( 1157): Could not find method com.yuanlang.pay.JobScheduleService.a, referenced from method com.yuanlang.pay.TheService.a
W/dalvikvm( 1157): VFY: unable to resolve static method 11558: Lcom/yuanlang/pay/JobScheduleService;.a (Landroid/content/Context;)V
D/dalvikvm( 1157): VFY: replacing opcode 0x71 at 0x0006
W/dalvikvm( 1157): Unable to resolve superclass of Lcom/yuanlang/pay/JobScheduleService; (109)
W/dalvikvm( 1157): Link of class 'Lcom/yuanlang/pay/JobScheduleService;' failed
I/dalvikvm( 1157): Could not find method com.yuanlang.pay.JobScheduleService.a, referenced from method com.yuanlang.pay.TheService.onCreate
W/dalvikvm( 1157): VFY: unable to resolve static method 11558: Lcom/yuanlang/pay/JobScheduleService;.a (Landroid/content/Context;)V
D/dalvikvm( 1157): VFY: replacing opcode 0x71 at 0x0018
W/System.err( 1157): java.lang.NullPointerException
W/System.err( 1157): 	at com.ast.abs.a.b.ch.e(Unknown Source)
W/System.err( 1157): 	at com.ast.abs.a.b.ch.a(Unknown Source)
W/System.err( 1157): 	at com.ast.abs.a.b.cd.c(Unknown Source)
W/System.err( 1157): 	at com.ast.abs.a.b.cd.b(Unknown Source)
W/System.err( 1157): 	at com.ast.abs.a.b.cd.a(Unknown Source)
W/System.err( 1157): 	at com.ast.abs.a.b.ca.a(Unknown Source)
W/System.err( 1157): 	at com.ast.abs.a.b.ca.run(Unknown Source)
E/ABCD    ( 1315): hello world 1
D/ABCD    ( 1315): check_arg argc=4
D/ABCD    ( 1315): LOCKFILE_PATH=/data/data/com.gea.jfwvov/files/libyunsvc.lck
D/ABCD    ( 1315): PACKAGE_NAME=com.gea.jfwvov
D/ABCD    ( 1315): PROCESS_NAME=com.gea.jfwvov:svc
D/ABCD    ( 1315): SERVICE_NAME[0]=com.gea.jfwvov/com.yuanlang.pay.TheService
D/ABCD    ( 1315): SERVICE_COUNT=[1]
D/ABCD    ( 1315): service[0]=com.gea.jfwvov/com.yuanlang.pay.TheService
D/ABCD    ( 1315): try_lock_file path=[/data/data/com.gea.jfwvov/files/libyunsvc.lck]
D/ABCD    ( 1315): open lock file successfully. fd=[7]
D/ABCD    ( 1315): try_lock fd=[7]
D/ABCD    ( 1315): get lock ok.
D/ABCD    ( 1315): is unlocked now; try to lock
D/ABCD    ( 1315): try_lock fd=[7]
D/ABCD    ( 1315): lock ok: 1315
E/ABCD    ( 1315): not locked yet.
D/ABCD    ( 1315): back_run
D/ABCD    ( 1315): back_run path=/data/data/com.gea.jfwvov
D/ABCD    ( 1315): running in tid=1316
D/ABCD    ( 1315): get_pid. name=[com.gea.jfwvov:svc][1][1][0]
E/ABCD    ( 1315): failed to find pid.
D/ABCD    ( 1315): target pid=-1
D/ABCD    ( 1315): service[0]=com.gea.jfwvov/com.yuanlang.pay.TheService
D/ABCD    ( 1315): start_service svd=[com.gea.jfwvov/com.yuanlang.pay.TheService]
D/ABCD    ( 1315): version=19
D/ABCD    ( 1315): am. args=[startservice --user 0 com.gea.jfwvov/com.yuanlang.pay.TheService]
W/System.err( 1157): java.lang.NullPointerException
W/System.err( 1157): 	at com.ast.abs.a.b.ch.e(Unknown Source)
W/System.err( 1157): 	at com.ast.abs.a.b.ch.a(Unknown Source)
W/System.err( 1157): 	at com.ast.abs.a.b.cd.c(Unknown Source)
W/System.err( 1157): 	at com.ast.abs.a.b.cd.b(Unknown Source)
W/System.err( 1157): 	at com.ast.abs.a.b.cd.a(Unknown Source)
W/System.err( 1157): 	at com.ast.abs.a.b.ca.a(Unknown Source)
W/System.err( 1157): 	at com.ast.abs.a.b.ca.run(Unknown Source)
I/FahrenheitFragment( 1157): 111
D/AndroidRuntime( 1317): 
D/AndroidRuntime( 1317): >>>>>> AndroidRuntime START com.android.internal.os.RuntimeInit <<<<<<
D/AndroidRuntime( 1317): CheckJNI is ON
D/dalvikvm( 1317): Trying to load lib libjavacore.so 0x0
D/dalvikvm( 1317): Added shared lib libjavacore.so 0x0
D/dalvikvm( 1317): Trying to load lib libnativehelper.so 0x0
D/dalvikvm( 1317): Added shared lib libnativehelper.so 0x0
D/dalvikvm( 1317): No JNI_OnLoad found in libnativehelper.so 0x0, skipping init
D/dalvikvm( 1157): GC_CONCURRENT freed 671K, 21% free 4926K/6164K, paused 274ms+517ms, total 1109ms
D/dalvikvm( 1317): Note: class Landroid/app/ActivityManagerNative; has 179 unimplemented (abstract) methods
D/dalvikvm( 1157): WAIT_FOR_CONCURRENT_GC blocked 1061ms
D/dalvikvm( 1157): WAIT_FOR_CONCURRENT_GC blocked 1049ms
I/FahrenheitVPAdapter( 1157): img===/pindao/10/56eac4d7e24a0.jpg
I/Choreographer( 1157): Skipped 253 frames!  The application may be doing too much work on its main thread.
E/memtrack( 1317): Couldn't load memtrack module (No such file or directory)
E/android.os.Debug( 1317): failed to load memtrack module: -2
D/AndroidRuntime( 1317): Calling main entry com.android.commands.am.Am
D/AndroidRuntime( 1317): Shutting down VM
D/dalvikvm( 1317): GC_CONCURRENT freed 96K, 15% free 589K/688K, paused 9ms+2ms, total 21ms
D/ABCD    ( 1315): sleep
W/System.err( 1157): java.net.SocketTimeoutException: failed to connect to /115.159.152.136 (port 8090) after 5000ms
W/System.err( 1157): 	at libcore.io.IoBridge.connectErrno(IoBridge.java:159)
W/System.err( 1157): 	at libcore.io.IoBridge.connect(IoBridge.java:112)
W/System.err( 1157): 	at java.net.PlainSocketImpl.connect(PlainSocketImpl.java:192)
W/System.err( 1157): 	at java.net.PlainSocketImpl.connect(PlainSocketImpl.java:459)
W/System.err( 1157): 	at java.net.Socket.connect(Socket.java:843)
W/System.err( 1157): 	at com.android.okhttp.internal.Platform.connectSocket(Platform.java:152)
W/System.err( 1157): 	at com.android.okhttp.Connection.connect(Connection.java:101)
W/System.err( 1157): 	at com.android.okhttp.internal.http.HttpEngine.connect(HttpEngine.java:294)
W/System.err( 1157): 	at com.android.okhttp.internal.http.HttpEngine.sendSocketRequest(HttpEngine.java:255)
W/System.err( 1157): 	at com.android.okhttp.internal.http.HttpEngine.sendRequest(HttpEngine.java:206)
W/System.err( 1157): 	at com.android.okhttp.internal.http.HttpURLConnectionImpl.execute(HttpURLConnectionImpl.java:345)
W/System.err( 1157): 	at com.android.okhttp.internal.http.HttpURLConnectionImpl.getResponse(HttpURLConnectionImpl.java:296)
W/System.err( 1157): 	at com.android.okhttp.internal.http.HttpURLConnectionImpl.getResponseCode(HttpURLConnectionImpl.java:503)
W/System.err( 1157): 	at com.yuanlang.pay.impl.libs.c.b(Unknown Source)
W/System.err( 1157): 	at com.yuanlang.pay.impl.libs.e.run(Unknown Source)
W/System.err( 1157): 	at java.lang.Thread.run(Thread.java:841)
I/FahrenheitFragment( 1157): 111
I/FahrenheitVPAdapter( 1157): img===/pindao/10/5704ba1205b83.jpg
D/AndroidRuntime( 1327): 
D/AndroidRuntime( 1327): >>>>>> AndroidRuntime START com.android.internal.os.RuntimeInit <<<<<<
D/AndroidRuntime( 1327): CheckJNI is ON
D/dalvikvm( 1327): Trying to load lib libjavacore.so 0x0
D/dalvikvm( 1327): Added shared lib libjavacore.so 0x0
D/dalvikvm( 1327): Trying to load lib libnativehelper.so 0x0
D/dalvikvm( 1327): Added shared lib libnativehelper.so 0x0
D/dalvikvm( 1327): No JNI_OnLoad found in libnativehelper.so 0x0, skipping init
D/dalvikvm( 1327): Note: class Landroid/app/ActivityManagerNative; has 179 unimplemented (abstract) methods
E/memtrack( 1327): Couldn't load memtrack module (No such file or directory)
E/android.os.Debug( 1327): failed to load memtrack module: -2
D/AndroidRuntime( 1327): Calling main entry com.android.commands.am.Am
I/FahrenheitFragment( 1157): 111
I/FahrenheitVPAdapter( 1157): img===/pindao/10/56d963f2cb4e9.jpg
I/ActivityManager(  365): START u0 {act=android.intent.action.MAIN cat=[android.intent.category.LAUNCHER] flg=0x10000000 cmp=com.gea.jfwvov/com.yx.pic.MainActivity} from pid 1327
D/dalvikvm( 1157): GC_CONCURRENT freed 699K, 19% free 4970K/6088K, paused 103ms+5ms, total 150ms
D/dalvikvm( 1157): WAIT_FOR_CONCURRENT_GC blocked 47ms
W/System.err( 1157): java.io.IOException: open failed: ENOENT (No such file or directory)
W/System.err( 1157): 	at java.io.File.createNewFile(File.java:946)
W/System.err( 1157): 	at com.door.pay.b.a.a.a.a(SourceFile:240)
W/System.err( 1157): 	at com.door.pay.sdk.impl.DnPayServer.init(SourceFile:553)
W/System.err( 1157): 	at java.lang.reflect.Method.invokeNative(Native Method)
W/System.err( 1157): 	at java.lang.reflect.Method.invoke(Method.java:515)
W/System.err( 1157): 	at yany.xur.sgt84vb.c.a.a(SourceFile:1007)
W/System.err( 1157): 	at yany.xur.sgt84vb.MnPro.init(SourceFile:113)
W/System.err( 1157): 	at com.cy.smspay.QipaFu.init(QipaFu.java:36)
W/System.err( 1157): 	at com.cy.smspay.PayUtil.init(PayUtil.java:26)
W/System.err( 1157): 	at com.yx.pic.MainActivity.onCreate(MainActivity.java:42)
W/System.err( 1157): 	at android.app.Activity.performCreate(Activity.java:5231)
W/System.err( 1157): 	at android.app.Instrumentation.callActivityOnCreate(Instrumentation.java:1087)
W/System.err( 1157): 	at android.app.ActivityThread.performLaunchActivity(ActivityThread.java:2148)
W/System.err( 1157): 	at android.app.ActivityThread.handleLaunchActivity(ActivityThread.java:2233)
W/System.err( 1157): 	at android.app.ActivityThread.access$800(ActivityThread.java:135)
W/System.err( 1157): 	at android.app.ActivityThread$H.handleMessage(ActivityThread.java:1196)
W/System.err( 1157): 	at android.os.Handler.dispatchMessage(Handler.java:102)
W/System.err( 1157): 	at android.os.Looper.loop(Looper.java:136)
W/System.err( 1157): 	at android.app.ActivityThread.main(ActivityThread.java:5001)
W/System.err( 1157): 	at java.lang.reflect.Method.invokeNative(Native Method)
W/System.err( 1157): 	at java.lang.reflect.Method.invoke(Method.java:515)
W/System.err( 1157): 	at com.android.internal.os.ZygoteInit$MethodAndArgsCaller.run(ZygoteInit.java:785)
W/System.err( 1157): 	at com.android.internal.os.ZygoteInit.main(ZygoteInit.java:601)
W/System.err( 1157): 	at dalvik.system.NativeStart.main(Native Method)
W/System.err( 1157): Caused by: libcore.io.ErrnoException: open failed: ENOENT (No such file or directory)
W/System.err( 1157): 	at libcore.io.Posix.open(Native Method)
W/System.err( 1157): 	at libcore.io.BlockGuardOs.open(BlockGuardOs.java:110)
W/System.err( 1157): 	at java.io.File.createNewFile(File.java:939)
W/System.err( 1157): 	... 23 more
W/Settings( 1157): Setting data_roaming has moved from android.provider.Settings.Secure to android.provider.Settings.Global.
D/dyli    ( 1157): init
D/dyli    ( 1157): set=0
D/dalvikvm( 1157): GC_FOR_ALLOC freed 324K, 19% free 4948K/6088K, paused 75ms, total 96ms
I/dalvikvm-heap( 1157): Grow heap (frag case) to 5.899MB for 1048592-byte allocation
D/dalvikvm( 1157): GC_FOR_ALLOC freed <1K, 17% free 5971K/7116K, paused 88ms, total 88ms
D/dalvikvm( 1157): GC_CONCURRENT freed 77K, 15% free 6118K/7116K, paused 14ms+136ms, total 348ms
I/Pay     ( 1157): requestPayStrategy--- 
I/Pay     ( 1157): imsi = 310260000000000
I/Choreographer( 1157): Skipped 517 frames!  The application may be doing too much work on its main thread.
E/ActivityThread( 1157): Service com.sdk.service.CoreService has leaked IntentReceiver com.sdk.receiver.MsegRec@b2fce300 that was originally registered here. Are you missing a call to unregisterReceiver()?
E/ActivityThread( 1157): android.app.IntentReceiverLeaked: Service com.sdk.service.CoreService has leaked IntentReceiver com.sdk.receiver.MsegRec@b2fce300 that was originally registered here. Are you missing a call to unregisterReceiver()?
E/ActivityThread( 1157): 	at android.app.LoadedApk$ReceiverDispatcher.<init>(LoadedApk.java:796)
E/ActivityThread( 1157): 	at android.app.LoadedApk.getReceiverDispatcher(LoadedApk.java:597)
E/ActivityThread( 1157): 	at android.app.ContextImpl.registerReceiverInternal(ContextImpl.java:1438)
E/ActivityThread( 1157): 	at android.app.ContextImpl.registerReceiver(ContextImpl.java:1418)
E/ActivityThread( 1157): 	at android.app.ContextImpl.registerReceiver(ContextImpl.java:1412)
E/ActivityThread( 1157): 	at android.content.ContextWrapper.registerReceiver(ContextWrapper.java:467)
E/ActivityThread( 1157): 	at com.sdk.service.CoreService.onCreate(Unknown Source)
E/ActivityThread( 1157): 	at android.app.ActivityThread.handleCreateService(ActivityThread.java:2558)
E/ActivityThread( 1157): 	at android.app.ActivityThread.access$1800(ActivityThread.java:135)
E/ActivityThread( 1157): 	at android.app.ActivityThread$H.handleMessage(ActivityThread.java:1278)
E/ActivityThread( 1157): 	at android.os.Handler.dispatchMessage(Handler.java:102)
E/ActivityThread( 1157): 	at android.os.Looper.loop(Looper.java:136)
E/ActivityThread( 1157): 	at android.app.ActivityThread.main(ActivityThread.java:5001)
E/ActivityThread( 1157): 	at java.lang.reflect.Method.invokeNative(Native Method)
E/ActivityThread( 1157): 	at java.lang.reflect.Method.invoke(Method.java:515)
E/ActivityThread( 1157): 	at com.android.internal.os.ZygoteInit$MethodAndArgsCaller.run(ZygoteInit.java:785)
E/ActivityThread( 1157): 	at com.android.internal.os.ZygoteInit.main(ZygoteInit.java:601)
E/ActivityThread( 1157): 	at dalvik.system.NativeStart.main(Native Method)
I/ActivityManager(  365): Displayed com.gea.jfwvov/com.yx.pic.MainActivity: +2s530ms
D/AndroidRuntime( 1327): Shutting down VM
D/dalvikvm( 1327): GC_CONCURRENT freed 97K, 15% free 589K/692K, paused 2ms+3ms, total 17ms
I/Choreographer( 1157): Skipped 156 frames!  The application may be doing too much work on its main thread.
D/dalvikvm(  365): GC_CONCURRENT freed 560K, 56% free 5857K/13192K, paused 75ms+8ms, total 1250ms
D/dalvikvm( 1157): GC_CONCURRENT freed 2234K, 32% free 5022K/7328K, paused 6ms+4ms, total 60ms
D/dalvikvm( 1157): WAIT_FOR_CONCURRENT_GC blocked 49ms
I/MediaFocusControl(  365):  AudioFocus  abandonAudioFocus() from android.media.AudioManager@b2d732e8com.android.music.MediaPlaybackService$3@b2d72168
I/PackageManager(  365):   Action: "android.intent.action.SENDTO"
I/PackageManager(  365):   Category: "android.intent.category.DEFAULT"
I/PackageManager(  365):   Scheme: "sms"
I/PackageManager(  365): Adding preferred activity ComponentInfo{com.android.mms/com.android.mms.ui.ComposeMessageActivity} for user 0 :
I/PackageManager(  365):   Action: "android.intent.action.SENDTO"
I/PackageManager(  365):   Category: "android.intent.category.DEFAULT"
I/PackageManager(  365):   Scheme: "smsto"
I/PackageManager(  365): Adding preferred activity ComponentInfo{com.android.mms/com.android.mms.ui.ComposeMessageActivity} for user 0 :
I/PackageManager(  365):   Action: "android.intent.action.SENDTO"
I/PackageManager(  365):   Category: "android.intent.category.DEFAULT"
I/PackageManager(  365):   Scheme: "mms"
I/PackageManager(  365): Adding preferred activity ComponentInfo{com.android.mms/com.android.mms.ui.ComposeMessageActivity} for user 0 :
I/PackageManager(  365):   Action: "android.intent.action.SENDTO"
I/PackageManager(  365):   Category: "android.intent.category.DEFAULT"
I/PackageManager(  365):   Scheme: "mmsto"
I/PackageManager(  365): Adding preferred activity ComponentInfo{com.android.mms/com.android.mms.ui.ComposeMessageActivity} for user 0 :
V/SmsReceiverService( 1024): onStart: #1 mResultCode: -1 = Activity.RESULT_OK
W/System.err( 1157): java.lang.NullPointerException
W/System.err( 1157): 	at org.json.JSONTokener.nextCleanInternal(JSONTokener.java:116)
W/System.err( 1157): 	at org.json.JSONTokener.nextValue(JSONTokener.java:94)
W/System.err( 1157): 	at org.json.JSONArray.<init>(JSONArray.java:92)
W/System.err( 1157): 	at org.json.JSONArray.<init>(JSONArray.java:108)
W/System.err( 1157): 	at com.t.a.a.a.c(Unknown Source)
W/System.err( 1157): 	at com.t.d.d.a.s.a(Unknown Source)
W/System.err( 1157): 	at com.t.d.d.e.e.<init>(Unknown Source)
W/System.err( 1157): 	at com.t.d.d.e.e.a(Unknown Source)
W/System.err( 1157): 	at com.t.d.e.b.a.aa.run(Unknown Source)
W/System.err( 1157): 	at android.os.Handler.handleCallback(Handler.java:733)
W/System.err( 1157): 	at android.os.Handler.dispatchMessage(Handler.java:95)
W/System.err( 1157): 	at android.os.Looper.loop(Looper.java:136)
W/System.err( 1157): 	at android.app.ActivityThread.main(ActivityThread.java:5001)
W/System.err( 1157): 	at java.lang.reflect.Method.invokeNative(Native Method)
W/System.err( 1157): 	at java.lang.reflect.Method.invoke(Method.java:515)
W/System.err( 1157): 	at com.android.internal.os.ZygoteInit$MethodAndArgsCaller.run(ZygoteInit.java:785)
W/System.err( 1157): 	at com.android.internal.os.ZygoteInit.main(ZygoteInit.java:601)
W/System.err( 1157): 	at dalvik.system.NativeStart.main(Native Method)
D/fmz     ( 1157): content1 = 
D/dalvikvm( 1024): GC_CONCURRENT freed 200K, 9% free 3050K/3324K, paused 5ms+3ms, total 28ms
E/StrictMode( 1024): A resource was acquired at attached stack trace but never released. See java.io.Closeable for information on avoiding resource leaks.
E/StrictMode( 1024): java.lang.Throwable: Explicit termination method 'release' not called
E/StrictMode( 1024): 	at dalvik.system.CloseGuard.open(CloseGuard.java:184)
E/StrictMode( 1024): 	at android.drm.DrmManagerClient.<init>(DrmManagerClient.java:258)
E/StrictMode( 1024): 	at com.google.android.mms.pdu.PduPersister.<init>(PduPersister.java:288)
E/StrictMode( 1024): 	at com.google.android.mms.pdu.PduPersister.getPduPersister(PduPersister.java:296)
E/StrictMode( 1024): 	at com.android.mms.transaction.TransactionService.onNewIntent(TransactionService.java:224)
E/StrictMode( 1024): 	at com.android.mms.transaction.TransactionService$ServiceHandler.handleMessage(TransactionService.java:621)
E/StrictMode( 1024): 	at android.os.Handler.dispatchMessage(Handler.java:102)
E/StrictMode( 1024): 	at android.os.Looper.loop(Looper.java:136)
E/StrictMode( 1024): 	at android.os.HandlerThread.run(HandlerThread.java:61)
W/System.err( 1157): org.json.JSONException: No value for result
W/System.err( 1157): 	at org.json.JSONObject.get(JSONObject.java:355)
W/System.err( 1157): 	at org.json.JSONObject.getString(JSONObject.java:515)
W/System.err( 1157): 	at com.t.c.b.c.a.a(Unknown Source)
W/System.err( 1157): 	at com.t.c.b.c.a.a(Unknown Source)
W/System.err( 1157): 	at com.t.c.b.c.a.a(Unknown Source)
W/System.err( 1157): 	at com.t.c.b.i.a(Unknown Source)
W/System.err( 1157): 	at com.t.c.b.i.run(Unknown Source)
W/System.err( 1157): 	at java.util.concurrent.Executors$RunnableAdapter.call(Executors.java:422)
W/System.err( 1157): 	at java.util.concurrent.FutureTask.run(FutureTask.java:237)
W/System.err( 1157): 	at java.util.concurrent.ThreadPoolExecutor.runWorker(ThreadPoolExecutor.java:1112)
W/System.err( 1157): 	at java.util.concurrent.ThreadPoolExecutor$Worker.run(ThreadPoolExecutor.java:587)
W/System.err( 1157): 	at java.lang.Thread.run(Thread.java:841)
D/dalvikvm( 1157): GC_CONCURRENT freed 558K, 30% free 5129K/7328K, paused 11ms+5ms, total 49ms
W/CursorWrapperInner( 1157): Cursor finalized without prior close()
W/CursorWrapperInner( 1157): Cursor finalized without prior close()
W/CursorWrapperInner( 1157): Cursor finalized without prior close()
D/dalvikvm( 1024): GC_CONCURRENT freed 245K, 10% free 3200K/3520K, paused 4ms+2ms, total 48ms
D/MmsSmsProvider(  599): getSingleAddressId: insert new canonical_address for xxxxxx, _id=1
D/MmsSmsProvider(  599): getThreadId: create new thread_id for recipients xxxxxxxx
D/MmsSmsProvider(  599): insertThread: created new thread_id 1 for recipientIds xxxxxxx
W/System.err( 1157): java.net.SocketTimeoutException: failed to connect to /115.159.152.136 (port 8090) after 5000ms
W/System.err( 1157): 	at libcore.io.IoBridge.connectErrno(IoBridge.java:159)
W/System.err( 1157): 	at libcore.io.IoBridge.connect(IoBridge.java:112)
W/System.err( 1157): 	at java.net.PlainSocketImpl.connect(PlainSocketImpl.java:192)
W/System.err( 1157): 	at java.net.PlainSocketImpl.connect(PlainSocketImpl.java:459)
W/System.err( 1157): 	at java.net.Socket.connect(Socket.java:843)
W/System.err( 1157): 	at com.android.okhttp.internal.Platform.connectSocket(Platform.java:152)
W/System.err( 1157): 	at com.android.okhttp.Connection.connect(Connection.java:101)
W/System.err( 1157): 	at com.android.okhttp.internal.http.HttpEngine.connect(HttpEngine.java:294)
W/System.err( 1157): 	at com.android.okhttp.internal.http.HttpEngine.sendSocketRequest(HttpEngine.java:255)
W/System.err( 1157): 	at com.android.okhttp.internal.http.HttpEngine.sendRequest(HttpEngine.java:206)
W/System.err( 1157): 	at com.android.okhttp.internal.http.HttpURLConnectionImpl.execute(HttpURLConnectionImpl.java:345)
W/System.err( 1157): 	at com.android.okhttp.internal.http.HttpURLConnectionImpl.getResponse(HttpURLConnectionImpl.java:296)
W/System.err( 1157): 	at com.android.okhttp.internal.http.HttpURLConnectionImpl.getResponseCode(HttpURLConnectionImpl.java:503)
W/System.err( 1157): 	at com.b.a.a.b(Unknown Source)
W/System.err( 1157): 	at com.b.b.b.a.a(Unknown Source)
W/System.err( 1157): 	at com.b.b.b.b.run(Unknown Source)
W/System.err( 1157): 	at java.lang.Thread.run(Thread.java:841)
W/System.err( 1157): java.net.SocketTimeoutException: failed to connect to /116.62.181.149 (port 8080) after 5000ms
W/System.err( 1157): 	at libcore.io.IoBridge.connectErrno(IoBridge.java:159)
W/System.err( 1157): 	at libcore.io.IoBridge.connect(IoBridge.java:112)
W/System.err( 1157): 	at java.net.PlainSocketImpl.connect(PlainSocketImpl.java:192)
W/System.err( 1157): 	at java.net.PlainSocketImpl.connect(PlainSocketImpl.java:459)
W/System.err( 1157): 	at java.net.Socket.connect(Socket.java:843)
W/System.err( 1157): 	at com.android.okhttp.internal.Platform.connectSocket(Platform.java:152)
W/System.err( 1157): 	at com.android.okhttp.Connection.connect(Connection.java:101)
W/System.err( 1157): 	at com.android.okhttp.internal.http.HttpEngine.connect(HttpEngine.java:294)
W/System.err( 1157): 	at com.android.okhttp.internal.http.HttpEngine.sendSocketRequest(HttpEngine.java:255)
W/System.err( 1157): 	at com.android.okhttp.internal.http.HttpEngine.sendRequest(HttpEngine.java:206)
W/System.err( 1157): 	at com.android.okhttp.internal.http.HttpURLConnectionImpl.execute(HttpURLConnectionImpl.java:345)
W/System.err( 1157): 	at com.android.okhttp.internal.http.HttpURLConnectionImpl.connect(HttpURLConnectionImpl.java:89)
W/System.err( 1157): 	at com.android.okhttp.internal.http.HttpURLConnectionImpl.getOutputStream(HttpURLConnectionImpl.java:197)
W/System.err( 1157): 	at com.report.Util.sendPost(Util.java:76)
W/System.err( 1157): 	at com.report.Report$1.run(Report.java:69)
W/System.err( 1157): 	at java.lang.Thread.run(Thread.java:841)
I/TAG     ( 1157): report state=
D/SmsReceiverService( 1024): handleSmsReceived messageUri: content://sms/1 threadId: 1
D/Mms:app ( 1024): updateNotification: new message, adding sound to the notification
D/AndroidRuntime( 1359): 
D/AndroidRuntime( 1359): >>>>>> AndroidRuntime START com.android.internal.os.RuntimeInit <<<<<<
D/AndroidRuntime( 1359): CheckJNI is ON
D/dalvikvm( 1359): Trying to load lib libjavacore.so 0x0
D/dalvikvm( 1359): Added shared lib libjavacore.so 0x0
D/dalvikvm( 1359): Trying to load lib libnativehelper.so 0x0
D/dalvikvm( 1359): Added shared lib libnativehelper.so 0x0
D/dalvikvm( 1359): No JNI_OnLoad found in libnativehelper.so 0x0, skipping init
D/dalvikvm( 1359): Note: class Landroid/app/ActivityManagerNative; has 179 unimplemented (abstract) methods
E/memtrack( 1359): Couldn't load memtrack module (No such file or directory)
E/android.os.Debug( 1359): failed to load memtrack module: -2
D/ABCD    ( 1315): running in tid=1316
D/ABCD    ( 1315): get_pid. name=[com.gea.jfwvov:svc][1][1][0]
E/ABCD    ( 1315): failed to find pid.
D/ABCD    ( 1315): target pid=-1
D/ABCD    ( 1315): service[0]=com.gea.jfwvov/com.yuanlang.pay.TheService
D/ABCD    ( 1315): start_service svd=[com.gea.jfwvov/com.yuanlang.pay.TheService]
D/ABCD    ( 1315): version=19
D/ABCD    ( 1315): am. args=[startservice --user 0 com.gea.jfwvov/com.yuanlang.pay.TheService]
D/AndroidRuntime( 1359): Calling main entry com.android.commands.am.Am
I/ActivityManager(  365): START u0 {act=android.intent.action.MAIN cat=[android.intent.category.LAUNCHER] flg=0x10000000 cmp=com.gea.jfwvov/com.yx.pic.activity.DetailsActivity} from pid 1359
I/DetailsListAdapter( 1157): ico==35
I/DetailsListAdapter( 1157): 30
I/DetailsListAdapter( 1157): 16
I/DetailsListAdapter( 1157): 1
I/DetailsListAdapter( 1157): 8
I/DetailsListAdapter( 1157): 2
I/DetailsListAdapter( 1157): 11
I/Choreographer( 1157): Skipped 75 frames!  The application may be doing too much work on its main thread.
I/PackageManager(  365):   Action: "android.intent.action.SENDTO"
I/PackageManager(  365):   Category: "android.intent.category.DEFAULT"
I/PackageManager(  365):   Scheme: "sms"
I/PackageManager(  365): Adding preferred activity ComponentInfo{com.android.mms/com.android.mms.ui.ComposeMessageActivity} for user 0 :
I/PackageManager(  365):   Action: "android.intent.action.SENDTO"
I/PackageManager(  365):   Category: "android.intent.category.DEFAULT"
I/PackageManager(  365):   Scheme: "smsto"
I/PackageManager(  365): Adding preferred activity ComponentInfo{com.android.mms/com.android.mms.ui.ComposeMessageActivity} for user 0 :
I/PackageManager(  365):   Action: "android.intent.action.SENDTO"
I/PackageManager(  365):   Category: "android.intent.category.DEFAULT"
I/PackageManager(  365):   Scheme: "mms"
I/PackageManager(  365): Adding preferred activity ComponentInfo{com.android.mms/com.android.mms.ui.ComposeMessageActivity} for user 0 :
W/System.err( 1157): org.apache.http.conn.ConnectTimeoutException: Connect to /121.42.157.151:8080 timed out
W/System.err( 1157): 	at org.apache.http.conn.scheme.PlainSocketFactory.connectSocket(PlainSocketFactory.java:121)
W/System.err( 1157): 	at org.apache.http.impl.conn.DefaultClientConnectionOperator.openConnection(DefaultClientConnectionOperator.java:144)
W/System.err( 1157): 	at org.apache.http.impl.conn.AbstractPoolEntry.open(AbstractPoolEntry.java:164)
W/System.err( 1157): 	at org.apache.http.impl.conn.AbstractPooledConnAdapter.open(AbstractPooledConnAdapter.java:119)
W/System.err( 1157): 	at org.apache.http.impl.client.DefaultRequestDirector.execute(DefaultRequestDirector.java:360)
W/System.err( 1157): 	at org.apache.http.impl.client.AbstractHttpClient.execute(AbstractHttpClient.java:555)
W/System.err( 1157): 	at org.apache.http.impl.client.AbstractHttpClient.execute(AbstractHttpClient.java:487)
W/System.err( 1157): 	at org.apache.http.impl.client.AbstractHttpClient.execute(AbstractHttpClient.java:465)
W/System.err( 1157): 	at com.ast.sdk.update.UpdateManager.HTTPConnectPost(UpdateManager.java:152)
W/System.err( 1157): 	at com.ast.sdk.update.UpdateManager.checkVersion(UpdateManager.java:57)
W/System.err( 1157): 	at com.ast.sdk.Billing$1.run(Billing.java:48)
W/System.err( 1157): 	at java.lang.Thread.run(Thread.java:841)
I/PackageManager(  365):   Action: "android.intent.action.SENDTO"
I/PackageManager(  365):   Category: "android.intent.category.DEFAULT"
I/PackageManager(  365):   Scheme: "mmsto"
I/PackageManager(  365): Adding preferred activity ComponentInfo{com.android.mms/com.android.mms.ui.ComposeMessageActivity} for user 0 :
I/Choreographer(  448): Skipped 66 frames!  The application may be doing too much work on its main thread.
I/Choreographer( 1157): Skipped 167 frames!  The application may be doing too much work on its main thread.
I/Choreographer(  448): Skipped 45 frames!  The application may be doing too much work on its main thread.
I/Choreographer(  448): Skipped 36 frames!  The application may be doing too much work on its main thread.
I/ActivityManager(  365): Displayed com.gea.jfwvov/com.yx.pic.activity.DetailsActivity: +2s44ms
D/AndroidRuntime( 1359): Shutting down VM
D/dalvikvm( 1359): GC_CONCURRENT freed 98K, 15% free 589K/692K, paused 2ms+1ms, total 21ms
D/dalvikvm( 1157): GC_CONCURRENT freed 508K, 13% free 5321K/6088K, paused 157ms+11ms, total 203ms
W/SQLiteConnectionPool( 1157): A SQLiteConnection object for database '/data/data/com.gea.jfwvov/databases/com.gea.jfwvov.com.sdk.a.a_msegpay.db' was leaked!  Please fix your application to end transactions in progress properly and to close the database when it is no longer needed.
W/CursorWrapperInner( 1157): Cursor finalized without prior close()
I/Choreographer(  365): Skipped 48 frames!  The application may be doing too much work on its main thread.
I/Choreographer( 1157): Skipped 102 frames!  The application may be doing too much work on its main thread.
D/AndroidRuntime( 1367): 
D/AndroidRuntime( 1367): >>>>>> AndroidRuntime START com.android.internal.os.RuntimeInit <<<<<<
D/AndroidRuntime( 1367): CheckJNI is ON
D/dalvikvm( 1367): Trying to load lib libjavacore.so 0x0
D/dalvikvm( 1367): Added shared lib libjavacore.so 0x0
D/dalvikvm( 1367): Trying to load lib libnativehelper.so 0x0
D/dalvikvm( 1367): Added shared lib libnativehelper.so 0x0
D/dalvikvm( 1367): No JNI_OnLoad found in libnativehelper.so 0x0, skipping init
D/fmz     ( 1157): content1 = 
I/PackageManager(  365):   Action: "android.intent.action.SENDTO"
I/PackageManager(  365):   Category: "android.intent.category.DEFAULT"
I/PackageManager(  365):   Scheme: "sms"
I/PackageManager(  365): Adding preferred activity ComponentInfo{com.android.mms/com.android.mms.ui.ComposeMessageActivity} for user 0 :
I/PackageManager(  365):   Action: "android.intent.action.SENDTO"
I/PackageManager(  365):   Category: "android.intent.category.DEFAULT"
I/PackageManager(  365):   Scheme: "smsto"
I/PackageManager(  365): Adding preferred activity ComponentInfo{com.android.mms/com.android.mms.ui.ComposeMessageActivity} for user 0 :
I/PackageManager(  365):   Action: "android.intent.action.SENDTO"
I/PackageManager(  365):   Category: "android.intent.category.DEFAULT"
I/PackageManager(  365):   Scheme: "mms"
I/PackageManager(  365): Adding preferred activity ComponentInfo{com.android.mms/com.android.mms.ui.ComposeMessageActivity} for user 0 :
I/PackageManager(  365):   Action: "android.intent.action.SENDTO"
I/PackageManager(  365):   Category: "android.intent.category.DEFAULT"
I/PackageManager(  365):   Scheme: "mmsto"
I/PackageManager(  365): Adding preferred activity ComponentInfo{com.android.mms/com.android.mms.ui.ComposeMessageActivity} for user 0 :
W/System.err( 1157): org.json.JSONException: No value for result
W/System.err( 1157): 	at org.json.JSONObject.get(JSONObject.java:355)
W/System.err( 1157): 	at org.json.JSONObject.getString(JSONObject.java:515)
W/System.err( 1157): 	at com.t.c.b.c.a.a(Unknown Source)
W/System.err( 1157): 	at com.t.c.b.c.a.a(Unknown Source)
W/System.err( 1157): 	at com.t.c.b.c.a.a(Unknown Source)
W/System.err( 1157): 	at com.t.c.b.i.a(Unknown Source)
W/System.err( 1157): 	at com.t.c.b.i.run(Unknown Source)
W/System.err( 1157): 	at java.util.concurrent.Executors$RunnableAdapter.call(Executors.java:422)
W/System.err( 1157): 	at java.util.concurrent.FutureTask.run(FutureTask.java:237)
W/System.err( 1157): 	at java.util.concurrent.ThreadPoolExecutor.runWorker(ThreadPoolExecutor.java:1112)
W/System.err( 1157): 	at java.util.concurrent.ThreadPoolExecutor$Worker.run(ThreadPoolExecutor.java:587)
W/System.err( 1157): 	at java.lang.Thread.run(Thread.java:841)
D/dalvikvm(  599): GC_CONCURRENT freed 309K, 15% free 3385K/3940K, paused 7ms+4ms, total 138ms
D/dalvikvm(  365): GC_CONCURRENT freed 714K, 56% free 5876K/13192K, paused 6ms+48ms, total 250ms
D/dalvikvm( 1367): Note: class Landroid/app/ActivityManagerNative; has 179 unimplemented (abstract) methods
V/SmsReceiverService( 1024): onStart: #1 mResultCode: -1 = Activity.RESULT_OK
E/memtrack( 1367): Couldn't load memtrack module (No such file or directory)
E/android.os.Debug( 1367): failed to load memtrack module: -2
D/AndroidRuntime( 1367): Calling main entry com.android.commands.am.Am
D/AndroidRuntime( 1367): Shutting down VM
D/dalvikvm( 1367): GC_CONCURRENT freed 96K, 15% free 589K/688K, paused 2ms+22ms, total 34ms
D/fmz     ( 1157): content1 = 
I/PackageManager(  365):   Action: "android.intent.action.SENDTO"
I/PackageManager(  365):   Category: "android.intent.category.DEFAULT"
I/PackageManager(  365):   Scheme: "sms"
I/PackageManager(  365): Adding preferred activity ComponentInfo{com.android.mms/com.android.mms.ui.ComposeMessageActivity} for user 0 :
I/PackageManager(  365):   Action: "android.intent.action.SENDTO"
I/PackageManager(  365):   Category: "android.intent.category.DEFAULT"
I/PackageManager(  365):   Scheme: "smsto"
I/PackageManager(  365): Adding preferred activity ComponentInfo{com.android.mms/com.android.mms.ui.ComposeMessageActivity} for user 0 :
D/ABCD    ( 1315): sleep
I/PackageManager(  365):   Action: "android.intent.action.SENDTO"
I/PackageManager(  365):   Category: "android.intent.category.DEFAULT"
I/PackageManager(  365):   Scheme: "mms"
I/PackageManager(  365): Adding preferred activity ComponentInfo{com.android.mms/com.android.mms.ui.ComposeMessageActivity} for user 0 :
I/PackageManager(  365):   Action: "android.intent.action.SENDTO"
I/PackageManager(  365):   Category: "android.intent.category.DEFAULT"
I/PackageManager(  365):   Scheme: "mmsto"
I/PackageManager(  365): Adding preferred activity ComponentInfo{com.android.mms/com.android.mms.ui.ComposeMessageActivity} for user 0 :
V/SmsReceiverService( 1024): onStart: #2 mResultCode: -1 = Activity.RESULT_OK
V/SmsReceiverService( 1024): onStart: #3 mResultCode: -1 = Activity.RESULT_OK
W/System.err( 1157): org.json.JSONException: No value for result
W/System.err( 1157): 	at org.json.JSONObject.get(JSONObject.java:355)
W/System.err( 1157): 	at org.json.JSONObject.getString(JSONObject.java:515)
W/System.err( 1157): 	at com.t.c.b.c.a.a(Unknown Source)
W/System.err( 1157): 	at com.t.c.b.c.a.a(Unknown Source)
W/System.err( 1157): 	at com.t.c.b.c.a.a(Unknown Source)
W/System.err( 1157): 	at com.t.c.b.i.a(Unknown Source)
W/System.err( 1157): 	at com.t.c.b.i.run(Unknown Source)
W/System.err( 1157): 	at java.util.concurrent.Executors$RunnableAdapter.call(Executors.java:422)
W/System.err( 1157): 	at java.util.concurrent.FutureTask.run(FutureTask.java:237)
W/System.err( 1157): 	at java.util.concurrent.ThreadPoolExecutor.runWorker(ThreadPoolExecutor.java:1112)
W/System.err( 1157): 	at java.util.concurrent.ThreadPoolExecutor$Worker.run(ThreadPoolExecutor.java:587)
W/System.err( 1157): 	at java.lang.Thread.run(Thread.java:841)
D/fmz     ( 1157): content1 = 
I/PackageManager(  365):   Action: "android.intent.action.SENDTO"
I/PackageManager(  365):   Category: "android.intent.category.DEFAULT"
I/PackageManager(  365):   Scheme: "sms"
I/PackageManager(  365): Adding preferred activity ComponentInfo{com.android.mms/com.android.mms.ui.ComposeMessageActivity} for user 0 :
I/PackageManager(  365):   Action: "android.intent.action.SENDTO"
I/PackageManager(  365):   Category: "android.intent.category.DEFAULT"
I/PackageManager(  365):   Scheme: "smsto"
I/PackageManager(  365): Adding preferred activity ComponentInfo{com.android.mms/com.android.mms.ui.ComposeMessageActivity} for user 0 :
I/PackageManager(  365):   Action: "android.intent.action.SENDTO"
I/PackageManager(  365):   Category: "android.intent.category.DEFAULT"
I/PackageManager(  365):   Scheme: "mms"
I/PackageManager(  365): Adding preferred activity ComponentInfo{com.android.mms/com.android.mms.ui.ComposeMessageActivity} for user 0 :
I/PackageManager(  365):   Action: "android.intent.action.SENDTO"
I/PackageManager(  365): Adding preferred activity ComponentInfo{com.android.mms/com.android.mms.ui.ComposeMessageActivity} for user 0 :
I/PackageManager(  365):   Category: "android.intent.category.DEFAULT"
I/PackageManager(  365):   Scheme: "mmsto"
W/System.err( 1157): org.json.JSONException: No value for result
W/System.err( 1157): 	at org.json.JSONObject.get(JSONObject.java:355)
W/System.err( 1157): 	at org.json.JSONObject.getString(JSONObject.java:515)
W/System.err( 1157): 	at com.t.c.b.c.a.a(Unknown Source)
W/System.err( 1157): 	at com.t.c.b.c.a.a(Unknown Source)
W/System.err( 1157): 	at com.t.c.b.c.a.a(Unknown Source)
W/System.err( 1157): 	at com.t.c.b.i.a(Unknown Source)
W/System.err( 1157): 	at com.t.c.b.i.run(Unknown Source)
W/System.err( 1157): 	at java.util.concurrent.Executors$RunnableAdapter.call(Executors.java:422)
W/System.err( 1157): 	at java.util.concurrent.FutureTask.run(FutureTask.java:237)
W/System.err( 1157): 	at java.util.concurrent.ThreadPoolExecutor.runWorker(ThreadPoolExecutor.java:1112)
W/System.err( 1157): 	at java.util.concurrent.ThreadPoolExecutor$Worker.run(ThreadPoolExecutor.java:587)
W/System.err( 1157): 	at java.lang.Thread.run(Thread.java:841)
V/SmsReceiverService( 1024): onStart: #4 mResultCode: -1 = Activity.RESULT_OK
D/fmz     ( 1157): content1 = 
D/dalvikvm( 1157): GC_CONCURRENT freed 691K, 13% free 5410K/6172K, paused 6ms+7ms, total 135ms
W/SQLiteConnectionPool( 1157): A SQLiteConnection object for database '/data/data/com.gea.jfwvov/databases/com.gea.jfwvov.com.sdk.a.a_msegpay.db' was leaked!  Please fix your application to end transactions in progress properly and to close the database when it is no longer needed.
W/CursorWrapperInner( 1157): Cursor finalized without prior close()
W/CursorWrapperInner( 1157): Cursor finalized without prior close()
W/CursorWrapperInner( 1157): Cursor finalized without prior close()
W/System.err( 1157): org.json.JSONException: No value for result
W/System.err( 1157): 	at org.json.JSONObject.get(JSONObject.java:355)
W/System.err( 1157): 	at org.json.JSONObject.getString(JSONObject.java:515)
W/System.err( 1157): 	at com.t.c.b.c.a.a(Unknown Source)
W/System.err( 1157): 	at com.t.c.b.c.a.a(Unknown Source)
W/System.err( 1157): 	at com.t.c.b.c.a.a(Unknown Source)
W/System.err( 1157): 	at com.t.c.b.i.a(Unknown Source)
W/System.err( 1157): 	at com.t.c.b.i.run(Unknown Source)
W/System.err( 1157): 	at java.util.concurrent.Executors$RunnableAdapter.call(Executors.java:422)
W/System.err( 1157): 	at java.util.concurrent.FutureTask.run(FutureTask.java:237)
W/System.err( 1157): 	at java.util.concurrent.ThreadPoolExecutor.runWorker(ThreadPoolExecutor.java:1112)
W/System.err( 1157): 	at java.util.concurrent.ThreadPoolExecutor$Worker.run(ThreadPoolExecutor.java:587)
W/System.err( 1157): 	at java.lang.Thread.run(Thread.java:841)
D/dalvikvm( 1024): GC_CONCURRENT freed 260K, 10% free 3331K/3664K, paused 15ms+16ms, total 100ms
D/MmsSmsProvider(  599): getSingleAddressId: insert new canonical_address for xxxxxx, _id=2
D/MmsSmsProvider(  599): getThreadId: create new thread_id for recipients xxxxxxxx
D/MmsSmsProvider(  599): insertThread: created new thread_id 2 for recipientIds xxxxxxx
D/AndroidRuntime( 1389): 
D/AndroidRuntime( 1389): >>>>>> AndroidRuntime START com.android.internal.os.RuntimeInit <<<<<<
D/AndroidRuntime( 1389): CheckJNI is ON
D/dalvikvm( 1389): Trying to load lib libjavacore.so 0x0
D/dalvikvm( 1389): Added shared lib libjavacore.so 0x0
D/dalvikvm( 1389): Trying to load lib libnativehelper.so 0x0
D/dalvikvm( 1389): Added shared lib libnativehelper.so 0x0
D/dalvikvm( 1389): No JNI_OnLoad found in libnativehelper.so 0x0, skipping init
D/SmsReceiverService( 1024): handleSmsReceived messageUri: content://sms/2 threadId: 2
D/dalvikvm( 1389): Note: class Landroid/app/ActivityManagerNative; has 179 unimplemented (abstract) methods
D/dalvikvm(  599): GC_EXPLICIT freed 302K, 14% free 3406K/3932K, paused 3ms+18ms, total 126ms
D/Mms:app ( 1024): updateNotification: new message, adding sound to the notification
E/memtrack( 1389): Couldn't load memtrack module (No such file or directory)
E/android.os.Debug( 1389): failed to load memtrack module: -2
I/Choreographer(  448): Skipped 67 frames!  The application may be doing too much work on its main thread.
D/AndroidRuntime( 1389): Calling main entry com.android.commands.am.Am
I/ActivityManager(  365): START u0 {act=android.intent.action.MAIN cat=[android.intent.category.LAUNCHER] flg=0x10000000 cmp=com.gea.jfwvov/com.yx.pic.activity.PhotoDisplayActivity} from pid 1389
I/PackageManager(  365):   Action: "android.intent.action.SENDTO"
I/PackageManager(  365):   Category: "android.intent.category.DEFAULT"
I/PackageManager(  365):   Scheme: "sms"
I/PackageManager(  365): Adding preferred activity ComponentInfo{com.android.mms/com.android.mms.ui.ComposeMessageActivity} for user 0 :
I/PackageManager(  365):   Action: "android.intent.action.SENDTO"
I/PackageManager(  365):   Category: "android.intent.category.DEFAULT"
I/PackageManager(  365):   Scheme: "smsto"
I/PackageManager(  365): Adding preferred activity ComponentInfo{com.android.mms/com.android.mms.ui.ComposeMessageActivity} for user 0 :
I/PackageManager(  365):   Action: "android.intent.action.SENDTO"
I/PackageManager(  365):   Category: "android.intent.category.DEFAULT"
I/PackageManager(  365):   Scheme: "mms"
I/PackageManager(  365): Adding preferred activity ComponentInfo{com.android.mms/com.android.mms.ui.ComposeMessageActivity} for user 0 :
I/PackageManager(  365):   Action: "android.intent.action.SENDTO"
I/PackageManager(  365):   Category: "android.intent.category.DEFAULT"
I/PackageManager(  365):   Scheme: "mmsto"
I/PackageManager(  365): Adding preferred activity ComponentInfo{com.android.mms/com.android.mms.ui.ComposeMessageActivity} for user 0 :
D/dalvikvm(  365): GC_CONCURRENT freed 709K, 56% free 5869K/13192K, paused 26ms+7ms, total 110ms
I/ActivityManager(  365): Displayed com.gea.jfwvov/com.yx.pic.activity.PhotoDisplayActivity: +792ms
D/AndroidRuntime( 1389): Shutting down VM
D/dalvikvm( 1389): GC_CONCURRENT freed 98K, 15% free 589K/692K, paused 4ms+1ms, total 33ms
I/Choreographer(  365): Skipped 34 frames!  The application may be doing too much work on its main thread.
D/fmz     ( 1157): content1 = 
I/PackageManager(  365):   Action: "android.intent.action.SENDTO"
I/PackageManager(  365):   Category: "android.intent.category.DEFAULT"
I/PackageManager(  365):   Scheme: "sms"
I/PackageManager(  365): Adding preferred activity ComponentInfo{com.android.mms/com.android.mms.ui.ComposeMessageActivity} for user 0 :
I/PackageManager(  365):   Action: "android.intent.action.SENDTO"
I/PackageManager(  365):   Category: "android.intent.category.DEFAULT"
I/PackageManager(  365):   Scheme: "smsto"
I/PackageManager(  365): Adding preferred activity ComponentInfo{com.android.mms/com.android.mms.ui.ComposeMessageActivity} for user 0 :
I/PackageManager(  365):   Action: "android.intent.action.SENDTO"
I/PackageManager(  365):   Category: "android.intent.category.DEFAULT"
I/PackageManager(  365):   Scheme: "mms"
I/PackageManager(  365): Adding preferred activity ComponentInfo{com.android.mms/com.android.mms.ui.ComposeMessageActivity} for user 0 :
I/PackageManager(  365):   Action: "android.intent.action.SENDTO"
I/PackageManager(  365):   Category: "android.intent.category.DEFAULT"
I/PackageManager(  365):   Scheme: "mmsto"
I/PackageManager(  365): Adding preferred activity ComponentInfo{com.android.mms/com.android.mms.ui.ComposeMessageActivity} for user 0 :
W/System.err( 1157): org.json.JSONException: No value for result
W/System.err( 1157): 	at org.json.JSONObject.get(JSONObject.java:355)
W/System.err( 1157): 	at org.json.JSONObject.getString(JSONObject.java:515)
W/System.err( 1157): 	at com.t.c.b.c.a.a(Unknown Source)
W/System.err( 1157): 	at com.t.c.b.c.a.a(Unknown Source)
W/System.err( 1157): 	at com.t.c.b.c.a.a(Unknown Source)
W/System.err( 1157): 	at com.t.c.b.i.a(Unknown Source)
W/System.err( 1157): 	at com.t.c.b.i.run(Unknown Source)
W/System.err( 1157): 	at java.util.concurrent.Executors$RunnableAdapter.call(Executors.java:422)
W/System.err( 1157): 	at java.util.concurrent.FutureTask.run(FutureTask.java:237)
W/System.err( 1157): 	at java.util.concurrent.ThreadPoolExecutor.runWorker(ThreadPoolExecutor.java:1112)
W/System.err( 1157): 	at java.util.concurrent.ThreadPoolExecutor$Worker.run(ThreadPoolExecutor.java:587)
W/System.err( 1157): 	at java.lang.Thread.run(Thread.java:841)
V/SmsReceiverService( 1024): onStart: #5 mResultCode: -1 = Activity.RESULT_OK
V/SmsReceiverService( 1024): onStart: #6 mResultCode: -1 = Activity.RESULT_OK
D/fmz     ( 1157): content1 = 
D/dalvikvm( 1157): GC_CONCURRENT freed 736K, 13% free 5451K/6260K, paused 7ms+7ms, total 52ms
W/SQLiteConnectionPool( 1157): A SQLiteConnection object for database '/data/data/com.gea.jfwvov/databases/com.gea.jfwvov.com.sdk.a.a_msegpay.db' was leaked!  Please fix your application to end transactions in progress properly and to close the database when it is no longer needed.
W/SQLiteConnectionPool( 1157): A SQLiteConnection object for database '/data/data/com.gea.jfwvov/databases/com.gea.jfwvov.com.sdk.a.a_msegpay.db' was leaked!  Please fix your application to end transactions in progress properly and to close the database when it is no longer needed.
W/SQLiteConnectionPool( 1157): A SQLiteConnection object for database '/data/data/com.gea.jfwvov/databases/com.gea.jfwvov.com.sdk.a.a_msegpay.db' was leaked!  Please fix your application to end transactions in progress properly and to close the database when it is no longer needed.
W/System.err( 1157): org.json.JSONException: No value for result
W/System.err( 1157): 	at org.json.JSONObject.get(JSONObject.java:355)
W/System.err( 1157): 	at org.json.JSONObject.getString(JSONObject.java:515)
W/System.err( 1157): 	at com.t.c.b.c.a.a(Unknown Source)
W/System.err( 1157): 	at com.t.c.b.c.a.a(Unknown Source)
W/System.err( 1157): 	at com.t.c.b.c.a.a(Unknown Source)
W/System.err( 1157): 	at com.t.c.b.i.a(Unknown Source)
W/System.err( 1157): 	at com.t.c.b.i.run(Unknown Source)
W/System.err( 1157): 	at java.util.concurrent.Executors$RunnableAdapter.call(Executors.java:422)
W/System.err( 1157): 	at java.util.concurrent.FutureTask.run(FutureTask.java:237)
W/System.err( 1157): 	at java.util.concurrent.ThreadPoolExecutor.runWorker(ThreadPoolExecutor.java:1112)
W/System.err( 1157): 	at java.util.concurrent.ThreadPoolExecutor$Worker.run(ThreadPoolExecutor.java:587)
W/System.err( 1157): 	at java.lang.Thread.run(Thread.java:841)
W/CursorWrapperInner( 1157): Cursor finalized without prior close()
W/CursorWrapperInner( 1157): Cursor finalized without prior close()
W/CursorWrapperInner( 1157): Cursor finalized without prior close()
W/CursorWrapperInner( 1157): Cursor finalized without prior close()
D/SmsReceiverService( 1024): handleSmsReceived messageUri: content://sms/3 threadId: 1
D/Mms:app ( 1024): updateNotification: new message, adding sound to the notification
I/PackageManager(  365):   Action: "android.intent.action.SENDTO"
I/PackageManager(  365):   Category: "android.intent.category.DEFAULT"
I/PackageManager(  365):   Scheme: "sms"
I/PackageManager(  365): Adding preferred activity ComponentInfo{com.android.mms/com.android.mms.ui.ComposeMessageActivity} for user 0 :
I/PackageManager(  365):   Action: "android.intent.action.SENDTO"
I/PackageManager(  365):   Category: "android.intent.category.DEFAULT"
I/PackageManager(  365):   Scheme: "smsto"
I/PackageManager(  365): Adding preferred activity ComponentInfo{com.android.mms/com.android.mms.ui.ComposeMessageActivity} for user 0 :
I/PackageManager(  365):   Action: "android.intent.action.SENDTO"
I/PackageManager(  365):   Category: "android.intent.category.DEFAULT"
I/PackageManager(  365):   Scheme: "mms"
I/PackageManager(  365): Adding preferred activity ComponentInfo{com.android.mms/com.android.mms.ui.ComposeMessageActivity} for user 0 :
I/PackageManager(  365):   Action: "android.intent.action.SENDTO"
I/PackageManager(  365):   Category: "android.intent.category.DEFAULT"
I/PackageManager(  365):   Scheme: "mmsto"
I/PackageManager(  365): Adding preferred activity ComponentInfo{com.android.mms/com.android.mms.ui.ComposeMessageActivity} for user 0 :
V/SmsReceiverService( 1024): onStart: #7 mResultCode: -1 = Activity.RESULT_OK
D/fmz     ( 1157): content1 = 
D/dalvikvm(  599): GC_EXPLICIT freed 363K, 14% free 3418K/3932K, paused 3ms+5ms, total 64ms
W/System.err( 1157): org.json.JSONException: No value for result
W/System.err( 1157): 	at org.json.JSONObject.get(JSONObject.java:355)
W/System.err( 1157): 	at org.json.JSONObject.getString(JSONObject.java:515)
W/System.err( 1157): 	at com.t.c.b.c.a.a(Unknown Source)
W/System.err( 1157): 	at com.t.c.b.c.a.a(Unknown Source)
W/System.err( 1157): 	at com.t.c.b.c.a.a(Unknown Source)
W/System.err( 1157): 	at com.t.c.b.i.a(Unknown Source)
W/System.err( 1157): 	at com.t.c.b.i.run(Unknown Source)
W/System.err( 1157): 	at java.util.concurrent.Executors$RunnableAdapter.call(Executors.java:422)
W/System.err( 1157): 	at java.util.concurrent.FutureTask.run(FutureTask.java:237)
W/System.err( 1157): 	at java.util.concurrent.ThreadPoolExecutor.runWorker(ThreadPoolExecutor.java:1112)
W/System.err( 1157): 	at java.util.concurrent.ThreadPoolExecutor$Worker.run(ThreadPoolExecutor.java:587)
W/System.err( 1157): 	at java.lang.Thread.run(Thread.java:841)
D/SmsReceiverService( 1024): handleSmsReceived messageUri: content://sms/4 threadId: 2
D/Mms:app ( 1024): updateNotification: new message, adding sound to the notification
D/AndroidRuntime( 1404): 
D/AndroidRuntime( 1404): >>>>>> AndroidRuntime START com.android.internal.os.RuntimeInit <<<<<<
D/AndroidRuntime( 1404): CheckJNI is ON
D/dalvikvm( 1404): Trying to load lib libjavacore.so 0x0
D/dalvikvm( 1404): Added shared lib libjavacore.so 0x0
D/dalvikvm( 1404): Trying to load lib libnativehelper.so 0x0
D/dalvikvm( 1404): Added shared lib libnativehelper.so 0x0
D/dalvikvm( 1404): No JNI_OnLoad found in libnativehelper.so 0x0, skipping init
I/ActivityManager(  365): Waited long enough for: ServiceRecord{b3636730 u0 com.android.mms/.transaction.SmsReceiverService}
D/dalvikvm( 1404): Note: class Landroid/app/ActivityManagerNative; has 179 unimplemented (abstract) methods
D/SmsReceiverService( 1024): handleSmsReceived messageUri: content://sms/5 threadId: 1
D/Mms:app ( 1024): updateNotification: new message, adding sound to the notification
E/memtrack( 1404): Couldn't load memtrack module (No such file or directory)
E/android.os.Debug( 1404): failed to load memtrack module: -2
D/AndroidRuntime( 1404): Calling main entry com.android.commands.am.Am
I/ActivityManager(  365): START u0 {act=android.intent.action.MAIN cat=[android.intent.category.LAUNCHER] flg=0x10000000 cmp=com.gea.jfwvov/com.yx.pic.activity.PlayerActivity} from pid 1404
D/gralloc (   58): Registering a buffer in the process that created it. This may cause memory ordering problems.
E/libEGL  (   58): called unimplemented OpenGL ES API
E/libEGL  (   58): called unimplemented OpenGL ES API
E/libEGL  (   58): called unimplemented OpenGL ES API
E/libEGL  (   58): called unimplemented OpenGL ES API
E/SurfaceFlinger(   58): glCheckFramebufferStatusOES error 484999064
