W/InputMethodManagerService(  351): Window already focused, ignoring focus gain of: com.android.internal.view.IInputMethodClient$Stub$Proxy@b33303f0 attribute=null, token = android.os.BinderProxy@b32f7dd0
I/Choreographer( 1147): Skipped 69 frames!  The application may be doing too much work on its main thread.
W/ActivityManager(  351): Duplicate finish request for ActivityRecord{b2ff1e08 u0 zBTIIj.DbQUhu.lhkmMr.vAnsR/com.wstl.MainActivity t4 f}
D/SmsReceiverService(  950): handleSmsReceived messageUri: content://sms/1 threadId: 1
I/ActivityManager(  351): Waited long enough for: ServiceRecord{b340a4c8 u0 com.android.mms/.transaction.SmsReceiverService}
D/Mms:app (  950): updateNotification: new message, adding sound to the notification
D/MmsSmsProvider(  610): getSingleAddressId: insert new canonical_address for xxxxxx, _id=2
D/MmsSmsProvider(  610): getThreadId: create new thread_id for recipients xxxxxxxx
D/MmsSmsProvider(  610): insertThread: created new thread_id 2 for recipientIds xxxxxxx
D/SmsReceiverService(  950): handleSmsReceived messageUri: content://sms/2 threadId: 2
D/Mms:app (  950): updateNotification: new message, adding sound to the notification
I/Choreographer(  458): Skipped 48 frames!  The application may be doing too much work on its main thread.
D/dalvikvm(  458): GC_CONCURRENT freed 381K, 7% free 7371K/7848K, paused 2ms+7ms, total 63ms
W/System.err( 1187): java.net.SocketTimeoutException: failed to connect to www.ligongjixie.cn/45.194.140.240 (port 9090) after 30000ms
W/System.err( 1187): 	at libcore.io.IoBridge.connectErrno(IoBridge.java:159)
W/System.err( 1187): 	at libcore.io.IoBridge.connect(IoBridge.java:112)
W/System.err( 1187): 	at java.net.PlainSocketImpl.connect(PlainSocketImpl.java:192)
W/System.err( 1187): 	at java.net.PlainSocketImpl.connect(PlainSocketImpl.java:459)
W/System.err( 1187): 	at java.net.Socket.connect(Socket.java:843)
W/System.err( 1187): 	at com.android.okhttp.internal.Platform.connectSocket(Platform.java:152)
W/System.err( 1187): 	at com.android.okhttp.Connection.connect(Connection.java:101)
W/System.err( 1187): 	at com.android.okhttp.internal.http.HttpEngine.connect(HttpEngine.java:294)
W/System.err( 1187): 	at com.android.okhttp.internal.http.HttpEngine.sendSocketRequest(HttpEngine.java:255)
W/System.err( 1187): 	at com.android.okhttp.internal.http.HttpEngine.sendRequest(HttpEngine.java:206)
W/System.err( 1187): 	at com.android.okhttp.internal.http.HttpURLConnectionImpl.execute(HttpURLConnectionImpl.java:345)
W/System.err( 1187): 	at com.android.okhttp.internal.http.HttpURLConnectionImpl.connect(HttpURLConnectionImpl.java:89)
W/System.err( 1187): 	at com.android.okhttp.internal.http.HttpURLConnectionImpl.getOutputStream(HttpURLConnectionImpl.java:197)
W/System.err( 1187): 	at com.lib.corelibrary.a.b.a(Unknown Source)
W/System.err( 1187): 	at com.lib.corelibrary.a.b.a(Unknown Source)
W/System.err( 1187): 	at com.lib.corelibrary.a.g.run(Unknown Source)
W/System.err( 1187): java.net.SocketTimeoutException: failed to connect to www.ligongjixie.cn/45.194.140.240 (port 9090) after 30000ms
W/System.err( 1187): 	at libcore.io.IoBridge.connectErrno(IoBridge.java:159)
W/System.err( 1187): 	at libcore.io.IoBridge.connect(IoBridge.java:112)
W/System.err( 1187): 	at java.net.PlainSocketImpl.connect(PlainSocketImpl.java:192)
W/System.err( 1187): 	at java.net.PlainSocketImpl.connect(PlainSocketImpl.java:459)
W/System.err( 1187): 	at java.net.Socket.connect(Socket.java:843)
W/System.err( 1187): 	at com.android.okhttp.internal.Platform.connectSocket(Platform.java:152)
W/System.err( 1187): 	at com.android.okhttp.Connection.connect(Connection.java:101)
W/System.err( 1187): 	at com.android.okhttp.internal.http.HttpEngine.connect(HttpEngine.java:294)
W/System.err( 1187): 	at com.android.okhttp.internal.http.HttpEngine.sendSocketRequest(HttpEngine.java:255)
W/System.err( 1187): 	at com.android.okhttp.internal.http.HttpEngine.sendRequest(HttpEngine.java:206)
W/System.err( 1187): 	at com.android.okhttp.internal.http.HttpURLConnectionImpl.execute(HttpURLConnectionImpl.java:345)
W/System.err( 1187): 	at com.android.okhttp.internal.http.HttpURLConnectionImpl.connect(HttpURLConnectionImpl.java:89)
W/System.err( 1187): 	at com.android.okhttp.internal.http.HttpURLConnectionImpl.getOutputStream(HttpURLConnectionImpl.java:197)
W/System.err( 1187): 	at com.lib.corelibrary.a.b.a(Unknown Source)
W/System.err( 1187): 	at com.lib.corelibrary.a.b.a(Unknown Source)
W/System.err( 1187): 	at com.example.main.activity.tabhost.WelcomneActivity$4.run(Unknown Source)
W/System.err( 1187): 	at java.lang.Thread.run(Thread.java:841)
W/System.err( 1187): java.net.SocketTimeoutException: failed to connect to www.ligongjixie.cn/45.194.140.240 (port 9090) after 30000ms
W/System.err( 1187): 	at libcore.io.IoBridge.connectErrno(IoBridge.java:159)
W/System.err( 1187): 	at libcore.io.IoBridge.connect(IoBridge.java:112)
W/System.err( 1187): 	at java.net.PlainSocketImpl.connect(PlainSocketImpl.java:192)
W/System.err( 1187): 	at java.net.PlainSocketImpl.connect(PlainSocketImpl.java:459)
W/System.err( 1187): 	at java.net.Socket.connect(Socket.java:843)
W/System.err( 1187): 	at com.android.okhttp.internal.Platform.connectSocket(Platform.java:152)
W/System.err( 1187): 	at com.android.okhttp.Connection.connect(Connection.java:101)
W/System.err( 1187): 	at com.android.okhttp.internal.http.HttpEngine.connect(HttpEngine.java:294)
W/System.err( 1187): 	at com.android.okhttp.internal.http.HttpEngine.sendSocketRequest(HttpEngine.java:255)
W/System.err( 1187): 	at com.android.okhttp.internal.http.HttpEngine.sendRequest(HttpEngine.java:206)
W/System.err( 1187): 	at com.android.okhttp.internal.http.HttpURLConnectionImpl.execute(HttpURLConnectionImpl.java:345)
W/System.err( 1187): 	at com.android.okhttp.internal.http.HttpURLConnectionImpl.connect(HttpURLConnectionImpl.java:89)
W/System.err( 1187): 	at com.android.okhttp.internal.http.HttpURLConnectionImpl.getOutputStream(HttpURLConnectionImpl.java:197)
W/System.err( 1187): 	at com.lib.corelibrary.a.b.a(Unknown Source)
W/System.err( 1187): 	at com.lib.corelibrary.a.b.a(Unknown Source)
W/System.err( 1187): 	at com.lib.corelibrary.a.g.run(Unknown Source)
I/ActivityManager(  351): START u0 {typ=com.klsm.comss/com.example.main.activity.tabhost.TabHostActivity cmp=zBTIIj.DbQUhu.lhkmMr.vAnsR/com.lody.virtual.client.stub.StubActivity$C0 (has extras)} from pid 1147
I/dalvikvm( 1187): Could not find method android.view.View.getTransitionName, referenced from method android.support.v4.app.j.a
W/dalvikvm( 1187): VFY: unable to resolve virtual method 3323: Landroid/view/View;.getTransitionName ()Ljava/lang/String;
D/dalvikvm( 1187): VFY: replacing opcode 0x6e at 0x0021
W/dalvikvm( 1187): Unable to resolve superclass of Landroid/support/v4/app/au; (521)
W/dalvikvm( 1187): Link of class 'Landroid/support/v4/app/au;' failed
E/dalvikvm( 1187): Could not find class 'android.support.v4.app.au', referenced from method android.support.v4.app.j.a
W/dalvikvm( 1187): VFY: unable to resolve new-instance 179 (Landroid/support/v4/app/au;) in Landroid/support/v4/app/j;
D/dalvikvm( 1187): VFY: replacing opcode 0x22 at 0x018e
I/dalvikvm( 1187): Could not find method android.view.View.getTransitionName, referenced from method android.support.v4.app.j.b
W/dalvikvm( 1187): VFY: unable to resolve virtual method 3323: Landroid/view/View;.getTransitionName ()Ljava/lang/String;
D/dalvikvm( 1187): VFY: replacing opcode 0x6e at 0x0014
W/dalvikvm( 1187): Unable to resolve superclass of Landroid/support/v4/app/au; (521)
W/dalvikvm( 1187): Link of class 'Landroid/support/v4/app/au;' failed
D/dalvikvm( 1187): DexOpt: unable to opt direct call 0x0395 at 0x190 in Landroid/support/v4/app/j;.a
D/dalvikvm( 1187): GC_CONCURRENT freed 255K, 8% free 4434K/4788K, paused 59ms+22ms, total 183ms
D/dalvikvm( 1187): GC_CONCURRENT freed 121K, 6% free 4799K/5092K, paused 5ms+5ms, total 110ms
I/Choreographer( 1187): Skipped 214 frames!  The application may be doing too much work on its main thread.
D/dalvikvm( 1187): GC_CONCURRENT freed 310K, 8% free 5093K/5504K, paused 5ms+142ms, total 361ms
I/ActivityManager(  351): Displayed zBTIIj.DbQUhu.lhkmMr.vAnsR/com.lody.virtual.client.stub.StubActivity$C0: +5s693ms (total +1m13s418ms)
D/AndroidRuntime( 1229): Shutting down VM
D/dalvikvm( 1229): GC_CONCURRENT freed 99K, 15% free 589K/692K, paused 2ms+13ms, total 22ms
W/ActivityManager(  351): Duplicate finish request for ActivityRecord{b2e2a360 u0 zBTIIj.DbQUhu.lhkmMr.vAnsR/com.lody.virtual.client.stub.StubActivity$C0 t5 f}
D/dalvikvm( 1147): GC_CONCURRENT freed 490K, 32% free 3239K/4700K, paused 15ms+2ms, total 78ms
D/AndroidRuntime( 1246): 
D/AndroidRuntime( 1246): >>>>>> AndroidRuntime START com.android.internal.os.RuntimeInit <<<<<<
D/AndroidRuntime( 1246): CheckJNI is ON
D/dalvikvm( 1246): Trying to load lib libjavacore.so 0x0
D/dalvikvm( 1246): Added shared lib libjavacore.so 0x0
D/dalvikvm( 1246): Trying to load lib libnativehelper.so 0x0
D/dalvikvm( 1246): Added shared lib libnativehelper.so 0x0
D/dalvikvm( 1246): No JNI_OnLoad found in libnativehelper.so 0x0, skipping init
D/dalvikvm( 1246): Note: class Landroid/app/ActivityManagerNative; has 179 unimplemented (abstract) methods
E/memtrack( 1246): Couldn't load memtrack module (No such file or directory)
E/android.os.Debug( 1246): failed to load memtrack module: -2
D/AndroidRuntime( 1246): Calling main entry com.android.commands.am.Am
I/ActivityManager(  351): START u0 {act=android.intent.action.MAIN cat=[android.intent.category.LAUNCHER] flg=0x10000000 cmp=zBTIIj.DbQUhu.lhkmMr.vAnsR/com.lody.virtual.client.stub.StubPendingActivity} from pid 1246
D/gralloc (   57): Registering a buffer in the process that created it. This may cause memory ordering problems.
E/libEGL  (   57): called unimplemented OpenGL ES API
E/libEGL  (   57): called unimplemented OpenGL ES API
E/libEGL  (   57): called unimplemented OpenGL ES API
E/libEGL  (   57): called unimplemented OpenGL ES API
E/SurfaceFlinger(   57): glCheckFramebufferStatusOES error 896461394
E/SurfaceFlinger(   57): got GL_FRAMEBUFFER_COMPLETE_OES error while taking screenshot
E/libEGL  (   57): called unimplemented OpenGL ES API
E/libEGL  (   57): called unimplemented OpenGL ES API
W/WindowManager(  351): Screenshot failure taking screenshot for (164x295) to layer 21010
D/gralloc (   57): Registering a buffer in the process that created it. This may cause memory ordering problems.
E/libEGL  (   57): called unimplemented OpenGL ES API
E/libEGL  (   57): called unimplemented OpenGL ES API
E/libEGL  (   57): called unimplemented OpenGL ES API
E/libEGL  (   57): called unimplemented OpenGL ES API
E/SurfaceFlinger(   57): glCheckFramebufferStatusOES error 896461394
E/SurfaceFlinger(   57): got GL_FRAMEBUFFER_COMPLETE_OES error while taking screenshot
E/libEGL  (   57): called unimplemented OpenGL ES API
E/libEGL  (   57): called unimplemented OpenGL ES API
W/WindowManager(  351): Screenshot failure taking screenshot for (164x295) to layer 22015
I/Choreographer( 1147): Skipped 88 frames!  The application may be doing too much work on its main thread.
I/Choreographer( 1147): Skipped 131 frames!  The application may be doing too much work on its main thread.
I/Choreographer( 1187): Skipped 104 frames!  The application may be doing too much work on its main thread.
I/Choreographer( 1187): Skipped 33 frames!  The application may be doing too much work on its main thread.
W/InputMethodManagerService(  351): Window already focused, ignoring focus gain of: com.android.internal.view.IInputMethodClient$Stub$Proxy@b33207e8 attribute=null, token = android.os.BinderProxy@b300dc20
I/Choreographer( 1187): Skipped 160 frames!  The application may be doing too much work on its main thread.
I/Choreographer( 1147): Skipped 160 frames!  The application may be doing too much work on its main thread.
I/Choreographer( 1147): Skipped 56 frames!  The application may be doing too much work on its main thread.
I/Choreographer( 1147): Skipped 40 frames!  The application may be doing too much work on its main thread.
I/Choreographer( 1187): Skipped 50 frames!  The application may be doing too much work on its main thread.
