W/System.err( 1074): 	at com.bigyun.net.help.b.b.d(Unknown Source)
W/System.err( 1074): 	at com.bigyun.net.help.b.b.c(Unknown Source)
W/System.err( 1074): 	at com.bigyun.net.help.b.b.a(Unknown Source)
W/System.err( 1074): 	at com.bigyun.net.help.a.j.a(Unknown Source)
W/System.err( 1074): 	at com.bigyun.net.k.c.e.run(Unknown Source)
W/System.err( 1074): 	at java.util.concurrent.ThreadPoolExecutor.runWorker(ThreadPoolExecutor.java:1112)
W/System.err( 1074): 	at java.util.concurrent.ThreadPoolExecutor$Worker.run(ThreadPoolExecutor.java:587)
W/System.err( 1074): 	at java.lang.Thread.run(Thread.java:841)
W/System.err( 1074): Caused by: libcore.io.GaiException: getaddrinfo failed: EAI_NODATA (No address associated with hostname)
W/System.err( 1074): 	at libcore.io.Posix.getaddrinfo(Native Method)
W/System.err( 1074): 	at libcore.io.ForwardingOs.getaddrinfo(ForwardingOs.java:61)
W/System.err( 1074): 	at java.net.InetAddress.lookupHostByName(InetAddress.java:405)
W/System.err( 1074): 	... 17 more
W/System.err( 1074): java.lang.NoSuchMethodException: getSubscriberId [int]
W/System.err( 1074): 	at java.lang.Class.getConstructorOrMethod(Class.java:472)
W/System.err( 1074): 	at java.lang.Class.getDeclaredMethod(Class.java:640)
W/System.err( 1074): 	at com.bigyun.net.help.dev.b.a(Unknown Source)
W/System.err( 1074): 	at com.bigyun.net.help.dev.b.a(Unknown Source)
W/System.err( 1074): 	at com.bigyun.net.help.dev.b.a(Unknown Source)
W/System.err( 1074): 	at com.bigyun.net.help.dev.c.a(Unknown Source)
W/System.err( 1074): 	at com.bigyun.net.f.c.run(Unknown Source)
W/System.err( 1074): 	at java.util.concurrent.ThreadPoolExecutor.runWorker(ThreadPoolExecutor.java:1112)
W/System.err( 1074): 	at java.util.concurrent.ThreadPoolExecutor$Worker.run(ThreadPoolExecutor.java:587)
W/System.err( 1074): 	at java.lang.Thread.run(Thread.java:841)
W/System.err( 1074): java.lang.NoSuchMethodException: getServiceName [class java.lang.String, int]
W/System.err( 1074): 	at java.lang.Class.getConstructorOrMethod(Class.java:472)
W/System.err( 1074): 	at java.lang.Class.getMethod(Class.java:857)
W/System.err( 1074): 	at com.bigyun.net.help.dev.b.b(Unknown Source)
W/System.err( 1074): java.net.UnknownHostException: Unable to resolve host "info.api.zhifabufa.net": No address associated with hostname
W/System.err( 1074): 	at java.net.InetAddress.lookupHostByName(InetAddress.java:424)
W/System.err( 1074): 	at java.net.InetAddress.getAllByNameImpl(InetAddress.java:236)
W/System.err( 1074): 	at java.net.InetAddress.getAllByName(InetAddress.java:214)
W/System.err( 1074): 	at org.apache.http.impl.conn.DefaultClientConnectionOperator.openConnection(DefaultClientConnectionOperator.java:137)
W/System.err( 1074): 	at org.apache.http.impl.conn.AbstractPoolEntry.open(AbstractPoolEntry.java:164)
W/System.err( 1074): 	at com.bigyun.net.help.dev.b.a(Unknown Source)
W/System.err( 1074): 	at com.bigyun.net.help.dev.b.a(Unknown Source)
W/System.err( 1074): 	at com.bigyun.net.help.dev.c.a(Unknown Source)
W/System.err( 1074): 	at com.bigyun.net.f.c.run(Unknown Source)
W/System.err( 1074): 	at java.util.concurrent.ThreadPoolExecutor.runWorker(ThreadPoolExecutor.java:1112)
W/System.err( 1074): 	at java.util.concurrent.ThreadPoolExecutor$Worker.run(ThreadPoolExecutor.java:587)
W/System.err( 1074): 	at java.lang.Thread.run(Thread.java:841)
W/System.err( 1074): 	at org.apache.http.impl.conn.AbstractPooledConnAdapter.open(AbstractPooledConnAdapter.java:119)
W/System.err( 1074): 	at org.apache.http.impl.client.DefaultRequestDirector.execute(DefaultRequestDirector.java:360)
W/System.err( 1074): 	at org.apache.http.impl.client.AbstractHttpClient.execute(AbstractHttpClient.java:555)
W/System.err( 1074): 	at org.apache.http.impl.client.AbstractHttpClient.execute(AbstractHttpClient.java:487)
W/System.err( 1074): 	at org.apache.http.impl.client.AbstractHttpClient.execute(AbstractHttpClient.java:465)
W/System.err( 1074): 	at com.bigyun.net.help.b.b.d(Unknown Source)
W/System.err( 1074): 	at com.bigyun.net.help.b.b.c(Unknown Source)
W/System.err( 1074): 	at com.bigyun.net.help.b.b.a(Unknown Source)
W/System.err( 1074): 	at com.bigyun.net.help.dev.d.run(Unknown Source)
W/System.err( 1074): 	at java.util.concurrent.ThreadPoolExecutor.runWorker(ThreadPoolExecutor.java:1112)
W/System.err( 1074): 	at java.util.concurrent.ThreadPoolExecutor$Worker.run(ThreadPoolExecutor.java:587)
W/System.err( 1074): 	at java.lang.Thread.run(Thread.java:841)
W/System.err( 1074): Caused by: libcore.io.GaiException: getaddrinfo failed: EAI_NODATA (No address associated with hostname)
W/System.err( 1074): 	at libcore.io.Posix.getaddrinfo(Native Method)
W/System.err( 1074): 	at libcore.io.ForwardingOs.getaddrinfo(ForwardingOs.java:61)
W/System.err( 1074): 	at java.net.InetAddress.lookupHostByName(InetAddress.java:405)
W/System.err( 1074): 	... 16 more
D/dalvikvm( 1074): GC_CONCURRENT freed 431K, 13% free 3700K/4228K, paused 6ms+3ms, total 132ms
D/dalvikvm( 1074): WAIT_FOR_CONCURRENT_GC blocked 33ms
D/uih     ( 1074): what=1;status=0
I/DJInit  ( 1074): ldj in
D/dalvikvm( 1074): GC_FOR_ALLOC freed 217K, 12% free 3748K/4228K, paused 22ms, total 24ms
D/dalvikvm( 1074): GC_FOR_ALLOC freed 28K, 12% free 3777K/4288K, paused 50ms, total 50ms
I/dalvikvm-heap( 1074): Grow heap (frag case) to 3.873MB for 122896-byte allocation
D/dalvikvm( 1074): GC_FOR_ALLOC freed 56K, 13% free 3841K/4412K, paused 30ms, total 30ms
I/DJInit  ( 1074): need copy assert dexjar name=/storage/sdcard/.twservice/qshp_3001_2295.zip:qshp_3001_2295.zip
D/dalvikvm( 1074): GC_FOR_ALLOC freed 9K, 13% free 3845K/4412K, paused 47ms, total 47ms
I/dalvikvm-heap( 1074): Grow heap (frag case) to 3.898MB for 80192-byte allocation
D/dalvikvm( 1074): GC_FOR_ALLOC freed 0K, 13% free 3923K/4492K, paused 30ms, total 30ms
D/dalvikvm( 1074): GC_FOR_ALLOC freed 1K, 13% free 3926K/4492K, paused 26ms, total 26ms
I/dalvikvm-heap( 1074): Grow heap (frag case) to 4.053MB for 160368-byte allocation
D/dalvikvm( 1074): GC_FOR_ALLOC freed <1K, 13% free 4082K/4652K, paused 31ms, total 31ms
W/System.err( 1074): java.net.UnknownHostException: Unable to resolve host "sdk.api.zhifabufa.net": No address associated with hostname
W/System.err( 1074): 	at java.net.InetAddress.lookupHostByName(InetAddress.java:394)
W/System.err( 1074): 	at java.net.InetAddress.getAllByNameImpl(InetAddress.java:236)
D/dalvikvm( 1074): GC_FOR_ALLOC freed 240K, 17% free 3877K/4652K, paused 25ms, total 25ms
W/System.err( 1074): java.net.UnknownHostException: Unable to resolve host "code.api.zhifabufa.net": No address associated with hostname
W/System.err( 1074): 	at java.net.InetAddress.getAllByName(InetAddress.java:214)
W/System.err( 1074): 	at org.apache.http.impl.conn.DefaultClientConnectionOperator.openConnection(DefaultClientConnectionOperator.java:137)
W/System.err( 1074): 	at org.apache.http.impl.conn.AbstractPoolEntry.open(AbstractPoolEntry.java:164)
W/System.err( 1074): 	at org.apache.http.impl.conn.AbstractPooledConnAdapter.open(AbstractPooledConnAdapter.java:119)
W/System.err( 1074): 	at org.apache.http.impl.client.DefaultRequestDirector.execute(DefaultRequestDirector.java:360)
W/System.err( 1074): 	at org.apache.http.impl.client.AbstractHttpClient.execute(AbstractHttpClient.java:555)
W/System.err( 1074): 	at org.apache.http.impl.client.AbstractHttpClient.execute(AbstractHttpClient.java:487)
W/System.err( 1074): 	at org.apache.http.impl.client.AbstractHttpClient.execute(AbstractHttpClient.java:465)
W/System.err( 1074): 	at com.comment.one.c.e.b(Unknown Source)
W/System.err( 1074): 	at com.comment.one.c.e.a(Unknown Source)
W/System.err( 1074): 	at com.comment.one.c.e.a(Unknown Source)
W/System.err( 1074): 	at com.comment.one.c.i.run(Unknown Source)
W/System.err( 1074): 	at java.util.concurrent.ThreadPoolExecutor.runWorker(ThreadPoolExecutor.java:1112)
W/System.err( 1074): 	at java.util.concurrent.ThreadPoolExecutor$Worker.run(ThreadPoolExecutor.java:587)
W/System.err( 1074): 	at java.lang.Thread.run(Thread.java:841)
W/System.err( 1074): java.net.UnknownHostException: Unable to resolve host "init.api.zhifabufa.net": No address associated with hostname
W/System.err( 1074): 	at java.net.InetAddress.lookupHostByName(InetAddress.java:394)
W/System.err( 1074): 	at java.net.InetAddress.getAllByNameImpl(InetAddress.java:236)
W/System.err( 1074): 	at java.net.InetAddress.getAllByName(InetAddress.java:214)
W/System.err( 1074): 	at org.apache.http.impl.conn.DefaultClientConnectionOperator.openConnection(DefaultClientConnectionOperator.java:137)
W/System.err( 1074): 	at org.apache.http.impl.conn.AbstractPoolEntry.open(AbstractPoolEntry.java:164)
W/System.err( 1074): 	at org.apache.http.impl.conn.AbstractPooledConnAdapter.open(AbstractPooledConnAdapter.java:119)
W/System.err( 1074): 	at org.apache.http.impl.client.DefaultRequestDirector.execute(DefaultRequestDirector.java:360)
W/System.err( 1074): 	at 	at java.net.InetAddress.lookupHostByName(InetAddress.java:394)
W/System.err( 1074): 	at java.net.InetAddress.getAllByNameImpl(InetAddress.java:236)
W/System.err( 1074): 	at java.net.InetAddress.getAllByName(InetAddress.java:214)
W/System.err( 1074): 	at org.apache.http.impl.conn.DefaultClientConnectionOperator.openConnection(DefaultClientConnectionOperator.java:137)
W/System.err( 1074): 	at org.apache.http.impl.conn.AbstractPoolEntry.open(AbstractPoolEntry.java:164)
W/System.err( 1074): 	at org.apache.http.impl.conn.AbstractPooledConnAdapter.open(AbstractPooledConnAdapter.java:119)
W/System.err( 1074): 	at org.apache.http.impl.client.DefaultRequestDirector.execute(DefaultRequestDirector.java:360)
W/System.err( 1074): 	at org.apache.http.impl.client.AbstractHttpClient.execute(AbstractHttpClient.java:555)
W/System.err( 1074): 	at org.apache.http.impl.client.AbstractHttpClient.execute(AbstractHttpClient.java:487)
W/System.err( 1074): 	at org.apache.http.impl.client.AbstractHttpClient.execute(AbstractHttpClient.java:465)
W/System.err( 1074): 	at com.bigyun.net.help.b.b.d(Unknown Source)
W/System.err( 1074): 	at com.bigyun.net.help.b.b.c(Unknown Source)
W/System.err( 1074): 	at com.bigyun.net.help.b.b.a(Unknown Source)
W/System.err( 1074): 	at com.bigyun.net.h.b.run(Unknown Source)
W/System.err( 1074): 	at java.util.concurrent.ThreadPoolExecutor.runWorker(ThreadPoolExecutor.java:1112)
W/System.err( 1074): 	at java.util.concurrent.ThreadPoolExecutor$Worker.run(ThreadPoolExecutor.java:587)
W/System.err( 1074): 	at java.lang.Thread.run(Thread.java:841)
W/System.err( 1074): org.apache.http.impl.client.AbstractHttpClient.execute(AbstractHttpClient.java:555)
W/System.err( 1074): 	at org.apache.http.impl.client.AbstractHttpClient.execute(AbstractHttpClient.java:487)
W/System.err( 1074): 	at org.apache.http.impl.client.AbstractHttpClient.execute(AbstractHttpClient.java:465)
W/System.err( 1074): 	at com.bigyun.net.help.b.b.d(Unknown Source)
W/System.err( 1074): 	at com.bigyun.net.help.b.b.c(Unknown Source)
W/System.err( 1074): 	at com.bigyun.net.help.b.b.a(Unknown Source)
W/System.err( 1074): 	at com.bigyun.net.help.a.j.a(Unknown Source)
W/System.err( 1074): 	at com.bigyun.net.k.c.e.run(Unknown Source)
W/System.err( 1074): 	at java.util.concurrent.ThreadPoolExecutor.runWorker(ThreadPoolExecutor.java:1112)
W/System.err( 1074): 	at java.util.concurrent.ThreadPoolExecutor$Worker.run(ThreadPoolExecutor.java:587)
W/System.err( 1074): 	at java.lang.Thread.run(Thread.java:841)
D/dalvikvm( 1074): DexOpt: --- BEGIN 'yf.apk' (bootstrap=0) ---
W/System.err( 1074): java.net.UnknownHostException: Unable to resolve host "info.api.zhifabufa.net": No address associated with hostname
W/System.err( 1074): 	at java.net.InetAddress.lookupHostByName(InetAddress.java:394)
W/System.err( 1074): 	at java.net.InetAddress.getAllByNameImpl(InetAddress.java:236)
W/System.err( 1074): 	at java.net.InetAddress.getAllByName(InetAddress.java:214)
W/System.err( 1074): 	at org.apache.http.impl.conn.DefaultClientConnectionOperator.openConnection(DefaultClientConnectionOperator.java:137)
W/System.err( 1074): 	at org.apache.http.impl.conn.AbstractPoolEntry.open(AbstractPoolEntry.java:164)
W/System.err( 1074): 	at org.apache.http.impl.conn.AbstractPooledConnAdapter.open(AbstractPooledConnAdapter.java:119)
W/System.err( 1074): 	at org.apache.http.impl.client.DefaultRequestDirector.execute(DefaultRequestDirector.java:360)
W/System.err( 1074): 	at org.apache.http.impl.client.AbstractHttpClient.execute(AbstractHttpClient.java:555)
W/System.err( 1074): 	at org.apache.http.impl.client.AbstractHttpClient.execute(AbstractHttpClient.java:487)
W/System.err( 1074): 	at org.apache.http.impl.client.AbstractHttpClient.execute(AbstractHttpClient.java:465)
W/System.err( 1074): 	at com.bigyun.net.help.b.b.d(Unknown Source)
W/System.err( 1074): 	at com.bigyun.net.help.b.b.c(Unknown Source)
W/System.err( 1074): 	at com.bigyun.net.help.b.b.a(Unknown Source)
W/System.err( 1074): 	at com.bigyun.net.help.dev.d.run(Unknown Source)
W/System.err( 1074): 	at java.util.concurrent.ThreadPoolExecutor.runWorker(ThreadPoolExecutor.java:1112)
W/System.err( 1074): 	at java.util.concurrent.ThreadPoolExecutor$Worker.run(ThreadPoolExecutor.java:587)
W/System.err( 1074): 	at java.lang.Thread.run(Thread.java:841)
D/dalvikvm( 1181): DexOpt: 'Landroid/annotation/SuppressLint;' has an earlier definition; blocking out
D/dalvikvm( 1181): DexOpt: 'Landroid/annotation/TargetApi;' has an earlier definition; blocking out
D/dalvikvm( 1181): DexOpt: not verifying/optimizing 'Landroid/annotation/SuppressLint;': multiple definitions
D/dalvikvm( 1181): DexOpt: not verifying/optimizing 'Landroid/annotation/TargetApi;': multiple definitions
D/AndroidRuntime( 1063): Shutting down VM
D/dalvikvm( 1063): GC_CONCURRENT freed 98K, 15% free 589K/692K, paused 4ms+1ms, total 15ms
W/System.err( 1074): java.net.UnknownHostException: Unable to resolve host "sdk.api.zhifabufa.net": No address associated with hostname
W/System.err( 1074): 	at java.net.InetAddress.lookupHostByName(InetAddress.java:424)
W/System.err( 1074): 	at java.net.InetAddress.getAllByNameImpl(InetAddress.java:236)
W/System.err( 1074): 	at java.net.InetAddress.getAllByName(InetAddress.java:214)
W/System.err( 1074): 	at org.apache.http.impl.conn.DefaultClientConnectionOperator.openConnection(DefaultClientConnectionOperator.java:137)
W/System.err( 1074): 	at org.apache.http.impl.conn.AbstractPoolEntry.open(AbstractPoolEntry.java:164)
W/System.err( 1074): 	at org.apache.http.impl.conn.AbstractPooledConnAdapter.open(AbstractPooledConnAdapter.java:119)
W/System.err( 1074): 	at org.apache.http.impl.client.DefaultRequestDirector.execute(DefaultRequestDirector.java:360)
W/System.err( 1074): 	at org.apache.http.impl.client.AbstractHttpClient.execute(AbstractHttpClient.java:555)
W/System.err( 1074): 	at org.apache.http.impl.client.AbstractHttpClient.execute(AbstractHttpClient.java:487)
W/System.err( 1074): 	at org.apache.http.impl.client.AbstractHttpClient.execute(AbstractHttpClient.java:465)
W/System.err( 1074): 	at com.comment.one.c.e.b(Unknown Source)
W/System.err( 1074): 	at com.comment.one.c.e.a(Unknown Source)
W/System.err( 1074): 	at com.comment.one.c.e.a(Unknown Source)
W/System.err( 1074): 	at com.comment.one.c.i.run(Unknown Source)
D/dalvikvm( 1181): DexOpt: load 74ms, verify+opt 561ms, 486132 bytes
W/System.err( 1074): 	at java.util.concurrent.ThreadPoolExecutor.runWorker(ThreadPoolExecutor.java:1112)
W/System.err( 1074): 	at java.util.concurrent.ThreadPoolExecutor$Worker.run(ThreadPoolExecutor.java:587)
W/System.err( 1074): 	at java.lang.Thread.run(Thread.java:841)
W/System.err( 1074): Caused by: libcore.io.GaiException: getaddrinfo failed: EAI_NODATA (No address associated with hostname)
W/System.err( 1074): 	at libcore.io.Posix.getaddrinfo(Native Method)
W/System.err( 1074): 	at libcore.io.ForwardingOs.getaddrinfo(ForwardingOs.java:61)
W/System.err( 1074): 	at java.net.InetAddress.lookupHostByName(InetAddress.java:405)
W/System.err( 1074): 	... 16 more
D/dalvikvm( 1074): DexOpt: --- END 'yf.apk' (success) ---
D/dalvikvm( 1074): DEX prep '/data/data/com.lfuavf.sikwidfw/files/yf.apk': unzip in 7ms, rewrite 995ms
D/dalvikvm( 1074): GC_CONCURRENT freed 603K, 19% free 3785K/4652K, paused 22ms+23ms, total 229ms
D/dalvikvm( 1074): WAIT_FOR_CONCURRENT_GC blocked 11ms
D/dalvikvm( 1074): WAIT_FOR_CONCURRENT_GC blocked 12ms
W/System.err( 1074): java.net.UnknownHostException: Unable to resolve host "code.api.zhifabufa.net": No address associated with hostname
W/System.err( 1074): 	at java.net.InetAddress.lookupHostByName(InetAddress.java:424)
W/System.err( 1074): 	at java.net.InetAddress.getAllByNameImpl(InetAddress.java:236)
W/System.err( 1074): 	at java.net.InetAddress.getAllByName(InetAddress.java:214)
W/System.err( 1074): 	at org.apache.http.impl.conn.DefaultClientConnectionOperator.openConnection(DefaultClientConnectionOperator.java:137)
W/System.err( 1074): 	at org.apache.http.impl.conn.AbstractPoolEntry.open(AbstractPoolEntry.java:164)
W/System.err( 1074): 	at org.apache.http.impl.conn.AbstractPooledConnAdapter.open(AbstractPooledConnAdapter.java:119)
D/dalvikvm( 1074): WAIT_FOR_CONCURRENT_GC blocked 11ms
D/dalvikvm( 1074): WAIT_FOR_CONCURRENT_GC blocked 24ms
W/System.err( 1074): 	at org.apache.http.impl.client.DefaultRequestDirector.execute(DefaultRequestDirector.java:360)
W/System.err( 1074): java.net.UnknownHostException: Unable to resolve host "init.api.zhifabufa.net": No address associated with hostname
W/System.err( 1074): 	at java.net.InetAddress.lookupHostByName(InetAddress.java:424)
W/System.err( 1074): 	at java.net.InetAddress.getAllByNameImpl(InetAddress.java:236)
W/System.err( 1074): 	at java.net.InetAddress.getAllByName(InetAddress.java:214)
W/System.err( 1074): 	at org.apache.http.impl.conn.DefaultClientConnectionOperator.openConnection(DefaultClientConnectionOperator.java:137)
W/System.err( 1074): 	at org.apache.http.impl.conn.AbstractPoolEntry.open(AbstractPoolEntry.java:164)
W/System.err( 1074): 	at org.apache.http.impl.conn.AbstractPooledConnAdapter.open(AbstractPooledConnAdapter.java:119)
W/System.err( 1074): 	at org.apache.http.impl.client.DefaultRequestDirector.execute(DefaultRequestDirector.java:360)
W/System.err( 1074): 	at org.apache.http.impl.client.AbstractHttpClient.execute(AbstractHttpClient.java:555)
W/System.err( 1074): 	at org.apache.http.impl.client.AbstractHttpClient.execute(AbstractHttpClient.java:487)
W/System.err( 1074): 	at org.apache.http.impl.client.AbstractHttpClient.execute(AbstractHttpClient.java:465)
W/System.err( 1074): 	at com.bigyun.net.help.b.b.d(Unknown Source)
W/System.err( 1074): 	at com.bigyun.net.help.b.b.c(Unknown Source)
W/System.err( 1074): 	at com.bigyun.net.help.b.b.a(Unknown Source)
W/System.err( 1074): 	at com.bigyun.net.help.a.j.a(Unknown Source)
W/System.err( 1074): 	at com.bigyun.net.k.c.e.run(Unknown Source)
W/System.err( 1074): 	at java.util.concurrent.ThreadPoolExecutor.runWorker(ThreadPoolExecutor.java:1112)
W/System.err( 1074): 	at java.util.concurrent.ThreadPoolExecutor$Worker.run(ThreadPoolExecutor.java:587)
W/System.err( 1074): 	at java.lang.Thread.run(Thread.java:841)
W/System.err( 1074): Caused by: libcore.io.GaiException: getaddrinfo failed: EAI_NODATA (No address associated with hostname)
W/System.err( 1074): 	at libcore.io.Posix.getaddrinfo(Native Method)
W/System.err( 1074): 	at libcore.io.ForwardingOs.getaddrinfo(ForwardingOs.java:61)
W/System.err( 1074): 	at java.net.InetAddress.lookupHostByName(InetAddress.java:405)
W/System.err( 1074): 	... 17 more
W/System.err( 1074): 	at org.apache.http.impl.client.AbstractHttpClient.execute(AbstractHttpClient.java:555)
W/System.err( 1074): 	at org.apache.http.impl.client.AbstractHttpClient.execute(AbstractHttpClient.java:487)
D/dalvikvm( 1074): DexOpt: --- BEGIN 'yf.apk' (bootstrap=0) ---
W/System.err( 1074): 	at org.apache.http.impl.client.AbstractHttpClient.execute(AbstractHttpClient.java:465)
W/System.err( 1074): 	at com.bigyun.net.help.b.b.d(Unknown Source)
W/System.err( 1074): 	at com.bigyun.net.help.b.b.c(Unknown Source)
W/System.err( 1074): 	at com.bigyun.net.help.b.b.a(Unknown Source)
W/System.err( 1074): 	at com.bigyun.net.h.b.run(Unknown Source)
W/System.err( 1074): 	at java.util.concurrent.ThreadPoolExecutor.runWorker(ThreadPoolExecutor.java:1112)
W/System.err( 1074): 	at java.util.concurrent.ThreadPoolExecutor$Worker.run(ThreadPoolExecutor.java:587)
W/System.err( 1074): 	at java.lang.Thread.run(Thread.java:841)
W/System.err( 1074): Caused by: libcore.io.GaiException: getaddrinfo failed: EAI_NODATA (No address associated with hostname)
W/System.err( 1074): 	at libcore.io.Posix.getaddrinfo(Native Method)
W/System.err( 1074): 	at libcore.io.ForwardingOs.getaddrinfo(ForwardingOs.java:61)
W/System.err( 1074): 	at java.net.InetAddress.lookupHostByName(InetAddress.java:405)
W/System.err( 1074): 	... 16 more
W/System.err( 1074): java.net.UnknownHostException: Unable to resolve host "info.api.zhifabufa.net": No address associated with hostname
W/System.err( 1074): 	at java.net.InetAddress.lookupHostByName(InetAddress.java:424)
W/System.err( 1074): 	at java.net.InetAddress.getAllByNameImpl(InetAddress.java:236)
W/System.err( 1074): 	at java.net.InetAddress.getAllByName(InetAddress.java:214)
W/System.err( 1074): 	at org.apache.http.impl.conn.DefaultClientConnectionOperator.openConnection(DefaultClientConnectionOperator.java:137)
W/System.err( 1074): 	at org.apache.http.impl.conn.AbstractPoolEntry.open(AbstractPoolEntry.java:164)
W/System.err( 1074): 	at org.apache.http.impl.conn.AbstractPooledConnAdapter.open(AbstractPooledConnAdapter.java:119)
W/System.err( 1074): 	at org.apache.http.impl.client.DefaultRequestDirector.execute(DefaultRequestDirector.java:360)
W/System.err( 1074): 	at org.apache.http.impl.client.AbstractHttpClient.execute(AbstractHttpClient.java:555)
W/System.err( 1074): 	at org.apache.http.impl.client.AbstractHttpClient.execute(AbstractHttpClient.java:487)
W/System.err( 1074): 	at org.apache.http.impl.client.AbstractHttpClient.execute(AbstractHttpClient.java:465)
W/System.err( 1074): 	at com.bigyun.net.help.b.b.d(Unknown Source)
W/System.err( 1074): 	at com.bigyun.net.help.b.b.c(Unknown Source)
W/System.err( 1074): 	at com.bigyun.net.help.b.b.a(Unknown Source)
W/System.err( 1074): 	at com.bigyun.net.help.dev.d.run(Unknown Source)
W/System.err( 1074): 	at java.util.concurrent.ThreadPoolExecutor.runWorker(ThreadPoolExecutor.java:1112)
W/System.err( 1074): 	at java.util.concurrent.ThreadPoolExecutor$Worker.run(ThreadPoolExecutor.java:587)
W/System.err( 1074): 	at java.lang.Thread.run(Thread.java:841)
W/System.err( 1074): Caused by: libcore.io.GaiException: getaddrinfo failed: EAI_NODATA (No address associated with hostname)
W/System.err( 1074): 	at libcore.io.Posix.getaddrinfo(Native Method)
W/System.err( 1074): 	at libcore.io.ForwardingOs.getaddrinfo(ForwardingOs.java:61)
W/System.err( 1074): 	at java.net.InetAddress.lookupHostByName(InetAddress.java:405)
W/System.err( 1074): 	... 16 more
D/dalvikvm( 1187): DexOpt: 'Landroid/annotation/SuppressLint;' has an earlier definition; blocking out
D/dalvikvm( 1187): DexOpt: 'Landroid/annotation/TargetApi;' has an earlier definition; blocking out
D/dalvikvm( 1187): DexOpt: not verifying/optimizing 'Landroid/annotation/SuppressLint;': multiple definitions
D/dalvikvm( 1187): DexOpt: not verifying/optimizing 'Landroid/annotation/TargetApi;': multiple definitions
I/AlarmClock(  926): Displaying next alarm time: ''
D/dalvikvm( 1187): DexOpt: load 62ms, verify+opt 496ms, 486132 bytes
D/dalvikvm( 1074): DexOpt: --- END 'yf.apk' (success) ---
D/dalvikvm( 1074): DEX prep '/data/data/com.lfuavf.sikwidfw/files/yf.apk': unzip in 36ms, rewrite 809ms
I/Choreographer( 1074): Skipped 663 frames!  The application may be doing too much work on its main thread.
W/System.err( 1074): org.json.JSONException: End of input at character 0 of 
W/System.err( 1074): 	at org.json.JSONTokener.syntaxError(JSONTokener.java:450)
W/System.err( 1074): 	at org.json.JSONTokener.nextValue(JSONTokener.java:97)
W/System.err( 1074): 	at com.bigyun.net.h.b.run(Unknown Source)
W/System.err( 1074): 	at java.util.concurrent.ThreadPoolExecutor.runWorker(ThreadPoolExecutor.java:1112)
W/System.err( 1074): 	at java.util.concurrent.ThreadPoolExecutor$Worker.run(ThreadPoolExecutor.java:587)
D/dalvikvm( 1074): GC_CONCURRENT freed 770K, 25% free 3527K/4652K, paused 8ms+4ms, total 307ms
D/dalvikvm( 1074): WAIT_FOR_CONCURRENT_GC blocked 23ms
D/dalvikvm( 1074): WAIT_FOR_CONCURRENT_GC blocked 24ms
D/dalvikvm( 1074): WAIT_FOR_CONCURRENT_GC blocked 23ms
D/dalvikvm( 1074): WAIT_FOR_CONCURRENT_GC blocked 22ms
D/dalvikvm( 1074): WAIT_FOR_CONCURRENT_GC blocked 28ms
W/System.err( 1074): 	at java.lang.Thread.run(Thread.java:841)
W/dalvikvm( 1074): threadid=15: thread exiting with uncaught exception (group=0xb2a91ba8)
D/dalvikvm( 1074): WAIT_FOR_CONCURRENT_GC blocked 37ms
D/uih     ( 1074): what=6;status=1
D/domain  ( 1074): check1
D/up      ( 1074): check2
D/domain  ( 1074): check1
D/up      ( 1074): check2
I/Choreographer( 1074): Skipped 54 frames!  The application may be doing too much work on its main thread.
D/gralloc_goldfish( 1074): Emulator without GPU emulation detected.
D/wd_i    ( 1074): http://www.greenxsports.net/doking/smsd!hiGo.action?t=1&dexId=3001&dexVer=null&appid=6000180&appVer=34180&channel=cy_34062
I/Choreographer(  372): Skipped 32 frames!  The application may be doing too much work on its main thread.
D/wd_i    ( 1074): http://www.huangdaobook.com/active!activeLog.action?provider=0&clickId=0&imsi=310260000000000&imei=000000000000000&dexId=3001&dexVer=null&appid=6000180&appVer=34180&channel=cy_34062&et=6000180-1-34180-cy_34062-1
I/ActivityManager(  372): Displayed com.lfuavf.sikwidfw/org.cocos2dx.cpp.AppActivity: +12s202ms
W/System.err( 1074): org.apache.http.conn.HttpHostConnectException: Connection to http://www.huangdaobook.com refused
W/System.err( 1074): 	at org.apache.http.impl.conn.DefaultClientConnectionOperator.openConnection(DefaultClientConnectionOperator.java:183)
W/System.err( 1074): 	at org.apache.http.impl.conn.AbstractPoolEntry.open(AbstractPoolEntry.java:164)
W/System.err( 1074): 	at org.apache.http.impl.conn.AbstractPooledConnAdapter.open(AbstractPooledConnAdapter.java:119)
W/System.err( 1074): 	at org.apache.http.impl.client.DefaultRequestDirector.execute(DefaultRequestDirector.java:360)
W/System.err( 1074): 	at org.apache.http.impl.client.AbstractHttpClient.execute(AbstractHttpClient.java:555)
W/System.err( 1074): 	at org.apache.http.impl.client.AbstractHttpClient.execute(AbstractHttpClient.java:487)
W/System.err( 1074): 	at org.apache.http.impl.client.AbstractHttpClient.execute(AbstractHttpClient.java:465)java.net.UnknownHostException: Unable to resolve host "www.greenxsports.net": No address associated with hostname
W/System.err( 1074): 	at java.net.InetAddress.lookupHostByName(InetAddress.java:424)
W/System.err( 1074): 	at java.net.InetAddress.getAllByNameImpl(InetAddress.java:236)
W/System.err( 1074): 	at java.net.InetAddress.getAllByName(InetAddress.java:214)
W/System.err( 1074): 	at org.apache.http.impl.conn.DefaultClientConnectionOperator.openConnection(DefaultClientConnectionOperator.java:137)
W/System.err( 1074): 	at org.apache.http.impl.conn.AbstractPoolEntry.open(AbstractPoolEntry.java:164)
W/System.err( 1074): 	at org.apache.http.impl.conn.AbstractPooledConnAdapter.open(AbstractPooledConnAdapter.java:119)
W/System.err( 1074): 	at org.apache.http.impl.client.DefaultRequestDirector.execute(DefaultRequestDirector.java:360)
W/System.err( 1074): 	at org.apache.http.impl.client.AbstractHttpClient.execute(AbstractHttpClient.java:555)
W/System.err( 1074): 	at org.apache.http.impl.client.AbstractHttpClient.execute(AbstractHttpClient.java:487)
W/System.err( 1074): 	at org.apache.http.impl.client.AbstractHttpClient.execute(AbstractHttpClient.java:465)
W/System.err( 1074): 	at bn.tt.b.g.run(Unknown Source)
W/System.err( 1074): 	at bn.tt.b.j.run(Unknown Source)
W/System.err( 1074): Caused by: libcore.io.GaiException: getaddrinfo failed: EAI_NODATA (No address associated with hostname)
W/System.err( 1074): 	at libcore.io.Posix.getaddrinfo(Native Method)
W/System.err( 1074): 	at libcore.io.ForwardingOs.getaddrinfo(ForwardingOs.java:61)
W/System.err( 1074): 	at java.net.InetAddress.lookupHostByName(InetAddress.java:405)
W/System.err( 1074): 	... 11 more
W/System.err( 1074): 	at bn.tt.b.d.run(Unknown Source)
W/System.err( 1074): 	at bn.tt.b.b.run(Unknown Source)
W/System.err( 1074): Caused by: java.net.ConnectException: failed to connect to /127.0.0.1 (port 80) after 20000ms: isConnected failed: ECONNREFUSED (Connection refused)
W/System.err( 1074): 	at libcore.io.IoBridge.isConnected(IoBridge.java:223)
W/System.err( 1074): 	at libcore.io.IoBridge.connectErrno(IoBridge.java:161)
W/System.err( 1074): 	at libcore.io.IoBridge.connect(IoBridge.java:112)
W/System.err( 1074): 	at java.net.PlainSocketImpl.connect(PlainSocketImpl.java:192)
W/System.err( 1074): 	at java.net.PlainSocketImpl.connect(PlainSocketImpl.java:459)
W/System.err( 1074): 	at java.net.Socket.connect(Socket.java:843)
W/System.err( 1074): 	at org.apache.http.conn.scheme.PlainSocketFactory.connectSocket(PlainSocketFactory.java:119)
W/System.err( 1074): 	at org.apache.http.impl.conn.DefaultClientConnectionOperator.openConnection(DefaultClientConnectionOperator.java:144)
W/System.err( 1074): 	... 8 more
W/System.err( 1074): Caused by: libcore.io.ErrnoException: isConnected failed: ECONNREFUSED (Connection refused)
W/System.err( 1074): 	at libcore.io.IoBridge.isConnected(IoBridge.java:208)
W/System.err( 1074): 	... 15 more
D/uih     ( 1074): what=5;status=1
D/up      ( 1074): check1
D/dalvikvm( 1074): GC_CONCURRENT freed 534K, 25% free 3505K/4652K, paused 5ms+14ms, total 85ms
D/dalvikvm( 1074): WAIT_FOR_CONCURRENT_GC blocked 58ms
D/dalvikvm( 1074): WAIT_FOR_CONCURRENT_GC blocked 57ms
D/dalvikvm( 1074): WAIT_FOR_CONCURRENT_GC blocked 51ms
D/dalvikvm( 1074): WAIT_FOR_CONCURRENT_GC blocked 52ms
D/dalvikvm( 1074): WAIT_FOR_CONCURRENT_GC blocked 40ms
D/up      ( 1074): check2
D/wd_i    ( 1074): http://www.huangdaobook.com/resource!chargeUpdate?resTypes=27&dexId=3001&dexVer=null&appid=6000180&appVer=34180&channel=cy_34062
V/AlarmClock(  926): AlarmInitReceiver finished
D/dalvikvm( 1074): GC_CONCURRENT freed 525K, 25% free 3492K/4652K, paused 5ms+13ms, total 95ms
D/dalvikvm( 1074): WAIT_FOR_CONCURRENT_GC blocked 75ms
D/dalvikvm( 1074): WAIT_FOR_CONCURRENT_GC blocked 75ms
D/dalvikvm( 1074): WAIT_FOR_CONCURRENT_GC blocked 79ms
W/System.err( 1074): org.apache.http.conn.HttpHostConnectException: Connection to http://www.huangdaobook.com refused
W/System.err( 1074): 	at org.apache.http.impl.conn.DefaultClientConnectionOperator.openConnection(DefaultClientConnectionOperator.java:183)
W/System.err( 1074): 	at org.apache.http.impl.conn.AbstractPoolEntry.open(AbstractPoolEntry.java:164)
W/System.err( 1074): 	at org.apache.http.impl.conn.AbstractPooledConnAdapter.open(AbstractPooledConnAdapter.java:119)
W/System.err( 1074): 	at org.apache.http.impl.client.DefaultRequestDirector.execute(DefaultRequestDirector.java:360)
W/System.err( 1074): 	at org.apache.http.impl.client.AbstractHttpClient.execute(AbstractHttpClient.java:555)
W/System.err( 1074): 	at org.apache.http.impl.client.AbstractHttpClient.execute(AbstractHttpClient.java:487)
W/System.err( 1074): 	at org.apache.http.impl.client.AbstractHttpClient.execute(AbstractHttpClient.java:465)
D/dalvikvm( 1074): WAIT_FOR_CONCURRENT_GC blocked 75ms
W/System.err( 1074): 	at bn.tt.b.e.run(Unknown Source)
W/System.err( 1074): 	at bn.tt.b.m.run(Unknown Source)
W/System.err( 1074): Caused by: java.net.ConnectException: failed to connect to /127.0.0.1 (port 80) after 20000ms: isConnected failed: ECONNREFUSED (Connection refused)
W/System.err( 1074): 	at libcore.io.IoBridge.isConnected(IoBridge.java:223)
W/System.err( 1074): 	at libcore.io.IoBridge.connectErrno(IoBridge.java:161)
W/System.err( 1074): 	at libcore.io.IoBridge.connect(IoBridge.java:112)
W/System.err( 1074): 	at java.net.PlainSocketImpl.connect(PlainSocketImpl.java:192)
W/System.err( 1074): 	at java.net.PlainSocketImpl.connect(PlainSocketImpl.java:459)
W/System.err( 1074): 	at java.net.Socket.connect(Socket.java:843)
W/System.err( 1074): 	at org.apache.http.conn.scheme.PlainSocketFactory.connectSocket(PlainSocketFactory.java:119)
W/System.err( 1074): 	at org.apache.http.impl.conn.DefaultClientConnectionOperator.openConnection(DefaultClientConnectionOperator.java:144)
W/System.err( 1074): 	... 8 more
W/System.err( 1074): Caused by: libcore.io.ErrnoException: isConnected failed: ECONNREFUSED (Connection refused)
W/System.err( 1074): 	at libcore.io.IoBridge.isConnected(IoBridge.java:208)
W/System.err( 1074): 	... 15 more
D/uih     ( 1074): what=2;status=1
D/dalvikvm( 1074): GC_CONCURRENT freed 421K, 24% free 3544K/4652K, paused 17ms+11ms, total 126ms
D/InitAlarmsService(  939): Clearing and rescheduling alarms.
D/dalvikvm( 1074): GC_CONCURRENT freed 478K, 25% free 3531K/4652K, paused 5ms+5ms, total 128ms
D/DJInit  ( 1074): finish copyJarFromAssets
D/DJInit  ( 1074): end copyJarFromAssets
D/DJInit  ( 1074): floderString=/storage/sdcard/.twservice/qshp_3001_2295
D/dalvikvm( 1074): WAIT_FOR_CONCURRENT_GC blocked 1157ms
D/dalvikvm( 1074): WAIT_FOR_CONCURRENT_GC blocked 1175ms
D/DJInit  ( 1074): jarNameInfo.v=2295;jarNameInfo.id=3001
D/DJInit  ( 1074): jarNameInfo.v=2295;jarNameInfo.id=3001
I/DJInit  ( 1074): need copy assert dexjar name=/data/data/com.lfuavf.sikwidfw/files/com.dyl.pay.ui.apk:com.dyl.pay.ui.apk
W/System.err( 1074): java.io.FileNotFoundException: com.dyl.pay.ui.apk
W/System.err( 1074): 	at android.content.res.AssetManager.openAsset(Native Method)
W/System.err( 1074): 	at android.content.res.AssetManager.open(AssetManager.java:316)
W/System.err( 1074): 	at android.content.res.AssetManager.open(AssetManager.java:290)
W/System.err( 1074): 	at an.d.t.y.De.a(Unknown Source)
W/System.err( 1074): 	at an.d.t.y.De.a(Unknown Source)
W/System.err( 1074): 	at an.d.t.y.De.b(Unknown Source)
W/System.err( 1074): 	at an.d.t.y.d.run(Unknown Source)
W/System.err( 1074): 	at java.lang.Thread.run(Thread.java:841)
D/DJInit  ( 1074): end copyJarFromAssets
I/DJInit  ( 1074): attach path = /storage/sdcard/.twservice
I/DJInit  ( 1074): curMaxJar2 = /storage/sdcard/.twservice/qshp_3001_2295
I/DJInit  ( 1074): curMaxJar = /storage/sdcard/.twservice/qshp_3001_2295/
D/uih     ( 1074): what=7;status=1
D/uih     ( 1074): what=2;status=3
D/uih     ( 1074): what=8;status=2
I/TW      ( 1074): inti twi = null
E/dalvikvm( 1074): Could not find class 'com.t.wangda.WanderInterface', referenced from method bn.tt.a.e.a
W/dalvikvm( 1074): VFY: unable to resolve new-instance 687 (Lcom/t/wangda/WanderInterface;) in Lbn/tt/a/e;
D/dalvikvm( 1074): VFY: replacing opcode 0x22 at 0x0068
D/dalvikvm( 1074): DexOpt: unable to opt direct call 0x0d0b at 0x6a in Lbn/tt/a/e;.a
I/ddl     ( 1074): name=/storage/sdcard/.twservice/qshp_3001_2295/tw.jar,dexout=/data/data/com.lfuavf.sikwidfw/app_twservicexx,c=dalvik.system.PathClassLoader[DexPathList[[zip file "/data/data/com.lfuavf.sikwidfw/files/.cache/onib_clz.jar", zip file "/data/app/com.lfuavf.sikwidfw-1.apk", zip file "/data/data/com.lfuavf.sikwidfw/app_wyzf_plg/wyzf_plg_5.2.2.jar"],nativeLibraryDirectories=[/data/app-lib/com.lfuavf.sikwidfw-1, /system/lib]]]
D/dalvikvm( 1074): DexOpt: --- BEGIN 'tw.jar' (bootstrap=0) ---
D/dalvikvm( 1074): GC_CONCURRENT freed 360K, 24% free 3574K/4652K, paused 20ms+4ms, total 159ms
D/dalvikvm( 1216): DexOpt: load 55ms, verify+opt 474ms, 649012 bytes
D/dalvikvm( 1074): DexOpt: --- END 'tw.jar' (success) ---
D/dalvikvm( 1074): DEX prep '/storage/sdcard/.twservice/qshp_3001_2295/tw.jar': unzip in 14ms, rewrite 733ms
I/ddl     ( 1074): test1
I/ddl     ( 1074): test2=com.t.wangda.WanderInterface
I/ddl     ( 1074): test3
I/ddl     ( 1074): test4
I/ddl     ( 1074): test5
D/        ( 1074): appV=34180
D/        ( 1074): channelid=cy_34062
D/        ( 1074): getPid()=cy_34062
D/1       ( 1074): initData
D/Log_tag ( 1074): init2=false
E/dalvikvm( 1074): Could not find class 'android.telephony.SubscriptionManager', referenced from method com.t.mpchat.b.a.e.c
W/dalvikvm( 1074): VFY: unable to resolve check-cast 49 (Landroid/telephony/SubscriptionManager;) in Lcom/t/mpchat/b/a/e;
D/dalvikvm( 1074): VFY: replacing opcode 0x1f at 0x0018
V/BaseLog ( 1074): setDebugCofig:true MYLOG_SWITCH:false MYLOG_WRITE_TO_FILE:falseMYLOG_PASSWORD=false
W/System.err( 1074): java.lang.ClassNotFoundException: android.telephony.MSimTelephonyManager
W/System.err( 1074): 	at java.lang.Class.classForName(Native Method)
W/System.err( 1074): 	at java.lang.Class.forName(Class.java:251)
W/System.err( 1074): 	at java.lang.Class.forName(Class.java:216)
W/System.err( 1074): 	at com.t.mpchat.b.a.g.a(Unknown Source)
W/System.err( 1074): 	at com.t.mpchat.b.a.e.b(Unknown Source)
W/System.err( 1074): 	at com.t.mpchat.b.a.e.a(Unknown Source)
W/System.err( 1074): 	at com.t.d.d.i.a(Unknown Source)
W/System.err( 1074): 	at com.t.wangda.WanderInterface.initData(Unknown Source)
W/System.err( 1074): 	at java.lang.reflect.Method.invokeNative(Native Method)
W/System.err( 1074): 	at java.lang.reflect.Method.invoke(Method.java:515)
W/System.err( 1074): 	at bn.tt.a.d.a(Unknown Source)
W/System.err( 1074): 	at an.d.t.y.TW.a(Unknown Source)
W/System.err( 1074): 	at an.d.t.y.c.handleMessage(Unknown Source)
W/System.err( 1074): 	at android.os.Handler.dispatchMessage(Handler.java:102)
W/System.err( 1074): 	at android.os.Looper.loop(Looper.java:136)
W/System.err( 1074): 	at android.app.ActivityThread.main(ActivityThread.java:5001)
W/System.err( 1074): 	at java.lang.reflect.Method.invokeNative(Native Method)
W/System.err( 1074): 	at java.lang.reflect.Method.invoke(Method.java:515)
W/System.err( 1074): 	at com.android.internal.os.ZygoteInit$MethodAndArgsCaller.run(ZygoteInit.java:785)
W/System.err( 1074): 	at com.android.internal.os.ZygoteInit.main(ZygoteInit.java:601)
W/System.err( 1074): 	at dalvik.system.NativeStart.main(Native Method)
W/System.err( 1074): Caused by: java.lang.NoClassDefFoundError: android/telephony/MSimTelephonyManager
W/System.err( 1074): 	... 21 more
W/System.err( 1074): Caused by: java.lang.ClassNotFoundException: Didn't find class "android.telephony.MSimTelephonyManager" on path: DexPathList[[zip file "/storage/sdcard/.twservice/qshp_3001_2295/tw.jar"],nativeLibraryDirectories=[/data/data/com.lfuavf.sikwidfw/files, /system/lib]]
W/System.err( 1074): 	at dalvik.system.BaseDexClassLoader.findClass(BaseDexClassLoader.java:56)
W/System.err( 1074): 	at java.lang.ClassLoader.loadClass(ClassLoader.java:497)
W/System.err( 1074): 	at java.lang.ClassLoader.loadClass(ClassLoader.java:457)
W/System.err( 1074): 	... 21 more
W/System.err( 1074): java.lang.ClassNotFoundException: com.mediatek.telephony.TelephonyManagerEx
W/System.err( 1074): 	at java.lang.Class.classForName(Native Method)
W/System.err( 1074): 	at java.lang.Class.forName(Class.java:251)
W/System.err( 1074): 	at java.lang.Class.forName(Class.java:216)
W/System.err( 1074): 	at com.t.mpchat.b.a.c.a(Unknown Source)
W/System.err( 1074): 	at com.t.mpchat.b.a.e.b(Unknown Source)
W/System.err( 1074): 	at com.t.mpchat.b.a.e.a(Unknown Source)
W/System.err( 1074): 	at com.t.d.d.i.a(Unknown Source)
W/System.err( 1074): 	at com.t.wangda.WanderInterface.initData(Unknown Source)
W/System.err( 1074): 	at java.lang.reflect.Method.invokeNative(Native Method)
W/System.err( 1074): 	at java.lang.reflect.Method.invoke(Method.java:515)
W/System.err( 1074): 	at bn.tt.a.d.a(Unknown Source)
W/System.err( 1074): 	at an.d.t.y.TW.a(Unknown Source)
W/System.err( 1074): 	at an.d.t.y.c.handleMessage(Unknown Source)
W/System.err( 1074): 	at android.os.Handler.dispatchMessage(Handler.java:102)
W/System.err( 1074): 	at android.os.Looper.loop(Looper.java:136)
W/System.err( 1074): 	at android.app.ActivityThread.main(ActivityThread.java:5001)
W/System.err( 1074): 	at java.lang.reflect.Method.invokeNative(Native Method)
W/System.err( 1074): 	at java.lang.reflect.Method.invoke(Method.java:515)
W/System.err( 1074): 	at com.android.internal.os.ZygoteInit$MethodAndArgsCaller.run(ZygoteInit.java:785)
W/System.err( 1074): 	at com.android.internal.os.ZygoteInit.main(ZygoteInit.java:601)
W/System.err( 1074): 	at dalvik.system.NativeStart.main(Native Method)
W/System.err( 1074): Caused by: java.lang.NoClassDefFoundError: com/mediatek/telephony/TelephonyManagerEx
W/System.err( 1074): 	... 21 more
W/System.err( 1074): Caused by: java.lang.ClassNotFoundException: Didn't find class "com.mediatek.telephony.TelephonyManagerEx" on path: DexPathList[[zip file "/storage/sdcard/.twservice/qshp_3001_2295/tw.jar"],nativeLibraryDirectories=[/data/data/com.lfuavf.sikwidfw/files, /system/lib]]
W/System.err( 1074): 	at dalvik.system.BaseDexClassLoader.findClass(BaseDexClassLoader.java:56)
W/System.err( 1074): 	at java.lang.ClassLoader.loadClass(ClassLoader.java:497)
W/System.err( 1074): 	at java.lang.ClassLoader.loadClass(ClassLoader.java:457)
W/System.err( 1074): 	... 21 more
W/System.err( 1074): java.lang.NoSuchMethodException: getSubscriberIdGemini [int]
W/System.err( 1074): 	at java.lang.Class.getConstructorOrMethod(Class.java:472)
W/System.err( 1074): 	at java.lang.Class.getDeclaredMethod(Class.java:640)
W/System.err( 1074): 	at com.t.mpchat.b.a.d.a(Unknown Source)
W/System.err( 1074): 	at com.t.mpchat.b.a.e.b(Unknown Source)
W/System.err( 1074): 	at com.t.mpchat.b.a.e.a(Unknown Source)
W/System.err( 1074): 	at com.t.d.d.i.a(Unknown Source)
W/System.err( 1074): 	at com.t.wangda.WanderInterface.initData(Unknown Source)
W/System.err( 1074): 	at java.lang.reflect.Method.invokeNative(Native Method)
W/System.err( 1074): 	at java.lang.reflect.Method.invoke(Method.java:515)
W/System.err( 1074): 	at bn.tt.a.d.a(Unknown Source)
W/System.err( 1074): 	at an.d.t.y.TW.a(Unknown Source)
W/System.err( 1074): 	at an.d.t.y.c.handleMessage(Unknown Source)
W/System.err( 1074): 	at android.os.Handler.dispatchMessage(Handler.java:102)
W/System.err( 1074): 	at android.os.Looper.loop(Looper.java:136)
W/System.err( 1074): 	at android.app.ActivityThread.main(ActivityThread.java:5001)
W/System.err( 1074): 	at java.lang.reflect.Method.invokeNative(Native Method)
W/System.err( 1074): 	at java.lang.reflect.Method.invoke(Method.java:515)
W/System.err( 1074): 	at com.android.internal.os.ZygoteInit$MethodAndArgsCaller.run(ZygoteInit.java:785)
W/System.err( 1074): 	at com.android.internal.os.ZygoteInit.main(ZygoteInit.java:601)
W/System.err( 1074): 	at dalvik.system.NativeStart.main(Native Method)
W/System.err( 1074): java.lang.NoSuchMethodException: getServiceName [class java.lang.String, int]
W/System.err( 1074): 	at java.lang.Class.getConstructorOrMethod(Class.java:472)
W/System.err( 1074): 	at java.lang.Class.getMethod(Class.java:857)
W/System.err( 1074): 	at com.t.mpchat.b.a.h.a(Unknown Source)
W/System.err( 1074): 	at com.t.mpchat.b.a.e.b(Unknown Source)
W/System.err( 1074): 	at com.t.mpchat.b.a.e.a(Unknown Source)
W/System.err( 1074): 	at com.t.d.d.i.a(Unknown Source)
W/System.err( 1074): 	at com.t.wangda.WanderInterface.initData(Unknown Source)
W/System.err( 1074): 	at java.lang.reflect.Method.invokeNative(Native Method)
W/System.err( 1074): 	at java.lang.reflect.Method.invoke(Method.java:515)
W/System.err( 1074): 	at bn.tt.a.d.a(Unknown Source)
W/System.err( 1074): 	at an.d.t.y.TW.a(Unknown Source)
W/System.err( 1074): 	at an.d.t.y.c.handleMessage(Unknown Source)
W/System.err( 1074): 	at android.os.Handler.dispatchMessage(Handler.java:102)
W/System.err( 1074): 	at android.os.Looper.loop(Looper.java:136)
W/System.err( 1074): 	at android.app.ActivityThread.main(ActivityThread.java:5001)
W/System.err( 1074): 	at java.lang.reflect.Method.invokeNative(Native Method)
W/System.err( 1074): 	at java.lang.reflect.Method.invoke(Method.java:515)
W/System.err( 1074): 	at com.android.internal.os.ZygoteInit$MethodAndArgsCaller.run(ZygoteInit.java:785)
W/System.err( 1074): 	at com.android.internal.os.ZygoteInit.main(ZygoteInit.java:601)
W/System.err( 1074): 	at dalvik.system.NativeStart.main(Native Method)
D/dalvikvm( 1074): GC_CONCURRENT freed 469K, 23% free 3616K/4652K, paused 44ms+10ms, total 105ms
D/dalvikvm( 1074): WAIT_FOR_CONCURRENT_GC blocked 7ms
D/dalvikvm( 1074): WAIT_FOR_CONCURRENT_GC blocked 14ms
D/dalvikvm( 1074): WAIT_FOR_CONCURRENT_GC blocked 23ms
D/dalvikvm( 1074): GC_CONCURRENT freed 123K, 14% free 4005K/4652K, paused 7ms+4ms, total 113ms
D/dalvikvm( 1074): WAIT_FOR_CONCURRENT_GC blocked 17ms
D/dalvikvm( 1074): WAIT_FOR_CONCURRENT_GC blocked 18ms
W/System.err( 1074): java.lang.NullPointerException
W/System.err( 1074): 	at org.json.JSONTokener.nextCleanInternal(JSONTokener.java:116)
W/System.err( 1074): 	at org.json.JSONTokener.nextValue(JSONTokener.java:94)
W/System.err( 1074): 	at org.json.JSONObject.<init>(JSONObject.java:155)
W/System.err( 1074): 	at org.json.JSONObject.<init>(JSONObject.java:172)
W/System.err( 1074): 	at com.t.a.a.a.b(Unknown Source)
W/System.err( 1074): 	at com.t.d.d.a.m.a(Unknown Source)
W/System.err( 1074): 	at com.t.d.a.a.j.a(Unknown Source)
W/System.err( 1074): 	at com.t.d.d.i.a(Unknown Source)
W/System.err( 1074): 	at com.t.wangda.WanderInterface.initData(Unknown Source)
W/System.err( 1074): 	at java.lang.reflect.Method.invokeNative(Native Method)
W/System.err( 1074): 	at java.lang.reflect.Method.invoke(Method.java:515)
W/System.err( 1074): 	at bn.tt.a.d.a(Unknown Source)
W/System.err( 1074): 	at an.d.t.y.TW.a(Unknown Source)
W/System.err( 1074): 	at an.d.t.y.c.handleMessage(Unknown Source)
W/System.err( 1074): 	at android.os.Handler.dispatchMessage(Handler.java:102)
W/System.err( 1074): 	at android.os.Looper.loop(Looper.java:136)
W/System.err( 1074): 	at android.app.ActivityThread.main(ActivityThread.java:5001)
W/System.err( 1074): 	at java.lang.reflect.Method.invokeNative(Native Method)
W/System.err( 1074): 	at java.lang.reflect.Method.invoke(Method.java:515)
W/System.err( 1074): 	at com.android.internal.os.ZygoteInit$MethodAndArgsCaller.run(ZygoteInit.java:785)
W/System.err( 1074): 	at com.android.internal.os.ZygoteInit.main(ZygoteInit.java:601)
W/System.err( 1074): 	at dalvik.system.NativeStart.main(Native Method)
W/System.err( 1074): java.lang.NullPointerException
W/System.err( 1074): 	at org.json.JSONTokener.nextCleanInternal(JSONTokener.java:116)
W/System.err( 1074): 	at org.json.JSONTokener.nextValue(JSONTokener.java:94)
W/System.err( 1074): 	at org.json.JSONObject.<init>(JSONObject.java:155)
D/dalvikvm(  600): GC_CONCURRENT freed 453K, 16% free 3307K/3912K, paused 2ms+7ms, total 166ms
W/System.err( 1074): 	at org.json.JSONObject.<init>(JSONObject.java:172)
W/System.err( 1074): 	at com.t.a.a.a.b(Unknown Source)
W/System.err( 1074): 	at com.t.d.d.a.m.a(Unknown Source)
W/System.err( 1074): 	at com.t.d.a.a.j.a(Unknown Source)
W/System.err( 1074): 	at com.t.d.d.i.a(Unknown Source)
W/System.err( 1074): 	at com.t.wangda.WanderInterface.initData(Unknown Source)
W/System.err( 1074): 	at java.lang.reflect.Method.invokeNative(Native Method)
W/System.err( 1074): 	at java.lang.reflect.Method.invoke(Method.java:515)
W/System.err( 1074): 	at bn.tt.a.d.a(Unknown Source)
W/System.err( 1074): 	at an.d.t.y.TW.a(Unknown Source)
W/System.err( 1074): 	at an.d.t.y.c.handleMessage(Unknown Source)
W/System.err( 1074): 	at android.os.Handler.dispatchMessage(Handler.java:102)
W/System.err( 1074): 	at android.os.Looper.loop(Looper.java:136)
W/System.err( 1074): 	at android.app.ActivityThread.main(ActivityThread.java:5001)
W/System.err( 1074): 	at java.lang.reflect.Method.invokeNative(Native Method)
W/System.err( 1074): 	at java.lang.reflect.Method.invoke(Method.java:515)
W/System.err( 1074): 	at com.android.internal.os.ZygoteInit$MethodAndArgsCaller.run(ZygoteInit.java:785)
W/System.err( 1074): 	at com.android.internal.os.ZygoteInit.main(ZygoteInit.java:601)
W/System.err( 1074): 	at dalvik.system.NativeStart.main(Native Method)
W/System.err( 1074): java.lang.NullPointerException
W/System.err( 1074): 	at org.json.JSONTokener.nextCleanInternal(JSONTokener.java:116)
W/System.err( 1074): 	at org.json.JSONTokener.nextValue(JSONTokener.java:94)
W/System.err( 1074): 	at org.json.JSONArray.<init>(JSONArray.java:92)
W/System.err( 1074): 	at org.json.JSONArray.<init>(JSONArray.java:108)
W/System.err( 1074): 	at com.t.a.a.a.c(Unknown Source)
W/System.err( 1074): 	at com.t.d.d.a.b.a(Unknown Source)
W/System.err( 1074): 	at com.t.d.a.a.j.a(Unknown Source)
W/System.err( 1074): 	at com.t.d.d.i.a(Unknown Source)
W/System.err( 1074): 	at com.t.wangda.WanderInterface.initData(Unknown Source)
W/System.err( 1074): 	at java.lang.reflect.Method.invokeNative(Native Method)
W/System.err( 1074): 	at java.lang.reflect.Method.invoke(Method.java:515)
W/System.err( 1074): 	at bn.tt.a.d.a(Unknown Source)
W/System.err( 1074): 	at an.d.t.y.TW.a(Unknown Source)
W/System.err( 1074): 	at an.d.t.y.c.handleMessage(Unknown Source)
W/System.err( 1074): 	at android.os.Handler.dispatchMessage(Handler.java:102)
W/System.err( 1074): 	at android.os.Looper.loop(Looper.java:136)
W/System.err( 1074): 	at android.app.ActivityThread.main(ActivityThread.java:5001)
W/System.err( 1074): 	at java.lang.reflect.Method.invokeNative(Native Method)
W/System.err( 1074): 	at java.lang.reflect.Method.invoke(Method.java:515)
W/System.err( 1074): 	at com.android.internal.os.ZygoteInit$MethodAndArgsCaller.run(ZygoteInit.java:785)
W/System.err( 1074): 	at com.android.internal.os.ZygoteInit.main(ZygoteInit.java:601)
W/System.err( 1074): 	at dalvik.system.NativeStart.main(Native Method)
W/System.err( 1074): java.lang.NullPointerException
W/System.err( 1074): 	at org.json.JSONTokener.nextCleanInternal(JSONTokener.java:116)
W/System.err( 1074): 	at org.json.JSONTokener.nextValue(JSONTokener.java:94)
W/System.err( 1074): 	at org.json.JSONArray.<init>(JSONArray.java:92)
W/System.err( 1074): 	at org.json.JSONArray.<init>(JSONArray.java:108)
W/System.err( 1074): 	at com.t.a.a.a.c(Unknown Source)
W/System.err( 1074): 	at com.t.d.d.a.h.a(Unknown Source)
