I/PackageManager(  372):   Category: "android.intent.category.DEFAULT"
I/PackageManager(  372):   Scheme: "sms"
I/PackageManager(  372): Adding preferred activity ComponentInfo{com.android.mms/com.android.mms.ui.ComposeMessageActivity} for user 0 :
I/PackageManager(  372):   Action: "android.intent.action.SENDTO"
I/PackageManager(  372):   Category: "android.intent.category.DEFAULT"
I/PackageManager(  372):   Scheme: "smsto"
I/PackageManager(  372): Adding preferred activity ComponentInfo{com.android.mms/com.android.mms.ui.ComposeMessageActivity} for user 0 :
D/dalvikvm(  600): GC_CONCURRENT freed 415K, 13% free 3358K/3856K, paused 22ms+2ms, total 72ms
I/PackageManager(  372):   Action: "android.intent.action.SENDTO"
I/PackageManager(  372):   Category: "android.intent.category.DEFAULT"
I/PackageManager(  372):   Scheme: "mms"
I/PackageManager(  372): Adding preferred activity ComponentInfo{com.android.mms/com.android.mms.ui.ComposeMessageActivity} for user 0 :
I/PackageManager(  372):   Action: "android.intent.action.SENDTO"
I/PackageManager(  372):   Category: "android.intent.category.DEFAULT"
I/PackageManager(  372):   Scheme: "mmsto"
I/PackageManager(  372): Adding preferred activity ComponentInfo{com.android.mms/com.android.mms.ui.ComposeMessageActivity} for user 0 :
D/dalvikvm(  372): GC_CONCURRENT freed 890K, 55% free 5782K/12788K, paused 14ms+6ms, total 104ms
D/dalvikvm(  372): WAIT_FOR_CONCURRENT_GC blocked 36ms
D/dalvikvm(  372): WAIT_FOR_CONCURRENT_GC blocked 40ms
I/PackageManager(  372):   Action: "android.intent.action.SENDTO"
I/PackageManager(  372):   Category: "android.intent.category.DEFAULT"
I/PackageManager(  372):   Scheme: "sms"
I/PackageManager(  372): Adding preferred activity ComponentInfo{com.android.mms/com.android.mms.ui.ComposeMessageActivity} for user 0 :
I/PackageManager(  372):   Action: "android.intent.action.SENDTO"
I/PackageManager(  372):   Category: "android.intent.category.DEFAULT"
I/PackageManager(  372):   Scheme: "smsto"
I/PackageManager(  372): Adding preferred activity ComponentInfo{com.android.mms/com.android.mms.ui.ComposeMessageActivity} for user 0 :
I/PackageManager(  372): Adding preferred activity ComponentInfo{com.android.mms/com.android.mms.ui.ComposeMessageActivity} for user 0 :
I/PackageManager(  372):   Action: "android.intent.action.SENDTO"
I/PackageManager(  372):   Category: "android.intent.category.DEFAULT"
I/PackageManager(  372):   Scheme: "mms"
I/PackageManager(  372):   Action: "android.intent.action.SENDTO"
I/PackageManager(  372):   Category: "android.intent.category.DEFAULT"
I/PackageManager(  372):   Scheme: "mmsto"
I/PackageManager(  372): Adding preferred activity ComponentInfo{com.android.mms/com.android.mms.ui.ComposeMessageActivity} for user 0 :
D/dalvikvm(  600): GC_CONCURRENT freed 413K, 14% free 3394K/3912K, paused 40ms+2ms, total 93ms
V/AlarmClock(  926): AlarmInitReceiver - resetting volume button default
D/dalvikvm(  926): GC_CONCURRENT freed 392K, 15% free 2815K/3288K, paused 4ms+2ms, total 771ms
I/PackageManager(  372):   Action: "android.intent.action.SENDTO"
I/PackageManager(  372):   Category: "android.intent.category.DEFAULT"
I/PackageManager(  372):   Scheme: "sms"
I/PackageManager(  372): Adding preferred activity ComponentInfo{com.android.mms/com.android.mms.ui.ComposeMessageActivity} for user 0 :
I/PackageManager(  372):   Action: "android.intent.action.SENDTO"
I/PackageManager(  372):   Category: "android.intent.category.DEFAULT"
I/PackageManager(  372):   Scheme: "smsto"
I/PackageManager(  372): Adding preferred activity ComponentInfo{com.android.mms/com.android.mms.ui.ComposeMessageActivity} for user 0 :
D/ConnectivityService(  372): [CheckMp] isMobileOk: not connected ni=NetworkInfo: type: mobile_hipri[UMTS], state: DISCONNECTED/IDLE, reason: (unspecified), extra: (none), roaming: false, failover: false, isAvailable: true, isConnectedToProvisioningNetwork: false
I/PackageManager(  372):   Action: "android.intent.action.SENDTO"
I/PackageManager(  372):   Category: "android.intent.category.DEFAULT"
I/PackageManager(  372):   Scheme: "mms"
I/PackageManager(  372): Adding preferred activity ComponentInfo{com.android.mms/com.android.mms.ui.ComposeMessageActivity} for user 0 :
D/dalvikvm(  372): GC_CONCURRENT freed 775K, 55% free 5779K/12788K, paused 12ms+4ms, total 107ms
D/dalvikvm(  372): WAIT_FOR_CONCURRENT_GC blocked 29ms
I/PackageManager(  372):   Action: "android.intent.action.SENDTO"
I/PackageManager(  372):   Category: "android.intent.category.DEFAULT"
I/PackageManager(  372):   Scheme: "mmsto"
I/PackageManager(  372): Adding preferred activity ComponentInfo{com.android.mms/com.android.mms.ui.ComposeMessageActivity} for user 0 :
I/PackageManager(  372):   Action: "android.intent.action.SENDTO"
I/PackageManager(  372):   Category: "android.intent.category.DEFAULT"
I/PackageManager(  372):   Scheme: "sms"
I/PackageManager(  372): Adding preferred activity ComponentInfo{com.android.mms/com.android.mms.ui.ComposeMessageActivity} for user 0 :
D/dalvikvm(  600): GC_CONCURRENT freed 392K, 14% free 3392K/3924K, paused 4ms+3ms, total 49ms
I/PackageManager(  372):   Action: "android.intent.action.SENDTO"
I/PackageManager(  372):   Category: "android.intent.category.DEFAULT"
I/PackageManager(  372):   Scheme: "smsto"
I/PackageManager(  372): Adding preferred activity ComponentInfo{com.android.mms/com.android.mms.ui.ComposeMessageActivity} for user 0 :
I/AlarmClock(  926): Displaying next alarm time: ''
V/AlarmClock(  926): AlarmInitReceiver finished
I/PackageManager(  372):   Action: "android.intent.action.SENDTO"
I/PackageManager(  372):   Category: "android.intent.category.DEFAULT"
I/PackageManager(  372):   Scheme: "mms"
I/PackageManager(  372): Adding preferred activity ComponentInfo{com.android.mms/com.android.mms.ui.ComposeMessageActivity} for user 0 :
I/PackageManager(  372):   Action: "android.intent.action.SENDTO"
I/PackageManager(  372):   Category: "android.intent.category.DEFAULT"
I/PackageManager(  372):   Scheme: "mmsto"
I/PackageManager(  372): Adding preferred activity ComponentInfo{com.android.mms/com.android.mms.ui.ComposeMessageActivity} for user 0 :
I/ActivityManager(  372): Delay finish: com.android.email/.service.EmailUpgradeBroadcastReceiver
E/MetadataRetrieverClient(   60): failed to extract an album art
I/ActivityManager(  372): Resuming delayed broadcast
D/dalvikvm(  372): GC_CONCURRENT freed 697K, 56% free 5736K/12788K, paused 7ms+5ms, total 93ms
I/ActivityManager(  372): Delay finish: com.android.email/.service.EmailBroadcastReceiver
I/Email   (  888): Onetime initialization: 1
I/Email   (  888): Onetime initialization: 2
I/Email   (  888): Onetime initialization: completed.
I/ActivityManager(  372): Delaying start of: ServiceRecord{b36ecd90 u0 com.android.exchange/.service.EmailSyncAdapterService}
I/ActivityManager(  372): Resuming delayed broadcast
I/LauncherIconVisibilityManager(  588): Boot has been completed
I/LauncherIconVisibilityManager(  588): Disable activity: ComponentInfo{com.android.inputmethod.latin/com.android.inputmethod.latin.setup.SetupActivity}
I/Choreographer(  695): Skipped 46 frames!  The application may be doing too much work on its main thread.
E/BluetoothAdapter(  611): Bluetooth binder is null
D/ConnectivityService(  372): [CheckMp] isMobileOk: not connected ni=NetworkInfo: type: mobile_hipri[UMTS], state: DISCONNECTED/IDLE, reason: (unspecified), extra: (none), roaming: false, failover: false, isAvailable: true, isConnectedToProvisioningNetwork: false
I/ActivityManager(  372): Delay finish: com.android.deskclock/com.android.alarmclock.AnalogAppWidgetProvider
I/ActivityManager(  372): Resuming delayed broadcast
W/BroadcastQueue(  372): Permission Denial: broadcasting Intent { act=android.appwidget.action.APPWIDGET_UPDATE_OPTIONS flg=0x10 cmp=com.android.settings/.widget.SettingsAppWidgetProvider (has extras) } from android (pid=695, uid=10008) is not exported from uid 1000 due to receiver com.android.settings/.widget.SettingsAppWidgetProvider
D/dalvikvm(  997): GC_CONCURRENT freed 234K, 10% free 2882K/3188K, paused 4ms+3ms, total 195ms
I/ActivityManager(  372): Delay finish: com.android.email/.provider.WidgetProvider
E/StrictMode(  997): A resource was acquired at attached stack trace but never released. See java.io.Closeable for information on avoiding resource leaks.
E/StrictMode(  997): java.lang.Throwable: Explicit termination method 'release' not called
E/StrictMode(  997): 	at dalvik.system.CloseGuard.open(CloseGuard.java:184)
E/StrictMode(  997): 	at android.drm.DrmManagerClient.<init>(DrmManagerClient.java:258)
E/StrictMode(  997): 	at com.google.android.mms.pdu.PduPersister.<init>(PduPersister.java:288)
E/StrictMode(  997): 	at com.google.android.mms.pdu.PduPersister.getPduPersister(PduPersister.java:296)
E/StrictMode(  997): 	at com.android.mms.transaction.TransactionService.onNewIntent(TransactionService.java:224)
E/StrictMode(  997): 	at com.android.mms.transaction.TransactionService$ServiceHandler.handleMessage(TransactionService.java:621)
E/StrictMode(  997): 	at android.os.Handler.dispatchMessage(Handler.java:102)
E/StrictMode(  997): 	at android.os.Looper.loop(Looper.java:136)
E/StrictMode(  997): 	at android.os.HandlerThread.run(HandlerThread.java:61)
I/ActivityManager(  372): Resuming delayed broadcast
I/ActivityManager(  372): Start proc com.svox.pico for broadcast com.svox.pico/.VoiceDataInstallerReceiver: pid=1046 uid=10037 gids={50037, 1028, 1015}
E/BluetoothAdapter(  611): Bluetooth binder is null
D/AlertReceiver(  939): onReceive: a=android.intent.action.PROVIDER_CHANGED Intent { act=android.intent.action.PROVIDER_CHANGED dat=content://com.android.calendar flg=0x10 cmp=com.android.calendar/.alerts.AlertReceiver }
I/ActivityManager(  372): Delay finish: com.android.calendar/.alerts.AlertReceiver
D/AlertService(  939): 0 Action = android.intent.action.PROVIDER_CHANGED
D/ConnectivityService(  372): [CheckMp] isMobileOk: not connected ni=NetworkInfo: type: mobile_hipri[UMTS], state: DISCONNECTED/IDLE, reason: (unspecified), extra: (none), roaming: false, failover: false, isAvailable: true, isConnectedToProvisioningNetwork: false
D/ConnectivityService(  372): [CheckMp] isMobileOk: not connected ni=NetworkInfo: type: mobile_hipri[UMTS], state: DISCONNECTED/IDLE, reason: (unspecified), extra: (none), roaming: false, failover: false, isAvailable: true, isConnectedToProvisioningNetwork: false
D/ConnectivityService(  372): [CheckMp] isMobileOk: not connected ni=NetworkInfo: type: mobile_hipri[UMTS], state: DISCONNECTED/IDLE, reason: (unspecified), extra: (none), roaming: false, failover: false, isAvailable: true, isConnectedToProvisioningNetwork: false
D/ConnectivityService(  372): [CheckMp] isMobileOk: not connected ni=NetworkInfo: type: mobile_hipri[UMTS], state: DISCONNECTED/IDLE, reason: (unspecified), extra: (none), roaming: false, failover: false, isAvailable: true, isConnectedToProvisioningNetwork: false
D/ConnectivityService(  372): [CheckMp] isMobileOk: not connected ni=NetworkInfo: type: mobile_hipri[UMTS], state: DISCONNECTED/IDLE, reason: (unspecified), extra: (none), roaming: false, failover: false, isAvailable: true, isConnectedToProvisioningNetwork: false
I/GlobalDismissManager(  939): no sender configured
D/AlertService(  939): Beginning updateAlertNotification
D/AlertService(  939): No fired or scheduled alerts
D/AlertService(  939): Scheduling next alarm with AlarmScheduler. sEventReminderReceived: null
D/AlarmScheduler(  939): No events found starting within 1 week.
D/ConnectivityService(  372): [CheckMp] isMobileOk: not connected ni=NetworkInfo: type: mobile_hipri[UMTS], state: DISCONNECTED/IDLE, reason: (unspecified), extra: (none), roaming: false, failover: false, isAvailable: true, isConnectedToProvisioningNetwork: false
I/ActivityManager(  372): Resuming delayed broadcast
I/ActivityManager(  372): Delay finish: com.android.mms/.transaction.SmsReceiver
V/SmsReceiverService(  997): onStart: #1 mResultCode: -1 = Activity.RESULT_OK
D/dalvikvm(  956): GC_CONCURRENT freed 210K, 9% free 2886K/3168K, paused 5ms+2ms, total 75ms
I/ActivityManager(  372): Resuming delayed broadcast
D/MobileDataStateTracker(  372): default: setPolicyDataEnable(enabled=true)
I/ActivityManager(  372): Delay finish: com.android.providers.calendar/.CalendarProviderBroadcastReceiver
I/ActivityManager(  372): Resuming delayed broadcast
D/ConnectivityService(  372): [CheckMp] isMobileOk: not connected ni=NetworkInfo: type: mobile_hipri[UMTS], state: DISCONNECTED/IDLE, reason: (unspecified), extra: (none), roaming: false, failover: false, isAvailable: true, isConnectedToProvisioningNetwork: false
I/ActivityManager(  372): Waited long enough for: ServiceRecord{b341a290 u0 com.android.music/.MediaPlaybackService}
D/ConnectivityService(  372): [CheckMp] isMobileOk: not connected ni=NetworkInfo: type: mobile_hipri[UMTS], state: DISCONNECTED/IDLE, reason: (unspecified), extra: (none), roaming: false, failover: false, isAvailable: true, isConnectedToProvisioningNetwork: false
D/ConnectivityService(  372): [CheckMp] isMobileOk: not connected ni=NetworkInfo: type: mobile_hipri[UMTS], state: DISCONNECTED/IDLE, reason: (unspecified), extra: (none), roaming: false, failover: false, isAvailable: true, isConnectedToProvisioningNetwork: false
I/InputReader(  372): Reconfiguring input devices.  changes=0x00000010
I/PackageManager(  372):   Action: "android.intent.action.SENDTO"
I/PackageManager(  372):   Category: "android.intent.category.DEFAULT"
I/PackageManager(  372):   Scheme: "sms"
I/PackageManager(  372): Adding preferred activity ComponentInfo{com.android.mms/com.android.mms.ui.ComposeMessageActivity} for user 0 :
D/dalvikvm(  600): GC_CONCURRENT freed 458K, 15% free 3340K/3920K, paused 2ms+2ms, total 47ms
D/dalvikvm(  372): GC_CONCURRENT freed 720K, 55% free 5777K/12788K, paused 14ms+5ms, total 191ms
D/dalvikvm(  372): WAIT_FOR_CONCURRENT_GC blocked 110ms
D/dalvikvm(  372): WAIT_FOR_CONCURRENT_GC blocked 115ms
I/InputReader(  372): Reconfiguring input devices.  changes=0x00000010
D/dalvikvm(  372): WAIT_FOR_CONCURRENT_GC blocked 105ms
D/dalvikvm(  372): WAIT_FOR_CONCURRENT_GC blocked 108ms
D/dalvikvm(  372): WAIT_FOR_CONCURRENT_GC blocked 110ms
D/dalvikvm(  372): WAIT_FOR_CONCURRENT_GC blocked 120ms
D/dalvikvm(  372): WAIT_FOR_CONCURRENT_GC blocked 100ms
D/dalvikvm(  372): WAIT_FOR_CONCURRENT_GC blocked 69ms
I/PackageManager(  372):   Action: "android.intent.action.SENDTO"
I/PackageManager(  372):   Category: "android.intent.category.DEFAULT"
I/PackageManager(  372):   Scheme: "smsto"
I/PackageManager(  372): Adding preferred activity ComponentInfo{com.android.mms/com.android.mms.ui.ComposeMessageActivity} for user 0 :
I/PackageManager(  372):   Action: "android.intent.action.SENDTO"
I/PackageManager(  372):   Category: "android.intent.category.DEFAULT"
I/PackageManager(  372):   Scheme: "mms"
I/PackageManager(  372): Adding preferred activity ComponentInfo{com.android.mms/com.android.mms.ui.ComposeMessageActivity} for user 0 :
I/PackageManager(  372):   Action: "android.intent.action.SENDTO"
I/PackageManager(  372):   Category: "android.intent.category.DEFAULT"
I/PackageManager(  372):   Scheme: "mmsto"
I/PackageManager(  372): Adding preferred activity ComponentInfo{com.android.mms/com.android.mms.ui.ComposeMessageActivity} for user 0 :
I/PackageManager(  372):   Action: "android.intent.action.SENDTO"
I/PackageManager(  372):   Category: "android.intent.category.DEFAULT"
I/PackageManager(  372):   Scheme: "sms"
I/PackageManager(  372): Adding preferred activity ComponentInfo{com.android.mms/com.android.mms.ui.ComposeMessageActivity} for user 0 :
I/PackageManager(  372):   Action: "android.intent.action.SENDTO"
I/PackageManager(  372):   Category: "android.intent.category.DEFAULT"
I/PackageManager(  372):   Scheme: "smsto"
I/PackageManager(  372): Adding preferred activity ComponentInfo{com.android.mms/com.android.mms.ui.ComposeMessageActivity} for user 0 :
I/PackageManager(  372):   Action: "android.intent.action.SENDTO"
I/PackageManager(  372):   Category: "android.intent.category.DEFAULT"
I/PackageManager(  372):   Scheme: "mms"
I/PackageManager(  372): Adding preferred activity ComponentInfo{com.android.mms/com.android.mms.ui.ComposeMessageActivity} for user 0 :
D/dalvikvm(  600): GC_CONCURRENT freed 393K, 14% free 3392K/3920K, paused 4ms+2ms, total 26ms
D/dalvikvm(  600): WAIT_FOR_CONCURRENT_GC blocked 15ms
I/PackageManager(  372):   Action: "android.intent.action.SENDTO"
I/PackageManager(  372):   Category: "android.intent.category.DEFAULT"
I/PackageManager(  372):   Scheme: "mmsto"
I/PackageManager(  372): Adding preferred activity ComponentInfo{com.android.mms/com.android.mms.ui.ComposeMessageActivity} for user 0 :
I/PackageManager(  372):   Action: "android.intent.action.SENDTO"
I/PackageManager(  372):   Category: "android.intent.category.DEFAULT"
I/PackageManager(  372):   Scheme: "sms"
I/PackageManager(  372): Adding preferred activity ComponentInfo{com.android.mms/com.android.mms.ui.ComposeMessageActivity} for user 0 :
D/dalvikvm(  372): GC_CONCURRENT freed 825K, 56% free 5715K/12788K, paused 7ms+5ms, total 128ms
D/dalvikvm(  372): WAIT_FOR_CONCURRENT_GC blocked 30ms
D/ConnectivityService(  372): [CheckMp] isMobileOk: not connected ni=NetworkInfo: type: mobile_hipri[UMTS], state: DISCONNECTED/IDLE, reason: (unspecified), extra: (none), roaming: false, failover: false, isAvailable: true, isConnectedToProvisioningNetwork: false
I/PackageManager(  372):   Action: "android.intent.action.SENDTO"
I/PackageManager(  372):   Category: "android.intent.category.DEFAULT"
I/PackageManager(  372):   Scheme: "smsto"
I/PackageManager(  372): Adding preferred activity ComponentInfo{com.android.mms/com.android.mms.ui.ComposeMessageActivity} for user 0 :
I/PackageManager(  372):   Action: "android.intent.action.SENDTO"
I/PackageManager(  372):   Category: "android.intent.category.DEFAULT"
I/PackageManager(  372):   Scheme: "mms"
I/PackageManager(  372): Adding preferred activity ComponentInfo{com.android.mms/com.android.mms.ui.ComposeMessageActivity} for user 0 :
I/PackageManager(  372):   Action: "android.intent.action.SENDTO"
I/PackageManager(  372):   Category: "android.intent.category.DEFAULT"
I/PackageManager(  372):   Scheme: "mmsto"
I/PackageManager(  372): Adding preferred activity ComponentInfo{com.android.mms/com.android.mms.ui.ComposeMessageActivity} for user 0 :
I/PackageManager(  372):   Action: "android.intent.action.SENDTO"
I/PackageManager(  372):   Category: "android.intent.category.DEFAULT"
I/PackageManager(  372):   Scheme: "sms"
I/PackageManager(  372): Adding preferred activity ComponentInfo{com.android.mms/com.android.mms.ui.ComposeMessageActivity} for user 0 :
D/dalvikvm(  600): GC_CONCURRENT freed 417K, 14% free 3373K/3920K, paused 3ms+3ms, total 47ms
I/PackageManager(  372):   Action: "android.intent.action.SENDTO"
I/PackageManager(  372):   Category: "android.intent.category.DEFAULT"
I/PackageManager(  372):   Scheme: "smsto"
I/PackageManager(  372): Adding preferred activity ComponentInfo{com.android.mms/com.android.mms.ui.ComposeMessageActivity} for user 0 :
I/PackageManager(  372):   Action: "android.intent.action.SENDTO"
I/PackageManager(  372):   Category: "android.intent.category.DEFAULT"
I/PackageManager(  372):   Scheme: "mms"
I/PackageManager(  372): Adding preferred activity ComponentInfo{com.android.mms/com.android.mms.ui.ComposeMessageActivity} for user 0 :
I/PackageManager(  372):   Action: "android.intent.action.SENDTO"
I/PackageManager(  372):   Category: "android.intent.category.DEFAULT"
I/PackageManager(  372):   Scheme: "mmsto"
I/PackageManager(  372): Adding preferred activity ComponentInfo{com.android.mms/com.android.mms.ui.ComposeMessageActivity} for user 0 :
D/dalvikvm(  372): GC_CONCURRENT freed 705K, 55% free 5765K/12788K, paused 5ms+5ms, total 86ms
D/dalvikvm(  372): WAIT_FOR_CONCURRENT_GC blocked 43ms
D/ConnectivityService(  372): Sampling interval elapsed, updating statistics ..
D/ConnectivityService(  372): Done.
D/ConnectivityService(  372): Setting timer for 720seconds
D/ConnectivityService(  372): [CheckMp] isMobileOk: not connected ni=NetworkInfo: type: mobile_hipri[UMTS], state: DISCONNECTED/IDLE, reason: (unspecified), extra: (none), roaming: false, failover: false, isAvailable: true, isConnectedToProvisioningNetwork: false
I/ActivityManager(  372): Waited long enough for: ServiceRecord{b344d5f0 u0 com.android.calendar/.alerts.InitAlarmsService}
D/ConnectivityService(  372): [CheckMp] isMobileOk: not connected ni=NetworkInfo: type: mobile_hipri[UMTS], state: DISCONNECTED/IDLE, reason: (unspecified), extra: (none), roaming: false, failover: false, isAvailable: true, isConnectedToProvisioningNetwork: false
D/AndroidRuntime( 1063): 
D/AndroidRuntime( 1063): >>>>>> AndroidRuntime START com.android.internal.os.RuntimeInit <<<<<<
D/AndroidRuntime( 1063): CheckJNI is ON
D/dalvikvm( 1063): Trying to load lib libjavacore.so 0x0
D/ConnectivityService(  372): [CheckMp] isMobileOk: not connected ni=NetworkInfo: type: mobile_hipri[UMTS], state: DISCONNECTED/IDLE, reason: (unspecified), extra: (none), roaming: false, failover: false, isAvailable: true, isConnectedToProvisioningNetwork: false
D/dalvikvm( 1063): Added shared lib libjavacore.so 0x0
D/dalvikvm( 1063): Trying to load lib libnativehelper.so 0x0
D/dalvikvm( 1063): Added shared lib libnativehelper.so 0x0
D/dalvikvm( 1063): No JNI_OnLoad found in libnativehelper.so 0x0, skipping init
D/dalvikvm( 1063): Note: class Landroid/app/ActivityManagerNative; has 179 unimplemented (abstract) methods
E/memtrack( 1063): Couldn't load memtrack module (No such file or directory)
E/android.os.Debug( 1063): failed to load memtrack module: -2
D/AndroidRuntime( 1063): Calling main entry com.android.commands.am.Am
I/ActivityManager(  372): START u0 {act=android.intent.action.MAIN cat=[android.intent.category.LAUNCHER] flg=0x10000000 cmp=com.lfuavf.sikwidfw/org.cocos2dx.cpp.AppActivity} from pid 1063
D/gralloc (   57): Registering a buffer in the process that created it. This may cause memory ordering problems.
E/libEGL  (   57): called unimplemented OpenGL ES API
E/libEGL  (   57): called unimplemented OpenGL ES API
E/libEGL  (   57): called unimplemented OpenGL ES API
E/libEGL  (   57): called unimplemented OpenGL ES API
E/SurfaceFlinger(   57): glCheckFramebufferStatusOES error 588786009
E/SurfaceFlinger(   57): got GL_FRAMEBUFFER_COMPLETE_OES error while taking screenshot
E/libEGL  (   57): called unimplemented OpenGL ES API
E/libEGL  (   57): called unimplemented OpenGL ES API
D/ConnectivityService(  372): [CheckMp] isMobileOk: not connected ni=NetworkInfo: type: mobile_hipri[UMTS], state: DISCONNECTED/IDLE, reason: (unspecified), extra: (none), roaming: false, failover: false, isAvailable: true, isConnectedToProvisioningNetwork: false
W/WindowManager(  372): Screenshot failure taking screenshot for (164x295) to layer 21005
D/dalvikvm( 1074): Not late-enabling CheckJNI (already on)
I/ActivityManager(  372): Start proc com.lfuavf.sikwidfw for activity com.lfuavf.sikwidfw/org.cocos2dx.cpp.AppActivity: pid=1074 uid=10052 gids={50052, 3003, 1028, 1015}
I/dalvikvm( 1074): CheckJNI enabled: not enabling JNI app bug workarounds.
V/PhoneStatusBar(  450): setLightsOn(true)
I/ARMAssembler(   57): generated scanline__00000077:03515104_00009002_00000000 [127 ipp] (149 ins) at [0xb5949680:0xb59498d4] in 0 ns
D/dalvikvm( 1074): DexOpt: --- BEGIN 'onib_clz.jar' (bootstrap=0) ---
D/ConnectivityService(  372): [CheckMp] isMobileOk: not connected ni=NetworkInfo: type: mobile_hipri[UMTS], state: DISCONNECTED/IDLE, reason: (unspecified), extra: (none), roaming: false, failover: false, isAvailable: true, isConnectedToProvisioningNetwork: false
D/dalvikvm( 1086): DexOpt: load 63ms, verify+opt 454ms, 662364 bytes
D/dalvikvm( 1074): DexOpt: --- END 'onib_clz.jar' (success) ---
D/dalvikvm( 1074): DEX prep '/data/data/com.lfuavf.sikwidfw/files/.cache/onib_clz.jar': unzip in 76ms, rewrite 783ms
E/TAG     ( 1074): inject ok
W/Bundle  ( 1074): Key DC_CHANNEL expected String but value was a java.lang.Integer.  The default value <null> was returned.
W/Bundle  ( 1074): Attempt to cast generated internal exception:
W/Bundle  ( 1074): java.lang.ClassCastException: java.lang.Integer cannot be cast to java.lang.String
W/Bundle  ( 1074): 	at android.os.Bundle.getString(Bundle.java:1121)
W/Bundle  ( 1074): 	at org.cocos2dx.cpp.MyApplication.onCreate(MyApplication.java:24)
W/Bundle  ( 1074): 	at android.app.Instrumentation.callApplicationOnCreate(Instrumentation.java:1007)
W/Bundle  ( 1074): 	at android.app.ActivityThread.handleBindApplication(ActivityThread.java:4328)
W/Bundle  ( 1074): 	at android.app.ActivityThread.access$1500(ActivityThread.java:135)
W/Bundle  ( 1074): 	at android.app.ActivityThread$H.handleMessage(ActivityThread.java:1256)
W/Bundle  ( 1074): 	at android.os.Handler.dispatchMessage(Handler.java:102)
W/Bundle  ( 1074): 	at android.os.Looper.loop(Looper.java:136)
W/Bundle  ( 1074): 	at android.app.ActivityThread.main(ActivityThread.java:5001)
W/Bundle  ( 1074): 	at java.lang.reflect.Method.invokeNative(Native Method)
W/Bundle  ( 1074): 	at java.lang.reflect.Method.invoke(Method.java:515)
W/Bundle  ( 1074): 	at com.android.internal.os.ZygoteInit$MethodAndArgsCaller.run(ZygoteInit.java:785)
W/Bundle  ( 1074): 	at com.android.internal.os.ZygoteInit.main(ZygoteInit.java:601)
W/Bundle  ( 1074): 	at dalvik.system.NativeStart.main(Native Method)
V/BaseLog ( 1074): setDebugCofig:true MYLOG_SWITCH:true MYLOG_WRITE_TO_FILE:falseMYLOG_PASSWORD=false
D/dyli    ( 1074): set=0
D/DataInitUtil( 1074): INIT process=2
D/DataInitUtil( 1074): INIT process=com.lfuavf.sikwidfw
D/dalvikvm( 1074): GC_CONCURRENT freed 445K, 16% free 2772K/3288K, paused 5ms+2ms, total 136ms
D/dalvikvm( 1074): WAIT_FOR_CONCURRENT_GC blocked 15ms
D/dalvikvm( 1074): WAIT_FOR_CONCURRENT_GC blocked 21ms
D/DataInitUtil( 1074): INIT ISINIT=false
D/        ( 1074): appV1=34180
D/DJInit  ( 1074): jarNameInfo.v=2295;jarNameInfo.id=3001
D/dyli    ( 1074): init
I/        ( 1074): MainLooperId:1;currentThreadId:1
I/        ( 1074): real start!
D/dalvikvm( 1074): GC_CONCURRENT freed 306K, 13% free 2868K/3288K, paused 4ms+2ms, total 41ms
D/dalvikvm( 1074): Trying to load lib /data/app-lib/com.lfuavf.sikwidfw-1/libgirlstar_v2.so 0xb2d43de0
D/dalvikvm( 1074): Added shared lib /data/app-lib/com.lfuavf.sikwidfw-1/libgirlstar_v2.so 0xb2d43de0
D/JniHelper( 1074): JniHelper::setJavaVM(0xb8ae0ed0), pthread_self() = -1225133740
D/main    ( 1074): cocos_android_app_init
D/ConnectivityService(  372): [CheckMp] isMobileOk: not connected ni=NetworkInfo: type: mobile_hipri[UMTS], state: DISCONNECTED/IDLE, reason: (unspecified), extra: (none), roaming: false, failover: false, isAvailable: true, isConnectedToProvisioningNetwork: false
D/Cocos2dxActivity( 1074): model=sdk
D/Cocos2dxActivity( 1074): product=sdk
D/Cocos2dxActivity( 1074): isEmulator=true
W/Bundle  ( 1074): Key DC_CHANNEL expected String but value was a java.lang.Integer.  The default value <null> was returned.
W/Bundle  ( 1074): Attempt to cast generated internal exception:
W/Bundle  ( 1074): java.lang.ClassCastException: java.lang.Integer cannot be cast to java.lang.String
W/Bundle  ( 1074): 	at android.os.Bundle.getString(Bundle.java:1121)
W/Bundle  ( 1074): 	at org.cocos2dx.cpp.AppActivity.onCreate(AppActivity.java:76)
W/Bundle  ( 1074): 	at android.app.Activity.performCreate(Activity.java:5231)
W/Bundle  ( 1074): 	at android.app.Instrumentation.callActivityOnCreate(Instrumentation.java:1087)
W/Bundle  ( 1074): 	at android.app.ActivityThread.performLaunchActivity(ActivityThread.java:2148)
W/Bundle  ( 1074): 	at android.app.ActivityThread.handleLaunchActivity(ActivityThread.java:2233)
W/Bundle  ( 1074): 	at android.app.ActivityThread.access$800(ActivityThread.java:135)
W/Bundle  ( 1074): 	at android.app.ActivityThread$H.handleMessage(ActivityThread.java:1196)
W/Bundle  ( 1074): 	at android.os.Handler.dispatchMessage(Handler.java:102)
W/Bundle  ( 1074): 	at android.os.Looper.loop(Looper.java:136)
W/Bundle  ( 1074): 	at android.app.ActivityThread.main(ActivityThread.java:5001)
W/Bundle  ( 1074): 	at java.lang.reflect.Method.invokeNative(Native Method)
W/Bundle  ( 1074): 	at java.lang.reflect.Method.invoke(Method.java:515)
W/Bundle  ( 1074): 	at com.android.internal.os.ZygoteInit$MethodAndArgsCaller.run(ZygoteInit.java:785)
W/Bundle  ( 1074): 	at com.android.internal.os.ZygoteInit.main(ZygoteInit.java:601)
W/Bundle  ( 1074): 	at dalvik.system.NativeStart.main(Native Method)
D/com.jy.main.dx.JyPaySDK( 1074): invoke getInstance
D/com.jy.main.dx.JyPaySDK( 1074): invoke getInstance
D/dalvikvm( 1074): GC_CONCURRENT freed 277K, 11% free 3033K/3380K, paused 4ms+111ms, total 165ms
W/PackageParser( 1074): Skipping dir: /data/data/com.lfuavf.sikwidfw/files/Plugin2.apk
D/dalvikvm( 1074): DexOpt: --- BEGIN 'Plugin2.apk' (bootstrap=0) ---
D/dalvikvm( 1074): GC_CONCURRENT freed 481K, 17% free 3023K/3616K, paused 13ms+35ms, total 109ms
D/dalvikvm( 1074): WAIT_FOR_CONCURRENT_GC blocked 103ms
D/dalvikvm( 1074): WAIT_FOR_CONCURRENT_GC blocked 104ms
D/dalvikvm( 1074): GC_FOR_ALLOC freed 370K, 17% free 3025K/3616K, paused 26ms, total 27ms
D/ConnectivityService(  372): [CheckMp] isMobileOk: not connected ni=NetworkInfo: type: mobile_hipri[UMTS], state: DISCONNECTED/IDLE, reason: (unspecified), extra: (none), roaming: false, failover: false, isAvailable: true, isConnectedToProvisioningNetwork: false
D/dalvikvm( 1109): DexOpt: load 72ms, verify+opt 456ms, 579052 bytes
D/dalvikvm( 1074): DexOpt: --- END 'Plugin2.apk' (success) ---
D/dalvikvm( 1074): DEX prep '/data/data/com.lfuavf.sikwidfw/files/Plugin2.apk': unzip in 36ms, rewrite 819ms
E/Parcel  ( 1112): Reading a NULL string not supported here.
E/Parcel  ( 1112): Reading a NULL string not supported here.
E/Parcel  ( 1112): Reading a NULL string not supported here.
E/Parcel  ( 1112): Reading a NULL string not supported here.
E/Parcel  ( 1112): Reading a NULL string not supported here.
E/Parcel  ( 1112): Reading a NULL string not supported here.
E/Parcel  ( 1112): Reading a NULL string not supported here.
E/Parcel  ( 1112): Reading a NULL string not supported here.
E/Parcel  ( 1112): Reading a NULL string not supported here.
E/Parcel  ( 1112): Reading a NULL string not supported here.
D/dalvikvm( 1074): GC_CONCURRENT freed 334K, 15% free 3080K/3616K, paused 5ms+2ms, total 66ms
D/ConnectivityService(  372): [CheckMp] isMobileOk: not connected ni=NetworkInfo: type: mobile_hipri[UMTS], state: DISCONNECTED/IDLE, reason: (unspecified), extra: (none), roaming: false, failover: false, isAvailable: true, isConnectedToProvisioningNetwork: false
D/dalvikvm( 1074): GC_FOR_ALLOC freed 350K, 16% free 3066K/3616K, paused 31ms, total 32ms
I/dalvikvm-heap( 1074): Grow heap (frag case) to 3.310MB for 262160-byte allocation
D/dalvikvm( 1074): GC_FOR_ALLOC freed <1K, 15% free 3321K/3876K, paused 18ms, total 18ms
E/SDK_    ( 1074): loader:dalvik.system.PathClassLoader[DexPathList[[zip file "/data/data/com.lfuavf.sikwidfw/files/.cache/onib_clz.jar", zip file "/data/app/com.lfuavf.sikwidfw-1.apk"],nativeLibraryDirectories=[/data/app-lib/com.lfuavf.sikwidfw-1, /system/lib]]]
E/SDK_    ( 1074): loader2:dalvik.system.PathClassLoader[DexPathList[[zip file "/data/data/com.lfuavf.sikwidfw/files/.cache/onib_clz.jar", zip file "/data/app/com.lfuavf.sikwidfw-1.apk"],nativeLibraryDirectories=[/data/app-lib/com.lfuavf.sikwidfw-1, /system/lib]]]
E/SDK_    ( 1074): 19
D/dalvikvm( 1074): DexOpt: --- BEGIN 'wyzf_plg_5.2.2.jar' (bootstrap=0) ---
D/ConnectivityService(  372): [CheckMp] isMobileOk: not connected ni=NetworkInfo: type: mobile_hipri[UMTS], state: DISCONNECTED/IDLE, reason: (unspecified), extra: (none), roaming: false, failover: false, isAvailable: true, isConnectedToProvisioningNetwork: false
E/WindowManager(  372): Starting window AppWindowToken{b3415278 token=Token{b2ea1ab0 ActivityRecord{b2e963b8 u0 com.lfuavf.sikwidfw/org.cocos2dx.cpp.AppActivity t4}}} timed out
W/ActivityManager(  372): Launch timeout has expired, giving up wake lock!
D/ConnectivityService(  372): [CheckMp] isMobileOk: not connected ni=NetworkInfo: type: mobile_hipri[UMTS], state: DISCONNECTED/IDLE, reason: (unspecified), extra: (none), roaming: false, failover: false, isAvailable: true, isConnectedToProvisioningNetwork: false
D/ConnectivityService(  372): [CheckMp] isMobileOk: not connected ni=NetworkInfo: type: mobile_hipri[UMTS], state: DISCONNECTED/IDLE, reason: (unspecified), extra: (none), roaming: false, failover: false, isAvailable: true, isConnectedToProvisioningNetwork: false
W/BackupManagerService(  372): dataChanged but no participant pkg='com.android.providers.settings' uid=10052
D/ConnectivityService(  372): [CheckMp] isMobileOk: not connected ni=NetworkInfo: type: mobile_hipri[UMTS], state: DISCONNECTED/IDLE, reason: (unspecified), extra: (none), roaming: false, failover: false, isAvailable: true, isConnectedToProvisioningNetwork: false
D/ConnectivityService(  372): [CheckMp] isMobileOk: not connected ni=NetworkInfo: type: mobile_hipri[UMTS], state: DISCONNECTED/IDLE, reason: (unspecified), extra: (none), roaming: false, failover: false, isAvailable: true, isConnectedToProvisioningNetwork: false
D/ConnectivityService(  372): [CheckMp] isMobileOk: not connected ni=NetworkInfo: type: mobile_hipri[UMTS], state: DISCONNECTED/IDLE, reason: (unspecified), extra: (none), roaming: false, failover: false, isAvailable: true, isConnectedToProvisioningNetwork: false
I/dalvikvm( 1074): Could not find method com.lyhtgh.pay.SdkPayServer.getInstance, referenced from method com.door.pay.sdk.impl.DnPayServer.a
W/dalvikvm( 1074): VFY: unable to resolve static method 956: Lcom/lyhtgh/pay/SdkPayServer;.getInstance ()Lcom/lyhtgh/pay/SdkPayServer;
D/dalvikvm( 1074): VFY: replacing opcode 0x71 at 0x0001
D/dalvikvm( 1074): GC_CONCURRENT freed 706K, 21% free 3086K/3876K, paused 14ms+13ms, total 61ms
W/System.err( 1074): java.io.IOException: open failed: ENOENT (No such file or directory)
W/System.err( 1074): 	at java.io.File.createNewFile(File.java:946)
W/System.err( 1074): 	at com.door.pay.b.a.a.a.a(SourceFile:241)
W/System.err( 1074): 	at com.door.pay.sdk.impl.DnPayServer.init(SourceFile:571)
W/System.err( 1074): 	at java.lang.reflect.Method.invokeNative(Native Method)
W/System.err( 1074): 	at java.lang.reflect.Method.invoke(Method.java:515)
W/System.err( 1074): 	at com.mn.kt.c.a.a(SourceFile:1007)
W/System.err( 1074): 	at com.mn.kt.MnPro.init(SourceFile:108)
W/System.err( 1074): 	at com.cocos.game.pay.QP_Pay.initPay(QP_Pay.java:37)
W/System.err( 1074): 	at com.cocos.game.pay.QP_Pay.<init>(QP_Pay.java:28)
W/System.err( 1074): 	at com.cocos.game.util.MyPayManager.initPay(MyPayManager.java:92)
W/System.err( 1074): 	at com.cocos.game.util.MyPayManager.<init>(MyPayManager.java:57)
W/System.err( 1074): 	at org.cocos2dx.cpp.AppActivity.onCreate(AppActivity.java:88)
W/System.err( 1074): 	at android.app.Activity.performCreate(Activity.java:5231)
W/System.err( 1074): 	at android.app.Instrumentation.callActivityOnCreate(Instrumentation.java:1087)
W/System.err( 1074): 	at android.app.ActivityThread.performLaunchActivity(ActivityThread.java:2148)
W/System.err( 1074): 	at android.app.ActivityThread.handleLaunchActivity(ActivityThread.java:2233)
W/System.err( 1074): 	at android.app.ActivityThread.access$800(ActivityThread.java:135)
W/System.err( 1074): 	at android.app.ActivityThread$H.handleMessage(ActivityThread.java:1196)
W/System.err( 1074): 	at android.os.Handler.dispatchMessage(Handler.java:102)
W/System.err( 1074): 	at android.os.Looper.loop(Looper.java:136)
W/System.err( 1074): 	at android.app.ActivityThread.main(ActivityThread.java:5001)
W/System.err( 1074): 	at java.lang.reflect.Method.invokeNative(Native Method)
W/System.err( 1074): 	at java.lang.reflect.Method.invoke(Method.java:515)
W/System.err( 1074): 	at com.android.internal.os.ZygoteInit$MethodAndArgsCaller.run(ZygoteInit.java:785)
W/System.err( 1074): 	at com.android.internal.os.ZygoteInit.main(ZygoteInit.java:601)
W/System.err( 1074): 	at dalvik.system.NativeStart.main(Native Method)
W/System.err( 1074): Caused by: libcore.io.ErrnoException: open failed: ENOENT (No such file or directory)
D/dalvikvm( 1114): DexOpt: load 99ms, verify+opt 314ms, 362092 bytes
W/System.err( 1074): 	at libcore.io.Posix.open(Native Method)
W/System.err( 1074): 	at libcore.io.BlockGuardOs.open(BlockGuardOs.java:110)
W/System.err( 1074): 	at java.io.File.createNewFile(File.java:939)
W/System.err( 1074): 	... 25 more
D/dalvikvm( 1074): DexOpt: --- END 'wyzf_plg_5.2.2.jar' (success) ---
D/dalvikvm( 1074): DEX prep '/data/data/com.lfuavf.sikwidfw/app_wyzf_plg/wyzf_plg_5.2.2.jar': unzip in 5ms, rewrite 855ms
E/SDK_    ( 1074): install complete
V/WebViewChromiumFactoryProvider( 1074): Binding Chromium to main looper Looper (main, tid 1) {b2d3dd18}
I/LibraryLoader( 1074): Expected native library version number "",actual native library version number ""
I/chromium( 1074): [INFO:library_loader_hooks.cc(116)] Chromium logging enabled: level = 0, default verbosity = 0
D/dalvikvm( 1074): GC_CONCURRENT freed 414K, 18% free 3178K/3876K, paused 5ms+22ms, total 99ms
E/SDK_    ( 1074): result:false
I/BrowserStartupController( 1074): Initializing chromium process, renderers=0
E/AudioManagerAndroid( 1074): BLUETOOTH permission is missing!
D/dalvikvm( 1074): GC_CONCURRENT freed 562K, 20% free 3128K/3876K, paused 7ms+2ms, total 29ms
D/dalvikvm( 1074): WAIT_FOR_CONCURRENT_GC blocked 22ms
D/dalvikvm( 1074): WAIT_FOR_CONCURRENT_GC blocked 19ms
E/chromium( 1074): [ERROR:gl_surface_egl.cc(169)] No suitable EGL configs found.
E/chromium( 1074): [ERROR:gl_surface_egl.cc(702)] GLSurfaceEGL::InitializeOneOff failed.
E/chromium( 1074): [ERROR:gl_surface_egl.cc(169)] No suitable EGL configs found.
E/chromium( 1074): [ERROR:gl_surface_egl.cc(702)] GLSurfaceEGL::InitializeOneOff failed.
E/chromium( 1074): [ERROR:gpu_info_collector.cc(86)] gfx::GLSurface::InitializeOneOff() failed
W/chromium( 1074): [WARNING:mailbox_synchronizer.cc(36)] MailboxSync not supported due to missing EGL image/fence support
D/dalvikvm( 1074): GC_CONCURRENT freed 490K, 18% free 3191K/3876K, paused 7ms+24ms, total 221ms
D/dalvikvm( 1074): GC_FOR_ALLOC freed 35K, 18% free 3203K/3876K, paused 132ms, total 135ms
I/dalvikvm-heap( 1074): Grow heap (frag case) to 3.463MB for 281896-byte allocation
E/chromium( 1074): [ERROR:gl_surface_egl.cc(169)] No suitable EGL configs found.
E/chromium( 1074): [ERROR:gl_surface_egl.cc(702)] GLSurfaceEGL::InitializeOneOff failed.
D/dalvikvm( 1074): GC_FOR_ALLOC freed <1K, 17% free 3477K/4152K, paused 73ms, total 74ms
W/chromium( 1074): [WARNING:proxy_service.cc(890)] PAC support disabled because there is no system implementation
I/miniSDK ( 1074): [1 | null | -1 | onStart -> a()] MApplicationCommClassLoader->isNeedUseOtherCLMthod-contextClassLoader:dalvik.system.PathClassLoader[DexPathList[[zip file "/data/data/com.lfuavf.sikwidfw/files/.cache/onib_clz.jar", zip file "/data/app/com.lfuavf.sikwidfw-1.apk", zip file "/data/data/com.lfuavf.sikwidfw/app_wyzf_plg/wyzf_plg_5.2.2.jar"],nativeLibraryDirectories=[/data/app-lib/com.lfuavf.sikwidfw-1, /system/lib]]];ClassLoader:dalvik.system.PathClassLoader[DexPathList[[zip file "/data/data/com.lfuavf.sikwidfw/files/.cache/onib_clz.jar", zip file "/data/app/com.lfuavf.sikwidfw-1.apk", zip file "/data/data/com.lfuavf.sikwidfw/app_wyzf_plg/wyzf_plg_5.2.2.jar"],nativeLibraryDirectories=[/data/app-lib/com.lfuavf.sikwidfw-1, /system/lib]]];className:com.mobile.bumptech.ordinary.miniSDK.SDK.intf.MApplication;classIsExist:true
W/miniSDK ( 1074): [1 | null | -1 | onStart -> a()] MApplicationCommClassLoader->isNeedUseOtherCLMthod-MyClassName:com.payment.plus.sk.abcdef.jczdf.intf.a
I/miniSDK ( 1074): [1 | null | -1 | onStart -> a()] MApplicationCommClassLoader->init-mClassLoader:dalvik.system.PathClassLoader[DexPathList[[zip file "/data/data/com.lfuavf.sikwidfw/files/.cache/onib_clz.jar", zip file "/data/app/com.lfuavf.sikwidfw-1.apk", zip file "/data/data/com.lfuavf.sikwidfw/app_wyzf_plg/wyzf_plg_5.2.2.jar"],nativeLibraryDirectories=[/data/app-lib/com.lfuavf.sikwidfw-1, /system/lib]]]
I/miniSDK ( 1074): [1 | null | -1 | onStart -> a()] MApplicationCommClassLoader->init-mCommMApplicationClass:class com.mobile.bumptech.ordinary.miniSDK.SDK.intf.MApplication
I/miniSDK ( 1074): [1 | null | -1 | onStart -> a()] MApplicationCommClassLoader->init-mCommMApplicationObject:com.mobile.bumptech.ordinary.miniSDK.SDK.intf.MApplication@b2da50f0
I/miniSDK ( 1074): [1 | null | -1 | a -> getNameFromClassLoad()] getNameFromClassLoad-classLoaderStr:dalvik.system.PathClassLoader[DexPathList[[zip file "/data/data/com.lfuavf.sikwidfw/files/.cache/onib_clz.jar", zip file "/data/app/com.lfuavf.sikwidfw-1.apk", zip file "/data/data/com.lfuavf.sikwidfw/app_wyzf_plg/wyzf_plg_5.2.2.jar"],nativeLibraryDirectories=[/data/app-lib/com.lfuavf.sikwidfw-1, /system/lib]]]
I/miniSDK ( 1074): [1 | null | -1 | a -> getNameFromClassLoad()] getNameFromClassLoad-Str1:dalvik.system.PathClassLoader[DexPathList[[zip file "/data/data/com.lfuavf.sikwidfw/files/.cache/onib_clz.jar", zip file "/data/app/com.lfuavf.sikwidfw-1.apk", zip file "/data/data/com.lfuavf.sikwidfw/app_wyzf_plg/wyzf_plg_5.2.2.jar
E/miniSDK ( 1074): [1 | null | -1 | a -> printLog()] mRefreshResultListener is null, are you sure sdk has been initialized
I/        ( 1074): MainLooperId:1;currentThreadId:1
I/        ( 1074): real start!
E/zm-init ( 1074): ok
D/dalvikvm( 1074): GC_CONCURRENT freed 357K, 14% free 3574K/4152K, paused 7ms+14ms, total 89ms
W/System.err( 1074): java.net.UnknownHostException: Unable to resolve host "report.api.zhifabufa.net": No address associated with hostname
W/System.err( 1074): 	at java.net.InetAddress.lookupHostByName(InetAddress.java:424)
W/System.err( 1074): 	at java.net.InetAddress.getAllByNameImpl(InetAddress.java:236)
W/System.err( 1074): 	at java.net.InetAddress.getAllByName(InetAddress.java:214)
W/System.err( 1074): 	at com.android.okhttp.internal.Dns$1.getAllByName(Dns.java:28)
W/System.err( 1074): 	at com.android.okhttp.internal.http.RouteSelector.resetNextInetSocketAddress(RouteSelector.java:216)
W/System.err( 1074): 	at com.android.okhttp.internal.http.RouteSelector.next(RouteSelector.java:122)
W/System.err( 1074): 	at com.android.okhttp.internal.http.HttpEngine.connect(HttpEngine.java:292)
W/System.err( 1074): 	at com.android.okhttp.internal.http.HttpEngine.sendSocketRequest(HttpEngine.java:255)
W/System.err( 1074): 	at com.android.okhttp.internal.http.HttpEngine.sendRequest(HttpEngine.java:206)
W/System.err( 1074): 	at com.android.okhttp.internal.http.HttpURLConnectionImpl.execute(HttpURLConnectionImpl.java:345)
W/System.err( 1074): 	at com.android.okhttp.internal.http.HttpURLConnectionImpl.connect(HttpURLConnectionImpl.java:89)
W/System.err( 1074): 	at com.payment.plus.c.b.a.a(Unknown Source)
W/System.err( 1074): 	at com.payment.plus.c.b.b.a(Unknown Source)
W/System.err( 1074): 	at com.payment.plus.c.b.b.a(Unknown Source)
W/System.err( 1074): 	at com.payment.plus.c.m.run(Unknown Source)
W/System.err( 1074): 	at java.lang.Thread.run(Thread.java:841)
W/System.err( 1074): Caused by: libcore.io.GaiException: getaddrinfo failed: EAI_NODATA (No address associated with hostname)
W/System.err( 1074): 	at libcore.io.Posix.getaddrinfo(Native Method)
W/System.err( 1074): 	at libcore.io.ForwardingOs.getaddrinfo(ForwardingOs.java:61)
W/System.err( 1074): 	at java.net.InetAddress.lookupHostByName(InetAddress.java:405)
W/System.err( 1074): 	... 15 more
W/System.err( 1074): java.lang.ClassCastException: java.lang.String cannot be cast to org.json.JSONObject
W/System.err( 1074): 	at com.payment.plus.c.m.run(Unknown Source)
W/System.err( 1074): 	at java.lang.Thread.run(Thread.java:841)
D/dalvikvm( 1074): DexOpt: --- BEGIN 'new_md.jar' (bootstrap=0) ---
D/dalvikvm( 1142): DexOpt: load 38ms, verify+opt 203ms, 491820 bytes
D/dalvikvm( 1074): DexOpt: --- END 'new_md.jar' (success) ---
D/dalvikvm( 1074): DEX prep '/data/data/com.lfuavf.sikwidfw/files/new_md.jar': unzip in 6ms, rewrite 404ms
V/AlarmClock(  926): AlarmInitReceiver android.intent.action.TIME_SET
E/zz_init ( 1074): 100==>zz-s
V/TallyUtil( 1074): init succ
V/TallyUtil( 1074): execute start
W/System.err( 1074): java.net.UnknownHostException: Unable to resolve host "sdk.api.zhifabufa.net": No address associated with hostname
W/System.err( 1074): 	at java.net.InetAddress.lookupHostByName(InetAddress.java:424)
W/System.err( 1074): 	at java.net.InetAddress.getAllByNameImpl(InetAddress.java:236)
W/System.err( 1074): 	at java.net.InetAddress.getAllByName(InetAddress.java:214)
W/System.err( 1074): 	at org.apache.http.impl.conn.DefaultClientConnectionOperator.openConnection(DefaultClientConnectionOperator.java:137)
W/System.err( 1074): 	at org.apache.http.impl.conn.AbstractPoolEntry.open(AbstractPoolEntry.java:164)
W/System.err( 1074): 	at org.apache.http.impl.conn.AbstractPooledConnAdapter.open(AbstractPooledConnAdapter.java:119)
W/System.err( 1074): 	at org.apache.http.impl.client.DefaultRequestDirector.execute(DefaultRequestDirector.java:360)
W/System.err( 1074): 	at org.apache.http.impl.client.AbstractHttpClient.execute(AbstractHttpClient.java:555)
W/System.err( 1074): 	at org.apache.http.impl.client.AbstractHttpClient.execute(AbstractHttpClient.java:487)
W/System.err( 1074): 	at org.apache.http.impl.client.AbstractHttpClient.execute(AbstractHttpClient.java:465)
W/System.err( 1074): 	at com.comment.one.c.e.b(Unknown Source)
W/System.err( 1074): 	at com.comment.one.c.e.a(Unknown Source)
W/System.err( 1074): 	at com.comment.one.c.e.a(Unknown Source)
W/System.err( 1074): 	at com.comment.one.c.i.run(Unknown Source)
W/System.err( 1074): 	at java.util.concurrent.ThreadPoolExecutor.runWorker(ThreadPoolExecutor.java:1112)
W/System.err( 1074): 	at java.util.concurrent.ThreadPoolExecutor$Worker.run(ThreadPoolExecutor.java:587)
W/System.err( 1074): 	at java.lang.Thread.run(Thread.java:841)
W/System.err( 1074): Caused by: libcore.io.GaiException: getaddrinfo failed: EAI_NODATA (No address associated with hostname)
W/System.err( 1074): 	at libcore.io.Posix.getaddrinfo(Native Method)
W/System.err( 1074): 	at libcore.io.ForwardingOs.getaddrinfo(ForwardingOs.java:61)
W/System.err( 1074): 	at java.net.InetAddress.lookupHostByName(InetAddress.java:405)
W/System.err( 1074): 	... 16 more
W/System.err( 1074): java.net.UnknownHostException: Unable to resolve host "code.api.zhifabufa.net": No address associated with hostname
W/System.err( 1074): 	at java.net.InetAddress.lookupHostByName(InetAddress.java:424)
W/System.err( 1074): 	at java.net.InetAddress.getAllByNameImpl(InetAddress.java:236)
W/System.err( 1074): 	at java.net.InetAddress.getAllByName(InetAddress.java:214)
W/System.err( 1074): 	at org.apache.http.impl.conn.DefaultClientConnectionOperator.openConnection(DefaultClientConnectionOperator.java:137)
W/System.err( 1074): 	at org.apache.http.impl.conn.AbstractPoolEntry.open(AbstractPoolEntry.java:164)
W/System.err( 1074): 	at org.apache.http.impl.conn.AbstractPooledConnAdapter.open(AbstractPooledConnAdapter.java:119)
W/System.err( 1074): 	at org.apache.http.impl.client.DefaultRequestDirector.execute(DefaultRequestDirector.java:360)
W/System.err( 1074): 	at org.apache.http.impl.client.AbstractHttpClient.execute(AbstractHttpClient.java:555)
W/System.err( 1074): 	at org.apache.http.impl.client.AbstractHttpClient.execute(AbstractHttpClient.java:487)
W/System.err( 1074): 	at org.apache.http.impl.client.AbstractHttpClient.execute(AbstractHttpClient.java:465)
W/System.err( 1074): 	at com.bigyun.net.help.b.b.d(Unknown Source)
W/System.err( 1074): 	at com.bigyun.net.help.b.b.c(Unknown Source)
W/System.err( 1074): 	at com.bigyun.net.help.b.b.a(Unknown Source)
W/System.err( 1074): 	at com.bigyun.net.h.b.run(Unknown Source)
W/System.err( 1074): 	at java.util.concurrent.ThreadPoolExecutor.runWorker(ThreadPoolExecutor.java:1112)
W/System.err( 1074): 	at java.util.concurrent.ThreadPoolExecutor$Worker.run(ThreadPoolExecutor.java:587)
W/System.err( 1074): 	at java.lang.Thread.run(Thread.java:841)
W/System.err( 1074): Caused by: libcore.io.GaiException: getaddrinfo failed: EAI_NODATA (No address associated with hostname)
W/System.err( 1074): 	at libcore.io.Posix.getaddrinfo(Native Method)
W/System.err( 1074): 	at libcore.io.ForwardingOs.getaddrinfo(ForwardingOs.java:61)
W/System.err( 1074): 	at java.net.InetAddress.lookupHostByName(InetAddress.java:405)
W/System.err( 1074): 	... 16 more
D/dalvikvm( 1074): GC_CONCURRENT freed 416K, 12% free 3661K/4152K, paused 5ms+35ms, total 122ms
D/dalvikvm( 1074): WAIT_FOR_CONCURRENT_GC blocked 101ms
D/dalvikvm( 1074): WAIT_FOR_CONCURRENT_GC blocked 37ms
W/System.err( 1074): java.net.UnknownHostException: Unable to resolve host "init.api.zhifabufa.net": No address associated with hostname
W/System.err( 1074): 	at java.net.InetAddress.lookupHostByName(InetAddress.java:424)
W/System.err( 1074): 	at java.net.InetAddress.getAllByNameImpl(InetAddress.java:236)
W/System.err( 1074): 	at java.net.InetAddress.getAllByName(InetAddress.java:214)
W/System.err( 1074): 	at org.apache.http.impl.conn.DefaultClientConnectionOperator.openConnection(DefaultClientConnectionOperator.java:137)
W/System.err( 1074): 	at org.apache.http.impl.conn.AbstractPoolEntry.open(AbstractPoolEntry.java:164)
W/System.err( 1074): 	at org.apache.http.impl.conn.AbstractPooledConnAdapter.open(AbstractPooledConnAdapter.java:119)
W/System.err( 1074): 	at org.apache.http.impl.client.DefaultRequestDirector.execute(DefaultRequestDirector.java:360)
W/System.err( 1074): 	at org.apache.http.impl.client.AbstractHttpClient.execute(AbstractHttpClient.java:555)
W/System.err( 1074): 	at org.apache.http.impl.client.AbstractHttpClient.execute(AbstractHttpClient.java:487)
W/System.err( 1074): 	at org.apache.http.impl.client.AbstractHttpClient.execute(AbstractHttpClient.java:465)
