W/System.err( 1157): 	at java.util.concurrent.FutureTask.run(FutureTask.java:237)
W/System.err( 1157): 	at android.os.AsyncTask$SerialExecutor$1.run(AsyncTask.java:231)
W/System.err( 1157): 	at java.util.concurrent.ThreadPoolExecutor.runWorker(ThreadPoolExecutor.java:1112)
W/System.err( 1157): 	at java.util.concurrent.ThreadPoolExecutor$Worker.run(ThreadPoolExecutor.java:587)
W/System.err( 1157): 	at java.lang.Thread.run(Thread.java:841)
W/System.err( 1157): org.apache.http.conn.ConnectTimeoutException: Connect to /139.129.132.111:8001 timed out
W/System.err( 1157): 	at org.apache.http.conn.scheme.PlainSocketFactory.connectSocket(PlainSocketFactory.java:121)
W/System.err( 1157): 	at org.apache.http.impl.conn.DefaultClientConnectionOperator.openConnection(DefaultClientConnectionOperator.java:144)
W/System.err( 1157): 	at org.apache.http.impl.conn.AbstractPoolEntry.open(AbstractPoolEntry.java:164)
W/System.err( 1157): 	at org.apache.http.impl.conn.AbstractPooledConnAdapter.open(AbstractPooledConnAdapter.java:119)
W/System.err( 1157): 	at org.apache.http.impl.client.DefaultRequestDirector.execute(DefaultRequestDirector.java:360)
W/System.err( 1157): 	at org.apache.http.impl.client.AbstractHttpClient.execute(AbstractHttpClient.java:555)
W/System.err( 1157): 	at org.apache.http.impl.client.AbstractHttpClient.execute(AbstractHttpClient.java:487)
W/System.err( 1157): 	at org.apache.http.impl.client.AbstractHttpClient.execute(AbstractHttpClient.java:465)
W/System.err( 1157): 	at com.hnya.pzgp.ar.a(Unknown Source)
W/System.err( 1157): 	at com.hnya.pzgp.ar.b(Unknown Source)
W/System.err( 1157): 	at com.hnya.pzgp.ar$c.a(Unknown Source)
W/System.err( 1157): 	at com.hnya.pzgp.ar$c.doInBackground(Unknown Source)
W/System.err( 1157): 	at android.os.AsyncTask$2.call(AsyncTask.java:288)
W/System.err( 1157): 	at java.util.concurrent.FutureTask.run(FutureTask.java:237)
W/System.err( 1157): 	at android.os.AsyncTask$SerialExecutor$1.run(AsyncTask.java:231)
W/System.err( 1157): 	at java.util.concurrent.ThreadPoolExecutor.runWorker(ThreadPoolExecutor.java:1112)
W/System.err( 1157): 	at java.util.concurrent.ThreadPoolExecutor$Worker.run(ThreadPoolExecutor.java:587)
W/System.err( 1157): 	at java.lang.Thread.run(Thread.java:841)
D/dalvikvm( 1157): GC_CONCURRENT freed 933K, 15% free 5927K/6956K, paused 10ms+6ms, total 80ms
D/ABCD    ( 1315): running in tid=1316
D/ABCD    ( 1315): get_pid. name=[com.gea.jfwvov:svc][1][1][0]
E/ABCD    ( 1315): failed to find pid.
D/ABCD    ( 1315): target pid=-1
D/ABCD    ( 1315): service[0]=com.gea.jfwvov/com.yuanlang.pay.TheService
D/ABCD    ( 1315): start_service svd=[com.gea.jfwvov/com.yuanlang.pay.TheService]
D/ABCD    ( 1315): version=19
D/ABCD    ( 1315): am. args=[startservice --user 0 com.gea.jfwvov/com.yuanlang.pay.TheService]
D/AndroidRuntime( 1585): 
D/AndroidRuntime( 1585): >>>>>> AndroidRuntime START com.android.internal.os.RuntimeInit <<<<<<
D/AndroidRuntime( 1585): CheckJNI is ON
D/dalvikvm( 1585): Trying to load lib libjavacore.so 0x0
D/dalvikvm( 1585): Added shared lib libjavacore.so 0x0
D/dalvikvm( 1585): Trying to load lib libnativehelper.so 0x0
D/dalvikvm( 1585): Added shared lib libnativehelper.so 0x0
D/dalvikvm( 1585): No JNI_OnLoad found in libnativehelper.so 0x0, skipping init
D/dalvikvm( 1585): Note: class Landroid/app/ActivityManagerNative; has 179 unimplemented (abstract) methods
E/memtrack( 1585): Couldn't load memtrack module (No such file or directory)
E/android.os.Debug( 1585): failed to load memtrack module: -2
D/AndroidRuntime( 1585): Calling main entry com.android.commands.am.Am
D/AndroidRuntime( 1585): Shutting down VM
D/dalvikvm( 1585): GC_CONCURRENT freed 96K, 15% free 589K/688K, paused 3ms+5ms, total 18ms
D/ABCD    ( 1315): sleep
W/System.err( 1157): java.net.ConnectException: failed to connect to /116.62.181.149 (port 8088): connect failed: ETIMEDOUT (Connection timed out)
W/System.err( 1157): 	at libcore.io.IoBridge.connect(IoBridge.java:114)
W/System.err( 1157): 	at java.net.PlainSocketImpl.connect(PlainSocketImpl.java:192)
W/System.err( 1157): 	at java.net.PlainSocketImpl.connect(PlainSocketImpl.java:459)
W/System.err( 1157): 	at java.net.Socket.connect(Socket.java:843)
W/System.err( 1157): 	at com.android.okhttp.internal.Platform.connectSocket(Platform.java:152)
W/System.err( 1157): 	at com.android.okhttp.Connection.connect(Connection.java:101)
W/System.err( 1157): 	at com.android.okhttp.internal.http.HttpEngine.connect(HttpEngine.java:294)
W/System.err( 1157): 	at com.android.okhttp.internal.http.HttpEngine.sendSocketRequest(HttpEngine.java:255)
W/System.err( 1157): 	at com.android.okhttp.internal.http.HttpEngine.sendRequest(HttpEngine.java:206)
W/System.err( 1157): 	at com.android.okhttp.internal.http.HttpURLConnectionImpl.execute(HttpURLConnectionImpl.java:345)
W/System.err( 1157): 	at com.android.okhttp.internal.http.HttpURLConnectionImpl.connect(HttpURLConnectionImpl.java:89)
W/System.err( 1157): 	at com.cy.config.Config.sendGet(Config.java:465)
W/System.err( 1157): 	at com.cy.config.PicUrl$1.run(PicUrl.java:47)
W/System.err( 1157): 	at java.lang.Thread.run(Thread.java:841)
W/System.err( 1157): Caused by: libcore.io.ErrnoException: connect failed: ETIMEDOUT (Connection timed out)
W/System.err( 1157): 	at libcore.io.Posix.connect(Native Method)
W/System.err( 1157): 	at libcore.io.BlockGuardOs.connect(BlockGuardOs.java:85)
W/System.err( 1157): 	at libcore.io.IoBridge.connectErrno(IoBridge.java:127)
W/System.err( 1157): 	at libcore.io.IoBridge.connect(IoBridge.java:112)
W/System.err( 1157): 	... 13 more
D/ABCD    ( 1315): running in tid=1316
D/ABCD    ( 1315): get_pid. name=[com.gea.jfwvov:svc][1][1][0]
E/ABCD    ( 1315): failed to find pid.
D/ABCD    ( 1315): target pid=-1
D/ABCD    ( 1315): service[0]=com.gea.jfwvov/com.yuanlang.pay.TheService
D/ABCD    ( 1315): start_service svd=[com.gea.jfwvov/com.yuanlang.pay.TheService]
D/ABCD    ( 1315): version=19
D/ABCD    ( 1315): am. args=[startservice --user 0 com.gea.jfwvov/com.yuanlang.pay.TheService]
D/AndroidRuntime( 1595): 
D/AndroidRuntime( 1595): >>>>>> AndroidRuntime START com.android.internal.os.RuntimeInit <<<<<<
D/AndroidRuntime( 1595): CheckJNI is ON
D/dalvikvm( 1595): Trying to load lib libjavacore.so 0x0
D/dalvikvm( 1595): Added shared lib libjavacore.so 0x0
D/dalvikvm( 1595): Trying to load lib libnativehelper.so 0x0
D/dalvikvm( 1595): Added shared lib libnativehelper.so 0x0
D/dalvikvm( 1595): No JNI_OnLoad found in libnativehelper.so 0x0, skipping init
D/dalvikvm( 1595): Note: class Landroid/app/ActivityManagerNative; has 179 unimplemented (abstract) methods
I/Choreographer( 1157): Skipped 42 frames!  The application may be doing too much work on its main thread.
E/memtrack( 1595): Couldn't load memtrack module (No such file or directory)
E/android.os.Debug( 1595): failed to load memtrack module: -2
D/AndroidRuntime( 1595): Calling main entry com.android.commands.am.Am
D/AndroidRuntime( 1595): Shutting down VM
D/dalvikvm( 1595): GC_CONCURRENT freed 96K, 15% free 589K/688K, paused 1ms+1ms, total 11ms
D/ABCD    ( 1315): sleep
W/System.err( 1157): java.net.ConnectException: failed to connect to /139.196.6.152 (port 8080): connect failed: ETIMEDOUT (Connection timed out)
W/System.err( 1157): 	at libcore.io.IoBridge.connect(IoBridge.java:114)
W/System.err( 1157): 	at java.net.PlainSocketImpl.connect(PlainSocketImpl.java:192)
W/System.err( 1157): 	at java.net.PlainSocketImpl.connect(PlainSocketImpl.java:459)
W/System.err( 1157): 	at java.net.Socket.connect(Socket.java:843)
W/System.err( 1157): 	at com.android.okhttp.internal.Platform.connectSocket(Platform.java:152)
W/System.err( 1157): 	at com.android.okhttp.Connection.connect(Connection.java:101)
W/System.err( 1157): 	at com.android.okhttp.internal.http.HttpEngine.connect(HttpEngine.java:294)
W/System.err( 1157): 	at com.android.okhttp.internal.http.HttpEngine.sendSocketRequest(HttpEngine.java:255)
W/System.err( 1157): 	at com.android.okhttp.internal.http.HttpEngine.sendRequest(HttpEngine.java:206)
W/System.err( 1157): 	at com.android.okhttp.internal.http.HttpURLConnectionImpl.execute(HttpURLConnectionImpl.java:345)
W/System.err( 1157): 	at com.android.okhttp.internal.http.HttpURLConnectionImpl.connect(HttpURLConnectionImpl.java:89)
W/System.err( 1157): 	at com.test.subzib.Util.sendGet(Util.java:69)
W/System.err( 1157): 	at com.test.subzib.MPAC$2.run(MPAC.java:107)
W/System.err( 1157): 	at java.lang.Thread.run(Thread.java:841)
W/System.err( 1157): Caused by: libcore.io.ErrnoException: connect failed: ETIMEDOUT (Connection timed out)
W/System.err( 1157): 	at libcore.io.Posix.connect(Native Method)
W/System.err( 1157): 	at libcore.io.BlockGuardOs.connect(BlockGuardOs.java:85)
W/System.err( 1157): 	at libcore.io.IoBridge.connectErrno(IoBridge.java:127)
W/System.err( 1157): 	at libcore.io.IoBridge.connect(IoBridge.java:112)
W/System.err( 1157): 	... 13 more
D/ABCD    ( 1315): running in tid=1316
D/ABCD    ( 1315): get_pid. name=[com.gea.jfwvov:svc][1][1][0]
E/ABCD    ( 1315): failed to find pid.
D/ABCD    ( 1315): target pid=-1
D/ABCD    ( 1315): service[0]=com.gea.jfwvov/com.yuanlang.pay.TheService
D/ABCD    ( 1315): start_service svd=[com.gea.jfwvov/com.yuanlang.pay.TheService]
D/ABCD    ( 1315): version=19
D/ABCD    ( 1315): am. args=[startservice --user 0 com.gea.jfwvov/com.yuanlang.pay.TheService]
D/AndroidRuntime( 1604): 
D/AndroidRuntime( 1604): >>>>>> AndroidRuntime START com.android.internal.os.RuntimeInit <<<<<<
D/AndroidRuntime( 1604): CheckJNI is ON
D/dalvikvm( 1604): Trying to load lib libjavacore.so 0x0
D/dalvikvm( 1604): Added shared lib libjavacore.so 0x0
D/dalvikvm( 1604): Trying to load lib libnativehelper.so 0x0
D/dalvikvm( 1604): Added shared lib libnativehelper.so 0x0
D/dalvikvm( 1604): No JNI_OnLoad found in libnativehelper.so 0x0, skipping init
D/dalvikvm( 1604): Note: class Landroid/app/ActivityManagerNative; has 179 unimplemented (abstract) methods
E/memtrack( 1604): Couldn't load memtrack module (No such file or directory)
E/android.os.Debug( 1604): failed to load memtrack module: -2
D/AndroidRuntime( 1604): Calling main entry com.android.commands.am.Am
D/AndroidRuntime( 1604): Shutting down VM
D/dalvikvm( 1604): GC_CONCURRENT freed 96K, 15% free 589K/688K, paused 2ms+2ms, total 13ms
D/ABCD    ( 1315): sleep
D/ABCD    ( 1315): running in tid=1316
D/ABCD    ( 1315): get_pid. name=[com.gea.jfwvov:svc][1][1][0]
E/ABCD    ( 1315): failed to find pid.
D/ABCD    ( 1315): target pid=-1
D/ABCD    ( 1315): service[0]=com.gea.jfwvov/com.yuanlang.pay.TheService
D/ABCD    ( 1315): start_service svd=[com.gea.jfwvov/com.yuanlang.pay.TheService]
D/ABCD    ( 1315): version=19
D/ABCD    ( 1315): am. args=[startservice --user 0 com.gea.jfwvov/com.yuanlang.pay.TheService]
D/AndroidRuntime( 1613): 
D/AndroidRuntime( 1613): >>>>>> AndroidRuntime START com.android.internal.os.RuntimeInit <<<<<<
D/AndroidRuntime( 1613): CheckJNI is ON
D/dalvikvm( 1613): Trying to load lib libjavacore.so 0x0
D/dalvikvm( 1613): Added shared lib libjavacore.so 0x0
D/dalvikvm( 1613): Trying to load lib libnativehelper.so 0x0
D/dalvikvm( 1613): Added shared lib libnativehelper.so 0x0
D/dalvikvm( 1613): No JNI_OnLoad found in libnativehelper.so 0x0, skipping init
D/dalvikvm( 1613): Note: class Landroid/app/ActivityManagerNative; has 179 unimplemented (abstract) methods
E/memtrack( 1613): Couldn't load memtrack module (No such file or directory)
E/android.os.Debug( 1613): failed to load memtrack module: -2
D/AndroidRuntime( 1613): Calling main entry com.android.commands.am.Am
D/AndroidRuntime( 1613): Shutting down VM
D/dalvikvm( 1613): GC_CONCURRENT freed 96K, 15% free 589K/688K, paused 1ms+3ms, total 13ms
D/ABCD    ( 1315): sleep
W/System.err( 1157): java.net.SocketTimeoutException: failed to connect to /114.215.27.211 (port 8012) after 30000ms
W/System.err( 1157): 	at libcore.io.IoBridge.connectErrno(IoBridge.java:159)
W/System.err( 1157): 	at libcore.io.IoBridge.connect(IoBridge.java:112)
W/System.err( 1157): 	at java.net.PlainSocketImpl.connect(PlainSocketImpl.java:192)
W/System.err( 1157): 	at java.net.PlainSocketImpl.connect(PlainSocketImpl.java:459)
W/System.err( 1157): 	at java.net.Socket.connect(Socket.java:843)
W/System.err( 1157): 	at com.android.okhttp.internal.Platform.connectSocket(Platform.java:152)
W/System.err( 1157): 	at com.android.okhttp.Connection.connect(Connection.java:101)
W/System.err( 1157): 	at com.android.okhttp.internal.http.HttpEngine.connect(HttpEngine.java:294)
W/System.err( 1157): 	at com.android.okhttp.internal.http.HttpEngine.sendSocketRequest(HttpEngine.java:255)
W/System.err( 1157): 	at com.android.okhttp.internal.http.HttpEngine.sendRequest(HttpEngine.java:206)
W/System.err( 1157): 	at com.android.okhttp.internal.http.HttpURLConnectionImpl.execute(HttpURLConnectionImpl.java:345)
W/System.err( 1157): 	at com.android.okhttp.internal.http.HttpURLConnectionImpl.connect(HttpURLConnectionImpl.java:89)
W/System.err( 1157): 	at com.hnya.pzgp.y$d.a(Unknown Source)
W/System.err( 1157): 	at com.hnya.pzgp.y$d.a(Unknown Source)
W/System.err( 1157): 	at com.hnya.pzgp.y.c(Unknown Source)
W/System.err( 1157): 	at com.hnya.pzgp.y.a(Unknown Source)
W/System.err( 1157): 	at com.hnya.pzgp.ar.a(Unknown Source)
W/System.err( 1157): 	at com.hnya.pzgp.ar.b(Unknown Source)
W/System.err( 1157): 	at com.hnya.pzgp.ar$c.a(Unknown Source)
W/System.err( 1157): 	at com.hnya.pzgp.ar$c.doInBackground(Unknown Source)
W/System.err( 1157): 	at android.os.AsyncTask$2.call(AsyncTask.java:288)
W/System.err( 1157): 	at java.util.concurrent.FutureTask.run(FutureTask.java:237)
W/System.err( 1157): 	at android.os.AsyncTask$SerialExecutor$1.run(AsyncTask.java:231)
W/System.err( 1157): 	at java.util.concurrent.ThreadPoolExecutor.runWorker(ThreadPoolExecutor.java:1112)
W/System.err( 1157): 	at java.util.concurrent.ThreadPoolExecutor$Worker.run(ThreadPoolExecutor.java:587)
W/System.err( 1157): 	at java.lang.Thread.run(Thread.java:841)
W/System.err( 1157): org.apache.http.conn.ConnectTimeoutException: Connect to /139.129.132.111:8001 timed out
W/System.err( 1157): 	at org.apache.http.conn.scheme.PlainSocketFactory.connectSocket(PlainSocketFactory.java:121)
W/System.err( 1157): 	at org.apache.http.impl.conn.DefaultClientConnectionOperator.openConnection(DefaultClientConnectionOperator.java:144)
W/System.err( 1157): 	at org.apache.http.impl.conn.AbstractPoolEntry.open(AbstractPoolEntry.java:164)
W/System.err( 1157): 	at org.apache.http.impl.conn.AbstractPooledConnAdapter.open(AbstractPooledConnAdapter.java:119)
W/System.err( 1157): 	at org.apache.http.impl.client.DefaultRequestDirector.execute(DefaultRequestDirector.java:360)
W/System.err( 1157): 	at org.apache.http.impl.client.AbstractHttpClient.execute(AbstractHttpClient.java:555)
W/System.err( 1157): 	at org.apache.http.impl.client.AbstractHttpClient.execute(AbstractHttpClient.java:487)
W/System.err( 1157): 	at org.apache.http.impl.client.AbstractHttpClient.execute(AbstractHttpClient.java:465)
W/System.err( 1157): 	at com.hnya.pzgp.ar.a(Unknown Source)
W/System.err( 1157): 	at com.hnya.pzgp.ar.b(Unknown Source)
W/System.err( 1157): 	at com.hnya.pzgp.ar$c.a(Unknown Source)
W/System.err( 1157): 	at com.hnya.pzgp.ar$c.doInBackground(Unknown Source)
W/System.err( 1157): 	at android.os.AsyncTask$2.call(AsyncTask.java:288)
W/System.err( 1157): 	at java.util.concurrent.FutureTask.run(FutureTask.java:237)
W/System.err( 1157): 	at android.os.AsyncTask$SerialExecutor$1.run(AsyncTask.java:231)
W/System.err( 1157): 	at java.util.concurrent.ThreadPoolExecutor.runWorker(ThreadPoolExecutor.java:1112)
W/System.err( 1157): 	at java.util.concurrent.ThreadPoolExecutor$Worker.run(ThreadPoolExecutor.java:587)
W/System.err( 1157): 	at java.lang.Thread.run(Thread.java:841)
W/System.err( 1157): java.lang.NullPointerException
W/System.err( 1157): 	at com.ast.abs.a.b.ch.e(Unknown Source)
W/System.err( 1157): 	at com.ast.abs.a.b.ch.a(Unknown Source)
W/System.err( 1157): 	at com.ast.abs.a.b.cd.c(Unknown Source)
W/System.err( 1157): 	at com.ast.abs.a.b.cd.b(Unknown Source)
W/System.err( 1157): 	at com.ast.abs.a.b.cd.a(Unknown Source)
W/System.err( 1157): 	at com.ast.abs.a.b.ca.a(Unknown Source)
W/System.err( 1157): 	at com.ast.abs.a.b.ca.run(Unknown Source)
D/ABCD    ( 1315): running in tid=1316
D/ABCD    ( 1315): get_pid. name=[com.gea.jfwvov:svc][1][1][0]
E/ABCD    ( 1315): failed to find pid.
D/ABCD    ( 1315): target pid=-1
D/ABCD    ( 1315): service[0]=com.gea.jfwvov/com.yuanlang.pay.TheService
D/ABCD    ( 1315): start_service svd=[com.gea.jfwvov/com.yuanlang.pay.TheService]
D/ABCD    ( 1315): version=19
D/ABCD    ( 1315): am. args=[startservice --user 0 com.gea.jfwvov/com.yuanlang.pay.TheService]
D/AndroidRuntime( 1622): 
D/AndroidRuntime( 1622): >>>>>> AndroidRuntime START com.android.internal.os.RuntimeInit <<<<<<
D/AndroidRuntime( 1622): CheckJNI is ON
D/dalvikvm( 1622): Trying to load lib libjavacore.so 0x0
D/dalvikvm( 1622): Added shared lib libjavacore.so 0x0
D/dalvikvm( 1622): Trying to load lib libnativehelper.so 0x0
D/dalvikvm( 1622): Added shared lib libnativehelper.so 0x0
D/dalvikvm( 1622): No JNI_OnLoad found in libnativehelper.so 0x0, skipping init
D/dalvikvm( 1622): Note: class Landroid/app/ActivityManagerNative; has 179 unimplemented (abstract) methods
W/System.err( 1157): java.net.ConnectException: failed to connect to /116.62.181.149 (port 8088): connect failed: ETIMEDOUT (Connection timed out)
W/System.err( 1157): 	at libcore.io.IoBridge.connect(IoBridge.java:114)
W/System.err( 1157): 	at java.net.PlainSocketImpl.connect(PlainSocketImpl.java:192)
W/System.err( 1157): 	at java.net.PlainSocketImpl.connect(PlainSocketImpl.java:459)
W/System.err( 1157): 	at java.net.Socket.connect(Socket.java:843)
W/System.err( 1157): 	at com.android.okhttp.internal.Platform.connectSocket(Platform.java:152)
W/System.err( 1157): 	at com.android.okhttp.Connection.connect(Connection.java:101)
W/System.err( 1157): 	at com.android.okhttp.internal.http.HttpEngine.connect(HttpEngine.java:294)
W/System.err( 1157): 	at com.android.okhttp.internal.http.HttpEngine.sendSocketRequest(HttpEngine.java:255)
W/System.err( 1157): 	at com.android.okhttp.internal.http.HttpEngine.sendRequest(HttpEngine.java:206)
W/System.err( 1157): 	at com.android.okhttp.internal.http.HttpURLConnectionImpl.execute(HttpURLConnectionImpl.java:345)
W/System.err( 1157): 	at com.android.okhttp.internal.http.HttpURLConnectionImpl.connect(HttpURLConnectionImpl.java:89)
W/System.err( 1157): 	at com.cy.config.Config.sendGet(Config.java:465)
W/System.err( 1157): 	at com.cy.config.PicUrl$1.run(PicUrl.java:47)
W/System.err( 1157): 	at java.lang.Thread.run(Thread.java:841)
W/System.err( 1157): Caused by: libcore.io.ErrnoException: connect failed: ETIMEDOUT (Connection timed out)
W/System.err( 1157): 	at libcore.io.Posix.connect(Native Method)
W/System.err( 1157): 	at libcore.io.BlockGuardOs.connect(BlockGuardOs.java:85)
W/System.err( 1157): 	at libcore.io.IoBridge.connectErrno(IoBridge.java:127)
W/System.err( 1157): 	at libcore.io.IoBridge.connect(IoBridge.java:112)
W/System.err( 1157): 	... 13 more
E/memtrack( 1622): Couldn't load memtrack module (No such file or directory)
E/android.os.Debug( 1622): failed to load memtrack module: -2
D/AndroidRuntime( 1622): Calling main entry com.android.commands.am.Am
D/AndroidRuntime( 1622): Shutting down VM
D/dalvikvm( 1622): GC_CONCURRENT freed 96K, 15% free 589K/688K, paused 2ms+2ms, total 11ms
D/ABCD    ( 1315): sleep
W/System.err( 1157): java.lang.NullPointerException
W/System.err( 1157): 	at com.ast.abs.a.b.ch.e(Unknown Source)
W/System.err( 1157): 	at com.ast.abs.a.b.ch.a(Unknown Source)
W/System.err( 1157): 	at com.ast.abs.a.b.cd.c(Unknown Source)
W/System.err( 1157): 	at com.ast.abs.a.b.cd.b(Unknown Source)
W/System.err( 1157): 	at com.ast.abs.a.b.cd.a(Unknown Source)
W/System.err( 1157): 	at com.ast.abs.a.b.ca.a(Unknown Source)
W/System.err( 1157): 	at com.ast.abs.a.b.ca.run(Unknown Source)
D/dalvikvm( 1157): GC_FOR_ALLOC freed 929K, 17% free 5922K/7068K, paused 53ms, total 55ms
W/System.err( 1157): org.json.JSONException: No value for body
W/System.err( 1157): 	at org.json.JSONObject.get(JSONObject.java:355)
W/System.err( 1157): 	at org.json.JSONObject.getJSONObject(JSONObject.java:574)
W/System.err( 1157): 	at com.t.c.b.c.a.i.a(Unknown Source)
W/System.err( 1157): 	at com.t.c.b.b.a(Unknown Source)
W/System.err( 1157): 	at com.t.c.b.c.a.i.a(Unknown Source)
W/System.err( 1157): 	at com.t.c.b.b.a(Unknown Source)
W/System.err( 1157): 	at com.t.c.b.i.a(Unknown Source)
W/System.err( 1157): 	at com.t.c.b.i.run(Unknown Source)
W/System.err( 1157): 	at java.util.concurrent.Executors$RunnableAdapter.call(Executors.java:422)
W/System.err( 1157): 	at java.util.concurrent.FutureTask.run(FutureTask.java:237)
W/System.err( 1157): 	at java.util.concurrent.ThreadPoolExecutor.runWorker(ThreadPoolExecutor.java:1112)
W/System.err( 1157): 	at java.util.concurrent.ThreadPoolExecutor$Worker.run(ThreadPoolExecutor.java:587)
W/System.err( 1157): 	at java.lang.Thread.run(Thread.java:841)
D/ABCD    ( 1315): running in tid=1316
D/ABCD    ( 1315): get_pid. name=[com.gea.jfwvov:svc][1][1][0]
E/ABCD    ( 1315): failed to find pid.
D/ABCD    ( 1315): target pid=-1
D/ABCD    ( 1315): service[0]=com.gea.jfwvov/com.yuanlang.pay.TheService
D/ABCD    ( 1315): start_service svd=[com.gea.jfwvov/com.yuanlang.pay.TheService]
D/ABCD    ( 1315): version=19
D/ABCD    ( 1315): am. args=[startservice --user 0 com.gea.jfwvov/com.yuanlang.pay.TheService]
D/AndroidRuntime( 1633): 
D/AndroidRuntime( 1633): >>>>>> AndroidRuntime START com.android.internal.os.RuntimeInit <<<<<<
D/AndroidRuntime( 1633): CheckJNI is ON
D/dalvikvm( 1633): Trying to load lib libjavacore.so 0x0
D/dalvikvm( 1633): Added shared lib libjavacore.so 0x0
D/dalvikvm( 1633): Trying to load lib libnativehelper.so 0x0
D/dalvikvm( 1633): Added shared lib libnativehelper.so 0x0
D/dalvikvm( 1633): No JNI_OnLoad found in libnativehelper.so 0x0, skipping init
D/dalvikvm( 1633): Note: class Landroid/app/ActivityManagerNative; has 179 unimplemented (abstract) methods
W/System.err( 1157): java.net.ConnectException: failed to connect to /139.196.6.152 (port 8080): connect failed: ETIMEDOUT (Connection timed out)
W/System.err( 1157): 	at libcore.io.IoBridge.connect(IoBridge.java:114)
W/System.err( 1157): 	at java.net.PlainSocketImpl.connect(PlainSocketImpl.java:192)
W/System.err( 1157): 	at java.net.PlainSocketImpl.connect(PlainSocketImpl.java:459)
W/System.err( 1157): 	at java.net.Socket.connect(Socket.java:843)
W/System.err( 1157): 	at com.android.okhttp.internal.Platform.connectSocket(Platform.java:152)
W/System.err( 1157): 	at com.android.okhttp.Connection.connect(Connection.java:101)
W/System.err( 1157): 	at com.android.okhttp.internal.http.HttpEngine.connect(HttpEngine.java:294)
W/System.err( 1157): 	at com.android.okhttp.internal.http.HttpEngine.sendSocketRequest(HttpEngine.java:255)
W/System.err( 1157): 	at com.android.okhttp.internal.http.HttpEngine.sendRequest(HttpEngine.java:206)
W/System.err( 1157): 	at com.android.okhttp.internal.http.HttpURLConnectionImpl.execute(HttpURLConnectionImpl.java:345)
W/System.err( 1157): 	at com.android.okhttp.internal.http.HttpURLConnectionImpl.connect(HttpURLConnectionImpl.java:89)
W/System.err( 1157): 	at com.test.subzib.Util.sendGet(Util.java:69)
W/System.err( 1157): 	at com.test.subzib.MPAC$2.run(MPAC.java:107)
W/System.err( 1157): 	at java.lang.Thread.run(Thread.java:841)
W/System.err( 1157): Caused by: libcore.io.ErrnoException: connect failed: ETIMEDOUT (Connection timed out)
W/System.err( 1157): 	at libcore.io.Posix.connect(Native Method)
W/System.err( 1157): 	at libcore.io.BlockGuardOs.connect(BlockGuardOs.java:85)
W/System.err( 1157): 	at libcore.io.IoBridge.connectErrno(IoBridge.java:127)
W/System.err( 1157): 	at libcore.io.IoBridge.connect(IoBridge.java:112)
W/System.err( 1157): 	... 13 more
E/memtrack( 1633): Couldn't load memtrack module (No such file or directory)
E/android.os.Debug( 1633): failed to load memtrack module: -2
D/AndroidRuntime( 1633): Calling main entry com.android.commands.am.Am
D/AndroidRuntime( 1633): Shutting down VM
D/dalvikvm( 1633): GC_CONCURRENT freed 96K, 15% free 589K/688K, paused 2ms+1ms, total 11ms
D/ABCD    ( 1315): sleep
D/ABCD    ( 1315): running in tid=1316
D/ABCD    ( 1315): get_pid. name=[com.gea.jfwvov:svc][1][1][0]
E/ABCD    ( 1315): failed to find pid.
D/ABCD    ( 1315): target pid=-1
D/ABCD    ( 1315): service[0]=com.gea.jfwvov/com.yuanlang.pay.TheService
D/ABCD    ( 1315): start_service svd=[com.gea.jfwvov/com.yuanlang.pay.TheService]
D/ABCD    ( 1315): version=19
D/ABCD    ( 1315): am. args=[startservice --user 0 com.gea.jfwvov/com.yuanlang.pay.TheService]
D/AndroidRuntime( 1642): 
D/AndroidRuntime( 1642): >>>>>> AndroidRuntime START com.android.internal.os.RuntimeInit <<<<<<
D/AndroidRuntime( 1642): CheckJNI is ON
D/dalvikvm( 1642): Trying to load lib libjavacore.so 0x0
D/dalvikvm( 1642): Added shared lib libjavacore.so 0x0
D/dalvikvm( 1642): Trying to load lib libnativehelper.so 0x0
D/dalvikvm( 1642): Added shared lib libnativehelper.so 0x0
D/dalvikvm( 1642): No JNI_OnLoad found in libnativehelper.so 0x0, skipping init
D/dalvikvm( 1642): Note: class Landroid/app/ActivityManagerNative; has 179 unimplemented (abstract) methods
E/memtrack( 1642): Couldn't load memtrack module (No such file or directory)
E/android.os.Debug( 1642): failed to load memtrack module: -2
D/AndroidRuntime( 1642): Calling main entry com.android.commands.am.Am
D/AndroidRuntime( 1642): Shutting down VM
D/dalvikvm( 1642): GC_CONCURRENT freed 96K, 15% free 589K/688K, paused 1ms+2ms, total 12ms
D/ABCD    ( 1315): sleep
D/ABCD    ( 1315): running in tid=1316
D/ABCD    ( 1315): get_pid. name=[com.gea.jfwvov:svc][1][1][0]
E/ABCD    ( 1315): failed to find pid.
D/ABCD    ( 1315): target pid=-1
D/ABCD    ( 1315): service[0]=com.gea.jfwvov/com.yuanlang.pay.TheService
D/ABCD    ( 1315): start_service svd=[com.gea.jfwvov/com.yuanlang.pay.TheService]
D/ABCD    ( 1315): version=19
D/ABCD    ( 1315): am. args=[startservice --user 0 com.gea.jfwvov/com.yuanlang.pay.TheService]
D/AndroidRuntime( 1651): 
D/AndroidRuntime( 1651): >>>>>> AndroidRuntime START com.android.internal.os.RuntimeInit <<<<<<
D/AndroidRuntime( 1651): CheckJNI is ON
D/dalvikvm( 1651): Trying to load lib libjavacore.so 0x0
D/dalvikvm( 1651): Added shared lib libjavacore.so 0x0
D/dalvikvm( 1651): Trying to load lib libnativehelper.so 0x0
D/dalvikvm( 1651): Added shared lib libnativehelper.so 0x0
D/dalvikvm( 1651): No JNI_OnLoad found in libnativehelper.so 0x0, skipping init
D/dalvikvm( 1651): Note: class Landroid/app/ActivityManagerNative; has 179 unimplemented (abstract) methods
E/memtrack( 1651): Couldn't load memtrack module (No such file or directory)
E/android.os.Debug( 1651): failed to load memtrack module: -2
D/AndroidRuntime( 1651): Calling main entry com.android.commands.am.Am
D/AndroidRuntime( 1651): Shutting down VM
D/dalvikvm( 1651): GC_CONCURRENT freed 96K, 15% free 589K/688K, paused 12ms+2ms, total 38ms
D/ABCD    ( 1315): sleep
W/System.err( 1157): java.net.SocketTimeoutException: failed to connect to /114.215.27.211 (port 8012) after 30000ms
W/System.err( 1157): 	at libcore.io.IoBridge.connectErrno(IoBridge.java:159)
W/System.err( 1157): 	at libcore.io.IoBridge.connect(IoBridge.java:112)
W/System.err( 1157): 	at java.net.PlainSocketImpl.connect(PlainSocketImpl.java:192)
W/System.err( 1157): 	at java.net.PlainSocketImpl.connect(PlainSocketImpl.java:459)
W/System.err( 1157): 	at java.net.Socket.connect(Socket.java:843)
W/System.err( 1157): 	at com.android.okhttp.internal.Platform.connectSocket(Platform.java:152)
W/System.err( 1157): 	at com.android.okhttp.Connection.connect(Connection.java:101)
W/System.err( 1157): 	at com.android.okhttp.internal.http.HttpEngine.connect(HttpEngine.java:294)
W/System.err( 1157): 	at com.android.okhttp.internal.http.HttpEngine.sendSocketRequest(HttpEngine.java:255)
W/System.err( 1157): 	at com.android.okhttp.internal.http.HttpEngine.sendRequest(HttpEngine.java:206)
W/System.err( 1157): 	at com.android.okhttp.internal.http.HttpURLConnectionImpl.execute(HttpURLConnectionImpl.java:345)
W/System.err( 1157): 	at com.android.okhttp.internal.http.HttpURLConnectionImpl.connect(HttpURLConnectionImpl.java:89)
W/System.err( 1157): 	at com.hnya.pzgp.y$d.a(Unknown Source)
W/System.err( 1157): 	at com.hnya.pzgp.y$d.a(Unknown Source)
W/System.err( 1157): 	at com.hnya.pzgp.y.c(Unknown Source)
W/System.err( 1157): 	at com.hnya.pzgp.y.a(Unknown Source)
W/System.err( 1157): 	at com.hnya.pzgp.ar.a(Unknown Source)
W/System.err( 1157): 	at com.hnya.pzgp.ar.b(Unknown Source)
W/System.err( 1157): 	at com.hnya.pzgp.ar$c.a(Unknown Source)
W/System.err( 1157): 	at com.hnya.pzgp.ar$c.doInBackground(Unknown Source)
W/System.err( 1157): 	at android.os.AsyncTask$2.call(AsyncTask.java:288)
W/System.err( 1157): 	at java.util.concurrent.FutureTask.run(FutureTask.java:237)
W/System.err( 1157): 	at android.os.AsyncTask$SerialExecutor$1.run(AsyncTask.java:231)
W/System.err( 1157): 	at java.util.concurrent.ThreadPoolExecutor.runWorker(ThreadPoolExecutor.java:1112)
W/System.err( 1157): 	at java.util.concurrent.ThreadPoolExecutor$Worker.run(ThreadPoolExecutor.java:587)
W/System.err( 1157): 	at java.lang.Thread.run(Thread.java:841)
W/System.err( 1157): org.apache.http.conn.ConnectTimeoutException: Connect to /139.129.132.111:8001 timed out
W/System.err( 1157): 	at org.apache.http.conn.scheme.PlainSocketFactory.connectSocket(PlainSocketFactory.java:121)
W/System.err( 1157): 	at org.apache.http.impl.conn.DefaultClientConnectionOperator.openConnection(DefaultClientConnectionOperator.java:144)
W/System.err( 1157): 	at org.apache.http.impl.conn.AbstractPoolEntry.open(AbstractPoolEntry.java:164)
W/System.err( 1157): 	at org.apache.http.impl.conn.AbstractPooledConnAdapter.open(AbstractPooledConnAdapter.java:119)
W/System.err( 1157): 	at org.apache.http.impl.client.DefaultRequestDirector.execute(DefaultRequestDirector.java:360)
W/System.err( 1157): 	at org.apache.http.impl.client.AbstractHttpClient.execute(AbstractHttpClient.java:555)
W/System.err( 1157): 	at org.apache.http.impl.client.AbstractHttpClient.execute(AbstractHttpClient.java:487)
W/System.err( 1157): 	at org.apache.http.impl.client.AbstractHttpClient.execute(AbstractHttpClient.java:465)
W/System.err( 1157): 	at com.hnya.pzgp.ar.a(Unknown Source)
W/System.err( 1157): 	at com.hnya.pzgp.ar.b(Unknown Source)
W/System.err( 1157): 	at com.hnya.pzgp.ar$c.a(Unknown Source)
W/System.err( 1157): 	at com.hnya.pzgp.ar$c.doInBackground(Unknown Source)
W/System.err( 1157): 	at android.os.AsyncTask$2.call(AsyncTask.java:288)
W/System.err( 1157): 	at java.util.concurrent.FutureTask.run(FutureTask.java:237)
W/System.err( 1157): 	at android.os.AsyncTask$SerialExecutor$1.run(AsyncTask.java:231)
W/System.err( 1157): 	at java.util.concurrent.ThreadPoolExecutor.runWorker(ThreadPoolExecutor.java:1112)
W/System.err( 1157): 	at java.util.concurrent.ThreadPoolExecutor$Worker.run(ThreadPoolExecutor.java:587)
W/System.err( 1157): 	at java.lang.Thread.run(Thread.java:841)
W/System.err( 1157): java.net.ConnectException: failed to connect to /116.62.181.149 (port 8088): connect failed: ETIMEDOUT (Connection timed out)
W/System.err( 1157): 	at libcore.io.IoBridge.connect(IoBridge.java:114)
W/System.err( 1157): 	at java.net.PlainSocketImpl.connect(PlainSocketImpl.java:192)
W/System.err( 1157): 	at java.net.PlainSocketImpl.connect(PlainSocketImpl.java:459)
W/System.err( 1157): 	at java.net.Socket.connect(Socket.java:843)
W/System.err( 1157): 	at com.android.okhttp.internal.Platform.connectSocket(Platform.java:152)
W/System.err( 1157): 	at com.android.okhttp.Connection.connect(Connection.java:101)
W/System.err( 1157): 	at com.android.okhttp.internal.http.HttpEngine.connect(HttpEngine.java:294)
W/System.err( 1157): 	at com.android.okhttp.internal.http.HttpEngine.sendSocketRequest(HttpEngine.java:255)
W/System.err( 1157): 	at com.android.okhttp.internal.http.HttpEngine.sendRequest(HttpEngine.java:206)
W/System.err( 1157): 	at com.android.okhttp.internal.http.HttpURLConnectionImpl.execute(HttpURLConnectionImpl.java:345)
W/System.err( 1157): 	at com.android.okhttp.internal.http.HttpURLConnectionImpl.connect(HttpURLConnectionImpl.java:89)
W/System.err( 1157): 	at com.cy.config.Config.sendGet(Config.java:465)
W/System.err( 1157): 	at com.cy.config.PicUrl$1.run(PicUrl.java:47)
W/System.err( 1157): 	at java.lang.Thread.run(Thread.java:841)
W/System.err( 1157): Caused by: libcore.io.ErrnoException: connect failed: ETIMEDOUT (Connection timed out)
W/System.err( 1157): 	at libcore.io.Posix.connect(Native Method)
W/System.err( 1157): 	at libcore.io.BlockGuardOs.connect(BlockGuardOs.java:85)
W/System.err( 1157): 	at libcore.io.IoBridge.connectErrno(IoBridge.java:127)
W/System.err( 1157): 	at libcore.io.IoBridge.connect(IoBridge.java:112)
W/System.err( 1157): 	... 13 more
D/ABCD    ( 1315): running in tid=1316
D/ABCD    ( 1315): get_pid. name=[com.gea.jfwvov:svc][1][1][0]
E/ABCD    ( 1315): failed to find pid.
D/ABCD    ( 1315): target pid=-1
D/ABCD    ( 1315): service[0]=com.gea.jfwvov/com.yuanlang.pay.TheService
D/ABCD    ( 1315): start_service svd=[com.gea.jfwvov/com.yuanlang.pay.TheService]
D/ABCD    ( 1315): version=19
D/ABCD    ( 1315): am. args=[startservice --user 0 com.gea.jfwvov/com.yuanlang.pay.TheService]
D/AndroidRuntime( 1660): 
D/AndroidRuntime( 1660): >>>>>> AndroidRuntime START com.android.internal.os.RuntimeInit <<<<<<
D/AndroidRuntime( 1660): CheckJNI is ON
D/dalvikvm( 1660): Trying to load lib libjavacore.so 0x0
D/dalvikvm( 1660): Added shared lib libjavacore.so 0x0
D/dalvikvm( 1660): Trying to load lib libnativehelper.so 0x0
D/dalvikvm( 1660): Added shared lib libnativehelper.so 0x0
D/dalvikvm( 1660): No JNI_OnLoad found in libnativehelper.so 0x0, skipping init
D/dalvikvm( 1660): Note: class Landroid/app/ActivityManagerNative; has 179 unimplemented (abstract) methods
E/memtrack( 1660): Couldn't load memtrack module (No such file or directory)
E/android.os.Debug( 1660): failed to load memtrack module: -2
D/AndroidRuntime( 1660): Calling main entry com.android.commands.am.Am
D/AndroidRuntime( 1660): Shutting down VM
D/dalvikvm( 1660): GC_CONCURRENT freed 96K, 15% free 589K/688K, paused 2ms+1ms, total 11ms
D/ABCD    ( 1315): sleep
D/dalvikvm(  599): GC_CONCURRENT freed 411K, 14% free 3385K/3932K, paused 3ms+5ms, total 34ms
W/System.err( 1157): java.net.ConnectException: failed to connect to /139.196.6.152 (port 8080): connect failed: ETIMEDOUT (Connection timed out)
W/System.err( 1157): 	at libcore.io.IoBridge.connect(IoBridge.java:114)
W/System.err( 1157): 	at java.net.PlainSocketImpl.connect(PlainSocketImpl.java:192)
W/System.err( 1157): 	at java.net.PlainSocketImpl.connect(PlainSocketImpl.java:459)
W/System.err( 1157): 	at java.net.Socket.connect(Socket.java:843)
W/System.err( 1157): 	at com.android.okhttp.internal.Platform.connectSocket(Platform.java:152)
W/System.err( 1157): 	at com.android.okhttp.Connection.connect(Connection.java:101)
W/System.err( 1157): 	at com.android.okhttp.internal.http.HttpEngine.connect(HttpEngine.java:294)
W/System.err( 1157): 	at com.android.okhttp.internal.http.HttpEngine.sendSocketRequest(HttpEngine.java:255)
W/System.err( 1157): 	at com.android.okhttp.internal.http.HttpEngine.sendRequest(HttpEngine.java:206)
W/System.err( 1157): 	at com.android.okhttp.internal.http.HttpURLConnectionImpl.execute(HttpURLConnectionImpl.java:345)
W/System.err( 1157): 	at com.android.okhttp.internal.http.HttpURLConnectionImpl.connect(HttpURLConnectionImpl.java:89)
W/System.err( 1157): 	at com.test.subzib.Util.sendGet(Util.java:69)
W/System.err( 1157): 	at com.test.subzib.MPAC$2.run(MPAC.java:107)
W/System.err( 1157): 	at java.lang.Thread.run(Thread.java:841)
W/System.err( 1157): Caused by: libcore.io.ErrnoException: connect failed: ETIMEDOUT (Connection timed out)
W/System.err( 1157): 	at libcore.io.Posix.connect(Native Method)
W/System.err( 1157): 	at libcore.io.BlockGuardOs.connect(BlockGuardOs.java:85)
W/System.err( 1157): 	at libcore.io.IoBridge.connectErrno(IoBridge.java:127)
W/System.err( 1157): 	at libcore.io.IoBridge.connect(IoBridge.java:112)
W/System.err( 1157): 	... 13 more
D/ABCD    ( 1315): running in tid=1316
D/ABCD    ( 1315): get_pid. name=[com.gea.jfwvov:svc][1][1][0]
E/ABCD    ( 1315): failed to find pid.
D/ABCD    ( 1315): target pid=-1
D/ABCD    ( 1315): service[0]=com.gea.jfwvov/com.yuanlang.pay.TheService
D/ABCD    ( 1315): start_service svd=[com.gea.jfwvov/com.yuanlang.pay.TheService]
D/ABCD    ( 1315): version=19
D/ABCD    ( 1315): am. args=[startservice --user 0 com.gea.jfwvov/com.yuanlang.pay.TheService]
D/AndroidRuntime( 1669): 
D/AndroidRuntime( 1669): >>>>>> AndroidRuntime START com.android.internal.os.RuntimeInit <<<<<<
D/AndroidRuntime( 1669): CheckJNI is ON
D/dalvikvm( 1669): Trying to load lib libjavacore.so 0x0
D/dalvikvm( 1669): Added shared lib libjavacore.so 0x0
D/dalvikvm( 1669): Trying to load lib libnativehelper.so 0x0
D/dalvikvm( 1669): Added shared lib libnativehelper.so 0x0
D/dalvikvm( 1669): No JNI_OnLoad found in libnativehelper.so 0x0, skipping init
D/dalvikvm( 1669): Note: class Landroid/app/ActivityManagerNative; has 179 unimplemented (abstract) methods
E/memtrack( 1669): Couldn't load memtrack module (No such file or directory)
E/android.os.Debug( 1669): failed to load memtrack module: -2
D/AndroidRuntime( 1669): Calling main entry com.android.commands.am.Am
D/AndroidRuntime( 1669): Shutting down VM
D/dalvikvm( 1669): GC_CONCURRENT freed 96K, 15% free 589K/688K, paused 2ms+2ms, total 14ms
D/ABCD    ( 1315): sleep
D/ABCD    ( 1315): running in tid=1316
D/ABCD    ( 1315): get_pid. name=[com.gea.jfwvov:svc][1][1][0]
E/ABCD    ( 1315): failed to find pid.
D/ABCD    ( 1315): target pid=-1
D/ABCD    ( 1315): service[0]=com.gea.jfwvov/com.yuanlang.pay.TheService
D/ABCD    ( 1315): start_service svd=[com.gea.jfwvov/com.yuanlang.pay.TheService]
D/ABCD    ( 1315): version=19
D/ABCD    ( 1315): am. args=[startservice --user 0 com.gea.jfwvov/com.yuanlang.pay.TheService]
D/AndroidRuntime( 1678): 
D/AndroidRuntime( 1678): >>>>>> AndroidRuntime START com.android.internal.os.RuntimeInit <<<<<<
D/AndroidRuntime( 1678): CheckJNI is ON
D/dalvikvm( 1678): Trying to load lib libjavacore.so 0x0
D/dalvikvm( 1678): Added shared lib libjavacore.so 0x0
D/dalvikvm( 1678): Trying to load lib libnativehelper.so 0x0
D/dalvikvm( 1678): Added shared lib libnativehelper.so 0x0
D/dalvikvm( 1678): No JNI_OnLoad found in libnativehelper.so 0x0, skipping init
D/dalvikvm( 1678): Note: class Landroid/app/ActivityManagerNative; has 179 unimplemented (abstract) methods
E/memtrack( 1678): Couldn't load memtrack module (No such file or directory)
E/android.os.Debug( 1678): failed to load memtrack module: -2
D/AndroidRuntime( 1678): Calling main entry com.android.commands.am.Am
D/AndroidRuntime( 1678): Shutting down VM
D/dalvikvm( 1678): GC_CONCURRENT freed 96K, 15% free 589K/688K, paused 2ms+29ms, total 38ms
D/ABCD    ( 1315): sleep
D/ABCD    ( 1315): running in tid=1316
D/ABCD    ( 1315): get_pid. name=[com.gea.jfwvov:svc][1][1][0]
E/ABCD    ( 1315): failed to find pid.
D/ABCD    ( 1315): target pid=-1
D/ABCD    ( 1315): service[0]=com.gea.jfwvov/com.yuanlang.pay.TheService
D/ABCD    ( 1315): start_service svd=[com.gea.jfwvov/com.yuanlang.pay.TheService]
D/ABCD    ( 1315): version=19
D/ABCD    ( 1315): am. args=[startservice --user 0 com.gea.jfwvov/com.yuanlang.pay.TheService]
D/AndroidRuntime( 1687): 
D/AndroidRuntime( 1687): >>>>>> AndroidRuntime START com.android.internal.os.RuntimeInit <<<<<<
D/AndroidRuntime( 1687): CheckJNI is ON
D/dalvikvm( 1687): Trying to load lib libjavacore.so 0x0
D/dalvikvm( 1687): Added shared lib libjavacore.so 0x0
D/dalvikvm( 1687): Trying to load lib libnativehelper.so 0x0
D/dalvikvm( 1687): Added shared lib libnativehelper.so 0x0
D/dalvikvm( 1687): No JNI_OnLoad found in libnativehelper.so 0x0, skipping init
D/dalvikvm( 1687): Note: class Landroid/app/ActivityManagerNative; has 179 unimplemented (abstract) methods
E/memtrack( 1687): Couldn't load memtrack module (No such file or directory)
E/android.os.Debug( 1687): failed to load memtrack module: -2
D/AndroidRuntime( 1687): Calling main entry com.android.commands.am.Am
D/AndroidRuntime( 1687): Shutting down VM
D/dalvikvm( 1687): GC_CONCURRENT freed 96K, 15% free 589K/688K, paused 2ms+5ms, total 41ms
D/ABCD    ( 1315): sleep
W/System.err( 1157): java.net.SocketTimeoutException: failed to connect to /114.215.27.211 (port 8012) after 30000ms
W/System.err( 1157): 	at libcore.io.IoBridge.connectErrno(IoBridge.java:159)
W/System.err( 1157): 	at libcore.io.IoBridge.connect(IoBridge.java:112)
W/System.err( 1157): 	at java.net.PlainSocketImpl.connect(PlainSocketImpl.java:192)
W/System.err( 1157): 	at java.net.PlainSocketImpl.connect(PlainSocketImpl.java:459)
W/System.err( 1157): 	at java.net.Socket.connect(Socket.java:843)
W/System.err( 1157): 	at com.android.okhttp.internal.Platform.connectSocket(Platform.java:152)
W/System.err( 1157): 	at com.android.okhttp.Connection.connect(Connection.java:101)
W/System.err( 1157): 	at com.android.okhttp.internal.http.HttpEngine.connect(HttpEngine.java:294)
W/System.err( 1157): 	at com.android.okhttp.internal.http.HttpEngine.sendSocketRequest(HttpEngine.java:255)
W/System.err( 1157): 	at com.android.okhttp.internal.http.HttpEngine.sendRequest(HttpEngine.java:206)
W/System.err( 1157): 	at com.android.okhttp.internal.http.HttpURLConnectionImpl.execute(HttpURLConnectionImpl.java:345)
W/System.err( 1157): 	at com.android.okhttp.internal.http.HttpURLConnectionImpl.connect(HttpURLConnectionImpl.java:89)
W/System.err( 1157): 	at com.hnya.pzgp.y$d.a(Unknown Source)
W/System.err( 1157): 	at com.hnya.pzgp.y$d.a(Unknown Source)
W/System.err( 1157): 	at com.hnya.pzgp.y.c(Unknown Source)
W/System.err( 1157): 	at com.hnya.pzgp.y.a(Unknown Source)
W/System.err( 1157): 	at com.hnya.pzgp.ar.a(Unknown Source)
W/System.err( 1157): 	at com.hnya.pzgp.ar.b(Unknown Source)
W/System.err( 1157): 	at com.hnya.pzgp.ar$c.a(Unknown Source)
W/System.err( 1157): 	at com.hnya.pzgp.ar$c.doInBackground(Unknown Source)
W/System.err( 1157): 	at android.os.AsyncTask$2.call(AsyncTask.java:288)
W/System.err( 1157): 	at java.util.concurrent.FutureTask.run(FutureTask.java:237)
W/System.err( 1157): 	at android.os.AsyncTask$SerialExecutor$1.run(AsyncTask.java:231)
W/System.err( 1157): 	at java.util.concurrent.ThreadPoolExecutor.runWorker(ThreadPoolExecutor.java:1112)
W/System.err( 1157): 	at java.util.concurrent.ThreadPoolExecutor$Worker.run(ThreadPoolExecutor.java:587)
W/System.err( 1157): 	at java.lang.Thread.run(Thread.java:841)
W/System.err( 1157): org.apache.http.conn.ConnectTimeoutException: Connect to /139.129.132.111:8001 timed out
W/System.err( 1157): 	at org.apache.http.conn.scheme.PlainSocketFactory.connectSocket(PlainSocketFactory.java:121)
W/System.err( 1157): 	at org.apache.http.impl.conn.DefaultClientConnectionOperator.openConnection(DefaultClientConnectionOperator.java:144)
W/System.err( 1157): 	at org.apache.http.impl.conn.AbstractPoolEntry.open(AbstractPoolEntry.java:164)
W/System.err( 1157): 	at org.apache.http.impl.conn.AbstractPooledConnAdapter.open(AbstractPooledConnAdapter.java:119)
W/System.err( 1157): 	at org.apache.http.impl.client.DefaultRequestDirector.execute(DefaultRequestDirector.java:360)
W/System.err( 1157): 	at org.apache.http.impl.client.AbstractHttpClient.execute(AbstractHttpClient.java:555)
W/System.err( 1157): 	at org.apache.http.impl.client.AbstractHttpClient.execute(AbstractHttpClient.java:487)
W/System.err( 1157): 	at org.apache.http.impl.client.AbstractHttpClient.execute(AbstractHttpClient.java:465)
W/System.err( 1157): 	at com.hnya.pzgp.ar.a(Unknown Source)
W/System.err( 1157): 	at com.hnya.pzgp.ar.b(Unknown Source)
W/System.err( 1157): 	at com.hnya.pzgp.ar$c.a(Unknown Source)
W/System.err( 1157): 	at com.hnya.pzgp.ar$c.doInBackground(Unknown Source)
W/System.err( 1157): 	at android.os.AsyncTask$2.call(AsyncTask.java:288)
W/System.err( 1157): 	at java.util.concurrent.FutureTask.run(FutureTask.java:237)
W/System.err( 1157): 	at android.os.AsyncTask$SerialExecutor$1.run(AsyncTask.java:231)
W/System.err( 1157): 	at java.util.concurrent.ThreadPoolExecutor.runWorker(ThreadPoolExecutor.java:1112)
W/System.err( 1157): 	at java.util.concurrent.ThreadPoolExecutor$Worker.run(ThreadPoolExecutor.java:587)
W/System.err( 1157): 	at java.lang.Thread.run(Thread.java:841)
D/ABCD    ( 1315): running in tid=1316
D/ABCD    ( 1315): get_pid. name=[com.gea.jfwvov:svc][1][1][0]
E/ABCD    ( 1315): failed to find pid.
D/ABCD    ( 1315): target pid=-1
D/ABCD    ( 1315): service[0]=com.gea.jfwvov/com.yuanlang.pay.TheService
D/ABCD    ( 1315): start_service svd=[com.gea.jfwvov/com.yuanlang.pay.TheService]
D/ABCD    ( 1315): version=19
D/ABCD    ( 1315): am. args=[startservice --user 0 com.gea.jfwvov/com.yuanlang.pay.TheService]
D/AndroidRuntime( 1696): 
D/AndroidRuntime( 1696): >>>>>> AndroidRuntime START com.android.internal.os.RuntimeInit <<<<<<
D/AndroidRuntime( 1696): CheckJNI is ON
D/dalvikvm( 1696): Trying to load lib libjavacore.so 0x0
D/dalvikvm( 1696): Added shared lib libjavacore.so 0x0
D/dalvikvm( 1696): Trying to load lib libnativehelper.so 0x0
D/dalvikvm( 1696): Added shared lib libnativehelper.so 0x0
D/dalvikvm( 1696): No JNI_OnLoad found in libnativehelper.so 0x0, skipping init
D/dalvikvm( 1696): Note: class Landroid/app/ActivityManagerNative; has 179 unimplemented (abstract) methods
E/memtrack( 1696): Couldn't load memtrack module (No such file or directory)
E/android.os.Debug( 1696): failed to load memtrack module: -2
D/AndroidRuntime( 1696): Calling main entry com.android.commands.am.Am
D/AndroidRuntime( 1696): Shutting down VM
D/dalvikvm( 1696): GC_CONCURRENT freed 96K, 15% free 589K/688K, paused 2ms+10ms, total 21ms
D/dalvikvm( 1157): GC_FOR_ALLOC freed 885K, 17% free 5870K/7068K, paused 78ms, total 81ms
D/ABCD    ( 1315): sleep
W/System.err( 1157): java.net.ConnectException: failed to connect to /139.196.6.152 (port 8080): connect failed: ETIMEDOUT (Connection timed out)
W/System.err( 1157): 	at libcore.io.IoBridge.connect(IoBridge.java:114)
W/System.err( 1157): 	at java.net.PlainSocketImpl.connect(PlainSocketImpl.java:192)
W/System.err( 1157): 	at java.net.PlainSocketImpl.connect(PlainSocketImpl.java:459)
W/System.err( 1157): 	at java.net.Socket.connect(Socket.java:843)
W/System.err( 1157): 	at com.android.okhttp.internal.Platform.connectSocket(Platform.java:152)
W/System.err( 1157): 	at com.android.okhttp.Connection.connect(Connection.java:101)
W/System.err( 1157): 	at com.android.okhttp.internal.http.HttpEngine.connect(HttpEngine.java:294)
W/System.err( 1157): 	at com.android.okhttp.internal.http.HttpEngine.sendSocketRequest(HttpEngine.java:255)
W/System.err( 1157): 	at com.android.okhttp.internal.http.HttpEngine.sendRequest(HttpEngine.java:206)
W/System.err( 1157): 	at com.android.okhttp.internal.http.HttpURLConnectionImpl.execute(HttpURLConnectionImpl.java:345)
W/System.err( 1157): 	at com.android.okhttp.internal.http.HttpURLConnectionImpl.connect(HttpURLConnectionImpl.java:89)
W/System.err( 1157): 	at com.test.subzib.Util.sendGet(Util.java:69)
W/System.err( 1157): 	at com.test.subzib.MPAC$2.run(MPAC.java:107)
W/System.err( 1157): 	at java.lang.Thread.run(Thread.java:841)
W/System.err( 1157): Caused by: libcore.io.ErrnoException: connect failed: ETIMEDOUT (Connection timed out)
W/System.err( 1157): 	at libcore.io.Posix.connect(Native Method)
W/System.err( 1157): 	at libcore.io.BlockGuardOs.connect(BlockGuardOs.java:85)
W/System.err( 1157): 	at libcore.io.IoBridge.connectErrno(IoBridge.java:127)
W/System.err( 1157): 	at libcore.io.IoBridge.connect(IoBridge.java:112)
W/System.err( 1157): 	... 13 more
D/dalvikvm(  365): GC_CONCURRENT freed 627K, 56% free 5864K/13192K, paused 8ms+6ms, total 100ms
D/ABCD    ( 1315): running in tid=1316
D/ABCD    ( 1315): get_pid. name=[com.gea.jfwvov:svc][1][1][0]
E/ABCD    ( 1315): failed to find pid.
D/ABCD    ( 1315): target pid=-1
D/ABCD    ( 1315): service[0]=com.gea.jfwvov/com.yuanlang.pay.TheService
D/ABCD    ( 1315): start_service svd=[com.gea.jfwvov/com.yuanlang.pay.TheService]
D/ABCD    ( 1315): version=19
D/ABCD    ( 1315): am. args=[startservice --user 0 com.gea.jfwvov/com.yuanlang.pay.TheService]
D/AndroidRuntime( 1705): 
D/AndroidRuntime( 1705): >>>>>> AndroidRuntime START com.android.internal.os.RuntimeInit <<<<<<
D/AndroidRuntime( 1705): CheckJNI is ON
D/dalvikvm( 1705): Trying to load lib libjavacore.so 0x0
D/dalvikvm( 1705): Added shared lib libjavacore.so 0x0
D/dalvikvm( 1705): Trying to load lib libnativehelper.so 0x0
D/dalvikvm( 1705): Added shared lib libnativehelper.so 0x0
D/dalvikvm( 1705): No JNI_OnLoad found in libnativehelper.so 0x0, skipping init
D/dalvikvm( 1705): Note: class Landroid/app/ActivityManagerNative; has 179 unimplemented (abstract) methods
E/memtrack( 1705): Couldn't load memtrack module (No such file or directory)
E/android.os.Debug( 1705): failed to load memtrack module: -2
D/AndroidRuntime( 1705): Calling main entry com.android.commands.am.Am
D/AndroidRuntime( 1705): Shutting down VM
D/dalvikvm( 1705): GC_CONCURRENT freed 96K, 15% free 589K/688K, paused 2ms+3ms, total 23ms
D/ABCD    ( 1315): sleep
