W/System.err( 1329): 	at org.apache.http.impl.conn.DefaultClientConnectionOperator.openConnection(DefaultClientConnectionOperator.java:144)
W/System.err( 1329): 	... 13 more
W/System.err( 1329): Caused by: libcore.io.ErrnoException: isConnected failed: ECONNREFUSED (Connection refused)
W/System.err( 1329): 	at libcore.io.IoBridge.isConnected(IoBridge.java:208)
W/System.err( 1329): 	... 20 more
W/System.err( 1329): org.apache.http.conn.HttpHostConnectException: Connection to http://www.huangdaobook.com refused
W/System.err( 1329): 	at org.apache.http.impl.conn.DefaultClientConnectionOperator.openConnection(DefaultClientConnectionOperator.java:183)
W/System.err( 1329): 	at org.apache.http.impl.conn.AbstractPoolEntry.open(AbstractPoolEntry.java:164)	at libcore.io.IoBridge.connectErrno(IoBridge.java:161)
W/System.err( 1329): 	at libcore.io.IoBridge.connect(IoBridge.java:112)
W/System.err( 1329): 	at java.net.PlainSocketImpl.connect(PlainSocketImpl.java:192)
W/System.err( 1329): 	at java.net.PlainSocketImpl.connect(PlainSocketImpl.java:459)
W/System.err( 1329): 	at java.net.Socket.connect(Socket.java:843)
W/System.err( 1329): 	at org.apache.http.conn.scheme.PlainSocketFactory.connectSocket(PlainSocketFactory.java:119)
W/System.err( 1329): 	at org.apache.http.impl.conn.DefaultClientConnectionOperator.openConnection(DefaultClientConnectionOperator.java:144)
W/System.err( 1329): 	... 13 more
W/System.err( 1329): Caused by: libcore.io.ErrnoException: isConnected failed: ECONNREFUSED (Connection refused)
W/System.err( 1329): 	at libcore.io.IoBridge.isConnected(IoBridge.java:208)
W/System.err( 1329): 	... 20 more
W/System.err( 1329): 	at org.apache.http.impl.conn.AbstractPooledConnAdapter.open(AbstractPooledConnAdapter.java:119)
W/System.err( 1329): 	at org.apache.http.impl.client.DefaultRequestDirector.execute(DefaultRequestDirector.java:360)
W/System.err( 1329): 	at org.apache.http.impl.client.AbstractHttpClient.execute(AbstractHttpClient.java:555)
W/System.err( 1329): 	at org.apache.http.impl.client.AbstractHttpClient.execute(AbstractHttpClient.java:487)
W/System.err( 1329): 	at org.apache.http.impl.client.AbstractHttpClient.execute(AbstractHttpClient.java:465)
W/System.err( 1329): 	at com.t.c.b.i.a(Unknown Source)
W/System.err( 1329): 	at com.t.c.b.i.run(Unknown Source)
W/System.err( 1329): 	at java.util.concurrent.Executors$RunnableAdapter.call(Executors.java:422)
W/System.err( 1329): 	at java.util.concurrent.FutureTask.run(FutureTask.java:237)
W/System.err( 1329): 	at java.util.concurrent.ThreadPoolExecutor.runWorker(ThreadPoolExecutor.java:1112)
W/System.err( 1329): 	at java.util.concurrent.ThreadPoolExecutor$Worker.run(ThreadPoolExecutor.java:587)
W/System.err( 1329): 	at java.lang.Thread.run(Thread.java:841)
W/System.err( 1329): Caused by: java.net.ConnectException: failed to connect to /127.0.0.1 (port 80) after 40000ms: isConnected failed: ECONNREFUSED (Connection refused)
W/System.err( 1329): 	at libcore.io.IoBridge.isConnected(IoBridge.java:223)
W/System.err( 1329): 	at libcore.io.IoBridge.connectErrno(IoBridge.java:161)
W/System.err( 1329): 	at libcore.io.IoBridge.connect(IoBridge.java:112)
W/System.err( 1329): 	at java.net.PlainSocketImpl.connect(PlainSocketImpl.java:192)
W/System.err( 1329): 	at java.net.PlainSocketImpl.connect(PlainSocketImpl.java:459)
W/System.err( 1329): 	at java.net.Socket.connect(Socket.java:843)
W/System.err( 1329): org.apache.http.conn.HttpHostConnectException: Connection to http://www.huangdaobook.com refused
W/System.err( 1329): 	at org.apache.http.impl.conn.DefaultClientConnectionOperator.openConnection(DefaultClientConnectionOperator.java:183)
W/System.err( 1329): 	at org.apache.http.impl.conn.AbstractPoolEntry.open(AbstractPoolEntry.java:164)
W/System.err( 1329): 	at org.apache.http.impl.conn.AbstractPooledConnAdapter.open(AbstractPooledConnAdapter.java:119)
W/System.err( 1329): 	at org.apache.http.conn.scheme.PlainSocketFactory.connectSocket(PlainSocketFactory.java:119)
W/System.err( 1329): 	at org.apache.http.impl.conn.DefaultClientConnectionOperator.openConnection(DefaultClientConnectionOperator.java:144)
W/System.err( 1329): 	... 13 more
W/System.err( 1329): Caused by: libcore.io.ErrnoException: isConnected failed: ECONNREFUSED (Connection refused)
W/System.err( 1329): 	at libcore.io.IoBridge.isConnected(IoBridge.java:208)
W/System.err( 1329): 	... 20 more
W/System.err( 1329): org.apache.http.conn.HttpHostConnectException: Connection to http://www.huangdaobook.com refused
W/System.err( 1329): 	at org.apache.http.impl.conn.DefaultClientConnectionOperator.openConnection(DefaultClientConnectionOperator.java:183)
W/System.err( 1329): 	at org.apache.http.impl.conn.AbstractPoolEntry.open(AbstractPoolEntry.java:164)
W/System.err( 1329): 	at org.apache.http.impl.conn.AbstractPooledConnAdapter.open(AbstractPooledConnAdapter.java:119)
W/System.err( 1329): 	at org.apache.http.impl.client.DefaultRequestDirector.execute(DefaultRequestDirector.java:360)
W/System.err( 1329): 	at org.apache.http.impl.client.AbstractHttpClient.execute(AbstractHttpClient.java:555)
W/System.err( 1329): 	at org.apache.http.impl.client.AbstractHttpClient.execute(AbstractHttpClient.java:487)
W/System.err( 1329): 	at org.apache.http.impl.client.AbstractHttpClient.execute(AbstractHttpClient.java:465)
W/System.err( 1329): 	at org.apache.http.impl.client.DefaultRequestDirector.execute(DefaultRequestDirector.java:360)
W/System.err( 1329): 	at org.apache.http.impl.client.AbstractHttpClient.execute(AbstractHttpClient.java:555)
W/System.err( 1329): 	at org.apache.http.impl.client.AbstractHttpClient.execute(AbstractHttpClient.java:487)
W/System.err( 1329): 	at org.apache.http.impl.client.AbstractHttpClient.execute(AbstractHttpClient.java:465)
W/System.err( 1329): 	at com.t.c.b.i.a(Unknown Source)
W/System.err( 1329): 	at com.t.c.b.i.run(Unknown Source)
W/System.err( 1329): 	at java.util.concurrent.Executors$RunnableAdapter.call(Executors.java:422)
W/System.err( 1329): 	at java.util.concurrent.FutureTask.run(FutureTask.java:237)
W/System.err( 1329): 	at java.util.concurrent.ThreadPoolExecutor.runWorker(ThreadPoolExecutor.java:1112)
W/System.err( 1329): 	at java.util.concurrent.ThreadPoolExecutor$Worker.run(ThreadPoolExecutor.java:587)
W/System.err( 1329): 	at java.lang.Thread.run(Thread.java:841)
W/System.err( 1329): Caused by: java.net.ConnectException: failed to connect to /127.0.0.1 (port 80) after 40000ms: isConnected failed: ECONNREFUSED (Connection refused)
W/System.err( 1329): 	at com.t.c.b.i.a(Unknown Source)
W/System.err( 1329): 	at com.t.c.b.i.run(Unknown Source)
W/System.err( 1329): 	at java.util.concurrent.Executors$RunnableAdapter.call(Executors.java:422)
W/System.err( 1329): 	at java.util.concurrent.FutureTask.run(FutureTask.java:237)
W/System.err( 1329): 	at java.util.concurrent.ThreadPoolExecutor.runWorker(ThreadPoolExecutor.java:1112)
W/System.err( 1329): 	at java.util.concurrent.ThreadPoolExecutor$Worker.run(ThreadPoolExecutor.java:587)
W/System.err( 1329): 	at java.lang.Thread.run(Thread.java:841)
W/System.err( 1329): Caused by: java.net.ConnectException: failed to connect to /127.0.0.1 (port 80) after 40000ms: isConnected failed: ECONNREFUSED (Connection refused)
W/System.err( 1329): 	at libcore.io.IoBridge.isConnected(IoBridge.java:223)
W/System.err( 1329): 	at libcore.io.IoBridge.connectErrno(IoBridge.java:161)
W/System.err( 1329): 	at libcore.io.IoBridge.connect(IoBridge.java:112)
W/System.err( 1329): 	at java.net.PlainSocketImpl.connect(PlainSocketImpl.java:192)
W/System.err( 1329): 	at java.net.PlainSocketImpl.connect(PlainSocketImpl.java:459)
W/System.err( 1329): 	at java.net.Socket.connect(Socket.java:843)
W/System.err( 1329): 	at org.apache.http.conn.scheme.PlainSocketFactory.connectSocket(PlainSocketFactory.java:119)
W/System.err( 1329): 	at org.apache.http.impl.conn.DefaultClientConnectionOperator.openConnection(DefaultClientConnectionOperator.java:144)
W/System.err( 1329): 	at libcore.io.IoBridge.isConnected(IoBridge.java:223)
W/System.err( 1329): 	at libcore.io.IoBridge.connectErrno(IoBridge.java:161)
W/System.err( 1329): 	at libcore.io.IoBridge.connect(IoBridge.java:112)
W/System.err( 1329): 	at java.net.PlainSocketImpl.connect(PlainSocketImpl.java:192)
W/System.err( 1329): 	at java.net.PlainSocketImpl.connect(PlainSocketImpl.java:459)
W/System.err( 1329): 	at java.net.Socket.connect(Socket.java:843)
W/System.err( 1329): 	at org.apache.http.conn.scheme.PlainSocketFactory.connectSocket(PlainSocketFactory.java:119)
W/System.err( 1329): 	at org.apache.http.impl.conn.DefaultClientConnectionOperator.openConnection(DefaultClientConnectionOperator.java:144)
W/System.err( 1329): 	... 13 more
W/System.err( 1329): Caused by: libcore.io.ErrnoException: isConnected failed: ECONNREFUSED (Connection refused)
W/System.err( 1329): 	at libcore.io.IoBridge.isConnected(IoBridge.java:208)
W/System.err( 1329): 	... 20 more
W/System.err( 1329): 	... 13 more
W/System.err( 1329): Caused by: libcore.io.ErrnoException: isConnected failed: ECONNREFUSED (Connection refused)
W/System.err( 1329): 	at libcore.io.IoBridge.isConnected(IoBridge.java:208)
W/System.err( 1329): 	... 20 more
W/System.err( 1329): org.json.JSONException: No value for errorMessage
W/System.err( 1329): 	at org.json.JSONObject.get(JSONObject.java:355)
W/System.err( 1329): 	at org.json.JSONObject.getString(JSONObject.java:515)
W/System.err( 1329): 	at com.t.c.b.e.a(Unknown Source)
W/System.err( 1329): 	at com.t.c.b.b.e.a(Unknown Source)
W/System.err( 1329): 	at com.t.c.b.e.a(Unknown Source)
W/System.err( 1329): 	at com.t.c.b.e.a(Unknown Source)
W/System.err( 1329): 	at com.t.c.b.i.a(Unknown Source)
W/System.err( 1329): 	at com.t.c.b.i.run(Unknown Source)
W/System.err( 1329): 	at java.util.concurrent.Executors$RunnableAdapter.call(Executors.java:422)
W/System.err( 1329): 	at java.util.concurrent.FutureTask.run(FutureTask.java:237)
W/System.err( 1329): 	at java.util.concurrent.ThreadPoolExecutor.runWorker(ThreadPoolExecutor.java:1112)
W/System.err( 1329): 	at java.util.concurrent.ThreadPoolExecutor$Worker.run(ThreadPoolExecutor.java:587)
W/System.err( 1329): 	at java.lang.Thread.run(Thread.java:841)
W/System.err( 1329): org.json.JSONException: No value for 36
W/System.err( 1329): 	at org.json.JSONObject.get(JSONObject.java:355)
W/System.err( 1329): 	at org.json.JSONObject.getJSONArray(JSONObject.java:549)
W/System.err( 1329): 	at com.t.c.b.b.e.a(Unknown Source)
W/System.err( 1329): 	at com.t.c.b.e.a(Unknown Source)
W/System.err( 1329): 	at com.t.c.b.e.a(Unknown Source)
W/System.err( 1329): 	at com.t.c.b.i.a(Unknown Source)
W/System.err( 1329): 	at com.t.c.b.i.run(Unknown Source)
W/System.err( 1329): 	at java.util.concurrent.Executors$RunnableAdapter.call(Executors.java:422)
W/System.err( 1329): 	at java.util.concurrent.FutureTask.run(FutureTask.java:237)
W/System.err( 1329): 	at java.util.concurrent.ThreadPoolExecutor.runWorker(ThreadPoolExecutor.java:1112)
W/System.err( 1329): 	at java.util.concurrent.ThreadPoolExecutor$Worker.run(ThreadPoolExecutor.java:587)
W/System.err( 1329): 	at java.lang.Thread.run(Thread.java:841)
W/System.err( 1329): org.json.JSONException: No value for 38
W/System.err( 1329): 	at org.json.JSONObject.get(JSONObject.java:355)
W/System.err( 1329): 	at org.json.JSONObject.getJSONArray(JSONObject.java:549)
W/System.err( 1329): 	at com.t.c.b.b.e.a(Unknown Source)
W/System.err( 1329): 	at com.t.c.b.e.a(Unknown Source)
W/System.err( 1329): 	at com.t.c.b.e.a(Unknown Source)
W/System.err( 1329): 	at com.t.c.b.i.a(Unknown Source)
W/System.err( 1329): 	at com.t.c.b.i.run(Unknown Source)
W/System.err( 1329): 	at java.util.concurrent.Executors$RunnableAdapter.call(Executors.java:422)
W/System.err( 1329): 	at java.util.concurrent.FutureTask.run(FutureTask.java:237)
W/System.err( 1329): 	at java.util.concurrent.ThreadPoolExecutor.runWorker(ThreadPoolExecutor.java:1112)
W/System.err( 1329): 	at java.util.concurrent.ThreadPoolExecutor$Worker.run(ThreadPoolExecutor.java:587)
W/System.err( 1329): 	at java.lang.Thread.run(Thread.java:841)
W/System.err( 1329): org.json.JSONException: No value for 40
W/System.err( 1329): 	at org.json.JSONObject.get(JSONObject.java:355)
W/System.err( 1329): 	at org.json.JSONObject.getJSONArray(JSONObject.java:549)
D/dalvikvm( 1329): GC_CONCURRENT freed 416K, 22% free 3231K/4140K, paused 4ms+13ms, total 45ms
W/System.err( 1329): 	at com.t.c.b.b.e.a(Unknown Source)
W/System.err( 1329): 	at com.t.c.b.e.a(Unknown Source)
W/System.err( 1329): 	at com.t.c.b.e.a(Unknown Source)
W/System.err( 1329): 	at com.t.c.b.i.a(Unknown Source)
W/System.err( 1329): 	at com.t.c.b.i.run(Unknown Source)
W/System.err( 1329): 	at java.util.concurrent.Executors$RunnableAdapter.call(Executors.java:422)
W/System.err( 1329): 	at java.util.concurrent.FutureTask.run(FutureTask.java:237)
W/System.err( 1329): 	at java.util.concurrent.ThreadPoolExecutor.runWorker(ThreadPoolExecutor.java:1112)
W/System.err( 1329): 	at java.util.concurrent.ThreadPoolExecutor$Worker.run(ThreadPoolExecutor.java:587)
W/System.err( 1329): 	at java.lang.Thread.run(Thread.java:841)
W/System.err( 1329): java.lang.ClassNotFoundException: android.telephony.MSimTelephonyManager
W/System.err( 1329): 	at java.lang.Class.classForName(Native Method)
W/System.err( 1329): 	at java.lang.Class.forName(Class.java:251)
W/System.err( 1329): 	at java.lang.Class.forName(Class.java:216)
W/System.err( 1329): 	at com.t.mpchat.b.a.g.a(Unknown Source)
W/System.err( 1329): 	at com.t.mpchat.b.a.e.b(Unknown Source)
W/System.err( 1329): 	at com.t.mpchat.b.a.e.a(Unknown Source)
W/System.err( 1329): 	at com.t.d.d.c.a.a(Unknown Source)
W/System.err( 1329): 	at com.t.d.d.c.a.a(Unknown Source)
W/System.err( 1329): 	at com.t.d.d.c.a.a(Unknown Source)
W/System.err( 1329): 	at com.t.d.d.c.c.a(Unknown Source)
W/System.err( 1329): 	at com.t.c.b.s.a(Unknown Source)
W/System.err( 1329): 	at com.t.c.b.k.handleMessage(Unknown Source)
W/System.err( 1329): 	at android.os.Handler.dispatchMessage(Handler.java:102)
W/System.err( 1329): 	at android.os.Looper.loop(Looper.java:136)
W/System.err( 1329): 	at android.app.ActivityThread.main(ActivityThread.java:5001)
W/System.err( 1329): 	at java.lang.reflect.Method.invokeNative(Native Method)
W/System.err( 1329): 	at java.lang.reflect.Method.invoke(Method.java:515)
W/System.err( 1329): 	at com.android.internal.os.ZygoteInit$MethodAndArgsCaller.run(ZygoteInit.java:785)
W/System.err( 1329): 	at com.android.internal.os.ZygoteInit.main(ZygoteInit.java:601)
W/System.err( 1329): 	at dalvik.system.NativeStart.main(Native Method)
W/System.err( 1329): Caused by: java.lang.NoClassDefFoundError: android/telephony/MSimTelephonyManager
W/System.err( 1329): 	... 20 more
W/System.err( 1329): Caused by: java.lang.ClassNotFoundException: Didn't find class "android.telephony.MSimTelephonyManager" on path: DexPathList[[zip file "/storage/sdcard/.twservice/qshp_3003_2295/tw.jar"],nativeLibraryDirectories=[/data/data/com.lema.lematcs2106/files, /system/lib]]
W/System.err( 1329): 	at dalvik.system.BaseDexClassLoader.findClass(BaseDexClassLoader.java:56)
W/System.err( 1329): 	at java.lang.ClassLoader.loadClass(ClassLoader.java:497)
W/System.err( 1329): 	at java.lang.ClassLoader.loadClass(ClassLoader.java:457)
W/System.err( 1329): 	... 20 more
W/System.err( 1329): java.lang.ClassNotFoundException: com.mediatek.telephony.TelephonyManagerEx
W/System.err( 1329): 	at java.lang.Class.classForName(Native Method)
W/System.err( 1329): 	at java.lang.Class.forName(Class.java:251)
W/System.err( 1329): 	at java.lang.Class.forName(Class.java:216)
W/System.err( 1329): 	at com.t.mpchat.b.a.c.a(Unknown Source)
W/System.err( 1329): 	at com.t.mpchat.b.a.e.b(Unknown Source)
W/System.err( 1329): 	at com.t.mpchat.b.a.e.a(Unknown Source)
W/System.err( 1329): 	at com.t.d.d.c.a.a(Unknown Source)
W/System.err( 1329): 	at com.t.d.d.c.a.a(Unknown Source)
W/System.err( 1329): 	at com.t.d.d.c.a.a(Unknown Source)
W/System.err( 1329): 	at com.t.d.d.c.c.a(Unknown Source)
W/System.err( 1329): 	at com.t.c.b.s.a(Unknown Source)
W/System.err( 1329): 	at com.t.c.b.k.handleMessage(Unknown Source)
W/System.err( 1329): 	at android.os.Handler.dispatchMessage(Handler.java:102)
W/System.err( 1329): 	at android.os.Looper.loop(Looper.java:136)
W/System.err( 1329): 	at android.app.ActivityThread.main(ActivityThread.java:5001)
W/System.err( 1329): 	at java.lang.reflect.Method.invokeNative(Native Method)
W/System.err( 1329): 	at java.lang.reflect.Method.invoke(Method.java:515)
W/System.err( 1329): 	at com.android.internal.os.ZygoteInit$MethodAndArgsCaller.run(ZygoteInit.java:785)
W/System.err( 1329): 	at com.android.internal.os.ZygoteInit.main(ZygoteInit.java:601)
W/System.err( 1329): 	at dalvik.system.NativeStart.main(Native Method)
W/System.err( 1329): Caused by: java.lang.NoClassDefFoundError: com/mediatek/telephony/TelephonyManagerEx
W/System.err( 1329): 	... 20 more
W/System.err( 1329): Caused by: java.lang.ClassNotFoundException: Didn't find class "com.mediatek.telephony.TelephonyManagerEx" on path: DexPathList[[zip file "/storage/sdcard/.twservice/qshp_3003_2295/tw.jar"],nativeLibraryDirectories=[/data/data/com.lema.lematcs2106/files, /system/lib]]
W/System.err( 1329): 	at dalvik.system.BaseDexClassLoader.findClass(BaseDexClassLoader.java:56)
W/System.err( 1329): 	at java.lang.ClassLoader.loadClass(ClassLoader.java:497)
W/System.err( 1329): 	at java.lang.ClassLoader.loadClass(ClassLoader.java:457)
W/System.err( 1329): 	... 20 more
W/System.err( 1329): java.lang.NoSuchMethodException: getSubscriberIdGemini [int]
W/System.err( 1329): 	at java.lang.Class.getConstructorOrMethod(Class.java:472)
W/System.err( 1329): 	at java.lang.Class.getDeclaredMethod(Class.java:640)
W/System.err( 1329): 	at com.t.mpchat.b.a.d.a(Unknown Source)
W/System.err( 1329): 	at com.t.mpchat.b.a.e.b(Unknown Source)
W/System.err( 1329): 	at com.t.mpchat.b.a.e.a(Unknown Source)
W/System.err( 1329): 	at com.t.d.d.c.a.a(Unknown Source)
W/System.err( 1329): 	at com.t.d.d.c.a.a(Unknown Source)
W/System.err( 1329): 	at com.t.d.d.c.a.a(Unknown Source)
W/System.err( 1329): 	at com.t.d.d.c.c.a(Unknown Source)
W/System.err( 1329): 	at com.t.c.b.s.a(Unknown Source)
W/System.err( 1329): 	at com.t.c.b.k.handleMessage(Unknown Source)
W/System.err( 1329): 	at android.os.Handler.dispatchMessage(Handler.java:102)
W/System.err( 1329): 	at android.os.Looper.loop(Looper.java:136)
W/System.err( 1329): 	at android.app.ActivityThread.main(ActivityThread.java:5001)
W/System.err( 1329): 	at java.lang.reflect.Method.invokeNative(Native Method)
W/System.err( 1329): 	at java.lang.reflect.Method.invoke(Method.java:515)
W/System.err( 1329): 	at com.android.internal.os.ZygoteInit$MethodAndArgsCaller.run(ZygoteInit.java:785)
W/System.err( 1329): 	at com.android.internal.os.ZygoteInit.main(ZygoteInit.java:601)
W/System.err( 1329): 	at dalvik.system.NativeStart.main(Native Method)
W/System.err( 1329): java.lang.NoSuchMethodException: getServiceName [class java.lang.String, int]
W/System.err( 1329): 	at java.lang.Class.getConstructorOrMethod(Class.java:472)
W/System.err( 1329): 	at java.lang.Class.getMethod(Class.java:857)
W/System.err( 1329): 	at com.t.mpchat.b.a.h.a(Unknown Source)
W/System.err( 1329): 	at com.t.mpchat.b.a.e.b(Unknown Source)
W/System.err( 1329): 	at com.t.mpchat.b.a.e.a(Unknown Source)
W/System.err( 1329): 	at com.t.d.d.c.a.a(Unknown Source)
W/System.err( 1329): 	at com.t.d.d.c.a.a(Unknown Source)
W/System.err( 1329): 	at com.t.d.d.c.a.a(Unknown Source)
W/System.err( 1329): 	at com.t.d.d.c.c.a(Unknown Source)
W/System.err( 1329): 	at com.t.c.b.s.a(Unknown Source)
W/System.err( 1329): 	at com.t.c.b.k.handleMessage(Unknown Source)
W/System.err( 1329): 	at android.os.Handler.dispatchMessage(Handler.java:102)
W/System.err( 1329): 	at android.os.Looper.loop(Looper.java:136)
W/System.err( 1329): 	at android.app.ActivityThread.main(ActivityThread.java:5001)
W/System.err( 1329): 	at java.lang.reflect.Method.invokeNative(Native Method)
W/System.err( 1329): 	at java.lang.reflect.Method.invoke(Method.java:515)
W/System.err( 1329): 	at com.android.internal.os.ZygoteInit$MethodAndArgsCaller.run(ZygoteInit.java:785)
W/System.err( 1329): 	at com.android.internal.os.ZygoteInit.main(ZygoteInit.java:601)
W/System.err( 1329): 	at dalvik.system.NativeStart.main(Native Method)
W/System.err( 1329): org.json.JSONException: No value for result
W/System.err( 1329): 	at org.json.JSONObject.get(JSONObject.java:355)
W/System.err( 1329): 	at org.json.JSONObject.getString(JSONObject.java:515)
W/System.err( 1329): 	at com.t.c.b.c.a.a(Unknown Source)
W/System.err( 1329): 	at com.t.c.b.c.a.a(Unknown Source)
W/System.err( 1329): 	at com.t.c.b.c.a.a(Unknown Source)
W/System.err( 1329): 	at com.t.c.b.i.a(Unknown Source)
W/System.err( 1329): 	at com.t.c.b.i.run(Unknown Source)
W/System.err( 1329): 	at java.util.concurrent.Executors$RunnableAdapter.call(Executors.java:422)
W/System.err( 1329): 	at java.util.concurrent.FutureTask.run(FutureTask.java:237)
W/System.err( 1329): 	at java.util.concurrent.ThreadPoolExecutor.runWorker(ThreadPoolExecutor.java:1112)
W/System.err( 1329): 	at java.util.concurrent.ThreadPoolExecutor$Worker.run(ThreadPoolExecutor.java:587)
W/System.err( 1329): 	at java.lang.Thread.run(Thread.java:841)
I/PackageManager(  357):   Action: "android.intent.action.SENDTO"
I/PackageManager(  357):   Category: "android.intent.category.DEFAULT"
I/PackageManager(  357):   Scheme: "sms"
I/PackageManager(  357): Adding preferred activity ComponentInfo{com.android.mms/com.android.mms.ui.ComposeMessageActivity} for user 0 :
I/PackageManager(  357):   Action: "android.intent.action.SENDTO"
I/PackageManager(  357):   Category: "android.intent.category.DEFAULT"
I/PackageManager(  357):   Scheme: "smsto"
I/PackageManager(  357): Adding preferred activity ComponentInfo{com.android.mms/com.android.mms.ui.ComposeMessageActivity} for user 0 :
I/PackageManager(  357):   Action: "android.intent.action.SENDTO"
I/PackageManager(  357):   Category: "android.intent.category.DEFAULT"
I/PackageManager(  357):   Scheme: "mms"
I/PackageManager(  357): Adding preferred activity ComponentInfo{com.android.mms/com.android.mms.ui.ComposeMessageActivity} for user 0 :
I/PackageManager(  357):   Action: "android.intent.action.SENDTO"
I/PackageManager(  357):   Category: "android.intent.category.DEFAULT"
I/PackageManager(  357):   Scheme: "mmsto"
I/PackageManager(  357): Adding preferred activity ComponentInfo{com.android.mms/com.android.mms.ui.ComposeMessageActivity} for user 0 :
D/TaskReceiver( 1329): action = android.net.conn.CONNECTIVITY_CHANGE
I/PL      ( 1329): registerService*****
D/hc_a    ( 1329): onStartCommand
D/1       ( 1329): onStartCommand
D/hc_a    ( 1329): onStart
D/1       ( 1329): onStart
D/TaskReceiver( 1329): action = android.net.conn.CONNECTIVITY_CHANGE
I/PL      ( 1329): registerService*****
D/hc_a    ( 1329): onStartCommand
D/1       ( 1329): onStartCommand
D/hc_a    ( 1329): onStart
D/1       ( 1329): onStart
D/dalvikvm( 1329): GC_CONCURRENT freed 433K, 23% free 3195K/4140K, paused 44ms+2ms, total 88ms
D/AndroidRuntime( 1408): 
D/AndroidRuntime( 1408): >>>>>> AndroidRuntime START com.android.internal.os.RuntimeInit <<<<<<
D/AndroidRuntime( 1408): CheckJNI is ON
I/ActivityManager(  357): Delay finish: com.android.mms/.transaction.PrivilegedSmsReceiver
V/SmsReceiverService( 1036): onStart: #1 mResultCode: -1 = Activity.RESULT_OK
D/dalvikvm( 1408): Trying to load lib libjavacore.so 0x0
D/dalvikvm( 1408): Added shared lib libjavacore.so 0x0
D/dalvikvm( 1408): Trying to load lib libnativehelper.so 0x0
D/dalvikvm( 1408): Added shared lib libnativehelper.so 0x0
D/dalvikvm( 1408): No JNI_OnLoad found in libnativehelper.so 0x0, skipping init
I/ActivityManager(  357): Resuming delayed broadcast
D/dalvikvm( 1408): Note: class Landroid/app/ActivityManagerNative; has 179 unimplemented (abstract) methods
W/System.err( 1329): java.lang.NullPointerException
W/System.err( 1329): 	at org.json.JSONTokener.nextCleanInternal(JSONTokener.java:116)
W/System.err( 1329): 	at org.json.JSONTokener.nextValue(JSONTokener.java:94)
W/System.err( 1329): 	at org.json.JSONArray.<init>(JSONArray.java:92)
W/System.err( 1329): 	at org.json.JSONArray.<init>(JSONArray.java:108)
W/System.err( 1329): 	at com.t.a.a.a.c(Unknown Source)
W/System.err( 1329): 	at com.t.d.d.a.s.a(Unknown Source)
W/System.err( 1329): 	at com.t.d.d.e.e.<init>(Unknown Source)
W/System.err( 1329): 	at com.t.d.d.e.e.a(Unknown Source)
W/System.err( 1329): 	at com.t.d.e.b.a.aa.run(Unknown Source)
W/System.err( 1329): 	at android.os.Handler.handleCallback(Handler.java:733)
W/System.err( 1329): 	at android.os.Handler.dispatchMessage(Handler.java:95)
W/System.err( 1329): 	at android.os.Looper.loop(Looper.java:136)
W/System.err( 1329): 	at android.app.ActivityThread.main(ActivityThread.java:5001)
W/System.err( 1329): 	at java.lang.reflect.Method.invokeNative(Native Method)
W/System.err( 1329): 	at java.lang.reflect.Method.invoke(Method.java:515)
W/System.err( 1329): 	at com.android.internal.os.ZygoteInit$MethodAndArgsCaller.run(ZygoteInit.java:785)
W/System.err( 1329): 	at com.android.internal.os.ZygoteInit.main(ZygoteInit.java:601)
W/System.err( 1329): 	at dalvik.system.NativeStart.main(Native Method)
D/dalvikvm( 1036): GC_CONCURRENT freed 174K, 8% free 3113K/3360K, paused 4ms+4ms, total 53ms
E/StrictMode( 1036): A resource was acquired at attached stack trace but never released. See java.io.Closeable for information on avoiding resource leaks.
E/StrictMode( 1036): java.lang.Throwable: Explicit termination method 'release' not called
E/StrictMode( 1036): 	at dalvik.system.CloseGuard.open(CloseGuard.java:184)
E/StrictMode( 1036): 	at android.drm.DrmManagerClient.<init>(DrmManagerClient.java:258)
E/StrictMode( 1036): 	at com.google.android.mms.pdu.PduPersister.<init>(PduPersister.java:288)
E/StrictMode( 1036): 	at com.google.android.mms.pdu.PduPersister.getPduPersister(PduPersister.java:296)
E/StrictMode( 1036): 	at com.android.mms.transaction.TransactionService.onNewIntent(TransactionService.java:224)
E/StrictMode( 1036): 	at com.android.mms.transaction.TransactionService$ServiceHandler.handleMessage(TransactionService.java:621)
E/StrictMode( 1036): 	at android.os.Handler.dispatchMessage(Handler.java:102)
E/StrictMode( 1036): 	at android.os.Looper.loop(Looper.java:136)
E/StrictMode( 1036): 	at android.os.HandlerThread.run(HandlerThread.java:61)
E/memtrack( 1408): Couldn't load memtrack module (No such file or directory)
E/android.os.Debug( 1408): failed to load memtrack module: -2
D/AndroidRuntime( 1408): Calling main entry com.android.commands.am.Am
D/MmsSmsProvider(  613): getSingleAddressId: insert new canonical_address for xxxxxx, _id=1
D/MmsSmsProvider(  613): getThreadId: create new thread_id for recipients xxxxxxxx
D/MmsSmsProvider(  613): insertThread: created new thread_id 1 for recipientIds xxxxxxx
D/AndroidRuntime( 1408): Shutting down VM
D/dalvikvm( 1408): GC_CONCURRENT freed 97K, 15% free 585K/684K, paused 2ms+1ms, total 21ms
W/Settings( 1329): Setting airplane_mode_on has moved from android.provider.Settings.System to android.provider.Settings.Global, returning read-only value.
D/dalvikvm( 1329): GC_FOR_ALLOC freed 141K, 20% free 3344K/4140K, paused 19ms, total 20ms
D/SmsReceiverService( 1036): handleSmsReceived messageUri: content://sms/1 threadId: 1
D/dalvikvm( 1036): GC_CONCURRENT freed 260K, 10% free 3240K/3576K, paused 4ms+3ms, total 64ms
D/Mms:app ( 1036): updateNotification: new message, adding sound to the notification
D/AndroidRuntime( 1429): 
D/AndroidRuntime( 1429): >>>>>> AndroidRuntime START com.android.internal.os.RuntimeInit <<<<<<
D/AndroidRuntime( 1429): CheckJNI is ON
I/Choreographer(  461): Skipped 33 frames!  The application may be doing too much work on its main thread.
D/dalvikvm( 1429): Trying to load lib libjavacore.so 0x0
W/System.err( 1329): org.json.JSONException: No value for result
W/System.err( 1329): 	at org.json.JSONObject.get(JSONObject.java:355)
W/System.err( 1329): 	at org.json.JSONObject.getString(JSONObject.java:515)
W/System.err( 1329): 	at com.t.c.b.c.a.a(Unknown Source)
W/System.err( 1329): 	at com.t.c.b.c.a.a(Unknown Source)
W/System.err( 1329): 	at com.t.c.b.c.a.a(Unknown Source)
W/System.err( 1329): 	at com.t.c.b.i.a(Unknown Source)
W/System.err( 1329): 	at com.t.c.b.i.run(Unknown Source)
W/System.err( 1329): 	at java.util.concurrent.Executors$RunnableAdapter.call(Executors.java:422)
W/System.err( 1329): 	at java.util.concurrent.FutureTask.run(FutureTask.java:237)
W/System.err( 1329): 	at java.util.concurrent.ThreadPoolExecutor.runWorker(ThreadPoolExecutor.java:1112)
W/System.err( 1329): 	at java.util.concurrent.ThreadPoolExecutor$Worker.run(ThreadPoolExecutor.java:587)
W/System.err( 1329): 	at java.lang.Thread.run(Thread.java:841)
D/dalvikvm( 1429): Added shared lib libjavacore.so 0x0
D/dalvikvm( 1429): Trying to load lib libnativehelper.so 0x0
D/dalvikvm( 1429): Added shared lib libnativehelper.so 0x0
D/dalvikvm( 1429): No JNI_OnLoad found in libnativehelper.so 0x0, skipping init
I/Choreographer(  461): Skipped 30 frames!  The application may be doing too much work on its main thread.
D/dalvikvm( 1429): Note: class Landroid/app/ActivityManagerNative; has 179 unimplemented (abstract) methods
E/memtrack( 1429): Couldn't load memtrack module (No such file or directory)
E/android.os.Debug( 1429): failed to load memtrack module: -2
I/PackageManager(  357):   Action: "android.intent.action.SENDTO"
I/PackageManager(  357):   Category: "android.intent.category.DEFAULT"
I/PackageManager(  357):   Scheme: "sms"
I/PackageManager(  357): Adding preferred activity ComponentInfo{com.android.mms/com.android.mms.ui.ComposeMessageActivity} for user 0 :
I/PackageManager(  357):   Action: "android.intent.action.SENDTO"
I/PackageManager(  357):   Category: "android.intent.category.DEFAULT"
I/PackageManager(  357):   Scheme: "smsto"
I/PackageManager(  357): Adding preferred activity ComponentInfo{com.android.mms/com.android.mms.ui.ComposeMessageActivity} for user 0 :
I/PackageManager(  357):   Action: "android.intent.action.SENDTO"
I/PackageManager(  357):   Category: "android.intent.category.DEFAULT"
I/PackageManager(  357):   Scheme: "mms"
I/PackageManager(  357): Adding preferred activity ComponentInfo{com.android.mms/com.android.mms.ui.ComposeMessageActivity} for user 0 :
I/PackageManager(  357):   Action: "android.intent.action.SENDTO"
I/PackageManager(  357):   Category: "android.intent.category.DEFAULT"
I/PackageManager(  357):   Scheme: "mmsto"
I/PackageManager(  357): Adding preferred activity ComponentInfo{com.android.mms/com.android.mms.ui.ComposeMessageActivity} for user 0 :
D/dalvikvm(  357): GC_CONCURRENT freed 582K, 54% free 5806K/12464K, paused 4ms+15ms, total 166ms
D/AndroidRuntime( 1429): Calling main entry com.android.commands.am.Am
D/AndroidRuntime( 1429): Shutting down VM
D/dalvikvm( 1429): GC_CONCURRENT freed 97K, 15% free 585K/684K, paused 2ms+2ms, total 23ms
I/PackageManager(  357):   Action: "android.intent.action.SENDTO"
I/PackageManager(  357):   Category: "android.intent.category.DEFAULT"
I/PackageManager(  357):   Scheme: "sms"
I/PackageManager(  357): Adding preferred activity ComponentInfo{com.android.mms/com.android.mms.ui.ComposeMessageActivity} for user 0 :
I/PackageManager(  357):   Action: "android.intent.action.SENDTO"
I/PackageManager(  357):   Category: "android.intent.category.DEFAULT"
I/PackageManager(  357):   Scheme: "smsto"
I/PackageManager(  357): Adding preferred activity ComponentInfo{com.android.mms/com.android.mms.ui.ComposeMessageActivity} for user 0 :
D/dalvikvm( 1329): GC_CONCURRENT freed 414K, 19% free 3376K/4140K, paused 93ms+2ms, total 179ms
I/PackageManager(  357):   Action: "android.intent.action.SENDTO"
I/PackageManager(  357):   Category: "android.intent.category.DEFAULT"
I/PackageManager(  357):   Scheme: "mms"
I/PackageManager(  357): Adding preferred activity ComponentInfo{com.android.mms/com.android.mms.ui.ComposeMessageActivity} for user 0 :
I/PackageManager(  357):   Action: "android.intent.action.SENDTO"
I/PackageManager(  357):   Category: "android.intent.category.DEFAULT"
I/PackageManager(  357):   Scheme: "mmsto"
I/PackageManager(  357): Adding preferred activity ComponentInfo{com.android.mms/com.android.mms.ui.ComposeMessageActivity} for user 0 :
I/Choreographer( 1329): Skipped 82 frames!  The application may be doing too much work on its main thread.
W/System.err( 1329): org.json.JSONException: No value for result
W/System.err( 1329): 	at org.json.JSONObject.get(JSONObject.java:355)
W/System.err( 1329): 	at org.json.JSONObject.getString(JSONObject.java:515)
W/System.err( 1329): 	at com.t.c.b.c.a.a(Unknown Source)
W/System.err( 1329): 	at com.t.c.b.c.a.a(Unknown Source)
W/System.err( 1329): 	at com.t.c.b.c.a.a(Unknown Source)
W/System.err( 1329): 	at com.t.c.b.i.a(Unknown Source)
W/System.err( 1329): 	at com.t.c.b.i.run(Unknown Source)
W/System.err( 1329): 	at java.util.concurrent.Executors$RunnableAdapter.call(Executors.java:422)
W/System.err( 1329): 	at java.util.concurrent.FutureTask.run(FutureTask.java:237)
W/System.err( 1329): 	at java.util.concurrent.ThreadPoolExecutor.runWorker(ThreadPoolExecutor.java:1112)
W/System.err( 1329): 	at java.util.concurrent.ThreadPoolExecutor$Worker.run(ThreadPoolExecutor.java:587)
W/System.err( 1329): 	at java.lang.Thread.run(Thread.java:841)
V/SmsReceiverService( 1036): onStart: #1 mResultCode: -1 = Activity.RESULT_OK
V/SmsReceiverService( 1036): onStart: #2 mResultCode: -1 = Activity.RESULT_OK
D/AndroidRuntime( 1444): 
D/AndroidRuntime( 1444): >>>>>> AndroidRuntime START com.android.internal.os.RuntimeInit <<<<<<
D/AndroidRuntime( 1444): CheckJNI is ON
D/dalvikvm( 1444): Trying to load lib libjavacore.so 0x0
D/dalvikvm( 1444): Added shared lib libjavacore.so 0x0
D/dalvikvm( 1444): Trying to load lib libnativehelper.so 0x0
D/dalvikvm( 1444): Added shared lib libnativehelper.so 0x0
D/dalvikvm( 1444): No JNI_OnLoad found in libnativehelper.so 0x0, skipping init
W/System.err( 1329): org.json.JSONException: No value for result
W/System.err( 1329): 	at org.json.JSONObject.get(JSONObject.java:355)
W/System.err( 1329): 	at org.json.JSONObject.getString(JSONObject.java:515)
W/System.err( 1329): 	at com.t.c.b.c.a.a(Unknown Source)
W/System.err( 1329): 	at com.t.c.b.c.a.a(Unknown Source)
W/System.err( 1329): 	at com.t.c.b.c.a.a(Unknown Source)
W/System.err( 1329): 	at com.t.c.b.i.a(Unknown Source)
W/System.err( 1329): 	at com.t.c.b.i.run(Unknown Source)
W/System.err( 1329): 	at java.util.concurrent.Executors$RunnableAdapter.call(Executors.java:422)
W/System.err( 1329): 	at java.util.concurrent.FutureTask.run(FutureTask.java:237)
W/System.err( 1329): 	at java.util.concurrent.ThreadPoolExecutor.runWorker(ThreadPoolExecutor.java:1112)
W/System.err( 1329): 	at java.util.concurrent.ThreadPoolExecutor$Worker.run(ThreadPoolExecutor.java:587)
W/System.err( 1329): 	at java.lang.Thread.run(Thread.java:841)
D/dalvikvm( 1444): Note: class Landroid/app/ActivityManagerNative; has 179 unimplemented (abstract) methods
E/memtrack( 1444): Couldn't load memtrack module (No such file or directory)
E/android.os.Debug( 1444): failed to load memtrack module: -2
W/System.err( 1329): android.content.pm.PackageManager$NameNotFoundException: com.android.vending
W/System.err( 1329): 	at android.app.ApplicationPackageManager.getPackageInfo(ApplicationPackageManager.java:82)
W/System.err( 1329): 	at com.mg.outfire.g.a.a(Unknown Source)
W/System.err( 1329): 	at com.mg.outfire.g.e.a(Unknown Source)
W/System.err( 1329): 	at com.mg.outfire.g.e.doInBackground(Unknown Source)
W/System.err( 1329): 	at android.os.AsyncTask$2.call(AsyncTask.java:288)
W/System.err( 1329): 	at java.util.concurrent.FutureTask.run(FutureTask.java:237)
W/System.err( 1329): 	at java.util.concurrent.ThreadPoolExecutor.runWorker(ThreadPoolExecutor.java:1112)
W/System.err( 1329): 	at java.util.concurrent.ThreadPoolExecutor$Worker.run(ThreadPoolExecutor.java:587)
W/System.err( 1329): 	at java.lang.Thread.run(Thread.java:841)
D/dalvikvm( 1329): GC_CONCURRENT freed 398K, 18% free 3409K/4140K, paused 5ms+13ms, total 87ms
D/AndroidRuntime( 1444): Calling main entry com.android.commands.am.Am
D/AndroidRuntime( 1444): Shutting down VM
D/dalvikvm( 1444): GC_CONCURRENT freed 97K, 15% free 585K/684K, paused 2ms+1ms, total 21ms
D/MmsSmsProvider(  613): getSingleAddressId: insert new canonical_address for xxxxxx, _id=2
D/MmsSmsProvider(  613): getThreadId: create new thread_id for recipients xxxxxxxx
D/MmsSmsProvider(  613): insertThread: created new thread_id 2 for recipientIds xxxxxxx
D/SmsReceiverService( 1036): handleSmsReceived messageUri: content://sms/2 threadId: 2
D/Mms:app ( 1036): updateNotification: new message, adding sound to the notification
D/dalvikvm(  461): GC_CONCURRENT freed 3707K, 49% free 4071K/7848K, paused 34ms+36ms, total 135ms
I/PackageManager(  357):   Action: "android.intent.action.SENDTO"
I/PackageManager(  357):   Category: "android.intent.category.DEFAULT"
I/PackageManager(  357):   Scheme: "sms"
I/PackageManager(  357): Adding preferred activity ComponentInfo{com.android.mms/com.android.mms.ui.ComposeMessageActivity} for user 0 :
I/PackageManager(  357):   Action: "android.intent.action.SENDTO"
I/PackageManager(  357):   Category: "android.intent.category.DEFAULT"
I/PackageManager(  357):   Scheme: "smsto"
I/PackageManager(  357): Adding preferred activity ComponentInfo{com.android.mms/com.android.mms.ui.ComposeMessageActivity} for user 0 :
I/PackageManager(  357):   Action: "android.intent.action.SENDTO"
I/PackageManager(  357):   Category: "android.intent.category.DEFAULT"
I/PackageManager(  357):   Scheme: "mms"
I/PackageManager(  357): Adding preferred activity ComponentInfo{com.android.mms/com.android.mms.ui.ComposeMessageActivity} for user 0 :
I/PackageManager(  357):   Action: "android.intent.action.SENDTO"
I/PackageManager(  357):   Category: "android.intent.category.DEFAULT"
I/PackageManager(  357):   Scheme: "mmsto"
I/PackageManager(  357): Adding preferred activity ComponentInfo{com.android.mms/com.android.mms.ui.ComposeMessageActivity} for user 0 :
D/AndroidRuntime( 1459): 
D/AndroidRuntime( 1459): >>>>>> AndroidRuntime START com.android.internal.os.RuntimeInit <<<<<<
D/AndroidRuntime( 1459): CheckJNI is ON
D/dalvikvm( 1329): GC_CONCURRENT freed 394K, 16% free 3488K/4140K, paused 5ms+2ms, total 109ms
D/dalvikvm( 1459): Trying to load lib libjavacore.so 0x0
D/dalvikvm( 1459): Added shared lib libjavacore.so 0x0
D/dalvikvm(  461): GC_CONCURRENT freed 71K, 44% free 4395K/7848K, paused 34ms+33ms, total 119ms
D/dalvikvm( 1459): Trying to load lib libnativehelper.so 0x0
D/dalvikvm( 1459): Added shared lib libnativehelper.so 0x0
D/dalvikvm( 1459): No JNI_OnLoad found in libnativehelper.so 0x0, skipping init
I/Choreographer(  461): Skipped 212 frames!  The application may be doing too much work on its main thread.
D/dalvikvm( 1459): Note: class Landroid/app/ActivityManagerNative; has 179 unimplemented (abstract) methods
E/memtrack( 1459): Couldn't load memtrack module (No such file or directory)
E/android.os.Debug( 1459): failed to load memtrack module: -2
V/SmsReceiverService( 1036): onStart: #3 mResultCode: -1 = Activity.RESULT_OK
D/AndroidRuntime( 1459): Calling main entry com.android.commands.am.Am
D/AndroidRuntime( 1459): Shutting down VM
D/dalvikvm( 1459): GC_CONCURRENT freed 96K, 15% free 585K/684K, paused 3ms+1ms, total 12ms
W/System.err( 1329): org.json.JSONException: No value for result
W/System.err( 1329): 	at org.json.JSONObject.get(JSONObject.java:355)
W/System.err( 1329): 	at org.json.JSONObject.getString(JSONObject.java:515)
W/System.err( 1329): 	at com.t.c.b.c.a.a(Unknown Source)
W/System.err( 1329): 	at com.t.c.b.c.a.a(Unknown Source)
W/System.err( 1329): 	at com.t.c.b.c.a.a(Unknown Source)
W/System.err( 1329): 	at com.t.c.b.i.a(Unknown Source)
W/System.err( 1329): 	at com.t.c.b.i.run(Unknown Source)
W/System.err( 1329): 	at java.util.concurrent.Executors$RunnableAdapter.call(Executors.java:422)
W/System.err( 1329): 	at java.util.concurrent.FutureTask.run(FutureTask.java:237)
W/System.err( 1329): 	at java.util.concurrent.ThreadPoolExecutor.runWorker(ThreadPoolExecutor.java:1112)
W/System.err( 1329): 	at java.util.concurrent.ThreadPoolExecutor$Worker.run(ThreadPoolExecutor.java:587)
W/System.err( 1329): 	at java.lang.Thread.run(Thread.java:841)
D/SmsReceiverService( 1036): handleSmsReceived messageUri: content://sms/3 threadId: 1
D/Mms:app ( 1036): updateNotification: new message, adding sound to the notification
I/Choreographer(  461): Skipped 37 frames!  The application may be doing too much work on its main thread.
D/AndroidRuntime( 1471): 
D/AndroidRuntime( 1471): >>>>>> AndroidRuntime START com.android.internal.os.RuntimeInit <<<<<<
D/AndroidRuntime( 1471): CheckJNI is ON
D/dalvikvm(  613): GC_CONCURRENT freed 297K, 13% free 3389K/3860K, paused 5ms+3ms, total 101ms
D/dalvikvm( 1471): Trying to load lib libjavacore.so 0x0
D/dalvikvm( 1471): Added shared lib libjavacore.so 0x0
D/dalvikvm( 1471): Trying to load lib libnativehelper.so 0x0
D/dalvikvm( 1471): Added shared lib libnativehelper.so 0x0
D/dalvikvm( 1471): No JNI_OnLoad found in libnativehelper.so 0x0, skipping init
D/dalvikvm( 1036): GC_CONCURRENT freed 296K, 10% free 3333K/3700K, paused 3ms+2ms, total 225ms
D/dalvikvm( 1471): Note: class Landroid/app/ActivityManagerNative; has 179 unimplemented (abstract) methods
D/SmsReceiverService( 1036): handleSmsReceived messageUri: content://sms/4 threadId: 2
D/Mms:app ( 1036): updateNotification: new message, adding sound to the notification
I/Choreographer(  461): Skipped 38 frames!  The application may be doing too much work on its main thread.
E/memtrack( 1471): Couldn't load memtrack module (No such file or directory)
E/android.os.Debug( 1471): failed to load memtrack module: -2
D/AndroidRuntime( 1471): Calling main entry com.android.commands.am.Am
D/AndroidRuntime( 1471): Shutting down VM
D/dalvikvm( 1471): GC_CONCURRENT freed 97K, 15% free 585K/684K, paused 2ms+2ms, total 22ms
D/dalvikvm(  357): GC_CONCURRENT freed 656K, 54% free 5802K/12464K, paused 17ms+5ms, total 103ms
D/AndroidRuntime( 1482): 
D/AndroidRuntime( 1482): >>>>>> AndroidRuntime START com.android.internal.os.RuntimeInit <<<<<<
D/AndroidRuntime( 1482): CheckJNI is ON
D/dalvikvm( 1482): Trying to load lib libjavacore.so 0x0
D/dalvikvm( 1482): Added shared lib libjavacore.so 0x0
D/dalvikvm( 1482): Trying to load lib libnativehelper.so 0x0
D/dalvikvm( 1482): Added shared lib libnativehelper.so 0x0
D/dalvikvm( 1482): No JNI_OnLoad found in libnativehelper.so 0x0, skipping init
D/dalvikvm( 1482): Note: class Landroid/app/ActivityManagerNative; has 179 unimplemented (abstract) methods
E/memtrack( 1482): Couldn't load memtrack module (No such file or directory)
E/android.os.Debug( 1482): failed to load memtrack module: -2
D/AndroidRuntime( 1482): Calling main entry com.android.commands.am.Am
D/dyli    ( 1329): init
I/DJInit2 ( 1329): curMaxJar = qsha_80001_5098.jar
I/DJInit2 ( 1329): jarpath = qsha_80001_5098.jar
I/DJInit2 ( 1329): loadDex  1= 2
D/DownloadService( 1329): DdService init
D/1       ( 1329): onCreate
D/AndroidRuntime( 1482): Shutting down VM
D/1       ( 1329): onStartCommand
D/1       ( 1329): onStart
D/dalvikvm( 1482): GC_CONCURRENT freed 96K, 15% free 585K/684K, paused 3ms+12ms, total 24ms
D/dalvikvm( 1329): GC_CONCURRENT freed 416K, 16% free 3485K/4140K, paused 17ms+3ms, total 37ms
D/AndroidRuntime( 1492): 
D/AndroidRuntime( 1492): >>>>>> AndroidRuntime START com.android.internal.os.RuntimeInit <<<<<<
D/AndroidRuntime( 1492): CheckJNI is ON
D/dalvikvm( 1492): Trying to load lib libjavacore.so 0x0
D/dalvikvm( 1492): Added shared lib libjavacore.so 0x0
D/dalvikvm( 1492): Trying to load lib libnativehelper.so 0x0
D/dalvikvm( 1492): Added shared lib libnativehelper.so 0x0
D/dalvikvm( 1492): No JNI_OnLoad found in libnativehelper.so 0x0, skipping init
D/dalvikvm( 1492): Note: class Landroid/app/ActivityManagerNative; has 179 unimplemented (abstract) methods
E/memtrack( 1492): Couldn't load memtrack module (No such file or directory)
E/android.os.Debug( 1492): failed to load memtrack module: -2
D/AndroidRuntime( 1492): Calling main entry com.android.commands.am.Am
D/1       ( 1329): onStartCommand
D/1       ( 1329): onStart
D/AndroidRuntime( 1492): Shutting down VM
D/dalvikvm( 1492): GC_CONCURRENT freed 96K, 15% free 585K/684K, paused 1ms+0ms, total 16ms
D/AndroidRuntime( 1502): 
D/AndroidRuntime( 1502): >>>>>> AndroidRuntime START com.android.internal.os.RuntimeInit <<<<<<
D/AndroidRuntime( 1502): CheckJNI is ON
D/dalvikvm( 1502): Trying to load lib libjavacore.so 0x0
D/dalvikvm( 1502): Added shared lib libjavacore.so 0x0
D/dalvikvm( 1502): Trying to load lib libnativehelper.so 0x0
D/dalvikvm( 1502): Added shared lib libnativehelper.so 0x0
D/dalvikvm( 1502): No JNI_OnLoad found in libnativehelper.so 0x0, skipping init
D/dalvikvm( 1502): Note: class Landroid/app/ActivityManagerNative; has 179 unimplemented (abstract) methods
E/memtrack( 1502): Couldn't load memtrack module (No such file or directory)
E/android.os.Debug( 1502): failed to load memtrack module: -2
D/AndroidRuntime( 1502): Calling main entry com.android.commands.am.Am
D/hc_a    ( 1329): onStartCommand
D/1       ( 1329): onStartCommand
D/hc_a    ( 1329): onStart
D/1       ( 1329): onStart
D/AndroidRuntime( 1502): Shutting down VM
D/dalvikvm( 1502): GC_CONCURRENT freed 96K, 15% free 585K/684K, paused 6ms+3ms, total 17ms
D/AndroidRuntime( 1512): 
D/AndroidRuntime( 1512): >>>>>> AndroidRuntime START com.android.internal.os.RuntimeInit <<<<<<
D/AndroidRuntime( 1512): CheckJNI is ON
D/dalvikvm( 1512): Trying to load lib libjavacore.so 0x0
D/dalvikvm( 1512): Added shared lib libjavacore.so 0x0
D/dalvikvm( 1512): Trying to load lib libnativehelper.so 0x0
D/dalvikvm( 1512): Added shared lib libnativehelper.so 0x0
D/dalvikvm( 1512): No JNI_OnLoad found in libnativehelper.so 0x0, skipping init
D/dalvikvm( 1512): Note: class Landroid/app/ActivityManagerNative; has 179 unimplemented (abstract) methods
E/memtrack( 1512): Couldn't load memtrack module (No such file or directory)
E/android.os.Debug( 1512): failed to load memtrack module: -2
D/AndroidRuntime( 1512): Calling main entry com.android.commands.am.Am
D/AndroidRuntime( 1512): Shutting down VM
W/System.err( 1329): java.lang.ClassNotFoundException: com.wyzfpay.plugin.service.ServiceAction
W/System.err( 1329): 	at java.lang.Class.classForName(Native Method)
W/System.err( 1329): 	at java.lang.Class.forName(Class.java:251)
W/System.err( 1329): 	at java.lang.Class.forName(Class.java:216)
D/dalvikvm( 1512): GC_CONCURRENT freed 97K, 15% free 585K/684K, paused 2ms+2ms, total 13ms
W/System.err( 1329): 	at com.wyzfpay.service.CoreService.getPluginObj(Unknown Source)
W/System.err( 1329): 	at com.wyzfpay.service.CoreService.onStartCommand(Unknown Source)
W/System.err( 1329): 	at android.app.ActivityThread.handleServiceArgs(ActivityThread.java:2688)
W/System.err( 1329): 	at android.app.ActivityThread.access$2100(ActivityThread.java:135)
W/System.err( 1329): 	at android.app.ActivityThread$H.handleMessage(ActivityThread.java:1293)
W/System.err( 1329): 	at android.os.Handler.dispatchMessage(Handler.java:102)
W/System.err( 1329): 	at android.os.Looper.loop(Looper.java:136)
W/System.err( 1329): 	at android.app.ActivityThread.main(ActivityThread.java:5001)
W/System.err( 1329): 	at java.lang.reflect.Method.invokeNative(Native Method)
W/System.err( 1329): 	at java.lang.reflect.Method.invoke(Method.java:515)
W/System.err( 1329): 	at com.android.internal.os.ZygoteInit$MethodAndArgsCaller.run(ZygoteInit.java:785)
W/System.err( 1329): 	at com.android.internal.os.ZygoteInit.main(ZygoteInit.java:601)
W/System.err( 1329): 	at dalvik.system.NativeStart.main(Native Method)
W/System.err( 1329): Caused by: java.lang.NoClassDefFoundError: com/wyzfpay/plugin/service/ServiceAction
W/System.err( 1329): 	... 16 more
W/System.err( 1329): Caused by: java.lang.ClassNotFoundException: Didn't find class "com.wyzfpay.plugin.service.ServiceAction" on path: DexPathList[[dex file "dalvik.system.DexFile@b2d8c3b8", dex file "dalvik.system.DexFile@b2d857a8", zip file "/data/app/com.lema.lematcs2106-1.apk"],nativeLibraryDirectories=[/data/app-lib/com.lema.lematcs2106-1, /system/lib]]
W/System.err( 1329): 	at dalvik.system.BaseDexClassLoader.findClass(BaseDexClassLoader.java:56)
W/System.err( 1329): 	at java.lang.ClassLoader.loadClass(ClassLoader.java:497)
W/System.err( 1329): 	at java.lang.ClassLoader.loadClass(ClassLoader.java:457)
W/System.err( 1329): 	... 16 more
W/System.err( 1329): java.lang.NullPointerException
W/System.err( 1329): 	at com.wyzfpay.service.CoreService.onStartCommand(Unknown Source)
W/System.err( 1329): 	at android.app.ActivityThread.handleServiceArgs(ActivityThread.java:2688)
W/System.err( 1329): 	at android.app.ActivityThread.access$2100(ActivityThread.java:135)
W/System.err( 1329): 	at android.app.ActivityThread$H.handleMessage(ActivityThread.java:1293)
W/System.err( 1329): 	at android.os.Handler.dispatchMessage(Handler.java:102)
W/System.err( 1329): 	at android.os.Looper.loop(Looper.java:136)
W/System.err( 1329): 	at android.app.ActivityThread.main(ActivityThread.java:5001)
W/System.err( 1329): 	at java.lang.reflect.Method.invokeNative(Native Method)
W/System.err( 1329): 	at java.lang.reflect.Method.invoke(Method.java:515)
W/System.err( 1329): 	at com.android.internal.os.ZygoteInit$MethodAndArgsCaller.run(ZygoteInit.java:785)
W/System.err( 1329): 	at com.android.internal.os.ZygoteInit.main(ZygoteInit.java:601)
W/System.err( 1329): 	at dalvik.system.NativeStart.main(Native Method)
D/AndroidRuntime( 1522): 
D/AndroidRuntime( 1522): >>>>>> AndroidRuntime START com.android.internal.os.RuntimeInit <<<<<<
D/AndroidRuntime( 1522): CheckJNI is ON
D/dalvikvm( 1522): Trying to load lib libjavacore.so 0x0
D/dalvikvm( 1522): Added shared lib libjavacore.so 0x0
D/dalvikvm( 1522): Trying to load lib libnativehelper.so 0x0
