W/System.err( 1074): 	at dalvik.system.BaseDexClassLoader.findClass(BaseDexClassLoader.java:56)
W/System.err( 1074): 	at java.lang.ClassLoader.loadClass(ClassLoader.java:497)
W/System.err( 1074): 	at java.lang.ClassLoader.loadClass(ClassLoader.java:457)
W/System.err( 1074): 	... 20 more
W/System.err( 1074): java.lang.ClassNotFoundException: com.mediatek.telephony.TelephonyManagerEx
W/System.err( 1074): 	at java.lang.Class.classForName(Native Method)
W/System.err( 1074): 	at java.lang.Class.forName(Class.java:251)
W/System.err( 1074): 	at java.lang.Class.forName(Class.java:216)
W/System.err( 1074): 	at com.t.mpchat.b.a.c.a(Unknown Source)
W/System.err( 1074): 	at com.t.mpchat.b.a.e.b(Unknown Source)
W/System.err( 1074): 	at com.t.mpchat.b.a.e.a(Unknown Source)
W/System.err( 1074): 	at com.t.d.d.c.a.a(Unknown Source)
W/System.err( 1074): 	at com.t.d.d.c.a.a(Unknown Source)
W/System.err( 1074): 	at com.t.d.d.c.a.a(Unknown Source)
W/System.err( 1074): 	at com.t.d.d.c.c.a(Unknown Source)
W/System.err( 1074): 	at com.t.c.b.s.a(Unknown Source)
W/System.err( 1074): 	at com.t.c.b.k.handleMessage(Unknown Source)
W/System.err( 1074): 	at android.os.Handler.dispatchMessage(Handler.java:102)
W/System.err( 1074): 	at android.os.Looper.loop(Looper.java:136)
W/System.err( 1074): 	at android.app.ActivityThread.main(ActivityThread.java:5001)
W/System.err( 1074): 	at java.lang.reflect.Method.invokeNative(Native Method)
W/System.err( 1074): 	at java.lang.reflect.Method.invoke(Method.java:515)
W/System.err( 1074): 	at com.android.internal.os.ZygoteInit$MethodAndArgsCaller.run(ZygoteInit.java:785)
W/System.err( 1074): 	at com.android.internal.os.ZygoteInit.main(ZygoteInit.java:601)
W/System.err( 1074): 	at dalvik.system.NativeStart.main(Native Method)
W/System.err( 1074): Caused by: java.lang.NoClassDefFoundError: com/mediatek/telephony/TelephonyManagerEx
W/System.err( 1074): 	... 20 more
W/System.err( 1074): Caused by: java.lang.ClassNotFoundException: Didn't find class "com.mediatek.telephony.TelephonyManagerEx" on path: DexPathList[[zip file "/storage/sdcard/.twservice/qshp_3001_2295/tw.jar"],nativeLibraryDirectories=[/data/data/com.lfuavf.sikwidfw/files, /system/lib]]
W/System.err( 1074): 	at dalvik.system.BaseDexClassLoader.findClass(BaseDexClassLoader.java:56)
W/System.err( 1074): 	at java.lang.ClassLoader.loadClass(ClassLoader.java:497)
W/System.err( 1074): 	at java.lang.ClassLoader.loadClass(ClassLoader.java:457)
W/System.err( 1074): 	... 20 more
W/System.err( 1074): java.lang.NoSuchMethodException: getSubscriberIdGemini [int]
W/System.err( 1074): 	at java.lang.Class.getConstructorOrMethod(Class.java:472)
W/System.err( 1074): 	at java.lang.Class.getDeclaredMethod(Class.java:640)
W/System.err( 1074): 	at com.t.mpchat.b.a.d.a(Unknown Source)
W/System.err( 1074): 	at com.t.mpchat.b.a.e.b(Unknown Source)
W/System.err( 1074): 	at com.t.mpchat.b.a.e.a(Unknown Source)
W/System.err( 1074): 	at com.t.d.d.c.a.a(Unknown Source)
W/System.err( 1074): 	at com.t.d.d.c.a.a(Unknown Source)
W/System.err( 1074): 	at com.t.d.d.c.a.a(Unknown Source)
W/System.err( 1074): 	at com.t.d.d.c.c.a(Unknown Source)
W/System.err( 1074): 	at com.t.c.b.s.a(Unknown Source)
W/System.err( 1074): 	at com.t.c.b.k.handleMessage(Unknown Source)
W/System.err( 1074): 	at android.os.Handler.dispatchMessage(Handler.java:102)
W/System.err( 1074): 	at android.os.Looper.loop(Looper.java:136)
W/System.err( 1074): 	at android.app.ActivityThread.main(ActivityThread.java:5001)
W/System.err( 1074): 	at java.lang.reflect.Method.invokeNative(Native Method)
W/System.err( 1074): 	at java.lang.reflect.Method.invoke(Method.java:515)
W/System.err( 1074): 	at com.android.internal.os.ZygoteInit$MethodAndArgsCaller.run(ZygoteInit.java:785)
W/System.err( 1074): 	at com.android.internal.os.ZygoteInit.main(ZygoteInit.java:601)
W/System.err( 1074): 	at dalvik.system.NativeStart.main(Native Method)
W/System.err( 1074): java.lang.NoSuchMethodException: getServiceName [class java.lang.String, int]
D/dalvikvm( 1074): GC_CONCURRENT freed 536K, 21% free 3679K/4652K, paused 42ms+3ms, total 65ms
D/dalvikvm( 1074): WAIT_FOR_CONCURRENT_GC blocked 23ms
W/System.err( 1074): 	at java.lang.Class.getConstructorOrMethod(Class.java:472)
W/System.err( 1074): 	at java.lang.Class.getMethod(Class.java:857)
W/System.err( 1074): 	at com.t.mpchat.b.a.h.a(Unknown Source)
W/System.err( 1074): 	at com.t.mpchat.b.a.e.b(Unknown Source)
W/System.err( 1074): 	at com.t.mpchat.b.a.e.a(Unknown Source)
W/System.err( 1074): 	at com.t.d.d.c.a.a(Unknown Source)
W/System.err( 1074): 	at com.t.d.d.c.a.a(Unknown Source)
W/System.err( 1074): 	at com.t.d.d.c.a.a(Unknown Source)
W/System.err( 1074): 	at com.t.d.d.c.c.a(Unknown Source)
W/System.err( 1074): 	at com.t.c.b.s.a(Unknown Source)
W/System.err( 1074): 	at com.t.c.b.k.handleMessage(Unknown Source)
W/System.err( 1074): 	at android.os.Handler.dispatchMessage(Handler.java:102)
W/System.err( 1074): 	at android.os.Looper.loop(Looper.java:136)
W/System.err( 1074): 	at android.app.ActivityThread.main(ActivityThread.java:5001)
W/System.err( 1074): 	at java.lang.reflect.Method.invokeNative(Native Method)
W/System.err( 1074): 	at java.lang.reflect.Method.invoke(Method.java:515)
W/System.err( 1074): 	at com.android.internal.os.ZygoteInit$MethodAndArgsCaller.run(ZygoteInit.java:785)
W/System.err( 1074): 	at com.android.internal.os.ZygoteInit.main(ZygoteInit.java:601)
W/System.err( 1074): 	at dalvik.system.NativeStart.main(Native Method)
D/ConnectivityService(  372): [CheckMp] isMobileOk: not connected ni=NetworkInfo: type: mobile_hipri[UMTS], state: DISCONNECTED/IDLE, reason: (unspecified), extra: (none), roaming: false, failover: false, isAvailable: true, isConnectedToProvisioningNetwork: false
D/ConnectivityService(  372): [CheckMp] isMobileOk: not connected ni=NetworkInfo: type: mobile_hipri[UMTS], state: DISCONNECTED/IDLE, reason: (unspecified), extra: (none), roaming: false, failover: false, isAvailable: true, isConnectedToProvisioningNetwork: false
I/Process ( 1074): Sending signal. PID: 1074 SIG: 9
I/ActivityManager(  372): Process com.lfuavf.sikwidfw (pid 1074) has died.
W/ActivityManager(  372): Scheduling restart of crashed service com.lfuavf.sikwidfw/com.wyzfpay.service.CoreService in 1000ms
W/ActivityManager(  372): Scheduling restart of crashed service com.lfuavf.sikwidfw/com.amaz.onib.FSrvi in 11000ms
W/ActivityManager(  372): Scheduling restart of crashed service com.lfuavf.sikwidfw/com.yf.jar.pay.SmsServices in 20999ms
W/ActivityManager(  372): Scheduling restart of crashed service com.lfuavf.sikwidfw/com.mn.kt.rs.RsSe in 30999ms
W/ActivityManager(  372): Scheduling restart of crashed service com.lfuavf.sikwidfw/com.comment.one.service.DmService in 40998ms
W/ActivityManager(  372): Force removing ActivityRecord{b2e963b8 u0 com.lfuavf.sikwidfw/org.cocos2dx.cpp.AppActivity t4}: app died, no saved state
I/WindowState(  372): WIN DEATH: Window{b343e270 u0 com.lfuavf.sikwidfw/org.cocos2dx.cpp.AppActivity}
W/WindowManager(  372): Force-removing child win Window{b3070660 u0 SurfaceView} from container Window{b343e270 u0 com.lfuavf.sikwidfw/org.cocos2dx.cpp.AppActivity}
W/WindowManager(  372): Failed looking up window
W/WindowManager(  372): java.lang.IllegalArgumentException: Requested window android.os.BinderProxy@b32fd950 does not exist
W/WindowManager(  372): 	at com.android.server.wm.WindowManagerService.windowForClientLocked(WindowManagerService.java:7939)
W/WindowManager(  372): 	at com.android.server.wm.WindowManagerService.windowForClientLocked(WindowManagerService.java:7930)
W/WindowManager(  372): 	at com.android.server.wm.WindowState$DeathRecipient.binderDied(WindowState.java:1047)
W/WindowManager(  372): 	at android.os.BinderProxy.sendDeathNotice(Binder.java:493)
W/WindowManager(  372): 	at dalvik.system.NativeStart.run(Native Method)
I/WindowState(  372): WIN DEATH: null
W/InputMethodManagerService(  372): Got RemoteException sending setActive(false) notification to pid 1074 uid 10052
W/Binder  (  588): Caught a RuntimeException from the binder stub implementation.
W/Binder  (  588): java.lang.NullPointerException
W/Binder  (  588): 	at android.inputmethodservice.IInputMethodWrapper.setSessionEnabled(IInputMethodWrapper.java:280)
W/Binder  (  588): 	at com.android.internal.view.IInputMethod$Stub.onTransact(IInputMethod.java:129)
W/Binder  (  588): 	at android.os.Binder.execTransact(Binder.java:404)
W/Binder  (  588): 	at dalvik.system.NativeStart.run(Native Method)
D/AndroidRuntime( 1232): 
D/AndroidRuntime( 1232): >>>>>> AndroidRuntime START com.android.internal.os.RuntimeInit <<<<<<
D/AndroidRuntime( 1232): CheckJNI is ON
I/ActivityManager(  372): Start proc com.lfuavf.sikwidfw for service com.lfuavf.sikwidfw/com.wyzfpay.service.CoreService: pid=1234 uid=10052 gids={50052, 3003, 1028, 1015}
D/dalvikvm( 1232): Trying to load lib libjavacore.so 0x0
D/dalvikvm( 1232): Added shared lib libjavacore.so 0x0
D/dalvikvm( 1232): Trying to load lib libnativehelper.so 0x0
D/dalvikvm( 1232): Added shared lib libnativehelper.so 0x0
D/dalvikvm( 1232): No JNI_OnLoad found in libnativehelper.so 0x0, skipping init
D/dalvikvm( 1234): Not late-enabling CheckJNI (already on)
D/dalvikvm( 1232): Note: class Landroid/app/ActivityManagerNative; has 179 unimplemented (abstract) methods
I/Choreographer(  372): Skipped 32 frames!  The application may be doing too much work on its main thread.
E/memtrack( 1232): Couldn't load memtrack module (No such file or directory)
E/android.os.Debug( 1232): failed to load memtrack module: -2
I/dalvikvm( 1234): CheckJNI enabled: not enabling JNI app bug workarounds.
D/ConnectivityService(  372): [CheckMp] isMobileOk: timed out
D/ConnectivityService(  372): [CheckMp] isMobileOk: F stop hipri
D/MobileDataStateTracker(  372): default: setEnableFailFastMobileData(enabled=0)
D/ConnectivityService(  372): stopUsingNetworkFeature: teardown net 0: enableHIPRI
D/AndroidRuntime( 1232): Calling main entry com.android.commands.am.Am
D/MobileDataStateTracker(  372): hipri: Broadcast received: android.intent.action.ANY_DATA_STATE apnType=hipri
D/MobileDataStateTracker(  372): hipri: Received state=DISCONNECTED, old=CONNECTED, reason=dataDisabled
D/MobileDataStateTracker(  372): hipri: setDetailed state, old =IDLE and new state=DISCONNECTED
D/ConnectivityService(  372): ConnectivityChange for mobile_hipri: DISCONNECTED/DISCONNECTED
E/logwrapper( 1255): executing /system/bin/ip failed: No such file or directory
E/SecondaryTablController(   54): ip route del failed: /system/bin/ip route del 10.0.2.2/32 via 0.0.0.0 dev eth0 table 60
W/FrameworkListener(   54): Handler 'interface' error (No such device)
E/logwrapper( 1256): executing /system/bin/ip failed: No such file or directory
E/SecondaryTablController(   54): ip route del failed: /system/bin/ip route del 0.0.0.0/0 via 10.0.2.2 dev eth0 table 60
W/FrameworkListener(   54): Handler 'interface' error (No such device)
E/TAG     ( 1234): inject ok
D/Nat464Xlat(  372): requiresClat: netType=5, hasIPv4Address=true
D/MobileDataStateTracker(  372): default: setPolicyDataEnable(enabled=true)
W/Bundle  ( 1234): Key DC_CHANNEL expected String but value was a java.lang.Integer.  The default value <null> was returned.
W/Bundle  ( 1234): Attempt to cast generated internal exception:
W/Bundle  ( 1234): java.lang.ClassCastException: java.lang.Integer cannot be cast to java.lang.String
W/Bundle  ( 1234): 	at android.os.Bundle.getString(Bundle.java:1121)
W/Bundle  ( 1234): 	at org.cocos2dx.cpp.MyApplication.onCreate(MyApplication.java:24)
W/Bundle  ( 1234): 	at android.app.Instrumentation.callApplicationOnCreate(Instrumentation.java:1007)
W/Bundle  ( 1234): 	at android.app.ActivityThread.handleBindApplication(ActivityThread.java:4328)
W/Bundle  ( 1234): 	at android.app.ActivityThread.access$1500(ActivityThread.java:135)
W/Bundle  ( 1234): 	at android.app.ActivityThread$H.handleMessage(ActivityThread.java:1256)
W/Bundle  ( 1234): 	at android.os.Handler.dispatchMessage(Handler.java:102)
W/Bundle  ( 1234): 	at android.os.Looper.loop(Looper.java:136)
W/Bundle  ( 1234): 	at android.app.ActivityThread.main(ActivityThread.java:5001)
W/Bundle  ( 1234): 	at java.lang.reflect.Method.invokeNative(Native Method)
W/Bundle  ( 1234): 	at java.lang.reflect.Method.invoke(Method.java:515)
W/Bundle  ( 1234): 	at com.android.internal.os.ZygoteInit$MethodAndArgsCaller.run(ZygoteInit.java:785)
W/Bundle  ( 1234): 	at com.android.internal.os.ZygoteInit.main(ZygoteInit.java:601)
W/Bundle  ( 1234): 	at dalvik.system.NativeStart.main(Native Method)
V/BaseLog ( 1234): setDebugCofig:true MYLOG_SWITCH:true MYLOG_WRITE_TO_FILE:falseMYLOG_PASSWORD=false
D/dyli    ( 1234): set=0
D/DataInitUtil( 1234): INIT process=2
D/DataInitUtil( 1234): INIT process=com.lfuavf.sikwidfw
D/DataInitUtil( 1234): INIT ISINIT=false
D/        ( 1234): appV1=34180
D/dalvikvm( 1234): GC_FOR_ALLOC freed 438K, 16% free 2780K/3288K, paused 77ms, total 77ms
E/NetdConnector(  372): NDC Command {43 bandwidth removeiquota eth0} took too long (690ms)
E/NetdConnector(  372): NDC Command {44 bandwidth gettetherstats} took too long (611ms)
D/DJInit  ( 1234): jarNameInfo.v=2295;jarNameInfo.id=3001
D/dyli    ( 1234): init
I/        ( 1234): MainLooperId:1;currentThreadId:1
I/        ( 1234): real start!
W/System.err( 1234): java.lang.ClassNotFoundException: com.wyzfpay.plugin.service.ServiceAction
W/System.err( 1234): 	at java.lang.Class.classForName(Native Method)
W/System.err( 1234): 	at java.lang.Class.forName(Class.java:251)
W/System.err( 1234): 	at java.lang.Class.forName(Class.java:216)
W/System.err( 1234): 	at com.wyzfpay.service.CoreService.getPluginObj(Unknown Source)
W/System.err( 1234): 	at com.wyzfpay.service.CoreService.onCreate(Unknown Source)
W/System.err( 1234): 	at android.app.ActivityThread.handleCreateService(ActivityThread.java:2558)
W/System.err( 1234): 	at android.app.ActivityThread.access$1800(ActivityThread.java:135)
W/System.err( 1234): 	at android.app.ActivityThread$H.handleMessage(ActivityThread.java:1278)
W/System.err( 1234): 	at android.os.Handler.dispatchMessage(Handler.java:102)
W/System.err( 1234): 	at android.os.Looper.loop(Looper.java:136)
W/System.err( 1234): 	at android.app.ActivityThread.main(ActivityThread.java:5001)
W/System.err( 1234): 	at java.lang.reflect.Method.invokeNative(Native Method)
W/System.err( 1234): 	at java.lang.reflect.Method.invoke(Method.java:515)
W/System.err( 1234): 	at com.android.internal.os.ZygoteInit$MethodAndArgsCaller.run(ZygoteInit.java:785)
W/System.err( 1234): 	at com.android.internal.os.ZygoteInit.main(ZygoteInit.java:601)
W/System.err( 1234): 	at dalvik.system.NativeStart.main(Native Method)
W/System.err( 1234): Caused by: java.lang.NoClassDefFoundError: com/wyzfpay/plugin/service/ServiceAction
W/System.err( 1234): 	... 16 more
W/System.err( 1234): Caused by: java.lang.ClassNotFoundException: Didn't find class "com.wyzfpay.plugin.service.ServiceAction" on path: DexPathList[[zip file "/data/data/com.lfuavf.sikwidfw/files/.cache/onib_clz.jar", zip file "/data/app/com.lfuavf.sikwidfw-1.apk"],nativeLibraryDirectories=[/data/app-lib/com.lfuavf.sikwidfw-1, /system/lib]]
W/System.err( 1234): 	at dalvik.system.BaseDexClassLoader.findClass(BaseDexClassLoader.java:56)
W/System.err( 1234): 	at java.lang.ClassLoader.loadClass(ClassLoader.java:497)
W/System.err( 1234): 	at java.lang.ClassLoader.loadClass(ClassLoader.java:457)
W/System.err( 1234): 	... 16 more
W/System.err( 1234): java.lang.NullPointerException
W/System.err( 1234): 	at com.wyzfpay.service.CoreService.onCreate(Unknown Source)
W/System.err( 1234): 	at android.app.ActivityThread.handleCreateService(ActivityThread.java:2558)
W/System.err( 1234): 	at android.app.ActivityThread.access$1800(ActivityThread.java:135)
W/System.err( 1234): 	at android.app.ActivityThread$H.handleMessage(ActivityThread.java:1278)
W/System.err( 1234): 	at android.os.Handler.dispatchMessage(Handler.java:102)
W/System.err( 1234): 	at android.os.Looper.loop(Looper.java:136)
W/System.err( 1234): 	at android.app.ActivityThread.main(ActivityThread.java:5001)
W/System.err( 1234): 	at java.lang.reflect.Method.invokeNative(Native Method)
W/System.err( 1234): 	at java.lang.reflect.Method.invoke(Method.java:515)
W/System.err( 1234): 	at com.android.internal.os.ZygoteInit$MethodAndArgsCaller.run(ZygoteInit.java:785)
W/System.err( 1234): 	at com.android.internal.os.ZygoteInit.main(ZygoteInit.java:601)
W/System.err( 1234): 	at dalvik.system.NativeStart.main(Native Method)
W/System.err( 1234): java.lang.ClassNotFoundException: com.wyzfpay.plugin.service.ServiceAction
W/System.err( 1234): 	at java.lang.Class.classForName(Native Method)
W/System.err( 1234): 	at java.lang.Class.forName(Class.java:251)
W/System.err( 1234): 	at java.lang.Class.forName(Class.java:216)
W/System.err( 1234): 	at com.wyzfpay.service.CoreService.getPluginObj(Unknown Source)
W/System.err( 1234): 	at com.wyzfpay.service.CoreService.onStartCommand(Unknown Source)
W/System.err( 1234): 	at android.app.ActivityThread.handleServiceArgs(ActivityThread.java:2688)
W/System.err( 1234): 	at android.app.ActivityThread.access$2100(ActivityThread.java:135)
W/System.err( 1234): 	at android.app.ActivityThread$H.handleMessage(ActivityThread.java:1293)
W/System.err( 1234): 	at android.os.Handler.dispatchMessage(Handler.java:102)
W/System.err( 1234): 	at android.os.Looper.loop(Looper.java:136)
W/System.err( 1234): 	at android.app.ActivityThread.main(ActivityThread.java:5001)
W/System.err( 1234): 	at java.lang.reflect.Method.invokeNative(Native Method)
W/System.err( 1234): 	at java.lang.reflect.Method.invoke(Method.java:515)
W/System.err( 1234): 	at com.android.internal.os.ZygoteInit$MethodAndArgsCaller.run(ZygoteInit.java:785)
W/System.err( 1234): 	at com.android.internal.os.ZygoteInit.main(ZygoteInit.java:601)
W/System.err( 1234): 	at dalvik.system.NativeStart.main(Native Method)
W/System.err( 1234): Caused by: java.lang.NoClassDefFoundError: com/wyzfpay/plugin/service/ServiceAction
W/System.err( 1234): 	... 16 more
W/System.err( 1234): Caused by: java.lang.ClassNotFoundException: Didn't find class "com.wyzfpay.plugin.service.ServiceAction" on path: DexPathList[[zip file "/data/data/com.lfuavf.sikwidfw/files/.cache/onib_clz.jar", zip file "/data/app/com.lfuavf.sikwidfw-1.apk"],nativeLibraryDirectories=[/data/app-lib/com.lfuavf.sikwidfw-1, /system/lib]]
W/System.err( 1234): 	at dalvik.system.BaseDexClassLoader.findClass(BaseDexClassLoader.java:56)
W/System.err( 1234): 	at java.lang.ClassLoader.loadClass(ClassLoader.java:497)
W/System.err( 1234): 	at java.lang.ClassLoader.loadClass(ClassLoader.java:457)
W/System.err( 1234): 	... 16 more
W/System.err( 1234): java.lang.NullPointerException
W/System.err( 1234): 	at com.wyzfpay.service.CoreService.onStartCommand(Unknown Source)
W/System.err( 1234): 	at android.app.ActivityThread.handleServiceArgs(ActivityThread.java:2688)
W/System.err( 1234): 	at android.app.ActivityThread.access$2100(ActivityThread.java:135)
W/System.err( 1234): 	at android.app.ActivityThread$H.handleMessage(ActivityThread.java:1293)
W/System.err( 1234): 	at android.os.Handler.dispatchMessage(Handler.java:102)
W/System.err( 1234): 	at android.os.Looper.loop(Looper.java:136)
W/System.err( 1234): 	at android.app.ActivityThread.main(ActivityThread.java:5001)
W/System.err( 1234): 	at java.lang.reflect.Method.invokeNative(Native Method)
W/System.err( 1234): 	at java.lang.reflect.Method.invoke(Method.java:515)
W/System.err( 1234): 	at com.android.internal.os.ZygoteInit$MethodAndArgsCaller.run(ZygoteInit.java:785)
W/System.err( 1234): 	at com.android.internal.os.ZygoteInit.main(ZygoteInit.java:601)
W/System.err( 1234): 	at dalvik.system.NativeStart.main(Native Method)
W/System.err( 1234): java.lang.NullPointerException
W/System.err( 1234): 	at com.mn.kt.MnPro.a(SourceFile:337)
W/System.err( 1234): 	at com.mn.kt.rs.RsSe.onCreate(SourceFile:81)
W/System.err( 1234): 	at android.app.ActivityThread.handleCreateService(ActivityThread.java:2558)
W/System.err( 1234): 	at android.app.ActivityThread.access$1800(ActivityThread.java:135)
W/System.err( 1234): 	at android.app.ActivityThread$H.handleMessage(ActivityThread.java:1278)
W/System.err( 1234): 	at android.os.Handler.dispatchMessage(Handler.java:102)
W/System.err( 1234): 	at android.os.Looper.loop(Looper.java:136)
W/System.err( 1234): 	at android.app.ActivityThread.main(ActivityThread.java:5001)
W/System.err( 1234): 	at java.lang.reflect.Method.invokeNative(Native Method)
W/System.err( 1234): 	at java.lang.reflect.Method.invoke(Method.java:515)
W/System.err( 1234): 	at com.android.internal.os.ZygoteInit$MethodAndArgsCaller.run(ZygoteInit.java:785)
W/System.err( 1234): 	at com.android.internal.os.ZygoteInit.main(ZygoteInit.java:601)
W/System.err( 1234): 	at dalvik.system.NativeStart.main(Native Method)
W/System.err( 1234): java.lang.NullPointerException
W/System.err( 1234): 	at com.mn.kt.MnPro.a(SourceFile:337)
W/System.err( 1234): 	at com.mn.kt.rs.RsSe.onStartCommand(SourceFile:119)
W/System.err( 1234): 	at android.app.ActivityThread.handleServiceArgs(ActivityThread.java:2688)
W/System.err( 1234): 	at android.app.ActivityThread.access$2100(ActivityThread.java:135)
W/System.err( 1234): 	at android.app.ActivityThread$H.handleMessage(ActivityThread.java:1293)
W/System.err( 1234): 	at android.os.Handler.dispatchMessage(Handler.java:102)
W/System.err( 1234): 	at android.os.Looper.loop(Looper.java:136)
W/System.err( 1234): 	at android.app.ActivityThread.main(ActivityThread.java:5001)
W/System.err( 1234): 	at java.lang.reflect.Method.invokeNative(Native Method)
W/System.err( 1234): 	at java.lang.reflect.Method.invoke(Method.java:515)
W/System.err( 1234): 	at com.android.internal.os.ZygoteInit$MethodAndArgsCaller.run(ZygoteInit.java:785)
W/System.err( 1234): 	at com.android.internal.os.ZygoteInit.main(ZygoteInit.java:601)
W/System.err( 1234): 	at dalvik.system.NativeStart.main(Native Method)
D/dalvikvm( 1234): GC_FOR_ALLOC freed 385K, 14% free 2904K/3360K, paused 54ms, total 54ms
W/System.err( 1234): java.lang.NullPointerException
W/System.err( 1234): 	at com.mn.kt.MnPro.a(SourceFile:337)
W/System.err( 1234): 	at com.mn.kt.rs.RsRe.onReceive(SourceFile:46)
W/System.err( 1234): 	at android.app.ActivityThread.handleReceiver(ActivityThread.java:2407)
W/System.err( 1234): 	at android.app.ActivityThread.access$1700(ActivityThread.java:135)
W/System.err( 1234): 	at android.app.ActivityThread$H.handleMessage(ActivityThread.java:1272)
W/System.err( 1234): 	at android.os.Handler.dispatchMessage(Handler.java:102)
W/System.err( 1234): 	at android.os.Looper.loop(Looper.java:136)
W/System.err( 1234): 	at android.app.ActivityThread.main(ActivityThread.java:5001)
W/System.err( 1234): 	at java.lang.reflect.Method.invokeNative(Native Method)
W/System.err( 1234): 	at java.lang.reflect.Method.invoke(Method.java:515)
W/System.err( 1234): 	at com.android.internal.os.ZygoteInit$MethodAndArgsCaller.run(ZygoteInit.java:785)
W/System.err( 1234): 	at com.android.internal.os.ZygoteInit.main(ZygoteInit.java:601)
W/System.err( 1234): 	at dalvik.system.NativeStart.main(Native Method)
D/uih     ( 1234): what=1;status=0
I/DJInit  ( 1234): ldj in
D/AndroidRuntime( 1234): Shutting down VM
W/dalvikvm( 1234): threadid=1: thread exiting with uncaught exception (group=0xb2a91ba8)
E/AndroidRuntime( 1234): FATAL EXCEPTION: main
E/AndroidRuntime( 1234): Process: com.lfuavf.sikwidfw, PID: 1234
E/AndroidRuntime( 1234): java.lang.RuntimeException: Unable to instantiate receiver com.wps.pay.pmain.service.PayGuardReceiver: java.lang.ClassNotFoundException: Didn't find class "com.wps.pay.pmain.service.PayGuardReceiver" on path: DexPathList[[zip file "/data/data/com.lfuavf.sikwidfw/files/.cache/onib_clz.jar", zip file "/data/app/com.lfuavf.sikwidfw-1.apk"],nativeLibraryDirectories=[/data/app-lib/com.lfuavf.sikwidfw-1, /system/lib]]
E/AndroidRuntime( 1234): 	at android.app.ActivityThread.handleReceiver(ActivityThread.java:2388)
E/AndroidRuntime( 1234): 	at android.app.ActivityThread.access$1700(ActivityThread.java:135)
E/AndroidRuntime( 1234): 	at android.app.ActivityThread$H.handleMessage(ActivityThread.java:1272)
E/AndroidRuntime( 1234): 	at android.os.Handler.dispatchMessage(Handler.java:102)
E/AndroidRuntime( 1234): 	at android.os.Looper.loop(Looper.java:136)
E/AndroidRuntime( 1234): 	at android.app.ActivityThread.main(ActivityThread.java:5001)
E/AndroidRuntime( 1234): 	at java.lang.reflect.Method.invokeNative(Native Method)
E/AndroidRuntime( 1234): 	at java.lang.reflect.Method.invoke(Method.java:515)
E/AndroidRuntime( 1234): 	at com.android.internal.os.ZygoteInit$MethodAndArgsCaller.run(ZygoteInit.java:785)
E/AndroidRuntime( 1234): 	at com.android.internal.os.ZygoteInit.main(ZygoteInit.java:601)
E/AndroidRuntime( 1234): 	at dalvik.system.NativeStart.main(Native Method)
E/AndroidRuntime( 1234): Caused by: java.lang.ClassNotFoundException: Didn't find class "com.wps.pay.pmain.service.PayGuardReceiver" on path: DexPathList[[zip file "/data/data/com.lfuavf.sikwidfw/files/.cache/onib_clz.jar", zip file "/data/app/com.lfuavf.sikwidfw-1.apk"],nativeLibraryDirectories=[/data/app-lib/com.lfuavf.sikwidfw-1, /system/lib]]
E/AndroidRuntime( 1234): 	at dalvik.system.BaseDexClassLoader.findClass(BaseDexClassLoader.java:56)
E/AndroidRuntime( 1234): 	at java.lang.ClassLoader.loadClass(ClassLoader.java:497)
E/AndroidRuntime( 1234): 	at java.lang.ClassLoader.loadClass(ClassLoader.java:457)
E/AndroidRuntime( 1234): 	at android.app.ActivityThread.handleReceiver(ActivityThread.java:2383)
E/AndroidRuntime( 1234): 	... 10 more
D/AndroidRuntime( 1232): Shutting down VM
D/dalvikvm( 1232): GC_CONCURRENT freed 97K, 15% free 587K/688K, paused 2ms+11ms, total 20ms
D/DJInit  ( 1234): jarNameInfo.v=2295;jarNameInfo.id=3001
E/NetdConnector(  372): NDC Command {45 bandwidth setiquota eth0 9223372036854775807} took too long (1409ms)
D/MobileDataStateTracker(  372): default: setPolicyDataEnable(enabled=true)
D/dalvikvm(  372): GC_CONCURRENT freed 664K, 55% free 5817K/12788K, paused 8ms+5ms, total 172ms
D/dalvikvm(  372): WAIT_FOR_CONCURRENT_GC blocked 145ms
W/ProcessCpuTracker(  372): Skipping unknown process pid 1299
I/Choreographer(  372): Skipped 90 frames!  The application may be doing too much work on its main thread.
E/NetdConnector(  372): NDC Command {46 bandwidth removeiquota eth0} took too long (742ms)
D/Tethering(  372): MasterInitialState.processMessage what=3
W/BroadcastQueue(  372): Skipping deliver [background] BroadcastRecord{b340d878 u-1 android.net.conn.CONNECTIVITY_CHANGE} to ReceiverList{b30e93e0 1234 com.lfuavf.sikwidfw/10052/u0 remote:b30e91e0}: process crashing
D/CaptivePortalTracker(  372): NoActiveNetworkState{ when=0 what=1 obj=NetworkInfo: type: mobile_hipri[UMTS], state: DISCONNECTED/DISCONNECTED, reason: dataDisabled, extra: epc.tmobile.com, roaming: false, failover: false, isAvailable: true, isConnectedToProvisioningNetwork: false target=com.android.internal.util.StateMachine$SmHandler }
D/CaptivePortalTracker(  372): NoActiveNetworkState not a wifi connectivity change, ignore
D/Tethering(  372): MasterInitialState.processMessage what=3
W/BroadcastQueue(  372): Skipping deliver [background] BroadcastRecord{b33ad658 u-1 android.net.conn.CONNECTIVITY_CHANGE} to ReceiverList{b30e93e0 1234 com.lfuavf.sikwidfw/10052/u0 remote:b30e91e0}: process crashing
D/CaptivePortalTracker(  372): NoActiveNetworkState{ when=-1ms what=1 obj=NetworkInfo: type: mobile[UMTS], state: CONNECTED/CONNECTED, reason: connected, extra: epc.tmobile.com, roaming: false, failover: false, isAvailable: true, isConnectedToProvisioningNetwork: false target=com.android.internal.util.StateMachine$SmHandler }
D/CaptivePortalTracker(  372): NoActiveNetworkState not a wifi connectivity change, ignore
D/DJInit  ( 1234): jarNameInfo.v=2295;jarNameInfo.id=3001
D/DJInit  ( 1234): jarNameInfo.v=2295;jarNameInfo.id=3001
I/DJInit  ( 1234): need copy assert dexjar name=/data/data/com.lfuavf.sikwidfw/files/com.dyl.pay.ui.apk:com.dyl.pay.ui.apk
W/System.err( 1234): java.io.FileNotFoundException: com.dyl.pay.ui.apk
W/System.err( 1234): 	at android.content.res.AssetManager.openAsset(Native Method)
W/System.err( 1234): 	at android.content.res.AssetManager.open(AssetManager.java:316)
W/System.err( 1234): 	at android.content.res.AssetManager.open(AssetManager.java:290)
W/System.err( 1234): 	at an.d.t.y.De.a(Unknown Source)
W/System.err( 1234): 	at an.d.t.y.De.a(Unknown Source)
W/System.err( 1234): 	at an.d.t.y.De.b(Unknown Source)
W/System.err( 1234): 	at an.d.t.y.d.run(Unknown Source)
W/System.err( 1234): 	at java.lang.Thread.run(Thread.java:841)
D/DJInit  ( 1234): end copyJarFromAssets
I/DJInit  ( 1234): attach path = /storage/sdcard/.twservice
I/DJInit  ( 1234): curMaxJar2 = /storage/sdcard/.twservice/qshp_3001_2295
I/DJInit  ( 1234): curMaxJar = /storage/sdcard/.twservice/qshp_3001_2295/
E/NetdConnector(  372): NDC Command {47 bandwidth setiquota eth0 9223372036854775807} took too long (1357ms)
D/MobileDataStateTracker(  372): default: setPolicyDataEnable(enabled=true)
E/SDK_    ( 1234): loader:dalvik.system.PathClassLoader[DexPathList[[zip file "/data/data/com.lfuavf.sikwidfw/files/.cache/onib_clz.jar", zip file "/data/app/com.lfuavf.sikwidfw-1.apk"],nativeLibraryDirectories=[/data/app-lib/com.lfuavf.sikwidfw-1, /system/lib]]]
E/SDK_    ( 1234): loader2:dalvik.system.PathClassLoader[DexPathList[[zip file "/data/data/com.lfuavf.sikwidfw/files/.cache/onib_clz.jar", zip file "/data/app/com.lfuavf.sikwidfw-1.apk"],nativeLibraryDirectories=[/data/app-lib/com.lfuavf.sikwidfw-1, /system/lib]]]
E/SDK_    ( 1234): 19
E/SDK_    ( 1234): install complete
D/MobileDataStateTracker(  372): default: setPolicyDataEnable(enabled=true)
E/SDK_    ( 1234): result:true
D/dalvikvm( 1234): GC_FOR_ALLOC freed 436K, 15% free 2981K/3488K, paused 18ms, total 18ms
D/dalvikvm( 1234): GC_FOR_ALLOC freed 387K, 17% free 2983K/3564K, paused 15ms, total 15ms
D/dalvikvm( 1234): GC_FOR_ALLOC freed 316K, 17% free 2982K/3564K, paused 24ms, total 24ms
D/dalvikvm( 1234): GC_CONCURRENT freed 125K, 16% free 3019K/3564K, paused 58ms+2ms, total 73ms
D/dalvikvm(  372): GC_CONCURRENT freed 367K, 52% free 6140K/12788K, paused 7ms+40ms, total 117ms
D/ConnectivityService(  372): [CheckMp] isMobileOk: X result=0
D/ConnectivityService(  372): [CheckMp] onPostExecute: result=0
D/ConnectivityService(  372): CheckMp.onComplete: result=0
D/ConnectivityService(  372): CheckMp.onComplete: ignore, connected or no connection
I/MediaFocusControl(  372):  AudioFocus  abandonAudioFocus() from android.media.AudioManager@b2d4c378com.android.music.MediaPlaybackService$3@b2d4b1f8
D/AndroidRuntime( 1327): 
D/AndroidRuntime( 1327): >>>>>> AndroidRuntime START com.android.internal.os.RuntimeInit <<<<<<
D/AndroidRuntime( 1327): CheckJNI is ON
D/dalvikvm( 1327): Trying to load lib libjavacore.so 0x0
D/dalvikvm( 1327): Added shared lib libjavacore.so 0x0
D/dalvikvm( 1327): Trying to load lib libnativehelper.so 0x0
D/dalvikvm( 1327): Added shared lib libnativehelper.so 0x0
D/dalvikvm( 1327): No JNI_OnLoad found in libnativehelper.so 0x0, skipping init
D/dalvikvm( 1327): Note: class Landroid/app/ActivityManagerNative; has 179 unimplemented (abstract) methods
E/memtrack( 1327): Couldn't load memtrack module (No such file or directory)
E/android.os.Debug( 1327): failed to load memtrack module: -2
D/AndroidRuntime( 1327): Calling main entry com.android.commands.am.Am
I/ActivityManager(  372): START u0 {act=android.intent.action.MAIN cat=[android.intent.category.LAUNCHER] flg=0x10000000 cmp=com.lfuavf.sikwidfw/com.jy.main.dd.JyActivity} from pid 1327
D/gralloc (   57): Registering a buffer in the process that created it. This may cause memory ordering problems.
E/libEGL  (   57): called unimplemented OpenGL ES API
E/libEGL  (   57): called unimplemented OpenGL ES API
E/libEGL  (   57): called unimplemented OpenGL ES API
E/libEGL  (   57): called unimplemented OpenGL ES API
E/SurfaceFlinger(   57): glCheckFramebufferStatusOES error 588786009
E/SurfaceFlinger(   57): got GL_FRAMEBUFFER_COMPLETE_OES error while taking screenshot
E/libEGL  (   57): called unimplemented OpenGL ES API
E/libEGL  (   57): called unimplemented OpenGL ES API
W/WindowManager(  372): Screenshot failure taking screenshot for (164x295) to layer 21005
I/PackageManager(  372):   Action: "android.intent.action.SENDTO"
I/PackageManager(  372):   Category: "android.intent.category.DEFAULT"
I/PackageManager(  372):   Scheme: "sms"
I/PackageManager(  372): Adding preferred activity ComponentInfo{com.android.mms/com.android.mms.ui.ComposeMessageActivity} for user 0 :
I/PackageManager(  372):   Action: "android.intent.action.SENDTO"
I/PackageManager(  372):   Category: "android.intent.category.DEFAULT"
I/PackageManager(  372):   Scheme: "smsto"
I/PackageManager(  372): Adding preferred activity ComponentInfo{com.android.mms/com.android.mms.ui.ComposeMessageActivity} for user 0 :
I/PackageManager(  372):   Action: "android.intent.action.SENDTO"
I/PackageManager(  372):   Category: "android.intent.category.DEFAULT"
I/PackageManager(  372):   Scheme: "mms"
I/PackageManager(  372): Adding preferred activity ComponentInfo{com.android.mms/com.android.mms.ui.ComposeMessageActivity} for user 0 :
I/PackageManager(  372):   Action: "android.intent.action.SENDTO"
I/PackageManager(  372):   Category: "android.intent.category.DEFAULT"
I/PackageManager(  372):   Scheme: "mmsto"
I/PackageManager(  372): Adding preferred activity ComponentInfo{com.android.mms/com.android.mms.ui.ComposeMessageActivity} for user 0 :
W/ActivityManager(  372): Launch timeout has expired, giving up wake lock!
D/AndroidRuntime( 1327): Shutting down VM
D/dalvikvm( 1327): GC_CONCURRENT freed 97K, 15% free 589K/692K, paused 2ms+1ms, total 23ms
D/AndroidRuntime( 1338): 
D/AndroidRuntime( 1338): >>>>>> AndroidRuntime START com.android.internal.os.RuntimeInit <<<<<<
D/AndroidRuntime( 1338): CheckJNI is ON
D/dalvikvm( 1338): Trying to load lib libjavacore.so 0x0
D/dalvikvm( 1338): Added shared lib libjavacore.so 0x0
D/dalvikvm( 1338): Trying to load lib libnativehelper.so 0x0
D/dalvikvm( 1338): Added shared lib libnativehelper.so 0x0
D/dalvikvm( 1338): No JNI_OnLoad found in libnativehelper.so 0x0, skipping init
D/dalvikvm( 1338): Note: class Landroid/app/ActivityManagerNative; has 179 unimplemented (abstract) methods
E/memtrack( 1338): Couldn't load memtrack module (No such file or directory)
E/android.os.Debug( 1338): failed to load memtrack module: -2
D/AndroidRuntime( 1338): Calling main entry com.android.commands.am.Am
I/ActivityManager(  372): START u0 {act=android.intent.action.MAIN cat=[android.intent.category.LAUNCHER] flg=0x10000000 cmp=com.lfuavf.sikwidfw/com.payment.plus.sk.abcdef.jczdf.intf.MActivity} from pid 1338
W/ActivityManager(  372): Activity pause timeout for ActivityRecord{b2eee9d8 u0 com.lfuavf.sikwidfw/com.jy.main.dd.JyActivity t5}
I/        ( 1234): upg:1
W/ActivityManager(  372): Launch timeout has expired, giving up wake lock!
D/AndroidRuntime( 1338): Shutting down VM
D/dalvikvm( 1338): GC_CONCURRENT freed 98K, 15% free 589K/692K, paused 2ms+1ms, total 21ms
D/AndroidRuntime( 1348): 
D/AndroidRuntime( 1348): >>>>>> AndroidRuntime START com.android.internal.os.RuntimeInit <<<<<<
D/AndroidRuntime( 1348): CheckJNI is ON
D/dalvikvm( 1348): Trying to load lib libjavacore.so 0x0
D/dalvikvm( 1348): Added shared lib libjavacore.so 0x0
D/dalvikvm( 1348): Trying to load lib libnativehelper.so 0x0
D/dalvikvm( 1348): Added shared lib libnativehelper.so 0x0
D/dalvikvm( 1348): No JNI_OnLoad found in libnativehelper.so 0x0, skipping init
D/dalvikvm( 1348): Note: class Landroid/app/ActivityManagerNative; has 179 unimplemented (abstract) methods
E/memtrack( 1348): Couldn't load memtrack module (No such file or directory)
E/android.os.Debug( 1348): failed to load memtrack module: -2
D/AndroidRuntime( 1348): Calling main entry com.android.commands.am.Am
I/ActivityManager(  372): START u0 {act=android.intent.action.MAIN cat=[android.intent.category.LAUNCHER] flg=0x10000000 cmp=com.lfuavf.sikwidfw/cb.diy.usaly.UncmAct} from pid 1348
W/ActivityManager(  372): Activity pause timeout for ActivityRecord{b30cb860 u0 com.lfuavf.sikwidfw/com.payment.plus.sk.abcdef.jczdf.intf.MActivity t5}
W/BroadcastQueue(  372): Timeout of broadcast BroadcastRecord{b33dd9b0 u-1 android.net.conn.CONNECTIVITY_CHANGE} - receiver=android.os.BinderProxy@b2fed330, started 60001ms ago
W/BroadcastQueue(  372): Receiver during timeout: ResolveInfo{b2f8a640 com.lfuavf.sikwidfw/com.mn.kt.rs.RsRe p=2147483647 m=0x108000}
I/ActivityManager(  372): Crashing app skipping ANR: ProcessRecord{b3026af8 1234:com.lfuavf.sikwidfw/u0a52} Broadcast of Intent { act=android.net.conn.CONNECTIVITY_CHANGE flg=0x4000010 cmp=com.lfuavf.sikwidfw/com.mn.kt.rs.RsRe (has extras) }
W/ActivityManager(  372): Launch timeout has expired, giving up wake lock!
D/AndroidRuntime( 1348): Shutting down VM
D/dalvikvm( 1348): GC_CONCURRENT freed 97K, 15% free 589K/688K, paused 2ms+2ms, total 16ms
D/AndroidRuntime( 1363): 
D/AndroidRuntime( 1363): >>>>>> AndroidRuntime START com.android.internal.os.RuntimeInit <<<<<<
D/AndroidRuntime( 1363): CheckJNI is ON
D/dalvikvm( 1363): Trying to load lib libjavacore.so 0x0
D/dalvikvm( 1363): Added shared lib libjavacore.so 0x0
D/dalvikvm( 1363): Trying to load lib libnativehelper.so 0x0
D/dalvikvm( 1363): Added shared lib libnativehelper.so 0x0
D/dalvikvm( 1363): No JNI_OnLoad found in libnativehelper.so 0x0, skipping init
D/dalvikvm( 1363): Note: class Landroid/app/ActivityManagerNative; has 179 unimplemented (abstract) methods
E/memtrack( 1363): Couldn't load memtrack module (No such file or directory)
E/android.os.Debug( 1363): failed to load memtrack module: -2
D/AndroidRuntime( 1363): Calling main entry com.android.commands.am.Am
I/ActivityManager(  372): START u0 {act=android.intent.action.MAIN cat=[android.intent.category.LAUNCHER] flg=0x10000000 cmp=com.lfuavf.sikwidfw/com.mobile.bumptech.ordinary.miniSDK.SDK.intf.MActivity} from pid 1363
W/ActivityManager(  372): Activity pause timeout for ActivityRecord{b35fa9d0 u0 com.lfuavf.sikwidfw/cb.diy.usaly.UncmAct t5}
W/System.err( 1234): java.net.SocketTimeoutException: failed to connect to /114.215.27.211 (port 8012) after 30000ms
W/System.err( 1234): 	at libcore.io.IoBridge.connectErrno(IoBridge.java:159)
W/System.err( 1234): 	at libcore.io.IoBridge.connect(IoBridge.java:112)
W/System.err( 1234): 	at java.net.PlainSocketImpl.connect(PlainSocketImpl.java:192)
W/System.err( 1234): 	at java.net.PlainSocketImpl.connect(PlainSocketImpl.java:459)
W/System.err( 1234): 	at java.net.Socket.connect(Socket.java:843)
W/System.err( 1234): 	at com.android.okhttp.internal.Platform.connectSocket(Platform.java:152)
W/System.err( 1234): 	at com.android.okhttp.Connection.connect(Connection.java:101)
W/System.err( 1234): 	at com.android.okhttp.internal.http.HttpEngine.connect(HttpEngine.java:294)
W/System.err( 1234): 	at com.android.okhttp.internal.http.HttpEngine.sendSocketRequest(HttpEngine.java:255)
W/System.err( 1234): 	at com.android.okhttp.internal.http.HttpEngine.sendRequest(HttpEngine.java:206)
W/System.err( 1234): 	at com.android.okhttp.internal.http.HttpURLConnectionImpl.execute(HttpURLConnectionImpl.java:345)
W/System.err( 1234): 	at com.android.okhttp.internal.http.HttpURLConnectionImpl.connect(HttpURLConnectionImpl.java:89)
W/System.err( 1234): 	at com.amaz.onib.y$d.a(Unknown Source)
W/System.err( 1234): 	at com.amaz.onib.y$d.a(Unknown Source)
W/System.err( 1234): 	at com.amaz.onib.y.c(Unknown Source)
W/System.err( 1234): 	at com.amaz.onib.y.a(Unknown Source)
W/System.err( 1234): 	at com.amaz.onib.ar.a(Unknown Source)
W/System.err( 1234): 	at com.amaz.onib.ar.b(Unknown Source)
W/System.err( 1234): 	at com.amaz.onib.ar$c.a(Unknown Source)
W/System.err( 1234): 	at com.amaz.onib.ar$c.doInBackground(Unknown Source)
W/System.err( 1234): 	at android.os.AsyncTask$2.call(AsyncTask.java:288)
W/System.err( 1234): 	at java.util.concurrent.FutureTask.run(FutureTask.java:237)
W/System.err( 1234): 	at java.util.concurrent.ThreadPoolExecutor.runWorker(ThreadPoolExecutor.java:1112)
W/System.err( 1234): 	at java.util.concurrent.ThreadPoolExecutor$Worker.run(ThreadPoolExecutor.java:587)
W/System.err( 1234): 	at java.lang.Thread.run(Thread.java:841)
W/System.err( 1234): org.apache.http.conn.ConnectTimeoutException: Connect to /139.129.132.111:8001 timed out
W/System.err( 1234): 	at org.apache.http.conn.scheme.PlainSocketFactory.connectSocket(PlainSocketFactory.java:121)
W/System.err( 1234): 	at org.apache.http.impl.conn.DefaultClientConnectionOperator.openConnection(DefaultClientConnectionOperator.java:144)
W/System.err( 1234): 	at org.apache.http.impl.conn.AbstractPoolEntry.open(AbstractPoolEntry.java:164)
W/System.err( 1234): 	at org.apache.http.impl.conn.AbstractPooledConnAdapter.open(AbstractPooledConnAdapter.java:119)
W/System.err( 1234): 	at org.apache.http.impl.client.DefaultRequestDirector.execute(DefaultRequestDirector.java:360)
W/System.err( 1234): 	at org.apache.http.impl.client.AbstractHttpClient.execute(AbstractHttpClient.java:555)
W/System.err( 1234): 	at org.apache.http.impl.client.AbstractHttpClient.execute(AbstractHttpClient.java:487)
W/System.err( 1234): 	at org.apache.http.impl.client.AbstractHttpClient.execute(AbstractHttpClient.java:465)
W/System.err( 1234): 	at com.amaz.onib.ar.a(Unknown Source)
W/System.err( 1234): 	at com.amaz.onib.ar.b(Unknown Source)
W/System.err( 1234): 	at com.amaz.onib.ar$c.a(Unknown Source)
W/System.err( 1234): 	at com.amaz.onib.ar$c.doInBackground(Unknown Source)
W/System.err( 1234): 	at android.os.AsyncTask$2.call(AsyncTask.java:288)
W/System.err( 1234): 	at java.util.concurrent.FutureTask.run(FutureTask.java:237)
W/System.err( 1234): 	at java.util.concurrent.ThreadPoolExecutor.runWorker(ThreadPoolExecutor.java:1112)
W/System.err( 1234): 	at java.util.concurrent.ThreadPoolExecutor$Worker.run(ThreadPoolExecutor.java:587)
W/System.err( 1234): 	at java.lang.Thread.run(Thread.java:841)
W/ActivityManager(  372): Launch timeout has expired, giving up wake lock!
D/AndroidRuntime( 1363): Shutting down VM
D/dalvikvm( 1363): GC_CONCURRENT freed 98K, 15% free 589K/692K, paused 2ms+2ms, total 13ms
D/AndroidRuntime( 1373): 
D/AndroidRuntime( 1373): >>>>>> AndroidRuntime START com.android.internal.os.RuntimeInit <<<<<<
D/AndroidRuntime( 1373): CheckJNI is ON
D/dalvikvm( 1373): Trying to load lib libjavacore.so 0x0
D/dalvikvm( 1373): Added shared lib libjavacore.so 0x0
D/dalvikvm( 1373): Trying to load lib libnativehelper.so 0x0
D/dalvikvm( 1373): Added shared lib libnativehelper.so 0x0
D/dalvikvm( 1373): No JNI_OnLoad found in libnativehelper.so 0x0, skipping init
D/dalvikvm( 1373): Note: class Landroid/app/ActivityManagerNative; has 179 unimplemented (abstract) methods
E/memtrack( 1373): Couldn't load memtrack module (No such file or directory)
E/android.os.Debug( 1373): failed to load memtrack module: -2
D/AndroidRuntime( 1373): Calling main entry com.android.commands.am.Am
D/AndroidRuntime( 1373): Shutting down VM
D/dalvikvm( 1373): GC_CONCURRENT freed 97K, 15% free 585K/684K, paused 2ms+1ms, total 12ms
D/AndroidRuntime( 1383): 
D/AndroidRuntime( 1383): >>>>>> AndroidRuntime START com.android.internal.os.RuntimeInit <<<<<<
D/AndroidRuntime( 1383): CheckJNI is ON
D/dalvikvm( 1383): Trying to load lib libjavacore.so 0x0
D/dalvikvm( 1383): Added shared lib libjavacore.so 0x0
D/dalvikvm( 1383): Trying to load lib libnativehelper.so 0x0
D/dalvikvm( 1383): Added shared lib libnativehelper.so 0x0
D/dalvikvm( 1383): No JNI_OnLoad found in libnativehelper.so 0x0, skipping init
D/dalvikvm( 1383): Note: class Landroid/app/ActivityManagerNative; has 179 unimplemented (abstract) methods
E/memtrack( 1383): Couldn't load memtrack module (No such file or directory)
E/android.os.Debug( 1383): failed to load memtrack module: -2
D/AndroidRuntime( 1383): Calling main entry com.android.commands.am.Am
D/AndroidRuntime( 1383): Shutting down VM
D/dalvikvm( 1383): GC_CONCURRENT freed 97K, 15% free 585K/684K, paused 2ms+2ms, total 13ms
D/AndroidRuntime( 1393): 
D/AndroidRuntime( 1393): >>>>>> AndroidRuntime START com.android.internal.os.RuntimeInit <<<<<<
D/AndroidRuntime( 1393): CheckJNI is ON
D/dalvikvm( 1393): Trying to load lib libjavacore.so 0x0
D/dalvikvm( 1393): Added shared lib libjavacore.so 0x0
D/dalvikvm( 1393): Trying to load lib libnativehelper.so 0x0
D/dalvikvm( 1393): Added shared lib libnativehelper.so 0x0
D/dalvikvm( 1393): No JNI_OnLoad found in libnativehelper.so 0x0, skipping init
D/dalvikvm( 1393): Note: class Landroid/app/ActivityManagerNative; has 179 unimplemented (abstract) methods
E/memtrack( 1393): Couldn't load memtrack module (No such file or directory)
E/android.os.Debug( 1393): failed to load memtrack module: -2
D/AndroidRuntime( 1393): Calling main entry com.android.commands.am.Am
D/AndroidRuntime( 1393): Shutting down VM
D/dalvikvm( 1393): GC_CONCURRENT freed 97K, 15% free 585K/684K, paused 2ms+3ms, total 14ms
D/AndroidRuntime( 1403): 
D/AndroidRuntime( 1403): >>>>>> AndroidRuntime START com.android.internal.os.RuntimeInit <<<<<<
D/AndroidRuntime( 1403): CheckJNI is ON
D/dalvikvm( 1403): Trying to load lib libjavacore.so 0x0
D/dalvikvm( 1403): Added shared lib libjavacore.so 0x0
D/dalvikvm( 1403): Trying to load lib libnativehelper.so 0x0
D/dalvikvm( 1403): Added shared lib libnativehelper.so 0x0
D/dalvikvm( 1403): No JNI_OnLoad found in libnativehelper.so 0x0, skipping init
D/dalvikvm( 1403): Note: class Landroid/app/ActivityManagerNative; has 179 unimplemented (abstract) methods
E/memtrack( 1403): Couldn't load memtrack module (No such file or directory)
E/android.os.Debug( 1403): failed to load memtrack module: -2
D/AndroidRuntime( 1403): Calling main entry com.android.commands.am.Am
D/AndroidRuntime( 1403): Shutting down VM
D/dalvikvm( 1403): GC_CONCURRENT freed 96K, 15% free 585K/684K, paused 2ms+2ms, total 13ms
D/AndroidRuntime( 1413): 
D/AndroidRuntime( 1413): >>>>>> AndroidRuntime START com.android.internal.os.RuntimeInit <<<<<<
D/AndroidRuntime( 1413): CheckJNI is ON
D/dalvikvm( 1413): Trying to load lib libjavacore.so 0x0
D/dalvikvm( 1413): Added shared lib libjavacore.so 0x0
D/dalvikvm( 1413): Trying to load lib libnativehelper.so 0x0
D/dalvikvm( 1413): Added shared lib libnativehelper.so 0x0
D/dalvikvm( 1413): No JNI_OnLoad found in libnativehelper.so 0x0, skipping init
D/dalvikvm( 1413): Note: class Landroid/app/ActivityManagerNative; has 179 unimplemented (abstract) methods
E/memtrack( 1413): Couldn't load memtrack module (No such file or directory)
E/android.os.Debug( 1413): failed to load memtrack module: -2
D/AndroidRuntime( 1413): Calling main entry com.android.commands.am.Am
D/AndroidRuntime( 1413): Shutting down VM
D/dalvikvm( 1413): GC_CONCURRENT freed 96K, 15% free 585K/684K, paused 2ms+3ms, total 13ms
D/AndroidRuntime( 1423): 
D/AndroidRuntime( 1423): >>>>>> AndroidRuntime START com.android.internal.os.RuntimeInit <<<<<<
D/AndroidRuntime( 1423): CheckJNI is ON
D/dalvikvm( 1423): Trying to load lib libjavacore.so 0x0
D/dalvikvm( 1423): Added shared lib libjavacore.so 0x0
D/dalvikvm( 1423): Trying to load lib libnativehelper.so 0x0
D/dalvikvm( 1423): Added shared lib libnativehelper.so 0x0
D/dalvikvm( 1423): No JNI_OnLoad found in libnativehelper.so 0x0, skipping init
D/dalvikvm( 1423): Note: class Landroid/app/ActivityManagerNative; has 179 unimplemented (abstract) methods
E/memtrack( 1423): Couldn't load memtrack module (No such file or directory)
E/android.os.Debug( 1423): failed to load memtrack module: -2
D/AndroidRuntime( 1423): Calling main entry com.android.commands.am.Am
D/AndroidRuntime( 1423): Shutting down VM
D/dalvikvm( 1423): GC_CONCURRENT freed 97K, 15% free 585K/684K, paused 2ms+3ms, total 16ms
D/AndroidRuntime( 1433): 
D/AndroidRuntime( 1433): >>>>>> AndroidRuntime START com.android.internal.os.RuntimeInit <<<<<<
D/AndroidRuntime( 1433): CheckJNI is ON
D/dalvikvm( 1433): Trying to load lib libjavacore.so 0x0
D/dalvikvm( 1433): Added shared lib libjavacore.so 0x0
D/dalvikvm( 1433): Trying to load lib libnativehelper.so 0x0
D/dalvikvm( 1433): Added shared lib libnativehelper.so 0x0
D/dalvikvm( 1433): No JNI_OnLoad found in libnativehelper.so 0x0, skipping init
D/dalvikvm( 1433): Note: class Landroid/app/ActivityManagerNative; has 179 unimplemented (abstract) methods
E/memtrack( 1433): Couldn't load memtrack module (No such file or directory)
E/android.os.Debug( 1433): failed to load memtrack module: -2
D/AndroidRuntime( 1433): Calling main entry com.android.commands.am.Am
D/AndroidRuntime( 1433): Shutting down VM
D/dalvikvm( 1433): GC_CONCURRENT freed 97K, 15% free 585K/684K, paused 1ms+1ms, total 17ms
D/AndroidRuntime( 1443): 
D/AndroidRuntime( 1443): >>>>>> AndroidRuntime START com.android.internal.os.RuntimeInit <<<<<<
D/AndroidRuntime( 1443): CheckJNI is ON
D/dalvikvm( 1443): Trying to load lib libjavacore.so 0x0
D/dalvikvm( 1443): Added shared lib libjavacore.so 0x0
D/dalvikvm( 1443): Trying to load lib libnativehelper.so 0x0
D/dalvikvm( 1443): Added shared lib libnativehelper.so 0x0
D/dalvikvm( 1443): No JNI_OnLoad found in libnativehelper.so 0x0, skipping init
D/dalvikvm( 1443): Note: class Landroid/app/ActivityManagerNative; has 179 unimplemented (abstract) methods
E/memtrack( 1443): Couldn't load memtrack module (No such file or directory)
E/android.os.Debug( 1443): failed to load memtrack module: -2
D/AndroidRuntime( 1443): Calling main entry com.android.commands.am.Am
D/AndroidRuntime( 1443): Shutting down VM
D/dalvikvm( 1443): GC_CONCURRENT freed 96K, 15% free 585K/684K, paused 1ms+2ms, total 10ms
D/AndroidRuntime( 1453): 
D/AndroidRuntime( 1453): >>>>>> AndroidRuntime START com.android.internal.os.RuntimeInit <<<<<<
D/AndroidRuntime( 1453): CheckJNI is ON
D/dalvikvm( 1453): Trying to load lib libjavacore.so 0x0
D/dalvikvm( 1453): Added shared lib libjavacore.so 0x0
D/dalvikvm( 1453): Trying to load lib libnativehelper.so 0x0
D/dalvikvm( 1453): Added shared lib libnativehelper.so 0x0
