D/MobileDataStateTracker(  356): ia: Broadcast received: android.intent.action.ANY_DATA_STATE apnType=ia
D/MobileDataStateTracker(  356): ia: Received state=DISCONNECTED, old=DISCONNECTED, reason=radioTurnedOff
D/MobileDataStateTracker(  356): supl: Broadcast received: android.intent.action.ANY_DATA_STATE apnType=supl
D/MobileDataStateTracker(  356): supl: Received state=DISCONNECTED, old=DISCONNECTED, reason=radioTurnedOff
D/MobileDataStateTracker(  356): hipri: Broadcast received: android.intent.action.ANY_DATA_STATE apnType=hipri
D/MobileDataStateTracker(  356): hipri: Received state=DISCONNECTED, old=DISCONNECTED, reason=radioTurnedOff
D/MobileDataStateTracker(  356): ims: Broadcast received: android.intent.action.ANY_DATA_STATE apnType=ims
D/MobileDataStateTracker(  356): ims: Received state=DISCONNECTED, old=DISCONNECTED, reason=radioTurnedOff
D/MobileDataStateTracker(  356): default: Broadcast received: android.intent.action.ANY_DATA_STATE apnType=default
D/MobileDataStateTracker(  356): default: Received state=DISCONNECTED, old=DISCONNECTED, reason=radioTurnedOff
D/dalvikvm(  588): GC_CONCURRENT freed 464K, 16% free 2975K/3536K, paused 33ms+3ms, total 112ms
D/MobileDataStateTracker(  356): mms: Broadcast received: android.intent.action.ANY_DATA_STATE apnType=mms
D/MobileDataStateTracker(  356): mms: Received state=DISCONNECTED, old=DISCONNECTED, reason=radioTurnedOff
D/MobileDataStateTracker(  356): cbs: Broadcast received: android.intent.action.ANY_DATA_STATE apnType=cbs
D/MobileDataStateTracker(  356): cbs: Received state=DISCONNECTED, old=DISCONNECTED, reason=radioTurnedOff
D/MobileDataStateTracker(  356): fota: Broadcast received: android.intent.action.ANY_DATA_STATE apnType=fota
D/MobileDataStateTracker(  356): fota: Received state=DISCONNECTED, old=DISCONNECTED, reason=radioTurnedOff
D/MobileDataStateTracker(  356): ia: Broadcast received: android.intent.action.ANY_DATA_STATE apnType=ia
D/MobileDataStateTracker(  356): ia: Received state=DISCONNECTED, old=DISCONNECTED, reason=radioTurnedOff
D/MobileDataStateTracker(  356): supl: Broadcast received: android.intent.action.ANY_DATA_STATE apnType=supl
D/MobileDataStateTracker(  356): supl: Received state=DISCONNECTED, old=DISCONNECTED, reason=radioTurnedOff
D/MobileDataStateTracker(  356): hipri: Broadcast received: android.intent.action.ANY_DATA_STATE apnType=hipri
D/MobileDataStateTracker(  356): hipri: Received state=DISCONNECTED, old=DISCONNECTED, reason=radioTurnedOff
D/MobileDataStateTracker(  356): ims: Broadcast received: android.intent.action.ANY_DATA_STATE apnType=ims
D/MobileDataStateTracker(  356): ims: Received state=DISCONNECTED, old=DISCONNECTED, reason=radioTurnedOff
D/MobileDataStateTracker(  356): default: Broadcast received: android.intent.action.ANY_DATA_STATE apnType=default
D/MobileDataStateTracker(  356): default: Received state=DISCONNECTED, old=DISCONNECTED, reason=radioTurnedOff
D/MobileDataStateTracker(  356): mms: Broadcast received: android.intent.action.ANY_DATA_STATE apnType=mms
D/MobileDataStateTracker(  356): mms: Received state=DISCONNECTED, old=DISCONNECTED, reason=radioTurnedOff
D/MobileDataStateTracker(  356): cbs: Broadcast received: android.intent.action.ANY_DATA_STATE apnType=cbs
D/MobileDataStateTracker(  356): cbs: Received state=DISCONNECTED, old=DISCONNECTED, reason=radioTurnedOff
D/MobileDataStateTracker(  356): fota: Broadcast received: android.intent.action.ANY_DATA_STATE apnType=fota
D/MobileDataStateTracker(  356): fota: Received state=DISCONNECTED, old=DISCONNECTED, reason=dataDetached
D/MobileDataStateTracker(  356): ia: Broadcast received: android.intent.action.ANY_DATA_STATE apnType=ia
D/MobileDataStateTracker(  356): ia: Received state=DISCONNECTED, old=DISCONNECTED, reason=dataDetached
D/MobileDataStateTracker(  356): supl: Broadcast received: android.intent.action.ANY_DATA_STATE apnType=supl
D/MobileDataStateTracker(  356): supl: Received state=DISCONNECTED, old=DISCONNECTED, reason=dataDetached
D/MobileDataStateTracker(  356): hipri: Broadcast received: android.intent.action.ANY_DATA_STATE apnType=hipri
D/MobileDataStateTracker(  356): hipri: Received state=DISCONNECTED, old=DISCONNECTED, reason=dataDetached
D/MobileDataStateTracker(  356): ims: Broadcast received: android.intent.action.ANY_DATA_STATE apnType=ims
D/MobileDataStateTracker(  356): ims: Received state=DISCONNECTED, old=DISCONNECTED, reason=dataDetached
D/MobileDataStateTracker(  356): default: Broadcast received: android.intent.action.ANY_DATA_STATE apnType=default
D/MobileDataStateTracker(  356): default: Received state=DISCONNECTED, old=DISCONNECTED, reason=dataDetached
D/MobileDataStateTracker(  356): mms: Broadcast received: android.intent.action.ANY_DATA_STATE apnType=mms
D/MobileDataStateTracker(  356): mms: Received state=DISCONNECTED, old=DISCONNECTED, reason=dataDetached
D/MobileDataStateTracker(  356): cbs: Broadcast received: android.intent.action.ANY_DATA_STATE apnType=cbs
D/MobileDataStateTracker(  356): cbs: Received state=DISCONNECTED, old=DISCONNECTED, reason=dataDetached
D/MobileDataStateTracker(  356): fota: Broadcast received: android.intent.action.ANY_DATA_STATE apnType=fota
D/MobileDataStateTracker(  356): fota: Received state=DISCONNECTED, old=DISCONNECTED, reason=roamingOff
D/MobileDataStateTracker(  356): ia: Broadcast received: android.intent.action.ANY_DATA_STATE apnType=ia
D/MobileDataStateTracker(  356): ia: Received state=DISCONNECTED, old=DISCONNECTED, reason=roamingOff
D/MobileDataStateTracker(  356): supl: Broadcast received: android.intent.action.ANY_DATA_STATE apnType=supl
D/MobileDataStateTracker(  356): supl: Received state=DISCONNECTED, old=DISCONNECTED, reason=roamingOff
D/MobileDataStateTracker(  356): hipri: Broadcast received: android.intent.action.ANY_DATA_STATE apnType=hipri
D/MobileDataStateTracker(  356): hipri: Received state=DISCONNECTED, old=DISCONNECTED, reason=roamingOff
D/MobileDataStateTracker(  356): ims: Broadcast received: android.intent.action.ANY_DATA_STATE apnType=ims
D/MobileDataStateTracker(  356): ims: Received state=DISCONNECTED, old=DISCONNECTED, reason=roamingOff
D/MobileDataStateTracker(  356): default: Broadcast received: android.intent.action.ANY_DATA_STATE apnType=default
D/MobileDataStateTracker(  356): default: Received state=DISCONNECTED, old=DISCONNECTED, reason=roamingOff
D/MobileDataStateTracker(  356): mms: Broadcast received: android.intent.action.ANY_DATA_STATE apnType=mms
D/MobileDataStateTracker(  356): mms: Received state=DISCONNECTED, old=DISCONNECTED, reason=roamingOff
D/MobileDataStateTracker(  356): cbs: Broadcast received: android.intent.action.ANY_DATA_STATE apnType=cbs
D/dalvikvm(  599): GC_CONCURRENT freed 291K, 12% free 3053K/3440K, paused 3ms+6ms, total 164ms
D/MobileDataStateTracker(  356): cbs: Received state=DISCONNECTED, old=DISCONNECTED, reason=roamingOff
D/MobileDataStateTracker(  356): fota: Broadcast received: android.intent.action.ANY_DATA_STATE apnType=fota
D/MobileDataStateTracker(  356): fota: Received state=DISCONNECTED, old=DISCONNECTED, reason=roamingOff
D/MobileDataStateTracker(  356): ia: Broadcast received: android.intent.action.ANY_DATA_STATE apnType=ia
D/MobileDataStateTracker(  356): ia: Received state=DISCONNECTED, old=DISCONNECTED, reason=roamingOff
D/MobileDataStateTracker(  356): supl: Broadcast received: android.intent.action.ANY_DATA_STATE apnType=supl
D/MobileDataStateTracker(  356): supl: Received state=DISCONNECTED, old=DISCONNECTED, reason=roamingOff
I/LatinIME:LogUtils(  588): Dictionary info: dictionary = main:en ; version = 42 ; date = 1381226429
I/LatinIME:LogUtils(  588): Dictionary info: dictionary = main:en ; version = 42 ; date = 1381226429
D/MobileDataStateTracker(  356): hipri: Broadcast received: android.intent.action.ANY_DATA_STATE apnType=hipri
D/MobileDataStateTracker(  356): hipri: Received state=DISCONNECTED, old=DISCONNECTED, reason=roamingOff
D/MobileDataStateTracker(  356): ims: Broadcast received: android.intent.action.ANY_DATA_STATE apnType=ims
D/MobileDataStateTracker(  356): ims: Received state=DISCONNECTED, old=DISCONNECTED, reason=roamingOff
D/MobileDataStateTracker(  356): default: Broadcast received: android.intent.action.ANY_DATA_STATE apnType=default
D/MobileDataStateTracker(  356): default: Received state=DISCONNECTED, old=DISCONNECTED, reason=roamingOff
I/LatinIME:LogUtils(  588): Dictionary info: dictionary = main:en ; version = 42 ; date = 1381226429
I/LatinIME:LogUtils(  588): Dictionary info: dictionary = main:en ; version = 42 ; date = 1381226429
D/MobileDataStateTracker(  356): mms: Broadcast received: android.intent.action.ANY_DATA_STATE apnType=mms
D/MobileDataStateTracker(  356): mms: Received state=DISCONNECTED, old=DISCONNECTED, reason=roamingOff
D/MobileDataStateTracker(  356): cbs: Broadcast received: android.intent.action.ANY_DATA_STATE apnType=cbs
D/MobileDataStateTracker(  356): cbs: Received state=DISCONNECTED, old=DISCONNECTED, reason=roamingOff
I/LatinIME:LogUtils(  588): Dictionary info: dictionary = main:en ; version = 42 ; date = 1381226429
D/TelephonyDebugService(  599): TelephonyDebugService()
I/LatinIME:LogUtils(  588): Dictionary info: dictionary = main:en ; version = 42 ; date = 1381226429
I/LatinIME:LogUtils(  588): Dictionary info: dictionary = main:en ; version = 42 ; date = 1381226429
I/LatinIME:LogUtils(  588): Dictionary info: dictionary = main:en ; version = 42 ; date = 1381226429
D/dalvikvm(  588): GC_CONCURRENT freed 325K, 13% free 3078K/3536K, paused 4ms+3ms, total 133ms
D/MccTable(  599): updateMccMncConfiguration: mcc=310, mnc=260
D/AlarmManagerService(  356): Kernel timezone updated to 300 minutes west of GMT
D/MccTable(  599): timezone set to America/New_York
D/MccTable(  599): getLocaleFromMcc to en_us mcc=310
D/MccTable(  599): getLocaleForLanguageCountry: got match
D/MccTable(  599): getLocaleForLanguageCountry: X locale=en_US
D/MccTable(  599): WIFI_COUNTRY_CODE set to us
I/WifiService(  356): WifiService trying to set country code to us with persist set to true
D/MobileDataStateTracker(  356): fota: Broadcast received: android.intent.action.ANY_DATA_STATE apnType=fota
D/MobileDataStateTracker(  356): fota: Received state=DISCONNECTED, old=DISCONNECTED, reason=dataAttached
D/MobileDataStateTracker(  356): ia: Broadcast received: android.intent.action.ANY_DATA_STATE apnType=ia
D/MobileDataStateTracker(  356): ia: Received state=DISCONNECTED, old=DISCONNECTED, reason=dataAttached
D/MobileDataStateTracker(  356): supl: Broadcast received: android.intent.action.ANY_DATA_STATE apnType=supl
D/MobileDataStateTracker(  356): supl: Received state=DISCONNECTED, old=DISCONNECTED, reason=dataAttached
D/MobileDataStateTracker(  356): hipri: Broadcast received: android.intent.action.ANY_DATA_STATE apnType=hipri
D/dalvikvm(  682): GC_CONCURRENT freed 180K, 9% free 2952K/3232K, paused 5ms+4ms, total 272ms
D/MobileDataStateTracker(  356): hipri: Received state=DISCONNECTED, old=DISCONNECTED, reason=dataAttached
D/MobileDataStateTracker(  356): ims: Broadcast received: android.intent.action.ANY_DATA_STATE apnType=ims
D/MobileDataStateTracker(  356): ims: Received state=DISCONNECTED, old=DISCONNECTED, reason=dataAttached
D/MobileDataStateTracker(  356): mms: Broadcast received: android.intent.action.ANY_DATA_STATE apnType=mms
D/MobileDataStateTracker(  356): mms: Received state=DISCONNECTED, old=DISCONNECTED, reason=dataAttached
D/MobileDataStateTracker(  356): cbs: Broadcast received: android.intent.action.ANY_DATA_STATE apnType=cbs
D/MobileDataStateTracker(  356): cbs: Received state=DISCONNECTED, old=DISCONNECTED, reason=dataAttached
D/MobileDataStateTracker(  356): fota: Broadcast received: android.intent.action.ANY_DATA_STATE apnType=fota
D/MobileDataStateTracker(  356): fota: Received state=DISCONNECTED, old=DISCONNECTED, reason=dataAttached
D/MobileDataStateTracker(  356): ia: Broadcast received: android.intent.action.ANY_DATA_STATE apnType=ia
D/MobileDataStateTracker(  356): ia: Received state=DISCONNECTED, old=DISCONNECTED, reason=dataAttached
D/MobileDataStateTracker(  356): supl: Broadcast received: android.intent.action.ANY_DATA_STATE apnType=supl
D/MobileDataStateTracker(  356): supl: Received state=DISCONNECTED, old=DISCONNECTED, reason=dataAttached
D/MobileDataStateTracker(  356): hipri: Broadcast received: android.intent.action.ANY_DATA_STATE apnType=hipri
D/MobileDataStateTracker(  356): hipri: Received state=DISCONNECTED, old=DISCONNECTED, reason=dataAttached
D/MobileDataStateTracker(  356): ims: Broadcast received: android.intent.action.ANY_DATA_STATE apnType=ims
D/MobileDataStateTracker(  356): ims: Received state=DISCONNECTED, old=DISCONNECTED, reason=dataAttached
D/MobileDataStateTracker(  356): mms: Broadcast received: android.intent.action.ANY_DATA_STATE apnType=mms
D/dalvikvm(  599): GC_CONCURRENT freed 296K, 11% free 3178K/3560K, paused 2ms+8ms, total 339ms
D/MobileDataStateTracker(  356): mms: Received state=DISCONNECTED, old=DISCONNECTED, reason=dataAttached
D/MobileDataStateTracker(  356): cbs: Broadcast received: android.intent.action.ANY_DATA_STATE apnType=cbs
D/MobileDataStateTracker(  356): cbs: Received state=DISCONNECTED, old=DISCONNECTED, reason=dataAttached
D/dalvikvm(  356): GC_CONCURRENT freed 589K, 58% free 5480K/12972K, paused 68ms+6ms, total 337ms
D/MccTable(  599): updateMccMncConfiguration: mcc=310, mnc=260
D/MccTable(  599): getLocaleFromMcc to en_us mcc=310
D/MccTable(  599): getLocaleForLanguageCountry: got match
D/MccTable(  599): getLocaleForLanguageCountry: X locale=en_US
D/MccTable(  599): updateMccMncConfiguration updateConfig config={1.0 310mcc260mnc en_US ldltr ?swdp ?wdp ?hdp ?density ?lsize ?long ?orien ?uimode ?night ?touch ?keyb/?/? ?nav/?}
I/ActivityManager(  356): Config changes=3 {1.0 310mcc260mnc en_US ldltr sw480dp w480dp h839dp 160dpi lrg long port finger -keyb/v/h tball/v s.6}
D/PermissionCache(   57): checking android.permission.READ_FRAME_BUFFER for uid=1000 => granted (759 us)
D/PhoneStatusBar(  448): mSettingsPanelGravity = 55
D/gralloc (   57): Registering a buffer in the process that created it. This may cause memory ordering problems.
E/libEGL  (   57): called unimplemented OpenGL ES API
E/libEGL  (   57): called unimplemented OpenGL ES API
E/libEGL  (   57): called unimplemented OpenGL ES API
E/libEGL  (   57): called unimplemented OpenGL ES API
E/SurfaceFlinger(   57): glCheckFramebufferStatusOES error 436437750
E/SurfaceFlinger(   57): got GL_FRAMEBUFFER_COMPLETE_OES error while taking screenshot
E/libEGL  (   57): called unimplemented OpenGL ES API
E/libEGL  (   57): called unimplemented OpenGL ES API
I/ARMAssembler(   57): generated scanline__00000077:03515104_00008001_00000000 [113 ipp] (134 ins) at [0xb5a731f0:0xb5a73408] in 10000000 ns
D/MccTable(  599): updateMccMncConfiguration: mcc=310, mnc=260
D/MccTable(  599): getLocaleFromMcc to en_us mcc=310
D/MccTable(  599): getLocaleForLanguageCountry: skipping already persisted
D/MccTable(  599): getLocaleForLanguageCountry: X locale=null
D/MccTable(  599): updateMccMncConfiguration updateConfig config={1.0 310mcc260mnc ?locale ?layoutDir ?swdp ?wdp ?hdp ?density ?lsize ?long ?orien ?uimode ?night ?touch ?keyb/?/? ?nav/?}
D/dalvikvm(  599): GC_CONCURRENT freed 377K, 13% free 3328K/3788K, paused 4ms+8ms, total 77ms
D/dalvikvm(  599): WAIT_FOR_CONCURRENT_GC blocked 8ms
D/dalvikvm(  356): GC_CONCURRENT freed 673K, 58% free 5504K/12972K, paused 39ms+5ms, total 176ms
D/dalvikvm(  356): WAIT_FOR_CONCURRENT_GC blocked 84ms
D/dalvikvm(  356): WAIT_FOR_CONCURRENT_GC blocked 87ms
D/dalvikvm(  356): GC_CONCURRENT freed 564K, 57% free 5645K/12972K, paused 6ms+4ms, total 100ms
D/dalvikvm(  356): WAIT_FOR_CONCURRENT_GC blocked 42ms
D/dalvikvm(  356): WAIT_FOR_CONCURRENT_GC blocked 43ms
D/dalvikvm(  356): WAIT_FOR_CONCURRENT_GC blocked 35ms
D/dalvikvm(  356): WAIT_FOR_CONCURRENT_GC blocked 31ms
D/MobileDataStateTracker(  356): fota: Broadcast received: android.intent.action.ANY_DATA_STATE apnType=fota
D/MobileDataStateTracker(  356): fota: Received state=DISCONNECTED, old=DISCONNECTED, reason=simLoaded
D/MobileDataStateTracker(  356): ia: Broadcast received: android.intent.action.ANY_DATA_STATE apnType=ia
D/MobileDataStateTracker(  356): ia: Received state=DISCONNECTED, old=DISCONNECTED, reason=simLoaded
D/MobileDataStateTracker(  356): supl: Broadcast received: android.intent.action.ANY_DATA_STATE apnType=supl
D/MobileDataStateTracker(  356): supl: Received state=DISCONNECTED, old=DISCONNECTED, reason=simLoaded
D/MobileDataStateTracker(  356): hipri: Broadcast received: android.intent.action.ANY_DATA_STATE apnType=hipri
D/MobileDataStateTracker(  356): hipri: Received state=DISCONNECTED, old=DISCONNECTED, reason=simLoaded
D/MobileDataStateTracker(  356): ims: Broadcast received: android.intent.action.ANY_DATA_STATE apnType=ims
D/MobileDataStateTracker(  356): ims: Received state=DISCONNECTED, old=DISCONNECTED, reason=simLoaded
D/MobileDataStateTracker(  356): mms: Broadcast received: android.intent.action.ANY_DATA_STATE apnType=mms
D/MobileDataStateTracker(  356): mms: Received state=DISCONNECTED, old=DISCONNECTED, reason=simLoaded
D/MobileDataStateTracker(  356): cbs: Broadcast received: android.intent.action.ANY_DATA_STATE apnType=cbs
D/MobileDataStateTracker(  356): cbs: Received state=DISCONNECTED, old=DISCONNECTED, reason=simLoaded
D/dalvikvm(  599): GC_CONCURRENT freed 500K, 16% free 3302K/3900K, paused 4ms+4ms, total 72ms
D/MobileDataStateTracker(  356): default: Broadcast received: android.intent.action.ANY_DATA_STATE apnType=default
D/MobileDataStateTracker(  356): default: Received state=CONNECTING, old=DISCONNECTED, reason=simLoaded
D/MobileDataStateTracker(  356): default: setDetailed state, old =IDLE and new state=CONNECTING
D/dalvikvm(  356): WAIT_FOR_CONCURRENT_GC blocked 535ms
D/dalvikvm(  682): GC_FOR_ALLOC freed 185K, 9% free 3113K/3396K, paused 95ms, total 97ms
D/MobileDataStateTracker(  356): fota: Broadcast received: android.intent.action.ANY_DATA_STATE apnType=fota
D/MobileDataStateTracker(  356): fota: Received state=DISCONNECTED, old=DISCONNECTED, reason=simLoaded
D/MobileDataStateTracker(  356): ia: Broadcast received: android.intent.action.ANY_DATA_STATE apnType=ia
D/MobileDataStateTracker(  356): ia: Received state=DISCONNECTED, old=DISCONNECTED, reason=simLoaded
D/MobileDataStateTracker(  356): supl: Broadcast received: android.intent.action.ANY_DATA_STATE apnType=supl
D/MobileDataStateTracker(  356): supl: Received state=DISCONNECTED, old=DISCONNECTED, reason=simLoaded
D/MobileDataStateTracker(  356): hipri: Broadcast received: android.intent.action.ANY_DATA_STATE apnType=hipri
I/dalvikvm-heap(  682): Grow heap (frag case) to 3.744MB for 640016-byte allocation
D/MobileDataStateTracker(  356): hipri: Received state=DISCONNECTED, old=DISCONNECTED, reason=simLoaded
D/MobileDataStateTracker(  356): ims: Broadcast received: android.intent.action.ANY_DATA_STATE apnType=ims
D/MobileDataStateTracker(  356): ims: Received state=DISCONNECTED, old=DISCONNECTED, reason=simLoaded
D/MobileDataStateTracker(  356): mms: Broadcast received: android.intent.action.ANY_DATA_STATE apnType=mms
D/MobileDataStateTracker(  356): mms: Received state=DISCONNECTED, old=DISCONNECTED, reason=simLoaded
D/MobileDataStateTracker(  356): cbs: Broadcast received: android.intent.action.ANY_DATA_STATE apnType=cbs
D/MobileDataStateTracker(  356): cbs: Received state=DISCONNECTED, old=DISCONNECTED, reason=simLoaded
D/dalvikvm(  682): GC_FOR_ALLOC freed 3K, 8% free 3734K/4024K, paused 151ms, total 151ms
D/dalvikvm(  682): GC_CONCURRENT freed 6K, 8% free 3727K/4024K, paused 4ms+2ms, total 49ms
D/MobileDataStateTracker(  356): default: Broadcast received: android.intent.action.ANY_DATA_STATE apnType=default
D/MobileDataStateTracker(  356): default: Received state=CONNECTED, old=CONNECTING, reason=connected
D/MobileDataStateTracker(  356): default: setDetailed state, old =CONNECTING and new state=CONNECTED
D/ConnectivityService(  356): ConnectivityChange for mobile: CONNECTED/CONNECTED
D/ConnectivityService(  356): ConnectivityChange checkMobileProvisioning for TYPE_MOBILE or ProvisioningNetwork
D/ConnectivityService(  356): checkMobileProvisioning: E suggestedTimeOutMs=60000
D/ConnectivityService(  356): setProvNotificationVisible: E visible=false networkType=5 extraInfo=null url=null
D/ConnectivityService(  356): checkMobileProvisioning: params={ url=http://clients3.google.com/generate_204 mTimeOutMs=60000 mCb=com.android.server.ConnectivityService$5@b3652290}
D/ConnectivityService(  356): checkMobileProvisioning: X
D/Nat464Xlat(  356): requiresClat: netType=0, hasIPv4Address=true
I/NetworkPolicy(  356): no policy for active mobile network; generating default policy
D/MobileDataStateTracker(  356): default: setPolicyDataEnable(enabled=true)
W/Resources(  682): Converting to int: TypedValue{t=0x3/d=0x12 "4" a=-1}
W/Resources(  682): Converting to int: TypedValue{t=0x3/d=0xf "1" a=-1}
W/Resources(  682): Converting to int: TypedValue{t=0x3/d=0x15 "2" a=-1}
W/Resources(  682): Converting to int: TypedValue{t=0x3/d=0x15 "2" a=-1}
W/Launcher.LauncherProvider(  682): Unable to add favorite: com.android.camera2/com.android.camera.CameraLauncher
W/Launcher.LauncherProvider(  682): android.content.pm.PackageManager$NameNotFoundException: ComponentInfo{com.android.camera2/com.android.camera.CameraLauncher}
W/Launcher.LauncherProvider(  682): 	at android.app.ApplicationPackageManager.getActivityInfo(ApplicationPackageManager.java:242)
W/Launcher.LauncherProvider(  682): 	at com.android.launcher2.LauncherProvider$DatabaseHelper.addAppShortcut(LauncherProvider.java:959)
W/Launcher.LauncherProvider(  682): 	at com.android.launcher2.LauncherProvider$DatabaseHelper.loadFavorites(LauncherProvider.java:863)
W/Launcher.LauncherProvider(  682): 	at com.android.launcher2.LauncherProvider$DatabaseHelper.access$000(LauncherProvider.java:253)
W/Launcher.LauncherProvider(  682): 	at com.android.launcher2.LauncherProvider.loadDefaultFavoritesIfNecessary(LauncherProvider.java:237)
W/Launcher.LauncherProvider(  682): 	at com.android.launcher2.LauncherModel$LoaderTask.loadWorkspace(LauncherModel.java:1278)
W/Launcher.LauncherProvider(  682): 	at com.android.launcher2.LauncherModel$LoaderTask.loadAndBindWorkspace(LauncherModel.java:1020)
W/Launcher.LauncherProvider(  682): 	at com.android.launcher2.LauncherModel$LoaderTask.run(LauncherModel.java:1126)
W/Launcher.LauncherProvider(  682): 	at android.os.Handler.handleCallback(Handler.java:733)
W/Launcher.LauncherProvider(  682): 	at android.os.Handler.dispatchMessage(Handler.java:95)
W/Launcher.LauncherProvider(  682): 	at android.os.Looper.loop(Looper.java:136)
W/Launcher.LauncherProvider(  682): 	at android.os.HandlerThread.run(HandlerThread.java:61)
W/Launcher.LauncherProvider(  682): Unable to add favorite: com.android.gallery3d/com.android.gallery3d.app.Gallery
W/Launcher.LauncherProvider(  682): android.content.pm.PackageManager$NameNotFoundException: ComponentInfo{com.android.gallery3d/com.android.gallery3d.app.Gallery}
W/Launcher.LauncherProvider(  682): 	at android.app.ApplicationPackageManager.getActivityInfo(ApplicationPackageManager.java:242)
W/Launcher.LauncherProvider(  682): 	at com.android.launcher2.LauncherProvider$DatabaseHelper.addAppShortcut(LauncherProvider.java:959)
W/Launcher.LauncherProvider(  682): 	at com.android.launcher2.LauncherProvider$DatabaseHelper.loadFavorites(LauncherProvider.java:863)
W/Launcher.LauncherProvider(  682): 	at com.android.launcher2.LauncherProvider$DatabaseHelper.access$000(LauncherProvider.java:253)
W/Launcher.LauncherProvider(  682): 	at com.android.launcher2.LauncherProvider.loadDefaultFavoritesIfNecessary(LauncherProvider.java:237)
W/Launcher.LauncherProvider(  682): 	at com.android.launcher2.LauncherModel$LoaderTask.loadWorkspace(LauncherModel.java:1278)
W/Launcher.LauncherProvider(  682): 	at com.android.launcher2.LauncherModel$LoaderTask.loadAndBindWorkspace(LauncherModel.java:1020)
W/Launcher.LauncherProvider(  682): 	at com.android.launcher2.LauncherModel$LoaderTask.run(LauncherModel.java:1126)
W/Launcher.LauncherProvider(  682): 	at android.os.Handler.handleCallback(Handler.java:733)
W/Launcher.LauncherProvider(  682): 	at android.os.Handler.dispatchMessage(Handler.java:95)
W/Launcher.LauncherProvider(  682): 	at android.os.Looper.loop(Looper.java:136)
W/Launcher.LauncherProvider(  682): 	at android.os.HandlerThread.run(HandlerThread.java:61)
D/dalvikvm(  356): GC_CONCURRENT freed 762K, 58% free 5514K/12972K, paused 45ms+61ms, total 338ms
D/MobileDataStateTracker(  356): default: isProvisioningNetwork: retVal=false
D/ConnectivityService(  356): [CheckMp] isMobileOk: isDefaultProvisioning=false
D/MobileDataStateTracker(  356): hipri: isProvisioningNetwork: retVal=false
D/ConnectivityService(  356): [CheckMp] isMobileOk: isHipriProvisioning=false
D/ConnectivityService(  356): [CheckMp] isMobileOk: start hipri url=http://clients3.google.com/generate_204
W/ProcessCpuTracker(  356): Skipping unknown process pid 757
I/SurfaceFlinger(   57): Boot is finished (68372 ms)
D/dalvikvm(  682): GC_CONCURRENT freed 306K, 10% free 3839K/4240K, paused 14ms+2ms, total 279ms
E/NetdConnector(  356): NDC Command {12 bandwidth setiquota eth0 9223372036854775807} took too long (1723ms)
D/MobileDataStateTracker(  356): default: setPolicyDataEnable(enabled=true)
I/MediaProvider(  620): Upgrading media database from version 0 to 700, which will destroy all old data
D/Launcher.Model(  682): Reload apps on config change. curr_mcc:310 prevmcc:0
I/Choreographer(  682): Skipped 383 frames!  The application may be doing too much work on its main thread.
E/NetdConnector(  356): NDC Command {13 bandwidth removeiquota eth0} took too long (926ms)
W/WindowManager(  356): App freeze timeout expired.
W/WindowManager(  356): Force clearing freeze: AppWindowToken{b372cc18 token=Token{b35e6e68 ActivityRecord{b3155ee8 u0 com.android.launcher/com.android.launcher2.Launcher t3}}}
I/Choreographer(  682): Skipped 37 frames!  The application may be doing too much work on its main thread.
W/ActivityManager(  356): Launch timeout has expired, giving up wake lock!
D/Tethering(  356): MasterInitialState.processMessage what=3
D/CaptivePortalTracker(  356): NoActiveNetworkState{ when=-12ms what=1 obj=NetworkInfo: type: mobile[UMTS], state: CONNECTED/CONNECTED, reason: connected, extra: epc.tmobile.com, roaming: false, failover: false, isAvailable: true, isConnectedToProvisioningNetwork: false target=com.android.internal.util.StateMachine$SmHandler }
D/CaptivePortalTracker(  356): NoActiveNetworkState not a wifi connectivity change, ignore
D/gralloc_goldfish(  682): Emulator without GPU emulation detected.
I/InputReader(  356): Reconfiguring input devices.  changes=0x00000010
I/PackageManager(  356):   Action: "android.intent.action.SENDTO"
I/PackageManager(  356):   Category: "android.intent.category.DEFAULT"
I/PackageManager(  356):   Scheme: "sms"
I/PackageManager(  356): Adding preferred activity ComponentInfo{com.android.mms/com.android.mms.ui.ComposeMessageActivity} for user 0 :
I/PackageManager(  356):   Action: "android.intent.action.SENDTO"
I/PackageManager(  356):   Category: "android.intent.category.DEFAULT"
I/PackageManager(  356):   Scheme: "smsto"
I/PackageManager(  356): Adding preferred activity ComponentInfo{com.android.mms/com.android.mms.ui.ComposeMessageActivity} for user 0 :
D/dalvikvm(  682): GC_CONCURRENT freed 212K, 8% free 4033K/4348K, paused 6ms+117ms, total 347ms
D/dalvikvm(  682): WAIT_FOR_CONCURRENT_GC blocked 263ms
I/dalvikvm-heap(  682): Grow heap (frag case) to 5.569MB for 1610896-byte allocation
D/dalvikvm(  599): GC_CONCURRENT freed 389K, 15% free 3331K/3900K, paused 3ms+2ms, total 207ms
D/dalvikvm(  682): GC_FOR_ALLOC freed 1K, 6% free 5605K/5924K, paused 94ms, total 94ms
I/PackageManager(  356):   Action: "android.intent.action.SENDTO"
I/PackageManager(  356):   Category: "android.intent.category.DEFAULT"
I/PackageManager(  356):   Scheme: "mms"
I/PackageManager(  356): Adding preferred activity ComponentInfo{com.android.mms/com.android.mms.ui.ComposeMessageActivity} for user 0 :
D/dalvikvm(  682): GC_CONCURRENT freed 17K, 6% free 5588K/5924K, paused 16ms+2ms, total 134ms
D/dalvikvm(  682): WAIT_FOR_CONCURRENT_GC blocked 98ms
I/dalvikvm-heap(  682): Grow heap (frag case) to 7.087MB for 1610896-byte allocation
D/dalvikvm(  356): GC_CONCURRENT freed 594K, 57% free 5626K/12972K, paused 75ms+6ms, total 488ms
D/dalvikvm(  682): GC_FOR_ALLOC freed 5K, 5% free 7156K/7500K, paused 58ms, total 58ms
D/dalvikvm(  356): WAIT_FOR_CONCURRENT_GC blocked 171ms
D/dalvikvm(  356): WAIT_FOR_CONCURRENT_GC blocked 140ms
D/dalvikvm(  682): GC_CONCURRENT freed <1K, 5% free 7199K/7544K, paused 21ms+3ms, total 213ms
I/PackageManager(  356):   Action: "android.intent.action.SENDTO"
I/PackageManager(  356):   Category: "android.intent.category.DEFAULT"
I/PackageManager(  356):   Scheme: "mmsto"
I/PackageManager(  356): Adding preferred activity ComponentInfo{com.android.mms/com.android.mms.ui.ComposeMessageActivity} for user 0 :
I/PackageManager(  356):   Action: "android.intent.action.SENDTO"
I/PackageManager(  356):   Category: "android.intent.category.DEFAULT"
I/PackageManager(  356):   Scheme: "sms"
I/PackageManager(  356): Adding preferred activity ComponentInfo{com.android.mms/com.android.mms.ui.ComposeMessageActivity} for user 0 :
I/PackageManager(  356):   Action: "android.intent.action.SENDTO"
I/PackageManager(  356):   Category: "android.intent.category.DEFAULT"
I/PackageManager(  356):   Scheme: "smsto"
I/PackageManager(  356): Adding preferred activity ComponentInfo{com.android.mms/com.android.mms.ui.ComposeMessageActivity} for user 0 :
W/WindowManager(  356): Window freeze timeout expired.
W/WindowManager(  356): Force clearing orientation change: Window{b2f590a8 u0 com.android.launcher/com.android.launcher2.Launcher}
E/NetdConnector(  356): NDC Command {14 bandwidth setiquota eth0 9223372036854775807} took too long (1947ms)
I/WindowManager(  356): Screen frozen for +7s7ms due to Window{b2f590a8 u0 com.android.launcher/com.android.launcher2.Launcher}
I/PackageManager(  356):   Action: "android.intent.action.SENDTO"
I/PackageManager(  356):   Category: "android.intent.category.DEFAULT"
I/PackageManager(  356):   Scheme: "mms"
I/PackageManager(  356): Adding preferred activity ComponentInfo{com.android.mms/com.android.mms.ui.ComposeMessageActivity} for user 0 :
D/MobileDataStateTracker(  356): default: setPolicyDataEnable(enabled=true)
I/ARMAssembler(   57): generated scanline__00000077:03515104_00009001_00000000 [131 ipp] (153 ins) at [0xb5a73410:0xb5a73674] in 0 ns
I/Choreographer(  356): Skipped 47 frames!  The application may be doing too much work on its main thread.
D/AndroidRuntime(  793): 
D/AndroidRuntime(  793): >>>>>> AndroidRuntime START com.android.internal.os.RuntimeInit <<<<<<
D/AndroidRuntime(  793): CheckJNI is ON
D/dalvikvm(  599): GC_CONCURRENT freed 377K, 15% free 3377K/3940K, paused 4ms+3ms, total 153ms
D/dalvikvm(  599): WAIT_FOR_CONCURRENT_GC blocked 92ms
I/PackageManager(  356): Adding preferred activity ComponentInfo{com.android.mms/com.android.mms.ui.ComposeMessageActivity} for user 0 :
I/Choreographer(  356): Skipped 46 frames!  The application may be doing too much work on its main thread.
I/PackageManager(  356):   Action: "android.intent.action.SENDTO"
I/PackageManager(  356):   Category: "android.intent.category.DEFAULT"
I/PackageManager(  356):   Scheme: "mmsto"
D/dalvikvm(  793): Trying to load lib libjavacore.so 0x0
D/dalvikvm(  793): Added shared lib libjavacore.so 0x0
D/dalvikvm(  793): Trying to load lib libnativehelper.so 0x0
D/dalvikvm(  793): Added shared lib libnativehelper.so 0x0
D/dalvikvm(  793): No JNI_OnLoad found in libnativehelper.so 0x0, skipping init
E/NetdConnector(  356): NDC Command {15 bandwidth setglobalalert 2097152} took too long (542ms)
I/ActivityManager(  356): Displayed com.android.launcher/com.android.launcher2.Launcher: +12s48ms (total +15s200ms)
D/dalvikvm(  793): Note: class Landroid/app/ActivityManagerNative; has 179 unimplemented (abstract) methods
D/dalvikvm(  448): GC_FOR_ALLOC freed 3119K, 48% free 3587K/6804K, paused 310ms, total 327ms
I/dalvikvm-heap(  448): Grow heap (frag case) to 6.523MB for 3072016-byte allocation
D/dalvikvm(  448): GC_CONCURRENT freed 5K, 4% free 6582K/6804K, paused 34ms+2ms, total 173ms
D/dalvikvm(  356): GC_CONCURRENT freed 841K, 58% free 5518K/12972K, paused 42ms+220ms, total 885ms
D/dalvikvm(  356): WAIT_FOR_CONCURRENT_GC blocked 499ms
I/Choreographer(  682): Skipped 150 frames!  The application may be doing too much work on its main thread.
E/memtrack(  793): Couldn't load memtrack module (No such file or directory)
E/android.os.Debug(  793): failed to load memtrack module: -2
I/Choreographer(  682): Skipped 42 frames!  The application may be doing too much work on its main thread.
D/ConnectivityService(  356): startUsingNetworkFeature reconnecting to 0: enableHIPRI
D/ConnectivityService(  356): startUsingNetworkFeature X: return APN_REQUEST_STARTED
E/ConnectivityService(  356): startUsingNetworkFeature took too long: 6386ms
D/ConnectivityService(  356): [CheckMp] isMobileOk: hipri started
D/ConnectivityService(  356): [CheckMp] isMobileOk: not connected ni=NetworkInfo: type: mobile_hipri[UMTS], state: DISCONNECTED/IDLE, reason: (unspecified), extra: (none), roaming: false, failover: false, isAvailable: true, isConnectedToProvisioningNetwork: false
D/AndroidRuntime(  793): Calling main entry com.android.commands.pm.Pm
D/MobileDataStateTracker(  356): hipri: Broadcast received: android.intent.action.ANY_DATA_STATE apnType=hipri
D/MobileDataStateTracker(  356): hipri: Received state=CONNECTING, old=DISCONNECTED, reason=dataEnabled
D/MobileDataStateTracker(  356): hipri: setDetailed state, old =IDLE and new state=CONNECTING
D/MobileDataStateTracker(  356): fota: Broadcast received: android.intent.action.ANY_DATA_STATE apnType=fota
I/Choreographer(  682): Skipped 112 frames!  The application may be doing too much work on its main thread.
D/MobileDataStateTracker(  356): fota: Received state=DISCONNECTED, old=DISCONNECTED, reason=dataEnabled
I/Choreographer(  356): Skipped 414 frames!  The application may be doing too much work on its main thread.
I/ActivityManager(  356): Start proc com.android.defcontainer for service com.android.defcontainer/.DefaultContainerService: pid=806 uid=10003 gids={50003, 1028, 1015, 1023, 2001, 1035}
I/Choreographer(  682): Skipped 60 frames!  The application may be doing too much work on its main thread.
D/MobileDataStateTracker(  356): ia: Broadcast received: android.intent.action.ANY_DATA_STATE apnType=ia
D/MobileDataStateTracker(  356): ia: Received state=DISCONNECTED, old=DISCONNECTED, reason=dataEnabled
D/MobileDataStateTracker(  356): supl: Broadcast received: android.intent.action.ANY_DATA_STATE apnType=supl
D/MobileDataStateTracker(  356): supl: Received state=DISCONNECTED, old=DISCONNECTED, reason=dataEnabled
D/MobileDataStateTracker(  356): ims: Broadcast received: android.intent.action.ANY_DATA_STATE apnType=ims
D/MobileDataStateTracker(  356): ims: Received state=DISCONNECTED, old=DISCONNECTED, reason=dataEnabled
D/MobileDataStateTracker(  356): mms: Broadcast received: android.intent.action.ANY_DATA_STATE apnType=mms
D/MobileDataStateTracker(  356): mms: Received state=DISCONNECTED, old=DISCONNECTED, reason=dataEnabled
D/MobileDataStateTracker(  356): cbs: Broadcast received: android.intent.action.ANY_DATA_STATE apnType=cbs
D/MobileDataStateTracker(  356): cbs: Received state=DISCONNECTED, old=DISCONNECTED, reason=dataEnabled
D/MobileDataStateTracker(  356): hipri: Broadcast received: android.intent.action.ANY_DATA_STATE apnType=hipri
D/MobileDataStateTracker(  356): hipri: Received state=CONNECTED, old=CONNECTING, reason=dataEnabled
D/MobileDataStateTracker(  356): hipri: setDetailed state, old =CONNECTING and new state=CONNECTED
D/ConnectivityService(  356): ConnectivityChange for mobile_hipri: CONNECTED/CONNECTED
E/logwrapper(  817): executing /system/bin/ip failed: No such file or directory
E/ConnectivityService(  356): Exception trying to add a route: java.lang.IllegalStateException: command '21 interface fwmark exempt add 10.0.2.2/32' failed with '400 21 Failed to add exemption rule (File exists)'
E/logwrapper(  820): executing /system/bin/ip failed: No such file or directory
E/ConnectivityService(  356): Exception trying to add a route: java.lang.IllegalStateException: command '23 interface fwmark exempt add 10.0.2.3/32' failed with '400 23 Failed to add exemption rule (File exists)'
E/logwrapper(  821): executing /system/bin/ip failed: No such file or directory
E/ConnectivityService(  356): Exception trying to add a route: java.lang.IllegalStateException: command '25 interface fwmark exempt add 10.0.2.2/32' failed with '400 25 Failed to add exemption rule (File exists)'
E/logwrapper(  822): executing /system/bin/ip failed: No such file or directory
E/ConnectivityService(  356): Exception trying to add a route: java.lang.IllegalStateException: command '27 interface fwmark exempt add 10.0.2.4/32' failed with '400 27 Failed to add exemption rule (File exists)'
E/logwrapper(  823): executing /system/bin/ip failed: No such file or directory
E/SecondaryTablController(   54): ip route add failed: /system/bin/ip route add 10.0.2.2/32 via 0.0.0.0 dev eth0 table 60
W/FrameworkListener(   54): Handler 'interface' error (No such device)
E/ConnectivityService(  356): Exception trying to add a route: java.lang.IllegalStateException: command '28 interface route add eth0 secondary 10.0.2.2 32 0.0.0.0' failed with '400 28 ip route modification failed (No such device)'
E/logwrapper(  824): executing /system/bin/ip failed: No such file or directory
E/SecondaryTablController(   54): ip route add failed: /system/bin/ip route add 0.0.0.0/0 via 10.0.2.2 dev eth0 table 60
W/FrameworkListener(   54): Handler 'interface' error (No such device)
E/ConnectivityService(  356): Exception trying to add a route: java.lang.IllegalStateException: command '29 interface route add eth0 secondary 0.0.0.0 0 10.0.2.2' failed with '400 29 ip route modification failed (No such device)'
D/Nat464Xlat(  356): requiresClat: netType=5, hasIPv4Address=true
D/MobileDataStateTracker(  356): default: setPolicyDataEnable(enabled=true)
W/NetworkPolicy(  356): shared quota unsupported; generating rule for each iface
D/MobileDataStateTracker(  356): hipri: isProvisioningNetwork: retVal=false
D/ConnectivityService(  356): [CheckMp] isMobileOk: isProvisioningNetwork is false, continue
D/ConnectivityService(  356): [CheckMp] isMobileOk: addresses=clients3.google.com/172.217.23.14
D/ConnectivityService(  356): [CheckMp] isMobileOk: linkHasIpv4=true linkHasIpv6=false
E/NetdConnector(  356): NDC Command {31 bandwidth removeiquota eth0} took too long (822ms)
D/dalvikvm(  356): GC_EXPLICIT freed 428K, 57% free 5619K/12972K, paused 6ms+5ms, total 149ms
E/logwrapper(  853): executing /system/bin/ip failed: No such file or directory
E/NetdConnector(  356): NDC Command {33 bandwidth setiquota eth0 9223372036854775807} took too long (1571ms)
E/NetdConnector(  356): NDC Command {34 interface fwmark exempt add 10.0.2.2/32} took too long (1713ms)
E/ConnectivityService(  356): Exception trying to add a route: java.lang.IllegalStateException: command '34 interface fwmark exempt add 10.0.2.2/32' failed with '400 34 Failed to add exemption rule (File exists)'
E/SQLiteLog(  620): (1) no such table: album_info
D/dalvikvm(  620): GC_CONCURRENT freed 223K, 10% free 2883K/3200K, paused 43ms+2ms, total 172ms
D/Tethering(  356): MasterInitialState.processMessage what=3
D/CaptivePortalTracker(  356): NoActiveNetworkState{ when=-3ms what=1 obj=NetworkInfo: type: mobile_hipri[UMTS], state: CONNECTED/CONNECTED, reason: dataEnabled, extra: epc.tmobile.com, roaming: false, failover: false, isAvailable: true, isConnectedToProvisioningNetwork: false target=com.android.internal.util.StateMachine$SmHandler }
D/CaptivePortalTracker(  356): NoActiveNetworkState not a wifi connectivity change, ignore
I/ActivityManager(  356): Start proc com.android.externalstorage for broadcast com.android.externalstorage/.MountReceiver: pid=864 uid=10006 gids={50006, 1028, 1015, 1023}
W/ActivityManager(  356): Activity destroy timeout for ActivityRecord{b3462dc0 u0 com.android.settings/.CryptKeeper t1 f}
E/NetdConnector(  356): NDC Command {35 bandwidth removeiquota eth0} took too long (912ms)
E/NetdConnector(  356): NDC Command {36 interface route add eth0 default 172.217.23.14 32 10.0.2.2} took too long (805ms)
I/DownloadManager(  620): Upgrading downloads database from version 0 to version 109, which will destroy all old data
D/ExternalStorage(  864): Missing UUID for /storage/sdcard; skipping
D/ExternalStorage(  864): After updating volumes, found 0 active roots
W/ActivityManager(  356): No content provider found for permission revoke: file:///data/local/tmp/sample_for_analysis.apk
W/ActivityManager(  356): No content provider found for permission revoke: file:///data/local/tmp/sample_for_analysis.apk
I/PackageManager(  356): Copying native libraries to /data/app-lib/vmdl-561868057
E/logwrapper(  894): executing /system/bin/ip failed: No such file or directory
E/NetdConnector(  356): NDC Command {37 bandwidth setiquota eth0 9223372036854775807} took too long (1626ms)
E/NetdConnector(  356): NDC Command {38 interface fwmark exempt add 172.217.23.14/32} took too long (1210ms)
E/ConnectivityService(  356): Exception trying to add a route: java.lang.IllegalStateException: command '38 interface fwmark exempt add 172.217.23.14/32' failed with '400 38 Failed to add exemption rule (File exists)'
D/ConnectivityService(  356): requestRouteToHostAddress ok=false
D/ConnectivityService(  356): [CheckMp] isMobileOk: could not establish route to hostAddr=clients3.google.com/172.217.23.14
D/MobileDataStateTracker(  356): default: setPolicyDataEnable(enabled=true)
I/ContactLocale(  546): AddressBook Labels [en_US]: [, A, B, C, D, E, F, G, H, I, J, K, L, M, N, O, P, Q, R, S, T, U, V, W, X, Y, Z, , , , , , , , , , , , , , , , , , , , , , , , , , , , , , , , , , , , , , , , , , , , , , , , , , , , , , , , , , , , , , , , , , , , , , , , , , , , , , , , , , , , , , , , , , , , , , , , , , , , , , , , , , , , , , , , , , , , , , , , , , , , , , , , , , , , , , , , , , , , , , , , , , , , , , , , , , , , , , , , , , , , , , , , , , , , , , , , , , , , , , #, ]
D/GpsLocationProvider(  356): NTP server returned: 1545895271234 (Thu Dec 27 02:21:11 EST 2018) reference: 71692 certainty: 20 system time offset: -30059
D/dalvikvm(  682): GC_CONCURRENT freed 2071K, 25% free 6517K/8688K, paused 5ms+59ms, total 96ms
D/dalvikvm(  356): GC_CONCURRENT freed 542K, 57% free 5682K/12964K, paused 6ms+4ms, total 77ms
I/ActivityManager(  356): Start proc com.android.exchange for content provider com.android.exchange/.provider.ExchangeDirectoryProvider: pid=897 uid=10025 gids={50025, 3003, 1028, 1015}
D/dalvikvm(  356): GC_CONCURRENT freed 600K, 56% free 5781K/12964K, paused 7ms+7ms, total 80ms
D/ExternalStorage(  864): Missing UUID for /storage/sdcard; skipping
D/ExternalStorage(  864): After updating volumes, found 0 active roots
D/dalvikvm(  356): GC_CONCURRENT freed 723K, 56% free 5750K/12964K, paused 7ms+6ms, total 68ms
I/PackageManager(  356): Running dexopt on: com.nomen.search
E/logwrapper(  910): executing /system/bin/ip failed: No such file or directory
E/ConnectivityService(  356): Exception trying to add a route: java.lang.IllegalStateException: command '41 interface fwmark exempt add 10.0.2.2/32' failed with '400 41 Failed to add exemption rule (File exists)'
E/logwrapper(  911): executing /system/bin/ip failed: No such file or directory
E/ConnectivityService(  356): Exception trying to add a route: java.lang.IllegalStateException: command '43 interface fwmark exempt add 172.217.23.14/32' failed with '400 43 Failed to add exemption rule (File exists)'
D/ConnectivityService(  356): requestRouteToHostAddress ok=false
D/ConnectivityService(  356): [CheckMp] isMobileOk: could not establish route to hostAddr=clients3.google.com/172.217.23.14
D/dalvikvm(  909): DexOpt: load 315ms, verify+opt 1474ms, 1831884 bytes
W/PackageManager(  356): Not granting permission android.permission.MOUNT_UNMOUNT_FILESYSTEMS to package com.nomen.search (protectionLevel=18 flags=0xbe44)
D/dalvikvm(  356): GC_CONCURRENT freed 641K, 56% free 5768K/12964K, paused 7ms+6ms, total 67ms
D/MediaScannerReceiver(  620): action: android.intent.action.MEDIA_MOUNTED path: /storage/sdcard
I/ActivityManager(  356): Force stopping com.nomen.search appid=10052 user=-1: update pkg
I/InputReader(  356): Reconfiguring input devices.  changes=0x00000010
I/PackageManager(  356):   Action: "android.intent.action.SENDTO"
I/PackageManager(  356):   Category: "android.intent.category.DEFAULT"
I/PackageManager(  356):   Scheme: "sms"
I/PackageManager(  356): Adding preferred activity ComponentInfo{com.android.mms/com.android.mms.ui.ComposeMessageActivity} for user 0 :
D/BackupManagerService(  356): Received broadcast Intent { act=android.intent.action.PACKAGE_ADDED dat=package:com.nomen.search flg=0x4000010 (has extras) }
V/BackupManagerService(  356): addPackageParticipantsLocked: #1
I/PackageManager(  356):   Action: "android.intent.action.SENDTO"
I/PackageManager(  356):   Category: "android.intent.category.DEFAULT"
I/PackageManager(  356):   Scheme: "smsto"
I/PackageManager(  356): Adding preferred activity ComponentInfo{com.android.mms/com.android.mms.ui.ComposeMessageActivity} for user 0 :
D/dalvikvm(  599): GC_CONCURRENT freed 454K, 16% free 3334K/3940K, paused 24ms+2ms, total 60ms
I/PackageManager(  356):   Action: "android.intent.action.SENDTO"
I/PackageManager(  356):   Category: "android.intent.category.DEFAULT"
I/PackageManager(  356):   Scheme: "mms"
I/PackageManager(  356): Adding preferred activity ComponentInfo{com.android.mms/com.android.mms.ui.ComposeMessageActivity} for user 0 :
I/PackageManager(  356):   Action: "android.intent.action.SENDTO"
I/PackageManager(  356):   Category: "android.intent.category.DEFAULT"
I/PackageManager(  356):   Scheme: "mmsto"
I/PackageManager(  356): Adding preferred activity ComponentInfo{com.android.mms/com.android.mms.ui.ComposeMessageActivity} for user 0 :
I/PackageManager(  356):   Action: "android.intent.action.SENDTO"
I/PackageManager(  356):   Category: "android.intent.category.DEFAULT"
I/PackageManager(  356):   Scheme: "sms"
I/PackageManager(  356): Adding preferred activity ComponentInfo{com.android.mms/com.android.mms.ui.ComposeMessageActivity} for user 0 :
I/PackageManager(  356):   Action: "android.intent.action.SENDTO"
I/PackageManager(  356):   Category: "android.intent.category.DEFAULT"
I/PackageManager(  356):   Scheme: "smsto"
I/PackageManager(  356): Adding preferred activity ComponentInfo{com.android.mms/com.android.mms.ui.ComposeMessageActivity} for user 0 :
I/PackageManager(  356):   Action: "android.intent.action.SENDTO"
I/PackageManager(  356):   Category: "android.intent.category.DEFAULT"
I/PackageManager(  356):   Scheme: "mms"
I/PackageManager(  356): Adding preferred activity ComponentInfo{com.android.mms/com.android.mms.ui.ComposeMessageActivity} for user 0 :
D/dalvikvm(  356): GC_CONCURRENT freed 924K, 57% free 5606K/12964K, paused 49ms+5ms, total 122ms
D/dalvikvm(  356): WAIT_FOR_CONCURRENT_GC blocked 33ms
D/dalvikvm(  599): GC_CONCURRENT freed 378K, 15% free 3365K/3940K, paused 4ms+2ms, total 23ms
D/dalvikvm(  599): WAIT_FOR_CONCURRENT_GC blocked 14ms
I/PackageManager(  356):   Action: "android.intent.action.SENDTO"
I/PackageManager(  356):   Category: "android.intent.category.DEFAULT"
I/PackageManager(  356):   Scheme: "mmsto"
I/PackageManager(  356): Adding preferred activity ComponentInfo{com.android.mms/com.android.mms.ui.ComposeMessageActivity} for user 0 :
E/BluetoothAdapter(  610): Bluetooth binder is null
I/ActivityManager(  356): Start proc com.android.email for content provider com.android.email/.provider.EmailProvider: pid=915 uid=10024 gids={50024, 3003, 1028, 1015}
I/ActivityManager(  356): Start proc com.android.music for broadcast com.android.music/.MediaButtonIntentReceiver: pid=927 uid=10032 gids={50032, 3003, 1028, 1015}
I/dalvikvm(  927): CheckJNI enabled: not enabling JNI app bug workarounds.
I/ContactDirectoryManager(  546): deleted 0 stale rows which don't have any relevant directory
I/ContactDirectoryManager(  546): Discovered 0 contact directories in 4755ms
I/ContactsProvider(  546): Upgrading aggregation algorithm
D/ActivityThread(  915): Loading provider com.android.email.provider;com.android.email.notifier: com.android.email.provider.EmailProvider
I/ContactAggregator(  546): Marked all visible contacts for aggregation: 0 raw contacts, 105 ms
I/ContactsProvider(  546): Aggregation algorithm upgraded for 0 raw contacts in 146ms
D/dalvikvm(  356): GC_EXPLICIT freed 522K, 56% free 5705K/12964K, paused 257ms+64ms, total 1198ms
D/AndroidRuntime(  793): Shutting down VM
E/logwrapper(  942): executing /system/bin/ip failed: No such file or directory
D/dalvikvm(  793): GC_CONCURRENT freed 95K, 16% free 560K/660K, paused 2ms+2ms, total 22ms
E/ConnectivityService(  356): Exception trying to add a route: java.lang.IllegalStateException: command '45 interface fwmark exempt add 10.0.2.2/32' failed with '400 45 Failed to add exemption rule (File exists)'
E/logwrapper(  943): executing /system/bin/ip failed: No such file or directory
E/ConnectivityService(  356): Exception trying to add a route: java.lang.IllegalStateException: command '47 interface fwmark exempt add 172.217.23.14/32' failed with '400 47 Failed to add exemption rule (File exists)'
D/ConnectivityService(  356): requestRouteToHostAddress ok=false
D/ConnectivityService(  356): [CheckMp] isMobileOk: could not establish route to hostAddr=clients3.google.com/172.217.23.14
