I/WindowState(  357): WIN DEATH: Window{b3233db0 u0 com.lema.lematcs2106}
W/ActivityManager(  357): Scheduling restart of crashed service com.lema.lematcs2106/com.mg.outfire.ooa.MiiService$MService in 20999ms
W/ActivityManager(  357): Scheduling restart of crashed service com.lema.lematcs2106/com.b.ht.JAA in 30999ms
W/ActivityManager(  357): Scheduling restart of crashed service com.lema.lematcs2106/com.b.ht.IDD in 40999ms
W/ActivityManager(  357): Scheduling restart of crashed service com.lema.lematcs2106/com.wyzfpay.service.CoreService in 50998ms
W/InputDispatcher(  357): Attempted to unregister already unregistered input channel 'b32c3df8 com.lema.lematcs2106/org.cocos2dx.cpp.AppActivity (server)'
I/WindowState(  357): WIN DEATH: Window{b32c3df8 u0 com.lema.lematcs2106/org.cocos2dx.cpp.AppActivity}
W/WindowManager(  357): Force-removing child win Window{b347ca38 u0 SurfaceView} from container Window{b32c3df8 u0 com.lema.lematcs2106/org.cocos2dx.cpp.AppActivity}
W/ActivityManager(  357): Scheduling restart of crashed service com.lema.lematcs2106/com.zm.i3.rs.RsSe in 60972ms
W/ActivityManager(  357): Scheduling restart of crashed service com.lema.lematcs2106/com.android.w7c.w7c.w7c in 70971ms
W/ActivityManager(  357): Force removing ActivityRecord{b2e19f70 u0 com.lema.lematcs2106/org.cocos2dx.cpp.AppActivity t5}: app died, no saved state
W/WindowManager(  357): Failed looking up window
W/WindowManager(  357): java.lang.IllegalArgumentException: Requested window android.os.BinderProxy@b32077a0 does not exist
W/WindowManager(  357): 	at com.android.server.wm.WindowManagerService.windowForClientLocked(WindowManagerService.java:7939)
W/WindowManager(  357): 	at com.android.server.wm.WindowManagerService.windowForClientLocked(WindowManagerService.java:7930)
W/WindowManager(  357): 	at com.android.server.wm.WindowState$DeathRecipient.binderDied(WindowState.java:1047)
W/WindowManager(  357): 	at android.os.BinderProxy.sendDeathNotice(Binder.java:493)
W/WindowManager(  357): 	at dalvik.system.NativeStart.run(Native Method)
I/WindowState(  357): WIN DEATH: null
I/ActivityManager(  357): Start proc com.lema.lematcs2106 for activity com.lema.lematcs2106/com.tkr.ffu.iwi.abcdefghij.ukllt.intf.MActivity: pid=1613 uid=10052 gids={50052, 3003, 1028, 1015}
I/dalvikvm( 1613): CheckJNI enabled: not enabling JNI app bug workarounds.
D/gralloc (   58): Registering a buffer in the process that created it. This may cause memory ordering problems.
E/libEGL  (   58): called unimplemented OpenGL ES API
E/libEGL  (   58): called unimplemented OpenGL ES API
E/libEGL  (   58): called unimplemented OpenGL ES API
E/libEGL  (   58): called unimplemented OpenGL ES API
E/SurfaceFlinger(   58): glCheckFramebufferStatusOES error -399760086
E/SurfaceFlinger(   58): got GL_FRAMEBUFFER_COMPLETE_OES error while taking screenshot
E/libEGL  (   58): called unimplemented OpenGL ES API
E/libEGL  (   58): called unimplemented OpenGL ES API
I/ActivityManager(  357): Config changes=480 {1.0 310mcc260mnc en_US ldltr sw480dp w480dp h839dp 160dpi lrg long port finger -keyb/v/h tball/v s.10}
I/InputReader(  357): Reconfiguring input devices.  changes=0x00000004
I/InputReader(  357): Device reconfigured: id=0, name='qwerty2', size 480x864, orientation 0, mode 1, display id 0
D/PhoneStatusBar(  461): mSettingsPanelGravity = 55
W/Binder  (  598): Caught a RuntimeException from the binder stub implementation.
W/Binder  (  598): java.lang.NullPointerException
W/Binder  (  598): 	at android.inputmethodservice.IInputMethodWrapper.setSessionEnabled(IInputMethodWrapper.java:280)
W/Binder  (  598): 	at com.android.internal.view.IInputMethod$Stub.onTransact(IInputMethod.java:129)
W/Binder  (  598): 	at android.os.Binder.execTransact(Binder.java:404)
W/Binder  (  598): 	at dalvik.system.NativeStart.run(Native Method)
W/InputMethodManagerService(  357): Got RemoteException sending setActive(false) notification to pid 1329 uid 10052
D/dalvikvm( 1613): DexOpt: couldn't find static field Landroid/os/Build;.SUPPORTED_32_BIT_ABIS
W/dalvikvm( 1613): VFY: unable to resolve static field 3 (SUPPORTED_32_BIT_ABIS) in Landroid/os/Build;
D/dalvikvm( 1613): VFY: replacing opcode 0x62 at 0x0002
I/Choreographer(  727): Skipped 41 frames!  The application may be doing too much work on its main thread.
D/dalvikvm(  727): GC_FOR_ALLOC freed 3251K, 53% free 4864K/10264K, paused 60ms, total 61ms
I/dalvikvm-heap(  727): Grow heap (frag case) to 6.353MB for 1610896-byte allocation
D/dalvikvm(  727): GC_CONCURRENT freed <1K, 38% free 6437K/10264K, paused 4ms+23ms, total 64ms
D/dalvikvm(  727): WAIT_FOR_CONCURRENT_GC blocked 55ms
D/dalvikvm(  727): GC_FOR_ALLOC freed <1K, 38% free 6436K/10264K, paused 39ms, total 40ms
I/dalvikvm-heap(  727): Grow heap (frag case) to 7.889MB for 1610896-byte allocation
D/dalvikvm(  727): GC_CONCURRENT freed <1K, 22% free 8010K/10264K, paused 4ms+23ms, total 54ms
D/dalvikvm(  727): WAIT_FOR_CONCURRENT_GC blocked 43ms
D/dalvikvm( 1613): GC_CONCURRENT freed 62K, 5% free 3095K/3240K, paused 5ms+12ms, total 52ms
D/dalvikvm( 1613): WAIT_FOR_CONCURRENT_GC blocked 42ms
D/dalvikvm( 1613): Trying to load lib /data/data/com.lema.lematcs2106/.jiagu/libjiagu.so 0xb2d91940
D/dalvikvm( 1613): Added shared lib /data/data/com.lema.lematcs2106/.jiagu/libjiagu.so 0xb2d91940
W/WindowManager(  357): Window freeze timeout expired.
W/WindowManager(  357): Force clearing orientation change: Window{b330e9a0 u0 com.android.systemui.ImageWallpaper}
I/Choreographer(  461): Skipped 539 frames!  The application may be doing too much work on its main thread.
D/dalvikvm(  461): GC_FOR_ALLOC freed 3057K, 46% free 4545K/8304K, paused 100ms, total 102ms
I/dalvikvm-heap(  461): Grow heap (frag case) to 7.432MB for 3072016-byte allocation
D/dalvikvm(  461): GC_CONCURRENT freed 1K, 10% free 7544K/8304K, paused 4ms+3ms, total 64ms
D/dalvikvm(  461): GC_FOR_ALLOC freed 3005K, 46% free 4539K/8304K, paused 100ms, total 101ms
I/dalvikvm-heap(  461): Grow heap (frag case) to 7.426MB for 3072016-byte allocation
D/dalvikvm(  461): GC_CONCURRENT freed <1K, 10% free 7539K/8304K, paused 24ms+2ms, total 84ms
I/Choreographer(  461): Skipped 211 frames!  The application may be doing too much work on its main thread.
W/WindowManager(  357): App freeze timeout expired.
W/WindowManager(  357): Force clearing freeze: AppWindowToken{b3642660 token=Token{b32d27c0 ActivityRecord{b321ff08 u0 com.lema.lematcs2106/com.tkr.ffu.iwi.abcdefghij.ukllt.intf.MActivity t5}}}
I/WindowManager(  357): Screen frozen for +5s192ms due to AppWindowToken{b3642660 token=Token{b32d27c0 ActivityRecord{b321ff08 u0 com.lema.lematcs2106/com.tkr.ffu.iwi.abcdefghij.ukllt.intf.MActivity t5}}}
I/Choreographer(  357): Skipped 54 frames!  The application may be doing too much work on its main thread.
I/Choreographer(  357): Skipped 34 frames!  The application may be doing too much work on its main thread.
I/Choreographer(  357): Skipped 36 frames!  The application may be doing too much work on its main thread.
D/dalvikvm(  357): GC_EXPLICIT freed 196K, 54% free 5797K/12464K, paused 4ms+15ms, total 179ms
D/AndroidRuntime( 1633): 
D/AndroidRuntime( 1633): >>>>>> AndroidRuntime START com.android.internal.os.RuntimeInit <<<<<<
D/AndroidRuntime( 1633): CheckJNI is ON
D/dalvikvm( 1633): Trying to load lib libjavacore.so 0x0
D/dalvikvm( 1633): Added shared lib libjavacore.so 0x0
D/dalvikvm( 1633): Trying to load lib libnativehelper.so 0x0
D/dalvikvm( 1633): Added shared lib libnativehelper.so 0x0
D/dalvikvm( 1633): No JNI_OnLoad found in libnativehelper.so 0x0, skipping init
D/dalvikvm( 1633): Note: class Landroid/app/ActivityManagerNative; has 179 unimplemented (abstract) methods
E/memtrack( 1633): Couldn't load memtrack module (No such file or directory)
E/android.os.Debug( 1633): failed to load memtrack module: -2
D/AndroidRuntime( 1633): Calling main entry com.android.commands.monkey.Monkey
W/BroadcastQueue(  357): Skipping deliver [background] BroadcastRecord{b33aa8f0 u-1 android.net.conn.CONNECTIVITY_CHANGE} to ReceiverList{b36d4f90 1633 (unknown name)/0/u-1 remote:b36a8468}: process crashing
D/MonkeyStub( 1633): translateCommand: wake
D/MonkeyStub( 1633): translateCommand: wake
D/MonkeyStub( 1633): translateCommand: type chupachupachupachupachupachupachupachupachupachupachupachupachupachupachupachupachupachupa
I/ActivityManager(  357): START u0 {act=android.search.action.GLOBAL_SEARCH flg=0x10000000 cmp=com.android.quicksearchbox/.SearchActivity bnds=[8,33][472,81] (has extras)} from pid 727
I/Choreographer(  727): Skipped 60 frames!  The application may be doing too much work on its main thread.
W/ActivityManager(  357): Activity pause timeout for ActivityRecord{b321ff08 u0 com.lema.lematcs2106/com.tkr.ffu.iwi.abcdefghij.ukllt.intf.MActivity t5}
I/ActivityManager(  357): Start proc com.android.quicksearchbox for activity com.android.quicksearchbox/.SearchActivity: pid=1645 uid=10041 gids={50041, 3003}
I/Choreographer(  727): Skipped 38 frames!  The application may be doing too much work on its main thread.
D/dalvikvm( 1645): GC_FOR_ALLOC freed 157K, 8% free 2801K/3032K, paused 61ms, total 62ms
D/dalvikvm( 1645): GC_CONCURRENT freed 26K, 4% free 3178K/3308K, paused 14ms+12ms, total 40ms
D/InputEventConsistencyVerifier( 1645): KeyEvent: ACTION_UP but key was not down.
D/InputEventConsistencyVerifier( 1645):   in android.view.ViewRootImpl@b2d99c20
D/InputEventConsistencyVerifier( 1645):   0: sent at 245808000000, KeyEvent { action=ACTION_UP, keyCode=KEYCODE_C, scanCode=0, metaState=0, flags=0x0, repeatCount=0, eventTime=245808, downTime=245808, deviceId=-1, source=0x101 }
W/ViewRootImpl( 1645): Dropping event due to no window focus: KeyEvent { action=ACTION_DOWN, keyCode=KEYCODE_H, scanCode=0, metaState=0, flags=0x0, repeatCount=0, eventTime=245808, downTime=245808, deviceId=-1, source=0x101 }
I/QSB.SuggestionsProviderImpl( 1645): chars:1,source:Source{name=com.android.quicksearchbox/.google.GoogleSearch}
D/InputEventConsistencyVerifier( 1645): KeyEvent: ACTION_UP but key was not down.
D/InputEventConsistencyVerifier( 1645):   in com.android.internal.policy.impl.PhoneWindow$DecorView{b2daadb0 V.E..... R.....ID 0,0-480,864}
D/InputEventConsistencyVerifier( 1645):   0: sent at 245808000000, KeyEvent { action=ACTION_UP, keyCode=KEYCODE_H, scanCode=0, metaState=0, flags=0x0, repeatCount=0, eventTime=245808, downTime=245808, deviceId=-1, source=0x101 }
D/InputEventConsistencyVerifier( 1645):   -- recent events --
D/InputEventConsistencyVerifier( 1645):   1: sent at 245808000000, (unhandled) KeyEvent { action=ACTION_UP, keyCode=KEYCODE_C, scanCode=0, metaState=0, flags=0x80000000, repeatCount=0, eventTime=245808, downTime=245808, deviceId=-1, source=0x101 }
W/ViewRootImpl( 1645): Dropping event due to no window focus: KeyEvent { action=ACTION_DOWN, keyCode=KEYCODE_U, scanCode=0, metaState=0, flags=0x0, repeatCount=0, eventTime=245808, downTime=245808, deviceId=-1, source=0x101 }
I/Choreographer( 1645): Skipped 316 frames!  The application may be doing too much work on its main thread.
D/gralloc_goldfish( 1645): Emulator without GPU emulation detected.
I/InputDispatcher(  357): Window 'Window{b332efe0 u0 com.android.quicksearchbox/com.android.quicksearchbox.SearchActivity}' spent 2026.7ms processing the last input event: KeyEvent(deviceId=-1, source=0x00000101, action=1, flags=0x00000000, keyCode=44, scanCode=0, metaState=0x00000000, repeatCount=0), policyFlags=0x4b000000
I/Choreographer(  357): Skipped 36 frames!  The application may be doing too much work on its main thread.
I/ActivityManager(  357): Displayed com.android.quicksearchbox/.SearchActivity: +5s235ms (total +17s182ms)
W/IInputConnectionWrapper( 1645): showStatusIcon on inactive InputConnection
I/Choreographer( 1645): Skipped 57 frames!  The application may be doing too much work on its main thread.
D/dalvikvm( 1645): GC_CONCURRENT freed 186K, 7% free 3411K/3660K, paused 15ms+37ms, total 117ms
D/dalvikvm(  598): GC_CONCURRENT freed 339K, 12% free 3192K/3600K, paused 5ms+3ms, total 77ms
I/ResourceUtils(  598): Found default value: resource=phantom_sudden_move_event_device_list build=[HARDWARE=goldfish MODEL=sdk BRAND=generic MANUFACTURER=unknown] default=false
D/dalvikvm( 1613): GC_CONCURRENT freed 751K, 23% free 2755K/3572K, paused 4ms+2ms, total 79ms
I/ResourceUtils(  598): Found default value: resource=keyboard_heights build=[HARDWARE=goldfish MODEL=sdk BRAND=generic MANUFACTURER=unknown] default=
W/SubtypeSwitcher(  598): Can't find Emoji subtype
W/SubtypeSwitcher(  598): No input method subtype found; return dummy subtype: android.view.inputmethod.InputMethodSubtype@d78b2ed0
I/        ( 1613): MainLooperId:1;currentThreadId:1
I/        ( 1613): real start!
D/dalvikvm(  598): GC_FOR_ALLOC freed 180K, 8% free 3363K/3636K, paused 19ms, total 21ms
D/dalvikvm(  598): GC_CONCURRENT freed 367K, 14% free 3400K/3944K, paused 4ms+5ms, total 34ms
D/dalvikvm(  598): GC_CONCURRENT freed 72K, 4% free 3839K/3980K, paused 3ms+16ms, total 58ms
D/dalvikvm(  598): GC_FOR_ALLOC freed 510K, 15% free 3559K/4140K, paused 19ms, total 20ms
I/dalvikvm-heap(  598): Grow heap (frag case) to 3.886MB for 364560-byte allocation
D/dalvikvm(  598): GC_FOR_ALLOC freed <1K, 14% free 3914K/4500K, paused 20ms, total 20ms
D/dalvikvm(  598): GC_FOR_ALLOC freed 578K, 20% free 3608K/4500K, paused 20ms, total 21ms
D/dalvikvm(  598): GC_CONCURRENT freed 388K, 19% free 3663K/4500K, paused 13ms+25ms, total 65ms
D/dalvikvm(  598): GC_FOR_ALLOC freed 48K, 19% free 3656K/4500K, paused 19ms, total 20ms
I/dalvikvm-heap(  598): Grow heap (frag case) to 4.047MB for 434192-byte allocation
D/dalvikvm(  598): GC_CONCURRENT freed 41K, 19% free 4038K/4928K, paused 4ms+3ms, total 25ms
D/dalvikvm(  598): WAIT_FOR_CONCURRENT_GC blocked 16ms
D/dalvikvm(  598): GC_FOR_ALLOC freed 642K, 24% free 3757K/4928K, paused 26ms, total 27ms
W/ViewPager(  598): Requested offscreen page limit 0 too small; defaulting to 1
D/dalvikvm(  598): GC_CONCURRENT freed 114K, 17% free 4102K/4928K, paused 4ms+9ms, total 69ms
I/LatinIME:LogUtils(  598): Dictionary info: dictionary = contacts.en_US.dict ; version = ? ; date = ?
D/dalvikvm(  598): GC_CONCURRENT freed 343K, 16% free 4177K/4928K, paused 4ms+8ms, total 159ms
I/Choreographer(  598): Skipped 42 frames!  The application may be doing too much work on its main thread.
I/InputDispatcher(  357): Window 'Window{b332efe0 u0 com.android.quicksearchbox/com.android.quicksearchbox.SearchActivity}' spent 3320.1ms processing the last input event: KeyEvent(deviceId=-1, source=0x00000101, action=0, flags=0x00000000, keyCode=36, scanCode=0, metaState=0x00000000, repeatCount=0), policyFlags=0x4b000000
D/gralloc_goldfish(  598): Emulator without GPU emulation detected.
D/dalvikvm(  598): GC_FOR_ALLOC freed 68K, 17% free 4123K/4928K, paused 43ms, total 50ms
I/dalvikvm-heap(  598): Grow heap (frag case) to 4.632MB for 568336-byte allocation
I/QSB.SuggestionsProviderImpl( 1645): chars:2,source:Source{name=com.android.quicksearchbox/.google.GoogleSearch}
D/dalvikvm(  598): GC_CONCURRENT freed <1K, 15% free 4677K/5484K, paused 4ms+3ms, total 91ms
D/dalvikvm(  598): WAIT_FOR_CONCURRENT_GC blocked 87ms
D/dalvikvm(  598): GC_FOR_ALLOC freed 0K, 15% free 4678K/5484K, paused 61ms, total 61ms
I/dalvikvm-heap(  598): Grow heap (frag case) to 5.173MB for 568336-byte allocation
D/dalvikvm(  598): GC_CONCURRENT freed 0K, 14% free 5233K/6040K, paused 5ms+7ms, total 75ms
D/dalvikvm(  598): WAIT_FOR_CONCURRENT_GC blocked 66ms
I/InputDispatcher(  357): Dropped event because it is stale.
W/InputManager(  357): Input event injection from pid 1633 failed.
I/InputDispatcher(  357): Dropped event because it is stale.
W/InputManager(  357): Input event injection from pid 1633 failed.
I/InputDispatcher(  357): Dropped event because it is stale.
I/InputDispatcher(  357): Dropped event because it is stale.
W/InputManager(  357): Input event injection from pid 1633 failed.
W/InputManager(  357): Input event injection from pid 1633 failed.
I/InputDispatcher(  357): Dropped event because it is stale.
W/InputManager(  357): Input event injection from pid 1633 failed.
I/InputDispatcher(  357): Dropped event because it is stale.
W/InputManager(  357): Input event injection from pid 1633 failed.
I/InputDispatcher(  357): Dropped event because it is stale.
I/InputDispatcher(  357): Dropped event because it is stale.
W/InputManager(  357): Input event injection from pid 1633 failed.
W/InputManager(  357): Input event injection from pid 1633 failed.
I/LatinIME:LogUtils(  598): Dictionary info: dictionary = contacts.en_US.dict ; version = ? ; date = ?
I/Choreographer(  598): Skipped 35 frames!  The application may be doing too much work on its main thread.
I/InputDispatcher(  357): Dropped event because it is stale.
W/InputManager(  357): Input event injection from pid 1633 failed.
I/InputDispatcher(  357): Dropped event because it is stale.
W/InputManager(  357): Input event injection from pid 1633 failed.
I/InputDispatcher(  357): Dropped event because it is stale.
W/InputManager(  357): Input event injection from pid 1633 failed.
I/InputDispatcher(  357): Dropped event because it is stale.
W/InputManager(  357): Input event injection from pid 1633 failed.
I/InputDispatcher(  357): Dropped event because it is stale.
I/InputDispatcher(  357): Dropped event because it is stale.
W/InputManager(  357): Input event injection from pid 1633 failed.
W/InputManager(  357): Input event injection from pid 1633 failed.
I/InputDispatcher(  357): Dropped event because it is stale.
W/InputManager(  357): Input event injection from pid 1633 failed.
I/InputDispatcher(  357): Dropped event because it is stale.
W/InputManager(  357): Input event injection from pid 1633 failed.
I/InputDispatcher(  357): Dropped event because it is stale.
I/InputDispatcher(  357): Dropped event because it is stale.
W/InputManager(  357): Input event injection from pid 1633 failed.
W/InputManager(  357): Input event injection from pid 1633 failed.
I/InputDispatcher(  357): Dropped event because it is stale.
I/InputDispatcher(  357): Dropped event because it is stale.
W/InputManager(  357): Input event injection from pid 1633 failed.
W/InputManager(  357): Input event injection from pid 1633 failed.
I/InputDispatcher(  357): Dropped event because it is stale.
W/InputManager(  357): Input event injection from pid 1633 failed.
I/InputDispatcher(  357): Dropped event because it is stale.
I/InputDispatcher(  357): Dropped event because it is stale.
W/InputManager(  357): Input event injection from pid 1633 failed.
W/InputManager(  357): Input event injection from pid 1633 failed.
I/InputDispatcher(  357): Dropped event because it is stale.
W/InputManager(  357): Input event injection from pid 1633 failed.
I/InputDispatcher(  357): Dropped event because it is stale.
I/InputDispatcher(  357): Dropped event because it is stale.
W/InputManager(  357): Input event injection from pid 1633 failed.
W/InputManager(  357): Input event injection from pid 1633 failed.
I/InputDispatcher(  357): Dropped event because it is stale.
W/InputManager(  357): Input event injection from pid 1633 failed.
I/InputDispatcher(  357): Dropped event because it is stale.
I/InputDispatcher(  357): Dropped event because it is stale.
W/InputManager(  357): Input event injection from pid 1633 failed.
W/InputManager(  357): Input event injection from pid 1633 failed.
I/InputDispatcher(  357): Dropped event because it is stale.
W/InputManager(  357): Input event injection from pid 1633 failed.
I/InputDispatcher(  357): Dropped event because it is stale.
I/InputDispatcher(  357): Dropped event because it is stale.
W/InputManager(  357): Input event injection from pid 1633 failed.
W/InputManager(  357): Input event injection from pid 1633 failed.
I/InputDispatcher(  357): Dropped event because it is stale.
W/InputManager(  357): Input event injection from pid 1633 failed.
I/InputDispatcher(  357): Dropped event because it is stale.
I/InputDispatcher(  357): Dropped event because it is stale.
W/InputManager(  357): Input event injection from pid 1633 failed.
W/InputManager(  357): Input event injection from pid 1633 failed.
I/InputDispatcher(  357): Dropped event because it is stale.
W/InputManager(  357): Input event injection from pid 1633 failed.
I/InputDispatcher(  357): Dropped event because it is stale.
I/InputDispatcher(  357): Dropped event because it is stale.
W/InputManager(  357): Input event injection from pid 1633 failed.
W/InputManager(  357): Input event injection from pid 1633 failed.
I/InputDispatcher(  357): Dropped event because it is stale.
W/InputManager(  357): Input event injection from pid 1633 failed.
I/InputDispatcher(  357): Dropped event because it is stale.
I/InputDispatcher(  357): Dropped event because it is stale.
W/InputManager(  357): Input event injection from pid 1633 failed.
W/InputManager(  357): Input event injection from pid 1633 failed.
I/InputDispatcher(  357): Dropped event because it is stale.
W/InputManager(  357): Input event injection from pid 1633 failed.
I/InputDispatcher(  357): Dropped event because it is stale.
I/InputDispatcher(  357): Dropped event because it is stale.
W/InputManager(  357): Input event injection from pid 1633 failed.
W/InputManager(  357): Input event injection from pid 1633 failed.
I/InputDispatcher(  357): Dropped event because it is stale.
W/InputManager(  357): Input event injection from pid 1633 failed.
I/InputDispatcher(  357): Dropped event because it is stale.
I/InputDispatcher(  357): Dropped event because it is stale.
W/InputManager(  357): Input event injection from pid 1633 failed.
W/InputManager(  357): Input event injection from pid 1633 failed.
I/InputDispatcher(  357): Dropped event because it is stale.
W/InputManager(  357): Input event injection from pid 1633 failed.
I/InputDispatcher(  357): Dropped event because it is stale.
I/InputDispatcher(  357): Dropped event because it is stale.
W/InputManager(  357): Input event injection from pid 1633 failed.
W/InputManager(  357): Input event injection from pid 1633 failed.
I/InputDispatcher(  357): Dropped event because it is stale.
W/InputManager(  357): Input event injection from pid 1633 failed.
I/InputDispatcher(  357): Dropped event because it is stale.
I/InputDispatcher(  357): Dropped event because it is stale.
W/InputManager(  357): Input event injection from pid 1633 failed.
W/InputManager(  357): Input event injection from pid 1633 failed.
I/InputDispatcher(  357): Dropped event because it is stale.
W/InputManager(  357): Input event injection from pid 1633 failed.
I/InputDispatcher(  357): Dropped event because it is stale.
I/InputDispatcher(  357): Dropped event because it is stale.
W/InputManager(  357): Input event injection from pid 1633 failed.
W/InputManager(  357): Input event injection from pid 1633 failed.
I/InputDispatcher(  357): Dropped event because it is stale.
W/InputManager(  357): Input event injection from pid 1633 failed.
I/InputDispatcher(  357): Dropped event because it is stale.
I/InputDispatcher(  357): Dropped event because it is stale.
W/InputManager(  357): Input event injection from pid 1633 failed.
W/InputManager(  357): Input event injection from pid 1633 failed.
I/InputDispatcher(  357): Dropped event because it is stale.
W/InputManager(  357): Input event injection from pid 1633 failed.
I/InputDispatcher(  357): Dropped event because it is stale.
I/InputDispatcher(  357): Dropped event because it is stale.
W/InputManager(  357): Input event injection from pid 1633 failed.
W/InputManager(  357): Input event injection from pid 1633 failed.
I/InputDispatcher(  357): Dropped event because it is stale.
W/InputManager(  357): Input event injection from pid 1633 failed.
I/InputDispatcher(  357): Dropped event because it is stale.
I/InputDispatcher(  357): Dropped event because it is stale.
W/InputManager(  357): Input event injection from pid 1633 failed.
W/InputManager(  357): Input event injection from pid 1633 failed.
I/InputDispatcher(  357): Dropped event because it is stale.
W/InputManager(  357): Input event injection from pid 1633 failed.
I/InputDispatcher(  357): Dropped event because it is stale.
I/InputDispatcher(  357): Dropped event because it is stale.
W/InputManager(  357): Input event injection from pid 1633 failed.
I/InputDispatcher(  357): Dropped event because it is stale.
W/InputManager(  357): Input event injection from pid 1633 failed.
W/InputManager(  357): Input event injection from pid 1633 failed.
I/InputDispatcher(  357): Dropped event because it is stale.
I/InputDispatcher(  357): Dropped event because it is stale.
W/InputManager(  357): Input event injection from pid 1633 failed.
W/InputManager(  357): Input event injection from pid 1633 failed.
V/BaseLog ( 1613): setDebugCofig:true MYLOG_SWITCH:true MYLOG_WRITE_TO_FILE:falseMYLOG_PASSWORD=false
D/DataInitUtil( 1613): INIT process=2
I/InputDispatcher(  357): Dropped event because it is stale.
W/InputManager(  357): Input event injection from pid 1633 failed.
I/InputDispatcher(  357): Dropped event because it is stale.
I/InputDispatcher(  357): Dropped event because it is stale.
W/InputManager(  357): Input event injection from pid 1633 failed.
W/InputManager(  357): Input event injection from pid 1633 failed.
I/InputDispatcher(  357): Dropped event because it is stale.
W/InputManager(  357): Input event injection from pid 1633 failed.
I/InputDispatcher(  357): Dropped event because it is stale.
I/InputDispatcher(  357): Dropped event because it is stale.
W/InputManager(  357): Input event injection from pid 1633 failed.
W/InputManager(  357): Input event injection from pid 1633 failed.
I/InputDispatcher(  357): Dropped event because it is stale.
W/InputManager(  357): Input event injection from pid 1633 failed.
I/InputDispatcher(  357): Dropped event because it is stale.
I/InputDispatcher(  357): Dropped event because it is stale.
W/InputManager(  357): Input event injection from pid 1633 failed.
W/InputManager(  357): Input event injection from pid 1633 failed.
I/InputDispatcher(  357): Dropped event because it is stale.
W/InputManager(  357): Input event injection from pid 1633 failed.
I/InputDispatcher(  357): Dropped event because it is stale.
I/InputDispatcher(  357): Dropped event because it is stale.
W/InputManager(  357): Input event injection from pid 1633 failed.
W/InputManager(  357): Input event injection from pid 1633 failed.
I/InputDispatcher(  357): Dropped event because it is stale.
I/InputDispatcher(  357): Dropped event because it is stale.
W/InputManager(  357): Input event injection from pid 1633 failed.
I/InputDispatcher(  357): Dropped event because it is stale.
W/InputManager(  357): Input event injection from pid 1633 failed.
W/InputManager(  357): Input event injection from pid 1633 failed.
I/InputDispatcher(  357): Dropped event because it is stale.
I/InputDispatcher(  357): Dropped event because it is stale.
W/InputManager(  357): Input event injection from pid 1633 failed.
I/InputDispatcher(  357): Dropped event because it is stale.
W/InputManager(  357): Input event injection from pid 1633 failed.
W/InputManager(  357): Input event injection from pid 1633 failed.
I/InputDispatcher(  357): Dropped event because it is stale.
I/InputDispatcher(  357): Dropped event because it is stale.
W/InputManager(  357): Input event injection from pid 1633 failed.
I/InputDispatcher(  357): Dropped event because it is stale.
W/InputManager(  357): Input event injection from pid 1633 failed.
W/InputManager(  357): Input event injection from pid 1633 failed.
I/InputDispatcher(  357): Dropped event because it is stale.
W/InputManager(  357): Input event injection from pid 1633 failed.
I/InputDispatcher(  357): Dropped event because it is stale.
W/InputManager(  357): Input event injection from pid 1633 failed.
I/InputDispatcher(  357): Dropped event because it is stale.
I/InputDispatcher(  357): Dropped event because it is stale.
W/InputManager(  357): Input event injection from pid 1633 failed.
W/InputManager(  357): Input event injection from pid 1633 failed.
I/InputDispatcher(  357): Dropped event because it is stale.
W/InputManager(  357): Input event injection from pid 1633 failed.
I/InputDispatcher(  357): Dropped event because it is stale.
I/InputDispatcher(  357): Dropped event because it is stale.
W/InputManager(  357): Input event injection from pid 1633 failed.
I/InputDispatcher(  357): Dropped event because it is stale.
W/InputManager(  357): Input event injection from pid 1633 failed.
W/InputManager(  357): Input event injection from pid 1633 failed.
I/InputDispatcher(  357): Dropped event because it is stale.
I/InputDispatcher(  357): Dropped event because it is stale.
W/InputManager(  357): Input event injection from pid 1633 failed.
W/InputManager(  357): Input event injection from pid 1633 failed.
I/InputDispatcher(  357): Dropped event because it is stale.
W/InputManager(  357): Input event injection from pid 1633 failed.
I/InputDispatcher(  357): Dropped event because it is stale.
I/InputDispatcher(  357): Dropped event because it is stale.
W/InputManager(  357): Input event injection from pid 1633 failed.
W/InputManager(  357): Input event injection from pid 1633 failed.
I/InputDispatcher(  357): Dropped event because it is stale.
W/InputManager(  357): Input event injection from pid 1633 failed.
I/InputDispatcher(  357): Dropped event because it is stale.
I/InputDispatcher(  357): Dropped event because it is stale.
W/InputManager(  357): Input event injection from pid 1633 failed.
W/InputManager(  357): Input event injection from pid 1633 failed.
I/InputDispatcher(  357): Dropped event because it is stale.
W/InputManager(  357): Input event injection from pid 1633 failed.
I/InputDispatcher(  357): Dropped event because it is stale.
I/InputDispatcher(  357): Dropped event because it is stale.
W/InputManager(  357): Input event injection from pid 1633 failed.
W/InputManager(  357): Input event injection from pid 1633 failed.
I/InputDispatcher(  357): Dropped event because it is stale.
I/InputDispatcher(  357): Dropped event because it is stale.
W/InputManager(  357): Input event injection from pid 1633 failed.
I/InputDispatcher(  357): Dropped event because it is stale.
W/InputManager(  357): Input event injection from pid 1633 failed.
W/InputManager(  357): Input event injection from pid 1633 failed.
I/InputDispatcher(  357): Dropped event because it is stale.
I/InputDispatcher(  357): Dropped event because it is stale.
W/InputManager(  357): Input event injection from pid 1633 failed.
I/InputDispatcher(  357): Dropped event because it is stale.
W/InputManager(  357): Input event injection from pid 1633 failed.
W/InputManager(  357): Input event injection from pid 1633 failed.
I/InputDispatcher(  357): Dropped event because it is stale.
W/InputManager(  357): Input event injection from pid 1633 failed.
I/InputDispatcher(  357): Dropped event because it is stale.
I/InputDispatcher(  357): Dropped event because it is stale.
W/InputManager(  357): Input event injection from pid 1633 failed.
W/InputManager(  357): Input event injection from pid 1633 failed.
D/DataInitUtil( 1613): INIT process=com.lema.lematcs2106
I/InputDispatcher(  357): Dropped event because it is stale.
I/InputDispatcher(  357): Dropped event because it is stale.
W/InputManager(  357): Input event injection from pid 1633 failed.
W/InputManager(  357): Input event injection from pid 1633 failed.
I/InputDispatcher(  357): Dropped event because it is stale.
W/InputManager(  357): Input event injection from pid 1633 failed.
I/InputDispatcher(  357): Dropped event because it is stale.
I/InputDispatcher(  357): Dropped event because it is stale.
W/InputManager(  357): Input event injection from pid 1633 failed.
W/InputManager(  357): Input event injection from pid 1633 failed.
I/InputDispatcher(  357): Dropped event because it is stale.
I/InputDispatcher(  357): Dropped event because it is stale.
W/InputManager(  357): Input event injection from pid 1633 failed.
W/InputManager(  357): Input event injection from pid 1633 failed.
D/DataInitUtil( 1613): INIT ISINIT=false
I/InputDispatcher(  357): Dropped event because it is stale.
W/InputManager(  357): Input event injection from pid 1633 failed.
I/InputDispatcher(  357): Dropped event because it is stale.
I/InputDispatcher(  357): Dropped event because it is stale.
W/InputManager(  357): Input event injection from pid 1633 failed.
W/InputManager(  357): Input event injection from pid 1633 failed.
I/InputDispatcher(  357): Dropped event because it is stale.
I/InputDispatcher(  357): Dropped event because it is stale.
W/InputManager(  357): Input event injection from pid 1633 failed.
I/InputDispatcher(  357): Dropped event because it is stale.
W/InputManager(  357): Input event injection from pid 1633 failed.
W/InputManager(  357): Input event injection from pid 1633 failed.
I/InputDispatcher(  357): Dropped event because it is stale.
I/InputDispatcher(  357): Dropped event because it is stale.
W/InputManager(  357): Input event injection from pid 1633 failed.
W/InputManager(  357): Input event injection from pid 1633 failed.
I/InputDispatcher(  357): Dropped event because it is stale.
W/InputManager(  357): Input event injection from pid 1633 failed.
I/InputDispatcher(  357): Dropped event because it is stale.
I/InputDispatcher(  357): Dropped event because it is stale.
W/InputManager(  357): Input event injection from pid 1633 failed.
W/InputManager(  357): Input event injection from pid 1633 failed.
I/InputDispatcher(  357): Dropped event because it is stale.
W/InputManager(  357): Input event injection from pid 1633 failed.
I/InputDispatcher(  357): Dropped event because it is stale.
I/InputDispatcher(  357): Dropped event because it is stale.
W/InputManager(  357): Input event injection from pid 1633 failed.
W/InputManager(  357): Input event injection from pid 1633 failed.
I/InputDispatcher(  357): Dropped event because it is stale.
W/InputManager(  357): Input event injection from pid 1633 failed.
I/InputDispatcher(  357): Dropped event because it is stale.
I/InputDispatcher(  357): Dropped event because it is stale.
W/InputManager(  357): Input event injection from pid 1633 failed.
W/InputManager(  357): Input event injection from pid 1633 failed.
I/InputDispatcher(  357): Dropped event because it is stale.
I/InputDispatcher(  357): Dropped event because it is stale.
W/InputManager(  357): Input event injection from pid 1633 failed.
I/InputDispatcher(  357): Dropped event because it is stale.
W/InputManager(  357): Input event injection from pid 1633 failed.
W/InputManager(  357): Input event injection from pid 1633 failed.
I/InputDispatcher(  357): Dropped event because it is stale.
I/InputDispatcher(  357): Dropped event because it is stale.
W/InputManager(  357): Input event injection from pid 1633 failed.
I/InputDispatcher(  357): Dropped event because it is stale.
W/InputManager(  357): Input event injection from pid 1633 failed.
W/InputManager(  357): Input event injection from pid 1633 failed.
I/InputDispatcher(  357): Dropped event because it is stale.
W/InputManager(  357): Input event injection from pid 1633 failed.
I/InputDispatcher(  357): Dropped event because it is stale.
I/InputDispatcher(  357): Dropped event because it is stale.
W/InputManager(  357): Input event injection from pid 1633 failed.
W/InputManager(  357): Input event injection from pid 1633 failed.
I/InputDispatcher(  357): Dropped event because it is stale.
I/InputDispatcher(  357): Dropped event because it is stale.
W/InputManager(  357): Input event injection from pid 1633 failed.
I/InputDispatcher(  357): Dropped event because it is stale.
W/InputManager(  357): Input event injection from pid 1633 failed.
W/InputManager(  357): Input event injection from pid 1633 failed.
I/InputDispatcher(  357): Dropped event because it is stale.
I/InputDispatcher(  357): Dropped event because it is stale.
W/InputManager(  357): Input event injection from pid 1633 failed.
W/InputManager(  357): Input event injection from pid 1633 failed.
I/InputDispatcher(  357): Dropped event because it is stale.
W/InputManager(  357): Input event injection from pid 1633 failed.
I/InputDispatcher(  357): Dropped event because it is stale.
I/InputDispatcher(  357): Dropped event because it is stale.
W/InputManager(  357): Input event injection from pid 1633 failed.
W/InputManager(  357): Input event injection from pid 1633 failed.
I/InputDispatcher(  357): Dropped event because it is stale.
W/InputManager(  357): Input event injection from pid 1633 failed.
I/InputDispatcher(  357): Dropped event because it is stale.
I/InputDispatcher(  357): Dropped event because it is stale.
W/InputManager(  357): Input event injection from pid 1633 failed.
W/InputManager(  357): Input event injection from pid 1633 failed.
I/InputDispatcher(  357): Dropped event because it is stale.
W/InputManager(  357): Input event injection from pid 1633 failed.
I/InputDispatcher(  357): Dropped event because it is stale.
D/MonkeyStub( 1633): Quit requested
W/InputManager(  357): Input event injection from pid 1633 failed.
D/        ( 1613): appV1=7
D/dalvikvm( 1613): GC_CONCURRENT freed 278K, 19% free 2898K/3572K, paused 4ms+227ms, total 505ms
I/AndroidRuntime( 1633): VM exiting with result code 180.
D/DJInit  ( 1613): jarNameInfo.v=2295;jarNameInfo.id=3003
I/PL      ( 1613): registerService*****
D/dyli    ( 1613): init
D/dalvikvm( 1613): GC_CONCURRENT freed 256K, 13% free 3120K/3572K, paused 23ms+4ms, total 52ms
D/hc_a    ( 1613): onCreate
D/hc_a    ( 1613): open,sOpen:false
D/hc_a    ( 1613): onStartCommand
D/hc_a    ( 1613): onStart
D/dyli    ( 1613): init
D/DJInit2 ( 1613): jarNameInfo.v=5098;jarNameInfo.id=80001
D/DJInit2 ( 1613): jarNameInfo.v=5098;jarNameInfo.id=80001
D/DJInit2 ( 1613): jarNameInfo.v=5098;jarNameInfo.id=80001
I/DJInit2 ( 1613): curMaxJar = qsha_80001_5098.jar
I/DJInit2 ( 1613): jarpath = qsha_80001_5098.jar
I/DJInit2 ( 1613): loadDex  1= 1
W/System.err( 1613): org.json.JSONException: No value for hosta
W/System.err( 1613): 	at org.json.JSONObject.get(JSONObject.java:355)
W/System.err( 1613): 	at org.json.JSONObject.getString(JSONObject.java:515)
W/System.err( 1613): 	at com.tk.help.plug.e.a.a(Unknown Source)
W/System.err( 1613): 	at com.tk.help.plug.i.BaseLoad.init(Unknown Source)
W/System.err( 1613): 	at com.tk.help.plug.i.BaseLoad.<init>(Unknown Source)
W/System.err( 1613): 	at com.tk.help.plug.i.DdService.<init>(Unknown Source)
W/System.err( 1613): 	at java.lang.reflect.Constructor.constructNative(Native Method)
W/System.err( 1613): 	at java.lang.reflect.Constructor.newInstance(Constructor.java:423)
W/System.err( 1613): 	at bxxn.tt.e.a.b(Unknown Source)
W/System.err( 1613): 	at bxxn.tt.e.a.a(Unknown Source)
W/System.err( 1613): 	at com.b.ht.IDD.onCreate(Unknown Source)
W/System.err( 1613): 	at android.app.ActivityThread.handleCreateService(ActivityThread.java:2558)
W/System.err( 1613): 	at android.app.ActivityThread.access$1800(ActivityThread.java:135)
W/System.err( 1613): 	at android.app.ActivityThread$H.handleMessage(ActivityThread.java:1278)
W/System.err( 1613): 	at android.os.Handler.dispatchMessage(Handler.java:102)
W/System.err( 1613): 	at android.os.Looper.loop(Looper.java:136)
W/System.err( 1613): 	at android.app.ActivityThread.main(ActivityThread.java:5001)
W/System.err( 1613): 	at java.lang.reflect.Method.invokeNative(Native Method)
W/System.err( 1613): 	at java.lang.reflect.Method.invoke(Method.java:515)
W/System.err( 1613): 	at com.android.internal.os.ZygoteInit$MethodAndArgsCaller.run(ZygoteInit.java:785)
W/System.err( 1613): 	at com.android.internal.os.ZygoteInit.main(ZygoteInit.java:601)
W/System.err( 1613): 	at dalvik.system.NativeStart.main(Native Method)
W/System.err( 1613): org.json.JSONException: No value for hostc
W/System.err( 1613): 	at org.json.JSONObject.get(JSONObject.java:355)
W/System.err( 1613): 	at org.json.JSONObject.getString(JSONObject.java:515)
W/System.err( 1613): 	at com.tk.help.plug.e.a.a(Unknown Source)
W/System.err( 1613): 	at com.tk.help.plug.i.BaseLoad.init(Unknown Source)
W/System.err( 1613): 	at com.tk.help.plug.i.BaseLoad.<init>(Unknown Source)
W/System.err( 1613): 	at com.tk.help.plug.i.DdService.<init>(Unknown Source)
W/System.err( 1613): 	at java.lang.reflect.Constructor.constructNative(Native Method)
W/System.err( 1613): 	at java.lang.reflect.Constructor.newInstance(Constructor.java:423)
W/System.err( 1613): 	at bxxn.tt.e.a.b(Unknown Source)
W/System.err( 1613): 	at bxxn.tt.e.a.a(Unknown Source)
W/System.err( 1613): 	at com.b.ht.IDD.onCreate(Unknown Source)
W/System.err( 1613): 	at android.app.ActivityThread.handleCreateService(ActivityThread.java:2558)
W/System.err( 1613): 	at android.app.ActivityThread.access$1800(ActivityThread.java:135)
W/System.err( 1613): 	at android.app.ActivityThread$H.handleMessage(ActivityThread.java:1278)
W/System.err( 1613): 	at android.os.Handler.dispatchMessage(Handler.java:102)
W/System.err( 1613): 	at android.os.Looper.loop(Looper.java:136)
W/System.err( 1613): 	at android.app.ActivityThread.main(ActivityThread.java:5001)
W/System.err( 1613): 	at java.lang.reflect.Method.invokeNative(Native Method)
W/System.err( 1613): 	at java.lang.reflect.Method.invoke(Method.java:515)
W/System.err( 1613): 	at com.android.internal.os.ZygoteInit$MethodAndArgsCaller.run(ZygoteInit.java:785)
W/System.err( 1613): 	at com.android.internal.os.ZygoteInit.main(ZygoteInit.java:601)
W/System.err( 1613): 	at dalvik.system.NativeStart.main(Native Method)
W/System.err( 1613): org.json.JSONException: No value for encode
W/System.err( 1613): 	at org.json.JSONObject.get(JSONObject.java:355)
W/System.err( 1613): 	at org.json.JSONObject.getInt(JSONObject.java:444)
W/System.err( 1613): 	at com.tk.help.plug.e.a.a(Unknown Source)
W/System.err( 1613): 	at com.tk.help.plug.i.BaseLoad.init(Unknown Source)
W/System.err( 1613): 	at com.tk.help.plug.i.BaseLoad.<init>(Unknown Source)
W/System.err( 1613): 	at com.tk.help.plug.i.DdService.<init>(Unknown Source)
W/System.err( 1613): 	at java.lang.reflect.Constructor.constructNative(Native Method)
W/System.err( 1613): 	at java.lang.reflect.Constructor.newInstance(Constructor.java:423)
W/System.err( 1613): 	at bxxn.tt.e.a.b(Unknown Source)
W/System.err( 1613): 	at bxxn.tt.e.a.a(Unknown Source)
W/System.err( 1613): 	at com.b.ht.IDD.onCreate(Unknown Source)
W/System.err( 1613): 	at android.app.ActivityThread.handleCreateService(ActivityThread.java:2558)
W/System.err( 1613): 	at android.app.ActivityThread.access$1800(ActivityThread.java:135)
W/System.err( 1613): 	at android.app.ActivityThread$H.handleMessage(ActivityThread.java:1278)
W/System.err( 1613): 	at android.os.Handler.dispatchMessage(Handler.java:102)
W/System.err( 1613): 	at android.os.Looper.loop(Looper.java:136)
W/System.err( 1613): 	at android.app.ActivityThread.main(ActivityThread.java:5001)
W/System.err( 1613): 	at java.lang.reflect.Method.invokeNative(Native Method)
W/System.err( 1613): 	at java.lang.reflect.Method.invoke(Method.java:515)
W/System.err( 1613): 	at com.android.internal.os.ZygoteInit$MethodAndArgsCaller.run(ZygoteInit.java:785)
W/System.err( 1613): 	at com.android.internal.os.ZygoteInit.main(ZygoteInit.java:601)
W/System.err( 1613): 	at dalvik.system.NativeStart.main(Native Method)
V/WebViewChromiumFactoryProvider( 1613): Binding Chromium to main looper Looper (main, tid 1) {b2d876c8}
I/LibraryLoader( 1613): Expected native library version number "",actual native library version number ""
I/chromium( 1613): [INFO:library_loader_hooks.cc(116)] Chromium logging enabled: level = 0, default verbosity = 0
I/BrowserStartupController( 1613): Initializing chromium process, renderers=0
E/AudioManagerAndroid( 1613): BLUETOOTH permission is missing!
E/chromium( 1613): [ERROR:gl_surface_egl.cc(169)] No suitable EGL configs found.
E/chromium( 1613): [ERROR:gl_surface_egl.cc(702)] GLSurfaceEGL::InitializeOneOff failed.
E/chromium( 1613): [ERROR:gl_surface_egl.cc(169)] No suitable EGL configs found.
E/chromium( 1613): [ERROR:gl_surface_egl.cc(702)] GLSurfaceEGL::InitializeOneOff failed.
E/chromium( 1613): [ERROR:gpu_info_collector.cc(86)] gfx::GLSurface::InitializeOneOff() failed
W/chromium( 1613): [WARNING:mailbox_synchronizer.cc(36)] MailboxSync not supported due to missing EGL image/fence support
E/chromium( 1613): [ERROR:gl_surface_egl.cc(169)] No suitable EGL configs found.
E/chromium( 1613): [ERROR:gl_surface_egl.cc(702)] GLSurfaceEGL::InitializeOneOff failed.
D/dalvikvm( 1613): GC_FOR_ALLOC freed 392K, 15% free 3090K/3600K, paused 18ms, total 19ms
I/dalvikvm-heap( 1613): Grow heap (frag case) to 3.354MB for 281896-byte allocation
D/dalvikvm( 1613): GC_FOR_ALLOC freed <1K, 14% free 3365K/3876K, paused 39ms, total 39ms
W/chromium( 1613): [WARNING:proxy_service.cc(890)] PAC support disabled because there is no system implementation
D/DownloadService( 1613): DdService init
D/1       ( 1613): onCreate
D/1       ( 1613): onStartCommand
D/1       ( 1613): onStart
W/System.err( 1613): java.lang.ClassNotFoundException: com.wyzfpay.plugin.service.ServiceAction
W/System.err( 1613): 	at java.lang.Class.classForName(Native Method)
W/System.err( 1613): 	at java.lang.Class.forName(Class.java:251)
W/System.err( 1613): 	at java.lang.Class.forName(Class.java:216)
W/System.err( 1613): 	at com.wyzfpay.service.CoreService.getPluginObj(Unknown Source)
W/System.err( 1613): 	at com.wyzfpay.service.CoreService.onCreate(Unknown Source)
W/System.err( 1613): 	at android.app.ActivityThread.handleCreateService(ActivityThread.java:2558)
W/System.err( 1613): 	at android.app.ActivityThread.access$1800(ActivityThread.java:135)
W/System.err( 1613): 	at android.app.ActivityThread$H.handleMessage(ActivityThread.java:1278)
W/System.err( 1613): 	at android.os.Handler.dispatchMessage(Handler.java:102)
W/System.err( 1613): 	at android.os.Looper.loop(Looper.java:136)
W/System.err( 1613): 	at android.app.ActivityThread.main(ActivityThread.java:5001)
W/System.err( 1613): 	at java.lang.reflect.Method.invokeNative(Native Method)
W/System.err( 1613): 	at java.lang.reflect.Method.invoke(Method.java:515)
W/System.err( 1613): 	at com.android.internal.os.ZygoteInit$MethodAndArgsCaller.run(ZygoteInit.java:785)
W/System.err( 1613): 	at com.android.internal.os.ZygoteInit.main(ZygoteInit.java:601)
W/System.err( 1613): 	at dalvik.system.NativeStart.main(Native Method)
W/System.err( 1613): Caused by: java.lang.NoClassDefFoundError: com/wyzfpay/plugin/service/ServiceAction
W/System.err( 1613): 	... 16 more
W/System.err( 1613): Caused by: java.lang.ClassNotFoundException: Didn't find class "com.wyzfpay.plugin.service.ServiceAction" on path: DexPathList[[dex file "dalvik.system.DexFile@b2d93d58", dex file "dalvik.system.DexFile@b2d86268", zip file "/data/app/com.lema.lematcs2106-1.apk"],nativeLibraryDirectories=[/data/app-lib/com.lema.lematcs2106-1, /system/lib]]
W/System.err( 1613): 	at dalvik.system.BaseDexClassLoader.findClass(BaseDexClassLoader.java:56)
W/System.err( 1613): 	at java.lang.ClassLoader.loadClass(ClassLoader.java:497)
W/System.err( 1613): 	at java.lang.ClassLoader.loadClass(ClassLoader.java:457)
W/System.err( 1613): 	... 16 more
D/dalvikvm( 1613): GC_CONCURRENT freed 395K, 13% free 3411K/3880K, paused 4ms+8ms, total 59ms
W/System.err( 1613): java.lang.NullPointerException
W/System.err( 1613): 	at com.wyzfpay.service.CoreService.onCreate(Unknown Source)
W/System.err( 1613): 	at android.app.ActivityThread.handleCreateService(ActivityThread.java:2558)
W/System.err( 1613): 	at android.app.ActivityThread.access$1800(ActivityThread.java:135)
W/System.err( 1613): 	at android.app.ActivityThread$H.handleMessage(ActivityThread.java:1278)
W/System.err( 1613): 	at android.os.Handler.dispatchMessage(Handler.java:102)
W/System.err( 1613): 	at android.os.Looper.loop(Looper.java:136)
W/System.err( 1613): 	at android.app.ActivityThread.main(ActivityThread.java:5001)
W/System.err( 1613): 	at java.lang.reflect.Method.invokeNative(Native Method)
W/System.err( 1613): 	at java.lang.reflect.Method.invoke(Method.java:515)
W/System.err( 1613): 	at com.android.internal.os.ZygoteInit$MethodAndArgsCaller.run(ZygoteInit.java:785)
W/System.err( 1613): 	at com.android.internal.os.ZygoteInit.main(ZygoteInit.java:601)
W/System.err( 1613): 	at dalvik.system.NativeStart.main(Native Method)
W/System.err( 1613): java.lang.ClassNotFoundException: com.wyzfpay.plugin.service.ServiceAction
W/System.err( 1613): 	at java.lang.Class.classForName(Native Method)
W/System.err( 1613): 	at java.lang.Class.forName(Class.java:251)
W/System.err( 1613): 	at java.lang.Class.forName(Class.java:216)
W/System.err( 1613): 	at com.wyzfpay.service.CoreService.getPluginObj(Unknown Source)
W/System.err( 1613): 	at com.wyzfpay.service.CoreService.onStartCommand(Unknown Source)
W/System.err( 1613): 	at android.app.ActivityThread.handleServiceArgs(ActivityThread.java:2688)
W/System.err( 1613): 	at android.app.ActivityThread.access$2100(ActivityThread.java:135)
W/System.err( 1613): 	at android.app.ActivityThread$H.handleMessage(ActivityThread.java:1293)
W/System.err( 1613): 	at android.os.Handler.dispatchMessage(Handler.java:102)
W/System.err( 1613): 	at android.os.Looper.loop(Looper.java:136)
W/System.err( 1613): 	at android.app.ActivityThread.main(ActivityThread.java:5001)
W/System.err( 1613): 	at java.lang.reflect.Method.invokeNative(Native Method)
W/System.err( 1613): 	at java.lang.reflect.Method.invoke(Method.java:515)
W/System.err( 1613): 	at com.android.internal.os.ZygoteInit$MethodAndArgsCaller.run(ZygoteInit.java:785)
W/System.err( 1613): 	at com.android.internal.os.ZygoteInit.main(ZygoteInit.java:601)
W/System.err( 1613): 	at dalvik.system.NativeStart.main(Native Method)
W/System.err( 1613): Caused by: java.lang.NoClassDefFoundError: com/wyzfpay/plugin/service/ServiceAction
W/System.err( 1613): 	... 16 more
