D/dalvikvm(  352): GC_CONCURRENT freed 435K, 61% free 4955K/12684K, paused 15ms+8ms, total 76ms
D/dalvikvm(  352): WAIT_FOR_CONCURRENT_GC blocked 32ms
I/PackageManager(  352): /data/app/SmokeTest.apk changed; collecting certs
I/PackageManager(  352): /data/app/SmokeTestApp.apk changed; collecting certs
I/PackageManager(  352): /data/app/SoftKeyboard.apk changed; collecting certs
D/dalvikvm(  352): GC_CONCURRENT freed 1156K, 66% free 4387K/12684K, paused 5ms+5ms, total 92ms
D/dalvikvm(  352): WAIT_FOR_CONCURRENT_GC blocked 12ms
I/PackageManager(  352): /data/app/WidgetPreview.apk changed; collecting certs
D/dalvikvm(  352): GC_CONCURRENT freed 506K, 66% free 4393K/12684K, paused 5ms+4ms, total 83ms
D/dalvikvm(  352): WAIT_FOR_CONCURRENT_GC blocked 19ms
W/PackageManager(  352): Package com.example.android.apis desires unavailable shared library com.example.will.never.exist; ignoring!
W/PackageManager(  352): Package com.android.camera desires unavailable shared library com.google.android.media.effects; ignoring!
I/PackageManager(  352): Time to scan packages: 23.107 seconds
W/PackageManager(  352): Not granting permission android.permission.GLOBAL_SEARCH to package com.android.quicksearchbox (protectionLevel=18 flags=0x8be45)
W/PackageManager(  352): Unknown permission com.android.smspush.WAPPUSH_MANAGER_BIND in package com.android.phone
W/PackageManager(  352): Unknown permission com.google.android.googleapps.permission.GOOGLE_AUTH in package com.android.providers.calendar
W/PackageManager(  352): Unknown permission com.google.android.googleapps.permission.GOOGLE_AUTH.cl in package com.android.providers.calendar
W/PackageManager(  352): Unknown permission com.google.android.googleapps.permission.GOOGLE_AUTH.mail in package com.android.calendar
W/PackageManager(  352): Not granting permission android.permission.ACCESS_DOWNLOAD_MANAGER to package com.android.browser (protectionLevel=18 flags=0x9be45)
W/PackageManager(  352): Not granting permission android.permission.SEND_DOWNLOAD_COMPLETED_INTENTS to package com.android.browser (protectionLevel=2 flags=0x9be45)
W/PackageManager(  352): Not granting permission android.permission.BIND_APPWIDGET to package com.android.widgetpreview (protectionLevel=18 flags=0x8be44)
W/PackageManager(  352): Unknown permission android.permission.INSTALL_DRM in package com.android.mms
W/PackageManager(  352): Unknown permission com.google.android.googleapps.permission.GOOGLE_AUTH in package com.android.settings
W/PackageManager(  352): Unknown permission com.google.android.googleapps.permission.ACCESS_GOOGLE_PASSWORD in package com.android.development
W/PackageManager(  352): Unknown permission com.google.android.googleapps.permission.GOOGLE_AUTH in package com.android.development
W/PackageManager(  352): Unknown permission com.google.android.googleapps.permission.GOOGLE_AUTH.ALL_SERVICES in package com.android.development
W/PackageManager(  352): Unknown permission com.google.android.googleapps.permission.GOOGLE_AUTH.YouTubeUser in package com.android.development
W/PackageManager(  352): Not granting permission android.permission.DELETE_PACKAGES to package com.svox.pico (protectionLevel=18 flags=0x8be45)
W/PackageManager(  352): Not granting permission android.permission.DEVICE_POWER to package com.android.deskclock (protectionLevel=2 flags=0x48be45)
D/dalvikvm(  352): GC_CONCURRENT freed 382K, 66% free 4421K/12684K, paused 5ms+6ms, total 104ms
D/dalvikvm(  352): GC_EXPLICIT freed 226K, 67% free 4279K/12684K, paused 3ms+3ms, total 51ms
I/SystemServer(  352): Entropy Mixer
W/EntropyMixer(  352): No existing entropy file -- first boot?
I/EntropyMixer(  352): Writing entropy...
I/SystemServer(  352): User Service
I/SystemServer(  352): Account Manager
I/SystemServer(  352): Content Manager
I/SystemServer(  352): System Content Providers
D/SettingsProvider(  352): User 0 external modification to /data/data/com.android.providers.settings/databases/settings.db; event=2
D/SettingsProvider(  352): User 0 updating our caches for /data/data/com.android.providers.settings/databases/settings.db
I/SyncManager(  352): No initial accounts
I/SyncManager(  352): No initial status
W/SyncManagerFile(  352): Error reading pending data.
W/SyncManagerFile(  352): java.io.FileNotFoundException: /data/system/sync/pending.xml: open failed: ENOENT (No such file or directory)
W/SyncManagerFile(  352): 	at libcore.io.IoBridge.open(IoBridge.java:409)
W/SyncManagerFile(  352): 	at java.io.FileInputStream.<init>(FileInputStream.java:78)
W/SyncManagerFile(  352): 	at android.util.AtomicFile.openRead(AtomicFile.java:199)
W/SyncManagerFile(  352): 	at com.android.server.content.SyncStorageEngine.readPendingOperationsLocked(SyncStorageEngine.java:2286)
W/SyncManagerFile(  352): 	at com.android.server.content.SyncStorageEngine.<init>(SyncStorageEngine.java:434)
W/SyncManagerFile(  352): 	at com.android.server.content.SyncStorageEngine.init(SyncStorageEngine.java:454)
W/SyncManagerFile(  352): 	at com.android.server.content.SyncManager.<init>(SyncManager.java:383)
W/SyncManagerFile(  352): 	at com.android.server.content.ContentService.getSyncManager(ContentService.java:75)
W/SyncManagerFile(  352): 	at com.android.server.content.ContentService.notifyChange(ContentService.java:283)
W/SyncManagerFile(  352): 	at android.content.ContentResolver.notifyChange(ContentResolver.java:1621)
W/SyncManagerFile(  352): 	at com.android.providers.settings.SettingsProvider.sendNotify(SettingsProvider.java:262)
W/SyncManagerFile(  352): 	at com.android.providers.settings.SettingsProvider.insertForUser(SettingsProvider.java:941)
W/SyncManagerFile(  352): 	at com.android.providers.settings.SettingsProvider.ensureAndroidIdIsSet(SettingsProvider.java:496)
W/SyncManagerFile(  352): 	at com.android.providers.settings.SettingsProvider.establishDbTracking(SettingsProvider.java:409)
W/SyncManagerFile(  352): 	at com.android.providers.settings.SettingsProvider.onCreate(SettingsProvider.java:335)
W/SyncManagerFile(  352): 	at android.content.ContentProvider.attachInfo(ContentProvider.java:1591)
W/SyncManagerFile(  352): 	at android.content.ContentProvider.attachInfo(ContentProvider.java:1562)
W/SyncManagerFile(  352): 	at android.app.ActivityThread.installProvider(ActivityThread.java:4774)
W/SyncManagerFile(  352): 	at android.app.ActivityThread.installContentProviders(ActivityThread.java:4369)
W/SyncManagerFile(  352): 	at android.app.ActivityThread.installSystemProviders(ActivityThread.java:4929)
W/SyncManagerFile(  352): 	at com.android.server.am.ActivityManagerService.installSystemProviders(ActivityManagerService.java:8081)
W/SyncManagerFile(  352): 	at com.android.server.ServerThread.initAndLoop(SystemServer.java:275)
W/SyncManagerFile(  352): 	at com.android.server.SystemServer.main(SystemServer.java:1179)
W/SyncManagerFile(  352): 	at java.lang.reflect.Method.invokeNative(Native Method)
W/SyncManagerFile(  352): 	at java.lang.reflect.Method.invoke(Method.java:515)
W/SyncManagerFile(  352): 	at com.android.internal.os.ZygoteInit$MethodAndArgsCaller.run(ZygoteInit.java:785)
W/SyncManagerFile(  352): 	at com.android.internal.os.ZygoteInit.main(ZygoteInit.java:601)
W/SyncManagerFile(  352): 	at dalvik.system.NativeStart.main(Native Method)
W/SyncManagerFile(  352): Caused by: libcore.io.ErrnoException: open failed: ENOENT (No such file or directory)
W/SyncManagerFile(  352): 	at libcore.io.Posix.open(Native Method)
W/SyncManagerFile(  352): 	at libcore.io.BlockGuardOs.open(BlockGuardOs.java:110)
W/SyncManagerFile(  352): 	at libcore.io.IoBridge.open(IoBridge.java:393)
W/SyncManagerFile(  352): 	... 27 more
I/SyncManager(  352): No initial statistics
D/SettingsProvider(  352): User 0 external modification to /data/data/com.android.providers.settings/databases/settings.db; event=2
D/SettingsProvider(  352): User 0 updating our caches for /data/data/com.android.providers.settings/databases/settings.db
D/SettingsProvider(  352): Generated and saved new ANDROID_ID [ebfb159806faf744] for user 0
I/SystemServer(  352): Lights Service
I/SystemServer(  352): Battery Service
I/SystemServer(  352): Vibrator Service
E/ConsumerIrService(  352): Can't open consumer IR HW Module, error: -2
W/libsuspend(  352): Error writing 'on' to /sys/power/state: Invalid argument
E/libsuspend(  352): Error opening /sys/power/autosleep: No such file or directory
I/libsuspend(  352): Selected wakeup count
I/SystemServer(  352): Consumer IR Service
D/PermissionCache(   58): checking android.permission.ACCESS_SURFACE_FLINGER for uid=1000 => granted (2550 us)
D/SurfaceFlinger(   58): Screen acquired, type=0 flinger=0xb7bc4450
D/SurfaceFlinger(   58):  screen was previously acquired
I/SystemServer(  352): Alarm Manager
I/SystemServer(  352): Init Watchdog
I/SystemServer(  352): Input Manager
I/InputManager(  352): Initializing input manager, mUseDevInputEventForAudioJack=false
I/SystemServer(  352): Window Manager
D/dalvikvm(  352): GC_CONCURRENT freed 307K, 66% free 4432K/12684K, paused 55ms+6ms, total 227ms
I/WindowManager(  352): No existing display settings /data/system/display_settings.xml; starting empty
I/WindowManager(  352): No keyguard interface!
I/InputManager(  352): Starting input manager
I/SystemServer(  352): No Bluetooh Service (emulator)
I/SystemServer(  352): Input Method Service
E/EventHub(  352): could not get driver version for /dev/input/mouse0, Not a typewriter
W/EventHub(  352): Unable to disable kernel key repeat for /dev/input/event0: Function not implemented
I/EventHub(  352): New device: id=1, fd=93, path='/dev/input/event0', name='qwerty2', classes=0x2d, configuration='/system/usr/idc/qwerty2.idc', keyLayout='/system/usr/keylayout/qwerty.kl', keyCharacterMap='/system/usr/keychars/qwerty2.kcm', builtinKeyboard=true, usingSuspendBlockIoctl=true, usingClockIoctl=true
E/EventHub(  352): could not get driver version for /dev/input/mice, Not a typewriter
I/InputReader(  352): Device added: id=-1, name='Virtual', sources=0x00000301
I/InputReader(  352):   Touch device 'qwerty2' could not query the properties of its associated display.  The device will be inoperable until the display size becomes available.
I/InputReader(  352): Device added: id=0, name='qwerty2', sources=0x00011307
W/InputMethodManagerService(  352): No IME selected. Choose the most applicable IME.
I/InputMethodManagerService(  352): No default found, using com.android.inputmethod.latin/.LatinIME
I/SystemServer(  352): Accessibility Manager
I/ActivityManager(  352): Config changes=1df8 {1.0 ?mcc?mnc en_US ldltr sw480dp w480dp h864dp 160dpi lrg long port ?uimode ?night -touch -keyb/h/h tball/v s.2}
I/InputReader(  352): Reconfiguring input devices.  changes=0x00000004
I/InputReader(  352): Device reconfigured: id=0, name='qwerty2', size 480x864, orientation 0, mode 1, display id 0
I/ActivityManager(  352): Config changes=408 {1.0 ?mcc?mnc en_US ldltr sw480dp w480dp h839dp 160dpi lrg long port ?uimode ?night finger -keyb/h/h tball/v s.3}
I/SystemServer(  352): Mount Service
D/MountService(  352): got storage path: /storage/sdcard description: USB storage primary: true removable: false emulated: false mtpReserve: 0 allowMassStorage: false maxFileSize: 0
D/MountService(  352): addVolumeLocked() StorageVolume:
D/MountService(  352):     mStorageId=0 mPath=/storage/sdcard mDescriptionId=17040665 mPrimary=true 
D/MountService(  352):     mRemovable=false mEmulated=false mMtpReserveSpace=0 
D/MountService(  352):     mAllowMassStorage=false mMaxFileSize=0 mOwner=null mUuid=null 
D/MountService(  352):     mUserLabel=null mState=null 
I/SystemServer(  352): LockSettingsService
I/SystemServer(  352): Device Policy
I/SystemServer(  352): Status Bar
I/SystemServer(  352): Clipboard Service
I/SystemServer(  352): NetworkManagement Service
W/MountService(  352): Duplicate state transition (unmounted -> unmounted) for /storage/sdcard
I/SystemServer(  352): Text Service Manager Service
W/MountService(  352): getSecureContainerList() called when storage not mounted
I/SystemServer(  352): NetworkStats Service
D/SettingsProvider(  352): User 0 external modification to /data/data/com.android.providers.settings/databases/settings.db; event=2
D/SettingsProvider(  352): User 0 updating our caches for /data/data/com.android.providers.settings/databases/settings.db
I/PackageManager(  352): No secure containers on sdcard
I/SystemServer(  352): NetworkPolicy Service
I/SystemServer(  352): Wi-Fi P2pService
D/dalvikvm(  352): GC_CONCURRENT freed 285K, 64% free 4607K/12684K, paused 5ms+13ms, total 155ms
D/SettingsProvider(  352): User 0 external modification to /data/data/com.android.providers.settings/databases/settings.db; event=2
D/SettingsProvider(  352): User 0 updating our caches for /data/data/com.android.providers.settings/databases/settings.db
W/PackageManager(  352): Not granting permission android.permission.GLOBAL_SEARCH to package com.android.quicksearchbox (protectionLevel=18 flags=0x8be45)
W/PackageManager(  352): Unknown permission com.android.smspush.WAPPUSH_MANAGER_BIND in package com.android.phone
W/PackageManager(  352): Unknown permission com.google.android.googleapps.permission.GOOGLE_AUTH in package com.android.providers.calendar
W/PackageManager(  352): Unknown permission com.google.android.googleapps.permission.GOOGLE_AUTH.cl in package com.android.providers.calendar
W/PackageManager(  352): Unknown permission com.google.android.googleapps.permission.GOOGLE_AUTH.mail in package com.android.calendar
W/PackageManager(  352): Not granting permission android.permission.ACCESS_DOWNLOAD_MANAGER to package com.android.browser (protectionLevel=18 flags=0x9be45)
W/PackageManager(  352): Not granting permission android.permission.SEND_DOWNLOAD_COMPLETED_INTENTS to package com.android.browser (protectionLevel=2 flags=0x9be45)
W/PackageManager(  352): Not granting permission android.permission.BIND_APPWIDGET to package com.android.widgetpreview (protectionLevel=18 flags=0x8be44)
W/PackageManager(  352): Unknown permission android.permission.INSTALL_DRM in package com.android.mms
W/PackageManager(  352): Unknown permission com.google.android.googleapps.permission.GOOGLE_AUTH in package com.android.settings
W/PackageManager(  352): Unknown permission com.google.android.googleapps.permission.ACCESS_GOOGLE_PASSWORD in package com.android.development
W/PackageManager(  352): Unknown permission com.google.android.googleapps.permission.GOOGLE_AUTH in package com.android.development
W/PackageManager(  352): Unknown permission com.google.android.googleapps.permission.GOOGLE_AUTH.ALL_SERVICES in package com.android.development
W/PackageManager(  352): Unknown permission com.google.android.googleapps.permission.GOOGLE_AUTH.YouTubeUser in package com.android.development
W/PackageManager(  352): Not granting permission android.permission.DELETE_PACKAGES to package com.svox.pico (protectionLevel=18 flags=0x8be45)
W/PackageManager(  352): Not granting permission android.permission.DEVICE_POWER to package com.android.deskclock (protectionLevel=2 flags=0x48be45)
I/SystemServer(  352): Wi-Fi Service
D/WifiController(  352): isAirplaneModeOn = false, isWifiEnabled = false, isScanningAvailable = false
I/SystemServer(  352): Connectivity Service
D/ConnectivityService(  352): ConnectivityService starting up
D/ConnectivityService(  352): wifiOnly=false
D/dalvikvm(  352): GC_CONCURRENT freed 335K, 63% free 4702K/12684K, paused 5ms+5ms, total 99ms
E/MobileDataStateTracker(  352): default: Ignoring feature request because could not acquire PhoneService
E/MobileDataStateTracker(  352): default: Could not enable APN type "default"
I/WifiService(  352): WifiService starting up with Wi-Fi disabled
I/SystemServer(  352): Network Service Discovery Service
D/NsdService(  352): Network service discovery enabled true
I/SystemServer(  352): UpdateLock Service
I/SystemServer(  352): Notification Manager
I/SystemServer(  352): Device Storage Monitor
I/SystemServer(  352): Location Manager
I/SystemServer(  352): Country Detector
I/SystemServer(  352): Search Service
I/SystemServer(  352): DropBox Service
I/SystemServer(  352): Wallpaper Service
W/WallpaperService(  352): no current wallpaper -- first boot?
I/SystemServer(  352): Audio Service
I/SystemServer(  352): Dock Observer
W/DockObserver(  352): This kernel does not have dock station support
I/SystemServer(  352): Wired Accessory Manager
W/WiredAccessoryManager(  352): This kernel does not have wired headset support
W/WiredAccessoryManager(  352): This kernel does not have usb audio support
W/WiredAccessoryManager(  352): This kernel does not have HDMI audio support
I/SystemServer(  352): USB Service
I/SystemServer(  352): Serial Service
I/SystemServer(  352): Twilight Service
I/SystemServer(  352): UI Mode Manager Service
I/SystemServer(  352): Backup Service
V/BackupManagerService(  352): Initializing package tracking
V/BackupManagerService(  352): No ancestral data
V/BackupManagerService(  352): addPackageParticipantsLocked: all
I/BackupManagerService(  352): Scheduling backup for new app com.android.calendar
D/BackupManagerService(  352): Now staging backup of com.android.calendar
I/BackupManagerService(  352): Scheduling backup for new app com.android.browser
D/BackupManagerService(  352): Now staging backup of com.android.browser
I/BackupManagerService(  352): Scheduling backup for new app com.android.providers.userdictionary
D/BackupManagerService(  352): Now staging backup of com.android.providers.userdictionary
I/BackupManagerService(  352): Scheduling backup for new app com.android.sharedstoragebackup
D/BackupManagerService(  352): Now staging backup of com.android.sharedstoragebackup
I/BackupManagerService(  352): Scheduling backup for new app android
D/BackupManagerService(  352): Now staging backup of android
I/BackupManagerService(  352): Scheduling backup for new app com.android.dialer
D/BackupManagerService(  352): Now staging backup of com.android.dialer
I/BackupManagerService(  352): Scheduling backup for new app com.android.providers.settings
D/BackupManagerService(  352): Now staging backup of com.android.providers.settings
V/BackupManagerService(  352): Starting with transport android/com.android.internal.backup.LocalTransport
V/BackupManagerService(  352): Found transports: 1
I/BackupManagerService(  352): Binding to transport host ComponentInfo{android/com.android.internal.backup.LocalTransportService}
I/BackupManagerService(  352): Backup enabled => true
I/SystemServer(  352): AppWidget Service
I/SystemServer(  352): Recognition Service
I/SystemServer(  352): DiskStats Service
I/SystemServer(  352): SamplingProfiler Service
I/SystemServer(  352): NetworkTimeUpdateService
I/SystemServer(  352): CommonTimeManagementService
I/SystemServer(  352): CertBlacklister
I/SystemServer(  352): Dreams Service
I/SystemServer(  352): Assets Atlas Service
I/SystemServer(  352): IdleMaintenanceService
I/SystemServer(  352): Print Service
D/Atlas   (  352): Computing best atlas configuration...
D/Atlas   (  352): Running Thread-50
I/WindowManager(  352): SAFE MODE not enabled
I/SystemServer(  352): Media Router Service
D/dalvikvm(  352): GC_CONCURRENT freed 220K, 61% free 5033K/12684K, paused 5ms+6ms, total 131ms
D/Atlas   (  352): Found best atlas configuration in 0.08s
D/Atlas   (  352): Loaded configuration: SliceMinArea (768x768) flags=0x2 count=24
D/gralloc_goldfish(  352): Emulator without GPU emulation detected.
E/SQLiteLog(  352): (1) no such table: locksettings
W/AssetAtlasService(  352): Could not find EGL configuration
D/Atlas   (  352): Rendered atlas in 19.90ms (16.79+3.11ms)
I/LockSettingsService(  352): Migrated lock settings to new location
I/LockSettingsService(  352): Migrated per-user lock settings to new location
I/Zygote  (  352): Process: zygote socket opened
V/KeyguardServiceDelegate(  352): *** Keyguard started
V/KeyguardServiceDelegate(  352): onSystemReady() called before keyguard service was ready
I/ActivityManager(  352): Start proc com.android.systemui for service com.android.keyguard/.KeyguardService: pid=451 uid=10007 gids={50007, 1028, 1015, 1035, 3002, 3001}
F/SystemServer(  352): BOOT FAILURE making Package Manager Service ready
F/SystemServer(  352): java.lang.SecurityException: Unable to find app for caller android.app.ActivityThread$ApplicationThread@b3528428 (pid=352) when registering receiver android.app.LoadedApk$ReceiverDispatcher$InnerReceiver@b3529050
F/SystemServer(  352): 	at com.android.server.am.ActivityManagerService.registerReceiver(ActivityManagerService.java:13021)
F/SystemServer(  352): 	at android.app.ContextImpl.registerReceiverInternal(ContextImpl.java:1450)
F/SystemServer(  352): 	at android.app.ContextImpl.registerReceiverAsUser(ContextImpl.java:1425)
F/SystemServer(  352): 	at com.android.internal.content.PackageMonitor.register(PackageMonitor.java:84)
F/SystemServer(  352): 	at com.android.server.pm.UserManagerService.systemReady(UserManagerService.java:237)
F/SystemServer(  352): 	at com.android.server.pm.PackageManagerService.systemReady(PackageManagerService.java:10476)
F/SystemServer(  352): 	at com.android.server.ServerThread.initAndLoop(SystemServer.java:893)
F/SystemServer(  352): 	at com.android.server.SystemServer.main(SystemServer.java:1179)
F/SystemServer(  352): 	at java.lang.reflect.Method.invokeNative(Native Method)
F/SystemServer(  352): 	at java.lang.reflect.Method.invoke(Method.java:515)
F/SystemServer(  352): 	at com.android.internal.os.ZygoteInit$MethodAndArgsCaller.run(ZygoteInit.java:785)
F/SystemServer(  352): 	at com.android.internal.os.ZygoteInit.main(ZygoteInit.java:601)
F/SystemServer(  352): 	at dalvik.system.NativeStart.main(Native Method)
W/SystemServer(  352): ***********************************************
I/ActivityManager(  352): Sending system update to ComponentInfo{com.android.providers.calendar/com.android.providers.calendar.CalendarUpgradeReceiver} for user 0
I/ActivityManager(  352): Sending system update to ComponentInfo{com.android.providers.contacts/com.android.providers.contacts.ContactsUpgradeReceiver} for user 0
I/ActivityManager(  352): Sending system update to ComponentInfo{com.android.providers.media/com.android.providers.media.MediaUpgradeReceiver} for user 0
I/SystemServer(  352): Enabled StrictMode for system server main thread.
I/ActivityManager(  352): Start proc com.android.providers.calendar for broadcast com.android.providers.calendar/.CalendarUpgradeReceiver: pid=462 uid=10001 gids={50001, 3003, 1028, 1015}
I/Choreographer(  352): Skipped 45 frames!  The application may be doing too much work on its main thread.
W/InputMethodManagerService(  352): Focus gain on non-focused client android.view.inputmethod.InputMethodManager$1@b3632388 (uid=1000 pid=352)
V/BackupManagerService(  352): Connected to transport ComponentInfo{android/com.android.internal.backup.LocalTransportService}
V/BackupManagerService(  352): Registering transport android/com.android.internal.backup.LocalTransportService::android/com.android.internal.backup.LocalTransport = com.android.internal.backup.LocalTransport@b35401c0
I/ActivityManager(  352): Launching preboot mode app: ProcessRecord{b353d890 462:com.android.providers.calendar/u0a1}
E/SoundPool(  451): error loading /system/media/audio/ui/Lock.ogg
W/KeyguardViewMediator(  451): failed to load lock sound from /system/media/audio/ui/Lock.ogg
E/SoundPool(  451): error loading /system/media/audio/ui/Unlock.ogg
W/KeyguardViewMediator(  451): failed to load unlock sound from /system/media/audio/ui/Unlock.ogg
V/KeyguardService(  451): onCreate()
V/KeyguardServiceDelegate(  352): *** Keyguard connected (yay!)
V/KeyguardServiceDelegate(  352): **** SHOWN CALLED ****
D/dalvikvm(  352): GC_CONCURRENT freed 437K, 60% free 5092K/12684K, paused 4ms+4ms, total 126ms
I/ActivityManager(  352): Start proc android.process.acore for broadcast com.android.providers.contacts/.ContactsUpgradeReceiver: pid=481 uid=10002 gids={50002, 3003, 1028, 1015}
I/ActivityManager(  352): Launching preboot mode app: ProcessRecord{b328e708 481:android.process.acore/u0a2}
I/ContactsUpgradeReceiver(  481): Creating or opening contacts database
D/dalvikvm(  481): GC_CONCURRENT freed 364K, 14% free 2806K/3240K, paused 5ms+4ms, total 63ms
I/ContactsDatabaseHelper(  481): Bootstrapping database version: 803
D/dalvikvm(  481): GC_CONCURRENT freed 332K, 13% free 2871K/3272K, paused 14ms+1ms, total 40ms
I/ContactsProviderV1(  481): Bootstrapping database legacy support
I/ContactsDatabaseHelper(  481): Bootstrapping database version: 803
D/dalvikvm(  481): GC_CONCURRENT freed 340K, 13% free 2930K/3340K, paused 4ms+1ms, total 39ms
I/ContactsProviderV1(  481): Bootstrapping database legacy support
I/ContactsProvider(  481): Locale has changed from null to en_US
I/ContactsDatabaseHelper(  481): Switching to locale en_US (ICU v51.1.0.1)
D/dalvikvm(  481): GC_CONCURRENT freed 343K, 12% free 3013K/3424K, paused 13ms+2ms, total 40ms
I/ContactsDatabaseHelper(  481): Locale change completed in 454ms
I/ContactsDatabaseHelper(  481): Switching to locale en_US (ICU v51.1.0.1)
D/dalvikvm(  481): GC_CONCURRENT freed 354K, 13% free 3049K/3476K, paused 4ms+2ms, total 32ms
I/ContactsDatabaseHelper(  481): Locale change completed in 462ms
I/ActivityManager(  352): Start proc android.process.media for broadcast com.android.providers.media/.MediaUpgradeReceiver: pid=499 uid=10005 gids={50005, 1028, 1015, 1023, 1024, 2001, 3003, 3007}
I/ActivityManager(  352): Launching preboot mode app: ProcessRecord{b3576df8 499:android.process.media/u0a5}
I/ActivityManager(  352): Writing new set of last done pre-boot receivers...
I/ActivityManager(  352): Removing system update proc: ProcessRecord{b353d890 462:com.android.providers.calendar/u0a1}
I/ActivityManager(  352): Killing 462:com.android.providers.calendar/u0a1 (adj 13): system update done
I/ActivityManager(  352): Removing system update proc: ProcessRecord{b328e708 481:android.process.acore/u0a2}
I/ActivityManager(  352): Killing 481:android.process.acore/u0a2 (adj 11): system update done
I/ActivityManager(  352): Removing system update proc: ProcessRecord{b3576df8 499:android.process.media/u0a5}
I/ActivityManager(  352): Killing 499:android.process.media/u0a5 (adj 9): system update done
I/ActivityManager(  352): System now ready
I/SystemServer(  352): Making services ready
D/NetworkManagementService(  352): enabling bandwidth control
I/Vold    (   53): /dev/block/vold/179:0 being considered for volume sdcard
D/Vold    (   53): Volume sdcard state changing 1 (Idle-Unmounted) -> 3 (Checking)
D/MountService(  352): volume state changed for /storage/sdcard (unmounted -> checking)
D/MountService(  352): sendStorageIntent Intent { act=android.intent.action.MEDIA_CHECKING dat=file:///storage/sdcard (has extras) } to UserHandle{-1}
D/SystemUIService(  451): loading: class com.android.systemui.recent.Recents
D/SystemUIService(  451): running: com.android.systemui.recent.Recents@b2cff010
D/SystemUIService(  451): loading: class com.android.systemui.statusbar.SystemBars
D/SystemUIService(  451): running: com.android.systemui.statusbar.SystemBars@b2cff5f8
I/fsck_msdos(   53): ** /dev/block/vold/179:0
I/fsck_msdos(   53): Invalid signature in fsinfo block
I/fsck_msdos(   53): FIXED
I/fsck_msdos(   53): ** Phase 1 - Read and Compare FATs
I/fsck_msdos(   53): Attempting to allocate 794 KB for FAT
D/SystemUIService(  451): loading: class com.android.systemui.usb.StorageNotification
D/SystemUIService(  451): running: com.android.systemui.usb.StorageNotification@b2d01348
D/SystemUIService(  451): loading: class com.android.systemui.power.PowerUI
D/SystemUIService(  451): running: com.android.systemui.power.PowerUI@b2d02c00
D/SystemUIService(  451): loading: class com.android.systemui.media.RingtonePlayer
D/SystemUIService(  451): running: com.android.systemui.media.RingtonePlayer@b2d039e0
D/SystemUIService(  451): loading: class com.android.systemui.settings.SettingsUI
D/SystemUIService(  451): running: com.android.systemui.settings.SettingsUI@b2d04cc8
I/fsck_msdos(   53): Attempting to allocate 794 KB for FAT
I/StatusBarManagerService(  352): registerStatusBar bar=com.android.internal.statusbar.IStatusBar$Stub$Proxy@b320af50
D/PhoneStatusBar(  451): mSettingsPanelGravity = 55
I/fsck_msdos(   53): ** Phase 2 - Check Cluster Chains
I/fsck_msdos(   53): ** Phase 3 - Checking Directories
I/fsck_msdos(   53): ** Phase 4 - Checking for Lost Files
I/fsck_msdos(   53): Free space in FSInfo block (201592) not correct (201591)
I/fsck_msdos(   53): FIXED
I/fsck_msdos(   53): 1 files, 100795 free (201591 clusters)
I/Vold    (   53): Filesystem check completed OK
D/dalvikvm(  451): GC_CONCURRENT freed 282K, 12% free 2829K/3180K, paused 5ms+111ms, total 256ms
W/Vold    (   53): blkid failed to identify /dev/block/vold/179:0
D/Vold    (   53): Volume sdcard state changing 3 (Checking) -> 4 (Mounted)
E/VoldConnector(  352): NDC Command {3 volume mount /storage/sdcard} took too long (809ms)
I/PackageManager(  352): Updating external media status from unmounted to mounted
D/MountService(  352): volume state changed for /storage/sdcard (checking -> mounted)
D/MountService(  352): sendStorageIntent Intent { act=android.intent.action.MEDIA_MOUNTED dat=file:///storage/sdcard (has extras) } to UserHandle{-1}
D/dalvikvm(  352): GC_CONCURRENT freed 456K, 59% free 5230K/12684K, paused 5ms+5ms, total 353ms
I/PackageManager(  352): No secure containers on sdcard
D/dalvikvm(  451): GC_FOR_ALLOC freed 37K, 8% free 2947K/3180K, paused 25ms, total 27ms
W/PackageManager(  352): Not granting permission android.permission.GLOBAL_SEARCH to package com.android.quicksearchbox (protectionLevel=18 flags=0x88be45)
W/PackageManager(  352): Unknown permission com.android.smspush.WAPPUSH_MANAGER_BIND in package com.android.phone
W/PackageManager(  352): Unknown permission com.google.android.googleapps.permission.GOOGLE_AUTH in package com.android.providers.calendar
W/PackageManager(  352): Unknown permission com.google.android.googleapps.permission.GOOGLE_AUTH.cl in package com.android.providers.calendar
W/PackageManager(  352): Unknown permission com.google.android.googleapps.permission.GOOGLE_AUTH.mail in package com.android.calendar
W/PackageManager(  352): Not granting permission android.permission.ACCESS_DOWNLOAD_MANAGER to package com.android.browser (protectionLevel=18 flags=0x89be45)
W/PackageManager(  352): Not granting permission android.permission.SEND_DOWNLOAD_COMPLETED_INTENTS to package com.android.browser (protectionLevel=2 flags=0x89be45)
W/PackageManager(  352): Not granting permission android.permission.BIND_APPWIDGET to package com.android.widgetpreview (protectionLevel=18 flags=0x8be44)
W/PackageManager(  352): Unknown permission android.permission.INSTALL_DRM in package com.android.mms
W/PackageManager(  352): Unknown permission com.google.android.googleapps.permission.GOOGLE_AUTH in package com.android.settings
W/PackageManager(  352): Unknown permission com.google.android.googleapps.permission.ACCESS_GOOGLE_PASSWORD in package com.android.development
W/PackageManager(  352): Unknown permission com.google.android.googleapps.permission.GOOGLE_AUTH in package com.android.development
W/PackageManager(  352): Unknown permission com.google.android.googleapps.permission.GOOGLE_AUTH.ALL_SERVICES in package com.android.development
W/PackageManager(  352): Unknown permission com.google.android.googleapps.permission.GOOGLE_AUTH.YouTubeUser in package com.android.development
W/PackageManager(  352): Not granting permission android.permission.DELETE_PACKAGES to package com.svox.pico (protectionLevel=18 flags=0x88be45)
W/PackageManager(  352): Not granting permission android.permission.DEVICE_POWER to package com.android.deskclock (protectionLevel=2 flags=0xc8be45)
E/BluetoothAdapter(  451): Bluetooth binder is null
E/BluetoothAdapter(  451): Bluetooth binder is null
D/dalvikvm(  451): GC_CONCURRENT freed 54K, 5% free 3300K/3456K, paused 5ms+4ms, total 67ms
E/BluetoothAdapter(  451): Bluetooth binder is null
E/BluetoothAdapter(  451): Bluetooth binder is null
I/ActivityManager(  352): Start proc android.process.acore for content provider com.android.providers.contacts/.ContactsProvider2: pid=545 uid=10002 gids={50002, 3003, 1028, 1015}
D/PhoneStatusBar(  451): disable: < expand icons alerts ticker system_info back home recent clock search >
E/BluetoothAdapter(  451): Bluetooth binder is null
D/PhoneStatusBar(  451): heads up is disabled
I/Choreographer(  451): Skipped 465 frames!  The application may be doing too much work on its main thread.
E/NetdConnector(  352): NDC Command {1 bandwidth enable} took too long (3575ms)
D/dalvikvm(  451): GC_CONCURRENT freed 139K, 6% free 3550K/3760K, paused 5ms+3ms, total 140ms
E/NetdConnector(  352): NDC Command {2 firewall disable} took too long (739ms)
I/Choreographer(  451): Skipped 320 frames!  The application may be doing too much work on its main thread.
D/gralloc_goldfish(  451): Emulator without GPU emulation detected.
I/Choreographer(  451): Skipped 40 frames!  The application may be doing too much work on its main thread.
D/dalvikvm(  545): GC_CONCURRENT freed 258K, 10% free 2950K/3276K, paused 5ms+288ms, total 524ms
E/NetdConnector(  352): NDC Command {5 firewall disable} took too long (612ms)
I/ActivityManager(  352): Config changes=200 {1.0 ?mcc?mnc en_US ldltr sw480dp w480dp h839dp 160dpi lrg long port finger -keyb/h/h tball/v s.4}
W/RecognitionManagerService(  352): no available voice recognition services found for user 0
D/PhoneStatusBar(  451): mSettingsPanelGravity = 55
W/AppWidgetServiceImpl(  352): Failed to read state: java.io.FileNotFoundException: /data/system/users/0/appwidgets.xml: open failed: ENOENT (No such file or directory)
W/InputMethodManagerService(  352): Ignoring setImeWindowStatus of uid 1000 token: null
D/dalvikvm(  352): GC_CONCURRENT freed 633K, 59% free 5232K/12684K, paused 15ms+5ms, total 104ms
D/dalvikvm(  352): WAIT_FOR_CONCURRENT_GC blocked 36ms
D/dalvikvm(  352): WAIT_FOR_CONCURRENT_GC blocked 34ms
W/InputMethodUtils(  352): Found no subtypes in a system IME: com.android.inputmethod.pinyin
W/InputMethodManagerService(  352): Reset the default IME as "Resource" is ready here.
W/InputMethodUtils(  352): Found no subtypes in a system IME: com.android.inputmethod.pinyin
I/InputMethodManagerService(  352): Selected default: com.android.inputmethod.latin/.LatinIME
I/ActivityManager(  352): Start proc com.android.inputmethod.latin for service com.android.inputmethod.latin/.LatinIME: pid=589 uid=10029 gids={50029, 1028, 1015}
V/InputMethodManagerService(  352): Adding window token: android.os.Binder@b309c0e8
W/InputMethodManagerService(  352): Illegal subtype state: old subtype = null, new subtype = android.view.inputmethod.InputMethodSubtype@c9194f98
I/ActivityManager(  352): Config changes=20 {1.0 ?mcc?mnc en_US ldltr sw480dp w480dp h839dp 160dpi lrg long port finger -keyb/v/h tball/v s.5}
W/GpsLocationProvider(  352): Could not open GPS configuration file /etc/gps.conf
W/ServiceWatcher(  352): com.google.android.location not found
W/ServiceWatcher(  352): com.google.android.location not found
W/ServiceWatcher(  352): com.google.android.location not found
W/LocationManagerService(  352): no network location provider found
W/ServiceWatcher(  352): com.google.android.location not found
E/LocationManagerService(  352): no geocoder provider found
E/FlpHardwareProvider(  352): Error hw_get_module 'flp': -2
W/ServiceWatcher(  352): com.google.android.location not found
E/FlpHardwareProvider(  352): Error hw_get_module 'flp': -2
W/ServiceWatcher(  352): com.google.android.location not found
E/LocationManagerService(  352): No FusedProvider found.
E/LocationManagerService(  352): no geofence provider found
I/CommonTimeManagementService(  352): No common time service detected on this platform.  Common time services will be unavailable.
I/InputReader(  352): Reconfiguring input devices.  changes=0x00000020
I/InputReader(  352): Reconfiguring input devices.  changes=0x00000010
I/ActivityManager(  352): Start proc com.android.phone for added application com.android.phone: pid=603 uid=1001 gids={41001, 3002, 3001, 3003, 1028, 1015}
I/ActivityManager(  352): START u0 {act=android.intent.action.MAIN cat=[android.intent.category.HOME] flg=0x10000000 cmp=com.android.settings/.CryptKeeper} from pid 0
I/ActivityManager(  352): Start proc com.android.settings for activity com.android.settings/.CryptKeeper: pid=613 uid=1000 gids={41000, 1028, 1015, 3002, 3001, 3003}
D/dalvikvm(  451): GC_FOR_ALLOC freed 96K, 6% free 3561K/3760K, paused 291ms, total 384ms
I/ActivityManager(  352): Start proc android.process.media for broadcast com.android.providers.downloads/.DownloadReceiver: pid=624 uid=10005 gids={50005, 1028, 1015, 1023, 1024, 2001, 3003, 3007}
D/dalvikvm(   59): GC_EXPLICIT freed 38K, 4% free 2705K/2812K, paused 2ms+2ms, total 60ms
D/dalvikvm(   59): GC_EXPLICIT freed <1K, 4% free 2705K/2812K, paused 2ms+2ms, total 43ms
D/dalvikvm(   59): GC_EXPLICIT freed <1K, 4% free 2705K/2812K, paused 14ms+2ms, total 56ms
I/dalvikvm-heap(  451): Grow heap (frag case) to 6.471MB for 3072016-byte allocation
D/dalvikvm(  451): GC_FOR_ALLOC freed 4K, 4% free 6557K/6764K, paused 83ms, total 83ms
D/dalvikvm(  451): GC_CONCURRENT freed 1K, 3% free 6561K/6764K, paused 32ms+3ms, total 80ms
D/dalvikvm(  451): GC_FOR_ALLOC freed 3001K, 6% free 3563K/3760K, paused 18ms, total 19ms
I/dalvikvm-heap(  451): Grow heap (frag case) to 6.472MB for 3072016-byte allocation
D/dalvikvm(  451): GC_CONCURRENT freed <1K, 3% free 6562K/6764K, paused 4ms+3ms, total 68ms
D/PhoneStatusBar(  451): mSettingsPanelGravity = 55
D/dalvikvm(  352): GC_CONCURRENT freed 430K, 59% free 5310K/12684K, paused 6ms+4ms, total 113ms
I/ActivityManager(  352): Start proc com.android.printspooler for service com.android.printspooler/.PrintSpoolerService: pid=645 uid=10039 gids={50039}
V/StatusBar(  451): userId 0 is in the house
I/Choreographer(  451): Skipped 154 frames!  The application may be doing too much work on its main thread.
I/LatinIME(  589): Hardware accelerated drawing: true
I/PrintSpoolerService(  645): No existing print spooler state.
I/ActivityManager(  352): START u0 {act=android.intent.action.MAIN cat=[android.intent.category.HOME] flg=0x10000000 cmp=com.android.sdksetup/.DefaultActivity} from pid 0
I/ActivityManager(  352): Start proc com.android.sdksetup for activity com.android.sdksetup/.DefaultActivity: pid=664 uid=10042 gids={50042}
D/dalvikvm(  352): GC_CONCURRENT freed 554K, 58% free 5367K/12684K, paused 29ms+15ms, total 292ms
W/InputAttributes(  589): No editor info for this field. Bug?
D/dalvikvm(  589): GC_CONCURRENT freed 224K, 10% free 2889K/3180K, paused 4ms+25ms, total 258ms
I/ResourceUtils(  589): Found default value: resource=keypress_vibration_durations build=[HARDWARE=goldfish MODEL=sdk BRAND=generic MANUFACTURER=unknown] default=-1
I/PackageManager(  352):   Action: "android.intent.action.SENDTO"
I/PackageManager(  352):   Category: "android.intent.category.DEFAULT"
I/PackageManager(  352):   Scheme: "sms"
W/BackupManagerService(  352): dataChanged but no participant pkg='com.android.providers.settings' uid=1001
I/PackageManager(  352): Adding preferred activity ComponentInfo{com.android.mms/com.android.mms.ui.ComposeMessageActivity} for user 0 :
I/PackageManager(  352):   Action: "android.intent.action.SENDTO"
I/PackageManager(  352):   Category: "android.intent.category.DEFAULT"
I/PackageManager(  352):   Scheme: "smsto"
I/PackageManager(  352): Adding preferred activity ComponentInfo{com.android.mms/com.android.mms.ui.ComposeMessageActivity} for user 0 :
I/PackageManager(  352):   Action: "android.intent.action.SENDTO"
I/PackageManager(  352):   Category: "android.intent.category.DEFAULT"
I/PackageManager(  352):   Scheme: "mms"
I/PackageManager(  352): Adding preferred activity ComponentInfo{com.android.mms/com.android.mms.ui.ComposeMessageActivity} for user 0 :
I/ResourceUtils(  589): Found default value: resource=keypress_volumes build=[HARDWARE=goldfish MODEL=sdk BRAND=generic MANUFACTURER=unknown] default=-1.0f
D/dalvikvm(  603): GC_CONCURRENT freed 184K, 8% free 2927K/3180K, paused 63ms+2ms, total 254ms
I/PackageManager(  352):   Action: "android.intent.action.SENDTO"
I/PackageManager(  352):   Category: "android.intent.category.DEFAULT"
I/PackageManager(  352):   Scheme: "mmsto"
I/PackageManager(  352): Adding preferred activity ComponentInfo{com.android.mms/com.android.mms.ui.ComposeMessageActivity} for user 0 :
I/ActivityManager(  352): Force stopping com.android.sdksetup appid=10042 user=0: pkg changed
I/ActivityManager(  352): Killing 664:com.android.sdksetup/u0a42 (adj 0): stop com.android.sdksetup
I/ActivityManager(  352):   Force finishing activity ActivityRecord{b3064e70 u0 com.android.sdksetup/.DefaultActivity t2}
I/ActivityManager(  352): START u0 {act=android.intent.action.MAIN cat=[android.intent.category.HOME] flg=0x10000000 cmp=com.android.launcher/com.android.launcher2.Launcher} from pid 0
I/PackageManager(  352):   Action: "android.intent.action.SENDTO"
I/PackageManager(  352):   Category: "android.intent.category.DEFAULT"
I/PackageManager(  352):   Scheme: "sms"
I/PackageManager(  352): Adding preferred activity ComponentInfo{com.android.mms/com.android.mms.ui.ComposeMessageActivity} for user 0 :
I/ActivityManager(  352): Start proc com.android.launcher for activity com.android.launcher/com.android.launcher2.Launcher: pid=692 uid=10008 gids={50008}
I/LatinIME:LogUtils(  589): Dictionary info: dictionary = UserHistoryDictionary.en_US.dic ; version = ? ; date = 1541365178
I/LatinIME:LogUtils(  589): Dictionary info: dictionary = personalization.en_US.dict ; version = ? ; date = 1541365178
I/InputReader(  352): Reconfiguring input devices.  changes=0x00000010
I/PackageManager(  352):   Action: "android.intent.action.SENDTO"
I/PackageManager(  352):   Category: "android.intent.category.DEFAULT"
I/PackageManager(  352):   Scheme: "smsto"
I/PackageManager(  352): Adding preferred activity ComponentInfo{com.android.mms/com.android.mms.ui.ComposeMessageActivity} for user 0 :
I/LatinIME:LogUtils(  589): Dictionary info: dictionary = PersonalizationPredictionDictio ; version = ? ; date = 1541365178
D/dalvikvm(  352): GC_CONCURRENT freed 570K, 57% free 5466K/12684K, paused 27ms+35ms, total 277ms
D/dalvikvm(  352): WAIT_FOR_CONCURRENT_GC blocked 208ms
D/dalvikvm(  352): WAIT_FOR_CONCURRENT_GC blocked 141ms
D/dalvikvm(  352): WAIT_FOR_CONCURRENT_GC blocked 57ms
I/PackageManager(  352):   Action: "android.intent.action.SENDTO"
I/PackageManager(  352):   Category: "android.intent.category.DEFAULT"
I/PackageManager(  352):   Scheme: "mms"
I/PackageManager(  352): Adding preferred activity ComponentInfo{com.android.mms/com.android.mms.ui.ComposeMessageActivity} for user 0 :
I/PackageManager(  352):   Action: "android.intent.action.SENDTO"
I/PackageManager(  352):   Category: "android.intent.category.DEFAULT"
I/PackageManager(  352):   Scheme: "mmsto"
I/PackageManager(  352): Adding preferred activity ComponentInfo{com.android.mms/com.android.mms.ui.ComposeMessageActivity} for user 0 :
I/LatinIME:LogUtils(  589): Dictionary info: dictionary = userunigram.en_US.dict ; version = ? ; date = ?
E/BluetoothAdapter(  603): Bluetooth binder is null
E/BluetoothAdapter(  603): Bluetooth binder is null
D/CallNotifier(  603): CallNotifier: mSignalInfoToneGenerator created when toneplay
E/BluetoothAdapter(  603): Bluetooth binder is null
I/FusedLocation(  352): engine stopped (com.android.location.fused)
I/ContactLocale(  545): AddressBook Labels [en_US]: [, A, B, C, D, E, F, G, H, I, J, K, L, M, N, O, P, Q, R, S, T, U, V, W, X, Y, Z, , , , , , , , , , , , , , , , , , , , , , , , , , , , , , , , , , , , , , , , , , , , , , , , , , , , , , , , , , , , , , , , , , , , , , , , , , , , , , , , , , , , , , , , , , , , , , , , , , , , , , , , , , , , , , , , , , , , , , , , , , , , , , , , , , , , , , , , , , , , , , , , , , , , , , , , , , , , , , , , , , , , , , , , , , , , , , , , , , , , , , #, ]
I/FusedLocation(  352): engine started (com.android.location.fused)
I/FusedLocation(  352): engine started (com.android.location.fused)
D/dalvikvm(  589): GC_CONCURRENT freed 411K, 14% free 2974K/3452K, paused 34ms+2ms, total 119ms
D/dalvikvm(  589): WAIT_FOR_CONCURRENT_GC blocked 8ms
D/dalvikvm(  589): GC_CONCURRENT freed 418K, 16% free 3013K/3552K, paused 4ms+2ms, total 50ms
D/MobileDataStateTracker(  352): fota: Broadcast received: android.intent.action.ANY_DATA_STATE apnType=fota
D/MobileDataStateTracker(  352): fota: Received state=DISCONNECTED, old=DISCONNECTED, reason=radioTurnedOff
D/MobileDataStateTracker(  352): ia: Broadcast received: android.intent.action.ANY_DATA_STATE apnType=ia
D/MobileDataStateTracker(  352): ia: Received state=DISCONNECTED, old=DISCONNECTED, reason=radioTurnedOff
D/MobileDataStateTracker(  352): supl: Broadcast received: android.intent.action.ANY_DATA_STATE apnType=supl
D/MobileDataStateTracker(  352): supl: Received state=DISCONNECTED, old=DISCONNECTED, reason=radioTurnedOff
D/MobileDataStateTracker(  352): hipri: Broadcast received: android.intent.action.ANY_DATA_STATE apnType=hipri
D/MobileDataStateTracker(  352): hipri: Received state=DISCONNECTED, old=DISCONNECTED, reason=radioTurnedOff
D/MobileDataStateTracker(  352): ims: Broadcast received: android.intent.action.ANY_DATA_STATE apnType=ims
D/MobileDataStateTracker(  352): ims: Received state=DISCONNECTED, old=DISCONNECTED, reason=radioTurnedOff
D/MobileDataStateTracker(  352): default: Broadcast received: android.intent.action.ANY_DATA_STATE apnType=default
D/MobileDataStateTracker(  352): default: Received state=DISCONNECTED, old=DISCONNECTED, reason=radioTurnedOff
D/MobileDataStateTracker(  352): mms: Broadcast received: android.intent.action.ANY_DATA_STATE apnType=mms
D/MobileDataStateTracker(  352): mms: Received state=DISCONNECTED, old=DISCONNECTED, reason=radioTurnedOff
D/MobileDataStateTracker(  352): cbs: Broadcast received: android.intent.action.ANY_DATA_STATE apnType=cbs
D/MobileDataStateTracker(  352): cbs: Received state=DISCONNECTED, old=DISCONNECTED, reason=radioTurnedOff
D/MobileDataStateTracker(  352): fota: Broadcast received: android.intent.action.ANY_DATA_STATE apnType=fota
I/LatinIME:LogUtils(  589): Dictionary info: dictionary = main:en ; version = 42 ; date = 1381226429
I/LatinIME:LogUtils(  589): Dictionary info: dictionary = main:en ; version = 42 ; date = 1381226429
D/MobileDataStateTracker(  352): fota: Received state=DISCONNECTED, old=DISCONNECTED, reason=radioTurnedOff
D/MobileDataStateTracker(  352): ia: Broadcast received: android.intent.action.ANY_DATA_STATE apnType=ia
D/MobileDataStateTracker(  352): ia: Received state=DISCONNECTED, old=DISCONNECTED, reason=radioTurnedOff
D/MobileDataStateTracker(  352): supl: Broadcast received: android.intent.action.ANY_DATA_STATE apnType=supl
D/MobileDataStateTracker(  352): supl: Received state=DISCONNECTED, old=DISCONNECTED, reason=radioTurnedOff
D/MobileDataStateTracker(  352): hipri: Broadcast received: android.intent.action.ANY_DATA_STATE apnType=hipri
D/MobileDataStateTracker(  352): hipri: Received state=DISCONNECTED, old=DISCONNECTED, reason=radioTurnedOff
D/MobileDataStateTracker(  352): ims: Broadcast received: android.intent.action.ANY_DATA_STATE apnType=ims
D/MobileDataStateTracker(  352): ims: Received state=DISCONNECTED, old=DISCONNECTED, reason=radioTurnedOff
D/MobileDataStateTracker(  352): default: Broadcast received: android.intent.action.ANY_DATA_STATE apnType=default
D/MobileDataStateTracker(  352): default: Received state=DISCONNECTED, old=DISCONNECTED, reason=radioTurnedOff
D/MobileDataStateTracker(  352): mms: Broadcast received: android.intent.action.ANY_DATA_STATE apnType=mms
D/MobileDataStateTracker(  352): mms: Received state=DISCONNECTED, old=DISCONNECTED, reason=radioTurnedOff
D/MobileDataStateTracker(  352): cbs: Broadcast received: android.intent.action.ANY_DATA_STATE apnType=cbs
D/MobileDataStateTracker(  352): cbs: Received state=DISCONNECTED, old=DISCONNECTED, reason=radioTurnedOff
I/LatinIME:LogUtils(  589): Dictionary info: dictionary = main:en ; version = 42 ; date = 1381226429
D/MobileDataStateTracker(  352): fota: Broadcast received: android.intent.action.ANY_DATA_STATE apnType=fota
D/MobileDataStateTracker(  352): fota: Received state=DISCONNECTED, old=DISCONNECTED, reason=dataDetached
D/MobileDataStateTracker(  352): ia: Broadcast received: android.intent.action.ANY_DATA_STATE apnType=ia
D/MobileDataStateTracker(  352): ia: Received state=DISCONNECTED, old=DISCONNECTED, reason=dataDetached
D/MobileDataStateTracker(  352): supl: Broadcast received: android.intent.action.ANY_DATA_STATE apnType=supl
I/LatinIME:LogUtils(  589): Dictionary info: dictionary = main:en ; version = 42 ; date = 1381226429
I/LatinIME:LogUtils(  589): Dictionary info: dictionary = main:en ; version = 42 ; date = 1381226429
D/dalvikvm(  352): GC_CONCURRENT freed 666K, 57% free 5461K/12684K, paused 99ms+7ms, total 561ms
D/MobileDataStateTracker(  352): supl: Received state=DISCONNECTED, old=DISCONNECTED, reason=dataDetached
D/MobileDataStateTracker(  352): hipri: Broadcast received: android.intent.action.ANY_DATA_STATE apnType=hipri
D/MobileDataStateTracker(  352): hipri: Received state=DISCONNECTED, old=DISCONNECTED, reason=dataDetached
D/MobileDataStateTracker(  352): ims: Broadcast received: android.intent.action.ANY_DATA_STATE apnType=ims
D/MobileDataStateTracker(  352): ims: Received state=DISCONNECTED, old=DISCONNECTED, reason=dataDetached
I/LatinIME:LogUtils(  589): Dictionary info: dictionary = main:en ; version = 42 ; date = 1381226429
I/LatinIME:LogUtils(  589): Dictionary info: dictionary = main:en ; version = 42 ; date = 1381226429
D/MobileDataStateTracker(  352): default: Broadcast received: android.intent.action.ANY_DATA_STATE apnType=default
