--------- beginning of /dev/log/system
I/Vold    (   52): Vold 2.1 (the revenge) firing up
D/Vold    (   52): Volume sdcard state changing -1 (Initializing) -> 0 (No-Media)
D/Vold    (   52): Volume sdcard state changing 0 (No-Media) -> 1 (Idle-Unmounted)
I/SystemServer(  372): Entered the Android system server!
I/SystemServer(  372): Waiting for installd to be ready.
I/Installer(  372): connecting...
I/SystemServer(  372): Enabled StrictMode logging for WM Looper
I/SystemServer(  372): Power Manager
I/SystemServer(  372): Activity Manager
I/ActivityManager(  372): Memory class: 48
I/AppOps  (  372): No existing app ops /data/system/appops.xml; starting empty
I/UiThread(  372): Enabled StrictMode logging for UI thread
I/IntentFirewall(  372): Read new rules (A:0 B:0 S:0)
I/ActivityManager(  372): Enabled StrictMode logging for AThread's Looper
I/SystemServer(  372): Display Manager
I/SystemServer(  372): Telephony Registry
I/SystemServer(  372): Scheduling Policy
I/DisplayManagerService(  372): Display device added: DisplayDeviceInfo{"Built-in Screen": 480 x 864, 241.12602 fps, density 160, 160.0 x 160.0 dpi, touch INTERNAL, rotation 0, type BUILT_IN, FLAG_DEFAULT_DISPLAY, FLAG_ROTATES_WITH_CONTENT, FLAG_SECURE, FLAG_SUPPORTS_PROTECTED_BUFFERS}
I/SystemServer(  372): Package Manager
W/FileUtils(  372): Failed to chmod(/data/system/packages.list): libcore.io.ErrnoException: chmod failed: ENOENT (No such file or directory)
D/SELinuxMMAC(  372): Couldn't find install policy /data/security/mac_permissions.xml
D/SELinuxMMAC(  372): Using install policy file /system/etc/security/mac_permissions.xml
I/PackageManager(  372): No settings file; creating initial state
W/PackageManager(  372): Running ENG build: no pre-dexopt!
W/PackageParser(  372): No actions in intent filter at /system/priv-app/Contacts.apk Binary XML file line #375
W/PackageParser(  372): No actions in intent filter at /system/priv-app/Dialer.apk Binary XML file line #163
W/PackageParser(  372): No actions in intent filter at /data/app/ApiDemos.apk Binary XML file line #2899
W/PackageParser(  372): No actions in intent filter at /data/app/ApiDemos.apk Binary XML file line #2905
W/PackageManager(  372): Package com.example.android.apis desires unavailable shared library com.example.will.never.exist; ignoring!
W/PackageManager(  372): Package com.example.android.apis desires unavailable shared library com.example.will.never.exist; ignoring!
W/PackageManager(  372): Package com.android.camera desires unavailable shared library com.google.android.media.effects; ignoring!
I/PackageManager(  372): Time to scan packages: 23.824 seconds
W/PackageManager(  372): Not granting permission android.permission.GLOBAL_SEARCH to package com.android.quicksearchbox (protectionLevel=18 flags=0x8be45)
W/PackageManager(  372): Unknown permission com.android.smspush.WAPPUSH_MANAGER_BIND in package com.android.phone
W/PackageManager(  372): Unknown permission com.google.android.googleapps.permission.GOOGLE_AUTH in package com.android.providers.calendar
W/PackageManager(  372): Unknown permission com.google.android.googleapps.permission.GOOGLE_AUTH.cl in package com.android.providers.calendar
W/PackageManager(  372): Unknown permission com.google.android.googleapps.permission.GOOGLE_AUTH.mail in package com.android.calendar
W/PackageManager(  372): Not granting permission android.permission.ACCESS_DOWNLOAD_MANAGER to package com.android.browser (protectionLevel=18 flags=0x9be45)
W/PackageManager(  372): Not granting permission android.permission.SEND_DOWNLOAD_COMPLETED_INTENTS to package com.android.browser (protectionLevel=2 flags=0x9be45)
W/PackageManager(  372): Not granting permission android.permission.BIND_APPWIDGET to package com.android.widgetpreview (protectionLevel=18 flags=0x8be44)
W/PackageManager(  372): Unknown permission android.permission.INSTALL_DRM in package com.android.mms
W/PackageManager(  372): Unknown permission com.google.android.googleapps.permission.GOOGLE_AUTH in package com.android.settings
W/PackageManager(  372): Unknown permission com.google.android.googleapps.permission.ACCESS_GOOGLE_PASSWORD in package com.android.development
W/PackageManager(  372): Unknown permission com.google.android.googleapps.permission.GOOGLE_AUTH in package com.android.development
W/PackageManager(  372): Unknown permission com.google.android.googleapps.permission.GOOGLE_AUTH.ALL_SERVICES in package com.android.development
W/PackageManager(  372): Unknown permission com.google.android.googleapps.permission.GOOGLE_AUTH.YouTubeUser in package com.android.development
W/PackageManager(  372): Not granting permission android.permission.DELETE_PACKAGES to package com.svox.pico (protectionLevel=18 flags=0x8be45)
W/PackageManager(  372): Not granting permission android.permission.DEVICE_POWER to package com.android.deskclock (protectionLevel=2 flags=0x48be45)
I/SystemServer(  372): Entropy Mixer
W/EntropyMixer(  372): No existing entropy file -- first boot?
I/EntropyMixer(  372): Writing entropy...
I/SystemServer(  372): User Service
I/SystemServer(  372): Account Manager
I/SystemServer(  372): Content Manager
I/SystemServer(  372): System Content Providers
D/SettingsProvider(  372): Generated and saved new ANDROID_ID [cda3cbc86e422138] for user 0
I/SystemServer(  372): Lights Service
I/SystemServer(  372): Battery Service
I/SystemServer(  372): Vibrator Service
I/SystemServer(  372): Consumer IR Service
I/SystemServer(  372): Alarm Manager
I/SystemServer(  372): Init Watchdog
I/SystemServer(  372): Input Manager
I/InputManager(  372): Initializing input manager, mUseDevInputEventForAudioJack=false
I/SystemServer(  372): Window Manager
I/WindowManager(  372): No existing display settings /data/system/display_settings.xml; starting empty
I/WindowManager(  372): No keyguard interface!
I/InputManager(  372): Starting input manager
I/SystemServer(  372): No Bluetooh Service (emulator)
I/SystemServer(  372): Input Method Service
W/InputMethodManagerService(  372): No IME selected. Choose the most applicable IME.
I/InputMethodManagerService(  372): No default found, using com.android.inputmethod.latin/.LatinIME
I/SystemServer(  372): Accessibility Manager
I/ActivityManager(  372): Config changes=1df8 {1.0 ?mcc?mnc en_US ldltr sw480dp w480dp h864dp 160dpi lrg long port ?uimode ?night -touch -keyb/h/h tball/v s.2}
I/ActivityManager(  372): Config changes=408 {1.0 ?mcc?mnc en_US ldltr sw480dp w480dp h839dp 160dpi lrg long port ?uimode ?night finger -keyb/h/h tball/v s.3}
I/SystemServer(  372): Mount Service
D/MountService(  372): got storage path: /storage/sdcard description: USB storage primary: true removable: false emulated: false mtpReserve: 0 allowMassStorage: false maxFileSize: 0
D/MountService(  372): addVolumeLocked() StorageVolume:
D/MountService(  372):     mStorageId=0 mPath=/storage/sdcard mDescriptionId=17040665 mPrimary=true 
D/MountService(  372):     mRemovable=false mEmulated=false mMtpReserveSpace=0 
D/MountService(  372):     mAllowMassStorage=false mMaxFileSize=0 mOwner=null mUuid=null 
D/MountService(  372):     mUserLabel=null mState=null 
I/SystemServer(  372): LockSettingsService
I/SystemServer(  372): Device Policy
I/SystemServer(  372): Status Bar
I/SystemServer(  372): Clipboard Service
I/SystemServer(  372): NetworkManagement Service
I/SystemServer(  372): Text Service Manager Service
I/SystemServer(  372): NetworkStats Service
W/MountService(  372): Duplicate state transition (unmounted -> unmounted) for /storage/sdcard
W/MountService(  372): getSecureContainerList() called when storage not mounted
I/SystemServer(  372): NetworkPolicy Service
I/SystemServer(  372): Wi-Fi P2pService
W/PackageManager(  372): Not granting permission android.permission.GLOBAL_SEARCH to package com.android.quicksearchbox (protectionLevel=18 flags=0x8be45)
I/SystemServer(  372): Wi-Fi Service
W/PackageManager(  372): Unknown permission com.android.smspush.WAPPUSH_MANAGER_BIND in package com.android.phone
W/PackageManager(  372): Unknown permission com.google.android.googleapps.permission.GOOGLE_AUTH in package com.android.providers.calendar
W/PackageManager(  372): Unknown permission com.google.android.googleapps.permission.GOOGLE_AUTH.cl in package com.android.providers.calendar
W/PackageManager(  372): Unknown permission com.google.android.googleapps.permission.GOOGLE_AUTH.mail in package com.android.calendar
W/PackageManager(  372): Not granting permission android.permission.ACCESS_DOWNLOAD_MANAGER to package com.android.browser (protectionLevel=18 flags=0x9be45)
W/PackageManager(  372): Not granting permission android.permission.SEND_DOWNLOAD_COMPLETED_INTENTS to package com.android.browser (protectionLevel=2 flags=0x9be45)
W/PackageManager(  372): Not granting permission android.permission.BIND_APPWIDGET to package com.android.widgetpreview (protectionLevel=18 flags=0x8be44)
W/PackageManager(  372): Unknown permission android.permission.INSTALL_DRM in package com.android.mms
W/PackageManager(  372): Unknown permission com.google.android.googleapps.permission.GOOGLE_AUTH in package com.android.settings
W/PackageManager(  372): Unknown permission com.google.android.googleapps.permission.ACCESS_GOOGLE_PASSWORD in package com.android.development
W/PackageManager(  372): Unknown permission com.google.android.googleapps.permission.GOOGLE_AUTH in package com.android.development
W/PackageManager(  372): Unknown permission com.google.android.googleapps.permission.GOOGLE_AUTH.ALL_SERVICES in package com.android.development
W/PackageManager(  372): Unknown permission com.google.android.googleapps.permission.GOOGLE_AUTH.YouTubeUser in package com.android.development
W/PackageManager(  372): Not granting permission android.permission.DELETE_PACKAGES to package com.svox.pico (protectionLevel=18 flags=0x8be45)
W/PackageManager(  372): Not granting permission android.permission.DEVICE_POWER to package com.android.deskclock (protectionLevel=2 flags=0x48be45)
I/SystemServer(  372): Connectivity Service
D/ConnectivityService(  372): ConnectivityService starting up
D/ConnectivityService(  372): wifiOnly=false
E/MobileDataStateTracker(  372): default: Ignoring feature request because could not acquire PhoneService
E/MobileDataStateTracker(  372): default: Could not enable APN type "default"
I/WifiService(  372): WifiService starting up with Wi-Fi disabled
I/SystemServer(  372): Network Service Discovery Service
D/NsdService(  372): Network service discovery enabled true
I/SystemServer(  372): UpdateLock Service
I/SystemServer(  372): Notification Manager
I/SystemServer(  372): Device Storage Monitor
I/SystemServer(  372): Location Manager
I/SystemServer(  372): Country Detector
I/SystemServer(  372): Search Service
I/SystemServer(  372): DropBox Service
I/SystemServer(  372): Wallpaper Service
W/WallpaperService(  372): no current wallpaper -- first boot?
I/SystemServer(  372): Audio Service
I/SystemServer(  372): Dock Observer
W/DockObserver(  372): This kernel does not have dock station support
I/SystemServer(  372): Wired Accessory Manager
W/WiredAccessoryManager(  372): This kernel does not have wired headset support
W/WiredAccessoryManager(  372): This kernel does not have usb audio support
W/WiredAccessoryManager(  372): This kernel does not have HDMI audio support
I/SystemServer(  372): USB Service
I/SystemServer(  372): Serial Service
I/SystemServer(  372): Twilight Service
I/SystemServer(  372): UI Mode Manager Service
I/SystemServer(  372): Backup Service
V/BackupManagerService(  372): Initializing package tracking
V/BackupManagerService(  372): No ancestral data
V/BackupManagerService(  372): addPackageParticipantsLocked: all
I/BackupManagerService(  372): Scheduling backup for new app com.android.calendar
D/BackupManagerService(  372): Now staging backup of com.android.calendar
I/BackupManagerService(  372): Scheduling backup for new app com.android.browser
D/BackupManagerService(  372): Now staging backup of com.android.browser
I/BackupManagerService(  372): Scheduling backup for new app com.android.providers.userdictionary
D/BackupManagerService(  372): Now staging backup of com.android.providers.userdictionary
I/BackupManagerService(  372): Scheduling backup for new app com.android.sharedstoragebackup
D/BackupManagerService(  372): Now staging backup of com.android.sharedstoragebackup
I/BackupManagerService(  372): Scheduling backup for new app android
D/BackupManagerService(  372): Now staging backup of android
I/BackupManagerService(  372): Scheduling backup for new app com.android.dialer
D/BackupManagerService(  372): Now staging backup of com.android.dialer
I/BackupManagerService(  372): Scheduling backup for new app com.android.providers.settings
D/BackupManagerService(  372): Now staging backup of com.android.providers.settings
V/BackupManagerService(  372): Starting with transport android/com.android.internal.backup.LocalTransport
V/BackupManagerService(  372): Found transports: 1
I/BackupManagerService(  372): Binding to transport host ComponentInfo{android/com.android.internal.backup.LocalTransportService}
I/BackupManagerService(  372): Backup enabled => true
I/SystemServer(  372): AppWidget Service
I/SystemServer(  372): Recognition Service
I/SystemServer(  372): DiskStats Service
I/SystemServer(  372): SamplingProfiler Service
I/SystemServer(  372): NetworkTimeUpdateService
I/SystemServer(  372): CommonTimeManagementService
I/SystemServer(  372): CertBlacklister
I/SystemServer(  372): Dreams Service
I/SystemServer(  372): Assets Atlas Service
I/SystemServer(  372): IdleMaintenanceService
I/SystemServer(  372): Print Service
I/SystemServer(  372): Media Router Service
I/LockSettingsService(  372): Migrated lock settings to new location
I/LockSettingsService(  372): Migrated per-user lock settings to new location
I/ActivityManager(  372): Start proc com.android.systemui for service com.android.keyguard/.KeyguardService: pid=450 uid=10007 gids={50007, 1028, 1015, 1035, 3002, 3001}
W/SystemServer(  372): ***********************************************
I/ActivityManager(  372): Sending system update to ComponentInfo{com.android.providers.calendar/com.android.providers.calendar.CalendarUpgradeReceiver} for user 0
I/ActivityManager(  372): Sending system update to ComponentInfo{com.android.providers.contacts/com.android.providers.contacts.ContactsUpgradeReceiver} for user 0
I/ActivityManager(  372): Sending system update to ComponentInfo{com.android.providers.media/com.android.providers.media.MediaUpgradeReceiver} for user 0
I/SystemServer(  372): Enabled StrictMode for system server main thread.
I/ActivityManager(  372): Start proc com.android.providers.calendar for broadcast com.android.providers.calendar/.CalendarUpgradeReceiver: pid=461 uid=10001 gids={50001, 3003, 1028, 1015}
W/InputMethodManagerService(  372): Focus gain on non-focused client android.view.inputmethod.InputMethodManager$1@b34193d0 (uid=1000 pid=372)
V/BackupManagerService(  372): Connected to transport ComponentInfo{android/com.android.internal.backup.LocalTransportService}
V/BackupManagerService(  372): Registering transport android/com.android.internal.backup.LocalTransportService::android/com.android.internal.backup.LocalTransport = com.android.internal.backup.LocalTransport@b3240258
I/ActivityManager(  372): Launching preboot mode app: ProcessRecord{b33f1918 461:com.android.providers.calendar/u0a1}
I/ActivityManager(  372): Start proc android.process.acore for broadcast com.android.providers.contacts/.ContactsUpgradeReceiver: pid=480 uid=10002 gids={50002, 3003, 1028, 1015}
I/ActivityManager(  372): Launching preboot mode app: ProcessRecord{b340db70 480:android.process.acore/u0a2}
I/ActivityManager(  372): Start proc android.process.media for broadcast com.android.providers.media/.MediaUpgradeReceiver: pid=496 uid=10005 gids={50005, 1028, 1015, 1023, 1024, 2001, 3003, 3007}
I/ActivityManager(  372): Launching preboot mode app: ProcessRecord{b2f17c30 496:android.process.media/u0a5}
I/ActivityManager(  372): Writing new set of last done pre-boot receivers...
I/ActivityManager(  372): Removing system update proc: ProcessRecord{b33f1918 461:com.android.providers.calendar/u0a1}
I/ActivityManager(  372): Killing 461:com.android.providers.calendar/u0a1 (adj 13): system update done
I/ActivityManager(  372): Removing system update proc: ProcessRecord{b340db70 480:android.process.acore/u0a2}
I/ActivityManager(  372): Killing 480:android.process.acore/u0a2 (adj 11): system update done
I/ActivityManager(  372): Removing system update proc: ProcessRecord{b2f17c30 496:android.process.media/u0a5}
I/ActivityManager(  372): Killing 496:android.process.media/u0a5 (adj 9): system update done
I/ActivityManager(  372): System now ready
I/SystemServer(  372): Making services ready
D/NetworkManagementService(  372): enabling bandwidth control
W/ActivityManager(  372): Can't find mystery application for StrictMode from pid=496 uid=10005: android.os.BinderProxy@b3381840
I/Vold    (   52): /dev/block/vold/179:0 being considered for volume sdcard
D/Vold    (   52): Volume sdcard state changing 1 (Idle-Unmounted) -> 3 (Checking)
D/MountService(  372): volume state changed for /storage/sdcard (unmounted -> checking)
D/MountService(  372): sendStorageIntent Intent { act=android.intent.action.MEDIA_CHECKING dat=file:///storage/sdcard (has extras) } to UserHandle{-1}
I/StatusBarManagerService(  372): registerStatusBar bar=com.android.internal.statusbar.IStatusBar$Stub$Proxy@b2d650d8
I/Vold    (   52): Filesystem check completed OK
D/Vold    (   52): Volume sdcard state changing 3 (Checking) -> 4 (Mounted)
D/MountService(  372): volume state changed for /storage/sdcard (checking -> mounted)
D/MountService(  372): sendStorageIntent Intent { act=android.intent.action.MEDIA_MOUNTED dat=file:///storage/sdcard (has extras) } to UserHandle{-1}
E/VoldConnector(  372): NDC Command {3 volume mount /storage/sdcard} took too long (906ms)
--------- beginning of /dev/log/main
I/PackageManager(  372): No secure containers on sdcard
E/VoldConnector(  372): NDC Command {4 asec list} took too long (584ms)
D/dalvikvm(  450): GC_CONCURRENT freed 59K, 5% free 3304K/3460K, paused 4ms+4ms, total 131ms
E/BluetoothAdapter(  450): Bluetooth binder is null
W/PackageManager(  372): Not granting permission android.permission.GLOBAL_SEARCH to package com.android.quicksearchbox (protectionLevel=18 flags=0x88be45)
W/PackageManager(  372): Unknown permission com.android.smspush.WAPPUSH_MANAGER_BIND in package com.android.phone
W/PackageManager(  372): Unknown permission com.google.android.googleapps.permission.GOOGLE_AUTH in package com.android.providers.calendar
W/PackageManager(  372): Unknown permission com.google.android.googleapps.permission.GOOGLE_AUTH.cl in package com.android.providers.calendar
W/PackageManager(  372): Unknown permission com.google.android.googleapps.permission.GOOGLE_AUTH.mail in package com.android.calendar
W/PackageManager(  372): Not granting permission android.permission.ACCESS_DOWNLOAD_MANAGER to package com.android.browser (protectionLevel=18 flags=0x89be45)
W/PackageManager(  372): Not granting permission android.permission.SEND_DOWNLOAD_COMPLETED_INTENTS to package com.android.browser (protectionLevel=2 flags=0x89be45)
W/PackageManager(  372): Not granting permission android.permission.BIND_APPWIDGET to package com.android.widgetpreview (protectionLevel=18 flags=0x8be44)
W/PackageManager(  372): Unknown permission android.permission.INSTALL_DRM in package com.android.mms
W/PackageManager(  372): Unknown permission com.google.android.googleapps.permission.GOOGLE_AUTH in package com.android.settings
W/PackageManager(  372): Unknown permission com.google.android.googleapps.permission.ACCESS_GOOGLE_PASSWORD in package com.android.development
W/PackageManager(  372): Unknown permission com.google.android.googleapps.permission.GOOGLE_AUTH in package com.android.development
W/PackageManager(  372): Unknown permission com.google.android.googleapps.permission.GOOGLE_AUTH.ALL_SERVICES in package com.android.development
W/PackageManager(  372): Unknown permission com.google.android.googleapps.permission.GOOGLE_AUTH.YouTubeUser in package com.android.development
W/PackageManager(  372): Not granting permission android.permission.DELETE_PACKAGES to package com.svox.pico (protectionLevel=18 flags=0x88be45)
W/PackageManager(  372): Not granting permission android.permission.DEVICE_POWER to package com.android.deskclock (protectionLevel=2 flags=0xc8be45)
E/NetdConnector(  372): NDC Command {1 bandwidth enable} took too long (2733ms)
I/ActivityManager(  372): Start proc android.process.acore for content provider com.android.providers.contacts/.ContactsProvider2: pid=552 uid=10002 gids={50002, 3003, 1028, 1015}
D/PhoneStatusBar(  450): disable: < expand icons alerts ticker system_info back home recent clock search >
E/BluetoothAdapter(  450): Bluetooth binder is null
E/NetdConnector(  372): NDC Command {2 firewall disable} took too long (560ms)
D/PhoneStatusBar(  450): heads up is disabled
I/Choreographer(  450): Skipped 492 frames!  The application may be doing too much work on its main thread.
D/dalvikvm(  450): GC_CONCURRENT freed 149K, 6% free 3553K/3772K, paused 5ms+15ms, total 231ms
E/NetdConnector(  372): NDC Command {4 bandwidth setglobalalert 2097152} took too long (568ms)
I/Choreographer(  450): Skipped 226 frames!  The application may be doing too much work on its main thread.
D/gralloc_goldfish(  450): Emulator without GPU emulation detected.
D/dalvikvm(  552): GC_CONCURRENT freed 246K, 10% free 2930K/3248K, paused 4ms+2ms, total 184ms
I/Choreographer(  450): Skipped 73 frames!  The application may be doing too much work on its main thread.
I/ActivityManager(  372): Config changes=200 {1.0 ?mcc?mnc en_US ldltr sw480dp w480dp h839dp 160dpi lrg long port finger -keyb/h/h tball/v s.4}
W/RecognitionManagerService(  372): no available voice recognition services found for user 0
D/PhoneStatusBar(  450): mSettingsPanelGravity = 55
W/AppWidgetServiceImpl(  372): Failed to read state: java.io.FileNotFoundException: /data/system/users/0/appwidgets.xml: open failed: ENOENT (No such file or directory)
W/InputMethodManagerService(  372): Ignoring setImeWindowStatus of uid 1000 token: null
D/dalvikvm(  372): GC_CONCURRENT freed 633K, 60% free 5237K/12880K, paused 14ms+5ms, total 107ms
D/dalvikvm(  372): WAIT_FOR_CONCURRENT_GC blocked 35ms
D/dalvikvm(  372): WAIT_FOR_CONCURRENT_GC blocked 36ms
W/InputMethodUtils(  372): Found no subtypes in a system IME: com.android.inputmethod.pinyin
W/InputMethodManagerService(  372): Reset the default IME as "Resource" is ready here.
W/InputMethodUtils(  372): Found no subtypes in a system IME: com.android.inputmethod.pinyin
I/InputMethodManagerService(  372): Selected default: com.android.inputmethod.latin/.LatinIME
D/dalvikvm(  450): GC_FOR_ALLOC freed 82K, 6% free 3561K/3772K, paused 37ms, total 58ms
I/ActivityManager(  372): Config changes=20 {1.0 ?mcc?mnc en_US ldltr sw480dp w480dp h839dp 160dpi lrg long port finger -keyb/v/h tball/v s.5}
I/dalvikvm-heap(  450): Grow heap (frag case) to 6.471MB for 3072016-byte allocation
I/ActivityManager(  372): Start proc com.android.inputmethod.latin for service com.android.inputmethod.latin/.LatinIME: pid=588 uid=10029 gids={50029, 1028, 1015}
V/InputMethodManagerService(  372): Adding window token: android.os.Binder@b3231648
W/InputMethodManagerService(  372): Illegal subtype state: old subtype = null, new subtype = android.view.inputmethod.InputMethodSubtype@c9194f98
W/GpsLocationProvider(  372): Could not open GPS configuration file /etc/gps.conf
W/ServiceWatcher(  372): com.google.android.location not found
D/dalvikvm(  450): GC_FOR_ALLOC freed 4K, 4% free 6557K/6776K, paused 76ms, total 76ms
W/ServiceWatcher(  372): com.google.android.location not found
W/ServiceWatcher(  372): com.google.android.location not found
W/LocationManagerService(  372): no network location provider found
W/ServiceWatcher(  372): com.google.android.location not found
E/FlpHardwareProvider(  372): Error hw_get_module 'flp': -2
W/ServiceWatcher(  372): com.google.android.location not found
E/FlpHardwareProvider(  372): Error hw_get_module 'flp': -2
W/ServiceWatcher(  372): com.google.android.location not found
E/LocationManagerService(  372): no geocoder provider found
E/LocationManagerService(  372): No FusedProvider found.
E/LocationManagerService(  372): no geofence provider found
I/CommonTimeManagementService(  372): No common time service detected on this platform.  Common time services will be unavailable.
I/InputReader(  372): Reconfiguring input devices.  changes=0x00000020
I/InputReader(  372): Reconfiguring input devices.  changes=0x00000010
I/ActivityManager(  372): Start proc com.android.phone for added application com.android.phone: pid=600 uid=1001 gids={41001, 3002, 3001, 3003, 1028, 1015}
D/dalvikvm(  450): GC_CONCURRENT freed 0K, 4% free 6559K/6776K, paused 4ms+133ms, total 201ms
I/ActivityManager(  372): START u0 {act=android.intent.action.MAIN cat=[android.intent.category.HOME] flg=0x10000000 cmp=com.android.settings/.CryptKeeper} from pid 0
I/ActivityManager(  372): Start proc com.android.settings for activity com.android.settings/.CryptKeeper: pid=611 uid=1000 gids={41000, 1028, 1015, 3002, 3001, 3003}
D/dalvikvm(   58): WAIT_FOR_CONCURRENT_GC blocked 1ms
I/ActivityManager(  372): Start proc android.process.media for broadcast com.android.providers.downloads/.DownloadReceiver: pid=624 uid=10005 gids={50005, 1028, 1015, 1023, 1024, 2001, 3003, 3007}
D/dalvikvm(   58): GC_EXPLICIT freed 37K, 4% free 2705K/2812K, paused 2ms+13ms, total 59ms
D/dalvikvm(   58): GC_EXPLICIT freed <1K, 4% free 2705K/2812K, paused 2ms+2ms, total 42ms
D/dalvikvm(   58): GC_EXPLICIT freed <1K, 4% free 2705K/2812K, paused 12ms+2ms, total 52ms
D/dalvikvm(  450): GC_FOR_ALLOC freed 3002K, 6% free 3561K/3772K, paused 108ms, total 110ms
I/dalvikvm-heap(  450): Grow heap (frag case) to 6.471MB for 3072016-byte allocation
D/dalvikvm(  450): GC_FOR_ALLOC freed <1K, 4% free 6561K/6776K, paused 47ms, total 47ms
D/dalvikvm(  450): GC_CONCURRENT freed 1K, 4% free 6563K/6776K, paused 37ms+3ms, total 272ms
D/dalvikvm(  372): GC_CONCURRENT freed 538K, 59% free 5336K/12880K, paused 7ms+6ms, total 251ms
D/dalvikvm(  372): WAIT_FOR_CONCURRENT_GC blocked 95ms
D/dalvikvm(  372): WAIT_FOR_CONCURRENT_GC blocked 78ms
D/dalvikvm(  372): WAIT_FOR_CONCURRENT_GC blocked 75ms
I/LatinIME(  588): Hardware accelerated drawing: true
W/WindowManager(  372): Window freeze timeout expired.
W/WindowManager(  372): Force clearing orientation change: Window{b31ed4a8 u0 StatusBar}
W/WindowManager(  372): Force clearing orientation change: Window{b2f9ef48 u0 com.android.systemui.ImageWallpaper}
W/InputAttributes(  588): No editor info for this field. Bug?
D/PhoneStatusBar(  450): mSettingsPanelGravity = 55
I/ActivityManager(  372): START u0 {act=android.intent.action.MAIN cat=[android.intent.category.HOME] flg=0x10000000 cmp=com.android.sdksetup/.DefaultActivity} from pid 0
I/ResourceUtils(  588): Found default value: resource=keypress_vibration_durations build=[HARDWARE=goldfish MODEL=sdk BRAND=generic MANUFACTURER=unknown] default=-1
I/ResourceUtils(  588): Found default value: resource=keypress_volumes build=[HARDWARE=goldfish MODEL=sdk BRAND=generic MANUFACTURER=unknown] default=-1.0f
I/ActivityManager(  372): Start proc com.android.sdksetup for activity com.android.sdksetup/.DefaultActivity: pid=650 uid=10042 gids={50042}
V/StatusBar(  450): userId 0 is in the house
D/dalvikvm(  588): GC_CONCURRENT freed 246K, 10% free 2919K/3220K, paused 32ms+9ms, total 288ms
I/Choreographer(  450): Skipped 67 frames!  The application may be doing too much work on its main thread.
I/LatinIME:LogUtils(  588): Dictionary info: dictionary = PersonalizationPredictionDictio ; version = ? ; date = 1539188024
I/LatinIME:LogUtils(  588): Dictionary info: dictionary = personalization.en_US.dict ; version = ? ; date = 1539188024
I/LatinIME:LogUtils(  588): Dictionary info: dictionary = UserHistoryDictionary.en_US.dic ; version = ? ; date = 1539188024
I/Choreographer(  450): Skipped 142 frames!  The application may be doing too much work on its main thread.
D/dalvikvm(  588): GC_CONCURRENT freed 375K, 13% free 3009K/3452K, paused 8ms+212ms, total 276ms
I/LatinIME:LogUtils(  588): Dictionary info: dictionary = userunigram.en_US.dict ; version = ? ; date = ?
I/PackageManager(  372):   Action: "android.intent.action.SENDTO"
I/PackageManager(  372):   Category: "android.intent.category.DEFAULT"
I/PackageManager(  372):   Scheme: "sms"
W/BackupManagerService(  372): dataChanged but no participant pkg='com.android.providers.settings' uid=1001
I/PackageManager(  372): Adding preferred activity ComponentInfo{com.android.mms/com.android.mms.ui.ComposeMessageActivity} for user 0 :
D/dalvikvm(  600): GC_CONCURRENT freed 182K, 8% free 2927K/3176K, paused 5ms+4ms, total 250ms
D/dalvikvm(  588): GC_CONCURRENT freed 440K, 16% free 2977K/3532K, paused 5ms+3ms, total 42ms
D/dalvikvm(  372): GC_CONCURRENT freed 543K, 58% free 5499K/12880K, paused 256ms+255ms, total 1058ms
I/PackageManager(  372):   Action: "android.intent.action.SENDTO"
I/PackageManager(  372):   Category: "android.intent.category.DEFAULT"
I/PackageManager(  372):   Scheme: "smsto"
I/PackageManager(  372): Adding preferred activity ComponentInfo{com.android.mms/com.android.mms.ui.ComposeMessageActivity} for user 0 :
I/PackageManager(  372):   Action: "android.intent.action.SENDTO"
I/PackageManager(  372):   Category: "android.intent.category.DEFAULT"
I/PackageManager(  372):   Scheme: "mms"
I/PackageManager(  372): Adding preferred activity ComponentInfo{com.android.mms/com.android.mms.ui.ComposeMessageActivity} for user 0 :
I/PackageManager(  372):   Action: "android.intent.action.SENDTO"
I/PackageManager(  372):   Category: "android.intent.category.DEFAULT"
I/PackageManager(  372):   Scheme: "mmsto"
I/PackageManager(  372): Adding preferred activity ComponentInfo{com.android.mms/com.android.mms.ui.ComposeMessageActivity} for user 0 :
I/PackageManager(  372):   Action: "android.intent.action.SENDTO"
I/PackageManager(  372):   Category: "android.intent.category.DEFAULT"
I/PackageManager(  372):   Scheme: "sms"
I/PackageManager(  372): Adding preferred activity ComponentInfo{com.android.mms/com.android.mms.ui.ComposeMessageActivity} for user 0 :
I/PackageManager(  372):   Action: "android.intent.action.SENDTO"
I/PackageManager(  372):   Category: "android.intent.category.DEFAULT"
I/PackageManager(  372):   Scheme: "smsto"
I/PackageManager(  372): Adding preferred activity ComponentInfo{com.android.mms/com.android.mms.ui.ComposeMessageActivity} for user 0 :
I/LatinIME:LogUtils(  588): Dictionary info: dictionary = main:en ; version = 42 ; date = 1381226429
I/PackageManager(  372):   Action: "android.intent.action.SENDTO"
I/PackageManager(  372):   Category: "android.intent.category.DEFAULT"
I/PackageManager(  372):   Scheme: "mms"
I/PackageManager(  372): Adding preferred activity ComponentInfo{com.android.mms/com.android.mms.ui.ComposeMessageActivity} for user 0 :
I/PackageManager(  372):   Action: "android.intent.action.SENDTO"
I/PackageManager(  372):   Category: "android.intent.category.DEFAULT"
I/PackageManager(  372):   Scheme: "mmsto"
I/PackageManager(  372): Adding preferred activity ComponentInfo{com.android.mms/com.android.mms.ui.ComposeMessageActivity} for user 0 :
I/LatinIME:LogUtils(  588): Dictionary info: dictionary = main:en ; version = 42 ; date = 1381226429
E/BluetoothAdapter(  600): Bluetooth binder is null
I/LatinIME:LogUtils(  588): Dictionary info: dictionary = main:en ; version = 42 ; date = 1381226429
I/LatinIME:LogUtils(  588): Dictionary info: dictionary = main:en ; version = 42 ; date = 1381226429
I/LatinIME:LogUtils(  588): Dictionary info: dictionary = main:en ; version = 42 ; date = 1381226429
I/ActivityManager(  372): Force stopping com.android.sdksetup appid=10042 user=0: pkg changed
I/ActivityManager(  372): Killing 650:com.android.sdksetup/u0a42 (adj 0): stop com.android.sdksetup
I/ActivityManager(  372):   Force finishing activity ActivityRecord{b3559ea8 u0 com.android.sdksetup/.DefaultActivity t2}
I/ActivityManager(  372): START u0 {act=android.intent.action.MAIN cat=[android.intent.category.HOME] flg=0x10000000 cmp=com.android.launcher/com.android.launcher2.Launcher} from pid 0
I/LatinIME:LogUtils(  588): Dictionary info: dictionary = main:en ; version = 42 ; date = 1381226429
I/LatinIME:LogUtils(  588): Dictionary info: dictionary = main:en ; version = 42 ; date = 1381226429
I/ActivityManager(  372): Start proc com.android.launcher for activity com.android.launcher/com.android.launcher2.Launcher: pid=695 uid=10008 gids={50008}
I/LatinIME:LogUtils(  588): Dictionary info: dictionary = main:en ; version = 42 ; date = 1381226429
I/InputReader(  372): Reconfiguring input devices.  changes=0x00000010
D/dalvikvm(  588): GC_CONCURRENT freed 297K, 13% free 3072K/3532K, paused 5ms+2ms, total 80ms
D/dalvikvm(  372): GC_CONCURRENT freed 771K, 58% free 5431K/12880K, paused 145ms+5ms, total 232ms
D/dalvikvm(  372): WAIT_FOR_CONCURRENT_GC blocked 50ms
D/dalvikvm(  372): WAIT_FOR_CONCURRENT_GC blocked 47ms
E/BluetoothAdapter(  600): Bluetooth binder is null
D/CallNotifier(  600): CallNotifier: mSignalInfoToneGenerator created when toneplay
E/BluetoothAdapter(  600): Bluetooth binder is null
D/MobileDataStateTracker(  372): fota: Broadcast received: android.intent.action.ANY_DATA_STATE apnType=fota
D/MobileDataStateTracker(  372): fota: Received state=DISCONNECTED, old=DISCONNECTED, reason=radioTurnedOff
D/MobileDataStateTracker(  372): ia: Broadcast received: android.intent.action.ANY_DATA_STATE apnType=ia
D/MobileDataStateTracker(  372): ia: Received state=DISCONNECTED, old=DISCONNECTED, reason=radioTurnedOff
D/MobileDataStateTracker(  372): supl: Broadcast received: android.intent.action.ANY_DATA_STATE apnType=supl
D/MobileDataStateTracker(  372): supl: Received state=DISCONNECTED, old=DISCONNECTED, reason=radioTurnedOff
D/MobileDataStateTracker(  372): hipri: Broadcast received: android.intent.action.ANY_DATA_STATE apnType=hipri
D/MobileDataStateTracker(  372): hipri: Received state=DISCONNECTED, old=DISCONNECTED, reason=radioTurnedOff
D/MobileDataStateTracker(  372): ims: Broadcast received: android.intent.action.ANY_DATA_STATE apnType=ims
D/MobileDataStateTracker(  372): ims: Received state=DISCONNECTED, old=DISCONNECTED, reason=radioTurnedOff
D/MobileDataStateTracker(  372): default: Broadcast received: android.intent.action.ANY_DATA_STATE apnType=default
D/MobileDataStateTracker(  372): default: Received state=DISCONNECTED, old=DISCONNECTED, reason=radioTurnedOff
D/MobileDataStateTracker(  372): mms: Broadcast received: android.intent.action.ANY_DATA_STATE apnType=mms
D/MobileDataStateTracker(  372): mms: Received state=DISCONNECTED, old=DISCONNECTED, reason=radioTurnedOff
D/MobileDataStateTracker(  372): cbs: Broadcast received: android.intent.action.ANY_DATA_STATE apnType=cbs
D/MobileDataStateTracker(  372): cbs: Received state=DISCONNECTED, old=DISCONNECTED, reason=radioTurnedOff
D/MobileDataStateTracker(  372): fota: Broadcast received: android.intent.action.ANY_DATA_STATE apnType=fota
D/MobileDataStateTracker(  372): fota: Received state=DISCONNECTED, old=DISCONNECTED, reason=radioTurnedOff
D/MobileDataStateTracker(  372): ia: Broadcast received: android.intent.action.ANY_DATA_STATE apnType=ia
D/MobileDataStateTracker(  372): ia: Received state=DISCONNECTED, old=DISCONNECTED, reason=radioTurnedOff
D/MobileDataStateTracker(  372): supl: Broadcast received: android.intent.action.ANY_DATA_STATE apnType=supl
D/MobileDataStateTracker(  372): supl: Received state=DISCONNECTED, old=DISCONNECTED, reason=radioTurnedOff
D/MobileDataStateTracker(  372): hipri: Broadcast received: android.intent.action.ANY_DATA_STATE apnType=hipri
D/MobileDataStateTracker(  372): hipri: Received state=DISCONNECTED, old=DISCONNECTED, reason=radioTurnedOff
D/MobileDataStateTracker(  372): ims: Broadcast received: android.intent.action.ANY_DATA_STATE apnType=ims
D/MobileDataStateTracker(  372): ims: Received state=DISCONNECTED, old=DISCONNECTED, reason=radioTurnedOff
D/MobileDataStateTracker(  372): default: Broadcast received: android.intent.action.ANY_DATA_STATE apnType=default
D/MobileDataStateTracker(  372): default: Received state=DISCONNECTED, old=DISCONNECTED, reason=radioTurnedOff
D/MobileDataStateTracker(  372): mms: Broadcast received: android.intent.action.ANY_DATA_STATE apnType=mms
D/MobileDataStateTracker(  372): mms: Received state=DISCONNECTED, old=DISCONNECTED, reason=radioTurnedOff
D/MobileDataStateTracker(  372): cbs: Broadcast received: android.intent.action.ANY_DATA_STATE apnType=cbs
I/ActivityManager(  372): Start proc com.android.printspooler for service com.android.printspooler/.PrintSpoolerService: pid=715 uid=10039 gids={50039}
D/MobileDataStateTracker(  372): cbs: Received state=DISCONNECTED, old=DISCONNECTED, reason=radioTurnedOff
D/MobileDataStateTracker(  372): fota: Broadcast received: android.intent.action.ANY_DATA_STATE apnType=fota
D/MobileDataStateTracker(  372): fota: Received state=DISCONNECTED, old=DISCONNECTED, reason=dataDetached
D/MobileDataStateTracker(  372): ia: Broadcast received: android.intent.action.ANY_DATA_STATE apnType=ia
D/MobileDataStateTracker(  372): ia: Received state=DISCONNECTED, old=DISCONNECTED, reason=dataDetached
D/MobileDataStateTracker(  372): supl: Broadcast received: android.intent.action.ANY_DATA_STATE apnType=supl
D/MobileDataStateTracker(  372): supl: Received state=DISCONNECTED, old=DISCONNECTED, reason=dataDetached
D/MobileDataStateTracker(  372): hipri: Broadcast received: android.intent.action.ANY_DATA_STATE apnType=hipri
D/MobileDataStateTracker(  372): hipri: Received state=DISCONNECTED, old=DISCONNECTED, reason=dataDetached
D/MobileDataStateTracker(  372): ims: Broadcast received: android.intent.action.ANY_DATA_STATE apnType=ims
D/MobileDataStateTracker(  372): ims: Received state=DISCONNECTED, old=DISCONNECTED, reason=dataDetached
D/MobileDataStateTracker(  372): default: Broadcast received: android.intent.action.ANY_DATA_STATE apnType=default
D/MobileDataStateTracker(  372): default: Received state=DISCONNECTED, old=DISCONNECTED, reason=dataDetached
D/MobileDataStateTracker(  372): mms: Broadcast received: android.intent.action.ANY_DATA_STATE apnType=mms
D/MobileDataStateTracker(  372): mms: Received state=DISCONNECTED, old=DISCONNECTED, reason=dataDetached
D/MobileDataStateTracker(  372): cbs: Broadcast received: android.intent.action.ANY_DATA_STATE apnType=cbs
D/MobileDataStateTracker(  372): cbs: Received state=DISCONNECTED, old=DISCONNECTED, reason=dataDetached
D/MobileDataStateTracker(  372): fota: Broadcast received: android.intent.action.ANY_DATA_STATE apnType=fota
D/MobileDataStateTracker(  372): fota: Received state=DISCONNECTED, old=DISCONNECTED, reason=roamingOff
D/MobileDataStateTracker(  372): ia: Broadcast received: android.intent.action.ANY_DATA_STATE apnType=ia
D/MobileDataStateTracker(  372): ia: Received state=DISCONNECTED, old=DISCONNECTED, reason=roamingOff
D/MobileDataStateTracker(  372): supl: Broadcast received: android.intent.action.ANY_DATA_STATE apnType=supl
D/MobileDataStateTracker(  372): supl: Received state=DISCONNECTED, old=DISCONNECTED, reason=roamingOff
D/MobileDataStateTracker(  372): hipri: Broadcast received: android.intent.action.ANY_DATA_STATE apnType=hipri
D/MobileDataStateTracker(  372): hipri: Received state=DISCONNECTED, old=DISCONNECTED, reason=roamingOff
D/MobileDataStateTracker(  372): ims: Broadcast received: android.intent.action.ANY_DATA_STATE apnType=ims
D/MobileDataStateTracker(  372): ims: Received state=DISCONNECTED, old=DISCONNECTED, reason=roamingOff
D/MobileDataStateTracker(  372): default: Broadcast received: android.intent.action.ANY_DATA_STATE apnType=default
D/MobileDataStateTracker(  372): default: Received state=DISCONNECTED, old=DISCONNECTED, reason=roamingOff
D/MobileDataStateTracker(  372): mms: Broadcast received: android.intent.action.ANY_DATA_STATE apnType=mms
D/MobileDataStateTracker(  372): mms: Received state=DISCONNECTED, old=DISCONNECTED, reason=roamingOff
D/MobileDataStateTracker(  372): cbs: Broadcast received: android.intent.action.ANY_DATA_STATE apnType=cbs
D/MobileDataStateTracker(  372): cbs: Received state=DISCONNECTED, old=DISCONNECTED, reason=roamingOff
D/MobileDataStateTracker(  372): fota: Broadcast received: android.intent.action.ANY_DATA_STATE apnType=fota
D/MobileDataStateTracker(  372): fota: Received state=DISCONNECTED, old=DISCONNECTED, reason=roamingOff
D/MobileDataStateTracker(  372): ia: Broadcast received: android.intent.action.ANY_DATA_STATE apnType=ia
D/MobileDataStateTracker(  372): ia: Received state=DISCONNECTED, old=DISCONNECTED, reason=roamingOff
D/MobileDataStateTracker(  372): supl: Broadcast received: android.intent.action.ANY_DATA_STATE apnType=supl
D/MobileDataStateTracker(  372): supl: Received state=DISCONNECTED, old=DISCONNECTED, reason=roamingOff
D/MobileDataStateTracker(  372): hipri: Broadcast received: android.intent.action.ANY_DATA_STATE apnType=hipri
D/MobileDataStateTracker(  372): hipri: Received state=DISCONNECTED, old=DISCONNECTED, reason=roamingOff
D/MobileDataStateTracker(  372): ims: Broadcast received: android.intent.action.ANY_DATA_STATE apnType=ims
D/TelephonyDebugService(  600): TelephonyDebugService()
D/MobileDataStateTracker(  372): ims: Received state=DISCONNECTED, old=DISCONNECTED, reason=roamingOff
D/MobileDataStateTracker(  372): default: Broadcast received: android.intent.action.ANY_DATA_STATE apnType=default
D/MobileDataStateTracker(  372): default: Received state=DISCONNECTED, old=DISCONNECTED, reason=roamingOff
D/MobileDataStateTracker(  372): mms: Broadcast received: android.intent.action.ANY_DATA_STATE apnType=mms
D/MobileDataStateTracker(  372): mms: Received state=DISCONNECTED, old=DISCONNECTED, reason=roamingOff
D/MobileDataStateTracker(  372): cbs: Broadcast received: android.intent.action.ANY_DATA_STATE apnType=cbs
D/MobileDataStateTracker(  372): cbs: Received state=DISCONNECTED, old=DISCONNECTED, reason=roamingOff
I/PackageManager(  372):   Action: "android.intent.action.SENDTO"
I/PackageManager(  372):   Category: "android.intent.category.DEFAULT"
I/PackageManager(  372):   Scheme: "sms"
I/PackageManager(  372): Adding preferred activity ComponentInfo{com.android.mms/com.android.mms.ui.ComposeMessageActivity} for user 0 :
D/dalvikvm(  600): GC_CONCURRENT freed 305K, 11% free 3066K/3440K, paused 70ms+3ms, total 307ms
I/PackageManager(  372):   Action: "android.intent.action.SENDTO"
I/PackageManager(  372):   Category: "android.intent.category.DEFAULT"
I/PackageManager(  372):   Scheme: "smsto"
I/PackageManager(  372): Adding preferred activity ComponentInfo{com.android.mms/com.android.mms.ui.ComposeMessageActivity} for user 0 :
I/PackageManager(  372):   Action: "android.intent.action.SENDTO"
I/PackageManager(  372):   Category: "android.intent.category.DEFAULT"
I/PackageManager(  372):   Scheme: "mms"
I/PackageManager(  372): Adding preferred activity ComponentInfo{com.android.mms/com.android.mms.ui.ComposeMessageActivity} for user 0 :
D/dalvikvm(  372): GC_CONCURRENT freed 643K, 58% free 5473K/12880K, paused 7ms+8ms, total 139ms
D/dalvikvm(  372): WAIT_FOR_CONCURRENT_GC blocked 38ms
D/dalvikvm(  372): WAIT_FOR_CONCURRENT_GC blocked 38ms
I/PrintSpoolerService(  715): No existing print spooler state.
I/PackageManager(  372):   Action: "android.intent.action.SENDTO"
I/PackageManager(  372):   Category: "android.intent.category.DEFAULT"
I/PackageManager(  372):   Scheme: "mmsto"
I/PackageManager(  372): Adding preferred activity ComponentInfo{com.android.mms/com.android.mms.ui.ComposeMessageActivity} for user 0 :
I/PackageManager(  372):   Action: "android.intent.action.SENDTO"
I/PackageManager(  372):   Category: "android.intent.category.DEFAULT"
I/PackageManager(  372):   Scheme: "sms"
I/PackageManager(  372): Adding preferred activity ComponentInfo{com.android.mms/com.android.mms.ui.ComposeMessageActivity} for user 0 :
I/PackageManager(  372):   Action: "android.intent.action.SENDTO"
I/PackageManager(  372):   Category: "android.intent.category.DEFAULT"
I/PackageManager(  372):   Scheme: "smsto"
I/PackageManager(  372): Adding preferred activity ComponentInfo{com.android.mms/com.android.mms.ui.ComposeMessageActivity} for user 0 :
I/PackageManager(  372):   Action: "android.intent.action.SENDTO"
I/PackageManager(  372):   Category: "android.intent.category.DEFAULT"
I/PackageManager(  372):   Scheme: "mms"
I/PackageManager(  372): Adding preferred activity ComponentInfo{com.android.mms/com.android.mms.ui.ComposeMessageActivity} for user 0 :
I/FusedLocation(  372): engine started (com.android.location.fused)
D/dalvikvm(  600): GC_CONCURRENT freed 419K, 14% free 3151K/3640K, paused 38ms+2ms, total 106ms
D/dalvikvm(  600): WAIT_FOR_CONCURRENT_GC blocked 32ms
I/PackageManager(  372):   Action: "android.intent.action.SENDTO"
I/PackageManager(  372):   Category: "android.intent.category.DEFAULT"
I/PackageManager(  372):   Scheme: "mmsto"
I/PackageManager(  372): Adding preferred activity ComponentInfo{com.android.mms/com.android.mms.ui.ComposeMessageActivity} for user 0 :
D/dalvikvm(  372): GC_CONCURRENT freed 656K, 58% free 5509K/12880K, paused 8ms+17ms, total 157ms
D/dalvikvm(  372): WAIT_FOR_CONCURRENT_GC blocked 73ms
D/dalvikvm(  695): GC_CONCURRENT freed 171K, 8% free 2964K/3208K, paused 6ms+20ms, total 115ms
I/MediaProvider(  624): Upgrading media database from version 0 to 700, which will destroy all old data
D/dalvikvm(  372): GC_CONCURRENT freed 656K, 57% free 5554K/12880K, paused 14ms+5ms, total 84ms
D/dalvikvm(  372): WAIT_FOR_CONCURRENT_GC blocked 26ms
D/dalvikvm(  695): GC_FOR_ALLOC freed 190K, 8% free 3110K/3372K, paused 15ms, total 17ms
I/dalvikvm-heap(  695): Grow heap (frag case) to 3.714MB for 640016-byte allocation
D/dalvikvm(  695): GC_FOR_ALLOC freed 3K, 7% free 3732K/4000K, paused 17ms, total 17ms
D/dalvikvm(  695): GC_CONCURRENT freed 5K, 7% free 3726K/4000K, paused 4ms+2ms, total 37ms
W/Resources(  695): Converting to int: TypedValue{t=0x3/d=0x12 "4" a=-1}
W/Resources(  695): Converting to int: TypedValue{t=0x3/d=0xf "1" a=-1}
W/Resources(  695): Converting to int: TypedValue{t=0x3/d=0x15 "2" a=-1}
W/Resources(  695): Converting to int: TypedValue{t=0x3/d=0x15 "2" a=-1}
W/Launcher.LauncherProvider(  695): Unable to add favorite: com.android.camera2/com.android.camera.CameraLauncher
W/Launcher.LauncherProvider(  695): android.content.pm.PackageManager$NameNotFoundException: ComponentInfo{com.android.camera2/com.android.camera.CameraLauncher}
W/Launcher.LauncherProvider(  695): 	at android.app.ApplicationPackageManager.getActivityInfo(ApplicationPackageManager.java:242)
W/Launcher.LauncherProvider(  695): 	at com.android.launcher2.LauncherProvider$DatabaseHelper.addAppShortcut(LauncherProvider.java:959)
W/Launcher.LauncherProvider(  695): 	at com.android.launcher2.LauncherProvider$DatabaseHelper.loadFavorites(LauncherProvider.java:863)
W/Launcher.LauncherProvider(  695): 	at com.android.launcher2.LauncherProvider$DatabaseHelper.access$000(LauncherProvider.java:253)
W/Launcher.LauncherProvider(  695): 	at com.android.launcher2.LauncherProvider.loadDefaultFavoritesIfNecessary(LauncherProvider.java:237)
W/Launcher.LauncherProvider(  695): 	at com.android.launcher2.LauncherModel$LoaderTask.loadWorkspace(LauncherModel.java:1278)
W/Launcher.LauncherProvider(  695): 	at com.android.launcher2.LauncherModel$LoaderTask.loadAndBindWorkspace(LauncherModel.java:1020)
W/Launcher.LauncherProvider(  695): 	at com.android.launcher2.LauncherModel$LoaderTask.run(LauncherModel.java:1126)
W/Launcher.LauncherProvider(  695): 	at android.os.Handler.handleCallback(Handler.java:733)
W/Launcher.LauncherProvider(  695): 	at android.os.Handler.dispatchMessage(Handler.java:95)
W/Launcher.LauncherProvider(  695): 	at android.os.Looper.loop(Looper.java:136)
W/Launcher.LauncherProvider(  695): 	at android.os.HandlerThread.run(HandlerThread.java:61)
W/Launcher.LauncherProvider(  695): Unable to add favorite: com.android.gallery3d/com.android.gallery3d.app.Gallery
W/Launcher.LauncherProvider(  695): android.content.pm.PackageManager$NameNotFoundException: ComponentInfo{com.android.gallery3d/com.android.gallery3d.app.Gallery}
W/Launcher.LauncherProvider(  695): 	at android.app.ApplicationPackageManager.getActivityInfo(ApplicationPackageManager.java:242)
W/Launcher.LauncherProvider(  695): 	at com.android.launcher2.LauncherProvider$DatabaseHelper.addAppShortcut(LauncherProvider.java:959)
W/Launcher.LauncherProvider(  695): 	at com.android.launcher2.LauncherProvider$DatabaseHelper.loadFavorites(LauncherProvider.java:863)
W/Launcher.LauncherProvider(  695): 	at com.android.launcher2.LauncherProvider$DatabaseHelper.access$000(LauncherProvider.java:253)
W/Launcher.LauncherProvider(  695): 	at com.android.launcher2.LauncherProvider.loadDefaultFavoritesIfNecessary(LauncherProvider.java:237)
W/Launcher.LauncherProvider(  695): 	at com.android.launcher2.LauncherModel$LoaderTask.loadWorkspace(LauncherModel.java:1278)
W/Launcher.LauncherProvider(  695): 	at com.android.launcher2.LauncherModel$LoaderTask.loadAndBindWorkspace(LauncherModel.java:1020)
W/Launcher.LauncherProvider(  695): 	at com.android.launcher2.LauncherModel$LoaderTask.run(LauncherModel.java:1126)
W/Launcher.LauncherProvider(  695): 	at android.os.Handler.handleCallback(Handler.java:733)
W/Launcher.LauncherProvider(  695): 	at android.os.Handler.dispatchMessage(Handler.java:95)
W/Launcher.LauncherProvider(  695): 	at android.os.Looper.loop(Looper.java:136)
W/Launcher.LauncherProvider(  695): 	at android.os.HandlerThread.run(HandlerThread.java:61)
D/dalvikvm(  372): GC_CONCURRENT freed 641K, 58% free 5513K/12880K, paused 12ms+9ms, total 111ms
