--------- beginning of /dev/log/system
I/Vold    (   53): Vold 2.1 (the revenge) firing up
D/Vold    (   53): Volume sdcard state changing -1 (Initializing) -> 0 (No-Media)
D/Vold    (   53): Volume sdcard state changing 0 (No-Media) -> 1 (Idle-Unmounted)
--------- beginning of /dev/log/main
D/dalvikvm(   59): GC_EXPLICIT freed 35K, 5% free 814K/852K, paused 0ms+1ms, total 16ms
D/dalvikvm(   59): GC_EXPLICIT freed 29K, 4% free 841K/872K, paused 1ms+0ms, total 18ms
D/TextLayoutCache(   59): Using debug level = 0 - Debug Enabled = 0
D/dalvikvm(   59): GC_EXPLICIT freed 19K, 3% free 881K/904K, paused 1ms+1ms, total 17ms
I/dalvikvm(   59): threadid=1: recursive native library load attempt (/system/lib/libmedia_jni.so)
D/MtpDeviceJNI(   59): register_android_mtp_MtpDevice
I/dalvikvm(   59): threadid=1: recursive native library load attempt (/system/lib/libmedia_jni.so)
I/dalvikvm(   59): threadid=1: recursive native library load attempt (/system/lib/libmedia_jni.so)
I/dalvikvm(   59): threadid=1: recursive native library load attempt (/system/lib/libmedia_jni.so)
D/dalvikvm(   59): GC_EXPLICIT freed 19K, 3% free 917K/940K, paused 1ms+1ms, total 7ms
W/dalvikvm(   59): Exception Ljava/lang/UnsatisfiedLinkError; thrown while initializing Landroid/media/videoeditor/MediaArtistNativeHelper;
W/Zygote  (   59): Class not found for preloading: android.media.videoeditor.MediaArtistNativeHelper
D/dalvikvm(   59): GC_EXPLICIT freed 25K, 3% free 948K/976K, paused 1ms+1ms, total 7ms
D/dalvikvm(   59): GC_EXPLICIT freed 16K, 2% free 985K/1004K, paused 1ms+0ms, total 7ms
D/dalvikvm(   59): GC_EXPLICIT freed 27K, 4% free 1012K/1044K, paused 1ms+1ms, total 18ms
D/dalvikvm(   59): GC_EXPLICIT freed 12K, 2% free 1063K/1080K, paused 11ms+0ms, total 18ms
E/EmojiFactory_jni(   59): Failed to load libemoji.so: dlopen failed: library "libemoji.so" not found
D/dalvikvm(   59): GC_EXPLICIT freed 30K, 3% free 1380K/1412K, paused 1ms+12ms, total 22ms
D/dalvikvm(   59): GC_EXPLICIT freed 35K, 3% free 1404K/1444K, paused 1ms+1ms, total 22ms
D/dalvikvm(   59): GC_EXPLICIT freed 30K, 3% free 1429K/1464K, paused 1ms+1ms, total 22ms
D/dalvikvm(   59): GC_EXPLICIT freed 38K, 3% free 1445K/1488K, paused 11ms+2ms, total 33ms
I/LibraryLoader(   59): Loading: webviewchromium
I/LibraryLoader(   59): Time to load native libraries: 522 ms (timestamps 4560-5082)
I/LibraryLoader(   59): Expected native library version number "",actual native library version number ""
D/dalvikvm(   59): GC_EXPLICIT freed 15K, 2% free 1487K/1504K, paused 1ms+1ms, total 22ms
D/dalvikvm(   59): GC_EXPLICIT freed 21K, 2% free 1519K/1544K, paused 2ms+1ms, total 24ms
D/dalvikvm(   59): GC_EXPLICIT freed 86K, 6% free 1570K/1660K, paused 1ms+1ms, total 33ms
D/dalvikvm(   59): GC_EXPLICIT freed 36K, 5% free 1588K/1660K, paused 1ms+1ms, total 34ms
D/dalvikvm(   59): GC_EXPLICIT freed 31K, 3% free 1614K/1660K, paused 1ms+1ms, total 25ms
D/dalvikvm(   59): GC_EXPLICIT freed 19K, 2% free 1676K/1700K, paused 2ms+1ms, total 35ms
D/dalvikvm(   59): GC_EXPLICIT freed 23K, 2% free 1707K/1736K, paused 11ms+12ms, total 35ms
D/dalvikvm(   59): GC_EXPLICIT freed 28K, 2% free 1734K/1768K, paused 1ms+2ms, total 27ms
D/dalvikvm(   59): GC_FOR_ALLOC freed 251K, 12% free 1995K/2248K, paused 38ms, total 38ms
D/dalvikvm(   59): GC_EXPLICIT freed 209K, 10% free 2115K/2332K, paused 3ms+1ms, total 41ms
D/dalvikvm(   59): GC_EXPLICIT freed 35K, 9% free 2134K/2332K, paused 2ms+12ms, total 39ms
D/dalvikvm(   59): GC_EXPLICIT freed 25K, 8% free 2167K/2340K, paused 2ms+2ms, total 39ms
W/Zygote  (   59): Class not found for preloading: java.lang.UnsafeByteSequence
D/dalvikvm(   59): GC_EXPLICIT freed 37K, 7% free 2187K/2340K, paused 2ms+12ms, total 39ms
D/dalvikvm(   59): GC_EXPLICIT freed 40K, 6% free 2203K/2340K, paused 2ms+12ms, total 40ms
D/dalvikvm(   59): GC_EXPLICIT freed 41K, 6% free 2216K/2340K, paused 2ms+2ms, total 40ms
I/System  (   59): Loaded time zone names for "" in 410ms (387ms in ICU)
I/System  (   59): Loaded time zone names for "en_US" in 292ms (267ms in ICU)
D/dalvikvm(   59): GC_EXPLICIT freed 204K, 9% free 2383K/2604K, paused 2ms+2ms, total 41ms
D/dalvikvm(   59): GC_EXPLICIT freed 14K, 7% free 2447K/2604K, paused 2ms+2ms, total 53ms
D/dalvikvm(   59): GC_EXPLICIT freed 30K, 6% free 2473K/2604K, paused 2ms+2ms, total 42ms
D/dalvikvm(   59): GC_EXPLICIT freed 34K, 5% free 2493K/2604K, paused 2ms+2ms, total 42ms
D/dalvikvm(   59): GC_EXPLICIT freed 32K, 4% free 2514K/2604K, paused 2ms+2ms, total 52ms
D/dalvikvm(   59): GC_EXPLICIT freed 29K, 3% free 2540K/2604K, paused 2ms+2ms, total 43ms
I/Zygote  (   59): ...preloaded 2776 classes in 9848ms.
D/dalvikvm(   59): GC_EXPLICIT freed 18K, 3% free 2542K/2604K, paused 2ms+2ms, total 43ms
I/Zygote  (   59): Preloading resources...
V/NatController(   55): runCmd(/system/bin/iptables -F natctrl_FORWARD) res=0
W/Resources(   59): Preloaded drawable resource #0x1080096 (android:drawable/toast_frame) that varies with configuration!!
W/Resources(   59): Preloaded drawable resource #0x1080105 (android:drawable/btn_check_on_pressed_holo_light) that varies with configuration!!
W/Resources(   59): Preloaded drawable resource #0x1080104 (android:drawable/btn_check_on_pressed_holo_dark) that varies with configuration!!
W/Resources(   59): Preloaded drawable resource #0x1080102 (android:drawable/btn_check_on_holo_light) that varies with configuration!!
W/Resources(   59): Preloaded drawable resource #0x1080101 (android:drawable/btn_check_on_holo_dark) that varies with configuration!!
W/Resources(   59): Preloaded drawable resource #0x10800ff (android:drawable/btn_check_on_focused_holo_light) that varies with configuration!!
W/Resources(   59): Preloaded drawable resource #0x10800fe (android:drawable/btn_check_on_focused_holo_dark) that varies with configuration!!
V/NatController(   55): runCmd(/system/bin/iptables -A natctrl_FORWARD -j DROP) res=0
D/dalvikvm(   59): GC_EXPLICIT freed 34K, 3% free 2562K/2640K, paused 2ms+2ms, total 43ms
W/Resources(   59): Preloaded drawable resource #0x10800fd (android:drawable/btn_check_on_disabled_holo_light) that varies with configuration!!
W/Resources(   59): Preloaded drawable resource #0x10800fc (android:drawable/btn_check_on_disabled_holo_dark) that varies with configuration!!
W/Resources(   59): Preloaded drawable resource #0x10800fb (android:drawable/btn_check_on_disabled_focused_holo_light) that varies with configuration!!
W/Resources(   59): Preloaded drawable resource #0x10800fa (android:drawable/btn_check_on_disabled_focused_holo_dark) that varies with configuration!!
W/Resources(   59): Preloaded drawable resource #0x10800f2 (android:drawable/btn_check_off_pressed_holo_light) that varies with configuration!!
W/Resources(   59): Preloaded drawable resource #0x10800f1 (android:drawable/btn_check_off_pressed_holo_dark) that varies with configuration!!
W/Resources(   59): Preloaded drawable resource #0x10800ed (android:drawable/btn_check_off_holo_light) that varies with configuration!!
W/Resources(   59): Preloaded drawable resource #0x10800ec (android:drawable/btn_check_off_holo_dark) that varies with configuration!!
W/Resources(   59): Preloaded drawable resource #0x10800ea (android:drawable/btn_check_off_focused_holo_light) that varies with configuration!!
D/dalvikvm(   59): GC_EXPLICIT freed 59K, 4% free 2555K/2656K, paused 2ms+14ms, total 44ms
V/NatController(   55): runCmd(/system/bin/iptables -t nat -F natctrl_nat_POSTROUTING) res=0
E/logwrapper(  289): executing /system/bin/ip failed: No such file or directory
W/Resources(   59): Preloaded drawable resource #0x10800e9 (android:drawable/btn_check_off_focused_holo_dark) that varies with configuration!!
W/Resources(   59): Preloaded drawable resource #0x10800e8 (android:drawable/btn_check_off_disabled_holo_light) that varies with configuration!!
W/Resources(   59): Preloaded drawable resource #0x10800e7 (android:drawable/btn_check_off_disabled_holo_dark) that varies with configuration!!
W/Resources(   59): Preloaded drawable resource #0x10800e6 (android:drawable/btn_check_off_disabled_focused_holo_light) that varies with configuration!!
V/NatController(   55): runCmd(/system/bin/ip rule flush) res=255
E/logwrapper(  290): executing /system/bin/ip failed: No such file or directory
W/Resources(   59): Preloaded drawable resource #0x10800e5 (android:drawable/btn_check_off_disabled_focused_holo_dark) that varies with configuration!!
W/Resources(   59): Preloaded drawable resource #0x1080102 (android:drawable/btn_check_on_holo_light) that varies with configuration!!
W/Resources(   59): Preloaded drawable resource #0x10800ed (android:drawable/btn_check_off_holo_light) that varies with configuration!!
V/NatController(   55): runCmd(/system/bin/ip -6 rule flush) res=255
E/logwrapper(  291): executing /system/bin/ip failed: No such file or directory
W/Resources(   59): Preloaded drawable resource #0x1080105 (android:drawable/btn_check_on_pressed_holo_light) that varies with configuration!!
W/Resources(   59): Preloaded drawable resource #0x10800f2 (android:drawable/btn_check_off_pressed_holo_light) that varies with configuration!!
W/Resources(   59): Preloaded drawable resource #0x10800ff (android:drawable/btn_check_on_focused_holo_light) that varies with configuration!!
W/Resources(   59): Preloaded drawable resource #0x10800ea (android:drawable/btn_check_off_focused_holo_light) that varies with configuration!!
V/NatController(   55): runCmd(/system/bin/ip rule add from all lookup default prio 32767) res=255
E/logwrapper(  292): executing /system/bin/ip failed: No such file or directory
W/Resources(   59): Preloaded drawable resource #0x10800ed (android:drawable/btn_check_off_holo_light) that varies with configuration!!
W/Resources(   59): Preloaded drawable resource #0x1080102 (android:drawable/btn_check_on_holo_light) that varies with configuration!!
W/Resources(   59): Preloaded drawable resource #0x10800fd (android:drawable/btn_check_on_disabled_holo_light) that varies with configuration!!
W/Resources(   59): Preloaded drawable resource #0x10800e8 (android:drawable/btn_check_off_disabled_holo_light) that varies with configuration!!
V/NatController(   55): runCmd(/system/bin/ip rule add from all lookup main prio 32766) res=255
E/logwrapper(  293): executing /system/bin/ip failed: No such file or directory
W/Resources(   59): Preloaded drawable resource #0x10800fb (android:drawable/btn_check_on_disabled_focused_holo_light) that varies with configuration!!
W/Resources(   59): Preloaded drawable resource #0x10800e6 (android:drawable/btn_check_off_disabled_focused_holo_light) that varies with configuration!!
W/Resources(   59): Preloaded drawable resource #0x10800e8 (android:drawable/btn_check_off_disabled_holo_light) that varies with configuration!!
W/Resources(   59): Preloaded drawable resource #0x10800fd (android:drawable/btn_check_on_disabled_holo_light) that varies with configuration!!
W/Resources(   59): Preloaded drawable resource #0x10800dc (android:drawable/btn_check_holo_light) that varies with configuration!!
V/NatController(   55): runCmd(/system/bin/ip -6 rule add from all lookup default prio 32767) res=255
E/logwrapper(  294): executing /system/bin/ip failed: No such file or directory
V/NatController(   55): runCmd(/system/bin/ip -6 rule add from all lookup main prio 32766) res=255
E/logwrapper(  295): executing /system/bin/ip failed: No such file or directory
V/NatController(   55): runCmd(/system/bin/ip route flush cache) res=255
D/dalvikvm(   59): GC_EXPLICIT freed 108K, 5% free 2559K/2688K, paused 13ms+2ms, total 53ms
W/Resources(   59): Preloaded drawable resource #0x1080101 (android:drawable/btn_check_on_holo_dark) that varies with configuration!!
W/Resources(   59): Preloaded drawable resource #0x10800ec (android:drawable/btn_check_off_holo_dark) that varies with configuration!!
W/Resources(   59): Preloaded drawable resource #0x1080104 (android:drawable/btn_check_on_pressed_holo_dark) that varies with configuration!!
W/Resources(   59): Preloaded drawable resource #0x10800f1 (android:drawable/btn_check_off_pressed_holo_dark) that varies with configuration!!
W/Resources(   59): Preloaded drawable resource #0x10800fe (android:drawable/btn_check_on_focused_holo_dark) that varies with configuration!!
W/Resources(   59): Preloaded drawable resource #0x10800e9 (android:drawable/btn_check_off_focused_holo_dark) that varies with configuration!!
V/NatController(   55): runCmd(/system/bin/iptables -F natctrl_tether_counters) res=1
W/Resources(   59): Preloaded drawable resource #0x10800ec (android:drawable/btn_check_off_holo_dark) that varies with configuration!!
W/Resources(   59): Preloaded drawable resource #0x1080101 (android:drawable/btn_check_on_holo_dark) that varies with configuration!!
W/Resources(   59): Preloaded drawable resource #0x10800fc (android:drawable/btn_check_on_disabled_holo_dark) that varies with configuration!!
W/Resources(   59): Preloaded drawable resource #0x10800e7 (android:drawable/btn_check_off_disabled_holo_dark) that varies with configuration!!
W/Resources(   59): Preloaded drawable resource #0x10800fa (android:drawable/btn_check_on_disabled_focused_holo_dark) that varies with configuration!!
W/Resources(   59): Preloaded drawable resource #0x10800e5 (android:drawable/btn_check_off_disabled_focused_holo_dark) that varies with configuration!!
W/Resources(   59): Preloaded drawable resource #0x10800e7 (android:drawable/btn_check_off_disabled_holo_dark) that varies with configuration!!
W/Resources(   59): Preloaded drawable resource #0x10800fc (android:drawable/btn_check_on_disabled_holo_dark) that varies with configuration!!
W/Resources(   59): Preloaded drawable resource #0x10800db (android:drawable/btn_check_holo_dark) that varies with configuration!!
D/dalvikvm(   59): GC_EXPLICIT freed 84K, 5% free 2558K/2688K, paused 12ms+12ms, total 53ms
W/Resources(   59): Preloaded drawable resource #0x1080195 (android:drawable/btn_radio_on_pressed_holo_light) that varies with configuration!!
W/Resources(   59): Preloaded drawable resource #0x1080194 (android:drawable/btn_radio_on_pressed_holo_dark) that varies with configuration!!
W/Resources(   59): Preloaded drawable resource #0x1080192 (android:drawable/btn_radio_on_holo_light) that varies with configuration!!
W/Resources(   59): Preloaded drawable resource #0x1080191 (android:drawable/btn_radio_on_holo_dark) that varies with configuration!!
W/Resources(   59): Preloaded drawable resource #0x108018f (android:drawable/btn_radio_on_focused_holo_light) that varies with configuration!!
V/NatController(   55): runCmd(/system/bin/iptables -X natctrl_tether_counters) res=1
W/Resources(   59): Preloaded drawable resource #0x108018e (android:drawable/btn_radio_on_focused_holo_dark) that varies with configuration!!
W/Resources(   59): Preloaded drawable resource #0x108018d (android:drawable/btn_radio_on_disabled_holo_light) that varies with configuration!!
W/Resources(   59): Preloaded drawable resource #0x108018c (android:drawable/btn_radio_on_disabled_holo_dark) that varies with configuration!!
W/Resources(   59): Preloaded drawable resource #0x108018b (android:drawable/btn_radio_on_disabled_focused_holo_light) that varies with configuration!!
V/NatController(   55): runCmd(/system/bin/iptables -N natctrl_tether_counters) res=0
D/dalvikvm(   59): GC_EXPLICIT freed 53K, 5% free 2559K/2688K, paused 12ms+12ms, total 53ms
W/Resources(   59): Preloaded drawable resource #0x108018a (android:drawable/btn_radio_on_disabled_focused_holo_dark) that varies with configuration!!
W/Resources(   59): Preloaded drawable resource #0x1080187 (android:drawable/btn_radio_off_pressed_holo_light) that varies with configuration!!
W/Resources(   59): Preloaded drawable resource #0x1080186 (android:drawable/btn_radio_off_pressed_holo_dark) that varies with configuration!!
W/Resources(   59): Preloaded drawable resource #0x1080184 (android:drawable/btn_radio_off_holo_light) that varies with configuration!!
W/Resources(   59): Preloaded drawable resource #0x1080183 (android:drawable/btn_radio_off_holo_dark) that varies with configuration!!
W/Resources(   59): Preloaded drawable resource #0x1080181 (android:drawable/btn_radio_off_focused_holo_light) that varies with configuration!!
W/Resources(   59): Preloaded drawable resource #0x1080180 (android:drawable/btn_radio_off_focused_holo_dark) that varies with configuration!!
W/Resources(   59): Preloaded drawable resource #0x108017f (android:drawable/btn_radio_off_disabled_holo_light) that varies with configuration!!
W/Resources(   59): Preloaded drawable resource #0x108017e (android:drawable/btn_radio_off_disabled_holo_dark) that varies with configuration!!
D/dalvikvm(   59): GC_EXPLICIT freed 51K, 5% free 2560K/2688K, paused 2ms+2ms, total 43ms
W/Resources(   59): Preloaded drawable resource #0x108017d (android:drawable/btn_radio_off_disabled_focused_holo_light) that varies with configuration!!
W/Resources(   59): Preloaded drawable resource #0x108017c (android:drawable/btn_radio_off_disabled_focused_holo_dark) that varies with configuration!!
W/Resources(   59): Preloaded drawable resource #0x1080128 (android:drawable/btn_default_pressed_holo_light) that varies with configuration!!
W/Resources(   59): Preloaded drawable resource #0x1080127 (android:drawable/btn_default_pressed_holo_dark) that varies with configuration!!
W/Resources(   59): Preloaded drawable resource #0x1080124 (android:drawable/btn_default_normal_holo_light) that varies with configuration!!
W/Resources(   59): Preloaded drawable resource #0x1080123 (android:drawable/btn_default_normal_holo_dark) that varies with configuration!!
W/Resources(   59): Preloaded drawable resource #0x108011c (android:drawable/btn_default_focused_holo_light) that varies with configuration!!
W/Resources(   59): Preloaded drawable resource #0x108011b (android:drawable/btn_default_focused_holo_dark) that varies with configuration!!
W/Resources(   59): Preloaded drawable resource #0x1080119 (android:drawable/btn_default_disabled_holo_light) that varies with configuration!!
W/Resources(   59): Preloaded drawable resource #0x1080118 (android:drawable/btn_default_disabled_holo_dark) that varies with configuration!!
D/dalvikvm(   59): GC_EXPLICIT freed 24K, 4% free 2589K/2688K, paused 3ms+2ms, total 43ms
W/Resources(   59): Preloaded drawable resource #0x1080116 (android:drawable/btn_default_disabled_focused_holo_light) that varies with configuration!!
W/Resources(   59): Preloaded drawable resource #0x1080115 (android:drawable/btn_default_disabled_focused_holo_dark) that varies with configuration!!
W/Resources(   59): Preloaded drawable resource #0x1080123 (android:drawable/btn_default_normal_holo_dark) that varies with configuration!!
W/Resources(   59): Preloaded drawable resource #0x1080118 (android:drawable/btn_default_disabled_holo_dark) that varies with configuration!!
W/Resources(   59): Preloaded drawable resource #0x1080127 (android:drawable/btn_default_pressed_holo_dark) that varies with configuration!!
W/Resources(   59): Preloaded drawable resource #0x108011b (android:drawable/btn_default_focused_holo_dark) that varies with configuration!!
W/Resources(   59): Preloaded drawable resource #0x1080123 (android:drawable/btn_default_normal_holo_dark) that varies with configuration!!
W/Resources(   59): Preloaded drawable resource #0x1080115 (android:drawable/btn_default_disabled_focused_holo_dark) that varies with configuration!!
W/Resources(   59): Preloaded drawable resource #0x1080118 (android:drawable/btn_default_disabled_holo_dark) that varies with configuration!!
W/Resources(   59): Preloaded drawable resource #0x108011d (android:drawable/btn_default_holo_dark) that varies with configuration!!
W/Resources(   59): Preloaded drawable resource #0x1080124 (android:drawable/btn_default_normal_holo_light) that varies with configuration!!
W/Resources(   59): Preloaded drawable resource #0x1080119 (android:drawable/btn_default_disabled_holo_light) that varies with configuration!!
W/Resources(   59): Preloaded drawable resource #0x1080128 (android:drawable/btn_default_pressed_holo_light) that varies with configuration!!
W/Resources(   59): Preloaded drawable resource #0x108011c (android:drawable/btn_default_focused_holo_light) that varies with configuration!!
W/Resources(   59): Preloaded drawable resource #0x1080124 (android:drawable/btn_default_normal_holo_light) that varies with configuration!!
W/Resources(   59): Preloaded drawable resource #0x1080116 (android:drawable/btn_default_disabled_focused_holo_light) that varies with configuration!!
W/Resources(   59): Preloaded drawable resource #0x1080119 (android:drawable/btn_default_disabled_holo_light) that varies with configuration!!
W/Resources(   59): Preloaded drawable resource #0x108011e (android:drawable/btn_default_holo_light) that varies with configuration!!
D/dalvikvm(   59): GC_EXPLICIT freed 52K, 3% free 2623K/2692K, paused 2ms+2ms, total 44ms
W/Resources(   59): Preloaded drawable resource #0x10801d1 (android:drawable/btn_star_off_normal_holo_light) that varies with configuration!!
W/Resources(   59): Preloaded drawable resource #0x10801db (android:drawable/btn_star_on_normal_holo_light) that varies with configuration!!
W/Resources(   59): Preloaded drawable resource #0x10801d7 (android:drawable/btn_star_on_disabled_holo_light) that varies with configuration!!
W/Resources(   59): Preloaded drawable resource #0x10801cd (android:drawable/btn_star_off_disabled_holo_light) that varies with configuration!!
W/Resources(   59): Preloaded drawable resource #0x10801dd (android:drawable/btn_star_on_pressed_holo_light) that varies with configuration!!
W/Resources(   59): Preloaded drawable resource #0x10801d3 (android:drawable/btn_star_off_pressed_holo_light) that varies with configuration!!
W/Resources(   59): Preloaded drawable resource #0x10801d9 (android:drawable/btn_star_on_focused_holo_light) that varies with configuration!!
W/Resources(   59): Preloaded drawable resource #0x10801cf (android:drawable/btn_star_off_focused_holo_light) that varies with configuration!!
W/Resources(   59): Preloaded drawable resource #0x10801d5 (android:drawable/btn_star_on_disabled_focused_holo_light) that varies with configuration!!
D/dalvikvm(   59): GC_EXPLICIT freed 112K, 6% free 2565K/2708K, paused 2ms+2ms, total 42ms
W/Resources(   59): Preloaded drawable resource #0x10801cb (android:drawable/btn_star_off_disabled_focused_holo_light) that varies with configuration!!
W/Resources(   59): Preloaded drawable resource #0x10801d1 (android:drawable/btn_star_off_normal_holo_light) that varies with configuration!!
W/Resources(   59): Preloaded drawable resource #0x10801db (android:drawable/btn_star_on_normal_holo_light) that varies with configuration!!
W/Resources(   59): Preloaded drawable resource #0x10801d7 (android:drawable/btn_star_on_disabled_holo_light) that varies with configuration!!
W/Resources(   59): Preloaded drawable resource #0x10801cd (android:drawable/btn_star_off_disabled_holo_light) that varies with configuration!!
W/Resources(   59): Preloaded drawable resource #0x10801dd (android:drawable/btn_star_on_pressed_holo_light) that varies with configuration!!
W/Resources(   59): Preloaded drawable resource #0x10801d3 (android:drawable/btn_star_off_pressed_holo_light) that varies with configuration!!
W/Resources(   59): Preloaded drawable resource #0x10801d9 (android:drawable/btn_star_on_focused_holo_light) that varies with configuration!!
W/Resources(   59): Preloaded drawable resource #0x10801cf (android:drawable/btn_star_off_focused_holo_light) that varies with configuration!!
W/Resources(   59): Preloaded drawable resource #0x10801d5 (android:drawable/btn_star_on_disabled_focused_holo_light) that varies with configuration!!
W/Resources(   59): Preloaded drawable resource #0x10801d7 (android:drawable/btn_star_on_disabled_holo_light) that varies with configuration!!
W/Resources(   59): Preloaded drawable resource #0x10801cb (android:drawable/btn_star_off_disabled_focused_holo_light) that varies with configuration!!
W/Resources(   59): Preloaded drawable resource #0x10801cd (android:drawable/btn_star_off_disabled_holo_light) that varies with configuration!!
W/Resources(   59): Preloaded drawable resource #0x10801d1 (android:drawable/btn_star_off_normal_holo_light) that varies with configuration!!
W/Resources(   59): Preloaded drawable resource #0x10801db (android:drawable/btn_star_on_normal_holo_light) that varies with configuration!!
W/Resources(   59): Preloaded drawable resource #0x10801c8 (android:drawable/btn_star_holo_light) that varies with configuration!!
D/dalvikvm(   59): GC_EXPLICIT freed 86K, 6% free 2567K/2708K, paused 2ms+2ms, total 43ms
W/Resources(   59): Preloaded drawable resource #0x10801d0 (android:drawable/btn_star_off_normal_holo_dark) that varies with configuration!!
W/Resources(   59): Preloaded drawable resource #0x10801da (android:drawable/btn_star_on_normal_holo_dark) that varies with configuration!!
W/Resources(   59): Preloaded drawable resource #0x10801d6 (android:drawable/btn_star_on_disabled_holo_dark) that varies with configuration!!
W/Resources(   59): Preloaded drawable resource #0x10801cc (android:drawable/btn_star_off_disabled_holo_dark) that varies with configuration!!
W/Resources(   59): Preloaded drawable resource #0x10801dc (android:drawable/btn_star_on_pressed_holo_dark) that varies with configuration!!
W/Resources(   59): Preloaded drawable resource #0x10801d2 (android:drawable/btn_star_off_pressed_holo_dark) that varies with configuration!!
W/Resources(   59): Preloaded drawable resource #0x10801d8 (android:drawable/btn_star_on_focused_holo_dark) that varies with configuration!!
W/Resources(   59): Preloaded drawable resource #0x10801ce (android:drawable/btn_star_off_focused_holo_dark) that varies with configuration!!
W/Resources(   59): Preloaded drawable resource #0x10801d4 (android:drawable/btn_star_on_disabled_focused_holo_dark) that varies with configuration!!
D/dalvikvm(   59): GC_EXPLICIT freed 53K, 6% free 2567K/2708K, paused 2ms+2ms, total 63ms
W/Resources(   59): Preloaded drawable resource #0x10801ca (android:drawable/btn_star_off_disabled_focused_holo_dark) that varies with configuration!!
W/Resources(   59): Preloaded drawable resource #0x10801d0 (android:drawable/btn_star_off_normal_holo_dark) that varies with configuration!!
W/Resources(   59): Preloaded drawable resource #0x10801da (android:drawable/btn_star_on_normal_holo_dark) that varies with configuration!!
W/Resources(   59): Preloaded drawable resource #0x10801d6 (android:drawable/btn_star_on_disabled_holo_dark) that varies with configuration!!
W/Resources(   59): Preloaded drawable resource #0x10801cc (android:drawable/btn_star_off_disabled_holo_dark) that varies with configuration!!
W/Resources(   59): Preloaded drawable resource #0x10801dc (android:drawable/btn_star_on_pressed_holo_dark) that varies with configuration!!
W/Resources(   59): Preloaded drawable resource #0x10801d2 (android:drawable/btn_star_off_pressed_holo_dark) that varies with configuration!!
W/Resources(   59): Preloaded drawable resource #0x10801d8 (android:drawable/btn_star_on_focused_holo_dark) that varies with configuration!!
W/Resources(   59): Preloaded drawable resource #0x10801ce (android:drawable/btn_star_off_focused_holo_dark) that varies with configuration!!
W/Resources(   59): Preloaded drawable resource #0x10801d4 (android:drawable/btn_star_on_disabled_focused_holo_dark) that varies with configuration!!
W/Resources(   59): Preloaded drawable resource #0x10801d6 (android:drawable/btn_star_on_disabled_holo_dark) that varies with configuration!!
W/Resources(   59): Preloaded drawable resource #0x10801ca (android:drawable/btn_star_off_disabled_focused_holo_dark) that varies with configuration!!
W/Resources(   59): Preloaded drawable resource #0x10801cc (android:drawable/btn_star_off_disabled_holo_dark) that varies with configuration!!
W/Resources(   59): Preloaded drawable resource #0x10801d0 (android:drawable/btn_star_off_normal_holo_dark) that varies with configuration!!
W/Resources(   59): Preloaded drawable resource #0x10801da (android:drawable/btn_star_on_normal_holo_dark) that varies with configuration!!
W/Resources(   59): Preloaded drawable resource #0x10801c7 (android:drawable/btn_star_holo_dark) that varies with configuration!!
D/dalvikvm(   59): GC_EXPLICIT freed 86K, 6% free 2569K/2708K, paused 13ms+2ms, total 54ms
W/Resources(   59): Preloaded drawable resource #0x10801f7 (android:drawable/btn_toggle_on_pressed_holo_light) that varies with configuration!!
W/Resources(   59): Preloaded drawable resource #0x10801f6 (android:drawable/btn_toggle_on_pressed_holo_dark) that varies with configuration!!
W/Resources(   59): Preloaded drawable resource #0x10801f5 (android:drawable/btn_toggle_on_normal_holo_light) that varies with configuration!!
W/Resources(   59): Preloaded drawable resource #0x10801f4 (android:drawable/btn_toggle_on_normal_holo_dark) that varies with configuration!!
W/Resources(   59): Preloaded drawable resource #0x10801f3 (android:drawable/btn_toggle_on_focused_holo_light) that varies with configuration!!
W/Resources(   59): Preloaded drawable resource #0x10801f2 (android:drawable/btn_toggle_on_focused_holo_dark) that varies with configuration!!
W/Resources(   59): Preloaded drawable resource #0x10801f1 (android:drawable/btn_toggle_on_disabled_holo_light) that varies with configuration!!
W/Resources(   59): Preloaded drawable resource #0x10801f0 (android:drawable/btn_toggle_on_disabled_holo_dark) that varies with configuration!!
W/Resources(   59): Preloaded drawable resource #0x10801ef (android:drawable/btn_toggle_on_disabled_focused_holo_light) that varies with configuration!!
W/Resources(   59): Preloaded drawable resource #0x10801ee (android:drawable/btn_toggle_on_disabled_focused_holo_dark) that varies with configuration!!
D/dalvikvm(   59): GC_EXPLICIT freed 18K, 4% free 2604K/2708K, paused 13ms+12ms, total 54ms
W/Resources(   59): Preloaded drawable resource #0x10801ec (android:drawable/btn_toggle_off_pressed_holo_light) that varies with configuration!!
W/Resources(   59): Preloaded drawable resource #0x10801eb (android:drawable/btn_toggle_off_pressed_holo_dark) that varies with configuration!!
W/Resources(   59): Preloaded drawable resource #0x10801ea (android:drawable/btn_toggle_off_normal_holo_light) that varies with configuration!!
W/Resources(   59): Preloaded drawable resource #0x10801e9 (android:drawable/btn_toggle_off_normal_holo_dark) that varies with configuration!!
W/Resources(   59): Preloaded drawable resource #0x10801e8 (android:drawable/btn_toggle_off_focused_holo_light) that varies with configuration!!
W/Resources(   59): Preloaded drawable resource #0x10801e7 (android:drawable/btn_toggle_off_focused_holo_dark) that varies with configuration!!
W/Resources(   59): Preloaded drawable resource #0x10801e6 (android:drawable/btn_toggle_off_disabled_holo_light) that varies with configuration!!
W/Resources(   59): Preloaded drawable resource #0x10801e5 (android:drawable/btn_toggle_off_disabled_holo_dark) that varies with configuration!!
W/Resources(   59): Preloaded drawable resource #0x10801e4 (android:drawable/btn_toggle_off_disabled_focused_holo_light) that varies with configuration!!
W/Resources(   59): Preloaded drawable resource #0x10801e3 (android:drawable/btn_toggle_off_disabled_focused_holo_dark) that varies with configuration!!
D/dalvikvm(   59): GC_EXPLICIT freed 51K, 4% free 2605K/2708K, paused 12ms+2ms, total 53ms
W/Resources(   59): Preloaded drawable resource #0x10801f5 (android:drawable/btn_toggle_on_normal_holo_light) that varies with configuration!!
W/Resources(   59): Preloaded drawable resource #0x10801f1 (android:drawable/btn_toggle_on_disabled_holo_light) that varies with configuration!!
W/Resources(   59): Preloaded drawable resource #0x10801f7 (android:drawable/btn_toggle_on_pressed_holo_light) that varies with configuration!!
W/Resources(   59): Preloaded drawable resource #0x10801f3 (android:drawable/btn_toggle_on_focused_holo_light) that varies with configuration!!
W/Resources(   59): Preloaded drawable resource #0x10801f5 (android:drawable/btn_toggle_on_normal_holo_light) that varies with configuration!!
W/Resources(   59): Preloaded drawable resource #0x10801ef (android:drawable/btn_toggle_on_disabled_focused_holo_light) that varies with configuration!!
W/Resources(   59): Preloaded drawable resource #0x10801f1 (android:drawable/btn_toggle_on_disabled_holo_light) that varies with configuration!!
W/Resources(   59): Preloaded drawable resource #0x10801ea (android:drawable/btn_toggle_off_normal_holo_light) that varies with configuration!!
W/Resources(   59): Preloaded drawable resource #0x10801e6 (android:drawable/btn_toggle_off_disabled_holo_light) that varies with configuration!!
W/Resources(   59): Preloaded drawable resource #0x10801ec (android:drawable/btn_toggle_off_pressed_holo_light) that varies with configuration!!
W/Resources(   59): Preloaded drawable resource #0x10801e8 (android:drawable/btn_toggle_off_focused_holo_light) that varies with configuration!!
W/Resources(   59): Preloaded drawable resource #0x10801ea (android:drawable/btn_toggle_off_normal_holo_light) that varies with configuration!!
W/Resources(   59): Preloaded drawable resource #0x10801e4 (android:drawable/btn_toggle_off_disabled_focused_holo_light) that varies with configuration!!
W/Resources(   59): Preloaded drawable resource #0x10801e6 (android:drawable/btn_toggle_off_disabled_holo_light) that varies with configuration!!
W/Resources(   59): Preloaded drawable resource #0x10801e1 (android:drawable/btn_toggle_holo_light) that varies with configuration!!
D/dalvikvm(   59): GC_EXPLICIT freed 59K, 4% free 2621K/2708K, paused 2ms+2ms, total 63ms
W/Resources(   59): Preloaded drawable resource #0x10801f4 (android:drawable/btn_toggle_on_normal_holo_dark) that varies with configuration!!
W/Resources(   59): Preloaded drawable resource #0x10801f0 (android:drawable/btn_toggle_on_disabled_holo_dark) that varies with configuration!!
W/Resources(   59): Preloaded drawable resource #0x10801f6 (android:drawable/btn_toggle_on_pressed_holo_dark) that varies with configuration!!
W/Resources(   59): Preloaded drawable resource #0x10801f2 (android:drawable/btn_toggle_on_focused_holo_dark) that varies with configuration!!
W/Resources(   59): Preloaded drawable resource #0x10801f4 (android:drawable/btn_toggle_on_normal_holo_dark) that varies with configuration!!
W/Resources(   59): Preloaded drawable resource #0x10801ee (android:drawable/btn_toggle_on_disabled_focused_holo_dark) that varies with configuration!!
W/Resources(   59): Preloaded drawable resource #0x10801f0 (android:drawable/btn_toggle_on_disabled_holo_dark) that varies with configuration!!
W/Resources(   59): Preloaded drawable resource #0x10801e9 (android:drawable/btn_toggle_off_normal_holo_dark) that varies with configuration!!
W/Resources(   59): Preloaded drawable resource #0x10801e5 (android:drawable/btn_toggle_off_disabled_holo_dark) that varies with configuration!!
W/Resources(   59): Preloaded drawable resource #0x10801eb (android:drawable/btn_toggle_off_pressed_holo_dark) that varies with configuration!!
W/Resources(   59): Preloaded drawable resource #0x10801e7 (android:drawable/btn_toggle_off_focused_holo_dark) that varies with configuration!!
W/Resources(   59): Preloaded drawable resource #0x10801e9 (android:drawable/btn_toggle_off_normal_holo_dark) that varies with configuration!!
W/Resources(   59): Preloaded drawable resource #0x10801e3 (android:drawable/btn_toggle_off_disabled_focused_holo_dark) that varies with configuration!!
W/Resources(   59): Preloaded drawable resource #0x10801e5 (android:drawable/btn_toggle_off_disabled_holo_dark) that varies with configuration!!
W/Resources(   59): Preloaded drawable resource #0x10801e0 (android:drawable/btn_toggle_holo_dark) that varies with configuration!!
D/dalvikvm(   59): GC_EXPLICIT freed 75K, 4% free 2621K/2720K, paused 13ms+2ms, total 57ms
W/Resources(   59): Preloaded drawable resource #0x108064c (android:drawable/textfield_multiline_default_holo_light) that varies with configuration!!
W/Resources(   59): Preloaded drawable resource #0x1080650 (android:drawable/textfield_multiline_disabled_holo_light) that varies with configuration!!
W/Resources(   59): Preloaded drawable resource #0x108064a (android:drawable/textfield_multiline_activated_holo_light) that varies with configuration!!
W/Resources(   59): Preloaded drawable resource #0x1080652 (android:drawable/textfield_multiline_focused_holo_light) that varies with configuration!!
W/Resources(   59): Preloaded drawable resource #0x108064c (android:drawable/textfield_multiline_default_holo_light) that varies with configuration!!
W/Resources(   59): Preloaded drawable resource #0x108064e (android:drawable/textfield_multiline_disabled_focused_holo_light) that varies with configuration!!
W/Resources(   59): Preloaded drawable resource #0x1080650 (android:drawable/textfield_multiline_disabled_holo_light) that varies with configuration!!
W/Resources(   59): Preloaded drawable resource #0x108063f (android:drawable/textfield_default_holo_light) that varies with configuration!!
W/Resources(   59): Preloaded drawable resource #0x1080644 (android:drawable/textfield_disabled_holo_light) that varies with configuration!!
W/Resources(   59): Preloaded drawable resource #0x1080637 (android:drawable/textfield_activated_holo_light) that varies with configuration!!
W/Resources(   59): Preloaded drawable resource #0x1080647 (android:drawable/textfield_focused_holo_light) that varies with configuration!!
W/Resources(   59): Preloaded drawable resource #0x108063f (android:drawable/textfield_default_holo_light) that varies with configuration!!
W/Resources(   59): Preloaded drawable resource #0x1080642 (android:drawable/textfield_disabled_focused_holo_light) that varies with configuration!!
W/Resources(   59): Preloaded drawable resource #0x1080644 (android:drawable/textfield_disabled_holo_light) that varies with configuration!!
W/Resources(   59): Preloaded drawable resource #0x1080258 (android:drawable/edit_text_holo_light) that varies with configuration!!
D/dalvikvm(   59): GC_EXPLICIT freed 75K, 4% free 2622K/2720K, paused 2ms+1ms, total 43ms
W/Resources(   59): Preloaded drawable resource #0x108064b (android:drawable/textfield_multiline_default_holo_dark) that varies with configuration!!
W/Resources(   59): Preloaded drawable resource #0x108064f (android:drawable/textfield_multiline_disabled_holo_dark) that varies with configuration!!
W/Resources(   59): Preloaded drawable resource #0x1080649 (android:drawable/textfield_multiline_activated_holo_dark) that varies with configuration!!
W/Resources(   59): Preloaded drawable resource #0x1080651 (android:drawable/textfield_multiline_focused_holo_dark) that varies with configuration!!
W/Resources(   59): Preloaded drawable resource #0x108064b (android:drawable/textfield_multiline_default_holo_dark) that varies with configuration!!
W/Resources(   59): Preloaded drawable resource #0x108064d (android:drawable/textfield_multiline_disabled_focused_holo_dark) that varies with configuration!!
W/Resources(   59): Preloaded drawable resource #0x108064f (android:drawable/textfield_multiline_disabled_holo_dark) that varies with configuration!!
W/Resources(   59): Preloaded drawable resource #0x108063e (android:drawable/textfield_default_holo_dark) that varies with configuration!!
W/Resources(   59): Preloaded drawable resource #0x1080643 (android:drawable/textfield_disabled_holo_dark) that varies with configuration!!
W/Resources(   59): Preloaded drawable resource #0x1080636 (android:drawable/textfield_activated_holo_dark) that varies with configuration!!
W/Resources(   59): Preloaded drawable resource #0x1080646 (android:drawable/textfield_focused_holo_dark) that varies with configuration!!
W/Resources(   59): Preloaded drawable resource #0x108063e (android:drawable/textfield_default_holo_dark) that varies with configuration!!
W/Resources(   59): Preloaded drawable resource #0x1080641 (android:drawable/textfield_disabled_focused_holo_dark) that varies with configuration!!
W/Resources(   59): Preloaded drawable resource #0x1080643 (android:drawable/textfield_disabled_holo_dark) that varies with configuration!!
W/Resources(   59): Preloaded drawable resource #0x1080257 (android:drawable/edit_text_holo_dark) that varies with configuration!!
D/dalvikvm(   59): GC_EXPLICIT freed 74K, 4% free 2624K/2720K, paused 3ms+2ms, total 66ms
W/Resources(   59): Preloaded drawable resource #0x1080633 (android:drawable/text_select_handle_left) that varies with configuration!!
W/Resources(   59): Preloaded drawable resource #0x1080635 (android:drawable/text_select_handle_right) that varies with configuration!!
W/Resources(   59): Preloaded drawable resource #0x1080630 (android:drawable/text_edit_paste_window) that varies with configuration!!
W/Resources(   59): Preloaded drawable resource #0x108026d (android:drawable/expander_close_holo_dark) that varies with configuration!!
W/Resources(   59): Preloaded drawable resource #0x108026e (android:drawable/expander_close_holo_light) that varies with configuration!!
W/Resources(   59): Preloaded drawable resource #0x108026d (android:drawable/expander_close_holo_dark) that varies with configuration!!
W/Resources(   59): Preloaded drawable resource #0x1080274 (android:drawable/expander_open_holo_dark) that varies with configuration!!
W/Resources(   59): Preloaded drawable resource #0x1080270 (android:drawable/expander_group_holo_dark) that varies with configuration!!
D/dalvikvm(   59): GC_EXPLICIT freed 85K, 5% free 2597K/2720K, paused 3ms+2ms, total 44ms
W/Resources(   59): Preloaded drawable resource #0x108026e (android:drawable/expander_close_holo_light) that varies with configuration!!
W/Resources(   59): Preloaded drawable resource #0x1080275 (android:drawable/expander_open_holo_light) that varies with configuration!!
W/Resources(   59): Preloaded drawable resource #0x1080271 (android:drawable/expander_group_holo_light) that varies with configuration!!
W/Resources(   59): Preloaded drawable resource #0x108041d (android:drawable/list_selector_disabled_holo_dark) that varies with configuration!!
W/Resources(   59): Preloaded drawable resource #0x108041d (android:drawable/list_selector_disabled_holo_dark) that varies with configuration!!
W/Resources(   59): Preloaded drawable resource #0x10803fe (android:drawable/list_pressed_holo_dark) that varies with configuration!!
W/Resources(   59): Preloaded drawable resource #0x10803fc (android:drawable/list_longpressed_holo_dark) that varies with configuration!!
W/Resources(   59): Preloaded drawable resource #0x108041a (android:drawable/list_selector_background_transition_holo_dark) that varies with configuration!!
W/Resources(   59): Preloaded drawable resource #0x10803fe (android:drawable/list_pressed_holo_dark) that varies with configuration!!
W/Resources(   59): Preloaded drawable resource #0x10803fc (android:drawable/list_longpressed_holo_dark) that varies with configuration!!
W/Resources(   59): Preloaded drawable resource #0x108041a (android:drawable/list_selector_background_transition_holo_dark) that varies with configuration!!
W/Resources(   59): Preloaded drawable resource #0x10803f7 (android:drawable/list_focused_holo) that varies with configuration!!
W/Resources(   59): Preloaded drawable resource #0x1080421 (android:drawable/list_selector_holo_dark) that varies with configuration!!
W/Resources(   59): Preloaded drawable resource #0x108041e (android:drawable/list_selector_disabled_holo_light) that varies with configuration!!
W/Resources(   59): Preloaded drawable resource #0x108041e (android:drawable/list_selector_disabled_holo_light) that varies with configuration!!
W/Resources(   59): Preloaded drawable resource #0x10803ff (android:drawable/list_pressed_holo_light) that varies with configuration!!
W/Resources(   59): Preloaded drawable resource #0x10803fd (android:drawable/list_longpressed_holo_light) that varies with configuration!!
W/Resources(   59): Preloaded drawable resource #0x108041b (android:drawable/list_selector_background_transition_holo_light) that varies with configuration!!
W/Resources(   59): Preloaded drawable resource #0x10803ff (android:drawable/list_pressed_holo_light) that varies with configuration!!
W/Resources(   59): Preloaded drawable resource #0x10803fd (android:drawable/list_longpressed_holo_light) that varies with configuration!!
W/Resources(   59): Preloaded drawable resource #0x108041b (android:drawable/list_selector_background_transition_holo_light) that varies with configuration!!
W/Resources(   59): Preloaded drawable resource #0x10803f7 (android:drawable/list_focused_holo) that varies with configuration!!
W/Resources(   59): Preloaded drawable resource #0x1080422 (android:drawable/list_selector_holo_light) that varies with configuration!!
D/dalvikvm(   59): GC_EXPLICIT freed 54K, 5% free 2603K/2720K, paused 3ms+2ms, total 46ms
W/Resources(   59): Preloaded drawable resource #0x1080401 (android:drawable/list_section_divider_holo_light) that varies with configuration!!
W/Resources(   59): Preloaded drawable resource #0x1080400 (android:drawable/list_section_divider_holo_dark) that varies with configuration!!
W/Resources(   59): Preloaded drawable resource #0x1080432 (android:drawable/menu_hardkey_panel_holo_dark) that varies with configuration!!
W/Resources(   59): Preloaded drawable resource #0x1080433 (android:drawable/menu_hardkey_panel_holo_light) that varies with configuration!!
W/Resources(   59): Preloaded drawable resource #0x108043a (android:drawable/menu_submenu_background) that varies with configuration!!
W/Resources(   59): Preloaded drawable resource #0x1080431 (android:drawable/menu_dropdown_panel_holo_light) that varies with configuration!!
W/Resources(   59): Preloaded drawable resource #0x1080430 (android:drawable/menu_dropdown_panel_holo_dark) that varies with configuration!!
D/dalvikvm(   59): GC_EXPLICIT freed 35K, 4% free 2620K/2720K, paused 2ms+2ms, total 55ms
W/Resources(   59): Preloaded drawable resource #0x1080437 (android:drawable/menu_popup_panel_holo_light) that varies with configuration!!
W/Resources(   59): Preloaded drawable resource #0x1080436 (android:drawable/menu_popup_panel_holo_dark) that varies with configuration!!
W/Resources(   59): Preloaded drawable resource #0x1080437 (android:drawable/menu_popup_panel_holo_light) that varies with configuration!!
W/Resources(   59): Preloaded drawable resource #0x1080431 (android:drawable/menu_dropdown_panel_holo_light) that varies with configuration!!
W/Resources(   59): Preloaded drawable resource #0x1080435 (android:drawable/menu_panel_holo_light) that varies with configuration!!
W/Resources(   59): Preloaded drawable resource #0x1080436 (android:drawable/menu_popup_panel_holo_dark) that varies with configuration!!
W/Resources(   59): Preloaded drawable resource #0x1080430 (android:drawable/menu_dropdown_panel_holo_dark) that varies with configuration!!
W/Resources(   59): Preloaded drawable resource #0x1080434 (android:drawable/menu_panel_holo_dark) that varies with configuration!!
D/dalvikvm(   59): GC_EXPLICIT freed 53K, 5% free 2630K/2756K, paused 14ms+12ms, total 55ms
W/Resources(   59): Preloaded drawable resource #0x108047c (android:drawable/overscroll_edge) that varies with configuration!!
W/Resources(   59): Preloaded drawable resource #0x108047d (android:drawable/overscroll_glow) that varies with configuration!!
D/dalvikvm(   59): GC_EXPLICIT freed 354K, 16% free 2580K/3060K, paused 12ms+12ms, total 53ms
W/Resources(   59): Preloaded drawable resource #0x1080545 (android:drawable/spinner_16_outer_holo) that varies with configuration!!
W/Resources(   59): Preloaded drawable resource #0x1080544 (android:drawable/spinner_16_inner_holo) that varies with configuration!!
W/Resources(   59): Preloaded drawable resource #0x1080549 (android:drawable/spinner_48_outer_holo) that varies with configuration!!
W/Resources(   59): Preloaded drawable resource #0x1080548 (android:drawable/spinner_48_inner_holo) that varies with configuration!!
W/Resources(   59): Preloaded drawable resource #0x108054b (android:drawable/spinner_76_outer_holo) that varies with configuration!!
D/dalvikvm(   59): GC_EXPLICIT freed 49K, 16% free 2581K/3060K, paused 2ms+3ms, total 42ms
W/Resources(   59): Preloaded drawable resource #0x108054a (android:drawable/spinner_76_inner_holo) that varies with configuration!!
W/Resources(   59): Preloaded drawable resource #0x10804c5 (android:drawable/progress_bg_holo_dark) that varies with configuration!!
W/Resources(   59): Preloaded drawable resource #0x10804c6 (android:drawable/progress_bg_holo_light) that varies with configuration!!
W/Resources(   59): Preloaded drawable resource #0x10804c5 (android:drawable/progress_bg_holo_dark) that varies with configuration!!
W/Resources(   59): Preloaded drawable resource #0x10804d2 (android:drawable/progress_secondary_holo_dark) that varies with configuration!!
W/Resources(   59): Preloaded drawable resource #0x10804d0 (android:drawable/progress_primary_holo_dark) that varies with configuration!!
W/Resources(   59): Preloaded drawable resource #0x10804c7 (android:drawable/progress_horizontal_holo_dark) that varies with configuration!!
W/Resources(   59): Preloaded drawable resource #0x10804c6 (android:drawable/progress_bg_holo_light) that varies with configuration!!
W/Resources(   59): Preloaded drawable resource #0x10804d3 (android:drawable/progress_secondary_holo_light) that varies with configuration!!
W/Resources(   59): Preloaded drawable resource #0x10804d1 (android:drawable/progress_primary_holo_light) that varies with configuration!!
