--------- beginning of /dev/log/system
I/Vold    (   52): Vold 2.1 (the revenge) firing up
D/Vold    (   52): Volume sdcard state changing -1 (Initializing) -> 0 (No-Media)
D/Vold    (   52): Volume sdcard state changing 0 (No-Media) -> 1 (Idle-Unmounted)
I/SystemServer(  356): Entered the Android system server!
I/SystemServer(  356): Waiting for installd to be ready.
I/Installer(  356): connecting...
I/SystemServer(  356): Enabled StrictMode logging for WM Looper
I/SystemServer(  356): Power Manager
I/SystemServer(  356): Activity Manager
I/ActivityManager(  356): Memory class: 48
I/AppOps  (  356): No existing app ops /data/system/appops.xml; starting empty
W/ProcessCpuTracker(  356): Skipping unknown process pid 375
I/UiThread(  356): Enabled StrictMode logging for UI thread
I/IntentFirewall(  356): Read new rules (A:0 B:0 S:0)
I/ActivityManager(  356): Enabled StrictMode logging for AThread's Looper
I/SystemServer(  356): Display Manager
I/SystemServer(  356): Telephony Registry
I/SystemServer(  356): Scheduling Policy
I/DisplayManagerService(  356): Display device added: DisplayDeviceInfo{"Built-in Screen": 480 x 864, 241.12602 fps, density 160, 160.0 x 160.0 dpi, touch INTERNAL, rotation 0, type BUILT_IN, FLAG_DEFAULT_DISPLAY, FLAG_ROTATES_WITH_CONTENT, FLAG_SECURE, FLAG_SUPPORTS_PROTECTED_BUFFERS}
I/SystemServer(  356): Package Manager
W/FileUtils(  356): Failed to chmod(/data/system/packages.list): libcore.io.ErrnoException: chmod failed: ENOENT (No such file or directory)
D/SELinuxMMAC(  356): Couldn't find install policy /data/security/mac_permissions.xml
D/SELinuxMMAC(  356): Using install policy file /system/etc/security/mac_permissions.xml
I/PackageManager(  356): No settings file; creating initial state
W/PackageManager(  356): Running ENG build: no pre-dexopt!
W/PackageParser(  356): No actions in intent filter at /system/priv-app/Contacts.apk Binary XML file line #375
W/PackageParser(  356): No actions in intent filter at /system/priv-app/Dialer.apk Binary XML file line #163
W/PackageParser(  356): No actions in intent filter at /data/app/ApiDemos.apk Binary XML file line #2899
W/PackageParser(  356): No actions in intent filter at /data/app/ApiDemos.apk Binary XML file line #2905
W/PackageManager(  356): Package com.example.android.apis desires unavailable shared library com.example.will.never.exist; ignoring!
W/PackageManager(  356): Package com.example.android.apis desires unavailable shared library com.example.will.never.exist; ignoring!
W/PackageManager(  356): Package com.android.camera desires unavailable shared library com.google.android.media.effects; ignoring!
I/PackageManager(  356): Time to scan packages: 22.967 seconds
W/PackageManager(  356): Not granting permission android.permission.GLOBAL_SEARCH to package com.android.quicksearchbox (protectionLevel=18 flags=0x8be45)
W/PackageManager(  356): Unknown permission com.android.smspush.WAPPUSH_MANAGER_BIND in package com.android.phone
W/PackageManager(  356): Unknown permission com.google.android.googleapps.permission.GOOGLE_AUTH in package com.android.providers.calendar
W/PackageManager(  356): Unknown permission com.google.android.googleapps.permission.GOOGLE_AUTH.cl in package com.android.providers.calendar
W/PackageManager(  356): Unknown permission com.google.android.googleapps.permission.GOOGLE_AUTH.mail in package com.android.calendar
W/PackageManager(  356): Not granting permission android.permission.ACCESS_DOWNLOAD_MANAGER to package com.android.browser (protectionLevel=18 flags=0x9be45)
W/PackageManager(  356): Not granting permission android.permission.SEND_DOWNLOAD_COMPLETED_INTENTS to package com.android.browser (protectionLevel=2 flags=0x9be45)
W/PackageManager(  356): Not granting permission android.permission.BIND_APPWIDGET to package com.android.widgetpreview (protectionLevel=18 flags=0x8be44)
W/PackageManager(  356): Unknown permission android.permission.INSTALL_DRM in package com.android.mms
W/PackageManager(  356): Unknown permission com.google.android.googleapps.permission.GOOGLE_AUTH in package com.android.settings
W/PackageManager(  356): Unknown permission com.google.android.googleapps.permission.ACCESS_GOOGLE_PASSWORD in package com.android.development
W/PackageManager(  356): Unknown permission com.google.android.googleapps.permission.GOOGLE_AUTH in package com.android.development
W/PackageManager(  356): Unknown permission com.google.android.googleapps.permission.GOOGLE_AUTH.ALL_SERVICES in package com.android.development
W/PackageManager(  356): Unknown permission com.google.android.googleapps.permission.GOOGLE_AUTH.YouTubeUser in package com.android.development
W/PackageManager(  356): Not granting permission android.permission.DELETE_PACKAGES to package com.svox.pico (protectionLevel=18 flags=0x8be45)
W/PackageManager(  356): Not granting permission android.permission.DEVICE_POWER to package com.android.deskclock (protectionLevel=2 flags=0x48be45)
I/SystemServer(  356): Entropy Mixer
W/EntropyMixer(  356): No existing entropy file -- first boot?
I/EntropyMixer(  356): Writing entropy...
I/SystemServer(  356): User Service
I/SystemServer(  356): Account Manager
I/SystemServer(  356): Content Manager
I/SystemServer(  356): System Content Providers
D/SettingsProvider(  356): Generated and saved new ANDROID_ID [c7aaaeb15a6a02ee] for user 0
I/SystemServer(  356): Lights Service
I/SystemServer(  356): Battery Service
I/SystemServer(  356): Vibrator Service
I/SystemServer(  356): Consumer IR Service
I/SystemServer(  356): Alarm Manager
I/SystemServer(  356): Init Watchdog
I/SystemServer(  356): Input Manager
I/InputManager(  356): Initializing input manager, mUseDevInputEventForAudioJack=false
I/SystemServer(  356): Window Manager
I/WindowManager(  356): No existing display settings /data/system/display_settings.xml; starting empty
I/WindowManager(  356): No keyguard interface!
I/InputManager(  356): Starting input manager
I/SystemServer(  356): No Bluetooh Service (emulator)
I/SystemServer(  356): Input Method Service
W/InputMethodManagerService(  356): No IME selected. Choose the most applicable IME.
I/InputMethodManagerService(  356): No default found, using com.android.inputmethod.latin/.LatinIME
I/SystemServer(  356): Accessibility Manager
I/ActivityManager(  356): Config changes=1df8 {1.0 ?mcc?mnc en_US ldltr sw480dp w480dp h864dp 160dpi lrg long port ?uimode ?night -touch -keyb/h/h tball/v s.2}
I/ActivityManager(  356): Config changes=408 {1.0 ?mcc?mnc en_US ldltr sw480dp w480dp h839dp 160dpi lrg long port ?uimode ?night finger -keyb/h/h tball/v s.3}
I/SystemServer(  356): Mount Service
D/MountService(  356): got storage path: /storage/sdcard description: USB storage primary: true removable: false emulated: false mtpReserve: 0 allowMassStorage: false maxFileSize: 0
D/MountService(  356): addVolumeLocked() StorageVolume:
D/MountService(  356):     mStorageId=0 mPath=/storage/sdcard mDescriptionId=17040665 mPrimary=true 
D/MountService(  356):     mRemovable=false mEmulated=false mMtpReserveSpace=0 
D/MountService(  356):     mAllowMassStorage=false mMaxFileSize=0 mOwner=null mUuid=null 
D/MountService(  356):     mUserLabel=null mState=null 
I/SystemServer(  356): LockSettingsService
I/SystemServer(  356): Device Policy
I/SystemServer(  356): Status Bar
I/SystemServer(  356): Clipboard Service
I/SystemServer(  356): NetworkManagement Service
I/SystemServer(  356): Text Service Manager Service
W/MountService(  356): Duplicate state transition (unmounted -> unmounted) for /storage/sdcard
W/MountService(  356): getSecureContainerList() called when storage not mounted
I/SystemServer(  356): NetworkStats Service
I/SystemServer(  356): NetworkPolicy Service
I/SystemServer(  356): Wi-Fi P2pService
W/PackageManager(  356): Not granting permission android.permission.GLOBAL_SEARCH to package com.android.quicksearchbox (protectionLevel=18 flags=0x8be45)
W/PackageManager(  356): Unknown permission com.android.smspush.WAPPUSH_MANAGER_BIND in package com.android.phone
W/PackageManager(  356): Unknown permission com.google.android.googleapps.permission.GOOGLE_AUTH in package com.android.providers.calendar
W/PackageManager(  356): Unknown permission com.google.android.googleapps.permission.GOOGLE_AUTH.cl in package com.android.providers.calendar
W/PackageManager(  356): Unknown permission com.google.android.googleapps.permission.GOOGLE_AUTH.mail in package com.android.calendar
W/PackageManager(  356): Not granting permission android.permission.ACCESS_DOWNLOAD_MANAGER to package com.android.browser (protectionLevel=18 flags=0x9be45)
W/PackageManager(  356): Not granting permission android.permission.SEND_DOWNLOAD_COMPLETED_INTENTS to package com.android.browser (protectionLevel=2 flags=0x9be45)
W/PackageManager(  356): Not granting permission android.permission.BIND_APPWIDGET to package com.android.widgetpreview (protectionLevel=18 flags=0x8be44)
W/PackageManager(  356): Unknown permission android.permission.INSTALL_DRM in package com.android.mms
W/PackageManager(  356): Unknown permission com.google.android.googleapps.permission.GOOGLE_AUTH in package com.android.settings
W/PackageManager(  356): Unknown permission com.google.android.googleapps.permission.ACCESS_GOOGLE_PASSWORD in package com.android.development
W/PackageManager(  356): Unknown permission com.google.android.googleapps.permission.GOOGLE_AUTH in package com.android.development
W/PackageManager(  356): Unknown permission com.google.android.googleapps.permission.GOOGLE_AUTH.ALL_SERVICES in package com.android.development
W/PackageManager(  356): Unknown permission com.google.android.googleapps.permission.GOOGLE_AUTH.YouTubeUser in package com.android.development
W/PackageManager(  356): Not granting permission android.permission.DELETE_PACKAGES to package com.svox.pico (protectionLevel=18 flags=0x8be45)
W/PackageManager(  356): Not granting permission android.permission.DEVICE_POWER to package com.android.deskclock (protectionLevel=2 flags=0x48be45)
I/SystemServer(  356): Wi-Fi Service
I/SystemServer(  356): Connectivity Service
D/ConnectivityService(  356): ConnectivityService starting up
D/ConnectivityService(  356): wifiOnly=false
E/MobileDataStateTracker(  356): default: Ignoring feature request because could not acquire PhoneService
E/MobileDataStateTracker(  356): default: Could not enable APN type "default"
I/WifiService(  356): WifiService starting up with Wi-Fi disabled
I/SystemServer(  356): Network Service Discovery Service
D/NsdService(  356): Network service discovery enabled true
I/SystemServer(  356): UpdateLock Service
I/SystemServer(  356): Notification Manager
I/SystemServer(  356): Device Storage Monitor
I/SystemServer(  356): Location Manager
I/SystemServer(  356): Country Detector
I/SystemServer(  356): Search Service
I/SystemServer(  356): DropBox Service
I/SystemServer(  356): Wallpaper Service
W/WallpaperService(  356): no current wallpaper -- first boot?
I/SystemServer(  356): Audio Service
I/SystemServer(  356): Dock Observer
W/DockObserver(  356): This kernel does not have dock station support
I/SystemServer(  356): Wired Accessory Manager
W/WiredAccessoryManager(  356): This kernel does not have wired headset support
W/WiredAccessoryManager(  356): This kernel does not have usb audio support
W/WiredAccessoryManager(  356): This kernel does not have HDMI audio support
I/SystemServer(  356): USB Service
I/SystemServer(  356): Serial Service
I/SystemServer(  356): Twilight Service
I/SystemServer(  356): UI Mode Manager Service
I/SystemServer(  356): Backup Service
V/BackupManagerService(  356): Initializing package tracking
V/BackupManagerService(  356): No ancestral data
V/BackupManagerService(  356): addPackageParticipantsLocked: all
I/BackupManagerService(  356): Scheduling backup for new app com.android.calendar
D/BackupManagerService(  356): Now staging backup of com.android.calendar
I/BackupManagerService(  356): Scheduling backup for new app com.android.browser
D/BackupManagerService(  356): Now staging backup of com.android.browser
I/BackupManagerService(  356): Scheduling backup for new app com.android.providers.userdictionary
D/BackupManagerService(  356): Now staging backup of com.android.providers.userdictionary
I/BackupManagerService(  356): Scheduling backup for new app com.android.sharedstoragebackup
D/BackupManagerService(  356): Now staging backup of com.android.sharedstoragebackup
I/BackupManagerService(  356): Scheduling backup for new app android
D/BackupManagerService(  356): Now staging backup of android
I/BackupManagerService(  356): Scheduling backup for new app com.android.dialer
D/BackupManagerService(  356): Now staging backup of com.android.dialer
I/BackupManagerService(  356): Scheduling backup for new app com.android.providers.settings
D/BackupManagerService(  356): Now staging backup of com.android.providers.settings
V/BackupManagerService(  356): Starting with transport android/com.android.internal.backup.LocalTransport
V/BackupManagerService(  356): Found transports: 1
I/BackupManagerService(  356): Binding to transport host ComponentInfo{android/com.android.internal.backup.LocalTransportService}
I/BackupManagerService(  356): Backup enabled => true
I/SystemServer(  356): AppWidget Service
I/SystemServer(  356): Recognition Service
I/SystemServer(  356): DiskStats Service
I/SystemServer(  356): SamplingProfiler Service
I/SystemServer(  356): NetworkTimeUpdateService
I/SystemServer(  356): CommonTimeManagementService
I/SystemServer(  356): CertBlacklister
I/SystemServer(  356): Dreams Service
I/SystemServer(  356): Assets Atlas Service
I/SystemServer(  356): IdleMaintenanceService
I/SystemServer(  356): Print Service
I/SystemServer(  356): Media Router Service
I/LockSettingsService(  356): Migrated lock settings to new location
I/LockSettingsService(  356): Migrated per-user lock settings to new location
I/ActivityManager(  356): Start proc com.android.systemui for service com.android.keyguard/.KeyguardService: pid=448 uid=10007 gids={50007, 1028, 1015, 1035, 3002, 3001}
W/SystemServer(  356): ***********************************************
I/ActivityManager(  356): Sending system update to ComponentInfo{com.android.providers.calendar/com.android.providers.calendar.CalendarUpgradeReceiver} for user 0
I/ActivityManager(  356): Sending system update to ComponentInfo{com.android.providers.contacts/com.android.providers.contacts.ContactsUpgradeReceiver} for user 0
I/ActivityManager(  356): Sending system update to ComponentInfo{com.android.providers.media/com.android.providers.media.MediaUpgradeReceiver} for user 0
I/SystemServer(  356): Enabled StrictMode for system server main thread.
I/ActivityManager(  356): Start proc com.android.providers.calendar for broadcast com.android.providers.calendar/.CalendarUpgradeReceiver: pid=460 uid=10001 gids={50001, 3003, 1028, 1015}
W/InputMethodManagerService(  356): Focus gain on non-focused client android.view.inputmethod.InputMethodManager$1@b32689c0 (uid=1000 pid=356)
V/BackupManagerService(  356): Connected to transport ComponentInfo{android/com.android.internal.backup.LocalTransportService}
V/BackupManagerService(  356): Registering transport android/com.android.internal.backup.LocalTransportService::android/com.android.internal.backup.LocalTransport = com.android.internal.backup.LocalTransport@b33785e0
I/ActivityManager(  356): Launching preboot mode app: ProcessRecord{b36b34a8 460:com.android.providers.calendar/u0a1}
I/ActivityManager(  356): Start proc android.process.acore for broadcast com.android.providers.contacts/.ContactsUpgradeReceiver: pid=480 uid=10002 gids={50002, 3003, 1028, 1015}
I/ActivityManager(  356): Launching preboot mode app: ProcessRecord{b33c4e58 480:android.process.acore/u0a2}
I/ActivityManager(  356): Start proc android.process.media for broadcast com.android.providers.media/.MediaUpgradeReceiver: pid=496 uid=10005 gids={50005, 1028, 1015, 1023, 1024, 2001, 3003, 3007}
I/ActivityManager(  356): Launching preboot mode app: ProcessRecord{b303f0d0 496:android.process.media/u0a5}
I/ActivityManager(  356): Writing new set of last done pre-boot receivers...
I/ActivityManager(  356): Removing system update proc: ProcessRecord{b36b34a8 460:com.android.providers.calendar/u0a1}
I/ActivityManager(  356): Killing 460:com.android.providers.calendar/u0a1 (adj 13): system update done
I/ActivityManager(  356): Removing system update proc: ProcessRecord{b33c4e58 480:android.process.acore/u0a2}
I/ActivityManager(  356): Killing 480:android.process.acore/u0a2 (adj 11): system update done
I/ActivityManager(  356): Removing system update proc: ProcessRecord{b303f0d0 496:android.process.media/u0a5}
I/ActivityManager(  356): Killing 496:android.process.media/u0a5 (adj 9): system update done
I/ActivityManager(  356): System now ready
I/SystemServer(  356): Making services ready
D/NetworkManagementService(  356): enabling bandwidth control
I/Vold    (   52): /dev/block/vold/179:0 being considered for volume sdcard
D/Vold    (   52): Volume sdcard state changing 1 (Idle-Unmounted) -> 3 (Checking)
D/MountService(  356): volume state changed for /storage/sdcard (unmounted -> checking)
D/MountService(  356): sendStorageIntent Intent { act=android.intent.action.MEDIA_CHECKING dat=file:///storage/sdcard (has extras) } to UserHandle{-1}
I/StatusBarManagerService(  356): registerStatusBar bar=com.android.internal.statusbar.IStatusBar$Stub$Proxy@b2def7b0
I/Vold    (   52): Filesystem check completed OK
D/Vold    (   52): Volume sdcard state changing 3 (Checking) -> 4 (Mounted)
D/MountService(  356): volume state changed for /storage/sdcard (checking -> mounted)
E/VoldConnector(  356): NDC Command {3 volume mount /storage/sdcard} took too long (949ms)
D/MountService(  356): sendStorageIntent Intent { act=android.intent.action.MEDIA_MOUNTED dat=file:///storage/sdcard (has extras) } to UserHandle{-1}
W/PackageManager(  356): Not granting permission android.permission.GLOBAL_SEARCH to package com.android.quicksearchbox (protectionLevel=18 flags=0x88be45)
W/PackageManager(  356): Unknown permission com.android.smspush.WAPPUSH_MANAGER_BIND in package com.android.phone
W/PackageManager(  356): Unknown permission com.google.android.googleapps.permission.GOOGLE_AUTH in package com.android.providers.calendar
W/PackageManager(  356): Unknown permission com.google.android.googleapps.permission.GOOGLE_AUTH.cl in package com.android.providers.calendar
W/PackageManager(  356): Unknown permission com.google.android.googleapps.permission.GOOGLE_AUTH.mail in package com.android.calendar
W/PackageManager(  356): Not granting permission android.permission.ACCESS_DOWNLOAD_MANAGER to package com.android.browser (protectionLevel=18 flags=0x89be45)
W/PackageManager(  356): Not granting permission android.permission.SEND_DOWNLOAD_COMPLETED_INTENTS to package com.android.browser (protectionLevel=2 flags=0x89be45)
W/PackageManager(  356): Not granting permission android.permission.BIND_APPWIDGET to package com.android.widgetpreview (protectionLevel=18 flags=0x8be44)
W/PackageManager(  356): Unknown permission android.permission.INSTALL_DRM in package com.android.mms
W/PackageManager(  356): Unknown permission com.google.android.googleapps.permission.GOOGLE_AUTH in package com.android.settings
W/PackageManager(  356): Unknown permission com.google.android.googleapps.permission.ACCESS_GOOGLE_PASSWORD in package com.android.development
W/PackageManager(  356): Unknown permission com.google.android.googleapps.permission.GOOGLE_AUTH in package com.android.development
W/PackageManager(  356): Unknown permission com.google.android.googleapps.permission.GOOGLE_AUTH.ALL_SERVICES in package com.android.development
W/PackageManager(  356): Unknown permission com.google.android.googleapps.permission.GOOGLE_AUTH.YouTubeUser in package com.android.development
W/PackageManager(  356): Not granting permission android.permission.DELETE_PACKAGES to package com.svox.pico (protectionLevel=18 flags=0x88be45)
W/PackageManager(  356): Not granting permission android.permission.DEVICE_POWER to package com.android.deskclock (protectionLevel=2 flags=0xc8be45)
I/ActivityManager(  356): Start proc android.process.acore for content provider com.android.providers.contacts/.ContactsProvider2: pid=548 uid=10002 gids={50002, 3003, 1028, 1015}
E/NetdConnector(  356): NDC Command {1 bandwidth enable} took too long (3185ms)
E/NetdConnector(  356): NDC Command {2 firewall disable} took too long (569ms)
E/NetdConnector(  356): NDC Command {5 firewall disable} took too long (530ms)
I/ActivityManager(  356): Config changes=200 {1.0 ?mcc?mnc en_US ldltr sw480dp w480dp h839dp 160dpi lrg long port finger -keyb/h/h tball/v s.4}
W/RecognitionManagerService(  356): no available voice recognition services found for user 0
W/AppWidgetServiceImpl(  356): Failed to read state: java.io.FileNotFoundException: /data/system/users/0/appwidgets.xml: open failed: ENOENT (No such file or directory)
W/InputMethodManagerService(  356): Ignoring setImeWindowStatus of uid 1000 token: null
W/InputMethodUtils(  356): Found no subtypes in a system IME: com.android.inputmethod.pinyin
W/InputMethodManagerService(  356): Reset the default IME as "Resource" is ready here.
W/InputMethodUtils(  356): Found no subtypes in a system IME: com.android.inputmethod.pinyin
I/InputMethodManagerService(  356): Selected default: com.android.inputmethod.latin/.LatinIME
I/ActivityManager(  356): Config changes=20 {1.0 ?mcc?mnc en_US ldltr sw480dp w480dp h839dp 160dpi lrg long port finger -keyb/v/h tball/v s.5}
I/ActivityManager(  356): Start proc com.android.inputmethod.latin for service com.android.inputmethod.latin/.LatinIME: pid=588 uid=10029 gids={50029, 1028, 1015}
V/InputMethodManagerService(  356): Adding window token: android.os.Binder@b34c7e58
W/LocationManagerService(  356): no network location provider found
E/LocationManagerService(  356): no geocoder provider found
E/LocationManagerService(  356): No FusedProvider found.
E/LocationManagerService(  356): no geofence provider found
W/InputMethodManagerService(  356): Illegal subtype state: old subtype = null, new subtype = android.view.inputmethod.InputMethodSubtype@c9194f98
I/ActivityManager(  356): Start proc com.android.phone for added application com.android.phone: pid=602 uid=1001 gids={41001, 3002, 3001, 3003, 1028, 1015}
I/ActivityManager(  356): START u0 {act=android.intent.action.MAIN cat=[android.intent.category.HOME] flg=0x10000000 cmp=com.android.settings/.CryptKeeper} from pid 0
I/ActivityManager(  356): Start proc com.android.settings for activity com.android.settings/.CryptKeeper: pid=612 uid=1000 gids={41000, 1028, 1015, 3002, 3001, 3003}
I/ActivityManager(  356): Start proc android.process.media for broadcast com.android.providers.downloads/.DownloadReceiver: pid=622 uid=10005 gids={50005, 1028, 1015, 1023, 1024, 2001, 3003, 3007}
W/WindowManager(  356): Window freeze timeout expired.
W/WindowManager(  356): Force clearing orientation change: Window{b2e5e0f8 u0 StatusBar}
W/WindowManager(  356): Force clearing orientation change: Window{b317b510 u0 com.android.systemui.ImageWallpaper}
I/ActivityManager(  356): START u0 {act=android.intent.action.MAIN cat=[android.intent.category.HOME] flg=0x10000000 cmp=com.android.sdksetup/.DefaultActivity} from pid 0
I/ActivityManager(  356): Start proc com.android.sdksetup for activity com.android.sdksetup/.DefaultActivity: pid=643 uid=10042 gids={50042}
I/ActivityManager(  356): Force stopping com.android.sdksetup appid=10042 user=0: pkg changed
I/ActivityManager(  356): Killing 643:com.android.sdksetup/u0a42 (adj 0): stop com.android.sdksetup
I/ActivityManager(  356):   Force finishing activity ActivityRecord{b304c1f8 u0 com.android.sdksetup/.DefaultActivity t2}
I/ActivityManager(  356): START u0 {act=android.intent.action.MAIN cat=[android.intent.category.HOME] flg=0x10000000 cmp=com.android.launcher/com.android.launcher2.Launcher} from pid 0
I/ActivityManager(  356): Start proc com.android.launcher for activity com.android.launcher/com.android.launcher2.Launcher: pid=674 uid=10008 gids={50008}
W/BackupManagerService(  356): dataChanged but no participant pkg='com.android.providers.settings' uid=1001
I/PackageManager(  356): Adding preferred activity ComponentInfo{com.android.mms/com.android.mms.ui.ComposeMessageActivity} for user 0 :
I/PackageManager(  356): Adding preferred activity ComponentInfo{com.android.mms/com.android.mms.ui.ComposeMessageActivity} for user 0 :
I/PackageManager(  356): Adding preferred activity ComponentInfo{com.android.mms/com.android.mms.ui.ComposeMessageActivity} for user 0 :
I/PackageManager(  356): Adding preferred activity ComponentInfo{com.android.mms/com.android.mms.ui.ComposeMessageActivity} for user 0 :
I/PackageManager(  356): Adding preferred activity ComponentInfo{com.android.mms/com.android.mms.ui.ComposeMessageActivity} for user 0 :
I/PackageManager(  356): Adding preferred activity ComponentInfo{com.android.mms/com.android.mms.ui.ComposeMessageActivity} for user 0 :
I/PackageManager(  356): Adding preferred activity ComponentInfo{com.android.mms/com.android.mms.ui.ComposeMessageActivity} for user 0 :
I/PackageManager(  356): Adding preferred activity ComponentInfo{com.android.mms/com.android.mms.ui.ComposeMessageActivity} for user 0 :
D/MobileDataStateTracker(  356): fota: Broadcast received: android.intent.action.ANY_DATA_STATE apnType=fota
D/MobileDataStateTracker(  356): fota: Received state=DISCONNECTED, old=DISCONNECTED, reason=radioTurnedOff
D/MobileDataStateTracker(  356): ia: Broadcast received: android.intent.action.ANY_DATA_STATE apnType=ia
D/MobileDataStateTracker(  356): ia: Received state=DISCONNECTED, old=DISCONNECTED, reason=radioTurnedOff
D/MobileDataStateTracker(  356): supl: Broadcast received: android.intent.action.ANY_DATA_STATE apnType=supl
D/MobileDataStateTracker(  356): supl: Received state=DISCONNECTED, old=DISCONNECTED, reason=radioTurnedOff
D/MobileDataStateTracker(  356): hipri: Broadcast received: android.intent.action.ANY_DATA_STATE apnType=hipri
D/MobileDataStateTracker(  356): hipri: Received state=DISCONNECTED, old=DISCONNECTED, reason=radioTurnedOff
D/MobileDataStateTracker(  356): ims: Broadcast received: android.intent.action.ANY_DATA_STATE apnType=ims
D/MobileDataStateTracker(  356): ims: Received state=DISCONNECTED, old=DISCONNECTED, reason=radioTurnedOff
D/MobileDataStateTracker(  356): default: Broadcast received: android.intent.action.ANY_DATA_STATE apnType=default
D/MobileDataStateTracker(  356): default: Received state=DISCONNECTED, old=DISCONNECTED, reason=radioTurnedOff
D/MobileDataStateTracker(  356): mms: Broadcast received: android.intent.action.ANY_DATA_STATE apnType=mms
D/MobileDataStateTracker(  356): mms: Received state=DISCONNECTED, old=DISCONNECTED, reason=radioTurnedOff
D/MobileDataStateTracker(  356): cbs: Broadcast received: android.intent.action.ANY_DATA_STATE apnType=cbs
D/MobileDataStateTracker(  356): cbs: Received state=DISCONNECTED, old=DISCONNECTED, reason=radioTurnedOff
D/MobileDataStateTracker(  356): fota: Broadcast received: android.intent.action.ANY_DATA_STATE apnType=fota
D/MobileDataStateTracker(  356): fota: Received state=DISCONNECTED, old=DISCONNECTED, reason=radioTurnedOff
D/MobileDataStateTracker(  356): ia: Broadcast received: android.intent.action.ANY_DATA_STATE apnType=ia
D/MobileDataStateTracker(  356): ia: Received state=DISCONNECTED, old=DISCONNECTED, reason=radioTurnedOff
D/MobileDataStateTracker(  356): supl: Broadcast received: android.intent.action.ANY_DATA_STATE apnType=supl
D/MobileDataStateTracker(  356): supl: Received state=DISCONNECTED, old=DISCONNECTED, reason=radioTurnedOff
D/MobileDataStateTracker(  356): hipri: Broadcast received: android.intent.action.ANY_DATA_STATE apnType=hipri
D/MobileDataStateTracker(  356): hipri: Received state=DISCONNECTED, old=DISCONNECTED, reason=radioTurnedOff
D/MobileDataStateTracker(  356): ims: Broadcast received: android.intent.action.ANY_DATA_STATE apnType=ims
D/MobileDataStateTracker(  356): ims: Received state=DISCONNECTED, old=DISCONNECTED, reason=radioTurnedOff
D/MobileDataStateTracker(  356): default: Broadcast received: android.intent.action.ANY_DATA_STATE apnType=default
D/MobileDataStateTracker(  356): default: Received state=DISCONNECTED, old=DISCONNECTED, reason=radioTurnedOff
D/MobileDataStateTracker(  356): mms: Broadcast received: android.intent.action.ANY_DATA_STATE apnType=mms
D/MobileDataStateTracker(  356): mms: Received state=DISCONNECTED, old=DISCONNECTED, reason=radioTurnedOff
D/MobileDataStateTracker(  356): cbs: Broadcast received: android.intent.action.ANY_DATA_STATE apnType=cbs
D/MobileDataStateTracker(  356): cbs: Received state=DISCONNECTED, old=DISCONNECTED, reason=radioTurnedOff
D/MobileDataStateTracker(  356): fota: Broadcast received: android.intent.action.ANY_DATA_STATE apnType=fota
D/MobileDataStateTracker(  356): fota: Received state=DISCONNECTED, old=DISCONNECTED, reason=dataDetached
D/MobileDataStateTracker(  356): ia: Broadcast received: android.intent.action.ANY_DATA_STATE apnType=ia
D/MobileDataStateTracker(  356): ia: Received state=DISCONNECTED, old=DISCONNECTED, reason=dataDetached
D/MobileDataStateTracker(  356): supl: Broadcast received: android.intent.action.ANY_DATA_STATE apnType=supl
D/MobileDataStateTracker(  356): supl: Received state=DISCONNECTED, old=DISCONNECTED, reason=dataDetached
D/MobileDataStateTracker(  356): hipri: Broadcast received: android.intent.action.ANY_DATA_STATE apnType=hipri
D/MobileDataStateTracker(  356): hipri: Received state=DISCONNECTED, old=DISCONNECTED, reason=dataDetached
D/MobileDataStateTracker(  356): ims: Broadcast received: android.intent.action.ANY_DATA_STATE apnType=ims
D/MobileDataStateTracker(  356): ims: Received state=DISCONNECTED, old=DISCONNECTED, reason=dataDetached
D/MobileDataStateTracker(  356): default: Broadcast received: android.intent.action.ANY_DATA_STATE apnType=default
D/MobileDataStateTracker(  356): default: Received state=DISCONNECTED, old=DISCONNECTED, reason=dataDetached
D/MobileDataStateTracker(  356): mms: Broadcast received: android.intent.action.ANY_DATA_STATE apnType=mms
D/MobileDataStateTracker(  356): mms: Received state=DISCONNECTED, old=DISCONNECTED, reason=dataDetached
D/MobileDataStateTracker(  356): cbs: Broadcast received: android.intent.action.ANY_DATA_STATE apnType=cbs
D/MobileDataStateTracker(  356): cbs: Received state=DISCONNECTED, old=DISCONNECTED, reason=dataDetached
D/MobileDataStateTracker(  356): fota: Broadcast received: android.intent.action.ANY_DATA_STATE apnType=fota
D/MobileDataStateTracker(  356): fota: Received state=DISCONNECTED, old=DISCONNECTED, reason=roamingOff
D/MobileDataStateTracker(  356): ia: Broadcast received: android.intent.action.ANY_DATA_STATE apnType=ia
D/MobileDataStateTracker(  356): ia: Received state=DISCONNECTED, old=DISCONNECTED, reason=roamingOff
D/MobileDataStateTracker(  356): supl: Broadcast received: android.intent.action.ANY_DATA_STATE apnType=supl
D/MobileDataStateTracker(  356): supl: Received state=DISCONNECTED, old=DISCONNECTED, reason=roamingOff
D/MobileDataStateTracker(  356): hipri: Broadcast received: android.intent.action.ANY_DATA_STATE apnType=hipri
D/MobileDataStateTracker(  356): hipri: Received state=DISCONNECTED, old=DISCONNECTED, reason=roamingOff
D/MobileDataStateTracker(  356): ims: Broadcast received: android.intent.action.ANY_DATA_STATE apnType=ims
D/MobileDataStateTracker(  356): ims: Received state=DISCONNECTED, old=DISCONNECTED, reason=roamingOff
D/MobileDataStateTracker(  356): default: Broadcast received: android.intent.action.ANY_DATA_STATE apnType=default
D/MobileDataStateTracker(  356): default: Received state=DISCONNECTED, old=DISCONNECTED, reason=roamingOff
D/MobileDataStateTracker(  356): mms: Broadcast received: android.intent.action.ANY_DATA_STATE apnType=mms
D/MobileDataStateTracker(  356): mms: Received state=DISCONNECTED, old=DISCONNECTED, reason=roamingOff
D/MobileDataStateTracker(  356): cbs: Broadcast received: android.intent.action.ANY_DATA_STATE apnType=cbs
D/MobileDataStateTracker(  356): cbs: Received state=DISCONNECTED, old=DISCONNECTED, reason=roamingOff
D/MobileDataStateTracker(  356): fota: Broadcast received: android.intent.action.ANY_DATA_STATE apnType=fota
D/MobileDataStateTracker(  356): fota: Received state=DISCONNECTED, old=DISCONNECTED, reason=roamingOff
D/MobileDataStateTracker(  356): ia: Broadcast received: android.intent.action.ANY_DATA_STATE apnType=ia
D/MobileDataStateTracker(  356): ia: Received state=DISCONNECTED, old=DISCONNECTED, reason=roamingOff
D/MobileDataStateTracker(  356): supl: Broadcast received: android.intent.action.ANY_DATA_STATE apnType=supl
D/MobileDataStateTracker(  356): supl: Received state=DISCONNECTED, old=DISCONNECTED, reason=roamingOff
D/MobileDataStateTracker(  356): hipri: Broadcast received: android.intent.action.ANY_DATA_STATE apnType=hipri
D/MobileDataStateTracker(  356): hipri: Received state=DISCONNECTED, old=DISCONNECTED, reason=roamingOff
D/MobileDataStateTracker(  356): ims: Broadcast received: android.intent.action.ANY_DATA_STATE apnType=ims
D/MobileDataStateTracker(  356): ims: Received state=DISCONNECTED, old=DISCONNECTED, reason=roamingOff
D/MobileDataStateTracker(  356): default: Broadcast received: android.intent.action.ANY_DATA_STATE apnType=default
D/MobileDataStateTracker(  356): default: Received state=DISCONNECTED, old=DISCONNECTED, reason=roamingOff
D/MobileDataStateTracker(  356): mms: Broadcast received: android.intent.action.ANY_DATA_STATE apnType=mms
D/MobileDataStateTracker(  356): mms: Received state=DISCONNECTED, old=DISCONNECTED, reason=roamingOff
D/MobileDataStateTracker(  356): cbs: Broadcast received: android.intent.action.ANY_DATA_STATE apnType=cbs
D/MobileDataStateTracker(  356): cbs: Received state=DISCONNECTED, old=DISCONNECTED, reason=roamingOff
D/MccTable(  602): updateMccMncConfiguration: mcc=310, mnc=260
D/MccTable(  602): timezone set to America/New_York
D/MccTable(  602): getLocaleFromMcc to en_us mcc=310
D/MccTable(  602): getLocaleForLanguageCountry: got match
D/MccTable(  602): getLocaleForLanguageCountry: X locale=en_US
D/MccTable(  602): WIFI_COUNTRY_CODE set to us
I/WifiService(  356): WifiService trying to set country code to us with persist set to true
D/MobileDataStateTracker(  356): fota: Broadcast received: android.intent.action.ANY_DATA_STATE apnType=fota
D/MobileDataStateTracker(  356): fota: Received state=DISCONNECTED, old=DISCONNECTED, reason=dataAttached
D/MobileDataStateTracker(  356): ia: Broadcast received: android.intent.action.ANY_DATA_STATE apnType=ia
D/MobileDataStateTracker(  356): ia: Received state=DISCONNECTED, old=DISCONNECTED, reason=dataAttached
D/MobileDataStateTracker(  356): supl: Broadcast received: android.intent.action.ANY_DATA_STATE apnType=supl
D/MobileDataStateTracker(  356): supl: Received state=DISCONNECTED, old=DISCONNECTED, reason=dataAttached
D/MobileDataStateTracker(  356): hipri: Broadcast received: android.intent.action.ANY_DATA_STATE apnType=hipri
D/MobileDataStateTracker(  356): hipri: Received state=DISCONNECTED, old=DISCONNECTED, reason=dataAttached
D/MobileDataStateTracker(  356): ims: Broadcast received: android.intent.action.ANY_DATA_STATE apnType=ims
D/MobileDataStateTracker(  356): ims: Received state=DISCONNECTED, old=DISCONNECTED, reason=dataAttached
D/MobileDataStateTracker(  356): mms: Broadcast received: android.intent.action.ANY_DATA_STATE apnType=mms
D/MobileDataStateTracker(  356): mms: Received state=DISCONNECTED, old=DISCONNECTED, reason=dataAttached
D/MobileDataStateTracker(  356): cbs: Broadcast received: android.intent.action.ANY_DATA_STATE apnType=cbs
D/MobileDataStateTracker(  356): cbs: Received state=DISCONNECTED, old=DISCONNECTED, reason=dataAttached
D/MobileDataStateTracker(  356): fota: Broadcast received: android.intent.action.ANY_DATA_STATE apnType=fota
D/MobileDataStateTracker(  356): fota: Received state=DISCONNECTED, old=DISCONNECTED, reason=dataAttached
D/MobileDataStateTracker(  356): ia: Broadcast received: android.intent.action.ANY_DATA_STATE apnType=ia
D/MobileDataStateTracker(  356): ia: Received state=DISCONNECTED, old=DISCONNECTED, reason=dataAttached
D/MobileDataStateTracker(  356): supl: Broadcast received: android.intent.action.ANY_DATA_STATE apnType=supl
D/MobileDataStateTracker(  356): supl: Received state=DISCONNECTED, old=DISCONNECTED, reason=dataAttached
D/MobileDataStateTracker(  356): hipri: Broadcast received: android.intent.action.ANY_DATA_STATE apnType=hipri
D/MobileDataStateTracker(  356): hipri: Received state=DISCONNECTED, old=DISCONNECTED, reason=dataAttached
D/MobileDataStateTracker(  356): ims: Broadcast received: android.intent.action.ANY_DATA_STATE apnType=ims
D/MobileDataStateTracker(  356): ims: Received state=DISCONNECTED, old=DISCONNECTED, reason=dataAttached
D/MobileDataStateTracker(  356): mms: Broadcast received: android.intent.action.ANY_DATA_STATE apnType=mms
D/MobileDataStateTracker(  356): mms: Received state=DISCONNECTED, old=DISCONNECTED, reason=dataAttached
D/MobileDataStateTracker(  356): cbs: Broadcast received: android.intent.action.ANY_DATA_STATE apnType=cbs
D/MobileDataStateTracker(  356): cbs: Received state=DISCONNECTED, old=DISCONNECTED, reason=dataAttached
D/MccTable(  602): updateMccMncConfiguration: mcc=310, mnc=260
D/MccTable(  602): getLocaleFromMcc to en_us mcc=310
D/MccTable(  602): getLocaleForLanguageCountry: got match
D/MccTable(  602): getLocaleForLanguageCountry: X locale=en_US
D/MccTable(  602): updateMccMncConfiguration updateConfig config={1.0 310mcc260mnc en_US ldltr ?swdp ?wdp ?hdp ?density ?lsize ?long ?orien ?uimode ?night ?touch ?keyb/?/? ?nav/?}
I/ActivityManager(  356): Config changes=3 {1.0 310mcc260mnc en_US ldltr sw480dp w480dp h839dp 160dpi lrg long port finger -keyb/v/h tball/v s.6}
D/MccTable(  602): updateMccMncConfiguration: mcc=310, mnc=260
D/MccTable(  602): getLocaleFromMcc to en_us mcc=310
D/MccTable(  602): getLocaleForLanguageCountry: skipping already persisted
D/MccTable(  602): getLocaleForLanguageCountry: X locale=null
D/MccTable(  602): updateMccMncConfiguration updateConfig config={1.0 310mcc260mnc ?locale ?layoutDir ?swdp ?wdp ?hdp ?density ?lsize ?long ?orien ?uimode ?night ?touch ?keyb/?/? ?nav/?}
D/MobileDataStateTracker(  356): fota: Broadcast received: android.intent.action.ANY_DATA_STATE apnType=fota
D/MobileDataStateTracker(  356): fota: Received state=DISCONNECTED, old=DISCONNECTED, reason=simLoaded
D/MobileDataStateTracker(  356): ia: Broadcast received: android.intent.action.ANY_DATA_STATE apnType=ia
D/MobileDataStateTracker(  356): ia: Received state=DISCONNECTED, old=DISCONNECTED, reason=simLoaded
D/MobileDataStateTracker(  356): supl: Broadcast received: android.intent.action.ANY_DATA_STATE apnType=supl
D/MobileDataStateTracker(  356): supl: Received state=DISCONNECTED, old=DISCONNECTED, reason=simLoaded
D/MobileDataStateTracker(  356): hipri: Broadcast received: android.intent.action.ANY_DATA_STATE apnType=hipri
D/MobileDataStateTracker(  356): hipri: Received state=DISCONNECTED, old=DISCONNECTED, reason=simLoaded
D/MobileDataStateTracker(  356): ims: Broadcast received: android.intent.action.ANY_DATA_STATE apnType=ims
D/MobileDataStateTracker(  356): ims: Received state=DISCONNECTED, old=DISCONNECTED, reason=simLoaded
D/MobileDataStateTracker(  356): mms: Broadcast received: android.intent.action.ANY_DATA_STATE apnType=mms
D/MobileDataStateTracker(  356): mms: Received state=DISCONNECTED, old=DISCONNECTED, reason=simLoaded
D/MobileDataStateTracker(  356): cbs: Broadcast received: android.intent.action.ANY_DATA_STATE apnType=cbs
D/MobileDataStateTracker(  356): cbs: Received state=DISCONNECTED, old=DISCONNECTED, reason=simLoaded
D/MobileDataStateTracker(  356): default: Broadcast received: android.intent.action.ANY_DATA_STATE apnType=default
D/MobileDataStateTracker(  356): default: Received state=CONNECTING, old=DISCONNECTED, reason=simLoaded
D/MobileDataStateTracker(  356): default: setDetailed state, old =IDLE and new state=CONNECTING
D/MobileDataStateTracker(  356): fota: Broadcast received: android.intent.action.ANY_DATA_STATE apnType=fota
D/MobileDataStateTracker(  356): fota: Received state=DISCONNECTED, old=DISCONNECTED, reason=simLoaded
D/MobileDataStateTracker(  356): ia: Broadcast received: android.intent.action.ANY_DATA_STATE apnType=ia
D/MobileDataStateTracker(  356): ia: Received state=DISCONNECTED, old=DISCONNECTED, reason=simLoaded
D/MobileDataStateTracker(  356): supl: Broadcast received: android.intent.action.ANY_DATA_STATE apnType=supl
D/MobileDataStateTracker(  356): supl: Received state=DISCONNECTED, old=DISCONNECTED, reason=simLoaded
D/MobileDataStateTracker(  356): hipri: Broadcast received: android.intent.action.ANY_DATA_STATE apnType=hipri
D/MobileDataStateTracker(  356): hipri: Received state=DISCONNECTED, old=DISCONNECTED, reason=simLoaded
D/MobileDataStateTracker(  356): ims: Broadcast received: android.intent.action.ANY_DATA_STATE apnType=ims
D/MobileDataStateTracker(  356): ims: Received state=DISCONNECTED, old=DISCONNECTED, reason=simLoaded
D/MobileDataStateTracker(  356): mms: Broadcast received: android.intent.action.ANY_DATA_STATE apnType=mms
D/MobileDataStateTracker(  356): mms: Received state=DISCONNECTED, old=DISCONNECTED, reason=simLoaded
D/MobileDataStateTracker(  356): cbs: Broadcast received: android.intent.action.ANY_DATA_STATE apnType=cbs
D/MobileDataStateTracker(  356): cbs: Received state=DISCONNECTED, old=DISCONNECTED, reason=simLoaded
D/MobileDataStateTracker(  356): default: Broadcast received: android.intent.action.ANY_DATA_STATE apnType=default
D/MobileDataStateTracker(  356): default: Received state=CONNECTED, old=CONNECTING, reason=connected
D/MobileDataStateTracker(  356): default: setDetailed state, old =CONNECTING and new state=CONNECTED
D/ConnectivityService(  356): ConnectivityChange for mobile: CONNECTED/CONNECTED
D/ConnectivityService(  356): ConnectivityChange checkMobileProvisioning for TYPE_MOBILE or ProvisioningNetwork
D/ConnectivityService(  356): checkMobileProvisioning: E suggestedTimeOutMs=60000
D/ConnectivityService(  356): setProvNotificationVisible: E visible=false networkType=5 extraInfo=null url=null
D/ConnectivityService(  356): checkMobileProvisioning: params={ url=http://clients3.google.com/generate_204 mTimeOutMs=60000 mCb=com.android.server.ConnectivityService$5@b2deea88}
D/ConnectivityService(  356): checkMobileProvisioning: X
D/MobileDataStateTracker(  356): default: isProvisioningNetwork: retVal=false
D/ConnectivityService(  356): [CheckMp] isMobileOk: isDefaultProvisioning=false
D/MobileDataStateTracker(  356): hipri: isProvisioningNetwork: retVal=false
D/ConnectivityService(  356): [CheckMp] isMobileOk: isHipriProvisioning=false
D/ConnectivityService(  356): [CheckMp] isMobileOk: start hipri url=http://clients3.google.com/generate_204
I/ActivityManager(  356): Start proc com.android.printspooler for service com.android.printspooler/.PrintSpoolerService: pid=730 uid=10039 gids={50039}
D/Nat464Xlat(  356): requiresClat: netType=0, hasIPv4Address=true
I/NetworkPolicy(  356): no policy for active mobile network; generating default policy
D/MobileDataStateTracker(  356): default: setPolicyDataEnable(enabled=true)
I/WindowManager(  356): Screen frozen for +4s490ms due to Window{b317b510 u0 com.android.systemui.ImageWallpaper}
I/PackageManager(  356): Adding preferred activity ComponentInfo{com.android.mms/com.android.mms.ui.ComposeMessageActivity} for user 0 :
I/PackageManager(  356): Adding preferred activity ComponentInfo{com.android.mms/com.android.mms.ui.ComposeMessageActivity} for user 0 :
E/NetdConnector(  356): NDC Command {12 bandwidth setiquota eth0 9223372036854775807} took too long (1971ms)
D/MobileDataStateTracker(  356): default: setPolicyDataEnable(enabled=true)
I/PackageManager(  356): Adding preferred activity ComponentInfo{com.android.mms/com.android.mms.ui.ComposeMessageActivity} for user 0 :
I/PackageManager(  356): Adding preferred activity ComponentInfo{com.android.mms/com.android.mms.ui.ComposeMessageActivity} for user 0 :
I/PackageManager(  356): Adding preferred activity ComponentInfo{com.android.mms/com.android.mms.ui.ComposeMessageActivity} for user 0 :
I/PackageManager(  356): Adding preferred activity ComponentInfo{com.android.mms/com.android.mms.ui.ComposeMessageActivity} for user 0 :
I/PackageManager(  356): Adding preferred activity ComponentInfo{com.android.mms/com.android.mms.ui.ComposeMessageActivity} for user 0 :
I/PackageManager(  356): Adding preferred activity ComponentInfo{com.android.mms/com.android.mms.ui.ComposeMessageActivity} for user 0 :
E/NetdConnector(  356): NDC Command {13 bandwidth removeiquota eth0} took too long (872ms)
W/ProcessCpuTracker(  356): Skipping unknown process pid 795
E/NetdConnector(  356): NDC Command {14 bandwidth setiquota eth0 9223372036854775807} took too long (2539ms)
D/MobileDataStateTracker(  356): default: setPolicyDataEnable(enabled=true)
D/ConnectivityService(  356): startUsingNetworkFeature reconnecting to 0: enableHIPRI
D/ConnectivityService(  356): startUsingNetworkFeature X: return APN_REQUEST_STARTED
E/ConnectivityService(  356): startUsingNetworkFeature took too long: 7483ms
D/ConnectivityService(  356): [CheckMp] isMobileOk: hipri started
D/ConnectivityService(  356): [CheckMp] isMobileOk: not connected ni=NetworkInfo: type: mobile_hipri[UMTS], state: DISCONNECTED/IDLE, reason: (unspecified), extra: (none), roaming: false, failover: false, isAvailable: true, isConnectedToProvisioningNetwork: false
D/MobileDataStateTracker(  356): hipri: Broadcast received: android.intent.action.ANY_DATA_STATE apnType=hipri
D/MobileDataStateTracker(  356): hipri: Received state=CONNECTING, old=DISCONNECTED, reason=dataEnabled
D/MobileDataStateTracker(  356): hipri: setDetailed state, old =IDLE and new state=CONNECTING
D/MobileDataStateTracker(  356): fota: Broadcast received: android.intent.action.ANY_DATA_STATE apnType=fota
D/MobileDataStateTracker(  356): fota: Received state=DISCONNECTED, old=DISCONNECTED, reason=dataEnabled
D/MobileDataStateTracker(  356): ia: Broadcast received: android.intent.action.ANY_DATA_STATE apnType=ia
D/MobileDataStateTracker(  356): ia: Received state=DISCONNECTED, old=DISCONNECTED, reason=dataEnabled
D/MobileDataStateTracker(  356): supl: Broadcast received: android.intent.action.ANY_DATA_STATE apnType=supl
D/MobileDataStateTracker(  356): supl: Received state=DISCONNECTED, old=DISCONNECTED, reason=dataEnabled
D/MobileDataStateTracker(  356): ims: Broadcast received: android.intent.action.ANY_DATA_STATE apnType=ims
D/MobileDataStateTracker(  356): ims: Received state=DISCONNECTED, old=DISCONNECTED, reason=dataEnabled
D/MobileDataStateTracker(  356): mms: Broadcast received: android.intent.action.ANY_DATA_STATE apnType=mms
D/MobileDataStateTracker(  356): mms: Received state=DISCONNECTED, old=DISCONNECTED, reason=dataEnabled
D/MobileDataStateTracker(  356): cbs: Broadcast received: android.intent.action.ANY_DATA_STATE apnType=cbs
D/MobileDataStateTracker(  356): cbs: Received state=DISCONNECTED, old=DISCONNECTED, reason=dataEnabled
D/MobileDataStateTracker(  356): hipri: Broadcast received: android.intent.action.ANY_DATA_STATE apnType=hipri
D/MobileDataStateTracker(  356): hipri: Received state=CONNECTED, old=CONNECTING, reason=dataEnabled
D/MobileDataStateTracker(  356): hipri: setDetailed state, old =CONNECTING and new state=CONNECTED
D/ConnectivityService(  356): ConnectivityChange for mobile_hipri: CONNECTED/CONNECTED
E/ConnectivityService(  356): Exception trying to add a route: java.lang.IllegalStateException: command '21 interface fwmark exempt add 10.0.2.2/32' failed with '400 21 Failed to add exemption rule (File exists)'
E/ConnectivityService(  356): Exception trying to add a route: java.lang.IllegalStateException: command '23 interface fwmark exempt add 10.0.2.3/32' failed with '400 23 Failed to add exemption rule (File exists)'
E/ConnectivityService(  356): Exception trying to add a route: java.lang.IllegalStateException: command '25 interface fwmark exempt add 10.0.2.2/32' failed with '400 25 Failed to add exemption rule (File exists)'
E/ConnectivityService(  356): Exception trying to add a route: java.lang.IllegalStateException: command '27 interface fwmark exempt add 10.0.2.4/32' failed with '400 27 Failed to add exemption rule (File exists)'
W/FrameworkListener(   54): Handler 'interface' error (No such device)
E/ConnectivityService(  356): Exception trying to add a route: java.lang.IllegalStateException: command '28 interface route add eth0 secondary 10.0.2.2 32 0.0.0.0' failed with '400 28 ip route modification failed (No such device)'
W/FrameworkListener(   54): Handler 'interface' error (No such device)
E/ConnectivityService(  356): Exception trying to add a route: java.lang.IllegalStateException: command '29 interface route add eth0 secondary 0.0.0.0 0 10.0.2.2' failed with '400 29 ip route modification failed (No such device)'
D/Nat464Xlat(  356): requiresClat: netType=5, hasIPv4Address=true
D/MobileDataStateTracker(  356): default: setPolicyDataEnable(enabled=true)
W/NetworkPolicy(  356): shared quota unsupported; generating rule for each iface
D/MobileDataStateTracker(  356): hipri: isProvisioningNetwork: retVal=false
D/ConnectivityService(  356): [CheckMp] isMobileOk: isProvisioningNetwork is false, continue
D/ConnectivityService(  356): [CheckMp] isMobileOk: addresses=clients3.google.com/172.217.23.14
D/ConnectivityService(  356): [CheckMp] isMobileOk: linkHasIpv4=true linkHasIpv6=false
I/ActivityManager(  356): Start proc com.android.defcontainer for service com.android.defcontainer/.DefaultContainerService: pid=823 uid=10003 gids={50003, 1028, 1015, 1023, 2001, 1035}
E/NetdConnector(  356): NDC Command {31 bandwidth removeiquota eth0} took too long (1465ms)
