W/System.err( 1160): 	at android.graphics.Color.parseColor(Color.java:209)
W/System.err( 1160): 	at com.greensoft.lockview.spriteDraw.ownDesignMoudle.MoveTimeDraw.draw(MoveTimeDraw.java:193)
W/System.err( 1160): 	at com.greensoft.lockview.spriteDraw.openLock.OpenLockOwnDesign.draw(OpenLockOwnDesign.java:125)
W/System.err( 1160): 	at com.greensoft.lockview.view.ViewSurface.drawBackGrounds(ViewSurface.java:147)
W/System.err( 1160): 	at com.greensoft.lockview.view.ViewSurface.access$0(ViewSurface.java:145)
W/System.err( 1160): 	at com.greensoft.lockview.view.ViewSurface$MyThread.run(ViewSurface.java:127)
W/System.err( 1160): java.lang.StringIndexOutOfBoundsException: length=0; index=0
W/System.err( 1160): 	at java.lang.String.indexAndLength(String.java:584)
W/System.err( 1160): 	at java.lang.String.charAt(String.java:578)
W/System.err( 1160): 	at android.graphics.Color.parseColor(Color.java:209)
W/System.err( 1160): 	at com.greensoft.lockview.spriteDraw.ownDesignMoudle.MoveTimeDraw.draw(MoveTimeDraw.java:193)
W/System.err( 1160): 	at com.greensoft.lockview.spriteDraw.openLock.OpenLockOwnDesign.draw(OpenLockOwnDesign.java:125)
W/System.err( 1160): 	at com.greensoft.lockview.view.ViewSurface.drawBackGrounds(ViewSurface.java:147)
W/System.err( 1160): 	at com.greensoft.lockview.view.ViewSurface.access$0(ViewSurface.java:145)
W/System.err( 1160): 	at com.greensoft.lockview.view.ViewSurface$MyThread.run(ViewSurface.java:127)
W/System.err( 1160): java.lang.StringIndexOutOfBoundsException: length=0; index=0
W/System.err( 1160): 	at java.lang.String.indexAndLength(String.java:584)
W/System.err( 1160): 	at java.lang.String.charAt(String.java:578)
W/System.err( 1160): 	at android.graphics.Color.parseColor(Color.java:209)
W/System.err( 1160): 	at com.greensoft.lockview.spriteDraw.ownDesignMoudle.MoveTimeDraw.draw(MoveTimeDraw.java:193)
W/System.err( 1160): 	at com.greensoft.lockview.spriteDraw.openLock.OpenLockOwnDesign.draw(OpenLockOwnDesign.java:125)
W/System.err( 1160): 	at com.greensoft.lockview.view.ViewSurface.drawBackGrounds(ViewSurface.java:147)
W/System.err( 1160): 	at com.greensoft.lockview.view.ViewSurface.access$0(ViewSurface.java:145)
W/System.err( 1160): 	at com.greensoft.lockview.view.ViewSurface$MyThread.run(ViewSurface.java:127)
D/AndroidRuntime( 1217): Calling main entry com.android.commands.am.Am
I/lock    ( 1160): animPlay
I/lock    ( 1160): play
I/ActivityManager(  356): START u0 {act=android.intent.action.MAIN cat=[android.intent.category.LAUNCHER] flg=0x10000000 cmp=com.greensoft.cxwGongBiWeiMei/.MyView} from pid 1217
D/dalvikvm( 1160): GC_FOR_ALLOC freed 1613K, 25% free 5523K/7360K, paused 72ms, total 76ms
I/dalvikvm-heap( 1160): Grow heap (frag case) to 6.925MB for 1536016-byte allocation
D/dalvikvm( 1160): GC_FOR_ALLOC freed 3K, 5% free 7019K/7360K, paused 21ms, total 22ms
I/lock    ( 1160): onPause:()
W/System.err( 1160): java.lang.StringIndexOutOfBoundsException: length=0; index=0
W/System.err( 1160): 	at java.lang.String.indexAndLength(String.java:584)
W/System.err( 1160): 	at java.lang.String.charAt(String.java:578)
W/System.err( 1160): 	at android.graphics.Color.parseColor(Color.java:209)
W/System.err( 1160): 	at com.greensoft.lockview.spriteDraw.ownDesignMoudle.MoveTimeDraw.draw(MoveTimeDraw.java:193)
W/System.err( 1160): 	at com.greensoft.lockview.spriteDraw.openLock.OpenLockOwnDesign.draw(OpenLockOwnDesign.java:125)
W/System.err( 1160): 	at com.greensoft.lockview.view.ViewSurface.drawBackGrounds(ViewSurface.java:147)
W/System.err( 1160): 	at com.greensoft.lockview.view.ViewSurface.access$0(ViewSurface.java:145)
W/System.err( 1160): 	at com.greensoft.lockview.view.ViewSurface$MyThread.run(ViewSurface.java:127)
D/dalvikvm( 1160): GC_CONCURRENT freed 10K, 5% free 7053K/7360K, paused 12ms+79ms, total 287ms
I/lock    ( 1160): play
I/lock    ( 1160): play
I/lock    ( 1160): animPlay
I/lock    ( 1160): play
I/lock    ( 1160): play
I/lock    ( 1160): play
W/System.err( 1160): java.lang.StringIndexOutOfBoundsException: length=0; index=0
W/System.err( 1160): 	at java.lang.String.indexAndLength(String.java:584)
W/System.err( 1160): 	at java.lang.String.charAt(String.java:578)
W/System.err( 1160): 	at android.graphics.Color.parseColor(Color.java:209)
W/System.err( 1160): 	at com.greensoft.lockview.spriteDraw.ownDesignMoudle.MoveTimeDraw.draw(MoveTimeDraw.java:193)
W/System.err( 1160): 	at com.greensoft.lockview.spriteDraw.openLock.OpenLockOwnDesign.draw(OpenLockOwnDesign.java:125)
W/System.err( 1160): 	at com.greensoft.lockview.view.ViewSurface.drawBackGrounds(ViewSurface.java:147)
W/System.err( 1160): 	at com.greensoft.lockview.view.ViewSurface.access$0(ViewSurface.java:145)
W/System.err( 1160): 	at com.greensoft.lockview.view.ViewSurface$MyThread.run(ViewSurface.java:127)
V/PhoneStatusBar(  448): setLightsOn(true)
W/System.err( 1160): java.lang.StringIndexOutOfBoundsException: length=0; index=0
W/System.err( 1160): 	at java.lang.String.indexAndLength(String.java:584)
W/System.err( 1160): 	at java.lang.String.charAt(String.java:578)
W/System.err( 1160): 	at android.graphics.Color.parseColor(Color.java:209)
W/System.err( 1160): 	at com.greensoft.lockview.spriteDraw.ownDesignMoudle.MoveTimeDraw.draw(MoveTimeDraw.java:193)
W/System.err( 1160): 	at com.greensoft.lockview.spriteDraw.openLock.OpenLockOwnDesign.draw(OpenLockOwnDesign.java:125)
W/System.err( 1160): 	at com.greensoft.lockview.view.ViewSurface.drawBackGrounds(ViewSurface.java:147)
W/System.err( 1160): 	at com.greensoft.lockview.view.ViewSurface.access$0(ViewSurface.java:145)
W/System.err( 1160): 	at com.greensoft.lockview.view.ViewSurface$MyThread.run(ViewSurface.java:127)
I/Choreographer( 1160): Skipped 49 frames!  The application may be doing too much work on its main thread.
I/lock    ( 1160): animPlay
I/lock    ( 1160): play
I/lock    ( 1160): play
I/lock    ( 1160): play
I/ActivityManager(  356): Displayed com.greensoft.cxwGongBiWeiMei/.MyView: +1s66ms
D/AndroidRuntime( 1217): Shutting down VM
D/dalvikvm( 1217): GC_CONCURRENT freed 97K, 15% free 589K/692K, paused 2ms+2ms, total 22ms
W/System.err( 1160): java.lang.StringIndexOutOfBoundsException: length=0; index=0
W/System.err( 1160): 	at java.lang.String.indexAndLength(String.java:584)
W/System.err( 1160): 	at java.lang.String.charAt(String.java:578)
W/System.err( 1160): 	at android.graphics.Color.parseColor(Color.java:209)
W/System.err( 1160): 	at com.greensoft.lockview.spriteDraw.ownDesignMoudle.MoveTimeDraw.draw(MoveTimeDraw.java:193)
W/System.err( 1160): 	at com.greensoft.lockview.spriteDraw.openLock.OpenLockOwnDesign.draw(OpenLockOwnDesign.java:125)
W/System.err( 1160): 	at com.greensoft.lockview.view.ViewSurface.drawBackGrounds(ViewSurface.java:147)
W/System.err( 1160): 	at com.greensoft.lockview.view.ViewSurface.access$0(ViewSurface.java:145)
W/System.err( 1160): 	at com.greensoft.lockview.view.ViewSurface$MyThread.run(ViewSurface.java:127)
I/Choreographer(  356): Skipped 36 frames!  The application may be doing too much work on its main thread.
I/lock    ( 1160): animPlay
I/lock    ( 1160): play
I/lock    ( 1160): play
I/lock    ( 1160): play
I/lock    ( 1160): 
I/System.out( 1160): surface
W/System.err( 1160): java.lang.NullPointerException
W/System.err( 1160): 	at android.view.SurfaceView.dispatchDraw(SurfaceView.java:343)
W/System.err( 1160): 	at android.view.View.draw(View.java:14468)
W/System.err( 1160): 	at android.view.SurfaceView.draw(SurfaceView.java:334)
W/System.err( 1160): 	at com.greensoft.lockview.view.ViewSurface.drawBackGrounds(ViewSurface.java:146)
W/System.err( 1160): 	at com.greensoft.lockview.view.ViewSurface.access$0(ViewSurface.java:145)
W/System.err( 1160): 	at com.greensoft.lockview.view.ViewSurface$MyThread.run(ViewSurface.java:127)
I/lock    ( 1160): onStop:
I/lock    ( 1160): animPlay
I/lock    ( 1160): play
D/dalvikvm( 1160): GC_FOR_ALLOC freed 1543K, 25% free 5548K/7360K, paused 19ms, total 21ms
I/dalvikvm-heap( 1160): Grow heap (frag case) to 6.950MB for 1536016-byte allocation
D/dalvikvm( 1160): GC_FOR_ALLOC freed 1K, 5% free 7047K/7360K, paused 24ms, total 24ms
D/dalvikvm( 1160): GC_CONCURRENT freed <1K, 5% free 7046K/7360K, paused 4ms+2ms, total 42ms
I/lock    ( 1160): play
I/lock    ( 1160): play
I/lock    ( 1160): animPlay
I/lock    ( 1160): play
I/lock    ( 1160): play
I/lock    ( 1160): play
I/lock    ( 1160): animPlay
I/lock    ( 1160): play
I/lock    ( 1160): play
I/lock    ( 1160): play
I/lock    ( 1160): animPlay
I/lock    ( 1160): play
I/lock    ( 1160): play
I/lock    ( 1160): play
I/lock    ( 1160): animPlay
I/lock    ( 1160): play
D/dalvikvm( 1160): GC_FOR_ALLOC freed 1500K, 25% free 5546K/7360K, paused 18ms, total 19ms
I/dalvikvm-heap( 1160): Grow heap (frag case) to 6.948MB for 1536016-byte allocation
D/dalvikvm( 1160): GC_CONCURRENT freed <1K, 5% free 7046K/7360K, paused 4ms+2ms, total 43ms
I/lock    ( 1160): play
I/lock    ( 1160): play
I/lock    ( 1160): animPlay
I/lock    ( 1160): play
I/lock    ( 1160): play
I/lock    ( 1160): play
I/lock    ( 1160): animPlay
I/lock    ( 1160): play
I/lock    ( 1160): play
I/lock    ( 1160): play
I/lock    ( 1160): animPlay
I/lock    ( 1160): play
I/lock    ( 1160): play
I/lock    ( 1160): play
I/lock    ( 1160): animPlay
I/lock    ( 1160): play
D/dalvikvm( 1160): GC_FOR_ALLOC freed 1500K, 25% free 5546K/7360K, paused 18ms, total 19ms
I/dalvikvm-heap( 1160): Grow heap (frag case) to 6.948MB for 1536016-byte allocation
D/dalvikvm( 1160): GC_CONCURRENT freed <1K, 5% free 7046K/7360K, paused 3ms+13ms, total 41ms
I/lock    ( 1160): play
I/lock    ( 1160): play
I/lock    ( 1160): animPlay
I/lock    ( 1160): play
I/lock    ( 1160): play
I/lock    ( 1160): play
D/AndroidRuntime( 1228): 
D/AndroidRuntime( 1228): >>>>>> AndroidRuntime START com.android.internal.os.RuntimeInit <<<<<<
D/AndroidRuntime( 1228): CheckJNI is ON
I/lock    ( 1160): animPlay
I/lock    ( 1160): play
I/lock    ( 1160): play
I/lock    ( 1160): play
D/dalvikvm( 1228): Trying to load lib libjavacore.so 0x0
D/dalvikvm( 1228): Added shared lib libjavacore.so 0x0
D/dalvikvm( 1228): Trying to load lib libnativehelper.so 0x0
D/dalvikvm( 1228): Added shared lib libnativehelper.so 0x0
D/dalvikvm( 1228): No JNI_OnLoad found in libnativehelper.so 0x0, skipping init
D/dalvikvm( 1228): Note: class Landroid/app/ActivityManagerNative; has 179 unimplemented (abstract) methods
I/lock    ( 1160): animPlay
I/lock    ( 1160): play
I/lock    ( 1160): play
I/lock    ( 1160): play
E/memtrack( 1228): Couldn't load memtrack module (No such file or directory)
E/android.os.Debug( 1228): failed to load memtrack module: -2
D/AndroidRuntime( 1228): Calling main entry com.android.commands.am.Am
D/AndroidRuntime( 1228): Shutting down VM
I/lock    ( 1160): service:android.intent.action.MAIN
I/lock    ( 1160): onStart:Service
D/dalvikvm( 1228): GC_CONCURRENT freed 97K, 15% free 585K/684K, paused 2ms+3ms, total 23ms
I/lock    ( 1160): animPlay
I/lock    ( 1160): play
D/dalvikvm( 1160): GC_FOR_ALLOC freed 1505K, 25% free 5549K/7360K, paused 18ms, total 19ms
I/dalvikvm-heap( 1160): Grow heap (frag case) to 6.951MB for 1536016-byte allocation
D/dalvikvm( 1160): GC_FOR_ALLOC freed <1K, 5% free 7049K/7360K, paused 24ms, total 24ms
D/dalvikvm( 1160): GC_CONCURRENT freed <1K, 5% free 7049K/7360K, paused 4ms+2ms, total 49ms
I/lock    ( 1160): play
I/lock    ( 1160): play
I/lock    ( 1160): animPlay
I/lock    ( 1160): play
I/lock    ( 1160): play
I/lock    ( 1160): play
D/AndroidRuntime( 1238): 
D/AndroidRuntime( 1238): >>>>>> AndroidRuntime START com.android.internal.os.RuntimeInit <<<<<<
D/AndroidRuntime( 1238): CheckJNI is ON
D/dalvikvm( 1238): Trying to load lib libjavacore.so 0x0
D/dalvikvm( 1238): Added shared lib libjavacore.so 0x0
D/dalvikvm( 1238): Trying to load lib libnativehelper.so 0x0
D/dalvikvm( 1238): Added shared lib libnativehelper.so 0x0
D/dalvikvm( 1238): No JNI_OnLoad found in libnativehelper.so 0x0, skipping init
D/dalvikvm( 1238): Note: class Landroid/app/ActivityManagerNative; has 179 unimplemented (abstract) methods
I/lock    ( 1160): animPlay
I/lock    ( 1160): play
I/lock    ( 1160): play
I/lock    ( 1160): play
E/memtrack( 1238): Couldn't load memtrack module (No such file or directory)
E/android.os.Debug( 1238): failed to load memtrack module: -2
I/lock    ( 1160): animPlay
I/lock    ( 1160): play
I/lock    ( 1160): play
I/lock    ( 1160): play
D/AndroidRuntime( 1238): Calling main entry com.android.commands.am.Am
I/ActivityManager(  356): START u0 {act=android.intent.action.MAIN cat=[android.intent.category.LAUNCHER] flg=0x10000000 cmp=com.greensoft.cxwGongBiWeiMei/.LockScreenSetActivity} from pid 1238
D/AndroidRuntime( 1238): Shutting down VM
D/dalvikvm( 1238): GC_CONCURRENT freed 98K, 15% free 590K/692K, paused 5ms+1ms, total 15ms
I/lock    ( 1160): animPlay
I/lock    ( 1160): play
D/dalvikvm( 1160): GC_FOR_ALLOC freed 1500K, 25% free 5549K/7360K, paused 18ms, total 19ms
I/dalvikvm-heap( 1160): Grow heap (frag case) to 6.951MB for 1536016-byte allocation
D/dalvikvm( 1160): GC_CONCURRENT freed <1K, 5% free 7048K/7360K, paused 4ms+2ms, total 45ms
I/lock    ( 1160): play
I/lock    ( 1160): play
I/lock    ( 1160): animPlay
I/lock    ( 1160): play
I/lock    ( 1160): play
I/lock    ( 1160): play
I/lock    ( 1160): animPlay
I/lock    ( 1160): play
I/lock    ( 1160): play
I/lock    ( 1160): play
I/lock    ( 1160): animPlay
I/lock    ( 1160): play
I/lock    ( 1160): play
I/lock    ( 1160): play
I/lock    ( 1160): animPlay
I/lock    ( 1160): play
D/dalvikvm( 1160): GC_FOR_ALLOC freed 1500K, 25% free 5549K/7360K, paused 19ms, total 20ms
I/dalvikvm-heap( 1160): Grow heap (frag case) to 6.951MB for 1536016-byte allocation
D/dalvikvm( 1160): GC_CONCURRENT freed <1K, 5% free 7048K/7360K, paused 4ms+2ms, total 43ms
I/lock    ( 1160): play
I/lock    ( 1160): play
I/lock    ( 1160): animPlay
I/lock    ( 1160): play
I/lock    ( 1160): play
I/lock    ( 1160): play
I/lock    ( 1160): animPlay
I/lock    ( 1160): play
I/lock    ( 1160): play
I/lock    ( 1160): play
I/lock    ( 1160): animPlay
I/lock    ( 1160): play
I/lock    ( 1160): play
I/lock    ( 1160): play
I/lock    ( 1160): animPlay
I/lock    ( 1160): play
D/dalvikvm( 1160): GC_FOR_ALLOC freed 1500K, 25% free 5549K/7360K, paused 19ms, total 20ms
I/dalvikvm-heap( 1160): Grow heap (frag case) to 6.951MB for 1536016-byte allocation
D/dalvikvm( 1160): GC_CONCURRENT freed <1K, 5% free 7048K/7360K, paused 4ms+2ms, total 42ms
I/lock    ( 1160): play
I/lock    ( 1160): play
I/lock    ( 1160): animPlay
I/lock    ( 1160): play
I/lock    ( 1160): play
I/lock    ( 1160): play
I/lock    ( 1160): animPlay
I/lock    ( 1160): play
I/lock    ( 1160): play
I/lock    ( 1160): play
I/lock    ( 1160): animPlay
I/lock    ( 1160): play
I/lock    ( 1160): play
I/lock    ( 1160): play
I/lock    ( 1160): animPlay
I/lock    ( 1160): play
D/dalvikvm( 1160): GC_FOR_ALLOC freed 1500K, 25% free 5549K/7360K, paused 19ms, total 19ms
I/dalvikvm-heap( 1160): Grow heap (frag case) to 6.951MB for 1536016-byte allocation
D/dalvikvm( 1160): GC_CONCURRENT freed <1K, 5% free 7048K/7360K, paused 4ms+12ms, total 42ms
I/lock    ( 1160): play
I/lock    ( 1160): play
I/lock    ( 1160): animPlay
I/lock    ( 1160): play
I/lock    ( 1160): play
I/lock    ( 1160): play
I/lock    ( 1160): animPlay
I/lock    ( 1160): play
I/lock    ( 1160): play
I/lock    ( 1160): play
I/lock    ( 1160): animPlay
I/lock    ( 1160): play
I/lock    ( 1160): play
I/lock    ( 1160): play
I/lock    ( 1160): animPlay
I/lock    ( 1160): play
D/dalvikvm( 1160): GC_FOR_ALLOC freed 1500K, 25% free 5549K/7360K, paused 19ms, total 20ms
I/dalvikvm-heap( 1160): Grow heap (frag case) to 6.951MB for 1536016-byte allocation
D/dalvikvm( 1160): GC_CONCURRENT freed <1K, 5% free 7048K/7360K, paused 14ms+2ms, total 42ms
I/lock    ( 1160): play
I/lock    ( 1160): play
I/lock    ( 1160): animPlay
I/lock    ( 1160): play
I/lock    ( 1160): play
I/lock    ( 1160): play
I/lock    ( 1160): animPlay
I/lock    ( 1160): play
I/lock    ( 1160): play
I/lock    ( 1160): play
I/lock    ( 1160): animPlay
I/lock    ( 1160): play
I/lock    ( 1160): play
I/lock    ( 1160): play
I/lock    ( 1160): animPlay
I/lock    ( 1160): play
D/dalvikvm( 1160): GC_FOR_ALLOC freed 1500K, 25% free 5549K/7360K, paused 19ms, total 20ms
I/dalvikvm-heap( 1160): Grow heap (frag case) to 6.951MB for 1536016-byte allocation
D/dalvikvm( 1160): GC_CONCURRENT freed <1K, 5% free 7048K/7360K, paused 4ms+12ms, total 42ms
I/lock    ( 1160): play
I/lock    ( 1160): play
I/lock    ( 1160): animPlay
I/lock    ( 1160): play
I/lock    ( 1160): play
I/lock    ( 1160): play
I/lock    ( 1160): animPlay
I/lock    ( 1160): play
I/lock    ( 1160): play
I/lock    ( 1160): play
I/lock    ( 1160): animPlay
I/lock    ( 1160): play
I/lock    ( 1160): play
I/lock    ( 1160): play
I/lock    ( 1160): animPlay
I/lock    ( 1160): play
D/dalvikvm( 1160): GC_FOR_ALLOC freed 1500K, 25% free 5549K/7360K, paused 18ms, total 19ms
I/dalvikvm-heap( 1160): Grow heap (frag case) to 6.951MB for 1536016-byte allocation
D/dalvikvm( 1160): GC_CONCURRENT freed <1K, 5% free 7048K/7360K, paused 13ms+2ms, total 41ms
I/lock    ( 1160): play
I/lock    ( 1160): play
I/lock    ( 1160): animPlay
I/lock    ( 1160): play
I/lock    ( 1160): play
I/lock    ( 1160): play
I/lock    ( 1160): animPlay
I/lock    ( 1160): play
I/lock    ( 1160): play
I/lock    ( 1160): play
I/lock    ( 1160): animPlay
I/lock    ( 1160): play
I/lock    ( 1160): play
I/lock    ( 1160): play
I/lock    ( 1160): animPlay
I/lock    ( 1160): play
D/dalvikvm( 1160): GC_FOR_ALLOC freed 1500K, 25% free 5549K/7360K, paused 18ms, total 19ms
I/dalvikvm-heap( 1160): Grow heap (frag case) to 6.951MB for 1536016-byte allocation
D/dalvikvm( 1160): GC_CONCURRENT freed <1K, 5% free 7048K/7360K, paused 4ms+12ms, total 41ms
I/lock    ( 1160): play
I/lock    ( 1160): play
I/lock    ( 1160): animPlay
I/lock    ( 1160): play
I/lock    ( 1160): play
I/lock    ( 1160): play
I/lock    ( 1160): animPlay
I/lock    ( 1160): play
I/lock    ( 1160): play
I/lock    ( 1160): play
I/lock    ( 1160): animPlay
I/lock    ( 1160): play
I/lock    ( 1160): play
I/lock    ( 1160): play
I/lock    ( 1160): animPlay
I/lock    ( 1160): play
D/dalvikvm( 1160): GC_FOR_ALLOC freed 1500K, 25% free 5549K/7360K, paused 21ms, total 22ms
I/dalvikvm-heap( 1160): Grow heap (frag case) to 6.951MB for 1536016-byte allocation
D/dalvikvm( 1160): GC_CONCURRENT freed <1K, 5% free 7048K/7360K, paused 4ms+2ms, total 42ms
I/lock    ( 1160): play
I/lock    ( 1160): play
I/lock    ( 1160): animPlay
I/lock    ( 1160): play
I/lock    ( 1160): play
I/lock    ( 1160): play
I/lock    ( 1160): animPlay
I/lock    ( 1160): play
I/lock    ( 1160): play
I/lock    ( 1160): play
I/lock    ( 1160): animPlay
I/lock    ( 1160): play
I/lock    ( 1160): play
I/lock    ( 1160): play
I/lock    ( 1160): animPlay
I/lock    ( 1160): play
D/dalvikvm( 1160): GC_FOR_ALLOC freed 1500K, 25% free 5549K/7360K, paused 18ms, total 19ms
I/dalvikvm-heap( 1160): Grow heap (frag case) to 6.951MB for 1536016-byte allocation
D/dalvikvm( 1160): GC_CONCURRENT freed <1K, 5% free 7048K/7360K, paused 4ms+13ms, total 43ms
I/lock    ( 1160): play
I/lock    ( 1160): play
I/lock    ( 1160): animPlay
I/lock    ( 1160): play
I/lock    ( 1160): play
I/lock    ( 1160): play
I/lock    ( 1160): animPlay
I/lock    ( 1160): play
I/lock    ( 1160): play
I/lock    ( 1160): play
I/lock    ( 1160): animPlay
I/lock    ( 1160): play
I/lock    ( 1160): play
I/lock    ( 1160): play
I/lock    ( 1160): animPlay
I/lock    ( 1160): play
D/dalvikvm( 1160): GC_FOR_ALLOC freed 1500K, 25% free 5549K/7360K, paused 22ms, total 25ms
I/dalvikvm-heap( 1160): Grow heap (frag case) to 6.951MB for 1536016-byte allocation
D/dalvikvm( 1160): GC_CONCURRENT freed <1K, 5% free 7048K/7360K, paused 4ms+2ms, total 42ms
I/lock    ( 1160): play
I/lock    ( 1160): play
I/lock    ( 1160): animPlay
I/lock    ( 1160): play
I/lock    ( 1160): play
I/lock    ( 1160): play
I/lock    ( 1160): animPlay
I/lock    ( 1160): play
I/lock    ( 1160): play
I/lock    ( 1160): play
I/lock    ( 1160): animPlay
I/lock    ( 1160): play
I/lock    ( 1160): play
I/lock    ( 1160): play
I/lock    ( 1160): animPlay
I/lock    ( 1160): play
D/dalvikvm( 1160): GC_FOR_ALLOC freed 1500K, 25% free 5549K/7360K, paused 19ms, total 20ms
I/dalvikvm-heap( 1160): Grow heap (frag case) to 6.951MB for 1536016-byte allocation
D/dalvikvm( 1160): GC_CONCURRENT freed <1K, 5% free 7048K/7360K, paused 4ms+2ms, total 42ms
I/lock    ( 1160): play
I/lock    ( 1160): play
I/lock    ( 1160): animPlay
I/lock    ( 1160): play
I/lock    ( 1160): play
I/lock    ( 1160): play
I/lock    ( 1160): animPlay
I/lock    ( 1160): play
I/lock    ( 1160): play
I/lock    ( 1160): play
I/lock    ( 1160): animPlay
I/lock    ( 1160): play
I/lock    ( 1160): play
I/lock    ( 1160): play
I/lock    ( 1160): animPlay
I/lock    ( 1160): play
D/dalvikvm( 1160): GC_FOR_ALLOC freed 1500K, 25% free 5549K/7360K, paused 19ms, total 19ms
I/dalvikvm-heap( 1160): Grow heap (frag case) to 6.951MB for 1536016-byte allocation
D/dalvikvm( 1160): GC_CONCURRENT freed <1K, 5% free 7048K/7360K, paused 14ms+2ms, total 42ms
I/lock    ( 1160): play
I/lock    ( 1160): play
I/lock    ( 1160): animPlay
I/lock    ( 1160): play
I/lock    ( 1160): play
I/lock    ( 1160): play
I/lock    ( 1160): animPlay
I/lock    ( 1160): play
I/lock    ( 1160): play
I/lock    ( 1160): play
I/lock    ( 1160): animPlay
I/lock    ( 1160): play
I/lock    ( 1160): play
I/lock    ( 1160): play
I/lock    ( 1160): animPlay
I/lock    ( 1160): play
D/dalvikvm( 1160): GC_FOR_ALLOC freed 1500K, 25% free 5549K/7360K, paused 18ms, total 19ms
I/dalvikvm-heap( 1160): Grow heap (frag case) to 6.951MB for 1536016-byte allocation
D/dalvikvm( 1160): GC_CONCURRENT freed <1K, 5% free 7048K/7360K, paused 4ms+33ms, total 86ms
I/lock    ( 1160): play
I/lock    ( 1160): play
I/lock    ( 1160): animPlay
I/lock    ( 1160): play
I/lock    ( 1160): play
I/lock    ( 1160): play
I/lock    ( 1160): animPlay
I/lock    ( 1160): play
I/lock    ( 1160): play
I/lock    ( 1160): play
I/lock    ( 1160): animPlay
I/lock    ( 1160): play
I/lock    ( 1160): play
I/lock    ( 1160): play
I/lock    ( 1160): animPlay
I/lock    ( 1160): play
D/dalvikvm( 1160): GC_FOR_ALLOC freed 1500K, 25% free 5549K/7360K, paused 19ms, total 19ms
I/dalvikvm-heap( 1160): Grow heap (frag case) to 6.951MB for 1536016-byte allocation
D/dalvikvm( 1160): GC_CONCURRENT freed <1K, 5% free 7048K/7360K, paused 4ms+2ms, total 43ms
I/lock    ( 1160): play
I/lock    ( 1160): play
I/lock    ( 1160): animPlay
I/lock    ( 1160): play
I/lock    ( 1160): play
I/lock    ( 1160): play
I/lock    ( 1160): animPlay
I/lock    ( 1160): play
I/lock    ( 1160): play
I/lock    ( 1160): play
I/lock    ( 1160): animPlay
I/lock    ( 1160): play
I/lock    ( 1160): play
I/lock    ( 1160): play
I/lock    ( 1160): animPlay
I/lock    ( 1160): play
D/dalvikvm( 1160): GC_FOR_ALLOC freed 1500K, 25% free 5549K/7360K, paused 18ms, total 19ms
I/dalvikvm-heap( 1160): Grow heap (frag case) to 6.951MB for 1536016-byte allocation
D/dalvikvm( 1160): GC_CONCURRENT freed <1K, 5% free 7048K/7360K, paused 10ms+2ms, total 39ms
I/lock    ( 1160): play
I/lock    ( 1160): play
I/lock    ( 1160): animPlay
I/lock    ( 1160): play
I/lock    ( 1160): play
I/lock    ( 1160): play
I/lock    ( 1160): animPlay
I/lock    ( 1160): play
I/lock    ( 1160): play
I/lock    ( 1160): play
I/lock    ( 1160): animPlay
I/lock    ( 1160): play
I/lock    ( 1160): play
I/lock    ( 1160): play
I/lock    ( 1160): animPlay
I/lock    ( 1160): play
D/dalvikvm( 1160): GC_FOR_ALLOC freed 1500K, 25% free 5549K/7360K, paused 49ms, total 50ms
I/dalvikvm-heap( 1160): Grow heap (frag case) to 6.951MB for 1536016-byte allocation
D/dalvikvm( 1160): GC_CONCURRENT freed <1K, 5% free 7048K/7360K, paused 4ms+2ms, total 119ms
I/lock    ( 1160): play
I/lock    ( 1160): play
D/AndroidRuntime( 1256): 
D/AndroidRuntime( 1256): >>>>>> AndroidRuntime START com.android.internal.os.RuntimeInit <<<<<<
D/AndroidRuntime( 1256): CheckJNI is ON
D/dalvikvm( 1256): Trying to load lib libjavacore.so 0x0
D/dalvikvm( 1256): Added shared lib libjavacore.so 0x0
D/dalvikvm( 1256): Trying to load lib libnativehelper.so 0x0
D/dalvikvm( 1256): Added shared lib libnativehelper.so 0x0
D/dalvikvm( 1256): No JNI_OnLoad found in libnativehelper.so 0x0, skipping init
I/lock    ( 1160): animPlay
I/lock    ( 1160): play
I/lock    ( 1160): play
I/lock    ( 1160): play
D/dalvikvm( 1256): Note: class Landroid/app/ActivityManagerNative; has 179 unimplemented (abstract) methods
E/memtrack( 1256): Couldn't load memtrack module (No such file or directory)
E/android.os.Debug( 1256): failed to load memtrack module: -2
I/lock    ( 1160): animPlay
I/lock    ( 1160): play
I/lock    ( 1160): play
I/lock    ( 1160): play
D/AndroidRuntime( 1256): Calling main entry com.android.commands.monkey.Monkey
W/BroadcastQueue(  356): Skipping deliver [background] BroadcastRecord{b305c608 u-1 android.net.conn.CONNECTIVITY_CHANGE} to ReceiverList{b352a590 1256 (unknown name)/0/u-1 remote:b31bebe8}: process crashing
I/lock    ( 1160): animPlay
I/lock    ( 1160): play
I/lock    ( 1160): play
I/lock    ( 1160): play
D/MonkeyStub( 1256): translateCommand: wake
D/MonkeyStub( 1256): translateCommand: wake
D/MonkeyStub( 1256): translateCommand: type chupachupachupachupachupachupachupachupachupachupachupachupachupachupachupachupachupachupa
I/lock    ( 1160): animPlay
I/lock    ( 1160): play
D/dalvikvm( 1160): GC_FOR_ALLOC freed 1501K, 25% free 5553K/7360K, paused 54ms, total 57ms
I/dalvikvm-heap( 1160): Grow heap (frag case) to 6.956MB for 1536016-byte allocation
D/dalvikvm( 1160): GC_FOR_ALLOC freed <1K, 5% free 7053K/7360K, paused 27ms, total 28ms
D/dalvikvm( 1160): GC_CONCURRENT freed 2K, 5% free 7054K/7360K, paused 4ms+2ms, total 234ms
I/lock    ( 1160): play
I/lock    ( 1160): play
I/lock    ( 1160): animPlay
I/lock    ( 1160): play
I/lock    ( 1160): play
I/lock    ( 1160): play
I/Choreographer(  356): Skipped 126 frames!  The application may be doing too much work on its main thread.
I/lock    ( 1160): animPlay
I/lock    ( 1160): play
I/lock    ( 1160): play
I/lock    ( 1160): play
I/lock    ( 1160): animPlay
I/lock    ( 1160): play
I/lock    ( 1160): play
I/lock    ( 1160): play
D/MonkeyStub( 1256): Quit requested
I/lock    ( 1160): animPlay
I/lock    ( 1160): play
I/AndroidRuntime( 1256): VM exiting with result code 180.
D/dalvikvm( 1160): GC_FOR_ALLOC freed 1516K, 25% free 5553K/7360K, paused 148ms, total 149ms
I/dalvikvm-heap( 1160): Grow heap (frag case) to 6.955MB for 1536016-byte allocation
D/dalvikvm( 1160): GC_CONCURRENT freed <1K, 5% free 7053K/7360K, paused 15ms+28ms, total 103ms
I/lock    ( 1160): play
I/lock    ( 1160): play
I/lock    ( 1160): animPlay
I/lock    ( 1160): play
I/lock    ( 1160): play
I/lock    ( 1160): play
I/lock    ( 1160): animPlay
I/lock    ( 1160): play
I/lock    ( 1160): play
I/lock    ( 1160): play
I/lock    ( 1160): animPlay
I/lock    ( 1160): play
I/lock    ( 1160): play
I/lock    ( 1160): play
I/lock    ( 1160): animPlay
I/lock    ( 1160): play
D/dalvikvm( 1160): GC_FOR_ALLOC freed 1500K, 25% free 5553K/7360K, paused 20ms, total 21ms
I/dalvikvm-heap( 1160): Grow heap (frag case) to 6.955MB for 1536016-byte allocation
D/dalvikvm( 1160): GC_CONCURRENT freed <1K, 5% free 7053K/7360K, paused 4ms+3ms, total 44ms
I/lock    ( 1160): play
I/lock    ( 1160): play
I/lock    ( 1160): animPlay
I/lock    ( 1160): play
I/lock    ( 1160): play
I/lock    ( 1160): play
I/lock    ( 1160): animPlay
I/lock    ( 1160): play
I/lock    ( 1160): play
I/lock    ( 1160): play
I/lock    ( 1160): animPlay
I/lock    ( 1160): play
I/lock    ( 1160): play
I/lock    ( 1160): play
I/lock    ( 1160): animPlay
I/lock    ( 1160): play
D/dalvikvm( 1160): GC_FOR_ALLOC freed 1500K, 25% free 5553K/7360K, paused 19ms, total 20ms
I/dalvikvm-heap( 1160): Grow heap (frag case) to 6.955MB for 1536016-byte allocation
D/dalvikvm( 1160): GC_CONCURRENT freed <1K, 5% free 7053K/7360K, paused 13ms+2ms, total 41ms
I/lock    ( 1160): play
I/lock    ( 1160): play
I/lock    ( 1160): animPlay
I/lock    ( 1160): play
I/lock    ( 1160): play
I/lock    ( 1160): play
I/lock    ( 1160): animPlay
I/lock    ( 1160): play
I/lock    ( 1160): play
I/lock    ( 1160): play
I/lock    ( 1160): animPlay
I/lock    ( 1160): play
I/lock    ( 1160): play
I/lock    ( 1160): play
I/lock    ( 1160): animPlay
I/lock    ( 1160): play
D/dalvikvm( 1160): GC_FOR_ALLOC freed 1500K, 25% free 5553K/7360K, paused 19ms, total 20ms
I/dalvikvm-heap( 1160): Grow heap (frag case) to 6.955MB for 1536016-byte allocation
D/dalvikvm( 1160): GC_CONCURRENT freed <1K, 5% free 7053K/7360K, paused 4ms+2ms, total 43ms
I/lock    ( 1160): play
I/lock    ( 1160): play
I/lock    ( 1160): animPlay
I/lock    ( 1160): play
I/lock    ( 1160): play
I/lock    ( 1160): play
I/lock    ( 1160): animPlay
I/lock    ( 1160): play
I/lock    ( 1160): play
I/lock    ( 1160): play
I/lock    ( 1160): animPlay
I/lock    ( 1160): play
I/lock    ( 1160): play
I/lock    ( 1160): play
I/lock    ( 1160): animPlay
I/lock    ( 1160): play
D/dalvikvm( 1160): GC_FOR_ALLOC freed 1500K, 25% free 5553K/7360K, paused 19ms, total 19ms
I/dalvikvm-heap( 1160): Grow heap (frag case) to 6.955MB for 1536016-byte allocation
D/dalvikvm( 1160): GC_FOR_ALLOC freed <1K, 5% free 7053K/7360K, paused 27ms, total 27ms
D/dalvikvm( 1160): GC_CONCURRENT freed <1K, 5% free 7053K/7360K, paused 4ms+12ms, total 43ms
I/lock    ( 1160): play
I/lock    ( 1160): play
I/lock    ( 1160): animPlay
I/lock    ( 1160): play
I/lock    ( 1160): play
I/lock    ( 1160): play
I/lock    ( 1160): animPlay
I/lock    ( 1160): play
I/lock    ( 1160): play
I/lock    ( 1160): play
I/lock    ( 1160): animPlay
I/lock    ( 1160): play
I/lock    ( 1160): play
I/lock    ( 1160): play
I/lock    ( 1160): animPlay
I/lock    ( 1160): play
D/dalvikvm( 1160): GC_FOR_ALLOC freed 1500K, 25% free 5553K/7360K, paused 18ms, total 19ms
I/dalvikvm-heap( 1160): Grow heap (frag case) to 6.955MB for 1536016-byte allocation
D/dalvikvm( 1160): GC_CONCURRENT freed <1K, 5% free 7053K/7360K, paused 14ms+2ms, total 42ms
I/lock    ( 1160): play
I/lock    ( 1160): play
I/lock    ( 1160): animPlay
I/lock    ( 1160): play
I/lock    ( 1160): play
I/lock    ( 1160): play
I/lock    ( 1160): animPlay
I/lock    ( 1160): play
I/lock    ( 1160): play
I/lock    ( 1160): play
I/lock    ( 1160): animPlay
I/lock    ( 1160): play
I/lock    ( 1160): play
I/lock    ( 1160): play
I/lock    ( 1160): animPlay
I/lock    ( 1160): play
D/dalvikvm( 1160): GC_FOR_ALLOC freed 1500K, 25% free 5553K/7360K, paused 19ms, total 20ms
I/dalvikvm-heap( 1160): Grow heap (frag case) to 6.955MB for 1536016-byte allocation
D/dalvikvm( 1160): GC_CONCURRENT freed <1K, 5% free 7053K/7360K, paused 2ms+2ms, total 45ms
I/lock    ( 1160): play
I/lock    ( 1160): play
I/lock    ( 1160): animPlay
I/lock    ( 1160): play
I/lock    ( 1160): play
I/lock    ( 1160): play
I/lock    ( 1160): animPlay
I/lock    ( 1160): play
I/lock    ( 1160): play
I/lock    ( 1160): play
I/lock    ( 1160): animPlay
I/lock    ( 1160): play
I/lock    ( 1160): play
I/lock    ( 1160): play
I/lock    ( 1160): animPlay
I/lock    ( 1160): play
D/dalvikvm( 1160): GC_FOR_ALLOC freed 1500K, 25% free 5553K/7360K, paused 19ms, total 20ms
I/dalvikvm-heap( 1160): Grow heap (frag case) to 6.955MB for 1536016-byte allocation
D/dalvikvm( 1160): GC_CONCURRENT freed <1K, 5% free 7053K/7360K, paused 4ms+12ms, total 42ms
I/lock    ( 1160): play
I/lock    ( 1160): play
I/lock    ( 1160): animPlay
I/lock    ( 1160): play
I/lock    ( 1160): play
I/lock    ( 1160): play
I/lock    ( 1160): animPlay
I/lock    ( 1160): play
I/lock    ( 1160): play
I/lock    ( 1160): play
I/lock    ( 1160): animPlay
I/lock    ( 1160): play
I/lock    ( 1160): play
I/lock    ( 1160): play
I/lock    ( 1160): animPlay
I/lock    ( 1160): play
D/dalvikvm( 1160): GC_FOR_ALLOC freed 1500K, 25% free 5553K/7360K, paused 19ms, total 19ms
I/dalvikvm-heap( 1160): Grow heap (frag case) to 6.955MB for 1536016-byte allocation
D/dalvikvm( 1160): GC_CONCURRENT freed <1K, 5% free 7053K/7360K, paused 4ms+2ms, total 41ms
I/lock    ( 1160): play
I/lock    ( 1160): play
I/lock    ( 1160): animPlay
I/lock    ( 1160): play
I/lock    ( 1160): play
I/lock    ( 1160): play
I/lock    ( 1160): animPlay
I/lock    ( 1160): play
I/lock    ( 1160): play
I/lock    ( 1160): play
I/lock    ( 1160): animPlay
I/lock    ( 1160): play
I/lock    ( 1160): play
I/lock    ( 1160): play
I/lock    ( 1160): animPlay
I/lock    ( 1160): play
D/dalvikvm( 1160): GC_FOR_ALLOC freed 1500K, 25% free 5553K/7360K, paused 19ms, total 19ms
I/dalvikvm-heap( 1160): Grow heap (frag case) to 6.955MB for 1536016-byte allocation
D/dalvikvm( 1160): GC_CONCURRENT freed <1K, 5% free 7053K/7360K, paused 4ms+2ms, total 42ms
I/lock    ( 1160): play
I/lock    ( 1160): play
I/lock    ( 1160): animPlay
I/lock    ( 1160): play
I/lock    ( 1160): play
I/lock    ( 1160): play
I/lock    ( 1160): animPlay
I/lock    ( 1160): play
I/lock    ( 1160): play
I/lock    ( 1160): play
I/lock    ( 1160): animPlay
I/lock    ( 1160): play
I/lock    ( 1160): play
I/lock    ( 1160): play
I/lock    ( 1160): animPlay
I/lock    ( 1160): play
D/dalvikvm( 1160): GC_FOR_ALLOC freed 1500K, 25% free 5553K/7360K, paused 18ms, total 19ms
I/dalvikvm-heap( 1160): Grow heap (frag case) to 6.955MB for 1536016-byte allocation
D/dalvikvm( 1160): GC_CONCURRENT freed <1K, 5% free 7053K/7360K, paused 4ms+21ms, total 51ms
I/lock    ( 1160): play
I/lock    ( 1160): play
I/lock    ( 1160): animPlay
I/lock    ( 1160): play
I/lock    ( 1160): play
I/lock    ( 1160): play
I/lock    ( 1160): animPlay
I/lock    ( 1160): play
I/lock    ( 1160): play
I/lock    ( 1160): play
I/lock    ( 1160): animPlay
I/lock    ( 1160): play
I/lock    ( 1160): play
I/lock    ( 1160): play
I/lock    ( 1160): animPlay
I/lock    ( 1160): play
D/dalvikvm( 1160): GC_FOR_ALLOC freed 1500K, 25% free 5553K/7360K, paused 19ms, total 20ms
I/dalvikvm-heap( 1160): Grow heap (frag case) to 6.955MB for 1536016-byte allocation
D/dalvikvm( 1160): GC_FOR_ALLOC freed <1K, 5% free 7053K/7360K, paused 24ms, total 24ms
D/dalvikvm( 1160): GC_CONCURRENT freed <1K, 5% free 7053K/7360K, paused 4ms+2ms, total 41ms
I/lock    ( 1160): play
I/lock    ( 1160): play
I/lock    ( 1160): animPlay
I/lock    ( 1160): play
I/lock    ( 1160): play
I/lock    ( 1160): play
I/lock    ( 1160): animPlay
I/lock    ( 1160): play
I/lock    ( 1160): play
I/lock    ( 1160): play
I/lock    ( 1160): animPlay
I/lock    ( 1160): play
I/lock    ( 1160): play
I/lock    ( 1160): play
I/lock    ( 1160): animPlay
I/lock    ( 1160): play
D/dalvikvm( 1160): GC_FOR_ALLOC freed 1500K, 25% free 5553K/7360K, paused 18ms, total 19ms
I/dalvikvm-heap( 1160): Grow heap (frag case) to 6.955MB for 1536016-byte allocation
D/dalvikvm( 1160): GC_CONCURRENT freed <1K, 5% free 7053K/7360K, paused 4ms+2ms, total 31ms
I/lock    ( 1160): play
I/lock    ( 1160): play
I/lock    ( 1160): animPlay
I/lock    ( 1160): play
I/lock    ( 1160): play
I/lock    ( 1160): play
I/lock    ( 1160): animPlay
I/lock    ( 1160): play
I/lock    ( 1160): play
I/lock    ( 1160): play
I/lock    ( 1160): animPlay
I/lock    ( 1160): play
I/lock    ( 1160): play
I/lock    ( 1160): play
I/lock    ( 1160): animPlay
I/lock    ( 1160): play
D/dalvikvm( 1160): GC_FOR_ALLOC freed 1500K, 25% free 5553K/7360K, paused 20ms, total 21ms
I/dalvikvm-heap( 1160): Grow heap (frag case) to 6.955MB for 1536016-byte allocation
D/dalvikvm( 1160): GC_CONCURRENT freed <1K, 5% free 7053K/7360K, paused 4ms+2ms, total 42ms
I/lock    ( 1160): play
I/lock    ( 1160): play
I/lock    ( 1160): animPlay
I/lock    ( 1160): play
I/lock    ( 1160): play
I/lock    ( 1160): play
I/lock    ( 1160): animPlay
I/lock    ( 1160): play
I/lock    ( 1160): play
I/lock    ( 1160): play
I/lock    ( 1160): animPlay
I/lock    ( 1160): play
I/lock    ( 1160): play
I/lock    ( 1160): play
I/lock    ( 1160): animPlay
I/lock    ( 1160): play
D/dalvikvm( 1160): GC_FOR_ALLOC freed 1500K, 25% free 5553K/7360K, paused 19ms, total 20ms
I/dalvikvm-heap( 1160): Grow heap (frag case) to 6.955MB for 1536016-byte allocation
D/dalvikvm( 1160): GC_CONCURRENT freed <1K, 5% free 7053K/7360K, paused 4ms+2ms, total 43ms
I/lock    ( 1160): play
I/lock    ( 1160): play
I/lock    ( 1160): animPlay
I/lock    ( 1160): play
I/lock    ( 1160): play
I/lock    ( 1160): play
I/lock    ( 1160): animPlay
I/lock    ( 1160): play
I/lock    ( 1160): play
I/lock    ( 1160): play
I/lock    ( 1160): animPlay
I/lock    ( 1160): play
I/lock    ( 1160): play
I/lock    ( 1160): play
I/lock    ( 1160): animPlay
I/lock    ( 1160): play
D/dalvikvm( 1160): GC_FOR_ALLOC freed 1500K, 25% free 5553K/7360K, paused 18ms, total 19ms
I/dalvikvm-heap( 1160): Grow heap (frag case) to 6.955MB for 1536016-byte allocation
D/dalvikvm( 1160): GC_CONCURRENT freed <1K, 5% free 7053K/7360K, paused 4ms+2ms, total 43ms
I/lock    ( 1160): play
I/lock    ( 1160): play
I/lock    ( 1160): animPlay
I/lock    ( 1160): play
I/lock    ( 1160): play
I/lock    ( 1160): play
I/lock    ( 1160): animPlay
I/lock    ( 1160): play
I/lock    ( 1160): play
I/lock    ( 1160): play
I/lock    ( 1160): animPlay
I/lock    ( 1160): play
I/lock    ( 1160): play
I/lock    ( 1160): play
I/lock    ( 1160): animPlay
I/lock    ( 1160): play
D/dalvikvm( 1160): GC_FOR_ALLOC freed 1500K, 25% free 5553K/7360K, paused 18ms, total 19ms
I/dalvikvm-heap( 1160): Grow heap (frag case) to 6.955MB for 1536016-byte allocation
D/dalvikvm( 1160): GC_CONCURRENT freed <1K, 5% free 7053K/7360K, paused 5ms+13ms, total 44ms
I/lock    ( 1160): play
I/lock    ( 1160): play
I/lock    ( 1160): animPlay
I/lock    ( 1160): play
I/lock    ( 1160): play
I/lock    ( 1160): play
I/lock    ( 1160): animPlay
I/lock    ( 1160): play
I/lock    ( 1160): play
I/lock    ( 1160): play
I/lock    ( 1160): animPlay
I/lock    ( 1160): play
I/lock    ( 1160): play
I/lock    ( 1160): play
I/lock    ( 1160): animPlay
I/lock    ( 1160): play
D/dalvikvm( 1160): GC_FOR_ALLOC freed 1500K, 25% free 5553K/7360K, paused 18ms, total 19ms
I/dalvikvm-heap( 1160): Grow heap (frag case) to 6.955MB for 1536016-byte allocation
D/dalvikvm( 1160): GC_CONCURRENT freed <1K, 5% free 7053K/7360K, paused 4ms+2ms, total 44ms
I/lock    ( 1160): play
I/lock    ( 1160): play
I/lock    ( 1160): animPlay
I/lock    ( 1160): play
I/lock    ( 1160): play
I/lock    ( 1160): play
I/lock    ( 1160): animPlay
I/lock    ( 1160): play
I/lock    ( 1160): play
I/lock    ( 1160): play
I/lock    ( 1160): animPlay
I/lock    ( 1160): play
I/lock    ( 1160): play
I/lock    ( 1160): play
I/lock    ( 1160): animPlay
I/lock    ( 1160): play
D/dalvikvm( 1160): GC_FOR_ALLOC freed 1500K, 25% free 5553K/7360K, paused 19ms, total 19ms
I/dalvikvm-heap( 1160): Grow heap (frag case) to 6.955MB for 1536016-byte allocation
D/dalvikvm( 1160): GC_CONCURRENT freed <1K, 5% free 7053K/7360K, paused 13ms+2ms, total 42ms
I/lock    ( 1160): play
I/lock    ( 1160): play
I/lock    ( 1160): animPlay
I/lock    ( 1160): play
I/lock    ( 1160): play
I/lock    ( 1160): play
I/lock    ( 1160): animPlay
I/lock    ( 1160): play
I/lock    ( 1160): play
I/lock    ( 1160): play
I/lock    ( 1160): animPlay
I/lock    ( 1160): play
I/lock    ( 1160): play
I/lock    ( 1160): play
I/lock    ( 1160): animPlay
I/lock    ( 1160): play
D/dalvikvm( 1160): GC_FOR_ALLOC freed 1500K, 25% free 5553K/7360K, paused 18ms, total 19ms
I/dalvikvm-heap( 1160): Grow heap (frag case) to 6.955MB for 1536016-byte allocation
D/dalvikvm( 1160): GC_CONCURRENT freed <1K, 5% free 7053K/7360K, paused 4ms+2ms, total 31ms
I/lock    ( 1160): play
I/lock    ( 1160): play
I/lock    ( 1160): animPlay
I/lock    ( 1160): play
I/lock    ( 1160): play
I/lock    ( 1160): play
I/lock    ( 1160): animPlay
I/lock    ( 1160): play
I/lock    ( 1160): play
I/lock    ( 1160): play
I/lock    ( 1160): animPlay
I/lock    ( 1160): play
I/lock    ( 1160): play
I/lock    ( 1160): play
I/lock    ( 1160): animPlay
I/lock    ( 1160): play
D/dalvikvm( 1160): GC_FOR_ALLOC freed 1500K, 25% free 5553K/7360K, paused 18ms, total 19ms
I/dalvikvm-heap( 1160): Grow heap (frag case) to 6.955MB for 1536016-byte allocation
D/dalvikvm( 1160): GC_CONCURRENT freed <1K, 5% free 7053K/7360K, paused 4ms+3ms, total 44ms
I/lock    ( 1160): play
I/lock    ( 1160): play
I/lock    ( 1160): animPlay
I/lock    ( 1160): play
I/lock    ( 1160): play
I/lock    ( 1160): play
I/lock    ( 1160): animPlay
I/lock    ( 1160): play
I/lock    ( 1160): play
I/lock    ( 1160): play
I/lock    ( 1160): animPlay
I/lock    ( 1160): play
I/lock    ( 1160): play
I/lock    ( 1160): play
I/lock    ( 1160): animPlay
I/lock    ( 1160): play
D/dalvikvm( 1160): GC_FOR_ALLOC freed 1500K, 25% free 5553K/7360K, paused 18ms, total 19ms
I/dalvikvm-heap( 1160): Grow heap (frag case) to 6.955MB for 1536016-byte allocation
D/dalvikvm( 1160): GC_CONCURRENT freed <1K, 5% free 7053K/7360K, paused 4ms+2ms, total 43ms
I/lock    ( 1160): play
I/lock    ( 1160): play
I/lock    ( 1160): animPlay
I/lock    ( 1160): play
I/lock    ( 1160): play
I/lock    ( 1160): play
I/lock    ( 1160): animPlay
I/lock    ( 1160): play
I/lock    ( 1160): play
I/lock    ( 1160): play
I/lock    ( 1160): animPlay
I/lock    ( 1160): play
I/lock    ( 1160): play
I/lock    ( 1160): play
I/lock    ( 1160): animPlay
I/lock    ( 1160): play
D/dalvikvm( 1160): GC_FOR_ALLOC freed 1500K, 25% free 5553K/7360K, paused 19ms, total 20ms
I/dalvikvm-heap( 1160): Grow heap (frag case) to 6.955MB for 1536016-byte allocation
D/dalvikvm( 1160): GC_CONCURRENT freed <1K, 5% free 7053K/7360K, paused 4ms+2ms, total 44ms
I/lock    ( 1160): play
I/lock    ( 1160): play
I/lock    ( 1160): animPlay
I/lock    ( 1160): play
I/lock    ( 1160): play
I/lock    ( 1160): play
I/lock    ( 1160): animPlay
I/lock    ( 1160): play
I/lock    ( 1160): play
I/lock    ( 1160): play
I/lock    ( 1160): animPlay
I/lock    ( 1160): play
I/lock    ( 1160): play
I/lock    ( 1160): play
I/lock    ( 1160): animPlay
I/lock    ( 1160): play
D/dalvikvm( 1160): GC_FOR_ALLOC freed 1500K, 25% free 5553K/7360K, paused 20ms, total 20ms
I/dalvikvm-heap( 1160): Grow heap (frag case) to 6.955MB for 1536016-byte allocation
D/dalvikvm( 1160): GC_CONCURRENT freed <1K, 5% free 7053K/7360K, paused 4ms+2ms, total 43ms
I/lock    ( 1160): play
I/lock    ( 1160): play
I/lock    ( 1160): animPlay
I/lock    ( 1160): play
I/lock    ( 1160): play
I/lock    ( 1160): play
I/lock    ( 1160): animPlay
I/lock    ( 1160): play
I/lock    ( 1160): play
I/lock    ( 1160): play
I/lock    ( 1160): animPlay
I/lock    ( 1160): play
I/lock    ( 1160): play
I/lock    ( 1160): play
I/lock    ( 1160): animPlay
I/lock    ( 1160): play
D/dalvikvm( 1160): GC_FOR_ALLOC freed 1500K, 25% free 5553K/7360K, paused 19ms, total 20ms
I/dalvikvm-heap( 1160): Grow heap (frag case) to 6.955MB for 1536016-byte allocation
D/dalvikvm( 1160): GC_CONCURRENT freed <1K, 5% free 7053K/7360K, paused 4ms+2ms, total 43ms
I/lock    ( 1160): play
I/lock    ( 1160): play
I/lock    ( 1160): animPlay
I/lock    ( 1160): play
I/lock    ( 1160): play
I/lock    ( 1160): play
I/lock    ( 1160): animPlay
I/lock    ( 1160): play
I/lock    ( 1160): play
I/lock    ( 1160): play
I/lock    ( 1160): animPlay
I/lock    ( 1160): play
I/lock    ( 1160): play
I/lock    ( 1160): play
I/lock    ( 1160): animPlay
I/lock    ( 1160): play
D/dalvikvm( 1160): GC_FOR_ALLOC freed 1500K, 25% free 5553K/7360K, paused 18ms, total 19ms
I/dalvikvm-heap( 1160): Grow heap (frag case) to 6.955MB for 1536016-byte allocation
D/dalvikvm( 1160): GC_CONCURRENT freed <1K, 5% free 7053K/7360K, paused 4ms+2ms, total 42ms
I/lock    ( 1160): play
I/lock    ( 1160): play
I/lock    ( 1160): animPlay
I/lock    ( 1160): play
I/lock    ( 1160): play
I/lock    ( 1160): play
I/lock    ( 1160): animPlay
I/lock    ( 1160): play
I/lock    ( 1160): play
I/lock    ( 1160): play
I/lock    ( 1160): animPlay
I/lock    ( 1160): play
I/lock    ( 1160): play
I/lock    ( 1160): play
I/lock    ( 1160): animPlay
I/lock    ( 1160): play
D/dalvikvm( 1160): GC_FOR_ALLOC freed 1500K, 25% free 5553K/7360K, paused 19ms, total 20ms
I/dalvikvm-heap( 1160): Grow heap (frag case) to 6.955MB for 1536016-byte allocation
D/dalvikvm( 1160): GC_CONCURRENT freed <1K, 5% free 7053K/7360K, paused 4ms+2ms, total 42ms
I/lock    ( 1160): play
I/lock    ( 1160): play
I/lock    ( 1160): animPlay
I/lock    ( 1160): play
I/lock    ( 1160): play
I/lock    ( 1160): play
I/lock    ( 1160): animPlay
I/lock    ( 1160): play
I/lock    ( 1160): play
I/lock    ( 1160): play
I/lock    ( 1160): animPlay
I/lock    ( 1160): play
I/lock    ( 1160): play
I/lock    ( 1160): play
I/lock    ( 1160): animPlay
I/lock    ( 1160): play
D/dalvikvm( 1160): GC_FOR_ALLOC freed 1500K, 25% free 5553K/7360K, paused 18ms, total 19ms
I/dalvikvm-heap( 1160): Grow heap (frag case) to 6.955MB for 1536016-byte allocation
D/dalvikvm( 1160): GC_CONCURRENT freed <1K, 5% free 7053K/7360K, paused 4ms+2ms, total 41ms
I/lock    ( 1160): play
I/lock    ( 1160): play
I/lock    ( 1160): animPlay
I/lock    ( 1160): play
I/lock    ( 1160): play
I/lock    ( 1160): play
I/lock    ( 1160): animPlay
I/lock    ( 1160): play
I/lock    ( 1160): play
I/lock    ( 1160): play
I/lock    ( 1160): animPlay
I/lock    ( 1160): play
I/lock    ( 1160): play
I/lock    ( 1160): play
I/lock    ( 1160): animPlay
I/lock    ( 1160): play
D/dalvikvm( 1160): GC_FOR_ALLOC freed 1500K, 25% free 5553K/7360K, paused 20ms, total 21ms
I/dalvikvm-heap( 1160): Grow heap (frag case) to 6.955MB for 1536016-byte allocation
D/dalvikvm( 1160): GC_CONCURRENT freed <1K, 5% free 7053K/7360K, paused 4ms+2ms, total 42ms
I/lock    ( 1160): play
I/lock    ( 1160): play
I/lock    ( 1160): animPlay
I/lock    ( 1160): play
I/lock    ( 1160): play
I/lock    ( 1160): play
I/lock    ( 1160): animPlay
I/lock    ( 1160): play
I/lock    ( 1160): play
I/lock    ( 1160): play
I/lock    ( 1160): animPlay
I/lock    ( 1160): play
I/lock    ( 1160): play
I/lock    ( 1160): play
I/lock    ( 1160): animPlay
I/lock    ( 1160): play
D/dalvikvm( 1160): GC_FOR_ALLOC freed 1500K, 25% free 5553K/7360K, paused 19ms, total 20ms
I/dalvikvm-heap( 1160): Grow heap (frag case) to 6.955MB for 1536016-byte allocation
D/dalvikvm( 1160): GC_CONCURRENT freed <1K, 5% free 7053K/7360K, paused 4ms+2ms, total 44ms
I/lock    ( 1160): play
I/lock    ( 1160): play
I/lock    ( 1160): animPlay
I/lock    ( 1160): play
I/lock    ( 1160): play
I/lock    ( 1160): play
I/lock    ( 1160): animPlay
I/lock    ( 1160): play
I/lock    ( 1160): play
I/lock    ( 1160): play
I/lock    ( 1160): animPlay
I/lock    ( 1160): play
I/lock    ( 1160): play
I/lock    ( 1160): play
I/lock    ( 1160): animPlay
I/lock    ( 1160): play
D/dalvikvm( 1160): GC_FOR_ALLOC freed 1500K, 25% free 5553K/7360K, paused 19ms, total 20ms
I/dalvikvm-heap( 1160): Grow heap (frag case) to 6.955MB for 1536016-byte allocation
D/dalvikvm( 1160): GC_FOR_ALLOC freed <1K, 5% free 7053K/7360K, paused 25ms, total 25ms
D/dalvikvm( 1160): GC_CONCURRENT freed <1K, 5% free 7053K/7360K, paused 4ms+1ms, total 41ms
I/lock    ( 1160): play
I/lock    ( 1160): play
I/lock    ( 1160): animPlay
I/lock    ( 1160): play
I/lock    ( 1160): play
I/lock    ( 1160): play
I/lock    ( 1160): animPlay
I/lock    ( 1160): play
I/lock    ( 1160): play
I/lock    ( 1160): play
I/lock    ( 1160): animPlay
I/lock    ( 1160): play
I/lock    ( 1160): play
I/lock    ( 1160): play
I/lock    ( 1160): animPlay
I/lock    ( 1160): play
D/dalvikvm( 1160): GC_FOR_ALLOC freed 1500K, 25% free 5553K/7360K, paused 18ms, total 19ms
I/dalvikvm-heap( 1160): Grow heap (frag case) to 6.955MB for 1536016-byte allocation
D/dalvikvm( 1160): GC_CONCURRENT freed <1K, 5% free 7053K/7360K, paused 4ms+2ms, total 43ms
I/lock    ( 1160): play
I/lock    ( 1160): play
I/lock    ( 1160): animPlay
I/lock    ( 1160): play
I/lock    ( 1160): play
I/lock    ( 1160): play
I/lock    ( 1160): animPlay
I/lock    ( 1160): play
I/lock    ( 1160): play
I/lock    ( 1160): play
I/lock    ( 1160): animPlay
I/lock    ( 1160): play
I/lock    ( 1160): play
I/lock    ( 1160): play
I/lock    ( 1160): animPlay
I/lock    ( 1160): play
D/dalvikvm( 1160): GC_FOR_ALLOC freed 1500K, 25% free 5553K/7360K, paused 21ms, total 22ms
I/dalvikvm-heap( 1160): Grow heap (frag case) to 6.955MB for 1536016-byte allocation
D/dalvikvm( 1160): GC_CONCURRENT freed <1K, 5% free 7053K/7360K, paused 4ms+12ms, total 44ms
I/lock    ( 1160): play
I/lock    ( 1160): play
I/lock    ( 1160): animPlay
I/lock    ( 1160): play
I/lock    ( 1160): play
I/lock    ( 1160): play
I/lock    ( 1160): animPlay
I/lock    ( 1160): play
I/lock    ( 1160): play
I/lock    ( 1160): play
I/lock    ( 1160): animPlay
I/lock    ( 1160): play
I/lock    ( 1160): play
I/lock    ( 1160): play
I/lock    ( 1160): animPlay
I/lock    ( 1160): play
D/dalvikvm( 1160): GC_FOR_ALLOC freed 1500K, 25% free 5553K/7360K, paused 19ms, total 20ms
I/dalvikvm-heap( 1160): Grow heap (frag case) to 6.955MB for 1536016-byte allocation
D/dalvikvm( 1160): GC_CONCURRENT freed <1K, 5% free 7053K/7360K, paused 4ms+2ms, total 43ms
I/lock    ( 1160): play
I/lock    ( 1160): play
I/lock    ( 1160): animPlay
I/lock    ( 1160): play
I/lock    ( 1160): play
I/lock    ( 1160): play
I/lock    ( 1160): animPlay
I/lock    ( 1160): play
I/lock    ( 1160): play
I/lock    ( 1160): play
I/lock    ( 1160): animPlay
I/lock    ( 1160): play
I/lock    ( 1160): play
I/lock    ( 1160): play
I/lock    ( 1160): animPlay
I/lock    ( 1160): play
D/dalvikvm( 1160): GC_FOR_ALLOC freed 1500K, 25% free 5553K/7360K, paused 20ms, total 21ms
I/dalvikvm-heap( 1160): Grow heap (frag case) to 6.955MB for 1536016-byte allocation
D/dalvikvm( 1160): GC_FOR_ALLOC freed <1K, 5% free 7053K/7360K, paused 25ms, total 25ms
D/dalvikvm( 1160): GC_CONCURRENT freed <1K, 5% free 7053K/7360K, paused 4ms+12ms, total 43ms
I/lock    ( 1160): play
I/lock    ( 1160): play
I/lock    ( 1160): animPlay
I/lock    ( 1160): play
I/lock    ( 1160): play
I/lock    ( 1160): play
I/lock    ( 1160): animPlay
I/lock    ( 1160): play
I/lock    ( 1160): play
I/lock    ( 1160): play
I/lock    ( 1160): animPlay
I/lock    ( 1160): play
