D/MobileDataStateTracker(  366): fota: Received state=DISCONNECTED, old=DISCONNECTED, reason=radioTurnedOff
D/MobileDataStateTracker(  366): ia: Broadcast received: android.intent.action.ANY_DATA_STATE apnType=ia
D/MobileDataStateTracker(  366): ia: Received state=DISCONNECTED, old=DISCONNECTED, reason=radioTurnedOff
D/MobileDataStateTracker(  366): supl: Broadcast received: android.intent.action.ANY_DATA_STATE apnType=supl
D/MobileDataStateTracker(  366): supl: Received state=DISCONNECTED, old=DISCONNECTED, reason=radioTurnedOff
D/MobileDataStateTracker(  366): hipri: Broadcast received: android.intent.action.ANY_DATA_STATE apnType=hipri
D/MobileDataStateTracker(  366): hipri: Received state=DISCONNECTED, old=DISCONNECTED, reason=radioTurnedOff
I/LatinIME:LogUtils(  596): Dictionary info: dictionary = main:en ; version = 42 ; date = 1381226429
I/LatinIME:LogUtils(  596): Dictionary info: dictionary = main:en ; version = 42 ; date = 1381226429
D/MobileDataStateTracker(  366): ims: Broadcast received: android.intent.action.ANY_DATA_STATE apnType=ims
D/MobileDataStateTracker(  366): ims: Received state=DISCONNECTED, old=DISCONNECTED, reason=radioTurnedOff
D/MobileDataStateTracker(  366): default: Broadcast received: android.intent.action.ANY_DATA_STATE apnType=default
D/MobileDataStateTracker(  366): default: Received state=DISCONNECTED, old=DISCONNECTED, reason=radioTurnedOff
D/MobileDataStateTracker(  366): mms: Broadcast received: android.intent.action.ANY_DATA_STATE apnType=mms
D/MobileDataStateTracker(  366): mms: Received state=DISCONNECTED, old=DISCONNECTED, reason=radioTurnedOff
D/MobileDataStateTracker(  366): cbs: Broadcast received: android.intent.action.ANY_DATA_STATE apnType=cbs
D/MobileDataStateTracker(  366): cbs: Received state=DISCONNECTED, old=DISCONNECTED, reason=radioTurnedOff
D/MobileDataStateTracker(  366): fota: Broadcast received: android.intent.action.ANY_DATA_STATE apnType=fota
D/MobileDataStateTracker(  366): fota: Received state=DISCONNECTED, old=DISCONNECTED, reason=radioTurnedOff
D/MobileDataStateTracker(  366): ia: Broadcast received: android.intent.action.ANY_DATA_STATE apnType=ia
D/MobileDataStateTracker(  366): ia: Received state=DISCONNECTED, old=DISCONNECTED, reason=radioTurnedOff
D/MobileDataStateTracker(  366): supl: Broadcast received: android.intent.action.ANY_DATA_STATE apnType=supl
D/MobileDataStateTracker(  366): supl: Received state=DISCONNECTED, old=DISCONNECTED, reason=radioTurnedOff
D/MobileDataStateTracker(  366): hipri: Broadcast received: android.intent.action.ANY_DATA_STATE apnType=hipri
D/MobileDataStateTracker(  366): hipri: Received state=DISCONNECTED, old=DISCONNECTED, reason=radioTurnedOff
D/MobileDataStateTracker(  366): ims: Broadcast received: android.intent.action.ANY_DATA_STATE apnType=ims
D/MobileDataStateTracker(  366): ims: Received state=DISCONNECTED, old=DISCONNECTED, reason=radioTurnedOff
D/MobileDataStateTracker(  366): default: Broadcast received: android.intent.action.ANY_DATA_STATE apnType=default
D/MobileDataStateTracker(  366): default: Received state=DISCONNECTED, old=DISCONNECTED, reason=radioTurnedOff
D/MobileDataStateTracker(  366): mms: Broadcast received: android.intent.action.ANY_DATA_STATE apnType=mms
D/MobileDataStateTracker(  366): mms: Received state=DISCONNECTED, old=DISCONNECTED, reason=radioTurnedOff
D/MobileDataStateTracker(  366): cbs: Broadcast received: android.intent.action.ANY_DATA_STATE apnType=cbs
D/MobileDataStateTracker(  366): cbs: Received state=DISCONNECTED, old=DISCONNECTED, reason=radioTurnedOff
D/MobileDataStateTracker(  366): fota: Broadcast received: android.intent.action.ANY_DATA_STATE apnType=fota
D/MobileDataStateTracker(  366): fota: Received state=DISCONNECTED, old=DISCONNECTED, reason=dataDetached
D/MobileDataStateTracker(  366): ia: Broadcast received: android.intent.action.ANY_DATA_STATE apnType=ia
D/MobileDataStateTracker(  366): ia: Received state=DISCONNECTED, old=DISCONNECTED, reason=dataDetached
D/MobileDataStateTracker(  366): supl: Broadcast received: android.intent.action.ANY_DATA_STATE apnType=supl
D/MobileDataStateTracker(  366): supl: Received state=DISCONNECTED, old=DISCONNECTED, reason=dataDetached
D/MobileDataStateTracker(  366): hipri: Broadcast received: android.intent.action.ANY_DATA_STATE apnType=hipri
D/MobileDataStateTracker(  366): hipri: Received state=DISCONNECTED, old=DISCONNECTED, reason=dataDetached
D/MobileDataStateTracker(  366): ims: Broadcast received: android.intent.action.ANY_DATA_STATE apnType=ims
D/MobileDataStateTracker(  366): ims: Received state=DISCONNECTED, old=DISCONNECTED, reason=dataDetached
D/MobileDataStateTracker(  366): default: Broadcast received: android.intent.action.ANY_DATA_STATE apnType=default
D/MobileDataStateTracker(  366): default: Received state=DISCONNECTED, old=DISCONNECTED, reason=dataDetached
D/MobileDataStateTracker(  366): mms: Broadcast received: android.intent.action.ANY_DATA_STATE apnType=mms
D/MobileDataStateTracker(  366): mms: Received state=DISCONNECTED, old=DISCONNECTED, reason=dataDetached
D/MobileDataStateTracker(  366): cbs: Broadcast received: android.intent.action.ANY_DATA_STATE apnType=cbs
D/MobileDataStateTracker(  366): cbs: Received state=DISCONNECTED, old=DISCONNECTED, reason=dataDetached
I/LatinIME:LogUtils(  596): Dictionary info: dictionary = main:en ; version = 42 ; date = 1381226429
D/MobileDataStateTracker(  366): fota: Broadcast received: android.intent.action.ANY_DATA_STATE apnType=fota
D/MobileDataStateTracker(  366): fota: Received state=DISCONNECTED, old=DISCONNECTED, reason=roamingOff
D/MobileDataStateTracker(  366): ia: Broadcast received: android.intent.action.ANY_DATA_STATE apnType=ia
D/MobileDataStateTracker(  366): ia: Received state=DISCONNECTED, old=DISCONNECTED, reason=roamingOff
D/MobileDataStateTracker(  366): supl: Broadcast received: android.intent.action.ANY_DATA_STATE apnType=supl
D/dalvikvm(  611): GC_CONCURRENT freed 264K, 11% free 3053K/3412K, paused 4ms+52ms, total 284ms
D/MobileDataStateTracker(  366): supl: Received state=DISCONNECTED, old=DISCONNECTED, reason=roamingOff
D/MobileDataStateTracker(  366): hipri: Broadcast received: android.intent.action.ANY_DATA_STATE apnType=hipri
D/MobileDataStateTracker(  366): hipri: Received state=DISCONNECTED, old=DISCONNECTED, reason=roamingOff
D/MobileDataStateTracker(  366): ims: Broadcast received: android.intent.action.ANY_DATA_STATE apnType=ims
D/MobileDataStateTracker(  366): ims: Received state=DISCONNECTED, old=DISCONNECTED, reason=roamingOff
D/MobileDataStateTracker(  366): default: Broadcast received: android.intent.action.ANY_DATA_STATE apnType=default
D/MobileDataStateTracker(  366): default: Received state=DISCONNECTED, old=DISCONNECTED, reason=roamingOff
D/MobileDataStateTracker(  366): mms: Broadcast received: android.intent.action.ANY_DATA_STATE apnType=mms
D/MobileDataStateTracker(  366): mms: Received state=DISCONNECTED, old=DISCONNECTED, reason=roamingOff
D/MobileDataStateTracker(  366): cbs: Broadcast received: android.intent.action.ANY_DATA_STATE apnType=cbs
D/MobileDataStateTracker(  366): cbs: Received state=DISCONNECTED, old=DISCONNECTED, reason=roamingOff
D/MobileDataStateTracker(  366): fota: Broadcast received: android.intent.action.ANY_DATA_STATE apnType=fota
D/MobileDataStateTracker(  366): fota: Received state=DISCONNECTED, old=DISCONNECTED, reason=roamingOff
D/MobileDataStateTracker(  366): ia: Broadcast received: android.intent.action.ANY_DATA_STATE apnType=ia
D/MobileDataStateTracker(  366): ia: Received state=DISCONNECTED, old=DISCONNECTED, reason=roamingOff
D/MobileDataStateTracker(  366): supl: Broadcast received: android.intent.action.ANY_DATA_STATE apnType=supl
I/LatinIME:LogUtils(  596): Dictionary info: dictionary = main:en ; version = 42 ; date = 1381226429
I/LatinIME:LogUtils(  596): Dictionary info: dictionary = main:en ; version = 42 ; date = 1381226429
I/LatinIME:LogUtils(  596): Dictionary info: dictionary = main:en ; version = 42 ; date = 1381226429
I/LatinIME:LogUtils(  596): Dictionary info: dictionary = main:en ; version = 42 ; date = 1381226429
D/MobileDataStateTracker(  366): supl: Received state=DISCONNECTED, old=DISCONNECTED, reason=roamingOff
D/MobileDataStateTracker(  366): hipri: Broadcast received: android.intent.action.ANY_DATA_STATE apnType=hipri
D/MobileDataStateTracker(  366): hipri: Received state=DISCONNECTED, old=DISCONNECTED, reason=roamingOff
D/MobileDataStateTracker(  366): ims: Broadcast received: android.intent.action.ANY_DATA_STATE apnType=ims
D/MobileDataStateTracker(  366): ims: Received state=DISCONNECTED, old=DISCONNECTED, reason=roamingOff
D/MobileDataStateTracker(  366): default: Broadcast received: android.intent.action.ANY_DATA_STATE apnType=default
D/MobileDataStateTracker(  366): default: Received state=DISCONNECTED, old=DISCONNECTED, reason=roamingOff
D/MobileDataStateTracker(  366): mms: Broadcast received: android.intent.action.ANY_DATA_STATE apnType=mms
D/MobileDataStateTracker(  366): mms: Received state=DISCONNECTED, old=DISCONNECTED, reason=roamingOff
D/MobileDataStateTracker(  366): cbs: Broadcast received: android.intent.action.ANY_DATA_STATE apnType=cbs
D/MobileDataStateTracker(  366): cbs: Received state=DISCONNECTED, old=DISCONNECTED, reason=roamingOff
D/TelephonyDebugService(  611): TelephonyDebugService()
I/LatinIME:LogUtils(  596): Dictionary info: dictionary = main:en ; version = 42 ; date = 1381226429
D/dalvikvm(  596): GC_CONCURRENT freed 296K, 14% free 3069K/3564K, paused 7ms+2ms, total 63ms
D/MccTable(  611): updateMccMncConfiguration: mcc=310, mnc=260
D/AlarmManagerService(  366): Kernel timezone updated to 300 minutes west of GMT
D/MccTable(  611): timezone set to America/New_York
D/MccTable(  611): getLocaleFromMcc to en_us mcc=310
D/MccTable(  611): getLocaleForLanguageCountry: got match
D/MccTable(  611): getLocaleForLanguageCountry: X locale=en_US
D/MccTable(  611): WIFI_COUNTRY_CODE set to us
I/WifiService(  366): WifiService trying to set country code to us with persist set to true
I/LatinIME:LogUtils(  596): Dictionary info: dictionary = userunigram.en_US.dict ; version = ? ; date = ?
D/dalvikvm(  611): GC_CONCURRENT freed 287K, 11% free 3159K/3540K, paused 5ms+2ms, total 156ms
D/MobileDataStateTracker(  366): fota: Broadcast received: android.intent.action.ANY_DATA_STATE apnType=fota
D/MobileDataStateTracker(  366): fota: Received state=DISCONNECTED, old=DISCONNECTED, reason=dataAttached
D/MobileDataStateTracker(  366): ia: Broadcast received: android.intent.action.ANY_DATA_STATE apnType=ia
D/MobileDataStateTracker(  366): ia: Received state=DISCONNECTED, old=DISCONNECTED, reason=dataAttached
D/MobileDataStateTracker(  366): supl: Broadcast received: android.intent.action.ANY_DATA_STATE apnType=supl
D/MobileDataStateTracker(  366): supl: Received state=DISCONNECTED, old=DISCONNECTED, reason=dataAttached
D/MobileDataStateTracker(  366): hipri: Broadcast received: android.intent.action.ANY_DATA_STATE apnType=hipri
D/MobileDataStateTracker(  366): hipri: Received state=DISCONNECTED, old=DISCONNECTED, reason=dataAttached
D/MobileDataStateTracker(  366): ims: Broadcast received: android.intent.action.ANY_DATA_STATE apnType=ims
D/MobileDataStateTracker(  366): ims: Received state=DISCONNECTED, old=DISCONNECTED, reason=dataAttached
D/MobileDataStateTracker(  366): mms: Broadcast received: android.intent.action.ANY_DATA_STATE apnType=mms
D/MobileDataStateTracker(  366): mms: Received state=DISCONNECTED, old=DISCONNECTED, reason=dataAttached
D/dalvikvm(  694): GC_CONCURRENT freed 181K, 9% free 2975K/3252K, paused 6ms+6ms, total 233ms
D/MobileDataStateTracker(  366): cbs: Broadcast received: android.intent.action.ANY_DATA_STATE apnType=cbs
D/MobileDataStateTracker(  366): cbs: Received state=DISCONNECTED, old=DISCONNECTED, reason=dataAttached
D/MobileDataStateTracker(  366): fota: Broadcast received: android.intent.action.ANY_DATA_STATE apnType=fota
D/MobileDataStateTracker(  366): fota: Received state=DISCONNECTED, old=DISCONNECTED, reason=dataAttached
D/MobileDataStateTracker(  366): ia: Broadcast received: android.intent.action.ANY_DATA_STATE apnType=ia
D/MobileDataStateTracker(  366): ia: Received state=DISCONNECTED, old=DISCONNECTED, reason=dataAttached
D/MobileDataStateTracker(  366): supl: Broadcast received: android.intent.action.ANY_DATA_STATE apnType=supl
D/MobileDataStateTracker(  366): supl: Received state=DISCONNECTED, old=DISCONNECTED, reason=dataAttached
D/MobileDataStateTracker(  366): hipri: Broadcast received: android.intent.action.ANY_DATA_STATE apnType=hipri
D/MobileDataStateTracker(  366): hipri: Received state=DISCONNECTED, old=DISCONNECTED, reason=dataAttached
D/MobileDataStateTracker(  366): ims: Broadcast received: android.intent.action.ANY_DATA_STATE apnType=ims
D/MobileDataStateTracker(  366): ims: Received state=DISCONNECTED, old=DISCONNECTED, reason=dataAttached
D/MobileDataStateTracker(  366): mms: Broadcast received: android.intent.action.ANY_DATA_STATE apnType=mms
D/MobileDataStateTracker(  366): mms: Received state=DISCONNECTED, old=DISCONNECTED, reason=dataAttached
D/MobileDataStateTracker(  366): cbs: Broadcast received: android.intent.action.ANY_DATA_STATE apnType=cbs
D/MobileDataStateTracker(  366): cbs: Received state=DISCONNECTED, old=DISCONNECTED, reason=dataAttached
D/MccTable(  611): updateMccMncConfiguration: mcc=310, mnc=260
D/MccTable(  611): getLocaleFromMcc to en_us mcc=310
D/MccTable(  611): getLocaleForLanguageCountry: got match
D/MccTable(  611): getLocaleForLanguageCountry: X locale=en_US
D/MccTable(  611): updateMccMncConfiguration updateConfig config={1.0 310mcc260mnc en_US ldltr ?swdp ?wdp ?hdp ?density ?lsize ?long ?orien ?uimode ?night ?touch ?keyb/?/? ?nav/?}
I/ActivityManager(  366): Config changes=3 {1.0 310mcc260mnc en_US ldltr sw480dp w480dp h839dp 160dpi lrg long port finger -keyb/v/h tball/v s.6}
D/PermissionCache(   58): checking android.permission.READ_FRAME_BUFFER for uid=1000 => granted (778 us)
D/gralloc (   58): Registering a buffer in the process that created it. This may cause memory ordering problems.
E/libEGL  (   58): called unimplemented OpenGL ES API
E/libEGL  (   58): called unimplemented OpenGL ES API
E/libEGL  (   58): called unimplemented OpenGL ES API
E/libEGL  (   58): called unimplemented OpenGL ES API
E/SurfaceFlinger(   58): glCheckFramebufferStatusOES error -518304238
E/SurfaceFlinger(   58): got GL_FRAMEBUFFER_COMPLETE_OES error while taking screenshot
E/libEGL  (   58): called unimplemented OpenGL ES API
E/libEGL  (   58): called unimplemented OpenGL ES API
I/ARMAssembler(   58): generated scanline__00000077:03515104_00008001_00000000 [113 ipp] (134 ins) at [0xb5a201f0:0xb5a20408] in 20000000 ns
D/PhoneStatusBar(  455): mSettingsPanelGravity = 55
D/MccTable(  611): updateMccMncConfiguration: mcc=310, mnc=260
D/MccTable(  611): getLocaleFromMcc to en_us mcc=310
D/MccTable(  611): getLocaleForLanguageCountry: skipping already persisted
D/MccTable(  611): getLocaleForLanguageCountry: X locale=null
D/MccTable(  611): updateMccMncConfiguration updateConfig config={1.0 310mcc260mnc ?locale ?layoutDir ?swdp ?wdp ?hdp ?density ?lsize ?long ?orien ?uimode ?night ?touch ?keyb/?/? ?nav/?}
D/dalvikvm(  366): GC_CONCURRENT freed 681K, 58% free 5487K/12816K, paused 13ms+4ms, total 147ms
D/dalvikvm(  366): WAIT_FOR_CONCURRENT_GC blocked 34ms
D/dalvikvm(  611): GC_CONCURRENT freed 368K, 13% free 3303K/3764K, paused 4ms+13ms, total 81ms
D/dalvikvm(  611): WAIT_FOR_CONCURRENT_GC blocked 27ms
D/dalvikvm(  366): GC_CONCURRENT freed 727K, 58% free 5460K/12816K, paused 5ms+9ms, total 137ms
D/dalvikvm(  366): WAIT_FOR_CONCURRENT_GC blocked 50ms
D/dalvikvm(  366): WAIT_FOR_CONCURRENT_GC blocked 7ms
D/dalvikvm(  611): GC_CONCURRENT freed 457K, 15% free 3287K/3836K, paused 5ms+14ms, total 70ms
D/MobileDataStateTracker(  366): fota: Broadcast received: android.intent.action.ANY_DATA_STATE apnType=fota
D/MobileDataStateTracker(  366): fota: Received state=DISCONNECTED, old=DISCONNECTED, reason=simLoaded
D/dalvikvm(  694): GC_FOR_ALLOC freed 184K, 9% free 3111K/3392K, paused 43ms, total 45ms
I/dalvikvm-heap(  694): Grow heap (frag case) to 3.739MB for 640016-byte allocation
D/MobileDataStateTracker(  366): ia: Broadcast received: android.intent.action.ANY_DATA_STATE apnType=ia
D/MobileDataStateTracker(  366): ia: Received state=DISCONNECTED, old=DISCONNECTED, reason=simLoaded
D/MobileDataStateTracker(  366): supl: Broadcast received: android.intent.action.ANY_DATA_STATE apnType=supl
D/MobileDataStateTracker(  366): supl: Received state=DISCONNECTED, old=DISCONNECTED, reason=simLoaded
D/MobileDataStateTracker(  366): hipri: Broadcast received: android.intent.action.ANY_DATA_STATE apnType=hipri
D/MobileDataStateTracker(  366): hipri: Received state=DISCONNECTED, old=DISCONNECTED, reason=simLoaded
D/MobileDataStateTracker(  366): ims: Broadcast received: android.intent.action.ANY_DATA_STATE apnType=ims
D/MobileDataStateTracker(  366): ims: Received state=DISCONNECTED, old=DISCONNECTED, reason=simLoaded
D/MobileDataStateTracker(  366): mms: Broadcast received: android.intent.action.ANY_DATA_STATE apnType=mms
D/MobileDataStateTracker(  366): mms: Received state=DISCONNECTED, old=DISCONNECTED, reason=simLoaded
D/MobileDataStateTracker(  366): cbs: Broadcast received: android.intent.action.ANY_DATA_STATE apnType=cbs
D/MobileDataStateTracker(  366): cbs: Received state=DISCONNECTED, old=DISCONNECTED, reason=simLoaded
D/dalvikvm(  694): GC_FOR_ALLOC freed 4K, 8% free 3732K/4020K, paused 144ms, total 144ms
D/dalvikvm(  694): GC_CONCURRENT freed 5K, 8% free 3727K/4020K, paused 3ms+2ms, total 49ms
D/MobileDataStateTracker(  366): default: Broadcast received: android.intent.action.ANY_DATA_STATE apnType=default
D/MobileDataStateTracker(  366): default: Received state=CONNECTING, old=DISCONNECTED, reason=simLoaded
D/MobileDataStateTracker(  366): default: setDetailed state, old =IDLE and new state=CONNECTING
D/MobileDataStateTracker(  366): fota: Broadcast received: android.intent.action.ANY_DATA_STATE apnType=fota
D/MobileDataStateTracker(  366): fota: Received state=DISCONNECTED, old=DISCONNECTED, reason=simLoaded
D/MobileDataStateTracker(  366): ia: Broadcast received: android.intent.action.ANY_DATA_STATE apnType=ia
D/MobileDataStateTracker(  366): ia: Received state=DISCONNECTED, old=DISCONNECTED, reason=simLoaded
D/MobileDataStateTracker(  366): supl: Broadcast received: android.intent.action.ANY_DATA_STATE apnType=supl
D/MobileDataStateTracker(  366): supl: Received state=DISCONNECTED, old=DISCONNECTED, reason=simLoaded
D/MobileDataStateTracker(  366): hipri: Broadcast received: android.intent.action.ANY_DATA_STATE apnType=hipri
D/MobileDataStateTracker(  366): hipri: Received state=DISCONNECTED, old=DISCONNECTED, reason=simLoaded
D/MobileDataStateTracker(  366): ims: Broadcast received: android.intent.action.ANY_DATA_STATE apnType=ims
D/MobileDataStateTracker(  366): ims: Received state=DISCONNECTED, old=DISCONNECTED, reason=simLoaded
D/MobileDataStateTracker(  366): mms: Broadcast received: android.intent.action.ANY_DATA_STATE apnType=mms
D/MobileDataStateTracker(  366): mms: Received state=DISCONNECTED, old=DISCONNECTED, reason=simLoaded
D/MobileDataStateTracker(  366): cbs: Broadcast received: android.intent.action.ANY_DATA_STATE apnType=cbs
D/MobileDataStateTracker(  366): cbs: Received state=DISCONNECTED, old=DISCONNECTED, reason=simLoaded
D/dalvikvm(  611): GC_CONCURRENT freed 423K, 15% free 3294K/3836K, paused 24ms+4ms, total 102ms
D/dalvikvm(  366): GC_CONCURRENT freed 628K, 57% free 5526K/12816K, paused 68ms+5ms, total 294ms
D/dalvikvm(  366): WAIT_FOR_CONCURRENT_GC blocked 60ms
D/MobileDataStateTracker(  366): default: Broadcast received: android.intent.action.ANY_DATA_STATE apnType=default
D/MobileDataStateTracker(  366): default: Received state=CONNECTED, old=CONNECTING, reason=connected
D/MobileDataStateTracker(  366): default: setDetailed state, old =CONNECTING and new state=CONNECTED
D/ConnectivityService(  366): ConnectivityChange for mobile: CONNECTED/CONNECTED
D/ConnectivityService(  366): ConnectivityChange checkMobileProvisioning for TYPE_MOBILE or ProvisioningNetwork
D/ConnectivityService(  366): checkMobileProvisioning: E suggestedTimeOutMs=60000
D/ConnectivityService(  366): setProvNotificationVisible: E visible=false networkType=5 extraInfo=null url=null
D/ConnectivityService(  366): checkMobileProvisioning: params={ url=http://clients3.google.com/generate_204 mTimeOutMs=60000 mCb=com.android.server.ConnectivityService$5@b319a368}
D/ConnectivityService(  366): checkMobileProvisioning: X
D/Nat464Xlat(  366): requiresClat: netType=0, hasIPv4Address=true
I/NetworkPolicy(  366): no policy for active mobile network; generating default policy
D/MobileDataStateTracker(  366): default: setPolicyDataEnable(enabled=true)
W/Resources(  694): Converting to int: TypedValue{t=0x3/d=0x12 "4" a=-1}
W/Resources(  694): Converting to int: TypedValue{t=0x3/d=0xf "1" a=-1}
W/Resources(  694): Converting to int: TypedValue{t=0x3/d=0x15 "2" a=-1}
W/Resources(  694): Converting to int: TypedValue{t=0x3/d=0x15 "2" a=-1}
W/Launcher.LauncherProvider(  694): Unable to add favorite: com.android.camera2/com.android.camera.CameraLauncher
W/Launcher.LauncherProvider(  694): android.content.pm.PackageManager$NameNotFoundException: ComponentInfo{com.android.camera2/com.android.camera.CameraLauncher}
W/Launcher.LauncherProvider(  694): 	at android.app.ApplicationPackageManager.getActivityInfo(ApplicationPackageManager.java:242)
W/Launcher.LauncherProvider(  694): 	at com.android.launcher2.LauncherProvider$DatabaseHelper.addAppShortcut(LauncherProvider.java:959)
W/Launcher.LauncherProvider(  694): 	at com.android.launcher2.LauncherProvider$DatabaseHelper.loadFavorites(LauncherProvider.java:863)
W/Launcher.LauncherProvider(  694): 	at com.android.launcher2.LauncherProvider$DatabaseHelper.access$000(LauncherProvider.java:253)
W/Launcher.LauncherProvider(  694): 	at com.android.launcher2.LauncherProvider.loadDefaultFavoritesIfNecessary(LauncherProvider.java:237)
W/Launcher.LauncherProvider(  694): 	at com.android.launcher2.LauncherModel$LoaderTask.loadWorkspace(LauncherModel.java:1278)
W/Launcher.LauncherProvider(  694): 	at com.android.launcher2.LauncherModel$LoaderTask.loadAndBindWorkspace(LauncherModel.java:1020)
W/Launcher.LauncherProvider(  694): 	at com.android.launcher2.LauncherModel$LoaderTask.run(LauncherModel.java:1126)
W/Launcher.LauncherProvider(  694): 	at android.os.Handler.handleCallback(Handler.java:733)
W/Launcher.LauncherProvider(  694): 	at android.os.Handler.dispatchMessage(Handler.java:95)
W/Launcher.LauncherProvider(  694): 	at android.os.Looper.loop(Looper.java:136)
W/Launcher.LauncherProvider(  694): 	at android.os.HandlerThread.run(HandlerThread.java:61)
W/Launcher.LauncherProvider(  694): Unable to add favorite: com.android.gallery3d/com.android.gallery3d.app.Gallery
W/Launcher.LauncherProvider(  694): android.content.pm.PackageManager$NameNotFoundException: ComponentInfo{com.android.gallery3d/com.android.gallery3d.app.Gallery}
W/Launcher.LauncherProvider(  694): 	at android.app.ApplicationPackageManager.getActivityInfo(ApplicationPackageManager.java:242)
W/Launcher.LauncherProvider(  694): 	at com.android.launcher2.LauncherProvider$DatabaseHelper.addAppShortcut(LauncherProvider.java:959)
W/Launcher.LauncherProvider(  694): 	at com.android.launcher2.LauncherProvider$DatabaseHelper.loadFavorites(LauncherProvider.java:863)
W/Launcher.LauncherProvider(  694): 	at com.android.launcher2.LauncherProvider$DatabaseHelper.access$000(LauncherProvider.java:253)
W/Launcher.LauncherProvider(  694): 	at com.android.launcher2.LauncherProvider.loadDefaultFavoritesIfNecessary(LauncherProvider.java:237)
W/Launcher.LauncherProvider(  694): 	at com.android.launcher2.LauncherModel$LoaderTask.loadWorkspace(LauncherModel.java:1278)
W/Launcher.LauncherProvider(  694): 	at com.android.launcher2.LauncherModel$LoaderTask.loadAndBindWorkspace(LauncherModel.java:1020)
W/Launcher.LauncherProvider(  694): 	at com.android.launcher2.LauncherModel$LoaderTask.run(LauncherModel.java:1126)
W/Launcher.LauncherProvider(  694): 	at android.os.Handler.handleCallback(Handler.java:733)
W/Launcher.LauncherProvider(  694): 	at android.os.Handler.dispatchMessage(Handler.java:95)
W/Launcher.LauncherProvider(  694): 	at android.os.Looper.loop(Looper.java:136)
W/Launcher.LauncherProvider(  694): 	at android.os.HandlerThread.run(HandlerThread.java:61)
I/SurfaceFlinger(   58): Boot is finished (74201 ms)
D/MobileDataStateTracker(  366): default: isProvisioningNetwork: retVal=false
D/ConnectivityService(  366): [CheckMp] isMobileOk: isDefaultProvisioning=false
D/MobileDataStateTracker(  366): hipri: isProvisioningNetwork: retVal=false
D/ConnectivityService(  366): [CheckMp] isMobileOk: isHipriProvisioning=false
D/ConnectivityService(  366): [CheckMp] isMobileOk: start hipri url=http://clients3.google.com/generate_204
I/InputReader(  366): Reconfiguring input devices.  changes=0x00000010
I/PackageManager(  366):   Action: "android.intent.action.SENDTO"
I/PackageManager(  366):   Category: "android.intent.category.DEFAULT"
I/PackageManager(  366):   Scheme: "sms"
I/PackageManager(  366): Adding preferred activity ComponentInfo{com.android.mms/com.android.mms.ui.ComposeMessageActivity} for user 0 :
W/ActivityManager(  366): Launch timeout has expired, giving up wake lock!
D/dalvikvm(  366): GC_CONCURRENT freed 579K, 56% free 5657K/12816K, paused 61ms+16ms, total 340ms
D/dalvikvm(  366): WAIT_FOR_CONCURRENT_GC blocked 89ms
D/dalvikvm(  366): WAIT_FOR_CONCURRENT_GC blocked 72ms
I/PackageManager(  366):   Action: "android.intent.action.SENDTO"
I/PackageManager(  366):   Category: "android.intent.category.DEFAULT"
I/PackageManager(  366):   Scheme: "smsto"
D/dalvikvm(  366): WAIT_FOR_CONCURRENT_GC blocked 72ms
I/PackageManager(  366): Adding preferred activity ComponentInfo{com.android.mms/com.android.mms.ui.ComposeMessageActivity} for user 0 :
I/PackageManager(  366):   Action: "android.intent.action.SENDTO"
I/PackageManager(  366):   Category: "android.intent.category.DEFAULT"
I/PackageManager(  366):   Scheme: "mms"
I/PackageManager(  366): Adding preferred activity ComponentInfo{com.android.mms/com.android.mms.ui.ComposeMessageActivity} for user 0 :
I/PackageManager(  366):   Action: "android.intent.action.SENDTO"
I/PackageManager(  366):   Category: "android.intent.category.DEFAULT"
I/PackageManager(  366): Adding preferred activity ComponentInfo{com.android.mms/com.android.mms.ui.ComposeMessageActivity} for user 0 :
I/PackageManager(  366):   Scheme: "mmsto"
E/NetdConnector(  366): NDC Command {12 bandwidth setiquota eth0 9223372036854775807} took too long (1676ms)
D/dalvikvm(  694): GC_CONCURRENT freed 301K, 10% free 3844K/4240K, paused 13ms+69ms, total 148ms
I/PackageManager(  366):   Action: "android.intent.action.SENDTO"
I/PackageManager(  366):   Category: "android.intent.category.DEFAULT"
I/PackageManager(  366):   Scheme: "sms"
I/PackageManager(  366): Adding preferred activity ComponentInfo{com.android.mms/com.android.mms.ui.ComposeMessageActivity} for user 0 :
D/MobileDataStateTracker(  366): default: setPolicyDataEnable(enabled=true)
I/PackageManager(  366):   Action: "android.intent.action.SENDTO"
I/PackageManager(  366):   Category: "android.intent.category.DEFAULT"
I/PackageManager(  366):   Scheme: "smsto"
I/PackageManager(  366): Adding preferred activity ComponentInfo{com.android.mms/com.android.mms.ui.ComposeMessageActivity} for user 0 :
D/dalvikvm(  611): GC_CONCURRENT freed 332K, 14% free 3362K/3884K, paused 21ms+2ms, total 80ms
I/PackageManager(  366):   Action: "android.intent.action.SENDTO"
I/PackageManager(  366):   Category: "android.intent.category.DEFAULT"
I/PackageManager(  366):   Scheme: "mms"
I/PackageManager(  366): Adding preferred activity ComponentInfo{com.android.mms/com.android.mms.ui.ComposeMessageActivity} for user 0 :
I/PackageManager(  366):   Action: "android.intent.action.SENDTO"
I/PackageManager(  366):   Category: "android.intent.category.DEFAULT"
I/PackageManager(  366):   Scheme: "mmsto"
I/PackageManager(  366): Adding preferred activity ComponentInfo{com.android.mms/com.android.mms.ui.ComposeMessageActivity} for user 0 :
D/dalvikvm(  366): GC_CONCURRENT freed 726K, 56% free 5672K/12816K, paused 6ms+27ms, total 291ms
D/dalvikvm(  366): WAIT_FOR_CONCURRENT_GC blocked 147ms
D/dalvikvm(  366): WAIT_FOR_CONCURRENT_GC blocked 89ms
I/MediaProvider(  632): Upgrading media database from version 0 to 700, which will destroy all old data
E/NetdConnector(  366): NDC Command {13 bandwidth removeiquota eth0} took too long (880ms)
W/WindowManager(  366): App freeze timeout expired.
W/WindowManager(  366): Force clearing freeze: AppWindowToken{b2e636d0 token=Token{b31bb948 ActivityRecord{b31bbe88 u0 com.android.launcher/com.android.launcher2.Launcher t3}}}
I/WindowManager(  366): Screen frozen for +5s103ms due to AppWindowToken{b2e636d0 token=Token{b31bb948 ActivityRecord{b31bbe88 u0 com.android.launcher/com.android.launcher2.Launcher t3}}}
D/Tethering(  366): MasterInitialState.processMessage what=3
D/CaptivePortalTracker(  366): NoActiveNetworkState{ when=-3ms what=1 obj=NetworkInfo: type: mobile[UMTS], state: CONNECTED/CONNECTED, reason: connected, extra: epc.tmobile.com, roaming: false, failover: false, isAvailable: true, isConnectedToProvisioningNetwork: false target=com.android.internal.util.StateMachine$SmHandler }
D/CaptivePortalTracker(  366): NoActiveNetworkState not a wifi connectivity change, ignore
I/ARMAssembler(   58): generated scanline__00000077:03515104_00009001_00000000 [131 ipp] (153 ins) at [0xb5a20410:0xb5a20674] in 10000000 ns
I/Choreographer(  366): Skipped 30 frames!  The application may be doing too much work on its main thread.
D/dalvikvm(  366): GC_CONCURRENT freed 766K, 57% free 5529K/12816K, paused 6ms+5ms, total 224ms
E/NetdConnector(  366): NDC Command {14 bandwidth setiquota eth0 9223372036854775807} took too long (1406ms)
D/MobileDataStateTracker(  366): default: setPolicyDataEnable(enabled=true)
D/ConnectivityService(  366): startUsingNetworkFeature reconnecting to 0: enableHIPRI
D/MobileDataStateTracker(  366): hipri: Broadcast received: android.intent.action.ANY_DATA_STATE apnType=hipri
D/MobileDataStateTracker(  366): hipri: Received state=CONNECTING, old=DISCONNECTED, reason=dataEnabled
D/MobileDataStateTracker(  366): hipri: setDetailed state, old =IDLE and new state=CONNECTING
D/MobileDataStateTracker(  366): fota: Broadcast received: android.intent.action.ANY_DATA_STATE apnType=fota
D/MobileDataStateTracker(  366): fota: Received state=DISCONNECTED, old=DISCONNECTED, reason=dataEnabled
D/MobileDataStateTracker(  366): ia: Broadcast received: android.intent.action.ANY_DATA_STATE apnType=ia
D/MobileDataStateTracker(  366): ia: Received state=DISCONNECTED, old=DISCONNECTED, reason=dataEnabled
D/MobileDataStateTracker(  366): supl: Broadcast received: android.intent.action.ANY_DATA_STATE apnType=supl
D/MobileDataStateTracker(  366): supl: Received state=DISCONNECTED, old=DISCONNECTED, reason=dataEnabled
D/MobileDataStateTracker(  366): ims: Broadcast received: android.intent.action.ANY_DATA_STATE apnType=ims
D/MobileDataStateTracker(  366): ims: Received state=DISCONNECTED, old=DISCONNECTED, reason=dataEnabled
D/MobileDataStateTracker(  366): mms: Broadcast received: android.intent.action.ANY_DATA_STATE apnType=mms
D/MobileDataStateTracker(  366): mms: Received state=DISCONNECTED, old=DISCONNECTED, reason=dataEnabled
D/MobileDataStateTracker(  366): cbs: Broadcast received: android.intent.action.ANY_DATA_STATE apnType=cbs
D/MobileDataStateTracker(  366): cbs: Received state=DISCONNECTED, old=DISCONNECTED, reason=dataEnabled
D/MobileDataStateTracker(  366): hipri: Broadcast received: android.intent.action.ANY_DATA_STATE apnType=hipri
D/dalvikvm(  611): GC_CONCURRENT freed 482K, 16% free 3296K/3884K, paused 4ms+67ms, total 166ms
D/MobileDataStateTracker(  366): hipri: Received state=CONNECTED, old=CONNECTING, reason=dataEnabled
D/MobileDataStateTracker(  366): hipri: setDetailed state, old =CONNECTING and new state=CONNECTED
D/ConnectivityService(  366): ConnectivityChange for mobile_hipri: CONNECTED/CONNECTED
E/logwrapper(  807): executing /system/bin/ip failed: No such file or directory
E/ConnectivityService(  366): Exception trying to add a route: java.lang.IllegalStateException: command '21 interface fwmark exempt add 10.0.2.2/32' failed with '400 21 Failed to add exemption rule (File exists)'
W/ProcessCpuTracker(  366): Skipping unknown process pid 807
D/ConnectivityService(  366): startUsingNetworkFeature X: return APN_REQUEST_STARTED
E/ConnectivityService(  366): startUsingNetworkFeature took too long: 3955ms
D/ConnectivityService(  366): [CheckMp] isMobileOk: hipri started
D/ConnectivityService(  366): [CheckMp] isMobileOk: not connected ni=NetworkInfo: type: mobile_hipri[UMTS], state: DISCONNECTED/IDLE, reason: (unspecified), extra: (none), roaming: false, failover: false, isAvailable: true, isConnectedToProvisioningNetwork: false
E/logwrapper(  808): executing /system/bin/ip failed: No such file or directory
E/ConnectivityService(  366): Exception trying to add a route: java.lang.IllegalStateException: command '23 interface fwmark exempt add 10.0.2.3/32' failed with '400 23 Failed to add exemption rule (File exists)'
E/logwrapper(  809): executing /system/bin/ip failed: No such file or directory
E/ConnectivityService(  366): Exception trying to add a route: java.lang.IllegalStateException: command '25 interface fwmark exempt add 10.0.2.2/32' failed with '400 25 Failed to add exemption rule (File exists)'
E/logwrapper(  810): executing /system/bin/ip failed: No such file or directory
D/dalvikvm(  366): GC_EXPLICIT freed 229K, 57% free 5515K/12816K, paused 52ms+5ms, total 425ms
E/ConnectivityService(  366): Exception trying to add a route: java.lang.IllegalStateException: command '27 interface fwmark exempt add 10.0.2.4/32' failed with '400 27 Failed to add exemption rule (File exists)'
E/logwrapper(  811): executing /system/bin/ip failed: No such file or directory
E/SecondaryTablController(   55): ip route add failed: /system/bin/ip route add 10.0.2.2/32 via 0.0.0.0 dev eth0 table 60
W/FrameworkListener(   55): Handler 'interface' error (No such device)
E/ConnectivityService(  366): Exception trying to add a route: java.lang.IllegalStateException: command '28 interface route add eth0 secondary 10.0.2.2 32 0.0.0.0' failed with '400 28 ip route modification failed (No such device)'
E/logwrapper(  812): executing /system/bin/ip failed: No such file or directory
E/SecondaryTablController(   55): ip route add failed: /system/bin/ip route add 0.0.0.0/0 via 10.0.2.2 dev eth0 table 60
W/FrameworkListener(   55): Handler 'interface' error (No such device)
E/ConnectivityService(  366): Exception trying to add a route: java.lang.IllegalStateException: command '29 interface route add eth0 secondary 0.0.0.0 0 10.0.2.2' failed with '400 29 ip route modification failed (No such device)'
D/Nat464Xlat(  366): requiresClat: netType=5, hasIPv4Address=true
D/MobileDataStateTracker(  366): default: setPolicyDataEnable(enabled=true)
D/ConnectivityService(  366): [CheckMp] isMobileOk: not connected ni=NetworkInfo: type: mobile_hipri[UMTS], state: DISCONNECTED/IDLE, reason: (unspecified), extra: (none), roaming: false, failover: false, isAvailable: true, isConnectedToProvisioningNetwork: false
I/ContactLocale(  554): AddressBook Labels [en_US]: [, A, B, C, D, E, F, G, H, I, J, K, L, M, N, O, P, Q, R, S, T, U, V, W, X, Y, Z, , , , , , , , , , , , , , , , , , , , , , , , , , , , , , , , , , , , , , , , , , , , , , , , , , , , , , , , , , , , , , , , , , , , , , , , , , , , , , , , , , , , , , , , , , , , , , , , , , , , , , , , , , , , , , , , , , , , , , , , , , , , , , , , , , , , , , , , , , , , , , , , , , , , , , , , , , , , , , , , , , , , , , , , , , , , , , , , , , , , , , #, ]
D/Launcher.Model(  694): Reload apps on config change. curr_mcc:310 prevmcc:0
I/Choreographer(  694): Skipped 1557 frames!  The application may be doing too much work on its main thread.
D/ConnectivityService(  366): [CheckMp] isMobileOk: not connected ni=NetworkInfo: type: mobile_hipri[UMTS], state: DISCONNECTED/IDLE, reason: (unspecified), extra: (none), roaming: false, failover: false, isAvailable: true, isConnectedToProvisioningNetwork: false
I/Choreographer(  694): Skipped 31 frames!  The application may be doing too much work on its main thread.
E/NetdConnector(  366): NDC Command {31 bandwidth removeiquota eth0} took too long (1865ms)
D/gralloc_goldfish(  694): Emulator without GPU emulation detected.
D/AndroidRuntime(  814): 
D/AndroidRuntime(  814): >>>>>> AndroidRuntime START com.android.internal.os.RuntimeInit <<<<<<
D/AndroidRuntime(  814): CheckJNI is ON
D/dalvikvm(  694): GC_FOR_ALLOC freed 301K, 10% free 3923K/4324K, paused 100ms, total 106ms
I/dalvikvm-heap(  694): Grow heap (frag case) to 5.458MB for 1610896-byte allocation
D/dalvikvm(  694): GC_FOR_ALLOC freed 7K, 7% free 5489K/5900K, paused 62ms, total 62ms
D/dalvikvm(  694): GC_CONCURRENT freed 19K, 8% free 5469K/5900K, paused 62ms+2ms, total 152ms
D/dalvikvm(  694): WAIT_FOR_CONCURRENT_GC blocked 90ms
D/dalvikvm(  814): Trying to load lib libjavacore.so 0x0
I/dalvikvm-heap(  694): Grow heap (frag case) to 6.968MB for 1610896-byte allocation
D/dalvikvm(  814): Added shared lib libjavacore.so 0x0
D/dalvikvm(  694): GC_FOR_ALLOC freed <1K, 6% free 7042K/7476K, paused 59ms, total 59ms
D/dalvikvm(  814): Trying to load lib libnativehelper.so 0x0
D/dalvikvm(  814): Added shared lib libnativehelper.so 0x0
D/dalvikvm(  814): No JNI_OnLoad found in libnativehelper.so 0x0, skipping init
D/dalvikvm(  694): GC_CONCURRENT freed <1K, 6% free 7084K/7520K, paused 53ms+3ms, total 132ms
D/ConnectivityService(  366): [CheckMp] isMobileOk: not connected ni=NetworkInfo: type: mobile_hipri[UMTS], state: DISCONNECTED/IDLE, reason: (unspecified), extra: (none), roaming: false, failover: false, isAvailable: true, isConnectedToProvisioningNetwork: false
D/Tethering(  366): MasterInitialState.processMessage what=3
D/CaptivePortalTracker(  366): NoActiveNetworkState{ when=-93ms what=1 obj=NetworkInfo: type: mobile_hipri[UMTS], state: CONNECTED/CONNECTED, reason: dataEnabled, extra: epc.tmobile.com, roaming: false, failover: false, isAvailable: true, isConnectedToProvisioningNetwork: false target=com.android.internal.util.StateMachine$SmHandler }
D/CaptivePortalTracker(  366): NoActiveNetworkState not a wifi connectivity change, ignore
D/dalvikvm(  814): Note: class Landroid/app/ActivityManagerNative; has 179 unimplemented (abstract) methods
I/ActivityManager(  366): Displayed com.android.launcher/com.android.launcher2.Launcher: +16s524ms (total +19s726ms)
I/Choreographer(  366): Skipped 43 frames!  The application may be doing too much work on its main thread.
I/Choreographer(  366): Skipped 56 frames!  The application may be doing too much work on its main thread.
D/dalvikvm(  455): GC_FOR_ALLOC freed 3123K, 48% free 3587K/6804K, paused 649ms, total 674ms
I/dalvikvm-heap(  455): Grow heap (frag case) to 6.519MB for 3072016-byte allocation
E/NetdConnector(  366): NDC Command {32 bandwidth setiquota eth0 9223372036854775807} took too long (2248ms)
I/Choreographer(  366): Skipped 43 frames!  The application may be doing too much work on its main thread.
D/MobileDataStateTracker(  366): default: setPolicyDataEnable(enabled=true)
D/dalvikvm(  455): GC_CONCURRENT freed 5K, 4% free 6582K/6804K, paused 36ms+3ms, total 405ms
E/memtrack(  814): Couldn't load memtrack module (No such file or directory)
E/android.os.Debug(  814): failed to load memtrack module: -2
W/ActivityManager(  366): Activity destroy timeout for ActivityRecord{b2da5ad0 u0 com.android.settings/.CryptKeeper t1 f}
D/AndroidRuntime(  814): Calling main entry com.android.commands.pm.Pm
I/Choreographer(  694): Skipped 44 frames!  The application may be doing too much work on its main thread.
I/ActivityManager(  366): Start proc com.android.defcontainer for service com.android.defcontainer/.DefaultContainerService: pid=848 uid=10003 gids={50003, 1028, 1015, 1023, 2001, 1035}
I/Choreographer(  694): Skipped 110 frames!  The application may be doing too much work on its main thread.
D/ConnectivityService(  366): [CheckMp] isMobileOk: not connected ni=NetworkInfo: type: mobile_hipri[UMTS], state: DISCONNECTED/IDLE, reason: (unspecified), extra: (none), roaming: false, failover: false, isAvailable: true, isConnectedToProvisioningNetwork: false
I/Choreographer(  694): Skipped 70 frames!  The application may be doing too much work on its main thread.
E/SQLiteLog(  632): (1) no such table: album_info
I/ActivityManager(  366): Start proc com.android.externalstorage for broadcast com.android.externalstorage/.MountReceiver: pid=865 uid=10006 gids={50006, 1028, 1015, 1023}
D/ExternalStorage(  865): Missing UUID for /storage/sdcard; skipping
D/ExternalStorage(  865): After updating volumes, found 0 active roots
I/DownloadManager(  632): Upgrading downloads database from version 0 to version 109, which will destroy all old data
D/ExternalStorage(  865): Missing UUID for /storage/sdcard; skipping
D/ExternalStorage(  865): After updating volumes, found 0 active roots
D/MediaScannerReceiver(  632): action: android.intent.action.MEDIA_MOUNTED path: /storage/sdcard
D/ConnectivityService(  366): [CheckMp] isMobileOk: not connected ni=NetworkInfo: type: mobile_hipri[UMTS], state: DISCONNECTED/IDLE, reason: (unspecified), extra: (none), roaming: false, failover: false, isAvailable: true, isConnectedToProvisioningNetwork: false
W/ActivityManager(  366): No content provider found for permission revoke: file:///data/local/tmp/sample_for_analysis.apk
D/dalvikvm(  632): GC_FOR_ALLOC freed 285K, 12% free 2924K/3300K, paused 104ms, total 104ms
W/ActivityManager(  366): No content provider found for permission revoke: file:///data/local/tmp/sample_for_analysis.apk
I/PackageManager(  366): Copying native libraries to /data/app-lib/vmdl-2145571779
D/GpsLocationProvider(  366): NTP server returned: 1545894031154 (Thu Dec 27 02:00:31 EST 2018) reference: 79483 certainty: 27 system time offset: -30128
D/dalvikvm(  632): GC_CONCURRENT freed 40K, 10% free 2970K/3300K, paused 2ms+43ms, total 136ms
V/MediaScanner(  632): pruneDeadThumbnailFiles... android.database.sqlite.SQLiteCursor@b2d9c0f8
V/MediaScanner(  632): /pruneDeadThumbnailFiles... android.database.sqlite.SQLiteCursor@b2d9c0f8
D/ConnectivityService(  366): [CheckMp] isMobileOk: not connected ni=NetworkInfo: type: mobile_hipri[UMTS], state: DISCONNECTED/IDLE, reason: (unspecified), extra: (none), roaming: false, failover: false, isAvailable: true, isConnectedToProvisioningNetwork: false
D/dalvikvm(  366): GC_CONCURRENT freed 471K, 57% free 5624K/12816K, paused 56ms+5ms, total 105ms
D/dalvikvm(  694): GC_CONCURRENT freed 1959K, 25% free 6489K/8552K, paused 4ms+3ms, total 51ms
E/BluetoothAdapter(  621): Bluetooth binder is null
D/ConnectivityService(  366): [CheckMp] isMobileOk: not connected ni=NetworkInfo: type: mobile_hipri[UMTS], state: DISCONNECTED/IDLE, reason: (unspecified), extra: (none), roaming: false, failover: false, isAvailable: true, isConnectedToProvisioningNetwork: false
I/ActivityManager(  366): Start proc com.android.music for broadcast com.android.music/.MediaButtonIntentReceiver: pid=883 uid=10032 gids={50032, 3003, 1028, 1015}
I/dalvikvm(  883): CheckJNI enabled: not enabling JNI app bug workarounds.
D/dalvikvm(  366): GC_CONCURRENT freed 585K, 56% free 5688K/12816K, paused 7ms+6ms, total 78ms
I/PackageManager(  366): Running dexopt on: com.kait.olivedream
D/dalvikvm(  895): DexOpt: 'Landroid/annotation/SuppressLint;' has an earlier definition; blocking out
D/dalvikvm(  895): DexOpt: 'Landroid/annotation/TargetApi;' has an earlier definition; blocking out
D/dalvikvm(  895): DexOpt: not verifying/optimizing 'Landroid/annotation/SuppressLint;': multiple definitions
D/dalvikvm(  895): DexOpt: not verifying/optimizing 'Landroid/annotation/TargetApi;': multiple definitions
D/ConnectivityService(  366): [CheckMp] isMobileOk: not connected ni=NetworkInfo: type: mobile_hipri[UMTS], state: DISCONNECTED/IDLE, reason: (unspecified), extra: (none), roaming: false, failover: false, isAvailable: true, isConnectedToProvisioningNetwork: false
D/dalvikvm(  895): DexOpt: load 196ms, verify+opt 634ms, 1260948 bytes
D/ConnectivityService(  366): [CheckMp] isMobileOk: not connected ni=NetworkInfo: type: mobile_hipri[UMTS], state: DISCONNECTED/IDLE, reason: (unspecified), extra: (none), roaming: false, failover: false, isAvailable: true, isConnectedToProvisioningNetwork: false
I/ActivityManager(  366): Start proc com.android.exchange for content provider com.android.exchange/.provider.ExchangeDirectoryProvider: pid=896 uid=10025 gids={50025, 3003, 1028, 1015}
I/ActivityManager(  366): Force stopping com.kait.olivedream appid=10052 user=-1: update pkg
I/InputReader(  366): Reconfiguring input devices.  changes=0x00000010
I/PackageManager(  366):   Action: "android.intent.action.SENDTO"
I/PackageManager(  366):   Category: "android.intent.category.DEFAULT"
I/PackageManager(  366):   Scheme: "sms"
I/PackageManager(  366): Adding preferred activity ComponentInfo{com.android.mms/com.android.mms.ui.ComposeMessageActivity} for user 0 :
D/BackupManagerService(  366): Received broadcast Intent { act=android.intent.action.PACKAGE_ADDED dat=package:com.kait.olivedream flg=0x4000010 (has extras) }
V/BackupManagerService(  366): addPackageParticipantsLocked: #1
I/PackageManager(  366):   Action: "android.intent.action.SENDTO"
I/PackageManager(  366):   Category: "android.intent.category.DEFAULT"
I/PackageManager(  366):   Scheme: "smsto"
I/PackageManager(  366): Adding preferred activity ComponentInfo{com.android.mms/com.android.mms.ui.ComposeMessageActivity} for user 0 :
I/PackageManager(  366):   Action: "android.intent.action.SENDTO"
I/PackageManager(  366):   Category: "android.intent.category.DEFAULT"
I/PackageManager(  366):   Scheme: "mms"
I/PackageManager(  366): Adding preferred activity ComponentInfo{com.android.mms/com.android.mms.ui.ComposeMessageActivity} for user 0 :
D/dalvikvm(  366): GC_EXPLICIT freed 722K, 56% free 5716K/12816K, paused 84ms+7ms, total 335ms
D/dalvikvm(  366): WAIT_FOR_CONCURRENT_GC blocked 76ms
D/dalvikvm(  366): WAIT_FOR_CONCURRENT_GC blocked 70ms
I/MediaFocusControl(  366):   Remote Control   registerMediaButtonIntent() for PendingIntent{b37040a8: PendingIntentRecord{b36c54a0 com.android.music broadcastIntent}}
D/dalvikvm(  366): WAIT_FOR_CONCURRENT_GC blocked 69ms
D/dalvikvm(  366): WAIT_FOR_CONCURRENT_GC blocked 53ms
D/dalvikvm(  366): WAIT_FOR_CONCURRENT_GC blocked 100ms
D/dalvikvm(  366): WAIT_FOR_CONCURRENT_GC blocked 102ms
I/PackageManager(  366):   Action: "android.intent.action.SENDTO"
I/PackageManager(  366):   Category: "android.intent.category.DEFAULT"
I/PackageManager(  366):   Scheme: "mmsto"
I/PackageManager(  366): Adding preferred activity ComponentInfo{com.android.mms/com.android.mms.ui.ComposeMessageActivity} for user 0 :
D/AndroidRuntime(  814): Shutting down VM
D/dalvikvm(  814): GC_CONCURRENT freed 95K, 16% free 560K/660K, paused 2ms+2ms, total 22ms
I/PackageManager(  366):   Action: "android.intent.action.SENDTO"
I/PackageManager(  366):   Category: "android.intent.category.DEFAULT"
I/PackageManager(  366):   Scheme: "sms"
I/PackageManager(  366): Adding preferred activity ComponentInfo{com.android.mms/com.android.mms.ui.ComposeMessageActivity} for user 0 :
I/PackageManager(  366):   Action: "android.intent.action.SENDTO"
I/PackageManager(  366):   Category: "android.intent.category.DEFAULT"
I/PackageManager(  366):   Scheme: "smsto"
I/PackageManager(  366): Adding preferred activity ComponentInfo{com.android.mms/com.android.mms.ui.ComposeMessageActivity} for user 0 :
D/dalvikvm(  611): GC_CONCURRENT freed 350K, 14% free 3364K/3872K, paused 23ms+2ms, total 57ms
I/PackageManager(  366):   Action: "android.intent.action.SENDTO"
I/PackageManager(  366):   Category: "android.intent.category.DEFAULT"
I/PackageManager(  366):   Scheme: "mms"
I/PackageManager(  366): Adding preferred activity ComponentInfo{com.android.mms/com.android.mms.ui.ComposeMessageActivity} for user 0 :
I/PackageManager(  366):   Action: "android.intent.action.SENDTO"
I/PackageManager(  366):   Category: "android.intent.category.DEFAULT"
I/PackageManager(  366):   Scheme: "mmsto"
I/PackageManager(  366): Adding preferred activity ComponentInfo{com.android.mms/com.android.mms.ui.ComposeMessageActivity} for user 0 :
D/ConnectivityService(  366): [CheckMp] isMobileOk: not connected ni=NetworkInfo: type: mobile_hipri[UMTS], state: DISCONNECTED/IDLE, reason: (unspecified), extra: (none), roaming: false, failover: false, isAvailable: true, isConnectedToProvisioningNetwork: false
E/BluetoothAdapter(  621): Bluetooth binder is null
D/dalvikvm(  366): GC_CONCURRENT freed 725K, 56% free 5698K/12816K, paused 9ms+14ms, total 145ms
D/dalvikvm(  366): WAIT_FOR_CONCURRENT_GC blocked 81ms
I/ActivityManager(  366): Start proc com.android.calendar for broadcast com.android.calendar/.widget.CalendarAppWidgetService$CalendarFactory: pid=912 uid=10016 gids={50016, 3003}
D/ConnectivityService(  366): [CheckMp] isMobileOk: not connected ni=NetworkInfo: type: mobile_hipri[UMTS], state: DISCONNECTED/IDLE, reason: (unspecified), extra: (none), roaming: false, failover: false, isAvailable: true, isConnectedToProvisioningNetwork: false
I/ActivityManager(  366): Start proc com.android.email for content provider com.android.email/.provider.EmailProvider: pid=925 uid=10024 gids={50024, 3003, 1028, 1015}
D/ExtensionsFactory(  912): No custom extensions.
I/ActivityManager(  366): Start proc com.android.deskclock for broadcast com.android.deskclock/.AlarmInitReceiver: pid=943 uid=10020 gids={50020, 1028}
