D/dalvikvm(  366): GC_CONCURRENT freed 282K, 64% free 4650K/12816K, paused 13ms+9ms, total 83ms
D/dalvikvm(  366): GC_CONCURRENT freed 321K, 63% free 4841K/12816K, paused 5ms+6ms, total 98ms
D/dalvikvm(  366): WAIT_FOR_CONCURRENT_GC blocked 6ms
I/PackageManager(  366): /system/app/LegacyCamera.apk changed; collecting certs
D/dalvikvm(  366): GC_CONCURRENT freed 404K, 62% free 4956K/12816K, paused 5ms+15ms, total 78ms
D/dalvikvm(  366): GC_CONCURRENT freed 1312K, 68% free 4161K/12816K, paused 5ms+3ms, total 41ms
D/dalvikvm(  366): WAIT_FOR_CONCURRENT_GC blocked 31ms
D/dalvikvm(  366): GC_CONCURRENT freed 481K, 68% free 4191K/12816K, paused 5ms+3ms, total 38ms
D/dalvikvm(  366): WAIT_FOR_CONCURRENT_GC blocked 24ms
D/dalvikvm(  366): GC_CONCURRENT freed 143K, 65% free 4578K/12816K, paused 13ms+4ms, total 89ms
D/dalvikvm(  366): WAIT_FOR_CONCURRENT_GC blocked 5ms
D/dalvikvm(  366): GC_CONCURRENT freed 306K, 64% free 4721K/12816K, paused 10ms+19ms, total 153ms
I/PackageManager(  366): /system/app/LiveWallpapersPicker.apk changed; collecting certs
I/PackageManager(  366): /system/app/Music.apk changed; collecting certs
D/dalvikvm(  366): GC_CONCURRENT freed 438K, 63% free 4790K/12816K, paused 13ms+9ms, total 63ms
D/dalvikvm(  366): WAIT_FOR_CONCURRENT_GC blocked 28ms
D/dalvikvm(  366): GC_CONCURRENT freed 1137K, 68% free 4151K/12816K, paused 4ms+10ms, total 75ms
I/PackageManager(  366): /system/app/NetSpeed.apk changed; collecting certs
I/PackageManager(  366): /system/app/OpenWnn.apk changed; collecting certs
D/dalvikvm(  366): GC_CONCURRENT freed 361K, 67% free 4298K/12816K, paused 5ms+6ms, total 68ms
D/dalvikvm(  366): WAIT_FOR_CONCURRENT_GC blocked 22ms
D/dalvikvm(  366): GC_CONCURRENT freed 663K, 68% free 4146K/12816K, paused 5ms+3ms, total 42ms
D/dalvikvm(  366): WAIT_FOR_CONCURRENT_GC blocked 28ms
D/dalvikvm(  366): GC_CONCURRENT freed 253K, 66% free 4404K/12816K, paused 14ms+3ms, total 63ms
D/dalvikvm(  366): WAIT_FOR_CONCURRENT_GC blocked 22ms
I/PackageManager(  366): /system/app/PacProcessor.apk changed; collecting certs
D/dalvikvm(  366): GC_CONCURRENT freed 385K, 65% free 4522K/12816K, paused 4ms+9ms, total 82ms
I/PackageManager(  366): /system/app/PackageInstaller.apk changed; collecting certs
I/PackageManager(  366): /system/app/PicoTts.apk changed; collecting certs
I/PackageManager(  366): /system/app/PinyinIME.apk changed; collecting certs
D/dalvikvm(  366): GC_CONCURRENT freed 974K, 69% free 4059K/12816K, paused 16ms+4ms, total 56ms
D/dalvikvm(  366): WAIT_FOR_CONCURRENT_GC blocked 26ms
I/PackageManager(  366): /system/app/PrintSpooler.apk changed; collecting certs
D/dalvikvm(  366): GC_CONCURRENT freed 384K, 68% free 4133K/12816K, paused 4ms+27ms, total 92ms
I/PackageManager(  366): /system/app/Protips.apk changed; collecting certs
I/PackageManager(  366): /system/app/QuickSearchBox.apk changed; collecting certs
D/dalvikvm(  366): GC_CONCURRENT freed 460K, 68% free 4172K/12816K, paused 12ms+3ms, total 45ms
D/dalvikvm(  366): WAIT_FOR_CONCURRENT_GC blocked 33ms
D/dalvikvm(  366): GC_CONCURRENT freed 397K, 67% free 4280K/12816K, paused 13ms+5ms, total 97ms
I/PackageManager(  366): /system/app/SdkSetup.apk changed; collecting certs
I/PackageManager(  366): /system/app/SoundRecorder.apk changed; collecting certs
I/PackageManager(  366): /system/app/SpeechRecorder.apk changed; collecting certs
I/PackageManager(  366): /system/app/TelephonyProvider.apk changed; collecting certs
D/dalvikvm(  366): GC_CONCURRENT freed 389K, 66% free 4431K/12816K, paused 14ms+7ms, total 92ms
I/PackageManager(  366): /system/app/UserDictionaryProvider.apk changed; collecting certs
D/PackageManager(  366): No files in app dir /vendor/app
D/dalvikvm(  366): GC_CONCURRENT freed 664K, 67% free 4291K/12816K, paused 5ms+5ms, total 103ms
W/PackageParser(  366): No actions in intent filter at /data/app/ApiDemos.apk Binary XML file line #2899
I/PackageManager(  366): /data/app/ApiDemos.apk changed; collecting certs
W/PackageParser(  366): No actions in intent filter at /data/app/ApiDemos.apk Binary XML file line #2905
D/dalvikvm(  366): GC_CONCURRENT freed 244K, 65% free 4548K/12816K, paused 11ms+3ms, total 44ms
D/dalvikvm(  366): WAIT_FOR_CONCURRENT_GC blocked 33ms
D/dalvikvm(  366): GC_CONCURRENT freed 417K, 64% free 4639K/12816K, paused 14ms+16ms, total 89ms
D/dalvikvm(  366): GC_CONCURRENT freed 266K, 63% free 4847K/12816K, paused 15ms+24ms, total 102ms
D/dalvikvm(  366): GC_CONCURRENT freed 562K, 63% free 4821K/12816K, paused 10ms+3ms, total 65ms
D/dalvikvm(  366): WAIT_FOR_CONCURRENT_GC blocked 30ms
D/dalvikvm(  366): GC_CONCURRENT freed 521K, 63% free 4830K/12816K, paused 5ms+3ms, total 64ms
D/dalvikvm(  366): WAIT_FOR_CONCURRENT_GC blocked 25ms
D/dalvikvm(  366): GC_CONCURRENT freed 493K, 63% free 4862K/12816K, paused 13ms+13ms, total 91ms
D/dalvikvm(  366): GC_CONCURRENT freed 558K, 63% free 4841K/12816K, paused 5ms+3ms, total 66ms
D/dalvikvm(  366): WAIT_FOR_CONCURRENT_GC blocked 24ms
D/dalvikvm(  366): GC_CONCURRENT freed 529K, 63% free 4845K/12816K, paused 15ms+4ms, total 65ms
D/dalvikvm(  366): WAIT_FOR_CONCURRENT_GC blocked 29ms
D/dalvikvm(  366): GC_CONCURRENT freed 528K, 63% free 4848K/12816K, paused 6ms+3ms, total 66ms
D/dalvikvm(  366): WAIT_FOR_CONCURRENT_GC blocked 25ms
D/dalvikvm(  366): GC_CONCURRENT freed 528K, 63% free 4851K/12816K, paused 14ms+3ms, total 64ms
D/dalvikvm(  366): WAIT_FOR_CONCURRENT_GC blocked 29ms
D/dalvikvm(  366): GC_CONCURRENT freed 530K, 63% free 4855K/12816K, paused 4ms+3ms, total 65ms
D/dalvikvm(  366): WAIT_FOR_CONCURRENT_GC blocked 24ms
D/dalvikvm(  366): GC_CONCURRENT freed 537K, 63% free 4857K/12816K, paused 15ms+4ms, total 65ms
D/dalvikvm(  366): WAIT_FOR_CONCURRENT_GC blocked 28ms
D/dalvikvm(  366): GC_CONCURRENT freed 530K, 63% free 4859K/12816K, paused 5ms+3ms, total 66ms
D/dalvikvm(  366): WAIT_FOR_CONCURRENT_GC blocked 27ms
W/PackageManager(  366): Package com.example.android.apis desires unavailable shared library com.example.will.never.exist; ignoring!
I/PackageManager(  366): /data/app/CubeLiveWallpapers.apk changed; collecting certs
I/PackageManager(  366): /data/app/GestureBuilder.apk changed; collecting certs
D/dalvikvm(  366): GC_CONCURRENT freed 420K, 62% free 4953K/12816K, paused 5ms+14ms, total 80ms
I/PackageManager(  366): /data/app/SmokeTest.apk changed; collecting certs
I/PackageManager(  366): /data/app/SmokeTestApp.apk changed; collecting certs
D/dalvikvm(  366): GC_CONCURRENT freed 1084K, 65% free 4516K/12816K, paused 13ms+5ms, total 102ms
I/PackageManager(  366): /data/app/SoftKeyboard.apk changed; collecting certs
D/dalvikvm(  366): GC_CONCURRENT freed 660K, 66% free 4367K/12816K, paused 7ms+4ms, total 128ms
D/dalvikvm(  366): WAIT_FOR_CONCURRENT_GC blocked 36ms
I/PackageManager(  366): /data/app/WidgetPreview.apk changed; collecting certs
W/PackageManager(  366): Package com.example.android.apis desires unavailable shared library com.example.will.never.exist; ignoring!
W/PackageManager(  366): Package com.android.camera desires unavailable shared library com.google.android.media.effects; ignoring!
I/PackageManager(  366): Time to scan packages: 26.228 seconds
W/PackageManager(  366): Not granting permission android.permission.GLOBAL_SEARCH to package com.android.quicksearchbox (protectionLevel=18 flags=0x8be45)
W/PackageManager(  366): Unknown permission com.android.smspush.WAPPUSH_MANAGER_BIND in package com.android.phone
W/PackageManager(  366): Unknown permission com.google.android.googleapps.permission.GOOGLE_AUTH in package com.android.providers.calendar
W/PackageManager(  366): Unknown permission com.google.android.googleapps.permission.GOOGLE_AUTH.cl in package com.android.providers.calendar
W/PackageManager(  366): Unknown permission com.google.android.googleapps.permission.GOOGLE_AUTH.mail in package com.android.calendar
W/PackageManager(  366): Not granting permission android.permission.ACCESS_DOWNLOAD_MANAGER to package com.android.browser (protectionLevel=18 flags=0x9be45)
W/PackageManager(  366): Not granting permission android.permission.SEND_DOWNLOAD_COMPLETED_INTENTS to package com.android.browser (protectionLevel=2 flags=0x9be45)
W/PackageManager(  366): Not granting permission android.permission.BIND_APPWIDGET to package com.android.widgetpreview (protectionLevel=18 flags=0x8be44)
W/PackageManager(  366): Unknown permission android.permission.INSTALL_DRM in package com.android.mms
W/PackageManager(  366): Unknown permission com.google.android.googleapps.permission.GOOGLE_AUTH in package com.android.settings
W/PackageManager(  366): Unknown permission com.google.android.googleapps.permission.ACCESS_GOOGLE_PASSWORD in package com.android.development
W/PackageManager(  366): Unknown permission com.google.android.googleapps.permission.GOOGLE_AUTH in package com.android.development
W/PackageManager(  366): Unknown permission com.google.android.googleapps.permission.GOOGLE_AUTH.ALL_SERVICES in package com.android.development
W/PackageManager(  366): Unknown permission com.google.android.googleapps.permission.GOOGLE_AUTH.YouTubeUser in package com.android.development
W/PackageManager(  366): Not granting permission android.permission.DELETE_PACKAGES to package com.svox.pico (protectionLevel=18 flags=0x8be45)
W/PackageManager(  366): Not granting permission android.permission.DEVICE_POWER to package com.android.deskclock (protectionLevel=2 flags=0x48be45)
D/dalvikvm(  366): GC_CONCURRENT freed 411K, 66% free 4421K/12816K, paused 5ms+5ms, total 103ms
D/dalvikvm(  366): GC_EXPLICIT freed 242K, 67% free 4279K/12816K, paused 3ms+3ms, total 48ms
I/SystemServer(  366): Entropy Mixer
W/EntropyMixer(  366): No existing entropy file -- first boot?
I/EntropyMixer(  366): Writing entropy...
I/SystemServer(  366): User Service
I/SystemServer(  366): Account Manager
I/SystemServer(  366): Content Manager
I/SystemServer(  366): System Content Providers
I/SyncManager(  366): No initial accounts
I/SyncManager(  366): No initial status
W/SyncManagerFile(  366): Error reading pending data.
W/SyncManagerFile(  366): java.io.FileNotFoundException: /data/system/sync/pending.xml: open failed: ENOENT (No such file or directory)
W/SyncManagerFile(  366): 	at libcore.io.IoBridge.open(IoBridge.java:409)
W/SyncManagerFile(  366): 	at java.io.FileInputStream.<init>(FileInputStream.java:78)
W/SyncManagerFile(  366): 	at android.util.AtomicFile.openRead(AtomicFile.java:199)
W/SyncManagerFile(  366): 	at com.android.server.content.SyncStorageEngine.readPendingOperationsLocked(SyncStorageEngine.java:2286)
W/SyncManagerFile(  366): 	at com.android.server.content.SyncStorageEngine.<init>(SyncStorageEngine.java:434)
W/SyncManagerFile(  366): 	at com.android.server.content.SyncStorageEngine.init(SyncStorageEngine.java:454)
W/SyncManagerFile(  366): 	at com.android.server.content.SyncManager.<init>(SyncManager.java:383)
W/SyncManagerFile(  366): 	at com.android.server.content.ContentService.getSyncManager(ContentService.java:75)
W/SyncManagerFile(  366): 	at com.android.server.content.ContentService.notifyChange(ContentService.java:283)
W/SyncManagerFile(  366): 	at android.content.ContentResolver.notifyChange(ContentResolver.java:1621)
W/SyncManagerFile(  366): 	at com.android.providers.settings.SettingsProvider.sendNotify(SettingsProvider.java:262)
W/SyncManagerFile(  366): 	at com.android.providers.settings.SettingsProvider.insertForUser(SettingsProvider.java:941)
W/SyncManagerFile(  366): 	at com.android.providers.settings.SettingsProvider.ensureAndroidIdIsSet(SettingsProvider.java:496)
W/SyncManagerFile(  366): 	at com.android.providers.settings.SettingsProvider.establishDbTracking(SettingsProvider.java:409)
W/SyncManagerFile(  366): 	at com.android.providers.settings.SettingsProvider.onCreate(SettingsProvider.java:335)
W/SyncManagerFile(  366): 	at android.content.ContentProvider.attachInfo(ContentProvider.java:1591)
W/SyncManagerFile(  366): 	at android.content.ContentProvider.attachInfo(ContentProvider.java:1562)
W/SyncManagerFile(  366): 	at android.app.ActivityThread.installProvider(ActivityThread.java:4774)
W/SyncManagerFile(  366): 	at android.app.ActivityThread.installContentProviders(ActivityThread.java:4369)
W/SyncManagerFile(  366): 	at android.app.ActivityThread.installSystemProviders(ActivityThread.java:4929)
W/SyncManagerFile(  366): 	at com.android.server.am.ActivityManagerService.installSystemProviders(ActivityManagerService.java:8081)
W/SyncManagerFile(  366): 	at com.android.server.ServerThread.initAndLoop(SystemServer.java:275)
W/SyncManagerFile(  366): 	at com.android.server.SystemServer.main(SystemServer.java:1179)
W/SyncManagerFile(  366): 	at java.lang.reflect.Method.invokeNative(Native Method)
W/SyncManagerFile(  366): 	at java.lang.reflect.Method.invoke(Method.java:515)
W/SyncManagerFile(  366): 	at com.android.internal.os.ZygoteInit$MethodAndArgsCaller.run(ZygoteInit.java:785)
W/SyncManagerFile(  366): 	at com.android.internal.os.ZygoteInit.main(ZygoteInit.java:601)
W/SyncManagerFile(  366): 	at dalvik.system.NativeStart.main(Native Method)
W/SyncManagerFile(  366): Caused by: libcore.io.ErrnoException: open failed: ENOENT (No such file or directory)
W/SyncManagerFile(  366): 	at libcore.io.Posix.open(Native Method)
W/SyncManagerFile(  366): 	at libcore.io.BlockGuardOs.open(BlockGuardOs.java:110)
W/SyncManagerFile(  366): 	at libcore.io.IoBridge.open(IoBridge.java:393)
W/SyncManagerFile(  366): 	... 27 more
I/SyncManager(  366): No initial statistics
D/SettingsProvider(  366): Generated and saved new ANDROID_ID [dc32c136d3b972e7] for user 0
I/SystemServer(  366): Lights Service
I/SystemServer(  366): Battery Service
E/ConsumerIrService(  366): Can't open consumer IR HW Module, error: -2
W/libsuspend(  366): Error writing 'on' to /sys/power/state: Invalid argument
I/SystemServer(  366): Vibrator Service
I/SystemServer(  366): Consumer IR Service
E/libsuspend(  366): Error opening /sys/power/autosleep: No such file or directory
I/libsuspend(  366): Selected wakeup count
D/PermissionCache(   58): checking android.permission.ACCESS_SURFACE_FLINGER for uid=1000 => granted (2241 us)
D/SurfaceFlinger(   58): Screen acquired, type=0 flinger=0xb8d29450
D/SurfaceFlinger(   58):  screen was previously acquired
I/SystemServer(  366): Alarm Manager
I/SystemServer(  366): Init Watchdog
I/SystemServer(  366): Input Manager
I/InputManager(  366): Initializing input manager, mUseDevInputEventForAudioJack=false
I/SystemServer(  366): Window Manager
I/WindowManager(  366): No existing display settings /data/system/display_settings.xml; starting empty
D/dalvikvm(  366): GC_CONCURRENT freed 291K, 65% free 4511K/12816K, paused 8ms+5ms, total 148ms
I/WindowManager(  366): No keyguard interface!
I/InputManager(  366): Starting input manager
I/SystemServer(  366): No Bluetooh Service (emulator)
I/SystemServer(  366): Input Method Service
E/EventHub(  366): could not get driver version for /dev/input/mouse0, Not a typewriter
W/EventHub(  366): Unable to disable kernel key repeat for /dev/input/event0: Function not implemented
I/EventHub(  366): New device: id=1, fd=93, path='/dev/input/event0', name='qwerty2', classes=0x2d, configuration='/system/usr/idc/qwerty2.idc', keyLayout='/system/usr/keylayout/qwerty.kl', keyCharacterMap='/system/usr/keychars/qwerty2.kcm', builtinKeyboard=true, usingSuspendBlockIoctl=true, usingClockIoctl=true
E/EventHub(  366): could not get driver version for /dev/input/mice, Not a typewriter
I/InputReader(  366): Device added: id=-1, name='Virtual', sources=0x00000301
I/InputReader(  366):   Touch device 'qwerty2' could not query the properties of its associated display.  The device will be inoperable until the display size becomes available.
I/InputReader(  366): Device added: id=0, name='qwerty2', sources=0x00011307
W/InputMethodManagerService(  366): No IME selected. Choose the most applicable IME.
I/InputMethodManagerService(  366): No default found, using com.android.inputmethod.latin/.LatinIME
I/SystemServer(  366): Accessibility Manager
I/InputReader(  366): Reconfiguring input devices.  changes=0x00000004
I/InputReader(  366): Device reconfigured: id=0, name='qwerty2', size 480x864, orientation 0, mode 1, display id 0
I/ActivityManager(  366): Config changes=1df8 {1.0 ?mcc?mnc en_US ldltr sw480dp w480dp h864dp 160dpi lrg long port ?uimode ?night -touch -keyb/h/h tball/v s.2}
I/ActivityManager(  366): Config changes=408 {1.0 ?mcc?mnc en_US ldltr sw480dp w480dp h839dp 160dpi lrg long port ?uimode ?night finger -keyb/h/h tball/v s.3}
I/SystemServer(  366): Mount Service
D/MountService(  366): got storage path: /storage/sdcard description: USB storage primary: true removable: false emulated: false mtpReserve: 0 allowMassStorage: false maxFileSize: 0
D/MountService(  366): addVolumeLocked() StorageVolume:
D/MountService(  366):     mStorageId=0 mPath=/storage/sdcard mDescriptionId=17040665 mPrimary=true 
D/MountService(  366):     mRemovable=false mEmulated=false mMtpReserveSpace=0 
D/MountService(  366):     mAllowMassStorage=false mMaxFileSize=0 mOwner=null mUuid=null 
D/MountService(  366):     mUserLabel=null mState=null 
I/SystemServer(  366): LockSettingsService
I/SystemServer(  366): Device Policy
I/SystemServer(  366): Status Bar
I/SystemServer(  366): Clipboard Service
I/SystemServer(  366): NetworkManagement Service
I/SystemServer(  366): Text Service Manager Service
W/MountService(  366): Duplicate state transition (unmounted -> unmounted) for /storage/sdcard
W/MountService(  366): getSecureContainerList() called when storage not mounted
I/PackageManager(  366): No secure containers on sdcard
W/PackageManager(  366): Not granting permission android.permission.GLOBAL_SEARCH to package com.android.quicksearchbox (protectionLevel=18 flags=0x8be45)
I/SystemServer(  366): NetworkStats Service
I/SystemServer(  366): NetworkPolicy Service
I/SystemServer(  366): Wi-Fi P2pService
W/PackageManager(  366): Unknown permission com.android.smspush.WAPPUSH_MANAGER_BIND in package com.android.phone
W/PackageManager(  366): Unknown permission com.google.android.googleapps.permission.GOOGLE_AUTH in package com.android.providers.calendar
W/PackageManager(  366): Unknown permission com.google.android.googleapps.permission.GOOGLE_AUTH.cl in package com.android.providers.calendar
W/PackageManager(  366): Unknown permission com.google.android.googleapps.permission.GOOGLE_AUTH.mail in package com.android.calendar
W/PackageManager(  366): Not granting permission android.permission.ACCESS_DOWNLOAD_MANAGER to package com.android.browser (protectionLevel=18 flags=0x9be45)
W/PackageManager(  366): Not granting permission android.permission.SEND_DOWNLOAD_COMPLETED_INTENTS to package com.android.browser (protectionLevel=2 flags=0x9be45)
W/PackageManager(  366): Not granting permission android.permission.BIND_APPWIDGET to package com.android.widgetpreview (protectionLevel=18 flags=0x8be44)
W/PackageManager(  366): Unknown permission android.permission.INSTALL_DRM in package com.android.mms
W/PackageManager(  366): Unknown permission com.google.android.googleapps.permission.GOOGLE_AUTH in package com.android.settings
W/PackageManager(  366): Unknown permission com.google.android.googleapps.permission.ACCESS_GOOGLE_PASSWORD in package com.android.development
W/PackageManager(  366): Unknown permission com.google.android.googleapps.permission.GOOGLE_AUTH in package com.android.development
W/PackageManager(  366): Unknown permission com.google.android.googleapps.permission.GOOGLE_AUTH.ALL_SERVICES in package com.android.development
W/PackageManager(  366): Unknown permission com.google.android.googleapps.permission.GOOGLE_AUTH.YouTubeUser in package com.android.development
W/PackageManager(  366): Not granting permission android.permission.DELETE_PACKAGES to package com.svox.pico (protectionLevel=18 flags=0x8be45)
W/PackageManager(  366): Not granting permission android.permission.DEVICE_POWER to package com.android.deskclock (protectionLevel=2 flags=0x48be45)
D/dalvikvm(  366): GC_CONCURRENT freed 316K, 64% free 4646K/12816K, paused 14ms+13ms, total 90ms
I/SystemServer(  366): Wi-Fi Service
D/WifiController(  366): isAirplaneModeOn = false, isWifiEnabled = false, isScanningAvailable = false
I/SystemServer(  366): Connectivity Service
D/ConnectivityService(  366): ConnectivityService starting up
D/ConnectivityService(  366): wifiOnly=false
E/MobileDataStateTracker(  366): default: Ignoring feature request because could not acquire PhoneService
E/MobileDataStateTracker(  366): default: Could not enable APN type "default"
I/WifiService(  366): WifiService starting up with Wi-Fi disabled
I/SystemServer(  366): Network Service Discovery Service
D/NsdService(  366): Network service discovery enabled true
I/SystemServer(  366): UpdateLock Service
I/SystemServer(  366): Notification Manager
I/SystemServer(  366): Device Storage Monitor
I/SystemServer(  366): Location Manager
I/SystemServer(  366): Country Detector
I/SystemServer(  366): Search Service
I/SystemServer(  366): DropBox Service
I/SystemServer(  366): Wallpaper Service
W/WallpaperService(  366): no current wallpaper -- first boot?
I/SystemServer(  366): Audio Service
D/dalvikvm(  366): GC_CONCURRENT freed 239K, 63% free 4842K/12816K, paused 6ms+5ms, total 89ms
I/SystemServer(  366): Dock Observer
W/DockObserver(  366): This kernel does not have dock station support
I/SystemServer(  366): Wired Accessory Manager
W/WiredAccessoryManager(  366): This kernel does not have wired headset support
W/WiredAccessoryManager(  366): This kernel does not have usb audio support
W/WiredAccessoryManager(  366): This kernel does not have HDMI audio support
I/SystemServer(  366): USB Service
I/SystemServer(  366): Serial Service
I/SystemServer(  366): Twilight Service
I/SystemServer(  366): UI Mode Manager Service
I/SystemServer(  366): Backup Service
V/BackupManagerService(  366): Initializing package tracking
V/BackupManagerService(  366): No ancestral data
V/BackupManagerService(  366): addPackageParticipantsLocked: all
I/BackupManagerService(  366): Scheduling backup for new app com.android.calendar
D/BackupManagerService(  366): Now staging backup of com.android.calendar
I/BackupManagerService(  366): Scheduling backup for new app com.android.browser
D/BackupManagerService(  366): Now staging backup of com.android.browser
I/BackupManagerService(  366): Scheduling backup for new app com.android.providers.userdictionary
D/BackupManagerService(  366): Now staging backup of com.android.providers.userdictionary
I/BackupManagerService(  366): Scheduling backup for new app com.android.sharedstoragebackup
D/BackupManagerService(  366): Now staging backup of com.android.sharedstoragebackup
I/BackupManagerService(  366): Scheduling backup for new app android
D/BackupManagerService(  366): Now staging backup of android
I/BackupManagerService(  366): Scheduling backup for new app com.android.dialer
D/BackupManagerService(  366): Now staging backup of com.android.dialer
I/BackupManagerService(  366): Scheduling backup for new app com.android.providers.settings
D/BackupManagerService(  366): Now staging backup of com.android.providers.settings
V/BackupManagerService(  366): Starting with transport android/com.android.internal.backup.LocalTransport
V/BackupManagerService(  366): Found transports: 1
I/BackupManagerService(  366): Binding to transport host ComponentInfo{android/com.android.internal.backup.LocalTransportService}
I/BackupManagerService(  366): Backup enabled => true
I/SystemServer(  366): AppWidget Service
I/SystemServer(  366): Recognition Service
I/SystemServer(  366): DiskStats Service
I/SystemServer(  366): SamplingProfiler Service
I/SystemServer(  366): NetworkTimeUpdateService
I/SystemServer(  366): CommonTimeManagementService
I/SystemServer(  366): CertBlacklister
I/SystemServer(  366): Dreams Service
I/SystemServer(  366): Assets Atlas Service
I/SystemServer(  366): IdleMaintenanceService
I/SystemServer(  366): Print Service
D/Atlas   (  366): Computing best atlas configuration...
D/Atlas   (  366): Running Thread-50
I/WindowManager(  366): SAFE MODE not enabled
I/SystemServer(  366): Media Router Service
D/Atlas   (  366): Found best atlas configuration in 0.08s
D/Atlas   (  366): Loaded configuration: SliceMinArea (768x768) flags=0x2 count=24
D/gralloc_goldfish(  366): Emulator without GPU emulation detected.
E/SQLiteLog(  366): (1) no such table: locksettings
I/LockSettingsService(  366): Migrated lock settings to new location
W/AssetAtlasService(  366): Could not find EGL configuration
I/LockSettingsService(  366): Migrated per-user lock settings to new location
D/Atlas   (  366): Rendered atlas in 35.67ms (6.26+29.41ms)
D/dalvikvm(  366): GC_CONCURRENT freed 326K, 62% free 4972K/12816K, paused 5ms+12ms, total 115ms
I/Zygote  (  366): Process: zygote socket opened
V/KeyguardServiceDelegate(  366): *** Keyguard started
V/KeyguardServiceDelegate(  366): onSystemReady() called before keyguard service was ready
I/ActivityManager(  366): Start proc com.android.systemui for service com.android.keyguard/.KeyguardService: pid=455 uid=10007 gids={50007, 1028, 1015, 1035, 3002, 3001}
F/SystemServer(  366): BOOT FAILURE making Package Manager Service ready
F/SystemServer(  366): java.lang.SecurityException: Unable to find app for caller android.app.ActivityThread$ApplicationThread@b340ba48 (pid=366) when registering receiver android.app.LoadedApk$ReceiverDispatcher$InnerReceiver@b324f3e8
F/SystemServer(  366): 	at com.android.server.am.ActivityManagerService.registerReceiver(ActivityManagerService.java:13021)
F/SystemServer(  366): 	at android.app.ContextImpl.registerReceiverInternal(ContextImpl.java:1450)
F/SystemServer(  366): 	at android.app.ContextImpl.registerReceiverAsUser(ContextImpl.java:1425)
F/SystemServer(  366): 	at com.android.internal.content.PackageMonitor.register(PackageMonitor.java:84)
F/SystemServer(  366): 	at com.android.server.pm.UserManagerService.systemReady(UserManagerService.java:237)
F/SystemServer(  366): 	at com.android.server.pm.PackageManagerService.systemReady(PackageManagerService.java:10476)
F/SystemServer(  366): 	at com.android.server.ServerThread.initAndLoop(SystemServer.java:893)
F/SystemServer(  366): 	at com.android.server.SystemServer.main(SystemServer.java:1179)
F/SystemServer(  366): 	at java.lang.reflect.Method.invokeNative(Native Method)
F/SystemServer(  366): 	at java.lang.reflect.Method.invoke(Method.java:515)
F/SystemServer(  366): 	at com.android.internal.os.ZygoteInit$MethodAndArgsCaller.run(ZygoteInit.java:785)
F/SystemServer(  366): 	at com.android.internal.os.ZygoteInit.main(ZygoteInit.java:601)
F/SystemServer(  366): 	at dalvik.system.NativeStart.main(Native Method)
W/SystemServer(  366): ***********************************************
I/ActivityManager(  366): Sending system update to ComponentInfo{com.android.providers.calendar/com.android.providers.calendar.CalendarUpgradeReceiver} for user 0
I/ActivityManager(  366): Sending system update to ComponentInfo{com.android.providers.contacts/com.android.providers.contacts.ContactsUpgradeReceiver} for user 0
I/ActivityManager(  366): Sending system update to ComponentInfo{com.android.providers.media/com.android.providers.media.MediaUpgradeReceiver} for user 0
I/SystemServer(  366): Enabled StrictMode for system server main thread.
I/ActivityManager(  366): Start proc com.android.providers.calendar for broadcast com.android.providers.calendar/.CalendarUpgradeReceiver: pid=466 uid=10001 gids={50001, 3003, 1028, 1015}
I/Choreographer(  366): Skipped 60 frames!  The application may be doing too much work on its main thread.
W/InputMethodManagerService(  366): Focus gain on non-focused client android.view.inputmethod.InputMethodManager$1@b308dad8 (uid=1000 pid=366)
V/BackupManagerService(  366): Connected to transport ComponentInfo{android/com.android.internal.backup.LocalTransportService}
V/BackupManagerService(  366): Registering transport android/com.android.internal.backup.LocalTransportService::android/com.android.internal.backup.LocalTransport = com.android.internal.backup.LocalTransport@b36d2960
I/ActivityManager(  366): Launching preboot mode app: ProcessRecord{b2ef7588 466:com.android.providers.calendar/u0a1}
E/SoundPool(  455): error loading /system/media/audio/ui/Lock.ogg
W/KeyguardViewMediator(  455): failed to load lock sound from /system/media/audio/ui/Lock.ogg
E/SoundPool(  455): error loading /system/media/audio/ui/Unlock.ogg
W/KeyguardViewMediator(  455): failed to load unlock sound from /system/media/audio/ui/Unlock.ogg
V/KeyguardService(  455): onCreate()
V/KeyguardServiceDelegate(  366): *** Keyguard connected (yay!)
V/KeyguardServiceDelegate(  366): **** SHOWN CALLED ****
I/ActivityManager(  366): Start proc android.process.acore for broadcast com.android.providers.contacts/.ContactsUpgradeReceiver: pid=484 uid=10002 gids={50002, 3003, 1028, 1015}
D/dalvikvm(  366): GC_CONCURRENT freed 324K, 61% free 5100K/12816K, paused 7ms+4ms, total 91ms
I/ActivityManager(  366): Launching preboot mode app: ProcessRecord{b3192ae8 484:android.process.acore/u0a2}
I/ContactsUpgradeReceiver(  484): Creating or opening contacts database
I/ContactsDatabaseHelper(  484): Bootstrapping database version: 803
D/dalvikvm(  484): GC_CONCURRENT freed 411K, 16% free 2795K/3300K, paused 31ms+2ms, total 118ms
D/dalvikvm(  484): GC_CONCURRENT freed 315K, 13% free 2880K/3300K, paused 4ms+1ms, total 39ms
I/ContactsProviderV1(  484): Bootstrapping database legacy support
I/ContactsDatabaseHelper(  484): Bootstrapping database version: 803
D/dalvikvm(  484): GC_CONCURRENT freed 334K, 13% free 2938K/3360K, paused 4ms+1ms, total 32ms
I/ContactsProviderV1(  484): Bootstrapping database legacy support
I/ContactsProvider(  484): Locale has changed from null to en_US
D/dalvikvm(  484): GC_CONCURRENT freed 343K, 13% free 3014K/3452K, paused 3ms+4ms, total 32ms
I/ContactsDatabaseHelper(  484): Switching to locale en_US (ICU v51.1.0.1)
I/ContactsDatabaseHelper(  484): Locale change completed in 520ms
I/ContactsDatabaseHelper(  484): Switching to locale en_US (ICU v51.1.0.1)
D/dalvikvm(  484): GC_CONCURRENT freed 361K, 13% free 3053K/3508K, paused 13ms+1ms, total 41ms
I/ContactsDatabaseHelper(  484): Locale change completed in 443ms
I/ActivityManager(  366): Start proc android.process.media for broadcast com.android.providers.media/.MediaUpgradeReceiver: pid=502 uid=10005 gids={50005, 1028, 1015, 1023, 1024, 2001, 3003, 3007}
I/ActivityManager(  366): Launching preboot mode app: ProcessRecord{b3446ff0 502:android.process.media/u0a5}
I/ActivityManager(  366): Writing new set of last done pre-boot receivers...
I/ActivityManager(  366): Removing system update proc: ProcessRecord{b2ef7588 466:com.android.providers.calendar/u0a1}
I/ActivityManager(  366): Killing 466:com.android.providers.calendar/u0a1 (adj 13): system update done
I/ActivityManager(  366): Removing system update proc: ProcessRecord{b3192ae8 484:android.process.acore/u0a2}
I/ActivityManager(  366): Killing 484:android.process.acore/u0a2 (adj 11): system update done
I/ActivityManager(  366): Removing system update proc: ProcessRecord{b3446ff0 502:android.process.media/u0a5}
I/ActivityManager(  366): Killing 502:android.process.media/u0a5 (adj 9): system update done
I/ActivityManager(  366): System now ready
W/ProcessCpuTracker(  366): Skipping unknown process pid 466
W/ProcessCpuTracker(  366): Skipping unknown process pid 484
W/ProcessCpuTracker(  366): Skipping unknown process pid 502
I/SystemServer(  366): Making services ready
D/NetworkManagementService(  366): enabling bandwidth control
I/Vold    (   53): /dev/block/vold/179:0 being considered for volume sdcard
D/Vold    (   53): Volume sdcard state changing 1 (Idle-Unmounted) -> 3 (Checking)
D/MountService(  366): volume state changed for /storage/sdcard (unmounted -> checking)
D/MountService(  366): sendStorageIntent Intent { act=android.intent.action.MEDIA_CHECKING dat=file:///storage/sdcard (has extras) } to UserHandle{-1}
D/SystemUIService(  455): loading: class com.android.systemui.recent.Recents
D/SystemUIService(  455): running: com.android.systemui.recent.Recents@b2d89010
D/SystemUIService(  455): loading: class com.android.systemui.statusbar.SystemBars
D/SystemUIService(  455): running: com.android.systemui.statusbar.SystemBars@b2d895f8
I/fsck_msdos(   53): ** /dev/block/vold/179:0
I/fsck_msdos(   53): Invalid signature in fsinfo block
I/fsck_msdos(   53): FIXED
I/fsck_msdos(   53): ** Phase 1 - Read and Compare FATs
I/fsck_msdos(   53): Attempting to allocate 794 KB for FAT
D/SystemUIService(  455): loading: class com.android.systemui.usb.StorageNotification
D/SystemUIService(  455): running: com.android.systemui.usb.StorageNotification@b2d8b348
D/dalvikvm(  366): GC_CONCURRENT freed 397K, 60% free 5220K/12816K, paused 12ms+5ms, total 284ms
D/SystemUIService(  455): loading: class com.android.systemui.power.PowerUI
D/SystemUIService(  455): running: com.android.systemui.power.PowerUI@b2d8ca70
D/SystemUIService(  455): loading: class com.android.systemui.media.RingtonePlayer
D/SystemUIService(  455): running: com.android.systemui.media.RingtonePlayer@b2d8d9e0
D/SystemUIService(  455): loading: class com.android.systemui.settings.SettingsUI
D/SystemUIService(  455): running: com.android.systemui.settings.SettingsUI@b2d8ecc8
I/fsck_msdos(   53): Attempting to allocate 794 KB for FAT
I/StatusBarManagerService(  366): registerStatusBar bar=com.android.internal.statusbar.IStatusBar$Stub$Proxy@b35e3a88
D/PhoneStatusBar(  455): mSettingsPanelGravity = 55
I/fsck_msdos(   53): ** Phase 2 - Check Cluster Chains
I/fsck_msdos(   53): ** Phase 3 - Checking Directories
I/fsck_msdos(   53): ** Phase 4 - Checking for Lost Files
I/fsck_msdos(   53): Free space in FSInfo block (201592) not correct (201591)
I/fsck_msdos(   53): FIXED
I/fsck_msdos(   53): 1 files, 100795 free (201591 clusters)
I/Vold    (   53): Filesystem check completed OK
D/dalvikvm(  455): GC_CONCURRENT freed 284K, 12% free 2829K/3204K, paused 4ms+4ms, total 183ms
W/Vold    (   53): blkid failed to identify /dev/block/vold/179:0
D/Vold    (   53): Volume sdcard state changing 3 (Checking) -> 4 (Mounted)
E/VoldConnector(  366): NDC Command {3 volume mount /storage/sdcard} took too long (919ms)
I/PackageManager(  366): Updating external media status from unmounted to mounted
D/MountService(  366): volume state changed for /storage/sdcard (checking -> mounted)
D/MountService(  366): sendStorageIntent Intent { act=android.intent.action.MEDIA_MOUNTED dat=file:///storage/sdcard (has extras) } to UserHandle{-1}
D/dalvikvm(  455): GC_FOR_ALLOC freed 35K, 9% free 2947K/3204K, paused 35ms, total 36ms
I/PackageManager(  366): No secure containers on sdcard
W/PackageManager(  366): Not granting permission android.permission.GLOBAL_SEARCH to package com.android.quicksearchbox (protectionLevel=18 flags=0x88be45)
W/PackageManager(  366): Unknown permission com.android.smspush.WAPPUSH_MANAGER_BIND in package com.android.phone
W/PackageManager(  366): Unknown permission com.google.android.googleapps.permission.GOOGLE_AUTH in package com.android.providers.calendar
W/PackageManager(  366): Unknown permission com.google.android.googleapps.permission.GOOGLE_AUTH.cl in package com.android.providers.calendar
W/PackageManager(  366): Unknown permission com.google.android.googleapps.permission.GOOGLE_AUTH.mail in package com.android.calendar
W/PackageManager(  366): Not granting permission android.permission.ACCESS_DOWNLOAD_MANAGER to package com.android.browser (protectionLevel=18 flags=0x89be45)
W/PackageManager(  366): Not granting permission android.permission.SEND_DOWNLOAD_COMPLETED_INTENTS to package com.android.browser (protectionLevel=2 flags=0x89be45)
W/PackageManager(  366): Not granting permission android.permission.BIND_APPWIDGET to package com.android.widgetpreview (protectionLevel=18 flags=0x8be44)
W/PackageManager(  366): Unknown permission android.permission.INSTALL_DRM in package com.android.mms
W/PackageManager(  366): Unknown permission com.google.android.googleapps.permission.GOOGLE_AUTH in package com.android.settings
W/PackageManager(  366): Unknown permission com.google.android.googleapps.permission.ACCESS_GOOGLE_PASSWORD in package com.android.development
W/PackageManager(  366): Unknown permission com.google.android.googleapps.permission.GOOGLE_AUTH in package com.android.development
W/PackageManager(  366): Unknown permission com.google.android.googleapps.permission.GOOGLE_AUTH.ALL_SERVICES in package com.android.development
W/PackageManager(  366): Unknown permission com.google.android.googleapps.permission.GOOGLE_AUTH.YouTubeUser in package com.android.development
W/PackageManager(  366): Not granting permission android.permission.DELETE_PACKAGES to package com.svox.pico (protectionLevel=18 flags=0x88be45)
W/PackageManager(  366): Not granting permission android.permission.DEVICE_POWER to package com.android.deskclock (protectionLevel=2 flags=0xc8be45)
E/BluetoothAdapter(  455): Bluetooth binder is null
E/BluetoothAdapter(  455): Bluetooth binder is null
D/dalvikvm(  455): GC_CONCURRENT freed 54K, 6% free 3300K/3480K, paused 4ms+1ms, total 61ms
E/BluetoothAdapter(  455): Bluetooth binder is null
E/BluetoothAdapter(  455): Bluetooth binder is null
I/ActivityManager(  366): Start proc android.process.acore for content provider com.android.providers.contacts/.ContactsProvider2: pid=554 uid=10002 gids={50002, 3003, 1028, 1015}
D/PhoneStatusBar(  455): disable: < expand icons alerts ticker system_info back home recent clock search >
E/BluetoothAdapter(  455): Bluetooth binder is null
D/PhoneStatusBar(  455): heads up is disabled
I/Choreographer(  455): Skipped 389 frames!  The application may be doing too much work on its main thread.
E/NetdConnector(  366): NDC Command {1 bandwidth enable} took too long (3122ms)
D/dalvikvm(  366): GC_CONCURRENT freed 621K, 61% free 5118K/12816K, paused 21ms+63ms, total 457ms
E/NetdConnector(  366): NDC Command {2 firewall disable} took too long (732ms)
D/dalvikvm(  455): GC_CONCURRENT freed 139K, 7% free 3551K/3784K, paused 33ms+3ms, total 123ms
I/Choreographer(  455): Skipped 335 frames!  The application may be doing too much work on its main thread.
D/gralloc_goldfish(  455): Emulator without GPU emulation detected.
D/dalvikvm(  554): GC_CONCURRENT freed 214K, 10% free 2995K/3300K, paused 4ms+2ms, total 262ms
D/dalvikvm(  554): WAIT_FOR_CONCURRENT_GC blocked 44ms
D/dalvikvm(  554): WAIT_FOR_CONCURRENT_GC blocked 56ms
E/NetdConnector(  366): NDC Command {4 bandwidth setglobalalert 2097152} took too long (607ms)
I/Choreographer(  455): Skipped 66 frames!  The application may be doing too much work on its main thread.
E/NetdConnector(  366): NDC Command {5 firewall disable} took too long (565ms)
I/ActivityManager(  366): Config changes=200 {1.0 ?mcc?mnc en_US ldltr sw480dp w480dp h839dp 160dpi lrg long port finger -keyb/h/h tball/v s.4}
W/RecognitionManagerService(  366): no available voice recognition services found for user 0
D/PhoneStatusBar(  455): mSettingsPanelGravity = 55
W/AppWidgetServiceImpl(  366): Failed to read state: java.io.FileNotFoundException: /data/system/users/0/appwidgets.xml: open failed: ENOENT (No such file or directory)
W/InputMethodManagerService(  366): Ignoring setImeWindowStatus of uid 1000 token: null
W/InputMethodUtils(  366): Found no subtypes in a system IME: com.android.inputmethod.pinyin
W/InputMethodManagerService(  366): Reset the default IME as "Resource" is ready here.
W/InputMethodUtils(  366): Found no subtypes in a system IME: com.android.inputmethod.pinyin
I/InputMethodManagerService(  366): Selected default: com.android.inputmethod.latin/.LatinIME
I/ActivityManager(  366): Start proc com.android.inputmethod.latin for service com.android.inputmethod.latin/.LatinIME: pid=596 uid=10029 gids={50029, 1028, 1015}
V/InputMethodManagerService(  366): Adding window token: android.os.Binder@b32ea630
D/dalvikvm(  455): GC_FOR_ALLOC freed 97K, 6% free 3561K/3784K, paused 123ms, total 124ms
I/ActivityManager(  366): Config changes=20 {1.0 ?mcc?mnc en_US ldltr sw480dp w480dp h839dp 160dpi lrg long port finger -keyb/v/h tball/v s.5}
W/InputMethodManagerService(  366): Illegal subtype state: old subtype = null, new subtype = android.view.inputmethod.InputMethodSubtype@c9194f98
W/GpsLocationProvider(  366): Could not open GPS configuration file /etc/gps.conf
W/ServiceWatcher(  366): com.google.android.location not found
W/ServiceWatcher(  366): com.google.android.location not found
W/ServiceWatcher(  366): com.google.android.location not found
W/LocationManagerService(  366): no network location provider found
W/ServiceWatcher(  366): com.google.android.location not found
E/FlpHardwareProvider(  366): Error hw_get_module 'flp': -2
W/ServiceWatcher(  366): com.google.android.location not found
E/FlpHardwareProvider(  366): Error hw_get_module 'flp': -2
W/ServiceWatcher(  366): com.google.android.location not found
E/LocationManagerService(  366): no geocoder provider found
E/LocationManagerService(  366): No FusedProvider found.
I/dalvikvm-heap(  455): Grow heap (frag case) to 6.495MB for 3072016-byte allocation
E/LocationManagerService(  366): no geofence provider found
D/dalvikvm(  455): GC_FOR_ALLOC freed 4K, 4% free 6557K/6788K, paused 60ms, total 60ms
D/dalvikvm(  455): GC_CONCURRENT freed 0K, 4% free 6558K/6788K, paused 4ms+3ms, total 46ms
D/dalvikvm(  366): GC_CONCURRENT freed 457K, 59% free 5268K/12816K, paused 7ms+37ms, total 274ms
D/dalvikvm(  366): WAIT_FOR_CONCURRENT_GC blocked 123ms
I/CommonTimeManagementService(  366): No common time service detected on this platform.  Common time services will be unavailable.
I/InputReader(  366): Reconfiguring input devices.  changes=0x00000020
I/ActivityManager(  366): Start proc com.android.phone for added application com.android.phone: pid=611 uid=1001 gids={41001, 3002, 3001, 3003, 1028, 1015}
I/ActivityManager(  366): START u0 {act=android.intent.action.MAIN cat=[android.intent.category.HOME] flg=0x10000000 cmp=com.android.settings/.CryptKeeper} from pid 0
I/InputReader(  366): Reconfiguring input devices.  changes=0x00000010
I/ActivityManager(  366): Start proc com.android.settings for activity com.android.settings/.CryptKeeper: pid=621 uid=1000 gids={41000, 1028, 1015, 3002, 3001, 3003}
I/FusedLocation(  366): engine started (com.android.location.fused)
I/ActivityManager(  366): Start proc android.process.media for broadcast com.android.providers.downloads/.DownloadReceiver: pid=632 uid=10005 gids={50005, 1028, 1015, 1023, 1024, 2001, 3003, 3007}
D/dalvikvm(   59): WAIT_FOR_CONCURRENT_GC blocked 1ms
D/dalvikvm(   59): GC_EXPLICIT freed 38K, 5% free 2705K/2836K, paused 2ms+2ms, total 70ms
D/dalvikvm(   59): GC_EXPLICIT freed <1K, 5% free 2705K/2836K, paused 3ms+12ms, total 40ms
D/dalvikvm(   59): GC_EXPLICIT freed <1K, 5% free 2705K/2836K, paused 2ms+15ms, total 49ms
D/dalvikvm(  455): GC_FOR_ALLOC freed 3003K, 6% free 3563K/3784K, paused 137ms, total 141ms
I/dalvikvm-heap(  455): Grow heap (frag case) to 6.496MB for 3072016-byte allocation
D/dalvikvm(  455): GC_FOR_ALLOC freed <1K, 4% free 6563K/6788K, paused 40ms, total 40ms
D/dalvikvm(  455): GC_CONCURRENT freed 0K, 4% free 6563K/6788K, paused 4ms+2ms, total 135ms
I/LatinIME(  596): Hardware accelerated drawing: true
W/WindowManager(  366): Window freeze timeout expired.
W/WindowManager(  366): Force clearing orientation change: Window{b3089fa8 u0 StatusBar}
W/WindowManager(  366): Force clearing orientation change: Window{b35393d0 u0 com.android.systemui.ImageWallpaper}
D/dalvikvm(  366): GC_CONCURRENT freed 551K, 59% free 5361K/12816K, paused 150ms+5ms, total 287ms
D/dalvikvm(  366): WAIT_FOR_CONCURRENT_GC blocked 54ms
D/PhoneStatusBar(  455): mSettingsPanelGravity = 55
I/ActivityManager(  366): START u0 {act=android.intent.action.MAIN cat=[android.intent.category.HOME] flg=0x10000000 cmp=com.android.sdksetup/.DefaultActivity} from pid 0
I/ActivityManager(  366): Start proc com.android.sdksetup for activity com.android.sdksetup/.DefaultActivity: pid=655 uid=10042 gids={50042}
V/StatusBar(  455): userId 0 is in the house
I/Choreographer(  455): Skipped 44 frames!  The application may be doing too much work on its main thread.
W/InputAttributes(  596): No editor info for this field. Bug?
D/dalvikvm(  596): GC_CONCURRENT freed 222K, 10% free 2887K/3204K, paused 4ms+15ms, total 155ms
I/ResourceUtils(  596): Found default value: resource=keypress_vibration_durations build=[HARDWARE=goldfish MODEL=sdk BRAND=generic MANUFACTURER=unknown] default=-1
I/ResourceUtils(  596): Found default value: resource=keypress_volumes build=[HARDWARE=goldfish MODEL=sdk BRAND=generic MANUFACTURER=unknown] default=-1.0f
I/ActivityManager(  366): Start proc com.android.printspooler for service com.android.printspooler/.PrintSpoolerService: pid=672 uid=10039 gids={50039}
I/ActivityManager(  366): Force stopping com.android.sdksetup appid=10042 user=0: pkg changed
I/ActivityManager(  366): Killing 655:com.android.sdksetup/u0a42 (adj 0): stop com.android.sdksetup
I/ActivityManager(  366):   Force finishing activity ActivityRecord{b3032f28 u0 com.android.sdksetup/.DefaultActivity t2}
I/LatinIME:LogUtils(  596): Dictionary info: dictionary = PersonalizationPredictionDictio ; version = ? ; date = 1545894040
I/LatinIME:LogUtils(  596): Dictionary info: dictionary = personalization.en_US.dict ; version = ? ; date = 1545894040
I/ActivityManager(  366): START u0 {act=android.intent.action.MAIN cat=[android.intent.category.HOME] flg=0x10000000 cmp=com.android.launcher/com.android.launcher2.Launcher} from pid 0
D/dalvikvm(  611): GC_CONCURRENT freed 170K, 9% free 2921K/3184K, paused 5ms+2ms, total 170ms
I/LatinIME:LogUtils(  596): Dictionary info: dictionary = UserHistoryDictionary.en_US.dic ; version = ? ; date = 1545894040
I/ActivityManager(  366): Start proc com.android.launcher for activity com.android.launcher/com.android.launcher2.Launcher: pid=694 uid=10008 gids={50008}
I/InputReader(  366): Reconfiguring input devices.  changes=0x00000010
W/BackupManagerService(  366): dataChanged but no participant pkg='com.android.providers.settings' uid=1001
I/PackageManager(  366):   Action: "android.intent.action.SENDTO"
I/PackageManager(  366):   Category: "android.intent.category.DEFAULT"
I/PackageManager(  366):   Scheme: "sms"
I/PackageManager(  366): Adding preferred activity ComponentInfo{com.android.mms/com.android.mms.ui.ComposeMessageActivity} for user 0 :
I/PackageManager(  366):   Action: "android.intent.action.SENDTO"
I/PackageManager(  366):   Category: "android.intent.category.DEFAULT"
I/PackageManager(  366):   Scheme: "smsto"
I/PackageManager(  366): Adding preferred activity ComponentInfo{com.android.mms/com.android.mms.ui.ComposeMessageActivity} for user 0 :
I/PackageManager(  366):   Action: "android.intent.action.SENDTO"
I/PackageManager(  366):   Category: "android.intent.category.DEFAULT"
I/PackageManager(  366):   Scheme: "mms"
I/PackageManager(  366): Adding preferred activity ComponentInfo{com.android.mms/com.android.mms.ui.ComposeMessageActivity} for user 0 :
D/dalvikvm(  366): GC_CONCURRENT freed 559K, 58% free 5470K/12816K, paused 6ms+5ms, total 410ms
D/dalvikvm(  366): WAIT_FOR_CONCURRENT_GC blocked 343ms
D/dalvikvm(  366): WAIT_FOR_CONCURRENT_GC blocked 305ms
D/dalvikvm(  366): WAIT_FOR_CONCURRENT_GC blocked 304ms
D/dalvikvm(  366): WAIT_FOR_CONCURRENT_GC blocked 246ms
D/dalvikvm(  366): WAIT_FOR_CONCURRENT_GC blocked 105ms
I/PackageManager(  366):   Action: "android.intent.action.SENDTO"
I/PackageManager(  366):   Category: "android.intent.category.DEFAULT"
I/PackageManager(  366):   Scheme: "mmsto"
I/PackageManager(  366): Adding preferred activity ComponentInfo{com.android.mms/com.android.mms.ui.ComposeMessageActivity} for user 0 :
I/PrintSpoolerService(  672): No existing print spooler state.
I/PackageManager(  366):   Action: "android.intent.action.SENDTO"
I/PackageManager(  366):   Category: "android.intent.category.DEFAULT"
I/PackageManager(  366):   Scheme: "sms"
I/PackageManager(  366): Adding preferred activity ComponentInfo{com.android.mms/com.android.mms.ui.ComposeMessageActivity} for user 0 :
I/PackageManager(  366):   Action: "android.intent.action.SENDTO"
I/PackageManager(  366):   Category: "android.intent.category.DEFAULT"
I/PackageManager(  366):   Scheme: "smsto"
I/PackageManager(  366): Adding preferred activity ComponentInfo{com.android.mms/com.android.mms.ui.ComposeMessageActivity} for user 0 :
I/PackageManager(  366):   Action: "android.intent.action.SENDTO"
I/PackageManager(  366):   Category: "android.intent.category.DEFAULT"
I/PackageManager(  366):   Scheme: "mms"
I/PackageManager(  366): Adding preferred activity ComponentInfo{com.android.mms/com.android.mms.ui.ComposeMessageActivity} for user 0 :
I/PackageManager(  366):   Action: "android.intent.action.SENDTO"
I/PackageManager(  366):   Category: "android.intent.category.DEFAULT"
I/PackageManager(  366):   Scheme: "mmsto"
I/PackageManager(  366): Adding preferred activity ComponentInfo{com.android.mms/com.android.mms.ui.ComposeMessageActivity} for user 0 :
D/dalvikvm(  596): GC_CONCURRENT freed 393K, 14% free 2999K/3484K, paused 7ms+77ms, total 289ms
D/dalvikvm(  596): WAIT_FOR_CONCURRENT_GC blocked 51ms
E/BluetoothAdapter(  611): Bluetooth binder is null
E/BluetoothAdapter(  611): Bluetooth binder is null
I/FusedLocation(  366): engine stopped (com.android.location.fused)
I/FusedLocation(  366): engine started (com.android.location.fused)
D/dalvikvm(  596): GC_CONCURRENT freed 434K, 17% free 2972K/3564K, paused 12ms+10ms, total 77ms
D/CallNotifier(  611): CallNotifier: mSignalInfoToneGenerator created when toneplay
E/BluetoothAdapter(  611): Bluetooth binder is null
D/dalvikvm(  366): GC_CONCURRENT freed 664K, 58% free 5473K/12816K, paused 6ms+21ms, total 477ms
D/MobileDataStateTracker(  366): fota: Broadcast received: android.intent.action.ANY_DATA_STATE apnType=fota
