I/ActivityManager(  366): Start proc com.android.providers.calendar for content provider com.android.providers.calendar/.CalendarProvider2: pid=947 uid=10001 gids={50001, 3003, 1028, 1015}
D/dalvikvm(   59): GC_EXPLICIT freed 40K, 5% free 2705K/2840K, paused 2ms+2ms, total 48ms
D/dalvikvm(   59): GC_EXPLICIT freed <1K, 5% free 2705K/2840K, paused 4ms+2ms, total 34ms
D/dalvikvm(   59): GC_EXPLICIT freed <1K, 5% free 2705K/2840K, paused 2ms+2ms, total 42ms
I/ContactDirectoryManager(  554): deleted 0 stale rows which don't have any relevant directory
D/ActivityThread(  925): Loading provider com.android.email.provider;com.android.email.notifier: com.android.email.provider.EmailProvider
I/ContactDirectoryManager(  554): Discovered 0 contact directories in 5934ms
D/ConnectivityService(  366): [CheckMp] isMobileOk: not connected ni=NetworkInfo: type: mobile_hipri[UMTS], state: DISCONNECTED/IDLE, reason: (unspecified), extra: (none), roaming: false, failover: false, isAvailable: true, isConnectedToProvisioningNetwork: false
I/CalendarDatabaseHelper(  947): Bootstrapping database
V/AlarmClock(  943): AlarmInitReceiver android.intent.action.TIMEZONE_CHANGED
I/ContactsProvider(  554): Upgrading aggregation algorithm
I/AlarmClock(  943): Alarms Table created
I/AlarmClock(  943): Instance table created
I/AlarmClock(  943): Cities table created
I/AlarmClock(  943): Inserting default alarms
I/ContactAggregator(  554): Marked all visible contacts for aggregation: 0 raw contacts, 5 ms
I/AlarmClock(  943): Displaying next alarm time: ''
I/CalendarProvider2(  947): Created com.android.providers.calendar.CalendarAlarmManager@b2d6f848(com.android.providers.calendar.CalendarProvider2@b2d5bf20)
W/BackupManagerService(  366): dataChanged but no participant pkg='com.android.providers.settings' uid=10020
V/AlarmClock(  943): AlarmInitReceiver finished
E/BluetoothAdapter(  621): Bluetooth binder is null
I/ContactsProvider(  554): Aggregation algorithm upgraded for 0 raw contacts in 449ms
I/ActivityManager(  366): Start proc com.android.dialer for broadcast com.android.dialer/.calllog.CallLogReceiver: pid=972 uid=10004 gids={50004, 3003, 1028, 1015}
D/ConnectivityService(  366): [CheckMp] isMobileOk: not connected ni=NetworkInfo: type: mobile_hipri[UMTS], state: DISCONNECTED/IDLE, reason: (unspecified), extra: (none), roaming: false, failover: false, isAvailable: true, isConnectedToProvisioningNetwork: false
W/RecognitionManagerService(  366): no available voice recognition services found for user 0
D/ExtensionsFactory(  972): No custom extensions.
I/ActivityManager(  366): Delay finish: com.android.dialer/.calllog.CallLogReceiver
I/ContactsFTS(  554): Rebuild contact search index in 589ms, 0 contacts
D/dalvikvm(  554): GC_CONCURRENT freed 303K, 12% free 3086K/3484K, paused 12ms+2ms, total 59ms
I/ActivityManager(  366): Resuming delayed broadcast
E/BluetoothAdapter(  366): Bluetooth binder is null
E/BluetoothAdapter(  366): Bluetooth binder is null
V/WiredAccessoryManager(  366): init()
I/PowerManagerService(  366): Boot animation finished.
E/SoundPool(  366): error loading /system/media/audio/ui/Effect_Tick.ogg
W/AudioService(  366): Soundpool could not load file: /system/media/audio/ui/Effect_Tick.ogg
E/SoundPool(  366): error loading /system/media/audio/ui/Effect_Tick.ogg
W/AudioService(  366): Soundpool could not load file: /system/media/audio/ui/Effect_Tick.ogg
E/SoundPool(  366): error loading /system/media/audio/ui/Effect_Tick.ogg
W/AudioService(  366): Soundpool could not load file: /system/media/audio/ui/Effect_Tick.ogg
E/SoundPool(  366): error loading /system/media/audio/ui/Effect_Tick.ogg
W/AudioService(  366): Soundpool could not load file: /system/media/audio/ui/Effect_Tick.ogg
E/SoundPool(  366): error loading /system/media/audio/ui/Effect_Tick.ogg
W/AudioService(  366): Soundpool could not load file: /system/media/audio/ui/Effect_Tick.ogg
E/SoundPool(  366): error loading /system/media/audio/ui/KeypressStandard.ogg
W/AudioService(  366): Soundpool could not load file: /system/media/audio/ui/KeypressStandard.ogg
E/SoundPool(  366): error loading /system/media/audio/ui/KeypressSpacebar.ogg
W/AudioService(  366): Soundpool could not load file: /system/media/audio/ui/KeypressSpacebar.ogg
E/SoundPool(  366): error loading /system/media/audio/ui/KeypressDelete.ogg
W/AudioService(  366): Soundpool could not load file: /system/media/audio/ui/KeypressDelete.ogg
E/SoundPool(  366): error loading /system/media/audio/ui/KeypressReturn.ogg
W/AudioService(  366): Soundpool could not load file: /system/media/audio/ui/KeypressReturn.ogg
E/SoundPool(  366): error loading /system/media/audio/ui/KeypressInvalid.ogg
W/AudioService(  366): Soundpool could not load file: /system/media/audio/ui/KeypressInvalid.ogg
W/AudioService(  366): onLoadSoundEffects(), Error -1 while loading samples
I/CalendarProvider2(  947): Sending notification intent: Intent { act=android.intent.action.PROVIDER_CHANGED dat=content://com.android.calendar }
D/ConnectivityService(  366): [CheckMp] isMobileOk: not connected ni=NetworkInfo: type: mobile_hipri[UMTS], state: DISCONNECTED/IDLE, reason: (unspecified), extra: (none), roaming: false, failover: false, isAvailable: true, isConnectedToProvisioningNetwork: false
W/ContentResolver(  947): Failed to get type for: content://com.android.calendar (Unknown URL content://com.android.calendar)
I/RecoverySystem(  366): No recovery log file
I/BootReceiver(  366): Copying audit failures to DropBox
I/BootReceiver(  366): Checking for fsck errors
D/dalvikvm(  366): GC_CONCURRENT freed 691K, 56% free 5758K/12816K, paused 47ms+5ms, total 152ms
D/dalvikvm(  925): GC_CONCURRENT freed 213K, 10% free 2888K/3196K, paused 5ms+2ms, total 414ms
I/ActivityManager(  366): Delay finish: com.android.providers.media/.MediaScannerReceiver
I/ActivityManager(  366): Resuming delayed broadcast
I/ActivityManager(  366): Start proc com.android.mms for broadcast com.android.mms/.transaction.MmsSystemEventReceiver: pid=1001 uid=10009 gids={50009, 3003, 1028, 1015}
D/ConnectivityService(  366): [CheckMp] isMobileOk: not connected ni=NetworkInfo: type: mobile_hipri[UMTS], state: DISCONNECTED/IDLE, reason: (unspecified), extra: (none), roaming: false, failover: false, isAvailable: true, isConnectedToProvisioningNetwork: false
I/MediaProvider(  632): Upgrading media database from version 0 to 700, which will destroy all old data
D/CountryDetector(  366): The first listener is added
V/MmsConfig( 1001): mnc/mcc: 310260
V/MmsConfig( 1001): tag: bool value: enabledMMS - true
V/MmsConfig( 1001): tag: int value: maxMessageSize - 307200
V/MmsConfig( 1001): tag: int value: maxImageHeight - 480
V/MmsConfig( 1001): tag: int value: maxImageWidth - 640
V/MmsConfig( 1001): tag: int value: defaultSMSMessagesPerThread - 10000
V/MmsConfig( 1001): tag: int value: defaultMMSMessagesPerThread - 1000
V/MmsConfig( 1001): tag: int value: minMessageCountPerThread - 10
V/MmsConfig( 1001): tag: int value: maxMessageCountPerThread - 5000
V/MmsConfig( 1001): tag: string value: uaProfUrl - http://www.google.com/oha/rdf/ua-profile-kila.xml
V/MmsConfig( 1001): tag: int value: recipientLimit - -1
V/MmsConfig( 1001): tag: bool value: enableMultipartSMS - true
V/MmsConfig( 1001): tag: int value: smsToMmsTextThreshold - -1
V/MmsConfig( 1001): tag: bool value: enableSlideDuration - true
V/MmsConfig( 1001): tag: int value: maxMessageTextSize - -1
I/ActivityManager(  366): Delay finish: com.android.mms/.transaction.MmsSystemEventReceiver
W/ActivityManager(  366): Unable to start service Intent { cmp=com.android.email/.service.AttachmentDownloadService } U=0: not found
W/ActivityManager(  366): Unable to start service Intent { cmp=com.android.email/.service.AttachmentDownloadService } U=0: not found
I/Email   (  925): Observing account changes for notifications
D/Mms:app ( 1001): cancelNotification
D/ConnectivityService(  366): [CheckMp] isMobileOk: not connected ni=NetworkInfo: type: mobile_hipri[UMTS], state: DISCONNECTED/IDLE, reason: (unspecified), extra: (none), roaming: false, failover: false, isAvailable: true, isConnectedToProvisioningNetwork: false
I/ActivityManager(  366): Resuming delayed broadcast
I/ActivityManager(  366): Delay finish: com.android.mms/.transaction.SmsReceiver
D/MmsSmsDatabaseHelper(  611): [MmsSmsDb] tableName: threads hasAutoIncrement: CREATE TABLE threads (_id INTEGER PRIMARY KEY AUTOINCREMENT,date INTEGER DEFAULT 0,message_count INTEGER DEFAULT 0,recipient_ids TEXT,snippet TEXT,snippet_cs INTEGER DEFAULT 0,read INTEGER DEFAULT 1,type INTEGER DEFAULT 0,error INTEGER DEFAULT 0,has_attachment INTEGER DEFAULT 0) result: true
D/MmsSmsDatabaseHelper(  611): [MmsSmsDb] tableName: canonical_addresses hasAutoIncrement: CREATE TABLE canonical_addresses (_id INTEGER PRIMARY KEY AUTOINCREMENT,address TEXT) result: true
D/MmsSmsDatabaseHelper(  611): [MmsSmsDb] tableName: part hasAutoIncrement: CREATE TABLE part (_id INTEGER PRIMARY KEY AUTOINCREMENT,mid INTEGER,seq INTEGER DEFAULT 0,ct TEXT,name TEXT,chset INTEGER,cd TEXT,fn TEXT,cid TEXT,cl TEXT,ctt_s INTEGER,ctt_t TEXT,_data TEXT,text TEXT) result: true
D/MmsSmsDatabaseHelper(  611): [MmsSmsDb] tableName: pdu hasAutoIncrement: CREATE TABLE pdu (_id INTEGER PRIMARY KEY AUTOINCREMENT,thread_id INTEGER,date INTEGER,date_sent INTEGER DEFAULT 0,msg_box INTEGER,read INTEGER DEFAULT 0,m_id TEXT,sub TEXT,sub_cs INTEGER,ct_t TEXT,ct_l TEXT,exp INTEGER,m_cls TEXT,m_type INTEGER,v INTEGER,m_size INTEGER,pri INTEGER,rr INTEGER,rpt_a INTEGER,resp_st INTEGER,st INTEGER,tr_id TEXT,retr_st INTEGER,retr_txt TEXT,retr_txt_cs INTEGER,read_status INTEGER,ct_cls INTEGER,resp_txt TEXT,d_tm INTEGER,d_rpt INTEGER,locked INTEGER DEFAULT 0,seen INTEGER DEFAULT 0,text_only INTEGER DEFAULT 0) result: true
D/MmsSmsDatabaseHelper(  611): [getWritableDatabase] hasAutoIncrementThreads: true hasAutoIncrementAddresses: true hasAutoIncrementPart: true hasAutoIncrementPdu: true
D/Mms:app ( 1001): cancelNotification
I/ActivityManager(  366): Resuming delayed broadcast
D/AlertReceiver(  912): onReceive: a=android.intent.action.BOOT_COMPLETED Intent { act=android.intent.action.BOOT_COMPLETED flg=0x8000010 cmp=com.android.calendar/.alerts.AlertReceiver (has extras) }
I/ActivityManager(  366): Delay finish: com.android.calendar/.alerts.AlertReceiver
D/AlertUtils(  912): Flushing old alerts from shared prefs table
D/AlertService(  912): 0 Action = android.intent.action.BOOT_COMPLETED
D/AlertService(  912): Scheduling next alarm with AlarmScheduler. sEventReminderReceived: null
D/dalvikvm(  912): GC_CONCURRENT freed 281K, 12% free 2834K/3212K, paused 5ms+7ms, total 114ms
D/AlarmScheduler(  912): No events found starting within 1 week.
E/SQLiteLog(  632): (1) no such table: files
D/ConnectivityService(  366): [CheckMp] isMobileOk: not connected ni=NetworkInfo: type: mobile_hipri[UMTS], state: DISCONNECTED/IDLE, reason: (unspecified), extra: (none), roaming: false, failover: false, isAvailable: true, isConnectedToProvisioningNetwork: false
E/WVMExtractor(   61): Failed to open libwvm.so
V/MediaScanner(  632): pruneDeadThumbnailFiles... android.database.sqlite.SQLiteCursor@b2dcc398
V/MediaScanner(  632): /pruneDeadThumbnailFiles... android.database.sqlite.SQLiteCursor@b2dcc398
I/ActivityManager(  366): Resuming delayed broadcast
V/AlarmClock(  943): AlarmInitReceiver android.intent.action.BOOT_COMPLETED
D/ConnectivityService(  366): [CheckMp] isMobileOk: not connected ni=NetworkInfo: type: mobile_hipri[UMTS], state: DISCONNECTED/IDLE, reason: (unspecified), extra: (none), roaming: false, failover: false, isAvailable: true, isConnectedToProvisioningNetwork: false
V/AlarmClock(  943): AlarmInitReceiver - Reset timers and clear stopwatch data
V/AlarmClock(  943): AlarmInitReceiver - resetting volume button default
I/AlarmClock(  943): Displaying next alarm time: ''
D/dalvikvm(  943): GC_CONCURRENT freed 385K, 15% free 2823K/3308K, paused 5ms+12ms, total 83ms
D/dalvikvm(  943): WAIT_FOR_CONCURRENT_GC blocked 5ms
V/AlarmClock(  943): AlarmInitReceiver finished
I/ActivityManager(  366): Delay finish: com.android.email/.service.EmailUpgradeBroadcastReceiver
E/MetadataRetrieverClient(   61): failed to extract an album art
I/ActivityManager(  366): Resuming delayed broadcast
I/Email   (  925): Onetime initialization: 1
I/Email   (  925): Onetime initialization: 2
I/ActivityManager(  366): Delay finish: com.android.email/.service.EmailBroadcastReceiver
I/Email   (  925): Onetime initialization: completed.
I/ActivityManager(  366): Delaying start of: ServiceRecord{b302d338 u0 com.android.exchange/.service.EmailSyncAdapterService}
I/ActivityManager(  366): Resuming delayed broadcast
I/LauncherIconVisibilityManager(  596): Boot has been completed
I/LauncherIconVisibilityManager(  596): Disable activity: ComponentInfo{com.android.inputmethod.latin/com.android.inputmethod.latin.setup.SetupActivity}
D/dalvikvm(  366): GC_CONCURRENT freed 722K, 56% free 5764K/12816K, paused 7ms+5ms, total 153ms
E/BluetoothAdapter(  621): Bluetooth binder is null
I/ActivityManager(  366): Delay finish: com.android.deskclock/com.android.alarmclock.AnalogAppWidgetProvider
D/dalvikvm( 1001): GC_CONCURRENT freed 225K, 11% free 2874K/3196K, paused 5ms+2ms, total 73ms
E/StrictMode( 1001): A resource was acquired at attached stack trace but never released. See java.io.Closeable for information on avoiding resource leaks.
E/StrictMode( 1001): java.lang.Throwable: Explicit termination method 'release' not called
E/StrictMode( 1001): 	at dalvik.system.CloseGuard.open(CloseGuard.java:184)
E/StrictMode( 1001): 	at android.drm.DrmManagerClient.<init>(DrmManagerClient.java:258)
E/StrictMode( 1001): 	at com.google.android.mms.pdu.PduPersister.<init>(PduPersister.java:288)
E/StrictMode( 1001): 	at com.google.android.mms.pdu.PduPersister.getPduPersister(PduPersister.java:296)
E/StrictMode( 1001): 	at com.android.mms.transaction.TransactionService.onNewIntent(TransactionService.java:224)
E/StrictMode( 1001): 	at com.android.mms.transaction.TransactionService$ServiceHandler.handleMessage(TransactionService.java:621)
E/StrictMode( 1001): 	at android.os.Handler.dispatchMessage(Handler.java:102)
E/StrictMode( 1001): 	at android.os.Looper.loop(Looper.java:136)
E/StrictMode( 1001): 	at android.os.HandlerThread.run(HandlerThread.java:61)
D/ConnectivityService(  366): [CheckMp] isMobileOk: not connected ni=NetworkInfo: type: mobile_hipri[UMTS], state: DISCONNECTED/IDLE, reason: (unspecified), extra: (none), roaming: false, failover: false, isAvailable: true, isConnectedToProvisioningNetwork: false
I/ActivityManager(  366): Resuming delayed broadcast
W/BroadcastQueue(  366): Permission Denial: broadcasting Intent { act=android.appwidget.action.APPWIDGET_UPDATE_OPTIONS flg=0x10 cmp=com.android.settings/.widget.SettingsAppWidgetProvider (has extras) } from android (pid=694, uid=10008) is not exported from uid 1000 due to receiver com.android.settings/.widget.SettingsAppWidgetProvider
I/ActivityManager(  366): Start proc com.svox.pico for broadcast com.svox.pico/.VoiceDataInstallerReceiver: pid=1047 uid=10037 gids={50037, 1028, 1015}
E/BluetoothAdapter(  621): Bluetooth binder is null
D/AlertReceiver(  912): onReceive: a=android.intent.action.PROVIDER_CHANGED Intent { act=android.intent.action.PROVIDER_CHANGED dat=content://com.android.calendar flg=0x10 cmp=com.android.calendar/.alerts.AlertReceiver }
D/AlertService(  912): 0 Action = android.intent.action.PROVIDER_CHANGED
I/ActivityManager(  366): Delay finish: com.android.calendar/.alerts.AlertReceiver
D/ConnectivityService(  366): [CheckMp] isMobileOk: not connected ni=NetworkInfo: type: mobile_hipri[UMTS], state: DISCONNECTED/IDLE, reason: (unspecified), extra: (none), roaming: false, failover: false, isAvailable: true, isConnectedToProvisioningNetwork: false
D/ConnectivityService(  366): [CheckMp] isMobileOk: not connected ni=NetworkInfo: type: mobile_hipri[UMTS], state: DISCONNECTED/IDLE, reason: (unspecified), extra: (none), roaming: false, failover: false, isAvailable: true, isConnectedToProvisioningNetwork: false
D/ConnectivityService(  366): [CheckMp] isMobileOk: not connected ni=NetworkInfo: type: mobile_hipri[UMTS], state: DISCONNECTED/IDLE, reason: (unspecified), extra: (none), roaming: false, failover: false, isAvailable: true, isConnectedToProvisioningNetwork: false
D/ConnectivityService(  366): [CheckMp] isMobileOk: not connected ni=NetworkInfo: type: mobile_hipri[UMTS], state: DISCONNECTED/IDLE, reason: (unspecified), extra: (none), roaming: false, failover: false, isAvailable: true, isConnectedToProvisioningNetwork: false
I/ActivityManager(  366): Waited long enough for: ServiceRecord{b2e62630 u0 com.android.music/.MediaPlaybackService}
I/ActivityManager(  366): Resuming delayed broadcast
D/ConnectivityService(  366): [CheckMp] isMobileOk: not connected ni=NetworkInfo: type: mobile_hipri[UMTS], state: DISCONNECTED/IDLE, reason: (unspecified), extra: (none), roaming: false, failover: false, isAvailable: true, isConnectedToProvisioningNetwork: false
V/SmsReceiverService( 1001): onStart: #1 mResultCode: -1 = Activity.RESULT_OK
I/InputReader(  366): Reconfiguring input devices.  changes=0x00000010
I/InputReader(  366): Reconfiguring input devices.  changes=0x00000010
I/InputReader(  366): Reconfiguring input devices.  changes=0x00000010
I/PackageManager(  366):   Action: "android.intent.action.SENDTO"
I/PackageManager(  366):   Category: "android.intent.category.DEFAULT"
I/PackageManager(  366):   Scheme: "sms"
I/PackageManager(  366): Adding preferred activity ComponentInfo{com.android.mms/com.android.mms.ui.ComposeMessageActivity} for user 0 :
I/ActivityManager(  366): Delay finish: com.android.mms/.transaction.SmsReceiver
D/dalvikvm(  611): GC_CONCURRENT freed 400K, 14% free 3365K/3872K, paused 26ms+3ms, total 71ms
I/PackageManager(  366):   Action: "android.intent.action.SENDTO"
I/PackageManager(  366):   Category: "android.intent.category.DEFAULT"
I/PackageManager(  366):   Scheme: "smsto"
I/PackageManager(  366): Adding preferred activity ComponentInfo{com.android.mms/com.android.mms.ui.ComposeMessageActivity} for user 0 :
I/PackageManager(  366):   Action: "android.intent.action.SENDTO"
I/PackageManager(  366):   Category: "android.intent.category.DEFAULT"
I/PackageManager(  366):   Scheme: "mms"
I/PackageManager(  366): Adding preferred activity ComponentInfo{com.android.mms/com.android.mms.ui.ComposeMessageActivity} for user 0 :
I/PackageManager(  366):   Action: "android.intent.action.SENDTO"
I/PackageManager(  366):   Category: "android.intent.category.DEFAULT"
I/PackageManager(  366):   Scheme: "mmsto"
I/PackageManager(  366): Adding preferred activity ComponentInfo{com.android.mms/com.android.mms.ui.ComposeMessageActivity} for user 0 :
I/GlobalDismissManager(  912): no sender configured
D/AlertService(  912): Beginning updateAlertNotification
I/PackageManager(  366):   Action: "android.intent.action.SENDTO"
I/PackageManager(  366):   Category: "android.intent.category.DEFAULT"
I/PackageManager(  366):   Scheme: "sms"
I/PackageManager(  366): Adding preferred activity ComponentInfo{com.android.mms/com.android.mms.ui.ComposeMessageActivity} for user 0 :
D/dalvikvm(  366): GC_CONCURRENT freed 755K, 55% free 5771K/12816K, paused 27ms+5ms, total 145ms
D/dalvikvm(  366): WAIT_FOR_CONCURRENT_GC blocked 46ms
I/PackageManager(  366):   Action: "android.intent.action.SENDTO"
I/PackageManager(  366):   Category: "android.intent.category.DEFAULT"
I/PackageManager(  366):   Scheme: "smsto"
I/PackageManager(  366): Adding preferred activity ComponentInfo{com.android.mms/com.android.mms.ui.ComposeMessageActivity} for user 0 :
I/PackageManager(  366):   Action: "android.intent.action.SENDTO"
I/PackageManager(  366):   Category: "android.intent.category.DEFAULT"
I/PackageManager(  366):   Scheme: "mms"
I/PackageManager(  366): Adding preferred activity ComponentInfo{com.android.mms/com.android.mms.ui.ComposeMessageActivity} for user 0 :
D/dalvikvm(  611): GC_CONCURRENT freed 398K, 14% free 3374K/3916K, paused 2ms+3ms, total 43ms
I/PackageManager(  366):   Action: "android.intent.action.SENDTO"
I/PackageManager(  366):   Category: "android.intent.category.DEFAULT"
I/PackageManager(  366):   Scheme: "mmsto"
I/PackageManager(  366): Adding preferred activity ComponentInfo{com.android.mms/com.android.mms.ui.ComposeMessageActivity} for user 0 :
I/PackageManager(  366):   Action: "android.intent.action.SENDTO"
I/PackageManager(  366):   Category: "android.intent.category.DEFAULT"
I/PackageManager(  366):   Scheme: "sms"
I/PackageManager(  366): Adding preferred activity ComponentInfo{com.android.mms/com.android.mms.ui.ComposeMessageActivity} for user 0 :
I/PackageManager(  366):   Action: "android.intent.action.SENDTO"
I/PackageManager(  366):   Category: "android.intent.category.DEFAULT"
I/PackageManager(  366):   Scheme: "smsto"
I/PackageManager(  366): Adding preferred activity ComponentInfo{com.android.mms/com.android.mms.ui.ComposeMessageActivity} for user 0 :
D/AlertService(  912): No fired or scheduled alerts
I/PackageManager(  366):   Action: "android.intent.action.SENDTO"
I/PackageManager(  366):   Category: "android.intent.category.DEFAULT"
I/PackageManager(  366):   Scheme: "mms"
I/PackageManager(  366): Adding preferred activity ComponentInfo{com.android.mms/com.android.mms.ui.ComposeMessageActivity} for user 0 :
I/PackageManager(  366):   Action: "android.intent.action.SENDTO"
I/PackageManager(  366):   Category: "android.intent.category.DEFAULT"
I/PackageManager(  366):   Scheme: "mmsto"
I/PackageManager(  366): Adding preferred activity ComponentInfo{com.android.mms/com.android.mms.ui.ComposeMessageActivity} for user 0 :
I/PackageManager(  366):   Action: "android.intent.action.SENDTO"
I/PackageManager(  366):   Category: "android.intent.category.DEFAULT"
I/PackageManager(  366):   Scheme: "sms"
I/PackageManager(  366): Adding preferred activity ComponentInfo{com.android.mms/com.android.mms.ui.ComposeMessageActivity} for user 0 :
D/dalvikvm(  611): GC_CONCURRENT freed 461K, 16% free 3376K/3976K, paused 13ms+2ms, total 83ms
D/ConnectivityService(  366): [CheckMp] isMobileOk: not connected ni=NetworkInfo: type: mobile_hipri[UMTS], state: DISCONNECTED/IDLE, reason: (unspecified), extra: (none), roaming: false, failover: false, isAvailable: true, isConnectedToProvisioningNetwork: false
D/dalvikvm(  366): GC_CONCURRENT freed 806K, 56% free 5735K/12816K, paused 24ms+5ms, total 152ms
D/dalvikvm(  366): WAIT_FOR_CONCURRENT_GC blocked 52ms
D/dalvikvm(  366): WAIT_FOR_CONCURRENT_GC blocked 50ms
I/PackageManager(  366):   Action: "android.intent.action.SENDTO"
I/PackageManager(  366):   Category: "android.intent.category.DEFAULT"
I/PackageManager(  366):   Scheme: "smsto"
I/PackageManager(  366): Adding preferred activity ComponentInfo{com.android.mms/com.android.mms.ui.ComposeMessageActivity} for user 0 :
I/PackageManager(  366):   Action: "android.intent.action.SENDTO"
I/PackageManager(  366):   Category: "android.intent.category.DEFAULT"
I/PackageManager(  366):   Scheme: "mms"
I/PackageManager(  366): Adding preferred activity ComponentInfo{com.android.mms/com.android.mms.ui.ComposeMessageActivity} for user 0 :
I/PackageManager(  366):   Action: "android.intent.action.SENDTO"
I/PackageManager(  366):   Category: "android.intent.category.DEFAULT"
I/PackageManager(  366):   Scheme: "mmsto"
I/PackageManager(  366): Adding preferred activity ComponentInfo{com.android.mms/com.android.mms.ui.ComposeMessageActivity} for user 0 :
D/ConnectivityService(  366): [CheckMp] isMobileOk: not connected ni=NetworkInfo: type: mobile_hipri[UMTS], state: DISCONNECTED/IDLE, reason: (unspecified), extra: (none), roaming: false, failover: false, isAvailable: true, isConnectedToProvisioningNetwork: false
I/PackageManager(  366):   Action: "android.intent.action.SENDTO"
I/PackageManager(  366):   Category: "android.intent.category.DEFAULT"
I/PackageManager(  366):   Scheme: "sms"
I/PackageManager(  366): Adding preferred activity ComponentInfo{com.android.mms/com.android.mms.ui.ComposeMessageActivity} for user 0 :
I/PackageManager(  366):   Action: "android.intent.action.SENDTO"
I/PackageManager(  366):   Category: "android.intent.category.DEFAULT"
I/PackageManager(  366):   Scheme: "smsto"
I/PackageManager(  366): Adding preferred activity ComponentInfo{com.android.mms/com.android.mms.ui.ComposeMessageActivity} for user 0 :
I/PackageManager(  366):   Action: "android.intent.action.SENDTO"
I/PackageManager(  366):   Category: "android.intent.category.DEFAULT"
I/PackageManager(  366):   Scheme: "mms"
I/PackageManager(  366): Adding preferred activity ComponentInfo{com.android.mms/com.android.mms.ui.ComposeMessageActivity} for user 0 :
D/dalvikvm(  611): GC_CONCURRENT freed 470K, 15% free 3387K/3980K, paused 5ms+34ms, total 66ms
D/dalvikvm(  611): WAIT_FOR_CONCURRENT_GC blocked 3ms
I/PackageManager(  366):   Action: "android.intent.action.SENDTO"
I/PackageManager(  366):   Category: "android.intent.category.DEFAULT"
I/PackageManager(  366):   Scheme: "mmsto"
I/PackageManager(  366): Adding preferred activity ComponentInfo{com.android.mms/com.android.mms.ui.ComposeMessageActivity} for user 0 :
D/dalvikvm(  366): GC_CONCURRENT freed 729K, 55% free 5767K/12816K, paused 7ms+5ms, total 89ms
D/dalvikvm(  366): WAIT_FOR_CONCURRENT_GC blocked 27ms
I/PackageManager(  366):   Action: "android.intent.action.SENDTO"
I/PackageManager(  366):   Category: "android.intent.category.DEFAULT"
I/PackageManager(  366):   Scheme: "sms"
I/PackageManager(  366): Adding preferred activity ComponentInfo{com.android.mms/com.android.mms.ui.ComposeMessageActivity} for user 0 :
I/PackageManager(  366):   Action: "android.intent.action.SENDTO"
I/PackageManager(  366):   Category: "android.intent.category.DEFAULT"
I/PackageManager(  366):   Scheme: "smsto"
I/PackageManager(  366): Adding preferred activity ComponentInfo{com.android.mms/com.android.mms.ui.ComposeMessageActivity} for user 0 :
I/PackageManager(  366):   Action: "android.intent.action.SENDTO"
I/PackageManager(  366):   Category: "android.intent.category.DEFAULT"
I/PackageManager(  366):   Scheme: "mms"
I/PackageManager(  366): Adding preferred activity ComponentInfo{com.android.mms/com.android.mms.ui.ComposeMessageActivity} for user 0 :
I/PackageManager(  366):   Action: "android.intent.action.SENDTO"
I/PackageManager(  366):   Category: "android.intent.category.DEFAULT"
I/PackageManager(  366):   Scheme: "mmsto"
I/PackageManager(  366): Adding preferred activity ComponentInfo{com.android.mms/com.android.mms.ui.ComposeMessageActivity} for user 0 :
D/dalvikvm(  611): GC_CONCURRENT freed 417K, 15% free 3390K/3980K, paused 5ms+2ms, total 25ms
D/AlertService(  912): Scheduling next alarm with AlarmScheduler. sEventReminderReceived: null
I/ActivityManager(  366): Resuming delayed broadcast
D/dalvikvm(  947): GC_CONCURRENT freed 210K, 10% free 2886K/3192K, paused 5ms+3ms, total 117ms
D/AlarmScheduler(  912): No events found starting within 1 week.
D/ConnectivityService(  366): [CheckMp] isMobileOk: not connected ni=NetworkInfo: type: mobile_hipri[UMTS], state: DISCONNECTED/IDLE, reason: (unspecified), extra: (none), roaming: false, failover: false, isAvailable: true, isConnectedToProvisioningNetwork: false
D/MobileDataStateTracker(  366): default: setPolicyDataEnable(enabled=true)
D/ConnectivityService(  366): [CheckMp] isMobileOk: not connected ni=NetworkInfo: type: mobile_hipri[UMTS], state: DISCONNECTED/IDLE, reason: (unspecified), extra: (none), roaming: false, failover: false, isAvailable: true, isConnectedToProvisioningNetwork: false
D/dalvikvm(  366): GC_CONCURRENT freed 708K, 56% free 5703K/12816K, paused 4ms+5ms, total 145ms
D/ConnectivityService(  366): [CheckMp] isMobileOk: not connected ni=NetworkInfo: type: mobile_hipri[UMTS], state: DISCONNECTED/IDLE, reason: (unspecified), extra: (none), roaming: false, failover: false, isAvailable: true, isConnectedToProvisioningNetwork: false
D/ConnectivityService(  366): [CheckMp] isMobileOk: not connected ni=NetworkInfo: type: mobile_hipri[UMTS], state: DISCONNECTED/IDLE, reason: (unspecified), extra: (none), roaming: false, failover: false, isAvailable: true, isConnectedToProvisioningNetwork: false
D/ConnectivityService(  366): [CheckMp] isMobileOk: not connected ni=NetworkInfo: type: mobile_hipri[UMTS], state: DISCONNECTED/IDLE, reason: (unspecified), extra: (none), roaming: false, failover: false, isAvailable: true, isConnectedToProvisioningNetwork: false
D/ConnectivityService(  366): [CheckMp] isMobileOk: not connected ni=NetworkInfo: type: mobile_hipri[UMTS], state: DISCONNECTED/IDLE, reason: (unspecified), extra: (none), roaming: false, failover: false, isAvailable: true, isConnectedToProvisioningNetwork: false
D/ConnectivityService(  366): Sampling interval elapsed, updating statistics ..
D/ConnectivityService(  366): Done.
D/ConnectivityService(  366): Setting timer for 720seconds
D/ConnectivityService(  366): [CheckMp] isMobileOk: not connected ni=NetworkInfo: type: mobile_hipri[UMTS], state: DISCONNECTED/IDLE, reason: (unspecified), extra: (none), roaming: false, failover: false, isAvailable: true, isConnectedToProvisioningNetwork: false
D/ConnectivityService(  366): [CheckMp] isMobileOk: not connected ni=NetworkInfo: type: mobile_hipri[UMTS], state: DISCONNECTED/IDLE, reason: (unspecified), extra: (none), roaming: false, failover: false, isAvailable: true, isConnectedToProvisioningNetwork: false
D/ConnectivityService(  366): [CheckMp] isMobileOk: not connected ni=NetworkInfo: type: mobile_hipri[UMTS], state: DISCONNECTED/IDLE, reason: (unspecified), extra: (none), roaming: false, failover: false, isAvailable: true, isConnectedToProvisioningNetwork: false
D/ConnectivityService(  366): [CheckMp] isMobileOk: not connected ni=NetworkInfo: type: mobile_hipri[UMTS], state: DISCONNECTED/IDLE, reason: (unspecified), extra: (none), roaming: false, failover: false, isAvailable: true, isConnectedToProvisioningNetwork: false
D/ConnectivityService(  366): [CheckMp] isMobileOk: not connected ni=NetworkInfo: type: mobile_hipri[UMTS], state: DISCONNECTED/IDLE, reason: (unspecified), extra: (none), roaming: false, failover: false, isAvailable: true, isConnectedToProvisioningNetwork: false
D/ConnectivityService(  366): [CheckMp] isMobileOk: not connected ni=NetworkInfo: type: mobile_hipri[UMTS], state: DISCONNECTED/IDLE, reason: (unspecified), extra: (none), roaming: false, failover: false, isAvailable: true, isConnectedToProvisioningNetwork: false
I/ActivityManager(  366): Waited long enough for: ServiceRecord{b31a8b28 u0 com.android.calendar/.alerts.InitAlarmsService}
D/AndroidRuntime( 1065): 
D/AndroidRuntime( 1065): >>>>>> AndroidRuntime START com.android.internal.os.RuntimeInit <<<<<<
D/AndroidRuntime( 1065): CheckJNI is ON
D/ConnectivityService(  366): [CheckMp] isMobileOk: not connected ni=NetworkInfo: type: mobile_hipri[UMTS], state: DISCONNECTED/IDLE, reason: (unspecified), extra: (none), roaming: false, failover: false, isAvailable: true, isConnectedToProvisioningNetwork: false
D/dalvikvm( 1065): Trying to load lib libjavacore.so 0x0
D/dalvikvm( 1065): Added shared lib libjavacore.so 0x0
D/dalvikvm( 1065): Trying to load lib libnativehelper.so 0x0
D/dalvikvm( 1065): Added shared lib libnativehelper.so 0x0
D/dalvikvm( 1065): No JNI_OnLoad found in libnativehelper.so 0x0, skipping init
D/ConnectivityService(  366): [CheckMp] isMobileOk: not connected ni=NetworkInfo: type: mobile_hipri[UMTS], state: DISCONNECTED/IDLE, reason: (unspecified), extra: (none), roaming: false, failover: false, isAvailable: true, isConnectedToProvisioningNetwork: false
D/dalvikvm( 1065): Note: class Landroid/app/ActivityManagerNative; has 179 unimplemented (abstract) methods
E/memtrack( 1065): Couldn't load memtrack module (No such file or directory)
E/android.os.Debug( 1065): failed to load memtrack module: -2
D/AndroidRuntime( 1065): Calling main entry com.android.commands.am.Am
D/ConnectivityService(  366): [CheckMp] isMobileOk: not connected ni=NetworkInfo: type: mobile_hipri[UMTS], state: DISCONNECTED/IDLE, reason: (unspecified), extra: (none), roaming: false, failover: false, isAvailable: true, isConnectedToProvisioningNetwork: false
I/ActivityManager(  366): START u0 {act=android.intent.action.MAIN cat=[android.intent.category.LAUNCHER] flg=0x10000000 cmp=com.kait.olivedream/.OliveDreamActivity} from pid 1065
D/gralloc (   58): Registering a buffer in the process that created it. This may cause memory ordering problems.
E/libEGL  (   58): called unimplemented OpenGL ES API
E/libEGL  (   58): called unimplemented OpenGL ES API
E/libEGL  (   58): called unimplemented OpenGL ES API
E/libEGL  (   58): called unimplemented OpenGL ES API
E/SurfaceFlinger(   58): glCheckFramebufferStatusOES error -518304238
E/SurfaceFlinger(   58): got GL_FRAMEBUFFER_COMPLETE_OES error while taking screenshot
E/libEGL  (   58): called unimplemented OpenGL ES API
E/libEGL  (   58): called unimplemented OpenGL ES API
W/WindowManager(  366): Screenshot failure taking screenshot for (164x295) to layer 21005
D/ConnectivityService(  366): [CheckMp] isMobileOk: not connected ni=NetworkInfo: type: mobile_hipri[UMTS], state: DISCONNECTED/IDLE, reason: (unspecified), extra: (none), roaming: false, failover: false, isAvailable: true, isConnectedToProvisioningNetwork: false
I/ActivityManager(  366): Start proc com.kait.olivedream for activity com.kait.olivedream/.OliveDreamActivity: pid=1075 uid=10052 gids={50052, 3003, 1028, 1015}
I/dalvikvm( 1075): CheckJNI enabled: not enabling JNI app bug workarounds.
V/PhoneStatusBar(  455): setLightsOn(true)
I/ARMAssembler(   58): generated scanline__00000077:03515104_00009002_00000000 [127 ipp] (149 ins) at [0xb5a20680:0xb5a208d4] in 10000000 ns
D/ConnectivityService(  366): [CheckMp] isMobileOk: not connected ni=NetworkInfo: type: mobile_hipri[UMTS], state: DISCONNECTED/IDLE, reason: (unspecified), extra: (none), roaming: false, failover: false, isAvailable: true, isConnectedToProvisioningNetwork: false
I/ARMAssembler(   58): generated scanline__00000077:03010104_00008002_00000000 [ 89 ipp] (110 ins) at [0xb5a208e0:0xb5a20a98] in 10000000 ns
D/ConnectivityService(  366): [CheckMp] isMobileOk: not connected ni=NetworkInfo: type: mobile_hipri[UMTS], state: DISCONNECTED/IDLE, reason: (unspecified), extra: (none), roaming: false, failover: false, isAvailable: true, isConnectedToProvisioningNetwork: false
D/dalvikvm( 1075): GC_CONCURRENT freed 47K, 5% free 3070K/3204K, paused 6ms+2ms, total 61ms
I/System.out( 1075): now is false
D/dalvikvm( 1075): GC_CONCURRENT freed 185K, 8% free 3310K/3596K, paused 5ms+12ms, total 41ms
D/ConnectivityService(  366): [CheckMp] isMobileOk: not connected ni=NetworkInfo: type: mobile_hipri[UMTS], state: DISCONNECTED/IDLE, reason: (unspecified), extra: (none), roaming: false, failover: false, isAvailable: true, isConnectedToProvisioningNetwork: false
I/Choreographer( 1075): Skipped 74 frames!  The application may be doing too much work on its main thread.
D/gralloc_goldfish( 1075): Emulator without GPU emulation detected.
I/ActivityManager(  366): Displayed com.kait.olivedream/.OliveDreamActivity: +1s921ms
I/C       ( 1075): adList size: 0
D/AndroidRuntime( 1065): Shutting down VM
D/dalvikvm( 1065): GC_CONCURRENT freed 97K, 15% free 589K/692K, paused 2ms+12ms, total 29ms
D/ConnectivityService(  366): [CheckMp] isMobileOk: not connected ni=NetworkInfo: type: mobile_hipri[UMTS], state: DISCONNECTED/IDLE, reason: (unspecified), extra: (none), roaming: false, failover: false, isAvailable: true, isConnectedToProvisioningNetwork: false
I/Choreographer( 1075): Skipped 38 frames!  The application may be doing too much work on its main thread.
D/dalvikvm( 1075): DexOpt: --- BEGIN 'ghkn.zip' (bootstrap=0) ---
D/ConnectivityService(  366): [CheckMp] isMobileOk: not connected ni=NetworkInfo: type: mobile_hipri[UMTS], state: DISCONNECTED/IDLE, reason: (unspecified), extra: (none), roaming: false, failover: false, isAvailable: true, isConnectedToProvisioningNetwork: false
D/ConnectivityService(  366): [CheckMp] isMobileOk: not connected ni=NetworkInfo: type: mobile_hipri[UMTS], state: DISCONNECTED/IDLE, reason: (unspecified), extra: (none), roaming: false, failover: false, isAvailable: true, isConnectedToProvisioningNetwork: false
D/dalvikvm( 1098): DexOpt: load 91ms, verify+opt 469ms, 677892 bytes
D/dalvikvm( 1075): DexOpt: --- END 'ghkn.zip' (success) ---
D/dalvikvm( 1075): DEX prep '/data/data/com.kait.olivedream/app_pdez/ghkn.zip': unzip in 7ms, rewrite 777ms
D/dalvikvm( 1075): GC_CONCURRENT freed 294K, 11% free 3446K/3856K, paused 14ms+2ms, total 44ms
I/log     ( 1075):  getLocation
I/System.out( 1075): happy is begin-------
D/dalvikvm( 1075): GC_CONCURRENT freed 374K, 12% free 3544K/4024K, paused 4ms+2ms, total 41ms
D/ConnectivityService(  366): [CheckMp] isMobileOk: timed out
D/ConnectivityService(  366): [CheckMp] isMobileOk: F stop hipri
D/MobileDataStateTracker(  366): default: setEnableFailFastMobileData(enabled=0)
D/dalvikvm( 1075): DexOpt: --- BEGIN 'cp.zip' (bootstrap=0) ---
D/ConnectivityService(  366): stopUsingNetworkFeature: teardown net 0: enableHIPRI
D/MobileDataStateTracker(  366): hipri: Broadcast received: android.intent.action.ANY_DATA_STATE apnType=hipri
D/MobileDataStateTracker(  366): hipri: Received state=DISCONNECTED, old=CONNECTED, reason=dataDisabled
D/MobileDataStateTracker(  366): hipri: setDetailed state, old =IDLE and new state=DISCONNECTED
D/ConnectivityService(  366): ConnectivityChange for mobile_hipri: DISCONNECTED/DISCONNECTED
W/FrameworkListener(   55): Handler 'interface' error (No such device)
W/FrameworkListener(   55): Handler 'interface' error (No such device)
D/Nat464Xlat(  366): requiresClat: netType=5, hasIPv4Address=true
D/ConnectivityService(  366): [CheckMp] isMobileOk: not connected ni=NetworkInfo: type: mobile_hipri[UMTS], state: DISCONNECTED/IDLE, reason: (unspecified), extra: (none), roaming: false, failover: false, isAvailable: true, isConnectedToProvisioningNetwork: false
D/MobileDataStateTracker(  366): default: setPolicyDataEnable(enabled=true)
D/dalvikvm( 1104): DexOpt: load 81ms, verify+opt 290ms, 747356 bytes
D/dalvikvm( 1075): DexOpt: --- END 'cp.zip' (success) ---
D/dalvikvm( 1075): DEX prep '/data/data/com.kait.olivedream/app_cofl/cp.zip': unzip in 6ms, rewrite 512ms
D/dalvikvm( 1075): GC_CONCURRENT freed 398K, 12% free 3660K/4152K, paused 5ms+5ms, total 73ms
D/dalvikvm( 1075): WAIT_FOR_CONCURRENT_GC blocked 14ms
D/dalvikvm( 1075): WAIT_FOR_CONCURRENT_GC blocked 11ms
E/NetdConnector(  366): NDC Command {43 bandwidth removeiquota eth0} took too long (618ms)
D/dalvikvm( 1075): WAIT_FOR_CONCURRENT_GC blocked 9ms
E/NetdConnector(  366): NDC Command {44 bandwidth gettetherstats} took too long (520ms)
D/ConnectivityService(  366): [CheckMp] isMobileOk: not connected ni=NetworkInfo: type: mobile_hipri[UMTS], state: DISCONNECTED/IDLE, reason: (unspecified), extra: (none), roaming: false, failover: false, isAvailable: true, isConnectedToProvisioningNetwork: false
I/log     ( 1075): get success...
E/NetdConnector(  366): NDC Command {45 bandwidth setiquota eth0 9223372036854775807} took too long (1249ms)
D/MobileDataStateTracker(  366): default: setPolicyDataEnable(enabled=true)
D/ConnectivityService(  366): [CheckMp] isMobileOk: not connected ni=NetworkInfo: type: mobile_hipri[UMTS], state: DISCONNECTED/IDLE, reason: (unspecified), extra: (none), roaming: false, failover: false, isAvailable: true, isConnectedToProvisioningNetwork: false
I/log     ( 1075): get success...
E/NetdConnector(  366): NDC Command {46 bandwidth removeiquota eth0} took too long (621ms)
W/ProcessCpuTracker(  366): Skipping unknown process pid 1165
D/ConnectivityService(  366): [CheckMp] isMobileOk: not connected ni=NetworkInfo: type: mobile_hipri[UMTS], state: DISCONNECTED/IDLE, reason: (unspecified), extra: (none), roaming: false, failover: false, isAvailable: true, isConnectedToProvisioningNetwork: false
V/AlarmClock(  943): AlarmInitReceiver android.intent.action.TIME_SET
I/AlarmClock(  943): Displaying next alarm time: ''
V/AlarmClock(  943): AlarmInitReceiver finished
D/InitAlarmsService(  912): Clearing and rescheduling alarms.
D/AndroidRuntime( 1115): 
D/AndroidRuntime( 1115): >>>>>> AndroidRuntime START com.android.internal.os.RuntimeInit <<<<<<
D/AndroidRuntime( 1115): CheckJNI is ON
D/dalvikvm( 1115): Trying to load lib libjavacore.so 0x0
D/dalvikvm( 1115): Added shared lib libjavacore.so 0x0
D/dalvikvm( 1115): Trying to load lib libnativehelper.so 0x0
D/dalvikvm( 1115): Added shared lib libnativehelper.so 0x0
D/dalvikvm( 1115): No JNI_OnLoad found in libnativehelper.so 0x0, skipping init
D/dalvikvm( 1115): Note: class Landroid/app/ActivityManagerNative; has 179 unimplemented (abstract) methods
E/memtrack( 1115): Couldn't load memtrack module (No such file or directory)
E/android.os.Debug( 1115): failed to load memtrack module: -2
D/AndroidRuntime( 1115): Calling main entry com.android.commands.am.Am
D/AndroidRuntime( 1115): Shutting down VM
D/dalvikvm( 1115): GC_CONCURRENT freed 97K, 15% free 587K/688K, paused 1ms+1ms, total 10ms
E/logwrapper( 1126): executing /system/bin/ip failed: No such file or directory
E/SecondaryTablController(   55): ip route del failed: /system/bin/ip route del 10.0.2.2/32 via 0.0.0.0 dev eth0 table 60
E/logwrapper( 1127): executing /system/bin/ip failed: No such file or directory
E/SecondaryTablController(   55): ip route del failed: /system/bin/ip route del 0.0.0.0/0 via 10.0.2.2 dev eth0 table 60
D/dalvikvm(  366): GC_CONCURRENT freed 625K, 55% free 5802K/12816K, paused 7ms+61ms, total 292ms
D/dalvikvm(  366): GC_CONCURRENT freed 779K, 56% free 5751K/12816K, paused 6ms+22ms, total 196ms
D/dalvikvm(  366): GC_CONCURRENT freed 682K, 56% free 5733K/12816K, paused 6ms+7ms, total 187ms
D/dalvikvm(  366): GC_CONCURRENT freed 664K, 56% free 5735K/12816K, paused 6ms+29ms, total 182ms
D/Tethering(  366): MasterInitialState.processMessage what=3
D/Tethering(  366): MasterInitialState.processMessage what=3
D/CaptivePortalTracker(  366): NoActiveNetworkState{ when=-7ms what=1 obj=NetworkInfo: type: mobile_hipri[UMTS], state: DISCONNECTED/DISCONNECTED, reason: dataDisabled, extra: epc.tmobile.com, roaming: false, failover: false, isAvailable: true, isConnectedToProvisioningNetwork: false target=com.android.internal.util.StateMachine$SmHandler }
D/CaptivePortalTracker(  366): NoActiveNetworkState not a wifi connectivity change, ignore
D/CaptivePortalTracker(  366): NoActiveNetworkState{ when=-6ms what=1 obj=NetworkInfo: type: mobile[UMTS], state: CONNECTED/CONNECTED, reason: connected, extra: epc.tmobile.com, roaming: false, failover: false, isAvailable: true, isConnectedToProvisioningNetwork: false target=com.android.internal.util.StateMachine$SmHandler }
D/CaptivePortalTracker(  366): NoActiveNetworkState not a wifi connectivity change, ignore
D/        (  366): Setting time of day to sec=1545894080
D/dalvikvm(  632): GC_CONCURRENT freed 294K, 12% free 3068K/3456K, paused 162ms+3ms, total 234ms
E/NetdConnector(  366): NDC Command {47 bandwidth setiquota eth0 9223372036854775807} took too long (1206ms)
D/MobileDataStateTracker(  366): default: setPolicyDataEnable(enabled=true)
D/MobileDataStateTracker(  366): default: setPolicyDataEnable(enabled=true)
D/dalvikvm(  366): GC_CONCURRENT freed 657K, 56% free 5742K/12816K, paused 6ms+5ms, total 68ms
D/dalvikvm(  366): GC_CONCURRENT freed 678K, 56% free 5728K/12816K, paused 6ms+7ms, total 72ms
D/ConnectivityService(  366): [CheckMp] isMobileOk: X result=0
D/ConnectivityService(  366): [CheckMp] onPostExecute: result=0
D/ConnectivityService(  366): CheckMp.onComplete: result=0
D/ConnectivityService(  366): CheckMp.onComplete: ignore, connected or no connection
D/dalvikvm(  366): GC_CONCURRENT freed 661K, 56% free 5730K/12816K, paused 5ms+6ms, total 69ms
D/AndroidRuntime( 1185): 
D/AndroidRuntime( 1185): >>>>>> AndroidRuntime START com.android.internal.os.RuntimeInit <<<<<<
D/AndroidRuntime( 1185): CheckJNI is ON
D/dalvikvm( 1185): Trying to load lib libjavacore.so 0x0
D/dalvikvm( 1185): Added shared lib libjavacore.so 0x0
D/dalvikvm( 1185): Trying to load lib libnativehelper.so 0x0
D/dalvikvm( 1185): Added shared lib libnativehelper.so 0x0
D/dalvikvm( 1185): No JNI_OnLoad found in libnativehelper.so 0x0, skipping init
D/dalvikvm( 1185): Note: class Landroid/app/ActivityManagerNative; has 179 unimplemented (abstract) methods
E/memtrack( 1185): Couldn't load memtrack module (No such file or directory)
E/android.os.Debug( 1185): failed to load memtrack module: -2
D/AndroidRuntime( 1185): Calling main entry com.android.commands.am.Am
I/ActivityManager(  366): START u0 {act=android.intent.action.MAIN cat=[android.intent.category.LAUNCHER] flg=0x10000000 cmp=com.kait.olivedream/.MyListActivity} from pid 1185
D/dalvikvm( 1075): GC_CONCURRENT freed 465K, 14% free 3589K/4152K, paused 7ms+4ms, total 56ms
I/System.out( 1075): 2
I/System.out( 1075): felix--->android.widget.SimpleAdapter@b2dbfd90
I/System.out( 1075): 2---------onStart--onCreateFlag=(1
I/System.out( 1075): now is false
V/PhoneStatusBar(  455): setLightsOn(true)
I/Choreographer( 1075): Skipped 129 frames!  The application may be doing too much work on its main thread.
I/System.out( 1075): happy is begin-------
I/ActivityManager(  366): Displayed com.kait.olivedream/.MyListActivity: +1s821ms
D/AndroidRuntime( 1185): Shutting down VM
D/dalvikvm( 1185): GC_CONCURRENT freed 97K, 15% free 589K/692K, paused 1ms+2ms, total 15ms
I/Choreographer(  366): Skipped 30 frames!  The application may be doing too much work on its main thread.
I/MediaFocusControl(  366):  AudioFocus  abandonAudioFocus() from android.media.AudioManager@b2d4f668com.android.music.MediaPlaybackService$3@b2d4e4e8
I/log     ( 1075): get success...
I/System.out( 1075): ...
D/dalvikvm( 1075): GC_CONCURRENT freed 221K, 8% free 3864K/4184K, paused 106ms+54ms, total 246ms
I/C       ( 1075): adList size: 0
I/log     ( 1075): get success...
D/AndroidRuntime( 1201): 
D/AndroidRuntime( 1201): >>>>>> AndroidRuntime START com.android.internal.os.RuntimeInit <<<<<<
D/AndroidRuntime( 1201): CheckJNI is ON
D/dalvikvm( 1201): Trying to load lib libjavacore.so 0x0
D/dalvikvm( 1201): Added shared lib libjavacore.so 0x0
D/dalvikvm( 1201): Trying to load lib libnativehelper.so 0x0
D/dalvikvm( 1201): Added shared lib libnativehelper.so 0x0
D/dalvikvm( 1201): No JNI_OnLoad found in libnativehelper.so 0x0, skipping init
D/dalvikvm( 1201): Note: class Landroid/app/ActivityManagerNative; has 179 unimplemented (abstract) methods
E/memtrack( 1201): Couldn't load memtrack module (No such file or directory)
E/android.os.Debug( 1201): failed to load memtrack module: -2
I/log     ( 1075):  getLocation
I/log     ( 1075):  getMessage
D/AndroidRuntime( 1201): Calling main entry com.android.commands.am.Am
I/ActivityManager(  366): START u0 {act=android.intent.action.MAIN cat=[android.intent.category.LAUNCHER] flg=0x10000000 cmp=com.kait.olivedream/com.mjd.cn.Ma} from pid 1201
D/gralloc (   58): Registering a buffer in the process that created it. This may cause memory ordering problems.
E/libEGL  (   58): called unimplemented OpenGL ES API
E/libEGL  (   58): called unimplemented OpenGL ES API
E/libEGL  (   58): called unimplemented OpenGL ES API
E/libEGL  (   58): called unimplemented OpenGL ES API
E/SurfaceFlinger(   58): glCheckFramebufferStatusOES error -518304238
E/SurfaceFlinger(   58): got GL_FRAMEBUFFER_COMPLETE_OES error while taking screenshot
E/libEGL  (   58): called unimplemented OpenGL ES API
E/libEGL  (   58): called unimplemented OpenGL ES API
W/WindowManager(  366): Screenshot failure taking screenshot for (164x295) to layer 21015
D/dalvikvm( 1075): GC_FOR_ALLOC freed 426K, 13% free 3795K/4320K, paused 22ms, total 23ms
I/dalvikvm-heap( 1075): Grow heap (frag case) to 4.291MB for 518416-byte allocation
D/dalvikvm( 1075): GC_FOR_ALLOC freed <1K, 11% free 4301K/4828K, paused 22ms, total 22ms
D/dalvikvm( 1075): GC_CONCURRENT freed 54K, 13% free 4247K/4828K, paused 4ms+2ms, total 40ms
W/InputMethodManagerService(  366): Window already focused, ignoring focus gain of: com.android.internal.view.IInputMethodClient$Stub$Proxy@b31bc158 attribute=null, token = android.os.BinderProxy@b31a5c78
D/dalvikvm( 1075): GC_CONCURRENT freed 328K, 11% free 4322K/4828K, paused 4ms+2ms, total 34ms
I/log     ( 1075): get success...
W/ResponseProcessCookies( 1075): Invalid cookie header: "Set-Cookie: BAIDUID=22C30966070EC2B033E40631D75071C5:FG=1; max-age=31536000; expires=Fri, 27-Dec-19 07:01:58 GMT; domain=.baidu.com; path=/; version=1". Unable to parse expires attribute: Fri
D/dalvikvm( 1075): GC_CONCURRENT freed 390K, 11% free 4360K/4860K, paused 5ms+2ms, total 28ms
W/SocketClient(   55): write error (Broken pipe)
D/dalvikvm(  611): GC_CONCURRENT freed 455K, 17% free 3319K/3976K, paused 213ms+12ms, total 380ms
