W/PackageManager(  347): Unknown permission com.google.android.googleapps.permission.GOOGLE_AUTH.cl in package com.android.providers.calendar
W/PackageManager(  347): Unknown permission com.google.android.googleapps.permission.GOOGLE_AUTH.mail in package com.android.calendar
W/PackageManager(  347): Not granting permission android.permission.ACCESS_DOWNLOAD_MANAGER to package com.android.browser (protectionLevel=18 flags=0x89be45)
W/PackageManager(  347): Not granting permission android.permission.SEND_DOWNLOAD_COMPLETED_INTENTS to package com.android.browser (protectionLevel=2 flags=0x89be45)
W/PackageManager(  347): Not granting permission android.permission.BIND_APPWIDGET to package com.android.widgetpreview (protectionLevel=18 flags=0x8be44)
W/PackageManager(  347): Unknown permission android.permission.INSTALL_DRM in package com.android.mms
W/PackageManager(  347): Unknown permission com.google.android.googleapps.permission.GOOGLE_AUTH in package com.android.settings
W/PackageManager(  347): Unknown permission com.google.android.googleapps.permission.ACCESS_GOOGLE_PASSWORD in package com.android.development
W/PackageManager(  347): Unknown permission com.google.android.googleapps.permission.GOOGLE_AUTH in package com.android.development
W/PackageManager(  347): Unknown permission com.google.android.googleapps.permission.GOOGLE_AUTH.ALL_SERVICES in package com.android.development
W/PackageManager(  347): Unknown permission com.google.android.googleapps.permission.GOOGLE_AUTH.YouTubeUser in package com.android.development
W/PackageManager(  347): Not granting permission android.permission.DELETE_PACKAGES to package com.svox.pico (protectionLevel=18 flags=0x88be45)
W/PackageManager(  347): Not granting permission android.permission.DEVICE_POWER to package com.android.deskclock (protectionLevel=2 flags=0xc8be45)
W/PackageManager(  347): Unknown permission com.android.vending.CHECK_LICENSE in package com.triposo.droidguide.trinidad_and_tobago
W/PackageManager(  347): Unknown permission com.android.vending.BILLING in package com.triposo.droidguide.trinidad_and_tobago
W/PackageManager(  347): Unknown permission com.google.android.c2dm.permission.RECEIVE in package com.triposo.droidguide.trinidad_and_tobago
I/ActivityManager(  347): Force stopping com.triposo.droidguide.trinidad_and_tobago appid=10052 user=-1: update pkg
D/ConnectivityService(  347): stopUsingNetworkFeature: teardown net 0: enableHIPRI
I/InputReader(  347): Reconfiguring input devices.  changes=0x00000010
D/dalvikvm(  601): GC_CONCURRENT freed 533K, 16% free 3313K/3912K, paused 16ms+2ms, total 70ms
I/PackageManager(  347):   Action: "android.intent.action.SENDTO"
I/PackageManager(  347):   Category: "android.intent.category.DEFAULT"
I/PackageManager(  347):   Scheme: "sms"
I/PackageManager(  347): Adding preferred activity ComponentInfo{com.android.mms/com.android.mms.ui.ComposeMessageActivity} for user 0 :
I/PackageManager(  347):   Action: "android.intent.action.SENDTO"
I/PackageManager(  347):   Category: "android.intent.category.DEFAULT"
I/PackageManager(  347):   Scheme: "smsto"
I/PackageManager(  347): Adding preferred activity ComponentInfo{com.android.mms/com.android.mms.ui.ComposeMessageActivity} for user 0 :
I/PackageManager(  347):   Action: "android.intent.action.SENDTO"
I/PackageManager(  347):   Category: "android.intent.category.DEFAULT"
I/PackageManager(  347):   Scheme: "mms"
I/PackageManager(  347): Adding preferred activity ComponentInfo{com.android.mms/com.android.mms.ui.ComposeMessageActivity} for user 0 :
D/dalvikvm(  347): GC_CONCURRENT freed 1132K, 43% free 7510K/13152K, paused 7ms+18ms, total 157ms
D/dalvikvm(  347): WAIT_FOR_CONCURRENT_GC blocked 50ms
D/dalvikvm(  347): WAIT_FOR_CONCURRENT_GC blocked 59ms
I/PackageManager(  347):   Action: "android.intent.action.SENDTO"
I/PackageManager(  347):   Category: "android.intent.category.DEFAULT"
I/PackageManager(  347):   Scheme: "mmsto"
I/PackageManager(  347): Adding preferred activity ComponentInfo{com.android.mms/com.android.mms.ui.ComposeMessageActivity} for user 0 :
I/PackageManager(  347):   Action: "android.intent.action.SENDTO"
I/PackageManager(  347):   Category: "android.intent.category.DEFAULT"
I/PackageManager(  347):   Scheme: "sms"
I/PackageManager(  347): Adding preferred activity ComponentInfo{com.android.mms/com.android.mms.ui.ComposeMessageActivity} for user 0 :
I/PackageManager(  347):   Action: "android.intent.action.SENDTO"
I/PackageManager(  347):   Category: "android.intent.category.DEFAULT"
I/PackageManager(  347):   Scheme: "smsto"
I/PackageManager(  347): Adding preferred activity ComponentInfo{com.android.mms/com.android.mms.ui.ComposeMessageActivity} for user 0 :
D/dalvikvm(  601): GC_CONCURRENT freed 391K, 14% free 3375K/3912K, paused 3ms+2ms, total 52ms
D/dalvikvm(  601): WAIT_FOR_CONCURRENT_GC blocked 8ms
I/PackageManager(  347):   Action: "android.intent.action.SENDTO"
I/PackageManager(  347):   Category: "android.intent.category.DEFAULT"
I/PackageManager(  347):   Scheme: "mms"
I/PackageManager(  347): Adding preferred activity ComponentInfo{com.android.mms/com.android.mms.ui.ComposeMessageActivity} for user 0 :
I/PackageManager(  347):   Action: "android.intent.action.SENDTO"
I/PackageManager(  347):   Category: "android.intent.category.DEFAULT"
I/PackageManager(  347):   Scheme: "mmsto"
I/PackageManager(  347): Adding preferred activity ComponentInfo{com.android.mms/com.android.mms.ui.ComposeMessageActivity} for user 0 :
I/InputReader(  347): Reconfiguring input devices.  changes=0x00000010
I/PackageManager(  347):   Action: "android.intent.action.SENDTO"
I/PackageManager(  347):   Category: "android.intent.category.DEFAULT"
I/PackageManager(  347):   Scheme: "sms"
I/PackageManager(  347): Adding preferred activity ComponentInfo{com.android.mms/com.android.mms.ui.ComposeMessageActivity} for user 0 :
D/BackupManagerService(  347): Received broadcast Intent { act=android.intent.action.PACKAGE_ADDED dat=package:com.triposo.droidguide.trinidad_and_tobago flg=0x4000010 (has extras) }
V/BackupManagerService(  347): addPackageParticipantsLocked: #1
D/MobileDataStateTracker(  347): hipri: Broadcast received: android.intent.action.ANY_DATA_STATE apnType=hipri
D/MobileDataStateTracker(  347): hipri: Received state=DISCONNECTED, old=CONNECTED, reason=dataDisabled
D/MobileDataStateTracker(  347): hipri: setDetailed state, old =CONNECTED and new state=DISCONNECTED
D/ConnectivityService(  347): ConnectivityChange for mobile_hipri: DISCONNECTED/DISCONNECTED
E/logwrapper(  930): executing /system/bin/ip failed: No such file or directory
E/SecondaryTablController(   55): ip route del failed: /system/bin/ip route del 10.0.2.2/32 via 0.0.0.0 dev eth0 table 60
W/FrameworkListener(   55): Handler 'interface' error (No such device)
E/logwrapper(  931): executing /system/bin/ip failed: No such file or directory
E/SecondaryTablController(   55): ip route del failed: /system/bin/ip route del 0.0.0.0/0 via 10.0.2.2 dev eth0 table 60
W/FrameworkListener(   55): Handler 'interface' error (No such device)
I/PackageManager(  347):   Action: "android.intent.action.SENDTO"
I/PackageManager(  347):   Category: "android.intent.category.DEFAULT"
I/PackageManager(  347):   Scheme: "smsto"
I/PackageManager(  347): Adding preferred activity ComponentInfo{com.android.mms/com.android.mms.ui.ComposeMessageActivity} for user 0 :
D/Nat464Xlat(  347): requiresClat: netType=5, hasIPv4Address=true
D/MobileDataStateTracker(  347): default: setPolicyDataEnable(enabled=true)
I/PackageManager(  347):   Action: "android.intent.action.SENDTO"
I/PackageManager(  347):   Category: "android.intent.category.DEFAULT"
I/PackageManager(  347):   Scheme: "mms"
I/PackageManager(  347): Adding preferred activity ComponentInfo{com.android.mms/com.android.mms.ui.ComposeMessageActivity} for user 0 :
I/PackageManager(  347):   Action: "android.intent.action.SENDTO"
I/PackageManager(  347):   Category: "android.intent.category.DEFAULT"
I/PackageManager(  347):   Scheme: "mmsto"
I/PackageManager(  347): Adding preferred activity ComponentInfo{com.android.mms/com.android.mms.ui.ComposeMessageActivity} for user 0 :
D/dalvikvm(  601): GC_CONCURRENT freed 430K, 15% free 3354K/3920K, paused 11ms+2ms, total 72ms
I/PackageManager(  347):   Action: "android.intent.action.SENDTO"
I/PackageManager(  347):   Category: "android.intent.category.DEFAULT"
I/PackageManager(  347):   Scheme: "sms"
I/PackageManager(  347): Adding preferred activity ComponentInfo{com.android.mms/com.android.mms.ui.ComposeMessageActivity} for user 0 :
D/dalvikvm(  347): GC_EXPLICIT freed 3007K, 57% free 5708K/13152K, paused 700ms+38ms, total 1052ms
D/dalvikvm(  347): WAIT_FOR_CONCURRENT_GC blocked 368ms
I/PackageManager(  347):   Action: "android.intent.action.SENDTO"
I/PackageManager(  347):   Category: "android.intent.category.DEFAULT"
I/PackageManager(  347):   Scheme: "smsto"
I/PackageManager(  347): Adding preferred activity ComponentInfo{com.android.mms/com.android.mms.ui.ComposeMessageActivity} for user 0 :
D/AndroidRuntime(  803): Shutting down VM
I/PackageManager(  347):   Action: "android.intent.action.SENDTO"
I/PackageManager(  347):   Category: "android.intent.category.DEFAULT"
I/PackageManager(  347):   Scheme: "mms"
I/PackageManager(  347): Adding preferred activity ComponentInfo{com.android.mms/com.android.mms.ui.ComposeMessageActivity} for user 0 :
D/dalvikvm(  803): GC_CONCURRENT freed 95K, 16% free 560K/660K, paused 3ms+2ms, total 32ms
I/PackageManager(  347):   Action: "android.intent.action.SENDTO"
I/PackageManager(  347):   Category: "android.intent.category.DEFAULT"
I/PackageManager(  347):   Scheme: "mmsto"
I/PackageManager(  347): Adding preferred activity ComponentInfo{com.android.mms/com.android.mms.ui.ComposeMessageActivity} for user 0 :
E/NetdConnector(  347): NDC Command {59 bandwidth removeiquota eth0} took too long (943ms)
E/NetdConnector(  347): NDC Command {58 bandwidth gettetherstats} took too long (1061ms)
D/dalvikvm(  347): GC_CONCURRENT freed 649K, 57% free 5707K/13152K, paused 32ms+25ms, total 325ms
D/ExternalStorage(  913): Missing UUID for /storage/sdcard; skipping
D/ExternalStorage(  913): After updating volumes, found 0 active roots
D/ExternalStorage(  913): Missing UUID for /storage/sdcard; skipping
D/ExternalStorage(  913): After updating volumes, found 0 active roots
D/MediaScannerReceiver(  623): action: android.intent.action.MEDIA_MOUNTED path: /storage/sdcard
E/BluetoothAdapter(  613): Bluetooth binder is null
I/ActivityManager(  347): Start proc com.android.music for broadcast com.android.music/.MediaButtonIntentReceiver: pid=956 uid=10032 gids={50032, 3003, 1028, 1015}
I/dalvikvm(  956): CheckJNI enabled: not enabling JNI app bug workarounds.
D/CaptivePortalTracker(  347): NoActiveNetworkState{ when=-19ms what=1 obj=NetworkInfo: type: mobile_hipri[UMTS], state: DISCONNECTED/DISCONNECTED, reason: dataDisabled, extra: epc.tmobile.com, roaming: false, failover: false, isAvailable: true, isConnectedToProvisioningNetwork: false target=com.android.internal.util.StateMachine$SmHandler }
D/CaptivePortalTracker(  347): NoActiveNetworkState not a wifi connectivity change, ignore
D/CaptivePortalTracker(  347): NoActiveNetworkState{ when=-18ms what=1 obj=NetworkInfo: type: mobile[UMTS], state: CONNECTED/CONNECTED, reason: connected, extra: epc.tmobile.com, roaming: false, failover: false, isAvailable: true, isConnectedToProvisioningNetwork: false target=com.android.internal.util.StateMachine$SmHandler }
D/CaptivePortalTracker(  347): NoActiveNetworkState not a wifi connectivity change, ignore
E/NetdConnector(  347): NDC Command {60 bandwidth setiquota eth0 9223372036854775807} took too long (2070ms)
D/Tethering(  347): MasterInitialState.processMessage what=3
D/Tethering(  347): MasterInitialState.processMessage what=3
D/MobileDataStateTracker(  347): default: setPolicyDataEnable(enabled=true)
E/NetdConnector(  347): NDC Command {61 bandwidth gettetherstats} took too long (1917ms)
D/dalvikvm(  347): GC_CONCURRENT freed 616K, 57% free 5756K/13152K, paused 24ms+22ms, total 206ms
I/ActivityManager(  347): Start proc com.android.calendar for broadcast com.android.calendar/.widget.CalendarAppWidgetService$CalendarFactory: pid=981 uid=10016 gids={50016, 3003}
E/NetdConnector(  347): NDC Command {62 bandwidth removeiquota eth0} took too long (912ms)
I/MediaFocusControl(  347):   Remote Control   registerMediaButtonIntent() for PendingIntent{b33ca4b8: PendingIntentRecord{b3551808 com.android.music broadcastIntent}}
V/MediaScanner(  623): pruneDeadThumbnailFiles... android.database.sqlite.SQLiteCursor@b2d68a48
D/ExtensionsFactory(  981): No custom extensions.
V/MediaScanner(  623): /pruneDeadThumbnailFiles... android.database.sqlite.SQLiteCursor@b2d68a48
D/ConnectivityService(  347): [CheckMp] isMobileOk: X result=0
D/ConnectivityService(  347): [CheckMp] onPostExecute: result=0
D/ConnectivityService(  347): CheckMp.onComplete: result=0
D/ConnectivityService(  347): CheckMp.onComplete: ignore, connected or no connection
W/RecognitionManagerService(  347): no available voice recognition services found for user 0
I/ActivityManager(  347): Start proc com.android.deskclock for broadcast com.android.deskclock/.AlarmInitReceiver: pid=1015 uid=10020 gids={50020, 1028}
I/ActivityManager(  347): Start proc com.android.providers.calendar for content provider com.android.providers.calendar/.CalendarProvider2: pid=1021 uid=10001 gids={50001, 3003, 1028, 1015}
D/dalvikvm(   59): GC_EXPLICIT freed 40K, 4% free 2705K/2812K, paused 3ms+3ms, total 90ms
D/dalvikvm(   59): GC_EXPLICIT freed <1K, 4% free 2705K/2812K, paused 2ms+2ms, total 64ms
D/dalvikvm(   59): GC_EXPLICIT freed <1K, 4% free 2705K/2812K, paused 4ms+2ms, total 57ms
E/NetdConnector(  347): NDC Command {63 bandwidth setiquota eth0 9223372036854775807} took too long (1989ms)
D/MobileDataStateTracker(  347): default: setPolicyDataEnable(enabled=true)
D/MobileDataStateTracker(  347): default: setPolicyDataEnable(enabled=true)
V/AlarmClock( 1015): AlarmInitReceiver android.intent.action.TIMEZONE_CHANGED
I/CalendarDatabaseHelper( 1021): Bootstrapping database
I/AlarmClock( 1015): Alarms Table created
I/AlarmClock( 1015): Instance table created
I/AlarmClock( 1015): Cities table created
I/AlarmClock( 1015): Inserting default alarms
I/AlarmClock( 1015): Displaying next alarm time: ''
W/BackupManagerService(  347): dataChanged but no participant pkg='com.android.providers.settings' uid=10020
V/AlarmClock( 1015): AlarmInitReceiver finished
E/BluetoothAdapter(  613): Bluetooth binder is null
E/BluetoothAdapter(  613): Bluetooth binder is null
I/ActivityManager(  347): Start proc com.android.dialer for broadcast com.android.dialer/.calllog.CallLogReceiver: pid=1045 uid=10004 gids={50004, 3003, 1028, 1015}
I/CalendarProvider2( 1021): Created com.android.providers.calendar.CalendarAlarmManager@b2d438e0(com.android.providers.calendar.CalendarProvider2@b2d2ffb8)
D/ExtensionsFactory( 1045): No custom extensions.
I/ActivityManager(  347): Delay finish: com.android.dialer/.calllog.CallLogReceiver
I/ActivityManager(  347): Resuming delayed broadcast
E/BluetoothAdapter(  347): Bluetooth binder is null
E/BluetoothAdapter(  347): Bluetooth binder is null
V/WiredAccessoryManager(  347): init()
I/PowerManagerService(  347): Boot animation finished.
E/SoundPool(  347): error loading /system/media/audio/ui/Effect_Tick.ogg
W/AudioService(  347): Soundpool could not load file: /system/media/audio/ui/Effect_Tick.ogg
E/SoundPool(  347): error loading /system/media/audio/ui/Effect_Tick.ogg
W/AudioService(  347): Soundpool could not load file: /system/media/audio/ui/Effect_Tick.ogg
E/SoundPool(  347): error loading /system/media/audio/ui/Effect_Tick.ogg
W/AudioService(  347): Soundpool could not load file: /system/media/audio/ui/Effect_Tick.ogg
E/SoundPool(  347): error loading /system/media/audio/ui/Effect_Tick.ogg
W/AudioService(  347): Soundpool could not load file: /system/media/audio/ui/Effect_Tick.ogg
E/SoundPool(  347): error loading /system/media/audio/ui/Effect_Tick.ogg
W/AudioService(  347): Soundpool could not load file: /system/media/audio/ui/Effect_Tick.ogg
E/SoundPool(  347): error loading /system/media/audio/ui/KeypressStandard.ogg
W/AudioService(  347): Soundpool could not load file: /system/media/audio/ui/KeypressStandard.ogg
E/SoundPool(  347): error loading /system/media/audio/ui/KeypressSpacebar.ogg
W/AudioService(  347): Soundpool could not load file: /system/media/audio/ui/KeypressSpacebar.ogg
D/dalvikvm(  601): GC_CONCURRENT freed 449K, 16% free 3295K/3916K, paused 43ms+16ms, total 113ms
E/SoundPool(  347): error loading /system/media/audio/ui/KeypressDelete.ogg
W/AudioService(  347): Soundpool could not load file: /system/media/audio/ui/KeypressDelete.ogg
E/SoundPool(  347): error loading /system/media/audio/ui/KeypressReturn.ogg
W/AudioService(  347): Soundpool could not load file: /system/media/audio/ui/KeypressReturn.ogg
E/SoundPool(  347): error loading /system/media/audio/ui/KeypressInvalid.ogg
W/AudioService(  347): Soundpool could not load file: /system/media/audio/ui/KeypressInvalid.ogg
W/AudioService(  347): onLoadSoundEffects(), Error -1 while loading samples
I/RecoverySystem(  347): No recovery log file
I/BootReceiver(  347): Copying audit failures to DropBox
I/BootReceiver(  347): Checking for fsck errors
D/dalvikvm(  347): GC_CONCURRENT freed 696K, 57% free 5766K/13152K, paused 41ms+4ms, total 107ms
D/dalvikvm(  347): WAIT_FOR_CONCURRENT_GC blocked 38ms
I/ActivityManager(  347): Delay finish: com.android.providers.downloads/.DownloadReceiver
I/ActivityManager(  347): Resuming delayed broadcast
I/ActivityManager(  347): Delay finish: com.android.providers.media/.MediaScannerReceiver
I/MediaProvider(  623): Upgrading media database from version 0 to 700, which will destroy all old data
I/CalendarProvider2( 1021): Sending notification intent: Intent { act=android.intent.action.PROVIDER_CHANGED dat=content://com.android.calendar }
W/ContentResolver( 1021): Failed to get type for: content://com.android.calendar (Unknown URL content://com.android.calendar)
I/ActivityManager(  347): Resuming delayed broadcast
I/ActivityManager(  347): Start proc com.android.mms for broadcast com.android.mms/.transaction.MmsSystemEventReceiver: pid=1072 uid=10009 gids={50009, 3003, 1028, 1015}
D/CountryDetector(  347): The first listener is added
V/MmsConfig( 1072): mnc/mcc: 310260
V/MmsConfig( 1072): tag: bool value: enabledMMS - true
V/MmsConfig( 1072): tag: int value: maxMessageSize - 307200
V/MmsConfig( 1072): tag: int value: maxImageHeight - 480
V/MmsConfig( 1072): tag: int value: maxImageWidth - 640
V/MmsConfig( 1072): tag: int value: defaultSMSMessagesPerThread - 10000
V/MmsConfig( 1072): tag: int value: defaultMMSMessagesPerThread - 1000
V/MmsConfig( 1072): tag: int value: minMessageCountPerThread - 10
V/MmsConfig( 1072): tag: int value: maxMessageCountPerThread - 5000
V/MmsConfig( 1072): tag: string value: uaProfUrl - http://www.google.com/oha/rdf/ua-profile-kila.xml
V/MmsConfig( 1072): tag: int value: recipientLimit - -1
V/MmsConfig( 1072): tag: bool value: enableMultipartSMS - true
V/MmsConfig( 1072): tag: int value: smsToMmsTextThreshold - -1
V/MmsConfig( 1072): tag: bool value: enableSlideDuration - true
V/MmsConfig( 1072): tag: int value: maxMessageTextSize - -1
E/SQLiteLog(  623): (1) no such table: files
E/WVMExtractor(   61): Failed to open libwvm.so
D/dalvikvm(  623): GC_CONCURRENT freed 248K, 10% free 3028K/3340K, paused 3ms+3ms, total 33ms
I/ActivityManager(  347): Delay finish: com.android.mms/.transaction.MmsSystemEventReceiver
D/Mms:app ( 1072): cancelNotification
V/MediaScanner(  623): pruneDeadThumbnailFiles... android.database.sqlite.SQLiteCursor@b2d95f88
V/MediaScanner(  623): /pruneDeadThumbnailFiles... android.database.sqlite.SQLiteCursor@b2d95f88
I/ActivityManager(  347): Resuming delayed broadcast
E/MetadataRetrieverClient(   61): failed to extract an album art
D/AlertReceiver(  981): onReceive: a=android.intent.action.BOOT_COMPLETED Intent { act=android.intent.action.BOOT_COMPLETED flg=0x8000010 cmp=com.android.calendar/.alerts.AlertReceiver (has extras) }
I/ActivityManager(  347): Delay finish: com.android.calendar/.alerts.AlertReceiver
D/AlertUtils(  981): Flushing old alerts from shared prefs table
D/AlertService(  981): 0 Action = android.intent.action.BOOT_COMPLETED
D/AlertService(  981): Scheduling next alarm with AlarmScheduler. sEventReminderReceived: null
D/dalvikvm(  981): GC_CONCURRENT freed 302K, 12% free 2812K/3176K, paused 16ms+4ms, total 66ms
D/AlarmScheduler(  981): No events found starting within 1 week.
D/MmsSmsDatabaseHelper(  601): [MmsSmsDb] tableName: threads hasAutoIncrement: CREATE TABLE threads (_id INTEGER PRIMARY KEY AUTOINCREMENT,date INTEGER DEFAULT 0,message_count INTEGER DEFAULT 0,recipient_ids TEXT,snippet TEXT,snippet_cs INTEGER DEFAULT 0,read INTEGER DEFAULT 1,type INTEGER DEFAULT 0,error INTEGER DEFAULT 0,has_attachment INTEGER DEFAULT 0) result: true
D/MmsSmsDatabaseHelper(  601): [MmsSmsDb] tableName: canonical_addresses hasAutoIncrement: CREATE TABLE canonical_addresses (_id INTEGER PRIMARY KEY AUTOINCREMENT,address TEXT) result: true
D/MmsSmsDatabaseHelper(  601): [MmsSmsDb] tableName: part hasAutoIncrement: CREATE TABLE part (_id INTEGER PRIMARY KEY AUTOINCREMENT,mid INTEGER,seq INTEGER DEFAULT 0,ct TEXT,name TEXT,chset INTEGER,cd TEXT,fn TEXT,cid TEXT,cl TEXT,ctt_s INTEGER,ctt_t TEXT,_data TEXT,text TEXT) result: true
D/MmsSmsDatabaseHelper(  601): [MmsSmsDb] tableName: pdu hasAutoIncrement: CREATE TABLE pdu (_id INTEGER PRIMARY KEY AUTOINCREMENT,thread_id INTEGER,date INTEGER,date_sent INTEGER DEFAULT 0,msg_box INTEGER,read INTEGER DEFAULT 0,m_id TEXT,sub TEXT,sub_cs INTEGER,ct_t TEXT,ct_l TEXT,exp INTEGER,m_cls TEXT,m_type INTEGER,v INTEGER,m_size INTEGER,pri INTEGER,rr INTEGER,rpt_a INTEGER,resp_st INTEGER,st INTEGER,tr_id TEXT,retr_st INTEGER,retr_txt TEXT,retr_txt_cs INTEGER,read_status INTEGER,ct_cls INTEGER,resp_txt TEXT,d_tm INTEGER,d_rpt INTEGER,locked INTEGER DEFAULT 0,seen INTEGER DEFAULT 0,text_only INTEGER DEFAULT 0) result: true
D/MmsSmsDatabaseHelper(  601): [getWritableDatabase] hasAutoIncrementThreads: true hasAutoIncrementAddresses: true hasAutoIncrementPart: true hasAutoIncrementPdu: true
D/Mms:app ( 1072): cancelNotification
I/ActivityManager(  347): Resuming delayed broadcast
V/AlarmClock( 1015): AlarmInitReceiver android.intent.action.BOOT_COMPLETED
V/AlarmClock( 1015): AlarmInitReceiver - Reset timers and clear stopwatch data
V/AlarmClock( 1015): AlarmInitReceiver - resetting volume button default
I/AlarmClock( 1015): Displaying next alarm time: ''
D/dalvikvm( 1015): GC_CONCURRENT freed 385K, 14% free 2823K/3276K, paused 7ms+13ms, total 87ms
D/dalvikvm( 1015): WAIT_FOR_CONCURRENT_GC blocked 21ms
V/AlarmClock( 1015): AlarmInitReceiver finished
I/ActivityManager(  347): Delay finish: com.android.email/.service.EmailUpgradeBroadcastReceiver
I/ActivityManager(  347): Resuming delayed broadcast
I/Email   (  890): Onetime initialization: 1
I/ActivityManager(  347): Delay finish: com.android.email/.service.EmailBroadcastReceiver
I/Email   (  890): Onetime initialization: 2
I/Email   (  890): Onetime initialization: completed.
I/ActivityManager(  347): Delaying start of: ServiceRecord{b32bd700 u0 com.android.exchange/.service.EmailSyncAdapterService}
I/ActivityManager(  347): Resuming delayed broadcast
I/LauncherIconVisibilityManager(  584): Boot has been completed
I/LauncherIconVisibilityManager(  584): Disable activity: ComponentInfo{com.android.inputmethod.latin/com.android.inputmethod.latin.setup.SetupActivity}
E/BluetoothAdapter(  613): Bluetooth binder is null
I/ActivityManager(  347): Delay finish: com.android.deskclock/com.android.alarmclock.AnalogAppWidgetProvider
D/dalvikvm(  347): GC_CONCURRENT freed 587K, 56% free 5821K/13152K, paused 5ms+4ms, total 59ms
D/dalvikvm( 1072): GC_CONCURRENT freed 228K, 10% free 2876K/3172K, paused 7ms+4ms, total 97ms
E/StrictMode( 1072): A resource was acquired at attached stack trace but never released. See java.io.Closeable for information on avoiding resource leaks.
E/StrictMode( 1072): java.lang.Throwable: Explicit termination method 'release' not called
E/StrictMode( 1072): 	at dalvik.system.CloseGuard.open(CloseGuard.java:184)
E/StrictMode( 1072): 	at android.drm.DrmManagerClient.<init>(DrmManagerClient.java:258)
E/StrictMode( 1072): 	at com.google.android.mms.pdu.PduPersister.<init>(PduPersister.java:288)
E/StrictMode( 1072): 	at com.google.android.mms.pdu.PduPersister.getPduPersister(PduPersister.java:296)
E/StrictMode( 1072): 	at com.android.mms.transaction.TransactionService.onNewIntent(TransactionService.java:224)
E/StrictMode( 1072): 	at com.android.mms.transaction.TransactionService$ServiceHandler.handleMessage(TransactionService.java:621)
E/StrictMode( 1072): 	at android.os.Handler.dispatchMessage(Handler.java:102)
E/StrictMode( 1072): 	at android.os.Looper.loop(Looper.java:136)
E/StrictMode( 1072): 	at android.os.HandlerThread.run(HandlerThread.java:61)
I/ActivityManager(  347): Resuming delayed broadcast
W/BroadcastQueue(  347): Permission Denial: broadcasting Intent { act=android.appwidget.action.APPWIDGET_UPDATE_OPTIONS flg=0x10 cmp=com.android.settings/.widget.SettingsAppWidgetProvider (has extras) } from android (pid=672, uid=10008) is not exported from uid 1000 due to receiver com.android.settings/.widget.SettingsAppWidgetProvider
I/ActivityManager(  347): Delay finish: com.android.email/.provider.WidgetProvider
I/ActivityManager(  347): Resuming delayed broadcast
I/ActivityManager(  347): Start proc com.svox.pico for broadcast com.svox.pico/.VoiceDataInstallerReceiver: pid=1122 uid=10037 gids={50037, 1028, 1015}
I/ActivityManager(  347): Delay finish: com.android.deskclock/com.android.alarmclock.DigitalAppWidgetProvider
I/ActivityManager(  347): Resuming delayed broadcast
E/BluetoothAdapter(  613): Bluetooth binder is null
D/ConnectivityService(  347): Sampling interval elapsed, updating statistics ..
D/AlertReceiver(  981): onReceive: a=android.intent.action.PROVIDER_CHANGED Intent { act=android.intent.action.PROVIDER_CHANGED dat=content://com.android.calendar flg=0x10 cmp=com.android.calendar/.alerts.AlertReceiver }
I/ActivityManager(  347): Delay finish: com.android.calendar/.alerts.AlertReceiver
D/ConnectivityService(  347): Done.
D/ConnectivityService(  347): Setting timer for 720seconds
D/MobileDataStateTracker(  347): default: setPolicyDataEnable(enabled=true)
D/AlertService(  981): 0 Action = android.intent.action.PROVIDER_CHANGED
I/PackageManager(  347): Adding preferred activity ComponentInfo{com.android.mms/com.android.mms.ui.ComposeMessageActivity} for user 0 :
I/PackageManager(  347): Adding preferred activity ComponentInfo{com.android.mms/com.android.mms.ui.ComposeMessageActivity} for user 0 :
I/PackageManager(  347): Adding preferred activity ComponentInfo{com.android.mms/com.android.mms.ui.ComposeMessageActivity} for user 0 :
I/PackageManager(  347): Adding preferred activity ComponentInfo{com.android.mms/com.android.mms.ui.ComposeMessageActivity} for user 0 :
I/PackageManager(  347): Adding preferred activity ComponentInfo{com.android.mms/com.android.mms.ui.ComposeMessageActivity} for user 0 :
I/PackageManager(  347): Adding preferred activity ComponentInfo{com.android.mms/com.android.mms.ui.ComposeMessageActivity} for user 0 :
I/GlobalDismissManager(  981): no sender configured
D/AlertService(  981): Beginning updateAlertNotification
I/InputReader(  347): Reconfiguring input devices.  changes=0x00000010
I/InputReader(  347): Reconfiguring input devices.  changes=0x00000010
I/PackageManager(  347):   Action: "android.intent.action.SENDTO"
I/PackageManager(  347):   Category: "android.intent.category.DEFAULT"
I/PackageManager(  347):   Scheme: "sms"
I/PackageManager(  347): Adding preferred activity ComponentInfo{com.android.mms/com.android.mms.ui.ComposeMessageActivity} for user 0 :
I/InputReader(  347): Reconfiguring input devices.  changes=0x00000010
I/PackageManager(  347):   Action: "android.intent.action.SENDTO"
I/PackageManager(  347):   Category: "android.intent.category.DEFAULT"
I/PackageManager(  347):   Scheme: "smsto"
I/PackageManager(  347): Adding preferred activity ComponentInfo{com.android.mms/com.android.mms.ui.ComposeMessageActivity} for user 0 :
I/PackageManager(  347):   Action: "android.intent.action.SENDTO"
I/PackageManager(  347):   Category: "android.intent.category.DEFAULT"
I/PackageManager(  347):   Scheme: "mms"
I/PackageManager(  347): Adding preferred activity ComponentInfo{com.android.mms/com.android.mms.ui.ComposeMessageActivity} for user 0 :
I/ActivityManager(  347): Delay finish: com.android.mms/.transaction.SmsReceiver
D/dalvikvm(  347): GC_CONCURRENT freed 768K, 56% free 5796K/13152K, paused 14ms+6ms, total 101ms
I/PackageManager(  347):   Action: "android.intent.action.SENDTO"
I/PackageManager(  347):   Category: "android.intent.category.DEFAULT"
I/PackageManager(  347):   Scheme: "mmsto"
I/PackageManager(  347): Adding preferred activity ComponentInfo{com.android.mms/com.android.mms.ui.ComposeMessageActivity} for user 0 :
I/PackageManager(  347):   Action: "android.intent.action.SENDTO"
I/PackageManager(  347):   Category: "android.intent.category.DEFAULT"
I/PackageManager(  347):   Scheme: "sms"
I/PackageManager(  347): Adding preferred activity ComponentInfo{com.android.mms/com.android.mms.ui.ComposeMessageActivity} for user 0 :
I/ActivityManager(  347): Resuming delayed broadcast
D/dalvikvm(  601): GC_CONCURRENT freed 314K, 12% free 3436K/3904K, paused 5ms+3ms, total 69ms
I/PackageManager(  347):   Action: "android.intent.action.SENDTO"
I/PackageManager(  347):   Category: "android.intent.category.DEFAULT"
I/PackageManager(  347):   Scheme: "smsto"
I/PackageManager(  347): Adding preferred activity ComponentInfo{com.android.mms/com.android.mms.ui.ComposeMessageActivity} for user 0 :
I/PackageManager(  347):   Action: "android.intent.action.SENDTO"
I/PackageManager(  347):   Category: "android.intent.category.DEFAULT"
I/PackageManager(  347):   Scheme: "mms"
I/PackageManager(  347): Adding preferred activity ComponentInfo{com.android.mms/com.android.mms.ui.ComposeMessageActivity} for user 0 :
I/PackageManager(  347):   Action: "android.intent.action.SENDTO"
I/PackageManager(  347):   Category: "android.intent.category.DEFAULT"
I/PackageManager(  347):   Scheme: "mmsto"
I/PackageManager(  347): Adding preferred activity ComponentInfo{com.android.mms/com.android.mms.ui.ComposeMessageActivity} for user 0 :
I/ActivityManager(  347): Delay finish: com.android.providers.calendar/.CalendarProviderBroadcastReceiver
I/ActivityManager(  347): Resuming delayed broadcast
I/PackageManager(  347):   Action: "android.intent.action.SENDTO"
I/PackageManager(  347):   Category: "android.intent.category.DEFAULT"
I/PackageManager(  347):   Scheme: "sms"
I/PackageManager(  347): Adding preferred activity ComponentInfo{com.android.mms/com.android.mms.ui.ComposeMessageActivity} for user 0 :
I/PackageManager(  347):   Action: "android.intent.action.SENDTO"
I/PackageManager(  347):   Category: "android.intent.category.DEFAULT"
I/PackageManager(  347):   Scheme: "smsto"
I/PackageManager(  347): Adding preferred activity ComponentInfo{com.android.mms/com.android.mms.ui.ComposeMessageActivity} for user 0 :
I/PackageManager(  347):   Action: "android.intent.action.SENDTO"
I/PackageManager(  347): Adding preferred activity ComponentInfo{com.android.mms/com.android.mms.ui.ComposeMessageActivity} for user 0 :
I/PackageManager(  347):   Category: "android.intent.category.DEFAULT"
I/PackageManager(  347):   Scheme: "mms"
D/dalvikvm(  601): GC_CONCURRENT freed 525K, 16% free 3366K/3984K, paused 4ms+22ms, total 63ms
D/dalvikvm(  347): GC_CONCURRENT freed 739K, 56% free 5834K/13152K, paused 31ms+5ms, total 160ms
D/dalvikvm(  347): WAIT_FOR_CONCURRENT_GC blocked 31ms
I/PackageManager(  347):   Action: "android.intent.action.SENDTO"
I/PackageManager(  347):   Category: "android.intent.category.DEFAULT"
I/PackageManager(  347):   Scheme: "mmsto"
I/PackageManager(  347): Adding preferred activity ComponentInfo{com.android.mms/com.android.mms.ui.ComposeMessageActivity} for user 0 :
I/PackageManager(  347):   Action: "android.intent.action.SENDTO"
I/PackageManager(  347):   Category: "android.intent.category.DEFAULT"
I/PackageManager(  347):   Scheme: "sms"
I/PackageManager(  347): Adding preferred activity ComponentInfo{com.android.mms/com.android.mms.ui.ComposeMessageActivity} for user 0 :
I/PackageManager(  347):   Action: "android.intent.action.SENDTO"
I/PackageManager(  347):   Category: "android.intent.category.DEFAULT"
I/PackageManager(  347):   Scheme: "smsto"
I/PackageManager(  347): Adding preferred activity ComponentInfo{com.android.mms/com.android.mms.ui.ComposeMessageActivity} for user 0 :
I/PackageManager(  347):   Action: "android.intent.action.SENDTO"
I/PackageManager(  347):   Category: "android.intent.category.DEFAULT"
I/PackageManager(  347):   Scheme: "mms"
I/PackageManager(  347): Adding preferred activity ComponentInfo{com.android.mms/com.android.mms.ui.ComposeMessageActivity} for user 0 :
I/PackageManager(  347):   Action: "android.intent.action.SENDTO"
I/PackageManager(  347):   Category: "android.intent.category.DEFAULT"
I/PackageManager(  347):   Scheme: "mmsto"
I/PackageManager(  347): Adding preferred activity ComponentInfo{com.android.mms/com.android.mms.ui.ComposeMessageActivity} for user 0 :
D/AlertService(  981): No fired or scheduled alerts
I/ActivityManager(  347): Waited long enough for: ServiceRecord{b36bdb78 u0 com.android.music/.MediaPlaybackService}
I/ActivityManager(  347): Resuming delayed broadcast
D/dalvikvm(  601): GC_CONCURRENT freed 424K, 16% free 3385K/3984K, paused 13ms+3ms, total 31ms
I/PackageManager(  347):   Action: "android.intent.action.SENDTO"
I/PackageManager(  347):   Category: "android.intent.category.DEFAULT"
I/PackageManager(  347):   Scheme: "sms"
I/PackageManager(  347): Adding preferred activity ComponentInfo{com.android.mms/com.android.mms.ui.ComposeMessageActivity} for user 0 :
I/PackageManager(  347):   Action: "android.intent.action.SENDTO"
I/PackageManager(  347):   Category: "android.intent.category.DEFAULT"
I/PackageManager(  347):   Scheme: "smsto"
I/PackageManager(  347): Adding preferred activity ComponentInfo{com.android.mms/com.android.mms.ui.ComposeMessageActivity} for user 0 :
I/PackageManager(  347):   Action: "android.intent.action.SENDTO"
I/PackageManager(  347):   Category: "android.intent.category.DEFAULT"
I/PackageManager(  347):   Scheme: "mms"
D/dalvikvm(  347): GC_CONCURRENT freed 809K, 56% free 5798K/13152K, paused 45ms+15ms, total 239ms
D/dalvikvm(  347): WAIT_FOR_CONCURRENT_GC blocked 111ms
I/PackageManager(  347):   Action: "android.intent.action.SENDTO"
I/PackageManager(  347):   Category: "android.intent.category.DEFAULT"
I/PackageManager(  347):   Scheme: "mmsto"
I/PackageManager(  347):   Action: "android.intent.action.SENDTO"
I/PackageManager(  347):   Category: "android.intent.category.DEFAULT"
I/PackageManager(  347):   Scheme: "sms"
I/PackageManager(  347):   Action: "android.intent.action.SENDTO"
I/PackageManager(  347):   Category: "android.intent.category.DEFAULT"
I/PackageManager(  347):   Scheme: "smsto"
D/dalvikvm(  601): GC_CONCURRENT freed 403K, 16% free 3376K/3984K, paused 3ms+2ms, total 45ms
I/PackageManager(  347):   Action: "android.intent.action.SENDTO"
I/PackageManager(  347):   Category: "android.intent.category.DEFAULT"
I/PackageManager(  347):   Scheme: "mms"
I/PackageManager(  347):   Action: "android.intent.action.SENDTO"
I/PackageManager(  347):   Category: "android.intent.category.DEFAULT"
I/PackageManager(  347):   Scheme: "mmsto"
V/SmsReceiverService( 1072): onStart: #1 mResultCode: -1 = Activity.RESULT_OK
D/AlertService(  981): Scheduling next alarm with AlarmScheduler. sEventReminderReceived: null
D/dalvikvm( 1021): GC_CONCURRENT freed 221K, 10% free 2892K/3180K, paused 75ms+11ms, total 165ms
D/AlarmScheduler(  981): No events found starting within 1 week.
D/dalvikvm(  347): GC_CONCURRENT freed 666K, 56% free 5813K/13152K, paused 6ms+41ms, total 128ms
V/AlarmClock( 1015): AlarmInitReceiver android.intent.action.TIME_SET
I/AlarmClock( 1015): Displaying next alarm time: ''
V/AlarmClock( 1015): AlarmInitReceiver finished
D/        (  347): Setting time of day to sec=1529308402
D/AndroidRuntime( 1146): 
D/AndroidRuntime( 1146): >>>>>> AndroidRuntime START com.android.internal.os.RuntimeInit <<<<<<
D/AndroidRuntime( 1146): CheckJNI is ON
D/dalvikvm( 1146): Trying to load lib libjavacore.so 0x0
D/dalvikvm( 1146): Added shared lib libjavacore.so 0x0
D/dalvikvm( 1146): Trying to load lib libnativehelper.so 0x0
D/dalvikvm( 1146): Added shared lib libnativehelper.so 0x0
D/dalvikvm( 1146): No JNI_OnLoad found in libnativehelper.so 0x0, skipping init
D/dalvikvm( 1146): Note: class Landroid/app/ActivityManagerNative; has 179 unimplemented (abstract) methods
E/memtrack( 1146): Couldn't load memtrack module (No such file or directory)
E/android.os.Debug( 1146): failed to load memtrack module: -2
D/AndroidRuntime( 1146): Calling main entry com.android.commands.am.Am
I/ActivityManager(  347): START u0 {act=android.intent.action.MAIN cat=[android.intent.category.LAUNCHER] flg=0x10000000 cmp=com.triposo.droidguide.trinidad_and_tobago/com.triposo.droidguide.world.SplashActivity} from pid 1146
D/gralloc (   58): Registering a buffer in the process that created it. This may cause memory ordering problems.
E/libEGL  (   58): called unimplemented OpenGL ES API
E/libEGL  (   58): called unimplemented OpenGL ES API
E/libEGL  (   58): called unimplemented OpenGL ES API
E/libEGL  (   58): called unimplemented OpenGL ES API
E/SurfaceFlinger(   58): glCheckFramebufferStatusOES error -1550489313
E/SurfaceFlinger(   58): got GL_FRAMEBUFFER_COMPLETE_OES error while taking screenshot
E/libEGL  (   58): called unimplemented OpenGL ES API
E/libEGL  (   58): called unimplemented OpenGL ES API
W/WindowManager(  347): Screenshot failure taking screenshot for (164x295) to layer 21005
I/ActivityManager(  347): Start proc com.triposo.droidguide.trinidad_and_tobago for activity com.triposo.droidguide.trinidad_and_tobago/com.triposo.droidguide.world.SplashActivity: pid=1156 uid=10052 gids={50052, 1028, 1015, 3003}
D/dalvikvm( 1156): WAIT_FOR_CONCURRENT_GC blocked 1ms
I/FirebaseInitProvider( 1156): FirebaseApp initialization unsuccessful
D/dalvikvm( 1156): GC_CONCURRENT freed 310K, 12% free 2907K/3284K, paused 25ms+25ms, total 120ms
D/Triposo ( 1156): Stopped SynchronizeService: false
I/AppsFlyer_3.0( 1156): Start tracking package: com.triposo.droidguide.trinidad_and_tobago
I/AppsFlyer_3.0( 1156): AsendTrackingWithEvent from activity: com.triposo.droidguide.world.App
I/AppsFlyer_3.0-308408382( 1156): ******* sendTrackingWithEvent: Launch
E/ActivityThread( 1156): Failed to find provider info for com.facebook.katana.provider.AttributionIdProvider
D/dalvikvm( 1156): GC_CONCURRENT freed 349K, 13% free 3030K/3448K, paused 12ms+13ms, total 90ms
I/ActivityManager(  347): Waited long enough for: ServiceRecord{b2f12070 u0 com.android.calendar/.alerts.InitAlarmsService}
I/AppsFlyer_3.0( 1156): WARNING:READ_PHONE_STATE is missing
I/AppsFlyer_3.0( 1156): com.google.android.gms.common.c
D/AppsFlyer_3.0( 1156): AppsFlyer: first launch detected
I/AppsFlyer_3.0( 1156): AppsFlyer: first launch date: 2018-06-18_0353-0400
I/System.out( 1156): AppsFlyerLib.sendTrackingWithEvent
I/AppsFlyer_3.0-308408382( 1156): url: https://t.appsflyer.com/api/v3/androidevent?buildnumber=3.0&app_id=com.triposo.droidguide.trinidad_and_tobago
I/AppsFlyer_( 1156): data: uid=1529308375917-9159527567181616044&model=sdk&af_v=394e7944b0f10c801f9d66042a289ac8af0e26ba&app_version_code=197&af_preinstalled=false&lang=English&network=MOBILE&android_id=581adc7f988e56d5&firstLaunchDate=2018-06-18_0353-0400&installDate=2018-06-18_0352-0400&deviceType=eng&date2=2018-06-18_0352-0400&carrier=Android&iaecounter=0&sdk=19&timepassedsincelastlaunch=0&dkh=Xp2yHUML&date1=2018-06-18_0352-0400&appsflyerKey=Xp****************GRwF&counter=1&operator=Android&country=US&isFirstCall=true&product=sdk&af_timestamp=1529308408382&device=generic&brand=generic&app_version_name=4.3.5&lang_code=en&platformextension=android_native
D/dalvikvm( 1156): GC_CONCURRENT freed 377K, 13% free 3056K/3512K, paused 8ms+13ms, total 98ms
D/dalvikvm( 1156): GC_FOR_ALLOC freed 68K, 13% free 3066K/3512K, paused 31ms, total 32ms
I/dalvikvm-heap( 1156): Grow heap (frag case) to 4.010MB for 1000016-byte allocation
D/dalvikvm( 1156): GC_FOR_ALLOC freed 3K, 11% free 4039K/4492K, paused 24ms, total 24ms
D/dalvikvm( 1156): GC_CONCURRENT freed 68K, 9% free 4109K/4492K, paused 6ms+5ms, total 101ms
I/AppsFlyer_3.0-308408382( 1156): response code: 404
D/dalvikvm( 1156): GC_CONCURRENT freed 396K, 11% free 4143K/4608K, paused 5ms+22ms, total 55ms
D/SKMaps  ( 1156): SKMapInitSettings---- Map style  SKMapViewStyle{resourceFolderPath='/storage/sdcard/Android/data/com.triposo.droidguide.trinidad_and_tobago/files/Skobbler2/daystyle/', styleFileName='daystyle.json', styleDetail=null, displayPixelDensity=null}
D/SKMaps  ( 1156): SKPrepareMapTextureThread----Copy Asset SKMaps.zip
I/dalvikvm( 1156): Could not find method android.app.Notification$Builder.setLocalOnly, referenced from method com.google.android.gms.common.GooglePlayServicesUtil.zza
W/dalvikvm( 1156): VFY: unable to resolve virtual method 329: Landroid/app/Notification$Builder;.setLocalOnly (Z)Landroid/app/Notification$Builder;
D/dalvikvm( 1156): VFY: replacing opcode 0x6e at 0x00d1
I/dalvikvm( 1156): Could not find method android.content.pm.PackageManager.getPackageInstaller, referenced from method com.google.android.gms.common.k.zzk
W/dalvikvm( 1156): VFY: unable to resolve virtual method 633: Landroid/content/pm/PackageManager;.getPackageInstaller ()Landroid/content/pm/PackageInstaller;
D/dalvikvm( 1156): VFY: replacing opcode 0x6e at 0x000b
W/GooglePlayServicesUtil( 1156): Cannot find Google Play services package name.
W/GooglePlayServicesUtil( 1156): android.content.pm.PackageManager$NameNotFoundException: com.google.android.gms
W/GooglePlayServicesUtil( 1156): 	at android.app.ApplicationPackageManager.getPackageInfo(ApplicationPackageManager.java:82)
W/GooglePlayServicesUtil( 1156): 	at com.google.android.gms.b.dl.b(Unknown Source)
W/GooglePlayServicesUtil( 1156): 	at com.google.android.gms.common.k.zzap(Unknown Source)
W/GooglePlayServicesUtil( 1156): 	at com.google.android.gms.common.k.zzao(Unknown Source)
W/GooglePlayServicesUtil( 1156): 	at com.google.android.gms.common.k.zzaj(Unknown Source)
W/GooglePlayServicesUtil( 1156): 	at com.google.android.gms.common.k.isGooglePlayServicesAvailable(Unknown Source)
W/GooglePlayServicesUtil( 1156): 	at com.google.android.gms.common.GooglePlayServicesUtil.isGooglePlayServicesAvailable(Unknown Source)
W/GooglePlayServicesUtil( 1156): 	at com.triposo.droidguide.world.notifications.GcmIntentService.checkPlayServices(Unknown Source)
W/GooglePlayServicesUtil( 1156): 	at com.triposo.droidguide.world.notifications.GcmIntentService.registerInBackground(Unknown Source)
W/GooglePlayServicesUtil( 1156): 	at com.triposo.droidguide.world.SplashActivity.onCreate(Unknown Source)
W/GooglePlayServicesUtil( 1156): 	at android.app.Activity.performCreate(Activity.java:5231)
W/GooglePlayServicesUtil( 1156): 	at android.app.Instrumentation.callActivityOnCreate(Instrumentation.java:1087)
W/GooglePlayServicesUtil( 1156): 	at android.app.ActivityThread.performLaunchActivity(ActivityThread.java:2148)
W/GooglePlayServicesUtil( 1156): 	at android.app.ActivityThread.handleLaunchActivity(ActivityThread.java:2233)
W/GooglePlayServicesUtil( 1156): 	at android.app.ActivityThread.access$800(ActivityThread.java:135)
W/GooglePlayServicesUtil( 1156): 	at android.app.ActivityThread$H.handleMessage(ActivityThread.java:1196)
W/GooglePlayServicesUtil( 1156): 	at android.os.Handler.dispatchMessage(Handler.java:102)
W/GooglePlayServicesUtil( 1156): 	at android.os.Looper.loop(Looper.java:136)
W/GooglePlayServicesUtil( 1156): 	at android.app.ActivityThread.main(ActivityThread.java:5001)
W/GooglePlayServicesUtil( 1156): 	at java.lang.reflect.Method.invokeNative(Native Method)
W/GooglePlayServicesUtil( 1156): 	at java.lang.reflect.Method.invoke(Method.java:515)
W/GooglePlayServicesUtil( 1156): 	at com.android.internal.os.ZygoteInit$MethodAndArgsCaller.run(ZygoteInit.java:785)
W/GooglePlayServicesUtil( 1156): 	at com.android.internal.os.ZygoteInit.main(ZygoteInit.java:601)
W/GooglePlayServicesUtil( 1156): 	at dalvik.system.NativeStart.main(Native Method)
W/GooglePlayServicesUtil( 1156): Google Play services is missing.
W/Triposo ( 1156): This device is not supported by GooglePlayServices. SERVICE_MISSING
D/Triposo ( 1156): Starting in-app billing setup.
D/Triposo ( 1156): In-app Billing setup: false IabResult: Billing service unavailable on device. (response: 3:Billing Unavailable)
D/Triposo ( 1156): Disposing.
W/GooglePlayServicesUtil( 1156): Google Play services is missing.
W/ActivityManager(  347): Unable to start service Intent { act=com.google.android.gms.ads.identifier.service.START pkg=com.google.android.gms } U=0: not found
D/GraphRequest( 1156): Warning: Request without access token missing application ID or client token.
D/Triposo ( 1156): Expansion file missing: /storage/sdcard/Android/obb/com.triposo.droidguide.trinidad_and_tobago/main.195.com.triposo.droidguide.trinidad_and_tobago.obb
D/Triposo ( 1156): Expansion file missing: /storage/sdcard/Android/obb/com.triposo.droidguide.trinidad_and_tobago/main.196.com.triposo.droidguide.trinidad_and_tobago.obb
D/Triposo ( 1156): Expansion file missing: /storage/sdcard/Android/obb/com.triposo.droidguide.trinidad_and_tobago/main.197.com.triposo.droidguide.trinidad_and_tobago.obb
D/Triposo ( 1156): No expansion file found
D/dalvikvm( 1156): GC_CONCURRENT freed 314K, 9% free 4252K/4636K, paused 5ms+18ms, total 59ms
D/dalvikvm( 1156): WAIT_FOR_CONCURRENT_GC blocked 17ms
I/dalvikvm-heap( 1156): Grow heap (frag case) to 4.485MB for 281896-byte allocation
D/dalvikvm( 1156): GC_FOR_ALLOC freed 1K, 8% free 4526K/4912K, paused 31ms, total 31ms
I/Choreographer( 1156): Skipped 53 frames!  The application may be doing too much work on its main thread.
D/gralloc_goldfish( 1156): Emulator without GPU emulation detected.
I/ActivityManager(  347): Displayed com.triposo.droidguide.trinidad_and_tobago/com.triposo.droidguide.world.SplashActivity: +4s105ms
D/AndroidRuntime( 1146): Shutting down VM
D/dalvikvm( 1146): GC_CONCURRENT freed 99K, 15% free 589K/692K, paused 12ms+2ms, total 21ms
D/dalvikvm( 1156): GC_CONCURRENT freed 325K, 8% free 4709K/5104K, paused 5ms+3ms, total 193ms
D/dalvikvm( 1156): GC_CONCURRENT freed 522K, 12% free 4768K/5364K, paused 4ms+4ms, total 44ms
D/dalvikvm( 1156): GC_CONCURRENT freed 591K, 12% free 4881K/5528K, paused 5ms+14ms, total 94ms
D/Triposo ( 1156): Anon login response: 200 {"access_token": "sdmoczHklaZdeboUyVAxZzEHhpyIOaIaGDilwPqMdKxKaqrETuApcXpCBEMjPoLP"}
I/Triposo ( 1156): Got an access token for a nonauthenticated user: sdmoczHklaZdeboUyVAxZzEHhpyIOaIaGDilwPqMdKxKaqrETuApcXpCBEMjPoLP
D/Triposo ( 1156): Stopped SynchronizeService: true
D/Triposo ( 1156): Received from Triposo server: {"current_time": "2018-06-18T07:53:34+00:00", "users": [{"username": null, "bio": null, "location_name": null, "name": null, "updated_at_timestamp": 1529308410, "hometown_name": null, "gender": null, "picture_url": null, "updated_at": "2018-06-18T07:53:30+00:00", "email": null, "travel_log_privacy": "Public", "link": null, "net_recommender_score": 0, "email_verified": false, "facebook_posting_policy": "Smart", "stats": {"tips": 0, "miniguides": 0}, "id": null, "needs_password": true}], "current_time_timestamp": 1529308414, "experiment_override": {}}
D/dalvikvm( 1156): GC_CONCURRENT freed 624K, 13% free 4859K/5552K, paused 5ms+12ms, total 54ms
I/Triposo ( 1156): Fetching bookmarked layers: []
D/dalvikvm( 1156): Trying to load lib /data/app-lib/com.triposo.droidguide.trinidad_and_tobago-1/libngnative.so 0xb2d1e398
D/dalvikvm( 1156): Added shared lib /data/app-lib/com.triposo.droidguide.trinidad_and_tobago-1/libngnative.so 0xb2d1e398
D/dalvikvm( 1156): Trying to load lib /data/app-lib/com.triposo.droidguide.trinidad_and_tobago-1/libngnative.so 0xb2d1e398
D/dalvikvm( 1156): Shared lib '/data/app-lib/com.triposo.droidguide.trinidad_and_tobago-1/libngnative.so' already loaded in same CL 0xb2d1e398
I/dalvikvm( 1156): threadid=14: recursive native library load attempt (/data/app-lib/com.triposo.droidguide.trinidad_and_tobago-1/libngnative.so)
D/dalvikvm( 1156): Trying to load lib /data/app-lib/com.triposo.droidguide.trinidad_and_tobago-1/libngnative.so 0xb2d1e398
D/dalvikvm( 1156): Shared lib '/data/app-lib/com.triposo.droidguide.trinidad_and_tobago-1/libngnative.so' already loaded in same CL 0xb2d1e398
I/dalvikvm( 1156): threadid=14: recursive native library load attempt (/data/app-lib/com.triposo.droidguide.trinidad_and_tobago-1/libngnative.so)
W/System.err( 1156): java.lang.NoSuchMethodError: no method with name='isNotified' signature='()Z' in class Lcom/skobbler/ngx/routing/SKViaPoint;
W/System.err( 1156): 	at java.lang.Runtime.nativeLoad(Native Method)
W/System.err( 1156): 	at java.lang.Runtime.doLoad(Runtime.java:421)
W/System.err( 1156): 	at java.lang.Runtime.loadLibrary(Runtime.java:362)
W/System.err( 1156): 	at java.lang.System.loadLibrary(System.java:526)
W/System.err( 1156): 	at com.skobbler.ngx.SKMaps.<clinit>(Unknown Source)
W/System.err( 1156): 	at com.skobbler.ngx.SKPrepareMapTextureThread.a(Unknown Source)
W/System.err( 1156): 	at com.skobbler.ngx.SKPrepareMapTextureThread.run(Unknown Source)
D/SkobblerNG( 1156): gJVM registerMethod error for ClassSKViaPoint :: isNotified ()Z
