D/dalvikvm(  347): GC_CONCURRENT freed 491K, 69% free 4109K/13200K, paused 5ms+3ms, total 46ms
D/dalvikvm(  347): WAIT_FOR_CONCURRENT_GC blocked 30ms
D/dalvikvm(  347): GC_FOR_ALLOC freed 335K, 68% free 4229K/13200K, paused 31ms, total 31ms
D/dalvikvm(  347): GC_CONCURRENT freed 264K, 67% free 4438K/13200K, paused 4ms+16ms, total 76ms
D/dalvikvm(  347): GC_CONCURRENT freed 280K, 65% free 4717K/13200K, paused 5ms+5ms, total 103ms
D/dalvikvm(  347): GC_CONCURRENT freed 349K, 63% free 4892K/13200K, paused 5ms+5ms, total 105ms
I/PackageManager(  347): /system/app/LegacyCamera.apk changed; collecting certs
D/dalvikvm(  347): GC_CONCURRENT freed 455K, 63% free 4983K/13200K, paused 15ms+10ms, total 72ms
D/dalvikvm(  347): WAIT_FOR_CONCURRENT_GC blocked 30ms
D/dalvikvm(  347): GC_FOR_ALLOC freed 1347K, 69% free 4183K/13200K, paused 36ms, total 37ms
D/dalvikvm(  347): GC_CONCURRENT freed 268K, 67% free 4407K/13200K, paused 15ms+7ms, total 99ms
D/dalvikvm(  347): GC_CONCURRENT freed 416K, 66% free 4502K/13200K, paused 14ms+3ms, total 57ms
D/dalvikvm(  347): WAIT_FOR_CONCURRENT_GC blocked 25ms
D/dalvikvm(  347): GC_CONCURRENT freed 180K, 64% free 4816K/13200K, paused 5ms+5ms, total 106ms
I/PackageManager(  347): /system/app/LiveWallpapersPicker.apk changed; collecting certs
I/PackageManager(  347): /system/app/Music.apk changed; collecting certs
D/dalvikvm(  347): GC_CONCURRENT freed 499K, 64% free 4817K/13200K, paused 5ms+15ms, total 57ms
D/dalvikvm(  347): WAIT_FOR_CONCURRENT_GC blocked 42ms
I/PackageManager(  347): /system/app/NetSpeed.apk changed; collecting certs
D/dalvikvm(  347): GC_CONCURRENT freed 1116K, 68% free 4230K/13200K, paused 9ms+22ms, total 145ms
D/dalvikvm(  347): WAIT_FOR_CONCURRENT_GC blocked 12ms
I/PackageManager(  347): /system/app/OpenWnn.apk changed; collecting certs
D/dalvikvm(  347): GC_CONCURRENT freed 294K, 67% free 4401K/13200K, paused 7ms+5ms, total 45ms
D/dalvikvm(  347): WAIT_FOR_CONCURRENT_GC blocked 38ms
D/dalvikvm(  347): GC_CONCURRENT freed 664K, 69% free 4202K/13200K, paused 5ms+6ms, total 83ms
D/dalvikvm(  347): GC_CONCURRENT freed 203K, 66% free 4515K/13200K, paused 5ms+5ms, total 92ms
D/dalvikvm(  347): WAIT_FOR_CONCURRENT_GC blocked 7ms
I/PackageManager(  347): /system/app/PacProcessor.apk changed; collecting certs
I/PackageManager(  347): /system/app/PackageInstaller.apk changed; collecting certs
D/dalvikvm(  347): GC_CONCURRENT freed 405K, 66% free 4572K/13200K, paused 5ms+18ms, total 84ms
I/PackageManager(  347): /system/app/PicoTts.apk changed; collecting certs
I/PackageManager(  347): /system/app/PinyinIME.apk changed; collecting certs
D/dalvikvm(  347): GC_CONCURRENT freed 983K, 69% free 4100K/13200K, paused 4ms+4ms, total 68ms
D/dalvikvm(  347): WAIT_FOR_CONCURRENT_GC blocked 25ms
I/PackageManager(  347): /system/app/PrintSpooler.apk changed; collecting certs
D/dalvikvm(  347): GC_CONCURRENT freed 388K, 69% free 4144K/13200K, paused 6ms+12ms, total 71ms
I/PackageManager(  347): /system/app/Protips.apk changed; collecting certs
I/PackageManager(  347): /system/app/QuickSearchBox.apk changed; collecting certs
D/dalvikvm(  347): GC_CONCURRENT freed 469K, 69% free 4175K/13200K, paused 5ms+3ms, total 47ms
D/dalvikvm(  347): WAIT_FOR_CONCURRENT_GC blocked 33ms
D/dalvikvm(  347): GC_CONCURRENT freed 390K, 68% free 4256K/13200K, paused 5ms+13ms, total 80ms
I/PackageManager(  347): /system/app/SdkSetup.apk changed; collecting certs
I/PackageManager(  347): /system/app/SoundRecorder.apk changed; collecting certs
I/PackageManager(  347): /system/app/SpeechRecorder.apk changed; collecting certs
I/PackageManager(  347): /system/app/TelephonyProvider.apk changed; collecting certs
D/dalvikvm(  347): GC_CONCURRENT freed 403K, 67% free 4364K/13200K, paused 5ms+12ms, total 89ms
D/dalvikvm(  347): WAIT_FOR_CONCURRENT_GC blocked 9ms
I/PackageManager(  347): /system/app/UserDictionaryProvider.apk changed; collecting certs
D/PackageManager(  347): No files in app dir /vendor/app
D/dalvikvm(  347): GC_CONCURRENT freed 646K, 68% free 4236K/13200K, paused 13ms+6ms, total 104ms
W/PackageParser(  347): No actions in intent filter at /data/app/ApiDemos.apk Binary XML file line #2899
I/PackageManager(  347): /data/app/ApiDemos.apk changed; collecting certs
W/PackageParser(  347): No actions in intent filter at /data/app/ApiDemos.apk Binary XML file line #2905
D/dalvikvm(  347): GC_CONCURRENT freed 216K, 67% free 4486K/13200K, paused 5ms+3ms, total 83ms
D/dalvikvm(  347): WAIT_FOR_CONCURRENT_GC blocked 61ms
D/dalvikvm(  347): GC_CONCURRENT freed 372K, 65% free 4623K/13200K, paused 5ms+6ms, total 103ms
D/dalvikvm(  347): GC_CONCURRENT freed 318K, 64% free 4828K/13200K, paused 13ms+5ms, total 104ms
D/dalvikvm(  347): GC_CONCURRENT freed 526K, 64% free 4830K/13200K, paused 6ms+3ms, total 69ms
D/dalvikvm(  347): WAIT_FOR_CONCURRENT_GC blocked 30ms
D/dalvikvm(  347): GC_CONCURRENT freed 530K, 64% free 4833K/13200K, paused 5ms+3ms, total 68ms
D/dalvikvm(  347): WAIT_FOR_CONCURRENT_GC blocked 26ms
D/dalvikvm(  347): GC_CONCURRENT freed 524K, 64% free 4837K/13200K, paused 5ms+3ms, total 82ms
D/dalvikvm(  347): WAIT_FOR_CONCURRENT_GC blocked 25ms
D/dalvikvm(  347): GC_CONCURRENT freed 526K, 64% free 4842K/13200K, paused 15ms+4ms, total 70ms
D/dalvikvm(  347): WAIT_FOR_CONCURRENT_GC blocked 32ms
D/dalvikvm(  347): GC_CONCURRENT freed 528K, 64% free 4847K/13200K, paused 15ms+3ms, total 71ms
D/dalvikvm(  347): WAIT_FOR_CONCURRENT_GC blocked 34ms
D/dalvikvm(  347): GC_CONCURRENT freed 529K, 64% free 4850K/13200K, paused 12ms+3ms, total 70ms
D/dalvikvm(  347): WAIT_FOR_CONCURRENT_GC blocked 32ms
D/dalvikvm(  347): GC_CONCURRENT freed 529K, 64% free 4853K/13200K, paused 4ms+4ms, total 70ms
D/dalvikvm(  347): WAIT_FOR_CONCURRENT_GC blocked 27ms
D/dalvikvm(  347): GC_CONCURRENT freed 529K, 64% free 4856K/13200K, paused 4ms+4ms, total 70ms
D/dalvikvm(  347): WAIT_FOR_CONCURRENT_GC blocked 27ms
D/dalvikvm(  347): GC_CONCURRENT freed 531K, 64% free 4860K/13200K, paused 4ms+3ms, total 70ms
D/dalvikvm(  347): WAIT_FOR_CONCURRENT_GC blocked 27ms
D/dalvikvm(  347): GC_CONCURRENT freed 467K, 64% free 4868K/13200K, paused 5ms+3ms, total 125ms
W/PackageManager(  347): Package com.example.android.apis desires unavailable shared library com.example.will.never.exist; ignoring!
I/PackageManager(  347): /data/app/CubeLiveWallpapers.apk changed; collecting certs
D/dalvikvm(  347): GC_CONCURRENT freed 462K, 63% free 4946K/13200K, paused 12ms+9ms, total 141ms
D/dalvikvm(  347): WAIT_FOR_CONCURRENT_GC blocked 21ms
I/PackageManager(  347): /data/app/GestureBuilder.apk changed; collecting certs
I/PackageManager(  347): /data/app/SmokeTest.apk changed; collecting certs
D/dalvikvm(  347): GC_CONCURRENT freed 1131K, 67% free 4377K/13200K, paused 14ms+8ms, total 93ms
D/dalvikvm(  347): WAIT_FOR_CONCURRENT_GC blocked 14ms
I/PackageManager(  347): /data/app/SmokeTestApp.apk changed; collecting certs
I/PackageManager(  347): /data/app/SoftKeyboard.apk changed; collecting certs
D/dalvikvm(  347): GC_CONCURRENT freed 504K, 67% free 4378K/13200K, paused 5ms+4ms, total 69ms
D/dalvikvm(  347): WAIT_FOR_CONCURRENT_GC blocked 26ms
I/PackageManager(  347): /data/app/WidgetPreview.apk changed; collecting certs
W/PackageManager(  347): Package com.example.android.apis desires unavailable shared library com.example.will.never.exist; ignoring!
W/PackageManager(  347): Package com.android.camera desires unavailable shared library com.google.android.media.effects; ignoring!
I/PackageManager(  347): Time to scan packages: 25.308 seconds
W/PackageManager(  347): Not granting permission android.permission.GLOBAL_SEARCH to package com.android.quicksearchbox (protectionLevel=18 flags=0x8be45)
D/dalvikvm(  347): GC_CONCURRENT freed 470K, 67% free 4371K/13200K, paused 5ms+14ms, total 98ms
W/PackageManager(  347): Unknown permission com.android.smspush.WAPPUSH_MANAGER_BIND in package com.android.phone
W/PackageManager(  347): Unknown permission com.google.android.googleapps.permission.GOOGLE_AUTH in package com.android.providers.calendar
W/PackageManager(  347): Unknown permission com.google.android.googleapps.permission.GOOGLE_AUTH.cl in package com.android.providers.calendar
W/PackageManager(  347): Unknown permission com.google.android.googleapps.permission.GOOGLE_AUTH.mail in package com.android.calendar
W/PackageManager(  347): Not granting permission android.permission.ACCESS_DOWNLOAD_MANAGER to package com.android.browser (protectionLevel=18 flags=0x9be45)
W/PackageManager(  347): Not granting permission android.permission.SEND_DOWNLOAD_COMPLETED_INTENTS to package com.android.browser (protectionLevel=2 flags=0x9be45)
W/PackageManager(  347): Not granting permission android.permission.BIND_APPWIDGET to package com.android.widgetpreview (protectionLevel=18 flags=0x8be44)
W/PackageManager(  347): Unknown permission android.permission.INSTALL_DRM in package com.android.mms
W/PackageManager(  347): Unknown permission com.google.android.googleapps.permission.GOOGLE_AUTH in package com.android.settings
W/PackageManager(  347): Unknown permission com.google.android.googleapps.permission.ACCESS_GOOGLE_PASSWORD in package com.android.development
W/PackageManager(  347): Unknown permission com.google.android.googleapps.permission.GOOGLE_AUTH in package com.android.development
W/PackageManager(  347): Unknown permission com.google.android.googleapps.permission.GOOGLE_AUTH.ALL_SERVICES in package com.android.development
W/PackageManager(  347): Unknown permission com.google.android.googleapps.permission.GOOGLE_AUTH.YouTubeUser in package com.android.development
W/PackageManager(  347): Not granting permission android.permission.DELETE_PACKAGES to package com.svox.pico (protectionLevel=18 flags=0x8be45)
W/PackageManager(  347): Not granting permission android.permission.DEVICE_POWER to package com.android.deskclock (protectionLevel=2 flags=0x48be45)
D/dalvikvm(  347): GC_EXPLICIT freed 363K, 68% free 4309K/13200K, paused 4ms+4ms, total 61ms
I/SystemServer(  347): Entropy Mixer
W/EntropyMixer(  347): No existing entropy file -- first boot?
I/EntropyMixer(  347): Writing entropy...
I/SystemServer(  347): User Service
I/SystemServer(  347): Account Manager
I/SystemServer(  347): Content Manager
I/SystemServer(  347): System Content Providers
D/SettingsProvider(  347): User 0 external modification to /data/data/com.android.providers.settings/databases/settings.db; event=2
D/SettingsProvider(  347): User 0 updating our caches for /data/data/com.android.providers.settings/databases/settings.db
I/SyncManager(  347): No initial accounts
I/SyncManager(  347): No initial status
W/SyncManagerFile(  347): Error reading pending data.
W/SyncManagerFile(  347): java.io.FileNotFoundException: /data/system/sync/pending.xml: open failed: ENOENT (No such file or directory)
W/SyncManagerFile(  347): 	at libcore.io.IoBridge.open(IoBridge.java:409)
W/SyncManagerFile(  347): 	at java.io.FileInputStream.<init>(FileInputStream.java:78)
W/SyncManagerFile(  347): 	at android.util.AtomicFile.openRead(AtomicFile.java:199)
W/SyncManagerFile(  347): 	at com.android.server.content.SyncStorageEngine.readPendingOperationsLocked(SyncStorageEngine.java:2286)
W/SyncManagerFile(  347): 	at com.android.server.content.SyncStorageEngine.<init>(SyncStorageEngine.java:434)
W/SyncManagerFile(  347): 	at com.android.server.content.SyncStorageEngine.init(SyncStorageEngine.java:454)
W/SyncManagerFile(  347): 	at com.android.server.content.SyncManager.<init>(SyncManager.java:383)
W/SyncManagerFile(  347): 	at com.android.server.content.ContentService.getSyncManager(ContentService.java:75)
W/SyncManagerFile(  347): 	at com.android.server.content.ContentService.notifyChange(ContentService.java:283)
W/SyncManagerFile(  347): 	at android.content.ContentResolver.notifyChange(ContentResolver.java:1621)
W/SyncManagerFile(  347): 	at com.android.providers.settings.SettingsProvider.sendNotify(SettingsProvider.java:262)
W/SyncManagerFile(  347): 	at com.android.providers.settings.SettingsProvider.insertForUser(SettingsProvider.java:941)
W/SyncManagerFile(  347): 	at com.android.providers.settings.SettingsProvider.ensureAndroidIdIsSet(SettingsProvider.java:496)
W/SyncManagerFile(  347): 	at com.android.providers.settings.SettingsProvider.establishDbTracking(SettingsProvider.java:409)
W/SyncManagerFile(  347): 	at com.android.providers.settings.SettingsProvider.onCreate(SettingsProvider.java:335)
W/SyncManagerFile(  347): 	at android.content.ContentProvider.attachInfo(ContentProvider.java:1591)
W/SyncManagerFile(  347): 	at android.content.ContentProvider.attachInfo(ContentProvider.java:1562)
W/SyncManagerFile(  347): 	at android.app.ActivityThread.installProvider(ActivityThread.java:4774)
W/SyncManagerFile(  347): 	at android.app.ActivityThread.installContentProviders(ActivityThread.java:4369)
W/SyncManagerFile(  347): 	at android.app.ActivityThread.installSystemProviders(ActivityThread.java:4929)
W/SyncManagerFile(  347): 	at com.android.server.am.ActivityManagerService.installSystemProviders(ActivityManagerService.java:8081)
W/SyncManagerFile(  347): 	at com.android.server.ServerThread.initAndLoop(SystemServer.java:275)
W/SyncManagerFile(  347): 	at com.android.server.SystemServer.main(SystemServer.java:1179)
W/SyncManagerFile(  347): 	at java.lang.reflect.Method.invokeNative(Native Method)
W/SyncManagerFile(  347): 	at java.lang.reflect.Method.invoke(Method.java:515)
W/SyncManagerFile(  347): 	at com.android.internal.os.ZygoteInit$MethodAndArgsCaller.run(ZygoteInit.java:785)
W/SyncManagerFile(  347): 	at com.android.internal.os.ZygoteInit.main(ZygoteInit.java:601)
W/SyncManagerFile(  347): 	at dalvik.system.NativeStart.main(Native Method)
W/SyncManagerFile(  347): Caused by: libcore.io.ErrnoException: open failed: ENOENT (No such file or directory)
W/SyncManagerFile(  347): 	at libcore.io.Posix.open(Native Method)
W/SyncManagerFile(  347): 	at libcore.io.BlockGuardOs.open(BlockGuardOs.java:110)
W/SyncManagerFile(  347): 	at libcore.io.IoBridge.open(IoBridge.java:393)
W/SyncManagerFile(  347): 	... 27 more
I/SyncManager(  347): No initial statistics
D/SettingsProvider(  347): Generated and saved new ANDROID_ID [581adc7f988e56d5] for user 0
I/SystemServer(  347): Lights Service
I/SystemServer(  347): Battery Service
E/ConsumerIrService(  347): Can't open consumer IR HW Module, error: -2
I/SystemServer(  347): Vibrator Service
I/SystemServer(  347): Consumer IR Service
W/libsuspend(  347): Error writing 'on' to /sys/power/state: Invalid argument
E/libsuspend(  347): Error opening /sys/power/autosleep: No such file or directory
I/libsuspend(  347): Selected wakeup count
D/PermissionCache(   58): checking android.permission.ACCESS_SURFACE_FLINGER for uid=1000 => granted (2975 us)
D/SurfaceFlinger(   58): Screen acquired, type=0 flinger=0xb7311450
D/SurfaceFlinger(   58):  screen was previously acquired
I/SystemServer(  347): Alarm Manager
I/SystemServer(  347): Init Watchdog
I/SystemServer(  347): Input Manager
I/InputManager(  347): Initializing input manager, mUseDevInputEventForAudioJack=false
I/SystemServer(  347): Window Manager
I/WindowManager(  347): No existing display settings /data/system/display_settings.xml; starting empty
D/dalvikvm(  347): GC_CONCURRENT freed 324K, 66% free 4488K/13200K, paused 3ms+16ms, total 191ms
I/WindowManager(  347): No keyguard interface!
I/InputManager(  347): Starting input manager
E/EventHub(  347): could not get driver version for /dev/input/mouse0, Not a typewriter
I/SystemServer(  347): No Bluetooh Service (emulator)
I/SystemServer(  347): Input Method Service
W/EventHub(  347): Unable to disable kernel key repeat for /dev/input/event0: Function not implemented
I/EventHub(  347): New device: id=1, fd=93, path='/dev/input/event0', name='qwerty2', classes=0x2d, configuration='/system/usr/idc/qwerty2.idc', keyLayout='/system/usr/keylayout/qwerty.kl', keyCharacterMap='/system/usr/keychars/qwerty2.kcm', builtinKeyboard=true, usingSuspendBlockIoctl=true, usingClockIoctl=true
E/EventHub(  347): could not get driver version for /dev/input/mice, Not a typewriter
I/InputReader(  347): Device added: id=-1, name='Virtual', sources=0x00000301
I/InputReader(  347):   Touch device 'qwerty2' could not query the properties of its associated display.  The device will be inoperable until the display size becomes available.
I/InputReader(  347): Device added: id=0, name='qwerty2', sources=0x00011307
W/InputMethodManagerService(  347): No IME selected. Choose the most applicable IME.
I/InputMethodManagerService(  347): No default found, using com.android.inputmethod.latin/.LatinIME
I/SystemServer(  347): Accessibility Manager
I/InputReader(  347): Reconfiguring input devices.  changes=0x00000004
I/ActivityManager(  347): Config changes=1df8 {1.0 ?mcc?mnc en_US ldltr sw480dp w480dp h864dp 160dpi lrg long port ?uimode ?night -touch -keyb/h/h tball/v s.2}
I/InputReader(  347): Device reconfigured: id=0, name='qwerty2', size 480x864, orientation 0, mode 1, display id 0
I/ActivityManager(  347): Config changes=408 {1.0 ?mcc?mnc en_US ldltr sw480dp w480dp h839dp 160dpi lrg long port ?uimode ?night finger -keyb/h/h tball/v s.3}
I/SystemServer(  347): Mount Service
D/MountService(  347): got storage path: /storage/sdcard description: USB storage primary: true removable: false emulated: false mtpReserve: 0 allowMassStorage: false maxFileSize: 0
D/MountService(  347): addVolumeLocked() StorageVolume:
D/MountService(  347):     mStorageId=0 mPath=/storage/sdcard mDescriptionId=17040665 mPrimary=true 
D/MountService(  347):     mRemovable=false mEmulated=false mMtpReserveSpace=0 
D/MountService(  347):     mAllowMassStorage=false mMaxFileSize=0 mOwner=null mUuid=null 
D/MountService(  347):     mUserLabel=null mState=null 
I/SystemServer(  347): LockSettingsService
I/SystemServer(  347): Device Policy
I/SystemServer(  347): Status Bar
I/SystemServer(  347): Clipboard Service
I/SystemServer(  347): NetworkManagement Service
I/SystemServer(  347): Text Service Manager Service
W/MountService(  347): Duplicate state transition (unmounted -> unmounted) for /storage/sdcard
W/MountService(  347): getSecureContainerList() called when storage not mounted
I/SystemServer(  347): NetworkStats Service
I/PackageManager(  347): No secure containers on sdcard
I/SystemServer(  347): NetworkPolicy Service
I/SystemServer(  347): Wi-Fi P2pService
W/PackageManager(  347): Not granting permission android.permission.GLOBAL_SEARCH to package com.android.quicksearchbox (protectionLevel=18 flags=0x8be45)
W/PackageManager(  347): Unknown permission com.android.smspush.WAPPUSH_MANAGER_BIND in package com.android.phone
W/PackageManager(  347): Unknown permission com.google.android.googleapps.permission.GOOGLE_AUTH in package com.android.providers.calendar
W/PackageManager(  347): Unknown permission com.google.android.googleapps.permission.GOOGLE_AUTH.cl in package com.android.providers.calendar
W/PackageManager(  347): Unknown permission com.google.android.googleapps.permission.GOOGLE_AUTH.mail in package com.android.calendar
W/PackageManager(  347): Not granting permission android.permission.ACCESS_DOWNLOAD_MANAGER to package com.android.browser (protectionLevel=18 flags=0x9be45)
W/PackageManager(  347): Not granting permission android.permission.SEND_DOWNLOAD_COMPLETED_INTENTS to package com.android.browser (protectionLevel=2 flags=0x9be45)
W/PackageManager(  347): Not granting permission android.permission.BIND_APPWIDGET to package com.android.widgetpreview (protectionLevel=18 flags=0x8be44)
W/PackageManager(  347): Unknown permission android.permission.INSTALL_DRM in package com.android.mms
W/PackageManager(  347): Unknown permission com.google.android.googleapps.permission.GOOGLE_AUTH in package com.android.settings
D/dalvikvm(  347): GC_CONCURRENT freed 263K, 66% free 4616K/13200K, paused 14ms+5ms, total 75ms
W/PackageManager(  347): Unknown permission com.google.android.googleapps.permission.ACCESS_GOOGLE_PASSWORD in package com.android.development
W/PackageManager(  347): Unknown permission com.google.android.googleapps.permission.GOOGLE_AUTH in package com.android.development
W/PackageManager(  347): Unknown permission com.google.android.googleapps.permission.GOOGLE_AUTH.ALL_SERVICES in package com.android.development
W/PackageManager(  347): Unknown permission com.google.android.googleapps.permission.GOOGLE_AUTH.YouTubeUser in package com.android.development
W/PackageManager(  347): Not granting permission android.permission.DELETE_PACKAGES to package com.svox.pico (protectionLevel=18 flags=0x8be45)
W/PackageManager(  347): Not granting permission android.permission.DEVICE_POWER to package com.android.deskclock (protectionLevel=2 flags=0x48be45)
I/SystemServer(  347): Wi-Fi Service
D/WifiController(  347): isAirplaneModeOn = false, isWifiEnabled = false, isScanningAvailable = false
I/SystemServer(  347): Connectivity Service
D/ConnectivityService(  347): ConnectivityService starting up
D/ConnectivityService(  347): wifiOnly=false
E/MobileDataStateTracker(  347): default: Ignoring feature request because could not acquire PhoneService
E/MobileDataStateTracker(  347): default: Could not enable APN type "default"
I/WifiService(  347): WifiService starting up with Wi-Fi disabled
I/SystemServer(  347): Network Service Discovery Service
D/NsdService(  347): Network service discovery enabled true
I/SystemServer(  347): UpdateLock Service
I/SystemServer(  347): Notification Manager
I/SystemServer(  347): Device Storage Monitor
I/SystemServer(  347): Location Manager
I/SystemServer(  347): Country Detector
I/SystemServer(  347): Search Service
I/SystemServer(  347): DropBox Service
I/SystemServer(  347): Wallpaper Service
W/WallpaperService(  347): no current wallpaper -- first boot?
I/SystemServer(  347): Audio Service
D/dalvikvm(  347): GC_CONCURRENT freed 300K, 64% free 4804K/13200K, paused 8ms+12ms, total 231ms
I/SystemServer(  347): Dock Observer
W/DockObserver(  347): This kernel does not have dock station support
I/SystemServer(  347): Wired Accessory Manager
W/WiredAccessoryManager(  347): This kernel does not have wired headset support
W/WiredAccessoryManager(  347): This kernel does not have usb audio support
W/WiredAccessoryManager(  347): This kernel does not have HDMI audio support
I/SystemServer(  347): USB Service
I/SystemServer(  347): Serial Service
I/SystemServer(  347): Twilight Service
I/SystemServer(  347): UI Mode Manager Service
I/SystemServer(  347): Backup Service
V/BackupManagerService(  347): Initializing package tracking
V/BackupManagerService(  347): No ancestral data
V/BackupManagerService(  347): addPackageParticipantsLocked: all
I/BackupManagerService(  347): Scheduling backup for new app com.android.calendar
D/BackupManagerService(  347): Now staging backup of com.android.calendar
I/BackupManagerService(  347): Scheduling backup for new app com.android.browser
D/BackupManagerService(  347): Now staging backup of com.android.browser
I/BackupManagerService(  347): Scheduling backup for new app com.android.providers.userdictionary
D/BackupManagerService(  347): Now staging backup of com.android.providers.userdictionary
I/BackupManagerService(  347): Scheduling backup for new app com.android.sharedstoragebackup
D/BackupManagerService(  347): Now staging backup of com.android.sharedstoragebackup
I/BackupManagerService(  347): Scheduling backup for new app android
D/BackupManagerService(  347): Now staging backup of android
I/BackupManagerService(  347): Scheduling backup for new app com.android.dialer
D/BackupManagerService(  347): Now staging backup of com.android.dialer
I/BackupManagerService(  347): Scheduling backup for new app com.android.providers.settings
D/BackupManagerService(  347): Now staging backup of com.android.providers.settings
V/BackupManagerService(  347): Starting with transport android/com.android.internal.backup.LocalTransport
V/BackupManagerService(  347): Found transports: 1
I/BackupManagerService(  347): Binding to transport host ComponentInfo{android/com.android.internal.backup.LocalTransportService}
I/BackupManagerService(  347): Backup enabled => true
I/SystemServer(  347): AppWidget Service
I/SystemServer(  347): Recognition Service
I/SystemServer(  347): DiskStats Service
I/SystemServer(  347): SamplingProfiler Service
I/SystemServer(  347): NetworkTimeUpdateService
I/SystemServer(  347): CommonTimeManagementService
I/SystemServer(  347): CertBlacklister
I/SystemServer(  347): Dreams Service
I/SystemServer(  347): Assets Atlas Service
I/SystemServer(  347): IdleMaintenanceService
D/Atlas   (  347): Computing best atlas configuration...
D/Atlas   (  347): Running Thread-50
I/WindowManager(  347): SAFE MODE not enabled
I/SystemServer(  347): Print Service
I/SystemServer(  347): Media Router Service
E/SQLiteLog(  347): (1) no such table: locksettings
I/LockSettingsService(  347): Migrated lock settings to new location
D/Atlas   (  347): Found best atlas configuration in 0.20s
D/Atlas   (  347): Loaded configuration: SliceMinArea (768x768) flags=0x2 count=24
I/LockSettingsService(  347): Migrated per-user lock settings to new location
D/gralloc_goldfish(  347): Emulator without GPU emulation detected.
D/dalvikvm(  347): GC_CONCURRENT freed 336K, 63% free 4989K/13200K, paused 22ms+5ms, total 207ms
D/dalvikvm(  347): WAIT_FOR_CONCURRENT_GC blocked 65ms
I/Zygote  (  347): Process: zygote socket opened
V/KeyguardServiceDelegate(  347): *** Keyguard started
V/KeyguardServiceDelegate(  347): onSystemReady() called before keyguard service was ready
I/ActivityManager(  347): Start proc com.android.systemui for service com.android.keyguard/.KeyguardService: pid=446 uid=10007 gids={50007, 1028, 1015, 1035, 3002, 3001}
F/SystemServer(  347): BOOT FAILURE making Package Manager Service ready
F/SystemServer(  347): java.lang.SecurityException: Unable to find app for caller android.app.ActivityThread$ApplicationThread@b3214280 (pid=347) when registering receiver android.app.LoadedApk$ReceiverDispatcher$InnerReceiver@b31d6448
F/SystemServer(  347): 	at com.android.server.am.ActivityManagerService.registerReceiver(ActivityManagerService.java:13021)
F/SystemServer(  347): 	at android.app.ContextImpl.registerReceiverInternal(ContextImpl.java:1450)
F/SystemServer(  347): 	at android.app.ContextImpl.registerReceiverAsUser(ContextImpl.java:1425)
F/SystemServer(  347): 	at com.android.internal.content.PackageMonitor.register(PackageMonitor.java:84)
F/SystemServer(  347): 	at com.android.server.pm.UserManagerService.systemReady(UserManagerService.java:237)
F/SystemServer(  347): 	at com.android.server.pm.PackageManagerService.systemReady(PackageManagerService.java:10476)
F/SystemServer(  347): 	at com.android.server.ServerThread.initAndLoop(SystemServer.java:893)
F/SystemServer(  347): 	at com.android.server.SystemServer.main(SystemServer.java:1179)
F/SystemServer(  347): 	at java.lang.reflect.Method.invokeNative(Native Method)
F/SystemServer(  347): 	at java.lang.reflect.Method.invoke(Method.java:515)
F/SystemServer(  347): 	at com.android.internal.os.ZygoteInit$MethodAndArgsCaller.run(ZygoteInit.java:785)
F/SystemServer(  347): 	at com.android.internal.os.ZygoteInit.main(ZygoteInit.java:601)
F/SystemServer(  347): 	at dalvik.system.NativeStart.main(Native Method)
W/SystemServer(  347): ***********************************************
I/ActivityManager(  347): Sending system update to ComponentInfo{com.android.providers.calendar/com.android.providers.calendar.CalendarUpgradeReceiver} for user 0
I/ActivityManager(  347): Sending system update to ComponentInfo{com.android.providers.contacts/com.android.providers.contacts.ContactsUpgradeReceiver} for user 0
I/ActivityManager(  347): Sending system update to ComponentInfo{com.android.providers.media/com.android.providers.media.MediaUpgradeReceiver} for user 0
I/SystemServer(  347): Enabled StrictMode for system server main thread.
W/AssetAtlasService(  347): Could not find EGL configuration
D/Atlas   (  347): Rendered atlas in 117.65ms (83.08+34.57ms)
I/ActivityManager(  347): Start proc com.android.providers.calendar for broadcast com.android.providers.calendar/.CalendarUpgradeReceiver: pid=457 uid=10001 gids={50001, 3003, 1028, 1015}
I/Choreographer(  347): Skipped 61 frames!  The application may be doing too much work on its main thread.
W/InputMethodManagerService(  347): Focus gain on non-focused client android.view.inputmethod.InputMethodManager$1@b31f7f90 (uid=1000 pid=347)
V/BackupManagerService(  347): Connected to transport ComponentInfo{android/com.android.internal.backup.LocalTransportService}
V/BackupManagerService(  347): Registering transport android/com.android.internal.backup.LocalTransportService::android/com.android.internal.backup.LocalTransport = com.android.internal.backup.LocalTransport@b305a200
I/ActivityManager(  347): Launching preboot mode app: ProcessRecord{b31d0560 457:com.android.providers.calendar/u0a1}
E/SoundPool(  446): error loading /system/media/audio/ui/Lock.ogg
W/KeyguardViewMediator(  446): failed to load lock sound from /system/media/audio/ui/Lock.ogg
E/SoundPool(  446): error loading /system/media/audio/ui/Unlock.ogg
W/KeyguardViewMediator(  446): failed to load unlock sound from /system/media/audio/ui/Unlock.ogg
V/KeyguardService(  446): onCreate()
V/KeyguardServiceDelegate(  347): *** Keyguard connected (yay!)
V/KeyguardServiceDelegate(  347): **** SHOWN CALLED ****
I/ActivityManager(  347): Start proc android.process.acore for broadcast com.android.providers.contacts/.ContactsUpgradeReceiver: pid=475 uid=10002 gids={50002, 3003, 1028, 1015}
I/ActivityManager(  347): Launching preboot mode app: ProcessRecord{b342a068 475:android.process.acore/u0a2}
D/dalvikvm(  347): GC_CONCURRENT freed 330K, 62% free 5106K/13200K, paused 16ms+4ms, total 59ms
I/ContactsUpgradeReceiver(  475): Creating or opening contacts database
I/ContactsDatabaseHelper(  475): Bootstrapping database version: 803
D/dalvikvm(  475): GC_CONCURRENT freed 413K, 15% free 2796K/3272K, paused 44ms+2ms, total 72ms
D/dalvikvm(  475): WAIT_FOR_CONCURRENT_GC blocked 28ms
D/dalvikvm(  475): GC_CONCURRENT freed 315K, 13% free 2873K/3272K, paused 4ms+3ms, total 30ms
I/ContactsProviderV1(  475): Bootstrapping database legacy support
I/ContactsDatabaseHelper(  475): Bootstrapping database version: 803
D/dalvikvm(  475): GC_CONCURRENT freed 337K, 13% free 2932K/3336K, paused 13ms+3ms, total 39ms
I/ContactsProviderV1(  475): Bootstrapping database legacy support
I/ContactsProvider(  475): Locale has changed from null to en_US
I/ContactsDatabaseHelper(  475): Switching to locale en_US (ICU v51.1.0.1)
D/dalvikvm(  475): GC_CONCURRENT freed 339K, 12% free 3017K/3420K, paused 3ms+12ms, total 41ms
I/ContactsDatabaseHelper(  475): Locale change completed in 429ms
I/ContactsDatabaseHelper(  475): Switching to locale en_US (ICU v51.1.0.1)
D/dalvikvm(  475): GC_CONCURRENT freed 355K, 12% free 3059K/3476K, paused 4ms+2ms, total 42ms
I/ContactsDatabaseHelper(  475): Locale change completed in 596ms
I/ActivityManager(  347): Start proc android.process.media for broadcast com.android.providers.media/.MediaUpgradeReceiver: pid=493 uid=10005 gids={50005, 1028, 1015, 1023, 1024, 2001, 3003, 3007}
I/ActivityManager(  347): Launching preboot mode app: ProcessRecord{b2f65758 493:android.process.media/u0a5}
I/ActivityManager(  347): Writing new set of last done pre-boot receivers...
I/ActivityManager(  347): Removing system update proc: ProcessRecord{b31d0560 457:com.android.providers.calendar/u0a1}
I/ActivityManager(  347): Killing 457:com.android.providers.calendar/u0a1 (adj 13): system update done
I/ActivityManager(  347): Removing system update proc: ProcessRecord{b342a068 475:android.process.acore/u0a2}
I/ActivityManager(  347): Killing 475:android.process.acore/u0a2 (adj 11): system update done
I/ActivityManager(  347): Removing system update proc: ProcessRecord{b2f65758 493:android.process.media/u0a5}
I/ActivityManager(  347): Killing 493:android.process.media/u0a5 (adj 9): system update done
I/ActivityManager(  347): System now ready
I/SystemServer(  347): Making services ready
D/NetworkManagementService(  347): enabling bandwidth control
I/Vold    (   53): /dev/block/vold/179:0 being considered for volume sdcard
D/Vold    (   53): Volume sdcard state changing 1 (Idle-Unmounted) -> 3 (Checking)
D/MountService(  347): volume state changed for /storage/sdcard (unmounted -> checking)
D/MountService(  347): sendStorageIntent Intent { act=android.intent.action.MEDIA_CHECKING dat=file:///storage/sdcard (has extras) } to UserHandle{-1}
D/SystemUIService(  446): loading: class com.android.systemui.recent.Recents
D/SystemUIService(  446): running: com.android.systemui.recent.Recents@b2d5d010
D/SystemUIService(  446): loading: class com.android.systemui.statusbar.SystemBars
D/SystemUIService(  446): running: com.android.systemui.statusbar.SystemBars@b2d5d5f8
D/SystemUIService(  446): loading: class com.android.systemui.usb.StorageNotification
D/SystemUIService(  446): running: com.android.systemui.usb.StorageNotification@b2d5f348
I/fsck_msdos(   53): ** /dev/block/vold/179:0
I/fsck_msdos(   53): Invalid signature in fsinfo block
I/fsck_msdos(   53): FIXED
I/fsck_msdos(   53): ** Phase 1 - Read and Compare FATs
I/fsck_msdos(   53): Attempting to allocate 794 KB for FAT
D/SystemUIService(  446): loading: class com.android.systemui.power.PowerUI
D/SystemUIService(  446): running: com.android.systemui.power.PowerUI@b2d60c00
D/SystemUIService(  446): loading: class com.android.systemui.media.RingtonePlayer
D/SystemUIService(  446): running: com.android.systemui.media.RingtonePlayer@b2d619e0
D/dalvikvm(  347): GC_CONCURRENT freed 386K, 61% free 5234K/13200K, paused 6ms+91ms, total 304ms
D/SystemUIService(  446): loading: class com.android.systemui.settings.SettingsUI
D/SystemUIService(  446): running: com.android.systemui.settings.SettingsUI@b2d62cc8
I/fsck_msdos(   53): Attempting to allocate 794 KB for FAT
D/PhoneStatusBar(  446): mSettingsPanelGravity = 55
I/StatusBarManagerService(  347): registerStatusBar bar=com.android.internal.statusbar.IStatusBar$Stub$Proxy@b35cf4a0
I/fsck_msdos(   53): ** Phase 2 - Check Cluster Chains
I/fsck_msdos(   53): ** Phase 3 - Checking Directories
I/fsck_msdos(   53): ** Phase 4 - Checking for Lost Files
I/fsck_msdos(   53): Free space in FSInfo block (201592) not correct (201591)
I/fsck_msdos(   53): FIXED
I/fsck_msdos(   53): 1 files, 100795 free (201591 clusters)
I/Vold    (   53): Filesystem check completed OK
D/dalvikvm(  446): GC_CONCURRENT freed 282K, 11% free 2823K/3172K, paused 4ms+23ms, total 152ms
W/Vold    (   53): blkid failed to identify /dev/block/vold/179:0
D/Vold    (   53): Volume sdcard state changing 3 (Checking) -> 4 (Mounted)
I/PackageManager(  347): Updating external media status from unmounted to mounted
D/MountService(  347): volume state changed for /storage/sdcard (checking -> mounted)
D/MountService(  347): sendStorageIntent Intent { act=android.intent.action.MEDIA_MOUNTED dat=file:///storage/sdcard (has extras) } to UserHandle{-1}
E/VoldConnector(  347): NDC Command {3 volume mount /storage/sdcard} took too long (827ms)
D/dalvikvm(  446): GC_FOR_ALLOC freed 37K, 8% free 2947K/3172K, paused 35ms, total 37ms
I/PackageManager(  347): No secure containers on sdcard
W/PackageManager(  347): Not granting permission android.permission.GLOBAL_SEARCH to package com.android.quicksearchbox (protectionLevel=18 flags=0x88be45)
W/PackageManager(  347): Unknown permission com.android.smspush.WAPPUSH_MANAGER_BIND in package com.android.phone
W/PackageManager(  347): Unknown permission com.google.android.googleapps.permission.GOOGLE_AUTH in package com.android.providers.calendar
W/PackageManager(  347): Unknown permission com.google.android.googleapps.permission.GOOGLE_AUTH.cl in package com.android.providers.calendar
W/PackageManager(  347): Unknown permission com.google.android.googleapps.permission.GOOGLE_AUTH.mail in package com.android.calendar
W/PackageManager(  347): Not granting permission android.permission.ACCESS_DOWNLOAD_MANAGER to package com.android.browser (protectionLevel=18 flags=0x89be45)
W/PackageManager(  347): Not granting permission android.permission.SEND_DOWNLOAD_COMPLETED_INTENTS to package com.android.browser (protectionLevel=2 flags=0x89be45)
W/PackageManager(  347): Not granting permission android.permission.BIND_APPWIDGET to package com.android.widgetpreview (protectionLevel=18 flags=0x8be44)
W/PackageManager(  347): Unknown permission android.permission.INSTALL_DRM in package com.android.mms
W/PackageManager(  347): Unknown permission com.google.android.googleapps.permission.GOOGLE_AUTH in package com.android.settings
W/PackageManager(  347): Unknown permission com.google.android.googleapps.permission.ACCESS_GOOGLE_PASSWORD in package com.android.development
W/PackageManager(  347): Unknown permission com.google.android.googleapps.permission.GOOGLE_AUTH in package com.android.development
W/PackageManager(  347): Unknown permission com.google.android.googleapps.permission.GOOGLE_AUTH.ALL_SERVICES in package com.android.development
W/PackageManager(  347): Unknown permission com.google.android.googleapps.permission.GOOGLE_AUTH.YouTubeUser in package com.android.development
W/PackageManager(  347): Not granting permission android.permission.DELETE_PACKAGES to package com.svox.pico (protectionLevel=18 flags=0x88be45)
W/PackageManager(  347): Not granting permission android.permission.DEVICE_POWER to package com.android.deskclock (protectionLevel=2 flags=0xc8be45)
E/BluetoothAdapter(  446): Bluetooth binder is null
E/BluetoothAdapter(  446): Bluetooth binder is null
D/dalvikvm(  446): GC_CONCURRENT freed 54K, 5% free 3300K/3448K, paused 10ms+2ms, total 57ms
E/BluetoothAdapter(  446): Bluetooth binder is null
E/BluetoothAdapter(  446): Bluetooth binder is null
E/NetdConnector(  347): NDC Command {1 bandwidth enable} took too long (3433ms)
I/ActivityManager(  347): Start proc android.process.acore for content provider com.android.providers.contacts/.ContactsProvider2: pid=545 uid=10002 gids={50002, 3003, 1028, 1015}
D/PhoneStatusBar(  446): disable: < expand icons alerts ticker system_info back home recent clock search >
E/BluetoothAdapter(  446): Bluetooth binder is null
D/PhoneStatusBar(  446): heads up is disabled
I/Choreographer(  446): Skipped 647 frames!  The application may be doing too much work on its main thread.
E/NetdConnector(  347): NDC Command {2 firewall disable} took too long (631ms)
D/dalvikvm(  347): GC_CONCURRENT freed 635K, 62% free 5135K/13200K, paused 99ms+4ms, total 397ms
D/dalvikvm(  446): GC_CONCURRENT freed 139K, 6% free 3551K/3756K, paused 5ms+5ms, total 148ms
I/Choreographer(  446): Skipped 261 frames!  The application may be doing too much work on its main thread.
D/gralloc_goldfish(  446): Emulator without GPU emulation detected.
D/dalvikvm(  545): GC_CONCURRENT freed 254K, 10% free 2955K/3272K, paused 84ms+37ms, total 281ms
D/dalvikvm(  545): WAIT_FOR_CONCURRENT_GC blocked 68ms
D/dalvikvm(  545): WAIT_FOR_CONCURRENT_GC blocked 95ms
I/Choreographer(  446): Skipped 87 frames!  The application may be doing too much work on its main thread.
E/NetdConnector(  347): NDC Command {5 firewall disable} took too long (645ms)
I/ActivityManager(  347): Config changes=200 {1.0 ?mcc?mnc en_US ldltr sw480dp w480dp h839dp 160dpi lrg long port finger -keyb/h/h tball/v s.4}
W/RecognitionManagerService(  347): no available voice recognition services found for user 0
D/PhoneStatusBar(  446): mSettingsPanelGravity = 55
W/AppWidgetServiceImpl(  347): Failed to read state: java.io.FileNotFoundException: /data/system/users/0/appwidgets.xml: open failed: ENOENT (No such file or directory)
W/InputMethodManagerService(  347): Ignoring setImeWindowStatus of uid 1000 token: null
W/InputMethodUtils(  347): Found no subtypes in a system IME: com.android.inputmethod.pinyin
W/InputMethodManagerService(  347): Reset the default IME as "Resource" is ready here.
W/InputMethodUtils(  347): Found no subtypes in a system IME: com.android.inputmethod.pinyin
I/InputMethodManagerService(  347): Selected default: com.android.inputmethod.latin/.LatinIME
D/dalvikvm(  446): GC_FOR_ALLOC freed 96K, 6% free 3561K/3756K, paused 27ms, total 28ms
I/ActivityManager(  347): Start proc com.android.inputmethod.latin for service com.android.inputmethod.latin/.LatinIME: pid=584 uid=10029 gids={50029, 1028, 1015}
V/InputMethodManagerService(  347): Adding window token: android.os.Binder@b35effe0
I/dalvikvm-heap(  446): Grow heap (frag case) to 6.466MB for 3072016-byte allocation
W/InputMethodManagerService(  347): Illegal subtype state: old subtype = null, new subtype = android.view.inputmethod.InputMethodSubtype@c9194f98
W/GpsLocationProvider(  347): Could not open GPS configuration file /etc/gps.conf
W/ServiceWatcher(  347): com.google.android.location not found
W/ServiceWatcher(  347): com.google.android.location not found
W/ServiceWatcher(  347): com.google.android.location not found
W/LocationManagerService(  347): no network location provider found
I/ActivityManager(  347): Config changes=20 {1.0 ?mcc?mnc en_US ldltr sw480dp w480dp h839dp 160dpi lrg long port finger -keyb/v/h tball/v s.5}
W/ServiceWatcher(  347): com.google.android.location not found
E/LocationManagerService(  347): no geocoder provider found
E/FlpHardwareProvider(  347): Error hw_get_module 'flp': -2
W/ServiceWatcher(  347): com.google.android.location not found
E/FlpHardwareProvider(  347): Error hw_get_module 'flp': -2
W/ServiceWatcher(  347): com.google.android.location not found
E/LocationManagerService(  347): No FusedProvider found.
E/LocationManagerService(  347): no geofence provider found
D/dalvikvm(  446): GC_CONCURRENT freed 4K, 3% free 6557K/6760K, paused 24ms+2ms, total 240ms
D/dalvikvm(  446): WAIT_FOR_CONCURRENT_GC blocked 148ms
D/dalvikvm(  446): WAIT_FOR_CONCURRENT_GC blocked 146ms
D/dalvikvm(  446): WAIT_FOR_CONCURRENT_GC blocked 132ms
I/CommonTimeManagementService(  347): No common time service detected on this platform.  Common time services will be unavailable.
I/InputReader(  347): Reconfiguring input devices.  changes=0x00000020
D/dalvikvm(  347): GC_CONCURRENT freed 450K, 60% free 5296K/13200K, paused 54ms+6ms, total 419ms
D/dalvikvm(  347): WAIT_FOR_CONCURRENT_GC blocked 176ms
D/dalvikvm(  347): WAIT_FOR_CONCURRENT_GC blocked 180ms
D/dalvikvm(  347): WAIT_FOR_CONCURRENT_GC blocked 120ms
D/dalvikvm(  347): WAIT_FOR_CONCURRENT_GC blocked 120ms
I/ActivityManager(  347): Start proc com.android.phone for added application com.android.phone: pid=601 uid=1001 gids={41001, 3002, 3001, 3003, 1028, 1015}
I/InputReader(  347): Reconfiguring input devices.  changes=0x00000010
I/ActivityManager(  347): START u0 {act=android.intent.action.MAIN cat=[android.intent.category.HOME] flg=0x10000000 cmp=com.android.settings/.CryptKeeper} from pid 0
I/ActivityManager(  347): Start proc com.android.settings for activity com.android.settings/.CryptKeeper: pid=613 uid=1000 gids={41000, 1028, 1015, 3002, 3001, 3003}
D/dalvikvm(  446): GC_FOR_ALLOC freed 3001K, 6% free 3559K/3756K, paused 87ms, total 88ms
I/ActivityManager(  347): Start proc android.process.media for broadcast com.android.providers.downloads/.DownloadReceiver: pid=623 uid=10005 gids={50005, 1028, 1015, 1023, 1024, 2001, 3003, 3007}
D/dalvikvm(   59): GC_EXPLICIT freed 38K, 4% free 2705K/2808K, paused 2ms+2ms, total 49ms
D/dalvikvm(   59): GC_EXPLICIT freed <1K, 4% free 2705K/2808K, paused 3ms+12ms, total 44ms
D/dalvikvm(   59): GC_EXPLICIT freed <1K, 4% free 2705K/2808K, paused 3ms+2ms, total 44ms
I/dalvikvm-heap(  446): Grow heap (frag case) to 6.465MB for 3072016-byte allocation
D/dalvikvm(  446): GC_FOR_ALLOC freed <1K, 3% free 6559K/6760K, paused 70ms, total 70ms
D/dalvikvm(  446): GC_CONCURRENT freed 1K, 3% free 6562K/6760K, paused 6ms+93ms, total 144ms
I/LatinIME(  584): Hardware accelerated drawing: true
D/dalvikvm(  347): GC_CONCURRENT freed 568K, 60% free 5379K/13200K, paused 4ms+12ms, total 270ms
D/dalvikvm(  347): WAIT_FOR_CONCURRENT_GC blocked 80ms
D/dalvikvm(  347): WAIT_FOR_CONCURRENT_GC blocked 37ms
D/dalvikvm(  347): WAIT_FOR_CONCURRENT_GC blocked 17ms
D/dalvikvm(  347): WAIT_FOR_CONCURRENT_GC blocked 17ms
W/WindowManager(  347): Window freeze timeout expired.
W/WindowManager(  347): Force clearing orientation change: Window{b31c2700 u0 StatusBar}
W/WindowManager(  347): Force clearing orientation change: Window{b2ea85c0 u0 com.android.systemui.ImageWallpaper}
I/ActivityManager(  347): START u0 {act=android.intent.action.MAIN cat=[android.intent.category.HOME] flg=0x10000000 cmp=com.android.sdksetup/.DefaultActivity} from pid 0
I/ActivityManager(  347): Start proc com.android.sdksetup for activity com.android.sdksetup/.DefaultActivity: pid=643 uid=10042 gids={50042}
W/InputAttributes(  584): No editor info for this field. Bug?
D/PhoneStatusBar(  446): mSettingsPanelGravity = 55
D/dalvikvm(  584): GC_CONCURRENT freed 223K, 10% free 2890K/3180K, paused 5ms+40ms, total 224ms
I/ResourceUtils(  584): Found default value: resource=keypress_vibration_durations build=[HARDWARE=goldfish MODEL=sdk BRAND=generic MANUFACTURER=unknown] default=-1
I/ResourceUtils(  584): Found default value: resource=keypress_volumes build=[HARDWARE=goldfish MODEL=sdk BRAND=generic MANUFACTURER=unknown] default=-1.0f
V/StatusBar(  446): userId 0 is in the house
I/Choreographer(  446): Skipped 81 frames!  The application may be doing too much work on its main thread.
I/LatinIME:LogUtils(  584): Dictionary info: dictionary = personalization.en_US.dict ; version = ? ; date = 1529308335
I/Choreographer(  446): Skipped 40 frames!  The application may be doing too much work on its main thread.
I/LatinIME:LogUtils(  584): Dictionary info: dictionary = UserHistoryDictionary.en_US.dic ; version = ? ; date = 1529308335
I/LatinIME:LogUtils(  584): Dictionary info: dictionary = PersonalizationPredictionDictio ; version = ? ; date = 1529308335
W/BackupManagerService(  347): dataChanged but no participant pkg='com.android.providers.settings' uid=1001
I/LatinIME:LogUtils(  584): Dictionary info: dictionary = userunigram.en_US.dict ; version = ? ; date = ?
I/PackageManager(  347):   Action: "android.intent.action.SENDTO"
I/PackageManager(  347):   Category: "android.intent.category.DEFAULT"
I/PackageManager(  347):   Scheme: "sms"
I/PackageManager(  347): Adding preferred activity ComponentInfo{com.android.mms/com.android.mms.ui.ComposeMessageActivity} for user 0 :
I/PackageManager(  347):   Action: "android.intent.action.SENDTO"
I/PackageManager(  347):   Category: "android.intent.category.DEFAULT"
I/PackageManager(  347):   Scheme: "smsto"
I/PackageManager(  347): Adding preferred activity ComponentInfo{com.android.mms/com.android.mms.ui.ComposeMessageActivity} for user 0 :
I/PackageManager(  347):   Action: "android.intent.action.SENDTO"
I/PackageManager(  347):   Category: "android.intent.category.DEFAULT"
I/PackageManager(  347):   Scheme: "mms"
I/PackageManager(  347): Adding preferred activity ComponentInfo{com.android.mms/com.android.mms.ui.ComposeMessageActivity} for user 0 :
I/ActivityManager(  347): Force stopping com.android.sdksetup appid=10042 user=0: pkg changed
I/ActivityManager(  347): Killing 643:com.android.sdksetup/u0a42 (adj 0): stop com.android.sdksetup
I/ActivityManager(  347):   Force finishing activity ActivityRecord{b2f644f0 u0 com.android.sdksetup/.DefaultActivity t2}
I/ActivityManager(  347): START u0 {act=android.intent.action.MAIN cat=[android.intent.category.HOME] flg=0x10000000 cmp=com.android.launcher/com.android.launcher2.Launcher} from pid 0
D/dalvikvm(  601): GC_CONCURRENT freed 188K, 8% free 2927K/3180K, paused 37ms+2ms, total 312ms
D/dalvikvm(  584): GC_CONCURRENT freed 404K, 14% free 2973K/3444K, paused 23ms+4ms, total 61ms
I/ActivityManager(  347): Start proc com.android.launcher for activity com.android.launcher/com.android.launcher2.Launcher: pid=672 uid=10008 gids={50008}
I/InputReader(  347): Reconfiguring input devices.  changes=0x00000010
D/dalvikvm(  584): GC_CONCURRENT freed 425K, 17% free 2974K/3544K, paused 18ms+2ms, total 117ms
D/dalvikvm(  347): GC_CONCURRENT freed 572K, 59% free 5479K/13200K, paused 7ms+4ms, total 615ms
D/dalvikvm(  347): WAIT_FOR_CONCURRENT_GC blocked 123ms
D/dalvikvm(  347): WAIT_FOR_CONCURRENT_GC blocked 117ms
D/dalvikvm(  347): WAIT_FOR_CONCURRENT_GC blocked 78ms
D/dalvikvm(  347): WAIT_FOR_CONCURRENT_GC blocked 78ms
I/PackageManager(  347):   Action: "android.intent.action.SENDTO"
I/PackageManager(  347):   Category: "android.intent.category.DEFAULT"
I/PackageManager(  347):   Scheme: "mmsto"
D/dalvikvm(  347): WAIT_FOR_CONCURRENT_GC blocked 83ms
I/PackageManager(  347): Adding preferred activity ComponentInfo{com.android.mms/com.android.mms.ui.ComposeMessageActivity} for user 0 :
D/dalvikvm(  347): WAIT_FOR_CONCURRENT_GC blocked 71ms
I/PackageManager(  347):   Action: "android.intent.action.SENDTO"
I/PackageManager(  347):   Category: "android.intent.category.DEFAULT"
I/PackageManager(  347):   Scheme: "sms"
I/PackageManager(  347): Adding preferred activity ComponentInfo{com.android.mms/com.android.mms.ui.ComposeMessageActivity} for user 0 :
I/PackageManager(  347):   Action: "android.intent.action.SENDTO"
I/PackageManager(  347):   Category: "android.intent.category.DEFAULT"
I/PackageManager(  347):   Scheme: "smsto"
I/PackageManager(  347): Adding preferred activity ComponentInfo{com.android.mms/com.android.mms.ui.ComposeMessageActivity} for user 0 :
I/PackageManager(  347):   Action: "android.intent.action.SENDTO"
I/PackageManager(  347):   Category: "android.intent.category.DEFAULT"
I/PackageManager(  347):   Scheme: "mms"
I/PackageManager(  347): Adding preferred activity ComponentInfo{com.android.mms/com.android.mms.ui.ComposeMessageActivity} for user 0 :
I/PackageManager(  347):   Action: "android.intent.action.SENDTO"
I/PackageManager(  347):   Category: "android.intent.category.DEFAULT"
