I/PackageManager(  347):   Scheme: "mmsto"
I/PackageManager(  347): Adding preferred activity ComponentInfo{com.android.mms/com.android.mms.ui.ComposeMessageActivity} for user 0 :
D/dalvikvm(  347): WAIT_FOR_CONCURRENT_GC blocked 244ms
D/dalvikvm(  347): WAIT_FOR_CONCURRENT_GC blocked 246ms
I/ActivityManager(  347): Start proc com.android.printspooler for service com.android.printspooler/.PrintSpoolerService: pid=686 uid=10039 gids={50039}
I/LatinIME:LogUtils(  584): Dictionary info: dictionary = main:en ; version = 42 ; date = 1381226429
E/BluetoothAdapter(  601): Bluetooth binder is null
I/LatinIME:LogUtils(  584): Dictionary info: dictionary = main:en ; version = 42 ; date = 1381226429
I/LatinIME:LogUtils(  584): Dictionary info: dictionary = main:en ; version = 42 ; date = 1381226429
E/BluetoothAdapter(  601): Bluetooth binder is null
I/LatinIME:LogUtils(  584): Dictionary info: dictionary = main:en ; version = 42 ; date = 1381226429
D/CallNotifier(  601): CallNotifier: mSignalInfoToneGenerator created when toneplay
E/BluetoothAdapter(  601): Bluetooth binder is null
I/PrintSpoolerService(  686): No existing print spooler state.
I/LatinIME:LogUtils(  584): Dictionary info: dictionary = main:en ; version = 42 ; date = 1381226429
I/LatinIME:LogUtils(  584): Dictionary info: dictionary = main:en ; version = 42 ; date = 1381226429
I/LatinIME:LogUtils(  584): Dictionary info: dictionary = main:en ; version = 42 ; date = 1381226429
I/LatinIME:LogUtils(  584): Dictionary info: dictionary = main:en ; version = 42 ; date = 1381226429
D/dalvikvm(  584): GC_CONCURRENT freed 302K, 14% free 3075K/3544K, paused 4ms+2ms, total 42ms
D/dalvikvm(  347): GC_CONCURRENT freed 710K, 60% free 5411K/13200K, paused 234ms+65ms, total 840ms
D/dalvikvm(  601): GC_CONCURRENT freed 282K, 11% free 3048K/3396K, paused 3ms+2ms, total 100ms
D/TelephonyDebugService(  601): TelephonyDebugService()
D/MccTable(  601): updateMccMncConfiguration: mcc=310, mnc=260
D/AlarmManagerService(  347): Kernel timezone updated to 240 minutes west of GMT
D/MccTable(  601): timezone set to America/New_York
D/MccTable(  601): getLocaleFromMcc to en_us mcc=310
D/MccTable(  601): getLocaleForLanguageCountry: got match
D/MccTable(  601): getLocaleForLanguageCountry: X locale=en_US
D/MccTable(  601): WIFI_COUNTRY_CODE set to us
I/WifiService(  347): WifiService trying to set country code to us with persist set to true
D/MobileDataStateTracker(  347): fota: Broadcast received: android.intent.action.ANY_DATA_STATE apnType=fota
D/MobileDataStateTracker(  347): fota: Received state=DISCONNECTED, old=DISCONNECTED, reason=radioTurnedOff
D/MobileDataStateTracker(  347): ia: Broadcast received: android.intent.action.ANY_DATA_STATE apnType=ia
D/MobileDataStateTracker(  347): ia: Received state=DISCONNECTED, old=DISCONNECTED, reason=radioTurnedOff
D/MobileDataStateTracker(  347): supl: Broadcast received: android.intent.action.ANY_DATA_STATE apnType=supl
D/MobileDataStateTracker(  347): supl: Received state=DISCONNECTED, old=DISCONNECTED, reason=radioTurnedOff
D/MobileDataStateTracker(  347): hipri: Broadcast received: android.intent.action.ANY_DATA_STATE apnType=hipri
D/MobileDataStateTracker(  347): hipri: Received state=DISCONNECTED, old=DISCONNECTED, reason=radioTurnedOff
D/MobileDataStateTracker(  347): ims: Broadcast received: android.intent.action.ANY_DATA_STATE apnType=ims
D/MobileDataStateTracker(  347): ims: Received state=DISCONNECTED, old=DISCONNECTED, reason=radioTurnedOff
D/MobileDataStateTracker(  347): default: Broadcast received: android.intent.action.ANY_DATA_STATE apnType=default
D/MobileDataStateTracker(  347): default: Received state=DISCONNECTED, old=DISCONNECTED, reason=radioTurnedOff
D/MobileDataStateTracker(  347): mms: Broadcast received: android.intent.action.ANY_DATA_STATE apnType=mms
D/MobileDataStateTracker(  347): mms: Received state=DISCONNECTED, old=DISCONNECTED, reason=radioTurnedOff
D/MobileDataStateTracker(  347): cbs: Broadcast received: android.intent.action.ANY_DATA_STATE apnType=cbs
D/MobileDataStateTracker(  347): cbs: Received state=DISCONNECTED, old=DISCONNECTED, reason=radioTurnedOff
D/MobileDataStateTracker(  347): fota: Broadcast received: android.intent.action.ANY_DATA_STATE apnType=fota
D/MobileDataStateTracker(  347): fota: Received state=DISCONNECTED, old=DISCONNECTED, reason=radioTurnedOff
D/MobileDataStateTracker(  347): ia: Broadcast received: android.intent.action.ANY_DATA_STATE apnType=ia
D/MobileDataStateTracker(  347): ia: Received state=DISCONNECTED, old=DISCONNECTED, reason=radioTurnedOff
D/MobileDataStateTracker(  347): supl: Broadcast received: android.intent.action.ANY_DATA_STATE apnType=supl
D/MobileDataStateTracker(  347): supl: Received state=DISCONNECTED, old=DISCONNECTED, reason=radioTurnedOff
D/MobileDataStateTracker(  347): hipri: Broadcast received: android.intent.action.ANY_DATA_STATE apnType=hipri
D/MobileDataStateTracker(  347): hipri: Received state=DISCONNECTED, old=DISCONNECTED, reason=radioTurnedOff
D/MobileDataStateTracker(  347): ims: Broadcast received: android.intent.action.ANY_DATA_STATE apnType=ims
D/MobileDataStateTracker(  347): ims: Received state=DISCONNECTED, old=DISCONNECTED, reason=radioTurnedOff
D/MobileDataStateTracker(  347): default: Broadcast received: android.intent.action.ANY_DATA_STATE apnType=default
D/MobileDataStateTracker(  347): default: Received state=DISCONNECTED, old=DISCONNECTED, reason=radioTurnedOff
D/MobileDataStateTracker(  347): mms: Broadcast received: android.intent.action.ANY_DATA_STATE apnType=mms
D/MobileDataStateTracker(  347): mms: Received state=DISCONNECTED, old=DISCONNECTED, reason=radioTurnedOff
D/MobileDataStateTracker(  347): cbs: Broadcast received: android.intent.action.ANY_DATA_STATE apnType=cbs
D/MobileDataStateTracker(  347): cbs: Received state=DISCONNECTED, old=DISCONNECTED, reason=radioTurnedOff
D/MobileDataStateTracker(  347): fota: Broadcast received: android.intent.action.ANY_DATA_STATE apnType=fota
D/MobileDataStateTracker(  347): fota: Received state=DISCONNECTED, old=DISCONNECTED, reason=dataDetached
D/MobileDataStateTracker(  347): ia: Broadcast received: android.intent.action.ANY_DATA_STATE apnType=ia
D/MobileDataStateTracker(  347): ia: Received state=DISCONNECTED, old=DISCONNECTED, reason=dataDetached
D/MobileDataStateTracker(  347): supl: Broadcast received: android.intent.action.ANY_DATA_STATE apnType=supl
D/MobileDataStateTracker(  347): supl: Received state=DISCONNECTED, old=DISCONNECTED, reason=dataDetached
D/MobileDataStateTracker(  347): hipri: Broadcast received: android.intent.action.ANY_DATA_STATE apnType=hipri
D/MobileDataStateTracker(  347): hipri: Received state=DISCONNECTED, old=DISCONNECTED, reason=dataDetached
D/MobileDataStateTracker(  347): ims: Broadcast received: android.intent.action.ANY_DATA_STATE apnType=ims
D/MobileDataStateTracker(  347): ims: Received state=DISCONNECTED, old=DISCONNECTED, reason=dataDetached
D/MobileDataStateTracker(  347): default: Broadcast received: android.intent.action.ANY_DATA_STATE apnType=default
D/MobileDataStateTracker(  347): default: Received state=DISCONNECTED, old=DISCONNECTED, reason=dataDetached
D/MobileDataStateTracker(  347): mms: Broadcast received: android.intent.action.ANY_DATA_STATE apnType=mms
D/MobileDataStateTracker(  347): mms: Received state=DISCONNECTED, old=DISCONNECTED, reason=dataDetached
D/MobileDataStateTracker(  347): cbs: Broadcast received: android.intent.action.ANY_DATA_STATE apnType=cbs
D/MobileDataStateTracker(  347): cbs: Received state=DISCONNECTED, old=DISCONNECTED, reason=dataDetached
D/MobileDataStateTracker(  347): fota: Broadcast received: android.intent.action.ANY_DATA_STATE apnType=fota
D/MobileDataStateTracker(  347): fota: Received state=DISCONNECTED, old=DISCONNECTED, reason=roamingOff
D/MobileDataStateTracker(  347): ia: Broadcast received: android.intent.action.ANY_DATA_STATE apnType=ia
D/MobileDataStateTracker(  347): ia: Received state=DISCONNECTED, old=DISCONNECTED, reason=roamingOff
D/MobileDataStateTracker(  347): supl: Broadcast received: android.intent.action.ANY_DATA_STATE apnType=supl
D/MobileDataStateTracker(  347): supl: Received state=DISCONNECTED, old=DISCONNECTED, reason=roamingOff
D/MobileDataStateTracker(  347): hipri: Broadcast received: android.intent.action.ANY_DATA_STATE apnType=hipri
D/MobileDataStateTracker(  347): hipri: Received state=DISCONNECTED, old=DISCONNECTED, reason=roamingOff
D/MobileDataStateTracker(  347): ims: Broadcast received: android.intent.action.ANY_DATA_STATE apnType=ims
D/MobileDataStateTracker(  347): ims: Received state=DISCONNECTED, old=DISCONNECTED, reason=roamingOff
D/MobileDataStateTracker(  347): default: Broadcast received: android.intent.action.ANY_DATA_STATE apnType=default
D/MobileDataStateTracker(  347): default: Received state=DISCONNECTED, old=DISCONNECTED, reason=roamingOff
D/MobileDataStateTracker(  347): mms: Broadcast received: android.intent.action.ANY_DATA_STATE apnType=mms
D/MobileDataStateTracker(  347): mms: Received state=DISCONNECTED, old=DISCONNECTED, reason=roamingOff
D/MobileDataStateTracker(  347): cbs: Broadcast received: android.intent.action.ANY_DATA_STATE apnType=cbs
D/MobileDataStateTracker(  347): cbs: Received state=DISCONNECTED, old=DISCONNECTED, reason=roamingOff
D/MobileDataStateTracker(  347): fota: Broadcast received: android.intent.action.ANY_DATA_STATE apnType=fota
D/MobileDataStateTracker(  347): fota: Received state=DISCONNECTED, old=DISCONNECTED, reason=roamingOff
D/MobileDataStateTracker(  347): ia: Broadcast received: android.intent.action.ANY_DATA_STATE apnType=ia
D/MobileDataStateTracker(  347): ia: Received state=DISCONNECTED, old=DISCONNECTED, reason=roamingOff
D/MobileDataStateTracker(  347): supl: Broadcast received: android.intent.action.ANY_DATA_STATE apnType=supl
D/MobileDataStateTracker(  347): supl: Received state=DISCONNECTED, old=DISCONNECTED, reason=roamingOff
D/MobileDataStateTracker(  347): hipri: Broadcast received: android.intent.action.ANY_DATA_STATE apnType=hipri
D/MobileDataStateTracker(  347): hipri: Received state=DISCONNECTED, old=DISCONNECTED, reason=roamingOff
D/MobileDataStateTracker(  347): ims: Broadcast received: android.intent.action.ANY_DATA_STATE apnType=ims
D/MobileDataStateTracker(  347): ims: Received state=DISCONNECTED, old=DISCONNECTED, reason=roamingOff
D/MobileDataStateTracker(  347): default: Broadcast received: android.intent.action.ANY_DATA_STATE apnType=default
D/dalvikvm(  601): GC_CONCURRENT freed 286K, 11% free 3160K/3512K, paused 13ms+2ms, total 83ms
D/MobileDataStateTracker(  347): default: Received state=DISCONNECTED, old=DISCONNECTED, reason=roamingOff
D/MobileDataStateTracker(  347): mms: Broadcast received: android.intent.action.ANY_DATA_STATE apnType=mms
D/MobileDataStateTracker(  347): mms: Received state=DISCONNECTED, old=DISCONNECTED, reason=roamingOff
D/MobileDataStateTracker(  347): cbs: Broadcast received: android.intent.action.ANY_DATA_STATE apnType=cbs
D/MobileDataStateTracker(  347): cbs: Received state=DISCONNECTED, old=DISCONNECTED, reason=roamingOff
D/MobileDataStateTracker(  347): fota: Broadcast received: android.intent.action.ANY_DATA_STATE apnType=fota
D/MobileDataStateTracker(  347): fota: Received state=DISCONNECTED, old=DISCONNECTED, reason=dataAttached
D/MobileDataStateTracker(  347): ia: Broadcast received: android.intent.action.ANY_DATA_STATE apnType=ia
D/MobileDataStateTracker(  347): ia: Received state=DISCONNECTED, old=DISCONNECTED, reason=dataAttached
D/MobileDataStateTracker(  347): supl: Broadcast received: android.intent.action.ANY_DATA_STATE apnType=supl
D/MobileDataStateTracker(  347): supl: Received state=DISCONNECTED, old=DISCONNECTED, reason=dataAttached
D/MobileDataStateTracker(  347): hipri: Broadcast received: android.intent.action.ANY_DATA_STATE apnType=hipri
D/dalvikvm(  672): GC_CONCURRENT freed 174K, 8% free 2954K/3200K, paused 53ms+4ms, total 153ms
D/MobileDataStateTracker(  347): hipri: Received state=DISCONNECTED, old=DISCONNECTED, reason=dataAttached
D/MobileDataStateTracker(  347): ims: Broadcast received: android.intent.action.ANY_DATA_STATE apnType=ims
D/MobileDataStateTracker(  347): ims: Received state=DISCONNECTED, old=DISCONNECTED, reason=dataAttached
D/MobileDataStateTracker(  347): mms: Broadcast received: android.intent.action.ANY_DATA_STATE apnType=mms
D/MobileDataStateTracker(  347): mms: Received state=DISCONNECTED, old=DISCONNECTED, reason=dataAttached
D/MobileDataStateTracker(  347): cbs: Broadcast received: android.intent.action.ANY_DATA_STATE apnType=cbs
D/MobileDataStateTracker(  347): cbs: Received state=DISCONNECTED, old=DISCONNECTED, reason=dataAttached
D/MobileDataStateTracker(  347): fota: Broadcast received: android.intent.action.ANY_DATA_STATE apnType=fota
D/MobileDataStateTracker(  347): fota: Received state=DISCONNECTED, old=DISCONNECTED, reason=dataAttached
D/MobileDataStateTracker(  347): ia: Broadcast received: android.intent.action.ANY_DATA_STATE apnType=ia
D/MobileDataStateTracker(  347): ia: Received state=DISCONNECTED, old=DISCONNECTED, reason=dataAttached
D/MobileDataStateTracker(  347): supl: Broadcast received: android.intent.action.ANY_DATA_STATE apnType=supl
D/MobileDataStateTracker(  347): supl: Received state=DISCONNECTED, old=DISCONNECTED, reason=dataAttached
D/MobileDataStateTracker(  347): hipri: Broadcast received: android.intent.action.ANY_DATA_STATE apnType=hipri
D/MobileDataStateTracker(  347): hipri: Received state=DISCONNECTED, old=DISCONNECTED, reason=dataAttached
D/MobileDataStateTracker(  347): ims: Broadcast received: android.intent.action.ANY_DATA_STATE apnType=ims
D/MobileDataStateTracker(  347): ims: Received state=DISCONNECTED, old=DISCONNECTED, reason=dataAttached
D/MobileDataStateTracker(  347): mms: Broadcast received: android.intent.action.ANY_DATA_STATE apnType=mms
D/MobileDataStateTracker(  347): mms: Received state=DISCONNECTED, old=DISCONNECTED, reason=dataAttached
D/MobileDataStateTracker(  347): cbs: Broadcast received: android.intent.action.ANY_DATA_STATE apnType=cbs
I/FusedLocation(  347): engine started (com.android.location.fused)
D/MobileDataStateTracker(  347): cbs: Received state=DISCONNECTED, old=DISCONNECTED, reason=dataAttached
D/dalvikvm(  347): GC_CONCURRENT freed 585K, 59% free 5506K/13200K, paused 7ms+5ms, total 98ms
D/dalvikvm(  347): WAIT_FOR_CONCURRENT_GC blocked 30ms
D/MccTable(  601): updateMccMncConfiguration: mcc=310, mnc=260
D/MccTable(  601): getLocaleFromMcc to en_us mcc=310
D/MccTable(  601): getLocaleForLanguageCountry: got match
D/MccTable(  601): getLocaleForLanguageCountry: X locale=en_US
D/MccTable(  601): updateMccMncConfiguration updateConfig config={1.0 310mcc260mnc en_US ldltr ?swdp ?wdp ?hdp ?density ?lsize ?long ?orien ?uimode ?night ?touch ?keyb/?/? ?nav/?}
I/ActivityManager(  347): Config changes=3 {1.0 310mcc260mnc en_US ldltr sw480dp w480dp h839dp 160dpi lrg long port finger -keyb/v/h tball/v s.6}
D/PermissionCache(   58): checking android.permission.READ_FRAME_BUFFER for uid=1000 => granted (685 us)
D/PhoneStatusBar(  446): mSettingsPanelGravity = 55
D/gralloc (   58): Registering a buffer in the process that created it. This may cause memory ordering problems.
E/libEGL  (   58): called unimplemented OpenGL ES API
E/libEGL  (   58): called unimplemented OpenGL ES API
E/libEGL  (   58): called unimplemented OpenGL ES API
E/libEGL  (   58): called unimplemented OpenGL ES API
E/SurfaceFlinger(   58): glCheckFramebufferStatusOES error -1550489313
E/SurfaceFlinger(   58): got GL_FRAMEBUFFER_COMPLETE_OES error while taking screenshot
E/libEGL  (   58): called unimplemented OpenGL ES API
E/libEGL  (   58): called unimplemented OpenGL ES API
I/ARMAssembler(   58): generated scanline__00000077:03515104_00008001_00000000 [113 ipp] (134 ins) at [0xb58a51f0:0xb58a5408] in 10000000 ns
D/MccTable(  601): updateMccMncConfiguration: mcc=310, mnc=260
D/MccTable(  601): getLocaleFromMcc to en_us mcc=310
D/MccTable(  601): getLocaleForLanguageCountry: skipping already persisted
D/MccTable(  601): getLocaleForLanguageCountry: X locale=null
D/MccTable(  601): updateMccMncConfiguration updateConfig config={1.0 310mcc260mnc ?locale ?layoutDir ?swdp ?wdp ?hdp ?density ?lsize ?long ?orien ?uimode ?night ?touch ?keyb/?/? ?nav/?}
D/dalvikvm(  347): GC_CONCURRENT freed 709K, 59% free 5500K/13200K, paused 10ms+5ms, total 187ms
D/dalvikvm(  347): WAIT_FOR_CONCURRENT_GC blocked 119ms
D/dalvikvm(  601): GC_CONCURRENT freed 316K, 11% free 3353K/3736K, paused 4ms+29ms, total 71ms
D/dalvikvm(  601): WAIT_FOR_CONCURRENT_GC blocked 3ms
D/dalvikvm(  672): GC_FOR_ALLOC freed 183K, 8% free 3110K/3364K, paused 34ms, total 36ms
I/dalvikvm-heap(  672): Grow heap (frag case) to 3.710MB for 640016-byte allocation
D/dalvikvm(  672): GC_FOR_ALLOC freed 2K, 7% free 3732K/3992K, paused 34ms, total 34ms
D/dalvikvm(  672): GC_CONCURRENT freed 6K, 7% free 3726K/3992K, paused 3ms+1ms, total 30ms
D/dalvikvm(  601): GC_CONCURRENT freed 552K, 16% free 3288K/3904K, paused 33ms+11ms, total 91ms
W/Resources(  672): Converting to int: TypedValue{t=0x3/d=0x12 "4" a=-1}
W/Resources(  672): Converting to int: TypedValue{t=0x3/d=0xf "1" a=-1}
W/Resources(  672): Converting to int: TypedValue{t=0x3/d=0x15 "2" a=-1}
W/Resources(  672): Converting to int: TypedValue{t=0x3/d=0x15 "2" a=-1}
W/Launcher.LauncherProvider(  672): Unable to add favorite: com.android.camera2/com.android.camera.CameraLauncher
W/Launcher.LauncherProvider(  672): android.content.pm.PackageManager$NameNotFoundException: ComponentInfo{com.android.camera2/com.android.camera.CameraLauncher}
W/Launcher.LauncherProvider(  672): 	at android.app.ApplicationPackageManager.getActivityInfo(ApplicationPackageManager.java:242)
W/Launcher.LauncherProvider(  672): 	at com.android.launcher2.LauncherProvider$DatabaseHelper.addAppShortcut(LauncherProvider.java:959)
W/Launcher.LauncherProvider(  672): 	at com.android.launcher2.LauncherProvider$DatabaseHelper.loadFavorites(LauncherProvider.java:863)
W/Launcher.LauncherProvider(  672): 	at com.android.launcher2.LauncherProvider$DatabaseHelper.access$000(LauncherProvider.java:253)
W/Launcher.LauncherProvider(  672): 	at com.android.launcher2.LauncherProvider.loadDefaultFavoritesIfNecessary(LauncherProvider.java:237)
W/Launcher.LauncherProvider(  672): 	at com.android.launcher2.LauncherModel$LoaderTask.loadWorkspace(LauncherModel.java:1278)
W/Launcher.LauncherProvider(  672): 	at com.android.launcher2.LauncherModel$LoaderTask.loadAndBindWorkspace(LauncherModel.java:1020)
W/Launcher.LauncherProvider(  672): 	at com.android.launcher2.LauncherModel$LoaderTask.run(LauncherModel.java:1126)
W/Launcher.LauncherProvider(  672): 	at android.os.Handler.handleCallback(Handler.java:733)
W/Launcher.LauncherProvider(  672): 	at android.os.Handler.dispatchMessage(Handler.java:95)
W/Launcher.LauncherProvider(  672): 	at android.os.Looper.loop(Looper.java:136)
W/Launcher.LauncherProvider(  672): 	at android.os.HandlerThread.run(HandlerThread.java:61)
W/Launcher.LauncherProvider(  672): Unable to add favorite: com.android.gallery3d/com.android.gallery3d.app.Gallery
W/Launcher.LauncherProvider(  672): android.content.pm.PackageManager$NameNotFoundException: ComponentInfo{com.android.gallery3d/com.android.gallery3d.app.Gallery}
W/Launcher.LauncherProvider(  672): 	at android.app.ApplicationPackageManager.getActivityInfo(ApplicationPackageManager.java:242)
W/Launcher.LauncherProvider(  672): 	at com.android.launcher2.LauncherProvider$DatabaseHelper.addAppShortcut(LauncherProvider.java:959)
W/Launcher.LauncherProvider(  672): 	at com.android.launcher2.LauncherProvider$DatabaseHelper.loadFavorites(LauncherProvider.java:863)
W/Launcher.LauncherProvider(  672): 	at com.android.launcher2.LauncherProvider$DatabaseHelper.access$000(LauncherProvider.java:253)
W/Launcher.LauncherProvider(  672): 	at com.android.launcher2.LauncherProvider.loadDefaultFavoritesIfNecessary(LauncherProvider.java:237)
W/Launcher.LauncherProvider(  672): 	at com.android.launcher2.LauncherModel$LoaderTask.loadWorkspace(LauncherModel.java:1278)
W/Launcher.LauncherProvider(  672): 	at com.android.launcher2.LauncherModel$LoaderTask.loadAndBindWorkspace(LauncherModel.java:1020)
W/Launcher.LauncherProvider(  672): 	at com.android.launcher2.LauncherModel$LoaderTask.run(LauncherModel.java:1126)
W/Launcher.LauncherProvider(  672): 	at android.os.Handler.handleCallback(Handler.java:733)
W/Launcher.LauncherProvider(  672): 	at android.os.Handler.dispatchMessage(Handler.java:95)
W/Launcher.LauncherProvider(  672): 	at android.os.Looper.loop(Looper.java:136)
W/Launcher.LauncherProvider(  672): 	at android.os.HandlerThread.run(HandlerThread.java:61)
D/dalvikvm(  672): GC_CONCURRENT freed 224K, 7% free 3911K/4204K, paused 3ms+5ms, total 43ms
D/dalvikvm(  347): GC_CONCURRENT freed 600K, 58% free 5597K/13200K, paused 7ms+4ms, total 54ms
D/dalvikvm(  347): WAIT_FOR_CONCURRENT_GC blocked 48ms
I/Choreographer(  672): Skipped 87 frames!  The application may be doing too much work on its main thread.
D/gralloc_goldfish(  672): Emulator without GPU emulation detected.
D/dalvikvm(  672): GC_FOR_ALLOC freed 249K, 8% free 4021K/4340K, paused 19ms, total 20ms
I/dalvikvm-heap(  672): Grow heap (frag case) to 5.526MB for 1610896-byte allocation
I/FusedLocation(  347): engine stopped (com.android.location.fused)
I/FusedLocation(  347): engine started (com.android.location.fused)
D/MobileDataStateTracker(  347): fota: Broadcast received: android.intent.action.ANY_DATA_STATE apnType=fota
D/MobileDataStateTracker(  347): fota: Received state=DISCONNECTED, old=DISCONNECTED, reason=simLoaded
D/MobileDataStateTracker(  347): ia: Broadcast received: android.intent.action.ANY_DATA_STATE apnType=ia
D/MobileDataStateTracker(  347): ia: Received state=DISCONNECTED, old=DISCONNECTED, reason=simLoaded
D/MobileDataStateTracker(  347): supl: Broadcast received: android.intent.action.ANY_DATA_STATE apnType=supl
D/MobileDataStateTracker(  347): supl: Received state=DISCONNECTED, old=DISCONNECTED, reason=simLoaded
D/MobileDataStateTracker(  347): hipri: Broadcast received: android.intent.action.ANY_DATA_STATE apnType=hipri
D/MobileDataStateTracker(  347): hipri: Received state=DISCONNECTED, old=DISCONNECTED, reason=simLoaded
D/MobileDataStateTracker(  347): ims: Broadcast received: android.intent.action.ANY_DATA_STATE apnType=ims
D/MobileDataStateTracker(  347): ims: Received state=DISCONNECTED, old=DISCONNECTED, reason=simLoaded
D/MobileDataStateTracker(  347): mms: Broadcast received: android.intent.action.ANY_DATA_STATE apnType=mms
D/MobileDataStateTracker(  347): mms: Received state=DISCONNECTED, old=DISCONNECTED, reason=simLoaded
D/MobileDataStateTracker(  347): cbs: Broadcast received: android.intent.action.ANY_DATA_STATE apnType=cbs
D/MobileDataStateTracker(  347): cbs: Received state=DISCONNECTED, old=DISCONNECTED, reason=simLoaded
D/MobileDataStateTracker(  347): default: Broadcast received: android.intent.action.ANY_DATA_STATE apnType=default
D/MobileDataStateTracker(  347): default: Received state=CONNECTING, old=DISCONNECTED, reason=simLoaded
D/MobileDataStateTracker(  347): default: setDetailed state, old =IDLE and new state=CONNECTING
D/MobileDataStateTracker(  347): fota: Broadcast received: android.intent.action.ANY_DATA_STATE apnType=fota
D/MobileDataStateTracker(  347): fota: Received state=DISCONNECTED, old=DISCONNECTED, reason=simLoaded
D/MobileDataStateTracker(  347): ia: Broadcast received: android.intent.action.ANY_DATA_STATE apnType=ia
D/MobileDataStateTracker(  347): ia: Received state=DISCONNECTED, old=DISCONNECTED, reason=simLoaded
D/MobileDataStateTracker(  347): supl: Broadcast received: android.intent.action.ANY_DATA_STATE apnType=supl
D/MobileDataStateTracker(  347): supl: Received state=DISCONNECTED, old=DISCONNECTED, reason=simLoaded
D/MobileDataStateTracker(  347): hipri: Broadcast received: android.intent.action.ANY_DATA_STATE apnType=hipri
D/MobileDataStateTracker(  347): hipri: Received state=DISCONNECTED, old=DISCONNECTED, reason=simLoaded
D/MobileDataStateTracker(  347): ims: Broadcast received: android.intent.action.ANY_DATA_STATE apnType=ims
D/MobileDataStateTracker(  347): ims: Received state=DISCONNECTED, old=DISCONNECTED, reason=simLoaded
D/MobileDataStateTracker(  347): mms: Broadcast received: android.intent.action.ANY_DATA_STATE apnType=mms
D/MobileDataStateTracker(  347): mms: Received state=DISCONNECTED, old=DISCONNECTED, reason=simLoaded
D/MobileDataStateTracker(  347): cbs: Broadcast received: android.intent.action.ANY_DATA_STATE apnType=cbs
D/MobileDataStateTracker(  347): cbs: Received state=DISCONNECTED, old=DISCONNECTED, reason=simLoaded
D/dalvikvm(  672): GC_CONCURRENT freed 9K, 6% free 5584K/5916K, paused 154ms+2ms, total 247ms
D/dalvikvm(  672): WAIT_FOR_CONCURRENT_GC blocked 89ms
D/dalvikvm(  672): WAIT_FOR_CONCURRENT_GC blocked 87ms
D/MobileDataStateTracker(  347): default: Broadcast received: android.intent.action.ANY_DATA_STATE apnType=default
D/MobileDataStateTracker(  347): default: Received state=CONNECTED, old=CONNECTING, reason=connected
D/MobileDataStateTracker(  347): default: setDetailed state, old =CONNECTING and new state=CONNECTED
D/ConnectivityService(  347): ConnectivityChange for mobile: CONNECTED/CONNECTED
D/ConnectivityService(  347): ConnectivityChange checkMobileProvisioning for TYPE_MOBILE or ProvisioningNetwork
D/ConnectivityService(  347): checkMobileProvisioning: E suggestedTimeOutMs=60000
D/ConnectivityService(  347): setProvNotificationVisible: E visible=false networkType=5 extraInfo=null url=null
D/ConnectivityService(  347): checkMobileProvisioning: params={ url=http://clients3.google.com/generate_204 mTimeOutMs=60000 mCb=com.android.server.ConnectivityService$5@b3222ed8}
D/ConnectivityService(  347): checkMobileProvisioning: X
D/dalvikvm(  672): GC_FOR_ALLOC freed 1K, 6% free 5583K/5916K, paused 208ms, total 209ms
D/Nat464Xlat(  347): requiresClat: netType=0, hasIPv4Address=true
I/dalvikvm-heap(  672): Grow heap (frag case) to 7.052MB for 1610896-byte allocation
I/NetworkPolicy(  347): no policy for active mobile network; generating default policy
D/dalvikvm(  672): GC_FOR_ALLOC freed 19K, 5% free 7137K/7492K, paused 101ms, total 101ms
D/MobileDataStateTracker(  347): default: setPolicyDataEnable(enabled=true)
D/dalvikvm(  672): GC_CONCURRENT freed <1K, 5% free 7179K/7536K, paused 15ms+9ms, total 174ms
I/ActivityManager(  347): Displayed com.android.launcher/com.android.launcher2.Launcher: +7s188ms (total +10s414ms)
D/Launcher.Model(  672): Reload apps on config change. curr_mcc:310 prevmcc:0
D/dalvikvm(  446): GC_FOR_ALLOC freed 3104K, 5% free 3586K/3756K, paused 433ms, total 450ms
I/dalvikvm-heap(  446): Grow heap (frag case) to 6.492MB for 3072016-byte allocation
D/dalvikvm(  446): GC_FOR_ALLOC freed 4K, 3% free 6581K/6760K, paused 67ms, total 67ms
W/WindowManager(  347): Window freeze timeout expired.
W/WindowManager(  347): Force clearing orientation change: Window{b2ea85c0 u0 com.android.systemui.ImageWallpaper}
I/WindowManager(  347): Screen frozen for +4s338ms due to Window{b2ea85c0 u0 com.android.systemui.ImageWallpaper}
D/dalvikvm(  446): GC_CONCURRENT freed 0K, 3% free 6582K/6760K, paused 3ms+177ms, total 355ms
I/Choreographer(  347): Skipped 33 frames!  The application may be doing too much work on its main thread.
E/NetdConnector(  347): NDC Command {12 bandwidth setiquota eth0 9223372036854775807} took too long (1617ms)
I/Choreographer(  347): Skipped 32 frames!  The application may be doing too much work on its main thread.
I/ARMAssembler(   58): generated scanline__00000077:03515104_00009001_00000000 [131 ipp] (153 ins) at [0xb58a5410:0xb58a5674] in 0 ns
D/MobileDataStateTracker(  347): default: setPolicyDataEnable(enabled=true)
I/InputReader(  347): Reconfiguring input devices.  changes=0x00000010
I/SurfaceFlinger(   58): Boot is finished (74583 ms)
I/PackageManager(  347):   Action: "android.intent.action.SENDTO"
I/PackageManager(  347):   Category: "android.intent.category.DEFAULT"
I/PackageManager(  347):   Scheme: "sms"
I/PackageManager(  347): Adding preferred activity ComponentInfo{com.android.mms/com.android.mms.ui.ComposeMessageActivity} for user 0 :
D/dalvikvm(  347): GC_CONCURRENT freed 754K, 58% free 5570K/13200K, paused 67ms+73ms, total 337ms
D/dalvikvm(  347): WAIT_FOR_CONCURRENT_GC blocked 165ms
D/dalvikvm(  347): WAIT_FOR_CONCURRENT_GC blocked 168ms
D/dalvikvm(  347): WAIT_FOR_CONCURRENT_GC blocked 168ms
D/dalvikvm(  347): WAIT_FOR_CONCURRENT_GC blocked 169ms
D/dalvikvm(  347): WAIT_FOR_CONCURRENT_GC blocked 113ms
I/PackageManager(  347):   Action: "android.intent.action.SENDTO"
I/PackageManager(  347):   Category: "android.intent.category.DEFAULT"
I/PackageManager(  347):   Scheme: "smsto"
I/PackageManager(  347): Adding preferred activity ComponentInfo{com.android.mms/com.android.mms.ui.ComposeMessageActivity} for user 0 :
D/dalvikvm(  601): GC_CONCURRENT freed 395K, 15% free 3336K/3904K, paused 4ms+33ms, total 90ms
D/dalvikvm(  347): WAIT_FOR_CONCURRENT_GC blocked 222ms
I/PackageManager(  347):   Action: "android.intent.action.SENDTO"
I/PackageManager(  347):   Category: "android.intent.category.DEFAULT"
I/PackageManager(  347):   Scheme: "mms"
I/PackageManager(  347): Adding preferred activity ComponentInfo{com.android.mms/com.android.mms.ui.ComposeMessageActivity} for user 0 :
I/PackageManager(  347):   Action: "android.intent.action.SENDTO"
I/PackageManager(  347):   Category: "android.intent.category.DEFAULT"
I/PackageManager(  347):   Scheme: "mmsto"
I/PackageManager(  347): Adding preferred activity ComponentInfo{com.android.mms/com.android.mms.ui.ComposeMessageActivity} for user 0 :
I/PackageManager(  347):   Action: "android.intent.action.SENDTO"
I/PackageManager(  347):   Category: "android.intent.category.DEFAULT"
I/PackageManager(  347):   Scheme: "sms"
I/PackageManager(  347): Adding preferred activity ComponentInfo{com.android.mms/com.android.mms.ui.ComposeMessageActivity} for user 0 :
I/PackageManager(  347):   Action: "android.intent.action.SENDTO"
I/PackageManager(  347):   Category: "android.intent.category.DEFAULT"
I/PackageManager(  347):   Scheme: "smsto"
I/PackageManager(  347): Adding preferred activity ComponentInfo{com.android.mms/com.android.mms.ui.ComposeMessageActivity} for user 0 :
I/PackageManager(  347):   Action: "android.intent.action.SENDTO"
I/PackageManager(  347):   Category: "android.intent.category.DEFAULT"
I/PackageManager(  347):   Scheme: "mms"
I/PackageManager(  347): Adding preferred activity ComponentInfo{com.android.mms/com.android.mms.ui.ComposeMessageActivity} for user 0 :
E/NetdConnector(  347): NDC Command {13 bandwidth removeiquota eth0} took too long (909ms)
D/Tethering(  347): MasterInitialState.processMessage what=3
D/CaptivePortalTracker(  347): NoActiveNetworkState{ when=-3ms what=1 obj=NetworkInfo: type: mobile[UMTS], state: CONNECTED/CONNECTED, reason: connected, extra: epc.tmobile.com, roaming: false, failover: false, isAvailable: true, isConnectedToProvisioningNetwork: false target=com.android.internal.util.StateMachine$SmHandler }
D/CaptivePortalTracker(  347): NoActiveNetworkState not a wifi connectivity change, ignore
D/dalvikvm(  601): GC_FOR_ALLOC freed 390K, 14% free 3369K/3912K, paused 144ms, total 164ms
I/PackageManager(  347):   Action: "android.intent.action.SENDTO"
I/PackageManager(  347):   Category: "android.intent.category.DEFAULT"
I/PackageManager(  347): Adding preferred activity ComponentInfo{com.android.mms/com.android.mms.ui.ComposeMessageActivity} for user 0 :
I/PackageManager(  347):   Scheme: "mmsto"
D/dalvikvm(  347): GC_CONCURRENT freed 688K, 58% free 5614K/13200K, paused 6ms+16ms, total 345ms
D/dalvikvm(  601): GC_CONCURRENT freed 17K, 14% free 3378K/3912K, paused 4ms+2ms, total 107ms
D/dalvikvm(  347): WAIT_FOR_CONCURRENT_GC blocked 1ms
D/dalvikvm(  347): GC_EXPLICIT freed 275K, 58% free 5545K/13200K, paused 17ms+56ms, total 358ms
D/MobileDataStateTracker(  347): default: isProvisioningNetwork: retVal=false
D/ConnectivityService(  347): [CheckMp] isMobileOk: isDefaultProvisioning=false
D/MobileDataStateTracker(  347): hipri: isProvisioningNetwork: retVal=false
D/ConnectivityService(  347): [CheckMp] isMobileOk: isHipriProvisioning=false
D/ConnectivityService(  347): [CheckMp] isMobileOk: start hipri url=http://clients3.google.com/generate_204
I/MediaProvider(  623): Upgrading media database from version 0 to 700, which will destroy all old data
W/ProcessCpuTracker(  347): Skipping unknown process pid 786
I/Choreographer(  672): Skipped 158 frames!  The application may be doing too much work on its main thread.
E/NetdConnector(  347): NDC Command {14 bandwidth setiquota eth0 9223372036854775807} took too long (4095ms)
D/MobileDataStateTracker(  347): default: setPolicyDataEnable(enabled=true)
D/ConnectivityService(  347): startUsingNetworkFeature reconnecting to 0: enableHIPRI
I/Choreographer(  672): Skipped 338 frames!  The application may be doing too much work on its main thread.
I/Choreographer(  672): Skipped 182 frames!  The application may be doing too much work on its main thread.
D/ConnectivityService(  347): startUsingNetworkFeature X: return APN_REQUEST_STARTED
E/ConnectivityService(  347): startUsingNetworkFeature took too long: 6610ms
W/ActivityManager(  347): Activity destroy timeout for ActivityRecord{b2f58760 u0 com.android.settings/.CryptKeeper t1 f}
D/MobileDataStateTracker(  347): hipri: Broadcast received: android.intent.action.ANY_DATA_STATE apnType=hipri
D/MobileDataStateTracker(  347): hipri: Received state=CONNECTING, old=DISCONNECTED, reason=dataEnabled
D/MobileDataStateTracker(  347): hipri: setDetailed state, old =IDLE and new state=CONNECTING
D/MobileDataStateTracker(  347): fota: Broadcast received: android.intent.action.ANY_DATA_STATE apnType=fota
D/MobileDataStateTracker(  347): fota: Received state=DISCONNECTED, old=DISCONNECTED, reason=dataEnabled
D/MobileDataStateTracker(  347): ia: Broadcast received: android.intent.action.ANY_DATA_STATE apnType=ia
D/MobileDataStateTracker(  347): ia: Received state=DISCONNECTED, old=DISCONNECTED, reason=dataEnabled
D/MobileDataStateTracker(  347): supl: Broadcast received: android.intent.action.ANY_DATA_STATE apnType=supl
D/MobileDataStateTracker(  347): supl: Received state=DISCONNECTED, old=DISCONNECTED, reason=dataEnabled
D/MobileDataStateTracker(  347): ims: Broadcast received: android.intent.action.ANY_DATA_STATE apnType=ims
D/MobileDataStateTracker(  347): ims: Received state=DISCONNECTED, old=DISCONNECTED, reason=dataEnabled
D/MobileDataStateTracker(  347): mms: Broadcast received: android.intent.action.ANY_DATA_STATE apnType=mms
D/MobileDataStateTracker(  347): mms: Received state=DISCONNECTED, old=DISCONNECTED, reason=dataEnabled
D/MobileDataStateTracker(  347): cbs: Broadcast received: android.intent.action.ANY_DATA_STATE apnType=cbs
D/MobileDataStateTracker(  347): cbs: Received state=DISCONNECTED, old=DISCONNECTED, reason=dataEnabled
D/MobileDataStateTracker(  347): hipri: Broadcast received: android.intent.action.ANY_DATA_STATE apnType=hipri
D/MobileDataStateTracker(  347): hipri: Received state=CONNECTED, old=CONNECTING, reason=dataEnabled
D/MobileDataStateTracker(  347): hipri: setDetailed state, old =CONNECTING and new state=CONNECTED
D/ConnectivityService(  347): ConnectivityChange for mobile_hipri: CONNECTED/CONNECTED
E/logwrapper(  793): executing /system/bin/ip failed: No such file or directory
E/ConnectivityService(  347): Exception trying to add a route: java.lang.IllegalStateException: command '21 interface fwmark exempt add 10.0.2.2/32' failed with '400 21 Failed to add exemption rule (File exists)'
E/logwrapper(  794): executing /system/bin/ip failed: No such file or directory
E/ConnectivityService(  347): Exception trying to add a route: java.lang.IllegalStateException: command '23 interface fwmark exempt add 10.0.2.3/32' failed with '400 23 Failed to add exemption rule (File exists)'
E/logwrapper(  795): executing /system/bin/ip failed: No such file or directory
E/ConnectivityService(  347): Exception trying to add a route: java.lang.IllegalStateException: command '25 interface fwmark exempt add 10.0.2.2/32' failed with '400 25 Failed to add exemption rule (File exists)'
E/logwrapper(  796): executing /system/bin/ip failed: No such file or directory
E/ConnectivityService(  347): Exception trying to add a route: java.lang.IllegalStateException: command '27 interface fwmark exempt add 10.0.2.4/32' failed with '400 27 Failed to add exemption rule (File exists)'
E/logwrapper(  797): executing /system/bin/ip failed: No such file or directory
E/SecondaryTablController(   55): ip route add failed: /system/bin/ip route add 10.0.2.2/32 via 0.0.0.0 dev eth0 table 60
E/ConnectivityService(  347): Exception trying to add a route: java.lang.IllegalStateException: command '28 interface route add eth0 secondary 10.0.2.2 32 0.0.0.0' failed with '400 28 ip route modification failed (No such device)'
W/FrameworkListener(   55): Handler 'interface' error (No such device)
E/logwrapper(  798): executing /system/bin/ip failed: No such file or directory
E/SecondaryTablController(   55): ip route add failed: /system/bin/ip route add 0.0.0.0/0 via 10.0.2.2 dev eth0 table 60
W/FrameworkListener(   55): Handler 'interface' error (No such device)
E/ConnectivityService(  347): Exception trying to add a route: java.lang.IllegalStateException: command '29 interface route add eth0 secondary 0.0.0.0 0 10.0.2.2' failed with '400 29 ip route modification failed (No such device)'
D/Nat464Xlat(  347): requiresClat: netType=5, hasIPv4Address=true
D/ConnectivityService(  347): [CheckMp] isMobileOk: hipri started
D/MobileDataStateTracker(  347): default: setPolicyDataEnable(enabled=true)
W/NetworkPolicy(  347): shared quota unsupported; generating rule for each iface
D/MobileDataStateTracker(  347): hipri: isProvisioningNetwork: retVal=false
D/ConnectivityService(  347): [CheckMp] isMobileOk: isProvisioningNetwork is false, continue
D/ConnectivityService(  347): [CheckMp] isMobileOk: addresses=clients3.google.com/216.58.214.14
D/ConnectivityService(  347): [CheckMp] isMobileOk: linkHasIpv4=true linkHasIpv6=false
E/NetdConnector(  347): NDC Command {30 bandwidth gettetherstats} took too long (915ms)
E/NetdConnector(  347): NDC Command {31 bandwidth removeiquota eth0} took too long (1343ms)
E/NetdConnector(  347): NDC Command {32 interface route add eth0 default 10.0.2.2 32 0.0.0.0} took too long (1139ms)
D/AndroidRuntime(  803): 
D/AndroidRuntime(  803): >>>>>> AndroidRuntime START com.android.internal.os.RuntimeInit <<<<<<
D/AndroidRuntime(  803): CheckJNI is ON
D/Tethering(  347): MasterInitialState.processMessage what=3
D/dalvikvm(  803): Trying to load lib libjavacore.so 0x0
D/CaptivePortalTracker(  347): NoActiveNetworkState{ when=-3ms what=1 obj=NetworkInfo: type: mobile_hipri[UMTS], state: CONNECTED/CONNECTED, reason: dataEnabled, extra: epc.tmobile.com, roaming: false, failover: false, isAvailable: true, isConnectedToProvisioningNetwork: false target=com.android.internal.util.StateMachine$SmHandler }
D/CaptivePortalTracker(  347): NoActiveNetworkState not a wifi connectivity change, ignore
D/dalvikvm(  803): Added shared lib libjavacore.so 0x0
D/dalvikvm(  803): Trying to load lib libnativehelper.so 0x0
D/dalvikvm(  803): Added shared lib libnativehelper.so 0x0
D/dalvikvm(  803): No JNI_OnLoad found in libnativehelper.so 0x0, skipping init
D/dalvikvm(  347): GC_CONCURRENT freed 613K, 58% free 5551K/13152K, paused 25ms+261ms, total 556ms
D/dalvikvm(  803): Note: class Landroid/app/ActivityManagerNative; has 179 unimplemented (abstract) methods
E/logwrapper(  835): executing /system/bin/ip failed: No such file or directory
E/NetdConnector(  347): NDC Command {33 bandwidth setiquota eth0 9223372036854775807} took too long (2367ms)
E/NetdConnector(  347): NDC Command {34 interface fwmark exempt add 10.0.2.2/32} took too long (2395ms)
E/ConnectivityService(  347): Exception trying to add a route: java.lang.IllegalStateException: command '34 interface fwmark exempt add 10.0.2.2/32' failed with '400 34 Failed to add exemption rule (File exists)'
E/SQLiteLog(  623): (1) no such table: album_info
E/memtrack(  803): Couldn't load memtrack module (No such file or directory)
E/android.os.Debug(  803): failed to load memtrack module: -2
W/ProcessCpuTracker(  347): Skipping unknown process pid 843
E/NetdConnector(  347): NDC Command {35 bandwidth removeiquota eth0} took too long (1161ms)
E/NetdConnector(  347): NDC Command {36 interface route add eth0 default 216.58.214.14 32 10.0.2.2} took too long (1165ms)
D/AndroidRuntime(  803): Calling main entry com.android.commands.pm.Pm
D/dalvikvm(  672): GC_CONCURRENT freed 1994K, 24% free 6552K/8616K, paused 37ms+25ms, total 181ms
I/ActivityManager(  347): Start proc com.android.defcontainer for service com.android.defcontainer/.DefaultContainerService: pid=850 uid=10003 gids={50003, 1028, 1015, 1023, 2001, 1035}
I/ContactLocale(  545): AddressBook Labels [en_US]: [, A, B, C, D, E, F, G, H, I, J, K, L, M, N, O, P, Q, R, S, T, U, V, W, X, Y, Z, , , , , , , , , , , , , , , , , , , , , , , , , , , , , , , , , , , , , , , , , , , , , , , , , , , , , , , , , , , , , , , , , , , , , , , , , , , , , , , , , , , , , , , , , , , , , , , , , , , , , , , , , , , , , , , , , , , , , , , , , , , , , , , , , , , , , , , , , , , , , , , , , , , , , , , , , , , , , , , , , , , , , , , , , , , , , , , , , , , , , , #, ]
E/logwrapper(  876): executing /system/bin/ip failed: No such file or directory
E/NetdConnector(  347): NDC Command {37 bandwidth setiquota eth0 9223372036854775807} took too long (1695ms)
D/MobileDataStateTracker(  347): default: setPolicyDataEnable(enabled=true)
E/NetdConnector(  347): NDC Command {38 interface fwmark exempt add 216.58.214.14/32} took too long (1836ms)
E/ConnectivityService(  347): Exception trying to add a route: java.lang.IllegalStateException: command '38 interface fwmark exempt add 216.58.214.14/32' failed with '400 38 Failed to add exemption rule (File exists)'
D/ConnectivityService(  347): requestRouteToHostAddress ok=false
D/ConnectivityService(  347): [CheckMp] isMobileOk: could not establish route to hostAddr=clients3.google.com/216.58.214.14
W/ActivityManager(  347): No content provider found for permission revoke: file:///data/local/tmp/sample_for_analysis.apk
D/GpsLocationProvider(  347): NTP server returned: 1529308341665 (Mon Jun 18 03:52:21 EDT 2018) reference: 77223 certainty: 11 system time offset: -22086
I/ActivityManager(  347): Start proc com.android.exchange for content provider com.android.exchange/.provider.ExchangeDirectoryProvider: pid=878 uid=10025 gids={50025, 3003, 1028, 1015}
I/ActivityManager(  347): Start proc com.android.email for content provider com.android.email/.provider.EmailProvider: pid=890 uid=10024 gids={50024, 3003, 1028, 1015}
I/ContactDirectoryManager(  545): deleted 0 stale rows which don't have any relevant directory
I/ContactDirectoryManager(  545): Discovered 0 contact directories in 729ms
D/ActivityThread(  890): Loading provider com.android.email.provider;com.android.email.notifier: com.android.email.provider.EmailProvider
I/ContactsProvider(  545): Upgrading aggregation algorithm
I/ContactAggregator(  545): Marked all visible contacts for aggregation: 0 raw contacts, 5 ms
I/ContactsProvider(  545): Aggregation algorithm upgraded for 0 raw contacts in 123ms
I/ContactsFTS(  545): Rebuild contact search index in 274ms, 0 contacts
D/dalvikvm(  545): GC_CONCURRENT freed 260K, 10% free 3083K/3408K, paused 5ms+1ms, total 33ms
E/logwrapper(  907): executing /system/bin/ip failed: No such file or directory
E/ConnectivityService(  347): Exception trying to add a route: java.lang.IllegalStateException: command '41 interface fwmark exempt add 10.0.2.2/32' failed with '400 41 Failed to add exemption rule (File exists)'
D/dalvikvm(  890): GC_FOR_ALLOC freed 310K, 12% free 2908K/3284K, paused 52ms, total 52ms
W/ActivityManager(  347): Unable to start service Intent { cmp=com.android.email/.service.AttachmentDownloadService } U=0: not found
E/logwrapper(  908): executing /system/bin/ip failed: No such file or directory
E/ConnectivityService(  347): Exception trying to add a route: java.lang.IllegalStateException: command '43 interface fwmark exempt add 216.58.214.14/32' failed with '400 43 Failed to add exemption rule (File exists)'
D/ConnectivityService(  347): requestRouteToHostAddress ok=false
D/ConnectivityService(  347): [CheckMp] isMobileOk: could not establish route to hostAddr=clients3.google.com/216.58.214.14
W/ActivityManager(  347): Unable to start service Intent { cmp=com.android.email/.service.AttachmentDownloadService } U=0: not found
I/Email   (  890): Observing account changes for notifications
W/ActivityManager(  347): No content provider found for permission revoke: file:///data/local/tmp/sample_for_analysis.apk
I/PackageManager(  347): Copying native libraries to /data/app-lib/vmdl-363024098
D/dalvikvm(  347): GC_CONCURRENT freed 454K, 57% free 5712K/13152K, paused 6ms+23ms, total 93ms
D/dalvikvm(  623): GC_CONCURRENT freed 227K, 10% free 2882K/3176K, paused 2ms+2ms, total 60ms
I/ActivityManager(  347): Start proc com.android.externalstorage for broadcast com.android.externalstorage/.MountReceiver: pid=913 uid=10006 gids={50006, 1028, 1015, 1023}
I/DownloadManager(  623): Upgrading downloads database from version 0 to version 109, which will destroy all old data
D/dalvikvm(  347): GC_CONCURRENT freed 305K, 54% free 6072K/13152K, paused 7ms+4ms, total 67ms
D/dalvikvm(  347): WAIT_FOR_CONCURRENT_GC blocked 55ms
D/dalvikvm(  890): GC_CONCURRENT freed 10K, 12% free 2911K/3284K, paused 3ms+2ms, total 66ms
D/dalvikvm(  347): GC_CONCURRENT freed 535K, 53% free 6309K/13152K, paused 8ms+11ms, total 91ms
D/dalvikvm(  347): WAIT_FOR_CONCURRENT_GC blocked 72ms
D/dalvikvm(  347): GC_CONCURRENT freed 567K, 50% free 6632K/13152K, paused 7ms+5ms, total 56ms
D/dalvikvm(  347): WAIT_FOR_CONCURRENT_GC blocked 48ms
D/dalvikvm(  347): GC_CONCURRENT freed 606K, 48% free 6907K/13152K, paused 9ms+7ms, total 76ms
D/dalvikvm(  347): GC_CONCURRENT freed 543K, 45% free 7337K/13152K, paused 7ms+6ms, total 86ms
E/logwrapper(  925): executing /system/bin/ip failed: No such file or directory
E/ConnectivityService(  347): Exception trying to add a route: java.lang.IllegalStateException: command '45 interface fwmark exempt add 10.0.2.2/32' failed with '400 45 Failed to add exemption rule (File exists)'
E/logwrapper(  926): executing /system/bin/ip failed: No such file or directory
E/ConnectivityService(  347): Exception trying to add a route: java.lang.IllegalStateException: command '47 interface fwmark exempt add 216.58.214.14/32' failed with '400 47 Failed to add exemption rule (File exists)'
D/ConnectivityService(  347): requestRouteToHostAddress ok=false
D/ConnectivityService(  347): [CheckMp] isMobileOk: could not establish route to hostAddr=clients3.google.com/216.58.214.14
D/dalvikvm(  347): GC_CONCURRENT freed 1055K, 44% free 7376K/13152K, paused 6ms+26ms, total 108ms
D/dalvikvm(  347): GC_CONCURRENT freed 1056K, 44% free 7369K/13152K, paused 7ms+5ms, total 71ms
D/dalvikvm(  347): GC_CONCURRENT freed 1081K, 44% free 7382K/13152K, paused 7ms+5ms, total 80ms
D/dalvikvm(  347): GC_CONCURRENT freed 1095K, 44% free 7430K/13152K, paused 7ms+7ms, total 90ms
D/dalvikvm(  347): GC_CONCURRENT freed 1147K, 44% free 7397K/13152K, paused 7ms+5ms, total 79ms
D/dalvikvm(  347): GC_CONCURRENT freed 1098K, 44% free 7445K/13152K, paused 7ms+7ms, total 90ms
D/dalvikvm(  347): GC_CONCURRENT freed 1163K, 44% free 7393K/13152K, paused 7ms+5ms, total 79ms
D/dalvikvm(  347): GC_CONCURRENT freed 1073K, 44% free 7419K/13152K, paused 7ms+7ms, total 81ms
E/logwrapper(  927): executing /system/bin/ip failed: No such file or directory
E/ConnectivityService(  347): Exception trying to add a route: java.lang.IllegalStateException: command '49 interface fwmark exempt add 10.0.2.2/32' failed with '400 49 Failed to add exemption rule (File exists)'
E/logwrapper(  928): executing /system/bin/ip failed: No such file or directory
E/ConnectivityService(  347): Exception trying to add a route: java.lang.IllegalStateException: command '51 interface fwmark exempt add 216.58.214.14/32' failed with '400 51 Failed to add exemption rule (File exists)'
D/ConnectivityService(  347): requestRouteToHostAddress ok=false
D/ConnectivityService(  347): [CheckMp] isMobileOk: could not establish route to hostAddr=clients3.google.com/216.58.214.14
D/dalvikvm(  347): GC_CONCURRENT freed 1101K, 44% free 7418K/13152K, paused 7ms+8ms, total 82ms
D/dalvikvm(  347): GC_CONCURRENT freed 1085K, 44% free 7472K/13152K, paused 6ms+7ms, total 90ms
D/dalvikvm(  347): GC_CONCURRENT freed 1148K, 44% free 7437K/13152K, paused 7ms+4ms, total 85ms
D/dalvikvm(  347): GC_CONCURRENT freed 1110K, 44% free 7437K/13152K, paused 6ms+5ms, total 80ms
D/dalvikvm(  347): GC_CONCURRENT freed 1090K, 44% free 7451K/13152K, paused 6ms+5ms, total 79ms
D/ConnectivityService(  347): [CheckMp] isMobileOk: too many loops tried - giving up
D/ConnectivityService(  347): [CheckMp] isMobileOk: X loops|timed out result=0
D/ConnectivityService(  347): [CheckMp] isMobileOk: F stop hipri
D/MobileDataStateTracker(  347): default: setEnableFailFastMobileData(enabled=0)
I/PackageManager(  347): Running dexopt on: com.triposo.droidguide.trinidad_and_tobago
D/dalvikvm(  929): DexOpt: load 987ms, verify+opt 4499ms, 5853692 bytes
W/PackageManager(  347): Not granting permission android.permission.GLOBAL_SEARCH to package com.android.quicksearchbox (protectionLevel=18 flags=0x88be45)
W/PackageManager(  347): Unknown permission com.android.smspush.WAPPUSH_MANAGER_BIND in package com.android.phone
W/PackageManager(  347): Unknown permission com.google.android.googleapps.permission.GOOGLE_AUTH in package com.android.providers.calendar
