I/PackageManager(  358):   Category: "android.intent.category.DEFAULT"
I/PackageManager(  358):   Scheme: "smsto"
I/PackageManager(  358): Adding preferred activity ComponentInfo{com.android.mms/com.android.mms.ui.ComposeMessageActivity} for user 0 :
D/dalvikvm(  599): GC_CONCURRENT freed 371K, 14% free 3364K/3872K, paused 14ms+2ms, total 48ms
I/PackageManager(  358):   Action: "android.intent.action.SENDTO"
I/PackageManager(  358):   Category: "android.intent.category.DEFAULT"
I/PackageManager(  358):   Scheme: "mms"
I/PackageManager(  358): Adding preferred activity ComponentInfo{com.android.mms/com.android.mms.ui.ComposeMessageActivity} for user 0 :
I/PackageManager(  358):   Action: "android.intent.action.SENDTO"
I/PackageManager(  358):   Category: "android.intent.category.DEFAULT"
I/PackageManager(  358):   Scheme: "mmsto"
I/PackageManager(  358): Adding preferred activity ComponentInfo{com.android.mms/com.android.mms.ui.ComposeMessageActivity} for user 0 :
D/dalvikvm(  358): GC_CONCURRENT freed 1311K, 57% free 5649K/12940K, paused 11ms+16ms, total 148ms
I/ActivityManager(  358): Start proc com.android.email for content provider com.android.email/.provider.EmailProvider: pid=920 uid=10024 gids={50024, 3003, 1028, 1015}
E/BluetoothAdapter(  608): Bluetooth binder is null
I/ActivityManager(  358): Start proc com.android.music for broadcast com.android.music/.MediaButtonIntentReceiver: pid=933 uid=10032 gids={50032, 3003, 1028, 1015}
I/dalvikvm(  933): CheckJNI enabled: not enabling JNI app bug workarounds.
D/ActivityThread(  920): Loading provider com.android.email.provider;com.android.email.notifier: com.android.email.provider.EmailProvider
D/ActivityThread(  920): Loading provider com.android.email.provider;com.android.email.notifier: com.android.email.provider.EmailProvider
E/logwrapper(  948): executing /system/bin/ip failed: No such file or directory
E/ConnectivityService(  358): Exception trying to add a route: java.lang.IllegalStateException: command '49 interface fwmark exempt add 10.0.2.2/32' failed with '400 49 Failed to add exemption rule (File exists)'
E/logwrapper(  949): executing /system/bin/ip failed: No such file or directory
E/ConnectivityService(  358): Exception trying to add a route: java.lang.IllegalStateException: command '51 interface fwmark exempt add 216.58.204.78/32' failed with '400 51 Failed to add exemption rule (File exists)'
D/ConnectivityService(  358): requestRouteToHostAddress ok=false
D/ConnectivityService(  358): [CheckMp] isMobileOk: could not establish route to hostAddr=clients3.google.com/216.58.204.78
W/RecognitionManagerService(  358): no available voice recognition services found for user 0
V/MediaScanner(  618): pruneDeadThumbnailFiles... android.database.sqlite.SQLiteCursor@b2d42658
V/MediaScanner(  618): /pruneDeadThumbnailFiles... android.database.sqlite.SQLiteCursor@b2d42658
D/dalvikvm(  920): GC_CONCURRENT freed 207K, 9% free 2885K/3164K, paused 5ms+2ms, total 43ms
I/ContactDirectoryManager(  549): deleted 0 stale rows which don't have any relevant directory
I/ContactDirectoryManager(  549): Discovered 0 contact directories in 8849ms
I/ContactsProvider(  549): Upgrading aggregation algorithm
I/ContactAggregator(  549): Marked all visible contacts for aggregation: 0 raw contacts, 15 ms
I/ContactsProvider(  549): Aggregation algorithm upgraded for 0 raw contacts in 33ms
I/ContactsFTS(  549): Rebuild contact search index in 214ms, 0 contacts
I/MediaFocusControl(  358):   Remote Control   registerMediaButtonIntent() for PendingIntent{b2f21718: PendingIntentRecord{b2fb8280 com.android.music broadcastIntent}}
E/BluetoothAdapter(  608): Bluetooth binder is null
D/dalvikvm(  549): GC_CONCURRENT freed 270K, 10% free 3091K/3428K, paused 3ms+52ms, total 153ms
I/ActivityManager(  358): Start proc com.android.calendar for broadcast com.android.calendar/.widget.CalendarAppWidgetService$CalendarFactory: pid=953 uid=10016 gids={50016, 3003}
W/ActivityManager(  358): Unable to start service Intent { cmp=com.android.email/.service.AttachmentDownloadService } U=0: not found
W/ActivityManager(  358): Unable to start service Intent { cmp=com.android.email/.service.AttachmentDownloadService } U=0: not found
W/ActivityManager(  358): Unable to start service Intent { cmp=com.android.email/.service.AttachmentDownloadService } U=0: not found
I/Email   (  920): Observing account changes for notifications
D/ExtensionsFactory(  953): No custom extensions.
I/ActivityManager(  358): Start proc com.android.deskclock for broadcast com.android.deskclock/.AlarmInitReceiver: pid=972 uid=10020 gids={50020, 1028}
I/ActivityManager(  358): Start proc com.android.providers.calendar for content provider com.android.providers.calendar/.CalendarProvider2: pid=979 uid=10001 gids={50001, 3003, 1028, 1015}
D/dalvikvm(   59): GC_EXPLICIT freed 40K, 4% free 2705K/2816K, paused 2ms+2ms, total 60ms
D/dalvikvm(   59): GC_EXPLICIT freed <1K, 4% free 2705K/2816K, paused 3ms+2ms, total 44ms
D/dalvikvm(   59): GC_EXPLICIT freed <1K, 4% free 2705K/2816K, paused 2ms+2ms, total 55ms
V/AlarmClock(  972): AlarmInitReceiver android.intent.action.TIMEZONE_CHANGED
I/CalendarDatabaseHelper(  979): Bootstrapping database
I/AlarmClock(  972): Alarms Table created
I/AlarmClock(  972): Instance table created
I/AlarmClock(  972): Cities table created
I/AlarmClock(  972): Inserting default alarms
I/AlarmClock(  972): Displaying next alarm time: ''
W/BackupManagerService(  358): dataChanged but no participant pkg='com.android.providers.settings' uid=10020
V/AlarmClock(  972): AlarmInitReceiver finished
E/BluetoothAdapter(  608): Bluetooth binder is null
I/CalendarProvider2(  979): Created com.android.providers.calendar.CalendarAlarmManager@b2d709b8(com.android.providers.calendar.CalendarProvider2@b2d5d090)
I/ActivityManager(  358): Start proc com.android.dialer for broadcast com.android.dialer/.calllog.CallLogReceiver: pid=999 uid=10004 gids={50004, 3003, 1028, 1015}
D/ConnectivityService(  358): [CheckMp] isMobileOk: too many loops tried - giving up
D/ConnectivityService(  358): [CheckMp] isMobileOk: X loops|timed out result=0
D/ConnectivityService(  358): [CheckMp] isMobileOk: F stop hipri
D/MobileDataStateTracker(  358): default: setEnableFailFastMobileData(enabled=0)
D/ConnectivityService(  358): stopUsingNetworkFeature: teardown net 0: enableHIPRI
D/MobileDataStateTracker(  358): hipri: Broadcast received: android.intent.action.ANY_DATA_STATE apnType=hipri
D/MobileDataStateTracker(  358): hipri: Received state=DISCONNECTED, old=CONNECTED, reason=dataDisabled
D/MobileDataStateTracker(  358): hipri: setDetailed state, old =CONNECTED and new state=DISCONNECTED
D/ConnectivityService(  358): ConnectivityChange for mobile_hipri: DISCONNECTED/DISCONNECTED
D/dalvikvm(  599): GC_CONCURRENT freed 461K, 15% free 3294K/3872K, paused 4ms+2ms, total 51ms
E/logwrapper( 1013): executing /system/bin/ip failed: No such file or directory
E/SecondaryTablController(   55): ip route del failed: /system/bin/ip route del 10.0.2.2/32 via 0.0.0.0 dev eth0 table 60
W/FrameworkListener(   55): Handler 'interface' error (No such device)
E/logwrapper( 1014): executing /system/bin/ip failed: No such file or directory
E/SecondaryTablController(   55): ip route del failed: /system/bin/ip route del 0.0.0.0/0 via 10.0.2.2 dev eth0 table 60
W/FrameworkListener(   55): Handler 'interface' error (No such device)
D/Nat464Xlat(  358): requiresClat: netType=5, hasIPv4Address=true
D/MobileDataStateTracker(  358): default: setPolicyDataEnable(enabled=true)
D/dalvikvm(  358): GC_CONCURRENT freed 505K, 56% free 5783K/12940K, paused 97ms+5ms, total 265ms
D/ExtensionsFactory(  999): No custom extensions.
I/ActivityManager(  358): Delay finish: com.android.dialer/.calllog.CallLogReceiver
I/CalendarProvider2(  979): Sending notification intent: Intent { act=android.intent.action.PROVIDER_CHANGED dat=content://com.android.calendar }
W/ContentResolver(  979): Failed to get type for: content://com.android.calendar (Unknown URL content://com.android.calendar)
I/ActivityManager(  358): Resuming delayed broadcast
E/BluetoothAdapter(  358): Bluetooth binder is null
E/BluetoothAdapter(  358): Bluetooth binder is null
V/WiredAccessoryManager(  358): init()
I/PowerManagerService(  358): Boot animation finished.
E/SoundPool(  358): error loading /system/media/audio/ui/Effect_Tick.ogg
W/AudioService(  358): Soundpool could not load file: /system/media/audio/ui/Effect_Tick.ogg
E/SoundPool(  358): error loading /system/media/audio/ui/Effect_Tick.ogg
W/AudioService(  358): Soundpool could not load file: /system/media/audio/ui/Effect_Tick.ogg
E/SoundPool(  358): error loading /system/media/audio/ui/Effect_Tick.ogg
W/AudioService(  358): Soundpool could not load file: /system/media/audio/ui/Effect_Tick.ogg
E/SoundPool(  358): error loading /system/media/audio/ui/Effect_Tick.ogg
W/AudioService(  358): Soundpool could not load file: /system/media/audio/ui/Effect_Tick.ogg
E/SoundPool(  358): error loading /system/media/audio/ui/Effect_Tick.ogg
W/AudioService(  358): Soundpool could not load file: /system/media/audio/ui/Effect_Tick.ogg
E/SoundPool(  358): error loading /system/media/audio/ui/KeypressStandard.ogg
W/AudioService(  358): Soundpool could not load file: /system/media/audio/ui/KeypressStandard.ogg
E/SoundPool(  358): error loading /system/media/audio/ui/KeypressSpacebar.ogg
W/AudioService(  358): Soundpool could not load file: /system/media/audio/ui/KeypressSpacebar.ogg
E/SoundPool(  358): error loading /system/media/audio/ui/KeypressDelete.ogg
W/AudioService(  358): Soundpool could not load file: /system/media/audio/ui/KeypressDelete.ogg
E/SoundPool(  358): error loading /system/media/audio/ui/KeypressReturn.ogg
E/NetdConnector(  358): NDC Command {59 bandwidth removeiquota eth0} took too long (919ms)
W/AudioService(  358): Soundpool could not load file: /system/media/audio/ui/KeypressReturn.ogg
E/SoundPool(  358): error loading /system/media/audio/ui/KeypressInvalid.ogg
W/AudioService(  358): Soundpool could not load file: /system/media/audio/ui/KeypressInvalid.ogg
W/AudioService(  358): onLoadSoundEffects(), Error -1 while loading samples
W/ProcessCpuTracker(  358): Skipping unknown process pid 1024
E/NetdConnector(  358): NDC Command {60 bandwidth gettetherstats} took too long (885ms)
I/RecoverySystem(  358): No recovery log file
I/BootReceiver(  358): Copying audit failures to DropBox
I/BootReceiver(  358): Checking for fsck errors
D/dalvikvm(  358): GC_CONCURRENT freed 773K, 56% free 5695K/12940K, paused 16ms+25ms, total 209ms
I/ActivityManager(  358): Delay finish: com.android.providers.media/.MediaScannerReceiver
I/ActivityManager(  358): Resuming delayed broadcast
I/ActivityManager(  358): Start proc com.android.mms for broadcast com.android.mms/.transaction.MmsSystemEventReceiver: pid=1050 uid=10009 gids={50009, 3003, 1028, 1015}
E/NetdConnector(  358): NDC Command {61 bandwidth setiquota eth0 9223372036854775807} took too long (1919ms)
D/Tethering(  358): MasterInitialState.processMessage what=3
D/CaptivePortalTracker(  358): NoActiveNetworkState{ when=0 what=1 obj=NetworkInfo: type: mobile_hipri[UMTS], state: DISCONNECTED/DISCONNECTED, reason: dataDisabled, extra: epc.tmobile.com, roaming: false, failover: false, isAvailable: true, isConnectedToProvisioningNetwork: false target=com.android.internal.util.StateMachine$SmHandler }
D/CaptivePortalTracker(  358): NoActiveNetworkState not a wifi connectivity change, ignore
D/MobileDataStateTracker(  358): default: setPolicyDataEnable(enabled=true)
D/Tethering(  358): MasterInitialState.processMessage what=3
D/CaptivePortalTracker(  358): NoActiveNetworkState{ when=-1ms what=1 obj=NetworkInfo: type: mobile[UMTS], state: CONNECTED/CONNECTED, reason: connected, extra: epc.tmobile.com, roaming: false, failover: false, isAvailable: true, isConnectedToProvisioningNetwork: false target=com.android.internal.util.StateMachine$SmHandler }
D/CaptivePortalTracker(  358): NoActiveNetworkState not a wifi connectivity change, ignore
D/CountryDetector(  358): The first listener is added
V/MmsConfig( 1050): mnc/mcc: 310260
V/MmsConfig( 1050): tag: bool value: enabledMMS - true
V/MmsConfig( 1050): tag: int value: maxMessageSize - 307200
V/MmsConfig( 1050): tag: int value: maxImageHeight - 480
V/MmsConfig( 1050): tag: int value: maxImageWidth - 640
V/MmsConfig( 1050): tag: int value: defaultSMSMessagesPerThread - 10000
V/MmsConfig( 1050): tag: int value: defaultMMSMessagesPerThread - 1000
V/MmsConfig( 1050): tag: int value: minMessageCountPerThread - 10
V/MmsConfig( 1050): tag: int value: maxMessageCountPerThread - 5000
V/MmsConfig( 1050): tag: string value: uaProfUrl - http://www.google.com/oha/rdf/ua-profile-kila.xml
V/MmsConfig( 1050): tag: int value: recipientLimit - -1
V/MmsConfig( 1050): tag: bool value: enableMultipartSMS - true
V/MmsConfig( 1050): tag: int value: smsToMmsTextThreshold - -1
V/MmsConfig( 1050): tag: bool value: enableSlideDuration - true
V/MmsConfig( 1050): tag: int value: maxMessageTextSize - -1
E/NetdConnector(  358): NDC Command {62 bandwidth removeiquota eth0} took too long (873ms)
I/MediaProvider(  618): Upgrading media database from version 0 to 700, which will destroy all old data
D/dalvikvm(  358): GC_CONCURRENT freed 644K, 57% free 5692K/12940K, paused 16ms+4ms, total 151ms
D/ConnectivityService(  358): [CheckMp] isMobileOk: X result=0
D/ConnectivityService(  358): [CheckMp] onPostExecute: result=0
D/ConnectivityService(  358): CheckMp.onComplete: result=0
D/ConnectivityService(  358): CheckMp.onComplete: ignore, connected or no connection
I/ActivityManager(  358): Delay finish: com.android.mms/.transaction.MmsSystemEventReceiver
D/Mms:app ( 1050): cancelNotification
E/NetdConnector(  358): NDC Command {63 bandwidth setiquota eth0 9223372036854775807} took too long (1467ms)
D/MobileDataStateTracker(  358): default: setPolicyDataEnable(enabled=true)
D/MobileDataStateTracker(  358): default: setPolicyDataEnable(enabled=true)
E/SQLiteLog(  618): (1) no such table: files
I/ActivityManager(  358): Resuming delayed broadcast
I/ActivityManager(  358): Delay finish: com.android.mms/.transaction.SmsReceiver
D/MmsSmsDatabaseHelper(  599): [MmsSmsDb] tableName: threads hasAutoIncrement: CREATE TABLE threads (_id INTEGER PRIMARY KEY AUTOINCREMENT,date INTEGER DEFAULT 0,message_count INTEGER DEFAULT 0,recipient_ids TEXT,snippet TEXT,snippet_cs INTEGER DEFAULT 0,read INTEGER DEFAULT 1,type INTEGER DEFAULT 0,error INTEGER DEFAULT 0,has_attachment INTEGER DEFAULT 0) result: true
D/MmsSmsDatabaseHelper(  599): [MmsSmsDb] tableName: canonical_addresses hasAutoIncrement: CREATE TABLE canonical_addresses (_id INTEGER PRIMARY KEY AUTOINCREMENT,address TEXT) result: true
D/MmsSmsDatabaseHelper(  599): [MmsSmsDb] tableName: part hasAutoIncrement: CREATE TABLE part (_id INTEGER PRIMARY KEY AUTOINCREMENT,mid INTEGER,seq INTEGER DEFAULT 0,ct TEXT,name TEXT,chset INTEGER,cd TEXT,fn TEXT,cid TEXT,cl TEXT,ctt_s INTEGER,ctt_t TEXT,_data TEXT,text TEXT) result: true
D/MmsSmsDatabaseHelper(  599): [MmsSmsDb] tableName: pdu hasAutoIncrement: CREATE TABLE pdu (_id INTEGER PRIMARY KEY AUTOINCREMENT,thread_id INTEGER,date INTEGER,date_sent INTEGER DEFAULT 0,msg_box INTEGER,read INTEGER DEFAULT 0,m_id TEXT,sub TEXT,sub_cs INTEGER,ct_t TEXT,ct_l TEXT,exp INTEGER,m_cls TEXT,m_type INTEGER,v INTEGER,m_size INTEGER,pri INTEGER,rr INTEGER,rpt_a INTEGER,resp_st INTEGER,st INTEGER,tr_id TEXT,retr_st INTEGER,retr_txt TEXT,retr_txt_cs INTEGER,read_status INTEGER,ct_cls INTEGER,resp_txt TEXT,d_tm INTEGER,d_rpt INTEGER,locked INTEGER DEFAULT 0,seen INTEGER DEFAULT 0,text_only INTEGER DEFAULT 0) result: true
D/MmsSmsDatabaseHelper(  599): [getWritableDatabase] hasAutoIncrementThreads: true hasAutoIncrementAddresses: true hasAutoIncrementPart: true hasAutoIncrementPdu: true
D/Mms:app ( 1050): cancelNotification
I/ActivityManager(  358): Resuming delayed broadcast
D/AlertReceiver(  953): onReceive: a=android.intent.action.BOOT_COMPLETED Intent { act=android.intent.action.BOOT_COMPLETED flg=0x8000010 cmp=com.android.calendar/.alerts.AlertReceiver (has extras) }
I/ActivityManager(  358): Delay finish: com.android.calendar/.alerts.AlertReceiver
D/AlertUtils(  953): Flushing old alerts from shared prefs table
D/AlertService(  953): 0 Action = android.intent.action.BOOT_COMPLETED
D/AlertService(  953): Scheduling next alarm with AlarmScheduler. sEventReminderReceived: null
D/dalvikvm(  953): GC_CONCURRENT freed 303K, 12% free 2814K/3192K, paused 4ms+32ms, total 95ms
E/WVMExtractor(   61): Failed to open libwvm.so
D/AlarmScheduler(  953): No events found starting within 1 week.
D/dalvikvm(  618): GC_CONCURRENT freed 245K, 10% free 3028K/3340K, paused 4ms+3ms, total 33ms
V/MediaScanner(  618): pruneDeadThumbnailFiles... android.database.sqlite.SQLiteCursor@b2d8fdf0
V/MediaScanner(  618): /pruneDeadThumbnailFiles... android.database.sqlite.SQLiteCursor@b2d8fdf0
I/ActivityManager(  358): Resuming delayed broadcast
V/AlarmClock(  972): AlarmInitReceiver android.intent.action.BOOT_COMPLETED
E/MetadataRetrieverClient(   61): failed to extract an album art
V/AlarmClock(  972): AlarmInitReceiver - Reset timers and clear stopwatch data
V/AlarmClock(  972): AlarmInitReceiver - resetting volume button default
I/AlarmClock(  972): Displaying next alarm time: ''
V/AlarmClock(  972): AlarmInitReceiver finished
I/ActivityManager(  358): Delay finish: com.android.email/.service.EmailUpgradeBroadcastReceiver
D/dalvikvm(  972): GC_CONCURRENT freed 376K, 14% free 2818K/3268K, paused 5ms+12ms, total 143ms
I/ActivityManager(  358): Resuming delayed broadcast
I/ActivityManager(  358): Delay finish: com.android.email/.service.EmailBroadcastReceiver
I/Email   (  920): Onetime initialization: 1
I/Email   (  920): Onetime initialization: 2
I/Email   (  920): Onetime initialization: completed.
I/ActivityManager(  358): Delaying start of: ServiceRecord{b2fa9f58 u0 com.android.exchange/.service.EmailSyncAdapterService}
I/LauncherIconVisibilityManager(  586): Boot has been completed
I/ActivityManager(  358): Resuming delayed broadcast
I/LauncherIconVisibilityManager(  586): Disable activity: ComponentInfo{com.android.inputmethod.latin/com.android.inputmethod.latin.setup.SetupActivity}
I/InputReader(  358): Reconfiguring input devices.  changes=0x00000010
I/InputReader(  358): Reconfiguring input devices.  changes=0x00000010
I/InputReader(  358): Reconfiguring input devices.  changes=0x00000010
I/PackageManager(  358):   Action: "android.intent.action.SENDTO"
I/PackageManager(  358):   Category: "android.intent.category.DEFAULT"
I/PackageManager(  358):   Scheme: "sms"
I/PackageManager(  358): Adding preferred activity ComponentInfo{com.android.mms/com.android.mms.ui.ComposeMessageActivity} for user 0 :
D/dalvikvm(  358): GC_CONCURRENT freed 659K, 56% free 5785K/12940K, paused 7ms+6ms, total 152ms
D/dalvikvm(  358): WAIT_FOR_CONCURRENT_GC blocked 17ms
I/PackageManager(  358):   Action: "android.intent.action.SENDTO"
I/PackageManager(  358):   Category: "android.intent.category.DEFAULT"
I/PackageManager(  358):   Scheme: "smsto"
I/PackageManager(  358): Adding preferred activity ComponentInfo{com.android.mms/com.android.mms.ui.ComposeMessageActivity} for user 0 :
D/dalvikvm(  358): WAIT_FOR_CONCURRENT_GC blocked 23ms
I/PackageManager(  358):   Action: "android.intent.action.SENDTO"
I/PackageManager(  358):   Category: "android.intent.category.DEFAULT"
I/PackageManager(  358): Adding preferred activity ComponentInfo{com.android.mms/com.android.mms.ui.ComposeMessageActivity} for user 0 :
I/PackageManager(  358):   Scheme: "mms"
I/PackageManager(  358):   Action: "android.intent.action.SENDTO"
I/PackageManager(  358):   Category: "android.intent.category.DEFAULT"
I/PackageManager(  358):   Scheme: "mmsto"
I/PackageManager(  358): Adding preferred activity ComponentInfo{com.android.mms/com.android.mms.ui.ComposeMessageActivity} for user 0 :
I/PackageManager(  358):   Action: "android.intent.action.SENDTO"
I/PackageManager(  358):   Category: "android.intent.category.DEFAULT"
I/PackageManager(  358):   Scheme: "sms"
I/PackageManager(  358): Adding preferred activity ComponentInfo{com.android.mms/com.android.mms.ui.ComposeMessageActivity} for user 0 :
D/dalvikvm(  599): GC_CONCURRENT freed 326K, 13% free 3401K/3868K, paused 24ms+2ms, total 104ms
I/PackageManager(  358):   Action: "android.intent.action.SENDTO"
I/PackageManager(  358):   Category: "android.intent.category.DEFAULT"
I/PackageManager(  358):   Scheme: "smsto"
I/PackageManager(  358): Adding preferred activity ComponentInfo{com.android.mms/com.android.mms.ui.ComposeMessageActivity} for user 0 :
I/PackageManager(  358):   Action: "android.intent.action.SENDTO"
I/PackageManager(  358):   Category: "android.intent.category.DEFAULT"
I/PackageManager(  358):   Scheme: "mms"
I/PackageManager(  358): Adding preferred activity ComponentInfo{com.android.mms/com.android.mms.ui.ComposeMessageActivity} for user 0 :
I/PackageManager(  358):   Action: "android.intent.action.SENDTO"
I/PackageManager(  358):   Category: "android.intent.category.DEFAULT"
I/PackageManager(  358):   Scheme: "mmsto"
I/PackageManager(  358): Adding preferred activity ComponentInfo{com.android.mms/com.android.mms.ui.ComposeMessageActivity} for user 0 :
I/PackageManager(  358):   Action: "android.intent.action.SENDTO"
I/PackageManager(  358):   Category: "android.intent.category.DEFAULT"
I/PackageManager(  358):   Scheme: "sms"
I/PackageManager(  358): Adding preferred activity ComponentInfo{com.android.mms/com.android.mms.ui.ComposeMessageActivity} for user 0 :
D/dalvikvm(  358): GC_CONCURRENT freed 785K, 55% free 5840K/12940K, paused 28ms+5ms, total 175ms
D/dalvikvm(  358): WAIT_FOR_CONCURRENT_GC blocked 10ms
I/PackageManager(  358):   Action: "android.intent.action.SENDTO"
I/PackageManager(  358):   Category: "android.intent.category.DEFAULT"
I/PackageManager(  358):   Scheme: "smsto"
I/PackageManager(  358): Adding preferred activity ComponentInfo{com.android.mms/com.android.mms.ui.ComposeMessageActivity} for user 0 :
I/PackageManager(  358):   Action: "android.intent.action.SENDTO"
I/PackageManager(  358):   Category: "android.intent.category.DEFAULT"
I/PackageManager(  358):   Scheme: "mms"
I/PackageManager(  358): Adding preferred activity ComponentInfo{com.android.mms/com.android.mms.ui.ComposeMessageActivity} for user 0 :
D/dalvikvm(  599): GC_CONCURRENT freed 495K, 15% free 3361K/3948K, paused 9ms+2ms, total 61ms
I/PackageManager(  358):   Action: "android.intent.action.SENDTO"
I/PackageManager(  358):   Category: "android.intent.category.DEFAULT"
I/PackageManager(  358):   Scheme: "mmsto"
I/PackageManager(  358): Adding preferred activity ComponentInfo{com.android.mms/com.android.mms.ui.ComposeMessageActivity} for user 0 :
I/PackageManager(  358):   Action: "android.intent.action.SENDTO"
I/PackageManager(  358):   Category: "android.intent.category.DEFAULT"
I/PackageManager(  358):   Scheme: "sms"
I/PackageManager(  358): Adding preferred activity ComponentInfo{com.android.mms/com.android.mms.ui.ComposeMessageActivity} for user 0 :
I/PackageManager(  358):   Action: "android.intent.action.SENDTO"
I/PackageManager(  358):   Category: "android.intent.category.DEFAULT"
I/PackageManager(  358):   Scheme: "smsto"
I/PackageManager(  358): Adding preferred activity ComponentInfo{com.android.mms/com.android.mms.ui.ComposeMessageActivity} for user 0 :
I/PackageManager(  358):   Action: "android.intent.action.SENDTO"
I/PackageManager(  358):   Category: "android.intent.category.DEFAULT"
I/PackageManager(  358):   Scheme: "mms"
I/PackageManager(  358): Adding preferred activity ComponentInfo{com.android.mms/com.android.mms.ui.ComposeMessageActivity} for user 0 :
I/PackageManager(  358):   Action: "android.intent.action.SENDTO"
I/PackageManager(  358):   Category: "android.intent.category.DEFAULT"
I/PackageManager(  358):   Scheme: "mmsto"
I/PackageManager(  358): Adding preferred activity ComponentInfo{com.android.mms/com.android.mms.ui.ComposeMessageActivity} for user 0 :
D/dalvikvm(  599): GC_CONCURRENT freed 502K, 17% free 3308K/3948K, paused 2ms+3ms, total 82ms
I/PackageManager(  358):   Action: "android.intent.action.SENDTO"
I/PackageManager(  358):   Category: "android.intent.category.DEFAULT"
I/PackageManager(  358):   Scheme: "sms"
I/PackageManager(  358): Adding preferred activity ComponentInfo{com.android.mms/com.android.mms.ui.ComposeMessageActivity} for user 0 :
D/dalvikvm(  358): GC_CONCURRENT freed 806K, 56% free 5821K/12940K, paused 26ms+5ms, total 199ms
D/dalvikvm(  358): WAIT_FOR_CONCURRENT_GC blocked 15ms
I/PackageManager(  358):   Action: "android.intent.action.SENDTO"
I/PackageManager(  358):   Category: "android.intent.category.DEFAULT"
I/PackageManager(  358):   Scheme: "smsto"
I/PackageManager(  358): Adding preferred activity ComponentInfo{com.android.mms/com.android.mms.ui.ComposeMessageActivity} for user 0 :
I/PackageManager(  358):   Action: "android.intent.action.SENDTO"
I/PackageManager(  358):   Category: "android.intent.category.DEFAULT"
I/PackageManager(  358):   Scheme: "mms"
I/PackageManager(  358): Adding preferred activity ComponentInfo{com.android.mms/com.android.mms.ui.ComposeMessageActivity} for user 0 :
I/PackageManager(  358):   Action: "android.intent.action.SENDTO"
I/PackageManager(  358):   Category: "android.intent.category.DEFAULT"
I/PackageManager(  358):   Scheme: "mmsto"
I/PackageManager(  358): Adding preferred activity ComponentInfo{com.android.mms/com.android.mms.ui.ComposeMessageActivity} for user 0 :
I/PackageManager(  358):   Action: "android.intent.action.SENDTO"
I/PackageManager(  358):   Category: "android.intent.category.DEFAULT"
I/PackageManager(  358):   Scheme: "sms"
I/PackageManager(  358): Adding preferred activity ComponentInfo{com.android.mms/com.android.mms.ui.ComposeMessageActivity} for user 0 :
E/BluetoothAdapter(  608): Bluetooth binder is null
I/PackageManager(  358):   Action: "android.intent.action.SENDTO"
I/PackageManager(  358):   Category: "android.intent.category.DEFAULT"
I/PackageManager(  358):   Scheme: "smsto"
I/PackageManager(  358): Adding preferred activity ComponentInfo{com.android.mms/com.android.mms.ui.ComposeMessageActivity} for user 0 :
I/ActivityManager(  358): Delay finish: com.android.settings/.widget.SettingsAppWidgetProvider
D/dalvikvm(  599): GC_CONCURRENT freed 308K, 15% free 3388K/3948K, paused 22ms+13ms, total 67ms
I/PackageManager(  358):   Action: "android.intent.action.SENDTO"
I/PackageManager(  358):   Category: "android.intent.category.DEFAULT"
I/PackageManager(  358):   Scheme: "mms"
I/PackageManager(  358): Adding preferred activity ComponentInfo{com.android.mms/com.android.mms.ui.ComposeMessageActivity} for user 0 :
I/PackageManager(  358):   Action: "android.intent.action.SENDTO"
I/PackageManager(  358):   Category: "android.intent.category.DEFAULT"
I/PackageManager(  358):   Scheme: "mmsto"
I/PackageManager(  358): Adding preferred activity ComponentInfo{com.android.mms/com.android.mms.ui.ComposeMessageActivity} for user 0 :
D/dalvikvm(  358): GC_CONCURRENT freed 809K, 56% free 5759K/12940K, paused 6ms+5ms, total 98ms
I/ActivityManager(  358): Resuming delayed broadcast
W/BroadcastQueue(  358): Permission Denial: broadcasting Intent { act=android.appwidget.action.APPWIDGET_UPDATE_OPTIONS flg=0x10 cmp=com.android.settings/.widget.SettingsAppWidgetProvider (has extras) } from android (pid=669, uid=10008) is not exported from uid 1000 due to receiver com.android.settings/.widget.SettingsAppWidgetProvider
D/dalvikvm( 1050): GC_CONCURRENT freed 229K, 10% free 2877K/3180K, paused 3ms+12ms, total 271ms
I/ActivityManager(  358): Delay finish: com.android.providers.contacts/.PackageIntentReceiver
E/StrictMode( 1050): A resource was acquired at attached stack trace but never released. See java.io.Closeable for information on avoiding resource leaks.
E/StrictMode( 1050): java.lang.Throwable: Explicit termination method 'release' not called
E/StrictMode( 1050): 	at dalvik.system.CloseGuard.open(CloseGuard.java:184)
E/StrictMode( 1050): 	at android.drm.DrmManagerClient.<init>(DrmManagerClient.java:258)
E/StrictMode( 1050): 	at com.google.android.mms.pdu.PduPersister.<init>(PduPersister.java:288)
E/StrictMode( 1050): 	at com.google.android.mms.pdu.PduPersister.getPduPersister(PduPersister.java:296)
E/StrictMode( 1050): 	at com.android.mms.transaction.TransactionService.onNewIntent(TransactionService.java:224)
E/StrictMode( 1050): 	at com.android.mms.transaction.TransactionService$ServiceHandler.handleMessage(TransactionService.java:621)
E/StrictMode( 1050): 	at android.os.Handler.dispatchMessage(Handler.java:102)
E/StrictMode( 1050): 	at android.os.Looper.loop(Looper.java:136)
E/StrictMode( 1050): 	at android.os.HandlerThread.run(HandlerThread.java:61)
I/ActivityManager(  358): Resuming delayed broadcast
I/ActivityManager(  358): Start proc com.svox.pico for broadcast com.svox.pico/.VoiceDataInstallerReceiver: pid=1129 uid=10037 gids={50037, 1028, 1015}
D/AlertReceiver(  953): onReceive: a=android.intent.action.PROVIDER_CHANGED Intent { act=android.intent.action.PROVIDER_CHANGED dat=content://com.android.calendar flg=0x10 cmp=com.android.calendar/.alerts.AlertReceiver }
I/ActivityManager(  358): Delay finish: com.android.calendar/.alerts.AlertReceiver
D/AlertService(  953): 0 Action = android.intent.action.PROVIDER_CHANGED
I/ActivityManager(  358): Waited long enough for: ServiceRecord{b36592e0 u0 com.android.music/.MediaPlaybackService}
I/ActivityManager(  358): Resuming delayed broadcast
E/BluetoothAdapter(  608): Bluetooth binder is null
I/ActivityManager(  358): Delay finish: com.android.calendar/.widget.CalendarAppWidgetProvider
I/ActivityManager(  358): Resuming delayed broadcast
V/SmsReceiverService( 1050): onStart: #1 mResultCode: -1 = Activity.RESULT_OK
I/ActivityManager(  358): Delay finish: com.android.mms/.transaction.SmsReceiver
I/ActivityManager(  358): Resuming delayed broadcast
D/MobileDataStateTracker(  358): default: setPolicyDataEnable(enabled=true)
I/ActivityManager(  358): Delay finish: com.android.providers.calendar/.CalendarProviderBroadcastReceiver
D/dalvikvm(  979): GC_CONCURRENT freed 223K, 10% free 2893K/3188K, paused 13ms+2ms, total 72ms
I/ActivityManager(  358): Resuming delayed broadcast
D/ConnectivityService(  358): Sampling interval elapsed, updating statistics ..
D/ConnectivityService(  358): Done.
D/ConnectivityService(  358): Setting timer for 720seconds
I/GlobalDismissManager(  953): no sender configured
D/AlertService(  953): Beginning updateAlertNotification
D/AlertService(  953): No fired or scheduled alerts
D/AlertService(  953): Scheduling next alarm with AlarmScheduler. sEventReminderReceived: null
D/AlarmScheduler(  953): No events found starting within 1 week.
D/AndroidRuntime( 1154): 
D/AndroidRuntime( 1154): >>>>>> AndroidRuntime START com.android.internal.os.RuntimeInit <<<<<<
D/AndroidRuntime( 1154): CheckJNI is ON
D/dalvikvm( 1154): Trying to load lib libjavacore.so 0x0
D/dalvikvm( 1154): Added shared lib libjavacore.so 0x0
D/dalvikvm( 1154): Trying to load lib libnativehelper.so 0x0
D/dalvikvm( 1154): Added shared lib libnativehelper.so 0x0
D/dalvikvm( 1154): No JNI_OnLoad found in libnativehelper.so 0x0, skipping init
D/dalvikvm( 1154): Note: class Landroid/app/ActivityManagerNative; has 179 unimplemented (abstract) methods
E/memtrack( 1154): Couldn't load memtrack module (No such file or directory)
E/android.os.Debug( 1154): failed to load memtrack module: -2
D/AndroidRuntime( 1154): Calling main entry com.android.commands.am.Am
I/ActivityManager(  358): START u0 {act=android.intent.action.MAIN cat=[android.intent.category.LAUNCHER] flg=0x10000000 cmp=com.Whatscan.forWhatstab/.Online} from pid 1154
D/gralloc (   58): Registering a buffer in the process that created it. This may cause memory ordering problems.
E/libEGL  (   58): called unimplemented OpenGL ES API
E/libEGL  (   58): called unimplemented OpenGL ES API
E/libEGL  (   58): called unimplemented OpenGL ES API
E/libEGL  (   58): called unimplemented OpenGL ES API
E/SurfaceFlinger(   58): glCheckFramebufferStatusOES error -1277718597
E/SurfaceFlinger(   58): got GL_FRAMEBUFFER_COMPLETE_OES error while taking screenshot
E/libEGL  (   58): called unimplemented OpenGL ES API
E/libEGL  (   58): called unimplemented OpenGL ES API
W/WindowManager(  358): Screenshot failure taking screenshot for (164x295) to layer 21005
I/ActivityManager(  358): Start proc com.Whatscan.forWhatstab for activity com.Whatscan.forWhatstab/.Online: pid=1164 uid=10052 gids={50052, 3003, 1028, 1015}
I/Choreographer(  358): Skipped 50 frames!  The application may be doing too much work on its main thread.
V/WebViewChromiumFactoryProvider( 1164): Binding Chromium to main looper Looper (main, tid 1) {b2d43de8}
I/LibraryLoader( 1164): Expected native library version number "",actual native library version number ""
I/chromium( 1164): [INFO:library_loader_hooks.cc(116)] Chromium logging enabled: level = 0, default verbosity = 0
I/BrowserStartupController( 1164): Initializing chromium process, renderers=0
E/AudioManagerAndroid( 1164): BLUETOOTH permission is missing!
E/chromium( 1164): [ERROR:gl_surface_egl.cc(169)] No suitable EGL configs found.
E/chromium( 1164): [ERROR:gl_surface_egl.cc(702)] GLSurfaceEGL::InitializeOneOff failed.
E/chromium( 1164): [ERROR:gl_surface_egl.cc(169)] No suitable EGL configs found.
E/chromium( 1164): [ERROR:gl_surface_egl.cc(702)] GLSurfaceEGL::InitializeOneOff failed.
E/chromium( 1164): [ERROR:gpu_info_collector.cc(86)] gfx::GLSurface::InitializeOneOff() failed
W/chromium( 1164): [WARNING:mailbox_synchronizer.cc(36)] MailboxSync not supported due to missing EGL image/fence support
E/chromium( 1164): [ERROR:gl_surface_egl.cc(169)] No suitable EGL configs found.
E/chromium( 1164): [ERROR:gl_surface_egl.cc(702)] GLSurfaceEGL::InitializeOneOff failed.
W/chromium( 1164): [WARNING:proxy_service.cc(890)] PAC support disabled because there is no system implementation
D/dalvikvm( 1164): GC_CONCURRENT freed 82K, 5% free 3131K/3284K, paused 8ms+14ms, total 141ms
W/dalvikvm( 1164): VFY: unable to find class referenced in signature (Landroid/support/v4/app/Fragment;)
W/dalvikvm( 1164): VFY: unable to find class referenced in signature (Landroid/support/v4/app/Fragment;)
W/dalvikvm( 1164): VFY: unable to find class referenced in signature (Landroid/support/v4/app/Fragment;)
W/dalvikvm( 1164): VFY: unable to find class referenced in signature (Landroid/support/v4/app/Fragment;)
W/dalvikvm( 1164): VFY: unable to find class referenced in signature (Landroid/support/v4/app/Fragment;)
E/dalvikvm( 1164): Could not find class 'android.support.v4.app.FragmentActivity', referenced from method com.google.android.gms.common.GooglePlayServicesUtil.b
W/dalvikvm( 1164): VFY: unable to resolve instanceof 135 (Landroid/support/v4/app/FragmentActivity;) in Lcom/google/android/gms/common/GooglePlayServicesUtil;
D/dalvikvm( 1164): VFY: replacing opcode 0x20 at 0x0008
E/dalvikvm( 1164): Could not find class 'android.support.v4.app.FragmentActivity', referenced from method com.google.android.gms.common.GooglePlayServicesUtil.b
W/dalvikvm( 1164): VFY: unable to resolve check-cast 135 (Landroid/support/v4/app/FragmentActivity;) in Lcom/google/android/gms/common/GooglePlayServicesUtil;
D/dalvikvm( 1164): VFY: replacing opcode 0x1f at 0x000c
W/dalvikvm( 1164): VFY: unable to find class referenced in signature (Landroid/support/v4/app/Fragment;)
W/dalvikvm( 1164): VFY: unable to find class referenced in signature (Landroid/support/v4/app/Fragment;)
W/GooglePlayServicesUtil( 1164): Google Play services is missing.
I/Ads     ( 1164): Starting ad request.
I/Ads     ( 1164): Use AdRequest.Builder.addTestDevice("B3EEABB8EE11C2BE770B684D95219ECB") to get test ads on this device.
I/Ads     ( 1164): Please set theme of AdActivity to @android:style/Theme.Translucent to enable transparent background interstitial ad.
D/dalvikvm( 1164): GC_CONCURRENT freed 225K, 9% free 3323K/3620K, paused 3ms+3ms, total 72ms
W/GooglePlayServicesUtil( 1164): Google Play services is missing.
I/Ads     ( 1164): Starting ad request.
I/Ads     ( 1164): Use AdRequest.Builder.addTestDevice("B3EEABB8EE11C2BE770B684D95219ECB") to get test ads on this device.
I/Ads     ( 1164): Please set theme of AdActivity to @android:style/Theme.Translucent to enable transparent background interstitial ad.
W/Ads     ( 1164): Not enough space to show ad. Needs 480x90 dp, but only has 480x50 dp.
I/Choreographer( 1164): Skipped 35 frames!  The application may be doing too much work on its main thread.
D/gralloc_goldfish( 1164): Emulator without GPU emulation detected.
W/AwContents( 1164): nativeOnDraw failed; clearing to background color.
I/ActivityManager(  358): Displayed com.Whatscan.forWhatstab/.Online: +3s164ms
D/AndroidRuntime( 1154): Shutting down VM
D/dalvikvm( 1154): GC_CONCURRENT freed 97K, 15% free 589K/692K, paused 2ms+2ms, total 23ms
W/Ads     ( 1164): Not enough space to show ad. Needs 480x90 dp, but only has 480x50 dp.
I/Choreographer( 1164): Skipped 84 frames!  The application may be doing too much work on its main thread.
D/dalvikvm( 1164): DexOpt: --- BEGIN 'ads-799367985.jar' (bootstrap=0) ---
I/ActivityManager(  358): Waited long enough for: ServiceRecord{b3581510 u0 com.android.calendar/.alerts.InitAlarmsService}
W/AwContents( 1164): nativeOnDraw failed; clearing to background color.
W/AwContents( 1164): nativeOnDraw failed; clearing to background color.
W/AwContents( 1164): nativeOnDraw failed; clearing to background color.
W/AwContents( 1164): nativeOnDraw failed; clearing to background color.
W/AwContents( 1164): nativeOnDraw failed; clearing to background color.
W/AwContents( 1164): nativeOnDraw failed; clearing to background color.
W/AwContents( 1164): nativeOnDraw failed; clearing to background color.
W/AwContents( 1164): nativeOnDraw failed; clearing to background color.
W/chromium( 1164): [WARNING:simple_index_file.cc(338)] Could not map Simple Index file.
I/chromium( 1164): [INFO:simple_index_file.cc(437)] Simple Cache Index is being restored from disk.
D/dalvikvm( 1164): GC_CONCURRENT freed 230K, 8% free 3500K/3804K, paused 4ms+4ms, total 35ms
D/dalvikvm( 1201): DexOpt: load 24ms, verify+opt 49ms, 161236 bytes
D/dalvikvm( 1164): DexOpt: --- END 'ads-799367985.jar' (success) ---
D/dalvikvm( 1164): DEX prep '/data/data/com.Whatscan.forWhatstab/cache/ads-799367985.jar': unzip in 1ms, rewrite 1639ms
I/chromium( 1164): [INFO:CONSOLE(0)] "Unrecognized Content-Security-Policy directive 'child-src'.
I/chromium( 1164): ", source: https://web.whatsapp.com/%F0%9F%8C%90/en (0)
V/AlarmClock(  972): AlarmInitReceiver android.intent.action.TIME_SET
I/Choreographer( 1164): Skipped 76 frames!  The application may be doing too much work on its main thread.
D/dalvikvm( 1164): GC_CONCURRENT freed 349K, 11% free 3539K/3960K, paused 292ms+2ms, total 322ms
D/        (  358): Setting time of day to sec=1530183884
D/dalvikvm(  358): GC_CONCURRENT freed 526K, 55% free 5874K/12940K, paused 76ms+9ms, total 316ms
I/AlarmClock(  972): Displaying next alarm time: ''
V/AlarmClock(  972): AlarmInitReceiver finished
I/Choreographer( 1164): Skipped 40 frames!  The application may be doing too much work on its main thread.
D/InitAlarmsService(  953): Clearing and rescheduling alarms.
D/AndroidRuntime( 1214): 
D/AndroidRuntime( 1214): >>>>>> AndroidRuntime START com.android.internal.os.RuntimeInit <<<<<<
D/AndroidRuntime( 1214): CheckJNI is ON
D/dalvikvm( 1214): Trying to load lib libjavacore.so 0x0
D/dalvikvm( 1214): Added shared lib libjavacore.so 0x0
D/dalvikvm( 1214): Trying to load lib libnativehelper.so 0x0
D/dalvikvm( 1214): Added shared lib libnativehelper.so 0x0
D/dalvikvm( 1214): No JNI_OnLoad found in libnativehelper.so 0x0, skipping init
D/dalvikvm( 1214): Note: class Landroid/app/ActivityManagerNative; has 179 unimplemented (abstract) methods
E/memtrack( 1214): Couldn't load memtrack module (No such file or directory)
E/android.os.Debug( 1214): failed to load memtrack module: -2
D/AndroidRuntime( 1214): Calling main entry com.android.commands.am.Am
D/AndroidRuntime( 1214): Shutting down VM
D/dalvikvm( 1214): GC_CONCURRENT freed 97K, 15% free 587K/688K, paused 2ms+12ms, total 23ms
I/Choreographer( 1164): Skipped 62 frames!  The application may be doing too much work on its main thread.
I/Choreographer( 1164): Skipped 36 frames!  The application may be doing too much work on its main thread.
I/Choreographer( 1164): Skipped 35 frames!  The application may be doing too much work on its main thread.
I/Choreographer( 1164): Skipped 42 frames!  The application may be doing too much work on its main thread.
I/Choreographer( 1164): Skipped 43 frames!  The application may be doing too much work on its main thread.
I/Choreographer( 1164): Skipped 52 frames!  The application may be doing too much work on its main thread.
I/Choreographer( 1164): Skipped 62 frames!  The application may be doing too much work on its main thread.
I/Choreographer( 1164): Skipped 90 frames!  The application may be doing too much work on its main thread.
I/Choreographer( 1164): Skipped 92 frames!  The application may be doing too much work on its main thread.
I/Choreographer( 1164): Skipped 122 frames!  The application may be doing too much work on its main thread.
I/Choreographer( 1164): Skipped 143 frames!  The application may be doing too much work on its main thread.
I/Choreographer( 1164): Skipped 198 frames!  The application may be doing too much work on its main thread.
I/Choreographer( 1164): Skipped 242 frames!  The application may be doing too much work on its main thread.
I/Choreographer( 1164): Skipped 280 frames!  The application may be doing too much work on its main thread.
I/Choreographer( 1164): Skipped 569 frames!  The application may be doing too much work on its main thread.
D/AndroidRuntime( 1227): 
D/AndroidRuntime( 1227): >>>>>> AndroidRuntime START com.android.internal.os.RuntimeInit <<<<<<
D/AndroidRuntime( 1227): CheckJNI is ON
D/dalvikvm( 1227): Trying to load lib libjavacore.so 0x0
D/dalvikvm( 1227): Added shared lib libjavacore.so 0x0
D/dalvikvm( 1227): Trying to load lib libnativehelper.so 0x0
D/dalvikvm( 1227): Added shared lib libnativehelper.so 0x0
D/dalvikvm( 1227): No JNI_OnLoad found in libnativehelper.so 0x0, skipping init
D/dalvikvm( 1227): Note: class Landroid/app/ActivityManagerNative; has 179 unimplemented (abstract) methods
E/memtrack( 1227): Couldn't load memtrack module (No such file or directory)
E/android.os.Debug( 1227): failed to load memtrack module: -2
D/AndroidRuntime( 1227): Calling main entry com.android.commands.am.Am
I/ActivityManager(  358): START u0 {act=android.intent.action.MAIN cat=[android.intent.category.LAUNCHER] flg=0x10000000 cmp=com.Whatscan.forWhatstab/com.google.android.gms.ads.AdActivity} from pid 1227
I/Choreographer( 1164): Skipped 544 frames!  The application may be doing too much work on its main thread.
I/Choreographer( 1164): Skipped 33 frames!  The application may be doing too much work on its main thread.
W/Ads     ( 1164): Ad overlay requires the useClientJar flag in intent extras.
W/Ads     ( 1164): Could not create ad overlay.
W/InputMethodManagerService(  358): Window already focused, ignoring focus gain of: com.android.internal.view.IInputMethodClient$Stub$Proxy@b351d9f8 attribute=null, token = android.os.BinderProxy@b30b0ee8
I/Choreographer( 1164): Skipped 54 frames!  The application may be doing too much work on its main thread.
I/MediaFocusControl(  358):  AudioFocus  abandonAudioFocus() from android.media.AudioManager@b2d52450com.android.music.MediaPlaybackService$3@b2d512d0
I/Choreographer( 1164): Skipped 48 frames!  The application may be doing too much work on its main thread.
I/chromium( 1164): [INFO:CONSOLE(19)] "Uncaught ReferenceError: Set is not defined", source: https://web.whatsapp.com/vendor1.798c10131204a6dd5a60.js (19)
D/dalvikvm( 1164): GC_CONCURRENT freed 414K, 12% free 3589K/4048K, paused 170ms+2ms, total 405ms
W/Ads     ( 1164): Invalid admob request error: [Current version of AdMob SDK is deprecated.Please update your SDK to the most recent SDK version to get the latest features and bug fixes. The latest SDK can be downloaded from http://goo.gl/r2TRzC .]
W/Ads     ( 1164): There was a problem getting an ad response. ErrorCode: 1
W/Ads     ( 1164): Failed to load ad: 1
I/Choreographer( 1164): Skipped 61 frames!  The application may be doing too much work on its main thread.
W/Ads     ( 1164): Timed out waiting for ad response.
W/Ads     ( 1164): Failed to load ad: 2
W/Ads     ( 1164): Invalid admob request error: [Current version of AdMob SDK is deprecated.Please update your SDK to the most recent SDK version to get the latest features and bug fixes. The latest SDK can be downloaded from http://goo.gl/r2TRzC .]
W/Ads     ( 1164): Ad request service was interrupted.
I/Ads     ( 1164): Received log message: <Google:HTML> You are using version 5089000.5089000.0 of the AdMob SDK which is non-compliant with the Google Play Ad Policy (http://goo.gl/r2TRzC). Please consider updating your SDK to the most  recent SDK version to get the latest features and bug fixes. See http://goo.gl/r2TRzC for instructions on how to get the latest version of Google Play services.
I/Choreographer( 1164): Skipped 63 frames!  The application may be doing too much work on its main thread.
D/dalvikvm(  599): GC_CONCURRENT freed 453K, 15% free 3322K/3868K, paused 4ms+3ms, total 120ms
I/Choreographer( 1164): Skipped 115 frames!  The application may be doing too much work on its main thread.
I/Choreographer( 1164): Skipped 138 frames!  The application may be doing too much work on its main thread.
I/Choreographer( 1164): Skipped 30 frames!  The application may be doing too much work on its main thread.
