I/PackageManager(  358): /system/app/LatinIME.apk changed; collecting certs
D/dalvikvm(  358): GC_CONCURRENT freed 491K, 69% free 4128K/12944K, paused 5ms+3ms, total 47ms
D/dalvikvm(  358): WAIT_FOR_CONCURRENT_GC blocked 32ms
D/dalvikvm(  358): GC_FOR_ALLOC freed 335K, 68% free 4248K/12944K, paused 30ms, total 30ms
D/dalvikvm(  358): GC_CONCURRENT freed 264K, 66% free 4449K/12944K, paused 4ms+14ms, total 75ms
D/dalvikvm(  358): GC_CONCURRENT freed 271K, 65% free 4658K/12944K, paused 5ms+5ms, total 81ms
D/dalvikvm(  358): GC_CONCURRENT freed 327K, 63% free 4843K/12944K, paused 6ms+5ms, total 106ms
D/dalvikvm(  358): WAIT_FOR_CONCURRENT_GC blocked 12ms
I/PackageManager(  358): /system/app/LegacyCamera.apk changed; collecting certs
D/dalvikvm(  358): GC_CONCURRENT freed 410K, 62% free 4969K/12944K, paused 5ms+10ms, total 83ms
D/dalvikvm(  358): WAIT_FOR_CONCURRENT_GC blocked 19ms
D/dalvikvm(  358): GC_CONCURRENT freed 1341K, 68% free 4159K/12944K, paused 9ms+3ms, total 45ms
D/dalvikvm(  358): WAIT_FOR_CONCURRENT_GC blocked 36ms
D/dalvikvm(  358): GC_CONCURRENT freed 457K, 68% free 4214K/12944K, paused 5ms+3ms, total 38ms
D/dalvikvm(  358): WAIT_FOR_CONCURRENT_GC blocked 26ms
D/dalvikvm(  358): GC_CONCURRENT freed 145K, 65% free 4595K/12944K, paused 5ms+6ms, total 89ms
D/dalvikvm(  358): WAIT_FOR_CONCURRENT_GC blocked 5ms
D/dalvikvm(  358): GC_CONCURRENT freed 316K, 64% free 4773K/12944K, paused 5ms+15ms, total 93ms
I/PackageManager(  358): /system/app/LiveWallpapersPicker.apk changed; collecting certs
I/PackageManager(  358): /system/app/Music.apk changed; collecting certs
D/dalvikvm(  358): GC_CONCURRENT freed 472K, 63% free 4819K/12944K, paused 5ms+9ms, total 53ms
D/dalvikvm(  358): WAIT_FOR_CONCURRENT_GC blocked 34ms
D/dalvikvm(  358): GC_CONCURRENT freed 1135K, 68% free 4172K/12944K, paused 6ms+12ms, total 81ms
I/PackageManager(  358): /system/app/NetSpeed.apk changed; collecting certs
I/PackageManager(  358): /system/app/OpenWnn.apk changed; collecting certs
D/dalvikvm(  358): GC_CONCURRENT freed 327K, 67% free 4332K/12944K, paused 5ms+5ms, total 60ms
D/dalvikvm(  358): WAIT_FOR_CONCURRENT_GC blocked 26ms
D/dalvikvm(  358): GC_CONCURRENT freed 661K, 68% free 4183K/12944K, paused 5ms+4ms, total 55ms
D/dalvikvm(  358): WAIT_FOR_CONCURRENT_GC blocked 19ms
D/dalvikvm(  358): GC_CONCURRENT freed 249K, 66% free 4445K/12944K, paused 5ms+4ms, total 67ms
D/dalvikvm(  358): WAIT_FOR_CONCURRENT_GC blocked 19ms
I/PackageManager(  358): /system/app/PacProcessor.apk changed; collecting certs
I/PackageManager(  358): /system/app/PackageInstaller.apk changed; collecting certs
D/dalvikvm(  358): GC_CONCURRENT freed 394K, 65% free 4562K/12944K, paused 5ms+17ms, total 90ms
D/dalvikvm(  358): WAIT_FOR_CONCURRENT_GC blocked 8ms
I/PackageManager(  358): /system/app/PicoTts.apk changed; collecting certs
I/PackageManager(  358): /system/app/PinyinIME.apk changed; collecting certs
D/dalvikvm(  358): GC_CONCURRENT freed 953K, 69% free 4121K/12944K, paused 5ms+4ms, total 97ms
D/dalvikvm(  358): WAIT_FOR_CONCURRENT_GC blocked 44ms
I/PackageManager(  358): /system/app/PrintSpooler.apk changed; collecting certs
I/PackageManager(  358): /system/app/Protips.apk changed; collecting certs
D/dalvikvm(  358): GC_CONCURRENT freed 445K, 68% free 4187K/12944K, paused 15ms+6ms, total 85ms
D/dalvikvm(  358): WAIT_FOR_CONCURRENT_GC blocked 16ms
I/PackageManager(  358): /system/app/QuickSearchBox.apk changed; collecting certs
D/dalvikvm(  358): GC_CONCURRENT freed 520K, 68% free 4179K/12944K, paused 5ms+3ms, total 50ms
D/dalvikvm(  358): WAIT_FOR_CONCURRENT_GC blocked 32ms
I/PackageManager(  358): /system/app/SdkSetup.apk changed; collecting certs
D/dalvikvm(  358): GC_CONCURRENT freed 365K, 67% free 4361K/12944K, paused 5ms+5ms, total 102ms
I/PackageManager(  358): /system/app/SoundRecorder.apk changed; collecting certs
I/PackageManager(  358): /system/app/SpeechRecorder.apk changed; collecting certs
I/PackageManager(  358): /system/app/TelephonyProvider.apk changed; collecting certs
I/PackageManager(  358): /system/app/UserDictionaryProvider.apk changed; collecting certs
D/dalvikvm(  358): GC_CONCURRENT freed 426K, 66% free 4412K/12944K, paused 5ms+14ms, total 82ms
D/PackageManager(  358): No files in app dir /vendor/app
D/dalvikvm(  358): GC_CONCURRENT freed 587K, 67% free 4305K/12944K, paused 6ms+5ms, total 86ms
W/PackageParser(  358): No actions in intent filter at /data/app/ApiDemos.apk Binary XML file line #2899
W/PackageParser(  358): No actions in intent filter at /data/app/ApiDemos.apk Binary XML file line #2905
I/PackageManager(  358): /data/app/ApiDemos.apk changed; collecting certs
D/dalvikvm(  358): GC_CONCURRENT freed 239K, 65% free 4540K/12944K, paused 10ms+3ms, total 45ms
D/dalvikvm(  358): WAIT_FOR_CONCURRENT_GC blocked 36ms
D/dalvikvm(  358): GC_CONCURRENT freed 384K, 64% free 4675K/12944K, paused 5ms+6ms, total 103ms
D/dalvikvm(  358): GC_CONCURRENT freed 278K, 62% free 4925K/12944K, paused 16ms+5ms, total 108ms
D/dalvikvm(  358): GC_CONCURRENT freed 634K, 63% free 4844K/12944K, paused 13ms+3ms, total 68ms
D/dalvikvm(  358): WAIT_FOR_CONCURRENT_GC blocked 32ms
D/dalvikvm(  358): GC_CONCURRENT freed 529K, 63% free 4844K/12944K, paused 6ms+3ms, total 75ms
D/dalvikvm(  358): WAIT_FOR_CONCURRENT_GC blocked 29ms
D/dalvikvm(  358): GC_CONCURRENT freed 523K, 63% free 4857K/12944K, paused 9ms+14ms, total 151ms
D/dalvikvm(  358): WAIT_FOR_CONCURRENT_GC blocked 36ms
D/dalvikvm(  358): GC_CONCURRENT freed 526K, 63% free 4864K/12944K, paused 14ms+4ms, total 71ms
D/dalvikvm(  358): WAIT_FOR_CONCURRENT_GC blocked 33ms
D/dalvikvm(  358): GC_CONCURRENT freed 546K, 63% free 4859K/12944K, paused 13ms+3ms, total 70ms
D/dalvikvm(  358): WAIT_FOR_CONCURRENT_GC blocked 33ms
D/dalvikvm(  358): GC_CONCURRENT freed 521K, 63% free 4870K/12944K, paused 5ms+3ms, total 70ms
D/dalvikvm(  358): WAIT_FOR_CONCURRENT_GC blocked 28ms
D/dalvikvm(  358): GC_CONCURRENT freed 547K, 63% free 4865K/12944K, paused 5ms+3ms, total 69ms
D/dalvikvm(  358): WAIT_FOR_CONCURRENT_GC blocked 28ms
D/dalvikvm(  358): GC_CONCURRENT freed 523K, 63% free 4877K/12944K, paused 5ms+4ms, total 68ms
D/dalvikvm(  358): WAIT_FOR_CONCURRENT_GC blocked 27ms
D/dalvikvm(  358): GC_CONCURRENT freed 539K, 63% free 4880K/12944K, paused 5ms+3ms, total 71ms
D/dalvikvm(  358): WAIT_FOR_CONCURRENT_GC blocked 33ms
D/dalvikvm(  358): GC_CONCURRENT freed 539K, 63% free 4881K/12944K, paused 13ms+4ms, total 70ms
D/dalvikvm(  358): WAIT_FOR_CONCURRENT_GC blocked 33ms
W/PackageManager(  358): Package com.example.android.apis desires unavailable shared library com.example.will.never.exist; ignoring!
I/PackageManager(  358): /data/app/CubeLiveWallpapers.apk changed; collecting certs
I/PackageManager(  358): /data/app/GestureBuilder.apk changed; collecting certs
D/dalvikvm(  358): GC_CONCURRENT freed 442K, 62% free 4979K/12944K, paused 13ms+9ms, total 77ms
D/dalvikvm(  358): WAIT_FOR_CONCURRENT_GC blocked 23ms
I/PackageManager(  358): /data/app/SmokeTest.apk changed; collecting certs
I/PackageManager(  358): /data/app/SmokeTestApp.apk changed; collecting certs
I/PackageManager(  358): /data/app/SoftKeyboard.apk changed; collecting certs
D/dalvikvm(  358): GC_CONCURRENT freed 1157K, 67% free 4389K/12944K, paused 5ms+4ms, total 84ms
D/dalvikvm(  358): WAIT_FOR_CONCURRENT_GC blocked 20ms
I/PackageManager(  358): /data/app/WidgetPreview.apk changed; collecting certs
D/dalvikvm(  358): GC_CONCURRENT freed 502K, 67% free 4398K/12944K, paused 12ms+5ms, total 82ms
D/dalvikvm(  358): WAIT_FOR_CONCURRENT_GC blocked 20ms
W/PackageManager(  358): Package com.example.android.apis desires unavailable shared library com.example.will.never.exist; ignoring!
W/PackageManager(  358): Package com.android.camera desires unavailable shared library com.google.android.media.effects; ignoring!
I/PackageManager(  358): Time to scan packages: 23.508 seconds
W/PackageManager(  358): Not granting permission android.permission.GLOBAL_SEARCH to package com.android.quicksearchbox (protectionLevel=18 flags=0x8be45)
W/PackageManager(  358): Unknown permission com.android.smspush.WAPPUSH_MANAGER_BIND in package com.android.phone
W/PackageManager(  358): Unknown permission com.google.android.googleapps.permission.GOOGLE_AUTH in package com.android.providers.calendar
W/PackageManager(  358): Unknown permission com.google.android.googleapps.permission.GOOGLE_AUTH.cl in package com.android.providers.calendar
W/PackageManager(  358): Unknown permission com.google.android.googleapps.permission.GOOGLE_AUTH.mail in package com.android.calendar
W/PackageManager(  358): Not granting permission android.permission.ACCESS_DOWNLOAD_MANAGER to package com.android.browser (protectionLevel=18 flags=0x9be45)
W/PackageManager(  358): Not granting permission android.permission.SEND_DOWNLOAD_COMPLETED_INTENTS to package com.android.browser (protectionLevel=2 flags=0x9be45)
W/PackageManager(  358): Not granting permission android.permission.BIND_APPWIDGET to package com.android.widgetpreview (protectionLevel=18 flags=0x8be44)
W/PackageManager(  358): Unknown permission android.permission.INSTALL_DRM in package com.android.mms
W/PackageManager(  358): Unknown permission com.google.android.googleapps.permission.GOOGLE_AUTH in package com.android.settings
W/PackageManager(  358): Unknown permission com.google.android.googleapps.permission.ACCESS_GOOGLE_PASSWORD in package com.android.development
W/PackageManager(  358): Unknown permission com.google.android.googleapps.permission.GOOGLE_AUTH in package com.android.development
W/PackageManager(  358): Unknown permission com.google.android.googleapps.permission.GOOGLE_AUTH.ALL_SERVICES in package com.android.development
W/PackageManager(  358): Unknown permission com.google.android.googleapps.permission.GOOGLE_AUTH.YouTubeUser in package com.android.development
W/PackageManager(  358): Not granting permission android.permission.DELETE_PACKAGES to package com.svox.pico (protectionLevel=18 flags=0x8be45)
W/PackageManager(  358): Not granting permission android.permission.DEVICE_POWER to package com.android.deskclock (protectionLevel=2 flags=0x48be45)
D/dalvikvm(  358): GC_CONCURRENT freed 378K, 66% free 4426K/12944K, paused 5ms+14ms, total 97ms
D/dalvikvm(  358): GC_EXPLICIT freed 247K, 67% free 4276K/12944K, paused 14ms+4ms, total 72ms
I/SystemServer(  358): Entropy Mixer
W/EntropyMixer(  358): No existing entropy file -- first boot?
I/EntropyMixer(  358): Writing entropy...
I/SystemServer(  358): User Service
I/SystemServer(  358): Account Manager
I/SystemServer(  358): Content Manager
I/SystemServer(  358): System Content Providers
I/SyncManager(  358): No initial accounts
I/SyncManager(  358): No initial status
W/SyncManagerFile(  358): Error reading pending data.
W/SyncManagerFile(  358): java.io.FileNotFoundException: /data/system/sync/pending.xml: open failed: ENOENT (No such file or directory)
W/SyncManagerFile(  358): 	at libcore.io.IoBridge.open(IoBridge.java:409)
W/SyncManagerFile(  358): 	at java.io.FileInputStream.<init>(FileInputStream.java:78)
W/SyncManagerFile(  358): 	at android.util.AtomicFile.openRead(AtomicFile.java:199)
W/SyncManagerFile(  358): 	at com.android.server.content.SyncStorageEngine.readPendingOperationsLocked(SyncStorageEngine.java:2286)
W/SyncManagerFile(  358): 	at com.android.server.content.SyncStorageEngine.<init>(SyncStorageEngine.java:434)
W/SyncManagerFile(  358): 	at com.android.server.content.SyncStorageEngine.init(SyncStorageEngine.java:454)
W/SyncManagerFile(  358): 	at com.android.server.content.SyncManager.<init>(SyncManager.java:383)
W/SyncManagerFile(  358): 	at com.android.server.content.ContentService.getSyncManager(ContentService.java:75)
W/SyncManagerFile(  358): 	at com.android.server.content.ContentService.notifyChange(ContentService.java:283)
W/SyncManagerFile(  358): 	at android.content.ContentResolver.notifyChange(ContentResolver.java:1621)
W/SyncManagerFile(  358): 	at com.android.providers.settings.SettingsProvider.sendNotify(SettingsProvider.java:262)
W/SyncManagerFile(  358): 	at com.android.providers.settings.SettingsProvider.insertForUser(SettingsProvider.java:941)
W/SyncManagerFile(  358): 	at com.android.providers.settings.SettingsProvider.ensureAndroidIdIsSet(SettingsProvider.java:496)
W/SyncManagerFile(  358): 	at com.android.providers.settings.SettingsProvider.establishDbTracking(SettingsProvider.java:409)
W/SyncManagerFile(  358): 	at com.android.providers.settings.SettingsProvider.onCreate(SettingsProvider.java:335)
W/SyncManagerFile(  358): 	at android.content.ContentProvider.attachInfo(ContentProvider.java:1591)
W/SyncManagerFile(  358): 	at android.content.ContentProvider.attachInfo(ContentProvider.java:1562)
W/SyncManagerFile(  358): 	at android.app.ActivityThread.installProvider(ActivityThread.java:4774)
W/SyncManagerFile(  358): 	at android.app.ActivityThread.installContentProviders(ActivityThread.java:4369)
W/SyncManagerFile(  358): 	at android.app.ActivityThread.installSystemProviders(ActivityThread.java:4929)
W/SyncManagerFile(  358): 	at com.android.server.am.ActivityManagerService.installSystemProviders(ActivityManagerService.java:8081)
W/SyncManagerFile(  358): 	at com.android.server.ServerThread.initAndLoop(SystemServer.java:275)
W/SyncManagerFile(  358): 	at com.android.server.SystemServer.main(SystemServer.java:1179)
W/SyncManagerFile(  358): 	at java.lang.reflect.Method.invokeNative(Native Method)
W/SyncManagerFile(  358): 	at java.lang.reflect.Method.invoke(Method.java:515)
W/SyncManagerFile(  358): 	at com.android.internal.os.ZygoteInit$MethodAndArgsCaller.run(ZygoteInit.java:785)
W/SyncManagerFile(  358): 	at com.android.internal.os.ZygoteInit.main(ZygoteInit.java:601)
W/SyncManagerFile(  358): 	at dalvik.system.NativeStart.main(Native Method)
W/SyncManagerFile(  358): Caused by: libcore.io.ErrnoException: open failed: ENOENT (No such file or directory)
W/SyncManagerFile(  358): 	at libcore.io.Posix.open(Native Method)
W/SyncManagerFile(  358): 	at libcore.io.BlockGuardOs.open(BlockGuardOs.java:110)
W/SyncManagerFile(  358): 	at libcore.io.IoBridge.open(IoBridge.java:393)
W/SyncManagerFile(  358): 	... 27 more
I/SyncManager(  358): No initial statistics
D/SettingsProvider(  358): Generated and saved new ANDROID_ID [dc0371cbd1a1cc89] for user 0
I/SystemServer(  358): Lights Service
I/SystemServer(  358): Battery Service
E/ConsumerIrService(  358): Can't open consumer IR HW Module, error: -2
I/SystemServer(  358): Vibrator Service
I/SystemServer(  358): Consumer IR Service
W/libsuspend(  358): Error writing 'on' to /sys/power/state: Invalid argument
E/libsuspend(  358): Error opening /sys/power/autosleep: No such file or directory
I/libsuspend(  358): Selected wakeup count
D/PermissionCache(   58): checking android.permission.ACCESS_SURFACE_FLINGER for uid=1000 => granted (2093 us)
D/SurfaceFlinger(   58): Screen acquired, type=0 flinger=0xb7a0d450
D/SurfaceFlinger(   58):  screen was previously acquired
I/SystemServer(  358): Alarm Manager
I/SystemServer(  358): Init Watchdog
I/SystemServer(  358): Input Manager
I/InputManager(  358): Initializing input manager, mUseDevInputEventForAudioJack=false
I/SystemServer(  358): Window Manager
I/WindowManager(  358): No existing display settings /data/system/display_settings.xml; starting empty
D/dalvikvm(  358): GC_CONCURRENT freed 286K, 66% free 4499K/12944K, paused 36ms+13ms, total 152ms
I/WindowManager(  358): No keyguard interface!
I/InputManager(  358): Starting input manager
I/SystemServer(  358): No Bluetooh Service (emulator)
I/SystemServer(  358): Input Method Service
E/EventHub(  358): could not get driver version for /dev/input/mouse0, Not a typewriter
W/EventHub(  358): Unable to disable kernel key repeat for /dev/input/event0: Function not implemented
I/EventHub(  358): New device: id=1, fd=93, path='/dev/input/event0', name='qwerty2', classes=0x2d, configuration='/system/usr/idc/qwerty2.idc', keyLayout='/system/usr/keylayout/qwerty.kl', keyCharacterMap='/system/usr/keychars/qwerty2.kcm', builtinKeyboard=true, usingSuspendBlockIoctl=true, usingClockIoctl=true
E/EventHub(  358): could not get driver version for /dev/input/mice, Not a typewriter
I/InputReader(  358): Device added: id=-1, name='Virtual', sources=0x00000301
I/InputReader(  358):   Touch device 'qwerty2' could not query the properties of its associated display.  The device will be inoperable until the display size becomes available.
I/InputReader(  358): Device added: id=0, name='qwerty2', sources=0x00011307
W/InputMethodManagerService(  358): No IME selected. Choose the most applicable IME.
I/InputMethodManagerService(  358): No default found, using com.android.inputmethod.latin/.LatinIME
I/SystemServer(  358): Accessibility Manager
I/InputReader(  358): Reconfiguring input devices.  changes=0x00000004
I/InputReader(  358): Device reconfigured: id=0, name='qwerty2', size 480x864, orientation 0, mode 1, display id 0
I/ActivityManager(  358): Config changes=1df8 {1.0 ?mcc?mnc en_US ldltr sw480dp w480dp h864dp 160dpi lrg long port ?uimode ?night -touch -keyb/h/h tball/v s.2}
I/ActivityManager(  358): Config changes=408 {1.0 ?mcc?mnc en_US ldltr sw480dp w480dp h839dp 160dpi lrg long port ?uimode ?night finger -keyb/h/h tball/v s.3}
I/SystemServer(  358): Mount Service
D/MountService(  358): got storage path: /storage/sdcard description: USB storage primary: true removable: false emulated: false mtpReserve: 0 allowMassStorage: false maxFileSize: 0
D/MountService(  358): addVolumeLocked() StorageVolume:
D/MountService(  358):     mStorageId=0 mPath=/storage/sdcard mDescriptionId=17040665 mPrimary=true 
D/MountService(  358):     mRemovable=false mEmulated=false mMtpReserveSpace=0 
D/MountService(  358):     mAllowMassStorage=false mMaxFileSize=0 mOwner=null mUuid=null 
D/MountService(  358):     mUserLabel=null mState=null 
I/SystemServer(  358): LockSettingsService
I/SystemServer(  358): Device Policy
I/SystemServer(  358): Status Bar
I/SystemServer(  358): Clipboard Service
I/SystemServer(  358): NetworkManagement Service
I/SystemServer(  358): Text Service Manager Service
I/SystemServer(  358): NetworkStats Service
W/MountService(  358): Duplicate state transition (unmounted -> unmounted) for /storage/sdcard
W/MountService(  358): getSecureContainerList() called when storage not mounted
I/SystemServer(  358): NetworkPolicy Service
I/PackageManager(  358): No secure containers on sdcard
I/SystemServer(  358): Wi-Fi P2pService
W/PackageManager(  358): Not granting permission android.permission.GLOBAL_SEARCH to package com.android.quicksearchbox (protectionLevel=18 flags=0x8be45)
W/PackageManager(  358): Unknown permission com.android.smspush.WAPPUSH_MANAGER_BIND in package com.android.phone
W/PackageManager(  358): Unknown permission com.google.android.googleapps.permission.GOOGLE_AUTH in package com.android.providers.calendar
W/PackageManager(  358): Unknown permission com.google.android.googleapps.permission.GOOGLE_AUTH.cl in package com.android.providers.calendar
W/PackageManager(  358): Unknown permission com.google.android.googleapps.permission.GOOGLE_AUTH.mail in package com.android.calendar
W/PackageManager(  358): Not granting permission android.permission.ACCESS_DOWNLOAD_MANAGER to package com.android.browser (protectionLevel=18 flags=0x9be45)
W/PackageManager(  358): Not granting permission android.permission.SEND_DOWNLOAD_COMPLETED_INTENTS to package com.android.browser (protectionLevel=2 flags=0x9be45)
W/PackageManager(  358): Not granting permission android.permission.BIND_APPWIDGET to package com.android.widgetpreview (protectionLevel=18 flags=0x8be44)
W/PackageManager(  358): Unknown permission android.permission.INSTALL_DRM in package com.android.mms
W/PackageManager(  358): Unknown permission com.google.android.googleapps.permission.GOOGLE_AUTH in package com.android.settings
W/PackageManager(  358): Unknown permission com.google.android.googleapps.permission.ACCESS_GOOGLE_PASSWORD in package com.android.development
W/PackageManager(  358): Unknown permission com.google.android.googleapps.permission.GOOGLE_AUTH in package com.android.development
W/PackageManager(  358): Unknown permission com.google.android.googleapps.permission.GOOGLE_AUTH.ALL_SERVICES in package com.android.development
W/PackageManager(  358): Unknown permission com.google.android.googleapps.permission.GOOGLE_AUTH.YouTubeUser in package com.android.development
W/PackageManager(  358): Not granting permission android.permission.DELETE_PACKAGES to package com.svox.pico (protectionLevel=18 flags=0x8be45)
W/PackageManager(  358): Not granting permission android.permission.DEVICE_POWER to package com.android.deskclock (protectionLevel=2 flags=0x48be45)
D/dalvikvm(  358): GC_CONCURRENT freed 284K, 65% free 4644K/12944K, paused 6ms+14ms, total 86ms
I/SystemServer(  358): Wi-Fi Service
D/WifiController(  358): isAirplaneModeOn = false, isWifiEnabled = false, isScanningAvailable = false
I/SystemServer(  358): Connectivity Service
D/ConnectivityService(  358): ConnectivityService starting up
D/ConnectivityService(  358): wifiOnly=false
E/MobileDataStateTracker(  358): default: Ignoring feature request because could not acquire PhoneService
E/MobileDataStateTracker(  358): default: Could not enable APN type "default"
I/WifiService(  358): WifiService starting up with Wi-Fi disabled
I/SystemServer(  358): Network Service Discovery Service
D/NsdService(  358): Network service discovery enabled true
I/SystemServer(  358): UpdateLock Service
I/SystemServer(  358): Notification Manager
I/SystemServer(  358): Device Storage Monitor
I/SystemServer(  358): Location Manager
I/SystemServer(  358): Country Detector
I/SystemServer(  358): Search Service
I/SystemServer(  358): DropBox Service
I/SystemServer(  358): Wallpaper Service
W/WallpaperService(  358): no current wallpaper -- first boot?
I/SystemServer(  358): Audio Service
D/dalvikvm(  358): GC_CONCURRENT freed 258K, 63% free 4858K/12944K, paused 6ms+51ms, total 146ms
I/SystemServer(  358): Dock Observer
W/DockObserver(  358): This kernel does not have dock station support
I/SystemServer(  358): Wired Accessory Manager
W/WiredAccessoryManager(  358): This kernel does not have wired headset support
W/WiredAccessoryManager(  358): This kernel does not have usb audio support
W/WiredAccessoryManager(  358): This kernel does not have HDMI audio support
I/SystemServer(  358): USB Service
I/SystemServer(  358): Serial Service
I/SystemServer(  358): Twilight Service
I/SystemServer(  358): UI Mode Manager Service
I/SystemServer(  358): Backup Service
V/BackupManagerService(  358): Initializing package tracking
V/BackupManagerService(  358): No ancestral data
V/BackupManagerService(  358): addPackageParticipantsLocked: all
I/BackupManagerService(  358): Scheduling backup for new app com.android.calendar
D/BackupManagerService(  358): Now staging backup of com.android.calendar
I/BackupManagerService(  358): Scheduling backup for new app com.android.browser
D/BackupManagerService(  358): Now staging backup of com.android.browser
I/BackupManagerService(  358): Scheduling backup for new app com.android.providers.userdictionary
D/BackupManagerService(  358): Now staging backup of com.android.providers.userdictionary
I/BackupManagerService(  358): Scheduling backup for new app com.android.sharedstoragebackup
D/BackupManagerService(  358): Now staging backup of com.android.sharedstoragebackup
I/BackupManagerService(  358): Scheduling backup for new app android
D/BackupManagerService(  358): Now staging backup of android
I/BackupManagerService(  358): Scheduling backup for new app com.android.dialer
D/BackupManagerService(  358): Now staging backup of com.android.dialer
I/BackupManagerService(  358): Scheduling backup for new app com.android.providers.settings
D/BackupManagerService(  358): Now staging backup of com.android.providers.settings
V/BackupManagerService(  358): Starting with transport android/com.android.internal.backup.LocalTransport
V/BackupManagerService(  358): Found transports: 1
I/BackupManagerService(  358): Binding to transport host ComponentInfo{android/com.android.internal.backup.LocalTransportService}
I/BackupManagerService(  358): Backup enabled => true
I/SystemServer(  358): AppWidget Service
I/SystemServer(  358): Recognition Service
I/SystemServer(  358): DiskStats Service
I/SystemServer(  358): SamplingProfiler Service
I/SystemServer(  358): NetworkTimeUpdateService
I/SystemServer(  358): CommonTimeManagementService
I/SystemServer(  358): CertBlacklister
I/SystemServer(  358): Dreams Service
I/SystemServer(  358): Assets Atlas Service
I/WindowManager(  358): SAFE MODE not enabled
I/SystemServer(  358): IdleMaintenanceService
I/SystemServer(  358): Print Service
I/SystemServer(  358): Media Router Service
D/Atlas   (  358): Computing best atlas configuration...
D/Atlas   (  358): Running Thread-49
E/SQLiteLog(  358): (1) no such table: locksettings
D/Atlas   (  358): Found best atlas configuration in 0.11s
D/Atlas   (  358): Loaded configuration: SliceMinArea (768x768) flags=0x2 count=24
I/LockSettingsService(  358): Migrated lock settings to new location
D/gralloc_goldfish(  358): Emulator without GPU emulation detected.
I/LockSettingsService(  358): Migrated per-user lock settings to new location
W/AssetAtlasService(  358): Could not find EGL configuration
D/Atlas   (  358): Rendered atlas in 31.00ms (26.89+4.12ms)
I/Zygote  (  358): Process: zygote socket opened
D/dalvikvm(  358): GC_CONCURRENT freed 338K, 62% free 4989K/12944K, paused 17ms+15ms, total 136ms
V/KeyguardServiceDelegate(  358): *** Keyguard started
V/KeyguardServiceDelegate(  358): onSystemReady() called before keyguard service was ready
I/ActivityManager(  358): Start proc com.android.systemui for service com.android.keyguard/.KeyguardService: pid=449 uid=10007 gids={50007, 1028, 1015, 1035, 3002, 3001}
F/SystemServer(  358): BOOT FAILURE making Package Manager Service ready
F/SystemServer(  358): java.lang.SecurityException: Unable to find app for caller android.app.ActivityThread$ApplicationThread@b353dff0 (pid=358) when registering receiver android.app.LoadedApk$ReceiverDispatcher$InnerReceiver@b33e7220
F/SystemServer(  358): 	at com.android.server.am.ActivityManagerService.registerReceiver(ActivityManagerService.java:13021)
F/SystemServer(  358): 	at android.app.ContextImpl.registerReceiverInternal(ContextImpl.java:1450)
F/SystemServer(  358): 	at android.app.ContextImpl.registerReceiverAsUser(ContextImpl.java:1425)
F/SystemServer(  358): 	at com.android.internal.content.PackageMonitor.register(PackageMonitor.java:84)
F/SystemServer(  358): 	at com.android.server.pm.UserManagerService.systemReady(UserManagerService.java:237)
F/SystemServer(  358): 	at com.android.server.pm.PackageManagerService.systemReady(PackageManagerService.java:10476)
F/SystemServer(  358): 	at com.android.server.ServerThread.initAndLoop(SystemServer.java:893)
F/SystemServer(  358): 	at com.android.server.SystemServer.main(SystemServer.java:1179)
F/SystemServer(  358): 	at java.lang.reflect.Method.invokeNative(Native Method)
F/SystemServer(  358): 	at java.lang.reflect.Method.invoke(Method.java:515)
F/SystemServer(  358): 	at com.android.internal.os.ZygoteInit$MethodAndArgsCaller.run(ZygoteInit.java:785)
F/SystemServer(  358): 	at com.android.internal.os.ZygoteInit.main(ZygoteInit.java:601)
F/SystemServer(  358): 	at dalvik.system.NativeStart.main(Native Method)
W/SystemServer(  358): ***********************************************
I/ActivityManager(  358): Sending system update to ComponentInfo{com.android.providers.calendar/com.android.providers.calendar.CalendarUpgradeReceiver} for user 0
I/ActivityManager(  358): Sending system update to ComponentInfo{com.android.providers.contacts/com.android.providers.contacts.ContactsUpgradeReceiver} for user 0
I/ActivityManager(  358): Sending system update to ComponentInfo{com.android.providers.media/com.android.providers.media.MediaUpgradeReceiver} for user 0
I/SystemServer(  358): Enabled StrictMode for system server main thread.
I/ActivityManager(  358): Start proc com.android.providers.calendar for broadcast com.android.providers.calendar/.CalendarUpgradeReceiver: pid=460 uid=10001 gids={50001, 3003, 1028, 1015}
I/Choreographer(  358): Skipped 55 frames!  The application may be doing too much work on its main thread.
W/InputMethodManagerService(  358): Focus gain on non-focused client android.view.inputmethod.InputMethodManager$1@b3372f28 (uid=1000 pid=358)
V/BackupManagerService(  358): Connected to transport ComponentInfo{android/com.android.internal.backup.LocalTransportService}
V/BackupManagerService(  358): Registering transport android/com.android.internal.backup.LocalTransportService::android/com.android.internal.backup.LocalTransport = com.android.internal.backup.LocalTransport@b31cdcd0
I/ActivityManager(  358): Launching preboot mode app: ProcessRecord{b33261d8 460:com.android.providers.calendar/u0a1}
E/SoundPool(  449): error loading /system/media/audio/ui/Lock.ogg
W/KeyguardViewMediator(  449): failed to load lock sound from /system/media/audio/ui/Lock.ogg
E/SoundPool(  449): error loading /system/media/audio/ui/Unlock.ogg
W/KeyguardViewMediator(  449): failed to load unlock sound from /system/media/audio/ui/Unlock.ogg
V/KeyguardService(  449): onCreate()
V/KeyguardServiceDelegate(  358): *** Keyguard connected (yay!)
V/KeyguardServiceDelegate(  358): **** SHOWN CALLED ****
I/ActivityManager(  358): Start proc android.process.acore for broadcast com.android.providers.contacts/.ContactsUpgradeReceiver: pid=479 uid=10002 gids={50002, 3003, 1028, 1015}
I/ActivityManager(  358): Launching preboot mode app: ProcessRecord{b3501448 479:android.process.acore/u0a2}
I/ContactsUpgradeReceiver(  479): Creating or opening contacts database
D/dalvikvm(  479): GC_CONCURRENT freed 409K, 15% free 2793K/3272K, paused 10ms+3ms, total 50ms
I/ContactsDatabaseHelper(  479): Bootstrapping database version: 803
D/dalvikvm(  479): GC_CONCURRENT freed 311K, 12% free 2880K/3272K, paused 3ms+13ms, total 39ms
I/ContactsProviderV1(  479): Bootstrapping database legacy support
I/ContactsDatabaseHelper(  479): Bootstrapping database version: 803
D/dalvikvm(  479): GC_CONCURRENT freed 339K, 13% free 2938K/3348K, paused 4ms+11ms, total 38ms
I/ContactsProviderV1(  479): Bootstrapping database legacy support
I/ContactsProvider(  479): Locale has changed from null to en_US
I/ContactsDatabaseHelper(  479): Switching to locale en_US (ICU v51.1.0.1)
D/dalvikvm(  479): GC_CONCURRENT freed 343K, 13% free 3019K/3432K, paused 4ms+12ms, total 39ms
I/ContactsDatabaseHelper(  479): Locale change completed in 454ms
I/ContactsDatabaseHelper(  479): Switching to locale en_US (ICU v51.1.0.1)
D/dalvikvm(  479): GC_CONCURRENT freed 359K, 13% free 3053K/3484K, paused 3ms+7ms, total 37ms
I/ContactsDatabaseHelper(  479): Locale change completed in 546ms
I/ActivityManager(  358): Start proc android.process.media for broadcast com.android.providers.media/.MediaUpgradeReceiver: pid=497 uid=10005 gids={50005, 1028, 1015, 1023, 1024, 2001, 3003, 3007}
D/dalvikvm(  358): GC_CONCURRENT freed 401K, 61% free 5133K/12944K, paused 8ms+14ms, total 140ms
D/dalvikvm(  358): WAIT_FOR_CONCURRENT_GC blocked 113ms
I/ActivityManager(  358): Launching preboot mode app: ProcessRecord{b3543990 497:android.process.media/u0a5}
I/ActivityManager(  358): Writing new set of last done pre-boot receivers...
I/ActivityManager(  358): Removing system update proc: ProcessRecord{b33261d8 460:com.android.providers.calendar/u0a1}
I/ActivityManager(  358): Killing 460:com.android.providers.calendar/u0a1 (adj 13): system update done
I/ActivityManager(  358): Removing system update proc: ProcessRecord{b3501448 479:android.process.acore/u0a2}
I/ActivityManager(  358): Killing 479:android.process.acore/u0a2 (adj 11): system update done
I/ActivityManager(  358): Removing system update proc: ProcessRecord{b3543990 497:android.process.media/u0a5}
I/ActivityManager(  358): Killing 497:android.process.media/u0a5 (adj 9): system update done
I/ActivityManager(  358): System now ready
I/SystemServer(  358): Making services ready
D/NetworkManagementService(  358): enabling bandwidth control
I/Vold    (   53): /dev/block/vold/179:0 being considered for volume sdcard
D/Vold    (   53): Volume sdcard state changing 1 (Idle-Unmounted) -> 3 (Checking)
D/MountService(  358): volume state changed for /storage/sdcard (unmounted -> checking)
D/MountService(  358): sendStorageIntent Intent { act=android.intent.action.MEDIA_CHECKING dat=file:///storage/sdcard (has extras) } to UserHandle{-1}
D/SystemUIService(  449): loading: class com.android.systemui.recent.Recents
D/SystemUIService(  449): running: com.android.systemui.recent.Recents@b2d8a010
D/SystemUIService(  449): loading: class com.android.systemui.statusbar.SystemBars
D/SystemUIService(  449): running: com.android.systemui.statusbar.SystemBars@b2d8a5f8
D/SystemUIService(  449): loading: class com.android.systemui.usb.StorageNotification
D/SystemUIService(  449): running: com.android.systemui.usb.StorageNotification@b2d8c348
D/SystemUIService(  449): loading: class com.android.systemui.power.PowerUI
D/SystemUIService(  449): running: com.android.systemui.power.PowerUI@b2d8d9a8
D/SystemUIService(  449): loading: class com.android.systemui.media.RingtonePlayer
I/fsck_msdos(   53): ** /dev/block/vold/179:0
D/SystemUIService(  449): running: com.android.systemui.media.RingtonePlayer@b2d8e9e0
D/SystemUIService(  449): loading: class com.android.systemui.settings.SettingsUI
D/SystemUIService(  449): running: com.android.systemui.settings.SettingsUI@b2d8fcc8
I/fsck_msdos(   53): Invalid signature in fsinfo block
I/fsck_msdos(   53): FIXED
I/fsck_msdos(   53): ** Phase 1 - Read and Compare FATs
I/fsck_msdos(   53): Attempting to allocate 794 KB for FAT
I/StatusBarManagerService(  358): registerStatusBar bar=com.android.internal.statusbar.IStatusBar$Stub$Proxy@b36f4158
D/PhoneStatusBar(  449): mSettingsPanelGravity = 55
I/fsck_msdos(   53): Attempting to allocate 794 KB for FAT
I/fsck_msdos(   53): ** Phase 2 - Check Cluster Chains
D/dalvikvm(  449): GC_CONCURRENT freed 282K, 11% free 2830K/3176K, paused 4ms+3ms, total 184ms
I/fsck_msdos(   53): ** Phase 3 - Checking Directories
I/fsck_msdos(   53): ** Phase 4 - Checking for Lost Files
I/fsck_msdos(   53): Free space in FSInfo block (201592) not correct (201591)
I/fsck_msdos(   53): FIXED
I/fsck_msdos(   53): 1 files, 100795 free (201591 clusters)
I/Vold    (   53): Filesystem check completed OK
W/Vold    (   53): blkid failed to identify /dev/block/vold/179:0
D/Vold    (   53): Volume sdcard state changing 3 (Checking) -> 4 (Mounted)
I/PackageManager(  358): Updating external media status from unmounted to mounted
D/MountService(  358): volume state changed for /storage/sdcard (checking -> mounted)
E/VoldConnector(  358): NDC Command {3 volume mount /storage/sdcard} took too long (889ms)
D/MountService(  358): sendStorageIntent Intent { act=android.intent.action.MEDIA_MOUNTED dat=file:///storage/sdcard (has extras) } to UserHandle{-1}
D/dalvikvm(  449): GC_FOR_ALLOC freed 37K, 8% free 2947K/3176K, paused 38ms, total 58ms
I/PackageManager(  358): No secure containers on sdcard
W/PackageManager(  358): Not granting permission android.permission.GLOBAL_SEARCH to package com.android.quicksearchbox (protectionLevel=18 flags=0x88be45)
W/PackageManager(  358): Unknown permission com.android.smspush.WAPPUSH_MANAGER_BIND in package com.android.phone
W/PackageManager(  358): Unknown permission com.google.android.googleapps.permission.GOOGLE_AUTH in package com.android.providers.calendar
W/PackageManager(  358): Unknown permission com.google.android.googleapps.permission.GOOGLE_AUTH.cl in package com.android.providers.calendar
W/PackageManager(  358): Unknown permission com.google.android.googleapps.permission.GOOGLE_AUTH.mail in package com.android.calendar
W/PackageManager(  358): Not granting permission android.permission.ACCESS_DOWNLOAD_MANAGER to package com.android.browser (protectionLevel=18 flags=0x89be45)
W/PackageManager(  358): Not granting permission android.permission.SEND_DOWNLOAD_COMPLETED_INTENTS to package com.android.browser (protectionLevel=2 flags=0x89be45)
W/PackageManager(  358): Not granting permission android.permission.BIND_APPWIDGET to package com.android.widgetpreview (protectionLevel=18 flags=0x8be44)
W/PackageManager(  358): Unknown permission android.permission.INSTALL_DRM in package com.android.mms
W/PackageManager(  358): Unknown permission com.google.android.googleapps.permission.GOOGLE_AUTH in package com.android.settings
D/dalvikvm(  358): GC_CONCURRENT freed 534K, 61% free 5085K/12944K, paused 6ms+11ms, total 115ms
W/PackageManager(  358): Unknown permission com.google.android.googleapps.permission.ACCESS_GOOGLE_PASSWORD in package com.android.development
W/PackageManager(  358): Unknown permission com.google.android.googleapps.permission.GOOGLE_AUTH in package com.android.development
W/PackageManager(  358): Unknown permission com.google.android.googleapps.permission.GOOGLE_AUTH.ALL_SERVICES in package com.android.development
W/PackageManager(  358): Unknown permission com.google.android.googleapps.permission.GOOGLE_AUTH.YouTubeUser in package com.android.development
W/PackageManager(  358): Not granting permission android.permission.DELETE_PACKAGES to package com.svox.pico (protectionLevel=18 flags=0x88be45)
W/PackageManager(  358): Not granting permission android.permission.DEVICE_POWER to package com.android.deskclock (protectionLevel=2 flags=0xc8be45)
E/BluetoothAdapter(  449): Bluetooth binder is null
E/BluetoothAdapter(  449): Bluetooth binder is null
E/BluetoothAdapter(  449): Bluetooth binder is null
D/dalvikvm(  449): GC_CONCURRENT freed 60K, 5% free 3357K/3500K, paused 5ms+2ms, total 133ms
E/BluetoothAdapter(  449): Bluetooth binder is null
I/ActivityManager(  358): Start proc android.process.acore for content provider com.android.providers.contacts/.ContactsProvider2: pid=549 uid=10002 gids={50002, 3003, 1028, 1015}
E/NetdConnector(  358): NDC Command {1 bandwidth enable} took too long (3047ms)
D/PhoneStatusBar(  449): disable: < expand icons alerts ticker system_info back home recent clock search >
E/BluetoothAdapter(  449): Bluetooth binder is null
D/PhoneStatusBar(  449): heads up is disabled
I/Choreographer(  449): Skipped 479 frames!  The application may be doing too much work on its main thread.
E/NetdConnector(  358): NDC Command {2 firewall disable} took too long (510ms)
I/Choreographer(  449): Skipped 243 frames!  The application may be doing too much work on its main thread.
D/gralloc_goldfish(  449): Emulator without GPU emulation detected.
D/dalvikvm(  449): GC_CONCURRENT freed 194K, 7% free 3562K/3824K, paused 4ms+3ms, total 186ms
I/Choreographer(  449): Skipped 75 frames!  The application may be doing too much work on its main thread.
E/NetdConnector(  358): NDC Command {5 firewall disable} took too long (512ms)
I/ActivityManager(  358): Config changes=200 {1.0 ?mcc?mnc en_US ldltr sw480dp w480dp h839dp 160dpi lrg long port finger -keyb/h/h tball/v s.4}
W/RecognitionManagerService(  358): no available voice recognition services found for user 0
D/dalvikvm(  549): GC_CONCURRENT freed 256K, 10% free 2972K/3276K, paused 14ms+149ms, total 398ms
D/PhoneStatusBar(  449): mSettingsPanelGravity = 55
W/AppWidgetServiceImpl(  358): Failed to read state: java.io.FileNotFoundException: /data/system/users/0/appwidgets.xml: open failed: ENOENT (No such file or directory)
W/InputMethodManagerService(  358): Ignoring setImeWindowStatus of uid 1000 token: null
D/dalvikvm(  358): GC_CONCURRENT freed 451K, 60% free 5232K/12944K, paused 6ms+5ms, total 108ms
D/dalvikvm(  358): WAIT_FOR_CONCURRENT_GC blocked 41ms
D/dalvikvm(  358): WAIT_FOR_CONCURRENT_GC blocked 30ms
W/InputMethodUtils(  358): Found no subtypes in a system IME: com.android.inputmethod.pinyin
W/InputMethodManagerService(  358): Reset the default IME as "Resource" is ready here.
W/InputMethodUtils(  358): Found no subtypes in a system IME: com.android.inputmethod.pinyin
I/InputMethodManagerService(  358): Selected default: com.android.inputmethod.latin/.LatinIME
D/SettingsProvider(  358): User 0 external modification to /data/data/com.android.providers.settings/databases/settings.db; event=2
D/SettingsProvider(  358): User 0 updating our caches for /data/data/com.android.providers.settings/databases/settings.db
I/ActivityManager(  358): Start proc com.android.inputmethod.latin for service com.android.inputmethod.latin/.LatinIME: pid=586 uid=10029 gids={50029, 1028, 1015}
V/InputMethodManagerService(  358): Adding window token: android.os.Binder@b300c6b0
W/InputMethodManagerService(  358): Illegal subtype state: old subtype = null, new subtype = android.view.inputmethod.InputMethodSubtype@c9194f98
I/ActivityManager(  358): Config changes=20 {1.0 ?mcc?mnc en_US ldltr sw480dp w480dp h839dp 160dpi lrg long port finger -keyb/v/h tball/v s.5}
W/GpsLocationProvider(  358): Could not open GPS configuration file /etc/gps.conf
W/ServiceWatcher(  358): com.google.android.location not found
W/ServiceWatcher(  358): com.google.android.location not found
W/ServiceWatcher(  358): com.google.android.location not found
W/LocationManagerService(  358): no network location provider found
W/ServiceWatcher(  358): com.google.android.location not found
E/FlpHardwareProvider(  358): Error hw_get_module 'flp': -2
W/ServiceWatcher(  358): com.google.android.location not found
E/FlpHardwareProvider(  358): Error hw_get_module 'flp': -2
W/ServiceWatcher(  358): com.google.android.location not found
E/LocationManagerService(  358): no geocoder provider found
E/LocationManagerService(  358): No FusedProvider found.
E/LocationManagerService(  358): no geofence provider found
I/CommonTimeManagementService(  358): No common time service detected on this platform.  Common time services will be unavailable.
I/InputReader(  358): Reconfiguring input devices.  changes=0x00000020
I/InputReader(  358): Reconfiguring input devices.  changes=0x00000010
I/ActivityManager(  358): Start proc com.android.phone for added application com.android.phone: pid=599 uid=1001 gids={41001, 3002, 3001, 3003, 1028, 1015}
I/ActivityManager(  358): START u0 {act=android.intent.action.MAIN cat=[android.intent.category.HOME] flg=0x10000000 cmp=com.android.settings/.CryptKeeper} from pid 0
I/ActivityManager(  358): Start proc com.android.settings for activity com.android.settings/.CryptKeeper: pid=608 uid=1000 gids={41000, 1028, 1015, 3002, 3001, 3003}
I/ActivityManager(  358): Start proc android.process.media for broadcast com.android.providers.downloads/.DownloadReceiver: pid=618 uid=10005 gids={50005, 1028, 1015, 1023, 1024, 2001, 3003, 3007}
D/dalvikvm(   59): GC_EXPLICIT freed 37K, 4% free 2705K/2812K, paused 3ms+2ms, total 86ms
D/dalvikvm(   59): GC_EXPLICIT freed <1K, 4% free 2705K/2812K, paused 2ms+2ms, total 42ms
D/dalvikvm(   59): GC_EXPLICIT freed <1K, 4% free 2705K/2812K, paused 3ms+2ms, total 54ms
W/dalvikvm(  449): threadid=1: spin on suspend #1 threadid=14 (pcf=0)
D/dalvikvm(  449): Temporarily moving tid 547 to fg (was 0)
D/dalvikvm(  449): Temporarily raised priority on tid 547 (10 -> 0)
W/dalvikvm(  449): threadid=1: spin on suspend resolved in 1007 msec
D/dalvikvm(  449): Restored policy of 547 to 0
D/dalvikvm(  449): Restored priority on 547 to 10
D/dalvikvm(  449): GC_FOR_ALLOC freed 36K, 7% free 3559K/3824K, paused 1055ms, total 1057ms
D/dalvikvm(  358): GC_CONCURRENT freed 509K, 59% free 5358K/12944K, paused 29ms+26ms, total 266ms
D/dalvikvm(  358): WAIT_FOR_CONCURRENT_GC blocked 111ms
D/dalvikvm(  358): WAIT_FOR_CONCURRENT_GC blocked 107ms
I/LatinIME(  586): Hardware accelerated drawing: true
I/dalvikvm-heap(  449): Grow heap (frag case) to 6.468MB for 3072016-byte allocation
D/dalvikvm(  449): GC_FOR_ALLOC freed 2K, 4% free 6556K/6828K, paused 91ms, total 91ms
I/FusedLocation(  358): engine started (com.android.location.fused)
D/dalvikvm(  449): GC_CONCURRENT freed 2K, 4% free 6559K/6828K, paused 74ms+3ms, total 131ms
I/ActivityManager(  358): START u0 {act=android.intent.action.MAIN cat=[android.intent.category.HOME] flg=0x10000000 cmp=com.android.sdksetup/.DefaultActivity} from pid 0
I/ActivityManager(  358): Start proc com.android.sdksetup for activity com.android.sdksetup/.DefaultActivity: pid=642 uid=10042 gids={50042}
W/WindowManager(  358): Window freeze timeout expired.
W/WindowManager(  358): Force clearing orientation change: Window{b36fd088 u0 StatusBar}
W/WindowManager(  358): Force clearing orientation change: Window{b2e42618 u0 com.android.systemui.ImageWallpaper}
D/dalvikvm(  449): GC_FOR_ALLOC freed 3001K, 7% free 3561K/3824K, paused 121ms, total 129ms
W/InputAttributes(  586): No editor info for this field. Bug?
I/dalvikvm-heap(  449): Grow heap (frag case) to 6.470MB for 3072016-byte allocation
I/ResourceUtils(  586): Found default value: resource=keypress_vibration_durations build=[HARDWARE=goldfish MODEL=sdk BRAND=generic MANUFACTURER=unknown] default=-1
I/ResourceUtils(  586): Found default value: resource=keypress_volumes build=[HARDWARE=goldfish MODEL=sdk BRAND=generic MANUFACTURER=unknown] default=-1.0f
D/dalvikvm(  586): GC_CONCURRENT freed 230K, 10% free 2895K/3192K, paused 23ms+72ms, total 200ms
I/LatinIME:LogUtils(  586): Dictionary info: dictionary = personalization.en_US.dict ; version = ? ; date = 1530183828
D/dalvikvm(  449): GC_FOR_ALLOC freed <1K, 4% free 6561K/6828K, paused 162ms, total 162ms
D/dalvikvm(  449): GC_CONCURRENT freed 0K, 4% free 6562K/6828K, paused 3ms+5ms, total 53ms
I/LatinIME:LogUtils(  586): Dictionary info: dictionary = PersonalizationPredictionDictio ; version = ? ; date = 1530183828
I/LatinIME:LogUtils(  586): Dictionary info: dictionary = UserHistoryDictionary.en_US.dic ; version = ? ; date = 1530183828
I/ActivityManager(  358): Force stopping com.android.sdksetup appid=10042 user=0: pkg changed
I/ActivityManager(  358): Killing 642:com.android.sdksetup/u0a42 (adj 0): stop com.android.sdksetup
I/ActivityManager(  358):   Force finishing activity ActivityRecord{b3020c80 u0 com.android.sdksetup/.DefaultActivity t2}
I/ActivityManager(  358): START u0 {act=android.intent.action.MAIN cat=[android.intent.category.HOME] flg=0x10000000 cmp=com.android.launcher/com.android.launcher2.Launcher} from pid 0
I/ActivityManager(  358): Start proc com.android.launcher for activity com.android.launcher/com.android.launcher2.Launcher: pid=669 uid=10008 gids={50008}
D/dalvikvm(  358): GC_CONCURRENT freed 635K, 59% free 5390K/12944K, paused 7ms+76ms, total 431ms
D/dalvikvm(  358): WAIT_FOR_CONCURRENT_GC blocked 184ms
D/dalvikvm(  358): WAIT_FOR_CONCURRENT_GC blocked 185ms
D/dalvikvm(  358): WAIT_FOR_CONCURRENT_GC blocked 48ms
I/InputReader(  358): Reconfiguring input devices.  changes=0x00000010
D/dalvikvm(  358): WAIT_FOR_CONCURRENT_GC blocked 201ms
I/LatinIME:LogUtils(  586): Dictionary info: dictionary = userunigram.en_US.dict ; version = ? ; date = ?
D/PhoneStatusBar(  449): mSettingsPanelGravity = 55
V/StatusBar(  449): userId 0 is in the house
W/BackupManagerService(  358): dataChanged but no participant pkg='com.android.providers.settings' uid=1001
I/PackageManager(  358):   Action: "android.intent.action.SENDTO"
I/PackageManager(  358):   Category: "android.intent.category.DEFAULT"
I/PackageManager(  358):   Scheme: "sms"
I/PackageManager(  358): Adding preferred activity ComponentInfo{com.android.mms/com.android.mms.ui.ComposeMessageActivity} for user 0 :
I/PackageManager(  358):   Action: "android.intent.action.SENDTO"
I/PackageManager(  358):   Category: "android.intent.category.DEFAULT"
I/PackageManager(  358):   Scheme: "smsto"
I/PackageManager(  358): Adding preferred activity ComponentInfo{com.android.mms/com.android.mms.ui.ComposeMessageActivity} for user 0 :
I/PackageManager(  358):   Action: "android.intent.action.SENDTO"
I/PackageManager(  358):   Category: "android.intent.category.DEFAULT"
I/PackageManager(  358):   Scheme: "mms"
I/PackageManager(  358): Adding preferred activity ComponentInfo{com.android.mms/com.android.mms.ui.ComposeMessageActivity} for user 0 :
I/Choreographer(  449): Skipped 86 frames!  The application may be doing too much work on its main thread.
D/dalvikvm(  599): GC_CONCURRENT freed 187K, 9% free 2928K/3184K, paused 83ms+48ms, total 358ms
I/PackageManager(  358):   Action: "android.intent.action.SENDTO"
I/PackageManager(  358):   Category: "android.intent.category.DEFAULT"
I/PackageManager(  358):   Scheme: "mmsto"
I/PackageManager(  358): Adding preferred activity ComponentInfo{com.android.mms/com.android.mms.ui.ComposeMessageActivity} for user 0 :
D/dalvikvm(  358): GC_CONCURRENT freed 552K, 58% free 5513K/12944K, paused 5ms+45ms, total 367ms
D/dalvikvm(  358): WAIT_FOR_CONCURRENT_GC blocked 142ms
I/PackageManager(  358):   Action: "android.intent.action.SENDTO"
I/PackageManager(  358):   Category: "android.intent.category.DEFAULT"
I/PackageManager(  358):   Scheme: "sms"
D/dalvikvm(  358): WAIT_FOR_CONCURRENT_GC blocked 141ms
D/dalvikvm(  358): WAIT_FOR_CONCURRENT_GC blocked 136ms
I/PackageManager(  358): Adding preferred activity ComponentInfo{com.android.mms/com.android.mms.ui.ComposeMessageActivity} for user 0 :
D/dalvikvm(  358): WAIT_FOR_CONCURRENT_GC blocked 137ms
D/dalvikvm(  586): GC_CONCURRENT freed 374K, 13% free 2965K/3408K, paused 5ms+2ms, total 82ms
D/dalvikvm(  586): GC_CONCURRENT freed 441K, 17% free 2958K/3528K, paused 20ms+2ms, total 48ms
D/dalvikvm(  586): WAIT_FOR_CONCURRENT_GC blocked 17ms
I/PackageManager(  358):   Action: "android.intent.action.SENDTO"
I/PackageManager(  358):   Category: "android.intent.category.DEFAULT"
I/PackageManager(  358):   Scheme: "smsto"
I/PackageManager(  358): Adding preferred activity ComponentInfo{com.android.mms/com.android.mms.ui.ComposeMessageActivity} for user 0 :
I/PackageManager(  358):   Action: "android.intent.action.SENDTO"
