D/dalvikvm(  343): GC_CONCURRENT freed 647K, 59% free 5425K/13204K, paused 60ms+7ms, total 302ms
D/dalvikvm(  343): WAIT_FOR_CONCURRENT_GC blocked 127ms
D/dalvikvm(  343): WAIT_FOR_CONCURRENT_GC blocked 31ms
I/ActivityManager(  343): Start proc com.android.printspooler for service com.android.printspooler/.PrintSpoolerService: pid=673 uid=10039 gids={50039}
I/LatinIME:LogUtils(  578): Dictionary info: dictionary = UserHistoryDictionary.en_US.dic ; version = ? ; date = 1528370087
I/LatinIME:LogUtils(  578): Dictionary info: dictionary = PersonalizationPredictionDictio ; version = ? ; date = 1528370087
I/LatinIME:LogUtils(  578): Dictionary info: dictionary = personalization.en_US.dict ; version = ? ; date = 1528370087
I/PrintSpoolerService(  673): No existing print spooler state.
I/LatinIME:LogUtils(  578): Dictionary info: dictionary = userunigram.en_US.dict ; version = ? ; date = ?
D/MobileDataStateTracker(  343): fota: Broadcast received: android.intent.action.ANY_DATA_STATE apnType=fota
D/MobileDataStateTracker(  343): fota: Received state=DISCONNECTED, old=DISCONNECTED, reason=radioTurnedOff
D/MobileDataStateTracker(  343): ia: Broadcast received: android.intent.action.ANY_DATA_STATE apnType=ia
D/MobileDataStateTracker(  343): ia: Received state=DISCONNECTED, old=DISCONNECTED, reason=radioTurnedOff
D/MobileDataStateTracker(  343): supl: Broadcast received: android.intent.action.ANY_DATA_STATE apnType=supl
D/MobileDataStateTracker(  343): supl: Received state=DISCONNECTED, old=DISCONNECTED, reason=radioTurnedOff
D/MobileDataStateTracker(  343): hipri: Broadcast received: android.intent.action.ANY_DATA_STATE apnType=hipri
D/MobileDataStateTracker(  343): hipri: Received state=DISCONNECTED, old=DISCONNECTED, reason=radioTurnedOff
D/MobileDataStateTracker(  343): ims: Broadcast received: android.intent.action.ANY_DATA_STATE apnType=ims
D/MobileDataStateTracker(  343): ims: Received state=DISCONNECTED, old=DISCONNECTED, reason=radioTurnedOff
D/MobileDataStateTracker(  343): default: Broadcast received: android.intent.action.ANY_DATA_STATE apnType=default
D/MobileDataStateTracker(  343): default: Received state=DISCONNECTED, old=DISCONNECTED, reason=radioTurnedOff
D/MobileDataStateTracker(  343): mms: Broadcast received: android.intent.action.ANY_DATA_STATE apnType=mms
D/MobileDataStateTracker(  343): mms: Received state=DISCONNECTED, old=DISCONNECTED, reason=radioTurnedOff
D/MobileDataStateTracker(  343): cbs: Broadcast received: android.intent.action.ANY_DATA_STATE apnType=cbs
D/MobileDataStateTracker(  343): cbs: Received state=DISCONNECTED, old=DISCONNECTED, reason=radioTurnedOff
D/MobileDataStateTracker(  343): fota: Broadcast received: android.intent.action.ANY_DATA_STATE apnType=fota
D/MobileDataStateTracker(  343): fota: Received state=DISCONNECTED, old=DISCONNECTED, reason=radioTurnedOff
D/MobileDataStateTracker(  343): ia: Broadcast received: android.intent.action.ANY_DATA_STATE apnType=ia
D/MobileDataStateTracker(  343): ia: Received state=DISCONNECTED, old=DISCONNECTED, reason=radioTurnedOff
D/MobileDataStateTracker(  343): supl: Broadcast received: android.intent.action.ANY_DATA_STATE apnType=supl
D/MobileDataStateTracker(  343): supl: Received state=DISCONNECTED, old=DISCONNECTED, reason=radioTurnedOff
D/MobileDataStateTracker(  343): hipri: Broadcast received: android.intent.action.ANY_DATA_STATE apnType=hipri
D/MobileDataStateTracker(  343): hipri: Received state=DISCONNECTED, old=DISCONNECTED, reason=radioTurnedOff
D/MobileDataStateTracker(  343): ims: Broadcast received: android.intent.action.ANY_DATA_STATE apnType=ims
D/MobileDataStateTracker(  343): ims: Received state=DISCONNECTED, old=DISCONNECTED, reason=radioTurnedOff
D/MobileDataStateTracker(  343): default: Broadcast received: android.intent.action.ANY_DATA_STATE apnType=default
D/MobileDataStateTracker(  343): default: Received state=DISCONNECTED, old=DISCONNECTED, reason=radioTurnedOff
D/dalvikvm(  578): GC_CONCURRENT freed 352K, 13% free 2973K/3392K, paused 4ms+4ms, total 51ms
D/MobileDataStateTracker(  343): mms: Broadcast received: android.intent.action.ANY_DATA_STATE apnType=mms
D/MobileDataStateTracker(  343): mms: Received state=DISCONNECTED, old=DISCONNECTED, reason=radioTurnedOff
D/MobileDataStateTracker(  343): cbs: Broadcast received: android.intent.action.ANY_DATA_STATE apnType=cbs
D/MobileDataStateTracker(  343): cbs: Received state=DISCONNECTED, old=DISCONNECTED, reason=radioTurnedOff
D/MobileDataStateTracker(  343): fota: Broadcast received: android.intent.action.ANY_DATA_STATE apnType=fota
D/MobileDataStateTracker(  343): fota: Received state=DISCONNECTED, old=DISCONNECTED, reason=dataDetached
D/MobileDataStateTracker(  343): ia: Broadcast received: android.intent.action.ANY_DATA_STATE apnType=ia
D/MobileDataStateTracker(  343): ia: Received state=DISCONNECTED, old=DISCONNECTED, reason=dataDetached
D/MobileDataStateTracker(  343): supl: Broadcast received: android.intent.action.ANY_DATA_STATE apnType=supl
D/MobileDataStateTracker(  343): supl: Received state=DISCONNECTED, old=DISCONNECTED, reason=dataDetached
D/MobileDataStateTracker(  343): hipri: Broadcast received: android.intent.action.ANY_DATA_STATE apnType=hipri
D/MobileDataStateTracker(  343): hipri: Received state=DISCONNECTED, old=DISCONNECTED, reason=dataDetached
D/MobileDataStateTracker(  343): ims: Broadcast received: android.intent.action.ANY_DATA_STATE apnType=ims
D/MobileDataStateTracker(  343): ims: Received state=DISCONNECTED, old=DISCONNECTED, reason=dataDetached
D/MobileDataStateTracker(  343): default: Broadcast received: android.intent.action.ANY_DATA_STATE apnType=default
D/MobileDataStateTracker(  343): default: Received state=DISCONNECTED, old=DISCONNECTED, reason=dataDetached
D/MobileDataStateTracker(  343): mms: Broadcast received: android.intent.action.ANY_DATA_STATE apnType=mms
D/MobileDataStateTracker(  343): mms: Received state=DISCONNECTED, old=DISCONNECTED, reason=dataDetached
D/MobileDataStateTracker(  343): cbs: Broadcast received: android.intent.action.ANY_DATA_STATE apnType=cbs
D/MobileDataStateTracker(  343): cbs: Received state=DISCONNECTED, old=DISCONNECTED, reason=dataDetached
D/MobileDataStateTracker(  343): fota: Broadcast received: android.intent.action.ANY_DATA_STATE apnType=fota
D/MobileDataStateTracker(  343): fota: Received state=DISCONNECTED, old=DISCONNECTED, reason=roamingOff
D/MobileDataStateTracker(  343): ia: Broadcast received: android.intent.action.ANY_DATA_STATE apnType=ia
D/MobileDataStateTracker(  343): ia: Received state=DISCONNECTED, old=DISCONNECTED, reason=roamingOff
D/MobileDataStateTracker(  343): supl: Broadcast received: android.intent.action.ANY_DATA_STATE apnType=supl
D/MobileDataStateTracker(  343): supl: Received state=DISCONNECTED, old=DISCONNECTED, reason=roamingOff
D/MobileDataStateTracker(  343): hipri: Broadcast received: android.intent.action.ANY_DATA_STATE apnType=hipri
D/MobileDataStateTracker(  343): hipri: Received state=DISCONNECTED, old=DISCONNECTED, reason=roamingOff
D/MobileDataStateTracker(  343): ims: Broadcast received: android.intent.action.ANY_DATA_STATE apnType=ims
D/MobileDataStateTracker(  343): ims: Received state=DISCONNECTED, old=DISCONNECTED, reason=roamingOff
D/dalvikvm(  590): GC_CONCURRENT freed 265K, 10% free 3044K/3380K, paused 6ms+2ms, total 165ms
D/MobileDataStateTracker(  343): default: Broadcast received: android.intent.action.ANY_DATA_STATE apnType=default
D/MobileDataStateTracker(  343): default: Received state=DISCONNECTED, old=DISCONNECTED, reason=roamingOff
D/MobileDataStateTracker(  343): mms: Broadcast received: android.intent.action.ANY_DATA_STATE apnType=mms
D/MobileDataStateTracker(  343): mms: Received state=DISCONNECTED, old=DISCONNECTED, reason=roamingOff
D/MobileDataStateTracker(  343): cbs: Broadcast received: android.intent.action.ANY_DATA_STATE apnType=cbs
D/MobileDataStateTracker(  343): cbs: Received state=DISCONNECTED, old=DISCONNECTED, reason=roamingOff
D/MobileDataStateTracker(  343): fota: Broadcast received: android.intent.action.ANY_DATA_STATE apnType=fota
D/MobileDataStateTracker(  343): fota: Received state=DISCONNECTED, old=DISCONNECTED, reason=roamingOff
D/MobileDataStateTracker(  343): ia: Broadcast received: android.intent.action.ANY_DATA_STATE apnType=ia
D/MobileDataStateTracker(  343): ia: Received state=DISCONNECTED, old=DISCONNECTED, reason=roamingOff
D/MobileDataStateTracker(  343): supl: Broadcast received: android.intent.action.ANY_DATA_STATE apnType=supl
D/MobileDataStateTracker(  343): supl: Received state=DISCONNECTED, old=DISCONNECTED, reason=roamingOff
D/MobileDataStateTracker(  343): hipri: Broadcast received: android.intent.action.ANY_DATA_STATE apnType=hipri
D/MobileDataStateTracker(  343): hipri: Received state=DISCONNECTED, old=DISCONNECTED, reason=roamingOff
D/MobileDataStateTracker(  343): ims: Broadcast received: android.intent.action.ANY_DATA_STATE apnType=ims
D/MobileDataStateTracker(  343): ims: Received state=DISCONNECTED, old=DISCONNECTED, reason=roamingOff
D/MobileDataStateTracker(  343): default: Broadcast received: android.intent.action.ANY_DATA_STATE apnType=default
D/TelephonyDebugService(  590): TelephonyDebugService()
D/MobileDataStateTracker(  343): default: Received state=DISCONNECTED, old=DISCONNECTED, reason=roamingOff
D/MobileDataStateTracker(  343): mms: Broadcast received: android.intent.action.ANY_DATA_STATE apnType=mms
D/MobileDataStateTracker(  343): mms: Received state=DISCONNECTED, old=DISCONNECTED, reason=roamingOff
D/MobileDataStateTracker(  343): cbs: Broadcast received: android.intent.action.ANY_DATA_STATE apnType=cbs
D/MobileDataStateTracker(  343): cbs: Received state=DISCONNECTED, old=DISCONNECTED, reason=roamingOff
I/FusedLocation(  343): engine stopped (com.android.location.fused)
I/FusedLocation(  343): engine started (com.android.location.fused)
D/dalvikvm(  578): GC_CONCURRENT freed 472K, 17% free 2958K/3552K, paused 4ms+1ms, total 94ms
D/dalvikvm(  578): WAIT_FOR_CONCURRENT_GC blocked 25ms
D/dalvikvm(  343): GC_CONCURRENT freed 582K, 59% free 5450K/13204K, paused 47ms+45ms, total 356ms
D/MccTable(  590): updateMccMncConfiguration: mcc=310, mnc=260
D/AlarmManagerService(  343): Kernel timezone updated to 240 minutes west of GMT
D/MccTable(  590): timezone set to America/New_York
D/MccTable(  590): getLocaleFromMcc to en_us mcc=310
D/MccTable(  590): getLocaleForLanguageCountry: got match
D/MccTable(  590): getLocaleForLanguageCountry: X locale=en_US
D/MccTable(  590): WIFI_COUNTRY_CODE set to us
D/dalvikvm(  658): GC_CONCURRENT freed 170K, 8% free 2950K/3192K, paused 23ms+3ms, total 193ms
I/WifiService(  343): WifiService trying to set country code to us with persist set to true
I/LatinIME:LogUtils(  578): Dictionary info: dictionary = main:en ; version = 42 ; date = 1381226429
I/LatinIME:LogUtils(  578): Dictionary info: dictionary = main:en ; version = 42 ; date = 1381226429
I/LatinIME:LogUtils(  578): Dictionary info: dictionary = main:en ; version = 42 ; date = 1381226429
I/LatinIME:LogUtils(  578): Dictionary info: dictionary = main:en ; version = 42 ; date = 1381226429
I/LatinIME:LogUtils(  578): Dictionary info: dictionary = main:en ; version = 42 ; date = 1381226429
D/dalvikvm(  578): GC_CONCURRENT freed 291K, 14% free 3068K/3552K, paused 26ms+5ms, total 104ms
I/LatinIME:LogUtils(  578): Dictionary info: dictionary = main:en ; version = 42 ; date = 1381226429
I/LatinIME:LogUtils(  578): Dictionary info: dictionary = main:en ; version = 42 ; date = 1381226429
I/LatinIME:LogUtils(  578): Dictionary info: dictionary = main:en ; version = 42 ; date = 1381226429
D/dalvikvm(  590): GC_CONCURRENT freed 285K, 11% free 3155K/3508K, paused 42ms+3ms, total 91ms
D/MobileDataStateTracker(  343): fota: Broadcast received: android.intent.action.ANY_DATA_STATE apnType=fota
D/MobileDataStateTracker(  343): fota: Received state=DISCONNECTED, old=DISCONNECTED, reason=dataAttached
D/MobileDataStateTracker(  343): ia: Broadcast received: android.intent.action.ANY_DATA_STATE apnType=ia
D/MobileDataStateTracker(  343): ia: Received state=DISCONNECTED, old=DISCONNECTED, reason=dataAttached
D/MobileDataStateTracker(  343): supl: Broadcast received: android.intent.action.ANY_DATA_STATE apnType=supl
D/MobileDataStateTracker(  343): supl: Received state=DISCONNECTED, old=DISCONNECTED, reason=dataAttached
D/MobileDataStateTracker(  343): hipri: Broadcast received: android.intent.action.ANY_DATA_STATE apnType=hipri
D/MobileDataStateTracker(  343): hipri: Received state=DISCONNECTED, old=DISCONNECTED, reason=dataAttached
D/MobileDataStateTracker(  343): ims: Broadcast received: android.intent.action.ANY_DATA_STATE apnType=ims
D/MobileDataStateTracker(  343): ims: Received state=DISCONNECTED, old=DISCONNECTED, reason=dataAttached
D/MobileDataStateTracker(  343): mms: Broadcast received: android.intent.action.ANY_DATA_STATE apnType=mms
D/MobileDataStateTracker(  343): mms: Received state=DISCONNECTED, old=DISCONNECTED, reason=dataAttached
D/MobileDataStateTracker(  343): cbs: Broadcast received: android.intent.action.ANY_DATA_STATE apnType=cbs
D/MobileDataStateTracker(  343): cbs: Received state=DISCONNECTED, old=DISCONNECTED, reason=dataAttached
D/MobileDataStateTracker(  343): fota: Broadcast received: android.intent.action.ANY_DATA_STATE apnType=fota
D/MobileDataStateTracker(  343): fota: Received state=DISCONNECTED, old=DISCONNECTED, reason=dataAttached
D/MobileDataStateTracker(  343): ia: Broadcast received: android.intent.action.ANY_DATA_STATE apnType=ia
D/MobileDataStateTracker(  343): ia: Received state=DISCONNECTED, old=DISCONNECTED, reason=dataAttached
D/MobileDataStateTracker(  343): supl: Broadcast received: android.intent.action.ANY_DATA_STATE apnType=supl
D/MobileDataStateTracker(  343): supl: Received state=DISCONNECTED, old=DISCONNECTED, reason=dataAttached
D/MobileDataStateTracker(  343): hipri: Broadcast received: android.intent.action.ANY_DATA_STATE apnType=hipri
D/MobileDataStateTracker(  343): hipri: Received state=DISCONNECTED, old=DISCONNECTED, reason=dataAttached
D/MobileDataStateTracker(  343): ims: Broadcast received: android.intent.action.ANY_DATA_STATE apnType=ims
D/MobileDataStateTracker(  343): ims: Received state=DISCONNECTED, old=DISCONNECTED, reason=dataAttached
D/MobileDataStateTracker(  343): mms: Broadcast received: android.intent.action.ANY_DATA_STATE apnType=mms
D/MobileDataStateTracker(  343): mms: Received state=DISCONNECTED, old=DISCONNECTED, reason=dataAttached
D/MobileDataStateTracker(  343): cbs: Broadcast received: android.intent.action.ANY_DATA_STATE apnType=cbs
D/MobileDataStateTracker(  343): cbs: Received state=DISCONNECTED, old=DISCONNECTED, reason=dataAttached
D/MccTable(  590): updateMccMncConfiguration: mcc=310, mnc=260
D/MccTable(  590): getLocaleFromMcc to en_us mcc=310
D/MccTable(  590): getLocaleForLanguageCountry: got match
D/MccTable(  590): getLocaleForLanguageCountry: X locale=en_US
D/MccTable(  590): updateMccMncConfiguration updateConfig config={1.0 310mcc260mnc en_US ldltr ?swdp ?wdp ?hdp ?density ?lsize ?long ?orien ?uimode ?night ?touch ?keyb/?/? ?nav/?}
I/ActivityManager(  343): Config changes=3 {1.0 310mcc260mnc en_US ldltr sw480dp w480dp h839dp 160dpi lrg long port finger -keyb/v/h tball/v s.6}
D/PermissionCache(   58): checking android.permission.READ_FRAME_BUFFER for uid=1000 => granted (28114 us)
D/PhoneStatusBar(  438): mSettingsPanelGravity = 55
D/gralloc (   58): Registering a buffer in the process that created it. This may cause memory ordering problems.
E/libEGL  (   58): called unimplemented OpenGL ES API
E/libEGL  (   58): called unimplemented OpenGL ES API
E/libEGL  (   58): called unimplemented OpenGL ES API
E/libEGL  (   58): called unimplemented OpenGL ES API
E/SurfaceFlinger(   58): glCheckFramebufferStatusOES error 1188078020
E/SurfaceFlinger(   58): got GL_FRAMEBUFFER_COMPLETE_OES error while taking screenshot
E/libEGL  (   58): called unimplemented OpenGL ES API
E/libEGL  (   58): called unimplemented OpenGL ES API
I/ARMAssembler(   58): generated scanline__00000077:03515104_00008001_00000000 [113 ipp] (134 ins) at [0xb5ad11f0:0xb5ad1408] in 10000000 ns
D/dalvikvm(  343): GC_CONCURRENT freed 617K, 59% free 5524K/13204K, paused 6ms+5ms, total 213ms
D/dalvikvm(  343): WAIT_FOR_CONCURRENT_GC blocked 137ms
D/dalvikvm(  343): WAIT_FOR_CONCURRENT_GC blocked 142ms
D/dalvikvm(  343): WAIT_FOR_CONCURRENT_GC blocked 222ms
D/MccTable(  590): updateMccMncConfiguration: mcc=310, mnc=260
D/MccTable(  590): getLocaleFromMcc to en_us mcc=310
D/MccTable(  590): getLocaleForLanguageCountry: skipping already persisted
D/MccTable(  590): getLocaleForLanguageCountry: X locale=null
D/MccTable(  590): updateMccMncConfiguration updateConfig config={1.0 310mcc260mnc ?locale ?layoutDir ?swdp ?wdp ?hdp ?density ?lsize ?long ?orien ?uimode ?night ?touch ?keyb/?/? ?nav/?}
D/dalvikvm(  343): GC_CONCURRENT freed 689K, 59% free 5485K/13204K, paused 10ms+27ms, total 492ms
D/dalvikvm(  590): GC_CONCURRENT freed 285K, 10% free 3333K/3664K, paused 4ms+4ms, total 53ms
D/dalvikvm(  590): GC_CONCURRENT freed 517K, 16% free 3292K/3880K, paused 13ms+12ms, total 61ms
D/dalvikvm(  658): GC_FOR_ALLOC freed 188K, 8% free 3111K/3372K, paused 551ms, total 552ms
D/MobileDataStateTracker(  343): fota: Broadcast received: android.intent.action.ANY_DATA_STATE apnType=fota
I/dalvikvm-heap(  658): Grow heap (frag case) to 3.715MB for 640016-byte allocation
D/MobileDataStateTracker(  343): fota: Received state=DISCONNECTED, old=DISCONNECTED, reason=simLoaded
D/MobileDataStateTracker(  343): ia: Broadcast received: android.intent.action.ANY_DATA_STATE apnType=ia
D/MobileDataStateTracker(  343): ia: Received state=DISCONNECTED, old=DISCONNECTED, reason=simLoaded
D/MobileDataStateTracker(  343): supl: Broadcast received: android.intent.action.ANY_DATA_STATE apnType=supl
D/MobileDataStateTracker(  343): supl: Received state=DISCONNECTED, old=DISCONNECTED, reason=simLoaded
D/MobileDataStateTracker(  343): hipri: Broadcast received: android.intent.action.ANY_DATA_STATE apnType=hipri
D/MobileDataStateTracker(  343): hipri: Received state=DISCONNECTED, old=DISCONNECTED, reason=simLoaded
D/MobileDataStateTracker(  343): ims: Broadcast received: android.intent.action.ANY_DATA_STATE apnType=ims
D/MobileDataStateTracker(  343): ims: Received state=DISCONNECTED, old=DISCONNECTED, reason=simLoaded
D/MobileDataStateTracker(  343): mms: Broadcast received: android.intent.action.ANY_DATA_STATE apnType=mms
D/MobileDataStateTracker(  343): mms: Received state=DISCONNECTED, old=DISCONNECTED, reason=simLoaded
D/MobileDataStateTracker(  343): cbs: Broadcast received: android.intent.action.ANY_DATA_STATE apnType=cbs
D/dalvikvm(  658): GC_FOR_ALLOC freed 2K, 7% free 3734K/4000K, paused 69ms, total 69ms
D/MobileDataStateTracker(  343): cbs: Received state=DISCONNECTED, old=DISCONNECTED, reason=simLoaded
D/dalvikvm(  658): GC_CONCURRENT freed 6K, 7% free 3727K/4000K, paused 4ms+1ms, total 30ms
D/MobileDataStateTracker(  343): default: Broadcast received: android.intent.action.ANY_DATA_STATE apnType=default
D/MobileDataStateTracker(  343): default: Received state=CONNECTING, old=DISCONNECTED, reason=simLoaded
D/MobileDataStateTracker(  343): default: setDetailed state, old =IDLE and new state=CONNECTING
D/MobileDataStateTracker(  343): fota: Broadcast received: android.intent.action.ANY_DATA_STATE apnType=fota
D/MobileDataStateTracker(  343): fota: Received state=DISCONNECTED, old=DISCONNECTED, reason=simLoaded
D/MobileDataStateTracker(  343): ia: Broadcast received: android.intent.action.ANY_DATA_STATE apnType=ia
D/MobileDataStateTracker(  343): ia: Received state=DISCONNECTED, old=DISCONNECTED, reason=simLoaded
D/MobileDataStateTracker(  343): supl: Broadcast received: android.intent.action.ANY_DATA_STATE apnType=supl
D/MobileDataStateTracker(  343): supl: Received state=DISCONNECTED, old=DISCONNECTED, reason=simLoaded
D/MobileDataStateTracker(  343): hipri: Broadcast received: android.intent.action.ANY_DATA_STATE apnType=hipri
D/MobileDataStateTracker(  343): hipri: Received state=DISCONNECTED, old=DISCONNECTED, reason=simLoaded
D/MobileDataStateTracker(  343): ims: Broadcast received: android.intent.action.ANY_DATA_STATE apnType=ims
D/MobileDataStateTracker(  343): ims: Received state=DISCONNECTED, old=DISCONNECTED, reason=simLoaded
D/MobileDataStateTracker(  343): mms: Broadcast received: android.intent.action.ANY_DATA_STATE apnType=mms
D/MobileDataStateTracker(  343): mms: Received state=DISCONNECTED, old=DISCONNECTED, reason=simLoaded
D/MobileDataStateTracker(  343): cbs: Broadcast received: android.intent.action.ANY_DATA_STATE apnType=cbs
D/MobileDataStateTracker(  343): cbs: Received state=DISCONNECTED, old=DISCONNECTED, reason=simLoaded
D/MobileDataStateTracker(  343): default: Broadcast received: android.intent.action.ANY_DATA_STATE apnType=default
D/MobileDataStateTracker(  343): default: Received state=CONNECTED, old=CONNECTING, reason=connected
D/MobileDataStateTracker(  343): default: setDetailed state, old =CONNECTING and new state=CONNECTED
D/ConnectivityService(  343): ConnectivityChange for mobile: CONNECTED/CONNECTED
D/ConnectivityService(  343): ConnectivityChange checkMobileProvisioning for TYPE_MOBILE or ProvisioningNetwork
D/ConnectivityService(  343): checkMobileProvisioning: E suggestedTimeOutMs=60000
D/ConnectivityService(  343): setProvNotificationVisible: E visible=false networkType=5 extraInfo=null url=null
D/ConnectivityService(  343): checkMobileProvisioning: params={ url=http://clients3.google.com/generate_204 mTimeOutMs=60000 mCb=com.android.server.ConnectivityService$5@b3428448}
D/ConnectivityService(  343): checkMobileProvisioning: X
D/dalvikvm(  590): GC_CONCURRENT freed 438K, 15% free 3301K/3880K, paused 13ms+61ms, total 254ms
D/Nat464Xlat(  343): requiresClat: netType=0, hasIPv4Address=true
I/NetworkPolicy(  343): no policy for active mobile network; generating default policy
D/dalvikvm(  343): GC_CONCURRENT freed 567K, 58% free 5608K/13204K, paused 35ms+6ms, total 433ms
W/Resources(  658): Converting to int: TypedValue{t=0x3/d=0x12 "4" a=-1}
W/Resources(  658): Converting to int: TypedValue{t=0x3/d=0xf "1" a=-1}
W/Resources(  658): Converting to int: TypedValue{t=0x3/d=0x15 "2" a=-1}
W/Resources(  658): Converting to int: TypedValue{t=0x3/d=0x15 "2" a=-1}
D/MobileDataStateTracker(  343): default: setPolicyDataEnable(enabled=true)
W/Launcher.LauncherProvider(  658): Unable to add favorite: com.android.camera2/com.android.camera.CameraLauncher
W/Launcher.LauncherProvider(  658): android.content.pm.PackageManager$NameNotFoundException: ComponentInfo{com.android.camera2/com.android.camera.CameraLauncher}
W/Launcher.LauncherProvider(  658): 	at android.app.ApplicationPackageManager.getActivityInfo(ApplicationPackageManager.java:242)
W/Launcher.LauncherProvider(  658): 	at com.android.launcher2.LauncherProvider$DatabaseHelper.addAppShortcut(LauncherProvider.java:959)
W/Launcher.LauncherProvider(  658): 	at com.android.launcher2.LauncherProvider$DatabaseHelper.loadFavorites(LauncherProvider.java:863)
W/Launcher.LauncherProvider(  658): 	at com.android.launcher2.LauncherProvider$DatabaseHelper.access$000(LauncherProvider.java:253)
W/Launcher.LauncherProvider(  658): 	at com.android.launcher2.LauncherProvider.loadDefaultFavoritesIfNecessary(LauncherProvider.java:237)
W/Launcher.LauncherProvider(  658): 	at com.android.launcher2.LauncherModel$LoaderTask.loadWorkspace(LauncherModel.java:1278)
W/Launcher.LauncherProvider(  658): 	at com.android.launcher2.LauncherModel$LoaderTask.loadAndBindWorkspace(LauncherModel.java:1020)
W/Launcher.LauncherProvider(  658): 	at com.android.launcher2.LauncherModel$LoaderTask.run(LauncherModel.java:1126)
W/Launcher.LauncherProvider(  658): 	at android.os.Handler.handleCallback(Handler.java:733)
W/Launcher.LauncherProvider(  658): 	at android.os.Handler.dispatchMessage(Handler.java:95)
W/Launcher.LauncherProvider(  658): 	at android.os.Looper.loop(Looper.java:136)
W/Launcher.LauncherProvider(  658): 	at android.os.HandlerThread.run(HandlerThread.java:61)
W/Launcher.LauncherProvider(  658): Unable to add favorite: com.android.gallery3d/com.android.gallery3d.app.Gallery
W/Launcher.LauncherProvider(  658): android.content.pm.PackageManager$NameNotFoundException: ComponentInfo{com.android.gallery3d/com.android.gallery3d.app.Gallery}
W/Launcher.LauncherProvider(  658): 	at android.app.ApplicationPackageManager.getActivityInfo(ApplicationPackageManager.java:242)
W/Launcher.LauncherProvider(  658): 	at com.android.launcher2.LauncherProvider$DatabaseHelper.addAppShortcut(LauncherProvider.java:959)
W/Launcher.LauncherProvider(  658): 	at com.android.launcher2.LauncherProvider$DatabaseHelper.loadFavorites(LauncherProvider.java:863)
W/Launcher.LauncherProvider(  658): 	at com.android.launcher2.LauncherProvider$DatabaseHelper.access$000(LauncherProvider.java:253)
W/Launcher.LauncherProvider(  658): 	at com.android.launcher2.LauncherProvider.loadDefaultFavoritesIfNecessary(LauncherProvider.java:237)
W/Launcher.LauncherProvider(  658): 	at com.android.launcher2.LauncherModel$LoaderTask.loadWorkspace(LauncherModel.java:1278)
W/Launcher.LauncherProvider(  658): 	at com.android.launcher2.LauncherModel$LoaderTask.loadAndBindWorkspace(LauncherModel.java:1020)
W/Launcher.LauncherProvider(  658): 	at com.android.launcher2.LauncherModel$LoaderTask.run(LauncherModel.java:1126)
W/Launcher.LauncherProvider(  658): 	at android.os.Handler.handleCallback(Handler.java:733)
W/Launcher.LauncherProvider(  658): 	at android.os.Handler.dispatchMessage(Handler.java:95)
W/Launcher.LauncherProvider(  658): 	at android.os.Looper.loop(Looper.java:136)
W/Launcher.LauncherProvider(  658): 	at android.os.HandlerThread.run(HandlerThread.java:61)
I/SurfaceFlinger(   58): Boot is finished (69497 ms)
D/MobileDataStateTracker(  343): default: isProvisioningNetwork: retVal=false
D/ConnectivityService(  343): [CheckMp] isMobileOk: isDefaultProvisioning=false
D/MobileDataStateTracker(  343): hipri: isProvisioningNetwork: retVal=false
D/ConnectivityService(  343): [CheckMp] isMobileOk: isHipriProvisioning=false
D/ConnectivityService(  343): [CheckMp] isMobileOk: start hipri url=http://clients3.google.com/generate_204
I/MediaProvider(  608): Upgrading media database from version 0 to 700, which will destroy all old data
W/ActivityManager(  343): Launch timeout has expired, giving up wake lock!
E/NetdConnector(  343): NDC Command {12 bandwidth setiquota eth0 9223372036854775807} took too long (1793ms)
I/InputReader(  343): Reconfiguring input devices.  changes=0x00000010
D/dalvikvm(  658): GC_CONCURRENT freed 309K, 10% free 3854K/4240K, paused 45ms+165ms, total 273ms
I/PackageManager(  343):   Action: "android.intent.action.SENDTO"
I/PackageManager(  343):   Category: "android.intent.category.DEFAULT"
I/PackageManager(  343):   Scheme: "sms"
I/PackageManager(  343): Adding preferred activity ComponentInfo{com.android.mms/com.android.mms.ui.ComposeMessageActivity} for user 0 :
D/MobileDataStateTracker(  343): default: setPolicyDataEnable(enabled=true)
I/PackageManager(  343):   Action: "android.intent.action.SENDTO"
I/PackageManager(  343):   Category: "android.intent.category.DEFAULT"
I/PackageManager(  343):   Scheme: "smsto"
I/PackageManager(  343): Adding preferred activity ComponentInfo{com.android.mms/com.android.mms.ui.ComposeMessageActivity} for user 0 :
D/dalvikvm(  343): GC_CONCURRENT freed 730K, 58% free 5608K/13204K, paused 54ms+18ms, total 303ms
D/dalvikvm(  343): WAIT_FOR_CONCURRENT_GC blocked 87ms
I/PackageManager(  343):   Action: "android.intent.action.SENDTO"
I/PackageManager(  343):   Category: "android.intent.category.DEFAULT"
I/PackageManager(  343):   Scheme: "mms"
I/PackageManager(  343): Adding preferred activity ComponentInfo{com.android.mms/com.android.mms.ui.ComposeMessageActivity} for user 0 :
I/PackageManager(  343):   Action: "android.intent.action.SENDTO"
I/PackageManager(  343):   Category: "android.intent.category.DEFAULT"
I/PackageManager(  343):   Scheme: "mmsto"
I/PackageManager(  343): Adding preferred activity ComponentInfo{com.android.mms/com.android.mms.ui.ComposeMessageActivity} for user 0 :
I/PackageManager(  343):   Action: "android.intent.action.SENDTO"
I/PackageManager(  343):   Category: "android.intent.category.DEFAULT"
I/PackageManager(  343):   Scheme: "sms"
I/PackageManager(  343): Adding preferred activity ComponentInfo{com.android.mms/com.android.mms.ui.ComposeMessageActivity} for user 0 :
I/PackageManager(  343):   Action: "android.intent.action.SENDTO"
I/PackageManager(  343):   Category: "android.intent.category.DEFAULT"
I/PackageManager(  343):   Scheme: "smsto"
I/PackageManager(  343): Adding preferred activity ComponentInfo{com.android.mms/com.android.mms.ui.ComposeMessageActivity} for user 0 :
D/Tethering(  343): MasterInitialState.processMessage what=3
W/WindowManager(  343): App freeze timeout expired.
W/WindowManager(  343): Force clearing freeze: AppWindowToken{b3763bd0 token=Token{b338eb20 ActivityRecord{b2efb628 u0 com.android.launcher/com.android.launcher2.Launcher t3}}}
D/CaptivePortalTracker(  343): NoActiveNetworkState{ when=-2ms what=1 obj=NetworkInfo: type: mobile[UMTS], state: CONNECTED/CONNECTED, reason: connected, extra: epc.tmobile.com, roaming: false, failover: false, isAvailable: true, isConnectedToProvisioningNetwork: false target=com.android.internal.util.StateMachine$SmHandler }
D/CaptivePortalTracker(  343): NoActiveNetworkState not a wifi connectivity change, ignore
I/WindowManager(  343): Screen frozen for +5s174ms due to AppWindowToken{b3763bd0 token=Token{b338eb20 ActivityRecord{b2efb628 u0 com.android.launcher/com.android.launcher2.Launcher t3}}}
E/NetdConnector(  343): NDC Command {13 bandwidth removeiquota eth0} took too long (892ms)
D/dalvikvm(  590): GC_CONCURRENT freed 342K, 14% free 3375K/3880K, paused 52ms+3ms, total 316ms
I/PackageManager(  343):   Action: "android.intent.action.SENDTO"
I/PackageManager(  343):   Category: "android.intent.category.DEFAULT"
I/PackageManager(  343):   Scheme: "mms"
I/PackageManager(  343): Adding preferred activity ComponentInfo{com.android.mms/com.android.mms.ui.ComposeMessageActivity} for user 0 :
I/ARMAssembler(   58): generated scanline__00000077:03515104_00009001_00000000 [131 ipp] (153 ins) at [0xb5ad1410:0xb5ad1674] in 10000000 ns
I/PackageManager(  343):   Action: "android.intent.action.SENDTO"
I/PackageManager(  343):   Category: "android.intent.category.DEFAULT"
I/PackageManager(  343):   Scheme: "mmsto"
I/PackageManager(  343): Adding preferred activity ComponentInfo{com.android.mms/com.android.mms.ui.ComposeMessageActivity} for user 0 :
I/Choreographer(  343): Skipped 39 frames!  The application may be doing too much work on its main thread.
D/dalvikvm(  343): GC_CONCURRENT freed 712K, 58% free 5615K/13204K, paused 26ms+30ms, total 245ms
D/dalvikvm(  343): WAIT_FOR_CONCURRENT_GC blocked 69ms
E/NetdConnector(  343): NDC Command {14 bandwidth setiquota eth0 9223372036854775807} took too long (1649ms)
D/MobileDataStateTracker(  343): default: setPolicyDataEnable(enabled=true)
D/ConnectivityService(  343): startUsingNetworkFeature reconnecting to 0: enableHIPRI
D/ConnectivityService(  343): startUsingNetworkFeature X: return APN_REQUEST_STARTED
E/ConnectivityService(  343): startUsingNetworkFeature took too long: 3894ms
D/ConnectivityService(  343): [CheckMp] isMobileOk: hipri started
D/ConnectivityService(  343): [CheckMp] isMobileOk: not connected ni=NetworkInfo: type: mobile_hipri[UMTS], state: DISCONNECTED/IDLE, reason: (unspecified), extra: (none), roaming: false, failover: false, isAvailable: true, isConnectedToProvisioningNetwork: false
D/MobileDataStateTracker(  343): hipri: Broadcast received: android.intent.action.ANY_DATA_STATE apnType=hipri
D/MobileDataStateTracker(  343): hipri: Received state=CONNECTING, old=DISCONNECTED, reason=dataEnabled
D/MobileDataStateTracker(  343): hipri: setDetailed state, old =IDLE and new state=CONNECTING
D/MobileDataStateTracker(  343): fota: Broadcast received: android.intent.action.ANY_DATA_STATE apnType=fota
D/MobileDataStateTracker(  343): fota: Received state=DISCONNECTED, old=DISCONNECTED, reason=dataEnabled
D/MobileDataStateTracker(  343): ia: Broadcast received: android.intent.action.ANY_DATA_STATE apnType=ia
D/MobileDataStateTracker(  343): ia: Received state=DISCONNECTED, old=DISCONNECTED, reason=dataEnabled
D/MobileDataStateTracker(  343): supl: Broadcast received: android.intent.action.ANY_DATA_STATE apnType=supl
D/MobileDataStateTracker(  343): supl: Received state=DISCONNECTED, old=DISCONNECTED, reason=dataEnabled
D/MobileDataStateTracker(  343): ims: Broadcast received: android.intent.action.ANY_DATA_STATE apnType=ims
D/MobileDataStateTracker(  343): ims: Received state=DISCONNECTED, old=DISCONNECTED, reason=dataEnabled
D/MobileDataStateTracker(  343): mms: Broadcast received: android.intent.action.ANY_DATA_STATE apnType=mms
D/MobileDataStateTracker(  343): mms: Received state=DISCONNECTED, old=DISCONNECTED, reason=dataEnabled
D/MobileDataStateTracker(  343): cbs: Broadcast received: android.intent.action.ANY_DATA_STATE apnType=cbs
D/MobileDataStateTracker(  343): cbs: Received state=DISCONNECTED, old=DISCONNECTED, reason=dataEnabled
D/MobileDataStateTracker(  343): hipri: Broadcast received: android.intent.action.ANY_DATA_STATE apnType=hipri
D/MobileDataStateTracker(  343): hipri: Received state=CONNECTED, old=CONNECTING, reason=dataEnabled
D/MobileDataStateTracker(  343): hipri: setDetailed state, old =CONNECTING and new state=CONNECTED
D/ConnectivityService(  343): ConnectivityChange for mobile_hipri: CONNECTED/CONNECTED
D/dalvikvm(  590): GC_CONCURRENT freed 481K, 15% free 3305K/3880K, paused 5ms+41ms, total 93ms
E/logwrapper(  780): executing /system/bin/ip failed: No such file or directory
E/ConnectivityService(  343): Exception trying to add a route: java.lang.IllegalStateException: command '21 interface fwmark exempt add 10.0.2.2/32' failed with '400 21 Failed to add exemption rule (File exists)'
E/logwrapper(  781): executing /system/bin/ip failed: No such file or directory
E/ConnectivityService(  343): Exception trying to add a route: java.lang.IllegalStateException: command '23 interface fwmark exempt add 10.0.2.3/32' failed with '400 23 Failed to add exemption rule (File exists)'
E/logwrapper(  782): executing /system/bin/ip failed: No such file or directory
E/ConnectivityService(  343): Exception trying to add a route: java.lang.IllegalStateException: command '25 interface fwmark exempt add 10.0.2.2/32' failed with '400 25 Failed to add exemption rule (File exists)'
D/dalvikvm(  343): GC_EXPLICIT freed 400K, 58% free 5651K/13204K, paused 13ms+7ms, total 145ms
E/logwrapper(  783): executing /system/bin/ip failed: No such file or directory
E/ConnectivityService(  343): Exception trying to add a route: java.lang.IllegalStateException: command '27 interface fwmark exempt add 10.0.2.4/32' failed with '400 27 Failed to add exemption rule (File exists)'
E/logwrapper(  784): executing /system/bin/ip failed: No such file or directory
E/SecondaryTablController(   55): ip route add failed: /system/bin/ip route add 10.0.2.2/32 via 0.0.0.0 dev eth0 table 60
W/FrameworkListener(   55): Handler 'interface' error (No such device)
E/ConnectivityService(  343): Exception trying to add a route: java.lang.IllegalStateException: command '28 interface route add eth0 secondary 10.0.2.2 32 0.0.0.0' failed with '400 28 ip route modification failed (No such device)'
E/logwrapper(  785): executing /system/bin/ip failed: No such file or directory
E/SecondaryTablController(   55): ip route add failed: /system/bin/ip route add 0.0.0.0/0 via 10.0.2.2 dev eth0 table 60
W/FrameworkListener(   55): Handler 'interface' error (No such device)
E/ConnectivityService(  343): Exception trying to add a route: java.lang.IllegalStateException: command '29 interface route add eth0 secondary 0.0.0.0 0 10.0.2.2' failed with '400 29 ip route modification failed (No such device)'
D/Nat464Xlat(  343): requiresClat: netType=5, hasIPv4Address=true
D/MobileDataStateTracker(  343): default: setPolicyDataEnable(enabled=true)
W/NetworkPolicy(  343): shared quota unsupported; generating rule for each iface
D/MobileDataStateTracker(  343): hipri: isProvisioningNetwork: retVal=false
D/ConnectivityService(  343): [CheckMp] isMobileOk: isProvisioningNetwork is false, continue
D/ConnectivityService(  343): [CheckMp] isMobileOk: addresses=clients3.google.com/216.58.212.110
D/ConnectivityService(  343): [CheckMp] isMobileOk: linkHasIpv4=true linkHasIpv6=false
D/Launcher.Model(  658): Reload apps on config change. curr_mcc:310 prevmcc:0
I/Choreographer(  658): Skipped 1362 frames!  The application may be doing too much work on its main thread.
E/NetdConnector(  343): NDC Command {31 bandwidth removeiquota eth0} took too long (1010ms)
D/dalvikvm(  658): GC_CONCURRENT freed 241K, 8% free 4003K/4316K, paused 14ms+3ms, total 74ms
W/ProcessCpuTracker(  343): Skipping unknown process pid 803
I/Choreographer(  658): Skipped 116 frames!  The application may be doing too much work on its main thread.
D/gralloc_goldfish(  658): Emulator without GPU emulation detected.
D/dalvikvm(  658): GC_FOR_ALLOC freed 151K, 10% free 3913K/4332K, paused 41ms, total 42ms
I/dalvikvm-heap(  658): Grow heap (frag case) to 5.424MB for 1610896-byte allocation
D/dalvikvm(  658): GC_FOR_ALLOC freed <1K, 8% free 5485K/5908K, paused 41ms, total 41ms
D/dalvikvm(  658): GC_CONCURRENT freed 9K, 8% free 5477K/5908K, paused 4ms+2ms, total 60ms
D/dalvikvm(  658): WAIT_FOR_CONCURRENT_GC blocked 43ms
I/dalvikvm-heap(  658): Grow heap (frag case) to 6.952MB for 1610896-byte allocation
D/dalvikvm(  658): GC_FOR_ALLOC freed <1K, 6% free 7050K/7484K, paused 60ms, total 61ms
E/SQLiteLog(  608): (1) no such table: album_info
D/dalvikvm(  658): GC_CONCURRENT freed <1K, 6% free 7118K/7528K, paused 13ms+169ms, total 304ms
I/ActivityManager(  343): Displayed com.android.launcher/com.android.launcher2.Launcher: +14s866ms (total +18s97ms)
D/dalvikvm(  438): GC_FOR_ALLOC freed 3125K, 48% free 3587K/6780K, paused 190ms, total 194ms
I/dalvikvm-heap(  438): Grow heap (frag case) to 6.496MB for 3072016-byte allocation
D/dalvikvm(  438): GC_CONCURRENT freed 5K, 3% free 6581K/6780K, paused 5ms+3ms, total 90ms
D/Tethering(  343): MasterInitialState.processMessage what=3
D/CaptivePortalTracker(  343): NoActiveNetworkState{ when=-3ms what=1 obj=NetworkInfo: type: mobile_hipri[UMTS], state: CONNECTED/CONNECTED, reason: dataEnabled, extra: epc.tmobile.com, roaming: false, failover: false, isAvailable: true, isConnectedToProvisioningNetwork: false target=com.android.internal.util.StateMachine$SmHandler }
D/CaptivePortalTracker(  343): NoActiveNetworkState not a wifi connectivity change, ignore
E/NetdConnector(  343): NDC Command {32 interface route add eth0 default 10.0.2.2 32 0.0.0.0} took too long (2888ms)
E/logwrapper(  816): executing /system/bin/ip failed: No such file or directory
I/ActivityManager(  343): Start proc com.android.externalstorage for broadcast com.android.externalstorage/.MountReceiver: pid=818 uid=10006 gids={50006, 1028, 1015, 1023}
I/DownloadManager(  608): Upgrading downloads database from version 0 to version 109, which will destroy all old data
E/NetdConnector(  343): NDC Command {33 bandwidth setiquota eth0 9223372036854775807} took too long (2749ms)
E/ConnectivityService(  343): Exception trying to add a route: java.lang.IllegalStateException: command '34 interface fwmark exempt add 10.0.2.2/32' failed with '400 34 Failed to add exemption rule (File exists)'
D/ExternalStorage(  818): Missing UUID for /storage/sdcard; skipping
D/ExternalStorage(  818): After updating volumes, found 0 active roots
D/ExternalStorage(  818): Missing UUID for /storage/sdcard; skipping
D/ExternalStorage(  818): After updating volumes, found 0 active roots
D/MediaScannerReceiver(  608): action: android.intent.action.MEDIA_MOUNTED path: /storage/sdcard
I/Choreographer(  658): Skipped 123 frames!  The application may be doing too much work on its main thread.
E/NetdConnector(  343): NDC Command {35 bandwidth removeiquota eth0} took too long (852ms)
E/NetdConnector(  343): NDC Command {36 interface route add eth0 default 216.58.212.110 32 10.0.2.2} took too long (899ms)
I/Choreographer(  658): Skipped 117 frames!  The application may be doing too much work on its main thread.
I/Choreographer(  658): Skipped 54 frames!  The application may be doing too much work on its main thread.
W/ActivityManager(  343): Activity destroy timeout for ActivityRecord{b2f19000 u0 com.android.settings/.CryptKeeper t1 f}
D/dalvikvm(  608): GC_FOR_ALLOC freed 283K, 11% free 2926K/3276K, paused 102ms, total 102ms
I/ContactLocale(  539): AddressBook Labels [en_US]: [, A, B, C, D, E, F, G, H, I, J, K, L, M, N, O, P, Q, R, S, T, U, V, W, X, Y, Z, , , , , , , , , , , , , , , , , , , , , , , , , , , , , , , , , , , , , , , , , , , , , , , , , , , , , , , , , , , , , , , , , , , , , , , , , , , , , , , , , , , , , , , , , , , , , , , , , , , , , , , , , , , , , , , , , , , , , , , , , , , , , , , , , , , , , , , , , , , , , , , , , , , , , , , , , , , , , , , , , , , , , , , , , , , , , , , , , , , , , , #, ]
D/GpsLocationProvider(  343): NTP server returned: 1528370092715 (Thu Jun 07 07:14:52 EDT 2018) reference: 73904 certainty: 20 system time offset: -12253
E/logwrapper(  858): executing /system/bin/ip failed: No such file or directory
E/NetdConnector(  343): NDC Command {37 bandwidth setiquota eth0 9223372036854775807} took too long (1955ms)
E/NetdConnector(  343): NDC Command {38 interface fwmark exempt add 216.58.212.110/32} took too long (1874ms)
D/MobileDataStateTracker(  343): default: setPolicyDataEnable(enabled=true)
E/ConnectivityService(  343): Exception trying to add a route: java.lang.IllegalStateException: command '38 interface fwmark exempt add 216.58.212.110/32' failed with '400 38 Failed to add exemption rule (File exists)'
D/ConnectivityService(  343): requestRouteToHostAddress ok=false
D/ConnectivityService(  343): [CheckMp] isMobileOk: could not establish route to hostAddr=clients3.google.com/216.58.212.110
V/MediaScanner(  608): pruneDeadThumbnailFiles... android.database.sqlite.SQLiteCursor@b2da2180
V/MediaScanner(  608): /pruneDeadThumbnailFiles... android.database.sqlite.SQLiteCursor@b2da2180
D/dalvikvm(  658): GC_CONCURRENT freed 1961K, 24% free 6507K/8548K, paused 5ms+4ms, total 31ms
D/dalvikvm(  608): GC_CONCURRENT freed 65K, 10% free 2973K/3276K, paused 2ms+2ms, total 53ms
D/dalvikvm(  539): GC_CONCURRENT freed 193K, 8% free 3139K/3400K, paused 4ms+16ms, total 66ms
I/ActivityManager(  343): Start proc com.android.exchange for content provider com.android.exchange/.provider.ExchangeDirectoryProvider: pid=861 uid=10025 gids={50025, 3003, 1028, 1015}
I/ActivityManager(  343): Start proc com.android.email for content provider com.android.email/.provider.EmailProvider: pid=874 uid=10024 gids={50024, 3003, 1028, 1015}
I/ContactDirectoryManager(  539): deleted 0 stale rows which don't have any relevant directory
D/dalvikvm(  343): GC_CONCURRENT freed 699K, 58% free 5571K/13192K, paused 5ms+5ms, total 72ms
E/BluetoothAdapter(  596): Bluetooth binder is null
I/ContactDirectoryManager(  539): Discovered 0 contact directories in 877ms
I/ActivityManager(  343): Start proc com.android.music for broadcast com.android.music/.MediaButtonIntentReceiver: pid=887 uid=10032 gids={50032, 3003, 1028, 1015}
I/dalvikvm(  887): CheckJNI enabled: not enabling JNI app bug workarounds.
I/MediaFocusControl(  343):   Remote Control   registerMediaButtonIntent() for PendingIntent{b3441780: PendingIntentRecord{b340ef60 com.android.music broadcastIntent}}
D/ActivityThread(  874): Loading provider com.android.email.provider;com.android.email.notifier: com.android.email.provider.EmailProvider
E/BluetoothAdapter(  596): Bluetooth binder is null
I/ActivityManager(  343): Start proc com.android.calendar for broadcast com.android.calendar/.widget.CalendarAppWidgetService$CalendarFactory: pid=902 uid=10016 gids={50016, 3003}
I/ContactsProvider(  539): Upgrading aggregation algorithm
D/ExtensionsFactory(  902): No custom extensions.
I/ContactAggregator(  539): Marked all visible contacts for aggregation: 0 raw contacts, 5 ms
I/ActivityManager(  343): Start proc com.android.providers.calendar for content provider com.android.providers.calendar/.CalendarProvider2: pid=921 uid=10001 gids={50001, 3003, 1028, 1015}
I/ActivityManager(  343): Start proc com.android.deskclock for broadcast com.android.deskclock/.AlarmInitReceiver: pid=931 uid=10020 gids={50020, 1028}
V/AlarmClock(  931): AlarmInitReceiver android.intent.action.TIMEZONE_CHANGED
I/ContactsProvider(  539): Aggregation algorithm upgraded for 0 raw contacts in 623ms
E/logwrapper(  945): executing /system/bin/ip failed: No such file or directory
E/ConnectivityService(  343): Exception trying to add a route: java.lang.IllegalStateException: command '41 interface fwmark exempt add 10.0.2.2/32' failed with '400 41 Failed to add exemption rule (File exists)'
E/logwrapper(  947): executing /system/bin/ip failed: No such file or directory
E/ConnectivityService(  343): Exception trying to add a route: java.lang.IllegalStateException: command '43 interface fwmark exempt add 216.58.212.110/32' failed with '400 43 Failed to add exemption rule (File exists)'
D/ConnectivityService(  343): requestRouteToHostAddress ok=false
D/ConnectivityService(  343): [CheckMp] isMobileOk: could not establish route to hostAddr=clients3.google.com/216.58.212.110
I/CalendarDatabaseHelper(  921): Bootstrapping database
I/AlarmClock(  931): Alarms Table created
I/AlarmClock(  931): Instance table created
I/AlarmClock(  931): Cities table created
I/AlarmClock(  931): Inserting default alarms
I/CalendarProvider2(  921): Created com.android.providers.calendar.CalendarAlarmManager@b2d96bc0(com.android.providers.calendar.CalendarProvider2@b2d83298)
I/AlarmClock(  931): Displaying next alarm time: ''
W/BackupManagerService(  343): dataChanged but no participant pkg='com.android.providers.settings' uid=10020
V/AlarmClock(  931): AlarmInitReceiver finished
E/BluetoothAdapter(  596): Bluetooth binder is null
I/ActivityManager(  343): Start proc com.android.dialer for broadcast com.android.dialer/.calllog.CallLogReceiver: pid=952 uid=10004 gids={50004, 3003, 1028, 1015}
D/dalvikvm(   59): GC_EXPLICIT freed 40K, 4% free 2705K/2816K, paused 2ms+3ms, total 63ms
D/dalvikvm(   59): GC_EXPLICIT freed <1K, 4% free 2705K/2816K, paused 12ms+12ms, total 56ms
D/dalvikvm(   59): GC_EXPLICIT freed <1K, 4% free 2705K/2816K, paused 3ms+2ms, total 46ms
D/ExtensionsFactory(  952): No custom extensions.
I/ContactsFTS(  539): Rebuild contact search index in 1244ms, 0 contacts
I/ActivityManager(  343): Delay finish: com.android.dialer/.calllog.CallLogReceiver
I/ActivityManager(  343): Resuming delayed broadcast
E/BluetoothAdapter(  343): Bluetooth binder is null
E/BluetoothAdapter(  343): Bluetooth binder is null
V/WiredAccessoryManager(  343): init()
I/PowerManagerService(  343): Boot animation finished.
E/SoundPool(  343): error loading /system/media/audio/ui/Effect_Tick.ogg
W/AudioService(  343): Soundpool could not load file: /system/media/audio/ui/Effect_Tick.ogg
E/SoundPool(  343): error loading /system/media/audio/ui/Effect_Tick.ogg
W/AudioService(  343): Soundpool could not load file: /system/media/audio/ui/Effect_Tick.ogg
E/SoundPool(  343): error loading /system/media/audio/ui/Effect_Tick.ogg
W/AudioService(  343): Soundpool could not load file: /system/media/audio/ui/Effect_Tick.ogg
E/SoundPool(  343): error loading /system/media/audio/ui/Effect_Tick.ogg
W/AudioService(  343): Soundpool could not load file: /system/media/audio/ui/Effect_Tick.ogg
E/SoundPool(  343): error loading /system/media/audio/ui/Effect_Tick.ogg
W/AudioService(  343): Soundpool could not load file: /system/media/audio/ui/Effect_Tick.ogg
E/SoundPool(  343): error loading /system/media/audio/ui/KeypressStandard.ogg
W/AudioService(  343): Soundpool could not load file: /system/media/audio/ui/KeypressStandard.ogg
E/SoundPool(  343): error loading /system/media/audio/ui/KeypressSpacebar.ogg
W/AudioService(  343): Soundpool could not load file: /system/media/audio/ui/KeypressSpacebar.ogg
E/SoundPool(  343): error loading /system/media/audio/ui/KeypressDelete.ogg
W/AudioService(  343): Soundpool could not load file: /system/media/audio/ui/KeypressDelete.ogg
E/SoundPool(  343): error loading /system/media/audio/ui/KeypressReturn.ogg
W/AudioService(  343): Soundpool could not load file: /system/media/audio/ui/KeypressReturn.ogg
E/SoundPool(  343): error loading /system/media/audio/ui/KeypressInvalid.ogg
W/AudioService(  343): Soundpool could not load file: /system/media/audio/ui/KeypressInvalid.ogg
W/AudioService(  343): onLoadSoundEffects(), Error -1 while loading samples
I/CalendarProvider2(  921): Sending notification intent: Intent { act=android.intent.action.PROVIDER_CHANGED dat=content://com.android.calendar }
W/ContentResolver(  921): Failed to get type for: content://com.android.calendar (Unknown URL content://com.android.calendar)
I/RecoverySystem(  343): No recovery log file
I/BootReceiver(  343): Copying audit failures to DropBox
I/BootReceiver(  343): Checking for fsck errors
D/dalvikvm(  343): GC_CONCURRENT freed 441K, 57% free 5766K/13192K, paused 12ms+5ms, total 89ms
I/ActivityManager(  343): Start proc com.android.mms for broadcast com.android.mms/.transaction.MmsSystemEventReceiver: pid=978 uid=10009 gids={50009, 3003, 1028, 1015}
D/CountryDetector(  343): The first listener is added
V/MmsConfig(  978): mnc/mcc: 310260
V/MmsConfig(  978): tag: bool value: enabledMMS - true
V/MmsConfig(  978): tag: int value: maxMessageSize - 307200
V/MmsConfig(  978): tag: int value: maxImageHeight - 480
V/MmsConfig(  978): tag: int value: maxImageWidth - 640
