V/MmsConfig(  978): tag: int value: defaultSMSMessagesPerThread - 10000
V/MmsConfig(  978): tag: int value: defaultMMSMessagesPerThread - 1000
V/MmsConfig(  978): tag: int value: minMessageCountPerThread - 10
V/MmsConfig(  978): tag: int value: maxMessageCountPerThread - 5000
V/MmsConfig(  978): tag: string value: uaProfUrl - http://www.google.com/oha/rdf/ua-profile-kila.xml
V/MmsConfig(  978): tag: int value: recipientLimit - -1
V/MmsConfig(  978): tag: bool value: enableMultipartSMS - true
V/MmsConfig(  978): tag: int value: smsToMmsTextThreshold - -1
V/MmsConfig(  978): tag: bool value: enableSlideDuration - true
V/MmsConfig(  978): tag: int value: maxMessageTextSize - -1
D/dalvikvm(  874): GC_CONCURRENT freed 203K, 9% free 2888K/3164K, paused 4ms+3ms, total 40ms
I/MediaProvider(  608): Upgrading media database from version 0 to 700, which will destroy all old data
W/ActivityManager(  343): Unable to start service Intent { cmp=com.android.email/.service.AttachmentDownloadService } U=0: not found
E/logwrapper( 1002): executing /system/bin/ip failed: No such file or directory
E/ConnectivityService(  343): Exception trying to add a route: java.lang.IllegalStateException: command '45 interface fwmark exempt add 10.0.2.2/32' failed with '400 45 Failed to add exemption rule (File exists)'
W/ActivityManager(  343): Unable to start service Intent { cmp=com.android.email/.service.AttachmentDownloadService } U=0: not found
I/Email   (  874): Observing account changes for notifications
E/logwrapper( 1003): executing /system/bin/ip failed: No such file or directory
E/ConnectivityService(  343): Exception trying to add a route: java.lang.IllegalStateException: command '47 interface fwmark exempt add 216.58.212.110/32' failed with '400 47 Failed to add exemption rule (File exists)'
D/ConnectivityService(  343): requestRouteToHostAddress ok=false
D/ConnectivityService(  343): [CheckMp] isMobileOk: could not establish route to hostAddr=clients3.google.com/216.58.212.110
E/SQLiteLog(  608): (1) no such table: files
I/ActivityManager(  343): Delay finish: com.android.mms/.transaction.MmsSystemEventReceiver
D/Mms:app (  978): cancelNotification
I/ActivityManager(  343): Resuming delayed broadcast
I/ActivityManager(  343): Delay finish: com.android.mms/.transaction.SmsReceiver
D/MmsSmsDatabaseHelper(  590): [MmsSmsDb] tableName: threads hasAutoIncrement: CREATE TABLE threads (_id INTEGER PRIMARY KEY AUTOINCREMENT,date INTEGER DEFAULT 0,message_count INTEGER DEFAULT 0,recipient_ids TEXT,snippet TEXT,snippet_cs INTEGER DEFAULT 0,read INTEGER DEFAULT 1,type INTEGER DEFAULT 0,error INTEGER DEFAULT 0,has_attachment INTEGER DEFAULT 0) result: true
D/MmsSmsDatabaseHelper(  590): [MmsSmsDb] tableName: canonical_addresses hasAutoIncrement: CREATE TABLE canonical_addresses (_id INTEGER PRIMARY KEY AUTOINCREMENT,address TEXT) result: true
D/MmsSmsDatabaseHelper(  590): [MmsSmsDb] tableName: part hasAutoIncrement: CREATE TABLE part (_id INTEGER PRIMARY KEY AUTOINCREMENT,mid INTEGER,seq INTEGER DEFAULT 0,ct TEXT,name TEXT,chset INTEGER,cd TEXT,fn TEXT,cid TEXT,cl TEXT,ctt_s INTEGER,ctt_t TEXT,_data TEXT,text TEXT) result: true
D/MmsSmsDatabaseHelper(  590): [MmsSmsDb] tableName: pdu hasAutoIncrement: CREATE TABLE pdu (_id INTEGER PRIMARY KEY AUTOINCREMENT,thread_id INTEGER,date INTEGER,date_sent INTEGER DEFAULT 0,msg_box INTEGER,read INTEGER DEFAULT 0,m_id TEXT,sub TEXT,sub_cs INTEGER,ct_t TEXT,ct_l TEXT,exp INTEGER,m_cls TEXT,m_type INTEGER,v INTEGER,m_size INTEGER,pri INTEGER,rr INTEGER,rpt_a INTEGER,resp_st INTEGER,st INTEGER,tr_id TEXT,retr_st INTEGER,retr_txt TEXT,retr_txt_cs INTEGER,read_status INTEGER,ct_cls INTEGER,resp_txt TEXT,d_tm INTEGER,d_rpt INTEGER,locked INTEGER DEFAULT 0,seen INTEGER DEFAULT 0,text_only INTEGER DEFAULT 0) result: true
D/MmsSmsDatabaseHelper(  590): [getWritableDatabase] hasAutoIncrementThreads: true hasAutoIncrementAddresses: true hasAutoIncrementPart: true hasAutoIncrementPdu: true
E/WVMExtractor(   61): Failed to open libwvm.so
D/Mms:app (  978): cancelNotification
I/ActivityManager(  343): Resuming delayed broadcast
D/AlertReceiver(  902): onReceive: a=android.intent.action.BOOT_COMPLETED Intent { act=android.intent.action.BOOT_COMPLETED flg=0x8000010 cmp=com.android.calendar/.alerts.AlertReceiver (has extras) }
I/ActivityManager(  343): Delay finish: com.android.calendar/.alerts.AlertReceiver
D/AlertUtils(  902): Flushing old alerts from shared prefs table
D/AlertService(  902): 0 Action = android.intent.action.BOOT_COMPLETED
D/AlertService(  902): Scheduling next alarm with AlarmScheduler. sEventReminderReceived: null
D/dalvikvm(  902): GC_CONCURRENT freed 306K, 12% free 2809K/3188K, paused 35ms+2ms, total 100ms
D/AlarmScheduler(  902): No events found starting within 1 week.
E/logwrapper( 1014): executing /system/bin/ip failed: No such file or directory
E/ConnectivityService(  343): Exception trying to add a route: java.lang.IllegalStateException: command '49 interface fwmark exempt add 10.0.2.2/32' failed with '400 49 Failed to add exemption rule (File exists)'
E/logwrapper( 1015): executing /system/bin/ip failed: No such file or directory
E/ConnectivityService(  343): Exception trying to add a route: java.lang.IllegalStateException: command '51 interface fwmark exempt add 216.58.212.110/32' failed with '400 51 Failed to add exemption rule (File exists)'
D/ConnectivityService(  343): requestRouteToHostAddress ok=false
D/ConnectivityService(  343): [CheckMp] isMobileOk: could not establish route to hostAddr=clients3.google.com/216.58.212.110
V/MediaScanner(  608): pruneDeadThumbnailFiles... android.database.sqlite.SQLiteCursor@b2ded8a0
V/MediaScanner(  608): /pruneDeadThumbnailFiles... android.database.sqlite.SQLiteCursor@b2ded8a0
I/ActivityManager(  343): Resuming delayed broadcast
V/AlarmClock(  931): AlarmInitReceiver android.intent.action.BOOT_COMPLETED
V/AlarmClock(  931): AlarmInitReceiver - Reset timers and clear stopwatch data
V/AlarmClock(  931): AlarmInitReceiver - resetting volume button default
I/AlarmClock(  931): Displaying next alarm time: ''
V/AlarmClock(  931): AlarmInitReceiver finished
D/dalvikvm(  931): GC_CONCURRENT freed 409K, 15% free 2808K/3288K, paused 55ms+90ms, total 682ms
I/ActivityManager(  343): Delay finish: com.android.email/.service.EmailUpgradeBroadcastReceiver
I/ActivityManager(  343): Resuming delayed broadcast
I/ActivityManager(  343): Delay finish: com.android.email/.service.EmailBroadcastReceiver
I/Email   (  874): Onetime initialization: 1
I/Email   (  874): Onetime initialization: 2
I/Email   (  874): Onetime initialization: completed.
I/ActivityManager(  343): Delaying start of: ServiceRecord{b3077b38 u0 com.android.exchange/.service.EmailSyncAdapterService}
D/ConnectivityService(  343): [CheckMp] isMobileOk: too many loops tried - giving up
D/ConnectivityService(  343): [CheckMp] isMobileOk: X loops|timed out result=0
D/ConnectivityService(  343): [CheckMp] isMobileOk: F stop hipri
D/MobileDataStateTracker(  343): default: setEnableFailFastMobileData(enabled=0)
D/ConnectivityService(  343): stopUsingNetworkFeature: teardown net 0: enableHIPRI
D/MobileDataStateTracker(  343): hipri: Broadcast received: android.intent.action.ANY_DATA_STATE apnType=hipri
D/MobileDataStateTracker(  343): hipri: Received state=DISCONNECTED, old=CONNECTED, reason=dataDisabled
D/MobileDataStateTracker(  343): hipri: setDetailed state, old =CONNECTED and new state=DISCONNECTED
D/ConnectivityService(  343): ConnectivityChange for mobile_hipri: DISCONNECTED/DISCONNECTED
E/logwrapper( 1022): executing /system/bin/ip failed: No such file or directory
E/SecondaryTablController(   55): ip route del failed: /system/bin/ip route del 10.0.2.2/32 via 0.0.0.0 dev eth0 table 60
W/FrameworkListener(   55): Handler 'interface' error (No such device)
E/logwrapper( 1023): executing /system/bin/ip failed: No such file or directory
E/SecondaryTablController(   55): ip route del failed: /system/bin/ip route del 0.0.0.0/0 via 10.0.2.2 dev eth0 table 60
W/FrameworkListener(   55): Handler 'interface' error (No such device)
D/Nat464Xlat(  343): requiresClat: netType=5, hasIPv4Address=true
D/MobileDataStateTracker(  343): default: setPolicyDataEnable(enabled=true)
E/MetadataRetrieverClient(   61): failed to extract an album art
E/NetdConnector(  343): NDC Command {58 bandwidth gettetherstats} took too long (807ms)
D/dalvikvm(  343): GC_CONCURRENT freed 755K, 57% free 5702K/13192K, paused 154ms+45ms, total 724ms
I/InputReader(  343): Reconfiguring input devices.  changes=0x00000010
I/InputReader(  343): Reconfiguring input devices.  changes=0x00000010
I/PackageManager(  343):   Action: "android.intent.action.SENDTO"
I/PackageManager(  343):   Category: "android.intent.category.DEFAULT"
I/PackageManager(  343):   Scheme: "sms"
I/PackageManager(  343): Adding preferred activity ComponentInfo{com.android.mms/com.android.mms.ui.ComposeMessageActivity} for user 0 :
W/ProcessCpuTracker(  343): Skipping unknown process pid 1029
I/ActivityManager(  343): Waited long enough for: ServiceRecord{b371e3f0 u0 com.android.music/.MediaPlaybackService}
I/ActivityManager(  343): Resuming delayed broadcast
D/Tethering(  343): MasterInitialState.processMessage what=3
D/CaptivePortalTracker(  343): NoActiveNetworkState{ when=-2ms what=1 obj=NetworkInfo: type: mobile_hipri[UMTS], state: DISCONNECTED/DISCONNECTED, reason: dataDisabled, extra: epc.tmobile.com, roaming: false, failover: false, isAvailable: true, isConnectedToProvisioningNetwork: false target=com.android.internal.util.StateMachine$SmHandler }
D/CaptivePortalTracker(  343): NoActiveNetworkState not a wifi connectivity change, ignore
I/LauncherIconVisibilityManager(  578): Boot has been completed
E/NetdConnector(  343): NDC Command {59 bandwidth removeiquota eth0} took too long (3446ms)
I/PackageManager(  343): Adding preferred activity ComponentInfo{com.android.mms/com.android.mms.ui.ComposeMessageActivity} for user 0 :
I/LauncherIconVisibilityManager(  578): Disable activity: ComponentInfo{com.android.inputmethod.latin/com.android.inputmethod.latin.setup.SetupActivity}
I/PackageManager(  343):   Action: "android.intent.action.SENDTO"
I/PackageManager(  343):   Category: "android.intent.category.DEFAULT"
I/PackageManager(  343):   Scheme: "smsto"
E/NetdConnector(  343): NDC Command {60 bandwidth gettetherstats} took too long (2966ms)
D/Tethering(  343): MasterInitialState.processMessage what=3
D/CaptivePortalTracker(  343): NoActiveNetworkState{ when=-1ms what=1 obj=NetworkInfo: type: mobile[UMTS], state: CONNECTED/CONNECTED, reason: connected, extra: epc.tmobile.com, roaming: false, failover: false, isAvailable: true, isConnectedToProvisioningNetwork: false target=com.android.internal.util.StateMachine$SmHandler }
D/CaptivePortalTracker(  343): NoActiveNetworkState not a wifi connectivity change, ignore
D/dalvikvm(  590): GC_CONCURRENT freed 327K, 12% free 3430K/3856K, paused 25ms+80ms, total 216ms
I/PackageManager(  343):   Action: "android.intent.action.SENDTO"
I/PackageManager(  343):   Category: "android.intent.category.DEFAULT"
I/PackageManager(  343):   Scheme: "mms"
I/PackageManager(  343): Adding preferred activity ComponentInfo{com.android.mms/com.android.mms.ui.ComposeMessageActivity} for user 0 :
D/ConnectivityService(  343): [CheckMp] isMobileOk: X result=0
D/ConnectivityService(  343): [CheckMp] onPostExecute: result=0
D/ConnectivityService(  343): CheckMp.onComplete: result=0
D/ConnectivityService(  343): CheckMp.onComplete: ignore, connected or no connection
I/PackageManager(  343):   Action: "android.intent.action.SENDTO"
I/PackageManager(  343):   Category: "android.intent.category.DEFAULT"
I/PackageManager(  343):   Scheme: "mmsto"
I/PackageManager(  343): Adding preferred activity ComponentInfo{com.android.mms/com.android.mms.ui.ComposeMessageActivity} for user 0 :
D/dalvikvm(  343): GC_CONCURRENT freed 627K, 56% free 5828K/13192K, paused 112ms+61ms, total 737ms
D/dalvikvm(  343): WAIT_FOR_CONCURRENT_GC blocked 155ms
I/PackageManager(  343):   Action: "android.intent.action.SENDTO"
I/PackageManager(  343):   Category: "android.intent.category.DEFAULT"
I/PackageManager(  343):   Scheme: "sms"
I/PackageManager(  343): Adding preferred activity ComponentInfo{com.android.mms/com.android.mms.ui.ComposeMessageActivity} for user 0 :
I/PackageManager(  343):   Action: "android.intent.action.SENDTO"
I/PackageManager(  343):   Category: "android.intent.category.DEFAULT"
I/PackageManager(  343):   Scheme: "smsto"
I/PackageManager(  343): Adding preferred activity ComponentInfo{com.android.mms/com.android.mms.ui.ComposeMessageActivity} for user 0 :
I/PackageManager(  343):   Action: "android.intent.action.SENDTO"
I/PackageManager(  343):   Category: "android.intent.category.DEFAULT"
I/PackageManager(  343):   Scheme: "mms"
I/PackageManager(  343): Adding preferred activity ComponentInfo{com.android.mms/com.android.mms.ui.ComposeMessageActivity} for user 0 :
I/PackageManager(  343):   Action: "android.intent.action.SENDTO"
I/PackageManager(  343):   Category: "android.intent.category.DEFAULT"
I/PackageManager(  343):   Scheme: "mmsto"
I/PackageManager(  343): Adding preferred activity ComponentInfo{com.android.mms/com.android.mms.ui.ComposeMessageActivity} for user 0 :
D/dalvikvm(  590): GC_CONCURRENT freed 466K, 16% free 3393K/4008K, paused 5ms+2ms, total 119ms
D/dalvikvm(  590): WAIT_FOR_CONCURRENT_GC blocked 107ms
I/PackageManager(  343):   Action: "android.intent.action.SENDTO"
I/PackageManager(  343):   Category: "android.intent.category.DEFAULT"
I/PackageManager(  343):   Scheme: "sms"
I/PackageManager(  343): Adding preferred activity ComponentInfo{com.android.mms/com.android.mms.ui.ComposeMessageActivity} for user 0 :
E/BluetoothAdapter(  596): Bluetooth binder is null
I/PackageManager(  343):   Action: "android.intent.action.SENDTO"
I/PackageManager(  343):   Category: "android.intent.category.DEFAULT"
I/PackageManager(  343):   Scheme: "smsto"
I/PackageManager(  343): Adding preferred activity ComponentInfo{com.android.mms/com.android.mms.ui.ComposeMessageActivity} for user 0 :
I/PackageManager(  343): Adding preferred activity ComponentInfo{com.android.mms/com.android.mms.ui.ComposeMessageActivity} for user 0 :
I/PackageManager(  343):   Action: "android.intent.action.SENDTO"
I/PackageManager(  343):   Category: "android.intent.category.DEFAULT"
I/PackageManager(  343):   Scheme: "mms"
I/ActivityManager(  343): Waited long enough for: ServiceRecord{b371e8e0 u0 com.android.calendar/.alerts.InitAlarmsService}
D/dalvikvm(  343): GC_CONCURRENT freed 777K, 56% free 5820K/13192K, paused 85ms+64ms, total 1075ms
I/PackageManager(  343):   Action: "android.intent.action.SENDTO"
I/PackageManager(  343):   Category: "android.intent.category.DEFAULT"
I/PackageManager(  343):   Scheme: "mmsto"
I/PackageManager(  343): Adding preferred activity ComponentInfo{com.android.mms/com.android.mms.ui.ComposeMessageActivity} for user 0 :
W/ProcessCpuTracker(  343): Skipping unknown process pid 1046
I/PackageManager(  343):   Action: "android.intent.action.SENDTO"
I/PackageManager(  343):   Category: "android.intent.category.DEFAULT"
I/PackageManager(  343):   Scheme: "sms"
I/PackageManager(  343): Adding preferred activity ComponentInfo{com.android.mms/com.android.mms.ui.ComposeMessageActivity} for user 0 :
I/PackageManager(  343):   Action: "android.intent.action.SENDTO"
I/PackageManager(  343):   Category: "android.intent.category.DEFAULT"
I/PackageManager(  343):   Scheme: "smsto"
I/PackageManager(  343): Adding preferred activity ComponentInfo{com.android.mms/com.android.mms.ui.ComposeMessageActivity} for user 0 :
D/dalvikvm(  590): GC_CONCURRENT freed 429K, 16% free 3375K/4008K, paused 3ms+2ms, total 427ms
I/PackageManager(  343):   Action: "android.intent.action.SENDTO"
I/PackageManager(  343):   Category: "android.intent.category.DEFAULT"
I/PackageManager(  343):   Scheme: "mms"
I/PackageManager(  343): Adding preferred activity ComponentInfo{com.android.mms/com.android.mms.ui.ComposeMessageActivity} for user 0 :
I/PackageManager(  343):   Action: "android.intent.action.SENDTO"
I/PackageManager(  343):   Category: "android.intent.category.DEFAULT"
I/PackageManager(  343):   Scheme: "mmsto"
I/PackageManager(  343): Adding preferred activity ComponentInfo{com.android.mms/com.android.mms.ui.ComposeMessageActivity} for user 0 :
E/NetdConnector(  343): NDC Command {61 bandwidth setiquota eth0 9223372036854775807} took too long (7416ms)
D/MobileDataStateTracker(  343): default: setPolicyDataEnable(enabled=true)
W/BroadcastQueue(  343): Permission Denial: broadcasting Intent { act=android.appwidget.action.APPWIDGET_UPDATE_OPTIONS flg=0x10 cmp=com.android.settings/.widget.SettingsAppWidgetProvider (has extras) } from android (pid=658, uid=10008) is not exported from uid 1000 due to receiver com.android.settings/.widget.SettingsAppWidgetProvider
E/BluetoothAdapter(  596): Bluetooth binder is null
E/NetdConnector(  343): NDC Command {62 bandwidth removeiquota eth0} took too long (2620ms)
I/InputReader(  343): Reconfiguring input devices.  changes=0x00000010
D/dalvikvm(  978): GC_CONCURRENT freed 222K, 10% free 2873K/3168K, paused 74ms+3ms, total 1663ms
I/PackageManager(  343):   Action: "android.intent.action.SENDTO"
I/PackageManager(  343):   Category: "android.intent.category.DEFAULT"
I/PackageManager(  343):   Scheme: "sms"
I/PackageManager(  343): Adding preferred activity ComponentInfo{com.android.mms/com.android.mms.ui.ComposeMessageActivity} for user 0 :
D/dalvikvm(  343): GC_CONCURRENT freed 799K, 57% free 5788K/13192K, paused 173ms+38ms, total 1462ms
I/PackageManager(  343):   Action: "android.intent.action.SENDTO"
I/PackageManager(  343):   Category: "android.intent.category.DEFAULT"
I/PackageManager(  343):   Scheme: "smsto"
I/PackageManager(  343): Adding preferred activity ComponentInfo{com.android.mms/com.android.mms.ui.ComposeMessageActivity} for user 0 :
D/dalvikvm(  590): GC_CONCURRENT freed 413K, 17% free 3346K/4000K, paused 3ms+2ms, total 273ms
I/PackageManager(  343):   Action: "android.intent.action.SENDTO"
I/PackageManager(  343):   Category: "android.intent.category.DEFAULT"
I/PackageManager(  343):   Scheme: "mms"
I/PackageManager(  343): Adding preferred activity ComponentInfo{com.android.mms/com.android.mms.ui.ComposeMessageActivity} for user 0 :
I/PackageManager(  343):   Action: "android.intent.action.SENDTO"
I/PackageManager(  343):   Category: "android.intent.category.DEFAULT"
I/PackageManager(  343):   Scheme: "mmsto"
I/PackageManager(  343): Adding preferred activity ComponentInfo{com.android.mms/com.android.mms.ui.ComposeMessageActivity} for user 0 :
I/PackageManager(  343):   Action: "android.intent.action.SENDTO"
I/PackageManager(  343):   Category: "android.intent.category.DEFAULT"
I/PackageManager(  343):   Scheme: "sms"
I/PackageManager(  343): Adding preferred activity ComponentInfo{com.android.mms/com.android.mms.ui.ComposeMessageActivity} for user 0 :
I/PackageManager(  343):   Action: "android.intent.action.SENDTO"
I/PackageManager(  343):   Category: "android.intent.category.DEFAULT"
I/PackageManager(  343):   Scheme: "smsto"
I/PackageManager(  343): Adding preferred activity ComponentInfo{com.android.mms/com.android.mms.ui.ComposeMessageActivity} for user 0 :
I/PackageManager(  343):   Action: "android.intent.action.SENDTO"
I/PackageManager(  343):   Category: "android.intent.category.DEFAULT"
I/PackageManager(  343):   Scheme: "mms"
I/PackageManager(  343): Adding preferred activity ComponentInfo{com.android.mms/com.android.mms.ui.ComposeMessageActivity} for user 0 :
I/PackageManager(  343):   Action: "android.intent.action.SENDTO"
I/PackageManager(  343):   Category: "android.intent.category.DEFAULT"
I/PackageManager(  343):   Scheme: "mmsto"
I/PackageManager(  343): Adding preferred activity ComponentInfo{com.android.mms/com.android.mms.ui.ComposeMessageActivity} for user 0 :
D/dalvikvm(  590): GC_CONCURRENT freed 427K, 16% free 3376K/4000K, paused 4ms+24ms, total 154ms
D/dalvikvm(  343): GC_CONCURRENT freed 752K, 57% free 5743K/13192K, paused 6ms+4ms, total 443ms
E/NetdConnector(  343): NDC Command {63 bandwidth setiquota eth0 9223372036854775807} took too long (4549ms)
D/MobileDataStateTracker(  343): default: setPolicyDataEnable(enabled=true)
D/MobileDataStateTracker(  343): default: setPolicyDataEnable(enabled=true)
D/AlertReceiver(  902): onReceive: a=android.intent.action.PROVIDER_CHANGED Intent { act=android.intent.action.PROVIDER_CHANGED dat=content://com.android.calendar flg=0x10 cmp=com.android.calendar/.alerts.AlertReceiver }
E/StrictMode(  978): A resource was acquired at attached stack trace but never released. See java.io.Closeable for information on avoiding resource leaks.
E/StrictMode(  978): java.lang.Throwable: Explicit termination method 'release' not called
E/StrictMode(  978): 	at dalvik.system.CloseGuard.open(CloseGuard.java:184)
E/StrictMode(  978): 	at android.drm.DrmManagerClient.<init>(DrmManagerClient.java:258)
E/StrictMode(  978): 	at com.google.android.mms.pdu.PduPersister.<init>(PduPersister.java:288)
E/StrictMode(  978): 	at com.google.android.mms.pdu.PduPersister.getPduPersister(PduPersister.java:296)
E/StrictMode(  978): 	at com.android.mms.transaction.TransactionService.onNewIntent(TransactionService.java:224)
E/StrictMode(  978): 	at com.android.mms.transaction.TransactionService$ServiceHandler.handleMessage(TransactionService.java:621)
E/StrictMode(  978): 	at android.os.Handler.dispatchMessage(Handler.java:102)
E/StrictMode(  978): 	at android.os.Looper.loop(Looper.java:136)
E/StrictMode(  978): 	at android.os.HandlerThread.run(HandlerThread.java:61)
D/AlertService(  902): 0 Action = android.intent.action.PROVIDER_CHANGED
I/ActivityManager(  343): Delay finish: com.android.mms/.transaction.SmsReceiver
V/SmsReceiverService(  978): onStart: #1 mResultCode: -1 = Activity.RESULT_OK
I/ActivityManager(  343): Resuming delayed broadcast
D/AndroidRuntime( 1078): 
D/AndroidRuntime( 1078): >>>>>> AndroidRuntime START com.android.internal.os.RuntimeInit <<<<<<
D/AndroidRuntime( 1078): CheckJNI is ON
D/MobileDataStateTracker(  343): default: setPolicyDataEnable(enabled=true)
D/dalvikvm( 1078): Trying to load lib libjavacore.so 0x0
D/dalvikvm( 1078): Added shared lib libjavacore.so 0x0
D/dalvikvm( 1078): Trying to load lib libnativehelper.so 0x0
D/dalvikvm( 1078): Added shared lib libnativehelper.so 0x0
D/dalvikvm( 1078): No JNI_OnLoad found in libnativehelper.so 0x0, skipping init
I/ActivityManager(  343): Delay finish: com.android.providers.calendar/.CalendarProviderBroadcastReceiver
I/ActivityManager(  343): Resuming delayed broadcast
D/dalvikvm( 1078): Note: class Landroid/app/ActivityManagerNative; has 179 unimplemented (abstract) methods
I/ActivityManager(  343): Delay finish: com.android.providers.contacts/.PackageIntentReceiver
D/dalvikvm(  921): GC_CONCURRENT freed 212K, 9% free 2895K/3180K, paused 10ms+3ms, total 327ms
I/ActivityManager(  343): Resuming delayed broadcast
D/ConnectivityService(  343): Sampling interval elapsed, updating statistics ..
D/ConnectivityService(  343): Done.
D/ConnectivityService(  343): Setting timer for 720seconds
E/memtrack( 1078): Couldn't load memtrack module (No such file or directory)
E/android.os.Debug( 1078): failed to load memtrack module: -2
D/AndroidRuntime( 1078): Calling main entry com.android.commands.pm.Pm
I/ActivityManager(  343): Start proc com.android.defcontainer for service com.android.defcontainer/.DefaultContainerService: pid=1102 uid=10003 gids={50003, 1028, 1015, 1023, 2001, 1035}
W/ActivityManager(  343): No content provider found for permission revoke: file:///data/local/tmp/sample_for_analysis.apk
I/GlobalDismissManager(  902): no sender configured
D/AlertService(  902): Beginning updateAlertNotification
D/AlertService(  902): No fired or scheduled alerts
D/AlertService(  902): Scheduling next alarm with AlarmScheduler. sEventReminderReceived: null
D/InitAlarmsService(  902): Clearing and rescheduling alarms.
D/AlarmScheduler(  902): No events found starting within 1 week.
V/AlarmClock(  931): AlarmInitReceiver android.intent.action.TIME_SET
I/AlarmClock(  931): Displaying next alarm time: ''
V/AlarmClock(  931): AlarmInitReceiver finished
D/        (  343): Setting time of day to sec=1528370142
W/ActivityManager(  343): No content provider found for permission revoke: file:///data/local/tmp/sample_for_analysis.apk
I/PackageManager(  343): Copying native libraries to /data/app-lib/vmdl521061959
D/dalvikvm(  343): GC_CONCURRENT freed 511K, 56% free 5893K/13192K, paused 7ms+7ms, total 71ms
D/dalvikvm(  343): GC_CONCURRENT freed 252K, 52% free 6335K/13192K, paused 7ms+6ms, total 74ms
D/dalvikvm(  343): GC_FOR_ALLOC freed 467K, 50% free 6666K/13192K, paused 56ms, total 56ms
D/dalvikvm(  343): GC_CONCURRENT freed 0K, 43% free 7555K/13192K, paused 7ms+5ms, total 511ms
D/dalvikvm(  343): GC_FOR_ALLOC freed 1197K, 46% free 7176K/13192K, paused 54ms, total 55ms
D/dalvikvm(  343): GC_CONCURRENT freed 817K, 44% free 7426K/13192K, paused 6ms+5ms, total 67ms
D/dalvikvm(  343): WAIT_FOR_CONCURRENT_GC blocked 49ms
D/dalvikvm(  343): GC_CONCURRENT freed 448K, 39% free 8077K/13192K, paused 6ms+8ms, total 73ms
D/dalvikvm(  343): GC_CONCURRENT freed 884K, 37% free 8432K/13192K, paused 6ms+5ms, total 77ms
D/dalvikvm(  343): GC_FOR_ALLOC freed 709K, 32% free 9023K/13192K, paused 69ms, total 69ms
D/dalvikvm(  343): GC_CONCURRENT freed 745K, 26% free 9766K/13192K, paused 8ms+5ms, total 95ms
D/dalvikvm(  343): GC_CONCURRENT freed 1710K, 26% free 9784K/13192K, paused 7ms+6ms, total 113ms
D/dalvikvm(  343): GC_CONCURRENT freed 1715K, 27% free 9755K/13192K, paused 6ms+5ms, total 98ms
D/dalvikvm(  343): GC_CONCURRENT freed 1668K, 26% free 9764K/13192K, paused 7ms+7ms, total 106ms
D/dalvikvm(  343): GC_CONCURRENT freed 1675K, 26% free 9824K/13192K, paused 7ms+8ms, total 110ms
D/dalvikvm(  343): GC_CONCURRENT freed 1734K, 26% free 9825K/13192K, paused 8ms+8ms, total 115ms
D/dalvikvm(  343): GC_CONCURRENT freed 1727K, 26% free 9798K/13192K, paused 7ms+6ms, total 98ms
D/dalvikvm(  343): GC_CONCURRENT freed 1675K, 26% free 9847K/13192K, paused 7ms+9ms, total 109ms
D/dalvikvm(  343): GC_CONCURRENT freed 1735K, 26% free 9820K/13192K, paused 7ms+6ms, total 98ms
D/dalvikvm(  343): GC_CONCURRENT freed 1696K, 26% free 9826K/13192K, paused 7ms+7ms, total 100ms
D/dalvikvm(  343): GC_CONCURRENT freed 1690K, 26% free 9835K/13192K, paused 7ms+6ms, total 99ms
D/dalvikvm(  343): GC_CONCURRENT freed 1684K, 26% free 9892K/13192K, paused 8ms+7ms, total 111ms
D/dalvikvm(  343): GC_CONCURRENT freed 1742K, 26% free 9871K/13192K, paused 7ms+6ms, total 99ms
D/dalvikvm(  343): GC_CONCURRENT freed 1707K, 25% free 9916K/13192K, paused 6ms+8ms, total 109ms
D/dalvikvm(  343): GC_CONCURRENT freed 1737K, 25% free 9897K/13192K, paused 7ms+7ms, total 102ms
D/dalvikvm(  343): GC_CONCURRENT freed 1718K, 25% free 9896K/13192K, paused 6ms+6ms, total 99ms
D/dalvikvm(  343): GC_CONCURRENT freed 1710K, 25% free 9947K/13192K, paused 7ms+8ms, total 115ms
D/dalvikvm(  343): GC_CONCURRENT freed 1748K, 25% free 9923K/13192K, paused 7ms+8ms, total 110ms
D/dalvikvm(  343): GC_CONCURRENT freed 1700K, 25% free 9940K/13192K, paused 8ms+7ms, total 115ms
D/dalvikvm(  343): GC_CONCURRENT freed 1697K, 25% free 9972K/13192K, paused 7ms+7ms, total 101ms
I/PackageManager(  343): Running dexopt on: com.tripwolf.miniapp_722021_free
W/dalvikvm( 1117): method Landroid/support/v7/widget/ListViewCompat;.lookForSelectablePosition incorrectly overrides package-private method with same name in Landroid/widget/ListView;
D/dalvikvm( 1117): DexOpt: couldn't find field Landroid/os/Message;.sendingUid
D/dalvikvm( 1117): DexOpt: load 1036ms, verify+opt 5337ms, 6205804 bytes
W/PackageManager(  343): Not granting permission android.permission.GLOBAL_SEARCH to package com.android.quicksearchbox (protectionLevel=18 flags=0x88be45)
W/PackageManager(  343): Unknown permission com.android.smspush.WAPPUSH_MANAGER_BIND in package com.android.phone
W/PackageManager(  343): Unknown permission com.google.android.googleapps.permission.GOOGLE_AUTH in package com.android.providers.calendar
W/PackageManager(  343): Unknown permission com.google.android.googleapps.permission.GOOGLE_AUTH.cl in package com.android.providers.calendar
W/PackageManager(  343): Unknown permission com.google.android.googleapps.permission.GOOGLE_AUTH.mail in package com.android.calendar
W/PackageManager(  343): Not granting permission android.permission.ACCESS_DOWNLOAD_MANAGER to package com.android.browser (protectionLevel=18 flags=0x89be45)
W/PackageManager(  343): Not granting permission android.permission.SEND_DOWNLOAD_COMPLETED_INTENTS to package com.android.browser (protectionLevel=2 flags=0x89be45)
W/PackageManager(  343): Not granting permission android.permission.BIND_APPWIDGET to package com.android.widgetpreview (protectionLevel=18 flags=0x8be44)
W/PackageManager(  343): Unknown permission android.permission.INSTALL_DRM in package com.android.mms
W/PackageManager(  343): Unknown permission com.google.android.googleapps.permission.GOOGLE_AUTH in package com.android.settings
W/PackageManager(  343): Unknown permission com.google.android.googleapps.permission.ACCESS_GOOGLE_PASSWORD in package com.android.development
W/PackageManager(  343): Unknown permission com.google.android.googleapps.permission.GOOGLE_AUTH in package com.android.development
W/PackageManager(  343): Unknown permission com.google.android.googleapps.permission.GOOGLE_AUTH.ALL_SERVICES in package com.android.development
W/PackageManager(  343): Unknown permission com.google.android.googleapps.permission.GOOGLE_AUTH.YouTubeUser in package com.android.development
W/PackageManager(  343): Not granting permission android.permission.DELETE_PACKAGES to package com.svox.pico (protectionLevel=18 flags=0x88be45)
W/PackageManager(  343): Not granting permission android.permission.DEVICE_POWER to package com.android.deskclock (protectionLevel=2 flags=0xc8be45)
W/PackageManager(  343): Unknown permission com.android.vending.BILLING in package com.tripwolf.miniapp_722021_free
W/PackageManager(  343): Unknown permission com.google.android.c2dm.permission.RECEIVE in package com.tripwolf.miniapp_722021_free
I/MediaFocusControl(  343):  AudioFocus  abandonAudioFocus() from android.media.AudioManager@b2d795e8com.android.music.MediaPlaybackService$3@b2d78468
I/ActivityManager(  343): Force stopping com.tripwolf.miniapp_722021_free appid=10052 user=-1: update pkg
I/InputReader(  343): Reconfiguring input devices.  changes=0x00000010
I/PackageManager(  343):   Action: "android.intent.action.SENDTO"
I/PackageManager(  343):   Category: "android.intent.category.DEFAULT"
I/PackageManager(  343):   Scheme: "sms"
I/PackageManager(  343): Adding preferred activity ComponentInfo{com.android.mms/com.android.mms.ui.ComposeMessageActivity} for user 0 :
D/BackupManagerService(  343): Received broadcast Intent { act=android.intent.action.PACKAGE_ADDED dat=package:com.tripwolf.miniapp_722021_free flg=0x4000010 (has extras) }
V/BackupManagerService(  343): addPackageParticipantsLocked: #1
I/PackageManager(  343):   Action: "android.intent.action.SENDTO"
I/PackageManager(  343):   Category: "android.intent.category.DEFAULT"
I/PackageManager(  343):   Scheme: "smsto"
I/PackageManager(  343): Adding preferred activity ComponentInfo{com.android.mms/com.android.mms.ui.ComposeMessageActivity} for user 0 :
I/PackageManager(  343):   Action: "android.intent.action.SENDTO"
I/PackageManager(  343):   Category: "android.intent.category.DEFAULT"
I/PackageManager(  343):   Scheme: "mms"
I/PackageManager(  343): Adding preferred activity ComponentInfo{com.android.mms/com.android.mms.ui.ComposeMessageActivity} for user 0 :
I/PackageManager(  343):   Action: "android.intent.action.SENDTO"
I/PackageManager(  343):   Category: "android.intent.category.DEFAULT"
I/PackageManager(  343):   Scheme: "mmsto"
I/PackageManager(  343): Adding preferred activity ComponentInfo{com.android.mms/com.android.mms.ui.ComposeMessageActivity} for user 0 :
I/PackageManager(  343):   Action: "android.intent.action.SENDTO"
I/PackageManager(  343):   Category: "android.intent.category.DEFAULT"
I/PackageManager(  343):   Scheme: "sms"
I/PackageManager(  343): Adding preferred activity ComponentInfo{com.android.mms/com.android.mms.ui.ComposeMessageActivity} for user 0 :
I/PackageManager(  343):   Action: "android.intent.action.SENDTO"
I/PackageManager(  343):   Category: "android.intent.category.DEFAULT"
I/PackageManager(  343):   Scheme: "smsto"
I/PackageManager(  343): Adding preferred activity ComponentInfo{com.android.mms/com.android.mms.ui.ComposeMessageActivity} for user 0 :
D/dalvikvm(  590): GC_CONCURRENT freed 426K, 14% free 3394K/3912K, paused 17ms+3ms, total 41ms
D/dalvikvm(  343): GC_EXPLICIT freed 1820K, 25% free 9975K/13192K, paused 8ms+40ms, total 616ms
D/dalvikvm(  343): WAIT_FOR_CONCURRENT_GC blocked 182ms
D/dalvikvm(  343): WAIT_FOR_CONCURRENT_GC blocked 183ms
D/dalvikvm(  343): WAIT_FOR_CONCURRENT_GC blocked 149ms
D/dalvikvm(  343): WAIT_FOR_CONCURRENT_GC blocked 147ms
D/dalvikvm(  343): WAIT_FOR_CONCURRENT_GC blocked 151ms
D/dalvikvm(  343): WAIT_FOR_CONCURRENT_GC blocked 66ms
I/PackageManager(  343):   Action: "android.intent.action.SENDTO"
I/PackageManager(  343):   Category: "android.intent.category.DEFAULT"
I/PackageManager(  343):   Scheme: "mms"
I/PackageManager(  343): Adding preferred activity ComponentInfo{com.android.mms/com.android.mms.ui.ComposeMessageActivity} for user 0 :
I/PackageManager(  343):   Action: "android.intent.action.SENDTO"
I/PackageManager(  343):   Category: "android.intent.category.DEFAULT"
I/PackageManager(  343):   Scheme: "mmsto"
I/PackageManager(  343): Adding preferred activity ComponentInfo{com.android.mms/com.android.mms.ui.ComposeMessageActivity} for user 0 :
I/ActivityManager(  343): Start proc com.svox.pico for broadcast com.svox.pico/.VoiceDataInstallerReceiver: pid=1120 uid=10037 gids={50037, 1028, 1015}
D/AndroidRuntime( 1078): Shutting down VM
D/dalvikvm( 1078): GC_CONCURRENT freed 95K, 16% free 560K/660K, paused 3ms+3ms, total 24ms
W/RecognitionManagerService(  343): no available voice recognition services found for user 0
D/AndroidRuntime( 1134): 
D/AndroidRuntime( 1134): >>>>>> AndroidRuntime START com.android.internal.os.RuntimeInit <<<<<<
D/AndroidRuntime( 1134): CheckJNI is ON
D/dalvikvm( 1134): Trying to load lib libjavacore.so 0x0
D/dalvikvm( 1134): Added shared lib libjavacore.so 0x0
D/dalvikvm( 1134): Trying to load lib libnativehelper.so 0x0
D/dalvikvm( 1134): Added shared lib libnativehelper.so 0x0
D/dalvikvm( 1134): No JNI_OnLoad found in libnativehelper.so 0x0, skipping init
D/dalvikvm( 1134): Note: class Landroid/app/ActivityManagerNative; has 179 unimplemented (abstract) methods
E/memtrack( 1134): Couldn't load memtrack module (No such file or directory)
E/android.os.Debug( 1134): failed to load memtrack module: -2
D/AndroidRuntime( 1134): Calling main entry com.android.commands.am.Am
I/ActivityManager(  343): START u0 {act=android.intent.action.MAIN cat=[android.intent.category.LAUNCHER] flg=0x10000000 cmp=com.tripwolf.miniapp_722021_free/com.tripwolf.Main} from pid 1134
D/gralloc (   58): Registering a buffer in the process that created it. This may cause memory ordering problems.
E/libEGL  (   58): called unimplemented OpenGL ES API
E/libEGL  (   58): called unimplemented OpenGL ES API
E/libEGL  (   58): called unimplemented OpenGL ES API
E/libEGL  (   58): called unimplemented OpenGL ES API
E/SurfaceFlinger(   58): glCheckFramebufferStatusOES error 1188078020
E/SurfaceFlinger(   58): got GL_FRAMEBUFFER_COMPLETE_OES error while taking screenshot
E/libEGL  (   58): called unimplemented OpenGL ES API
E/libEGL  (   58): called unimplemented OpenGL ES API
W/WindowManager(  343): Screenshot failure taking screenshot for (164x295) to layer 21005
I/ActivityManager(  343): Start proc com.tripwolf.miniapp_722021_free for activity com.tripwolf.miniapp_722021_free/com.tripwolf.Main: pid=1144 uid=10052 gids={50052, 3003}
I/MultiDex( 1144): VM with version 1.6.0 does not have multidex support
I/MultiDex( 1144): install
I/MultiDex( 1144): MultiDexExtractor.load(/data/app/com.tripwolf.miniapp_722021_free-1.apk, false)
I/Choreographer(  438): Skipped 55 frames!  The application may be doing too much work on its main thread.
I/MultiDex( 1144): Detected that extraction must be performed.
I/Choreographer(  658): Skipped 154 frames!  The application may be doing too much work on its main thread.
D/dalvikvm( 1144): GC_CONCURRENT freed 167K, 8% free 3030K/3272K, paused 15ms+14ms, total 78ms
D/dalvikvm( 1144): GC_CONCURRENT freed 142K, 7% free 3331K/3552K, paused 25ms+4ms, total 54ms
I/MultiDex( 1144): Extraction is needed for file /data/data/com.tripwolf.miniapp_722021_free/code_cache/secondary-dexes/com.tripwolf.miniapp_722021_free-1.apk.classes2.zip
I/MultiDex( 1144): Extracting /data/data/com.tripwolf.miniapp_722021_free/code_cache/secondary-dexes/com.tripwolf.miniapp_722021_free-1.apk.classes-2143581777.zip
D/dalvikvm( 1144): GC_CONCURRENT freed 119K, 6% free 3613K/3820K, paused 4ms+11ms, total 51ms
I/MultiDex( 1144): Renaming to /data/data/com.tripwolf.miniapp_722021_free/code_cache/secondary-dexes/com.tripwolf.miniapp_722021_free-1.apk.classes2.zip
I/MultiDex( 1144): Extraction success - length /data/data/com.tripwolf.miniapp_722021_free/code_cache/secondary-dexes/com.tripwolf.miniapp_722021_free-1.apk.classes2.zip: 1470586
I/MultiDex( 1144): load found 1 secondary dex files
D/dalvikvm( 1144): DexOpt: --- BEGIN 'com.tripwolf.miniapp_722021_free-1.apk.classes2.zip' (bootstrap=0) ---
D/dalvikvm( 1160): DexOpt: load 435ms, verify+opt 1499ms, 2903636 bytes
D/dalvikvm( 1144): DexOpt: --- END 'com.tripwolf.miniapp_722021_free-1.apk.classes2.zip' (success) ---
D/dalvikvm( 1144): DEX prep '/data/data/com.tripwolf.miniapp_722021_free/code_cache/secondary-dexes/com.tripwolf.miniapp_722021_free-1.apk.classes2.zip': unzip in 165ms, rewrite 2568ms
I/MultiDex( 1144): install done
I/FirebaseInitProvider( 1144): FirebaseApp initialization unsuccessful
I/dalvikvm( 1144): Could not find method com.j256.ormlite.db.BaseSqliteDatabaseType.getFieldConverter, referenced from method com.j256.ormlite.db.SqliteAndroidDatabaseType.getFieldConverter
W/dalvikvm( 1144): VFY: unable to resolve virtual method 6717: Lcom/j256/ormlite/db/BaseSqliteDatabaseType;.getFieldConverter (Lcom/j256/ormlite/field/DataPersister;)Lcom/j256/ormlite/field/FieldConverter;
D/dalvikvm( 1144): VFY: replacing opcode 0x6f at 0x000f
D/dalvikvm( 1144): GC_CONCURRENT freed 305K, 8% free 3802K/4124K, paused 6ms+9ms, total 84ms
I/dalvikvm( 1144): Could not find method android.content.pm.PackageManager.getPackageInstaller, referenced from method com.google.android.gms.common.zze.zzk
W/dalvikvm( 1144): VFY: unable to resolve virtual method 727: Landroid/content/pm/PackageManager;.getPackageInstaller ()Landroid/content/pm/PackageInstaller;
D/dalvikvm( 1144): VFY: replacing opcode 0x6e at 0x000b
I/GAv4    ( 1144): Google Analytics 9.0.80 is starting up. To enable debug logging on a device run:
I/GAv4    ( 1144):   adb shell setprop log.tag.GAv4 DEBUG
I/GAv4    ( 1144):   adb logcat -s GAv4
W/GAv4    ( 1144): CampaignTrackingReceiver is not registered, not exported or is disabled. Installation campaign tracking is not possible. See http://goo.gl/8Rd3yj for instructions.
D/dalvikvm( 1144): GC_CONCURRENT freed 1170K, 28% free 3093K/4296K, paused 4ms+8ms, total 76ms
D/dalvikvm( 1144): GC_FOR_ALLOC freed 215K, 29% free 3085K/4296K, paused 70ms, total 71ms
E/dalvikvm( 1144): Could not find class 'android.app.ActivityManager$TaskDescription', referenced from method com.tripwolf.activities.AbstractFragmentActivity.updateTaskSwitcherEntry
W/dalvikvm( 1144): VFY: unable to resolve new-instance 36 (Landroid/app/ActivityManager$TaskDescription;) in Lcom/tripwolf/activities/AbstractFragmentActivity;
D/dalvikvm( 1144): VFY: replacing opcode 0x22 at 0x0007
I/dalvikvm( 1144): Could not find method android.view.Window.setStatusBarColor, referenced from method com.tripwolf.activities.AbstractFragmentActivity.setStatusBarColor
W/dalvikvm( 1144): VFY: unable to resolve virtual method 21151: Landroid/view/Window;.setStatusBarColor (I)V
D/dalvikvm( 1144): VFY: replacing opcode 0x6e at 0x000a
D/dalvikvm( 1144): DexOpt: unable to opt direct call 0x00e9 at 0x16 in Lcom/tripwolf/activities/AbstractFragmentActivity;.updateTaskSwitcherEntry
W/dalvikvm( 1144): VFY: unable to find class referenced in signature (Landroid/view/SearchEvent;)
I/dalvikvm( 1144): Could not find method android.view.Window$Callback.onSearchRequested, referenced from method android.support.v7.view.WindowCallbackWrapper.onSearchRequested
W/dalvikvm( 1144): VFY: unable to resolve interface method 21129: Landroid/view/Window$Callback;.onSearchRequested (Landroid/view/SearchEvent;)Z
D/dalvikvm( 1144): VFY: replacing opcode 0x72 at 0x0002
I/dalvikvm( 1144): Could not find method android.view.Window$Callback.onWindowStartingActionMode, referenced from method android.support.v7.view.WindowCallbackWrapper.onWindowStartingActionMode
W/dalvikvm( 1144): VFY: unable to resolve interface method 21133: Landroid/view/Window$Callback;.onWindowStartingActionMode (Landroid/view/ActionMode$Callback;I)Landroid/view/ActionMode;
D/dalvikvm( 1144): VFY: replacing opcode 0x72 at 0x0002
D/dalvikvm( 1144): Trying to load lib /data/app-lib/com.tripwolf.miniapp_722021_free-1/librsjni.so 0xb2d727e8
I/dalvikvm( 1144): Could not find method android.view.ViewAnimationUtils.createCircularReveal, referenced from method com.tripwolf.helpers.ViewHelper.createCircularRevealWithFadeFallback
W/dalvikvm( 1144): VFY: unable to resolve static method 20926: Landroid/view/ViewAnimationUtils;.createCircularReveal (Landroid/view/View;IIFF)Landroid/animation/Animator;
D/dalvikvm( 1144): VFY: replacing opcode 0x71 at 0x0013
I/dalvikvm( 1144): Could not find method android.view.ViewAnimationUtils.createCircularReveal, referenced from method com.tripwolf.helpers.ViewHelper.createCircularRevealWithFadeFallback
W/dalvikvm( 1144): VFY: unable to resolve static method 20926: Landroid/view/ViewAnimationUtils;.createCircularReveal (Landroid/view/View;IIFF)Landroid/animation/Animator;
D/dalvikvm( 1144): VFY: replacing opcode 0x71 at 0x0035
D/dalvikvm( 1144): Added shared lib /data/app-lib/com.tripwolf.miniapp_722021_free-1/librsjni.so 0xb2d727e8
D/dalvikvm( 1144): GC_CONCURRENT freed 305K, 26% free 3214K/4296K, paused 16ms+5ms, total 70ms
V/RenderScript_jni( 1144): RS compat mode
I/dalvikvm( 1144): Could not find method android.content.res.Resources.getDrawable, referenced from method android.support.v7.widget.ResourcesWrapper.getDrawable
W/dalvikvm( 1144): VFY: unable to resolve virtual method 774: Landroid/content/res/Resources;.getDrawable (ILandroid/content/res/Resources$Theme;)Landroid/graphics/drawable/Drawable;
D/dalvikvm( 1144): VFY: replacing opcode 0x6e at 0x0002
I/dalvikvm( 1144): Could not find method android.content.res.Resources.getDrawableForDensity, referenced from method android.support.v7.widget.ResourcesWrapper.getDrawableForDensity
W/dalvikvm( 1144): VFY: unable to resolve virtual method 776: Landroid/content/res/Resources;.getDrawableForDensity (IILandroid/content/res/Resources$Theme;)Landroid/graphics/drawable/Drawable;
D/dalvikvm( 1144): VFY: replacing opcode 0x6e at 0x0002
I/dalvikvm( 1144): Could not find method android.content.res.TypedArray.getChangingConfigurations, referenced from method android.support.v7.widget.TintTypedArray.getChangingConfigurations
W/dalvikvm( 1144): VFY: unable to resolve virtual method 811: Landroid/content/res/TypedArray;.getChangingConfigurations ()I
D/dalvikvm( 1144): VFY: replacing opcode 0x6e at 0x0002
I/dalvikvm( 1144): Could not find method android.content.res.TypedArray.getType, referenced from method android.support.v7.widget.TintTypedArray.getType
W/dalvikvm( 1144): VFY: unable to resolve virtual method 833: Landroid/content/res/TypedArray;.getType (I)I
D/dalvikvm( 1144): VFY: replacing opcode 0x6e at 0x0002
D/dalvikvm( 1144): GC_FOR_ALLOC freed 40K, 25% free 3247K/4296K, paused 20ms, total 21ms
I/dalvikvm-heap( 1144): Grow heap (frag case) to 3.507MB for 281896-byte allocation
D/dalvikvm( 1144): GC_FOR_ALLOC freed <1K, 23% free 3522K/4572K, paused 20ms, total 20ms
D/dalvikvm( 1144): GC_FOR_ALLOC freed 71K, 23% free 3561K/4572K, paused 17ms, total 19ms
I/dalvikvm-heap( 1144): Grow heap (frag case) to 3.710MB for 173784-byte allocation
D/dalvikvm( 1144): GC_FOR_ALLOC freed 1K, 22% free 3729K/4744K, paused 33ms, total 33ms
W/FlurryAgent( 1144): Start session
D/gralloc_goldfish( 1144): Emulator without GPU emulation detected.
I/ActivityManager(  343): Displayed com.tripwolf.miniapp_722021_free/com.tripwolf.Main: +8s388ms
D/AndroidRuntime( 1134): Shutting down VM
D/dalvikvm( 1134): GC_CONCURRENT freed 98K, 15% free 589K/692K, paused 2ms+1ms, total 20ms
V/RenderScript_jni( 1144): Unable to load libRSSupportIO.so, USAGE_IO not supported
E/RenderScript( 1144): Couldn't load libRSSupportIO.so
D/dalvikvm( 1144): GC_CONCURRENT freed 278K, 17% free 3962K/4744K, paused 139ms+4ms, total 209ms
D/dalvikvm( 1144): WAIT_FOR_CONCURRENT_GC blocked 22ms
D/dalvikvm( 1144): GC_CONCURRENT freed 152K, 9% free 4321K/4744K, paused 4ms+3ms, total 66ms
D/dalvikvm( 1144): WAIT_FOR_CONCURRENT_GC blocked 11ms
D/dalvikvm( 1144): GC_CONCURRENT freed 148K, 5% free 4675K/4920K, paused 4ms+3ms, total 66ms
D/dalvikvm( 1144): WAIT_FOR_CONCURRENT_GC blocked 11ms
I/CrashlyticsCore( 1144): Initializing Crashlytics 2.3.5.79
I/dalvikvm( 1144): Could not find method android.app.Notification$Builder.setLocalOnly, referenced from method com.google.android.gms.common.GooglePlayServicesUtil.zza
W/dalvikvm( 1144): VFY: unable to resolve virtual method 409: Landroid/app/Notification$Builder;.setLocalOnly (Z)Landroid/app/Notification$Builder;
D/dalvikvm( 1144): VFY: replacing opcode 0x6e at 0x00d3
W/FlurryAgent( 1144): Event count started: SCREEN_VIEWED
D/dalvikvm( 1144): GC_FOR_ALLOC freed 257K, 7% free 4752K/5092K, paused 106ms, total 107ms
I/dalvikvm-heap( 1144): Grow heap (frag case) to 5.359MB for 683256-byte allocation
D/dalvikvm( 1144): GC_FOR_ALLOC freed 854K, 21% free 4565K/5760K, paused 23ms, total 23ms
D/dalvikvm( 1144): GC_FOR_ALLOC freed <1K, 21% free 4566K/5760K, paused 18ms, total 19ms
I/dalvikvm-heap( 1144): Grow heap (frag case) to 4.607MB for 85280-byte allocation
D/dalvikvm( 1144): GC_FOR_ALLOC freed <1K, 21% free 4649K/5844K, paused 22ms, total 22ms
D/dalvikvm( 1144): GC_FOR_ALLOC freed 7K, 21% free 4661K/5844K, paused 18ms, total 19ms
I/dalvikvm-heap( 1144): Grow heap (frag case) to 5.270MB for 683256-byte allocation
D/dalvikvm( 1144): GC_FOR_ALLOC freed 0K, 19% free 5328K/6512K, paused 18ms, total 18ms
D/dalvikvm( 1144): GC_FOR_ALLOC freed <1K, 19% free 5329K/6512K, paused 28ms, total 29ms
I/dalvikvm-heap( 1144): Grow heap (frag case) to 5.352MB for 85280-byte allocation
D/dalvikvm( 1144): GC_FOR_ALLOC freed 0K, 18% free 5412K/6596K, paused 20ms, total 20ms
D/dalvikvm( 1144): GC_FOR_ALLOC freed 6K, 18% free 5424K/6596K, paused 20ms, total 20ms
I/dalvikvm-heap( 1144): Grow heap (frag case) to 6.015MB for 683256-byte allocation
D/dalvikvm( 1144): GC_FOR_ALLOC freed 0K, 17% free 6091K/7264K, paused 20ms, total 20ms
D/dalvikvm( 1144): GC_FOR_ALLOC freed <1K, 17% free 6092K/7264K, paused 20ms, total 20ms
I/dalvikvm-heap( 1144): Grow heap (frag case) to 6.097MB for 85280-byte allocation
D/dalvikvm( 1144): GC_FOR_ALLOC freed 0K, 16% free 6175K/7348K, paused 19ms, total 19ms
D/dalvikvm( 1144): GC_FOR_ALLOC freed 6K, 16% free 6186K/7348K, paused 20ms, total 20ms
I/dalvikvm-heap( 1144): Grow heap (frag case) to 6.760MB for 683256-byte allocation
D/dalvikvm( 1144): GC_FOR_ALLOC freed 0K, 15% free 6854K/8016K, paused 20ms, total 20ms
I/Choreographer( 1144): Skipped 145 frames!  The application may be doing too much work on its main thread.
I/Choreographer( 1144): Skipped 60 frames!  The application may be doing too much work on its main thread.
I/Choreographer( 1144): Skipped 35 frames!  The application may be doing too much work on its main thread.
D/dalvikvm( 1144): GC_CONCURRENT freed 73K, 15% free 6949K/8100K, paused 5ms+55ms, total 101ms
I/Choreographer( 1144): Skipped 35 frames!  The application may be doing too much work on its main thread.
W/GooglePlayServicesUtil( 1144): Cannot find Google Play services package name.
W/GooglePlayServicesUtil( 1144): android.content.pm.PackageManager$NameNotFoundException: com.google.android.gms
W/GooglePlayServicesUtil( 1144): 	at android.app.ApplicationPackageManager.getPackageInfo(ApplicationPackageManager.java:82)
W/GooglePlayServicesUtil( 1144): 	at com.google.android.gms.internal.zzpv.getPackageInfo(Unknown Source)
W/GooglePlayServicesUtil( 1144): 	at com.google.android.gms.common.zze.zzap(Unknown Source)
W/GooglePlayServicesUtil( 1144): 	at com.google.android.gms.common.zze.zzao(Unknown Source)
W/GooglePlayServicesUtil( 1144): 	at com.google.android.gms.common.zze.zzaj(Unknown Source)
W/GooglePlayServicesUtil( 1144): 	at com.google.android.gms.common.zze.isGooglePlayServicesAvailable(Unknown Source)
W/GooglePlayServicesUtil( 1144): 	at com.google.android.gms.common.GooglePlayServicesUtil.isGooglePlayServicesAvailable(Unknown Source)
W/GooglePlayServicesUtil( 1144): 	at java.lang.reflect.Method.invokeNative(Native Method)
W/GooglePlayServicesUtil( 1144): 	at java.lang.reflect.Method.invoke(Method.java:515)
W/GooglePlayServicesUtil( 1144): 	at io.fabric.sdk.android.services.common.AdvertisingInfoReflectionStrategy.isGooglePlayServiceAvailable(AdvertisingInfoReflectionStrategy.java:52)
W/GooglePlayServicesUtil( 1144): 	at io.fabric.sdk.android.services.common.AdvertisingInfoReflectionStrategy.getAdvertisingInfo(AdvertisingInfoReflectionStrategy.java:65)
