D/dalvikvm(  343): GC_CONCURRENT freed 324K, 68% free 4287K/13204K, paused 5ms+6ms, total 77ms
D/dalvikvm(  343): WAIT_FOR_CONCURRENT_GC blocked 15ms
D/dalvikvm(  343): GC_CONCURRENT freed 507K, 68% free 4290K/13204K, paused 12ms+3ms, total 44ms
D/dalvikvm(  343): WAIT_FOR_CONCURRENT_GC blocked 32ms
D/dalvikvm(  343): GC_FOR_ALLOC freed 436K, 68% free 4295K/13204K, paused 31ms, total 32ms
D/dalvikvm(  343): GC_CONCURRENT freed 246K, 66% free 4528K/13204K, paused 6ms+14ms, total 79ms
D/dalvikvm(  343): GC_CONCURRENT freed 318K, 65% free 4740K/13204K, paused 6ms+6ms, total 105ms
I/PackageManager(  343): /system/app/LegacyCamera.apk changed; collecting certs
D/dalvikvm(  343): GC_CONCURRENT freed 247K, 63% free 5005K/13204K, paused 14ms+16ms, total 106ms
D/dalvikvm(  343): WAIT_FOR_CONCURRENT_GC blocked 8ms
D/dalvikvm(  343): GC_CONCURRENT freed 354K, 61% free 5226K/13204K, paused 5ms+9ms, total 46ms
D/dalvikvm(  343): WAIT_FOR_CONCURRENT_GC blocked 37ms
D/dalvikvm(  343): GC_CONCURRENT freed 1658K, 69% free 4199K/13204K, paused 5ms+3ms, total 49ms
D/dalvikvm(  343): WAIT_FOR_CONCURRENT_GC blocked 31ms
D/dalvikvm(  343): GC_CONCURRENT freed 148K, 66% free 4563K/13204K, paused 14ms+9ms, total 84ms
D/dalvikvm(  343): WAIT_FOR_CONCURRENT_GC blocked 6ms
D/dalvikvm(  343): GC_CONCURRENT freed 312K, 64% free 4776K/13204K, paused 6ms+6ms, total 104ms
I/PackageManager(  343): /system/app/LiveWallpapersPicker.apk changed; collecting certs
I/PackageManager(  343): /system/app/Music.apk changed; collecting certs
D/dalvikvm(  343): GC_CONCURRENT freed 444K, 64% free 4827K/13204K, paused 5ms+8ms, total 49ms
D/dalvikvm(  343): WAIT_FOR_CONCURRENT_GC blocked 34ms
D/dalvikvm(  343): GC_CONCURRENT freed 1176K, 69% free 4201K/13204K, paused 4ms+6ms, total 106ms
I/PackageManager(  343): /system/app/NetSpeed.apk changed; collecting certs
I/PackageManager(  343): /system/app/OpenWnn.apk changed; collecting certs
D/dalvikvm(  343): GC_CONCURRENT freed 334K, 68% free 4323K/13204K, paused 12ms+5ms, total 51ms
D/dalvikvm(  343): WAIT_FOR_CONCURRENT_GC blocked 39ms
D/dalvikvm(  343): GC_CONCURRENT freed 653K, 69% free 4182K/13204K, paused 5ms+5ms, total 73ms
D/dalvikvm(  343): WAIT_FOR_CONCURRENT_GC blocked 23ms
D/dalvikvm(  343): GC_CONCURRENT freed 200K, 66% free 4493K/13204K, paused 5ms+4ms, total 76ms
D/dalvikvm(  343): WAIT_FOR_CONCURRENT_GC blocked 14ms
I/PackageManager(  343): /system/app/PacProcessor.apk changed; collecting certs
D/dalvikvm(  343): GC_CONCURRENT freed 408K, 66% free 4549K/13204K, paused 16ms+13ms, total 94ms
I/PackageManager(  343): /system/app/PackageInstaller.apk changed; collecting certs
I/PackageManager(  343): /system/app/PicoTts.apk changed; collecting certs
I/PackageManager(  343): /system/app/PinyinIME.apk changed; collecting certs
D/dalvikvm(  343): GC_CONCURRENT freed 973K, 70% free 4088K/13204K, paused 5ms+3ms, total 58ms
D/dalvikvm(  343): WAIT_FOR_CONCURRENT_GC blocked 22ms
I/PackageManager(  343): /system/app/PrintSpooler.apk changed; collecting certs
I/PackageManager(  343): /system/app/Protips.apk changed; collecting certs
D/dalvikvm(  343): GC_CONCURRENT freed 405K, 69% free 4152K/13204K, paused 5ms+13ms, total 78ms
I/PackageManager(  343): /system/app/QuickSearchBox.apk changed; collecting certs
D/dalvikvm(  343): GC_CONCURRENT freed 479K, 69% free 4166K/13204K, paused 5ms+3ms, total 45ms
D/dalvikvm(  343): WAIT_FOR_CONCURRENT_GC blocked 32ms
D/dalvikvm(  343): GC_CONCURRENT freed 378K, 68% free 4264K/13204K, paused 5ms+5ms, total 82ms
I/PackageManager(  343): /system/app/SdkSetup.apk changed; collecting certs
I/PackageManager(  343): /system/app/SoundRecorder.apk changed; collecting certs
I/PackageManager(  343): /system/app/SpeechRecorder.apk changed; collecting certs
I/PackageManager(  343): /system/app/TelephonyProvider.apk changed; collecting certs
D/dalvikvm(  343): GC_CONCURRENT freed 402K, 67% free 4364K/13204K, paused 13ms+13ms, total 90ms
D/dalvikvm(  343): WAIT_FOR_CONCURRENT_GC blocked 10ms
I/PackageManager(  343): /system/app/UserDictionaryProvider.apk changed; collecting certs
D/PackageManager(  343): No files in app dir /vendor/app
D/dalvikvm(  343): GC_CONCURRENT freed 639K, 69% free 4193K/13204K, paused 5ms+7ms, total 88ms
W/PackageParser(  343): No actions in intent filter at /data/app/ApiDemos.apk Binary XML file line #2899
W/PackageParser(  343): No actions in intent filter at /data/app/ApiDemos.apk Binary XML file line #2905
I/PackageManager(  343): /data/app/ApiDemos.apk changed; collecting certs
D/dalvikvm(  343): GC_CONCURRENT freed 259K, 67% free 4441K/13204K, paused 4ms+3ms, total 47ms
D/dalvikvm(  343): WAIT_FOR_CONCURRENT_GC blocked 31ms
D/dalvikvm(  343): GC_CONCURRENT freed 337K, 66% free 4609K/13204K, paused 15ms+14ms, total 89ms
D/dalvikvm(  343): GC_CONCURRENT freed 310K, 64% free 4801K/13204K, paused 5ms+14ms, total 94ms
D/dalvikvm(  343): GC_CONCURRENT freed 494K, 64% free 4828K/13204K, paused 7ms+5ms, total 98ms
D/dalvikvm(  343): WAIT_FOR_CONCURRENT_GC blocked 56ms
D/dalvikvm(  343): GC_CONCURRENT freed 530K, 64% free 4824K/13204K, paused 8ms+14ms, total 158ms
D/dalvikvm(  343): WAIT_FOR_CONCURRENT_GC blocked 75ms
D/dalvikvm(  343): GC_CONCURRENT freed 515K, 64% free 4835K/13204K, paused 4ms+4ms, total 80ms
D/dalvikvm(  343): WAIT_FOR_CONCURRENT_GC blocked 17ms
D/dalvikvm(  343): GC_CONCURRENT freed 524K, 64% free 4840K/13204K, paused 5ms+4ms, total 70ms
D/dalvikvm(  343): WAIT_FOR_CONCURRENT_GC blocked 28ms
D/dalvikvm(  343): GC_CONCURRENT freed 528K, 64% free 4846K/13204K, paused 6ms+3ms, total 69ms
D/dalvikvm(  343): WAIT_FOR_CONCURRENT_GC blocked 27ms
D/dalvikvm(  343): GC_CONCURRENT freed 529K, 64% free 4849K/13204K, paused 15ms+3ms, total 72ms
D/dalvikvm(  343): WAIT_FOR_CONCURRENT_GC blocked 34ms
D/dalvikvm(  343): GC_CONCURRENT freed 529K, 64% free 4852K/13204K, paused 6ms+3ms, total 71ms
D/dalvikvm(  343): WAIT_FOR_CONCURRENT_GC blocked 26ms
D/dalvikvm(  343): GC_CONCURRENT freed 529K, 64% free 4854K/13204K, paused 4ms+4ms, total 68ms
D/dalvikvm(  343): WAIT_FOR_CONCURRENT_GC blocked 28ms
D/dalvikvm(  343): GC_CONCURRENT freed 531K, 64% free 4859K/13204K, paused 5ms+4ms, total 68ms
D/dalvikvm(  343): WAIT_FOR_CONCURRENT_GC blocked 28ms
D/dalvikvm(  343): GC_CONCURRENT freed 509K, 64% free 4867K/13204K, paused 5ms+3ms, total 123ms
W/PackageManager(  343): Package com.example.android.apis desires unavailable shared library com.example.will.never.exist; ignoring!
I/PackageManager(  343): /data/app/CubeLiveWallpapers.apk changed; collecting certs
D/dalvikvm(  343): GC_CONCURRENT freed 464K, 63% free 4944K/13204K, paused 16ms+9ms, total 83ms
D/dalvikvm(  343): WAIT_FOR_CONCURRENT_GC blocked 26ms
I/PackageManager(  343): /data/app/GestureBuilder.apk changed; collecting certs
I/PackageManager(  343): /data/app/SmokeTest.apk changed; collecting certs
D/dalvikvm(  343): GC_CONCURRENT freed 1137K, 67% free 4369K/13204K, paused 5ms+4ms, total 86ms
D/dalvikvm(  343): WAIT_FOR_CONCURRENT_GC blocked 22ms
I/PackageManager(  343): /data/app/SmokeTestApp.apk changed; collecting certs
I/PackageManager(  343): /data/app/SoftKeyboard.apk changed; collecting certs
D/dalvikvm(  343): GC_CONCURRENT freed 496K, 67% free 4377K/13204K, paused 6ms+3ms, total 68ms
D/dalvikvm(  343): WAIT_FOR_CONCURRENT_GC blocked 26ms
I/PackageManager(  343): /data/app/WidgetPreview.apk changed; collecting certs
W/PackageManager(  343): Package com.example.android.apis desires unavailable shared library com.example.will.never.exist; ignoring!
W/PackageManager(  343): Package com.android.camera desires unavailable shared library com.google.android.media.effects; ignoring!
I/PackageManager(  343): Time to scan packages: 23.515 seconds
W/PackageManager(  343): Not granting permission android.permission.GLOBAL_SEARCH to package com.android.quicksearchbox (protectionLevel=18 flags=0x8be45)
D/dalvikvm(  343): GC_CONCURRENT freed 442K, 67% free 4398K/13204K, paused 4ms+5ms, total 84ms
W/PackageManager(  343): Unknown permission com.android.smspush.WAPPUSH_MANAGER_BIND in package com.android.phone
W/PackageManager(  343): Unknown permission com.google.android.googleapps.permission.GOOGLE_AUTH in package com.android.providers.calendar
W/PackageManager(  343): Unknown permission com.google.android.googleapps.permission.GOOGLE_AUTH.cl in package com.android.providers.calendar
W/PackageManager(  343): Unknown permission com.google.android.googleapps.permission.GOOGLE_AUTH.mail in package com.android.calendar
W/PackageManager(  343): Not granting permission android.permission.ACCESS_DOWNLOAD_MANAGER to package com.android.browser (protectionLevel=18 flags=0x9be45)
W/PackageManager(  343): Not granting permission android.permission.SEND_DOWNLOAD_COMPLETED_INTENTS to package com.android.browser (protectionLevel=2 flags=0x9be45)
W/PackageManager(  343): Not granting permission android.permission.BIND_APPWIDGET to package com.android.widgetpreview (protectionLevel=18 flags=0x8be44)
W/PackageManager(  343): Unknown permission android.permission.INSTALL_DRM in package com.android.mms
W/PackageManager(  343): Unknown permission com.google.android.googleapps.permission.GOOGLE_AUTH in package com.android.settings
W/PackageManager(  343): Unknown permission com.google.android.googleapps.permission.ACCESS_GOOGLE_PASSWORD in package com.android.development
W/PackageManager(  343): Unknown permission com.google.android.googleapps.permission.GOOGLE_AUTH in package com.android.development
W/PackageManager(  343): Unknown permission com.google.android.googleapps.permission.GOOGLE_AUTH.ALL_SERVICES in package com.android.development
W/PackageManager(  343): Unknown permission com.google.android.googleapps.permission.GOOGLE_AUTH.YouTubeUser in package com.android.development
W/PackageManager(  343): Not granting permission android.permission.DELETE_PACKAGES to package com.svox.pico (protectionLevel=18 flags=0x8be45)
W/PackageManager(  343): Not granting permission android.permission.DEVICE_POWER to package com.android.deskclock (protectionLevel=2 flags=0x48be45)
D/dalvikvm(  343): GC_EXPLICIT freed 390K, 68% free 4308K/13204K, paused 5ms+4ms, total 59ms
I/SystemServer(  343): Entropy Mixer
W/EntropyMixer(  343): No existing entropy file -- first boot?
I/EntropyMixer(  343): Writing entropy...
I/SystemServer(  343): User Service
I/SystemServer(  343): Account Manager
I/SystemServer(  343): Content Manager
I/SystemServer(  343): System Content Providers
I/SyncManager(  343): No initial accounts
I/SyncManager(  343): No initial status
W/SyncManagerFile(  343): Error reading pending data.
W/SyncManagerFile(  343): java.io.FileNotFoundException: /data/system/sync/pending.xml: open failed: ENOENT (No such file or directory)
W/SyncManagerFile(  343): 	at libcore.io.IoBridge.open(IoBridge.java:409)
W/SyncManagerFile(  343): 	at java.io.FileInputStream.<init>(FileInputStream.java:78)
W/SyncManagerFile(  343): 	at android.util.AtomicFile.openRead(AtomicFile.java:199)
W/SyncManagerFile(  343): 	at com.android.server.content.SyncStorageEngine.readPendingOperationsLocked(SyncStorageEngine.java:2286)
W/SyncManagerFile(  343): 	at com.android.server.content.SyncStorageEngine.<init>(SyncStorageEngine.java:434)
W/SyncManagerFile(  343): 	at com.android.server.content.SyncStorageEngine.init(SyncStorageEngine.java:454)
W/SyncManagerFile(  343): 	at com.android.server.content.SyncManager.<init>(SyncManager.java:383)
W/SyncManagerFile(  343): 	at com.android.server.content.ContentService.getSyncManager(ContentService.java:75)
W/SyncManagerFile(  343): 	at com.android.server.content.ContentService.notifyChange(ContentService.java:283)
W/SyncManagerFile(  343): 	at android.content.ContentResolver.notifyChange(ContentResolver.java:1621)
W/SyncManagerFile(  343): 	at com.android.providers.settings.SettingsProvider.sendNotify(SettingsProvider.java:262)
W/SyncManagerFile(  343): 	at com.android.providers.settings.SettingsProvider.insertForUser(SettingsProvider.java:941)
W/SyncManagerFile(  343): 	at com.android.providers.settings.SettingsProvider.ensureAndroidIdIsSet(SettingsProvider.java:496)
W/SyncManagerFile(  343): 	at com.android.providers.settings.SettingsProvider.establishDbTracking(SettingsProvider.java:409)
W/SyncManagerFile(  343): 	at com.android.providers.settings.SettingsProvider.onCreate(SettingsProvider.java:335)
W/SyncManagerFile(  343): 	at android.content.ContentProvider.attachInfo(ContentProvider.java:1591)
W/SyncManagerFile(  343): 	at android.content.ContentProvider.attachInfo(ContentProvider.java:1562)
W/SyncManagerFile(  343): 	at android.app.ActivityThread.installProvider(ActivityThread.java:4774)
W/SyncManagerFile(  343): 	at android.app.ActivityThread.installContentProviders(ActivityThread.java:4369)
W/SyncManagerFile(  343): 	at android.app.ActivityThread.installSystemProviders(ActivityThread.java:4929)
W/SyncManagerFile(  343): 	at com.android.server.am.ActivityManagerService.installSystemProviders(ActivityManagerService.java:8081)
W/SyncManagerFile(  343): 	at com.android.server.ServerThread.initAndLoop(SystemServer.java:275)
W/SyncManagerFile(  343): 	at com.android.server.SystemServer.main(SystemServer.java:1179)
W/SyncManagerFile(  343): 	at java.lang.reflect.Method.invokeNative(Native Method)
W/SyncManagerFile(  343): 	at java.lang.reflect.Method.invoke(Method.java:515)
W/SyncManagerFile(  343): 	at com.android.internal.os.ZygoteInit$MethodAndArgsCaller.run(ZygoteInit.java:785)
W/SyncManagerFile(  343): 	at com.android.internal.os.ZygoteInit.main(ZygoteInit.java:601)
W/SyncManagerFile(  343): 	at dalvik.system.NativeStart.main(Native Method)
W/SyncManagerFile(  343): Caused by: libcore.io.ErrnoException: open failed: ENOENT (No such file or directory)
W/SyncManagerFile(  343): 	at libcore.io.Posix.open(Native Method)
W/SyncManagerFile(  343): 	at libcore.io.BlockGuardOs.open(BlockGuardOs.java:110)
W/SyncManagerFile(  343): 	at libcore.io.IoBridge.open(IoBridge.java:393)
W/SyncManagerFile(  343): 	... 27 more
I/SyncManager(  343): No initial statistics
D/SettingsProvider(  343): Generated and saved new ANDROID_ID [8090ddedf024568d] for user 0
I/SystemServer(  343): Lights Service
I/SystemServer(  343): Battery Service
E/ConsumerIrService(  343): Can't open consumer IR HW Module, error: -2
I/SystemServer(  343): Vibrator Service
I/SystemServer(  343): Consumer IR Service
W/libsuspend(  343): Error writing 'on' to /sys/power/state: Invalid argument
E/libsuspend(  343): Error opening /sys/power/autosleep: No such file or directory
I/libsuspend(  343): Selected wakeup count
D/PermissionCache(   58): checking android.permission.ACCESS_SURFACE_FLINGER for uid=1000 => granted (2287 us)
D/SurfaceFlinger(   58): Screen acquired, type=0 flinger=0xb8f14450
D/SurfaceFlinger(   58):  screen was previously acquired
I/SystemServer(  343): Alarm Manager
I/SystemServer(  343): Init Watchdog
I/SystemServer(  343): Input Manager
I/InputManager(  343): Initializing input manager, mUseDevInputEventForAudioJack=false
I/SystemServer(  343): Window Manager
I/WindowManager(  343): No existing display settings /data/system/display_settings.xml; starting empty
D/dalvikvm(  343): GC_CONCURRENT freed 339K, 67% free 4480K/13204K, paused 26ms+12ms, total 146ms
D/dalvikvm(  343): WAIT_FOR_CONCURRENT_GC blocked 12ms
I/WindowManager(  343): No keyguard interface!
I/InputManager(  343): Starting input manager
E/EventHub(  343): could not get driver version for /dev/input/mouse0, Not a typewriter
I/SystemServer(  343): No Bluetooh Service (emulator)
I/SystemServer(  343): Input Method Service
W/EventHub(  343): Unable to disable kernel key repeat for /dev/input/event0: Function not implemented
I/EventHub(  343): New device: id=1, fd=93, path='/dev/input/event0', name='qwerty2', classes=0x2d, configuration='/system/usr/idc/qwerty2.idc', keyLayout='/system/usr/keylayout/qwerty.kl', keyCharacterMap='/system/usr/keychars/qwerty2.kcm', builtinKeyboard=true, usingSuspendBlockIoctl=true, usingClockIoctl=true
E/EventHub(  343): could not get driver version for /dev/input/mice, Not a typewriter
I/InputReader(  343): Device added: id=-1, name='Virtual', sources=0x00000301
I/InputReader(  343):   Touch device 'qwerty2' could not query the properties of its associated display.  The device will be inoperable until the display size becomes available.
I/InputReader(  343): Device added: id=0, name='qwerty2', sources=0x00011307
W/InputMethodManagerService(  343): No IME selected. Choose the most applicable IME.
I/InputMethodManagerService(  343): No default found, using com.android.inputmethod.latin/.LatinIME
I/SystemServer(  343): Accessibility Manager
I/ActivityManager(  343): Config changes=1df8 {1.0 ?mcc?mnc en_US ldltr sw480dp w480dp h864dp 160dpi lrg long port ?uimode ?night -touch -keyb/h/h tball/v s.2}
I/InputReader(  343): Reconfiguring input devices.  changes=0x00000004
I/InputReader(  343): Device reconfigured: id=0, name='qwerty2', size 480x864, orientation 0, mode 1, display id 0
I/ActivityManager(  343): Config changes=408 {1.0 ?mcc?mnc en_US ldltr sw480dp w480dp h839dp 160dpi lrg long port ?uimode ?night finger -keyb/h/h tball/v s.3}
I/SystemServer(  343): Mount Service
D/MountService(  343): got storage path: /storage/sdcard description: USB storage primary: true removable: false emulated: false mtpReserve: 0 allowMassStorage: false maxFileSize: 0
D/MountService(  343): addVolumeLocked() StorageVolume:
D/MountService(  343):     mStorageId=0 mPath=/storage/sdcard mDescriptionId=17040665 mPrimary=true 
D/MountService(  343):     mRemovable=false mEmulated=false mMtpReserveSpace=0 
D/MountService(  343):     mAllowMassStorage=false mMaxFileSize=0 mOwner=null mUuid=null 
D/MountService(  343):     mUserLabel=null mState=null 
I/SystemServer(  343): LockSettingsService
I/SystemServer(  343): Device Policy
I/SystemServer(  343): Status Bar
I/SystemServer(  343): Clipboard Service
I/SystemServer(  343): NetworkManagement Service
I/SystemServer(  343): Text Service Manager Service
W/MountService(  343): Duplicate state transition (unmounted -> unmounted) for /storage/sdcard
W/MountService(  343): getSecureContainerList() called when storage not mounted
I/PackageManager(  343): No secure containers on sdcard
I/SystemServer(  343): NetworkStats Service
I/SystemServer(  343): NetworkPolicy Service
I/SystemServer(  343): Wi-Fi P2pService
W/PackageManager(  343): Not granting permission android.permission.GLOBAL_SEARCH to package com.android.quicksearchbox (protectionLevel=18 flags=0x8be45)
W/PackageManager(  343): Unknown permission com.android.smspush.WAPPUSH_MANAGER_BIND in package com.android.phone
W/PackageManager(  343): Unknown permission com.google.android.googleapps.permission.GOOGLE_AUTH in package com.android.providers.calendar
W/PackageManager(  343): Unknown permission com.google.android.googleapps.permission.GOOGLE_AUTH.cl in package com.android.providers.calendar
W/PackageManager(  343): Unknown permission com.google.android.googleapps.permission.GOOGLE_AUTH.mail in package com.android.calendar
W/PackageManager(  343): Not granting permission android.permission.ACCESS_DOWNLOAD_MANAGER to package com.android.browser (protectionLevel=18 flags=0x9be45)
W/PackageManager(  343): Not granting permission android.permission.SEND_DOWNLOAD_COMPLETED_INTENTS to package com.android.browser (protectionLevel=2 flags=0x9be45)
W/PackageManager(  343): Not granting permission android.permission.BIND_APPWIDGET to package com.android.widgetpreview (protectionLevel=18 flags=0x8be44)
W/PackageManager(  343): Unknown permission android.permission.INSTALL_DRM in package com.android.mms
W/PackageManager(  343): Unknown permission com.google.android.googleapps.permission.GOOGLE_AUTH in package com.android.settings
W/PackageManager(  343): Unknown permission com.google.android.googleapps.permission.ACCESS_GOOGLE_PASSWORD in package com.android.development
W/PackageManager(  343): Unknown permission com.google.android.googleapps.permission.GOOGLE_AUTH in package com.android.development
W/PackageManager(  343): Unknown permission com.google.android.googleapps.permission.GOOGLE_AUTH.ALL_SERVICES in package com.android.development
W/PackageManager(  343): Unknown permission com.google.android.googleapps.permission.GOOGLE_AUTH.YouTubeUser in package com.android.development
W/PackageManager(  343): Not granting permission android.permission.DELETE_PACKAGES to package com.svox.pico (protectionLevel=18 flags=0x8be45)
W/PackageManager(  343): Not granting permission android.permission.DEVICE_POWER to package com.android.deskclock (protectionLevel=2 flags=0x48be45)
D/dalvikvm(  343): GC_CONCURRENT freed 264K, 65% free 4653K/13204K, paused 5ms+6ms, total 87ms
I/SystemServer(  343): Wi-Fi Service
D/WifiController(  343): isAirplaneModeOn = false, isWifiEnabled = false, isScanningAvailable = false
I/SystemServer(  343): Connectivity Service
D/ConnectivityService(  343): ConnectivityService starting up
D/ConnectivityService(  343): wifiOnly=false
E/MobileDataStateTracker(  343): default: Ignoring feature request because could not acquire PhoneService
E/MobileDataStateTracker(  343): default: Could not enable APN type "default"
I/WifiService(  343): WifiService starting up with Wi-Fi disabled
I/SystemServer(  343): Network Service Discovery Service
D/NsdService(  343): Network service discovery enabled true
I/SystemServer(  343): UpdateLock Service
I/SystemServer(  343): Notification Manager
I/SystemServer(  343): Device Storage Monitor
I/SystemServer(  343): Location Manager
I/SystemServer(  343): Country Detector
I/SystemServer(  343): Search Service
I/SystemServer(  343): DropBox Service
I/SystemServer(  343): Wallpaper Service
W/WallpaperService(  343): no current wallpaper -- first boot?
I/SystemServer(  343): Audio Service
D/dalvikvm(  343): GC_CONCURRENT freed 244K, 64% free 4813K/13204K, paused 8ms+6ms, total 99ms
I/SystemServer(  343): Dock Observer
W/DockObserver(  343): This kernel does not have dock station support
I/SystemServer(  343): Wired Accessory Manager
W/WiredAccessoryManager(  343): This kernel does not have wired headset support
W/WiredAccessoryManager(  343): This kernel does not have usb audio support
W/WiredAccessoryManager(  343): This kernel does not have HDMI audio support
I/SystemServer(  343): USB Service
I/SystemServer(  343): Serial Service
I/SystemServer(  343): Twilight Service
I/SystemServer(  343): UI Mode Manager Service
I/SystemServer(  343): Backup Service
V/BackupManagerService(  343): Initializing package tracking
V/BackupManagerService(  343): No ancestral data
V/BackupManagerService(  343): addPackageParticipantsLocked: all
I/BackupManagerService(  343): Scheduling backup for new app com.android.calendar
D/BackupManagerService(  343): Now staging backup of com.android.calendar
I/BackupManagerService(  343): Scheduling backup for new app com.android.browser
D/BackupManagerService(  343): Now staging backup of com.android.browser
I/BackupManagerService(  343): Scheduling backup for new app com.android.providers.userdictionary
D/BackupManagerService(  343): Now staging backup of com.android.providers.userdictionary
I/BackupManagerService(  343): Scheduling backup for new app com.android.sharedstoragebackup
D/BackupManagerService(  343): Now staging backup of com.android.sharedstoragebackup
I/BackupManagerService(  343): Scheduling backup for new app android
D/BackupManagerService(  343): Now staging backup of android
I/BackupManagerService(  343): Scheduling backup for new app com.android.dialer
D/BackupManagerService(  343): Now staging backup of com.android.dialer
I/BackupManagerService(  343): Scheduling backup for new app com.android.providers.settings
D/BackupManagerService(  343): Now staging backup of com.android.providers.settings
V/BackupManagerService(  343): Starting with transport android/com.android.internal.backup.LocalTransport
V/BackupManagerService(  343): Found transports: 1
I/BackupManagerService(  343): Binding to transport host ComponentInfo{android/com.android.internal.backup.LocalTransportService}
I/BackupManagerService(  343): Backup enabled => true
I/SystemServer(  343): AppWidget Service
I/SystemServer(  343): Recognition Service
I/SystemServer(  343): DiskStats Service
I/SystemServer(  343): SamplingProfiler Service
D/Atlas   (  343): Computing best atlas configuration...
I/SystemServer(  343): NetworkTimeUpdateService
I/SystemServer(  343): CommonTimeManagementService
I/SystemServer(  343): CertBlacklister
I/SystemServer(  343): Dreams Service
I/SystemServer(  343): Assets Atlas Service
I/WindowManager(  343): SAFE MODE not enabled
I/SystemServer(  343): IdleMaintenanceService
I/SystemServer(  343): Print Service
I/SystemServer(  343): Media Router Service
D/Atlas   (  343): Running Thread-50
D/Atlas   (  343): Found best atlas configuration in 0.08s
D/Atlas   (  343): Loaded configuration: SliceMinArea (768x768) flags=0x2 count=24
E/SQLiteLog(  343): (1) no such table: locksettings
D/gralloc_goldfish(  343): Emulator without GPU emulation detected.
I/LockSettingsService(  343): Migrated lock settings to new location
I/LockSettingsService(  343): Migrated per-user lock settings to new location
D/dalvikvm(  343): GC_CONCURRENT freed 316K, 63% free 4965K/13204K, paused 33ms+4ms, total 177ms
W/AssetAtlasService(  343): Could not find EGL configuration
I/Zygote  (  343): Process: zygote socket opened
D/Atlas   (  343): Rendered atlas in 29.07ms (25.95+3.12ms)
V/KeyguardServiceDelegate(  343): *** Keyguard started
V/KeyguardServiceDelegate(  343): onSystemReady() called before keyguard service was ready
I/ActivityManager(  343): Start proc com.android.systemui for service com.android.keyguard/.KeyguardService: pid=438 uid=10007 gids={50007, 1028, 1015, 1035, 3002, 3001}
F/SystemServer(  343): BOOT FAILURE making Package Manager Service ready
F/SystemServer(  343): java.lang.SecurityException: Unable to find app for caller android.app.ActivityThread$ApplicationThread@b2f03c48 (pid=343) when registering receiver android.app.LoadedApk$ReceiverDispatcher$InnerReceiver@b3280658
F/SystemServer(  343): 	at com.android.server.am.ActivityManagerService.registerReceiver(ActivityManagerService.java:13021)
F/SystemServer(  343): 	at android.app.ContextImpl.registerReceiverInternal(ContextImpl.java:1450)
F/SystemServer(  343): 	at android.app.ContextImpl.registerReceiverAsUser(ContextImpl.java:1425)
F/SystemServer(  343): 	at com.android.internal.content.PackageMonitor.register(PackageMonitor.java:84)
F/SystemServer(  343): 	at com.android.server.pm.UserManagerService.systemReady(UserManagerService.java:237)
F/SystemServer(  343): 	at com.android.server.pm.PackageManagerService.systemReady(PackageManagerService.java:10476)
F/SystemServer(  343): 	at com.android.server.ServerThread.initAndLoop(SystemServer.java:893)
F/SystemServer(  343): 	at com.android.server.SystemServer.main(SystemServer.java:1179)
F/SystemServer(  343): 	at java.lang.reflect.Method.invokeNative(Native Method)
F/SystemServer(  343): 	at java.lang.reflect.Method.invoke(Method.java:515)
F/SystemServer(  343): 	at com.android.internal.os.ZygoteInit$MethodAndArgsCaller.run(ZygoteInit.java:785)
F/SystemServer(  343): 	at com.android.internal.os.ZygoteInit.main(ZygoteInit.java:601)
F/SystemServer(  343): 	at dalvik.system.NativeStart.main(Native Method)
W/SystemServer(  343): ***********************************************
I/ActivityManager(  343): Sending system update to ComponentInfo{com.android.providers.calendar/com.android.providers.calendar.CalendarUpgradeReceiver} for user 0
I/ActivityManager(  343): Sending system update to ComponentInfo{com.android.providers.contacts/com.android.providers.contacts.ContactsUpgradeReceiver} for user 0
I/ActivityManager(  343): Sending system update to ComponentInfo{com.android.providers.media/com.android.providers.media.MediaUpgradeReceiver} for user 0
I/SystemServer(  343): Enabled StrictMode for system server main thread.
I/ActivityManager(  343): Start proc com.android.providers.calendar for broadcast com.android.providers.calendar/.CalendarUpgradeReceiver: pid=449 uid=10001 gids={50001, 3003, 1028, 1015}
I/Choreographer(  343): Skipped 43 frames!  The application may be doing too much work on its main thread.
W/InputMethodManagerService(  343): Focus gain on non-focused client android.view.inputmethod.InputMethodManager$1@b328af90 (uid=1000 pid=343)
V/BackupManagerService(  343): Connected to transport ComponentInfo{android/com.android.internal.backup.LocalTransportService}
V/BackupManagerService(  343): Registering transport android/com.android.internal.backup.LocalTransportService::android/com.android.internal.backup.LocalTransport = com.android.internal.backup.LocalTransport@b322f658
I/ActivityManager(  343): Launching preboot mode app: ProcessRecord{b30ceda8 449:com.android.providers.calendar/u0a1}
E/SoundPool(  438): error loading /system/media/audio/ui/Lock.ogg
W/KeyguardViewMediator(  438): failed to load lock sound from /system/media/audio/ui/Lock.ogg
E/SoundPool(  438): error loading /system/media/audio/ui/Unlock.ogg
W/KeyguardViewMediator(  438): failed to load unlock sound from /system/media/audio/ui/Unlock.ogg
V/KeyguardService(  438): onCreate()
V/KeyguardServiceDelegate(  343): *** Keyguard connected (yay!)
V/KeyguardServiceDelegate(  343): **** SHOWN CALLED ****
I/ActivityManager(  343): Start proc android.process.acore for broadcast com.android.providers.contacts/.ContactsUpgradeReceiver: pid=469 uid=10002 gids={50002, 3003, 1028, 1015}
D/dalvikvm(  343): GC_CONCURRENT freed 341K, 62% free 5109K/13204K, paused 5ms+4ms, total 110ms
I/ActivityManager(  343): Launching preboot mode app: ProcessRecord{b371e5e0 469:android.process.acore/u0a2}
I/ContactsUpgradeReceiver(  469): Creating or opening contacts database
I/ContactsDatabaseHelper(  469): Bootstrapping database version: 803
D/dalvikvm(  469): GC_CONCURRENT freed 365K, 14% free 2809K/3244K, paused 5ms+2ms, total 73ms
D/dalvikvm(  469): GC_CONCURRENT freed 329K, 13% free 2871K/3272K, paused 14ms+4ms, total 31ms
I/ContactsProviderV1(  469): Bootstrapping database legacy support
I/ContactsDatabaseHelper(  469): Bootstrapping database version: 803
D/dalvikvm(  469): GC_CONCURRENT freed 334K, 13% free 2929K/3332K, paused 4ms+3ms, total 29ms
I/ContactsProviderV1(  469): Bootstrapping database legacy support
I/ContactsProvider(  469): Locale has changed from null to en_US
I/ContactsDatabaseHelper(  469): Switching to locale en_US (ICU v51.1.0.1)
D/dalvikvm(  469): GC_CONCURRENT freed 350K, 13% free 3013K/3432K, paused 4ms+3ms, total 42ms
I/ContactsDatabaseHelper(  469): Locale change completed in 439ms
I/ContactsDatabaseHelper(  469): Switching to locale en_US (ICU v51.1.0.1)
D/dalvikvm(  469): GC_CONCURRENT freed 361K, 13% free 3049K/3480K, paused 4ms+3ms, total 43ms
I/ContactsDatabaseHelper(  469): Locale change completed in 444ms
I/ActivityManager(  343): Start proc android.process.media for broadcast com.android.providers.media/.MediaUpgradeReceiver: pid=485 uid=10005 gids={50005, 1028, 1015, 1023, 1024, 2001, 3003, 3007}
I/ActivityManager(  343): Launching preboot mode app: ProcessRecord{b3461e38 485:android.process.media/u0a5}
I/ActivityManager(  343): Writing new set of last done pre-boot receivers...
I/ActivityManager(  343): Removing system update proc: ProcessRecord{b30ceda8 449:com.android.providers.calendar/u0a1}
I/ActivityManager(  343): Killing 449:com.android.providers.calendar/u0a1 (adj 13): system update done
I/ActivityManager(  343): Removing system update proc: ProcessRecord{b371e5e0 469:android.process.acore/u0a2}
I/ActivityManager(  343): Killing 469:android.process.acore/u0a2 (adj 11): system update done
I/ActivityManager(  343): Removing system update proc: ProcessRecord{b3461e38 485:android.process.media/u0a5}
I/ActivityManager(  343): Killing 485:android.process.media/u0a5 (adj 9): system update done
W/ActivityManager(  343): Can't find mystery application for StrictMode from pid=485 uid=10005: android.os.BinderProxy@b341b810
I/ActivityManager(  343): System now ready
I/SystemServer(  343): Making services ready
D/NetworkManagementService(  343): enabling bandwidth control
I/Vold    (   53): /dev/block/vold/179:0 being considered for volume sdcard
D/Vold    (   53): Volume sdcard state changing 1 (Idle-Unmounted) -> 3 (Checking)
D/MountService(  343): volume state changed for /storage/sdcard (unmounted -> checking)
D/MountService(  343): sendStorageIntent Intent { act=android.intent.action.MEDIA_CHECKING dat=file:///storage/sdcard (has extras) } to UserHandle{-1}
W/ProcessCpuTracker(  343): Skipping unknown process pid 449
W/ProcessCpuTracker(  343): Skipping unknown process pid 469
W/ProcessCpuTracker(  343): Skipping unknown process pid 485
D/SystemUIService(  438): loading: class com.android.systemui.recent.Recents
D/SystemUIService(  438): running: com.android.systemui.recent.Recents@b2db2010
D/SystemUIService(  438): loading: class com.android.systemui.statusbar.SystemBars
D/SystemUIService(  438): running: com.android.systemui.statusbar.SystemBars@b2db25f8
D/SystemUIService(  438): loading: class com.android.systemui.usb.StorageNotification
D/SystemUIService(  438): running: com.android.systemui.usb.StorageNotification@b2db4348
D/SystemUIService(  438): loading: class com.android.systemui.power.PowerUI
D/SystemUIService(  438): running: com.android.systemui.power.PowerUI@b2db59a8
I/fsck_msdos(   53): ** /dev/block/vold/179:0
I/fsck_msdos(   53): Invalid signature in fsinfo block
I/fsck_msdos(   53): FIXED
I/fsck_msdos(   53): ** Phase 1 - Read and Compare FATs
I/fsck_msdos(   53): Attempting to allocate 794 KB for FAT
D/SystemUIService(  438): loading: class com.android.systemui.media.RingtonePlayer
D/SystemUIService(  438): running: com.android.systemui.media.RingtonePlayer@b2db6788
D/SystemUIService(  438): loading: class com.android.systemui.settings.SettingsUI
D/SystemUIService(  438): running: com.android.systemui.settings.SettingsUI@b2db7a70
D/PhoneStatusBar(  438): mSettingsPanelGravity = 55
I/StatusBarManagerService(  343): registerStatusBar bar=com.android.internal.statusbar.IStatusBar$Stub$Proxy@b2f99ef8
I/fsck_msdos(   53): Attempting to allocate 794 KB for FAT
I/fsck_msdos(   53): ** Phase 2 - Check Cluster Chains
I/fsck_msdos(   53): ** Phase 3 - Checking Directories
I/fsck_msdos(   53): ** Phase 4 - Checking for Lost Files
I/fsck_msdos(   53): Free space in FSInfo block (201592) not correct (201591)
I/fsck_msdos(   53): FIXED
I/fsck_msdos(   53): 1 files, 100795 free (201591 clusters)
I/Vold    (   53): Filesystem check completed OK
D/dalvikvm(  438): GC_CONCURRENT freed 282K, 11% free 2835K/3176K, paused 10ms+4ms, total 207ms
W/Vold    (   53): blkid failed to identify /dev/block/vold/179:0
D/Vold    (   53): Volume sdcard state changing 3 (Checking) -> 4 (Mounted)
E/VoldConnector(  343): NDC Command {3 volume mount /storage/sdcard} took too long (819ms)
I/PackageManager(  343): Updating external media status from unmounted to mounted
D/MountService(  343): volume state changed for /storage/sdcard (checking -> mounted)
D/MountService(  343): sendStorageIntent Intent { act=android.intent.action.MEDIA_MOUNTED dat=file:///storage/sdcard (has extras) } to UserHandle{-1}
D/dalvikvm(  438): GC_FOR_ALLOC freed 37K, 8% free 2947K/3176K, paused 54ms, total 56ms
I/PackageManager(  343): No secure containers on sdcard
E/VoldConnector(  343): NDC Command {4 asec list} took too long (538ms)
D/dalvikvm(  343): GC_CONCURRENT freed 417K, 61% free 5240K/13204K, paused 66ms+255ms, total 703ms
W/PackageManager(  343): Not granting permission android.permission.GLOBAL_SEARCH to package com.android.quicksearchbox (protectionLevel=18 flags=0x88be45)
W/PackageManager(  343): Unknown permission com.android.smspush.WAPPUSH_MANAGER_BIND in package com.android.phone
W/PackageManager(  343): Unknown permission com.google.android.googleapps.permission.GOOGLE_AUTH in package com.android.providers.calendar
W/PackageManager(  343): Unknown permission com.google.android.googleapps.permission.GOOGLE_AUTH.cl in package com.android.providers.calendar
W/PackageManager(  343): Unknown permission com.google.android.googleapps.permission.GOOGLE_AUTH.mail in package com.android.calendar
W/PackageManager(  343): Not granting permission android.permission.ACCESS_DOWNLOAD_MANAGER to package com.android.browser (protectionLevel=18 flags=0x89be45)
W/PackageManager(  343): Not granting permission android.permission.SEND_DOWNLOAD_COMPLETED_INTENTS to package com.android.browser (protectionLevel=2 flags=0x89be45)
W/PackageManager(  343): Not granting permission android.permission.BIND_APPWIDGET to package com.android.widgetpreview (protectionLevel=18 flags=0x8be44)
W/PackageManager(  343): Unknown permission android.permission.INSTALL_DRM in package com.android.mms
W/PackageManager(  343): Unknown permission com.google.android.googleapps.permission.GOOGLE_AUTH in package com.android.settings
W/PackageManager(  343): Unknown permission com.google.android.googleapps.permission.ACCESS_GOOGLE_PASSWORD in package com.android.development
W/PackageManager(  343): Unknown permission com.google.android.googleapps.permission.GOOGLE_AUTH in package com.android.development
W/PackageManager(  343): Unknown permission com.google.android.googleapps.permission.GOOGLE_AUTH.ALL_SERVICES in package com.android.development
W/PackageManager(  343): Unknown permission com.google.android.googleapps.permission.GOOGLE_AUTH.YouTubeUser in package com.android.development
W/PackageManager(  343): Not granting permission android.permission.DELETE_PACKAGES to package com.svox.pico (protectionLevel=18 flags=0x88be45)
W/PackageManager(  343): Not granting permission android.permission.DEVICE_POWER to package com.android.deskclock (protectionLevel=2 flags=0xc8be45)
E/BluetoothAdapter(  438): Bluetooth binder is null
E/BluetoothAdapter(  438): Bluetooth binder is null
D/dalvikvm(  438): GC_CONCURRENT freed 58K, 5% free 3301K/3452K, paused 4ms+2ms, total 92ms
E/BluetoothAdapter(  438): Bluetooth binder is null
E/BluetoothAdapter(  438): Bluetooth binder is null
I/ActivityManager(  343): Start proc android.process.acore for content provider com.android.providers.contacts/.ContactsProvider2: pid=539 uid=10002 gids={50002, 3003, 1028, 1015}
E/NetdConnector(  343): NDC Command {1 bandwidth enable} took too long (3263ms)
D/PhoneStatusBar(  438): disable: < expand icons alerts ticker system_info back home recent clock search >
E/BluetoothAdapter(  438): Bluetooth binder is null
D/PhoneStatusBar(  438): heads up is disabled
I/Choreographer(  438): Skipped 491 frames!  The application may be doing too much work on its main thread.
D/dalvikvm(  438): GC_CONCURRENT freed 137K, 6% free 3553K/3760K, paused 5ms+61ms, total 154ms
E/NetdConnector(  343): NDC Command {4 bandwidth setglobalalert 2097152} took too long (532ms)
D/dalvikvm(  539): GC_CONCURRENT freed 189K, 9% free 2921K/3180K, paused 5ms+18ms, total 131ms
I/Choreographer(  438): Skipped 289 frames!  The application may be doing too much work on its main thread.
D/gralloc_goldfish(  438): Emulator without GPU emulation detected.
I/Choreographer(  438): Skipped 45 frames!  The application may be doing too much work on its main thread.
I/ActivityManager(  343): Config changes=200 {1.0 ?mcc?mnc en_US ldltr sw480dp w480dp h839dp 160dpi lrg long port finger -keyb/h/h tball/v s.4}
W/RecognitionManagerService(  343): no available voice recognition services found for user 0
D/PhoneStatusBar(  438): mSettingsPanelGravity = 55
W/AppWidgetServiceImpl(  343): Failed to read state: java.io.FileNotFoundException: /data/system/users/0/appwidgets.xml: open failed: ENOENT (No such file or directory)
W/InputMethodManagerService(  343): Ignoring setImeWindowStatus of uid 1000 token: null
D/dalvikvm(  343): GC_CONCURRENT freed 649K, 61% free 5228K/13204K, paused 6ms+5ms, total 120ms
D/dalvikvm(  343): WAIT_FOR_CONCURRENT_GC blocked 49ms
D/dalvikvm(  343): WAIT_FOR_CONCURRENT_GC blocked 53ms
W/InputMethodUtils(  343): Found no subtypes in a system IME: com.android.inputmethod.pinyin
W/InputMethodManagerService(  343): Reset the default IME as "Resource" is ready here.
W/InputMethodUtils(  343): Found no subtypes in a system IME: com.android.inputmethod.pinyin
I/InputMethodManagerService(  343): Selected default: com.android.inputmethod.latin/.LatinIME
I/ActivityManager(  343): Config changes=20 {1.0 ?mcc?mnc en_US ldltr sw480dp w480dp h839dp 160dpi lrg long port finger -keyb/v/h tball/v s.5}
D/dalvikvm(  438): GC_FOR_ALLOC freed 95K, 6% free 3561K/3760K, paused 38ms, total 40ms
I/ActivityManager(  343): Start proc com.android.inputmethod.latin for service com.android.inputmethod.latin/.LatinIME: pid=578 uid=10029 gids={50029, 1028, 1015}
V/InputMethodManagerService(  343): Adding window token: android.os.Binder@b361be68
W/InputMethodManagerService(  343): Illegal subtype state: old subtype = null, new subtype = android.view.inputmethod.InputMethodSubtype@c9194f98
W/GpsLocationProvider(  343): Could not open GPS configuration file /etc/gps.conf
W/ServiceWatcher(  343): com.google.android.location not found
W/ServiceWatcher(  343): com.google.android.location not found
W/ServiceWatcher(  343): com.google.android.location not found
W/LocationManagerService(  343): no network location provider found
I/dalvikvm-heap(  438): Grow heap (frag case) to 6.470MB for 3072016-byte allocation
W/ServiceWatcher(  343): com.google.android.location not found
E/FlpHardwareProvider(  343): Error hw_get_module 'flp': -2
W/ServiceWatcher(  343): com.google.android.location not found
E/FlpHardwareProvider(  343): Error hw_get_module 'flp': -2
W/ServiceWatcher(  343): com.google.android.location not found
E/LocationManagerService(  343): no geocoder provider found
E/LocationManagerService(  343): No FusedProvider found.
E/LocationManagerService(  343): no geofence provider found
I/CommonTimeManagementService(  343): No common time service detected on this platform.  Common time services will be unavailable.
I/InputReader(  343): Reconfiguring input devices.  changes=0x00000020
I/ActivityManager(  343): Start proc com.android.phone for added application com.android.phone: pid=590 uid=1001 gids={41001, 3002, 3001, 3003, 1028, 1015}
D/dalvikvm(  438): GC_FOR_ALLOC freed 3K, 4% free 6557K/6764K, paused 156ms, total 156ms
I/ActivityManager(  343): START u0 {act=android.intent.action.MAIN cat=[android.intent.category.HOME] flg=0x10000000 cmp=com.android.settings/.CryptKeeper} from pid 0
I/InputReader(  343): Reconfiguring input devices.  changes=0x00000010
I/ActivityManager(  343): Start proc com.android.settings for activity com.android.settings/.CryptKeeper: pid=596 uid=1000 gids={41000, 1028, 1015, 3002, 3001, 3003}
I/ActivityManager(  343): Start proc android.process.media for broadcast com.android.providers.downloads/.DownloadReceiver: pid=608 uid=10005 gids={50005, 1028, 1015, 1023, 1024, 2001, 3003, 3007}
D/dalvikvm(  438): GC_CONCURRENT freed 0K, 4% free 6558K/6764K, paused 44ms+3ms, total 256ms
D/dalvikvm(   59): GC_EXPLICIT freed 38K, 4% free 2705K/2812K, paused 3ms+2ms, total 49ms
D/dalvikvm(   59): GC_EXPLICIT freed <1K, 4% free 2705K/2812K, paused 2ms+2ms, total 43ms
D/dalvikvm(   59): GC_EXPLICIT freed <1K, 4% free 2705K/2812K, paused 2ms+2ms, total 43ms
D/dalvikvm(  438): GC_FOR_ALLOC freed 3003K, 6% free 3563K/3760K, paused 292ms, total 293ms
I/dalvikvm-heap(  438): Grow heap (frag case) to 6.472MB for 3072016-byte allocation
D/dalvikvm(  438): GC_FOR_ALLOC freed <1K, 3% free 6562K/6764K, paused 27ms, total 27ms
D/dalvikvm(  438): GC_CONCURRENT freed <1K, 3% free 6563K/6764K, paused 4ms+6ms, total 34ms
D/dalvikvm(  343): GC_CONCURRENT freed 531K, 60% free 5332K/13204K, paused 6ms+267ms, total 631ms
D/dalvikvm(  343): WAIT_FOR_CONCURRENT_GC blocked 315ms
D/dalvikvm(  343): WAIT_FOR_CONCURRENT_GC blocked 311ms
D/dalvikvm(  343): WAIT_FOR_CONCURRENT_GC blocked 28ms
D/dalvikvm(  343): WAIT_FOR_CONCURRENT_GC blocked 29ms
D/dalvikvm(  343): WAIT_FOR_CONCURRENT_GC blocked 30ms
D/dalvikvm(  343): WAIT_FOR_CONCURRENT_GC blocked 32ms
D/dalvikvm(  343): WAIT_FOR_CONCURRENT_GC blocked 34ms
W/WindowManager(  343): Window freeze timeout expired.
W/WindowManager(  343): Force clearing orientation change: Window{b2f949a8 u0 StatusBar}
W/WindowManager(  343): Force clearing orientation change: Window{b35b9110 u0 com.android.systemui.ImageWallpaper}
I/FusedLocation(  343): engine started (com.android.location.fused)
D/PhoneStatusBar(  438): mSettingsPanelGravity = 55
V/StatusBar(  438): userId 0 is in the house
I/LatinIME(  578): Hardware accelerated drawing: true
I/Choreographer(  438): Skipped 68 frames!  The application may be doing too much work on its main thread.
I/ActivityManager(  343): START u0 {act=android.intent.action.MAIN cat=[android.intent.category.HOME] flg=0x10000000 cmp=com.android.sdksetup/.DefaultActivity} from pid 0
I/ActivityManager(  343): Start proc com.android.sdksetup for activity com.android.sdksetup/.DefaultActivity: pid=632 uid=10042 gids={50042}
I/Choreographer(  438): Skipped 31 frames!  The application may be doing too much work on its main thread.
D/SettingsProvider(  343): User 0 external modification to /data/data/com.android.providers.settings/databases/settings.db; event=2
D/SettingsProvider(  343): User 0 updating our caches for /data/data/com.android.providers.settings/databases/settings.db
D/dalvikvm(  590): GC_CONCURRENT freed 169K, 8% free 2918K/3156K, paused 3ms+2ms, total 49ms
D/SettingsProvider(  343): User 0 external modification to /data/data/com.android.providers.settings/databases/settings.db; event=2
D/SettingsProvider(  343): User 0 updating our caches for /data/data/com.android.providers.settings/databases/settings.db
D/dalvikvm(  343): GC_CONCURRENT freed 597K, 60% free 5396K/13204K, paused 286ms+5ms, total 363ms
D/dalvikvm(  343): WAIT_FOR_CONCURRENT_GC blocked 31ms
I/ActivityManager(  343): Force stopping com.android.sdksetup appid=10042 user=0: pkg changed
I/ActivityManager(  343): Killing 632:com.android.sdksetup/u0a42 (adj 0): stop com.android.sdksetup
I/ActivityManager(  343):   Force finishing activity ActivityRecord{b2f254e8 u0 com.android.sdksetup/.DefaultActivity t2}
I/PackageManager(  343):   Action: "android.intent.action.SENDTO"
I/PackageManager(  343):   Category: "android.intent.category.DEFAULT"
I/PackageManager(  343):   Scheme: "sms"
W/BackupManagerService(  343): dataChanged but no participant pkg='com.android.providers.settings' uid=1001
I/PackageManager(  343): Adding preferred activity ComponentInfo{com.android.mms/com.android.mms.ui.ComposeMessageActivity} for user 0 :
I/ActivityManager(  343): START u0 {act=android.intent.action.MAIN cat=[android.intent.category.HOME] flg=0x10000000 cmp=com.android.launcher/com.android.launcher2.Launcher} from pid 0
I/PackageManager(  343):   Action: "android.intent.action.SENDTO"
I/PackageManager(  343):   Category: "android.intent.category.DEFAULT"
I/PackageManager(  343):   Scheme: "smsto"
I/PackageManager(  343): Adding preferred activity ComponentInfo{com.android.mms/com.android.mms.ui.ComposeMessageActivity} for user 0 :
I/ActivityManager(  343): Start proc com.android.launcher for activity com.android.launcher/com.android.launcher2.Launcher: pid=658 uid=10008 gids={50008}
I/PackageManager(  343):   Action: "android.intent.action.SENDTO"
I/PackageManager(  343):   Category: "android.intent.category.DEFAULT"
I/PackageManager(  343):   Scheme: "mms"
I/PackageManager(  343): Adding preferred activity ComponentInfo{com.android.mms/com.android.mms.ui.ComposeMessageActivity} for user 0 :
I/PackageManager(  343):   Action: "android.intent.action.SENDTO"
I/PackageManager(  343):   Category: "android.intent.category.DEFAULT"
I/PackageManager(  343):   Scheme: "mmsto"
I/PackageManager(  343): Adding preferred activity ComponentInfo{com.android.mms/com.android.mms.ui.ComposeMessageActivity} for user 0 :
I/PackageManager(  343):   Action: "android.intent.action.SENDTO"
I/PackageManager(  343):   Category: "android.intent.category.DEFAULT"
I/PackageManager(  343):   Scheme: "sms"
I/PackageManager(  343): Adding preferred activity ComponentInfo{com.android.mms/com.android.mms.ui.ComposeMessageActivity} for user 0 :
I/PackageManager(  343):   Action: "android.intent.action.SENDTO"
I/PackageManager(  343):   Category: "android.intent.category.DEFAULT"
I/PackageManager(  343):   Scheme: "smsto"
I/PackageManager(  343): Adding preferred activity ComponentInfo{com.android.mms/com.android.mms.ui.ComposeMessageActivity} for user 0 :
I/InputReader(  343): Reconfiguring input devices.  changes=0x00000010
I/PackageManager(  343):   Action: "android.intent.action.SENDTO"
I/PackageManager(  343):   Category: "android.intent.category.DEFAULT"
I/PackageManager(  343):   Scheme: "mms"
I/PackageManager(  343): Adding preferred activity ComponentInfo{com.android.mms/com.android.mms.ui.ComposeMessageActivity} for user 0 :
I/PackageManager(  343):   Action: "android.intent.action.SENDTO"
I/PackageManager(  343):   Category: "android.intent.category.DEFAULT"
I/PackageManager(  343):   Scheme: "mmsto"
I/PackageManager(  343): Adding preferred activity ComponentInfo{com.android.mms/com.android.mms.ui.ComposeMessageActivity} for user 0 :
E/BluetoothAdapter(  590): Bluetooth binder is null
E/BluetoothAdapter(  590): Bluetooth binder is null
W/InputAttributes(  578): No editor info for this field. Bug?
D/CallNotifier(  590): CallNotifier: mSignalInfoToneGenerator created when toneplay
E/BluetoothAdapter(  590): Bluetooth binder is null
D/dalvikvm(  578): GC_CONCURRENT freed 223K, 10% free 2887K/3180K, paused 22ms+6ms, total 193ms
I/ResourceUtils(  578): Found default value: resource=keypress_vibration_durations build=[HARDWARE=goldfish MODEL=sdk BRAND=generic MANUFACTURER=unknown] default=-1
I/ResourceUtils(  578): Found default value: resource=keypress_volumes build=[HARDWARE=goldfish MODEL=sdk BRAND=generic MANUFACTURER=unknown] default=-1.0f
