W/GooglePlayServicesUtil( 1144): 	at io.fabric.sdk.android.services.common.AdvertisingInfoProvider.getAdvertisingInfoFromStrategies(AdvertisingInfoProvider.java:118)
W/GooglePlayServicesUtil( 1144): 	at io.fabric.sdk.android.services.common.AdvertisingInfoProvider.getAdvertisingInfo(AdvertisingInfoProvider.java:57)
W/GooglePlayServicesUtil( 1144): 	at io.fabric.sdk.android.services.common.IdManager.getAdvertisingInfo(IdManager.java:404)
W/GooglePlayServicesUtil( 1144): 	at io.fabric.sdk.android.services.common.IdManager.getAdvertisingId(IdManager.java:427)
W/GooglePlayServicesUtil( 1144): 	at io.fabric.sdk.android.services.common.IdManager.getDeviceIdentifiers(IdManager.java:393)
W/GooglePlayServicesUtil( 1144): 	at com.crashlytics.android.answers.SessionMetadataCollector.getMetadata(SessionMetadataCollector.java:34)
W/GooglePlayServicesUtil( 1144): 	at com.crashlytics.android.answers.AnswersEventsHandler$4.run(AnswersEventsHandler.java:130)
W/GooglePlayServicesUtil( 1144): 	at java.util.concurrent.Executors$RunnableAdapter.call(Executors.java:422)
W/GooglePlayServicesUtil( 1144): 	at java.util.concurrent.FutureTask.run(FutureTask.java:237)
W/GooglePlayServicesUtil( 1144): 	at java.util.concurrent.ScheduledThreadPoolExecutor$ScheduledFutureTask.access$201(ScheduledThreadPoolExecutor.java:152)
W/GooglePlayServicesUtil( 1144): 	at java.util.concurrent.ScheduledThreadPoolExecutor$ScheduledFutureTask.run(ScheduledThreadPoolExecutor.java:265)
W/GooglePlayServicesUtil( 1144): 	at java.util.concurrent.ThreadPoolExecutor.runWorker(ThreadPoolExecutor.java:1112)
W/GooglePlayServicesUtil( 1144): 	at java.util.concurrent.ThreadPoolExecutor$Worker.run(ThreadPoolExecutor.java:587)
W/GooglePlayServicesUtil( 1144): 	at io.fabric.sdk.android.services.common.ExecutorUtils$1$1.onRun(ExecutorUtils.java:75)
W/GooglePlayServicesUtil( 1144): 	at io.fabric.sdk.android.services.common.BackgroundPriorityRunnable.run(BackgroundPriorityRunnable.java:30)
W/GooglePlayServicesUtil( 1144): 	at java.lang.Thread.run(Thread.java:841)
W/GooglePlayServicesUtil( 1144): Google Play services is missing.
W/GAv4    ( 1144): Error getting advertiser id: com.google.android.gms.common.GooglePlayServicesNotAvailableException
W/ActivityManager(  343): Unable to start service Intent { act=com.google.android.gms.analytics.service.START cmp=com.google.android.gms/.analytics.service.AnalyticsService (has extras) } U=0: not found
D/dalvikvm( 1144): GC_CONCURRENT freed 1168K, 15% free 7122K/8364K, paused 5ms+4ms, total 47ms
W/FlurryAgent( 1144): FlurryDataSender: report d8d8b6c6-4882-473d-92ff-33c7a711fcca sent. HTTP response: 200 : OK
D/AndroidRuntime( 1190): 
D/AndroidRuntime( 1190): >>>>>> AndroidRuntime START com.android.internal.os.RuntimeInit <<<<<<
D/AndroidRuntime( 1190): CheckJNI is ON
D/dalvikvm( 1190): Trying to load lib libjavacore.so 0x0
D/dalvikvm( 1190): Added shared lib libjavacore.so 0x0
D/dalvikvm( 1190): Trying to load lib libnativehelper.so 0x0
D/dalvikvm( 1190): Added shared lib libnativehelper.so 0x0
D/dalvikvm( 1190): No JNI_OnLoad found in libnativehelper.so 0x0, skipping init
D/dalvikvm( 1190): Note: class Landroid/app/ActivityManagerNative; has 179 unimplemented (abstract) methods
E/memtrack( 1190): Couldn't load memtrack module (No such file or directory)
E/android.os.Debug( 1190): failed to load memtrack module: -2
D/AndroidRuntime( 1190): Calling main entry com.android.commands.am.Am
D/AndroidRuntime( 1190): Shutting down VM
D/dalvikvm( 1190): GC_CONCURRENT freed 96K, 15% free 587K/688K, paused 2ms+1ms, total 11ms
D/AndroidRuntime( 1200): 
D/AndroidRuntime( 1200): >>>>>> AndroidRuntime START com.android.internal.os.RuntimeInit <<<<<<
D/AndroidRuntime( 1200): CheckJNI is ON
D/dalvikvm( 1200): Trying to load lib libjavacore.so 0x0
D/dalvikvm( 1200): Added shared lib libjavacore.so 0x0
D/dalvikvm( 1200): Trying to load lib libnativehelper.so 0x0
D/dalvikvm( 1200): Added shared lib libnativehelper.so 0x0
D/dalvikvm( 1200): No JNI_OnLoad found in libnativehelper.so 0x0, skipping init
D/dalvikvm( 1200): Note: class Landroid/app/ActivityManagerNative; has 179 unimplemented (abstract) methods
E/memtrack( 1200): Couldn't load memtrack module (No such file or directory)
E/android.os.Debug( 1200): failed to load memtrack module: -2
D/AndroidRuntime( 1200): Calling main entry com.android.commands.am.Am
I/ActivityManager(  343): START u0 {act=android.intent.action.MAIN cat=[android.intent.category.LAUNCHER] flg=0x10000000 cmp=com.tripwolf.miniapp_722021_free/com.tripwolf.activities.MainActivity} from pid 1200
D/dalvikvm( 1144): GC_CONCURRENT freed 1067K, 13% free 7503K/8604K, paused 4ms+14ms, total 213ms
W/FlurryAgent( 1144): Continuing previous session
W/FlurryAgent( 1144): Event count incremented: SCREEN_VIEWED
D/dalvikvm( 1144): GC_CONCURRENT freed 944K, 12% free 8161K/9176K, paused 45ms+19ms, total 228ms
D/dalvikvm( 1144): WAIT_FOR_CONCURRENT_GC blocked 91ms
D/dalvikvm( 1144): WAIT_FOR_CONCURRENT_GC blocked 75ms
W/VersionUtils( 1144): Mismatched versions: core is 'VERSION__4.49-SNAPSHOT__', while android is 'VERSION__4.48__'
E/SQLiteLog( 1144): (1) no such table: BoughtItems
D/Event   ( 1144): No subscribers registered for event class com.tripwolf.Main$StartupEvent
D/Event   ( 1144): No subscribers registered for event class de.greenrobot.event.NoSubscriberEvent
E/SQLiteLog( 1144): (1) no such table: PoiList
E/SQLiteLog( 1144): (1) no such table: PoiList
E/SQLiteLog( 1144): (1) no such table: PoiListItem
E/SQLiteLog( 1144): (1) no such table: PoiListItem
E/SQLiteLog( 1144): (1) no such table: FollowedUsers
E/SQLiteLog( 1144): (1) no such table: FollowedUsers
E/SQLiteLog( 1144): (1) no such table: OsmData
E/SQLiteLog( 1144): (1) no such table: OsmData
E/SQLiteLog( 1144): (1) no such column: timestampNodeIndex
E/SQLiteLog( 1144): (1) no such column: timestampNodeIndex
E/SQLiteLog( 1144): (1) no such table: MapNodeItems
E/SQLiteLog( 1144): (1) no such table: MapNodeItems
E/SQLiteLog( 1144): (1) no such column: marketProductCode
E/SQLiteLog( 1144): (1) no such column: marketProductCode
E/SQLiteLog( 1144): (1) no such table: LocationMapEntry
E/SQLiteLog( 1144): (1) no such table: LocationMapEntry
E/SQLiteLog( 1144): (1) no such table: LocationMapGuideMapping
E/SQLiteLog( 1144): (1) no such table: LocationMapGuideMapping
E/SQLiteLog( 1144): (1) no such column: isPreviewRestrictable
E/SQLiteLog( 1144): (1) no such column: isPreviewRestrictable
E/SQLiteLog( 1144): (1) no such column: created
E/SQLiteLog( 1144): (1) no such column: created
E/SQLiteLog( 1144): (1) no such column: created
E/SQLiteLog( 1144): (1) no such column: created
E/SQLiteLog( 1144): (1) no such table: Tours
E/SQLiteLog( 1144): (1) no such table: Tours
E/SQLiteLog( 1144): (1) no such table: TourProviders
E/SQLiteLog( 1144): (1) no such table: TourProviders
E/SQLiteLog( 1144): (1) no such column: seqOrder
E/SQLiteLog( 1144): (1) no such column: seqOrder
E/SQLiteLog( 1144): (1) no such table: ViewGuideLocation
E/SQLiteLog( 1144): (1) no such table: ViewGuideLocation
E/SQLiteLog( 1144): (1) no such table: Facility
E/SQLiteLog( 1144): (1) no such table: Facility
E/SQLiteLog( 1144): (1) no such table: FacilityType
E/SQLiteLog( 1144): (1) no such table: FacilityType
E/SQLiteLog( 1144): (1) no such table: FacilityGroup
E/SQLiteLog( 1144): (1) no such table: FacilityGroup
E/SQLiteLog( 1144): (1) no such table: PlaceList
E/SQLiteLog( 1144): (1) no such table: PlaceList
E/SQLiteLog( 1144): (1) no such column: boundaryName
E/SQLiteLog( 1144): (1) no such column: boundaryName
E/SQLiteLog( 1144): (1) no such table: Guide
E/SQLiteLog( 1144): (1) no such table: Guide
E/SQLiteLog( 1144): (1) no such table: GuideLanguage
E/SQLiteLog( 1144): (1) no such table: GuideLanguage
E/SQLiteLog( 1144): (1) no such column: iconId
E/SQLiteLog( 1144): (1) no such column: iconId
D/Event   ( 1144): No subscribers registered for event class com.tripwolf.Main$StartupEvent
D/Event   ( 1144): No subscribers registered for event class de.greenrobot.event.NoSubscriberEvent
D/dalvikvm( 1144): GC_CONCURRENT freed 1114K, 12% free 8800K/9976K, paused 6ms+4ms, total 124ms
W/ActivityManager(  343): Launch timeout has expired, giving up wake lock!
D/AndroidRuntime( 1200): Shutting down VM
D/dalvikvm( 1200): GC_CONCURRENT freed 98K, 15% free 589K/692K, paused 2ms+2ms, total 21ms
W/FragmentManager( 1144): moveToState: Fragment state for AllGuidesGridFragment{b2d9ba40 #2 id=0x7f0f008e android:switcher:2131689614:1} not updated inline; expected state 3 found 2
W/FragmentManager( 1144): moveToState: Fragment state for PackageGridFragment{b2d904e8 #3 id=0x7f0f008e android:switcher:2131689614:2} not updated inline; expected state 3 found 2
E/RecyclerView( 1144): No adapter attached; skipping layout
D/dalvikvm( 1144): GC_CONCURRENT freed 1520K, 15% free 9249K/10836K, paused 38ms+9ms, total 222ms
I/Choreographer( 1144): Skipped 3263 frames!  The application may be doing too much work on its main thread.
I/ActivityManager(  343): Displayed com.tripwolf.miniapp_722021_free/com.tripwolf.activities.MainActivity: +16s79ms
D/AndroidRuntime( 1144): Shutting down VM
W/dalvikvm( 1144): threadid=1: thread exiting with uncaught exception (group=0xb2abfba8)
D/AndroidRuntime( 1218): 
D/AndroidRuntime( 1218): >>>>>> AndroidRuntime START com.android.internal.os.RuntimeInit <<<<<<
D/AndroidRuntime( 1218): CheckJNI is ON
D/dalvikvm( 1218): Trying to load lib libjavacore.so 0x0
D/dalvikvm( 1218): Added shared lib libjavacore.so 0x0
D/dalvikvm( 1218): Trying to load lib libnativehelper.so 0x0
D/dalvikvm( 1218): Added shared lib libnativehelper.so 0x0
D/dalvikvm( 1218): No JNI_OnLoad found in libnativehelper.so 0x0, skipping init
D/dalvikvm( 1218): Note: class Landroid/app/ActivityManagerNative; has 179 unimplemented (abstract) methods
W/System.err( 1144): java.lang.IllegalStateException: Could not find single guide!
W/System.err( 1144): 	at com.tripwolf.singleguideapp.SingleGuideAppUtils.getGuideLastUpdated(SingleGuideAppUtils.java:85)
W/System.err( 1144): 	at com.tripwolf.activities.MainActivity.downloadGuideInBackground(MainActivity.java:969)
W/System.err( 1144): 	at com.tripwolf.activities.MainActivity.access$000(MainActivity.java:97)
W/System.err( 1144): 	at com.tripwolf.activities.MainActivity$1.run(MainActivity.java:215)
W/System.err( 1144): 	at android.os.Handler.handleCallback(Handler.java:733)
W/System.err( 1144): 	at android.os.Handler.dispatchMessage(Handler.java:95)
W/System.err( 1144): 	at android.os.Looper.loop(Looper.java:136)
W/System.err( 1144): 	at android.app.ActivityThread.main(ActivityThread.java:5001)
W/System.err( 1144): 	at java.lang.reflect.Method.invokeNative(Native Method)
W/System.err( 1144): 	at java.lang.reflect.Method.invoke(Method.java:515)
W/System.err( 1144): 	at com.android.internal.os.ZygoteInit$MethodAndArgsCaller.run(ZygoteInit.java:785)
W/System.err( 1144): 	at com.android.internal.os.ZygoteInit.main(ZygoteInit.java:601)
W/System.err( 1144): 	at dalvik.system.NativeStart.main(Native Method)
W/FlurryAgent( 1144): Error logged: uncaught
W/FlurryAgent( 1144): Ending session
E/AndroidRuntime( 1144): FATAL EXCEPTION: main
E/AndroidRuntime( 1144): Process: com.tripwolf.miniapp_722021_free, PID: 1144
E/AndroidRuntime( 1144): java.lang.IllegalStateException: Could not find single guide!
E/AndroidRuntime( 1144): 	at com.tripwolf.singleguideapp.SingleGuideAppUtils.getGuideLastUpdated(SingleGuideAppUtils.java:85)
E/AndroidRuntime( 1144): 	at com.tripwolf.activities.MainActivity.downloadGuideInBackground(MainActivity.java:969)
E/AndroidRuntime( 1144): 	at com.tripwolf.activities.MainActivity.access$000(MainActivity.java:97)
E/AndroidRuntime( 1144): 	at com.tripwolf.activities.MainActivity$1.run(MainActivity.java:215)
E/AndroidRuntime( 1144): 	at android.os.Handler.handleCallback(Handler.java:733)
E/AndroidRuntime( 1144): 	at android.os.Handler.dispatchMessage(Handler.java:95)
E/AndroidRuntime( 1144): 	at android.os.Looper.loop(Looper.java:136)
E/AndroidRuntime( 1144): 	at android.app.ActivityThread.main(ActivityThread.java:5001)
E/AndroidRuntime( 1144): 	at java.lang.reflect.Method.invokeNative(Native Method)
E/AndroidRuntime( 1144): 	at java.lang.reflect.Method.invoke(Method.java:515)
E/AndroidRuntime( 1144): 	at com.android.internal.os.ZygoteInit$MethodAndArgsCaller.run(ZygoteInit.java:785)
E/AndroidRuntime( 1144): 	at com.android.internal.os.ZygoteInit.main(ZygoteInit.java:601)
E/AndroidRuntime( 1144): 	at dalvik.system.NativeStart.main(Native Method)
W/ActivityManager(  343):   Force finishing activity com.tripwolf.miniapp_722021_free/com.tripwolf.activities.MainActivity
I/Choreographer(  343): Skipped 61 frames!  The application may be doing too much work on its main thread.
E/memtrack( 1218): Couldn't load memtrack module (No such file or directory)
E/android.os.Debug( 1218): failed to load memtrack module: -2
D/AndroidRuntime( 1218): Calling main entry com.android.commands.am.Am
I/ActivityManager(  343): START u0 {act=android.intent.action.MAIN cat=[android.intent.category.LAUNCHER] flg=0x10000000 cmp=com.tripwolf.miniapp_722021_free/com.tripwolf.activities.placedetail.PlaceDetailActivity} from pid 1218
W/ActivityManager(  343): Activity pause timeout for ActivityRecord{b31ab690 u0 com.tripwolf.miniapp_722021_free/com.tripwolf.activities.MainActivity t4 f}
I/CrashlyticsCore( 1144): Crashlytics report upload complete: 5B19141E02C9-0001-0478-4BED30C4BB65.cls
I/Choreographer(  343): Skipped 101 frames!  The application may be doing too much work on its main thread.
D/dalvikvm( 1144): GC_CONCURRENT freed 1530K, 15% free 9660K/11272K, paused 32ms+11ms, total 160ms
D/dalvikvm( 1144): GC_CONCURRENT freed 1777K, 16% free 9806K/11672K, paused 5ms+4ms, total 62ms
W/ActivityManager(  343): Activity stop timeout for ActivityRecord{b34a6798 u0 com.tripwolf.miniapp_722021_free/com.tripwolf.Main t4}
W/ActivityManager(  343): Launch timeout has expired, giving up wake lock!
D/AndroidRuntime( 1218): Shutting down VM
D/dalvikvm( 1218): GC_CONCURRENT freed 99K, 15% free 589K/692K, paused 1ms+1ms, total 21ms
D/Event   ( 1144): No subscribers registered for event class com.tripwolf.guide.RefreshServerListedGuidesSuccessfulEvent
D/Event   ( 1144): No subscribers registered for event class de.greenrobot.event.NoSubscriberEvent
D/AndroidRuntime( 1230): 
D/AndroidRuntime( 1230): >>>>>> AndroidRuntime START com.android.internal.os.RuntimeInit <<<<<<
D/AndroidRuntime( 1230): CheckJNI is ON
D/dalvikvm( 1230): Trying to load lib libjavacore.so 0x0
D/dalvikvm( 1230): Added shared lib libjavacore.so 0x0
D/dalvikvm( 1230): Trying to load lib libnativehelper.so 0x0
D/dalvikvm( 1230): Added shared lib libnativehelper.so 0x0
D/dalvikvm( 1230): No JNI_OnLoad found in libnativehelper.so 0x0, skipping init
D/dalvikvm( 1230): Note: class Landroid/app/ActivityManagerNative; has 179 unimplemented (abstract) methods
E/memtrack( 1230): Couldn't load memtrack module (No such file or directory)
E/android.os.Debug( 1230): failed to load memtrack module: -2
D/AndroidRuntime( 1230): Calling main entry com.android.commands.am.Am
I/ActivityManager(  343): START u0 {act=android.intent.action.MAIN cat=[android.intent.category.LAUNCHER] flg=0x10000000 cmp=com.tripwolf.miniapp_722021_free/com.tripwolf.activities.LocationChapterActivity} from pid 1230
W/ActivityManager(  343): Activity pause timeout for ActivityRecord{b34b6aa0 u0 com.tripwolf.miniapp_722021_free/com.tripwolf.activities.placedetail.PlaceDetailActivity t4}
W/BroadcastQueue(  343): Skipping deliver [foreground] BroadcastRecord{b34b5d50 u-1 android.intent.action.TIME_TICK} to ReceiverList{b36b7948 1144 com.tripwolf.miniapp_722021_free/10052/u0 remote:b31b85a8}: process crashing
W/ActivityManager(  343): Launch timeout has expired, giving up wake lock!
D/AndroidRuntime( 1230): Shutting down VM
D/dalvikvm( 1230): GC_CONCURRENT freed 98K, 15% free 589K/692K, paused 2ms+3ms, total 13ms
D/AndroidRuntime( 1240): 
D/AndroidRuntime( 1240): >>>>>> AndroidRuntime START com.android.internal.os.RuntimeInit <<<<<<
D/AndroidRuntime( 1240): CheckJNI is ON
D/dalvikvm( 1240): Trying to load lib libjavacore.so 0x0
D/dalvikvm( 1240): Added shared lib libjavacore.so 0x0
D/dalvikvm( 1240): Trying to load lib libnativehelper.so 0x0
D/dalvikvm( 1240): Added shared lib libnativehelper.so 0x0
D/dalvikvm( 1240): No JNI_OnLoad found in libnativehelper.so 0x0, skipping init
D/dalvikvm( 1240): Note: class Landroid/app/ActivityManagerNative; has 179 unimplemented (abstract) methods
E/memtrack( 1240): Couldn't load memtrack module (No such file or directory)
E/android.os.Debug( 1240): failed to load memtrack module: -2
D/AndroidRuntime( 1240): Calling main entry com.android.commands.am.Am
I/ActivityManager(  343): START u0 {act=android.intent.action.MAIN cat=[android.intent.category.LAUNCHER] flg=0x10000000 cmp=com.tripwolf.miniapp_722021_free/com.tripwolf.activities.ServerSideChapterGalleryActivity} from pid 1240
W/ActivityManager(  343): Activity pause timeout for ActivityRecord{b34a2bd8 u0 com.tripwolf.miniapp_722021_free/com.tripwolf.activities.LocationChapterActivity t4}
W/ActivityManager(  343): Launch timeout has expired, giving up wake lock!
D/AndroidRuntime( 1240): Shutting down VM
D/dalvikvm( 1240): GC_CONCURRENT freed 98K, 15% free 589K/692K, paused 3ms+3ms, total 18ms
D/AndroidRuntime( 1250): 
D/AndroidRuntime( 1250): >>>>>> AndroidRuntime START com.android.internal.os.RuntimeInit <<<<<<
D/AndroidRuntime( 1250): CheckJNI is ON
D/dalvikvm( 1250): Trying to load lib libjavacore.so 0x0
D/dalvikvm( 1250): Added shared lib libjavacore.so 0x0
D/dalvikvm( 1250): Trying to load lib libnativehelper.so 0x0
D/dalvikvm( 1250): Added shared lib libnativehelper.so 0x0
D/dalvikvm( 1250): No JNI_OnLoad found in libnativehelper.so 0x0, skipping init
D/dalvikvm( 1250): Note: class Landroid/app/ActivityManagerNative; has 179 unimplemented (abstract) methods
E/memtrack( 1250): Couldn't load memtrack module (No such file or directory)
E/android.os.Debug( 1250): failed to load memtrack module: -2
D/AndroidRuntime( 1250): Calling main entry com.android.commands.am.Am
I/ActivityManager(  343): START u0 {act=android.intent.action.MAIN cat=[android.intent.category.LAUNCHER] flg=0x10000000 cmp=com.tripwolf.miniapp_722021_free/com.tripwolf.activities.LocationMediaGalleryActivity} from pid 1250
W/ActivityManager(  343): Activity pause timeout for ActivityRecord{b34bec78 u0 com.tripwolf.miniapp_722021_free/com.tripwolf.activities.ServerSideChapterGalleryActivity t4}
D/dalvikvm(  343): GC_CONCURRENT freed 5420K, 53% free 6252K/13192K, paused 17ms+6ms, total 117ms
W/ActivityManager(  343): Launch timeout has expired, giving up wake lock!
D/AndroidRuntime( 1250): Shutting down VM
D/dalvikvm( 1250): GC_CONCURRENT freed 98K, 15% free 589K/692K, paused 2ms+2ms, total 12ms
D/AndroidRuntime( 1260): 
D/AndroidRuntime( 1260): >>>>>> AndroidRuntime START com.android.internal.os.RuntimeInit <<<<<<
D/AndroidRuntime( 1260): CheckJNI is ON
D/dalvikvm( 1260): Trying to load lib libjavacore.so 0x0
D/dalvikvm( 1260): Added shared lib libjavacore.so 0x0
D/dalvikvm( 1260): Trying to load lib libnativehelper.so 0x0
D/dalvikvm( 1260): Added shared lib libnativehelper.so 0x0
D/dalvikvm( 1260): No JNI_OnLoad found in libnativehelper.so 0x0, skipping init
D/dalvikvm( 1260): Note: class Landroid/app/ActivityManagerNative; has 179 unimplemented (abstract) methods
E/memtrack( 1260): Couldn't load memtrack module (No such file or directory)
E/android.os.Debug( 1260): failed to load memtrack module: -2
D/AndroidRuntime( 1260): Calling main entry com.android.commands.am.Am
I/ActivityManager(  343): START u0 {act=android.intent.action.MAIN cat=[android.intent.category.LAUNCHER] flg=0x10000000 cmp=com.tripwolf.miniapp_722021_free/com.tripwolf.activities.MapActivity} from pid 1260
W/ActivityManager(  343): Activity pause timeout for ActivityRecord{b34cb868 u0 com.tripwolf.miniapp_722021_free/com.tripwolf.activities.LocationMediaGalleryActivity t4}
W/ActivityManager(  343): Launch timeout has expired, giving up wake lock!
D/AndroidRuntime( 1260): Shutting down VM
D/dalvikvm( 1260): GC_CONCURRENT freed 98K, 15% free 589K/692K, paused 2ms+3ms, total 15ms
D/AndroidRuntime( 1270): 
D/AndroidRuntime( 1270): >>>>>> AndroidRuntime START com.android.internal.os.RuntimeInit <<<<<<
D/AndroidRuntime( 1270): CheckJNI is ON
D/dalvikvm( 1270): Trying to load lib libjavacore.so 0x0
D/dalvikvm( 1270): Added shared lib libjavacore.so 0x0
D/dalvikvm( 1270): Trying to load lib libnativehelper.so 0x0
D/dalvikvm( 1270): Added shared lib libnativehelper.so 0x0
D/dalvikvm( 1270): No JNI_OnLoad found in libnativehelper.so 0x0, skipping init
D/dalvikvm( 1270): Note: class Landroid/app/ActivityManagerNative; has 179 unimplemented (abstract) methods
E/memtrack( 1270): Couldn't load memtrack module (No such file or directory)
E/android.os.Debug( 1270): failed to load memtrack module: -2
D/AndroidRuntime( 1270): Calling main entry com.android.commands.am.Am
I/ActivityManager(  343): START u0 {act=android.intent.action.MAIN cat=[android.intent.category.LAUNCHER] flg=0x10000000 cmp=com.tripwolf.miniapp_722021_free/com.tripwolf.activities.SettingsActivity} from pid 1270
W/BroadcastQueue(  343): Skipping deliver [foreground] BroadcastRecord{b35a4d78 u-1 android.intent.action.TIME_TICK} to ReceiverList{b36b7948 1144 com.tripwolf.miniapp_722021_free/10052/u0 remote:b31b85a8}: process crashing
W/ActivityManager(  343): Activity pause timeout for ActivityRecord{b2dd0fc8 u0 com.tripwolf.miniapp_722021_free/com.tripwolf.activities.MapActivity t4}
W/ActivityManager(  343): Launch timeout has expired, giving up wake lock!
D/AndroidRuntime( 1270): Shutting down VM
D/dalvikvm( 1270): GC_CONCURRENT freed 98K, 15% free 589K/692K, paused 1ms+2ms, total 13ms
D/AndroidRuntime( 1280): 
D/AndroidRuntime( 1280): >>>>>> AndroidRuntime START com.android.internal.os.RuntimeInit <<<<<<
D/AndroidRuntime( 1280): CheckJNI is ON
D/dalvikvm( 1280): Trying to load lib libjavacore.so 0x0
D/dalvikvm( 1280): Added shared lib libjavacore.so 0x0
D/dalvikvm( 1280): Trying to load lib libnativehelper.so 0x0
D/dalvikvm( 1280): Added shared lib libnativehelper.so 0x0
D/dalvikvm( 1280): No JNI_OnLoad found in libnativehelper.so 0x0, skipping init
D/dalvikvm( 1280): Note: class Landroid/app/ActivityManagerNative; has 179 unimplemented (abstract) methods
E/memtrack( 1280): Couldn't load memtrack module (No such file or directory)
E/android.os.Debug( 1280): failed to load memtrack module: -2
D/AndroidRuntime( 1280): Calling main entry com.android.commands.am.Am
I/ActivityManager(  343): START u0 {act=android.intent.action.MAIN cat=[android.intent.category.LAUNCHER] flg=0x10000000 cmp=com.tripwolf.miniapp_722021_free/com.tripwolf.activities.developer.DeveloperOptionsActivity} from pid 1280
W/ActivityManager(  343): Activity pause timeout for ActivityRecord{b31535d8 u0 com.tripwolf.miniapp_722021_free/com.tripwolf.activities.SettingsActivity t4}
W/ActivityManager(  343): Launch timeout has expired, giving up wake lock!
D/AndroidRuntime( 1280): Shutting down VM
D/dalvikvm( 1280): GC_CONCURRENT freed 99K, 15% free 589K/692K, paused 3ms+1ms, total 13ms
D/AndroidRuntime( 1292): 
D/AndroidRuntime( 1292): >>>>>> AndroidRuntime START com.android.internal.os.RuntimeInit <<<<<<
D/AndroidRuntime( 1292): CheckJNI is ON
D/dalvikvm( 1292): Trying to load lib libjavacore.so 0x0
D/dalvikvm( 1292): Added shared lib libjavacore.so 0x0
D/dalvikvm( 1292): Trying to load lib libnativehelper.so 0x0
D/dalvikvm( 1292): Added shared lib libnativehelper.so 0x0
D/dalvikvm( 1292): No JNI_OnLoad found in libnativehelper.so 0x0, skipping init
D/dalvikvm( 1292): Note: class Landroid/app/ActivityManagerNative; has 179 unimplemented (abstract) methods
E/memtrack( 1292): Couldn't load memtrack module (No such file or directory)
E/android.os.Debug( 1292): failed to load memtrack module: -2
D/AndroidRuntime( 1292): Calling main entry com.android.commands.am.Am
I/ActivityManager(  343): START u0 {act=android.intent.action.MAIN cat=[android.intent.category.LAUNCHER] flg=0x10000000 cmp=com.tripwolf.miniapp_722021_free/com.tripwolf.activities.GuideDownloadActivity} from pid 1292
W/ActivityManager(  343): Activity pause timeout for ActivityRecord{b3156190 u0 com.tripwolf.miniapp_722021_free/com.tripwolf.activities.developer.DeveloperOptionsActivity t4}
W/ActivityManager(  343): Launch timeout has expired, giving up wake lock!
D/AndroidRuntime( 1292): Shutting down VM
D/dalvikvm( 1292): GC_CONCURRENT freed 98K, 15% free 589K/692K, paused 6ms+4ms, total 23ms
D/AndroidRuntime( 1302): 
D/AndroidRuntime( 1302): >>>>>> AndroidRuntime START com.android.internal.os.RuntimeInit <<<<<<
D/AndroidRuntime( 1302): CheckJNI is ON
D/dalvikvm( 1302): Trying to load lib libjavacore.so 0x0
D/dalvikvm( 1302): Added shared lib libjavacore.so 0x0
D/dalvikvm( 1302): Trying to load lib libnativehelper.so 0x0
D/dalvikvm( 1302): Added shared lib libnativehelper.so 0x0
D/dalvikvm( 1302): No JNI_OnLoad found in libnativehelper.so 0x0, skipping init
D/dalvikvm( 1302): Note: class Landroid/app/ActivityManagerNative; has 179 unimplemented (abstract) methods
E/memtrack( 1302): Couldn't load memtrack module (No such file or directory)
E/android.os.Debug( 1302): failed to load memtrack module: -2
D/AndroidRuntime( 1302): Calling main entry com.android.commands.am.Am
I/ActivityManager(  343): START u0 {act=android.intent.action.MAIN cat=[android.intent.category.LAUNCHER] flg=0x10000000 cmp=com.tripwolf.miniapp_722021_free/com.tripwolf.activities.WebViewActivity} from pid 1302
W/ActivityManager(  343): Activity pause timeout for ActivityRecord{b31b9b40 u0 com.tripwolf.miniapp_722021_free/com.tripwolf.activities.GuideDownloadActivity t4}
W/BroadcastQueue(  343): Skipping deliver [foreground] BroadcastRecord{b3198730 u-1 android.intent.action.TIME_TICK} to ReceiverList{b36b7948 1144 com.tripwolf.miniapp_722021_free/10052/u0 remote:b31b85a8}: process crashing
W/ActivityManager(  343): Launch timeout has expired, giving up wake lock!
D/AndroidRuntime( 1302): Shutting down VM
D/dalvikvm( 1302): GC_CONCURRENT freed 98K, 15% free 589K/692K, paused 3ms+2ms, total 12ms
D/AndroidRuntime( 1316): 
D/AndroidRuntime( 1316): >>>>>> AndroidRuntime START com.android.internal.os.RuntimeInit <<<<<<
D/AndroidRuntime( 1316): CheckJNI is ON
D/dalvikvm( 1316): Trying to load lib libjavacore.so 0x0
D/dalvikvm( 1316): Added shared lib libjavacore.so 0x0
D/dalvikvm( 1316): Trying to load lib libnativehelper.so 0x0
D/dalvikvm( 1316): Added shared lib libnativehelper.so 0x0
D/dalvikvm( 1316): No JNI_OnLoad found in libnativehelper.so 0x0, skipping init
D/dalvikvm( 1316): Note: class Landroid/app/ActivityManagerNative; has 179 unimplemented (abstract) methods
E/memtrack( 1316): Couldn't load memtrack module (No such file or directory)
E/android.os.Debug( 1316): failed to load memtrack module: -2
D/AndroidRuntime( 1316): Calling main entry com.android.commands.am.Am
I/ActivityManager(  343): START u0 {act=android.intent.action.MAIN cat=[android.intent.category.LAUNCHER] flg=0x10000000 cmp=com.tripwolf.miniapp_722021_free/com.tripwolf.activities.TourWebViewActivity} from pid 1316
W/ActivityManager(  343): Activity pause timeout for ActivityRecord{b3542138 u0 com.tripwolf.miniapp_722021_free/com.tripwolf.activities.WebViewActivity t4}
W/ActivityManager(  343): Launch timeout has expired, giving up wake lock!
D/AndroidRuntime( 1316): Shutting down VM
D/dalvikvm( 1316): GC_CONCURRENT freed 98K, 15% free 589K/692K, paused 4ms+2ms, total 20ms
D/AndroidRuntime( 1326): 
D/AndroidRuntime( 1326): >>>>>> AndroidRuntime START com.android.internal.os.RuntimeInit <<<<<<
D/AndroidRuntime( 1326): CheckJNI is ON
D/dalvikvm( 1326): Trying to load lib libjavacore.so 0x0
D/dalvikvm( 1326): Added shared lib libjavacore.so 0x0
D/dalvikvm( 1326): Trying to load lib libnativehelper.so 0x0
D/dalvikvm( 1326): Added shared lib libnativehelper.so 0x0
D/dalvikvm( 1326): No JNI_OnLoad found in libnativehelper.so 0x0, skipping init
D/dalvikvm( 1326): Note: class Landroid/app/ActivityManagerNative; has 179 unimplemented (abstract) methods
E/memtrack( 1326): Couldn't load memtrack module (No such file or directory)
E/android.os.Debug( 1326): failed to load memtrack module: -2
D/AndroidRuntime( 1326): Calling main entry com.android.commands.am.Am
I/ActivityManager(  343): START u0 {act=android.intent.action.MAIN cat=[android.intent.category.LAUNCHER] flg=0x10000000 cmp=com.tripwolf.miniapp_722021_free/com.tripwolf.activities.RestorePurchasesActivity} from pid 1326
W/ActivityManager(  343): Activity pause timeout for ActivityRecord{b36c59c8 u0 com.tripwolf.miniapp_722021_free/com.tripwolf.activities.TourWebViewActivity t4}
W/ActivityManager(  343): Launch timeout has expired, giving up wake lock!
D/AndroidRuntime( 1326): Shutting down VM
D/dalvikvm( 1326): GC_CONCURRENT freed 98K, 15% free 589K/692K, paused 3ms+2ms, total 14ms
D/AndroidRuntime( 1336): 
D/AndroidRuntime( 1336): >>>>>> AndroidRuntime START com.android.internal.os.RuntimeInit <<<<<<
D/AndroidRuntime( 1336): CheckJNI is ON
D/dalvikvm( 1336): Trying to load lib libjavacore.so 0x0
D/dalvikvm( 1336): Added shared lib libjavacore.so 0x0
D/dalvikvm( 1336): Trying to load lib libnativehelper.so 0x0
D/dalvikvm( 1336): Added shared lib libnativehelper.so 0x0
D/dalvikvm( 1336): No JNI_OnLoad found in libnativehelper.so 0x0, skipping init
D/dalvikvm( 1336): Note: class Landroid/app/ActivityManagerNative; has 179 unimplemented (abstract) methods
E/memtrack( 1336): Couldn't load memtrack module (No such file or directory)
E/android.os.Debug( 1336): failed to load memtrack module: -2
D/AndroidRuntime( 1336): Calling main entry com.android.commands.am.Am
I/ActivityManager(  343): START u0 {act=android.intent.action.MAIN cat=[android.intent.category.LAUNCHER] flg=0x10000000 cmp=com.tripwolf.miniapp_722021_free/com.tripwolf.activities.AboutUsActivity} from pid 1336
W/ActivityManager(  343): Activity pause timeout for ActivityRecord{b33b3770 u0 com.tripwolf.miniapp_722021_free/com.tripwolf.activities.RestorePurchasesActivity t4}
W/ActivityManager(  343): Launch timeout has expired, giving up wake lock!
D/AndroidRuntime( 1336): Shutting down VM
D/dalvikvm( 1336): GC_CONCURRENT freed 98K, 15% free 589K/692K, paused 3ms+3ms, total 16ms
D/AndroidRuntime( 1346): 
D/AndroidRuntime( 1346): >>>>>> AndroidRuntime START com.android.internal.os.RuntimeInit <<<<<<
D/AndroidRuntime( 1346): CheckJNI is ON
D/dalvikvm( 1346): Trying to load lib libjavacore.so 0x0
D/dalvikvm( 1346): Added shared lib libjavacore.so 0x0
W/BroadcastQueue(  343): Skipping deliver [foreground] BroadcastRecord{b36d1b70 u-1 android.intent.action.TIME_TICK} to ReceiverList{b36b7948 1144 com.tripwolf.miniapp_722021_free/10052/u0 remote:b31b85a8}: process crashing
D/dalvikvm( 1346): Trying to load lib libnativehelper.so 0x0
D/dalvikvm( 1346): Added shared lib libnativehelper.so 0x0
D/dalvikvm( 1346): No JNI_OnLoad found in libnativehelper.so 0x0, skipping init
D/dalvikvm( 1346): Note: class Landroid/app/ActivityManagerNative; has 179 unimplemented (abstract) methods
E/memtrack( 1346): Couldn't load memtrack module (No such file or directory)
E/android.os.Debug( 1346): failed to load memtrack module: -2
D/AndroidRuntime( 1346): Calling main entry com.android.commands.am.Am
I/ActivityManager(  343): START u0 {act=android.intent.action.MAIN cat=[android.intent.category.LAUNCHER] flg=0x10000000 cmp=com.tripwolf.miniapp_722021_free/com.tripwolf.activities.PurchaseWebViewActivity} from pid 1346
W/ActivityManager(  343): Activity pause timeout for ActivityRecord{b318a3d0 u0 com.tripwolf.miniapp_722021_free/com.tripwolf.activities.AboutUsActivity t4}
W/ActivityManager(  343): Launch timeout has expired, giving up wake lock!
D/AndroidRuntime( 1346): Shutting down VM
D/dalvikvm( 1346): GC_CONCURRENT freed 98K, 15% free 589K/692K, paused 3ms+2ms, total 13ms
D/AndroidRuntime( 1356): 
D/AndroidRuntime( 1356): >>>>>> AndroidRuntime START com.android.internal.os.RuntimeInit <<<<<<
D/AndroidRuntime( 1356): CheckJNI is ON
D/dalvikvm( 1356): Trying to load lib libjavacore.so 0x0
D/dalvikvm( 1356): Added shared lib libjavacore.so 0x0
D/dalvikvm( 1356): Trying to load lib libnativehelper.so 0x0
D/dalvikvm( 1356): Added shared lib libnativehelper.so 0x0
D/dalvikvm( 1356): No JNI_OnLoad found in libnativehelper.so 0x0, skipping init
D/dalvikvm( 1356): Note: class Landroid/app/ActivityManagerNative; has 179 unimplemented (abstract) methods
E/memtrack( 1356): Couldn't load memtrack module (No such file or directory)
E/android.os.Debug( 1356): failed to load memtrack module: -2
D/AndroidRuntime( 1356): Calling main entry com.android.commands.am.Am
I/ActivityManager(  343): START u0 {act=android.intent.action.MAIN cat=[android.intent.category.LAUNCHER] flg=0x10000000 cmp=com.tripwolf.miniapp_722021_free/com.tripwolf.activities.MultipleMapDownloadActivity} from pid 1356
W/ActivityManager(  343): Activity pause timeout for ActivityRecord{b33b4968 u0 com.tripwolf.miniapp_722021_free/com.tripwolf.activities.PurchaseWebViewActivity t4}
W/ActivityManager(  343): Launch timeout has expired, giving up wake lock!
D/AndroidRuntime( 1356): Shutting down VM
D/dalvikvm( 1356): GC_CONCURRENT freed 98K, 15% free 589K/692K, paused 2ms+3ms, total 15ms
D/AndroidRuntime( 1366): 
D/AndroidRuntime( 1366): >>>>>> AndroidRuntime START com.android.internal.os.RuntimeInit <<<<<<
D/AndroidRuntime( 1366): CheckJNI is ON
D/dalvikvm( 1366): Trying to load lib libjavacore.so 0x0
D/dalvikvm( 1366): Added shared lib libjavacore.so 0x0
D/dalvikvm( 1366): Trying to load lib libnativehelper.so 0x0
D/dalvikvm( 1366): Added shared lib libnativehelper.so 0x0
D/dalvikvm( 1366): No JNI_OnLoad found in libnativehelper.so 0x0, skipping init
D/dalvikvm( 1366): Note: class Landroid/app/ActivityManagerNative; has 179 unimplemented (abstract) methods
E/memtrack( 1366): Couldn't load memtrack module (No such file or directory)
E/android.os.Debug( 1366): failed to load memtrack module: -2
D/AndroidRuntime( 1366): Calling main entry com.android.commands.am.Am
I/ActivityManager(  343): START u0 {act=android.intent.action.MAIN cat=[android.intent.category.LAUNCHER] flg=0x10000000 cmp=com.tripwolf.miniapp_722021_free/com.tripwolf.activities.MapUpgradeActivity} from pid 1366
W/ActivityManager(  343): Activity pause timeout for ActivityRecord{b3075700 u0 com.tripwolf.miniapp_722021_free/com.tripwolf.activities.MultipleMapDownloadActivity t4}
W/ActivityManager(  343): Launch timeout has expired, giving up wake lock!
D/AndroidRuntime( 1366): Shutting down VM
D/dalvikvm( 1366): GC_CONCURRENT freed 98K, 15% free 589K/692K, paused 3ms+3ms, total 15ms
D/AndroidRuntime( 1376): 
D/AndroidRuntime( 1376): >>>>>> AndroidRuntime START com.android.internal.os.RuntimeInit <<<<<<
D/AndroidRuntime( 1376): CheckJNI is ON
D/dalvikvm( 1376): Trying to load lib libjavacore.so 0x0
D/dalvikvm( 1376): Added shared lib libjavacore.so 0x0
D/dalvikvm( 1376): Trying to load lib libnativehelper.so 0x0
D/dalvikvm( 1376): Added shared lib libnativehelper.so 0x0
D/dalvikvm( 1376): No JNI_OnLoad found in libnativehelper.so 0x0, skipping init
D/dalvikvm( 1376): Note: class Landroid/app/ActivityManagerNative; has 179 unimplemented (abstract) methods
E/memtrack( 1376): Couldn't load memtrack module (No such file or directory)
E/android.os.Debug( 1376): failed to load memtrack module: -2
D/AndroidRuntime( 1376): Calling main entry com.android.commands.am.Am
I/ActivityManager(  343): START u0 {act=android.intent.action.MAIN cat=[android.intent.category.LAUNCHER] flg=0x10000000 cmp=com.tripwolf.miniapp_722021_free/com.tripwolf.activities.EssentialsWebViewActivity} from pid 1376
W/ActivityManager(  343): Activity pause timeout for ActivityRecord{b355d308 u0 com.tripwolf.miniapp_722021_free/com.tripwolf.activities.MapUpgradeActivity t4}
W/BroadcastQueue(  343): Skipping deliver [foreground] BroadcastRecord{b324b920 u-1 android.intent.action.TIME_TICK} to ReceiverList{b36b7948 1144 com.tripwolf.miniapp_722021_free/10052/u0 remote:b31b85a8}: process crashing
W/ActivityManager(  343): Launch timeout has expired, giving up wake lock!
D/AndroidRuntime( 1376): Shutting down VM
D/dalvikvm( 1376): GC_CONCURRENT freed 98K, 15% free 589K/692K, paused 3ms+3ms, total 15ms
D/AndroidRuntime( 1386): 
D/AndroidRuntime( 1386): >>>>>> AndroidRuntime START com.android.internal.os.RuntimeInit <<<<<<
D/AndroidRuntime( 1386): CheckJNI is ON
D/dalvikvm( 1386): Trying to load lib libjavacore.so 0x0
D/dalvikvm( 1386): Added shared lib libjavacore.so 0x0
D/dalvikvm( 1386): Trying to load lib libnativehelper.so 0x0
D/dalvikvm( 1386): Added shared lib libnativehelper.so 0x0
D/dalvikvm( 1386): No JNI_OnLoad found in libnativehelper.so 0x0, skipping init
D/dalvikvm( 1386): Note: class Landroid/app/ActivityManagerNative; has 179 unimplemented (abstract) methods
E/memtrack( 1386): Couldn't load memtrack module (No such file or directory)
E/android.os.Debug( 1386): failed to load memtrack module: -2
D/AndroidRuntime( 1386): Calling main entry com.android.commands.am.Am
I/ActivityManager(  343): START u0 {act=android.intent.action.MAIN cat=[android.intent.category.LAUNCHER] flg=0x10000000 cmp=com.tripwolf.miniapp_722021_free/com.tripwolf.activities.GuideStartActivity} from pid 1386
W/ActivityManager(  343): Activity pause timeout for ActivityRecord{b3580ea0 u0 com.tripwolf.miniapp_722021_free/com.tripwolf.activities.EssentialsWebViewActivity t4}
W/ActivityManager(  343): Launch timeout has expired, giving up wake lock!
D/AndroidRuntime( 1386): Shutting down VM
D/dalvikvm( 1386): GC_CONCURRENT freed 98K, 15% free 589K/692K, paused 3ms+2ms, total 14ms
D/AndroidRuntime( 1396): 
D/AndroidRuntime( 1396): >>>>>> AndroidRuntime START com.android.internal.os.RuntimeInit <<<<<<
D/AndroidRuntime( 1396): CheckJNI is ON
D/dalvikvm( 1396): Trying to load lib libjavacore.so 0x0
D/dalvikvm( 1396): Added shared lib libjavacore.so 0x0
D/dalvikvm( 1396): Trying to load lib libnativehelper.so 0x0
D/dalvikvm( 1396): Added shared lib libnativehelper.so 0x0
D/dalvikvm( 1396): No JNI_OnLoad found in libnativehelper.so 0x0, skipping init
D/dalvikvm( 1396): Note: class Landroid/app/ActivityManagerNative; has 179 unimplemented (abstract) methods
E/memtrack( 1396): Couldn't load memtrack module (No such file or directory)
E/android.os.Debug( 1396): failed to load memtrack module: -2
D/AndroidRuntime( 1396): Calling main entry com.android.commands.am.Am
I/ActivityManager(  343): START u0 {act=android.intent.action.MAIN cat=[android.intent.category.LAUNCHER] flg=0x10000000 cmp=com.tripwolf.miniapp_722021_free/com.tripwolf.activities.SscActivity} from pid 1396
W/ActivityManager(  343): Activity pause timeout for ActivityRecord{b34e7b88 u0 com.tripwolf.miniapp_722021_free/com.tripwolf.activities.GuideStartActivity t4}
I/Process ( 1144): Sending signal. PID: 1144 SIG: 9
I/ActivityManager(  343): Process com.tripwolf.miniapp_722021_free (pid 1144) has died.
I/WindowState(  343): WIN DEATH: Window{b34fc548 u0 com.tripwolf.miniapp_722021_free/com.tripwolf.Main}
I/WindowState(  343): WIN DEATH: Window{b31b3728 u0 com.tripwolf.miniapp_722021_free/com.tripwolf.activities.MainActivity}
W/ActivityManager(  343): Force removing ActivityRecord{b34a6798 u0 com.tripwolf.miniapp_722021_free/com.tripwolf.Main t4}: app died, no saved state
I/ActivityManager(  343): Start proc com.tripwolf.miniapp_722021_free for activity com.tripwolf.miniapp_722021_free/com.tripwolf.activities.SscActivity: pid=1406 uid=10052 gids={50052, 3003}
I/MultiDex( 1406): VM with version 1.6.0 does not have multidex support
I/MultiDex( 1406): install
I/MultiDex( 1406): MultiDexExtractor.load(/data/app/com.tripwolf.miniapp_722021_free-1.apk, false)
I/MultiDex( 1406): loading existing secondary dex files
I/MultiDex( 1406): load found 1 secondary dex files
I/MultiDex( 1406): install done
I/ARMAssembler(   58): generated scanline__00000077:03010104_00008001_00000000 [ 89 ipp] (110 ins) at [0xb5ad1680:0xb5ad1838] in 10000000 ns
I/FirebaseInitProvider( 1406): FirebaseApp initialization unsuccessful
D/dalvikvm( 1406): GC_CONCURRENT freed 332K, 13% free 2836K/3240K, paused 5ms+4ms, total 75ms
I/dalvikvm( 1406): Could not find method com.j256.ormlite.db.BaseSqliteDatabaseType.getFieldConverter, referenced from method com.j256.ormlite.db.SqliteAndroidDatabaseType.getFieldConverter
W/dalvikvm( 1406): VFY: unable to resolve virtual method 6717: Lcom/j256/ormlite/db/BaseSqliteDatabaseType;.getFieldConverter (Lcom/j256/ormlite/field/DataPersister;)Lcom/j256/ormlite/field/FieldConverter;
D/dalvikvm( 1406): VFY: replacing opcode 0x6f at 0x000f
I/dalvikvm( 1406): Could not find method android.content.pm.PackageManager.getPackageInstaller, referenced from method com.google.android.gms.common.zze.zzk
W/dalvikvm( 1406): VFY: unable to resolve virtual method 727: Landroid/content/pm/PackageManager;.getPackageInstaller ()Landroid/content/pm/PackageInstaller;
D/dalvikvm( 1406): VFY: replacing opcode 0x6e at 0x000b
I/GAv4    ( 1406): Google Analytics 9.0.80 is starting up. To enable debug logging on a device run:
I/GAv4    ( 1406):   adb shell setprop log.tag.GAv4 DEBUG
I/GAv4    ( 1406):   adb logcat -s GAv4
D/dalvikvm( 1406): GC_CONCURRENT freed 296K, 11% free 3009K/3376K, paused 24ms+29ms, total 76ms
W/GAv4    ( 1406): CampaignTrackingReceiver is not registered, not exported or is disabled. Installation campaign tracking is not possible. See http://goo.gl/8Rd3yj for instructions.
D/dalvikvm( 1406): GC_CONCURRENT freed 381K, 13% free 3124K/3584K, paused 4ms+4ms, total 72ms
E/dalvikvm( 1406): Could not find class 'android.app.ActivityManager$TaskDescription', referenced from method com.tripwolf.activities.AbstractFragmentActivity.updateTaskSwitcherEntry
W/dalvikvm( 1406): VFY: unable to resolve new-instance 36 (Landroid/app/ActivityManager$TaskDescription;) in Lcom/tripwolf/activities/AbstractFragmentActivity;
D/dalvikvm( 1406): VFY: replacing opcode 0x22 at 0x0007
I/dalvikvm( 1406): Could not find method android.view.Window.setStatusBarColor, referenced from method com.tripwolf.activities.AbstractFragmentActivity.setStatusBarColor
W/dalvikvm( 1406): VFY: unable to resolve virtual method 21151: Landroid/view/Window;.setStatusBarColor (I)V
D/dalvikvm( 1406): VFY: replacing opcode 0x6e at 0x000a
D/dalvikvm( 1406): DexOpt: unable to opt direct call 0x00e9 at 0x16 in Lcom/tripwolf/activities/AbstractFragmentActivity;.updateTaskSwitcherEntry
W/dalvikvm( 1406): VFY: unable to find class referenced in signature (Landroid/view/SearchEvent;)
I/dalvikvm( 1406): Could not find method android.view.Window$Callback.onSearchRequested, referenced from method android.support.v7.view.WindowCallbackWrapper.onSearchRequested
W/dalvikvm( 1406): VFY: unable to resolve interface method 21129: Landroid/view/Window$Callback;.onSearchRequested (Landroid/view/SearchEvent;)Z
D/dalvikvm( 1406): VFY: replacing opcode 0x72 at 0x0002
I/dalvikvm( 1406): Could not find method android.view.Window$Callback.onWindowStartingActionMode, referenced from method android.support.v7.view.WindowCallbackWrapper.onWindowStartingActionMode
W/dalvikvm( 1406): VFY: unable to resolve interface method 21133: Landroid/view/Window$Callback;.onWindowStartingActionMode (Landroid/view/ActionMode$Callback;I)Landroid/view/ActionMode;
D/dalvikvm( 1406): VFY: replacing opcode 0x72 at 0x0002
I/dalvikvm( 1406): Could not find method android.view.ViewAnimationUtils.createCircularReveal, referenced from method com.tripwolf.helpers.ViewHelper.createCircularRevealWithFadeFallback
W/dalvikvm( 1406): VFY: unable to resolve static method 20926: Landroid/view/ViewAnimationUtils;.createCircularReveal (Landroid/view/View;IIFF)Landroid/animation/Animator;
D/dalvikvm( 1406): VFY: replacing opcode 0x71 at 0x0013
I/dalvikvm( 1406): Could not find method android.view.ViewAnimationUtils.createCircularReveal, referenced from method com.tripwolf.helpers.ViewHelper.createCircularRevealWithFadeFallback
W/dalvikvm( 1406): VFY: unable to resolve static method 20926: Landroid/view/ViewAnimationUtils;.createCircularReveal (Landroid/view/View;IIFF)Landroid/animation/Animator;
D/dalvikvm( 1406): VFY: replacing opcode 0x71 at 0x0035
I/dalvikvm( 1406): Could not find method android.content.res.TypedArray.getChangingConfigurations, referenced from method android.support.v7.widget.TintTypedArray.getChangingConfigurations
W/dalvikvm( 1406): VFY: unable to resolve virtual method 811: Landroid/content/res/TypedArray;.getChangingConfigurations ()I
D/dalvikvm( 1406): VFY: replacing opcode 0x6e at 0x0002
I/dalvikvm( 1406): Could not find method android.content.res.TypedArray.getType, referenced from method android.support.v7.widget.TintTypedArray.getType
W/dalvikvm( 1406): VFY: unable to resolve virtual method 833: Landroid/content/res/TypedArray;.getType (I)I
D/dalvikvm( 1406): VFY: replacing opcode 0x6e at 0x0002
D/dalvikvm( 1406): Trying to load lib /data/app-lib/com.tripwolf.miniapp_722021_free-1/librsjni.so 0xb2d73660
D/dalvikvm( 1406): Added shared lib /data/app-lib/com.tripwolf.miniapp_722021_free-1/librsjni.so 0xb2d73660
V/RenderScript_jni( 1406): RS compat mode
D/dalvikvm( 1406): GC_CONCURRENT freed 267K, 10% free 3272K/3612K, paused 5ms+14ms, total 54ms
D/dalvikvm( 1406): GC_FOR_ALLOC freed 17K, 10% free 3293K/3640K, paused 18ms, total 18ms
I/dalvikvm-heap( 1406): Grow heap (frag case) to 3.551MB for 281896-byte allocation
D/dalvikvm( 1406): GC_FOR_ALLOC freed <1K, 9% free 3568K/3916K, paused 23ms, total 23ms
D/AndroidRuntime( 1406): Shutting down VM
W/dalvikvm( 1406): threadid=1: thread exiting with uncaught exception (group=0xb2abfba8)
E/AndroidRuntime( 1406): FATAL EXCEPTION: main
E/AndroidRuntime( 1406): Process: com.tripwolf.miniapp_722021_free, PID: 1406
E/AndroidRuntime( 1406): java.lang.RuntimeException: Unable to start activity ComponentInfo{com.tripwolf.miniapp_722021_free/com.tripwolf.activities.SscActivity}: java.lang.NullPointerException
E/AndroidRuntime( 1406): 	at android.app.ActivityThread.performLaunchActivity(ActivityThread.java:2184)
E/AndroidRuntime( 1406): 	at android.app.ActivityThread.handleLaunchActivity(ActivityThread.java:2233)
E/AndroidRuntime( 1406): 	at android.app.ActivityThread.access$800(ActivityThread.java:135)
E/AndroidRuntime( 1406): 	at android.app.ActivityThread$H.handleMessage(ActivityThread.java:1196)
E/AndroidRuntime( 1406): 	at android.os.Handler.dispatchMessage(Handler.java:102)
E/AndroidRuntime( 1406): 	at android.os.Looper.loop(Looper.java:136)
E/AndroidRuntime( 1406): 	at android.app.ActivityThread.main(ActivityThread.java:5001)
E/AndroidRuntime( 1406): 	at java.lang.reflect.Method.invokeNative(Native Method)
E/AndroidRuntime( 1406): 	at java.lang.reflect.Method.invoke(Method.java:515)
E/AndroidRuntime( 1406): 	at com.android.internal.os.ZygoteInit$MethodAndArgsCaller.run(ZygoteInit.java:785)
E/AndroidRuntime( 1406): 	at com.android.internal.os.ZygoteInit.main(ZygoteInit.java:601)
E/AndroidRuntime( 1406): 	at dalvik.system.NativeStart.main(Native Method)
E/AndroidRuntime( 1406): Caused by: java.lang.NullPointerException
E/AndroidRuntime( 1406): 	at com.tripwolf.activities.fragments.SscFragment.parseArguments(SscFragment.java:213)
E/AndroidRuntime( 1406): 	at com.tripwolf.activities.fragments.SscFragment.onCreate(SscFragment.java:196)
E/AndroidRuntime( 1406): 	at android.support.v4.app.Fragment.performCreate(Fragment.java:1951)
E/AndroidRuntime( 1406): 	at android.support.v4.app.FragmentManagerImpl.moveToState(FragmentManager.java:1029)
E/AndroidRuntime( 1406): 	at android.support.v4.app.FragmentManagerImpl.moveToState(FragmentManager.java:1252)
E/AndroidRuntime( 1406): 	at android.support.v4.app.BackStackRecord.run(BackStackRecord.java:742)
E/AndroidRuntime( 1406): 	at android.support.v4.app.FragmentManagerImpl.execPendingActions(FragmentManager.java:1617)
E/AndroidRuntime( 1406): 	at android.support.v4.app.FragmentManagerImpl.executePendingTransactions(FragmentManager.java:570)
E/AndroidRuntime( 1406): 	at com.tripwolf.activities.SingleFragmentActivity.onCreate(SingleFragmentActivity.java:37)
E/AndroidRuntime( 1406): 	at com.tripwolf.activities.SscActivity.onCreate(SscActivity.java:20)
E/AndroidRuntime( 1406): 	at android.app.Activity.performCreate(Activity.java:5231)
E/AndroidRuntime( 1406): 	at android.app.Instrumentation.callActivityOnCreate(Instrumentation.java:1087)
E/AndroidRuntime( 1406): 	at android.app.ActivityThread.performLaunchActivity(ActivityThread.java:2148)
E/AndroidRuntime( 1406): 	... 11 more
W/ActivityManager(  343):   Force finishing activity com.tripwolf.miniapp_722021_free/com.tripwolf.activities.SscActivity
D/dalvikvm(  343): GC_CONCURRENT freed 732K, 53% free 6288K/13192K, paused 21ms+25ms, total 325ms
W/ActivityManager(  343): Activity pause timeout for ActivityRecord{b35893a0 u0 com.tripwolf.miniapp_722021_free/com.tripwolf.activities.SscActivity t4 f}
V/RenderScript_jni( 1406): Unable to load libRSSupportIO.so, USAGE_IO not supported
E/RenderScript( 1406): Couldn't load libRSSupportIO.so
W/ActivityManager(  343): Unable to start service Intent { act=com.google.android.gms.analytics.service.START cmp=com.google.android.gms/.analytics.service.AnalyticsService (has extras) } U=0: not found
W/BroadcastQueue(  343): Skipping deliver [background] BroadcastRecord{b3767f60 u-1 android.net.conn.CONNECTIVITY_CHANGE} to ReceiverList{b373fbe8 1406 com.tripwolf.miniapp_722021_free/10052/u0 remote:b3427b28}: process crashing
D/dalvikvm( 1406): GC_CONCURRENT freed 308K, 10% free 3695K/4076K, paused 4ms+26ms, total 159ms
D/dalvikvm( 1406): GC_CONCURRENT freed 179K, 6% free 4025K/4280K, paused 5ms+3ms, total 73ms
D/dalvikvm( 1406): WAIT_FOR_CONCURRENT_GC blocked 16ms
D/dalvikvm( 1406): GC_CONCURRENT freed 148K, 6% free 4375K/4608K, paused 5ms+8ms, total 78ms
D/dalvikvm( 1406): WAIT_FOR_CONCURRENT_GC blocked 25ms
I/CrashlyticsCore( 1406): Initializing Crashlytics 2.3.5.79
W/ActivityManager(  343): Launch timeout has expired, giving up wake lock!
