D/dalvikvm(  334): WAIT_FOR_CONCURRENT_GC blocked 35ms
D/dalvikvm(  334): GC_CONCURRENT freed 355K, 68% free 4239K/13172K, paused 4ms+3ms, total 37ms
D/dalvikvm(  334): WAIT_FOR_CONCURRENT_GC blocked 27ms
D/dalvikvm(  334): GC_CONCURRENT freed 404K, 67% free 4373K/13172K, paused 5ms+7ms, total 103ms
D/dalvikvm(  334): GC_CONCURRENT freed 168K, 65% free 4717K/13172K, paused 6ms+15ms, total 140ms
D/dalvikvm(  334): WAIT_FOR_CONCURRENT_GC blocked 40ms
D/dalvikvm(  334): GC_CONCURRENT freed 340K, 63% free 4888K/13172K, paused 13ms+8ms, total 114ms
D/dalvikvm(  334): WAIT_FOR_CONCURRENT_GC blocked 8ms
I/PackageManager(  334): /system/app/LegacyCamera.apk changed; collecting certs
D/dalvikvm(  334): GC_CONCURRENT freed 436K, 63% free 4994K/13172K, paused 14ms+11ms, total 75ms
D/dalvikvm(  334): WAIT_FOR_CONCURRENT_GC blocked 33ms
D/dalvikvm(  334): GC_FOR_ALLOC freed 1348K, 69% free 4193K/13172K, paused 39ms, total 40ms
D/dalvikvm(  334): GC_CONCURRENT freed 262K, 67% free 4380K/13172K, paused 15ms+16ms, total 90ms
D/dalvikvm(  334): GC_CONCURRENT freed 278K, 66% free 4577K/13172K, paused 6ms+4ms, total 76ms
D/dalvikvm(  334): WAIT_FOR_CONCURRENT_GC blocked 12ms
D/dalvikvm(  334): GC_CONCURRENT freed 299K, 64% free 4767K/13172K, paused 5ms+15ms, total 96ms
I/PackageManager(  334): /system/app/LiveWallpapersPicker.apk changed; collecting certs
I/PackageManager(  334): /system/app/Music.apk changed; collecting certs
D/dalvikvm(  334): GC_CONCURRENT freed 471K, 64% free 4806K/13172K, paused 5ms+10ms, total 56ms
D/dalvikvm(  334): WAIT_FOR_CONCURRENT_GC blocked 40ms
D/dalvikvm(  334): GC_CONCURRENT freed 1140K, 69% free 4204K/13172K, paused 5ms+5ms, total 108ms
I/PackageManager(  334): /system/app/NetSpeed.apk changed; collecting certs
I/PackageManager(  334): /system/app/OpenWnn.apk changed; collecting certs
D/dalvikvm(  334): GC_CONCURRENT freed 337K, 68% free 4335K/13172K, paused 14ms+6ms, total 54ms
D/dalvikvm(  334): WAIT_FOR_CONCURRENT_GC blocked 41ms
D/dalvikvm(  334): GC_CONCURRENT freed 652K, 69% free 4194K/13172K, paused 5ms+5ms, total 71ms
D/dalvikvm(  334): WAIT_FOR_CONCURRENT_GC blocked 25ms
D/dalvikvm(  334): GC_CONCURRENT freed 201K, 66% free 4505K/13172K, paused 6ms+3ms, total 79ms
D/dalvikvm(  334): WAIT_FOR_CONCURRENT_GC blocked 18ms
I/PackageManager(  334): /system/app/PacProcessor.apk changed; collecting certs
D/dalvikvm(  334): GC_CONCURRENT freed 408K, 66% free 4563K/13172K, paused 5ms+17ms, total 94ms
I/PackageManager(  334): /system/app/PackageInstaller.apk changed; collecting certs
I/PackageManager(  334): /system/app/PicoTts.apk changed; collecting certs
I/PackageManager(  334): /system/app/PinyinIME.apk changed; collecting certs
D/dalvikvm(  334): GC_CONCURRENT freed 973K, 69% free 4101K/13172K, paused 6ms+4ms, total 66ms
D/dalvikvm(  334): WAIT_FOR_CONCURRENT_GC blocked 25ms
I/PackageManager(  334): /system/app/PrintSpooler.apk changed; collecting certs
I/PackageManager(  334): /system/app/Protips.apk changed; collecting certs
D/dalvikvm(  334): GC_CONCURRENT freed 408K, 69% free 4209K/13172K, paused 7ms+5ms, total 103ms
D/dalvikvm(  334): WAIT_FOR_CONCURRENT_GC blocked 11ms
I/PackageManager(  334): /system/app/QuickSearchBox.apk changed; collecting certs
D/dalvikvm(  334): GC_CONCURRENT freed 513K, 69% free 4207K/13172K, paused 6ms+4ms, total 57ms
D/dalvikvm(  334): WAIT_FOR_CONCURRENT_GC blocked 29ms
I/PackageManager(  334): /system/app/SdkSetup.apk changed; collecting certs
D/dalvikvm(  334): GC_CONCURRENT freed 406K, 68% free 4309K/13172K, paused 5ms+14ms, total 94ms
I/PackageManager(  334): /system/app/SoundRecorder.apk changed; collecting certs
I/PackageManager(  334): /system/app/SpeechRecorder.apk changed; collecting certs
I/PackageManager(  334): /system/app/TelephonyProvider.apk changed; collecting certs
D/dalvikvm(  334): GC_CONCURRENT freed 454K, 67% free 4361K/13172K, paused 14ms+15ms, total 95ms
I/PackageManager(  334): /system/app/UserDictionaryProvider.apk changed; collecting certs
D/PackageManager(  334): No files in app dir /vendor/app
D/dalvikvm(  334): GC_CONCURRENT freed 565K, 68% free 4271K/13172K, paused 13ms+13ms, total 93ms
W/PackageParser(  334): No actions in intent filter at /data/app/ApiDemos.apk Binary XML file line #2899
W/PackageParser(  334): No actions in intent filter at /data/app/ApiDemos.apk Binary XML file line #2905
I/PackageManager(  334): /data/app/ApiDemos.apk changed; collecting certs
D/dalvikvm(  334): GC_CONCURRENT freed 213K, 66% free 4560K/13172K, paused 6ms+4ms, total 52ms
D/dalvikvm(  334): WAIT_FOR_CONCURRENT_GC blocked 34ms
D/dalvikvm(  334): GC_CONCURRENT freed 366K, 65% free 4673K/13172K, paused 6ms+14ms, total 95ms
D/dalvikvm(  334): GC_CONCURRENT freed 325K, 64% free 4860K/13172K, paused 15ms+4ms, total 107ms
D/dalvikvm(  334): WAIT_FOR_CONCURRENT_GC blocked 15ms
D/dalvikvm(  334): GC_CONCURRENT freed 567K, 64% free 4833K/13172K, paused 13ms+3ms, total 73ms
D/dalvikvm(  334): WAIT_FOR_CONCURRENT_GC blocked 32ms
D/dalvikvm(  334): GC_CONCURRENT freed 521K, 64% free 4841K/13172K, paused 14ms+4ms, total 73ms
D/dalvikvm(  334): WAIT_FOR_CONCURRENT_GC blocked 35ms
D/dalvikvm(  334): GC_CONCURRENT freed 531K, 64% free 4846K/13172K, paused 16ms+4ms, total 100ms
D/dalvikvm(  334): WAIT_FOR_CONCURRENT_GC blocked 25ms
D/dalvikvm(  334): GC_CONCURRENT freed 538K, 64% free 4844K/13172K, paused 7ms+4ms, total 85ms
D/dalvikvm(  334): WAIT_FOR_CONCURRENT_GC blocked 40ms
D/dalvikvm(  334): GC_CONCURRENT freed 522K, 64% free 4856K/13172K, paused 6ms+3ms, total 79ms
D/dalvikvm(  334): WAIT_FOR_CONCURRENT_GC blocked 34ms
D/dalvikvm(  334): GC_CONCURRENT freed 529K, 64% free 4859K/13172K, paused 6ms+3ms, total 89ms
D/dalvikvm(  334): WAIT_FOR_CONCURRENT_GC blocked 46ms
D/dalvikvm(  334): GC_CONCURRENT freed 546K, 64% free 4853K/13172K, paused 31ms+3ms, total 156ms
D/dalvikvm(  334): WAIT_FOR_CONCURRENT_GC blocked 76ms
D/dalvikvm(  334): GC_CONCURRENT freed 524K, 64% free 4867K/13172K, paused 13ms+4ms, total 82ms
D/dalvikvm(  334): WAIT_FOR_CONCURRENT_GC blocked 28ms
D/dalvikvm(  334): GC_CONCURRENT freed 546K, 64% free 4862K/13172K, paused 6ms+3ms, total 79ms
D/dalvikvm(  334): WAIT_FOR_CONCURRENT_GC blocked 35ms
D/dalvikvm(  334): GC_CONCURRENT freed 539K, 64% free 4863K/13172K, paused 12ms+4ms, total 72ms
D/dalvikvm(  334): WAIT_FOR_CONCURRENT_GC blocked 32ms
W/PackageManager(  334): Package com.example.android.apis desires unavailable shared library com.example.will.never.exist; ignoring!
I/PackageManager(  334): /data/app/CubeLiveWallpapers.apk changed; collecting certs
I/PackageManager(  334): /data/app/GestureBuilder.apk changed; collecting certs
D/dalvikvm(  334): GC_CONCURRENT freed 408K, 62% free 5028K/13172K, paused 14ms+11ms, total 111ms
I/PackageManager(  334): /data/app/SmokeTest.apk changed; collecting certs
I/PackageManager(  334): /data/app/SmokeTestApp.apk changed; collecting certs
I/PackageManager(  334): /data/app/SoftKeyboard.apk changed; collecting certs
D/dalvikvm(  334): GC_CONCURRENT freed 1193K, 67% free 4418K/13172K, paused 6ms+9ms, total 97ms
D/dalvikvm(  334): WAIT_FOR_CONCURRENT_GC blocked 14ms
I/PackageManager(  334): /data/app/WidgetPreview.apk changed; collecting certs
D/dalvikvm(  334): GC_CONCURRENT freed 544K, 67% free 4386K/13172K, paused 5ms+19ms, total 93ms
D/dalvikvm(  334): WAIT_FOR_CONCURRENT_GC blocked 10ms
W/PackageManager(  334): Package com.example.android.apis desires unavailable shared library com.example.will.never.exist; ignoring!
W/PackageManager(  334): Package com.android.camera desires unavailable shared library com.google.android.media.effects; ignoring!
I/PackageManager(  334): Time to scan packages: 26.457 seconds
W/PackageManager(  334): Not granting permission android.permission.GLOBAL_SEARCH to package com.android.quicksearchbox (protectionLevel=18 flags=0x8be45)
W/PackageManager(  334): Unknown permission com.android.smspush.WAPPUSH_MANAGER_BIND in package com.android.phone
W/PackageManager(  334): Unknown permission com.google.android.googleapps.permission.GOOGLE_AUTH in package com.android.providers.calendar
W/PackageManager(  334): Unknown permission com.google.android.googleapps.permission.GOOGLE_AUTH.cl in package com.android.providers.calendar
W/PackageManager(  334): Unknown permission com.google.android.googleapps.permission.GOOGLE_AUTH.mail in package com.android.calendar
W/PackageManager(  334): Not granting permission android.permission.ACCESS_DOWNLOAD_MANAGER to package com.android.browser (protectionLevel=18 flags=0x9be45)
W/PackageManager(  334): Not granting permission android.permission.SEND_DOWNLOAD_COMPLETED_INTENTS to package com.android.browser (protectionLevel=2 flags=0x9be45)
W/PackageManager(  334): Not granting permission android.permission.BIND_APPWIDGET to package com.android.widgetpreview (protectionLevel=18 flags=0x8be44)
W/PackageManager(  334): Unknown permission android.permission.INSTALL_DRM in package com.android.mms
W/PackageManager(  334): Unknown permission com.google.android.googleapps.permission.GOOGLE_AUTH in package com.android.settings
W/PackageManager(  334): Unknown permission com.google.android.googleapps.permission.ACCESS_GOOGLE_PASSWORD in package com.android.development
W/PackageManager(  334): Unknown permission com.google.android.googleapps.permission.GOOGLE_AUTH in package com.android.development
W/PackageManager(  334): Unknown permission com.google.android.googleapps.permission.GOOGLE_AUTH.ALL_SERVICES in package com.android.development
W/PackageManager(  334): Unknown permission com.google.android.googleapps.permission.GOOGLE_AUTH.YouTubeUser in package com.android.development
W/PackageManager(  334): Not granting permission android.permission.DELETE_PACKAGES to package com.svox.pico (protectionLevel=18 flags=0x8be45)
W/PackageManager(  334): Not granting permission android.permission.DEVICE_POWER to package com.android.deskclock (protectionLevel=2 flags=0x48be45)
D/dalvikvm(  334): GC_CONCURRENT freed 393K, 67% free 4426K/13172K, paused 14ms+5ms, total 106ms
D/dalvikvm(  334): GC_EXPLICIT freed 244K, 68% free 4280K/13172K, paused 4ms+4ms, total 58ms
I/SystemServer(  334): Entropy Mixer
W/EntropyMixer(  334): No existing entropy file -- first boot?
I/EntropyMixer(  334): Writing entropy...
I/SystemServer(  334): User Service
I/SystemServer(  334): Account Manager
I/SystemServer(  334): Content Manager
I/SystemServer(  334): System Content Providers
D/SettingsProvider(  334): User 0 external modification to /data/data/com.android.providers.settings/databases/settings.db; event=2
D/SettingsProvider(  334): User 0 updating our caches for /data/data/com.android.providers.settings/databases/settings.db
I/SyncManager(  334): No initial accounts
I/SyncManager(  334): No initial status
W/SyncManagerFile(  334): Error reading pending data.
W/SyncManagerFile(  334): java.io.FileNotFoundException: /data/system/sync/pending.xml: open failed: ENOENT (No such file or directory)
W/SyncManagerFile(  334): 	at libcore.io.IoBridge.open(IoBridge.java:409)
W/SyncManagerFile(  334): 	at java.io.FileInputStream.<init>(FileInputStream.java:78)
W/SyncManagerFile(  334): 	at android.util.AtomicFile.openRead(AtomicFile.java:199)
W/SyncManagerFile(  334): 	at com.android.server.content.SyncStorageEngine.readPendingOperationsLocked(SyncStorageEngine.java:2286)
W/SyncManagerFile(  334): 	at com.android.server.content.SyncStorageEngine.<init>(SyncStorageEngine.java:434)
W/SyncManagerFile(  334): 	at com.android.server.content.SyncStorageEngine.init(SyncStorageEngine.java:454)
W/SyncManagerFile(  334): 	at com.android.server.content.SyncManager.<init>(SyncManager.java:383)
W/SyncManagerFile(  334): 	at com.android.server.content.ContentService.getSyncManager(ContentService.java:75)
W/SyncManagerFile(  334): 	at com.android.server.content.ContentService.notifyChange(ContentService.java:283)
W/SyncManagerFile(  334): 	at android.content.ContentResolver.notifyChange(ContentResolver.java:1621)
W/SyncManagerFile(  334): 	at com.android.providers.settings.SettingsProvider.sendNotify(SettingsProvider.java:262)
W/SyncManagerFile(  334): 	at com.android.providers.settings.SettingsProvider.insertForUser(SettingsProvider.java:941)
W/SyncManagerFile(  334): 	at com.android.providers.settings.SettingsProvider.ensureAndroidIdIsSet(SettingsProvider.java:496)
W/SyncManagerFile(  334): 	at com.android.providers.settings.SettingsProvider.establishDbTracking(SettingsProvider.java:409)
W/SyncManagerFile(  334): 	at com.android.providers.settings.SettingsProvider.onCreate(SettingsProvider.java:335)
W/SyncManagerFile(  334): 	at android.content.ContentProvider.attachInfo(ContentProvider.java:1591)
W/SyncManagerFile(  334): 	at android.content.ContentProvider.attachInfo(ContentProvider.java:1562)
W/SyncManagerFile(  334): 	at android.app.ActivityThread.installProvider(ActivityThread.java:4774)
W/SyncManagerFile(  334): 	at android.app.ActivityThread.installContentProviders(ActivityThread.java:4369)
W/SyncManagerFile(  334): 	at android.app.ActivityThread.installSystemProviders(ActivityThread.java:4929)
W/SyncManagerFile(  334): 	at com.android.server.am.ActivityManagerService.installSystemProviders(ActivityManagerService.java:8081)
W/SyncManagerFile(  334): 	at com.android.server.ServerThread.initAndLoop(SystemServer.java:275)
W/SyncManagerFile(  334): 	at com.android.server.SystemServer.main(SystemServer.java:1179)
W/SyncManagerFile(  334): 	at java.lang.reflect.Method.invokeNative(Native Method)
W/SyncManagerFile(  334): 	at java.lang.reflect.Method.invoke(Method.java:515)
W/SyncManagerFile(  334): 	at com.android.internal.os.ZygoteInit$MethodAndArgsCaller.run(ZygoteInit.java:785)
W/SyncManagerFile(  334): 	at com.android.internal.os.ZygoteInit.main(ZygoteInit.java:601)
W/SyncManagerFile(  334): 	at dalvik.system.NativeStart.main(Native Method)
W/SyncManagerFile(  334): Caused by: libcore.io.ErrnoException: open failed: ENOENT (No such file or directory)
W/SyncManagerFile(  334): 	at libcore.io.Posix.open(Native Method)
W/SyncManagerFile(  334): 	at libcore.io.BlockGuardOs.open(BlockGuardOs.java:110)
W/SyncManagerFile(  334): 	at libcore.io.IoBridge.open(IoBridge.java:393)
W/SyncManagerFile(  334): 	... 27 more
I/SyncManager(  334): No initial statistics
D/SettingsProvider(  334): Generated and saved new ANDROID_ID [819c9ed3b9903d6f] for user 0
I/SystemServer(  334): Lights Service
I/SystemServer(  334): Battery Service
E/ConsumerIrService(  334): Can't open consumer IR HW Module, error: -2
I/SystemServer(  334): Vibrator Service
I/SystemServer(  334): Consumer IR Service
W/libsuspend(  334): Error writing 'on' to /sys/power/state: Invalid argument
E/libsuspend(  334): Error opening /sys/power/autosleep: No such file or directory
I/libsuspend(  334): Selected wakeup count
D/PermissionCache(   57): checking android.permission.ACCESS_SURFACE_FLINGER for uid=1000 => granted (3453 us)
D/SurfaceFlinger(   57): Screen acquired, type=0 flinger=0xb8dc8450
D/SurfaceFlinger(   57):  screen was previously acquired
I/SystemServer(  334): Alarm Manager
I/SystemServer(  334): Init Watchdog
I/SystemServer(  334): Input Manager
I/InputManager(  334): Initializing input manager, mUseDevInputEventForAudioJack=false
I/SystemServer(  334): Window Manager
I/WindowManager(  334): No existing display settings /data/system/display_settings.xml; starting empty
D/dalvikvm(  334): GC_CONCURRENT freed 278K, 67% free 4466K/13172K, paused 43ms+7ms, total 189ms
I/WindowManager(  334): No keyguard interface!
I/InputManager(  334): Starting input manager
I/SystemServer(  334): No Bluetooh Service (emulator)
I/SystemServer(  334): Input Method Service
E/EventHub(  334): could not get driver version for /dev/input/mouse0, Not a typewriter
W/EventHub(  334): Unable to disable kernel key repeat for /dev/input/event0: Function not implemented
I/EventHub(  334): New device: id=1, fd=93, path='/dev/input/event0', name='qwerty2', classes=0x2d, configuration='/system/usr/idc/qwerty2.idc', keyLayout='/system/usr/keylayout/qwerty.kl', keyCharacterMap='/system/usr/keychars/qwerty2.kcm', builtinKeyboard=true, usingSuspendBlockIoctl=true, usingClockIoctl=true
E/EventHub(  334): could not get driver version for /dev/input/mice, Not a typewriter
I/InputReader(  334): Device added: id=-1, name='Virtual', sources=0x00000301
I/InputReader(  334):   Touch device 'qwerty2' could not query the properties of its associated display.  The device will be inoperable until the display size becomes available.
I/InputReader(  334): Device added: id=0, name='qwerty2', sources=0x00011307
W/InputMethodManagerService(  334): No IME selected. Choose the most applicable IME.
I/InputMethodManagerService(  334): No default found, using com.android.inputmethod.latin/.LatinIME
D/SettingsProvider(  334): User 0 external modification to /data/data/com.android.providers.settings/databases/settings.db; event=2
D/SettingsProvider(  334): User 0 updating our caches for /data/data/com.android.providers.settings/databases/settings.db
I/SystemServer(  334): Accessibility Manager
I/ActivityManager(  334): Config changes=1df8 {1.0 ?mcc?mnc en_US ldltr sw480dp w480dp h864dp 160dpi lrg long port ?uimode ?night -touch -keyb/h/h tball/v s.2}
I/InputReader(  334): Reconfiguring input devices.  changes=0x00000004
I/InputReader(  334): Device reconfigured: id=0, name='qwerty2', size 480x864, orientation 0, mode 1, display id 0
I/InputReader(  334): Reconfiguring input devices.  changes=0x00000004
I/ActivityManager(  334): Config changes=408 {1.0 ?mcc?mnc en_US ldltr sw480dp w480dp h839dp 160dpi lrg long port ?uimode ?night finger -keyb/h/h tball/v s.3}
I/SystemServer(  334): Mount Service
D/MountService(  334): got storage path: /storage/sdcard description: USB storage primary: true removable: false emulated: false mtpReserve: 0 allowMassStorage: false maxFileSize: 0
D/MountService(  334): addVolumeLocked() StorageVolume:
D/MountService(  334):     mStorageId=0 mPath=/storage/sdcard mDescriptionId=17040665 mPrimary=true 
D/MountService(  334):     mRemovable=false mEmulated=false mMtpReserveSpace=0 
D/MountService(  334):     mAllowMassStorage=false mMaxFileSize=0 mOwner=null mUuid=null 
D/MountService(  334):     mUserLabel=null mState=null 
I/SystemServer(  334): LockSettingsService
I/SystemServer(  334): Device Policy
I/SystemServer(  334): Status Bar
I/SystemServer(  334): Clipboard Service
I/SystemServer(  334): NetworkManagement Service
I/SystemServer(  334): Text Service Manager Service
I/SystemServer(  334): NetworkStats Service
W/MountService(  334): Duplicate state transition (unmounted -> unmounted) for /storage/sdcard
W/MountService(  334): getSecureContainerList() called when storage not mounted
I/SystemServer(  334): NetworkPolicy Service
I/SystemServer(  334): Wi-Fi P2pService
I/PackageManager(  334): No secure containers on sdcard
W/PackageManager(  334): Not granting permission android.permission.GLOBAL_SEARCH to package com.android.quicksearchbox (protectionLevel=18 flags=0x8be45)
D/dalvikvm(  334): GC_CONCURRENT freed 279K, 65% free 4633K/13172K, paused 7ms+6ms, total 202ms
W/PackageManager(  334): Unknown permission com.android.smspush.WAPPUSH_MANAGER_BIND in package com.android.phone
I/SystemServer(  334): Wi-Fi Service
W/PackageManager(  334): Unknown permission com.google.android.googleapps.permission.GOOGLE_AUTH in package com.android.providers.calendar
W/PackageManager(  334): Unknown permission com.google.android.googleapps.permission.GOOGLE_AUTH.cl in package com.android.providers.calendar
W/PackageManager(  334): Unknown permission com.google.android.googleapps.permission.GOOGLE_AUTH.mail in package com.android.calendar
W/PackageManager(  334): Not granting permission android.permission.ACCESS_DOWNLOAD_MANAGER to package com.android.browser (protectionLevel=18 flags=0x9be45)
W/PackageManager(  334): Not granting permission android.permission.SEND_DOWNLOAD_COMPLETED_INTENTS to package com.android.browser (protectionLevel=2 flags=0x9be45)
W/PackageManager(  334): Not granting permission android.permission.BIND_APPWIDGET to package com.android.widgetpreview (protectionLevel=18 flags=0x8be44)
W/PackageManager(  334): Unknown permission android.permission.INSTALL_DRM in package com.android.mms
W/PackageManager(  334): Unknown permission com.google.android.googleapps.permission.GOOGLE_AUTH in package com.android.settings
W/PackageManager(  334): Unknown permission com.google.android.googleapps.permission.ACCESS_GOOGLE_PASSWORD in package com.android.development
W/PackageManager(  334): Unknown permission com.google.android.googleapps.permission.GOOGLE_AUTH in package com.android.development
W/PackageManager(  334): Unknown permission com.google.android.googleapps.permission.GOOGLE_AUTH.ALL_SERVICES in package com.android.development
W/PackageManager(  334): Unknown permission com.google.android.googleapps.permission.GOOGLE_AUTH.YouTubeUser in package com.android.development
W/PackageManager(  334): Not granting permission android.permission.DELETE_PACKAGES to package com.svox.pico (protectionLevel=18 flags=0x8be45)
W/PackageManager(  334): Not granting permission android.permission.DEVICE_POWER to package com.android.deskclock (protectionLevel=2 flags=0x48be45)
D/WifiController(  334): isAirplaneModeOn = false, isWifiEnabled = false, isScanningAvailable = false
I/SystemServer(  334): Connectivity Service
D/ConnectivityService(  334): ConnectivityService starting up
D/ConnectivityService(  334): wifiOnly=false
E/MobileDataStateTracker(  334): default: Ignoring feature request because could not acquire PhoneService
E/MobileDataStateTracker(  334): default: Could not enable APN type "default"
I/WifiService(  334): WifiService starting up with Wi-Fi disabled
I/SystemServer(  334): Network Service Discovery Service
D/NsdService(  334): Network service discovery enabled true
I/SystemServer(  334): UpdateLock Service
I/SystemServer(  334): Notification Manager
I/SystemServer(  334): Device Storage Monitor
I/SystemServer(  334): Location Manager
I/SystemServer(  334): Country Detector
I/SystemServer(  334): Search Service
I/SystemServer(  334): DropBox Service
I/SystemServer(  334): Wallpaper Service
W/WallpaperService(  334): no current wallpaper -- first boot?
I/SystemServer(  334): Audio Service
D/dalvikvm(  334): GC_CONCURRENT freed 337K, 64% free 4793K/13172K, paused 6ms+22ms, total 168ms
I/SystemServer(  334): Dock Observer
W/DockObserver(  334): This kernel does not have dock station support
I/SystemServer(  334): Wired Accessory Manager
W/WiredAccessoryManager(  334): This kernel does not have wired headset support
W/WiredAccessoryManager(  334): This kernel does not have usb audio support
W/WiredAccessoryManager(  334): This kernel does not have HDMI audio support
I/SystemServer(  334): USB Service
I/SystemServer(  334): Serial Service
I/SystemServer(  334): Twilight Service
I/SystemServer(  334): UI Mode Manager Service
I/SystemServer(  334): Backup Service
V/BackupManagerService(  334): Initializing package tracking
V/BackupManagerService(  334): No ancestral data
V/BackupManagerService(  334): addPackageParticipantsLocked: all
I/BackupManagerService(  334): Scheduling backup for new app com.android.calendar
D/BackupManagerService(  334): Now staging backup of com.android.calendar
I/BackupManagerService(  334): Scheduling backup for new app com.android.browser
D/BackupManagerService(  334): Now staging backup of com.android.browser
I/BackupManagerService(  334): Scheduling backup for new app com.android.providers.userdictionary
D/BackupManagerService(  334): Now staging backup of com.android.providers.userdictionary
I/BackupManagerService(  334): Scheduling backup for new app com.android.sharedstoragebackup
D/BackupManagerService(  334): Now staging backup of com.android.sharedstoragebackup
I/BackupManagerService(  334): Scheduling backup for new app android
D/BackupManagerService(  334): Now staging backup of android
I/BackupManagerService(  334): Scheduling backup for new app com.android.dialer
D/BackupManagerService(  334): Now staging backup of com.android.dialer
I/BackupManagerService(  334): Scheduling backup for new app com.android.providers.settings
D/BackupManagerService(  334): Now staging backup of com.android.providers.settings
V/BackupManagerService(  334): Starting with transport android/com.android.internal.backup.LocalTransport
V/BackupManagerService(  334): Found transports: 1
I/BackupManagerService(  334): Binding to transport host ComponentInfo{android/com.android.internal.backup.LocalTransportService}
I/BackupManagerService(  334): Backup enabled => true
I/SystemServer(  334): AppWidget Service
I/SystemServer(  334): Recognition Service
I/SystemServer(  334): DiskStats Service
I/SystemServer(  334): SamplingProfiler Service
I/SystemServer(  334): NetworkTimeUpdateService
I/SystemServer(  334): CommonTimeManagementService
I/SystemServer(  334): CertBlacklister
I/SystemServer(  334): Dreams Service
I/SystemServer(  334): Assets Atlas Service
I/SystemServer(  334): IdleMaintenanceService
I/SystemServer(  334): Print Service
I/WindowManager(  334): SAFE MODE not enabled
I/SystemServer(  334): Media Router Service
D/Atlas   (  334): Computing best atlas configuration...
D/Atlas   (  334): Running Thread-50
E/SQLiteLog(  334): (1) no such table: locksettings
D/Atlas   (  334): Found best atlas configuration in 0.12s
D/Atlas   (  334): Loaded configuration: SliceMinArea (768x768) flags=0x2 count=24
D/gralloc_goldfish(  334): Emulator without GPU emulation detected.
I/LockSettingsService(  334): Migrated lock settings to new location
I/LockSettingsService(  334): Migrated per-user lock settings to new location
I/Zygote  (  334): Process: zygote socket opened
D/dalvikvm(  334): GC_CONCURRENT freed 323K, 62% free 5019K/13172K, paused 24ms+4ms, total 248ms
W/AssetAtlasService(  334): Could not find EGL configuration
D/Atlas   (  334): Rendered atlas in 37.06ms (22.16+14.91ms)
V/KeyguardServiceDelegate(  334): *** Keyguard started
V/KeyguardServiceDelegate(  334): onSystemReady() called before keyguard service was ready
I/ActivityManager(  334): Start proc com.android.systemui for service com.android.keyguard/.KeyguardService: pid=448 uid=10007 gids={50007, 1028, 1015, 1035, 3002, 3001}
F/SystemServer(  334): BOOT FAILURE making Package Manager Service ready
F/SystemServer(  334): java.lang.SecurityException: Unable to find app for caller android.app.ActivityThread$ApplicationThread@b33216b0 (pid=334) when registering receiver android.app.LoadedApk$ReceiverDispatcher$InnerReceiver@b3119208
F/SystemServer(  334): 	at com.android.server.am.ActivityManagerService.registerReceiver(ActivityManagerService.java:13021)
F/SystemServer(  334): 	at android.app.ContextImpl.registerReceiverInternal(ContextImpl.java:1450)
F/SystemServer(  334): 	at android.app.ContextImpl.registerReceiverAsUser(ContextImpl.java:1425)
F/SystemServer(  334): 	at com.android.internal.content.PackageMonitor.register(PackageMonitor.java:84)
F/SystemServer(  334): 	at com.android.server.pm.UserManagerService.systemReady(UserManagerService.java:237)
F/SystemServer(  334): 	at com.android.server.pm.PackageManagerService.systemReady(PackageManagerService.java:10476)
F/SystemServer(  334): 	at com.android.server.ServerThread.initAndLoop(SystemServer.java:893)
F/SystemServer(  334): 	at com.android.server.SystemServer.main(SystemServer.java:1179)
F/SystemServer(  334): 	at java.lang.reflect.Method.invokeNative(Native Method)
F/SystemServer(  334): 	at java.lang.reflect.Method.invoke(Method.java:515)
F/SystemServer(  334): 	at com.android.internal.os.ZygoteInit$MethodAndArgsCaller.run(ZygoteInit.java:785)
F/SystemServer(  334): 	at com.android.internal.os.ZygoteInit.main(ZygoteInit.java:601)
F/SystemServer(  334): 	at dalvik.system.NativeStart.main(Native Method)
W/SystemServer(  334): ***********************************************
I/ActivityManager(  334): Sending system update to ComponentInfo{com.android.providers.calendar/com.android.providers.calendar.CalendarUpgradeReceiver} for user 0
I/ActivityManager(  334): Sending system update to ComponentInfo{com.android.providers.contacts/com.android.providers.contacts.ContactsUpgradeReceiver} for user 0
I/ActivityManager(  334): Sending system update to ComponentInfo{com.android.providers.media/com.android.providers.media.MediaUpgradeReceiver} for user 0
I/SystemServer(  334): Enabled StrictMode for system server main thread.
I/ActivityManager(  334): Start proc com.android.providers.calendar for broadcast com.android.providers.calendar/.CalendarUpgradeReceiver: pid=460 uid=10001 gids={50001, 3003, 1028, 1015}
I/Choreographer(  334): Skipped 70 frames!  The application may be doing too much work on its main thread.
W/InputMethodManagerService(  334): Focus gain on non-focused client android.view.inputmethod.InputMethodManager$1@b371a488 (uid=1000 pid=334)
V/BackupManagerService(  334): Connected to transport ComponentInfo{android/com.android.internal.backup.LocalTransportService}
V/BackupManagerService(  334): Registering transport android/com.android.internal.backup.LocalTransportService::android/com.android.internal.backup.LocalTransport = com.android.internal.backup.LocalTransport@b3603900
I/ActivityManager(  334): Launching preboot mode app: ProcessRecord{b34b9258 460:com.android.providers.calendar/u0a1}
E/SoundPool(  448): error loading /system/media/audio/ui/Lock.ogg
W/KeyguardViewMediator(  448): failed to load lock sound from /system/media/audio/ui/Lock.ogg
E/SoundPool(  448): error loading /system/media/audio/ui/Unlock.ogg
W/KeyguardViewMediator(  448): failed to load unlock sound from /system/media/audio/ui/Unlock.ogg
V/KeyguardService(  448): onCreate()
V/KeyguardServiceDelegate(  334): *** Keyguard connected (yay!)
V/KeyguardServiceDelegate(  334): **** SHOWN CALLED ****
I/ActivityManager(  334): Start proc android.process.acore for broadcast com.android.providers.contacts/.ContactsUpgradeReceiver: pid=477 uid=10002 gids={50002, 3003, 1028, 1015}
I/ActivityManager(  334): Launching preboot mode app: ProcessRecord{b3347020 477:android.process.acore/u0a2}
I/ContactsUpgradeReceiver(  477): Creating or opening contacts database
D/dalvikvm(  477): GC_CONCURRENT freed 364K, 14% free 2806K/3256K, paused 13ms+2ms, total 63ms
I/ContactsDatabaseHelper(  477): Bootstrapping database version: 803
D/dalvikvm(  477): GC_CONCURRENT freed 324K, 13% free 2878K/3280K, paused 4ms+3ms, total 42ms
I/ContactsProviderV1(  477): Bootstrapping database legacy support
I/ContactsDatabaseHelper(  477): Bootstrapping database version: 803
D/dalvikvm(  477): GC_CONCURRENT freed 346K, 13% free 2931K/3364K, paused 4ms+3ms, total 42ms
I/ContactsProviderV1(  477): Bootstrapping database legacy support
I/ContactsProvider(  477): Locale has changed from null to en_US
I/ContactsDatabaseHelper(  477): Switching to locale en_US (ICU v51.1.0.1)
D/dalvikvm(  477): GC_CONCURRENT freed 341K, 13% free 3016K/3440K, paused 5ms+10ms, total 41ms
I/ContactsDatabaseHelper(  477): Locale change completed in 466ms
I/ContactsDatabaseHelper(  477): Switching to locale en_US (ICU v51.1.0.1)
D/dalvikvm(  477): GC_CONCURRENT freed 363K, 13% free 3050K/3500K, paused 5ms+3ms, total 45ms
I/ContactsDatabaseHelper(  477): Locale change completed in 482ms
I/ActivityManager(  334): Start proc android.process.media for broadcast com.android.providers.media/.MediaUpgradeReceiver: pid=493 uid=10005 gids={50005, 1028, 1015, 1023, 1024, 2001, 3003, 3007}
I/ActivityManager(  334): Launching preboot mode app: ProcessRecord{b37197d0 493:android.process.media/u0a5}
D/dalvikvm(  334): GC_CONCURRENT freed 364K, 62% free 5112K/13172K, paused 4ms+6ms, total 51ms
I/ActivityManager(  334): Writing new set of last done pre-boot receivers...
I/ActivityManager(  334): Removing system update proc: ProcessRecord{b34b9258 460:com.android.providers.calendar/u0a1}
I/ActivityManager(  334): Killing 460:com.android.providers.calendar/u0a1 (adj 13): system update done
I/ActivityManager(  334): Removing system update proc: ProcessRecord{b3347020 477:android.process.acore/u0a2}
I/ActivityManager(  334): Killing 477:android.process.acore/u0a2 (adj 11): system update done
I/ActivityManager(  334): Removing system update proc: ProcessRecord{b37197d0 493:android.process.media/u0a5}
I/ActivityManager(  334): Killing 493:android.process.media/u0a5 (adj 9): system update done
I/ActivityManager(  334): System now ready
I/SystemServer(  334): Making services ready
D/NetworkManagementService(  334): enabling bandwidth control
I/Vold    (   52): /dev/block/vold/179:0 being considered for volume sdcard
D/Vold    (   52): Volume sdcard state changing 1 (Idle-Unmounted) -> 3 (Checking)
D/MountService(  334): volume state changed for /storage/sdcard (unmounted -> checking)
D/MountService(  334): sendStorageIntent Intent { act=android.intent.action.MEDIA_CHECKING dat=file:///storage/sdcard (has extras) } to UserHandle{-1}
I/fsck_msdos(   52): ** /dev/block/vold/179:0
I/fsck_msdos(   52): Invalid signature in fsinfo block
I/fsck_msdos(   52): FIXED
I/fsck_msdos(   52): ** Phase 1 - Read and Compare FATs
I/fsck_msdos(   52): Attempting to allocate 794 KB for FAT
D/SystemUIService(  448): loading: class com.android.systemui.recent.Recents
D/SystemUIService(  448): running: com.android.systemui.recent.Recents@b2dd7010
D/SystemUIService(  448): loading: class com.android.systemui.statusbar.SystemBars
D/SystemUIService(  448): running: com.android.systemui.statusbar.SystemBars@b2dd75f8
D/SystemUIService(  448): loading: class com.android.systemui.usb.StorageNotification
D/SystemUIService(  448): running: com.android.systemui.usb.StorageNotification@b2dd9348
D/SystemUIService(  448): loading: class com.android.systemui.power.PowerUI
D/SystemUIService(  448): running: com.android.systemui.power.PowerUI@b2ddac00
I/fsck_msdos(   52): Attempting to allocate 794 KB for FAT
D/dalvikvm(  334): GC_CONCURRENT freed 380K, 61% free 5220K/13172K, paused 5ms+4ms, total 344ms
D/SystemUIService(  448): loading: class com.android.systemui.media.RingtonePlayer
D/SystemUIService(  448): running: com.android.systemui.media.RingtonePlayer@b2ddb9e0
D/SystemUIService(  448): loading: class com.android.systemui.settings.SettingsUI
D/SystemUIService(  448): running: com.android.systemui.settings.SettingsUI@b2ddccc8
I/StatusBarManagerService(  334): registerStatusBar bar=com.android.internal.statusbar.IStatusBar$Stub$Proxy@b34f7540
I/fsck_msdos(   52): ** Phase 2 - Check Cluster Chains
D/PhoneStatusBar(  448): mSettingsPanelGravity = 55
I/fsck_msdos(   52): ** Phase 3 - Checking Directories
I/fsck_msdos(   52): ** Phase 4 - Checking for Lost Files
I/fsck_msdos(   52): Free space in FSInfo block (201592) not correct (201591)
I/fsck_msdos(   52): FIXED
I/fsck_msdos(   52): 1 files, 100795 free (201591 clusters)
I/Vold    (   52): Filesystem check completed OK
W/Vold    (   52): blkid failed to identify /dev/block/vold/179:0
I/PackageManager(  334): Updating external media status from unmounted to mounted
D/Vold    (   52): Volume sdcard state changing 3 (Checking) -> 4 (Mounted)
D/MountService(  334): volume state changed for /storage/sdcard (checking -> mounted)
D/MountService(  334): sendStorageIntent Intent { act=android.intent.action.MEDIA_MOUNTED dat=file:///storage/sdcard (has extras) } to UserHandle{-1}
E/VoldConnector(  334): NDC Command {3 volume mount /storage/sdcard} took too long (1092ms)
D/dalvikvm(  448): GC_CONCURRENT freed 283K, 12% free 2830K/3196K, paused 5ms+6ms, total 266ms
D/dalvikvm(  448): GC_FOR_ALLOC freed 36K, 8% free 2947K/3196K, paused 37ms, total 39ms
I/PackageManager(  334): No secure containers on sdcard
W/PackageManager(  334): Not granting permission android.permission.GLOBAL_SEARCH to package com.android.quicksearchbox (protectionLevel=18 flags=0x88be45)
W/PackageManager(  334): Unknown permission com.android.smspush.WAPPUSH_MANAGER_BIND in package com.android.phone
W/PackageManager(  334): Unknown permission com.google.android.googleapps.permission.GOOGLE_AUTH in package com.android.providers.calendar
W/PackageManager(  334): Unknown permission com.google.android.googleapps.permission.GOOGLE_AUTH.cl in package com.android.providers.calendar
W/PackageManager(  334): Unknown permission com.google.android.googleapps.permission.GOOGLE_AUTH.mail in package com.android.calendar
W/PackageManager(  334): Not granting permission android.permission.ACCESS_DOWNLOAD_MANAGER to package com.android.browser (protectionLevel=18 flags=0x89be45)
W/PackageManager(  334): Not granting permission android.permission.SEND_DOWNLOAD_COMPLETED_INTENTS to package com.android.browser (protectionLevel=2 flags=0x89be45)
W/PackageManager(  334): Not granting permission android.permission.BIND_APPWIDGET to package com.android.widgetpreview (protectionLevel=18 flags=0x8be44)
W/PackageManager(  334): Unknown permission android.permission.INSTALL_DRM in package com.android.mms
W/PackageManager(  334): Unknown permission com.google.android.googleapps.permission.GOOGLE_AUTH in package com.android.settings
W/PackageManager(  334): Unknown permission com.google.android.googleapps.permission.ACCESS_GOOGLE_PASSWORD in package com.android.development
W/PackageManager(  334): Unknown permission com.google.android.googleapps.permission.GOOGLE_AUTH in package com.android.development
W/PackageManager(  334): Unknown permission com.google.android.googleapps.permission.GOOGLE_AUTH.ALL_SERVICES in package com.android.development
W/PackageManager(  334): Unknown permission com.google.android.googleapps.permission.GOOGLE_AUTH.YouTubeUser in package com.android.development
W/PackageManager(  334): Not granting permission android.permission.DELETE_PACKAGES to package com.svox.pico (protectionLevel=18 flags=0x88be45)
W/PackageManager(  334): Not granting permission android.permission.DEVICE_POWER to package com.android.deskclock (protectionLevel=2 flags=0xc8be45)
E/BluetoothAdapter(  448): Bluetooth binder is null
E/BluetoothAdapter(  448): Bluetooth binder is null
D/dalvikvm(  448): GC_CONCURRENT freed 54K, 5% free 3301K/3472K, paused 4ms+5ms, total 53ms
E/BluetoothAdapter(  448): Bluetooth binder is null
E/BluetoothAdapter(  448): Bluetooth binder is null
I/ActivityManager(  334): Start proc android.process.acore for content provider com.android.providers.contacts/.ContactsProvider2: pid=539 uid=10002 gids={50002, 3003, 1028, 1015}
D/PhoneStatusBar(  448): disable: < expand icons alerts ticker system_info back home recent clock search >
E/BluetoothAdapter(  448): Bluetooth binder is null
D/PhoneStatusBar(  448): heads up is disabled
I/Choreographer(  448): Skipped 484 frames!  The application may be doing too much work on its main thread.
E/NetdConnector(  334): NDC Command {1 bandwidth enable} took too long (3924ms)
D/dalvikvm(  334): GC_CONCURRENT freed 618K, 62% free 5120K/13172K, paused 5ms+31ms, total 313ms
D/dalvikvm(  448): GC_CONCURRENT freed 140K, 6% free 3551K/3776K, paused 35ms+3ms, total 115ms
E/NetdConnector(  334): NDC Command {2 firewall disable} took too long (967ms)
D/dalvikvm(  539): GC_CONCURRENT freed 205K, 9% free 2983K/3272K, paused 5ms+5ms, total 329ms
I/Choreographer(  448): Skipped 370 frames!  The application may be doing too much work on its main thread.
D/gralloc_goldfish(  448): Emulator without GPU emulation detected.
I/Choreographer(  448): Skipped 53 frames!  The application may be doing too much work on its main thread.
E/NetdConnector(  334): NDC Command {4 bandwidth setglobalalert 2097152} took too long (599ms)
I/ContactLocale(  539): AddressBook Labels [en_US]: [, A, B, C, D, E, F, G, H, I, J, K, L, M, N, O, P, Q, R, S, T, U, V, W, X, Y, Z, , , , , , , , , , , , , , , , , , , , , , , , , , , , , , , , , , , , , , , , , , , , , , , , , , , , , , , , , , , , , , , , , , , , , , , , , , , , , , , , , , , , , , , , , , , , , , , , , , , , , , , , , , , , , , , , , , , , , , , , , , , , , , , , , , , , , , , , , , , , , , , , , , , , , , , , , , , , , , , , , , , , , , , , , , , , , , , , , , , , , , #, ]
E/NetdConnector(  334): NDC Command {5 firewall disable} took too long (827ms)
I/ActivityManager(  334): Config changes=200 {1.0 ?mcc?mnc en_US ldltr sw480dp w480dp h839dp 160dpi lrg long port finger -keyb/h/h tball/v s.4}
W/RecognitionManagerService(  334): no available voice recognition services found for user 0
D/PhoneStatusBar(  448): mSettingsPanelGravity = 55
W/AppWidgetServiceImpl(  334): Failed to read state: java.io.FileNotFoundException: /data/system/users/0/appwidgets.xml: open failed: ENOENT (No such file or directory)
W/InputMethodManagerService(  334): Ignoring setImeWindowStatus of uid 1000 token: null
W/InputMethodUtils(  334): Found no subtypes in a system IME: com.android.inputmethod.pinyin
W/InputMethodManagerService(  334): Reset the default IME as "Resource" is ready here.
D/dalvikvm(  448): GC_FOR_ALLOC freed 96K, 6% free 3562K/3776K, paused 51ms, total 52ms
W/InputMethodUtils(  334): Found no subtypes in a system IME: com.android.inputmethod.pinyin
I/InputMethodManagerService(  334): Selected default: com.android.inputmethod.latin/.LatinIME
I/dalvikvm-heap(  448): Grow heap (frag case) to 6.487MB for 3072016-byte allocation
D/dalvikvm(  448): GC_CONCURRENT freed 4K, 4% free 6558K/6780K, paused 4ms+13ms, total 42ms
I/ActivityManager(  334): Config changes=20 {1.0 ?mcc?mnc en_US ldltr sw480dp w480dp h839dp 160dpi lrg long port finger -keyb/v/h tball/v s.5}
I/ActivityManager(  334): Start proc com.android.inputmethod.latin for service com.android.inputmethod.latin/.LatinIME: pid=581 uid=10029 gids={50029, 1028, 1015}
V/InputMethodManagerService(  334): Adding window token: android.os.Binder@b365ff50
W/InputMethodManagerService(  334): Illegal subtype state: old subtype = null, new subtype = android.view.inputmethod.InputMethodSubtype@c9194f98
W/GpsLocationProvider(  334): Could not open GPS configuration file /etc/gps.conf
W/ServiceWatcher(  334): com.google.android.location not found
W/ServiceWatcher(  334): com.google.android.location not found
W/ServiceWatcher(  334): com.google.android.location not found
W/LocationManagerService(  334): no network location provider found
W/ServiceWatcher(  334): com.google.android.location not found
E/FlpHardwareProvider(  334): Error hw_get_module 'flp': -2
W/ServiceWatcher(  334): com.google.android.location not found
E/FlpHardwareProvider(  334): Error hw_get_module 'flp': -2
W/ServiceWatcher(  334): com.google.android.location not found
E/LocationManagerService(  334): no geocoder provider found
E/LocationManagerService(  334): No FusedProvider found.
E/LocationManagerService(  334): no geofence provider found
D/dalvikvm(  448): GC_FOR_ALLOC freed 3001K, 6% free 3560K/3776K, paused 89ms, total 89ms
D/dalvikvm(  334): GC_CONCURRENT freed 466K, 61% free 5261K/13172K, paused 7ms+26ms, total 339ms
D/dalvikvm(  334): WAIT_FOR_CONCURRENT_GC blocked 76ms
D/dalvikvm(  334): WAIT_FOR_CONCURRENT_GC blocked 84ms
I/CommonTimeManagementService(  334): No common time service detected on this platform.  Common time services will be unavailable.
D/dalvikvm(  334): WAIT_FOR_CONCURRENT_GC blocked 93ms
I/InputReader(  334): Reconfiguring input devices.  changes=0x00000020
I/ActivityManager(  334): Start proc com.android.phone for added application com.android.phone: pid=594 uid=1001 gids={41001, 3002, 3001, 3003, 1028, 1015}
I/InputReader(  334): Reconfiguring input devices.  changes=0x00000010
I/ActivityManager(  334): START u0 {act=android.intent.action.MAIN cat=[android.intent.category.HOME] flg=0x10000000 cmp=com.android.settings/.CryptKeeper} from pid 0
I/ActivityManager(  334): Start proc com.android.settings for activity com.android.settings/.CryptKeeper: pid=602 uid=1000 gids={41000, 1028, 1015, 3002, 3001, 3003}
I/dalvikvm-heap(  448): Grow heap (frag case) to 6.485MB for 3072016-byte allocation
D/dalvikvm(  448): GC_CONCURRENT freed <1K, 4% free 6560K/6780K, paused 4ms+3ms, total 112ms
D/dalvikvm(  448): WAIT_FOR_CONCURRENT_GC blocked 65ms
I/ActivityManager(  334): Start proc android.process.media for broadcast com.android.providers.downloads/.DownloadReceiver: pid=615 uid=10005 gids={50005, 1028, 1015, 1023, 1024, 2001, 3003, 3007}
D/dalvikvm(   58): GC_EXPLICIT freed 38K, 5% free 2705K/2828K, paused 14ms+3ms, total 63ms
D/dalvikvm(   58): GC_EXPLICIT freed <1K, 5% free 2705K/2828K, paused 2ms+2ms, total 45ms
D/dalvikvm(   58): GC_EXPLICIT freed <1K, 5% free 2705K/2828K, paused 2ms+2ms, total 55ms
I/LatinIME(  581): Hardware accelerated drawing: true
D/PhoneStatusBar(  448): mSettingsPanelGravity = 55
W/WindowManager(  334): Window freeze timeout expired.
W/WindowManager(  334): Force clearing orientation change: Window{b3342f08 u0 StatusBar}
W/WindowManager(  334): Force clearing orientation change: Window{b3534170 u0 com.android.systemui.ImageWallpaper}
I/ActivityManager(  334): Start proc com.android.printspooler for service com.android.printspooler/.PrintSpoolerService: pid=633 uid=10039 gids={50039}
D/dalvikvm(  334): GC_CONCURRENT freed 478K, 60% free 5346K/13172K, paused 8ms+62ms, total 259ms
V/StatusBar(  448): userId 0 is in the house
W/InputAttributes(  581): No editor info for this field. Bug?
I/Choreographer(  448): Skipped 180 frames!  The application may be doing too much work on its main thread.
D/dalvikvm(  581): GC_CONCURRENT freed 222K, 10% free 2895K/3204K, paused 9ms+90ms, total 251ms
I/ResourceUtils(  581): Found default value: resource=keypress_vibration_durations build=[HARDWARE=goldfish MODEL=sdk BRAND=generic MANUFACTURER=unknown] default=-1
I/ResourceUtils(  581): Found default value: resource=keypress_volumes build=[HARDWARE=goldfish MODEL=sdk BRAND=generic MANUFACTURER=unknown] default=-1.0f
I/ActivityManager(  334): START u0 {act=android.intent.action.MAIN cat=[android.intent.category.HOME] flg=0x10000000 cmp=com.android.sdksetup/.DefaultActivity} from pid 0
I/ActivityManager(  334): Start proc com.android.sdksetup for activity com.android.sdksetup/.DefaultActivity: pid=652 uid=10042 gids={50042}
I/PrintSpoolerService(  633): No existing print spooler state.
I/Choreographer(  448): Skipped 61 frames!  The application may be doing too much work on its main thread.
I/LatinIME:LogUtils(  581): Dictionary info: dictionary = personalization.en_US.dict ; version = ? ; date = 1529071193
I/LatinIME:LogUtils(  581): Dictionary info: dictionary = UserHistoryDictionary.en_US.dic ; version = ? ; date = 1529071193
I/LatinIME:LogUtils(  581): Dictionary info: dictionary = PersonalizationPredictionDictio ; version = ? ; date = 1529071193
I/LatinIME:LogUtils(  581): Dictionary info: dictionary = userunigram.en_US.dict ; version = ? ; date = ?
I/FusedLocation(  334): engine started (com.android.location.fused)
I/FusedLocation(  334): engine stopped (com.android.location.fused)
I/FusedLocation(  334): engine started (com.android.location.fused)
D/dalvikvm(  594): GC_CONCURRENT freed 167K, 8% free 2917K/3168K, paused 14ms+2ms, total 80ms
D/dalvikvm(  581): GC_CONCURRENT freed 386K, 14% free 2991K/3464K, paused 13ms+4ms, total 41ms
I/ActivityManager(  334): Force stopping com.android.sdksetup appid=10042 user=0: pkg changed
I/ActivityManager(  334): Killing 652:com.android.sdksetup/u0a42 (adj 0): stop com.android.sdksetup
I/ActivityManager(  334):   Force finishing activity ActivityRecord{b2ee3218 u0 com.android.sdksetup/.DefaultActivity t2}
I/ActivityManager(  334): START u0 {act=android.intent.action.MAIN cat=[android.intent.category.HOME] flg=0x10000000 cmp=com.android.launcher/com.android.launcher2.Launcher} from pid 0
I/ActivityManager(  334): Start proc com.android.launcher for activity com.android.launcher/com.android.launcher2.Launcher: pid=681 uid=10008 gids={50008}
D/dalvikvm(  581): GC_CONCURRENT freed 459K, 17% free 2978K/3584K, paused 4ms+2ms, total 155ms
D/dalvikvm(  334): GC_CONCURRENT freed 550K, 59% free 5460K/13172K, paused 7ms+36ms, total 375ms
D/dalvikvm(  334): WAIT_FOR_CONCURRENT_GC blocked 151ms
D/dalvikvm(  334): WAIT_FOR_CONCURRENT_GC blocked 150ms
D/dalvikvm(  334): WAIT_FOR_CONCURRENT_GC blocked 111ms
D/dalvikvm(  334): WAIT_FOR_CONCURRENT_GC blocked 123ms
I/InputReader(  334): Reconfiguring input devices.  changes=0x00000010
I/PackageManager(  334):   Action: "android.intent.action.SENDTO"
I/PackageManager(  334):   Category: "android.intent.category.DEFAULT"
I/PackageManager(  334):   Scheme: "sms"
W/BackupManagerService(  334): dataChanged but no participant pkg='com.android.providers.settings' uid=1001
I/PackageManager(  334): Adding preferred activity ComponentInfo{com.android.mms/com.android.mms.ui.ComposeMessageActivity} for user 0 :
I/PackageManager(  334):   Action: "android.intent.action.SENDTO"
I/PackageManager(  334):   Category: "android.intent.category.DEFAULT"
I/PackageManager(  334):   Scheme: "smsto"
I/PackageManager(  334): Adding preferred activity ComponentInfo{com.android.mms/com.android.mms.ui.ComposeMessageActivity} for user 0 :
I/PackageManager(  334):   Action: "android.intent.action.SENDTO"
I/PackageManager(  334):   Category: "android.intent.category.DEFAULT"
I/PackageManager(  334):   Scheme: "mms"
I/PackageManager(  334): Adding preferred activity ComponentInfo{com.android.mms/com.android.mms.ui.ComposeMessageActivity} for user 0 :
I/PackageManager(  334):   Action: "android.intent.action.SENDTO"
I/PackageManager(  334):   Category: "android.intent.category.DEFAULT"
I/PackageManager(  334):   Scheme: "mmsto"
I/PackageManager(  334): Adding preferred activity ComponentInfo{com.android.mms/com.android.mms.ui.ComposeMessageActivity} for user 0 :
I/LatinIME:LogUtils(  581): Dictionary info: dictionary = main:en ; version = 42 ; date = 1381226429
I/LatinIME:LogUtils(  581): Dictionary info: dictionary = main:en ; version = 42 ; date = 1381226429
I/PackageManager(  334):   Action: "android.intent.action.SENDTO"
I/PackageManager(  334):   Category: "android.intent.category.DEFAULT"
I/PackageManager(  334):   Scheme: "sms"
