D/dalvikvm( 1159): GC_CONCURRENT freed 357K, 11% free 4091K/4552K, paused 16ms+19ms, total 60ms
D/dalvikvm( 1159): GC_CONCURRENT freed 1546K, 36% free 2950K/4600K, paused 4ms+3ms, total 38ms
D/dalvikvm( 1159): GC_CONCURRENT freed 241K, 32% free 3137K/4600K, paused 4ms+4ms, total 43ms
D/dalvikvm( 1159): GC_CONCURRENT freed 275K, 27% free 3371K/4600K, paused 5ms+25ms, total 67ms
D/dalvikvm( 1159): GC_CONCURRENT freed 168K, 20% free 3715K/4600K, paused 7ms+5ms, total 76ms
D/dalvikvm( 1159): WAIT_FOR_CONCURRENT_GC blocked 24ms
D/dalvikvm( 1159): WAIT_FOR_CONCURRENT_GC blocked 26ms
D/dalvikvm( 1159): WAIT_FOR_CONCURRENT_GC blocked 28ms
I/dalvikvm( 1159): Could not find method android.app.Notification$Builder.setLocalOnly, referenced from method com.google.android.gms.common.GooglePlayServicesUtil.zza
W/dalvikvm( 1159): VFY: unable to resolve virtual method 398: Landroid/app/Notification$Builder;.setLocalOnly (Z)Landroid/app/Notification$Builder;
D/dalvikvm( 1159): VFY: replacing opcode 0x6e at 0x00d1
D/dalvikvm( 1159): GC_CONCURRENT freed 175K, 12% free 4051K/4600K, paused 4ms+5ms, total 76ms
D/dalvikvm( 1159): WAIT_FOR_CONCURRENT_GC blocked 24ms
D/dalvikvm( 1159): GC_CONCURRENT freed 184K, 7% free 4363K/4652K, paused 4ms+21ms, total 87ms
D/dalvikvm( 1159): WAIT_FOR_CONCURRENT_GC blocked 14ms
D/dalvikvm( 1159): WAIT_FOR_CONCURRENT_GC blocked 22ms
D/dalvikvm( 1159): WAIT_FOR_CONCURRENT_GC blocked 30ms
D/dalvikvm( 1159): GC_CONCURRENT freed 200K, 7% free 4686K/5004K, paused 7ms+3ms, total 74ms
D/dalvikvm( 1159): WAIT_FOR_CONCURRENT_GC blocked 36ms
D/dalvikvm( 1159): WAIT_FOR_CONCURRENT_GC blocked 37ms
D/dalvikvm( 1159): WAIT_FOR_CONCURRENT_GC blocked 38ms
D/dalvikvm( 1159): GC_CONCURRENT freed 468K, 11% free 4863K/5436K, paused 5ms+26ms, total 82ms
D/dalvikvm( 1159): WAIT_FOR_CONCURRENT_GC blocked 6ms
V/WebViewChromiumFactoryProvider( 1159): Binding Chromium to main looper Looper (main, tid 1) {b2d90dc0}
I/LibraryLoader( 1159): Expected native library version number "",actual native library version number ""
I/chromium( 1159): [INFO:library_loader_hooks.cc(116)] Chromium logging enabled: level = 0, default verbosity = 0
I/BrowserStartupController( 1159): Initializing chromium process, renderers=0
E/AudioManagerAndroid( 1159): BLUETOOTH permission is missing!
E/chromium( 1159): [ERROR:gl_surface_egl.cc(169)] No suitable EGL configs found.
E/chromium( 1159): [ERROR:gl_surface_egl.cc(702)] GLSurfaceEGL::InitializeOneOff failed.
E/chromium( 1159): [ERROR:gl_surface_egl.cc(169)] No suitable EGL configs found.
E/chromium( 1159): [ERROR:gl_surface_egl.cc(702)] GLSurfaceEGL::InitializeOneOff failed.
E/chromium( 1159): [ERROR:gpu_info_collector.cc(86)] gfx::GLSurface::InitializeOneOff() failed
W/chromium( 1159): [WARNING:mailbox_synchronizer.cc(36)] MailboxSync not supported due to missing EGL image/fence support
E/chromium( 1159): [ERROR:gl_surface_egl.cc(169)] No suitable EGL configs found.
E/chromium( 1159): [ERROR:gl_surface_egl.cc(702)] GLSurfaceEGL::InitializeOneOff failed.
D/dalvikvm( 1159): GC_FOR_ALLOC freed 1603K, 34% free 3686K/5508K, paused 324ms, total 326ms
I/dalvikvm-heap( 1159): Grow heap (frag case) to 3.951MB for 281896-byte allocation
D/dalvikvm( 1159): GC_FOR_ALLOC freed <1K, 32% free 3961K/5784K, paused 67ms, total 67ms
W/chromium( 1159): [WARNING:proxy_service.cc(890)] PAC support disabled because there is no system implementation
D/AndroidRuntime( 1214): 
D/AndroidRuntime( 1214): >>>>>> AndroidRuntime START com.android.internal.os.RuntimeInit <<<<<<
D/AndroidRuntime( 1214): CheckJNI is ON
D/dalvikvm( 1214): Trying to load lib libjavacore.so 0x0
D/dalvikvm( 1214): Added shared lib libjavacore.so 0x0
D/dalvikvm( 1214): Trying to load lib libnativehelper.so 0x0
D/dalvikvm( 1214): Added shared lib libnativehelper.so 0x0
D/dalvikvm( 1214): No JNI_OnLoad found in libnativehelper.so 0x0, skipping init
D/dalvikvm( 1214): Note: class Landroid/app/ActivityManagerNative; has 179 unimplemented (abstract) methods
D/AndroidRuntime( 1159): Shutting down VM
W/dalvikvm( 1159): threadid=1: thread exiting with uncaught exception (group=0xb2ae0ba8)
W/System.err( 1159): java.lang.RuntimeException: Unable to start activity ComponentInfo{com.hi5.app/com.mopub.mobileads.MoPubActivity}: java.lang.NullPointerException
W/System.err( 1159): 	at android.app.ActivityThread.performLaunchActivity(ActivityThread.java:2184)
W/System.err( 1159): 	at android.app.ActivityThread.handleLaunchActivity(ActivityThread.java:2233)
W/System.err( 1159): 	at android.app.ActivityThread.access$800(ActivityThread.java:135)
W/System.err( 1159): 	at android.app.ActivityThread$H.handleMessage(ActivityThread.java:1196)
W/System.err( 1159): 	at android.os.Handler.dispatchMessage(Handler.java:102)
W/System.err( 1159): 	at android.os.Looper.loop(Looper.java:136)
W/System.err( 1159): 	at android.app.ActivityThread.main(ActivityThread.java:5001)
W/System.err( 1159): 	at java.lang.reflect.Method.invokeNative(Native Method)
W/System.err( 1159): 	at java.lang.reflect.Method.invoke(Method.java:515)
W/System.err( 1159): 	at com.android.internal.os.ZygoteInit$MethodAndArgsCaller.run(ZygoteInit.java:785)
W/System.err( 1159): 	at com.android.internal.os.ZygoteInit.main(ZygoteInit.java:601)
W/System.err( 1159): 	at dalvik.system.NativeStart.main(Native Method)
W/System.err( 1159): Caused by: java.lang.NullPointerException
W/System.err( 1159): 	at com.mopub.mobileads.factories.HtmlInterstitialWebViewFactory.internalCreate(HtmlInterstitialWebViewFactory.java:31)
W/System.err( 1159): 	at com.mopub.mobileads.factories.HtmlInterstitialWebViewFactory.create(HtmlInterstitialWebViewFactory.java:20)
W/System.err( 1159): 	at com.mopub.mobileads.MoPubActivity.getAdView(MoPubActivity.java:100)
W/System.err( 1159): 	at com.mopub.mobileads.d.onCreate(BaseInterstitialActivity.java:58)
W/System.err( 1159): 	at com.mopub.mobileads.MoPubActivity.onCreate(MoPubActivity.java:108)
W/System.err( 1159): 	at android.app.Activity.performCreate(Activity.java:5231)
W/System.err( 1159): 	at android.app.Instrumentation.callActivityOnCreate(Instrumentation.java:1087)
W/System.err( 1159): 	at android.app.ActivityThread.performLaunchActivity(ActivityThread.java:2148)
W/System.err( 1159): 	... 11 more
D/InitAlarmsService(  997): Clearing and rescheduling alarms.
D/dalvikvm( 1159): GC_CONCURRENT freed 334K, 30% free 4067K/5784K, paused 76ms+15ms, total 289ms
E/memtrack( 1214): Couldn't load memtrack module (No such file or directory)
E/android.os.Debug( 1214): failed to load memtrack module: -2
W/System  ( 1159): Ignoring header X-CRASHLYTICS-ADVERTISING-TOKEN because its value was null.
D/AndroidRuntime( 1214): Calling main entry com.android.commands.am.Am
I/ActivityManager(  334): START u0 {act=android.intent.action.MAIN cat=[android.intent.category.LAUNCHER] flg=0x10000000 cmp=com.hi5.app/com.mopub.mobileads.MraidActivity} from pid 1214
W/WindowManager(  334): Token{b31d2968 ActivityRecord{b31d2808 u0 com.hi5.app/com.mopub.mobileads.MraidActivity t4}} failed creating starting window
W/WindowManager(  334): android.view.InflateException: Binary XML file line #34: Error inflating class <unknown>
W/WindowManager(  334): 	at android.view.LayoutInflater.createView(LayoutInflater.java:620)
W/WindowManager(  334): 	at com.android.internal.policy.impl.PhoneLayoutInflater.onCreateView(PhoneLayoutInflater.java:56)
W/WindowManager(  334): 	at android.view.LayoutInflater.onCreateView(LayoutInflater.java:669)
W/WindowManager(  334): 	at android.view.LayoutInflater.createViewFromTag(LayoutInflater.java:694)
W/WindowManager(  334): 	at android.view.LayoutInflater.rInflate(LayoutInflater.java:755)
W/WindowManager(  334): 	at android.view.LayoutInflater.inflate(LayoutInflater.java:492)
W/WindowManager(  334): 	at android.view.LayoutInflater.inflate(LayoutInflater.java:397)
W/WindowManager(  334): 	at android.view.LayoutInflater.inflate(LayoutInflater.java:353)
W/WindowManager(  334): 	at com.android.internal.policy.impl.PhoneWindow.generateLayout(PhoneWindow.java:3022)
W/WindowManager(  334): 	at com.android.internal.policy.impl.PhoneWindow.installDecor(PhoneWindow.java:3085)
W/WindowManager(  334): 	at com.android.internal.policy.impl.PhoneWindow.getDecorView(PhoneWindow.java:1678)
W/WindowManager(  334): 	at com.android.internal.policy.impl.PhoneWindowManager.addStartingWindow(PhoneWindowManager.java:1655)
W/WindowManager(  334): 	at com.android.server.wm.WindowManagerService$H.handleMessage(WindowManagerService.java:7173)
W/WindowManager(  334): 	at android.os.Handler.dispatchMessage(Handler.java:102)
W/WindowManager(  334): 	at android.os.Looper.loop(Looper.java:136)
W/WindowManager(  334): 	at android.os.HandlerThread.run(HandlerThread.java:61)
W/WindowManager(  334): Caused by: java.lang.reflect.InvocationTargetException
W/WindowManager(  334): 	at java.lang.reflect.Constructor.constructNative(Native Method)
W/WindowManager(  334): 	at java.lang.reflect.Constructor.newInstance(Constructor.java:423)
W/WindowManager(  334): 	at android.view.LayoutInflater.createView(LayoutInflater.java:594)
W/WindowManager(  334): 	... 15 more
W/WindowManager(  334): Caused by: android.content.res.Resources$NotFoundException: Resource is not a Drawable (color or path): TypedValue{t=0x2/d=0x1010059 a=-1}
W/WindowManager(  334): 	at android.content.res.Resources.loadDrawable(Resources.java:2073)
W/WindowManager(  334): 	at android.content.res.TypedArray.getDrawable(TypedArray.java:602)
W/WindowManager(  334): 	at android.widget.FrameLayout.<init>(FrameLayout.java:109)
W/WindowManager(  334): 	at android.widget.FrameLayout.<init>(FrameLayout.java:97)
W/WindowManager(  334): 	... 18 more
D/dalvikvm( 1159): GC_CONCURRENT freed 329K, 29% free 4158K/5784K, paused 5ms+18ms, total 87ms
W/ActivityManager(  334): Activity pause timeout for ActivityRecord{b333ba20 u0 com.hi5.app/com.mopub.mobileads.MoPubActivity t4}
D/AndroidRuntime( 1232): 
D/AndroidRuntime( 1232): >>>>>> AndroidRuntime START com.android.internal.os.RuntimeInit <<<<<<
D/AndroidRuntime( 1232): CheckJNI is ON
D/dalvikvm( 1232): Trying to load lib libjavacore.so 0x0
D/dalvikvm( 1232): Added shared lib libjavacore.so 0x0
D/dalvikvm( 1232): Trying to load lib libnativehelper.so 0x0
D/dalvikvm( 1232): Added shared lib libnativehelper.so 0x0
D/dalvikvm( 1232): No JNI_OnLoad found in libnativehelper.so 0x0, skipping init
D/dalvikvm( 1159): GC_CONCURRENT freed 418K, 29% free 4158K/5784K, paused 5ms+7ms, total 100ms
D/dalvikvm( 1232): Note: class Landroid/app/ActivityManagerNative; has 179 unimplemented (abstract) methods
D/dalvikvm( 1159): GC_CONCURRENT freed 420K, 29% free 4146K/5784K, paused 15ms+2ms, total 172ms
E/memtrack( 1232): Couldn't load memtrack module (No such file or directory)
E/android.os.Debug( 1232): failed to load memtrack module: -2
D/dalvikvm( 1159): GC_CONCURRENT freed 456K, 30% free 4098K/5784K, paused 5ms+3ms, total 81ms
E/AndroidRuntime( 1159): FATAL EXCEPTION: main
E/AndroidRuntime( 1159): Process: com.hi5.app, PID: 1159
E/AndroidRuntime( 1159): java.lang.RuntimeException: Unable to start activity ComponentInfo{com.hi5.app/com.mopub.mobileads.MoPubActivity}: java.lang.NullPointerException
E/AndroidRuntime( 1159): 	at android.app.ActivityThread.performLaunchActivity(ActivityThread.java:2184)
E/AndroidRuntime( 1159): 	at android.app.ActivityThread.handleLaunchActivity(ActivityThread.java:2233)
E/AndroidRuntime( 1159): 	at android.app.ActivityThread.access$800(ActivityThread.java:135)
E/AndroidRuntime( 1159): 	at android.app.ActivityThread$H.handleMessage(ActivityThread.java:1196)
E/AndroidRuntime( 1159): 	at android.os.Handler.dispatchMessage(Handler.java:102)
E/AndroidRuntime( 1159): 	at android.os.Looper.loop(Looper.java:136)
E/AndroidRuntime( 1159): 	at android.app.ActivityThread.main(ActivityThread.java:5001)
E/AndroidRuntime( 1159): 	at java.lang.reflect.Method.invokeNative(Native Method)
E/AndroidRuntime( 1159): 	at java.lang.reflect.Method.invoke(Method.java:515)
E/AndroidRuntime( 1159): 	at com.android.internal.os.ZygoteInit$MethodAndArgsCaller.run(ZygoteInit.java:785)
E/AndroidRuntime( 1159): 	at com.android.internal.os.ZygoteInit.main(ZygoteInit.java:601)
E/AndroidRuntime( 1159): 	at dalvik.system.NativeStart.main(Native Method)
E/AndroidRuntime( 1159): Caused by: java.lang.NullPointerException
E/AndroidRuntime( 1159): 	at com.mopub.mobileads.factories.HtmlInterstitialWebViewFactory.internalCreate(HtmlInterstitialWebViewFactory.java:31)
E/AndroidRuntime( 1159): 	at com.mopub.mobileads.factories.HtmlInterstitialWebViewFactory.create(HtmlInterstitialWebViewFactory.java:20)
E/AndroidRuntime( 1159): 	at com.mopub.mobileads.MoPubActivity.getAdView(MoPubActivity.java:100)
E/AndroidRuntime( 1159): 	at com.mopub.mobileads.d.onCreate(BaseInterstitialActivity.java:58)
E/AndroidRuntime( 1159): 	at com.mopub.mobileads.MoPubActivity.onCreate(MoPubActivity.java:108)
E/AndroidRuntime( 1159): 	at android.app.Activity.performCreate(Activity.java:5231)
E/AndroidRuntime( 1159): 	at android.app.Instrumentation.callActivityOnCreate(Instrumentation.java:1087)
E/AndroidRuntime( 1159): 	at android.app.ActivityThread.performLaunchActivity(ActivityThread.java:2148)
E/AndroidRuntime( 1159): 	... 11 more
W/ActivityManager(  334):   Force finishing activity com.hi5.app/com.mopub.mobileads.MraidActivity
W/ActivityManager(  334):   Force finishing activity com.hi5.app/com.mopub.mobileads.MoPubActivity
D/AndroidRuntime( 1232): Calling main entry com.android.commands.am.Am
D/dalvikvm(  334): GC_FOR_ALLOC freed 479K, 59% free 5857K/14192K, paused 79ms, total 83ms
I/dalvikvm-heap(  334): Grow heap (frag case) to 6.078MB for 281896-byte allocation
D/dalvikvm(  334): GC_FOR_ALLOC freed 6K, 58% free 6126K/14468K, paused 58ms, total 58ms
D/AndroidRuntime( 1232): Shutting down VM
I/Choreographer(  334): Skipped 33 frames!  The application may be doing too much work on its main thread.
D/dalvikvm( 1232): GC_CONCURRENT freed 97K, 15% free 587K/688K, paused 13ms+2ms, total 23ms
W/ActivityManager(  334): Activity pause timeout for ActivityRecord{b31d2808 u0 com.hi5.app/com.mopub.mobileads.MraidActivity t4 f}
I/Choreographer(  334): Skipped 31 frames!  The application may be doing too much work on its main thread.
D/dalvikvm( 1159): GC_CONCURRENT freed 366K, 29% free 4143K/5784K, paused 5ms+2ms, total 43ms
W/ActivityManager(  334): Timeout executing service: ServiceRecord{b32a11e0 u0 com.hi5.app/com.google.android.gms.measurement.AppMeasurementService}
I/ActivityManager(  334): Crashing app skipping ANR: ProcessRecord{b37c1fd0 1159:com.hi5.app/u0a52} Executing service com.hi5.app/com.google.android.gms.measurement.AppMeasurementService
W/ActivityManager(  334): Activity destroy timeout for ActivityRecord{b333ba20 u0 com.hi5.app/com.mopub.mobileads.MoPubActivity t4 f}
W/ActivityManager(  334): Activity destroy timeout for ActivityRecord{b31d2808 u0 com.hi5.app/com.mopub.mobileads.MraidActivity t4 f}
I/MediaFocusControl(  334):  AudioFocus  abandonAudioFocus() from android.media.AudioManager@b2d9f438com.android.music.MediaPlaybackService$3@b2d9e2b8
D/dalvikvm( 1159): GC_CONCURRENT freed 415K, 29% free 4115K/5772K, paused 19ms+3ms, total 58ms
I/Process ( 1159): Sending signal. PID: 1159 SIG: 9
W/InputMethodManagerService(  334): Window already focused, ignoring focus gain of: com.android.internal.view.IInputMethodClient$Stub$Proxy@b31b3b30 attribute=null, token = android.os.BinderProxy@b33b9220
I/ActivityManager(  334): Process com.hi5.app (pid 1159) has died.
F/ActivityManager(  334): Service ServiceRecord{b32a11e0 u0 com.hi5.app/com.google.android.gms.measurement.AppMeasurementService} in process ProcessRecord{b37c1fd0 1159:com.hi5.app/u0a52} not same as in map: null
W/InputDispatcher(  334): channel 'b2ebf4f8  (server)' ~ Consumer closed input channel or an error occurred.  events=0x9
E/InputDispatcher(  334): channel 'b2ebf4f8  (server)' ~ Channel is unrecoverably broken and will be disposed!
W/InputDispatcher(  334): Attempted to unregister already unregistered input channel 'b2ebf4f8  (server)'
I/WindowState(  334): WIN DEATH: Window{b2ebf4f8 u0 com.hi5.app}
