I/PackageManager(  334): Adding preferred activity ComponentInfo{com.android.mms/com.android.mms.ui.ComposeMessageActivity} for user 0 :
I/PackageManager(  334):   Action: "android.intent.action.SENDTO"
I/PackageManager(  334):   Category: "android.intent.category.DEFAULT"
I/PackageManager(  334):   Scheme: "smsto"
I/PackageManager(  334): Adding preferred activity ComponentInfo{com.android.mms/com.android.mms.ui.ComposeMessageActivity} for user 0 :
I/PackageManager(  334):   Action: "android.intent.action.SENDTO"
I/PackageManager(  334):   Category: "android.intent.category.DEFAULT"
I/PackageManager(  334):   Scheme: "mms"
I/PackageManager(  334): Adding preferred activity ComponentInfo{com.android.mms/com.android.mms.ui.ComposeMessageActivity} for user 0 :
I/PackageManager(  334):   Action: "android.intent.action.SENDTO"
I/PackageManager(  334):   Category: "android.intent.category.DEFAULT"
I/PackageManager(  334):   Scheme: "mmsto"
I/PackageManager(  334): Adding preferred activity ComponentInfo{com.android.mms/com.android.mms.ui.ComposeMessageActivity} for user 0 :
I/LatinIME:LogUtils(  581): Dictionary info: dictionary = main:en ; version = 42 ; date = 1381226429
D/dalvikvm(  334): GC_CONCURRENT freed 625K, 59% free 5528K/13172K, paused 62ms+16ms, total 258ms
D/dalvikvm(  334): WAIT_FOR_CONCURRENT_GC blocked 125ms
D/dalvikvm(  334): WAIT_FOR_CONCURRENT_GC blocked 25ms
I/LatinIME:LogUtils(  581): Dictionary info: dictionary = main:en ; version = 42 ; date = 1381226429
I/LatinIME:LogUtils(  581): Dictionary info: dictionary = main:en ; version = 42 ; date = 1381226429
I/LatinIME:LogUtils(  581): Dictionary info: dictionary = main:en ; version = 42 ; date = 1381226429
I/LatinIME:LogUtils(  581): Dictionary info: dictionary = main:en ; version = 42 ; date = 1381226429
E/BluetoothAdapter(  594): Bluetooth binder is null
I/LatinIME:LogUtils(  581): Dictionary info: dictionary = main:en ; version = 42 ; date = 1381226429
E/BluetoothAdapter(  594): Bluetooth binder is null
D/dalvikvm(  581): GC_CONCURRENT freed 289K, 15% free 3073K/3584K, paused 39ms+2ms, total 113ms
D/CallNotifier(  594): CallNotifier: mSignalInfoToneGenerator created when toneplay
E/BluetoothAdapter(  594): Bluetooth binder is null
D/MobileDataStateTracker(  334): fota: Broadcast received: android.intent.action.ANY_DATA_STATE apnType=fota
D/MobileDataStateTracker(  334): fota: Received state=DISCONNECTED, old=DISCONNECTED, reason=radioTurnedOff
D/MobileDataStateTracker(  334): ia: Broadcast received: android.intent.action.ANY_DATA_STATE apnType=ia
D/MobileDataStateTracker(  334): ia: Received state=DISCONNECTED, old=DISCONNECTED, reason=radioTurnedOff
D/MobileDataStateTracker(  334): supl: Broadcast received: android.intent.action.ANY_DATA_STATE apnType=supl
D/MobileDataStateTracker(  334): supl: Received state=DISCONNECTED, old=DISCONNECTED, reason=radioTurnedOff
D/MobileDataStateTracker(  334): hipri: Broadcast received: android.intent.action.ANY_DATA_STATE apnType=hipri
D/MobileDataStateTracker(  334): hipri: Received state=DISCONNECTED, old=DISCONNECTED, reason=radioTurnedOff
D/MobileDataStateTracker(  334): ims: Broadcast received: android.intent.action.ANY_DATA_STATE apnType=ims
D/MobileDataStateTracker(  334): ims: Received state=DISCONNECTED, old=DISCONNECTED, reason=radioTurnedOff
D/MobileDataStateTracker(  334): default: Broadcast received: android.intent.action.ANY_DATA_STATE apnType=default
D/MobileDataStateTracker(  334): default: Received state=DISCONNECTED, old=DISCONNECTED, reason=radioTurnedOff
D/MobileDataStateTracker(  334): mms: Broadcast received: android.intent.action.ANY_DATA_STATE apnType=mms
D/MobileDataStateTracker(  334): mms: Received state=DISCONNECTED, old=DISCONNECTED, reason=radioTurnedOff
D/MobileDataStateTracker(  334): cbs: Broadcast received: android.intent.action.ANY_DATA_STATE apnType=cbs
D/MobileDataStateTracker(  334): cbs: Received state=DISCONNECTED, old=DISCONNECTED, reason=radioTurnedOff
D/MobileDataStateTracker(  334): fota: Broadcast received: android.intent.action.ANY_DATA_STATE apnType=fota
D/MobileDataStateTracker(  334): fota: Received state=DISCONNECTED, old=DISCONNECTED, reason=radioTurnedOff
D/MobileDataStateTracker(  334): ia: Broadcast received: android.intent.action.ANY_DATA_STATE apnType=ia
D/MobileDataStateTracker(  334): ia: Received state=DISCONNECTED, old=DISCONNECTED, reason=radioTurnedOff
D/MobileDataStateTracker(  334): supl: Broadcast received: android.intent.action.ANY_DATA_STATE apnType=supl
D/MobileDataStateTracker(  334): supl: Received state=DISCONNECTED, old=DISCONNECTED, reason=radioTurnedOff
D/MobileDataStateTracker(  334): hipri: Broadcast received: android.intent.action.ANY_DATA_STATE apnType=hipri
D/MobileDataStateTracker(  334): hipri: Received state=DISCONNECTED, old=DISCONNECTED, reason=radioTurnedOff
D/MobileDataStateTracker(  334): ims: Broadcast received: android.intent.action.ANY_DATA_STATE apnType=ims
D/MobileDataStateTracker(  334): ims: Received state=DISCONNECTED, old=DISCONNECTED, reason=radioTurnedOff
D/MobileDataStateTracker(  334): default: Broadcast received: android.intent.action.ANY_DATA_STATE apnType=default
D/MobileDataStateTracker(  334): default: Received state=DISCONNECTED, old=DISCONNECTED, reason=radioTurnedOff
D/MobileDataStateTracker(  334): mms: Broadcast received: android.intent.action.ANY_DATA_STATE apnType=mms
D/MobileDataStateTracker(  334): mms: Received state=DISCONNECTED, old=DISCONNECTED, reason=radioTurnedOff
D/MobileDataStateTracker(  334): cbs: Broadcast received: android.intent.action.ANY_DATA_STATE apnType=cbs
D/MobileDataStateTracker(  334): cbs: Received state=DISCONNECTED, old=DISCONNECTED, reason=radioTurnedOff
D/MobileDataStateTracker(  334): fota: Broadcast received: android.intent.action.ANY_DATA_STATE apnType=fota
D/MobileDataStateTracker(  334): fota: Received state=DISCONNECTED, old=DISCONNECTED, reason=dataDetached
D/MobileDataStateTracker(  334): ia: Broadcast received: android.intent.action.ANY_DATA_STATE apnType=ia
D/dalvikvm(  594): GC_CONCURRENT freed 263K, 11% free 3046K/3392K, paused 2ms+10ms, total 72ms
D/MobileDataStateTracker(  334): ia: Received state=DISCONNECTED, old=DISCONNECTED, reason=dataDetached
D/MobileDataStateTracker(  334): supl: Broadcast received: android.intent.action.ANY_DATA_STATE apnType=supl
D/MobileDataStateTracker(  334): supl: Received state=DISCONNECTED, old=DISCONNECTED, reason=dataDetached
D/MobileDataStateTracker(  334): hipri: Broadcast received: android.intent.action.ANY_DATA_STATE apnType=hipri
D/MobileDataStateTracker(  334): hipri: Received state=DISCONNECTED, old=DISCONNECTED, reason=dataDetached
D/MobileDataStateTracker(  334): ims: Broadcast received: android.intent.action.ANY_DATA_STATE apnType=ims
D/MobileDataStateTracker(  334): ims: Received state=DISCONNECTED, old=DISCONNECTED, reason=dataDetached
D/MobileDataStateTracker(  334): default: Broadcast received: android.intent.action.ANY_DATA_STATE apnType=default
D/MobileDataStateTracker(  334): default: Received state=DISCONNECTED, old=DISCONNECTED, reason=dataDetached
D/MobileDataStateTracker(  334): mms: Broadcast received: android.intent.action.ANY_DATA_STATE apnType=mms
D/MobileDataStateTracker(  334): mms: Received state=DISCONNECTED, old=DISCONNECTED, reason=dataDetached
D/MobileDataStateTracker(  334): cbs: Broadcast received: android.intent.action.ANY_DATA_STATE apnType=cbs
D/MobileDataStateTracker(  334): cbs: Received state=DISCONNECTED, old=DISCONNECTED, reason=dataDetached
D/MobileDataStateTracker(  334): fota: Broadcast received: android.intent.action.ANY_DATA_STATE apnType=fota
D/MobileDataStateTracker(  334): fota: Received state=DISCONNECTED, old=DISCONNECTED, reason=roamingOff
D/MobileDataStateTracker(  334): ia: Broadcast received: android.intent.action.ANY_DATA_STATE apnType=ia
D/MobileDataStateTracker(  334): ia: Received state=DISCONNECTED, old=DISCONNECTED, reason=roamingOff
D/MobileDataStateTracker(  334): supl: Broadcast received: android.intent.action.ANY_DATA_STATE apnType=supl
D/MobileDataStateTracker(  334): supl: Received state=DISCONNECTED, old=DISCONNECTED, reason=roamingOff
D/MobileDataStateTracker(  334): hipri: Broadcast received: android.intent.action.ANY_DATA_STATE apnType=hipri
D/MobileDataStateTracker(  334): hipri: Received state=DISCONNECTED, old=DISCONNECTED, reason=roamingOff
D/MobileDataStateTracker(  334): ims: Broadcast received: android.intent.action.ANY_DATA_STATE apnType=ims
D/MobileDataStateTracker(  334): ims: Received state=DISCONNECTED, old=DISCONNECTED, reason=roamingOff
D/MobileDataStateTracker(  334): default: Broadcast received: android.intent.action.ANY_DATA_STATE apnType=default
D/MobileDataStateTracker(  334): default: Received state=DISCONNECTED, old=DISCONNECTED, reason=roamingOff
D/MobileDataStateTracker(  334): mms: Broadcast received: android.intent.action.ANY_DATA_STATE apnType=mms
D/MobileDataStateTracker(  334): mms: Received state=DISCONNECTED, old=DISCONNECTED, reason=roamingOff
D/MobileDataStateTracker(  334): cbs: Broadcast received: android.intent.action.ANY_DATA_STATE apnType=cbs
D/MobileDataStateTracker(  334): cbs: Received state=DISCONNECTED, old=DISCONNECTED, reason=roamingOff
D/MobileDataStateTracker(  334): fota: Broadcast received: android.intent.action.ANY_DATA_STATE apnType=fota
D/MobileDataStateTracker(  334): fota: Received state=DISCONNECTED, old=DISCONNECTED, reason=roamingOff
D/MobileDataStateTracker(  334): ia: Broadcast received: android.intent.action.ANY_DATA_STATE apnType=ia
D/MobileDataStateTracker(  334): ia: Received state=DISCONNECTED, old=DISCONNECTED, reason=roamingOff
D/MobileDataStateTracker(  334): supl: Broadcast received: android.intent.action.ANY_DATA_STATE apnType=supl
D/MobileDataStateTracker(  334): supl: Received state=DISCONNECTED, old=DISCONNECTED, reason=roamingOff
D/MobileDataStateTracker(  334): hipri: Broadcast received: android.intent.action.ANY_DATA_STATE apnType=hipri
D/MobileDataStateTracker(  334): hipri: Received state=DISCONNECTED, old=DISCONNECTED, reason=roamingOff
D/MobileDataStateTracker(  334): ims: Broadcast received: android.intent.action.ANY_DATA_STATE apnType=ims
D/MobileDataStateTracker(  334): ims: Received state=DISCONNECTED, old=DISCONNECTED, reason=roamingOff
D/MobileDataStateTracker(  334): default: Broadcast received: android.intent.action.ANY_DATA_STATE apnType=default
D/MobileDataStateTracker(  334): default: Received state=DISCONNECTED, old=DISCONNECTED, reason=roamingOff
D/MobileDataStateTracker(  334): mms: Broadcast received: android.intent.action.ANY_DATA_STATE apnType=mms
D/MobileDataStateTracker(  334): mms: Received state=DISCONNECTED, old=DISCONNECTED, reason=roamingOff
D/MobileDataStateTracker(  334): cbs: Broadcast received: android.intent.action.ANY_DATA_STATE apnType=cbs
D/MobileDataStateTracker(  334): cbs: Received state=DISCONNECTED, old=DISCONNECTED, reason=roamingOff
D/TelephonyDebugService(  594): TelephonyDebugService()
D/MccTable(  594): updateMccMncConfiguration: mcc=310, mnc=260
D/AlarmManagerService(  334): Kernel timezone updated to 240 minutes west of GMT
D/MccTable(  594): timezone set to America/New_York
D/MccTable(  594): getLocaleFromMcc to en_us mcc=310
D/MccTable(  594): getLocaleForLanguageCountry: got match
D/MccTable(  594): getLocaleForLanguageCountry: X locale=en_US
D/MccTable(  594): WIFI_COUNTRY_CODE set to us
I/WifiService(  334): WifiService trying to set country code to us with persist set to true
D/dalvikvm(  681): GC_CONCURRENT freed 175K, 9% free 2946K/3208K, paused 8ms+5ms, total 149ms
D/dalvikvm(  594): GC_CONCURRENT freed 280K, 11% free 3166K/3532K, paused 3ms+2ms, total 64ms
D/MobileDataStateTracker(  334): fota: Broadcast received: android.intent.action.ANY_DATA_STATE apnType=fota
D/MobileDataStateTracker(  334): fota: Received state=DISCONNECTED, old=DISCONNECTED, reason=dataAttached
D/MobileDataStateTracker(  334): ia: Broadcast received: android.intent.action.ANY_DATA_STATE apnType=ia
D/MobileDataStateTracker(  334): ia: Received state=DISCONNECTED, old=DISCONNECTED, reason=dataAttached
D/MobileDataStateTracker(  334): supl: Broadcast received: android.intent.action.ANY_DATA_STATE apnType=supl
D/MobileDataStateTracker(  334): supl: Received state=DISCONNECTED, old=DISCONNECTED, reason=dataAttached
D/MobileDataStateTracker(  334): hipri: Broadcast received: android.intent.action.ANY_DATA_STATE apnType=hipri
D/MobileDataStateTracker(  334): hipri: Received state=DISCONNECTED, old=DISCONNECTED, reason=dataAttached
D/MobileDataStateTracker(  334): ims: Broadcast received: android.intent.action.ANY_DATA_STATE apnType=ims
D/MobileDataStateTracker(  334): ims: Received state=DISCONNECTED, old=DISCONNECTED, reason=dataAttached
D/MobileDataStateTracker(  334): mms: Broadcast received: android.intent.action.ANY_DATA_STATE apnType=mms
D/MobileDataStateTracker(  334): mms: Received state=DISCONNECTED, old=DISCONNECTED, reason=dataAttached
D/MobileDataStateTracker(  334): cbs: Broadcast received: android.intent.action.ANY_DATA_STATE apnType=cbs
D/MobileDataStateTracker(  334): cbs: Received state=DISCONNECTED, old=DISCONNECTED, reason=dataAttached
D/MobileDataStateTracker(  334): fota: Broadcast received: android.intent.action.ANY_DATA_STATE apnType=fota
D/MobileDataStateTracker(  334): fota: Received state=DISCONNECTED, old=DISCONNECTED, reason=dataAttached
D/MobileDataStateTracker(  334): ia: Broadcast received: android.intent.action.ANY_DATA_STATE apnType=ia
D/MobileDataStateTracker(  334): ia: Received state=DISCONNECTED, old=DISCONNECTED, reason=dataAttached
D/MobileDataStateTracker(  334): supl: Broadcast received: android.intent.action.ANY_DATA_STATE apnType=supl
D/MobileDataStateTracker(  334): supl: Received state=DISCONNECTED, old=DISCONNECTED, reason=dataAttached
D/MobileDataStateTracker(  334): hipri: Broadcast received: android.intent.action.ANY_DATA_STATE apnType=hipri
D/MobileDataStateTracker(  334): hipri: Received state=DISCONNECTED, old=DISCONNECTED, reason=dataAttached
D/MobileDataStateTracker(  334): ims: Broadcast received: android.intent.action.ANY_DATA_STATE apnType=ims
D/MobileDataStateTracker(  334): ims: Received state=DISCONNECTED, old=DISCONNECTED, reason=dataAttached
D/MobileDataStateTracker(  334): mms: Broadcast received: android.intent.action.ANY_DATA_STATE apnType=mms
D/MobileDataStateTracker(  334): mms: Received state=DISCONNECTED, old=DISCONNECTED, reason=dataAttached
D/MobileDataStateTracker(  334): cbs: Broadcast received: android.intent.action.ANY_DATA_STATE apnType=cbs
D/MobileDataStateTracker(  334): cbs: Received state=DISCONNECTED, old=DISCONNECTED, reason=dataAttached
D/MccTable(  594): updateMccMncConfiguration: mcc=310, mnc=260
D/MccTable(  594): getLocaleFromMcc to en_us mcc=310
D/MccTable(  594): getLocaleForLanguageCountry: got match
D/MccTable(  594): getLocaleForLanguageCountry: X locale=en_US
D/MccTable(  594): updateMccMncConfiguration updateConfig config={1.0 310mcc260mnc en_US ldltr ?swdp ?wdp ?hdp ?density ?lsize ?long ?orien ?uimode ?night ?touch ?keyb/?/? ?nav/?}
D/dalvikvm(  334): GC_CONCURRENT freed 751K, 59% free 5436K/13172K, paused 8ms+24ms, total 498ms
I/ActivityManager(  334): Config changes=3 {1.0 310mcc260mnc en_US ldltr sw480dp w480dp h839dp 160dpi lrg long port finger -keyb/v/h tball/v s.6}
D/PermissionCache(   57): checking android.permission.READ_FRAME_BUFFER for uid=1000 => granted (896 us)
D/PhoneStatusBar(  448): mSettingsPanelGravity = 55
D/gralloc (   57): Registering a buffer in the process that created it. This may cause memory ordering problems.
E/libEGL  (   57): called unimplemented OpenGL ES API
E/libEGL  (   57): called unimplemented OpenGL ES API
E/libEGL  (   57): called unimplemented OpenGL ES API
E/libEGL  (   57): called unimplemented OpenGL ES API
E/SurfaceFlinger(   57): glCheckFramebufferStatusOES error 133210441
E/SurfaceFlinger(   57): got GL_FRAMEBUFFER_COMPLETE_OES error while taking screenshot
E/libEGL  (   57): called unimplemented OpenGL ES API
E/libEGL  (   57): called unimplemented OpenGL ES API
I/ARMAssembler(   57): generated scanline__00000077:03515104_00008001_00000000 [113 ipp] (134 ins) at [0xb5adb1f0:0xb5adb408] in 20000000 ns
D/MccTable(  594): updateMccMncConfiguration: mcc=310, mnc=260
D/MccTable(  594): getLocaleFromMcc to en_us mcc=310
D/MccTable(  594): getLocaleForLanguageCountry: skipping already persisted
D/MccTable(  594): getLocaleForLanguageCountry: X locale=null
D/MccTable(  594): updateMccMncConfiguration updateConfig config={1.0 310mcc260mnc ?locale ?layoutDir ?swdp ?wdp ?hdp ?density ?lsize ?long ?orien ?uimode ?night ?touch ?keyb/?/? ?nav/?}
D/dalvikvm(  594): GC_CONCURRENT freed 316K, 11% free 3338K/3740K, paused 5ms+15ms, total 53ms
D/dalvikvm(  681): GC_FOR_ALLOC freed 35K, 5% free 3068K/3208K, paused 1061ms, total 1063ms
I/dalvikvm-heap(  681): Grow heap (frag case) to 3.689MB for 640016-byte allocation
D/dalvikvm(  594): GC_CONCURRENT freed 500K, 16% free 3301K/3888K, paused 10ms+58ms, total 128ms
D/MobileDataStateTracker(  334): fota: Broadcast received: android.intent.action.ANY_DATA_STATE apnType=fota
D/MobileDataStateTracker(  334): fota: Received state=DISCONNECTED, old=DISCONNECTED, reason=simLoaded
D/MobileDataStateTracker(  334): ia: Broadcast received: android.intent.action.ANY_DATA_STATE apnType=ia
D/MobileDataStateTracker(  334): ia: Received state=DISCONNECTED, old=DISCONNECTED, reason=simLoaded
D/MobileDataStateTracker(  334): supl: Broadcast received: android.intent.action.ANY_DATA_STATE apnType=supl
D/MobileDataStateTracker(  334): supl: Received state=DISCONNECTED, old=DISCONNECTED, reason=simLoaded
D/MobileDataStateTracker(  334): hipri: Broadcast received: android.intent.action.ANY_DATA_STATE apnType=hipri
D/MobileDataStateTracker(  334): hipri: Received state=DISCONNECTED, old=DISCONNECTED, reason=simLoaded
D/MobileDataStateTracker(  334): ims: Broadcast received: android.intent.action.ANY_DATA_STATE apnType=ims
D/MobileDataStateTracker(  334): ims: Received state=DISCONNECTED, old=DISCONNECTED, reason=simLoaded
D/MobileDataStateTracker(  334): mms: Broadcast received: android.intent.action.ANY_DATA_STATE apnType=mms
D/MobileDataStateTracker(  334): mms: Received state=DISCONNECTED, old=DISCONNECTED, reason=simLoaded
D/MobileDataStateTracker(  334): cbs: Broadcast received: android.intent.action.ANY_DATA_STATE apnType=cbs
D/MobileDataStateTracker(  334): cbs: Received state=DISCONNECTED, old=DISCONNECTED, reason=simLoaded
D/MobileDataStateTracker(  334): default: Broadcast received: android.intent.action.ANY_DATA_STATE apnType=default
D/MobileDataStateTracker(  334): default: Received state=CONNECTING, old=DISCONNECTED, reason=simLoaded
D/MobileDataStateTracker(  334): default: setDetailed state, old =IDLE and new state=CONNECTING
D/MobileDataStateTracker(  334): fota: Broadcast received: android.intent.action.ANY_DATA_STATE apnType=fota
D/MobileDataStateTracker(  334): fota: Received state=DISCONNECTED, old=DISCONNECTED, reason=simLoaded
D/MobileDataStateTracker(  334): ia: Broadcast received: android.intent.action.ANY_DATA_STATE apnType=ia
D/MobileDataStateTracker(  334): ia: Received state=DISCONNECTED, old=DISCONNECTED, reason=simLoaded
D/MobileDataStateTracker(  334): supl: Broadcast received: android.intent.action.ANY_DATA_STATE apnType=supl
D/MobileDataStateTracker(  334): supl: Received state=DISCONNECTED, old=DISCONNECTED, reason=simLoaded
D/MobileDataStateTracker(  334): hipri: Broadcast received: android.intent.action.ANY_DATA_STATE apnType=hipri
D/MobileDataStateTracker(  334): hipri: Received state=DISCONNECTED, old=DISCONNECTED, reason=simLoaded
D/MobileDataStateTracker(  334): ims: Broadcast received: android.intent.action.ANY_DATA_STATE apnType=ims
D/MobileDataStateTracker(  334): ims: Received state=DISCONNECTED, old=DISCONNECTED, reason=simLoaded
D/MobileDataStateTracker(  334): mms: Broadcast received: android.intent.action.ANY_DATA_STATE apnType=mms
D/MobileDataStateTracker(  334): mms: Received state=DISCONNECTED, old=DISCONNECTED, reason=simLoaded
D/MobileDataStateTracker(  334): cbs: Broadcast received: android.intent.action.ANY_DATA_STATE apnType=cbs
D/MobileDataStateTracker(  334): cbs: Received state=DISCONNECTED, old=DISCONNECTED, reason=simLoaded
D/dalvikvm(  681): GC_FOR_ALLOC freed 3K, 4% free 3690K/3836K, paused 51ms, total 407ms
D/MobileDataStateTracker(  334): default: Broadcast received: android.intent.action.ANY_DATA_STATE apnType=default
D/MobileDataStateTracker(  334): default: Received state=CONNECTED, old=CONNECTING, reason=connected
D/MobileDataStateTracker(  334): default: setDetailed state, old =CONNECTING and new state=CONNECTED
D/ConnectivityService(  334): ConnectivityChange for mobile: CONNECTED/CONNECTED
D/ConnectivityService(  334): ConnectivityChange checkMobileProvisioning for TYPE_MOBILE or ProvisioningNetwork
D/ConnectivityService(  334): checkMobileProvisioning: E suggestedTimeOutMs=60000
D/ConnectivityService(  334): setProvNotificationVisible: E visible=false networkType=5 extraInfo=null url=null
D/ConnectivityService(  334): checkMobileProvisioning: params={ url=http://clients3.google.com/generate_204 mTimeOutMs=60000 mCb=com.android.server.ConnectivityService$5@b32a8be8}
D/ConnectivityService(  334): checkMobileProvisioning: X
D/dalvikvm(  594): GC_CONCURRENT freed 417K, 15% free 3319K/3888K, paused 6ms+2ms, total 213ms
D/Nat464Xlat(  334): requiresClat: netType=0, hasIPv4Address=true
D/dalvikvm(  681): GC_CONCURRENT freed 7K, 4% free 3688K/3836K, paused 253ms+2ms, total 361ms
I/NetworkPolicy(  334): no policy for active mobile network; generating default policy
D/MobileDataStateTracker(  334): default: setPolicyDataEnable(enabled=true)
D/dalvikvm(  334): GC_CONCURRENT freed 464K, 58% free 5574K/13172K, paused 15ms+40ms, total 354ms
W/ProcessCpuTracker(  334): Skipping unknown process pid 742
W/Resources(  681): Converting to int: TypedValue{t=0x3/d=0x12 "4" a=-1}
W/Resources(  681): Converting to int: TypedValue{t=0x3/d=0xf "1" a=-1}
W/Resources(  681): Converting to int: TypedValue{t=0x3/d=0x15 "2" a=-1}
W/Resources(  681): Converting to int: TypedValue{t=0x3/d=0x15 "2" a=-1}
W/Launcher.LauncherProvider(  681): Unable to add favorite: com.android.camera2/com.android.camera.CameraLauncher
W/Launcher.LauncherProvider(  681): android.content.pm.PackageManager$NameNotFoundException: ComponentInfo{com.android.camera2/com.android.camera.CameraLauncher}
W/Launcher.LauncherProvider(  681): 	at android.app.ApplicationPackageManager.getActivityInfo(ApplicationPackageManager.java:242)
W/Launcher.LauncherProvider(  681): 	at com.android.launcher2.LauncherProvider$DatabaseHelper.addAppShortcut(LauncherProvider.java:959)
W/Launcher.LauncherProvider(  681): 	at com.android.launcher2.LauncherProvider$DatabaseHelper.loadFavorites(LauncherProvider.java:863)
W/Launcher.LauncherProvider(  681): 	at com.android.launcher2.LauncherProvider$DatabaseHelper.access$000(LauncherProvider.java:253)
W/Launcher.LauncherProvider(  681): 	at com.android.launcher2.LauncherProvider.loadDefaultFavoritesIfNecessary(LauncherProvider.java:237)
W/Launcher.LauncherProvider(  681): 	at com.android.launcher2.LauncherModel$LoaderTask.loadWorkspace(LauncherModel.java:1278)
W/Launcher.LauncherProvider(  681): 	at com.android.launcher2.LauncherModel$LoaderTask.loadAndBindWorkspace(LauncherModel.java:1020)
W/Launcher.LauncherProvider(  681): 	at com.android.launcher2.LauncherModel$LoaderTask.run(LauncherModel.java:1126)
W/Launcher.LauncherProvider(  681): 	at android.os.Handler.handleCallback(Handler.java:733)
W/Launcher.LauncherProvider(  681): 	at android.os.Handler.dispatchMessage(Handler.java:95)
W/Launcher.LauncherProvider(  681): 	at android.os.Looper.loop(Looper.java:136)
W/Launcher.LauncherProvider(  681): 	at android.os.HandlerThread.run(HandlerThread.java:61)
W/Launcher.LauncherProvider(  681): Unable to add favorite: com.android.gallery3d/com.android.gallery3d.app.Gallery
W/Launcher.LauncherProvider(  681): android.content.pm.PackageManager$NameNotFoundException: ComponentInfo{com.android.gallery3d/com.android.gallery3d.app.Gallery}
W/Launcher.LauncherProvider(  681): 	at android.app.ApplicationPackageManager.getActivityInfo(ApplicationPackageManager.java:242)
W/Launcher.LauncherProvider(  681): 	at com.android.launcher2.LauncherProvider$DatabaseHelper.addAppShortcut(LauncherProvider.java:959)
W/Launcher.LauncherProvider(  681): 	at com.android.launcher2.LauncherProvider$DatabaseHelper.loadFavorites(LauncherProvider.java:863)
W/Launcher.LauncherProvider(  681): 	at com.android.launcher2.LauncherProvider$DatabaseHelper.access$000(LauncherProvider.java:253)
W/Launcher.LauncherProvider(  681): 	at com.android.launcher2.LauncherProvider.loadDefaultFavoritesIfNecessary(LauncherProvider.java:237)
W/Launcher.LauncherProvider(  681): 	at com.android.launcher2.LauncherModel$LoaderTask.loadWorkspace(LauncherModel.java:1278)
W/Launcher.LauncherProvider(  681): 	at com.android.launcher2.LauncherModel$LoaderTask.loadAndBindWorkspace(LauncherModel.java:1020)
W/Launcher.LauncherProvider(  681): 	at com.android.launcher2.LauncherModel$LoaderTask.run(LauncherModel.java:1126)
W/Launcher.LauncherProvider(  681): 	at android.os.Handler.handleCallback(Handler.java:733)
W/Launcher.LauncherProvider(  681): 	at android.os.Handler.dispatchMessage(Handler.java:95)
W/Launcher.LauncherProvider(  681): 	at android.os.Looper.loop(Looper.java:136)
W/Launcher.LauncherProvider(  681): 	at android.os.HandlerThread.run(HandlerThread.java:61)
I/SurfaceFlinger(   57): Boot is finished (77541 ms)
D/dalvikvm(  681): GC_CONCURRENT freed 218K, 8% free 3867K/4176K, paused 31ms+22ms, total 122ms
D/MobileDataStateTracker(  334): default: isProvisioningNetwork: retVal=false
D/ConnectivityService(  334): [CheckMp] isMobileOk: isDefaultProvisioning=false
D/MobileDataStateTracker(  334): hipri: isProvisioningNetwork: retVal=false
D/ConnectivityService(  334): [CheckMp] isMobileOk: isHipriProvisioning=false
D/ConnectivityService(  334): [CheckMp] isMobileOk: start hipri url=http://clients3.google.com/generate_204
W/Launcher.Model(  681): Desktop items loading interrupted:
W/Launcher.Model(  681): java.lang.NullPointerException
W/Launcher.Model(  681): 	at com.android.launcher2.LauncherModel$LoaderTask.checkItemPlacement(LauncherModel.java:1226)
W/Launcher.Model(  681): 	at com.android.launcher2.LauncherModel$LoaderTask.loadWorkspace(LauncherModel.java:1383)
W/Launcher.Model(  681): 	at com.android.launcher2.LauncherModel$LoaderTask.loadAndBindWorkspace(LauncherModel.java:1020)
W/Launcher.Model(  681): 	at com.android.launcher2.LauncherModel$LoaderTask.run(LauncherModel.java:1126)
W/Launcher.Model(  681): 	at android.os.Handler.handleCallback(Handler.java:733)
W/Launcher.Model(  681): 	at android.os.Handler.dispatchMessage(Handler.java:95)
W/Launcher.Model(  681): 	at android.os.Looper.loop(Looper.java:136)
W/Launcher.Model(  681): 	at android.os.HandlerThread.run(HandlerThread.java:61)
W/ActivityManager(  334): Launch timeout has expired, giving up wake lock!
E/NetdConnector(  334): NDC Command {12 bandwidth setiquota eth0 9223372036854775807} took too long (2165ms)
I/InputReader(  334): Reconfiguring input devices.  changes=0x00000010
D/Launcher.Model(  681): Reload apps on config change. curr_mcc:310 prevmcc:0
I/Choreographer(  681): Skipped 287 frames!  The application may be doing too much work on its main thread.
D/MobileDataStateTracker(  334): default: setPolicyDataEnable(enabled=true)
I/PackageManager(  334):   Action: "android.intent.action.SENDTO"
I/PackageManager(  334):   Category: "android.intent.category.DEFAULT"
I/PackageManager(  334):   Scheme: "sms"
I/PackageManager(  334): Adding preferred activity ComponentInfo{com.android.mms/com.android.mms.ui.ComposeMessageActivity} for user 0 :
D/Tethering(  334): MasterInitialState.processMessage what=3
D/CaptivePortalTracker(  334): NoActiveNetworkState{ when=-1ms what=1 obj=NetworkInfo: type: mobile[UMTS], state: CONNECTED/CONNECTED, reason: connected, extra: epc.tmobile.com, roaming: false, failover: false, isAvailable: true, isConnectedToProvisioningNetwork: false target=com.android.internal.util.StateMachine$SmHandler }
D/CaptivePortalTracker(  334): NoActiveNetworkState not a wifi connectivity change, ignore
W/WindowManager(  334): App freeze timeout expired.
W/WindowManager(  334): Force clearing freeze: AppWindowToken{b2ef4d10 token=Token{b31269d0 ActivityRecord{b34f7dd8 u0 com.android.launcher/com.android.launcher2.Launcher t3}}}
D/dalvikvm(  681): GC_CONCURRENT freed 242K, 8% free 4030K/4352K, paused 34ms+3ms, total 425ms
E/NetdConnector(  334): NDC Command {13 bandwidth removeiquota eth0} took too long (792ms)
I/PackageManager(  334):   Action: "android.intent.action.SENDTO"
I/PackageManager(  334):   Category: "android.intent.category.DEFAULT"
I/PackageManager(  334):   Scheme: "smsto"
I/PackageManager(  334): Adding preferred activity ComponentInfo{com.android.mms/com.android.mms.ui.ComposeMessageActivity} for user 0 :
D/dalvikvm(  334): GC_CONCURRENT freed 524K, 57% free 5667K/13172K, paused 19ms+26ms, total 135ms
I/PackageManager(  334):   Action: "android.intent.action.SENDTO"
I/PackageManager(  334):   Category: "android.intent.category.DEFAULT"
I/PackageManager(  334):   Scheme: "mms"
I/PackageManager(  334): Adding preferred activity ComponentInfo{com.android.mms/com.android.mms.ui.ComposeMessageActivity} for user 0 :
I/PackageManager(  334):   Action: "android.intent.action.SENDTO"
I/PackageManager(  334):   Category: "android.intent.category.DEFAULT"
I/PackageManager(  334):   Scheme: "mmsto"
I/PackageManager(  334): Adding preferred activity ComponentInfo{com.android.mms/com.android.mms.ui.ComposeMessageActivity} for user 0 :
I/PackageManager(  334): Adding preferred activity ComponentInfo{com.android.mms/com.android.mms.ui.ComposeMessageActivity} for user 0 :
I/PackageManager(  334):   Action: "android.intent.action.SENDTO"
I/PackageManager(  334):   Category: "android.intent.category.DEFAULT"
I/PackageManager(  334):   Scheme: "sms"
I/PackageManager(  334):   Action: "android.intent.action.SENDTO"
I/PackageManager(  334):   Category: "android.intent.category.DEFAULT"
I/PackageManager(  334):   Scheme: "smsto"
I/PackageManager(  334): Adding preferred activity ComponentInfo{com.android.mms/com.android.mms.ui.ComposeMessageActivity} for user 0 :
D/dalvikvm(  594): GC_CONCURRENT freed 339K, 14% free 3381K/3916K, paused 4ms+79ms, total 339ms
I/PackageManager(  334):   Action: "android.intent.action.SENDTO"
I/PackageManager(  334):   Category: "android.intent.category.DEFAULT"
I/PackageManager(  334):   Scheme: "mms"
I/PackageManager(  334): Adding preferred activity ComponentInfo{com.android.mms/com.android.mms.ui.ComposeMessageActivity} for user 0 :
I/Choreographer(  681): Skipped 372 frames!  The application may be doing too much work on its main thread.
I/PackageManager(  334):   Action: "android.intent.action.SENDTO"
I/PackageManager(  334):   Category: "android.intent.category.DEFAULT"
I/PackageManager(  334):   Scheme: "mmsto"
I/PackageManager(  334): Adding preferred activity ComponentInfo{com.android.mms/com.android.mms.ui.ComposeMessageActivity} for user 0 :
W/WindowManager(  334): Window freeze timeout expired.
W/WindowManager(  334): Force clearing orientation change: Window{b37471b8 u0 com.android.launcher/com.android.launcher2.Launcher}
I/WindowManager(  334): Screen frozen for +7s157ms due to Window{b37471b8 u0 com.android.launcher/com.android.launcher2.Launcher}
D/gralloc_goldfish(  681): Emulator without GPU emulation detected.
I/Choreographer(  334): Skipped 201 frames!  The application may be doing too much work on its main thread.
I/ARMAssembler(   57): generated scanline__00000077:03515104_00009001_00000000 [131 ipp] (153 ins) at [0xb5adb410:0xb5adb674] in 10000000 ns
I/Choreographer(  334): Skipped 161 frames!  The application may be doing too much work on its main thread.
D/dalvikvm(  681): GC_FOR_ALLOC freed 128K, 9% free 4016K/4368K, paused 1179ms, total 1220ms
W/ProcessCpuTracker(  334): Skipping unknown process pid 787
D/dalvikvm(  334): GC_CONCURRENT freed 879K, 58% free 5535K/13172K, paused 15ms+250ms, total 4373ms
D/dalvikvm(  334): WAIT_FOR_CONCURRENT_GC blocked 2593ms
D/dalvikvm(  334): WAIT_FOR_CONCURRENT_GC blocked 870ms
I/dalvikvm-heap(  681): Grow heap (frag case) to 5.541MB for 1610896-byte allocation
E/NetdConnector(  334): NDC Command {14 bandwidth setiquota eth0 9223372036854775807} took too long (6387ms)
D/dalvikvm(  334): GC_EXPLICIT freed 26K, 59% free 5518K/13172K, paused 27ms+181ms, total 703ms
D/dalvikvm(  681): GC_FOR_ALLOC freed 117K, 8% free 5472K/5936K, paused 786ms, total 786ms
D/MobileDataStateTracker(  334): default: setPolicyDataEnable(enabled=true)
D/dalvikvm(  681): GC_FOR_ALLOC freed <1K, 8% free 5472K/5936K, paused 79ms, total 79ms
I/dalvikvm-heap(  681): Grow heap (frag case) to 6.962MB for 1610896-byte allocation
W/ActivityManager(  334): Activity destroy timeout for ActivityRecord{b31290a8 u0 com.android.settings/.CryptKeeper t1 f}
E/NetdConnector(  334): NDC Command {15 bandwidth setglobalalert 2097152} took too long (622ms)
D/dalvikvm(  681): GC_FOR_ALLOC freed 0K, 7% free 7045K/7512K, paused 545ms, total 545ms
D/dalvikvm(  681): GC_CONCURRENT freed 2K, 7% free 7086K/7556K, paused 36ms+91ms, total 499ms
I/ActivityManager(  334): Displayed com.android.launcher/com.android.launcher2.Launcher: +18s286ms (total +22s33ms)
I/Choreographer(  334): Skipped 35 frames!  The application may be doing too much work on its main thread.
D/dalvikvm(  448): GC_FOR_ALLOC freed 3148K, 48% free 3586K/6820K, paused 242ms, total 257ms
I/dalvikvm-heap(  448): Grow heap (frag case) to 6.510MB for 3072016-byte allocation
I/Choreographer(  334): Skipped 32 frames!  The application may be doing too much work on its main thread.
I/Choreographer(  681): Skipped 67 frames!  The application may be doing too much work on its main thread.
I/Choreographer(  334): Skipped 31 frames!  The application may be doing too much work on its main thread.
D/dalvikvm(  448): GC_CONCURRENT freed 9K, 4% free 6576K/6820K, paused 337ms+2ms, total 689ms
I/Choreographer(  681): Skipped 183 frames!  The application may be doing too much work on its main thread.
D/AndroidRuntime(  791): 
D/AndroidRuntime(  791): >>>>>> AndroidRuntime START com.android.internal.os.RuntimeInit <<<<<<
D/AndroidRuntime(  791): CheckJNI is ON
D/dalvikvm(  791): Trying to load lib libjavacore.so 0x0
D/dalvikvm(  791): Added shared lib libjavacore.so 0x0
D/dalvikvm(  791): Trying to load lib libnativehelper.so 0x0
D/dalvikvm(  791): Added shared lib libnativehelper.so 0x0
D/dalvikvm(  791): No JNI_OnLoad found in libnativehelper.so 0x0, skipping init
I/Choreographer(  681): Skipped 450 frames!  The application may be doing too much work on its main thread.
D/ConnectivityService(  334): startUsingNetworkFeature reconnecting to 0: enableHIPRI
D/dalvikvm(  791): Note: class Landroid/app/ActivityManagerNative; has 179 unimplemented (abstract) methods
I/Choreographer(  681): Skipped 78 frames!  The application may be doing too much work on its main thread.
D/ConnectivityService(  334): startUsingNetworkFeature X: return APN_REQUEST_STARTED
E/ConnectivityService(  334): startUsingNetworkFeature took too long: 14224ms
D/ConnectivityService(  334): [CheckMp] isMobileOk: hipri started
D/ConnectivityService(  334): [CheckMp] isMobileOk: not connected ni=NetworkInfo: type: mobile_hipri[UMTS], state: DISCONNECTED/IDLE, reason: (unspecified), extra: (none), roaming: false, failover: false, isAvailable: true, isConnectedToProvisioningNetwork: false
D/MobileDataStateTracker(  334): hipri: Broadcast received: android.intent.action.ANY_DATA_STATE apnType=hipri
D/MobileDataStateTracker(  334): hipri: Received state=CONNECTING, old=DISCONNECTED, reason=dataEnabled
D/MobileDataStateTracker(  334): hipri: setDetailed state, old =IDLE and new state=CONNECTING
D/MobileDataStateTracker(  334): fota: Broadcast received: android.intent.action.ANY_DATA_STATE apnType=fota
D/MobileDataStateTracker(  334): fota: Received state=DISCONNECTED, old=DISCONNECTED, reason=dataEnabled
D/MobileDataStateTracker(  334): ia: Broadcast received: android.intent.action.ANY_DATA_STATE apnType=ia
D/MobileDataStateTracker(  334): ia: Received state=DISCONNECTED, old=DISCONNECTED, reason=dataEnabled
D/MobileDataStateTracker(  334): supl: Broadcast received: android.intent.action.ANY_DATA_STATE apnType=supl
D/MobileDataStateTracker(  334): supl: Received state=DISCONNECTED, old=DISCONNECTED, reason=dataEnabled
D/MobileDataStateTracker(  334): ims: Broadcast received: android.intent.action.ANY_DATA_STATE apnType=ims
D/MobileDataStateTracker(  334): ims: Received state=DISCONNECTED, old=DISCONNECTED, reason=dataEnabled
D/MobileDataStateTracker(  334): mms: Broadcast received: android.intent.action.ANY_DATA_STATE apnType=mms
D/MobileDataStateTracker(  334): mms: Received state=DISCONNECTED, old=DISCONNECTED, reason=dataEnabled
D/MobileDataStateTracker(  334): cbs: Broadcast received: android.intent.action.ANY_DATA_STATE apnType=cbs
D/MobileDataStateTracker(  334): cbs: Received state=DISCONNECTED, old=DISCONNECTED, reason=dataEnabled
D/MobileDataStateTracker(  334): hipri: Broadcast received: android.intent.action.ANY_DATA_STATE apnType=hipri
D/MobileDataStateTracker(  334): hipri: Received state=CONNECTED, old=CONNECTING, reason=dataEnabled
D/MobileDataStateTracker(  334): hipri: setDetailed state, old =CONNECTING and new state=CONNECTED
D/ConnectivityService(  334): ConnectivityChange for mobile_hipri: CONNECTED/CONNECTED
E/memtrack(  791): Couldn't load memtrack module (No such file or directory)
E/android.os.Debug(  791): failed to load memtrack module: -2
E/logwrapper(  800): executing /system/bin/ip failed: No such file or directory
E/ConnectivityService(  334): Exception trying to add a route: java.lang.IllegalStateException: command '21 interface fwmark exempt add 10.0.2.2/32' failed with '400 21 Failed to add exemption rule (File exists)'
E/logwrapper(  801): executing /system/bin/ip failed: No such file or directory
E/ConnectivityService(  334): Exception trying to add a route: java.lang.IllegalStateException: command '23 interface fwmark exempt add 10.0.2.3/32' failed with '400 23 Failed to add exemption rule (File exists)'
D/dalvikvm(  594): GC_CONCURRENT freed 506K, 16% free 3300K/3912K, paused 3ms+159ms, total 519ms
E/logwrapper(  802): executing /system/bin/ip failed: No such file or directory
E/ConnectivityService(  334): Exception trying to add a route: java.lang.IllegalStateException: command '25 interface fwmark exempt add 10.0.2.2/32' failed with '400 25 Failed to add exemption rule (File exists)'
E/logwrapper(  803): executing /system/bin/ip failed: No such file or directory
E/ConnectivityService(  334): Exception trying to add a route: java.lang.IllegalStateException: command '27 interface fwmark exempt add 10.0.2.4/32' failed with '400 27 Failed to add exemption rule (File exists)'
E/logwrapper(  804): executing /system/bin/ip failed: No such file or directory
E/SecondaryTablController(   54): ip route add failed: /system/bin/ip route add 10.0.2.2/32 via 0.0.0.0 dev eth0 table 60
W/FrameworkListener(   54): Handler 'interface' error (No such device)
E/ConnectivityService(  334): Exception trying to add a route: java.lang.IllegalStateException: command '28 interface route add eth0 secondary 10.0.2.2 32 0.0.0.0' failed with '400 28 ip route modification failed (No such device)'
E/logwrapper(  805): executing /system/bin/ip failed: No such file or directory
E/SecondaryTablController(   54): ip route add failed: /system/bin/ip route add 0.0.0.0/0 via 10.0.2.2 dev eth0 table 60
W/FrameworkListener(   54): Handler 'interface' error (No such device)
E/ConnectivityService(  334): Exception trying to add a route: java.lang.IllegalStateException: command '29 interface route add eth0 secondary 0.0.0.0 0 10.0.2.2' failed with '400 29 ip route modification failed (No such device)'
D/Nat464Xlat(  334): requiresClat: netType=5, hasIPv4Address=true
D/MobileDataStateTracker(  334): default: setPolicyDataEnable(enabled=true)
D/MobileDataStateTracker(  334): hipri: isProvisioningNetwork: retVal=false
D/ConnectivityService(  334): [CheckMp] isMobileOk: isProvisioningNetwork is false, continue
W/NetworkPolicy(  334): shared quota unsupported; generating rule for each iface
D/AndroidRuntime(  791): Calling main entry com.android.commands.pm.Pm
D/ConnectivityService(  334): [CheckMp] isMobileOk: addresses=clients3.google.com/216.58.214.14
D/ConnectivityService(  334): [CheckMp] isMobileOk: linkHasIpv4=true linkHasIpv6=false
I/ActivityManager(  334): Start proc com.android.exchange for content provider com.android.exchange/.provider.ExchangeDirectoryProvider: pid=810 uid=10025 gids={50025, 3003, 1028, 1015}
I/MediaProvider(  615): Upgrading media database from version 0 to 700, which will destroy all old data
I/ActivityManager(  334): Start proc com.android.defcontainer for service com.android.defcontainer/.DefaultContainerService: pid=824 uid=10003 gids={50003, 1028, 1015, 1023, 2001, 1035}
E/NetdConnector(  334): NDC Command {30 bandwidth removeiquota eth0} took too long (1062ms)
D/dalvikvm(  334): GC_CONCURRENT freed 555K, 58% free 5565K/13172K, paused 8ms+298ms, total 689ms
E/NetdConnector(  334): NDC Command {32 interface route add eth0 default 10.0.2.2 32 0.0.0.0} took too long (1281ms)
E/NetdConnector(  334): NDC Command {31 bandwidth gettetherstats} took too long (1786ms)
I/ActivityManager(  334): Start proc com.android.email for content provider com.android.email/.provider.EmailProvider: pid=849 uid=10024 gids={50024, 3003, 1028, 1015}
D/CaptivePortalTracker(  334): NoActiveNetworkState{ when=-3ms what=1 obj=NetworkInfo: type: mobile_hipri[UMTS], state: CONNECTED/CONNECTED, reason: dataEnabled, extra: epc.tmobile.com, roaming: false, failover: false, isAvailable: true, isConnectedToProvisioningNetwork: false target=com.android.internal.util.StateMachine$SmHandler }
D/CaptivePortalTracker(  334): NoActiveNetworkState not a wifi connectivity change, ignore
D/Tethering(  334): MasterInitialState.processMessage what=3
D/ActivityThread(  849): Loading provider com.android.email.provider;com.android.email.notifier: com.android.email.provider.EmailProvider
D/ActivityThread(  849): Loading provider com.android.email.provider;com.android.email.notifier: com.android.email.provider.EmailProvider
E/logwrapper(  874): executing /system/bin/ip failed: No such file or directory
E/NetdConnector(  334): NDC Command {33 bandwidth setiquota eth0 9223372036854775807} took too long (2806ms)
E/NetdConnector(  334): NDC Command {34 interface fwmark exempt add 10.0.2.2/32} took too long (1303ms)
E/ConnectivityService(  334): Exception trying to add a route: java.lang.IllegalStateException: command '34 interface fwmark exempt add 10.0.2.2/32' failed with '400 34 Failed to add exemption rule (File exists)'
E/NetdConnector(  334): NDC Command {35 bandwidth removeiquota eth0} took too long (936ms)
E/NetdConnector(  334): NDC Command {36 interface route add eth0 default 216.58.214.14 32 10.0.2.2} took too long (926ms)
E/SQLiteLog(  615): (1) no such table: album_info
W/ProcessCpuTracker(  334): Skipping unknown process pid 885
I/ActivityManager(  334): Start proc com.android.externalstorage for broadcast com.android.externalstorage/.MountReceiver: pid=892 uid=10006 gids={50006, 1028, 1015, 1023}
I/DownloadManager(  615): Upgrading downloads database from version 0 to version 109, which will destroy all old data
W/ActivityManager(  334): No content provider found for permission revoke: file:///data/local/tmp/sample_for_analysis.apk
D/ExternalStorage(  892): Missing UUID for /storage/sdcard; skipping
D/ExternalStorage(  892): After updating volumes, found 0 active roots
E/logwrapper(  916): executing /system/bin/ip failed: No such file or directory
E/NetdConnector(  334): NDC Command {37 bandwidth setiquota eth0 9223372036854775807} took too long (1691ms)
E/NetdConnector(  334): NDC Command {38 interface fwmark exempt add 216.58.214.14/32} took too long (1691ms)
E/ConnectivityService(  334): Exception trying to add a route: java.lang.IllegalStateException: command '38 interface fwmark exempt add 216.58.214.14/32' failed with '400 38 Failed to add exemption rule (File exists)'
D/ConnectivityService(  334): requestRouteToHostAddress ok=false
D/ConnectivityService(  334): [CheckMp] isMobileOk: could not establish route to hostAddr=clients3.google.com/216.58.214.14
D/MobileDataStateTracker(  334): default: setPolicyDataEnable(enabled=true)
D/GpsLocationProvider(  334): NTP server returned: 1529071199658 (Fri Jun 15 09:59:59 EDT 2018) reference: 82575 certainty: 21 system time offset: -24778
D/dalvikvm(  681): GC_CONCURRENT freed 1911K, 24% free 6511K/8544K, paused 5ms+3ms, total 31ms
W/ActivityManager(  334): Unable to start service Intent { cmp=com.android.email/.service.AttachmentDownloadService } U=0: not found
W/ActivityManager(  334): Unable to start service Intent { cmp=com.android.email/.service.AttachmentDownloadService } U=0: not found
W/ActivityManager(  334): Unable to start service Intent { cmp=com.android.email/.service.AttachmentDownloadService } U=0: not found
I/Email   (  849): Observing account changes for notifications
D/dalvikvm(  849): GC_FOR_ALLOC freed 298K, 12% free 2912K/3300K, paused 44ms, total 44ms
W/ActivityManager(  334): No content provider found for permission revoke: file:///data/local/tmp/sample_for_analysis.apk
I/PackageManager(  334): Copying native libraries to /data/app-lib/vmdl74620812
D/dalvikvm(  334): GC_CONCURRENT freed 417K, 57% free 5739K/13172K, paused 17ms+4ms, total 72ms
D/dalvikvm(  615): GC_CONCURRENT freed 282K, 12% free 2920K/3288K, paused 6ms+2ms, total 119ms
D/dalvikvm(  334): GC_CONCURRENT freed 210K, 53% free 6195K/13172K, paused 6ms+8ms, total 72ms
D/dalvikvm(  849): GC_CONCURRENT freed 31K, 12% free 2915K/3300K, paused 23ms+2ms, total 38ms
D/dalvikvm(  334): GC_CONCURRENT freed 226K, 49% free 6756K/13172K, paused 20ms+10ms, total 93ms
D/ExternalStorage(  892): Missing UUID for /storage/sdcard; skipping
D/ExternalStorage(  892): After updating volumes, found 0 active roots
E/logwrapper(  920): executing /system/bin/ip failed: No such file or directory
E/ConnectivityService(  334): Exception trying to add a route: java.lang.IllegalStateException: command '41 interface fwmark exempt add 10.0.2.2/32' failed with '400 41 Failed to add exemption rule (File exists)'
E/logwrapper(  921): executing /system/bin/ip failed: No such file or directory
E/ConnectivityService(  334): Exception trying to add a route: java.lang.IllegalStateException: command '43 interface fwmark exempt add 216.58.214.14/32' failed with '400 43 Failed to add exemption rule (File exists)'
D/ConnectivityService(  334): requestRouteToHostAddress ok=false
D/ConnectivityService(  334): [CheckMp] isMobileOk: could not establish route to hostAddr=clients3.google.com/216.58.214.14
D/dalvikvm(  334): GC_CONCURRENT freed 617K, 47% free 7090K/13172K, paused 7ms+5ms, total 71ms
D/dalvikvm(  334): WAIT_FOR_CONCURRENT_GC blocked 55ms
D/dalvikvm(  334): GC_FOR_ALLOC freed 442K, 44% free 7410K/13172K, paused 58ms, total 58ms
D/dalvikvm(  334): GC_FOR_ALLOC freed 754K, 43% free 7625K/13172K, paused 56ms, total 56ms
D/dalvikvm(  334): GC_FOR_ALLOC freed 254K, 41% free 7880K/13172K, paused 55ms, total 55ms
I/dalvikvm-heap(  334): Grow heap (frag case) to 8.241MB for 478671-byte allocation
D/dalvikvm(  334): GC_FOR_ALLOC freed <1K, 39% free 8348K/13640K, paused 54ms, total 54ms
D/dalvikvm(  334): GC_FOR_ALLOC freed 752K, 41% free 8092K/13640K, paused 54ms, total 54ms
D/dalvikvm(  334): GC_FOR_ALLOC freed 254K, 39% free 8348K/13640K, paused 53ms, total 53ms
I/dalvikvm-heap(  334): Grow heap (frag case) to 8.697MB for 478671-byte allocation
D/dalvikvm(  334): GC_FOR_ALLOC freed 510K, 42% free 8304K/14108K, paused 53ms, total 54ms
D/dalvikvm(  334): GC_CONCURRENT freed 397K, 35% free 9232K/14108K, paused 8ms+6ms, total 98ms
D/dalvikvm(  334): GC_CONCURRENT freed 469K, 27% free 10314K/14108K, paused 8ms+23ms, total 135ms
D/dalvikvm(  334): GC_CONCURRENT freed 1370K, 24% free 10745K/14108K, paused 7ms+6ms, total 108ms
E/logwrapper(  922): executing /system/bin/ip failed: No such file or directory
E/ConnectivityService(  334): Exception trying to add a route: java.lang.IllegalStateException: command '45 interface fwmark exempt add 10.0.2.2/32' failed with '400 45 Failed to add exemption rule (File exists)'
E/logwrapper(  923): executing /system/bin/ip failed: No such file or directory
E/ConnectivityService(  334): Exception trying to add a route: java.lang.IllegalStateException: command '47 interface fwmark exempt add 216.58.214.14/32' failed with '400 47 Failed to add exemption rule (File exists)'
D/ConnectivityService(  334): requestRouteToHostAddress ok=false
D/ConnectivityService(  334): [CheckMp] isMobileOk: could not establish route to hostAddr=clients3.google.com/216.58.214.14
D/dalvikvm(  334): GC_CONCURRENT freed 618K, 15% free 12067K/14108K, paused 6ms+7ms, total 127ms
D/dalvikvm(  334): GC_FOR_ALLOC freed 2187K, 18% free 11686K/14204K, paused 117ms, total 117ms
D/dalvikvm(  334): GC_FOR_ALLOC freed 1625K, 18% free 11710K/14204K, paused 104ms, total 104ms
D/dalvikvm(  334): GC_FOR_ALLOC freed 1630K, 18% free 11714K/14204K, paused 104ms, total 105ms
D/dalvikvm(  334): GC_FOR_ALLOC freed 1627K, 18% free 11725K/14204K, paused 103ms, total 104ms
E/logwrapper(  924): executing /system/bin/ip failed: No such file or directory
E/ConnectivityService(  334): Exception trying to add a route: java.lang.IllegalStateException: command '49 interface fwmark exempt add 10.0.2.2/32' failed with '400 49 Failed to add exemption rule (File exists)'
E/logwrapper(  925): executing /system/bin/ip failed: No such file or directory
