--------- beginning of /dev/log/main
E/logwrapper(   41): executing /system/bin/e2fsck failed: No such file or directory
E/logwrapper(   47): executing /system/bin/e2fsck failed: No such file or directory
I/DEBUG   (   55): debuggerd: Feb 19 2015 02:21:57
I/installd(   61): installd firing up
E/cutils  (   61): Failed to read /data/.layout_version: No such file or directory
D/installd(   61): Upgrading /data/media for multi-user
I/qemu-props(   53): connected to 'boot-properties' qemud service.
I/qemu-props(   53): receiving..
I/qemu-props(   53): received: dalvik.vm.execution-mode=int:portable
I/qemu-props(   53): receiving..
I/qemu-props(   53): received: dalvik.vm.heapsize=48m
I/qemu-props(   53): receiving..
I/qemu-props(   53): received: qemu.sf.lcd_density=160
I/qemu-props(   53): receiving..
I/qemu-props(   53): received: qemu.hw.mainkeys=1
I/qemu-props(   53): receiving..
I/qemu-props(   53): received: qemu.sf.fake_camera=back
I/qemu-props(   53): receiving..
I/qemu-props(   53): exiting (5 properties set).
D/installd(   61): Upgrading to shared /data/media/obb
I/Netd    (   54): Netd 1.0 starting
--------- beginning of /dev/log/system
I/Vold    (   52): Vold 2.1 (the revenge) firing up
D/Vold    (   52): Volume sdcard state changing -1 (Initializing) -> 0 (No-Media)
W/InterfaceController(   54): Warning (dlopen failed: library "/system/lib/libnetcmdiface.so" not found) while opening the net interface command library
D/Vold    (   52): Volume sdcard state changing 0 (No-Media) -> 1 (Idle-Unmounted)
I/SurfaceFlinger(   57): SurfaceFlinger is starting
I/SurfaceFlinger(   57): SurfaceFlinger's main thread ready to run. Initializing graphics H/W...
D/libEGL  (   57): Emulator without GPU support detected. Fallback to software renderer.
D/libEGL  (   57): loaded /system/lib/egl/libGLES_android.so
D/gralloc_goldfish(   57): Emulator without GPU emulation detected.
I/gralloc (   57): using (fd=14)
I/gralloc (   57): id           = 
I/gralloc (   57): xres         = 480 px
I/gralloc (   57): yres         = 864 px
I/gralloc (   57): xres_virtual = 480 px
I/gralloc (   57): yres_virtual = 1728 px
I/gralloc (   57): bpp          = 16
I/gralloc (   57): r            = 11:5
I/gralloc (   57): g            =  5:6
I/gralloc (   57): b            =  0:5
I/gralloc (   57): width        = 74 mm (164.756760 dpi)
I/gralloc (   57): height       = 133 mm (165.004501 dpi)
I/gralloc (   57): refresh rate = 241.13 Hz
E/SurfaceFlinger(   57): hwcomposer module not found
W/SurfaceFlinger(   57): getting VSYNC period from fb HAL: 4147209
W/SurfaceFlinger(   57): no suitable EGLConfig found, trying a simpler query
W/SurfaceFlinger(   57): EGL_SLOW_CONFIG selected!
I/SurfaceFlinger(   57): EGL informations:
I/SurfaceFlinger(   57): vendor    : Android
I/SurfaceFlinger(   57): version   : 1.4 Android META-EGL
I/SurfaceFlinger(   57): extensions: EGL_KHR_get_all_proc_addresses EGL_ANDROID_presentation_time EGL_KHR_image_base EGL_KHR_fence_sync EGL_ANDROID_image_native_buffer 
I/SurfaceFlinger(   57): Client API: OpenGL_ES
I/SurfaceFlinger(   57): EGLSurface: 5-6-5-0, config=0x0
I/SurfaceFlinger(   57): OpenGL ES informations:
I/SurfaceFlinger(   57): vendor    : Android
I/SurfaceFlinger(   57): renderer  : Android PixelFlinger 1.4
I/SurfaceFlinger(   57): version   : OpenGL ES-CM 1.0
I/SurfaceFlinger(   57): extensions: GL_EXT_debug_marker GL_OES_byte_coordinates GL_OES_fixed_point GL_OES_single_precision GL_OES_read_format GL_OES_compressed_paletted_texture GL_OES_draw_texture GL_OES_matrix_get GL_OES_query_matrix GL_OES_EGL_image GL_OES_EGL_sync GL_OES_compressed_ETC1_RGB8_texture GL_ARB_texture_compression GL_ARB_texture_non_power_of_two GL_ANDROID_user_clip_plane GL_ANDROID_vertex_buffer_object GL_ANDROID_generate_mipmap 
I/SurfaceFlinger(   57): GL_MAX_TEXTURE_SIZE = 4096
I/SurfaceFlinger(   57): GL_MAX_VIEWPORT_DIMS = 4096
W/SurfaceFlinger(   57): power module not found
W/SurfaceFlinger(   57): power module not found
D/SurfaceFlinger(   57): Screen acquired, type=0 flinger=0xb8dc8450
I/mediaserver(   60): ServiceManager: 0xb7aa5460
I/AudioFlinger(   60): Using default 3000 mSec as standby time.
I/CameraService(   60): CameraService started (pid=60)
D/EmulatedCamera_QemuClient(   60): Emulated camera list: 
D/EmulatedCamera_FakeCamera(   60): Initialize: Fake camera is facing back
I/BootAnimation(  101): boot animation disabled
V/EmulatedCamera_Device(   60): initializeWhiteBalanceModes with auto, 1.000000, 1.000000
V/EmulatedCamera_Device(   60): initializeWhiteBalanceModes with incandescent, 1.380000, 0.600000
V/EmulatedCamera_Device(   60): initializeWhiteBalanceModes with daylight, 1.090000, 0.920000
V/EmulatedCamera_Device(   60): initializeWhiteBalanceModes with twilight, 0.920000, 1.220000
V/EmulatedCamera_Device(   60): setWhiteBalanceMode with white balance auto
I/CameraService(   60): Loaded "Emulated Camera Module" camera module
I/AudioPolicyManagerBase(   60): loadAudioPolicyConfig() loaded /system/etc/audio_policy.conf
I/AudioFlinger(   60): loadHwModule() Loaded primary audio interface from Generic audio HW HAL (audio) handle 1
I/AudioFlinger(   60): HAL output buffer size 1024 frames, normal mix buffer size 1024 frames
I/AudioMixer(   60): found effect "Multichannel Downmix To Stereo" from The Android Open Source Project
I/AudioFlinger(   60): Using module 1 has the primary audio interface
I/AudioFlinger(   60): AudioFlinger's thread 0xb5fd2008 ready to run
W/AudioFlinger(   60): Thread AudioOut_2 cannot connect to the power manager service
W/AudioFlinger(   60): Thread AudioOut_2 cannot connect to the power manager service
W/AudioFlinger(   60): Thread AudioOut_2 cannot connect to the power manager service
E/AudioFlinger(   60): no wake lock to update!
E/AudioFlinger(   60): int android::load_audio_interface(const char*, audio_hw_device_t**) couldn't load audio hw module audio.r_submix (No such file or directory)
I/AudioFlinger(   60): loadHwModule() error -2 loading module r_submix 
W/AudioPolicyManagerBase(   60): could not open HW module r_submix
I/AudioPolicyService(   60): Loaded audio policy from LEGACY Audio Policy HAL (audio_policy)
D/AndroidRuntime(   58): 
D/AndroidRuntime(   58): >>>>>> AndroidRuntime START com.android.internal.os.ZygoteInit <<<<<<
D/AndroidRuntime(   58): CheckJNI is ON
D/dalvikvm(   58): Trying to load lib libjavacore.so 0x0
D/dalvikvm(   58): Added shared lib libjavacore.so 0x0
D/dalvikvm(   58): Trying to load lib libnativehelper.so 0x0
D/dalvikvm(   58): Added shared lib libnativehelper.so 0x0
D/dalvikvm(   58): No JNI_OnLoad found in libnativehelper.so 0x0, skipping init
D/dalvikvm(   58): Note: class Landroid/app/ActivityManagerNative; has 179 unimplemented (abstract) methods
E/memtrack(   58): Couldn't load memtrack module (No such file or directory)
E/android.os.Debug(   58): failed to load memtrack module: -2
I/SamplingProfilerIntegration(   58): Profiling disabled.
I/Zygote  (   58): Preloading classes...
D/dalvikvm(   58): GC_EXPLICIT freed 39K, 8% free 520K/564K, paused 1ms+1ms, total 19ms
D/dalvikvm(   58): GC_EXPLICIT freed 2K, 4% free 594K/616K, paused 0ms+1ms, total 15ms
D/dalvikvm(   58): GC_EXPLICIT freed 16K, 3% free 637K/656K, paused 0ms+2ms, total 17ms
D/dalvikvm(   58): GC_EXPLICIT freed 20K, 4% free 671K/696K, paused 1ms+1ms, total 40ms
D/dalvikvm(   58): GC_EXPLICIT freed 10K, 3% free 715K/732K, paused 0ms+1ms, total 26ms
D/dalvikvm(   58): GC_EXPLICIT freed 27K, 5% free 744K/776K, paused 0ms+1ms, total 5ms
D/dalvikvm(   58): GC_EXPLICIT freed 35K, 5% free 814K/852K, paused 1ms+1ms, total 17ms
D/dalvikvm(   58): GC_EXPLICIT freed 29K, 4% free 841K/872K, paused 1ms+1ms, total 6ms
D/TextLayoutCache(   58): Using debug level = 0 - Debug Enabled = 0
D/dalvikvm(   58): GC_EXPLICIT freed 19K, 3% free 881K/904K, paused 1ms+0ms, total 18ms
I/dalvikvm(   58): threadid=1: recursive native library load attempt (/system/lib/libmedia_jni.so)
D/MtpDeviceJNI(   58): register_android_mtp_MtpDevice
I/dalvikvm(   58): threadid=1: recursive native library load attempt (/system/lib/libmedia_jni.so)
I/dalvikvm(   58): threadid=1: recursive native library load attempt (/system/lib/libmedia_jni.so)
I/dalvikvm(   58): threadid=1: recursive native library load attempt (/system/lib/libmedia_jni.so)
D/dalvikvm(   58): GC_EXPLICIT freed 19K, 3% free 917K/940K, paused 1ms+1ms, total 17ms
W/dalvikvm(   58): Exception Ljava/lang/UnsatisfiedLinkError; thrown while initializing Landroid/media/videoeditor/MediaArtistNativeHelper;
W/Zygote  (   58): Class not found for preloading: android.media.videoeditor.MediaArtistNativeHelper
D/dalvikvm(   58): GC_EXPLICIT freed 25K, 3% free 948K/976K, paused 1ms+1ms, total 18ms
D/dalvikvm(   58): GC_EXPLICIT freed 16K, 2% free 985K/1004K, paused 1ms+0ms, total 19ms
D/dalvikvm(   58): GC_EXPLICIT freed 27K, 4% free 1012K/1044K, paused 1ms+0ms, total 19ms
D/dalvikvm(   58): GC_EXPLICIT freed 12K, 2% free 1063K/1080K, paused 1ms+1ms, total 9ms
E/EmojiFactory_jni(   58): Failed to load libemoji.so: dlopen failed: library "libemoji.so" not found
D/dalvikvm(   58): GC_EXPLICIT freed 30K, 3% free 1380K/1412K, paused 12ms+1ms, total 34ms
D/dalvikvm(   58): GC_EXPLICIT freed 35K, 3% free 1404K/1444K, paused 1ms+1ms, total 33ms
D/dalvikvm(   58): GC_EXPLICIT freed 30K, 3% free 1429K/1464K, paused 2ms+1ms, total 24ms
D/dalvikvm(   58): GC_EXPLICIT freed 37K, 3% free 1445K/1488K, paused 1ms+1ms, total 25ms
I/LibraryLoader(   58): Loading: webviewchromium
I/LibraryLoader(   58): Time to load native libraries: 636 ms (timestamps 3590-4226)
I/LibraryLoader(   58): Expected native library version number "",actual native library version number ""
D/dalvikvm(   58): GC_EXPLICIT freed 15K, 2% free 1487K/1504K, paused 1ms+1ms, total 34ms
D/dalvikvm(   58): GC_EXPLICIT freed 21K, 2% free 1518K/1544K, paused 2ms+1ms, total 34ms
D/dalvikvm(   58): GC_EXPLICIT freed 86K, 6% free 1569K/1660K, paused 1ms+1ms, total 34ms
D/dalvikvm(   58): GC_EXPLICIT freed 36K, 5% free 1588K/1660K, paused 2ms+2ms, total 26ms
D/dalvikvm(   58): GC_EXPLICIT freed 31K, 3% free 1613K/1660K, paused 2ms+11ms, total 35ms
D/dalvikvm(   58): GC_EXPLICIT freed 19K, 2% free 1676K/1700K, paused 2ms+1ms, total 26ms
D/dalvikvm(   58): GC_EXPLICIT freed 23K, 2% free 1707K/1736K, paused 1ms+2ms, total 25ms
D/dalvikvm(   58): GC_EXPLICIT freed 28K, 2% free 1733K/1768K, paused 22ms+1ms, total 57ms
D/dalvikvm(   58): GC_FOR_ALLOC freed 251K, 12% free 1994K/2248K, paused 39ms, total 40ms
D/dalvikvm(   58): GC_EXPLICIT freed 209K, 10% free 2114K/2332K, paused 2ms+1ms, total 51ms
D/dalvikvm(   58): GC_EXPLICIT freed 35K, 9% free 2134K/2332K, paused 3ms+13ms, total 42ms
D/dalvikvm(   58): GC_EXPLICIT freed 25K, 8% free 2166K/2340K, paused 2ms+1ms, total 40ms
W/Zygote  (   58): Class not found for preloading: java.lang.UnsafeByteSequence
D/dalvikvm(   58): GC_EXPLICIT freed 37K, 7% free 2187K/2340K, paused 2ms+2ms, total 41ms
D/dalvikvm(   58): GC_EXPLICIT freed 40K, 6% free 2203K/2340K, paused 2ms+2ms, total 41ms
D/dalvikvm(   58): GC_EXPLICIT freed 41K, 6% free 2216K/2340K, paused 2ms+2ms, total 42ms
I/System  (   58): Loaded time zone names for "" in 431ms (396ms in ICU)
I/System  (   58): Loaded time zone names for "en_US" in 333ms (295ms in ICU)
D/dalvikvm(   58): GC_EXPLICIT freed 204K, 9% free 2383K/2604K, paused 12ms+1ms, total 56ms
D/dalvikvm(   58): GC_EXPLICIT freed 14K, 7% free 2446K/2604K, paused 2ms+2ms, total 44ms
D/dalvikvm(   58): GC_EXPLICIT freed 30K, 6% free 2472K/2604K, paused 13ms+2ms, total 98ms
D/dalvikvm(   58): GC_EXPLICIT freed 34K, 5% free 2493K/2604K, paused 23ms+22ms, total 85ms
D/dalvikvm(   58): GC_EXPLICIT freed 32K, 4% free 2514K/2604K, paused 2ms+2ms, total 54ms
D/dalvikvm(   58): GC_EXPLICIT freed 29K, 3% free 2540K/2604K, paused 2ms+2ms, total 45ms
I/Zygote  (   58): ...preloaded 2776 classes in 10868ms.
D/dalvikvm(   58): WAIT_FOR_CONCURRENT_GC blocked 1ms
D/dalvikvm(   58): GC_EXPLICIT freed 18K, 3% free 2542K/2604K, paused 2ms+2ms, total 44ms
I/Zygote  (   58): Preloading resources...
W/Resources(   58): Preloaded drawable resource #0x1080096 (android:drawable/toast_frame) that varies with configuration!!
W/Resources(   58): Preloaded drawable resource #0x1080105 (android:drawable/btn_check_on_pressed_holo_light) that varies with configuration!!
W/Resources(   58): Preloaded drawable resource #0x1080104 (android:drawable/btn_check_on_pressed_holo_dark) that varies with configuration!!
W/Resources(   58): Preloaded drawable resource #0x1080102 (android:drawable/btn_check_on_holo_light) that varies with configuration!!
W/Resources(   58): Preloaded drawable resource #0x1080101 (android:drawable/btn_check_on_holo_dark) that varies with configuration!!
W/Resources(   58): Preloaded drawable resource #0x10800ff (android:drawable/btn_check_on_focused_holo_light) that varies with configuration!!
W/Resources(   58): Preloaded drawable resource #0x10800fe (android:drawable/btn_check_on_focused_holo_dark) that varies with configuration!!
D/dalvikvm(   58): GC_EXPLICIT freed 34K, 3% free 2562K/2640K, paused 12ms+2ms, total 55ms
W/Resources(   58): Preloaded drawable resource #0x10800fd (android:drawable/btn_check_on_disabled_holo_light) that varies with configuration!!
W/Resources(   58): Preloaded drawable resource #0x10800fc (android:drawable/btn_check_on_disabled_holo_dark) that varies with configuration!!
W/Resources(   58): Preloaded drawable resource #0x10800fb (android:drawable/btn_check_on_disabled_focused_holo_light) that varies with configuration!!
W/Resources(   58): Preloaded drawable resource #0x10800fa (android:drawable/btn_check_on_disabled_focused_holo_dark) that varies with configuration!!
W/Resources(   58): Preloaded drawable resource #0x10800f2 (android:drawable/btn_check_off_pressed_holo_light) that varies with configuration!!
W/Resources(   58): Preloaded drawable resource #0x10800f1 (android:drawable/btn_check_off_pressed_holo_dark) that varies with configuration!!
W/Resources(   58): Preloaded drawable resource #0x10800ed (android:drawable/btn_check_off_holo_light) that varies with configuration!!
W/Resources(   58): Preloaded drawable resource #0x10800ec (android:drawable/btn_check_off_holo_dark) that varies with configuration!!
W/Resources(   58): Preloaded drawable resource #0x10800ea (android:drawable/btn_check_off_focused_holo_light) that varies with configuration!!
D/dalvikvm(   58): GC_EXPLICIT freed 59K, 4% free 2554K/2656K, paused 2ms+2ms, total 44ms
W/Resources(   58): Preloaded drawable resource #0x10800e9 (android:drawable/btn_check_off_focused_holo_dark) that varies with configuration!!
W/Resources(   58): Preloaded drawable resource #0x10800e8 (android:drawable/btn_check_off_disabled_holo_light) that varies with configuration!!
W/Resources(   58): Preloaded drawable resource #0x10800e7 (android:drawable/btn_check_off_disabled_holo_dark) that varies with configuration!!
W/Resources(   58): Preloaded drawable resource #0x10800e6 (android:drawable/btn_check_off_disabled_focused_holo_light) that varies with configuration!!
W/Resources(   58): Preloaded drawable resource #0x10800e5 (android:drawable/btn_check_off_disabled_focused_holo_dark) that varies with configuration!!
W/Resources(   58): Preloaded drawable resource #0x1080102 (android:drawable/btn_check_on_holo_light) that varies with configuration!!
W/Resources(   58): Preloaded drawable resource #0x10800ed (android:drawable/btn_check_off_holo_light) that varies with configuration!!
W/Resources(   58): Preloaded drawable resource #0x1080105 (android:drawable/btn_check_on_pressed_holo_light) that varies with configuration!!
W/Resources(   58): Preloaded drawable resource #0x10800f2 (android:drawable/btn_check_off_pressed_holo_light) that varies with configuration!!
W/Resources(   58): Preloaded drawable resource #0x10800ff (android:drawable/btn_check_on_focused_holo_light) that varies with configuration!!
W/Resources(   58): Preloaded drawable resource #0x10800ea (android:drawable/btn_check_off_focused_holo_light) that varies with configuration!!
W/Resources(   58): Preloaded drawable resource #0x10800ed (android:drawable/btn_check_off_holo_light) that varies with configuration!!
W/Resources(   58): Preloaded drawable resource #0x1080102 (android:drawable/btn_check_on_holo_light) that varies with configuration!!
W/Resources(   58): Preloaded drawable resource #0x10800fd (android:drawable/btn_check_on_disabled_holo_light) that varies with configuration!!
W/Resources(   58): Preloaded drawable resource #0x10800e8 (android:drawable/btn_check_off_disabled_holo_light) that varies with configuration!!
W/Resources(   58): Preloaded drawable resource #0x10800fb (android:drawable/btn_check_on_disabled_focused_holo_light) that varies with configuration!!
W/Resources(   58): Preloaded drawable resource #0x10800e6 (android:drawable/btn_check_off_disabled_focused_holo_light) that varies with configuration!!
W/Resources(   58): Preloaded drawable resource #0x10800e8 (android:drawable/btn_check_off_disabled_holo_light) that varies with configuration!!
W/Resources(   58): Preloaded drawable resource #0x10800fd (android:drawable/btn_check_on_disabled_holo_light) that varies with configuration!!
W/Resources(   58): Preloaded drawable resource #0x10800dc (android:drawable/btn_check_holo_light) that varies with configuration!!
D/dalvikvm(   58): GC_EXPLICIT freed 108K, 5% free 2559K/2684K, paused 2ms+2ms, total 55ms
W/Resources(   58): Preloaded drawable resource #0x1080101 (android:drawable/btn_check_on_holo_dark) that varies with configuration!!
W/Resources(   58): Preloaded drawable resource #0x10800ec (android:drawable/btn_check_off_holo_dark) that varies with configuration!!
W/Resources(   58): Preloaded drawable resource #0x1080104 (android:drawable/btn_check_on_pressed_holo_dark) that varies with configuration!!
W/Resources(   58): Preloaded drawable resource #0x10800f1 (android:drawable/btn_check_off_pressed_holo_dark) that varies with configuration!!
W/Resources(   58): Preloaded drawable resource #0x10800fe (android:drawable/btn_check_on_focused_holo_dark) that varies with configuration!!
W/Resources(   58): Preloaded drawable resource #0x10800e9 (android:drawable/btn_check_off_focused_holo_dark) that varies with configuration!!
W/Resources(   58): Preloaded drawable resource #0x10800ec (android:drawable/btn_check_off_holo_dark) that varies with configuration!!
W/Resources(   58): Preloaded drawable resource #0x1080101 (android:drawable/btn_check_on_holo_dark) that varies with configuration!!
W/Resources(   58): Preloaded drawable resource #0x10800fc (android:drawable/btn_check_on_disabled_holo_dark) that varies with configuration!!
W/Resources(   58): Preloaded drawable resource #0x10800e7 (android:drawable/btn_check_off_disabled_holo_dark) that varies with configuration!!
W/Resources(   58): Preloaded drawable resource #0x10800fa (android:drawable/btn_check_on_disabled_focused_holo_dark) that varies with configuration!!
W/Resources(   58): Preloaded drawable resource #0x10800e5 (android:drawable/btn_check_off_disabled_focused_holo_dark) that varies with configuration!!
W/Resources(   58): Preloaded drawable resource #0x10800e7 (android:drawable/btn_check_off_disabled_holo_dark) that varies with configuration!!
W/Resources(   58): Preloaded drawable resource #0x10800fc (android:drawable/btn_check_on_disabled_holo_dark) that varies with configuration!!
W/Resources(   58): Preloaded drawable resource #0x10800db (android:drawable/btn_check_holo_dark) that varies with configuration!!
D/dalvikvm(   58): GC_EXPLICIT freed 84K, 5% free 2558K/2684K, paused 2ms+3ms, total 55ms
W/Resources(   58): Preloaded drawable resource #0x1080195 (android:drawable/btn_radio_on_pressed_holo_light) that varies with configuration!!
W/Resources(   58): Preloaded drawable resource #0x1080194 (android:drawable/btn_radio_on_pressed_holo_dark) that varies with configuration!!
W/Resources(   58): Preloaded drawable resource #0x1080192 (android:drawable/btn_radio_on_holo_light) that varies with configuration!!
W/Resources(   58): Preloaded drawable resource #0x1080191 (android:drawable/btn_radio_on_holo_dark) that varies with configuration!!
W/Resources(   58): Preloaded drawable resource #0x108018f (android:drawable/btn_radio_on_focused_holo_light) that varies with configuration!!
W/Resources(   58): Preloaded drawable resource #0x108018e (android:drawable/btn_radio_on_focused_holo_dark) that varies with configuration!!
W/Resources(   58): Preloaded drawable resource #0x108018d (android:drawable/btn_radio_on_disabled_holo_light) that varies with configuration!!
W/Resources(   58): Preloaded drawable resource #0x108018c (android:drawable/btn_radio_on_disabled_holo_dark) that varies with configuration!!
W/Resources(   58): Preloaded drawable resource #0x108018b (android:drawable/btn_radio_on_disabled_focused_holo_light) that varies with configuration!!
D/dalvikvm(   58): WAIT_FOR_CONCURRENT_GC blocked 14ms
D/dalvikvm(   58): GC_EXPLICIT freed 53K, 5% free 2558K/2684K, paused 2ms+2ms, total 55ms
W/Resources(   58): Preloaded drawable resource #0x108018a (android:drawable/btn_radio_on_disabled_focused_holo_dark) that varies with configuration!!
W/Resources(   58): Preloaded drawable resource #0x1080187 (android:drawable/btn_radio_off_pressed_holo_light) that varies with configuration!!
W/Resources(   58): Preloaded drawable resource #0x1080186 (android:drawable/btn_radio_off_pressed_holo_dark) that varies with configuration!!
W/Resources(   58): Preloaded drawable resource #0x1080184 (android:drawable/btn_radio_off_holo_light) that varies with configuration!!
W/Resources(   58): Preloaded drawable resource #0x1080183 (android:drawable/btn_radio_off_holo_dark) that varies with configuration!!
W/Resources(   58): Preloaded drawable resource #0x1080181 (android:drawable/btn_radio_off_focused_holo_light) that varies with configuration!!
W/Resources(   58): Preloaded drawable resource #0x1080180 (android:drawable/btn_radio_off_focused_holo_dark) that varies with configuration!!
W/Resources(   58): Preloaded drawable resource #0x108017f (android:drawable/btn_radio_off_disabled_holo_light) that varies with configuration!!
W/Resources(   58): Preloaded drawable resource #0x108017e (android:drawable/btn_radio_off_disabled_holo_dark) that varies with configuration!!
D/dalvikvm(   58): GC_EXPLICIT freed 51K, 5% free 2560K/2684K, paused 2ms+24ms, total 92ms
W/Resources(   58): Preloaded drawable resource #0x108017d (android:drawable/btn_radio_off_disabled_focused_holo_light) that varies with configuration!!
W/Resources(   58): Preloaded drawable resource #0x108017c (android:drawable/btn_radio_off_disabled_focused_holo_dark) that varies with configuration!!
W/Resources(   58): Preloaded drawable resource #0x1080128 (android:drawable/btn_default_pressed_holo_light) that varies with configuration!!
W/Resources(   58): Preloaded drawable resource #0x1080127 (android:drawable/btn_default_pressed_holo_dark) that varies with configuration!!
W/Resources(   58): Preloaded drawable resource #0x1080124 (android:drawable/btn_default_normal_holo_light) that varies with configuration!!
W/Resources(   58): Preloaded drawable resource #0x1080123 (android:drawable/btn_default_normal_holo_dark) that varies with configuration!!
W/Resources(   58): Preloaded drawable resource #0x108011c (android:drawable/btn_default_focused_holo_light) that varies with configuration!!
W/Resources(   58): Preloaded drawable resource #0x108011b (android:drawable/btn_default_focused_holo_dark) that varies with configuration!!
W/Resources(   58): Preloaded drawable resource #0x1080119 (android:drawable/btn_default_disabled_holo_light) that varies with configuration!!
W/Resources(   58): Preloaded drawable resource #0x1080118 (android:drawable/btn_default_disabled_holo_dark) that varies with configuration!!
D/dalvikvm(   58): GC_EXPLICIT freed 24K, 4% free 2589K/2684K, paused 3ms+2ms, total 55ms
W/Resources(   58): Preloaded drawable resource #0x1080116 (android:drawable/btn_default_disabled_focused_holo_light) that varies with configuration!!
W/Resources(   58): Preloaded drawable resource #0x1080115 (android:drawable/btn_default_disabled_focused_holo_dark) that varies with configuration!!
W/Resources(   58): Preloaded drawable resource #0x1080123 (android:drawable/btn_default_normal_holo_dark) that varies with configuration!!
W/Resources(   58): Preloaded drawable resource #0x1080118 (android:drawable/btn_default_disabled_holo_dark) that varies with configuration!!
W/Resources(   58): Preloaded drawable resource #0x1080127 (android:drawable/btn_default_pressed_holo_dark) that varies with configuration!!
W/Resources(   58): Preloaded drawable resource #0x108011b (android:drawable/btn_default_focused_holo_dark) that varies with configuration!!
W/Resources(   58): Preloaded drawable resource #0x1080123 (android:drawable/btn_default_normal_holo_dark) that varies with configuration!!
W/Resources(   58): Preloaded drawable resource #0x1080115 (android:drawable/btn_default_disabled_focused_holo_dark) that varies with configuration!!
W/Resources(   58): Preloaded drawable resource #0x1080118 (android:drawable/btn_default_disabled_holo_dark) that varies with configuration!!
W/Resources(   58): Preloaded drawable resource #0x108011d (android:drawable/btn_default_holo_dark) that varies with configuration!!
W/Resources(   58): Preloaded drawable resource #0x1080124 (android:drawable/btn_default_normal_holo_light) that varies with configuration!!
W/Resources(   58): Preloaded drawable resource #0x1080119 (android:drawable/btn_default_disabled_holo_light) that varies with configuration!!
W/Resources(   58): Preloaded drawable resource #0x1080128 (android:drawable/btn_default_pressed_holo_light) that varies with configuration!!
W/Resources(   58): Preloaded drawable resource #0x108011c (android:drawable/btn_default_focused_holo_light) that varies with configuration!!
W/Resources(   58): Preloaded drawable resource #0x1080124 (android:drawable/btn_default_normal_holo_light) that varies with configuration!!
W/Resources(   58): Preloaded drawable resource #0x1080116 (android:drawable/btn_default_disabled_focused_holo_light) that varies with configuration!!
W/Resources(   58): Preloaded drawable resource #0x1080119 (android:drawable/btn_default_disabled_holo_light) that varies with configuration!!
W/Resources(   58): Preloaded drawable resource #0x108011e (android:drawable/btn_default_holo_light) that varies with configuration!!
D/dalvikvm(   58): GC_EXPLICIT freed 55K, 3% free 2619K/2692K, paused 2ms+12ms, total 57ms
W/Resources(   58): Preloaded drawable resource #0x10801d1 (android:drawable/btn_star_off_normal_holo_light) that varies with configuration!!
W/Resources(   58): Preloaded drawable resource #0x10801db (android:drawable/btn_star_on_normal_holo_light) that varies with configuration!!
W/Resources(   58): Preloaded drawable resource #0x10801d7 (android:drawable/btn_star_on_disabled_holo_light) that varies with configuration!!
W/Resources(   58): Preloaded drawable resource #0x10801cd (android:drawable/btn_star_off_disabled_holo_light) that varies with configuration!!
W/Resources(   58): Preloaded drawable resource #0x10801dd (android:drawable/btn_star_on_pressed_holo_light) that varies with configuration!!
W/Resources(   58): Preloaded drawable resource #0x10801d3 (android:drawable/btn_star_off_pressed_holo_light) that varies with configuration!!
W/Resources(   58): Preloaded drawable resource #0x10801d9 (android:drawable/btn_star_on_focused_holo_light) that varies with configuration!!
W/Resources(   58): Preloaded drawable resource #0x10801cf (android:drawable/btn_star_off_focused_holo_light) that varies with configuration!!
W/Resources(   58): Preloaded drawable resource #0x10801d5 (android:drawable/btn_star_on_disabled_focused_holo_light) that varies with configuration!!
D/dalvikvm(   58): GC_EXPLICIT freed 108K, 6% free 2565K/2708K, paused 2ms+2ms, total 44ms
W/Resources(   58): Preloaded drawable resource #0x10801cb (android:drawable/btn_star_off_disabled_focused_holo_light) that varies with configuration!!
W/Resources(   58): Preloaded drawable resource #0x10801d1 (android:drawable/btn_star_off_normal_holo_light) that varies with configuration!!
W/Resources(   58): Preloaded drawable resource #0x10801db (android:drawable/btn_star_on_normal_holo_light) that varies with configuration!!
W/Resources(   58): Preloaded drawable resource #0x10801d7 (android:drawable/btn_star_on_disabled_holo_light) that varies with configuration!!
W/Resources(   58): Preloaded drawable resource #0x10801cd (android:drawable/btn_star_off_disabled_holo_light) that varies with configuration!!
W/Resources(   58): Preloaded drawable resource #0x10801dd (android:drawable/btn_star_on_pressed_holo_light) that varies with configuration!!
W/Resources(   58): Preloaded drawable resource #0x10801d3 (android:drawable/btn_star_off_pressed_holo_light) that varies with configuration!!
W/Resources(   58): Preloaded drawable resource #0x10801d9 (android:drawable/btn_star_on_focused_holo_light) that varies with configuration!!
W/Resources(   58): Preloaded drawable resource #0x10801cf (android:drawable/btn_star_off_focused_holo_light) that varies with configuration!!
W/Resources(   58): Preloaded drawable resource #0x10801d5 (android:drawable/btn_star_on_disabled_focused_holo_light) that varies with configuration!!
W/Resources(   58): Preloaded drawable resource #0x10801d7 (android:drawable/btn_star_on_disabled_holo_light) that varies with configuration!!
W/Resources(   58): Preloaded drawable resource #0x10801cb (android:drawable/btn_star_off_disabled_focused_holo_light) that varies with configuration!!
W/Resources(   58): Preloaded drawable resource #0x10801cd (android:drawable/btn_star_off_disabled_holo_light) that varies with configuration!!
W/Resources(   58): Preloaded drawable resource #0x10801d1 (android:drawable/btn_star_off_normal_holo_light) that varies with configuration!!
W/Resources(   58): Preloaded drawable resource #0x10801db (android:drawable/btn_star_on_normal_holo_light) that varies with configuration!!
W/Resources(   58): Preloaded drawable resource #0x10801c8 (android:drawable/btn_star_holo_light) that varies with configuration!!
D/dalvikvm(   58): GC_EXPLICIT freed 86K, 6% free 2567K/2708K, paused 2ms+2ms, total 45ms
V/NatController(   54): runCmd(/system/bin/iptables -F natctrl_FORWARD) res=0
W/Resources(   58): Preloaded drawable resource #0x10801d0 (android:drawable/btn_star_off_normal_holo_dark) that varies with configuration!!
W/Resources(   58): Preloaded drawable resource #0x10801da (android:drawable/btn_star_on_normal_holo_dark) that varies with configuration!!
W/Resources(   58): Preloaded drawable resource #0x10801d6 (android:drawable/btn_star_on_disabled_holo_dark) that varies with configuration!!
W/Resources(   58): Preloaded drawable resource #0x10801cc (android:drawable/btn_star_off_disabled_holo_dark) that varies with configuration!!
W/Resources(   58): Preloaded drawable resource #0x10801dc (android:drawable/btn_star_on_pressed_holo_dark) that varies with configuration!!
W/Resources(   58): Preloaded drawable resource #0x10801d2 (android:drawable/btn_star_off_pressed_holo_dark) that varies with configuration!!
W/Resources(   58): Preloaded drawable resource #0x10801d8 (android:drawable/btn_star_on_focused_holo_dark) that varies with configuration!!
W/Resources(   58): Preloaded drawable resource #0x10801ce (android:drawable/btn_star_off_focused_holo_dark) that varies with configuration!!
W/Resources(   58): Preloaded drawable resource #0x10801d4 (android:drawable/btn_star_on_disabled_focused_holo_dark) that varies with configuration!!
V/NatController(   54): runCmd(/system/bin/iptables -A natctrl_FORWARD -j DROP) res=0
D/dalvikvm(   58): GC_EXPLICIT freed 53K, 6% free 2566K/2708K, paused 12ms+12ms, total 54ms
W/Resources(   58): Preloaded drawable resource #0x10801ca (android:drawable/btn_star_off_disabled_focused_holo_dark) that varies with configuration!!
W/Resources(   58): Preloaded drawable resource #0x10801d0 (android:drawable/btn_star_off_normal_holo_dark) that varies with configuration!!
W/Resources(   58): Preloaded drawable resource #0x10801da (android:drawable/btn_star_on_normal_holo_dark) that varies with configuration!!
W/Resources(   58): Preloaded drawable resource #0x10801d6 (android:drawable/btn_star_on_disabled_holo_dark) that varies with configuration!!
W/Resources(   58): Preloaded drawable resource #0x10801cc (android:drawable/btn_star_off_disabled_holo_dark) that varies with configuration!!
W/Resources(   58): Preloaded drawable resource #0x10801dc (android:drawable/btn_star_on_pressed_holo_dark) that varies with configuration!!
W/Resources(   58): Preloaded drawable resource #0x10801d2 (android:drawable/btn_star_off_pressed_holo_dark) that varies with configuration!!
W/Resources(   58): Preloaded drawable resource #0x10801d8 (android:drawable/btn_star_on_focused_holo_dark) that varies with configuration!!
W/Resources(   58): Preloaded drawable resource #0x10801ce (android:drawable/btn_star_off_focused_holo_dark) that varies with configuration!!
W/Resources(   58): Preloaded drawable resource #0x10801d4 (android:drawable/btn_star_on_disabled_focused_holo_dark) that varies with configuration!!
W/Resources(   58): Preloaded drawable resource #0x10801d6 (android:drawable/btn_star_on_disabled_holo_dark) that varies with configuration!!
W/Resources(   58): Preloaded drawable resource #0x10801ca (android:drawable/btn_star_off_disabled_focused_holo_dark) that varies with configuration!!
W/Resources(   58): Preloaded drawable resource #0x10801cc (android:drawable/btn_star_off_disabled_holo_dark) that varies with configuration!!
W/Resources(   58): Preloaded drawable resource #0x10801d0 (android:drawable/btn_star_off_normal_holo_dark) that varies with configuration!!
W/Resources(   58): Preloaded drawable resource #0x10801da (android:drawable/btn_star_on_normal_holo_dark) that varies with configuration!!
W/Resources(   58): Preloaded drawable resource #0x10801c7 (android:drawable/btn_star_holo_dark) that varies with configuration!!
V/NatController(   54): runCmd(/system/bin/iptables -t nat -F natctrl_nat_POSTROUTING) res=0
E/logwrapper(  291): executing /system/bin/ip failed: No such file or directory
D/dalvikvm(   58): GC_EXPLICIT freed 86K, 6% free 2569K/2708K, paused 12ms+22ms, total 65ms
W/Resources(   58): Preloaded drawable resource #0x10801f7 (android:drawable/btn_toggle_on_pressed_holo_light) that varies with configuration!!
V/NatController(   54): runCmd(/system/bin/ip rule flush) res=255
W/Resources(   58): Preloaded drawable resource #0x10801f6 (android:drawable/btn_toggle_on_pressed_holo_dark) that varies with configuration!!
W/Resources(   58): Preloaded drawable resource #0x10801f5 (android:drawable/btn_toggle_on_normal_holo_light) that varies with configuration!!
E/logwrapper(  292): executing /system/bin/ip failed: No such file or directory
V/NatController(   54): runCmd(/system/bin/ip -6 rule flush) res=255
E/logwrapper(  293): executing /system/bin/ip failed: No such file or directory
V/NatController(   54): runCmd(/system/bin/ip rule add from all lookup default prio 32767) res=255
W/Resources(   58): Preloaded drawable resource #0x10801f4 (android:drawable/btn_toggle_on_normal_holo_dark) that varies with configuration!!
E/logwrapper(  294): executing /system/bin/ip failed: No such file or directory
V/NatController(   54): runCmd(/system/bin/ip rule add from all lookup main prio 32766) res=255
E/logwrapper(  295): executing /system/bin/ip failed: No such file or directory
V/NatController(   54): runCmd(/system/bin/ip -6 rule add from all lookup default prio 32767) res=255
E/logwrapper(  296): executing /system/bin/ip failed: No such file or directory
V/NatController(   54): runCmd(/system/bin/ip -6 rule add from all lookup main prio 32766) res=255
E/logwrapper(  297): executing /system/bin/ip failed: No such file or directory
V/NatController(   54): runCmd(/system/bin/ip route flush cache) res=255
W/Resources(   58): Preloaded drawable resource #0x10801f3 (android:drawable/btn_toggle_on_focused_holo_light) that varies with configuration!!
W/Resources(   58): Preloaded drawable resource #0x10801f2 (android:drawable/btn_toggle_on_focused_holo_dark) that varies with configuration!!
W/Resources(   58): Preloaded drawable resource #0x10801f1 (android:drawable/btn_toggle_on_disabled_holo_light) that varies with configuration!!
W/Resources(   58): Preloaded drawable resource #0x10801f0 (android:drawable/btn_toggle_on_disabled_holo_dark) that varies with configuration!!
W/Resources(   58): Preloaded drawable resource #0x10801ef (android:drawable/btn_toggle_on_disabled_focused_holo_light) that varies with configuration!!
W/Resources(   58): Preloaded drawable resource #0x10801ee (android:drawable/btn_toggle_on_disabled_focused_holo_dark) that varies with configuration!!
V/NatController(   54): runCmd(/system/bin/iptables -F natctrl_tether_counters) res=1
D/dalvikvm(   58): GC_EXPLICIT freed 18K, 4% free 2603K/2708K, paused 2ms+2ms, total 54ms
W/Resources(   58): Preloaded drawable resource #0x10801ec (android:drawable/btn_toggle_off_pressed_holo_light) that varies with configuration!!
W/Resources(   58): Preloaded drawable resource #0x10801eb (android:drawable/btn_toggle_off_pressed_holo_dark) that varies with configuration!!
W/Resources(   58): Preloaded drawable resource #0x10801ea (android:drawable/btn_toggle_off_normal_holo_light) that varies with configuration!!
W/Resources(   58): Preloaded drawable resource #0x10801e9 (android:drawable/btn_toggle_off_normal_holo_dark) that varies with configuration!!
W/Resources(   58): Preloaded drawable resource #0x10801e8 (android:drawable/btn_toggle_off_focused_holo_light) that varies with configuration!!
W/Resources(   58): Preloaded drawable resource #0x10801e7 (android:drawable/btn_toggle_off_focused_holo_dark) that varies with configuration!!
W/Resources(   58): Preloaded drawable resource #0x10801e6 (android:drawable/btn_toggle_off_disabled_holo_light) that varies with configuration!!
W/Resources(   58): Preloaded drawable resource #0x10801e5 (android:drawable/btn_toggle_off_disabled_holo_dark) that varies with configuration!!
W/Resources(   58): Preloaded drawable resource #0x10801e4 (android:drawable/btn_toggle_off_disabled_focused_holo_light) that varies with configuration!!
W/Resources(   58): Preloaded drawable resource #0x10801e3 (android:drawable/btn_toggle_off_disabled_focused_holo_dark) that varies with configuration!!
D/dalvikvm(   58): GC_EXPLICIT freed 51K, 4% free 2605K/2708K, paused 2ms+2ms, total 45ms
W/Resources(   58): Preloaded drawable resource #0x10801f5 (android:drawable/btn_toggle_on_normal_holo_light) that varies with configuration!!
W/Resources(   58): Preloaded drawable resource #0x10801f1 (android:drawable/btn_toggle_on_disabled_holo_light) that varies with configuration!!
W/Resources(   58): Preloaded drawable resource #0x10801f7 (android:drawable/btn_toggle_on_pressed_holo_light) that varies with configuration!!
W/Resources(   58): Preloaded drawable resource #0x10801f3 (android:drawable/btn_toggle_on_focused_holo_light) that varies with configuration!!
W/Resources(   58): Preloaded drawable resource #0x10801f5 (android:drawable/btn_toggle_on_normal_holo_light) that varies with configuration!!
W/Resources(   58): Preloaded drawable resource #0x10801ef (android:drawable/btn_toggle_on_disabled_focused_holo_light) that varies with configuration!!
W/Resources(   58): Preloaded drawable resource #0x10801f1 (android:drawable/btn_toggle_on_disabled_holo_light) that varies with configuration!!
W/Resources(   58): Preloaded drawable resource #0x10801ea (android:drawable/btn_toggle_off_normal_holo_light) that varies with configuration!!
W/Resources(   58): Preloaded drawable resource #0x10801e6 (android:drawable/btn_toggle_off_disabled_holo_light) that varies with configuration!!
V/NatController(   54): runCmd(/system/bin/iptables -X natctrl_tether_counters) res=1
W/Resources(   58): Preloaded drawable resource #0x10801ec (android:drawable/btn_toggle_off_pressed_holo_light) that varies with configuration!!
W/Resources(   58): Preloaded drawable resource #0x10801e8 (android:drawable/btn_toggle_off_focused_holo_light) that varies with configuration!!
W/Resources(   58): Preloaded drawable resource #0x10801ea (android:drawable/btn_toggle_off_normal_holo_light) that varies with configuration!!
W/Resources(   58): Preloaded drawable resource #0x10801e4 (android:drawable/btn_toggle_off_disabled_focused_holo_light) that varies with configuration!!
W/Resources(   58): Preloaded drawable resource #0x10801e6 (android:drawable/btn_toggle_off_disabled_holo_light) that varies with configuration!!
W/Resources(   58): Preloaded drawable resource #0x10801e1 (android:drawable/btn_toggle_holo_light) that varies with configuration!!
D/dalvikvm(   58): GC_EXPLICIT freed 59K, 4% free 2621K/2708K, paused 2ms+2ms, total 47ms
W/Resources(   58): Preloaded drawable resource #0x10801f4 (android:drawable/btn_toggle_on_normal_holo_dark) that varies with configuration!!
W/Resources(   58): Preloaded drawable resource #0x10801f0 (android:drawable/btn_toggle_on_disabled_holo_dark) that varies with configuration!!
W/Resources(   58): Preloaded drawable resource #0x10801f6 (android:drawable/btn_toggle_on_pressed_holo_dark) that varies with configuration!!
V/NatController(   54): runCmd(/system/bin/iptables -N natctrl_tether_counters) res=0
W/Resources(   58): Preloaded drawable resource #0x10801f2 (android:drawable/btn_toggle_on_focused_holo_dark) that varies with configuration!!
W/Resources(   58): Preloaded drawable resource #0x10801f4 (android:drawable/btn_toggle_on_normal_holo_dark) that varies with configuration!!
W/Resources(   58): Preloaded drawable resource #0x10801ee (android:drawable/btn_toggle_on_disabled_focused_holo_dark) that varies with configuration!!
W/Resources(   58): Preloaded drawable resource #0x10801f0 (android:drawable/btn_toggle_on_disabled_holo_dark) that varies with configuration!!
W/Resources(   58): Preloaded drawable resource #0x10801e9 (android:drawable/btn_toggle_off_normal_holo_dark) that varies with configuration!!
W/Resources(   58): Preloaded drawable resource #0x10801e5 (android:drawable/btn_toggle_off_disabled_holo_dark) that varies with configuration!!
W/Resources(   58): Preloaded drawable resource #0x10801eb (android:drawable/btn_toggle_off_pressed_holo_dark) that varies with configuration!!
W/Resources(   58): Preloaded drawable resource #0x10801e7 (android:drawable/btn_toggle_off_focused_holo_dark) that varies with configuration!!
W/Resources(   58): Preloaded drawable resource #0x10801e9 (android:drawable/btn_toggle_off_normal_holo_dark) that varies with configuration!!
W/Resources(   58): Preloaded drawable resource #0x10801e3 (android:drawable/btn_toggle_off_disabled_focused_holo_dark) that varies with configuration!!
W/Resources(   58): Preloaded drawable resource #0x10801e5 (android:drawable/btn_toggle_off_disabled_holo_dark) that varies with configuration!!
W/Resources(   58): Preloaded drawable resource #0x10801e0 (android:drawable/btn_toggle_holo_dark) that varies with configuration!!
D/dalvikvm(   58): GC_EXPLICIT freed 75K, 4% free 2621K/2712K, paused 12ms+13ms, total 55ms
W/Resources(   58): Preloaded drawable resource #0x108064c (android:drawable/textfield_multiline_default_holo_light) that varies with configuration!!
W/Resources(   58): Preloaded drawable resource #0x1080650 (android:drawable/textfield_multiline_disabled_holo_light) that varies with configuration!!
W/Resources(   58): Preloaded drawable resource #0x108064a (android:drawable/textfield_multiline_activated_holo_light) that varies with configuration!!
W/Resources(   58): Preloaded drawable resource #0x1080652 (android:drawable/textfield_multiline_focused_holo_light) that varies with configuration!!
W/Resources(   58): Preloaded drawable resource #0x108064c (android:drawable/textfield_multiline_default_holo_light) that varies with configuration!!
W/Resources(   58): Preloaded drawable resource #0x108064e (android:drawable/textfield_multiline_disabled_focused_holo_light) that varies with configuration!!
W/Resources(   58): Preloaded drawable resource #0x1080650 (android:drawable/textfield_multiline_disabled_holo_light) that varies with configuration!!
W/Resources(   58): Preloaded drawable resource #0x108063f (android:drawable/textfield_default_holo_light) that varies with configuration!!
W/Resources(   58): Preloaded drawable resource #0x1080644 (android:drawable/textfield_disabled_holo_light) that varies with configuration!!
W/Resources(   58): Preloaded drawable resource #0x1080637 (android:drawable/textfield_activated_holo_light) that varies with configuration!!
W/Resources(   58): Preloaded drawable resource #0x1080647 (android:drawable/textfield_focused_holo_light) that varies with configuration!!
W/Resources(   58): Preloaded drawable resource #0x108063f (android:drawable/textfield_default_holo_light) that varies with configuration!!
W/Resources(   58): Preloaded drawable resource #0x1080642 (android:drawable/textfield_disabled_focused_holo_light) that varies with configuration!!
W/Resources(   58): Preloaded drawable resource #0x1080644 (android:drawable/textfield_disabled_holo_light) that varies with configuration!!
W/Resources(   58): Preloaded drawable resource #0x1080258 (android:drawable/edit_text_holo_light) that varies with configuration!!
D/dalvikvm(   58): GC_EXPLICIT freed 75K, 4% free 2622K/2716K, paused 3ms+2ms, total 55ms
W/Resources(   58): Preloaded drawable resource #0x108064b (android:drawable/textfield_multiline_default_holo_dark) that varies with configuration!!
W/Resources(   58): Preloaded drawable resource #0x108064f (android:drawable/textfield_multiline_disabled_holo_dark) that varies with configuration!!
W/Resources(   58): Preloaded drawable resource #0x1080649 (android:drawable/textfield_multiline_activated_holo_dark) that varies with configuration!!
W/Resources(   58): Preloaded drawable resource #0x1080651 (android:drawable/textfield_multiline_focused_holo_dark) that varies with configuration!!
W/Resources(   58): Preloaded drawable resource #0x108064b (android:drawable/textfield_multiline_default_holo_dark) that varies with configuration!!
W/Resources(   58): Preloaded drawable resource #0x108064d (android:drawable/textfield_multiline_disabled_focused_holo_dark) that varies with configuration!!
W/Resources(   58): Preloaded drawable resource #0x108064f (android:drawable/textfield_multiline_disabled_holo_dark) that varies with configuration!!
W/Resources(   58): Preloaded drawable resource #0x108063e (android:drawable/textfield_default_holo_dark) that varies with configuration!!
W/Resources(   58): Preloaded drawable resource #0x1080643 (android:drawable/textfield_disabled_holo_dark) that varies with configuration!!
W/Resources(   58): Preloaded drawable resource #0x1080636 (android:drawable/textfield_activated_holo_dark) that varies with configuration!!
W/Resources(   58): Preloaded drawable resource #0x1080646 (android:drawable/textfield_focused_holo_dark) that varies with configuration!!
W/Resources(   58): Preloaded drawable resource #0x108063e (android:drawable/textfield_default_holo_dark) that varies with configuration!!
W/Resources(   58): Preloaded drawable resource #0x1080641 (android:drawable/textfield_disabled_focused_holo_dark) that varies with configuration!!
W/Resources(   58): Preloaded drawable resource #0x1080643 (android:drawable/textfield_disabled_holo_dark) that varies with configuration!!
W/Resources(   58): Preloaded drawable resource #0x1080257 (android:drawable/edit_text_holo_dark) that varies with configuration!!
D/dalvikvm(   58): GC_EXPLICIT freed 74K, 4% free 2624K/2716K, paused 2ms+2ms, total 47ms
W/Resources(   58): Preloaded drawable resource #0x1080633 (android:drawable/text_select_handle_left) that varies with configuration!!
W/Resources(   58): Preloaded drawable resource #0x1080635 (android:drawable/text_select_handle_right) that varies with configuration!!
W/Resources(   58): Preloaded drawable resource #0x1080630 (android:drawable/text_edit_paste_window) that varies with configuration!!
W/Resources(   58): Preloaded drawable resource #0x108026d (android:drawable/expander_close_holo_dark) that varies with configuration!!
W/Resources(   58): Preloaded drawable resource #0x108026e (android:drawable/expander_close_holo_light) that varies with configuration!!
W/Resources(   58): Preloaded drawable resource #0x108026d (android:drawable/expander_close_holo_dark) that varies with configuration!!
W/Resources(   58): Preloaded drawable resource #0x1080274 (android:drawable/expander_open_holo_dark) that varies with configuration!!
W/Resources(   58): Preloaded drawable resource #0x1080270 (android:drawable/expander_group_holo_dark) that varies with configuration!!
D/dalvikvm(   58): GC_EXPLICIT freed 85K, 5% free 2596K/2728K, paused 2ms+13ms, total 56ms
W/Resources(   58): Preloaded drawable resource #0x108026e (android:drawable/expander_close_holo_light) that varies with configuration!!
W/Resources(   58): Preloaded drawable resource #0x1080275 (android:drawable/expander_open_holo_light) that varies with configuration!!
W/Resources(   58): Preloaded drawable resource #0x1080271 (android:drawable/expander_group_holo_light) that varies with configuration!!
W/Resources(   58): Preloaded drawable resource #0x108041d (android:drawable/list_selector_disabled_holo_dark) that varies with configuration!!
W/Resources(   58): Preloaded drawable resource #0x108041d (android:drawable/list_selector_disabled_holo_dark) that varies with configuration!!
W/Resources(   58): Preloaded drawable resource #0x10803fe (android:drawable/list_pressed_holo_dark) that varies with configuration!!
