D/AndroidRuntime( 1228): CheckJNI is ON
D/dalvikvm( 1228): Trying to load lib libjavacore.so 0x0
D/dalvikvm( 1228): Added shared lib libjavacore.so 0x0
D/dalvikvm( 1228): Trying to load lib libnativehelper.so 0x0
D/dalvikvm( 1228): Added shared lib libnativehelper.so 0x0
D/dalvikvm( 1228): No JNI_OnLoad found in libnativehelper.so 0x0, skipping init
D/dalvikvm( 1228): Note: class Landroid/app/ActivityManagerNative; has 179 unimplemented (abstract) methods
E/memtrack( 1228): Couldn't load memtrack module (No such file or directory)
E/android.os.Debug( 1228): failed to load memtrack module: -2
D/AndroidRuntime( 1228): Calling main entry com.android.commands.am.Am
I/ActivityManager(  358): START u0 {act=android.intent.action.MAIN cat=[android.intent.category.LAUNCHER] flg=0x10000000 cmp=com.zinn.Gpsrouteaddressfinder/com.google.android.gms.ads.AdActivity} from pid 1228
W/Ads     ( 1155): Ad overlay requires the useClientJar flag in intent extras.
W/Ads     ( 1155): Could not create ad overlay.
W/InputMethodManagerService(  358): Window already focused, ignoring focus gain of: com.android.internal.view.IInputMethodClient$Stub$Proxy@b2dba430 attribute=null, token = android.os.BinderProxy@b30243c0
I/Choreographer(  358): Skipped 30 frames!  The application may be doing too much work on its main thread.
I/Choreographer(  358): Skipped 87 frames!  The application may be doing too much work on its main thread.
I/MediaFocusControl(  358):  AudioFocus  abandonAudioFocus() from android.media.AudioManager@b2d55260com.android.music.MediaPlaybackService$3@b2d53ef0
D/dalvikvm( 1226): DexOpt: load 3168ms, verify+opt 3285ms, 175996 bytes
D/dalvikvm( 1155): DexOpt: --- END 'ads-1653909242.jar' (success) ---
D/dalvikvm( 1155): DEX prep '/data/data/com.zinn.Gpsrouteaddressfinder/cache/ads-1653909242.jar': unzip in 1ms, rewrite 16086ms
W/ActivityManager(  358): Launch timeout has expired, giving up wake lock!
D/AndroidRuntime( 1228): Shutting down VM
D/dalvikvm( 1228): GC_CONCURRENT freed 98K, 15% free 589K/692K, paused 2ms+2ms, total 24ms
D/dalvikvm( 1155): Trying to load lib /data/app-lib/com.zinn.Gpsrouteaddressfinder-1/libngnative.so 0xb2d4cff0
D/dalvikvm( 1155): Shared lib '/data/app-lib/com.zinn.Gpsrouteaddressfinder-1/libngnative.so' already loaded in same CL 0xb2d4cff0
W/SKMaps  ( 1155): SKmaps----No SKMapsDownloadListener was set !!! 
W/SKMaps  ( 1155): SKmaps----No SKMapsDownloadListener was set !!! 
W/SKMaps  ( 1155): SKmaps----No SKMapsDownloadListener was set !!! 
W/SKMaps  ( 1155): SKmaps----No SKMapsDownloadListener was set !!! 
W/SKMaps  ( 1155): SKmaps----No SKMapsDownloadListener was set !!! 
W/SKMaps  ( 1155): SKmaps----No SKMapsDownloadListener was set !!! 
W/SKMaps  ( 1155): SKmaps----No SKMapsDownloadListener was set !!! 
W/SKMaps  ( 1155): SKmaps----No SKMapsDownloadListener was set !!! 
D/AndroidRuntime( 1241): 
D/AndroidRuntime( 1241): >>>>>> AndroidRuntime START com.android.internal.os.RuntimeInit <<<<<<
D/AndroidRuntime( 1241): CheckJNI is ON
D/dalvikvm( 1241): Trying to load lib libjavacore.so 0x0
D/dalvikvm( 1241): Added shared lib libjavacore.so 0x0
D/dalvikvm( 1241): Trying to load lib libnativehelper.so 0x0
D/dalvikvm( 1241): Added shared lib libnativehelper.so 0x0
D/dalvikvm( 1241): No JNI_OnLoad found in libnativehelper.so 0x0, skipping init
D/dalvikvm( 1241): Note: class Landroid/app/ActivityManagerNative; has 179 unimplemented (abstract) methods
E/memtrack( 1241): Couldn't load memtrack module (No such file or directory)
E/android.os.Debug( 1241): failed to load memtrack module: -2
D/AndroidRuntime( 1241): Calling main entry com.android.commands.am.Am
I/ActivityManager(  358): START u0 {act=android.intent.action.MAIN cat=[android.intent.category.LAUNCHER] flg=0x10000000 cmp=com.zinn.Gpsrouteaddressfinder/.StartActivity} from pid 1241
W/GooglePlayServicesUtil( 1155): Google Play services is missing.
I/Ads     ( 1155): Starting ad request.
I/Ads     ( 1155): Please set theme of AdActivity to @android:style/Theme.Translucent to enable transparent background interstitial ad.
D/dalvikvm(  358): GC_CONCURRENT freed 505K, 54% free 5882K/12696K, paused 5ms+47ms, total 487ms
I/Choreographer( 1155): Skipped 106 frames!  The application may be doing too much work on its main thread.
I/ActivityManager(  358): Displayed com.zinn.Gpsrouteaddressfinder/.StartActivity: +846ms (total +19s218ms)
D/AndroidRuntime( 1241): Shutting down VM
D/dalvikvm( 1241): GC_CONCURRENT freed 98K, 15% free 589K/692K, paused 2ms+2ms, total 21ms
I/Choreographer( 1155): Skipped 53 frames!  The application may be doing too much work on its main thread.
I/Choreographer(  358): Skipped 35 frames!  The application may be doing too much work on its main thread.
I/Choreographer(  358): Skipped 35 frames!  The application may be doing too much work on its main thread.
D/AndroidRuntime( 1253): 
D/AndroidRuntime( 1253): >>>>>> AndroidRuntime START com.android.internal.os.RuntimeInit <<<<<<
D/AndroidRuntime( 1253): CheckJNI is ON
D/dalvikvm( 1253): Trying to load lib libjavacore.so 0x0
D/dalvikvm( 1253): Added shared lib libjavacore.so 0x0
D/dalvikvm( 1253): Trying to load lib libnativehelper.so 0x0
D/dalvikvm( 1253): Added shared lib libnativehelper.so 0x0
D/dalvikvm( 1253): No JNI_OnLoad found in libnativehelper.so 0x0, skipping init
D/dalvikvm( 1253): Note: class Landroid/app/ActivityManagerNative; has 179 unimplemented (abstract) methods
E/memtrack( 1253): Couldn't load memtrack module (No such file or directory)
E/android.os.Debug( 1253): failed to load memtrack module: -2
D/AndroidRuntime( 1253): Calling main entry com.android.commands.am.Am
I/ActivityManager(  358): START u0 {act=android.intent.action.MAIN cat=[android.intent.category.LAUNCHER] flg=0x10000000 cmp=com.zinn.Gpsrouteaddressfinder/.MainActivity} from pid 1253
D/SKMaps  ( 1155): SKMapSurfaceView----SKMapSurfaceView constructor
D/dalvikvm( 1155): Trying to load lib /data/app-lib/com.zinn.Gpsrouteaddressfinder-1/libngnative.so 0xb2d4cff0
D/dalvikvm( 1155): Shared lib '/data/app-lib/com.zinn.Gpsrouteaddressfinder-1/libngnative.so' already loaded in same CL 0xb2d4cff0
D/SKMaps  ( 1155): MapRenderer----Set map density 1.0
D/SKMaps  ( 1155): SKMapSurfaceView----SKMapSurfaceView constructor preserved GL Context is true 
D/SKMaps  ( 1155): SKMapSurfaceView----@onPause 
D/SKMaps  ( 1155): SKMapSurfaceView----@onPause preserver GlContext is TRUE 
D/SKMaps  ( 1155): SKCalloutView----Image  path = /data/data/com.zinn.Gpsrouteaddressfinder/files/SKMaps//res/mdpi/icon_map_popup_navigate.png
D/SKMaps  ( 1155): SKCalloutView----Image  path = /data/data/com.zinn.Gpsrouteaddressfinder/files/SKMaps//res/mdpi/icon_map_popup_arrow.png
D/dalvikvm( 1155): GC_CONCURRENT freed 314K, 6% free 6588K/6980K, paused 28ms+31ms, total 84ms
D/dalvikvm( 1155): WAIT_FOR_CONCURRENT_GC blocked 57ms
D/dalvikvm( 1155): GC_FOR_ALLOC freed 33K, 5% free 7042K/7340K, paused 40ms, total 41ms
I/dalvikvm-heap( 1155): Grow heap (frag case) to 8.409MB for 1536016-byte allocation
D/dalvikvm( 1155): GC_FOR_ALLOC freed <1K, 4% free 8542K/8844K, paused 125ms, total 125ms
D/dalvikvm( 1155): GC_CONCURRENT freed 7K, 4% free 8534K/8844K, paused 4ms+2ms, total 115ms
E/all_contact( 1155): java.lang.NullPointerException
W/GooglePlayServicesUtil( 1155): Google Play services is missing.
I/Ads     ( 1155): Starting ad request.
I/Ads     ( 1155): Please set theme of AdActivity to @android:style/Theme.Translucent to enable transparent background interstitial ad.
W/GooglePlayServicesUtil( 1155): Google Play services is missing.
I/Ads     ( 1155): Starting ad request.
I/Ads     ( 1155): Please set theme of AdActivity to @android:style/Theme.Translucent to enable transparent background interstitial ad.
D/SKMaps  ( 1155): SKMapViewHolder----@onResume 
D/SKMaps  ( 1155): SKMapSurfaceView----@onResume 
D/SKMaps  ( 1155): SKMapSurfaceView----@onResume preserve GL context is TRUE 
I/Choreographer( 1155): Skipped 327 frames!  The application may be doing too much work on its main thread.
D/SKMaps  ( 1155): MapRenderer----@onSurfaceCreated
D/SKMaps  ( 1155): MapRenderer----@onSurfaceCreated LinInitialized = true 
D/SKMaps  ( 1155): MapRenderer---- @initGLView 
D/SkobblerNG( 1155): set density JNI  - before NG_SetScreenScale 
D/SkobblerNG( 1155): set density JNI  - after NG_SetScreenScale 
I/Choreographer( 1155): Skipped 155 frames!  The application may be doing too much work on its main thread.
E/libEGL  ( 1155): called unimplemented OpenGL ES API
E/libEGL  ( 1155): called unimplemented OpenGL ES API
E/libEGL  ( 1155): called unimplemented OpenGL ES API
E/libEGL  ( 1155): called unimplemented OpenGL ES API
E/libEGL  ( 1155): called unimplemented OpenGL ES API
E/libEGL  ( 1155): called unimplemented OpenGL ES API
E/libEGL  ( 1155): called unimplemented OpenGL ES API
E/libEGL  ( 1155): called unimplemented OpenGL ES API
E/libEGL  ( 1155): called unimplemented OpenGL ES API
E/libEGL  ( 1155): called unimplemented OpenGL ES API
E/libEGL  ( 1155): called unimplemented OpenGL ES API
E/libEGL  ( 1155): called unimplemented OpenGL ES API
E/libEGL  ( 1155): called unimplemented OpenGL ES API
E/libEGL  ( 1155): called unimplemented OpenGL ES API
E/libEGL  ( 1155): called unimplemented OpenGL ES API
E/libEGL  ( 1155): called unimplemented OpenGL ES API
E/libEGL  ( 1155): called unimplemented OpenGL ES API
E/libEGL  ( 1155): called unimplemented OpenGL ES API
E/libEGL  ( 1155): called unimplemented OpenGL ES API
E/libEGL  ( 1155): called unimplemented OpenGL ES API
E/libEGL  ( 1155): called unimplemented OpenGL ES API
E/libEGL  ( 1155): called unimplemented OpenGL ES API
E/libEGL  ( 1155): called unimplemented OpenGL ES API
E/libEGL  ( 1155): called unimplemented OpenGL ES API
E/libEGL  ( 1155): called unimplemented OpenGL ES API
E/libEGL  ( 1155): called unimplemented OpenGL ES API
E/libEGL  ( 1155): called unimplemented OpenGL ES API
E/libEGL  ( 1155): called unimplemented OpenGL ES API
E/libEGL  ( 1155): called unimplemented OpenGL ES API
E/libEGL  ( 1155): called unimplemented OpenGL ES API
E/libEGL  ( 1155): called unimplemented OpenGL ES API
E/libEGL  ( 1155): called unimplemented OpenGL ES API
E/libEGL  ( 1155): called unimplemented OpenGL ES API
E/libEGL  ( 1155): called unimplemented OpenGL ES API
E/libEGL  ( 1155): called unimplemented OpenGL ES API
E/libEGL  ( 1155): called unimplemented OpenGL ES API
E/libEGL  ( 1155): called unimplemented OpenGL ES API
E/libEGL  ( 1155): called unimplemented OpenGL ES API
E/libEGL  ( 1155): called unimplemented OpenGL ES API
E/libEGL  ( 1155): called unimplemented OpenGL ES API
E/libEGL  ( 1155): called unimplemented OpenGL ES API
E/libEGL  ( 1155): called unimplemented OpenGL ES API
E/libEGL  ( 1155): called unimplemented OpenGL ES API
E/libEGL  ( 1155): called unimplemented OpenGL ES API
E/libEGL  ( 1155): called unimplemented OpenGL ES API
E/libEGL  ( 1155): called unimplemented OpenGL ES API
E/libEGL  ( 1155): called unimplemented OpenGL ES API
E/libEGL  ( 1155): called unimplemented OpenGL ES API
E/libEGL  ( 1155): called unimplemented OpenGL ES API
E/libEGL  ( 1155): called unimplemented OpenGL ES API
E/libEGL  ( 1155): called unimplemented OpenGL ES API
E/libEGL  ( 1155): called unimplemented OpenGL ES API
E/libEGL  ( 1155): called unimplemented OpenGL ES API
E/libEGL  ( 1155): called unimplemented OpenGL ES API
E/libEGL  ( 1155): called unimplemented OpenGL ES API
E/libEGL  ( 1155): called unimplemented OpenGL ES API
E/libEGL  ( 1155): called unimplemented OpenGL ES API
E/libEGL  ( 1155): called unimplemented OpenGL ES API
E/libEGL  ( 1155): called unimplemented OpenGL ES API
E/libEGL  ( 1155): called unimplemented OpenGL ES API
E/libEGL  ( 1155): called unimplemented OpenGL ES API
E/libEGL  ( 1155): called unimplemented OpenGL ES API
E/libEGL  ( 1155): called unimplemented OpenGL ES API
E/libEGL  ( 1155): called unimplemented OpenGL ES API
E/libEGL  ( 1155): called unimplemented OpenGL ES API
E/libEGL  ( 1155): called unimplemented OpenGL ES API
E/libEGL  ( 1155): called unimplemented OpenGL ES API
E/libEGL  ( 1155): called unimplemented OpenGL ES API
E/libEGL  ( 1155): called unimplemented OpenGL ES API
E/libEGL  ( 1155): called unimplemented OpenGL ES API
E/libEGL  ( 1155): called unimplemented OpenGL ES API
E/libEGL  ( 1155): called unimplemented OpenGL ES API
E/libEGL  ( 1155): called unimplemented OpenGL ES API
E/libEGL  ( 1155): called unimplemented OpenGL ES API
E/libEGL  ( 1155): called unimplemented OpenGL ES API
E/libEGL  ( 1155): called unimplemented OpenGL ES API
E/libEGL  ( 1155): called unimplemented OpenGL ES API
E/libEGL  ( 1155): called unimplemented OpenGL ES API
E/libEGL  ( 1155): called unimplemented OpenGL ES API
E/libEGL  ( 1155): called unimplemented OpenGL ES API
E/libEGL  ( 1155): called unimplemented OpenGL ES API
E/libEGL  ( 1155): called unimplemented OpenGL ES API
E/libEGL  ( 1155): called unimplemented OpenGL ES API
E/libEGL  ( 1155): called unimplemented OpenGL ES API
E/libEGL  ( 1155): called unimplemented OpenGL ES API
E/libEGL  ( 1155): called unimplemented OpenGL ES API
E/libEGL  ( 1155): called unimplemented OpenGL ES API
E/libEGL  ( 1155): called unimplemented OpenGL ES API
E/libEGL  ( 1155): called unimplemented OpenGL ES API
E/libEGL  ( 1155): called unimplemented OpenGL ES API
E/libEGL  ( 1155): called unimplemented OpenGL ES API
E/libEGL  ( 1155): called unimplemented OpenGL ES API
E/libEGL  ( 1155): called unimplemented OpenGL ES API
E/libEGL  ( 1155): called unimplemented OpenGL ES API
E/libEGL  ( 1155): called unimplemented OpenGL ES API
E/libEGL  ( 1155): called unimplemented OpenGL ES API
E/libEGL  ( 1155): called unimplemented OpenGL ES API
E/libEGL  ( 1155): called unimplemented OpenGL ES API
E/libEGL  ( 1155): called unimplemented OpenGL ES API
E/libEGL  ( 1155): called unimplemented OpenGL ES API
E/libEGL  ( 1155): called unimplemented OpenGL ES API
E/libEGL  ( 1155): called unimplemented OpenGL ES API
E/libEGL  ( 1155): called unimplemented OpenGL ES API
E/libEGL  ( 1155): called unimplemented OpenGL ES API
E/libEGL  ( 1155): called unimplemented OpenGL ES API
E/libEGL  ( 1155): called unimplemented OpenGL ES API
E/libEGL  ( 1155): called unimplemented OpenGL ES API
E/libEGL  ( 1155): called unimplemented OpenGL ES API
E/libEGL  ( 1155): called unimplemented OpenGL ES API
E/libEGL  ( 1155): called unimplemented OpenGL ES API
E/libEGL  ( 1155): called unimplemented OpenGL ES API
E/libEGL  ( 1155): called unimplemented OpenGL ES API
E/libEGL  ( 1155): called unimplemented OpenGL ES API
E/libEGL  ( 1155): called unimplemented OpenGL ES API
E/libEGL  ( 1155): called unimplemented OpenGL ES API
E/libEGL  ( 1155): called unimplemented OpenGL ES API
E/libEGL  ( 1155): called unimplemented OpenGL ES API
E/libEGL  ( 1155): called unimplemented OpenGL ES API
E/libEGL  ( 1155): called unimplemented OpenGL ES API
E/libEGL  ( 1155): called unimplemented OpenGL ES API
E/libEGL  ( 1155): called unimplemented OpenGL ES API
E/libEGL  ( 1155): called unimplemented OpenGL ES API
E/libEGL  ( 1155): called unimplemented OpenGL ES API
E/libEGL  ( 1155): called unimplemented OpenGL ES API
E/libEGL  ( 1155): called unimplemented OpenGL ES API
E/libEGL  ( 1155): called unimplemented OpenGL ES API
E/libEGL  ( 1155): called unimplemented OpenGL ES API
E/libEGL  ( 1155): called unimplemented OpenGL ES API
E/libEGL  ( 1155): called unimplemented OpenGL ES API
E/libEGL  ( 1155): called unimplemented OpenGL ES API
E/libEGL  ( 1155): called unimplemented OpenGL ES API
E/libEGL  ( 1155): called unimplemented OpenGL ES API
E/libEGL  ( 1155): called unimplemented OpenGL ES API
E/libEGL  ( 1155): called unimplemented OpenGL ES API
E/libEGL  ( 1155): called unimplemented OpenGL ES API
E/libEGL  ( 1155): called unimplemented OpenGL ES API
E/libEGL  ( 1155): called unimplemented OpenGL ES API
E/libEGL  ( 1155): called unimplemented OpenGL ES API
E/libEGL  ( 1155): called unimplemented OpenGL ES API
E/libEGL  ( 1155): called unimplemented OpenGL ES API
E/libEGL  ( 1155): called unimplemented OpenGL ES API
E/libEGL  ( 1155): called unimplemented OpenGL ES API
E/libEGL  ( 1155): called unimplemented OpenGL ES API
E/libEGL  ( 1155): called unimplemented OpenGL ES API
E/libEGL  ( 1155): called unimplemented OpenGL ES API
E/libEGL  ( 1155): called unimplemented OpenGL ES API
E/libEGL  ( 1155): called unimplemented OpenGL ES API
E/libEGL  ( 1155): called unimplemented OpenGL ES API
E/libEGL  ( 1155): called unimplemented OpenGL ES API
E/libEGL  ( 1155): called unimplemented OpenGL ES API
E/libEGL  ( 1155): called unimplemented OpenGL ES API
E/libEGL  ( 1155): called unimplemented OpenGL ES API
E/libEGL  ( 1155): called unimplemented OpenGL ES API
E/libEGL  ( 1155): called unimplemented OpenGL ES API
E/libEGL  ( 1155): called unimplemented OpenGL ES API
E/libEGL  ( 1155): called unimplemented OpenGL ES API
E/libEGL  ( 1155): called unimplemented OpenGL ES API
E/libEGL  ( 1155): called unimplemented OpenGL ES API
E/libEGL  ( 1155): called unimplemented OpenGL ES API
E/libEGL  ( 1155): called unimplemented OpenGL ES API
E/libEGL  ( 1155): called unimplemented OpenGL ES API
E/libEGL  ( 1155): called unimplemented OpenGL ES API
E/libEGL  ( 1155): called unimplemented OpenGL ES API
E/libEGL  ( 1155): called unimplemented OpenGL ES API
E/libEGL  ( 1155): called unimplemented OpenGL ES API
E/libEGL  ( 1155): called unimplemented OpenGL ES API
E/libEGL  ( 1155): called unimplemented OpenGL ES API
E/libEGL  ( 1155): called unimplemented OpenGL ES API
E/libEGL  ( 1155): called unimplemented OpenGL ES API
E/libEGL  ( 1155): called unimplemented OpenGL ES API
E/libEGL  ( 1155): called unimplemented OpenGL ES API
E/libEGL  ( 1155): called unimplemented OpenGL ES API
E/libEGL  ( 1155): called unimplemented OpenGL ES API
E/libEGL  ( 1155): called unimplemented OpenGL ES API
E/libEGL  ( 1155): called unimplemented OpenGL ES API
E/libEGL  ( 1155): called unimplemented OpenGL ES API
E/libEGL  ( 1155): called unimplemented OpenGL ES API
E/libEGL  ( 1155): called unimplemented OpenGL ES API
E/libEGL  ( 1155): called unimplemented OpenGL ES API
E/libEGL  ( 1155): called unimplemented OpenGL ES API
E/libEGL  ( 1155): called unimplemented OpenGL ES API
E/libEGL  ( 1155): called unimplemented OpenGL ES API
E/libEGL  ( 1155): called unimplemented OpenGL ES API
E/libEGL  ( 1155): called unimplemented OpenGL ES API
E/libEGL  ( 1155): called unimplemented OpenGL ES API
E/libEGL  ( 1155): called unimplemented OpenGL ES API
E/libEGL  ( 1155): called unimplemented OpenGL ES API
E/libEGL  ( 1155): called unimplemented OpenGL ES API
E/libEGL  ( 1155): called unimplemented OpenGL ES API
E/libEGL  ( 1155): called unimplemented OpenGL ES API
E/libEGL  ( 1155): called unimplemented OpenGL ES API
E/libEGL  ( 1155): called unimplemented OpenGL ES API
E/libEGL  ( 1155): called unimplemented OpenGL ES API
E/libEGL  ( 1155): called unimplemented OpenGL ES API
E/libEGL  ( 1155): called unimplemented OpenGL ES API
E/libEGL  ( 1155): called unimplemented OpenGL ES API
E/libEGL  ( 1155): called unimplemented OpenGL ES API
E/libEGL  ( 1155): called unimplemented OpenGL ES API
E/libEGL  ( 1155): called unimplemented OpenGL ES API
E/libEGL  ( 1155): called unimplemented OpenGL ES API
E/libEGL  ( 1155): called unimplemented OpenGL ES API
E/libEGL  ( 1155): called unimplemented OpenGL ES API
E/libEGL  ( 1155): called unimplemented OpenGL ES API
E/libEGL  ( 1155): called unimplemented OpenGL ES API
I/Choreographer( 1155): Skipped 120 frames!  The application may be doing too much work on its main thread.
I/ActivityManager(  358): Displayed com.zinn.Gpsrouteaddressfinder/.MainActivity: +2s779ms
D/AndroidRuntime( 1253): Shutting down VM
D/dalvikvm( 1253): GC_CONCURRENT freed 98K, 15% free 589K/692K, paused 2ms+2ms, total 22ms
I/Choreographer( 1155): Skipped 74 frames!  The application may be doing too much work on its main thread.
I/Choreographer(  358): Skipped 35 frames!  The application may be doing too much work on its main thread.
D/AndroidRuntime( 1270): 
D/AndroidRuntime( 1270): >>>>>> AndroidRuntime START com.android.internal.os.RuntimeInit <<<<<<
D/AndroidRuntime( 1270): CheckJNI is ON
D/dalvikvm( 1270): Trying to load lib libjavacore.so 0x0
D/SKMaps  ( 1155): MapRenderer----result of initializing GL 0
D/SkobblerNG( 1155): 3D off
D/dalvikvm( 1270): Added shared lib libjavacore.so 0x0
D/SkobblerNG( 1155): NG_SetCCPIcon(12)
D/SKMaps  ( 1155): MapRenderer----onSurfaceChanged width = 480 height= 785
E/libEGL  ( 1155): called unimplemented OpenGL ES API
E/libEGL  ( 1155): called unimplemented OpenGL ES API
E/libEGL  ( 1155): called unimplemented OpenGL ES API
E/libEGL  ( 1155): called unimplemented OpenGL ES API
D/dalvikvm( 1270): Trying to load lib libnativehelper.so 0x0
D/dalvikvm( 1270): Added shared lib libnativehelper.so 0x0
D/dalvikvm( 1270): No JNI_OnLoad found in libnativehelper.so 0x0, skipping init
W/SKMaps  ( 1155): MapRenderer----@onSurfaceCreated called main
D/SKMaps  ( 1155): SKMapSurfaceView----Set map follower mode NONE
F/libc    ( 1155): Fatal signal 6 (SIGABRT) at 0x00000483 (code=-6), thread 1263 (Thread-116)
E/Gps Check( 1155): Gps is Enabled
D/SKMaps  ( 1155): SKRouteManager----@clearCurrentRoute 
D/SkobblerNG( 1155): clear route
D/SKMaps  ( 1155): SKRouteManager---- @clearAllRoutesFromCache 
D/dalvikvm( 1270): Note: class Landroid/app/ActivityManagerNative; has 179 unimplemented (abstract) methods
I/DEBUG   (   56): *** *** *** *** *** *** *** *** *** *** *** *** *** *** *** ***
I/DEBUG   (   56): Build fingerprint: 'generic/sdk/generic:4.4.4/KK/1743154:eng/test-keys'
I/DEBUG   (   56): Revision: '0'
I/DEBUG   (   56): pid: 1155, tid: 1263, name: Thread-116  >>> com.zinn.Gpsrouteaddressfinder <<<
I/DEBUG   (   56): signal 6 (SIGABRT), code -6 (SI_TKILL), fault addr --------
W/ActivityManager(  358): Launch timeout has expired, giving up wake lock!
E/memtrack( 1270): Couldn't load memtrack module (No such file or directory)
E/android.os.Debug( 1270): failed to load memtrack module: -2
I/DEBUG   (   56):     r0 00000000  r1 000004ef  r2 00000006  r3 00000000
I/DEBUG   (   56):     r4 00000006  r5 00000016  r6 000004ef  r7 0000010c
I/DEBUG   (   56):     r8 0000004e  r9 fffffd6c  sl a9cfa740  fp a3a2e9ac
I/DEBUG   (   56):     ip b8ad2ee8  sp a3a2e7f8  lr b6f3bead  pc b6f4ae20  cpsr 00000010
I/DEBUG   (   56):     d0  3717f7d10000812f  d1  3f80000000000000
I/DEBUG   (   56):     d2  000000004197fdf4  d3  bfbc71df43700000
I/DEBUG   (   56):     d4  3fef730b40c00000  d5  bfc999ab3f317180
I/DEBUG   (   56):     d6  000000013f800000  d7  47012f0000000000
I/DEBUG   (   56):     d8  41dfffffffc00000  d9  c1e0000000000000
I/DEBUG   (   56):     d10 4f0000005f000000  d11 cf000000df000000
I/DEBUG   (   56):     d12 0000000000000000  d13 0000000000000000
I/DEBUG   (   56):     d14 0000000000000000  d15 0000000000000000
I/DEBUG   (   56):     scr 80000010
I/DEBUG   (   56): 
I/DEBUG   (   56): backtrace:
I/DEBUG   (   56):     #00  pc 00021e20  /system/lib/libc.so (tgkill+12)
I/DEBUG   (   56):     #01  pc 00012ea9  /system/lib/libc.so (pthread_kill+48)
I/DEBUG   (   56):     #02  pc 000130bd  /system/lib/libc.so (raise+10)
I/DEBUG   (   56):     #03  pc 00011df3  /system/lib/libc.so
I/DEBUG   (   56):     #04  pc 000216d4  /system/lib/libc.so (abort+4)
I/DEBUG   (   56):     #05  pc 0046e258  /data/app-lib/com.zinn.Gpsrouteaddressfinder-1/libngnative.so (__gnu_cxx::__verbose_terminate_handler()+344)
I/DEBUG   (   56): 
I/DEBUG   (   56): stack:
I/DEBUG   (   56):          a3a2e7b8  ffffffff  
I/DEBUG   (   56):          a3a2e7bc  00000000  
I/DEBUG   (   56):          a3a2e7c0  0016ff88  
I/DEBUG   (   56):          a3a2e7c4  0212d000  
I/DEBUG   (   56):          a3a2e7c8  a0034008  
I/DEBUG   (   56):          a3a2e7cc  b6f39d33  /system/lib/libc.so (dlmalloc+4254)
I/DEBUG   (   56):          a3a2e7d0  0016ff80  
I/DEBUG   (   56):          a3a2e7d4  b6f71e00  /system/lib/libc.so
I/DEBUG   (   56):          a3a2e7d8  b6f38c95  /system/lib/libc.so (dlmalloc)
I/DEBUG   (   56):          a3a2e7dc  b8ad2e80  [heap]
I/DEBUG   (   56):          a3a2e7e0  b6f721f8  /system/lib/libc.so
I/DEBUG   (   56):          a3a2e7e4  0000000b  
I/DEBUG   (   56):          a3a2e7e8  a9dd710c  /data/app-lib/com.zinn.Gpsrouteaddressfinder-1/libngnative.so
I/DEBUG   (   56):          a3a2e7ec  b6f4e2a5  /system/lib/libc.so
I/DEBUG   (   56):          a3a2e7f0  b6f721a4  /system/lib/libc.so
I/DEBUG   (   56):          a3a2e7f4  b81edc88  [heap]
I/DEBUG   (   56):     #00  a3a2e7f8  00000006  
I/DEBUG   (   56):          a3a2e7fc  00000016  
I/DEBUG   (   56):          a3a2e800  000004ef  
I/DEBUG   (   56):          a3a2e804  b8ad2ee8  [heap]
I/DEBUG   (   56):          a3a2e808  b8ad2ee8  [heap]
I/DEBUG   (   56):          a3a2e80c  b6f3bead  /system/lib/libc.so (pthread_kill+52)
I/DEBUG   (   56):     #01  a3a2e810  00000006  
I/DEBUG   (   56):          a3a2e814  00000000  
I/DEBUG   (   56):          a3a2e818  b8ad64ec  [heap]
I/DEBUG   (   56):          a3a2e81c  b6f3c0c1  /system/lib/libc.so (raise+14)
I/DEBUG   (   56):     #02  a3a2e820  a3a2e82c  [stack:1263]
I/DEBUG   (   56):          a3a2e824  b6f3adf7  /system/lib/libc.so
I/DEBUG   (   56): 
I/DEBUG   (   56): memory near sl:
I/DEBUG   (   56):     a9cfa720 e1a05001 e1a04000 eb000151 e3750001  
I/DEBUG   (   56):     a9cfa730 0a000000 eb0129a6 e1a00004 eb00004f  
I/DEBUG   (   56):     a9cfa740 e92d4008 e59f3010 e59f2010 e08f3003  
I/DEBUG   (   56):     a9cfa750 e7933002 e5930000 ebffffeb 001273c8  
I/DEBUG   (   56):     a9cfa760 fffffd6c e92d4008 e12fff30 ebfffff3  
I/DEBUG   (   56):     a9cfa770 e92d4008 e59f3010 e59f2010 e08f3003  
I/DEBUG   (   56):     a9cfa780 e7933002 e5930000 ebfffff5 00127398  
I/DEBUG   (   56):     a9cfa790 fffffd70 e59f3018 e59f2018 e08f3003  
I/DEBUG   (   56):     a9cfa7a0 e7933002 e5932000 e5830000 e1a00002  
I/DEBUG   (   56):     a9cfa7b0 e12fff1e 00127378 fffffd6c e59f3018  
I/DEBUG   (   56):     a9cfa7c0 e59f2018 e08f3003 e7933002 e5932000  
I/DEBUG   (   56):     a9cfa7d0 e5830000 e1a00002 e12fff1e 00127350  
I/DEBUG   (   56):     a9cfa7e0 fffffd70 e5d03000 e3530047 0a000001  
I/DEBUG   (   56):     a9cfa7f0 e3a00000 e12fff1e e5d03001 e353004e  
I/DEBUG   (   56):     a9cfa800 1afffffa e5d03002 e3530055 1afffff7  
I/DEBUG   (   56):     a9cfa810 e5d03003 e3530043 1afffff4 e5d03004  
I/DEBUG   (   56): 
I/DEBUG   (   56): memory near fp:
I/DEBUG   (   56):     a3a2e98c b5aa9bd0 000001e0 00000311 a919df0c  
I/DEBUG   (   56):     a3a2e99c 00000001 00000000 b311d0c8 a9f76000  
I/DEBUG   (   56):     a3a2e9ac b5ad9f03 a919df0c aa1fd860 a99bf621  
I/DEBUG   (   56):     a3a2e9bc a3a2ec38 b8ad2e78 b8ad2e80 00000000  
I/DEBUG   (   56):     a3a2e9cc 00000000 af620494 b6f7635c b6f72000  
I/DEBUG   (   56):     a3a2e9dc b8ad2f19 b8ad2f19 b8ad2e80 b8ad2ee0  
I/DEBUG   (   56):     a3a2e9ec 00000000 b8ad64e0 b8ad2ee8 a99bf621  
I/DEBUG   (   56):     a3a2e9fc b6f3a11f b6f72000 b8ad2ee8 00000000  
I/DEBUG   (   56):     a3a2ea0c b8ad64e0 00000000 b6f36afd af620494  
I/DEBUG   (   56):     a3a2ea1c b5adbb2f b2eea4e0 b2d3e008 b83ded3c  
I/DEBUG   (   56):     a3a2ea2c b2eea4e0 fffffea0 b83de9d0 b2eea4e0  
I/DEBUG   (   56):     a3a2ea3c 00000022 00000000 b5ae1695 b2eea4e0  
I/DEBUG   (   56):     a3a2ea4c 00000000 b2eea4e0 b5b3b1f0 a3a2eac4  
I/DEBUG   (   56):     a3a2ea5c b0c1d35c 00000001 b311c988 0000001c  
I/DEBUG   (   56):     a3a2ea6c 00000001 b0c1d348 aa25d999 a3a2eac4  
I/DEBUG   (   56):     a3a2ea7c 00000038 00000000 b5af7aff aa25d999  
I/DEBUG   (   56): 
I/DEBUG   (   56): memory near ip:
I/DEBUG   (   56):     b8ad2ec8 00000000 00000000 00000000 00000000  
I/DEBUG   (   56):     b8ad2ed8 00000000 00000000 00000000 0000006b  
I/DEBUG   (   56):     b8ad2ee8 b8ad39b8 b8ad31a0 00000000 00000000  
I/DEBUG   (   56):     b8ad2ef8 00000100 0008007f 01e903ea 01e90fdd  
I/DEBUG   (   56):     b8ad2f08 00001000 00001000 00000000 00000000  
I/DEBUG   (   56):     b8ad2f18 b8ad3c60 b672c71b 00000000 00000000  
I/DEBUG   (   56):     b8ad2f28 00000000 00000000 00000000 00000000  
I/DEBUG   (   56):     b8ad2f38 00000000 00690076 00790074 00000000  
I/DEBUG   (   56):     b8ad2f48 00000068 0000006b 00000001 00000050  
I/DEBUG   (   56):     b8ad2f58 006e0061 00720064 00000001 0000002c  
I/DEBUG   (   56):     b8ad2f68 fffffffe 00000000 00000000 00610072  
I/DEBUG   (   56):     b8ad2f78 00680070 00630069 00750042 00660066  
I/DEBUG   (   56):     b8ad2f88 00720065 00720050 0064006f 00630075  
I/DEBUG   (   56):     b8ad2f98 00720065 00000000 00000002 00000029  
I/DEBUG   (   56):     b8ad2fa8 00000000 2accd006 00000030 0000004b  
I/DEBUG   (   56):     b8ad2fb8 6f634c5b 6b732f6d 6c62626f 6e2f7265  
I/DEBUG   (   56): 
I/DEBUG   (   56): memory near sp:
I/DEBUG   (   56):     a3a2e7d8 b6f38c95 b8ad2e80 b6f721f8 0000000b  
I/DEBUG   (   56):     a3a2e7e8 a9dd710c b6f4e2a5 b6f721a4 b81edc88  
I/DEBUG   (   56):     a3a2e7f8 00000006 00000016 000004ef b8ad2ee8  
I/DEBUG   (   56):     a3a2e808 b8ad2ee8 b6f3bead 00000006 00000000  
I/DEBUG   (   56):     a3a2e818 b8ad64ec b6f3c0c1 a3a2e82c b6f3adf7  
I/DEBUG   (   56):     a3a2e828 b6f721f8 ffffffdf 0000000a 00000000  
I/DEBUG   (   56):     a3a2e838 b6f721f8 b6f802fc 0000000a b6f72150  
I/DEBUG   (   56):     a3a2e848 00000001 b6f4a6d8 000004ef a9d4525c  
I/DEBUG   (   56):     a3a2e858 b8ad0bc8 00000000 00000055 b8ad0bc8  
I/DEBUG   (   56):     a3a2e868 00000000 00000055 00000047 a9cfa714  
I/DEBUG   (   56):     a3a2e878 a9e226e0 a9cfa75c 00000000 a9cfc48c  
I/DEBUG   (   56):     a3a2e888 00000311 b8ad0c20 000001e0 00000000  
I/DEBUG   (   56):     a3a2e898 a7a1fc14 a3a2e934 a3a2ec38 a9c73f2f  
I/DEBUG   (   56):     a3a2e8a8 a3a2e8c8 a3a2e8c8 b8ad64ec 00000000  
I/DEBUG   (   56):     a3a2e8b8 a3a2e8c8 aa99951d a3a2e8c8 aa999f7d  
I/DEBUG   (   56):     a3a2e8c8 b83930d8 00000000 00000311 a7a1fbf8  
I/DEBUG   (   56): 
I/DEBUG   (   56): code around pc:
I/DEBUG   (   56):     b6f4ae00 e8bd00f0 e3700a01 912fff1e e2600000  
I/DEBUG   (   56):     b6f4ae10 ea006b41 e92d50f0 e3a07f43 ef000000  
I/DEBUG   (   56):     b6f4ae20 e8bd50f0 e3700a01 912fff1e e2600000  
I/DEBUG   (   56):     b6f4ae30 ea006b39 e92d50f0 e3a070ee ef000000  
I/DEBUG   (   56):     b6f4ae40 e8bd50f0 e3700a01 912fff1e e2600000  
I/DEBUG   (   56):     b6f4ae50 ea006b31 e1520003 ca0000c8 e92d4011  
I/DEBUG   (   56):     b6f4ae60 e24dd01c f5d0f000 f5d1f000 f5d1f020  
I/DEBUG   (   56):     b6f4ae70 e3520004 3a0000b7 e2613000 e2133003  
I/DEBUG   (   56):     b6f4ae80 0a000007 e1b0cf83 e0422003 44d13001  
I/DEBUG   (   56):     b6f4ae90 24d14001 24d1c001 44c03001 24c04001  
I/DEBUG   (   56):     b6f4aea0 24c0c001 e020c001 e31c0003 1a00002b  
I/DEBUG   (   56):     b6f4aeb0 e88d0fe0 e2603000 e213301c 0a00000a  
I/DEBUG   (   56):     b6f4aec0 e1530002 8202301c e1b0ce03 28b100f0  
I/DEBUG   (   56):     b6f4aed0 48b10300 28a000f0 48a00300 e3130004  
I/DEBUG   (   56):     b6f4aee0 1491a004 1480a004 e0422003 e2522020  
I/DEBUG   (   56):     b6f4aef0 3a000008 e3c1c01f e28cc040 e8b10ff0  
I/DEBUG   (   56): 
I/DEBUG   (   56): code around lr:
I/DEBUG   (   56):     b6f3be8c 447b4b13 42b3e010 6a1ed10e 44784811  
I/DEBUG   (   56):     b6f3be9c ec8ef7fb e9f2f00d 46224631 efb4f00e  
I/DEBUG   (   56):     b6f3beac d00a3001 e00b2400 2b00681b 480ad1eb  
I/DEBUG   (   56):     b6f3bebc 44782403 ec7cf7fb f001e002 6804fa23  
I/DEBUG   (   56):     b6f3becc fa20f001 46206005 bf00bd70 0003a4ee  
I/DEBUG   (   56):     b6f3bedc 0003a4e2 0003a4da 0003a4b6 bf7ef7ff  
I/DEBUG   (   56):     b6f3beec 4a3e4b3d e92d447b b08b43f0 4606589c  
I/DEBUG   (   56):     b6f3befc 6823460d 930946a1 fa04f001 8000f8d0  
I/DEBUG   (   56):     b6f3bf0c d0482d00 f0264628 280ffc57 d8444604  
I/DEBUG   (   56):     b6f3bf1c ffe4f7ff d1064286 4629200f e8bcf00d  
I/DEBUG   (   56):     b6f3bf2c d03c2800 482ee02e f7fb4478 482debc4  
I/DEBUG   (   56):     b6f3bf3c e0154478 d11342b0 482b6a06 f7fb4478  
I/DEBUG   (   56):     b6f3bf4c 4a2aec38 46332120 a801447a fbb6f012  
I/DEBUG   (   56):     b6f3bf5c a8012101 feccf019 46061c42 e011d104  
I/DEBUG   (   56):     b6f3bf6c 28006800 e02cd1e6 46294630 f00d4622  
I/DEBUG   (   56):     b6f3bf7c 1c43e8f8 d11e4607 f9c4f001 29046801  
D/AndroidRuntime( 1270): Calling main entry com.android.commands.am.Am
I/ActivityManager(  358): START u0 {act=android.intent.action.MAIN cat=[android.intent.category.LAUNCHER] flg=0x10000000 cmp=com.zinn.Gpsrouteaddressfinder/.MyLocationScreen} from pid 1270
W/ActivityManager(  358): Activity pause timeout for ActivityRecord{b3040670 u0 com.zinn.Gpsrouteaddressfinder/.MainActivity t5}
E/NativeCrashListener(  358): Exception dealing with report
E/NativeCrashListener(  358): libcore.io.ErrnoException: read failed: EAGAIN (Try again)
E/NativeCrashListener(  358): 	at libcore.io.Posix.readBytes(Native Method)
E/NativeCrashListener(  358): 	at libcore.io.Posix.read(Posix.java:128)
E/NativeCrashListener(  358): 	at libcore.io.BlockGuardOs.read(BlockGuardOs.java:149)
E/NativeCrashListener(  358): 	at com.android.server.am.NativeCrashListener.consumeNativeCrashData(NativeCrashListener.java:240)
E/NativeCrashListener(  358): 	at com.android.server.am.NativeCrashListener.run(NativeCrashListener.java:138)
I/ActivityManager(  358): Process com.zinn.Gpsrouteaddressfinder (pid 1155) has died.
W/InputDispatcher(  358): channel 'b2e0d868 com.zinn.Gpsrouteaddressfinder/com.zinn.Gpsrouteaddressfinder.StartActivity (server)' ~ Consumer closed input channel or an error occurred.  events=0x9
E/InputDispatcher(  358): channel 'b2e0d868 com.zinn.Gpsrouteaddressfinder/com.zinn.Gpsrouteaddressfinder.StartActivity (server)' ~ Channel is unrecoverably broken and will be disposed!
W/InputDispatcher(  358): channel 'b30810f0 com.zinn.Gpsrouteaddressfinder/com.zinn.Gpsrouteaddressfinder.StartActivity (server)' ~ Consumer closed input channel or an error occurred.  events=0x9
E/InputDispatcher(  358): channel 'b30810f0 com.zinn.Gpsrouteaddressfinder/com.zinn.Gpsrouteaddressfinder.StartActivity (server)' ~ Channel is unrecoverably broken and will be disposed!
W/InputDispatcher(  358): channel 'b2e0b8c0 com.zinn.Gpsrouteaddressfinder/com.zinn.Gpsrouteaddressfinder.MainActivity (server)' ~ Consumer closed input channel or an error occurred.  events=0x9
E/InputDispatcher(  358): channel 'b2e0b8c0 com.zinn.Gpsrouteaddressfinder/com.zinn.Gpsrouteaddressfinder.MainActivity (server)' ~ Channel is unrecoverably broken and will be disposed!
W/InputDispatcher(  358): channel 'b3040e40 com.zinn.Gpsrouteaddressfinder/com.zinn.Gpsrouteaddressfinder.MainActivity (server)' ~ Consumer closed input channel or an error occurred.  events=0x9
E/InputDispatcher(  358): channel 'b3040e40 com.zinn.Gpsrouteaddressfinder/com.zinn.Gpsrouteaddressfinder.MainActivity (server)' ~ Channel is unrecoverably broken and will be disposed!
D/Zygote  (   59): Process 1155 terminated by signal (6)
W/InputDispatcher(  358): Attempted to unregister already unregistered input channel 'b2e0b8c0 com.zinn.Gpsrouteaddressfinder/com.zinn.Gpsrouteaddressfinder.MainActivity (server)'
W/InputDispatcher(  358): Attempted to unregister already unregistered input channel 'b3040e40 com.zinn.Gpsrouteaddressfinder/com.zinn.Gpsrouteaddressfinder.MainActivity (server)'
I/WindowState(  358): WIN DEATH: Window{b2e0b8c0 u0 com.zinn.Gpsrouteaddressfinder/com.zinn.Gpsrouteaddressfinder.MainActivity}
I/WindowState(  358): WIN DEATH: Window{b3040e40 u0 com.zinn.Gpsrouteaddressfinder/com.zinn.Gpsrouteaddressfinder.MainActivity}
W/InputDispatcher(  358): Attempted to unregister already unregistered input channel 'b2e0d868 com.zinn.Gpsrouteaddressfinder/com.zinn.Gpsrouteaddressfinder.StartActivity (server)'
I/WindowState(  358): WIN DEATH: Window{b307bdb8 u0 SurfaceView}
I/WindowState(  358): WIN DEATH: Window{b2e0d868 u0 com.zinn.Gpsrouteaddressfinder/com.zinn.Gpsrouteaddressfinder.StartActivity}
W/ActivityManager(  358): Force removing ActivityRecord{b3040670 u0 com.zinn.Gpsrouteaddressfinder/.MainActivity t5}: app died, no saved state
W/InputDispatcher(  358): Attempted to unregister already unregistered input channel 'b30810f0 com.zinn.Gpsrouteaddressfinder/com.zinn.Gpsrouteaddressfinder.StartActivity (server)'
I/WindowState(  358): WIN DEATH: Window{b30810f0 u0 com.zinn.Gpsrouteaddressfinder/com.zinn.Gpsrouteaddressfinder.StartActivity}
W/ActivityManager(  358): Force removing ActivityRecord{b318c148 u0 com.zinn.Gpsrouteaddressfinder/.StartActivity t5}: app died, no saved state
I/ActivityManager(  358): Start proc com.zinn.Gpsrouteaddressfinder for activity com.zinn.Gpsrouteaddressfinder/.MyLocationScreen: pid=1286 uid=10052 gids={50052, 3003, 1028, 1015}
I/Choreographer(  358): Skipped 52 frames!  The application may be doing too much work on its main thread.
D/dalvikvm( 1286): GC_FOR_ALLOC freed 98K, 6% free 2796K/2968K, paused 28ms, total 31ms
I/dalvikvm-heap( 1286): Grow heap (frag case) to 4.262MB for 1536016-byte allocation
D/dalvikvm( 1286): GC_FOR_ALLOC freed 2K, 4% free 4294K/4472K, paused 16ms, total 16ms
D/dalvikvm( 1286): GC_CONCURRENT freed <1K, 4% free 4294K/4472K, paused 4ms+2ms, total 27ms
D/dalvikvm( 1286): GC_CONCURRENT freed 12K, 3% free 4721K/4844K, paused 5ms+3ms, total 43ms
W/GooglePlayServicesUtil( 1286): Google Play services is missing.
W/GooglePlayServicesUtil( 1286): Google Play services is missing.
V/WebViewChromiumFactoryProvider( 1286): Binding Chromium to main looper Looper (main, tid 1) {b2d47c38}
I/LibraryLoader( 1286): Expected native library version number "",actual native library version number ""
I/chromium( 1286): [INFO:library_loader_hooks.cc(116)] Chromium logging enabled: level = 0, default verbosity = 0
I/BrowserStartupController( 1286): Initializing chromium process, renderers=0
E/AudioManagerAndroid( 1286): BLUETOOTH permission is missing!
E/chromium( 1286): [ERROR:gl_surface_egl.cc(169)] No suitable EGL configs found.
E/chromium( 1286): [ERROR:gl_surface_egl.cc(702)] GLSurfaceEGL::InitializeOneOff failed.
E/chromium( 1286): [ERROR:gl_surface_egl.cc(169)] No suitable EGL configs found.
E/chromium( 1286): [ERROR:gl_surface_egl.cc(702)] GLSurfaceEGL::InitializeOneOff failed.
E/chromium( 1286): [ERROR:gpu_info_collector.cc(86)] gfx::GLSurface::InitializeOneOff() failed
W/chromium( 1286): [WARNING:mailbox_synchronizer.cc(36)] MailboxSync not supported due to missing EGL image/fence support
E/chromium( 1286): [ERROR:gl_surface_egl.cc(169)] No suitable EGL configs found.
E/chromium( 1286): [ERROR:gl_surface_egl.cc(702)] GLSurfaceEGL::InitializeOneOff failed.
I/Ads     ( 1286): Starting ad request.
I/Ads     ( 1286): Please set theme of AdActivity to @android:style/Theme.Translucent to enable transparent background interstitial ad.
W/GooglePlayServicesUtil( 1286): Google Play services is missing.
I/Ads     ( 1286): Starting ad request.
I/Ads     ( 1286): Please set theme of AdActivity to @android:style/Theme.Translucent to enable transparent background interstitial ad.
E/MyLocationScreen( 1286): lat/lng: (0.0,0.0)
I/Choreographer( 1286): Skipped 38 frames!  The application may be doing too much work on its main thread.
D/gralloc_goldfish( 1286): Emulator without GPU emulation detected.
I/Choreographer( 1286): Skipped 48 frames!  The application may be doing too much work on its main thread.
I/ActivityManager(  358): Displayed com.zinn.Gpsrouteaddressfinder/.MyLocationScreen: +4s943ms
D/AndroidRuntime( 1270): Shutting down VM
D/dalvikvm( 1270): GC_CONCURRENT freed 98K, 15% free 589K/692K, paused 2ms+2ms, total 30ms
D/dalvikvm( 1286): DexOpt: --- BEGIN 'ads-1653909242.jar' (bootstrap=0) ---
I/Choreographer( 1286): Skipped 51 frames!  The application may be doing too much work on its main thread.
E/GeocoderTask( 1286): 0.0
E/GeocoderTask( 1286): 0.0
I/Choreographer( 1286): Skipped 51 frames!  The application may be doing too much work on its main thread.
W/InputMethodManagerService(  358): Got RemoteException sending setActive(false) notification to pid 1155 uid 10052
W/Binder  (  580): Caught a RuntimeException from the binder stub implementation.
W/Binder  (  580): java.lang.NullPointerException
W/Binder  (  580): 	at android.inputmethodservice.IInputMethodWrapper.setSessionEnabled(IInputMethodWrapper.java:280)
W/Binder  (  580): 	at com.android.internal.view.IInputMethod$Stub.onTransact(IInputMethod.java:129)
W/Binder  (  580): 	at android.os.Binder.execTransact(Binder.java:404)
W/Binder  (  580): 	at dalvik.system.NativeStart.run(Native Method)
D/dalvikvm( 1319): DexOpt: load 26ms, verify+opt 44ms, 175996 bytes
D/dalvikvm( 1286): DexOpt: --- END 'ads-1653909242.jar' (success) ---
D/dalvikvm( 1286): DEX prep '/data/data/com.zinn.Gpsrouteaddressfinder/cache/ads-1653909242.jar': unzip in 10ms, rewrite 1242ms
D/dalvikvm( 1286): GC_CONCURRENT freed 320K, 7% free 5007K/5384K, paused 4ms+4ms, total 50ms
D/AndroidRuntime( 1320): 
D/AndroidRuntime( 1320): >>>>>> AndroidRuntime START com.android.internal.os.RuntimeInit <<<<<<
D/AndroidRuntime( 1320): CheckJNI is ON
D/dalvikvm( 1320): Trying to load lib libjavacore.so 0x0
D/dalvikvm( 1320): Added shared lib libjavacore.so 0x0
D/dalvikvm( 1320): Trying to load lib libnativehelper.so 0x0
D/dalvikvm( 1320): Added shared lib libnativehelper.so 0x0
D/dalvikvm( 1320): No JNI_OnLoad found in libnativehelper.so 0x0, skipping init
D/dalvikvm( 1320): Note: class Landroid/app/ActivityManagerNative; has 179 unimplemented (abstract) methods
E/memtrack( 1320): Couldn't load memtrack module (No such file or directory)
E/android.os.Debug( 1320): failed to load memtrack module: -2
D/AndroidRuntime( 1320): Calling main entry com.android.commands.am.Am
I/ActivityManager(  358): START u0 {act=android.intent.action.MAIN cat=[android.intent.category.LAUNCHER] flg=0x10000000 cmp=com.zinn.Gpsrouteaddressfinder/.SplashActivity} from pid 1320
D/AndroidRuntime( 1320): Shutting down VM
D/dalvikvm( 1320): GC_CONCURRENT freed 98K, 15% free 590K/692K, paused 2ms+1ms, total 12ms
W/chromium( 1286): [WARNING:proxy_service.cc(890)] PAC support disabled because there is no system implementation
W/chromium( 1286): [WARNING:simple_index_file.cc(338)] Could not map Simple Index file.
I/chromium( 1286): [INFO:simple_index_file.cc(437)] Simple Cache Index is being restored from disk.
W/Ads     ( 1286): There was a problem getting an ad response. ErrorCode: 0
W/Ads     ( 1286): Failed to load ad: 0
I/Choreographer( 1286): Skipped 57 frames!  The application may be doing too much work on its main thread.
W/Ads     ( 1286): Not enough space to show ad. Needs 480x90 dp, but only has 480x50 dp.
W/Ads     ( 1286): Invalid admob request error: [Current version of AdMob SDK is deprecated.Please update your SDK to the most recent SDK version to get the latest features and bug fixes. The latest SDK can be downloaded from http://goo.gl/r2TRzC .]
I/Ads     ( 1286): Received log message: <Google:HTML> You are using version 6171000.6171000.0 of the AdMob SDK which is non-compliant with the Google Play Ad Policy (http://goo.gl/r2TRzC). Please consider updating your SDK to the most  recent SDK version to get the latest features and bug fixes. See http://goo.gl/r2TRzC for instructions on how to get the latest version of Google Play services.
W/Ads     ( 1286): Invalid admob request error: [Current version of AdMob SDK is deprecated.Please update your SDK to the most recent SDK version to get the latest features and bug fixes. The latest SDK can be downloaded from http://goo.gl/r2TRzC .]
W/Ads     ( 1286): There was a problem getting an ad response. ErrorCode: 1
W/Ads     ( 1286): Failed to load ad: 1
D/AndroidRuntime( 1355): 
D/AndroidRuntime( 1355): >>>>>> AndroidRuntime START com.android.internal.os.RuntimeInit <<<<<<
D/AndroidRuntime( 1355): CheckJNI is ON
D/dalvikvm( 1355): Trying to load lib libjavacore.so 0x0
D/dalvikvm( 1355): Added shared lib libjavacore.so 0x0
D/dalvikvm( 1355): Trying to load lib libnativehelper.so 0x0
D/dalvikvm( 1355): Added shared lib libnativehelper.so 0x0
D/dalvikvm( 1355): No JNI_OnLoad found in libnativehelper.so 0x0, skipping init
D/dalvikvm( 1355): Note: class Landroid/app/ActivityManagerNative; has 179 unimplemented (abstract) methods
E/memtrack( 1355): Couldn't load memtrack module (No such file or directory)
E/android.os.Debug( 1355): failed to load memtrack module: -2
D/AndroidRuntime( 1355): Calling main entry com.android.commands.monkey.Monkey
W/BroadcastQueue(  358): Skipping deliver [background] BroadcastRecord{b3183d38 u-1 android.net.conn.CONNECTIVITY_CHANGE} to ReceiverList{b2fa9af8 1355 (unknown name)/0/u-1 remote:b2fa9968}: process crashing
D/MonkeyStub( 1355): translateCommand: wake
D/MonkeyStub( 1355): translateCommand: wake
D/MonkeyStub( 1355): translateCommand: type chupachupachupachupachupachupachupachupachupachupachupachupachupachupachupachupachupachupa
D/MonkeyStub( 1355): Quit requested
D/dalvikvm( 1286): GC_CONCURRENT freed 571K, 12% free 5079K/5724K, paused 3ms+14ms, total 85ms
I/AndroidRuntime( 1355): VM exiting with result code 180.
