D/dalvikvm(  941): DexOpt: couldn't find field Landroid/app/Notification;.category
D/dalvikvm(  941): DexOpt: load 609ms, verify+opt 2506ms, 3100460 bytes
D/dalvikvm(  358): GC_CONCURRENT freed 1054K, 41% free 7607K/12696K, paused 7ms+7ms, total 94ms
W/ActivityManager(  358): Unable to start service Intent { cmp=com.android.email/.service.AttachmentDownloadService } U=0: not found
W/ActivityManager(  358): Unable to start service Intent { cmp=com.android.email/.service.AttachmentDownloadService } U=0: not found
I/ActivityManager(  358): Force stopping com.zinn.Gpsrouteaddressfinder appid=10052 user=-1: update pkg
D/ConnectivityService(  358): stopUsingNetworkFeature: teardown net 0: enableHIPRI
I/InputReader(  358): Reconfiguring input devices.  changes=0x00000010
I/PackageManager(  358):   Action: "android.intent.action.SENDTO"
I/PackageManager(  358):   Category: "android.intent.category.DEFAULT"
I/PackageManager(  358):   Scheme: "sms"
I/PackageManager(  358): Adding preferred activity ComponentInfo{com.android.mms/com.android.mms.ui.ComposeMessageActivity} for user 0 :
I/PackageManager(  358):   Action: "android.intent.action.SENDTO"
I/PackageManager(  358):   Category: "android.intent.category.DEFAULT"
I/PackageManager(  358):   Scheme: "smsto"
I/PackageManager(  358): Adding preferred activity ComponentInfo{com.android.mms/com.android.mms.ui.ComposeMessageActivity} for user 0 :
I/PackageManager(  358):   Action: "android.intent.action.SENDTO"
I/PackageManager(  358):   Category: "android.intent.category.DEFAULT"
I/PackageManager(  358):   Scheme: "mms"
I/PackageManager(  358): Adding preferred activity ComponentInfo{com.android.mms/com.android.mms.ui.ComposeMessageActivity} for user 0 :
D/dalvikvm(  594): GC_CONCURRENT freed 332K, 13% free 3352K/3844K, paused 5ms+2ms, total 31ms
I/PackageManager(  358):   Action: "android.intent.action.SENDTO"
I/PackageManager(  358):   Category: "android.intent.category.DEFAULT"
I/PackageManager(  358):   Scheme: "mmsto"
I/PackageManager(  358): Adding preferred activity ComponentInfo{com.android.mms/com.android.mms.ui.ComposeMessageActivity} for user 0 :
I/InputReader(  358): Reconfiguring input devices.  changes=0x00000010
D/BackupManagerService(  358): Received broadcast Intent { act=android.intent.action.PACKAGE_ADDED dat=package:com.zinn.Gpsrouteaddressfinder flg=0x4000010 (has extras) }
V/BackupManagerService(  358): addPackageParticipantsLocked: #1
I/PackageManager(  358):   Action: "android.intent.action.SENDTO"
I/PackageManager(  358):   Category: "android.intent.category.DEFAULT"
I/PackageManager(  358):   Scheme: "sms"
I/PackageManager(  358): Adding preferred activity ComponentInfo{com.android.mms/com.android.mms.ui.ComposeMessageActivity} for user 0 :
I/PackageManager(  358):   Action: "android.intent.action.SENDTO"
I/PackageManager(  358):   Category: "android.intent.category.DEFAULT"
I/PackageManager(  358): Adding preferred activity ComponentInfo{com.android.mms/com.android.mms.ui.ComposeMessageActivity} for user 0 :
I/PackageManager(  358):   Scheme: "smsto"
I/PackageManager(  358):   Action: "android.intent.action.SENDTO"
I/PackageManager(  358):   Category: "android.intent.category.DEFAULT"
I/PackageManager(  358):   Scheme: "mms"
I/PackageManager(  358): Adding preferred activity ComponentInfo{com.android.mms/com.android.mms.ui.ComposeMessageActivity} for user 0 :
I/PackageManager(  358):   Action: "android.intent.action.SENDTO"
I/PackageManager(  358):   Category: "android.intent.category.DEFAULT"
I/PackageManager(  358):   Scheme: "mmsto"
I/PackageManager(  358): Adding preferred activity ComponentInfo{com.android.mms/com.android.mms.ui.ComposeMessageActivity} for user 0 :
D/MobileDataStateTracker(  358): hipri: Broadcast received: android.intent.action.ANY_DATA_STATE apnType=hipri
D/MobileDataStateTracker(  358): hipri: Received state=DISCONNECTED, old=CONNECTED, reason=dataDisabled
D/MobileDataStateTracker(  358): hipri: setDetailed state, old =CONNECTED and new state=DISCONNECTED
D/ConnectivityService(  358): ConnectivityChange for mobile_hipri: DISCONNECTED/DISCONNECTED
E/logwrapper(  943): executing /system/bin/ip failed: No such file or directory
E/SecondaryTablController(   55): ip route del failed: /system/bin/ip route del 10.0.2.2/32 via 0.0.0.0 dev eth0 table 60
W/FrameworkListener(   55): Handler 'interface' error (No such device)
D/dalvikvm(  594): GC_CONCURRENT freed 491K, 16% free 3296K/3924K, paused 33ms+15ms, total 116ms
E/logwrapper(  944): executing /system/bin/ip failed: No such file or directory
I/PackageManager(  358):   Action: "android.intent.action.SENDTO"
I/PackageManager(  358):   Category: "android.intent.category.DEFAULT"
I/PackageManager(  358):   Scheme: "sms"
I/PackageManager(  358): Adding preferred activity ComponentInfo{com.android.mms/com.android.mms.ui.ComposeMessageActivity} for user 0 :
E/SecondaryTablController(   55): ip route del failed: /system/bin/ip route del 0.0.0.0/0 via 10.0.2.2 dev eth0 table 60
W/FrameworkListener(   55): Handler 'interface' error (No such device)
I/PackageManager(  358):   Action: "android.intent.action.SENDTO"
I/PackageManager(  358):   Category: "android.intent.category.DEFAULT"
I/PackageManager(  358):   Scheme: "smsto"
I/PackageManager(  358): Adding preferred activity ComponentInfo{com.android.mms/com.android.mms.ui.ComposeMessageActivity} for user 0 :
I/ContactDirectoryManager(  540): deleted 0 stale rows which don't have any relevant directory
I/ContactDirectoryManager(  540): Discovered 0 contact directories in 16060ms
D/dalvikvm(  358): GC_EXPLICIT freed 1247K, 41% free 7590K/12696K, paused 355ms+23ms, total 589ms
D/dalvikvm(  358): WAIT_FOR_CONCURRENT_GC blocked 146ms
D/dalvikvm(  358): WAIT_FOR_CONCURRENT_GC blocked 148ms
I/MediaFocusControl(  358):   Remote Control   registerMediaButtonIntent() for PendingIntent{b2fb5608: PendingIntentRecord{b2e0b608 com.android.music broadcastIntent}}
D/dalvikvm(  358): WAIT_FOR_CONCURRENT_GC blocked 137ms
D/dalvikvm(  358): WAIT_FOR_CONCURRENT_GC blocked 129ms
D/dalvikvm(  358): WAIT_FOR_CONCURRENT_GC blocked 117ms
D/dalvikvm(  358): WAIT_FOR_CONCURRENT_GC blocked 161ms
D/Nat464Xlat(  358): requiresClat: netType=5, hasIPv4Address=true
I/PackageManager(  358):   Action: "android.intent.action.SENDTO"
I/PackageManager(  358):   Category: "android.intent.category.DEFAULT"
I/PackageManager(  358):   Scheme: "mms"
I/PackageManager(  358): Adding preferred activity ComponentInfo{com.android.mms/com.android.mms.ui.ComposeMessageActivity} for user 0 :
I/PackageManager(  358):   Action: "android.intent.action.SENDTO"
I/PackageManager(  358):   Category: "android.intent.category.DEFAULT"
I/PackageManager(  358):   Scheme: "mmsto"
I/PackageManager(  358): Adding preferred activity ComponentInfo{com.android.mms/com.android.mms.ui.ComposeMessageActivity} for user 0 :
I/PackageManager(  358):   Action: "android.intent.action.SENDTO"
I/PackageManager(  358):   Category: "android.intent.category.DEFAULT"
I/PackageManager(  358):   Scheme: "sms"
I/PackageManager(  358): Adding preferred activity ComponentInfo{com.android.mms/com.android.mms.ui.ComposeMessageActivity} for user 0 :
I/PackageManager(  358):   Action: "android.intent.action.SENDTO"
I/PackageManager(  358):   Category: "android.intent.category.DEFAULT"
I/PackageManager(  358):   Scheme: "smsto"
I/PackageManager(  358): Adding preferred activity ComponentInfo{com.android.mms/com.android.mms.ui.ComposeMessageActivity} for user 0 :
I/PackageManager(  358):   Action: "android.intent.action.SENDTO"
I/PackageManager(  358):   Category: "android.intent.category.DEFAULT"
I/PackageManager(  358):   Scheme: "mms"
I/PackageManager(  358): Adding preferred activity ComponentInfo{com.android.mms/com.android.mms.ui.ComposeMessageActivity} for user 0 :
D/dalvikvm(  594): GC_CONCURRENT freed 396K, 15% free 3365K/3924K, paused 14ms+12ms, total 74ms
I/PackageManager(  358):   Action: "android.intent.action.SENDTO"
I/PackageManager(  358):   Category: "android.intent.category.DEFAULT"
I/PackageManager(  358):   Scheme: "mmsto"
I/PackageManager(  358): Adding preferred activity ComponentInfo{com.android.mms/com.android.mms.ui.ComposeMessageActivity} for user 0 :
I/Email   (  891): Observing account changes for notifications
D/AndroidRuntime(  806): Shutting down VM
D/MobileDataStateTracker(  358): default: setPolicyDataEnable(enabled=true)
D/dalvikvm(  806): GC_CONCURRENT freed 95K, 16% free 560K/660K, paused 2ms+2ms, total 23ms
E/BluetoothAdapter(  604): Bluetooth binder is null
I/ActivityManager(  358): Start proc com.android.calendar for broadcast com.android.calendar/.widget.CalendarAppWidgetService$CalendarFactory: pid=950 uid=10016 gids={50016, 3003}
D/dalvikvm(  358): GC_CONCURRENT freed 2988K, 56% free 5703K/12696K, paused 7ms+5ms, total 462ms
I/ContactsProvider(  540): Upgrading aggregation algorithm
E/NetdConnector(  358): NDC Command {59 bandwidth removeiquota eth0} took too long (937ms)
I/ContactAggregator(  540): Marked all visible contacts for aggregation: 0 raw contacts, 5 ms
E/NetdConnector(  358): NDC Command {60 bandwidth gettetherstats} took too long (1094ms)
I/ContactsProvider(  540): Aggregation algorithm upgraded for 0 raw contacts in 359ms
D/ExtensionsFactory(  950): No custom extensions.
D/dalvikvm(  540): GC_CONCURRENT freed 262K, 10% free 3083K/3412K, paused 2ms+12ms, total 61ms
I/ContactsFTS(  540): Rebuild contact search index in 980ms, 0 contacts
W/RecognitionManagerService(  358): no available voice recognition services found for user 0
D/Tethering(  358): MasterInitialState.processMessage what=3
D/CaptivePortalTracker(  358): NoActiveNetworkState{ when=-1ms what=1 obj=NetworkInfo: type: mobile_hipri[UMTS], state: DISCONNECTED/DISCONNECTED, reason: dataDisabled, extra: epc.tmobile.com, roaming: false, failover: false, isAvailable: true, isConnectedToProvisioningNetwork: false target=com.android.internal.util.StateMachine$SmHandler }
D/CaptivePortalTracker(  358): NoActiveNetworkState not a wifi connectivity change, ignore
D/Tethering(  358): MasterInitialState.processMessage what=3
D/CaptivePortalTracker(  358): NoActiveNetworkState{ when=-1ms what=1 obj=NetworkInfo: type: mobile[UMTS], state: CONNECTED/CONNECTED, reason: connected, extra: epc.tmobile.com, roaming: false, failover: false, isAvailable: true, isConnectedToProvisioningNetwork: false target=com.android.internal.util.StateMachine$SmHandler }
D/CaptivePortalTracker(  358): NoActiveNetworkState not a wifi connectivity change, ignore
D/dalvikvm(  358): GC_CONCURRENT freed 641K, 56% free 5708K/12696K, paused 5ms+17ms, total 204ms
E/NetdConnector(  358): NDC Command {61 bandwidth setiquota eth0 9223372036854775807} took too long (2050ms)
D/MobileDataStateTracker(  358): default: setPolicyDataEnable(enabled=true)
D/dalvikvm(  358): GC_CONCURRENT freed 679K, 56% free 5680K/12696K, paused 16ms+5ms, total 171ms
D/ConnectivityService(  358): [CheckMp] isMobileOk: X result=0
E/NetdConnector(  358): NDC Command {62 bandwidth removeiquota eth0} took too long (862ms)
D/ConnectivityService(  358): [CheckMp] onPostExecute: result=0
D/ConnectivityService(  358): CheckMp.onComplete: result=0
D/ConnectivityService(  358): CheckMp.onComplete: ignore, connected or no connection
I/ActivityManager(  358): Start proc com.android.deskclock for broadcast com.android.deskclock/.AlarmInitReceiver: pid=1002 uid=10020 gids={50020, 1028}
I/ActivityManager(  358): Start proc com.android.providers.calendar for content provider com.android.providers.calendar/.CalendarProvider2: pid=1011 uid=10001 gids={50001, 3003, 1028, 1015}
D/dalvikvm(   59): GC_EXPLICIT freed 40K, 4% free 2705K/2816K, paused 2ms+2ms, total 89ms
D/dalvikvm(   59): GC_EXPLICIT freed <1K, 4% free 2705K/2816K, paused 3ms+2ms, total 65ms
D/dalvikvm(   59): GC_EXPLICIT freed <1K, 4% free 2705K/2816K, paused 4ms+2ms, total 68ms
W/ProcessCpuTracker(  358): Skipping unknown process pid 1032
V/AlarmClock( 1002): AlarmInitReceiver android.intent.action.TIMEZONE_CHANGED
I/CalendarDatabaseHelper( 1011): Bootstrapping database
I/AlarmClock( 1002): Alarms Table created
I/AlarmClock( 1002): Instance table created
I/AlarmClock( 1002): Cities table created
I/AlarmClock( 1002): Inserting default alarms
I/AlarmClock( 1002): Displaying next alarm time: ''
W/BackupManagerService(  358): dataChanged but no participant pkg='com.android.providers.settings' uid=10020
V/AlarmClock( 1002): AlarmInitReceiver finished
E/NetdConnector(  358): NDC Command {63 bandwidth setiquota eth0 9223372036854775807} took too long (1758ms)
D/MobileDataStateTracker(  358): default: setPolicyDataEnable(enabled=true)
D/MobileDataStateTracker(  358): default: setPolicyDataEnable(enabled=true)
E/BluetoothAdapter(  604): Bluetooth binder is null
I/CalendarProvider2( 1011): Created com.android.providers.calendar.CalendarAlarmManager@b2d73848(com.android.providers.calendar.CalendarProvider2@b2d5ff20)
I/ActivityManager(  358): Start proc com.android.dialer for broadcast com.android.dialer/.calllog.CallLogReceiver: pid=1045 uid=10004 gids={50004, 3003, 1028, 1015}
D/ExtensionsFactory( 1045): No custom extensions.
I/ActivityManager(  358): Delay finish: com.android.dialer/.calllog.CallLogReceiver
I/ActivityManager(  358): Resuming delayed broadcast
E/BluetoothAdapter(  358): Bluetooth binder is null
E/BluetoothAdapter(  358): Bluetooth binder is null
V/WiredAccessoryManager(  358): init()
E/SoundPool(  358): error loading /system/media/audio/ui/Effect_Tick.ogg
W/AudioService(  358): Soundpool could not load file: /system/media/audio/ui/Effect_Tick.ogg
E/SoundPool(  358): error loading /system/media/audio/ui/Effect_Tick.ogg
W/AudioService(  358): Soundpool could not load file: /system/media/audio/ui/Effect_Tick.ogg
E/SoundPool(  358): error loading /system/media/audio/ui/Effect_Tick.ogg
W/AudioService(  358): Soundpool could not load file: /system/media/audio/ui/Effect_Tick.ogg
E/SoundPool(  358): error loading /system/media/audio/ui/Effect_Tick.ogg
W/AudioService(  358): Soundpool could not load file: /system/media/audio/ui/Effect_Tick.ogg
E/SoundPool(  358): error loading /system/media/audio/ui/Effect_Tick.ogg
W/AudioService(  358): Soundpool could not load file: /system/media/audio/ui/Effect_Tick.ogg
E/SoundPool(  358): error loading /system/media/audio/ui/KeypressStandard.ogg
W/AudioService(  358): Soundpool could not load file: /system/media/audio/ui/KeypressStandard.ogg
E/SoundPool(  358): error loading /system/media/audio/ui/KeypressSpacebar.ogg
W/AudioService(  358): Soundpool could not load file: /system/media/audio/ui/KeypressSpacebar.ogg
E/SoundPool(  358): error loading /system/media/audio/ui/KeypressDelete.ogg
W/AudioService(  358): Soundpool could not load file: /system/media/audio/ui/KeypressDelete.ogg
E/SoundPool(  358): error loading /system/media/audio/ui/KeypressReturn.ogg
W/AudioService(  358): Soundpool could not load file: /system/media/audio/ui/KeypressReturn.ogg
E/SoundPool(  358): error loading /system/media/audio/ui/KeypressInvalid.ogg
W/AudioService(  358): Soundpool could not load file: /system/media/audio/ui/KeypressInvalid.ogg
W/AudioService(  358): onLoadSoundEffects(), Error -1 while loading samples
I/PowerManagerService(  358): Boot animation finished.
I/RecoverySystem(  358): No recovery log file
I/BootReceiver(  358): Copying audit failures to DropBox
I/BootReceiver(  358): Checking for fsck errors
D/dalvikvm(  358): GC_CONCURRENT freed 524K, 55% free 5797K/12696K, paused 13ms+4ms, total 104ms
I/ActivityManager(  358): Delay finish: com.android.providers.downloads/.DownloadReceiver
I/ActivityManager(  358): Resuming delayed broadcast
I/ActivityManager(  358): Delay finish: com.android.providers.media/.MediaScannerReceiver
I/MediaProvider(  608): Upgrading media database from version 0 to 700, which will destroy all old data
I/CalendarProvider2( 1011): Sending notification intent: Intent { act=android.intent.action.PROVIDER_CHANGED dat=content://com.android.calendar }
W/ContentResolver( 1011): Failed to get type for: content://com.android.calendar (Unknown URL content://com.android.calendar)
I/ActivityManager(  358): Resuming delayed broadcast
I/ActivityManager(  358): Start proc com.android.mms for broadcast com.android.mms/.transaction.MmsSystemEventReceiver: pid=1072 uid=10009 gids={50009, 3003, 1028, 1015}
D/CountryDetector(  358): The first listener is added
V/MmsConfig( 1072): mnc/mcc: 310260
V/MmsConfig( 1072): tag: bool value: enabledMMS - true
V/MmsConfig( 1072): tag: int value: maxMessageSize - 307200
V/MmsConfig( 1072): tag: int value: maxImageHeight - 480
V/MmsConfig( 1072): tag: int value: maxImageWidth - 640
V/MmsConfig( 1072): tag: int value: defaultSMSMessagesPerThread - 10000
V/MmsConfig( 1072): tag: int value: defaultMMSMessagesPerThread - 1000
V/MmsConfig( 1072): tag: int value: minMessageCountPerThread - 10
V/MmsConfig( 1072): tag: int value: maxMessageCountPerThread - 5000
V/MmsConfig( 1072): tag: string value: uaProfUrl - http://www.google.com/oha/rdf/ua-profile-kila.xml
V/MmsConfig( 1072): tag: int value: recipientLimit - -1
V/MmsConfig( 1072): tag: bool value: enableMultipartSMS - true
V/MmsConfig( 1072): tag: int value: smsToMmsTextThreshold - -1
V/MmsConfig( 1072): tag: bool value: enableSlideDuration - true
V/MmsConfig( 1072): tag: int value: maxMessageTextSize - -1
I/ActivityManager(  358): Delay finish: com.android.mms/.transaction.MmsSystemEventReceiver
D/Mms:app ( 1072): cancelNotification
I/ActivityManager(  358): Resuming delayed broadcast
I/ActivityManager(  358): Delay finish: com.android.mms/.transaction.SmsReceiver
D/MmsSmsDatabaseHelper(  594): [MmsSmsDb] tableName: threads hasAutoIncrement: CREATE TABLE threads (_id INTEGER PRIMARY KEY AUTOINCREMENT,date INTEGER DEFAULT 0,message_count INTEGER DEFAULT 0,recipient_ids TEXT,snippet TEXT,snippet_cs INTEGER DEFAULT 0,read INTEGER DEFAULT 1,type INTEGER DEFAULT 0,error INTEGER DEFAULT 0,has_attachment INTEGER DEFAULT 0) result: true
D/MmsSmsDatabaseHelper(  594): [MmsSmsDb] tableName: canonical_addresses hasAutoIncrement: CREATE TABLE canonical_addresses (_id INTEGER PRIMARY KEY AUTOINCREMENT,address TEXT) result: true
D/MmsSmsDatabaseHelper(  594): [MmsSmsDb] tableName: part hasAutoIncrement: CREATE TABLE part (_id INTEGER PRIMARY KEY AUTOINCREMENT,mid INTEGER,seq INTEGER DEFAULT 0,ct TEXT,name TEXT,chset INTEGER,cd TEXT,fn TEXT,cid TEXT,cl TEXT,ctt_s INTEGER,ctt_t TEXT,_data TEXT,text TEXT) result: true
D/MmsSmsDatabaseHelper(  594): [MmsSmsDb] tableName: pdu hasAutoIncrement: CREATE TABLE pdu (_id INTEGER PRIMARY KEY AUTOINCREMENT,thread_id INTEGER,date INTEGER,date_sent INTEGER DEFAULT 0,msg_box INTEGER,read INTEGER DEFAULT 0,m_id TEXT,sub TEXT,sub_cs INTEGER,ct_t TEXT,ct_l TEXT,exp INTEGER,m_cls TEXT,m_type INTEGER,v INTEGER,m_size INTEGER,pri INTEGER,rr INTEGER,rpt_a INTEGER,resp_st INTEGER,st INTEGER,tr_id TEXT,retr_st INTEGER,retr_txt TEXT,retr_txt_cs INTEGER,read_status INTEGER,ct_cls INTEGER,resp_txt TEXT,d_tm INTEGER,d_rpt INTEGER,locked INTEGER DEFAULT 0,seen INTEGER DEFAULT 0,text_only INTEGER DEFAULT 0) result: true
D/MmsSmsDatabaseHelper(  594): [getWritableDatabase] hasAutoIncrementThreads: true hasAutoIncrementAddresses: true hasAutoIncrementPart: true hasAutoIncrementPdu: true
D/Mms:app ( 1072): cancelNotification
I/ActivityManager(  358): Resuming delayed broadcast
D/AlertReceiver(  950): onReceive: a=android.intent.action.BOOT_COMPLETED Intent { act=android.intent.action.BOOT_COMPLETED flg=0x8000010 cmp=com.android.calendar/.alerts.AlertReceiver (has extras) }
I/ActivityManager(  358): Delay finish: com.android.calendar/.alerts.AlertReceiver
D/AlertUtils(  950): Flushing old alerts from shared prefs table
D/AlertService(  950): 0 Action = android.intent.action.BOOT_COMPLETED
D/AlertService(  950): Scheduling next alarm with AlarmScheduler. sEventReminderReceived: null
D/dalvikvm(  950): GC_CONCURRENT freed 309K, 12% free 2809K/3192K, paused 13ms+3ms, total 76ms
D/AlarmScheduler(  950): No events found starting within 1 week.
E/SQLiteLog(  608): (1) no such table: files
E/WVMExtractor(   61): Failed to open libwvm.so
D/dalvikvm(  608): GC_CONCURRENT freed 241K, 10% free 3027K/3336K, paused 2ms+2ms, total 20ms
V/MediaScanner(  608): pruneDeadThumbnailFiles... android.database.sqlite.SQLiteCursor@b2d8faf0
V/MediaScanner(  608): /pruneDeadThumbnailFiles... android.database.sqlite.SQLiteCursor@b2d8faf0
I/ActivityManager(  358): Resuming delayed broadcast
V/AlarmClock( 1002): AlarmInitReceiver android.intent.action.BOOT_COMPLETED
V/AlarmClock( 1002): AlarmInitReceiver - Reset timers and clear stopwatch data
V/AlarmClock( 1002): AlarmInitReceiver - resetting volume button default
D/dalvikvm( 1002): GC_CONCURRENT freed 384K, 14% free 2822K/3280K, paused 5ms+13ms, total 91ms
D/dalvikvm( 1002): WAIT_FOR_CONCURRENT_GC blocked 23ms
I/AlarmClock( 1002): Displaying next alarm time: ''
V/AlarmClock( 1002): AlarmInitReceiver finished
I/ActivityManager(  358): Delay finish: com.android.email/.service.EmailUpgradeBroadcastReceiver
I/ActivityManager(  358): Resuming delayed broadcast
I/ActivityManager(  358): Delay finish: com.android.email/.service.EmailBroadcastReceiver
I/Email   (  891): Onetime initialization: 1
I/Email   (  891): Onetime initialization: 2
I/Email   (  891): Onetime initialization: completed.
I/ActivityManager(  358): Delaying start of: ServiceRecord{b30554f0 u0 com.android.exchange/.service.EmailSyncAdapterService}
E/MetadataRetrieverClient(   61): failed to extract an album art
I/ActivityManager(  358): Resuming delayed broadcast
I/LauncherIconVisibilityManager(  580): Boot has been completed
I/LauncherIconVisibilityManager(  580): Disable activity: ComponentInfo{com.android.inputmethod.latin/com.android.inputmethod.latin.setup.SetupActivity}
E/BluetoothAdapter(  604): Bluetooth binder is null
I/ActivityManager(  358): Delay finish: com.android.settings/.widget.SettingsAppWidgetProvider
D/dalvikvm( 1072): GC_CONCURRENT freed 220K, 10% free 2877K/3168K, paused 25ms+3ms, total 75ms
E/StrictMode( 1072): A resource was acquired at attached stack trace but never released. See java.io.Closeable for information on avoiding resource leaks.
E/StrictMode( 1072): java.lang.Throwable: Explicit termination method 'release' not called
E/StrictMode( 1072): 	at dalvik.system.CloseGuard.open(CloseGuard.java:184)
E/StrictMode( 1072): 	at android.drm.DrmManagerClient.<init>(DrmManagerClient.java:258)
E/StrictMode( 1072): 	at com.google.android.mms.pdu.PduPersister.<init>(PduPersister.java:288)
E/StrictMode( 1072): 	at com.google.android.mms.pdu.PduPersister.getPduPersister(PduPersister.java:296)
E/StrictMode( 1072): 	at com.android.mms.transaction.TransactionService.onNewIntent(TransactionService.java:224)
E/StrictMode( 1072): 	at com.android.mms.transaction.TransactionService$ServiceHandler.handleMessage(TransactionService.java:621)
E/StrictMode( 1072): 	at android.os.Handler.dispatchMessage(Handler.java:102)
E/StrictMode( 1072): 	at android.os.Looper.loop(Looper.java:136)
E/StrictMode( 1072): 	at android.os.HandlerThread.run(HandlerThread.java:61)
I/ActivityManager(  358): Resuming delayed broadcast
I/ActivityManager(  358): Delay finish: com.android.deskclock/com.android.alarmclock.AnalogAppWidgetProvider
I/ActivityManager(  358): Resuming delayed broadcast
W/BroadcastQueue(  358): Permission Denial: broadcasting Intent { act=android.appwidget.action.APPWIDGET_UPDATE_OPTIONS flg=0x10 cmp=com.android.settings/.widget.SettingsAppWidgetProvider (has extras) } from android (pid=682, uid=10008) is not exported from uid 1000 due to receiver com.android.settings/.widget.SettingsAppWidgetProvider
I/ActivityManager(  358): Start proc com.svox.pico for broadcast com.svox.pico/.VoiceDataInstallerReceiver: pid=1120 uid=10037 gids={50037, 1028, 1015}
D/dalvikvm(  358): GC_CONCURRENT freed 716K, 55% free 5731K/12696K, paused 5ms+5ms, total 145ms
I/ActivityManager(  358): Delay finish: com.android.deskclock/com.android.alarmclock.DigitalAppWidgetProvider
I/ActivityManager(  358): Resuming delayed broadcast
E/BluetoothAdapter(  604): Bluetooth binder is null
D/AlertReceiver(  950): onReceive: a=android.intent.action.PROVIDER_CHANGED Intent { act=android.intent.action.PROVIDER_CHANGED dat=content://com.android.calendar flg=0x10 cmp=com.android.calendar/.alerts.AlertReceiver }
D/AlertService(  950): 0 Action = android.intent.action.PROVIDER_CHANGED
I/ActivityManager(  358): Delay finish: com.android.calendar/.alerts.AlertReceiver
I/ActivityManager(  358): Waited long enough for: ServiceRecord{b2fda130 u0 com.android.music/.MediaPlaybackService}
I/ActivityManager(  358): Resuming delayed broadcast
I/ActivityManager(  358): Delay finish: com.android.mms/.transaction.SmsReceiver
V/SmsReceiverService( 1072): onStart: #1 mResultCode: -1 = Activity.RESULT_OK
I/ActivityManager(  358): Resuming delayed broadcast
D/ConnectivityService(  358): Sampling interval elapsed, updating statistics ..
D/ConnectivityService(  358): Done.
D/ConnectivityService(  358): Setting timer for 720seconds
D/MobileDataStateTracker(  358): default: setPolicyDataEnable(enabled=true)
I/ActivityManager(  358): Delay finish: com.android.providers.calendar/.CalendarProviderBroadcastReceiver
D/dalvikvm( 1011): GC_CONCURRENT freed 225K, 10% free 2891K/3188K, paused 5ms+3ms, total 71ms
I/ActivityManager(  358): Resuming delayed broadcast
V/AlarmClock( 1002): AlarmInitReceiver android.intent.action.TIME_SET
I/AlarmClock( 1002): Displaying next alarm time: ''
V/AlarmClock( 1002): AlarmInitReceiver finished
D/        (  358): Setting time of day to sec=1529313475
I/InputReader(  358): Reconfiguring input devices.  changes=0x00000010
I/InputReader(  358): Reconfiguring input devices.  changes=0x00000010
I/PackageManager(  358):   Action: "android.intent.action.SENDTO"
I/PackageManager(  358):   Category: "android.intent.category.DEFAULT"
I/PackageManager(  358):   Scheme: "sms"
I/PackageManager(  358): Adding preferred activity ComponentInfo{com.android.mms/com.android.mms.ui.ComposeMessageActivity} for user 0 :
I/InputReader(  358): Reconfiguring input devices.  changes=0x00000010
I/PackageManager(  358):   Action: "android.intent.action.SENDTO"
I/PackageManager(  358):   Category: "android.intent.category.DEFAULT"
I/PackageManager(  358):   Scheme: "smsto"
I/PackageManager(  358): Adding preferred activity ComponentInfo{com.android.mms/com.android.mms.ui.ComposeMessageActivity} for user 0 :
D/dalvikvm(  594): GC_CONCURRENT freed 376K, 13% free 3379K/3844K, paused 3ms+18ms, total 71ms
I/PackageManager(  358):   Action: "android.intent.action.SENDTO"
I/PackageManager(  358):   Category: "android.intent.category.DEFAULT"
I/PackageManager(  358):   Scheme: "mms"
I/PackageManager(  358): Adding preferred activity ComponentInfo{com.android.mms/com.android.mms.ui.ComposeMessageActivity} for user 0 :
I/PackageManager(  358):   Action: "android.intent.action.SENDTO"
I/PackageManager(  358):   Category: "android.intent.category.DEFAULT"
I/PackageManager(  358):   Scheme: "mmsto"
I/PackageManager(  358): Adding preferred activity ComponentInfo{com.android.mms/com.android.mms.ui.ComposeMessageActivity} for user 0 :
D/dalvikvm(  358): GC_CONCURRENT freed 732K, 55% free 5754K/12696K, paused 26ms+5ms, total 125ms
D/dalvikvm(  358): WAIT_FOR_CONCURRENT_GC blocked 45ms
I/PackageManager(  358):   Action: "android.intent.action.SENDTO"
I/PackageManager(  358):   Category: "android.intent.category.DEFAULT"
I/PackageManager(  358):   Scheme: "sms"
I/PackageManager(  358): Adding preferred activity ComponentInfo{com.android.mms/com.android.mms.ui.ComposeMessageActivity} for user 0 :
I/GlobalDismissManager(  950): no sender configured
D/AlertService(  950): Beginning updateAlertNotification
I/PackageManager(  358):   Action: "android.intent.action.SENDTO"
I/PackageManager(  358):   Category: "android.intent.category.DEFAULT"
I/PackageManager(  358):   Scheme: "smsto"
I/PackageManager(  358): Adding preferred activity ComponentInfo{com.android.mms/com.android.mms.ui.ComposeMessageActivity} for user 0 :
I/PackageManager(  358):   Action: "android.intent.action.SENDTO"
I/PackageManager(  358):   Category: "android.intent.category.DEFAULT"
I/PackageManager(  358):   Scheme: "mms"
I/PackageManager(  358): Adding preferred activity ComponentInfo{com.android.mms/com.android.mms.ui.ComposeMessageActivity} for user 0 :
I/PackageManager(  358):   Action: "android.intent.action.SENDTO"
I/PackageManager(  358):   Category: "android.intent.category.DEFAULT"
I/PackageManager(  358):   Scheme: "mmsto"
I/PackageManager(  358): Adding preferred activity ComponentInfo{com.android.mms/com.android.mms.ui.ComposeMessageActivity} for user 0 :
D/dalvikvm(  594): GC_CONCURRENT freed 434K, 14% free 3395K/3944K, paused 5ms+2ms, total 50ms
I/PackageManager(  358):   Action: "android.intent.action.SENDTO"
I/PackageManager(  358):   Category: "android.intent.category.DEFAULT"
I/PackageManager(  358):   Scheme: "sms"
I/PackageManager(  358): Adding preferred activity ComponentInfo{com.android.mms/com.android.mms.ui.ComposeMessageActivity} for user 0 :
I/PackageManager(  358):   Action: "android.intent.action.SENDTO"
I/PackageManager(  358): Adding preferred activity ComponentInfo{com.android.mms/com.android.mms.ui.ComposeMessageActivity} for user 0 :
I/PackageManager(  358):   Category: "android.intent.category.DEFAULT"
I/PackageManager(  358):   Scheme: "smsto"
I/PackageManager(  358):   Action: "android.intent.action.SENDTO"
I/PackageManager(  358):   Category: "android.intent.category.DEFAULT"
I/PackageManager(  358):   Scheme: "mms"
I/PackageManager(  358): Adding preferred activity ComponentInfo{com.android.mms/com.android.mms.ui.ComposeMessageActivity} for user 0 :
D/dalvikvm(  358): GC_CONCURRENT freed 729K, 55% free 5791K/12696K, paused 7ms+5ms, total 111ms
D/dalvikvm(  358): WAIT_FOR_CONCURRENT_GC blocked 29ms
I/PackageManager(  358):   Action: "android.intent.action.SENDTO"
I/PackageManager(  358):   Category: "android.intent.category.DEFAULT"
I/PackageManager(  358):   Scheme: "mmsto"
I/PackageManager(  358): Adding preferred activity ComponentInfo{com.android.mms/com.android.mms.ui.ComposeMessageActivity} for user 0 :
I/PackageManager(  358):   Action: "android.intent.action.SENDTO"
I/PackageManager(  358):   Category: "android.intent.category.DEFAULT"
I/PackageManager(  358):   Scheme: "sms"
I/PackageManager(  358): Adding preferred activity ComponentInfo{com.android.mms/com.android.mms.ui.ComposeMessageActivity} for user 0 :
I/PackageManager(  358):   Action: "android.intent.action.SENDTO"
I/PackageManager(  358):   Category: "android.intent.category.DEFAULT"
I/PackageManager(  358):   Scheme: "smsto"
I/PackageManager(  358): Adding preferred activity ComponentInfo{com.android.mms/com.android.mms.ui.ComposeMessageActivity} for user 0 :
D/dalvikvm(  594): GC_CONCURRENT freed 482K, 16% free 3376K/3976K, paused 2ms+3ms, total 64ms
I/PackageManager(  358):   Action: "android.intent.action.SENDTO"
I/PackageManager(  358):   Category: "android.intent.category.DEFAULT"
I/PackageManager(  358):   Scheme: "mms"
I/PackageManager(  358): Adding preferred activity ComponentInfo{com.android.mms/com.android.mms.ui.ComposeMessageActivity} for user 0 :
I/PackageManager(  358):   Action: "android.intent.action.SENDTO"
I/PackageManager(  358):   Category: "android.intent.category.DEFAULT"
I/PackageManager(  358):   Scheme: "mmsto"
I/PackageManager(  358): Adding preferred activity ComponentInfo{com.android.mms/com.android.mms.ui.ComposeMessageActivity} for user 0 :
I/PackageManager(  358):   Action: "android.intent.action.SENDTO"
I/PackageManager(  358):   Category: "android.intent.category.DEFAULT"
I/PackageManager(  358): Adding preferred activity ComponentInfo{com.android.mms/com.android.mms.ui.ComposeMessageActivity} for user 0 :
I/PackageManager(  358):   Scheme: "sms"
I/PackageManager(  358):   Action: "android.intent.action.SENDTO"
I/PackageManager(  358):   Category: "android.intent.category.DEFAULT"
I/PackageManager(  358):   Scheme: "smsto"
I/PackageManager(  358): Adding preferred activity ComponentInfo{com.android.mms/com.android.mms.ui.ComposeMessageActivity} for user 0 :
I/PackageManager(  358):   Action: "android.intent.action.SENDTO"
I/PackageManager(  358):   Category: "android.intent.category.DEFAULT"
I/PackageManager(  358):   Scheme: "mms"
I/PackageManager(  358): Adding preferred activity ComponentInfo{com.android.mms/com.android.mms.ui.ComposeMessageActivity} for user 0 :
D/dalvikvm(  358): GC_CONCURRENT freed 799K, 55% free 5768K/12696K, paused 6ms+5ms, total 94ms
D/dalvikvm(  358): WAIT_FOR_CONCURRENT_GC blocked 28ms
D/dalvikvm(  358): WAIT_FOR_CONCURRENT_GC blocked 27ms
D/dalvikvm(  358): WAIT_FOR_CONCURRENT_GC blocked 69ms
D/dalvikvm(  358): WAIT_FOR_CONCURRENT_GC blocked 88ms
D/dalvikvm(  594): GC_CONCURRENT freed 454K, 16% free 3378K/3976K, paused 4ms+2ms, total 48ms
I/PackageManager(  358):   Action: "android.intent.action.SENDTO"
I/PackageManager(  358):   Category: "android.intent.category.DEFAULT"
I/PackageManager(  358):   Scheme: "mmsto"
I/PackageManager(  358): Adding preferred activity ComponentInfo{com.android.mms/com.android.mms.ui.ComposeMessageActivity} for user 0 :
I/PackageManager(  358):   Action: "android.intent.action.SENDTO"
I/PackageManager(  358):   Category: "android.intent.category.DEFAULT"
I/PackageManager(  358):   Scheme: "sms"
I/PackageManager(  358): Adding preferred activity ComponentInfo{com.android.mms/com.android.mms.ui.ComposeMessageActivity} for user 0 :
I/PackageManager(  358):   Action: "android.intent.action.SENDTO"
I/PackageManager(  358):   Category: "android.intent.category.DEFAULT"
I/PackageManager(  358):   Scheme: "smsto"
I/PackageManager(  358): Adding preferred activity ComponentInfo{com.android.mms/com.android.mms.ui.ComposeMessageActivity} for user 0 :
I/PackageManager(  358):   Action: "android.intent.action.SENDTO"
I/PackageManager(  358):   Category: "android.intent.category.DEFAULT"
I/PackageManager(  358):   Scheme: "mms"
I/PackageManager(  358): Adding preferred activity ComponentInfo{com.android.mms/com.android.mms.ui.ComposeMessageActivity} for user 0 :
I/PackageManager(  358):   Action: "android.intent.action.SENDTO"
I/PackageManager(  358):   Category: "android.intent.category.DEFAULT"
I/PackageManager(  358):   Scheme: "mmsto"
I/PackageManager(  358): Adding preferred activity ComponentInfo{com.android.mms/com.android.mms.ui.ComposeMessageActivity} for user 0 :
D/AlertService(  950): No fired or scheduled alerts
D/AlertService(  950): Scheduling next alarm with AlarmScheduler. sEventReminderReceived: null
D/AlarmScheduler(  950): No events found starting within 1 week.
D/dalvikvm(  358): GC_CONCURRENT freed 686K, 55% free 5745K/12696K, paused 87ms+20ms, total 294ms
D/AndroidRuntime( 1145): 
D/AndroidRuntime( 1145): >>>>>> AndroidRuntime START com.android.internal.os.RuntimeInit <<<<<<
D/AndroidRuntime( 1145): CheckJNI is ON
D/dalvikvm( 1145): Trying to load lib libjavacore.so 0x0
D/dalvikvm( 1145): Added shared lib libjavacore.so 0x0
D/dalvikvm( 1145): Trying to load lib libnativehelper.so 0x0
D/dalvikvm( 1145): Added shared lib libnativehelper.so 0x0
D/dalvikvm( 1145): No JNI_OnLoad found in libnativehelper.so 0x0, skipping init
D/dalvikvm( 1145): Note: class Landroid/app/ActivityManagerNative; has 179 unimplemented (abstract) methods
E/memtrack( 1145): Couldn't load memtrack module (No such file or directory)
E/android.os.Debug( 1145): failed to load memtrack module: -2
D/AndroidRuntime( 1145): Calling main entry com.android.commands.am.Am
I/ActivityManager(  358): START u0 {act=android.intent.action.MAIN cat=[android.intent.category.LAUNCHER] flg=0x10000000 cmp=com.zinn.Gpsrouteaddressfinder/.SplashActivity} from pid 1145
D/gralloc (   58): Registering a buffer in the process that created it. This may cause memory ordering problems.
E/libEGL  (   58): called unimplemented OpenGL ES API
E/libEGL  (   58): called unimplemented OpenGL ES API
E/libEGL  (   58): called unimplemented OpenGL ES API
E/libEGL  (   58): called unimplemented OpenGL ES API
E/SurfaceFlinger(   58): glCheckFramebufferStatusOES error -720861861
E/SurfaceFlinger(   58): got GL_FRAMEBUFFER_COMPLETE_OES error while taking screenshot
E/libEGL  (   58): called unimplemented OpenGL ES API
E/libEGL  (   58): called unimplemented OpenGL ES API
W/WindowManager(  358): Screenshot failure taking screenshot for (164x295) to layer 21005
I/ActivityManager(  358): Start proc com.zinn.Gpsrouteaddressfinder for activity com.zinn.Gpsrouteaddressfinder/.SplashActivity: pid=1155 uid=10052 gids={50052, 3003, 1028, 1015}
I/ActivityManager(  358): Waited long enough for: ServiceRecord{b30447d8 u0 com.android.calendar/.alerts.InitAlarmsService}
I/Choreographer(  358): Skipped 39 frames!  The application may be doing too much work on its main thread.
I/ARMAssembler(   58): generated scanline__00000077:03010104_00008001_00000000 [ 89 ipp] (110 ins) at [0xb5966680:0xb5966838] in 10000000 ns
W/dalvikvm( 1155): VFY: unable to find class referenced in signature (Landroid/os/PersistableBundle;)
I/dalvikvm( 1155): Could not find method android.support.v4.app.ae.onRestoreInstanceState, referenced from method com.zinn.Gpsrouteaddressfinder.SplashActivity.onRestoreInstanceState
W/dalvikvm( 1155): VFY: unable to resolve virtual method 1200: Landroid/support/v4/app/ae;.onRestoreInstanceState (Landroid/os/Bundle;Landroid/os/PersistableBundle;)V
D/dalvikvm( 1155): VFY: replacing opcode 0x6f at 0x0000
D/dalvikvm( 1155): GC_FOR_ALLOC freed 72K, 5% free 2803K/2948K, paused 29ms, total 32ms
I/dalvikvm-heap( 1155): Grow heap (frag case) to 4.269MB for 1536016-byte allocation
D/dalvikvm( 1155): GC_FOR_ALLOC freed 2K, 4% free 4300K/4452K, paused 27ms, total 27ms
D/dalvikvm( 1155): GC_CONCURRENT freed <1K, 4% free 4300K/4452K, paused 4ms+2ms, total 28ms
E/srrequestmypermission( 1155): granted
D/SKMaps  ( 1155): SplashActivity----Using new API for getAvailableMemorySize method !!!
D/SKMaps  ( 1155): SKPrepareMapTextureThread----Copy Asset SKMaps.zip
E/Bharath ( 1155): onResume called
E/Bharath ( 1155): onPostResume called
D/gralloc_goldfish( 1155): Emulator without GPU emulation detected.
I/ActivityManager(  358): Displayed com.zinn.Gpsrouteaddressfinder/.SplashActivity: +3s53ms
D/AndroidRuntime( 1145): Shutting down VM
D/dalvikvm( 1145): GC_CONCURRENT freed 98K, 15% free 589K/692K, paused 2ms+1ms, total 8ms
D/dalvikvm(  594): GC_CONCURRENT freed 456K, 17% free 3306K/3948K, paused 19ms+32ms, total 87ms
D/dalvikvm( 1155): Trying to load lib /data/app-lib/com.zinn.Gpsrouteaddressfinder-1/libngnative.so 0xb2d4cff0
D/dalvikvm( 1155): Added shared lib /data/app-lib/com.zinn.Gpsrouteaddressfinder-1/libngnative.so 0xb2d4cff0
D/dalvikvm( 1155): Trying to load lib /data/app-lib/com.zinn.Gpsrouteaddressfinder-1/libngnative.so 0xb2d4cff0
D/dalvikvm( 1155): Shared lib '/data/app-lib/com.zinn.Gpsrouteaddressfinder-1/libngnative.so' already loaded in same CL 0xb2d4cff0
I/dalvikvm( 1155): threadid=10: recursive native library load attempt (/data/app-lib/com.zinn.Gpsrouteaddressfinder-1/libngnative.so)
D/dalvikvm( 1155): Trying to load lib /data/app-lib/com.zinn.Gpsrouteaddressfinder-1/libngnative.so 0xb2d4cff0
D/dalvikvm( 1155): Shared lib '/data/app-lib/com.zinn.Gpsrouteaddressfinder-1/libngnative.so' already loaded in same CL 0xb2d4cff0
I/dalvikvm( 1155): threadid=10: recursive native library load attempt (/data/app-lib/com.zinn.Gpsrouteaddressfinder-1/libngnative.so)
D/dalvikvm( 1155): Trying to load lib /data/app-lib/com.zinn.Gpsrouteaddressfinder-1/libngnative.so 0xb2d4cff0
D/dalvikvm( 1155): Shared lib '/data/app-lib/com.zinn.Gpsrouteaddressfinder-1/libngnative.so' already loaded in same CL 0xb2d4cff0
D/SKMaps  ( 1155): SKVersionManager----setMapUpdateListener - com.zinn.Gpsrouteaddressfinder.SplashActivity@b2d55978
D/SKMaps  ( 1155): SKMapInitSettings---- Map style  SKMapViewStyle{resourceFolderPath='/data/data/com.zinn.Gpsrouteaddressfinder/files/SKMaps/daystyle/', styleFileName='daystyle.json', styleDetail=null, displayPixelDensity=null}
D/SKMaps  ( 1155): SKmaps---- INITIALIZE SK MAPS WITH SETTINGS 
D/SKMaps  ( 1155): SKmaps----versionFileName = version3_public_sdk_android_2_5_1.txt
D/dalvikvm( 1155): Trying to load lib /data/app-lib/com.zinn.Gpsrouteaddressfinder-1/libngnative.so 0xb2d4cff0
D/dalvikvm( 1155): Shared lib '/data/app-lib/com.zinn.Gpsrouteaddressfinder-1/libngnative.so' already loaded in same CL 0xb2d4cff0
D/SKMaps  ( 1155): SKUtils----Return calculated device type LOW
D/SKMaps  ( 1155): SKmaps----initializeLibraryWithSettings - SKAdvisorSettings =  SKAdvisorSettings [advisorVoice=en_us, resourcePath=/data/data/com.zinn.Gpsrouteaddressfinder/files/SKMaps/Advisor/Languages/, advisorConfigPath=/data/data/com.zinn.Gpsrouteaddressfinder/files/SKMaps/Advisor/, language=LANGUAGE_EN_US, advisorType=AUDIO_FILES]
D/SkobblerNG( 1155): AdvisorConfigPath : /data/data/com.zinn.Gpsrouteaddressfinder/files/SKMaps/Advisor/Languages/en_us/advisor_configfiles/
D/SkobblerNG( 1155): AdvisorBundlePath : /data/data/com.zinn.Gpsrouteaddressfinder/files/SKMaps/Advisor/
D/SkobblerNG( 1155): VisualAdvicesDirPath : /data/data/com.zinn.Gpsrouteaddressfinder/files/SKMaps/Advisor/Visual/
D/SkobblerNG( 1155): LanguageCode : en_us
D/SKMaps  ( 1155): SKmaps----Map style json file /data/data/com.zinn.Gpsrouteaddressfinder/files/SKMaps/daystyle/daystyle.json styleDetail = LOW
D/SKMaps  ( 1155): SKmaps----Style detail = LOW Road Cache 67108864 POI cache = 4194304  SHAPE CACHE 50331648
D/SkobblerNG( 1155): Shadre Path = /data/data/com.zinn.Gpsrouteaddressfinder/files/SKMaps//.Shaders/
D/SkobblerNG( 1155): displayPixelDensity = 0
D/SkobblerNG( 1155): before NG_Initialize()
D/SkobblerNG( 1155): passed NG_Initialize()
D/SKMaps  ( 1155): Resurse---- commonResourcesPath:/data/data/com.zinn.Gpsrouteaddressfinder/files/SKMaps//.Common/
D/SKMaps  ( 1155): SKmaps----found proxyUser: null, proxyPassword: null
D/SKMaps  ( 1155): SKmaps----UID = ;528447f4ffb4e4824a2fd1d1f0cd62;45f582df57d4aa6d53455b181c338859;b52a5b1194bdd2daeb96febd43ffc5b
D/SKMaps  ( 1155): SKmaps----i =  0 key = osName , value = android
D/SKMaps  ( 1155): SKmaps----i =  1 key = osVer , value = 4.4.4
D/SKMaps  ( 1155): SKmaps----i =  2 key = appName , value = Gps Route Address Finder
D/SKMaps  ( 1155): SKmaps----i =  3 key = appVer , value = 1.8
D/SKMaps  ( 1155): SKmaps----i =  4 key = uid , value = ;528447f4ffb4e4824a2fd1d1f0cd62;45f582df57d4aa6d53455b181c338859;b52a5b1194bdd2daeb96febd43ffc5b
D/SKMaps  ( 1155): SKmaps----INITIALIZE FCD  accountKey= locale= en macAddress=null osName=android osVersion=4.4.4 deviceMaker =unknown deviceModel=sdk orientation= 1  appid=;528447f4ffb4e4824a2fd1d1f0cd62;45f582df57d4aa6d53455b181c338859;b52a5b1194bdd2daeb96febd43ffc5b appName=Gps Route Address Finder appVersion=1.8 serverUrl=http://tor.skobbler.net/tor
D/dalvikvm( 1155): GC_CONCURRENT freed 306K, 8% free 4430K/4808K, paused 4ms+3ms, total 44ms
W/SKMaps  ( 1155): SKmaps----No SKMapsDownloadListener was set !!! 
D/dalvikvm( 1155): Trying to load lib /data/app-lib/com.zinn.Gpsrouteaddressfinder-1/libngnative.so 0xb2d4cff0
D/dalvikvm( 1155): Shared lib '/data/app-lib/com.zinn.Gpsrouteaddressfinder-1/libngnative.so' already loaded in same CL 0xb2d4cff0
D/SKMaps  ( 1155): SKRouteManager----@setAudioAdvisorSettings SKAdvisorSettings [advisorVoice=en_us, resourcePath=/data/data/com.zinn.Gpsrouteaddressfinder/files/SKMaps/Advisor/Languages/, advisorConfigPath=/data/data/com.zinn.Gpsrouteaddressfinder/files/SKMaps/Advisor/, language=LANGUAGE_EN_US, advisorType=AUDIO_FILES]
D/SKMaps  ( 1155): SKRouteManager----@setAudioAdvisorSettings - Advisor config path /data/data/com.zinn.Gpsrouteaddressfinder/files/SKMaps/Advisor/Languages//en_us/advisor_configfiles/
D/SKMaps  ( 1155): SKRouteManager----@setAudioAdvisorSettings advisorConfigPathStatus = true 
D/SKMaps  ( 1155): SKRouteManager----@setAudioAdvisorSettings - ShouldEnableTTS false Advisor type:AUDIO_FILES
D/SKMaps  ( 1155): SKRouteManager----@@setAudioAdvisorSettings  language set  true LANGUAGE_EN_US
D/SKMaps  ( 1155): SKmaps----PASSED INITALIZE WITH SETTINGS
W/SKMaps  ( 1155): SKmaps----No SKMapsDownloadListener was set !!! 
W/SKMaps  ( 1155): SKmaps----No SKMapsDownloadListener was set !!! 
D/gralloc (   58): Registering a buffer in the process that created it. This may cause memory ordering problems.
E/libEGL  (   58): called unimplemented OpenGL ES API
E/libEGL  (   58): called unimplemented OpenGL ES API
E/libEGL  (   58): called unimplemented OpenGL ES API
E/libEGL  (   58): called unimplemented OpenGL ES API
E/SurfaceFlinger(   58): glCheckFramebufferStatusOES error -720861861
E/SurfaceFlinger(   58): got GL_FRAMEBUFFER_COMPLETE_OES error while taking screenshot
E/libEGL  (   58): called unimplemented OpenGL ES API
E/libEGL  (   58): called unimplemented OpenGL ES API
W/WindowManager(  358): Screenshot failure taking screenshot for (164x295) to layer 21010
I/ActivityManager(  358): START u0 {cmp=com.zinn.Gpsrouteaddressfinder/.StartActivity} from pid 1155
W/ActivityManager(  358): startActivity called from finishing ActivityRecord{b2dfef18 u0 com.zinn.Gpsrouteaddressfinder/.SplashActivity t4 f}; forcing Intent.FLAG_ACTIVITY_NEW_TASK for: Intent { cmp=com.zinn.Gpsrouteaddressfinder/.StartActivity }
E/Bharath ( 1155): onPause called
W/SKMaps  ( 1155): SKmaps----No SKMapsDownloadListener was set !!! 
D/SKMaps  ( 1155): SKVersionManager---- newversioncallback updatemapversionstatus=0
D/SKMaps  ( 1155): SKVersionManager----Version file update status = 0  success 
D/SKMaps  ( 1155): SKVersionManager----Request done at  startup 
D/SKMaps  ( 1155): SKVersionManager----Current version is 0
D/SKMaps  ( 1155): SKVersionManager----Current maps version is 0 => must update it to the last remote maps version
D/dalvikvm( 1155): GC_FOR_ALLOC freed 33K, 8% free 4442K/4808K, paused 134ms, total 136ms
I/dalvikvm-heap( 1155): Grow heap (frag case) to 5.870MB for 1536016-byte allocation
D/dalvikvm( 1155): GC_FOR_ALLOC freed <1K, 6% free 5941K/6312K, paused 128ms, total 128ms
D/SKMaps  ( 1155): SKVersionManager---- Map was updated to remote version  = 20150413 mapVersionSet=true
D/SKMaps  ( 1155): SKVersionManager----mapVersionSet = true, mapUpdateListener = com.zinn.Gpsrouteaddressfinder.SplashActivity@b2d55978
W/SKMaps  ( 1155): SKmaps----No SKMapsDownloadListener was set !!! 
D/dalvikvm( 1155): GC_CONCURRENT freed 5K, 6% free 5942K/6312K, paused 4ms+7ms, total 76ms
D/InitAlarmsService(  950): Clearing and rescheduling alarms.
W/GooglePlayServicesUtil( 1155): Google Play services is missing.
W/GooglePlayServicesUtil( 1155): Google Play services is missing.
V/WebViewChromiumFactoryProvider( 1155): Binding Chromium to main looper Looper (main, tid 1) {b2d46f30}
I/LibraryLoader( 1155): Expected native library version number "",actual native library version number ""
I/chromium( 1155): [INFO:library_loader_hooks.cc(116)] Chromium logging enabled: level = 0, default verbosity = 0
I/BrowserStartupController( 1155): Initializing chromium process, renderers=0
E/AudioManagerAndroid( 1155): BLUETOOTH permission is missing!
E/chromium( 1155): [ERROR:gl_surface_egl.cc(169)] No suitable EGL configs found.
E/chromium( 1155): [ERROR:gl_surface_egl.cc(702)] GLSurfaceEGL::InitializeOneOff failed.
E/chromium( 1155): [ERROR:gl_surface_egl.cc(169)] No suitable EGL configs found.
E/chromium( 1155): [ERROR:gl_surface_egl.cc(702)] GLSurfaceEGL::InitializeOneOff failed.
E/chromium( 1155): [ERROR:gpu_info_collector.cc(86)] gfx::GLSurface::InitializeOneOff() failed
W/chromium( 1155): [WARNING:mailbox_synchronizer.cc(36)] MailboxSync not supported due to missing EGL image/fence support
I/Ads     ( 1155): Starting ad request.
E/chromium( 1155): [ERROR:gl_surface_egl.cc(169)] No suitable EGL configs found.
E/chromium( 1155): [ERROR:gl_surface_egl.cc(702)] GLSurfaceEGL::InitializeOneOff failed.
I/Ads     ( 1155): Please set theme of AdActivity to @android:style/Theme.Translucent to enable transparent background interstitial ad.
I/ActivityManager(  358): Displayed com.zinn.Gpsrouteaddressfinder/.StartActivity: +2s425ms
I/Choreographer( 1155): Skipped 58 frames!  The application may be doing too much work on its main thread.
D/AndroidRuntime( 1212): 
D/AndroidRuntime( 1212): >>>>>> AndroidRuntime START com.android.internal.os.RuntimeInit <<<<<<
D/AndroidRuntime( 1212): CheckJNI is ON
D/dalvikvm( 1212): Trying to load lib libjavacore.so 0x0
D/dalvikvm( 1212): Added shared lib libjavacore.so 0x0
D/dalvikvm( 1212): Trying to load lib libnativehelper.so 0x0
D/dalvikvm( 1212): Added shared lib libnativehelper.so 0x0
D/dalvikvm( 1212): No JNI_OnLoad found in libnativehelper.so 0x0, skipping init
D/dalvikvm( 1212): Note: class Landroid/app/ActivityManagerNative; has 179 unimplemented (abstract) methods
E/NetdConnector(  358): NDC Command {68 bandwidth gettetherstats} took too long (811ms)
W/ProcessCpuTracker(  358): Skipping unknown process pid 1221
E/memtrack( 1212): Couldn't load memtrack module (No such file or directory)
E/android.os.Debug( 1212): failed to load memtrack module: -2
D/MobileDataStateTracker(  358): default: setPolicyDataEnable(enabled=true)
D/AndroidRuntime( 1212): Calling main entry com.android.commands.am.Am
D/AndroidRuntime( 1212): Shutting down VM
D/dalvikvm( 1212): GC_CONCURRENT freed 96K, 15% free 587K/688K, paused 1ms+2ms, total 20ms
D/dalvikvm( 1155): DexOpt: --- BEGIN 'ads-1653909242.jar' (bootstrap=0) ---
D/MobileDataStateTracker(  358): default: setPolicyDataEnable(enabled=true)
W/ActivityManager(  358): Launch timeout has expired, giving up wake lock!
W/SKMaps  ( 1155): SKmaps----No SKMapsDownloadListener was set !!! 
D/SKMaps  ( 1155): SKVersionManager----Meta data callback 20150413
W/SKMaps  ( 1155): SKVersionManager----No SKMetaDataListener was set !!! 
D/AndroidRuntime( 1228): 
D/AndroidRuntime( 1228): >>>>>> AndroidRuntime START com.android.internal.os.RuntimeInit <<<<<<
