I/PackageManager(  358):   Category: "android.intent.category.DEFAULT"
I/PackageManager(  358):   Scheme: "mms"
I/PackageManager(  358): Adding preferred activity ComponentInfo{com.android.mms/com.android.mms.ui.ComposeMessageActivity} for user 0 :
I/PackageManager(  358):   Action: "android.intent.action.SENDTO"
I/PackageManager(  358):   Category: "android.intent.category.DEFAULT"
I/PackageManager(  358):   Scheme: "mmsto"
I/PackageManager(  358): Adding preferred activity ComponentInfo{com.android.mms/com.android.mms.ui.ComposeMessageActivity} for user 0 :
E/BluetoothAdapter(  594): Bluetooth binder is null
E/BluetoothAdapter(  594): Bluetooth binder is null
D/dalvikvm(  358): GC_CONCURRENT freed 795K, 58% free 5425K/12708K, paused 23ms+5ms, total 382ms
D/CallNotifier(  594): CallNotifier: mSignalInfoToneGenerator created when toneplay
E/BluetoothAdapter(  594): Bluetooth binder is null
D/dalvikvm(  580): GC_CONCURRENT freed 424K, 16% free 2973K/3540K, paused 47ms+62ms, total 148ms
D/dalvikvm(  580): WAIT_FOR_CONCURRENT_GC blocked 93ms
D/dalvikvm(  358): WAIT_FOR_CONCURRENT_GC blocked 1239ms
D/dalvikvm(  358): WAIT_FOR_CONCURRENT_GC blocked 1241ms
D/dalvikvm(  594): GC_CONCURRENT freed 284K, 11% free 3039K/3392K, paused 4ms+2ms, total 49ms
D/TelephonyDebugService(  594): TelephonyDebugService()
I/FusedLocation(  358): engine stopped (com.android.location.fused)
I/FusedLocation(  358): engine started (com.android.location.fused)
D/MccTable(  594): updateMccMncConfiguration: mcc=310, mnc=260
D/AlarmManagerService(  358): Kernel timezone updated to 240 minutes west of GMT
D/MccTable(  594): timezone set to America/New_York
D/MccTable(  594): getLocaleFromMcc to en_us mcc=310
D/MccTable(  594): getLocaleForLanguageCountry: got match
D/MccTable(  594): getLocaleForLanguageCountry: X locale=en_US
D/MccTable(  594): WIFI_COUNTRY_CODE set to us
I/LatinIME:LogUtils(  580): Dictionary info: dictionary = main:en ; version = 42 ; date = 1381226429
I/LatinIME:LogUtils(  580): Dictionary info: dictionary = main:en ; version = 42 ; date = 1381226429
I/WifiService(  358): WifiService trying to set country code to us with persist set to true
D/MobileDataStateTracker(  358): fota: Broadcast received: android.intent.action.ANY_DATA_STATE apnType=fota
D/MobileDataStateTracker(  358): fota: Received state=DISCONNECTED, old=DISCONNECTED, reason=radioTurnedOff
D/MobileDataStateTracker(  358): ia: Broadcast received: android.intent.action.ANY_DATA_STATE apnType=ia
D/MobileDataStateTracker(  358): ia: Received state=DISCONNECTED, old=DISCONNECTED, reason=radioTurnedOff
D/MobileDataStateTracker(  358): supl: Broadcast received: android.intent.action.ANY_DATA_STATE apnType=supl
D/MobileDataStateTracker(  358): supl: Received state=DISCONNECTED, old=DISCONNECTED, reason=radioTurnedOff
D/MobileDataStateTracker(  358): hipri: Broadcast received: android.intent.action.ANY_DATA_STATE apnType=hipri
D/MobileDataStateTracker(  358): hipri: Received state=DISCONNECTED, old=DISCONNECTED, reason=radioTurnedOff
D/MobileDataStateTracker(  358): ims: Broadcast received: android.intent.action.ANY_DATA_STATE apnType=ims
D/MobileDataStateTracker(  358): ims: Received state=DISCONNECTED, old=DISCONNECTED, reason=radioTurnedOff
D/MobileDataStateTracker(  358): default: Broadcast received: android.intent.action.ANY_DATA_STATE apnType=default
D/MobileDataStateTracker(  358): default: Received state=DISCONNECTED, old=DISCONNECTED, reason=radioTurnedOff
D/MobileDataStateTracker(  358): mms: Broadcast received: android.intent.action.ANY_DATA_STATE apnType=mms
D/MobileDataStateTracker(  358): mms: Received state=DISCONNECTED, old=DISCONNECTED, reason=radioTurnedOff
D/MobileDataStateTracker(  358): cbs: Broadcast received: android.intent.action.ANY_DATA_STATE apnType=cbs
D/MobileDataStateTracker(  358): cbs: Received state=DISCONNECTED, old=DISCONNECTED, reason=radioTurnedOff
D/MobileDataStateTracker(  358): fota: Broadcast received: android.intent.action.ANY_DATA_STATE apnType=fota
D/MobileDataStateTracker(  358): fota: Received state=DISCONNECTED, old=DISCONNECTED, reason=radioTurnedOff
D/MobileDataStateTracker(  358): ia: Broadcast received: android.intent.action.ANY_DATA_STATE apnType=ia
D/MobileDataStateTracker(  358): ia: Received state=DISCONNECTED, old=DISCONNECTED, reason=radioTurnedOff
D/MobileDataStateTracker(  358): supl: Broadcast received: android.intent.action.ANY_DATA_STATE apnType=supl
D/MobileDataStateTracker(  358): supl: Received state=DISCONNECTED, old=DISCONNECTED, reason=radioTurnedOff
D/MobileDataStateTracker(  358): hipri: Broadcast received: android.intent.action.ANY_DATA_STATE apnType=hipri
D/MobileDataStateTracker(  358): hipri: Received state=DISCONNECTED, old=DISCONNECTED, reason=radioTurnedOff
D/MobileDataStateTracker(  358): ims: Broadcast received: android.intent.action.ANY_DATA_STATE apnType=ims
D/MobileDataStateTracker(  358): ims: Received state=DISCONNECTED, old=DISCONNECTED, reason=radioTurnedOff
D/MobileDataStateTracker(  358): default: Broadcast received: android.intent.action.ANY_DATA_STATE apnType=default
D/MobileDataStateTracker(  358): default: Received state=DISCONNECTED, old=DISCONNECTED, reason=radioTurnedOff
D/MobileDataStateTracker(  358): mms: Broadcast received: android.intent.action.ANY_DATA_STATE apnType=mms
D/MobileDataStateTracker(  358): mms: Received state=DISCONNECTED, old=DISCONNECTED, reason=radioTurnedOff
D/MobileDataStateTracker(  358): cbs: Broadcast received: android.intent.action.ANY_DATA_STATE apnType=cbs
D/MobileDataStateTracker(  358): cbs: Received state=DISCONNECTED, old=DISCONNECTED, reason=radioTurnedOff
D/MobileDataStateTracker(  358): fota: Broadcast received: android.intent.action.ANY_DATA_STATE apnType=fota
D/MobileDataStateTracker(  358): fota: Received state=DISCONNECTED, old=DISCONNECTED, reason=dataDetached
D/MobileDataStateTracker(  358): ia: Broadcast received: android.intent.action.ANY_DATA_STATE apnType=ia
D/MobileDataStateTracker(  358): ia: Received state=DISCONNECTED, old=DISCONNECTED, reason=dataDetached
D/MobileDataStateTracker(  358): supl: Broadcast received: android.intent.action.ANY_DATA_STATE apnType=supl
D/MobileDataStateTracker(  358): supl: Received state=DISCONNECTED, old=DISCONNECTED, reason=dataDetached
D/MobileDataStateTracker(  358): hipri: Broadcast received: android.intent.action.ANY_DATA_STATE apnType=hipri
D/MobileDataStateTracker(  358): hipri: Received state=DISCONNECTED, old=DISCONNECTED, reason=dataDetached
D/MobileDataStateTracker(  358): ims: Broadcast received: android.intent.action.ANY_DATA_STATE apnType=ims
D/MobileDataStateTracker(  358): ims: Received state=DISCONNECTED, old=DISCONNECTED, reason=dataDetached
D/MobileDataStateTracker(  358): default: Broadcast received: android.intent.action.ANY_DATA_STATE apnType=default
D/MobileDataStateTracker(  358): default: Received state=DISCONNECTED, old=DISCONNECTED, reason=dataDetached
D/MobileDataStateTracker(  358): mms: Broadcast received: android.intent.action.ANY_DATA_STATE apnType=mms
D/MobileDataStateTracker(  358): mms: Received state=DISCONNECTED, old=DISCONNECTED, reason=dataDetached
D/MobileDataStateTracker(  358): cbs: Broadcast received: android.intent.action.ANY_DATA_STATE apnType=cbs
D/MobileDataStateTracker(  358): cbs: Received state=DISCONNECTED, old=DISCONNECTED, reason=dataDetached
D/MobileDataStateTracker(  358): fota: Broadcast received: android.intent.action.ANY_DATA_STATE apnType=fota
D/MobileDataStateTracker(  358): fota: Received state=DISCONNECTED, old=DISCONNECTED, reason=roamingOff
D/MobileDataStateTracker(  358): ia: Broadcast received: android.intent.action.ANY_DATA_STATE apnType=ia
D/MobileDataStateTracker(  358): ia: Received state=DISCONNECTED, old=DISCONNECTED, reason=roamingOff
D/MobileDataStateTracker(  358): supl: Broadcast received: android.intent.action.ANY_DATA_STATE apnType=supl
D/MobileDataStateTracker(  358): supl: Received state=DISCONNECTED, old=DISCONNECTED, reason=roamingOff
D/MobileDataStateTracker(  358): hipri: Broadcast received: android.intent.action.ANY_DATA_STATE apnType=hipri
D/MobileDataStateTracker(  358): hipri: Received state=DISCONNECTED, old=DISCONNECTED, reason=roamingOff
D/MobileDataStateTracker(  358): ims: Broadcast received: android.intent.action.ANY_DATA_STATE apnType=ims
D/MobileDataStateTracker(  358): ims: Received state=DISCONNECTED, old=DISCONNECTED, reason=roamingOff
D/MobileDataStateTracker(  358): default: Broadcast received: android.intent.action.ANY_DATA_STATE apnType=default
D/MobileDataStateTracker(  358): default: Received state=DISCONNECTED, old=DISCONNECTED, reason=roamingOff
D/MobileDataStateTracker(  358): mms: Broadcast received: android.intent.action.ANY_DATA_STATE apnType=mms
D/MobileDataStateTracker(  358): mms: Received state=DISCONNECTED, old=DISCONNECTED, reason=roamingOff
D/MobileDataStateTracker(  358): cbs: Broadcast received: android.intent.action.ANY_DATA_STATE apnType=cbs
D/MobileDataStateTracker(  358): cbs: Received state=DISCONNECTED, old=DISCONNECTED, reason=roamingOff
D/MobileDataStateTracker(  358): fota: Broadcast received: android.intent.action.ANY_DATA_STATE apnType=fota
D/MobileDataStateTracker(  358): fota: Received state=DISCONNECTED, old=DISCONNECTED, reason=roamingOff
D/MobileDataStateTracker(  358): ia: Broadcast received: android.intent.action.ANY_DATA_STATE apnType=ia
D/MobileDataStateTracker(  358): ia: Received state=DISCONNECTED, old=DISCONNECTED, reason=roamingOff
D/MobileDataStateTracker(  358): supl: Broadcast received: android.intent.action.ANY_DATA_STATE apnType=supl
D/MobileDataStateTracker(  358): supl: Received state=DISCONNECTED, old=DISCONNECTED, reason=roamingOff
D/MobileDataStateTracker(  358): hipri: Broadcast received: android.intent.action.ANY_DATA_STATE apnType=hipri
D/MobileDataStateTracker(  358): hipri: Received state=DISCONNECTED, old=DISCONNECTED, reason=roamingOff
D/MobileDataStateTracker(  358): ims: Broadcast received: android.intent.action.ANY_DATA_STATE apnType=ims
D/MobileDataStateTracker(  358): ims: Received state=DISCONNECTED, old=DISCONNECTED, reason=roamingOff
D/MobileDataStateTracker(  358): default: Broadcast received: android.intent.action.ANY_DATA_STATE apnType=default
D/MobileDataStateTracker(  358): default: Received state=DISCONNECTED, old=DISCONNECTED, reason=roamingOff
D/MobileDataStateTracker(  358): mms: Broadcast received: android.intent.action.ANY_DATA_STATE apnType=mms
D/MobileDataStateTracker(  358): mms: Received state=DISCONNECTED, old=DISCONNECTED, reason=roamingOff
D/MobileDataStateTracker(  358): cbs: Broadcast received: android.intent.action.ANY_DATA_STATE apnType=cbs
D/MobileDataStateTracker(  358): cbs: Received state=DISCONNECTED, old=DISCONNECTED, reason=roamingOff
I/LatinIME:LogUtils(  580): Dictionary info: dictionary = main:en ; version = 42 ; date = 1381226429
I/LatinIME:LogUtils(  580): Dictionary info: dictionary = main:en ; version = 42 ; date = 1381226429
I/LatinIME:LogUtils(  580): Dictionary info: dictionary = main:en ; version = 42 ; date = 1381226429
I/LatinIME:LogUtils(  580): Dictionary info: dictionary = main:en ; version = 42 ; date = 1381226429
I/LatinIME:LogUtils(  580): Dictionary info: dictionary = main:en ; version = 42 ; date = 1381226429
D/dalvikvm(  580): GC_CONCURRENT freed 322K, 13% free 3080K/3540K, paused 4ms+3ms, total 97ms
I/LatinIME:LogUtils(  580): Dictionary info: dictionary = main:en ; version = 42 ; date = 1381226429
D/MobileDataStateTracker(  358): fota: Broadcast received: android.intent.action.ANY_DATA_STATE apnType=fota
D/MobileDataStateTracker(  358): fota: Received state=DISCONNECTED, old=DISCONNECTED, reason=dataAttached
D/MobileDataStateTracker(  358): ia: Broadcast received: android.intent.action.ANY_DATA_STATE apnType=ia
D/MobileDataStateTracker(  358): ia: Received state=DISCONNECTED, old=DISCONNECTED, reason=dataAttached
D/MobileDataStateTracker(  358): supl: Broadcast received: android.intent.action.ANY_DATA_STATE apnType=supl
D/MobileDataStateTracker(  358): supl: Received state=DISCONNECTED, old=DISCONNECTED, reason=dataAttached
D/MobileDataStateTracker(  358): hipri: Broadcast received: android.intent.action.ANY_DATA_STATE apnType=hipri
D/MobileDataStateTracker(  358): hipri: Received state=DISCONNECTED, old=DISCONNECTED, reason=dataAttached
D/MobileDataStateTracker(  358): ims: Broadcast received: android.intent.action.ANY_DATA_STATE apnType=ims
D/MobileDataStateTracker(  358): ims: Received state=DISCONNECTED, old=DISCONNECTED, reason=dataAttached
D/MobileDataStateTracker(  358): mms: Broadcast received: android.intent.action.ANY_DATA_STATE apnType=mms
D/MobileDataStateTracker(  358): mms: Received state=DISCONNECTED, old=DISCONNECTED, reason=dataAttached
D/dalvikvm(  594): GC_CONCURRENT freed 288K, 11% free 3161K/3516K, paused 4ms+4ms, total 54ms
D/MobileDataStateTracker(  358): cbs: Broadcast received: android.intent.action.ANY_DATA_STATE apnType=cbs
D/MobileDataStateTracker(  358): cbs: Received state=DISCONNECTED, old=DISCONNECTED, reason=dataAttached
D/MobileDataStateTracker(  358): fota: Broadcast received: android.intent.action.ANY_DATA_STATE apnType=fota
D/MobileDataStateTracker(  358): fota: Received state=DISCONNECTED, old=DISCONNECTED, reason=dataAttached
D/MobileDataStateTracker(  358): ia: Broadcast received: android.intent.action.ANY_DATA_STATE apnType=ia
D/MobileDataStateTracker(  358): ia: Received state=DISCONNECTED, old=DISCONNECTED, reason=dataAttached
D/MobileDataStateTracker(  358): supl: Broadcast received: android.intent.action.ANY_DATA_STATE apnType=supl
D/MobileDataStateTracker(  358): supl: Received state=DISCONNECTED, old=DISCONNECTED, reason=dataAttached
D/MobileDataStateTracker(  358): hipri: Broadcast received: android.intent.action.ANY_DATA_STATE apnType=hipri
D/MobileDataStateTracker(  358): hipri: Received state=DISCONNECTED, old=DISCONNECTED, reason=dataAttached
D/MobileDataStateTracker(  358): ims: Broadcast received: android.intent.action.ANY_DATA_STATE apnType=ims
D/MobileDataStateTracker(  358): ims: Received state=DISCONNECTED, old=DISCONNECTED, reason=dataAttached
D/MobileDataStateTracker(  358): mms: Broadcast received: android.intent.action.ANY_DATA_STATE apnType=mms
D/MobileDataStateTracker(  358): mms: Received state=DISCONNECTED, old=DISCONNECTED, reason=dataAttached
D/MobileDataStateTracker(  358): cbs: Broadcast received: android.intent.action.ANY_DATA_STATE apnType=cbs
D/MobileDataStateTracker(  358): cbs: Received state=DISCONNECTED, old=DISCONNECTED, reason=dataAttached
D/MccTable(  594): updateMccMncConfiguration: mcc=310, mnc=260
D/MccTable(  594): getLocaleFromMcc to en_us mcc=310
D/MccTable(  594): getLocaleForLanguageCountry: got match
D/MccTable(  594): getLocaleForLanguageCountry: X locale=en_US
D/MccTable(  594): updateMccMncConfiguration updateConfig config={1.0 310mcc260mnc en_US ldltr ?swdp ?wdp ?hdp ?density ?lsize ?long ?orien ?uimode ?night ?touch ?keyb/?/? ?nav/?}
I/ActivityManager(  358): Config changes=3 {1.0 310mcc260mnc en_US ldltr sw480dp w480dp h839dp 160dpi lrg long port finger -keyb/v/h tball/v s.6}
D/PermissionCache(   58): checking android.permission.READ_FRAME_BUFFER for uid=1000 => granted (5622 us)
D/PhoneStatusBar(  440): mSettingsPanelGravity = 55
D/gralloc (   58): Registering a buffer in the process that created it. This may cause memory ordering problems.
E/libEGL  (   58): called unimplemented OpenGL ES API
E/libEGL  (   58): called unimplemented OpenGL ES API
E/libEGL  (   58): called unimplemented OpenGL ES API
E/libEGL  (   58): called unimplemented OpenGL ES API
E/SurfaceFlinger(   58): glCheckFramebufferStatusOES error -720861861
E/SurfaceFlinger(   58): got GL_FRAMEBUFFER_COMPLETE_OES error while taking screenshot
E/libEGL  (   58): called unimplemented OpenGL ES API
E/libEGL  (   58): called unimplemented OpenGL ES API
I/ARMAssembler(   58): generated scanline__00000077:03515104_00008001_00000000 [113 ipp] (134 ins) at [0xb59661f0:0xb5966408] in 20000000 ns
D/MccTable(  594): updateMccMncConfiguration: mcc=310, mnc=260
D/MccTable(  594): getLocaleFromMcc to en_us mcc=310
D/MccTable(  594): getLocaleForLanguageCountry: skipping already persisted
D/MccTable(  594): getLocaleForLanguageCountry: X locale=null
D/MccTable(  594): updateMccMncConfiguration updateConfig config={1.0 310mcc260mnc ?locale ?layoutDir ?swdp ?wdp ?hdp ?density ?lsize ?long ?orien ?uimode ?night ?touch ?keyb/?/? ?nav/?}
D/dalvikvm(  682): GC_CONCURRENT freed 178K, 8% free 2943K/3196K, paused 5ms+4ms, total 143ms
D/dalvikvm(  358): GC_CONCURRENT freed 537K, 58% free 5453K/12708K, paused 30ms+6ms, total 205ms
D/dalvikvm(  594): GC_CONCURRENT freed 365K, 12% free 3306K/3740K, paused 4ms+2ms, total 56ms
D/dalvikvm(  594): WAIT_FOR_CONCURRENT_GC blocked 14ms
D/dalvikvm(  358): GC_CONCURRENT freed 646K, 57% free 5503K/12708K, paused 8ms+4ms, total 134ms
D/dalvikvm(  358): WAIT_FOR_CONCURRENT_GC blocked 81ms
D/dalvikvm(  358): WAIT_FOR_CONCURRENT_GC blocked 48ms
D/dalvikvm(  594): GC_CONCURRENT freed 432K, 14% free 3283K/3784K, paused 5ms+20ms, total 62ms
D/dalvikvm(  358): GC_CONCURRENT freed 617K, 57% free 5563K/12708K, paused 6ms+4ms, total 111ms
D/dalvikvm(  682): GC_FOR_ALLOC freed 186K, 8% free 3112K/3372K, paused 16ms, total 17ms
I/dalvikvm-heap(  682): Grow heap (frag case) to 3.716MB for 640016-byte allocation
D/MobileDataStateTracker(  358): fota: Broadcast received: android.intent.action.ANY_DATA_STATE apnType=fota
D/MobileDataStateTracker(  358): fota: Received state=DISCONNECTED, old=DISCONNECTED, reason=simLoaded
D/MobileDataStateTracker(  358): ia: Broadcast received: android.intent.action.ANY_DATA_STATE apnType=ia
D/MobileDataStateTracker(  358): ia: Received state=DISCONNECTED, old=DISCONNECTED, reason=simLoaded
D/MobileDataStateTracker(  358): supl: Broadcast received: android.intent.action.ANY_DATA_STATE apnType=supl
D/MobileDataStateTracker(  358): supl: Received state=DISCONNECTED, old=DISCONNECTED, reason=simLoaded
D/MobileDataStateTracker(  358): hipri: Broadcast received: android.intent.action.ANY_DATA_STATE apnType=hipri
D/MobileDataStateTracker(  358): hipri: Received state=DISCONNECTED, old=DISCONNECTED, reason=simLoaded
D/MobileDataStateTracker(  358): ims: Broadcast received: android.intent.action.ANY_DATA_STATE apnType=ims
D/MobileDataStateTracker(  358): ims: Received state=DISCONNECTED, old=DISCONNECTED, reason=simLoaded
D/MobileDataStateTracker(  358): mms: Broadcast received: android.intent.action.ANY_DATA_STATE apnType=mms
D/MobileDataStateTracker(  358): mms: Received state=DISCONNECTED, old=DISCONNECTED, reason=simLoaded
D/MobileDataStateTracker(  358): cbs: Broadcast received: android.intent.action.ANY_DATA_STATE apnType=cbs
D/MobileDataStateTracker(  358): cbs: Received state=DISCONNECTED, old=DISCONNECTED, reason=simLoaded
D/dalvikvm(  682): GC_CONCURRENT freed 2K, 7% free 3735K/4000K, paused 46ms+2ms, total 116ms
D/dalvikvm(  682): WAIT_FOR_CONCURRENT_GC blocked 77ms
D/MobileDataStateTracker(  358): default: Broadcast received: android.intent.action.ANY_DATA_STATE apnType=default
D/MobileDataStateTracker(  358): default: Received state=CONNECTING, old=DISCONNECTED, reason=simLoaded
D/MobileDataStateTracker(  358): default: setDetailed state, old =IDLE and new state=CONNECTING
D/MobileDataStateTracker(  358): fota: Broadcast received: android.intent.action.ANY_DATA_STATE apnType=fota
D/MobileDataStateTracker(  358): fota: Received state=DISCONNECTED, old=DISCONNECTED, reason=simLoaded
D/MobileDataStateTracker(  358): ia: Broadcast received: android.intent.action.ANY_DATA_STATE apnType=ia
D/MobileDataStateTracker(  358): ia: Received state=DISCONNECTED, old=DISCONNECTED, reason=simLoaded
D/MobileDataStateTracker(  358): supl: Broadcast received: android.intent.action.ANY_DATA_STATE apnType=supl
D/MobileDataStateTracker(  358): supl: Received state=DISCONNECTED, old=DISCONNECTED, reason=simLoaded
D/MobileDataStateTracker(  358): hipri: Broadcast received: android.intent.action.ANY_DATA_STATE apnType=hipri
D/MobileDataStateTracker(  358): hipri: Received state=DISCONNECTED, old=DISCONNECTED, reason=simLoaded
D/MobileDataStateTracker(  358): ims: Broadcast received: android.intent.action.ANY_DATA_STATE apnType=ims
D/MobileDataStateTracker(  358): ims: Received state=DISCONNECTED, old=DISCONNECTED, reason=simLoaded
D/MobileDataStateTracker(  358): mms: Broadcast received: android.intent.action.ANY_DATA_STATE apnType=mms
D/MobileDataStateTracker(  358): mms: Received state=DISCONNECTED, old=DISCONNECTED, reason=simLoaded
D/MobileDataStateTracker(  358): cbs: Broadcast received: android.intent.action.ANY_DATA_STATE apnType=cbs
D/MobileDataStateTracker(  358): cbs: Received state=DISCONNECTED, old=DISCONNECTED, reason=simLoaded
D/MobileDataStateTracker(  358): default: Broadcast received: android.intent.action.ANY_DATA_STATE apnType=default
D/MobileDataStateTracker(  358): default: Received state=CONNECTED, old=CONNECTING, reason=connected
D/MobileDataStateTracker(  358): default: setDetailed state, old =CONNECTING and new state=CONNECTED
D/ConnectivityService(  358): ConnectivityChange for mobile: CONNECTED/CONNECTED
D/ConnectivityService(  358): ConnectivityChange checkMobileProvisioning for TYPE_MOBILE or ProvisioningNetwork
D/ConnectivityService(  358): checkMobileProvisioning: E suggestedTimeOutMs=60000
D/ConnectivityService(  358): setProvNotificationVisible: E visible=false networkType=5 extraInfo=null url=null
D/ConnectivityService(  358): checkMobileProvisioning: params={ url=http://clients3.google.com/generate_204 mTimeOutMs=60000 mCb=com.android.server.ConnectivityService$5@b3023690}
D/ConnectivityService(  358): checkMobileProvisioning: X
D/dalvikvm(  594): GC_CONCURRENT freed 419K, 13% free 3293K/3784K, paused 5ms+3ms, total 183ms
D/MobileDataStateTracker(  358): default: isProvisioningNetwork: retVal=false
D/ConnectivityService(  358): [CheckMp] isMobileOk: isDefaultProvisioning=false
D/MobileDataStateTracker(  358): hipri: isProvisioningNetwork: retVal=false
D/ConnectivityService(  358): [CheckMp] isMobileOk: isHipriProvisioning=false
D/ConnectivityService(  358): [CheckMp] isMobileOk: start hipri url=http://clients3.google.com/generate_204
D/Nat464Xlat(  358): requiresClat: netType=0, hasIPv4Address=true
I/NetworkPolicy(  358): no policy for active mobile network; generating default policy
D/MobileDataStateTracker(  358): default: setPolicyDataEnable(enabled=true)
W/Resources(  682): Converting to int: TypedValue{t=0x3/d=0x12 "4" a=-1}
W/Resources(  682): Converting to int: TypedValue{t=0x3/d=0xf "1" a=-1}
W/Resources(  682): Converting to int: TypedValue{t=0x3/d=0x15 "2" a=-1}
W/Resources(  682): Converting to int: TypedValue{t=0x3/d=0x15 "2" a=-1}
W/Launcher.LauncherProvider(  682): Unable to add favorite: com.android.camera2/com.android.camera.CameraLauncher
W/Launcher.LauncherProvider(  682): android.content.pm.PackageManager$NameNotFoundException: ComponentInfo{com.android.camera2/com.android.camera.CameraLauncher}
W/Launcher.LauncherProvider(  682): 	at android.app.ApplicationPackageManager.getActivityInfo(ApplicationPackageManager.java:242)
W/Launcher.LauncherProvider(  682): 	at com.android.launcher2.LauncherProvider$DatabaseHelper.addAppShortcut(LauncherProvider.java:959)
W/Launcher.LauncherProvider(  682): 	at com.android.launcher2.LauncherProvider$DatabaseHelper.loadFavorites(LauncherProvider.java:863)
W/Launcher.LauncherProvider(  682): 	at com.android.launcher2.LauncherProvider$DatabaseHelper.access$000(LauncherProvider.java:253)
W/Launcher.LauncherProvider(  682): 	at com.android.launcher2.LauncherProvider.loadDefaultFavoritesIfNecessary(LauncherProvider.java:237)
W/Launcher.LauncherProvider(  682): 	at com.android.launcher2.LauncherModel$LoaderTask.loadWorkspace(LauncherModel.java:1278)
W/Launcher.LauncherProvider(  682): 	at com.android.launcher2.LauncherModel$LoaderTask.loadAndBindWorkspace(LauncherModel.java:1020)
W/Launcher.LauncherProvider(  682): 	at com.android.launcher2.LauncherModel$LoaderTask.run(LauncherModel.java:1126)
W/Launcher.LauncherProvider(  682): 	at android.os.Handler.handleCallback(Handler.java:733)
W/Launcher.LauncherProvider(  682): 	at android.os.Handler.dispatchMessage(Handler.java:95)
W/Launcher.LauncherProvider(  682): 	at android.os.Looper.loop(Looper.java:136)
W/Launcher.LauncherProvider(  682): 	at android.os.HandlerThread.run(HandlerThread.java:61)
W/Launcher.LauncherProvider(  682): Unable to add favorite: com.android.gallery3d/com.android.gallery3d.app.Gallery
W/Launcher.LauncherProvider(  682): android.content.pm.PackageManager$NameNotFoundException: ComponentInfo{com.android.gallery3d/com.android.gallery3d.app.Gallery}
W/Launcher.LauncherProvider(  682): 	at android.app.ApplicationPackageManager.getActivityInfo(ApplicationPackageManager.java:242)
W/Launcher.LauncherProvider(  682): 	at com.android.launcher2.LauncherProvider$DatabaseHelper.addAppShortcut(LauncherProvider.java:959)
W/Launcher.LauncherProvider(  682): 	at com.android.launcher2.LauncherProvider$DatabaseHelper.loadFavorites(LauncherProvider.java:863)
W/Launcher.LauncherProvider(  682): 	at com.android.launcher2.LauncherProvider$DatabaseHelper.access$000(LauncherProvider.java:253)
W/Launcher.LauncherProvider(  682): 	at com.android.launcher2.LauncherProvider.loadDefaultFavoritesIfNecessary(LauncherProvider.java:237)
W/Launcher.LauncherProvider(  682): 	at com.android.launcher2.LauncherModel$LoaderTask.loadWorkspace(LauncherModel.java:1278)
W/Launcher.LauncherProvider(  682): 	at com.android.launcher2.LauncherModel$LoaderTask.loadAndBindWorkspace(LauncherModel.java:1020)
W/Launcher.LauncherProvider(  682): 	at com.android.launcher2.LauncherModel$LoaderTask.run(LauncherModel.java:1126)
W/Launcher.LauncherProvider(  682): 	at android.os.Handler.handleCallback(Handler.java:733)
W/Launcher.LauncherProvider(  682): 	at android.os.Handler.dispatchMessage(Handler.java:95)
W/Launcher.LauncherProvider(  682): 	at android.os.Looper.loop(Looper.java:136)
W/Launcher.LauncherProvider(  682): 	at android.os.HandlerThread.run(HandlerThread.java:61)
D/dalvikvm(  682): GC_CONCURRENT freed 237K, 8% free 3918K/4228K, paused 8ms+3ms, total 109ms
I/SurfaceFlinger(   58): Boot is finished (68935 ms)
W/ProcessCpuTracker(  358): Skipping unknown process pid 755
D/dalvikvm(  358): GC_CONCURRENT freed 614K, 56% free 5652K/12708K, paused 17ms+34ms, total 386ms
D/dalvikvm(  358): WAIT_FOR_CONCURRENT_GC blocked 122ms
E/NetdConnector(  358): NDC Command {12 bandwidth setiquota eth0 9223372036854775807} took too long (1793ms)
D/Launcher.Model(  682): Reload apps on config change. curr_mcc:310 prevmcc:0
I/Choreographer(  682): Skipped 213 frames!  The application may be doing too much work on its main thread.
D/gralloc_goldfish(  682): Emulator without GPU emulation detected.
D/MobileDataStateTracker(  358): default: setPolicyDataEnable(enabled=true)
D/dalvikvm(  682): GC_FOR_ALLOC freed 258K, 8% free 4024K/4360K, paused 66ms, total 71ms
I/dalvikvm-heap(  682): Grow heap (frag case) to 5.534MB for 1610896-byte allocation
W/WindowManager(  358): App freeze timeout expired.
W/WindowManager(  358): Force clearing freeze: AppWindowToken{b36d9df0 token=Token{b3048e90 ActivityRecord{b3048f88 u0 com.android.launcher/com.android.launcher2.Launcher t3}}}
D/dalvikvm(  682): GC_FOR_ALLOC freed 18K, 7% free 5579K/5936K, paused 42ms, total 42ms
W/ActivityManager(  358): Launch timeout has expired, giving up wake lock!
I/InputReader(  358): Reconfiguring input devices.  changes=0x00000010
D/dalvikvm(  682): GC_CONCURRENT freed 15K, 7% free 5567K/5936K, paused 5ms+2ms, total 209ms
D/dalvikvm(  682): WAIT_FOR_CONCURRENT_GC blocked 164ms
I/dalvikvm-heap(  682): Grow heap (frag case) to 7.040MB for 1610896-byte allocation
I/PackageManager(  358):   Action: "android.intent.action.SENDTO"
I/PackageManager(  358):   Category: "android.intent.category.DEFAULT"
I/PackageManager(  358):   Scheme: "sms"
I/PackageManager(  358): Adding preferred activity ComponentInfo{com.android.mms/com.android.mms.ui.ComposeMessageActivity} for user 0 :
I/PackageManager(  358):   Action: "android.intent.action.SENDTO"
I/PackageManager(  358):   Category: "android.intent.category.DEFAULT"
I/PackageManager(  358):   Scheme: "smsto"
I/PackageManager(  358): Adding preferred activity ComponentInfo{com.android.mms/com.android.mms.ui.ComposeMessageActivity} for user 0 :
D/dalvikvm(  682): GC_FOR_ALLOC freed <1K, 5% free 7139K/7512K, paused 247ms, total 247ms
E/NetdConnector(  358): NDC Command {13 bandwidth removeiquota eth0} took too long (712ms)
D/dalvikvm(  682): GC_CONCURRENT freed <1K, 5% free 7182K/7556K, paused 5ms+3ms, total 158ms
I/PackageManager(  358):   Action: "android.intent.action.SENDTO"
I/PackageManager(  358):   Category: "android.intent.category.DEFAULT"
I/PackageManager(  358):   Scheme: "mms"
I/PackageManager(  358): Adding preferred activity ComponentInfo{com.android.mms/com.android.mms.ui.ComposeMessageActivity} for user 0 :
I/PackageManager(  358):   Action: "android.intent.action.SENDTO"
I/PackageManager(  358):   Category: "android.intent.category.DEFAULT"
I/PackageManager(  358):   Scheme: "mmsto"
I/PackageManager(  358): Adding preferred activity ComponentInfo{com.android.mms/com.android.mms.ui.ComposeMessageActivity} for user 0 :
D/dalvikvm(  358): GC_CONCURRENT freed 789K, 56% free 5604K/12708K, paused 314ms+5ms, total 468ms
D/dalvikvm(  358): WAIT_FOR_CONCURRENT_GC blocked 67ms
I/ActivityManager(  358): Displayed com.android.launcher/com.android.launcher2.Launcher: +9s951ms (total +13s341ms)
I/PackageManager(  358):   Action: "android.intent.action.SENDTO"
I/PackageManager(  358):   Category: "android.intent.category.DEFAULT"
I/PackageManager(  358):   Scheme: "sms"
I/PackageManager(  358): Adding preferred activity ComponentInfo{com.android.mms/com.android.mms.ui.ComposeMessageActivity} for user 0 :
W/WindowManager(  358): Window freeze timeout expired.
W/WindowManager(  358): Force clearing orientation change: Window{b369eb98 u0 com.android.systemui.ImageWallpaper}
I/PackageManager(  358):   Action: "android.intent.action.SENDTO"
I/PackageManager(  358):   Category: "android.intent.category.DEFAULT"
I/PackageManager(  358):   Scheme: "smsto"
I/PackageManager(  358): Adding preferred activity ComponentInfo{com.android.mms/com.android.mms.ui.ComposeMessageActivity} for user 0 :
D/dalvikvm(  440): GC_FOR_ALLOC freed 3121K, 6% free 3588K/3780K, paused 574ms, total 587ms
I/WindowManager(  358): Screen frozen for +6s983ms due to Window{b369eb98 u0 com.android.systemui.ImageWallpaper}
D/dalvikvm(  594): GC_CONCURRENT freed 334K, 13% free 3361K/3844K, paused 122ms+2ms, total 372ms
I/PackageManager(  358):   Action: "android.intent.action.SENDTO"
I/PackageManager(  358):   Category: "android.intent.category.DEFAULT"
I/PackageManager(  358):   Scheme: "mms"
I/PackageManager(  358): Adding preferred activity ComponentInfo{com.android.mms/com.android.mms.ui.ComposeMessageActivity} for user 0 :
E/NetdConnector(  358): NDC Command {14 bandwidth setiquota eth0 9223372036854775807} took too long (1510ms)
D/MobileDataStateTracker(  358): default: setPolicyDataEnable(enabled=true)
I/dalvikvm-heap(  440): Grow heap (frag case) to 6.497MB for 3072016-byte allocation
I/PackageManager(  358):   Action: "android.intent.action.SENDTO"
I/PackageManager(  358):   Category: "android.intent.category.DEFAULT"
I/PackageManager(  358):   Scheme: "mmsto"
I/PackageManager(  358): Adding preferred activity ComponentInfo{com.android.mms/com.android.mms.ui.ComposeMessageActivity} for user 0 :
I/ARMAssembler(   58): generated scanline__00000077:03515104_00009001_00000000 [131 ipp] (153 ins) at [0xb5966410:0xb5966674] in 0 ns
D/dalvikvm(  440): GC_CONCURRENT freed 5K, 3% free 6582K/6784K, paused 5ms+2ms, total 193ms
I/Choreographer(  358): Skipped 30 frames!  The application may be doing too much work on its main thread.
I/Choreographer(  358): Skipped 30 frames!  The application may be doing too much work on its main thread.
D/dalvikvm(  358): GC_CONCURRENT freed 735K, 57% free 5573K/12708K, paused 5ms+44ms, total 286ms
I/Choreographer(  358): Skipped 80 frames!  The application may be doing too much work on its main thread.
I/Choreographer(  358): Skipped 106 frames!  The application may be doing too much work on its main thread.
D/ConnectivityService(  358): startUsingNetworkFeature reconnecting to 0: enableHIPRI
I/Choreographer(  358): Skipped 73 frames!  The application may be doing too much work on its main thread.
D/dalvikvm(  358): GC_EXPLICIT freed 40K, 57% free 5565K/12708K, paused 56ms+21ms, total 323ms
D/ConnectivityService(  358): startUsingNetworkFeature X: return APN_REQUEST_STARTED
E/ConnectivityService(  358): startUsingNetworkFeature took too long: 7481ms
D/ConnectivityService(  358): [CheckMp] isMobileOk: hipri started
D/ConnectivityService(  358): [CheckMp] isMobileOk: not connected ni=NetworkInfo: type: mobile_hipri[UMTS], state: DISCONNECTED/IDLE, reason: (unspecified), extra: (none), roaming: false, failover: false, isAvailable: true, isConnectedToProvisioningNetwork: false
D/dalvikvm(  594): GC_CONCURRENT freed 479K, 15% free 3294K/3844K, paused 2ms+3ms, total 502ms
D/Tethering(  358): MasterInitialState.processMessage what=3
D/CaptivePortalTracker(  358): NoActiveNetworkState{ when=-1ms what=1 obj=NetworkInfo: type: mobile[UMTS], state: CONNECTED/CONNECTED, reason: connected, extra: epc.tmobile.com, roaming: false, failover: false, isAvailable: true, isConnectedToProvisioningNetwork: false target=com.android.internal.util.StateMachine$SmHandler }
D/CaptivePortalTracker(  358): NoActiveNetworkState not a wifi connectivity change, ignore
D/MobileDataStateTracker(  358): hipri: Broadcast received: android.intent.action.ANY_DATA_STATE apnType=hipri
D/MobileDataStateTracker(  358): hipri: Received state=CONNECTING, old=DISCONNECTED, reason=dataEnabled
D/MobileDataStateTracker(  358): hipri: setDetailed state, old =IDLE and new state=CONNECTING
D/MobileDataStateTracker(  358): fota: Broadcast received: android.intent.action.ANY_DATA_STATE apnType=fota
D/MobileDataStateTracker(  358): fota: Received state=DISCONNECTED, old=DISCONNECTED, reason=dataEnabled
D/MobileDataStateTracker(  358): ia: Broadcast received: android.intent.action.ANY_DATA_STATE apnType=ia
D/MobileDataStateTracker(  358): ia: Received state=DISCONNECTED, old=DISCONNECTED, reason=dataEnabled
D/MobileDataStateTracker(  358): supl: Broadcast received: android.intent.action.ANY_DATA_STATE apnType=supl
D/MobileDataStateTracker(  358): supl: Received state=DISCONNECTED, old=DISCONNECTED, reason=dataEnabled
D/MobileDataStateTracker(  358): ims: Broadcast received: android.intent.action.ANY_DATA_STATE apnType=ims
D/MobileDataStateTracker(  358): ims: Received state=DISCONNECTED, old=DISCONNECTED, reason=dataEnabled
D/MobileDataStateTracker(  358): mms: Broadcast received: android.intent.action.ANY_DATA_STATE apnType=mms
D/MobileDataStateTracker(  358): mms: Received state=DISCONNECTED, old=DISCONNECTED, reason=dataEnabled
D/MobileDataStateTracker(  358): cbs: Broadcast received: android.intent.action.ANY_DATA_STATE apnType=cbs
D/MobileDataStateTracker(  358): cbs: Received state=DISCONNECTED, old=DISCONNECTED, reason=dataEnabled
D/MobileDataStateTracker(  358): hipri: Broadcast received: android.intent.action.ANY_DATA_STATE apnType=hipri
D/MobileDataStateTracker(  358): hipri: Received state=CONNECTED, old=CONNECTING, reason=dataEnabled
D/MobileDataStateTracker(  358): hipri: setDetailed state, old =CONNECTING and new state=CONNECTED
D/ConnectivityService(  358): ConnectivityChange for mobile_hipri: CONNECTED/CONNECTED
E/logwrapper(  792): executing /system/bin/ip failed: No such file or directory
E/ConnectivityService(  358): Exception trying to add a route: java.lang.IllegalStateException: command '21 interface fwmark exempt add 10.0.2.2/32' failed with '400 21 Failed to add exemption rule (File exists)'
E/logwrapper(  793): executing /system/bin/ip failed: No such file or directory
E/ConnectivityService(  358): Exception trying to add a route: java.lang.IllegalStateException: command '23 interface fwmark exempt add 10.0.2.3/32' failed with '400 23 Failed to add exemption rule (File exists)'
E/logwrapper(  794): executing /system/bin/ip failed: No such file or directory
E/ConnectivityService(  358): Exception trying to add a route: java.lang.IllegalStateException: command '25 interface fwmark exempt add 10.0.2.2/32' failed with '400 25 Failed to add exemption rule (File exists)'
E/logwrapper(  795): executing /system/bin/ip failed: No such file or directory
E/ConnectivityService(  358): Exception trying to add a route: java.lang.IllegalStateException: command '27 interface fwmark exempt add 10.0.2.4/32' failed with '400 27 Failed to add exemption rule (File exists)'
E/logwrapper(  796): executing /system/bin/ip failed: No such file or directory
E/SecondaryTablController(   55): ip route add failed: /system/bin/ip route add 10.0.2.2/32 via 0.0.0.0 dev eth0 table 60
W/FrameworkListener(   55): Handler 'interface' error (No such device)
E/ConnectivityService(  358): Exception trying to add a route: java.lang.IllegalStateException: command '28 interface route add eth0 secondary 10.0.2.2 32 0.0.0.0' failed with '400 28 ip route modification failed (No such device)'
I/MediaProvider(  608): Upgrading media database from version 0 to 700, which will destroy all old data
E/logwrapper(  797): executing /system/bin/ip failed: No such file or directory
E/SecondaryTablController(   55): ip route add failed: /system/bin/ip route add 0.0.0.0/0 via 10.0.2.2 dev eth0 table 60
W/FrameworkListener(   55): Handler 'interface' error (No such device)
E/ConnectivityService(  358): Exception trying to add a route: java.lang.IllegalStateException: command '29 interface route add eth0 secondary 0.0.0.0 0 10.0.2.2' failed with '400 29 ip route modification failed (No such device)'
D/Nat464Xlat(  358): requiresClat: netType=5, hasIPv4Address=true
D/MobileDataStateTracker(  358): default: setPolicyDataEnable(enabled=true)
W/NetworkPolicy(  358): shared quota unsupported; generating rule for each iface
E/NetdConnector(  358): NDC Command {30 bandwidth gettetherstats} took too long (855ms)
D/MobileDataStateTracker(  358): hipri: isProvisioningNetwork: retVal=false
D/ConnectivityService(  358): [CheckMp] isMobileOk: isProvisioningNetwork is false, continue
D/ConnectivityService(  358): [CheckMp] isMobileOk: addresses=clients3.google.com/216.58.214.14
D/ConnectivityService(  358): [CheckMp] isMobileOk: linkHasIpv4=true linkHasIpv6=false
W/ActivityManager(  358): Activity destroy timeout for ActivityRecord{b3116138 u0 com.android.settings/.CryptKeeper t1 f}
D/Tethering(  358): MasterInitialState.processMessage what=3
D/CaptivePortalTracker(  358): NoActiveNetworkState{ when=-44ms what=1 obj=NetworkInfo: type: mobile_hipri[UMTS], state: CONNECTED/CONNECTED, reason: dataEnabled, extra: epc.tmobile.com, roaming: false, failover: false, isAvailable: true, isConnectedToProvisioningNetwork: false target=com.android.internal.util.StateMachine$SmHandler }
D/CaptivePortalTracker(  358): NoActiveNetworkState not a wifi connectivity change, ignore
E/NetdConnector(  358): NDC Command {31 bandwidth removeiquota eth0} took too long (2740ms)
E/NetdConnector(  358): NDC Command {32 interface route add eth0 default 10.0.2.2 32 0.0.0.0} took too long (2106ms)
I/Choreographer(  682): Skipped 60 frames!  The application may be doing too much work on its main thread.
I/Choreographer(  682): Skipped 188 frames!  The application may be doing too much work on its main thread.
D/AndroidRuntime(  806): 
D/AndroidRuntime(  806): >>>>>> AndroidRuntime START com.android.internal.os.RuntimeInit <<<<<<
D/AndroidRuntime(  806): CheckJNI is ON
W/ProcessCpuTracker(  358): Skipping unknown process pid 817
D/dalvikvm(  806): Trying to load lib libjavacore.so 0x0
D/dalvikvm(  806): Added shared lib libjavacore.so 0x0
D/dalvikvm(  806): Trying to load lib libnativehelper.so 0x0
D/dalvikvm(  806): Added shared lib libnativehelper.so 0x0
D/dalvikvm(  806): No JNI_OnLoad found in libnativehelper.so 0x0, skipping init
I/Choreographer(  682): Skipped 103 frames!  The application may be doing too much work on its main thread.
D/dalvikvm(  806): Note: class Landroid/app/ActivityManagerNative; has 179 unimplemented (abstract) methods
E/logwrapper(  833): executing /system/bin/ip failed: No such file or directory
E/NetdConnector(  358): NDC Command {33 bandwidth setiquota eth0 9223372036854775807} took too long (2458ms)
E/ConnectivityService(  358): Exception trying to add a route: java.lang.IllegalStateException: command '34 interface fwmark exempt add 10.0.2.2/32' failed with '400 34 Failed to add exemption rule (File exists)'
E/NetdConnector(  358): NDC Command {35 bandwidth removeiquota eth0} took too long (1075ms)
E/NetdConnector(  358): NDC Command {36 interface route add eth0 default 216.58.214.14 32 10.0.2.2} took too long (1083ms)
E/logwrapper(  842): executing /system/bin/ip failed: No such file or directory
E/ConnectivityService(  358): Exception trying to add a route: java.lang.IllegalStateException: command '38 interface fwmark exempt add 216.58.214.14/32' failed with '400 38 Failed to add exemption rule (File exists)'
D/ConnectivityService(  358): requestRouteToHostAddress ok=false
D/ConnectivityService(  358): [CheckMp] isMobileOk: could not establish route to hostAddr=clients3.google.com/216.58.214.14
E/memtrack(  806): Couldn't load memtrack module (No such file or directory)
E/android.os.Debug(  806): failed to load memtrack module: -2
D/AndroidRuntime(  806): Calling main entry com.android.commands.pm.Pm
I/ActivityManager(  358): Start proc com.android.defcontainer for service com.android.defcontainer/.DefaultContainerService: pid=852 uid=10003 gids={50003, 1028, 1015, 1023, 2001, 1035}
D/dalvikvm(  358): GC_CONCURRENT freed 595K, 57% free 5562K/12696K, paused 7ms+14ms, total 137ms
E/NetdConnector(  358): NDC Command {37 bandwidth setiquota eth0 9223372036854775807} took too long (2103ms)
D/MobileDataStateTracker(  358): default: setPolicyDataEnable(enabled=true)
E/SQLiteLog(  608): (1) no such table: album_info
I/ContactLocale(  540): AddressBook Labels [en_US]: [, A, B, C, D, E, F, G, H, I, J, K, L, M, N, O, P, Q, R, S, T, U, V, W, X, Y, Z, , , , , , , , , , , , , , , , , , , , , , , , , , , , , , , , , , , , , , , , , , , , , , , , , , , , , , , , , , , , , , , , , , , , , , , , , , , , , , , , , , , , , , , , , , , , , , , , , , , , , , , , , , , , , , , , , , , , , , , , , , , , , , , , , , , , , , , , , , , , , , , , , , , , , , , , , , , , , , , , , , , , , , , , , , , , , , , , , , , , , , #, ]
D/dalvikvm(  682): GC_CONCURRENT freed 2090K, 26% free 6485K/8656K, paused 4ms+34ms, total 69ms
W/ActivityManager(  358): No content provider found for permission revoke: file:///data/local/tmp/sample_for_analysis.apk
D/GpsLocationProvider(  358): NTP server returned: 1529313424158 (Mon Jun 18 05:17:04 EDT 2018) reference: 73363 certainty: 20 system time offset: -21251
E/logwrapper(  876): executing /system/bin/ip failed: No such file or directory
E/ConnectivityService(  358): Exception trying to add a route: java.lang.IllegalStateException: command '41 interface fwmark exempt add 10.0.2.2/32' failed with '400 41 Failed to add exemption rule (File exists)'
E/logwrapper(  877): executing /system/bin/ip failed: No such file or directory
E/ConnectivityService(  358): Exception trying to add a route: java.lang.IllegalStateException: command '43 interface fwmark exempt add 216.58.214.14/32' failed with '400 43 Failed to add exemption rule (File exists)'
D/ConnectivityService(  358): requestRouteToHostAddress ok=false
D/ConnectivityService(  358): [CheckMp] isMobileOk: could not establish route to hostAddr=clients3.google.com/216.58.214.14
I/ActivityManager(  358): Start proc com.android.exchange for content provider com.android.exchange/.provider.ExchangeDirectoryProvider: pid=879 uid=10025 gids={50025, 3003, 1028, 1015}
I/ActivityManager(  358): Start proc com.android.email for content provider com.android.email/.provider.EmailProvider: pid=891 uid=10024 gids={50024, 3003, 1028, 1015}
D/ActivityThread(  891): Loading provider com.android.email.provider;com.android.email.notifier: com.android.email.provider.EmailProvider
D/dalvikvm(  608): GC_CONCURRENT freed 227K, 10% free 2882K/3176K, paused 2ms+2ms, total 32ms
I/ActivityManager(  358): Start proc com.android.externalstorage for broadcast com.android.externalstorage/.MountReceiver: pid=909 uid=10006 gids={50006, 1028, 1015, 1023}
D/ExternalStorage(  909): Missing UUID for /storage/sdcard; skipping
D/ExternalStorage(  909): After updating volumes, found 0 active roots
D/ExternalStorage(  909): Missing UUID for /storage/sdcard; skipping
D/ExternalStorage(  909): After updating volumes, found 0 active roots
D/MediaScannerReceiver(  608): action: android.intent.action.MEDIA_MOUNTED path: /storage/sdcard
I/DownloadManager(  608): Upgrading downloads database from version 0 to version 109, which will destroy all old data
W/ActivityManager(  358): No content provider found for permission revoke: file:///data/local/tmp/sample_for_analysis.apk
I/PackageManager(  358): Copying native libraries to /data/app-lib/vmdl-823586320
V/MediaScanner(  608): pruneDeadThumbnailFiles... android.database.sqlite.SQLiteCursor@b2d97ef0
V/MediaScanner(  608): /pruneDeadThumbnailFiles... android.database.sqlite.SQLiteCursor@b2d97ef0
E/BluetoothAdapter(  604): Bluetooth binder is null
I/ActivityManager(  358): Start proc com.android.music for broadcast com.android.music/.MediaButtonIntentReceiver: pid=924 uid=10032 gids={50032, 3003, 1028, 1015}
I/dalvikvm(  924): CheckJNI enabled: not enabling JNI app bug workarounds.
E/logwrapper(  936): executing /system/bin/ip failed: No such file or directory
E/ConnectivityService(  358): Exception trying to add a route: java.lang.IllegalStateException: command '45 interface fwmark exempt add 10.0.2.2/32' failed with '400 45 Failed to add exemption rule (File exists)'
E/logwrapper(  937): executing /system/bin/ip failed: No such file or directory
E/ConnectivityService(  358): Exception trying to add a route: java.lang.IllegalStateException: command '47 interface fwmark exempt add 216.58.214.14/32' failed with '400 47 Failed to add exemption rule (File exists)'
D/ConnectivityService(  358): requestRouteToHostAddress ok=false
D/ConnectivityService(  358): [CheckMp] isMobileOk: could not establish route to hostAddr=clients3.google.com/216.58.214.14
D/dalvikvm(  891): GC_CONCURRENT freed 268K, 11% free 2893K/3232K, paused 3ms+2ms, total 52ms
D/dalvikvm(  358): GC_CONCURRENT freed 393K, 55% free 5807K/12696K, paused 10ms+35ms, total 106ms
D/dalvikvm(  358): GC_CONCURRENT freed 328K, 52% free 6166K/12696K, paused 6ms+5ms, total 61ms
D/dalvikvm(  358): WAIT_FOR_CONCURRENT_GC blocked 50ms
D/dalvikvm(  358): GC_FOR_ALLOC freed 562K, 51% free 6247K/12696K, paused 51ms, total 51ms
D/dalvikvm(  358): GC_FOR_ALLOC freed 496K, 50% free 6389K/12696K, paused 49ms, total 51ms
D/dalvikvm(  358): GC_CONCURRENT freed 509K, 48% free 6727K/12696K, paused 6ms+6ms, total 81ms
D/dalvikvm(  358): GC_CONCURRENT freed 538K, 45% free 7105K/12696K, paused 7ms+7ms, total 83ms
D/dalvikvm(  358): GC_CONCURRENT freed 322K, 39% free 7781K/12696K, paused 6ms+7ms, total 102ms
E/logwrapper(  939): executing /system/bin/ip failed: No such file or directory
E/ConnectivityService(  358): Exception trying to add a route: java.lang.IllegalStateException: command '49 interface fwmark exempt add 10.0.2.2/32' failed with '400 49 Failed to add exemption rule (File exists)'
E/logwrapper(  940): executing /system/bin/ip failed: No such file or directory
E/ConnectivityService(  358): Exception trying to add a route: java.lang.IllegalStateException: command '51 interface fwmark exempt add 216.58.214.14/32' failed with '400 51 Failed to add exemption rule (File exists)'
D/ConnectivityService(  358): requestRouteToHostAddress ok=false
D/ConnectivityService(  358): [CheckMp] isMobileOk: could not establish route to hostAddr=clients3.google.com/216.58.214.14
D/dalvikvm(  358): GC_CONCURRENT freed 1518K, 42% free 7451K/12696K, paused 6ms+15ms, total 96ms
D/dalvikvm(  358): GC_CONCURRENT freed 1075K, 42% free 7449K/12696K, paused 6ms+6ms, total 92ms
D/dalvikvm(  358): GC_CONCURRENT freed 1107K, 42% free 7449K/12696K, paused 6ms+5ms, total 82ms
D/dalvikvm(  358): GC_CONCURRENT freed 1100K, 42% free 7456K/12696K, paused 4ms+8ms, total 86ms
D/dalvikvm(  358): GC_CONCURRENT freed 1106K, 42% free 7462K/12696K, paused 7ms+6ms, total 81ms
D/dalvikvm(  358): GC_CONCURRENT freed 1107K, 42% free 7468K/12696K, paused 6ms+7ms, total 82ms
D/dalvikvm(  358): GC_CONCURRENT freed 1080K, 41% free 7520K/12696K, paused 7ms+17ms, total 93ms
D/dalvikvm(  358): GC_CONCURRENT freed 1108K, 41% free 7493K/12696K, paused 7ms+5ms, total 73ms
D/ConnectivityService(  358): [CheckMp] isMobileOk: too many loops tried - giving up
D/ConnectivityService(  358): [CheckMp] isMobileOk: X loops|timed out result=0
D/ConnectivityService(  358): [CheckMp] isMobileOk: F stop hipri
D/MobileDataStateTracker(  358): default: setEnableFailFastMobileData(enabled=0)
D/dalvikvm(  358): GC_CONCURRENT freed 1108K, 41% free 7518K/12696K, paused 6ms+7ms, total 98ms
D/dalvikvm(  358): GC_CONCURRENT freed 1128K, 41% free 7514K/12696K, paused 6ms+7ms, total 81ms
D/dalvikvm(  358): GC_CONCURRENT freed 1128K, 41% free 7555K/12696K, paused 5ms+7ms, total 94ms
D/dalvikvm(  358): GC_CONCURRENT freed 1171K, 41% free 7571K/12696K, paused 6ms+7ms, total 94ms
D/dalvikvm(  358): GC_CONCURRENT freed 1191K, 41% free 7526K/12696K, paused 7ms+8ms, total 90ms
I/PackageManager(  358): Running dexopt on: com.zinn.Gpsrouteaddressfinder
W/dalvikvm(  941): method Landroid/support/v7/widget/ListViewCompat;.lookForSelectablePosition incorrectly overrides package-private method with same name in Landroid/widget/ListView;
