I/PackageManager(  358): /system/app/GpsLocationTest.apk changed; collecting certs
I/PackageManager(  358): /system/app/HTMLViewer.apk changed; collecting certs
D/dalvikvm(  358): GC_CONCURRENT freed 1300K, 68% free 4072K/12708K, paused 13ms+3ms, total 100ms
I/PackageManager(  358): /system/app/KeyChain.apk changed; collecting certs
I/PackageManager(  358): /system/app/LatinIME.apk changed; collecting certs
D/dalvikvm(  358): GC_CONCURRENT freed 308K, 67% free 4276K/12708K, paused 5ms+6ms, total 81ms
D/dalvikvm(  358): WAIT_FOR_CONCURRENT_GC blocked 16ms
D/dalvikvm(  358): GC_CONCURRENT freed 495K, 67% free 4258K/12708K, paused 5ms+3ms, total 41ms
D/dalvikvm(  358): WAIT_FOR_CONCURRENT_GC blocked 24ms
D/dalvikvm(  358): GC_FOR_ALLOC freed 466K, 67% free 4296K/12708K, paused 28ms, total 28ms
D/dalvikvm(  358): GC_CONCURRENT freed 22K, 65% free 4448K/12708K, paused 5ms+16ms, total 77ms
D/dalvikvm(  358): GC_CONCURRENT freed 272K, 64% free 4647K/12708K, paused 6ms+13ms, total 78ms
D/dalvikvm(  358): GC_CONCURRENT freed 321K, 63% free 4806K/12708K, paused 13ms+14ms, total 90ms
I/PackageManager(  358): /system/app/LegacyCamera.apk changed; collecting certs
D/dalvikvm(  358): GC_CONCURRENT freed 395K, 62% free 4938K/12708K, paused 5ms+22ms, total 85ms
D/dalvikvm(  358): GC_CONCURRENT freed 1249K, 67% free 4246K/12708K, paused 5ms+3ms, total 46ms
D/dalvikvm(  358): WAIT_FOR_CONCURRENT_GC blocked 31ms
D/dalvikvm(  358): GC_CONCURRENT freed 565K, 68% free 4193K/12708K, paused 5ms+3ms, total 39ms
D/dalvikvm(  358): WAIT_FOR_CONCURRENT_GC blocked 23ms
D/dalvikvm(  358): GC_CONCURRENT freed 144K, 64% free 4587K/12708K, paused 5ms+6ms, total 94ms
D/dalvikvm(  358): WAIT_FOR_CONCURRENT_GC blocked 5ms
D/dalvikvm(  358): GC_CONCURRENT freed 321K, 63% free 4760K/12708K, paused 5ms+14ms, total 92ms
I/PackageManager(  358): /system/app/LiveWallpapersPicker.apk changed; collecting certs
I/PackageManager(  358): /system/app/Music.apk changed; collecting certs
D/dalvikvm(  358): GC_CONCURRENT freed 470K, 63% free 4793K/12708K, paused 13ms+8ms, total 51ms
D/dalvikvm(  358): WAIT_FOR_CONCURRENT_GC blocked 38ms
D/dalvikvm(  358): GC_CONCURRENT freed 1129K, 68% free 4152K/12708K, paused 5ms+5ms, total 83ms
I/PackageManager(  358): /system/app/NetSpeed.apk changed; collecting certs
I/PackageManager(  358): /system/app/OpenWnn.apk changed; collecting certs
D/dalvikvm(  358): GC_CONCURRENT freed 328K, 67% free 4311K/12708K, paused 7ms+13ms, total 101ms
D/dalvikvm(  358): WAIT_FOR_CONCURRENT_GC blocked 39ms
D/dalvikvm(  358): GC_CONCURRENT freed 598K, 67% free 4224K/12708K, paused 3ms+4ms, total 53ms
D/dalvikvm(  358): WAIT_FOR_CONCURRENT_GC blocked 16ms
D/dalvikvm(  358): GC_CONCURRENT freed 312K, 66% free 4424K/12708K, paused 13ms+3ms, total 69ms
D/dalvikvm(  358): WAIT_FOR_CONCURRENT_GC blocked 15ms
I/PackageManager(  358): /system/app/PacProcessor.apk changed; collecting certs
I/PackageManager(  358): /system/app/PackageInstaller.apk changed; collecting certs
D/dalvikvm(  358): GC_CONCURRENT freed 388K, 65% free 4572K/12708K, paused 5ms+10ms, total 94ms
I/PackageManager(  358): /system/app/PicoTts.apk changed; collecting certs
I/PackageManager(  358): /system/app/PinyinIME.apk changed; collecting certs
D/dalvikvm(  358): GC_CONCURRENT freed 965K, 68% free 4118K/12708K, paused 5ms+4ms, total 71ms
D/dalvikvm(  358): WAIT_FOR_CONCURRENT_GC blocked 22ms
I/PackageManager(  358): /system/app/PrintSpooler.apk changed; collecting certs
I/PackageManager(  358): /system/app/Protips.apk changed; collecting certs
D/dalvikvm(  358): GC_CONCURRENT freed 471K, 68% free 4148K/12708K, paused 5ms+13ms, total 79ms
D/dalvikvm(  358): WAIT_FOR_CONCURRENT_GC blocked 9ms
I/PackageManager(  358): /system/app/QuickSearchBox.apk changed; collecting certs
D/dalvikvm(  358): GC_CONCURRENT freed 461K, 67% free 4198K/12708K, paused 5ms+4ms, total 60ms
D/dalvikvm(  358): WAIT_FOR_CONCURRENT_GC blocked 23ms
I/PackageManager(  358): /system/app/SdkSetup.apk changed; collecting certs
D/dalvikvm(  358): GC_CONCURRENT freed 407K, 66% free 4323K/12708K, paused 5ms+5ms, total 93ms
I/PackageManager(  358): /system/app/SoundRecorder.apk changed; collecting certs
I/PackageManager(  358): /system/app/SpeechRecorder.apk changed; collecting certs
I/PackageManager(  358): /system/app/TelephonyProvider.apk changed; collecting certs
I/PackageManager(  358): /system/app/UserDictionaryProvider.apk changed; collecting certs
D/dalvikvm(  358): GC_CONCURRENT freed 432K, 65% free 4455K/12708K, paused 4ms+8ms, total 102ms
D/dalvikvm(  358): WAIT_FOR_CONCURRENT_GC blocked 10ms
D/PackageManager(  358): No files in app dir /vendor/app
W/PackageParser(  358): No actions in intent filter at /data/app/ApiDemos.apk Binary XML file line #2899
W/PackageParser(  358): No actions in intent filter at /data/app/ApiDemos.apk Binary XML file line #2905
I/PackageManager(  358): /data/app/ApiDemos.apk changed; collecting certs
D/dalvikvm(  358): GC_CONCURRENT freed 593K, 66% free 4430K/12708K, paused 5ms+6ms, total 105ms
D/dalvikvm(  358): GC_CONCURRENT freed 351K, 64% free 4590K/12708K, paused 5ms+3ms, total 42ms
D/dalvikvm(  358): WAIT_FOR_CONCURRENT_GC blocked 28ms
D/dalvikvm(  358): GC_CONCURRENT freed 312K, 63% free 4761K/12708K, paused 6ms+4ms, total 118ms
D/dalvikvm(  358): WAIT_FOR_CONCURRENT_GC blocked 23ms
D/dalvikvm(  358): GC_CONCURRENT freed 293K, 61% free 4961K/12708K, paused 5ms+3ms, total 105ms
D/dalvikvm(  358): GC_CONCURRENT freed 697K, 63% free 4828K/12708K, paused 5ms+3ms, total 67ms
D/dalvikvm(  358): WAIT_FOR_CONCURRENT_GC blocked 27ms
D/dalvikvm(  358): GC_CONCURRENT freed 524K, 63% free 4828K/12708K, paused 5ms+3ms, total 70ms
D/dalvikvm(  358): WAIT_FOR_CONCURRENT_GC blocked 25ms
D/dalvikvm(  358): GC_CONCURRENT freed 525K, 62% free 4833K/12708K, paused 5ms+4ms, total 66ms
D/dalvikvm(  358): WAIT_FOR_CONCURRENT_GC blocked 29ms
D/dalvikvm(  358): GC_CONCURRENT freed 534K, 62% free 4832K/12708K, paused 4ms+4ms, total 69ms
D/dalvikvm(  358): WAIT_FOR_CONCURRENT_GC blocked 27ms
D/dalvikvm(  358): GC_CONCURRENT freed 522K, 62% free 4842K/12708K, paused 4ms+3ms, total 68ms
D/dalvikvm(  358): WAIT_FOR_CONCURRENT_GC blocked 26ms
D/dalvikvm(  358): GC_CONCURRENT freed 529K, 62% free 4845K/12708K, paused 13ms+4ms, total 70ms
D/dalvikvm(  358): WAIT_FOR_CONCURRENT_GC blocked 33ms
D/dalvikvm(  358): GC_CONCURRENT freed 529K, 62% free 4848K/12708K, paused 4ms+4ms, total 68ms
D/dalvikvm(  358): WAIT_FOR_CONCURRENT_GC blocked 32ms
D/dalvikvm(  358): GC_CONCURRENT freed 531K, 62% free 4853K/12708K, paused 5ms+4ms, total 70ms
D/dalvikvm(  358): WAIT_FOR_CONCURRENT_GC blocked 32ms
D/dalvikvm(  358): GC_CONCURRENT freed 529K, 62% free 4855K/12708K, paused 5ms+3ms, total 71ms
D/dalvikvm(  358): WAIT_FOR_CONCURRENT_GC blocked 30ms
W/PackageManager(  358): Package com.example.android.apis desires unavailable shared library com.example.will.never.exist; ignoring!
D/dalvikvm(  358): GC_CONCURRENT freed 476K, 62% free 4899K/12708K, paused 5ms+3ms, total 96ms
I/PackageManager(  358): /data/app/CubeLiveWallpapers.apk changed; collecting certs
I/PackageManager(  358): /data/app/GestureBuilder.apk changed; collecting certs
D/dalvikvm(  358): GC_CONCURRENT freed 453K, 61% free 4980K/12708K, paused 6ms+9ms, total 70ms
D/dalvikvm(  358): WAIT_FOR_CONCURRENT_GC blocked 33ms
I/PackageManager(  358): /data/app/SmokeTest.apk changed; collecting certs
I/PackageManager(  358): /data/app/SmokeTestApp.apk changed; collecting certs
I/PackageManager(  358): /data/app/SoftKeyboard.apk changed; collecting certs
D/dalvikvm(  358): GC_CONCURRENT freed 1138K, 66% free 4413K/12708K, paused 4ms+5ms, total 75ms
D/dalvikvm(  358): WAIT_FOR_CONCURRENT_GC blocked 27ms
I/PackageManager(  358): /data/app/WidgetPreview.apk changed; collecting certs
D/dalvikvm(  358): GC_CONCURRENT freed 573K, 66% free 4351K/12708K, paused 4ms+4ms, total 73ms
D/dalvikvm(  358): WAIT_FOR_CONCURRENT_GC blocked 26ms
W/PackageManager(  358): Package com.example.android.apis desires unavailable shared library com.example.will.never.exist; ignoring!
W/PackageManager(  358): Package com.android.camera desires unavailable shared library com.google.android.media.effects; ignoring!
I/PackageManager(  358): Time to scan packages: 23.217 seconds
W/PackageManager(  358): Not granting permission android.permission.GLOBAL_SEARCH to package com.android.quicksearchbox (protectionLevel=18 flags=0x8be45)
W/PackageManager(  358): Unknown permission com.android.smspush.WAPPUSH_MANAGER_BIND in package com.android.phone
W/PackageManager(  358): Unknown permission com.google.android.googleapps.permission.GOOGLE_AUTH in package com.android.providers.calendar
W/PackageManager(  358): Unknown permission com.google.android.googleapps.permission.GOOGLE_AUTH.cl in package com.android.providers.calendar
W/PackageManager(  358): Unknown permission com.google.android.googleapps.permission.GOOGLE_AUTH.mail in package com.android.calendar
W/PackageManager(  358): Not granting permission android.permission.ACCESS_DOWNLOAD_MANAGER to package com.android.browser (protectionLevel=18 flags=0x9be45)
W/PackageManager(  358): Not granting permission android.permission.SEND_DOWNLOAD_COMPLETED_INTENTS to package com.android.browser (protectionLevel=2 flags=0x9be45)
W/PackageManager(  358): Not granting permission android.permission.BIND_APPWIDGET to package com.android.widgetpreview (protectionLevel=18 flags=0x8be44)
W/PackageManager(  358): Unknown permission android.permission.INSTALL_DRM in package com.android.mms
W/PackageManager(  358): Unknown permission com.google.android.googleapps.permission.GOOGLE_AUTH in package com.android.settings
W/PackageManager(  358): Unknown permission com.google.android.googleapps.permission.ACCESS_GOOGLE_PASSWORD in package com.android.development
W/PackageManager(  358): Unknown permission com.google.android.googleapps.permission.GOOGLE_AUTH in package com.android.development
W/PackageManager(  358): Unknown permission com.google.android.googleapps.permission.GOOGLE_AUTH.ALL_SERVICES in package com.android.development
W/PackageManager(  358): Unknown permission com.google.android.googleapps.permission.GOOGLE_AUTH.YouTubeUser in package com.android.development
W/PackageManager(  358): Not granting permission android.permission.DELETE_PACKAGES to package com.svox.pico (protectionLevel=18 flags=0x8be45)
W/PackageManager(  358): Not granting permission android.permission.DEVICE_POWER to package com.android.deskclock (protectionLevel=2 flags=0x48be45)
D/dalvikvm(  358): GC_CONCURRENT freed 408K, 66% free 4356K/12708K, paused 8ms+3ms, total 45ms
D/dalvikvm(  358): WAIT_FOR_CONCURRENT_GC blocked 38ms
D/dalvikvm(  358): GC_EXPLICIT freed 81K, 67% free 4274K/12708K, paused 3ms+3ms, total 51ms
I/SystemServer(  358): Entropy Mixer
W/EntropyMixer(  358): No existing entropy file -- first boot?
I/EntropyMixer(  358): Writing entropy...
I/SystemServer(  358): User Service
I/SystemServer(  358): Account Manager
I/SystemServer(  358): Content Manager
I/SystemServer(  358): System Content Providers
I/SyncManager(  358): No initial accounts
I/SyncManager(  358): No initial status
W/SyncManagerFile(  358): Error reading pending data.
W/SyncManagerFile(  358): java.io.FileNotFoundException: /data/system/sync/pending.xml: open failed: ENOENT (No such file or directory)
W/SyncManagerFile(  358): 	at libcore.io.IoBridge.open(IoBridge.java:409)
W/SyncManagerFile(  358): 	at java.io.FileInputStream.<init>(FileInputStream.java:78)
W/SyncManagerFile(  358): 	at android.util.AtomicFile.openRead(AtomicFile.java:199)
W/SyncManagerFile(  358): 	at com.android.server.content.SyncStorageEngine.readPendingOperationsLocked(SyncStorageEngine.java:2286)
W/SyncManagerFile(  358): 	at com.android.server.content.SyncStorageEngine.<init>(SyncStorageEngine.java:434)
W/SyncManagerFile(  358): 	at com.android.server.content.SyncStorageEngine.init(SyncStorageEngine.java:454)
W/SyncManagerFile(  358): 	at com.android.server.content.SyncManager.<init>(SyncManager.java:383)
W/SyncManagerFile(  358): 	at com.android.server.content.ContentService.getSyncManager(ContentService.java:75)
W/SyncManagerFile(  358): 	at com.android.server.content.ContentService.notifyChange(ContentService.java:283)
W/SyncManagerFile(  358): 	at android.content.ContentResolver.notifyChange(ContentResolver.java:1621)
W/SyncManagerFile(  358): 	at com.android.providers.settings.SettingsProvider.sendNotify(SettingsProvider.java:262)
W/SyncManagerFile(  358): 	at com.android.providers.settings.SettingsProvider.insertForUser(SettingsProvider.java:941)
W/SyncManagerFile(  358): 	at com.android.providers.settings.SettingsProvider.ensureAndroidIdIsSet(SettingsProvider.java:496)
W/SyncManagerFile(  358): 	at com.android.providers.settings.SettingsProvider.establishDbTracking(SettingsProvider.java:409)
W/SyncManagerFile(  358): 	at com.android.providers.settings.SettingsProvider.onCreate(SettingsProvider.java:335)
W/SyncManagerFile(  358): 	at android.content.ContentProvider.attachInfo(ContentProvider.java:1591)
W/SyncManagerFile(  358): 	at android.content.ContentProvider.attachInfo(ContentProvider.java:1562)
W/SyncManagerFile(  358): 	at android.app.ActivityThread.installProvider(ActivityThread.java:4774)
W/SyncManagerFile(  358): 	at android.app.ActivityThread.installContentProviders(ActivityThread.java:4369)
W/SyncManagerFile(  358): 	at android.app.ActivityThread.installSystemProviders(ActivityThread.java:4929)
W/SyncManagerFile(  358): 	at com.android.server.am.ActivityManagerService.installSystemProviders(ActivityManagerService.java:8081)
W/SyncManagerFile(  358): 	at com.android.server.ServerThread.initAndLoop(SystemServer.java:275)
W/SyncManagerFile(  358): 	at com.android.server.SystemServer.main(SystemServer.java:1179)
W/SyncManagerFile(  358): 	at java.lang.reflect.Method.invokeNative(Native Method)
W/SyncManagerFile(  358): 	at java.lang.reflect.Method.invoke(Method.java:515)
W/SyncManagerFile(  358): 	at com.android.internal.os.ZygoteInit$MethodAndArgsCaller.run(ZygoteInit.java:785)
W/SyncManagerFile(  358): 	at com.android.internal.os.ZygoteInit.main(ZygoteInit.java:601)
W/SyncManagerFile(  358): 	at dalvik.system.NativeStart.main(Native Method)
W/SyncManagerFile(  358): Caused by: libcore.io.ErrnoException: open failed: ENOENT (No such file or directory)
W/SyncManagerFile(  358): 	at libcore.io.Posix.open(Native Method)
W/SyncManagerFile(  358): 	at libcore.io.BlockGuardOs.open(BlockGuardOs.java:110)
W/SyncManagerFile(  358): 	at libcore.io.IoBridge.open(IoBridge.java:393)
W/SyncManagerFile(  358): 	... 27 more
I/SyncManager(  358): No initial statistics
D/SettingsProvider(  358): Generated and saved new ANDROID_ID [1bfd9e14375c7ae9] for user 0
I/SystemServer(  358): Lights Service
I/SystemServer(  358): Battery Service
E/ConsumerIrService(  358): Can't open consumer IR HW Module, error: -2
I/SystemServer(  358): Vibrator Service
I/SystemServer(  358): Consumer IR Service
W/libsuspend(  358): Error writing 'on' to /sys/power/state: Invalid argument
E/libsuspend(  358): Error opening /sys/power/autosleep: No such file or directory
I/libsuspend(  358): Selected wakeup count
D/PermissionCache(   58): checking android.permission.ACCESS_SURFACE_FLINGER for uid=1000 => granted (2088 us)
D/SurfaceFlinger(   58): Screen acquired, type=0 flinger=0xb7979450
D/SurfaceFlinger(   58):  screen was previously acquired
I/SystemServer(  358): Alarm Manager
I/SystemServer(  358): Init Watchdog
I/SystemServer(  358): Input Manager
I/InputManager(  358): Initializing input manager, mUseDevInputEventForAudioJack=false
I/SystemServer(  358): Window Manager
I/WindowManager(  358): No existing display settings /data/system/display_settings.xml; starting empty
D/dalvikvm(  358): GC_CONCURRENT freed 260K, 65% free 4538K/12708K, paused 5ms+6ms, total 151ms
I/WindowManager(  358): No keyguard interface!
I/InputManager(  358): Starting input manager
E/EventHub(  358): could not get driver version for /dev/input/mouse0, Not a typewriter
W/EventHub(  358): Unable to disable kernel key repeat for /dev/input/event0: Function not implemented
I/EventHub(  358): New device: id=1, fd=93, path='/dev/input/event0', name='qwerty2', classes=0x2d, configuration='/system/usr/idc/qwerty2.idc', keyLayout='/system/usr/keylayout/qwerty.kl', keyCharacterMap='/system/usr/keychars/qwerty2.kcm', builtinKeyboard=true, usingSuspendBlockIoctl=true, usingClockIoctl=true
E/EventHub(  358): could not get driver version for /dev/input/mice, Not a typewriter
I/InputReader(  358): Device added: id=-1, name='Virtual', sources=0x00000301
I/InputReader(  358):   Touch device 'qwerty2' could not query the properties of its associated display.  The device will be inoperable until the display size becomes available.
I/InputReader(  358): Device added: id=0, name='qwerty2', sources=0x00011307
I/SystemServer(  358): No Bluetooh Service (emulator)
I/SystemServer(  358): Input Method Service
W/InputMethodManagerService(  358): No IME selected. Choose the most applicable IME.
I/InputMethodManagerService(  358): No default found, using com.android.inputmethod.latin/.LatinIME
I/SystemServer(  358): Accessibility Manager
I/ActivityManager(  358): Config changes=1df8 {1.0 ?mcc?mnc en_US ldltr sw480dp w480dp h864dp 160dpi lrg long port ?uimode ?night -touch -keyb/h/h tball/v s.2}
I/InputReader(  358): Reconfiguring input devices.  changes=0x00000004
I/InputReader(  358): Device reconfigured: id=0, name='qwerty2', size 480x864, orientation 0, mode 1, display id 0
I/ActivityManager(  358): Config changes=408 {1.0 ?mcc?mnc en_US ldltr sw480dp w480dp h839dp 160dpi lrg long port ?uimode ?night finger -keyb/h/h tball/v s.3}
I/SystemServer(  358): Mount Service
D/MountService(  358): got storage path: /storage/sdcard description: USB storage primary: true removable: false emulated: false mtpReserve: 0 allowMassStorage: false maxFileSize: 0
D/MountService(  358): addVolumeLocked() StorageVolume:
D/MountService(  358):     mStorageId=0 mPath=/storage/sdcard mDescriptionId=17040665 mPrimary=true 
D/MountService(  358):     mRemovable=false mEmulated=false mMtpReserveSpace=0 
D/MountService(  358):     mAllowMassStorage=false mMaxFileSize=0 mOwner=null mUuid=null 
D/MountService(  358):     mUserLabel=null mState=null 
I/SystemServer(  358): LockSettingsService
I/SystemServer(  358): Device Policy
I/SystemServer(  358): Status Bar
I/SystemServer(  358): Clipboard Service
I/SystemServer(  358): NetworkManagement Service
W/MountService(  358): Duplicate state transition (unmounted -> unmounted) for /storage/sdcard
W/MountService(  358): getSecureContainerList() called when storage not mounted
I/SystemServer(  358): Text Service Manager Service
I/PackageManager(  358): No secure containers on sdcard
I/SystemServer(  358): NetworkStats Service
I/SystemServer(  358): NetworkPolicy Service
I/SystemServer(  358): Wi-Fi P2pService
W/PackageManager(  358): Not granting permission android.permission.GLOBAL_SEARCH to package com.android.quicksearchbox (protectionLevel=18 flags=0x8be45)
W/PackageManager(  358): Unknown permission com.android.smspush.WAPPUSH_MANAGER_BIND in package com.android.phone
W/PackageManager(  358): Unknown permission com.google.android.googleapps.permission.GOOGLE_AUTH in package com.android.providers.calendar
W/PackageManager(  358): Unknown permission com.google.android.googleapps.permission.GOOGLE_AUTH.cl in package com.android.providers.calendar
W/PackageManager(  358): Unknown permission com.google.android.googleapps.permission.GOOGLE_AUTH.mail in package com.android.calendar
W/PackageManager(  358): Not granting permission android.permission.ACCESS_DOWNLOAD_MANAGER to package com.android.browser (protectionLevel=18 flags=0x9be45)
W/PackageManager(  358): Not granting permission android.permission.SEND_DOWNLOAD_COMPLETED_INTENTS to package com.android.browser (protectionLevel=2 flags=0x9be45)
W/PackageManager(  358): Not granting permission android.permission.BIND_APPWIDGET to package com.android.widgetpreview (protectionLevel=18 flags=0x8be44)
W/PackageManager(  358): Unknown permission android.permission.INSTALL_DRM in package com.android.mms
W/PackageManager(  358): Unknown permission com.google.android.googleapps.permission.GOOGLE_AUTH in package com.android.settings
W/PackageManager(  358): Unknown permission com.google.android.googleapps.permission.ACCESS_GOOGLE_PASSWORD in package com.android.development
W/PackageManager(  358): Unknown permission com.google.android.googleapps.permission.GOOGLE_AUTH in package com.android.development
W/PackageManager(  358): Unknown permission com.google.android.googleapps.permission.GOOGLE_AUTH.ALL_SERVICES in package com.android.development
W/PackageManager(  358): Unknown permission com.google.android.googleapps.permission.GOOGLE_AUTH.YouTubeUser in package com.android.development
W/PackageManager(  358): Not granting permission android.permission.DELETE_PACKAGES to package com.svox.pico (protectionLevel=18 flags=0x8be45)
W/PackageManager(  358): Not granting permission android.permission.DEVICE_POWER to package com.android.deskclock (protectionLevel=2 flags=0x48be45)
D/dalvikvm(  358): GC_CONCURRENT freed 334K, 64% free 4647K/12708K, paused 15ms+11ms, total 156ms
I/SystemServer(  358): Wi-Fi Service
D/WifiController(  358): isAirplaneModeOn = false, isWifiEnabled = false, isScanningAvailable = false
I/SystemServer(  358): Connectivity Service
D/ConnectivityService(  358): ConnectivityService starting up
D/ConnectivityService(  358): wifiOnly=false
E/MobileDataStateTracker(  358): default: Ignoring feature request because could not acquire PhoneService
E/MobileDataStateTracker(  358): default: Could not enable APN type "default"
I/WifiService(  358): WifiService starting up with Wi-Fi disabled
I/SystemServer(  358): Network Service Discovery Service
D/NsdService(  358): Network service discovery enabled true
I/SystemServer(  358): UpdateLock Service
I/SystemServer(  358): Notification Manager
I/SystemServer(  358): Device Storage Monitor
I/SystemServer(  358): Location Manager
I/SystemServer(  358): Country Detector
I/SystemServer(  358): Search Service
I/SystemServer(  358): DropBox Service
I/SystemServer(  358): Wallpaper Service
W/WallpaperService(  358): no current wallpaper -- first boot?
I/SystemServer(  358): Audio Service
D/dalvikvm(  358): GC_CONCURRENT freed 243K, 62% free 4873K/12708K, paused 18ms+3ms, total 170ms
I/SystemServer(  358): Dock Observer
W/DockObserver(  358): This kernel does not have dock station support
I/SystemServer(  358): Wired Accessory Manager
W/WiredAccessoryManager(  358): This kernel does not have wired headset support
W/WiredAccessoryManager(  358): This kernel does not have usb audio support
W/WiredAccessoryManager(  358): This kernel does not have HDMI audio support
I/SystemServer(  358): USB Service
I/SystemServer(  358): Serial Service
I/SystemServer(  358): Twilight Service
I/SystemServer(  358): UI Mode Manager Service
I/SystemServer(  358): Backup Service
V/BackupManagerService(  358): Initializing package tracking
V/BackupManagerService(  358): No ancestral data
V/BackupManagerService(  358): addPackageParticipantsLocked: all
I/BackupManagerService(  358): Scheduling backup for new app com.android.calendar
D/BackupManagerService(  358): Now staging backup of com.android.calendar
I/BackupManagerService(  358): Scheduling backup for new app com.android.browser
D/BackupManagerService(  358): Now staging backup of com.android.browser
I/BackupManagerService(  358): Scheduling backup for new app com.android.providers.userdictionary
D/BackupManagerService(  358): Now staging backup of com.android.providers.userdictionary
I/BackupManagerService(  358): Scheduling backup for new app com.android.sharedstoragebackup
D/BackupManagerService(  358): Now staging backup of com.android.sharedstoragebackup
I/BackupManagerService(  358): Scheduling backup for new app android
D/BackupManagerService(  358): Now staging backup of android
I/BackupManagerService(  358): Scheduling backup for new app com.android.dialer
D/BackupManagerService(  358): Now staging backup of com.android.dialer
I/BackupManagerService(  358): Scheduling backup for new app com.android.providers.settings
D/BackupManagerService(  358): Now staging backup of com.android.providers.settings
V/BackupManagerService(  358): Starting with transport android/com.android.internal.backup.LocalTransport
V/BackupManagerService(  358): Found transports: 1
I/BackupManagerService(  358): Binding to transport host ComponentInfo{android/com.android.internal.backup.LocalTransportService}
I/BackupManagerService(  358): Backup enabled => true
I/SystemServer(  358): AppWidget Service
I/SystemServer(  358): Recognition Service
I/SystemServer(  358): DiskStats Service
I/SystemServer(  358): SamplingProfiler Service
I/SystemServer(  358): NetworkTimeUpdateService
I/SystemServer(  358): CommonTimeManagementService
I/SystemServer(  358): CertBlacklister
I/SystemServer(  358): Dreams Service
I/SystemServer(  358): Assets Atlas Service
D/Atlas   (  358): Computing best atlas configuration...
D/Atlas   (  358): Running Thread-50
I/WindowManager(  358): SAFE MODE not enabled
I/SystemServer(  358): IdleMaintenanceService
I/SystemServer(  358): Print Service
I/SystemServer(  358): Media Router Service
D/Atlas   (  358): Found best atlas configuration in 0.08s
D/Atlas   (  358): Loaded configuration: SliceMinArea (768x768) flags=0x2 count=24
D/gralloc_goldfish(  358): Emulator without GPU emulation detected.
E/SQLiteLog(  358): (1) no such table: locksettings
I/LockSettingsService(  358): Migrated lock settings to new location
W/AssetAtlasService(  358): Could not find EGL configuration
D/Atlas   (  358): Rendered atlas in 28.98ms (6.22+22.76ms)
I/LockSettingsService(  358): Migrated per-user lock settings to new location
I/Zygote  (  358): Process: zygote socket opened
V/KeyguardServiceDelegate(  358): *** Keyguard started
V/KeyguardServiceDelegate(  358): onSystemReady() called before keyguard service was ready
I/ActivityManager(  358): Start proc com.android.systemui for service com.android.keyguard/.KeyguardService: pid=440 uid=10007 gids={50007, 1028, 1015, 1035, 3002, 3001}
F/SystemServer(  358): BOOT FAILURE making Package Manager Service ready
F/SystemServer(  358): java.lang.SecurityException: Unable to find app for caller android.app.ActivityThread$ApplicationThread@b31c5028 (pid=358) when registering receiver android.app.LoadedApk$ReceiverDispatcher$InnerReceiver@b3600fa0
F/SystemServer(  358): 	at com.android.server.am.ActivityManagerService.registerReceiver(ActivityManagerService.java:13021)
F/SystemServer(  358): 	at android.app.ContextImpl.registerReceiverInternal(ContextImpl.java:1450)
F/SystemServer(  358): 	at android.app.ContextImpl.registerReceiverAsUser(ContextImpl.java:1425)
F/SystemServer(  358): 	at com.android.internal.content.PackageMonitor.register(PackageMonitor.java:84)
F/SystemServer(  358): 	at com.android.server.pm.UserManagerService.systemReady(UserManagerService.java:237)
F/SystemServer(  358): 	at com.android.server.pm.PackageManagerService.systemReady(PackageManagerService.java:10476)
F/SystemServer(  358): 	at com.android.server.ServerThread.initAndLoop(SystemServer.java:893)
F/SystemServer(  358): 	at com.android.server.SystemServer.main(SystemServer.java:1179)
F/SystemServer(  358): 	at java.lang.reflect.Method.invokeNative(Native Method)
F/SystemServer(  358): 	at java.lang.reflect.Method.invoke(Method.java:515)
F/SystemServer(  358): 	at com.android.internal.os.ZygoteInit$MethodAndArgsCaller.run(ZygoteInit.java:785)
F/SystemServer(  358): 	at com.android.internal.os.ZygoteInit.main(ZygoteInit.java:601)
F/SystemServer(  358): 	at dalvik.system.NativeStart.main(Native Method)
W/SystemServer(  358): ***********************************************
D/dalvikvm(  358): GC_CONCURRENT freed 399K, 61% free 5019K/12708K, paused 6ms+5ms, total 192ms
D/dalvikvm(  358): WAIT_FOR_CONCURRENT_GC blocked 45ms
D/dalvikvm(  358): WAIT_FOR_CONCURRENT_GC blocked 46ms
I/ActivityManager(  358): Sending system update to ComponentInfo{com.android.providers.calendar/com.android.providers.calendar.CalendarUpgradeReceiver} for user 0
I/ActivityManager(  358): Sending system update to ComponentInfo{com.android.providers.contacts/com.android.providers.contacts.ContactsUpgradeReceiver} for user 0
I/ActivityManager(  358): Sending system update to ComponentInfo{com.android.providers.media/com.android.providers.media.MediaUpgradeReceiver} for user 0
I/SystemServer(  358): Enabled StrictMode for system server main thread.
I/ActivityManager(  358): Start proc com.android.providers.calendar for broadcast com.android.providers.calendar/.CalendarUpgradeReceiver: pid=453 uid=10001 gids={50001, 3003, 1028, 1015}
I/Choreographer(  358): Skipped 72 frames!  The application may be doing too much work on its main thread.
W/InputMethodManagerService(  358): Focus gain on non-focused client android.view.inputmethod.InputMethodManager$1@b2dcf1e8 (uid=1000 pid=358)
V/BackupManagerService(  358): Connected to transport ComponentInfo{android/com.android.internal.backup.LocalTransportService}
V/BackupManagerService(  358): Registering transport android/com.android.internal.backup.LocalTransportService::android/com.android.internal.backup.LocalTransport = com.android.internal.backup.LocalTransport@b3687610
I/ActivityManager(  358): Launching preboot mode app: ProcessRecord{b3638b00 453:com.android.providers.calendar/u0a1}
E/SoundPool(  440): error loading /system/media/audio/ui/Lock.ogg
W/KeyguardViewMediator(  440): failed to load lock sound from /system/media/audio/ui/Lock.ogg
E/SoundPool(  440): error loading /system/media/audio/ui/Unlock.ogg
W/KeyguardViewMediator(  440): failed to load unlock sound from /system/media/audio/ui/Unlock.ogg
V/KeyguardService(  440): onCreate()
V/KeyguardServiceDelegate(  358): *** Keyguard connected (yay!)
V/KeyguardServiceDelegate(  358): **** SHOWN CALLED ****
I/ActivityManager(  358): Start proc android.process.acore for broadcast com.android.providers.contacts/.ContactsUpgradeReceiver: pid=471 uid=10002 gids={50002, 3003, 1028, 1015}
I/ActivityManager(  358): Launching preboot mode app: ProcessRecord{b31c3bb8 471:android.process.acore/u0a2}
I/ContactsUpgradeReceiver(  471): Creating or opening contacts database
I/ContactsDatabaseHelper(  471): Bootstrapping database version: 803
D/dalvikvm(  471): GC_CONCURRENT freed 412K, 15% free 2796K/3276K, paused 15ms+4ms, total 65ms
D/dalvikvm(  471): GC_CONCURRENT freed 321K, 13% free 2874K/3276K, paused 4ms+2ms, total 39ms
I/ContactsProviderV1(  471): Bootstrapping database legacy support
I/ContactsDatabaseHelper(  471): Bootstrapping database version: 803
D/dalvikvm(  471): GC_CONCURRENT freed 332K, 12% free 2932K/3332K, paused 3ms+1ms, total 32ms
I/ContactsProviderV1(  471): Bootstrapping database legacy support
I/ContactsProvider(  471): Locale has changed from null to en_US
I/ContactsDatabaseHelper(  471): Switching to locale en_US (ICU v51.1.0.1)
D/dalvikvm(  471): GC_CONCURRENT freed 341K, 12% free 3015K/3424K, paused 4ms+2ms, total 42ms
I/ContactsDatabaseHelper(  471): Locale change completed in 441ms
I/ContactsDatabaseHelper(  471): Switching to locale en_US (ICU v51.1.0.1)
D/dalvikvm(  471): GC_CONCURRENT freed 355K, 13% free 3058K/3480K, paused 5ms+3ms, total 45ms
I/ContactsDatabaseHelper(  471): Locale change completed in 460ms
I/ActivityManager(  358): Start proc android.process.media for broadcast com.android.providers.media/.MediaUpgradeReceiver: pid=487 uid=10005 gids={50005, 1028, 1015, 1023, 1024, 2001, 3003, 3007}
I/ActivityManager(  358): Launching preboot mode app: ProcessRecord{b3113fd8 487:android.process.media/u0a5}
D/dalvikvm(  358): GC_CONCURRENT freed 410K, 60% free 5156K/12708K, paused 15ms+4ms, total 68ms
I/ActivityManager(  358): Writing new set of last done pre-boot receivers...
I/ActivityManager(  358): Removing system update proc: ProcessRecord{b3638b00 453:com.android.providers.calendar/u0a1}
I/ActivityManager(  358): Killing 453:com.android.providers.calendar/u0a1 (adj 13): system update done
I/ActivityManager(  358): Removing system update proc: ProcessRecord{b31c3bb8 471:android.process.acore/u0a2}
I/ActivityManager(  358): Killing 471:android.process.acore/u0a2 (adj 11): system update done
I/ActivityManager(  358): Removing system update proc: ProcessRecord{b3113fd8 487:android.process.media/u0a5}
I/ActivityManager(  358): Killing 487:android.process.media/u0a5 (adj 9): system update done
W/ActivityManager(  358): Can't find mystery application for StrictMode from pid=487 uid=10005: android.os.BinderProxy@b35c8c70
I/ActivityManager(  358): System now ready
I/SystemServer(  358): Making services ready
D/NetworkManagementService(  358): enabling bandwidth control
I/Vold    (   53): /dev/block/vold/179:0 being considered for volume sdcard
D/Vold    (   53): Volume sdcard state changing 1 (Idle-Unmounted) -> 3 (Checking)
D/MountService(  358): volume state changed for /storage/sdcard (unmounted -> checking)
D/MountService(  358): sendStorageIntent Intent { act=android.intent.action.MEDIA_CHECKING dat=file:///storage/sdcard (has extras) } to UserHandle{-1}
D/SystemUIService(  440): loading: class com.android.systemui.recent.Recents
D/SystemUIService(  440): running: com.android.systemui.recent.Recents@b2d8d0a8
D/SystemUIService(  440): loading: class com.android.systemui.statusbar.SystemBars
D/SystemUIService(  440): running: com.android.systemui.statusbar.SystemBars@b2d8d690
D/SystemUIService(  440): loading: class com.android.systemui.usb.StorageNotification
D/SystemUIService(  440): running: com.android.systemui.usb.StorageNotification@b2d8f3e0
D/SystemUIService(  440): loading: class com.android.systemui.power.PowerUI
D/SystemUIService(  440): running: com.android.systemui.power.PowerUI@b2d90c98
I/fsck_msdos(   53): ** /dev/block/vold/179:0
I/fsck_msdos(   53): Invalid signature in fsinfo block
D/SystemUIService(  440): loading: class com.android.systemui.media.RingtonePlayer
D/SystemUIService(  440): running: com.android.systemui.media.RingtonePlayer@b2d91a78
D/SystemUIService(  440): loading: class com.android.systemui.settings.SettingsUI
D/SystemUIService(  440): running: com.android.systemui.settings.SettingsUI@b2d92d60
I/fsck_msdos(   53): FIXED
I/fsck_msdos(   53): ** Phase 1 - Read and Compare FATs
I/fsck_msdos(   53): Attempting to allocate 794 KB for FAT
I/StatusBarManagerService(  358): registerStatusBar bar=com.android.internal.statusbar.IStatusBar$Stub$Proxy@b363f4d0
D/PhoneStatusBar(  440): mSettingsPanelGravity = 55
I/fsck_msdos(   53): Attempting to allocate 794 KB for FAT
I/fsck_msdos(   53): ** Phase 2 - Check Cluster Chains
I/fsck_msdos(   53): ** Phase 3 - Checking Directories
I/fsck_msdos(   53): ** Phase 4 - Checking for Lost Files
D/dalvikvm(  440): GC_CONCURRENT freed 294K, 12% free 2839K/3200K, paused 83ms+3ms, total 211ms
I/fsck_msdos(   53): Free space in FSInfo block (201592) not correct (201591)
I/fsck_msdos(   53): FIXED
I/fsck_msdos(   53): 1 files, 100795 free (201591 clusters)
I/Vold    (   53): Filesystem check completed OK
W/Vold    (   53): blkid failed to identify /dev/block/vold/179:0
D/Vold    (   53): Volume sdcard state changing 3 (Checking) -> 4 (Mounted)
I/PackageManager(  358): Updating external media status from unmounted to mounted
D/MountService(  358): volume state changed for /storage/sdcard (checking -> mounted)
D/MountService(  358): sendStorageIntent Intent { act=android.intent.action.MEDIA_MOUNTED dat=file:///storage/sdcard (has extras) } to UserHandle{-1}
I/PackageManager(  358): No secure containers on sdcard
E/VoldConnector(  358): NDC Command {3 volume mount /storage/sdcard} took too long (966ms)
D/dalvikvm(  440): GC_FOR_ALLOC freed 25K, 8% free 2947K/3200K, paused 36ms, total 38ms
W/PackageManager(  358): Not granting permission android.permission.GLOBAL_SEARCH to package com.android.quicksearchbox (protectionLevel=18 flags=0x88be45)
W/PackageManager(  358): Unknown permission com.android.smspush.WAPPUSH_MANAGER_BIND in package com.android.phone
W/PackageManager(  358): Unknown permission com.google.android.googleapps.permission.GOOGLE_AUTH in package com.android.providers.calendar
W/PackageManager(  358): Unknown permission com.google.android.googleapps.permission.GOOGLE_AUTH.cl in package com.android.providers.calendar
W/PackageManager(  358): Unknown permission com.google.android.googleapps.permission.GOOGLE_AUTH.mail in package com.android.calendar
W/PackageManager(  358): Not granting permission android.permission.ACCESS_DOWNLOAD_MANAGER to package com.android.browser (protectionLevel=18 flags=0x89be45)
W/PackageManager(  358): Not granting permission android.permission.SEND_DOWNLOAD_COMPLETED_INTENTS to package com.android.browser (protectionLevel=2 flags=0x89be45)
W/PackageManager(  358): Not granting permission android.permission.BIND_APPWIDGET to package com.android.widgetpreview (protectionLevel=18 flags=0x8be44)
W/PackageManager(  358): Unknown permission android.permission.INSTALL_DRM in package com.android.mms
W/PackageManager(  358): Unknown permission com.google.android.googleapps.permission.GOOGLE_AUTH in package com.android.settings
W/PackageManager(  358): Unknown permission com.google.android.googleapps.permission.ACCESS_GOOGLE_PASSWORD in package com.android.development
W/PackageManager(  358): Unknown permission com.google.android.googleapps.permission.GOOGLE_AUTH in package com.android.development
W/PackageManager(  358): Unknown permission com.google.android.googleapps.permission.GOOGLE_AUTH.ALL_SERVICES in package com.android.development
W/PackageManager(  358): Unknown permission com.google.android.googleapps.permission.GOOGLE_AUTH.YouTubeUser in package com.android.development
W/PackageManager(  358): Not granting permission android.permission.DELETE_PACKAGES to package com.svox.pico (protectionLevel=18 flags=0x88be45)
W/PackageManager(  358): Not granting permission android.permission.DEVICE_POWER to package com.android.deskclock (protectionLevel=2 flags=0xc8be45)
D/dalvikvm(  358): GC_CONCURRENT freed 527K, 60% free 5124K/12708K, paused 6ms+7ms, total 160ms
E/BluetoothAdapter(  440): Bluetooth binder is null
E/BluetoothAdapter(  440): Bluetooth binder is null
E/BluetoothAdapter(  440): Bluetooth binder is null
D/dalvikvm(  440): GC_CONCURRENT freed 54K, 5% free 3310K/3476K, paused 10ms+62ms, total 130ms
E/BluetoothAdapter(  440): Bluetooth binder is null
I/ActivityManager(  358): Start proc android.process.acore for content provider com.android.providers.contacts/.ContactsProvider2: pid=540 uid=10002 gids={50002, 3003, 1028, 1015}
E/NetdConnector(  358): NDC Command {1 bandwidth enable} took too long (3175ms)
D/PhoneStatusBar(  440): disable: < expand icons alerts ticker system_info back home recent clock search >
E/BluetoothAdapter(  440): Bluetooth binder is null
D/PhoneStatusBar(  440): heads up is disabled
I/Choreographer(  440): Skipped 504 frames!  The application may be doing too much work on its main thread.
D/dalvikvm(  440): GC_CONCURRENT freed 155K, 6% free 3555K/3780K, paused 22ms+70ms, total 260ms
E/NetdConnector(  358): NDC Command {4 bandwidth setglobalalert 2097152} took too long (517ms)
D/dalvikvm(  540): GC_CONCURRENT freed 254K, 10% free 2955K/3276K, paused 4ms+33ms, total 299ms
D/dalvikvm(  540): WAIT_FOR_CONCURRENT_GC blocked 42ms
D/dalvikvm(  540): WAIT_FOR_CONCURRENT_GC blocked 63ms
I/Choreographer(  440): Skipped 265 frames!  The application may be doing too much work on its main thread.
D/gralloc_goldfish(  440): Emulator without GPU emulation detected.
I/Choreographer(  440): Skipped 36 frames!  The application may be doing too much work on its main thread.
I/Choreographer(  440): Skipped 30 frames!  The application may be doing too much work on its main thread.
E/NetdConnector(  358): NDC Command {5 firewall disable} took too long (587ms)
I/ActivityManager(  358): Config changes=200 {1.0 ?mcc?mnc en_US ldltr sw480dp w480dp h839dp 160dpi lrg long port finger -keyb/h/h tball/v s.4}
W/RecognitionManagerService(  358): no available voice recognition services found for user 0
D/PhoneStatusBar(  440): mSettingsPanelGravity = 55
W/AppWidgetServiceImpl(  358): Failed to read state: java.io.FileNotFoundException: /data/system/users/0/appwidgets.xml: open failed: ENOENT (No such file or directory)
W/InputMethodManagerService(  358): Ignoring setImeWindowStatus of uid 1000 token: null
W/InputMethodUtils(  358): Found no subtypes in a system IME: com.android.inputmethod.pinyin
W/InputMethodManagerService(  358): Reset the default IME as "Resource" is ready here.
W/InputMethodUtils(  358): Found no subtypes in a system IME: com.android.inputmethod.pinyin
I/InputMethodManagerService(  358): Selected default: com.android.inputmethod.latin/.LatinIME
I/ActivityManager(  358): Config changes=20 {1.0 ?mcc?mnc en_US ldltr sw480dp w480dp h839dp 160dpi lrg long port finger -keyb/v/h tball/v s.5}
I/ActivityManager(  358): Start proc com.android.inputmethod.latin for service com.android.inputmethod.latin/.LatinIME: pid=580 uid=10029 gids={50029, 1028, 1015}
V/InputMethodManagerService(  358): Adding window token: android.os.Binder@b3039bc0
D/dalvikvm(  358): GC_CONCURRENT freed 478K, 59% free 5254K/12708K, paused 5ms+23ms, total 225ms
D/dalvikvm(  358): WAIT_FOR_CONCURRENT_GC blocked 43ms
D/dalvikvm(  358): WAIT_FOR_CONCURRENT_GC blocked 17ms
W/InputMethodManagerService(  358): Illegal subtype state: old subtype = null, new subtype = android.view.inputmethod.InputMethodSubtype@c9194f98
W/GpsLocationProvider(  358): Could not open GPS configuration file /etc/gps.conf
W/ServiceWatcher(  358): com.google.android.location not found
W/ServiceWatcher(  358): com.google.android.location not found
W/LocationManagerService(  358): no network location provider found
W/ServiceWatcher(  358): com.google.android.location not found
W/ServiceWatcher(  358): com.google.android.location not found
E/FlpHardwareProvider(  358): Error hw_get_module 'flp': -2
W/ServiceWatcher(  358): com.google.android.location not found
E/FlpHardwareProvider(  358): Error hw_get_module 'flp': -2
W/ServiceWatcher(  358): com.google.android.location not found
E/LocationManagerService(  358): no geocoder provider found
E/LocationManagerService(  358): No FusedProvider found.
E/LocationManagerService(  358): no geofence provider found
I/CommonTimeManagementService(  358): No common time service detected on this platform.  Common time services will be unavailable.
I/InputReader(  358): Reconfiguring input devices.  changes=0x00000020
I/InputReader(  358): Reconfiguring input devices.  changes=0x00000010
D/dalvikvm(  440): GC_FOR_ALLOC freed 81K, 6% free 3563K/3780K, paused 140ms, total 143ms
I/ActivityManager(  358): Start proc com.android.phone for added application com.android.phone: pid=594 uid=1001 gids={41001, 3002, 3001, 3003, 1028, 1015}
I/ActivityManager(  358): START u0 {act=android.intent.action.MAIN cat=[android.intent.category.HOME] flg=0x10000000 cmp=com.android.settings/.CryptKeeper} from pid 0
I/ActivityManager(  358): Start proc com.android.settings for activity com.android.settings/.CryptKeeper: pid=604 uid=1000 gids={41000, 1028, 1015, 3002, 3001, 3003}
I/dalvikvm-heap(  440): Grow heap (frag case) to 6.472MB for 3072016-byte allocation
I/ActivityManager(  358): Start proc android.process.media for broadcast com.android.providers.downloads/.DownloadReceiver: pid=608 uid=10005 gids={50005, 1028, 1015, 1023, 1024, 2001, 3003, 3007}
D/dalvikvm(   59): GC_EXPLICIT freed 38K, 4% free 2705K/2812K, paused 24ms+2ms, total 70ms
D/dalvikvm(   59): GC_EXPLICIT freed <1K, 4% free 2705K/2812K, paused 12ms+2ms, total 52ms
D/dalvikvm(   59): GC_EXPLICIT freed <1K, 4% free 2705K/2812K, paused 2ms+2ms, total 43ms
D/dalvikvm(  440): GC_FOR_ALLOC freed 4K, 4% free 6558K/6784K, paused 258ms, total 258ms
D/dalvikvm(  440): GC_CONCURRENT freed 1K, 4% free 6561K/6784K, paused 4ms+83ms, total 142ms
D/dalvikvm(  440): GC_FOR_ALLOC freed 3001K, 6% free 3563K/3780K, paused 128ms, total 129ms
I/LatinIME(  580): Hardware accelerated drawing: true
I/dalvikvm-heap(  440): Grow heap (frag case) to 6.472MB for 3072016-byte allocation
D/dalvikvm(  440): GC_FOR_ALLOC freed <1K, 4% free 6562K/6784K, paused 74ms, total 75ms
D/dalvikvm(  440): GC_CONCURRENT freed <1K, 4% free 6563K/6784K, paused 4ms+2ms, total 43ms
D/PhoneStatusBar(  440): mSettingsPanelGravity = 55
W/WindowManager(  358): Window freeze timeout expired.
W/WindowManager(  358): Force clearing orientation change: Window{b35d1e38 u0 StatusBar}
W/WindowManager(  358): Force clearing orientation change: Window{b369eb98 u0 com.android.systemui.ImageWallpaper}
D/dalvikvm(  358): GC_CONCURRENT freed 480K, 58% free 5411K/12708K, paused 395ms+32ms, total 696ms
I/ActivityManager(  358): Start proc com.android.printspooler for service com.android.printspooler/.PrintSpoolerService: pid=638 uid=10039 gids={50039}
W/InputAttributes(  580): No editor info for this field. Bug?
V/StatusBar(  440): userId 0 is in the house
I/Choreographer(  440): Skipped 136 frames!  The application may be doing too much work on its main thread.
I/ActivityManager(  358): START u0 {act=android.intent.action.MAIN cat=[android.intent.category.HOME] flg=0x10000000 cmp=com.android.sdksetup/.DefaultActivity} from pid 0
I/ResourceUtils(  580): Found default value: resource=keypress_vibration_durations build=[HARDWARE=goldfish MODEL=sdk BRAND=generic MANUFACTURER=unknown] default=-1
D/dalvikvm(  580): GC_CONCURRENT freed 224K, 10% free 2897K/3188K, paused 8ms+61ms, total 261ms
I/ResourceUtils(  580): Found default value: resource=keypress_volumes build=[HARDWARE=goldfish MODEL=sdk BRAND=generic MANUFACTURER=unknown] default=-1.0f
I/Choreographer(  440): Skipped 40 frames!  The application may be doing too much work on its main thread.
I/ActivityManager(  358): Start proc com.android.sdksetup for activity com.android.sdksetup/.DefaultActivity: pid=652 uid=10042 gids={50042}
I/LatinIME:LogUtils(  580): Dictionary info: dictionary = personalization.en_US.dict ; version = ? ; date = 1529313418
I/PrintSpoolerService(  638): No existing print spooler state.
I/LatinIME:LogUtils(  580): Dictionary info: dictionary = PersonalizationPredictionDictio ; version = ? ; date = 1529313418
I/LatinIME:LogUtils(  580): Dictionary info: dictionary = UserHistoryDictionary.en_US.dic ; version = ? ; date = 1529313418
I/LatinIME:LogUtils(  580): Dictionary info: dictionary = userunigram.en_US.dict ; version = ? ; date = ?
I/ActivityManager(  358): Force stopping com.android.sdksetup appid=10042 user=0: pkg changed
I/ActivityManager(  358): Killing 652:com.android.sdksetup/u0a42 (adj 0): stop com.android.sdksetup
I/ActivityManager(  358):   Force finishing activity ActivityRecord{b30289f0 u0 com.android.sdksetup/.DefaultActivity t2}
I/ActivityManager(  358): START u0 {act=android.intent.action.MAIN cat=[android.intent.category.HOME] flg=0x10000000 cmp=com.android.launcher/com.android.launcher2.Launcher} from pid 0
I/ActivityManager(  358): Start proc com.android.launcher for activity com.android.launcher/com.android.launcher2.Launcher: pid=682 uid=10008 gids={50008}
D/dalvikvm(  594): GC_CONCURRENT freed 182K, 8% free 2921K/3172K, paused 23ms+4ms, total 298ms
D/dalvikvm(  358): GC_CONCURRENT freed 576K, 57% free 5515K/12708K, paused 19ms+5ms, total 550ms
D/dalvikvm(  358): WAIT_FOR_CONCURRENT_GC blocked 238ms
D/dalvikvm(  358): WAIT_FOR_CONCURRENT_GC blocked 240ms
D/dalvikvm(  358): WAIT_FOR_CONCURRENT_GC blocked 233ms
D/dalvikvm(  358): WAIT_FOR_CONCURRENT_GC blocked 208ms
I/FusedLocation(  358): engine started (com.android.location.fused)
W/BackupManagerService(  358): dataChanged but no participant pkg='com.android.providers.settings' uid=1001
I/PackageManager(  358):   Action: "android.intent.action.SENDTO"
I/PackageManager(  358):   Category: "android.intent.category.DEFAULT"
I/PackageManager(  358):   Scheme: "sms"
I/PackageManager(  358): Adding preferred activity ComponentInfo{com.android.mms/com.android.mms.ui.ComposeMessageActivity} for user 0 :
I/PackageManager(  358):   Action: "android.intent.action.SENDTO"
I/PackageManager(  358):   Category: "android.intent.category.DEFAULT"
I/PackageManager(  358):   Scheme: "smsto"
I/PackageManager(  358): Adding preferred activity ComponentInfo{com.android.mms/com.android.mms.ui.ComposeMessageActivity} for user 0 :
I/InputReader(  358): Reconfiguring input devices.  changes=0x00000010
D/dalvikvm(  580): GC_CONCURRENT freed 382K, 14% free 2968K/3420K, paused 3ms+74ms, total 156ms
I/PackageManager(  358):   Action: "android.intent.action.SENDTO"
I/PackageManager(  358):   Category: "android.intent.category.DEFAULT"
I/PackageManager(  358):   Scheme: "mms"
I/PackageManager(  358): Adding preferred activity ComponentInfo{com.android.mms/com.android.mms.ui.ComposeMessageActivity} for user 0 :
I/PackageManager(  358):   Action: "android.intent.action.SENDTO"
I/PackageManager(  358):   Category: "android.intent.category.DEFAULT"
I/PackageManager(  358):   Scheme: "mmsto"
I/PackageManager(  358): Adding preferred activity ComponentInfo{com.android.mms/com.android.mms.ui.ComposeMessageActivity} for user 0 :
I/PackageManager(  358):   Action: "android.intent.action.SENDTO"
I/PackageManager(  358):   Category: "android.intent.category.DEFAULT"
I/PackageManager(  358):   Scheme: "sms"
I/PackageManager(  358): Adding preferred activity ComponentInfo{com.android.mms/com.android.mms.ui.ComposeMessageActivity} for user 0 :
I/PackageManager(  358):   Action: "android.intent.action.SENDTO"
I/PackageManager(  358):   Category: "android.intent.category.DEFAULT"
I/PackageManager(  358):   Scheme: "smsto"
I/PackageManager(  358): Adding preferred activity ComponentInfo{com.android.mms/com.android.mms.ui.ComposeMessageActivity} for user 0 :
I/PackageManager(  358):   Action: "android.intent.action.SENDTO"
