D/dalvikvm(  360): GC_CONCURRENT freed 296K, 67% free 4355K/12940K, paused 5ms+2ms, total 36ms
D/dalvikvm(  360): WAIT_FOR_CONCURRENT_GC blocked 28ms
D/dalvikvm(  360): GC_CONCURRENT freed 312K, 65% free 4568K/12940K, paused 5ms+6ms, total 101ms
D/dalvikvm(  360): GC_CONCURRENT freed 340K, 64% free 4740K/12940K, paused 15ms+4ms, total 103ms
D/dalvikvm(  360): WAIT_FOR_CONCURRENT_GC blocked 11ms
I/PackageManager(  360): /system/app/LegacyCamera.apk changed; collecting certs
D/dalvikvm(  360): GC_CONCURRENT freed 220K, 62% free 4999K/12940K, paused 6ms+14ms, total 95ms
D/dalvikvm(  360): GC_CONCURRENT freed 348K, 60% free 5224K/12940K, paused 4ms+9ms, total 44ms
D/dalvikvm(  360): WAIT_FOR_CONCURRENT_GC blocked 32ms
D/dalvikvm(  360): GC_CONCURRENT freed 1663K, 68% free 4193K/12940K, paused 5ms+3ms, total 49ms
D/dalvikvm(  360): WAIT_FOR_CONCURRENT_GC blocked 32ms
D/dalvikvm(  360): GC_CONCURRENT freed 143K, 65% free 4588K/12940K, paused 6ms+6ms, total 98ms
D/dalvikvm(  360): WAIT_FOR_CONCURRENT_GC blocked 3ms
D/dalvikvm(  360): GC_CONCURRENT freed 319K, 64% free 4733K/12940K, paused 14ms+5ms, total 84ms
I/PackageManager(  360): /system/app/LiveWallpapersPicker.apk changed; collecting certs
I/PackageManager(  360): /system/app/Music.apk changed; collecting certs
D/dalvikvm(  360): GC_CONCURRENT freed 459K, 64% free 4784K/12940K, paused 5ms+9ms, total 65ms
D/dalvikvm(  360): WAIT_FOR_CONCURRENT_GC blocked 31ms
D/dalvikvm(  360): GC_CONCURRENT freed 1093K, 68% free 4174K/12940K, paused 6ms+4ms, total 85ms
I/PackageManager(  360): /system/app/NetSpeed.apk changed; collecting certs
I/PackageManager(  360): /system/app/OpenWnn.apk changed; collecting certs
D/dalvikvm(  360): GC_CONCURRENT freed 378K, 67% free 4302K/12940K, paused 5ms+6ms, total 72ms
D/dalvikvm(  360): WAIT_FOR_CONCURRENT_GC blocked 27ms
D/dalvikvm(  360): GC_CONCURRENT freed 571K, 68% free 4243K/12940K, paused 5ms+4ms, total 53ms
D/dalvikvm(  360): WAIT_FOR_CONCURRENT_GC blocked 21ms
D/dalvikvm(  360): GC_CONCURRENT freed 347K, 66% free 4407K/12940K, paused 14ms+4ms, total 72ms
D/dalvikvm(  360): WAIT_FOR_CONCURRENT_GC blocked 16ms
I/PackageManager(  360): /system/app/PacProcessor.apk changed; collecting certs
I/PackageManager(  360): /system/app/PackageInstaller.apk changed; collecting certs
D/dalvikvm(  360): GC_CONCURRENT freed 391K, 65% free 4571K/12940K, paused 5ms+8ms, total 104ms
I/PackageManager(  360): /system/app/PicoTts.apk changed; collecting certs
I/PackageManager(  360): /system/app/PinyinIME.apk changed; collecting certs
D/dalvikvm(  360): GC_CONCURRENT freed 965K, 69% free 4117K/12940K, paused 13ms+4ms, total 77ms
D/dalvikvm(  360): WAIT_FOR_CONCURRENT_GC blocked 20ms
I/PackageManager(  360): /system/app/PrintSpooler.apk changed; collecting certs
I/PackageManager(  360): /system/app/Protips.apk changed; collecting certs
D/dalvikvm(  360): GC_CONCURRENT freed 462K, 68% free 4221K/12940K, paused 5ms+6ms, total 104ms
I/PackageManager(  360): /system/app/QuickSearchBox.apk changed; collecting certs
D/dalvikvm(  360): GC_CONCURRENT freed 479K, 68% free 4244K/12940K, paused 14ms+15ms, total 92ms
I/PackageManager(  360): /system/app/SdkSetup.apk changed; collecting certs
I/PackageManager(  360): /system/app/SoundRecorder.apk changed; collecting certs
D/dalvikvm(  360): GC_CONCURRENT freed 479K, 67% free 4284K/12940K, paused 5ms+7ms, total 92ms
D/dalvikvm(  360): WAIT_FOR_CONCURRENT_GC blocked 9ms
I/PackageManager(  360): /system/app/SpeechRecorder.apk changed; collecting certs
I/PackageManager(  360): /system/app/TelephonyProvider.apk changed; collecting certs
I/PackageManager(  360): /system/app/UserDictionaryProvider.apk changed; collecting certs
D/dalvikvm(  360): GC_CONCURRENT freed 638K, 68% free 4147K/12940K, paused 5ms+5ms, total 84ms
D/PackageManager(  360): No files in app dir /vendor/app
W/PackageParser(  360): No actions in intent filter at /data/app/ApiDemos.apk Binary XML file line #2899
W/PackageParser(  360): No actions in intent filter at /data/app/ApiDemos.apk Binary XML file line #2905
I/PackageManager(  360): /data/app/ApiDemos.apk changed; collecting certs
D/dalvikvm(  360): GC_CONCURRENT freed 291K, 67% free 4363K/12940K, paused 14ms+14ms, total 92ms
D/dalvikvm(  360): GC_CONCURRENT freed 290K, 65% free 4573K/12940K, paused 9ms+3ms, total 44ms
D/dalvikvm(  360): WAIT_FOR_CONCURRENT_GC blocked 36ms
D/dalvikvm(  360): GC_CONCURRENT freed 352K, 64% free 4732K/12940K, paused 15ms+20ms, total 100ms
D/dalvikvm(  360): WAIT_FOR_CONCURRENT_GC blocked 8ms
D/dalvikvm(  360): GC_CONCURRENT freed 306K, 62% free 4931K/12940K, paused 5ms+4ms, total 107ms
D/dalvikvm(  360): WAIT_FOR_CONCURRENT_GC blocked 12ms
D/dalvikvm(  360): GC_CONCURRENT freed 659K, 63% free 4828K/12940K, paused 13ms+4ms, total 73ms
D/dalvikvm(  360): WAIT_FOR_CONCURRENT_GC blocked 31ms
D/dalvikvm(  360): GC_CONCURRENT freed 532K, 63% free 4828K/12940K, paused 6ms+6ms, total 92ms
D/dalvikvm(  360): WAIT_FOR_CONCURRENT_GC blocked 9ms
D/dalvikvm(  360): GC_CONCURRENT freed 525K, 63% free 4832K/12940K, paused 5ms+4ms, total 76ms
D/dalvikvm(  360): WAIT_FOR_CONCURRENT_GC blocked 31ms
D/dalvikvm(  360): GC_CONCURRENT freed 534K, 63% free 4831K/12940K, paused 5ms+4ms, total 73ms
D/dalvikvm(  360): WAIT_FOR_CONCURRENT_GC blocked 32ms
D/dalvikvm(  360): GC_CONCURRENT freed 522K, 63% free 4842K/12940K, paused 14ms+3ms, total 80ms
D/dalvikvm(  360): WAIT_FOR_CONCURRENT_GC blocked 36ms
D/dalvikvm(  360): GC_CONCURRENT freed 529K, 63% free 4844K/12940K, paused 5ms+3ms, total 76ms
D/dalvikvm(  360): WAIT_FOR_CONCURRENT_GC blocked 30ms
D/dalvikvm(  360): GC_CONCURRENT freed 529K, 63% free 4847K/12940K, paused 14ms+3ms, total 74ms
D/dalvikvm(  360): WAIT_FOR_CONCURRENT_GC blocked 34ms
D/dalvikvm(  360): GC_CONCURRENT freed 531K, 63% free 4852K/12940K, paused 12ms+3ms, total 72ms
D/dalvikvm(  360): WAIT_FOR_CONCURRENT_GC blocked 31ms
D/dalvikvm(  360): GC_CONCURRENT freed 530K, 63% free 4855K/12940K, paused 5ms+3ms, total 75ms
D/dalvikvm(  360): WAIT_FOR_CONCURRENT_GC blocked 34ms
W/PackageManager(  360): Package com.example.android.apis desires unavailable shared library com.example.will.never.exist; ignoring!
D/dalvikvm(  360): GC_CONCURRENT freed 528K, 63% free 4884K/12940K, paused 15ms+4ms, total 110ms
I/PackageManager(  360): /data/app/CubeLiveWallpapers.apk changed; collecting certs
I/PackageManager(  360): /data/app/GestureBuilder.apk changed; collecting certs
D/dalvikvm(  360): GC_CONCURRENT freed 465K, 62% free 4961K/12940K, paused 5ms+8ms, total 75ms
D/dalvikvm(  360): WAIT_FOR_CONCURRENT_GC blocked 30ms
I/PackageManager(  360): /data/app/SmokeTest.apk changed; collecting certs
I/PackageManager(  360): /data/app/SmokeTestApp.apk changed; collecting certs
I/PackageManager(  360): /data/app/SoftKeyboard.apk changed; collecting certs
D/dalvikvm(  360): GC_CONCURRENT freed 1125K, 66% free 4401K/12940K, paused 13ms+4ms, total 79ms
D/dalvikvm(  360): WAIT_FOR_CONCURRENT_GC blocked 24ms
I/PackageManager(  360): /data/app/WidgetPreview.apk changed; collecting certs
D/dalvikvm(  360): GC_CONCURRENT freed 556K, 67% free 4349K/12940K, paused 6ms+4ms, total 79ms
D/dalvikvm(  360): WAIT_FOR_CONCURRENT_GC blocked 17ms
W/PackageManager(  360): Package com.example.android.apis desires unavailable shared library com.example.will.never.exist; ignoring!
W/PackageManager(  360): Package com.android.camera desires unavailable shared library com.google.android.media.effects; ignoring!
I/PackageManager(  360): Time to scan packages: 23.48 seconds
W/PackageManager(  360): Not granting permission android.permission.GLOBAL_SEARCH to package com.android.quicksearchbox (protectionLevel=18 flags=0x8be45)
W/PackageManager(  360): Unknown permission com.android.smspush.WAPPUSH_MANAGER_BIND in package com.android.phone
W/PackageManager(  360): Unknown permission com.google.android.googleapps.permission.GOOGLE_AUTH in package com.android.providers.calendar
W/PackageManager(  360): Unknown permission com.google.android.googleapps.permission.GOOGLE_AUTH.cl in package com.android.providers.calendar
W/PackageManager(  360): Unknown permission com.google.android.googleapps.permission.GOOGLE_AUTH.mail in package com.android.calendar
W/PackageManager(  360): Not granting permission android.permission.ACCESS_DOWNLOAD_MANAGER to package com.android.browser (protectionLevel=18 flags=0x9be45)
W/PackageManager(  360): Not granting permission android.permission.SEND_DOWNLOAD_COMPLETED_INTENTS to package com.android.browser (protectionLevel=2 flags=0x9be45)
W/PackageManager(  360): Not granting permission android.permission.BIND_APPWIDGET to package com.android.widgetpreview (protectionLevel=18 flags=0x8be44)
W/PackageManager(  360): Unknown permission android.permission.INSTALL_DRM in package com.android.mms
W/PackageManager(  360): Unknown permission com.google.android.googleapps.permission.GOOGLE_AUTH in package com.android.settings
W/PackageManager(  360): Unknown permission com.google.android.googleapps.permission.ACCESS_GOOGLE_PASSWORD in package com.android.development
W/PackageManager(  360): Unknown permission com.google.android.googleapps.permission.GOOGLE_AUTH in package com.android.development
W/PackageManager(  360): Unknown permission com.google.android.googleapps.permission.GOOGLE_AUTH.ALL_SERVICES in package com.android.development
W/PackageManager(  360): Unknown permission com.google.android.googleapps.permission.GOOGLE_AUTH.YouTubeUser in package com.android.development
W/PackageManager(  360): Not granting permission android.permission.DELETE_PACKAGES to package com.svox.pico (protectionLevel=18 flags=0x8be45)
W/PackageManager(  360): Not granting permission android.permission.DEVICE_POWER to package com.android.deskclock (protectionLevel=2 flags=0x48be45)
D/dalvikvm(  360): GC_CONCURRENT freed 434K, 67% free 4347K/12940K, paused 5ms+3ms, total 56ms
D/dalvikvm(  360): WAIT_FOR_CONCURRENT_GC blocked 23ms
D/dalvikvm(  360): GC_EXPLICIT freed 74K, 67% free 4273K/12940K, paused 4ms+3ms, total 49ms
I/SystemServer(  360): Entropy Mixer
W/EntropyMixer(  360): No existing entropy file -- first boot?
I/EntropyMixer(  360): Writing entropy...
I/SystemServer(  360): User Service
I/SystemServer(  360): Account Manager
I/SystemServer(  360): Content Manager
I/SystemServer(  360): System Content Providers
I/SyncManager(  360): No initial accounts
I/SyncManager(  360): No initial status
W/SyncManagerFile(  360): Error reading pending data.
W/SyncManagerFile(  360): java.io.FileNotFoundException: /data/system/sync/pending.xml: open failed: ENOENT (No such file or directory)
W/SyncManagerFile(  360): 	at libcore.io.IoBridge.open(IoBridge.java:409)
W/SyncManagerFile(  360): 	at java.io.FileInputStream.<init>(FileInputStream.java:78)
W/SyncManagerFile(  360): 	at android.util.AtomicFile.openRead(AtomicFile.java:199)
W/SyncManagerFile(  360): 	at com.android.server.content.SyncStorageEngine.readPendingOperationsLocked(SyncStorageEngine.java:2286)
W/SyncManagerFile(  360): 	at com.android.server.content.SyncStorageEngine.<init>(SyncStorageEngine.java:434)
W/SyncManagerFile(  360): 	at com.android.server.content.SyncStorageEngine.init(SyncStorageEngine.java:454)
W/SyncManagerFile(  360): 	at com.android.server.content.SyncManager.<init>(SyncManager.java:383)
W/SyncManagerFile(  360): 	at com.android.server.content.ContentService.getSyncManager(ContentService.java:75)
W/SyncManagerFile(  360): 	at com.android.server.content.ContentService.notifyChange(ContentService.java:283)
W/SyncManagerFile(  360): 	at android.content.ContentResolver.notifyChange(ContentResolver.java:1621)
W/SyncManagerFile(  360): 	at com.android.providers.settings.SettingsProvider.sendNotify(SettingsProvider.java:262)
W/SyncManagerFile(  360): 	at com.android.providers.settings.SettingsProvider.insertForUser(SettingsProvider.java:941)
W/SyncManagerFile(  360): 	at com.android.providers.settings.SettingsProvider.ensureAndroidIdIsSet(SettingsProvider.java:496)
W/SyncManagerFile(  360): 	at com.android.providers.settings.SettingsProvider.establishDbTracking(SettingsProvider.java:409)
W/SyncManagerFile(  360): 	at com.android.providers.settings.SettingsProvider.onCreate(SettingsProvider.java:335)
W/SyncManagerFile(  360): 	at android.content.ContentProvider.attachInfo(ContentProvider.java:1591)
W/SyncManagerFile(  360): 	at android.content.ContentProvider.attachInfo(ContentProvider.java:1562)
W/SyncManagerFile(  360): 	at android.app.ActivityThread.installProvider(ActivityThread.java:4774)
W/SyncManagerFile(  360): 	at android.app.ActivityThread.installContentProviders(ActivityThread.java:4369)
W/SyncManagerFile(  360): 	at android.app.ActivityThread.installSystemProviders(ActivityThread.java:4929)
W/SyncManagerFile(  360): 	at com.android.server.am.ActivityManagerService.installSystemProviders(ActivityManagerService.java:8081)
W/SyncManagerFile(  360): 	at com.android.server.ServerThread.initAndLoop(SystemServer.java:275)
W/SyncManagerFile(  360): 	at com.android.server.SystemServer.main(SystemServer.java:1179)
W/SyncManagerFile(  360): 	at java.lang.reflect.Method.invokeNative(Native Method)
W/SyncManagerFile(  360): 	at java.lang.reflect.Method.invoke(Method.java:515)
W/SyncManagerFile(  360): 	at com.android.internal.os.ZygoteInit$MethodAndArgsCaller.run(ZygoteInit.java:785)
W/SyncManagerFile(  360): 	at com.android.internal.os.ZygoteInit.main(ZygoteInit.java:601)
W/SyncManagerFile(  360): 	at dalvik.system.NativeStart.main(Native Method)
W/SyncManagerFile(  360): Caused by: libcore.io.ErrnoException: open failed: ENOENT (No such file or directory)
W/SyncManagerFile(  360): 	at libcore.io.Posix.open(Native Method)
W/SyncManagerFile(  360): 	at libcore.io.BlockGuardOs.open(BlockGuardOs.java:110)
W/SyncManagerFile(  360): 	at libcore.io.IoBridge.open(IoBridge.java:393)
W/SyncManagerFile(  360): 	... 27 more
I/SyncManager(  360): No initial statistics
D/SettingsProvider(  360): Generated and saved new ANDROID_ID [cdadc9ad9c474114] for user 0
I/SystemServer(  360): Lights Service
I/SystemServer(  360): Battery Service
E/ConsumerIrService(  360): Can't open consumer IR HW Module, error: -2
I/SystemServer(  360): Vibrator Service
I/SystemServer(  360): Consumer IR Service
W/libsuspend(  360): Error writing 'on' to /sys/power/state: Invalid argument
E/libsuspend(  360): Error opening /sys/power/autosleep: No such file or directory
I/libsuspend(  360): Selected wakeup count
D/PermissionCache(   57): checking android.permission.ACCESS_SURFACE_FLINGER for uid=1000 => granted (2066 us)
D/SurfaceFlinger(   57): Screen acquired, type=0 flinger=0xb8981450
D/SurfaceFlinger(   57):  screen was previously acquired
I/SystemServer(  360): Alarm Manager
I/SystemServer(  360): Init Watchdog
I/SystemServer(  360): Input Manager
I/InputManager(  360): Initializing input manager, mUseDevInputEventForAudioJack=false
I/SystemServer(  360): Window Manager
I/WindowManager(  360): No existing display settings /data/system/display_settings.xml; starting empty
D/dalvikvm(  360): GC_CONCURRENT freed 292K, 66% free 4468K/12940K, paused 6ms+12ms, total 134ms
I/WindowManager(  360): No keyguard interface!
I/InputManager(  360): Starting input manager
I/SystemServer(  360): No Bluetooh Service (emulator)
I/SystemServer(  360): Input Method Service
E/EventHub(  360): could not get driver version for /dev/input/mouse0, Not a typewriter
W/EventHub(  360): Unable to disable kernel key repeat for /dev/input/event0: Function not implemented
I/EventHub(  360): New device: id=1, fd=93, path='/dev/input/event0', name='qwerty2', classes=0x2d, configuration='/system/usr/idc/qwerty2.idc', keyLayout='/system/usr/keylayout/qwerty.kl', keyCharacterMap='/system/usr/keychars/qwerty2.kcm', builtinKeyboard=true, usingSuspendBlockIoctl=true, usingClockIoctl=true
E/EventHub(  360): could not get driver version for /dev/input/mice, Not a typewriter
I/InputReader(  360): Device added: id=-1, name='Virtual', sources=0x00000301
I/InputReader(  360):   Touch device 'qwerty2' could not query the properties of its associated display.  The device will be inoperable until the display size becomes available.
I/InputReader(  360): Device added: id=0, name='qwerty2', sources=0x00011307
W/InputMethodManagerService(  360): No IME selected. Choose the most applicable IME.
I/InputMethodManagerService(  360): No default found, using com.android.inputmethod.latin/.LatinIME
I/SystemServer(  360): Accessibility Manager
I/ActivityManager(  360): Config changes=1df8 {1.0 ?mcc?mnc en_US ldltr sw480dp w480dp h864dp 160dpi lrg long port ?uimode ?night -touch -keyb/h/h tball/v s.2}
I/InputReader(  360): Reconfiguring input devices.  changes=0x00000004
I/InputReader(  360): Device reconfigured: id=0, name='qwerty2', size 480x864, orientation 0, mode 1, display id 0
I/ActivityManager(  360): Config changes=408 {1.0 ?mcc?mnc en_US ldltr sw480dp w480dp h839dp 160dpi lrg long port ?uimode ?night finger -keyb/h/h tball/v s.3}
I/SystemServer(  360): Mount Service
D/MountService(  360): got storage path: /storage/sdcard description: USB storage primary: true removable: false emulated: false mtpReserve: 0 allowMassStorage: false maxFileSize: 0
D/MountService(  360): addVolumeLocked() StorageVolume:
D/MountService(  360):     mStorageId=0 mPath=/storage/sdcard mDescriptionId=17040665 mPrimary=true 
D/MountService(  360):     mRemovable=false mEmulated=false mMtpReserveSpace=0 
D/MountService(  360):     mAllowMassStorage=false mMaxFileSize=0 mOwner=null mUuid=null 
D/MountService(  360):     mUserLabel=null mState=null 
I/SystemServer(  360): LockSettingsService
I/SystemServer(  360): Device Policy
I/SystemServer(  360): Status Bar
I/SystemServer(  360): Clipboard Service
I/SystemServer(  360): NetworkManagement Service
I/SystemServer(  360): Text Service Manager Service
W/MountService(  360): Duplicate state transition (unmounted -> unmounted) for /storage/sdcard
W/MountService(  360): getSecureContainerList() called when storage not mounted
I/PackageManager(  360): No secure containers on sdcard
I/SystemServer(  360): NetworkStats Service
I/SystemServer(  360): NetworkPolicy Service
I/SystemServer(  360): Wi-Fi P2pService
W/PackageManager(  360): Not granting permission android.permission.GLOBAL_SEARCH to package com.android.quicksearchbox (protectionLevel=18 flags=0x8be45)
W/PackageManager(  360): Unknown permission com.android.smspush.WAPPUSH_MANAGER_BIND in package com.android.phone
W/PackageManager(  360): Unknown permission com.google.android.googleapps.permission.GOOGLE_AUTH in package com.android.providers.calendar
W/PackageManager(  360): Unknown permission com.google.android.googleapps.permission.GOOGLE_AUTH.cl in package com.android.providers.calendar
W/PackageManager(  360): Unknown permission com.google.android.googleapps.permission.GOOGLE_AUTH.mail in package com.android.calendar
W/PackageManager(  360): Not granting permission android.permission.ACCESS_DOWNLOAD_MANAGER to package com.android.browser (protectionLevel=18 flags=0x9be45)
W/PackageManager(  360): Not granting permission android.permission.SEND_DOWNLOAD_COMPLETED_INTENTS to package com.android.browser (protectionLevel=2 flags=0x9be45)
W/PackageManager(  360): Not granting permission android.permission.BIND_APPWIDGET to package com.android.widgetpreview (protectionLevel=18 flags=0x8be44)
W/PackageManager(  360): Unknown permission android.permission.INSTALL_DRM in package com.android.mms
W/PackageManager(  360): Unknown permission com.google.android.googleapps.permission.GOOGLE_AUTH in package com.android.settings
D/dalvikvm(  360): GC_CONCURRENT freed 259K, 65% free 4610K/12940K, paused 15ms+12ms, total 82ms
W/PackageManager(  360): Unknown permission com.google.android.googleapps.permission.ACCESS_GOOGLE_PASSWORD in package com.android.development
W/PackageManager(  360): Unknown permission com.google.android.googleapps.permission.GOOGLE_AUTH in package com.android.development
W/PackageManager(  360): Unknown permission com.google.android.googleapps.permission.GOOGLE_AUTH.ALL_SERVICES in package com.android.development
W/PackageManager(  360): Unknown permission com.google.android.googleapps.permission.GOOGLE_AUTH.YouTubeUser in package com.android.development
W/PackageManager(  360): Not granting permission android.permission.DELETE_PACKAGES to package com.svox.pico (protectionLevel=18 flags=0x8be45)
W/PackageManager(  360): Not granting permission android.permission.DEVICE_POWER to package com.android.deskclock (protectionLevel=2 flags=0x48be45)
I/SystemServer(  360): Wi-Fi Service
D/WifiController(  360): isAirplaneModeOn = false, isWifiEnabled = false, isScanningAvailable = false
I/SystemServer(  360): Connectivity Service
D/ConnectivityService(  360): ConnectivityService starting up
D/ConnectivityService(  360): wifiOnly=false
E/MobileDataStateTracker(  360): default: Ignoring feature request because could not acquire PhoneService
E/MobileDataStateTracker(  360): default: Could not enable APN type "default"
I/WifiService(  360): WifiService starting up with Wi-Fi disabled
I/SystemServer(  360): Network Service Discovery Service
D/NsdService(  360): Network service discovery enabled true
I/SystemServer(  360): UpdateLock Service
I/SystemServer(  360): Notification Manager
I/SystemServer(  360): Device Storage Monitor
I/SystemServer(  360): Location Manager
I/SystemServer(  360): Country Detector
I/SystemServer(  360): Search Service
I/SystemServer(  360): DropBox Service
I/SystemServer(  360): Wallpaper Service
W/WallpaperService(  360): no current wallpaper -- first boot?
I/SystemServer(  360): Audio Service
D/dalvikvm(  360): GC_CONCURRENT freed 290K, 63% free 4788K/12940K, paused 15ms+6ms, total 141ms
I/SystemServer(  360): Dock Observer
W/DockObserver(  360): This kernel does not have dock station support
I/SystemServer(  360): Wired Accessory Manager
W/WiredAccessoryManager(  360): This kernel does not have wired headset support
W/WiredAccessoryManager(  360): This kernel does not have usb audio support
W/WiredAccessoryManager(  360): This kernel does not have HDMI audio support
I/SystemServer(  360): USB Service
I/SystemServer(  360): Serial Service
I/SystemServer(  360): Twilight Service
I/SystemServer(  360): UI Mode Manager Service
I/SystemServer(  360): Backup Service
V/BackupManagerService(  360): Initializing package tracking
V/BackupManagerService(  360): No ancestral data
V/BackupManagerService(  360): addPackageParticipantsLocked: all
I/BackupManagerService(  360): Scheduling backup for new app com.android.calendar
D/BackupManagerService(  360): Now staging backup of com.android.calendar
I/BackupManagerService(  360): Scheduling backup for new app com.android.browser
D/BackupManagerService(  360): Now staging backup of com.android.browser
I/BackupManagerService(  360): Scheduling backup for new app com.android.providers.userdictionary
D/BackupManagerService(  360): Now staging backup of com.android.providers.userdictionary
I/BackupManagerService(  360): Scheduling backup for new app com.android.sharedstoragebackup
D/BackupManagerService(  360): Now staging backup of com.android.sharedstoragebackup
I/BackupManagerService(  360): Scheduling backup for new app android
D/BackupManagerService(  360): Now staging backup of android
I/BackupManagerService(  360): Scheduling backup for new app com.android.dialer
D/BackupManagerService(  360): Now staging backup of com.android.dialer
I/BackupManagerService(  360): Scheduling backup for new app com.android.providers.settings
D/BackupManagerService(  360): Now staging backup of com.android.providers.settings
V/BackupManagerService(  360): Starting with transport android/com.android.internal.backup.LocalTransport
V/BackupManagerService(  360): Found transports: 1
I/BackupManagerService(  360): Binding to transport host ComponentInfo{android/com.android.internal.backup.LocalTransportService}
I/BackupManagerService(  360): Backup enabled => true
I/SystemServer(  360): AppWidget Service
I/SystemServer(  360): Recognition Service
I/SystemServer(  360): DiskStats Service
I/SystemServer(  360): SamplingProfiler Service
I/SystemServer(  360): NetworkTimeUpdateService
I/SystemServer(  360): CommonTimeManagementService
I/SystemServer(  360): CertBlacklister
I/SystemServer(  360): Dreams Service
I/SystemServer(  360): Assets Atlas Service
I/SystemServer(  360): IdleMaintenanceService
I/SystemServer(  360): Print Service
D/Atlas   (  360): Computing best atlas configuration...
D/Atlas   (  360): Running Thread-50
I/WindowManager(  360): SAFE MODE not enabled
I/SystemServer(  360): Media Router Service
D/Atlas   (  360): Found best atlas configuration in 0.07s
D/Atlas   (  360): Loaded configuration: SliceMinArea (768x768) flags=0x2 count=24
D/gralloc_goldfish(  360): Emulator without GPU emulation detected.
E/SQLiteLog(  360): (1) no such table: locksettings
D/dalvikvm(  360): GC_CONCURRENT freed 322K, 62% free 4953K/12940K, paused 6ms+4ms, total 165ms
W/AssetAtlasService(  360): Could not find EGL configuration
D/Atlas   (  360): Rendered atlas in 20.04ms (5.96+14.09ms)
I/LockSettingsService(  360): Migrated lock settings to new location
I/LockSettingsService(  360): Migrated per-user lock settings to new location
I/Zygote  (  360): Process: zygote socket opened
V/KeyguardServiceDelegate(  360): *** Keyguard started
V/KeyguardServiceDelegate(  360): onSystemReady() called before keyguard service was ready
I/ActivityManager(  360): Start proc com.android.systemui for service com.android.keyguard/.KeyguardService: pid=443 uid=10007 gids={50007, 1028, 1015, 1035, 3002, 3001}
F/SystemServer(  360): BOOT FAILURE making Package Manager Service ready
F/SystemServer(  360): java.lang.SecurityException: Unable to find app for caller android.app.ActivityThread$ApplicationThread@b31bc100 (pid=360) when registering receiver android.app.LoadedApk$ReceiverDispatcher$InnerReceiver@b31fde38
F/SystemServer(  360): 	at com.android.server.am.ActivityManagerService.registerReceiver(ActivityManagerService.java:13021)
F/SystemServer(  360): 	at android.app.ContextImpl.registerReceiverInternal(ContextImpl.java:1450)
F/SystemServer(  360): 	at android.app.ContextImpl.registerReceiverAsUser(ContextImpl.java:1425)
F/SystemServer(  360): 	at com.android.internal.content.PackageMonitor.register(PackageMonitor.java:84)
F/SystemServer(  360): 	at com.android.server.pm.UserManagerService.systemReady(UserManagerService.java:237)
F/SystemServer(  360): 	at com.android.server.pm.PackageManagerService.systemReady(PackageManagerService.java:10476)
F/SystemServer(  360): 	at com.android.server.ServerThread.initAndLoop(SystemServer.java:893)
F/SystemServer(  360): 	at com.android.server.SystemServer.main(SystemServer.java:1179)
F/SystemServer(  360): 	at java.lang.reflect.Method.invokeNative(Native Method)
F/SystemServer(  360): 	at java.lang.reflect.Method.invoke(Method.java:515)
F/SystemServer(  360): 	at com.android.internal.os.ZygoteInit$MethodAndArgsCaller.run(ZygoteInit.java:785)
F/SystemServer(  360): 	at com.android.internal.os.ZygoteInit.main(ZygoteInit.java:601)
F/SystemServer(  360): 	at dalvik.system.NativeStart.main(Native Method)
W/SystemServer(  360): ***********************************************
I/ActivityManager(  360): Sending system update to ComponentInfo{com.android.providers.calendar/com.android.providers.calendar.CalendarUpgradeReceiver} for user 0
I/ActivityManager(  360): Sending system update to ComponentInfo{com.android.providers.contacts/com.android.providers.contacts.ContactsUpgradeReceiver} for user 0
I/ActivityManager(  360): Sending system update to ComponentInfo{com.android.providers.media/com.android.providers.media.MediaUpgradeReceiver} for user 0
I/SystemServer(  360): Enabled StrictMode for system server main thread.
I/ActivityManager(  360): Start proc com.android.providers.calendar for broadcast com.android.providers.calendar/.CalendarUpgradeReceiver: pid=454 uid=10001 gids={50001, 3003, 1028, 1015}
I/Choreographer(  360): Skipped 44 frames!  The application may be doing too much work on its main thread.
W/InputMethodManagerService(  360): Focus gain on non-focused client android.view.inputmethod.InputMethodManager$1@b2e43f90 (uid=1000 pid=360)
V/BackupManagerService(  360): Connected to transport ComponentInfo{android/com.android.internal.backup.LocalTransportService}
V/BackupManagerService(  360): Registering transport android/com.android.internal.backup.LocalTransportService::android/com.android.internal.backup.LocalTransport = com.android.internal.backup.LocalTransport@b2d75048
I/ActivityManager(  360): Launching preboot mode app: ProcessRecord{b3272fb8 454:com.android.providers.calendar/u0a1}
E/SoundPool(  443): error loading /system/media/audio/ui/Lock.ogg
W/KeyguardViewMediator(  443): failed to load lock sound from /system/media/audio/ui/Lock.ogg
E/SoundPool(  443): error loading /system/media/audio/ui/Unlock.ogg
W/KeyguardViewMediator(  443): failed to load unlock sound from /system/media/audio/ui/Unlock.ogg
V/KeyguardService(  443): onCreate()
V/KeyguardServiceDelegate(  360): *** Keyguard connected (yay!)
V/KeyguardServiceDelegate(  360): **** SHOWN CALLED ****
I/ActivityManager(  360): Start proc android.process.acore for broadcast com.android.providers.contacts/.ContactsUpgradeReceiver: pid=473 uid=10002 gids={50002, 3003, 1028, 1015}
D/dalvikvm(  360): GC_CONCURRENT freed 337K, 61% free 5110K/12940K, paused 26ms+4ms, total 134ms
I/ActivityManager(  360): Launching preboot mode app: ProcessRecord{b3559240 473:android.process.acore/u0a2}
I/ContactsUpgradeReceiver(  473): Creating or opening contacts database
D/dalvikvm(  473): GC_CONCURRENT freed 390K, 15% free 2808K/3268K, paused 5ms+3ms, total 63ms
I/ContactsDatabaseHelper(  473): Bootstrapping database version: 803
D/dalvikvm(  473): GC_CONCURRENT freed 327K, 13% free 2874K/3272K, paused 3ms+4ms, total 30ms
I/ContactsProviderV1(  473): Bootstrapping database legacy support
I/ContactsDatabaseHelper(  473): Bootstrapping database version: 803
D/dalvikvm(  473): GC_CONCURRENT freed 332K, 12% free 2933K/3332K, paused 4ms+4ms, total 31ms
I/ContactsProviderV1(  473): Bootstrapping database legacy support
I/ContactsProvider(  473): Locale has changed from null to en_US
I/ContactsDatabaseHelper(  473): Switching to locale en_US (ICU v51.1.0.1)
D/dalvikvm(  473): GC_CONCURRENT freed 351K, 12% free 3021K/3432K, paused 4ms+3ms, total 41ms
I/ContactsDatabaseHelper(  473): Locale change completed in 513ms
I/ContactsDatabaseHelper(  473): Switching to locale en_US (ICU v51.1.0.1)
D/dalvikvm(  473): GC_CONCURRENT freed 358K, 13% free 3058K/3488K, paused 4ms+12ms, total 43ms
I/ContactsDatabaseHelper(  473): Locale change completed in 484ms
I/ActivityManager(  360): Start proc android.process.media for broadcast com.android.providers.media/.MediaUpgradeReceiver: pid=491 uid=10005 gids={50005, 1028, 1015, 1023, 1024, 2001, 3003, 3007}
I/ActivityManager(  360): Launching preboot mode app: ProcessRecord{b34f4918 491:android.process.media/u0a5}
I/ActivityManager(  360): Writing new set of last done pre-boot receivers...
I/ActivityManager(  360): Removing system update proc: ProcessRecord{b3272fb8 454:com.android.providers.calendar/u0a1}
I/ActivityManager(  360): Killing 454:com.android.providers.calendar/u0a1 (adj 13): system update done
I/ActivityManager(  360): Removing system update proc: ProcessRecord{b3559240 473:android.process.acore/u0a2}
I/ActivityManager(  360): Killing 473:android.process.acore/u0a2 (adj 11): system update done
I/ActivityManager(  360): Removing system update proc: ProcessRecord{b34f4918 491:android.process.media/u0a5}
I/ActivityManager(  360): Killing 491:android.process.media/u0a5 (adj 9): system update done
I/ActivityManager(  360): System now ready
I/SystemServer(  360): Making services ready
D/NetworkManagementService(  360): enabling bandwidth control
I/Vold    (   52): /dev/block/vold/179:0 being considered for volume sdcard
D/Vold    (   52): Volume sdcard state changing 1 (Idle-Unmounted) -> 3 (Checking)
D/MountService(  360): volume state changed for /storage/sdcard (unmounted -> checking)
D/MountService(  360): sendStorageIntent Intent { act=android.intent.action.MEDIA_CHECKING dat=file:///storage/sdcard (has extras) } to UserHandle{-1}
I/fsck_msdos(   52): ** /dev/block/vold/179:0
I/fsck_msdos(   52): Invalid signature in fsinfo block
I/fsck_msdos(   52): FIXED
I/fsck_msdos(   52): ** Phase 1 - Read and Compare FATs
I/fsck_msdos(   52): Attempting to allocate 794 KB for FAT
D/SystemUIService(  443): loading: class com.android.systemui.recent.Recents
D/SystemUIService(  443): running: com.android.systemui.recent.Recents@b2d71010
D/SystemUIService(  443): loading: class com.android.systemui.statusbar.SystemBars
D/SystemUIService(  443): running: com.android.systemui.statusbar.SystemBars@b2d715f8
D/SystemUIService(  443): loading: class com.android.systemui.usb.StorageNotification
D/SystemUIService(  443): running: com.android.systemui.usb.StorageNotification@b2d73348
D/dalvikvm(  360): GC_CONCURRENT freed 405K, 60% free 5225K/12940K, paused 8ms+54ms, total 291ms
D/SystemUIService(  443): loading: class com.android.systemui.power.PowerUI
D/SystemUIService(  443): running: com.android.systemui.power.PowerUI@b2d74c00
D/SystemUIService(  443): loading: class com.android.systemui.media.RingtonePlayer
D/SystemUIService(  443): running: com.android.systemui.media.RingtonePlayer@b2d759e0
D/SystemUIService(  443): loading: class com.android.systemui.settings.SettingsUI
D/SystemUIService(  443): running: com.android.systemui.settings.SettingsUI@b2d76cc8
I/fsck_msdos(   52): Attempting to allocate 794 KB for FAT
I/StatusBarManagerService(  360): registerStatusBar bar=com.android.internal.statusbar.IStatusBar$Stub$Proxy@b35e1ec8
D/PhoneStatusBar(  443): mSettingsPanelGravity = 55
I/fsck_msdos(   52): ** Phase 2 - Check Cluster Chains
I/fsck_msdos(   52): ** Phase 3 - Checking Directories
I/fsck_msdos(   52): ** Phase 4 - Checking for Lost Files
I/fsck_msdos(   52): Free space in FSInfo block (201592) not correct (201591)
I/fsck_msdos(   52): FIXED
I/fsck_msdos(   52): 1 files, 100795 free (201591 clusters)
I/Vold    (   52): Filesystem check completed OK
D/dalvikvm(  443): GC_CONCURRENT freed 282K, 12% free 2826K/3176K, paused 4ms+4ms, total 246ms
W/Vold    (   52): blkid failed to identify /dev/block/vold/179:0
D/Vold    (   52): Volume sdcard state changing 3 (Checking) -> 4 (Mounted)
I/PackageManager(  360): Updating external media status from unmounted to mounted
D/MountService(  360): volume state changed for /storage/sdcard (checking -> mounted)
D/MountService(  360): sendStorageIntent Intent { act=android.intent.action.MEDIA_MOUNTED dat=file:///storage/sdcard (has extras) } to UserHandle{-1}
E/VoldConnector(  360): NDC Command {3 volume mount /storage/sdcard} took too long (999ms)
D/dalvikvm(  443): GC_FOR_ALLOC freed 36K, 8% free 2948K/3176K, paused 26ms, total 36ms
E/BluetoothAdapter(  443): Bluetooth binder is null
E/BluetoothAdapter(  443): Bluetooth binder is null
I/PackageManager(  360): No secure containers on sdcard
D/dalvikvm(  443): GC_CONCURRENT freed 52K, 5% free 3301K/3452K, paused 4ms+2ms, total 59ms
W/PackageManager(  360): Not granting permission android.permission.GLOBAL_SEARCH to package com.android.quicksearchbox (protectionLevel=18 flags=0x88be45)
W/PackageManager(  360): Unknown permission com.android.smspush.WAPPUSH_MANAGER_BIND in package com.android.phone
W/PackageManager(  360): Unknown permission com.google.android.googleapps.permission.GOOGLE_AUTH in package com.android.providers.calendar
W/PackageManager(  360): Unknown permission com.google.android.googleapps.permission.GOOGLE_AUTH.cl in package com.android.providers.calendar
W/PackageManager(  360): Unknown permission com.google.android.googleapps.permission.GOOGLE_AUTH.mail in package com.android.calendar
W/PackageManager(  360): Not granting permission android.permission.ACCESS_DOWNLOAD_MANAGER to package com.android.browser (protectionLevel=18 flags=0x89be45)
W/PackageManager(  360): Not granting permission android.permission.SEND_DOWNLOAD_COMPLETED_INTENTS to package com.android.browser (protectionLevel=2 flags=0x89be45)
W/PackageManager(  360): Not granting permission android.permission.BIND_APPWIDGET to package com.android.widgetpreview (protectionLevel=18 flags=0x8be44)
W/PackageManager(  360): Unknown permission android.permission.INSTALL_DRM in package com.android.mms
W/PackageManager(  360): Unknown permission com.google.android.googleapps.permission.GOOGLE_AUTH in package com.android.settings
W/PackageManager(  360): Unknown permission com.google.android.googleapps.permission.ACCESS_GOOGLE_PASSWORD in package com.android.development
W/PackageManager(  360): Unknown permission com.google.android.googleapps.permission.GOOGLE_AUTH in package com.android.development
W/PackageManager(  360): Unknown permission com.google.android.googleapps.permission.GOOGLE_AUTH.ALL_SERVICES in package com.android.development
W/PackageManager(  360): Unknown permission com.google.android.googleapps.permission.GOOGLE_AUTH.YouTubeUser in package com.android.development
W/PackageManager(  360): Not granting permission android.permission.DELETE_PACKAGES to package com.svox.pico (protectionLevel=18 flags=0x88be45)
W/PackageManager(  360): Not granting permission android.permission.DEVICE_POWER to package com.android.deskclock (protectionLevel=2 flags=0xc8be45)
E/BluetoothAdapter(  443): Bluetooth binder is null
E/BluetoothAdapter(  443): Bluetooth binder is null
I/ActivityManager(  360): Start proc android.process.acore for content provider com.android.providers.contacts/.ContactsProvider2: pid=540 uid=10002 gids={50002, 3003, 1028, 1015}
E/NetdConnector(  360): NDC Command {1 bandwidth enable} took too long (3027ms)
D/PhoneStatusBar(  443): disable: < expand icons alerts ticker system_info back home recent clock search >
E/BluetoothAdapter(  443): Bluetooth binder is null
D/PhoneStatusBar(  443): heads up is disabled
I/Choreographer(  443): Skipped 452 frames!  The application may be doing too much work on its main thread.
E/NetdConnector(  360): NDC Command {2 firewall disable} took too long (659ms)
D/dalvikvm(  360): GC_CONCURRENT freed 629K, 61% free 5127K/12940K, paused 14ms+3ms, total 342ms
D/dalvikvm(  443): GC_CONCURRENT freed 142K, 6% free 3550K/3760K, paused 14ms+44ms, total 146ms
I/Choreographer(  443): Skipped 274 frames!  The application may be doing too much work on its main thread.
D/gralloc_goldfish(  443): Emulator without GPU emulation detected.
D/dalvikvm(  540): GC_CONCURRENT freed 199K, 9% free 2929K/3196K, paused 17ms+27ms, total 150ms
I/Choreographer(  443): Skipped 79 frames!  The application may be doing too much work on its main thread.
E/NetdConnector(  360): NDC Command {5 firewall disable} took too long (513ms)
I/ActivityManager(  360): Config changes=200 {1.0 ?mcc?mnc en_US ldltr sw480dp w480dp h839dp 160dpi lrg long port finger -keyb/h/h tball/v s.4}
W/RecognitionManagerService(  360): no available voice recognition services found for user 0
D/PhoneStatusBar(  443): mSettingsPanelGravity = 55
W/AppWidgetServiceImpl(  360): Failed to read state: java.io.FileNotFoundException: /data/system/users/0/appwidgets.xml: open failed: ENOENT (No such file or directory)
W/InputMethodManagerService(  360): Ignoring setImeWindowStatus of uid 1000 token: null
W/InputMethodUtils(  360): Found no subtypes in a system IME: com.android.inputmethod.pinyin
W/InputMethodManagerService(  360): Reset the default IME as "Resource" is ready here.
W/InputMethodUtils(  360): Found no subtypes in a system IME: com.android.inputmethod.pinyin
I/InputMethodManagerService(  360): Selected default: com.android.inputmethod.latin/.LatinIME
I/ActivityManager(  360): Config changes=20 {1.0 ?mcc?mnc en_US ldltr sw480dp w480dp h839dp 160dpi lrg long port finger -keyb/v/h tball/v s.5}
I/ActivityManager(  360): Start proc com.android.inputmethod.latin for service com.android.inputmethod.latin/.LatinIME: pid=580 uid=10029 gids={50029, 1028, 1015}
V/InputMethodManagerService(  360): Adding window token: android.os.Binder@b3243ba8
W/InputMethodManagerService(  360): Illegal subtype state: old subtype = null, new subtype = android.view.inputmethod.InputMethodSubtype@c9194f98
W/GpsLocationProvider(  360): Could not open GPS configuration file /etc/gps.conf
W/ServiceWatcher(  360): com.google.android.location not found
W/ServiceWatcher(  360): com.google.android.location not found
W/ServiceWatcher(  360): com.google.android.location not found
W/LocationManagerService(  360): no network location provider found
W/ServiceWatcher(  360): com.google.android.location not found
E/FlpHardwareProvider(  360): Error hw_get_module 'flp': -2
W/ServiceWatcher(  360): com.google.android.location not found
E/FlpHardwareProvider(  360): Error hw_get_module 'flp': -2
W/ServiceWatcher(  360): com.google.android.location not found
E/LocationManagerService(  360): no geocoder provider found
E/LocationManagerService(  360): No FusedProvider found.
D/dalvikvm(  443): GC_FOR_ALLOC freed 95K, 6% free 3558K/3760K, paused 156ms, total 158ms
E/LocationManagerService(  360): no geofence provider found
I/CommonTimeManagementService(  360): No common time service detected on this platform.  Common time services will be unavailable.
I/dalvikvm-heap(  443): Grow heap (frag case) to 6.467MB for 3072016-byte allocation
D/dalvikvm(  443): GC_FOR_ALLOC freed 4K, 4% free 6554K/6764K, paused 66ms, total 66ms
D/dalvikvm(  443): GC_CONCURRENT freed 0K, 4% free 6555K/6764K, paused 4ms+62ms, total 100ms
D/dalvikvm(  360): GC_CONCURRENT freed 457K, 60% free 5279K/12940K, paused 6ms+55ms, total 336ms
D/dalvikvm(  360): WAIT_FOR_CONCURRENT_GC blocked 194ms
D/dalvikvm(  360): WAIT_FOR_CONCURRENT_GC blocked 205ms
D/dalvikvm(  360): WAIT_FOR_CONCURRENT_GC blocked 226ms
I/InputReader(  360): Reconfiguring input devices.  changes=0x00000020
D/dalvikvm(  360): WAIT_FOR_CONCURRENT_GC blocked 226ms
I/InputReader(  360): Reconfiguring input devices.  changes=0x00000010
I/ActivityManager(  360): Start proc com.android.phone for added application com.android.phone: pid=596 uid=1001 gids={41001, 3002, 3001, 3003, 1028, 1015}
I/ActivityManager(  360): START u0 {act=android.intent.action.MAIN cat=[android.intent.category.HOME] flg=0x10000000 cmp=com.android.settings/.CryptKeeper} from pid 0
I/ActivityManager(  360): Start proc com.android.settings for activity com.android.settings/.CryptKeeper: pid=603 uid=1000 gids={41000, 1028, 1015, 3002, 3001, 3003}
I/ActivityManager(  360): Start proc android.process.media for broadcast com.android.providers.downloads/.DownloadReceiver: pid=616 uid=10005 gids={50005, 1028, 1015, 1023, 1024, 2001, 3003, 3007}
D/dalvikvm(   58): GC_EXPLICIT freed 38K, 4% free 2705K/2812K, paused 3ms+2ms, total 48ms
D/dalvikvm(   58): GC_EXPLICIT freed <1K, 4% free 2705K/2812K, paused 13ms+2ms, total 53ms
D/dalvikvm(   58): GC_EXPLICIT freed <1K, 4% free 2705K/2812K, paused 2ms+2ms, total 43ms
D/dalvikvm(  443): GC_FOR_ALLOC freed 3003K, 6% free 3560K/3760K, paused 77ms, total 78ms
I/dalvikvm-heap(  443): Grow heap (frag case) to 6.469MB for 3072016-byte allocation
D/dalvikvm(  443): GC_FOR_ALLOC freed <1K, 4% free 6559K/6764K, paused 107ms, total 107ms
D/dalvikvm(  443): GC_CONCURRENT freed <1K, 4% free 6560K/6764K, paused 5ms+53ms, total 101ms
I/LatinIME(  580): Hardware accelerated drawing: true
D/dalvikvm(  360): WAIT_FOR_CONCURRENT_GC blocked 1515ms
D/dalvikvm(  360): WAIT_FOR_CONCURRENT_GC blocked 1516ms
W/WindowManager(  360): Window freeze timeout expired.
W/WindowManager(  360): Force clearing orientation change: Window{b2ffba30 u0 StatusBar}
W/WindowManager(  360): Force clearing orientation change: Window{b308a9d8 u0 com.android.systemui.ImageWallpaper}
D/PhoneStatusBar(  443): mSettingsPanelGravity = 55
D/dalvikvm(  360): GC_CONCURRENT freed 526K, 59% free 5372K/12940K, paused 36ms+4ms, total 202ms
I/FusedLocation(  360): engine started (com.android.location.fused)
W/InputAttributes(  580): No editor info for this field. Bug?
I/ActivityManager(  360): Start proc com.android.printspooler for service com.android.printspooler/.PrintSpoolerService: pid=638 uid=10039 gids={50039}
I/ActivityManager(  360): START u0 {act=android.intent.action.MAIN cat=[android.intent.category.HOME] flg=0x10000000 cmp=com.android.sdksetup/.DefaultActivity} from pid 0
I/ActivityManager(  360): Start proc com.android.sdksetup for activity com.android.sdksetup/.DefaultActivity: pid=648 uid=10042 gids={50042}
V/StatusBar(  443): userId 0 is in the house
I/Choreographer(  443): Skipped 112 frames!  The application may be doing too much work on its main thread.
I/ResourceUtils(  580): Found default value: resource=keypress_vibration_durations build=[HARDWARE=goldfish MODEL=sdk BRAND=generic MANUFACTURER=unknown] default=-1
D/dalvikvm(  580): GC_CONCURRENT freed 224K, 10% free 2897K/3188K, paused 50ms+63ms, total 265ms
I/ResourceUtils(  580): Found default value: resource=keypress_volumes build=[HARDWARE=goldfish MODEL=sdk BRAND=generic MANUFACTURER=unknown] default=-1.0f
I/Choreographer(  443): Skipped 59 frames!  The application may be doing too much work on its main thread.
I/LatinIME:LogUtils(  580): Dictionary info: dictionary = UserHistoryDictionary.en_US.dic ; version = ? ; date = 1530157127
I/LatinIME:LogUtils(  580): Dictionary info: dictionary = personalization.en_US.dict ; version = ? ; date = 1530157127
I/LatinIME:LogUtils(  580): Dictionary info: dictionary = PersonalizationPredictionDictio ; version = ? ; date = 1530157127
I/PrintSpoolerService(  638): No existing print spooler state.
I/PackageManager(  360):   Action: "android.intent.action.SENDTO"
I/PackageManager(  360):   Category: "android.intent.category.DEFAULT"
I/PackageManager(  360):   Scheme: "sms"
W/BackupManagerService(  360): dataChanged but no participant pkg='com.android.providers.settings' uid=1001
I/PackageManager(  360): Adding preferred activity ComponentInfo{com.android.mms/com.android.mms.ui.ComposeMessageActivity} for user 0 :
D/dalvikvm(  596): GC_CONCURRENT freed 181K, 8% free 2930K/3180K, paused 14ms+49ms, total 253ms
I/PackageManager(  360):   Action: "android.intent.action.SENDTO"
I/PackageManager(  360):   Category: "android.intent.category.DEFAULT"
I/PackageManager(  360):   Scheme: "smsto"
I/PackageManager(  360): Adding preferred activity ComponentInfo{com.android.mms/com.android.mms.ui.ComposeMessageActivity} for user 0 :
I/ActivityManager(  360): Force stopping com.android.sdksetup appid=10042 user=0: pkg changed
I/ActivityManager(  360): Killing 648:com.android.sdksetup/u0a42 (adj 0): stop com.android.sdksetup
I/ActivityManager(  360):   Force finishing activity ActivityRecord{b323ebe8 u0 com.android.sdksetup/.DefaultActivity t2}
I/ActivityManager(  360): START u0 {act=android.intent.action.MAIN cat=[android.intent.category.HOME] flg=0x10000000 cmp=com.android.launcher/com.android.launcher2.Launcher} from pid 0
I/PackageManager(  360):   Action: "android.intent.action.SENDTO"
I/PackageManager(  360):   Category: "android.intent.category.DEFAULT"
I/PackageManager(  360):   Scheme: "mms"
I/PackageManager(  360): Adding preferred activity ComponentInfo{com.android.mms/com.android.mms.ui.ComposeMessageActivity} for user 0 :
I/PackageManager(  360):   Action: "android.intent.action.SENDTO"
I/PackageManager(  360):   Category: "android.intent.category.DEFAULT"
I/PackageManager(  360):   Scheme: "mmsto"
I/PackageManager(  360): Adding preferred activity ComponentInfo{com.android.mms/com.android.mms.ui.ComposeMessageActivity} for user 0 :
I/ActivityManager(  360): Start proc com.android.launcher for activity com.android.launcher/com.android.launcher2.Launcher: pid=682 uid=10008 gids={50008}
I/PackageManager(  360):   Action: "android.intent.action.SENDTO"
I/PackageManager(  360):   Category: "android.intent.category.DEFAULT"
I/PackageManager(  360):   Scheme: "sms"
I/PackageManager(  360): Adding preferred activity ComponentInfo{com.android.mms/com.android.mms.ui.ComposeMessageActivity} for user 0 :
D/dalvikvm(  360): GC_CONCURRENT freed 604K, 58% free 5438K/12940K, paused 26ms+5ms, total 343ms
D/dalvikvm(  360): WAIT_FOR_CONCURRENT_GC blocked 124ms
I/PackageManager(  360):   Action: "android.intent.action.SENDTO"
I/PackageManager(  360):   Category: "android.intent.category.DEFAULT"
I/PackageManager(  360):   Scheme: "smsto"
I/PackageManager(  360): Adding preferred activity ComponentInfo{com.android.mms/com.android.mms.ui.ComposeMessageActivity} for user 0 :
I/PackageManager(  360):   Action: "android.intent.action.SENDTO"
I/PackageManager(  360):   Category: "android.intent.category.DEFAULT"
I/PackageManager(  360):   Scheme: "mms"
I/PackageManager(  360): Adding preferred activity ComponentInfo{com.android.mms/com.android.mms.ui.ComposeMessageActivity} for user 0 :
I/PackageManager(  360):   Action: "android.intent.action.SENDTO"
I/PackageManager(  360):   Category: "android.intent.category.DEFAULT"
I/PackageManager(  360):   Scheme: "mmsto"
I/PackageManager(  360): Adding preferred activity ComponentInfo{com.android.mms/com.android.mms.ui.ComposeMessageActivity} for user 0 :
E/BluetoothAdapter(  596): Bluetooth binder is null
D/dalvikvm(  580): GC_CONCURRENT freed 359K, 13% free 2948K/3376K, paused 9ms+8ms, total 58ms
D/dalvikvm(  580): GC_CONCURRENT freed 433K, 16% free 2971K/3516K, paused 4ms+21ms, total 53ms
D/dalvikvm(  580): WAIT_FOR_CONCURRENT_GC blocked 6ms
I/FusedLocation(  360): engine stopped (com.android.location.fused)
I/FusedLocation(  360): engine started (com.android.location.fused)
E/BluetoothAdapter(  596): Bluetooth binder is null
D/CallNotifier(  596): CallNotifier: mSignalInfoToneGenerator created when toneplay
E/BluetoothAdapter(  596): Bluetooth binder is null
I/InputReader(  360): Reconfiguring input devices.  changes=0x00000010
I/LatinIME:LogUtils(  580): Dictionary info: dictionary = userunigram.en_US.dict ; version = ? ; date = ?
