W/ActivityManager(  360): Unable to start service Intent { cmp=com.android.email/.service.AttachmentDownloadService } U=0: not found
I/Email   (  965): Observing account changes for notifications
W/ActivityManager(  360): Unable to start service Intent { cmp=com.android.email/.service.AttachmentDownloadService } U=0: not found
W/ActivityManager(  360): No content provider found for permission revoke: file:///data/local/tmp/sample_for_analysis.apk
I/PackageManager(  360): Copying native libraries to /data/app-lib/vmdl273554456
I/ContactDirectoryManager(  540): deleted 0 stale rows which don't have any relevant directory
I/ContactDirectoryManager(  540): Discovered 0 contact directories in 5728ms
I/ContactsProvider(  540): Upgrading aggregation algorithm
I/ContactAggregator(  540): Marked all visible contacts for aggregation: 0 raw contacts, 15 ms
I/ContactsProvider(  540): Aggregation algorithm upgraded for 0 raw contacts in 42ms
I/ContactsFTS(  540): Rebuild contact search index in 199ms, 0 contacts
D/dalvikvm(  360): GC_CONCURRENT freed 328K, 55% free 5880K/12940K, paused 16ms+20ms, total 144ms
D/ConnectivityService(  360): [CheckMp] isMobileOk: too many loops tried - giving up
D/ConnectivityService(  360): [CheckMp] isMobileOk: X loops|timed out result=0
D/ConnectivityService(  360): [CheckMp] isMobileOk: F stop hipri
D/MobileDataStateTracker(  360): default: setEnableFailFastMobileData(enabled=0)
D/dalvikvm(  360): GC_CONCURRENT freed 206K, 51% free 6432K/12940K, paused 16ms+7ms, total 117ms
D/dalvikvm(  360): GC_CONCURRENT freed 579K, 49% free 6718K/12940K, paused 6ms+5ms, total 67ms
D/dalvikvm(  360): WAIT_FOR_CONCURRENT_GC blocked 49ms
D/dalvikvm(  360): GC_FOR_ALLOC freed 218K, 47% free 6880K/12940K, paused 54ms, total 55ms
I/dalvikvm-heap(  360): Grow heap (frag case) to 7.289MB for 521874-byte allocation
D/dalvikvm(  360): GC_FOR_ALLOC freed 254K, 47% free 7135K/13452K, paused 54ms, total 54ms
D/dalvikvm(  360): GC_FOR_ALLOC freed 755K, 47% free 7237K/13452K, paused 55ms, total 55ms
D/dalvikvm(  360): GC_CONCURRENT freed 817K, 45% free 7526K/13452K, paused 7ms+4ms, total 66ms
D/dalvikvm(  360): WAIT_FOR_CONCURRENT_GC blocked 48ms
D/dalvikvm(  360): GC_FOR_ALLOC freed 442K, 42% free 7848K/13452K, paused 54ms, total 55ms
I/dalvikvm-heap(  360): Grow heap (frag case) to 8.083MB for 364064-byte allocation
D/dalvikvm(  360): GC_FOR_ALLOC freed 510K, 45% free 7693K/13808K, paused 56ms, total 56ms
D/dalvikvm(  360): GC_CONCURRENT freed 344K, 39% free 8495K/13808K, paused 7ms+6ms, total 80ms
D/dalvikvm(  360): GC_CONCURRENT freed 414K, 32% free 9450K/13808K, paused 6ms+7ms, total 97ms
D/dalvikvm(  360): GC_CONCURRENT freed 1120K, 29% free 9917K/13808K, paused 8ms+15ms, total 108ms
D/dalvikvm(  360): GC_CONCURRENT freed 548K, 20% free 11096K/13808K, paused 7ms+6ms, total 113ms
D/dalvikvm(  360): GC_CONCURRENT freed 2770K, 26% free 10354K/13808K, paused 7ms+7ms, total 159ms
D/dalvikvm(  360): GC_CONCURRENT freed 1891K, 26% free 10312K/13808K, paused 7ms+5ms, total 99ms
D/dalvikvm(  360): GC_CONCURRENT freed 1826K, 26% free 10315K/13808K, paused 6ms+5ms, total 99ms
D/dalvikvm(  360): GC_CONCURRENT freed 1817K, 25% free 10383K/13808K, paused 6ms+7ms, total 115ms
D/dalvikvm(  360): GC_CONCURRENT freed 1908K, 26% free 10347K/13808K, paused 8ms+6ms, total 109ms
D/dalvikvm(  360): GC_CONCURRENT freed 1826K, 25% free 10365K/13808K, paused 7ms+5ms, total 99ms
D/dalvikvm(  360): GC_CONCURRENT freed 1834K, 25% free 10367K/13808K, paused 7ms+6ms, total 100ms
D/dalvikvm(  360): GC_CONCURRENT freed 1841K, 25% free 10419K/13808K, paused 7ms+6ms, total 112ms
D/dalvikvm(  360): GC_CONCURRENT freed 1874K, 25% free 10454K/13808K, paused 6ms+7ms, total 111ms
D/dalvikvm(  360): GC_CONCURRENT freed 1919K, 25% free 10399K/13808K, paused 7ms+5ms, total 108ms
D/dalvikvm(  360): GC_CONCURRENT freed 1827K, 25% free 10466K/13808K, paused 6ms+6ms, total 112ms
D/dalvikvm(  360): GC_CONCURRENT freed 1901K, 25% free 10428K/13808K, paused 7ms+8ms, total 106ms
D/dalvikvm(  360): GC_CONCURRENT freed 1844K, 25% free 10437K/13808K, paused 7ms+7ms, total 103ms
D/dalvikvm(  360): GC_CONCURRENT freed 1812K, 25% free 10447K/13808K, paused 7ms+5ms, total 99ms
D/dalvikvm(  360): GC_CONCURRENT freed 1845K, 25% free 10466K/13808K, paused 6ms+5ms, total 100ms
D/dalvikvm(  360): GC_CONCURRENT freed 1861K, 24% free 10526K/13808K, paused 7ms+7ms, total 119ms
D/dalvikvm(  360): GC_CONCURRENT freed 1914K, 24% free 10494K/13808K, paused 6ms+5ms, total 113ms
D/dalvikvm(  360): GC_CONCURRENT freed 1849K, 24% free 10564K/13808K, paused 6ms+7ms, total 115ms
D/dalvikvm(  360): GC_CONCURRENT freed 1925K, 24% free 10525K/13808K, paused 7ms+9ms, total 110ms
D/dalvikvm(  360): GC_CONCURRENT freed 1866K, 24% free 10533K/13808K, paused 6ms+6ms, total 108ms
I/PackageManager(  360): Running dexopt on: com.u2opia.woo
W/dalvikvm( 1001): method Landroid/support/v7/widget/ListViewCompat;.lookForSelectablePosition incorrectly overrides package-private method with same name in Landroid/widget/ListView;
D/dalvikvm( 1001): DexOpt: couldn't find field Landroid/os/Message;.sendingUid
D/dalvikvm( 1001): DexOpt: load 1137ms, verify+opt 5568ms, 6321596 bytes
W/PackageManager(  360): Not granting permission android.permission.GLOBAL_SEARCH to package com.android.quicksearchbox (protectionLevel=18 flags=0x88be45)
W/PackageManager(  360): Unknown permission com.android.smspush.WAPPUSH_MANAGER_BIND in package com.android.phone
W/PackageManager(  360): Unknown permission com.google.android.googleapps.permission.GOOGLE_AUTH in package com.android.providers.calendar
W/PackageManager(  360): Unknown permission com.google.android.googleapps.permission.GOOGLE_AUTH.cl in package com.android.providers.calendar
W/PackageManager(  360): Unknown permission com.google.android.googleapps.permission.GOOGLE_AUTH.mail in package com.android.calendar
W/PackageManager(  360): Not granting permission android.permission.ACCESS_DOWNLOAD_MANAGER to package com.android.browser (protectionLevel=18 flags=0x89be45)
W/PackageManager(  360): Not granting permission android.permission.SEND_DOWNLOAD_COMPLETED_INTENTS to package com.android.browser (protectionLevel=2 flags=0x89be45)
W/PackageManager(  360): Not granting permission android.permission.BIND_APPWIDGET to package com.android.widgetpreview (protectionLevel=18 flags=0x8be44)
W/PackageManager(  360): Unknown permission android.permission.INSTALL_DRM in package com.android.mms
W/PackageManager(  360): Unknown permission com.google.android.googleapps.permission.GOOGLE_AUTH in package com.android.settings
W/PackageManager(  360): Unknown permission com.google.android.googleapps.permission.ACCESS_GOOGLE_PASSWORD in package com.android.development
W/PackageManager(  360): Unknown permission com.google.android.googleapps.permission.GOOGLE_AUTH in package com.android.development
W/PackageManager(  360): Unknown permission com.google.android.googleapps.permission.GOOGLE_AUTH.ALL_SERVICES in package com.android.development
W/PackageManager(  360): Unknown permission com.google.android.googleapps.permission.GOOGLE_AUTH.YouTubeUser in package com.android.development
W/PackageManager(  360): Not granting permission android.permission.DELETE_PACKAGES to package com.svox.pico (protectionLevel=18 flags=0x88be45)
W/PackageManager(  360): Not granting permission android.permission.DEVICE_POWER to package com.android.deskclock (protectionLevel=2 flags=0xc8be45)
W/PackageManager(  360): Unknown permission com.google.android.c2dm.permission.RECEIVE in package com.u2opia.woo
W/PackageManager(  360): Unknown permission com.android.vending.BILLING in package com.u2opia.woo
I/ActivityManager(  360): Waited long enough for: ServiceRecord{b342cad8 u0 com.android.music/.MediaPlaybackService}
I/ActivityManager(  360): Force stopping com.u2opia.woo appid=10052 user=-1: update pkg
D/ConnectivityService(  360): stopUsingNetworkFeature: teardown net 0: enableHIPRI
I/InputReader(  360): Reconfiguring input devices.  changes=0x00000010
D/dalvikvm(  596): GC_CONCURRENT freed 583K, 17% free 3317K/3968K, paused 80ms+3ms, total 135ms
D/dalvikvm(  596): WAIT_FOR_CONCURRENT_GC blocked 33ms
D/dalvikvm(  596): WAIT_FOR_CONCURRENT_GC blocked 26ms
I/PackageManager(  360):   Action: "android.intent.action.SENDTO"
I/PackageManager(  360):   Category: "android.intent.category.DEFAULT"
I/PackageManager(  360):   Scheme: "sms"
I/PackageManager(  360): Adding preferred activity ComponentInfo{com.android.mms/com.android.mms.ui.ComposeMessageActivity} for user 0 :
E/BluetoothAdapter(  360): Bluetooth binder is null
I/PackageManager(  360):   Action: "android.intent.action.SENDTO"
I/PackageManager(  360):   Category: "android.intent.category.DEFAULT"
I/PackageManager(  360):   Scheme: "smsto"
I/PackageManager(  360): Adding preferred activity ComponentInfo{com.android.mms/com.android.mms.ui.ComposeMessageActivity} for user 0 :
E/SoundPool(  360): error loading /system/media/audio/ui/Effect_Tick.ogg
W/AudioService(  360): Soundpool could not load file: /system/media/audio/ui/Effect_Tick.ogg
E/SoundPool(  360): error loading /system/media/audio/ui/Effect_Tick.ogg
W/AudioService(  360): Soundpool could not load file: /system/media/audio/ui/Effect_Tick.ogg
E/SoundPool(  360): error loading /system/media/audio/ui/Effect_Tick.ogg
W/AudioService(  360): Soundpool could not load file: /system/media/audio/ui/Effect_Tick.ogg
E/SoundPool(  360): error loading /system/media/audio/ui/Effect_Tick.ogg
W/AudioService(  360): Soundpool could not load file: /system/media/audio/ui/Effect_Tick.ogg
E/SoundPool(  360): error loading /system/media/audio/ui/Effect_Tick.ogg
W/AudioService(  360): Soundpool could not load file: /system/media/audio/ui/Effect_Tick.ogg
E/SoundPool(  360): error loading /system/media/audio/ui/KeypressStandard.ogg
W/AudioService(  360): Soundpool could not load file: /system/media/audio/ui/KeypressStandard.ogg
E/SoundPool(  360): error loading /system/media/audio/ui/KeypressSpacebar.ogg
W/AudioService(  360): Soundpool could not load file: /system/media/audio/ui/KeypressSpacebar.ogg
E/SoundPool(  360): error loading /system/media/audio/ui/KeypressDelete.ogg
W/AudioService(  360): Soundpool could not load file: /system/media/audio/ui/KeypressDelete.ogg
E/SoundPool(  360): error loading /system/media/audio/ui/KeypressReturn.ogg
W/AudioService(  360): Soundpool could not load file: /system/media/audio/ui/KeypressReturn.ogg
E/SoundPool(  360): error loading /system/media/audio/ui/KeypressInvalid.ogg
W/AudioService(  360): Soundpool could not load file: /system/media/audio/ui/KeypressInvalid.ogg
W/AudioService(  360): onLoadSoundEffects(), Error -1 while loading samples
E/BluetoothAdapter(  360): Bluetooth binder is null
I/PackageManager(  360):   Action: "android.intent.action.SENDTO"
I/PackageManager(  360):   Category: "android.intent.category.DEFAULT"
I/PackageManager(  360):   Scheme: "mms"
I/PackageManager(  360): Adding preferred activity ComponentInfo{com.android.mms/com.android.mms.ui.ComposeMessageActivity} for user 0 :
V/WiredAccessoryManager(  360): init()
I/PowerManagerService(  360): Boot animation finished.
I/PackageManager(  360):   Action: "android.intent.action.SENDTO"
I/PackageManager(  360):   Category: "android.intent.category.DEFAULT"
I/PackageManager(  360):   Scheme: "mmsto"
I/PackageManager(  360): Adding preferred activity ComponentInfo{com.android.mms/com.android.mms.ui.ComposeMessageActivity} for user 0 :
I/PackageManager(  360):   Action: "android.intent.action.SENDTO"
I/PackageManager(  360):   Category: "android.intent.category.DEFAULT"
I/PackageManager(  360):   Scheme: "sms"
I/PackageManager(  360): Adding preferred activity ComponentInfo{com.android.mms/com.android.mms.ui.ComposeMessageActivity} for user 0 :
I/PackageManager(  360):   Action: "android.intent.action.SENDTO"
I/PackageManager(  360):   Category: "android.intent.category.DEFAULT"
I/PackageManager(  360):   Scheme: "smsto"
I/PackageManager(  360): Adding preferred activity ComponentInfo{com.android.mms/com.android.mms.ui.ComposeMessageActivity} for user 0 :
D/dalvikvm(  596): GC_CONCURRENT freed 346K, 16% free 3365K/3968K, paused 31ms+2ms, total 77ms
D/dalvikvm(  360): GC_CONCURRENT freed 1853K, 18% free 10643K/12972K, paused 16ms+58ms, total 174ms
D/dalvikvm(  360): WAIT_FOR_CONCURRENT_GC blocked 82ms
D/dalvikvm(  360): WAIT_FOR_CONCURRENT_GC blocked 15ms
I/PackageManager(  360):   Action: "android.intent.action.SENDTO"
I/PackageManager(  360):   Category: "android.intent.category.DEFAULT"
I/PackageManager(  360):   Scheme: "mms"
I/PackageManager(  360): Adding preferred activity ComponentInfo{com.android.mms/com.android.mms.ui.ComposeMessageActivity} for user 0 :
I/PackageManager(  360):   Action: "android.intent.action.SENDTO"
I/PackageManager(  360):   Category: "android.intent.category.DEFAULT"
I/PackageManager(  360):   Scheme: "mmsto"
I/PackageManager(  360): Adding preferred activity ComponentInfo{com.android.mms/com.android.mms.ui.ComposeMessageActivity} for user 0 :
D/MobileDataStateTracker(  360): hipri: Broadcast received: android.intent.action.ANY_DATA_STATE apnType=hipri
D/MobileDataStateTracker(  360): hipri: Received state=DISCONNECTED, old=CONNECTED, reason=dataDisabled
D/MobileDataStateTracker(  360): hipri: setDetailed state, old =CONNECTED and new state=DISCONNECTED
D/ConnectivityService(  360): ConnectivityChange for mobile_hipri: DISCONNECTED/DISCONNECTED
E/logwrapper( 1007): executing /system/bin/ip failed: No such file or directory
E/SecondaryTablController(   54): ip route del failed: /system/bin/ip route del 10.0.2.2/32 via 0.0.0.0 dev eth0 table 60
W/FrameworkListener(   54): Handler 'interface' error (No such device)
E/logwrapper( 1008): executing /system/bin/ip failed: No such file or directory
E/SecondaryTablController(   54): ip route del failed: /system/bin/ip route del 0.0.0.0/0 via 10.0.2.2 dev eth0 table 60
W/FrameworkListener(   54): Handler 'interface' error (No such device)
D/Nat464Xlat(  360): requiresClat: netType=5, hasIPv4Address=true
D/MobileDataStateTracker(  360): default: setPolicyDataEnable(enabled=true)
I/InputReader(  360): Reconfiguring input devices.  changes=0x00000010
I/PackageManager(  360):   Action: "android.intent.action.SENDTO"
I/PackageManager(  360):   Category: "android.intent.category.DEFAULT"
I/PackageManager(  360):   Scheme: "sms"
I/PackageManager(  360): Adding preferred activity ComponentInfo{com.android.mms/com.android.mms.ui.ComposeMessageActivity} for user 0 :
D/BackupManagerService(  360): Received broadcast Intent { act=android.intent.action.PACKAGE_ADDED dat=package:com.u2opia.woo flg=0x4000010 (has extras) }
V/BackupManagerService(  360): addPackageParticipantsLocked: #1
I/PackageManager(  360):   Action: "android.intent.action.SENDTO"
I/PackageManager(  360):   Category: "android.intent.category.DEFAULT"
I/PackageManager(  360):   Scheme: "smsto"
I/PackageManager(  360): Adding preferred activity ComponentInfo{com.android.mms/com.android.mms.ui.ComposeMessageActivity} for user 0 :
I/PackageManager(  360):   Action: "android.intent.action.SENDTO"
I/PackageManager(  360):   Category: "android.intent.category.DEFAULT"
I/PackageManager(  360):   Scheme: "mms"
I/PackageManager(  360): Adding preferred activity ComponentInfo{com.android.mms/com.android.mms.ui.ComposeMessageActivity} for user 0 :
E/NetdConnector(  360): NDC Command {59 bandwidth removeiquota eth0} took too long (891ms)
I/PackageManager(  360):   Action: "android.intent.action.SENDTO"
I/PackageManager(  360):   Category: "android.intent.category.DEFAULT"
I/PackageManager(  360):   Scheme: "mmsto"
I/PackageManager(  360): Adding preferred activity ComponentInfo{com.android.mms/com.android.mms.ui.ComposeMessageActivity} for user 0 :
I/RecoverySystem(  360): No recovery log file
D/dalvikvm(  596): GC_CONCURRENT freed 485K, 16% free 3355K/3968K, paused 2ms+2ms, total 205ms
I/BootReceiver(  360): Copying audit failures to DropBox
I/BootReceiver(  360): Checking for fsck errors
E/NetdConnector(  360): NDC Command {60 bandwidth gettetherstats} took too long (771ms)
I/PackageManager(  360):   Action: "android.intent.action.SENDTO"
I/PackageManager(  360):   Category: "android.intent.category.DEFAULT"
I/PackageManager(  360):   Scheme: "sms"
I/PackageManager(  360): Adding preferred activity ComponentInfo{com.android.mms/com.android.mms.ui.ComposeMessageActivity} for user 0 :
I/PackageManager(  360):   Action: "android.intent.action.SENDTO"
I/PackageManager(  360):   Category: "android.intent.category.DEFAULT"
I/PackageManager(  360):   Scheme: "smsto"
I/PackageManager(  360): Adding preferred activity ComponentInfo{com.android.mms/com.android.mms.ui.ComposeMessageActivity} for user 0 :
I/PackageManager(  360):   Action: "android.intent.action.SENDTO"
I/PackageManager(  360):   Category: "android.intent.category.DEFAULT"
I/PackageManager(  360):   Scheme: "mms"
I/PackageManager(  360): Adding preferred activity ComponentInfo{com.android.mms/com.android.mms.ui.ComposeMessageActivity} for user 0 :
I/PackageManager(  360):   Action: "android.intent.action.SENDTO"
I/PackageManager(  360):   Category: "android.intent.category.DEFAULT"
I/PackageManager(  360):   Scheme: "mmsto"
I/PackageManager(  360): Adding preferred activity ComponentInfo{com.android.mms/com.android.mms.ui.ComposeMessageActivity} for user 0 :
I/ActivityManager(  360): Delay finish: com.android.providers.media/.MediaScannerReceiver
I/ActivityManager(  360): Resuming delayed broadcast
I/ActivityManager(  360): Start proc com.android.mms for broadcast com.android.mms/.transaction.MmsSystemEventReceiver: pid=1036 uid=10009 gids={50009, 3003, 1028, 1015}
D/CountryDetector(  360): The first listener is added
V/MmsConfig( 1036): mnc/mcc: 310260
V/MmsConfig( 1036): tag: bool value: enabledMMS - true
V/MmsConfig( 1036): tag: int value: maxMessageSize - 307200
V/MmsConfig( 1036): tag: int value: maxImageHeight - 480
V/MmsConfig( 1036): tag: int value: maxImageWidth - 640
V/MmsConfig( 1036): tag: int value: defaultSMSMessagesPerThread - 10000
V/MmsConfig( 1036): tag: int value: defaultMMSMessagesPerThread - 1000
V/MmsConfig( 1036): tag: int value: minMessageCountPerThread - 10
V/MmsConfig( 1036): tag: int value: maxMessageCountPerThread - 5000
V/MmsConfig( 1036): tag: string value: uaProfUrl - http://www.google.com/oha/rdf/ua-profile-kila.xml
V/MmsConfig( 1036): tag: int value: recipientLimit - -1
V/MmsConfig( 1036): tag: bool value: enableMultipartSMS - true
V/MmsConfig( 1036): tag: int value: smsToMmsTextThreshold - -1
V/MmsConfig( 1036): tag: bool value: enableSlideDuration - true
V/MmsConfig( 1036): tag: int value: maxMessageTextSize - -1
E/NetdConnector(  360): NDC Command {61 bandwidth setiquota eth0 9223372036854775807} took too long (1993ms)
D/MobileDataStateTracker(  360): default: setPolicyDataEnable(enabled=true)
D/Tethering(  360): MasterInitialState.processMessage what=3
D/CaptivePortalTracker(  360): NoActiveNetworkState{ when=0 what=1 obj=NetworkInfo: type: mobile_hipri[UMTS], state: DISCONNECTED/DISCONNECTED, reason: dataDisabled, extra: epc.tmobile.com, roaming: false, failover: false, isAvailable: true, isConnectedToProvisioningNetwork: false target=com.android.internal.util.StateMachine$SmHandler }
D/CaptivePortalTracker(  360): NoActiveNetworkState not a wifi connectivity change, ignore
D/Tethering(  360): MasterInitialState.processMessage what=3
D/CaptivePortalTracker(  360): NoActiveNetworkState{ when=0 what=1 obj=NetworkInfo: type: mobile[UMTS], state: CONNECTED/CONNECTED, reason: connected, extra: epc.tmobile.com, roaming: false, failover: false, isAvailable: true, isConnectedToProvisioningNetwork: false target=com.android.internal.util.StateMachine$SmHandler }
D/CaptivePortalTracker(  360): NoActiveNetworkState not a wifi connectivity change, ignore
D/dalvikvm(  360): GC_EXPLICIT freed 6576K, 54% free 5995K/12972K, paused 1143ms+340ms, total 2924ms
D/dalvikvm(  360): WAIT_FOR_CONCURRENT_GC blocked 2120ms
D/dalvikvm(  360): WAIT_FOR_CONCURRENT_GC blocked 1818ms
D/AndroidRuntime(  881): Shutting down VM
I/MediaProvider(  616): Upgrading media database from version 0 to 700, which will destroy all old data
D/dalvikvm(  881): GC_CONCURRENT freed 95K, 16% free 560K/660K, paused 13ms+3ms, total 47ms
D/dalvikvm(  360): GC_FOR_ALLOC freed 470K, 56% free 5792K/12972K, paused 206ms, total 220ms
E/NetdConnector(  360): NDC Command {62 bandwidth removeiquota eth0} took too long (957ms)
D/dalvikvm(  596): GC_CONCURRENT freed 439K, 17% free 3300K/3968K, paused 56ms+2ms, total 105ms
D/ConnectivityService(  360): [CheckMp] isMobileOk: X result=0
D/ConnectivityService(  360): [CheckMp] onPostExecute: result=0
D/ConnectivityService(  360): CheckMp.onComplete: result=0
D/ConnectivityService(  360): CheckMp.onComplete: ignore, connected or no connection
W/ProcessCpuTracker(  360): Skipping unknown process pid 1083
E/NetdConnector(  360): NDC Command {63 bandwidth setiquota eth0 9223372036854775807} took too long (1786ms)
D/MobileDataStateTracker(  360): default: setPolicyDataEnable(enabled=true)
D/MobileDataStateTracker(  360): default: setPolicyDataEnable(enabled=true)
W/RecognitionManagerService(  360): no available voice recognition services found for user 0
E/SQLiteLog(  616): (1) no such table: files
E/WVMExtractor(   60): Failed to open libwvm.so
V/MediaScanner(  616): pruneDeadThumbnailFiles... android.database.sqlite.SQLiteCursor@b2dabce8
V/MediaScanner(  616): /pruneDeadThumbnailFiles... android.database.sqlite.SQLiteCursor@b2dabce8
E/MetadataRetrieverClient(   60): failed to extract an album art
D/Mms:app ( 1036): cancelNotification
D/AlertReceiver(  883): onReceive: a=android.intent.action.BOOT_COMPLETED Intent { act=android.intent.action.BOOT_COMPLETED flg=0x8000010 cmp=com.android.calendar/.alerts.AlertReceiver (has extras) }
V/AlarmClock(  904): AlarmInitReceiver android.intent.action.BOOT_COMPLETED
D/AlertUtils(  883): Flushing old alerts from shared prefs table
D/AlertService(  883): 0 Action = android.intent.action.BOOT_COMPLETED
D/AlertService(  883): Scheduling next alarm with AlarmScheduler. sEventReminderReceived: null
V/AlarmClock(  904): AlarmInitReceiver - Reset timers and clear stopwatch data
V/AlarmClock(  904): AlarmInitReceiver - resetting volume button default
I/AlarmClock(  904): Displaying next alarm time: ''
V/AlarmClock(  904): AlarmInitReceiver finished
I/ActivityManager(  360): Delay finish: com.android.deskclock/.AlarmInitReceiver
D/dalvikvm(  883): GC_CONCURRENT freed 296K, 12% free 2806K/3176K, paused 53ms+1ms, total 173ms
D/dalvikvm(  904): GC_CONCURRENT freed 403K, 15% free 2804K/3280K, paused 23ms+2ms, total 197ms
D/AlarmScheduler(  883): No events found starting within 1 week.
I/ActivityManager(  360): Resuming delayed broadcast
I/ActivityManager(  360): Delay finish: com.android.email/.service.EmailUpgradeBroadcastReceiver
D/dalvikvm(  360): GC_CONCURRENT freed 687K, 56% free 5804K/12940K, paused 13ms+5ms, total 73ms
D/ConnectivityService(  360): Done.
D/ConnectivityService(  360): Setting timer for 720seconds
I/ActivityManager(  360): Resuming delayed broadcast
I/ActivityManager(  360): Delay finish: com.android.email/.service.EmailBroadcastReceiver
I/Email   (  965): Onetime initialization: 1
I/Email   (  965): Onetime initialization: 2
I/Email   (  965): Onetime initialization: completed.
I/ActivityManager(  360): Delaying start of: ServiceRecord{b36bb228 u0 com.android.exchange/.service.EmailSyncAdapterService}
I/ActivityManager(  360): Resuming delayed broadcast
I/LauncherIconVisibilityManager(  580): Boot has been completed
I/LauncherIconVisibilityManager(  580): Disable activity: ComponentInfo{com.android.inputmethod.latin/com.android.inputmethod.latin.setup.SetupActivity}
I/ActivityManager(  360): Delay finish: com.android.mms/.transaction.SmsReceiver
I/ActivityManager(  360): Delay finish: com.android.providers.contacts/.PackageIntentReceiver
D/MmsSmsDatabaseHelper(  596): [MmsSmsDb] tableName: threads hasAutoIncrement: CREATE TABLE threads (_id INTEGER PRIMARY KEY AUTOINCREMENT,date INTEGER DEFAULT 0,message_count INTEGER DEFAULT 0,recipient_ids TEXT,snippet TEXT,snippet_cs INTEGER DEFAULT 0,read INTEGER DEFAULT 1,type INTEGER DEFAULT 0,error INTEGER DEFAULT 0,has_attachment INTEGER DEFAULT 0) result: true
D/MmsSmsDatabaseHelper(  596): [MmsSmsDb] tableName: canonical_addresses hasAutoIncrement: CREATE TABLE canonical_addresses (_id INTEGER PRIMARY KEY AUTOINCREMENT,address TEXT) result: true
D/MmsSmsDatabaseHelper(  596): [MmsSmsDb] tableName: part hasAutoIncrement: CREATE TABLE part (_id INTEGER PRIMARY KEY AUTOINCREMENT,mid INTEGER,seq INTEGER DEFAULT 0,ct TEXT,name TEXT,chset INTEGER,cd TEXT,fn TEXT,cid TEXT,cl TEXT,ctt_s INTEGER,ctt_t TEXT,_data TEXT,text TEXT) result: true
D/MmsSmsDatabaseHelper(  596): [MmsSmsDb] tableName: pdu hasAutoIncrement: CREATE TABLE pdu (_id INTEGER PRIMARY KEY AUTOINCREMENT,thread_id INTEGER,date INTEGER,date_sent INTEGER DEFAULT 0,msg_box INTEGER,read INTEGER DEFAULT 0,m_id TEXT,sub TEXT,sub_cs INTEGER,ct_t TEXT,ct_l TEXT,exp INTEGER,m_cls TEXT,m_type INTEGER,v INTEGER,m_size INTEGER,pri INTEGER,rr INTEGER,rpt_a INTEGER,resp_st INTEGER,st INTEGER,tr_id TEXT,retr_st INTEGER,retr_txt TEXT,retr_txt_cs INTEGER,read_status INTEGER,ct_cls INTEGER,resp_txt TEXT,d_tm INTEGER,d_rpt INTEGER,locked INTEGER DEFAULT 0,seen INTEGER DEFAULT 0,text_only INTEGER DEFAULT 0) result: true
D/MmsSmsDatabaseHelper(  596): [getWritableDatabase] hasAutoIncrementThreads: true hasAutoIncrementAddresses: true hasAutoIncrementPart: true hasAutoIncrementPdu: true
I/ActivityManager(  360): Resuming delayed broadcast
I/ActivityManager(  360): Resuming delayed broadcast
I/ActivityManager(  360): Delay finish: com.android.providers.calendar/.CalendarProviderBroadcastReceiver
E/BluetoothAdapter(  603): Bluetooth binder is null
W/BroadcastQueue(  360): Permission Denial: broadcasting Intent { act=android.appwidget.action.APPWIDGET_UPDATE_OPTIONS flg=0x10 cmp=com.android.settings/.widget.SettingsAppWidgetProvider (has extras) } from android (pid=682, uid=10008) is not exported from uid 1000 due to receiver com.android.settings/.widget.SettingsAppWidgetProvider
I/ActivityManager(  360): Resuming delayed broadcast
I/ActivityManager(  360): Delay finish: com.android.deskclock/com.android.alarmclock.DigitalAppWidgetProvider
D/dalvikvm( 1036): GC_CONCURRENT freed 240K, 10% free 2877K/3188K, paused 3ms+11ms, total 228ms
E/StrictMode( 1036): A resource was acquired at attached stack trace but never released. See java.io.Closeable for information on avoiding resource leaks.
E/StrictMode( 1036): java.lang.Throwable: Explicit termination method 'release' not called
E/StrictMode( 1036): 	at dalvik.system.CloseGuard.open(CloseGuard.java:184)
E/StrictMode( 1036): 	at android.drm.DrmManagerClient.<init>(DrmManagerClient.java:258)
E/StrictMode( 1036): 	at com.google.android.mms.pdu.PduPersister.<init>(PduPersister.java:288)
E/StrictMode( 1036): 	at com.google.android.mms.pdu.PduPersister.getPduPersister(PduPersister.java:296)
E/StrictMode( 1036): 	at com.android.mms.transaction.TransactionService.onNewIntent(TransactionService.java:224)
E/StrictMode( 1036): 	at com.android.mms.transaction.TransactionService$ServiceHandler.handleMessage(TransactionService.java:621)
E/StrictMode( 1036): 	at android.os.Handler.dispatchMessage(Handler.java:102)
E/StrictMode( 1036): 	at android.os.Looper.loop(Looper.java:136)
E/StrictMode( 1036): 	at android.os.HandlerThread.run(HandlerThread.java:61)
I/ActivityManager(  360): Resuming delayed broadcast
D/AlertReceiver(  883): onReceive: a=android.intent.action.PROVIDER_CHANGED Intent { act=android.intent.action.PROVIDER_CHANGED dat=content://com.android.calendar flg=0x10 cmp=com.android.calendar/.alerts.AlertReceiver }
I/ActivityManager(  360): Delay finish: com.android.calendar/.alerts.AlertReceiver
D/AlertService(  883): 0 Action = android.intent.action.PROVIDER_CHANGED
D/Mms:app ( 1036): cancelNotification
I/PackageManager(  360): Adding preferred activity ComponentInfo{com.android.mms/com.android.mms.ui.ComposeMessageActivity} for user 0 :
I/ActivityManager(  360): Resuming delayed broadcast
I/PackageManager(  360): Adding preferred activity ComponentInfo{com.android.mms/com.android.mms.ui.ComposeMessageActivity} for user 0 :
E/BluetoothAdapter(  603): Bluetooth binder is null
I/ActivityManager(  360): Start proc com.svox.pico for broadcast com.svox.pico/.VoiceDataInstallerReceiver: pid=1119 uid=10037 gids={50037, 1028, 1015}
I/PackageManager(  360): Adding preferred activity ComponentInfo{com.android.mms/com.android.mms.ui.ComposeMessageActivity} for user 0 :
I/PackageManager(  360): Adding preferred activity ComponentInfo{com.android.mms/com.android.mms.ui.ComposeMessageActivity} for user 0 :
I/PackageManager(  360): Adding preferred activity ComponentInfo{com.android.mms/com.android.mms.ui.ComposeMessageActivity} for user 0 :
I/PackageManager(  360): Adding preferred activity ComponentInfo{com.android.mms/com.android.mms.ui.ComposeMessageActivity} for user 0 :
I/PackageManager(  360): Adding preferred activity ComponentInfo{com.android.mms/com.android.mms.ui.ComposeMessageActivity} for user 0 :
D/MobileDataStateTracker(  360): default: setPolicyDataEnable(enabled=true)
D/ConnectivityService(  360): Sampling interval elapsed, updating statistics ..
I/PackageManager(  360): Adding preferred activity ComponentInfo{com.android.mms/com.android.mms.ui.ComposeMessageActivity} for user 0 :
V/SmsReceiverService( 1036): onStart: #1 mResultCode: -1 = Activity.RESULT_OK
D/dalvikvm(  616): GC_CONCURRENT freed 287K, 11% free 3080K/3436K, paused 8ms+3ms, total 103ms
V/AlarmClock(  904): AlarmInitReceiver android.intent.action.TIME_SET
D/dalvikvm(  908): GC_CONCURRENT freed 206K, 9% free 2902K/3180K, paused 5ms+42ms, total 137ms
I/AlarmClock(  904): Displaying next alarm time: ''
V/AlarmClock(  904): AlarmInitReceiver finished
I/PackageManager(  360):   Action: "android.intent.action.SENDTO"
I/PackageManager(  360):   Category: "android.intent.category.DEFAULT"
I/PackageManager(  360):   Scheme: "sms"
I/InputReader(  360): Reconfiguring input devices.  changes=0x00000010
I/PackageManager(  360):   Action: "android.intent.action.SENDTO"
I/PackageManager(  360):   Category: "android.intent.category.DEFAULT"
I/PackageManager(  360):   Scheme: "smsto"
D/dalvikvm(  360): GC_CONCURRENT freed 640K, 55% free 5943K/12940K, paused 7ms+7ms, total 111ms
D/dalvikvm(  360): WAIT_FOR_CONCURRENT_GC blocked 35ms
D/dalvikvm(  360): WAIT_FOR_CONCURRENT_GC blocked 28ms
D/dalvikvm(  360): WAIT_FOR_CONCURRENT_GC blocked 29ms
I/InputReader(  360): Reconfiguring input devices.  changes=0x00000010
I/InputReader(  360): Reconfiguring input devices.  changes=0x00000010
I/PackageManager(  360):   Action: "android.intent.action.SENDTO"
I/PackageManager(  360):   Category: "android.intent.category.DEFAULT"
I/PackageManager(  360):   Scheme: "mms"
I/PackageManager(  360):   Action: "android.intent.action.SENDTO"
I/PackageManager(  360):   Category: "android.intent.category.DEFAULT"
I/PackageManager(  360):   Scheme: "mmsto"
I/PackageManager(  360):   Action: "android.intent.action.SENDTO"
I/PackageManager(  360):   Category: "android.intent.category.DEFAULT"
I/PackageManager(  360):   Scheme: "sms"
D/dalvikvm(  596): GC_CONCURRENT freed 324K, 13% free 3485K/3964K, paused 5ms+27ms, total 69ms
D/dalvikvm(  596): WAIT_FOR_CONCURRENT_GC blocked 3ms
I/PackageManager(  360):   Action: "android.intent.action.SENDTO"
I/PackageManager(  360):   Category: "android.intent.category.DEFAULT"
I/PackageManager(  360):   Scheme: "smsto"
I/PackageManager(  360):   Action: "android.intent.action.SENDTO"
I/PackageManager(  360):   Category: "android.intent.category.DEFAULT"
I/PackageManager(  360):   Scheme: "mms"
I/PackageManager(  360):   Action: "android.intent.action.SENDTO"
I/PackageManager(  360):   Category: "android.intent.category.DEFAULT"
I/PackageManager(  360):   Scheme: "mmsto"
D/        (  360): Setting time of day to sec=1530157193
I/PackageManager(  360):   Action: "android.intent.action.SENDTO"
I/PackageManager(  360):   Category: "android.intent.category.DEFAULT"
I/PackageManager(  360):   Scheme: "sms"
I/PackageManager(  360): Adding preferred activity ComponentInfo{com.android.mms/com.android.mms.ui.ComposeMessageActivity} for user 0 :
D/dalvikvm(  360): GC_CONCURRENT freed 886K, 55% free 5870K/12940K, paused 6ms+5ms, total 189ms
D/dalvikvm(  360): WAIT_FOR_CONCURRENT_GC blocked 25ms
D/dalvikvm(  360): WAIT_FOR_CONCURRENT_GC blocked 23ms
I/PackageManager(  360):   Action: "android.intent.action.SENDTO"
I/PackageManager(  360):   Category: "android.intent.category.DEFAULT"
I/PackageManager(  360):   Scheme: "smsto"
I/PackageManager(  360): Adding preferred activity ComponentInfo{com.android.mms/com.android.mms.ui.ComposeMessageActivity} for user 0 :
I/PackageManager(  360):   Action: "android.intent.action.SENDTO"
I/PackageManager(  360):   Category: "android.intent.category.DEFAULT"
I/PackageManager(  360):   Scheme: "mms"
I/PackageManager(  360): Adding preferred activity ComponentInfo{com.android.mms/com.android.mms.ui.ComposeMessageActivity} for user 0 :
D/dalvikvm(  596): GC_CONCURRENT freed 536K, 16% free 3351K/3984K, paused 2ms+2ms, total 48ms
I/PackageManager(  360):   Action: "android.intent.action.SENDTO"
I/PackageManager(  360):   Category: "android.intent.category.DEFAULT"
I/PackageManager(  360):   Scheme: "mmsto"
I/PackageManager(  360): Adding preferred activity ComponentInfo{com.android.mms/com.android.mms.ui.ComposeMessageActivity} for user 0 :
I/PackageManager(  360):   Action: "android.intent.action.SENDTO"
I/PackageManager(  360):   Category: "android.intent.category.DEFAULT"
I/PackageManager(  360):   Scheme: "sms"
I/PackageManager(  360): Adding preferred activity ComponentInfo{com.android.mms/com.android.mms.ui.ComposeMessageActivity} for user 0 :
I/PackageManager(  360):   Action: "android.intent.action.SENDTO"
I/PackageManager(  360):   Category: "android.intent.category.DEFAULT"
I/PackageManager(  360):   Scheme: "smsto"
I/PackageManager(  360): Adding preferred activity ComponentInfo{com.android.mms/com.android.mms.ui.ComposeMessageActivity} for user 0 :
I/PackageManager(  360):   Action: "android.intent.action.SENDTO"
I/PackageManager(  360):   Category: "android.intent.category.DEFAULT"
I/PackageManager(  360):   Scheme: "mms"
I/PackageManager(  360): Adding preferred activity ComponentInfo{com.android.mms/com.android.mms.ui.ComposeMessageActivity} for user 0 :
I/PackageManager(  360):   Action: "android.intent.action.SENDTO"
I/PackageManager(  360):   Category: "android.intent.category.DEFAULT"
I/PackageManager(  360):   Scheme: "mmsto"
I/PackageManager(  360): Adding preferred activity ComponentInfo{com.android.mms/com.android.mms.ui.ComposeMessageActivity} for user 0 :
D/dalvikvm(  596): GC_CONCURRENT freed 473K, 17% free 3330K/3984K, paused 4ms+3ms, total 53ms
I/PackageManager(  360):   Action: "android.intent.action.SENDTO"
I/PackageManager(  360):   Category: "android.intent.category.DEFAULT"
I/PackageManager(  360):   Scheme: "sms"
I/PackageManager(  360): Adding preferred activity ComponentInfo{com.android.mms/com.android.mms.ui.ComposeMessageActivity} for user 0 :
D/dalvikvm(  360): GC_CONCURRENT freed 767K, 55% free 5898K/12940K, paused 8ms+5ms, total 180ms
D/dalvikvm(  360): WAIT_FOR_CONCURRENT_GC blocked 28ms
I/PackageManager(  360):   Action: "android.intent.action.SENDTO"
I/PackageManager(  360):   Category: "android.intent.category.DEFAULT"
I/PackageManager(  360):   Scheme: "smsto"
I/PackageManager(  360): Adding preferred activity ComponentInfo{com.android.mms/com.android.mms.ui.ComposeMessageActivity} for user 0 :
I/PackageManager(  360):   Action: "android.intent.action.SENDTO"
I/PackageManager(  360):   Category: "android.intent.category.DEFAULT"
I/PackageManager(  360):   Scheme: "mms"
I/PackageManager(  360): Adding preferred activity ComponentInfo{com.android.mms/com.android.mms.ui.ComposeMessageActivity} for user 0 :
I/PackageManager(  360):   Action: "android.intent.action.SENDTO"
I/PackageManager(  360):   Category: "android.intent.category.DEFAULT"
I/PackageManager(  360):   Scheme: "mmsto"
I/PackageManager(  360): Adding preferred activity ComponentInfo{com.android.mms/com.android.mms.ui.ComposeMessageActivity} for user 0 :
I/PackageManager(  360):   Action: "android.intent.action.SENDTO"
I/PackageManager(  360):   Category: "android.intent.category.DEFAULT"
I/PackageManager(  360):   Scheme: "sms"
I/PackageManager(  360): Adding preferred activity ComponentInfo{com.android.mms/com.android.mms.ui.ComposeMessageActivity} for user 0 :
I/PackageManager(  360):   Action: "android.intent.action.SENDTO"
I/PackageManager(  360):   Category: "android.intent.category.DEFAULT"
I/PackageManager(  360):   Scheme: "smsto"
I/PackageManager(  360): Adding preferred activity ComponentInfo{com.android.mms/com.android.mms.ui.ComposeMessageActivity} for user 0 :
D/dalvikvm(  596): GC_CONCURRENT freed 338K, 16% free 3377K/3984K, paused 4ms+2ms, total 25ms
I/PackageManager(  360):   Action: "android.intent.action.SENDTO"
I/PackageManager(  360):   Category: "android.intent.category.DEFAULT"
I/PackageManager(  360):   Scheme: "mms"
I/PackageManager(  360): Adding preferred activity ComponentInfo{com.android.mms/com.android.mms.ui.ComposeMessageActivity} for user 0 :
I/PackageManager(  360):   Action: "android.intent.action.SENDTO"
I/PackageManager(  360):   Category: "android.intent.category.DEFAULT"
I/PackageManager(  360):   Scheme: "mmsto"
I/PackageManager(  360): Adding preferred activity ComponentInfo{com.android.mms/com.android.mms.ui.ComposeMessageActivity} for user 0 :
D/dalvikvm(  360): GC_CONCURRENT freed 754K, 55% free 5849K/12940K, paused 13ms+5ms, total 89ms
I/GlobalDismissManager(  883): no sender configured
D/AlertService(  883): Beginning updateAlertNotification
D/AlertService(  883): No fired or scheduled alerts
D/AlertService(  883): Scheduling next alarm with AlarmScheduler. sEventReminderReceived: null
D/AlarmScheduler(  883): No events found starting within 1 week.
I/ActivityManager(  360): Waited long enough for: ServiceRecord{b2e58c48 u0 com.android.calendar/.alerts.InitAlarmsService}
D/AndroidRuntime( 1143): 
D/AndroidRuntime( 1143): >>>>>> AndroidRuntime START com.android.internal.os.RuntimeInit <<<<<<
D/AndroidRuntime( 1143): CheckJNI is ON
D/dalvikvm( 1143): Trying to load lib libjavacore.so 0x0
D/dalvikvm( 1143): Added shared lib libjavacore.so 0x0
D/dalvikvm( 1143): Trying to load lib libnativehelper.so 0x0
D/dalvikvm( 1143): Added shared lib libnativehelper.so 0x0
D/dalvikvm( 1143): No JNI_OnLoad found in libnativehelper.so 0x0, skipping init
D/dalvikvm( 1143): Note: class Landroid/app/ActivityManagerNative; has 179 unimplemented (abstract) methods
E/memtrack( 1143): Couldn't load memtrack module (No such file or directory)
E/android.os.Debug( 1143): failed to load memtrack module: -2
D/AndroidRuntime( 1143): Calling main entry com.android.commands.am.Am
I/ActivityManager(  360): START u0 {act=android.intent.action.MAIN cat=[android.intent.category.LAUNCHER] flg=0x10000000 cmp=com.u2opia.woo/.intro.IntroSlidesLoginActivity} from pid 1143
D/gralloc (   57): Registering a buffer in the process that created it. This may cause memory ordering problems.
E/libEGL  (   57): called unimplemented OpenGL ES API
E/libEGL  (   57): called unimplemented OpenGL ES API
E/libEGL  (   57): called unimplemented OpenGL ES API
E/libEGL  (   57): called unimplemented OpenGL ES API
E/SurfaceFlinger(   57): glCheckFramebufferStatusOES error -1487767076
E/SurfaceFlinger(   57): got GL_FRAMEBUFFER_COMPLETE_OES error while taking screenshot
E/libEGL  (   57): called unimplemented OpenGL ES API
E/libEGL  (   57): called unimplemented OpenGL ES API
W/WindowManager(  360): Screenshot failure taking screenshot for (164x295) to layer 21005
I/ActivityManager(  360): Start proc com.u2opia.woo for activity com.u2opia.woo/.intro.IntroSlidesLoginActivity: pid=1153 uid=10052 gids={50052, 1028, 1015, 3003}
I/MultiDex( 1153): VM with version 1.6.0 does not have multidex support
I/MultiDex( 1153): install
I/MultiDex( 1153): MultiDexExtractor.load(/data/app/com.u2opia.woo-1.apk, false)
I/MultiDex( 1153): Detected that extraction must be performed.
D/dalvikvm( 1153): GC_CONCURRENT freed 157K, 8% free 2969K/3200K, paused 46ms+13ms, total 165ms
D/dalvikvm( 1153): GC_CONCURRENT freed 134K, 7% free 3300K/3516K, paused 3ms+4ms, total 145ms
D/dalvikvm( 1153): GC_CONCURRENT freed 145K, 7% free 3649K/3884K, paused 4ms+3ms, total 168ms
D/dalvikvm( 1153): WAIT_FOR_CONCURRENT_GC blocked 29ms
I/MultiDex( 1153): Extraction is needed for file /data/data/com.u2opia.woo/code_cache/secondary-dexes/com.u2opia.woo-1.apk.classes2.zip
I/MultiDex( 1153): Extracting /data/data/com.u2opia.woo/code_cache/secondary-dexes/com.u2opia.woo-1.apk.classes1777145438.zip
I/MediaFocusControl(  360):  AudioFocus  abandonAudioFocus() from android.media.AudioManager@b2d36728com.android.music.MediaPlaybackService$3@b2d355a8
I/MultiDex( 1153): Renaming to /data/data/com.u2opia.woo/code_cache/secondary-dexes/com.u2opia.woo-1.apk.classes2.zip
I/MultiDex( 1153): Extraction success - length /data/data/com.u2opia.woo/code_cache/secondary-dexes/com.u2opia.woo-1.apk.classes2.zip: 876742
I/MultiDex( 1153): load found 1 secondary dex files
D/dalvikvm( 1153): DexOpt: --- BEGIN 'com.u2opia.woo-1.apk.classes2.zip' (bootstrap=0) ---
D/dalvikvm( 1169): DexOpt: load 346ms, verify+opt 968ms, 1903908 bytes
D/dalvikvm( 1153): DexOpt: --- END 'com.u2opia.woo-1.apk.classes2.zip' (success) ---
D/dalvikvm( 1153): DEX prep '/data/data/com.u2opia.woo/code_cache/secondary-dexes/com.u2opia.woo-1.apk.classes2.zip': unzip in 115ms, rewrite 1770ms
I/MultiDex( 1153): install done
I/dalvikvm( 1153): Could not find method android.content.pm.PackageManager.getPackageInstaller, referenced from method com.google.android.gms.common.zze.zzi
W/dalvikvm( 1153): VFY: unable to resolve virtual method 721: Landroid/content/pm/PackageManager;.getPackageInstaller ()Landroid/content/pm/PackageInstaller;
D/dalvikvm( 1153): VFY: replacing opcode 0x6e at 0x000b
I/GMPM    ( 1153): App measurement is starting up, version: 8487
I/GMPM    ( 1153): To enable debug logging run: adb shell setprop log.tag.GMPM VERBOSE
D/dalvikvm( 1153): GC_CONCURRENT freed 230K, 8% free 3835K/4144K, paused 5ms+7ms, total 63ms
E/GMPM    ( 1153): GoogleService failed to initialize, status: 10, Missing an expected resource: 'R.string.google_app_id' for initializing Google services.  Possible causes are missing google-services.json or com.google.gms.google-services gradle plugin.
E/GMPM    ( 1153): Scheduler not set. Not logging error/warn.
E/GMPM    ( 1153): Uploading is not possible. App measurement disabled
I/LayerSDK( 1153): LayerClient : Creating new Layer client, layerAppId: layer:///apps/production/8a883a62-b6d1-11e4-856d-47bb5f025de4 LayerClient.Options{skipConfigurationCheck=false, broadcastPushForeground=true, gcmSenderId='575320750808', autoDownloadMimeTypes=[text/plain], autoDownloadSizeThreshold=2048, diskCapacity=0}
E/LayerSDK( 1153): LayerClientImpl : ************                                 **********
E/LayerSDK( 1153): *             LayerSDK configuration issues           *
E/LayerSDK( 1153): ************                                 **********
E/LayerSDK( 1153): 1:  Required permission: [com.google.android.c2dm.permission.RECEIVE] is not granted. Is it missing in AndroidManifest.xml?
D/dalvikvm( 1153): GC_CONCURRENT freed 1311K, 32% free 3007K/4392K, paused 3ms+2ms, total 45ms
I/LayerSDK( 1153): LayerClientImpl : Layer SDK Version : 0.15.2
I/SwrveSDK( 1153): Your user id is: e53d2f77-14e7-46c8-a528-969269a4a4ea
D/SwrveSDK( 1153): Using cache directory at /data/data/com.u2opia.woo/cache
W/GooglePlayServicesUtil( 1153): Google Play services is missing.
E/SwrveSDK( 1153): Google Play Services are not available, resolveable error code: 1. You can use getErrorDialog in your app to try to address this issue at runtime.
D/dalvikvm( 1153): GC_CONCURRENT freed 323K, 30% free 3080K/4392K, paused 4ms+3ms, total 43ms
I/SwrveSDK( 1153): session_start event queued
I/SwrveSDK( 1153): event event queued
I/SwrveSDK( 1153): user event queued
I/SwrveSDK( 1153): Sending device info
I/SwrveSDK( 1153): Could not set Crashlytics metadata
I/SwrveSDK( 1153): Init finished
I/SwrveSDK( 1153): Sending queued events
I/SwrveSDK( 1153): Sending 3 events to Swrve
D/dalvikvm( 1153): GC_FOR_ALLOC freed 154K, 28% free 3168K/4392K, paused 40ms, total 41ms
I/dalvikvm-heap( 1153): Grow heap (frag case) to 3.430MB for 281896-byte allocation
D/dalvikvm( 1153): GC_FOR_ALLOC freed <1K, 27% free 3443K/4668K, paused 31ms, total 31ms
W/ActivityManager(  360): Launch timeout has expired, giving up wake lock!
D/dalvikvm( 1153): GC_CONCURRENT freed 256K, 21% free 3699K/4668K, paused 148ms+58ms, total 305ms
D/dalvikvm( 1153): WAIT_FOR_CONCURRENT_GC blocked 5ms
D/AndroidRuntime( 1143): Shutting down VM
D/dalvikvm( 1143): GC_CONCURRENT freed 97K, 15% free 589K/688K, paused 2ms+11ms, total 21ms
D/dalvikvm( 1153): GC_FOR_ALLOC freed 285K, 22% free 3673K/4668K, paused 303ms, total 304ms
I/dalvikvm-heap( 1153): Grow heap (frag case) to 3.740MB for 90016-byte allocation
D/dalvikvm( 1153): GC_FOR_ALLOC freed <1K, 21% free 3760K/4756K, paused 55ms, total 55ms
I/SwrveSDK( 1153): Events sent to Swrve
D/dalvikvm( 1153): GC_FOR_ALLOC freed 112K, 21% free 3768K/4756K, paused 39ms, total 40ms
I/dalvikvm-heap( 1153): Grow heap (frag case) to 3.833MB for 90016-byte allocation
D/dalvikvm( 1153): GC_FOR_ALLOC freed <1K, 21% free 3856K/4844K, paused 42ms, total 42ms
D/dalvikvm( 1153): GC_FOR_ALLOC freed 67K, 21% free 3854K/4844K, paused 37ms, total 38ms
I/dalvikvm-heap( 1153): Grow heap (frag case) to 4.033MB for 211700-byte allocation
D/dalvikvm( 1153): GC_FOR_ALLOC freed <1K, 20% free 4060K/5052K, paused 42ms, total 42ms
D/InitAlarmsService(  883): Clearing and rescheduling alarms.
I/AppsFlyer_1.17( 1153): Start tracking package: com.u2opia.woo
I/AppsFlyer_1.17( 1153): Start tracking package: com.u2opia.woo
I/AppsFlyer_1.17-157221915( 1153): ******* sendTrackingWithEvent: Launch
I/AppsFlyer_1.17-157221927( 1153): ******* sendTrackingWithEvent: Launch
W/AppsFlyer_1.17( 1153): Permission android.permission.ACCESS_WIFI_STATE is missing in the AndroidManifest.xml
W/AppsFlyer_1.17( 1153): Permission android.permission.ACCESS_WIFI_STATE is missing in the AndroidManifest.xml
E/ActivityThread( 1153): Failed to find provider info for com.facebook.katana.provider.AttributionIdProvider
D/dalvikvm( 1153): GC_CONCURRENT freed 329K, 16% free 4266K/5052K, paused 5ms+4ms, total 117ms
E/ActivityThread( 1153): Failed to find provider info for com.facebook.katana.provider.AttributionIdProvider
I/AppsFlyer_1.17( 1153): com.google.android.gms.common.GooglePlayServicesNotAvailableException
I/AppsFlyer_1.17( 1153): com.google.android.gms.common.GooglePlayServicesNotAvailableException
D/AppsFlyer_1.17( 1153): AppsFlyer: first launch detected
I/AppsFlyer_1.17( 1153): AppsFlyer: first launch date: 2018-06-27_1140-0400
I/AppsFlyer_1.17( 1153): AppsFlyer: first launch date: 2018-06-27_1140-0400
I/AppsFlyer_1.17-157221915( 1153): url: https://track.appsflyer.com/api/v2.3/androidevent?buildnumber=1.17&app_id=com.u2opia.woo
I/AppsFlyer_( 1153): data: uid=1530157174876-6275495049567371513&model=sdk&af_v=f64d5832432f6059fe6f95cc41269610dcf70be2&app_version_code=103&af_preinstalled=false&lang=English&network=MOBILE&firstLaunchDate=2018-06-27_1140-0400&installDate=2018-06-27_1139-0400&deviceType=eng&date2=2018-06-27_1139-0400&carrier=Android&iaecounter=2&sdk=19&dkh=XQVMQypA&date1=2018-06-27_1139-0400&appsflyerKey=XQ****************zfZY&counter=2&operator=Android&country=US&isFirstCall=true&product=sdk&af_timestamp=1530157221915&device=generic&brand=generic&app_version_name=2.3.2&lang_code=en
W/GooglePlayServicesUtil( 1153): Google Play services is missing.
I/dalvikvm( 1153): Could not find method android.app.Notification$Builder.setLocalOnly, referenced from method com.google.android.gms.common.GooglePlayServicesUtil.zza
W/dalvikvm( 1153): VFY: unable to resolve virtual method 388: Landroid/app/Notification$Builder;.setLocalOnly (Z)Landroid/app/Notification$Builder;
D/dalvikvm( 1153): VFY: replacing opcode 0x6e at 0x00c8
I/AppsFlyer_1.17-157221927( 1153): url: https://track.appsflyer.com/api/v2.3/androidevent?buildnumber=1.17&app_id=com.u2opia.woo
I/AppsFlyer_( 1153): data: uid=1530157174876-6275495049567371513&model=sdk&af_v=498b65352220e6503ffe083c7e465b7d44064d38&app_version_code=103&af_preinstalled=false&lang=English&network=MOBILE&firstLaunchDate=2018-06-27_1140-0400&installDate=2018-06-27_1139-0400&deviceType=eng&date2=2018-06-27_1139-0400&carrier=Android&iaecounter=2&sdk=19&dkh=XQVMQypA&date1=2018-06-27_1139-0400&appsflyerKey=XQ****************zfZY&counter=1&operator=Android&country=US&isFirstCall=true&product=sdk&af_timestamp=1530157221927&device=generic&brand=generic&app_version_name=2.3.2&lang_code=en
D/dalvikvm( 1153): GC_CONCURRENT freed 446K, 16% free 4276K/5052K, paused 10ms+5ms, total 63ms
I/AppsFlyer_1.17-157221915( 1153): response code: 200
I/AppsFlyer_1.17-157221927( 1153): response code: 200
I/AppsFlyer_( 1153): Calling server for attribution url: https://api.appsflyer.com/install_data/v3/com.u2opia.woo?devkey=XQ****************zfZY&device_id=1530157174876-6275495049567371513
E/BaseActivity -- registerGCMClient( 1153): No valid Google Play Services APK found.
I/AppsFlyer_( 1153): Calling server for attribution url: https://api.appsflyer.com/install_data/v3/com.u2opia.woo?devkey=XQ****************zfZY&device_id=1530157174876-6275495049567371513
D/dalvikvm( 1153): GC_CONCURRENT freed 483K, 15% free 4319K/5052K, paused 255ms+3ms, total 413ms
D/dalvikvm( 1153): WAIT_FOR_CONCURRENT_GC blocked 28ms
D/dalvikvm( 1153): WAIT_FOR_CONCURRENT_GC blocked 25ms
