D/com.facebook.AppEventsLogger( 1153): To set source application the context of activateApp must be an instance of Activity
D/dalvikvm( 1153): WAIT_FOR_CONCURRENT_GC blocked 28ms
W/GooglePlayServicesUtil( 1153): Google Play services is missing.
E/ActivityThread( 1153): Failed to find provider info for com.facebook.katana.provider.AttributionIdProvider
W/GooglePlayServicesUtil( 1153): Google Play services is missing.
E/ActivityThread( 1153): Failed to find provider info for com.facebook.katana.provider.AttributionIdProvider
D/dalvikvm( 1153): GC_CONCURRENT freed 470K, 14% free 4364K/5052K, paused 536ms+27ms, total 653ms
W/GooglePlayServicesUtil( 1153): Google Play services is missing.
I/GAv4    ( 1153): Google Analytics 8.4.87 is starting up. To enable debug logging on a device run:
I/GAv4    ( 1153):   adb shell setprop log.tag.GAv4 DEBUG
I/GAv4    ( 1153):   adb logcat -s GAv4
W/GAv4    ( 1153): AnalyticsReceiver is not registered or is disabled. Register the receiver for reliable dispatching on non-Google Play devices. See http://goo.gl/8Rd3yj for instructions.
W/GAv4    ( 1153): bool configuration name not recognized: ga_logLevel
I/SwrveSDK( 1153): onResume
D/dalvikvm( 1153): GC_CONCURRENT freed 388K, 11% free 4532K/5052K, paused 323ms+4ms, total 400ms
D/dalvikvm( 1153): WAIT_FOR_CONCURRENT_GC blocked 45ms
D/dalvikvm( 1153): WAIT_FOR_CONCURRENT_GC blocked 32ms
D/dalvikvm( 1153): WAIT_FOR_CONCURRENT_GC blocked 40ms
D/dalvikvm( 1153): WAIT_FOR_CONCURRENT_GC blocked 42ms
I/SwrveSDK( 1153): Not showing message for Swrve.user_properties_changed: No conversations available
I/SwrveSDK( 1153): Not showing message for Swrve.user_properties_changed: No messages available
I/SwrveSDK( 1153): user event queued
I/Choreographer( 1153): Skipped 488 frames!  The application may be doing too much work on its main thread.
I/SwrveSDK( 1153): Sending queued events
I/SwrveSDK( 1153): Sending 1 events to Swrve
I/SwrveSDK( 1153): Events sent to Swrve
D/dalvikvm( 1153): GC_CONCURRENT freed 479K, 11% free 4661K/5212K, paused 325ms+536ms, total 932ms
W/FragmentManager( 1153): moveToState: Fragment state for FragmentIntroPage2{b2d65a68 #2 id=0x7f0f0106} not updated inline; expected state 3 found 2
W/GAv4    ( 1153): AnalyticsService not registered in the app manifest. Hits might not be delivered reliably. See http://goo.gl/8Rd3yj for instructions.
I/Choreographer( 1153): Skipped 490 frames!  The application may be doing too much work on its main thread.
D/gralloc_goldfish( 1153): Emulator without GPU emulation detected.
I/ActivityManager(  360): Displayed com.u2opia.woo/.intro.IntroSlidesLoginActivity: +17s826ms
I/Choreographer( 1153): Skipped 77 frames!  The application may be doing too much work on its main thread.
I/Choreographer( 1153): Skipped 137 frames!  The application may be doing too much work on its main thread.
I/Choreographer( 1153): Skipped 61 frames!  The application may be doing too much work on its main thread.
D/AndroidRuntime( 1222): 
D/AndroidRuntime( 1222): >>>>>> AndroidRuntime START com.android.internal.os.RuntimeInit <<<<<<
D/AndroidRuntime( 1222): CheckJNI is ON
D/dalvikvm( 1222): Trying to load lib libjavacore.so 0x0
D/dalvikvm( 1222): Added shared lib libjavacore.so 0x0
D/dalvikvm( 1222): Trying to load lib libnativehelper.so 0x0
D/dalvikvm( 1222): Added shared lib libnativehelper.so 0x0
D/dalvikvm( 1222): No JNI_OnLoad found in libnativehelper.so 0x0, skipping init
I/Choreographer( 1153): Skipped 32 frames!  The application may be doing too much work on its main thread.
D/AppsFlyer_1.17( 1153): iscache=null caching conversion data
D/AppsFlyer_1.17( 1153): iscache=null caching conversion data
D/dalvikvm( 1222): Note: class Landroid/app/ActivityManagerNative; has 179 unimplemented (abstract) methods
I/Choreographer( 1153): Skipped 37 frames!  The application may be doing too much work on its main thread.
E/memtrack( 1222): Couldn't load memtrack module (No such file or directory)
E/android.os.Debug( 1222): failed to load memtrack module: -2
D/AndroidRuntime( 1222): Calling main entry com.android.commands.am.Am
D/AndroidRuntime( 1222): Shutting down VM
D/dalvikvm( 1222): GC_CONCURRENT freed 97K, 15% free 587K/688K, paused 2ms+2ms, total 22ms
W/ProcessCpuTracker(  360): Skipping unknown process pid 1222
I/GMPM    ( 1153): Tag Manager is not found and thus will not be used
D/dalvikvm( 1153): GC_CONCURRENT freed 583K, 13% free 4642K/5304K, paused 7ms+6ms, total 99ms
D/dalvikvm( 1153): GC_CONCURRENT freed 513K, 13% free 4650K/5296K, paused 13ms+5ms, total 93ms
W/GAv4    ( 1153): Error getting advertiser id: com.google.android.gms.common.GooglePlayServicesNotAvailableException
W/ActivityManager(  360): Unable to start service Intent { act=com.google.android.gms.analytics.service.START cmp=com.google.android.gms/.analytics.service.AnalyticsService (has extras) } U=0: not found
D/AndroidRuntime( 1236): 
D/AndroidRuntime( 1236): >>>>>> AndroidRuntime START com.android.internal.os.RuntimeInit <<<<<<
D/AndroidRuntime( 1236): CheckJNI is ON
D/dalvikvm( 1236): Trying to load lib libjavacore.so 0x0
D/dalvikvm( 1236): Added shared lib libjavacore.so 0x0
D/dalvikvm( 1236): Trying to load lib libnativehelper.so 0x0
D/dalvikvm( 1236): Added shared lib libnativehelper.so 0x0
D/dalvikvm( 1236): No JNI_OnLoad found in libnativehelper.so 0x0, skipping init
D/dalvikvm( 1236): Note: class Landroid/app/ActivityManagerNative; has 179 unimplemented (abstract) methods
I/PackageManager(  360):   Action: "android.intent.action.SENDTO"
I/PackageManager(  360):   Category: "android.intent.category.DEFAULT"
I/PackageManager(  360):   Scheme: "sms"
I/PackageManager(  360): Adding preferred activity ComponentInfo{com.android.mms/com.android.mms.ui.ComposeMessageActivity} for user 0 :
I/PackageManager(  360):   Action: "android.intent.action.SENDTO"
I/PackageManager(  360):   Category: "android.intent.category.DEFAULT"
I/PackageManager(  360):   Scheme: "smsto"
I/PackageManager(  360): Adding preferred activity ComponentInfo{com.android.mms/com.android.mms.ui.ComposeMessageActivity} for user 0 :
I/PackageManager(  360):   Action: "android.intent.action.SENDTO"
I/PackageManager(  360):   Category: "android.intent.category.DEFAULT"
I/PackageManager(  360):   Scheme: "mms"
I/PackageManager(  360): Adding preferred activity ComponentInfo{com.android.mms/com.android.mms.ui.ComposeMessageActivity} for user 0 :
E/memtrack( 1236): Couldn't load memtrack module (No such file or directory)
E/android.os.Debug( 1236): failed to load memtrack module: -2
I/PackageManager(  360):   Action: "android.intent.action.SENDTO"
I/PackageManager(  360):   Category: "android.intent.category.DEFAULT"
I/PackageManager(  360):   Scheme: "mmsto"
I/PackageManager(  360): Adding preferred activity ComponentInfo{com.android.mms/com.android.mms.ui.ComposeMessageActivity} for user 0 :
D/AndroidRuntime( 1236): Calling main entry com.android.commands.am.Am
I/ActivityManager(  360): START u0 {act=android.intent.action.MAIN cat=[android.intent.category.LAUNCHER] flg=0x10000000 cmp=com.u2opia.woo/com.u2opia.foneverify.FoneVerifyActivity} from pid 1236
I/SwrveSDK( 1153): onPause
I/SwrveSDK( 1153): Flushing to disk
D/dalvikvm( 1153): GC_CONCURRENT freed 473K, 11% free 4759K/5296K, paused 15ms+3ms, total 262ms
D/dalvikvm(  360): GC_CONCURRENT freed 701K, 55% free 5836K/12940K, paused 60ms+136ms, total 515ms
I/SwrveSDK( 1153): Saved campaigns in cache
W/System.err( 1153): java.lang.NumberFormatException: Invalid long: "null"
W/System.err( 1153): 	at java.lang.Long.invalidLong(Long.java:124)
W/System.err( 1153): 	at java.lang.Long.parseLong(Long.java:341)
W/System.err( 1153): 	at java.lang.Long.parseLong(Long.java:318)
W/System.err( 1153): 	at com.u2opia.foneverify.call.CallVerifyFragment.onCreateView(CallVerifyFragment.java:87)
W/System.err( 1153): 	at android.support.v4.app.Fragment.performCreateView(Fragment.java:1974)
W/System.err( 1153): 	at android.support.v4.app.FragmentManagerImpl.moveToState(FragmentManager.java:1067)
W/System.err( 1153): 	at android.support.v4.app.FragmentManagerImpl.moveToState(FragmentManager.java:1252)
W/System.err( 1153): 	at android.support.v4.app.FragmentManagerImpl.moveToState(FragmentManager.java:1234)
W/System.err( 1153): 	at android.support.v4.app.FragmentManagerImpl.dispatchActivityCreated(FragmentManager.java:2046)
W/System.err( 1153): 	at android.support.v4.app.FragmentController.dispatchActivityCreated(FragmentController.java:174)
W/System.err( 1153): 	at android.support.v4.app.FragmentActivity.onStart(FragmentActivity.java:598)
W/System.err( 1153): 	at com.u2opia.foneverify.FoneVerifyActivity.onStart(FoneVerifyActivity.java:121)
W/System.err( 1153): 	at android.app.Instrumentation.callActivityOnStart(Instrumentation.java:1171)
W/System.err( 1153): 	at android.app.Activity.performStart(Activity.java:5241)
W/System.err( 1153): 	at android.app.ActivityThread.performLaunchActivity(ActivityThread.java:2157)
W/System.err( 1153): 	at android.app.ActivityThread.handleLaunchActivity(ActivityThread.java:2233)
W/System.err( 1153): 	at android.app.ActivityThread.access$800(ActivityThread.java:135)
W/System.err( 1153): 	at android.app.ActivityThread$H.handleMessage(ActivityThread.java:1196)
W/System.err( 1153): 	at android.os.Handler.dispatchMessage(Handler.java:102)
W/System.err( 1153): 	at android.os.Looper.loop(Looper.java:136)
W/System.err( 1153): 	at android.app.ActivityThread.main(ActivityThread.java:5001)
W/System.err( 1153): 	at java.lang.reflect.Method.invokeNative(Native Method)
W/System.err( 1153): 	at java.lang.reflect.Method.invoke(Method.java:515)
W/System.err( 1153): 	at com.android.internal.os.ZygoteInit$MethodAndArgsCaller.run(ZygoteInit.java:785)
W/System.err( 1153): 	at com.android.internal.os.ZygoteInit.main(ZygoteInit.java:601)
W/System.err( 1153): 	at dalvik.system.NativeStart.main(Native Method)
I/Choreographer(  360): Skipped 89 frames!  The application may be doing too much work on its main thread.
I/Choreographer( 1153): Skipped 169 frames!  The application may be doing too much work on its main thread.
I/Choreographer( 1153): Skipped 68 frames!  The application may be doing too much work on its main thread.
I/Choreographer(  360): Skipped 30 frames!  The application may be doing too much work on its main thread.
I/Choreographer( 1153): Skipped 192 frames!  The application may be doing too much work on its main thread.
I/ActivityManager(  360): Displayed com.u2opia.woo/com.u2opia.foneverify.FoneVerifyActivity: +1s957ms
D/AndroidRuntime( 1236): Shutting down VM
D/dalvikvm( 1236): GC_CONCURRENT freed 98K, 15% free 589K/692K, paused 2ms+2ms, total 9ms
I/Choreographer(  360): Skipped 35 frames!  The application may be doing too much work on its main thread.
D/dalvikvm( 1153): GC_CONCURRENT freed 439K, 10% free 4932K/5444K, paused 7ms+92ms, total 439ms
V/SmsReceiverService( 1036): onStart: #1 mResultCode: -1 = Activity.RESULT_OK
I/Choreographer( 1153): Skipped 201 frames!  The application may be doing too much work on its main thread.
W/FortumoInApp( 1153): Broadcast is disabled, there is no sense, to countinue.
D/dalvikvm( 1036): GC_CONCURRENT freed 188K, 8% free 3099K/3360K, paused 7ms+42ms, total 96ms
E/StrictMode( 1036): A resource was acquired at attached stack trace but never released. See java.io.Closeable for information on avoiding resource leaks.
E/StrictMode( 1036): java.lang.Throwable: Explicit termination method 'release' not called
E/StrictMode( 1036): 	at dalvik.system.CloseGuard.open(CloseGuard.java:184)
E/StrictMode( 1036): 	at android.drm.DrmManagerClient.<init>(DrmManagerClient.java:258)
E/StrictMode( 1036): 	at com.google.android.mms.pdu.PduPersister.<init>(PduPersister.java:288)
E/StrictMode( 1036): 	at com.google.android.mms.pdu.PduPersister.getPduPersister(PduPersister.java:296)
E/StrictMode( 1036): 	at com.android.mms.transaction.TransactionService.onNewIntent(TransactionService.java:224)
E/StrictMode( 1036): 	at com.android.mms.transaction.TransactionService$ServiceHandler.handleMessage(TransactionService.java:621)
E/StrictMode( 1036): 	at android.os.Handler.dispatchMessage(Handler.java:102)
E/StrictMode( 1036): 	at android.os.Looper.loop(Looper.java:136)
E/StrictMode( 1036): 	at android.os.HandlerThread.run(HandlerThread.java:61)
I/PackageManager(  360):   Action: "android.intent.action.SENDTO"
I/PackageManager(  360): Adding preferred activity ComponentInfo{com.android.mms/com.android.mms.ui.ComposeMessageActivity} for user 0 :
I/PackageManager(  360):   Category: "android.intent.category.DEFAULT"
I/PackageManager(  360):   Scheme: "sms"
I/PackageManager(  360):   Action: "android.intent.action.SENDTO"
I/PackageManager(  360):   Category: "android.intent.category.DEFAULT"
I/PackageManager(  360):   Scheme: "smsto"
I/PackageManager(  360): Adding preferred activity ComponentInfo{com.android.mms/com.android.mms.ui.ComposeMessageActivity} for user 0 :
I/PackageManager(  360): Adding preferred activity ComponentInfo{com.android.mms/com.android.mms.ui.ComposeMessageActivity} for user 0 :
I/PackageManager(  360):   Action: "android.intent.action.SENDTO"
I/PackageManager(  360):   Category: "android.intent.category.DEFAULT"
I/PackageManager(  360):   Scheme: "mms"
I/PackageManager(  360):   Action: "android.intent.action.SENDTO"
I/PackageManager(  360):   Category: "android.intent.category.DEFAULT"
I/PackageManager(  360):   Scheme: "mmsto"
I/PackageManager(  360): Adding preferred activity ComponentInfo{com.android.mms/com.android.mms.ui.ComposeMessageActivity} for user 0 :
V/SmsReceiverService( 1036): onStart: #2 mResultCode: -1 = Activity.RESULT_OK
W/FortumoInApp( 1153): Broadcast is disabled, there is no sense, to countinue.
D/dalvikvm( 1036): GC_CONCURRENT freed 255K, 10% free 3237K/3568K, paused 8ms+5ms, total 78ms
D/MmsSmsProvider(  596): getSingleAddressId: insert new canonical_address for xxxxxx, _id=1
D/MmsSmsProvider(  596): getThreadId: create new thread_id for recipients xxxxxxxx
D/MmsSmsProvider(  596): insertThread: created new thread_id 1 for recipientIds xxxxxxx
D/dalvikvm(  596): GC_EXPLICIT freed 402K, 17% free 3309K/3968K, paused 8ms+5ms, total 68ms
D/SmsReceiverService( 1036): handleSmsReceived messageUri: content://sms/1 threadId: 1
D/Mms:app ( 1036): updateNotification: new message, adding sound to the notification
D/dalvikvm( 1153): GC_CONCURRENT freed 582K, 12% free 4992K/5648K, paused 5ms+88ms, total 200ms
D/MmsSmsProvider(  596): getSingleAddressId: insert new canonical_address for xxxxxx, _id=2
D/MmsSmsProvider(  596): getThreadId: create new thread_id for recipients xxxxxxxx
D/MmsSmsProvider(  596): insertThread: created new thread_id 2 for recipientIds xxxxxxx
D/SmsReceiverService( 1036): handleSmsReceived messageUri: content://sms/2 threadId: 2
D/AndroidRuntime( 1253): 
D/AndroidRuntime( 1253): >>>>>> AndroidRuntime START com.android.internal.os.RuntimeInit <<<<<<
D/AndroidRuntime( 1253): CheckJNI is ON
D/Mms:app ( 1036): updateNotification: new message, adding sound to the notification
D/dalvikvm( 1253): Trying to load lib libjavacore.so 0x0
D/dalvikvm( 1253): Added shared lib libjavacore.so 0x0
D/dalvikvm( 1253): Trying to load lib libnativehelper.so 0x0
D/dalvikvm( 1253): Added shared lib libnativehelper.so 0x0
D/dalvikvm( 1253): No JNI_OnLoad found in libnativehelper.so 0x0, skipping init
D/dalvikvm( 1253): Note: class Landroid/app/ActivityManagerNative; has 179 unimplemented (abstract) methods
I/Choreographer(  443): Skipped 138 frames!  The application may be doing too much work on its main thread.
E/memtrack( 1253): Couldn't load memtrack module (No such file or directory)
E/android.os.Debug( 1253): failed to load memtrack module: -2
D/AndroidRuntime( 1253): Calling main entry com.android.commands.am.Am
I/ActivityManager(  360): START u0 {act=android.intent.action.MAIN cat=[android.intent.category.LAUNCHER] flg=0x10000000 cmp=com.u2opia.woo/.tutorial.TutorialBaseActivity} from pid 1253
D/dalvikvm( 1153): GC_FOR_ALLOC freed 286K, 8% free 5205K/5648K, paused 164ms, total 165ms
I/dalvikvm-heap( 1153): Grow heap (frag case) to 6.518MB for 1434880-byte allocation
D/dalvikvm( 1153): GC_FOR_ALLOC freed 2K, 7% free 6604K/7052K, paused 107ms, total 107ms
D/dalvikvm( 1153): GC_CONCURRENT freed 14K, 7% free 6594K/7052K, paused 4ms+30ms, total 232ms
I/Choreographer( 1153): Skipped 553 frames!  The application may be doing too much work on its main thread.
I/Choreographer( 1153): Skipped 147 frames!  The application may be doing too much work on its main thread.
I/ActivityManager(  360): START u0 {cmp=com.u2opia.woo/.tutorial.TutorialActivity (has extras)} from pid 1153
I/ActivityManager(  360): Displayed com.u2opia.woo/.tutorial.TutorialBaseActivity: +3s666ms
D/AndroidRuntime( 1253): Shutting down VM
D/dalvikvm( 1253): GC_CONCURRENT freed 97K, 15% free 589K/692K, paused 2ms+11ms, total 28ms
I/Choreographer( 1153): Skipped 222 frames!  The application may be doing too much work on its main thread.
W/ActivityManager(  360): Activity pause timeout for ActivityRecord{b31318b0 u0 com.u2opia.woo/.tutorial.TutorialBaseActivity t4}
I/Choreographer( 1153): Skipped 91 frames!  The application may be doing too much work on its main thread.
W/FragmentManager( 1153): moveToState: Fragment state for TutorialFragment{b2fa9848 #1 id=0x7f0f017e android:switcher:2131689854:1} not updated inline; expected state 3 found 2
I/Choreographer( 1153): Skipped 452 frames!  The application may be doing too much work on its main thread.
I/ActivityManager(  360): Displayed com.u2opia.woo/.tutorial.TutorialActivity: +2s229ms
D/AndroidRuntime( 1263): 
D/AndroidRuntime( 1263): >>>>>> AndroidRuntime START com.android.internal.os.RuntimeInit <<<<<<
D/AndroidRuntime( 1263): CheckJNI is ON
D/dalvikvm( 1263): Trying to load lib libjavacore.so 0x0
D/dalvikvm( 1263): Added shared lib libjavacore.so 0x0
D/dalvikvm( 1263): Trying to load lib libnativehelper.so 0x0
D/dalvikvm( 1263): Added shared lib libnativehelper.so 0x0
D/dalvikvm( 1263): No JNI_OnLoad found in libnativehelper.so 0x0, skipping init
D/dalvikvm( 1263): Note: class Landroid/app/ActivityManagerNative; has 179 unimplemented (abstract) methods
E/memtrack( 1263): Couldn't load memtrack module (No such file or directory)
E/android.os.Debug( 1263): failed to load memtrack module: -2
D/AndroidRuntime( 1263): Calling main entry com.android.commands.am.Am
I/ActivityManager(  360): START u0 {act=android.intent.action.MAIN cat=[android.intent.category.LAUNCHER] flg=0x10000000 cmp=com.u2opia.woo/.tutorial.TutorialActivity} from pid 1263
D/AndroidRuntime( 1153): Shutting down VM
W/dalvikvm( 1153): threadid=1: thread exiting with uncaught exception (group=0xb2a7eba8)
E/AndroidRuntime( 1153): FATAL EXCEPTION: main
E/AndroidRuntime( 1153): Process: com.u2opia.woo, PID: 1153
E/AndroidRuntime( 1153): java.lang.RuntimeException: Unable to start activity ComponentInfo{com.u2opia.woo/com.u2opia.woo.tutorial.TutorialActivity}: java.lang.NullPointerException
E/AndroidRuntime( 1153): 	at android.app.ActivityThread.performLaunchActivity(ActivityThread.java:2184)
E/AndroidRuntime( 1153): 	at android.app.ActivityThread.handleLaunchActivity(ActivityThread.java:2233)
E/AndroidRuntime( 1153): 	at android.app.ActivityThread.access$800(ActivityThread.java:135)
E/AndroidRuntime( 1153): 	at android.app.ActivityThread$H.handleMessage(ActivityThread.java:1196)
E/AndroidRuntime( 1153): 	at android.os.Handler.dispatchMessage(Handler.java:102)
E/AndroidRuntime( 1153): 	at android.os.Looper.loop(Looper.java:136)
E/AndroidRuntime( 1153): 	at android.app.ActivityThread.main(ActivityThread.java:5001)
E/AndroidRuntime( 1153): 	at java.lang.reflect.Method.invokeNative(Native Method)
E/AndroidRuntime( 1153): 	at java.lang.reflect.Method.invoke(Method.java:515)
E/AndroidRuntime( 1153): 	at com.android.internal.os.ZygoteInit$MethodAndArgsCaller.run(ZygoteInit.java:785)
E/AndroidRuntime( 1153): 	at com.android.internal.os.ZygoteInit.main(ZygoteInit.java:601)
E/AndroidRuntime( 1153): 	at dalvik.system.NativeStart.main(Native Method)
E/AndroidRuntime( 1153): Caused by: java.lang.NullPointerException
E/AndroidRuntime( 1153): 	at com.u2opia.woo.tutorial.TutorialActivity.onCreate(TutorialActivity.java:58)
E/AndroidRuntime( 1153): 	at android.app.Activity.performCreate(Activity.java:5231)
E/AndroidRuntime( 1153): 	at android.app.Instrumentation.callActivityOnCreate(Instrumentation.java:1087)
E/AndroidRuntime( 1153): 	at android.app.ActivityThread.performLaunchActivity(ActivityThread.java:2148)
E/AndroidRuntime( 1153): 	... 11 more
W/ActivityManager(  360):   Force finishing activity com.u2opia.woo/.tutorial.TutorialActivity
W/ActivityManager(  360):   Force finishing activity com.u2opia.woo/.tutorial.TutorialActivity
D/dalvikvm(  360): GC_FOR_ALLOC freed 442K, 55% free 5878K/12940K, paused 68ms, total 69ms
I/dalvikvm-heap(  360): Grow heap (frag case) to 6.082MB for 281896-byte allocation
D/dalvikvm(  360): GC_FOR_ALLOC freed 11K, 54% free 6142K/13216K, paused 58ms, total 58ms
D/dalvikvm( 1153): GC_CONCURRENT freed 1069K, 15% free 6775K/7916K, paused 23ms+406ms, total 553ms
W/ActivityManager(  360): Activity pause timeout for ActivityRecord{b3567380 u0 com.u2opia.woo/.tutorial.TutorialActivity t4 f}
W/BroadcastQueue(  360): Skipping deliver [background] BroadcastRecord{b3574d80 u-1 android.net.conn.CONNECTIVITY_CHANGE} to ReceiverList{b34871c8 1153 com.u2opia.woo/10052/u0 remote:b3243c20}: process crashing
W/ActivityManager(  360): Launch timeout has expired, giving up wake lock!
D/AndroidRuntime( 1263): Shutting down VM
D/dalvikvm( 1263): GC_CONCURRENT freed 97K, 15% free 589K/688K, paused 3ms+2ms, total 13ms
D/AndroidRuntime( 1276): 
D/AndroidRuntime( 1276): >>>>>> AndroidRuntime START com.android.internal.os.RuntimeInit <<<<<<
D/AndroidRuntime( 1276): CheckJNI is ON
D/dalvikvm( 1276): Trying to load lib libjavacore.so 0x0
D/dalvikvm( 1276): Added shared lib libjavacore.so 0x0
D/dalvikvm( 1276): Trying to load lib libnativehelper.so 0x0
D/dalvikvm( 1276): Added shared lib libnativehelper.so 0x0
D/dalvikvm( 1276): No JNI_OnLoad found in libnativehelper.so 0x0, skipping init
D/dalvikvm( 1276): Note: class Landroid/app/ActivityManagerNative; has 179 unimplemented (abstract) methods
E/memtrack( 1276): Couldn't load memtrack module (No such file or directory)
E/android.os.Debug( 1276): failed to load memtrack module: -2
D/AndroidRuntime( 1276): Calling main entry com.android.commands.am.Am
I/ActivityManager(  360): START u0 {act=android.intent.action.MAIN cat=[android.intent.category.LAUNCHER] flg=0x10000000 cmp=com.u2opia.woo/.tutorial.TutorialLeftMenuGuideActivity} from pid 1276
W/ActivityManager(  360): Activity pause timeout for ActivityRecord{b31318b0 u0 com.u2opia.woo/.tutorial.TutorialBaseActivity t4}
W/ActivityManager(  360): Activity destroy timeout for ActivityRecord{b34917e8 u0 com.u2opia.woo/.tutorial.TutorialActivity t4 f}
W/ActivityManager(  360): Activity destroy timeout for ActivityRecord{b3567380 u0 com.u2opia.woo/.tutorial.TutorialActivity t4 f}
W/ActivityManager(  360): Launch timeout has expired, giving up wake lock!
D/AndroidRuntime( 1276): Shutting down VM
D/dalvikvm( 1276): GC_CONCURRENT freed 97K, 15% free 589K/692K, paused 2ms+2ms, total 22ms
D/AndroidRuntime( 1286): 
D/AndroidRuntime( 1286): >>>>>> AndroidRuntime START com.android.internal.os.RuntimeInit <<<<<<
D/AndroidRuntime( 1286): CheckJNI is ON
D/dalvikvm( 1286): Trying to load lib libjavacore.so 0x0
D/dalvikvm( 1286): Added shared lib libjavacore.so 0x0
D/dalvikvm( 1286): Trying to load lib libnativehelper.so 0x0
D/dalvikvm( 1286): Added shared lib libnativehelper.so 0x0
D/dalvikvm( 1286): No JNI_OnLoad found in libnativehelper.so 0x0, skipping init
D/dalvikvm( 1286): Note: class Landroid/app/ActivityManagerNative; has 179 unimplemented (abstract) methods
E/memtrack( 1286): Couldn't load memtrack module (No such file or directory)
E/android.os.Debug( 1286): failed to load memtrack module: -2
D/AndroidRuntime( 1286): Calling main entry com.android.commands.am.Am
I/ActivityManager(  360): START u0 {act=android.intent.action.MAIN cat=[android.intent.category.LAUNCHER] flg=0x10000000 cmp=com.u2opia.woo/.monetisation.BoostCrushPurchaseActivity} from pid 1286
W/ActivityManager(  360): Activity pause timeout for ActivityRecord{b3281f68 u0 com.u2opia.woo/.tutorial.TutorialLeftMenuGuideActivity t4}
W/WindowManager(  360): Rebuild removed 6 windows but added 5
W/WindowManager(  360): java.lang.RuntimeException: here
W/WindowManager(  360): 	at com.android.server.wm.WindowManagerService.rebuildAppWindowListLocked(WindowManagerService.java:8027)
W/WindowManager(  360): 	at com.android.server.wm.WindowManagerService.rebuildAppWindowListLocked(WindowManagerService.java:7963)
W/WindowManager(  360): 	at com.android.server.wm.WindowManagerService.handleAppTransitionReadyLocked(WindowManagerService.java:8446)
W/WindowManager(  360): 	at com.android.server.wm.WindowManagerService.performLayoutAndPlaceSurfacesLockedInner(WindowManagerService.java:9209)
W/WindowManager(  360): 	at com.android.server.wm.WindowManagerService.performLayoutAndPlaceSurfacesLockedLoop(WindowManagerService.java:8179)
W/WindowManager(  360): 	at com.android.server.wm.WindowManagerService.performLayoutAndPlaceSurfacesLocked(WindowManagerService.java:8121)
W/WindowManager(  360): 	at com.android.server.wm.WindowManagerService.access$300(WindowManagerService.java:157)
W/WindowManager(  360): 	at com.android.server.wm.WindowManagerService$H.handleMessage(WindowManagerService.java:7342)
W/WindowManager(  360): 	at android.os.Handler.dispatchMessage(Handler.java:102)
W/WindowManager(  360): 	at android.os.Looper.loop(Looper.java:136)
W/WindowManager(  360): 	at android.os.HandlerThread.run(HandlerThread.java:61)
W/WindowManager(  360): This window was lost: Window{b310bc60 u0 com.u2opia.woo/com.u2opia.woo.tutorial.TutorialActivity}
W/WindowManager(  360): mDisplayId=0 mSession=Session{b3466500 1153:u0a10052} mClient=android.os.BinderProxy@b2f5d5d0
W/WindowManager(  360): mOwnerUid=10052 mShowToOwnerOnly=true package=com.u2opia.woo appop=NONE
W/WindowManager(  360): mAttrs=WM.LayoutParams{(0,0)(fillxfill) sim=#120 ty=1 fl=#1812100 pfl=0x8 fmt=-2 wanim=0x1030001}
W/WindowManager(  360): Requested w=480 h=864 mLayoutSeq=60
W/WindowManager(  360): mBaseLayer=21000 mSubLayer=0 mAnimLayer=21005+0=21005 mLastLayer=21030
W/WindowManager(  360): mToken=AppWindowToken{b34954b8 token=Token{b3499ca0 ActivityRecord{b34917e8 u0 com.u2opia.woo/.tutorial.TutorialActivity t4}}}
W/WindowManager(  360): mRootToken=AppWindowToken{b34954b8 token=Token{b3499ca0 ActivityRecord{b34917e8 u0 com.u2opia.woo/.tutorial.TutorialActivity t4}}}
W/WindowManager(  360): mAppToken=AppWindowToken{b34954b8 token=Token{b3499ca0 ActivityRecord{b34917e8 u0 com.u2opia.woo/.tutorial.TutorialActivity t4}}}
W/WindowManager(  360): mViewVisibility=0x0 mHaveFrame=true mObscured=false
W/WindowManager(  360): mSeq=0 mSystemUiVisibility=0x0
W/WindowManager(  360): mGivenContentInsets=[0,0][0,0] mGivenVisibleInsets=[0,0][0,0]
W/WindowManager(  360): mConfiguration={1.0 310mcc260mnc en_US ldltr sw480dp w480dp h839dp 160dpi lrg long port finger -keyb/v/h tball/v s.6}
W/WindowManager(  360): mHasSurface=true mShownFrame=[0.0,0.0][480.0,864.0] isReadyForDisplay()=false
W/WindowManager(  360): mFrame=[0,0][480,864] last=[0,0][480,864]
W/WindowManager(  360): mSystemDecorRect=[0,25][480,864] last=[0,25][480,864]
W/WindowManager(  360): Frames: containing=[0,0][480,864] parent=[0,0][480,864]
W/WindowManager(  360):     display=[0,0][480,864] overscan=[0,0][480,864]
W/WindowManager(  360):     content=[0,25][480,864] visible=[0,25][480,864]
W/WindowManager(  360):     decor=[0,25][480,864]
W/WindowManager(  360): Cur insets: overscan=[0,0][0,0] content=[0,25][0,0] visible=[0,25][0,0]
W/WindowManager(  360): Lst insets: overscan=[0,0][0,0] content=[0,25][0,0] visible=[0,25][0,0]
W/WindowManager(  360): WindowStateAnimator{b3459c10 com.u2opia.woo/com.u2opia.woo.tutorial.TutorialActivity}:
W/WindowManager(  360):   mSurface=Surface(name=com.u2opia.woo/com.u2opia.woo.tutorial.TutorialActivity)
W/WindowManager(  360):   mDrawState=HAS_DRAWN mLastHidden=true
W/WindowManager(  360):   Surface: shown=false layer=21030 alpha=1.0 rect=(0.0,0.0) 480.0 x 864.0
W/WindowManager(  360): Current app token list:
V/WindowManager(  360):   Display 0
V/WindowManager(  360):   #5: Token{b3278fa8 ActivityRecord{b33af0c0 u0 com.u2opia.woo/.monetisation.BoostCrushPurchaseActivity t4}}
V/WindowManager(  360):   #4: Token{b310d4b8 ActivityRecord{b3281f68 u0 com.u2opia.woo/.tutorial.TutorialLeftMenuGuideActivity t4}}
V/WindowManager(  360):   #3: Token{b3131a10 ActivityRecord{b31318b0 u0 com.u2opia.woo/.tutorial.TutorialBaseActivity t4}}
V/WindowManager(  360):   #2: Token{b3466390 ActivityRecord{b30dbcc0 u0 com.u2opia.woo/com.u2opia.foneverify.FoneVerifyActivity t4}}
V/WindowManager(  360):   #1: Token{b323b2d8 ActivityRecord{b2f5bb60 u0 com.u2opia.woo/.intro.IntroSlidesLoginActivity t4}}
V/WindowManager(  360):   #0: Token{b36fa158 ActivityRecord{b3278a88 u0 com.android.launcher/com.android.launcher2.Launcher t3}}
W/WindowManager(  360): Final window list:
V/WindowManager(  360):   #0: Window{b2ffba30 u0 StatusBar}
V/WindowManager(  360):   #1: Window{b35dd908 u0 KeyguardScrim}
V/WindowManager(  360):   #2: Window{b2f5be58 u0 Application Error: com.u2opia.woo}
V/WindowManager(  360):   #3: Window{b3209510 u0 com.u2opia.woo/com.u2opia.woo.tutorial.TutorialBaseActivity}
V/WindowManager(  360):   #4: Window{b2e45fb0 u0 com.u2opia.woo/com.u2opia.foneverify.FoneVerifyActivity}
V/WindowManager(  360):   #5: Window{b31153d0 u0 com.u2opia.woo/com.u2opia.woo.intro.IntroSlidesLoginActivity}
V/WindowManager(  360):   #6: Window{b3492600 u0 com.u2opia.woo/com.u2opia.woo.intro.IntroSlidesLoginActivity}
V/WindowManager(  360):   #7: Window{b2f095b0 u0 com.android.launcher/com.android.launcher2.Launcher}
V/WindowManager(  360):   #8: Window{b308a9d8 u0 com.android.systemui.ImageWallpaper}
W/ActivityManager(  360): Launch timeout has expired, giving up wake lock!
D/AndroidRuntime( 1286): Shutting down VM
D/dalvikvm( 1286): GC_CONCURRENT freed 97K, 15% free 589K/688K, paused 2ms+7ms, total 18ms
D/AndroidRuntime( 1296): 
D/AndroidRuntime( 1296): >>>>>> AndroidRuntime START com.android.internal.os.RuntimeInit <<<<<<
D/AndroidRuntime( 1296): CheckJNI is ON
D/dalvikvm( 1296): Trying to load lib libjavacore.so 0x0
D/dalvikvm( 1296): Added shared lib libjavacore.so 0x0
D/dalvikvm( 1296): Trying to load lib libnativehelper.so 0x0
D/dalvikvm( 1296): Added shared lib libnativehelper.so 0x0
D/dalvikvm( 1296): No JNI_OnLoad found in libnativehelper.so 0x0, skipping init
D/dalvikvm( 1296): Note: class Landroid/app/ActivityManagerNative; has 179 unimplemented (abstract) methods
E/memtrack( 1296): Couldn't load memtrack module (No such file or directory)
E/android.os.Debug( 1296): failed to load memtrack module: -2
D/AndroidRuntime( 1296): Calling main entry com.android.commands.am.Am
I/ActivityManager(  360): START u0 {act=android.intent.action.MAIN cat=[android.intent.category.LAUNCHER] flg=0x10000000 cmp=com.u2opia.woo/.profile.UserProfileActivity} from pid 1296
W/ActivityManager(  360): Activity pause timeout for ActivityRecord{b33af0c0 u0 com.u2opia.woo/.monetisation.BoostCrushPurchaseActivity t4}
W/ActivityManager(  360): Launch timeout has expired, giving up wake lock!
D/AndroidRuntime( 1296): Shutting down VM
D/dalvikvm( 1296): GC_CONCURRENT freed 97K, 15% free 589K/688K, paused 2ms+2ms, total 12ms
D/AndroidRuntime( 1306): 
D/AndroidRuntime( 1306): >>>>>> AndroidRuntime START com.android.internal.os.RuntimeInit <<<<<<
D/AndroidRuntime( 1306): CheckJNI is ON
D/dalvikvm( 1306): Trying to load lib libjavacore.so 0x0
D/dalvikvm( 1306): Added shared lib libjavacore.so 0x0
D/dalvikvm( 1306): Trying to load lib libnativehelper.so 0x0
D/dalvikvm( 1306): Added shared lib libnativehelper.so 0x0
D/dalvikvm( 1306): No JNI_OnLoad found in libnativehelper.so 0x0, skipping init
D/dalvikvm( 1306): Note: class Landroid/app/ActivityManagerNative; has 179 unimplemented (abstract) methods
E/memtrack( 1306): Couldn't load memtrack module (No such file or directory)
E/android.os.Debug( 1306): failed to load memtrack module: -2
D/AndroidRuntime( 1306): Calling main entry com.android.commands.am.Am
I/ActivityManager(  360): START u0 {act=android.intent.action.MAIN cat=[android.intent.category.LAUNCHER] flg=0x10000000 cmp=com.u2opia.woo/.profile.myprofile.ProfileDetailLifestyleSelectionActivity} from pid 1306
W/ActivityManager(  360): Activity pause timeout for ActivityRecord{b342b118 u0 com.u2opia.woo/.profile.UserProfileActivity t4}
W/ActivityManager(  360): Launch timeout has expired, giving up wake lock!
D/AndroidRuntime( 1306): Shutting down VM
D/dalvikvm( 1306): GC_CONCURRENT freed 97K, 15% free 589K/688K, paused 2ms+2ms, total 13ms
D/AndroidRuntime( 1316): 
D/AndroidRuntime( 1316): >>>>>> AndroidRuntime START com.android.internal.os.RuntimeInit <<<<<<
D/AndroidRuntime( 1316): CheckJNI is ON
D/dalvikvm( 1316): Trying to load lib libjavacore.so 0x0
D/dalvikvm( 1316): Added shared lib libjavacore.so 0x0
D/dalvikvm( 1316): Trying to load lib libnativehelper.so 0x0
D/dalvikvm( 1316): Added shared lib libnativehelper.so 0x0
D/dalvikvm( 1316): No JNI_OnLoad found in libnativehelper.so 0x0, skipping init
D/dalvikvm( 1316): Note: class Landroid/app/ActivityManagerNative; has 179 unimplemented (abstract) methods
E/memtrack( 1316): Couldn't load memtrack module (No such file or directory)
E/android.os.Debug( 1316): failed to load memtrack module: -2
D/AndroidRuntime( 1316): Calling main entry com.android.commands.am.Am
I/ActivityManager(  360): START u0 {act=android.intent.action.MAIN cat=[android.intent.category.LAUNCHER] flg=0x10000000 cmp=com.u2opia.woo/.profile.myprofile.PersonalityActivity} from pid 1316
W/ActivityManager(  360): Activity pause timeout for ActivityRecord{b2daa670 u0 com.u2opia.woo/.profile.myprofile.ProfileDetailLifestyleSelectionActivity t4}
W/ActivityManager(  360): Launch timeout has expired, giving up wake lock!
D/AndroidRuntime( 1316): Shutting down VM
D/dalvikvm( 1316): GC_CONCURRENT freed 97K, 15% free 589K/688K, paused 3ms+2ms, total 12ms
D/AndroidRuntime( 1326): 
D/AndroidRuntime( 1326): >>>>>> AndroidRuntime START com.android.internal.os.RuntimeInit <<<<<<
D/AndroidRuntime( 1326): CheckJNI is ON
D/dalvikvm( 1326): Trying to load lib libjavacore.so 0x0
D/dalvikvm( 1326): Added shared lib libjavacore.so 0x0
D/dalvikvm( 1326): Trying to load lib libnativehelper.so 0x0
D/dalvikvm( 1326): Added shared lib libnativehelper.so 0x0
D/dalvikvm( 1326): No JNI_OnLoad found in libnativehelper.so 0x0, skipping init
D/dalvikvm( 1326): Note: class Landroid/app/ActivityManagerNative; has 179 unimplemented (abstract) methods
E/memtrack( 1326): Couldn't load memtrack module (No such file or directory)
E/android.os.Debug( 1326): failed to load memtrack module: -2
D/AndroidRuntime( 1326): Calling main entry com.android.commands.am.Am
I/ActivityManager(  360): START u0 {act=android.intent.action.MAIN cat=[android.intent.category.LAUNCHER] flg=0x10000000 cmp=com.u2opia.woo/.profile.PhotoViewerActivity} from pid 1326
W/ActivityManager(  360): Activity pause timeout for ActivityRecord{b315a1c8 u0 com.u2opia.woo/.profile.myprofile.PersonalityActivity t4}
W/ActivityManager(  360): Launch timeout has expired, giving up wake lock!
D/AndroidRuntime( 1326): Shutting down VM
D/dalvikvm( 1326): GC_CONCURRENT freed 97K, 15% free 589K/688K, paused 2ms+2ms, total 15ms
D/AndroidRuntime( 1336): 
D/AndroidRuntime( 1336): >>>>>> AndroidRuntime START com.android.internal.os.RuntimeInit <<<<<<
D/AndroidRuntime( 1336): CheckJNI is ON
D/dalvikvm( 1336): Trying to load lib libjavacore.so 0x0
D/dalvikvm( 1336): Added shared lib libjavacore.so 0x0
D/dalvikvm( 1336): Trying to load lib libnativehelper.so 0x0
D/dalvikvm( 1336): Added shared lib libnativehelper.so 0x0
D/dalvikvm( 1336): No JNI_OnLoad found in libnativehelper.so 0x0, skipping init
D/dalvikvm( 1336): Note: class Landroid/app/ActivityManagerNative; has 179 unimplemented (abstract) methods
E/memtrack( 1336): Couldn't load memtrack module (No such file or directory)
E/android.os.Debug( 1336): failed to load memtrack module: -2
D/AndroidRuntime( 1336): Calling main entry com.android.commands.am.Am
I/ActivityManager(  360): START u0 {act=android.intent.action.MAIN cat=[android.intent.category.LAUNCHER] flg=0x10000000 cmp=com.u2opia.woo/.profile.myprofile.FullScreenPhotoViewer} from pid 1336
W/ActivityManager(  360): Activity pause timeout for ActivityRecord{b349d6e0 u0 com.u2opia.woo/.profile.PhotoViewerActivity t4}
W/ActivityManager(  360): Launch timeout has expired, giving up wake lock!
D/AndroidRuntime( 1336): Shutting down VM
D/dalvikvm( 1336): GC_CONCURRENT freed 97K, 15% free 589K/688K, paused 3ms+2ms, total 12ms
D/AndroidRuntime( 1346): 
D/AndroidRuntime( 1346): >>>>>> AndroidRuntime START com.android.internal.os.RuntimeInit <<<<<<
D/AndroidRuntime( 1346): CheckJNI is ON
D/dalvikvm( 1346): Trying to load lib libjavacore.so 0x0
D/dalvikvm( 1346): Added shared lib libjavacore.so 0x0
D/dalvikvm( 1346): Trying to load lib libnativehelper.so 0x0
D/dalvikvm( 1346): Added shared lib libnativehelper.so 0x0
D/dalvikvm( 1346): No JNI_OnLoad found in libnativehelper.so 0x0, skipping init
D/dalvikvm( 1346): Note: class Landroid/app/ActivityManagerNative; has 179 unimplemented (abstract) methods
E/memtrack( 1346): Couldn't load memtrack module (No such file or directory)
E/android.os.Debug( 1346): failed to load memtrack module: -2
D/AndroidRuntime( 1346): Calling main entry com.android.commands.am.Am
I/ActivityManager(  360): START u0 {act=android.intent.action.MAIN cat=[android.intent.category.LAUNCHER] flg=0x10000000 cmp=com.u2opia.woo/.matches.ItsAMatchActivity} from pid 1346
W/ActivityManager(  360): Activity pause timeout for ActivityRecord{b3588728 u0 com.u2opia.woo/.profile.myprofile.FullScreenPhotoViewer t4}
W/ActivityManager(  360): Launch timeout has expired, giving up wake lock!
D/AndroidRuntime( 1346): Shutting down VM
D/dalvikvm( 1346): GC_CONCURRENT freed 97K, 15% free 589K/688K, paused 2ms+3ms, total 17ms
D/AndroidRuntime( 1360): 
D/AndroidRuntime( 1360): >>>>>> AndroidRuntime START com.android.internal.os.RuntimeInit <<<<<<
D/AndroidRuntime( 1360): CheckJNI is ON
D/dalvikvm( 1360): Trying to load lib libjavacore.so 0x0
D/dalvikvm( 1360): Added shared lib libjavacore.so 0x0
D/dalvikvm( 1360): Trying to load lib libnativehelper.so 0x0
D/dalvikvm( 1360): Added shared lib libnativehelper.so 0x0
D/dalvikvm( 1360): No JNI_OnLoad found in libnativehelper.so 0x0, skipping init
D/dalvikvm( 1360): Note: class Landroid/app/ActivityManagerNative; has 179 unimplemented (abstract) methods
E/memtrack( 1360): Couldn't load memtrack module (No such file or directory)
E/android.os.Debug( 1360): failed to load memtrack module: -2
D/AndroidRuntime( 1360): Calling main entry com.android.commands.am.Am
I/ActivityManager(  360): START u0 {act=android.intent.action.MAIN cat=[android.intent.category.LAUNCHER] flg=0x10000000 cmp=com.u2opia.woo/.matches.MatchBoxActivity} from pid 1360
W/ActivityManager(  360): Activity pause timeout for ActivityRecord{b3466988 u0 com.u2opia.woo/.matches.ItsAMatchActivity t4}
W/ActivityManager(  360): Launch timeout has expired, giving up wake lock!
D/AndroidRuntime( 1360): Shutting down VM
D/dalvikvm( 1360): GC_CONCURRENT freed 97K, 15% free 589K/688K, paused 2ms+2ms, total 13ms
D/AndroidRuntime( 1370): 
D/AndroidRuntime( 1370): >>>>>> AndroidRuntime START com.android.internal.os.RuntimeInit <<<<<<
D/AndroidRuntime( 1370): CheckJNI is ON
D/dalvikvm( 1370): Trying to load lib libjavacore.so 0x0
D/dalvikvm( 1370): Added shared lib libjavacore.so 0x0
D/dalvikvm( 1370): Trying to load lib libnativehelper.so 0x0
D/dalvikvm( 1370): Added shared lib libnativehelper.so 0x0
D/dalvikvm( 1370): No JNI_OnLoad found in libnativehelper.so 0x0, skipping init
D/dalvikvm( 1370): Note: class Landroid/app/ActivityManagerNative; has 179 unimplemented (abstract) methods
E/memtrack( 1370): Couldn't load memtrack module (No such file or directory)
E/android.os.Debug( 1370): failed to load memtrack module: -2
D/AndroidRuntime( 1370): Calling main entry com.android.commands.am.Am
I/ActivityManager(  360): START u0 {act=android.intent.action.MAIN cat=[android.intent.category.LAUNCHER] flg=0x10000000 cmp=com.u2opia.woo/.matches.AskQuestionActivity} from pid 1370
W/ActivityManager(  360): Activity pause timeout for ActivityRecord{b35909c0 u0 com.u2opia.woo/.matches.MatchBoxActivity t4}
W/ActivityManager(  360): Launch timeout has expired, giving up wake lock!
D/AndroidRuntime( 1370): Shutting down VM
D/dalvikvm( 1370): GC_CONCURRENT freed 97K, 15% free 589K/688K, paused 1ms+1ms, total 5ms
D/AndroidRuntime( 1380): 
D/AndroidRuntime( 1380): >>>>>> AndroidRuntime START com.android.internal.os.RuntimeInit <<<<<<
D/AndroidRuntime( 1380): CheckJNI is ON
D/dalvikvm( 1380): Trying to load lib libjavacore.so 0x0
D/dalvikvm( 1380): Added shared lib libjavacore.so 0x0
D/dalvikvm( 1380): Trying to load lib libnativehelper.so 0x0
D/dalvikvm( 1380): Added shared lib libnativehelper.so 0x0
D/dalvikvm( 1380): No JNI_OnLoad found in libnativehelper.so 0x0, skipping init
D/dalvikvm( 1380): Note: class Landroid/app/ActivityManagerNative; has 179 unimplemented (abstract) methods
E/memtrack( 1380): Couldn't load memtrack module (No such file or directory)
E/android.os.Debug( 1380): failed to load memtrack module: -2
D/AndroidRuntime( 1380): Calling main entry com.android.commands.am.Am
I/ActivityManager(  360): START u0 {act=android.intent.action.MAIN cat=[android.intent.category.LAUNCHER] flg=0x10000000 cmp=com.u2opia.woo/.matches.AnswersActivity} from pid 1380
W/ActivityManager(  360): Activity pause timeout for ActivityRecord{b3086200 u0 com.u2opia.woo/.matches.AskQuestionActivity t4}
W/ActivityManager(  360): Launch timeout has expired, giving up wake lock!
D/AndroidRuntime( 1380): Shutting down VM
D/dalvikvm( 1380): GC_CONCURRENT freed 97K, 15% free 589K/688K, paused 2ms+3ms, total 14ms
D/AndroidRuntime( 1390): 
D/AndroidRuntime( 1390): >>>>>> AndroidRuntime START com.android.internal.os.RuntimeInit <<<<<<
D/AndroidRuntime( 1390): CheckJNI is ON
D/dalvikvm( 1390): Trying to load lib libjavacore.so 0x0
D/dalvikvm( 1390): Added shared lib libjavacore.so 0x0
D/dalvikvm( 1390): Trying to load lib libnativehelper.so 0x0
D/dalvikvm( 1390): Added shared lib libnativehelper.so 0x0
D/dalvikvm( 1390): No JNI_OnLoad found in libnativehelper.so 0x0, skipping init
D/dalvikvm( 1390): Note: class Landroid/app/ActivityManagerNative; has 179 unimplemented (abstract) methods
E/memtrack( 1390): Couldn't load memtrack module (No such file or directory)
E/android.os.Debug( 1390): failed to load memtrack module: -2
D/AndroidRuntime( 1390): Calling main entry com.android.commands.am.Am
I/ActivityManager(  360): START u0 {act=android.intent.action.MAIN cat=[android.intent.category.LAUNCHER] flg=0x10000000 cmp=com.u2opia.woo/.matches.PostQuestionActivity} from pid 1390
W/ActivityManager(  360): Activity pause timeout for ActivityRecord{b2f331e0 u0 com.u2opia.woo/.matches.AnswersActivity t4}
W/ActivityManager(  360): Launch timeout has expired, giving up wake lock!
D/AndroidRuntime( 1390): Shutting down VM
D/dalvikvm( 1390): GC_CONCURRENT freed 97K, 15% free 589K/692K, paused 3ms+3ms, total 14ms
D/AndroidRuntime( 1400): 
D/AndroidRuntime( 1400): >>>>>> AndroidRuntime START com.android.internal.os.RuntimeInit <<<<<<
D/AndroidRuntime( 1400): CheckJNI is ON
D/dalvikvm( 1400): Trying to load lib libjavacore.so 0x0
D/dalvikvm( 1400): Added shared lib libjavacore.so 0x0
D/dalvikvm( 1400): Trying to load lib libnativehelper.so 0x0
D/dalvikvm( 1400): Added shared lib libnativehelper.so 0x0
D/dalvikvm( 1400): No JNI_OnLoad found in libnativehelper.so 0x0, skipping init
D/dalvikvm( 1400): Note: class Landroid/app/ActivityManagerNative; has 179 unimplemented (abstract) methods
E/memtrack( 1400): Couldn't load memtrack module (No such file or directory)
E/android.os.Debug( 1400): failed to load memtrack module: -2
D/AndroidRuntime( 1400): Calling main entry com.android.commands.am.Am
I/ActivityManager(  360): START u0 {act=android.intent.action.MAIN cat=[android.intent.category.LAUNCHER] flg=0x10000000 cmp=com.u2opia.woo/.invite.InviteFriendsActivity} from pid 1400
W/ActivityManager(  360): Activity pause timeout for ActivityRecord{b3572dc0 u0 com.u2opia.woo/.matches.PostQuestionActivity t4}
W/ActivityManager(  360): Launch timeout has expired, giving up wake lock!
D/AndroidRuntime( 1400): Shutting down VM
D/dalvikvm( 1400): GC_CONCURRENT freed 97K, 15% free 589K/688K, paused 3ms+3ms, total 14ms
D/AndroidRuntime( 1410): 
D/AndroidRuntime( 1410): >>>>>> AndroidRuntime START com.android.internal.os.RuntimeInit <<<<<<
D/AndroidRuntime( 1410): CheckJNI is ON
D/dalvikvm( 1410): Trying to load lib libjavacore.so 0x0
D/dalvikvm( 1410): Added shared lib libjavacore.so 0x0
D/dalvikvm( 1410): Trying to load lib libnativehelper.so 0x0
D/dalvikvm( 1410): Added shared lib libnativehelper.so 0x0
D/dalvikvm( 1410): No JNI_OnLoad found in libnativehelper.so 0x0, skipping init
D/dalvikvm( 1410): Note: class Landroid/app/ActivityManagerNative; has 179 unimplemented (abstract) methods
E/memtrack( 1410): Couldn't load memtrack module (No such file or directory)
E/android.os.Debug( 1410): failed to load memtrack module: -2
D/AndroidRuntime( 1410): Calling main entry com.android.commands.am.Am
I/ActivityManager(  360): START u0 {act=android.intent.action.MAIN cat=[android.intent.category.LAUNCHER] flg=0x10000000 cmp=com.u2opia.woo/.notification.NotificationsActivity} from pid 1410
W/ActivityManager(  360): Activity pause timeout for ActivityRecord{b3176190 u0 com.u2opia.woo/.invite.InviteFriendsActivity t4}
W/ActivityManager(  360): Launch timeout has expired, giving up wake lock!
D/AndroidRuntime( 1410): Shutting down VM
D/dalvikvm( 1410): GC_CONCURRENT freed 97K, 15% free 589K/688K, paused 3ms+2ms, total 12ms
D/AndroidRuntime( 1420): 
D/AndroidRuntime( 1420): >>>>>> AndroidRuntime START com.android.internal.os.RuntimeInit <<<<<<
D/AndroidRuntime( 1420): CheckJNI is ON
D/dalvikvm( 1420): Trying to load lib libjavacore.so 0x0
D/dalvikvm( 1420): Added shared lib libjavacore.so 0x0
D/dalvikvm( 1420): Trying to load lib libnativehelper.so 0x0
D/dalvikvm( 1420): Added shared lib libnativehelper.so 0x0
D/dalvikvm( 1420): No JNI_OnLoad found in libnativehelper.so 0x0, skipping init
D/dalvikvm( 1420): Note: class Landroid/app/ActivityManagerNative; has 179 unimplemented (abstract) methods
E/memtrack( 1420): Couldn't load memtrack module (No such file or directory)
E/android.os.Debug( 1420): failed to load memtrack module: -2
D/AndroidRuntime( 1420): Calling main entry com.android.commands.am.Am
I/ActivityManager(  360): START u0 {act=android.intent.action.MAIN cat=[android.intent.category.LAUNCHER] flg=0x10000000 cmp=com.u2opia.woo/.settings.SettingsActivity} from pid 1420
W/ActivityManager(  360): Activity pause timeout for ActivityRecord{b32814d0 u0 com.u2opia.woo/.notification.NotificationsActivity t4}
W/ActivityManager(  360): Launch timeout has expired, giving up wake lock!
D/AndroidRuntime( 1420): Shutting down VM
D/dalvikvm( 1420): GC_CONCURRENT freed 97K, 15% free 589K/688K, paused 4ms+3ms, total 16ms
D/AndroidRuntime( 1430): 
D/AndroidRuntime( 1430): >>>>>> AndroidRuntime START com.android.internal.os.RuntimeInit <<<<<<
D/AndroidRuntime( 1430): CheckJNI is ON
D/dalvikvm( 1430): Trying to load lib libjavacore.so 0x0
D/dalvikvm( 1430): Added shared lib libjavacore.so 0x0
D/dalvikvm( 1430): Trying to load lib libnativehelper.so 0x0
D/dalvikvm( 1430): Added shared lib libnativehelper.so 0x0
D/dalvikvm( 1430): No JNI_OnLoad found in libnativehelper.so 0x0, skipping init
D/dalvikvm( 1430): Note: class Landroid/app/ActivityManagerNative; has 179 unimplemented (abstract) methods
E/memtrack( 1430): Couldn't load memtrack module (No such file or directory)
E/android.os.Debug( 1430): failed to load memtrack module: -2
D/AndroidRuntime( 1430): Calling main entry com.android.commands.am.Am
I/ActivityManager(  360): START u0 {act=android.intent.action.MAIN cat=[android.intent.category.LAUNCHER] flg=0x10000000 cmp=com.u2opia.woo/.profile.myprofile.MyProfileActivity} from pid 1430
W/ActivityManager(  360): Activity pause timeout for ActivityRecord{b2e71eb0 u0 com.u2opia.woo/.settings.SettingsActivity t4}
W/ActivityManager(  360): Launch timeout has expired, giving up wake lock!
D/AndroidRuntime( 1430): Shutting down VM
D/dalvikvm( 1430): GC_CONCURRENT freed 97K, 15% free 589K/692K, paused 3ms+3ms, total 17ms
D/dalvikvm(  360): GC_CONCURRENT freed 637K, 53% free 6241K/13216K, paused 8ms+5ms, total 64ms
D/AndroidRuntime( 1440): 
D/AndroidRuntime( 1440): >>>>>> AndroidRuntime START com.android.internal.os.RuntimeInit <<<<<<
D/AndroidRuntime( 1440): CheckJNI is ON
D/dalvikvm( 1440): Trying to load lib libjavacore.so 0x0
D/dalvikvm( 1440): Added shared lib libjavacore.so 0x0
D/dalvikvm( 1440): Trying to load lib libnativehelper.so 0x0
D/dalvikvm( 1440): Added shared lib libnativehelper.so 0x0
D/dalvikvm( 1440): No JNI_OnLoad found in libnativehelper.so 0x0, skipping init
D/dalvikvm( 1440): Note: class Landroid/app/ActivityManagerNative; has 179 unimplemented (abstract) methods
E/memtrack( 1440): Couldn't load memtrack module (No such file or directory)
E/android.os.Debug( 1440): failed to load memtrack module: -2
D/AndroidRuntime( 1440): Calling main entry com.android.commands.am.Am
I/ActivityManager(  360): START u0 {act=android.intent.action.MAIN cat=[android.intent.category.LAUNCHER] flg=0x10000000 cmp=com.u2opia.woo/.profile.myprofile.DownloadingImageActivity} from pid 1440
W/ActivityManager(  360): Activity pause timeout for ActivityRecord{b33a9b00 u0 com.u2opia.woo/.profile.myprofile.MyProfileActivity t4}
I/Process ( 1153): Sending signal. PID: 1153 SIG: 9
