I/ActivityManager(  360): Process com.u2opia.woo (pid 1153) has died.
I/WindowState(  360): WIN DEATH: Window{b3492600 u0 com.u2opia.woo/com.u2opia.woo.intro.IntroSlidesLoginActivity}
I/WindowState(  360): WIN DEATH: Window{b310bc60 u0 com.u2opia.woo/com.u2opia.woo.tutorial.TutorialActivity}
I/ActivityManager(  360): Start proc com.u2opia.woo for activity com.u2opia.woo/.profile.myprofile.DownloadingImageActivity: pid=1451 uid=10052 gids={50052, 1028, 1015, 3003}
I/WindowState(  360): WIN DEATH: Window{b3209510 u0 com.u2opia.woo/com.u2opia.woo.tutorial.TutorialBaseActivity}
I/WindowState(  360): WIN DEATH: Window{b31153d0 u0 com.u2opia.woo/com.u2opia.woo.intro.IntroSlidesLoginActivity}
I/WindowState(  360): WIN DEATH: Window{b2e45fb0 u0 com.u2opia.woo/com.u2opia.foneverify.FoneVerifyActivity}
I/MultiDex( 1451): VM with version 1.6.0 does not have multidex support
I/MultiDex( 1451): install
I/MultiDex( 1451): MultiDexExtractor.load(/data/app/com.u2opia.woo-1.apk, false)
I/MultiDex( 1451): loading existing secondary dex files
I/MultiDex( 1451): load found 1 secondary dex files
I/MultiDex( 1451): install done
I/dalvikvm( 1451): Could not find method android.content.pm.PackageManager.getPackageInstaller, referenced from method com.google.android.gms.common.zze.zzi
W/dalvikvm( 1451): VFY: unable to resolve virtual method 721: Landroid/content/pm/PackageManager;.getPackageInstaller ()Landroid/content/pm/PackageInstaller;
D/dalvikvm( 1451): VFY: replacing opcode 0x6e at 0x000b
I/GMPM    ( 1451): App measurement is starting up, version: 8487
I/GMPM    ( 1451): To enable debug logging run: adb shell setprop log.tag.GMPM VERBOSE
D/dalvikvm( 1451): GC_CONCURRENT freed 261K, 11% free 2867K/3200K, paused 4ms+3ms, total 54ms
E/GMPM    ( 1451): GoogleService failed to initialize, status: 10, Missing an expected resource: 'R.string.google_app_id' for initializing Google services.  Possible causes are missing google-services.json or com.google.gms.google-services gradle plugin.
E/GMPM    ( 1451): Scheduler not set. Not logging error/warn.
E/GMPM    ( 1451): Uploading is not possible. App measurement disabled
I/LayerSDK( 1451): LayerClient : Creating new Layer client, layerAppId: layer:///apps/production/8a883a62-b6d1-11e4-856d-47bb5f025de4 LayerClient.Options{skipConfigurationCheck=false, broadcastPushForeground=true, gcmSenderId='575320750808', autoDownloadMimeTypes=[text/plain], autoDownloadSizeThreshold=2048, diskCapacity=0}
E/LayerSDK( 1451): LayerClientImpl : ************                                 **********
E/LayerSDK( 1451): *             LayerSDK configuration issues           *
E/LayerSDK( 1451): ************                                 **********
E/LayerSDK( 1451): 1:  Required permission: [com.google.android.c2dm.permission.RECEIVE] is not granted. Is it missing in AndroidManifest.xml?
D/dalvikvm( 1451): GC_CONCURRENT freed 321K, 12% free 3004K/3400K, paused 4ms+13ms, total 40ms
I/LayerSDK( 1451): LayerClientImpl : Layer SDK Version : 0.15.2
I/SwrveSDK( 1451): Your user id is: e53d2f77-14e7-46c8-a528-969269a4a4ea
D/dalvikvm( 1451): GC_CONCURRENT freed 339K, 12% free 3063K/3472K, paused 4ms+2ms, total 40ms
D/SwrveSDK( 1451): Using cache directory at /data/data/com.u2opia.woo/cache
W/GooglePlayServicesUtil( 1451): Google Play services is missing.
E/SwrveSDK( 1451): Google Play Services are not available, resolveable error code: 1. You can use getErrorDialog in your app to try to address this issue at runtime.
I/SwrveSDK( 1451): session_start event queued
I/SwrveSDK( 1451): Not showing message for Swrve.user_properties_changed: No conversations available
I/SwrveSDK( 1451): Not showing message for Swrve.user_properties_changed: No messages available
I/SwrveSDK( 1451): Could not set Crashlytics metadata
I/SwrveSDK( 1451): Init finished
I/SwrveSDK( 1451): user event queued
I/SwrveSDK( 1451): Sending device info
D/dalvikvm( 1451): GC_FOR_ALLOC freed 138K, 9% free 3180K/3472K, paused 66ms, total 66ms
D/dalvikvm( 1451): GC_CONCURRENT freed 78K, 5% free 3587K/3748K, paused 4ms+4ms, total 65ms
D/dalvikvm( 1451): WAIT_FOR_CONCURRENT_GC blocked 1ms
I/SwrveSDK( 1451): Sending queued events
I/SwrveSDK( 1451): Sending 2 events to Swrve
D/dalvikvm( 1451): GC_CONCURRENT freed 128K, 5% free 3954K/4156K, paused 4ms+3ms, total 44ms
D/dalvikvm( 1451): GC_CONCURRENT freed 367K, 10% free 4024K/4464K, paused 22ms+11ms, total 59ms
I/SwrveSDK( 1451): Events sent to Swrve
D/dalvikvm( 1451): GC_CONCURRENT freed 339K, 9% free 4140K/4548K, paused 5ms+5ms, total 77ms
I/SwrveSDK( 1451): onResume
I/SwrveSDK( 1451): Not showing message for Swrve.user_properties_changed: No conversations available
I/SwrveSDK( 1451): Not showing message for Swrve.user_properties_changed: No messages available
I/SwrveSDK( 1451): onPause
I/SwrveSDK( 1451): user event queued
I/SwrveSDK( 1451): Flushing to disk
W/ActivityManager(  360): Launch timeout has expired, giving up wake lock!
W/System  ( 1451): Ignoring header WOO_ACCESS_TOKEN because its value was null.
I/SwrveSDK( 1451): Saved campaigns in cache
I/SwrveSDK( 1451): Sending queued events
I/Choreographer( 1451): Skipped 53 frames!  The application may be doing too much work on its main thread.
I/SwrveSDK( 1451): Sending 1 events to Swrve
D/dalvikvm( 1451): GC_CONCURRENT freed 381K, 10% free 4206K/4660K, paused 15ms+33ms, total 151ms
D/gralloc_goldfish( 1451): Emulator without GPU emulation detected.
I/SwrveSDK( 1451): onResume
I/ActivityManager(  360): Displayed com.u2opia.woo/.profile.myprofile.MyProfileActivity: +3s358ms (total +5m3s987ms)
D/AndroidRuntime( 1440): Shutting down VM
D/dalvikvm( 1440): GC_CONCURRENT freed 98K, 15% free 589K/692K, paused 2ms+12ms, total 29ms
I/SwrveSDK( 1451): Not showing message for Swrve.user_properties_changed: No conversations available
I/SwrveSDK( 1451): Not showing message for Swrve.user_properties_changed: No messages available
I/Choreographer( 1451): Skipped 132 frames!  The application may be doing too much work on its main thread.
I/SwrveSDK( 1451): user event queued
I/SwrveSDK( 1451): Events sent to Swrve
I/SwrveSDK( 1451): Sending queued events
I/SwrveSDK( 1451): Sending 1 events to Swrve
I/Choreographer( 1451): Skipped 58 frames!  The application may be doing too much work on its main thread.
E/Volley  ( 1451): [104] BasicNetwork.performRequest: Unexpected response code 500 for http://api.getwooapp.com/woo/api/v1/app/config/sync?wooId=&syncType=PROFILE_OPTIONS
I/SwrveSDK( 1451): Events sent to Swrve
W/InputMethodManagerService(  360): Got RemoteException sending setActive(false) notification to pid 1153 uid 10052
W/Binder  (  580): Caught a RuntimeException from the binder stub implementation.
W/Binder  (  580): java.lang.NullPointerException
W/Binder  (  580): 	at android.inputmethodservice.IInputMethodWrapper.setSessionEnabled(IInputMethodWrapper.java:280)
W/Binder  (  580): 	at com.android.internal.view.IInputMethod$Stub.onTransact(IInputMethod.java:129)
W/Binder  (  580): 	at android.os.Binder.execTransact(Binder.java:404)
W/Binder  (  580): 	at dalvik.system.NativeStart.run(Native Method)
D/dalvikvm( 1451): GC_CONCURRENT freed 380K, 10% free 4213K/4664K, paused 5ms+37ms, total 136ms
D/dalvikvm( 1451): GC_CONCURRENT freed 403K, 11% free 4217K/4696K, paused 86ms+51ms, total 264ms
D/AndroidRuntime( 1500): 
D/AndroidRuntime( 1500): >>>>>> AndroidRuntime START com.android.internal.os.RuntimeInit <<<<<<
D/AndroidRuntime( 1500): CheckJNI is ON
D/dalvikvm( 1500): Trying to load lib libjavacore.so 0x0
D/dalvikvm( 1500): Added shared lib libjavacore.so 0x0
D/dalvikvm( 1500): Trying to load lib libnativehelper.so 0x0
D/dalvikvm( 1500): Added shared lib libnativehelper.so 0x0
D/dalvikvm( 1500): No JNI_OnLoad found in libnativehelper.so 0x0, skipping init
D/dalvikvm( 1500): Note: class Landroid/app/ActivityManagerNative; has 179 unimplemented (abstract) methods
E/memtrack( 1500): Couldn't load memtrack module (No such file or directory)
E/android.os.Debug( 1500): failed to load memtrack module: -2
D/AndroidRuntime( 1500): Calling main entry com.android.commands.am.Am
I/ActivityManager(  360): START u0 {act=android.intent.action.MAIN cat=[android.intent.category.LAUNCHER] flg=0x10000000 cmp=com.u2opia.woo/.faq.FAQActivity} from pid 1500
I/SwrveSDK( 1451): onPause
I/SwrveSDK( 1451): Flushing to disk
I/SwrveSDK( 1451): Saved campaigns in cache
I/Choreographer( 1451): Skipped 61 frames!  The application may be doing too much work on its main thread.
V/WebViewChromiumFactoryProvider( 1451): Binding Chromium to main looper Looper (main, tid 1) {b2d2bd18}
I/LibraryLoader( 1451): Expected native library version number "",actual native library version number ""
I/chromium( 1451): [INFO:library_loader_hooks.cc(116)] Chromium logging enabled: level = 0, default verbosity = 0
I/BrowserStartupController( 1451): Initializing chromium process, renderers=0
E/AudioManagerAndroid( 1451): BLUETOOTH permission is missing!
E/chromium( 1451): [ERROR:gl_surface_egl.cc(169)] No suitable EGL configs found.
E/chromium( 1451): [ERROR:gl_surface_egl.cc(702)] GLSurfaceEGL::InitializeOneOff failed.
E/chromium( 1451): [ERROR:gl_surface_egl.cc(169)] No suitable EGL configs found.
E/chromium( 1451): [ERROR:gl_surface_egl.cc(702)] GLSurfaceEGL::InitializeOneOff failed.
E/chromium( 1451): [ERROR:gpu_info_collector.cc(86)] gfx::GLSurface::InitializeOneOff() failed
E/chromium( 1451): [ERROR:gl_surface_egl.cc(169)] No suitable EGL configs found.
E/chromium( 1451): [ERROR:gl_surface_egl.cc(702)] GLSurfaceEGL::InitializeOneOff failed.
W/chromium( 1451): [WARNING:mailbox_synchronizer.cc(36)] MailboxSync not supported due to missing EGL image/fence support
W/chromium( 1451): [WARNING:proxy_service.cc(890)] PAC support disabled because there is no system implementation
I/SwrveSDK( 1451): onResume
I/SwrveSDK( 1451): Not showing message for Swrve.user_properties_changed: No conversations available
I/SwrveSDK( 1451): Not showing message for Swrve.user_properties_changed: No messages available
I/Choreographer( 1451): Skipped 612 frames!  The application may be doing too much work on its main thread.
W/AwContents( 1451): nativeOnDraw failed; clearing to background color.
I/SwrveSDK( 1451): user event queued
I/Choreographer( 1451): Skipped 96 frames!  The application may be doing too much work on its main thread.
I/Choreographer(  360): Skipped 39 frames!  The application may be doing too much work on its main thread.
I/ActivityManager(  360): Displayed com.u2opia.woo/.faq.FAQActivity: +3s612ms
D/AndroidRuntime( 1500): Shutting down VM
D/dalvikvm( 1500): GC_CONCURRENT freed 97K, 15% free 589K/688K, paused 1ms+1ms, total 10ms
I/Choreographer( 1451): Skipped 90 frames!  The application may be doing too much work on its main thread.
D/dalvikvm( 1451): GC_CONCURRENT freed 341K, 9% free 4362K/4772K, paused 204ms+237ms, total 871ms
I/Choreographer( 1451): Skipped 82 frames!  The application may be doing too much work on its main thread.
W/AwContents( 1451): nativeOnDraw failed; clearing to background color.
W/AwContents( 1451): nativeOnDraw failed; clearing to background color.
I/SwrveSDK( 1451): Sending queued events
W/AwContents( 1451): nativeOnDraw failed; clearing to background color.
W/AwContents( 1451): nativeOnDraw failed; clearing to background color.
W/AwContents( 1451): nativeOnDraw failed; clearing to background color.
W/AwContents( 1451): nativeOnDraw failed; clearing to background color.
I/SwrveSDK( 1451): Sending 1 events to Swrve
W/AwContents( 1451): nativeOnDraw failed; clearing to background color.
W/AwContents( 1451): nativeOnDraw failed; clearing to background color.
