D/dalvikvm(  928): GC_FOR_ALLOC freed 91K, 5% free 1956K/2048K, paused 15ms, total 15ms
D/dalvikvm(  928): DexOpt: load 1272ms, verify+opt 4612ms, 6311052 bytes
W/PackageManager(  355): Not granting permission android.permission.GLOBAL_SEARCH to package com.android.quicksearchbox (protectionLevel=18 flags=0x88be45)
W/PackageManager(  355): Unknown permission com.android.smspush.WAPPUSH_MANAGER_BIND in package com.android.phone
W/PackageManager(  355): Unknown permission com.google.android.googleapps.permission.GOOGLE_AUTH in package com.android.providers.calendar
W/PackageManager(  355): Unknown permission com.google.android.googleapps.permission.GOOGLE_AUTH.cl in package com.android.providers.calendar
W/PackageManager(  355): Unknown permission com.google.android.googleapps.permission.GOOGLE_AUTH.mail in package com.android.calendar
W/PackageManager(  355): Not granting permission android.permission.ACCESS_DOWNLOAD_MANAGER to package com.android.browser (protectionLevel=18 flags=0x89be45)
W/PackageManager(  355): Not granting permission android.permission.SEND_DOWNLOAD_COMPLETED_INTENTS to package com.android.browser (protectionLevel=2 flags=0x89be45)
W/PackageManager(  355): Not granting permission android.permission.BIND_APPWIDGET to package com.android.widgetpreview (protectionLevel=18 flags=0x8be44)
W/PackageManager(  355): Unknown permission android.permission.INSTALL_DRM in package com.android.mms
W/PackageManager(  355): Unknown permission com.google.android.googleapps.permission.GOOGLE_AUTH in package com.android.settings
W/PackageManager(  355): Unknown permission com.google.android.googleapps.permission.ACCESS_GOOGLE_PASSWORD in package com.android.development
W/PackageManager(  355): Unknown permission com.google.android.googleapps.permission.GOOGLE_AUTH in package com.android.development
W/PackageManager(  355): Unknown permission com.google.android.googleapps.permission.GOOGLE_AUTH.ALL_SERVICES in package com.android.development
W/PackageManager(  355): Unknown permission com.google.android.googleapps.permission.GOOGLE_AUTH.YouTubeUser in package com.android.development
W/PackageManager(  355): Not granting permission android.permission.DELETE_PACKAGES to package com.svox.pico (protectionLevel=18 flags=0x88be45)
W/PackageManager(  355): Not granting permission android.permission.DEVICE_POWER to package com.android.deskclock (protectionLevel=2 flags=0xc8be45)
W/PackageManager(  355): Unknown permission com.google.android.c2dm.permission.RECEIVE in package com.affinity.dodgers
W/PackageManager(  355): Unknown permission com.google.android.providers.gsf.permission.READ_GSERVICES in package com.affinity.dodgers
D/dalvikvm(  355): GC_CONCURRENT freed 845K, 47% free 6695K/12576K, paused 6ms+13ms, total 86ms
I/ActivityManager(  355): Force stopping com.affinity.dodgers appid=10052 user=-1: update pkg
D/ConnectivityService(  355): stopUsingNetworkFeature: teardown net 0: enableHIPRI
D/MediaScannerReceiver(  618): action: android.intent.action.MEDIA_MOUNTED path: /storage/sdcard
I/InputReader(  355): Reconfiguring input devices.  changes=0x00000010
I/PackageManager(  355):   Action: "android.intent.action.SENDTO"
I/PackageManager(  355):   Category: "android.intent.category.DEFAULT"
I/PackageManager(  355):   Scheme: "sms"
I/PackageManager(  355): Adding preferred activity ComponentInfo{com.android.mms/com.android.mms.ui.ComposeMessageActivity} for user 0 :
D/dalvikvm(  594): GC_CONCURRENT freed 528K, 16% free 3318K/3924K, paused 6ms+7ms, total 88ms
I/PackageManager(  355):   Action: "android.intent.action.SENDTO"
I/PackageManager(  355):   Category: "android.intent.category.DEFAULT"
I/PackageManager(  355):   Scheme: "smsto"
I/PackageManager(  355): Adding preferred activity ComponentInfo{com.android.mms/com.android.mms.ui.ComposeMessageActivity} for user 0 :
I/PackageManager(  355):   Action: "android.intent.action.SENDTO"
I/PackageManager(  355):   Category: "android.intent.category.DEFAULT"
I/PackageManager(  355):   Scheme: "mms"
I/PackageManager(  355): Adding preferred activity ComponentInfo{com.android.mms/com.android.mms.ui.ComposeMessageActivity} for user 0 :
I/PackageManager(  355):   Action: "android.intent.action.SENDTO"
I/PackageManager(  355):   Category: "android.intent.category.DEFAULT"
I/PackageManager(  355):   Scheme: "mmsto"
I/PackageManager(  355): Adding preferred activity ComponentInfo{com.android.mms/com.android.mms.ui.ComposeMessageActivity} for user 0 :
I/PackageManager(  355):   Action: "android.intent.action.SENDTO"
I/PackageManager(  355):   Category: "android.intent.category.DEFAULT"
I/PackageManager(  355):   Scheme: "sms"
I/PackageManager(  355): Adding preferred activity ComponentInfo{com.android.mms/com.android.mms.ui.ComposeMessageActivity} for user 0 :
I/PackageManager(  355):   Action: "android.intent.action.SENDTO"
I/PackageManager(  355):   Category: "android.intent.category.DEFAULT"
I/PackageManager(  355):   Scheme: "smsto"
I/PackageManager(  355): Adding preferred activity ComponentInfo{com.android.mms/com.android.mms.ui.ComposeMessageActivity} for user 0 :
I/PackageManager(  355):   Action: "android.intent.action.SENDTO"
I/PackageManager(  355):   Category: "android.intent.category.DEFAULT"
I/PackageManager(  355):   Scheme: "mms"
I/PackageManager(  355): Adding preferred activity ComponentInfo{com.android.mms/com.android.mms.ui.ComposeMessageActivity} for user 0 :
I/PackageManager(  355):   Action: "android.intent.action.SENDTO"
I/PackageManager(  355):   Category: "android.intent.category.DEFAULT"
I/PackageManager(  355):   Scheme: "mmsto"
I/PackageManager(  355): Adding preferred activity ComponentInfo{com.android.mms/com.android.mms.ui.ComposeMessageActivity} for user 0 :
D/dalvikvm(  594): GC_CONCURRENT freed 402K, 15% free 3369K/3924K, paused 7ms+22ms, total 73ms
D/dalvikvm(  355): GC_CONCURRENT freed 1967K, 55% free 5709K/12576K, paused 7ms+11ms, total 141ms
E/BluetoothAdapter(  605): Bluetooth binder is null
I/ActivityManager(  355): Start proc com.android.music for broadcast com.android.music/.MediaButtonIntentReceiver: pid=932 uid=10032 gids={50032, 3003, 1028, 1015}
I/dalvikvm(  932): CheckJNI enabled: not enabling JNI app bug workarounds.
D/MobileDataStateTracker(  355): hipri: Broadcast received: android.intent.action.ANY_DATA_STATE apnType=hipri
D/MobileDataStateTracker(  355): hipri: Received state=DISCONNECTED, old=CONNECTED, reason=dataDisabled
D/MobileDataStateTracker(  355): hipri: setDetailed state, old =CONNECTED and new state=DISCONNECTED
D/ConnectivityService(  355): ConnectivityChange for mobile_hipri: DISCONNECTED/DISCONNECTED
E/logwrapper(  944): executing /system/bin/ip failed: No such file or directory
E/SecondaryTablController(   54): ip route del failed: /system/bin/ip route del 10.0.2.2/32 via 0.0.0.0 dev eth0 table 60
W/FrameworkListener(   54): Handler 'interface' error (No such device)
E/logwrapper(  945): executing /system/bin/ip failed: No such file or directory
E/SecondaryTablController(   54): ip route del failed: /system/bin/ip route del 0.0.0.0/0 via 10.0.2.2 dev eth0 table 60
W/FrameworkListener(   54): Handler 'interface' error (No such device)
I/InputReader(  355): Reconfiguring input devices.  changes=0x00000010
D/Nat464Xlat(  355): requiresClat: netType=5, hasIPv4Address=true
D/MobileDataStateTracker(  355): default: setPolicyDataEnable(enabled=true)
D/BackupManagerService(  355): Received broadcast Intent { act=android.intent.action.PACKAGE_ADDED dat=package:com.affinity.dodgers flg=0x4000010 (has extras) }
V/BackupManagerService(  355): addPackageParticipantsLocked: #1
I/PackageManager(  355):   Action: "android.intent.action.SENDTO"
I/PackageManager(  355):   Category: "android.intent.category.DEFAULT"
I/PackageManager(  355):   Scheme: "sms"
I/PackageManager(  355): Adding preferred activity ComponentInfo{com.android.mms/com.android.mms.ui.ComposeMessageActivity} for user 0 :
I/PackageManager(  355):   Action: "android.intent.action.SENDTO"
I/PackageManager(  355):   Category: "android.intent.category.DEFAULT"
I/PackageManager(  355):   Scheme: "smsto"
I/PackageManager(  355): Adding preferred activity ComponentInfo{com.android.mms/com.android.mms.ui.ComposeMessageActivity} for user 0 :
I/PackageManager(  355):   Action: "android.intent.action.SENDTO"
I/PackageManager(  355):   Category: "android.intent.category.DEFAULT"
I/PackageManager(  355):   Scheme: "mms"
I/PackageManager(  355): Adding preferred activity ComponentInfo{com.android.mms/com.android.mms.ui.ComposeMessageActivity} for user 0 :
I/PackageManager(  355):   Action: "android.intent.action.SENDTO"
I/PackageManager(  355):   Category: "android.intent.category.DEFAULT"
I/PackageManager(  355):   Scheme: "mmsto"
I/PackageManager(  355): Adding preferred activity ComponentInfo{com.android.mms/com.android.mms.ui.ComposeMessageActivity} for user 0 :
D/dalvikvm(  594): GC_CONCURRENT freed 496K, 15% free 3352K/3924K, paused 90ms+2ms, total 187ms
I/PackageManager(  355):   Action: "android.intent.action.SENDTO"
I/PackageManager(  355):   Category: "android.intent.category.DEFAULT"
I/PackageManager(  355):   Scheme: "sms"
I/PackageManager(  355): Adding preferred activity ComponentInfo{com.android.mms/com.android.mms.ui.ComposeMessageActivity} for user 0 :
D/dalvikvm(  355): GC_EXPLICIT freed 763K, 55% free 5702K/12576K, paused 679ms+18ms, total 990ms
D/dalvikvm(  355): WAIT_FOR_CONCURRENT_GC blocked 198ms
D/dalvikvm(  355): WAIT_FOR_CONCURRENT_GC blocked 180ms
D/dalvikvm(  355): WAIT_FOR_CONCURRENT_GC blocked 163ms
D/dalvikvm(  355): WAIT_FOR_CONCURRENT_GC blocked 139ms
I/PackageManager(  355):   Action: "android.intent.action.SENDTO"
I/PackageManager(  355):   Category: "android.intent.category.DEFAULT"
I/PackageManager(  355):   Scheme: "smsto"
I/PackageManager(  355): Adding preferred activity ComponentInfo{com.android.mms/com.android.mms.ui.ComposeMessageActivity} for user 0 :
D/AndroidRuntime(  792): Shutting down VM
D/dalvikvm(  792): GC_CONCURRENT freed 95K, 16% free 560K/660K, paused 3ms+4ms, total 34ms
I/PackageManager(  355):   Action: "android.intent.action.SENDTO"
I/PackageManager(  355):   Category: "android.intent.category.DEFAULT"
I/PackageManager(  355):   Scheme: "mms"
I/PackageManager(  355): Adding preferred activity ComponentInfo{com.android.mms/com.android.mms.ui.ComposeMessageActivity} for user 0 :
I/PackageManager(  355):   Action: "android.intent.action.SENDTO"
I/PackageManager(  355):   Category: "android.intent.category.DEFAULT"
I/PackageManager(  355):   Scheme: "mmsto"
I/PackageManager(  355): Adding preferred activity ComponentInfo{com.android.mms/com.android.mms.ui.ComposeMessageActivity} for user 0 :
E/NetdConnector(  355): NDC Command {59 bandwidth removeiquota eth0} took too long (1106ms)
E/NetdConnector(  355): NDC Command {60 bandwidth gettetherstats} took too long (1070ms)
D/dalvikvm(  355): GC_CONCURRENT freed 628K, 55% free 5702K/12576K, paused 26ms+25ms, total 180ms
D/dalvikvm(  355): WAIT_FOR_CONCURRENT_GC blocked 1074ms
I/ActivityManager(  355): Start proc com.android.calendar for broadcast com.android.calendar/.widget.CalendarAppWidgetService$CalendarFactory: pid=963 uid=10016 gids={50016, 3003}
I/MediaFocusControl(  355):   Remote Control   registerMediaButtonIntent() for PendingIntent{b317b618: PendingIntentRecord{b31fc308 com.android.music broadcastIntent}}
D/Tethering(  355): MasterInitialState.processMessage what=3
D/Tethering(  355): MasterInitialState.processMessage what=3
D/CaptivePortalTracker(  355): NoActiveNetworkState{ when=-7ms what=1 obj=NetworkInfo: type: mobile_hipri[UMTS], state: DISCONNECTED/DISCONNECTED, reason: dataDisabled, extra: epc.tmobile.com, roaming: false, failover: false, isAvailable: true, isConnectedToProvisioningNetwork: false target=com.android.internal.util.StateMachine$SmHandler }
D/CaptivePortalTracker(  355): NoActiveNetworkState not a wifi connectivity change, ignore
D/CaptivePortalTracker(  355): NoActiveNetworkState{ when=-6ms what=1 obj=NetworkInfo: type: mobile[UMTS], state: CONNECTED/CONNECTED, reason: connected, extra: epc.tmobile.com, roaming: false, failover: false, isAvailable: true, isConnectedToProvisioningNetwork: false target=com.android.internal.util.StateMachine$SmHandler }
D/ExtensionsFactory(  963): No custom extensions.
D/CaptivePortalTracker(  355): NoActiveNetworkState not a wifi connectivity change, ignore
E/NetdConnector(  355): NDC Command {61 bandwidth setiquota eth0 9223372036854775807} took too long (2001ms)
I/ActivityManager(  355): Start proc com.android.deskclock for broadcast com.android.deskclock/.AlarmInitReceiver: pid=994 uid=10020 gids={50020, 1028}
I/ActivityManager(  355): Start proc com.android.providers.calendar for content provider com.android.providers.calendar/.CalendarProvider2: pid=999 uid=10001 gids={50001, 3003, 1028, 1015}
D/dalvikvm(   58): GC_EXPLICIT freed 39K, 5% free 2705K/2820K, paused 3ms+3ms, total 60ms
D/dalvikvm(   58): GC_EXPLICIT freed <1K, 5% free 2705K/2820K, paused 12ms+12ms, total 55ms
D/dalvikvm(   58): GC_EXPLICIT freed <1K, 5% free 2705K/2820K, paused 3ms+2ms, total 45ms
D/MobileDataStateTracker(  355): default: setPolicyDataEnable(enabled=true)
V/AlarmClock(  994): AlarmInitReceiver android.intent.action.TIMEZONE_CHANGED
I/CalendarDatabaseHelper(  999): Bootstrapping database
E/NetdConnector(  355): NDC Command {62 bandwidth removeiquota eth0} took too long (904ms)
I/AlarmClock(  994): Alarms Table created
I/AlarmClock(  994): Instance table created
I/AlarmClock(  994): Cities table created
I/AlarmClock(  994): Inserting default alarms
W/ProcessCpuTracker(  355): Skipping unknown process pid 1033
I/CalendarProvider2(  999): Created com.android.providers.calendar.CalendarAlarmManager@b2d827b0(com.android.providers.calendar.CalendarProvider2@b2d6ee88)
I/AlarmClock(  994): Displaying next alarm time: ''
W/BackupManagerService(  355): dataChanged but no participant pkg='com.android.providers.settings' uid=10020
V/AlarmClock(  994): AlarmInitReceiver finished
E/BluetoothAdapter(  605): Bluetooth binder is null
E/BluetoothAdapter(  605): Bluetooth binder is null
I/ActivityManager(  355): Delay finish: com.android.settings/.widget.SettingsAppWidgetProvider
D/ConnectivityService(  355): [CheckMp] isMobileOk: X result=0
D/ConnectivityService(  355): [CheckMp] onPostExecute: result=0
D/ConnectivityService(  355): CheckMp.onComplete: result=0
D/ConnectivityService(  355): CheckMp.onComplete: ignore, connected or no connection
V/MediaScanner(  618): pruneDeadThumbnailFiles... android.database.sqlite.SQLiteCursor@b2daa270
V/MediaScanner(  618): /pruneDeadThumbnailFiles... android.database.sqlite.SQLiteCursor@b2daa270
E/NetdConnector(  355): NDC Command {63 bandwidth setiquota eth0 9223372036854775807} took too long (1888ms)
D/MobileDataStateTracker(  355): default: setPolicyDataEnable(enabled=true)
D/MobileDataStateTracker(  355): default: setPolicyDataEnable(enabled=true)
D/dalvikvm(  355): GC_CONCURRENT freed 573K, 54% free 5864K/12576K, paused 8ms+64ms, total 213ms
D/dalvikvm(  355): WAIT_FOR_CONCURRENT_GC blocked 148ms
I/CalendarProvider2(  999): Sending notification intent: Intent { act=android.intent.action.PROVIDER_CHANGED dat=content://com.android.calendar }
W/ContentResolver(  999): Failed to get type for: content://com.android.calendar (Unknown URL content://com.android.calendar)
W/RecognitionManagerService(  355): no available voice recognition services found for user 0
I/ActivityManager(  355): Resuming delayed broadcast
I/ActivityManager(  355): Start proc com.android.dialer for broadcast com.android.dialer/.calllog.CallLogReceiver: pid=1046 uid=10004 gids={50004, 3003, 1028, 1015}
D/dalvikvm(  594): GC_CONCURRENT freed 445K, 17% free 3293K/3924K, paused 4ms+2ms, total 22ms
D/ExtensionsFactory( 1046): No custom extensions.
E/BluetoothAdapter(  355): Bluetooth binder is null
E/BluetoothAdapter(  355): Bluetooth binder is null
V/WiredAccessoryManager(  355): init()
I/PowerManagerService(  355): Boot animation finished.
E/SoundPool(  355): error loading /system/media/audio/ui/Effect_Tick.ogg
W/AudioService(  355): Soundpool could not load file: /system/media/audio/ui/Effect_Tick.ogg
E/SoundPool(  355): error loading /system/media/audio/ui/Effect_Tick.ogg
W/AudioService(  355): Soundpool could not load file: /system/media/audio/ui/Effect_Tick.ogg
E/SoundPool(  355): error loading /system/media/audio/ui/Effect_Tick.ogg
W/AudioService(  355): Soundpool could not load file: /system/media/audio/ui/Effect_Tick.ogg
E/SoundPool(  355): error loading /system/media/audio/ui/Effect_Tick.ogg
W/AudioService(  355): Soundpool could not load file: /system/media/audio/ui/Effect_Tick.ogg
E/SoundPool(  355): error loading /system/media/audio/ui/Effect_Tick.ogg
W/AudioService(  355): Soundpool could not load file: /system/media/audio/ui/Effect_Tick.ogg
E/SoundPool(  355): error loading /system/media/audio/ui/KeypressStandard.ogg
W/AudioService(  355): Soundpool could not load file: /system/media/audio/ui/KeypressStandard.ogg
E/SoundPool(  355): error loading /system/media/audio/ui/KeypressSpacebar.ogg
W/AudioService(  355): Soundpool could not load file: /system/media/audio/ui/KeypressSpacebar.ogg
E/SoundPool(  355): error loading /system/media/audio/ui/KeypressDelete.ogg
W/AudioService(  355): Soundpool could not load file: /system/media/audio/ui/KeypressDelete.ogg
E/SoundPool(  355): error loading /system/media/audio/ui/KeypressReturn.ogg
W/AudioService(  355): Soundpool could not load file: /system/media/audio/ui/KeypressReturn.ogg
E/SoundPool(  355): error loading /system/media/audio/ui/KeypressInvalid.ogg
W/AudioService(  355): Soundpool could not load file: /system/media/audio/ui/KeypressInvalid.ogg
W/AudioService(  355): onLoadSoundEffects(), Error -1 while loading samples
I/RecoverySystem(  355): No recovery log file
I/BootReceiver(  355): Copying audit failures to DropBox
I/BootReceiver(  355): Checking for fsck errors
I/ActivityManager(  355): Start proc com.android.mms for broadcast com.android.mms/.transaction.MmsSystemEventReceiver: pid=1072 uid=10009 gids={50009, 3003, 1028, 1015}
I/MediaProvider(  618): Upgrading media database from version 0 to 700, which will destroy all old data
D/CountryDetector(  355): The first listener is added
V/MmsConfig( 1072): mnc/mcc: 310260
V/MmsConfig( 1072): tag: bool value: enabledMMS - true
V/MmsConfig( 1072): tag: int value: maxMessageSize - 307200
V/MmsConfig( 1072): tag: int value: maxImageHeight - 480
V/MmsConfig( 1072): tag: int value: maxImageWidth - 640
V/MmsConfig( 1072): tag: int value: defaultSMSMessagesPerThread - 10000
V/MmsConfig( 1072): tag: int value: defaultMMSMessagesPerThread - 1000
V/MmsConfig( 1072): tag: int value: minMessageCountPerThread - 10
V/MmsConfig( 1072): tag: int value: maxMessageCountPerThread - 5000
V/MmsConfig( 1072): tag: string value: uaProfUrl - http://www.google.com/oha/rdf/ua-profile-kila.xml
V/MmsConfig( 1072): tag: int value: recipientLimit - -1
V/MmsConfig( 1072): tag: bool value: enableMultipartSMS - true
V/MmsConfig( 1072): tag: int value: smsToMmsTextThreshold - -1
V/MmsConfig( 1072): tag: bool value: enableSlideDuration - true
V/MmsConfig( 1072): tag: int value: maxMessageTextSize - -1
I/ActivityManager(  355): Delay finish: com.android.mms/.transaction.MmsSystemEventReceiver
D/Mms:app ( 1072): cancelNotification
I/ActivityManager(  355): Resuming delayed broadcast
I/ActivityManager(  355): Delay finish: com.android.mms/.transaction.SmsReceiver
D/MmsSmsDatabaseHelper(  594): [MmsSmsDb] tableName: threads hasAutoIncrement: CREATE TABLE threads (_id INTEGER PRIMARY KEY AUTOINCREMENT,date INTEGER DEFAULT 0,message_count INTEGER DEFAULT 0,recipient_ids TEXT,snippet TEXT,snippet_cs INTEGER DEFAULT 0,read INTEGER DEFAULT 1,type INTEGER DEFAULT 0,error INTEGER DEFAULT 0,has_attachment INTEGER DEFAULT 0) result: true
D/MmsSmsDatabaseHelper(  594): [MmsSmsDb] tableName: canonical_addresses hasAutoIncrement: CREATE TABLE canonical_addresses (_id INTEGER PRIMARY KEY AUTOINCREMENT,address TEXT) result: true
D/MmsSmsDatabaseHelper(  594): [MmsSmsDb] tableName: part hasAutoIncrement: CREATE TABLE part (_id INTEGER PRIMARY KEY AUTOINCREMENT,mid INTEGER,seq INTEGER DEFAULT 0,ct TEXT,name TEXT,chset INTEGER,cd TEXT,fn TEXT,cid TEXT,cl TEXT,ctt_s INTEGER,ctt_t TEXT,_data TEXT,text TEXT) result: true
D/MmsSmsDatabaseHelper(  594): [MmsSmsDb] tableName: pdu hasAutoIncrement: CREATE TABLE pdu (_id INTEGER PRIMARY KEY AUTOINCREMENT,thread_id INTEGER,date INTEGER,date_sent INTEGER DEFAULT 0,msg_box INTEGER,read INTEGER DEFAULT 0,m_id TEXT,sub TEXT,sub_cs INTEGER,ct_t TEXT,ct_l TEXT,exp INTEGER,m_cls TEXT,m_type INTEGER,v INTEGER,m_size INTEGER,pri INTEGER,rr INTEGER,rpt_a INTEGER,resp_st INTEGER,st INTEGER,tr_id TEXT,retr_st INTEGER,retr_txt TEXT,retr_txt_cs INTEGER,read_status INTEGER,ct_cls INTEGER,resp_txt TEXT,d_tm INTEGER,d_rpt INTEGER,locked INTEGER DEFAULT 0,seen INTEGER DEFAULT 0,text_only INTEGER DEFAULT 0) result: true
D/MmsSmsDatabaseHelper(  594): [getWritableDatabase] hasAutoIncrementThreads: true hasAutoIncrementAddresses: true hasAutoIncrementPart: true hasAutoIncrementPdu: true
D/Mms:app ( 1072): cancelNotification
I/ActivityManager(  355): Resuming delayed broadcast
D/AlertReceiver(  963): onReceive: a=android.intent.action.BOOT_COMPLETED Intent { act=android.intent.action.BOOT_COMPLETED flg=0x8000010 cmp=com.android.calendar/.alerts.AlertReceiver (has extras) }
I/ActivityManager(  355): Delay finish: com.android.calendar/.alerts.AlertReceiver
D/AlertUtils(  963): Flushing old alerts from shared prefs table
D/AlertService(  963): 0 Action = android.intent.action.BOOT_COMPLETED
D/AlertService(  963): Scheduling next alarm with AlarmScheduler. sEventReminderReceived: null
D/dalvikvm(  963): GC_CONCURRENT freed 303K, 12% free 2809K/3188K, paused 4ms+12ms, total 63ms
D/AlarmScheduler(  963): No events found starting within 1 week.
E/SQLiteLog(  618): (1) no such table: files
E/WVMExtractor(   60): Failed to open libwvm.so
D/dalvikvm(  618): GC_CONCURRENT freed 271K, 11% free 3038K/3380K, paused 4ms+3ms, total 39ms
V/MediaScanner(  618): pruneDeadThumbnailFiles... android.database.sqlite.SQLiteCursor@b2de1020
V/MediaScanner(  618): /pruneDeadThumbnailFiles... android.database.sqlite.SQLiteCursor@b2de1020
I/ActivityManager(  355): Resuming delayed broadcast
V/AlarmClock(  994): AlarmInitReceiver android.intent.action.BOOT_COMPLETED
V/AlarmClock(  994): AlarmInitReceiver - Reset timers and clear stopwatch data
D/dalvikvm(  355): GC_CONCURRENT freed 787K, 55% free 5756K/12576K, paused 20ms+5ms, total 82ms
V/AlarmClock(  994): AlarmInitReceiver - resetting volume button default
D/dalvikvm(  994): GC_CONCURRENT freed 382K, 14% free 2833K/3292K, paused 14ms+25ms, total 200ms
I/AlarmClock(  994): Displaying next alarm time: ''
V/AlarmClock(  994): AlarmInitReceiver finished
I/ActivityManager(  355): Delay finish: com.android.email/.service.EmailUpgradeBroadcastReceiver
E/MetadataRetrieverClient(   60): failed to extract an album art
I/ActivityManager(  355): Resuming delayed broadcast
I/ActivityManager(  355): Delay finish: com.android.email/.service.EmailBroadcastReceiver
I/Email   (  904): Onetime initialization: 1
I/Email   (  904): Onetime initialization: 2
I/Email   (  904): Onetime initialization: completed.
I/ActivityManager(  355): Delaying start of: ServiceRecord{b32c3d00 u0 com.android.exchange/.service.EmailSyncAdapterService}
I/ActivityManager(  355): Resuming delayed broadcast
I/LauncherIconVisibilityManager(  583): Boot has been completed
I/LauncherIconVisibilityManager(  583): Disable activity: ComponentInfo{com.android.inputmethod.latin/com.android.inputmethod.latin.setup.SetupActivity}
E/BluetoothAdapter(  605): Bluetooth binder is null
I/ActivityManager(  355): Delay finish: com.android.deskclock/com.android.alarmclock.AnalogAppWidgetProvider
I/ActivityManager(  355): Resuming delayed broadcast
W/BroadcastQueue(  355): Permission Denial: broadcasting Intent { act=android.appwidget.action.APPWIDGET_UPDATE_OPTIONS flg=0x10 cmp=com.android.settings/.widget.SettingsAppWidgetProvider (has extras) } from android (pid=683, uid=10008) is not exported from uid 1000 due to receiver com.android.settings/.widget.SettingsAppWidgetProvider
I/ActivityManager(  355): Delay finish: com.android.email/.provider.WidgetProvider
D/dalvikvm( 1072): GC_CONCURRENT freed 228K, 10% free 2879K/3184K, paused 5ms+5ms, total 271ms
E/StrictMode( 1072): A resource was acquired at attached stack trace but never released. See java.io.Closeable for information on avoiding resource leaks.
E/StrictMode( 1072): java.lang.Throwable: Explicit termination method 'release' not called
E/StrictMode( 1072): 	at dalvik.system.CloseGuard.open(CloseGuard.java:184)
E/StrictMode( 1072): 	at android.drm.DrmManagerClient.<init>(DrmManagerClient.java:258)
E/StrictMode( 1072): 	at com.google.android.mms.pdu.PduPersister.<init>(PduPersister.java:288)
E/StrictMode( 1072): 	at com.google.android.mms.pdu.PduPersister.getPduPersister(PduPersister.java:296)
E/StrictMode( 1072): 	at com.android.mms.transaction.TransactionService.onNewIntent(TransactionService.java:224)
E/StrictMode( 1072): 	at com.android.mms.transaction.TransactionService$ServiceHandler.handleMessage(TransactionService.java:621)
E/StrictMode( 1072): 	at android.os.Handler.dispatchMessage(Handler.java:102)
E/StrictMode( 1072): 	at android.os.Looper.loop(Looper.java:136)
E/StrictMode( 1072): 	at android.os.HandlerThread.run(HandlerThread.java:61)
I/ActivityManager(  355): Resuming delayed broadcast
I/ActivityManager(  355): Start proc com.svox.pico for broadcast com.svox.pico/.VoiceDataInstallerReceiver: pid=1117 uid=10037 gids={50037, 1028, 1015}
I/ActivityManager(  355): Delay finish: com.android.deskclock/com.android.alarmclock.DigitalAppWidgetProvider
I/ActivityManager(  355): Resuming delayed broadcast
D/AlertReceiver(  963): onReceive: a=android.intent.action.PROVIDER_CHANGED Intent { act=android.intent.action.PROVIDER_CHANGED dat=content://com.android.calendar flg=0x10 cmp=com.android.calendar/.alerts.AlertReceiver }
D/AlertService(  963): 0 Action = android.intent.action.PROVIDER_CHANGED
I/ActivityManager(  355): Delay finish: com.android.calendar/.alerts.AlertReceiver
I/ActivityManager(  355): Waited long enough for: ServiceRecord{b36d3d10 u0 com.android.music/.MediaPlaybackService}
I/ActivityManager(  355): Resuming delayed broadcast
D/MobileDataStateTracker(  355): default: setPolicyDataEnable(enabled=true)
D/ConnectivityService(  355): Sampling interval elapsed, updating statistics ..
D/ConnectivityService(  355): Done.
D/ConnectivityService(  355): Setting timer for 720seconds
E/BluetoothAdapter(  605): Bluetooth binder is null
V/SmsReceiverService( 1072): onStart: #1 mResultCode: -1 = Activity.RESULT_OK
I/ActivityManager(  355): Delay finish: com.android.mms/.transaction.SmsReceiver
I/ActivityManager(  355): Resuming delayed broadcast
I/ActivityManager(  355): Delay finish: com.android.providers.calendar/.CalendarProviderBroadcastReceiver
D/dalvikvm(  999): GC_CONCURRENT freed 222K, 10% free 2892K/3192K, paused 4ms+15ms, total 74ms
I/ActivityManager(  355): Resuming delayed broadcast
D/        (  355): Setting time of day to sec=1528250742
I/GlobalDismissManager(  963): no sender configured
I/InputReader(  355): Reconfiguring input devices.  changes=0x00000010
I/InputReader(  355): Reconfiguring input devices.  changes=0x00000010
I/InputReader(  355): Reconfiguring input devices.  changes=0x00000010
D/dalvikvm(  355): GC_CONCURRENT freed 728K, 55% free 5771K/12576K, paused 6ms+6ms, total 147ms
D/AlertService(  963): Beginning updateAlertNotification
I/PackageManager(  355):   Action: "android.intent.action.SENDTO"
I/PackageManager(  355):   Category: "android.intent.category.DEFAULT"
I/PackageManager(  355):   Scheme: "sms"
I/PackageManager(  355): Adding preferred activity ComponentInfo{com.android.mms/com.android.mms.ui.ComposeMessageActivity} for user 0 :
I/PackageManager(  355):   Action: "android.intent.action.SENDTO"
I/PackageManager(  355):   Category: "android.intent.category.DEFAULT"
I/PackageManager(  355):   Scheme: "smsto"
I/PackageManager(  355): Adding preferred activity ComponentInfo{com.android.mms/com.android.mms.ui.ComposeMessageActivity} for user 0 :
I/PackageManager(  355):   Action: "android.intent.action.SENDTO"
I/PackageManager(  355):   Category: "android.intent.category.DEFAULT"
I/PackageManager(  355):   Scheme: "mms"
I/PackageManager(  355): Adding preferred activity ComponentInfo{com.android.mms/com.android.mms.ui.ComposeMessageActivity} for user 0 :
I/PackageManager(  355):   Action: "android.intent.action.SENDTO"
I/PackageManager(  355):   Category: "android.intent.category.DEFAULT"
I/PackageManager(  355):   Scheme: "mmsto"
I/PackageManager(  355): Adding preferred activity ComponentInfo{com.android.mms/com.android.mms.ui.ComposeMessageActivity} for user 0 :
I/PackageManager(  355):   Action: "android.intent.action.SENDTO"
I/PackageManager(  355):   Category: "android.intent.category.DEFAULT"
I/PackageManager(  355):   Scheme: "sms"
I/PackageManager(  355): Adding preferred activity ComponentInfo{com.android.mms/com.android.mms.ui.ComposeMessageActivity} for user 0 :
D/dalvikvm(  594): GC_CONCURRENT freed 338K, 13% free 3421K/3904K, paused 2ms+3ms, total 105ms
I/PackageManager(  355):   Action: "android.intent.action.SENDTO"
I/PackageManager(  355):   Category: "android.intent.category.DEFAULT"
I/PackageManager(  355):   Scheme: "smsto"
I/PackageManager(  355): Adding preferred activity ComponentInfo{com.android.mms/com.android.mms.ui.ComposeMessageActivity} for user 0 :
I/PackageManager(  355):   Action: "android.intent.action.SENDTO"
I/PackageManager(  355):   Category: "android.intent.category.DEFAULT"
I/PackageManager(  355):   Scheme: "mms"
I/PackageManager(  355): Adding preferred activity ComponentInfo{com.android.mms/com.android.mms.ui.ComposeMessageActivity} for user 0 :
V/AlarmClock(  994): AlarmInitReceiver android.intent.action.TIME_SET
I/PackageManager(  355):   Action: "android.intent.action.SENDTO"
I/PackageManager(  355):   Category: "android.intent.category.DEFAULT"
I/PackageManager(  355):   Scheme: "mmsto"
I/PackageManager(  355): Adding preferred activity ComponentInfo{com.android.mms/com.android.mms.ui.ComposeMessageActivity} for user 0 :
D/dalvikvm(  355): GC_CONCURRENT freed 761K, 55% free 5780K/12576K, paused 55ms+5ms, total 138ms
D/dalvikvm(  355): WAIT_FOR_CONCURRENT_GC blocked 35ms
I/PackageManager(  355):   Action: "android.intent.action.SENDTO"
I/PackageManager(  355):   Category: "android.intent.category.DEFAULT"
I/PackageManager(  355):   Scheme: "sms"
I/PackageManager(  355): Adding preferred activity ComponentInfo{com.android.mms/com.android.mms.ui.ComposeMessageActivity} for user 0 :
I/PackageManager(  355):   Action: "android.intent.action.SENDTO"
I/PackageManager(  355):   Category: "android.intent.category.DEFAULT"
I/PackageManager(  355):   Scheme: "smsto"
I/PackageManager(  355): Adding preferred activity ComponentInfo{com.android.mms/com.android.mms.ui.ComposeMessageActivity} for user 0 :
I/PackageManager(  355):   Action: "android.intent.action.SENDTO"
I/PackageManager(  355):   Category: "android.intent.category.DEFAULT"
I/PackageManager(  355):   Scheme: "mms"
I/PackageManager(  355): Adding preferred activity ComponentInfo{com.android.mms/com.android.mms.ui.ComposeMessageActivity} for user 0 :
D/dalvikvm(  594): GC_CONCURRENT freed 513K, 15% free 3425K/4004K, paused 9ms+4ms, total 111ms
D/dalvikvm(  594): WAIT_FOR_CONCURRENT_GC blocked 13ms
I/PackageManager(  355):   Action: "android.intent.action.SENDTO"
I/PackageManager(  355):   Category: "android.intent.category.DEFAULT"
I/PackageManager(  355):   Scheme: "mmsto"
I/PackageManager(  355): Adding preferred activity ComponentInfo{com.android.mms/com.android.mms.ui.ComposeMessageActivity} for user 0 :
I/PackageManager(  355):   Action: "android.intent.action.SENDTO"
I/PackageManager(  355):   Category: "android.intent.category.DEFAULT"
I/PackageManager(  355):   Scheme: "sms"
I/PackageManager(  355): Adding preferred activity ComponentInfo{com.android.mms/com.android.mms.ui.ComposeMessageActivity} for user 0 :
I/PackageManager(  355):   Action: "android.intent.action.SENDTO"
I/PackageManager(  355):   Category: "android.intent.category.DEFAULT"
I/PackageManager(  355):   Scheme: "smsto"
I/PackageManager(  355): Adding preferred activity ComponentInfo{com.android.mms/com.android.mms.ui.ComposeMessageActivity} for user 0 :
I/PackageManager(  355): Adding preferred activity ComponentInfo{com.android.mms/com.android.mms.ui.ComposeMessageActivity} for user 0 :
I/PackageManager(  355):   Action: "android.intent.action.SENDTO"
I/PackageManager(  355):   Category: "android.intent.category.DEFAULT"
I/PackageManager(  355):   Scheme: "mms"
I/PackageManager(  355):   Action: "android.intent.action.SENDTO"
I/PackageManager(  355):   Category: "android.intent.category.DEFAULT"
I/PackageManager(  355):   Scheme: "mmsto"
I/PackageManager(  355): Adding preferred activity ComponentInfo{com.android.mms/com.android.mms.ui.ComposeMessageActivity} for user 0 :
D/dalvikvm(  355): GC_CONCURRENT freed 816K, 55% free 5732K/12576K, paused 6ms+5ms, total 94ms
D/dalvikvm(  355): WAIT_FOR_CONCURRENT_GC blocked 30ms
I/PackageManager(  355):   Action: "android.intent.action.SENDTO"
I/PackageManager(  355):   Category: "android.intent.category.DEFAULT"
I/PackageManager(  355):   Scheme: "sms"
I/PackageManager(  355): Adding preferred activity ComponentInfo{com.android.mms/com.android.mms.ui.ComposeMessageActivity} for user 0 :
D/dalvikvm(  594): GC_CONCURRENT freed 506K, 18% free 3314K/4004K, paused 4ms+2ms, total 48ms
I/PackageManager(  355):   Action: "android.intent.action.SENDTO"
I/PackageManager(  355):   Category: "android.intent.category.DEFAULT"
I/PackageManager(  355):   Scheme: "smsto"
I/PackageManager(  355): Adding preferred activity ComponentInfo{com.android.mms/com.android.mms.ui.ComposeMessageActivity} for user 0 :
I/PackageManager(  355):   Action: "android.intent.action.SENDTO"
I/PackageManager(  355):   Category: "android.intent.category.DEFAULT"
I/PackageManager(  355):   Scheme: "mms"
I/PackageManager(  355): Adding preferred activity ComponentInfo{com.android.mms/com.android.mms.ui.ComposeMessageActivity} for user 0 :
I/PackageManager(  355):   Action: "android.intent.action.SENDTO"
I/PackageManager(  355):   Category: "android.intent.category.DEFAULT"
I/PackageManager(  355):   Scheme: "mmsto"
I/PackageManager(  355): Adding preferred activity ComponentInfo{com.android.mms/com.android.mms.ui.ComposeMessageActivity} for user 0 :
I/PackageManager(  355):   Action: "android.intent.action.SENDTO"
I/PackageManager(  355):   Category: "android.intent.category.DEFAULT"
I/PackageManager(  355):   Scheme: "sms"
I/PackageManager(  355): Adding preferred activity ComponentInfo{com.android.mms/com.android.mms.ui.ComposeMessageActivity} for user 0 :
I/PackageManager(  355):   Action: "android.intent.action.SENDTO"
I/PackageManager(  355):   Category: "android.intent.category.DEFAULT"
I/PackageManager(  355):   Scheme: "smsto"
I/PackageManager(  355): Adding preferred activity ComponentInfo{com.android.mms/com.android.mms.ui.ComposeMessageActivity} for user 0 :
I/PackageManager(  355):   Action: "android.intent.action.SENDTO"
I/PackageManager(  355):   Category: "android.intent.category.DEFAULT"
I/PackageManager(  355):   Scheme: "mms"
I/PackageManager(  355): Adding preferred activity ComponentInfo{com.android.mms/com.android.mms.ui.ComposeMessageActivity} for user 0 :
D/dalvikvm(  355): GC_CONCURRENT freed 642K, 55% free 5773K/12576K, paused 15ms+23ms, total 135ms
D/dalvikvm(  594): GC_CONCURRENT freed 379K, 16% free 3386K/4004K, paused 63ms+14ms, total 119ms
I/PackageManager(  355):   Action: "android.intent.action.SENDTO"
I/PackageManager(  355):   Category: "android.intent.category.DEFAULT"
I/PackageManager(  355):   Scheme: "mmsto"
I/PackageManager(  355): Adding preferred activity ComponentInfo{com.android.mms/com.android.mms.ui.ComposeMessageActivity} for user 0 :
I/AlarmClock(  994): Displaying next alarm time: ''
D/AlertService(  963): No fired or scheduled alerts
V/AlarmClock(  994): AlarmInitReceiver finished
D/AlertService(  963): Scheduling next alarm with AlarmScheduler. sEventReminderReceived: null
D/AlarmScheduler(  963): No events found starting within 1 week.
D/AndroidRuntime( 1145): 
D/AndroidRuntime( 1145): >>>>>> AndroidRuntime START com.android.internal.os.RuntimeInit <<<<<<
D/AndroidRuntime( 1145): CheckJNI is ON
D/dalvikvm( 1145): Trying to load lib libjavacore.so 0x0
D/dalvikvm( 1145): Added shared lib libjavacore.so 0x0
D/dalvikvm( 1145): Trying to load lib libnativehelper.so 0x0
D/dalvikvm( 1145): Added shared lib libnativehelper.so 0x0
D/dalvikvm( 1145): No JNI_OnLoad found in libnativehelper.so 0x0, skipping init
D/dalvikvm( 1145): Note: class Landroid/app/ActivityManagerNative; has 179 unimplemented (abstract) methods
E/memtrack( 1145): Couldn't load memtrack module (No such file or directory)
E/android.os.Debug( 1145): failed to load memtrack module: -2
D/AndroidRuntime( 1145): Calling main entry com.android.commands.am.Am
I/ActivityManager(  355): START u0 {act=android.intent.action.MAIN cat=[android.intent.category.LAUNCHER] flg=0x10000000 cmp=com.affinity.dodgers/com.affinityreact.MainActivity} from pid 1145
D/dalvikvm(  355): GC_FOR_ALLOC freed 490K, 55% free 5772K/12576K, paused 52ms, total 57ms
D/gralloc (   57): Registering a buffer in the process that created it. This may cause memory ordering problems.
E/libEGL  (   57): called unimplemented OpenGL ES API
E/libEGL  (   57): called unimplemented OpenGL ES API
E/libEGL  (   57): called unimplemented OpenGL ES API
E/libEGL  (   57): called unimplemented OpenGL ES API
E/SurfaceFlinger(   57): glCheckFramebufferStatusOES error 368827424
E/SurfaceFlinger(   57): got GL_FRAMEBUFFER_COMPLETE_OES error while taking screenshot
E/libEGL  (   57): called unimplemented OpenGL ES API
E/libEGL  (   57): called unimplemented OpenGL ES API
W/WindowManager(  355): Screenshot failure taking screenshot for (164x295) to layer 21005
I/ActivityManager(  355): Start proc com.affinity.dodgers for activity com.affinity.dodgers/com.affinityreact.MainActivity: pid=1156 uid=10052 gids={50052, 3003, 1028, 1015, 3002}
I/ActivityManager(  355): Waited long enough for: ServiceRecord{b31d1778 u0 com.android.calendar/.alerts.InitAlarmsService}
I/MultiDex( 1156): VM with version 1.6.0 does not have multidex support
I/MultiDex( 1156): install
I/MultiDex( 1156): MultiDexExtractor.load(/data/app/com.affinity.dodgers-1.apk, false)
I/ARMAssembler(   57): generated scanline__00000077:03010104_00008001_00000000 [ 89 ipp] (110 ins) at [0xb5a69680:0xb5a69838] in 10000000 ns
I/MultiDex( 1156): Detected that extraction must be performed.
D/dalvikvm(  355): GC_CONCURRENT freed 69K, 50% free 6375K/12576K, paused 7ms+5ms, total 601ms
I/MultiDex( 1156): Extraction is needed for file /data/data/com.affinity.dodgers/code_cache/secondary-dexes/com.affinity.dodgers-1.apk.classes2.zip
I/MultiDex( 1156): Extracting /data/data/com.affinity.dodgers/code_cache/secondary-dexes/com.affinity.dodgers-1.apk.classes355710203.zip
D/dalvikvm( 1156): GC_CONCURRENT freed 151K, 8% free 2982K/3212K, paused 13ms+2ms, total 61ms
I/MultiDex( 1156): Renaming to /data/data/com.affinity.dodgers/code_cache/secondary-dexes/com.affinity.dodgers-1.apk.classes2.zip
I/MultiDex( 1156): Extraction success - length /data/data/com.affinity.dodgers/code_cache/secondary-dexes/com.affinity.dodgers-1.apk.classes2.zip: 1303346
I/MultiDex( 1156): load found 1 secondary dex files
D/dalvikvm( 1156): DexOpt: --- BEGIN 'com.affinity.dodgers-1.apk.classes2.zip' (bootstrap=0) ---
D/dalvikvm( 1171): DexOpt: couldn't find field Landroid/os/Message;.sendingUid
D/dalvikvm( 1171): DexOpt: load 442ms, verify+opt 1288ms, 2569228 bytes
D/dalvikvm( 1156): DexOpt: --- END 'com.affinity.dodgers-1.apk.classes2.zip' (success) ---
D/dalvikvm( 1156): DEX prep '/data/data/com.affinity.dodgers/code_cache/secondary-dexes/com.affinity.dodgers-1.apk.classes2.zip': unzip in 161ms, rewrite 2401ms
I/MultiDex( 1156): install done
I/MultiDex( 1156): install
D/Profiling( 1156): ---------
D/Profiling( 1156): Application onCreate
D/AffinityReact( 1156): Device density: 1.0
D/dalvikvm( 1156): GC_CONCURRENT freed 369K, 14% free 3044K/3500K, paused 4ms+4ms, total 31ms
D/dalvikvm( 1156): DexOpt: couldn't find field Lcom/affinityreact/MainActivity;._nr_trace
W/dalvikvm( 1156): VFY: unable to resolve instance field 7647
D/dalvikvm( 1156): VFY: replacing opcode 0x54 at 0x0000
D/dalvikvm( 1156): DexOpt: couldn't find field Lcom/affinityreact/MainActivity;._nr_trace
W/dalvikvm( 1156): VFY: unable to resolve instance field 7647
D/dalvikvm( 1156): VFY: replacing opcode 0x54 at 0x0007
D/dalvikvm( 1156): GC_CONCURRENT freed 617K, 20% free 2905K/3600K, paused 5ms+25ms, total 63ms
D/dalvikvm( 1156): GC_FOR_ALLOC freed 61K, 19% free 2946K/3600K, paused 18ms, total 18ms
I/dalvikvm-heap( 1156): Grow heap (frag case) to 3.534MB for 614416-byte allocation
D/dalvikvm( 1156): GC_FOR_ALLOC freed <1K, 16% free 3546K/4204K, paused 28ms, total 28ms
D/dalvikvm( 1156): GC_CONCURRENT freed 12K, 15% free 3580K/4204K, paused 4ms+16ms, total 53ms
I/dalvikvm( 1156): Could not find method android.app.Notification$Builder.setLocalOnly, referenced from method com.google.android.gms.common.GooglePlayServicesUtil.zza
W/dalvikvm( 1156): VFY: unable to resolve virtual method 277: Landroid/app/Notification$Builder;.setLocalOnly (Z)Landroid/app/Notification$Builder;
D/dalvikvm( 1156): VFY: replacing opcode 0x6e at 0x00cb
I/dalvikvm( 1156): Could not find method android.content.pm.PackageManager.getPackageInstaller, referenced from method com.google.android.gms.common.GooglePlayServicesUtil.zzj
W/dalvikvm( 1156): VFY: unable to resolve virtual method 606: Landroid/content/pm/PackageManager;.getPackageInstaller ()Landroid/content/pm/PackageInstaller;
D/dalvikvm( 1156): VFY: replacing opcode 0x6e at 0x000b
W/GooglePlayServicesUtil( 1156): Google Play services is missing.
W/GooglePlayServicesUtil( 1156): Google Play services is missing.
D/dalvikvm( 1156): GC_CONCURRENT freed 262K, 9% free 3829K/4204K, paused 4ms+3ms, total 76ms
D/dalvikvm( 1156): WAIT_FOR_CONCURRENT_GC blocked 21ms
D/dalvikvm( 1156): WAIT_FOR_CONCURRENT_GC blocked 28ms
I/CrashlyticsCore( 1156): Initializing Crashlytics 2.3.8.97
W/GooglePlayServicesUtil( 1156): Google Play services is missing.
D/dalvikvm( 1156): GC_CONCURRENT freed 338K, 10% free 3912K/4336K, paused 7ms+6ms, total 49ms
I/com.newrelic.agent.android( 1156): Loaded configuration: HarvestConfiguration{collect_network_errors=true, cross_process_id='null', data_report_period=60, data_token=[0, 0], error_limit=50, report_max_transaction_age=600, report_max_transaction_count=1000, response_body_limit=2048, server_timestamp=0, stack_trace_limit=100, activity_trace_max_size=65534, activity_trace_max_report_attempts=1, activity_trace_min_utilization=0.30000001192092896, at_capture=ActivityTraceConfiguration{maxTotalTraceCount=1}}
I/com.newrelic.agent.android( 1156): Application state monitor has started
I/com.newrelic.agent.android( 1156): Created random UUID: a8a48600-c976-488a-a331-1b7d68fa82e3
I/com.newrelic.agent.android( 1156): Analytics Controller started.
I/com.newrelic.agent.android( 1156): Measurement Engine initialized.
I/com.newrelic.agent.android( 1156): New Relic Agent v5.4.0
D/dalvikvm( 1156): GC_CONCURRENT freed 527K, 14% free 3810K/4412K, paused 12ms+17ms, total 49ms
I/AdColony( 1156): ==== Configuring AdColony 2.3.4 with app/zone ids: ====
I/AdColony( 1156): appe1825f3537424bd695
I/AdColony( 1156): vzbf4f5af4735045548b
I/AdColony( 1156): vz08e83f81b03d407aa8
I/dalvikvm( 1156): Could not find method android.app.Activity.checkSelfPermission, referenced from method com.chartboost.sdk.c.b
W/dalvikvm( 1156): VFY: unable to resolve virtual method 35: Landroid/app/Activity;.checkSelfPermission (Ljava/lang/String;)I
D/dalvikvm( 1156): VFY: replacing opcode 0x6e at 0x001a
D/dalvikvm( 1156): GC_CONCURRENT freed 374K, 12% free 3924K/4412K, paused 84ms+8ms, total 229ms
D/dalvikvm( 1156): GC_FOR_ALLOC freed 251K, 14% free 3896K/4504K, paused 21ms, total 23ms
D/dalvikvm( 1156): GC_FOR_ALLOC freed 209K, 13% free 3919K/4504K, paused 157ms, total 158ms
I/com.newrelic.agent.android( 1156): Connecting, saved state is not available: DataToken{accountId=0, agentId=0}
D/LibraryLoader( 1156): onCreate
D/AffinityMainActivity( 1156): Live Update Enabled
D/dalvikvm( 1156): GC_CONCURRENT freed 385K, 12% free 4005K/4504K, paused 5ms+15ms, total 133ms
I/BundleLoader( 1156): checkIfNewBundleIsNeeded endpoint: 3.13.0
D/BundleLoader( 1156): bundleCheckURL: http://affinityis.s3.amazonaws.com/downloads/react/3.13.0/checksums.json?req=1528250758
E/AdColony( 1156): Advertising Id not available! Collecting Android Id instead of Advertising Id.
W/System.err( 1156): com.google.android.gms.common.GooglePlayServicesNotAvailableException
W/System.err( 1156): 	at com.google.android.gms.ads.identifier.AdvertisingIdClient.zzo(Unknown Source)
W/System.err( 1156): 	at com.google.android.gms.ads.identifier.AdvertisingIdClient.zzb(Unknown Source)
W/System.err( 1156): 	at com.google.android.gms.ads.identifier.AdvertisingIdClient.getAdvertisingIdInfo(Unknown Source)
W/System.err( 1156): 	at com.jirbo.adcolony.AdColony$a.a(SourceFile:511)
W/System.err( 1156): 	at com.jirbo.adcolony.AdColony$a.doInBackground(SourceFile:493)
W/System.err( 1156): 	at android.os.AsyncTask$2.call(AsyncTask.java:288)
W/System.err( 1156): 	at java.util.concurrent.FutureTask.run(FutureTask.java:237)
W/System.err( 1156): 	at java.util.concurrent.ThreadPoolExecutor.runWorker(ThreadPoolExecutor.java:1112)
W/System.err( 1156): 	at java.util.concurrent.ThreadPoolExecutor$Worker.run(ThreadPoolExecutor.java:587)
W/System.err( 1156): 	at java.lang.Thread.run(Thread.java:841)
D/dalvikvm( 1156): GC_CONCURRENT freed 343K, 8% free 4178K/4520K, paused 31ms+5ms, total 120ms
D/dalvikvm( 1156): GC_CONCURRENT freed 437K, 11% free 4209K/4724K, paused 8ms+7ms, total 88ms
W/ActivityManager(  355): Launch timeout has expired, giving up wake lock!
W/GooglePlayServicesUtil( 1156): Google Play services is missing.
E/WindowManager(  355): Starting window AppWindowToken{b30e9d90 token=Token{b2ec1da8 ActivityRecord{b2ec1c48 u0 com.affinity.dodgers/com.affinityreact.MainActivity t4}}} timed out
E/GooglePlayServicesUtil( 1156): GooglePlayServices not available due to error 1
W/IonConscrypt( 1156): Conscrypt initialization failed.
D/dalvikvm( 1156): GC_CONCURRENT freed 316K, 9% free 4391K/4776K, paused 6ms+7ms, total 125ms
I/com.newrelic.agent.android( 1156): Saving configuration: HarvestConfiguration{collect_network_errors=true, cross_process_id='UgcAVFJRGwIEUlJXAQMA', data_report_period=60, data_token=[14635627, 19118008], error_limit=50, report_max_transaction_age=600, report_max_transaction_count=1000, response_body_limit=2048, server_timestamp=1525885561, stack_trace_limit=100, activity_trace_max_size=65534, activity_trace_max_report_attempts=1, activity_trace_min_utilization=0.3, at_capture=ActivityTraceConfiguration{maxTotalTraceCount=1}}
W/GooglePlayServicesUtil( 1156): Google Play services is missing.
W/ActivityManager(  355): Unable to start service Intent { act=com.google.android.gms.ads.identifier.service.START pkg=com.google.android.gms } U=0: not found
D/AndroidRuntime( 1145): Shutting down VM
D/dalvikvm( 1145): GC_CONCURRENT freed 98K, 15% free 589K/692K, paused 2ms+1ms, total 11ms
D/dalvikvm( 1156): GC_CONCURRENT freed 459K, 11% free 4497K/5032K, paused 145ms+10ms, total 251ms
D/dalvikvm( 1156): WAIT_FOR_CONCURRENT_GC blocked 64ms
D/dalvikvm( 1156): WAIT_FOR_CONCURRENT_GC blocked 25ms
D/dalvikvm( 1156): WAIT_FOR_CONCURRENT_GC blocked 28ms
D/dalvikvm( 1156): WAIT_FOR_CONCURRENT_GC blocked 42ms
I/com.newrelic.agent.android( 1156): Loaded configuration: HarvestConfiguration{collect_network_errors=true, cross_process_id='UgcAVFJRGwIEUlJXAQMA', data_report_period=60, data_token=[14635627, 19118008], error_limit=50, report_max_transaction_age=600, report_max_transaction_count=1000, response_body_limit=2048, server_timestamp=1525885561, stack_trace_limit=100, activity_trace_max_size=65534, activity_trace_max_report_attempts=1, activity_trace_min_utilization=0.30000001192092896, at_capture=ActivityTraceConfiguration{maxTotalTraceCount=1}}
D/Profiling( 1156): MainActivity onStart
I/AppsFlyer_3.0( 1156): onActivityResume called
W/ActivityManager(  355): Unable to start service Intent { act=com.google.android.c2dm.intent.REGISTER pkg=com.google.android.gsf (has extras) } U=0: not found
D/dalvikvm( 1156): WAIT_FOR_CONCURRENT_GC blocked 676ms
D/dalvikvm( 1156): WAIT_FOR_CONCURRENT_GC blocked 676ms
D/dalvikvm( 1156): WAIT_FOR_CONCURRENT_GC blocked 675ms
D/dalvikvm( 1156): GC_CONCURRENT freed 551K, 13% free 4547K/5172K, paused 6ms+4ms, total 85ms
D/dalvikvm( 1156): WAIT_FOR_CONCURRENT_GC blocked 49ms
D/dalvikvm( 1156): WAIT_FOR_CONCURRENT_GC blocked 33ms
D/dalvikvm( 1156): WAIT_FOR_CONCURRENT_GC blocked 36ms
D/dalvikvm( 1156): WAIT_FOR_CONCURRENT_GC blocked 44ms
I/AdColony( 1156): [ADC] AdColony resume called.
D/AffinityMainActivity( 1156): onResume: null
D/dalvikvm( 1156): GC_CONCURRENT freed 611K, 14% free 4542K/5232K, paused 15ms+6ms, total 95ms
W/com.newrelic.agent.android( 1156): setBytesReceived(...) called on TransactionState in COMPLETE state
W/com.newrelic.agent.android( 1156): setStatusCode(...) called on TransactionState in COMPLETE state
D/GraphRequest( 1156): Warning: Request without access token missing application ID or client token.
D/dalvikvm( 1156): GC_CONCURRENT freed 500K, 13% free 4555K/5232K, paused 6ms+22ms, total 85ms
D/GraphRequest( 1156): Warning: Request without access token missing application ID or client token.
