W/com.newrelic.agent.android( 1156): setBytesReceived(...) called on TransactionState in COMPLETE state
W/com.newrelic.agent.android( 1156): setStatusCode(...) called on TransactionState in COMPLETE state
W/com.newrelic.agent.android( 1156): setBytesReceived(...) called on TransactionState in COMPLETE state
W/com.newrelic.agent.android( 1156): setStatusCode(...) called on TransactionState in COMPLETE state
D/AffinityMainActivity( 1156): appLinkData: null
I/AppsFlyer_3.0( 1156): onActivityResume called
I/BundleLoader( 1156): checkIfNewBundleIsNeeded: {"release":"1466183899","android":"7a8c8face982edbf7b4f67b770bf7297519538fb686d8e6a7e5574f9d54fd22a","ios":"b59958485281dc4765a7c83b9fec3c6296c7c430354b7a4232d18856c9a5454b"}
D/BundleLoader( 1156): parseConfig: {"release":"1466183899","android":"7a8c8face982edbf7b4f67b770bf7297519538fb686d8e6a7e5574f9d54fd22a","ios":"b59958485281dc4765a7c83b9fec3c6296c7c430354b7a4232d18856c9a5454b"}
I/BundleLoader( 1156): releaseTimestamp (version): 1466183899
I/BundleLoader( 1156): checksum: 7a8c8face982edbf7b4f67b770bf7297519538fb686d8e6a7e5574f9d54fd22a
D/BundleLoader( 1156): shouldDownloadReactBundle
D/BundleLoader( 1156): shouldDownloadReactBundle: file /data/data/com.affinity.dodgers/files/index.android.bundle does not exist, comparing embedded
D/dalvikvm( 1156): GC_CONCURRENT freed 525K, 12% free 4631K/5232K, paused 6ms+11ms, total 152ms
D/BundleLoader( 1156): shouldDownloadReactBundle: local: 93cee686749d8755a960e0fd0ae64de76b662f1135d5f9569ffa3ecf078a665b remote: 7a8c8face982edbf7b4f67b770bf7297519538fb686d8e6a7e5574f9d54fd22a match? false
D/LibraryLoader( 1156): run
D/LibraryLoader( 1156): onStart
D/LibraryLoader( 1156): onResume
D/dalvikvm( 1156): GC_CONCURRENT freed 599K, 13% free 4678K/5352K, paused 78ms+32ms, total 231ms
D/dalvikvm( 1156): WAIT_FOR_CONCURRENT_GC blocked 86ms
D/dalvikvm( 1156): GC_FOR_ALLOC freed 29K, 13% free 4697K/5388K, paused 61ms, total 62ms
I/dalvikvm-heap( 1156): Grow heap (frag case) to 4.721MB for 65552-byte allocation
D/dalvikvm( 1156): WAIT_FOR_CONCURRENT_GC blocked 95ms
I/dalvikvm-heap( 1156): Grow heap (frag case) to 4.722MB for 1136-byte allocation
D/dalvikvm( 1156): GC_FOR_ALLOC freed <1K, 13% free 4762K/5456K, paused 52ms, total 52ms
D/dalvikvm( 1156): WAIT_FOR_CONCURRENT_GC blocked 146ms
D/dalvikvm( 1156): WAIT_FOR_CONCURRENT_GC blocked 386ms
D/dalvikvm( 1156): WAIT_FOR_CONCURRENT_GC blocked 448ms
D/dalvikvm( 1156): WAIT_FOR_CONCURRENT_GC blocked 399ms
I/Choreographer( 1156): Skipped 240 frames!  The application may be doing too much work on its main thread.
D/dalvikvm( 1156): GC_FOR_ALLOC freed 125K, 13% free 4769K/5456K, paused 33ms, total 34ms
D/dalvikvm( 1156): GC_FOR_ALLOC freed 16K, 13% free 4836K/5532K, paused 42ms, total 44ms
I/dalvikvm-heap( 1156): Grow heap (frag case) to 4.927MB for 140176-byte allocation
D/dalvikvm( 1156): GC_FOR_ALLOC freed <1K, 13% free 4972K/5672K, paused 34ms, total 35ms
W/com.newrelic.agent.android( 1156): setBytesReceived(...) called on TransactionState in COMPLETE state
W/com.newrelic.agent.android( 1156): setStatusCode(...) called on TransactionState in COMPLETE state
I/Choreographer( 1156): Skipped 72 frames!  The application may be doing too much work on its main thread.
D/InitAlarmsService(  963): Clearing and rescheduling alarms.
W/com.newrelic.agent.android( 1156): setStatusCode(...) called on TransactionState in COMPLETE state
D/Volley  ( 1156): [139] u.a: HTTP response for request=<[ ] https://live.chartboost.com/api/config 0x64ca17da HIGH 1> [lifetime=3952], [size=526], [rc=200], [retryCount=0]
D/gralloc_goldfish( 1156): Emulator without GPU emulation detected.
D/dalvikvm( 1156): GC_FOR_ALLOC freed 654K, 17% free 4815K/5784K, paused 96ms, total 97ms
D/dalvikvm( 1156): GC_FOR_ALLOC freed 118K, 16% free 4860K/5784K, paused 37ms, total 38ms
I/dalvikvm-heap( 1156): Grow heap (frag case) to 4.953MB for 142288-byte allocation
D/dalvikvm( 1156): GC_FOR_ALLOC freed <1K, 16% free 4999K/5924K, paused 29ms, total 29ms
D/dalvikvm( 1156): GC_FOR_ALLOC freed 93K, 18% free 4906K/5924K, paused 28ms, total 28ms
I/dalvikvm-heap( 1156): Grow heap (frag case) to 5.066MB for 213428-byte allocation
D/dalvikvm( 1156): GC_FOR_ALLOC freed 138K, 19% free 4975K/6136K, paused 27ms, total 27ms
I/ActivityManager(  355): Displayed com.affinity.dodgers/com.affinityreact.MainActivity: +16s651ms
I/AdColony( 1156): Received ad server response from:
I/AdColony( 1156): https://androidads23.adcolony.com/configure
D/dalvikvm( 1156): GC_FOR_ALLOC freed 269K, 20% free 4927K/6136K, paused 28ms, total 29ms
D/dalvikvm( 1156): GC_CONCURRENT freed 277K, 13% free 5347K/6136K, paused 139ms+6ms, total 239ms
I/AdColony( 1156): Finished parsing response for zone "vzbf4f5af4735045548b": 1 ad(s). Attempting to cache media assets.
I/AdColony( 1156): Finished parsing response for zone "vz08e83f81b03d407aa8": 1 ad(s). Attempting to cache media assets.
D/dalvikvm( 1156): GC_FOR_ALLOC freed 705K, 14% free 5398K/6224K, paused 61ms, total 62ms
D/dalvikvm( 1156): GC_FOR_ALLOC freed 89K, 13% free 5440K/6224K, paused 134ms, total 135ms
D/AndroidRuntime( 1242): 
D/AndroidRuntime( 1242): >>>>>> AndroidRuntime START com.android.internal.os.RuntimeInit <<<<<<
D/dalvikvm( 1156): GC_FOR_ALLOC freed 321K, 15% free 5496K/6408K, paused 59ms, total 59ms
D/AndroidRuntime( 1242): CheckJNI is ON
D/dalvikvm( 1242): Trying to load lib libjavacore.so 0x0
D/dalvikvm( 1242): Added shared lib libjavacore.so 0x0
D/dalvikvm( 1242): Trying to load lib libnativehelper.so 0x0
D/dalvikvm( 1242): Added shared lib libnativehelper.so 0x0
D/dalvikvm( 1242): No JNI_OnLoad found in libnativehelper.so 0x0, skipping init
D/dalvikvm( 1156): GC_FOR_ALLOC freed 5K, 12% free 5679K/6408K, paused 97ms, total 98ms
D/dalvikvm( 1242): Note: class Landroid/app/ActivityManagerNative; has 179 unimplemented (abstract) methods
E/memtrack( 1242): Couldn't load memtrack module (No such file or directory)
E/android.os.Debug( 1242): failed to load memtrack module: -2
D/AndroidRuntime( 1242): Calling main entry com.android.commands.am.Am
D/AndroidRuntime( 1242): Shutting down VM
D/dalvikvm( 1242): GC_CONCURRENT freed 97K, 15% free 587K/688K, paused 2ms+1ms, total 20ms
D/dalvikvm( 1156): GC_FOR_ALLOC freed 757K, 15% free 5701K/6680K, paused 129ms, total 130ms
D/dalvikvm( 1156): GC_FOR_ALLOC freed 412K, 12% free 5902K/6680K, paused 50ms, total 50ms
D/dalvikvm( 1156): GC_CONCURRENT freed 1697K, 25% free 5305K/7028K, paused 45ms+24ms, total 341ms
D/MobileDataStateTracker(  355): default: setPolicyDataEnable(enabled=true)
D/BundleLoader( 1156): shaString: 7a8c8face982edbf7b4f67b770bf7297519538fb686d8e6a7e5574f9d54fd22a
D/BundleLoader( 1156): checkSumsAreEqual: true
D/BundleLoader( 1156): moved: true
D/BundleLoader( 1156): saveVersion: 1466183899
D/BundleLoader( 1156): loadReact: /data/data/com.affinity.dodgers/files/index.android.bundle
D/dalvikvm( 1156): Trying to load lib /data/app-lib/com.affinity.dodgers-1/libreactnativejni.so 0xb2d5c3c8
D/dalvikvm( 1156): Added shared lib /data/app-lib/com.affinity.dodgers-1/libreactnativejni.so 0xb2d5c3c8
I/System.out( 1156): Exiting monitor
D/dalvikvm( 1156): Trying to load lib /data/app-lib/com.affinity.dodgers-1/libreactnativejni.so 0xb2d5c3c8
D/dalvikvm( 1156): Shared lib '/data/app-lib/com.affinity.dodgers-1/libreactnativejni.so' already loaded in same CL 0xb2d5c3c8
I/dalvikvm( 1156): threadid=17: recursive native library load attempt (/data/app-lib/com.affinity.dodgers-1/libreactnativejni.so)
D/dalvikvm( 1156): Trying to load lib /data/app-lib/com.affinity.dodgers-1/libfbjni.so 0xb2d5c3c8
D/dalvikvm( 1156): Added shared lib /data/app-lib/com.affinity.dodgers-1/libfbjni.so 0xb2d5c3c8
I/dalvikvm( 1156): Could not find method android.view.View.setElevation, referenced from method com.facebook.react.uimanager.BaseViewManager.setElevation
W/dalvikvm( 1156): VFY: unable to resolve virtual method 16350: Landroid/view/View;.setElevation (F)V
D/dalvikvm( 1156): VFY: replacing opcode 0x6e at 0x000a
I/dalvikvm( 1156): Could not find method com.facebook.react.views.view.ReactViewGroup.drawableHotspotChanged, referenced from method com.facebook.react.views.view.ReactViewManager.receiveCommand
W/dalvikvm( 1156): VFY: unable to resolve virtual method 33590: Lcom/facebook/react/views/view/ReactViewGroup;.drawableHotspotChanged (FF)V
D/dalvikvm( 1156): VFY: replacing opcode 0x6e at 0x002e
I/CircleProgressView( 1156): create instance1
W/unknown:ViewManagerPropertyUpdater( 1156): Could not find generated setter for class com.facebook.react.views.art.ARTRenderableViewManager
W/unknown:ViewManagerPropertyUpdater( 1156): Could not find generated setter for class com.facebook.react.views.art.ARTGroupShadowNode
W/unknown:ViewManagerPropertyUpdater( 1156): Could not find generated setter for class com.facebook.react.views.art.ARTShapeShadowNode
D/dalvikvm( 1156): GC_CONCURRENT freed 815K, 25% free 5293K/7028K, paused 5ms+137ms, total 227ms
W/unknown:ViewManagerPropertyUpdater( 1156): Could not find generated setter for class com.facebook.react.views.art.ARTTextShadowNode
W/unknown:ViewManagerPropertyUpdater( 1156): Could not find generated setter for class com.facebook.react.views.art.ARTSurfaceViewManager
W/unknown:ViewManagerPropertyUpdater( 1156): Could not find generated setter for class com.facebook.react.views.art.ARTSurfaceViewShadowNode
W/unknown:ViewManagerPropertyUpdater( 1156): Could not find generated setter for class com.facebook.react.views.picker.ReactDialogPickerManager
W/unknown:ViewManagerPropertyUpdater( 1156): Could not find generated setter for class com.facebook.react.uimanager.LayoutShadowNode
W/unknown:ViewManagerPropertyUpdater( 1156): Could not find generated setter for class com.facebook.react.views.drawer.ReactDrawerLayoutManager
W/unknown:ViewManagerPropertyUpdater( 1156): Could not find generated setter for class com.facebook.react.views.picker.ReactDropdownPickerManager
W/unknown:ViewManagerPropertyUpdater( 1156): Could not find generated setter for class com.facebook.react.views.scroll.ReactHorizontalScrollViewManager
W/unknown:ViewManagerPropertyUpdater( 1156): Could not find generated setter for class com.facebook.react.views.image.ReactImageManager
W/unknown:ViewManagerPropertyUpdater( 1156): Could not find generated setter for class com.facebook.react.views.progressbar.ReactProgressBarViewManager
W/unknown:ViewManagerPropertyUpdater( 1156): Could not find generated setter for class com.facebook.react.views.progressbar.ProgressBarShadowNode
W/unknown:ViewManagerPropertyUpdater( 1156): Could not find generated setter for class com.facebook.react.views.text.ReactRawTextManager
W/unknown:ViewManagerPropertyUpdater( 1156): Could not find generated setter for class com.facebook.react.views.text.ReactTextShadowNode
W/com.newrelic.agent.android( 1156): setStatusCode(...) called on TransactionState in COMPLETE state
W/unknown:ViewManagerPropertyUpdater( 1156): Could not find generated setter for class com.facebook.react.views.recyclerview.RecyclerViewBackedScrollViewManager
W/com.newrelic.agent.android( 1156): setStatusCode(...) called on TransactionState in COMPLETE state
W/unknown:ViewManagerPropertyUpdater( 1156): Could not find generated setter for class com.facebook.react.views.scroll.ReactScrollViewManager
W/unknown:ViewManagerPropertyUpdater( 1156): Could not find generated setter for class com.facebook.react.views.switchview.ReactSwitchManager
W/unknown:ViewManagerPropertyUpdater( 1156): Could not find generated setter for class com.facebook.react.views.switchview.ReactSwitchManager$ReactSwitchShadowNode
W/unknown:ViewManagerPropertyUpdater( 1156): Could not find generated setter for class com.facebook.react.views.textinput.ReactTextInputManager
W/unknown:ViewManagerPropertyUpdater( 1156): Could not find generated setter for class com.facebook.react.views.textinput.ReactTextInputShadowNode
W/unknown:ViewManagerPropertyUpdater( 1156): Could not find generated setter for class com.facebook.react.views.text.ReactTextViewManager
W/unknown:ViewManagerPropertyUpdater( 1156): Could not find generated setter for class com.facebook.react.views.toolbar.ReactToolbarManager
W/unknown:ViewManagerPropertyUpdater( 1156): Could not find generated setter for class com.facebook.react.views.view.ReactViewManager
D/dalvikvm( 1156): GC_CONCURRENT freed 677K, 24% free 5386K/7028K, paused 6ms+5ms, total 55ms
W/unknown:ViewManagerPropertyUpdater( 1156): Could not find generated setter for class com.facebook.react.views.viewpager.ReactViewPagerManager
W/unknown:ViewManagerPropertyUpdater( 1156): Could not find generated setter for class com.facebook.react.views.text.ReactTextInlineImageViewManager
W/unknown:ViewManagerPropertyUpdater( 1156): Could not find generated setter for class com.facebook.react.views.text.ReactTextInlineImageShadowNode
W/unknown:ViewManagerPropertyUpdater( 1156): Could not find generated setter for class com.facebook.react.views.text.ReactVirtualTextViewManager
W/unknown:ViewManagerPropertyUpdater( 1156): Could not find generated setter for class com.facebook.react.views.swiperefresh.SwipeRefreshLayoutManager
W/unknown:ViewManagerPropertyUpdater( 1156): Could not find generated setter for class com.facebook.react.views.webview.ReactWebViewManager
W/unknown:ViewManagerPropertyUpdater( 1156): Could not find generated setter for class com.affinityreact.facebookads.FBNativeAdManager
W/unknown:ViewManagerPropertyUpdater( 1156): Could not find generated setter for class com.affinityreact.ui.WebViewManager
W/unknown:ViewManagerPropertyUpdater( 1156): Could not find generated setter for class com.chymtt.reactnativedropdown.DropdownManager
W/unknown:ViewManagerPropertyUpdater( 1156): Could not find generated setter for class me.nucleartux.circleview.ReactCircleViewManager
I/dalvikvm( 1156): Could not find method android.webkit.CookieManager.setCookie, referenced from method com.facebook.react.modules.network.ForwardingCookieHandler.addCookieAsync
W/dalvikvm( 1156): VFY: unable to resolve virtual method 16927: Landroid/webkit/CookieManager;.setCookie (Ljava/lang/String;Ljava/lang/String;Landroid/webkit/ValueCallback;)V
D/dalvikvm( 1156): VFY: replacing opcode 0x6e at 0x0005
I/dalvikvm( 1156): Could not find method android.webkit.CookieManager.removeAllCookies, referenced from method com.facebook.react.modules.network.ForwardingCookieHandler.clearCookiesAsync
W/dalvikvm( 1156): VFY: unable to resolve virtual method 16924: Landroid/webkit/CookieManager;.removeAllCookies (Landroid/webkit/ValueCallback;)V
D/dalvikvm( 1156): VFY: replacing opcode 0x6e at 0x0009
I/dalvikvm( 1156): Could not find method android.webkit.CookieManager.flush, referenced from method com.facebook.react.modules.network.ForwardingCookieHandler$CookieSaver.flush
W/dalvikvm( 1156): VFY: unable to resolve virtual method 16920: Landroid/webkit/CookieManager;.flush ()V
D/dalvikvm( 1156): VFY: replacing opcode 0x6e at 0x0006
I/dalvikvm( 1156): Could not find method java.util.Locale.toLanguageTag, referenced from method com.learnium.RNDeviceInfo.RNDeviceModule.getCurrentLanguage
W/dalvikvm( 1156): VFY: unable to resolve virtual method 63700: Ljava/util/Locale;.toLanguageTag ()Ljava/lang/String;
D/dalvikvm( 1156): VFY: replacing opcode 0x6e at 0x0014
D/ConfigManager( 1156): Device UUID: ffffffffb31a3560ffffffff99d603a9
D/ConfigManager( 1156): Install token: 188f01d1-84e9-445f-8f72-9e7919904a5e
D/dalvikvm( 1156): GC_CONCURRENT freed 643K, 21% free 5566K/7028K, paused 5ms+141ms, total 219ms
I/BundleLoaderManager( 1156): Current release endpoint: 3.13.0
W/com.newrelic.agent.android( 1156): setBytesReceived(...) called on TransactionState in COMPLETE state
W/com.newrelic.agent.android( 1156): setStatusCode(...) called on TransactionState in COMPLETE state
D/dalvikvm( 1156): GC_FOR_ALLOC freed 463K, 21% free 5562K/7028K, paused 49ms, total 49ms
I/dalvikvm-heap( 1156): Grow heap (frag case) to 6.134MB for 662560-byte allocation
D/dalvikvm( 1156): GC_FOR_ALLOC freed <1K, 20% free 6208K/7676K, paused 37ms, total 38ms
D/CognitoCachingCredentialsProvider( 1156): Loading credentials from SharedPreferences
D/CognitoCachingCredentialsProvider( 1156): No valid credentials found in SharedPreferences
D/dalvikvm( 1156): GC_FOR_ALLOC freed 247K, 18% free 6357K/7676K, paused 80ms, total 80ms
I/dalvikvm-heap( 1156): Grow heap (frag case) to 6.912MB for 662560-byte allocation
D/MobileDataStateTracker(  355): default: setPolicyDataEnable(enabled=true)
D/dalvikvm( 1156): GC_FOR_ALLOC freed <1K, 16% free 7004K/8324K, paused 172ms, total 172ms
E/BluetoothAdapter( 1156): Bluetooth binder is null
W/System.err( 1156): java.lang.NullPointerException
W/System.err( 1156): 	at com.learnium.RNDeviceInfo.RNDeviceModule.getConstants(RNDeviceModule.java:69)
W/System.err( 1156): 	at com.facebook.react.bridge.BaseJavaModule.writeConstantsField(BaseJavaModule.java:310)
W/System.err( 1156): 	at com.facebook.react.bridge.NativeModuleRegistry.writeModuleDescriptions(NativeModuleRegistry.java:77)
W/System.err( 1156): 	at com.facebook.react.bridge.CatalystInstanceImpl.buildModulesConfigJSONProperty(CatalystInstanceImpl.java:378)
W/System.err( 1156): 	at com.facebook.react.bridge.CatalystInstanceImpl.initializeBridge(CatalystInstanceImpl.java:124)
W/System.err( 1156): 	at com.facebook.react.bridge.CatalystInstanceImpl.access$200(CatalystInstanceImpl.java:42)
W/System.err( 1156): 	at com.facebook.react.bridge.CatalystInstanceImpl$1.call(CatalystInstanceImpl.java:94)
W/System.err( 1156): 	at com.facebook.react.bridge.CatalystInstanceImpl$1.call(CatalystInstanceImpl.java:89)
W/System.err( 1156): 	at com.facebook.react.bridge.queue.MessageQueueThreadImpl$1.run(MessageQueueThreadImpl.java:74)
W/System.err( 1156): 	at android.os.Handler.handleCallback(Handler.java:733)
W/System.err( 1156): 	at android.os.Handler.dispatchMessage(Handler.java:95)
W/System.err( 1156): 	at com.facebook.react.bridge.queue.MessageQueueThreadHandler.dispatchMessage(MessageQueueThreadHandler.java:31)
W/System.err( 1156): 	at android.os.Looper.loop(Looper.java:136)
W/System.err( 1156): 	at com.facebook.react.bridge.queue.MessageQueueThreadImpl$3.run(MessageQueueThreadImpl.java:185)
W/System.err( 1156): 	at java.lang.Thread.run(Thread.java:841)
D/dalvikvm( 1156): GC_FOR_ALLOC freed 1638K, 31% free 5773K/8324K, paused 278ms, total 279ms
D/dalvikvm( 1156): GC_CONCURRENT freed 4K, 19% free 6755K/8324K, paused 5ms+24ms, total 132ms
W/ReactNativeJS( 1156): The regenerator/runtime module is deprecated; please import regenerator-runtime/runtime instead.
I/MediaFocusControl(  355):  AudioFocus  abandonAudioFocus() from android.media.AudioManager@b2d642e0com.android.music.MediaPlaybackService$3@b2d63160
D/AndroidRuntime( 1290): 
D/AndroidRuntime( 1290): >>>>>> AndroidRuntime START com.android.internal.os.RuntimeInit <<<<<<
D/AndroidRuntime( 1290): CheckJNI is ON
D/dalvikvm( 1290): Trying to load lib libjavacore.so 0x0
D/dalvikvm( 1290): Added shared lib libjavacore.so 0x0
D/dalvikvm( 1290): Trying to load lib libnativehelper.so 0x0
D/dalvikvm( 1290): Added shared lib libnativehelper.so 0x0
D/dalvikvm( 1290): No JNI_OnLoad found in libnativehelper.so 0x0, skipping init
D/dalvikvm( 1290): Note: class Landroid/app/ActivityManagerNative; has 179 unimplemented (abstract) methods
E/memtrack( 1290): Couldn't load memtrack module (No such file or directory)
E/android.os.Debug( 1290): failed to load memtrack module: -2
D/AndroidRuntime( 1290): Calling main entry com.android.commands.am.Am
I/ActivityManager(  355): START u0 {act=android.intent.action.MAIN cat=[android.intent.category.LAUNCHER] flg=0x10000000 cmp=com.affinity.dodgers/com.facebook.react.devsupport.DevSettingsActivity} from pid 1290
I/dalvikvm( 1156): Could not find method android.widget.ImageView.<init>, referenced from method com.facebook.drawee.view.DraweeView.<init>
W/dalvikvm( 1156): VFY: unable to resolve direct method 17250: Landroid/widget/ImageView;.<init> (Landroid/content/Context;Landroid/util/AttributeSet;II)V
D/dalvikvm( 1156): VFY: replacing opcode 0x70 at 0x0000
I/dalvikvm( 1156): Could not find method com.facebook.drawee.view.DraweeView.getImageTintList, referenced from method com.facebook.drawee.view.DraweeView.init
W/dalvikvm( 1156): VFY: unable to resolve virtual method 27653: Lcom/facebook/drawee/view/DraweeView;.getImageTintList ()Landroid/content/res/ColorStateList;
D/dalvikvm( 1156): VFY: replacing opcode 0x6e at 0x0015
W/ActivityManager(  355): Activity pause timeout for ActivityRecord{b2ec1c48 u0 com.affinity.dodgers/com.affinityreact.MainActivity t4}
I/ReactNativeJS( 1156): Running application "AffinityReact" with appParams: {"initialProps":{},"rootTag":1}. __DEV__ === false, development-level warning are OFF, performance optimizations are ON
I/AdColony( 1156): [ADC] AdColony pause called.
I/AdColony( 1156): [ADC] AdColony pause called.
D/FirehoseManager( 1156): SUBMITTING RECORDS
W/dalvikvm( 1156): VFY: unable to find class referenced in signature (Lcom/squareup/okhttp/OkUrlFactory;)
I/dalvikvm( 1156): Could not find method com.squareup.okhttp.OkUrlFactory.open, referenced from method com.newrelic.agent.android.instrumentation.okhttp2.OkHttp2Instrumentation.open
W/dalvikvm( 1156): VFY: unable to resolve virtual method 20469: Lcom/squareup/okhttp/OkUrlFactory;.open (Ljava/net/URL;)Ljava/net/HttpURLConnection;
D/dalvikvm( 1156): VFY: replacing opcode 0x6e at 0x0000
I/AppsFlyer_3.0( 1156): onActivityPause called
D/LibraryLoader( 1156): onPause
D/dalvikvm( 1156): DexOpt: couldn't find field Lcom/facebook/react/devsupport/DevSettingsActivity;._nr_trace
W/dalvikvm( 1156): VFY: unable to resolve instance field 12518
D/dalvikvm( 1156): VFY: replacing opcode 0x54 at 0x0006
W/dalvikvm( 1156): VFY: unable to find class referenced in signature (Ljava/nio/file/Path;)
W/dalvikvm( 1156): VFY: unable to find class referenced in signature ([Ljava/nio/file/OpenOption;)
I/dalvikvm( 1156): Could not find method java.nio.file.Files.newOutputStream, referenced from method okio.Okio.sink
W/dalvikvm( 1156): VFY: unable to resolve static method 21389: Ljava/nio/file/Files;.newOutputStream (Ljava/nio/file/Path;[Ljava/nio/file/OpenOption;)Ljava/io/OutputStream;
D/dalvikvm( 1156): VFY: replacing opcode 0x71 at 0x000b
W/dalvikvm( 1156): VFY: unable to find class referenced in signature (Ljava/nio/file/Path;)
W/dalvikvm( 1156): VFY: unable to find class referenced in signature ([Ljava/nio/file/OpenOption;)
I/dalvikvm( 1156): Could not find method java.nio.file.Files.newInputStream, referenced from method okio.Okio.source
W/dalvikvm( 1156): VFY: unable to resolve static method 21388: Ljava/nio/file/Files;.newInputStream (Ljava/nio/file/Path;[Ljava/nio/file/OpenOption;)Ljava/io/InputStream;
D/dalvikvm( 1156): VFY: replacing opcode 0x71 at 0x000b
D/dalvikvm( 1156): GC_CONCURRENT freed 1021K, 14% free 7000K/8096K, paused 12ms+7ms, total 98ms
D/dalvikvm( 1156): GC_FOR_ALLOC freed 44K, 15% free 6956K/8096K, paused 38ms, total 40ms
I/dalvikvm-heap( 1156): Grow heap (frag case) to 7.827MB for 1008994-byte allocation
D/dalvikvm( 1156): GC_FOR_ALLOC freed <1K, 13% free 7942K/9084K, paused 42ms, total 42ms
D/Volley  ( 1156): [123] u.a: HTTP response for request=<[ ] https://v5.chartboost.com/videoads/5acf16a63a8d6b0af8dd18e9_320-1523521190.mp4 0xb5b981e7 LOW 2> [lifetime=21177], [size=1008978], [rc=200], [retryCount=0]
D/CognitoCachingCredentialsProvider( 1156): Loading credentials from SharedPreferences
D/CognitoCachingCredentialsProvider( 1156): No valid credentials found in SharedPreferences
D/dalvikvm( 1156): GC_FOR_ALLOC freed 2546K, 33% free 6298K/9360K, paused 43ms, total 44ms
I/dalvikvm-heap( 1156): Grow heap (frag case) to 8.674MB for 2571544-byte allocation
D/dalvikvm( 1156): GC_FOR_ALLOC freed <1K, 26% free 8810K/11872K, paused 38ms, total 38ms
D/dalvikvm( 1156): GC_CONCURRENT freed 137K, 26% free 8827K/11872K, paused 6ms+5ms, total 173ms
W/ActivityManager(  355): Launch timeout has expired, giving up wake lock!
I/AdColony( 1156): [ADC] AdColony resume called.
I/AdColony( 1156): [ADC] AdColony resume called.
I/Choreographer( 1156): Skipped 1869 frames!  The application may be doing too much work on its main thread.
D/AndroidRuntime( 1290): Shutting down VM
D/dalvikvm( 1290): GC_CONCURRENT freed 98K, 15% free 589K/692K, paused 2ms+2ms, total 25ms
E/com.newrelic.agent.android( 1156): java.lang.NullPointerException
W/com.newrelic.agent.android( 1156): setBytesReceived(...) called on TransactionState in COMPLETE state
W/com.newrelic.agent.android( 1156): setStatusCode(...) called on TransactionState in COMPLETE state
D/CognitoCachingCredentialsProvider( 1156): Identity id is changed
D/CognitoCachingCredentialsProvider( 1156): Saving identity id to SharedPreferences
D/CognitoCachingCredentialsProvider( 1156): Clearing credentials from SharedPreferences
I/Choreographer( 1156): Skipped 73 frames!  The application may be doing too much work on its main thread.
E/com.newrelic.agent.android( 1156): java.lang.NullPointerException
W/com.newrelic.agent.android( 1156): setBytesReceived(...) called on TransactionState in COMPLETE state
W/com.newrelic.agent.android( 1156): setStatusCode(...) called on TransactionState in COMPLETE state
D/MobileDataStateTracker(  355): default: setPolicyDataEnable(enabled=true)
D/CognitoCachingCredentialsProvider( 1156): Saving credentials to SharedPreferences
I/ActivityManager(  355): Displayed com.affinity.dodgers/com.facebook.react.devsupport.DevSettingsActivity: +12s430ms
I/AppsFlyer_3.0( 1156): onActivityPause called
D/LibraryLoader( 1156): onStop
E/com.newrelic.agent.android( 1156): java.lang.NullPointerException
W/com.newrelic.agent.android( 1156): setBytesReceived(...) called on TransactionState in COMPLETE state
W/com.newrelic.agent.android( 1156): setStatusCode(...) called on TransactionState in COMPLETE state
E/com.newrelic.agent.android( 1156): java.lang.NullPointerException
W/com.newrelic.agent.android( 1156): setBytesReceived(...) called on TransactionState in COMPLETE state
W/com.newrelic.agent.android( 1156): setStatusCode(...) called on TransactionState in COMPLETE state
D/AbstractKinesisRecorder( 1156): submitAllRecords sent 2 records
I/AppsFlyer_3.0( 1156): Start tracking package: com.affinity.dodgers
I/AppsFlyer_3.0( 1156): AsendTrackingWithEvent from activity: com.affinityreact.AffinityReact
I/AppsFlyer_3.0-250807124( 1156): ******* sendTrackingWithEvent: Launch
E/ActivityThread( 1156): Failed to find provider info for com.facebook.katana.provider.AttributionIdProvider
I/AppsFlyer_3.0( 1156): com.google.android.gms.common.GooglePlayServicesNotAvailableException
D/AppsFlyer_3.0( 1156): AppsFlyer: first launch detected
I/AppsFlyer_3.0( 1156): AppsFlyer: first launch date: 2018-06-05_1006-0400
I/System.out( 1156): AppsFlyerLib.sendTrackingWithEvent
I/AppsFlyer_3.0-250807124( 1156): url: https://t.appsflyer.com/api/v3/androidevent?buildnumber=3.0&app_id=com.affinity.dodgers
I/AppsFlyer_( 1156): data: uid=1528250715411-1720706844985362715&model=sdk&af_v=7e899d8da560f8e93bc5832e7251a4c2bb809ce7&app_version_code=2042659697&af_preinstalled=false&lang=English&network=MOBILE&currency=USD&android_id=7f3b1db09d7fa63e&firstLaunchDate=2018-06-05_1006-0400&installDate=2018-06-05_1005-0400&deviceType=eng&date2=2018-06-05_1005-0400&carrier=Android&iaecounter=0&sdk=19&timepassedsincelastlaunch=0&dkh=RXBg5JnQ&date1=2018-06-05_1005-0400&appsflyerKey=RX****************AWgX&counter=1&imei=000000000000000&operator=Android&country=US&isFirstCall=true&product=sdk&af_timestamp=1528250807124&device=generic&brand=generic&app_version_name=3.13.0&lang_code=en&platformextension=android_native
W/com.newrelic.agent.android( 1156): setBytesReceived(...) called on TransactionState in COMPLETE state
W/com.newrelic.agent.android( 1156): setStatusCode(...) called on TransactionState in COMPLETE state
D/dalvikvm( 1156): GC_CONCURRENT freed 1768K, 24% free 9093K/11868K, paused 9ms+37ms, total 171ms
I/AppsFlyer_3.0-250807124( 1156): response code: 200
I/AppsFlyer_( 1156): Calling server for attribution url: https://api.appsflyer.com/install_data/v3/com.affinity.dodgers?devkey=RX****************AWgX&device_id=1528250715411-1720706844985362715
D/AndroidRuntime( 1323): 
D/AndroidRuntime( 1323): >>>>>> AndroidRuntime START com.android.internal.os.RuntimeInit <<<<<<
D/AndroidRuntime( 1323): CheckJNI is ON
D/dalvikvm( 1323): Trying to load lib libjavacore.so 0x0
D/dalvikvm( 1323): Added shared lib libjavacore.so 0x0
D/dalvikvm( 1323): Trying to load lib libnativehelper.so 0x0
D/dalvikvm( 1323): Added shared lib libnativehelper.so 0x0
D/dalvikvm( 1323): No JNI_OnLoad found in libnativehelper.so 0x0, skipping init
D/dalvikvm( 1323): Note: class Landroid/app/ActivityManagerNative; has 179 unimplemented (abstract) methods
E/memtrack( 1323): Couldn't load memtrack module (No such file or directory)
E/android.os.Debug( 1323): failed to load memtrack module: -2
D/AndroidRuntime( 1323): Calling main entry com.android.commands.am.Am
I/ActivityManager(  355): START u0 {act=android.intent.action.MAIN cat=[android.intent.category.LAUNCHER] flg=0x10000000 cmp=com.affinity.dodgers/com.facebook.FacebookActivity} from pid 1323
I/AdColony( 1156): [ADC] AdColony pause called.
I/AdColony( 1156): [ADC] AdColony pause called.
D/dalvikvm(  355): GC_CONCURRENT freed 778K, 50% free 6397K/12576K, paused 6ms+5ms, total 347ms
D/AppsFlyer_3.0( 1156): iscache=null caching conversion data
D/AppsFlyerManager( 1156): attribute: af_status = Organic
D/AppsFlyerManager( 1156): attribute: af_message = organic install
D/dalvikvm( 1156): DexOpt: couldn't find field Lcom/facebook/FacebookActivity;._nr_trace
W/dalvikvm( 1156): VFY: unable to resolve instance field 10065
D/dalvikvm( 1156): VFY: replacing opcode 0x54 at 0x0007
D/Invite  ( 1156): getInviteUrl: null
D/InviteManager( 1156): inviteUrl: null
D/KahunaManager( 1156): userCreds: { NativeMap: {"userId":"9cc62e5b-4554-fc34-c19f-d5502645dfcf"} }
D/dalvikvm( 1156): DexOpt: couldn't find field Landroid/support/v4/app/BaseFragmentActivityDonut;._nr_trace
W/dalvikvm( 1156): VFY: unable to resolve instance field 1408
D/dalvikvm( 1156): VFY: replacing opcode 0x54 at 0x0006
D/dalvikvm( 1156): GC_CONCURRENT freed 1811K, 23% free 9228K/11868K, paused 7ms+9ms, total 90ms
D/dalvikvm( 1156): DexOpt: couldn't find field Lcom/facebook/login/LoginFragment;._nr_trace
W/dalvikvm( 1156): VFY: unable to resolve instance field 12088
D/dalvikvm( 1156): VFY: replacing opcode 0x54 at 0x0006
D/dalvikvm( 1156): DexOpt: couldn't find field Lcom/facebook/login/LoginFragment;._nr_trace
W/dalvikvm( 1156): VFY: unable to resolve instance field 12088
D/dalvikvm( 1156): VFY: replacing opcode 0x54 at 0x0000
I/AdColony( 1156): [ADC] AdColony resume called.
I/AdColony( 1156): [ADC] AdColony resume called.
E/LoginFragment( 1156): Cannot call LoginFragment with a null calling package. This can occur if the launchMode of the caller is singleInstance.
I/Choreographer( 1156): Skipped 848 frames!  The application may be doing too much work on its main thread.
I/AdColony( 1156): [ADC] AdColony pause called.
I/AdColony( 1156): [ADC] AdColony pause called.
W/InputMethodManagerService(  355): Window already focused, ignoring focus gain of: com.android.internal.view.IInputMethodClient$Stub$Proxy@b30b5a10 attribute=null, token = android.os.BinderProxy@b3197db8
I/Choreographer( 1156): Skipped 62 frames!  The application may be doing too much work on its main thread.
E/com.newrelic.agent.android( 1156): Total trace exclusive time is zero. Ignoring trace Display BaseFragmentActivityDonut
I/AdColony( 1156): [ADC] AdColony resume called.
I/com.newrelic.agent.android( 1156): Harvester: connected
I/com.newrelic.agent.android( 1156): Harvester: Sending 50 HTTP transactions.
I/com.newrelic.agent.android( 1156): Harvester: Sending 0 HTTP errors.
I/com.newrelic.agent.android( 1156): Harvester: Sending 1 activity traces.
I/com.newrelic.agent.android( 1156): Harvester: Sending 0 analytics events.
D/dalvikvm( 1156): GC_FOR_ALLOC freed 1350K, 22% free 9339K/11868K, paused 53ms, total 56ms
D/dalvikvm( 1156): GC_FOR_ALLOC freed 385K, 23% free 9206K/11868K, paused 49ms, total 50ms
I/dalvikvm-heap( 1156): Grow heap (frag case) to 11.514MB for 2571544-byte allocation
D/dalvikvm( 1156): GC_FOR_ALLOC freed <1K, 19% free 11716K/14380K, paused 50ms, total 50ms
I/AdColony( 1156): [ADC] AdColony resume called.
D/Volley  ( 1156): [123] u.a: HTTP response for request=<[ ] https://v5.chartboost.com/videoads/5b07b4bf53eee80a6da959f3_568-1527231679.mp4 0xb5b981e7 LOW 3> [lifetime=15740], [size=2571528], [rc=200], [retryCount=0]
D/dalvikvm( 1156): GC_CONCURRENT freed 2524K, 36% free 9209K/14380K, paused 26ms+8ms, total 82ms
D/MobileDataStateTracker(  355): default: setPolicyDataEnable(enabled=true)
D/dalvikvm( 1156): GC_FOR_ALLOC freed 4285K, 31% free 6488K/9356K, paused 163ms, total 164ms
I/dalvikvm-heap( 1156): Grow heap (frag case) to 7.090MB for 715819-byte allocation
D/dalvikvm( 1156): GC_FOR_ALLOC freed <1K, 29% free 7187K/10056K, paused 42ms, total 42ms
D/dalvikvm( 1156): GC_FOR_ALLOC freed 42K, 29% free 7179K/10056K, paused 70ms, total 126ms
I/dalvikvm-heap( 1156): Grow heap (frag case) to 7.764MB for 715819-byte allocation
D/dalvikvm( 1156): GC_FOR_ALLOC freed <1K, 27% free 7878K/10756K, paused 52ms, total 52ms
D/dalvikvm( 1156): GC_FOR_ALLOC freed 1437K, 40% free 6484K/10756K, paused 42ms, total 42ms
I/dalvikvm-heap( 1156): Grow heap (frag case) to 8.005MB for 1680546-byte allocation
D/dalvikvm( 1156): GC_FOR_ALLOC freed <1K, 35% free 8125K/12400K, paused 42ms, total 42ms
D/dalvikvm( 1156): GC_CONCURRENT freed 1K, 35% free 8125K/12400K, paused 7ms+9ms, total 62ms
D/MobileDataStateTracker(  355): default: setPolicyDataEnable(enabled=true)
D/dalvikvm( 1156): GC_FOR_ALLOC freed 73K, 35% free 8121K/12400K, paused 43ms, total 44ms
I/dalvikvm-heap( 1156): Grow heap (frag case) to 9.605MB for 1680546-byte allocation
D/dalvikvm( 1156): GC_FOR_ALLOC freed 0K, 31% free 9762K/14044K, paused 44ms, total 44ms
W/com.newrelic.agent.android( 1156): setBytesReceived(...) called on TransactionState in COMPLETE state
W/com.newrelic.agent.android( 1156): setStatusCode(...) called on TransactionState in COMPLETE state
I/System.out( 1156): Exiting monitor
I/com.newrelic.agent.android( 1156): Harvester: connected
I/com.newrelic.agent.android( 1156): Harvester: Sending 4 HTTP transactions.
I/com.newrelic.agent.android( 1156): Harvester: Sending 0 HTTP errors.
I/com.newrelic.agent.android( 1156): Harvester: Sending 0 activity traces.
I/com.newrelic.agent.android( 1156): Harvester: Sending 0 analytics events.
I/com.newrelic.agent.android( 1156): Harvester: connected
I/com.newrelic.agent.android( 1156): Harvester: Sending 0 HTTP transactions.
I/com.newrelic.agent.android( 1156): Harvester: Sending 0 HTTP errors.
I/com.newrelic.agent.android( 1156): Harvester: Sending 0 activity traces.
I/com.newrelic.agent.android( 1156): Harvester: Sending 0 analytics events.
I/com.newrelic.agent.android( 1156): Harvester: connected
I/com.newrelic.agent.android( 1156): Harvester: Sending 0 HTTP transactions.
I/com.newrelic.agent.android( 1156): Harvester: Sending 0 HTTP errors.
I/com.newrelic.agent.android( 1156): Harvester: Sending 0 activity traces.
I/com.newrelic.agent.android( 1156): Harvester: Sending 0 analytics events.
I/com.newrelic.agent.android( 1156): Harvester: connected
I/com.newrelic.agent.android( 1156): Harvester: Sending 0 HTTP transactions.
I/com.newrelic.agent.android( 1156): Harvester: Sending 0 HTTP errors.
I/com.newrelic.agent.android( 1156): Harvester: Sending 0 activity traces.
I/com.newrelic.agent.android( 1156): Harvester: Sending 0 analytics events.
I/com.newrelic.agent.android( 1156): Harvester: connected
I/com.newrelic.agent.android( 1156): Harvester: Sending 0 HTTP transactions.
I/com.newrelic.agent.android( 1156): Harvester: Sending 0 HTTP errors.
I/com.newrelic.agent.android( 1156): Harvester: Sending 0 activity traces.
I/com.newrelic.agent.android( 1156): Harvester: Sending 0 analytics events.
