I/ActivityManager(  333): Start proc com.android.email for content provider com.android.email/.provider.EmailProvider: pid=919 uid=10024 gids={50024, 3003, 1028, 1015}
D/MediaScannerReceiver(  618): action: android.intent.action.MEDIA_MOUNTED path: /storage/sdcard
D/ConnectivityService(  333): [CheckMp] isMobileOk: too many loops tried - giving up
D/ConnectivityService(  333): [CheckMp] isMobileOk: X loops|timed out result=0
D/ConnectivityService(  333): [CheckMp] isMobileOk: F stop hipri
D/MobileDataStateTracker(  333): default: setEnableFailFastMobileData(enabled=0)
D/ConnectivityService(  333): stopUsingNetworkFeature: teardown net 0: enableHIPRI
D/dalvikvm(  598): GC_CONCURRENT freed 573K, 17% free 3293K/3936K, paused 5ms+2ms, total 32ms
D/dalvikvm(  598): WAIT_FOR_CONCURRENT_GC blocked 15ms
D/MobileDataStateTracker(  333): hipri: Broadcast received: android.intent.action.ANY_DATA_STATE apnType=hipri
D/MobileDataStateTracker(  333): hipri: Received state=DISCONNECTED, old=CONNECTED, reason=dataDisabled
D/MobileDataStateTracker(  333): hipri: setDetailed state, old =CONNECTED and new state=DISCONNECTED
D/ConnectivityService(  333): ConnectivityChange for mobile_hipri: DISCONNECTED/DISCONNECTED
E/logwrapper(  936): executing /system/bin/ip failed: No such file or directory
E/SecondaryTablController(   54): ip route del failed: /system/bin/ip route del 10.0.2.2/32 via 0.0.0.0 dev eth0 table 60
W/FrameworkListener(   54): Handler 'interface' error (No such device)
E/logwrapper(  937): executing /system/bin/ip failed: No such file or directory
E/SecondaryTablController(   54): ip route del failed: /system/bin/ip route del 0.0.0.0/0 via 10.0.2.2 dev eth0 table 60
W/FrameworkListener(   54): Handler 'interface' error (No such device)
E/BluetoothAdapter(  608): Bluetooth binder is null
D/Nat464Xlat(  333): requiresClat: netType=5, hasIPv4Address=true
D/MobileDataStateTracker(  333): default: setPolicyDataEnable(enabled=true)
I/ActivityManager(  333): Start proc com.android.music for broadcast com.android.music/.MediaButtonIntentReceiver: pid=944 uid=10032 gids={50032, 3003, 1028, 1015}
I/dalvikvm(  944): CheckJNI enabled: not enabling JNI app bug workarounds.
E/NetdConnector(  333): NDC Command {59 bandwidth removeiquota eth0} took too long (796ms)
E/NetdConnector(  333): NDC Command {60 bandwidth gettetherstats} took too long (757ms)
D/dalvikvm(  333): GC_EXPLICIT freed 700K, 57% free 5769K/13228K, paused 7ms+212ms, total 2815ms
D/dalvikvm(  333): WAIT_FOR_CONCURRENT_GC blocked 541ms
D/dalvikvm(  333): WAIT_FOR_CONCURRENT_GC blocked 554ms
D/AndroidRuntime(  795): Shutting down VM
D/dalvikvm(  795): GC_CONCURRENT freed 95K, 16% free 560K/660K, paused 2ms+4ms, total 24ms
W/ActivityManager(  333): Unable to start service Intent { cmp=com.android.email/.service.AttachmentDownloadService } U=0: not found
D/dalvikvm(  919): GC_FOR_ALLOC freed 287K, 12% free 2922K/3284K, paused 217ms, total 217ms
I/Email   (  919): Observing account changes for notifications
W/RecognitionManagerService(  333): no available voice recognition services found for user 0
E/NetdConnector(  333): NDC Command {61 bandwidth setiquota eth0 9223372036854775807} took too long (1910ms)
D/MobileDataStateTracker(  333): default: setPolicyDataEnable(enabled=true)
V/MediaScanner(  618): pruneDeadThumbnailFiles... android.database.sqlite.SQLiteCursor@b2db2e10
V/MediaScanner(  618): /pruneDeadThumbnailFiles... android.database.sqlite.SQLiteCursor@b2db2e10
D/Tethering(  333): MasterInitialState.processMessage what=3
D/CaptivePortalTracker(  333): NoActiveNetworkState{ when=-15ms what=1 obj=NetworkInfo: type: mobile_hipri[UMTS], state: DISCONNECTED/DISCONNECTED, reason: dataDisabled, extra: epc.tmobile.com, roaming: false, failover: false, isAvailable: true, isConnectedToProvisioningNetwork: false target=com.android.internal.util.StateMachine$SmHandler }
D/CaptivePortalTracker(  333): NoActiveNetworkState not a wifi connectivity change, ignore
D/Tethering(  333): MasterInitialState.processMessage what=3
D/CaptivePortalTracker(  333): NoActiveNetworkState{ when=-1ms what=1 obj=NetworkInfo: type: mobile[UMTS], state: CONNECTED/CONNECTED, reason: connected, extra: epc.tmobile.com, roaming: false, failover: false, isAvailable: true, isConnectedToProvisioningNetwork: false target=com.android.internal.util.StateMachine$SmHandler }
D/CaptivePortalTracker(  333): NoActiveNetworkState not a wifi connectivity change, ignore
E/NetdConnector(  333): NDC Command {62 bandwidth removeiquota eth0} took too long (707ms)
D/dalvikvm(  333): GC_CONCURRENT freed 718K, 57% free 5694K/13228K, paused 18ms+15ms, total 168ms
D/dalvikvm(  333): GC_CONCURRENT freed 731K, 58% free 5602K/13228K, paused 6ms+6ms, total 128ms
E/NetdConnector(  333): NDC Command {63 bandwidth setiquota eth0 9223372036854775807} took too long (1497ms)
D/MobileDataStateTracker(  333): default: setPolicyDataEnable(enabled=true)
W/ProcessCpuTracker(  333): Skipping unknown process pid 1005
D/MobileDataStateTracker(  333): default: setPolicyDataEnable(enabled=true)
D/ConnectivityService(  333): [CheckMp] isMobileOk: X result=0
D/ConnectivityService(  333): [CheckMp] onPostExecute: result=0
D/ConnectivityService(  333): CheckMp.onComplete: result=0
D/ConnectivityService(  333): CheckMp.onComplete: ignore, connected or no connection
D/dalvikvm(  919): GC_CONCURRENT freed 40K, 12% free 2896K/3284K, paused 2ms+2ms, total 23ms
I/ContactDirectoryManager(  550): deleted 0 stale rows which don't have any relevant directory
I/ContactDirectoryManager(  550): Discovered 0 contact directories in 16133ms
I/MediaFocusControl(  333):   Remote Control   registerMediaButtonIntent() for PendingIntent{b325fdc8: PendingIntentRecord{b325f8d0 com.android.music broadcastIntent}}
E/BluetoothAdapter(  608): Bluetooth binder is null
I/ContactsProvider(  550): Upgrading aggregation algorithm
I/ActivityManager(  333): Start proc com.android.calendar for broadcast com.android.calendar/.widget.CalendarAppWidgetService$CalendarFactory: pid=1008 uid=10016 gids={50016, 3003}
I/ContactAggregator(  550): Marked all visible contacts for aggregation: 0 raw contacts, 216 ms
I/ContactsProvider(  550): Aggregation algorithm upgraded for 0 raw contacts in 269ms
D/ExtensionsFactory( 1008): No custom extensions.
I/ActivityManager(  333): Start proc com.android.providers.calendar for content provider com.android.providers.calendar/.CalendarProvider2: pid=1026 uid=10001 gids={50001, 3003, 1028, 1015}
D/dalvikvm(   58): GC_EXPLICIT freed 40K, 4% free 2705K/2816K, paused 13ms+2ms, total 58ms
I/ActivityManager(  333): Start proc com.android.deskclock for broadcast com.android.deskclock/.AlarmInitReceiver: pid=1030 uid=10020 gids={50020, 1028}
D/dalvikvm(   58): GC_EXPLICIT freed <1K, 4% free 2705K/2816K, paused 13ms+2ms, total 54ms
D/dalvikvm(   58): GC_EXPLICIT freed <1K, 4% free 2705K/2816K, paused 2ms+2ms, total 42ms
D/dalvikvm(  333): GC_CONCURRENT freed 591K, 58% free 5616K/13228K, paused 5ms+5ms, total 267ms
I/CalendarDatabaseHelper( 1026): Bootstrapping database
I/CalendarProvider2( 1026): Created com.android.providers.calendar.CalendarAlarmManager@b2d8d8b8(com.android.providers.calendar.CalendarProvider2@b2d79f90)
I/ContactsFTS(  550): Rebuild contact search index in 857ms, 0 contacts
D/dalvikvm(  550): GC_CONCURRENT freed 262K, 10% free 3085K/3416K, paused 3ms+2ms, total 46ms
V/AlarmClock( 1030): AlarmInitReceiver android.intent.action.TIMEZONE_CHANGED
I/AlarmClock( 1030): Alarms Table created
I/AlarmClock( 1030): Instance table created
I/AlarmClock( 1030): Cities table created
I/AlarmClock( 1030): Inserting default alarms
I/AlarmClock( 1030): Displaying next alarm time: ''
W/BackupManagerService(  333): dataChanged but no participant pkg='com.android.providers.settings' uid=10020
V/AlarmClock( 1030): AlarmInitReceiver finished
E/BluetoothAdapter(  608): Bluetooth binder is null
I/ActivityManager(  333): Start proc com.android.dialer for broadcast com.android.dialer/.calllog.CallLogReceiver: pid=1058 uid=10004 gids={50004, 3003, 1028, 1015}
D/ExtensionsFactory( 1058): No custom extensions.
I/ActivityManager(  333): Delay finish: com.android.dialer/.calllog.CallLogReceiver
I/CalendarProvider2( 1026): Sending notification intent: Intent { act=android.intent.action.PROVIDER_CHANGED dat=content://com.android.calendar }
W/ContentResolver( 1026): Failed to get type for: content://com.android.calendar (Unknown URL content://com.android.calendar)
I/ActivityManager(  333): Resuming delayed broadcast
E/BluetoothAdapter(  333): Bluetooth binder is null
E/BluetoothAdapter(  333): Bluetooth binder is null
V/WiredAccessoryManager(  333): init()
I/PowerManagerService(  333): Boot animation finished.
E/SoundPool(  333): error loading /system/media/audio/ui/Effect_Tick.ogg
W/AudioService(  333): Soundpool could not load file: /system/media/audio/ui/Effect_Tick.ogg
E/SoundPool(  333): error loading /system/media/audio/ui/Effect_Tick.ogg
W/AudioService(  333): Soundpool could not load file: /system/media/audio/ui/Effect_Tick.ogg
E/SoundPool(  333): error loading /system/media/audio/ui/Effect_Tick.ogg
W/AudioService(  333): Soundpool could not load file: /system/media/audio/ui/Effect_Tick.ogg
E/SoundPool(  333): error loading /system/media/audio/ui/Effect_Tick.ogg
W/AudioService(  333): Soundpool could not load file: /system/media/audio/ui/Effect_Tick.ogg
E/SoundPool(  333): error loading /system/media/audio/ui/Effect_Tick.ogg
W/AudioService(  333): Soundpool could not load file: /system/media/audio/ui/Effect_Tick.ogg
E/SoundPool(  333): error loading /system/media/audio/ui/KeypressStandard.ogg
W/AudioService(  333): Soundpool could not load file: /system/media/audio/ui/KeypressStandard.ogg
E/SoundPool(  333): error loading /system/media/audio/ui/KeypressSpacebar.ogg
W/AudioService(  333): Soundpool could not load file: /system/media/audio/ui/KeypressSpacebar.ogg
E/SoundPool(  333): error loading /system/media/audio/ui/KeypressDelete.ogg
W/AudioService(  333): Soundpool could not load file: /system/media/audio/ui/KeypressDelete.ogg
E/SoundPool(  333): error loading /system/media/audio/ui/KeypressReturn.ogg
W/AudioService(  333): Soundpool could not load file: /system/media/audio/ui/KeypressReturn.ogg
E/SoundPool(  333): error loading /system/media/audio/ui/KeypressInvalid.ogg
W/AudioService(  333): Soundpool could not load file: /system/media/audio/ui/KeypressInvalid.ogg
W/AudioService(  333): onLoadSoundEffects(), Error -1 while loading samples
I/RecoverySystem(  333): No recovery log file
I/BootReceiver(  333): Copying audit failures to DropBox
I/BootReceiver(  333): Checking for fsck errors
I/ActivityManager(  333): Delay finish: com.android.providers.media/.MediaScannerReceiver
I/ActivityManager(  333): Resuming delayed broadcast
I/ActivityManager(  333): Start proc com.android.mms for broadcast com.android.mms/.transaction.MmsSystemEventReceiver: pid=1083 uid=10009 gids={50009, 3003, 1028, 1015}
I/MediaProvider(  618): Upgrading media database from version 0 to 700, which will destroy all old data
D/CountryDetector(  333): The first listener is added
V/MmsConfig( 1083): mnc/mcc: 310260
V/MmsConfig( 1083): tag: bool value: enabledMMS - true
V/MmsConfig( 1083): tag: int value: maxMessageSize - 307200
V/MmsConfig( 1083): tag: int value: maxImageHeight - 480
V/MmsConfig( 1083): tag: int value: maxImageWidth - 640
V/MmsConfig( 1083): tag: int value: defaultSMSMessagesPerThread - 10000
V/MmsConfig( 1083): tag: int value: defaultMMSMessagesPerThread - 1000
V/MmsConfig( 1083): tag: int value: minMessageCountPerThread - 10
V/MmsConfig( 1083): tag: int value: maxMessageCountPerThread - 5000
V/MmsConfig( 1083): tag: string value: uaProfUrl - http://www.google.com/oha/rdf/ua-profile-kila.xml
V/MmsConfig( 1083): tag: int value: recipientLimit - -1
V/MmsConfig( 1083): tag: bool value: enableMultipartSMS - true
V/MmsConfig( 1083): tag: int value: smsToMmsTextThreshold - -1
V/MmsConfig( 1083): tag: bool value: enableSlideDuration - true
V/MmsConfig( 1083): tag: int value: maxMessageTextSize - -1
I/ActivityManager(  333): Delay finish: com.android.mms/.transaction.MmsSystemEventReceiver
D/Mms:app ( 1083): cancelNotification
I/ActivityManager(  333): Resuming delayed broadcast
I/ActivityManager(  333): Delay finish: com.android.mms/.transaction.SmsReceiver
D/MmsSmsDatabaseHelper(  598): [MmsSmsDb] tableName: threads hasAutoIncrement: CREATE TABLE threads (_id INTEGER PRIMARY KEY AUTOINCREMENT,date INTEGER DEFAULT 0,message_count INTEGER DEFAULT 0,recipient_ids TEXT,snippet TEXT,snippet_cs INTEGER DEFAULT 0,read INTEGER DEFAULT 1,type INTEGER DEFAULT 0,error INTEGER DEFAULT 0,has_attachment INTEGER DEFAULT 0) result: true
D/MmsSmsDatabaseHelper(  598): [MmsSmsDb] tableName: canonical_addresses hasAutoIncrement: CREATE TABLE canonical_addresses (_id INTEGER PRIMARY KEY AUTOINCREMENT,address TEXT) result: true
D/MmsSmsDatabaseHelper(  598): [MmsSmsDb] tableName: part hasAutoIncrement: CREATE TABLE part (_id INTEGER PRIMARY KEY AUTOINCREMENT,mid INTEGER,seq INTEGER DEFAULT 0,ct TEXT,name TEXT,chset INTEGER,cd TEXT,fn TEXT,cid TEXT,cl TEXT,ctt_s INTEGER,ctt_t TEXT,_data TEXT,text TEXT) result: true
D/MmsSmsDatabaseHelper(  598): [MmsSmsDb] tableName: pdu hasAutoIncrement: CREATE TABLE pdu (_id INTEGER PRIMARY KEY AUTOINCREMENT,thread_id INTEGER,date INTEGER,date_sent INTEGER DEFAULT 0,msg_box INTEGER,read INTEGER DEFAULT 0,m_id TEXT,sub TEXT,sub_cs INTEGER,ct_t TEXT,ct_l TEXT,exp INTEGER,m_cls TEXT,m_type INTEGER,v INTEGER,m_size INTEGER,pri INTEGER,rr INTEGER,rpt_a INTEGER,resp_st INTEGER,st INTEGER,tr_id TEXT,retr_st INTEGER,retr_txt TEXT,retr_txt_cs INTEGER,read_status INTEGER,ct_cls INTEGER,resp_txt TEXT,d_tm INTEGER,d_rpt INTEGER,locked INTEGER DEFAULT 0,seen INTEGER DEFAULT 0,text_only INTEGER DEFAULT 0) result: true
D/MmsSmsDatabaseHelper(  598): [getWritableDatabase] hasAutoIncrementThreads: true hasAutoIncrementAddresses: true hasAutoIncrementPart: true hasAutoIncrementPdu: true
D/Mms:app ( 1083): cancelNotification
I/ActivityManager(  333): Resuming delayed broadcast
D/AlertReceiver( 1008): onReceive: a=android.intent.action.BOOT_COMPLETED Intent { act=android.intent.action.BOOT_COMPLETED flg=0x8000010 cmp=com.android.calendar/.alerts.AlertReceiver (has extras) }
D/AlertUtils( 1008): Flushing old alerts from shared prefs table
I/ActivityManager(  333): Delay finish: com.android.calendar/.alerts.AlertReceiver
D/AlertService( 1008): 0 Action = android.intent.action.BOOT_COMPLETED
D/dalvikvm(  333): GC_CONCURRENT freed 495K, 57% free 5743K/13228K, paused 10ms+4ms, total 64ms
D/AlertService( 1008): Scheduling next alarm with AlarmScheduler. sEventReminderReceived: null
D/dalvikvm( 1008): GC_CONCURRENT freed 308K, 12% free 2810K/3192K, paused 4ms+2ms, total 153ms
D/AlarmScheduler( 1008): No events found starting within 1 week.
E/SQLiteLog(  618): (1) no such table: files
E/WVMExtractor(   60): Failed to open libwvm.so
D/dalvikvm(  618): GC_CONCURRENT freed 248K, 10% free 3028K/3344K, paused 4ms+3ms, total 34ms
V/MediaScanner(  618): pruneDeadThumbnailFiles... android.database.sqlite.SQLiteCursor@b2dd1808
V/MediaScanner(  618): /pruneDeadThumbnailFiles... android.database.sqlite.SQLiteCursor@b2dd1808
I/ActivityManager(  333): Resuming delayed broadcast
V/AlarmClock( 1030): AlarmInitReceiver android.intent.action.BOOT_COMPLETED
V/AlarmClock( 1030): AlarmInitReceiver - Reset timers and clear stopwatch data
V/AlarmClock( 1030): AlarmInitReceiver - resetting volume button default
I/AlarmClock( 1030): Displaying next alarm time: ''
D/dalvikvm( 1030): GC_CONCURRENT freed 391K, 15% free 2821K/3284K, paused 4ms+2ms, total 83ms
D/dalvikvm( 1030): WAIT_FOR_CONCURRENT_GC blocked 25ms
V/AlarmClock( 1030): AlarmInitReceiver finished
I/ActivityManager(  333): Delay finish: com.android.email/.service.EmailUpgradeBroadcastReceiver
I/ActivityManager(  333): Resuming delayed broadcast
E/MetadataRetrieverClient(   60): failed to extract an album art
I/ActivityManager(  333): Delay finish: com.android.email/.service.EmailBroadcastReceiver
I/Email   (  919): Onetime initialization: 1
I/Email   (  919): Onetime initialization: 2
I/Email   (  919): Onetime initialization: completed.
I/ActivityManager(  333): Delaying start of: ServiceRecord{b34b9eb0 u0 com.android.exchange/.service.EmailSyncAdapterService}
I/ActivityManager(  333): Resuming delayed broadcast
I/LauncherIconVisibilityManager(  586): Boot has been completed
D/dalvikvm(  586): GC_CONCURRENT freed 298K, 13% free 3077K/3528K, paused 2ms+3ms, total 54ms
I/LauncherIconVisibilityManager(  586): Disable activity: ComponentInfo{com.android.inputmethod.latin/com.android.inputmethod.latin.setup.SetupActivity}
E/BluetoothAdapter(  608): Bluetooth binder is null
I/ActivityManager(  333): Delay finish: com.android.deskclock/com.android.alarmclock.AnalogAppWidgetProvider
D/dalvikvm( 1083): GC_CONCURRENT freed 223K, 10% free 2874K/3168K, paused 4ms+12ms, total 64ms
I/ActivityManager(  333): Resuming delayed broadcast
W/BroadcastQueue(  333): Permission Denial: broadcasting Intent { act=android.appwidget.action.APPWIDGET_UPDATE_OPTIONS flg=0x10 cmp=com.android.settings/.widget.SettingsAppWidgetProvider (has extras) } from android (pid=688, uid=10008) is not exported from uid 1000 due to receiver com.android.settings/.widget.SettingsAppWidgetProvider
I/ActivityManager(  333): Delay finish: com.android.providers.contacts/.PackageIntentReceiver
I/ActivityManager(  333): Resuming delayed broadcast
I/ActivityManager(  333): Start proc com.svox.pico for broadcast com.svox.pico/.VoiceDataInstallerReceiver: pid=1127 uid=10037 gids={50037, 1028, 1015}
I/InputReader(  333): Reconfiguring input devices.  changes=0x00000010
I/InputReader(  333): Reconfiguring input devices.  changes=0x00000010
I/InputReader(  333): Reconfiguring input devices.  changes=0x00000010
D/dalvikvm(  333): GC_CONCURRENT freed 698K, 57% free 5760K/13228K, paused 23ms+6ms, total 183ms
I/PackageManager(  333):   Action: "android.intent.action.SENDTO"
I/PackageManager(  333):   Category: "android.intent.category.DEFAULT"
I/PackageManager(  333):   Scheme: "sms"
I/PackageManager(  333): Adding preferred activity ComponentInfo{com.android.mms/com.android.mms.ui.ComposeMessageActivity} for user 0 :
I/PackageManager(  333):   Action: "android.intent.action.SENDTO"
I/PackageManager(  333):   Category: "android.intent.category.DEFAULT"
I/PackageManager(  333):   Scheme: "smsto"
I/PackageManager(  333): Adding preferred activity ComponentInfo{com.android.mms/com.android.mms.ui.ComposeMessageActivity} for user 0 :
I/PackageManager(  333):   Action: "android.intent.action.SENDTO"
I/PackageManager(  333):   Category: "android.intent.category.DEFAULT"
I/PackageManager(  333):   Scheme: "mms"
I/PackageManager(  333): Adding preferred activity ComponentInfo{com.android.mms/com.android.mms.ui.ComposeMessageActivity} for user 0 :
I/PackageManager(  333):   Action: "android.intent.action.SENDTO"
I/PackageManager(  333):   Category: "android.intent.category.DEFAULT"
I/PackageManager(  333):   Scheme: "mmsto"
I/PackageManager(  333): Adding preferred activity ComponentInfo{com.android.mms/com.android.mms.ui.ComposeMessageActivity} for user 0 :
D/dalvikvm(  598): GC_CONCURRENT freed 296K, 14% free 3405K/3936K, paused 21ms+3ms, total 62ms
I/PackageManager(  333):   Action: "android.intent.action.SENDTO"
I/PackageManager(  333):   Category: "android.intent.category.DEFAULT"
I/PackageManager(  333):   Scheme: "sms"
I/PackageManager(  333): Adding preferred activity ComponentInfo{com.android.mms/com.android.mms.ui.ComposeMessageActivity} for user 0 :
I/PackageManager(  333):   Action: "android.intent.action.SENDTO"
I/PackageManager(  333):   Category: "android.intent.category.DEFAULT"
I/PackageManager(  333):   Scheme: "smsto"
I/PackageManager(  333): Adding preferred activity ComponentInfo{com.android.mms/com.android.mms.ui.ComposeMessageActivity} for user 0 :
I/PackageManager(  333):   Action: "android.intent.action.SENDTO"
I/PackageManager(  333):   Category: "android.intent.category.DEFAULT"
I/PackageManager(  333):   Scheme: "mms"
I/PackageManager(  333): Adding preferred activity ComponentInfo{com.android.mms/com.android.mms.ui.ComposeMessageActivity} for user 0 :
I/PackageManager(  333):   Action: "android.intent.action.SENDTO"
I/PackageManager(  333):   Category: "android.intent.category.DEFAULT"
I/PackageManager(  333):   Scheme: "mmsto"
I/PackageManager(  333): Adding preferred activity ComponentInfo{com.android.mms/com.android.mms.ui.ComposeMessageActivity} for user 0 :
D/dalvikvm(  333): GC_CONCURRENT freed 720K, 57% free 5807K/13228K, paused 19ms+4ms, total 103ms
D/dalvikvm(  333): WAIT_FOR_CONCURRENT_GC blocked 46ms
D/dalvikvm(  333): WAIT_FOR_CONCURRENT_GC blocked 47ms
D/dalvikvm(  333): WAIT_FOR_CONCURRENT_GC blocked 46ms
D/dalvikvm(  333): WAIT_FOR_CONCURRENT_GC blocked 46ms
D/dalvikvm(  333): WAIT_FOR_CONCURRENT_GC blocked 43ms
I/PackageManager(  333):   Action: "android.intent.action.SENDTO"
I/PackageManager(  333):   Category: "android.intent.category.DEFAULT"
I/PackageManager(  333):   Scheme: "sms"
I/PackageManager(  333): Adding preferred activity ComponentInfo{com.android.mms/com.android.mms.ui.ComposeMessageActivity} for user 0 :
I/PackageManager(  333):   Action: "android.intent.action.SENDTO"
I/PackageManager(  333):   Category: "android.intent.category.DEFAULT"
I/PackageManager(  333):   Scheme: "smsto"
I/PackageManager(  333): Adding preferred activity ComponentInfo{com.android.mms/com.android.mms.ui.ComposeMessageActivity} for user 0 :
D/dalvikvm(  598): GC_CONCURRENT freed 518K, 16% free 3345K/3960K, paused 4ms+2ms, total 57ms
D/dalvikvm(  333): WAIT_FOR_CONCURRENT_GC blocked 248ms
D/dalvikvm(  333): WAIT_FOR_CONCURRENT_GC blocked 245ms
I/PackageManager(  333):   Action: "android.intent.action.SENDTO"
I/PackageManager(  333):   Category: "android.intent.category.DEFAULT"
I/PackageManager(  333):   Scheme: "mms"
I/PackageManager(  333): Adding preferred activity ComponentInfo{com.android.mms/com.android.mms.ui.ComposeMessageActivity} for user 0 :
I/ActivityManager(  333): Delay finish: com.android.calendar/.widget.CalendarAppWidgetProvider
I/PackageManager(  333):   Action: "android.intent.action.SENDTO"
I/PackageManager(  333):   Category: "android.intent.category.DEFAULT"
I/PackageManager(  333):   Scheme: "mmsto"
I/PackageManager(  333): Adding preferred activity ComponentInfo{com.android.mms/com.android.mms.ui.ComposeMessageActivity} for user 0 :
I/PackageManager(  333):   Action: "android.intent.action.SENDTO"
I/PackageManager(  333):   Category: "android.intent.category.DEFAULT"
I/PackageManager(  333):   Scheme: "sms"
I/PackageManager(  333): Adding preferred activity ComponentInfo{com.android.mms/com.android.mms.ui.ComposeMessageActivity} for user 0 :
I/PackageManager(  333):   Action: "android.intent.action.SENDTO"
I/PackageManager(  333):   Category: "android.intent.category.DEFAULT"
I/PackageManager(  333):   Scheme: "smsto"
I/PackageManager(  333): Adding preferred activity ComponentInfo{com.android.mms/com.android.mms.ui.ComposeMessageActivity} for user 0 :
I/PackageManager(  333):   Action: "android.intent.action.SENDTO"
I/PackageManager(  333):   Category: "android.intent.category.DEFAULT"
I/PackageManager(  333):   Scheme: "mms"
I/PackageManager(  333): Adding preferred activity ComponentInfo{com.android.mms/com.android.mms.ui.ComposeMessageActivity} for user 0 :
I/PackageManager(  333):   Action: "android.intent.action.SENDTO"
I/PackageManager(  333):   Category: "android.intent.category.DEFAULT"
I/PackageManager(  333):   Scheme: "mmsto"
I/PackageManager(  333): Adding preferred activity ComponentInfo{com.android.mms/com.android.mms.ui.ComposeMessageActivity} for user 0 :
D/dalvikvm(  598): GC_CONCURRENT freed 401K, 15% free 3393K/3960K, paused 4ms+12ms, total 52ms
D/dalvikvm(  333): GC_CONCURRENT freed 842K, 57% free 5743K/13228K, paused 16ms+4ms, total 139ms
D/dalvikvm(  333): WAIT_FOR_CONCURRENT_GC blocked 30ms
I/PackageManager(  333):   Action: "android.intent.action.SENDTO"
I/PackageManager(  333):   Category: "android.intent.category.DEFAULT"
I/PackageManager(  333):   Scheme: "sms"
I/PackageManager(  333): Adding preferred activity ComponentInfo{com.android.mms/com.android.mms.ui.ComposeMessageActivity} for user 0 :
I/PackageManager(  333):   Action: "android.intent.action.SENDTO"
I/PackageManager(  333):   Category: "android.intent.category.DEFAULT"
I/PackageManager(  333):   Scheme: "smsto"
I/PackageManager(  333): Adding preferred activity ComponentInfo{com.android.mms/com.android.mms.ui.ComposeMessageActivity} for user 0 :
I/PackageManager(  333):   Action: "android.intent.action.SENDTO"
I/PackageManager(  333):   Category: "android.intent.category.DEFAULT"
I/PackageManager(  333):   Scheme: "mms"
I/PackageManager(  333): Adding preferred activity ComponentInfo{com.android.mms/com.android.mms.ui.ComposeMessageActivity} for user 0 :
I/PackageManager(  333):   Action: "android.intent.action.SENDTO"
I/PackageManager(  333):   Category: "android.intent.category.DEFAULT"
I/PackageManager(  333):   Scheme: "mmsto"
I/PackageManager(  333): Adding preferred activity ComponentInfo{com.android.mms/com.android.mms.ui.ComposeMessageActivity} for user 0 :
I/PackageManager(  333):   Action: "android.intent.action.SENDTO"
I/PackageManager(  333):   Category: "android.intent.category.DEFAULT"
I/PackageManager(  333):   Scheme: "sms"
I/PackageManager(  333): Adding preferred activity ComponentInfo{com.android.mms/com.android.mms.ui.ComposeMessageActivity} for user 0 :
D/dalvikvm(  598): GC_CONCURRENT freed 410K, 15% free 3374K/3960K, paused 3ms+2ms, total 48ms
I/PackageManager(  333):   Action: "android.intent.action.SENDTO"
I/PackageManager(  333):   Category: "android.intent.category.DEFAULT"
I/PackageManager(  333):   Scheme: "smsto"
I/PackageManager(  333): Adding preferred activity ComponentInfo{com.android.mms/com.android.mms.ui.ComposeMessageActivity} for user 0 :
I/PackageManager(  333):   Action: "android.intent.action.SENDTO"
I/PackageManager(  333):   Category: "android.intent.category.DEFAULT"
I/PackageManager(  333):   Scheme: "mms"
I/PackageManager(  333): Adding preferred activity ComponentInfo{com.android.mms/com.android.mms.ui.ComposeMessageActivity} for user 0 :
D/dalvikvm(  333): GC_CONCURRENT freed 735K, 57% free 5771K/13228K, paused 6ms+10ms, total 104ms
D/dalvikvm(  333): WAIT_FOR_CONCURRENT_GC blocked 41ms
D/dalvikvm(  333): WAIT_FOR_CONCURRENT_GC blocked 25ms
D/dalvikvm(  333): WAIT_FOR_CONCURRENT_GC blocked 12ms
I/PackageManager(  333):   Action: "android.intent.action.SENDTO"
I/PackageManager(  333):   Category: "android.intent.category.DEFAULT"
I/PackageManager(  333):   Scheme: "mmsto"
I/PackageManager(  333): Adding preferred activity ComponentInfo{com.android.mms/com.android.mms.ui.ComposeMessageActivity} for user 0 :
I/ActivityManager(  333): Resuming delayed broadcast
D/AlertReceiver( 1008): onReceive: a=android.intent.action.PROVIDER_CHANGED Intent { act=android.intent.action.PROVIDER_CHANGED dat=content://com.android.calendar flg=0x10 cmp=com.android.calendar/.alerts.AlertReceiver }
D/AlertService( 1008): 0 Action = android.intent.action.PROVIDER_CHANGED
I/ActivityManager(  333): Delay finish: com.android.calendar/.alerts.AlertReceiver
I/GlobalDismissManager( 1008): no sender configured
D/AlertService( 1008): Beginning updateAlertNotification
D/AlertService( 1008): No fired or scheduled alerts
D/AlertService( 1008): Scheduling next alarm with AlarmScheduler. sEventReminderReceived: null
D/AlarmScheduler( 1008): No events found starting within 1 week.
I/ActivityManager(  333): Resuming delayed broadcast
E/BluetoothAdapter(  608): Bluetooth binder is null
V/SmsReceiverService( 1083): onStart: #1 mResultCode: -1 = Activity.RESULT_OK
I/ActivityManager(  333): Delay finish: com.android.mms/.transaction.SmsReceiver
I/ActivityManager(  333): Resuming delayed broadcast
D/MobileDataStateTracker(  333): default: setPolicyDataEnable(enabled=true)
D/ConnectivityService(  333): Sampling interval elapsed, updating statistics ..
D/ConnectivityService(  333): Done.
D/ConnectivityService(  333): Setting timer for 720seconds
I/ActivityManager(  333): Delay finish: com.android.providers.calendar/.CalendarProviderBroadcastReceiver
D/dalvikvm( 1026): GC_CONCURRENT freed 224K, 10% free 2892K/3188K, paused 13ms+2ms, total 65ms
I/ActivityManager(  333): Resuming delayed broadcast
I/ActivityManager(  333): Waited long enough for: ServiceRecord{b338ebc8 u0 com.android.music/.MediaPlaybackService}
I/ActivityManager(  333): Waited long enough for: ServiceRecord{b3423ff0 u0 com.android.calendar/.alerts.InitAlarmsService}
I/ActivityManager(  333): START u0 {act=android.intent.action.MAIN cat=[android.intent.category.LAUNCHER] flg=0x10000000 cmp=com.jrzheng.supervpnfree/com.jrzheng.supervpn.view.MainActivity} from pid 1149
W/WindowManager(  333): Screenshot failure taking screenshot for (164x295) to layer 21005
D/AndroidRuntime( 1149): 
D/AndroidRuntime( 1149): >>>>>> AndroidRuntime START com.android.internal.os.RuntimeInit <<<<<<
D/AndroidRuntime( 1149): CheckJNI is ON
I/ActivityManager(  333): Start proc com.jrzheng.supervpnfree for activity com.jrzheng.supervpnfree/com.jrzheng.supervpn.view.MainActivity: pid=1161 uid=10052 gids={50052, 3003, 1028, 1015}
D/dalvikvm( 1149): Trying to load lib libjavacore.so 0x0
D/dalvikvm( 1149): Added shared lib libjavacore.so 0x0
D/dalvikvm( 1149): Trying to load lib libnativehelper.so 0x0
D/dalvikvm( 1149): Added shared lib libnativehelper.so 0x0
D/dalvikvm( 1149): No JNI_OnLoad found in libnativehelper.so 0x0, skipping init
V/AlarmClock( 1030): AlarmInitReceiver android.intent.action.TIME_SET
D/dalvikvm( 1149): Note: class Landroid/app/ActivityManagerNative; has 179 unimplemented (abstract) methods
I/AlarmClock( 1030): Displaying next alarm time: ''
V/AlarmClock( 1030): AlarmInitReceiver finished
E/memtrack( 1149): Couldn't load memtrack module (No such file or directory)
E/android.os.Debug( 1149): failed to load memtrack module: -2
D/AndroidRuntime( 1149): Calling main entry com.android.commands.am.Am
D/gralloc (   57): Registering a buffer in the process that created it. This may cause memory ordering problems.
E/libEGL  (   57): called unimplemented OpenGL ES API
E/libEGL  (   57): called unimplemented OpenGL ES API
E/libEGL  (   57): called unimplemented OpenGL ES API
E/libEGL  (   57): called unimplemented OpenGL ES API
E/SurfaceFlinger(   57): glCheckFramebufferStatusOES error 1329686918
E/SurfaceFlinger(   57): got GL_FRAMEBUFFER_COMPLETE_OES error while taking screenshot
E/libEGL  (   57): called unimplemented OpenGL ES API
E/libEGL  (   57): called unimplemented OpenGL ES API
D/        (  333): Setting time of day to sec=1530040336
I/ARMAssembler(   57): generated scanline__00000077:03010104_00008001_00000000 [ 89 ipp] (110 ins) at [0xb59d6680:0xb59d6838] in 20000000 ns
I/dalvikvm( 1161): Could not find method android.content.pm.PackageManager.getPackageInstaller, referenced from method com.google.android.gms.common.zze.zzi
W/dalvikvm( 1161): VFY: unable to resolve virtual method 600: Landroid/content/pm/PackageManager;.getPackageInstaller ()Landroid/content/pm/PackageInstaller;
D/dalvikvm( 1161): VFY: replacing opcode 0x6e at 0x000b
I/GAv4    ( 1161): Google Analytics 8.4.87 is starting up. To enable debug logging on a device run:
I/GAv4    ( 1161):   adb shell setprop log.tag.GAv4 DEBUG
I/GAv4    ( 1161):   adb logcat -s GAv4
I/dalvikvm( 1161): Could not find method android.os.PowerManager.isIgnoringBatteryOptimizations, referenced from method com.jrzheng.supervpn.view.MainActivity.a
W/dalvikvm( 1161): VFY: unable to resolve virtual method 1434: Landroid/os/PowerManager;.isIgnoringBatteryOptimizations (Ljava/lang/String;)Z
D/dalvikvm( 1161): VFY: replacing opcode 0x6e at 0x0022
D/dalvikvm( 1161): GC_CONCURRENT freed 172K, 8% free 3014K/3264K, paused 19ms+3ms, total 65ms
D/dalvikvm( 1161): WAIT_FOR_CONCURRENT_GC blocked 13ms
D/dalvikvm( 1161): GC_FOR_ALLOC freed 10K, 6% free 3338K/3540K, paused 17ms, total 18ms
D/dalvikvm( 1161): Trying to load lib /data/app-lib/com.jrzheng.supervpnfree-1/libcrypto.so 0xb2d67de8
D/dalvikvm( 1161): Added shared lib /data/app-lib/com.jrzheng.supervpnfree-1/libcrypto.so 0xb2d67de8
D/dalvikvm( 1161): No JNI_OnLoad found in /data/app-lib/com.jrzheng.supervpnfree-1/libcrypto.so 0xb2d67de8, skipping init
D/dalvikvm( 1161): Trying to load lib /data/app-lib/com.jrzheng.supervpnfree-1/libstrongswan.so 0xb2d67de8
D/dalvikvm( 1161): Added shared lib /data/app-lib/com.jrzheng.supervpnfree-1/libstrongswan.so 0xb2d67de8
D/dalvikvm( 1161): No JNI_OnLoad found in /data/app-lib/com.jrzheng.supervpnfree-1/libstrongswan.so 0xb2d67de8, skipping init
D/dalvikvm( 1161): Trying to load lib /data/app-lib/com.jrzheng.supervpnfree-1/libhydra.so 0xb2d67de8
D/dalvikvm( 1161): Added shared lib /data/app-lib/com.jrzheng.supervpnfree-1/libhydra.so 0xb2d67de8
D/dalvikvm( 1161): No JNI_OnLoad found in /data/app-lib/com.jrzheng.supervpnfree-1/libhydra.so 0xb2d67de8, skipping init
D/dalvikvm( 1161): Trying to load lib /data/app-lib/com.jrzheng.supervpnfree-1/libcharon.so 0xb2d67de8
D/dalvikvm( 1161): Added shared lib /data/app-lib/com.jrzheng.supervpnfree-1/libcharon.so 0xb2d67de8
D/dalvikvm( 1161): No JNI_OnLoad found in /data/app-lib/com.jrzheng.supervpnfree-1/libcharon.so 0xb2d67de8, skipping init
D/dalvikvm( 1161): Trying to load lib /data/app-lib/com.jrzheng.supervpnfree-1/libipsec.so 0xb2d67de8
D/dalvikvm( 1161): Added shared lib /data/app-lib/com.jrzheng.supervpnfree-1/libipsec.so 0xb2d67de8
D/dalvikvm( 1161): No JNI_OnLoad found in /data/app-lib/com.jrzheng.supervpnfree-1/libipsec.so 0xb2d67de8, skipping init
D/dalvikvm( 1161): Trying to load lib /data/app-lib/com.jrzheng.supervpnfree-1/libandroidbridge.so 0xb2d67de8
D/dalvikvm( 1161): Added shared lib /data/app-lib/com.jrzheng.supervpnfree-1/libandroidbridge.so 0xb2d67de8
D/dalvikvm(  333): GC_CONCURRENT freed 541K, 56% free 5876K/13228K, paused 5ms+22ms, total 127ms
D/gralloc_goldfish( 1161): Emulator without GPU emulation detected.
I/ActivityManager(  333): Displayed com.jrzheng.supervpnfree/com.jrzheng.supervpn.view.MainActivity: +1s976ms
D/AndroidRuntime( 1149): Shutting down VM
D/dalvikvm( 1149): GC_CONCURRENT freed 98K, 15% free 589K/692K, paused 2ms+1ms, total 8ms
V/WebViewChromiumFactoryProvider( 1161): Binding Chromium to main looper Looper (main, tid 1) {b2d61e28}
I/LibraryLoader( 1161): Expected native library version number "",actual native library version number ""
I/chromium( 1161): [INFO:library_loader_hooks.cc(116)] Chromium logging enabled: level = 0, default verbosity = 0
I/BrowserStartupController( 1161): Initializing chromium process, renderers=0
E/AudioManagerAndroid( 1161): BLUETOOTH permission is missing!
E/chromium( 1161): [ERROR:gl_surface_egl.cc(169)] No suitable EGL configs found.
E/chromium( 1161): [ERROR:gl_surface_egl.cc(702)] GLSurfaceEGL::InitializeOneOff failed.
E/chromium( 1161): [ERROR:gl_surface_egl.cc(169)] No suitable EGL configs found.
E/chromium( 1161): [ERROR:gl_surface_egl.cc(702)] GLSurfaceEGL::InitializeOneOff failed.
E/chromium( 1161): [ERROR:gpu_info_collector.cc(86)] gfx::GLSurface::InitializeOneOff() failed
W/chromium( 1161): [WARNING:mailbox_synchronizer.cc(36)] MailboxSync not supported due to missing EGL image/fence support
E/chromium( 1161): [ERROR:gl_surface_egl.cc(169)] No suitable EGL configs found.
E/chromium( 1161): [ERROR:gl_surface_egl.cc(702)] GLSurfaceEGL::InitializeOneOff failed.
D/dalvikvm( 1161): GC_CONCURRENT freed 244K, 9% free 3606K/3920K, paused 74ms+3ms, total 133ms
D/dalvikvm( 1161): WAIT_FOR_CONCURRENT_GC blocked 11ms
D/MoPub   ( 1161): Loading url: http://ads.mopub.com/m/ad?v=6&id=3308ed02357f49bf9788197dfff4a294&nv=4.9.0&dn=unknown%2Csdk%2Csdk&bundle=com.jrzheng.supervpnfree&z=-0400&o=p&w=480&h=864&sc_a=1.0&mcc=310&mnc=260&iso=us&cn=Android&ct=3&av=2.0.4&udid=mp_tmpl_advertising_id&dnt=mp_tmpl_do_not_track&mr=1&android_perms_ext_storage=1
W/chromium( 1161): [WARNING:proxy_service.cc(890)] PAC support disabled because there is no system implementation
D/MoPub   ( 1161): Unable to calculate 2% of available disk space, defaulting to minimum
D/MoPub   ( 1161): Loading ad from: http://ads.mopub.com/m/ad?id=d856cfc6751a46be975fb15069c5d70a&nsv=4.9.0&dn=unknown%2Csdk%2Csdk&bundle=com.jrzheng.supervpnfree&z=-0400&o=p&w=480&h=864&sc_a=1.0&mcc=310&mnc=260&iso=us&cn=Android&ct=3&av=2.0.4&udid=mp_tmpl_advertising_id&dnt=mp_tmpl_do_not_track
W/GooglePlayServicesUtil( 1161): Google Play services is missing.
I/dalvikvm( 1161): Could not find method android.security.NetworkSecurityPolicy.getInstance, referenced from method com.google.android.gms.b.hn.a
W/dalvikvm( 1161): VFY: unable to resolve static method 1475: Landroid/security/NetworkSecurityPolicy;.getInstance ()Landroid/security/NetworkSecurityPolicy;
D/dalvikvm( 1161): VFY: replacing opcode 0x71 at 0x0034
D/dalvikvm( 1161): GC_CONCURRENT freed 326K, 10% free 3791K/4188K, paused 4ms+3ms, total 113ms
D/dalvikvm( 1161): WAIT_FOR_CONCURRENT_GC blocked 12ms
W/ActivityManager(  333): Unable to start service Intent { act=com.android.vending.billing.InAppBillingService.BIND pkg=com.android.vending } U=0: not found
I/Ads     ( 1161): Starting ad request.
W/GooglePlayServicesUtil( 1161): Google Play services is missing.
I/Ads     ( 1161): Starting ad request.
I/Choreographer( 1161): Skipped 388 frames!  The application may be doing too much work on its main thread.
E/Avocarrot( 1161): [ERROR]: Google play Services: GooglePlayServicesNotAvailableException: com.google.android.gms.common.GooglePlayServicesNotAvailableException
D/dalvikvm( 1161): DexOpt: --- BEGIN 'ads1395717760.jar' (bootstrap=0) ---
D/dalvikvm( 1161): GC_CONCURRENT freed 286K, 9% free 3892K/4256K, paused 12ms+2ms, total 224ms
W/Ads     ( 1161): Loading already in progress, saving this object for future refreshes.
D/MoPub   ( 1161): Loading url: http://ads.mopub.com/m/ad?v=6&id=e1e3d67e18a34664852fae77f3927480&nv=4.9.0&dn=unknown%2Csdk%2Csdk&bundle=com.jrzheng.supervpnfree&z=-0400&o=p&w=480&h=864&sc_a=1.0&mcc=310&mnc=260&iso=us&cn=Android&ct=3&av=2.0.4&udid=mp_tmpl_advertising_id&dnt=mp_tmpl_do_not_track&mr=1&android_perms_ext_storage=1
D/Volley  ( 1161): [101] BasicNetwork.logSlowRequests: HTTP response for request=<[ ] http://ads.mopub.com/m/ad?v=6&id=3308ed02357f49bf9788197dfff4a294&nv=4.9.0&dn=unknown%2Csdk%2Csdk&bundle=com.jrzheng.supervpnfree&z=-0400&o=p&w=480&h=864&sc_a=1.0&mcc=310&mnc=260&iso=us&cn=Android&ct=3&av=2.0.4&udid=mp_tmpl_advertising_id&dnt=mp_tmpl_do_not_track&mr=1&android_perms_ext_storage=1 0x469abf70 NORMAL 1> [lifetime=6065], [size=17], [rc=200], [retryCount=0]
D/Volley  ( 1161): [100] BasicNetwork.logSlowRequests: HTTP response for request=<[ ] http://ads.mopub.com/m/ad?id=d856cfc6751a46be975fb15069c5d70a&nsv=4.9.0&dn=unknown%2Csdk%2Csdk&bundle=com.jrzheng.supervpnfree&z=-0400&o=p&w=480&h=864&sc_a=1.0&mcc=310&mnc=260&iso=us&cn=Android&ct=3&av=2.0.4&udid=mp_tmpl_advertising_id&dnt=mp_tmpl_do_not_track 0x469abf70 NORMAL 2> [lifetime=5818], [size=0], [rc=200], [retryCount=0]
D/MoPub   ( 1161): Native ad request failed.
D/MoPub   ( 1161): com.mopub.network.MoPubNetworkError: No ads found for ad unit.
D/MoPub   ( 1161): 	at com.mopub.network.AdRequest.parseNetworkResponse(SourceFile:140)
D/MoPub   ( 1161): 	at com.mopub.volley.NetworkDispatcher.run(SourceFile:123)
D/Volley  ( 1161): [99] BasicNetwork.logSlowRequests: HTTP response for request=<[ ] http://ads.mopub.com/m/ad?v=6&id=e1e3d67e18a34664852fae77f3927480&nv=4.9.0&dn=unknown%2Csdk%2Csdk&bundle=com.jrzheng.supervpnfree&z=-0400&o=p&w=480&h=864&sc_a=1.0&mcc=310&mnc=260&iso=us&cn=Android&ct=3&av=2.0.4&udid=mp_tmpl_advertising_id&dnt=mp_tmpl_do_not_track&mr=1&android_perms_ext_storage=1 0x469abf70 NORMAL 3> [lifetime=3150], [size=17], [rc=200], [retryCount=0]
I/ProxyCache( 1161): Proxy cache server started. Ping it...
D/ProxyCache( 1161): Open connection  to http://127.0.0.1:56168/ping
D/ProxyCache( 1161): Accept new socket Socket[address=/127.0.0.1,port=36141,localPort=56168]
W/GAv4    ( 1161): Error getting advertiser id: com.google.android.gms.common.GooglePlayServicesNotAvailableException
D/Volley  ( 1161): [1] Request.finish: 8380 ms: [ ] http://ads.mopub.com/m/ad?id=d856cfc6751a46be975fb15069c5d70a&nsv=4.9.0&dn=unknown%2Csdk%2Csdk&bundle=com.jrzheng.supervpnfree&z=-0400&o=p&w=480&h=864&sc_a=1.0&mcc=310&mnc=260&iso=us&cn=Android&ct=3&av=2.0.4&udid=mp_tmpl_advertising_id&dnt=mp_tmpl_do_not_track 0x469abf70 NORMAL 2
I/Choreographer( 1161): Skipped 63 frames!  The application may be doing too much work on its main thread.
E/ActivityThread( 1161): Failed to find provider info for com.facebook.katana.provider.AttributionIdProvider
W/ActivityManager(  333): Unable to start service Intent { act=com.google.android.gms.ads.identifier.service.START pkg=com.google.android.gms } U=0: not found
D/dalvikvm( 1161): GC_CONCURRENT freed 373K, 10% free 4033K/4476K, paused 24ms+4ms, total 308ms
D/dalvikvm( 1161): WAIT_FOR_CONCURRENT_GC blocked 195ms
D/dalvikvm( 1161): WAIT_FOR_CONCURRENT_GC blocked 141ms
I/ProxyCache( 1161): Request to cache proxy:GetRequest{rangeOffset=0, partial=false, uri='ping'}
D/dalvikvm( 1161): WAIT_FOR_CONCURRENT_GC blocked 148ms
D/ProxyCache( 1161): Ping response: `ping ok`, pinged? true
E/ProxyCache( 1161): Error pinging server [attempt: 0, timeout: 300]. 
E/ProxyCache( 1161): java.util.concurrent.TimeoutException
E/ProxyCache( 1161): 	at java.util.concurrent.FutureTask.get(FutureTask.java:176)
E/ProxyCache( 1161): 	at com.facebook.ads.internal.g.b.f.b(Unknown Source)
E/ProxyCache( 1161): 	at com.facebook.ads.internal.g.b.f.<init>(Unknown Source)
E/ProxyCache( 1161): 	at com.facebook.ads.internal.g.b.f.<init>(Unknown Source)
E/ProxyCache( 1161): 	at com.facebook.ads.internal.c.d$1.a(Unknown Source)
E/ProxyCache( 1161): 	at com.facebook.ads.internal.c.d$1.call(Unknown Source)
E/ProxyCache( 1161): 	at java.util.concurrent.FutureTask.run(FutureTask.java:237)
E/ProxyCache( 1161): 	at java.util.concurrent.ThreadPoolExecutor.runWorker(ThreadPoolExecutor.java:1112)
E/ProxyCache( 1161): 	at java.util.concurrent.ThreadPoolExecutor$Worker.run(ThreadPoolExecutor.java:587)
E/ProxyCache( 1161): 	at java.lang.Thread.run(Thread.java:841)
D/ProxyCache( 1161): Open connection  to http://127.0.0.1:56168/ping
I/dalvikvm( 1161): Could not find method android.widget.FrameLayout.<init>, referenced from method com.google.android.gms.ads.formats.NativeAdView.<init>
W/dalvikvm( 1161): VFY: unable to resolve direct method 12965: Landroid/widget/FrameLayout;.<init> (Landroid/content/Context;Landroid/util/AttributeSet;II)V
D/dalvikvm( 1161): VFY: replacing opcode 0x70 at 0x0000
D/ProxyCache( 1161): Opened connections: 0
D/ProxyCache( 1161): Accept new socket Socket[address=/127.0.0.1,port=39077,localPort=56168]
I/dalvikvm( 1161): Could not find method android.webkit.WebSettings.setMixedContentMode, referenced from method com.facebook.ads.internal.util.i.b
W/dalvikvm( 1161): VFY: unable to resolve virtual method 12774: Landroid/webkit/WebSettings;.setMixedContentMode (I)V
D/dalvikvm( 1161): VFY: replacing opcode 0x6e at 0x000b
I/ProxyCache( 1161): Request to cache proxy:GetRequest{rangeOffset=0, partial=false, uri='ping'}
D/ProxyCache( 1161): Opened connections: 0
D/ProxyCache( 1161): Ping response: `ping ok`, pinged? true
D/MoPub   ( 1161): Loading custom event interstitial adapter.
D/MoPub   ( 1161): Attempting to invoke custom event: com.mopub.mobileads.GooglePlayServicesInterstitial
W/GooglePlayServicesUtil( 1161): Google Play services is missing.
W/Ads     ( 1161): Using InterstitialAdManager from the client jar.
I/Ads     ( 1161): Starting ad request.
D/Volley  ( 1161): [1] Request.finish: 9678 ms: [X] http://ads.mopub.com/m/ad?v=6&id=3308ed02357f49bf9788197dfff4a294&nv=4.9.0&dn=unknown%2Csdk%2Csdk&bundle=com.jrzheng.supervpnfree&z=-0400&o=p&w=480&h=864&sc_a=1.0&mcc=310&mnc=260&iso=us&cn=Android&ct=3&av=2.0.4&udid=mp_tmpl_advertising_id&dnt=mp_tmpl_do_not_track&mr=1&android_perms_ext_storage=1 0x469abf70 NORMAL 1
D/MoPub   ( 1161): Loading custom event interstitial adapter.
D/MoPub   ( 1161): Attempting to invoke custom event: com.mopub.mobileads.GooglePlayServicesInterstitial
W/GooglePlayServicesUtil( 1161): Google Play services is missing.
W/Ads     ( 1161): Using InterstitialAdManager from the client jar.
I/Ads     ( 1161): Starting ad request.
D/Volley  ( 1161): [1] Request.finish: 4768 ms: [X] http://ads.mopub.com/m/ad?v=6&id=e1e3d67e18a34664852fae77f3927480&nv=4.9.0&dn=unknown%2Csdk%2Csdk&bundle=com.jrzheng.supervpnfree&z=-0400&o=p&w=480&h=864&sc_a=1.0&mcc=310&mnc=260&iso=us&cn=Android&ct=3&av=2.0.4&udid=mp_tmpl_advertising_id&dnt=mp_tmpl_do_not_track&mr=1&android_perms_ext_storage=1 0x469abf70 NORMAL 3
D/dalvikvm( 1161): GC_CONCURRENT freed 361K, 11% free 4057K/4528K, paused 5ms+68ms, total 113ms
W/ActivityManager(  333): Unable to start service Intent { act=com.google.android.gms.analytics.service.START cmp=com.google.android.gms/.analytics.service.AnalyticsService (has extras) } U=0: not found
D/InitAlarmsService( 1008): Clearing and rescheduling alarms.
D/dalvikvm( 1220): DexOpt: load 783ms, verify+opt 646ms, 188892 bytes
D/dalvikvm( 1161): DexOpt: --- END 'ads1395717760.jar' (success) ---
D/dalvikvm( 1161): DEX prep '/data/data/com.jrzheng.supervpnfree/cache/ads1395717760.jar': unzip in 376ms, rewrite 10290ms
D/dalvikvm( 1161): GC_CONCURRENT freed 370K, 10% free 4098K/4540K, paused 38ms+16ms, total 169ms
W/GooglePlayServicesUtil( 1161): Google Play services is missing.
W/GooglePlayServicesUtil( 1161): Google Play services is missing.
D/AndroidRuntime( 1244): 
D/AndroidRuntime( 1244): >>>>>> AndroidRuntime START com.android.internal.os.RuntimeInit <<<<<<
D/AndroidRuntime( 1244): CheckJNI is ON
D/dalvikvm( 1244): Trying to load lib libjavacore.so 0x0
D/dalvikvm( 1244): Added shared lib libjavacore.so 0x0
D/dalvikvm( 1244): Trying to load lib libnativehelper.so 0x0
D/dalvikvm( 1244): Added shared lib libnativehelper.so 0x0
D/dalvikvm( 1244): No JNI_OnLoad found in libnativehelper.so 0x0, skipping init
D/dalvikvm( 1161): GC_CONCURRENT freed 297K, 10% free 4189K/4640K, paused 18ms+3ms, total 77ms
D/dalvikvm( 1244): Note: class Landroid/app/ActivityManagerNative; has 179 unimplemented (abstract) methods
I/dalvikvm( 1161): Could not find method android.webkit.WebSettings.setMixedContentMode, referenced from method com.google.android.gms.b.ja.<init>
W/dalvikvm( 1161): VFY: unable to resolve virtual method 12774: Landroid/webkit/WebSettings;.setMixedContentMode (I)V
D/dalvikvm( 1161): VFY: replacing opcode 0x6e at 0x0053
E/memtrack( 1244): Couldn't load memtrack module (No such file or directory)
E/android.os.Debug( 1244): failed to load memtrack module: -2
D/AndroidRuntime( 1244): Calling main entry com.android.commands.am.Am
D/AndroidRuntime( 1244): Shutting down VM
D/dalvikvm( 1244): GC_CONCURRENT freed 97K, 15% free 587K/688K, paused 2ms+1ms, total 10ms
D/dalvikvm( 1161): GC_CONCURRENT freed 421K, 11% free 4198K/4692K, paused 238ms+4ms, total 641ms
W/chromium( 1161): [WARNING:simple_index_file.cc(338)] Could not map Simple Index file.
I/chromium( 1161): [INFO:simple_index_file.cc(437)] Simple Cache Index is being restored from disk.
D/dalvikvm( 1161): GC_CONCURRENT freed 350K, 10% free 4234K/4692K, paused 6ms+3ms, total 85ms
W/Avocarrot( 1161): [WARN]:  Problem on encrypt, input is empty
D/dalvikvm( 1161): GC_FOR_ALLOC freed 246K, 10% free 4311K/4780K, paused 57ms, total 78ms
D/dalvikvm( 1161): GC_FOR_ALLOC freed 110K, 12% free 4348K/4908K, paused 202ms, total 212ms
I/dalvikvm-heap( 1161): Grow heap (frag case) to 4.417MB for 110626-byte allocation
D/dalvikvm( 1161): GC_FOR_ALLOC freed 72K, 13% free 4384K/4992K, paused 23ms, total 23ms
D/dalvikvm( 1161): GC_FOR_ALLOC freed 205K, 12% free 4437K/4992K, paused 50ms, total 50ms
I/dalvikvm-heap( 1161): Grow heap (frag case) to 4.515MB for 120622-byte allocation
D/dalvikvm( 1161): GC_FOR_ALLOC freed 0K, 11% free 4555K/5112K, paused 45ms, total 45ms
W/Ads     ( 1161): There was a problem getting an ad response. ErrorCode: 0
W/Ads     ( 1161): Failed to load ad: 0
D/MoPub   ( 1161): Google Play Services interstitial ad failed to load.
V/MoPub   ( 1161): MoPubErrorCode: Third-party network failed to provide an ad.
D/MoPub   ( 1161): Loading failover url: http://ads.mopub.com/m/ad?android_perms_ext_storage=1&av=2.0.4&bundle=com.jrzheng.supervpnfree&cn=Android&cppck=6C65F&ct=3&dn=unknown%2Csdk%2Csdk&dnt=0&exclude=862ad3fa26fe11e6a9b4002590f31968&gdpr_applies=1&h=864&id=e1e3d67e18a34664852fae77f3927480&iso=us&mcc=310&mnc=260&mr=1&nv=4.9.0&o=p&request_id=82ad1eb426464b759ad502066a9c0884&rtc=1&sc_a=1.0&udid=mopub%3A00000000-0000-0000-0000-000000000000&v=6&w=480&z=-0400
D/MoPub   ( 1161): Loading url: http://ads.mopub.com/m/ad?android_perms_ext_storage=1&av=2.0.4&bundle=com.jrzheng.supervpnfree&cn=Android&cppck=6C65F&ct=3&dn=unknown%2Csdk%2Csdk&dnt=0&exclude=862ad3fa26fe11e6a9b4002590f31968&gdpr_applies=1&h=864&id=e1e3d67e18a34664852fae77f3927480&iso=us&mcc=310&mnc=260&mr=1&nv=4.9.0&o=p&request_id=82ad1eb426464b759ad502066a9c0884&rtc=1&sc_a=1.0&udid=mopub%3A00000000-0000-0000-0000-000000000000&v=6&w=480&z=-0400
W/Ads     ( 1161): There was a problem getting an ad response. ErrorCode: 0
W/Ads     ( 1161): Failed to load ad: 0
D/MoPub   ( 1161): Loading ad from: http://ads.mopub.com/m/ad?id=35f25eca21f848448fd4fe59e502431b&nsv=4.9.0&dn=unknown%2Csdk%2Csdk&bundle=com.jrzheng.supervpnfree&z=-0400&o=p&w=480&h=864&sc_a=1.0&mcc=310&mnc=260&iso=us&cn=Android&ct=3&av=2.0.4&udid=mp_tmpl_advertising_id&dnt=mp_tmpl_do_not_track
W/Ads     ( 1161): There was a problem getting an ad response. ErrorCode: 0
W/Ads     ( 1161): Failed to load ad: 0
D/MoPub   ( 1161): Google Play Services interstitial ad failed to load.
V/MoPub   ( 1161): MoPubErrorCode: Third-party network failed to provide an ad.
