D/CallNotifier(  598): CallNotifier: mSignalInfoToneGenerator created when toneplay
E/BluetoothAdapter(  598): Bluetooth binder is null
I/LatinIME:LogUtils(  586): Dictionary info: dictionary = main:en ; version = 42 ; date = 1381226429
I/FusedLocation(  333): engine stopped (com.android.location.fused)
I/FusedLocation(  333): engine started (com.android.location.fused)
D/MobileDataStateTracker(  333): fota: Broadcast received: android.intent.action.ANY_DATA_STATE apnType=fota
D/MobileDataStateTracker(  333): fota: Received state=DISCONNECTED, old=DISCONNECTED, reason=radioTurnedOff
D/MobileDataStateTracker(  333): ia: Broadcast received: android.intent.action.ANY_DATA_STATE apnType=ia
D/MobileDataStateTracker(  333): ia: Received state=DISCONNECTED, old=DISCONNECTED, reason=radioTurnedOff
D/MobileDataStateTracker(  333): supl: Broadcast received: android.intent.action.ANY_DATA_STATE apnType=supl
D/MobileDataStateTracker(  333): supl: Received state=DISCONNECTED, old=DISCONNECTED, reason=radioTurnedOff
D/MobileDataStateTracker(  333): hipri: Broadcast received: android.intent.action.ANY_DATA_STATE apnType=hipri
D/MobileDataStateTracker(  333): hipri: Received state=DISCONNECTED, old=DISCONNECTED, reason=radioTurnedOff
D/MobileDataStateTracker(  333): ims: Broadcast received: android.intent.action.ANY_DATA_STATE apnType=ims
D/TelephonyDebugService(  598): TelephonyDebugService()
D/dalvikvm(  598): GC_CONCURRENT freed 285K, 11% free 3044K/3396K, paused 54ms+8ms, total 220ms
D/MobileDataStateTracker(  333): ims: Received state=DISCONNECTED, old=DISCONNECTED, reason=radioTurnedOff
D/MobileDataStateTracker(  333): default: Broadcast received: android.intent.action.ANY_DATA_STATE apnType=default
D/MobileDataStateTracker(  333): default: Received state=DISCONNECTED, old=DISCONNECTED, reason=radioTurnedOff
D/MobileDataStateTracker(  333): mms: Broadcast received: android.intent.action.ANY_DATA_STATE apnType=mms
D/MobileDataStateTracker(  333): mms: Received state=DISCONNECTED, old=DISCONNECTED, reason=radioTurnedOff
D/MobileDataStateTracker(  333): cbs: Broadcast received: android.intent.action.ANY_DATA_STATE apnType=cbs
D/MobileDataStateTracker(  333): cbs: Received state=DISCONNECTED, old=DISCONNECTED, reason=radioTurnedOff
D/MobileDataStateTracker(  333): fota: Broadcast received: android.intent.action.ANY_DATA_STATE apnType=fota
I/LatinIME:LogUtils(  586): Dictionary info: dictionary = main:en ; version = 42 ; date = 1381226429
D/MobileDataStateTracker(  333): fota: Received state=DISCONNECTED, old=DISCONNECTED, reason=radioTurnedOff
D/MobileDataStateTracker(  333): ia: Broadcast received: android.intent.action.ANY_DATA_STATE apnType=ia
D/MobileDataStateTracker(  333): ia: Received state=DISCONNECTED, old=DISCONNECTED, reason=radioTurnedOff
D/MobileDataStateTracker(  333): supl: Broadcast received: android.intent.action.ANY_DATA_STATE apnType=supl
D/MobileDataStateTracker(  333): supl: Received state=DISCONNECTED, old=DISCONNECTED, reason=radioTurnedOff
D/MobileDataStateTracker(  333): hipri: Broadcast received: android.intent.action.ANY_DATA_STATE apnType=hipri
D/dalvikvm(  688): GC_CONCURRENT freed 175K, 8% free 2964K/3204K, paused 4ms+75ms, total 447ms
I/LatinIME:LogUtils(  586): Dictionary info: dictionary = main:en ; version = 42 ; date = 1381226429
I/LatinIME:LogUtils(  586): Dictionary info: dictionary = main:en ; version = 42 ; date = 1381226429
I/LatinIME:LogUtils(  586): Dictionary info: dictionary = main:en ; version = 42 ; date = 1381226429
D/MobileDataStateTracker(  333): hipri: Received state=DISCONNECTED, old=DISCONNECTED, reason=radioTurnedOff
D/MobileDataStateTracker(  333): ims: Broadcast received: android.intent.action.ANY_DATA_STATE apnType=ims
D/MobileDataStateTracker(  333): ims: Received state=DISCONNECTED, old=DISCONNECTED, reason=radioTurnedOff
D/MobileDataStateTracker(  333): default: Broadcast received: android.intent.action.ANY_DATA_STATE apnType=default
D/MobileDataStateTracker(  333): default: Received state=DISCONNECTED, old=DISCONNECTED, reason=radioTurnedOff
D/MobileDataStateTracker(  333): mms: Broadcast received: android.intent.action.ANY_DATA_STATE apnType=mms
D/MobileDataStateTracker(  333): mms: Received state=DISCONNECTED, old=DISCONNECTED, reason=radioTurnedOff
D/MobileDataStateTracker(  333): cbs: Broadcast received: android.intent.action.ANY_DATA_STATE apnType=cbs
D/MobileDataStateTracker(  333): cbs: Received state=DISCONNECTED, old=DISCONNECTED, reason=radioTurnedOff
D/MobileDataStateTracker(  333): fota: Broadcast received: android.intent.action.ANY_DATA_STATE apnType=fota
D/MobileDataStateTracker(  333): fota: Received state=DISCONNECTED, old=DISCONNECTED, reason=dataDetached
D/MobileDataStateTracker(  333): ia: Broadcast received: android.intent.action.ANY_DATA_STATE apnType=ia
D/MobileDataStateTracker(  333): ia: Received state=DISCONNECTED, old=DISCONNECTED, reason=dataDetached
D/MobileDataStateTracker(  333): supl: Broadcast received: android.intent.action.ANY_DATA_STATE apnType=supl
D/MobileDataStateTracker(  333): supl: Received state=DISCONNECTED, old=DISCONNECTED, reason=dataDetached
D/MobileDataStateTracker(  333): hipri: Broadcast received: android.intent.action.ANY_DATA_STATE apnType=hipri
D/MobileDataStateTracker(  333): hipri: Received state=DISCONNECTED, old=DISCONNECTED, reason=dataDetached
D/MobileDataStateTracker(  333): ims: Broadcast received: android.intent.action.ANY_DATA_STATE apnType=ims
I/LatinIME:LogUtils(  586): Dictionary info: dictionary = main:en ; version = 42 ; date = 1381226429
D/MobileDataStateTracker(  333): ims: Received state=DISCONNECTED, old=DISCONNECTED, reason=dataDetached
D/MobileDataStateTracker(  333): default: Broadcast received: android.intent.action.ANY_DATA_STATE apnType=default
D/MobileDataStateTracker(  333): default: Received state=DISCONNECTED, old=DISCONNECTED, reason=dataDetached
D/MobileDataStateTracker(  333): mms: Broadcast received: android.intent.action.ANY_DATA_STATE apnType=mms
D/MobileDataStateTracker(  333): mms: Received state=DISCONNECTED, old=DISCONNECTED, reason=dataDetached
D/MobileDataStateTracker(  333): cbs: Broadcast received: android.intent.action.ANY_DATA_STATE apnType=cbs
D/MobileDataStateTracker(  333): cbs: Received state=DISCONNECTED, old=DISCONNECTED, reason=dataDetached
D/MobileDataStateTracker(  333): fota: Broadcast received: android.intent.action.ANY_DATA_STATE apnType=fota
D/MobileDataStateTracker(  333): fota: Received state=DISCONNECTED, old=DISCONNECTED, reason=roamingOff
D/MobileDataStateTracker(  333): ia: Broadcast received: android.intent.action.ANY_DATA_STATE apnType=ia
D/MobileDataStateTracker(  333): ia: Received state=DISCONNECTED, old=DISCONNECTED, reason=roamingOff
D/MobileDataStateTracker(  333): supl: Broadcast received: android.intent.action.ANY_DATA_STATE apnType=supl
D/MobileDataStateTracker(  333): supl: Received state=DISCONNECTED, old=DISCONNECTED, reason=roamingOff
D/MobileDataStateTracker(  333): hipri: Broadcast received: android.intent.action.ANY_DATA_STATE apnType=hipri
D/MccTable(  598): updateMccMncConfiguration: mcc=310, mnc=260
D/MobileDataStateTracker(  333): hipri: Received state=DISCONNECTED, old=DISCONNECTED, reason=roamingOff
D/MobileDataStateTracker(  333): ims: Broadcast received: android.intent.action.ANY_DATA_STATE apnType=ims
D/MobileDataStateTracker(  333): ims: Received state=DISCONNECTED, old=DISCONNECTED, reason=roamingOff
D/MobileDataStateTracker(  333): default: Broadcast received: android.intent.action.ANY_DATA_STATE apnType=default
D/MobileDataStateTracker(  333): default: Received state=DISCONNECTED, old=DISCONNECTED, reason=roamingOff
D/MobileDataStateTracker(  333): mms: Broadcast received: android.intent.action.ANY_DATA_STATE apnType=mms
D/MobileDataStateTracker(  333): mms: Received state=DISCONNECTED, old=DISCONNECTED, reason=roamingOff
D/MobileDataStateTracker(  333): cbs: Broadcast received: android.intent.action.ANY_DATA_STATE apnType=cbs
D/MobileDataStateTracker(  333): cbs: Received state=DISCONNECTED, old=DISCONNECTED, reason=roamingOff
D/MobileDataStateTracker(  333): fota: Broadcast received: android.intent.action.ANY_DATA_STATE apnType=fota
D/MobileDataStateTracker(  333): fota: Received state=DISCONNECTED, old=DISCONNECTED, reason=roamingOff
D/MobileDataStateTracker(  333): ia: Broadcast received: android.intent.action.ANY_DATA_STATE apnType=ia
D/MobileDataStateTracker(  333): ia: Received state=DISCONNECTED, old=DISCONNECTED, reason=roamingOff
D/MobileDataStateTracker(  333): supl: Broadcast received: android.intent.action.ANY_DATA_STATE apnType=supl
D/MobileDataStateTracker(  333): supl: Received state=DISCONNECTED, old=DISCONNECTED, reason=roamingOff
D/MobileDataStateTracker(  333): hipri: Broadcast received: android.intent.action.ANY_DATA_STATE apnType=hipri
I/LatinIME:LogUtils(  586): Dictionary info: dictionary = main:en ; version = 42 ; date = 1381226429
D/MobileDataStateTracker(  333): hipri: Received state=DISCONNECTED, old=DISCONNECTED, reason=roamingOff
D/MobileDataStateTracker(  333): ims: Broadcast received: android.intent.action.ANY_DATA_STATE apnType=ims
D/AlarmManagerService(  333): Kernel timezone updated to 240 minutes west of GMT
D/MccTable(  598): timezone set to America/New_York
D/MccTable(  598): getLocaleFromMcc to en_us mcc=310
I/LatinIME:LogUtils(  586): Dictionary info: dictionary = main:en ; version = 42 ; date = 1381226429
D/MobileDataStateTracker(  333): ims: Received state=DISCONNECTED, old=DISCONNECTED, reason=roamingOff
D/MobileDataStateTracker(  333): default: Broadcast received: android.intent.action.ANY_DATA_STATE apnType=default
D/MobileDataStateTracker(  333): default: Received state=DISCONNECTED, old=DISCONNECTED, reason=roamingOff
D/MobileDataStateTracker(  333): mms: Broadcast received: android.intent.action.ANY_DATA_STATE apnType=mms
D/MobileDataStateTracker(  333): mms: Received state=DISCONNECTED, old=DISCONNECTED, reason=roamingOff
D/MobileDataStateTracker(  333): cbs: Broadcast received: android.intent.action.ANY_DATA_STATE apnType=cbs
D/MobileDataStateTracker(  333): cbs: Received state=DISCONNECTED, old=DISCONNECTED, reason=roamingOff
D/MccTable(  598): getLocaleForLanguageCountry: got match
D/MccTable(  598): getLocaleForLanguageCountry: X locale=en_US
D/MccTable(  598): WIFI_COUNTRY_CODE set to us
I/WifiService(  333): WifiService trying to set country code to us with persist set to true
D/dalvikvm(  333): GC_CONCURRENT freed 640K, 59% free 5433K/13228K, paused 7ms+35ms, total 379ms
D/MobileDataStateTracker(  333): fota: Broadcast received: android.intent.action.ANY_DATA_STATE apnType=fota
D/MobileDataStateTracker(  333): fota: Received state=DISCONNECTED, old=DISCONNECTED, reason=dataAttached
D/MobileDataStateTracker(  333): ia: Broadcast received: android.intent.action.ANY_DATA_STATE apnType=ia
D/MobileDataStateTracker(  333): ia: Received state=DISCONNECTED, old=DISCONNECTED, reason=dataAttached
D/MobileDataStateTracker(  333): supl: Broadcast received: android.intent.action.ANY_DATA_STATE apnType=supl
D/MobileDataStateTracker(  333): supl: Received state=DISCONNECTED, old=DISCONNECTED, reason=dataAttached
D/MobileDataStateTracker(  333): hipri: Broadcast received: android.intent.action.ANY_DATA_STATE apnType=hipri
D/MobileDataStateTracker(  333): hipri: Received state=DISCONNECTED, old=DISCONNECTED, reason=dataAttached
D/MobileDataStateTracker(  333): ims: Broadcast received: android.intent.action.ANY_DATA_STATE apnType=ims
D/MobileDataStateTracker(  333): ims: Received state=DISCONNECTED, old=DISCONNECTED, reason=dataAttached
D/MobileDataStateTracker(  333): mms: Broadcast received: android.intent.action.ANY_DATA_STATE apnType=mms
D/MobileDataStateTracker(  333): mms: Received state=DISCONNECTED, old=DISCONNECTED, reason=dataAttached
D/MobileDataStateTracker(  333): cbs: Broadcast received: android.intent.action.ANY_DATA_STATE apnType=cbs
D/MobileDataStateTracker(  333): cbs: Received state=DISCONNECTED, old=DISCONNECTED, reason=dataAttached
D/MobileDataStateTracker(  333): fota: Broadcast received: android.intent.action.ANY_DATA_STATE apnType=fota
D/MobileDataStateTracker(  333): fota: Received state=DISCONNECTED, old=DISCONNECTED, reason=dataAttached
D/MobileDataStateTracker(  333): ia: Broadcast received: android.intent.action.ANY_DATA_STATE apnType=ia
D/dalvikvm(  598): GC_CONCURRENT freed 279K, 10% free 3158K/3508K, paused 22ms+4ms, total 116ms
D/MobileDataStateTracker(  333): ia: Received state=DISCONNECTED, old=DISCONNECTED, reason=dataAttached
D/MobileDataStateTracker(  333): supl: Broadcast received: android.intent.action.ANY_DATA_STATE apnType=supl
D/MobileDataStateTracker(  333): supl: Received state=DISCONNECTED, old=DISCONNECTED, reason=dataAttached
D/MobileDataStateTracker(  333): hipri: Broadcast received: android.intent.action.ANY_DATA_STATE apnType=hipri
D/MobileDataStateTracker(  333): hipri: Received state=DISCONNECTED, old=DISCONNECTED, reason=dataAttached
D/MobileDataStateTracker(  333): ims: Broadcast received: android.intent.action.ANY_DATA_STATE apnType=ims
D/MobileDataStateTracker(  333): ims: Received state=DISCONNECTED, old=DISCONNECTED, reason=dataAttached
D/MobileDataStateTracker(  333): mms: Broadcast received: android.intent.action.ANY_DATA_STATE apnType=mms
D/MobileDataStateTracker(  333): mms: Received state=DISCONNECTED, old=DISCONNECTED, reason=dataAttached
D/MobileDataStateTracker(  333): cbs: Broadcast received: android.intent.action.ANY_DATA_STATE apnType=cbs
D/MobileDataStateTracker(  333): cbs: Received state=DISCONNECTED, old=DISCONNECTED, reason=dataAttached
D/dalvikvm(  333): GC_CONCURRENT freed 619K, 59% free 5499K/13228K, paused 29ms+5ms, total 102ms
D/dalvikvm(  333): WAIT_FOR_CONCURRENT_GC blocked 42ms
D/dalvikvm(  688): GC_FOR_ALLOC freed 187K, 8% free 3111K/3372K, paused 16ms, total 18ms
I/dalvikvm-heap(  688): Grow heap (frag case) to 3.715MB for 640016-byte allocation
D/dalvikvm(  688): GC_FOR_ALLOC freed 3K, 7% free 3733K/4000K, paused 20ms, total 20ms
D/dalvikvm(  688): GC_CONCURRENT freed 5K, 7% free 3727K/4000K, paused 3ms+2ms, total 29ms
D/MccTable(  598): updateMccMncConfiguration: mcc=310, mnc=260
D/MccTable(  598): getLocaleFromMcc to en_us mcc=310
D/MccTable(  598): getLocaleForLanguageCountry: got match
D/MccTable(  598): getLocaleForLanguageCountry: X locale=en_US
D/MccTable(  598): updateMccMncConfiguration updateConfig config={1.0 310mcc260mnc en_US ldltr ?swdp ?wdp ?hdp ?density ?lsize ?long ?orien ?uimode ?night ?touch ?keyb/?/? ?nav/?}
I/ActivityManager(  333): Config changes=3 {1.0 310mcc260mnc en_US ldltr sw480dp w480dp h839dp 160dpi lrg long port finger -keyb/v/h tball/v s.6}
W/Resources(  688): Converting to int: TypedValue{t=0x3/d=0x12 "4" a=-1}
W/Resources(  688): Converting to int: TypedValue{t=0x3/d=0xf "1" a=-1}
D/PhoneStatusBar(  447): mSettingsPanelGravity = 55
D/PermissionCache(   57): checking android.permission.READ_FRAME_BUFFER for uid=1000 => granted (11077 us)
D/gralloc (   57): Registering a buffer in the process that created it. This may cause memory ordering problems.
E/libEGL  (   57): called unimplemented OpenGL ES API
E/libEGL  (   57): called unimplemented OpenGL ES API
E/libEGL  (   57): called unimplemented OpenGL ES API
E/libEGL  (   57): called unimplemented OpenGL ES API
E/SurfaceFlinger(   57): glCheckFramebufferStatusOES error 1329686918
E/SurfaceFlinger(   57): got GL_FRAMEBUFFER_COMPLETE_OES error while taking screenshot
E/libEGL  (   57): called unimplemented OpenGL ES API
E/libEGL  (   57): called unimplemented OpenGL ES API
I/ARMAssembler(   57): generated scanline__00000077:03515104_00008001_00000000 [113 ipp] (134 ins) at [0xb59d61f0:0xb59d6408] in 10000000 ns
W/Resources(  688): Converting to int: TypedValue{t=0x3/d=0x15 "2" a=-1}
W/Resources(  688): Converting to int: TypedValue{t=0x3/d=0x15 "2" a=-1}
D/dalvikvm(  333): GC_CONCURRENT freed 636K, 59% free 5466K/13228K, paused 4ms+31ms, total 584ms
W/Launcher.LauncherProvider(  688): Unable to add favorite: com.android.camera2/com.android.camera.CameraLauncher
W/Launcher.LauncherProvider(  688): android.content.pm.PackageManager$NameNotFoundException: ComponentInfo{com.android.camera2/com.android.camera.CameraLauncher}
W/Launcher.LauncherProvider(  688): 	at android.app.ApplicationPackageManager.getActivityInfo(ApplicationPackageManager.java:242)
W/Launcher.LauncherProvider(  688): 	at com.android.launcher2.LauncherProvider$DatabaseHelper.addAppShortcut(LauncherProvider.java:959)
W/Launcher.LauncherProvider(  688): 	at com.android.launcher2.LauncherProvider$DatabaseHelper.loadFavorites(LauncherProvider.java:863)
W/Launcher.LauncherProvider(  688): 	at com.android.launcher2.LauncherProvider$DatabaseHelper.access$000(LauncherProvider.java:253)
W/Launcher.LauncherProvider(  688): 	at com.android.launcher2.LauncherProvider.loadDefaultFavoritesIfNecessary(LauncherProvider.java:237)
W/Launcher.LauncherProvider(  688): 	at com.android.launcher2.LauncherModel$LoaderTask.loadWorkspace(LauncherModel.java:1278)
W/Launcher.LauncherProvider(  688): 	at com.android.launcher2.LauncherModel$LoaderTask.loadAndBindWorkspace(LauncherModel.java:1020)
W/Launcher.LauncherProvider(  688): 	at com.android.launcher2.LauncherModel$LoaderTask.run(LauncherModel.java:1126)
W/Launcher.LauncherProvider(  688): 	at android.os.Handler.handleCallback(Handler.java:733)
W/Launcher.LauncherProvider(  688): 	at android.os.Handler.dispatchMessage(Handler.java:95)
W/Launcher.LauncherProvider(  688): 	at android.os.Looper.loop(Looper.java:136)
W/Launcher.LauncherProvider(  688): 	at android.os.HandlerThread.run(HandlerThread.java:61)
W/Launcher.LauncherProvider(  688): Unable to add favorite: com.android.gallery3d/com.android.gallery3d.app.Gallery
W/Launcher.LauncherProvider(  688): android.content.pm.PackageManager$NameNotFoundException: ComponentInfo{com.android.gallery3d/com.android.gallery3d.app.Gallery}
W/Launcher.LauncherProvider(  688): 	at android.app.ApplicationPackageManager.getActivityInfo(ApplicationPackageManager.java:242)
W/Launcher.LauncherProvider(  688): 	at com.android.launcher2.LauncherProvider$DatabaseHelper.addAppShortcut(LauncherProvider.java:959)
W/Launcher.LauncherProvider(  688): 	at com.android.launcher2.LauncherProvider$DatabaseHelper.loadFavorites(LauncherProvider.java:863)
W/Launcher.LauncherProvider(  688): 	at com.android.launcher2.LauncherProvider$DatabaseHelper.access$000(LauncherProvider.java:253)
W/Launcher.LauncherProvider(  688): 	at com.android.launcher2.LauncherProvider.loadDefaultFavoritesIfNecessary(LauncherProvider.java:237)
W/Launcher.LauncherProvider(  688): 	at com.android.launcher2.LauncherModel$LoaderTask.loadWorkspace(LauncherModel.java:1278)
W/Launcher.LauncherProvider(  688): 	at com.android.launcher2.LauncherModel$LoaderTask.loadAndBindWorkspace(LauncherModel.java:1020)
W/Launcher.LauncherProvider(  688): 	at com.android.launcher2.LauncherModel$LoaderTask.run(LauncherModel.java:1126)
W/Launcher.LauncherProvider(  688): 	at android.os.Handler.handleCallback(Handler.java:733)
W/Launcher.LauncherProvider(  688): 	at android.os.Handler.dispatchMessage(Handler.java:95)
W/Launcher.LauncherProvider(  688): 	at android.os.Looper.loop(Looper.java:136)
W/Launcher.LauncherProvider(  688): 	at android.os.HandlerThread.run(HandlerThread.java:61)
D/MccTable(  598): updateMccMncConfiguration: mcc=310, mnc=260
D/MccTable(  598): getLocaleFromMcc to en_us mcc=310
D/MccTable(  598): getLocaleForLanguageCountry: skipping already persisted
D/MccTable(  598): getLocaleForLanguageCountry: X locale=null
D/MccTable(  598): updateMccMncConfiguration updateConfig config={1.0 310mcc260mnc ?locale ?layoutDir ?swdp ?wdp ?hdp ?density ?lsize ?long ?orien ?uimode ?night ?touch ?keyb/?/? ?nav/?}
D/dalvikvm(  598): GC_CONCURRENT freed 357K, 10% free 3367K/3736K, paused 34ms+4ms, total 93ms
D/dalvikvm(  598): WAIT_FOR_CONCURRENT_GC blocked 9ms
D/dalvikvm(  688): GC_CONCURRENT freed 308K, 9% free 3852K/4232K, paused 6ms+70ms, total 173ms
D/MobileDataStateTracker(  333): fota: Broadcast received: android.intent.action.ANY_DATA_STATE apnType=fota
D/MobileDataStateTracker(  333): fota: Received state=DISCONNECTED, old=DISCONNECTED, reason=simLoaded
D/MobileDataStateTracker(  333): ia: Broadcast received: android.intent.action.ANY_DATA_STATE apnType=ia
D/MobileDataStateTracker(  333): ia: Received state=DISCONNECTED, old=DISCONNECTED, reason=simLoaded
D/MobileDataStateTracker(  333): supl: Broadcast received: android.intent.action.ANY_DATA_STATE apnType=supl
D/MobileDataStateTracker(  333): supl: Received state=DISCONNECTED, old=DISCONNECTED, reason=simLoaded
D/MobileDataStateTracker(  333): hipri: Broadcast received: android.intent.action.ANY_DATA_STATE apnType=hipri
D/MobileDataStateTracker(  333): hipri: Received state=DISCONNECTED, old=DISCONNECTED, reason=simLoaded
D/MobileDataStateTracker(  333): ims: Broadcast received: android.intent.action.ANY_DATA_STATE apnType=ims
D/MobileDataStateTracker(  333): ims: Received state=DISCONNECTED, old=DISCONNECTED, reason=simLoaded
D/MobileDataStateTracker(  333): mms: Broadcast received: android.intent.action.ANY_DATA_STATE apnType=mms
D/dalvikvm(  333): GC_CONCURRENT freed 479K, 58% free 5623K/13228K, paused 32ms+80ms, total 318ms
D/MobileDataStateTracker(  333): mms: Received state=DISCONNECTED, old=DISCONNECTED, reason=simLoaded
D/MobileDataStateTracker(  333): cbs: Broadcast received: android.intent.action.ANY_DATA_STATE apnType=cbs
D/MobileDataStateTracker(  333): cbs: Received state=DISCONNECTED, old=DISCONNECTED, reason=simLoaded
D/dalvikvm(  598): GC_CONCURRENT freed 520K, 16% free 3287K/3876K, paused 4ms+20ms, total 65ms
D/MobileDataStateTracker(  333): default: Broadcast received: android.intent.action.ANY_DATA_STATE apnType=default
D/MobileDataStateTracker(  333): default: Received state=CONNECTING, old=DISCONNECTED, reason=simLoaded
D/MobileDataStateTracker(  333): default: setDetailed state, old =IDLE and new state=CONNECTING
D/MobileDataStateTracker(  333): fota: Broadcast received: android.intent.action.ANY_DATA_STATE apnType=fota
D/MobileDataStateTracker(  333): fota: Received state=DISCONNECTED, old=DISCONNECTED, reason=simLoaded
D/MobileDataStateTracker(  333): ia: Broadcast received: android.intent.action.ANY_DATA_STATE apnType=ia
D/MobileDataStateTracker(  333): ia: Received state=DISCONNECTED, old=DISCONNECTED, reason=simLoaded
D/MobileDataStateTracker(  333): supl: Broadcast received: android.intent.action.ANY_DATA_STATE apnType=supl
D/MobileDataStateTracker(  333): supl: Received state=DISCONNECTED, old=DISCONNECTED, reason=simLoaded
D/MobileDataStateTracker(  333): hipri: Broadcast received: android.intent.action.ANY_DATA_STATE apnType=hipri
D/MobileDataStateTracker(  333): hipri: Received state=DISCONNECTED, old=DISCONNECTED, reason=simLoaded
D/MobileDataStateTracker(  333): ims: Broadcast received: android.intent.action.ANY_DATA_STATE apnType=ims
D/MobileDataStateTracker(  333): ims: Received state=DISCONNECTED, old=DISCONNECTED, reason=simLoaded
D/MobileDataStateTracker(  333): mms: Broadcast received: android.intent.action.ANY_DATA_STATE apnType=mms
D/MobileDataStateTracker(  333): mms: Received state=DISCONNECTED, old=DISCONNECTED, reason=simLoaded
D/MobileDataStateTracker(  333): cbs: Broadcast received: android.intent.action.ANY_DATA_STATE apnType=cbs
D/MobileDataStateTracker(  333): cbs: Received state=DISCONNECTED, old=DISCONNECTED, reason=simLoaded
D/MobileDataStateTracker(  333): default: Broadcast received: android.intent.action.ANY_DATA_STATE apnType=default
D/MobileDataStateTracker(  333): default: Received state=CONNECTED, old=CONNECTING, reason=connected
D/MobileDataStateTracker(  333): default: setDetailed state, old =CONNECTING and new state=CONNECTED
D/ConnectivityService(  333): ConnectivityChange for mobile: CONNECTED/CONNECTED
D/ConnectivityService(  333): ConnectivityChange checkMobileProvisioning for TYPE_MOBILE or ProvisioningNetwork
D/ConnectivityService(  333): checkMobileProvisioning: E suggestedTimeOutMs=60000
D/ConnectivityService(  333): setProvNotificationVisible: E visible=false networkType=5 extraInfo=null url=null
D/ConnectivityService(  333): checkMobileProvisioning: params={ url=http://clients3.google.com/generate_204 mTimeOutMs=60000 mCb=com.android.server.ConnectivityService$5@b3594b60}
D/ConnectivityService(  333): checkMobileProvisioning: X
D/Nat464Xlat(  333): requiresClat: netType=0, hasIPv4Address=true
I/NetworkPolicy(  333): no policy for active mobile network; generating default policy
D/MobileDataStateTracker(  333): default: setPolicyDataEnable(enabled=true)
D/Launcher.Model(  688): Reload apps on config change. curr_mcc:310 prevmcc:0
I/Choreographer(  688): Skipped 385 frames!  The application may be doing too much work on its main thread.
D/gralloc_goldfish(  688): Emulator without GPU emulation detected.
D/dalvikvm(  688): GC_CONCURRENT freed 211K, 7% free 4032K/4320K, paused 5ms+24ms, total 156ms
D/dalvikvm(  688): WAIT_FOR_CONCURRENT_GC blocked 135ms
I/dalvikvm-heap(  688): Grow heap (frag case) to 5.541MB for 1610896-byte allocation
D/dalvikvm(  688): GC_FOR_ALLOC freed 111K, 7% free 5493K/5896K, paused 93ms, total 93ms
W/ActivityManager(  333): Launch timeout has expired, giving up wake lock!
D/dalvikvm(  688): GC_CONCURRENT freed 23K, 8% free 5470K/5896K, paused 5ms+16ms, total 113ms
D/dalvikvm(  688): WAIT_FOR_CONCURRENT_GC blocked 82ms
I/dalvikvm-heap(  688): Grow heap (frag case) to 6.945MB for 1610896-byte allocation
I/InputReader(  333): Reconfiguring input devices.  changes=0x00000010
I/PackageManager(  333):   Action: "android.intent.action.SENDTO"
I/PackageManager(  333):   Category: "android.intent.category.DEFAULT"
I/PackageManager(  333):   Scheme: "sms"
I/PackageManager(  333): Adding preferred activity ComponentInfo{com.android.mms/com.android.mms.ui.ComposeMessageActivity} for user 0 :
I/PackageManager(  333):   Action: "android.intent.action.SENDTO"
I/PackageManager(  333):   Category: "android.intent.category.DEFAULT"
I/PackageManager(  333):   Scheme: "smsto"
I/PackageManager(  333): Adding preferred activity ComponentInfo{com.android.mms/com.android.mms.ui.ComposeMessageActivity} for user 0 :
D/dalvikvm(  688): GC_FOR_ALLOC freed <1K, 6% free 7043K/7472K, paused 319ms, total 319ms
D/dalvikvm(  598): GC_CONCURRENT freed 396K, 15% free 3332K/3876K, paused 3ms+3ms, total 173ms
E/NetdConnector(  333): NDC Command {12 bandwidth setiquota eth0 9223372036854775807} took too long (1823ms)
I/PackageManager(  333):   Action: "android.intent.action.SENDTO"
I/PackageManager(  333):   Category: "android.intent.category.DEFAULT"
I/PackageManager(  333):   Scheme: "mms"
I/PackageManager(  333): Adding preferred activity ComponentInfo{com.android.mms/com.android.mms.ui.ComposeMessageActivity} for user 0 :
D/dalvikvm(  688): GC_CONCURRENT freed <1K, 6% free 7087K/7516K, paused 4ms+73ms, total 143ms
D/MobileDataStateTracker(  333): default: setPolicyDataEnable(enabled=true)
I/PackageManager(  333):   Action: "android.intent.action.SENDTO"
I/PackageManager(  333):   Category: "android.intent.category.DEFAULT"
I/PackageManager(  333):   Scheme: "mmsto"
I/PackageManager(  333): Adding preferred activity ComponentInfo{com.android.mms/com.android.mms.ui.ComposeMessageActivity} for user 0 :
D/dalvikvm(  333): GC_CONCURRENT freed 699K, 58% free 5657K/13228K, paused 36ms+36ms, total 200ms
D/dalvikvm(  333): WAIT_FOR_CONCURRENT_GC blocked 124ms
I/PackageManager(  333):   Action: "android.intent.action.SENDTO"
I/PackageManager(  333):   Category: "android.intent.category.DEFAULT"
I/PackageManager(  333):   Scheme: "sms"
I/PackageManager(  333): Adding preferred activity ComponentInfo{com.android.mms/com.android.mms.ui.ComposeMessageActivity} for user 0 :
D/MobileDataStateTracker(  333): default: isProvisioningNetwork: retVal=false
D/ConnectivityService(  333): [CheckMp] isMobileOk: isDefaultProvisioning=false
I/PackageManager(  333):   Action: "android.intent.action.SENDTO"
I/PackageManager(  333):   Category: "android.intent.category.DEFAULT"
I/PackageManager(  333):   Scheme: "smsto"
I/PackageManager(  333): Adding preferred activity ComponentInfo{com.android.mms/com.android.mms.ui.ComposeMessageActivity} for user 0 :
W/WindowManager(  333): Window freeze timeout expired.
W/WindowManager(  333): Force clearing orientation change: Window{b336fd68 u0 com.android.launcher/com.android.launcher2.Launcher}
I/PackageManager(  333):   Action: "android.intent.action.SENDTO"
I/PackageManager(  333):   Category: "android.intent.category.DEFAULT"
I/PackageManager(  333):   Scheme: "mms"
I/PackageManager(  333): Adding preferred activity ComponentInfo{com.android.mms/com.android.mms.ui.ComposeMessageActivity} for user 0 :
W/WindowManager(  333): App freeze timeout expired.
W/WindowManager(  333): Force clearing freeze: AppWindowToken{b37196e0 token=Token{b304ff50 ActivityRecord{b3107ea8 u0 com.android.launcher/com.android.launcher2.Launcher t3}}}
I/WindowManager(  333): Screen frozen for +5s111ms due to AppWindowToken{b37196e0 token=Token{b304ff50 ActivityRecord{b3107ea8 u0 com.android.launcher/com.android.launcher2.Launcher t3}}}
E/NetdConnector(  333): NDC Command {13 bandwidth removeiquota eth0} took too long (976ms)
D/Tethering(  333): MasterInitialState.processMessage what=3
D/CaptivePortalTracker(  333): NoActiveNetworkState{ when=-13ms what=1 obj=NetworkInfo: type: mobile[UMTS], state: CONNECTED/CONNECTED, reason: connected, extra: epc.tmobile.com, roaming: false, failover: false, isAvailable: true, isConnectedToProvisioningNetwork: false target=com.android.internal.util.StateMachine$SmHandler }
D/CaptivePortalTracker(  333): NoActiveNetworkState not a wifi connectivity change, ignore
I/Choreographer(  333): Skipped 35 frames!  The application may be doing too much work on its main thread.
D/dalvikvm(  598): GC_FOR_ALLOC freed 373K, 14% free 3373K/3908K, paused 337ms, total 338ms
I/PackageManager(  333):   Action: "android.intent.action.SENDTO"
I/PackageManager(  333):   Category: "android.intent.category.DEFAULT"
I/PackageManager(  333):   Scheme: "mmsto"
I/PackageManager(  333): Adding preferred activity ComponentInfo{com.android.mms/com.android.mms.ui.ComposeMessageActivity} for user 0 :
I/Choreographer(  333): Skipped 39 frames!  The application may be doing too much work on its main thread.
I/ARMAssembler(   57): generated scanline__00000077:03515104_00009001_00000000 [131 ipp] (153 ins) at [0xb59d6410:0xb59d6674] in 0 ns
I/Choreographer(  333): Skipped 52 frames!  The application may be doing too much work on its main thread.
I/ActivityManager(  333): Displayed com.android.launcher/com.android.launcher2.Launcher: +10s682ms (total +14s167ms)
D/dalvikvm(  598): GC_CONCURRENT freed 103K, 14% free 3375K/3908K, paused 3ms+368ms, total 749ms
D/dalvikvm(  447): GC_FOR_ALLOC freed 3119K, 7% free 3587K/3824K, paused 580ms, total 603ms
I/dalvikvm-heap(  447): Grow heap (frag case) to 6.497MB for 3072016-byte allocation
D/dalvikvm(  333): GC_CONCURRENT freed 779K, 58% free 5618K/13228K, paused 56ms+4ms, total 1149ms
D/dalvikvm(  333): WAIT_FOR_CONCURRENT_GC blocked 996ms
D/dalvikvm(  333): WAIT_FOR_CONCURRENT_GC blocked 814ms
D/dalvikvm(  447): GC_FOR_ALLOC freed 5K, 4% free 6582K/6828K, paused 303ms, total 303ms
D/dalvikvm(  447): GC_CONCURRENT freed <1K, 4% free 6582K/6828K, paused 178ms+3ms, total 885ms
D/dalvikvm(  333): GC_EXPLICIT freed 144K, 57% free 5722K/13228K, paused 121ms+5ms, total 893ms
W/WindowManager(  333): Window freeze timeout expired.
W/WindowManager(  333): Force clearing orientation change: Window{b32677b8 u0 com.android.systemui.ImageWallpaper}
I/SurfaceFlinger(   57): Boot is finished (80070 ms)
W/ProcessCpuTracker(  333): Skipping unknown process pid 799
D/MobileDataStateTracker(  333): hipri: isProvisioningNetwork: retVal=false
D/ConnectivityService(  333): [CheckMp] isMobileOk: isHipriProvisioning=false
D/ConnectivityService(  333): [CheckMp] isMobileOk: start hipri url=http://clients3.google.com/generate_204
E/NetdConnector(  333): NDC Command {14 bandwidth setiquota eth0 9223372036854775807} took too long (3719ms)
D/MobileDataStateTracker(  333): default: setPolicyDataEnable(enabled=true)
D/ConnectivityService(  333): startUsingNetworkFeature reconnecting to 0: enableHIPRI
D/ConnectivityService(  333): startUsingNetworkFeature X: return APN_REQUEST_STARTED
E/ConnectivityService(  333): startUsingNetworkFeature took too long: 303ms
D/ConnectivityService(  333): [CheckMp] isMobileOk: hipri started
D/ConnectivityService(  333): [CheckMp] isMobileOk: not connected ni=NetworkInfo: type: mobile_hipri[UMTS], state: DISCONNECTED/IDLE, reason: (unspecified), extra: (none), roaming: false, failover: false, isAvailable: true, isConnectedToProvisioningNetwork: false
D/MobileDataStateTracker(  333): hipri: Broadcast received: android.intent.action.ANY_DATA_STATE apnType=hipri
D/MobileDataStateTracker(  333): hipri: Received state=CONNECTING, old=DISCONNECTED, reason=dataEnabled
D/MobileDataStateTracker(  333): hipri: setDetailed state, old =IDLE and new state=CONNECTING
D/MobileDataStateTracker(  333): fota: Broadcast received: android.intent.action.ANY_DATA_STATE apnType=fota
D/MobileDataStateTracker(  333): fota: Received state=DISCONNECTED, old=DISCONNECTED, reason=dataEnabled
D/MobileDataStateTracker(  333): ia: Broadcast received: android.intent.action.ANY_DATA_STATE apnType=ia
D/MobileDataStateTracker(  333): ia: Received state=DISCONNECTED, old=DISCONNECTED, reason=dataEnabled
D/MobileDataStateTracker(  333): supl: Broadcast received: android.intent.action.ANY_DATA_STATE apnType=supl
D/MobileDataStateTracker(  333): supl: Received state=DISCONNECTED, old=DISCONNECTED, reason=dataEnabled
D/AndroidRuntime(  795): 
D/AndroidRuntime(  795): >>>>>> AndroidRuntime START com.android.internal.os.RuntimeInit <<<<<<
D/MobileDataStateTracker(  333): ims: Broadcast received: android.intent.action.ANY_DATA_STATE apnType=ims
D/MobileDataStateTracker(  333): ims: Received state=DISCONNECTED, old=DISCONNECTED, reason=dataEnabled
D/AndroidRuntime(  795): CheckJNI is ON
D/MobileDataStateTracker(  333): mms: Broadcast received: android.intent.action.ANY_DATA_STATE apnType=mms
D/MobileDataStateTracker(  333): mms: Received state=DISCONNECTED, old=DISCONNECTED, reason=dataEnabled
D/MobileDataStateTracker(  333): cbs: Broadcast received: android.intent.action.ANY_DATA_STATE apnType=cbs
D/MobileDataStateTracker(  333): cbs: Received state=DISCONNECTED, old=DISCONNECTED, reason=dataEnabled
D/MobileDataStateTracker(  333): hipri: Broadcast received: android.intent.action.ANY_DATA_STATE apnType=hipri
D/MobileDataStateTracker(  333): hipri: Received state=CONNECTED, old=CONNECTING, reason=dataEnabled
D/MobileDataStateTracker(  333): hipri: setDetailed state, old =CONNECTING and new state=CONNECTED
D/ConnectivityService(  333): ConnectivityChange for mobile_hipri: CONNECTED/CONNECTED
D/dalvikvm(  795): Trying to load lib libjavacore.so 0x0
D/dalvikvm(  795): Added shared lib libjavacore.so 0x0
D/dalvikvm(  795): Trying to load lib libnativehelper.so 0x0
D/dalvikvm(  795): Added shared lib libnativehelper.so 0x0
D/dalvikvm(  795): No JNI_OnLoad found in libnativehelper.so 0x0, skipping init
E/logwrapper(  801): executing /system/bin/ip failed: No such file or directory
E/ConnectivityService(  333): Exception trying to add a route: java.lang.IllegalStateException: command '21 interface fwmark exempt add 10.0.2.2/32' failed with '400 21 Failed to add exemption rule (File exists)'
E/logwrapper(  802): executing /system/bin/ip failed: No such file or directory
E/ConnectivityService(  333): Exception trying to add a route: java.lang.IllegalStateException: command '23 interface fwmark exempt add 10.0.2.3/32' failed with '400 23 Failed to add exemption rule (File exists)'
E/logwrapper(  809): executing /system/bin/ip failed: No such file or directory
E/ConnectivityService(  333): Exception trying to add a route: java.lang.IllegalStateException: command '25 interface fwmark exempt add 10.0.2.2/32' failed with '400 25 Failed to add exemption rule (File exists)'
E/logwrapper(  810): executing /system/bin/ip failed: No such file or directory
E/ConnectivityService(  333): Exception trying to add a route: java.lang.IllegalStateException: command '27 interface fwmark exempt add 10.0.2.4/32' failed with '400 27 Failed to add exemption rule (File exists)'
E/logwrapper(  811): executing /system/bin/ip failed: No such file or directory
E/SecondaryTablController(   54): ip route add failed: /system/bin/ip route add 10.0.2.2/32 via 0.0.0.0 dev eth0 table 60
W/FrameworkListener(   54): Handler 'interface' error (No such device)
D/dalvikvm(  795): Note: class Landroid/app/ActivityManagerNative; has 179 unimplemented (abstract) methods
E/ConnectivityService(  333): Exception trying to add a route: java.lang.IllegalStateException: command '28 interface route add eth0 secondary 10.0.2.2 32 0.0.0.0' failed with '400 28 ip route modification failed (No such device)'
E/logwrapper(  812): executing /system/bin/ip failed: No such file or directory
E/SecondaryTablController(   54): ip route add failed: /system/bin/ip route add 0.0.0.0/0 via 10.0.2.2 dev eth0 table 60
W/FrameworkListener(   54): Handler 'interface' error (No such device)
I/Choreographer(  688): Skipped 70 frames!  The application may be doing too much work on its main thread.
E/ConnectivityService(  333): Exception trying to add a route: java.lang.IllegalStateException: command '29 interface route add eth0 secondary 0.0.0.0 0 10.0.2.2' failed with '400 29 ip route modification failed (No such device)'
D/Nat464Xlat(  333): requiresClat: netType=5, hasIPv4Address=true
D/MobileDataStateTracker(  333): default: setPolicyDataEnable(enabled=true)
W/NetworkPolicy(  333): shared quota unsupported; generating rule for each iface
D/MobileDataStateTracker(  333): hipri: isProvisioningNetwork: retVal=false
D/ConnectivityService(  333): [CheckMp] isMobileOk: isProvisioningNetwork is false, continue
D/ConnectivityService(  333): [CheckMp] isMobileOk: addresses=clients3.google.com/216.58.204.46
E/memtrack(  795): Couldn't load memtrack module (No such file or directory)
E/android.os.Debug(  795): failed to load memtrack module: -2
I/Choreographer(  688): Skipped 259 frames!  The application may be doing too much work on its main thread.
D/AndroidRuntime(  795): Calling main entry com.android.commands.pm.Pm
E/NetdConnector(  333): NDC Command {31 bandwidth removeiquota eth0} took too long (1527ms)
I/Choreographer(  688): Skipped 113 frames!  The application may be doing too much work on its main thread.
I/ActivityManager(  333): Start proc com.android.defcontainer for service com.android.defcontainer/.DefaultContainerService: pid=830 uid=10003 gids={50003, 1028, 1015, 1023, 2001, 1035}
D/ConnectivityService(  333): [CheckMp] isMobileOk: linkHasIpv4=true linkHasIpv6=false
I/MediaProvider(  618): Upgrading media database from version 0 to 700, which will destroy all old data
D/Tethering(  333): MasterInitialState.processMessage what=3
D/CaptivePortalTracker(  333): NoActiveNetworkState{ when=-33ms what=1 obj=NetworkInfo: type: mobile_hipri[UMTS], state: CONNECTED/CONNECTED, reason: dataEnabled, extra: epc.tmobile.com, roaming: false, failover: false, isAvailable: true, isConnectedToProvisioningNetwork: false target=com.android.internal.util.StateMachine$SmHandler }
D/CaptivePortalTracker(  333): NoActiveNetworkState not a wifi connectivity change, ignore
E/NetdConnector(  333): NDC Command {32 bandwidth setiquota eth0 9223372036854775807} took too long (1584ms)
E/NetdConnector(  333): NDC Command {33 interface route add eth0 default 10.0.2.2 32 0.0.0.0} took too long (927ms)
E/logwrapper(  863): executing /system/bin/ip failed: No such file or directory
E/NetdConnector(  333): NDC Command {34 bandwidth removeiquota eth0} took too long (801ms)
E/NetdConnector(  333): NDC Command {35 interface fwmark exempt add 10.0.2.2/32} took too long (565ms)
E/ConnectivityService(  333): Exception trying to add a route: java.lang.IllegalStateException: command '35 interface fwmark exempt add 10.0.2.2/32' failed with '400 35 Failed to add exemption rule (File exists)'
W/ProcessCpuTracker(  333): Skipping unknown process pid 875
E/SQLiteLog(  618): (1) no such table: album_info
W/ActivityManager(  333): No content provider found for permission revoke: file:///data/local/tmp/sample_for_analysis.apk
E/NetdConnector(  333): NDC Command {36 bandwidth setiquota eth0 9223372036854775807} took too long (1583ms)
E/NetdConnector(  333): NDC Command {37 interface route add eth0 default 216.58.204.46 32 10.0.2.2} took too long (1566ms)
E/logwrapper(  882): executing /system/bin/ip failed: No such file or directory
D/MobileDataStateTracker(  333): default: setPolicyDataEnable(enabled=true)
E/ConnectivityService(  333): Exception trying to add a route: java.lang.IllegalStateException: command '38 interface fwmark exempt add 216.58.204.46/32' failed with '400 38 Failed to add exemption rule (File exists)'
D/ConnectivityService(  333): requestRouteToHostAddress ok=false
D/ConnectivityService(  333): [CheckMp] isMobileOk: could not establish route to hostAddr=clients3.google.com/216.58.204.46
D/dalvikvm(  688): GC_CONCURRENT freed 1939K, 24% free 6483K/8500K, paused 4ms+3ms, total 29ms
D/dalvikvm(  333): GC_CONCURRENT freed 822K, 58% free 5562K/13228K, paused 8ms+5ms, total 80ms
D/GpsLocationProvider(  333): NTP server returned: 1530040287249 (Tue Jun 26 15:11:27 EDT 2018) reference: 79793 certainty: 10 system time offset: -16336
W/ActivityManager(  333): No content provider found for permission revoke: file:///data/local/tmp/sample_for_analysis.apk
I/PackageManager(  333): Copying native libraries to /data/app-lib/vmdl1713917410
I/ContactLocale(  550): AddressBook Labels [en_US]: [, A, B, C, D, E, F, G, H, I, J, K, L, M, N, O, P, Q, R, S, T, U, V, W, X, Y, Z, , , , , , , , , , , , , , , , , , , , , , , , , , , , , , , , , , , , , , , , , , , , , , , , , , , , , , , , , , , , , , , , , , , , , , , , , , , , , , , , , , , , , , , , , , , , , , , , , , , , , , , , , , , , , , , , , , , , , , , , , , , , , , , , , , , , , , , , , , , , , , , , , , , , , , , , , , , , , , , , , , , , , , , , , , , , , , , , , , , , , , #, ]
D/dalvikvm(  333): GC_CONCURRENT freed 342K, 56% free 5896K/13228K, paused 15ms+5ms, total 74ms
D/dalvikvm(  333): WAIT_FOR_CONCURRENT_GC blocked 104ms
D/dalvikvm(  618): GC_CONCURRENT freed 227K, 10% free 2882K/3176K, paused 3ms+1ms, total 33ms
I/ActivityManager(  333): Start proc com.android.externalstorage for broadcast com.android.externalstorage/.MountReceiver: pid=887 uid=10006 gids={50006, 1028, 1015, 1023}
I/DownloadManager(  618): Upgrading downloads database from version 0 to version 109, which will destroy all old data
D/dalvikvm(  333): GC_CONCURRENT freed 446K, 54% free 6140K/13228K, paused 7ms+6ms, total 71ms
D/dalvikvm(  333): GC_CONCURRENT freed 706K, 53% free 6226K/13228K, paused 8ms+4ms, total 70ms
D/dalvikvm(  333): GC_CONCURRENT freed 804K, 53% free 6228K/13228K, paused 7ms+7ms, total 74ms
E/logwrapper(  899): executing /system/bin/ip failed: No such file or directory
E/ConnectivityService(  333): Exception trying to add a route: java.lang.IllegalStateException: command '41 interface fwmark exempt add 10.0.2.2/32' failed with '400 41 Failed to add exemption rule (File exists)'
E/logwrapper(  900): executing /system/bin/ip failed: No such file or directory
E/ConnectivityService(  333): Exception trying to add a route: java.lang.IllegalStateException: command '43 interface fwmark exempt add 216.58.204.46/32' failed with '400 43 Failed to add exemption rule (File exists)'
D/ConnectivityService(  333): requestRouteToHostAddress ok=false
D/ConnectivityService(  333): [CheckMp] isMobileOk: could not establish route to hostAddr=clients3.google.com/216.58.204.46
D/dalvikvm(  333): GC_CONCURRENT freed 802K, 53% free 6263K/13228K, paused 7ms+7ms, total 82ms
D/dalvikvm(  333): GC_CONCURRENT freed 836K, 53% free 6246K/13228K, paused 7ms+6ms, total 71ms
D/dalvikvm(  333): GC_CONCURRENT freed 840K, 53% free 6291K/13228K, paused 7ms+7ms, total 111ms
D/dalvikvm(  333): GC_CONCURRENT freed 853K, 53% free 6259K/13228K, paused 7ms+5ms, total 72ms
I/PackageManager(  333): Running dexopt on: com.jrzheng.supervpnfree
E/logwrapper(  902): executing /system/bin/ip failed: No such file or directory
E/ConnectivityService(  333): Exception trying to add a route: java.lang.IllegalStateException: command '45 interface fwmark exempt add 10.0.2.2/32' failed with '400 45 Failed to add exemption rule (File exists)'
E/logwrapper(  903): executing /system/bin/ip failed: No such file or directory
E/ConnectivityService(  333): Exception trying to add a route: java.lang.IllegalStateException: command '47 interface fwmark exempt add 216.58.204.46/32' failed with '400 47 Failed to add exemption rule (File exists)'
D/ConnectivityService(  333): requestRouteToHostAddress ok=false
D/ConnectivityService(  333): [CheckMp] isMobileOk: could not establish route to hostAddr=clients3.google.com/216.58.204.46
E/logwrapper(  904): executing /system/bin/ip failed: No such file or directory
E/ConnectivityService(  333): Exception trying to add a route: java.lang.IllegalStateException: command '49 interface fwmark exempt add 10.0.2.2/32' failed with '400 49 Failed to add exemption rule (File exists)'
E/logwrapper(  905): executing /system/bin/ip failed: No such file or directory
E/ConnectivityService(  333): Exception trying to add a route: java.lang.IllegalStateException: command '51 interface fwmark exempt add 216.58.204.46/32' failed with '400 51 Failed to add exemption rule (File exists)'
D/ConnectivityService(  333): requestRouteToHostAddress ok=false
D/ConnectivityService(  333): [CheckMp] isMobileOk: could not establish route to hostAddr=clients3.google.com/216.58.204.46
D/dalvikvm(  901): DexOpt: load 951ms, verify+opt 3588ms, 4641140 bytes
W/PackageManager(  333): Not granting permission android.permission.READ_LOGS to package com.jrzheng.supervpnfree (protectionLevel=50 flags=0x8be44)
W/PackageManager(  333): Unknown permission com.google.android.providers.gsf.permission.READ_GSERVICES in package com.jrzheng.supervpnfree
D/dalvikvm(  333): GC_CONCURRENT freed 782K, 53% free 6319K/13228K, paused 7ms+11ms, total 87ms
I/ActivityManager(  333): Start proc com.android.exchange for content provider com.android.exchange/.provider.ExchangeDirectoryProvider: pid=906 uid=10025 gids={50025, 3003, 1028, 1015}
I/ActivityManager(  333): Force stopping com.jrzheng.supervpnfree appid=10052 user=-1: update pkg
D/BackupManagerService(  333): Received broadcast Intent { act=android.intent.action.PACKAGE_ADDED dat=package:com.jrzheng.supervpnfree flg=0x4000010 (has extras) }
V/BackupManagerService(  333): addPackageParticipantsLocked: #1
I/InputReader(  333): Reconfiguring input devices.  changes=0x00000010
I/PackageManager(  333): Adding preferred activity ComponentInfo{com.android.mms/com.android.mms.ui.ComposeMessageActivity} for user 0 :
I/PackageManager(  333):   Action: "android.intent.action.SENDTO"
I/PackageManager(  333):   Category: "android.intent.category.DEFAULT"
I/PackageManager(  333):   Scheme: "sms"
I/PackageManager(  333):   Action: "android.intent.action.SENDTO"
I/PackageManager(  333):   Category: "android.intent.category.DEFAULT"
I/PackageManager(  333):   Scheme: "smsto"
I/PackageManager(  333): Adding preferred activity ComponentInfo{com.android.mms/com.android.mms.ui.ComposeMessageActivity} for user 0 :
I/PackageManager(  333):   Action: "android.intent.action.SENDTO"
I/PackageManager(  333):   Category: "android.intent.category.DEFAULT"
I/PackageManager(  333):   Scheme: "mms"
I/PackageManager(  333): Adding preferred activity ComponentInfo{com.android.mms/com.android.mms.ui.ComposeMessageActivity} for user 0 :
I/PackageManager(  333):   Action: "android.intent.action.SENDTO"
I/PackageManager(  333):   Category: "android.intent.category.DEFAULT"
I/PackageManager(  333):   Scheme: "mmsto"
I/PackageManager(  333): Adding preferred activity ComponentInfo{com.android.mms/com.android.mms.ui.ComposeMessageActivity} for user 0 :
D/dalvikvm(  598): GC_CONCURRENT freed 490K, 15% free 3357K/3916K, paused 3ms+2ms, total 101ms
I/PackageManager(  333): Adding preferred activity ComponentInfo{com.android.mms/com.android.mms.ui.ComposeMessageActivity} for user 0 :
I/PackageManager(  333):   Action: "android.intent.action.SENDTO"
I/PackageManager(  333):   Category: "android.intent.category.DEFAULT"
I/PackageManager(  333):   Scheme: "sms"
I/PackageManager(  333):   Action: "android.intent.action.SENDTO"
I/PackageManager(  333):   Category: "android.intent.category.DEFAULT"
I/PackageManager(  333):   Scheme: "smsto"
I/PackageManager(  333): Adding preferred activity ComponentInfo{com.android.mms/com.android.mms.ui.ComposeMessageActivity} for user 0 :
I/PackageManager(  333):   Action: "android.intent.action.SENDTO"
I/PackageManager(  333):   Category: "android.intent.category.DEFAULT"
I/PackageManager(  333): Adding preferred activity ComponentInfo{com.android.mms/com.android.mms.ui.ComposeMessageActivity} for user 0 :
I/PackageManager(  333):   Scheme: "mms"
D/dalvikvm(  333): GC_CONCURRENT freed 1510K, 57% free 5712K/13228K, paused 7ms+5ms, total 120ms
D/dalvikvm(  333): WAIT_FOR_CONCURRENT_GC blocked 49ms
I/PackageManager(  333):   Action: "android.intent.action.SENDTO"
I/PackageManager(  333):   Category: "android.intent.category.DEFAULT"
I/PackageManager(  333):   Scheme: "mmsto"
I/PackageManager(  333): Adding preferred activity ComponentInfo{com.android.mms/com.android.mms.ui.ComposeMessageActivity} for user 0 :
D/ExternalStorage(  887): Missing UUID for /storage/sdcard; skipping
D/ExternalStorage(  887): After updating volumes, found 0 active roots
D/ExternalStorage(  887): Missing UUID for /storage/sdcard; skipping
D/ExternalStorage(  887): After updating volumes, found 0 active roots
