D/dalvikvm(  372): GC_CONCURRENT freed 342K, 64% free 4853K/13124K, paused 13ms+4ms, total 102ms
D/dalvikvm(  372): WAIT_FOR_CONCURRENT_GC blocked 12ms
I/PackageManager(  372): /system/app/LegacyCamera.apk changed; collecting certs
D/dalvikvm(  372): GC_CONCURRENT freed 415K, 63% free 4976K/13124K, paused 6ms+10ms, total 70ms
D/dalvikvm(  372): WAIT_FOR_CONCURRENT_GC blocked 25ms
D/dalvikvm(  372): GC_FOR_ALLOC freed 335K, 62% free 5106K/13124K, paused 37ms, total 38ms
D/dalvikvm(  372): GC_CONCURRENT freed 1252K, 66% free 4471K/13124K, paused 13ms+6ms, total 99ms
D/dalvikvm(  372): GC_CONCURRENT freed 479K, 66% free 4503K/13124K, paused 5ms+3ms, total 63ms
D/dalvikvm(  372): WAIT_FOR_CONCURRENT_GC blocked 26ms
D/dalvikvm(  372): GC_CONCURRENT freed 181K, 64% free 4787K/13124K, paused 5ms+3ms, total 112ms
I/PackageManager(  372): /system/app/LiveWallpapersPicker.apk changed; collecting certs
I/PackageManager(  372): /system/app/Music.apk changed; collecting certs
D/dalvikvm(  372): GC_CONCURRENT freed 450K, 64% free 4853K/13124K, paused 5ms+9ms, total 48ms
D/dalvikvm(  372): WAIT_FOR_CONCURRENT_GC blocked 34ms
I/PackageManager(  372): /system/app/NetSpeed.apk changed; collecting certs
D/dalvikvm(  372): GC_CONCURRENT freed 1166K, 68% free 4223K/13124K, paused 13ms+4ms, total 101ms
I/PackageManager(  372): /system/app/OpenWnn.apk changed; collecting certs
D/dalvikvm(  372): GC_CONCURRENT freed 294K, 67% free 4401K/13124K, paused 8ms+4ms, total 43ms
D/dalvikvm(  372): WAIT_FOR_CONCURRENT_GC blocked 35ms
D/dalvikvm(  372): GC_CONCURRENT freed 669K, 68% free 4215K/13124K, paused 5ms+6ms, total 81ms
D/dalvikvm(  372): GC_CONCURRENT freed 200K, 66% free 4535K/13124K, paused 14ms+5ms, total 96ms
D/dalvikvm(  372): WAIT_FOR_CONCURRENT_GC blocked 6ms
I/PackageManager(  372): /system/app/PacProcessor.apk changed; collecting certs
I/PackageManager(  372): /system/app/PackageInstaller.apk changed; collecting certs
D/dalvikvm(  372): GC_CONCURRENT freed 439K, 65% free 4608K/13124K, paused 5ms+10ms, total 86ms
D/dalvikvm(  372): WAIT_FOR_CONCURRENT_GC blocked 7ms
I/PackageManager(  372): /system/app/PicoTts.apk changed; collecting certs
I/PackageManager(  372): /system/app/PinyinIME.apk changed; collecting certs
D/dalvikvm(  372): GC_CONCURRENT freed 979K, 69% free 4140K/13124K, paused 12ms+4ms, total 80ms
D/dalvikvm(  372): WAIT_FOR_CONCURRENT_GC blocked 18ms
I/PackageManager(  372): /system/app/PrintSpooler.apk changed; collecting certs
I/PackageManager(  372): /system/app/Protips.apk changed; collecting certs
D/dalvikvm(  372): GC_CONCURRENT freed 472K, 69% free 4179K/13124K, paused 5ms+5ms, total 68ms
D/dalvikvm(  372): WAIT_FOR_CONCURRENT_GC blocked 23ms
I/PackageManager(  372): /system/app/QuickSearchBox.apk changed; collecting certs
D/dalvikvm(  372): GC_CONCURRENT freed 480K, 68% free 4219K/13124K, paused 14ms+6ms, total 86ms
D/dalvikvm(  372): WAIT_FOR_CONCURRENT_GC blocked 8ms
I/PackageManager(  372): /system/app/SdkSetup.apk changed; collecting certs
D/dalvikvm(  372): GC_CONCURRENT freed 439K, 68% free 4254K/13124K, paused 5ms+11ms, total 76ms
I/PackageManager(  372): /system/app/SoundRecorder.apk changed; collecting certs
I/PackageManager(  372): /system/app/SpeechRecorder.apk changed; collecting certs
I/PackageManager(  372): /system/app/TelephonyProvider.apk changed; collecting certs
I/PackageManager(  372): /system/app/UserDictionaryProvider.apk changed; collecting certs
D/dalvikvm(  372): GC_CONCURRENT freed 637K, 69% free 4128K/13124K, paused 6ms+15ms, total 128ms
D/dalvikvm(  372): WAIT_FOR_CONCURRENT_GC blocked 35ms
D/PackageManager(  372): No files in app dir /vendor/app
W/PackageParser(  372): No actions in intent filter at /data/app/ApiDemos.apk Binary XML file line #2899
W/PackageParser(  372): No actions in intent filter at /data/app/ApiDemos.apk Binary XML file line #2905
I/PackageManager(  372): /data/app/ApiDemos.apk changed; collecting certs
D/dalvikvm(  372): GC_CONCURRENT freed 291K, 67% free 4373K/13124K, paused 15ms+4ms, total 101ms
D/dalvikvm(  372): GC_CONCURRENT freed 301K, 66% free 4579K/13124K, paused 9ms+3ms, total 44ms
D/dalvikvm(  372): WAIT_FOR_CONCURRENT_GC blocked 35ms
D/dalvikvm(  372): GC_CONCURRENT freed 364K, 64% free 4727K/13124K, paused 5ms+4ms, total 93ms
D/dalvikvm(  372): WAIT_FOR_CONCURRENT_GC blocked 16ms
D/dalvikvm(  372): GC_CONCURRENT freed 270K, 63% free 4958K/13124K, paused 5ms+5ms, total 103ms
D/dalvikvm(  372): GC_CONCURRENT freed 690K, 64% free 4826K/13124K, paused 6ms+4ms, total 69ms
D/dalvikvm(  372): WAIT_FOR_CONCURRENT_GC blocked 27ms
D/dalvikvm(  372): GC_CONCURRENT freed 515K, 64% free 4833K/13124K, paused 6ms+3ms, total 79ms
D/dalvikvm(  372): WAIT_FOR_CONCURRENT_GC blocked 14ms
D/dalvikvm(  372): GC_CONCURRENT freed 524K, 64% free 4837K/13124K, paused 5ms+4ms, total 69ms
D/dalvikvm(  372): WAIT_FOR_CONCURRENT_GC blocked 24ms
D/dalvikvm(  372): GC_CONCURRENT freed 526K, 64% free 4844K/13124K, paused 10ms+3ms, total 68ms
D/dalvikvm(  372): WAIT_FOR_CONCURRENT_GC blocked 33ms
D/dalvikvm(  372): GC_CONCURRENT freed 528K, 64% free 4847K/13124K, paused 5ms+3ms, total 68ms
D/dalvikvm(  372): WAIT_FOR_CONCURRENT_GC blocked 25ms
D/dalvikvm(  372): GC_CONCURRENT freed 529K, 64% free 4850K/13124K, paused 10ms+4ms, total 71ms
D/dalvikvm(  372): WAIT_FOR_CONCURRENT_GC blocked 32ms
D/dalvikvm(  372): GC_CONCURRENT freed 528K, 64% free 4853K/13124K, paused 13ms+3ms, total 68ms
D/dalvikvm(  372): WAIT_FOR_CONCURRENT_GC blocked 31ms
D/dalvikvm(  372): GC_CONCURRENT freed 531K, 63% free 4857K/13124K, paused 13ms+14ms, total 123ms
D/dalvikvm(  372): WAIT_FOR_CONCURRENT_GC blocked 72ms
D/dalvikvm(  372): GC_CONCURRENT freed 529K, 63% free 4860K/13124K, paused 6ms+4ms, total 81ms
D/dalvikvm(  372): WAIT_FOR_CONCURRENT_GC blocked 34ms
W/PackageManager(  372): Package com.example.android.apis desires unavailable shared library com.example.will.never.exist; ignoring!
D/dalvikvm(  372): GC_CONCURRENT freed 545K, 63% free 4856K/13124K, paused 5ms+3ms, total 82ms
D/dalvikvm(  372): WAIT_FOR_CONCURRENT_GC blocked 19ms
I/PackageManager(  372): /data/app/CubeLiveWallpapers.apk changed; collecting certs
I/PackageManager(  372): /data/app/GestureBuilder.apk changed; collecting certs
D/dalvikvm(  372): GC_CONCURRENT freed 407K, 62% free 4988K/13124K, paused 5ms+8ms, total 75ms
D/dalvikvm(  372): WAIT_FOR_CONCURRENT_GC blocked 29ms
I/PackageManager(  372): /data/app/SmokeTest.apk changed; collecting certs
I/PackageManager(  372): /data/app/SmokeTestApp.apk changed; collecting certs
I/PackageManager(  372): /data/app/SoftKeyboard.apk changed; collecting certs
D/dalvikvm(  372): GC_CONCURRENT freed 1137K, 67% free 4423K/13124K, paused 6ms+4ms, total 87ms
D/dalvikvm(  372): WAIT_FOR_CONCURRENT_GC blocked 20ms
I/PackageManager(  372): /data/app/WidgetPreview.apk changed; collecting certs
D/dalvikvm(  372): GC_CONCURRENT freed 554K, 67% free 4377K/13124K, paused 5ms+4ms, total 82ms
D/dalvikvm(  372): WAIT_FOR_CONCURRENT_GC blocked 18ms
W/PackageManager(  372): Package com.example.android.apis desires unavailable shared library com.example.will.never.exist; ignoring!
W/PackageManager(  372): Package com.android.camera desires unavailable shared library com.google.android.media.effects; ignoring!
I/PackageManager(  372): Time to scan packages: 23.748 seconds
W/PackageManager(  372): Not granting permission android.permission.GLOBAL_SEARCH to package com.android.quicksearchbox (protectionLevel=18 flags=0x8be45)
W/PackageManager(  372): Unknown permission com.android.smspush.WAPPUSH_MANAGER_BIND in package com.android.phone
W/PackageManager(  372): Unknown permission com.google.android.googleapps.permission.GOOGLE_AUTH in package com.android.providers.calendar
W/PackageManager(  372): Unknown permission com.google.android.googleapps.permission.GOOGLE_AUTH.cl in package com.android.providers.calendar
W/PackageManager(  372): Unknown permission com.google.android.googleapps.permission.GOOGLE_AUTH.mail in package com.android.calendar
W/PackageManager(  372): Not granting permission android.permission.ACCESS_DOWNLOAD_MANAGER to package com.android.browser (protectionLevel=18 flags=0x9be45)
W/PackageManager(  372): Not granting permission android.permission.SEND_DOWNLOAD_COMPLETED_INTENTS to package com.android.browser (protectionLevel=2 flags=0x9be45)
W/PackageManager(  372): Not granting permission android.permission.BIND_APPWIDGET to package com.android.widgetpreview (protectionLevel=18 flags=0x8be44)
W/PackageManager(  372): Unknown permission android.permission.INSTALL_DRM in package com.android.mms
W/PackageManager(  372): Unknown permission com.google.android.googleapps.permission.GOOGLE_AUTH in package com.android.settings
W/PackageManager(  372): Unknown permission com.google.android.googleapps.permission.ACCESS_GOOGLE_PASSWORD in package com.android.development
W/PackageManager(  372): Unknown permission com.google.android.googleapps.permission.GOOGLE_AUTH in package com.android.development
W/PackageManager(  372): Unknown permission com.google.android.googleapps.permission.GOOGLE_AUTH.ALL_SERVICES in package com.android.development
W/PackageManager(  372): Unknown permission com.google.android.googleapps.permission.GOOGLE_AUTH.YouTubeUser in package com.android.development
W/PackageManager(  372): Not granting permission android.permission.DELETE_PACKAGES to package com.svox.pico (protectionLevel=18 flags=0x8be45)
W/PackageManager(  372): Not granting permission android.permission.DEVICE_POWER to package com.android.deskclock (protectionLevel=2 flags=0x48be45)
D/dalvikvm(  372): GC_CONCURRENT freed 420K, 67% free 4408K/13124K, paused 14ms+3ms, total 61ms
D/dalvikvm(  372): WAIT_FOR_CONCURRENT_GC blocked 26ms
D/dalvikvm(  372): GC_EXPLICIT freed 130K, 68% free 4278K/13124K, paused 5ms+3ms, total 51ms
I/SystemServer(  372): Entropy Mixer
W/EntropyMixer(  372): No existing entropy file -- first boot?
I/EntropyMixer(  372): Writing entropy...
I/SystemServer(  372): User Service
I/SystemServer(  372): Account Manager
I/SystemServer(  372): Content Manager
I/SystemServer(  372): System Content Providers
I/SyncManager(  372): No initial accounts
I/SyncManager(  372): No initial status
W/SyncManagerFile(  372): Error reading pending data.
W/SyncManagerFile(  372): java.io.FileNotFoundException: /data/system/sync/pending.xml: open failed: ENOENT (No such file or directory)
W/SyncManagerFile(  372): 	at libcore.io.IoBridge.open(IoBridge.java:409)
W/SyncManagerFile(  372): 	at java.io.FileInputStream.<init>(FileInputStream.java:78)
W/SyncManagerFile(  372): 	at android.util.AtomicFile.openRead(AtomicFile.java:199)
W/SyncManagerFile(  372): 	at com.android.server.content.SyncStorageEngine.readPendingOperationsLocked(SyncStorageEngine.java:2286)
W/SyncManagerFile(  372): 	at com.android.server.content.SyncStorageEngine.<init>(SyncStorageEngine.java:434)
W/SyncManagerFile(  372): 	at com.android.server.content.SyncStorageEngine.init(SyncStorageEngine.java:454)
W/SyncManagerFile(  372): 	at com.android.server.content.SyncManager.<init>(SyncManager.java:383)
W/SyncManagerFile(  372): 	at com.android.server.content.ContentService.getSyncManager(ContentService.java:75)
W/SyncManagerFile(  372): 	at com.android.server.content.ContentService.notifyChange(ContentService.java:283)
W/SyncManagerFile(  372): 	at android.content.ContentResolver.notifyChange(ContentResolver.java:1621)
W/SyncManagerFile(  372): 	at com.android.providers.settings.SettingsProvider.sendNotify(SettingsProvider.java:262)
W/SyncManagerFile(  372): 	at com.android.providers.settings.SettingsProvider.insertForUser(SettingsProvider.java:941)
W/SyncManagerFile(  372): 	at com.android.providers.settings.SettingsProvider.ensureAndroidIdIsSet(SettingsProvider.java:496)
W/SyncManagerFile(  372): 	at com.android.providers.settings.SettingsProvider.establishDbTracking(SettingsProvider.java:409)
W/SyncManagerFile(  372): 	at com.android.providers.settings.SettingsProvider.onCreate(SettingsProvider.java:335)
W/SyncManagerFile(  372): 	at android.content.ContentProvider.attachInfo(ContentProvider.java:1591)
W/SyncManagerFile(  372): 	at android.content.ContentProvider.attachInfo(ContentProvider.java:1562)
W/SyncManagerFile(  372): 	at android.app.ActivityThread.installProvider(ActivityThread.java:4774)
W/SyncManagerFile(  372): 	at android.app.ActivityThread.installContentProviders(ActivityThread.java:4369)
W/SyncManagerFile(  372): 	at android.app.ActivityThread.installSystemProviders(ActivityThread.java:4929)
W/SyncManagerFile(  372): 	at com.android.server.am.ActivityManagerService.installSystemProviders(ActivityManagerService.java:8081)
W/SyncManagerFile(  372): 	at com.android.server.ServerThread.initAndLoop(SystemServer.java:275)
W/SyncManagerFile(  372): 	at com.android.server.SystemServer.main(SystemServer.java:1179)
W/SyncManagerFile(  372): 	at java.lang.reflect.Method.invokeNative(Native Method)
W/SyncManagerFile(  372): 	at java.lang.reflect.Method.invoke(Method.java:515)
W/SyncManagerFile(  372): 	at com.android.internal.os.ZygoteInit$MethodAndArgsCaller.run(ZygoteInit.java:785)
W/SyncManagerFile(  372): 	at com.android.internal.os.ZygoteInit.main(ZygoteInit.java:601)
W/SyncManagerFile(  372): 	at dalvik.system.NativeStart.main(Native Method)
W/SyncManagerFile(  372): Caused by: libcore.io.ErrnoException: open failed: ENOENT (No such file or directory)
W/SyncManagerFile(  372): 	at libcore.io.Posix.open(Native Method)
W/SyncManagerFile(  372): 	at libcore.io.BlockGuardOs.open(BlockGuardOs.java:110)
W/SyncManagerFile(  372): 	at libcore.io.IoBridge.open(IoBridge.java:393)
W/SyncManagerFile(  372): 	... 27 more
I/SyncManager(  372): No initial statistics
D/SettingsProvider(  372): Generated and saved new ANDROID_ID [25827283322eb327] for user 0
I/SystemServer(  372): Lights Service
I/SystemServer(  372): Battery Service
E/ConsumerIrService(  372): Can't open consumer IR HW Module, error: -2
W/libsuspend(  372): Error writing 'on' to /sys/power/state: Invalid argument
I/SystemServer(  372): Vibrator Service
I/SystemServer(  372): Consumer IR Service
E/libsuspend(  372): Error opening /sys/power/autosleep: No such file or directory
I/libsuspend(  372): Selected wakeup count
D/PermissionCache(   57): checking android.permission.ACCESS_SURFACE_FLINGER for uid=1000 => granted (2684 us)
D/SurfaceFlinger(   57): Screen acquired, type=0 flinger=0xb701f450
D/SurfaceFlinger(   57):  screen was previously acquired
I/SystemServer(  372): Alarm Manager
I/SystemServer(  372): Init Watchdog
I/SystemServer(  372): Input Manager
I/InputManager(  372): Initializing input manager, mUseDevInputEventForAudioJack=false
I/SystemServer(  372): Window Manager
I/WindowManager(  372): No existing display settings /data/system/display_settings.xml; starting empty
D/dalvikvm(  372): GC_CONCURRENT freed 257K, 66% free 4464K/13124K, paused 28ms+6ms, total 138ms
I/WindowManager(  372): No keyguard interface!
I/InputManager(  372): Starting input manager
I/SystemServer(  372): No Bluetooh Service (emulator)
I/SystemServer(  372): Input Method Service
E/EventHub(  372): could not get driver version for /dev/input/mouse0, Not a typewriter
W/EventHub(  372): Unable to disable kernel key repeat for /dev/input/event0: Function not implemented
I/EventHub(  372): New device: id=1, fd=93, path='/dev/input/event0', name='qwerty2', classes=0x2d, configuration='/system/usr/idc/qwerty2.idc', keyLayout='/system/usr/keylayout/qwerty.kl', keyCharacterMap='/system/usr/keychars/qwerty2.kcm', builtinKeyboard=true, usingSuspendBlockIoctl=true, usingClockIoctl=true
E/EventHub(  372): could not get driver version for /dev/input/mice, Not a typewriter
I/InputReader(  372): Device added: id=-1, name='Virtual', sources=0x00000301
I/InputReader(  372):   Touch device 'qwerty2' could not query the properties of its associated display.  The device will be inoperable until the display size becomes available.
I/InputReader(  372): Device added: id=0, name='qwerty2', sources=0x00011307
W/InputMethodManagerService(  372): No IME selected. Choose the most applicable IME.
I/InputMethodManagerService(  372): No default found, using com.android.inputmethod.latin/.LatinIME
I/SystemServer(  372): Accessibility Manager
I/InputReader(  372): Reconfiguring input devices.  changes=0x00000004
I/InputReader(  372): Device reconfigured: id=0, name='qwerty2', size 480x864, orientation 0, mode 1, display id 0
I/ActivityManager(  372): Config changes=1df8 {1.0 ?mcc?mnc en_US ldltr sw480dp w480dp h864dp 160dpi lrg long port ?uimode ?night -touch -keyb/h/h tball/v s.2}
I/ActivityManager(  372): Config changes=408 {1.0 ?mcc?mnc en_US ldltr sw480dp w480dp h839dp 160dpi lrg long port ?uimode ?night finger -keyb/h/h tball/v s.3}
I/SystemServer(  372): Mount Service
D/MountService(  372): got storage path: /storage/sdcard description: USB storage primary: true removable: false emulated: false mtpReserve: 0 allowMassStorage: false maxFileSize: 0
D/MountService(  372): addVolumeLocked() StorageVolume:
D/MountService(  372):     mStorageId=0 mPath=/storage/sdcard mDescriptionId=17040665 mPrimary=true 
D/MountService(  372):     mRemovable=false mEmulated=false mMtpReserveSpace=0 
D/MountService(  372):     mAllowMassStorage=false mMaxFileSize=0 mOwner=null mUuid=null 
D/MountService(  372):     mUserLabel=null mState=null 
I/SystemServer(  372): LockSettingsService
I/SystemServer(  372): Device Policy
I/SystemServer(  372): Status Bar
I/SystemServer(  372): Clipboard Service
I/SystemServer(  372): NetworkManagement Service
I/SystemServer(  372): Text Service Manager Service
W/MountService(  372): Duplicate state transition (unmounted -> unmounted) for /storage/sdcard
W/MountService(  372): getSecureContainerList() called when storage not mounted
I/SystemServer(  372): NetworkStats Service
I/PackageManager(  372): No secure containers on sdcard
I/SystemServer(  372): NetworkPolicy Service
I/SystemServer(  372): Wi-Fi P2pService
W/PackageManager(  372): Not granting permission android.permission.GLOBAL_SEARCH to package com.android.quicksearchbox (protectionLevel=18 flags=0x8be45)
W/PackageManager(  372): Unknown permission com.android.smspush.WAPPUSH_MANAGER_BIND in package com.android.phone
W/PackageManager(  372): Unknown permission com.google.android.googleapps.permission.GOOGLE_AUTH in package com.android.providers.calendar
W/PackageManager(  372): Unknown permission com.google.android.googleapps.permission.GOOGLE_AUTH.cl in package com.android.providers.calendar
W/PackageManager(  372): Unknown permission com.google.android.googleapps.permission.GOOGLE_AUTH.mail in package com.android.calendar
W/PackageManager(  372): Not granting permission android.permission.ACCESS_DOWNLOAD_MANAGER to package com.android.browser (protectionLevel=18 flags=0x9be45)
W/PackageManager(  372): Not granting permission android.permission.SEND_DOWNLOAD_COMPLETED_INTENTS to package com.android.browser (protectionLevel=2 flags=0x9be45)
W/PackageManager(  372): Not granting permission android.permission.BIND_APPWIDGET to package com.android.widgetpreview (protectionLevel=18 flags=0x8be44)
W/PackageManager(  372): Unknown permission android.permission.INSTALL_DRM in package com.android.mms
W/PackageManager(  372): Unknown permission com.google.android.googleapps.permission.GOOGLE_AUTH in package com.android.settings
D/dalvikvm(  372): GC_CONCURRENT freed 256K, 65% free 4611K/13124K, paused 14ms+6ms, total 74ms
W/PackageManager(  372): Unknown permission com.google.android.googleapps.permission.ACCESS_GOOGLE_PASSWORD in package com.android.development
W/PackageManager(  372): Unknown permission com.google.android.googleapps.permission.GOOGLE_AUTH in package com.android.development
W/PackageManager(  372): Unknown permission com.google.android.googleapps.permission.GOOGLE_AUTH.ALL_SERVICES in package com.android.development
W/PackageManager(  372): Unknown permission com.google.android.googleapps.permission.GOOGLE_AUTH.YouTubeUser in package com.android.development
W/PackageManager(  372): Not granting permission android.permission.DELETE_PACKAGES to package com.svox.pico (protectionLevel=18 flags=0x8be45)
W/PackageManager(  372): Not granting permission android.permission.DEVICE_POWER to package com.android.deskclock (protectionLevel=2 flags=0x48be45)
I/SystemServer(  372): Wi-Fi Service
D/WifiController(  372): isAirplaneModeOn = false, isWifiEnabled = false, isScanningAvailable = false
I/SystemServer(  372): Connectivity Service
D/ConnectivityService(  372): ConnectivityService starting up
D/ConnectivityService(  372): wifiOnly=false
E/MobileDataStateTracker(  372): default: Ignoring feature request because could not acquire PhoneService
E/MobileDataStateTracker(  372): default: Could not enable APN type "default"
I/WifiService(  372): WifiService starting up with Wi-Fi disabled
I/SystemServer(  372): Network Service Discovery Service
D/NsdService(  372): Network service discovery enabled true
I/SystemServer(  372): UpdateLock Service
I/SystemServer(  372): Notification Manager
I/SystemServer(  372): Device Storage Monitor
I/SystemServer(  372): Location Manager
I/SystemServer(  372): Country Detector
I/SystemServer(  372): Search Service
I/SystemServer(  372): DropBox Service
I/SystemServer(  372): Wallpaper Service
D/dalvikvm(  372): GC_CONCURRENT freed 286K, 64% free 4780K/13124K, paused 15ms+4ms, total 121ms
W/WallpaperService(  372): no current wallpaper -- first boot?
I/SystemServer(  372): Audio Service
I/SystemServer(  372): Dock Observer
W/DockObserver(  372): This kernel does not have dock station support
I/SystemServer(  372): Wired Accessory Manager
W/WiredAccessoryManager(  372): This kernel does not have wired headset support
W/WiredAccessoryManager(  372): This kernel does not have usb audio support
W/WiredAccessoryManager(  372): This kernel does not have HDMI audio support
I/SystemServer(  372): USB Service
I/SystemServer(  372): Serial Service
I/SystemServer(  372): Twilight Service
I/SystemServer(  372): UI Mode Manager Service
I/SystemServer(  372): Backup Service
V/BackupManagerService(  372): Initializing package tracking
V/BackupManagerService(  372): No ancestral data
V/BackupManagerService(  372): addPackageParticipantsLocked: all
I/BackupManagerService(  372): Scheduling backup for new app com.android.calendar
D/BackupManagerService(  372): Now staging backup of com.android.calendar
I/BackupManagerService(  372): Scheduling backup for new app com.android.browser
D/BackupManagerService(  372): Now staging backup of com.android.browser
I/BackupManagerService(  372): Scheduling backup for new app com.android.providers.userdictionary
D/BackupManagerService(  372): Now staging backup of com.android.providers.userdictionary
I/BackupManagerService(  372): Scheduling backup for new app com.android.sharedstoragebackup
D/BackupManagerService(  372): Now staging backup of com.android.sharedstoragebackup
I/BackupManagerService(  372): Scheduling backup for new app android
D/BackupManagerService(  372): Now staging backup of android
I/BackupManagerService(  372): Scheduling backup for new app com.android.dialer
D/BackupManagerService(  372): Now staging backup of com.android.dialer
I/BackupManagerService(  372): Scheduling backup for new app com.android.providers.settings
D/BackupManagerService(  372): Now staging backup of com.android.providers.settings
V/BackupManagerService(  372): Starting with transport android/com.android.internal.backup.LocalTransport
V/BackupManagerService(  372): Found transports: 1
I/BackupManagerService(  372): Binding to transport host ComponentInfo{android/com.android.internal.backup.LocalTransportService}
I/BackupManagerService(  372): Backup enabled => true
I/SystemServer(  372): AppWidget Service
I/SystemServer(  372): Recognition Service
I/SystemServer(  372): DiskStats Service
I/SystemServer(  372): SamplingProfiler Service
I/SystemServer(  372): NetworkTimeUpdateService
I/SystemServer(  372): CommonTimeManagementService
I/SystemServer(  372): CertBlacklister
I/SystemServer(  372): Dreams Service
D/Atlas   (  372): Computing best atlas configuration...
D/Atlas   (  372): Running Thread-50
I/SystemServer(  372): Assets Atlas Service
I/WindowManager(  372): SAFE MODE not enabled
I/SystemServer(  372): IdleMaintenanceService
I/SystemServer(  372): Print Service
I/SystemServer(  372): Media Router Service
D/Atlas   (  372): Found best atlas configuration in 0.09s
D/Atlas   (  372): Loaded configuration: SliceMinArea (768x768) flags=0x2 count=24
D/dalvikvm(  372): GC_CONCURRENT freed 325K, 63% free 4953K/13124K, paused 5ms+9ms, total 133ms
D/gralloc_goldfish(  372): Emulator without GPU emulation detected.
E/SQLiteLog(  372): (1) no such table: locksettings
I/LockSettingsService(  372): Migrated lock settings to new location
I/LockSettingsService(  372): Migrated per-user lock settings to new location
W/AssetAtlasService(  372): Could not find EGL configuration
D/Atlas   (  372): Rendered atlas in 21.31ms (18.11+3.20ms)
I/Zygote  (  372): Process: zygote socket opened
V/KeyguardServiceDelegate(  372): *** Keyguard started
V/KeyguardServiceDelegate(  372): onSystemReady() called before keyguard service was ready
I/ActivityManager(  372): Start proc com.android.systemui for service com.android.keyguard/.KeyguardService: pid=449 uid=10007 gids={50007, 1028, 1015, 1035, 3002, 3001}
F/SystemServer(  372): BOOT FAILURE making Package Manager Service ready
F/SystemServer(  372): java.lang.SecurityException: Unable to find app for caller android.app.ActivityThread$ApplicationThread@b2d05200 (pid=372) when registering receiver android.app.LoadedApk$ReceiverDispatcher$InnerReceiver@b34fa918
F/SystemServer(  372): 	at com.android.server.am.ActivityManagerService.registerReceiver(ActivityManagerService.java:13021)
F/SystemServer(  372): 	at android.app.ContextImpl.registerReceiverInternal(ContextImpl.java:1450)
F/SystemServer(  372): 	at android.app.ContextImpl.registerReceiverAsUser(ContextImpl.java:1425)
F/SystemServer(  372): 	at com.android.internal.content.PackageMonitor.register(PackageMonitor.java:84)
F/SystemServer(  372): 	at com.android.server.pm.UserManagerService.systemReady(UserManagerService.java:237)
F/SystemServer(  372): 	at com.android.server.pm.PackageManagerService.systemReady(PackageManagerService.java:10476)
F/SystemServer(  372): 	at com.android.server.ServerThread.initAndLoop(SystemServer.java:893)
F/SystemServer(  372): 	at com.android.server.SystemServer.main(SystemServer.java:1179)
F/SystemServer(  372): 	at java.lang.reflect.Method.invokeNative(Native Method)
F/SystemServer(  372): 	at java.lang.reflect.Method.invoke(Method.java:515)
F/SystemServer(  372): 	at com.android.internal.os.ZygoteInit$MethodAndArgsCaller.run(ZygoteInit.java:785)
F/SystemServer(  372): 	at com.android.internal.os.ZygoteInit.main(ZygoteInit.java:601)
F/SystemServer(  372): 	at dalvik.system.NativeStart.main(Native Method)
W/SystemServer(  372): ***********************************************
I/ActivityManager(  372): Sending system update to ComponentInfo{com.android.providers.calendar/com.android.providers.calendar.CalendarUpgradeReceiver} for user 0
I/ActivityManager(  372): Sending system update to ComponentInfo{com.android.providers.contacts/com.android.providers.contacts.ContactsUpgradeReceiver} for user 0
I/ActivityManager(  372): Sending system update to ComponentInfo{com.android.providers.media/com.android.providers.media.MediaUpgradeReceiver} for user 0
I/SystemServer(  372): Enabled StrictMode for system server main thread.
I/ActivityManager(  372): Start proc com.android.providers.calendar for broadcast com.android.providers.calendar/.CalendarUpgradeReceiver: pid=463 uid=10001 gids={50001, 3003, 1028, 1015}
I/Choreographer(  372): Skipped 59 frames!  The application may be doing too much work on its main thread.
W/InputMethodManagerService(  372): Focus gain on non-focused client android.view.inputmethod.InputMethodManager$1@b2fc5da8 (uid=1000 pid=372)
V/BackupManagerService(  372): Connected to transport ComponentInfo{android/com.android.internal.backup.LocalTransportService}
V/BackupManagerService(  372): Registering transport android/com.android.internal.backup.LocalTransportService::android/com.android.internal.backup.LocalTransport = com.android.internal.backup.LocalTransport@b2fb0bf8
I/ActivityManager(  372): Launching preboot mode app: ProcessRecord{b2ec2748 463:com.android.providers.calendar/u0a1}
E/SoundPool(  449): error loading /system/media/audio/ui/Lock.ogg
W/KeyguardViewMediator(  449): failed to load lock sound from /system/media/audio/ui/Lock.ogg
E/SoundPool(  449): error loading /system/media/audio/ui/Unlock.ogg
W/KeyguardViewMediator(  449): failed to load unlock sound from /system/media/audio/ui/Unlock.ogg
V/KeyguardService(  449): onCreate()
V/KeyguardServiceDelegate(  372): *** Keyguard connected (yay!)
V/KeyguardServiceDelegate(  372): **** SHOWN CALLED ****
D/dalvikvm(  372): GC_CONCURRENT freed 298K, 62% free 5095K/13124K, paused 7ms+4ms, total 68ms
I/ActivityManager(  372): Start proc android.process.acore for broadcast com.android.providers.contacts/.ContactsUpgradeReceiver: pid=481 uid=10002 gids={50002, 3003, 1028, 1015}
I/ActivityManager(  372): Launching preboot mode app: ProcessRecord{b333ac40 481:android.process.acore/u0a2}
I/ContactsUpgradeReceiver(  481): Creating or opening contacts database
I/ContactsDatabaseHelper(  481): Bootstrapping database version: 803
D/dalvikvm(  481): GC_CONCURRENT freed 386K, 14% free 2795K/3244K, paused 16ms+1ms, total 73ms
D/dalvikvm(  481): GC_CONCURRENT freed 317K, 12% free 2878K/3252K, paused 3ms+3ms, total 39ms
I/ContactsProviderV1(  481): Bootstrapping database legacy support
I/ContactsDatabaseHelper(  481): Bootstrapping database version: 803
D/dalvikvm(  481): GC_CONCURRENT freed 347K, 13% free 2930K/3344K, paused 12ms+2ms, total 36ms
I/ContactsProviderV1(  481): Bootstrapping database legacy support
I/ContactsProvider(  481): Locale has changed from null to en_US
D/dalvikvm(  481): GC_CONCURRENT freed 327K, 12% free 3012K/3404K, paused 4ms+4ms, total 32ms
I/ContactsDatabaseHelper(  481): Switching to locale en_US (ICU v51.1.0.1)
I/ContactsDatabaseHelper(  481): Locale change completed in 435ms
I/ContactsDatabaseHelper(  481): Switching to locale en_US (ICU v51.1.0.1)
D/dalvikvm(  481): GC_CONCURRENT freed 359K, 13% free 3050K/3476K, paused 13ms+4ms, total 41ms
I/ContactsDatabaseHelper(  481): Locale change completed in 456ms
I/ActivityManager(  372): Start proc android.process.media for broadcast com.android.providers.media/.MediaUpgradeReceiver: pid=497 uid=10005 gids={50005, 1028, 1015, 1023, 1024, 2001, 3003, 3007}
I/ActivityManager(  372): Launching preboot mode app: ProcessRecord{b34c4b68 497:android.process.media/u0a5}
I/ActivityManager(  372): Writing new set of last done pre-boot receivers...
I/ActivityManager(  372): Removing system update proc: ProcessRecord{b2ec2748 463:com.android.providers.calendar/u0a1}
I/ActivityManager(  372): Killing 463:com.android.providers.calendar/u0a1 (adj 13): system update done
I/ActivityManager(  372): Removing system update proc: ProcessRecord{b333ac40 481:android.process.acore/u0a2}
I/ActivityManager(  372): Killing 481:android.process.acore/u0a2 (adj 11): system update done
I/ActivityManager(  372): Removing system update proc: ProcessRecord{b34c4b68 497:android.process.media/u0a5}
I/ActivityManager(  372): Killing 497:android.process.media/u0a5 (adj 9): system update done
W/ActivityManager(  372): Can't find mystery application for StrictMode from pid=497 uid=10005: android.os.BinderProxy@b32849f8
I/ActivityManager(  372): System now ready
I/SystemServer(  372): Making services ready
D/NetworkManagementService(  372): enabling bandwidth control
I/Vold    (   52): /dev/block/vold/179:0 being considered for volume sdcard
D/Vold    (   52): Volume sdcard state changing 1 (Idle-Unmounted) -> 3 (Checking)
D/MountService(  372): volume state changed for /storage/sdcard (unmounted -> checking)
D/MountService(  372): sendStorageIntent Intent { act=android.intent.action.MEDIA_CHECKING dat=file:///storage/sdcard (has extras) } to UserHandle{-1}
D/SystemUIService(  449): loading: class com.android.systemui.recent.Recents
D/SystemUIService(  449): running: com.android.systemui.recent.Recents@b2d0d010
D/SystemUIService(  449): loading: class com.android.systemui.statusbar.SystemBars
D/SystemUIService(  449): running: com.android.systemui.statusbar.SystemBars@b2d0d5f8
D/SystemUIService(  449): loading: class com.android.systemui.usb.StorageNotification
D/SystemUIService(  449): running: com.android.systemui.usb.StorageNotification@b2d0f348
I/fsck_msdos(   52): ** /dev/block/vold/179:0
D/SystemUIService(  449): loading: class com.android.systemui.power.PowerUI
D/SystemUIService(  449): running: com.android.systemui.power.PowerUI@b2d109a8
I/fsck_msdos(   52): Invalid signature in fsinfo block
I/fsck_msdos(   52): FIXED
I/fsck_msdos(   52): ** Phase 1 - Read and Compare FATs
I/fsck_msdos(   52): Attempting to allocate 794 KB for FAT
D/SystemUIService(  449): loading: class com.android.systemui.media.RingtonePlayer
D/SystemUIService(  449): running: com.android.systemui.media.RingtonePlayer@b2d119e0
D/SystemUIService(  449): loading: class com.android.systemui.settings.SettingsUI
D/SystemUIService(  449): running: com.android.systemui.settings.SettingsUI@b2d12cc8
I/fsck_msdos(   52): Attempting to allocate 794 KB for FAT
D/PhoneStatusBar(  449): mSettingsPanelGravity = 55
I/StatusBarManagerService(  372): registerStatusBar bar=com.android.internal.statusbar.IStatusBar$Stub$Proxy@b3293510
I/fsck_msdos(   52): ** Phase 2 - Check Cluster Chains
I/fsck_msdos(   52): ** Phase 3 - Checking Directories
I/fsck_msdos(   52): ** Phase 4 - Checking for Lost Files
I/fsck_msdos(   52): Free space in FSInfo block (201592) not correct (201591)
I/fsck_msdos(   52): FIXED
I/fsck_msdos(   52): 1 files, 100795 free (201591 clusters)
I/Vold    (   52): Filesystem check completed OK
D/dalvikvm(  449): GC_CONCURRENT freed 284K, 11% free 2833K/3180K, paused 4ms+2ms, total 182ms
W/Vold    (   52): blkid failed to identify /dev/block/vold/179:0
D/Vold    (   52): Volume sdcard state changing 3 (Checking) -> 4 (Mounted)
I/PackageManager(  372): Updating external media status from unmounted to mounted
D/MountService(  372): volume state changed for /storage/sdcard (checking -> mounted)
E/VoldConnector(  372): NDC Command {3 volume mount /storage/sdcard} took too long (710ms)
D/MountService(  372): sendStorageIntent Intent { act=android.intent.action.MEDIA_MOUNTED dat=file:///storage/sdcard (has extras) } to UserHandle{-1}
D/dalvikvm(  372): GC_CONCURRENT freed 462K, 61% free 5234K/13124K, paused 4ms+43ms, total 199ms
D/dalvikvm(  372): WAIT_FOR_CONCURRENT_GC blocked 130ms
D/dalvikvm(  372): WAIT_FOR_CONCURRENT_GC blocked 169ms
I/PackageManager(  372): No secure containers on sdcard
D/dalvikvm(  449): GC_FOR_ALLOC freed 34K, 8% free 2947K/3180K, paused 37ms, total 38ms
W/PackageManager(  372): Not granting permission android.permission.GLOBAL_SEARCH to package com.android.quicksearchbox (protectionLevel=18 flags=0x88be45)
W/PackageManager(  372): Unknown permission com.android.smspush.WAPPUSH_MANAGER_BIND in package com.android.phone
W/PackageManager(  372): Unknown permission com.google.android.googleapps.permission.GOOGLE_AUTH in package com.android.providers.calendar
W/PackageManager(  372): Unknown permission com.google.android.googleapps.permission.GOOGLE_AUTH.cl in package com.android.providers.calendar
W/PackageManager(  372): Unknown permission com.google.android.googleapps.permission.GOOGLE_AUTH.mail in package com.android.calendar
W/PackageManager(  372): Not granting permission android.permission.ACCESS_DOWNLOAD_MANAGER to package com.android.browser (protectionLevel=18 flags=0x89be45)
W/PackageManager(  372): Not granting permission android.permission.SEND_DOWNLOAD_COMPLETED_INTENTS to package com.android.browser (protectionLevel=2 flags=0x89be45)
W/PackageManager(  372): Not granting permission android.permission.BIND_APPWIDGET to package com.android.widgetpreview (protectionLevel=18 flags=0x8be44)
W/PackageManager(  372): Unknown permission android.permission.INSTALL_DRM in package com.android.mms
W/PackageManager(  372): Unknown permission com.google.android.googleapps.permission.GOOGLE_AUTH in package com.android.settings
W/PackageManager(  372): Unknown permission com.google.android.googleapps.permission.ACCESS_GOOGLE_PASSWORD in package com.android.development
W/PackageManager(  372): Unknown permission com.google.android.googleapps.permission.GOOGLE_AUTH in package com.android.development
W/PackageManager(  372): Unknown permission com.google.android.googleapps.permission.GOOGLE_AUTH.ALL_SERVICES in package com.android.development
W/PackageManager(  372): Unknown permission com.google.android.googleapps.permission.GOOGLE_AUTH.YouTubeUser in package com.android.development
W/PackageManager(  372): Not granting permission android.permission.DELETE_PACKAGES to package com.svox.pico (protectionLevel=18 flags=0x88be45)
W/PackageManager(  372): Not granting permission android.permission.DEVICE_POWER to package com.android.deskclock (protectionLevel=2 flags=0xc8be45)
E/BluetoothAdapter(  449): Bluetooth binder is null
E/BluetoothAdapter(  449): Bluetooth binder is null
E/BluetoothAdapter(  449): Bluetooth binder is null
D/dalvikvm(  449): GC_CONCURRENT freed 58K, 5% free 3302K/3456K, paused 32ms+2ms, total 88ms
E/BluetoothAdapter(  449): Bluetooth binder is null
I/ActivityManager(  372): Start proc android.process.acore for content provider com.android.providers.contacts/.ContactsProvider2: pid=546 uid=10002 gids={50002, 3003, 1028, 1015}
D/PhoneStatusBar(  449): disable: < expand icons alerts ticker system_info back home recent clock search >
E/BluetoothAdapter(  449): Bluetooth binder is null
D/PhoneStatusBar(  449): heads up is disabled
I/Choreographer(  449): Skipped 449 frames!  The application may be doing too much work on its main thread.
E/NetdConnector(  372): NDC Command {1 bandwidth enable} took too long (3358ms)
D/dalvikvm(  449): GC_CONCURRENT freed 136K, 6% free 3553K/3756K, paused 5ms+53ms, total 135ms
E/NetdConnector(  372): NDC Command {2 firewall disable} took too long (542ms)
I/Choreographer(  449): Skipped 252 frames!  The application may be doing too much work on its main thread.
D/gralloc_goldfish(  449): Emulator without GPU emulation detected.
I/Choreographer(  449): Skipped 74 frames!  The application may be doing too much work on its main thread.
D/dalvikvm(  546): GC_CONCURRENT freed 206K, 9% free 3003K/3272K, paused 5ms+47ms, total 364ms
D/dalvikvm(  546): WAIT_FOR_CONCURRENT_GC blocked 74ms
D/dalvikvm(  546): WAIT_FOR_CONCURRENT_GC blocked 78ms
D/dalvikvm(  546): WAIT_FOR_CONCURRENT_GC blocked 80ms
E/NetdConnector(  372): NDC Command {5 firewall disable} took too long (664ms)
I/ActivityManager(  372): Config changes=200 {1.0 ?mcc?mnc en_US ldltr sw480dp w480dp h839dp 160dpi lrg long port finger -keyb/h/h tball/v s.4}
W/RecognitionManagerService(  372): no available voice recognition services found for user 0
I/ContactLocale(  546): AddressBook Labels [en_US]: [, A, B, C, D, E, F, G, H, I, J, K, L, M, N, O, P, Q, R, S, T, U, V, W, X, Y, Z, , , , , , , , , , , , , , , , , , , , , , , , , , , , , , , , , , , , , , , , , , , , , , , , , , , , , , , , , , , , , , , , , , , , , , , , , , , , , , , , , , , , , , , , , , , , , , , , , , , , , , , , , , , , , , , , , , , , , , , , , , , , , , , , , , , , , , , , , , , , , , , , , , , , , , , , , , , , , , , , , , , , , , , , , , , , , , , , , , , , , , #, ]
D/PhoneStatusBar(  449): mSettingsPanelGravity = 55
W/AppWidgetServiceImpl(  372): Failed to read state: java.io.FileNotFoundException: /data/system/users/0/appwidgets.xml: open failed: ENOENT (No such file or directory)
W/InputMethodManagerService(  372): Ignoring setImeWindowStatus of uid 1000 token: null
D/dalvikvm(  372): GC_CONCURRENT freed 636K, 61% free 5234K/13124K, paused 14ms+4ms, total 101ms
D/dalvikvm(  372): WAIT_FOR_CONCURRENT_GC blocked 35ms
D/dalvikvm(  372): WAIT_FOR_CONCURRENT_GC blocked 38ms
W/InputMethodUtils(  372): Found no subtypes in a system IME: com.android.inputmethod.pinyin
W/InputMethodManagerService(  372): Reset the default IME as "Resource" is ready here.
W/InputMethodUtils(  372): Found no subtypes in a system IME: com.android.inputmethod.pinyin
I/InputMethodManagerService(  372): Selected default: com.android.inputmethod.latin/.LatinIME
I/ActivityManager(  372): Start proc com.android.inputmethod.latin for service com.android.inputmethod.latin/.LatinIME: pid=590 uid=10029 gids={50029, 1028, 1015}
V/InputMethodManagerService(  372): Adding window token: android.os.Binder@b2fdd800
W/InputMethodManagerService(  372): Illegal subtype state: old subtype = null, new subtype = android.view.inputmethod.InputMethodSubtype@c9194f98
W/GpsLocationProvider(  372): Could not open GPS configuration file /etc/gps.conf
I/ActivityManager(  372): Config changes=20 {1.0 ?mcc?mnc en_US ldltr sw480dp w480dp h839dp 160dpi lrg long port finger -keyb/v/h tball/v s.5}
W/ServiceWatcher(  372): com.google.android.location not found
W/ServiceWatcher(  372): com.google.android.location not found
W/ServiceWatcher(  372): com.google.android.location not found
W/LocationManagerService(  372): no network location provider found
W/ServiceWatcher(  372): com.google.android.location not found
E/FlpHardwareProvider(  372): Error hw_get_module 'flp': -2
W/ServiceWatcher(  372): com.google.android.location not found
E/FlpHardwareProvider(  372): Error hw_get_module 'flp': -2
W/ServiceWatcher(  372): com.google.android.location not found
E/LocationManagerService(  372): no geocoder provider found
E/LocationManagerService(  372): No FusedProvider found.
E/LocationManagerService(  372): no geofence provider found
D/dalvikvm(  449): GC_FOR_ALLOC freed 95K, 6% free 3561K/3756K, paused 223ms, total 225ms
I/CommonTimeManagementService(  372): No common time service detected on this platform.  Common time services will be unavailable.
I/InputReader(  372): Reconfiguring input devices.  changes=0x00000020
I/InputReader(  372): Reconfiguring input devices.  changes=0x00000010
I/ActivityManager(  372): Start proc com.android.phone for added application com.android.phone: pid=603 uid=1001 gids={41001, 3002, 3001, 3003, 1028, 1015}
I/ActivityManager(  372): START u0 {act=android.intent.action.MAIN cat=[android.intent.category.HOME] flg=0x10000000 cmp=com.android.settings/.CryptKeeper} from pid 0
I/dalvikvm-heap(  449): Grow heap (frag case) to 6.467MB for 3072016-byte allocation
I/ActivityManager(  372): Start proc com.android.settings for activity com.android.settings/.CryptKeeper: pid=615 uid=1000 gids={41000, 1028, 1015, 3002, 3001, 3003}
I/ActivityManager(  372): Start proc android.process.media for broadcast com.android.providers.downloads/.DownloadReceiver: pid=625 uid=10005 gids={50005, 1028, 1015, 1023, 1024, 2001, 3003, 3007}
D/dalvikvm(   58): GC_EXPLICIT freed 38K, 4% free 2705K/2808K, paused 3ms+2ms, total 58ms
D/dalvikvm(  449): GC_FOR_ALLOC freed 4K, 3% free 6557K/6760K, paused 165ms, total 165ms
D/dalvikvm(   58): GC_EXPLICIT freed <1K, 4% free 2705K/2808K, paused 3ms+2ms, total 44ms
D/dalvikvm(   58): GC_EXPLICIT freed <1K, 4% free 2705K/2808K, paused 2ms+2ms, total 42ms
D/dalvikvm(  449): GC_CONCURRENT freed 1K, 3% free 6561K/6760K, paused 94ms+2ms, total 160ms
D/dalvikvm(  449): GC_FOR_ALLOC freed 3001K, 6% free 3563K/3756K, paused 17ms, total 18ms
I/dalvikvm-heap(  449): Grow heap (frag case) to 6.468MB for 3072016-byte allocation
D/dalvikvm(  449): GC_CONCURRENT freed <1K, 3% free 6563K/6760K, paused 4ms+2ms, total 59ms
D/dalvikvm(  372): GC_CONCURRENT freed 427K, 60% free 5315K/13124K, paused 7ms+14ms, total 109ms
D/PhoneStatusBar(  449): mSettingsPanelGravity = 55
I/ActivityManager(  372): Start proc com.android.printspooler for service com.android.printspooler/.PrintSpoolerService: pid=646 uid=10039 gids={50039}
V/StatusBar(  449): userId 0 is in the house
I/PrintSpoolerService(  646): No existing print spooler state.
I/Choreographer(  449): Skipped 160 frames!  The application may be doing too much work on its main thread.
W/WindowManager(  372): Window freeze timeout expired.
W/WindowManager(  372): Force clearing orientation change: Window{b3191968 u0 com.android.systemui.ImageWallpaper}
I/ActivityManager(  372): START u0 {act=android.intent.action.MAIN cat=[android.intent.category.HOME] flg=0x10000000 cmp=com.android.sdksetup/.DefaultActivity} from pid 0
I/LatinIME(  590): Hardware accelerated drawing: true
I/ActivityManager(  372): Start proc com.android.sdksetup for activity com.android.sdksetup/.DefaultActivity: pid=659 uid=10042 gids={50042}
D/dalvikvm(  372): GC_CONCURRENT freed 543K, 59% free 5404K/13124K, paused 34ms+14ms, total 298ms
W/InputAttributes(  590): No editor info for this field. Bug?
I/ActivityManager(  372): Force stopping com.android.sdksetup appid=10042 user=0: pkg changed
I/ActivityManager(  372): Killing 659:com.android.sdksetup/u0a42 (adj 0): stop com.android.sdksetup
D/dalvikvm(  590): GC_CONCURRENT freed 224K, 10% free 2890K/3180K, paused 14ms+2ms, total 160ms
I/ActivityManager(  372):   Force finishing activity ActivityRecord{b34d3ba0 u0 com.android.sdksetup/.DefaultActivity t2}
I/ResourceUtils(  590): Found default value: resource=keypress_vibration_durations build=[HARDWARE=goldfish MODEL=sdk BRAND=generic MANUFACTURER=unknown] default=-1
I/ResourceUtils(  590): Found default value: resource=keypress_volumes build=[HARDWARE=goldfish MODEL=sdk BRAND=generic MANUFACTURER=unknown] default=-1.0f
I/ActivityManager(  372): START u0 {act=android.intent.action.MAIN cat=[android.intent.category.HOME] flg=0x10000000 cmp=com.android.launcher/com.android.launcher2.Launcher} from pid 0
I/ActivityManager(  372): Start proc com.android.launcher for activity com.android.launcher/com.android.launcher2.Launcher: pid=683 uid=10008 gids={50008}
I/InputReader(  372): Reconfiguring input devices.  changes=0x00000010
I/LatinIME:LogUtils(  590): Dictionary info: dictionary = personalization.en_US.dict ; version = ? ; date = 1528375112
I/LatinIME:LogUtils(  590): Dictionary info: dictionary = PersonalizationPredictionDictio ; version = ? ; date = 1528375112
I/LatinIME:LogUtils(  590): Dictionary info: dictionary = UserHistoryDictionary.en_US.dic ; version = ? ; date = 1528375112
W/BackupManagerService(  372): dataChanged but no participant pkg='com.android.providers.settings' uid=1001
I/FusedLocation(  372): engine stopped (com.android.location.fused)
I/FusedLocation(  372): engine started (com.android.location.fused)
I/PackageManager(  372):   Action: "android.intent.action.SENDTO"
I/PackageManager(  372):   Category: "android.intent.category.DEFAULT"
I/PackageManager(  372):   Scheme: "sms"
I/PackageManager(  372): Adding preferred activity ComponentInfo{com.android.mms/com.android.mms.ui.ComposeMessageActivity} for user 0 :
D/dalvikvm(  603): GC_CONCURRENT freed 179K, 8% free 2928K/3172K, paused 3ms+2ms, total 205ms
D/dalvikvm(  372): GC_CONCURRENT freed 649K, 59% free 5432K/13124K, paused 6ms+34ms, total 330ms
D/dalvikvm(  372): WAIT_FOR_CONCURRENT_GC blocked 86ms
I/PackageManager(  372):   Action: "android.intent.action.SENDTO"
I/PackageManager(  372): Adding preferred activity ComponentInfo{com.android.mms/com.android.mms.ui.ComposeMessageActivity} for user 0 :
I/PackageManager(  372):   Category: "android.intent.category.DEFAULT"
I/PackageManager(  372):   Scheme: "smsto"
I/PackageManager(  372):   Action: "android.intent.action.SENDTO"
I/PackageManager(  372):   Category: "android.intent.category.DEFAULT"
I/PackageManager(  372):   Scheme: "mms"
I/PackageManager(  372): Adding preferred activity ComponentInfo{com.android.mms/com.android.mms.ui.ComposeMessageActivity} for user 0 :
I/PackageManager(  372):   Action: "android.intent.action.SENDTO"
I/PackageManager(  372):   Category: "android.intent.category.DEFAULT"
I/PackageManager(  372):   Scheme: "mmsto"
I/PackageManager(  372): Adding preferred activity ComponentInfo{com.android.mms/com.android.mms.ui.ComposeMessageActivity} for user 0 :
I/PackageManager(  372):   Action: "android.intent.action.SENDTO"
I/PackageManager(  372):   Category: "android.intent.category.DEFAULT"
I/PackageManager(  372):   Scheme: "sms"
I/PackageManager(  372): Adding preferred activity ComponentInfo{com.android.mms/com.android.mms.ui.ComposeMessageActivity} for user 0 :
I/PackageManager(  372):   Action: "android.intent.action.SENDTO"
I/PackageManager(  372):   Category: "android.intent.category.DEFAULT"
I/PackageManager(  372):   Scheme: "smsto"
I/PackageManager(  372): Adding preferred activity ComponentInfo{com.android.mms/com.android.mms.ui.ComposeMessageActivity} for user 0 :
I/LatinIME:LogUtils(  590): Dictionary info: dictionary = userunigram.en_US.dict ; version = ? ; date = ?
I/PackageManager(  372):   Action: "android.intent.action.SENDTO"
I/PackageManager(  372):   Category: "android.intent.category.DEFAULT"
I/PackageManager(  372):   Scheme: "mms"
I/PackageManager(  372): Adding preferred activity ComponentInfo{com.android.mms/com.android.mms.ui.ComposeMessageActivity} for user 0 :
D/dalvikvm(  590): GC_CONCURRENT freed 409K, 14% free 2971K/3444K, paused 9ms+22ms, total 133ms
I/PackageManager(  372):   Action: "android.intent.action.SENDTO"
I/PackageManager(  372):   Category: "android.intent.category.DEFAULT"
I/PackageManager(  372):   Scheme: "mmsto"
I/PackageManager(  372): Adding preferred activity ComponentInfo{com.android.mms/com.android.mms.ui.ComposeMessageActivity} for user 0 :
E/BluetoothAdapter(  603): Bluetooth binder is null
E/BluetoothAdapter(  603): Bluetooth binder is null
D/CallNotifier(  603): CallNotifier: mSignalInfoToneGenerator created when toneplay
E/BluetoothAdapter(  603): Bluetooth binder is null
