I/PackageManager(  372):   Action: "android.intent.action.SENDTO"
I/PackageManager(  372):   Category: "android.intent.category.DEFAULT"
I/PackageManager(  372):   Scheme: "smsto"
I/PackageManager(  372): Adding preferred activity ComponentInfo{com.android.mms/com.android.mms.ui.ComposeMessageActivity} for user 0 :
D/dalvikvm(  603): GC_CONCURRENT freed 328K, 13% free 3360K/3844K, paused 2ms+2ms, total 67ms
I/PackageManager(  372):   Action: "android.intent.action.SENDTO"
I/PackageManager(  372):   Category: "android.intent.category.DEFAULT"
I/PackageManager(  372):   Scheme: "mms"
I/PackageManager(  372): Adding preferred activity ComponentInfo{com.android.mms/com.android.mms.ui.ComposeMessageActivity} for user 0 :
I/PackageManager(  372):   Action: "android.intent.action.SENDTO"
I/PackageManager(  372):   Category: "android.intent.category.DEFAULT"
I/PackageManager(  372):   Scheme: "mmsto"
I/PackageManager(  372): Adding preferred activity ComponentInfo{com.android.mms/com.android.mms.ui.ComposeMessageActivity} for user 0 :
D/dalvikvm(  372): GC_CONCURRENT freed 1658K, 57% free 5688K/13124K, paused 5ms+8ms, total 100ms
D/dalvikvm(  372): WAIT_FOR_CONCURRENT_GC blocked 54ms
E/BluetoothAdapter(  615): Bluetooth binder is null
I/ActivityManager(  372): Start proc com.android.music for broadcast com.android.music/.MediaButtonIntentReceiver: pid=970 uid=10032 gids={50032, 3003, 1028, 1015}
I/dalvikvm(  970): CheckJNI enabled: not enabling JNI app bug workarounds.
W/RecognitionManagerService(  372): no available voice recognition services found for user 0
E/BluetoothAdapter(  615): Bluetooth binder is null
I/MediaFocusControl(  372):   Remote Control   registerMediaButtonIntent() for PendingIntent{b2fcf590: PendingIntentRecord{b2f7c590 com.android.music broadcastIntent}}
I/ActivityManager(  372): Start proc com.android.calendar for broadcast com.android.calendar/.widget.CalendarAppWidgetService$CalendarFactory: pid=982 uid=10016 gids={50016, 3003}
V/MediaScanner(  625): pruneDeadThumbnailFiles... android.database.sqlite.SQLiteCursor@b2d182d8
V/MediaScanner(  625): /pruneDeadThumbnailFiles... android.database.sqlite.SQLiteCursor@b2d182d8
D/ExtensionsFactory(  982): No custom extensions.
I/ActivityManager(  372): Start proc com.android.providers.calendar for content provider com.android.providers.calendar/.CalendarProvider2: pid=1001 uid=10001 gids={50001, 3003, 1028, 1015}
I/ActivityManager(  372): Start proc com.android.deskclock for broadcast com.android.deskclock/.AlarmInitReceiver: pid=1011 uid=10020 gids={50020, 1028}
D/dalvikvm(   58): GC_EXPLICIT freed 40K, 4% free 2705K/2812K, paused 3ms+2ms, total 47ms
D/dalvikvm(   58): GC_EXPLICIT freed <1K, 4% free 2705K/2812K, paused 2ms+1ms, total 42ms
D/dalvikvm(   58): GC_EXPLICIT freed <1K, 4% free 2705K/2812K, paused 2ms+2ms, total 43ms
D/ConnectivityService(  372): [CheckMp] isMobileOk: too many loops tried - giving up
D/ConnectivityService(  372): [CheckMp] isMobileOk: X loops|timed out result=0
D/ConnectivityService(  372): [CheckMp] isMobileOk: F stop hipri
D/MobileDataStateTracker(  372): default: setEnableFailFastMobileData(enabled=0)
D/ConnectivityService(  372): stopUsingNetworkFeature: teardown net 0: enableHIPRI
D/MobileDataStateTracker(  372): hipri: Broadcast received: android.intent.action.ANY_DATA_STATE apnType=hipri
D/MobileDataStateTracker(  372): hipri: Received state=DISCONNECTED, old=CONNECTED, reason=dataDisabled
D/MobileDataStateTracker(  372): hipri: setDetailed state, old =CONNECTED and new state=DISCONNECTED
D/ConnectivityService(  372): ConnectivityChange for mobile_hipri: DISCONNECTED/DISCONNECTED
E/logwrapper( 1025): executing /system/bin/ip failed: No such file or directory
E/SecondaryTablController(   54): ip route del failed: /system/bin/ip route del 10.0.2.2/32 via 0.0.0.0 dev eth0 table 60
W/FrameworkListener(   54): Handler 'interface' error (No such device)
E/logwrapper( 1026): executing /system/bin/ip failed: No such file or directory
E/SecondaryTablController(   54): ip route del failed: /system/bin/ip route del 0.0.0.0/0 via 10.0.2.2 dev eth0 table 60
W/FrameworkListener(   54): Handler 'interface' error (No such device)
D/dalvikvm(  603): GC_CONCURRENT freed 453K, 15% free 3293K/3844K, paused 44ms+2ms, total 87ms
D/Nat464Xlat(  372): requiresClat: netType=5, hasIPv4Address=true
D/MobileDataStateTracker(  372): default: setPolicyDataEnable(enabled=true)
V/AlarmClock( 1011): AlarmInitReceiver android.intent.action.TIMEZONE_CHANGED
I/CalendarDatabaseHelper( 1001): Bootstrapping database
I/AlarmClock( 1011): Alarms Table created
I/AlarmClock( 1011): Instance table created
I/AlarmClock( 1011): Cities table created
I/AlarmClock( 1011): Inserting default alarms
I/AlarmClock( 1011): Displaying next alarm time: ''
E/NetdConnector(  372): NDC Command {60 bandwidth removeiquota eth0} took too long (685ms)
I/CalendarProvider2( 1001): Created com.android.providers.calendar.CalendarAlarmManager@b2cf2a10(com.android.providers.calendar.CalendarProvider2@b2cdf0e8)
W/BackupManagerService(  372): dataChanged but no participant pkg='com.android.providers.settings' uid=10020
V/AlarmClock( 1011): AlarmInitReceiver finished
E/NetdConnector(  372): NDC Command {61 bandwidth gettetherstats} took too long (843ms)
D/dalvikvm(  372): GC_CONCURRENT freed 558K, 57% free 5773K/13124K, paused 90ms+5ms, total 236ms
E/BluetoothAdapter(  615): Bluetooth binder is null
I/ActivityManager(  372): Start proc com.android.dialer for broadcast com.android.dialer/.calllog.CallLogReceiver: pid=1049 uid=10004 gids={50004, 3003, 1028, 1015}
W/ProcessCpuTracker(  372): Skipping unknown process pid 1064
I/CalendarProvider2( 1001): Sending notification intent: Intent { act=android.intent.action.PROVIDER_CHANGED dat=content://com.android.calendar }
W/ContentResolver( 1001): Failed to get type for: content://com.android.calendar (Unknown URL content://com.android.calendar)
D/ExtensionsFactory( 1049): No custom extensions.
E/NetdConnector(  372): NDC Command {62 bandwidth setiquota eth0 9223372036854775807} took too long (1743ms)
I/InputReader(  372): Reconfiguring input devices.  changes=0x00000010
I/PackageManager(  372):   Action: "android.intent.action.SENDTO"
I/PackageManager(  372):   Category: "android.intent.category.DEFAULT"
I/PackageManager(  372):   Scheme: "sms"
I/PackageManager(  372): Adding preferred activity ComponentInfo{com.android.mms/com.android.mms.ui.ComposeMessageActivity} for user 0 :
D/MobileDataStateTracker(  372): default: setPolicyDataEnable(enabled=true)
I/PackageManager(  372):   Action: "android.intent.action.SENDTO"
I/PackageManager(  372):   Category: "android.intent.category.DEFAULT"
I/PackageManager(  372):   Scheme: "smsto"
I/PackageManager(  372): Adding preferred activity ComponentInfo{com.android.mms/com.android.mms.ui.ComposeMessageActivity} for user 0 :
E/NetdConnector(  372): NDC Command {63 bandwidth gettetherstats} took too long (1576ms)
I/PackageManager(  372):   Action: "android.intent.action.SENDTO"
I/PackageManager(  372):   Category: "android.intent.category.DEFAULT"
I/PackageManager(  372):   Scheme: "mms"
I/PackageManager(  372): Adding preferred activity ComponentInfo{com.android.mms/com.android.mms.ui.ComposeMessageActivity} for user 0 :
I/PackageManager(  372):   Action: "android.intent.action.SENDTO"
I/PackageManager(  372):   Category: "android.intent.category.DEFAULT"
I/PackageManager(  372):   Scheme: "mmsto"
I/PackageManager(  372): Adding preferred activity ComponentInfo{com.android.mms/com.android.mms.ui.ComposeMessageActivity} for user 0 :
D/Tethering(  372): MasterInitialState.processMessage what=3
D/CaptivePortalTracker(  372): NoActiveNetworkState{ when=-25ms what=1 obj=NetworkInfo: type: mobile_hipri[UMTS], state: DISCONNECTED/DISCONNECTED, reason: dataDisabled, extra: epc.tmobile.com, roaming: false, failover: false, isAvailable: true, isConnectedToProvisioningNetwork: false target=com.android.internal.util.StateMachine$SmHandler }
D/CaptivePortalTracker(  372): NoActiveNetworkState not a wifi connectivity change, ignore
D/Tethering(  372): MasterInitialState.processMessage what=3
D/CaptivePortalTracker(  372): NoActiveNetworkState{ when=-2ms what=1 obj=NetworkInfo: type: mobile[UMTS], state: CONNECTED/CONNECTED, reason: connected, extra: epc.tmobile.com, roaming: false, failover: false, isAvailable: true, isConnectedToProvisioningNetwork: false target=com.android.internal.util.StateMachine$SmHandler }
D/CaptivePortalTracker(  372): NoActiveNetworkState not a wifi connectivity change, ignore
I/PackageManager(  372):   Action: "android.intent.action.SENDTO"
I/PackageManager(  372):   Category: "android.intent.category.DEFAULT"
I/PackageManager(  372):   Scheme: "sms"
I/PackageManager(  372): Adding preferred activity ComponentInfo{com.android.mms/com.android.mms.ui.ComposeMessageActivity} for user 0 :
D/dalvikvm(  372): GC_CONCURRENT freed 755K, 56% free 5785K/13124K, paused 7ms+15ms, total 274ms
D/dalvikvm(  372): WAIT_FOR_CONCURRENT_GC blocked 83ms
D/dalvikvm(  372): WAIT_FOR_CONCURRENT_GC blocked 90ms
E/NetdConnector(  372): NDC Command {64 bandwidth removeiquota eth0} took too long (602ms)
I/PackageManager(  372):   Action: "android.intent.action.SENDTO"
I/PackageManager(  372):   Category: "android.intent.category.DEFAULT"
I/PackageManager(  372):   Scheme: "smsto"
I/PackageManager(  372): Adding preferred activity ComponentInfo{com.android.mms/com.android.mms.ui.ComposeMessageActivity} for user 0 :
D/dalvikvm(  603): GC_CONCURRENT freed 327K, 13% free 3362K/3844K, paused 2ms+2ms, total 111ms
I/PackageManager(  372):   Action: "android.intent.action.SENDTO"
I/PackageManager(  372):   Category: "android.intent.category.DEFAULT"
I/PackageManager(  372):   Scheme: "mms"
I/PackageManager(  372): Adding preferred activity ComponentInfo{com.android.mms/com.android.mms.ui.ComposeMessageActivity} for user 0 :
I/PackageManager(  372):   Action: "android.intent.action.SENDTO"
I/PackageManager(  372):   Category: "android.intent.category.DEFAULT"
I/PackageManager(  372):   Scheme: "mmsto"
I/PackageManager(  372): Adding preferred activity ComponentInfo{com.android.mms/com.android.mms.ui.ComposeMessageActivity} for user 0 :
D/dalvikvm(  372): GC_CONCURRENT freed 773K, 57% free 5686K/13124K, paused 6ms+7ms, total 153ms
E/BluetoothAdapter(  372): Bluetooth binder is null
E/BluetoothAdapter(  372): Bluetooth binder is null
V/WiredAccessoryManager(  372): init()
I/PowerManagerService(  372): Boot animation finished.
E/SoundPool(  372): error loading /system/media/audio/ui/Effect_Tick.ogg
W/AudioService(  372): Soundpool could not load file: /system/media/audio/ui/Effect_Tick.ogg
E/SoundPool(  372): error loading /system/media/audio/ui/Effect_Tick.ogg
W/AudioService(  372): Soundpool could not load file: /system/media/audio/ui/Effect_Tick.ogg
E/SoundPool(  372): error loading /system/media/audio/ui/Effect_Tick.ogg
W/AudioService(  372): Soundpool could not load file: /system/media/audio/ui/Effect_Tick.ogg
E/SoundPool(  372): error loading /system/media/audio/ui/Effect_Tick.ogg
W/AudioService(  372): Soundpool could not load file: /system/media/audio/ui/Effect_Tick.ogg
E/SoundPool(  372): error loading /system/media/audio/ui/Effect_Tick.ogg
W/AudioService(  372): Soundpool could not load file: /system/media/audio/ui/Effect_Tick.ogg
E/SoundPool(  372): error loading /system/media/audio/ui/KeypressStandard.ogg
W/AudioService(  372): Soundpool could not load file: /system/media/audio/ui/KeypressStandard.ogg
E/SoundPool(  372): error loading /system/media/audio/ui/KeypressSpacebar.ogg
W/AudioService(  372): Soundpool could not load file: /system/media/audio/ui/KeypressSpacebar.ogg
E/SoundPool(  372): error loading /system/media/audio/ui/KeypressDelete.ogg
W/AudioService(  372): Soundpool could not load file: /system/media/audio/ui/KeypressDelete.ogg
E/SoundPool(  372): error loading /system/media/audio/ui/KeypressReturn.ogg
W/AudioService(  372): Soundpool could not load file: /system/media/audio/ui/KeypressReturn.ogg
E/SoundPool(  372): error loading /system/media/audio/ui/KeypressInvalid.ogg
W/AudioService(  372): Soundpool could not load file: /system/media/audio/ui/KeypressInvalid.ogg
W/AudioService(  372): onLoadSoundEffects(), Error -1 while loading samples
I/RecoverySystem(  372): No recovery log file
I/BootReceiver(  372): Copying audit failures to DropBox
I/BootReceiver(  372): Checking for fsck errors
E/NetdConnector(  372): NDC Command {65 bandwidth setiquota eth0 9223372036854775807} took too long (1692ms)
D/MobileDataStateTracker(  372): default: setPolicyDataEnable(enabled=true)
D/MobileDataStateTracker(  372): default: setPolicyDataEnable(enabled=true)
I/ActivityManager(  372): Delay finish: com.android.providers.downloads/.DownloadReceiver
D/ConnectivityService(  372): [CheckMp] isMobileOk: X result=0
D/ConnectivityService(  372): [CheckMp] onPostExecute: result=0
D/ConnectivityService(  372): CheckMp.onComplete: result=0
D/ConnectivityService(  372): CheckMp.onComplete: ignore, connected or no connection
I/ActivityManager(  372): Resuming delayed broadcast
I/ActivityManager(  372): Delay finish: com.android.providers.media/.MediaScannerReceiver
I/ActivityManager(  372): Resuming delayed broadcast
I/ActivityManager(  372): Start proc com.android.mms for broadcast com.android.mms/.transaction.MmsSystemEventReceiver: pid=1108 uid=10009 gids={50009, 3003, 1028, 1015}
D/CountryDetector(  372): The first listener is added
V/MmsConfig( 1108): mnc/mcc: 310260
V/MmsConfig( 1108): tag: bool value: enabledMMS - true
V/MmsConfig( 1108): tag: int value: maxMessageSize - 307200
V/MmsConfig( 1108): tag: int value: maxImageHeight - 480
V/MmsConfig( 1108): tag: int value: maxImageWidth - 640
V/MmsConfig( 1108): tag: int value: defaultSMSMessagesPerThread - 10000
V/MmsConfig( 1108): tag: int value: defaultMMSMessagesPerThread - 1000
V/MmsConfig( 1108): tag: int value: minMessageCountPerThread - 10
V/MmsConfig( 1108): tag: int value: maxMessageCountPerThread - 5000
V/MmsConfig( 1108): tag: string value: uaProfUrl - http://www.google.com/oha/rdf/ua-profile-kila.xml
V/MmsConfig( 1108): tag: int value: recipientLimit - -1
V/MmsConfig( 1108): tag: bool value: enableMultipartSMS - true
V/MmsConfig( 1108): tag: int value: smsToMmsTextThreshold - -1
V/MmsConfig( 1108): tag: bool value: enableSlideDuration - true
V/MmsConfig( 1108): tag: int value: maxMessageTextSize - -1
I/ActivityManager(  372): Delay finish: com.android.mms/.transaction.MmsSystemEventReceiver
I/MediaProvider(  625): Upgrading media database from version 0 to 700, which will destroy all old data
D/Mms:app ( 1108): cancelNotification
I/ActivityManager(  372): Resuming delayed broadcast
I/ActivityManager(  372): Delay finish: com.android.mms/.transaction.SmsReceiver
D/MmsSmsDatabaseHelper(  603): [MmsSmsDb] tableName: threads hasAutoIncrement: CREATE TABLE threads (_id INTEGER PRIMARY KEY AUTOINCREMENT,date INTEGER DEFAULT 0,message_count INTEGER DEFAULT 0,recipient_ids TEXT,snippet TEXT,snippet_cs INTEGER DEFAULT 0,read INTEGER DEFAULT 1,type INTEGER DEFAULT 0,error INTEGER DEFAULT 0,has_attachment INTEGER DEFAULT 0) result: true
D/MmsSmsDatabaseHelper(  603): [MmsSmsDb] tableName: canonical_addresses hasAutoIncrement: CREATE TABLE canonical_addresses (_id INTEGER PRIMARY KEY AUTOINCREMENT,address TEXT) result: true
D/MmsSmsDatabaseHelper(  603): [MmsSmsDb] tableName: part hasAutoIncrement: CREATE TABLE part (_id INTEGER PRIMARY KEY AUTOINCREMENT,mid INTEGER,seq INTEGER DEFAULT 0,ct TEXT,name TEXT,chset INTEGER,cd TEXT,fn TEXT,cid TEXT,cl TEXT,ctt_s INTEGER,ctt_t TEXT,_data TEXT,text TEXT) result: true
D/MmsSmsDatabaseHelper(  603): [MmsSmsDb] tableName: pdu hasAutoIncrement: CREATE TABLE pdu (_id INTEGER PRIMARY KEY AUTOINCREMENT,thread_id INTEGER,date INTEGER,date_sent INTEGER DEFAULT 0,msg_box INTEGER,read INTEGER DEFAULT 0,m_id TEXT,sub TEXT,sub_cs INTEGER,ct_t TEXT,ct_l TEXT,exp INTEGER,m_cls TEXT,m_type INTEGER,v INTEGER,m_size INTEGER,pri INTEGER,rr INTEGER,rpt_a INTEGER,resp_st INTEGER,st INTEGER,tr_id TEXT,retr_st INTEGER,retr_txt TEXT,retr_txt_cs INTEGER,read_status INTEGER,ct_cls INTEGER,resp_txt TEXT,d_tm INTEGER,d_rpt INTEGER,locked INTEGER DEFAULT 0,seen INTEGER DEFAULT 0,text_only INTEGER DEFAULT 0) result: true
D/MmsSmsDatabaseHelper(  603): [getWritableDatabase] hasAutoIncrementThreads: true hasAutoIncrementAddresses: true hasAutoIncrementPart: true hasAutoIncrementPdu: true
D/Mms:app ( 1108): cancelNotification
I/ActivityManager(  372): Resuming delayed broadcast
D/AlertReceiver(  982): onReceive: a=android.intent.action.BOOT_COMPLETED Intent { act=android.intent.action.BOOT_COMPLETED flg=0x8000010 cmp=com.android.calendar/.alerts.AlertReceiver (has extras) }
I/ActivityManager(  372): Delay finish: com.android.calendar/.alerts.AlertReceiver
D/AlertUtils(  982): Flushing old alerts from shared prefs table
D/AlertService(  982): 0 Action = android.intent.action.BOOT_COMPLETED
D/AlertService(  982): Scheduling next alarm with AlarmScheduler. sEventReminderReceived: null
D/dalvikvm(  982): GC_CONCURRENT freed 303K, 12% free 2814K/3188K, paused 6ms+22ms, total 76ms
D/AlarmScheduler(  982): No events found starting within 1 week.
E/SQLiteLog(  625): (1) no such table: files
E/WVMExtractor(   60): Failed to open libwvm.so
D/dalvikvm(  625): GC_CONCURRENT freed 253K, 10% free 3032K/3348K, paused 4ms+5ms, total 44ms
V/MediaScanner(  625): pruneDeadThumbnailFiles... android.database.sqlite.SQLiteCursor@b2cfd718
V/MediaScanner(  625): /pruneDeadThumbnailFiles... android.database.sqlite.SQLiteCursor@b2cfd718
I/ActivityManager(  372): Resuming delayed broadcast
V/AlarmClock( 1011): AlarmInitReceiver android.intent.action.BOOT_COMPLETED
V/AlarmClock( 1011): AlarmInitReceiver - Reset timers and clear stopwatch data
V/AlarmClock( 1011): AlarmInitReceiver - resetting volume button default
I/AlarmClock( 1011): Displaying next alarm time: ''
V/AlarmClock( 1011): AlarmInitReceiver finished
D/dalvikvm( 1011): GC_CONCURRENT freed 366K, 14% free 2846K/3280K, paused 5ms+31ms, total 93ms
D/dalvikvm( 1011): WAIT_FOR_CONCURRENT_GC blocked 42ms
D/dalvikvm(  372): GC_CONCURRENT freed 569K, 57% free 5740K/13124K, paused 6ms+4ms, total 65ms
E/MetadataRetrieverClient(   60): failed to extract an album art
I/ActivityManager(  372): Delay finish: com.android.email/.service.EmailUpgradeBroadcastReceiver
I/ActivityManager(  372): Resuming delayed broadcast
I/Email   (  940): Onetime initialization: 1
I/Email   (  940): Onetime initialization: 2
I/ActivityManager(  372): Delay finish: com.android.email/.service.EmailBroadcastReceiver
I/Email   (  940): Onetime initialization: completed.
I/ActivityManager(  372): Delaying start of: ServiceRecord{b3368548 u0 com.android.exchange/.service.EmailSyncAdapterService}
I/ActivityManager(  372): Resuming delayed broadcast
I/LauncherIconVisibilityManager(  590): Boot has been completed
I/LauncherIconVisibilityManager(  590): Disable activity: ComponentInfo{com.android.inputmethod.latin/com.android.inputmethod.latin.setup.SetupActivity}
E/BluetoothAdapter(  615): Bluetooth binder is null
I/ActivityManager(  372): Delay finish: com.android.deskclock/com.android.alarmclock.AnalogAppWidgetProvider
D/dalvikvm( 1108): GC_CONCURRENT freed 230K, 10% free 2872K/3172K, paused 44ms+2ms, total 93ms
E/StrictMode( 1108): A resource was acquired at attached stack trace but never released. See java.io.Closeable for information on avoiding resource leaks.
E/StrictMode( 1108): java.lang.Throwable: Explicit termination method 'release' not called
E/StrictMode( 1108): 	at dalvik.system.CloseGuard.open(CloseGuard.java:184)
E/StrictMode( 1108): 	at android.drm.DrmManagerClient.<init>(DrmManagerClient.java:258)
E/StrictMode( 1108): 	at com.google.android.mms.pdu.PduPersister.<init>(PduPersister.java:288)
E/StrictMode( 1108): 	at com.google.android.mms.pdu.PduPersister.getPduPersister(PduPersister.java:296)
E/StrictMode( 1108): 	at com.android.mms.transaction.TransactionService.onNewIntent(TransactionService.java:224)
E/StrictMode( 1108): 	at com.android.mms.transaction.TransactionService$ServiceHandler.handleMessage(TransactionService.java:621)
E/StrictMode( 1108): 	at android.os.Handler.dispatchMessage(Handler.java:102)
E/StrictMode( 1108): 	at android.os.Looper.loop(Looper.java:136)
E/StrictMode( 1108): 	at android.os.HandlerThread.run(HandlerThread.java:61)
I/ActivityManager(  372): Resuming delayed broadcast
W/BroadcastQueue(  372): Permission Denial: broadcasting Intent { act=android.appwidget.action.APPWIDGET_UPDATE_OPTIONS flg=0x10 cmp=com.android.settings/.widget.SettingsAppWidgetProvider (has extras) } from android (pid=683, uid=10008) is not exported from uid 1000 due to receiver com.android.settings/.widget.SettingsAppWidgetProvider
I/ActivityManager(  372): Start proc com.svox.pico for broadcast com.svox.pico/.VoiceDataInstallerReceiver: pid=1154 uid=10037 gids={50037, 1028, 1015}
D/AlertReceiver(  982): onReceive: a=android.intent.action.PROVIDER_CHANGED Intent { act=android.intent.action.PROVIDER_CHANGED dat=content://com.android.calendar flg=0x10 cmp=com.android.calendar/.alerts.AlertReceiver }
I/ActivityManager(  372): Delay finish: com.android.calendar/.alerts.AlertReceiver
D/AlertService(  982): 0 Action = android.intent.action.PROVIDER_CHANGED
I/ActivityManager(  372): Waited long enough for: ServiceRecord{b367ee20 u0 com.android.music/.MediaPlaybackService}
I/ActivityManager(  372): Resuming delayed broadcast
I/ActivityManager(  372): Delay finish: com.android.calendar/.widget.CalendarAppWidgetProvider
I/ActivityManager(  372): Resuming delayed broadcast
E/BluetoothAdapter(  615): Bluetooth binder is null
I/ActivityManager(  372): Delay finish: com.android.mms/.transaction.SmsReceiver
V/SmsReceiverService( 1108): onStart: #1 mResultCode: -1 = Activity.RESULT_OK
I/ActivityManager(  372): Resuming delayed broadcast
D/MobileDataStateTracker(  372): default: setPolicyDataEnable(enabled=true)
I/ActivityManager(  372): Delay finish: com.android.providers.calendar/.CalendarProviderBroadcastReceiver
I/ActivityManager(  372): Resuming delayed broadcast
D/ConnectivityService(  372): Sampling interval elapsed, updating statistics ..
D/ConnectivityService(  372): Done.
D/ConnectivityService(  372): Setting timer for 720seconds
D/dalvikvm( 1001): GC_CONCURRENT freed 220K, 10% free 2891K/3180K, paused 11ms+9ms, total 81ms
I/GlobalDismissManager(  982): no sender configured
D/AlertService(  982): Beginning updateAlertNotification
I/InputReader(  372): Reconfiguring input devices.  changes=0x00000010
I/InputReader(  372): Reconfiguring input devices.  changes=0x00000010
I/InputReader(  372): Reconfiguring input devices.  changes=0x00000010
I/PackageManager(  372):   Action: "android.intent.action.SENDTO"
I/PackageManager(  372):   Category: "android.intent.category.DEFAULT"
I/PackageManager(  372):   Scheme: "sms"
I/PackageManager(  372): Adding preferred activity ComponentInfo{com.android.mms/com.android.mms.ui.ComposeMessageActivity} for user 0 :
D/dalvikvm(  603): GC_CONCURRENT freed 388K, 12% free 3365K/3816K, paused 8ms+3ms, total 92ms
D/dalvikvm(  372): GC_CONCURRENT freed 715K, 56% free 5785K/13124K, paused 64ms+5ms, total 253ms
D/dalvikvm(  372): WAIT_FOR_CONCURRENT_GC blocked 72ms
I/PackageManager(  372):   Action: "android.intent.action.SENDTO"
I/PackageManager(  372):   Category: "android.intent.category.DEFAULT"
I/PackageManager(  372):   Scheme: "smsto"
I/PackageManager(  372): Adding preferred activity ComponentInfo{com.android.mms/com.android.mms.ui.ComposeMessageActivity} for user 0 :
I/PackageManager(  372):   Action: "android.intent.action.SENDTO"
I/PackageManager(  372):   Category: "android.intent.category.DEFAULT"
I/PackageManager(  372):   Scheme: "mms"
I/PackageManager(  372): Adding preferred activity ComponentInfo{com.android.mms/com.android.mms.ui.ComposeMessageActivity} for user 0 :
I/PackageManager(  372):   Action: "android.intent.action.SENDTO"
I/PackageManager(  372):   Category: "android.intent.category.DEFAULT"
I/PackageManager(  372):   Scheme: "mmsto"
I/PackageManager(  372): Adding preferred activity ComponentInfo{com.android.mms/com.android.mms.ui.ComposeMessageActivity} for user 0 :
I/PackageManager(  372):   Action: "android.intent.action.SENDTO"
I/PackageManager(  372):   Category: "android.intent.category.DEFAULT"
I/PackageManager(  372):   Scheme: "sms"
I/PackageManager(  372): Adding preferred activity ComponentInfo{com.android.mms/com.android.mms.ui.ComposeMessageActivity} for user 0 :
I/PackageManager(  372):   Action: "android.intent.action.SENDTO"
I/PackageManager(  372): Adding preferred activity ComponentInfo{com.android.mms/com.android.mms.ui.ComposeMessageActivity} for user 0 :
I/PackageManager(  372):   Category: "android.intent.category.DEFAULT"
I/PackageManager(  372):   Scheme: "smsto"
I/PackageManager(  372):   Action: "android.intent.action.SENDTO"
I/PackageManager(  372):   Category: "android.intent.category.DEFAULT"
I/PackageManager(  372):   Scheme: "mms"
I/PackageManager(  372): Adding preferred activity ComponentInfo{com.android.mms/com.android.mms.ui.ComposeMessageActivity} for user 0 :
D/dalvikvm(  603): GC_CONCURRENT freed 418K, 14% free 3399K/3916K, paused 7ms+2ms, total 92ms
I/PackageManager(  372):   Action: "android.intent.action.SENDTO"
I/PackageManager(  372):   Category: "android.intent.category.DEFAULT"
I/PackageManager(  372):   Scheme: "mmsto"
I/PackageManager(  372): Adding preferred activity ComponentInfo{com.android.mms/com.android.mms.ui.ComposeMessageActivity} for user 0 :
D/AlertService(  982): No fired or scheduled alerts
D/dalvikvm(  372): GC_CONCURRENT freed 727K, 56% free 5832K/13124K, paused 15ms+6ms, total 162ms
D/dalvikvm(  372): WAIT_FOR_CONCURRENT_GC blocked 33ms
I/PackageManager(  372):   Action: "android.intent.action.SENDTO"
I/PackageManager(  372):   Category: "android.intent.category.DEFAULT"
I/PackageManager(  372):   Scheme: "sms"
I/PackageManager(  372): Adding preferred activity ComponentInfo{com.android.mms/com.android.mms.ui.ComposeMessageActivity} for user 0 :
I/PackageManager(  372):   Action: "android.intent.action.SENDTO"
I/PackageManager(  372): Adding preferred activity ComponentInfo{com.android.mms/com.android.mms.ui.ComposeMessageActivity} for user 0 :
I/PackageManager(  372):   Category: "android.intent.category.DEFAULT"
I/PackageManager(  372):   Scheme: "smsto"
I/PackageManager(  372):   Action: "android.intent.action.SENDTO"
I/PackageManager(  372):   Category: "android.intent.category.DEFAULT"
I/PackageManager(  372):   Scheme: "mms"
I/PackageManager(  372): Adding preferred activity ComponentInfo{com.android.mms/com.android.mms.ui.ComposeMessageActivity} for user 0 :
I/PackageManager(  372):   Action: "android.intent.action.SENDTO"
I/PackageManager(  372):   Category: "android.intent.category.DEFAULT"
I/PackageManager(  372):   Scheme: "mmsto"
I/PackageManager(  372): Adding preferred activity ComponentInfo{com.android.mms/com.android.mms.ui.ComposeMessageActivity} for user 0 :
D/dalvikvm(  603): GC_CONCURRENT freed 432K, 15% free 3417K/3976K, paused 15ms+4ms, total 55ms
D/dalvikvm(  603): WAIT_FOR_CONCURRENT_GC blocked 3ms
I/PackageManager(  372):   Action: "android.intent.action.SENDTO"
I/PackageManager(  372):   Category: "android.intent.category.DEFAULT"
I/PackageManager(  372):   Scheme: "sms"
I/PackageManager(  372): Adding preferred activity ComponentInfo{com.android.mms/com.android.mms.ui.ComposeMessageActivity} for user 0 :
I/PackageManager(  372):   Action: "android.intent.action.SENDTO"
I/PackageManager(  372):   Category: "android.intent.category.DEFAULT"
I/PackageManager(  372):   Scheme: "smsto"
I/PackageManager(  372): Adding preferred activity ComponentInfo{com.android.mms/com.android.mms.ui.ComposeMessageActivity} for user 0 :
I/PackageManager(  372):   Action: "android.intent.action.SENDTO"
I/PackageManager(  372):   Category: "android.intent.category.DEFAULT"
I/PackageManager(  372):   Scheme: "mms"
I/PackageManager(  372): Adding preferred activity ComponentInfo{com.android.mms/com.android.mms.ui.ComposeMessageActivity} for user 0 :
D/dalvikvm(  372): GC_CONCURRENT freed 797K, 57% free 5752K/13124K, paused 6ms+4ms, total 68ms
I/PackageManager(  372):   Action: "android.intent.action.SENDTO"
I/PackageManager(  372):   Category: "android.intent.category.DEFAULT"
I/PackageManager(  372):   Scheme: "mmsto"
I/PackageManager(  372): Adding preferred activity ComponentInfo{com.android.mms/com.android.mms.ui.ComposeMessageActivity} for user 0 :
I/PackageManager(  372):   Action: "android.intent.action.SENDTO"
I/PackageManager(  372):   Category: "android.intent.category.DEFAULT"
I/PackageManager(  372):   Scheme: "sms"
I/PackageManager(  372): Adding preferred activity ComponentInfo{com.android.mms/com.android.mms.ui.ComposeMessageActivity} for user 0 :
I/PackageManager(  372):   Action: "android.intent.action.SENDTO"
I/PackageManager(  372):   Category: "android.intent.category.DEFAULT"
I/PackageManager(  372):   Scheme: "smsto"
I/PackageManager(  372): Adding preferred activity ComponentInfo{com.android.mms/com.android.mms.ui.ComposeMessageActivity} for user 0 :
D/dalvikvm(  603): GC_CONCURRENT freed 474K, 17% free 3334K/3976K, paused 12ms+2ms, total 40ms
I/PackageManager(  372):   Action: "android.intent.action.SENDTO"
I/PackageManager(  372):   Category: "android.intent.category.DEFAULT"
I/PackageManager(  372):   Scheme: "mms"
I/PackageManager(  372): Adding preferred activity ComponentInfo{com.android.mms/com.android.mms.ui.ComposeMessageActivity} for user 0 :
I/PackageManager(  372):   Action: "android.intent.action.SENDTO"
I/PackageManager(  372):   Category: "android.intent.category.DEFAULT"
I/PackageManager(  372):   Scheme: "mmsto"
I/PackageManager(  372): Adding preferred activity ComponentInfo{com.android.mms/com.android.mms.ui.ComposeMessageActivity} for user 0 :
I/PackageManager(  372):   Action: "android.intent.action.SENDTO"
I/PackageManager(  372):   Category: "android.intent.category.DEFAULT"
I/PackageManager(  372):   Scheme: "sms"
I/PackageManager(  372): Adding preferred activity ComponentInfo{com.android.mms/com.android.mms.ui.ComposeMessageActivity} for user 0 :
I/PackageManager(  372):   Action: "android.intent.action.SENDTO"
I/PackageManager(  372):   Category: "android.intent.category.DEFAULT"
I/PackageManager(  372):   Scheme: "smsto"
I/PackageManager(  372): Adding preferred activity ComponentInfo{com.android.mms/com.android.mms.ui.ComposeMessageActivity} for user 0 :
I/PackageManager(  372):   Action: "android.intent.action.SENDTO"
I/PackageManager(  372):   Category: "android.intent.category.DEFAULT"
I/PackageManager(  372):   Scheme: "mms"
I/PackageManager(  372): Adding preferred activity ComponentInfo{com.android.mms/com.android.mms.ui.ComposeMessageActivity} for user 0 :
D/dalvikvm(  372): GC_CONCURRENT freed 694K, 56% free 5829K/13124K, paused 17ms+14ms, total 141ms
I/PackageManager(  372):   Action: "android.intent.action.SENDTO"
I/PackageManager(  372):   Category: "android.intent.category.DEFAULT"
I/PackageManager(  372):   Scheme: "mmsto"
I/PackageManager(  372): Adding preferred activity ComponentInfo{com.android.mms/com.android.mms.ui.ComposeMessageActivity} for user 0 :
D/dalvikvm(  603): GC_CONCURRENT freed 386K, 15% free 3397K/3976K, paused 4ms+12ms, total 49ms
D/AlertService(  982): Scheduling next alarm with AlarmScheduler. sEventReminderReceived: null
D/AlarmScheduler(  982): No events found starting within 1 week.
D/dalvikvm(  683): GC_CONCURRENT freed 1138K, 25% free 6440K/8576K, paused 3ms+3ms, total 62ms
D/AndroidRuntime( 1176): 
D/AndroidRuntime( 1176): >>>>>> AndroidRuntime START com.android.internal.os.RuntimeInit <<<<<<
D/AndroidRuntime( 1176): CheckJNI is ON
D/dalvikvm( 1176): Trying to load lib libjavacore.so 0x0
D/dalvikvm( 1176): Added shared lib libjavacore.so 0x0
D/dalvikvm( 1176): Trying to load lib libnativehelper.so 0x0
D/dalvikvm( 1176): Added shared lib libnativehelper.so 0x0
D/dalvikvm( 1176): No JNI_OnLoad found in libnativehelper.so 0x0, skipping init
D/dalvikvm( 1176): Note: class Landroid/app/ActivityManagerNative; has 179 unimplemented (abstract) methods
E/memtrack( 1176): Couldn't load memtrack module (No such file or directory)
E/android.os.Debug( 1176): failed to load memtrack module: -2
D/AndroidRuntime( 1176): Calling main entry com.android.commands.am.Am
I/ActivityManager(  372): START u0 {act=android.intent.action.MAIN cat=[android.intent.category.LAUNCHER] flg=0x10000000 cmp=com.vox.mosippro/com.vx.ui.SplashActivity} from pid 1176
D/gralloc (   57): Registering a buffer in the process that created it. This may cause memory ordering problems.
E/libEGL  (   57): called unimplemented OpenGL ES API
E/libEGL  (   57): called unimplemented OpenGL ES API
E/libEGL  (   57): called unimplemented OpenGL ES API
E/libEGL  (   57): called unimplemented OpenGL ES API
E/SurfaceFlinger(   57): glCheckFramebufferStatusOES error -1411845700
E/SurfaceFlinger(   57): got GL_FRAMEBUFFER_COMPLETE_OES error while taking screenshot
E/libEGL  (   57): called unimplemented OpenGL ES API
E/libEGL  (   57): called unimplemented OpenGL ES API
W/WindowManager(  372): Screenshot failure taking screenshot for (164x295) to layer 21005
I/ActivityManager(  372): Start proc com.vox.mosippro for activity com.vox.mosippro/com.vx.ui.SplashActivity: pid=1186 uid=10052 gids={50052, 3003, 1028, 1015, 3002}
I/Choreographer(  372): Skipped 38 frames!  The application may be doing too much work on its main thread.
D/dalvikvm(  372): GC_CONCURRENT freed 454K, 54% free 6075K/13124K, paused 7ms+66ms, total 400ms
I/Choreographer(  372): Skipped 34 frames!  The application may be doing too much work on its main thread.
I/ARMAssembler(   57): generated scanline__00000077:03515104_00009002_00000000 [127 ipp] (149 ins) at [0xb5ad7680:0xb5ad78d4] in 0 ns
I/ARMAssembler(   57): generated scanline__00000077:03010104_00008002_00000000 [ 89 ipp] (110 ins) at [0xb5ad78e0:0xb5ad7a98] in 10000000 ns
D/dalvikvm( 1186): GC_FOR_ALLOC freed 44K, 4% free 2741K/2852K, paused 37ms, total 38ms
I/dalvikvm-heap( 1186): Grow heap (frag case) to 3.619MB for 921616-byte allocation
D/dalvikvm( 1186): GC_CONCURRENT freed <1K, 4% free 3641K/3756K, paused 4ms+1ms, total 26ms
D/dalvikvm( 1186): WAIT_FOR_CONCURRENT_GC blocked 19ms
I/System.out( 1186): Invoke splash oncreate userSettings_httpLinkhttps://crsfbrhmaizsmnpdv.info
D/dalvikvm( 1186): Trying to load lib /data/app-lib/com.vox.mosippro-1/libpjsua.so 0xb2cccc18
D/dalvikvm( 1186): Added shared lib /data/app-lib/com.vox.mosippro-1/libpjsua.so 0xb2cccc18
I/System.out( 1186): length zero or http:https://crsfbrhmaizsmnpdv.info
I/System.out( 1186): length zero or http:https://crsfbrhmaizsmnpdv.info
I/Choreographer(  683): Skipped 42 frames!  The application may be doing too much work on its main thread.
I/System.out( 1186): getting display_name,username,pwd
E/SQLiteLog( 1186): (1) no such table: accounts
D/gralloc_goldfish( 1186): Emulator without GPU emulation detected.
I/ActivityManager(  372): Displayed com.vox.mosippro/com.vx.ui.SplashActivity: +2s99ms
D/AndroidRuntime( 1176): Shutting down VM
D/dalvikvm( 1176): GC_CONCURRENT freed 97K, 15% free 589K/692K, paused 2ms+1ms, total 22ms
I/ActivityManager(  372): Waited long enough for: ServiceRecord{b2fdd1b8 u0 com.android.calendar/.alerts.InitAlarmsService}
I/ActivityManager(  372): START u0 {cmp=com.vox.mosippro/com.vx.ui.LoginActivity} from pid 1186
D/dalvikvm( 1186): GC_CONCURRENT freed 140K, 5% free 4011K/4220K, paused 4ms+23ms, total 94ms
D/dalvikvm( 1186): WAIT_FOR_CONCURRENT_GC blocked 3ms
I/Choreographer( 1186): Skipped 212 frames!  The application may be doing too much work on its main thread.
I/Choreographer( 1186): Skipped 166 frames!  The application may be doing too much work on its main thread.
V/AlarmClock( 1011): AlarmInitReceiver android.intent.action.TIME_SET
I/Choreographer( 1186): Skipped 108 frames!  The application may be doing too much work on its main thread.
I/ActivityManager(  372): Displayed com.vox.mosippro/com.vx.ui.LoginActivity: +2s279ms
D/        (  372): Setting time of day to sec=1528375168
I/ARMAssembler(   57): generated scanline__00000077:03010104_00008001_00000000 [ 89 ipp] (110 ins) at [0xb5ad7aa0:0xb5ad7c58] in 0 ns
I/Choreographer( 1186): Skipped 125 frames!  The application may be doing too much work on its main thread.
D/dalvikvm(  590): GC_CONCURRENT freed 290K, 10% free 3183K/3536K, paused 5ms+2ms, total 56ms
I/ResourceUtils(  590): Found default value: resource=phantom_sudden_move_event_device_list build=[HARDWARE=goldfish MODEL=sdk BRAND=generic MANUFACTURER=unknown] default=false
I/ResourceUtils(  590): Found default value: resource=keyboard_heights build=[HARDWARE=goldfish MODEL=sdk BRAND=generic MANUFACTURER=unknown] default=
W/SubtypeSwitcher(  590): Can't find Emoji subtype
W/SubtypeSwitcher(  590): No input method subtype found; return dummy subtype: android.view.inputmethod.InputMethodSubtype@d78b2ed0
D/dalvikvm(  590): GC_FOR_ALLOC freed 178K, 7% free 3358K/3600K, paused 28ms, total 32ms
D/dalvikvm(  590): GC_CONCURRENT freed 368K, 14% free 3397K/3908K, paused 14ms+4ms, total 43ms
D/dalvikvm(  590): GC_FOR_ALLOC freed 71K, 12% free 3443K/3908K, paused 19ms, total 19ms
I/dalvikvm-heap(  590): Grow heap (frag case) to 3.738MB for 331792-byte allocation
D/dalvikvm(  590): GC_FOR_ALLOC freed <1K, 12% free 3766K/4236K, paused 18ms, total 18ms
I/AlarmClock( 1011): Displaying next alarm time: ''
V/AlarmClock( 1011): AlarmInitReceiver finished
D/dalvikvm(  590): GC_FOR_ALLOC freed 509K, 17% free 3553K/4236K, paused 35ms, total 36ms
D/dalvikvm(  590): GC_CONCURRENT freed 86K, 8% free 3920K/4236K, paused 4ms+14ms, total 55ms
D/dalvikvm(  590): GC_CONCURRENT freed 492K, 13% free 3895K/4472K, paused 5ms+12ms, total 54ms
D/dalvikvm(  590): GC_FOR_ALLOC freed 440K, 19% free 3646K/4472K, paused 21ms, total 22ms
I/dalvikvm-heap(  590): Grow heap (frag case) to 4.035MB for 434192-byte allocation
D/dalvikvm(  590): GC_CONCURRENT freed 44K, 18% free 4026K/4900K, paused 5ms+3ms, total 26ms
D/dalvikvm(  590): WAIT_FOR_CONCURRENT_GC blocked 21ms
D/dalvikvm(  590): GC_FOR_ALLOC freed 590K, 24% free 3728K/4900K, paused 21ms, total 22ms
W/ViewPager(  590): Requested offscreen page limit 0 too small; defaulting to 1
D/dalvikvm(  590): GC_CONCURRENT freed 105K, 17% free 4079K/4900K, paused 5ms+4ms, total 66ms
I/LatinIME:LogUtils(  590): Dictionary info: dictionary = contacts.en_US.dict ; version = ? ; date = ?
D/dalvikvm(  590): GC_CONCURRENT freed 402K, 17% free 4071K/4900K, paused 12ms+9ms, total 103ms
D/gralloc_goldfish(  590): Emulator without GPU emulation detected.
D/dalvikvm(  590): GC_FOR_ALLOC freed 35K, 18% free 4041K/4900K, paused 41ms, total 41ms
I/dalvikvm-heap(  590): Grow heap (frag case) to 4.548MB for 568336-byte allocation
D/dalvikvm(  590): GC_CONCURRENT freed 0K, 16% free 4596K/5456K, paused 5ms+4ms, total 32ms
D/dalvikvm(  590): WAIT_FOR_CONCURRENT_GC blocked 22ms
D/dalvikvm(  590): GC_FOR_ALLOC freed 0K, 16% free 4597K/5456K, paused 39ms, total 39ms
I/dalvikvm-heap(  590): Grow heap (frag case) to 5.090MB for 568336-byte allocation
D/dalvikvm(  590): GC_FOR_ALLOC freed 0K, 15% free 5152K/6012K, paused 40ms, total 40ms
D/dalvikvm(  590): GC_CONCURRENT freed 1K, 15% free 5154K/6012K, paused 5ms+6ms, total 59ms
D/InitAlarmsService(  982): Clearing and rescheduling alarms.
D/AndroidRuntime( 1210): 
D/AndroidRuntime( 1210): >>>>>> AndroidRuntime START com.android.internal.os.RuntimeInit <<<<<<
D/AndroidRuntime( 1210): CheckJNI is ON
D/dalvikvm( 1210): Trying to load lib libjavacore.so 0x0
D/dalvikvm( 1210): Added shared lib libjavacore.so 0x0
D/dalvikvm( 1210): Trying to load lib libnativehelper.so 0x0
D/dalvikvm( 1210): Added shared lib libnativehelper.so 0x0
D/dalvikvm( 1210): No JNI_OnLoad found in libnativehelper.so 0x0, skipping init
D/dalvikvm( 1210): Note: class Landroid/app/ActivityManagerNative; has 179 unimplemented (abstract) methods
E/memtrack( 1210): Couldn't load memtrack module (No such file or directory)
E/android.os.Debug( 1210): failed to load memtrack module: -2
D/AndroidRuntime( 1210): Calling main entry com.android.commands.am.Am
D/AndroidRuntime( 1210): Shutting down VM
D/dalvikvm( 1210): GC_CONCURRENT freed 97K, 15% free 587K/688K, paused 2ms+1ms, total 21ms
D/AndroidRuntime( 1221): 
D/AndroidRuntime( 1221): >>>>>> AndroidRuntime START com.android.internal.os.RuntimeInit <<<<<<
D/AndroidRuntime( 1221): CheckJNI is ON
D/dalvikvm( 1221): Trying to load lib libjavacore.so 0x0
D/dalvikvm( 1221): Added shared lib libjavacore.so 0x0
D/dalvikvm( 1221): Trying to load lib libnativehelper.so 0x0
D/dalvikvm( 1221): Added shared lib libnativehelper.so 0x0
D/dalvikvm( 1221): No JNI_OnLoad found in libnativehelper.so 0x0, skipping init
D/dalvikvm( 1221): Note: class Landroid/app/ActivityManagerNative; has 179 unimplemented (abstract) methods
E/memtrack( 1221): Couldn't load memtrack module (No such file or directory)
E/android.os.Debug( 1221): failed to load memtrack module: -2
D/AndroidRuntime( 1221): Calling main entry com.android.commands.am.Am
I/ActivityManager(  372): START u0 {act=android.intent.action.MAIN cat=[android.intent.category.LAUNCHER] flg=0x10000000 cmp=com.vox.mosippro/com.vx.ui.LoginActivity} from pid 1221
I/Choreographer( 1186): Skipped 120 frames!  The application may be doing too much work on its main thread.
I/Choreographer( 1186): Skipped 388 frames!  The application may be doing too much work on its main thread.
D/dalvikvm( 1186): GC_CONCURRENT freed 208K, 7% free 4191K/4468K, paused 4ms+33ms, total 151ms
I/ActivityManager(  372): Displayed com.vox.mosippro/com.vx.ui.LoginActivity: +3s82ms
D/AndroidRuntime( 1221): Shutting down VM
D/dalvikvm( 1221): GC_CONCURRENT freed 97K, 15% free 589K/692K, paused 2ms+2ms, total 23ms
I/Choreographer(  372): Skipped 30 frames!  The application may be doing too much work on its main thread.
I/Choreographer(  372): Skipped 31 frames!  The application may be doing too much work on its main thread.
I/Choreographer(  590): Skipped 199 frames!  The application may be doing too much work on its main thread.
D/dalvikvm(  590): GC_FOR_ALLOC freed 592K, 20% free 4601K/5684K, paused 58ms, total 59ms
D/dalvikvm(  590): GC_CONCURRENT freed 1K, 10% free 5155K/5684K, paused 5ms+2ms, total 157ms
D/dalvikvm(  590): GC_FOR_ALLOC freed <1K, 10% free 5155K/5684K, paused 21ms, total 21ms
I/dalvikvm-heap(  590): Grow heap (frag case) to 6.160MB for 1117456-byte allocation
D/dalvikvm(  590): GC_CONCURRENT freed 0K, 8% free 6246K/6776K, paused 5ms+2ms, total 54ms
D/dalvikvm(  590): WAIT_FOR_CONCURRENT_GC blocked 44ms
I/Choreographer(  590): Skipped 108 frames!  The application may be doing too much work on its main thread.
D/LightsService(  372): Excessive delay setting light: 546ms
I/MediaFocusControl(  372):  AudioFocus  abandonAudioFocus() from android.media.AudioManager@b2cd5378com.android.music.MediaPlaybackService$3@b2cd41f8
D/AndroidRuntime( 1232): 
D/AndroidRuntime( 1232): >>>>>> AndroidRuntime START com.android.internal.os.RuntimeInit <<<<<<
D/AndroidRuntime( 1232): CheckJNI is ON
D/dalvikvm( 1232): Trying to load lib libjavacore.so 0x0
D/dalvikvm( 1232): Added shared lib libjavacore.so 0x0
D/dalvikvm( 1232): Trying to load lib libnativehelper.so 0x0
D/dalvikvm( 1232): Added shared lib libnativehelper.so 0x0
D/dalvikvm( 1232): No JNI_OnLoad found in libnativehelper.so 0x0, skipping init
D/dalvikvm( 1232): Note: class Landroid/app/ActivityManagerNative; has 179 unimplemented (abstract) methods
E/memtrack( 1232): Couldn't load memtrack module (No such file or directory)
E/android.os.Debug( 1232): failed to load memtrack module: -2
D/AndroidRuntime( 1232): Calling main entry com.android.commands.am.Am
I/ActivityManager(  372): START u0 {act=android.intent.action.MAIN cat=[android.intent.category.LAUNCHER] flg=0x10000000 cmp=com.vox.mosippro/com.vx.ui.Home} from pid 1232
W/ContextImpl( 1186): Implicit intents with startService are not safe: Intent { act=com.vx.utils.RecentCloseService } android.content.ContextWrapper.startService:494 com.vx.ui.d.run:-1 <bottom of call stack> 
I/System.out( 1186): Home.onResume()
I/System.out( 1186): Invoke Home.onResume() int 
D/PACK NAME: ( 1186): PKGNAME com.vox.mosippro
I/System.out( 1186): Invoke init method
D/setCallbackObject ( 1186): VX_LOG not null vlaue
I/System.out( 1186): init called
I/System.out( 1186): Invoke before InitializeApp
D/VX_JNI_InitializeApp:: VX_JNI_InitializeApp()( 1186): VX_LOG 12345  80
D/VX_JNI_InitializeApp:: VX_JNI_InitializeApp()( 1186): VX_LOG log file name=   
D/InitializeApp::InitializeApp()( 1186): VX_LOG InitializeApp log file name= 
I/System.out( 1186): Invoke After InitializeApp
I/System.out( 1186): app return val initStatus=0
D/VX_JNI_SetSIPEncryptionConfiguration:: VX_JNI_SetSIPEncryptionConfiguration()( 1186): VX_LOG
D/VX_JNI_SetRTPEncryptionConfiguration:: VX_JNI_SetRTPEncryptionConfiguration()( 1186): VX_LOG
D/AndroidRuntime( 1186): Shutting down VM
W/dalvikvm( 1186): threadid=1: thread exiting with uncaught exception (group=0xb2a1bba8)
E/AndroidRuntime( 1186): FATAL EXCEPTION: main
E/AndroidRuntime( 1186): Process: com.vox.mosippro, PID: 1186
E/AndroidRuntime( 1186): java.lang.RuntimeException: Unable to resume activity {com.vox.mosippro/com.vx.ui.Home}: java.lang.NumberFormatException: Invalid int: ""
E/AndroidRuntime( 1186): 	at android.app.ActivityThread.performResumeActivity(ActivityThread.java:2774)
E/AndroidRuntime( 1186): 	at android.app.ActivityThread.handleResumeActivity(ActivityThread.java:2803)
E/AndroidRuntime( 1186): 	at android.app.ActivityThread.handleLaunchActivity(ActivityThread.java:2238)
E/AndroidRuntime( 1186): 	at android.app.ActivityThread.access$800(ActivityThread.java:135)
E/AndroidRuntime( 1186): 	at android.app.ActivityThread$H.handleMessage(ActivityThread.java:1196)
E/AndroidRuntime( 1186): 	at android.os.Handler.dispatchMessage(Handler.java:102)
E/AndroidRuntime( 1186): 	at android.os.Looper.loop(Looper.java:136)
E/AndroidRuntime( 1186): 	at android.app.ActivityThread.main(ActivityThread.java:5001)
E/AndroidRuntime( 1186): 	at java.lang.reflect.Method.invokeNative(Native Method)
E/AndroidRuntime( 1186): 	at java.lang.reflect.Method.invoke(Method.java:515)
E/AndroidRuntime( 1186): 	at com.android.internal.os.ZygoteInit$MethodAndArgsCaller.run(ZygoteInit.java:785)
E/AndroidRuntime( 1186): 	at com.android.internal.os.ZygoteInit.main(ZygoteInit.java:601)
E/AndroidRuntime( 1186): 	at dalvik.system.NativeStart.main(Native Method)
E/AndroidRuntime( 1186): Caused by: java.lang.NumberFormatException: Invalid int: ""
E/AndroidRuntime( 1186): 	at java.lang.Integer.invalidInt(Integer.java:137)
E/AndroidRuntime( 1186): 	at java.lang.Integer.parseInt(Integer.java:358)
E/AndroidRuntime( 1186): 	at java.lang.Integer.parseInt(Integer.java:331)
E/AndroidRuntime( 1186): 	at com.vx.ui.Home.a(Unknown Source)
E/AndroidRuntime( 1186): 	at com.vx.ui.Home.onResume(Unknown Source)
E/AndroidRuntime( 1186): 	at android.app.Instrumentation.callActivityOnResume(Instrumentation.java:1192)
E/AndroidRuntime( 1186): 	at android.app.Activity.performResume(Activity.java:5310)
E/AndroidRuntime( 1186): 	at android.app.ActivityThread.performResumeActivity(ActivityThread.java:2764)
E/AndroidRuntime( 1186): 	... 12 more
W/ActivityManager(  372):   Force finishing activity com.vox.mosippro/com.vx.ui.Home
W/ActivityManager(  372):   Force finishing activity com.vox.mosippro/com.vx.ui.LoginActivity
D/dalvikvm(  372): GC_CONCURRENT freed 443K, 51% free 6479K/13124K, paused 48ms+30ms, total 337ms
W/ActivityManager(  372): Activity pause timeout for ActivityRecord{b365a4f8 u0 com.vox.mosippro/com.vx.ui.Home t4 f}
W/ActivityManager(  372): Launch timeout has expired, giving up wake lock!
D/AndroidRuntime( 1232): Shutting down VM
D/dalvikvm( 1232): GC_CONCURRENT freed 97K, 15% free 589K/688K, paused 2ms+1ms, total 22ms
D/AndroidRuntime( 1250): 
D/AndroidRuntime( 1250): >>>>>> AndroidRuntime START com.android.internal.os.RuntimeInit <<<<<<
D/AndroidRuntime( 1250): CheckJNI is ON
D/dalvikvm( 1250): Trying to load lib libjavacore.so 0x0
D/dalvikvm( 1250): Added shared lib libjavacore.so 0x0
D/dalvikvm( 1250): Trying to load lib libnativehelper.so 0x0
D/dalvikvm( 1250): Added shared lib libnativehelper.so 0x0
D/dalvikvm( 1250): No JNI_OnLoad found in libnativehelper.so 0x0, skipping init
D/dalvikvm( 1250): Note: class Landroid/app/ActivityManagerNative; has 179 unimplemented (abstract) methods
E/memtrack( 1250): Couldn't load memtrack module (No such file or directory)
E/android.os.Debug( 1250): failed to load memtrack module: -2
D/AndroidRuntime( 1250): Calling main entry com.android.commands.am.Am
I/ActivityManager(  372): START u0 {act=android.intent.action.MAIN cat=[android.intent.category.LAUNCHER] flg=0x10000000 cmp=com.vox.mosippro/com.vx.ui.dialpad.DialerActivity} from pid 1250
W/ActivityManager(  372): Activity pause timeout for ActivityRecord{b3461130 u0 com.vox.mosippro/com.vx.ui.LoginActivity t4}
W/ActivityManager(  372): Timeout executing service: ServiceRecord{b3487510 u0 com.vox.mosippro/com.vx.utils.RecentCloseService}
I/ActivityManager(  372): Crashing app skipping ANR: ProcessRecord{b3327a40 1186:com.vox.mosippro/u0a52} Executing service com.vox.mosippro/com.vx.utils.RecentCloseService
W/ActivityManager(  372): Activity destroy timeout for ActivityRecord{b2d32608 u0 com.vox.mosippro/com.vx.ui.LoginActivity t4 f}
W/ActivityManager(  372): Activity destroy timeout for ActivityRecord{b365a4f8 u0 com.vox.mosippro/com.vx.ui.Home t4 f}
W/ActivityManager(  372): Launch timeout has expired, giving up wake lock!
D/AndroidRuntime( 1250): Shutting down VM
D/dalvikvm( 1250): GC_CONCURRENT freed 98K, 15% free 589K/692K, paused 2ms+1ms, total 21ms
D/AndroidRuntime( 1260): 
D/AndroidRuntime( 1260): >>>>>> AndroidRuntime START com.android.internal.os.RuntimeInit <<<<<<
