D/dalvikvm(  590): GC_CONCURRENT freed 438K, 16% free 2978K/3544K, paused 4ms+3ms, total 95ms
I/LatinIME:LogUtils(  590): Dictionary info: dictionary = main:en ; version = 42 ; date = 1381226429
D/dalvikvm(  603): GC_CONCURRENT freed 281K, 11% free 3036K/3384K, paused 3ms+6ms, total 32ms
D/TelephonyDebugService(  603): TelephonyDebugService()
D/dalvikvm(  683): GC_CONCURRENT freed 175K, 8% free 2943K/3188K, paused 6ms+4ms, total 102ms
D/MccTable(  603): updateMccMncConfiguration: mcc=310, mnc=260
D/AlarmManagerService(  372): Kernel timezone updated to 240 minutes west of GMT
D/MccTable(  603): timezone set to America/New_York
D/MccTable(  603): getLocaleFromMcc to en_us mcc=310
D/MccTable(  603): getLocaleForLanguageCountry: got match
D/MccTable(  603): getLocaleForLanguageCountry: X locale=en_US
D/MccTable(  603): WIFI_COUNTRY_CODE set to us
I/WifiService(  372): WifiService trying to set country code to us with persist set to true
I/FusedLocation(  372): engine started (com.android.location.fused)
D/MobileDataStateTracker(  372): fota: Broadcast received: android.intent.action.ANY_DATA_STATE apnType=fota
D/MobileDataStateTracker(  372): fota: Received state=DISCONNECTED, old=DISCONNECTED, reason=radioTurnedOff
D/MobileDataStateTracker(  372): ia: Broadcast received: android.intent.action.ANY_DATA_STATE apnType=ia
D/MobileDataStateTracker(  372): ia: Received state=DISCONNECTED, old=DISCONNECTED, reason=radioTurnedOff
D/MobileDataStateTracker(  372): supl: Broadcast received: android.intent.action.ANY_DATA_STATE apnType=supl
D/MobileDataStateTracker(  372): supl: Received state=DISCONNECTED, old=DISCONNECTED, reason=radioTurnedOff
D/MobileDataStateTracker(  372): hipri: Broadcast received: android.intent.action.ANY_DATA_STATE apnType=hipri
D/MobileDataStateTracker(  372): hipri: Received state=DISCONNECTED, old=DISCONNECTED, reason=radioTurnedOff
D/MobileDataStateTracker(  372): ims: Broadcast received: android.intent.action.ANY_DATA_STATE apnType=ims
D/MobileDataStateTracker(  372): ims: Received state=DISCONNECTED, old=DISCONNECTED, reason=radioTurnedOff
D/MobileDataStateTracker(  372): default: Broadcast received: android.intent.action.ANY_DATA_STATE apnType=default
D/MobileDataStateTracker(  372): default: Received state=DISCONNECTED, old=DISCONNECTED, reason=radioTurnedOff
D/MobileDataStateTracker(  372): mms: Broadcast received: android.intent.action.ANY_DATA_STATE apnType=mms
D/MobileDataStateTracker(  372): mms: Received state=DISCONNECTED, old=DISCONNECTED, reason=radioTurnedOff
D/MobileDataStateTracker(  372): cbs: Broadcast received: android.intent.action.ANY_DATA_STATE apnType=cbs
D/MobileDataStateTracker(  372): cbs: Received state=DISCONNECTED, old=DISCONNECTED, reason=radioTurnedOff
D/MobileDataStateTracker(  372): fota: Broadcast received: android.intent.action.ANY_DATA_STATE apnType=fota
D/MobileDataStateTracker(  372): fota: Received state=DISCONNECTED, old=DISCONNECTED, reason=radioTurnedOff
D/MobileDataStateTracker(  372): ia: Broadcast received: android.intent.action.ANY_DATA_STATE apnType=ia
D/MobileDataStateTracker(  372): ia: Received state=DISCONNECTED, old=DISCONNECTED, reason=radioTurnedOff
D/MobileDataStateTracker(  372): supl: Broadcast received: android.intent.action.ANY_DATA_STATE apnType=supl
D/MobileDataStateTracker(  372): supl: Received state=DISCONNECTED, old=DISCONNECTED, reason=radioTurnedOff
D/MobileDataStateTracker(  372): hipri: Broadcast received: android.intent.action.ANY_DATA_STATE apnType=hipri
D/MobileDataStateTracker(  372): hipri: Received state=DISCONNECTED, old=DISCONNECTED, reason=radioTurnedOff
D/MobileDataStateTracker(  372): ims: Broadcast received: android.intent.action.ANY_DATA_STATE apnType=ims
D/MobileDataStateTracker(  372): ims: Received state=DISCONNECTED, old=DISCONNECTED, reason=radioTurnedOff
D/MobileDataStateTracker(  372): default: Broadcast received: android.intent.action.ANY_DATA_STATE apnType=default
D/MobileDataStateTracker(  372): default: Received state=DISCONNECTED, old=DISCONNECTED, reason=radioTurnedOff
D/MobileDataStateTracker(  372): mms: Broadcast received: android.intent.action.ANY_DATA_STATE apnType=mms
D/MobileDataStateTracker(  372): mms: Received state=DISCONNECTED, old=DISCONNECTED, reason=radioTurnedOff
D/MobileDataStateTracker(  372): cbs: Broadcast received: android.intent.action.ANY_DATA_STATE apnType=cbs
D/MobileDataStateTracker(  372): cbs: Received state=DISCONNECTED, old=DISCONNECTED, reason=radioTurnedOff
I/LatinIME:LogUtils(  590): Dictionary info: dictionary = main:en ; version = 42 ; date = 1381226429
I/LatinIME:LogUtils(  590): Dictionary info: dictionary = main:en ; version = 42 ; date = 1381226429
I/LatinIME:LogUtils(  590): Dictionary info: dictionary = main:en ; version = 42 ; date = 1381226429
D/dalvikvm(  372): GC_CONCURRENT freed 634K, 59% free 5484K/13124K, paused 10ms+35ms, total 433ms
D/dalvikvm(  372): WAIT_FOR_CONCURRENT_GC blocked 86ms
D/dalvikvm(  372): WAIT_FOR_CONCURRENT_GC blocked 86ms
D/MobileDataStateTracker(  372): fota: Broadcast received: android.intent.action.ANY_DATA_STATE apnType=fota
D/MobileDataStateTracker(  372): fota: Received state=DISCONNECTED, old=DISCONNECTED, reason=dataDetached
D/MobileDataStateTracker(  372): ia: Broadcast received: android.intent.action.ANY_DATA_STATE apnType=ia
D/MobileDataStateTracker(  372): ia: Received state=DISCONNECTED, old=DISCONNECTED, reason=dataDetached
D/MobileDataStateTracker(  372): supl: Broadcast received: android.intent.action.ANY_DATA_STATE apnType=supl
D/MobileDataStateTracker(  372): supl: Received state=DISCONNECTED, old=DISCONNECTED, reason=dataDetached
D/MobileDataStateTracker(  372): hipri: Broadcast received: android.intent.action.ANY_DATA_STATE apnType=hipri
D/MobileDataStateTracker(  372): hipri: Received state=DISCONNECTED, old=DISCONNECTED, reason=dataDetached
D/MobileDataStateTracker(  372): ims: Broadcast received: android.intent.action.ANY_DATA_STATE apnType=ims
D/MobileDataStateTracker(  372): ims: Received state=DISCONNECTED, old=DISCONNECTED, reason=dataDetached
D/MobileDataStateTracker(  372): default: Broadcast received: android.intent.action.ANY_DATA_STATE apnType=default
I/LatinIME:LogUtils(  590): Dictionary info: dictionary = main:en ; version = 42 ; date = 1381226429
I/LatinIME:LogUtils(  590): Dictionary info: dictionary = main:en ; version = 42 ; date = 1381226429
I/LatinIME:LogUtils(  590): Dictionary info: dictionary = main:en ; version = 42 ; date = 1381226429
D/MobileDataStateTracker(  372): default: Received state=DISCONNECTED, old=DISCONNECTED, reason=dataDetached
D/MobileDataStateTracker(  372): mms: Broadcast received: android.intent.action.ANY_DATA_STATE apnType=mms
D/MobileDataStateTracker(  372): mms: Received state=DISCONNECTED, old=DISCONNECTED, reason=dataDetached
D/MobileDataStateTracker(  372): cbs: Broadcast received: android.intent.action.ANY_DATA_STATE apnType=cbs
D/MobileDataStateTracker(  372): cbs: Received state=DISCONNECTED, old=DISCONNECTED, reason=dataDetached
D/MobileDataStateTracker(  372): fota: Broadcast received: android.intent.action.ANY_DATA_STATE apnType=fota
D/MobileDataStateTracker(  372): fota: Received state=DISCONNECTED, old=DISCONNECTED, reason=roamingOff
D/MobileDataStateTracker(  372): ia: Broadcast received: android.intent.action.ANY_DATA_STATE apnType=ia
D/MobileDataStateTracker(  372): ia: Received state=DISCONNECTED, old=DISCONNECTED, reason=roamingOff
D/MobileDataStateTracker(  372): supl: Broadcast received: android.intent.action.ANY_DATA_STATE apnType=supl
I/LatinIME:LogUtils(  590): Dictionary info: dictionary = main:en ; version = 42 ; date = 1381226429
D/MobileDataStateTracker(  372): supl: Received state=DISCONNECTED, old=DISCONNECTED, reason=roamingOff
D/MobileDataStateTracker(  372): hipri: Broadcast received: android.intent.action.ANY_DATA_STATE apnType=hipri
D/MobileDataStateTracker(  372): hipri: Received state=DISCONNECTED, old=DISCONNECTED, reason=roamingOff
D/MobileDataStateTracker(  372): ims: Broadcast received: android.intent.action.ANY_DATA_STATE apnType=ims
D/dalvikvm(  590): GC_CONCURRENT freed 295K, 14% free 3071K/3544K, paused 4ms+3ms, total 91ms
D/MobileDataStateTracker(  372): ims: Received state=DISCONNECTED, old=DISCONNECTED, reason=roamingOff
D/MobileDataStateTracker(  372): default: Broadcast received: android.intent.action.ANY_DATA_STATE apnType=default
D/MobileDataStateTracker(  372): default: Received state=DISCONNECTED, old=DISCONNECTED, reason=roamingOff
D/MobileDataStateTracker(  372): mms: Broadcast received: android.intent.action.ANY_DATA_STATE apnType=mms
D/MobileDataStateTracker(  372): mms: Received state=DISCONNECTED, old=DISCONNECTED, reason=roamingOff
D/MobileDataStateTracker(  372): cbs: Broadcast received: android.intent.action.ANY_DATA_STATE apnType=cbs
D/MobileDataStateTracker(  372): cbs: Received state=DISCONNECTED, old=DISCONNECTED, reason=roamingOff
D/MobileDataStateTracker(  372): fota: Broadcast received: android.intent.action.ANY_DATA_STATE apnType=fota
D/MobileDataStateTracker(  372): fota: Received state=DISCONNECTED, old=DISCONNECTED, reason=roamingOff
D/MobileDataStateTracker(  372): ia: Broadcast received: android.intent.action.ANY_DATA_STATE apnType=ia
D/MobileDataStateTracker(  372): ia: Received state=DISCONNECTED, old=DISCONNECTED, reason=roamingOff
D/MobileDataStateTracker(  372): supl: Broadcast received: android.intent.action.ANY_DATA_STATE apnType=supl
D/MobileDataStateTracker(  372): supl: Received state=DISCONNECTED, old=DISCONNECTED, reason=roamingOff
D/MobileDataStateTracker(  372): hipri: Broadcast received: android.intent.action.ANY_DATA_STATE apnType=hipri
D/MobileDataStateTracker(  372): hipri: Received state=DISCONNECTED, old=DISCONNECTED, reason=roamingOff
D/MobileDataStateTracker(  372): ims: Broadcast received: android.intent.action.ANY_DATA_STATE apnType=ims
D/MobileDataStateTracker(  372): ims: Received state=DISCONNECTED, old=DISCONNECTED, reason=roamingOff
D/MobileDataStateTracker(  372): default: Broadcast received: android.intent.action.ANY_DATA_STATE apnType=default
D/MobileDataStateTracker(  372): default: Received state=DISCONNECTED, old=DISCONNECTED, reason=roamingOff
D/MobileDataStateTracker(  372): mms: Broadcast received: android.intent.action.ANY_DATA_STATE apnType=mms
D/MobileDataStateTracker(  372): mms: Received state=DISCONNECTED, old=DISCONNECTED, reason=roamingOff
D/MobileDataStateTracker(  372): cbs: Broadcast received: android.intent.action.ANY_DATA_STATE apnType=cbs
D/MobileDataStateTracker(  372): cbs: Received state=DISCONNECTED, old=DISCONNECTED, reason=roamingOff
D/MobileDataStateTracker(  372): fota: Broadcast received: android.intent.action.ANY_DATA_STATE apnType=fota
D/MobileDataStateTracker(  372): fota: Received state=DISCONNECTED, old=DISCONNECTED, reason=dataAttached
D/MobileDataStateTracker(  372): ia: Broadcast received: android.intent.action.ANY_DATA_STATE apnType=ia
D/MobileDataStateTracker(  372): ia: Received state=DISCONNECTED, old=DISCONNECTED, reason=dataAttached
D/dalvikvm(  603): GC_CONCURRENT freed 263K, 10% free 3167K/3496K, paused 33ms+2ms, total 83ms
D/MobileDataStateTracker(  372): supl: Broadcast received: android.intent.action.ANY_DATA_STATE apnType=supl
D/MobileDataStateTracker(  372): supl: Received state=DISCONNECTED, old=DISCONNECTED, reason=dataAttached
D/MobileDataStateTracker(  372): hipri: Broadcast received: android.intent.action.ANY_DATA_STATE apnType=hipri
D/MobileDataStateTracker(  372): hipri: Received state=DISCONNECTED, old=DISCONNECTED, reason=dataAttached
D/MobileDataStateTracker(  372): ims: Broadcast received: android.intent.action.ANY_DATA_STATE apnType=ims
D/MobileDataStateTracker(  372): ims: Received state=DISCONNECTED, old=DISCONNECTED, reason=dataAttached
D/MobileDataStateTracker(  372): mms: Broadcast received: android.intent.action.ANY_DATA_STATE apnType=mms
D/MobileDataStateTracker(  372): mms: Received state=DISCONNECTED, old=DISCONNECTED, reason=dataAttached
D/MobileDataStateTracker(  372): cbs: Broadcast received: android.intent.action.ANY_DATA_STATE apnType=cbs
D/MobileDataStateTracker(  372): cbs: Received state=DISCONNECTED, old=DISCONNECTED, reason=dataAttached
D/MobileDataStateTracker(  372): fota: Broadcast received: android.intent.action.ANY_DATA_STATE apnType=fota
D/MobileDataStateTracker(  372): fota: Received state=DISCONNECTED, old=DISCONNECTED, reason=dataAttached
D/MobileDataStateTracker(  372): ia: Broadcast received: android.intent.action.ANY_DATA_STATE apnType=ia
D/MobileDataStateTracker(  372): ia: Received state=DISCONNECTED, old=DISCONNECTED, reason=dataAttached
D/MobileDataStateTracker(  372): supl: Broadcast received: android.intent.action.ANY_DATA_STATE apnType=supl
D/MobileDataStateTracker(  372): supl: Received state=DISCONNECTED, old=DISCONNECTED, reason=dataAttached
D/MobileDataStateTracker(  372): hipri: Broadcast received: android.intent.action.ANY_DATA_STATE apnType=hipri
D/MobileDataStateTracker(  372): hipri: Received state=DISCONNECTED, old=DISCONNECTED, reason=dataAttached
D/MobileDataStateTracker(  372): ims: Broadcast received: android.intent.action.ANY_DATA_STATE apnType=ims
D/MobileDataStateTracker(  372): ims: Received state=DISCONNECTED, old=DISCONNECTED, reason=dataAttached
D/MobileDataStateTracker(  372): mms: Broadcast received: android.intent.action.ANY_DATA_STATE apnType=mms
D/MobileDataStateTracker(  372): mms: Received state=DISCONNECTED, old=DISCONNECTED, reason=dataAttached
D/MobileDataStateTracker(  372): cbs: Broadcast received: android.intent.action.ANY_DATA_STATE apnType=cbs
D/MobileDataStateTracker(  372): cbs: Received state=DISCONNECTED, old=DISCONNECTED, reason=dataAttached
D/dalvikvm(  372): GC_CONCURRENT freed 602K, 58% free 5530K/13124K, paused 33ms+4ms, total 190ms
D/MccTable(  603): updateMccMncConfiguration: mcc=310, mnc=260
D/MccTable(  603): getLocaleFromMcc to en_us mcc=310
D/MccTable(  603): getLocaleForLanguageCountry: got match
D/MccTable(  603): getLocaleForLanguageCountry: X locale=en_US
D/MccTable(  603): updateMccMncConfiguration updateConfig config={1.0 310mcc260mnc en_US ldltr ?swdp ?wdp ?hdp ?density ?lsize ?long ?orien ?uimode ?night ?touch ?keyb/?/? ?nav/?}
I/ActivityManager(  372): Config changes=3 {1.0 310mcc260mnc en_US ldltr sw480dp w480dp h839dp 160dpi lrg long port finger -keyb/v/h tball/v s.6}
D/PermissionCache(   57): checking android.permission.READ_FRAME_BUFFER for uid=1000 => granted (789 us)
D/gralloc (   57): Registering a buffer in the process that created it. This may cause memory ordering problems.
E/libEGL  (   57): called unimplemented OpenGL ES API
E/libEGL  (   57): called unimplemented OpenGL ES API
E/libEGL  (   57): called unimplemented OpenGL ES API
E/libEGL  (   57): called unimplemented OpenGL ES API
E/SurfaceFlinger(   57): glCheckFramebufferStatusOES error -1411845700
E/SurfaceFlinger(   57): got GL_FRAMEBUFFER_COMPLETE_OES error while taking screenshot
E/libEGL  (   57): called unimplemented OpenGL ES API
E/libEGL  (   57): called unimplemented OpenGL ES API
I/ARMAssembler(   57): generated scanline__00000077:03515104_00008001_00000000 [113 ipp] (134 ins) at [0xb5ad71f0:0xb5ad7408] in 10000000 ns
D/PhoneStatusBar(  449): mSettingsPanelGravity = 55
D/MccTable(  603): updateMccMncConfiguration: mcc=310, mnc=260
D/MccTable(  603): getLocaleFromMcc to en_us mcc=310
D/MccTable(  603): getLocaleForLanguageCountry: skipping already persisted
D/MccTable(  603): getLocaleForLanguageCountry: X locale=null
D/MccTable(  603): updateMccMncConfiguration updateConfig config={1.0 310mcc260mnc ?locale ?layoutDir ?swdp ?wdp ?hdp ?density ?lsize ?long ?orien ?uimode ?night ?touch ?keyb/?/? ?nav/?}
D/dalvikvm(  372): GC_CONCURRENT freed 712K, 59% free 5507K/13124K, paused 48ms+7ms, total 205ms
D/dalvikvm(  683): GC_FOR_ALLOC freed 189K, 8% free 3112K/3368K, paused 43ms, total 52ms
I/dalvikvm-heap(  683): Grow heap (frag case) to 3.712MB for 640016-byte allocation
D/dalvikvm(  603): GC_CONCURRENT freed 330K, 11% free 3297K/3692K, paused 4ms+23ms, total 54ms
D/dalvikvm(  683): GC_CONCURRENT freed 3K, 7% free 3734K/3996K, paused 9ms+2ms, total 65ms
D/dalvikvm(  683): WAIT_FOR_CONCURRENT_GC blocked 39ms
W/Resources(  683): Converting to int: TypedValue{t=0x3/d=0x12 "4" a=-1}
W/Resources(  683): Converting to int: TypedValue{t=0x3/d=0xf "1" a=-1}
W/Resources(  683): Converting to int: TypedValue{t=0x3/d=0x15 "2" a=-1}
W/Resources(  683): Converting to int: TypedValue{t=0x3/d=0x15 "2" a=-1}
W/Launcher.LauncherProvider(  683): Unable to add favorite: com.android.camera2/com.android.camera.CameraLauncher
W/Launcher.LauncherProvider(  683): android.content.pm.PackageManager$NameNotFoundException: ComponentInfo{com.android.camera2/com.android.camera.CameraLauncher}
W/Launcher.LauncherProvider(  683): 	at android.app.ApplicationPackageManager.getActivityInfo(ApplicationPackageManager.java:242)
W/Launcher.LauncherProvider(  683): 	at com.android.launcher2.LauncherProvider$DatabaseHelper.addAppShortcut(LauncherProvider.java:959)
W/Launcher.LauncherProvider(  683): 	at com.android.launcher2.LauncherProvider$DatabaseHelper.loadFavorites(LauncherProvider.java:863)
W/Launcher.LauncherProvider(  683): 	at com.android.launcher2.LauncherProvider$DatabaseHelper.access$000(LauncherProvider.java:253)
W/Launcher.LauncherProvider(  683): 	at com.android.launcher2.LauncherProvider.loadDefaultFavoritesIfNecessary(LauncherProvider.java:237)
W/Launcher.LauncherProvider(  683): 	at com.android.launcher2.LauncherModel$LoaderTask.loadWorkspace(LauncherModel.java:1278)
W/Launcher.LauncherProvider(  683): 	at com.android.launcher2.LauncherModel$LoaderTask.loadAndBindWorkspace(LauncherModel.java:1020)
W/Launcher.LauncherProvider(  683): 	at com.android.launcher2.LauncherModel$LoaderTask.run(LauncherModel.java:1126)
W/Launcher.LauncherProvider(  683): 	at android.os.Handler.handleCallback(Handler.java:733)
W/Launcher.LauncherProvider(  683): 	at android.os.Handler.dispatchMessage(Handler.java:95)
W/Launcher.LauncherProvider(  683): 	at android.os.Looper.loop(Looper.java:136)
W/Launcher.LauncherProvider(  683): 	at android.os.HandlerThread.run(HandlerThread.java:61)
W/Launcher.LauncherProvider(  683): Unable to add favorite: com.android.gallery3d/com.android.gallery3d.app.Gallery
W/Launcher.LauncherProvider(  683): android.content.pm.PackageManager$NameNotFoundException: ComponentInfo{com.android.gallery3d/com.android.gallery3d.app.Gallery}
W/Launcher.LauncherProvider(  683): 	at android.app.ApplicationPackageManager.getActivityInfo(ApplicationPackageManager.java:242)
W/Launcher.LauncherProvider(  683): 	at com.android.launcher2.LauncherProvider$DatabaseHelper.addAppShortcut(LauncherProvider.java:959)
W/Launcher.LauncherProvider(  683): 	at com.android.launcher2.LauncherProvider$DatabaseHelper.loadFavorites(LauncherProvider.java:863)
W/Launcher.LauncherProvider(  683): 	at com.android.launcher2.LauncherProvider$DatabaseHelper.access$000(LauncherProvider.java:253)
W/Launcher.LauncherProvider(  683): 	at com.android.launcher2.LauncherProvider.loadDefaultFavoritesIfNecessary(LauncherProvider.java:237)
W/Launcher.LauncherProvider(  683): 	at com.android.launcher2.LauncherModel$LoaderTask.loadWorkspace(LauncherModel.java:1278)
W/Launcher.LauncherProvider(  683): 	at com.android.launcher2.LauncherModel$LoaderTask.loadAndBindWorkspace(LauncherModel.java:1020)
W/Launcher.LauncherProvider(  683): 	at com.android.launcher2.LauncherModel$LoaderTask.run(LauncherModel.java:1126)
W/Launcher.LauncherProvider(  683): 	at android.os.Handler.handleCallback(Handler.java:733)
W/Launcher.LauncherProvider(  683): 	at android.os.Handler.dispatchMessage(Handler.java:95)
W/Launcher.LauncherProvider(  683): 	at android.os.Looper.loop(Looper.java:136)
W/Launcher.LauncherProvider(  683): 	at android.os.HandlerThread.run(HandlerThread.java:61)
D/MobileDataStateTracker(  372): fota: Broadcast received: android.intent.action.ANY_DATA_STATE apnType=fota
D/MobileDataStateTracker(  372): fota: Received state=DISCONNECTED, old=DISCONNECTED, reason=simLoaded
D/MobileDataStateTracker(  372): ia: Broadcast received: android.intent.action.ANY_DATA_STATE apnType=ia
D/MobileDataStateTracker(  372): ia: Received state=DISCONNECTED, old=DISCONNECTED, reason=simLoaded
D/MobileDataStateTracker(  372): supl: Broadcast received: android.intent.action.ANY_DATA_STATE apnType=supl
D/dalvikvm(  603): GC_CONCURRENT freed 462K, 13% free 3322K/3804K, paused 4ms+3ms, total 146ms
D/MobileDataStateTracker(  372): supl: Received state=DISCONNECTED, old=DISCONNECTED, reason=simLoaded
D/MobileDataStateTracker(  372): hipri: Broadcast received: android.intent.action.ANY_DATA_STATE apnType=hipri
D/MobileDataStateTracker(  372): hipri: Received state=DISCONNECTED, old=DISCONNECTED, reason=simLoaded
D/MobileDataStateTracker(  372): ims: Broadcast received: android.intent.action.ANY_DATA_STATE apnType=ims
D/MobileDataStateTracker(  372): ims: Received state=DISCONNECTED, old=DISCONNECTED, reason=simLoaded
D/MobileDataStateTracker(  372): mms: Broadcast received: android.intent.action.ANY_DATA_STATE apnType=mms
D/MobileDataStateTracker(  372): mms: Received state=DISCONNECTED, old=DISCONNECTED, reason=simLoaded
D/MobileDataStateTracker(  372): cbs: Broadcast received: android.intent.action.ANY_DATA_STATE apnType=cbs
D/MobileDataStateTracker(  372): cbs: Received state=DISCONNECTED, old=DISCONNECTED, reason=simLoaded
D/MobileDataStateTracker(  372): default: Broadcast received: android.intent.action.ANY_DATA_STATE apnType=default
D/MobileDataStateTracker(  372): default: Received state=CONNECTING, old=DISCONNECTED, reason=simLoaded
D/MobileDataStateTracker(  372): default: setDetailed state, old =IDLE and new state=CONNECTING
D/MobileDataStateTracker(  372): fota: Broadcast received: android.intent.action.ANY_DATA_STATE apnType=fota
D/MobileDataStateTracker(  372): fota: Received state=DISCONNECTED, old=DISCONNECTED, reason=simLoaded
D/MobileDataStateTracker(  372): ia: Broadcast received: android.intent.action.ANY_DATA_STATE apnType=ia
D/MobileDataStateTracker(  372): ia: Received state=DISCONNECTED, old=DISCONNECTED, reason=simLoaded
D/MobileDataStateTracker(  372): supl: Broadcast received: android.intent.action.ANY_DATA_STATE apnType=supl
D/MobileDataStateTracker(  372): supl: Received state=DISCONNECTED, old=DISCONNECTED, reason=simLoaded
D/MobileDataStateTracker(  372): hipri: Broadcast received: android.intent.action.ANY_DATA_STATE apnType=hipri
D/MobileDataStateTracker(  372): hipri: Received state=DISCONNECTED, old=DISCONNECTED, reason=simLoaded
D/MobileDataStateTracker(  372): ims: Broadcast received: android.intent.action.ANY_DATA_STATE apnType=ims
D/MobileDataStateTracker(  372): ims: Received state=DISCONNECTED, old=DISCONNECTED, reason=simLoaded
D/MobileDataStateTracker(  372): mms: Broadcast received: android.intent.action.ANY_DATA_STATE apnType=mms
D/MobileDataStateTracker(  372): mms: Received state=DISCONNECTED, old=DISCONNECTED, reason=simLoaded
D/MobileDataStateTracker(  372): cbs: Broadcast received: android.intent.action.ANY_DATA_STATE apnType=cbs
D/MobileDataStateTracker(  372): cbs: Received state=DISCONNECTED, old=DISCONNECTED, reason=simLoaded
D/dalvikvm(  683): GC_CONCURRENT freed 243K, 8% free 3915K/4228K, paused 42ms+106ms, total 212ms
D/MobileDataStateTracker(  372): default: Broadcast received: android.intent.action.ANY_DATA_STATE apnType=default
D/MobileDataStateTracker(  372): default: Received state=CONNECTED, old=CONNECTING, reason=connected
D/MobileDataStateTracker(  372): default: setDetailed state, old =CONNECTING and new state=CONNECTED
D/ConnectivityService(  372): ConnectivityChange for mobile: CONNECTED/CONNECTED
D/ConnectivityService(  372): ConnectivityChange checkMobileProvisioning for TYPE_MOBILE or ProvisioningNetwork
D/ConnectivityService(  372): checkMobileProvisioning: E suggestedTimeOutMs=60000
D/ConnectivityService(  372): setProvNotificationVisible: E visible=false networkType=5 extraInfo=null url=null
D/ConnectivityService(  372): checkMobileProvisioning: params={ url=http://clients3.google.com/generate_204 mTimeOutMs=60000 mCb=com.android.server.ConnectivityService$5@b2f48c08}
D/ConnectivityService(  372): checkMobileProvisioning: X
D/dalvikvm(  603): GC_CONCURRENT freed 430K, 14% free 3318K/3816K, paused 6ms+2ms, total 372ms
D/dalvikvm(  372): GC_CONCURRENT freed 611K, 57% free 5772K/13124K, paused 10ms+4ms, total 512ms
D/Nat464Xlat(  372): requiresClat: netType=0, hasIPv4Address=true
W/Launcher.Model(  683): LoaderTask running with no launcher (loadAllAppsByBatch)
D/MobileDataStateTracker(  372): default: isProvisioningNetwork: retVal=false
D/ConnectivityService(  372): [CheckMp] isMobileOk: isDefaultProvisioning=false
D/MobileDataStateTracker(  372): hipri: isProvisioningNetwork: retVal=false
D/ConnectivityService(  372): [CheckMp] isMobileOk: isHipriProvisioning=false
D/ConnectivityService(  372): [CheckMp] isMobileOk: start hipri url=http://clients3.google.com/generate_204
D/ConnectivityService(  372): startUsingNetworkFeature reconnecting to 0: enableHIPRI
I/NetworkPolicy(  372): no policy for active mobile network; generating default policy
D/MobileDataStateTracker(  372): default: setPolicyDataEnable(enabled=true)
D/MobileDataStateTracker(  372): hipri: Broadcast received: android.intent.action.ANY_DATA_STATE apnType=hipri
D/MobileDataStateTracker(  372): hipri: Received state=CONNECTING, old=DISCONNECTED, reason=dataEnabled
D/MobileDataStateTracker(  372): hipri: setDetailed state, old =IDLE and new state=CONNECTING
D/ConnectivityService(  372): startUsingNetworkFeature X: return APN_REQUEST_STARTED
E/ConnectivityService(  372): startUsingNetworkFeature took too long: 429ms
D/ConnectivityService(  372): [CheckMp] isMobileOk: hipri started
D/ConnectivityService(  372): [CheckMp] isMobileOk: not connected ni=NetworkInfo: type: mobile_hipri[UMTS], state: DISCONNECTED/IDLE, reason: (unspecified), extra: (none), roaming: false, failover: false, isAvailable: true, isConnectedToProvisioningNetwork: false
D/MobileDataStateTracker(  372): fota: Broadcast received: android.intent.action.ANY_DATA_STATE apnType=fota
D/MobileDataStateTracker(  372): fota: Received state=DISCONNECTED, old=DISCONNECTED, reason=dataEnabled
D/MobileDataStateTracker(  372): ia: Broadcast received: android.intent.action.ANY_DATA_STATE apnType=ia
D/MobileDataStateTracker(  372): ia: Received state=DISCONNECTED, old=DISCONNECTED, reason=dataEnabled
D/MobileDataStateTracker(  372): supl: Broadcast received: android.intent.action.ANY_DATA_STATE apnType=supl
D/MobileDataStateTracker(  372): supl: Received state=DISCONNECTED, old=DISCONNECTED, reason=dataEnabled
D/MobileDataStateTracker(  372): ims: Broadcast received: android.intent.action.ANY_DATA_STATE apnType=ims
D/MobileDataStateTracker(  372): ims: Received state=DISCONNECTED, old=DISCONNECTED, reason=dataEnabled
D/MobileDataStateTracker(  372): mms: Broadcast received: android.intent.action.ANY_DATA_STATE apnType=mms
D/MobileDataStateTracker(  372): mms: Received state=DISCONNECTED, old=DISCONNECTED, reason=dataEnabled
D/MobileDataStateTracker(  372): cbs: Broadcast received: android.intent.action.ANY_DATA_STATE apnType=cbs
D/MobileDataStateTracker(  372): cbs: Received state=DISCONNECTED, old=DISCONNECTED, reason=dataEnabled
D/MobileDataStateTracker(  372): hipri: Broadcast received: android.intent.action.ANY_DATA_STATE apnType=hipri
D/MobileDataStateTracker(  372): hipri: Received state=CONNECTED, old=CONNECTING, reason=dataEnabled
D/MobileDataStateTracker(  372): hipri: setDetailed state, old =IDLE and new state=CONNECTED
D/ConnectivityService(  372): ConnectivityChange for mobile_hipri: CONNECTED/CONNECTED
D/Launcher.Model(  683): Reload apps on config change. curr_mcc:310 prevmcc:0
I/Choreographer(  683): Skipped 432 frames!  The application may be doing too much work on its main thread.
E/NetdConnector(  372): NDC Command {12 bandwidth setiquota eth0 9223372036854775807} took too long (1819ms)
W/ProcessCpuTracker(  372): Skipping unknown process pid 769
W/ProcessCpuTracker(  372): Skipping unknown process pid 771
D/gralloc_goldfish(  683): Emulator without GPU emulation detected.
E/NetdConnector(  372): NDC Command {13 interface setmtu eth0 1440} took too long (1317ms)
W/ActivityManager(  372): Launch timeout has expired, giving up wake lock!
E/logwrapper(  772): executing /system/bin/ip failed: No such file or directory
E/ConnectivityService(  372): Exception trying to add a route: java.lang.IllegalStateException: command '17 interface fwmark exempt add 10.0.2.2/32' failed with '400 17 Failed to add exemption rule (File exists)'
E/logwrapper(  773): executing /system/bin/ip failed: No such file or directory
E/ConnectivityService(  372): Exception trying to add a route: java.lang.IllegalStateException: command '19 interface fwmark exempt add 10.0.2.3/32' failed with '400 19 Failed to add exemption rule (File exists)'
E/logwrapper(  774): executing /system/bin/ip failed: No such file or directory
E/ConnectivityService(  372): Exception trying to add a route: java.lang.IllegalStateException: command '21 interface fwmark exempt add 10.0.2.2/32' failed with '400 21 Failed to add exemption rule (File exists)'
E/logwrapper(  775): executing /system/bin/ip failed: No such file or directory
E/ConnectivityService(  372): Exception trying to add a route: java.lang.IllegalStateException: command '23 interface fwmark exempt add 10.0.2.4/32' failed with '400 23 Failed to add exemption rule (File exists)'
E/logwrapper(  776): executing /system/bin/ip failed: No such file or directory
E/SecondaryTablController(   54): ip route add failed: /system/bin/ip route add 10.0.2.2/32 via 0.0.0.0 dev eth0 table 60
W/FrameworkListener(   54): Handler 'interface' error (No such device)
E/ConnectivityService(  372): Exception trying to add a route: java.lang.IllegalStateException: command '24 interface route add eth0 secondary 10.0.2.2 32 0.0.0.0' failed with '400 24 ip route modification failed (No such device)'
E/logwrapper(  777): executing /system/bin/ip failed: No such file or directory
I/InputReader(  372): Reconfiguring input devices.  changes=0x00000010
E/SecondaryTablController(   54): ip route add failed: /system/bin/ip route add 0.0.0.0/0 via 10.0.2.2 dev eth0 table 60
W/FrameworkListener(   54): Handler 'interface' error (No such device)
E/ConnectivityService(  372): Exception trying to add a route: java.lang.IllegalStateException: command '25 interface route add eth0 secondary 0.0.0.0 0 10.0.2.2' failed with '400 25 ip route modification failed (No such device)'
D/Nat464Xlat(  372): requiresClat: netType=5, hasIPv4Address=true
I/PackageManager(  372):   Action: "android.intent.action.SENDTO"
I/PackageManager(  372):   Category: "android.intent.category.DEFAULT"
I/PackageManager(  372):   Scheme: "sms"
I/PackageManager(  372): Adding preferred activity ComponentInfo{com.android.mms/com.android.mms.ui.ComposeMessageActivity} for user 0 :
D/MobileDataStateTracker(  372): hipri: isProvisioningNetwork: retVal=false
D/ConnectivityService(  372): [CheckMp] isMobileOk: isProvisioningNetwork is false, continue
D/MobileDataStateTracker(  372): default: setPolicyDataEnable(enabled=true)
D/dalvikvm(  683): GC_FOR_ALLOC freed 253K, 8% free 4024K/4348K, paused 302ms, total 305ms
D/ConnectivityService(  372): [CheckMp] isMobileOk: addresses=clients3.google.com/216.58.212.110
D/ConnectivityService(  372): [CheckMp] isMobileOk: linkHasIpv4=true linkHasIpv6=false
W/NetworkPolicy(  372): shared quota unsupported; generating rule for each iface
I/PackageManager(  372):   Action: "android.intent.action.SENDTO"
I/PackageManager(  372):   Category: "android.intent.category.DEFAULT"
I/PackageManager(  372):   Scheme: "smsto"
I/PackageManager(  372): Adding preferred activity ComponentInfo{com.android.mms/com.android.mms.ui.ComposeMessageActivity} for user 0 :
I/dalvikvm-heap(  683): Grow heap (frag case) to 5.529MB for 1610896-byte allocation
W/WindowManager(  372): App freeze timeout expired.
W/WindowManager(  372): Force clearing freeze: AppWindowToken{b2fc0300 token=Token{b34c3c98 ActivityRecord{b2ec97f8 u0 com.android.launcher/com.android.launcher2.Launcher t3}}}
I/PackageManager(  372):   Action: "android.intent.action.SENDTO"
I/PackageManager(  372):   Category: "android.intent.category.DEFAULT"
I/PackageManager(  372):   Scheme: "mms"
I/PackageManager(  372): Adding preferred activity ComponentInfo{com.android.mms/com.android.mms.ui.ComposeMessageActivity} for user 0 :
D/dalvikvm(  683): GC_FOR_ALLOC freed 11K, 6% free 5585K/5924K, paused 93ms, total 93ms
D/dalvikvm(  372): GC_CONCURRENT freed 832K, 57% free 5711K/13124K, paused 15ms+5ms, total 137ms
D/dalvikvm(  372): WAIT_FOR_CONCURRENT_GC blocked 44ms
I/PackageManager(  372):   Action: "android.intent.action.SENDTO"
I/PackageManager(  372):   Category: "android.intent.category.DEFAULT"
I/PackageManager(  372):   Scheme: "mmsto"
I/PackageManager(  372): Adding preferred activity ComponentInfo{com.android.mms/com.android.mms.ui.ComposeMessageActivity} for user 0 :
D/dalvikvm(  603): GC_CONCURRENT freed 404K, 13% free 3368K/3840K, paused 7ms+2ms, total 109ms
I/PackageManager(  372):   Action: "android.intent.action.SENDTO"
I/PackageManager(  372):   Category: "android.intent.category.DEFAULT"
I/PackageManager(  372):   Scheme: "sms"
I/PackageManager(  372): Adding preferred activity ComponentInfo{com.android.mms/com.android.mms.ui.ComposeMessageActivity} for user 0 :
I/PackageManager(  372):   Action: "android.intent.action.SENDTO"
I/PackageManager(  372):   Category: "android.intent.category.DEFAULT"
I/PackageManager(  372):   Scheme: "smsto"
I/PackageManager(  372): Adding preferred activity ComponentInfo{com.android.mms/com.android.mms.ui.ComposeMessageActivity} for user 0 :
I/PackageManager(  372):   Action: "android.intent.action.SENDTO"
I/PackageManager(  372):   Category: "android.intent.category.DEFAULT"
I/PackageManager(  372):   Scheme: "mms"
I/PackageManager(  372): Adding preferred activity ComponentInfo{com.android.mms/com.android.mms.ui.ComposeMessageActivity} for user 0 :
D/Tethering(  372): MasterInitialState.processMessage what=3
I/PackageManager(  372):   Action: "android.intent.action.SENDTO"
I/PackageManager(  372): Adding preferred activity ComponentInfo{com.android.mms/com.android.mms.ui.ComposeMessageActivity} for user 0 :
I/PackageManager(  372):   Category: "android.intent.category.DEFAULT"
I/PackageManager(  372):   Scheme: "mmsto"
D/CaptivePortalTracker(  372): NoActiveNetworkState{ when=-55ms what=1 obj=NetworkInfo: type: mobile[UMTS], state: CONNECTED/CONNECTED, reason: connected, extra: epc.tmobile.com, roaming: false, failover: false, isAvailable: true, isConnectedToProvisioningNetwork: false target=com.android.internal.util.StateMachine$SmHandler }
D/CaptivePortalTracker(  372): NoActiveNetworkState not a wifi connectivity change, ignore
D/dalvikvm(  683): GC_CONCURRENT freed 19K, 7% free 5568K/5924K, paused 19ms+2ms, total 87ms
D/dalvikvm(  372): GC_FOR_ALLOC freed 668K, 57% free 5662K/13124K, paused 187ms, total 188ms
E/NetdConnector(  372): NDC Command {28 bandwidth removeiquota eth0} took too long (867ms)
D/dalvikvm(  683): GC_FOR_ALLOC freed 1K, 6% free 5569K/5924K, paused 57ms, total 57ms
I/dalvikvm-heap(  683): Grow heap (frag case) to 7.038MB for 1610896-byte allocation
D/dalvikvm(  683): GC_CONCURRENT freed 0K, 5% free 7142K/7500K, paused 4ms+3ms, total 54ms
D/dalvikvm(  683): WAIT_FOR_CONCURRENT_GC blocked 27ms
W/WindowManager(  372): Window freeze timeout expired.
W/WindowManager(  372): Force clearing orientation change: Window{b3198270 u0 com.android.launcher/com.android.launcher2.Launcher}
I/WindowManager(  372): Screen frozen for +6s203ms due to Window{b3198270 u0 com.android.launcher/com.android.launcher2.Launcher}
I/Choreographer(  372): Skipped 31 frames!  The application may be doing too much work on its main thread.
I/ARMAssembler(   57): generated scanline__00000077:03515104_00009001_00000000 [131 ipp] (153 ins) at [0xb5ad7410:0xb5ad7674] in 10000000 ns
I/ActivityManager(  372): Displayed com.android.launcher/com.android.launcher2.Launcher: +11s883ms (total +14s608ms)
D/Tethering(  372): MasterInitialState.processMessage what=3
D/CaptivePortalTracker(  372): NoActiveNetworkState{ when=-3ms what=1 obj=NetworkInfo: type: mobile_hipri[UMTS], state: CONNECTED/CONNECTED, reason: dataEnabled, extra: epc.tmobile.com, roaming: false, failover: false, isAvailable: true, isConnectedToProvisioningNetwork: false target=com.android.internal.util.StateMachine$SmHandler }
D/CaptivePortalTracker(  372): NoActiveNetworkState not a wifi connectivity change, ignore
D/dalvikvm(  449): GC_FOR_ALLOC freed 3113K, 47% free 3587K/6764K, paused 187ms, total 210ms
I/dalvikvm-heap(  449): Grow heap (frag case) to 6.492MB for 3072016-byte allocation
D/dalvikvm(  449): GC_FOR_ALLOC freed 2K, 3% free 6584K/6764K, paused 144ms, total 144ms
D/dalvikvm(  449): GC_CONCURRENT freed 3K, 3% free 6582K/6764K, paused 115ms+2ms, total 513ms
D/dalvikvm(  372): GC_EXPLICIT freed 686K, 58% free 5550K/13124K, paused 5ms+6ms, total 463ms
E/NetdConnector(  372): NDC Command {29 bandwidth setiquota eth0 9223372036854775807} took too long (2887ms)
I/SurfaceFlinger(   57): Boot is finished (74748 ms)
E/NetdConnector(  372): NDC Command {27 interface route add eth0 default 10.0.2.2 32 0.0.0.0} took too long (4153ms)
I/MediaProvider(  625): Upgrading media database from version 0 to 700, which will destroy all old data
W/ProcessCpuTracker(  372): Skipping unknown process pid 818
D/AndroidRuntime(  807): 
D/AndroidRuntime(  807): >>>>>> AndroidRuntime START com.android.internal.os.RuntimeInit <<<<<<
D/AndroidRuntime(  807): CheckJNI is ON
E/logwrapper(  821): executing /system/bin/ip failed: No such file or directory
D/dalvikvm(  807): Trying to load lib libjavacore.so 0x0
D/dalvikvm(  807): Added shared lib libjavacore.so 0x0
E/NetdConnector(  372): NDC Command {30 bandwidth removeiquota eth0} took too long (1290ms)
D/dalvikvm(  807): Trying to load lib libnativehelper.so 0x0
D/dalvikvm(  807): Added shared lib libnativehelper.so 0x0
D/dalvikvm(  807): No JNI_OnLoad found in libnativehelper.so 0x0, skipping init
I/Choreographer(  683): Skipped 67 frames!  The application may be doing too much work on its main thread.
D/dalvikvm(  807): Note: class Landroid/app/ActivityManagerNative; has 179 unimplemented (abstract) methods
E/NetdConnector(  372): NDC Command {31 interface fwmark exempt add 10.0.2.2/32} took too long (1615ms)
E/ConnectivityService(  372): Exception trying to add a route: java.lang.IllegalStateException: command '31 interface fwmark exempt add 10.0.2.2/32' failed with '400 31 Failed to add exemption rule (File exists)'
I/Choreographer(  683): Skipped 176 frames!  The application may be doing too much work on its main thread.
I/Choreographer(  683): Skipped 183 frames!  The application may be doing too much work on its main thread.
E/memtrack(  807): Couldn't load memtrack module (No such file or directory)
E/android.os.Debug(  807): failed to load memtrack module: -2
E/NetdConnector(  372): NDC Command {32 bandwidth setiquota eth0 9223372036854775807} took too long (2551ms)
E/NetdConnector(  372): NDC Command {33 interface route add eth0 default 216.58.212.110 32 10.0.2.2} took too long (1899ms)
E/logwrapper(  845): executing /system/bin/ip failed: No such file or directory
D/AndroidRuntime(  807): Calling main entry com.android.commands.pm.Pm
D/MobileDataStateTracker(  372): default: setPolicyDataEnable(enabled=true)
D/MobileDataStateTracker(  372): default: setPolicyDataEnable(enabled=true)
W/NetworkPolicy(  372): shared quota unsupported; generating rule for each iface
E/ConnectivityService(  372): Exception trying to add a route: java.lang.IllegalStateException: command '34 interface fwmark exempt add 216.58.212.110/32' failed with '400 34 Failed to add exemption rule (File exists)'
D/ConnectivityService(  372): requestRouteToHostAddress ok=false
D/ConnectivityService(  372): [CheckMp] isMobileOk: could not establish route to hostAddr=clients3.google.com/216.58.212.110
I/ActivityManager(  372): Start proc com.android.defcontainer for service com.android.defcontainer/.DefaultContainerService: pid=849 uid=10003 gids={50003, 1028, 1015, 1023, 2001, 1035}
E/NetdConnector(  372): NDC Command {36 bandwidth removeiquota eth0} took too long (825ms)
I/Choreographer(  683): Skipped 70 frames!  The application may be doing too much work on its main thread.
W/ActivityManager(  372): Activity destroy timeout for ActivityRecord{b3653f48 u0 com.android.settings/.CryptKeeper t1 f}
E/SQLiteLog(  625): (1) no such table: album_info
E/NetdConnector(  372): NDC Command {37 bandwidth setiquota eth0 9223372036854775807} took too long (1298ms)
D/dalvikvm(  625): GC_CONCURRENT freed 227K, 10% free 2887K/3180K, paused 5ms+2ms, total 190ms
I/ActivityManager(  372): Start proc com.android.externalstorage for broadcast com.android.externalstorage/.MountReceiver: pid=891 uid=10006 gids={50006, 1028, 1015, 1023}
I/DownloadManager(  625): Upgrading downloads database from version 0 to version 109, which will destroy all old data
D/ExternalStorage(  891): Missing UUID for /storage/sdcard; skipping
D/ExternalStorage(  891): After updating volumes, found 0 active roots
E/NetdConnector(  372): NDC Command {38 bandwidth removeiquota eth0} took too long (818ms)
D/dalvikvm(  683): GC_CONCURRENT freed 2063K, 25% free 6443K/8584K, paused 77ms+3ms, total 143ms
W/ActivityManager(  372): No content provider found for permission revoke: file:///data/local/tmp/sample_for_analysis.apk
I/ActivityManager(  372): Start proc com.android.exchange for content provider com.android.exchange/.provider.ExchangeDirectoryProvider: pid=925 uid=10025 gids={50025, 3003, 1028, 1015}
E/NetdConnector(  372): NDC Command {39 bandwidth setiquota eth0 9223372036854775807} took too long (1743ms)
D/MobileDataStateTracker(  372): default: setPolicyDataEnable(enabled=true)
E/NetdConnector(  372): NDC Command {40 interface route add eth0 default 10.0.2.2 32 0.0.0.0} took too long (1802ms)
E/logwrapper(  939): executing /system/bin/ip failed: No such file or directory
I/ActivityManager(  372): Start proc com.android.email for content provider com.android.email/.provider.EmailProvider: pid=940 uid=10024 gids={50024, 3003, 1028, 1015}
E/ConnectivityService(  372): Exception trying to add a route: java.lang.IllegalStateException: command '43 interface fwmark exempt add 10.0.2.2/32' failed with '400 43 Failed to add exemption rule (File exists)'
E/logwrapper(  954): executing /system/bin/ip failed: No such file or directory
D/ActivityThread(  940): Loading provider com.android.email.provider;com.android.email.notifier: com.android.email.provider.EmailProvider
E/ConnectivityService(  372): Exception trying to add a route: java.lang.IllegalStateException: command '45 interface fwmark exempt add 216.58.212.110/32' failed with '400 45 Failed to add exemption rule (File exists)'
D/ConnectivityService(  372): requestRouteToHostAddress ok=false
D/ConnectivityService(  372): [CheckMp] isMobileOk: could not establish route to hostAddr=clients3.google.com/216.58.212.110
I/ContactDirectoryManager(  546): deleted 0 stale rows which don't have any relevant directory
I/ContactDirectoryManager(  546): Discovered 0 contact directories in 1462ms
D/dalvikvm(  603): GC_CONCURRENT freed 464K, 16% free 3292K/3916K, paused 7ms+2ms, total 83ms
I/ContactsProvider(  546): Upgrading aggregation algorithm
I/ContactAggregator(  546): Marked all visible contacts for aggregation: 0 raw contacts, 5 ms
W/ActivityManager(  372): No content provider found for permission revoke: file:///data/local/tmp/sample_for_analysis.apk
I/PackageManager(  372): Copying native libraries to /data/app-lib/vmdl-1923701106
D/GpsLocationProvider(  372): NTP server returned: 1528375118211 (Thu Jun 07 08:38:38 EDT 2018) reference: 72863 certainty: 20 system time offset: -16883
I/ContactsProvider(  546): Aggregation algorithm upgraded for 0 raw contacts in 116ms
I/ContactsFTS(  546): Rebuild contact search index in 322ms, 0 contacts
D/dalvikvm(  546): GC_CONCURRENT freed 309K, 11% free 3084K/3456K, paused 4ms+2ms, total 63ms
D/dalvikvm(  372): GC_CONCURRENT freed 482K, 57% free 5712K/13124K, paused 6ms+13ms, total 84ms
D/dalvikvm(  372): GC_CONCURRENT freed 413K, 55% free 5979K/13124K, paused 6ms+7ms, total 67ms
D/ExternalStorage(  891): Missing UUID for /storage/sdcard; skipping
D/ExternalStorage(  891): After updating volumes, found 0 active roots
D/dalvikvm(  940): GC_CONCURRENT freed 207K, 9% free 2889K/3164K, paused 100ms+2ms, total 138ms
D/dalvikvm(  372): GC_CONCURRENT freed 438K, 53% free 6283K/13124K, paused 7ms+7ms, total 79ms
D/dalvikvm(  372): GC_CONCURRENT freed 762K, 52% free 6337K/13124K, paused 7ms+5ms, total 70ms
D/dalvikvm(  372): GC_CONCURRENT freed 818K, 52% free 6391K/13124K, paused 7ms+6ms, total 81ms
D/dalvikvm(  372): GC_CONCURRENT freed 894K, 52% free 6394K/13124K, paused 6ms+7ms, total 82ms
E/logwrapper(  959): executing /system/bin/ip failed: No such file or directory
D/dalvikvm(  372): GC_CONCURRENT freed 882K, 52% free 6419K/13124K, paused 7ms+7ms, total 101ms
E/ConnectivityService(  372): Exception trying to add a route: java.lang.IllegalStateException: command '47 interface fwmark exempt add 10.0.2.2/32' failed with '400 47 Failed to add exemption rule (File exists)'
E/logwrapper(  960): executing /system/bin/ip failed: No such file or directory
E/ConnectivityService(  372): Exception trying to add a route: java.lang.IllegalStateException: command '49 interface fwmark exempt add 216.58.212.110/32' failed with '400 49 Failed to add exemption rule (File exists)'
D/ConnectivityService(  372): requestRouteToHostAddress ok=false
D/ConnectivityService(  372): [CheckMp] isMobileOk: could not establish route to hostAddr=clients3.google.com/216.58.212.110
D/dalvikvm(  372): GC_CONCURRENT freed 882K, 52% free 6360K/13124K, paused 7ms+5ms, total 73ms
D/dalvikvm(  372): GC_CONCURRENT freed 827K, 52% free 6373K/13124K, paused 6ms+6ms, total 69ms
D/dalvikvm(  372): GC_CONCURRENT freed 845K, 52% free 6378K/13124K, paused 7ms+6ms, total 71ms
I/PackageManager(  372): Running dexopt on: com.vox.mosippro
D/dalvikvm(  961): DexOpt: load 326ms, verify+opt 933ms, 1726700 bytes
W/PackageManager(  372): Not granting permission android.permission.READ_LOGS to package com.vox.mosippro (protectionLevel=50 flags=0x8be44)
E/logwrapper(  962): executing /system/bin/ip failed: No such file or directory
E/ConnectivityService(  372): Exception trying to add a route: java.lang.IllegalStateException: command '51 interface fwmark exempt add 10.0.2.2/32' failed with '400 51 Failed to add exemption rule (File exists)'
E/logwrapper(  963): executing /system/bin/ip failed: No such file or directory
E/ConnectivityService(  372): Exception trying to add a route: java.lang.IllegalStateException: command '53 interface fwmark exempt add 216.58.212.110/32' failed with '400 53 Failed to add exemption rule (File exists)'
D/ConnectivityService(  372): requestRouteToHostAddress ok=false
D/ConnectivityService(  372): [CheckMp] isMobileOk: could not establish route to hostAddr=clients3.google.com/216.58.212.110
W/ActivityManager(  372): Unable to start service Intent { cmp=com.android.email/.service.AttachmentDownloadService } U=0: not found
W/ActivityManager(  372): Unable to start service Intent { cmp=com.android.email/.service.AttachmentDownloadService } U=0: not found
I/ActivityManager(  372): Force stopping com.vox.mosippro appid=10052 user=-1: update pkg
D/MediaScannerReceiver(  625): action: android.intent.action.MEDIA_MOUNTED path: /storage/sdcard
I/InputReader(  372): Reconfiguring input devices.  changes=0x00000010
D/BackupManagerService(  372): Received broadcast Intent { act=android.intent.action.PACKAGE_ADDED dat=package:com.vox.mosippro flg=0x4000010 (has extras) }
V/BackupManagerService(  372): addPackageParticipantsLocked: #1
I/PackageManager(  372): Adding preferred activity ComponentInfo{com.android.mms/com.android.mms.ui.ComposeMessageActivity} for user 0 :
I/PackageManager(  372):   Action: "android.intent.action.SENDTO"
I/PackageManager(  372):   Category: "android.intent.category.DEFAULT"
I/PackageManager(  372):   Scheme: "sms"
I/Email   (  940): Observing account changes for notifications
D/dalvikvm(  372): GC_EXPLICIT freed 879K, 52% free 6417K/13124K, paused 143ms+12ms, total 223ms
D/dalvikvm(  372): WAIT_FOR_CONCURRENT_GC blocked 94ms
D/AndroidRuntime(  807): Shutting down VM
D/dalvikvm(  807): GC_CONCURRENT freed 95K, 16% free 560K/660K, paused 2ms+2ms, total 21ms
I/PackageManager(  372):   Action: "android.intent.action.SENDTO"
I/PackageManager(  372):   Category: "android.intent.category.DEFAULT"
I/PackageManager(  372):   Scheme: "smsto"
I/PackageManager(  372): Adding preferred activity ComponentInfo{com.android.mms/com.android.mms.ui.ComposeMessageActivity} for user 0 :
I/PackageManager(  372):   Action: "android.intent.action.SENDTO"
I/PackageManager(  372):   Category: "android.intent.category.DEFAULT"
I/PackageManager(  372):   Scheme: "mms"
I/PackageManager(  372): Adding preferred activity ComponentInfo{com.android.mms/com.android.mms.ui.ComposeMessageActivity} for user 0 :
I/PackageManager(  372):   Action: "android.intent.action.SENDTO"
I/PackageManager(  372):   Category: "android.intent.category.DEFAULT"
I/PackageManager(  372):   Scheme: "mmsto"
I/PackageManager(  372): Adding preferred activity ComponentInfo{com.android.mms/com.android.mms.ui.ComposeMessageActivity} for user 0 :
I/PackageManager(  372):   Action: "android.intent.action.SENDTO"
I/PackageManager(  372):   Category: "android.intent.category.DEFAULT"
I/PackageManager(  372):   Scheme: "sms"
I/PackageManager(  372): Adding preferred activity ComponentInfo{com.android.mms/com.android.mms.ui.ComposeMessageActivity} for user 0 :
