D/AndroidRuntime( 1260): CheckJNI is ON
D/dalvikvm( 1260): Trying to load lib libjavacore.so 0x0
D/dalvikvm( 1260): Added shared lib libjavacore.so 0x0
D/dalvikvm( 1260): Trying to load lib libnativehelper.so 0x0
D/dalvikvm( 1260): Added shared lib libnativehelper.so 0x0
D/dalvikvm( 1260): No JNI_OnLoad found in libnativehelper.so 0x0, skipping init
D/dalvikvm( 1260): Note: class Landroid/app/ActivityManagerNative; has 179 unimplemented (abstract) methods
E/memtrack( 1260): Couldn't load memtrack module (No such file or directory)
E/android.os.Debug( 1260): failed to load memtrack module: -2
D/AndroidRuntime( 1260): Calling main entry com.android.commands.am.Am
I/ActivityManager(  372): START u0 {act=android.intent.action.MAIN cat=[android.intent.category.LAUNCHER] flg=0x10000000 cmp=com.vox.mosippro/com.vx.ui.contacts.ContactsActivity} from pid 1260
W/ActivityManager(  372): Activity pause timeout for ActivityRecord{b2d33d70 u0 com.vox.mosippro/com.vx.ui.dialpad.DialerActivity t4}
W/WindowManager(  372): Rebuild removed 3 windows but added 2
W/WindowManager(  372): java.lang.RuntimeException: here
W/WindowManager(  372): 	at com.android.server.wm.WindowManagerService.rebuildAppWindowListLocked(WindowManagerService.java:8027)
W/WindowManager(  372): 	at com.android.server.wm.WindowManagerService.rebuildAppWindowListLocked(WindowManagerService.java:7963)
W/WindowManager(  372): 	at com.android.server.wm.WindowManagerService.handleAppTransitionReadyLocked(WindowManagerService.java:8446)
W/WindowManager(  372): 	at com.android.server.wm.WindowManagerService.performLayoutAndPlaceSurfacesLockedInner(WindowManagerService.java:9209)
W/WindowManager(  372): 	at com.android.server.wm.WindowManagerService.performLayoutAndPlaceSurfacesLockedLoop(WindowManagerService.java:8179)
W/WindowManager(  372): 	at com.android.server.wm.WindowManagerService.performLayoutAndPlaceSurfacesLocked(WindowManagerService.java:8121)
W/WindowManager(  372): 	at com.android.server.wm.WindowManagerService.access$300(WindowManagerService.java:157)
W/WindowManager(  372): 	at com.android.server.wm.WindowManagerService$H.handleMessage(WindowManagerService.java:7342)
W/WindowManager(  372): 	at android.os.Handler.dispatchMessage(Handler.java:102)
W/WindowManager(  372): 	at android.os.Looper.loop(Looper.java:136)
W/WindowManager(  372): 	at android.os.HandlerThread.run(HandlerThread.java:61)
W/WindowManager(  372): This window was lost: Window{b3582da0 u0 com.vox.mosippro/com.vx.ui.LoginActivity}
W/WindowManager(  372): mDisplayId=0 mSession=Session{b36599a8 1186:u0a10052} mClient=android.os.BinderProxy@b32ded80
W/WindowManager(  372): mOwnerUid=10052 mShowToOwnerOnly=true package=com.vox.mosippro appop=NONE
W/WindowManager(  372): mAttrs=WM.LayoutParams{(0,0)(fillxfill) sim=#120 ty=1 fl=#1810100 pfl=0x8 wanim=0x10302a1}
W/WindowManager(  372): Requested w=480 h=864 mLayoutSeq=60
W/WindowManager(  372): mBaseLayer=21000 mSubLayer=0 mAnimLayer=21005+0=21005 mLastLayer=21015
W/WindowManager(  372): mToken=AppWindowToken{b32e3bd0 token=Token{b318b200 ActivityRecord{b2d32608 u0 com.vox.mosippro/com.vx.ui.LoginActivity t4}}}
W/WindowManager(  372): mRootToken=AppWindowToken{b32e3bd0 token=Token{b318b200 ActivityRecord{b2d32608 u0 com.vox.mosippro/com.vx.ui.LoginActivity t4}}}
W/WindowManager(  372): mAppToken=AppWindowToken{b32e3bd0 token=Token{b318b200 ActivityRecord{b2d32608 u0 com.vox.mosippro/com.vx.ui.LoginActivity t4}}}
W/WindowManager(  372): mViewVisibility=0x0 mHaveFrame=true mObscured=false
W/WindowManager(  372): mSeq=0 mSystemUiVisibility=0x0
W/WindowManager(  372): mGivenContentInsets=[0,0][0,0] mGivenVisibleInsets=[0,0][0,0]
W/WindowManager(  372): mConfiguration={1.0 310mcc260mnc en_US ldltr sw480dp w480dp h839dp 160dpi lrg long port finger -keyb/v/h tball/v s.6}
W/WindowManager(  372): mHasSurface=true mShownFrame=[0.0,0.0][480.0,864.0] isReadyForDisplay()=false
W/WindowManager(  372): mFrame=[0,0][480,864] last=[0,0][480,864]
W/WindowManager(  372): mSystemDecorRect=[0,25][480,864] last=[0,25][480,864]
W/WindowManager(  372): Frames: containing=[0,0][480,864] parent=[0,0][480,864]
W/WindowManager(  372):     display=[0,0][480,864] overscan=[0,0][480,864]
W/WindowManager(  372):     content=[0,25][480,864] visible=[0,25][480,568]
W/WindowManager(  372):     decor=[0,25][480,864]
W/WindowManager(  372): Cur insets: overscan=[0,0][0,0] content=[0,25][0,0] visible=[0,25][0,296]
W/WindowManager(  372): Lst insets: overscan=[0,0][0,0] content=[0,25][0,0] visible=[0,25][0,296]
W/WindowManager(  372): WindowStateAnimator{b34a7840 com.vox.mosippro/com.vx.ui.LoginActivity}:
W/WindowManager(  372):   mSurface=Surface(name=com.vox.mosippro/com.vx.ui.LoginActivity)
W/WindowManager(  372):   mDrawState=HAS_DRAWN mLastHidden=true
W/WindowManager(  372):   Surface: shown=false layer=21015 alpha=0.0 rect=(0.0,0.0) 480.0 x 864.0
W/WindowManager(  372):   mShownAlpha=1.0 mAlpha=1.0 mLastAlpha=0.0
W/WindowManager(  372): Current app token list:
V/WindowManager(  372):   Display 0
V/WindowManager(  372):   #3: Token{b2e91b60 ActivityRecord{b2f21190 u0 com.vox.mosippro/com.vx.ui.contacts.ContactsActivity t4}}
V/WindowManager(  372):   #2: Token{b30a4968 ActivityRecord{b2d33d70 u0 com.vox.mosippro/com.vx.ui.dialpad.DialerActivity t4}}
V/WindowManager(  372):   #1: Token{b32bf170 ActivityRecord{b3461130 u0 com.vox.mosippro/com.vx.ui.LoginActivity t4}}
V/WindowManager(  372):   #0: Token{b34c3c98 ActivityRecord{b2ec97f8 u0 com.android.launcher/com.android.launcher2.Launcher t3}}
W/WindowManager(  372): Final window list:
V/WindowManager(  372):   #0: Window{b35412e0 u0 StatusBar}
V/WindowManager(  372):   #1: Window{b2daf1b0 u0 KeyguardScrim}
V/WindowManager(  372):   #2: Window{b34ba228 u0 InputMethod}
V/WindowManager(  372):   #3: Window{b35402e0 u0 Application Error: com.vox.mosippro}
V/WindowManager(  372):   #4: Window{b2db4760 u0 com.vox.mosippro/com.vx.ui.LoginActivity}
V/WindowManager(  372):   #5: Window{b3198270 u0 com.android.launcher/com.android.launcher2.Launcher}
V/WindowManager(  372):   #6: Window{b3191968 u0 com.android.systemui.ImageWallpaper}
W/ActivityManager(  372): Launch timeout has expired, giving up wake lock!
D/AndroidRuntime( 1260): Shutting down VM
D/dalvikvm( 1260): GC_CONCURRENT freed 98K, 15% free 589K/692K, paused 2ms+1ms, total 12ms
D/AndroidRuntime( 1270): 
D/AndroidRuntime( 1270): >>>>>> AndroidRuntime START com.android.internal.os.RuntimeInit <<<<<<
D/AndroidRuntime( 1270): CheckJNI is ON
D/dalvikvm( 1270): Trying to load lib libjavacore.so 0x0
D/dalvikvm( 1270): Added shared lib libjavacore.so 0x0
D/dalvikvm( 1270): Trying to load lib libnativehelper.so 0x0
D/dalvikvm( 1270): Added shared lib libnativehelper.so 0x0
D/dalvikvm( 1270): No JNI_OnLoad found in libnativehelper.so 0x0, skipping init
D/dalvikvm( 1270): Note: class Landroid/app/ActivityManagerNative; has 179 unimplemented (abstract) methods
E/memtrack( 1270): Couldn't load memtrack module (No such file or directory)
E/android.os.Debug( 1270): failed to load memtrack module: -2
D/AndroidRuntime( 1270): Calling main entry com.android.commands.am.Am
I/ActivityManager(  372): START u0 {act=android.intent.action.MAIN cat=[android.intent.category.LAUNCHER] flg=0x10000000 cmp=com.vox.mosippro/com.vx.ui.contacts.ContactsPicActivity} from pid 1270
W/ActivityManager(  372): Activity pause timeout for ActivityRecord{b2f21190 u0 com.vox.mosippro/com.vx.ui.contacts.ContactsActivity t4}
W/ActivityManager(  372): Launch timeout has expired, giving up wake lock!
D/AndroidRuntime( 1270): Shutting down VM
D/dalvikvm( 1270): GC_CONCURRENT freed 98K, 15% free 589K/692K, paused 2ms+1ms, total 12ms
D/AndroidRuntime( 1280): 
D/AndroidRuntime( 1280): >>>>>> AndroidRuntime START com.android.internal.os.RuntimeInit <<<<<<
D/AndroidRuntime( 1280): CheckJNI is ON
D/dalvikvm( 1280): Trying to load lib libjavacore.so 0x0
D/dalvikvm( 1280): Added shared lib libjavacore.so 0x0
D/dalvikvm( 1280): Trying to load lib libnativehelper.so 0x0
D/dalvikvm( 1280): Added shared lib libnativehelper.so 0x0
D/dalvikvm( 1280): No JNI_OnLoad found in libnativehelper.so 0x0, skipping init
D/dalvikvm( 1280): Note: class Landroid/app/ActivityManagerNative; has 179 unimplemented (abstract) methods
E/memtrack( 1280): Couldn't load memtrack module (No such file or directory)
E/android.os.Debug( 1280): failed to load memtrack module: -2
D/AndroidRuntime( 1280): Calling main entry com.android.commands.am.Am
I/ActivityManager(  372): START u0 {act=android.intent.action.MAIN cat=[android.intent.category.LAUNCHER] flg=0x10000000 cmp=com.vox.mosippro/com.vx.ui.contacts.ContactsPicDetailsActivity} from pid 1280
W/ActivityManager(  372): Activity pause timeout for ActivityRecord{b31ad510 u0 com.vox.mosippro/com.vx.ui.contacts.ContactsPicActivity t4}
W/ActivityManager(  372): Launch timeout has expired, giving up wake lock!
D/AndroidRuntime( 1280): Shutting down VM
D/dalvikvm( 1280): GC_CONCURRENT freed 98K, 15% free 589K/692K, paused 2ms+3ms, total 13ms
D/AndroidRuntime( 1290): 
D/AndroidRuntime( 1290): >>>>>> AndroidRuntime START com.android.internal.os.RuntimeInit <<<<<<
D/AndroidRuntime( 1290): CheckJNI is ON
D/dalvikvm( 1290): Trying to load lib libjavacore.so 0x0
D/dalvikvm( 1290): Added shared lib libjavacore.so 0x0
D/dalvikvm( 1290): Trying to load lib libnativehelper.so 0x0
D/dalvikvm( 1290): Added shared lib libnativehelper.so 0x0
D/dalvikvm( 1290): No JNI_OnLoad found in libnativehelper.so 0x0, skipping init
D/dalvikvm( 1290): Note: class Landroid/app/ActivityManagerNative; has 179 unimplemented (abstract) methods
E/memtrack( 1290): Couldn't load memtrack module (No such file or directory)
E/android.os.Debug( 1290): failed to load memtrack module: -2
D/AndroidRuntime( 1290): Calling main entry com.android.commands.am.Am
I/ActivityManager(  372): START u0 {act=android.intent.action.MAIN cat=[android.intent.category.LAUNCHER] flg=0x10000000 cmp=com.vox.mosippro/com.vx.ui.contacts.ContactsAddIM} from pid 1290
W/ActivityManager(  372): Activity pause timeout for ActivityRecord{b31b60d0 u0 com.vox.mosippro/com.vx.ui.contacts.ContactsPicDetailsActivity t4}
W/ActivityManager(  372): Launch timeout has expired, giving up wake lock!
D/AndroidRuntime( 1290): Shutting down VM
D/dalvikvm( 1290): GC_CONCURRENT freed 98K, 15% free 589K/692K, paused 2ms+1ms, total 13ms
D/AndroidRuntime( 1300): 
D/AndroidRuntime( 1300): >>>>>> AndroidRuntime START com.android.internal.os.RuntimeInit <<<<<<
D/AndroidRuntime( 1300): CheckJNI is ON
D/dalvikvm( 1300): Trying to load lib libjavacore.so 0x0
D/dalvikvm( 1300): Added shared lib libjavacore.so 0x0
D/dalvikvm( 1300): Trying to load lib libnativehelper.so 0x0
D/dalvikvm( 1300): Added shared lib libnativehelper.so 0x0
D/dalvikvm( 1300): No JNI_OnLoad found in libnativehelper.so 0x0, skipping init
D/dalvikvm( 1300): Note: class Landroid/app/ActivityManagerNative; has 179 unimplemented (abstract) methods
E/memtrack( 1300): Couldn't load memtrack module (No such file or directory)
E/android.os.Debug( 1300): failed to load memtrack module: -2
D/AndroidRuntime( 1300): Calling main entry com.android.commands.am.Am
I/ActivityManager(  372): START u0 {act=android.intent.action.MAIN cat=[android.intent.category.LAUNCHER] flg=0x10000000 cmp=com.vox.mosippro/com.vx.ui.contacts.ContactsDetailsActivity} from pid 1300
W/ActivityManager(  372): Activity pause timeout for ActivityRecord{b323e530 u0 com.vox.mosippro/com.vx.ui.contacts.ContactsAddIM t4}
W/ActivityManager(  372): Launch timeout has expired, giving up wake lock!
D/AndroidRuntime( 1300): Shutting down VM
D/dalvikvm( 1300): GC_CONCURRENT freed 98K, 15% free 589K/692K, paused 2ms+3ms, total 13ms
D/AndroidRuntime( 1310): 
D/AndroidRuntime( 1310): >>>>>> AndroidRuntime START com.android.internal.os.RuntimeInit <<<<<<
D/AndroidRuntime( 1310): CheckJNI is ON
D/dalvikvm( 1310): Trying to load lib libjavacore.so 0x0
D/dalvikvm( 1310): Added shared lib libjavacore.so 0x0
D/dalvikvm( 1310): Trying to load lib libnativehelper.so 0x0
D/dalvikvm( 1310): Added shared lib libnativehelper.so 0x0
D/dalvikvm( 1310): No JNI_OnLoad found in libnativehelper.so 0x0, skipping init
D/dalvikvm( 1310): Note: class Landroid/app/ActivityManagerNative; has 179 unimplemented (abstract) methods
E/memtrack( 1310): Couldn't load memtrack module (No such file or directory)
E/android.os.Debug( 1310): failed to load memtrack module: -2
D/AndroidRuntime( 1310): Calling main entry com.android.commands.am.Am
I/ActivityManager(  372): START u0 {act=android.intent.action.MAIN cat=[android.intent.category.LAUNCHER] flg=0x10000000 cmp=com.vox.mosippro/com.vx.ui.recents.RecentsActivity} from pid 1310
W/ActivityManager(  372): Activity pause timeout for ActivityRecord{b3476408 u0 com.vox.mosippro/com.vx.ui.contacts.ContactsDetailsActivity t4}
W/ActivityManager(  372): Launch timeout has expired, giving up wake lock!
D/AndroidRuntime( 1310): Shutting down VM
D/dalvikvm( 1310): GC_CONCURRENT freed 98K, 15% free 589K/692K, paused 3ms+2ms, total 13ms
D/AndroidRuntime( 1320): 
D/AndroidRuntime( 1320): >>>>>> AndroidRuntime START com.android.internal.os.RuntimeInit <<<<<<
D/AndroidRuntime( 1320): CheckJNI is ON
D/dalvikvm( 1320): Trying to load lib libjavacore.so 0x0
D/dalvikvm( 1320): Added shared lib libjavacore.so 0x0
D/dalvikvm( 1320): Trying to load lib libnativehelper.so 0x0
D/dalvikvm( 1320): Added shared lib libnativehelper.so 0x0
D/dalvikvm( 1320): No JNI_OnLoad found in libnativehelper.so 0x0, skipping init
D/dalvikvm( 1320): Note: class Landroid/app/ActivityManagerNative; has 179 unimplemented (abstract) methods
E/memtrack( 1320): Couldn't load memtrack module (No such file or directory)
E/android.os.Debug( 1320): failed to load memtrack module: -2
D/AndroidRuntime( 1320): Calling main entry com.android.commands.am.Am
I/ActivityManager(  372): START u0 {act=android.intent.action.MAIN cat=[android.intent.category.LAUNCHER] flg=0x10000000 cmp=com.vox.mosippro/com.vx.ui.recents.RecentDetailsActivity} from pid 1320
W/ActivityManager(  372): Activity pause timeout for ActivityRecord{b3240080 u0 com.vox.mosippro/com.vx.ui.recents.RecentsActivity t4}
W/ActivityManager(  372): Launch timeout has expired, giving up wake lock!
D/AndroidRuntime( 1320): Shutting down VM
D/dalvikvm( 1320): GC_CONCURRENT freed 98K, 15% free 589K/692K, paused 3ms+2ms, total 13ms
D/AndroidRuntime( 1330): 
D/AndroidRuntime( 1330): >>>>>> AndroidRuntime START com.android.internal.os.RuntimeInit <<<<<<
D/AndroidRuntime( 1330): CheckJNI is ON
D/dalvikvm( 1330): Trying to load lib libjavacore.so 0x0
D/dalvikvm( 1330): Added shared lib libjavacore.so 0x0
D/dalvikvm( 1330): Trying to load lib libnativehelper.so 0x0
D/dalvikvm( 1330): Added shared lib libnativehelper.so 0x0
D/dalvikvm( 1330): No JNI_OnLoad found in libnativehelper.so 0x0, skipping init
D/dalvikvm( 1330): Note: class Landroid/app/ActivityManagerNative; has 179 unimplemented (abstract) methods
E/memtrack( 1330): Couldn't load memtrack module (No such file or directory)
E/android.os.Debug( 1330): failed to load memtrack module: -2
D/AndroidRuntime( 1330): Calling main entry com.android.commands.am.Am
I/ActivityManager(  372): START u0 {act=android.intent.action.MAIN cat=[android.intent.category.LAUNCHER] flg=0x10000000 cmp=com.vox.mosippro/com.vx.ui.more.RecordsActivity} from pid 1330
W/ActivityManager(  372): Activity pause timeout for ActivityRecord{b31f1f60 u0 com.vox.mosippro/com.vx.ui.recents.RecentDetailsActivity t4}
W/ActivityManager(  372): Launch timeout has expired, giving up wake lock!
D/AndroidRuntime( 1330): Shutting down VM
D/dalvikvm( 1330): GC_CONCURRENT freed 98K, 15% free 589K/692K, paused 3ms+3ms, total 11ms
D/AndroidRuntime( 1344): 
D/AndroidRuntime( 1344): >>>>>> AndroidRuntime START com.android.internal.os.RuntimeInit <<<<<<
D/AndroidRuntime( 1344): CheckJNI is ON
D/dalvikvm( 1344): Trying to load lib libjavacore.so 0x0
D/dalvikvm( 1344): Added shared lib libjavacore.so 0x0
D/dalvikvm( 1344): Trying to load lib libnativehelper.so 0x0
D/dalvikvm( 1344): Added shared lib libnativehelper.so 0x0
D/dalvikvm( 1344): No JNI_OnLoad found in libnativehelper.so 0x0, skipping init
D/dalvikvm( 1344): Note: class Landroid/app/ActivityManagerNative; has 179 unimplemented (abstract) methods
E/memtrack( 1344): Couldn't load memtrack module (No such file or directory)
E/android.os.Debug( 1344): failed to load memtrack module: -2
D/AndroidRuntime( 1344): Calling main entry com.android.commands.am.Am
I/ActivityManager(  372): START u0 {act=android.intent.action.MAIN cat=[android.intent.category.LAUNCHER] flg=0x10000000 cmp=com.vox.mosippro/com.vx.ui.incall.InCallCardActivity} from pid 1344
W/ActivityManager(  372): Activity pause timeout for ActivityRecord{b2d28ee0 u0 com.vox.mosippro/com.vx.ui.more.RecordsActivity t4}
W/ActivityManager(  372): Launch timeout has expired, giving up wake lock!
D/AndroidRuntime( 1344): Shutting down VM
D/dalvikvm( 1344): GC_CONCURRENT freed 98K, 15% free 589K/692K, paused 2ms+5ms, total 15ms
D/AndroidRuntime( 1354): 
D/AndroidRuntime( 1354): >>>>>> AndroidRuntime START com.android.internal.os.RuntimeInit <<<<<<
D/AndroidRuntime( 1354): CheckJNI is ON
D/dalvikvm( 1354): Trying to load lib libjavacore.so 0x0
D/dalvikvm( 1354): Added shared lib libjavacore.so 0x0
D/dalvikvm( 1354): Trying to load lib libnativehelper.so 0x0
D/dalvikvm( 1354): Added shared lib libnativehelper.so 0x0
D/dalvikvm( 1354): No JNI_OnLoad found in libnativehelper.so 0x0, skipping init
D/dalvikvm( 1354): Note: class Landroid/app/ActivityManagerNative; has 179 unimplemented (abstract) methods
E/memtrack( 1354): Couldn't load memtrack module (No such file or directory)
E/android.os.Debug( 1354): failed to load memtrack module: -2
D/AndroidRuntime( 1354): Calling main entry com.android.commands.am.Am
I/ActivityManager(  372): START u0 {act=android.intent.action.MAIN cat=[android.intent.category.LAUNCHER] flg=0x10000000 cmp=com.vox.mosippro/com.vx.ui.incall.InCallConference} from pid 1354
W/ActivityManager(  372): Activity pause timeout for ActivityRecord{b2f29888 u0 com.vox.mosippro/com.vx.ui.incall.InCallCardActivity t4}
W/ActivityManager(  372): Launch timeout has expired, giving up wake lock!
D/AndroidRuntime( 1354): Shutting down VM
D/dalvikvm( 1354): GC_CONCURRENT freed 98K, 15% free 589K/692K, paused 3ms+2ms, total 11ms
D/AndroidRuntime( 1364): 
D/AndroidRuntime( 1364): >>>>>> AndroidRuntime START com.android.internal.os.RuntimeInit <<<<<<
D/AndroidRuntime( 1364): CheckJNI is ON
D/dalvikvm( 1364): Trying to load lib libjavacore.so 0x0
D/dalvikvm( 1364): Added shared lib libjavacore.so 0x0
D/dalvikvm( 1364): Trying to load lib libnativehelper.so 0x0
D/dalvikvm( 1364): Added shared lib libnativehelper.so 0x0
D/dalvikvm( 1364): No JNI_OnLoad found in libnativehelper.so 0x0, skipping init
D/dalvikvm( 1364): Note: class Landroid/app/ActivityManagerNative; has 179 unimplemented (abstract) methods
E/memtrack( 1364): Couldn't load memtrack module (No such file or directory)
E/android.os.Debug( 1364): failed to load memtrack module: -2
D/AndroidRuntime( 1364): Calling main entry com.android.commands.am.Am
D/AndroidRuntime( 1364): Shutting down VM
D/dalvikvm( 1364): GC_CONCURRENT freed 97K, 15% free 585K/684K, paused 3ms+2ms, total 14ms
D/AndroidRuntime( 1374): 
D/AndroidRuntime( 1374): >>>>>> AndroidRuntime START com.android.internal.os.RuntimeInit <<<<<<
D/AndroidRuntime( 1374): CheckJNI is ON
D/dalvikvm( 1374): Trying to load lib libjavacore.so 0x0
D/dalvikvm( 1374): Added shared lib libjavacore.so 0x0
D/dalvikvm( 1374): Trying to load lib libnativehelper.so 0x0
D/dalvikvm( 1374): Added shared lib libnativehelper.so 0x0
D/dalvikvm( 1374): No JNI_OnLoad found in libnativehelper.so 0x0, skipping init
D/dalvikvm( 1374): Note: class Landroid/app/ActivityManagerNative; has 179 unimplemented (abstract) methods
E/memtrack( 1374): Couldn't load memtrack module (No such file or directory)
E/android.os.Debug( 1374): failed to load memtrack module: -2
D/AndroidRuntime( 1374): Calling main entry com.android.commands.am.Am
I/ActivityManager(  372): START u0 {act=android.intent.action.MAIN cat=[android.intent.category.LAUNCHER] flg=0x10000000 cmp=com.vox.mosippro/com.vx.ui.SplashActivity} from pid 1374
